<![CDATA[
]]><xtc-scenario name="[0-1032]CareerBuilder_Search.DroidFeatureTests.JDPTests.ApplyButtonShowsExternalApplyTextForExternalApply" id="[0-1032]CareerBuilder_Search.DroidFeatureTests.JDPTests.ApplyButtonShowsExternalApplyTextForExternalApply"><![CDATA[

]]><xtc-step name="[0-1032]CareerBuilder_Search.DroidFeatureTests.JDPTests.ApplyButtonShowsExternalApplyTextForExternalApply-ApplyButtonShowsExternalApplyTextForExternalApply" id="[0-1032]CareerBuilder_Search.DroidFeatureTests.JDPTests.ApplyButtonShowsExternalApplyTextForExternalApply-ApplyButtonShowsExternalApplyTextForExternalApply"><![CDATA[
D/AndroidRuntime( 8078): >>>>>> START com.android.internal.os.RuntimeInit uid 2000 <<<<<<
D/AndroidRuntime( 8078): CheckJNI is OFF
D/ICU     ( 8078): No timezone override file found: /data/misc/zoneinfo/current/icu/icu_tzdata.dat
I/Radio-JNI( 8078): register_android_hardware_Radio DONE
D/AndroidRuntime( 8078): Calling main entry com.android.commands.pm.Pm
W/MessageQueue( 8078): Handler (android.os.Handler) {b61f23a} sending message to a Handler on a dead thread
W/MessageQueue( 8078): java.lang.IllegalStateException: Handler (android.os.Handler) {b61f23a} sending message to a Handler on a dead thread
W/MessageQueue( 8078): 	at android.os.MessageQueue.enqueueMessage(MessageQueue.java:543)
W/MessageQueue( 8078): 	at android.os.Handler.enqueueMessage(Handler.java:643)
W/MessageQueue( 8078): 	at android.os.Handler.sendMessageAtTime(Handler.java:612)
W/MessageQueue( 8078): 	at android.os.Handler.sendMessageDelayed(Handler.java:582)
W/MessageQueue( 8078): 	at android.os.Handler.post(Handler.java:338)
W/MessageQueue( 8078): 	at android.os.ResultReceiver$MyResultReceiver.send(ResultReceiver.java:57)
W/MessageQueue( 8078): 	at com.android.internal.os.IResultReceiver$Stub.onTransact(IResultReceiver.java:58)
W/MessageQueue( 8078): 	at android.os.Binder.execTransact(Binder.java:565)
I/art     ( 8078): System.exit called, status: 0
I/AndroidRuntime( 8078): VM exiting with result code 0.
D/AndroidRuntime( 8202): >>>>>> START com.android.internal.os.RuntimeInit uid 2000 <<<<<<
D/AndroidRuntime( 8202): CheckJNI is OFF
D/ICU     ( 8202): No timezone override file found: /data/misc/zoneinfo/current/icu/icu_tzdata.dat
I/Radio-JNI( 8202): register_android_hardware_Radio DONE
D/AndroidRuntime( 8202): Calling main entry com.android.commands.am.Am
W/ActivityManager( 1108): Invalid packageName: com.careerbuilder.SugarDrone
D/AndroidRuntime( 8202): Shutting down VM
I/ActivityManager( 1108): Killing 5773:com.google.android.apps.docs/u0a52 (adj 906): empty #17
I/ActivityManager( 1108): Killing 5757:com.android.musicfx/u0a29 (adj 906): empty #18
I/ActivityManager( 1108): Killing 6893:com.google.process.gapps/u0a56 (adj 906): empty #19
D/AndroidRuntime( 8667): >>>>>> START com.android.internal.os.RuntimeInit uid 2000 <<<<<<
D/AndroidRuntime( 8667): CheckJNI is OFF
D/ICU     ( 8667): No timezone override file found: /data/misc/zoneinfo/current/icu/icu_tzdata.dat
I/Radio-JNI( 8667): register_android_hardware_Radio DONE
D/AndroidRuntime( 8667): Calling main entry com.android.commands.pm.Pm
I/        (  511): free_cache(71725114) avail 10790768640
I/PackageManager.DexOptimizer( 1108): Running dexopt (dex2oat) on: /data/app/vmdl28990192.tmp/base.apk pkg=com.careerbuilder.SugarDrone isa=arm vmSafeMode=false debuggable=true target-filter=interpret-only oatDir = /data/app/vmdl28990192.tmp/oat sharedLibraries=null
I/dex2oat ( 8724): /system/bin/dex2oat --compiler-filter=interpret-only -j4 --debuggable
W/dex2oat ( 8724): Before Android 4.1, method android.graphics.PorterDuffColorFilter android.support.graphics.drawable.VectorDrawableCompat.updateTintFilter(android.graphics.PorterDuffColorFilter, android.content.res.ColorStateList, android.graphics.PorterDuff$Mode) would have incorrectly overridden the package-private method in android.graphics.drawable.Drawable
W/dex2oat ( 8724): Before Android 4.1, method int android.support.v7.widget.ListViewCompat.lookForSelectablePosition(int, boolean) would have incorrectly overridden the package-private method in android.widget.ListView
I/dex2oat ( 8724): dex2oat took 2.038s (threads: 4) arena alloc=7KB (7856B) java alloc=4MB (5053880B) native alloc=6MB (7301696B) free=2MB (2659776B)
W/PackageManager( 1108): Not granting permission android.permission.MANAGE_DOCUMENTS to package com.careerbuilder.SugarDrone (protectionLevel=2 flags=0x3808be46)
W/PackageManager( 1108): Not granting permission android.permission.MOUNT_UNMOUNT_FILESYSTEMS to package com.careerbuilder.SugarDrone (protectionLevel=18 flags=0x3808be46)
V/BackupManagerService( 1108): restoreAtInstall pkg=com.careerbuilder.SugarDrone token=5 restoreSet=0
V/BackupManagerService( 1108): Finishing install immediately
I/art     ( 1108): Starting a blocking GC Explicit
I/art     ( 1108): Explicit concurrent mark sweep GC freed 119678(6MB) AllocSpace objects, 20(1152KB) LOS objects, 33% free, 16MB/24MB, paused 1.554ms total 116.506ms
E/        (  511): Couldn't opendir /data/app/vmdl28990192.tmp: No such file or directory
I/ActivityManager( 1108): Start proc 8771:com.android.musicfx/u0a29 for broadcast com.android.musicfx/.Compatibility$Receiver
W/ActivityManager( 1108): Permission Denial: Accessing service ComponentInfo{com.google.android.music/com.google.android.music.dial.DialMediaRouteProviderService} from pid=5333, uid=10085 that is not exported from uid 10071
I/InputReader( 1108): Reconfiguring input devices.  changes=0x00000010
I/art     ( 8667): System.exit called, status: 0
I/AndroidRuntime( 8667): VM exiting with result code 0.
D/CarrierSvcBindHelper( 3265): No carrier app for: 0
D/CarrierConfigLoader( 3265): mHandler: 9 phoneId: 0
D/RegisteredNfcFServicesCache( 4193): Service unchanged, not updating
W/System  ( 8771): ClassLoader referenced unknown path: /system/priv-app/MusicFX/lib/arm64
I/ActivityManager( 1108): Start proc 8792:com.android.vending/u0a30 for broadcast com.android.vending/com.google.android.finsky.receivers.PackageMonitorReceiver$RegisteredReceiver
W/System  ( 8792): ClassLoader referenced unknown path: /system/priv-app/Phonesky/lib/arm64
W/Finsky  ( 8792): [1] com.google.android.finsky.FinskyApp.i(1468): No account configured on this device.
W/Finsky  ( 8792): [1] com.google.android.finsky.FinskyApp.i(1468): No account configured on this device.
W/Finsky  ( 8792): [1] com.google.android.finsky.FinskyApp.i(1468): No account configured on this device.
W/Finsky  ( 8792): [1] com.google.android.finsky.FinskyApp.i(1468): No account configured on this device.
I/Finsky  ( 8792): [1] com.google.android.finsky.FinskyApp.onCreate(430): Initializing network with DFE https://android.clients.google.com/fdfe/
W/Finsky  ( 8792): [1] com.google.android.finsky.FinskyApp.i(1468): No account configured on this device.
W/Finsky  ( 8792): [1] com.google.android.finsky.FinskyApp.i(1468): No account configured on this device.
W/Finsky  ( 8792): [1] com.google.android.finsky.FinskyApp.i(1468): No account configured on this device.
W/Finsky  ( 8792): [1] com.google.android.finsky.FinskyApp.i(1468): No account configured on this device.
W/Finsky  ( 8792): [1] com.google.android.finsky.FinskyApp.i(1468): No account configured on this device.
W/Finsky  ( 8792): [1] com.google.android.finsky.FinskyApp.i(1468): No account configured on this device.
W/Finsky  ( 8792): [1] com.google.android.finsky.FinskyApp.i(1468): No account configured on this device.
W/Finsky  ( 8792): [1] com.google.android.finsky.FinskyApp.i(1468): No account configured on this device.
W/Finsky  ( 8792): [1] com.google.android.finsky.FinskyApp.i(1468): No account configured on this device.
I/Finsky  ( 8792): [1] com.google.android.finsky.services.DailyHygiene.a(171): No need to run daily hygiene.
W/Finsky  ( 8792): [1] com.google.android.finsky.FinskyApp.i(1468): No account configured on this device.
W/Settings( 8792): Setting download_manager_max_bytes_over_mobile has moved from android.provider.Settings.Secure to android.provider.Settings.Global.
W/Settings( 8792): Setting download_manager_recommended_max_bytes_over_mobile has moved from android.provider.Settings.Secure to android.provider.Settings.Global.
W/Finsky  ( 8792): [1] com.google.android.finsky.FinskyApp.i(1468): No account configured on this device.
W/Finsky  ( 8792): [1] com.google.android.finsky.FinskyApp.i(1468): No account configured on this device.
W/Finsky  ( 8792): [1] com.google.android.finsky.FinskyApp.i(1468): No account configured on this device.
W/Finsky  ( 8792): [1] com.google.android.finsky.FinskyApp.i(1468): No account configured on this device.
W/Finsky  ( 8792): [1] com.google.android.finsky.FinskyApp.i(1468): No account configured on this device.
W/Finsky  ( 8792): [1] com.google.android.finsky.FinskyApp.b(1150): No account configured on this device.
W/Finsky  ( 8792): [1] com.google.android.finsky.FinskyApp.i(1468): No account configured on this device.
I/ActivityManager( 1108): Start proc 8847:com.google.android.apps.docs/u0a52 for broadcast com.google.android.apps.docs/.receivers.AppPackageAddRemoveReceiver
W/Finsky  ( 8792): [376] com.google.android.finsky.FinskyApp.i(1468): No account configured on this device.
W/System  ( 8847): ClassLoader referenced unknown path: /system/app/Drive/lib/arm64
I/Finsky  ( 8792): [1] com.google.android.finsky.receivers.j.a(1226): Installer kick - no action, not running yet
I/Finsky  ( 8792): [1] com.google.android.finsky.utils.PermissionPolicies$PermissionPolicyService.onStartCommand(117): post-install permissions check for com.careerbuilder.SugarDrone
W/Finsky  ( 8792): [1] com.google.android.finsky.FinskyApp.i(1468): No account configured on this device.
I/Finsky  ( 8792): [1] com.google.android.finsky.utils.bh.run(2302): Package state data is missing for com.careerbuilder.SugarDrone
W/Finsky  ( 8792): [1] com.google.android.finsky.FinskyApp.i(1468): No account configured on this device.
I/Finsky  ( 8792): [1] com.google.android.finsky.c.l.a(270): result=false type=4
D/AndroidRuntime( 8813): >>>>>> START com.android.internal.os.RuntimeInit uid 2000 <<<<<<
D/AndroidRuntime( 8813): CheckJNI is OFF
I/Finsky  ( 8792): [1] com.google.android.finsky.services.bc.a(1050): Restore complete with 0 success and 0 failed.
W/Finsky  ( 8792): [376] com.google.android.finsky.FinskyApp.i(1468): No account configured on this device.
D/ICU     ( 8813): No timezone override file found: /data/misc/zoneinfo/current/icu/icu_tzdata.dat
I/GAv4    ( 8847): Google Analytics 8.4.87 is starting up. To enable debug logging on a device run:
I/GAv4    ( 8847):   adb shell setprop log.tag.GAv4 DEBUG
I/GAv4    ( 8847):   adb logcat -s GAv4
I/Radio-JNI( 8813): register_android_hardware_Radio DONE
D/AndroidRuntime( 8813): Calling main entry com.android.commands.settings.SettingsCmd
W/GAv4    ( 8847): AnalyticsReceiver is not registered or is disabled. Register the receiver for reliable dispatching on non-Google Play devices. See http://goo.gl/8Rd3yj for instructions.
D/AndroidRuntime( 8813): Shutting down VM
W/art     ( 8813): Thread attaching while runtime is shutting down: Binder:8813_1
I/AndroidRuntime( 8813): NOTE: attach of thread 'Binder:8813_1' failed
W/GAv4    ( 8847): CampaignTrackingReceiver is not registered, not exported or is disabled. Installation campaign tracking is not possible. See http://goo.gl/8Rd3yj for instructions.
W/GAv4    ( 8847): AnalyticsService not registered in the app manifest. Hits might not be delivered reliably. See http://goo.gl/8Rd3yj for instructions.
I/ActivityManager( 1108): Killing 4427:com.google.android.partnersetup/u0a25 (adj 906): empty #17
I/ActivityManager( 1108): Start proc 8908:com.google.android.partnersetup/u0a25 for broadcast com.google.android.partnersetup/.RlzPingBroadcastReceiver
I/UpdateIcingCorporaServi( 5823): Updating corpora: APPS=com.careerbuilder.SugarDrone, CONTACTS=MAYBE
I/PeopleContactsSync( 4520): triggerPendingContactsCleanup: no accounts
D/Wear_Controller( 4520): Received broadcast action=android.intent.action.PACKAGE_ADDED and uri=com.careerbuilder.SugarDrone
W/System  ( 8908): ClassLoader referenced unknown path: /system/priv-app/GooglePartnerSetup/lib/arm64
W/IcingInternalCorpora( 4520): getNumBytesRead when not calculated.
I/Icing   ( 4520): Usage reports 0 indexed 0 rejected 0 imm upload false
D/AndroidRuntime( 8889): >>>>>> START com.android.internal.os.RuntimeInit uid 2000 <<<<<<
D/AndroidRuntime( 8889): CheckJNI is OFF
I/UpdateIcingCorporaServi( 5823): UpdateCorporaTask done [took 406 ms] updated apps [took 406 ms] 
I/Icing   ( 4520): Usage reports 0 indexed 0 rejected 0 imm upload true
D/ICU     ( 8889): No timezone override file found: /data/misc/zoneinfo/current/icu/icu_tzdata.dat
I/Icing   ( 4520): Usage reports 0 indexed 0 rejected 0 imm upload false
I/Radio-JNI( 8889): register_android_hardware_Radio DONE
D/AndroidRuntime( 8889): Calling main entry com.android.commands.settings.SettingsCmd
D/AndroidRuntime( 8889): Shutting down VM
D/AndroidRuntime( 8949): >>>>>> START com.android.internal.os.RuntimeInit uid 2000 <<<<<<
D/AndroidRuntime( 8949): CheckJNI is OFF
D/ICU     ( 8949): No timezone override file found: /data/misc/zoneinfo/current/icu/icu_tzdata.dat
I/Radio-JNI( 8949): register_android_hardware_Radio DONE
D/AndroidRuntime( 8949): Calling main entry com.android.commands.settings.SettingsCmd
D/AndroidRuntime( 8949): Shutting down VM
I/Icing   ( 4520): Indexing C2CE3B9D8B360B0C5A25C2BEF223F6CB5449AD6A from com.google.android.googlequicksearchbox
I/Icing   ( 4520): Indexing done C2CE3B9D8B360B0C5A25C2BEF223F6CB5449AD6A
I/Icing   ( 4520): Indexing AB6E3D00885C5CBD00E6A1959F599F05594069D7 from com.google.android.gms
I/Icing   ( 4520): Indexing done AB6E3D00885C5CBD00E6A1959F599F05594069D7
D/AndroidRuntime( 8975): >>>>>> START com.android.internal.os.RuntimeInit uid 2000 <<<<<<
D/AndroidRuntime( 8975): CheckJNI is OFF
D/ICU     ( 8975): No timezone override file found: /data/misc/zoneinfo/current/icu/icu_tzdata.dat
I/Radio-JNI( 8975): register_android_hardware_Radio DONE
D/AndroidRuntime( 8975): Calling main entry com.android.commands.settings.SettingsCmd
D/AndroidRuntime( 8975): Shutting down VM
D/AndroidRuntime( 8999): >>>>>> START com.android.internal.os.RuntimeInit uid 2000 <<<<<<
D/AndroidRuntime( 8999): CheckJNI is OFF
D/ICU     ( 8999): No timezone override file found: /data/misc/zoneinfo/current/icu/icu_tzdata.dat
I/Radio-JNI( 8999): register_android_hardware_Radio DONE
D/AndroidRuntime( 8999): Calling main entry com.android.commands.settings.SettingsCmd
D/AndroidRuntime( 8999): Shutting down VM
D/AndroidRuntime( 9031): >>>>>> START com.android.internal.os.RuntimeInit uid 2000 <<<<<<
D/AndroidRuntime( 9031): CheckJNI is OFF
D/ICU     ( 9031): No timezone override file found: /data/misc/zoneinfo/current/icu/icu_tzdata.dat
I/Radio-JNI( 9031): register_android_hardware_Radio DONE
D/AndroidRuntime( 9031): Calling main entry com.android.commands.pm.Pm
W/MessageQueue( 9031): Handler (android.os.Handler) {b1a5cb6} sending message to a Handler on a dead thread
W/MessageQueue( 9031): java.lang.IllegalStateException: Handler (android.os.Handler) {b1a5cb6} sending message to a Handler on a dead thread
W/MessageQueue( 9031): 	at android.os.MessageQueue.enqueueMessage(MessageQueue.java:543)
W/MessageQueue( 9031): 	at android.os.Handler.enqueueMessage(Handler.java:643)
W/MessageQueue( 9031): 	at android.os.Handler.sendMessageAtTime(Handler.java:612)
W/MessageQueue( 9031): 	at android.os.Handler.sendMessageDelayed(Handler.java:582)
W/MessageQueue( 9031): 	at android.os.Handler.post(Handler.java:338)
W/MessageQueue( 9031): 	at android.os.ResultReceiver$MyResultReceiver.send(ResultReceiver.java:57)
W/MessageQueue( 9031): 	at com.android.internal.os.IResultReceiver$Stub.onTransact(IResultReceiver.java:58)
W/MessageQueue( 9031): 	at android.os.Binder.execTransact(Binder.java:565)
I/art     ( 9031): System.exit called, status: 0
I/AndroidRuntime( 9031): VM exiting with result code 0.
I/rmt_storage(  398): rmt_storage_connect_cb: clnt_h=0xc conn_h=0x7a9442a210
I/rmt_storage(  398): rmt_storage_rw_iovec_cb: /boot/modem_fs1: clnt_h=0x3: req_h=0xc msg_id=3: R/W request received
I/rmt_storage(  398): wakelock acquired: 1, error no: 42
I/rmt_storage(  398): rmt_storage_client_thread: /boot/modem_fs1: clnt_h=0x3 Unblock worker thread (th_id: 526471525456)
I/rmt_storage(  398): rmt_storage_client_thread: /boot/modem_fs1: clnt_h=0x3: req_h=0xc msg_id=3: Bytes written = 1572864
I/rmt_storage(  398): rmt_storage_client_thread: /boot/modem_fs1: clnt_h=0x3: req_h=0xc msg_id=3: Send response: res=0 err=0
I/rmt_storage(  398): rmt_storage_client_thread: /boot/modem_fs1: clnt_h=0x3 About to block rmt_storage client thread (th_id: 526471525456) wakelock released: 1, error no: 22
I/rmt_storage(  398): 
I/rmt_storage(  398): rmt_storage_disconnect_cb: clnt_h=0xc conn_h=0x7a9442a210
D/AndroidRuntime( 9089): >>>>>> START com.android.internal.os.RuntimeInit uid 2000 <<<<<<
D/AndroidRuntime( 9089): CheckJNI is OFF
D/ICU     ( 9089): No timezone override file found: /data/misc/zoneinfo/current/icu/icu_tzdata.dat
I/Radio-JNI( 9089): register_android_hardware_Radio DONE
D/AndroidRuntime( 9089): Calling main entry com.android.commands.pm.Pm
W/MessageQueue( 9089): Handler (android.os.Handler) {dfe356d} sending message to a Handler on a dead thread
W/MessageQueue( 9089): java.lang.IllegalStateException: Handler (android.os.Handler) {dfe356d} sending message to a Handler on a dead thread
W/MessageQueue( 9089): 	at android.os.MessageQueue.enqueueMessage(MessageQueue.java:543)
W/MessageQueue( 9089): 	at android.os.Handler.enqueueMessage(Handler.java:643)
W/MessageQueue( 9089): 	at android.os.Handler.sendMessageAtTime(Handler.java:612)
W/MessageQueue( 9089): 	at android.os.Handler.sendMessageDelayed(Handler.java:582)
W/MessageQueue( 9089): 	at android.os.Handler.post(Handler.java:338)
W/MessageQueue( 9089): 	at android.os.ResultReceiver$MyResultReceiver.send(ResultReceiver.java:57)
W/MessageQueue( 9089): 	at com.android.internal.os.IResultReceiver$Stub.onTransact(IResultReceiver.java:58)
W/MessageQueue( 9089): 	at android.os.Binder.execTransact(Binder.java:565)
I/art     ( 9089): System.exit called, status: 0
I/AndroidRuntime( 9089): VM exiting with result code 0.
D/AndroidRuntime( 9171): >>>>>> START com.android.internal.os.RuntimeInit uid 2000 <<<<<<
D/AndroidRuntime( 9171): CheckJNI is OFF
D/ICU     ( 9171): No timezone override file found: /data/misc/zoneinfo/current/icu/icu_tzdata.dat
I/Radio-JNI( 9171): register_android_hardware_Radio DONE
D/AndroidRuntime( 9171): Calling main entry com.android.commands.am.Am
W/ActivityManager( 1108): Invalid packageName: com.careerbuilder.SugarDrone.test
D/AndroidRuntime( 9171): Shutting down VM
D/AndroidRuntime( 9203): >>>>>> START com.android.internal.os.RuntimeInit uid 2000 <<<<<<
D/AndroidRuntime( 9203): CheckJNI is OFF
D/ICU     ( 9203): No timezone override file found: /data/misc/zoneinfo/current/icu/icu_tzdata.dat
I/Radio-JNI( 9203): register_android_hardware_Radio DONE
D/AndroidRuntime( 9203): Calling main entry com.android.commands.pm.Pm
I/        (  511): free_cache(609973) avail 10778845184
I/PackageManager.DexOptimizer( 1108): Running dexopt (dex2oat) on: /data/app/vmdl882298457.tmp/base.apk pkg=com.careerbuilder.SugarDrone.test isa=arm64 vmSafeMode=false debuggable=false target-filter=interpret-only oatDir = /data/app/vmdl882298457.tmp/oat sharedLibraries=/system/framework/android.test.runner.jar:/system/framework/com.google.android.maps.jar
I/dex2oat ( 9232): /system/bin/dex2oat --compiler-filter=interpret-only -j4
I/dex2oat ( 9232): dex2oat took 647.939ms (threads: 4) arena alloc=57KB (58920B) java alloc=2MB (2258104B) native alloc=2MB (2694456B) free=2MB (2548424B)
W/PackageManager( 1108): Not granting permission android.permission.ACCESS_MOCK_LOCATION to package com.careerbuilder.SugarDrone.test (protectionLevel=2 flags=0x1800be44)
V/BackupManagerService( 1108): restoreAtInstall pkg=com.careerbuilder.SugarDrone.test token=6 restoreSet=0
V/BackupManagerService( 1108): Finishing install immediately
I/art     ( 1108): Starting a blocking GC Explicit
I/art     ( 1108): Explicit concurrent mark sweep GC freed 65255(4MB) AllocSpace objects, 61(3MB) LOS objects, 33% free, 16MB/24MB, paused 1.536ms total 100.762ms
E/        (  511): Couldn't opendir /data/app/vmdl882298457.tmp: No such file or directory
W/ActivityManager( 1108): Permission Denial: Accessing service ComponentInfo{com.google.android.music/com.google.android.music.dial.DialMediaRouteProviderService} from pid=5333, uid=10085 that is not exported from uid 10071
I/InputReader( 1108): Reconfiguring input devices.  changes=0x00000010
I/art     ( 9203): System.exit called, status: 0
I/AndroidRuntime( 9203): VM exiting with result code 0.
D/CarrierSvcBindHelper( 3265): No carrier app for: 0
D/CarrierConfigLoader( 3265): mHandler: 9 phoneId: 0
D/RegisteredNfcFServicesCache( 4193): Service unchanged, not updating
I/Finsky  ( 8792): [1] com.google.android.finsky.utils.PermissionPolicies$PermissionPolicyService.onStartCommand(117): post-install permissions check for com.careerbuilder.SugarDrone.test
W/Finsky  ( 8792): [1] com.google.android.finsky.FinskyApp.i(1468): No account configured on this device.
I/Finsky  ( 8792): [1] com.google.android.finsky.utils.bh.run(2302): Package state data is missing for com.careerbuilder.SugarDrone.test
W/Finsky  ( 8792): [1] com.google.android.finsky.FinskyApp.i(1468): No account configured on this device.
I/UpdateIcingCorporaServi( 5823): Updating corpora: APPS=com.careerbuilder.SugarDrone.test, CONTACTS=MAYBE
I/UpdateIcingCorporaServi( 5823): UpdateCorporaTask done [took 96 ms] updated apps [took 96 ms] 
D/Wear_Controller( 4520): Received broadcast action=android.intent.action.PACKAGE_ADDED and uri=com.careerbuilder.SugarDrone.test
I/PeopleContactsSync( 4520): triggerPendingContactsCleanup: no accounts
W/IcingInternalCorpora( 4520): getNumBytesRead when not calculated.
I/Icing   ( 4520): Usage reports 0 indexed 0 rejected 0 imm upload false
I/Icing   ( 4520): Usage reports 0 indexed 0 rejected 0 imm upload false
V/JNIHelp ( 8847): Registering com/google/android/gms/org/conscrypt/NativeCrypto's 242 native methods...
D/NetworkSecurityConfig( 8847): No Network Security Config specified, using platform default
I/ProviderInstaller( 8847): Installed default security provider GmsCore_OpenSSL
D/AndroidRuntime( 9276): >>>>>> START com.android.internal.os.RuntimeInit uid 2000 <<<<<<
D/AndroidRuntime( 9276): CheckJNI is OFF
D/ICU     ( 9276): No timezone override file found: /data/misc/zoneinfo/current/icu/icu_tzdata.dat
I/Radio-JNI( 9276): register_android_hardware_Radio DONE
D/AndroidRuntime( 9276): Calling main entry com.android.commands.settings.SettingsCmd
D/AndroidRuntime( 9276): Shutting down VM
I/Icing   ( 4520): Indexing AB6E3D00885C5CBD00E6A1959F599F05594069D7 from com.google.android.gms
I/Icing   ( 4520): Indexing done AB6E3D00885C5CBD00E6A1959F599F05594069D7
D/AndroidRuntime( 9307): >>>>>> START com.android.internal.os.RuntimeInit uid 2000 <<<<<<
D/AndroidRuntime( 9307): CheckJNI is OFF
D/ICU     ( 9307): No timezone override file found: /data/misc/zoneinfo/current/icu/icu_tzdata.dat
I/Radio-JNI( 9307): register_android_hardware_Radio DONE
D/AndroidRuntime( 9307): Calling main entry com.android.commands.settings.SettingsCmd
D/AndroidRuntime( 9307): Shutting down VM
D/AndroidRuntime( 9335): >>>>>> START com.android.internal.os.RuntimeInit uid 2000 <<<<<<
D/AndroidRuntime( 9335): CheckJNI is OFF
D/ICU     ( 9335): No timezone override file found: /data/misc/zoneinfo/current/icu/icu_tzdata.dat
I/Radio-JNI( 9335): register_android_hardware_Radio DONE
D/AndroidRuntime( 9335): Calling main entry com.android.commands.settings.SettingsCmd
D/AndroidRuntime( 9335): Shutting down VM
D/AndroidRuntime( 9361): >>>>>> START com.android.internal.os.RuntimeInit uid 2000 <<<<<<
D/AndroidRuntime( 9361): CheckJNI is OFF
D/ICU     ( 9361): No timezone override file found: /data/misc/zoneinfo/current/icu/icu_tzdata.dat
I/Radio-JNI( 9361): register_android_hardware_Radio DONE
D/AndroidRuntime( 9361): Calling main entry com.android.commands.settings.SettingsCmd
D/AndroidRuntime( 9361): Shutting down VM
D/AndroidRuntime( 9385): >>>>>> START com.android.internal.os.RuntimeInit uid 2000 <<<<<<
D/AndroidRuntime( 9385): CheckJNI is OFF
D/ICU     ( 9385): No timezone override file found: /data/misc/zoneinfo/current/icu/icu_tzdata.dat
I/Radio-JNI( 9385): register_android_hardware_Radio DONE
D/AndroidRuntime( 9385): Calling main entry com.android.commands.settings.SettingsCmd
D/AndroidRuntime( 9385): Shutting down VM
D/AndroidRuntime( 9418): >>>>>> START com.android.internal.os.RuntimeInit uid 2000 <<<<<<
D/AndroidRuntime( 9418): CheckJNI is OFF
D/ICU     ( 9418): No timezone override file found: /data/misc/zoneinfo/current/icu/icu_tzdata.dat
I/Radio-JNI( 9418): register_android_hardware_Radio DONE
D/AndroidRuntime( 9418): Calling main entry com.android.commands.pm.Pm
I/art     ( 9418): System.exit called, status: 0
I/AndroidRuntime( 9418): VM exiting with result code 0.
W/MessageQueue( 9418): Handler (android.os.Handler) {24b07cf} sending message to a Handler on a dead thread
W/MessageQueue( 9418): java.lang.IllegalStateException: Handler (android.os.Handler) {24b07cf} sending message to a Handler on a dead thread
W/MessageQueue( 9418): 	at android.os.MessageQueue.enqueueMessage(MessageQueue.java:543)
W/MessageQueue( 9418): 	at android.os.Handler.enqueueMessage(Handler.java:643)
W/MessageQueue( 9418): 	at android.os.Handler.sendMessageAtTime(Handler.java:612)
W/MessageQueue( 9418): 	at android.os.Handler.sendMessageDelayed(Handler.java:582)
W/MessageQueue( 9418): 	at android.os.Handler.post(Handler.java:338)
W/MessageQueue( 9418): 	at android.os.ResultReceiver$MyResultReceiver.send(ResultReceiver.java:57)
W/MessageQueue( 9418): 	at com.android.internal.os.IResultReceiver$Stub.onTransact(IResultReceiver.java:58)
W/MessageQueue( 9418): 	at android.os.Binder.execTransact(Binder.java:565)
E/NetdConnector( 1108): NDC event {613 IfaceClass active 1 257791900316 0} took too long: 579ms
D/AndroidRuntime( 9475): >>>>>> START com.android.internal.os.RuntimeInit uid 2000 <<<<<<
D/AndroidRuntime( 9475): CheckJNI is OFF
D/ICU     ( 9475): No timezone override file found: /data/misc/zoneinfo/current/icu/icu_tzdata.dat
I/Radio-JNI( 9475): register_android_hardware_Radio DONE
D/AndroidRuntime( 9475): Calling main entry com.android.commands.pm.Pm
I/art     ( 9475): System.exit called, status: 0
I/AndroidRuntime( 9475): VM exiting with result code 0.
W/MessageQueue( 9475): Handler (android.os.Handler) {52ee086} sending message to a Handler on a dead thread
W/MessageQueue( 9475): java.lang.IllegalStateException: Handler (android.os.Handler) {52ee086} sending message to a Handler on a dead thread
W/MessageQueue( 9475): 	at android.os.MessageQueue.enqueueMessage(MessageQueue.java:543)
W/MessageQueue( 9475): 	at android.os.Handler.enqueueMessage(Handler.java:643)
W/MessageQueue( 9475): 	at android.os.Handler.sendMessageAtTime(Handler.java:612)
W/MessageQueue( 9475): 	at android.os.Handler.sendMessageDelayed(Handler.java:582)
W/MessageQueue( 9475): 	at android.os.Handler.post(Handler.java:338)
W/MessageQueue( 9475): 	at android.os.ResultReceiver$MyResultReceiver.send(ResultReceiver.java:57)
W/MessageQueue( 9475): 	at com.android.internal.os.IResultReceiver$Stub.onTransact(IResultReceiver.java:58)
W/MessageQueue( 9475): 	at android.os.Binder.execTransact(Binder.java:565)
I/ActivityManager( 1108): Killing 7449:com.google.android.gms.unstable/u0a18 (adj 906): empty #17
D/AndroidRuntime( 9552): >>>>>> START com.android.internal.os.RuntimeInit uid 2000 <<<<<<
D/AndroidRuntime( 9552): CheckJNI is OFF
D/ICU     ( 9552): No timezone override file found: /data/misc/zoneinfo/current/icu/icu_tzdata.dat
I/Radio-JNI( 9552): register_android_hardware_Radio DONE
D/AndroidRuntime( 9552): Calling main entry com.android.commands.input.Input
I/Input   ( 9552): injectKeyEvent: KeyEvent { action=ACTION_DOWN, keyCode=KEYCODE_BACK, scanCode=0, metaState=0, flags=0x0, repeatCount=0, eventTime=263071, downTime=263071, deviceId=-1, source=0x101 }
I/Input   ( 9552): injectKeyEvent: KeyEvent { action=ACTION_UP, keyCode=KEYCODE_BACK, scanCode=0, metaState=0, flags=0x0, repeatCount=0, eventTime=263071, downTime=263071, deviceId=-1, source=0x101 }
D/AndroidRuntime( 9552): Shutting down VM
D/AndroidRuntime( 9611): >>>>>> START com.android.internal.os.RuntimeInit uid 2000 <<<<<<
D/AndroidRuntime( 9611): CheckJNI is OFF
D/ICU     ( 9611): No timezone override file found: /data/misc/zoneinfo/current/icu/icu_tzdata.dat
I/Radio-JNI( 9611): register_android_hardware_Radio DONE
D/AndroidRuntime( 9611): Calling main entry com.android.commands.input.Input
I/Input   ( 9611): injectKeyEvent: KeyEvent { action=ACTION_DOWN, keyCode=KEYCODE_HOME, scanCode=0, metaState=0, flags=0x0, repeatCount=0, eventTime=264939, downTime=264939, deviceId=-1, source=0x101 }
I/Input   ( 9611): injectKeyEvent: KeyEvent { action=ACTION_UP, keyCode=KEYCODE_HOME, scanCode=0, metaState=0, flags=0x0, repeatCount=0, eventTime=264939, downTime=264939, deviceId=-1, source=0x101 }
I/ActivityManager( 1108): START u0 {act=android.intent.action.MAIN cat=[android.intent.category.HOME] flg=0x10200000 cmp=com.google.android.googlequicksearchbox/com.google.android.launcher.GEL (has extras)} from uid 1000 on display 0
I/GEL     ( 4271): handleIntent(Intent { act=android.intent.action.MAIN cat=[android.intent.category.HOME] flg=0x10200000 cmp=com.google.android.googlequicksearchbox/com.google.android.launcher.GEL (has extras) })
I/ActivityManager( 1108): Killing 5642:com.android.printspooler/u0a80 (adj 906): empty #17
D/AndroidRuntime( 9611): Shutting down VM
D/AndroidRuntime( 9649): >>>>>> START com.android.internal.os.RuntimeInit uid 2000 <<<<<<
D/AndroidRuntime( 9649): CheckJNI is OFF
D/ICU     ( 9649): No timezone override file found: /data/misc/zoneinfo/current/icu/icu_tzdata.dat
I/Radio-JNI( 9649): register_android_hardware_Radio DONE
D/AndroidRuntime( 9649): Calling main entry com.android.commands.input.Input
I/Input   ( 9649): injectKeyEvent: KeyEvent { action=ACTION_DOWN, keyCode=KEYCODE_BACK, scanCode=0, metaState=0, flags=0x0, repeatCount=0, eventTime=266346, downTime=266346, deviceId=-1, source=0x101 }
I/Input   ( 9649): injectKeyEvent: KeyEvent { action=ACTION_UP, keyCode=KEYCODE_BACK, scanCode=0, metaState=0, flags=0x0, repeatCount=0, eventTime=266346, downTime=266346, deviceId=-1, source=0x101 }
D/AndroidRuntime( 9649): Shutting down VM
W/ProcessCpuTracker( 1108): Skipping unknown process pid 9669
D/AndroidRuntime( 9681): >>>>>> START com.android.internal.os.RuntimeInit uid 2000 <<<<<<
D/AndroidRuntime( 9681): CheckJNI is OFF
W/Finsky  ( 8792): [374] com.google.android.finsky.FinskyApp.i(1468): No account configured on this device.
I/Finsky  ( 8792): [374] com.google.android.finsky.c.e.run(1151): Replicating app states via AMAS.
D/ICU     ( 9681): No timezone override file found: /data/misc/zoneinfo/current/icu/icu_tzdata.dat
I/Radio-JNI( 9681): register_android_hardware_Radio DONE
D/AndroidRuntime( 9681): Calling main entry com.android.commands.am.Am
I/ActivityManager( 1108): Force stopping com.careerbuilder.SugarDrone appid=19107 user=0: start instr
I/ActivityManager( 1108): Start proc 9709:com.careerbuilder.SugarDrone/u0a9107 for added application com.careerbuilder.SugarDrone
I/art     ( 9709): Late-enabling -Xcheck:jni
I/Finsky  ( 8792): [374] com.google.android.finsky.c.c.a(311): Completed 0 account content syncs with 0 successful.
I/Finsky  ( 8792): [1] com.google.android.finsky.services.j.a(149): Installation state replication succeeded.
W/System  ( 9709): ClassLoader referenced unknown path: /data/app/com.careerbuilder.SugarDrone.test-1/lib/arm64
W/System  ( 9709): ClassLoader referenced unknown path: 
W/monodroid( 9709): Using override path: /data/user/0/com.careerbuilder.SugarDrone/files/.__override__
W/monodroid( 9709): Trying to load sgen from: /data/user/0/com.careerbuilder.SugarDrone/files/.__override__/libmonosgen-2.0.so
W/monodroid( 9709): Trying to load sgen from: /storage/emulated/0/Android/data/com.careerbuilder.SugarDrone/files/.__override__/libmonosgen-2.0.so
W/monodroid( 9709): Trying to load sgen from: /data/app/com.careerbuilder.SugarDrone-1/lib/arm/libmonosgen-2.0.so
D/Mono    ( 9709): Image addref mscorlib[0xdd318380] -> mscorlib.dll[0xdfb77900]: 2
D/Mono    ( 9709): Prepared to set up assembly 'mscorlib' (mscorlib.dll)
D/Mono    ( 9709): AOT module 'mscorlib.dll.so' not found: dlopen failed: library "/data/app/com.careerbuilder.SugarDrone-1/lib/arm/libaot-mscorlib.dll.so" not found
D/Mono    ( 9709): AOT module '/Users/builder/data/lanes/4009/3a62f1ea/source/monodroid/builds/install/mono-armv6/lib/mono/aot-cache/arm/mscorlib.dll.so' not found: dlopen failed: library "/data/app/com.careerbuilder.SugarDrone-1/lib/arm/libaot-mscorlib.dll.so" not found
D/Mono    ( 9709): Config attempting to parse: 'mscorlib.dll.config'.
D/Mono    ( 9709): Config attempting to parse: '/Users/builder/data/lanes/4009/3a62f1ea/source/monodroid/builds/install/mono-armv6/etc/mono/assemblies/mscorlib/mscorlib.config'.
D/Mono    ( 9709): Assembly mscorlib[0xdd318380] added to domain RootDomain, ref_count=1
D/Mono    ( 9709): Image addref CareerBuilder_Search.Droid[0xdd3183e0] -> CareerBuilder_Search.Droid.dll[0xdfb78800]: 2
D/Mono    ( 9709): Prepared to set up assembly 'CareerBuilder_Search.Droid' (CareerBuilder_Search.Droid.dll)
D/Mono    ( 9709): Assembly CareerBuilder_Search.Droid[0xdd3183e0] added to domain RootDomain, ref_count=1
D/Mono    ( 9709): AOT module 'CareerBuilder_Search.Droid.dll.so' not found: dlopen failed: library "/data/app/com.careerbuilder.SugarDrone-1/lib/arm/libaot-CareerBuilder_Search.Droid.dll.so" not found
D/Mono    ( 9709): AOT module '/Users/builder/data/lanes/4009/3a62f1ea/source/monodroid/builds/install/mono-armv6/lib/mono/aot-cache/arm/CareerBuilder_Search.Droid.dll.so' not found: dlopen failed: library "/data/app/com.careerbuilder.SugarDrone-1/lib/arm/libaot-CareerBuilder_Search.Droid.dll.so" not found
D/Mono    ( 9709): Config attempting to parse: 'CareerBuilder_Search.Droid.dll.config'.
D/Mono    ( 9709): Config attempting to parse: '/Users/builder/data/lanes/4009/3a62f1ea/source/monodroid/builds/install/mono-armv6/etc/mono/assemblies/CareerBuilder_Search.Droid/CareerBuilder_Search.Droid.config'.
D/Mono    ( 9709): Image addref AppsFlyerXamarinBindingAndroid[0xdd318440] -> AppsFlyerXamarinBindingAndroid.dll[0xdfb7a100]: 2
D/Mono    ( 9709): Prepared to set up assembly 'AppsFlyerXamarinBindingAndroid' (AppsFlyerXamarinBindingAndroid.dll)
D/Mono    ( 9709): Assembly AppsFlyerXamarinBindingAndroid[0xdd318440] added to domain RootDomain, ref_count=1
D/Mono    ( 9709): AOT module 'AppsFlyerXamarinBindingAndroid.dll.so' not found: dlopen failed: library "/data/app/com.careerbuilder.SugarDrone-1/lib/arm/libaot-AppsFlyerXamarinBindingAndroid.dll.so" not found
D/Mono    ( 9709): AOT module '/Users/builder/data/lanes/4009/3a62f1ea/source/monodroid/builds/install/mono-armv6/lib/mono/aot-cache/arm/AppsFlyerXamarinBindingAndroid.dll.so' not found: dlopen failed: library "/data/app/com.careerbuilder.SugarDrone-1/lib/arm/libaot-AppsFlyerXamarinBindingAndroid.dll.so" not found
D/Mono    ( 9709): Config attempting to parse: 'AppsFlyerXamarinBindingAndroid.dll.config'.
D/Mono    ( 9709): Config attempting to parse: '/Users/builder/data/lanes/4009/3a62f1ea/source/monodroid/builds/install/mono-armv6/etc/mono/assemblies/AppsFlyerXamarinBindingAndroid/AppsFlyerXamarinBindingAndroid.config'.
D/Mono    ( 9709): Image addref HockeySDK[0xdd3184a0] -> HockeySDK.dll[0xdfb7a600]: 2
D/Mono    ( 9709): Prepared to set up assembly 'HockeySDK' (HockeySDK.dll)
D/Mono    ( 9709): Assembly HockeySDK[0xdd3184a0] added to domain RootDomain, ref_count=1
D/Mono    ( 9709): AOT module 'HockeySDK.dll.so' not found: dlopen failed: library "/data/app/com.careerbuilder.SugarDrone-1/lib/arm/libaot-HockeySDK.dll.so" not found
D/Mono    ( 9709): AOT module '/Users/builder/data/lanes/4009/3a62f1ea/source/monodroid/builds/install/mono-armv6/lib/mono/aot-cache/arm/HockeySDK.dll.so' not found: dlopen failed: library "/data/app/com.careerbuilder.SugarDrone-1/lib/arm/libaot-HockeySDK.dll.so" not found
D/Mono    ( 9709): Config attempting to parse: 'HockeySDK.dll.config'.
D/Mono    ( 9709): Config attempting to parse: '/Users/builder/data/lanes/4009/3a62f1ea/source/monodroid/builds/install/mono-armv6/etc/mono/assemblies/HockeySDK/HockeySDK.config'.
D/Mono    ( 9709): Image addref Akavache[0xdd318500] -> Akavache.dll[0xdfb7ab00]: 2
D/Mono    ( 9709): Prepared to set up assembly 'Akavache' (Akavache.dll)
D/Mono    ( 9709): Assembly Akavache[0xdd318500] added to domain RootDomain, ref_count=1
D/Mono    ( 9709): AOT module 'Akavache.dll.so' not found: dlopen failed: library "/data/app/com.careerbuilder.SugarDrone-1/lib/arm/libaot-Akavache.dll.so" not found
D/Mono    ( 9709): AOT module '/Users/builder/data/lanes/4009/3a62f1ea/source/monodroid/builds/install/mono-armv6/lib/mono/aot-cache/arm/Akavache.dll.so' not found: dlopen failed: library "/data/app/com.careerbuilder.SugarDrone-1/lib/arm/libaot-Akavache.dll.so" not found
D/Mono    ( 9709): Config attempting to parse: 'Akavache.dll.config'.
D/Mono    ( 9709): Config attempting to parse: '/Users/builder/data/lanes/4009/3a62f1ea/source/monodroid/builds/install/mono-armv6/etc/mono/assemblies/Akavache/Akavache.config'.
D/Mono    ( 9709): Image addref Akavache.Sqlite3[0xdd318560] -> Akavache.Sqlite3.dll[0xdd367000]: 2
D/Mono    ( 9709): Prepared to set up assembly 'Akavache.Sqlite3' (Akavache.Sqlite3.dll)
D/Mono    ( 9709): Assembly Akavache.Sqlite3[0xdd318560] added to domain RootDomain, ref_count=1
D/Mono    ( 9709): AOT module 'Akavache.Sqlite3.dll.so' not found: dlopen failed: library "/data/app/com.careerbuilder.SugarDrone-1/lib/arm/libaot-Akavache.Sqlite3.dll.so" not found
D/Mono    ( 9709): AOT module '/Users/builder/data/lanes/4009/3a62f1ea/source/monodroid/builds/install/mono-armv6/lib/mono/aot-cache/arm/Akavache.Sqlite3.dll.so' not found: dlopen failed: library "/data/app/com.careerbuilder.SugarDrone-1/lib/arm/libaot-Akavache.Sqlite3.dll.so" not found
W/        ( 9709): Symbol file LoadedFromMemory doesn't match image Akavache.Sqlite3.dll
D/Mono    ( 9709): Config attempting to parse: 'Akavache.Sqlite3.dll.config'.
D/Mono    ( 9709): Config attempting to parse: '/Users/builder/data/lanes/4009/3a62f1ea/source/monodroid/builds/install/mono-armv6/etc/mono/assemblies/Akavache.Sqlite3/Akavache.Sqlite3.config'.
D/Mono    ( 9709): Image addref Splat[0xdd3185c0] -> Splat.dll[0xdd367500]: 2
D/Mono    ( 9709): Prepared to set up assembly 'Splat' (Splat.dll)
D/Mono    ( 9709): Assembly Splat[0xdd3185c0] added to domain RootDomain, ref_count=1
D/Mono    ( 9709): AOT module 'Splat.dll.so' not found: dlopen failed: library "/data/app/com.careerbuilder.SugarDrone-1/lib/arm/libaot-Splat.dll.so" not found
D/Mono    ( 9709): AOT module '/Users/builder/data/lanes/4009/3a62f1ea/source/monodroid/builds/install/mono-armv6/lib/mono/aot-cache/arm/Splat.dll.so' not found: dlopen failed: library "/data/app/com.careerbuilder.SugarDrone-1/lib/arm/libaot-Splat.dll.so" not found
D/Mono    ( 9709): Config attempting to parse: 'Splat.dll.config'.
D/Mono    ( 9709): Config attempting to parse: '/Users/builder/data/lanes/4009/3a62f1ea/source/monodroid/builds/install/mono-armv6/etc/mono/assemblies/Splat/Splat.config'.
D/Mono    ( 9709): Image addref Microsoft.Practices.ServiceLocation[0xdd318620] -> Microsoft.Practices.ServiceLocation.dll[0xdd367a00]: 2
D/Mono    ( 9709): Prepared to set up assembly 'Microsoft.Practices.ServiceLocation' (Microsoft.Practices.ServiceLocation.dll)
D/Mono    ( 9709): Assembly Microsoft.Practices.ServiceLocation[0xdd318620] added to domain RootDomain, ref_count=1
D/Mono    ( 9709): AOT module 'Microsoft.Practices.ServiceLocation.dll.so' not found: dlopen failed: library "/data/app/com.careerbuilder.SugarDrone-1/lib/arm/libaot-Microsoft.Practices.ServiceLocation.dll.so" not found
D/Mono    ( 9709): AOT module '/Users/builder/data/lanes/4009/3a62f1ea/source/monodroid/builds/install/mono-armv6/lib/mono/aot-cache/arm/Microsoft.Practices.ServiceLocation.dll.so' not found: dlopen failed: library "/data/app/com.careerbuilder.SugarDrone-1/lib/arm/libaot-Microsoft.Practices.ServiceLocation.dll.so" not found
D/Mono    ( 9709): Config attempting to parse: 'Microsoft.Practices.ServiceLocation.dll.config'.
D/Mono    ( 9709): Config attempting to parse: '/Users/builder/data/lanes/4009/3a62f1ea/source/monodroid/builds/install/mono-armv6/etc/mono/assemblies/Microsoft.Practices.ServiceLocation/Microsoft.Practices.ServiceLocation.config'.
D/Mono    ( 9709): Image addref Microsoft.Practices.Unity[0xdd318680] -> Microsoft.Practices.Unity.dll[0xdd367f00]: 2
D/Mono    ( 9709): Prepared to set up assembly 'Microsoft.Practices.Unity' (Microsoft.Practices.Unity.dll)
D/Mono    ( 9709): Assembly Microsoft.Practices.Unity[0xdd318680] added to domain RootDomain, ref_count=1
D/Mono    ( 9709): AOT module 'Microsoft.Practices.Unity.dll.so' not found: dlopen failed: library "/data/app/com.careerbuilder.SugarDrone-1/lib/arm/libaot-Microsoft.Practices.Unity.dll.so" not found
D/Mono    ( 9709): AOT module '/Users/builder/data/lanes/4009/3a62f1ea/source/monodroid/builds/install/mono-armv6/lib/mono/aot-cache/arm/Microsoft.Practices.Unity.dll.so' not found: dlopen failed: library "/data/app/com.careerbuilder.SugarDrone-1/lib/arm/libaot-Microsoft.Practices.Unity.dll.so" not found
D/Mono    ( 9709): Config attempting to parse: 'Microsoft.Practices.Unity.dll.config'.
D/Mono    ( 9709): Config attempting to parse: '/Users/builder/data/lanes/4009/3a62f1ea/source/monodroid/builds/install/mono-armv6/etc/mono/assemblies/Microsoft.Practices.Unity/Microsoft.Practices.Unity.config'.
D/Mono    ( 9709): Image addref Plugin.CurrentActivity[0xdd3186e0] -> Plugin.CurrentActivity.dll[0xdd368400]: 2
D/Mono    ( 9709): Prepared to set up assembly 'Plugin.CurrentActivity' (Plugin.CurrentActivity.dll)
D/Mono    ( 9709): Assembly Plugin.CurrentActivity[0xdd3186e0] added to domain RootDomain, ref_count=1
D/Mono    ( 9709): AOT module 'Plugin.CurrentActivity.dll.so' not found: dlopen failed: library "/data/app/com.careerbuilder.SugarDrone-1/lib/arm/libaot-Plugin.CurrentActivity.dll.so" not found
D/Mono    ( 9709): AOT module '/Users/builder/data/lanes/4009/3a62f1ea/source/monodroid/builds/install/mono-armv6/lib/mono/aot-cache/arm/Plugin.CurrentActivity.dll.so' not found: dlopen failed: library "/data/app/com.careerbuilder.SugarDrone-1/lib/arm/libaot-Plugin.CurrentActivity.dll.so" not found
D/Mono    ( 9709): Config attempting to parse: 'Plugin.CurrentActivity.dll.config'.
D/Mono    ( 9709): Config attempting to parse: '/Users/builder/data/lanes/4009/3a62f1ea/source/monodroid/builds/install/mono-armv6/etc/mono/assemblies/Plugin.CurrentActivity/Plugin.CurrentActivity.config'.
D/Mono    ( 9709): Image addref Plugin.Permissions[0xdd318740] -> Plugin.Permissions.dll[0xdd368900]: 2
D/Mono    ( 9709): Prepared to set up assembly 'Plugin.Permissions' (Plugin.Permissions.dll)
D/Mono    ( 9709): Assembly Plugin.Permissions[0xdd318740] added to domain RootDomain, ref_count=1
D/Mono    ( 9709): AOT module 'Plugin.Permissions.dll.so' not found: dlopen failed: library "/data/app/com.careerbuilder.SugarDrone-1/lib/arm/libaot-Plugin.Permissions.dll.so" not found
D/Mono    ( 9709): AOT module '/Users/builder/data/lanes/4009/3a62f1ea/source/monodroid/builds/install/mono-armv6/lib/mono/aot-cache/arm/Plugin.Permissions.dll.so' not found: dlopen failed: library "/data/app/com.careerbuilder.SugarDrone-1/lib/arm/libaot-Plugin.Permissions.dll.so" not found
D/Mono    ( 9709): Config attempting to parse: 'Plugin.Permissions.dll.config'.
D/Mono    ( 9709): Config attempting to parse: '/Users/builder/data/lanes/4009/3a62f1ea/source/monodroid/builds/install/mono-armv6/etc/mono/assemblies/Plugin.Permissions/Plugin.Permissions.config'.
D/Mono    ( 9709): Image addref Plugin.Permissions.Abstractions[0xdd3187a0] -> Plugin.Permissions.Abstractions.dll[0xdd368e00]: 2
D/Mono    ( 9709): Prepared to set up assembly 'Plugin.Permissions.Abstractions' (Plugin.Permissions.Abstractions.dll)
D/Mono    ( 9709): Assembly Plugin.Permissions.Abstractions[0xdd3187a0] added to domain RootDomain, ref_count=1
D/Mono    ( 9709): AOT module 'Plugin.Permissions.Abstractions.dll.so' not found: dlopen failed: library "/data/app/com.careerbuilder.SugarDrone-1/lib/arm/libaot-Plugin.Permissions.Abstractions.dll.so" not found
D/Mono    ( 9709): AOT module '/Users/builder/data/lanes/4009/3a62f1ea/source/monodroid/builds/install/mono-armv6/lib/mono/aot-cache/arm/Plugin.Permissions.Abstractions.dll.so' not found: dlopen failed: library "/data/app/com.careerbuilder.SugarDrone-1/lib/arm/libaot-Plugin.Permissions.Abstractions.dll.so" not found
D/Mono    ( 9709): Config attempting to parse: 'Plugin.Permissions.Abstractions.dll.config'.
D/Mono    ( 9709): Config attempting to parse: '/Users/builder/data/lanes/4009/3a62f1ea/source/monodroid/builds/install/mono-armv6/etc/mono/assemblies/Plugin.Permissions.Abstractions/Plugin.Permissions.Abstractions.config'.
D/Mono    ( 9709): Image addref Plugin.Geolocator[0xdd318800] -> Plugin.Geolocator.dll[0xdd369300]: 2
D/Mono    ( 9709): Prepared to set up assembly 'Plugin.Geolocator' (Plugin.Geolocator.dll)
D/Mono    ( 9709): Assembly Plugin.Geolocator[0xdd318800] added to domain RootDomain, ref_count=1
D/Mono    ( 9709): AOT module 'Plugin.Geolocator.dll.so' not found: dlopen failed: library "/data/app/com.careerbuilder.SugarDrone-1/lib/arm/libaot-Plugin.Geolocator.dll.so" not found
D/Mono    ( 9709): AOT module '/Users/builder/data/lanes/4009/3a62f1ea/source/monodroid/builds/install/mono-armv6/lib/mono/aot-cache/arm/Plugin.Geolocator.dll.so' not found: dlopen failed: library "/data/app/com.careerbuilder.SugarDrone-1/lib/arm/libaot-Plugin.Geolocator.dll.so" not found
D/Mono    ( 9709): Config attempting to parse: 'Plugin.Geolocator.dll.config'.
D/Mono    ( 9709): Config attempting to parse: '/Users/builder/data/lanes/4009/3a62f1ea/source/monodroid/builds/install/mono-armv6/etc/mono/assemblies/Plugin.Geolocator/Plugin.Geolocator.config'.
D/Mono    ( 9709): Image addref Plugin.Geolocator.Abstractions[0xdd318860] -> Plugin.Geolocator.Abstractions.dll[0xdd369800]: 2
D/Mono    ( 9709): Prepared to set up assembly 'Plugin.Geolocator.Abstractions' (Plugin.Geolocator.Abstractions.dll)
D/Mono    ( 9709): Assembly Plugin.Geolocator.Abstractions[0xdd318860] added to domain RootDomain, ref_count=1
D/Mono    ( 9709): AOT module 'Plugin.Geolocator.Abstractions.dll.so' not found: dlopen failed: library "/data/app/com.careerbuilder.SugarDrone-1/lib/arm/libaot-Plugin.Geolocator.Abstractions.dll.so" not found
D/Mono    ( 9709): AOT module '/Users/builder/data/lanes/4009/3a62f1ea/source/monodroid/builds/install/mono-armv6/lib/mono/aot-cache/arm/Plugin.Geolocator.Abstractions.dll.so' not found: dlopen failed: library "/data/app/com.careerbuilder.SugarDrone-1/lib/arm/libaot-Plugin.Geolocator.Abstractions.dll.so" not found
D/Mono    ( 9709): Config attempting to parse: 'Plugin.Geolocator.Abstractions.dll.config'.
D/Mono    ( 9709): Config attempting to parse: '/Users/builder/data/lanes/4009/3a62f1ea/source/monodroid/builds/install/mono-armv6/etc/mono/assemblies/Plugin.Geolocator.Abstractions/Plugin.Geolocator.Abstractions.config'.
D/Mono    ( 9709): Image addref Plugin.DeviceInfo[0xdd3188c0] -> Plugin.DeviceInfo.dll[0xdd369d00]: 2
D/Mono    ( 9709): Prepared to set up assembly 'Plugin.DeviceInfo' (Plugin.DeviceInfo.dll)
D/Mono    ( 9709): Assembly Plugin.DeviceInfo[0xdd3188c0] added to domain RootDomain, ref_count=1
D/Mono    ( 9709): AOT module 'Plugin.DeviceInfo.dll.so' not found: dlopen failed: library "/data/app/com.careerbuilder.SugarDrone-1/lib/arm/libaot-Plugin.DeviceInfo.dll.so" not found
D/Mono    ( 9709): AOT module '/Users/builder/data/lanes/4009/3a62f1ea/source/monodroid/builds/install/mono-armv6/lib/mono/aot-cache/arm/Plugin.DeviceInfo.dll.so' not found: dlopen failed: library "/data/app/com.careerbuilder.SugarDrone-1/lib/arm/libaot-Plugin.DeviceInfo.dll.so" not found
D/Mono    ( 9709): Config attempting to parse: 'Plugin.DeviceInfo.dll.config'.
D/Mono    ( 9709): Config attempting to parse: '/Users/builder/data/lanes/4009/3a62f1ea/source/monodroid/builds/install/mono-armv6/etc/mono/assemblies/Plugin.DeviceInfo/Plugin.DeviceInfo.config'.
D/Mono    ( 9709): Image addref Plugin.DeviceInfo.Abstractions[0xdd318920] -> Plugin.DeviceInfo.Abstractions.dll[0xdd36a200]: 2
D/Mono    ( 9709): Prepared to set up assembly 'Plugin.DeviceInfo.Abstractions' (Plugin.DeviceInfo.Abstractions.dll)
D/Mono    ( 9709): Assembly Plugin.DeviceInfo.Abstractions[0xdd318920] added to domain RootDomain, ref_count=1
D/Mono    ( 9709): AOT module 'Plugin.DeviceInfo.Abstractions.dll.so' not found: dlopen failed: library "/data/app/com.careerbuilder.SugarDrone-1/lib/arm/libaot-Plugin.DeviceInfo.Abstractions.dll.so" not found
D/Mono    ( 9709): AOT module '/Users/builder/data/lanes/4009/3a62f1ea/source/monodroid/builds/install/mono-armv6/lib/mono/aot-cache/arm/Plugin.DeviceInfo.Abstractions.dll.so' not found: dlopen failed: library "/data/app/com.careerbuilder.SugarDrone-1/lib/arm/libaot-Plugin.DeviceInfo.Abstractions.dll.so" not found
D/Mono    ( 9709): Config attempting to parse: 'Plugin.DeviceInfo.Abstractions.dll.config'.
D/Mono    ( 9709): Config attempting to parse: '/Users/builder/data/lanes/4009/3a62f1ea/source/monodroid/builds/install/mono-armv6/etc/mono/assemblies/Plugin.DeviceInfo.Abstractions/Plugin.DeviceInfo.Abstractions.config'.
D/Mono    ( 9709): Image addref Xamarin.GooglePlayServices.Analytics[0xdd318980] -> Xamarin.GooglePlayServices.Analytics.dll[0xdd36a700]: 2
