W/ResourceType( 9624): No known package when getting name for resource number 0xffffffff
W/ResourceType( 9624): No known package when getting name for resource number 0xffffffff
W/ResourceType( 9624): No known package when getting name for resource number 0xffffffff
W/ResourceType( 9624): No known package when getting name for resource number 0xffffffff
W/ResourceType( 9624): No known package when getting name for resource number 0xffffffff
W/ResourceType( 9624): No known package when getting name for resource number 0xffffffff
W/ResourceType( 9624): No known package when getting name for resource number 0xffffffff
W/ResourceType( 9624): No known package when getting name for resource number 0xffffffff
I/art     ( 9624): Explicit concurrent mark sweep GC freed 84307(3MB) AllocSpace objects, 9(180KB) LOS objects, 39% free, 12MB/20MB, paused 1.715ms total 69.520ms
W/ResourceType( 9624): No known package when getting name for resource number 0xffffffff
W/ResourceType( 9624): No known package when getting name for resource number 0xffffffff
W/ResourceType( 9624): No known package when getting name for resource number 0xffffffff
W/ResourceType( 9624): No known package when getting name for resource number 0xffffffff
W/ResourceType( 9624): No known package when getting name for resource number 0xffffffff
W/ResourceType( 9624): No known package when getting name for resource number 0xffffffff
W/ResourceType( 9624): No known package when getting name for resource number 0xffffffff
W/ResourceType( 9624): No known package when getting name for resource number 0xffffffff
W/ResourceType( 9624): No known package when getting name for resource number 0xffffffff
W/ResourceType( 9624): No known package when getting name for resource number 0xffffffff
W/ResourceType( 9624): No known package when getting name for resource number 0xffffffff
W/ResourceType( 9624): No known package when getting name for resource number 0xffffffff
W/ResourceType( 9624): No known package when getting name for resource number 0xffffffff
W/ResourceType( 9624): No known package when getting name for resource number 0xffffffff
W/ResourceType( 9624): No known package when getting name for resource number 0xffffffff
W/ResourceType( 9624): No known package when getting name for resource number 0xffffffff
W/ResourceType( 9624): No known package when getting name for resource number 0xffffffff
W/ResourceType( 9624): No known package when getting name for resource number 0xffffffff
W/ResourceType( 9624): No known package when getting name for resource number 0xffffffff
W/ResourceType( 9624): No known package when getting name for resource number 0xffffffff
W/ResourceType( 9624): No known package when getting name for resource number 0xffffffff
W/ResourceType( 9624): No known package when getting name for resource number 0xffffffff
W/ResourceType( 9624): No known package when getting name for resource number 0xffffffff
W/ResourceType( 9624): No known package when getting name for resource number 0xffffffff
W/ResourceType( 9624): No known package when getting name for resource number 0xffffffff
W/ResourceType( 9624): No known package when getting name for resource number 0xffffffff
W/ResourceType( 9624): No known package when getting name for resource number 0xffffffff
W/ResourceType( 9624): No known package when getting name for resource number 0xffffffff
W/ResourceType( 9624): No known package when getting name for resource number 0xffffffff
W/ResourceType( 9624): No known package when getting name for resource number 0xffffffff
W/ResourceType( 9624): No known package when getting name for resource number 0xffffffff
W/ResourceType( 9624): No known package when getting name for resource number 0xffffffff
W/ResourceType( 9624): No known package when getting name for resource number 0xffffffff
W/ResourceType( 9624): No known package when getting name for resource number 0xffffffff
W/ResourceType( 9624): No known package when getting name for resource number 0xffffffff
W/ResourceType( 9624): No known package when getting name for resource number 0xffffffff
W/ResourceType( 9624): No known package when getting name for resource number 0xffffffff
W/ResourceType( 9624): No known package when getting name for resource number 0xffffffff
W/ResourceType( 9624): No known package when getting name for resource number 0xffffffff
W/ResourceType( 9624): No known package when getting name for resource number 0xffffffff
W/ResourceType( 9624): No known package when getting name for resource number 0xffffffff
W/ResourceType( 9624): No known package when getting name for resource number 0xffffffff
W/ResourceType( 9624): No known package when getting name for resource number 0xffffffff
W/ResourceType( 9624): No known package when getting name for resource number 0xffffffff
I/System.out( 9624): URI: /map
I/System.out( 9624): params: {json={"query":"* marked:'basicSearchButton'","operation":{"method_name":"query","arguments":[]}}
I/System.out( 9624): }
W/ResourceType( 9624): No known package when getting name for resource number 0xffffffff
W/ResourceType( 9624): No known package when getting name for resource number 0xffffffff
W/ResourceType( 9624): No known package when getting name for resource number 0xffffffff
W/ResourceType( 9624): No known package when getting name for resource number 0xffffffff
W/ResourceType( 9624): No known package when getting name for resource number 0xffffffff
W/ResourceType( 9624): No known package when getting name for resource number 0xffffffff
W/ResourceType( 9624): No known package when getting name for resource number 0xffffffff
W/ResourceType( 9624): No known package when getting name for resource number 0xffffffff
W/ResourceType( 9624): No known package when getting name for resource number 0xffffffff
W/ResourceType( 9624): No known package when getting name for resource number 0xffffffff
W/ResourceType( 9624): No known package when getting name for resource number 0xffffffff
W/ResourceType( 9624): No known package when getting name for resource number 0xffffffff
W/ResourceType( 9624): No known package when getting name for resource number 0xffffffff
W/ResourceType( 9624): No known package when getting name for resource number 0xffffffff
W/ResourceType( 9624): No known package when getting name for resource number 0xffffffff
W/ResourceType( 9624): No known package when getting name for resource number 0xffffffff
W/ResourceType( 9624): No known package when getting name for resource number 0xffffffff
W/ResourceType( 9624): No known package when getting name for resource number 0xffffffff
W/ResourceType( 9624): No known package when getting name for resource number 0xffffffff
W/ResourceType( 9624): No known package when getting name for resource number 0xffffffff
W/ResourceType( 9624): No known package when getting name for resource number 0xffffffff
W/ResourceType( 9624): No known package when getting name for resource number 0xffffffff
W/ResourceType( 9624): No known package when getting name for resource number 0xffffffff
W/ResourceType( 9624): No known package when getting name for resource number 0xffffffff
W/ResourceType( 9624): No known package when getting name for resource number 0xffffffff
W/ResourceType( 9624): No known package when getting name for resource number 0xffffffff
W/ResourceType( 9624): No known package when getting name for resource number 0xffffffff
W/ResourceType( 9624): No known package when getting name for resource number 0xffffffff
W/ResourceType( 9624): No known package when getting name for resource number 0xffffffff
W/ResourceType( 9624): No known package when getting name for resource number 0xffffffff
W/ResourceType( 9624): No known package when getting name for resource number 0xffffffff
W/ResourceType( 9624): No known package when getting name for resource number 0xffffffff
W/ResourceType( 9624): No known package when getting name for resource number 0xffffffff
W/ResourceType( 9624): No known package when getting name for resource number 0xffffffff
W/ResourceType( 9624): No known package when getting name for resource number 0xffffffff
W/ResourceType( 9624): No known package when getting name for resource number 0xffffffff
W/ResourceType( 9624): No known package when getting name for resource number 0xffffffff
W/ResourceType( 9624): No known package when getting name for resource number 0xffffffff
W/ResourceType( 9624): No known package when getting name for resource number 0xffffffff
W/ResourceType( 9624): No known package when getting name for resource number 0xffffffff
W/ResourceType( 9624): No known package when getting name for resource number 0xffffffff
W/ResourceType( 9624): No known package when getting name for resource number 0xffffffff
W/ResourceType( 9624): No known package when getting name for resource number 0xffffffff
W/ResourceType( 9624): No known package when getting name for resource number 0xffffffff
W/ResourceType( 9624): No known package when getting name for resource number 0xffffffff
W/ResourceType( 9624): No known package when getting name for resource number 0xffffffff
W/ResourceType( 9624): No known package when getting name for resource number 0xffffffff
W/ResourceType( 9624): No known package when getting name for resource number 0xffffffff
W/ResourceType( 9624): No known package when getting name for resource number 0xffffffff
W/ResourceType( 9624): No known package when getting name for resource number 0xffffffff
W/ResourceType( 9624): No known package when getting name for resource number 0xffffffff
W/ResourceType( 9624): No known package when getting name for resource number 0xffffffff
W/ResourceType( 9624): No known package when getting name for resource number 0xffffffff
W/ResourceType( 9624): No known package when getting name for resource number 0xffffffff
W/ResourceType( 9624): No known package when getting name for resource number 0xffffffff
W/ResourceType( 9624): No known package when getting name for resource number 0xffffffff
W/ResourceType( 9624): No known package when getting name for resource number 0xffffffff
W/ResourceType( 9624): No known package when getting name for resource number 0xffffffff
W/ResourceType( 9624): No known package when getting name for resource number 0xffffffff
W/ResourceType( 9624): No known package when getting name for resource number 0xffffffff
W/ResourceType( 9624): No known package when getting name for resource number 0xffffffff
W/ResourceType( 9624): No known package when getting name for resource number 0xffffffff
W/ResourceType( 9624): No known package when getting name for resource number 0xffffffff
W/ResourceType( 9624): No known package when getting name for resource number 0xffffffff
W/ResourceType( 9624): No known package when getting name for resource number 0xffffffff
W/ResourceType( 9624): No known package when getting name for resource number 0xffffffff
W/ResourceType( 9624): No known package when getting name for resource number 0xffffffff
W/ResourceType( 9624): No known package when getting name for resource number 0xffffffff
W/ResourceType( 9624): No known package when getting name for resource number 0xffffffff
W/ResourceType( 9624): No known package when getting name for resource number 0xffffffff
W/ResourceType( 9624): No known package when getting name for resource number 0xffffffff
W/ResourceType( 9624): No known package when getting name for resource number 0xffffffff
I/System.out( 9624): URI: /map
I/System.out( 9624): params: {json={"query":"* marked:'keywordLayout'","operation":{"method_name":"query","arguments":[]}}
I/System.out( 9624): }
W/ResourceType( 9624): No known package when getting name for resource number 0xffffffff
W/ResourceType( 9624): No known package when getting name for resource number 0xffffffff
I/art     ( 9624): Do full code cache collection, code=89KB, data=116KB
I/art     ( 9624): After code cache collection, code=79KB, data=94KB
W/ResourceType( 9624): No known package when getting name for resource number 0xffffffff
W/ResourceType( 9624): No known package when getting name for resource number 0xffffffff
W/ResourceType( 9624): No known package when getting name for resource number 0xffffffff
W/ResourceType( 9624): No known package when getting name for resource number 0xffffffff
W/ResourceType( 9624): No known package when getting name for resource number 0xffffffff
W/ResourceType( 9624): No known package when getting name for resource number 0xffffffff
W/ResourceType( 9624): No known package when getting name for resource number 0xffffffff
W/ResourceType( 9624): No known package when getting name for resource number 0xffffffff
W/ResourceType( 9624): No known package when getting name for resource number 0xffffffff
W/ResourceType( 9624): No known package when getting name for resource number 0xffffffff
W/ResourceType( 9624): No known package when getting name for resource number 0xffffffff
W/ResourceType( 9624): No known package when getting name for resource number 0xffffffff
W/ResourceType( 9624): No known package when getting name for resource number 0xffffffff
W/ResourceType( 9624): No known package when getting name for resource number 0xffffffff
W/ResourceType( 9624): No known package when getting name for resource number 0xffffffff
W/ResourceType( 9624): No known package when getting name for resource number 0xffffffff
W/ResourceType( 9624): No known package when getting name for resource number 0xffffffff
W/ResourceType( 9624): No known package when getting name for resource number 0xffffffff
W/ResourceType( 9624): No known package when getting name for resource number 0xffffffff
W/ResourceType( 9624): No known package when getting name for resource number 0xffffffff
W/ResourceType( 9624): No known package when getting name for resource number 0xffffffff
W/ResourceType( 9624): No known package when getting name for resource number 0xffffffff
W/ResourceType( 9624): No known package when getting name for resource number 0xffffffff
W/ResourceType( 9624): No known package when getting name for resource number 0xffffffff
W/ResourceType( 9624): No known package when getting name for resource number 0xffffffff
W/ResourceType( 9624): No known package when getting name for resource number 0xffffffff
W/ResourceType( 9624): No known package when getting name for resource number 0xffffffff
W/ResourceType( 9624): No known package when getting name for resource number 0xffffffff
W/ResourceType( 9624): No known package when getting name for resource number 0xffffffff
W/ResourceType( 9624): No known package when getting name for resource number 0xffffffff
W/ResourceType( 9624): No known package when getting name for resource number 0xffffffff
W/ResourceType( 9624): No known package when getting name for resource number 0xffffffff
W/ResourceType( 9624): No known package when getting name for resource number 0xffffffff
W/ResourceType( 9624): No known package when getting name for resource number 0xffffffff
W/ResourceType( 9624): No known package when getting name for resource number 0xffffffff
W/ResourceType( 9624): No known package when getting name for resource number 0xffffffff
W/ResourceType( 9624): No known package when getting name for resource number 0xffffffff
W/ResourceType( 9624): No known package when getting name for resource number 0xffffffff
W/ResourceType( 9624): No known package when getting name for resource number 0xffffffff
W/ResourceType( 9624): No known package when getting name for resource number 0xffffffff
W/ResourceType( 9624): No known package when getting name for resource number 0xffffffff
W/ResourceType( 9624): No known package when getting name for resource number 0xffffffff
W/ResourceType( 9624): No known package when getting name for resource number 0xffffffff
W/ResourceType( 9624): No known package when getting name for resource number 0xffffffff
W/ResourceType( 9624): No known package when getting name for resource number 0xffffffff
W/ResourceType( 9624): No known package when getting name for resource number 0xffffffff
W/ResourceType( 9624): No known package when getting name for resource number 0xffffffff
W/ResourceType( 9624): No known package when getting name for resource number 0xffffffff
W/ResourceType( 9624): No known package when getting name for resource number 0xffffffff
W/ResourceType( 9624): No known package when getting name for resource number 0xffffffff
W/ResourceType( 9624): No known package when getting name for resource number 0xffffffff
W/ResourceType( 9624): No known package when getting name for resource number 0xffffffff
W/ResourceType( 9624): No known package when getting name for resource number 0xffffffff
W/ResourceType( 9624): No known package when getting name for resource number 0xffffffff
W/ResourceType( 9624): No known package when getting name for resource number 0xffffffff
W/ResourceType( 9624): No known package when getting name for resource number 0xffffffff
W/ResourceType( 9624): No known package when getting name for resource number 0xffffffff
W/ResourceType( 9624): No known package when getting name for resource number 0xffffffff
W/ResourceType( 9624): No known package when getting name for resource number 0xffffffff
W/ResourceType( 9624): No known package when getting name for resource number 0xffffffff
W/ResourceType( 9624): No known package when getting name for resource number 0xffffffff
W/ResourceType( 9624): No known package when getting name for resource number 0xffffffff
W/ResourceType( 9624): No known package when getting name for resource number 0xffffffff
W/ResourceType( 9624): No known package when getting name for resource number 0xffffffff
W/ResourceType( 9624): No known package when getting name for resource number 0xffffffff
W/ResourceType( 9624): No known package when getting name for resource number 0xffffffff
W/ResourceType( 9624): No known package when getting name for resource number 0xffffffff
W/ResourceType( 9624): No known package when getting name for resource number 0xffffffff
W/ResourceType( 9624): No known package when getting name for resource number 0xffffffff
W/ResourceType( 9624): No known package when getting name for resource number 0xffffffff
I/System.out( 9624): URI: /map
I/System.out( 9624): params: {json={"query":"* marked:'keywordLayout'","operation":{"method_name":"query","arguments":[]}}
I/System.out( 9624): }
W/ResourceType( 9624): No known package when getting name for resource number 0xffffffff
W/ResourceType( 9624): No known package when getting name for resource number 0xffffffff
W/ResourceType( 9624): No known package when getting name for resource number 0xffffffff
W/ResourceType( 9624): No known package when getting name for resource number 0xffffffff
W/ResourceType( 9624): No known package when getting name for resource number 0xffffffff
W/ResourceType( 9624): No known package when getting name for resource number 0xffffffff
W/ResourceType( 9624): No known package when getting name for resource number 0xffffffff
W/ResourceType( 9624): No known package when getting name for resource number 0xffffffff
W/ResourceType( 9624): No known package when getting name for resource number 0xffffffff
W/ResourceType( 9624): No known package when getting name for resource number 0xffffffff
W/ResourceType( 9624): No known package when getting name for resource number 0xffffffff
W/ResourceType( 9624): No known package when getting name for resource number 0xffffffff
W/ResourceType( 9624): No known package when getting name for resource number 0xffffffff
W/ResourceType( 9624): No known package when getting name for resource number 0xffffffff
W/ResourceType( 9624): No known package when getting name for resource number 0xffffffff
W/ResourceType( 9624): No known package when getting name for resource number 0xffffffff
W/ResourceType( 9624): No known package when getting name for resource number 0xffffffff
W/ResourceType( 9624): No known package when getting name for resource number 0xffffffff
W/ResourceType( 9624): No known package when getting name for resource number 0xffffffff
W/ResourceType( 9624): No known package when getting name for resource number 0xffffffff
W/ResourceType( 9624): No known package when getting name for resource number 0xffffffff
W/ResourceType( 9624): No known package when getting name for resource number 0xffffffff
W/ResourceType( 9624): No known package when getting name for resource number 0xffffffff
W/ResourceType( 9624): No known package when getting name for resource number 0xffffffff
W/ResourceType( 9624): No known package when getting name for resource number 0xffffffff
W/ResourceType( 9624): No known package when getting name for resource number 0xffffffff
W/ResourceType( 9624): No known package when getting name for resource number 0xffffffff
W/ResourceType( 9624): No known package when getting name for resource number 0xffffffff
W/ResourceType( 9624): No known package when getting name for resource number 0xffffffff
W/ResourceType( 9624): No known package when getting name for resource number 0xffffffff
W/ResourceType( 9624): No known package when getting name for resource number 0xffffffff
W/ResourceType( 9624): No known package when getting name for resource number 0xffffffff
W/ResourceType( 9624): No known package when getting name for resource number 0xffffffff
W/ResourceType( 9624): No known package when getting name for resource number 0xffffffff
W/ResourceType( 9624): No known package when getting name for resource number 0xffffffff
W/ResourceType( 9624): No known package when getting name for resource number 0xffffffff
W/ResourceType( 9624): No known package when getting name for resource number 0xffffffff
W/ResourceType( 9624): No known package when getting name for resource number 0xffffffff
W/ResourceType( 9624): No known package when getting name for resource number 0xffffffff
W/ResourceType( 9624): No known package when getting name for resource number 0xffffffff
W/ResourceType( 9624): No known package when getting name for resource number 0xffffffff
W/ResourceType( 9624): No known package when getting name for resource number 0xffffffff
W/ResourceType( 9624): No known package when getting name for resource number 0xffffffff
W/ResourceType( 9624): No known package when getting name for resource number 0xffffffff
W/ResourceType( 9624): No known package when getting name for resource number 0xffffffff
W/ResourceType( 9624): No known package when getting name for resource number 0xffffffff
W/ResourceType( 9624): No known package when getting name for resource number 0xffffffff
W/ResourceType( 9624): No known package when getting name for resource number 0xffffffff
W/ResourceType( 9624): No known package when getting name for resource number 0xffffffff
W/ResourceType( 9624): No known package when getting name for resource number 0xffffffff
W/ResourceType( 9624): No known package when getting name for resource number 0xffffffff
W/ResourceType( 9624): No known package when getting name for resource number 0xffffffff
W/ResourceType( 9624): No known package when getting name for resource number 0xffffffff
W/ResourceType( 9624): No known package when getting name for resource number 0xffffffff
W/ResourceType( 9624): No known package when getting name for resource number 0xffffffff
W/ResourceType( 9624): No known package when getting name for resource number 0xffffffff
W/ResourceType( 9624): No known package when getting name for resource number 0xffffffff
W/ResourceType( 9624): No known package when getting name for resource number 0xffffffff
W/ResourceType( 9624): No known package when getting name for resource number 0xffffffff
W/ResourceType( 9624): No known package when getting name for resource number 0xffffffff
W/ResourceType( 9624): No known package when getting name for resource number 0xffffffff
W/ResourceType( 9624): No known package when getting name for resource number 0xffffffff
W/ResourceType( 9624): No known package when getting name for resource number 0xffffffff
W/ResourceType( 9624): No known package when getting name for resource number 0xffffffff
W/ResourceType( 9624): No known package when getting name for resource number 0xffffffff
W/ResourceType( 9624): No known package when getting name for resource number 0xffffffff
W/ResourceType( 9624): No known package when getting name for resource number 0xffffffff
W/ResourceType( 9624): No known package when getting name for resource number 0xffffffff
W/ResourceType( 9624): No known package when getting name for resource number 0xffffffff
W/ResourceType( 9624): No known package when getting name for resource number 0xffffffff
W/ResourceType( 9624): No known package when getting name for resource number 0xffffffff
W/ResourceType( 9624): No known package when getting name for resource number 0xffffffff
I/System.out( 9624): URI: /
I/System.out( 9624): params: {json={"command":"touch_coordinate","arguments":[613.0,262.0]}
I/System.out( 9624): }
I/System.out( 9624): header: {content-type=application/json; charset=utf-8, connection=close, host=devicehost156.prod, x-session-token=token-token-9f3cbd7a-b968-4f2c-8acb-2ecb5a413f29, content-length=56, x-forwarded-for=10.222.150.39}
I/System.out( 9624): params: {json={"command":"touch_coordinate","arguments":[613.0,262.0]}
I/System.out( 9624): }
I/System.out( 9624): ProP json = {"command":"touch_coordinate","arguments":[613.0,262.0]}
I/System.out( 9624): files: {}
I/System.out( 9624): command: {"command":"touch_coordinate","arguments":[613.0,262.0]}
I/InstrumentationBackend( 9624): Got command:'Command:'Line:null,touch_coordinate', arguments:'[613.0, 262.0]'
I/ClearcutLoggerManager( 3055): onStartInput()
I/LatinIme( 3055): initialize() : Language = en-US
I/System.out( 9624): result:{"bonusInformation":[],"message":"","success":true}
I/System.out( 9624): URI: /
I/System.out( 9624): params: {json={"command":"keyboard_enter_text","arguments":["software"]}
I/System.out( 9624): }
I/System.out( 9624): header: {content-type=application/json; charset=utf-8, connection=close, host=devicehost156.prod, x-session-token=token-token-9f3cbd7a-b968-4f2c-8acb-2ecb5a413f29, content-length=58, x-forwarded-for=10.222.150.39}
I/System.out( 9624): params: {json={"command":"keyboard_enter_text","arguments":["software"]}
I/System.out( 9624): }
I/System.out( 9624): ProP json = {"command":"keyboard_enter_text","arguments":["software"]}
I/System.out( 9624): files: {}
I/System.out( 9624): command: {"command":"keyboard_enter_text","arguments":["software"]}
I/InstrumentationBackend( 9624): Got command:'Command:'Line:null,keyboard_enter_text', arguments:'[software]'
E/SpannableStringBuilder( 9624): SPAN_EXCLUSIVE_EXCLUSIVE spans cannot have a zero length
E/SpannableStringBuilder( 9624): SPAN_EXCLUSIVE_EXCLUSIVE spans cannot have a zero length
I/ShortcutsDataManager( 3055): onContentChanged()
I/ContactsDataManager( 3055): onContentChanged()
I/MainLoader( 3055): Running LM loader for en_US
I/LanguageModelDatabase( 3055): reloading DB.
I/LatinIme( 3055): onActivate() : EditorInfo = Package = com.careerbuilder.SugarDrone : Type = Text : Learning = Disable : Suggestion = Show : AutoCorrection = Disable : Microphone = Show
I/LanguageModelDatabase( 3055): populateEntry() : pt_BR = CACHED (20160614)
I/mono-stdout( 9624): uri is: https://api.careerbuilder.com/core/matrixsearch/searchapi/autocomplete/autocomplete/us_CaroteneV2Title?phrase=soft&DeveloperKey=WDHR8FC6P2JZ1Y61KLM5
E/SpannableStringBuilder( 9624): SPAN_EXCLUSIVE_EXCLUSIVE spans cannot have a zero length
E/SpannableStringBuilder( 9624): SPAN_EXCLUSIVE_EXCLUSIVE spans cannot have a zero length
I/mono-stdout( 9624): uri is: https://api.careerbuilder.com/core/matrixsearch/searchapi/autocomplete/autocomplete/us_CaroteneV2Title?phrase=so&DeveloperKey=WDHR8FC6P2JZ1Y61KLM5
I/mono-stdout( 9624): uri is: https://api.careerbuilder.com/core/matrixsearch/searchapi/autocomplete/autocomplete/us_CaroteneV2Title?phrase=softw&DeveloperKey=WDHR8FC6P2JZ1Y61KLM5
I/mono-stdout( 9624): uri is: https://api.careerbuilder.com/core/matrixsearch/searchapi/autocomplete/autocomplete/us_CaroteneV2Title?phrase=sof&DeveloperKey=WDHR8FC6P2JZ1Y61KLM5
I/LanguageModelDatabase( 3055): populateEntry() : pt_BR = BUNDLED (19691231)
I/mono-stdout( 9624): uri is: https://api.careerbuilder.com/core/matrixsearch/searchapi/autocomplete/autocomplete/us_CaroteneV2Title?phrase=softwar&DeveloperKey=WDHR8FC6P2JZ1Y61KLM5
I/mono-stdout( 9624): making api call to: /core/matrixsearch/searchapi/autocomplete/autocomplete/us_CaroteneV2Title?phrase=so&DeveloperKey=WDHR8FC6P2JZ1Y61KLM5
I/mono-stdout( 9624): uri is: https://api.careerbuilder.com/core/matrixsearch/searchapi/autocomplete/autocomplete/us_CaroteneV2Title?phrase=software&DeveloperKey=WDHR8FC6P2JZ1Y61KLM5
I/mono-stdout( 9624): making api call to: /core/matrixsearch/searchapi/autocomplete/autocomplete/us_CaroteneV2Title?phrase=sof&DeveloperKey=WDHR8FC6P2JZ1Y61KLM5
I/mono-stdout( 9624): making api call to: /core/matrixsearch/searchapi/autocomplete/autocomplete/us_CaroteneV2Title?phrase=softw&DeveloperKey=WDHR8FC6P2JZ1Y61KLM5
I/mono-stdout( 9624): making api call to: /core/matrixsearch/searchapi/autocomplete/autocomplete/us_CaroteneV2Title?phrase=software&DeveloperKey=WDHR8FC6P2JZ1Y61KLM5
I/mono-stdout( 9624): making api call to: /core/matrixsearch/searchapi/autocomplete/autocomplete/us_CaroteneV2Title?phrase=soft&DeveloperKey=WDHR8FC6P2JZ1Y61KLM5
I/mono-stdout( 9624): uri is: https://api.careerbuilder.com/core/matrixsearch/searchapi/autocomplete/autocomplete/us_CaroteneV2Title?phrase=softwa&DeveloperKey=WDHR8FC6P2JZ1Y61KLM5
W/InputConnectionWrapper( 3055): Fixing selection indices to 8, 8
I/LanguageModelDatabase( 3055): populateEntry() : it_IT = BUNDLED (19691231)
I/mono-stdout( 9624): making api call to: /core/matrixsearch/searchapi/autocomplete/autocomplete/us_CaroteneV2Title?phrase=softwar&DeveloperKey=WDHR8FC6P2JZ1Y61KLM5
I/mono-stdout( 9624): making api call to: /core/matrixsearch/searchapi/autocomplete/autocomplete/us_CaroteneV2Title?phrase=softwa&DeveloperKey=WDHR8FC6P2JZ1Y61KLM5
I/System.out( 9624): result:{"bonusInformation":[],"message":"","success":true}
I/LanguageModelDatabase( 3055): populateEntry() : nl = CACHED (20160425)
I/LanguageModelDatabase( 3055): populateEntry() : ru_RU = BUNDLED (19691231)
I/Adreno  ( 3055): QUALCOMM build                   : 74df444, I409c65498b
I/Adreno  ( 3055): Build Date                       : 06/22/16
I/Adreno  ( 3055): OpenGL ES Shader Compiler Version: XE031.08.00.02
I/Adreno  ( 3055): Local Branch                     : N16
I/Adreno  ( 3055): Remote Branch                    : 
I/Adreno  ( 3055): Remote Branch                    : 
I/Adreno  ( 3055): Reconstruct Branch               : 
I/OpenGLRenderer( 3055): Initialized EGL, version 1.4
D/OpenGLRenderer( 3055): Swap behavior 1
I/LanguageModelDatabase( 3055): populateEntry() : es = BUNDLED (20160112)
D/Mono    ( 9624): [0xd4743920] hill climbing, change max number of threads 8
D/Mono    ( 9624): [0xd3e72920] worker starting
I/LanguageModelDatabase( 3055): populateEntry() : en_US = CACHED (20160608)
I/LanguageModelDatabase( 3055): populateEntry() : en_US = BUNDLED (20160322)
I/LanguageModelDatabase( 3055): populateEntry() : ar = CACHED (20160629)
I/LanguageModelDatabase( 3055): populateEntry() : en_GB = CACHED (20160608)
I/LanguageModelDatabase( 3055): populateEntry() : fr_FR = CACHED (20160620)
I/LanguageModelDatabase( 3055): populateEntry() : fr_FR = BUNDLED (19691231)
I/LanguageModelDatabase( 3055): populateEntry() : sv = CACHED (20160402)
I/LanguageModelDatabase( 3055): populateEntry() : de_DE = CACHED (20160608)
I/LanguageModelDatabase( 3055): populateEntry() : de_DE = BUNDLED (19691231)
I/mono-stdout( 9624): done making call to: /core/matrixsearch/searchapi/autocomplete/autocomplete/us_CaroteneV2Title?phrase=so&DeveloperKey=WDHR8FC6P2JZ1Y61KLM5
I/mono-stdout( 9624): done making call to: /core/matrixsearch/searchapi/autocomplete/autocomplete/us_CaroteneV2Title?phrase=sof&DeveloperKey=WDHR8FC6P2JZ1Y61KLM5
I/mono-stdout( 9624): done making call to: /core/matrixsearch/searchapi/autocomplete/autocomplete/us_CaroteneV2Title?phrase=softw&DeveloperKey=WDHR8FC6P2JZ1Y61KLM5
I/mono-stdout( 9624): done making call to: /core/matrixsearch/searchapi/autocomplete/autocomplete/us_CaroteneV2Title?phrase=software&DeveloperKey=WDHR8FC6P2JZ1Y61KLM5
I/mono-stdout( 9624): done making call to: /core/matrixsearch/searchapi/autocomplete/autocomplete/us_CaroteneV2Title?phrase=soft&DeveloperKey=WDHR8FC6P2JZ1Y61KLM5
I/MainLoader( 3055): Loading the LM to decoder: filepath = /data/user/0/com.google.android.inputmethod.latin/files/cache/en_US_d3.dict : status = 5
I/Delight4Decoder( 3055): loadLanguageModel() : MAIN
I/mono-stdout( 9624): done making call to: /core/matrixsearch/searchapi/autocomplete/autocomplete/us_CaroteneV2Title?phrase=softwa&DeveloperKey=WDHR8FC6P2JZ1Y61KLM5
I/mono-stdout( 9624): done making call to: /core/matrixsearch/searchapi/autocomplete/autocomplete/us_CaroteneV2Title?phrase=softwar&DeveloperKey=WDHR8FC6P2JZ1Y61KLM5
I/Delight4Decoder( 3055): loadLanguageModel() : Notify observers
I/Delight4Decoder( 3055): loadLanguageModel() : BLACKLIST
E/native  ( 3055): android-decoder.cc:170 Cannot deactivate dynamic LM: /data/user/0/com.google.android.inputmethod.latin/files/Contacts.dict
I/Delight4Decoder( 3055): loadLanguageModel() : USER_HISTORY
I/AbstractDataManager( 3055): doInBackground()
I/AbstractDataManager( 3055): importContentData() : Ending import process
I/PersonalLanguageModel( 3055): run() : Added 0 words and 0 shortcuts
I/Delight4Decoder( 3055): loadLanguageModel() : PERSONAL_DICTIONARY
I/AbstractDataManager( 3055): importContentData() : Success : Count = 0
E/RecyclerView( 9624): No adapter attached; skipping layout
I/AbstractDataManager( 3055): onPostExecute() : Result = Pair{2 0}
I/ShortcutsDataManager( 3055): onImportFinished() : Result = 2 : Count = 0
I/art     ( 9624): Starting a blocking GC Explicit
I/art     ( 9624): Explicit concurrent mark sweep GC freed 18867(925KB) AllocSpace objects, 6(120KB) LOS objects, 40% free, 12MB/20MB, paused 883us total 57.888ms

]]><xtc-duration value="97.5121588"/></xtc-step><!-- name: "undefined", id: "undefined" --><![CDATA[

]]><xtc-step name="[0-1068]CareerBuilder_Search.DroidFeatureTests.SearchDialogueTests.CanFillOutKeywords-0-NA-FinalScreenShot" id="[0-1068]CareerBuilder_Search.DroidFeatureTests.SearchDialogueTests.CanFillOutKeywords-0-NA-FinalScreenShot"><![CDATA[
I/art     ( 9624): Starting a blocking GC Explicit
I/art     ( 9624): Explicit concurrent mark sweep GC freed 4819(214KB) AllocSpace objects, 1(20KB) LOS objects, 39% free, 12MB/20MB, paused 924us total 47.080ms

]]><xtc-duration value="1.2344534"/></xtc-step><!-- name: "undefined", id: "undefined" --><![CDATA[
D/Mono    ( 9624): [0xcfffe920] worker finishing
D/Mono    ( 9624): [0xd43f3920] worker finishing

]]><xtc-duration value="104.83733389999999" skip="false"/></xtc-scenario><!-- name: "undefined", id: "undefined" --><![CDATA[
D/Mono    ( 9624): [0xd00ff920] worker finishing
D/Mono    ( 9624): [0xd44f4920] worker finishing
I/art     ( 9624): Starting a blocking GC Explicit
I/art     ( 9624): Explicit concurrent mark sweep GC freed 4563(205KB) AllocSpace objects, 1(20KB) LOS objects, 40% free, 12MB/20MB, paused 751us total 46.757ms
