<![CDATA[
]]><xtc-scenario name="[0-1066]CareerBuilder_Search.DroidFeatureTests.SearchDialogueTests.CanOpenSearchDialogue" id="[0-1066]CareerBuilder_Search.DroidFeatureTests.SearchDialogueTests.CanOpenSearchDialogue"><![CDATA[

]]><xtc-step name="[0-1066]CareerBuilder_Search.DroidFeatureTests.SearchDialogueTests.CanOpenSearchDialogue-CanOpenSearchDialogue" id="[0-1066]CareerBuilder_Search.DroidFeatureTests.SearchDialogueTests.CanOpenSearchDialogue-CanOpenSearchDialogue"><![CDATA[
D/AndroidRuntime( 8088): >>>>>> START com.android.internal.os.RuntimeInit uid 2000 <<<<<<
D/AndroidRuntime( 8088): CheckJNI is OFF
D/ICU     ( 8088): No timezone override file found: /data/misc/zoneinfo/current/icu/icu_tzdata.dat
I/Radio-JNI( 8088): register_android_hardware_Radio DONE
D/AndroidRuntime( 8088): Calling main entry com.android.commands.pm.Pm
W/MessageQueue( 8088): Handler (android.os.Handler) {b73d3a3} sending message to a Handler on a dead thread
W/MessageQueue( 8088): java.lang.IllegalStateException: Handler (android.os.Handler) {b73d3a3} sending message to a Handler on a dead thread
W/MessageQueue( 8088): 	at android.os.MessageQueue.enqueueMessage(MessageQueue.java:543)
W/MessageQueue( 8088): 	at android.os.Handler.enqueueMessage(Handler.java:643)
W/MessageQueue( 8088): 	at android.os.Handler.sendMessageAtTime(Handler.java:612)
W/MessageQueue( 8088): 	at android.os.Handler.sendMessageDelayed(Handler.java:582)
W/MessageQueue( 8088): 	at android.os.Handler.post(Handler.java:338)
W/MessageQueue( 8088): 	at android.os.ResultReceiver$MyResultReceiver.send(ResultReceiver.java:57)
W/MessageQueue( 8088): 	at com.android.internal.os.IResultReceiver$Stub.onTransact(IResultReceiver.java:58)
W/MessageQueue( 8088): 	at android.os.Binder.execTransact(Binder.java:565)
I/art     ( 8088): System.exit called, status: 0
I/AndroidRuntime( 8088): VM exiting with result code 0.
D/AndroidRuntime( 8203): >>>>>> START com.android.internal.os.RuntimeInit uid 2000 <<<<<<
D/AndroidRuntime( 8203): CheckJNI is OFF
D/ICU     ( 8203): No timezone override file found: /data/misc/zoneinfo/current/icu/icu_tzdata.dat
I/Radio-JNI( 8203): register_android_hardware_Radio DONE
D/AndroidRuntime( 8203): Calling main entry com.android.commands.am.Am
--------- beginning of system
W/ActivityManager(  869): Invalid packageName: com.careerbuilder.SugarDrone
D/AndroidRuntime( 8203): Shutting down VM
I/ActivityManager(  869): Killing 5776:com.android.defcontainer/u0a11 (adj 906): empty #17
I/ActivityManager(  869): Killing 6950:com.google.process.gapps/u0a56 (adj 906): empty #18
I/ActivityManager(  869): Killing 6096:com.android.documentsui/u0a12 (adj 906): empty #19
D/AndroidRuntime( 8677): >>>>>> START com.android.internal.os.RuntimeInit uid 2000 <<<<<<
D/AndroidRuntime( 8677): CheckJNI is OFF
D/ICU     ( 8677): No timezone override file found: /data/misc/zoneinfo/current/icu/icu_tzdata.dat
I/Radio-JNI( 8677): register_android_hardware_Radio DONE
D/AndroidRuntime( 8677): Calling main entry com.android.commands.pm.Pm
I/        (  508): free_cache(71725114) avail 10844188672
I/ThermalEngine(  500): ACTION: Hotplugged OFF CPU[5]
I/ThermalEngine(  500): ACTION: Hotplugged OFF CPU[4]
I/ActivityManager(  869): Start proc 8728:com.android.defcontainer/u0a11 for service com.android.defcontainer/.DefaultContainerService
I/ActivityManager(  869): Start proc 8742:com.android.vending/u0a30 for broadcast com.android.vending/com.google.android.vending.verifier.PackageVerificationReceiver
W/System  ( 8742): ClassLoader referenced unknown path: /system/priv-app/Phonesky/lib/arm64
W/Finsky  ( 8742): [1] com.google.android.finsky.FinskyApp.i(1468): No account configured on this device.
W/Finsky  ( 8742): [1] com.google.android.finsky.FinskyApp.i(1468): No account configured on this device.
W/Finsky  ( 8742): [1] com.google.android.finsky.FinskyApp.i(1468): No account configured on this device.
W/Finsky  ( 8742): [1] com.google.android.finsky.FinskyApp.i(1468): No account configured on this device.
I/Finsky  ( 8742): [1] com.google.android.finsky.FinskyApp.onCreate(430): Initializing network with DFE https://android.clients.google.com/fdfe/
W/Finsky  ( 8742): [1] com.google.android.finsky.FinskyApp.i(1468): No account configured on this device.
W/Finsky  ( 8742): [1] com.google.android.finsky.FinskyApp.i(1468): No account configured on this device.
W/Finsky  ( 8742): [1] com.google.android.finsky.FinskyApp.i(1468): No account configured on this device.
W/Finsky  ( 8742): [1] com.google.android.finsky.FinskyApp.i(1468): No account configured on this device.
W/Finsky  ( 8742): [1] com.google.android.finsky.FinskyApp.i(1468): No account configured on this device.
W/Finsky  ( 8742): [1] com.google.android.finsky.FinskyApp.i(1468): No account configured on this device.
W/Finsky  ( 8742): [1] com.google.android.finsky.FinskyApp.i(1468): No account configured on this device.
W/Finsky  ( 8742): [1] com.google.android.finsky.FinskyApp.i(1468): No account configured on this device.
W/Finsky  ( 8742): [1] com.google.android.finsky.FinskyApp.i(1468): No account configured on this device.
I/Finsky  ( 8742): [1] com.google.android.finsky.services.DailyHygiene.a(171): No need to run daily hygiene.
W/Finsky  ( 8742): [1] com.google.android.finsky.FinskyApp.i(1468): No account configured on this device.
W/Settings( 8742): Setting download_manager_max_bytes_over_mobile has moved from android.provider.Settings.Secure to android.provider.Settings.Global.
W/Settings( 8742): Setting download_manager_recommended_max_bytes_over_mobile has moved from android.provider.Settings.Secure to android.provider.Settings.Global.
W/Finsky  ( 8742): [1] com.google.android.finsky.FinskyApp.i(1468): No account configured on this device.
W/Finsky  ( 8742): [1] com.google.android.finsky.FinskyApp.i(1468): No account configured on this device.
W/Finsky  ( 8742): [1] com.google.android.finsky.FinskyApp.i(1468): No account configured on this device.
W/Finsky  ( 8742): [1] com.google.android.finsky.FinskyApp.i(1468): No account configured on this device.
W/Finsky  ( 8742): [1] com.google.android.finsky.FinskyApp.i(1468): No account configured on this device.
W/Finsky  ( 8742): [1] com.google.android.finsky.FinskyApp.b(1150): No account configured on this device.
W/Finsky  ( 8742): [1] com.google.android.finsky.FinskyApp.i(1468): No account configured on this device.
I/Finsky  ( 8742): [1] com.google.android.vending.verifier.PackageVerificationReceiver.onReceive(2107): Skipping verification. Disabled by user setting
I/ActivityManager(  869): Killing 5800:com.android.musicfx/u0a29 (adj 906): empty #17
I/Finsky  ( 8742): [1] com.google.android.finsky.receivers.j.a(1226): Installer kick - no action, not running yet
I/Finsky  ( 8742): [1] com.google.android.finsky.c.l.a(270): result=false type=4
W/Finsky  ( 8742): [377] com.google.android.finsky.FinskyApp.i(1468): No account configured on this device.
I/Finsky  ( 8742): [1] com.google.android.finsky.services.bc.a(1050): Restore complete with 0 success and 0 failed.
I/PackageManager.DexOptimizer(  869): Running dexopt (dex2oat) on: /data/app/vmdl866441303.tmp/base.apk pkg=com.careerbuilder.SugarDrone isa=arm vmSafeMode=false debuggable=true target-filter=interpret-only oatDir = /data/app/vmdl866441303.tmp/oat sharedLibraries=null
W/Finsky  ( 8742): [377] com.google.android.finsky.FinskyApp.i(1468): No account configured on this device.
I/dex2oat ( 8794): /system/bin/dex2oat --compiler-filter=interpret-only -j4 --debuggable
W/dex2oat ( 8794): Before Android 4.1, method android.graphics.PorterDuffColorFilter android.support.graphics.drawable.VectorDrawableCompat.updateTintFilter(android.graphics.PorterDuffColorFilter, android.content.res.ColorStateList, android.graphics.PorterDuff$Mode) would have incorrectly overridden the package-private method in android.graphics.drawable.Drawable
W/dex2oat ( 8794): Before Android 4.1, method int android.support.v7.widget.ListViewCompat.lookForSelectablePosition(int, boolean) would have incorrectly overridden the package-private method in android.widget.ListView
I/dex2oat ( 8794): dex2oat took 1.962s (threads: 4) arena alloc=4KB (4648B) java alloc=4MB (5069208B) native alloc=6MB (7300816B) free=2MB (2660656B)
W/PackageManager(  869): Not granting permission android.permission.MANAGE_DOCUMENTS to package com.careerbuilder.SugarDrone (protectionLevel=2 flags=0x3808be46)
W/PackageManager(  869): Not granting permission android.permission.MOUNT_UNMOUNT_FILESYSTEMS to package com.careerbuilder.SugarDrone (protectionLevel=18 flags=0x3808be46)
V/BackupManagerService(  869): restoreAtInstall pkg=com.careerbuilder.SugarDrone token=5 restoreSet=0
V/BackupManagerService(  869): Finishing install immediately
I/ActivityManager(  869): Killing 5837:com.google.android.apps.docs/u0a52 (adj 906): empty #17
I/art     (  869): Starting a blocking GC Explicit
I/art     (  869): Explicit concurrent mark sweep GC freed 105465(6MB) AllocSpace objects, 16(784KB) LOS objects, 33% free, 16MB/24MB, paused 1.801ms total 110.624ms
E/        (  508): Couldn't opendir /data/app/vmdl866441303.tmp: No such file or directory
I/ActivityManager(  869): Start proc 8839:com.android.musicfx/u0a29 for broadcast com.android.musicfx/.Compatibility$Receiver
I/InputReader(  869): Reconfiguring input devices.  changes=0x00000010
W/ActivityManager(  869): Permission Denial: Accessing service ComponentInfo{com.google.android.music/com.google.android.music.dial.DialMediaRouteProviderService} from pid=5322, uid=10085 that is not exported from uid 10071
D/CarrierSvcBindHelper( 3279): No carrier app for: 0
D/CarrierConfigLoader( 3279): mHandler: 9 phoneId: 0
D/RegisteredNfcFServicesCache( 4187): Service unchanged, not updating
W/System  ( 8839): ClassLoader referenced unknown path: /system/priv-app/MusicFX/lib/arm64
I/art     ( 8677): System.exit called, status: 0
I/AndroidRuntime( 8677): VM exiting with result code 0.
I/Finsky  ( 8742): [1] com.google.android.finsky.utils.PermissionPolicies$PermissionPolicyService.onStartCommand(117): post-install permissions check for com.careerbuilder.SugarDrone
W/Finsky  ( 8742): [1] com.google.android.finsky.FinskyApp.i(1468): No account configured on this device.
I/ActivityManager(  869): Start proc 8857:com.google.android.apps.docs/u0a52 for broadcast com.google.android.apps.docs/.receivers.AppPackageAddRemoveReceiver
I/Finsky  ( 8742): [1] com.google.android.finsky.utils.bh.run(2302): Package state data is missing for com.careerbuilder.SugarDrone
W/Finsky  ( 8742): [1] com.google.android.finsky.FinskyApp.i(1468): No account configured on this device.
I/ActivityManager(  869): Killing 5887:com.google.android.partnersetup/u0a25 (adj 906): empty #17
W/System  ( 8857): ClassLoader referenced unknown path: /system/app/Drive/lib/arm64
I/GAv4    ( 8857): Google Analytics 8.4.87 is starting up. To enable debug logging on a device run:
I/GAv4    ( 8857):   adb shell setprop log.tag.GAv4 DEBUG
I/GAv4    ( 8857):   adb logcat -s GAv4
W/GAv4    ( 8857): AnalyticsReceiver is not registered or is disabled. Register the receiver for reliable dispatching on non-Google Play devices. See http://goo.gl/8Rd3yj for instructions.
W/GAv4    ( 8857): CampaignTrackingReceiver is not registered, not exported or is disabled. Installation campaign tracking is not possible. See http://goo.gl/8Rd3yj for instructions.
W/GAv4    ( 8857): AnalyticsService not registered in the app manifest. Hits might not be delivered reliably. See http://goo.gl/8Rd3yj for instructions.
I/ActivityManager(  869): Killing 7480:com.google.android.gms.unstable/u0a18 (adj 906): empty #17
I/ActivityManager(  869): Start proc 8911:com.google.android.partnersetup/u0a25 for broadcast com.google.android.partnersetup/.RlzPingBroadcastReceiver
I/UpdateIcingCorporaServi( 4292): Updating corpora: APPS=com.careerbuilder.SugarDrone, CONTACTS=MAYBE
D/Wear_Controller( 4449): Received broadcast action=android.intent.action.PACKAGE_ADDED and uri=com.careerbuilder.SugarDrone
I/PeopleContactsSync( 4449): triggerPendingContactsCleanup: no accounts
W/System  ( 8911): ClassLoader referenced unknown path: /system/priv-app/GooglePartnerSetup/lib/arm64
I/ActivityManager(  869): Killing 5619:com.android.printspooler/u0a80 (adj 906): empty #17
W/IcingInternalCorpora( 4449): getNumBytesRead when not calculated.
D/AndroidRuntime( 8886): >>>>>> START com.android.internal.os.RuntimeInit uid 2000 <<<<<<
D/AndroidRuntime( 8886): CheckJNI is OFF
D/ICU     ( 8886): No timezone override file found: /data/misc/zoneinfo/current/icu/icu_tzdata.dat
I/UpdateIcingCorporaServi( 4292): UpdateCorporaTask done [took 370 ms] updated apps [took 370 ms] 
I/Icing   ( 4449): Usage reports 0 indexed 0 rejected 0 imm upload true
I/Icing   ( 4449): Usage reports 0 indexed 0 rejected 0 imm upload false
I/Radio-JNI( 8886): register_android_hardware_Radio DONE
I/Icing   ( 4449): Usage reports 0 indexed 0 rejected 0 imm upload false
D/AndroidRuntime( 8886): Calling main entry com.android.commands.settings.SettingsCmd
D/AndroidRuntime( 8886): Shutting down VM
D/AndroidRuntime( 8949): >>>>>> START com.android.internal.os.RuntimeInit uid 2000 <<<<<<
D/AndroidRuntime( 8949): CheckJNI is OFF
D/ICU     ( 8949): No timezone override file found: /data/misc/zoneinfo/current/icu/icu_tzdata.dat
I/Radio-JNI( 8949): register_android_hardware_Radio DONE
D/AndroidRuntime( 8949): Calling main entry com.android.commands.settings.SettingsCmd
D/AndroidRuntime( 8949): Shutting down VM
I/Icing   ( 4449): Indexing 9DCF3645595342548DD84D636A590C4D536A835D from com.google.android.googlequicksearchbox
I/Icing   ( 4449): Indexing done 9DCF3645595342548DD84D636A590C4D536A835D
I/Icing   ( 4449): Indexing A2F718106598400F6D2BFCAAC5AAD1AFFDB81829 from com.google.android.gms
I/Icing   ( 4449): Indexing done A2F718106598400F6D2BFCAAC5AAD1AFFDB81829
D/AndroidRuntime( 8976): >>>>>> START com.android.internal.os.RuntimeInit uid 2000 <<<<<<
D/AndroidRuntime( 8976): CheckJNI is OFF
D/ICU     ( 8976): No timezone override file found: /data/misc/zoneinfo/current/icu/icu_tzdata.dat
I/Radio-JNI( 8976): register_android_hardware_Radio DONE
D/AndroidRuntime( 8976): Calling main entry com.android.commands.settings.SettingsCmd
D/AndroidRuntime( 8976): Shutting down VM
D/AndroidRuntime( 9002): >>>>>> START com.android.internal.os.RuntimeInit uid 2000 <<<<<<
D/AndroidRuntime( 9002): CheckJNI is OFF
D/ICU     ( 9002): No timezone override file found: /data/misc/zoneinfo/current/icu/icu_tzdata.dat
I/Radio-JNI( 9002): register_android_hardware_Radio DONE
D/AndroidRuntime( 9002): Calling main entry com.android.commands.settings.SettingsCmd
D/AndroidRuntime( 9002): Shutting down VM
W/art     ( 9002): Thread attaching while runtime is shutting down: Binder:9002_2
I/AndroidRuntime( 9002): NOTE: attach of thread 'Binder:9002_2' failed
D/AndroidRuntime( 9026): >>>>>> START com.android.internal.os.RuntimeInit uid 2000 <<<<<<
D/AndroidRuntime( 9026): CheckJNI is OFF
D/ICU     ( 9026): No timezone override file found: /data/misc/zoneinfo/current/icu/icu_tzdata.dat
I/Radio-JNI( 9026): register_android_hardware_Radio DONE
D/AndroidRuntime( 9026): Calling main entry com.android.commands.settings.SettingsCmd
D/AndroidRuntime( 9026): Shutting down VM
I/rmt_storage(  396): rmt_storage_connect_cb: clnt_h=0xc conn_h=0x7cd922a210
I/rmt_storage(  396): rmt_storage_rw_iovec_cb: /boot/modem_fs1: clnt_h=0x4: req_h=0xc msg_id=3: R/W request received
I/rmt_storage(  396): wakelock acquired: 1, error no: 42
I/rmt_storage(  396): rmt_storage_client_thread: /boot/modem_fs1: clnt_h=0x4 Unblock worker thread (th_id: 536217121872)
I/rmt_storage(  396): rmt_storage_client_thread: /boot/modem_fs1: clnt_h=0x4: req_h=0xc msg_id=3: Bytes written = 1572864
I/rmt_storage(  396): rmt_storage_client_thread: /boot/modem_fs1: clnt_h=0x4: req_h=0xc msg_id=3: Send response: res=0 err=0
I/rmt_storage(  396): rmt_storage_client_thread: /boot/modem_fs1: clnt_h=0x4 About to block rmt_storage client thread (th_id: 536217121872) wakelock released: 1, error no: 22
I/rmt_storage(  396): 
I/rmt_storage(  396): rmt_storage_disconnect_cb: clnt_h=0xc conn_h=0x7cd922a210
D/AndroidRuntime( 9059): >>>>>> START com.android.internal.os.RuntimeInit uid 2000 <<<<<<
D/AndroidRuntime( 9059): CheckJNI is OFF
D/ICU     ( 9059): No timezone override file found: /data/misc/zoneinfo/current/icu/icu_tzdata.dat
I/Radio-JNI( 9059): register_android_hardware_Radio DONE
D/AndroidRuntime( 9059): Calling main entry com.android.commands.pm.Pm
W/MessageQueue( 9059): Handler (android.os.Handler) {6cd865c} sending message to a Handler on a dead thread
W/MessageQueue( 9059): java.lang.IllegalStateException: Handler (android.os.Handler) {6cd865c} sending message to a Handler on a dead thread
W/MessageQueue( 9059): 	at android.os.MessageQueue.enqueueMessage(MessageQueue.java:543)
W/MessageQueue( 9059): 	at android.os.Handler.enqueueMessage(Handler.java:643)
W/MessageQueue( 9059): 	at android.os.Handler.sendMessageAtTime(Handler.java:612)
W/MessageQueue( 9059): 	at android.os.Handler.sendMessageDelayed(Handler.java:582)
W/MessageQueue( 9059): 	at android.os.Handler.post(Handler.java:338)
W/MessageQueue( 9059): 	at android.os.ResultReceiver$MyResultReceiver.send(ResultReceiver.java:57)
W/MessageQueue( 9059): 	at com.android.internal.os.IResultReceiver$Stub.onTransact(IResultReceiver.java:58)
W/MessageQueue( 9059): 	at android.os.Binder.execTransact(Binder.java:565)
I/art     ( 9059): System.exit called, status: 0
I/AndroidRuntime( 9059): VM exiting with result code 0.
D/AndroidRuntime( 9113): >>>>>> START com.android.internal.os.RuntimeInit uid 2000 <<<<<<
D/AndroidRuntime( 9113): CheckJNI is OFF
D/ICU     ( 9113): No timezone override file found: /data/misc/zoneinfo/current/icu/icu_tzdata.dat
I/Radio-JNI( 9113): register_android_hardware_Radio DONE
D/AndroidRuntime( 9113): Calling main entry com.android.commands.pm.Pm
I/art     ( 9113): System.exit called, status: 0
I/AndroidRuntime( 9113): VM exiting with result code 0.
W/MessageQueue( 9113): Handler (android.os.Handler) {e1016d6} sending message to a Handler on a dead thread
W/MessageQueue( 9113): java.lang.IllegalStateException: Handler (android.os.Handler) {e1016d6} sending message to a Handler on a dead thread
W/MessageQueue( 9113): 	at android.os.MessageQueue.enqueueMessage(MessageQueue.java:543)
W/MessageQueue( 9113): 	at android.os.Handler.enqueueMessage(Handler.java:643)
W/MessageQueue( 9113): 	at android.os.Handler.sendMessageAtTime(Handler.java:612)
W/MessageQueue( 9113): 	at android.os.Handler.sendMessageDelayed(Handler.java:582)
W/MessageQueue( 9113): 	at android.os.Handler.post(Handler.java:338)
W/MessageQueue( 9113): 	at android.os.ResultReceiver$MyResultReceiver.send(ResultReceiver.java:57)
W/MessageQueue( 9113): 	at com.android.internal.os.IResultReceiver$Stub.onTransact(IResultReceiver.java:58)
W/MessageQueue( 9113): 	at android.os.Binder.execTransact(Binder.java:565)
D/AndroidRuntime( 9195): >>>>>> START com.android.internal.os.RuntimeInit uid 2000 <<<<<<
D/AndroidRuntime( 9195): CheckJNI is OFF
D/ICU     ( 9195): No timezone override file found: /data/misc/zoneinfo/current/icu/icu_tzdata.dat
I/Radio-JNI( 9195): register_android_hardware_Radio DONE
D/AndroidRuntime( 9195): Calling main entry com.android.commands.am.Am
W/ActivityManager(  869): Invalid packageName: com.careerbuilder.SugarDrone.test
D/AndroidRuntime( 9195): Shutting down VM
D/AndroidRuntime( 9227): >>>>>> START com.android.internal.os.RuntimeInit uid 2000 <<<<<<
D/AndroidRuntime( 9227): CheckJNI is OFF
D/ICU     ( 9227): No timezone override file found: /data/misc/zoneinfo/current/icu/icu_tzdata.dat
I/Radio-JNI( 9227): register_android_hardware_Radio DONE
D/AndroidRuntime( 9227): Calling main entry com.android.commands.pm.Pm
I/        (  508): free_cache(609973) avail 10832330752
I/Finsky  ( 8742): [1] com.google.android.vending.verifier.PackageVerificationReceiver.onReceive(2107): Skipping verification. Disabled by user setting
I/PackageManager.DexOptimizer(  869): Running dexopt (dex2oat) on: /data/app/vmdl1786299474.tmp/base.apk pkg=com.careerbuilder.SugarDrone.test isa=arm64 vmSafeMode=false debuggable=false target-filter=interpret-only oatDir = /data/app/vmdl1786299474.tmp/oat sharedLibraries=/system/framework/android.test.runner.jar:/system/framework/com.google.android.maps.jar
I/dex2oat ( 9254): /system/bin/dex2oat --compiler-filter=interpret-only -j4
V/JNIHelp ( 8857): Registering com/google/android/gms/org/conscrypt/NativeCrypto's 242 native methods...
D/NetworkSecurityConfig( 8857): No Network Security Config specified, using platform default
I/ProviderInstaller( 8857): Installed default security provider GmsCore_OpenSSL
I/dex2oat ( 9254): dex2oat took 694.777ms (threads: 4) arena alloc=60KB (61952B) java alloc=2MB (2260048B) native alloc=2MB (2695344B) free=1975KB (2023248B)
W/PackageManager(  869): Not granting permission android.permission.ACCESS_MOCK_LOCATION to package com.careerbuilder.SugarDrone.test (protectionLevel=2 flags=0x1800be44)
V/BackupManagerService(  869): restoreAtInstall pkg=com.careerbuilder.SugarDrone.test token=6 restoreSet=0
V/BackupManagerService(  869): Finishing install immediately
I/art     (  869): Starting a blocking GC Explicit
I/art     (  869): Explicit concurrent mark sweep GC freed 45932(2MB) AllocSpace objects, 7(140KB) LOS objects, 33% free, 15MB/23MB, paused 1.678ms total 93.697ms
E/        (  508): Couldn't opendir /data/app/vmdl1786299474.tmp: No such file or directory
I/art     ( 9227): System.exit called, status: 0
I/AndroidRuntime( 9227): VM exiting with result code 0.
I/InputReader(  869): Reconfiguring input devices.  changes=0x00000010
W/ActivityManager(  869): Permission Denial: Accessing service ComponentInfo{com.google.android.music/com.google.android.music.dial.DialMediaRouteProviderService} from pid=5322, uid=10085 that is not exported from uid 10071
D/RegisteredNfcFServicesCache( 4187): Service unchanged, not updating
D/CarrierSvcBindHelper( 3279): No carrier app for: 0
D/CarrierConfigLoader( 3279): mHandler: 9 phoneId: 0
I/Finsky  ( 8742): [1] com.google.android.finsky.utils.PermissionPolicies$PermissionPolicyService.onStartCommand(117): post-install permissions check for com.careerbuilder.SugarDrone.test
W/Finsky  ( 8742): [1] com.google.android.finsky.FinskyApp.i(1468): No account configured on this device.
I/Finsky  ( 8742): [1] com.google.android.finsky.utils.bh.run(2302): Package state data is missing for com.careerbuilder.SugarDrone.test
W/Finsky  ( 8742): [1] com.google.android.finsky.FinskyApp.i(1468): No account configured on this device.
I/UpdateIcingCorporaServi( 4292): Updating corpora: APPS=com.careerbuilder.SugarDrone.test, CONTACTS=MAYBE
I/UpdateIcingCorporaServi( 4292): UpdateCorporaTask done [took 31 ms] updated apps [took 31 ms] 
D/Wear_Controller( 4449): Received broadcast action=android.intent.action.PACKAGE_ADDED and uri=com.careerbuilder.SugarDrone.test
I/PeopleContactsSync( 4449): triggerPendingContactsCleanup: no accounts
W/IcingInternalCorpora( 4449): getNumBytesRead when not calculated.
I/Icing   ( 4449): Usage reports 0 indexed 0 rejected 0 imm upload false
I/Icing   ( 4449): Usage reports 0 indexed 0 rejected 0 imm upload false
D/AndroidRuntime( 9304): >>>>>> START com.android.internal.os.RuntimeInit uid 2000 <<<<<<
D/AndroidRuntime( 9304): CheckJNI is OFF
D/ICU     ( 9304): No timezone override file found: /data/misc/zoneinfo/current/icu/icu_tzdata.dat
I/Radio-JNI( 9304): register_android_hardware_Radio DONE
D/AndroidRuntime( 9304): Calling main entry com.android.commands.settings.SettingsCmd
D/AndroidRuntime( 9304): Shutting down VM
I/Icing   ( 4449): Indexing A2F718106598400F6D2BFCAAC5AAD1AFFDB81829 from com.google.android.gms
I/Icing   ( 4449): Indexing done A2F718106598400F6D2BFCAAC5AAD1AFFDB81829
D/AndroidRuntime( 9337): >>>>>> START com.android.internal.os.RuntimeInit uid 2000 <<<<<<
D/AndroidRuntime( 9337): CheckJNI is OFF
D/ICU     ( 9337): No timezone override file found: /data/misc/zoneinfo/current/icu/icu_tzdata.dat
I/Radio-JNI( 9337): register_android_hardware_Radio DONE
D/AndroidRuntime( 9337): Calling main entry com.android.commands.settings.SettingsCmd
D/AndroidRuntime( 9337): Shutting down VM
D/AndroidRuntime( 9366): >>>>>> START com.android.internal.os.RuntimeInit uid 2000 <<<<<<
D/AndroidRuntime( 9366): CheckJNI is OFF
D/ICU     ( 9366): No timezone override file found: /data/misc/zoneinfo/current/icu/icu_tzdata.dat
I/Radio-JNI( 9366): register_android_hardware_Radio DONE
D/AndroidRuntime( 9366): Calling main entry com.android.commands.settings.SettingsCmd
D/AndroidRuntime( 9366): Shutting down VM
D/AndroidRuntime( 9392): >>>>>> START com.android.internal.os.RuntimeInit uid 2000 <<<<<<
D/AndroidRuntime( 9392): CheckJNI is OFF
D/ICU     ( 9392): No timezone override file found: /data/misc/zoneinfo/current/icu/icu_tzdata.dat
I/Radio-JNI( 9392): register_android_hardware_Radio DONE
D/AndroidRuntime( 9392): Calling main entry com.android.commands.settings.SettingsCmd
D/AndroidRuntime( 9392): Shutting down VM
D/AndroidRuntime( 9416): >>>>>> START com.android.internal.os.RuntimeInit uid 2000 <<<<<<
D/AndroidRuntime( 9416): CheckJNI is OFF
D/ICU     ( 9416): No timezone override file found: /data/misc/zoneinfo/current/icu/icu_tzdata.dat
I/Radio-JNI( 9416): register_android_hardware_Radio DONE
D/AndroidRuntime( 9416): Calling main entry com.android.commands.settings.SettingsCmd
D/AndroidRuntime( 9416): Shutting down VM
D/AndroidRuntime( 9448): >>>>>> START com.android.internal.os.RuntimeInit uid 2000 <<<<<<
D/AndroidRuntime( 9448): CheckJNI is OFF
D/ICU     ( 9448): No timezone override file found: /data/misc/zoneinfo/current/icu/icu_tzdata.dat
I/Radio-JNI( 9448): register_android_hardware_Radio DONE
D/AndroidRuntime( 9448): Calling main entry com.android.commands.pm.Pm
W/MessageQueue( 9448): Handler (android.os.Handler) {dfe3175} sending message to a Handler on a dead thread
W/MessageQueue( 9448): java.lang.IllegalStateException: Handler (android.os.Handler) {dfe3175} sending message to a Handler on a dead thread
W/MessageQueue( 9448): 	at android.os.MessageQueue.enqueueMessage(MessageQueue.java:543)
W/MessageQueue( 9448): 	at android.os.Handler.enqueueMessage(Handler.java:643)
W/MessageQueue( 9448): 	at android.os.Handler.sendMessageAtTime(Handler.java:612)
W/MessageQueue( 9448): 	at android.os.Handler.sendMessageDelayed(Handler.java:582)
W/MessageQueue( 9448): 	at android.os.Handler.post(Handler.java:338)
W/MessageQueue( 9448): 	at android.os.ResultReceiver$MyResultReceiver.send(ResultReceiver.java:57)
W/MessageQueue( 9448): 	at com.android.internal.os.IResultReceiver$Stub.onTransact(IResultReceiver.java:58)
W/MessageQueue( 9448): 	at android.os.Binder.execTransact(Binder.java:565)
I/art     ( 9448): System.exit called, status: 0
I/AndroidRuntime( 9448): VM exiting with result code 0.
D/AndroidRuntime( 9502): >>>>>> START com.android.internal.os.RuntimeInit uid 2000 <<<<<<
D/AndroidRuntime( 9502): CheckJNI is OFF
D/ICU     ( 9502): No timezone override file found: /data/misc/zoneinfo/current/icu/icu_tzdata.dat
I/Radio-JNI( 9502): register_android_hardware_Radio DONE
D/AndroidRuntime( 9502): Calling main entry com.android.commands.pm.Pm
W/MessageQueue( 9502): Handler (android.os.Handler) {540c1ef} sending message to a Handler on a dead thread
W/MessageQueue( 9502): java.lang.IllegalStateException: Handler (android.os.Handler) {540c1ef} sending message to a Handler on a dead thread
W/MessageQueue( 9502): 	at android.os.MessageQueue.enqueueMessage(MessageQueue.java:543)
W/MessageQueue( 9502): 	at android.os.Handler.enqueueMessage(Handler.java:643)
W/MessageQueue( 9502): 	at android.os.Handler.sendMessageAtTime(Handler.java:612)
W/MessageQueue( 9502): 	at android.os.Handler.sendMessageDelayed(Handler.java:582)
W/MessageQueue( 9502): 	at android.os.Handler.post(Handler.java:338)
W/MessageQueue( 9502): 	at android.os.ResultReceiver$MyResultReceiver.send(ResultReceiver.java:57)
W/MessageQueue( 9502): 	at com.android.internal.os.IResultReceiver$Stub.onTransact(IResultReceiver.java:58)
W/MessageQueue( 9502): 	at android.os.Binder.execTransact(Binder.java:565)
I/art     ( 9502): System.exit called, status: 0
I/AndroidRuntime( 9502): VM exiting with result code 0.
D/AndroidRuntime( 9571): >>>>>> START com.android.internal.os.RuntimeInit uid 2000 <<<<<<
D/AndroidRuntime( 9571): CheckJNI is OFF
D/ICU     ( 9571): No timezone override file found: /data/misc/zoneinfo/current/icu/icu_tzdata.dat
I/Radio-JNI( 9571): register_android_hardware_Radio DONE
D/AndroidRuntime( 9571): Calling main entry com.android.commands.input.Input
I/Input   ( 9571): injectKeyEvent: KeyEvent { action=ACTION_DOWN, keyCode=KEYCODE_BACK, scanCode=0, metaState=0, flags=0x0, repeatCount=0, eventTime=281941, downTime=281941, deviceId=-1, source=0x101 }
I/Input   ( 9571): injectKeyEvent: KeyEvent { action=ACTION_UP, keyCode=KEYCODE_BACK, scanCode=0, metaState=0, flags=0x0, repeatCount=0, eventTime=281941, downTime=281941, deviceId=-1, source=0x101 }
D/AndroidRuntime( 9571): Shutting down VM
D/AndroidRuntime( 9630): >>>>>> START com.android.internal.os.RuntimeInit uid 2000 <<<<<<
D/AndroidRuntime( 9630): CheckJNI is OFF
D/ICU     ( 9630): No timezone override file found: /data/misc/zoneinfo/current/icu/icu_tzdata.dat
I/Radio-JNI( 9630): register_android_hardware_Radio DONE
D/AndroidRuntime( 9630): Calling main entry com.android.commands.input.Input
I/Input   ( 9630): injectKeyEvent: KeyEvent { action=ACTION_DOWN, keyCode=KEYCODE_HOME, scanCode=0, metaState=0, flags=0x0, repeatCount=0, eventTime=283790, downTime=283790, deviceId=-1, source=0x101 }
I/Input   ( 9630): injectKeyEvent: KeyEvent { action=ACTION_UP, keyCode=KEYCODE_HOME, scanCode=0, metaState=0, flags=0x0, repeatCount=0, eventTime=283790, downTime=283790, deviceId=-1, source=0x101 }
I/ActivityManager(  869): START u0 {act=android.intent.action.MAIN cat=[android.intent.category.HOME] flg=0x10200000 cmp=com.google.android.googlequicksearchbox/com.google.android.launcher.GEL (has extras)} from uid 1000 on display 0
D/AndroidRuntime( 9630): Shutting down VM
W/SearchService( 4292): Abort, client detached.
I/GEL     ( 4237): handleIntent(Intent { act=android.intent.action.MAIN cat=[android.intent.category.HOME] flg=0x10200000 cmp=com.google.android.googlequicksearchbox/com.google.android.launcher.GEL (has extras) })
I/MicroDetector( 4292): Keeping mic open: false
I/DeviceStateChecker( 4292): DeviceStateChecker cancelled
I/MicrophoneInputStream( 4292): mic_close com.google.android.apps.gsa.speech.audio.ah@86039b4
E/AudioRecord-JNI( 4292): Error -4 during AudioRecord native read
D/sound_trigger_platform(  505): platform_stdev_check_and_update_concurrency: concurrency active 0, tx 0, rx 0, concurrency session_allowed 1
I/SoundTriggerHwService::Module(  505): void android::SoundTriggerHwService::Module::onCallbackEvent(const sp<android::SoundTriggerHwService::CallbackEvent> &) mClient == 0
I/MicroRecognitionRunner( 4292): Stopping hotword detection.
I/MicroDetectionWorker( 4292): Micro detection mode: [mDetectionMode: [1]].
I/MicroRecognitionRunner( 4292): Detection finished
I/MicroRecognitionRunner( 4292): Starting detection.
I/MicrophoneInputStream( 4292): mic_starting com.google.android.apps.gsa.speech.audio.ah@a9898b2
I/SoundTriggerHwService::Module(  505): void android::SoundTriggerHwService::Module::onCallbackEvent(const sp<android::SoundTriggerHwService::CallbackEvent> &) mClient == 0
I/AudioFlinger(  505): AudioFlinger's thread 0xeac83500 ready to run
I/MicrophoneInputStream( 4292): mic_started com.google.android.apps.gsa.speech.audio.ah@a9898b2
E/audio_route(  505): unable to find path 'set-capture-format-default'
D/sound_trigger_platform(  505): platform_stdev_check_and_update_concurrency: concurrency active 0, tx 1, rx 0, concurrency session_allowed 0
I/MicroDetectionWorker( 4292): onReady
D/AndroidRuntime( 9671): >>>>>> START com.android.internal.os.RuntimeInit uid 2000 <<<<<<
D/AndroidRuntime( 9671): CheckJNI is OFF
D/ICU     ( 9671): No timezone override file found: /data/misc/zoneinfo/current/icu/icu_tzdata.dat
I/Radio-JNI( 9671): register_android_hardware_Radio DONE
D/AndroidRuntime( 9671): Calling main entry com.android.commands.input.Input
I/Input   ( 9671): injectKeyEvent: KeyEvent { action=ACTION_DOWN, keyCode=KEYCODE_BACK, scanCode=0, metaState=0, flags=0x0, repeatCount=0, eventTime=285209, downTime=285209, deviceId=-1, source=0x101 }
I/Input   ( 9671): injectKeyEvent: KeyEvent { action=ACTION_UP, keyCode=KEYCODE_BACK, scanCode=0, metaState=0, flags=0x0, repeatCount=0, eventTime=285209, downTime=285209, deviceId=-1, source=0x101 }
D/AndroidRuntime( 9671): Shutting down VM
D/AndroidRuntime( 9708): >>>>>> START com.android.internal.os.RuntimeInit uid 2000 <<<<<<
D/AndroidRuntime( 9708): CheckJNI is OFF
D/ICU     ( 9708): No timezone override file found: /data/misc/zoneinfo/current/icu/icu_tzdata.dat
I/Radio-JNI( 9708): register_android_hardware_Radio DONE
D/AndroidRuntime( 9708): Calling main entry com.android.commands.am.Am
I/ActivityManager(  869): Force stopping com.careerbuilder.SugarDrone appid=19800 user=0: start instr
I/art     ( 9735): Late-enabling -Xcheck:jni
I/ActivityManager(  869): Start proc 9735:com.careerbuilder.SugarDrone/u0a9800 for added application com.careerbuilder.SugarDrone
W/System  ( 9735): ClassLoader referenced unknown path: /data/app/com.careerbuilder.SugarDrone.test-1/lib/arm64
W/System  ( 9735): ClassLoader referenced unknown path: 
W/monodroid( 9735): Using override path: /data/user/0/com.careerbuilder.SugarDrone/files/.__override__
W/monodroid( 9735): Trying to load sgen from: /data/user/0/com.careerbuilder.SugarDrone/files/.__override__/libmonosgen-2.0.so
W/monodroid( 9735): Trying to load sgen from: /storage/emulated/0/Android/data/com.careerbuilder.SugarDrone/files/.__override__/libmonosgen-2.0.so
W/monodroid( 9735): Trying to load sgen from: /data/app/com.careerbuilder.SugarDrone-1/lib/arm/libmonosgen-2.0.so
D/Mono    ( 9735): Image addref mscorlib[0xe4884da0] -> mscorlib.dll[0xe48bc400]: 2
D/Mono    ( 9735): Prepared to set up assembly 'mscorlib' (mscorlib.dll)
D/Mono    ( 9735): AOT module 'mscorlib.dll.so' not found: dlopen failed: library "/data/app/com.careerbuilder.SugarDrone-1/lib/arm/libaot-mscorlib.dll.so" not found
D/Mono    ( 9735): AOT module '/Users/builder/data/lanes/4009/3a62f1ea/source/monodroid/builds/install/mono-armv6/lib/mono/aot-cache/arm/mscorlib.dll.so' not found: dlopen failed: library "/data/app/com.careerbuilder.SugarDrone-1/lib/arm/libaot-mscorlib.dll.so" not found
D/Mono    ( 9735): Config attempting to parse: 'mscorlib.dll.config'.
D/Mono    ( 9735): Config attempting to parse: '/Users/builder/data/lanes/4009/3a62f1ea/source/monodroid/builds/install/mono-armv6/etc/mono/assemblies/mscorlib/mscorlib.config'.
D/Mono    ( 9735): Assembly mscorlib[0xe4884da0] added to domain RootDomain, ref_count=1
D/Mono    ( 9735): Image addref CareerBuilder_Search.Droid[0xe4884e60] -> CareerBuilder_Search.Droid.dll[0xe48bd300]: 2
D/Mono    ( 9735): Prepared to set up assembly 'CareerBuilder_Search.Droid' (CareerBuilder_Search.Droid.dll)
D/Mono    ( 9735): Assembly CareerBuilder_Search.Droid[0xe4884e60] added to domain RootDomain, ref_count=1
D/Mono    ( 9735): AOT module 'CareerBuilder_Search.Droid.dll.so' not found: dlopen failed: library "/data/app/com.careerbuilder.SugarDrone-1/lib/arm/libaot-CareerBuilder_Search.Droid.dll.so" not found
D/Mono    ( 9735): AOT module '/Users/builder/data/lanes/4009/3a62f1ea/source/monodroid/builds/install/mono-armv6/lib/mono/aot-cache/arm/CareerBuilder_Search.Droid.dll.so' not found: dlopen failed: library "/data/app/com.careerbuilder.SugarDrone-1/lib/arm/libaot-CareerBuilder_Search.Droid.dll.so" not found
D/Mono    ( 9735): Config attempting to parse: 'CareerBuilder_Search.Droid.dll.config'.
D/Mono    ( 9735): Config attempting to parse: '/Users/builder/data/lanes/4009/3a62f1ea/source/monodroid/builds/install/mono-armv6/etc/mono/assemblies/CareerBuilder_Search.Droid/CareerBuilder_Search.Droid.config'.
D/Mono    ( 9735): Image addref AppsFlyerXamarinBindingAndroid[0xe4884fe0] -> AppsFlyerXamarinBindingAndroid.dll[0xe48bd800]: 2
D/Mono    ( 9735): Prepared to set up assembly 'AppsFlyerXamarinBindingAndroid' (AppsFlyerXamarinBindingAndroid.dll)
D/Mono    ( 9735): Assembly AppsFlyerXamarinBindingAndroid[0xe4884fe0] added to domain RootDomain, ref_count=1
D/Mono    ( 9735): AOT module 'AppsFlyerXamarinBindingAndroid.dll.so' not found: dlopen failed: library "/data/app/com.careerbuilder.SugarDrone-1/lib/arm/libaot-AppsFlyerXamarinBindingAndroid.dll.so" not found
D/Mono    ( 9735): AOT module '/Users/builder/data/lanes/4009/3a62f1ea/source/monodroid/builds/install/mono-armv6/lib/mono/aot-cache/arm/AppsFlyerXamarinBindingAndroid.dll.so' not found: dlopen failed: library "/data/app/com.careerbuilder.SugarDrone-1/lib/arm/libaot-AppsFlyerXamarinBindingAndroid.dll.so" not found
D/Mono    ( 9735): Config attempting to parse: 'AppsFlyerXamarinBindingAndroid.dll.config'.
D/Mono    ( 9735): Config attempting to parse: '/Users/builder/data/lanes/4009/3a62f1ea/source/monodroid/builds/install/mono-armv6/etc/mono/assemblies/AppsFlyerXamarinBindingAndroid/AppsFlyerXamarinBindingAndroid.config'.
D/Mono    ( 9735): Image addref HockeySDK[0xe48850a0] -> HockeySDK.dll[0xe48bdd00]: 2
D/Mono    ( 9735): Prepared to set up assembly 'HockeySDK' (HockeySDK.dll)
D/Mono    ( 9735): Assembly HockeySDK[0xe48850a0] added to domain RootDomain, ref_count=1
D/Mono    ( 9735): AOT module 'HockeySDK.dll.so' not found: dlopen failed: library "/data/app/com.careerbuilder.SugarDrone-1/lib/arm/libaot-HockeySDK.dll.so" not found
D/Mono    ( 9735): AOT module '/Users/builder/data/lanes/4009/3a62f1ea/source/monodroid/builds/install/mono-armv6/lib/mono/aot-cache/arm/HockeySDK.dll.so' not found: dlopen failed: library "/data/app/com.careerbuilder.SugarDrone-1/lib/arm/libaot-HockeySDK.dll.so" not found
D/Mono    ( 9735): Config attempting to parse: 'HockeySDK.dll.config'.
D/Mono    ( 9735): Config attempting to parse: '/Users/builder/data/lanes/4009/3a62f1ea/source/monodroid/builds/install/mono-armv6/etc/mono/assemblies/HockeySDK/HockeySDK.config'.
D/Mono    ( 9735): Image addref Akavache[0xe4885160] -> Akavache.dll[0xe48bf600]: 2
D/Mono    ( 9735): Prepared to set up assembly 'Akavache' (Akavache.dll)
D/Mono    ( 9735): Assembly Akavache[0xe4885160] added to domain RootDomain, ref_count=1
D/Mono    ( 9735): AOT module 'Akavache.dll.so' not found: dlopen failed: library "/data/app/com.careerbuilder.SugarDrone-1/lib/arm/libaot-Akavache.dll.so" not found
D/Mono    ( 9735): AOT module '/Users/builder/data/lanes/4009/3a62f1ea/source/monodroid/builds/install/mono-armv6/lib/mono/aot-cache/arm/Akavache.dll.so' not found: dlopen failed: library "/data/app/com.careerbuilder.SugarDrone-1/lib/arm/libaot-Akavache.dll.so" not found
D/Mono    ( 9735): Config attempting to parse: 'Akavache.dll.config'.
D/Mono    ( 9735): Config attempting to parse: '/Users/builder/data/lanes/4009/3a62f1ea/source/monodroid/builds/install/mono-armv6/etc/mono/assemblies/Akavache/Akavache.config'.
D/Mono    ( 9735): Image addref Akavache.Sqlite3[0xe4885880] -> Akavache.Sqlite3.dll[0xe48bfb00]: 2
D/Mono    ( 9735): Prepared to set up assembly 'Akavache.Sqlite3' (Akavache.Sqlite3.dll)
D/Mono    ( 9735): Assembly Akavache.Sqlite3[0xe4885880] added to domain RootDomain, ref_count=1
D/Mono    ( 9735): AOT module 'Akavache.Sqlite3.dll.so' not found: dlopen failed: library "/data/app/com.careerbuilder.SugarDrone-1/lib/arm/libaot-Akavache.Sqlite3.dll.so" not found
D/Mono    ( 9735): AOT module '/Users/builder/data/lanes/4009/3a62f1ea/source/monodroid/builds/install/mono-armv6/lib/mono/aot-cache/arm/Akavache.Sqlite3.dll.so' not found: dlopen failed: library "/data/app/com.careerbuilder.SugarDrone-1/lib/arm/libaot-Akavache.Sqlite3.dll.so" not found
W/        ( 9735): Symbol file LoadedFromMemory doesn't match image Akavache.Sqlite3.dll
D/Mono    ( 9735): Config attempting to parse: 'Akavache.Sqlite3.dll.config'.
D/Mono    ( 9735): Config attempting to parse: '/Users/builder/data/lanes/4009/3a62f1ea/source/monodroid/builds/install/mono-armv6/etc/mono/assemblies/Akavache.Sqlite3/Akavache.Sqlite3.config'.
D/Mono    ( 9735): Image addref Splat[0xe48859a0] -> Splat.dll[0xe2012000]: 2
D/Mono    ( 9735): Prepared to set up assembly 'Splat' (Splat.dll)
D/Mono    ( 9735): Assembly Splat[0xe48859a0] added to domain RootDomain, ref_count=1
D/Mono    ( 9735): AOT module 'Splat.dll.so' not found: dlopen failed: library "/data/app/com.careerbuilder.SugarDrone-1/lib/arm/libaot-Splat.dll.so" not found
D/Mono    ( 9735): AOT module '/Users/builder/data/lanes/4009/3a62f1ea/source/monodroid/builds/install/mono-armv6/lib/mono/aot-cache/arm/Splat.dll.so' not found: dlopen failed: library "/data/app/com.careerbuilder.SugarDrone-1/lib/arm/libaot-Splat.dll.so" not found
D/Mono    ( 9735): Config attempting to parse: 'Splat.dll.config'.
D/Mono    ( 9735): Config attempting to parse: '/Users/builder/data/lanes/4009/3a62f1ea/source/monodroid/builds/install/mono-armv6/etc/mono/assemblies/Splat/Splat.config'.
D/Mono    ( 9735): Image addref Microsoft.Practices.ServiceLocation[0xe4885a00] -> Microsoft.Practices.ServiceLocation.dll[0xe2012500]: 2
D/Mono    ( 9735): Prepared to set up assembly 'Microsoft.Practices.ServiceLocation' (Microsoft.Practices.ServiceLocation.dll)
D/Mono    ( 9735): Assembly Microsoft.Practices.ServiceLocation[0xe4885a00] added to domain RootDomain, ref_count=1
D/Mono    ( 9735): AOT module 'Microsoft.Practices.ServiceLocation.dll.so' not found: dlopen failed: library "/data/app/com.careerbuilder.SugarDrone-1/lib/arm/libaot-Microsoft.Practices.ServiceLocation.dll.so" not found
D/Mono    ( 9735): AOT module '/Users/builder/data/lanes/4009/3a62f1ea/source/monodroid/builds/install/mono-armv6/lib/mono/aot-cache/arm/Microsoft.Practices.ServiceLocation.dll.so' not found: dlopen failed: library "/data/app/com.careerbuilder.SugarDrone-1/lib/arm/libaot-Microsoft.Practices.ServiceLocation.dll.so" not found
D/Mono    ( 9735): Config attempting to parse: 'Microsoft.Practices.ServiceLocation.dll.config'.
D/Mono    ( 9735): Config attempting to parse: '/Users/builder/data/lanes/4009/3a62f1ea/source/monodroid/builds/install/mono-armv6/etc/mono/assemblies/Microsoft.Practices.ServiceLocation/Microsoft.Practices.ServiceLocation.config'.
D/Mono    ( 9735): Image addref Microsoft.Practices.Unity[0xe48f3480] -> Microsoft.Practices.Unity.dll[0xe2012a00]: 2
D/Mono    ( 9735): Prepared to set up assembly 'Microsoft.Practices.Unity' (Microsoft.Practices.Unity.dll)
D/Mono    ( 9735): Assembly Microsoft.Practices.Unity[0xe48f3480] added to domain RootDomain, ref_count=1
D/Mono    ( 9735): AOT module 'Microsoft.Practices.Unity.dll.so' not found: dlopen failed: library "/data/app/com.careerbuilder.SugarDrone-1/lib/arm/libaot-Microsoft.Practices.Unity.dll.so" not found
D/Mono    ( 9735): AOT module '/Users/builder/data/lanes/4009/3a62f1ea/source/monodroid/builds/install/mono-armv6/lib/mono/aot-cache/arm/Microsoft.Practices.Unity.dll.so' not found: dlopen failed: library "/data/app/com.careerbuilder.SugarDrone-1/lib/arm/libaot-Microsoft.Practices.Unity.dll.so" not found
D/Mono    ( 9735): Config attempting to parse: 'Microsoft.Practices.Unity.dll.config'.
D/Mono    ( 9735): Config attempting to parse: '/Users/builder/data/lanes/4009/3a62f1ea/source/monodroid/builds/install/mono-armv6/etc/mono/assemblies/Microsoft.Practices.Unity/Microsoft.Practices.Unity.config'.
D/Mono    ( 9735): Image addref Plugin.CurrentActivity[0xe48f34e0] -> Plugin.CurrentActivity.dll[0xe2012f00]: 2
D/Mono    ( 9735): Prepared to set up assembly 'Plugin.CurrentActivity' (Plugin.CurrentActivity.dll)
D/Mono    ( 9735): Assembly Plugin.CurrentActivity[0xe48f34e0] added to domain RootDomain, ref_count=1
D/Mono    ( 9735): AOT module 'Plugin.CurrentActivity.dll.so' not found: dlopen failed: library "/data/app/com.careerbuilder.SugarDrone-1/lib/arm/libaot-Plugin.CurrentActivity.dll.so" not found
D/Mono    ( 9735): AOT module '/Users/builder/data/lanes/4009/3a62f1ea/source/monodroid/builds/install/mono-armv6/lib/mono/aot-cache/arm/Plugin.CurrentActivity.dll.so' not found: dlopen failed: library "/data/app/com.careerbuilder.SugarDrone-1/lib/arm/libaot-Plugin.CurrentActivity.dll.so" not found
D/Mono    ( 9735): Config attempting to parse: 'Plugin.CurrentActivity.dll.config'.
D/Mono    ( 9735): Config attempting to parse: '/Users/builder/data/lanes/4009/3a62f1ea/source/monodroid/builds/install/mono-armv6/etc/mono/assemblies/Plugin.CurrentActivity/Plugin.CurrentActivity.config'.
D/Mono    ( 9735): Image addref Plugin.Permissions[0xe48f3540] -> Plugin.Permissions.dll[0xe2013400]: 2
D/Mono    ( 9735): Prepared to set up assembly 'Plugin.Permissions' (Plugin.Permissions.dll)
D/Mono    ( 9735): Assembly Plugin.Permissions[0xe48f3540] added to domain RootDomain, ref_count=1
D/Mono    ( 9735): AOT module 'Plugin.Permissions.dll.so' not found: dlopen failed: library "/data/app/com.careerbuilder.SugarDrone-1/lib/arm/libaot-Plugin.Permissions.dll.so" not found
D/Mono    ( 9735): AOT module '/Users/builder/data/lanes/4009/3a62f1ea/source/monodroid/builds/install/mono-armv6/lib/mono/aot-cache/arm/Plugin.Permissions.dll.so' not found: dlopen failed: library "/data/app/com.careerbuilder.SugarDrone-1/lib/arm/libaot-Plugin.Permissions.dll.so" not found
D/Mono    ( 9735): Config attempting to parse: 'Plugin.Permissions.dll.config'.
D/Mono    ( 9735): Config attempting to parse: '/Users/builder/data/lanes/4009/3a62f1ea/source/monodroid/builds/install/mono-armv6/etc/mono/assemblies/Plugin.Permissions/Plugin.Permissions.config'.
D/Mono    ( 9735): Image addref Plugin.Permissions.Abstractions[0xe48f35a0] -> Plugin.Permissions.Abstractions.dll[0xe2013900]: 2
D/Mono    ( 9735): Prepared to set up assembly 'Plugin.Permissions.Abstractions' (Plugin.Permissions.Abstractions.dll)
D/Mono    ( 9735): Assembly Plugin.Permissions.Abstractions[0xe48f35a0] added to domain RootDomain, ref_count=1
D/Mono    ( 9735): AOT module 'Plugin.Permissions.Abstractions.dll.so' not found: dlopen failed: library "/data/app/com.careerbuilder.SugarDrone-1/lib/arm/libaot-Plugin.Permissions.Abstractions.dll.so" not found
D/Mono    ( 9735): AOT module '/Users/builder/data/lanes/4009/3a62f1ea/source/monodroid/builds/install/mono-armv6/lib/mono/aot-cache/arm/Plugin.Permissions.Abstractions.dll.so' not found: dlopen failed: library "/data/app/com.careerbuilder.SugarDrone-1/lib/arm/libaot-Plugin.Permissions.Abstractions.dll.so" not found
D/Mono    ( 9735): Config attempting to parse: 'Plugin.Permissions.Abstractions.dll.config'.
D/Mono    ( 9735): Config attempting to parse: '/Users/builder/data/lanes/4009/3a62f1ea/source/monodroid/builds/install/mono-armv6/etc/mono/assemblies/Plugin.Permissions.Abstractions/Plugin.Permissions.Abstractions.config'.
D/Mono    ( 9735): Image addref Plugin.Geolocator[0xe48f3780] -> Plugin.Geolocator.dll[0xe2013e00]: 2
D/Mono    ( 9735): Prepared to set up assembly 'Plugin.Geolocator' (Plugin.Geolocator.dll)
D/Mono    ( 9735): Assembly Plugin.Geolocator[0xe48f3780] added to domain RootDomain, ref_count=1
D/Mono    ( 9735): AOT module 'Plugin.Geolocator.dll.so' not found: dlopen failed: library "/data/app/com.careerbuilder.SugarDrone-1/lib/arm/libaot-Plugin.Geolocator.dll.so" not found
D/Mono    ( 9735): AOT module '/Users/builder/data/lanes/4009/3a62f1ea/source/monodroid/builds/install/mono-armv6/lib/mono/aot-cache/arm/Plugin.Geolocator.dll.so' not found: dlopen failed: library "/data/app/com.careerbuilder.SugarDrone-1/lib/arm/libaot-Plugin.Geolocator.dll.so" not found
D/Mono    ( 9735): Config attempting to parse: 'Plugin.Geolocator.dll.config'.
D/Mono    ( 9735): Config attempting to parse: '/Users/builder/data/lanes/4009/3a62f1ea/source/monodroid/builds/install/mono-armv6/etc/mono/assemblies/Plugin.Geolocator/Plugin.Geolocator.config'.
D/Mono    ( 9735): Image addref Plugin.Geolocator.Abstractions[0xe48f3840] -> Plugin.Geolocator.Abstractions.dll[0xe2014300]: 2
D/Mono    ( 9735): Prepared to set up assembly 'Plugin.Geolocator.Abstractions' (Plugin.Geolocator.Abstractions.dll)
D/Mono    ( 9735): Assembly Plugin.Geolocator.Abstractions[0xe48f3840] added to domain RootDomain, ref_count=1
D/Mono    ( 9735): AOT module 'Plugin.Geolocator.Abstractions.dll.so' not found: dlopen failed: library "/data/app/com.careerbuilder.SugarDrone-1/lib/arm/libaot-Plugin.Geolocator.Abstractions.dll.so" not found
D/Mono    ( 9735): AOT module '/Users/builder/data/lanes/4009/3a62f1ea/source/monodroid/builds/install/mono-armv6/lib/mono/aot-cache/arm/Plugin.Geolocator.Abstractions.dll.so' not found: dlopen failed: library "/data/app/com.careerbuilder.SugarDrone-1/lib/arm/libaot-Plugin.Geolocator.Abstractions.dll.so" not found
D/Mono    ( 9735): Config attempting to parse: 'Plugin.Geolocator.Abstractions.dll.config'.
D/Mono    ( 9735): Config attempting to parse: '/Users/builder/data/lanes/4009/3a62f1ea/source/monodroid/builds/install/mono-armv6/etc/mono/assemblies/Plugin.Geolocator.Abstractions/Plugin.Geolocator.Abstractions.config'.
D/Mono    ( 9735): Image addref Plugin.DeviceInfo[0xe48f3ae0] -> Plugin.DeviceInfo.dll[0xe2014800]: 2
D/Mono    ( 9735): Prepared to set up assembly 'Plugin.DeviceInfo' (Plugin.DeviceInfo.dll)
D/Mono    ( 9735): Assembly Plugin.DeviceInfo[0xe48f3ae0] added to domain RootDomain, ref_count=1
D/Mono    ( 9735): AOT module 'Plugin.DeviceInfo.dll.so' not found: dlopen failed: library "/data/app/com.careerbuilder.SugarDrone-1/lib/arm/libaot-Plugin.DeviceInfo.dll.so" not found
D/Mono    ( 9735): AOT module '/Users/builder/data/lanes/4009/3a62f1ea/source/monodroid/builds/install/mono-armv6/lib/mono/aot-cache/arm/Plugin.DeviceInfo.dll.so' not found: dlopen failed: library "/data/app/com.careerbuilder.SugarDrone-1/lib/arm/libaot-Plugin.DeviceInfo.dll.so" not found
D/Mono    ( 9735): Config attempting to parse: 'Plugin.DeviceInfo.dll.config'.
