<![CDATA[
]]><xtc-scenario name="[0-1097]CareerBuilder_Search.DroidFeatureTests.JobResultsPageTests.CBApplyAndQuickApplyDoesNotShowsWhenExternalApply" id="[0-1097]CareerBuilder_Search.DroidFeatureTests.JobResultsPageTests.CBApplyAndQuickApplyDoesNotShowsWhenExternalApply"><![CDATA[

]]><xtc-step name="[0-1097]CareerBuilder_Search.DroidFeatureTests.JobResultsPageTests.CBApplyAndQuickApplyDoesNotShowsWhenExternalApply-CBApplyAndQuickApplyDoesNotShowsWhenExternalApply" id="[0-1097]CareerBuilder_Search.DroidFeatureTests.JobResultsPageTests.CBApplyAndQuickApplyDoesNotShowsWhenExternalApply-CBApplyAndQuickApplyDoesNotShowsWhenExternalApply"><![CDATA[
D/AndroidRuntime( 7892): >>>>>> START com.android.internal.os.RuntimeInit uid 2000 <<<<<<
D/AndroidRuntime( 7892): CheckJNI is OFF
D/ICU     ( 7892): No timezone override file found: /data/misc/zoneinfo/current/icu/icu_tzdata.dat
I/Radio-JNI( 7892): register_android_hardware_Radio DONE
D/AndroidRuntime( 7892): Calling main entry com.android.commands.pm.Pm
I/art     ( 7892): System.exit called, status: 0
W/MessageQueue( 7892): Handler (android.os.Handler) {2139710} sending message to a Handler on a dead thread
W/MessageQueue( 7892): java.lang.IllegalStateException: Handler (android.os.Handler) {2139710} sending message to a Handler on a dead thread
W/MessageQueue( 7892): 	at android.os.MessageQueue.enqueueMessage(MessageQueue.java:543)
W/MessageQueue( 7892): 	at android.os.Handler.enqueueMessage(Handler.java:643)
W/MessageQueue( 7892): 	at android.os.Handler.sendMessageAtTime(Handler.java:612)
W/MessageQueue( 7892): 	at android.os.Handler.sendMessageDelayed(Handler.java:582)
W/MessageQueue( 7892): 	at android.os.Handler.post(Handler.java:338)
W/MessageQueue( 7892): 	at android.os.ResultReceiver$MyResultReceiver.send(ResultReceiver.java:57)
W/MessageQueue( 7892): 	at com.android.internal.os.IResultReceiver$Stub.onTransact(IResultReceiver.java:58)
W/MessageQueue( 7892): 	at android.os.Binder.execTransact(Binder.java:565)
I/AndroidRuntime( 7892): VM exiting with result code 0.
I/ActivityManager(  886): Killing 5658:com.android.musicfx/u0a29 (adj 906): empty #17
I/ActivityManager(  886): Killing 6792:com.google.process.gapps/u0a56 (adj 906): empty #18
D/AndroidRuntime( 8060): >>>>>> START com.android.internal.os.RuntimeInit uid 2000 <<<<<<
D/AndroidRuntime( 8060): CheckJNI is OFF
D/ICU     ( 8060): No timezone override file found: /data/misc/zoneinfo/current/icu/icu_tzdata.dat
I/Radio-JNI( 8060): register_android_hardware_Radio DONE
D/AndroidRuntime( 8060): Calling main entry com.android.commands.am.Am
W/ActivityManager(  886): Invalid packageName: com.careerbuilder.SugarDrone
D/AndroidRuntime( 8060): Shutting down VM
I/ActivityManager(  886): Killing 5674:com.google.android.apps.docs/u0a52 (adj 906): empty #17
D/AndroidRuntime( 8513): >>>>>> START com.android.internal.os.RuntimeInit uid 2000 <<<<<<
D/AndroidRuntime( 8513): CheckJNI is OFF
D/ICU     ( 8513): No timezone override file found: /data/misc/zoneinfo/current/icu/icu_tzdata.dat
I/Radio-JNI( 8513): register_android_hardware_Radio DONE
D/AndroidRuntime( 8513): Calling main entry com.android.commands.pm.Pm
I/        (  511): free_cache(71725114) avail 10790383616
D/SntpClient(  886): round trip: 7ms, clock offset: 240ms
D/AlarmManagerService(  886): Setting time of day to sec=1489677996
W/AlarmManagerService(  886): Unable to set rtc to 1489677996: Invalid argument
I/PackageManager.DexOptimizer(  886): Running dexopt (dex2oat) on: /data/app/vmdl1289523314.tmp/base.apk pkg=com.careerbuilder.SugarDrone isa=arm vmSafeMode=false debuggable=true target-filter=interpret-only oatDir = /data/app/vmdl1289523314.tmp/oat sharedLibraries=null
I/dex2oat ( 8568): /system/bin/dex2oat --compiler-filter=interpret-only -j4 --debuggable
W/dex2oat ( 8568): Before Android 4.1, method android.graphics.PorterDuffColorFilter android.support.graphics.drawable.VectorDrawableCompat.updateTintFilter(android.graphics.PorterDuffColorFilter, android.content.res.ColorStateList, android.graphics.PorterDuff$Mode) would have incorrectly overridden the package-private method in android.graphics.drawable.Drawable
W/dex2oat ( 8568): Before Android 4.1, method int android.support.v7.widget.ListViewCompat.lookForSelectablePosition(int, boolean) would have incorrectly overridden the package-private method in android.widget.ListView
I/dex2oat ( 8568): dex2oat took 2.042s (threads: 4) arena alloc=3KB (3920B) java alloc=4MB (5062056B) native alloc=6MB (7299936B) free=2MB (2137248B)
W/PackageManager(  886): Not granting permission android.permission.MANAGE_DOCUMENTS to package com.careerbuilder.SugarDrone (protectionLevel=2 flags=0x3808be46)
W/PackageManager(  886): Not granting permission android.permission.MOUNT_UNMOUNT_FILESYSTEMS to package com.careerbuilder.SugarDrone (protectionLevel=18 flags=0x3808be46)
V/BackupManagerService(  886): restoreAtInstall pkg=com.careerbuilder.SugarDrone token=5 restoreSet=0
V/BackupManagerService(  886): Finishing install immediately
I/art     (  886): Starting a blocking GC Explicit
I/art     (  886): Explicit concurrent mark sweep GC freed 110182(6MB) AllocSpace objects, 18(952KB) LOS objects, 33% free, 15MB/23MB, paused 1.562ms total 105.729ms
E/        (  511): Couldn't opendir /data/app/vmdl1289523314.tmp: No such file or directory
I/ActivityManager(  886): Start proc 8616:com.android.musicfx/u0a29 for broadcast com.android.musicfx/.Compatibility$Receiver
W/ActivityManager(  886): Permission Denial: Accessing service ComponentInfo{com.google.android.music/com.google.android.music.dial.DialMediaRouteProviderService} from pid=5203, uid=10085 that is not exported from uid 10071
I/art     ( 8513): System.exit called, status: 0
I/AndroidRuntime( 8513): VM exiting with result code 0.
I/InputReader(  886): Reconfiguring input devices.  changes=0x00000010
D/CarrierSvcBindHelper( 3146): No carrier app for: 0
D/CarrierConfigLoader( 3146): mHandler: 9 phoneId: 0
D/RegisteredNfcFServicesCache( 4099): Service unchanged, not updating
W/System  ( 8616): ClassLoader referenced unknown path: /system/priv-app/MusicFX/lib/arm64
I/ActivityManager(  886): Start proc 8638:com.android.vending/u0a30 for broadcast com.android.vending/com.google.android.finsky.receivers.PackageMonitorReceiver$RegisteredReceiver
W/System  ( 8638): ClassLoader referenced unknown path: /system/priv-app/Phonesky/lib/arm64
W/Finsky  ( 8638): [1] com.google.android.finsky.FinskyApp.i(1468): No account configured on this device.
W/Finsky  ( 8638): [1] com.google.android.finsky.FinskyApp.i(1468): No account configured on this device.
W/Finsky  ( 8638): [1] com.google.android.finsky.FinskyApp.i(1468): No account configured on this device.
W/Finsky  ( 8638): [1] com.google.android.finsky.FinskyApp.i(1468): No account configured on this device.
I/Finsky  ( 8638): [1] com.google.android.finsky.FinskyApp.onCreate(430): Initializing network with DFE https://android.clients.google.com/fdfe/
W/Finsky  ( 8638): [1] com.google.android.finsky.FinskyApp.i(1468): No account configured on this device.
W/Finsky  ( 8638): [1] com.google.android.finsky.FinskyApp.i(1468): No account configured on this device.
W/Finsky  ( 8638): [1] com.google.android.finsky.FinskyApp.i(1468): No account configured on this device.
W/Finsky  ( 8638): [1] com.google.android.finsky.FinskyApp.i(1468): No account configured on this device.
W/Finsky  ( 8638): [1] com.google.android.finsky.FinskyApp.i(1468): No account configured on this device.
W/Finsky  ( 8638): [1] com.google.android.finsky.FinskyApp.i(1468): No account configured on this device.
W/Finsky  ( 8638): [1] com.google.android.finsky.FinskyApp.i(1468): No account configured on this device.
W/Finsky  ( 8638): [1] com.google.android.finsky.FinskyApp.i(1468): No account configured on this device.
W/Finsky  ( 8638): [1] com.google.android.finsky.FinskyApp.i(1468): No account configured on this device.
I/Finsky  ( 8638): [1] com.google.android.finsky.services.DailyHygiene.a(171): No need to run daily hygiene.
W/Finsky  ( 8638): [1] com.google.android.finsky.FinskyApp.i(1468): No account configured on this device.
W/Settings( 8638): Setting download_manager_max_bytes_over_mobile has moved from android.provider.Settings.Secure to android.provider.Settings.Global.
W/Settings( 8638): Setting download_manager_recommended_max_bytes_over_mobile has moved from android.provider.Settings.Secure to android.provider.Settings.Global.
W/Finsky  ( 8638): [1] com.google.android.finsky.FinskyApp.i(1468): No account configured on this device.
W/Finsky  ( 8638): [1] com.google.android.finsky.FinskyApp.i(1468): No account configured on this device.
W/Finsky  ( 8638): [1] com.google.android.finsky.FinskyApp.i(1468): No account configured on this device.
W/Finsky  ( 8638): [1] com.google.android.finsky.FinskyApp.i(1468): No account configured on this device.
W/Finsky  ( 8638): [1] com.google.android.finsky.FinskyApp.i(1468): No account configured on this device.
W/Finsky  ( 8638): [1] com.google.android.finsky.FinskyApp.b(1150): No account configured on this device.
W/Finsky  ( 8638): [1] com.google.android.finsky.FinskyApp.i(1468): No account configured on this device.
I/ActivityManager(  886): Start proc 8690:com.google.android.apps.docs/u0a52 for broadcast com.google.android.apps.docs/.receivers.AppPackageAddRemoveReceiver
W/System  ( 8690): ClassLoader referenced unknown path: /system/app/Drive/lib/arm64
W/Finsky  ( 8638): [376] com.google.android.finsky.FinskyApp.i(1468): No account configured on this device.
I/Finsky  ( 8638): [1] com.google.android.finsky.receivers.j.a(1226): Installer kick - no action, not running yet
I/Finsky  ( 8638): [1] com.google.android.finsky.utils.PermissionPolicies$PermissionPolicyService.onStartCommand(117): post-install permissions check for com.careerbuilder.SugarDrone
W/Finsky  ( 8638): [1] com.google.android.finsky.FinskyApp.i(1468): No account configured on this device.
I/Finsky  ( 8638): [1] com.google.android.finsky.c.l.a(270): result=false type=4
I/Finsky  ( 8638): [1] com.google.android.finsky.utils.bh.run(2302): Package state data is missing for com.careerbuilder.SugarDrone
W/Finsky  ( 8638): [1] com.google.android.finsky.FinskyApp.i(1468): No account configured on this device.
I/Finsky  ( 8638): [1] com.google.android.finsky.services.bc.a(1050): Restore complete with 0 success and 0 failed.
W/Finsky  ( 8638): [376] com.google.android.finsky.FinskyApp.i(1468): No account configured on this device.
I/GAv4    ( 8690): Google Analytics 8.4.87 is starting up. To enable debug logging on a device run:
I/GAv4    ( 8690):   adb shell setprop log.tag.GAv4 DEBUG
I/GAv4    ( 8690):   adb logcat -s GAv4
W/GAv4    ( 8690): AnalyticsReceiver is not registered or is disabled. Register the receiver for reliable dispatching on non-Google Play devices. See http://goo.gl/8Rd3yj for instructions.
W/GAv4    ( 8690): CampaignTrackingReceiver is not registered, not exported or is disabled. Installation campaign tracking is not possible. See http://goo.gl/8Rd3yj for instructions.
D/AndroidRuntime( 8658): >>>>>> START com.android.internal.os.RuntimeInit uid 2000 <<<<<<
D/AndroidRuntime( 8658): CheckJNI is OFF
W/GAv4    ( 8690): AnalyticsService not registered in the app manifest. Hits might not be delivered reliably. See http://goo.gl/8Rd3yj for instructions.
D/ICU     ( 8658): No timezone override file found: /data/misc/zoneinfo/current/icu/icu_tzdata.dat
I/Radio-JNI( 8658): register_android_hardware_Radio DONE
D/AndroidRuntime( 8658): Calling main entry com.android.commands.settings.SettingsCmd
D/AndroidRuntime( 8658): Shutting down VM
I/ActivityManager(  886): Killing 4279:com.google.android.partnersetup/u0a25 (adj 906): empty #17
I/ActivityManager(  886): Start proc 8748:com.google.android.partnersetup/u0a25 for broadcast com.google.android.partnersetup/.RlzPingBroadcastReceiver
I/UpdateIcingCorporaServi( 5724): Updating corpora: APPS=com.careerbuilder.SugarDrone, CONTACTS=MAYBE
W/System  ( 8748): ClassLoader referenced unknown path: /system/priv-app/GooglePartnerSetup/lib/arm64
I/PeopleContactsSync( 4143): triggerPendingContactsCleanup: no accounts
D/Wear_Controller( 4143): Received broadcast action=android.intent.action.PACKAGE_ADDED and uri=com.careerbuilder.SugarDrone
W/IcingInternalCorpora( 4143): getNumBytesRead when not calculated.
I/Icing   ( 4143): Usage reports 0 indexed 0 rejected 0 imm upload true
I/UpdateIcingCorporaServi( 5724): UpdateCorporaTask done [took 430 ms] updated apps [took 430 ms] 
I/Icing   ( 4143): Usage reports 0 indexed 0 rejected 0 imm upload false
I/Icing   ( 4143): Usage reports 0 indexed 0 rejected 0 imm upload false
D/AndroidRuntime( 8736): >>>>>> START com.android.internal.os.RuntimeInit uid 2000 <<<<<<
D/AndroidRuntime( 8736): CheckJNI is OFF
D/ICU     ( 8736): No timezone override file found: /data/misc/zoneinfo/current/icu/icu_tzdata.dat
I/Radio-JNI( 8736): register_android_hardware_Radio DONE
D/AndroidRuntime( 8736): Calling main entry com.android.commands.settings.SettingsCmd
D/AndroidRuntime( 8736): Shutting down VM
D/AndroidRuntime( 8793): >>>>>> START com.android.internal.os.RuntimeInit uid 2000 <<<<<<
D/AndroidRuntime( 8793): CheckJNI is OFF
I/Icing   ( 4143): Indexing C2CE3B9D8B360B0C5A25C2BEF223F6CB5449AD6A from com.google.android.googlequicksearchbox
D/ICU     ( 8793): No timezone override file found: /data/misc/zoneinfo/current/icu/icu_tzdata.dat
I/Radio-JNI( 8793): register_android_hardware_Radio DONE
D/AndroidRuntime( 8793): Calling main entry com.android.commands.settings.SettingsCmd
D/AndroidRuntime( 8793): Shutting down VM
I/Icing   ( 4143): Indexing done C2CE3B9D8B360B0C5A25C2BEF223F6CB5449AD6A
I/Icing   ( 4143): Indexing AB6E3D00885C5CBD00E6A1959F599F05594069D7 from com.google.android.gms
I/Icing   ( 4143): Indexing done AB6E3D00885C5CBD00E6A1959F599F05594069D7
D/AndroidRuntime( 8821): >>>>>> START com.android.internal.os.RuntimeInit uid 2000 <<<<<<
D/AndroidRuntime( 8821): CheckJNI is OFF
D/ICU     ( 8821): No timezone override file found: /data/misc/zoneinfo/current/icu/icu_tzdata.dat
I/Radio-JNI( 8821): register_android_hardware_Radio DONE
D/AndroidRuntime( 8821): Calling main entry com.android.commands.settings.SettingsCmd
D/AndroidRuntime( 8821): Shutting down VM
D/AndroidRuntime( 8845): >>>>>> START com.android.internal.os.RuntimeInit uid 2000 <<<<<<
D/AndroidRuntime( 8845): CheckJNI is OFF
D/ICU     ( 8845): No timezone override file found: /data/misc/zoneinfo/current/icu/icu_tzdata.dat
I/Radio-JNI( 8845): register_android_hardware_Radio DONE
D/AndroidRuntime( 8845): Calling main entry com.android.commands.settings.SettingsCmd
D/AndroidRuntime( 8845): Shutting down VM
D/AndroidRuntime( 8878): >>>>>> START com.android.internal.os.RuntimeInit uid 2000 <<<<<<
D/AndroidRuntime( 8878): CheckJNI is OFF
D/ICU     ( 8878): No timezone override file found: /data/misc/zoneinfo/current/icu/icu_tzdata.dat
I/Radio-JNI( 8878): register_android_hardware_Radio DONE
D/AndroidRuntime( 8878): Calling main entry com.android.commands.pm.Pm
W/MessageQueue( 8878): Handler (android.os.Handler) {4afda43} sending message to a Handler on a dead thread
W/MessageQueue( 8878): java.lang.IllegalStateException: Handler (android.os.Handler) {4afda43} sending message to a Handler on a dead thread
W/MessageQueue( 8878): 	at android.os.MessageQueue.enqueueMessage(MessageQueue.java:543)
W/MessageQueue( 8878): 	at android.os.Handler.enqueueMessage(Handler.java:643)
W/MessageQueue( 8878): 	at android.os.Handler.sendMessageAtTime(Handler.java:612)
W/MessageQueue( 8878): 	at android.os.Handler.sendMessageDelayed(Handler.java:582)
W/MessageQueue( 8878): 	at android.os.Handler.post(Handler.java:338)
W/MessageQueue( 8878): 	at android.os.ResultReceiver$MyResultReceiver.send(ResultReceiver.java:57)
W/MessageQueue( 8878): 	at com.android.internal.os.IResultReceiver$Stub.onTransact(IResultReceiver.java:58)
W/MessageQueue( 8878): 	at android.os.Binder.execTransact(Binder.java:565)
I/art     ( 8878): System.exit called, status: 0
I/AndroidRuntime( 8878): VM exiting with result code 0.
D/AndroidRuntime( 8932): >>>>>> START com.android.internal.os.RuntimeInit uid 2000 <<<<<<
D/AndroidRuntime( 8932): CheckJNI is OFF
D/ICU     ( 8932): No timezone override file found: /data/misc/zoneinfo/current/icu/icu_tzdata.dat
I/Radio-JNI( 8932): register_android_hardware_Radio DONE
D/AndroidRuntime( 8932): Calling main entry com.android.commands.pm.Pm
W/MessageQueue( 8932): Handler (android.os.Handler) {bf26abd} sending message to a Handler on a dead thread
W/MessageQueue( 8932): java.lang.IllegalStateException: Handler (android.os.Handler) {bf26abd} sending message to a Handler on a dead thread
W/MessageQueue( 8932): 	at android.os.MessageQueue.enqueueMessage(MessageQueue.java:543)
W/MessageQueue( 8932): 	at android.os.Handler.enqueueMessage(Handler.java:643)
W/MessageQueue( 8932): 	at android.os.Handler.sendMessageAtTime(Handler.java:612)
W/MessageQueue( 8932): 	at android.os.Handler.sendMessageDelayed(Handler.java:582)
W/MessageQueue( 8932): 	at android.os.Handler.post(Handler.java:338)
W/MessageQueue( 8932): 	at android.os.ResultReceiver$MyResultReceiver.send(ResultReceiver.java:57)
W/MessageQueue( 8932): 	at com.android.internal.os.IResultReceiver$Stub.onTransact(IResultReceiver.java:58)
W/MessageQueue( 8932): 	at android.os.Binder.execTransact(Binder.java:565)
I/art     ( 8932): System.exit called, status: 0
I/AndroidRuntime( 8932): VM exiting with result code 0.
D/AndroidRuntime( 9025): >>>>>> START com.android.internal.os.RuntimeInit uid 2000 <<<<<<
D/AndroidRuntime( 9025): CheckJNI is OFF
D/ICU     ( 9025): No timezone override file found: /data/misc/zoneinfo/current/icu/icu_tzdata.dat
I/Radio-JNI( 9025): register_android_hardware_Radio DONE
D/AndroidRuntime( 9025): Calling main entry com.android.commands.am.Am
W/ActivityManager(  886): Invalid packageName: com.careerbuilder.SugarDrone.test
D/AndroidRuntime( 9025): Shutting down VM
I/rmt_storage(  398): rmt_storage_connect_cb: clnt_h=0xc conn_h=0x758562a000
I/rmt_storage(  398): rmt_storage_rw_iovec_cb: /boot/modem_fs2: clnt_h=0xc: req_h=0xc msg_id=3: R/W request received
I/rmt_storage(  398): wakelock acquired: 1, error no: 42
I/rmt_storage(  398): rmt_storage_client_thread: /boot/modem_fs2: clnt_h=0xc Unblock worker thread (th_id: 504746222672)
I/rmt_storage(  398): rmt_storage_client_thread: /boot/modem_fs2: clnt_h=0xc: req_h=0xc msg_id=3: Bytes written = 1572864
I/rmt_storage(  398): rmt_storage_client_thread: /boot/modem_fs2: clnt_h=0xc: req_h=0xc msg_id=3: Send response: res=0 err=0
I/rmt_storage(  398): rmt_storage_client_thread: /boot/modem_fs2: clnt_h=0xc About to block rmt_storage client thread (th_id: 504746222672) wakelock released: 1, error no: 0
I/rmt_storage(  398): 
I/rmt_storage(  398): rmt_storage_disconnect_cb: clnt_h=0xc conn_h=0x758562a000
D/AndroidRuntime( 9057): >>>>>> START com.android.internal.os.RuntimeInit uid 2000 <<<<<<
D/AndroidRuntime( 9057): CheckJNI is OFF
D/ICU     ( 9057): No timezone override file found: /data/misc/zoneinfo/current/icu/icu_tzdata.dat
I/Radio-JNI( 9057): register_android_hardware_Radio DONE
D/AndroidRuntime( 9057): Calling main entry com.android.commands.pm.Pm
I/        (  511): free_cache(609973) avail 10778460160
I/PackageManager.DexOptimizer(  886): Running dexopt (dex2oat) on: /data/app/vmdl1103692356.tmp/base.apk pkg=com.careerbuilder.SugarDrone.test isa=arm64 vmSafeMode=false debuggable=false target-filter=interpret-only oatDir = /data/app/vmdl1103692356.tmp/oat sharedLibraries=/system/framework/android.test.runner.jar:/system/framework/com.google.android.maps.jar
I/dex2oat ( 9084): /system/bin/dex2oat --compiler-filter=interpret-only -j4
V/JNIHelp ( 8690): Registering com/google/android/gms/org/conscrypt/NativeCrypto's 242 native methods...
I/dex2oat ( 9084): dex2oat took 652.284ms (threads: 4) arena alloc=186KB (190640B) java alloc=2MB (2257304B) native alloc=2MB (2694728B) free=1976KB (2023864B)
D/NetworkSecurityConfig( 8690): No Network Security Config specified, using platform default
I/ProviderInstaller( 8690): Installed default security provider GmsCore_OpenSSL
W/PackageManager(  886): Not granting permission android.permission.ACCESS_MOCK_LOCATION to package com.careerbuilder.SugarDrone.test (protectionLevel=2 flags=0x1800be44)
V/BackupManagerService(  886): restoreAtInstall pkg=com.careerbuilder.SugarDrone.test token=6 restoreSet=0
V/BackupManagerService(  886): Finishing install immediately
I/art     (  886): Starting a blocking GC Explicit
I/art     (  886): Explicit concurrent mark sweep GC freed 38058(2MB) AllocSpace objects, 8(208KB) LOS objects, 33% free, 15MB/23MB, paused 1.692ms total 95.862ms
E/        (  511): Couldn't opendir /data/app/vmdl1103692356.tmp: No such file or directory
I/art     ( 9057): System.exit called, status: 0
I/AndroidRuntime( 9057): VM exiting with result code 0.
W/ActivityManager(  886): Permission Denial: Accessing service ComponentInfo{com.google.android.music/com.google.android.music.dial.DialMediaRouteProviderService} from pid=5203, uid=10085 that is not exported from uid 10071
I/InputReader(  886): Reconfiguring input devices.  changes=0x00000010
D/CarrierSvcBindHelper( 3146): No carrier app for: 0
D/RegisteredNfcFServicesCache( 4099): Service unchanged, not updating
D/CarrierConfigLoader( 3146): mHandler: 9 phoneId: 0
I/Finsky  ( 8638): [1] com.google.android.finsky.utils.PermissionPolicies$PermissionPolicyService.onStartCommand(117): post-install permissions check for com.careerbuilder.SugarDrone.test
W/Finsky  ( 8638): [1] com.google.android.finsky.FinskyApp.i(1468): No account configured on this device.
I/Finsky  ( 8638): [1] com.google.android.finsky.utils.bh.run(2302): Package state data is missing for com.careerbuilder.SugarDrone.test
W/Finsky  ( 8638): [1] com.google.android.finsky.FinskyApp.i(1468): No account configured on this device.
I/UpdateIcingCorporaServi( 5724): Updating corpora: APPS=com.careerbuilder.SugarDrone.test, CONTACTS=MAYBE
D/Wear_Controller( 4143): Received broadcast action=android.intent.action.PACKAGE_ADDED and uri=com.careerbuilder.SugarDrone.test
I/UpdateIcingCorporaServi( 5724): UpdateCorporaTask done [took 134 ms] updated apps [took 134 ms] 
I/PeopleContactsSync( 4143): triggerPendingContactsCleanup: no accounts
W/IcingInternalCorpora( 4143): getNumBytesRead when not calculated.
I/Icing   ( 4143): Usage reports 0 indexed 0 rejected 0 imm upload false
I/Icing   ( 4143): Usage reports 0 indexed 0 rejected 0 imm upload false
D/AndroidRuntime( 9134): >>>>>> START com.android.internal.os.RuntimeInit uid 2000 <<<<<<
D/AndroidRuntime( 9134): CheckJNI is OFF
D/ICU     ( 9134): No timezone override file found: /data/misc/zoneinfo/current/icu/icu_tzdata.dat
I/Radio-JNI( 9134): register_android_hardware_Radio DONE
D/AndroidRuntime( 9134): Calling main entry com.android.commands.settings.SettingsCmd
D/AndroidRuntime( 9134): Shutting down VM
I/Icing   ( 4143): Indexing AB6E3D00885C5CBD00E6A1959F599F05594069D7 from com.google.android.gms
I/Icing   ( 4143): Indexing done AB6E3D00885C5CBD00E6A1959F599F05594069D7
D/AndroidRuntime( 9160): >>>>>> START com.android.internal.os.RuntimeInit uid 2000 <<<<<<
D/AndroidRuntime( 9160): CheckJNI is OFF
D/ICU     ( 9160): No timezone override file found: /data/misc/zoneinfo/current/icu/icu_tzdata.dat
I/Radio-JNI( 9160): register_android_hardware_Radio DONE
D/AndroidRuntime( 9160): Calling main entry com.android.commands.settings.SettingsCmd
D/AndroidRuntime( 9160): Shutting down VM
D/AndroidRuntime( 9188): >>>>>> START com.android.internal.os.RuntimeInit uid 2000 <<<<<<
D/AndroidRuntime( 9188): CheckJNI is OFF
D/ICU     ( 9188): No timezone override file found: /data/misc/zoneinfo/current/icu/icu_tzdata.dat
I/Radio-JNI( 9188): register_android_hardware_Radio DONE
D/AndroidRuntime( 9188): Calling main entry com.android.commands.settings.SettingsCmd
D/AndroidRuntime( 9188): Shutting down VM
D/AndroidRuntime( 9216): >>>>>> START com.android.internal.os.RuntimeInit uid 2000 <<<<<<
D/AndroidRuntime( 9216): CheckJNI is OFF
D/ICU     ( 9216): No timezone override file found: /data/misc/zoneinfo/current/icu/icu_tzdata.dat
I/Radio-JNI( 9216): register_android_hardware_Radio DONE
D/AndroidRuntime( 9216): Calling main entry com.android.commands.settings.SettingsCmd
D/AndroidRuntime( 9216): Shutting down VM
D/AndroidRuntime( 9240): >>>>>> START com.android.internal.os.RuntimeInit uid 2000 <<<<<<
D/AndroidRuntime( 9240): CheckJNI is OFF
D/ICU     ( 9240): No timezone override file found: /data/misc/zoneinfo/current/icu/icu_tzdata.dat
I/Radio-JNI( 9240): register_android_hardware_Radio DONE
D/AndroidRuntime( 9240): Calling main entry com.android.commands.settings.SettingsCmd
D/AndroidRuntime( 9240): Shutting down VM
D/AndroidRuntime( 9273): >>>>>> START com.android.internal.os.RuntimeInit uid 2000 <<<<<<
D/AndroidRuntime( 9273): CheckJNI is OFF
D/ICU     ( 9273): No timezone override file found: /data/misc/zoneinfo/current/icu/icu_tzdata.dat
I/Radio-JNI( 9273): register_android_hardware_Radio DONE
D/AndroidRuntime( 9273): Calling main entry com.android.commands.pm.Pm
W/MessageQueue( 9273): Handler (android.os.Handler) {be0855c} sending message to a Handler on a dead thread
W/MessageQueue( 9273): java.lang.IllegalStateException: Handler (android.os.Handler) {be0855c} sending message to a Handler on a dead thread
W/MessageQueue( 9273): 	at android.os.MessageQueue.enqueueMessage(MessageQueue.java:543)
W/MessageQueue( 9273): 	at android.os.Handler.enqueueMessage(Handler.java:643)
W/MessageQueue( 9273): 	at android.os.Handler.sendMessageAtTime(Handler.java:612)
W/MessageQueue( 9273): 	at android.os.Handler.sendMessageDelayed(Handler.java:582)
W/MessageQueue( 9273): 	at android.os.Handler.post(Handler.java:338)
W/MessageQueue( 9273): 	at android.os.ResultReceiver$MyResultReceiver.send(ResultReceiver.java:57)
W/MessageQueue( 9273): 	at com.android.internal.os.IResultReceiver$Stub.onTransact(IResultReceiver.java:58)
W/MessageQueue( 9273): 	at android.os.Binder.execTransact(Binder.java:565)
I/art     ( 9273): System.exit called, status: 0
I/AndroidRuntime( 9273): VM exiting with result code 0.
D/AndroidRuntime( 9328): >>>>>> START com.android.internal.os.RuntimeInit uid 2000 <<<<<<
D/AndroidRuntime( 9328): CheckJNI is OFF
D/ICU     ( 9328): No timezone override file found: /data/misc/zoneinfo/current/icu/icu_tzdata.dat
I/Radio-JNI( 9328): register_android_hardware_Radio DONE
D/AndroidRuntime( 9328): Calling main entry com.android.commands.pm.Pm
W/MessageQueue( 9328): Handler (android.os.Handler) {ec45e13} sending message to a Handler on a dead thread
W/MessageQueue( 9328): java.lang.IllegalStateException: Handler (android.os.Handler) {ec45e13} sending message to a Handler on a dead thread
W/MessageQueue( 9328): 	at android.os.MessageQueue.enqueueMessage(MessageQueue.java:543)
W/MessageQueue( 9328): 	at android.os.Handler.enqueueMessage(Handler.java:643)
W/MessageQueue( 9328): 	at android.os.Handler.sendMessageAtTime(Handler.java:612)
W/MessageQueue( 9328): 	at android.os.Handler.sendMessageDelayed(Handler.java:582)
W/MessageQueue( 9328): 	at android.os.Handler.post(Handler.java:338)
W/MessageQueue( 9328): 	at android.os.ResultReceiver$MyResultReceiver.send(ResultReceiver.java:57)
W/MessageQueue( 9328): 	at com.android.internal.os.IResultReceiver$Stub.onTransact(IResultReceiver.java:58)
W/MessageQueue( 9328): 	at android.os.Binder.execTransact(Binder.java:565)
I/art     ( 9328): System.exit called, status: 0
I/AndroidRuntime( 9328): VM exiting with result code 0.
I/ActivityManager(  886): Killing 7310:com.google.android.gms.unstable/u0a18 (adj 906): empty #17
I/ActivityManager(  886): Killing 5532:com.android.printspooler/u0a80 (adj 906): empty #17
D/AndroidRuntime( 9408): >>>>>> START com.android.internal.os.RuntimeInit uid 2000 <<<<<<
D/AndroidRuntime( 9408): CheckJNI is OFF
D/ICU     ( 9408): No timezone override file found: /data/misc/zoneinfo/current/icu/icu_tzdata.dat
I/Radio-JNI( 9408): register_android_hardware_Radio DONE
D/AndroidRuntime( 9408): Calling main entry com.android.commands.input.Input
I/Input   ( 9408): injectKeyEvent: KeyEvent { action=ACTION_DOWN, keyCode=KEYCODE_BACK, scanCode=0, metaState=0, flags=0x0, repeatCount=0, eventTime=255520, downTime=255520, deviceId=-1, source=0x101 }
I/Input   ( 9408): injectKeyEvent: KeyEvent { action=ACTION_UP, keyCode=KEYCODE_BACK, scanCode=0, metaState=0, flags=0x0, repeatCount=0, eventTime=255520, downTime=255520, deviceId=-1, source=0x101 }
D/AndroidRuntime( 9408): Shutting down VM
D/AndroidRuntime( 9467): >>>>>> START com.android.internal.os.RuntimeInit uid 2000 <<<<<<
D/AndroidRuntime( 9467): CheckJNI is OFF
D/ICU     ( 9467): No timezone override file found: /data/misc/zoneinfo/current/icu/icu_tzdata.dat
I/Radio-JNI( 9467): register_android_hardware_Radio DONE
D/AndroidRuntime( 9467): Calling main entry com.android.commands.input.Input
I/Input   ( 9467): injectKeyEvent: KeyEvent { action=ACTION_DOWN, keyCode=KEYCODE_HOME, scanCode=0, metaState=0, flags=0x0, repeatCount=0, eventTime=257401, downTime=257401, deviceId=-1, source=0x101 }
I/Input   ( 9467): injectKeyEvent: KeyEvent { action=ACTION_UP, keyCode=KEYCODE_HOME, scanCode=0, metaState=0, flags=0x0, repeatCount=0, eventTime=257401, downTime=257401, deviceId=-1, source=0x101 }
I/ActivityManager(  886): START u0 {act=android.intent.action.MAIN cat=[android.intent.category.HOME] flg=0x10200000 cmp=com.google.android.googlequicksearchbox/com.google.android.launcher.GEL (has extras)} from uid 1000 on display 0
D/AndroidRuntime( 9467): Shutting down VM
I/GEL     ( 4162): handleIntent(Intent { act=android.intent.action.MAIN cat=[android.intent.category.HOME] flg=0x10200000 cmp=com.google.android.googlequicksearchbox/com.google.android.launcher.GEL (has extras) })
D/AndroidRuntime( 9507): >>>>>> START com.android.internal.os.RuntimeInit uid 2000 <<<<<<
D/AndroidRuntime( 9507): CheckJNI is OFF
D/ICU     ( 9507): No timezone override file found: /data/misc/zoneinfo/current/icu/icu_tzdata.dat
I/Radio-JNI( 9507): register_android_hardware_Radio DONE
D/AndroidRuntime( 9507): Calling main entry com.android.commands.input.Input
I/Input   ( 9507): injectKeyEvent: KeyEvent { action=ACTION_DOWN, keyCode=KEYCODE_BACK, scanCode=0, metaState=0, flags=0x0, repeatCount=0, eventTime=258804, downTime=258804, deviceId=-1, source=0x101 }
I/Input   ( 9507): injectKeyEvent: KeyEvent { action=ACTION_UP, keyCode=KEYCODE_BACK, scanCode=0, metaState=0, flags=0x0, repeatCount=0, eventTime=258804, downTime=258804, deviceId=-1, source=0x101 }
D/AndroidRuntime( 9507): Shutting down VM
W/Finsky  ( 8638): [374] com.google.android.finsky.FinskyApp.i(1468): No account configured on this device.
I/Finsky  ( 8638): [374] com.google.android.finsky.c.e.run(1151): Replicating app states via AMAS.
D/AndroidRuntime( 9543): >>>>>> START com.android.internal.os.RuntimeInit uid 2000 <<<<<<
D/AndroidRuntime( 9543): CheckJNI is OFF
I/Finsky  ( 8638): [374] com.google.android.finsky.c.c.a(311): Completed 0 account content syncs with 0 successful.
I/Finsky  ( 8638): [1] com.google.android.finsky.services.j.a(149): Installation state replication succeeded.
D/ICU     ( 9543): No timezone override file found: /data/misc/zoneinfo/current/icu/icu_tzdata.dat
I/Radio-JNI( 9543): register_android_hardware_Radio DONE
D/AndroidRuntime( 9543): Calling main entry com.android.commands.am.Am
I/ActivityManager(  886): Force stopping com.careerbuilder.SugarDrone appid=19173 user=0: start instr
I/ActivityManager(  886): Start proc 9568:com.careerbuilder.SugarDrone/u0a9173 for added application com.careerbuilder.SugarDrone
I/art     ( 9568): Late-enabling -Xcheck:jni
W/System  ( 9568): ClassLoader referenced unknown path: /data/app/com.careerbuilder.SugarDrone.test-1/lib/arm64
W/System  ( 9568): ClassLoader referenced unknown path: 
W/monodroid( 9568): Using override path: /data/user/0/com.careerbuilder.SugarDrone/files/.__override__
W/monodroid( 9568): Trying to load sgen from: /data/user/0/com.careerbuilder.SugarDrone/files/.__override__/libmonosgen-2.0.so
W/monodroid( 9568): Trying to load sgen from: /storage/emulated/0/Android/data/com.careerbuilder.SugarDrone/files/.__override__/libmonosgen-2.0.so
W/monodroid( 9568): Trying to load sgen from: /data/app/com.careerbuilder.SugarDrone-1/lib/arm/libmonosgen-2.0.so
D/Mono    ( 9568): Image addref mscorlib[0xdb417d20] -> mscorlib.dll[0xddbce900]: 2
D/Mono    ( 9568): Prepared to set up assembly 'mscorlib' (mscorlib.dll)
D/Mono    ( 9568): AOT module 'mscorlib.dll.so' not found: dlopen failed: library "/data/app/com.careerbuilder.SugarDrone-1/lib/arm/libaot-mscorlib.dll.so" not found
D/Mono    ( 9568): AOT module '/Users/builder/data/lanes/4009/3a62f1ea/source/monodroid/builds/install/mono-armv6/lib/mono/aot-cache/arm/mscorlib.dll.so' not found: dlopen failed: library "/data/app/com.careerbuilder.SugarDrone-1/lib/arm/libaot-mscorlib.dll.so" not found
D/Mono    ( 9568): Config attempting to parse: 'mscorlib.dll.config'.
D/Mono    ( 9568): Config attempting to parse: '/Users/builder/data/lanes/4009/3a62f1ea/source/monodroid/builds/install/mono-armv6/etc/mono/assemblies/mscorlib/mscorlib.config'.
D/Mono    ( 9568): Assembly mscorlib[0xdb417d20] added to domain RootDomain, ref_count=1
D/Mono    ( 9568): Image addref CareerBuilder_Search.Droid[0xdb417fc0] -> CareerBuilder_Search.Droid.dll[0xddbcf800]: 2
D/Mono    ( 9568): Prepared to set up assembly 'CareerBuilder_Search.Droid' (CareerBuilder_Search.Droid.dll)
D/Mono    ( 9568): Assembly CareerBuilder_Search.Droid[0xdb417fc0] added to domain RootDomain, ref_count=1
D/Mono    ( 9568): AOT module 'CareerBuilder_Search.Droid.dll.so' not found: dlopen failed: library "/data/app/com.careerbuilder.SugarDrone-1/lib/arm/libaot-CareerBuilder_Search.Droid.dll.so" not found
D/Mono    ( 9568): AOT module '/Users/builder/data/lanes/4009/3a62f1ea/source/monodroid/builds/install/mono-armv6/lib/mono/aot-cache/arm/CareerBuilder_Search.Droid.dll.so' not found: dlopen failed: library "/data/app/com.careerbuilder.SugarDrone-1/lib/arm/libaot-CareerBuilder_Search.Droid.dll.so" not found
D/Mono    ( 9568): Config attempting to parse: 'CareerBuilder_Search.Droid.dll.config'.
D/Mono    ( 9568): Config attempting to parse: '/Users/builder/data/lanes/4009/3a62f1ea/source/monodroid/builds/install/mono-armv6/etc/mono/assemblies/CareerBuilder_Search.Droid/CareerBuilder_Search.Droid.config'.
D/Mono    ( 9568): Image addref AppsFlyerXamarinBindingAndroid[0xdb418200] -> AppsFlyerXamarinBindingAndroid.dll[0xddbd1100]: 2
D/Mono    ( 9568): Prepared to set up assembly 'AppsFlyerXamarinBindingAndroid' (AppsFlyerXamarinBindingAndroid.dll)
D/Mono    ( 9568): Assembly AppsFlyerXamarinBindingAndroid[0xdb418200] added to domain RootDomain, ref_count=1
D/Mono    ( 9568): AOT module 'AppsFlyerXamarinBindingAndroid.dll.so' not found: dlopen failed: library "/data/app/com.careerbuilder.SugarDrone-1/lib/arm/libaot-AppsFlyerXamarinBindingAndroid.dll.so" not found
D/Mono    ( 9568): AOT module '/Users/builder/data/lanes/4009/3a62f1ea/source/monodroid/builds/install/mono-armv6/lib/mono/aot-cache/arm/AppsFlyerXamarinBindingAndroid.dll.so' not found: dlopen failed: library "/data/app/com.careerbuilder.SugarDrone-1/lib/arm/libaot-AppsFlyerXamarinBindingAndroid.dll.so" not found
D/Mono    ( 9568): Config attempting to parse: 'AppsFlyerXamarinBindingAndroid.dll.config'.
D/Mono    ( 9568): Config attempting to parse: '/Users/builder/data/lanes/4009/3a62f1ea/source/monodroid/builds/install/mono-armv6/etc/mono/assemblies/AppsFlyerXamarinBindingAndroid/AppsFlyerXamarinBindingAndroid.config'.
D/Mono    ( 9568): Image addref HockeySDK[0xdb4184a0] -> HockeySDK.dll[0xddbd1600]: 2
D/Mono    ( 9568): Prepared to set up assembly 'HockeySDK' (HockeySDK.dll)
D/Mono    ( 9568): Assembly HockeySDK[0xdb4184a0] added to domain RootDomain, ref_count=1
D/Mono    ( 9568): AOT module 'HockeySDK.dll.so' not found: dlopen failed: library "/data/app/com.careerbuilder.SugarDrone-1/lib/arm/libaot-HockeySDK.dll.so" not found
D/Mono    ( 9568): AOT module '/Users/builder/data/lanes/4009/3a62f1ea/source/monodroid/builds/install/mono-armv6/lib/mono/aot-cache/arm/HockeySDK.dll.so' not found: dlopen failed: library "/data/app/com.careerbuilder.SugarDrone-1/lib/arm/libaot-HockeySDK.dll.so" not found
D/Mono    ( 9568): Config attempting to parse: 'HockeySDK.dll.config'.
D/Mono    ( 9568): Config attempting to parse: '/Users/builder/data/lanes/4009/3a62f1ea/source/monodroid/builds/install/mono-armv6/etc/mono/assemblies/HockeySDK/HockeySDK.config'.
D/Mono    ( 9568): Image addref Akavache[0xdb418500] -> Akavache.dll[0xddbd1b00]: 2
D/Mono    ( 9568): Prepared to set up assembly 'Akavache' (Akavache.dll)
D/Mono    ( 9568): Assembly Akavache[0xdb418500] added to domain RootDomain, ref_count=1
D/Mono    ( 9568): AOT module 'Akavache.dll.so' not found: dlopen failed: library "/data/app/com.careerbuilder.SugarDrone-1/lib/arm/libaot-Akavache.dll.so" not found
D/Mono    ( 9568): AOT module '/Users/builder/data/lanes/4009/3a62f1ea/source/monodroid/builds/install/mono-armv6/lib/mono/aot-cache/arm/Akavache.dll.so' not found: dlopen failed: library "/data/app/com.careerbuilder.SugarDrone-1/lib/arm/libaot-Akavache.dll.so" not found
D/Mono    ( 9568): Config attempting to parse: 'Akavache.dll.config'.
D/Mono    ( 9568): Config attempting to parse: '/Users/builder/data/lanes/4009/3a62f1ea/source/monodroid/builds/install/mono-armv6/etc/mono/assemblies/Akavache/Akavache.config'.
D/Mono    ( 9568): Image addref Akavache.Sqlite3[0xdb418560] -> Akavache.Sqlite3.dll[0xdb43a000]: 2
D/Mono    ( 9568): Prepared to set up assembly 'Akavache.Sqlite3' (Akavache.Sqlite3.dll)
D/Mono    ( 9568): Assembly Akavache.Sqlite3[0xdb418560] added to domain RootDomain, ref_count=1
D/Mono    ( 9568): AOT module 'Akavache.Sqlite3.dll.so' not found: dlopen failed: library "/data/app/com.careerbuilder.SugarDrone-1/lib/arm/libaot-Akavache.Sqlite3.dll.so" not found
D/Mono    ( 9568): AOT module '/Users/builder/data/lanes/4009/3a62f1ea/source/monodroid/builds/install/mono-armv6/lib/mono/aot-cache/arm/Akavache.Sqlite3.dll.so' not found: dlopen failed: library "/data/app/com.careerbuilder.SugarDrone-1/lib/arm/libaot-Akavache.Sqlite3.dll.so" not found
W/        ( 9568): Symbol file LoadedFromMemory doesn't match image Akavache.Sqlite3.dll
D/Mono    ( 9568): Config attempting to parse: 'Akavache.Sqlite3.dll.config'.
D/Mono    ( 9568): Config attempting to parse: '/Users/builder/data/lanes/4009/3a62f1ea/source/monodroid/builds/install/mono-armv6/etc/mono/assemblies/Akavache.Sqlite3/Akavache.Sqlite3.config'.
D/Mono    ( 9568): Image addref Splat[0xdb4185c0] -> Splat.dll[0xdb43a500]: 2
D/Mono    ( 9568): Prepared to set up assembly 'Splat' (Splat.dll)
D/Mono    ( 9568): Assembly Splat[0xdb4185c0] added to domain RootDomain, ref_count=1
D/Mono    ( 9568): AOT module 'Splat.dll.so' not found: dlopen failed: library "/data/app/com.careerbuilder.SugarDrone-1/lib/arm/libaot-Splat.dll.so" not found
D/Mono    ( 9568): AOT module '/Users/builder/data/lanes/4009/3a62f1ea/source/monodroid/builds/install/mono-armv6/lib/mono/aot-cache/arm/Splat.dll.so' not found: dlopen failed: library "/data/app/com.careerbuilder.SugarDrone-1/lib/arm/libaot-Splat.dll.so" not found
D/Mono    ( 9568): Config attempting to parse: 'Splat.dll.config'.
D/Mono    ( 9568): Config attempting to parse: '/Users/builder/data/lanes/4009/3a62f1ea/source/monodroid/builds/install/mono-armv6/etc/mono/assemblies/Splat/Splat.config'.
D/Mono    ( 9568): Image addref Microsoft.Practices.ServiceLocation[0xdb418620] -> Microsoft.Practices.ServiceLocation.dll[0xdb43aa00]: 2
D/Mono    ( 9568): Prepared to set up assembly 'Microsoft.Practices.ServiceLocation' (Microsoft.Practices.ServiceLocation.dll)
D/Mono    ( 9568): Assembly Microsoft.Practices.ServiceLocation[0xdb418620] added to domain RootDomain, ref_count=1
D/Mono    ( 9568): AOT module 'Microsoft.Practices.ServiceLocation.dll.so' not found: dlopen failed: library "/data/app/com.careerbuilder.SugarDrone-1/lib/arm/libaot-Microsoft.Practices.ServiceLocation.dll.so" not found
D/Mono    ( 9568): AOT module '/Users/builder/data/lanes/4009/3a62f1ea/source/monodroid/builds/install/mono-armv6/lib/mono/aot-cache/arm/Microsoft.Practices.ServiceLocation.dll.so' not found: dlopen failed: library "/data/app/com.careerbuilder.SugarDrone-1/lib/arm/libaot-Microsoft.Practices.ServiceLocation.dll.so" not found
D/Mono    ( 9568): Config attempting to parse: 'Microsoft.Practices.ServiceLocation.dll.config'.
D/Mono    ( 9568): Config attempting to parse: '/Users/builder/data/lanes/4009/3a62f1ea/source/monodroid/builds/install/mono-armv6/etc/mono/assemblies/Microsoft.Practices.ServiceLocation/Microsoft.Practices.ServiceLocation.config'.
D/Mono    ( 9568): Image addref Microsoft.Practices.Unity[0xdb418680] -> Microsoft.Practices.Unity.dll[0xdb43af00]: 2
D/Mono    ( 9568): Prepared to set up assembly 'Microsoft.Practices.Unity' (Microsoft.Practices.Unity.dll)
D/Mono    ( 9568): Assembly Microsoft.Practices.Unity[0xdb418680] added to domain RootDomain, ref_count=1
D/Mono    ( 9568): AOT module 'Microsoft.Practices.Unity.dll.so' not found: dlopen failed: library "/data/app/com.careerbuilder.SugarDrone-1/lib/arm/libaot-Microsoft.Practices.Unity.dll.so" not found
D/Mono    ( 9568): AOT module '/Users/builder/data/lanes/4009/3a62f1ea/source/monodroid/builds/install/mono-armv6/lib/mono/aot-cache/arm/Microsoft.Practices.Unity.dll.so' not found: dlopen failed: library "/data/app/com.careerbuilder.SugarDrone-1/lib/arm/libaot-Microsoft.Practices.Unity.dll.so" not found
D/Mono    ( 9568): Config attempting to parse: 'Microsoft.Practices.Unity.dll.config'.
D/Mono    ( 9568): Config attempting to parse: '/Users/builder/data/lanes/4009/3a62f1ea/source/monodroid/builds/install/mono-armv6/etc/mono/assemblies/Microsoft.Practices.Unity/Microsoft.Practices.Unity.config'.
D/Mono    ( 9568): Image addref Plugin.CurrentActivity[0xdb4186e0] -> Plugin.CurrentActivity.dll[0xdb43b400]: 2
D/Mono    ( 9568): Prepared to set up assembly 'Plugin.CurrentActivity' (Plugin.CurrentActivity.dll)
D/Mono    ( 9568): Assembly Plugin.CurrentActivity[0xdb4186e0] added to domain RootDomain, ref_count=1
D/Mono    ( 9568): AOT module 'Plugin.CurrentActivity.dll.so' not found: dlopen failed: library "/data/app/com.careerbuilder.SugarDrone-1/lib/arm/libaot-Plugin.CurrentActivity.dll.so" not found
D/Mono    ( 9568): AOT module '/Users/builder/data/lanes/4009/3a62f1ea/source/monodroid/builds/install/mono-armv6/lib/mono/aot-cache/arm/Plugin.CurrentActivity.dll.so' not found: dlopen failed: library "/data/app/com.careerbuilder.SugarDrone-1/lib/arm/libaot-Plugin.CurrentActivity.dll.so" not found
D/Mono    ( 9568): Config attempting to parse: 'Plugin.CurrentActivity.dll.config'.
D/Mono    ( 9568): Config attempting to parse: '/Users/builder/data/lanes/4009/3a62f1ea/source/monodroid/builds/install/mono-armv6/etc/mono/assemblies/Plugin.CurrentActivity/Plugin.CurrentActivity.config'.
D/Mono    ( 9568): Image addref Plugin.Permissions[0xdb418740] -> Plugin.Permissions.dll[0xdb43b900]: 2
D/Mono    ( 9568): Prepared to set up assembly 'Plugin.Permissions' (Plugin.Permissions.dll)
D/Mono    ( 9568): Assembly Plugin.Permissions[0xdb418740] added to domain RootDomain, ref_count=1
D/Mono    ( 9568): AOT module 'Plugin.Permissions.dll.so' not found: dlopen failed: library "/data/app/com.careerbuilder.SugarDrone-1/lib/arm/libaot-Plugin.Permissions.dll.so" not found
D/Mono    ( 9568): AOT module '/Users/builder/data/lanes/4009/3a62f1ea/source/monodroid/builds/install/mono-armv6/lib/mono/aot-cache/arm/Plugin.Permissions.dll.so' not found: dlopen failed: library "/data/app/com.careerbuilder.SugarDrone-1/lib/arm/libaot-Plugin.Permissions.dll.so" not found
D/Mono    ( 9568): Config attempting to parse: 'Plugin.Permissions.dll.config'.
D/Mono    ( 9568): Config attempting to parse: '/Users/builder/data/lanes/4009/3a62f1ea/source/monodroid/builds/install/mono-armv6/etc/mono/assemblies/Plugin.Permissions/Plugin.Permissions.config'.
D/Mono    ( 9568): Image addref Plugin.Permissions.Abstractions[0xdb4187a0] -> Plugin.Permissions.Abstractions.dll[0xdb43be00]: 2
D/Mono    ( 9568): Prepared to set up assembly 'Plugin.Permissions.Abstractions' (Plugin.Permissions.Abstractions.dll)
D/Mono    ( 9568): Assembly Plugin.Permissions.Abstractions[0xdb4187a0] added to domain RootDomain, ref_count=1
D/Mono    ( 9568): AOT module 'Plugin.Permissions.Abstractions.dll.so' not found: dlopen failed: library "/data/app/com.careerbuilder.SugarDrone-1/lib/arm/libaot-Plugin.Permissions.Abstractions.dll.so" not found
D/Mono    ( 9568): AOT module '/Users/builder/data/lanes/4009/3a62f1ea/source/monodroid/builds/install/mono-armv6/lib/mono/aot-cache/arm/Plugin.Permissions.Abstractions.dll.so' not found: dlopen failed: library "/data/app/com.careerbuilder.SugarDrone-1/lib/arm/libaot-Plugin.Permissions.Abstractions.dll.so" not found
D/Mono    ( 9568): Config attempting to parse: 'Plugin.Permissions.Abstractions.dll.config'.
D/Mono    ( 9568): Config attempting to parse: '/Users/builder/data/lanes/4009/3a62f1ea/source/monodroid/builds/install/mono-armv6/etc/mono/assemblies/Plugin.Permissions.Abstractions/Plugin.Permissions.Abstractions.config'.
D/Mono    ( 9568): Image addref Plugin.Geolocator[0xdb418800] -> Plugin.Geolocator.dll[0xdb43c300]: 2
D/Mono    ( 9568): Prepared to set up assembly 'Plugin.Geolocator' (Plugin.Geolocator.dll)
D/Mono    ( 9568): Assembly Plugin.Geolocator[0xdb418800] added to domain RootDomain, ref_count=1
D/Mono    ( 9568): AOT module 'Plugin.Geolocator.dll.so' not found: dlopen failed: library "/data/app/com.careerbuilder.SugarDrone-1/lib/arm/libaot-Plugin.Geolocator.dll.so" not found
D/Mono    ( 9568): AOT module '/Users/builder/data/lanes/4009/3a62f1ea/source/monodroid/builds/install/mono-armv6/lib/mono/aot-cache/arm/Plugin.Geolocator.dll.so' not found: dlopen failed: library "/data/app/com.careerbuilder.SugarDrone-1/lib/arm/libaot-Plugin.Geolocator.dll.so" not found
D/Mono    ( 9568): Config attempting to parse: 'Plugin.Geolocator.dll.config'.
D/Mono    ( 9568): Config attempting to parse: '/Users/builder/data/lanes/4009/3a62f1ea/source/monodroid/builds/install/mono-armv6/etc/mono/assemblies/Plugin.Geolocator/Plugin.Geolocator.config'.
D/Mono    ( 9568): Image addref Plugin.Geolocator.Abstractions[0xdb418860] -> Plugin.Geolocator.Abstractions.dll[0xdb43c800]: 2
D/Mono    ( 9568): Prepared to set up assembly 'Plugin.Geolocator.Abstractions' (Plugin.Geolocator.Abstractions.dll)
D/Mono    ( 9568): Assembly Plugin.Geolocator.Abstractions[0xdb418860] added to domain RootDomain, ref_count=1
D/Mono    ( 9568): AOT module 'Plugin.Geolocator.Abstractions.dll.so' not found: dlopen failed: library "/data/app/com.careerbuilder.SugarDrone-1/lib/arm/libaot-Plugin.Geolocator.Abstractions.dll.so" not found
D/Mono    ( 9568): AOT module '/Users/builder/data/lanes/4009/3a62f1ea/source/monodroid/builds/install/mono-armv6/lib/mono/aot-cache/arm/Plugin.Geolocator.Abstractions.dll.so' not found: dlopen failed: library "/data/app/com.careerbuilder.SugarDrone-1/lib/arm/libaot-Plugin.Geolocator.Abstractions.dll.so" not found
D/Mono    ( 9568): Config attempting to parse: 'Plugin.Geolocator.Abstractions.dll.config'.
D/Mono    ( 9568): Config attempting to parse: '/Users/builder/data/lanes/4009/3a62f1ea/source/monodroid/builds/install/mono-armv6/etc/mono/assemblies/Plugin.Geolocator.Abstractions/Plugin.Geolocator.Abstractions.config'.
D/Mono    ( 9568): Image addref Plugin.DeviceInfo[0xdb4188c0] -> Plugin.DeviceInfo.dll[0xdb43cd00]: 2
D/Mono    ( 9568): Prepared to set up assembly 'Plugin.DeviceInfo' (Plugin.DeviceInfo.dll)
D/Mono    ( 9568): Assembly Plugin.DeviceInfo[0xdb4188c0] added to domain RootDomain, ref_count=1
D/Mono    ( 9568): AOT module 'Plugin.DeviceInfo.dll.so' not found: dlopen failed: library "/data/app/com.careerbuilder.SugarDrone-1/lib/arm/libaot-Plugin.DeviceInfo.dll.so" not found
D/Mono    ( 9568): AOT module '/Users/builder/data/lanes/4009/3a62f1ea/source/monodroid/builds/install/mono-armv6/lib/mono/aot-cache/arm/Plugin.DeviceInfo.dll.so' not found: dlopen failed: library "/data/app/com.careerbuilder.SugarDrone-1/lib/arm/libaot-Plugin.DeviceInfo.dll.so" not found
D/Mono    ( 9568): Config attempting to parse: 'Plugin.DeviceInfo.dll.config'.
D/Mono    ( 9568): Config attempting to parse: '/Users/builder/data/lanes/4009/3a62f1ea/source/monodroid/builds/install/mono-armv6/etc/mono/assemblies/Plugin.DeviceInfo/Plugin.DeviceInfo.config'.
D/Mono    ( 9568): Image addref Plugin.DeviceInfo.Abstractions[0xdb418920] -> Plugin.DeviceInfo.Abstractions.dll[0xdb43d200]: 2
D/Mono    ( 9568): Prepared to set up assembly 'Plugin.DeviceInfo.Abstractions' (Plugin.DeviceInfo.Abstractions.dll)
D/Mono    ( 9568): Assembly Plugin.DeviceInfo.Abstractions[0xdb418920] added to domain RootDomain, ref_count=1
D/Mono    ( 9568): AOT module 'Plugin.DeviceInfo.Abstractions.dll.so' not found: dlopen failed: library "/data/app/com.careerbuilder.SugarDrone-1/lib/arm/libaot-Plugin.DeviceInfo.Abstractions.dll.so" not found
D/Mono    ( 9568): AOT module '/Users/builder/data/lanes/4009/3a62f1ea/source/monodroid/builds/install/mono-armv6/lib/mono/aot-cache/arm/Plugin.DeviceInfo.Abstractions.dll.so' not found: dlopen failed: library "/data/app/com.careerbuilder.SugarDrone-1/lib/arm/libaot-Plugin.DeviceInfo.Abstractions.dll.so" not found
D/Mono    ( 9568): Config attempting to parse: 'Plugin.DeviceInfo.Abstractions.dll.config'.
D/Mono    ( 9568): Config attempting to parse: '/Users/builder/data/lanes/4009/3a62f1ea/source/monodroid/builds/install/mono-armv6/etc/mono/assemblies/Plugin.DeviceInfo.Abstractions/Plugin.DeviceInfo.Abstractions.config'.
D/Mono    ( 9568): Image addref Xamarin.GooglePlayServices.Analytics[0xdb418980] -> Xamarin.GooglePlayServices.Analytics.dll[0xdb43d700]: 2
D/Mono    ( 9568): Prepared to set up assembly 'Xamarin.GooglePlayServices.Analytics' (Xamarin.GooglePlayServices.Analytics.dll)
