W/ResourceType( 9908): No known package when getting name for resource number 0xffffffff
W/ResourceType( 9908): No known package when getting name for resource number 0xffffffff
W/ResourceType( 9908): No known package when getting name for resource number 0xffffffff
W/ResourceType( 9908): No known package when getting name for resource number 0xffffffff
W/ResourceType( 9908): No known package when getting name for resource number 0xffffffff
W/ResourceType( 9908): No known package when getting name for resource number 0xffffffff
W/ResourceType( 9908): No known package when getting name for resource number 0xffffffff
W/ResourceType( 9908): No known package when getting name for resource number 0xffffffff
W/ResourceType( 9908): No known package when getting name for resource number 0xffffffff
W/ResourceType( 9908): No known package when getting name for resource number 0xffffffff
W/ResourceType( 9908): No known package when getting name for resource number 0xffffffff
W/ResourceType( 9908): No known package when getting name for resource number 0xffffffff
W/ResourceType( 9908): No known package when getting name for resource number 0xffffffff
W/ResourceType( 9908): No known package when getting name for resource number 0xffffffff
W/ResourceType( 9908): No known package when getting name for resource number 0xffffffff
W/ResourceType( 9908): No known package when getting name for resource number 0xffffffff
W/ResourceType( 9908): No known package when getting name for resource number 0xffffffff
W/ResourceType( 9908): No known package when getting name for resource number 0xffffffff
W/ResourceType( 9908): No known package when getting name for resource number 0xffffffff
W/ResourceType( 9908): No known package when getting name for resource number 0xffffffff
W/ResourceType( 9908): No known package when getting name for resource number 0xffffffff
W/ResourceType( 9908): No known package when getting name for resource number 0xffffffff
W/ResourceType( 9908): No known package when getting name for resource number 0xffffffff
W/ResourceType( 9908): No known package when getting name for resource number 0xffffffff
W/ResourceType( 9908): No known package when getting name for resource number 0xffffffff
W/ResourceType( 9908): No known package when getting name for resource number 0xffffffff
W/ResourceType( 9908): No known package when getting name for resource number 0xffffffff
W/ResourceType( 9908): No known package when getting name for resource number 0xffffffff
W/ResourceType( 9908): No known package when getting name for resource number 0xffffffff
W/ResourceType( 9908): No known package when getting name for resource number 0xffffffff
I/System.out( 9908): URI: /map
I/System.out( 9908): params: {json={"query":"* marked:'www.google.com'","operation":{"method_name":"query","arguments":[]}}
I/System.out( 9908): }
W/ResourceType( 9908): No known package when getting name for resource number 0xffffffff
W/ResourceType( 9908): No known package when getting name for resource number 0xffffffff
W/ResourceType( 9908): No known package when getting name for resource number 0xffffffff
W/ResourceType( 9908): No known package when getting name for resource number 0xffffffff
W/ResourceType( 9908): No known package when getting name for resource number 0xffffffff
W/ResourceType( 9908): No known package when getting name for resource number 0xffffffff
W/ResourceType( 9908): No known package when getting name for resource number 0xffffffff
W/ResourceType( 9908): No known package when getting name for resource number 0xffffffff
W/ResourceType( 9908): No known package when getting name for resource number 0xffffffff
W/ResourceType( 9908): No known package when getting name for resource number 0xffffffff
W/ResourceType( 9908): No known package when getting name for resource number 0xffffffff
W/ResourceType( 9908): No known package when getting name for resource number 0xffffffff
W/ResourceType( 9908): No known package when getting name for resource number 0xffffffff
W/ResourceType( 9908): No known package when getting name for resource number 0xffffffff
W/ResourceType( 9908): No known package when getting name for resource number 0xffffffff
W/ResourceType( 9908): No known package when getting name for resource number 0xffffffff
W/ResourceType( 9908): No known package when getting name for resource number 0xffffffff
W/ResourceType( 9908): No known package when getting name for resource number 0xffffffff
W/ResourceType( 9908): No known package when getting name for resource number 0xffffffff
W/ResourceType( 9908): No known package when getting name for resource number 0xffffffff
W/ResourceType( 9908): No known package when getting name for resource number 0xffffffff
W/ResourceType( 9908): No known package when getting name for resource number 0xffffffff
W/ResourceType( 9908): No known package when getting name for resource number 0xffffffff
W/ResourceType( 9908): No known package when getting name for resource number 0xffffffff
W/ResourceType( 9908): No known package when getting name for resource number 0xffffffff
W/ResourceType( 9908): No known package when getting name for resource number 0xffffffff
W/ResourceType( 9908): No known package when getting name for resource number 0xffffffff
W/ResourceType( 9908): No known package when getting name for resource number 0xffffffff
W/ResourceType( 9908): No known package when getting name for resource number 0xffffffff
W/ResourceType( 9908): No known package when getting name for resource number 0xffffffff
W/ResourceType( 9908): No known package when getting name for resource number 0xffffffff
W/ResourceType( 9908): No known package when getting name for resource number 0xffffffff
W/ResourceType( 9908): No known package when getting name for resource number 0xffffffff
W/ResourceType( 9908): No known package when getting name for resource number 0xffffffff
W/ResourceType( 9908): No known package when getting name for resource number 0xffffffff
W/ResourceType( 9908): No known package when getting name for resource number 0xffffffff
W/ResourceType( 9908): No known package when getting name for resource number 0xffffffff
W/ResourceType( 9908): No known package when getting name for resource number 0xffffffff
W/ResourceType( 9908): No known package when getting name for resource number 0xffffffff
W/ResourceType( 9908): No known package when getting name for resource number 0xffffffff
W/ResourceType( 9908): No known package when getting name for resource number 0xffffffff
W/ResourceType( 9908): No known package when getting name for resource number 0xffffffff
W/ResourceType( 9908): No known package when getting name for resource number 0xffffffff
W/ResourceType( 9908): No known package when getting name for resource number 0xffffffff
W/ResourceType( 9908): No known package when getting name for resource number 0xffffffff
W/ResourceType( 9908): No known package when getting name for resource number 0xffffffff
W/ResourceType( 9908): No known package when getting name for resource number 0xffffffff
W/ResourceType( 9908): No known package when getting name for resource number 0xffffffff
W/ResourceType( 9908): No known package when getting name for resource number 0xffffffff
W/ResourceType( 9908): No known package when getting name for resource number 0xffffffff
W/ResourceType( 9908): No known package when getting name for resource number 0xffffffff
W/ResourceType( 9908): No known package when getting name for resource number 0xffffffff
W/ResourceType( 9908): No known package when getting name for resource number 0xffffffff
W/ResourceType( 9908): No known package when getting name for resource number 0xffffffff
W/ResourceType( 9908): No known package when getting name for resource number 0xffffffff
W/ResourceType( 9908): No known package when getting name for resource number 0xffffffff
W/ResourceType( 9908): No known package when getting name for resource number 0xffffffff
W/ResourceType( 9908): No known package when getting name for resource number 0xffffffff
W/ResourceType( 9908): No known package when getting name for resource number 0xffffffff
W/ResourceType( 9908): No known package when getting name for resource number 0xffffffff
W/ResourceType( 9908): No known package when getting name for resource number 0xffffffff
W/ResourceType( 9908): No known package when getting name for resource number 0xffffffff
W/ResourceType( 9908): No known package when getting name for resource number 0xffffffff
W/ResourceType( 9908): No known package when getting name for resource number 0xffffffff
W/ResourceType( 9908): No known package when getting name for resource number 0xffffffff
W/ResourceType( 9908): No known package when getting name for resource number 0xffffffff
W/ResourceType( 9908): No known package when getting name for resource number 0xffffffff
W/ResourceType( 9908): No known package when getting name for resource number 0xffffffff
W/ResourceType( 9908): No known package when getting name for resource number 0xffffffff
W/ResourceType( 9908): No known package when getting name for resource number 0xffffffff
W/ResourceType( 9908): No known package when getting name for resource number 0xffffffff
W/ResourceType( 9908): No known package when getting name for resource number 0xffffffff
W/ResourceType( 9908): No known package when getting name for resource number 0xffffffff
W/ResourceType( 9908): No known package when getting name for resource number 0xffffffff
W/ResourceType( 9908): No known package when getting name for resource number 0xffffffff
W/ResourceType( 9908): No known package when getting name for resource number 0xffffffff
W/ResourceType( 9908): No known package when getting name for resource number 0xffffffff
I/System.out( 9908): URI: /
I/System.out( 9908): params: {json={"command":"touch_coordinate","arguments":[195.0,991.0]}
I/System.out( 9908): }
I/System.out( 9908): header: {content-type=application/json; charset=utf-8, connection=close, host=devicehost18.prod, x-session-token=token-token-9d573641-6627-4e18-a12f-773cc829032a, content-length=56, x-forwarded-for=10.222.150.20}
I/System.out( 9908): params: {json={"command":"touch_coordinate","arguments":[195.0,991.0]}
I/System.out( 9908): }
I/System.out( 9908): ProP json = {"command":"touch_coordinate","arguments":[195.0,991.0]}
I/System.out( 9908): files: {}
I/System.out( 9908): command: {"command":"touch_coordinate","arguments":[195.0,991.0]}
I/InstrumentationBackend( 9908): Got command:'Command:'Line:null,touch_coordinate', arguments:'[195.0, 991.0]'
I/calabash( 9908): execStartActivity 4
I/ActivityManager(  872): START u0 {act=android.intent.action.VIEW dat=http://www.google.com/... cmp=com.android.chrome/com.google.android.apps.chrome.Main (has extras)} from uid 19656 on display 0
I/ActivityManager(  872): Start proc 10465:com.android.chrome/u0a48 for activity com.android.chrome/com.google.android.apps.chrome.Main
W/System  (10465): ClassLoader referenced unknown path: /system/app/Chrome/lib/arm
I/System.out( 9908): result:{"bonusInformation":[],"message":"","success":true}
I/ActivityManager(  872): START u0 {act=android.intent.action.VIEW dat=http://www.google.com/... flg=0x14002000 cmp=com.android.chrome/org.chromium.chrome.browser.ChromeTabbedActivity (has extras)} from uid 10048 on display 0
I/System.out( 9908): URI: /map
I/System.out( 9908): params: {json={"query":"* marked:'Job 1'","operation":{"method_name":"query","arguments":[]}}
I/System.out( 9908): }
W/art     (10465): Before Android 4.1, method android.graphics.PorterDuffColorFilter android.support.graphics.drawable.VectorDrawableCompat.updateTintFilter(android.graphics.PorterDuffColorFilter, android.content.res.ColorStateList, android.graphics.PorterDuff$Mode) would have incorrectly overridden the package-private method in android.graphics.drawable.Drawable
W/ResourceType( 9908): No known package when getting name for resource number 0xffffffff
W/ResourceType( 9908): No known package when getting name for resource number 0xffffffff
W/ResourceType( 9908): No known package when getting name for resource number 0xffffffff
W/ResourceType( 9908): No known package when getting name for resource number 0xffffffff
W/ResourceType( 9908): No known package when getting name for resource number 0xffffffff
W/ResourceType( 9908): No known package when getting name for resource number 0xffffffff
W/ResourceType( 9908): No known package when getting name for resource number 0xffffffff
W/ResourceType( 9908): No known package when getting name for resource number 0xffffffff
W/ResourceType( 9908): No known package when getting name for resource number 0xffffffff
W/ResourceType( 9908): No known package when getting name for resource number 0xffffffff
W/ResourceType( 9908): No known package when getting name for resource number 0xffffffff
W/ResourceType( 9908): No known package when getting name for resource number 0xffffffff
W/ResourceType( 9908): No known package when getting name for resource number 0xffffffff
W/ResourceType( 9908): No known package when getting name for resource number 0xffffffff
W/ResourceType( 9908): No known package when getting name for resource number 0xffffffff
W/ResourceType( 9908): No known package when getting name for resource number 0xffffffff
W/ResourceType( 9908): No known package when getting name for resource number 0xffffffff
W/ResourceType( 9908): No known package when getting name for resource number 0xffffffff
W/ResourceType( 9908): No known package when getting name for resource number 0xffffffff
W/ResourceType( 9908): No known package when getting name for resource number 0xffffffff
W/ResourceType( 9908): No known package when getting name for resource number 0xffffffff
W/ResourceType( 9908): No known package when getting name for resource number 0xffffffff
W/ResourceType( 9908): No known package when getting name for resource number 0xffffffff
W/ResourceType( 9908): No known package when getting name for resource number 0xffffffff
W/ResourceType( 9908): No known package when getting name for resource number 0xffffffff
W/ResourceType( 9908): No known package when getting name for resource number 0xffffffff
W/ResourceType( 9908): No known package when getting name for resource number 0xffffffff
W/ResourceType( 9908): No known package when getting name for resource number 0xffffffff
W/ResourceType( 9908): No known package when getting name for resource number 0xffffffff
W/ResourceType( 9908): No known package when getting name for resource number 0xffffffff
W/ResourceType( 9908): No known package when getting name for resource number 0xffffffff
W/ResourceType( 9908): No known package when getting name for resource number 0xffffffff
W/ResourceType( 9908): No known package when getting name for resource number 0xffffffff
W/ResourceType( 9908): No known package when getting name for resource number 0xffffffff
W/ResourceType( 9908): No known package when getting name for resource number 0xffffffff
W/ResourceType( 9908): No known package when getting name for resource number 0xffffffff
W/ResourceType( 9908): No known package when getting name for resource number 0xffffffff
W/ResourceType( 9908): No known package when getting name for resource number 0xffffffff
W/ResourceType( 9908): No known package when getting name for resource number 0xffffffff
W/ResourceType( 9908): No known package when getting name for resource number 0xffffffff
W/ResourceType( 9908): No known package when getting name for resource number 0xffffffff
W/ResourceType( 9908): No known package when getting name for resource number 0xffffffff
I/cr_base (10465): Extracting resource /data/user/0/com.android.chrome/app_chrome/paks/en-GB.pak
W/ResourceType( 9908): No known package when getting name for resource number 0xffffffff
I/cr_base (10465): Extracting resource /data/user/0/com.android.chrome/app_chrome/paks/en-US.pak
W/ResourceType( 9908): No known package when getting name for resource number 0xffffffff
W/ResourceType( 9908): No known package when getting name for resource number 0xffffffff
W/ResourceType( 9908): No known package when getting name for resource number 0xffffffff
W/ResourceType( 9908): No known package when getting name for resource number 0xffffffff
W/ResourceType( 9908): No known package when getting name for resource number 0xffffffff
W/ResourceType( 9908): No known package when getting name for resource number 0xffffffff
W/ResourceType( 9908): No known package when getting name for resource number 0xffffffff
W/ResourceType( 9908): No known package when getting name for resource number 0xffffffff
I/cr_LibraryLoader(10465): Time to load native libraries: 154 ms (timestamps 3486-3640)
I/cr_LibraryLoader(10465): Expected native library version number "51.0.2704.90", actual native library version number "51.0.2704.90"
I/chromium(10465): [INFO:library_loader_hooks.cc(143)] Chromium logging enabled: level = 0, default verbosity = 0
W/ResourceType( 9908): No known package when getting name for resource number 0xffffffff
I/Adreno  (10465): QUALCOMM build                   : 74df444, I409c65498b
I/Adreno  (10465): Build Date                       : 06/22/16
I/Adreno  (10465): OpenGL ES Shader Compiler Version: XE031.08.00.02
I/Adreno  (10465): Local Branch                     : N16
I/Adreno  (10465): Remote Branch                    : 
I/Adreno  (10465): Remote Branch                    : 
I/Adreno  (10465): Reconstruct Branch               : 
W/ResourceType( 9908): No known package when getting name for resource number 0xffffffff
W/ResourceType( 9908): No known package when getting name for resource number 0xffffffff
W/ResourceType( 9908): No known package when getting name for resource number 0xffffffff
W/ResourceType( 9908): No known package when getting name for resource number 0xffffffff
I/OpenGLRenderer(10465): Initialized EGL, version 1.4
D/OpenGLRenderer(10465): Swap behavior 1
D/cr_ChildProcLauncher(10465): [ChildProcessLauncher.java:97] Allocator allocated a connection, sandbox: true, slot: 0
I/ActivityManager(  872): Start proc 10502:com.android.chrome:sandboxed_process0/u0i0 for service com.android.chrome/org.chromium.content.app.SandboxedProcessService0
W/dboxed_process0(10502): type=1400 audit(0.0:78): avc: denied { getattr } for path="/data/data/com.android.chrome" dev="dm-2" ino=376175 scontext=u:r:isolated_app:s0:c512,c768 tcontext=u:object_r:app_data_file:s0:c512,c768 tclass=dir permissive=0
W/System  (10502): ClassLoader referenced unknown path: /system/app/Chrome/lib/arm
W/ResourceType( 9908): No known package when getting name for resource number 0xffffffff
W/ResourceType( 9908): No known package when getting name for resource number 0xffffffff
I/cr_ChildProcessService(10502): Creating new ChildProcessService pid=10502
W/ResourceType( 9908): No known package when getting name for resource number 0xffffffff
I/ActivityManager(  872): Displayed com.android.chrome/org.chromium.chrome.browser.ChromeTabbedActivity: +742ms (total +946ms)
W/ResourceType( 9908): No known package when getting name for resource number 0xffffffff
W/cr_KnoxSettingsProvider(10465): Permission to read device policy denied.
I/cr_BrowserStartup(10465): Initializing chromium process, singleProcess=false
W/ResourceType( 9908): No known package when getting name for resource number 0xffffffff
W/ResourceType( 9908): No known package when getting name for resource number 0xffffffff
W/ResourceType( 9908): No known package when getting name for resource number 0xffffffff
W/ResourceType( 9908): No known package when getting name for resource number 0xffffffff
W/ResourceType( 9908): No known package when getting name for resource number 0xffffffff
W/ResourceType( 9908): No known package when getting name for resource number 0xffffffff
W/ResourceType( 9908): No known package when getting name for resource number 0xffffffff
W/ResourceType( 9908): No known package when getting name for resource number 0xffffffff
W/ResourceType( 9908): No known package when getting name for resource number 0xffffffff
W/ResourceType( 9908): No known package when getting name for resource number 0xffffffff
W/ResourceType( 9908): No known package when getting name for resource number 0xffffffff
W/ResourceType( 9908): No known package when getting name for resource number 0xffffffff
W/ResourceType( 9908): No known package when getting name for resource number 0xffffffff
W/ResourceType( 9908): No known package when getting name for resource number 0xffffffff
W/ResourceType( 9908): No known package when getting name for resource number 0xffffffff
W/ResourceType( 9908): No known package when getting name for resource number 0xffffffff
W/ResourceType( 9908): No known package when getting name for resource number 0xffffffff
I/WindowManager(  872): Destroying surface Surface(name=Starting com.android.chrome) called by com.android.server.wm.WindowStateAnimator.destroySurface:2014 com.android.server.wm.WindowStateAnimator.destroySurfaceLocked:881 com.android.server.wm.WindowState.destroyOrSaveSurface:2073 com.android.server.wm.AppWindowToken.destroySurfaces:363 com.android.server.wm.WindowStateAnimator.finishExit:565 com.android.server.wm.WindowStateAnimator.stepAnimationLocked:491 com.android.server.wm.WindowAnimator.updateWindowsLocked:303 com.android.server.wm.WindowAnimator.animateLocked:704 
I/art     ( 9908): Starting a blocking GC Explicit
D/BluetoothManagerService(  872): Message: 20
D/BluetoothManagerService(  872): Added callback: android.bluetooth.IBluetoothManagerCallback$Stub$Proxy@8a46b22:true
I/art     ( 9908): Explicit concurrent mark sweep GC freed 13145(635KB) AllocSpace objects, 2(40KB) LOS objects, 39% free, 12MB/21MB, paused 1.055ms total 71.173ms
D/cr_ChildProcLauncher(10465): [ChildProcessLauncher.java:97] Allocator allocated a connection, sandbox: false, slot: 0
I/ActivityManager(  872): Start proc 10544:com.android.chrome:privileged_process0/u0a48 for service com.android.chrome/org.chromium.content.app.PrivilegedProcessService0
I/cr_SnippetsLauncher(10465): Unscheduling
D/cr_ChildProcLauncher(10465): [ChildProcessLauncher.java:680] Setting up connection to process: slot=0
W/InstanceID/Rpc(10465): Found 10018
I/cr_LibraryLoader(10465): Using linker: org.chromium.base.library_loader.ModernLinker
W/System  (10544): ClassLoader referenced unknown path: /system/app/Chrome/lib/arm
D/cr_GCore(10465): [GoogleApiClientHelper.java:101] enableLifecycleManagement(true)
D/cr_GCore(10465): [LifecycleHook.java:55] lifecycle hook registered.
D/cr_GCore(10465): [GoogleApiClientHelper.java:101] enableLifecycleManagement(false)
D/cr_GCore(10465): [GoogleApiClientHelper.java:101] enableLifecycleManagement(true)
D/cr_GCore(10465): [GoogleApiClientHelper.java:101] enableLifecycleManagement(false)
I/cr_ChildProcessService(10544): Creating new ChildProcessService pid=10544
D/cr_ChildProcLauncher(10465): [ChildProcessLauncher.java:718] on connect callback, pid=10544 context=-523094376 callbackType=1
W/Thread-4(10532): type=1400 audit(0.0:79): avc: denied { ioctl } for path="socket:[104478]" dev="sockfs" ino=104478 ioctlcmd=8b1b scontext=u:r:untrusted_app:s0:c512,c768 tcontext=u:r:untrusted_app:s0:c512,c768 tclass=udp_socket permissive=0
I/cr_LibraryLoader(10544): Time to load native libraries: 93 ms (timestamps 4327-4420)
I/cr_LibraryLoader(10544): Expected native library version number "51.0.2704.90", actual native library version number "51.0.2704.90"
I/cr_LibraryLoader(10544): Using linker: org.chromium.base.library_loader.ModernLinker
I/chromium(10544): [INFO:library_loader_hooks.cc(143)] Chromium logging enabled: level = 0, default verbosity = 0
E/libEGL  (10544): validate_display:99 error 3008 (EGL_BAD_DISPLAY)
I/Adreno  (10544): QUALCOMM build                   : 74df444, I409c65498b
I/Adreno  (10544): Build Date                       : 06/22/16
I/Adreno  (10544): OpenGL ES Shader Compiler Version: XE031.08.00.02
I/Adreno  (10544): Local Branch                     : N16
I/Adreno  (10544): Remote Branch                    : 
I/Adreno  (10544): Remote Branch                    : 
I/Adreno  (10544): Reconstruct Branch               : 
D/cr_AccountService(10465): [AccountTrackerService.java:122] Getting id/email mapping
W/chromium(10544): [WARNING:ipc_message_attachment_set.cc(57)] MessageAttachmentSet destroyed with unconsumed descriptors: 0/1
D/cr_Ime  (10465): [InputMethodManagerWrapper.java:30] Constructor
W/VideoCapabilities(10544): Unrecognized profile 2130706433 for video/avc
D/cr_ChildProcLauncher(10465): [ChildProcessLauncher.java:680] Setting up connection to process: slot=0
D/cr_ChildProcLauncher(10465): [ChildProcessLauncher.java:718] on connect callback, pid=10502 context=-523094384 callbackType=2
D/cr_tabmodel(10465): [TabPersistentStore.java:948] Loaded tab lists; counts: 1,0
I/VideoCapabilities(10544): Unsupported profile 4 for video/mp4v-es
I/cr_LibraryLoader(10502): Time to load native libraries: 99 ms (timestamps 4608-4707)
I/cr_LibraryLoader(10502): Expected native library version number "51.0.2704.90", actual native library version number "51.0.2704.90"
I/cr_LibraryLoader(10502): Using linker: org.chromium.base.library_loader.ModernLinker
I/chromium(10502): [INFO:library_loader_hooks.cc(143)] Chromium logging enabled: level = 0, default verbosity = 0
W/NetworkIdentity(  872): Active mobile network without subscriber!
W/NetworkIdentity(  872): Active mobile network without subscriber!
W/NetworkIdentity(  872): Active mobile network without subscriber!
W/NetworkIdentity(  872): Active mobile network without subscriber!
I/ActivityManager(  872): START u0 {cmp=com.android.chrome/org.chromium.chrome.browser.firstrun.FirstRunActivity (has extras)} from uid 10048 on display 0
E/chromium(10465): [ERROR:layer_tree_host_impl.cc(2206)] Forcing zero-copy tile initialization as worker context is missing
I/cr_Ime  (10465): ImeThread is not enabled.
V/cr_Precache(10465): [PrecacheLauncher.java:140] updateEnabled starting
V/cr_Precache(10465): [PrecacheLauncher.java:163] updateEnabled complete
D/cr_GCore(10465): [GoogleApiClientHelper.java:101] enableLifecycleManagement(true)
D/cr_SafeBrowsingApi(10465): [SafeBrowsingApiHandler.java:140] Starting request.
D/cr_SafeBrowsingApi(10465): [SafeBrowsingApiHandler.java:149] Done starting request
I/ActivityManager(  872): Displayed com.android.chrome/org.chromium.chrome.browser.firstrun.FirstRunActivity: +282ms
W/NetworkIdentity(  872): Active mobile network without subscriber!
W/Herrevad( 4293): [246] shz.b: Invalid mccmnc 
W/NetworkIdentity(  872): Active mobile network without subscriber!
D/cr_SafeBrowsingApi(10465): [SafeBrowsingApiHandler.java:121] Done calling callback
D/cr_tabmodel(10465): [TabPersistentStore.java:679] Serializing tab lists; counts: 1, 0, 0
I/WindowManager(  872): Destroying surface Surface(name=SurfaceView - com.android.chrome/org.chromium.chrome.browser.ChromeTabbedActivity) called by com.android.server.wm.WindowStateAnimator.destroySurface:2014 com.android.server.wm.WindowStateAnimator.destroySurfaceLocked:881 com.android.server.wm.WindowState.destroyOrSaveSurface:2073 com.android.server.wm.AppWindowToken.destroySurfaces:363 com.android.server.wm.AppWindowToken.notifyAppStopped:389 com.android.server.wm.WindowManagerService.notifyAppStopped:4456 com.android.server.am.ActivityStack.activityStoppedLocked:1252 com.android.server.am.ActivityManagerService.activityStopped:6873 
I/WindowManager(  872): Destroying surface Surface(name=com.android.chrome/org.chromium.chrome.browser.ChromeTabbedActivity) called by com.android.server.wm.WindowStateAnimator.destroySurface:2014 com.android.server.wm.WindowStateAnimator.destroySurfaceLocked:881 com.android.server.wm.WindowState.destroyOrSaveSurface:2073 com.android.server.wm.AppWindowToken.destroySurfaces:363 com.android.server.wm.AppWindowToken.notifyAppStopped:389 com.android.server.wm.WindowManagerService.notifyAppStopped:4456 com.android.server.am.ActivityStack.activityStoppedLocked:1252 com.android.server.am.ActivityManagerService.activityStopped:6873 
D/cr_SafeBrowsingApi(10465): [SafeBrowsingApiHandler.java:140] Starting request.
D/cr_SafeBrowsingApi(10465): [SafeBrowsingApiHandler.java:149] Done starting request
D/cr_SafeBrowsingApi(10465): [SafeBrowsingApiHandler.java:121] Done calling callback
D/cr_SafeBrowsingApi(10465): [SafeBrowsingApiHandler.java:140] Starting request.
D/cr_SafeBrowsingApi(10465): [SafeBrowsingApiHandler.java:149] Done starting request
D/cr_SafeBrowsingApi(10465): [SafeBrowsingApiHandler.java:121] Done calling callback
D/NetworkSecurityConfig(10465): No Network Security Config specified, using platform default
D/cr_Ime  (10465): [InputMethodManagerWrapper.java:59] isActive: false
D/cr_SafeBrowsingApi(10465): [SafeBrowsingApiHandler.java:140] Starting request.
D/cr_SafeBrowsingApi(10465): [SafeBrowsingApiHandler.java:149] Done starting request
D/cr_SafeBrowsingApi(10465): [SafeBrowsingApiHandler.java:121] Done calling callback
D/cr_SafeBrowsingApi(10465): [SafeBrowsingApiHandler.java:140] Starting request.
D/cr_SafeBrowsingApi(10465): [SafeBrowsingApiHandler.java:149] Done starting request
D/cr_SafeBrowsingApi(10465): [SafeBrowsingApiHandler.java:121] Done calling callback
I/art     ( 4293): Background sticky concurrent mark sweep GC freed 286218(7MB) AllocSpace objects, 1(20KB) LOS objects, 24% free, 16MB/22MB, paused 6.073ms total 108.165ms
D/cr_SafeBrowsingApi(10465): [SafeBrowsingApiHandler.java:140] Starting request.
D/cr_SafeBrowsingApi(10465): [SafeBrowsingApiHandler.java:149] Done starting request
D/cr_SafeBrowsingApi(10465): [SafeBrowsingApiHandler.java:121] Done calling callback
D/cr_tabmodel(10465): [TabPersistentStore.java:679] Serializing tab lists; counts: 1, 0, 0
I/art     ( 9908): Starting a blocking GC Explicit
I/art     ( 9908): Explicit concurrent mark sweep GC freed 23953(892KB) AllocSpace objects, 4(80KB) LOS objects, 39% free, 12MB/21MB, paused 960us total 55.337ms

]]><xtc-duration value="103.7511461"/></xtc-step><!-- name: "undefined", id: "undefined" --><![CDATA[
D/cr_invalidation(10465): [DelayedInvalidationsController.java:57] No pending invalidations.
D/cr_historyreport(10465): [HistoryReportJniBridge.java:46] JNI bridge initialization successful.
I/ActivityManager(  872): Start proc 10703:com.android.providers.partnerbookmarks/u0a73 for content provider com.android.providers.partnerbookmarks/.PartnerBookmarksProvider
D/cr_GCore(10465): [ConnectedTask.java:101] Icing:ClearLegacyCorpusData started
V/cr_Precache(10465): [PrecacheLauncher.java:140] updateEnabled starting
W/ActivityManager(  872): Unable to start service Intent { act=com.google.android.gms.playlog.service.START pkg=com.google.android.gms } U=0: not found
W/ActivityManager(  872): Unbind failed: could not find connection for android.os.BinderProxy@4ea8219
E/GmsClient(10465): unable to connect to service: com.google.android.gms.playlog.service.START
W/IcingInternalCorpora( 4293): getNumBytesRead when not calculated.
I/cr_BindingManager(10465): Moderate binding enabled: maxSize=20
W/System  (10703): ClassLoader referenced unknown path: /system/app/PartnerBookmarksProvider/lib/arm64
I/art     (  872): Background partial concurrent mark sweep GC freed 55754(4MB) AllocSpace objects, 32(1156KB) LOS objects, 33% free, 16MB/24MB, paused 1.845ms total 114.720ms
D/cr_PhysicalWeb(10465): [NearbyClient.java:49] About to background unsubscribe from NearbyClient
E/PartnerBookmarksReader(10465): ATTENTION: not using partner bookmarks as none were provided
V/cr_Precache(10465): [PrecacheLauncher.java:163] updateEnabled complete
I/cr_MinidmpUploadService(10465): Attempting to upload accumulated crash dumps.
I/PlayLogTrackerInternal(10465): onLoggerFailedConnection
D/cr_Icing(10465): [ChromeGoogleApiClientImpl.java:62] Connection to GmsCore successful.
D/cr_GCore(10465): [ConnectedTask.java:104] Icing:ClearLegacyCorpusData connected
I/Icing   ( 4293): Usage reports 0 indexed 0 rejected 0 imm upload false
E/cr_Icing(10465): Failed to clear legacy corpus. Status Code: 8 Message: No CorpusConfig for history of com.android.chrome
D/cr_GCore(10465): [ConnectedTask.java:106] Icing:ClearLegacyCorpusData finished
D/cr_GCore(10465): [ConnectedTask.java:109] Icing:ClearLegacyCorpusData disconnected
D/cr_GCore(10465): [ConnectedTask.java:111] Icing:ClearLegacyCorpusData cleaned up
D/cr_GCore(10465): [ConnectedTask.java:101] Icing:ClearData started
D/cr_PhysicalWeb(10465): [NearbySubscriptionTask.java:67] background unsubscribe to Eddystone-Urls succeeded
D/NearbyMessagesClient(10465): Emitting client lifecycle event CLIENT_DISCONNECTED
D/cr_Icing(10465): [ChromeGoogleApiClientImpl.java:62] Connection to GmsCore successful.
D/cr_GCore(10465): [ConnectedTask.java:104] Icing:ClearData connected
I/Icing   ( 4293): Usage reports 0 indexed 0 rejected 0 imm upload false
I/Icing   ( 4293): Removing corpus key 2D322E99981662D2029BA255371734B4DCF18854 for package com.android.chrome
I/Icing   ( 4293): Flash index sort hb 73 prefix-hits 188 -> 188 at 2.908ms
I/GoogleURLConnFactory( 4208): Using platform SSLCertificateSocketFactory
E/BaseAppContext( 4208): Tried to stop global GMSCore RequestQueue. This is likely unintended, so ignoring.
I/Icing   ( 4293): Scored 680 usage reports, missing_corpora 680 update_failed 0
D/cr_Icing(10465): [GoogleApiIcingClientImpl.java:123] clearData  successful.
I/Icing   ( 4293): Indexing 2D322E99981662D2029BA255371734B4DCF18854 from com.android.chrome
D/cr_GCore(10465): [ConnectedTask.java:106] Icing:ClearData finished
D/cr_GCore(10465): [ConnectedTask.java:109] Icing:ClearData disconnected
D/cr_GCore(10465): [ConnectedTask.java:111] Icing:ClearData cleaned up
D/cr_historyreport(10465): [HistoryReportJniBridge.java:67] query 0 20
D/cr_historyreport(10465): [HistoryReportJniBridge.java:159] startReportingTask
D/cr_historyreport(10465): [HistoryReportJniBridge.java:69] query result: DeltaFileEntry[1, add, http://www.google.com/, http://www.google.com/, Google]
D/cr_historyreport(10465): DeltaFileEntry[2, add, http://www.google.dk/?gws_rd=cr&ei=f6DKWLaeJIPbUfL_tFg, http://www.google.dk/?gws_rd=cr&ei=f6DKWLaeJIPbUfL_tFg, Google]
D/cr_historyreport(10465): DeltaFileEntry[3, add, https://www.google.dk/?gws_rd=cr,ssl&ei=f6DKWLaeJIPbUfL_tFg, https://www.google.dk/?gws_rd=cr,ssl&ei=f6DKWLaeJIPbUfL_tFg, Google]
D/cr_historyreport(10465): [HistoryReportJniBridge.java:67] query 3 20
D/cr_historyreport(10465): [HistoryReportJniBridge.java:159] startReportingTask
D/cr_historyreport(10465): [HistoryReportJniBridge.java:69] query result: 
D/cr_historyreport(10465): [HistoryReportJniBridge.java:67] query 3 20
D/cr_historyreport(10465): [HistoryReportJniBridge.java:159] startReportingTask
D/cr_historyreport(10465): [HistoryReportJniBridge.java:69] query result: 
I/Icing   ( 4293): Indexing done 2D322E99981662D2029BA255371734B4DCF18854
I/ActivityManager(  872): Start proc 10753:com.google.android.gms.unstable/u0a18 for service com.google.android.gms/.droidguard.DroidGuardService
I/LoadedApk(10753): No resource references to update in package FFFFFFFFFFFFFFFFFFFFFF
V/JNIHelp (10753): Registering com/google/android/gms/org/conscrypt/NativeCrypto's 242 native methods...
D/NetworkSecurityConfig(10753): No Network Security Config specified, using platform default
I/ProviderInstaller(10753): Installed default security provider GmsCore_OpenSSL

]]><xtc-step name="[0-1020]CareerBuilder_Search.DroidFeatureTests.JDPTests.ClickingALinkOpensLink-0-NA-FinalScreenShot" id="[0-1020]CareerBuilder_Search.DroidFeatureTests.JDPTests.ClickingALinkOpensLink-0-NA-FinalScreenShot"><![CDATA[
I/art     (10753): Background sticky concurrent mark sweep GC freed 35495(2MB) AllocSpace objects, 3(164KB) LOS objects, 37% free, 5MB/8MB, paused 9.642ms total 72.075ms
D/WVCdm   (  514): Instantiating CDM.
I/WVCdm   (  514): CdmEngine::OpenSession
I/WVCdm   (  514): Level3 Library 4445 Mar 30 2016 13:23:54
D/DrmWidevineDash(  514): OEMCrypto_Initialize: starts! g_qsee_apps_version = 0x32
D/DrmWidevineDash(  514): Service_Initialize: starts!
D/QSEECOMAPI: (  514): QSEECom_get_handle sb_length = 0x19000
D/QSEECOMAPI: (  514): App is not loaded in QSEE
D/QSEECOMAPI: (  514): Loaded image: APP id = 7
D/DrmWidevineDash(  514): Service_Initialize: ends! returns 0
D/DrmWidevineDash(  514): Service_Initialize: function time: 56ms (0s 56656047ns)
D/QSAPPSVER(  514): qsapps_get_capabilities: Capability from secure side: 0x0
D/QSAPPSVER(  514): qsapps_get_capabilities: returns 0
D/DrmWidevineDash(  514): OEMCrypto_Initialize sion_buffer g_wv_fhandle->ion_sbuffer  0x0xecda0000
E/DrmWidevineDash(  514): sion_buffer g_wv_fhandle->ion_sbuffer  0x0xecda0000
D/DrmLibTime(  356): got the req here! ret=0
D/DrmLibTime(  356): command id, time_cmd_id = 770
D/DrmLibTime(  356): time_getutcsec starts!
D/DrmLibTime(  356): QSEE Time Listener: time_getutcsec
D/DrmLibTime(  356): QSEE Time Listener: get_utc_seconds
D/DrmLibTime(  356): QSEE Time Listener: time_get_modem_time
D/DrmLibTime(  356): QSEE Time Listener: Checking if ATS_MODEM is set or not.
D/QC-time-services(  356): Lib:time_genoff_operation: pargs->base = 13
D/QC-time-services(  356): Lib:time_genoff_operation: pargs->operation = 2
D/QC-time-services(  356): Lib:time_genoff_operation: pargs->ts_val = 0
D/QC-time-services(  356): Lib:time_genoff_operation: Send to server  passed!!
D/QC-time-services(  521): Daemon: Connection accepted:time_genoff
D/QC-time-services(  521): Daemon:Received base = 13, unit = 1, operation = 2,value = 0
D/QC-time-services(  521): Daemon:genoff_opr: Base = 13, val = 0, operation = 2
D/QC-time-services(  521): offset is: 0 for base: 13
E/QC-time-services(  356): Receive Passed == base = 13, unit = 1, operation = 2, result = 0
D/DrmLibTime(  356): QSEE Time Listener: ATS_MODEM is not set. Fallback to Android system time.
D/DrmLibTime(  356): QSEE Time Listener: Retrieved Android system time: 1489674373
D/DrmLibTime(  356): time_getutcsec returns 0, sec = 1489674373; nsec = 0
D/DrmLibTime(  356): time_getutcsec finished! 
D/DrmLibTime(  356): iotcl_continue_command finished! and return 0 
D/DrmLibTime(  356): before calling ioctl to read the next time_cmd
E/QC-time-services(  521): Daemon: Time-services: Waiting to acceptconnection
D/DrmWidevineDash(  514): OEMCrypto_ION_Malloc: function time: 6ms (0s 6599532ns)
D/DrmWidevineDash(  514): OEMCrypto_Initialize: ends! returns 0
D/DrmWidevineDash(  514): _oecc01: function time: 69ms (0s 69219070ns)
D/DrmWidevineDash(  514): OEMCrypto_APIVersion: starts!
D/DrmWidevineDash(  514): hlos api version =  11
D/DrmWidevineDash(  514): tz api version =  11
D/DrmWidevineDash(  514): OEMCrypto_APIVersion: ends! returns version 11
D/DrmWidevineDash(  514): _oecc22: function time: 0ms (0s 466302ns)
D/DrmWidevineDash(  514): OEMCrypto_IsKeyboxValid: starts!
D/DrmWidevineDash(  514): OEMCrypto_IsKeyboxValid: ends! returns 0
D/DrmWidevineDash(  514): _oecc05: function time: 29ms (0s 29912607ns)
D/WVCdm   (  514): OEMCrypto_Initialize Level 1 success. I will use level 1.
D/DrmWidevineDash(  514): OEMCrypto_OpenSession: starts! SID=0xeb7003ec
D/DrmWidevineDash(  514): OEMCrypto_OpenSession Session ID = 0
D/DrmWidevineDash(  514): OEMCrypto_OpenSession SID = 1
D/DrmWidevineDash(  514): OEMCrypto_OpenSession: ends! returns 0
D/DrmWidevineDash(  514): _oecc09: function time: 0ms (0s 458750ns)
D/DrmWidevineDash(  514): _oecc06: function time: 0ms (0s 768386ns)
D/DrmWidevineDash(  514): OEMCrypto_LoadDeviceRSAKey: starts! SID=1, wrapped_rsa_key=0xebab4800, wrapped_rsa_key_length=1280
D/DrmWidevineDash(  514): OEMCrypto_LoadDeviceRSAKey: ends! returns 0
D/DrmWidevineDash(  514): _oecc19: function time: 3ms (0s 3751094ns)
D/DrmWidevineDash(  514): _oecc06: function time: 0ms (0s 770052ns)
I/WVCdm   (  514): CdmEngine::QueryKeyControlInfo
I/WVCdm   (  514): CdmEngine::GenerateKeyRequest
D/DrmWidevineDash(  514): OEMCrypto_GetDeviceID: starts! deviceID=0xebf19680, idLength=0xeb7ff1d4
D/DrmWidevineDash(  514): OEMCrypto_GetDeviceID: ends! returns 0
D/DrmWidevineDash(  514): _oecc07: function time: 21ms (0s 21173075ns)
D/DrmWidevineDash(  514): OEMCrypto_Security_Patch_Level: starts!
E/DrmWidevineDash(  514): tz api security patch level =  0
D/DrmWidevineDash(  514): OEMCrypto_Security_Patch_Level: ends! returns level 0
D/DrmWidevineDash(  514): _oecc46: function time: 0ms (0s 529063ns)
D/DrmWidevineDash(  514): OEMCrypto_SupportsUsageTable: starts!
D/DrmWidevineDash(  514): OEMCrypto_SupportsUsageTable: is_supported = 1
D/DrmWidevineDash(  514): OEMCrypto_SupportsUsageTable: wv_app_version =0x34
D/DrmWidevineDash(  514): OEMCrypto_SupportsUsageTable: ends! returns 0
D/DrmWidevineDash(  514): _oecc29: function time: 0ms (0s 748073ns)
D/DrmWidevineDash(  514): OEMCrypto_IsAntiRollbackHwPresent: starts!
D/DrmWidevineDash(  514): OEMCrypto_IsAntiRollbackHwPresent ends! ret=0, is_antirb_enabled = 1
D/DrmWidevineDash(  514): _oecc39: function time: 0ms (0s 528333ns)
D/DrmWidevineDash(  514): OEMCrypto_APIVersion: starts!
D/DrmWidevineDash(  514): hlos api version =  11
D/DrmWidevineDash(  514): tz api version =  11
D/DrmWidevineDash(  514): OEMCrypto_APIVersion: ends! returns version 11
D/DrmWidevineDash(  514): _oecc22: function time: 0ms (0s 462656ns)
D/DrmWidevineDash(  514): OEMCrypto_GetHDCPCapability starts!
D/DrmWidevineDash(  514): OEMCrypto_GetHDCPCapability current=255, max=4
D/DrmWidevineDash(  514): OEMCrypto_GetHDCPCapability ends! ret = 0
D/DrmWidevineDash(  514): _oecc44: function time: 0ms (0s 505573ns)
D/DrmWidevineDash(  514): OEMCrypto_GenerateNonce: starts! SID=1, nonce=0xeb7ff3bc
D/DrmWidevineDash(  514): OEMCrypto_GenerateNonce: ends! returns 0
D/DrmWidevineDash(  514): _oecc14: function time: 0ms (0s 497240ns)
D/WVCdm   (  514): PrepareKeyRequest: nonce=2151896127
D/DrmWidevineDash(  514): OEMCrypto_GenerateRSASignature starts! SID=1, message=0xeb831000
D/DrmWidevineDash(  514): message_length=1666, signature=0xebf39500, signature_length=0xeb7ff35c
D/DrmWidevineDash(  514): OEMCrypto_GenerateRSASignature returns 0
D/DrmWidevineDash(  514): _oecc36: function time: 135ms (0s 135620482ns)
I/WVCdm   (  514): CdmEngine::CloseSession
D/DrmWidevineDash(  514): OEMCrypto_CloseSession: starts! SID=1
D/DrmWidevineDash(  514): OEMCrypto_CloseSession: ends! returns 0
D/DrmWidevineDash(  514): _oecc10: function time: 0ms (0s 571823ns)
D/DrmWidevineDash(  514): OEMCrypto_Terminate: starts!
D/DrmWidevineDash(  514): Service_Uninitialize: starts!
D/QSEECOMAPI: (  514): QSEECom_dealloc_memory 
D/QSEECOMAPI: (  514): QSEECom_shutdown_app, app_id = 7
D/DrmWidevineDash(  514): Service_Uninitialize: ends! returns 0x0
D/DrmWidevineDash(  514): Service_Uninitialize: function time: 0ms (0s 557031ns)
D/DrmWidevineDash(  514): OEMCrypto_ION_Free: function time: 0ms (0s 405678ns)
D/DrmWidevineDash(  514): OEMCrypto_Terminate: ends! returns 0
D/DrmWidevineDash(  514): _oecc02: function time: 1ms (0s 1447500ns)
D/cr_GCore(10465): [ConnectedTask.java:101] Icing:ReportUsage started
D/cr_Icing(10465): [ChromeGoogleApiClientImpl.java:62] Connection to GmsCore successful.
D/cr_GCore(10465): [ConnectedTask.java:104] Icing:ReportUsage connected
D/cr_historyreport(10465): [HistoryReportJniBridge.java:89] getUsageReportsBatch 100
D/cr_GCore(10465): [ConnectedTask.java:106] Icing:ReportUsage finished
D/cr_GCore(10465): [ConnectedTask.java:109] Icing:ReportUsage disconnected
D/cr_GCore(10465): [ConnectedTask.java:111] Icing:ReportUsage cleaned up
I/Icing   ( 4293): Usage reports 0 indexed 0 rejected 0 imm upload false
W/System  (10753): ClassLoader referenced unknown path: /data/user/0/com.google.android.gms/app_daVde0
W/System  (10753): ClassLoader referenced unknown path: 
W/System  (10753): ClassLoader referenced unknown path: /data/user/0/com.google.android.gms/app_daVde0
W/System  (10753): ClassLoader referenced unknown path: 
D/Mono    ( 9908): [0xc5e7f920] worker finishing
W/IntentService[D(10774): type=1400 audit(0.0:80): avc: denied { read } for name="/" dev="tmpfs" ino=11032 scontext=u:r:priv_app:s0:c512,c768 tcontext=u:object_r:device:s0 tclass=dir permissive=0
W/Binder:10753_2(10766): type=1400 audit(0.0:81): avc: denied { read } for name="/" dev="tmpfs" ino=11032 scontext=u:r:priv_app:s0:c512,c768 tcontext=u:object_r:device:s0 tclass=dir permissive=0
I/dex2oat (10809): /system/bin/dex2oat -j4 --dex-file=/data/user/0/com.google.android.gms/app_fb/f.apk --oat-fd=55 --oat-location=/data/user/0/com.google.android.gms/app_fb/f.dex --compiler-filter=speed
I/dex2oat (10809): dex2oat took 122.469ms (threads: 4) arena alloc=465KB (476328B) java alloc=70KB (72544B) native alloc=993KB (1017296B) free=2MB (2128432B)
W/System  (10753): ClassLoader referenced unknown path: 
I/Adreno  (10753): QUALCOMM build                   : 74df444, I409c65498b
I/Adreno  (10753): Build Date                       : 06/22/16
I/Adreno  (10753): OpenGL ES Shader Compiler Version: XE031.08.00.02
I/Adreno  (10753): Local Branch                     : N16
I/Adreno  (10753): Remote Branch                    : 
I/Adreno  (10753): Remote Branch                    : 
I/Adreno  (10753): Reconstruct Branch               : 
W/InstanceID/Rpc(10753): Found 10018
I/Adreno  (10753): QUALCOMM build                   : 74df444, I409c65498b
I/Adreno  (10753): Build Date                       : 06/22/16
I/Adreno  (10753): OpenGL ES Shader Compiler Version: XE031.08.00.02
I/Adreno  (10753): Local Branch                     : N16
I/Adreno  (10753): Remote Branch                    : 
I/Adreno  (10753): Remote Branch                    : 
I/Adreno  (10753): Reconstruct Branch               : 

]]><xtc-duration value="1.5767837999999998"/></xtc-step><!-- name: "undefined", id: "undefined" --><![CDATA[
I/MS_ScheduledTaskService( 4293): Executing task with tag:gms:matchstick:register
I/MS_RegisterService( 4293): RegisterService intent:Intent { act=com.google.android.gms.matchstick.register_intent_action cat=[targeted_intent_op_prefix:com.google.android.libraries.matchstick.net.SilentRegisterIntentOperation] cmp=com.google.android.gms/.chimera.GmsIntentOperationService } isPeriodic:false
I/MS_PhoneUtils( 4293): Phone type: 1
I/MS_RegisterService( 4293): Doing full registration.
I/MS_RegisterService( 4293): Throttling registration.

]]><xtc-duration value="111.5350599" skip="false"/></xtc-scenario><!-- name: "undefined", id: "undefined" --><![CDATA[
I/art     ( 9908): Starting a blocking GC Explicit
I/art     ( 9908): Explicit concurrent mark sweep GC freed 4454(205KB) AllocSpace objects, 1(20KB) LOS objects, 40% free, 12MB/21MB, paused 1.178ms total 51.641ms
I/art     ( 9908): Starting a blocking GC Explicit
I/art     ( 9908): Explicit concurrent mark sweep GC freed 4451(205KB) AllocSpace objects, 1(20KB) LOS objects, 40% free, 12MB/21MB, paused 950us total 52.772ms
