<![CDATA[
]]><xtc-scenario name="[0-1037]CareerBuilder_Search.DroidFeatureTests.JDPTests.ContactCardShouldBeVisible" id="[0-1037]CareerBuilder_Search.DroidFeatureTests.JDPTests.ContactCardShouldBeVisible"><![CDATA[

]]><xtc-step name="[0-1037]CareerBuilder_Search.DroidFeatureTests.JDPTests.ContactCardShouldBeVisible-ContactCardShouldBeVisible" id="[0-1037]CareerBuilder_Search.DroidFeatureTests.JDPTests.ContactCardShouldBeVisible-ContactCardShouldBeVisible"><![CDATA[
D/AndroidRuntime( 8131): >>>>>> START com.android.internal.os.RuntimeInit uid 2000 <<<<<<
D/AndroidRuntime( 8131): CheckJNI is OFF
D/ICU     ( 8131): No timezone override file found: /data/misc/zoneinfo/current/icu/icu_tzdata.dat
I/Radio-JNI( 8131): register_android_hardware_Radio DONE
D/AndroidRuntime( 8131): Calling main entry com.android.commands.pm.Pm
W/MessageQueue( 8131): Handler (android.os.Handler) {55f133} sending message to a Handler on a dead thread
W/MessageQueue( 8131): java.lang.IllegalStateException: Handler (android.os.Handler) {55f133} sending message to a Handler on a dead thread
W/MessageQueue( 8131): 	at android.os.MessageQueue.enqueueMessage(MessageQueue.java:543)
W/MessageQueue( 8131): 	at android.os.Handler.enqueueMessage(Handler.java:643)
W/MessageQueue( 8131): 	at android.os.Handler.sendMessageAtTime(Handler.java:612)
W/MessageQueue( 8131): 	at android.os.Handler.sendMessageDelayed(Handler.java:582)
W/MessageQueue( 8131): 	at android.os.Handler.post(Handler.java:338)
W/MessageQueue( 8131): 	at android.os.ResultReceiver$MyResultReceiver.send(ResultReceiver.java:57)
W/MessageQueue( 8131): 	at com.android.internal.os.IResultReceiver$Stub.onTransact(IResultReceiver.java:58)
W/MessageQueue( 8131): 	at android.os.Binder.execTransact(Binder.java:565)
I/art     ( 8131): System.exit called, status: 0
I/AndroidRuntime( 8131): VM exiting with result code 0.
--------- beginning of system
I/ActivityManager(  881): Killing 5795:com.google.android.apps.docs/u0a52 (adj 906): empty #17
I/ActivityManager(  881): Killing 5774:com.android.musicfx/u0a29 (adj 906): empty #18
D/AndroidRuntime( 8260): >>>>>> START com.android.internal.os.RuntimeInit uid 2000 <<<<<<
D/AndroidRuntime( 8260): CheckJNI is OFF
D/ICU     ( 8260): No timezone override file found: /data/misc/zoneinfo/current/icu/icu_tzdata.dat
I/Radio-JNI( 8260): register_android_hardware_Radio DONE
D/AndroidRuntime( 8260): Calling main entry com.android.commands.am.Am
W/ActivityManager(  881): Invalid packageName: com.careerbuilder.SugarDrone
D/AndroidRuntime( 8260): Shutting down VM
D/AndroidRuntime( 8721): >>>>>> START com.android.internal.os.RuntimeInit uid 2000 <<<<<<
D/AndroidRuntime( 8721): CheckJNI is OFF
D/ICU     ( 8721): No timezone override file found: /data/misc/zoneinfo/current/icu/icu_tzdata.dat
I/Radio-JNI( 8721): register_android_hardware_Radio DONE
D/AndroidRuntime( 8721): Calling main entry com.android.commands.pm.Pm
I/        (  510): free_cache(71725114) avail 10790670336
I/PackageManager.DexOptimizer(  881): Running dexopt (dex2oat) on: /data/app/vmdl1502176753.tmp/base.apk pkg=com.careerbuilder.SugarDrone isa=arm vmSafeMode=false debuggable=true target-filter=interpret-only oatDir = /data/app/vmdl1502176753.tmp/oat sharedLibraries=null
I/dex2oat ( 8773): /system/bin/dex2oat --compiler-filter=interpret-only -j4 --debuggable
W/dex2oat ( 8773): Before Android 4.1, method android.graphics.PorterDuffColorFilter android.support.graphics.drawable.VectorDrawableCompat.updateTintFilter(android.graphics.PorterDuffColorFilter, android.content.res.ColorStateList, android.graphics.PorterDuff$Mode) would have incorrectly overridden the package-private method in android.graphics.drawable.Drawable
W/dex2oat ( 8773): Before Android 4.1, method int android.support.v7.widget.ListViewCompat.lookForSelectablePosition(int, boolean) would have incorrectly overridden the package-private method in android.widget.ListView
I/dex2oat ( 8773): dex2oat took 1.970s (threads: 4) arena alloc=5KB (6016B) java alloc=4MB (5065648B) native alloc=6MB (7313216B) free=2MB (2123968B)
W/PackageManager(  881): Not granting permission android.permission.MANAGE_DOCUMENTS to package com.careerbuilder.SugarDrone (protectionLevel=2 flags=0x3808be46)
W/PackageManager(  881): Not granting permission android.permission.MOUNT_UNMOUNT_FILESYSTEMS to package com.careerbuilder.SugarDrone (protectionLevel=18 flags=0x3808be46)
V/BackupManagerService(  881): restoreAtInstall pkg=com.careerbuilder.SugarDrone token=5 restoreSet=0
V/BackupManagerService(  881): Finishing install immediately
I/art     (  881): Starting a blocking GC Explicit
I/art     (  881): Explicit concurrent mark sweep GC freed 96750(5MB) AllocSpace objects, 12(512KB) LOS objects, 33% free, 15MB/23MB, paused 1.601ms total 105.829ms
E/        (  510): Couldn't opendir /data/app/vmdl1502176753.tmp: No such file or directory
D/PackageInstaller(  881): Ignoring abandon after commit relinquished control
I/art     ( 8721): System.exit called, status: 0
I/AndroidRuntime( 8721): VM exiting with result code 0.
I/InputReader(  881): Reconfiguring input devices.  changes=0x00000010
I/ActivityManager(  881): Start proc 8823:com.android.musicfx/u0a29 for broadcast com.android.musicfx/.Compatibility$Receiver
W/ActivityManager(  881): Permission Denial: Accessing service ComponentInfo{com.google.android.music/com.google.android.music.dial.DialMediaRouteProviderService} from pid=5323, uid=10085 that is not exported from uid 10071
D/CarrierSvcBindHelper( 3232): No carrier app for: 0
D/CarrierConfigLoader( 3232): mHandler: 9 phoneId: 0
D/RegisteredNfcFServicesCache( 4172): Service unchanged, not updating
W/System  ( 8823): ClassLoader referenced unknown path: /system/priv-app/MusicFX/lib/arm64
I/ActivityManager(  881): Start proc 8842:com.android.vending/u0a30 for broadcast com.android.vending/com.google.android.finsky.receivers.PackageMonitorReceiver$RegisteredReceiver
W/System  ( 8842): ClassLoader referenced unknown path: /system/priv-app/Phonesky/lib/arm64
W/Finsky  ( 8842): [1] com.google.android.finsky.FinskyApp.i(1468): No account configured on this device.
W/Finsky  ( 8842): [1] com.google.android.finsky.FinskyApp.i(1468): No account configured on this device.
W/Finsky  ( 8842): [1] com.google.android.finsky.FinskyApp.i(1468): No account configured on this device.
W/Finsky  ( 8842): [1] com.google.android.finsky.FinskyApp.i(1468): No account configured on this device.
I/Finsky  ( 8842): [1] com.google.android.finsky.FinskyApp.onCreate(430): Initializing network with DFE https://android.clients.google.com/fdfe/
W/Finsky  ( 8842): [1] com.google.android.finsky.FinskyApp.i(1468): No account configured on this device.
W/Finsky  ( 8842): [1] com.google.android.finsky.FinskyApp.i(1468): No account configured on this device.
W/Finsky  ( 8842): [1] com.google.android.finsky.FinskyApp.i(1468): No account configured on this device.
W/Finsky  ( 8842): [1] com.google.android.finsky.FinskyApp.i(1468): No account configured on this device.
W/Finsky  ( 8842): [1] com.google.android.finsky.FinskyApp.i(1468): No account configured on this device.
W/Finsky  ( 8842): [1] com.google.android.finsky.FinskyApp.i(1468): No account configured on this device.
W/Finsky  ( 8842): [1] com.google.android.finsky.FinskyApp.i(1468): No account configured on this device.
W/Finsky  ( 8842): [1] com.google.android.finsky.FinskyApp.i(1468): No account configured on this device.
W/Finsky  ( 8842): [1] com.google.android.finsky.FinskyApp.i(1468): No account configured on this device.
I/Finsky  ( 8842): [1] com.google.android.finsky.services.DailyHygiene.a(171): No need to run daily hygiene.
W/Finsky  ( 8842): [1] com.google.android.finsky.FinskyApp.i(1468): No account configured on this device.
W/Settings( 8842): Setting download_manager_max_bytes_over_mobile has moved from android.provider.Settings.Secure to android.provider.Settings.Global.
W/Settings( 8842): Setting download_manager_recommended_max_bytes_over_mobile has moved from android.provider.Settings.Secure to android.provider.Settings.Global.
W/Finsky  ( 8842): [1] com.google.android.finsky.FinskyApp.i(1468): No account configured on this device.
W/Finsky  ( 8842): [1] com.google.android.finsky.FinskyApp.i(1468): No account configured on this device.
W/Finsky  ( 8842): [1] com.google.android.finsky.FinskyApp.i(1468): No account configured on this device.
W/Finsky  ( 8842): [1] com.google.android.finsky.FinskyApp.i(1468): No account configured on this device.
W/Finsky  ( 8842): [1] com.google.android.finsky.FinskyApp.i(1468): No account configured on this device.
W/Finsky  ( 8842): [1] com.google.android.finsky.FinskyApp.b(1150): No account configured on this device.
W/Finsky  ( 8842): [1] com.google.android.finsky.FinskyApp.i(1468): No account configured on this device.
W/Finsky  ( 8842): [388] com.google.android.finsky.FinskyApp.i(1468): No account configured on this device.
I/ActivityManager(  881): Start proc 8898:com.google.android.apps.docs/u0a52 for broadcast com.google.android.apps.docs/.receivers.AppPackageAddRemoveReceiver
I/Finsky  ( 8842): [1] com.google.android.finsky.receivers.j.a(1226): Installer kick - no action, not running yet
I/Finsky  ( 8842): [1] com.google.android.finsky.utils.PermissionPolicies$PermissionPolicyService.onStartCommand(117): post-install permissions check for com.careerbuilder.SugarDrone
W/Finsky  ( 8842): [1] com.google.android.finsky.FinskyApp.i(1468): No account configured on this device.
I/Finsky  ( 8842): [1] com.google.android.finsky.utils.bh.run(2302): Package state data is missing for com.careerbuilder.SugarDrone
W/Finsky  ( 8842): [1] com.google.android.finsky.FinskyApp.i(1468): No account configured on this device.
W/System  ( 8898): ClassLoader referenced unknown path: /system/app/Drive/lib/arm64
I/Finsky  ( 8842): [1] com.google.android.finsky.c.l.a(270): result=false type=4
D/AndroidRuntime( 8859): >>>>>> START com.android.internal.os.RuntimeInit uid 2000 <<<<<<
D/AndroidRuntime( 8859): CheckJNI is OFF
I/Finsky  ( 8842): [1] com.google.android.finsky.services.bc.a(1050): Restore complete with 0 success and 0 failed.
D/ICU     ( 8859): No timezone override file found: /data/misc/zoneinfo/current/icu/icu_tzdata.dat
W/Finsky  ( 8842): [388] com.google.android.finsky.FinskyApp.i(1468): No account configured on this device.
I/Radio-JNI( 8859): register_android_hardware_Radio DONE
D/AndroidRuntime( 8859): Calling main entry com.android.commands.settings.SettingsCmd
D/AndroidRuntime( 8859): Shutting down VM
I/GAv4    ( 8898): Google Analytics 8.4.87 is starting up. To enable debug logging on a device run:
I/GAv4    ( 8898):   adb shell setprop log.tag.GAv4 DEBUG
I/GAv4    ( 8898):   adb logcat -s GAv4
W/GAv4    ( 8898): AnalyticsReceiver is not registered or is disabled. Register the receiver for reliable dispatching on non-Google Play devices. See http://goo.gl/8Rd3yj for instructions.
W/GAv4    ( 8898): CampaignTrackingReceiver is not registered, not exported or is disabled. Installation campaign tracking is not possible. See http://goo.gl/8Rd3yj for instructions.
W/GAv4    ( 8898): AnalyticsService not registered in the app manifest. Hits might not be delivered reliably. See http://goo.gl/8Rd3yj for instructions.
I/ActivityManager(  881): Killing 4366:com.google.android.partnersetup/u0a25 (adj 906): empty #17
I/UpdateIcingCorporaServi( 5839): Updating corpora: APPS=com.careerbuilder.SugarDrone, CONTACTS=MAYBE
I/PeopleContactsSync( 4447): triggerPendingContactsCleanup: no accounts
D/Wear_Controller( 4447): Received broadcast action=android.intent.action.PACKAGE_ADDED and uri=com.careerbuilder.SugarDrone
I/ActivityManager(  881): Start proc 8960:com.google.android.partnersetup/u0a25 for broadcast com.google.android.partnersetup/.AppInstalledReceiver
W/System  ( 8960): ClassLoader referenced unknown path: /system/priv-app/GooglePartnerSetup/lib/arm64
W/IcingInternalCorpora( 4447): getNumBytesRead when not calculated.
D/AndroidRuntime( 8935): >>>>>> START com.android.internal.os.RuntimeInit uid 2000 <<<<<<
D/AndroidRuntime( 8935): CheckJNI is OFF
I/Icing   ( 4447): Usage reports 0 indexed 0 rejected 0 imm upload true
D/ICU     ( 8935): No timezone override file found: /data/misc/zoneinfo/current/icu/icu_tzdata.dat
I/Radio-JNI( 8935): register_android_hardware_Radio DONE
D/AndroidRuntime( 8935): Calling main entry com.android.commands.settings.SettingsCmd
D/AndroidRuntime( 8935): Shutting down VM
I/Icing   ( 4447): Usage reports 0 indexed 0 rejected 0 imm upload false
I/UpdateIcingCorporaServi( 5839): UpdateCorporaTask done [took 517 ms] updated apps [took 516 ms] 
I/Icing   ( 4447): Usage reports 0 indexed 0 rejected 0 imm upload false
D/AndroidRuntime( 8995): >>>>>> START com.android.internal.os.RuntimeInit uid 2000 <<<<<<
D/AndroidRuntime( 8995): CheckJNI is OFF
D/ICU     ( 8995): No timezone override file found: /data/misc/zoneinfo/current/icu/icu_tzdata.dat
I/Radio-JNI( 8995): register_android_hardware_Radio DONE
D/AndroidRuntime( 8995): Calling main entry com.android.commands.settings.SettingsCmd
D/AndroidRuntime( 8995): Shutting down VM
I/Icing   ( 4447): Indexing C2CE3B9D8B360B0C5A25C2BEF223F6CB5449AD6A from com.google.android.googlequicksearchbox
I/Icing   ( 4447): Indexing AB6E3D00885C5CBD00E6A1959F599F05594069D7 from com.google.android.gms
I/Icing   ( 4447): Indexing done C2CE3B9D8B360B0C5A25C2BEF223F6CB5449AD6A
I/Icing   ( 4447): Indexing done AB6E3D00885C5CBD00E6A1959F599F05594069D7
D/AndroidRuntime( 9022): >>>>>> START com.android.internal.os.RuntimeInit uid 2000 <<<<<<
D/AndroidRuntime( 9022): CheckJNI is OFF
D/ICU     ( 9022): No timezone override file found: /data/misc/zoneinfo/current/icu/icu_tzdata.dat
I/Radio-JNI( 9022): register_android_hardware_Radio DONE
D/AndroidRuntime( 9022): Calling main entry com.android.commands.settings.SettingsCmd
D/AndroidRuntime( 9022): Shutting down VM
D/AndroidRuntime( 9047): >>>>>> START com.android.internal.os.RuntimeInit uid 2000 <<<<<<
D/AndroidRuntime( 9047): CheckJNI is OFF
D/ICU     ( 9047): No timezone override file found: /data/misc/zoneinfo/current/icu/icu_tzdata.dat
I/Radio-JNI( 9047): register_android_hardware_Radio DONE
D/AndroidRuntime( 9047): Calling main entry com.android.commands.settings.SettingsCmd
D/AndroidRuntime( 9047): Shutting down VM
D/AndroidRuntime( 9080): >>>>>> START com.android.internal.os.RuntimeInit uid 2000 <<<<<<
D/AndroidRuntime( 9080): CheckJNI is OFF
D/ICU     ( 9080): No timezone override file found: /data/misc/zoneinfo/current/icu/icu_tzdata.dat
I/Radio-JNI( 9080): register_android_hardware_Radio DONE
D/AndroidRuntime( 9080): Calling main entry com.android.commands.pm.Pm
W/MessageQueue( 9080): Handler (android.os.Handler) {e5baf} sending message to a Handler on a dead thread
W/MessageQueue( 9080): java.lang.IllegalStateException: Handler (android.os.Handler) {e5baf} sending message to a Handler on a dead thread
W/MessageQueue( 9080): 	at android.os.MessageQueue.enqueueMessage(MessageQueue.java:543)
W/MessageQueue( 9080): 	at android.os.Handler.enqueueMessage(Handler.java:643)
W/MessageQueue( 9080): 	at android.os.Handler.sendMessageAtTime(Handler.java:612)
W/MessageQueue( 9080): 	at android.os.Handler.sendMessageDelayed(Handler.java:582)
W/MessageQueue( 9080): 	at android.os.Handler.post(Handler.java:338)
W/MessageQueue( 9080): 	at android.os.ResultReceiver$MyResultReceiver.send(ResultReceiver.java:57)
W/MessageQueue( 9080): 	at com.android.internal.os.IResultReceiver$Stub.onTransact(IResultReceiver.java:58)
W/MessageQueue( 9080): 	at android.os.Binder.execTransact(Binder.java:565)
I/art     ( 9080): System.exit called, status: 0
I/AndroidRuntime( 9080): VM exiting with result code 0.
D/AndroidRuntime( 9137): >>>>>> START com.android.internal.os.RuntimeInit uid 2000 <<<<<<
D/AndroidRuntime( 9137): CheckJNI is OFF
D/ICU     ( 9137): No timezone override file found: /data/misc/zoneinfo/current/icu/icu_tzdata.dat
I/Radio-JNI( 9137): register_android_hardware_Radio DONE
D/AndroidRuntime( 9137): Calling main entry com.android.commands.pm.Pm
W/MessageQueue( 9137): Handler (android.os.Handler) {2f23466} sending message to a Handler on a dead thread
W/MessageQueue( 9137): java.lang.IllegalStateException: Handler (android.os.Handler) {2f23466} sending message to a Handler on a dead thread
W/MessageQueue( 9137): 	at android.os.MessageQueue.enqueueMessage(MessageQueue.java:543)
W/MessageQueue( 9137): 	at android.os.Handler.enqueueMessage(Handler.java:643)
W/MessageQueue( 9137): 	at android.os.Handler.sendMessageAtTime(Handler.java:612)
W/MessageQueue( 9137): 	at android.os.Handler.sendMessageDelayed(Handler.java:582)
W/MessageQueue( 9137): 	at android.os.Handler.post(Handler.java:338)
W/MessageQueue( 9137): 	at android.os.ResultReceiver$MyResultReceiver.send(ResultReceiver.java:57)
W/MessageQueue( 9137): 	at com.android.internal.os.IResultReceiver$Stub.onTransact(IResultReceiver.java:58)
W/MessageQueue( 9137): 	at android.os.Binder.execTransact(Binder.java:565)
I/art     ( 9137): System.exit called, status: 0
I/AndroidRuntime( 9137): VM exiting with result code 0.
D/AndroidRuntime( 9220): >>>>>> START com.android.internal.os.RuntimeInit uid 2000 <<<<<<
D/AndroidRuntime( 9220): CheckJNI is OFF
D/ICU     ( 9220): No timezone override file found: /data/misc/zoneinfo/current/icu/icu_tzdata.dat
I/Radio-JNI( 9220): register_android_hardware_Radio DONE
D/AndroidRuntime( 9220): Calling main entry com.android.commands.am.Am
W/ActivityManager(  881): Invalid packageName: com.careerbuilder.SugarDrone.test
D/AndroidRuntime( 9220): Shutting down VM
D/AndroidRuntime( 9252): >>>>>> START com.android.internal.os.RuntimeInit uid 2000 <<<<<<
D/AndroidRuntime( 9252): CheckJNI is OFF
D/ICU     ( 9252): No timezone override file found: /data/misc/zoneinfo/current/icu/icu_tzdata.dat
I/Radio-JNI( 9252): register_android_hardware_Radio DONE
D/AndroidRuntime( 9252): Calling main entry com.android.commands.pm.Pm
I/        (  510): free_cache(609973) avail 10778791936
I/PackageManager.DexOptimizer(  881): Running dexopt (dex2oat) on: /data/app/vmdl2029096059.tmp/base.apk pkg=com.careerbuilder.SugarDrone.test isa=arm64 vmSafeMode=false debuggable=false target-filter=interpret-only oatDir = /data/app/vmdl2029096059.tmp/oat sharedLibraries=/system/framework/android.test.runner.jar:/system/framework/com.google.android.maps.jar
I/dex2oat ( 9280): /system/bin/dex2oat --compiler-filter=interpret-only -j4
I/rmt_storage(  396): rmt_storage_connect_cb: clnt_h=0xd conn_h=0x782a42a000
I/rmt_storage(  396): rmt_storage_rw_iovec_cb: /boot/modem_fs2: clnt_h=0xd: req_h=0xd msg_id=3: R/W request received
I/rmt_storage(  396): wakelock acquired: 1, error no: 42
I/rmt_storage(  396): rmt_storage_client_thread: /boot/modem_fs2: clnt_h=0xd Unblock worker thread (th_id: 516102300752)
I/rmt_storage(  396): rmt_storage_client_thread: /boot/modem_fs2: clnt_h=0xd: req_h=0xd msg_id=3: Bytes written = 1572864
I/rmt_storage(  396): rmt_storage_client_thread: /boot/modem_fs2: clnt_h=0xd: req_h=0xd msg_id=3: Send response: res=0 err=0
I/rmt_storage(  396): rmt_storage_client_thread: /boot/modem_fs2: clnt_h=0xd About to block rmt_storage client thread (th_id: 516102300752) wakelock released: 1, error no: 0
I/rmt_storage(  396): 
I/rmt_storage(  396): rmt_storage_disconnect_cb: clnt_h=0xd conn_h=0x782a42a000
I/dex2oat ( 9280): dex2oat took 709.423ms (threads: 4) arena alloc=58KB (59944B) java alloc=2MB (2262040B) native alloc=2MB (2697416B) free=1973KB (2021176B)
W/PackageManager(  881): Not granting permission android.permission.ACCESS_MOCK_LOCATION to package com.careerbuilder.SugarDrone.test (protectionLevel=2 flags=0x1800be44)
V/BackupManagerService(  881): restoreAtInstall pkg=com.careerbuilder.SugarDrone.test token=6 restoreSet=0
V/BackupManagerService(  881): Finishing install immediately
I/art     (  881): Starting a blocking GC Explicit
I/art     (  881): Explicit concurrent mark sweep GC freed 33028(1965KB) AllocSpace objects, 7(188KB) LOS objects, 33% free, 15MB/23MB, paused 1.600ms total 96.278ms
E/        (  510): Couldn't opendir /data/app/vmdl2029096059.tmp: No such file or directory
I/art     ( 9252): System.exit called, status: 0
I/AndroidRuntime( 9252): VM exiting with result code 0.
I/InputReader(  881): Reconfiguring input devices.  changes=0x00000010
D/RegisteredNfcFServicesCache( 4172): Service unchanged, not updating
D/CarrierSvcBindHelper( 3232): No carrier app for: 0
D/CarrierConfigLoader( 3232): mHandler: 9 phoneId: 0
W/ActivityManager(  881): Permission Denial: Accessing service ComponentInfo{com.google.android.music/com.google.android.music.dial.DialMediaRouteProviderService} from pid=5323, uid=10085 that is not exported from uid 10071
I/Finsky  ( 8842): [1] com.google.android.finsky.utils.PermissionPolicies$PermissionPolicyService.onStartCommand(117): post-install permissions check for com.careerbuilder.SugarDrone.test
W/Finsky  ( 8842): [1] com.google.android.finsky.FinskyApp.i(1468): No account configured on this device.
I/Finsky  ( 8842): [1] com.google.android.finsky.utils.bh.run(2302): Package state data is missing for com.careerbuilder.SugarDrone.test
W/Finsky  ( 8842): [1] com.google.android.finsky.FinskyApp.i(1468): No account configured on this device.
I/UpdateIcingCorporaServi( 5839): Updating corpora: APPS=com.careerbuilder.SugarDrone.test, CONTACTS=MAYBE
I/UpdateIcingCorporaServi( 5839): UpdateCorporaTask done [took 104 ms] updated apps [took 104 ms] 
I/PeopleContactsSync( 4447): triggerPendingContactsCleanup: no accounts
D/Wear_Controller( 4447): Received broadcast action=android.intent.action.PACKAGE_ADDED and uri=com.careerbuilder.SugarDrone.test
W/IcingInternalCorpora( 4447): getNumBytesRead when not calculated.
I/Icing   ( 4447): Usage reports 0 indexed 0 rejected 0 imm upload false
I/Icing   ( 4447): Usage reports 0 indexed 0 rejected 0 imm upload false
V/JNIHelp ( 8898): Registering com/google/android/gms/org/conscrypt/NativeCrypto's 242 native methods...
D/NetworkSecurityConfig( 8898): No Network Security Config specified, using platform default
I/ProviderInstaller( 8898): Installed default security provider GmsCore_OpenSSL
D/AndroidRuntime( 9327): >>>>>> START com.android.internal.os.RuntimeInit uid 2000 <<<<<<
D/AndroidRuntime( 9327): CheckJNI is OFF
D/ICU     ( 9327): No timezone override file found: /data/misc/zoneinfo/current/icu/icu_tzdata.dat
I/Radio-JNI( 9327): register_android_hardware_Radio DONE
D/AndroidRuntime( 9327): Calling main entry com.android.commands.settings.SettingsCmd
D/AndroidRuntime( 9327): Shutting down VM
I/Icing   ( 4447): Indexing AB6E3D00885C5CBD00E6A1959F599F05594069D7 from com.google.android.gms
I/Icing   ( 4447): Indexing done AB6E3D00885C5CBD00E6A1959F599F05594069D7
D/AndroidRuntime( 9358): >>>>>> START com.android.internal.os.RuntimeInit uid 2000 <<<<<<
D/AndroidRuntime( 9358): CheckJNI is OFF
D/ICU     ( 9358): No timezone override file found: /data/misc/zoneinfo/current/icu/icu_tzdata.dat
I/Radio-JNI( 9358): register_android_hardware_Radio DONE
D/AndroidRuntime( 9358): Calling main entry com.android.commands.settings.SettingsCmd
D/AndroidRuntime( 9358): Shutting down VM
D/AndroidRuntime( 9387): >>>>>> START com.android.internal.os.RuntimeInit uid 2000 <<<<<<
D/AndroidRuntime( 9387): CheckJNI is OFF
D/ICU     ( 9387): No timezone override file found: /data/misc/zoneinfo/current/icu/icu_tzdata.dat
I/Radio-JNI( 9387): register_android_hardware_Radio DONE
D/AndroidRuntime( 9387): Calling main entry com.android.commands.settings.SettingsCmd
D/AndroidRuntime( 9387): Shutting down VM
D/AndroidRuntime( 9413): >>>>>> START com.android.internal.os.RuntimeInit uid 2000 <<<<<<
D/AndroidRuntime( 9413): CheckJNI is OFF
D/ICU     ( 9413): No timezone override file found: /data/misc/zoneinfo/current/icu/icu_tzdata.dat
I/Radio-JNI( 9413): register_android_hardware_Radio DONE
D/AndroidRuntime( 9413): Calling main entry com.android.commands.settings.SettingsCmd
D/AndroidRuntime( 9413): Shutting down VM
D/AndroidRuntime( 9437): >>>>>> START com.android.internal.os.RuntimeInit uid 2000 <<<<<<
D/AndroidRuntime( 9437): CheckJNI is OFF
D/ICU     ( 9437): No timezone override file found: /data/misc/zoneinfo/current/icu/icu_tzdata.dat
I/Radio-JNI( 9437): register_android_hardware_Radio DONE
D/AndroidRuntime( 9437): Calling main entry com.android.commands.settings.SettingsCmd
D/AndroidRuntime( 9437): Shutting down VM
D/AndroidRuntime( 9469): >>>>>> START com.android.internal.os.RuntimeInit uid 2000 <<<<<<
D/AndroidRuntime( 9469): CheckJNI is OFF
D/ICU     ( 9469): No timezone override file found: /data/misc/zoneinfo/current/icu/icu_tzdata.dat
I/Radio-JNI( 9469): register_android_hardware_Radio DONE
D/AndroidRuntime( 9469): Calling main entry com.android.commands.pm.Pm
W/MessageQueue( 9469): Handler (android.os.Handler) {73f06c8} sending message to a Handler on a dead thread
W/MessageQueue( 9469): java.lang.IllegalStateException: Handler (android.os.Handler) {73f06c8} sending message to a Handler on a dead thread
W/MessageQueue( 9469): 	at android.os.MessageQueue.enqueueMessage(MessageQueue.java:543)
W/MessageQueue( 9469): 	at android.os.Handler.enqueueMessage(Handler.java:643)
W/MessageQueue( 9469): 	at android.os.Handler.sendMessageAtTime(Handler.java:612)
W/MessageQueue( 9469): 	at android.os.Handler.sendMessageDelayed(Handler.java:582)
W/MessageQueue( 9469): 	at android.os.Handler.post(Handler.java:338)
W/MessageQueue( 9469): 	at android.os.ResultReceiver$MyResultReceiver.send(ResultReceiver.java:57)
W/MessageQueue( 9469): 	at com.android.internal.os.IResultReceiver$Stub.onTransact(IResultReceiver.java:58)
W/MessageQueue( 9469): 	at android.os.Binder.execTransact(Binder.java:565)
I/art     ( 9469): System.exit called, status: 0
I/AndroidRuntime( 9469): VM exiting with result code 0.
D/AndroidRuntime( 9527): >>>>>> START com.android.internal.os.RuntimeInit uid 2000 <<<<<<
D/AndroidRuntime( 9527): CheckJNI is OFF
D/ICU     ( 9527): No timezone override file found: /data/misc/zoneinfo/current/icu/icu_tzdata.dat
I/Radio-JNI( 9527): register_android_hardware_Radio DONE
D/AndroidRuntime( 9527): Calling main entry com.android.commands.pm.Pm
I/art     ( 9527): System.exit called, status: 0
I/AndroidRuntime( 9527): VM exiting with result code 0.
W/MessageQueue( 9527): Handler (android.os.Handler) {a22df7f} sending message to a Handler on a dead thread
W/MessageQueue( 9527): java.lang.IllegalStateException: Handler (android.os.Handler) {a22df7f} sending message to a Handler on a dead thread
W/MessageQueue( 9527): 	at android.os.MessageQueue.enqueueMessage(MessageQueue.java:543)
W/MessageQueue( 9527): 	at android.os.Handler.enqueueMessage(Handler.java:643)
W/MessageQueue( 9527): 	at android.os.Handler.sendMessageAtTime(Handler.java:612)
W/MessageQueue( 9527): 	at android.os.Handler.sendMessageDelayed(Handler.java:582)
W/MessageQueue( 9527): 	at android.os.Handler.post(Handler.java:338)
W/MessageQueue( 9527): 	at android.os.ResultReceiver$MyResultReceiver.send(ResultReceiver.java:57)
W/MessageQueue( 9527): 	at com.android.internal.os.IResultReceiver$Stub.onTransact(IResultReceiver.java:58)
W/MessageQueue( 9527): 	at android.os.Binder.execTransact(Binder.java:565)
I/ActivityManager(  881): Killing 7598:com.qualcomm.timeservice/1000 (adj 906): empty #17
D/AndroidRuntime( 9602): >>>>>> START com.android.internal.os.RuntimeInit uid 2000 <<<<<<
D/AndroidRuntime( 9602): CheckJNI is OFF
D/ICU     ( 9602): No timezone override file found: /data/misc/zoneinfo/current/icu/icu_tzdata.dat
I/Radio-JNI( 9602): register_android_hardware_Radio DONE
D/AndroidRuntime( 9602): Calling main entry com.android.commands.input.Input
I/Input   ( 9602): injectKeyEvent: KeyEvent { action=ACTION_DOWN, keyCode=KEYCODE_BACK, scanCode=0, metaState=0, flags=0x0, repeatCount=0, eventTime=254301, downTime=254301, deviceId=-1, source=0x101 }
I/Input   ( 9602): injectKeyEvent: KeyEvent { action=ACTION_UP, keyCode=KEYCODE_BACK, scanCode=0, metaState=0, flags=0x0, repeatCount=0, eventTime=254301, downTime=254301, deviceId=-1, source=0x101 }
D/AndroidRuntime( 9602): Shutting down VM
I/ActivityManager(  881): Killing 7466:com.google.android.gms.unstable/u0a18 (adj 906): empty #17
D/AndroidRuntime( 9660): >>>>>> START com.android.internal.os.RuntimeInit uid 2000 <<<<<<
D/AndroidRuntime( 9660): CheckJNI is OFF
D/ICU     ( 9660): No timezone override file found: /data/misc/zoneinfo/current/icu/icu_tzdata.dat
I/Radio-JNI( 9660): register_android_hardware_Radio DONE
D/AndroidRuntime( 9660): Calling main entry com.android.commands.input.Input
I/Input   ( 9660): injectKeyEvent: KeyEvent { action=ACTION_DOWN, keyCode=KEYCODE_HOME, scanCode=0, metaState=0, flags=0x0, repeatCount=0, eventTime=256175, downTime=256175, deviceId=-1, source=0x101 }
I/Input   ( 9660): injectKeyEvent: KeyEvent { action=ACTION_UP, keyCode=KEYCODE_HOME, scanCode=0, metaState=0, flags=0x0, repeatCount=0, eventTime=256175, downTime=256175, deviceId=-1, source=0x101 }
I/ActivityManager(  881): START u0 {act=android.intent.action.MAIN cat=[android.intent.category.HOME] flg=0x10200000 cmp=com.google.android.googlequicksearchbox/com.google.android.launcher.GEL (has extras)} from uid 1000 on display 0
I/GEL     ( 4229): handleIntent(Intent { act=android.intent.action.MAIN cat=[android.intent.category.HOME] flg=0x10200000 cmp=com.google.android.googlequicksearchbox/com.google.android.launcher.GEL (has extras) })
D/AndroidRuntime( 9660): Shutting down VM
D/AndroidRuntime( 9700): >>>>>> START com.android.internal.os.RuntimeInit uid 2000 <<<<<<
D/AndroidRuntime( 9700): CheckJNI is OFF
D/ICU     ( 9700): No timezone override file found: /data/misc/zoneinfo/current/icu/icu_tzdata.dat
I/Radio-JNI( 9700): register_android_hardware_Radio DONE
D/AndroidRuntime( 9700): Calling main entry com.android.commands.input.Input
I/Input   ( 9700): injectKeyEvent: KeyEvent { action=ACTION_DOWN, keyCode=KEYCODE_BACK, scanCode=0, metaState=0, flags=0x0, repeatCount=0, eventTime=257553, downTime=257553, deviceId=-1, source=0x101 }
I/Input   ( 9700): injectKeyEvent: KeyEvent { action=ACTION_UP, keyCode=KEYCODE_BACK, scanCode=0, metaState=0, flags=0x0, repeatCount=0, eventTime=257553, downTime=257553, deviceId=-1, source=0x101 }
D/AndroidRuntime( 9700): Shutting down VM
D/AndroidRuntime( 9735): >>>>>> START com.android.internal.os.RuntimeInit uid 2000 <<<<<<
D/AndroidRuntime( 9735): CheckJNI is OFF
D/ICU     ( 9735): No timezone override file found: /data/misc/zoneinfo/current/icu/icu_tzdata.dat
W/Finsky  ( 8842): [386] com.google.android.finsky.FinskyApp.i(1468): No account configured on this device.
I/Finsky  ( 8842): [386] com.google.android.finsky.c.e.run(1151): Replicating app states via AMAS.
I/Radio-JNI( 9735): register_android_hardware_Radio DONE
D/AndroidRuntime( 9735): Calling main entry com.android.commands.am.Am
I/ActivityManager(  881): Force stopping com.careerbuilder.SugarDrone appid=19113 user=0: start instr
I/ActivityManager(  881): Start proc 9761:com.careerbuilder.SugarDrone/u0a9113 for added application com.careerbuilder.SugarDrone
I/art     ( 9761): Late-enabling -Xcheck:jni
I/Finsky  ( 8842): [386] com.google.android.finsky.c.c.a(311): Completed 0 account content syncs with 0 successful.
I/Finsky  ( 8842): [1] com.google.android.finsky.services.j.a(149): Installation state replication succeeded.
W/System  ( 9761): ClassLoader referenced unknown path: /data/app/com.careerbuilder.SugarDrone.test-1/lib/arm64
W/System  ( 9761): ClassLoader referenced unknown path: 
W/monodroid( 9761): Using override path: /data/user/0/com.careerbuilder.SugarDrone/files/.__override__
W/monodroid( 9761): Trying to load sgen from: /data/user/0/com.careerbuilder.SugarDrone/files/.__override__/libmonosgen-2.0.so
W/monodroid( 9761): Trying to load sgen from: /storage/emulated/0/Android/data/com.careerbuilder.SugarDrone/files/.__override__/libmonosgen-2.0.so
W/monodroid( 9761): Trying to load sgen from: /data/app/com.careerbuilder.SugarDrone-1/lib/arm/libmonosgen-2.0.so
D/Mono    ( 9761): Image addref mscorlib[0xdbe1a380] -> mscorlib.dll[0xdbe0b900]: 2
D/Mono    ( 9761): Prepared to set up assembly 'mscorlib' (mscorlib.dll)
D/Mono    ( 9761): AOT module 'mscorlib.dll.so' not found: dlopen failed: library "/data/app/com.careerbuilder.SugarDrone-1/lib/arm/libaot-mscorlib.dll.so" not found
D/Mono    ( 9761): AOT module '/Users/builder/data/lanes/4009/3a62f1ea/source/monodroid/builds/install/mono-armv6/lib/mono/aot-cache/arm/mscorlib.dll.so' not found: dlopen failed: library "/data/app/com.careerbuilder.SugarDrone-1/lib/arm/libaot-mscorlib.dll.so" not found
D/Mono    ( 9761): Config attempting to parse: 'mscorlib.dll.config'.
D/Mono    ( 9761): Config attempting to parse: '/Users/builder/data/lanes/4009/3a62f1ea/source/monodroid/builds/install/mono-armv6/etc/mono/assemblies/mscorlib/mscorlib.config'.
D/Mono    ( 9761): Assembly mscorlib[0xdbe1a380] added to domain RootDomain, ref_count=1
D/Mono    ( 9761): Image addref CareerBuilder_Search.Droid[0xdbe1a3e0] -> CareerBuilder_Search.Droid.dll[0xdbe0c800]: 2
D/Mono    ( 9761): Prepared to set up assembly 'CareerBuilder_Search.Droid' (CareerBuilder_Search.Droid.dll)
D/Mono    ( 9761): Assembly CareerBuilder_Search.Droid[0xdbe1a3e0] added to domain RootDomain, ref_count=1
D/Mono    ( 9761): AOT module 'CareerBuilder_Search.Droid.dll.so' not found: dlopen failed: library "/data/app/com.careerbuilder.SugarDrone-1/lib/arm/libaot-CareerBuilder_Search.Droid.dll.so" not found
D/Mono    ( 9761): AOT module '/Users/builder/data/lanes/4009/3a62f1ea/source/monodroid/builds/install/mono-armv6/lib/mono/aot-cache/arm/CareerBuilder_Search.Droid.dll.so' not found: dlopen failed: library "/data/app/com.careerbuilder.SugarDrone-1/lib/arm/libaot-CareerBuilder_Search.Droid.dll.so" not found
D/Mono    ( 9761): Config attempting to parse: 'CareerBuilder_Search.Droid.dll.config'.
D/Mono    ( 9761): Config attempting to parse: '/Users/builder/data/lanes/4009/3a62f1ea/source/monodroid/builds/install/mono-armv6/etc/mono/assemblies/CareerBuilder_Search.Droid/CareerBuilder_Search.Droid.config'.
D/Mono    ( 9761): Image addref AppsFlyerXamarinBindingAndroid[0xdbe1a440] -> AppsFlyerXamarinBindingAndroid.dll[0xdbe0cd00]: 2
D/Mono    ( 9761): Prepared to set up assembly 'AppsFlyerXamarinBindingAndroid' (AppsFlyerXamarinBindingAndroid.dll)
D/Mono    ( 9761): Assembly AppsFlyerXamarinBindingAndroid[0xdbe1a440] added to domain RootDomain, ref_count=1
D/Mono    ( 9761): AOT module 'AppsFlyerXamarinBindingAndroid.dll.so' not found: dlopen failed: library "/data/app/com.careerbuilder.SugarDrone-1/lib/arm/libaot-AppsFlyerXamarinBindingAndroid.dll.so" not found
D/Mono    ( 9761): AOT module '/Users/builder/data/lanes/4009/3a62f1ea/source/monodroid/builds/install/mono-armv6/lib/mono/aot-cache/arm/AppsFlyerXamarinBindingAndroid.dll.so' not found: dlopen failed: library "/data/app/com.careerbuilder.SugarDrone-1/lib/arm/libaot-AppsFlyerXamarinBindingAndroid.dll.so" not found
D/Mono    ( 9761): Config attempting to parse: 'AppsFlyerXamarinBindingAndroid.dll.config'.
D/Mono    ( 9761): Config attempting to parse: '/Users/builder/data/lanes/4009/3a62f1ea/source/monodroid/builds/install/mono-armv6/etc/mono/assemblies/AppsFlyerXamarinBindingAndroid/AppsFlyerXamarinBindingAndroid.config'.
D/Mono    ( 9761): Image addref HockeySDK[0xdbe1a4a0] -> HockeySDK.dll[0xdbe0d200]: 2
D/Mono    ( 9761): Prepared to set up assembly 'HockeySDK' (HockeySDK.dll)
D/Mono    ( 9761): Assembly HockeySDK[0xdbe1a4a0] added to domain RootDomain, ref_count=1
D/Mono    ( 9761): AOT module 'HockeySDK.dll.so' not found: dlopen failed: library "/data/app/com.careerbuilder.SugarDrone-1/lib/arm/libaot-HockeySDK.dll.so" not found
D/Mono    ( 9761): AOT module '/Users/builder/data/lanes/4009/3a62f1ea/source/monodroid/builds/install/mono-armv6/lib/mono/aot-cache/arm/HockeySDK.dll.so' not found: dlopen failed: library "/data/app/com.careerbuilder.SugarDrone-1/lib/arm/libaot-HockeySDK.dll.so" not found
D/Mono    ( 9761): Config attempting to parse: 'HockeySDK.dll.config'.
D/Mono    ( 9761): Config attempting to parse: '/Users/builder/data/lanes/4009/3a62f1ea/source/monodroid/builds/install/mono-armv6/etc/mono/assemblies/HockeySDK/HockeySDK.config'.
D/Mono    ( 9761): Image addref Akavache[0xdbe1a500] -> Akavache.dll[0xdbe0d700]: 2
D/Mono    ( 9761): Prepared to set up assembly 'Akavache' (Akavache.dll)
D/Mono    ( 9761): Assembly Akavache[0xdbe1a500] added to domain RootDomain, ref_count=1
D/Mono    ( 9761): AOT module 'Akavache.dll.so' not found: dlopen failed: library "/data/app/com.careerbuilder.SugarDrone-1/lib/arm/libaot-Akavache.dll.so" not found
D/Mono    ( 9761): AOT module '/Users/builder/data/lanes/4009/3a62f1ea/source/monodroid/builds/install/mono-armv6/lib/mono/aot-cache/arm/Akavache.dll.so' not found: dlopen failed: library "/data/app/com.careerbuilder.SugarDrone-1/lib/arm/libaot-Akavache.dll.so" not found
D/Mono    ( 9761): Config attempting to parse: 'Akavache.dll.config'.
D/Mono    ( 9761): Config attempting to parse: '/Users/builder/data/lanes/4009/3a62f1ea/source/monodroid/builds/install/mono-armv6/etc/mono/assemblies/Akavache/Akavache.config'.
D/Mono    ( 9761): Image addref Akavache.Sqlite3[0xdbe1a560] -> Akavache.Sqlite3.dll[0xdbe0dc00]: 2
D/Mono    ( 9761): Prepared to set up assembly 'Akavache.Sqlite3' (Akavache.Sqlite3.dll)
D/Mono    ( 9761): Assembly Akavache.Sqlite3[0xdbe1a560] added to domain RootDomain, ref_count=1
D/Mono    ( 9761): AOT module 'Akavache.Sqlite3.dll.so' not found: dlopen failed: library "/data/app/com.careerbuilder.SugarDrone-1/lib/arm/libaot-Akavache.Sqlite3.dll.so" not found
D/Mono    ( 9761): AOT module '/Users/builder/data/lanes/4009/3a62f1ea/source/monodroid/builds/install/mono-armv6/lib/mono/aot-cache/arm/Akavache.Sqlite3.dll.so' not found: dlopen failed: library "/data/app/com.careerbuilder.SugarDrone-1/lib/arm/libaot-Akavache.Sqlite3.dll.so" not found
W/        ( 9761): Symbol file LoadedFromMemory doesn't match image Akavache.Sqlite3.dll
D/Mono    ( 9761): Config attempting to parse: 'Akavache.Sqlite3.dll.config'.
D/Mono    ( 9761): Config attempting to parse: '/Users/builder/data/lanes/4009/3a62f1ea/source/monodroid/builds/install/mono-armv6/etc/mono/assemblies/Akavache.Sqlite3/Akavache.Sqlite3.config'.
D/Mono    ( 9761): Image addref Splat[0xdbe1a5c0] -> Splat.dll[0xdbe0e100]: 2
D/Mono    ( 9761): Prepared to set up assembly 'Splat' (Splat.dll)
D/Mono    ( 9761): Assembly Splat[0xdbe1a5c0] added to domain RootDomain, ref_count=1
D/Mono    ( 9761): AOT module 'Splat.dll.so' not found: dlopen failed: library "/data/app/com.careerbuilder.SugarDrone-1/lib/arm/libaot-Splat.dll.so" not found
D/Mono    ( 9761): AOT module '/Users/builder/data/lanes/4009/3a62f1ea/source/monodroid/builds/install/mono-armv6/lib/mono/aot-cache/arm/Splat.dll.so' not found: dlopen failed: library "/data/app/com.careerbuilder.SugarDrone-1/lib/arm/libaot-Splat.dll.so" not found
D/Mono    ( 9761): Config attempting to parse: 'Splat.dll.config'.
D/Mono    ( 9761): Config attempting to parse: '/Users/builder/data/lanes/4009/3a62f1ea/source/monodroid/builds/install/mono-armv6/etc/mono/assemblies/Splat/Splat.config'.
D/Mono    ( 9761): Image addref Microsoft.Practices.ServiceLocation[0xdbe1a620] -> Microsoft.Practices.ServiceLocation.dll[0xdbe0e600]: 2
D/Mono    ( 9761): Prepared to set up assembly 'Microsoft.Practices.ServiceLocation' (Microsoft.Practices.ServiceLocation.dll)
D/Mono    ( 9761): Assembly Microsoft.Practices.ServiceLocation[0xdbe1a620] added to domain RootDomain, ref_count=1
D/Mono    ( 9761): AOT module 'Microsoft.Practices.ServiceLocation.dll.so' not found: dlopen failed: library "/data/app/com.careerbuilder.SugarDrone-1/lib/arm/libaot-Microsoft.Practices.ServiceLocation.dll.so" not found
D/Mono    ( 9761): AOT module '/Users/builder/data/lanes/4009/3a62f1ea/source/monodroid/builds/install/mono-armv6/lib/mono/aot-cache/arm/Microsoft.Practices.ServiceLocation.dll.so' not found: dlopen failed: library "/data/app/com.careerbuilder.SugarDrone-1/lib/arm/libaot-Microsoft.Practices.ServiceLocation.dll.so" not found
D/Mono    ( 9761): Config attempting to parse: 'Microsoft.Practices.ServiceLocation.dll.config'.
D/Mono    ( 9761): Config attempting to parse: '/Users/builder/data/lanes/4009/3a62f1ea/source/monodroid/builds/install/mono-armv6/etc/mono/assemblies/Microsoft.Practices.ServiceLocation/Microsoft.Practices.ServiceLocation.config'.
D/Mono    ( 9761): Image addref Microsoft.Practices.Unity[0xdbe1a680] -> Microsoft.Practices.Unity.dll[0xdbe0eb00]: 2
D/Mono    ( 9761): Prepared to set up assembly 'Microsoft.Practices.Unity' (Microsoft.Practices.Unity.dll)
D/Mono    ( 9761): Assembly Microsoft.Practices.Unity[0xdbe1a680] added to domain RootDomain, ref_count=1
D/Mono    ( 9761): AOT module 'Microsoft.Practices.Unity.dll.so' not found: dlopen failed: library "/data/app/com.careerbuilder.SugarDrone-1/lib/arm/libaot-Microsoft.Practices.Unity.dll.so" not found
D/Mono    ( 9761): AOT module '/Users/builder/data/lanes/4009/3a62f1ea/source/monodroid/builds/install/mono-armv6/lib/mono/aot-cache/arm/Microsoft.Practices.Unity.dll.so' not found: dlopen failed: library "/data/app/com.careerbuilder.SugarDrone-1/lib/arm/libaot-Microsoft.Practices.Unity.dll.so" not found
D/Mono    ( 9761): Config attempting to parse: 'Microsoft.Practices.Unity.dll.config'.
D/Mono    ( 9761): Config attempting to parse: '/Users/builder/data/lanes/4009/3a62f1ea/source/monodroid/builds/install/mono-armv6/etc/mono/assemblies/Microsoft.Practices.Unity/Microsoft.Practices.Unity.config'.
D/Mono    ( 9761): Image addref Plugin.CurrentActivity[0xdbe1a6e0] -> Plugin.CurrentActivity.dll[0xdbe6a000]: 2
D/Mono    ( 9761): Prepared to set up assembly 'Plugin.CurrentActivity' (Plugin.CurrentActivity.dll)
D/Mono    ( 9761): Assembly Plugin.CurrentActivity[0xdbe1a6e0] added to domain RootDomain, ref_count=1
D/Mono    ( 9761): AOT module 'Plugin.CurrentActivity.dll.so' not found: dlopen failed: library "/data/app/com.careerbuilder.SugarDrone-1/lib/arm/libaot-Plugin.CurrentActivity.dll.so" not found
D/Mono    ( 9761): AOT module '/Users/builder/data/lanes/4009/3a62f1ea/source/monodroid/builds/install/mono-armv6/lib/mono/aot-cache/arm/Plugin.CurrentActivity.dll.so' not found: dlopen failed: library "/data/app/com.careerbuilder.SugarDrone-1/lib/arm/libaot-Plugin.CurrentActivity.dll.so" not found
D/Mono    ( 9761): Config attempting to parse: 'Plugin.CurrentActivity.dll.config'.
D/Mono    ( 9761): Config attempting to parse: '/Users/builder/data/lanes/4009/3a62f1ea/source/monodroid/builds/install/mono-armv6/etc/mono/assemblies/Plugin.CurrentActivity/Plugin.CurrentActivity.config'.
D/Mono    ( 9761): Image addref Plugin.Permissions[0xdbe1a740] -> Plugin.Permissions.dll[0xdbe6a500]: 2
D/Mono    ( 9761): Prepared to set up assembly 'Plugin.Permissions' (Plugin.Permissions.dll)
D/Mono    ( 9761): Assembly Plugin.Permissions[0xdbe1a740] added to domain RootDomain, ref_count=1
D/Mono    ( 9761): AOT module 'Plugin.Permissions.dll.so' not found: dlopen failed: library "/data/app/com.careerbuilder.SugarDrone-1/lib/arm/libaot-Plugin.Permissions.dll.so" not found
D/Mono    ( 9761): AOT module '/Users/builder/data/lanes/4009/3a62f1ea/source/monodroid/builds/install/mono-armv6/lib/mono/aot-cache/arm/Plugin.Permissions.dll.so' not found: dlopen failed: library "/data/app/com.careerbuilder.SugarDrone-1/lib/arm/libaot-Plugin.Permissions.dll.so" not found
D/Mono    ( 9761): Config attempting to parse: 'Plugin.Permissions.dll.config'.
D/Mono    ( 9761): Config attempting to parse: '/Users/builder/data/lanes/4009/3a62f1ea/source/monodroid/builds/install/mono-armv6/etc/mono/assemblies/Plugin.Permissions/Plugin.Permissions.config'.
D/Mono    ( 9761): Image addref Plugin.Permissions.Abstractions[0xdbe1a7a0] -> Plugin.Permissions.Abstractions.dll[0xdbe6aa00]: 2
D/Mono    ( 9761): Prepared to set up assembly 'Plugin.Permissions.Abstractions' (Plugin.Permissions.Abstractions.dll)
D/Mono    ( 9761): Assembly Plugin.Permissions.Abstractions[0xdbe1a7a0] added to domain RootDomain, ref_count=1
D/Mono    ( 9761): AOT module 'Plugin.Permissions.Abstractions.dll.so' not found: dlopen failed: library "/data/app/com.careerbuilder.SugarDrone-1/lib/arm/libaot-Plugin.Permissions.Abstractions.dll.so" not found
D/Mono    ( 9761): AOT module '/Users/builder/data/lanes/4009/3a62f1ea/source/monodroid/builds/install/mono-armv6/lib/mono/aot-cache/arm/Plugin.Permissions.Abstractions.dll.so' not found: dlopen failed: library "/data/app/com.careerbuilder.SugarDrone-1/lib/arm/libaot-Plugin.Permissions.Abstractions.dll.so" not found
D/Mono    ( 9761): Config attempting to parse: 'Plugin.Permissions.Abstractions.dll.config'.
D/Mono    ( 9761): Config attempting to parse: '/Users/builder/data/lanes/4009/3a62f1ea/source/monodroid/builds/install/mono-armv6/etc/mono/assemblies/Plugin.Permissions.Abstractions/Plugin.Permissions.Abstractions.config'.
D/Mono    ( 9761): Image addref Plugin.Geolocator[0xdbe1a800] -> Plugin.Geolocator.dll[0xdbe6af00]: 2
D/Mono    ( 9761): Prepared to set up assembly 'Plugin.Geolocator' (Plugin.Geolocator.dll)
D/Mono    ( 9761): Assembly Plugin.Geolocator[0xdbe1a800] added to domain RootDomain, ref_count=1
D/Mono    ( 9761): AOT module 'Plugin.Geolocator.dll.so' not found: dlopen failed: library "/data/app/com.careerbuilder.SugarDrone-1/lib/arm/libaot-Plugin.Geolocator.dll.so" not found
D/Mono    ( 9761): AOT module '/Users/builder/data/lanes/4009/3a62f1ea/source/monodroid/builds/install/mono-armv6/lib/mono/aot-cache/arm/Plugin.Geolocator.dll.so' not found: dlopen failed: library "/data/app/com.careerbuilder.SugarDrone-1/lib/arm/libaot-Plugin.Geolocator.dll.so" not found
D/Mono    ( 9761): Config attempting to parse: 'Plugin.Geolocator.dll.config'.
D/Mono    ( 9761): Config attempting to parse: '/Users/builder/data/lanes/4009/3a62f1ea/source/monodroid/builds/install/mono-armv6/etc/mono/assemblies/Plugin.Geolocator/Plugin.Geolocator.config'.
D/Mono    ( 9761): Image addref Plugin.Geolocator.Abstractions[0xdbe1a860] -> Plugin.Geolocator.Abstractions.dll[0xdbe6b400]: 2
D/Mono    ( 9761): Prepared to set up assembly 'Plugin.Geolocator.Abstractions' (Plugin.Geolocator.Abstractions.dll)
D/Mono    ( 9761): Assembly Plugin.Geolocator.Abstractions[0xdbe1a860] added to domain RootDomain, ref_count=1
D/Mono    ( 9761): AOT module 'Plugin.Geolocator.Abstractions.dll.so' not found: dlopen failed: library "/data/app/com.careerbuilder.SugarDrone-1/lib/arm/libaot-Plugin.Geolocator.Abstractions.dll.so" not found
D/Mono    ( 9761): AOT module '/Users/builder/data/lanes/4009/3a62f1ea/source/monodroid/builds/install/mono-armv6/lib/mono/aot-cache/arm/Plugin.Geolocator.Abstractions.dll.so' not found: dlopen failed: library "/data/app/com.careerbuilder.SugarDrone-1/lib/arm/libaot-Plugin.Geolocator.Abstractions.dll.so" not found
D/Mono    ( 9761): Config attempting to parse: 'Plugin.Geolocator.Abstractions.dll.config'.
D/Mono    ( 9761): Config attempting to parse: '/Users/builder/data/lanes/4009/3a62f1ea/source/monodroid/builds/install/mono-armv6/etc/mono/assemblies/Plugin.Geolocator.Abstractions/Plugin.Geolocator.Abstractions.config'.
D/Mono    ( 9761): Image addref Plugin.DeviceInfo[0xdbe1a8c0] -> Plugin.DeviceInfo.dll[0xdbe6b900]: 2
D/Mono    ( 9761): Prepared to set up assembly 'Plugin.DeviceInfo' (Plugin.DeviceInfo.dll)
D/Mono    ( 9761): Assembly Plugin.DeviceInfo[0xdbe1a8c0] added to domain RootDomain, ref_count=1
D/Mono    ( 9761): AOT module 'Plugin.DeviceInfo.dll.so' not found: dlopen failed: library "/data/app/com.careerbuilder.SugarDrone-1/lib/arm/libaot-Plugin.DeviceInfo.dll.so" not found
D/Mono    ( 9761): AOT module '/Users/builder/data/lanes/4009/3a62f1ea/source/monodroid/builds/install/mono-armv6/lib/mono/aot-cache/arm/Plugin.DeviceInfo.dll.so' not found: dlopen failed: library "/data/app/com.careerbuilder.SugarDrone-1/lib/arm/libaot-Plugin.DeviceInfo.dll.so" not found
D/Mono    ( 9761): Config attempting to parse: 'Plugin.DeviceInfo.dll.config'.
D/Mono    ( 9761): Config attempting to parse: '/Users/builder/data/lanes/4009/3a62f1ea/source/monodroid/builds/install/mono-armv6/etc/mono/assemblies/Plugin.DeviceInfo/Plugin.DeviceInfo.config'.
D/Mono    ( 9761): Image addref Plugin.DeviceInfo.Abstractions[0xdbe1a920] -> Plugin.DeviceInfo.Abstractions.dll[0xdbe6be00]: 2
D/Mono    ( 9761): Prepared to set up assembly 'Plugin.DeviceInfo.Abstractions' (Plugin.DeviceInfo.Abstractions.dll)
D/Mono    ( 9761): Assembly Plugin.DeviceInfo.Abstractions[0xdbe1a920] added to domain RootDomain, ref_count=1
D/Mono    ( 9761): AOT module 'Plugin.DeviceInfo.Abstractions.dll.so' not found: dlopen failed: library "/data/app/com.careerbuilder.SugarDrone-1/lib/arm/libaot-Plugin.DeviceInfo.Abstractions.dll.so" not found
D/Mono    ( 9761): AOT module '/Users/builder/data/lanes/4009/3a62f1ea/source/monodroid/builds/install/mono-armv6/lib/mono/aot-cache/arm/Plugin.DeviceInfo.Abstractions.dll.so' not found: dlopen failed: library "/data/app/com.careerbuilder.SugarDrone-1/lib/arm/libaot-Plugin.DeviceInfo.Abstractions.dll.so" not found
D/Mono    ( 9761): Config attempting to parse: 'Plugin.DeviceInfo.Abstractions.dll.config'.
D/Mono    ( 9761): Config attempting to parse: '/Users/builder/data/lanes/4009/3a62f1ea/source/monodroid/builds/install/mono-armv6/etc/mono/assemblies/Plugin.DeviceInfo.Abstractions/Plugin.DeviceInfo.Abstractions.config'.
D/Mono    ( 9761): Image addref Xamarin.GooglePlayServices.Analytics[0xdbe1a980] -> Xamarin.GooglePlayServices.Analytics.dll[0xdbe6c300]: 2
D/Mono    ( 9761): Prepared to set up assembly 'Xamarin.GooglePlayServices.Analytics' (Xamarin.GooglePlayServices.Analytics.dll)
D/Mono    ( 9761): Assembly Xamarin.GooglePlayServices.Analytics[0xdbe1a980] added to domain RootDomain, ref_count=1
D/Mono    ( 9761): AOT module 'Xamarin.GooglePlayServices.Analytics.dll.so' not found: dlopen failed: library "/data/app/com.careerbuilder.SugarDrone-1/lib/arm/libaot-Xamarin.GooglePlayServices.Analytics.dll.so" not found
