I/System.out( 9699): }
W/ResourceType( 9699): No known package when getting name for resource number 0xffffffff
W/ResourceType( 9699): No known package when getting name for resource number 0xffffffff
W/ResourceType( 9699): No known package when getting name for resource number 0xffffffff
W/ResourceType( 9699): No known package when getting name for resource number 0xffffffff
W/ResourceType( 9699): No known package when getting name for resource number 0xffffffff
W/ResourceType( 9699): No known package when getting name for resource number 0xffffffff
W/ResourceType( 9699): No known package when getting name for resource number 0xffffffff
W/ResourceType( 9699): No known package when getting name for resource number 0xffffffff
W/ResourceType( 9699): No known package when getting name for resource number 0xffffffff
W/ResourceType( 9699): No known package when getting name for resource number 0xffffffff
W/ResourceType( 9699): No known package when getting name for resource number 0xffffffff
W/ResourceType( 9699): No known package when getting name for resource number 0xffffffff
W/ResourceType( 9699): No known package when getting name for resource number 0xffffffff
W/ResourceType( 9699): No known package when getting name for resource number 0xffffffff
I/WindowManager(  873): Destroying surface Surface(name=com.careerbuilder.SugarDrone/md537fd6201b6818e2e180d2f7606e21a83.AppMainActivity) called by com.android.server.wm.WindowStateAnimator.destroySurface:2014 com.android.server.wm.WindowStateAnimator.destroySurfaceLocked:881 com.android.server.wm.WindowState.removeLocked:1449 com.android.server.wm.WindowManagerService.removeWindowInnerLocked:2478 com.android.server.wm.WindowManagerService.removeWindowLocked:2436 com.android.server.wm.WindowManagerService.removeWindowLocked:2305 com.android.server.wm.WindowManagerService.removeWindow:2300 com.android.server.wm.Session.remove:193 
I/System.out( 9699): URI: /map
I/System.out( 9699): params: {json={"query":"* id:'agreeAndContinueButton'","operation":{"method_name":"query","arguments":[]}}
I/System.out( 9699): }
W/ResourceType( 9699): No known package when getting name for resource number 0xffffffff
W/ResourceType( 9699): No known package when getting name for resource number 0xffffffff
W/ResourceType( 9699): No known package when getting name for resource number 0xffffffff
W/ResourceType( 9699): No known package when getting name for resource number 0xffffffff
W/ResourceType( 9699): No known package when getting name for resource number 0xffffffff
W/ResourceType( 9699): No known package when getting name for resource number 0xffffffff
W/ResourceType( 9699): No known package when getting name for resource number 0xffffffff
W/ResourceType( 9699): No known package when getting name for resource number 0xffffffff
W/ResourceType( 9699): No known package when getting name for resource number 0xffffffff
W/ResourceType( 9699): No known package when getting name for resource number 0xffffffff
W/ResourceType( 9699): No known package when getting name for resource number 0xffffffff
I/System.out( 9699): URI: /map
I/System.out( 9699): params: {json={"query":"* id:'agreeAndContinueButton'","operation":{"method_name":"query","arguments":[]}}
I/System.out( 9699): }
W/ResourceType( 9699): No known package when getting name for resource number 0xffffffff
W/ResourceType( 9699): No known package when getting name for resource number 0xffffffff
W/ResourceType( 9699): No known package when getting name for resource number 0xffffffff
W/ResourceType( 9699): No known package when getting name for resource number 0xffffffff
W/ResourceType( 9699): No known package when getting name for resource number 0xffffffff
W/ResourceType( 9699): No known package when getting name for resource number 0xffffffff
W/ResourceType( 9699): No known package when getting name for resource number 0xffffffff
W/ResourceType( 9699): No known package when getting name for resource number 0xffffffff
W/ResourceType( 9699): No known package when getting name for resource number 0xffffffff
W/ResourceType( 9699): No known package when getting name for resource number 0xffffffff
W/ResourceType( 9699): No known package when getting name for resource number 0xffffffff
I/System.out( 9699): URI: /map
I/System.out( 9699): params: {json={"query":"* id:'agreeAndContinueButton'","operation":{"method_name":"query","arguments":[]}}
I/System.out( 9699): }
W/ResourceType( 9699): No known package when getting name for resource number 0xffffffff
W/ResourceType( 9699): No known package when getting name for resource number 0xffffffff
W/ResourceType( 9699): No known package when getting name for resource number 0xffffffff
W/ResourceType( 9699): No known package when getting name for resource number 0xffffffff
W/ResourceType( 9699): No known package when getting name for resource number 0xffffffff
W/ResourceType( 9699): No known package when getting name for resource number 0xffffffff
W/ResourceType( 9699): No known package when getting name for resource number 0xffffffff
W/ResourceType( 9699): No known package when getting name for resource number 0xffffffff
W/ResourceType( 9699): No known package when getting name for resource number 0xffffffff
W/ResourceType( 9699): No known package when getting name for resource number 0xffffffff
W/ResourceType( 9699): No known package when getting name for resource number 0xffffffff
I/System.out( 9699): URI: /map
I/System.out( 9699): params: {json={"query":"* id:'agreeAndContinueButton'","operation":{"method_name":"query","arguments":[]}}
I/System.out( 9699): }
W/ResourceType( 9699): No known package when getting name for resource number 0xffffffff
W/ResourceType( 9699): No known package when getting name for resource number 0xffffffff
W/ResourceType( 9699): No known package when getting name for resource number 0xffffffff
W/ResourceType( 9699): No known package when getting name for resource number 0xffffffff
W/ResourceType( 9699): No known package when getting name for resource number 0xffffffff
W/ResourceType( 9699): No known package when getting name for resource number 0xffffffff
W/ResourceType( 9699): No known package when getting name for resource number 0xffffffff
W/ResourceType( 9699): No known package when getting name for resource number 0xffffffff
W/ResourceType( 9699): No known package when getting name for resource number 0xffffffff
W/ResourceType( 9699): No known package when getting name for resource number 0xffffffff
W/ResourceType( 9699): No known package when getting name for resource number 0xffffffff
I/System.out( 9699): URI: /map
I/System.out( 9699): params: {json={"query":"* id:'agreeAndContinueButton'","operation":{"method_name":"query","arguments":[]}}
I/System.out( 9699): }
W/ResourceType( 9699): No known package when getting name for resource number 0xffffffff
W/ResourceType( 9699): No known package when getting name for resource number 0xffffffff
W/ResourceType( 9699): No known package when getting name for resource number 0xffffffff
W/ResourceType( 9699): No known package when getting name for resource number 0xffffffff
W/ResourceType( 9699): No known package when getting name for resource number 0xffffffff
W/ResourceType( 9699): No known package when getting name for resource number 0xffffffff
W/ResourceType( 9699): No known package when getting name for resource number 0xffffffff
W/ResourceType( 9699): No known package when getting name for resource number 0xffffffff
W/ResourceType( 9699): No known package when getting name for resource number 0xffffffff
W/ResourceType( 9699): No known package when getting name for resource number 0xffffffff
W/ResourceType( 9699): No known package when getting name for resource number 0xffffffff
D/Mono    ( 9699): Assembly Ref addref System.Net.Http[0xecd18560] -> System.Core[0xe0a998e0]: 13
D/Mono    ( 9699): Assembly Ref addref Mono.Android[0xe0a992e0] -> System[0xe0a99580]: 12
D/Mono    ( 9699): DllImport searching in: '__Internal' ('(null)').
D/Mono    ( 9699): Searching for 'java_interop_jnienv_call_nonvirtual_int_method_a'.
D/Mono    ( 9699): Probing 'java_interop_jnienv_call_nonvirtual_int_method_a'.
D/Mono    ( 9699): Found as 'java_interop_jnienv_call_nonvirtual_int_method_a'.
D/Mono    ( 9699): DllImport searching in: '__Internal' ('(null)').
D/Mono    ( 9699): Searching for 'java_interop_jnienv_get_float_field'.
D/Mono    ( 9699): Probing 'java_interop_jnienv_get_float_field'.
D/Mono    ( 9699): Found as 'java_interop_jnienv_get_float_field'.
D/Mono    ( 9699): DllImport searching in: '__Internal' ('(null)').
D/Mono    ( 9699): Searching for 'java_interop_jnienv_new_object_array'.
D/Mono    ( 9699): Probing 'java_interop_jnienv_new_object_array'.
D/Mono    ( 9699): Found as 'java_interop_jnienv_new_object_array'.
D/Mono    ( 9699): DllImport searching in: '__Internal' ('(null)').
D/Mono    ( 9699): Searching for 'java_interop_jnienv_set_object_array_element'.
D/Mono    ( 9699): Probing 'java_interop_jnienv_set_object_array_element'.
D/Mono    ( 9699): Found as 'java_interop_jnienv_set_object_array_element'.
I/System.out( 9699): URI: /
I/System.out( 9699): params: {json={"command":"touch_coordinate","arguments":[540.0,1705.0]}
I/System.out( 9699): }
I/System.out( 9699): header: {content-type=application/json; charset=utf-8, connection=close, host=devicehost18.prod, x-session-token=token-token-4574ec1b-9031-4ee4-ae9f-27cfccff2a31, content-length=57, x-forwarded-for=10.222.150.20}
I/System.out( 9699): params: {json={"command":"touch_coordinate","arguments":[540.0,1705.0]}
I/System.out( 9699): }
I/System.out( 9699): ProP json = {"command":"touch_coordinate","arguments":[540.0,1705.0]}
I/System.out( 9699): files: {}
I/System.out( 9699): command: {"command":"touch_coordinate","arguments":[540.0,1705.0]}
I/InstrumentationBackend( 9699): Got command:'Command:'Line:null,touch_coordinate', arguments:'[540.0, 1705.0]'
D/Mono    ( 9699): [0xc8b5e920] worker starting
I/System.out( 9699): result:{"bonusInformation":[],"message":"","success":true}
D/Mono    ( 9699): Unloading image System.dll [0xcbc50500].
D/Mono    ( 9699): Image addref System[0xcca3f540] -> System.dll[0xe0afcd00]: 5
D/Mono    ( 9699): Config attempting to parse: 'System.dll.config'.
D/Mono    ( 9699): Config attempting to parse: '/Users/builder/data/lanes/4009/3a62f1ea/source/monodroid/builds/install/mono-armv6/etc/mono/assemblies/System/System.config'.
D/Mono    ( 9699): Unloading image System.dll [0xcbc50500].
D/Mono    ( 9699): Image addref System[0xcca3f3c0] -> System.dll[0xe0afcd00]: 6
D/Mono    ( 9699): Config attempting to parse: 'System.dll.config'.
D/Mono    ( 9699): Config attempting to parse: '/Users/builder/data/lanes/4009/3a62f1ea/source/monodroid/builds/install/mono-armv6/etc/mono/assemblies/System/System.config'.
D/Mono    ( 9699): Unloading image System.dll [0xcbc50500].
D/Mono    ( 9699): Image addref System[0xcca3f3c0] -> System.dll[0xe0afcd00]: 7
D/Mono    ( 9699): Config attempting to parse: 'System.dll.config'.
D/Mono    ( 9699): Config attempting to parse: '/Users/builder/data/lanes/4009/3a62f1ea/source/monodroid/builds/install/mono-armv6/etc/mono/assemblies/System/System.config'.
D/Mono    ( 9699): Unloading image System.dll [0xcbc50500].
D/Mono    ( 9699): Image addref System[0xcca3f3c0] -> System.dll[0xe0afcd00]: 8
D/Mono    ( 9699): Config attempting to parse: 'System.dll.config'.
D/Mono    ( 9699): Config attempting to parse: '/Users/builder/data/lanes/4009/3a62f1ea/source/monodroid/builds/install/mono-armv6/etc/mono/assemblies/System/System.config'.
D/Mono    ( 9699): DllImport searching in: '__Internal' ('(null)').
D/Mono    ( 9699): Searching for 'java_interop_jnienv_is_assignable_from'.
D/Mono    ( 9699): Probing 'java_interop_jnienv_is_assignable_from'.
D/Mono    ( 9699): Found as 'java_interop_jnienv_is_assignable_from'.
D/Mono    ( 9699): DllImport searching in: '__Internal' ('(null)').
D/Mono    ( 9699): Searching for 'java_interop_jnienv_get_byte_array_region'.
D/Mono    ( 9699): Probing 'java_interop_jnienv_get_byte_array_region'.
D/Mono    ( 9699): Found as 'java_interop_jnienv_get_byte_array_region'.
D/Mono    ( 9699): DllImport searching in: '__Internal' ('(null)').
D/Mono    ( 9699): Searching for 'java_interop_jnienv_set_byte_array_region'.
D/Mono    ( 9699): Probing 'java_interop_jnienv_set_byte_array_region'.
D/Mono    ( 9699): Found as 'java_interop_jnienv_set_byte_array_region'.
W/Mono    ( 9699): The request to load the assembly System.Core v4.0.0.0 was remapped to v2.0.5.0
D/Mono    ( 9699): Unloading image System.Core.dll [0xca184400].
D/Mono    ( 9699): Image addref System.Core[0xcca3fb40] -> System.Core.dll[0xe0afdc00]: 5
D/Mono    ( 9699): Config attempting to parse: 'System.Core.dll.config'.
D/Mono    ( 9699): Config attempting to parse: '/Users/builder/data/lanes/4009/3a62f1ea/source/monodroid/builds/install/mono-armv6/etc/mono/assemblies/System.Core/System.Core.config'.
W/Mono    ( 9699): The request to load the assembly System.Core v4.0.0.0 was remapped to v2.0.5.0
D/Mono    ( 9699): Unloading image System.Core.dll [0xca184400].
D/Mono    ( 9699): Image addref System.Core[0xcbc4b0c0] -> System.Core.dll[0xe0afdc00]: 6
D/Mono    ( 9699): Config attempting to parse: 'System.Core.dll.config'.
D/Mono    ( 9699): Config attempting to parse: '/Users/builder/data/lanes/4009/3a62f1ea/source/monodroid/builds/install/mono-armv6/etc/mono/assemblies/System.Core/System.Core.config'.
D/Mono    ( 9699): [0xcac6b920] hill climbing, change max number of threads 7
D/Mono    ( 9699): DllImport searching in: '__Internal' ('(null)').
D/Mono    ( 9699): Searching for 'java_interop_jnienv_new_byte_array'.
D/Mono    ( 9699): Probing 'java_interop_jnienv_new_byte_array'.
D/Mono    ( 9699): Found as 'java_interop_jnienv_new_byte_array'.
I/ThermalEngine(  503): ACTION: LCD - Setting max LCD brightness to 208
I/System.out( 9699): URI: /backdoor
I/System.out( 9699): params: {json={"method_name":"APISetup","arguments":[200]}
I/System.out( 9699): }
I/System.out( 9699): URI: /backdoor
I/System.out( 9699): params: {json={"method_name":"MyCBBackdoor","arguments":[]}
I/System.out( 9699): }
D/Mono    ( 9699): Assembly Ref addref CareerBuilder_Search.Droid[0xe0a983e0] -> Xamarin.Android.Support.Design[0xe0a98e00]: 2
I/calabash( 9699): execStartActivity 4
I/ActivityManager(  873): START u0 {cmp=com.careerbuilder.SugarDrone/md5a4824aa66c0dc4d104077b72c1916a44.MasterNavActivity} from uid 19662 on display 0
I/calabash( 9699): newActivity1
I/art     ( 9699): Do partial code cache collection, code=43KB, data=61KB
I/art     ( 9699): After code cache collection, code=41KB, data=60KB
I/art     ( 9699): Increasing code cache capacity to 256KB
I/System.out( 9699): URI: /map
I/System.out( 9699): params: {json={"query":"* marked:'Skip'","operation":{"method_name":"query","arguments":[]}}
I/System.out( 9699): }
D/Mono    ( 9699): DllImport searching in: '__Internal' ('(null)').
D/Mono    ( 9699): Searching for 'java_interop_jnienv_call_nonvirtual_object_method'.
D/Mono    ( 9699): Probing 'java_interop_jnienv_call_nonvirtual_object_method'.
D/Mono    ( 9699): Found as 'java_interop_jnienv_call_nonvirtual_object_method'.
D/Mono    ( 9699): DllImport searching in: '__Internal' ('(null)').
D/Mono    ( 9699): Searching for 'java_interop_jnienv_call_int_method'.
D/Mono    ( 9699): Probing 'java_interop_jnienv_call_int_method'.
D/Mono    ( 9699): Found as 'java_interop_jnienv_call_int_method'.
D/Mono    ( 9699): Assembly Ref addref Xamarin.Android.Support.Design[0xe0a98e00] -> Xamarin.Android.Support.v4[0xe0a98c20]: 4
D/Mono    ( 9699): Assembly Ref addref CareerBuilder_Search.Droid[0xe0a983e0] -> Xamarin.Android.Support.v7.RecyclerView[0xe0a98c80]: 2
D/Mono    ( 9699): Assembly Ref addref Xamarin.Android.Support.v7.RecyclerView[0xe0a98c80] -> Xamarin.Android.Support.v4[0xe0a98c20]: 5
D/Mono    ( 9699): Assembly Ref addref CareerBuilder_Search.Droid[0xe0a983e0] -> FloatingActionButton-Xamarin[0xe0a98bc0]: 2
I/art     ( 9699): Starting a blocking GC Explicit
I/art     ( 9699): Explicit concurrent mark sweep GC freed 32579(1596KB) AllocSpace objects, 11(220KB) LOS objects, 39% free, 7MB/12MB, paused 934us total 44.583ms
D/Mono    ( 9699): Unloading image System.IO.dll [0xcbe37d00].
D/Mono    ( 9699): Image addref System.IO[0xc99dfbc0] -> System.IO.dll[0xcd3e4700]: 6
D/Mono    ( 9699): Config attempting to parse: 'System.IO.dll.config'.
D/Mono    ( 9699): Config attempting to parse: '/Users/builder/data/lanes/4009/3a62f1ea/source/monodroid/builds/install/mono-armv6/etc/mono/assemblies/System.IO/System.IO.config'.
D/Mono    ( 9699): Assembly Ref addref CareerBuilder_Search[0xe0a99280] -> System.IO[0xecd18f20]: 4
W/FragmentManager( 9699): moveToState: Fragment state for SavedJobsFragment{f7b776e #0 id=0x7f0a0148 android:switcher:2131362120:1} not updated inline; expected state 3 found 2
D/Mono    ( 9699): Assembly Ref addref CareerBuilder_Search.Droid[0xe0a983e0] -> System[0xe0a99580]: 13
W/FragmentManager( 9699): moveToState: Fragment state for ResumeManagementFragment{3098e0f #1 id=0x7f0a0148 android:switcher:2131362120:2} not updated inline; expected state 3 found 2
D/Mono    ( 9699): Unloading image System.Linq.dll [0xcbe36e00].
D/Mono    ( 9699): Image addref System.Linq[0xc98b8ec0] -> System.Linq.dll[0xcd5bca00]: 9
D/Mono    ( 9699): Config attempting to parse: 'System.Linq.dll.config'.
D/Mono    ( 9699): Config attempting to parse: '/Users/builder/data/lanes/4009/3a62f1ea/source/monodroid/builds/install/mono-armv6/etc/mono/assemblies/System.Linq/System.Linq.config'.
D/Mono    ( 9699): Assembly Ref addref CareerBuilder_Search[0xe0a99280] -> System.Linq[0xe0a99820]: 7
D/Mono    ( 9699): Assembly Ref addref CareerBuilder_Search.Droid[0xe0a983e0] -> System.Core[0xe0a998e0]: 14
D/Mono    ( 9699): DllImport attempting to load: '/system/lib/liblog.so'.
D/Mono    ( 9699): DllImport loaded library '/system/lib/liblog.so'.
D/Mono    ( 9699): DllImport searching in: '/system/lib/liblog.so' ('/system/lib/liblog.so').
D/Mono    ( 9699): Searching for '__android_log_print'.
D/Mono    ( 9699): Probing '__android_log_print'.
D/Mono    ( 9699): Found as '__android_log_print'.
I/mono-stdout( 9699): uri is: https://api.careerbuilder.com/consumer/resumes?OAuthToken=&HostSite=US&DeveloperKey=WDHR8FC6P2JZ1Y61KLM5
D/Mono    ( 9699): DllImport searching in: '__Internal' ('(null)').
D/Mono    ( 9699): Searching for 'java_interop_jnienv_call_nonvirtual_void_method'.
D/Mono    ( 9699): Probing 'java_interop_jnienv_call_nonvirtual_void_method'.
D/Mono    ( 9699): Found as 'java_interop_jnienv_call_nonvirtual_void_method'.
I/mono-stdout( 9699): uri is: https://api.careerbuilder.com/consumer/saved-jobs/?DeveloperKey=WDHR8FC6P2JZ1Y61KLM5
D/Mono    ( 9699): Unloading image System.Collections.dll [0xcbe39b00].
D/Mono    ( 9699): Image addref System.Collections[0xc98b9c40] -> System.Collections.dll[0xe0afd700]: 10
D/Mono    ( 9699): Config attempting to parse: 'System.Collections.dll.config'.
D/Mono    ( 9699): Config attempting to parse: '/Users/builder/data/lanes/4009/3a62f1ea/source/monodroid/builds/install/mono-armv6/etc/mono/assemblies/System.Collections/System.Collections.config'.
D/Mono    ( 9699): Assembly Ref addref System.Reactive.Linq[0xe0a99040] -> System.Collections[0xe0a99640]: 8
I/mono-stdout( 9699): uri is: https://api.careerbuilder.com/consumer/jobs/search/?Keywords=&Location=&UseFacets=true&PageNumber=1&ExcludeNational=true&DeveloperKey=WDHR8FC6P2JZ1Y61KLM5
I/mono-stdout( 9699): uri is: https://api.careerbuilder.com/consumer/resumes?OAuthToken=&HostSite=US&DeveloperKey=WDHR8FC6P2JZ1Y61KLM5
D/Mono    ( 9699): Image addref System.Net.Primitives[0xc98b9d60] -> System.Net.Primitives.dll[0xcbd40600]: 2
D/Mono    ( 9699): Prepared to set up assembly 'System.Net.Primitives' (System.Net.Primitives.dll)
D/Mono    ( 9699): Assembly System.Net.Primitives[0xc98b9d60] added to domain RootDomain, ref_count=1
D/Mono    ( 9699): AOT module 'System.Net.Primitives.dll.so' not found: dlopen failed: library "/data/app/com.careerbuilder.SugarDrone-1/lib/arm/libaot-System.Net.Primitives.dll.so" not found
D/Mono    ( 9699): AOT module '/Users/builder/data/lanes/4009/3a62f1ea/source/monodroid/builds/install/mono-armv6/lib/mono/aot-cache/arm/System.Net.Primitives.dll.so' not found: dlopen failed: library "/data/app/com.careerbuilder.SugarDrone-1/lib/arm/libaot-System.Net.Primitives.dll.so" not found
D/Mono    ( 9699): Config attempting to parse: 'System.Net.Primitives.dll.config'.
D/Mono    ( 9699): Config attempting to parse: '/Users/builder/data/lanes/4009/3a62f1ea/source/monodroid/builds/install/mono-armv6/etc/mono/assemblies/System.Net.Primitives/System.Net.Primitives.config'.
D/Mono    ( 9699): Assembly Ref addref CareerBuilder_Search[0xe0a99280] -> System.Net.Primitives[0xc98b9d60]: 2
D/Mono    ( 9699): Assembly Ref addref System.Net.Primitives[0xc98b9d60] -> System[0xe0a99580]: 14
D/Mono    ( 9699): Unloading image System.Net.Primitives.dll [0xc87de400].
D/Mono    ( 9699): Unloading image System.Net.Primitives.dll [0xc9856f00].
D/Mono    ( 9699): Unloading image System.Net.Primitives.dll [0xc9858800].
D/Mono    ( 9699): Image addref System.Net.Primitives[0xcbc4b180] -> System.Net.Primitives.dll[0xcbd40600]: 7
D/Mono    ( 9699): Config attempting to parse: 'System.Net.Primitives.dll.config'.
D/Mono    ( 9699): Image addref System.Net.Primitives[0xc98b9c40] -> System.Net.Primitives.dll[0xcbd40600]: 7
D/Mono    ( 9699): Config attempting to parse: '/Users/builder/data/lanes/4009/3a62f1ea/source/monodroid/builds/install/mono-armv6/etc/mono/assemblies/System.Net.Primitives/System.Net.Primitives.config'.
D/Mono    ( 9699): Config attempting to parse: 'System.Net.Primitives.dll.config'.
D/Mono    ( 9699): Config attempting to parse: '/Users/builder/data/lanes/4009/3a62f1ea/source/monodroid/builds/install/mono-armv6/etc/mono/assemblies/System.Net.Primitives/System.Net.Primitives.config'.
D/Mono    ( 9699): Image addref System.Net.Primitives[0xc87da6c0] -> System.Net.Primitives.dll[0xcbd40600]: 7
D/Mono    ( 9699): Config attempting to parse: 'System.Net.Primitives.dll.config'.
D/Mono    ( 9699): Config attempting to parse: '/Users/builder/data/lanes/4009/3a62f1ea/source/monodroid/builds/install/mono-armv6/etc/mono/assemblies/System.Net.Primitives/System.Net.Primitives.config'.
D/Mono    ( 9699): Unloading image System.Text.Encoding.dll [0xc9856f00].
D/Mono    ( 9699): Unloading image System.Text.Encoding.dll [0xc9858800].
D/Mono    ( 9699): Image addref System.Text.Encoding[0xc87da720] -> System.Text.Encoding.dll[0xcd333c00]: 6
D/Mono    ( 9699): Config attempting to parse: 'System.Text.Encoding.dll.config'.
D/Mono    ( 9699): Config attempting to parse: '/Users/builder/data/lanes/4009/3a62f1ea/source/monodroid/builds/install/mono-armv6/etc/mono/assemblies/System.Text.Encoding/System.Text.Encoding.config'.
D/Mono    ( 9699): Assembly Ref addref CareerBuilder_Search[0xe0a99280] -> System.Text.Encoding[0xecd18e00]: 3
D/Mono    ( 9699): Image addref System.Text.Encoding[0xc98b8d40] -> System.Text.Encoding.dll[0xcd333c00]: 6
D/Mono    ( 9699): Config attempting to parse: 'System.Text.Encoding.dll.config'.
D/Mono    ( 9699): Config attempting to parse: '/Users/builder/data/lanes/4009/3a62f1ea/source/monodroid/builds/install/mono-armv6/etc/mono/assemblies/System.Text.Encoding/System.Text.Encoding.config'.
I/mono-stdout( 9699): making api call to: /consumer/resumes?OAuthToken=&HostSite=US&DeveloperKey=WDHR8FC6P2JZ1Y61KLM5
I/mono-stdout( 9699): making api call to: /consumer/resumes?OAuthToken=&HostSite=US&DeveloperKey=WDHR8FC6P2JZ1Y61KLM5
I/mono-stdout( 9699): making api call to: /consumer/saved-jobs/?DeveloperKey=WDHR8FC6P2JZ1Y61KLM5
I/mono-stdout( 9699): making api call to: /consumer/jobs/search/?Keywords=&Location=&UseFacets=true&PageNumber=1&ExcludeNational=true&DeveloperKey=WDHR8FC6P2JZ1Y61KLM5
D/Mono    ( 9699): Assembly Ref addref CareerBuilder_Search.Droid[0xe0a983e0] -> Newtonsoft.Json[0xe0a98ec0]: 4
D/Mono    ( 9699): [0xc7f7f920] worker starting
D/Mono    ( 9699): [0xc7e7e920] worker starting
I/mono-stdout( 9699): Method: GET, RequestUri: 'https://api.careerbuilder.com/consumer/saved-jobs/?DeveloperKey=WDHR8FC6P2JZ1Y61KLM5', Version: 1.1, Content: <null>, Headers:
I/mono-stdout( 9699): {
I/mono-stdout( 9699): DeveloperKey: WDHR8FC6P2JZ1Y61KLM5
I/mono-stdout( 9699): Accept: application/json
I/mono-stdout( 9699): Authorization: Bearer test
I/mono-stdout( 9699): HostSite: US
I/mono-stdout( 9699): }
I/mono-stdout( 9699): Current State = 1,2,6,7
I/mono-stdout( 9699): applied jobs = 6
I/mono-stdout( 9699): expired jobs = 7
I/mono-stdout( 9699): saved jobs = Saved,Saved,Applied,Saved
I/mono-stdout( 9699): done making call to: /consumer/resumes?OAuthToken=&HostSite=US&DeveloperKey=WDHR8FC6P2JZ1Y61KLM5
I/mono-stdout( 9699): done making call to: /consumer/resumes?OAuthToken=&HostSite=US&DeveloperKey=WDHR8FC6P2JZ1Y61KLM5
I/mono-stdout( 9699): The resume  with hash has been set as latest
I/mono-stdout( 9699): The resume  with hash has been set as latest
I/art     ( 9699): Starting a blocking GC Explicit
I/art     ( 9699): Explicit concurrent mark sweep GC freed 6705(337KB) AllocSpace objects, 1(20KB) LOS objects, 40% free, 10MB/18MB, paused 869us total 35.861ms
D/Mono    ( 9699): GC_TAR_BRIDGE bridges 146 objects 328 opaque 104 colors 146 colors-bridged 146 colors-visible 146 xref 2 cache-hit 0 cache-semihit 0 cache-miss 0 setup 0.07ms tarjan 0.38ms scc-setup 0.11ms gather-xref 0.01ms xref-setup 0.00ms cleanup 0.05ms
D/Mono    ( 9699): GC_BRIDGE: Complete, was running for 39.43ms
D/Mono    ( 9699): GC_MINOR: (Nursery full) time 20.95ms, stw 24.53ms promoted 869K major size: 1888K in use: 1142K los size: 1024K in use: 367K
I/mono-stdout( 9699): done making call to: /consumer/saved-jobs/?DeveloperKey=WDHR8FC6P2JZ1Y61KLM5
I/mono-stdout( 9699): done making call to: /consumer/jobs/search/?Keywords=&Location=&UseFacets=true&PageNumber=1&ExcludeNational=true&DeveloperKey=WDHR8FC6P2JZ1Y61KLM5
E/RecyclerView( 9699): No adapter attached; skipping layout
I/mono-stdout( 9699): uri is: https://api.careerbuilder.com/consumer/saved-jobs/?DeveloperKey=WDHR8FC6P2JZ1Y61KLM5
I/mono-stdout( 9699): making api call to: /consumer/saved-jobs/?DeveloperKey=WDHR8FC6P2JZ1Y61KLM5
I/mono-stdout( 9699): Method: GET, RequestUri: 'https://api.careerbuilder.com/consumer/saved-jobs/?DeveloperKey=WDHR8FC6P2JZ1Y61KLM5', Version: 1.1, Content: <null>, Headers:
I/mono-stdout( 9699): {
I/mono-stdout( 9699): DeveloperKey: WDHR8FC6P2JZ1Y61KLM5
I/mono-stdout( 9699): Accept: application/json
I/mono-stdout( 9699): Authorization: Bearer test
I/mono-stdout( 9699): HostSite: US
I/mono-stdout( 9699): }
I/mono-stdout( 9699): Current State = 1,2,6,7
I/mono-stdout( 9699): applied jobs = 6
I/mono-stdout( 9699): expired jobs = 7
I/mono-stdout( 9699): saved jobs = Saved,Saved,Applied,Saved
W/art     ( 9699): JNI RegisterNativeMethods: attempt to register 0 native methods for md539c3d548fb000cea9f34163fa7e112ea.ProgressListItemViewHolder
W/ResourceType( 9699): No known package when getting name for resource number 0xffffffff
W/ResourceType( 9699): No known package when getting name for resource number 0xffffffff
W/ResourceType( 9699): No known package when getting name for resource number 0xffffffff
W/ResourceType( 9699): No known package when getting name for resource number 0xffffffff
W/ResourceType( 9699): No known package when getting name for resource number 0xffffffff
W/ResourceType( 9699): No known package when getting name for resource number 0xffffffff
W/ResourceType( 9699): No known package when getting name for resource number 0xffffffff
W/ResourceType( 9699): No known package when getting name for resource number 0xffffffff
W/ResourceType( 9699): No known package when getting name for resource number 0xffffffff
W/ResourceType( 9699): No known package when getting name for resource number 0xffffffff
W/ResourceType( 9699): No known package when getting name for resource number 0xffffffff
D/Mono    ( 9699): Assembly Ref addref Xamarin.Android.Support.v7.AppCompat[0xe0a98da0] -> System.Core[0xe0a998e0]: 15
I/Choreographer( 9699): Skipped 127 frames!  The application may be doing too much work on its main thread.
E/RecyclerView( 9699): No adapter attached; skipping layout
I/ActivityManager(  873): Displayed com.careerbuilder.SugarDrone/md5a4824aa66c0dc4d104077b72c1916a44.MasterNavActivity: +3s141ms
D/Mono    ( 9699): DllImport searching in: '__Internal' ('(null)').
D/Mono    ( 9699): Searching for 'java_interop_jnienv_call_void_method'.
D/Mono    ( 9699): Probing 'java_interop_jnienv_call_void_method'.
D/Mono    ( 9699): Found as 'java_interop_jnienv_call_void_method'.
E/RecyclerView( 9699): No adapter attached; skipping layout
I/System.out( 9699): URI: /map
I/System.out( 9699): params: {json={"query":"* marked:'Job 1'","operation":{"method_name":"query","arguments":[]}}
I/System.out( 9699): }
I/mono-stdout( 9699): done making call to: /consumer/saved-jobs/?DeveloperKey=WDHR8FC6P2JZ1Y61KLM5
D/Mono    ( 9699): DllImport searching in: '__Internal' ('(null)').
D/Mono    ( 9699): Searching for 'java_interop_jnienv_set_int_field'.
D/Mono    ( 9699): Probing 'java_interop_jnienv_set_int_field'.
D/Mono    ( 9699): Found as 'java_interop_jnienv_set_int_field'.
W/ResourceType( 9699): No known package when getting name for resource number 0xffffffff
W/ResourceType( 9699): No known package when getting name for resource number 0xffffffff
W/ResourceType( 9699): No known package when getting name for resource number 0xffffffff
W/ResourceType( 9699): No known package when getting name for resource number 0xffffffff
W/ResourceType( 9699): No known package when getting name for resource number 0xffffffff
W/ResourceType( 9699): No known package when getting name for resource number 0xffffffff
W/ResourceType( 9699): No known package when getting name for resource number 0xffffffff
W/ResourceType( 9699): No known package when getting name for resource number 0xffffffff
W/ResourceType( 9699): No known package when getting name for resource number 0xffffffff
W/ResourceType( 9699): No known package when getting name for resource number 0xffffffff
W/ResourceType( 9699): No known package when getting name for resource number 0xffffffff
W/ResourceType( 9699): No known package when getting name for resource number 0xffffffff
W/ResourceType( 9699): No known package when getting name for resource number 0xffffffff
W/ResourceType( 9699): No known package when getting name for resource number 0xffffffff
W/ResourceType( 9699): No known package when getting name for resource number 0xffffffff
W/ResourceType( 9699): No known package when getting name for resource number 0xffffffff
W/ResourceType( 9699): No known package when getting name for resource number 0xffffffff
W/ResourceType( 9699): No known package when getting name for resource number 0xffffffff
W/ResourceType( 9699): No known package when getting name for resource number 0xffffffff
W/ResourceType( 9699): No known package when getting name for resource number 0xffffffff
W/ResourceType( 9699): No known package when getting name for resource number 0xffffffff
W/ResourceType( 9699): No known package when getting name for resource number 0xffffffff
W/ResourceType( 9699): No known package when getting name for resource number 0xffffffff
W/ResourceType( 9699): No known package when getting name for resource number 0xffffffff
W/ResourceType( 9699): No known package when getting name for resource number 0xffffffff
W/ResourceType( 9699): No known package when getting name for resource number 0xffffffff
W/ResourceType( 9699): No known package when getting name for resource number 0xffffffff
E/RecyclerView( 9699): No adapter attached; skipping layout
W/art     ( 9699): JNI RegisterNativeMethods: attempt to register 0 native methods for md539c3d548fb000cea9f34163fa7e112ea.JobResultViewHolder
W/art     ( 9699): JNI RegisterNativeMethods: attempt to register 0 native methods for md543b91ad655f5c020e54c78f692da973f.SnapshotView
W/ResourceType( 9699): No known package when getting name for resource number 0xffffffff
W/ResourceType( 9699): No known package when getting name for resource number 0xffffffff
W/ResourceType( 9699): No known package when getting name for resource number 0xffffffff
W/ResourceType( 9699): No known package when getting name for resource number 0xffffffff
W/ResourceType( 9699): No known package when getting name for resource number 0xffffffff
W/ResourceType( 9699): No known package when getting name for resource number 0xffffffff
W/ResourceType( 9699): No known package when getting name for resource number 0xffffffff
W/ResourceType( 9699): No known package when getting name for resource number 0xffffffff
W/ResourceType( 9699): No known package when getting name for resource number 0xffffffff
W/ResourceType( 9699): No known package when getting name for resource number 0xffffffff
W/ResourceType( 9699): No known package when getting name for resource number 0xffffffff
W/ResourceType( 9699): No known package when getting name for resource number 0xffffffff
W/ResourceType( 9699): No known package when getting name for resource number 0xffffffff
W/ResourceType( 9699): No known package when getting name for resource number 0xffffffff
W/ResourceType( 9699): No known package when getting name for resource number 0xffffffff
W/ResourceType( 9699): No known package when getting name for resource number 0xffffffff
W/ResourceType( 9699): No known package when getting name for resource number 0xffffffff
W/ResourceType( 9699): No known package when getting name for resource number 0xffffffff
W/ResourceType( 9699): No known package when getting name for resource number 0xffffffff
W/ResourceType( 9699): No known package when getting name for resource number 0xffffffff
I/ActivityManager(  873): Killing 6689:com.google.android.apps.photos/u0a74 (adj 906): empty #17
I/WindowManager(  873): Destroying surface Surface(name=com.careerbuilder.SugarDrone/md5a4824aa66c0dc4d104077b72c1916a44.TermsAndConditionsActivity) called by com.android.server.wm.WindowStateAnimator.destroySurface:2014 com.android.server.wm.WindowStateAnimator.destroySurfaceLocked:881 com.android.server.wm.WindowState.destroyOrSaveSurface:2073 com.android.server.wm.AppWindowToken.destroySurfaces:363 com.android.server.wm.AppWindowToken.notifyAppStopped:389 com.android.server.wm.WindowManagerService.notifyAppStopped:4456 com.android.server.am.ActivityStack.activityStoppedLocked:1252 com.android.server.am.ActivityManagerService.activityStopped:6873 
I/WindowManager(  873): Destroying surface Surface(name=com.careerbuilder.SugarDrone/md5a4824aa66c0dc4d104077b72c1916a44.TermsAndConditionsActivity) called by com.android.server.wm.WindowStateAnimator.destroySurface:2014 com.android.server.wm.WindowStateAnimator.destroySurfaceLocked:881 com.android.server.wm.WindowState.destroyOrSaveSurface:2073 com.android.server.wm.AppWindowToken.destroySurfaces:363 com.android.server.wm.AppWindowToken.notifyAppStopped:389 com.android.server.wm.WindowManagerService.notifyAppStopped:4456 com.android.server.am.ActivityStack.activityStoppedLocked:1252 com.android.server.am.ActivityManagerService.activityStopped:6873 
W/SurfaceFlinger(  401): couldn't log to binary event log: overflow.
I/System.out( 9699): URI: /map
I/System.out( 9699): params: {json={"query":"* marked:'Job 1'","operation":{"method_name":"query","arguments":[]}}
I/System.out( 9699): }
W/ResourceType( 9699): No known package when getting name for resource number 0xffffffff
W/ResourceType( 9699): No known package when getting name for resource number 0xffffffff
W/ResourceType( 9699): No known package when getting name for resource number 0xffffffff
W/ResourceType( 9699): No known package when getting name for resource number 0xffffffff
W/ResourceType( 9699): No known package when getting name for resource number 0xffffffff
W/ResourceType( 9699): No known package when getting name for resource number 0xffffffff
W/ResourceType( 9699): No known package when getting name for resource number 0xffffffff
W/ResourceType( 9699): No known package when getting name for resource number 0xffffffff
W/ResourceType( 9699): No known package when getting name for resource number 0xffffffff
W/ResourceType( 9699): No known package when getting name for resource number 0xffffffff
W/ResourceType( 9699): No known package when getting name for resource number 0xffffffff
W/ResourceType( 9699): No known package when getting name for resource number 0xffffffff
W/ResourceType( 9699): No known package when getting name for resource number 0xffffffff
W/ResourceType( 9699): No known package when getting name for resource number 0xffffffff
W/ResourceType( 9699): No known package when getting name for resource number 0xffffffff
W/ResourceType( 9699): No known package when getting name for resource number 0xffffffff
W/ResourceType( 9699): No known package when getting name for resource number 0xffffffff
W/ResourceType( 9699): No known package when getting name for resource number 0xffffffff
W/ResourceType( 9699): No known package when getting name for resource number 0xffffffff
W/ResourceType( 9699): No known package when getting name for resource number 0xffffffff
W/ResourceType( 9699): No known package when getting name for resource number 0xffffffff
W/ResourceType( 9699): No known package when getting name for resource number 0xffffffff
W/ResourceType( 9699): No known package when getting name for resource number 0xffffffff
W/ResourceType( 9699): No known package when getting name for resource number 0xffffffff
W/ResourceType( 9699): No known package when getting name for resource number 0xffffffff
W/ResourceType( 9699): No known package when getting name for resource number 0xffffffff
W/ResourceType( 9699): No known package when getting name for resource number 0xffffffff
W/ResourceType( 9699): No known package when getting name for resource number 0xffffffff
W/ResourceType( 9699): No known package when getting name for resource number 0xffffffff
W/ResourceType( 9699): No known package when getting name for resource number 0xffffffff
W/ResourceType( 9699): No known package when getting name for resource number 0xffffffff
W/ResourceType( 9699): No known package when getting name for resource number 0xffffffff
W/ResourceType( 9699): No known package when getting name for resource number 0xffffffff
W/ResourceType( 9699): No known package when getting name for resource number 0xffffffff
W/ResourceType( 9699): No known package when getting name for resource number 0xffffffff
W/ResourceType( 9699): No known package when getting name for resource number 0xffffffff
W/ResourceType( 9699): No known package when getting name for resource number 0xffffffff
W/ResourceType( 9699): No known package when getting name for resource number 0xffffffff
W/ResourceType( 9699): No known package when getting name for resource number 0xffffffff
W/ResourceType( 9699): No known package when getting name for resource number 0xffffffff
W/ResourceType( 9699): No known package when getting name for resource number 0xffffffff
W/ResourceType( 9699): No known package when getting name for resource number 0xffffffff
W/ResourceType( 9699): No known package when getting name for resource number 0xffffffff
W/ResourceType( 9699): No known package when getting name for resource number 0xffffffff
W/ResourceType( 9699): No known package when getting name for resource number 0xffffffff
W/ResourceType( 9699): No known package when getting name for resource number 0xffffffff
W/ResourceType( 9699): No known package when getting name for resource number 0xffffffff
W/ResourceType( 9699): No known package when getting name for resource number 0xffffffff
W/ResourceType( 9699): No known package when getting name for resource number 0xffffffff
W/ResourceType( 9699): No known package when getting name for resource number 0xffffffff
W/ResourceType( 9699): No known package when getting name for resource number 0xffffffff
W/ResourceType( 9699): No known package when getting name for resource number 0xffffffff
W/ResourceType( 9699): No known package when getting name for resource number 0xffffffff
W/ResourceType( 9699): No known package when getting name for resource number 0xffffffff
W/ResourceType( 9699): No known package when getting name for resource number 0xffffffff
W/ResourceType( 9699): No known package when getting name for resource number 0xffffffff
W/ResourceType( 9699): No known package when getting name for resource number 0xffffffff
W/ResourceType( 9699): No known package when getting name for resource number 0xffffffff
W/ResourceType( 9699): No known package when getting name for resource number 0xffffffff
W/ResourceType( 9699): No known package when getting name for resource number 0xffffffff
W/ResourceType( 9699): No known package when getting name for resource number 0xffffffff
W/ResourceType( 9699): No known package when getting name for resource number 0xffffffff
W/ResourceType( 9699): No known package when getting name for resource number 0xffffffff
W/ResourceType( 9699): No known package when getting name for resource number 0xffffffff
W/ResourceType( 9699): No known package when getting name for resource number 0xffffffff
W/ResourceType( 9699): No known package when getting name for resource number 0xffffffff
W/ResourceType( 9699): No known package when getting name for resource number 0xffffffff
I/System.out( 9699): URI: /map
I/System.out( 9699): params: {json={"query":"* marked:'Job 1'","operation":{"method_name":"query","arguments":[]}}
I/System.out( 9699): }
W/ResourceType( 9699): No known package when getting name for resource number 0xffffffff
W/ResourceType( 9699): No known package when getting name for resource number 0xffffffff
W/ResourceType( 9699): No known package when getting name for resource number 0xffffffff
W/ResourceType( 9699): No known package when getting name for resource number 0xffffffff
W/ResourceType( 9699): No known package when getting name for resource number 0xffffffff
W/ResourceType( 9699): No known package when getting name for resource number 0xffffffff
W/ResourceType( 9699): No known package when getting name for resource number 0xffffffff
W/ResourceType( 9699): No known package when getting name for resource number 0xffffffff
W/ResourceType( 9699): No known package when getting name for resource number 0xffffffff
W/ResourceType( 9699): No known package when getting name for resource number 0xffffffff
W/ResourceType( 9699): No known package when getting name for resource number 0xffffffff
W/ResourceType( 9699): No known package when getting name for resource number 0xffffffff
W/ResourceType( 9699): No known package when getting name for resource number 0xffffffff
W/ResourceType( 9699): No known package when getting name for resource number 0xffffffff
W/ResourceType( 9699): No known package when getting name for resource number 0xffffffff
W/ResourceType( 9699): No known package when getting name for resource number 0xffffffff
W/ResourceType( 9699): No known package when getting name for resource number 0xffffffff
W/ResourceType( 9699): No known package when getting name for resource number 0xffffffff
W/ResourceType( 9699): No known package when getting name for resource number 0xffffffff
W/ResourceType( 9699): No known package when getting name for resource number 0xffffffff
W/ResourceType( 9699): No known package when getting name for resource number 0xffffffff
W/ResourceType( 9699): No known package when getting name for resource number 0xffffffff
W/ResourceType( 9699): No known package when getting name for resource number 0xffffffff
W/ResourceType( 9699): No known package when getting name for resource number 0xffffffff
W/ResourceType( 9699): No known package when getting name for resource number 0xffffffff
W/ResourceType( 9699): No known package when getting name for resource number 0xffffffff
W/ResourceType( 9699): No known package when getting name for resource number 0xffffffff
W/ResourceType( 9699): No known package when getting name for resource number 0xffffffff
W/ResourceType( 9699): No known package when getting name for resource number 0xffffffff
W/ResourceType( 9699): No known package when getting name for resource number 0xffffffff
W/ResourceType( 9699): No known package when getting name for resource number 0xffffffff
W/ResourceType( 9699): No known package when getting name for resource number 0xffffffff
W/ResourceType( 9699): No known package when getting name for resource number 0xffffffff
W/ResourceType( 9699): No known package when getting name for resource number 0xffffffff
W/ResourceType( 9699): No known package when getting name for resource number 0xffffffff
W/ResourceType( 9699): No known package when getting name for resource number 0xffffffff
W/ResourceType( 9699): No known package when getting name for resource number 0xffffffff
W/ResourceType( 9699): No known package when getting name for resource number 0xffffffff
W/ResourceType( 9699): No known package when getting name for resource number 0xffffffff
W/ResourceType( 9699): No known package when getting name for resource number 0xffffffff
W/ResourceType( 9699): No known package when getting name for resource number 0xffffffff
W/ResourceType( 9699): No known package when getting name for resource number 0xffffffff
W/ResourceType( 9699): No known package when getting name for resource number 0xffffffff
W/ResourceType( 9699): No known package when getting name for resource number 0xffffffff
W/ResourceType( 9699): No known package when getting name for resource number 0xffffffff
W/ResourceType( 9699): No known package when getting name for resource number 0xffffffff
W/ResourceType( 9699): No known package when getting name for resource number 0xffffffff
W/ResourceType( 9699): No known package when getting name for resource number 0xffffffff
W/ResourceType( 9699): No known package when getting name for resource number 0xffffffff
W/ResourceType( 9699): No known package when getting name for resource number 0xffffffff
W/ResourceType( 9699): No known package when getting name for resource number 0xffffffff
W/ResourceType( 9699): No known package when getting name for resource number 0xffffffff
W/ResourceType( 9699): No known package when getting name for resource number 0xffffffff
W/ResourceType( 9699): No known package when getting name for resource number 0xffffffff
W/ResourceType( 9699): No known package when getting name for resource number 0xffffffff
W/ResourceType( 9699): No known package when getting name for resource number 0xffffffff
W/ResourceType( 9699): No known package when getting name for resource number 0xffffffff
W/ResourceType( 9699): No known package when getting name for resource number 0xffffffff
W/ResourceType( 9699): No known package when getting name for resource number 0xffffffff
W/ResourceType( 9699): No known package when getting name for resource number 0xffffffff
W/ResourceType( 9699): No known package when getting name for resource number 0xffffffff
W/ResourceType( 9699): No known package when getting name for resource number 0xffffffff
W/ResourceType( 9699): No known package when getting name for resource number 0xffffffff
W/ResourceType( 9699): No known package when getting name for resource number 0xffffffff
W/ResourceType( 9699): No known package when getting name for resource number 0xffffffff
W/ResourceType( 9699): No known package when getting name for resource number 0xffffffff
W/ResourceType( 9699): No known package when getting name for resource number 0xffffffff
I/System.out( 9699): URI: /
I/System.out( 9699): params: {json={"command":"touch_coordinate","arguments":[512.0,583.0]}
I/System.out( 9699): }
I/System.out( 9699): header: {content-type=application/json; charset=utf-8, connection=close, host=devicehost18.prod, x-session-token=token-token-4574ec1b-9031-4ee4-ae9f-27cfccff2a31, content-length=56, x-forwarded-for=10.222.150.20}
I/System.out( 9699): params: {json={"command":"touch_coordinate","arguments":[512.0,583.0]}
I/System.out( 9699): }
I/System.out( 9699): ProP json = {"command":"touch_coordinate","arguments":[512.0,583.0]}
I/System.out( 9699): files: {}
I/System.out( 9699): command: {"command":"touch_coordinate","arguments":[512.0,583.0]}
I/InstrumentationBackend( 9699): Got command:'Command:'Line:null,touch_coordinate', arguments:'[512.0, 583.0]'
I/art     ( 9699): Starting a blocking GC Explicit
I/art     ( 9699): Explicit concurrent mark sweep GC freed 50908(2005KB) AllocSpace objects, 5(100KB) LOS objects, 40% free, 12MB/20MB, paused 759us total 51.139ms
D/audio_hw_primary(  507): select_devices: changing use case low-latency-playback output device from(0: none, acdb -1) to (2: speaker, acdb 14)
D/Mono    ( 9699): Assembly Ref addref CareerBuilder_Search.Droid[0xe0a983e0] -> Xamarin.Android.Support.v7.CardView[0xe0a98e60]: 2
I/calabash( 9699): execStartActivity 4
I/ActivityManager(  873): START u0 {cmp=com.careerbuilder.SugarDrone/md5a4824aa66c0dc4d104077b72c1916a44.JobDisplayPageActivity (has extras)} from uid 19662 on display 0
I/calabash( 9699): newActivity1
I/System.out( 9699): result:{"bonusInformation":[],"message":"","success":true}
I/System.out( 9699): URI: /map
I/System.out( 9699): params: {json={"query":"* marked:'descriptionCard'","operation":{"method_name":"query","arguments":[]}}
I/System.out( 9699): }
W/System  ( 9699): ClassLoader referenced unknown path: /system/app/Chrome/lib/arm
I/WebViewFactory( 9699): Loading com.android.chrome version 51.0.2704.90 (code 275509052)
I/cr_LibraryLoader( 9699): Time to load native libraries: 23 ms (timestamps 4023-4046)
I/cr_LibraryLoader( 9699): Expected native library version number "51.0.2704.90", actual native library version number "51.0.2704.90"
V/WebViewChromiumFactoryProvider( 9699): Binding Chromium to main looper Looper (main, tid 1) {cc8b0e7}
I/cr_LibraryLoader( 9699): Expected native library version number "51.0.2704.90", actual native library version number "51.0.2704.90"
