<![CDATA[
]]><xtc-scenario name="[0-1062]CareerBuilder_Search.DroidFeatureTests.MyCBNavigationTests.DoneFromAfterApplySavesPlaceInJRP" id="[0-1062]CareerBuilder_Search.DroidFeatureTests.MyCBNavigationTests.DoneFromAfterApplySavesPlaceInJRP"><![CDATA[

]]><xtc-step name="[0-1062]CareerBuilder_Search.DroidFeatureTests.MyCBNavigationTests.DoneFromAfterApplySavesPlaceInJRP-DoneFromAfterApplySavesPlaceInJRP" id="[0-1062]CareerBuilder_Search.DroidFeatureTests.MyCBNavigationTests.DoneFromAfterApplySavesPlaceInJRP-DoneFromAfterApplySavesPlaceInJRP"><![CDATA[
D/AndroidRuntime( 8092): >>>>>> START com.android.internal.os.RuntimeInit uid 2000 <<<<<<
D/AndroidRuntime( 8092): CheckJNI is OFF
D/ICU     ( 8092): No timezone override file found: /data/misc/zoneinfo/current/icu/icu_tzdata.dat
I/Radio-JNI( 8092): register_android_hardware_Radio DONE
D/AndroidRuntime( 8092): Calling main entry com.android.commands.pm.Pm
I/art     ( 8092): System.exit called, status: 0
I/AndroidRuntime( 8092): VM exiting with result code 0.
W/MessageQueue( 8092): Handler (android.os.Handler) {d2ede8a} sending message to a Handler on a dead thread
W/MessageQueue( 8092): java.lang.IllegalStateException: Handler (android.os.Handler) {d2ede8a} sending message to a Handler on a dead thread
W/MessageQueue( 8092): 	at android.os.MessageQueue.enqueueMessage(MessageQueue.java:543)
W/MessageQueue( 8092): 	at android.os.Handler.enqueueMessage(Handler.java:643)
W/MessageQueue( 8092): 	at android.os.Handler.sendMessageAtTime(Handler.java:612)
W/MessageQueue( 8092): 	at android.os.Handler.sendMessageDelayed(Handler.java:582)
W/MessageQueue( 8092): 	at android.os.Handler.post(Handler.java:338)
W/MessageQueue( 8092): 	at android.os.ResultReceiver$MyResultReceiver.send(ResultReceiver.java:57)
W/MessageQueue( 8092): 	at com.android.internal.os.IResultReceiver$Stub.onTransact(IResultReceiver.java:58)
W/MessageQueue( 8092): 	at android.os.Binder.execTransact(Binder.java:565)
--------- beginning of system
I/ActivityManager(  872): Killing 5759:com.android.defcontainer/u0a11 (adj 906): empty #17
I/ActivityManager(  872): Killing 6925:com.google.process.gapps/u0a56 (adj 906): empty #18
D/AndroidRuntime( 8249): >>>>>> START com.android.internal.os.RuntimeInit uid 2000 <<<<<<
D/AndroidRuntime( 8249): CheckJNI is OFF
D/ICU     ( 8249): No timezone override file found: /data/misc/zoneinfo/current/icu/icu_tzdata.dat
I/Radio-JNI( 8249): register_android_hardware_Radio DONE
D/AndroidRuntime( 8249): Calling main entry com.android.commands.am.Am
W/ActivityManager(  872): Invalid packageName: com.careerbuilder.SugarDrone
D/AndroidRuntime( 8249): Shutting down VM
I/ActivityManager(  872): Killing 5802:com.android.musicfx/u0a29 (adj 906): empty #17
I/ThermalEngine(  502): ACTION: Hotplugged OFF CPU[5]
I/ThermalEngine(  502): ACTION: Hotplugged OFF CPU[4]
D/AndroidRuntime( 8666): >>>>>> START com.android.internal.os.RuntimeInit uid 2000 <<<<<<
D/AndroidRuntime( 8666): CheckJNI is OFF
D/ICU     ( 8666): No timezone override file found: /data/misc/zoneinfo/current/icu/icu_tzdata.dat
I/Radio-JNI( 8666): register_android_hardware_Radio DONE
D/AndroidRuntime( 8666): Calling main entry com.android.commands.pm.Pm
I/        (  509): free_cache(71725114) avail 10844643328
I/rmt_storage(  395): rmt_storage_connect_cb: clnt_h=0xc conn_h=0x7b20e2a000
I/rmt_storage(  395): rmt_storage_rw_iovec_cb: /boot/modem_fs1: clnt_h=0xc: req_h=0xc msg_id=3: R/W request received
I/rmt_storage(  395): wakelock acquired: 1, error no: 42
I/rmt_storage(  395): rmt_storage_client_thread: /boot/modem_fs1: clnt_h=0xc Unblock worker thread (th_id: 528830559312)
I/rmt_storage(  395): rmt_storage_client_thread: /boot/modem_fs1: clnt_h=0xc: req_h=0xc msg_id=3: Bytes written = 1572864
I/rmt_storage(  395): rmt_storage_client_thread: /boot/modem_fs1: clnt_h=0xc: req_h=0xc msg_id=3: Send response: res=0 err=0
I/rmt_storage(  395): rmt_storage_client_thread: /boot/modem_fs1: clnt_h=0xc About to block rmt_storage client thread (th_id: 528830559312) wakelock released: 1, error no: 22
I/rmt_storage(  395): 
I/rmt_storage(  395): rmt_storage_disconnect_cb: clnt_h=0xc conn_h=0x7b20e2a000
I/ActivityManager(  872): Start proc 8716:com.android.defcontainer/u0a11 for service com.android.defcontainer/.DefaultContainerService
I/ActivityManager(  872): Start proc 8731:com.android.vending/u0a30 for broadcast com.android.vending/com.google.android.vending.verifier.PackageVerificationReceiver
W/System  ( 8731): ClassLoader referenced unknown path: /system/priv-app/Phonesky/lib/arm64
W/Finsky  ( 8731): [1] com.google.android.finsky.FinskyApp.i(1468): No account configured on this device.
W/Finsky  ( 8731): [1] com.google.android.finsky.FinskyApp.i(1468): No account configured on this device.
W/Finsky  ( 8731): [1] com.google.android.finsky.FinskyApp.i(1468): No account configured on this device.
W/Finsky  ( 8731): [1] com.google.android.finsky.FinskyApp.i(1468): No account configured on this device.
I/Finsky  ( 8731): [1] com.google.android.finsky.FinskyApp.onCreate(430): Initializing network with DFE https://android.clients.google.com/fdfe/
W/Finsky  ( 8731): [1] com.google.android.finsky.FinskyApp.i(1468): No account configured on this device.
W/Finsky  ( 8731): [1] com.google.android.finsky.FinskyApp.i(1468): No account configured on this device.
W/Finsky  ( 8731): [1] com.google.android.finsky.FinskyApp.i(1468): No account configured on this device.
W/Finsky  ( 8731): [1] com.google.android.finsky.FinskyApp.i(1468): No account configured on this device.
W/Finsky  ( 8731): [1] com.google.android.finsky.FinskyApp.i(1468): No account configured on this device.
W/Finsky  ( 8731): [1] com.google.android.finsky.FinskyApp.i(1468): No account configured on this device.
W/Finsky  ( 8731): [1] com.google.android.finsky.FinskyApp.i(1468): No account configured on this device.
W/Finsky  ( 8731): [1] com.google.android.finsky.FinskyApp.i(1468): No account configured on this device.
W/Finsky  ( 8731): [1] com.google.android.finsky.FinskyApp.i(1468): No account configured on this device.
I/Finsky  ( 8731): [1] com.google.android.finsky.services.DailyHygiene.a(171): No need to run daily hygiene.
W/Finsky  ( 8731): [1] com.google.android.finsky.FinskyApp.i(1468): No account configured on this device.
W/Settings( 8731): Setting download_manager_max_bytes_over_mobile has moved from android.provider.Settings.Secure to android.provider.Settings.Global.
W/Settings( 8731): Setting download_manager_recommended_max_bytes_over_mobile has moved from android.provider.Settings.Secure to android.provider.Settings.Global.
W/Finsky  ( 8731): [1] com.google.android.finsky.FinskyApp.i(1468): No account configured on this device.
W/Finsky  ( 8731): [1] com.google.android.finsky.FinskyApp.i(1468): No account configured on this device.
W/Finsky  ( 8731): [1] com.google.android.finsky.FinskyApp.i(1468): No account configured on this device.
W/Finsky  ( 8731): [1] com.google.android.finsky.FinskyApp.i(1468): No account configured on this device.
W/Finsky  ( 8731): [1] com.google.android.finsky.FinskyApp.i(1468): No account configured on this device.
W/Finsky  ( 8731): [1] com.google.android.finsky.FinskyApp.b(1150): No account configured on this device.
W/Finsky  ( 8731): [1] com.google.android.finsky.FinskyApp.i(1468): No account configured on this device.
I/Finsky  ( 8731): [1] com.google.android.vending.verifier.PackageVerificationReceiver.onReceive(2107): Skipping verification. Disabled by user setting
W/Finsky  ( 8731): [373] com.google.android.finsky.FinskyApp.i(1468): No account configured on this device.
I/ActivityManager(  872): Killing 5820:com.google.android.apps.docs/u0a52 (adj 906): empty #17
I/Finsky  ( 8731): [1] com.google.android.finsky.receivers.j.a(1226): Installer kick - no action, not running yet
I/Finsky  ( 8731): [1] com.google.android.finsky.c.l.a(270): result=false type=4
I/Finsky  ( 8731): [1] com.google.android.finsky.services.bc.a(1050): Restore complete with 0 success and 0 failed.
I/PackageManager.DexOptimizer(  872): Running dexopt (dex2oat) on: /data/app/vmdl1405967706.tmp/base.apk pkg=com.careerbuilder.SugarDrone isa=arm vmSafeMode=false debuggable=true target-filter=interpret-only oatDir = /data/app/vmdl1405967706.tmp/oat sharedLibraries=null
W/Finsky  ( 8731): [373] com.google.android.finsky.FinskyApp.i(1468): No account configured on this device.
I/dex2oat ( 8783): /system/bin/dex2oat --compiler-filter=interpret-only -j4 --debuggable
W/dex2oat ( 8783): Before Android 4.1, method android.graphics.PorterDuffColorFilter android.support.graphics.drawable.VectorDrawableCompat.updateTintFilter(android.graphics.PorterDuffColorFilter, android.content.res.ColorStateList, android.graphics.PorterDuff$Mode) would have incorrectly overridden the package-private method in android.graphics.drawable.Drawable
W/dex2oat ( 8783): Before Android 4.1, method int android.support.v7.widget.ListViewCompat.lookForSelectablePosition(int, boolean) would have incorrectly overridden the package-private method in android.widget.ListView
I/dex2oat ( 8783): dex2oat took 1.923s (threads: 4) arena alloc=31KB (32712B) java alloc=4MB (5065496B) native alloc=6MB (7300456B) free=2MB (2661016B)
W/PackageManager(  872): Not granting permission android.permission.MANAGE_DOCUMENTS to package com.careerbuilder.SugarDrone (protectionLevel=2 flags=0x3808be46)
W/PackageManager(  872): Not granting permission android.permission.MOUNT_UNMOUNT_FILESYSTEMS to package com.careerbuilder.SugarDrone (protectionLevel=18 flags=0x3808be46)
V/BackupManagerService(  872): restoreAtInstall pkg=com.careerbuilder.SugarDrone token=5 restoreSet=0
V/BackupManagerService(  872): Finishing install immediately
I/ActivityManager(  872): Killing 5872:com.google.android.partnersetup/u0a25 (adj 906): empty #17
I/art     (  872): Starting a blocking GC Explicit
I/art     (  872): Explicit concurrent mark sweep GC freed 105296(6MB) AllocSpace objects, 18(952KB) LOS objects, 33% free, 16MB/24MB, paused 1.641ms total 105.850ms
E/        (  509): Couldn't opendir /data/app/vmdl1405967706.tmp: No such file or directory
I/ActivityManager(  872): Start proc 8827:com.android.musicfx/u0a29 for broadcast com.android.musicfx/.Compatibility$Receiver
W/ActivityManager(  872): Permission Denial: Accessing service ComponentInfo{com.google.android.music/com.google.android.music.dial.DialMediaRouteProviderService} from pid=5369, uid=10085 that is not exported from uid 10071
I/InputReader(  872): Reconfiguring input devices.  changes=0x00000010
I/art     ( 8666): System.exit called, status: 0
I/AndroidRuntime( 8666): VM exiting with result code 0.
D/CarrierSvcBindHelper( 3265): No carrier app for: 0
D/CarrierConfigLoader( 3265): mHandler: 9 phoneId: 0
D/RegisteredNfcFServicesCache( 4181): Service unchanged, not updating
W/System  ( 8827): ClassLoader referenced unknown path: /system/priv-app/MusicFX/lib/arm64
I/Finsky  ( 8731): [1] com.google.android.finsky.utils.PermissionPolicies$PermissionPolicyService.onStartCommand(117): post-install permissions check for com.careerbuilder.SugarDrone
W/Finsky  ( 8731): [1] com.google.android.finsky.FinskyApp.i(1468): No account configured on this device.
I/ActivityManager(  872): Start proc 8845:com.google.android.apps.docs/u0a52 for broadcast com.google.android.apps.docs/.receivers.AppPackageAddRemoveReceiver
I/Finsky  ( 8731): [1] com.google.android.finsky.utils.bh.run(2302): Package state data is missing for com.careerbuilder.SugarDrone
W/Finsky  ( 8731): [1] com.google.android.finsky.FinskyApp.i(1468): No account configured on this device.
I/ActivityManager(  872): Killing 6485:com.google.android.apps.gcs/u0a17 (adj 906): empty #17
W/System  ( 8845): ClassLoader referenced unknown path: /system/app/Drive/lib/arm64
I/GAv4    ( 8845): Google Analytics 8.4.87 is starting up. To enable debug logging on a device run:
I/GAv4    ( 8845):   adb shell setprop log.tag.GAv4 DEBUG
I/GAv4    ( 8845):   adb logcat -s GAv4
W/GAv4    ( 8845): AnalyticsReceiver is not registered or is disabled. Register the receiver for reliable dispatching on non-Google Play devices. See http://goo.gl/8Rd3yj for instructions.
W/GAv4    ( 8845): CampaignTrackingReceiver is not registered, not exported or is disabled. Installation campaign tracking is not possible. See http://goo.gl/8Rd3yj for instructions.
W/GAv4    ( 8845): AnalyticsService not registered in the app manifest. Hits might not be delivered reliably. See http://goo.gl/8Rd3yj for instructions.
I/ActivityManager(  872): Killing 7467:com.google.android.gms.unstable/u0a18 (adj 906): empty #17
I/ActivityManager(  872): Start proc 8894:com.google.android.partnersetup/u0a25 for broadcast com.google.android.partnersetup/.RlzPingBroadcastReceiver
I/UpdateIcingCorporaServi( 4290): Updating corpora: APPS=com.careerbuilder.SugarDrone, CONTACTS=MAYBE
D/Wear_Controller( 4452): Received broadcast action=android.intent.action.PACKAGE_ADDED and uri=com.careerbuilder.SugarDrone
W/System  ( 8894): ClassLoader referenced unknown path: /system/priv-app/GooglePartnerSetup/lib/arm64
I/PeopleContactsSync( 4452): triggerPendingContactsCleanup: no accounts
W/IcingInternalCorpora( 4452): getNumBytesRead when not calculated.
D/AndroidRuntime( 8869): >>>>>> START com.android.internal.os.RuntimeInit uid 2000 <<<<<<
D/AndroidRuntime( 8869): CheckJNI is OFF
I/Icing   ( 4452): Usage reports 0 indexed 0 rejected 0 imm upload true
I/UpdateIcingCorporaServi( 4290): UpdateCorporaTask done [took 345 ms] updated apps [took 345 ms] 
D/ICU     ( 8869): No timezone override file found: /data/misc/zoneinfo/current/icu/icu_tzdata.dat
I/Icing   ( 4452): Usage reports 0 indexed 0 rejected 0 imm upload false
I/Icing   ( 4452): Usage reports 0 indexed 0 rejected 0 imm upload false
I/Radio-JNI( 8869): register_android_hardware_Radio DONE
D/AndroidRuntime( 8869): Calling main entry com.android.commands.settings.SettingsCmd
D/AndroidRuntime( 8869): Shutting down VM
D/AndroidRuntime( 8934): >>>>>> START com.android.internal.os.RuntimeInit uid 2000 <<<<<<
D/AndroidRuntime( 8934): CheckJNI is OFF
D/ICU     ( 8934): No timezone override file found: /data/misc/zoneinfo/current/icu/icu_tzdata.dat
I/Radio-JNI( 8934): register_android_hardware_Radio DONE
D/AndroidRuntime( 8934): Calling main entry com.android.commands.settings.SettingsCmd
D/AndroidRuntime( 8934): Shutting down VM
I/Icing   ( 4452): Indexing 9DCF3645595342548DD84D636A590C4D536A835D from com.google.android.googlequicksearchbox
I/Icing   ( 4452): Indexing done 9DCF3645595342548DD84D636A590C4D536A835D
I/Icing   ( 4452): Indexing A2F718106598400F6D2BFCAAC5AAD1AFFDB81829 from com.google.android.gms
I/Icing   ( 4452): Indexing done A2F718106598400F6D2BFCAAC5AAD1AFFDB81829
D/AndroidRuntime( 8963): >>>>>> START com.android.internal.os.RuntimeInit uid 2000 <<<<<<
D/AndroidRuntime( 8963): CheckJNI is OFF
D/ICU     ( 8963): No timezone override file found: /data/misc/zoneinfo/current/icu/icu_tzdata.dat
I/Radio-JNI( 8963): register_android_hardware_Radio DONE
D/AndroidRuntime( 8963): Calling main entry com.android.commands.settings.SettingsCmd
D/AndroidRuntime( 8963): Shutting down VM
D/AndroidRuntime( 8989): >>>>>> START com.android.internal.os.RuntimeInit uid 2000 <<<<<<
D/AndroidRuntime( 8989): CheckJNI is OFF
D/ICU     ( 8989): No timezone override file found: /data/misc/zoneinfo/current/icu/icu_tzdata.dat
I/Radio-JNI( 8989): register_android_hardware_Radio DONE
D/AndroidRuntime( 8989): Calling main entry com.android.commands.settings.SettingsCmd
D/AndroidRuntime( 8989): Shutting down VM
D/AndroidRuntime( 9013): >>>>>> START com.android.internal.os.RuntimeInit uid 2000 <<<<<<
D/AndroidRuntime( 9013): CheckJNI is OFF
D/ICU     ( 9013): No timezone override file found: /data/misc/zoneinfo/current/icu/icu_tzdata.dat
I/Radio-JNI( 9013): register_android_hardware_Radio DONE
D/AndroidRuntime( 9013): Calling main entry com.android.commands.settings.SettingsCmd
D/AndroidRuntime( 9013): Shutting down VM
D/AndroidRuntime( 9043): >>>>>> START com.android.internal.os.RuntimeInit uid 2000 <<<<<<
D/AndroidRuntime( 9043): CheckJNI is OFF
D/ICU     ( 9043): No timezone override file found: /data/misc/zoneinfo/current/icu/icu_tzdata.dat
I/Radio-JNI( 9043): register_android_hardware_Radio DONE
D/AndroidRuntime( 9043): Calling main entry com.android.commands.pm.Pm
W/MessageQueue( 9043): Handler (android.os.Handler) {ce74906} sending message to a Handler on a dead thread
W/MessageQueue( 9043): java.lang.IllegalStateException: Handler (android.os.Handler) {ce74906} sending message to a Handler on a dead thread
W/MessageQueue( 9043): 	at android.os.MessageQueue.enqueueMessage(MessageQueue.java:543)
W/MessageQueue( 9043): 	at android.os.Handler.enqueueMessage(Handler.java:643)
W/MessageQueue( 9043): 	at android.os.Handler.sendMessageAtTime(Handler.java:612)
W/MessageQueue( 9043): 	at android.os.Handler.sendMessageDelayed(Handler.java:582)
W/MessageQueue( 9043): 	at android.os.Handler.post(Handler.java:338)
W/MessageQueue( 9043): 	at android.os.ResultReceiver$MyResultReceiver.send(ResultReceiver.java:57)
W/MessageQueue( 9043): 	at com.android.internal.os.IResultReceiver$Stub.onTransact(IResultReceiver.java:58)
W/MessageQueue( 9043): 	at android.os.Binder.execTransact(Binder.java:565)
I/art     ( 9043): System.exit called, status: 0
I/AndroidRuntime( 9043): VM exiting with result code 0.
D/AndroidRuntime( 9100): >>>>>> START com.android.internal.os.RuntimeInit uid 2000 <<<<<<
D/AndroidRuntime( 9100): CheckJNI is OFF
D/ICU     ( 9100): No timezone override file found: /data/misc/zoneinfo/current/icu/icu_tzdata.dat
I/Radio-JNI( 9100): register_android_hardware_Radio DONE
D/AndroidRuntime( 9100): Calling main entry com.android.commands.pm.Pm
I/art     ( 9100): System.exit called, status: 0
I/AndroidRuntime( 9100): VM exiting with result code 0.
W/MessageQueue( 9100): Handler (android.os.Handler) {429d980} sending message to a Handler on a dead thread
W/MessageQueue( 9100): java.lang.IllegalStateException: Handler (android.os.Handler) {429d980} sending message to a Handler on a dead thread
W/MessageQueue( 9100): 	at android.os.MessageQueue.enqueueMessage(MessageQueue.java:543)
W/MessageQueue( 9100): 	at android.os.Handler.enqueueMessage(Handler.java:643)
W/MessageQueue( 9100): 	at android.os.Handler.sendMessageAtTime(Handler.java:612)
W/MessageQueue( 9100): 	at android.os.Handler.sendMessageDelayed(Handler.java:582)
W/MessageQueue( 9100): 	at android.os.Handler.post(Handler.java:338)
W/MessageQueue( 9100): 	at android.os.ResultReceiver$MyResultReceiver.send(ResultReceiver.java:57)
W/MessageQueue( 9100): 	at com.android.internal.os.IResultReceiver$Stub.onTransact(IResultReceiver.java:58)
W/MessageQueue( 9100): 	at android.os.Binder.execTransact(Binder.java:565)
D/AndroidRuntime( 9181): >>>>>> START com.android.internal.os.RuntimeInit uid 2000 <<<<<<
D/AndroidRuntime( 9181): CheckJNI is OFF
D/ICU     ( 9181): No timezone override file found: /data/misc/zoneinfo/current/icu/icu_tzdata.dat
I/Radio-JNI( 9181): register_android_hardware_Radio DONE
D/AndroidRuntime( 9181): Calling main entry com.android.commands.am.Am
W/ActivityManager(  872): Invalid packageName: com.careerbuilder.SugarDrone.test
D/AndroidRuntime( 9181): Shutting down VM
D/AndroidRuntime( 9213): >>>>>> START com.android.internal.os.RuntimeInit uid 2000 <<<<<<
D/AndroidRuntime( 9213): CheckJNI is OFF
D/ICU     ( 9213): No timezone override file found: /data/misc/zoneinfo/current/icu/icu_tzdata.dat
I/Radio-JNI( 9213): register_android_hardware_Radio DONE
D/AndroidRuntime( 9213): Calling main entry com.android.commands.pm.Pm
I/        (  509): free_cache(609973) avail 10832777216
I/Finsky  ( 8731): [1] com.google.android.vending.verifier.PackageVerificationReceiver.onReceive(2107): Skipping verification. Disabled by user setting
I/PackageManager.DexOptimizer(  872): Running dexopt (dex2oat) on: /data/app/vmdl919882945.tmp/base.apk pkg=com.careerbuilder.SugarDrone.test isa=arm64 vmSafeMode=false debuggable=false target-filter=interpret-only oatDir = /data/app/vmdl919882945.tmp/oat sharedLibraries=/system/framework/android.test.runner.jar:/system/framework/com.google.android.maps.jar
I/dex2oat ( 9241): /system/bin/dex2oat --compiler-filter=interpret-only -j4
I/dex2oat ( 9241): dex2oat took 636.954ms (threads: 4) arena alloc=184KB (188680B) java alloc=2MB (2266000B) native alloc=2MB (2697136B) free=2MB (2545744B)
W/PackageManager(  872): Not granting permission android.permission.ACCESS_MOCK_LOCATION to package com.careerbuilder.SugarDrone.test (protectionLevel=2 flags=0x1800be44)
V/BackupManagerService(  872): restoreAtInstall pkg=com.careerbuilder.SugarDrone.test token=6 restoreSet=0
V/BackupManagerService(  872): Finishing install immediately
I/art     (  872): Starting a blocking GC Explicit
I/art     (  872): Explicit concurrent mark sweep GC freed 66253(4MB) AllocSpace objects, 63(3MB) LOS objects, 33% free, 16MB/24MB, paused 1.836ms total 104.210ms
E/        (  509): Couldn't opendir /data/app/vmdl919882945.tmp: No such file or directory
W/ActivityManager(  872): Permission Denial: Accessing service ComponentInfo{com.google.android.music/com.google.android.music.dial.DialMediaRouteProviderService} from pid=5369, uid=10085 that is not exported from uid 10071
I/art     ( 9213): System.exit called, status: 0
I/AndroidRuntime( 9213): VM exiting with result code 0.
I/InputReader(  872): Reconfiguring input devices.  changes=0x00000010
D/RegisteredNfcFServicesCache( 4181): Service unchanged, not updating
D/CarrierSvcBindHelper( 3265): No carrier app for: 0
D/CarrierConfigLoader( 3265): mHandler: 9 phoneId: 0
I/Finsky  ( 8731): [1] com.google.android.finsky.utils.PermissionPolicies$PermissionPolicyService.onStartCommand(117): post-install permissions check for com.careerbuilder.SugarDrone.test
W/Finsky  ( 8731): [1] com.google.android.finsky.FinskyApp.i(1468): No account configured on this device.
I/Finsky  ( 8731): [1] com.google.android.finsky.utils.bh.run(2302): Package state data is missing for com.careerbuilder.SugarDrone.test
W/Finsky  ( 8731): [1] com.google.android.finsky.FinskyApp.i(1468): No account configured on this device.
I/UpdateIcingCorporaServi( 4290): Updating corpora: APPS=com.careerbuilder.SugarDrone.test, CONTACTS=MAYBE
I/UpdateIcingCorporaServi( 4290): UpdateCorporaTask done [took 33 ms] updated apps [took 33 ms] 
D/Wear_Controller( 4452): Received broadcast action=android.intent.action.PACKAGE_ADDED and uri=com.careerbuilder.SugarDrone.test
I/PeopleContactsSync( 4452): triggerPendingContactsCleanup: no accounts
W/IcingInternalCorpora( 4452): getNumBytesRead when not calculated.
V/JNIHelp ( 8845): Registering com/google/android/gms/org/conscrypt/NativeCrypto's 242 native methods...
I/Icing   ( 4452): Usage reports 0 indexed 0 rejected 0 imm upload false
I/Icing   ( 4452): Usage reports 0 indexed 0 rejected 0 imm upload false
D/NetworkSecurityConfig( 8845): No Network Security Config specified, using platform default
I/ProviderInstaller( 8845): Installed default security provider GmsCore_OpenSSL
D/AndroidRuntime( 9287): >>>>>> START com.android.internal.os.RuntimeInit uid 2000 <<<<<<
D/AndroidRuntime( 9287): CheckJNI is OFF
D/ICU     ( 9287): No timezone override file found: /data/misc/zoneinfo/current/icu/icu_tzdata.dat
I/Radio-JNI( 9287): register_android_hardware_Radio DONE
D/AndroidRuntime( 9287): Calling main entry com.android.commands.settings.SettingsCmd
D/AndroidRuntime( 9287): Shutting down VM
I/Icing   ( 4452): Indexing A2F718106598400F6D2BFCAAC5AAD1AFFDB81829 from com.google.android.gms
I/Icing   ( 4452): Indexing done A2F718106598400F6D2BFCAAC5AAD1AFFDB81829
D/AndroidRuntime( 9317): >>>>>> START com.android.internal.os.RuntimeInit uid 2000 <<<<<<
D/AndroidRuntime( 9317): CheckJNI is OFF
D/ICU     ( 9317): No timezone override file found: /data/misc/zoneinfo/current/icu/icu_tzdata.dat
I/Radio-JNI( 9317): register_android_hardware_Radio DONE
D/AndroidRuntime( 9317): Calling main entry com.android.commands.settings.SettingsCmd
D/AndroidRuntime( 9317): Shutting down VM
D/AndroidRuntime( 9344): >>>>>> START com.android.internal.os.RuntimeInit uid 2000 <<<<<<
D/AndroidRuntime( 9344): CheckJNI is OFF
D/ICU     ( 9344): No timezone override file found: /data/misc/zoneinfo/current/icu/icu_tzdata.dat
I/Radio-JNI( 9344): register_android_hardware_Radio DONE
D/AndroidRuntime( 9344): Calling main entry com.android.commands.settings.SettingsCmd
D/AndroidRuntime( 9344): Shutting down VM
D/AndroidRuntime( 9371): >>>>>> START com.android.internal.os.RuntimeInit uid 2000 <<<<<<
D/AndroidRuntime( 9371): CheckJNI is OFF
D/ICU     ( 9371): No timezone override file found: /data/misc/zoneinfo/current/icu/icu_tzdata.dat
I/Radio-JNI( 9371): register_android_hardware_Radio DONE
D/AndroidRuntime( 9371): Calling main entry com.android.commands.settings.SettingsCmd
D/AndroidRuntime( 9371): Shutting down VM
D/AndroidRuntime( 9397): >>>>>> START com.android.internal.os.RuntimeInit uid 2000 <<<<<<
D/AndroidRuntime( 9397): CheckJNI is OFF
D/ICU     ( 9397): No timezone override file found: /data/misc/zoneinfo/current/icu/icu_tzdata.dat
I/Radio-JNI( 9397): register_android_hardware_Radio DONE
D/AndroidRuntime( 9397): Calling main entry com.android.commands.settings.SettingsCmd
D/AndroidRuntime( 9397): Shutting down VM
D/AndroidRuntime( 9428): >>>>>> START com.android.internal.os.RuntimeInit uid 2000 <<<<<<
D/AndroidRuntime( 9428): CheckJNI is OFF
D/ICU     ( 9428): No timezone override file found: /data/misc/zoneinfo/current/icu/icu_tzdata.dat
I/Radio-JNI( 9428): register_android_hardware_Radio DONE
D/AndroidRuntime( 9428): Calling main entry com.android.commands.pm.Pm
I/art     ( 9428): System.exit called, status: 0
W/MessageQueue( 9428): Handler (android.os.Handler) {417f41f} sending message to a Handler on a dead thread
W/MessageQueue( 9428): java.lang.IllegalStateException: Handler (android.os.Handler) {417f41f} sending message to a Handler on a dead thread
W/MessageQueue( 9428): 	at android.os.MessageQueue.enqueueMessage(MessageQueue.java:543)
W/MessageQueue( 9428): 	at android.os.Handler.enqueueMessage(Handler.java:643)
W/MessageQueue( 9428): 	at android.os.Handler.sendMessageAtTime(Handler.java:612)
W/MessageQueue( 9428): 	at android.os.Handler.sendMessageDelayed(Handler.java:582)
W/MessageQueue( 9428): 	at android.os.Handler.post(Handler.java:338)
W/MessageQueue( 9428): 	at android.os.ResultReceiver$MyResultReceiver.send(ResultReceiver.java:57)
W/MessageQueue( 9428): 	at com.android.internal.os.IResultReceiver$Stub.onTransact(IResultReceiver.java:58)
W/MessageQueue( 9428): 	at android.os.Binder.execTransact(Binder.java:565)
I/AndroidRuntime( 9428): VM exiting with result code 0.
D/AndroidRuntime( 9482): >>>>>> START com.android.internal.os.RuntimeInit uid 2000 <<<<<<
D/AndroidRuntime( 9482): CheckJNI is OFF
D/ICU     ( 9482): No timezone override file found: /data/misc/zoneinfo/current/icu/icu_tzdata.dat
I/Radio-JNI( 9482): register_android_hardware_Radio DONE
D/AndroidRuntime( 9482): Calling main entry com.android.commands.pm.Pm
W/MessageQueue( 9482): Handler (android.os.Handler) {b5a8499} sending message to a Handler on a dead thread
W/MessageQueue( 9482): java.lang.IllegalStateException: Handler (android.os.Handler) {b5a8499} sending message to a Handler on a dead thread
W/MessageQueue( 9482): 	at android.os.MessageQueue.enqueueMessage(MessageQueue.java:543)
W/MessageQueue( 9482): 	at android.os.Handler.enqueueMessage(Handler.java:643)
W/MessageQueue( 9482): 	at android.os.Handler.sendMessageAtTime(Handler.java:612)
W/MessageQueue( 9482): 	at android.os.Handler.sendMessageDelayed(Handler.java:582)
W/MessageQueue( 9482): 	at android.os.Handler.post(Handler.java:338)
W/MessageQueue( 9482): 	at android.os.ResultReceiver$MyResultReceiver.send(ResultReceiver.java:57)
W/MessageQueue( 9482): 	at com.android.internal.os.IResultReceiver$Stub.onTransact(IResultReceiver.java:58)
W/MessageQueue( 9482): 	at android.os.Binder.execTransact(Binder.java:565)
I/art     ( 9482): System.exit called, status: 0
I/AndroidRuntime( 9482): VM exiting with result code 0.
D/AndroidRuntime( 9557): >>>>>> START com.android.internal.os.RuntimeInit uid 2000 <<<<<<
D/AndroidRuntime( 9557): CheckJNI is OFF
D/ICU     ( 9557): No timezone override file found: /data/misc/zoneinfo/current/icu/icu_tzdata.dat
I/Radio-JNI( 9557): register_android_hardware_Radio DONE
D/AndroidRuntime( 9557): Calling main entry com.android.commands.input.Input
I/Input   ( 9557): injectKeyEvent: KeyEvent { action=ACTION_DOWN, keyCode=KEYCODE_BACK, scanCode=0, metaState=0, flags=0x0, repeatCount=0, eventTime=266672, downTime=266672, deviceId=-1, source=0x101 }
I/Input   ( 9557): injectKeyEvent: KeyEvent { action=ACTION_UP, keyCode=KEYCODE_BACK, scanCode=0, metaState=0, flags=0x0, repeatCount=0, eventTime=266672, downTime=266672, deviceId=-1, source=0x101 }
D/AndroidRuntime( 9557): Shutting down VM
D/AndroidRuntime( 9615): >>>>>> START com.android.internal.os.RuntimeInit uid 2000 <<<<<<
D/AndroidRuntime( 9615): CheckJNI is OFF
D/ICU     ( 9615): No timezone override file found: /data/misc/zoneinfo/current/icu/icu_tzdata.dat
I/Radio-JNI( 9615): register_android_hardware_Radio DONE
D/AndroidRuntime( 9615): Calling main entry com.android.commands.input.Input
I/Input   ( 9615): injectKeyEvent: KeyEvent { action=ACTION_DOWN, keyCode=KEYCODE_HOME, scanCode=0, metaState=0, flags=0x0, repeatCount=0, eventTime=268499, downTime=268499, deviceId=-1, source=0x101 }
I/Input   ( 9615): injectKeyEvent: KeyEvent { action=ACTION_UP, keyCode=KEYCODE_HOME, scanCode=0, metaState=0, flags=0x0, repeatCount=0, eventTime=268499, downTime=268499, deviceId=-1, source=0x101 }
I/ActivityManager(  872): START u0 {act=android.intent.action.MAIN cat=[android.intent.category.HOME] flg=0x10200000 cmp=com.google.android.googlequicksearchbox/com.google.android.launcher.GEL (has extras)} from uid 1000 on display 0
W/SearchService( 4290): Abort, client detached.
I/GEL     ( 4224): handleIntent(Intent { act=android.intent.action.MAIN cat=[android.intent.category.HOME] flg=0x10200000 cmp=com.google.android.googlequicksearchbox/com.google.android.launcher.GEL (has extras) })
I/DeviceStateChecker( 4290): DeviceStateChecker cancelled
D/AndroidRuntime( 9615): Shutting down VM
I/MicroDetector( 4290): Keeping mic open: false
I/MicrophoneInputStream( 4290): mic_close com.google.android.apps.gsa.speech.audio.ah@694761e
E/AudioRecord-JNI( 4290): Error -4 during AudioRecord native read
D/sound_trigger_platform(  506): platform_stdev_check_and_update_concurrency: concurrency active 0, tx 0, rx 0, concurrency session_allowed 1
I/SoundTriggerHwService::Module(  506): void android::SoundTriggerHwService::Module::onCallbackEvent(const sp<android::SoundTriggerHwService::CallbackEvent> &) mClient == 0
I/MicroRecognitionRunner( 4290): Detection finished
I/MicroRecognitionRunner( 4290): Stopping hotword detection.
W/LocationOracle( 4290): Best location was null
I/MicroDetectionWorker( 4290): Micro detection mode: [mDetectionMode: [1]].
I/MicroRecognitionRunner( 4290): Starting detection.
I/MicrophoneInputStream( 4290): mic_starting com.google.android.apps.gsa.speech.audio.ah@9a088df
I/AudioFlinger(  506): AudioFlinger's thread 0xed283ec0 ready to run
I/SoundTriggerHwService::Module(  506): void android::SoundTriggerHwService::Module::onCallbackEvent(const sp<android::SoundTriggerHwService::CallbackEvent> &) mClient == 0
I/MicrophoneInputStream( 4290): mic_started com.google.android.apps.gsa.speech.audio.ah@9a088df
E/audio_route(  506): unable to find path 'set-capture-format-default'
D/sound_trigger_platform(  506): platform_stdev_check_and_update_concurrency: concurrency active 0, tx 1, rx 0, concurrency session_allowed 0
I/MicroDetectionWorker( 4290): onReady
D/AndroidRuntime( 9655): >>>>>> START com.android.internal.os.RuntimeInit uid 2000 <<<<<<
D/AndroidRuntime( 9655): CheckJNI is OFF
D/ICU     ( 9655): No timezone override file found: /data/misc/zoneinfo/current/icu/icu_tzdata.dat
I/Radio-JNI( 9655): register_android_hardware_Radio DONE
D/AndroidRuntime( 9655): Calling main entry com.android.commands.input.Input
I/Input   ( 9655): injectKeyEvent: KeyEvent { action=ACTION_DOWN, keyCode=KEYCODE_BACK, scanCode=0, metaState=0, flags=0x0, repeatCount=0, eventTime=269900, downTime=269900, deviceId=-1, source=0x101 }
I/Input   ( 9655): injectKeyEvent: KeyEvent { action=ACTION_UP, keyCode=KEYCODE_BACK, scanCode=0, metaState=0, flags=0x0, repeatCount=0, eventTime=269900, downTime=269900, deviceId=-1, source=0x101 }
D/AndroidRuntime( 9655): Shutting down VM
D/AndroidRuntime( 9697): >>>>>> START com.android.internal.os.RuntimeInit uid 2000 <<<<<<
D/AndroidRuntime( 9697): CheckJNI is OFF
D/ICU     ( 9697): No timezone override file found: /data/misc/zoneinfo/current/icu/icu_tzdata.dat
I/Radio-JNI( 9697): register_android_hardware_Radio DONE
D/AndroidRuntime( 9697): Calling main entry com.android.commands.am.Am
I/ActivityManager(  872): Force stopping com.careerbuilder.SugarDrone appid=19728 user=0: start instr
I/art     ( 9721): Late-enabling -Xcheck:jni
I/ActivityManager(  872): Start proc 9721:com.careerbuilder.SugarDrone/u0a9728 for added application com.careerbuilder.SugarDrone
W/System  ( 9721): ClassLoader referenced unknown path: /data/app/com.careerbuilder.SugarDrone.test-1/lib/arm64
W/System  ( 9721): ClassLoader referenced unknown path: 
W/monodroid( 9721): Using override path: /data/user/0/com.careerbuilder.SugarDrone/files/.__override__
W/monodroid( 9721): Trying to load sgen from: /data/user/0/com.careerbuilder.SugarDrone/files/.__override__/libmonosgen-2.0.so
W/monodroid( 9721): Trying to load sgen from: /storage/emulated/0/Android/data/com.careerbuilder.SugarDrone/files/.__override__/libmonosgen-2.0.so
W/monodroid( 9721): Trying to load sgen from: /data/app/com.careerbuilder.SugarDrone-1/lib/arm/libmonosgen-2.0.so
D/Mono    ( 9721): Image addref mscorlib[0xe9004da0] -> mscorlib.dll[0xe905c400]: 2
D/Mono    ( 9721): Prepared to set up assembly 'mscorlib' (mscorlib.dll)
D/Mono    ( 9721): AOT module 'mscorlib.dll.so' not found: dlopen failed: library "/data/app/com.careerbuilder.SugarDrone-1/lib/arm/libaot-mscorlib.dll.so" not found
D/Mono    ( 9721): AOT module '/Users/builder/data/lanes/4009/3a62f1ea/source/monodroid/builds/install/mono-armv6/lib/mono/aot-cache/arm/mscorlib.dll.so' not found: dlopen failed: library "/data/app/com.careerbuilder.SugarDrone-1/lib/arm/libaot-mscorlib.dll.so" not found
D/Mono    ( 9721): Config attempting to parse: 'mscorlib.dll.config'.
D/Mono    ( 9721): Config attempting to parse: '/Users/builder/data/lanes/4009/3a62f1ea/source/monodroid/builds/install/mono-armv6/etc/mono/assemblies/mscorlib/mscorlib.config'.
D/Mono    ( 9721): Assembly mscorlib[0xe9004da0] added to domain RootDomain, ref_count=1
D/Mono    ( 9721): Image addref CareerBuilder_Search.Droid[0xe9004e60] -> CareerBuilder_Search.Droid.dll[0xe905d300]: 2
D/Mono    ( 9721): Prepared to set up assembly 'CareerBuilder_Search.Droid' (CareerBuilder_Search.Droid.dll)
D/Mono    ( 9721): Assembly CareerBuilder_Search.Droid[0xe9004e60] added to domain RootDomain, ref_count=1
D/Mono    ( 9721): AOT module 'CareerBuilder_Search.Droid.dll.so' not found: dlopen failed: library "/data/app/com.careerbuilder.SugarDrone-1/lib/arm/libaot-CareerBuilder_Search.Droid.dll.so" not found
D/Mono    ( 9721): AOT module '/Users/builder/data/lanes/4009/3a62f1ea/source/monodroid/builds/install/mono-armv6/lib/mono/aot-cache/arm/CareerBuilder_Search.Droid.dll.so' not found: dlopen failed: library "/data/app/com.careerbuilder.SugarDrone-1/lib/arm/libaot-CareerBuilder_Search.Droid.dll.so" not found
D/Mono    ( 9721): Config attempting to parse: 'CareerBuilder_Search.Droid.dll.config'.
D/Mono    ( 9721): Config attempting to parse: '/Users/builder/data/lanes/4009/3a62f1ea/source/monodroid/builds/install/mono-armv6/etc/mono/assemblies/CareerBuilder_Search.Droid/CareerBuilder_Search.Droid.config'.
D/Mono    ( 9721): Image addref AppsFlyerXamarinBindingAndroid[0xe9004fe0] -> AppsFlyerXamarinBindingAndroid.dll[0xe905d800]: 2
D/Mono    ( 9721): Prepared to set up assembly 'AppsFlyerXamarinBindingAndroid' (AppsFlyerXamarinBindingAndroid.dll)
D/Mono    ( 9721): Assembly AppsFlyerXamarinBindingAndroid[0xe9004fe0] added to domain RootDomain, ref_count=1
D/Mono    ( 9721): AOT module 'AppsFlyerXamarinBindingAndroid.dll.so' not found: dlopen failed: library "/data/app/com.careerbuilder.SugarDrone-1/lib/arm/libaot-AppsFlyerXamarinBindingAndroid.dll.so" not found
D/Mono    ( 9721): AOT module '/Users/builder/data/lanes/4009/3a62f1ea/source/monodroid/builds/install/mono-armv6/lib/mono/aot-cache/arm/AppsFlyerXamarinBindingAndroid.dll.so' not found: dlopen failed: library "/data/app/com.careerbuilder.SugarDrone-1/lib/arm/libaot-AppsFlyerXamarinBindingAndroid.dll.so" not found
D/Mono    ( 9721): Config attempting to parse: 'AppsFlyerXamarinBindingAndroid.dll.config'.
D/Mono    ( 9721): Config attempting to parse: '/Users/builder/data/lanes/4009/3a62f1ea/source/monodroid/builds/install/mono-armv6/etc/mono/assemblies/AppsFlyerXamarinBindingAndroid/AppsFlyerXamarinBindingAndroid.config'.
D/Mono    ( 9721): Image addref HockeySDK[0xe90050a0] -> HockeySDK.dll[0xe905dd00]: 2
D/Mono    ( 9721): Prepared to set up assembly 'HockeySDK' (HockeySDK.dll)
D/Mono    ( 9721): Assembly HockeySDK[0xe90050a0] added to domain RootDomain, ref_count=1
D/Mono    ( 9721): AOT module 'HockeySDK.dll.so' not found: dlopen failed: library "/data/app/com.careerbuilder.SugarDrone-1/lib/arm/libaot-HockeySDK.dll.so" not found
D/Mono    ( 9721): AOT module '/Users/builder/data/lanes/4009/3a62f1ea/source/monodroid/builds/install/mono-armv6/lib/mono/aot-cache/arm/HockeySDK.dll.so' not found: dlopen failed: library "/data/app/com.careerbuilder.SugarDrone-1/lib/arm/libaot-HockeySDK.dll.so" not found
D/Mono    ( 9721): Config attempting to parse: 'HockeySDK.dll.config'.
D/Mono    ( 9721): Config attempting to parse: '/Users/builder/data/lanes/4009/3a62f1ea/source/monodroid/builds/install/mono-armv6/etc/mono/assemblies/HockeySDK/HockeySDK.config'.
D/Mono    ( 9721): Image addref Akavache[0xe9005160] -> Akavache.dll[0xe905f600]: 2
D/Mono    ( 9721): Prepared to set up assembly 'Akavache' (Akavache.dll)
D/Mono    ( 9721): Assembly Akavache[0xe9005160] added to domain RootDomain, ref_count=1
D/Mono    ( 9721): AOT module 'Akavache.dll.so' not found: dlopen failed: library "/data/app/com.careerbuilder.SugarDrone-1/lib/arm/libaot-Akavache.dll.so" not found
D/Mono    ( 9721): AOT module '/Users/builder/data/lanes/4009/3a62f1ea/source/monodroid/builds/install/mono-armv6/lib/mono/aot-cache/arm/Akavache.dll.so' not found: dlopen failed: library "/data/app/com.careerbuilder.SugarDrone-1/lib/arm/libaot-Akavache.dll.so" not found
D/Mono    ( 9721): Config attempting to parse: 'Akavache.dll.config'.
D/Mono    ( 9721): Config attempting to parse: '/Users/builder/data/lanes/4009/3a62f1ea/source/monodroid/builds/install/mono-armv6/etc/mono/assemblies/Akavache/Akavache.config'.
D/Mono    ( 9721): Image addref Akavache.Sqlite3[0xe9005880] -> Akavache.Sqlite3.dll[0xe905fb00]: 2
D/Mono    ( 9721): Prepared to set up assembly 'Akavache.Sqlite3' (Akavache.Sqlite3.dll)
D/Mono    ( 9721): Assembly Akavache.Sqlite3[0xe9005880] added to domain RootDomain, ref_count=1
D/Mono    ( 9721): AOT module 'Akavache.Sqlite3.dll.so' not found: dlopen failed: library "/data/app/com.careerbuilder.SugarDrone-1/lib/arm/libaot-Akavache.Sqlite3.dll.so" not found
D/Mono    ( 9721): AOT module '/Users/builder/data/lanes/4009/3a62f1ea/source/monodroid/builds/install/mono-armv6/lib/mono/aot-cache/arm/Akavache.Sqlite3.dll.so' not found: dlopen failed: library "/data/app/com.careerbuilder.SugarDrone-1/lib/arm/libaot-Akavache.Sqlite3.dll.so" not found
W/        ( 9721): Symbol file LoadedFromMemory doesn't match image Akavache.Sqlite3.dll
D/Mono    ( 9721): Config attempting to parse: 'Akavache.Sqlite3.dll.config'.
D/Mono    ( 9721): Config attempting to parse: '/Users/builder/data/lanes/4009/3a62f1ea/source/monodroid/builds/install/mono-armv6/etc/mono/assemblies/Akavache.Sqlite3/Akavache.Sqlite3.config'.
D/Mono    ( 9721): Image addref Splat[0xe90059a0] -> Splat.dll[0xe6812000]: 2
D/Mono    ( 9721): Prepared to set up assembly 'Splat' (Splat.dll)
D/Mono    ( 9721): Assembly Splat[0xe90059a0] added to domain RootDomain, ref_count=1
D/Mono    ( 9721): AOT module 'Splat.dll.so' not found: dlopen failed: library "/data/app/com.careerbuilder.SugarDrone-1/lib/arm/libaot-Splat.dll.so" not found
D/Mono    ( 9721): AOT module '/Users/builder/data/lanes/4009/3a62f1ea/source/monodroid/builds/install/mono-armv6/lib/mono/aot-cache/arm/Splat.dll.so' not found: dlopen failed: library "/data/app/com.careerbuilder.SugarDrone-1/lib/arm/libaot-Splat.dll.so" not found
D/Mono    ( 9721): Config attempting to parse: 'Splat.dll.config'.
D/Mono    ( 9721): Config attempting to parse: '/Users/builder/data/lanes/4009/3a62f1ea/source/monodroid/builds/install/mono-armv6/etc/mono/assemblies/Splat/Splat.config'.
D/Mono    ( 9721): Image addref Microsoft.Practices.ServiceLocation[0xe9005a00] -> Microsoft.Practices.ServiceLocation.dll[0xe6812500]: 2
D/Mono    ( 9721): Prepared to set up assembly 'Microsoft.Practices.ServiceLocation' (Microsoft.Practices.ServiceLocation.dll)
D/Mono    ( 9721): Assembly Microsoft.Practices.ServiceLocation[0xe9005a00] added to domain RootDomain, ref_count=1
D/Mono    ( 9721): AOT module 'Microsoft.Practices.ServiceLocation.dll.so' not found: dlopen failed: library "/data/app/com.careerbuilder.SugarDrone-1/lib/arm/libaot-Microsoft.Practices.ServiceLocation.dll.so" not found
D/Mono    ( 9721): AOT module '/Users/builder/data/lanes/4009/3a62f1ea/source/monodroid/builds/install/mono-armv6/lib/mono/aot-cache/arm/Microsoft.Practices.ServiceLocation.dll.so' not found: dlopen failed: library "/data/app/com.careerbuilder.SugarDrone-1/lib/arm/libaot-Microsoft.Practices.ServiceLocation.dll.so" not found
D/Mono    ( 9721): Config attempting to parse: 'Microsoft.Practices.ServiceLocation.dll.config'.
D/Mono    ( 9721): Config attempting to parse: '/Users/builder/data/lanes/4009/3a62f1ea/source/monodroid/builds/install/mono-armv6/etc/mono/assemblies/Microsoft.Practices.ServiceLocation/Microsoft.Practices.ServiceLocation.config'.
D/Mono    ( 9721): Image addref Microsoft.Practices.Unity[0xe9073480] -> Microsoft.Practices.Unity.dll[0xe6812a00]: 2
D/Mono    ( 9721): Prepared to set up assembly 'Microsoft.Practices.Unity' (Microsoft.Practices.Unity.dll)
D/Mono    ( 9721): Assembly Microsoft.Practices.Unity[0xe9073480] added to domain RootDomain, ref_count=1
D/Mono    ( 9721): AOT module 'Microsoft.Practices.Unity.dll.so' not found: dlopen failed: library "/data/app/com.careerbuilder.SugarDrone-1/lib/arm/libaot-Microsoft.Practices.Unity.dll.so" not found
D/Mono    ( 9721): AOT module '/Users/builder/data/lanes/4009/3a62f1ea/source/monodroid/builds/install/mono-armv6/lib/mono/aot-cache/arm/Microsoft.Practices.Unity.dll.so' not found: dlopen failed: library "/data/app/com.careerbuilder.SugarDrone-1/lib/arm/libaot-Microsoft.Practices.Unity.dll.so" not found
D/Mono    ( 9721): Config attempting to parse: 'Microsoft.Practices.Unity.dll.config'.
D/Mono    ( 9721): Config attempting to parse: '/Users/builder/data/lanes/4009/3a62f1ea/source/monodroid/builds/install/mono-armv6/etc/mono/assemblies/Microsoft.Practices.Unity/Microsoft.Practices.Unity.config'.
D/Mono    ( 9721): Image addref Plugin.CurrentActivity[0xe90734e0] -> Plugin.CurrentActivity.dll[0xe6812f00]: 2
D/Mono    ( 9721): Prepared to set up assembly 'Plugin.CurrentActivity' (Plugin.CurrentActivity.dll)
D/Mono    ( 9721): Assembly Plugin.CurrentActivity[0xe90734e0] added to domain RootDomain, ref_count=1
D/Mono    ( 9721): AOT module 'Plugin.CurrentActivity.dll.so' not found: dlopen failed: library "/data/app/com.careerbuilder.SugarDrone-1/lib/arm/libaot-Plugin.CurrentActivity.dll.so" not found
D/Mono    ( 9721): AOT module '/Users/builder/data/lanes/4009/3a62f1ea/source/monodroid/builds/install/mono-armv6/lib/mono/aot-cache/arm/Plugin.CurrentActivity.dll.so' not found: dlopen failed: library "/data/app/com.careerbuilder.SugarDrone-1/lib/arm/libaot-Plugin.CurrentActivity.dll.so" not found
D/Mono    ( 9721): Config attempting to parse: 'Plugin.CurrentActivity.dll.config'.
D/Mono    ( 9721): Config attempting to parse: '/Users/builder/data/lanes/4009/3a62f1ea/source/monodroid/builds/install/mono-armv6/etc/mono/assemblies/Plugin.CurrentActivity/Plugin.CurrentActivity.config'.
D/Mono    ( 9721): Image addref Plugin.Permissions[0xe9073540] -> Plugin.Permissions.dll[0xe6813400]: 2
D/Mono    ( 9721): Prepared to set up assembly 'Plugin.Permissions' (Plugin.Permissions.dll)
D/Mono    ( 9721): Assembly Plugin.Permissions[0xe9073540] added to domain RootDomain, ref_count=1
D/Mono    ( 9721): AOT module 'Plugin.Permissions.dll.so' not found: dlopen failed: library "/data/app/com.careerbuilder.SugarDrone-1/lib/arm/libaot-Plugin.Permissions.dll.so" not found
D/Mono    ( 9721): AOT module '/Users/builder/data/lanes/4009/3a62f1ea/source/monodroid/builds/install/mono-armv6/lib/mono/aot-cache/arm/Plugin.Permissions.dll.so' not found: dlopen failed: library "/data/app/com.careerbuilder.SugarDrone-1/lib/arm/libaot-Plugin.Permissions.dll.so" not found
D/Mono    ( 9721): Config attempting to parse: 'Plugin.Permissions.dll.config'.
D/Mono    ( 9721): Config attempting to parse: '/Users/builder/data/lanes/4009/3a62f1ea/source/monodroid/builds/install/mono-armv6/etc/mono/assemblies/Plugin.Permissions/Plugin.Permissions.config'.
D/Mono    ( 9721): Image addref Plugin.Permissions.Abstractions[0xe90735a0] -> Plugin.Permissions.Abstractions.dll[0xe6813900]: 2
D/Mono    ( 9721): Prepared to set up assembly 'Plugin.Permissions.Abstractions' (Plugin.Permissions.Abstractions.dll)
D/Mono    ( 9721): Assembly Plugin.Permissions.Abstractions[0xe90735a0] added to domain RootDomain, ref_count=1
D/Mono    ( 9721): AOT module 'Plugin.Permissions.Abstractions.dll.so' not found: dlopen failed: library "/data/app/com.careerbuilder.SugarDrone-1/lib/arm/libaot-Plugin.Permissions.Abstractions.dll.so" not found
D/Mono    ( 9721): AOT module '/Users/builder/data/lanes/4009/3a62f1ea/source/monodroid/builds/install/mono-armv6/lib/mono/aot-cache/arm/Plugin.Permissions.Abstractions.dll.so' not found: dlopen failed: library "/data/app/com.careerbuilder.SugarDrone-1/lib/arm/libaot-Plugin.Permissions.Abstractions.dll.so" not found
D/Mono    ( 9721): Config attempting to parse: 'Plugin.Permissions.Abstractions.dll.config'.
D/Mono    ( 9721): Config attempting to parse: '/Users/builder/data/lanes/4009/3a62f1ea/source/monodroid/builds/install/mono-armv6/etc/mono/assemblies/Plugin.Permissions.Abstractions/Plugin.Permissions.Abstractions.config'.
D/Mono    ( 9721): Image addref Plugin.Geolocator[0xe9073780] -> Plugin.Geolocator.dll[0xe6813e00]: 2
D/Mono    ( 9721): Prepared to set up assembly 'Plugin.Geolocator' (Plugin.Geolocator.dll)
D/Mono    ( 9721): Assembly Plugin.Geolocator[0xe9073780] added to domain RootDomain, ref_count=1
D/Mono    ( 9721): AOT module 'Plugin.Geolocator.dll.so' not found: dlopen failed: library "/data/app/com.careerbuilder.SugarDrone-1/lib/arm/libaot-Plugin.Geolocator.dll.so" not found
D/Mono    ( 9721): AOT module '/Users/builder/data/lanes/4009/3a62f1ea/source/monodroid/builds/install/mono-armv6/lib/mono/aot-cache/arm/Plugin.Geolocator.dll.so' not found: dlopen failed: library "/data/app/com.careerbuilder.SugarDrone-1/lib/arm/libaot-Plugin.Geolocator.dll.so" not found
D/Mono    ( 9721): Config attempting to parse: 'Plugin.Geolocator.dll.config'.
D/Mono    ( 9721): Config attempting to parse: '/Users/builder/data/lanes/4009/3a62f1ea/source/monodroid/builds/install/mono-armv6/etc/mono/assemblies/Plugin.Geolocator/Plugin.Geolocator.config'.
D/Mono    ( 9721): Image addref Plugin.Geolocator.Abstractions[0xe9073840] -> Plugin.Geolocator.Abstractions.dll[0xe6814300]: 2
D/Mono    ( 9721): Prepared to set up assembly 'Plugin.Geolocator.Abstractions' (Plugin.Geolocator.Abstractions.dll)
D/Mono    ( 9721): Assembly Plugin.Geolocator.Abstractions[0xe9073840] added to domain RootDomain, ref_count=1
D/Mono    ( 9721): AOT module 'Plugin.Geolocator.Abstractions.dll.so' not found: dlopen failed: library "/data/app/com.careerbuilder.SugarDrone-1/lib/arm/libaot-Plugin.Geolocator.Abstractions.dll.so" not found
D/Mono    ( 9721): AOT module '/Users/builder/data/lanes/4009/3a62f1ea/source/monodroid/builds/install/mono-armv6/lib/mono/aot-cache/arm/Plugin.Geolocator.Abstractions.dll.so' not found: dlopen failed: library "/data/app/com.careerbuilder.SugarDrone-1/lib/arm/libaot-Plugin.Geolocator.Abstractions.dll.so" not found
D/Mono    ( 9721): Config attempting to parse: 'Plugin.Geolocator.Abstractions.dll.config'.
D/Mono    ( 9721): Config attempting to parse: '/Users/builder/data/lanes/4009/3a62f1ea/source/monodroid/builds/install/mono-armv6/etc/mono/assemblies/Plugin.Geolocator.Abstractions/Plugin.Geolocator.Abstractions.config'.
D/Mono    ( 9721): Image addref Plugin.DeviceInfo[0xe9073ae0] -> Plugin.DeviceInfo.dll[0xe6814800]: 2
D/Mono    ( 9721): Prepared to set up assembly 'Plugin.DeviceInfo' (Plugin.DeviceInfo.dll)
D/Mono    ( 9721): Assembly Plugin.DeviceInfo[0xe9073ae0] added to domain RootDomain, ref_count=1
D/Mono    ( 9721): AOT module 'Plugin.DeviceInfo.dll.so' not found: dlopen failed: library "/data/app/com.careerbuilder.SugarDrone-1/lib/arm/libaot-Plugin.DeviceInfo.dll.so" not found
D/Mono    ( 9721): AOT module '/Users/builder/data/lanes/4009/3a62f1ea/source/monodroid/builds/install/mono-armv6/lib/mono/aot-cache/arm/Plugin.DeviceInfo.dll.so' not found: dlopen failed: library "/data/app/com.careerbuilder.SugarDrone-1/lib/arm/libaot-Plugin.DeviceInfo.dll.so" not found
D/Mono    ( 9721): Config attempting to parse: 'Plugin.DeviceInfo.dll.config'.
