<![CDATA[
]]><xtc-scenario name="[0-1047]CareerBuilder_Search.DroidFeatureTests.JDPTests.EducationCardShouldNotVisible" id="[0-1047]CareerBuilder_Search.DroidFeatureTests.JDPTests.EducationCardShouldNotVisible"><![CDATA[

]]><xtc-step name="[0-1047]CareerBuilder_Search.DroidFeatureTests.JDPTests.EducationCardShouldNotVisible-EducationCardShouldNotVisible" id="[0-1047]CareerBuilder_Search.DroidFeatureTests.JDPTests.EducationCardShouldNotVisible-EducationCardShouldNotVisible"><![CDATA[
D/AndroidRuntime( 7982): >>>>>> START com.android.internal.os.RuntimeInit uid 2000 <<<<<<
D/AndroidRuntime( 7982): CheckJNI is OFF
D/ICU     ( 7982): No timezone override file found: /data/misc/zoneinfo/current/icu/icu_tzdata.dat
I/Radio-JNI( 7982): register_android_hardware_Radio DONE
D/AndroidRuntime( 7982): Calling main entry com.android.commands.pm.Pm
I/art     ( 7982): System.exit called, status: 0
I/AndroidRuntime( 7982): VM exiting with result code 0.
W/MessageQueue( 7982): Handler (android.os.Handler) {1926500} sending message to a Handler on a dead thread
W/MessageQueue( 7982): java.lang.IllegalStateException: Handler (android.os.Handler) {1926500} sending message to a Handler on a dead thread
W/MessageQueue( 7982): 	at android.os.MessageQueue.enqueueMessage(MessageQueue.java:543)
W/MessageQueue( 7982): 	at android.os.Handler.enqueueMessage(Handler.java:643)
W/MessageQueue( 7982): 	at android.os.Handler.sendMessageAtTime(Handler.java:612)
W/MessageQueue( 7982): 	at android.os.Handler.sendMessageDelayed(Handler.java:582)
W/MessageQueue( 7982): 	at android.os.Handler.post(Handler.java:338)
W/MessageQueue( 7982): 	at android.os.ResultReceiver$MyResultReceiver.send(ResultReceiver.java:57)
W/MessageQueue( 7982): 	at com.android.internal.os.IResultReceiver$Stub.onTransact(IResultReceiver.java:58)
W/MessageQueue( 7982): 	at android.os.Binder.execTransact(Binder.java:565)
D/AndroidRuntime( 8101): >>>>>> START com.android.internal.os.RuntimeInit uid 2000 <<<<<<
D/AndroidRuntime( 8101): CheckJNI is OFF
D/ICU     ( 8101): No timezone override file found: /data/misc/zoneinfo/current/icu/icu_tzdata.dat
I/Radio-JNI( 8101): register_android_hardware_Radio DONE
D/AndroidRuntime( 8101): Calling main entry com.android.commands.am.Am
W/ActivityManager(  883): Invalid packageName: com.careerbuilder.SugarDrone
D/AndroidRuntime( 8101): Shutting down VM
I/ActivityManager(  883): Killing 5744:com.google.android.apps.docs/u0a52 (adj 906): empty #17
I/ActivityManager(  883): Killing 5727:com.android.musicfx/u0a29 (adj 906): empty #18
I/ActivityManager(  883): Killing 6862:com.google.process.gapps/u0a56 (adj 906): empty #19
D/AndroidRuntime( 8563): >>>>>> START com.android.internal.os.RuntimeInit uid 2000 <<<<<<
D/AndroidRuntime( 8563): CheckJNI is OFF
D/ICU     ( 8563): No timezone override file found: /data/misc/zoneinfo/current/icu/icu_tzdata.dat
I/Radio-JNI( 8563): register_android_hardware_Radio DONE
D/AndroidRuntime( 8563): Calling main entry com.android.commands.pm.Pm
I/        (  509): free_cache(71725114) avail 10790600704
D/SntpClient(  883): round trip: 8ms, clock offset: -20ms
D/AlarmManagerService(  883): Setting time of day to sec=1489675097
W/AlarmManagerService(  883): Unable to set rtc to 1489675097: Invalid argument
I/PackageManager.DexOptimizer(  883): Running dexopt (dex2oat) on: /data/app/vmdl1941857235.tmp/base.apk pkg=com.careerbuilder.SugarDrone isa=arm vmSafeMode=false debuggable=true target-filter=interpret-only oatDir = /data/app/vmdl1941857235.tmp/oat sharedLibraries=null
I/dex2oat ( 8615): /system/bin/dex2oat --compiler-filter=interpret-only -j4 --debuggable
W/dex2oat ( 8615): Before Android 4.1, method android.graphics.PorterDuffColorFilter android.support.graphics.drawable.VectorDrawableCompat.updateTintFilter(android.graphics.PorterDuffColorFilter, android.content.res.ColorStateList, android.graphics.PorterDuff$Mode) would have incorrectly overridden the package-private method in android.graphics.drawable.Drawable
W/dex2oat ( 8615): Before Android 4.1, method int android.support.v7.widget.ListViewCompat.lookForSelectablePosition(int, boolean) would have incorrectly overridden the package-private method in android.widget.ListView
I/dex2oat ( 8615): dex2oat took 1.969s (threads: 4) arena alloc=4KB (4536B) java alloc=4MB (5072960B) native alloc=6MB (7316392B) free=3MB (3169368B)
W/PackageManager(  883): Not granting permission android.permission.MANAGE_DOCUMENTS to package com.careerbuilder.SugarDrone (protectionLevel=2 flags=0x3808be46)
W/PackageManager(  883): Not granting permission android.permission.MOUNT_UNMOUNT_FILESYSTEMS to package com.careerbuilder.SugarDrone (protectionLevel=18 flags=0x3808be46)
V/BackupManagerService(  883): restoreAtInstall pkg=com.careerbuilder.SugarDrone token=5 restoreSet=0
V/BackupManagerService(  883): Finishing install immediately
I/art     (  883): Starting a blocking GC Explicit
I/art     (  883): Explicit concurrent mark sweep GC freed 112963(6MB) AllocSpace objects, 18(952KB) LOS objects, 33% free, 16MB/24MB, paused 1.564ms total 107.635ms
E/        (  509): Couldn't opendir /data/app/vmdl1941857235.tmp: No such file or directory
I/art     ( 8563): System.exit called, status: 0
I/AndroidRuntime( 8563): VM exiting with result code 0.
I/InputReader(  883): Reconfiguring input devices.  changes=0x00000010
I/ActivityManager(  883): Start proc 8662:com.android.musicfx/u0a29 for broadcast com.android.musicfx/.Compatibility$Receiver
W/ActivityManager(  883): Permission Denial: Accessing service ComponentInfo{com.google.android.music/com.google.android.music.dial.DialMediaRouteProviderService} from pid=5268, uid=10085 that is not exported from uid 10071
D/CarrierSvcBindHelper( 3217): No carrier app for: 0
D/CarrierConfigLoader( 3217): mHandler: 9 phoneId: 0
D/RegisteredNfcFServicesCache( 4118): Service unchanged, not updating
W/System  ( 8662): ClassLoader referenced unknown path: /system/priv-app/MusicFX/lib/arm64
I/ActivityManager(  883): Start proc 8684:com.android.vending/u0a30 for broadcast com.android.vending/com.google.android.finsky.receivers.PackageMonitorReceiver$RegisteredReceiver
W/System  ( 8684): ClassLoader referenced unknown path: /system/priv-app/Phonesky/lib/arm64
W/Finsky  ( 8684): [1] com.google.android.finsky.FinskyApp.i(1468): No account configured on this device.
W/Finsky  ( 8684): [1] com.google.android.finsky.FinskyApp.i(1468): No account configured on this device.
W/Finsky  ( 8684): [1] com.google.android.finsky.FinskyApp.i(1468): No account configured on this device.
W/Finsky  ( 8684): [1] com.google.android.finsky.FinskyApp.i(1468): No account configured on this device.
I/Finsky  ( 8684): [1] com.google.android.finsky.FinskyApp.onCreate(430): Initializing network with DFE https://android.clients.google.com/fdfe/
W/Finsky  ( 8684): [1] com.google.android.finsky.FinskyApp.i(1468): No account configured on this device.
W/Finsky  ( 8684): [1] com.google.android.finsky.FinskyApp.i(1468): No account configured on this device.
W/Finsky  ( 8684): [1] com.google.android.finsky.FinskyApp.i(1468): No account configured on this device.
W/Finsky  ( 8684): [1] com.google.android.finsky.FinskyApp.i(1468): No account configured on this device.
W/Finsky  ( 8684): [1] com.google.android.finsky.FinskyApp.i(1468): No account configured on this device.
W/Finsky  ( 8684): [1] com.google.android.finsky.FinskyApp.i(1468): No account configured on this device.
W/Finsky  ( 8684): [1] com.google.android.finsky.FinskyApp.i(1468): No account configured on this device.
W/Finsky  ( 8684): [1] com.google.android.finsky.FinskyApp.i(1468): No account configured on this device.
W/Finsky  ( 8684): [1] com.google.android.finsky.FinskyApp.i(1468): No account configured on this device.
I/Finsky  ( 8684): [1] com.google.android.finsky.services.DailyHygiene.a(171): No need to run daily hygiene.
W/Finsky  ( 8684): [1] com.google.android.finsky.FinskyApp.i(1468): No account configured on this device.
W/Settings( 8684): Setting download_manager_max_bytes_over_mobile has moved from android.provider.Settings.Secure to android.provider.Settings.Global.
W/Settings( 8684): Setting download_manager_recommended_max_bytes_over_mobile has moved from android.provider.Settings.Secure to android.provider.Settings.Global.
W/Finsky  ( 8684): [1] com.google.android.finsky.FinskyApp.i(1468): No account configured on this device.
W/Finsky  ( 8684): [1] com.google.android.finsky.FinskyApp.i(1468): No account configured on this device.
W/Finsky  ( 8684): [1] com.google.android.finsky.FinskyApp.i(1468): No account configured on this device.
W/Finsky  ( 8684): [1] com.google.android.finsky.FinskyApp.i(1468): No account configured on this device.
W/Finsky  ( 8684): [1] com.google.android.finsky.FinskyApp.i(1468): No account configured on this device.
W/Finsky  ( 8684): [1] com.google.android.finsky.FinskyApp.b(1150): No account configured on this device.
W/Finsky  ( 8684): [1] com.google.android.finsky.FinskyApp.i(1468): No account configured on this device.
W/Finsky  ( 8684): [376] com.google.android.finsky.FinskyApp.i(1468): No account configured on this device.
I/ActivityManager(  883): Start proc 8738:com.google.android.apps.docs/u0a52 for broadcast com.google.android.apps.docs/.receivers.AppPackageAddRemoveReceiver
I/Finsky  ( 8684): [1] com.google.android.finsky.receivers.j.a(1226): Installer kick - no action, not running yet
I/Finsky  ( 8684): [1] com.google.android.finsky.utils.PermissionPolicies$PermissionPolicyService.onStartCommand(117): post-install permissions check for com.careerbuilder.SugarDrone
W/Finsky  ( 8684): [1] com.google.android.finsky.FinskyApp.i(1468): No account configured on this device.
I/Finsky  ( 8684): [1] com.google.android.finsky.utils.bh.run(2302): Package state data is missing for com.careerbuilder.SugarDrone
W/Finsky  ( 8684): [1] com.google.android.finsky.FinskyApp.i(1468): No account configured on this device.
W/System  ( 8738): ClassLoader referenced unknown path: /system/app/Drive/lib/arm64
D/AndroidRuntime( 8699): >>>>>> START com.android.internal.os.RuntimeInit uid 2000 <<<<<<
D/AndroidRuntime( 8699): CheckJNI is OFF
I/Finsky  ( 8684): [1] com.google.android.finsky.c.l.a(270): result=false type=4
I/Finsky  ( 8684): [1] com.google.android.finsky.services.bc.a(1050): Restore complete with 0 success and 0 failed.
D/ICU     ( 8699): No timezone override file found: /data/misc/zoneinfo/current/icu/icu_tzdata.dat
I/Radio-JNI( 8699): register_android_hardware_Radio DONE
W/Finsky  ( 8684): [376] com.google.android.finsky.FinskyApp.i(1468): No account configured on this device.
D/AndroidRuntime( 8699): Calling main entry com.android.commands.settings.SettingsCmd
D/AndroidRuntime( 8699): Shutting down VM
I/GAv4    ( 8738): Google Analytics 8.4.87 is starting up. To enable debug logging on a device run:
I/GAv4    ( 8738):   adb shell setprop log.tag.GAv4 DEBUG
I/GAv4    ( 8738):   adb logcat -s GAv4
W/GAv4    ( 8738): AnalyticsReceiver is not registered or is disabled. Register the receiver for reliable dispatching on non-Google Play devices. See http://goo.gl/8Rd3yj for instructions.
W/GAv4    ( 8738): CampaignTrackingReceiver is not registered, not exported or is disabled. Installation campaign tracking is not possible. See http://goo.gl/8Rd3yj for instructions.
W/GAv4    ( 8738): AnalyticsService not registered in the app manifest. Hits might not be delivered reliably. See http://goo.gl/8Rd3yj for instructions.
I/ActivityManager(  883): Killing 4307:com.google.android.partnersetup/u0a25 (adj 906): empty #17
I/ActivityManager(  883): Start proc 8796:com.google.android.partnersetup/u0a25 for broadcast com.google.android.partnersetup/.RlzPingBroadcastReceiver
I/UpdateIcingCorporaServi( 5794): Updating corpora: APPS=com.careerbuilder.SugarDrone, CONTACTS=MAYBE
D/Wear_Controller( 4397): Received broadcast action=android.intent.action.PACKAGE_ADDED and uri=com.careerbuilder.SugarDrone
I/PeopleContactsSync( 4397): triggerPendingContactsCleanup: no accounts
W/System  ( 8796): ClassLoader referenced unknown path: /system/priv-app/GooglePartnerSetup/lib/arm64
W/IcingInternalCorpora( 4397): getNumBytesRead when not calculated.
D/AndroidRuntime( 8772): >>>>>> START com.android.internal.os.RuntimeInit uid 2000 <<<<<<
D/AndroidRuntime( 8772): CheckJNI is OFF
D/ICU     ( 8772): No timezone override file found: /data/misc/zoneinfo/current/icu/icu_tzdata.dat
I/Radio-JNI( 8772): register_android_hardware_Radio DONE
D/AndroidRuntime( 8772): Calling main entry com.android.commands.settings.SettingsCmd
D/AndroidRuntime( 8772): Shutting down VM
I/Icing   ( 4397): Usage reports 0 indexed 0 rejected 0 imm upload true
I/Icing   ( 4397): Usage reports 0 indexed 0 rejected 0 imm upload false
I/UpdateIcingCorporaServi( 5794): UpdateCorporaTask done [took 454 ms] updated apps [took 454 ms] 
I/Icing   ( 4397): Usage reports 0 indexed 0 rejected 0 imm upload false
D/AndroidRuntime( 8838): >>>>>> START com.android.internal.os.RuntimeInit uid 2000 <<<<<<
D/AndroidRuntime( 8838): CheckJNI is OFF
D/ICU     ( 8838): No timezone override file found: /data/misc/zoneinfo/current/icu/icu_tzdata.dat
I/Radio-JNI( 8838): register_android_hardware_Radio DONE
D/AndroidRuntime( 8838): Calling main entry com.android.commands.settings.SettingsCmd
D/AndroidRuntime( 8838): Shutting down VM
I/Icing   ( 4397): Indexing C2CE3B9D8B360B0C5A25C2BEF223F6CB5449AD6A from com.google.android.googlequicksearchbox
I/Icing   ( 4397): Indexing AB6E3D00885C5CBD00E6A1959F599F05594069D7 from com.google.android.gms
I/Icing   ( 4397): Indexing done C2CE3B9D8B360B0C5A25C2BEF223F6CB5449AD6A
I/Icing   ( 4397): Indexing done AB6E3D00885C5CBD00E6A1959F599F05594069D7
D/AndroidRuntime( 8864): >>>>>> START com.android.internal.os.RuntimeInit uid 2000 <<<<<<
D/AndroidRuntime( 8864): CheckJNI is OFF
D/ICU     ( 8864): No timezone override file found: /data/misc/zoneinfo/current/icu/icu_tzdata.dat
I/Radio-JNI( 8864): register_android_hardware_Radio DONE
D/AndroidRuntime( 8864): Calling main entry com.android.commands.settings.SettingsCmd
D/AndroidRuntime( 8864): Shutting down VM
D/AndroidRuntime( 8888): >>>>>> START com.android.internal.os.RuntimeInit uid 2000 <<<<<<
D/AndroidRuntime( 8888): CheckJNI is OFF
D/ICU     ( 8888): No timezone override file found: /data/misc/zoneinfo/current/icu/icu_tzdata.dat
I/Radio-JNI( 8888): register_android_hardware_Radio DONE
D/AndroidRuntime( 8888): Calling main entry com.android.commands.settings.SettingsCmd
D/AndroidRuntime( 8888): Shutting down VM
D/AndroidRuntime( 8921): >>>>>> START com.android.internal.os.RuntimeInit uid 2000 <<<<<<
D/AndroidRuntime( 8921): CheckJNI is OFF
D/ICU     ( 8921): No timezone override file found: /data/misc/zoneinfo/current/icu/icu_tzdata.dat
I/Radio-JNI( 8921): register_android_hardware_Radio DONE
D/AndroidRuntime( 8921): Calling main entry com.android.commands.pm.Pm
W/MessageQueue( 8921): Handler (android.os.Handler) {14acf7c} sending message to a Handler on a dead thread
W/MessageQueue( 8921): java.lang.IllegalStateException: Handler (android.os.Handler) {14acf7c} sending message to a Handler on a dead thread
W/MessageQueue( 8921): 	at android.os.MessageQueue.enqueueMessage(MessageQueue.java:543)
W/MessageQueue( 8921): 	at android.os.Handler.enqueueMessage(Handler.java:643)
W/MessageQueue( 8921): 	at android.os.Handler.sendMessageAtTime(Handler.java:612)
W/MessageQueue( 8921): 	at android.os.Handler.sendMessageDelayed(Handler.java:582)
W/MessageQueue( 8921): 	at android.os.Handler.post(Handler.java:338)
W/MessageQueue( 8921): 	at android.os.ResultReceiver$MyResultReceiver.send(ResultReceiver.java:57)
W/MessageQueue( 8921): 	at com.android.internal.os.IResultReceiver$Stub.onTransact(IResultReceiver.java:58)
W/MessageQueue( 8921): 	at android.os.Binder.execTransact(Binder.java:565)
I/art     ( 8921): System.exit called, status: 0
I/AndroidRuntime( 8921): VM exiting with result code 0.
D/AndroidRuntime( 8978): >>>>>> START com.android.internal.os.RuntimeInit uid 2000 <<<<<<
D/AndroidRuntime( 8978): CheckJNI is OFF
D/ICU     ( 8978): No timezone override file found: /data/misc/zoneinfo/current/icu/icu_tzdata.dat
I/Radio-JNI( 8978): register_android_hardware_Radio DONE
D/AndroidRuntime( 8978): Calling main entry com.android.commands.pm.Pm
I/art     ( 8978): System.exit called, status: 0
I/AndroidRuntime( 8978): VM exiting with result code 0.
W/MessageQueue( 8978): Handler (android.os.Handler) {88d5ff6} sending message to a Handler on a dead thread
W/MessageQueue( 8978): java.lang.IllegalStateException: Handler (android.os.Handler) {88d5ff6} sending message to a Handler on a dead thread
W/MessageQueue( 8978): 	at android.os.MessageQueue.enqueueMessage(MessageQueue.java:543)
W/MessageQueue( 8978): 	at android.os.Handler.enqueueMessage(Handler.java:643)
W/MessageQueue( 8978): 	at android.os.Handler.sendMessageAtTime(Handler.java:612)
W/MessageQueue( 8978): 	at android.os.Handler.sendMessageDelayed(Handler.java:582)
W/MessageQueue( 8978): 	at android.os.Handler.post(Handler.java:338)
W/MessageQueue( 8978): 	at android.os.ResultReceiver$MyResultReceiver.send(ResultReceiver.java:57)
W/MessageQueue( 8978): 	at com.android.internal.os.IResultReceiver$Stub.onTransact(IResultReceiver.java:58)
W/MessageQueue( 8978): 	at android.os.Binder.execTransact(Binder.java:565)
D/AndroidRuntime( 9062): >>>>>> START com.android.internal.os.RuntimeInit uid 2000 <<<<<<
D/AndroidRuntime( 9062): CheckJNI is OFF
D/ICU     ( 9062): No timezone override file found: /data/misc/zoneinfo/current/icu/icu_tzdata.dat
I/Radio-JNI( 9062): register_android_hardware_Radio DONE
D/AndroidRuntime( 9062): Calling main entry com.android.commands.am.Am
W/ActivityManager(  883): Invalid packageName: com.careerbuilder.SugarDrone.test
D/AndroidRuntime( 9062): Shutting down VM
D/AndroidRuntime( 9093): >>>>>> START com.android.internal.os.RuntimeInit uid 2000 <<<<<<
D/AndroidRuntime( 9093): CheckJNI is OFF
D/ICU     ( 9093): No timezone override file found: /data/misc/zoneinfo/current/icu/icu_tzdata.dat
I/Radio-JNI( 9093): register_android_hardware_Radio DONE
D/AndroidRuntime( 9093): Calling main entry com.android.commands.pm.Pm
I/        (  509): free_cache(609973) avail 10778722304
I/PackageManager.DexOptimizer(  883): Running dexopt (dex2oat) on: /data/app/vmdl909560611.tmp/base.apk pkg=com.careerbuilder.SugarDrone.test isa=arm64 vmSafeMode=false debuggable=false target-filter=interpret-only oatDir = /data/app/vmdl909560611.tmp/oat sharedLibraries=/system/framework/android.test.runner.jar:/system/framework/com.google.android.maps.jar
I/dex2oat ( 9122): /system/bin/dex2oat --compiler-filter=interpret-only -j4
I/dex2oat ( 9122): dex2oat took 599.641ms (threads: 4) arena alloc=188KB (193488B) java alloc=2MB (2260936B) native alloc=2MB (2694192B) free=2MB (2548688B)
W/PackageManager(  883): Not granting permission android.permission.ACCESS_MOCK_LOCATION to package com.careerbuilder.SugarDrone.test (protectionLevel=2 flags=0x1800be44)
V/BackupManagerService(  883): restoreAtInstall pkg=com.careerbuilder.SugarDrone.test token=6 restoreSet=0
V/BackupManagerService(  883): Finishing install immediately
I/art     (  883): Starting a blocking GC Explicit
I/art     (  883): Explicit concurrent mark sweep GC freed 35542(2036KB) AllocSpace objects, 9(276KB) LOS objects, 33% free, 15MB/23MB, paused 1.503ms total 97.972ms
E/        (  509): Couldn't opendir /data/app/vmdl909560611.tmp: No such file or directory
I/art     ( 9093): System.exit called, status: 0
I/AndroidRuntime( 9093): VM exiting with result code 0.
I/InputReader(  883): Reconfiguring input devices.  changes=0x00000010
I/rmt_storage(  396): rmt_storage_connect_cb: clnt_h=0xd conn_h=0x708a42a210
I/rmt_storage(  396): rmt_storage_rw_iovec_cb: /boot/modem_fs1: clnt_h=0x2: req_h=0xd msg_id=3: R/W request received
I/rmt_storage(  396): wakelock acquired: 1, error no: 42
I/rmt_storage(  396): rmt_storage_client_thread: /boot/modem_fs1: clnt_h=0x2 Unblock worker thread (th_id: 483361047632)
W/ActivityManager(  883): Permission Denial: Accessing service ComponentInfo{com.google.android.music/com.google.android.music.dial.DialMediaRouteProviderService} from pid=5268, uid=10085 that is not exported from uid 10071
D/CarrierSvcBindHelper( 3217): No carrier app for: 0
D/CarrierConfigLoader( 3217): mHandler: 9 phoneId: 0
D/RegisteredNfcFServicesCache( 4118): Service unchanged, not updating
I/rmt_storage(  396): rmt_storage_client_thread: /boot/modem_fs1: clnt_h=0x2: req_h=0xd msg_id=3: Bytes written = 1572864
I/rmt_storage(  396): rmt_storage_client_thread: /boot/modem_fs1: clnt_h=0x2: req_h=0xd msg_id=3: Send response: res=0 err=0
I/rmt_storage(  396): rmt_storage_client_thread: /boot/modem_fs1: clnt_h=0x2 About to block rmt_storage client thread (th_id: 483361047632) wakelock released: 1, error no: 0
I/rmt_storage(  396): 
I/rmt_storage(  396): rmt_storage_disconnect_cb: clnt_h=0xd conn_h=0x708a42a210
I/Finsky  ( 8684): [1] com.google.android.finsky.utils.PermissionPolicies$PermissionPolicyService.onStartCommand(117): post-install permissions check for com.careerbuilder.SugarDrone.test
W/Finsky  ( 8684): [1] com.google.android.finsky.FinskyApp.i(1468): No account configured on this device.
I/Finsky  ( 8684): [1] com.google.android.finsky.utils.bh.run(2302): Package state data is missing for com.careerbuilder.SugarDrone.test
W/Finsky  ( 8684): [1] com.google.android.finsky.FinskyApp.i(1468): No account configured on this device.
I/PeopleContactsSync( 4397): triggerPendingContactsCleanup: no accounts
D/Wear_Controller( 4397): Received broadcast action=android.intent.action.PACKAGE_ADDED and uri=com.careerbuilder.SugarDrone.test
I/UpdateIcingCorporaServi( 5794): Updating corpora: APPS=com.careerbuilder.SugarDrone.test, CONTACTS=MAYBE
I/UpdateIcingCorporaServi( 5794): UpdateCorporaTask done [took 84 ms] updated apps [took 84 ms] 
W/IcingInternalCorpora( 4397): getNumBytesRead when not calculated.
I/Icing   ( 4397): Usage reports 0 indexed 0 rejected 0 imm upload false
I/Icing   ( 4397): Usage reports 0 indexed 0 rejected 0 imm upload false
V/JNIHelp ( 8738): Registering com/google/android/gms/org/conscrypt/NativeCrypto's 242 native methods...
D/NetworkSecurityConfig( 8738): No Network Security Config specified, using platform default
I/ProviderInstaller( 8738): Installed default security provider GmsCore_OpenSSL
D/AndroidRuntime( 9163): >>>>>> START com.android.internal.os.RuntimeInit uid 2000 <<<<<<
D/AndroidRuntime( 9163): CheckJNI is OFF
D/ICU     ( 9163): No timezone override file found: /data/misc/zoneinfo/current/icu/icu_tzdata.dat
I/Radio-JNI( 9163): register_android_hardware_Radio DONE
D/AndroidRuntime( 9163): Calling main entry com.android.commands.settings.SettingsCmd
D/AndroidRuntime( 9163): Shutting down VM
I/Icing   ( 4397): Indexing AB6E3D00885C5CBD00E6A1959F599F05594069D7 from com.google.android.gms
I/Icing   ( 4397): Indexing done AB6E3D00885C5CBD00E6A1959F599F05594069D7
D/AndroidRuntime( 9195): >>>>>> START com.android.internal.os.RuntimeInit uid 2000 <<<<<<
D/AndroidRuntime( 9195): CheckJNI is OFF
D/ICU     ( 9195): No timezone override file found: /data/misc/zoneinfo/current/icu/icu_tzdata.dat
I/Radio-JNI( 9195): register_android_hardware_Radio DONE
D/AndroidRuntime( 9195): Calling main entry com.android.commands.settings.SettingsCmd
D/AndroidRuntime( 9195): Shutting down VM
D/AndroidRuntime( 9223): >>>>>> START com.android.internal.os.RuntimeInit uid 2000 <<<<<<
D/AndroidRuntime( 9223): CheckJNI is OFF
D/ICU     ( 9223): No timezone override file found: /data/misc/zoneinfo/current/icu/icu_tzdata.dat
I/Radio-JNI( 9223): register_android_hardware_Radio DONE
D/AndroidRuntime( 9223): Calling main entry com.android.commands.settings.SettingsCmd
D/AndroidRuntime( 9223): Shutting down VM
D/AndroidRuntime( 9249): >>>>>> START com.android.internal.os.RuntimeInit uid 2000 <<<<<<
D/AndroidRuntime( 9249): CheckJNI is OFF
D/ICU     ( 9249): No timezone override file found: /data/misc/zoneinfo/current/icu/icu_tzdata.dat
I/Radio-JNI( 9249): register_android_hardware_Radio DONE
D/AndroidRuntime( 9249): Calling main entry com.android.commands.settings.SettingsCmd
D/AndroidRuntime( 9249): Shutting down VM
D/AndroidRuntime( 9274): >>>>>> START com.android.internal.os.RuntimeInit uid 2000 <<<<<<
D/AndroidRuntime( 9274): CheckJNI is OFF
D/ICU     ( 9274): No timezone override file found: /data/misc/zoneinfo/current/icu/icu_tzdata.dat
I/Radio-JNI( 9274): register_android_hardware_Radio DONE
D/AndroidRuntime( 9274): Calling main entry com.android.commands.settings.SettingsCmd
D/AndroidRuntime( 9274): Shutting down VM
D/AndroidRuntime( 9306): >>>>>> START com.android.internal.os.RuntimeInit uid 2000 <<<<<<
D/AndroidRuntime( 9306): CheckJNI is OFF
D/ICU     ( 9306): No timezone override file found: /data/misc/zoneinfo/current/icu/icu_tzdata.dat
I/Radio-JNI( 9306): register_android_hardware_Radio DONE
D/AndroidRuntime( 9306): Calling main entry com.android.commands.pm.Pm
I/art     ( 9306): System.exit called, status: 0
I/AndroidRuntime( 9306): VM exiting with result code 0.
W/MessageQueue( 9306): Handler (android.os.Handler) {87b7a95} sending message to a Handler on a dead thread
W/MessageQueue( 9306): java.lang.IllegalStateException: Handler (android.os.Handler) {87b7a95} sending message to a Handler on a dead thread
W/MessageQueue( 9306): 	at android.os.MessageQueue.enqueueMessage(MessageQueue.java:543)
W/MessageQueue( 9306): 	at android.os.Handler.enqueueMessage(Handler.java:643)
W/MessageQueue( 9306): 	at android.os.Handler.sendMessageAtTime(Handler.java:612)
W/MessageQueue( 9306): 	at android.os.Handler.sendMessageDelayed(Handler.java:582)
W/MessageQueue( 9306): 	at android.os.Handler.post(Handler.java:338)
W/MessageQueue( 9306): 	at android.os.ResultReceiver$MyResultReceiver.send(ResultReceiver.java:57)
W/MessageQueue( 9306): 	at com.android.internal.os.IResultReceiver$Stub.onTransact(IResultReceiver.java:58)
W/MessageQueue( 9306): 	at android.os.Binder.execTransact(Binder.java:565)
D/AndroidRuntime( 9363): >>>>>> START com.android.internal.os.RuntimeInit uid 2000 <<<<<<
D/AndroidRuntime( 9363): CheckJNI is OFF
D/ICU     ( 9363): No timezone override file found: /data/misc/zoneinfo/current/icu/icu_tzdata.dat
I/Radio-JNI( 9363): register_android_hardware_Radio DONE
D/AndroidRuntime( 9363): Calling main entry com.android.commands.pm.Pm
W/MessageQueue( 9363): Handler (android.os.Handler) {fbe0b0f} sending message to a Handler on a dead thread
W/MessageQueue( 9363): java.lang.IllegalStateException: Handler (android.os.Handler) {fbe0b0f} sending message to a Handler on a dead thread
W/MessageQueue( 9363): 	at android.os.MessageQueue.enqueueMessage(MessageQueue.java:543)
W/MessageQueue( 9363): 	at android.os.Handler.enqueueMessage(Handler.java:643)
W/MessageQueue( 9363): 	at android.os.Handler.sendMessageAtTime(Handler.java:612)
W/MessageQueue( 9363): 	at android.os.Handler.sendMessageDelayed(Handler.java:582)
W/MessageQueue( 9363): 	at android.os.Handler.post(Handler.java:338)
W/MessageQueue( 9363): 	at android.os.ResultReceiver$MyResultReceiver.send(ResultReceiver.java:57)
W/MessageQueue( 9363): 	at com.android.internal.os.IResultReceiver$Stub.onTransact(IResultReceiver.java:58)
W/MessageQueue( 9363): 	at android.os.Binder.execTransact(Binder.java:565)
I/art     ( 9363): System.exit called, status: 0
I/AndroidRuntime( 9363): VM exiting with result code 0.
I/ActivityManager(  883): Killing 7350:com.google.android.gms.unstable/u0a18 (adj 906): empty #17
D/AndroidRuntime( 9440): >>>>>> START com.android.internal.os.RuntimeInit uid 2000 <<<<<<
D/AndroidRuntime( 9440): CheckJNI is OFF
D/ICU     ( 9440): No timezone override file found: /data/misc/zoneinfo/current/icu/icu_tzdata.dat
I/Radio-JNI( 9440): register_android_hardware_Radio DONE
D/AndroidRuntime( 9440): Calling main entry com.android.commands.input.Input
I/Input   ( 9440): injectKeyEvent: KeyEvent { action=ACTION_DOWN, keyCode=KEYCODE_BACK, scanCode=0, metaState=0, flags=0x0, repeatCount=0, eventTime=253696, downTime=253696, deviceId=-1, source=0x101 }
I/Input   ( 9440): injectKeyEvent: KeyEvent { action=ACTION_UP, keyCode=KEYCODE_BACK, scanCode=0, metaState=0, flags=0x0, repeatCount=0, eventTime=253696, downTime=253696, deviceId=-1, source=0x101 }
D/AndroidRuntime( 9440): Shutting down VM
I/ActivityManager(  883): Killing 5602:com.android.printspooler/u0a80 (adj 906): empty #17
D/AndroidRuntime( 9499): >>>>>> START com.android.internal.os.RuntimeInit uid 2000 <<<<<<
D/AndroidRuntime( 9499): CheckJNI is OFF
D/ICU     ( 9499): No timezone override file found: /data/misc/zoneinfo/current/icu/icu_tzdata.dat
I/Radio-JNI( 9499): register_android_hardware_Radio DONE
D/AndroidRuntime( 9499): Calling main entry com.android.commands.input.Input
I/Input   ( 9499): injectKeyEvent: KeyEvent { action=ACTION_DOWN, keyCode=KEYCODE_HOME, scanCode=0, metaState=0, flags=0x0, repeatCount=0, eventTime=255564, downTime=255564, deviceId=-1, source=0x101 }
I/Input   ( 9499): injectKeyEvent: KeyEvent { action=ACTION_UP, keyCode=KEYCODE_HOME, scanCode=0, metaState=0, flags=0x0, repeatCount=0, eventTime=255564, downTime=255564, deviceId=-1, source=0x101 }
I/ActivityManager(  883): START u0 {act=android.intent.action.MAIN cat=[android.intent.category.HOME] flg=0x10200000 cmp=com.google.android.googlequicksearchbox/com.google.android.launcher.GEL (has extras)} from uid 1000 on display 0
D/AndroidRuntime( 9499): Shutting down VM
I/GEL     ( 4171): handleIntent(Intent { act=android.intent.action.MAIN cat=[android.intent.category.HOME] flg=0x10200000 cmp=com.google.android.googlequicksearchbox/com.google.android.launcher.GEL (has extras) })
D/AndroidRuntime( 9538): >>>>>> START com.android.internal.os.RuntimeInit uid 2000 <<<<<<
D/AndroidRuntime( 9538): CheckJNI is OFF
D/ICU     ( 9538): No timezone override file found: /data/misc/zoneinfo/current/icu/icu_tzdata.dat
I/Radio-JNI( 9538): register_android_hardware_Radio DONE
D/AndroidRuntime( 9538): Calling main entry com.android.commands.input.Input
I/Input   ( 9538): injectKeyEvent: KeyEvent { action=ACTION_DOWN, keyCode=KEYCODE_BACK, scanCode=0, metaState=0, flags=0x0, repeatCount=0, eventTime=256969, downTime=256969, deviceId=-1, source=0x101 }
I/Input   ( 9538): injectKeyEvent: KeyEvent { action=ACTION_UP, keyCode=KEYCODE_BACK, scanCode=0, metaState=0, flags=0x0, repeatCount=0, eventTime=256969, downTime=256969, deviceId=-1, source=0x101 }
D/AndroidRuntime( 9538): Shutting down VM
W/ProcessCpuTracker(  883): Skipping unknown process pid 9560
D/AndroidRuntime( 9572): >>>>>> START com.android.internal.os.RuntimeInit uid 2000 <<<<<<
D/AndroidRuntime( 9572): CheckJNI is OFF
W/Finsky  ( 8684): [374] com.google.android.finsky.FinskyApp.i(1468): No account configured on this device.
I/Finsky  ( 8684): [374] com.google.android.finsky.c.e.run(1151): Replicating app states via AMAS.
D/ICU     ( 9572): No timezone override file found: /data/misc/zoneinfo/current/icu/icu_tzdata.dat
I/Radio-JNI( 9572): register_android_hardware_Radio DONE
D/AndroidRuntime( 9572): Calling main entry com.android.commands.am.Am
I/ActivityManager(  883): Force stopping com.careerbuilder.SugarDrone appid=19125 user=0: start instr
I/ActivityManager(  883): Start proc 9601:com.careerbuilder.SugarDrone/u0a9125 for added application com.careerbuilder.SugarDrone
I/art     ( 9601): Late-enabling -Xcheck:jni
I/Finsky  ( 8684): [374] com.google.android.finsky.c.c.a(311): Completed 0 account content syncs with 0 successful.
I/Finsky  ( 8684): [1] com.google.android.finsky.services.j.a(149): Installation state replication succeeded.
W/System  ( 9601): ClassLoader referenced unknown path: /data/app/com.careerbuilder.SugarDrone.test-1/lib/arm64
W/System  ( 9601): ClassLoader referenced unknown path: 
W/monodroid( 9601): Using override path: /data/user/0/com.careerbuilder.SugarDrone/files/.__override__
W/monodroid( 9601): Trying to load sgen from: /data/user/0/com.careerbuilder.SugarDrone/files/.__override__/libmonosgen-2.0.so
W/monodroid( 9601): Trying to load sgen from: /storage/emulated/0/Android/data/com.careerbuilder.SugarDrone/files/.__override__/libmonosgen-2.0.so
W/monodroid( 9601): Trying to load sgen from: /data/app/com.careerbuilder.SugarDrone-1/lib/arm/libmonosgen-2.0.so
D/Mono    ( 9601): Image addref mscorlib[0xe9b4dbc0] -> mscorlib.dll[0xe8bd3400]: 2
D/Mono    ( 9601): Prepared to set up assembly 'mscorlib' (mscorlib.dll)
D/Mono    ( 9601): AOT module 'mscorlib.dll.so' not found: dlopen failed: library "/data/app/com.careerbuilder.SugarDrone-1/lib/arm/libaot-mscorlib.dll.so" not found
D/Mono    ( 9601): AOT module '/Users/builder/data/lanes/4009/3a62f1ea/source/monodroid/builds/install/mono-armv6/lib/mono/aot-cache/arm/mscorlib.dll.so' not found: dlopen failed: library "/data/app/com.careerbuilder.SugarDrone-1/lib/arm/libaot-mscorlib.dll.so" not found
D/Mono    ( 9601): Config attempting to parse: 'mscorlib.dll.config'.
D/Mono    ( 9601): Config attempting to parse: '/Users/builder/data/lanes/4009/3a62f1ea/source/monodroid/builds/install/mono-armv6/etc/mono/assemblies/mscorlib/mscorlib.config'.
D/Mono    ( 9601): Assembly mscorlib[0xe9b4dbc0] added to domain RootDomain, ref_count=1
D/Mono    ( 9601): Image addref CareerBuilder_Search.Droid[0xe9b4dc80] -> CareerBuilder_Search.Droid.dll[0xe8bd4300]: 2
D/Mono    ( 9601): Prepared to set up assembly 'CareerBuilder_Search.Droid' (CareerBuilder_Search.Droid.dll)
D/Mono    ( 9601): Assembly CareerBuilder_Search.Droid[0xe9b4dc80] added to domain RootDomain, ref_count=1
D/Mono    ( 9601): AOT module 'CareerBuilder_Search.Droid.dll.so' not found: dlopen failed: library "/data/app/com.careerbuilder.SugarDrone-1/lib/arm/libaot-CareerBuilder_Search.Droid.dll.so" not found
D/Mono    ( 9601): AOT module '/Users/builder/data/lanes/4009/3a62f1ea/source/monodroid/builds/install/mono-armv6/lib/mono/aot-cache/arm/CareerBuilder_Search.Droid.dll.so' not found: dlopen failed: library "/data/app/com.careerbuilder.SugarDrone-1/lib/arm/libaot-CareerBuilder_Search.Droid.dll.so" not found
D/Mono    ( 9601): Config attempting to parse: 'CareerBuilder_Search.Droid.dll.config'.
D/Mono    ( 9601): Config attempting to parse: '/Users/builder/data/lanes/4009/3a62f1ea/source/monodroid/builds/install/mono-armv6/etc/mono/assemblies/CareerBuilder_Search.Droid/CareerBuilder_Search.Droid.config'.
D/Mono    ( 9601): Image addref AppsFlyerXamarinBindingAndroid[0xe9b4dce0] -> AppsFlyerXamarinBindingAndroid.dll[0xe8bd5c00]: 2
D/Mono    ( 9601): Prepared to set up assembly 'AppsFlyerXamarinBindingAndroid' (AppsFlyerXamarinBindingAndroid.dll)
D/Mono    ( 9601): Assembly AppsFlyerXamarinBindingAndroid[0xe9b4dce0] added to domain RootDomain, ref_count=1
D/Mono    ( 9601): AOT module 'AppsFlyerXamarinBindingAndroid.dll.so' not found: dlopen failed: library "/data/app/com.careerbuilder.SugarDrone-1/lib/arm/libaot-AppsFlyerXamarinBindingAndroid.dll.so" not found
D/Mono    ( 9601): AOT module '/Users/builder/data/lanes/4009/3a62f1ea/source/monodroid/builds/install/mono-armv6/lib/mono/aot-cache/arm/AppsFlyerXamarinBindingAndroid.dll.so' not found: dlopen failed: library "/data/app/com.careerbuilder.SugarDrone-1/lib/arm/libaot-AppsFlyerXamarinBindingAndroid.dll.so" not found
D/Mono    ( 9601): Config attempting to parse: 'AppsFlyerXamarinBindingAndroid.dll.config'.
D/Mono    ( 9601): Config attempting to parse: '/Users/builder/data/lanes/4009/3a62f1ea/source/monodroid/builds/install/mono-armv6/etc/mono/assemblies/AppsFlyerXamarinBindingAndroid/AppsFlyerXamarinBindingAndroid.config'.
D/Mono    ( 9601): Image addref HockeySDK[0xe9b4dda0] -> HockeySDK.dll[0xe8bd6100]: 2
D/Mono    ( 9601): Prepared to set up assembly 'HockeySDK' (HockeySDK.dll)
D/Mono    ( 9601): Assembly HockeySDK[0xe9b4dda0] added to domain RootDomain, ref_count=1
D/Mono    ( 9601): AOT module 'HockeySDK.dll.so' not found: dlopen failed: library "/data/app/com.careerbuilder.SugarDrone-1/lib/arm/libaot-HockeySDK.dll.so" not found
D/Mono    ( 9601): AOT module '/Users/builder/data/lanes/4009/3a62f1ea/source/monodroid/builds/install/mono-armv6/lib/mono/aot-cache/arm/HockeySDK.dll.so' not found: dlopen failed: library "/data/app/com.careerbuilder.SugarDrone-1/lib/arm/libaot-HockeySDK.dll.so" not found
D/Mono    ( 9601): Config attempting to parse: 'HockeySDK.dll.config'.
D/Mono    ( 9601): Config attempting to parse: '/Users/builder/data/lanes/4009/3a62f1ea/source/monodroid/builds/install/mono-armv6/etc/mono/assemblies/HockeySDK/HockeySDK.config'.
D/Mono    ( 9601): Image addref Akavache[0xe9b4de60] -> Akavache.dll[0xe8bd6600]: 2
D/Mono    ( 9601): Prepared to set up assembly 'Akavache' (Akavache.dll)
D/Mono    ( 9601): Assembly Akavache[0xe9b4de60] added to domain RootDomain, ref_count=1
D/Mono    ( 9601): AOT module 'Akavache.dll.so' not found: dlopen failed: library "/data/app/com.careerbuilder.SugarDrone-1/lib/arm/libaot-Akavache.dll.so" not found
D/Mono    ( 9601): AOT module '/Users/builder/data/lanes/4009/3a62f1ea/source/monodroid/builds/install/mono-armv6/lib/mono/aot-cache/arm/Akavache.dll.so' not found: dlopen failed: library "/data/app/com.careerbuilder.SugarDrone-1/lib/arm/libaot-Akavache.dll.so" not found
D/Mono    ( 9601): Config attempting to parse: 'Akavache.dll.config'.
D/Mono    ( 9601): Config attempting to parse: '/Users/builder/data/lanes/4009/3a62f1ea/source/monodroid/builds/install/mono-armv6/etc/mono/assemblies/Akavache/Akavache.config'.
D/Mono    ( 9601): Image addref Akavache.Sqlite3[0xe9b4dfe0] -> Akavache.Sqlite3.dll[0xe8bd6b00]: 2
D/Mono    ( 9601): Prepared to set up assembly 'Akavache.Sqlite3' (Akavache.Sqlite3.dll)
D/Mono    ( 9601): Assembly Akavache.Sqlite3[0xe9b4dfe0] added to domain RootDomain, ref_count=1
D/Mono    ( 9601): AOT module 'Akavache.Sqlite3.dll.so' not found: dlopen failed: library "/data/app/com.careerbuilder.SugarDrone-1/lib/arm/libaot-Akavache.Sqlite3.dll.so" not found
D/Mono    ( 9601): AOT module '/Users/builder/data/lanes/4009/3a62f1ea/source/monodroid/builds/install/mono-armv6/lib/mono/aot-cache/arm/Akavache.Sqlite3.dll.so' not found: dlopen failed: library "/data/app/com.careerbuilder.SugarDrone-1/lib/arm/libaot-Akavache.Sqlite3.dll.so" not found
W/        ( 9601): Symbol file LoadedFromMemory doesn't match image Akavache.Sqlite3.dll
D/Mono    ( 9601): Config attempting to parse: 'Akavache.Sqlite3.dll.config'.
D/Mono    ( 9601): Config attempting to parse: '/Users/builder/data/lanes/4009/3a62f1ea/source/monodroid/builds/install/mono-armv6/etc/mono/assemblies/Akavache.Sqlite3/Akavache.Sqlite3.config'.
D/Mono    ( 9601): Image addref Splat[0xe9b4e0a0] -> Splat.dll[0xe6393000]: 2
D/Mono    ( 9601): Prepared to set up assembly 'Splat' (Splat.dll)
D/Mono    ( 9601): Assembly Splat[0xe9b4e0a0] added to domain RootDomain, ref_count=1
D/Mono    ( 9601): AOT module 'Splat.dll.so' not found: dlopen failed: library "/data/app/com.careerbuilder.SugarDrone-1/lib/arm/libaot-Splat.dll.so" not found
D/Mono    ( 9601): AOT module '/Users/builder/data/lanes/4009/3a62f1ea/source/monodroid/builds/install/mono-armv6/lib/mono/aot-cache/arm/Splat.dll.so' not found: dlopen failed: library "/data/app/com.careerbuilder.SugarDrone-1/lib/arm/libaot-Splat.dll.so" not found
D/Mono    ( 9601): Config attempting to parse: 'Splat.dll.config'.
D/Mono    ( 9601): Config attempting to parse: '/Users/builder/data/lanes/4009/3a62f1ea/source/monodroid/builds/install/mono-armv6/etc/mono/assemblies/Splat/Splat.config'.
D/Mono    ( 9601): Image addref Microsoft.Practices.ServiceLocation[0xe9b4e160] -> Microsoft.Practices.ServiceLocation.dll[0xe6393500]: 2
D/Mono    ( 9601): Prepared to set up assembly 'Microsoft.Practices.ServiceLocation' (Microsoft.Practices.ServiceLocation.dll)
D/Mono    ( 9601): Assembly Microsoft.Practices.ServiceLocation[0xe9b4e160] added to domain RootDomain, ref_count=1
D/Mono    ( 9601): AOT module 'Microsoft.Practices.ServiceLocation.dll.so' not found: dlopen failed: library "/data/app/com.careerbuilder.SugarDrone-1/lib/arm/libaot-Microsoft.Practices.ServiceLocation.dll.so" not found
D/Mono    ( 9601): AOT module '/Users/builder/data/lanes/4009/3a62f1ea/source/monodroid/builds/install/mono-armv6/lib/mono/aot-cache/arm/Microsoft.Practices.ServiceLocation.dll.so' not found: dlopen failed: library "/data/app/com.careerbuilder.SugarDrone-1/lib/arm/libaot-Microsoft.Practices.ServiceLocation.dll.so" not found
D/Mono    ( 9601): Config attempting to parse: 'Microsoft.Practices.ServiceLocation.dll.config'.
D/Mono    ( 9601): Config attempting to parse: '/Users/builder/data/lanes/4009/3a62f1ea/source/monodroid/builds/install/mono-armv6/etc/mono/assemblies/Microsoft.Practices.ServiceLocation/Microsoft.Practices.ServiceLocation.config'.
D/Mono    ( 9601): Image addref Microsoft.Practices.Unity[0xe9b4e880] -> Microsoft.Practices.Unity.dll[0xe6393a00]: 2
D/Mono    ( 9601): Prepared to set up assembly 'Microsoft.Practices.Unity' (Microsoft.Practices.Unity.dll)
D/Mono    ( 9601): Assembly Microsoft.Practices.Unity[0xe9b4e880] added to domain RootDomain, ref_count=1
D/Mono    ( 9601): AOT module 'Microsoft.Practices.Unity.dll.so' not found: dlopen failed: library "/data/app/com.careerbuilder.SugarDrone-1/lib/arm/libaot-Microsoft.Practices.Unity.dll.so" not found
D/Mono    ( 9601): AOT module '/Users/builder/data/lanes/4009/3a62f1ea/source/monodroid/builds/install/mono-armv6/lib/mono/aot-cache/arm/Microsoft.Practices.Unity.dll.so' not found: dlopen failed: library "/data/app/com.careerbuilder.SugarDrone-1/lib/arm/libaot-Microsoft.Practices.Unity.dll.so" not found
D/Mono    ( 9601): Config attempting to parse: 'Microsoft.Practices.Unity.dll.config'.
D/Mono    ( 9601): Config attempting to parse: '/Users/builder/data/lanes/4009/3a62f1ea/source/monodroid/builds/install/mono-armv6/etc/mono/assemblies/Microsoft.Practices.Unity/Microsoft.Practices.Unity.config'.
D/Mono    ( 9601): Image addref Plugin.CurrentActivity[0xe9b4e9a0] -> Plugin.CurrentActivity.dll[0xe6393f00]: 2
D/Mono    ( 9601): Prepared to set up assembly 'Plugin.CurrentActivity' (Plugin.CurrentActivity.dll)
D/Mono    ( 9601): Assembly Plugin.CurrentActivity[0xe9b4e9a0] added to domain RootDomain, ref_count=1
D/Mono    ( 9601): AOT module 'Plugin.CurrentActivity.dll.so' not found: dlopen failed: library "/data/app/com.careerbuilder.SugarDrone-1/lib/arm/libaot-Plugin.CurrentActivity.dll.so" not found
D/Mono    ( 9601): AOT module '/Users/builder/data/lanes/4009/3a62f1ea/source/monodroid/builds/install/mono-armv6/lib/mono/aot-cache/arm/Plugin.CurrentActivity.dll.so' not found: dlopen failed: library "/data/app/com.careerbuilder.SugarDrone-1/lib/arm/libaot-Plugin.CurrentActivity.dll.so" not found
D/Mono    ( 9601): Config attempting to parse: 'Plugin.CurrentActivity.dll.config'.
D/Mono    ( 9601): Config attempting to parse: '/Users/builder/data/lanes/4009/3a62f1ea/source/monodroid/builds/install/mono-armv6/etc/mono/assemblies/Plugin.CurrentActivity/Plugin.CurrentActivity.config'.
D/Mono    ( 9601): Image addref Plugin.Permissions[0xe9b4ea00] -> Plugin.Permissions.dll[0xe6394400]: 2
D/Mono    ( 9601): Prepared to set up assembly 'Plugin.Permissions' (Plugin.Permissions.dll)
D/Mono    ( 9601): Assembly Plugin.Permissions[0xe9b4ea00] added to domain RootDomain, ref_count=1
D/Mono    ( 9601): AOT module 'Plugin.Permissions.dll.so' not found: dlopen failed: library "/data/app/com.careerbuilder.SugarDrone-1/lib/arm/libaot-Plugin.Permissions.dll.so" not found
D/Mono    ( 9601): AOT module '/Users/builder/data/lanes/4009/3a62f1ea/source/monodroid/builds/install/mono-armv6/lib/mono/aot-cache/arm/Plugin.Permissions.dll.so' not found: dlopen failed: library "/data/app/com.careerbuilder.SugarDrone-1/lib/arm/libaot-Plugin.Permissions.dll.so" not found
D/Mono    ( 9601): Config attempting to parse: 'Plugin.Permissions.dll.config'.
D/Mono    ( 9601): Config attempting to parse: '/Users/builder/data/lanes/4009/3a62f1ea/source/monodroid/builds/install/mono-armv6/etc/mono/assemblies/Plugin.Permissions/Plugin.Permissions.config'.
D/Mono    ( 9601): Image addref Plugin.Permissions.Abstractions[0xf264c480] -> Plugin.Permissions.Abstractions.dll[0xe6394900]: 2
D/Mono    ( 9601): Prepared to set up assembly 'Plugin.Permissions.Abstractions' (Plugin.Permissions.Abstractions.dll)
D/Mono    ( 9601): Assembly Plugin.Permissions.Abstractions[0xf264c480] added to domain RootDomain, ref_count=1
D/Mono    ( 9601): AOT module 'Plugin.Permissions.Abstractions.dll.so' not found: dlopen failed: library "/data/app/com.careerbuilder.SugarDrone-1/lib/arm/libaot-Plugin.Permissions.Abstractions.dll.so" not found
D/Mono    ( 9601): AOT module '/Users/builder/data/lanes/4009/3a62f1ea/source/monodroid/builds/install/mono-armv6/lib/mono/aot-cache/arm/Plugin.Permissions.Abstractions.dll.so' not found: dlopen failed: library "/data/app/com.careerbuilder.SugarDrone-1/lib/arm/libaot-Plugin.Permissions.Abstractions.dll.so" not found
D/Mono    ( 9601): Config attempting to parse: 'Plugin.Permissions.Abstractions.dll.config'.
D/Mono    ( 9601): Config attempting to parse: '/Users/builder/data/lanes/4009/3a62f1ea/source/monodroid/builds/install/mono-armv6/etc/mono/assemblies/Plugin.Permissions.Abstractions/Plugin.Permissions.Abstractions.config'.
D/Mono    ( 9601): Image addref Plugin.Geolocator[0xf264c4e0] -> Plugin.Geolocator.dll[0xe6394e00]: 2
D/Mono    ( 9601): Prepared to set up assembly 'Plugin.Geolocator' (Plugin.Geolocator.dll)
D/Mono    ( 9601): Assembly Plugin.Geolocator[0xf264c4e0] added to domain RootDomain, ref_count=1
D/Mono    ( 9601): AOT module 'Plugin.Geolocator.dll.so' not found: dlopen failed: library "/data/app/com.careerbuilder.SugarDrone-1/lib/arm/libaot-Plugin.Geolocator.dll.so" not found
D/Mono    ( 9601): AOT module '/Users/builder/data/lanes/4009/3a62f1ea/source/monodroid/builds/install/mono-armv6/lib/mono/aot-cache/arm/Plugin.Geolocator.dll.so' not found: dlopen failed: library "/data/app/com.careerbuilder.SugarDrone-1/lib/arm/libaot-Plugin.Geolocator.dll.so" not found
D/Mono    ( 9601): Config attempting to parse: 'Plugin.Geolocator.dll.config'.
D/Mono    ( 9601): Config attempting to parse: '/Users/builder/data/lanes/4009/3a62f1ea/source/monodroid/builds/install/mono-armv6/etc/mono/assemblies/Plugin.Geolocator/Plugin.Geolocator.config'.
D/Mono    ( 9601): Image addref Plugin.Geolocator.Abstractions[0xf264c540] -> Plugin.Geolocator.Abstractions.dll[0xe6395300]: 2
D/Mono    ( 9601): Prepared to set up assembly 'Plugin.Geolocator.Abstractions' (Plugin.Geolocator.Abstractions.dll)
D/Mono    ( 9601): Assembly Plugin.Geolocator.Abstractions[0xf264c540] added to domain RootDomain, ref_count=1
D/Mono    ( 9601): AOT module 'Plugin.Geolocator.Abstractions.dll.so' not found: dlopen failed: library "/data/app/com.careerbuilder.SugarDrone-1/lib/arm/libaot-Plugin.Geolocator.Abstractions.dll.so" not found
D/Mono    ( 9601): AOT module '/Users/builder/data/lanes/4009/3a62f1ea/source/monodroid/builds/install/mono-armv6/lib/mono/aot-cache/arm/Plugin.Geolocator.Abstractions.dll.so' not found: dlopen failed: library "/data/app/com.careerbuilder.SugarDrone-1/lib/arm/libaot-Plugin.Geolocator.Abstractions.dll.so" not found
D/Mono    ( 9601): Config attempting to parse: 'Plugin.Geolocator.Abstractions.dll.config'.
D/Mono    ( 9601): Config attempting to parse: '/Users/builder/data/lanes/4009/3a62f1ea/source/monodroid/builds/install/mono-armv6/etc/mono/assemblies/Plugin.Geolocator.Abstractions/Plugin.Geolocator.Abstractions.config'.
D/Mono    ( 9601): Image addref Plugin.DeviceInfo[0xf264c5a0] -> Plugin.DeviceInfo.dll[0xe6395800]: 2
D/Mono    ( 9601): Prepared to set up assembly 'Plugin.DeviceInfo' (Plugin.DeviceInfo.dll)
D/Mono    ( 9601): Assembly Plugin.DeviceInfo[0xf264c5a0] added to domain RootDomain, ref_count=1
D/Mono    ( 9601): AOT module 'Plugin.DeviceInfo.dll.so' not found: dlopen failed: library "/data/app/com.careerbuilder.SugarDrone-1/lib/arm/libaot-Plugin.DeviceInfo.dll.so" not found
D/Mono    ( 9601): AOT module '/Users/builder/data/lanes/4009/3a62f1ea/source/monodroid/builds/install/mono-armv6/lib/mono/aot-cache/arm/Plugin.DeviceInfo.dll.so' not found: dlopen failed: library "/data/app/com.careerbuilder.SugarDrone-1/lib/arm/libaot-Plugin.DeviceInfo.dll.so" not found
D/Mono    ( 9601): Config attempting to parse: 'Plugin.DeviceInfo.dll.config'.
D/Mono    ( 9601): Config attempting to parse: '/Users/builder/data/lanes/4009/3a62f1ea/source/monodroid/builds/install/mono-armv6/etc/mono/assemblies/Plugin.DeviceInfo/Plugin.DeviceInfo.config'.
D/Mono    ( 9601): Image addref Plugin.DeviceInfo.Abstractions[0xf264c780] -> Plugin.DeviceInfo.Abstractions.dll[0xe6395d00]: 2
D/Mono    ( 9601): Prepared to set up assembly 'Plugin.DeviceInfo.Abstractions' (Plugin.DeviceInfo.Abstractions.dll)
D/Mono    ( 9601): Assembly Plugin.DeviceInfo.Abstractions[0xf264c780] added to domain RootDomain, ref_count=1
D/Mono    ( 9601): AOT module 'Plugin.DeviceInfo.Abstractions.dll.so' not found: dlopen failed: library "/data/app/com.careerbuilder.SugarDrone-1/lib/arm/libaot-Plugin.DeviceInfo.Abstractions.dll.so" not found
D/Mono    ( 9601): AOT module '/Users/builder/data/lanes/4009/3a62f1ea/source/monodroid/builds/install/mono-armv6/lib/mono/aot-cache/arm/Plugin.DeviceInfo.Abstractions.dll.so' not found: dlopen failed: library "/data/app/com.careerbuilder.SugarDrone-1/lib/arm/libaot-Plugin.DeviceInfo.Abstractions.dll.so" not found
D/Mono    ( 9601): Config attempting to parse: 'Plugin.DeviceInfo.Abstractions.dll.config'.
D/Mono    ( 9601): Config attempting to parse: '/Users/builder/data/lanes/4009/3a62f1ea/source/monodroid/builds/install/mono-armv6/etc/mono/assemblies/Plugin.DeviceInfo.Abstractions/Plugin.DeviceInfo.Abstractions.config'.
D/Mono    ( 9601): Image addref Xamarin.GooglePlayServices.Analytics[0xf264c840] -> Xamarin.GooglePlayServices.Analytics.dll[0xe6396200]: 2
D/Mono    ( 9601): Prepared to set up assembly 'Xamarin.GooglePlayServices.Analytics' (Xamarin.GooglePlayServices.Analytics.dll)
