<![CDATA[I/ThermalEngine(  503): ACTION: Hotplugged ON CPU[5]
I/ThermalEngine(  503): ACTION: Hotplugged ON CPU[4]

]]><xtc-scenario name="[0-1043]CareerBuilder_Search.DroidFeatureTests.JDPTests.EmploymentTypeShouldNotVisible" id="[0-1043]CareerBuilder_Search.DroidFeatureTests.JDPTests.EmploymentTypeShouldNotVisible"><![CDATA[

]]><xtc-step name="[0-1043]CareerBuilder_Search.DroidFeatureTests.JDPTests.EmploymentTypeShouldNotVisible-EmploymentTypeShouldNotVisible" id="[0-1043]CareerBuilder_Search.DroidFeatureTests.JDPTests.EmploymentTypeShouldNotVisible-EmploymentTypeShouldNotVisible"><![CDATA[
D/AndroidRuntime( 7930): >>>>>> START com.android.internal.os.RuntimeInit uid 2000 <<<<<<
D/AndroidRuntime( 7930): CheckJNI is OFF
D/ICU     ( 7930): No timezone override file found: /data/misc/zoneinfo/current/icu/icu_tzdata.dat
I/Radio-JNI( 7930): register_android_hardware_Radio DONE
D/AndroidRuntime( 7930): Calling main entry com.android.commands.pm.Pm
W/MessageQueue( 7930): Handler (android.os.Handler) {e1f6141} sending message to a Handler on a dead thread
W/MessageQueue( 7930): java.lang.IllegalStateException: Handler (android.os.Handler) {e1f6141} sending message to a Handler on a dead thread
W/MessageQueue( 7930): 	at android.os.MessageQueue.enqueueMessage(MessageQueue.java:543)
W/MessageQueue( 7930): 	at android.os.Handler.enqueueMessage(Handler.java:643)
W/MessageQueue( 7930): 	at android.os.Handler.sendMessageAtTime(Handler.java:612)
W/MessageQueue( 7930): 	at android.os.Handler.sendMessageDelayed(Handler.java:582)
W/MessageQueue( 7930): 	at android.os.Handler.post(Handler.java:338)
W/MessageQueue( 7930): 	at android.os.ResultReceiver$MyResultReceiver.send(ResultReceiver.java:57)
W/MessageQueue( 7930): 	at com.android.internal.os.IResultReceiver$Stub.onTransact(IResultReceiver.java:58)
W/MessageQueue( 7930): 	at android.os.Binder.execTransact(Binder.java:565)
I/art     ( 7930): System.exit called, status: 0
I/AndroidRuntime( 7930): VM exiting with result code 0.
--------- beginning of system
I/ActivityManager(  872): Killing 6770:com.google.process.gapps/u0a56 (adj 906): empty #17
I/ActivityManager(  872): Killing 5668:com.google.android.apps.docs/u0a52 (adj 906): empty #17
I/ActivityManager(  872): Killing 5650:com.android.musicfx/u0a29 (adj 906): empty #18
I/ThermalEngine(  503): ACTION: Hotplugged OFF CPU[5]
I/ThermalEngine(  503): ACTION: Hotplugged OFF CPU[4]
D/AndroidRuntime( 8699): >>>>>> START com.android.internal.os.RuntimeInit uid 2000 <<<<<<
D/AndroidRuntime( 8699): CheckJNI is OFF
D/ICU     ( 8699): No timezone override file found: /data/misc/zoneinfo/current/icu/icu_tzdata.dat
I/Radio-JNI( 8699): register_android_hardware_Radio DONE
D/AndroidRuntime( 8699): Calling main entry com.android.commands.am.Am
W/ActivityManager(  872): Invalid packageName: com.careerbuilder.SugarDrone
D/AndroidRuntime( 8699): Shutting down VM
I/rmt_storage(  396): rmt_storage_connect_cb: clnt_h=0xc conn_h=0x70ad42a000
I/rmt_storage(  396): rmt_storage_rw_iovec_cb: /boot/modem_fs1: clnt_h=0xc: req_h=0xc msg_id=3: R/W request received
I/rmt_storage(  396): wakelock acquired: 1, error no: 42
I/rmt_storage(  396): rmt_storage_client_thread: /boot/modem_fs1: clnt_h=0xc Unblock worker thread (th_id: 483942724688)
I/rmt_storage(  396): rmt_storage_client_thread: /boot/modem_fs1: clnt_h=0xc: req_h=0xc msg_id=3: Bytes written = 1572864
I/rmt_storage(  396): rmt_storage_client_thread: /boot/modem_fs1: clnt_h=0xc: req_h=0xc msg_id=3: Send response: res=0 err=0
I/rmt_storage(  396): rmt_storage_client_thread: /boot/modem_fs1: clnt_h=0xc About to block rmt_storage client thread (th_id: 483942724688) wakelock released: 1, error no: 22
I/rmt_storage(  396): 
I/rmt_storage(  396): rmt_storage_disconnect_cb: clnt_h=0xc conn_h=0x70ad42a000
D/AndroidRuntime( 9163): >>>>>> START com.android.internal.os.RuntimeInit uid 2000 <<<<<<
D/AndroidRuntime( 9163): CheckJNI is OFF
D/ICU     ( 9163): No timezone override file found: /data/misc/zoneinfo/current/icu/icu_tzdata.dat
I/Radio-JNI( 9163): register_android_hardware_Radio DONE
D/AndroidRuntime( 9163): Calling main entry com.android.commands.pm.Pm
I/        (  511): free_cache(71725114) avail 10806439936
I/PackageManager.DexOptimizer(  872): Running dexopt (dex2oat) on: /data/app/vmdl338090726.tmp/base.apk pkg=com.careerbuilder.SugarDrone isa=arm vmSafeMode=false debuggable=true target-filter=interpret-only oatDir = /data/app/vmdl338090726.tmp/oat sharedLibraries=null
I/dex2oat ( 9214): /system/bin/dex2oat --compiler-filter=interpret-only -j4 --debuggable
W/dex2oat ( 9214): Before Android 4.1, method android.graphics.PorterDuffColorFilter android.support.graphics.drawable.VectorDrawableCompat.updateTintFilter(android.graphics.PorterDuffColorFilter, android.content.res.ColorStateList, android.graphics.PorterDuff$Mode) would have incorrectly overridden the package-private method in android.graphics.drawable.Drawable
W/dex2oat ( 9214): Before Android 4.1, method int android.support.v7.widget.ListViewCompat.lookForSelectablePosition(int, boolean) would have incorrectly overridden the package-private method in android.widget.ListView
I/dex2oat ( 9214): dex2oat took 2.001s (threads: 4) arena alloc=3KB (3520B) java alloc=4MB (5070296B) native alloc=6MB (7302984B) free=2MB (2658488B)
W/PackageManager(  872): Not granting permission android.permission.MANAGE_DOCUMENTS to package com.careerbuilder.SugarDrone (protectionLevel=2 flags=0x3808be46)
W/PackageManager(  872): Not granting permission android.permission.MOUNT_UNMOUNT_FILESYSTEMS to package com.careerbuilder.SugarDrone (protectionLevel=18 flags=0x3808be46)
V/BackupManagerService(  872): restoreAtInstall pkg=com.careerbuilder.SugarDrone token=5 restoreSet=0
V/BackupManagerService(  872): Finishing install immediately
I/art     (  872): Starting a blocking GC Explicit
I/art     (  872): Explicit concurrent mark sweep GC freed 116267(6MB) AllocSpace objects, 18(952KB) LOS objects, 33% free, 16MB/24MB, paused 1.590ms total 107.365ms
E/        (  511): Couldn't opendir /data/app/vmdl338090726.tmp: No such file or directory
I/ActivityManager(  872): Start proc 9260:com.android.musicfx/u0a29 for broadcast com.android.musicfx/.Compatibility$Receiver
W/ActivityManager(  872): Permission Denial: Accessing service ComponentInfo{com.google.android.music/com.google.android.music.dial.DialMediaRouteProviderService} from pid=5222, uid=10085 that is not exported from uid 10071
I/art     ( 9163): System.exit called, status: 0
I/AndroidRuntime( 9163): VM exiting with result code 0.
I/InputReader(  872): Reconfiguring input devices.  changes=0x00000010
D/CarrierSvcBindHelper( 3124): No carrier app for: 0
D/CarrierConfigLoader( 3124): mHandler: 9 phoneId: 0
D/RegisteredNfcFServicesCache( 4016): Service unchanged, not updating
W/System  ( 9260): ClassLoader referenced unknown path: /system/priv-app/MusicFX/lib/arm64
I/ActivityManager(  872): Start proc 9281:com.android.vending/u0a30 for broadcast com.android.vending/com.google.android.finsky.receivers.PackageMonitorReceiver$RegisteredReceiver
W/System  ( 9281): ClassLoader referenced unknown path: /system/priv-app/Phonesky/lib/arm64
W/Finsky  ( 9281): [1] com.google.android.finsky.FinskyApp.i(1468): No account configured on this device.
W/Finsky  ( 9281): [1] com.google.android.finsky.FinskyApp.i(1468): No account configured on this device.
W/Finsky  ( 9281): [1] com.google.android.finsky.FinskyApp.i(1468): No account configured on this device.
W/Finsky  ( 9281): [1] com.google.android.finsky.FinskyApp.i(1468): No account configured on this device.
I/Finsky  ( 9281): [1] com.google.android.finsky.FinskyApp.onCreate(430): Initializing network with DFE https://android.clients.google.com/fdfe/
W/Finsky  ( 9281): [1] com.google.android.finsky.FinskyApp.i(1468): No account configured on this device.
W/Finsky  ( 9281): [1] com.google.android.finsky.FinskyApp.i(1468): No account configured on this device.
W/Finsky  ( 9281): [1] com.google.android.finsky.FinskyApp.i(1468): No account configured on this device.
W/Finsky  ( 9281): [1] com.google.android.finsky.FinskyApp.i(1468): No account configured on this device.
W/Finsky  ( 9281): [1] com.google.android.finsky.FinskyApp.i(1468): No account configured on this device.
W/Finsky  ( 9281): [1] com.google.android.finsky.FinskyApp.i(1468): No account configured on this device.
W/Finsky  ( 9281): [1] com.google.android.finsky.FinskyApp.i(1468): No account configured on this device.
W/Finsky  ( 9281): [1] com.google.android.finsky.FinskyApp.i(1468): No account configured on this device.
W/Finsky  ( 9281): [1] com.google.android.finsky.FinskyApp.i(1468): No account configured on this device.
I/Finsky  ( 9281): [1] com.google.android.finsky.services.DailyHygiene.a(171): No need to run daily hygiene.
W/Finsky  ( 9281): [1] com.google.android.finsky.FinskyApp.i(1468): No account configured on this device.
W/Settings( 9281): Setting download_manager_max_bytes_over_mobile has moved from android.provider.Settings.Secure to android.provider.Settings.Global.
W/Settings( 9281): Setting download_manager_recommended_max_bytes_over_mobile has moved from android.provider.Settings.Secure to android.provider.Settings.Global.
W/Finsky  ( 9281): [1] com.google.android.finsky.FinskyApp.i(1468): No account configured on this device.
W/Finsky  ( 9281): [1] com.google.android.finsky.FinskyApp.i(1468): No account configured on this device.
W/Finsky  ( 9281): [1] com.google.android.finsky.FinskyApp.i(1468): No account configured on this device.
W/Finsky  ( 9281): [1] com.google.android.finsky.FinskyApp.i(1468): No account configured on this device.
W/Finsky  ( 9281): [1] com.google.android.finsky.FinskyApp.i(1468): No account configured on this device.
W/Finsky  ( 9281): [1] com.google.android.finsky.FinskyApp.b(1150): No account configured on this device.
W/Finsky  ( 9281): [1] com.google.android.finsky.FinskyApp.i(1468): No account configured on this device.
W/Finsky  ( 9281): [376] com.google.android.finsky.FinskyApp.i(1468): No account configured on this device.
I/ActivityManager(  872): Start proc 9337:com.google.android.apps.docs/u0a52 for broadcast com.google.android.apps.docs/.receivers.AppPackageAddRemoveReceiver
I/Finsky  ( 9281): [1] com.google.android.finsky.receivers.j.a(1226): Installer kick - no action, not running yet
I/Finsky  ( 9281): [1] com.google.android.finsky.utils.PermissionPolicies$PermissionPolicyService.onStartCommand(117): post-install permissions check for com.careerbuilder.SugarDrone
W/Finsky  ( 9281): [1] com.google.android.finsky.FinskyApp.i(1468): No account configured on this device.
I/Finsky  ( 9281): [1] com.google.android.finsky.utils.bh.run(2302): Package state data is missing for com.careerbuilder.SugarDrone
W/Finsky  ( 9281): [1] com.google.android.finsky.FinskyApp.i(1468): No account configured on this device.
W/System  ( 9337): ClassLoader referenced unknown path: /system/app/Drive/lib/arm64
D/AndroidRuntime( 9298): >>>>>> START com.android.internal.os.RuntimeInit uid 2000 <<<<<<
D/AndroidRuntime( 9298): CheckJNI is OFF
I/Finsky  ( 9281): [1] com.google.android.finsky.c.l.a(270): result=false type=4
D/ICU     ( 9298): No timezone override file found: /data/misc/zoneinfo/current/icu/icu_tzdata.dat
I/Finsky  ( 9281): [1] com.google.android.finsky.services.bc.a(1050): Restore complete with 0 success and 0 failed.
I/Radio-JNI( 9298): register_android_hardware_Radio DONE
W/Finsky  ( 9281): [376] com.google.android.finsky.FinskyApp.i(1468): No account configured on this device.
D/AndroidRuntime( 9298): Calling main entry com.android.commands.settings.SettingsCmd
D/AndroidRuntime( 9298): Shutting down VM
I/GAv4    ( 9337): Google Analytics 8.4.87 is starting up. To enable debug logging on a device run:
I/GAv4    ( 9337):   adb shell setprop log.tag.GAv4 DEBUG
I/GAv4    ( 9337):   adb logcat -s GAv4
W/GAv4    ( 9337): AnalyticsReceiver is not registered or is disabled. Register the receiver for reliable dispatching on non-Google Play devices. See http://goo.gl/8Rd3yj for instructions.
W/GAv4    ( 9337): CampaignTrackingReceiver is not registered, not exported or is disabled. Installation campaign tracking is not possible. See http://goo.gl/8Rd3yj for instructions.
W/GAv4    ( 9337): AnalyticsService not registered in the app manifest. Hits might not be delivered reliably. See http://goo.gl/8Rd3yj for instructions.
I/ActivityManager(  872): Killing 4226:com.google.android.partnersetup/u0a25 (adj 906): empty #17
E/JavaBinder(  872): !!! FAILED BINDER TRANSACTION !!!  (parcel size = 2380)
W/BroadcastQueue(  872): Exception when sending broadcast to ComponentInfo{com.google.android.partnersetup/com.google.android.partnersetup.RlzPingBroadcastReceiver}
W/BroadcastQueue(  872): android.os.DeadObjectException: Transaction failed on small parcel; remote process probably died
W/BroadcastQueue(  872): 	at android.os.BinderProxy.transactNative(Native Method)
W/BroadcastQueue(  872): 	at android.os.BinderProxy.transact(Binder.java:615)
W/BroadcastQueue(  872): 	at android.app.ApplicationThreadProxy.scheduleReceiver(ApplicationThreadNative.java:949)
W/BroadcastQueue(  872): 	at com.android.server.am.BroadcastQueue.processCurBroadcastLocked(BroadcastQueue.java:283)
W/BroadcastQueue(  872): 	at com.android.server.am.BroadcastQueue.processNextBroadcast(BroadcastQueue.java:1216)
W/BroadcastQueue(  872): 	at com.android.server.am.ActivityManagerService.finishReceiver(ActivityManagerService.java:18360)
W/BroadcastQueue(  872): 	at android.app.ActivityManagerNative.onTransact(ActivityManagerNative.java:528)
W/BroadcastQueue(  872): 	at com.android.server.am.ActivityManagerService.onTransact(ActivityManagerService.java:2755)
W/BroadcastQueue(  872): 	at android.os.Binder.execTransact(Binder.java:565)
I/ActivityManager(  872): Start proc 9394:com.google.android.partnersetup/u0a25 for broadcast com.google.android.partnersetup/.RlzPingBroadcastReceiver
I/UpdateIcingCorporaServi( 4136): Updating corpora: APPS=com.careerbuilder.SugarDrone, CONTACTS=MAYBE
W/libprocessgroup(  872): failed to open /acct/uid_10025/pid_4226/cgroup.procs: No such file or directory
D/Wear_Controller( 4150): Received broadcast action=android.intent.action.PACKAGE_ADDED and uri=com.careerbuilder.SugarDrone
I/PeopleContactsSync( 4150): triggerPendingContactsCleanup: no accounts
W/System  ( 9394): ClassLoader referenced unknown path: /system/priv-app/GooglePartnerSetup/lib/arm64
W/IcingInternalCorpora( 4150): getNumBytesRead when not calculated.
I/Icing   ( 4150): Usage reports 0 indexed 0 rejected 0 imm upload false
I/Icing   ( 4150): Usage reports 0 indexed 0 rejected 0 imm upload false
I/Icing   ( 4150): Usage reports 0 indexed 0 rejected 0 imm upload true
I/UpdateIcingCorporaServi( 4136): UpdateCorporaTask done [took 280 ms] updated apps [took 280 ms] 
D/AndroidRuntime( 9373): >>>>>> START com.android.internal.os.RuntimeInit uid 2000 <<<<<<
D/AndroidRuntime( 9373): CheckJNI is OFF
D/ICU     ( 9373): No timezone override file found: /data/misc/zoneinfo/current/icu/icu_tzdata.dat
I/Radio-JNI( 9373): register_android_hardware_Radio DONE
D/AndroidRuntime( 9373): Calling main entry com.android.commands.settings.SettingsCmd
D/AndroidRuntime( 9373): Shutting down VM
D/AndroidRuntime( 9436): >>>>>> START com.android.internal.os.RuntimeInit uid 2000 <<<<<<
D/AndroidRuntime( 9436): CheckJNI is OFF
I/Icing   ( 4150): Indexing D83460F403678292F2C56FDD13241BD166E4E3FA from com.google.android.googlequicksearchbox
D/ICU     ( 9436): No timezone override file found: /data/misc/zoneinfo/current/icu/icu_tzdata.dat
I/Icing   ( 4150): Indexing CFF8FE80ED56E42D4CB52230EC16365D73D1C21A from com.google.android.gms
I/Radio-JNI( 9436): register_android_hardware_Radio DONE
D/AndroidRuntime( 9436): Calling main entry com.android.commands.settings.SettingsCmd
D/AndroidRuntime( 9436): Shutting down VM
I/Icing   ( 4150): Indexing done D83460F403678292F2C56FDD13241BD166E4E3FA
I/Icing   ( 4150): Indexing done CFF8FE80ED56E42D4CB52230EC16365D73D1C21A
D/AndroidRuntime( 9462): >>>>>> START com.android.internal.os.RuntimeInit uid 2000 <<<<<<
D/AndroidRuntime( 9462): CheckJNI is OFF
D/ICU     ( 9462): No timezone override file found: /data/misc/zoneinfo/current/icu/icu_tzdata.dat
I/Radio-JNI( 9462): register_android_hardware_Radio DONE
D/AndroidRuntime( 9462): Calling main entry com.android.commands.settings.SettingsCmd
D/AndroidRuntime( 9462): Shutting down VM
D/AndroidRuntime( 9486): >>>>>> START com.android.internal.os.RuntimeInit uid 2000 <<<<<<
D/AndroidRuntime( 9486): CheckJNI is OFF
D/ICU     ( 9486): No timezone override file found: /data/misc/zoneinfo/current/icu/icu_tzdata.dat
I/Radio-JNI( 9486): register_android_hardware_Radio DONE
D/AndroidRuntime( 9486): Calling main entry com.android.commands.settings.SettingsCmd
D/AndroidRuntime( 9486): Shutting down VM
D/AndroidRuntime( 9519): >>>>>> START com.android.internal.os.RuntimeInit uid 2000 <<<<<<
D/AndroidRuntime( 9519): CheckJNI is OFF
D/ICU     ( 9519): No timezone override file found: /data/misc/zoneinfo/current/icu/icu_tzdata.dat
I/Radio-JNI( 9519): register_android_hardware_Radio DONE
D/AndroidRuntime( 9519): Calling main entry com.android.commands.pm.Pm
W/MessageQueue( 9519): Handler (android.os.Handler) {c273c8e} sending message to a Handler on a dead thread
W/MessageQueue( 9519): java.lang.IllegalStateException: Handler (android.os.Handler) {c273c8e} sending message to a Handler on a dead thread
W/MessageQueue( 9519): 	at android.os.MessageQueue.enqueueMessage(MessageQueue.java:543)
W/MessageQueue( 9519): 	at android.os.Handler.enqueueMessage(Handler.java:643)
W/MessageQueue( 9519): 	at android.os.Handler.sendMessageAtTime(Handler.java:612)
W/MessageQueue( 9519): 	at android.os.Handler.sendMessageDelayed(Handler.java:582)
W/MessageQueue( 9519): 	at android.os.Handler.post(Handler.java:338)
W/MessageQueue( 9519): 	at android.os.ResultReceiver$MyResultReceiver.send(ResultReceiver.java:57)
W/MessageQueue( 9519): 	at com.android.internal.os.IResultReceiver$Stub.onTransact(IResultReceiver.java:58)
W/MessageQueue( 9519): 	at android.os.Binder.execTransact(Binder.java:565)
I/art     ( 9519): System.exit called, status: 0
I/AndroidRuntime( 9519): VM exiting with result code 0.
I/art     (  872): Background sticky concurrent mark sweep GC freed 78746(4MB) AllocSpace objects, 56(2MB) LOS objects, 29% free, 17MB/24MB, paused 5.105ms total 39.261ms
I/ActivityManager(  872): Killing 6326:com.google.android.apps.gcs/u0a17 (adj 906): empty #17
D/AndroidRuntime( 9578): >>>>>> START com.android.internal.os.RuntimeInit uid 2000 <<<<<<
D/AndroidRuntime( 9578): CheckJNI is OFF
D/ICU     ( 9578): No timezone override file found: /data/misc/zoneinfo/current/icu/icu_tzdata.dat
I/Radio-JNI( 9578): register_android_hardware_Radio DONE
D/AndroidRuntime( 9578): Calling main entry com.android.commands.pm.Pm
I/art     ( 9578): System.exit called, status: 0
I/AndroidRuntime( 9578): VM exiting with result code 0.
W/MessageQueue( 9578): Handler (android.os.Handler) {369cd08} sending message to a Handler on a dead thread
W/MessageQueue( 9578): java.lang.IllegalStateException: Handler (android.os.Handler) {369cd08} sending message to a Handler on a dead thread
W/MessageQueue( 9578): 	at android.os.MessageQueue.enqueueMessage(MessageQueue.java:543)
W/MessageQueue( 9578): 	at android.os.Handler.enqueueMessage(Handler.java:643)
W/MessageQueue( 9578): 	at android.os.Handler.sendMessageAtTime(Handler.java:612)
W/MessageQueue( 9578): 	at android.os.Handler.sendMessageDelayed(Handler.java:582)
W/MessageQueue( 9578): 	at android.os.Handler.post(Handler.java:338)
W/MessageQueue( 9578): 	at android.os.ResultReceiver$MyResultReceiver.send(ResultReceiver.java:57)
W/MessageQueue( 9578): 	at com.android.internal.os.IResultReceiver$Stub.onTransact(IResultReceiver.java:58)
W/MessageQueue( 9578): 	at android.os.Binder.execTransact(Binder.java:565)
D/AndroidRuntime( 9672): >>>>>> START com.android.internal.os.RuntimeInit uid 2000 <<<<<<
D/AndroidRuntime( 9672): CheckJNI is OFF
D/ICU     ( 9672): No timezone override file found: /data/misc/zoneinfo/current/icu/icu_tzdata.dat
I/Radio-JNI( 9672): register_android_hardware_Radio DONE
D/AndroidRuntime( 9672): Calling main entry com.android.commands.am.Am
W/ActivityManager(  872): Invalid packageName: com.careerbuilder.SugarDrone.test
D/AndroidRuntime( 9672): Shutting down VM
D/AndroidRuntime( 9704): >>>>>> START com.android.internal.os.RuntimeInit uid 2000 <<<<<<
D/AndroidRuntime( 9704): CheckJNI is OFF
D/ICU     ( 9704): No timezone override file found: /data/misc/zoneinfo/current/icu/icu_tzdata.dat
I/Radio-JNI( 9704): register_android_hardware_Radio DONE
D/AndroidRuntime( 9704): Calling main entry com.android.commands.pm.Pm
I/        (  511): free_cache(609973) avail 10794520576
I/PackageManager.DexOptimizer(  872): Running dexopt (dex2oat) on: /data/app/vmdl124194200.tmp/base.apk pkg=com.careerbuilder.SugarDrone.test isa=arm64 vmSafeMode=false debuggable=false target-filter=interpret-only oatDir = /data/app/vmdl124194200.tmp/oat sharedLibraries=/system/framework/android.test.runner.jar:/system/framework/com.google.android.maps.jar
I/dex2oat ( 9731): /system/bin/dex2oat --compiler-filter=interpret-only -j4
I/dex2oat ( 9731): dex2oat took 655.228ms (threads: 4) arena alloc=185KB (189784B) java alloc=2MB (2260368B) native alloc=2MB (2694864B) free=2MB (2548016B)
W/PackageManager(  872): Not granting permission android.permission.ACCESS_MOCK_LOCATION to package com.careerbuilder.SugarDrone.test (protectionLevel=2 flags=0x1800be44)
V/BackupManagerService(  872): restoreAtInstall pkg=com.careerbuilder.SugarDrone.test token=6 restoreSet=0
V/BackupManagerService(  872): Finishing install immediately
I/art     (  872): Starting a blocking GC Explicit
V/JNIHelp ( 9337): Registering com/google/android/gms/org/conscrypt/NativeCrypto's 242 native methods...
D/NetworkSecurityConfig( 9337): No Network Security Config specified, using platform default
I/ProviderInstaller( 9337): Installed default security provider GmsCore_OpenSSL
I/art     (  872): Explicit concurrent mark sweep GC freed 12814(1087KB) AllocSpace objects, 5(148KB) LOS objects, 33% free, 16MB/24MB, paused 1.521ms total 95.028ms
E/        (  511): Couldn't opendir /data/app/vmdl124194200.tmp: No such file or directory
I/art     ( 9704): System.exit called, status: 0
I/AndroidRuntime( 9704): VM exiting with result code 0.
I/InputReader(  872): Reconfiguring input devices.  changes=0x00000010
W/ActivityManager(  872): Permission Denial: Accessing service ComponentInfo{com.google.android.music/com.google.android.music.dial.DialMediaRouteProviderService} from pid=5222, uid=10085 that is not exported from uid 10071
D/RegisteredNfcFServicesCache( 4016): Service unchanged, not updating
D/CarrierSvcBindHelper( 3124): No carrier app for: 0
D/CarrierConfigLoader( 3124): mHandler: 9 phoneId: 0
I/Finsky  ( 9281): [1] com.google.android.finsky.utils.PermissionPolicies$PermissionPolicyService.onStartCommand(117): post-install permissions check for com.careerbuilder.SugarDrone.test
W/Finsky  ( 9281): [1] com.google.android.finsky.FinskyApp.i(1468): No account configured on this device.
I/UpdateIcingCorporaServi( 4136): Updating corpora: APPS=com.careerbuilder.SugarDrone.test, CONTACTS=MAYBE
I/Finsky  ( 9281): [1] com.google.android.finsky.utils.bh.run(2302): Package state data is missing for com.careerbuilder.SugarDrone.test
W/Finsky  ( 9281): [1] com.google.android.finsky.FinskyApp.i(1468): No account configured on this device.
I/UpdateIcingCorporaServi( 4136): UpdateCorporaTask done [took 33 ms] updated apps [took 33 ms] 
D/Wear_Controller( 4150): Received broadcast action=android.intent.action.PACKAGE_ADDED and uri=com.careerbuilder.SugarDrone.test
I/PeopleContactsSync( 4150): triggerPendingContactsCleanup: no accounts
W/IcingInternalCorpora( 4150): getNumBytesRead when not calculated.
I/Icing   ( 4150): Usage reports 0 indexed 0 rejected 0 imm upload false
I/Icing   ( 4150): Usage reports 0 indexed 0 rejected 0 imm upload false
D/AndroidRuntime( 9775): >>>>>> START com.android.internal.os.RuntimeInit uid 2000 <<<<<<
D/AndroidRuntime( 9775): CheckJNI is OFF
D/ICU     ( 9775): No timezone override file found: /data/misc/zoneinfo/current/icu/icu_tzdata.dat
I/Radio-JNI( 9775): register_android_hardware_Radio DONE
D/AndroidRuntime( 9775): Calling main entry com.android.commands.settings.SettingsCmd
D/AndroidRuntime( 9775): Shutting down VM
I/Icing   ( 4150): Indexing CFF8FE80ED56E42D4CB52230EC16365D73D1C21A from com.google.android.gms
I/Icing   ( 4150): Indexing done CFF8FE80ED56E42D4CB52230EC16365D73D1C21A
D/AndroidRuntime( 9808): >>>>>> START com.android.internal.os.RuntimeInit uid 2000 <<<<<<
D/AndroidRuntime( 9808): CheckJNI is OFF
D/ICU     ( 9808): No timezone override file found: /data/misc/zoneinfo/current/icu/icu_tzdata.dat
I/Radio-JNI( 9808): register_android_hardware_Radio DONE
D/AndroidRuntime( 9808): Calling main entry com.android.commands.settings.SettingsCmd
D/AndroidRuntime( 9808): Shutting down VM
D/AndroidRuntime( 9836): >>>>>> START com.android.internal.os.RuntimeInit uid 2000 <<<<<<
D/AndroidRuntime( 9836): CheckJNI is OFF
D/ICU     ( 9836): No timezone override file found: /data/misc/zoneinfo/current/icu/icu_tzdata.dat
I/Radio-JNI( 9836): register_android_hardware_Radio DONE
D/AndroidRuntime( 9836): Calling main entry com.android.commands.settings.SettingsCmd
D/AndroidRuntime( 9836): Shutting down VM
D/AndroidRuntime( 9862): >>>>>> START com.android.internal.os.RuntimeInit uid 2000 <<<<<<
D/AndroidRuntime( 9862): CheckJNI is OFF
D/ICU     ( 9862): No timezone override file found: /data/misc/zoneinfo/current/icu/icu_tzdata.dat
I/Radio-JNI( 9862): register_android_hardware_Radio DONE
D/AndroidRuntime( 9862): Calling main entry com.android.commands.settings.SettingsCmd
D/AndroidRuntime( 9862): Shutting down VM
D/AndroidRuntime( 9886): >>>>>> START com.android.internal.os.RuntimeInit uid 2000 <<<<<<
D/AndroidRuntime( 9886): CheckJNI is OFF
D/ICU     ( 9886): No timezone override file found: /data/misc/zoneinfo/current/icu/icu_tzdata.dat
I/Radio-JNI( 9886): register_android_hardware_Radio DONE
D/AndroidRuntime( 9886): Calling main entry com.android.commands.settings.SettingsCmd
D/AndroidRuntime( 9886): Shutting down VM
D/AndroidRuntime( 9918): >>>>>> START com.android.internal.os.RuntimeInit uid 2000 <<<<<<
D/AndroidRuntime( 9918): CheckJNI is OFF
D/ICU     ( 9918): No timezone override file found: /data/misc/zoneinfo/current/icu/icu_tzdata.dat
I/Radio-JNI( 9918): register_android_hardware_Radio DONE
D/AndroidRuntime( 9918): Calling main entry com.android.commands.pm.Pm
W/MessageQueue( 9918): Handler (android.os.Handler) {357e7a7} sending message to a Handler on a dead thread
W/MessageQueue( 9918): java.lang.IllegalStateException: Handler (android.os.Handler) {357e7a7} sending message to a Handler on a dead thread
W/MessageQueue( 9918): 	at android.os.MessageQueue.enqueueMessage(MessageQueue.java:543)
W/MessageQueue( 9918): 	at android.os.Handler.enqueueMessage(Handler.java:643)
W/MessageQueue( 9918): 	at android.os.Handler.sendMessageAtTime(Handler.java:612)
W/MessageQueue( 9918): 	at android.os.Handler.sendMessageDelayed(Handler.java:582)
W/MessageQueue( 9918): 	at android.os.Handler.post(Handler.java:338)
W/MessageQueue( 9918): 	at android.os.ResultReceiver$MyResultReceiver.send(ResultReceiver.java:57)
W/MessageQueue( 9918): 	at com.android.internal.os.IResultReceiver$Stub.onTransact(IResultReceiver.java:58)
W/MessageQueue( 9918): 	at android.os.Binder.execTransact(Binder.java:565)
I/art     ( 9918): System.exit called, status: 0
I/AndroidRuntime( 9918): VM exiting with result code 0.
D/AndroidRuntime( 9979): >>>>>> START com.android.internal.os.RuntimeInit uid 2000 <<<<<<
D/AndroidRuntime( 9979): CheckJNI is OFF
D/ICU     ( 9979): No timezone override file found: /data/misc/zoneinfo/current/icu/icu_tzdata.dat
I/Radio-JNI( 9979): register_android_hardware_Radio DONE
D/AndroidRuntime( 9979): Calling main entry com.android.commands.pm.Pm
I/art     ( 9979): System.exit called, status: 0
I/AndroidRuntime( 9979): VM exiting with result code 0.
W/MessageQueue( 9979): Handler (android.os.Handler) {63bc05e} sending message to a Handler on a dead thread
W/MessageQueue( 9979): java.lang.IllegalStateException: Handler (android.os.Handler) {63bc05e} sending message to a Handler on a dead thread
W/MessageQueue( 9979): 	at android.os.MessageQueue.enqueueMessage(MessageQueue.java:543)
W/MessageQueue( 9979): 	at android.os.Handler.enqueueMessage(Handler.java:643)
W/MessageQueue( 9979): 	at android.os.Handler.sendMessageAtTime(Handler.java:612)
W/MessageQueue( 9979): 	at android.os.Handler.sendMessageDelayed(Handler.java:582)
W/MessageQueue( 9979): 	at android.os.Handler.post(Handler.java:338)
W/MessageQueue( 9979): 	at android.os.ResultReceiver$MyResultReceiver.send(ResultReceiver.java:57)
W/MessageQueue( 9979): 	at com.android.internal.os.IResultReceiver$Stub.onTransact(IResultReceiver.java:58)
W/MessageQueue( 9979): 	at android.os.Binder.execTransact(Binder.java:565)
I/ActivityManager(  872): Killing 7304:com.google.android.gms.unstable/u0a18 (adj 906): empty #17
D/AndroidRuntime(10063): >>>>>> START com.android.internal.os.RuntimeInit uid 2000 <<<<<<
D/AndroidRuntime(10063): CheckJNI is OFF
D/ICU     (10063): No timezone override file found: /data/misc/zoneinfo/current/icu/icu_tzdata.dat
I/Radio-JNI(10063): register_android_hardware_Radio DONE
D/AndroidRuntime(10063): Calling main entry com.android.commands.input.Input
I/Input   (10063): injectKeyEvent: KeyEvent { action=ACTION_DOWN, keyCode=KEYCODE_BACK, scanCode=0, metaState=0, flags=0x0, repeatCount=0, eventTime=289569, downTime=289569, deviceId=-1, source=0x101 }
I/Input   (10063): injectKeyEvent: KeyEvent { action=ACTION_UP, keyCode=KEYCODE_BACK, scanCode=0, metaState=0, flags=0x0, repeatCount=0, eventTime=289569, downTime=289569, deviceId=-1, source=0x101 }
D/AndroidRuntime(10063): Shutting down VM
D/AndroidRuntime(10121): >>>>>> START com.android.internal.os.RuntimeInit uid 2000 <<<<<<
D/AndroidRuntime(10121): CheckJNI is OFF
D/ICU     (10121): No timezone override file found: /data/misc/zoneinfo/current/icu/icu_tzdata.dat
I/Radio-JNI(10121): register_android_hardware_Radio DONE
D/AndroidRuntime(10121): Calling main entry com.android.commands.input.Input
I/Input   (10121): injectKeyEvent: KeyEvent { action=ACTION_DOWN, keyCode=KEYCODE_HOME, scanCode=0, metaState=0, flags=0x0, repeatCount=0, eventTime=291441, downTime=291441, deviceId=-1, source=0x101 }
I/Input   (10121): injectKeyEvent: KeyEvent { action=ACTION_UP, keyCode=KEYCODE_HOME, scanCode=0, metaState=0, flags=0x0, repeatCount=0, eventTime=291441, downTime=291441, deviceId=-1, source=0x101 }
I/ActivityManager(  872): START u0 {act=android.intent.action.MAIN cat=[android.intent.category.HOME] flg=0x10200000 cmp=com.google.android.googlequicksearchbox/com.google.android.launcher.GEL (has extras)} from uid 1000 on display 0
D/AndroidRuntime(10121): Shutting down VM
I/GEL     ( 4049): handleIntent(Intent { act=android.intent.action.MAIN cat=[android.intent.category.HOME] flg=0x10200000 cmp=com.google.android.googlequicksearchbox/com.google.android.launcher.GEL (has extras) })
W/SearchService( 4136): Abort, client detached.
D/AndroidRuntime(10160): >>>>>> START com.android.internal.os.RuntimeInit uid 2000 <<<<<<
D/AndroidRuntime(10160): CheckJNI is OFF
D/ICU     (10160): No timezone override file found: /data/misc/zoneinfo/current/icu/icu_tzdata.dat
I/Radio-JNI(10160): register_android_hardware_Radio DONE
D/AndroidRuntime(10160): Calling main entry com.android.commands.input.Input
I/Input   (10160): injectKeyEvent: KeyEvent { action=ACTION_DOWN, keyCode=KEYCODE_BACK, scanCode=0, metaState=0, flags=0x0, repeatCount=0, eventTime=292850, downTime=292850, deviceId=-1, source=0x101 }
I/Input   (10160): injectKeyEvent: KeyEvent { action=ACTION_UP, keyCode=KEYCODE_BACK, scanCode=0, metaState=0, flags=0x0, repeatCount=0, eventTime=292850, downTime=292850, deviceId=-1, source=0x101 }
D/AndroidRuntime(10160): Shutting down VM
W/Finsky  ( 9281): [374] com.google.android.finsky.FinskyApp.i(1468): No account configured on this device.
I/Finsky  ( 9281): [374] com.google.android.finsky.c.e.run(1151): Replicating app states via AMAS.
I/Finsky  ( 9281): [374] com.google.android.finsky.c.c.a(311): Completed 0 account content syncs with 0 successful.
I/Finsky  ( 9281): [1] com.google.android.finsky.services.j.a(149): Installation state replication succeeded.
D/AndroidRuntime(10202): >>>>>> START com.android.internal.os.RuntimeInit uid 2000 <<<<<<
D/AndroidRuntime(10202): CheckJNI is OFF
D/ICU     (10202): No timezone override file found: /data/misc/zoneinfo/current/icu/icu_tzdata.dat
I/Radio-JNI(10202): register_android_hardware_Radio DONE
D/AndroidRuntime(10202): Calling main entry com.android.commands.am.Am
I/ActivityManager(  872): Force stopping com.careerbuilder.SugarDrone appid=15344 user=0: start instr
I/art     (10226): Late-enabling -Xcheck:jni
I/ActivityManager(  872): Start proc 10226:com.careerbuilder.SugarDrone/u0a5344 for added application com.careerbuilder.SugarDrone
W/System  (10226): ClassLoader referenced unknown path: /data/app/com.careerbuilder.SugarDrone.test-1/lib/arm64
W/System  (10226): ClassLoader referenced unknown path: 
W/monodroid(10226): Using override path: /data/user/0/com.careerbuilder.SugarDrone/files/.__override__
W/monodroid(10226): Trying to load sgen from: /data/user/0/com.careerbuilder.SugarDrone/files/.__override__/libmonosgen-2.0.so
W/monodroid(10226): Trying to load sgen from: /storage/emulated/0/Android/data/com.careerbuilder.SugarDrone/files/.__override__/libmonosgen-2.0.so
W/monodroid(10226): Trying to load sgen from: /data/app/com.careerbuilder.SugarDrone-1/lib/arm/libmonosgen-2.0.so
D/Mono    (10226): Image addref mscorlib[0xe4f97d20] -> mscorlib.dll[0xe784f900]: 2
D/Mono    (10226): Prepared to set up assembly 'mscorlib' (mscorlib.dll)
D/Mono    (10226): AOT module 'mscorlib.dll.so' not found: dlopen failed: library "/data/app/com.careerbuilder.SugarDrone-1/lib/arm/libaot-mscorlib.dll.so" not found
D/Mono    (10226): AOT module '/Users/builder/data/lanes/4009/3a62f1ea/source/monodroid/builds/install/mono-armv6/lib/mono/aot-cache/arm/mscorlib.dll.so' not found: dlopen failed: library "/data/app/com.careerbuilder.SugarDrone-1/lib/arm/libaot-mscorlib.dll.so" not found
D/Mono    (10226): Config attempting to parse: 'mscorlib.dll.config'.
D/Mono    (10226): Config attempting to parse: '/Users/builder/data/lanes/4009/3a62f1ea/source/monodroid/builds/install/mono-armv6/etc/mono/assemblies/mscorlib/mscorlib.config'.
D/Mono    (10226): Assembly mscorlib[0xe4f97d20] added to domain RootDomain, ref_count=1
D/Mono    (10226): Image addref CareerBuilder_Search.Droid[0xe4f97fc0] -> CareerBuilder_Search.Droid.dll[0xe7850800]: 2
D/Mono    (10226): Prepared to set up assembly 'CareerBuilder_Search.Droid' (CareerBuilder_Search.Droid.dll)
D/Mono    (10226): Assembly CareerBuilder_Search.Droid[0xe4f97fc0] added to domain RootDomain, ref_count=1
D/Mono    (10226): AOT module 'CareerBuilder_Search.Droid.dll.so' not found: dlopen failed: library "/data/app/com.careerbuilder.SugarDrone-1/lib/arm/libaot-CareerBuilder_Search.Droid.dll.so" not found
D/Mono    (10226): AOT module '/Users/builder/data/lanes/4009/3a62f1ea/source/monodroid/builds/install/mono-armv6/lib/mono/aot-cache/arm/CareerBuilder_Search.Droid.dll.so' not found: dlopen failed: library "/data/app/com.careerbuilder.SugarDrone-1/lib/arm/libaot-CareerBuilder_Search.Droid.dll.so" not found
D/Mono    (10226): Config attempting to parse: 'CareerBuilder_Search.Droid.dll.config'.
D/Mono    (10226): Config attempting to parse: '/Users/builder/data/lanes/4009/3a62f1ea/source/monodroid/builds/install/mono-armv6/etc/mono/assemblies/CareerBuilder_Search.Droid/CareerBuilder_Search.Droid.config'.
D/Mono    (10226): Image addref AppsFlyerXamarinBindingAndroid[0xe4f98200] -> AppsFlyerXamarinBindingAndroid.dll[0xe7850d00]: 2
D/Mono    (10226): Prepared to set up assembly 'AppsFlyerXamarinBindingAndroid' (AppsFlyerXamarinBindingAndroid.dll)
D/Mono    (10226): Assembly AppsFlyerXamarinBindingAndroid[0xe4f98200] added to domain RootDomain, ref_count=1
D/Mono    (10226): AOT module 'AppsFlyerXamarinBindingAndroid.dll.so' not found: dlopen failed: library "/data/app/com.careerbuilder.SugarDrone-1/lib/arm/libaot-AppsFlyerXamarinBindingAndroid.dll.so" not found
D/Mono    (10226): AOT module '/Users/builder/data/lanes/4009/3a62f1ea/source/monodroid/builds/install/mono-armv6/lib/mono/aot-cache/arm/AppsFlyerXamarinBindingAndroid.dll.so' not found: dlopen failed: library "/data/app/com.careerbuilder.SugarDrone-1/lib/arm/libaot-AppsFlyerXamarinBindingAndroid.dll.so" not found
D/Mono    (10226): Config attempting to parse: 'AppsFlyerXamarinBindingAndroid.dll.config'.
D/Mono    (10226): Config attempting to parse: '/Users/builder/data/lanes/4009/3a62f1ea/source/monodroid/builds/install/mono-armv6/etc/mono/assemblies/AppsFlyerXamarinBindingAndroid/AppsFlyerXamarinBindingAndroid.config'.
D/Mono    (10226): Image addref HockeySDK[0xe4f984a0] -> HockeySDK.dll[0xe7851200]: 2
D/Mono    (10226): Prepared to set up assembly 'HockeySDK' (HockeySDK.dll)
D/Mono    (10226): Assembly HockeySDK[0xe4f984a0] added to domain RootDomain, ref_count=1
D/Mono    (10226): AOT module 'HockeySDK.dll.so' not found: dlopen failed: library "/data/app/com.careerbuilder.SugarDrone-1/lib/arm/libaot-HockeySDK.dll.so" not found
D/Mono    (10226): AOT module '/Users/builder/data/lanes/4009/3a62f1ea/source/monodroid/builds/install/mono-armv6/lib/mono/aot-cache/arm/HockeySDK.dll.so' not found: dlopen failed: library "/data/app/com.careerbuilder.SugarDrone-1/lib/arm/libaot-HockeySDK.dll.so" not found
D/Mono    (10226): Config attempting to parse: 'HockeySDK.dll.config'.
D/Mono    (10226): Config attempting to parse: '/Users/builder/data/lanes/4009/3a62f1ea/source/monodroid/builds/install/mono-armv6/etc/mono/assemblies/HockeySDK/HockeySDK.config'.
D/Mono    (10226): Image addref Akavache[0xe4f98500] -> Akavache.dll[0xe7851700]: 2
D/Mono    (10226): Prepared to set up assembly 'Akavache' (Akavache.dll)
D/Mono    (10226): Assembly Akavache[0xe4f98500] added to domain RootDomain, ref_count=1
D/Mono    (10226): AOT module 'Akavache.dll.so' not found: dlopen failed: library "/data/app/com.careerbuilder.SugarDrone-1/lib/arm/libaot-Akavache.dll.so" not found
D/Mono    (10226): AOT module '/Users/builder/data/lanes/4009/3a62f1ea/source/monodroid/builds/install/mono-armv6/lib/mono/aot-cache/arm/Akavache.dll.so' not found: dlopen failed: library "/data/app/com.careerbuilder.SugarDrone-1/lib/arm/libaot-Akavache.dll.so" not found
D/Mono    (10226): Config attempting to parse: 'Akavache.dll.config'.
D/Mono    (10226): Config attempting to parse: '/Users/builder/data/lanes/4009/3a62f1ea/source/monodroid/builds/install/mono-armv6/etc/mono/assemblies/Akavache/Akavache.config'.
D/Mono    (10226): Image addref Akavache.Sqlite3[0xe4f98560] -> Akavache.Sqlite3.dll[0xe7851c00]: 2
D/Mono    (10226): Prepared to set up assembly 'Akavache.Sqlite3' (Akavache.Sqlite3.dll)
D/Mono    (10226): Assembly Akavache.Sqlite3[0xe4f98560] added to domain RootDomain, ref_count=1
D/Mono    (10226): AOT module 'Akavache.Sqlite3.dll.so' not found: dlopen failed: library "/data/app/com.careerbuilder.SugarDrone-1/lib/arm/libaot-Akavache.Sqlite3.dll.so" not found
D/Mono    (10226): AOT module '/Users/builder/data/lanes/4009/3a62f1ea/source/monodroid/builds/install/mono-armv6/lib/mono/aot-cache/arm/Akavache.Sqlite3.dll.so' not found: dlopen failed: library "/data/app/com.careerbuilder.SugarDrone-1/lib/arm/libaot-Akavache.Sqlite3.dll.so" not found
W/        (10226): Symbol file LoadedFromMemory doesn't match image Akavache.Sqlite3.dll
D/Mono    (10226): Config attempting to parse: 'Akavache.Sqlite3.dll.config'.
D/Mono    (10226): Config attempting to parse: '/Users/builder/data/lanes/4009/3a62f1ea/source/monodroid/builds/install/mono-armv6/etc/mono/assemblies/Akavache.Sqlite3/Akavache.Sqlite3.config'.
D/Mono    (10226): Image addref Splat[0xe4f985c0] -> Splat.dll[0xe7852100]: 2
D/Mono    (10226): Prepared to set up assembly 'Splat' (Splat.dll)
D/Mono    (10226): Assembly Splat[0xe4f985c0] added to domain RootDomain, ref_count=1
D/Mono    (10226): AOT module 'Splat.dll.so' not found: dlopen failed: library "/data/app/com.careerbuilder.SugarDrone-1/lib/arm/libaot-Splat.dll.so" not found
D/Mono    (10226): AOT module '/Users/builder/data/lanes/4009/3a62f1ea/source/monodroid/builds/install/mono-armv6/lib/mono/aot-cache/arm/Splat.dll.so' not found: dlopen failed: library "/data/app/com.careerbuilder.SugarDrone-1/lib/arm/libaot-Splat.dll.so" not found
D/Mono    (10226): Config attempting to parse: 'Splat.dll.config'.
D/Mono    (10226): Config attempting to parse: '/Users/builder/data/lanes/4009/3a62f1ea/source/monodroid/builds/install/mono-armv6/etc/mono/assemblies/Splat/Splat.config'.
D/Mono    (10226): Image addref Microsoft.Practices.ServiceLocation[0xe4f98620] -> Microsoft.Practices.ServiceLocation.dll[0xe7852600]: 2
D/Mono    (10226): Prepared to set up assembly 'Microsoft.Practices.ServiceLocation' (Microsoft.Practices.ServiceLocation.dll)
D/Mono    (10226): Assembly Microsoft.Practices.ServiceLocation[0xe4f98620] added to domain RootDomain, ref_count=1
D/Mono    (10226): AOT module 'Microsoft.Practices.ServiceLocation.dll.so' not found: dlopen failed: library "/data/app/com.careerbuilder.SugarDrone-1/lib/arm/libaot-Microsoft.Practices.ServiceLocation.dll.so" not found
D/Mono    (10226): AOT module '/Users/builder/data/lanes/4009/3a62f1ea/source/monodroid/builds/install/mono-armv6/lib/mono/aot-cache/arm/Microsoft.Practices.ServiceLocation.dll.so' not found: dlopen failed: library "/data/app/com.careerbuilder.SugarDrone-1/lib/arm/libaot-Microsoft.Practices.ServiceLocation.dll.so" not found
D/Mono    (10226): Config attempting to parse: 'Microsoft.Practices.ServiceLocation.dll.config'.
D/Mono    (10226): Config attempting to parse: '/Users/builder/data/lanes/4009/3a62f1ea/source/monodroid/builds/install/mono-armv6/etc/mono/assemblies/Microsoft.Practices.ServiceLocation/Microsoft.Practices.ServiceLocation.config'.
D/Mono    (10226): Image addref Microsoft.Practices.Unity[0xe4f98680] -> Microsoft.Practices.Unity.dll[0xe7852b00]: 2
D/Mono    (10226): Prepared to set up assembly 'Microsoft.Practices.Unity' (Microsoft.Practices.Unity.dll)
D/Mono    (10226): Assembly Microsoft.Practices.Unity[0xe4f98680] added to domain RootDomain, ref_count=1
D/Mono    (10226): AOT module 'Microsoft.Practices.Unity.dll.so' not found: dlopen failed: library "/data/app/com.careerbuilder.SugarDrone-1/lib/arm/libaot-Microsoft.Practices.Unity.dll.so" not found
D/Mono    (10226): AOT module '/Users/builder/data/lanes/4009/3a62f1ea/source/monodroid/builds/install/mono-armv6/lib/mono/aot-cache/arm/Microsoft.Practices.Unity.dll.so' not found: dlopen failed: library "/data/app/com.careerbuilder.SugarDrone-1/lib/arm/libaot-Microsoft.Practices.Unity.dll.so" not found
D/Mono    (10226): Config attempting to parse: 'Microsoft.Practices.Unity.dll.config'.
D/Mono    (10226): Config attempting to parse: '/Users/builder/data/lanes/4009/3a62f1ea/source/monodroid/builds/install/mono-armv6/etc/mono/assemblies/Microsoft.Practices.Unity/Microsoft.Practices.Unity.config'.
D/Mono    (10226): Image addref Plugin.CurrentActivity[0xe4f986e0] -> Plugin.CurrentActivity.dll[0xe4ffa000]: 2
D/Mono    (10226): Prepared to set up assembly 'Plugin.CurrentActivity' (Plugin.CurrentActivity.dll)
D/Mono    (10226): Assembly Plugin.CurrentActivity[0xe4f986e0] added to domain RootDomain, ref_count=1
D/Mono    (10226): AOT module 'Plugin.CurrentActivity.dll.so' not found: dlopen failed: library "/data/app/com.careerbuilder.SugarDrone-1/lib/arm/libaot-Plugin.CurrentActivity.dll.so" not found
D/Mono    (10226): AOT module '/Users/builder/data/lanes/4009/3a62f1ea/source/monodroid/builds/install/mono-armv6/lib/mono/aot-cache/arm/Plugin.CurrentActivity.dll.so' not found: dlopen failed: library "/data/app/com.careerbuilder.SugarDrone-1/lib/arm/libaot-Plugin.CurrentActivity.dll.so" not found
D/Mono    (10226): Config attempting to parse: 'Plugin.CurrentActivity.dll.config'.
D/Mono    (10226): Config attempting to parse: '/Users/builder/data/lanes/4009/3a62f1ea/source/monodroid/builds/install/mono-armv6/etc/mono/assemblies/Plugin.CurrentActivity/Plugin.CurrentActivity.config'.
D/Mono    (10226): Image addref Plugin.Permissions[0xe4f98740] -> Plugin.Permissions.dll[0xe4ffa500]: 2
D/Mono    (10226): Prepared to set up assembly 'Plugin.Permissions' (Plugin.Permissions.dll)
D/Mono    (10226): Assembly Plugin.Permissions[0xe4f98740] added to domain RootDomain, ref_count=1
D/Mono    (10226): AOT module 'Plugin.Permissions.dll.so' not found: dlopen failed: library "/data/app/com.careerbuilder.SugarDrone-1/lib/arm/libaot-Plugin.Permissions.dll.so" not found
D/Mono    (10226): AOT module '/Users/builder/data/lanes/4009/3a62f1ea/source/monodroid/builds/install/mono-armv6/lib/mono/aot-cache/arm/Plugin.Permissions.dll.so' not found: dlopen failed: library "/data/app/com.careerbuilder.SugarDrone-1/lib/arm/libaot-Plugin.Permissions.dll.so" not found
D/Mono    (10226): Config attempting to parse: 'Plugin.Permissions.dll.config'.
D/Mono    (10226): Config attempting to parse: '/Users/builder/data/lanes/4009/3a62f1ea/source/monodroid/builds/install/mono-armv6/etc/mono/assemblies/Plugin.Permissions/Plugin.Permissions.config'.
D/Mono    (10226): Image addref Plugin.Permissions.Abstractions[0xe4f987a0] -> Plugin.Permissions.Abstractions.dll[0xe4ffaa00]: 2
D/Mono    (10226): Prepared to set up assembly 'Plugin.Permissions.Abstractions' (Plugin.Permissions.Abstractions.dll)
D/Mono    (10226): Assembly Plugin.Permissions.Abstractions[0xe4f987a0] added to domain RootDomain, ref_count=1
D/Mono    (10226): AOT module 'Plugin.Permissions.Abstractions.dll.so' not found: dlopen failed: library "/data/app/com.careerbuilder.SugarDrone-1/lib/arm/libaot-Plugin.Permissions.Abstractions.dll.so" not found
D/Mono    (10226): AOT module '/Users/builder/data/lanes/4009/3a62f1ea/source/monodroid/builds/install/mono-armv6/lib/mono/aot-cache/arm/Plugin.Permissions.Abstractions.dll.so' not found: dlopen failed: library "/data/app/com.careerbuilder.SugarDrone-1/lib/arm/libaot-Plugin.Permissions.Abstractions.dll.so" not found
D/Mono    (10226): Config attempting to parse: 'Plugin.Permissions.Abstractions.dll.config'.
D/Mono    (10226): Config attempting to parse: '/Users/builder/data/lanes/4009/3a62f1ea/source/monodroid/builds/install/mono-armv6/etc/mono/assemblies/Plugin.Permissions.Abstractions/Plugin.Permissions.Abstractions.config'.
D/Mono    (10226): Image addref Plugin.Geolocator[0xe4f98800] -> Plugin.Geolocator.dll[0xe4ffaf00]: 2
D/Mono    (10226): Prepared to set up assembly 'Plugin.Geolocator' (Plugin.Geolocator.dll)
D/Mono    (10226): Assembly Plugin.Geolocator[0xe4f98800] added to domain RootDomain, ref_count=1
D/Mono    (10226): AOT module 'Plugin.Geolocator.dll.so' not found: dlopen failed: library "/data/app/com.careerbuilder.SugarDrone-1/lib/arm/libaot-Plugin.Geolocator.dll.so" not found
D/Mono    (10226): AOT module '/Users/builder/data/lanes/4009/3a62f1ea/source/monodroid/builds/install/mono-armv6/lib/mono/aot-cache/arm/Plugin.Geolocator.dll.so' not found: dlopen failed: library "/data/app/com.careerbuilder.SugarDrone-1/lib/arm/libaot-Plugin.Geolocator.dll.so" not found
D/Mono    (10226): Config attempting to parse: 'Plugin.Geolocator.dll.config'.
D/Mono    (10226): Config attempting to parse: '/Users/builder/data/lanes/4009/3a62f1ea/source/monodroid/builds/install/mono-armv6/etc/mono/assemblies/Plugin.Geolocator/Plugin.Geolocator.config'.
D/Mono    (10226): Image addref Plugin.Geolocator.Abstractions[0xe4f98860] -> Plugin.Geolocator.Abstractions.dll[0xe4ffb400]: 2
D/Mono    (10226): Prepared to set up assembly 'Plugin.Geolocator.Abstractions' (Plugin.Geolocator.Abstractions.dll)
D/Mono    (10226): Assembly Plugin.Geolocator.Abstractions[0xe4f98860] added to domain RootDomain, ref_count=1
D/Mono    (10226): AOT module 'Plugin.Geolocator.Abstractions.dll.so' not found: dlopen failed: library "/data/app/com.careerbuilder.SugarDrone-1/lib/arm/libaot-Plugin.Geolocator.Abstractions.dll.so" not found
D/Mono    (10226): AOT module '/Users/builder/data/lanes/4009/3a62f1ea/source/monodroid/builds/install/mono-armv6/lib/mono/aot-cache/arm/Plugin.Geolocator.Abstractions.dll.so' not found: dlopen failed: library "/data/app/com.careerbuilder.SugarDrone-1/lib/arm/libaot-Plugin.Geolocator.Abstractions.dll.so" not found
D/Mono    (10226): Config attempting to parse: 'Plugin.Geolocator.Abstractions.dll.config'.
D/Mono    (10226): Config attempting to parse: '/Users/builder/data/lanes/4009/3a62f1ea/source/monodroid/builds/install/mono-armv6/etc/mono/assemblies/Plugin.Geolocator.Abstractions/Plugin.Geolocator.Abstractions.config'.
D/Mono    (10226): Image addref Plugin.DeviceInfo[0xe4f988c0] -> Plugin.DeviceInfo.dll[0xe4ffb900]: 2
D/Mono    (10226): Prepared to set up assembly 'Plugin.DeviceInfo' (Plugin.DeviceInfo.dll)
D/Mono    (10226): Assembly Plugin.DeviceInfo[0xe4f988c0] added to domain RootDomain, ref_count=1
D/Mono    (10226): AOT module 'Plugin.DeviceInfo.dll.so' not found: dlopen failed: library "/data/app/com.careerbuilder.SugarDrone-1/lib/arm/libaot-Plugin.DeviceInfo.dll.so" not found
D/Mono    (10226): AOT module '/Users/builder/data/lanes/4009/3a62f1ea/source/monodroid/builds/install/mono-armv6/lib/mono/aot-cache/arm/Plugin.DeviceInfo.dll.so' not found: dlopen failed: library "/data/app/com.careerbuilder.SugarDrone-1/lib/arm/libaot-Plugin.DeviceInfo.dll.so" not found
D/Mono    (10226): Config attempting to parse: 'Plugin.DeviceInfo.dll.config'.
