D/Mono    ( 9663): Config attempting to parse: 'System.Core.dll.config'.
D/Mono    ( 9663): Config attempting to parse: '/Users/builder/data/lanes/4009/3a62f1ea/source/monodroid/builds/install/mono-armv6/etc/mono/assemblies/System.Core/System.Core.config'.
D/Mono    ( 9663): Assembly Ref addref System.Linq[0xddd795e0] -> System.Core[0xddd79760]: 2
D/Mono    ( 9663): Assembly Ref addref System.Core[0xddd79760] -> mscorlib[0xddd78200]: 10
D/Mono    ( 9663): Image addref System.Reflection.Extensions[0xddd79880] -> System.Reflection.Extensions.dll[0xc83b2a00]: 2
D/Mono    ( 9663): Prepared to set up assembly 'System.Reflection.Extensions' (System.Reflection.Extensions.dll)
D/Mono    ( 9663): Assembly System.Reflection.Extensions[0xddd79880] added to domain RootDomain, ref_count=1
D/Mono    ( 9663): AOT module 'System.Reflection.Extensions.dll.so' not found: dlopen failed: library "/data/app/com.careerbuilder.SugarDrone-1/lib/arm/libaot-System.Reflection.Extensions.dll.so" not found
D/Mono    ( 9663): AOT module '/Users/builder/data/lanes/4009/3a62f1ea/source/monodroid/builds/install/mono-armv6/lib/mono/aot-cache/arm/System.Reflection.Extensions.dll.so' not found: dlopen failed: library "/data/app/com.careerbuilder.SugarDrone-1/lib/arm/libaot-System.Reflection.Extensions.dll.so" not found
D/Mono    ( 9663): Config attempting to parse: 'System.Reflection.Extensions.dll.config'.
D/Mono    ( 9663): Config attempting to parse: '/Users/builder/data/lanes/4009/3a62f1ea/source/monodroid/builds/install/mono-armv6/etc/mono/assemblies/System.Reflection.Extensions/System.Reflection.Extensions.config'.
D/Mono    ( 9663): Assembly Ref addref Java.Interop[0xddd791c0] -> System.Reflection.Extensions[0xddd79880]: 2
D/Mono    ( 9663): Assembly Ref addref System.Reflection.Extensions[0xddd79880] -> mscorlib[0xddd78200]: 11
D/Mono    ( 9663): Assembly Ref addref Mono.Android[0xddd79160] -> System.Core[0xddd79760]: 3
D/Mono    ( 9663): DllImport searching in: '__Internal' ('(null)').
D/Mono    ( 9663): Searching for 'monodroid_typemap_managed_to_java'.
D/Mono    ( 9663): Probing 'monodroid_typemap_managed_to_java'.
D/Mono    ( 9663): Found as 'monodroid_typemap_managed_to_java'.
D/Mono    ( 9663): DllImport searching in: '__Internal' ('(null)').
D/Mono    ( 9663): Searching for 'java_interop_jnienv_alloc_object'.
D/Mono    ( 9663): Probing 'java_interop_jnienv_alloc_object'.
D/Mono    ( 9663): Found as 'java_interop_jnienv_alloc_object'.
D/Mono    ( 9663): DllImport searching in: '__Internal' ('(null)').
D/Mono    ( 9663): Searching for '_monodroid_gc_wait_for_bridge_processing'.
D/Mono    ( 9663): Probing '_monodroid_gc_wait_for_bridge_processing'.
D/Mono    ( 9663): Found as '_monodroid_gc_wait_for_bridge_processing'.
D/Mono    ( 9663): DllImport searching in: '__Internal' ('(null)').
D/Mono    ( 9663): Searching for 'java_interop_jnienv_register_natives'.
D/Mono    ( 9663): Probing 'java_interop_jnienv_register_natives'.
D/Mono    ( 9663): Found as 'java_interop_jnienv_register_natives'.
D/Mono    ( 9663): DllImport searching in: '__Internal' ('(null)').
D/Mono    ( 9663): Searching for 'java_interop_jnienv_call_nonvirtual_void_method_a'.
D/Mono    ( 9663): Probing 'java_interop_jnienv_call_nonvirtual_void_method_a'.
D/Mono    ( 9663): Found as 'java_interop_jnienv_call_nonvirtual_void_method_a'.
D/Mono    ( 9663): DllImport searching in: '__Internal' ('(null)').
D/Mono    ( 9663): Searching for 'java_interop_jnienv_is_same_object'.
D/Mono    ( 9663): Probing 'java_interop_jnienv_is_same_object'.
D/Mono    ( 9663): Found as 'java_interop_jnienv_is_same_object'.
D/Mono    ( 9663): DllImport searching in: '__Internal' ('(null)').
D/Mono    ( 9663): Searching for 'java_interop_jnienv_call_static_void_method_a'.
D/Mono    ( 9663): Probing 'java_interop_jnienv_call_static_void_method_a'.
D/Mono    ( 9663): Found as 'java_interop_jnienv_call_static_void_method_a'.
D/Mono    ( 9663): Assembly Ref addref AppsFlyerXamarinBindingAndroid[0xddd782c0] -> mscorlib[0xddd78200]: 12
D/Mono    ( 9663): Assembly Ref addref AppsFlyerXamarinBindingAndroid[0xddd782c0] -> Mono.Android[0xddd79160]: 2
D/Mono    ( 9663): Assembly Ref addref HockeySDK[0xddd78320] -> mscorlib[0xddd78200]: 13
D/Mono    ( 9663): Assembly Ref addref HockeySDK[0xddd78320] -> Mono.Android[0xddd79160]: 3
D/Mono    ( 9663): Assembly Ref addref Xamarin.GooglePlayServices.Analytics[0xddd78800] -> mscorlib[0xddd78200]: 14
D/Mono    ( 9663): Assembly Ref addref Xamarin.GooglePlayServices.Analytics[0xddd78800] -> Mono.Android[0xddd79160]: 4
D/Mono    ( 9663): Assembly Ref addref Xamarin.GooglePlayServices.Base[0xddd78860] -> mscorlib[0xddd78200]: 15
D/Mono    ( 9663): Assembly Ref addref Xamarin.GooglePlayServices.Base[0xddd78860] -> Mono.Android[0xddd79160]: 5
D/Mono    ( 9663): Assembly Ref addref Xamarin.GooglePlayServices.Basement[0xddd788c0] -> mscorlib[0xddd78200]: 16
D/Mono    ( 9663): Assembly Ref addref Xamarin.GooglePlayServices.Basement[0xddd788c0] -> Mono.Android[0xddd79160]: 6
D/Mono    ( 9663): Assembly Ref addref FloatingActionButton-Xamarin[0xddd78a40] -> mscorlib[0xddd78200]: 17
D/Mono    ( 9663): Assembly Ref addref FloatingActionButton-Xamarin[0xddd78a40] -> Mono.Android[0xddd79160]: 7
D/Mono    ( 9663): Assembly Ref addref Xamarin.Android.Support.v4[0xddd78aa0] -> mscorlib[0xddd78200]: 18
D/Mono    ( 9663): Assembly Ref addref Xamarin.Android.Support.v4[0xddd78aa0] -> Mono.Android[0xddd79160]: 8
D/Mono    ( 9663): Assembly Ref addref Xamarin.Android.Support.v7.RecyclerView[0xddd78b00] -> mscorlib[0xddd78200]: 19
D/Mono    ( 9663): Assembly Ref addref Xamarin.Android.Support.v7.RecyclerView[0xddd78b00] -> Mono.Android[0xddd79160]: 9
D/Mono    ( 9663): Assembly Ref addref Xamarin.Android.Support.Vector.Drawable[0xddd78b60] -> mscorlib[0xddd78200]: 20
D/Mono    ( 9663): Assembly Ref addref Xamarin.Android.Support.Vector.Drawable[0xddd78b60] -> Mono.Android[0xddd79160]: 10
D/Mono    ( 9663): Assembly Ref addref Xamarin.Android.Support.Animated.Vector.Drawable[0xddd78bc0] -> mscorlib[0xddd78200]: 21
D/Mono    ( 9663): Assembly Ref addref Xamarin.Android.Support.Animated.Vector.Drawable[0xddd78bc0] -> Mono.Android[0xddd79160]: 11
D/Mono    ( 9663): Assembly Ref addref Xamarin.Android.Support.v7.AppCompat[0xddd78c20] -> mscorlib[0xddd78200]: 22
D/Mono    ( 9663): Assembly Ref addref Xamarin.Android.Support.v7.AppCompat[0xddd78c20] -> Mono.Android[0xddd79160]: 12
D/Mono    ( 9663): Assembly Ref addref Xamarin.Android.Support.Design[0xddd78c80] -> mscorlib[0xddd78200]: 23
D/Mono    ( 9663): Assembly Ref addref Xamarin.Android.Support.Design[0xddd78c80] -> Mono.Android[0xddd79160]: 13
D/Mono    ( 9663): Assembly Ref addref Xamarin.Android.Support.v7.CardView[0xddd78ce0] -> mscorlib[0xddd78200]: 24
D/Mono    ( 9663): Assembly Ref addref Xamarin.Android.Support.v7.CardView[0xddd78ce0] -> Mono.Android[0xddd79160]: 14
D/Mono    ( 9663): Assembly Ref addref FlexboxLayoutXamarinBindingAndroid[0xddd79040] -> mscorlib[0xddd78200]: 25
D/Mono    ( 9663): Assembly Ref addref FlexboxLayoutXamarinBindingAndroid[0xddd79040] -> Mono.Android[0xddd79160]: 15
D/Mono    ( 9663): Assembly Ref addref CareerBuilder_Search.Droid[0xddd78260] -> Mono.Android[0xddd79160]: 16
D/Mono    ( 9663): Assembly Ref addref CareerBuilder_Search.Droid[0xddd78260] -> mscorlib[0xddd78200]: 26
D/Mono    ( 9663): Image addref Mono.Android.Export[0xddd79dc0] -> Mono.Android.Export.dll[0xc83b3900]: 2
D/Mono    ( 9663): Prepared to set up assembly 'Mono.Android.Export' (Mono.Android.Export.dll)
D/Mono    ( 9663): Assembly Mono.Android.Export[0xddd79dc0] added to domain RootDomain, ref_count=1
D/Mono    ( 9663): AOT module 'Mono.Android.Export.dll.so' not found: dlopen failed: library "/data/app/com.careerbuilder.SugarDrone-1/lib/arm/libaot-Mono.Android.Export.dll.so" not found
D/Mono    ( 9663): AOT module '/Users/builder/data/lanes/4009/3a62f1ea/source/monodroid/builds/install/mono-armv6/lib/mono/aot-cache/arm/Mono.Android.Export.dll.so' not found: dlopen failed: library "/data/app/com.careerbuilder.SugarDrone-1/lib/arm/libaot-Mono.Android.Export.dll.so" not found
D/Mono    ( 9663): Config attempting to parse: 'Mono.Android.Export.dll.config'.
D/Mono    ( 9663): Config attempting to parse: '/Users/builder/data/lanes/4009/3a62f1ea/source/monodroid/builds/install/mono-armv6/etc/mono/assemblies/Mono.Android.Export/Mono.Android.Export.config'.
D/Mono    ( 9663): Assembly Ref addref Mono.Android.Export[0xddd79dc0] -> mscorlib[0xddd78200]: 27
D/Mono    ( 9663): Assembly Ref addref Mono.Android.Export[0xddd79dc0] -> Mono.Android[0xddd79160]: 17
D/Mono    ( 9663): Image addref System.Xml[0xddd79d00] -> System.Xml.dll[0xc83b4800]: 2
D/Mono    ( 9663): Prepared to set up assembly 'System.Xml' (System.Xml.dll)
D/Mono    ( 9663): Assembly System.Xml[0xddd79d00] added to domain RootDomain, ref_count=1
D/Mono    ( 9663): AOT module 'System.Xml.dll.so' not found: dlopen failed: library "/data/app/com.careerbuilder.SugarDrone-1/lib/arm/libaot-System.Xml.dll.so" not found
D/Mono    ( 9663): AOT module '/Users/builder/data/lanes/4009/3a62f1ea/source/monodroid/builds/install/mono-armv6/lib/mono/aot-cache/arm/System.Xml.dll.so' not found: dlopen failed: library "/data/app/com.careerbuilder.SugarDrone-1/lib/arm/libaot-System.Xml.dll.so" not found
D/Mono    ( 9663): Config attempting to parse: 'System.Xml.dll.config'.
D/Mono    ( 9663): Config attempting to parse: '/Users/builder/data/lanes/4009/3a62f1ea/source/monodroid/builds/install/mono-armv6/etc/mono/assemblies/System.Xml/System.Xml.config'.
D/Mono    ( 9663): Assembly Ref addref Mono.Android.Export[0xddd79dc0] -> System.Xml[0xddd79d00]: 2
D/Mono    ( 9663): Assembly Ref addref System.Xml[0xddd79d00] -> mscorlib[0xddd78200]: 28
D/Mono    ( 9663): Assembly Ref addref Mono.Android[0xddd79160] -> System.Xml[0xddd79d00]: 3
D/Mono    ( 9663): Assembly Ref addref Mono.Android.Export[0xddd79dc0] -> System.Core[0xddd79760]: 4
D/Mono    ( 9663): Image addref System.Net.Http[0xddd79fa0] -> System.Net.Http.dll[0xe09afc00]: 2
D/Mono    ( 9663): Prepared to set up assembly 'System.Net.Http' (System.Net.Http.dll)
D/Mono    ( 9663): Assembly System.Net.Http[0xddd79fa0] added to domain RootDomain, ref_count=1
D/Mono    ( 9663): AOT module 'System.Net.Http.dll.so' not found: dlopen failed: library "/data/app/com.careerbuilder.SugarDrone-1/lib/arm/libaot-System.Net.Http.dll.so" not found
D/Mono    ( 9663): AOT module '/Users/builder/data/lanes/4009/3a62f1ea/source/monodroid/builds/install/mono-armv6/lib/mono/aot-cache/arm/System.Net.Http.dll.so' not found: dlopen failed: library "/data/app/com.careerbuilder.SugarDrone-1/lib/arm/libaot-System.Net.Http.dll.so" not found
D/Mono    ( 9663): Config attempting to parse: 'System.Net.Http.dll.config'.
D/Mono    ( 9663): Config attempting to parse: '/Users/builder/data/lanes/4009/3a62f1ea/source/monodroid/builds/install/mono-armv6/etc/mono/assemblies/System.Net.Http/System.Net.Http.config'.
D/Mono    ( 9663): Assembly Ref addref CareerBuilder_Search.Droid[0xddd78260] -> System.Net.Http[0xddd79fa0]: 2
D/Mono    ( 9663): Assembly Ref addref System.Net.Http[0xddd79fa0] -> mscorlib[0xddd78200]: 29
I/System.out( 9663): Calabash loaded Mono
I/calabash( 9663): Test server port: 7102
I/InstrumentationBackend( 9663): Added:'NullAction', with key:'nullAction'
I/InstrumentationBackend( 9663): Added:'GetActivityOrientation', with key:'get_activity_orientation'
I/InstrumentationBackend( 9663): Added:'SetActivityOrientation', with key:'set_activity_orientation'
I/InstrumentationBackend( 9663): Added:'DpToDevicePixel', with key:'dp_to_device_pixel'
I/InstrumentationBackend( 9663): Added:'ClickOnScreen', with key:'click_on_screen'
I/InstrumentationBackend( 9663): Added:'DoubleTapCoordinate', with key:'double_tap_coordinate'
I/InstrumentationBackend( 9663): Added:'Drag', with key:'drag'
I/InstrumentationBackend( 9663): Added:'DragCoordinates', with key:'drag_coordinates'
I/InstrumentationBackend( 9663): Added:'LongPressCoordinate', with key:'long_press_coordinate'
I/InstrumentationBackend( 9663): Added:'ResumeApplication', with key:'resume_application'
I/InstrumentationBackend( 9663): Added:'Swipe', with key:'swipe'
I/InstrumentationBackend( 9663): Added:'TouchCoordinates', with key:'touch_coordinate'
I/InstrumentationBackend( 9663): Added:'ListActions', with key:'list_actions'
I/InstrumentationBackend( 9663): Added:'SendTcp', with key:'send_tcp'
I/InstrumentationBackend( 9663): Added:'PressElement', with key:'press_l10n_element'
I/InstrumentationBackend( 9663): Added:'WaitForElement', with key:'wait_for_l10n_element'
I/InstrumentationBackend( 9663): Added:'FakeGPSLocation', with key:'set_gps_coordinates'
I/InstrumentationBackend( 9663): Added:'GetMapBounds', with key:'get_map_bounds'
I/InstrumentationBackend( 9663): Added:'GetMapCenter', with key:'get_map_center'
I/InstrumentationBackend( 9663): Added:'GetMapMarker', with key:'get_map_marker'
I/InstrumentationBackend( 9663): Added:'GetMapMarkers', with key:'get_map_markers'
I/InstrumentationBackend( 9663): Added:'GetMapZoom', with key:'get_map_zoom'
I/InstrumentationBackend( 9663): Added:'PanMapTo', with key:'pan_map_to'
I/InstrumentationBackend( 9663): Added:'SetMapCenter', with key:'set_map_center'
I/InstrumentationBackend( 9663): Added:'SetMapZoom', with key:'set_map_zoom'
I/InstrumentationBackend( 9663): Added:'TapAwayFromMarkers', with key:'tap_map_away_from_markers'
I/InstrumentationBackend( 9663): Added:'TapMapMarker', with key:'tap_map_marker_by_title'
I/InstrumentationBackend( 9663): Added:'ClearPreferences', with key:'clear_preferences'
I/InstrumentationBackend( 9663): Added:'GetPreferences', with key:'get_preferences'
I/InstrumentationBackend( 9663): Added:'SetPreferences', with key:'set_preferences'
I/InstrumentationBackend( 9663): Added:'PressKey', with key:'press_key'
I/InstrumentationBackend( 9663): Added:'DeleteSurroundingText', with key:'delete_surrounding_text'
I/InstrumentationBackend( 9663): Added:'HideSoftKeyboard', with key:'hide_soft_keyboard'
I/InstrumentationBackend( 9663): Added:'KeyboardEnterText', with key:'keyboard_enter_text'
I/InstrumentationBackend( 9663): Added:'KeyboardKeyEvent', with key:'keyboard_key_event'
I/InstrumentationBackend( 9663): Added:'PressUserActionButton', with key:'press_user_action_button'
I/InstrumentationBackend( 9663): Added:'SetComposingRegion', with key:'set_composing_region'
I/InstrumentationBackend( 9663): Added:'SetSelection', with key:'set_selection'
I/InstrumentationBackend( 9663): Added:'AndroidSDKVersion', with key:'android_sdk_version'
I/InstrumentationBackend( 9663): Added:'Version', with key:'version'
I/InstrumentationBackend( 9663): Added:'GetActivityName', with key:'get_activity_name'
I/InstrumentationBackend( 9663): Added:'IsCurrentActivityFocused', with key:'is_current_activity_focused'
I/InstrumentationBackend( 9663): Added:'ScrollToView', with key:'scroll_to_view'
I/InstrumentationBackend( 9663): Added:'ViewConfiguration', with key:'view_configuration'
I/InstrumentationBackend( 9663): Added:'DumpBodyHtml', with key:'dump_body_html'
I/InstrumentationBackend( 9663): Added:'DumpHtml', with key:'dump_html'
I/InstrumentationBackend( 9663): Added:'EnterTextByCssSelector', with key:'enter_text_by_selector'
I/InstrumentationBackend( 9663): Added:'GetLoadProgress', with key:'get_load_progress'
I/InstrumentationBackend( 9663): Added:'GetUrl', with key:'get_url'
I/InstrumentationBackend( 9663): Added:'ScrollTo', with key:'scroll_to'
I/InstrumentationBackend( 9663): Added:'SetPropertyByCssSelector', with key:'set_property_by_css_selector'
I/calabash( 9663): Instantiating http server at 7102
I/System.out( 9663): HTTP Daemon listening on: 7102
I/System.out( 9663): URI: /ready
I/System.out( 9663): params: {}
I/System.out( 9663): URI: /ready
I/System.out( 9663): params: {}
I/System.out( 9663): URI: /ping
I/System.out( 9663): params: {json={"intent":null }
I/System.out( 9663): }
I/System.out( 9663): URI: /ready
I/System.out( 9663): params: {json={"intent":null }
I/System.out( 9663): }
I/System.out( 9663): URI: /start-application
I/System.out( 9663): params: {json={"intent":null }
I/System.out( 9663): }
I/calabash( 9663): execStartActivity 4
I/ActivityManager( 1002): START u0 {act=android.intent.action.MAIN cat=[android.intent.category.LAUNCHER] flg=0x10200000 cmp=com.careerbuilder.SugarDrone/md537fd6201b6818e2e180d2f7606e21a83.AppMainActivity (has extras)} from uid 19089 on display 0
I/calabash( 9663): newActivity1
D/Mono    ( 9663): Assembly Ref addref CareerBuilder_Search.Droid[0xddd78260] -> Xamarin.Android.Support.v7.AppCompat[0xddd78c20]: 2
D/Mono    ( 9663): Assembly Ref addref Xamarin.Android.Support.v7.AppCompat[0xddd78c20] -> Xamarin.Android.Support.v4[0xddd78aa0]: 2
D/Mono    ( 9663): DllImport searching in: '__Internal' ('(null)').
D/Mono    ( 9663): Searching for 'java_interop_jnienv_get_array_length'.
D/Mono    ( 9663): Probing 'java_interop_jnienv_get_array_length'.
D/Mono    ( 9663): Found as 'java_interop_jnienv_get_array_length'.
D/Mono    ( 9663): Assembly Ref addref CareerBuilder_Search.Droid[0xddd78260] -> CareerBuilder_Search[0xddd79100]: 2
D/Mono    ( 9663): Assembly Ref addref CareerBuilder_Search.Droid[0xddd78260] -> Xamarin.Android.Support.v4[0xddd78aa0]: 3
D/Mono    ( 9663): DllImport searching in: '__Internal' ('(null)').
D/Mono    ( 9663): Searching for 'java_interop_jnienv_new_string'.
D/Mono    ( 9663): Probing 'java_interop_jnienv_new_string'.
D/Mono    ( 9663): Found as 'java_interop_jnienv_new_string'.
D/Mono    ( 9663): Assembly Ref addref CareerBuilder_Search.Droid[0xddd78260] -> Plugin.CurrentActivity[0xddd78560]: 2
D/Mono    ( 9663): Assembly Ref addref Plugin.CurrentActivity[0xddd78560] -> mscorlib[0xddd78200]: 30
D/Mono    ( 9663): Assembly Ref addref Plugin.CurrentActivity[0xddd78560] -> Mono.Android[0xddd79160]: 18
D/Mono    ( 9663): [0xc78f4920] worker starting
D/Mono    ( 9663): [0xc77f3920] worker starting
D/Mono    ( 9663): Unloading image System.Runtime.dll [0xc81e8e00].
D/Mono    ( 9663): Image addref System.Runtime[0xc79da000] -> System.Runtime.dll[0xe09ac500]: 5
D/Mono    ( 9663): Config attempting to parse: 'System.Runtime.dll.config'.
D/Mono    ( 9663): Config attempting to parse: '/Users/builder/data/lanes/4009/3a62f1ea/source/monodroid/builds/install/mono-armv6/etc/mono/assemblies/System.Runtime/System.Runtime.config'.
D/Mono    ( 9663): Assembly Ref addref CareerBuilder_Search[0xddd79100] -> System.Runtime[0xddd79220]: 3
D/Mono    ( 9663): Assembly Ref addref CareerBuilder_Search[0xddd79100] -> Plugin.DeviceInfo.Abstractions[0xddd787a0]: 2
D/Mono    ( 9663): Unloading image System.Runtime.dll [0xc81e9300].
D/Mono    ( 9663): Image addref System.Runtime[0xc79da000] -> System.Runtime.dll[0xe09ac500]: 6
D/Mono    ( 9663): Config attempting to parse: 'System.Runtime.dll.config'.
D/Mono    ( 9663): Config attempting to parse: '/Users/builder/data/lanes/4009/3a62f1ea/source/monodroid/builds/install/mono-armv6/etc/mono/assemblies/System.Runtime/System.Runtime.config'.
D/Mono    ( 9663): Assembly Ref addref Plugin.DeviceInfo.Abstractions[0xddd787a0] -> System.Runtime[0xddd79220]: 4
D/Mono    ( 9663): Assembly Ref addref CareerBuilder_Search.Droid[0xddd78260] -> Akavache[0xddd78380]: 2
D/Mono    ( 9663): Assembly Ref addref Akavache[0xddd78380] -> mscorlib[0xddd78200]: 31
D/Mono    ( 9663): Assembly Ref addref Akavache[0xddd78380] -> System.Reactive.Interfaces[0xddd78e60]: 2
D/Mono    ( 9663): Assembly Ref addref Akavache[0xddd78380] -> System.Reactive.Core[0xddd78e00]: 2
D/Mono    ( 9663): Unloading image System.Runtime.dll [0xc81e9300].
D/Mono    ( 9663): Image addref System.Runtime[0xc79da000] -> System.Runtime.dll[0xe09ac500]: 7
D/Mono    ( 9663): Config attempting to parse: 'System.Runtime.dll.config'.
D/Mono    ( 9663): Config attempting to parse: '/Users/builder/data/lanes/4009/3a62f1ea/source/monodroid/builds/install/mono-armv6/etc/mono/assemblies/System.Runtime/System.Runtime.config'.
D/Mono    ( 9663): Assembly Ref addref System.Reactive.Core[0xddd78e00] -> System.Runtime[0xddd79220]: 5
D/Mono    ( 9663): DllImport searching in: '__Internal' ('(null)').
D/Mono    ( 9663): Searching for 'java_interop_jnienv_call_nonvirtual_object_method_a'.
D/Mono    ( 9663): Probing 'java_interop_jnienv_call_nonvirtual_object_method_a'.
D/Mono    ( 9663): Found as 'java_interop_jnienv_call_nonvirtual_object_method_a'.
D/Mono    ( 9663): Assembly Ref addref CareerBuilder_Search.Droid[0xddd78260] -> Microsoft.Practices.Unity[0xddd78500]: 2
D/Mono    ( 9663): Unloading image System.Runtime.dll [0xc81e9300].
D/Mono    ( 9663): Image addref System.Runtime[0xc79da000] -> System.Runtime.dll[0xe09ac500]: 8
D/Mono    ( 9663): Config attempting to parse: 'System.Runtime.dll.config'.
D/Mono    ( 9663): Config attempting to parse: '/Users/builder/data/lanes/4009/3a62f1ea/source/monodroid/builds/install/mono-armv6/etc/mono/assemblies/System.Runtime/System.Runtime.config'.
D/Mono    ( 9663): Assembly Ref addref Microsoft.Practices.Unity[0xddd78500] -> System.Runtime[0xddd79220]: 6
D/Mono    ( 9663): Unloading image System.Collections.dll [0xc81eac00].
D/Mono    ( 9663): Image addref System.Collections[0xc79da000] -> System.Collections.dll[0xe09af200]: 5
D/Mono    ( 9663): Config attempting to parse: 'System.Collections.dll.config'.
D/Mono    ( 9663): Config attempting to parse: '/Users/builder/data/lanes/4009/3a62f1ea/source/monodroid/builds/install/mono-armv6/etc/mono/assemblies/System.Collections/System.Collections.config'.
D/Mono    ( 9663): Assembly Ref addref Microsoft.Practices.Unity[0xddd78500] -> System.Collections[0xddd794c0]: 3
D/Mono    ( 9663): Assembly Ref addref CareerBuilder_Search[0xddd79100] -> Microsoft.Practices.Unity[0xddd78500]: 3
D/Mono    ( 9663): Assembly Ref addref CareerBuilder_Search.Droid[0xddd78260] -> Plugin.DeviceInfo.Abstractions[0xddd787a0]: 3
D/Mono    ( 9663): Unloading image System.Diagnostics.Debug.dll [0xc81eac00].
D/Mono    ( 9663): Image addref System.Diagnostics.Debug[0xc79da000] -> System.Diagnostics.Debug.dll[0xe09ae300]: 5
D/Mono    ( 9663): Config attempting to parse: 'System.Diagnostics.Debug.dll.config'.
D/Mono    ( 9663): Config attempting to parse: '/Users/builder/data/lanes/4009/3a62f1ea/source/monodroid/builds/install/mono-armv6/etc/mono/assemblies/System.Diagnostics.Debug/System.Diagnostics.Debug.config'.
D/Mono    ( 9663): Assembly Ref addref CareerBuilder_Search[0xddd79100] -> System.Diagnostics.Debug[0xddd793a0]: 3
D/Mono    ( 9663): Assembly Ref addref System.Diagnostics.Debug[0xddd793a0] -> mscorlib[0xddd78200]: 32
D/Mono    ( 9663): Image addref System.Diagnostics.Tools[0xc79da000] -> System.Diagnostics.Tools.dll[0xc81eac00]: 2
D/Mono    ( 9663): Prepared to set up assembly 'System.Diagnostics.Tools' (System.Diagnostics.Tools.dll)
D/Mono    ( 9663): Assembly System.Diagnostics.Tools[0xc79da000] added to domain RootDomain, ref_count=1
D/Mono    ( 9663): AOT module 'System.Diagnostics.Tools.dll.so' not found: dlopen failed: library "/data/app/com.careerbuilder.SugarDrone-1/lib/arm/libaot-System.Diagnostics.Tools.dll.so" not found
D/Mono    ( 9663): AOT module '/Users/builder/data/lanes/4009/3a62f1ea/source/monodroid/builds/install/mono-armv6/lib/mono/aot-cache/arm/System.Diagnostics.Tools.dll.so' not found: dlopen failed: library "/data/app/com.careerbuilder.SugarDrone-1/lib/arm/libaot-System.Diagnostics.Tools.dll.so" not found
D/Mono    ( 9663): Config attempting to parse: 'System.Diagnostics.Tools.dll.config'.
D/Mono    ( 9663): Config attempting to parse: '/Users/builder/data/lanes/4009/3a62f1ea/source/monodroid/builds/install/mono-armv6/etc/mono/assemblies/System.Diagnostics.Tools/System.Diagnostics.Tools.config'.
D/Mono    ( 9663): Assembly Ref addref Microsoft.Practices.Unity[0xddd78500] -> System.Diagnostics.Tools[0xc79da000]: 2
D/Mono    ( 9663): Assembly Ref addref System.Diagnostics.Tools[0xc79da000] -> mscorlib[0xddd78200]: 33
D/Mono    ( 9663): Image addref System.Resources.ResourceManager[0xc79da060] -> System.Resources.ResourceManager.dll[0xc81eb100]: 2
D/Mono    ( 9663): Prepared to set up assembly 'System.Resources.ResourceManager' (System.Resources.ResourceManager.dll)
D/Mono    ( 9663): Assembly System.Resources.ResourceManager[0xc79da060] added to domain RootDomain, ref_count=1
D/Mono    ( 9663): AOT module 'System.Resources.ResourceManager.dll.so' not found: dlopen failed: library "/data/app/com.careerbuilder.SugarDrone-1/lib/arm/libaot-System.Resources.ResourceManager.dll.so" not found
D/Mono    ( 9663): AOT module '/Users/builder/data/lanes/4009/3a62f1ea/source/monodroid/builds/install/mono-armv6/lib/mono/aot-cache/arm/System.Resources.ResourceManager.dll.so' not found: dlopen failed: library "/data/app/com.careerbuilder.SugarDrone-1/lib/arm/libaot-System.Resources.ResourceManager.dll.so" not found
D/Mono    ( 9663): Config attempting to parse: 'System.Resources.ResourceManager.dll.config'.
D/Mono    ( 9663): Config attempting to parse: '/Users/builder/data/lanes/4009/3a62f1ea/source/monodroid/builds/install/mono-armv6/etc/mono/assemblies/System.Resources.ResourceManager/System.Resources.ResourceManager.config'.
D/Mono    ( 9663): Assembly Ref addref Microsoft.Practices.Unity[0xddd78500] -> System.Resources.ResourceManager[0xc79da060]: 2
D/Mono    ( 9663): Assembly Ref addref System.Resources.ResourceManager[0xc79da060] -> mscorlib[0xddd78200]: 34
D/Mono    ( 9663): Unloading image System.Reflection.dll [0xc81eb600].
D/Mono    ( 9663): Image addref System.Reflection[0xc79da0c0] -> System.Reflection.dll[0xe09ad900]: 5
D/Mono    ( 9663): Config attempting to parse: 'System.Reflection.dll.config'.
D/Mono    ( 9663): Config attempting to parse: '/Users/builder/data/lanes/4009/3a62f1ea/source/monodroid/builds/install/mono-armv6/etc/mono/assemblies/System.Reflection/System.Reflection.config'.
D/Mono    ( 9663): Assembly Ref addref Microsoft.Practices.Unity[0xddd78500] -> System.Reflection[0xddd792e0]: 3
D/Mono    ( 9663): Unloading image System.Linq.dll [0xc81eb600].
D/Mono    ( 9663): Image addref System.Linq[0xc79da2a0] -> System.Linq.dll[0xc83b2500]: 5
D/Mono    ( 9663): Config attempting to parse: 'System.Linq.dll.config'.
D/Mono    ( 9663): Config attempting to parse: '/Users/builder/data/lanes/4009/3a62f1ea/source/monodroid/builds/install/mono-armv6/etc/mono/assemblies/System.Linq/System.Linq.config'.
D/Mono    ( 9663): Assembly Ref addref Microsoft.Practices.Unity[0xddd78500] -> System.Linq[0xddd795e0]: 3
W/IInputConnectionWrapper( 4232): reportFullscreenMode on inexistent InputConnection
I/Adreno  ( 9663): QUALCOMM build                   : 74df444, I409c65498b
I/Adreno  ( 9663): Build Date                       : 06/22/16
I/Adreno  ( 9663): OpenGL ES Shader Compiler Version: XE031.08.00.02
I/Adreno  ( 9663): Local Branch                     : N16
I/Adreno  ( 9663): Remote Branch                    : 
I/Adreno  ( 9663): Remote Branch                    : 
I/Adreno  ( 9663): Reconstruct Branch               : 
D/Mono    ( 9663): Unloading image System.Threading.dll [0xc81eb600].
D/Mono    ( 9663): Image addref System.Threading[0xc79da2a0] -> System.Threading.dll[0xe09ade00]: 5
D/Mono    ( 9663): Config attempting to parse: 'System.Threading.dll.config'.
D/Mono    ( 9663): Config attempting to parse: '/Users/builder/data/lanes/4009/3a62f1ea/source/monodroid/builds/install/mono-armv6/etc/mono/assemblies/System.Threading/System.Threading.config'.
D/Mono    ( 9663): Assembly Ref addref Microsoft.Practices.Unity[0xddd78500] -> System.Threading[0xddd79340]: 3
D/Mono    ( 9663): Image addref System.Globalization[0xc79da1e0] -> System.Globalization.dll[0xc79be500]: 2
D/Mono    ( 9663): Prepared to set up assembly 'System.Globalization' (System.Globalization.dll)
D/Mono    ( 9663): Assembly System.Globalization[0xc79da1e0] added to domain RootDomain, ref_count=1
D/Mono    ( 9663): AOT module 'System.Globalization.dll.so' not found: dlopen failed: library "/data/app/com.careerbuilder.SugarDrone-1/lib/arm/libaot-System.Globalization.dll.so" not found
D/Mono    ( 9663): AOT module '/Users/builder/data/lanes/4009/3a62f1ea/source/monodroid/builds/install/mono-armv6/lib/mono/aot-cache/arm/System.Globalization.dll.so' not found: dlopen failed: library "/data/app/com.careerbuilder.SugarDrone-1/lib/arm/libaot-System.Globalization.dll.so" not found
D/Mono    ( 9663): Config attempting to parse: 'System.Globalization.dll.config'.
D/Mono    ( 9663): Config attempting to parse: '/Users/builder/data/lanes/4009/3a62f1ea/source/monodroid/builds/install/mono-armv6/etc/mono/assemblies/System.Globalization/System.Globalization.config'.
D/Mono    ( 9663): Assembly Ref addref Microsoft.Practices.Unity[0xddd78500] -> System.Globalization[0xc79da1e0]: 2
D/Mono    ( 9663): Assembly Ref addref System.Globalization[0xc79da1e0] -> mscorlib[0xddd78200]: 35
I/OpenGLRenderer( 9663): Initialized EGL, version 1.4
D/OpenGLRenderer( 9663): Swap behavior 1
D/Mono    ( 9663): Image addref System.Runtime.Extensions[0xc79da4e0] -> System.Runtime.Extensions.dll[0xc730ea00]: 2
D/Mono    ( 9663): Prepared to set up assembly 'System.Runtime.Extensions' (System.Runtime.Extensions.dll)
D/Mono    ( 9663): Assembly System.Runtime.Extensions[0xc79da4e0] added to domain RootDomain, ref_count=1
D/Mono    ( 9663): AOT module 'System.Runtime.Extensions.dll.so' not found: dlopen failed: library "/data/app/com.careerbuilder.SugarDrone-1/lib/arm/libaot-System.Runtime.Extensions.dll.so" not found
D/Mono    ( 9663): AOT module '/Users/builder/data/lanes/4009/3a62f1ea/source/monodroid/builds/install/mono-armv6/lib/mono/aot-cache/arm/System.Runtime.Extensions.dll.so' not found: dlopen failed: library "/data/app/com.careerbuilder.SugarDrone-1/lib/arm/libaot-System.Runtime.Extensions.dll.so" not found
D/Mono    ( 9663): Config attempting to parse: 'System.Runtime.Extensions.dll.config'.
D/Mono    ( 9663): Config attempting to parse: '/Users/builder/data/lanes/4009/3a62f1ea/source/monodroid/builds/install/mono-armv6/etc/mono/assemblies/System.Runtime.Extensions/System.Runtime.Extensions.config'.
D/Mono    ( 9663): Assembly Ref addref Microsoft.Practices.Unity[0xddd78500] -> System.Runtime.Extensions[0xc79da4e0]: 2
D/Mono    ( 9663): Assembly Ref addref System.Runtime.Extensions[0xc79da4e0] -> mscorlib[0xddd78200]: 36
D/Mono    ( 9663): Image addref System.Linq.Expressions[0xc79da540] -> System.Linq.Expressions.dll[0xc81ebb00]: 2
D/Mono    ( 9663): Prepared to set up assembly 'System.Linq.Expressions' (System.Linq.Expressions.dll)
D/Mono    ( 9663): Assembly System.Linq.Expressions[0xc79da540] added to domain RootDomain, ref_count=1
D/Mono    ( 9663): AOT module 'System.Linq.Expressions.dll.so' not found: dlopen failed: library "/data/app/com.careerbuilder.SugarDrone-1/lib/arm/libaot-System.Linq.Expressions.dll.so" not found
D/Mono    ( 9663): AOT module '/Users/builder/data/lanes/4009/3a62f1ea/source/monodroid/builds/install/mono-armv6/lib/mono/aot-cache/arm/System.Linq.Expressions.dll.so' not found: dlopen failed: library "/data/app/com.careerbuilder.SugarDrone-1/lib/arm/libaot-System.Linq.Expressions.dll.so" not found
D/Mono    ( 9663): Config attempting to parse: 'System.Linq.Expressions.dll.config'.
D/Mono    ( 9663): Config attempting to parse: '/Users/builder/data/lanes/4009/3a62f1ea/source/monodroid/builds/install/mono-armv6/etc/mono/assemblies/System.Linq.Expressions/System.Linq.Expressions.config'.
D/Mono    ( 9663): Assembly Ref addref Microsoft.Practices.Unity[0xddd78500] -> System.Linq.Expressions[0xc79da540]: 2
D/Mono    ( 9663): Assembly Ref addref System.Linq.Expressions[0xc79da540] -> System.Core[0xddd79760]: 5
D/Mono    ( 9663): Assembly Ref addref System.Core[0xddd79760] -> System[0xddd79400]: 3
D/Mono    ( 9663): Assembly Ref addref CareerBuilder_Search.Droid[0xddd78260] -> Xamarin.GooglePlayServices.Analytics[0xddd78800]: 2
D/Mono    ( 9663): Assembly Ref addref CareerBuilder_Search.Droid[0xddd78260] -> Plugin.Geolocator.Abstractions[0xddd786e0]: 2
D/Mono    ( 9663): Assembly Ref addref CareerBuilder_Search[0xddd79100] -> System.Net.Http[0xddd79fa0]: 3
D/Mono    ( 9663): Assembly Ref addref CareerBuilder_Search[0xddd79100] -> Plugin.DeviceInfo[0xddd78740]: 2
D/Mono    ( 9663): Assembly Ref addref Plugin.DeviceInfo[0xddd78740] -> mscorlib[0xddd78200]: 37
D/Mono    ( 9663): Assembly Ref addref Plugin.DeviceInfo[0xddd78740] -> Plugin.DeviceInfo.Abstractions[0xddd787a0]: 4
D/Mono    ( 9663): Image addref System.Threading.Tasks[0xc6acd540] -> System.Threading.Tasks.dll[0xc7310800]: 2
D/Mono    ( 9663): Prepared to set up assembly 'System.Threading.Tasks' (System.Threading.Tasks.dll)
D/Mono    ( 9663): Assembly System.Threading.Tasks[0xc6acd540] added to domain RootDomain, ref_count=1
D/Mono    ( 9663): AOT module 'System.Threading.Tasks.dll.so' not found: dlopen failed: library "/data/app/com.careerbuilder.SugarDrone-1/lib/arm/libaot-System.Threading.Tasks.dll.so" not found
D/Mono    ( 9663): AOT module '/Users/builder/data/lanes/4009/3a62f1ea/source/monodroid/builds/install/mono-armv6/lib/mono/aot-cache/arm/System.Threading.Tasks.dll.so' not found: dlopen failed: library "/data/app/com.careerbuilder.SugarDrone-1/lib/arm/libaot-System.Threading.Tasks.dll.so" not found
D/Mono    ( 9663): Config attempting to parse: 'System.Threading.Tasks.dll.config'.
D/Mono    ( 9663): Config attempting to parse: '/Users/builder/data/lanes/4009/3a62f1ea/source/monodroid/builds/install/mono-armv6/etc/mono/assemblies/System.Threading.Tasks/System.Threading.Tasks.config'.
D/Mono    ( 9663): Assembly Ref addref CareerBuilder_Search[0xddd79100] -> System.Threading.Tasks[0xc6acd540]: 2
D/Mono    ( 9663): Assembly Ref addref System.Threading.Tasks[0xc6acd540] -> mscorlib[0xddd78200]: 38
D/Mono    ( 9663): Unloading image System.Collections.dll [0xc7310d00].
D/Mono    ( 9663): Image addref System.Collections[0xc79da480] -> System.Collections.dll[0xe09af200]: 6
D/Mono    ( 9663): Config attempting to parse: 'System.Collections.dll.config'.
D/Mono    ( 9663): Config attempting to parse: '/Users/builder/data/lanes/4009/3a62f1ea/source/monodroid/builds/install/mono-armv6/etc/mono/assemblies/System.Collections/System.Collections.config'.
D/Mono    ( 9663): Assembly Ref addref CareerBuilder_Search[0xddd79100] -> System.Collections[0xddd794c0]: 4
D/Mono    ( 9663): Assembly Ref addref System.Collections[0xddd794c0] -> System[0xddd79400]: 4
D/Mono    ( 9663): Assembly Ref addref System.Net.Http[0xddd79fa0] -> System[0xddd79400]: 5
I/ActivityManager( 1002): Displayed com.careerbuilder.SugarDrone/md537fd6201b6818e2e180d2f7606e21a83.AppMainActivity: +793ms
I/art     ( 9663): Starting a blocking GC Explicit
I/art     ( 9663): Explicit concurrent mark sweep GC freed 24905(1469KB) AllocSpace objects, 16(320KB) LOS objects, 39% free, 5MB/9MB, paused 616us total 72.340ms
D/Mono    ( 9663): Assembly Ref addref Microsoft.Practices.Unity[0xddd78500] -> System.Reflection.Extensions[0xddd79880]: 3
I/WindowManager( 1002): Destroying surface Surface(name=Starting com.careerbuilder.SugarDrone) called by com.android.server.wm.WindowStateAnimator.destroySurface:2014 com.android.server.wm.WindowStateAnimator.destroySurfaceLocked:881 com.android.server.wm.WindowState.destroyOrSaveSurface:2073 com.android.server.wm.AppWindowToken.destroySurfaces:363 com.android.server.wm.WindowStateAnimator.finishExit:565 com.android.server.wm.WindowStateAnimator.stepAnimationLocked:491 com.android.server.wm.WindowAnimator.updateWindowsLocked:303 com.android.server.wm.WindowAnimator.animateLocked:704 
I/WindowManager( 1002): Destroying surface Surface(name=com.google.android.googlequicksearchbox/com.google.android.launcher.GEL) called by com.android.server.wm.WindowStateAnimator.destroySurface:2014 com.android.server.wm.WindowStateAnimator.destroySurfaceLocked:881 com.android.server.wm.WindowState.destroyOrSaveSurface:2073 com.android.server.wm.AppWindowToken.destroySurfaces:363 com.android.server.wm.AppWindowToken.notifyAppStopped:389 com.android.server.wm.WindowManagerService.notifyAppStopped:4456 com.android.server.am.ActivityStack.activityStoppedLocked:1252 com.android.server.am.ActivityManagerService.activityStopped:6873 
I/System.out( 9663): URI: /map
I/System.out( 9663): params: {json={"query":"*","operation":{"method_name":"query","arguments":[]}}
I/System.out( 9663): }
W/ResourceType( 9663): No known package when getting name for resource number 0xffffffff
W/ResourceType( 9663): No known package when getting name for resource number 0xffffffff
W/ResourceType( 9663): No known package when getting name for resource number 0xffffffff
D/Mono    ( 9663): Unloading image System.Threading.dll [0xc6a77800].
D/Mono    ( 9663): Image addref System.Threading[0xc6acd480] -> System.Threading.dll[0xe09ade00]: 6
D/Mono    ( 9663): Config attempting to parse: 'System.Threading.dll.config'.
D/Mono    ( 9663): Config attempting to parse: '/Users/builder/data/lanes/4009/3a62f1ea/source/monodroid/builds/install/mono-armv6/etc/mono/assemblies/System.Threading/System.Threading.config'.
D/Mono    ( 9663): Assembly Ref addref CareerBuilder_Search[0xddd79100] -> System.Threading[0xddd79340]: 4
D/Mono    ( 9663): Assembly Ref addref System.Threading[0xddd79340] -> System.Core[0xddd79760]: 6
D/Mono    ( 9663): Assembly Ref addref System.Runtime[0xddd79220] -> System[0xddd79400]: 6
D/Mono    ( 9663): Assembly Ref addref CareerBuilder_Search[0xddd79100] -> Newtonsoft.Json[0xddd78d40]: 2
D/Mono    ( 9663): Unloading image System.Runtime.dll [0xc6a77d00].
D/Mono    ( 9663): Image addref System.Runtime[0xc6aceb00] -> System.Runtime.dll[0xe09ac500]: 9
D/Mono    ( 9663): Config attempting to parse: 'System.Runtime.dll.config'.
D/Mono    ( 9663): Config attempting to parse: '/Users/builder/data/lanes/4009/3a62f1ea/source/monodroid/builds/install/mono-armv6/etc/mono/assemblies/System.Runtime/System.Runtime.config'.
D/Mono    ( 9663): Assembly Ref addref Newtonsoft.Json[0xddd78d40] -> System.Runtime[0xddd79220]: 7
D/Mono    ( 9663): Image addref System.Dynamic.Runtime[0xc6aceb00] -> System.Dynamic.Runtime.dll[0xc6a77d00]: 2
D/Mono    ( 9663): Prepared to set up assembly 'System.Dynamic.Runtime' (System.Dynamic.Runtime.dll)
D/Mono    ( 9663): Assembly System.Dynamic.Runtime[0xc6aceb00] added to domain RootDomain, ref_count=1
D/Mono    ( 9663): AOT module 'System.Dynamic.Runtime.dll.so' not found: dlopen failed: library "/data/app/com.careerbuilder.SugarDrone-1/lib/arm/libaot-System.Dynamic.Runtime.dll.so" not found
D/Mono    ( 9663): AOT module '/Users/builder/data/lanes/4009/3a62f1ea/source/monodroid/builds/install/mono-armv6/lib/mono/aot-cache/arm/System.Dynamic.Runtime.dll.so' not found: dlopen failed: library "/data/app/com.careerbuilder.SugarDrone-1/lib/arm/libaot-System.Dynamic.Runtime.dll.so" not found
D/Mono    ( 9663): Config attempting to parse: 'System.Dynamic.Runtime.dll.config'.
D/Mono    ( 9663): Config attempting to parse: '/Users/builder/data/lanes/4009/3a62f1ea/source/monodroid/builds/install/mono-armv6/etc/mono/assemblies/System.Dynamic.Runtime/System.Dynamic.Runtime.config'.
D/Mono    ( 9663): Assembly Ref addref Newtonsoft.Json[0xddd78d40] -> System.Dynamic.Runtime[0xc6aceb00]: 2
D/Mono    ( 9663): Assembly Ref addref System.Dynamic.Runtime[0xc6aceb00] -> System.Core[0xddd79760]: 7
D/Mono    ( 9663): Image addref System.ObjectModel[0xc6acebc0] -> System.ObjectModel.dll[0xc6a77300]: 2
D/Mono    ( 9663): Prepared to set up assembly 'System.ObjectModel' (System.ObjectModel.dll)
D/Mono    ( 9663): Assembly System.ObjectModel[0xc6acebc0] added to domain RootDomain, ref_count=1
D/Mono    ( 9663): AOT module 'System.ObjectModel.dll.so' not found: dlopen failed: library "/data/app/com.careerbuilder.SugarDrone-1/lib/arm/libaot-System.ObjectModel.dll.so" not found
D/Mono    ( 9663): AOT module '/Users/builder/data/lanes/4009/3a62f1ea/source/monodroid/builds/install/mono-armv6/lib/mono/aot-cache/arm/System.ObjectModel.dll.so' not found: dlopen failed: library "/data/app/com.careerbuilder.SugarDrone-1/lib/arm/libaot-System.ObjectModel.dll.so" not found
D/Mono    ( 9663): Config attempting to parse: 'System.ObjectModel.dll.config'.
D/Mono    ( 9663): Config attempting to parse: '/Users/builder/data/lanes/4009/3a62f1ea/source/monodroid/builds/install/mono-armv6/etc/mono/assemblies/System.ObjectModel/System.ObjectModel.config'.
D/Mono    ( 9663): Assembly Ref addref Newtonsoft.Json[0xddd78d40] -> System.ObjectModel[0xc6acebc0]: 2
D/Mono    ( 9663): Assembly Ref addref System.ObjectModel[0xc6acebc0] -> System[0xddd79400]: 7
D/Mono    ( 9663): Assembly Ref addref CareerBuilder_Search[0xddd79100] -> System.Reactive.Core[0xddd78e00]: 3
D/Mono    ( 9663): DllImport attempting to load: '__Internal'.
D/Mono    ( 9663): DllImport loaded library '(null)'.
D/Mono    ( 9663): DllImport searching in: '__Internal' ('(null)').
D/Mono    ( 9663): Searching for 'monodroid_get_system_property'.
D/Mono    ( 9663): Probing 'monodroid_get_system_property'.
D/Mono    ( 9663): Found as 'monodroid_get_system_property'.
D/Mono    ( 9663): DllImport searching in: '__Internal' ('(null)').
D/Mono    ( 9663): Searching for 'monodroid_free'.
D/Mono    ( 9663): Probing 'monodroid_free'.
D/Mono    ( 9663): Found as 'monodroid_free'.
D/Mono    ( 9663): Assembly Ref addref CareerBuilder_Search.Droid[0xddd78260] -> Xamarin.Insights[0xddd78920]: 2
D/Mono    ( 9663): Assembly Ref addref Xamarin.Insights[0xddd78920] -> mscorlib[0xddd78200]: 39
D/Mono    ( 9663): Assembly Ref addref Xamarin.Insights[0xddd78920] -> Mono.Android[0xddd79160]: 19
D/Mono    ( 9663): Assembly Ref addref CareerBuilder_Search.Droid[0xddd78260] -> HockeySDK[0xddd78320]: 2
D/Mono    ( 9663): Assembly Ref addref CareerBuilder_Search.Droid[0xddd78260] -> AppsFlyerXamarinBindingAndroid[0xddd782c0]: 2
D/Mono    ( 9663): DllImport searching in: '__Internal' ('(null)').
D/Mono    ( 9663): Searching for 'java_interop_jnienv_get_static_field_id'.
D/Mono    ( 9663): Probing 'java_interop_jnienv_get_static_field_id'.
D/Mono    ( 9663): Found as 'java_interop_jnienv_get_static_field_id'.
D/Mono    ( 9663): DllImport searching in: '__Internal' ('(null)').
D/Mono    ( 9663): Searching for 'java_interop_jnienv_get_static_int_field'.
D/Mono    ( 9663): Probing 'java_interop_jnienv_get_static_int_field'.
D/Mono    ( 9663): Found as 'java_interop_jnienv_get_static_int_field'.
I/System.out( 9663): URI: /map
I/System.out( 9663): params: {json={"query":"* id:'agreeAndContinueButton'","operation":{"method_name":"query","arguments":[]}}
I/System.out( 9663): }
D/Mono    ( 9663): Assembly Ref addref Xamarin.Insights[0xddd78920] -> System.Core[0xddd79760]: 8
D/Mono    ( 9663): DllImport searching in: '__Internal' ('(null)').
D/Mono    ( 9663): Searching for 'java_interop_jnienv_call_static_long_method_a'.
D/Mono    ( 9663): Probing 'java_interop_jnienv_call_static_long_method_a'.
D/Mono    ( 9663): Found as 'java_interop_jnienv_call_static_long_method_a'.
D/Mono    ( 9663): Assembly Ref addref Xamarin.Insights[0xddd78920] -> System[0xddd79400]: 8
D/Mono    ( 9663): Assembly Ref addref Xamarin.Insights[0xddd78920] -> System.Net.Http[0xddd79fa0]: 4
W/ResourceType( 9663): No known package when getting name for resource number 0xffffffff
W/ResourceType( 9663): No known package when getting name for resource number 0xffffffff
W/ResourceType( 9663): No known package when getting name for resource number 0xffffffff
W/NetworkIdentity( 1002): Active mobile network without subscriber!
W/NetworkIdentity( 1002): Active mobile network without subscriber!
W/NetworkIdentity( 1002): Active mobile network without subscriber!
W/NetworkIdentity( 1002): Active mobile network without subscriber!
W/NetworkIdentity( 1002): Active mobile network without subscriber!
W/NetworkIdentity( 1002): Active mobile network without subscriber!
W/NetworkIdentity( 1002): Active mobile network without subscriber!
W/NetworkIdentity( 1002): Active mobile network without subscriber!
W/NetworkIdentity( 1002): Active mobile network without subscriber!
W/NetworkIdentity( 1002): Active mobile network without subscriber!
D/Mono    ( 9663): DllImport searching in: '__Internal' ('(null)').
D/Mono    ( 9663): Searching for 'java_interop_jnienv_get_object_array_element'.
D/Mono    ( 9663): Probing 'java_interop_jnienv_get_object_array_element'.
D/Mono    ( 9663): Found as 'java_interop_jnienv_get_object_array_element'.
D/Mono    ( 9663): DllImport searching in: '__Internal' ('(null)').
D/Mono    ( 9663): Searching for 'java_interop_jnienv_call_boolean_method_a'.
D/Mono    ( 9663): Probing 'java_interop_jnienv_call_boolean_method_a'.
D/Mono    ( 9663): Found as 'java_interop_jnienv_call_boolean_method_a'.
D/Mono    ( 9663): DllImport searching in: '__Internal' ('(null)').
D/Mono    ( 9663): Searching for 'java_interop_jnienv_call_int_method_a'.
D/Mono    ( 9663): Probing 'java_interop_jnienv_call_int_method_a'.
D/Mono    ( 9663): Found as 'java_interop_jnienv_call_int_method_a'.
W/NetworkIdentity( 1002): Active mobile network without subscriber!
W/NetworkIdentity( 1002): Active mobile network without subscriber!
W/NetworkIdentity( 1002): Active mobile network without subscriber!
W/NetworkIdentity( 1002): Active mobile network without subscriber!
W/NetworkIdentity( 1002): Active mobile network without subscriber!
W/NetworkIdentity( 1002): Active mobile network without subscriber!
W/NetworkIdentity( 1002): Active mobile network without subscriber!
W/NetworkIdentity( 1002): Active mobile network without subscriber!
W/NetworkIdentity( 1002): Active mobile network without subscriber!
W/NetworkIdentity( 1002): Active mobile network without subscriber!
D/Mono    ( 9663): DllImport searching in: '__Internal' ('(null)').
D/Mono    ( 9663): Searching for 'java_interop_jnienv_get_field_id'.
D/Mono    ( 9663): Probing 'java_interop_jnienv_get_field_id'.
D/Mono    ( 9663): Found as 'java_interop_jnienv_get_field_id'.
D/Mono    ( 9663): DllImport searching in: '__Internal' ('(null)').
D/Mono    ( 9663): Searching for 'java_interop_jnienv_get_object_field'.
D/Mono    ( 9663): Probing 'java_interop_jnienv_get_object_field'.
D/Mono    ( 9663): Found as 'java_interop_jnienv_get_object_field'.
I/System.out( 9663): URI: /map
I/System.out( 9663): params: {json={"query":"* id:'agreeAndContinueButton'","operation":{"method_name":"query","arguments":[]}}
I/System.out( 9663): }
W/ResourceType( 9663): No known package when getting name for resource number 0xffffffff
W/ResourceType( 9663): No known package when getting name for resource number 0xffffffff
W/ResourceType( 9663): No known package when getting name for resource number 0xffffffff
D/Mono    ( 9663): DllImport searching in: '__Internal' ('(null)').
D/Mono    ( 9663): Searching for 'java_interop_jnienv_call_static_int_method_a'.
D/Mono    ( 9663): Probing 'java_interop_jnienv_call_static_int_method_a'.
D/Mono    ( 9663): Found as 'java_interop_jnienv_call_static_int_method_a'.
W/Xamarin.Insights( 9663): Warning: Insights data communication has been manually enabled
D/Mono    ( 9663): DllImport searching in: '__Internal' ('(null)').
D/Mono    ( 9663): Searching for 'java_interop_jnienv_get_static_object_field'.
D/Mono    ( 9663): Probing 'java_interop_jnienv_get_static_object_field'.
D/Mono    ( 9663): Found as 'java_interop_jnienv_get_static_object_field'.
D/Mono    ( 9663): DllImport searching in: '__Internal' ('(null)').
D/Mono    ( 9663): Searching for 'java_interop_jnienv_call_static_void_method'.
D/Mono    ( 9663): Probing 'java_interop_jnienv_call_static_void_method'.
D/Mono    ( 9663): Found as 'java_interop_jnienv_call_static_void_method'.
I/AppsFlyer_3.01( 9663): Start tracking package: com.careerbuilder.SugarDrone
I/AppsFlyer_3.01( 9663): AsendTrackingWithEvent from activity: md537fd6201b6818e2e180d2f7606e21a83.MainApplication
I/AppsFlyer_3.01-672923802( 9663): ******* sendTrackingWithEvent: Launch
I/GAv4    ( 9663): Google Analytics 8.4.87 is starting up. To enable debug logging on a device run:
I/GAv4    ( 9663):   adb shell setprop log.tag.GAv4 DEBUG
I/GAv4    ( 9663):   adb logcat -s GAv4
E/ActivityThread( 9663): Failed to find provider info for com.facebook.katana.provider.AttributionIdProvider
W/GAv4    ( 9663): AnalyticsReceiver is not registered or is disabled. Register the receiver for reliable dispatching on non-Google Play devices. See http://goo.gl/8Rd3yj for instructions.
I/AppsFlyer_3.01( 9663): WARNING:READ_PHONE_STATE is missing
W/GAv4    ( 9663): CampaignTrackingReceiver is not registered, not exported or is disabled. Installation campaign tracking is not possible. See http://goo.gl/8Rd3yj for instructions.
D/Mono    ( 9663): DllImport searching in: '__Internal' ('(null)').
D/Mono    ( 9663): Searching for 'java_interop_jnienv_call_void_method_a'.
D/Mono    ( 9663): Probing 'java_interop_jnienv_call_void_method_a'.
D/Mono    ( 9663): Found as 'java_interop_jnienv_call_void_method_a'.
I/GAv4    ( 9663): Logger is deprecated. To enable debug logging, please run:
I/GAv4    ( 9663): adb shell setprop log.tag.GAv4 DEBUG
I/ActivityManager( 1002): Killing 6742:com.google.android.apps.photos/u0a74 (adj 906): empty #17
D/AppsFlyer_3.01( 9663): AppsFlyer: first launch detected
I/AppsFlyer_3.01( 9663): AppsFlyer: first launch date: 2017-03-16_0302+0100
I/System.out( 9663): AppsFlyerLib.sendTrackingWithEvent
W/GAv4    ( 9663): AnalyticsService not registered in the app manifest. Hits might not be delivered reliably. See http://goo.gl/8Rd3yj for instructions.
D/Mono    ( 9663): DllImport searching in: '__Internal' ('(null)').
D/Mono    ( 9663): Searching for 'java_interop_jnienv_new_local_ref'.
D/Mono    ( 9663): Probing 'java_interop_jnienv_new_local_ref'.
D/Mono    ( 9663): Found as 'java_interop_jnienv_new_local_ref'.
D/Mono    ( 9663): Assembly Ref addref Plugin.DeviceInfo[0xddd78740] -> Mono.Android[0xddd79160]: 20
W/Xamarin.Insights( 9663): Warning: Insights data communication has been manually enabled
I/AppsFlyer_3.01( 9663): Start tracking package: com.careerbuilder.SugarDrone
