I/WindowManager(  873): Destroying surface Surface(name=com.careerbuilder.SugarDrone/md537fd6201b6818e2e180d2f7606e21a83.AppMainActivity) called by com.android.server.wm.WindowStateAnimator.destroySurface:2014 com.android.server.wm.WindowStateAnimator.destroySurfaceLocked:881 com.android.server.wm.WindowState.removeLocked:1449 com.android.server.wm.WindowManagerService.removeWindowInnerLocked:2478 com.android.server.wm.WindowManagerService.removeWindowLocked:2436 com.android.server.wm.WindowManagerService.removeWindowLocked:2305 com.android.server.wm.WindowManagerService.removeWindow:2300 com.android.server.wm.Session.remove:193 
W/ResourceType( 9068): No known package when getting name for resource number 0xffffffff
W/ResourceType( 9068): No known package when getting name for resource number 0xffffffff
W/ResourceType( 9068): No known package when getting name for resource number 0xffffffff
W/ResourceType( 9068): No known package when getting name for resource number 0xffffffff
W/ResourceType( 9068): No known package when getting name for resource number 0xffffffff
W/ResourceType( 9068): No known package when getting name for resource number 0xffffffff
W/ResourceType( 9068): No known package when getting name for resource number 0xffffffff
W/ResourceType( 9068): No known package when getting name for resource number 0xffffffff
W/ResourceType( 9068): No known package when getting name for resource number 0xffffffff
W/ResourceType( 9068): No known package when getting name for resource number 0xffffffff
W/ResourceType( 9068): No known package when getting name for resource number 0xffffffff
W/ResourceType( 9068): No known package when getting name for resource number 0xffffffff
W/ResourceType( 9068): No known package when getting name for resource number 0xffffffff
W/ResourceType( 9068): No known package when getting name for resource number 0xffffffff
I/System.out( 9068): URI: /map
I/System.out( 9068): params: {json={"query":"* id:'agreeAndContinueButton'","operation":{"method_name":"query","arguments":[]}}
I/System.out( 9068): }
I/art     ( 9068): Do partial code cache collection, code=21KB, data=30KB
I/art     ( 9068): After code cache collection, code=21KB, data=30KB
I/art     ( 9068): Increasing code cache capacity to 128KB
W/ResourceType( 9068): No known package when getting name for resource number 0xffffffff
W/ResourceType( 9068): No known package when getting name for resource number 0xffffffff
W/ResourceType( 9068): No known package when getting name for resource number 0xffffffff
W/ResourceType( 9068): No known package when getting name for resource number 0xffffffff
W/ResourceType( 9068): No known package when getting name for resource number 0xffffffff
W/ResourceType( 9068): No known package when getting name for resource number 0xffffffff
W/ResourceType( 9068): No known package when getting name for resource number 0xffffffff
W/ResourceType( 9068): No known package when getting name for resource number 0xffffffff
W/ResourceType( 9068): No known package when getting name for resource number 0xffffffff
W/ResourceType( 9068): No known package when getting name for resource number 0xffffffff
W/Finsky  ( 8629): [374] com.google.android.finsky.FinskyApp.i(1468): No account configured on this device.
W/ResourceType( 9068): No known package when getting name for resource number 0xffffffff
I/Finsky  ( 8629): [374] com.google.android.finsky.c.e.run(1151): Replicating app states via AMAS.
I/Finsky  ( 8629): [374] com.google.android.finsky.c.c.a(311): Completed 0 account content syncs with 0 successful.
I/Finsky  ( 8629): [1] com.google.android.finsky.services.j.a(149): Installation state replication succeeded.
I/System.out( 9068): URI: /map
I/System.out( 9068): params: {json={"query":"* id:'agreeAndContinueButton'","operation":{"method_name":"query","arguments":[]}}
I/System.out( 9068): }
W/ResourceType( 9068): No known package when getting name for resource number 0xffffffff
W/ResourceType( 9068): No known package when getting name for resource number 0xffffffff
W/ResourceType( 9068): No known package when getting name for resource number 0xffffffff
W/ResourceType( 9068): No known package when getting name for resource number 0xffffffff
W/ResourceType( 9068): No known package when getting name for resource number 0xffffffff
W/ResourceType( 9068): No known package when getting name for resource number 0xffffffff
W/ResourceType( 9068): No known package when getting name for resource number 0xffffffff
W/ResourceType( 9068): No known package when getting name for resource number 0xffffffff
W/ResourceType( 9068): No known package when getting name for resource number 0xffffffff
W/ResourceType( 9068): No known package when getting name for resource number 0xffffffff
W/ResourceType( 9068): No known package when getting name for resource number 0xffffffff
I/System.out( 9068): URI: /map
I/System.out( 9068): params: {json={"query":"* id:'agreeAndContinueButton'","operation":{"method_name":"query","arguments":[]}}
I/System.out( 9068): }
W/ResourceType( 9068): No known package when getting name for resource number 0xffffffff
W/ResourceType( 9068): No known package when getting name for resource number 0xffffffff
W/ResourceType( 9068): No known package when getting name for resource number 0xffffffff
W/ResourceType( 9068): No known package when getting name for resource number 0xffffffff
W/ResourceType( 9068): No known package when getting name for resource number 0xffffffff
W/ResourceType( 9068): No known package when getting name for resource number 0xffffffff
W/ResourceType( 9068): No known package when getting name for resource number 0xffffffff
W/ResourceType( 9068): No known package when getting name for resource number 0xffffffff
W/ResourceType( 9068): No known package when getting name for resource number 0xffffffff
W/ResourceType( 9068): No known package when getting name for resource number 0xffffffff
W/ResourceType( 9068): No known package when getting name for resource number 0xffffffff
I/System.out( 9068): URI: /map
I/System.out( 9068): params: {json={"query":"* id:'agreeAndContinueButton'","operation":{"method_name":"query","arguments":[]}}
I/System.out( 9068): }
W/ResourceType( 9068): No known package when getting name for resource number 0xffffffff
W/ResourceType( 9068): No known package when getting name for resource number 0xffffffff
W/ResourceType( 9068): No known package when getting name for resource number 0xffffffff
W/ResourceType( 9068): No known package when getting name for resource number 0xffffffff
W/ResourceType( 9068): No known package when getting name for resource number 0xffffffff
W/ResourceType( 9068): No known package when getting name for resource number 0xffffffff
W/ResourceType( 9068): No known package when getting name for resource number 0xffffffff
W/ResourceType( 9068): No known package when getting name for resource number 0xffffffff
W/ResourceType( 9068): No known package when getting name for resource number 0xffffffff
W/ResourceType( 9068): No known package when getting name for resource number 0xffffffff
W/ResourceType( 9068): No known package when getting name for resource number 0xffffffff
I/System.out( 9068): URI: /map
I/System.out( 9068): params: {json={"query":"* id:'agreeAndContinueButton'","operation":{"method_name":"query","arguments":[]}}
I/System.out( 9068): }
W/ResourceType( 9068): No known package when getting name for resource number 0xffffffff
W/ResourceType( 9068): No known package when getting name for resource number 0xffffffff
W/ResourceType( 9068): No known package when getting name for resource number 0xffffffff
W/ResourceType( 9068): No known package when getting name for resource number 0xffffffff
W/ResourceType( 9068): No known package when getting name for resource number 0xffffffff
W/ResourceType( 9068): No known package when getting name for resource number 0xffffffff
W/ResourceType( 9068): No known package when getting name for resource number 0xffffffff
W/ResourceType( 9068): No known package when getting name for resource number 0xffffffff
W/ResourceType( 9068): No known package when getting name for resource number 0xffffffff
W/ResourceType( 9068): No known package when getting name for resource number 0xffffffff
W/ResourceType( 9068): No known package when getting name for resource number 0xffffffff
I/System.out( 9068): URI: /
I/System.out( 9068): params: {json={"command":"touch_coordinate","arguments":[540.0,1705.0]}
I/System.out( 9068): }
I/System.out( 9068): header: {content-type=application/json; charset=utf-8, connection=close, host=devicehost147.prod, x-session-token=token-token-0a435de2-be4a-4b45-8dc7-bec975c64981, content-length=57, x-forwarded-for=10.222.150.14}
I/System.out( 9068): params: {json={"command":"touch_coordinate","arguments":[540.0,1705.0]}
I/System.out( 9068): }
I/System.out( 9068): ProP json = {"command":"touch_coordinate","arguments":[540.0,1705.0]}
I/System.out( 9068): files: {}
I/System.out( 9068): command: {"command":"touch_coordinate","arguments":[540.0,1705.0]}
I/InstrumentationBackend( 9068): Got command:'Command:'Line:null,touch_coordinate', arguments:'[540.0, 1705.0]'
I/art     ( 9068): Starting a blocking GC Explicit
I/art     ( 9068): Explicit concurrent mark sweep GC freed 7823(368KB) AllocSpace objects, 5(100KB) LOS objects, 40% free, 6MB/11MB, paused 308us total 20.008ms
I/System.out( 9068): result:{"bonusInformation":[],"message":"","success":true}
I/System.out( 9068): URI: /backdoor
I/System.out( 9068): params: {json={"method_name":"APISetup","arguments":[200]}
I/System.out( 9068): }
D/Mono    ( 9068): Assembly Ref addref System.Net.Http[0xec055a60] -> System.Core[0xec055220]: 13
D/Mono    ( 9068): DllImport searching in: '__Internal' ('(null)').
D/Mono    ( 9068): Searching for 'java_interop_jnienv_call_nonvirtual_int_method_a'.
D/Mono    ( 9068): Probing 'java_interop_jnienv_call_nonvirtual_int_method_a'.
D/Mono    ( 9068): Found as 'java_interop_jnienv_call_nonvirtual_int_method_a'.
D/Mono    ( 9068): Assembly Ref addref Mono.Android[0xec054c20] -> System[0xec054ec0]: 12
D/Mono    ( 9068): DllImport searching in: '__Internal' ('(null)').
D/Mono    ( 9068): Searching for 'java_interop_jnienv_get_float_field'.
D/Mono    ( 9068): Probing 'java_interop_jnienv_get_float_field'.
D/Mono    ( 9068): Found as 'java_interop_jnienv_get_float_field'.
D/Mono    ( 9068): DllImport searching in: '__Internal' ('(null)').
D/Mono    ( 9068): Searching for 'java_interop_jnienv_new_object_array'.
D/Mono    ( 9068): Probing 'java_interop_jnienv_new_object_array'.
D/Mono    ( 9068): Found as 'java_interop_jnienv_new_object_array'.
D/Mono    ( 9068): DllImport searching in: '__Internal' ('(null)').
D/Mono    ( 9068): Searching for 'java_interop_jnienv_set_object_array_element'.
D/Mono    ( 9068): Probing 'java_interop_jnienv_set_object_array_element'.
D/Mono    ( 9068): Found as 'java_interop_jnienv_set_object_array_element'.
I/System.out( 9068): URI: /backdoor
I/System.out( 9068): params: {json={"method_name":"MyCBBackdoor","arguments":[]}
I/System.out( 9068): }
D/Mono    ( 9068): Assembly Ref addref CareerBuilder_Search.Droid[0xec0192e0] -> Xamarin.Android.Support.Design[0xec054740]: 2
I/calabash( 9068): execStartActivity 4
I/ActivityManager(  873): START u0 {cmp=com.careerbuilder.SugarDrone/md5a4824aa66c0dc4d104077b72c1916a44.MasterNavActivity} from uid 15362 on display 0
I/calabash( 9068): newActivity1
I/System.out( 9068): URI: /map
I/System.out( 9068): params: {json={"query":"* marked:'Search'","operation":{"method_name":"query","arguments":[]}}
I/System.out( 9068): }
D/Mono    ( 9068): DllImport searching in: '__Internal' ('(null)').
D/Mono    ( 9068): Searching for 'java_interop_jnienv_call_nonvirtual_object_method'.
D/Mono    ( 9068): Probing 'java_interop_jnienv_call_nonvirtual_object_method'.
D/Mono    ( 9068): Found as 'java_interop_jnienv_call_nonvirtual_object_method'.
D/Mono    ( 9068): DllImport searching in: '__Internal' ('(null)').
D/Mono    ( 9068): Searching for 'java_interop_jnienv_call_int_method'.
D/Mono    ( 9068): Probing 'java_interop_jnienv_call_int_method'.
D/Mono    ( 9068): Found as 'java_interop_jnienv_call_int_method'.
D/Mono    ( 9068): [0xc8051920] worker starting
D/Mono    ( 9068): Assembly Ref addref Xamarin.Android.Support.Design[0xec054740] -> Xamarin.Android.Support.v4[0xec054560]: 4
D/Mono    ( 9068): Assembly Ref addref CareerBuilder_Search.Droid[0xec0192e0] -> Xamarin.Android.Support.v7.RecyclerView[0xec0545c0]: 2
D/Mono    ( 9068): Assembly Ref addref Xamarin.Android.Support.v7.RecyclerView[0xec0545c0] -> Xamarin.Android.Support.v4[0xec054560]: 5
D/Mono    ( 9068): Assembly Ref addref CareerBuilder_Search.Droid[0xec0192e0] -> FloatingActionButton-Xamarin[0xec054500]: 2
D/Mono    ( 9068): Unloading image System.IO.dll [0xcb7bbc00].
D/Mono    ( 9068): Image addref System.IO[0xcb115b60] -> System.IO.dll[0xca6a4a00]: 6
D/Mono    ( 9068): Config attempting to parse: 'System.IO.dll.config'.
D/Mono    ( 9068): Config attempting to parse: '/Users/builder/data/lanes/4009/3a62f1ea/source/monodroid/builds/install/mono-armv6/etc/mono/assemblies/System.IO/System.IO.config'.
D/Mono    ( 9068): Assembly Ref addref CareerBuilder_Search[0xec054bc0] -> System.IO[0xcc6fd740]: 4
I/art     ( 9068): Do partial code cache collection, code=43KB, data=62KB
I/art     ( 9068): After code cache collection, code=43KB, data=62KB
I/art     ( 9068): Increasing code cache capacity to 256KB
D/Mono    ( 9068): Unloading image System.dll [0xc7ee4000].
D/Mono    ( 9068): Image addref System[0xe4c7bba0] -> System.dll[0xdfd41d00]: 5
D/Mono    ( 9068): Config attempting to parse: 'System.dll.config'.
D/Mono    ( 9068): Config attempting to parse: '/Users/builder/data/lanes/4009/3a62f1ea/source/monodroid/builds/install/mono-armv6/etc/mono/assemblies/System/System.config'.
D/Mono    ( 9068): Unloading image System.dll [0xc7ee4000].
D/Mono    ( 9068): Image addref System[0xe4c7bae0] -> System.dll[0xdfd41d00]: 6
D/Mono    ( 9068): Config attempting to parse: 'System.dll.config'.
D/Mono    ( 9068): Config attempting to parse: '/Users/builder/data/lanes/4009/3a62f1ea/source/monodroid/builds/install/mono-armv6/etc/mono/assemblies/System/System.config'.
D/Mono    ( 9068): Unloading image System.dll [0xc7ee4000].
D/Mono    ( 9068): Image addref System[0xe4c7bae0] -> System.dll[0xdfd41d00]: 7
D/Mono    ( 9068): Config attempting to parse: 'System.dll.config'.
D/Mono    ( 9068): Config attempting to parse: '/Users/builder/data/lanes/4009/3a62f1ea/source/monodroid/builds/install/mono-armv6/etc/mono/assemblies/System/System.config'.
D/Mono    ( 9068): Unloading image System.dll [0xc7ee4000].
D/Mono    ( 9068): Image addref System[0xe4c7bae0] -> System.dll[0xdfd41d00]: 8
D/Mono    ( 9068): Config attempting to parse: 'System.dll.config'.
D/Mono    ( 9068): Config attempting to parse: '/Users/builder/data/lanes/4009/3a62f1ea/source/monodroid/builds/install/mono-armv6/etc/mono/assemblies/System/System.config'.
W/FragmentManager( 9068): moveToState: Fragment state for SavedJobsFragment{3925d1b #0 id=0x7f0a0148 android:switcher:2131362120:1} not updated inline; expected state 3 found 2
D/Mono    ( 9068): DllImport searching in: '__Internal' ('(null)').
D/Mono    ( 9068): Searching for 'java_interop_jnienv_is_assignable_from'.
D/Mono    ( 9068): Probing 'java_interop_jnienv_is_assignable_from'.
D/Mono    ( 9068): Found as 'java_interop_jnienv_is_assignable_from'.
D/Mono    ( 9068): DllImport searching in: '__Internal' ('(null)').
D/Mono    ( 9068): Searching for 'java_interop_jnienv_get_byte_array_region'.
D/Mono    ( 9068): Probing 'java_interop_jnienv_get_byte_array_region'.
D/Mono    ( 9068): Found as 'java_interop_jnienv_get_byte_array_region'.
D/Mono    ( 9068): DllImport searching in: '__Internal' ('(null)').
D/Mono    ( 9068): Searching for 'java_interop_jnienv_set_byte_array_region'.
D/Mono    ( 9068): Probing 'java_interop_jnienv_set_byte_array_region'.
D/Mono    ( 9068): Found as 'java_interop_jnienv_set_byte_array_region'.
D/Mono    ( 9068): Assembly Ref addref CareerBuilder_Search.Droid[0xec0192e0] -> System[0xec054ec0]: 13
W/FragmentManager( 9068): moveToState: Fragment state for ResumeManagementFragment{b920eb8 #1 id=0x7f0a0148 android:switcher:2131362120:2} not updated inline; expected state 3 found 2
D/Mono    ( 9068): Unloading image System.Linq.dll [0xcb793300].
D/Mono    ( 9068): Image addref System.Linq[0xc92d1e60] -> System.Linq.dll[0xcc8bfa00]: 9
D/Mono    ( 9068): Config attempting to parse: 'System.Linq.dll.config'.
D/Mono    ( 9068): Config attempting to parse: '/Users/builder/data/lanes/4009/3a62f1ea/source/monodroid/builds/install/mono-armv6/etc/mono/assemblies/System.Linq/System.Linq.config'.
D/Mono    ( 9068): Assembly Ref addref CareerBuilder_Search[0xec054bc0] -> System.Linq[0xec0550a0]: 7
D/Mono    ( 9068): Assembly Ref addref CareerBuilder_Search.Droid[0xec0192e0] -> System.Core[0xec055220]: 14
D/Mono    ( 9068): [0xc76e3920] worker starting
D/Mono    ( 9068): DllImport searching in: '__Internal' ('(null)').
D/Mono    ( 9068): Searching for 'java_interop_jnienv_call_nonvirtual_void_method'.
D/Mono    ( 9068): Probing 'java_interop_jnienv_call_nonvirtual_void_method'.
D/Mono    ( 9068): Found as 'java_interop_jnienv_call_nonvirtual_void_method'.
W/Mono    ( 9068): The request to load the assembly System.Core v4.0.0.0 was remapped to v2.0.5.0
D/Mono    ( 9068): Unloading image System.Core.dll [0xc7ee4500].
D/Mono    ( 9068): Image addref System.Core[0xe4c7c380] -> System.Core.dll[0xcc8bf500]: 5
D/Mono    ( 9068): Config attempting to parse: 'System.Core.dll.config'.
D/Mono    ( 9068): Config attempting to parse: '/Users/builder/data/lanes/4009/3a62f1ea/source/monodroid/builds/install/mono-armv6/etc/mono/assemblies/System.Core/System.Core.config'.
D/Mono    ( 9068): DllImport attempting to load: '/system/lib/liblog.so'.
D/Mono    ( 9068): DllImport loaded library '/system/lib/liblog.so'.
D/Mono    ( 9068): DllImport searching in: '/system/lib/liblog.so' ('/system/lib/liblog.so').
D/Mono    ( 9068): Searching for '__android_log_print'.
D/Mono    ( 9068): Probing '__android_log_print'.
D/Mono    ( 9068): Found as '__android_log_print'.
I/mono-stdout( 9068): uri is: https://api.careerbuilder.com/consumer/resumes?OAuthToken=&HostSite=US&DeveloperKey=WDHR8FC6P2JZ1Y61KLM5
I/mono-stdout( 9068): uri is: https://api.careerbuilder.com/consumer/jobs/search/?Keywords=&Location=&UseFacets=true&PageNumber=1&ExcludeNational=true&DeveloperKey=WDHR8FC6P2JZ1Y61KLM5
I/mono-stdout( 9068): uri is: https://api.careerbuilder.com/consumer/saved-jobs/?DeveloperKey=WDHR8FC6P2JZ1Y61KLM5
I/mono-stdout( 9068): uri is: https://api.careerbuilder.com/consumer/resumes?OAuthToken=&HostSite=US&DeveloperKey=WDHR8FC6P2JZ1Y61KLM5
W/Mono    ( 9068): The request to load the assembly System.Core v4.0.0.0 was remapped to v2.0.5.0
D/Mono    ( 9068): Unloading image System.Core.dll [0xc7ee4500].
D/Mono    ( 9068): Image addref System.Core[0xe4c7bae0] -> System.Core.dll[0xcc8bf500]: 6
D/Mono    ( 9068): Config attempting to parse: 'System.Core.dll.config'.
D/Mono    ( 9068): Config attempting to parse: '/Users/builder/data/lanes/4009/3a62f1ea/source/monodroid/builds/install/mono-armv6/etc/mono/assemblies/System.Core/System.Core.config'.
D/Mono    ( 9068): Unloading image System.Collections.dll [0xc7ee7700].
D/Mono    ( 9068): Image addref System.Collections[0xe4c7b8a0] -> System.Collections.dll[0xdfd42700]: 10
D/Mono    ( 9068): Config attempting to parse: 'System.Collections.dll.config'.
D/Mono    ( 9068): Config attempting to parse: '/Users/builder/data/lanes/4009/3a62f1ea/source/monodroid/builds/install/mono-armv6/etc/mono/assemblies/System.Collections/System.Collections.config'.
D/Mono    ( 9068): Assembly Ref addref System.Reactive.Linq[0xec054980] -> System.Collections[0xec054f80]: 8
D/Mono    ( 9068): Image addref System.Net.Primitives[0xe4c7b8a0] -> System.Net.Primitives.dll[0xc7ee6300]: 2
D/Mono    ( 9068): Prepared to set up assembly 'System.Net.Primitives' (System.Net.Primitives.dll)
D/Mono    ( 9068): Assembly System.Net.Primitives[0xe4c7b8a0] added to domain RootDomain, ref_count=1
D/Mono    ( 9068): Unloading image System.Net.Primitives.dll [0xc7cb9e00].
D/Mono    ( 9068): Image addref System.Net.Primitives[0xc7e7e740] -> System.Net.Primitives.dll[0xc7ee6300]: 4
D/Mono    ( 9068): Config attempting to parse: 'System.Net.Primitives.dll.config'.
D/Mono    ( 9068): Config attempting to parse: '/Users/builder/data/lanes/4009/3a62f1ea/source/monodroid/builds/install/mono-armv6/etc/mono/assemblies/System.Net.Primitives/System.Net.Primitives.config'.
D/Mono    ( 9068): Assembly Ref addref CareerBuilder_Search[0xec054bc0] -> System.Net.Primitives[0xe4c7b8a0]: 2
D/Mono    ( 9068): Unloading image System.Net.Primitives.dll [0xc7cb8500].
D/Mono    ( 9068): Assembly Ref addref System.Net.Primitives[0xe4c7b8a0] -> System[0xec054ec0]: 14
D/Mono    ( 9068): Image addref System.Net.Primitives[0xc92d2ca0] -> System.Net.Primitives.dll[0xc7ee6300]: 5
D/Mono    ( 9068): Config attempting to parse: 'System.Net.Primitives.dll.config'.
D/Mono    ( 9068): Config attempting to parse: '/Users/builder/data/lanes/4009/3a62f1ea/source/monodroid/builds/install/mono-armv6/etc/mono/assemblies/System.Net.Primitives/System.Net.Primitives.config'.
D/Mono    ( 9068): Unloading image System.Net.Primitives.dll [0xc7cb8f00].
D/Mono    ( 9068): Image addref System.Net.Primitives[0xcb115c20] -> System.Net.Primitives.dll[0xc7ee6300]: 6
D/Mono    ( 9068): Config attempting to parse: 'System.Net.Primitives.dll.config'.
D/Mono    ( 9068): AOT module 'System.Net.Primitives.dll.so' not found: dlopen failed: library "/data/app/com.careerbuilder.SugarDrone-1/lib/arm/libaot-System.Net.Primitives.dll.so" not found
D/Mono    ( 9068): Config attempting to parse: '/Users/builder/data/lanes/4009/3a62f1ea/source/monodroid/builds/install/mono-armv6/etc/mono/assemblies/System.Net.Primitives/System.Net.Primitives.config'.
D/Mono    ( 9068): AOT module '/Users/builder/data/lanes/4009/3a62f1ea/source/monodroid/builds/install/mono-armv6/lib/mono/aot-cache/arm/System.Net.Primitives.dll.so' not found: dlopen failed: library "/data/app/com.careerbuilder.SugarDrone-1/lib/arm/libaot-System.Net.Primitives.dll.so" not found
D/Mono    ( 9068): Config attempting to parse: 'System.Net.Primitives.dll.config'.
D/Mono    ( 9068): Config attempting to parse: '/Users/builder/data/lanes/4009/3a62f1ea/source/monodroid/builds/install/mono-armv6/etc/mono/assemblies/System.Net.Primitives/System.Net.Primitives.config'.
D/Mono    ( 9068): Unloading image System.Text.Encoding.dll [0xc7cb8500].
D/Mono    ( 9068): Image addref System.Text.Encoding[0xc92d1ec0] -> System.Text.Encoding.dll[0xca6a4000]: 5
D/Mono    ( 9068): Config attempting to parse: 'System.Text.Encoding.dll.config'.
D/Mono    ( 9068): Config attempting to parse: '/Users/builder/data/lanes/4009/3a62f1ea/source/monodroid/builds/install/mono-armv6/etc/mono/assemblies/System.Text.Encoding/System.Text.Encoding.config'.
D/Mono    ( 9068): Assembly Ref addref CareerBuilder_Search[0xec054bc0] -> System.Text.Encoding[0xcc6fd680]: 3
D/Mono    ( 9068): Unloading image System.Text.Encoding.dll [0xc7cb9e00].
D/Mono    ( 9068): Image addref System.Text.Encoding[0xc7e7e6e0] -> System.Text.Encoding.dll[0xca6a4000]: 6
D/Mono    ( 9068): Config attempting to parse: 'System.Text.Encoding.dll.config'.
D/Mono    ( 9068): Unloading image System.Text.Encoding.dll [0xc7cb8f00].
D/Mono    ( 9068): Config attempting to parse: '/Users/builder/data/lanes/4009/3a62f1ea/source/monodroid/builds/install/mono-armv6/etc/mono/assemblies/System.Text.Encoding/System.Text.Encoding.config'.
D/Mono    ( 9068): Unloading image System.Text.Encoding.dll [0xc7ee5e00].
D/Mono    ( 9068): Image addref System.Text.Encoding[0xcb1157a0] -> System.Text.Encoding.dll[0xca6a4000]: 8
D/Mono    ( 9068): Config attempting to parse: 'System.Text.Encoding.dll.config'.
D/Mono    ( 9068): Image addref System.Text.Encoding[0xe4c7b600] -> System.Text.Encoding.dll[0xca6a4000]: 8
D/Mono    ( 9068): Config attempting to parse: '/Users/builder/data/lanes/4009/3a62f1ea/source/monodroid/builds/install/mono-armv6/etc/mono/assemblies/System.Text.Encoding/System.Text.Encoding.config'.
D/Mono    ( 9068): Config attempting to parse: 'System.Text.Encoding.dll.config'.
D/Mono    ( 9068): Config attempting to parse: '/Users/builder/data/lanes/4009/3a62f1ea/source/monodroid/builds/install/mono-armv6/etc/mono/assemblies/System.Text.Encoding/System.Text.Encoding.config'.
I/mono-stdout( 9068): making api call to: /consumer/resumes?OAuthToken=&HostSite=US&DeveloperKey=WDHR8FC6P2JZ1Y61KLM5
I/mono-stdout( 9068): making api call to: /consumer/resumes?OAuthToken=&HostSite=US&DeveloperKey=WDHR8FC6P2JZ1Y61KLM5
I/mono-stdout( 9068): making api call to: /consumer/saved-jobs/?DeveloperKey=WDHR8FC6P2JZ1Y61KLM5
I/mono-stdout( 9068): making api call to: /consumer/jobs/search/?Keywords=&Location=&UseFacets=true&PageNumber=1&ExcludeNational=true&DeveloperKey=WDHR8FC6P2JZ1Y61KLM5
D/Mono    ( 9068): Assembly Ref addref CareerBuilder_Search.Droid[0xec0192e0] -> Newtonsoft.Json[0xec054800]: 4
I/mono-stdout( 9068): Method: GET, RequestUri: 'https://api.careerbuilder.com/consumer/saved-jobs/?DeveloperKey=WDHR8FC6P2JZ1Y61KLM5', Version: 1.1, Content: <null>, Headers:
I/mono-stdout( 9068): {
I/mono-stdout( 9068): DeveloperKey: WDHR8FC6P2JZ1Y61KLM5
I/mono-stdout( 9068): Accept: application/json
I/mono-stdout( 9068): Authorization: Bearer test
I/mono-stdout( 9068): HostSite: US
I/mono-stdout( 9068): }
I/mono-stdout( 9068): Current State = 1,2,6,7
I/mono-stdout( 9068): applied jobs = 6
I/mono-stdout( 9068): expired jobs = 7
I/mono-stdout( 9068): saved jobs = Saved,Saved,Applied,Saved
D/Mono    ( 9068): [0xcbd74920] hill climbing, change max number of threads 7
D/Mono    ( 9068): DllImport searching in: '__Internal' ('(null)').
D/Mono    ( 9068): Searching for 'java_interop_jnienv_new_byte_array'.
D/Mono    ( 9068): Probing 'java_interop_jnienv_new_byte_array'.
D/Mono    ( 9068): Found as 'java_interop_jnienv_new_byte_array'.
D/Mono    ( 9068): [0xc737f920] worker starting
I/mono-stdout( 9068): done making call to: /consumer/resumes?OAuthToken=&HostSite=US&DeveloperKey=WDHR8FC6P2JZ1Y61KLM5
I/mono-stdout( 9068): done making call to: /consumer/resumes?OAuthToken=&HostSite=US&DeveloperKey=WDHR8FC6P2JZ1Y61KLM5
I/mono-stdout( 9068): The resume  with hash has been set as latest
I/mono-stdout( 9068): The resume  with hash has been set as latest
I/mono-stdout( 9068): done making call to: /consumer/saved-jobs/?DeveloperKey=WDHR8FC6P2JZ1Y61KLM5
I/art     ( 9068): Starting a blocking GC Explicit
I/art     ( 9068): Explicit concurrent mark sweep GC freed 1366(82KB) AllocSpace objects, 0(0B) LOS objects, 39% free, 10MB/18MB, paused 429us total 25.973ms
D/Mono    ( 9068): GC_TAR_BRIDGE bridges 160 objects 342 opaque 104 colors 160 colors-bridged 160 colors-visible 160 xref 2 cache-hit 0 cache-semihit 0 cache-miss 0 setup 0.06ms tarjan 0.31ms scc-setup 0.09ms gather-xref 0.01ms xref-setup 0.00ms cleanup 0.05ms
D/Mono    ( 9068): GC_BRIDGE: Complete, was running for 28.64ms
D/Mono    ( 9068): GC_MINOR: (Nursery full) time 17.66ms, stw 18.98ms promoted 883K major size: 1904K in use: 1158K los size: 1024K in use: 367K
I/mono-stdout( 9068): done making call to: /consumer/jobs/search/?Keywords=&Location=&UseFacets=true&PageNumber=1&ExcludeNational=true&DeveloperKey=WDHR8FC6P2JZ1Y61KLM5
I/mono-stdout( 9068): uri is: https://api.careerbuilder.com/consumer/saved-jobs/?DeveloperKey=WDHR8FC6P2JZ1Y61KLM5
I/mono-stdout( 9068): making api call to: /consumer/saved-jobs/?DeveloperKey=WDHR8FC6P2JZ1Y61KLM5
I/mono-stdout( 9068): Method: GET, RequestUri: 'https://api.careerbuilder.com/consumer/saved-jobs/?DeveloperKey=WDHR8FC6P2JZ1Y61KLM5', Version: 1.1, Content: <null>, Headers:
I/mono-stdout( 9068): {
I/mono-stdout( 9068): DeveloperKey: WDHR8FC6P2JZ1Y61KLM5
I/mono-stdout( 9068): Accept: application/json
I/mono-stdout( 9068): Authorization: Bearer test
I/mono-stdout( 9068): HostSite: US
I/mono-stdout( 9068): }
I/mono-stdout( 9068): Current State = 1,2,6,7
I/mono-stdout( 9068): applied jobs = 6
I/mono-stdout( 9068): expired jobs = 7
I/mono-stdout( 9068): saved jobs = Saved,Saved,Applied,Saved
E/RecyclerView( 9068): No adapter attached; skipping layout
W/art     ( 9068): JNI RegisterNativeMethods: attempt to register 0 native methods for md539c3d548fb000cea9f34163fa7e112ea.ProgressListItemViewHolder
W/ResourceType( 9068): No known package when getting name for resource number 0xffffffff
W/ResourceType( 9068): No known package when getting name for resource number 0xffffffff
W/ResourceType( 9068): No known package when getting name for resource number 0xffffffff
W/ResourceType( 9068): No known package when getting name for resource number 0xffffffff
W/ResourceType( 9068): No known package when getting name for resource number 0xffffffff
W/ResourceType( 9068): No known package when getting name for resource number 0xffffffff
W/ResourceType( 9068): No known package when getting name for resource number 0xffffffff
W/ResourceType( 9068): No known package when getting name for resource number 0xffffffff
W/ResourceType( 9068): No known package when getting name for resource number 0xffffffff
W/ResourceType( 9068): No known package when getting name for resource number 0xffffffff
W/ResourceType( 9068): No known package when getting name for resource number 0xffffffff
D/Mono    ( 9068): Assembly Ref addref Xamarin.Android.Support.v7.AppCompat[0xec0546e0] -> System.Core[0xec055220]: 15
I/Choreographer( 9068): Skipped 100 frames!  The application may be doing too much work on its main thread.
E/RecyclerView( 9068): No adapter attached; skipping layout
D/Mono    ( 9068): DllImport searching in: '__Internal' ('(null)').
D/Mono    ( 9068): Searching for 'java_interop_jnienv_call_void_method'.
D/Mono    ( 9068): Probing 'java_interop_jnienv_call_void_method'.
D/Mono    ( 9068): Found as 'java_interop_jnienv_call_void_method'.
I/ActivityManager(  873): Displayed com.careerbuilder.SugarDrone/md5a4824aa66c0dc4d104077b72c1916a44.MasterNavActivity: +2s259ms
E/RecyclerView( 9068): No adapter attached; skipping layout
I/System.out( 9068): URI: /map
I/System.out( 9068): params: {json={"query":"* marked:'Job 5'","operation":{"method_name":"query","arguments":[]}}
I/System.out( 9068): }
W/ResourceType( 9068): No known package when getting name for resource number 0xffffffff
W/ResourceType( 9068): No known package when getting name for resource number 0xffffffff
W/ResourceType( 9068): No known package when getting name for resource number 0xffffffff
W/ResourceType( 9068): No known package when getting name for resource number 0xffffffff
W/ResourceType( 9068): No known package when getting name for resource number 0xffffffff
W/ResourceType( 9068): No known package when getting name for resource number 0xffffffff
W/ResourceType( 9068): No known package when getting name for resource number 0xffffffff
W/ResourceType( 9068): No known package when getting name for resource number 0xffffffff
W/ResourceType( 9068): No known package when getting name for resource number 0xffffffff
W/ResourceType( 9068): No known package when getting name for resource number 0xffffffff
W/ResourceType( 9068): No known package when getting name for resource number 0xffffffff
W/ResourceType( 9068): No known package when getting name for resource number 0xffffffff
W/ResourceType( 9068): No known package when getting name for resource number 0xffffffff
W/ResourceType( 9068): No known package when getting name for resource number 0xffffffff
W/ResourceType( 9068): No known package when getting name for resource number 0xffffffff
W/ResourceType( 9068): No known package when getting name for resource number 0xffffffff
W/ResourceType( 9068): No known package when getting name for resource number 0xffffffff
W/ResourceType( 9068): No known package when getting name for resource number 0xffffffff
W/ResourceType( 9068): No known package when getting name for resource number 0xffffffff
W/ResourceType( 9068): No known package when getting name for resource number 0xffffffff
W/ResourceType( 9068): No known package when getting name for resource number 0xffffffff
W/ResourceType( 9068): No known package when getting name for resource number 0xffffffff
W/ResourceType( 9068): No known package when getting name for resource number 0xffffffff
W/ResourceType( 9068): No known package when getting name for resource number 0xffffffff
W/ResourceType( 9068): No known package when getting name for resource number 0xffffffff
W/ResourceType( 9068): No known package when getting name for resource number 0xffffffff
W/ResourceType( 9068): No known package when getting name for resource number 0xffffffff
W/ResourceType( 9068): No known package when getting name for resource number 0xffffffff
W/ResourceType( 9068): No known package when getting name for resource number 0xffffffff
W/ResourceType( 9068): No known package when getting name for resource number 0xffffffff
W/ResourceType( 9068): No known package when getting name for resource number 0xffffffff
W/ResourceType( 9068): No known package when getting name for resource number 0xffffffff
I/mono-stdout( 9068): done making call to: /consumer/saved-jobs/?DeveloperKey=WDHR8FC6P2JZ1Y61KLM5
W/ResourceType( 9068): No known package when getting name for resource number 0xffffffff
W/ResourceType( 9068): No known package when getting name for resource number 0xffffffff
W/ResourceType( 9068): No known package when getting name for resource number 0xffffffff
W/ResourceType( 9068): No known package when getting name for resource number 0xffffffff
W/ResourceType( 9068): No known package when getting name for resource number 0xffffffff
W/ResourceType( 9068): No known package when getting name for resource number 0xffffffff
W/ResourceType( 9068): No known package when getting name for resource number 0xffffffff
W/ResourceType( 9068): No known package when getting name for resource number 0xffffffff
W/ResourceType( 9068): No known package when getting name for resource number 0xffffffff
W/ResourceType( 9068): No known package when getting name for resource number 0xffffffff
W/ResourceType( 9068): No known package when getting name for resource number 0xffffffff
W/ResourceType( 9068): No known package when getting name for resource number 0xffffffff
W/ResourceType( 9068): No known package when getting name for resource number 0xffffffff
W/ResourceType( 9068): No known package when getting name for resource number 0xffffffff
W/ResourceType( 9068): No known package when getting name for resource number 0xffffffff
D/Mono    ( 9068): DllImport searching in: '__Internal' ('(null)').
D/Mono    ( 9068): Searching for 'java_interop_jnienv_set_int_field'.
D/Mono    ( 9068): Probing 'java_interop_jnienv_set_int_field'.
D/Mono    ( 9068): Found as 'java_interop_jnienv_set_int_field'.
E/RecyclerView( 9068): No adapter attached; skipping layout
W/art     ( 9068): JNI RegisterNativeMethods: attempt to register 0 native methods for md539c3d548fb000cea9f34163fa7e112ea.JobResultViewHolder
W/art     ( 9068): JNI RegisterNativeMethods: attempt to register 0 native methods for md543b91ad655f5c020e54c78f692da973f.SnapshotView
I/System.out( 9068): URI: /map
I/System.out( 9068): params: {json={"query":"all *","operation":{"method_name":"query","arguments":[]}}
I/System.out( 9068): }
W/ResourceType( 9068): No known package when getting name for resource number 0xffffffff
W/ResourceType( 9068): No known package when getting name for resource number 0xffffffff
W/ResourceType( 9068): No known package when getting name for resource number 0xffffffff
W/ResourceType( 9068): No known package when getting name for resource number 0xffffffff
W/ResourceType( 9068): No known package when getting name for resource number 0xffffffff
I/WindowManager(  873): Destroying surface Surface(name=com.careerbuilder.SugarDrone/md5a4824aa66c0dc4d104077b72c1916a44.TermsAndConditionsActivity) called by com.android.server.wm.WindowStateAnimator.destroySurface:2014 com.android.server.wm.WindowStateAnimator.destroySurfaceLocked:881 com.android.server.wm.WindowState.destroyOrSaveSurface:2073 com.android.server.wm.AppWindowToken.destroySurfaces:363 com.android.server.wm.AppWindowToken.notifyAppStopped:389 com.android.server.wm.WindowManagerService.notifyAppStopped:4456 com.android.server.am.ActivityStack.activityStoppedLocked:1252 com.android.server.am.ActivityManagerService.activityStopped:6873 
W/ResourceType( 9068): No known package when getting name for resource number 0xffffffff
I/WindowManager(  873): Destroying surface Surface(name=com.careerbuilder.SugarDrone/md5a4824aa66c0dc4d104077b72c1916a44.TermsAndConditionsActivity) called by com.android.server.wm.WindowStateAnimator.destroySurface:2014 com.android.server.wm.WindowStateAnimator.destroySurfaceLocked:881 com.android.server.wm.WindowState.destroyOrSaveSurface:2073 com.android.server.wm.AppWindowToken.destroySurfaces:363 com.android.server.wm.AppWindowToken.notifyAppStopped:389 com.android.server.wm.WindowManagerService.notifyAppStopped:4456 com.android.server.am.ActivityStack.activityStoppedLocked:1252 com.android.server.am.ActivityManagerService.activityStopped:6873 
W/ResourceType( 9068): No known package when getting name for resource number 0xffffffff
W/ResourceType( 9068): No known package when getting name for resource number 0xffffffff
W/ResourceType( 9068): No known package when getting name for resource number 0xffffffff
W/ResourceType( 9068): No known package when getting name for resource number 0xffffffff
W/SurfaceFlinger(  401): couldn't log to binary event log: overflow.
W/ResourceType( 9068): No known package when getting name for resource number 0xffffffff
W/ResourceType( 9068): No known package when getting name for resource number 0xffffffff
W/ResourceType( 9068): No known package when getting name for resource number 0xffffffff
W/ResourceType( 9068): No known package when getting name for resource number 0xffffffff
W/ResourceType( 9068): No known package when getting name for resource number 0xffffffff
W/ResourceType( 9068): No known package when getting name for resource number 0xffffffff
W/ResourceType( 9068): No known package when getting name for resource number 0xffffffff
W/ResourceType( 9068): No known package when getting name for resource number 0xffffffff
W/ResourceType( 9068): No known package when getting name for resource number 0xffffffff
W/ResourceType( 9068): No known package when getting name for resource number 0xffffffff
W/ResourceType( 9068): No known package when getting name for resource number 0xffffffff
W/ResourceType( 9068): No known package when getting name for resource number 0xffffffff
W/ResourceType( 9068): No known package when getting name for resource number 0xffffffff
W/ResourceType( 9068): No known package when getting name for resource number 0xffffffff
W/ResourceType( 9068): No known package when getting name for resource number 0xffffffff
W/ResourceType( 9068): No known package when getting name for resource number 0xffffffff
W/ResourceType( 9068): No known package when getting name for resource number 0xffffffff
W/ResourceType( 9068): No known package when getting name for resource number 0xffffffff
W/ResourceType( 9068): No known package when getting name for resource number 0xffffffff
W/ResourceType( 9068): No known package when getting name for resource number 0xffffffff
W/ResourceType( 9068): No known package when getting name for resource number 0xffffffff
W/ResourceType( 9068): No known package when getting name for resource number 0xffffffff
W/ResourceType( 9068): No known package when getting name for resource number 0xffffffff
W/ResourceType( 9068): No known package when getting name for resource number 0xffffffff
W/ResourceType( 9068): No known package when getting name for resource number 0xffffffff
W/ResourceType( 9068): No known package when getting name for resource number 0xffffffff
W/ResourceType( 9068): No known package when getting name for resource number 0xffffffff
W/ResourceType( 9068): No known package when getting name for resource number 0xffffffff
W/ResourceType( 9068): No known package when getting name for resource number 0xffffffff
W/ResourceType( 9068): No known package when getting name for resource number 0xffffffff
W/ResourceType( 9068): No known package when getting name for resource number 0xffffffff
W/ResourceType( 9068): No known package when getting name for resource number 0xffffffff
W/ResourceType( 9068): No known package when getting name for resource number 0xffffffff
W/ResourceType( 9068): No known package when getting name for resource number 0xffffffff
W/ResourceType( 9068): No known package when getting name for resource number 0xffffffff
W/ResourceType( 9068): No known package when getting name for resource number 0xffffffff
W/ResourceType( 9068): No known package when getting name for resource number 0xffffffff
W/ResourceType( 9068): No known package when getting name for resource number 0xffffffff
W/ResourceType( 9068): No known package when getting name for resource number 0xffffffff
W/ResourceType( 9068): No known package when getting name for resource number 0xffffffff
W/ResourceType( 9068): No known package when getting name for resource number 0xffffffff
W/ResourceType( 9068): No known package when getting name for resource number 0xffffffff
W/ResourceType( 9068): No known package when getting name for resource number 0xffffffff
W/ResourceType( 9068): No known package when getting name for resource number 0xffffffff
W/ResourceType( 9068): No known package when getting name for resource number 0xffffffff
W/ResourceType( 9068): No known package when getting name for resource number 0xffffffff
W/ResourceType( 9068): No known package when getting name for resource number 0xffffffff
W/ResourceType( 9068): No known package when getting name for resource number 0xffffffff
W/ResourceType( 9068): No known package when getting name for resource number 0xffffffff
W/ResourceType( 9068): No known package when getting name for resource number 0xffffffff
W/ResourceType( 9068): No known package when getting name for resource number 0xffffffff
W/ResourceType( 9068): No known package when getting name for resource number 0xffffffff
W/ResourceType( 9068): No known package when getting name for resource number 0xffffffff
W/ResourceType( 9068): No known package when getting name for resource number 0xffffffff
W/ResourceType( 9068): No known package when getting name for resource number 0xffffffff
W/ResourceType( 9068): No known package when getting name for resource number 0xffffffff
W/ResourceType( 9068): No known package when getting name for resource number 0xffffffff
I/System.out( 9068): URI: /
I/System.out( 9068): params: {json={"command":"drag_coordinates","arguments":[540.0,1255.8,540.0,538.2]}
I/System.out( 9068): }
I/System.out( 9068): header: {content-type=application/json; charset=utf-8, connection=close, host=devicehost147.prod, x-session-token=token-token-0a435de2-be4a-4b45-8dc7-bec975c64981, content-length=69, x-forwarded-for=10.222.150.14}
I/System.out( 9068): params: {json={"command":"drag_coordinates","arguments":[540.0,1255.8,540.0,538.2]}
I/System.out( 9068): }
I/System.out( 9068): ProP json = {"command":"drag_coordinates","arguments":[540.0,1255.8,540.0,538.2]}
I/System.out( 9068): files: {}
I/System.out( 9068): command: {"command":"drag_coordinates","arguments":[540.0,1255.8,540.0,538.2]}
I/InstrumentationBackend( 9068): Got command:'Command:'Line:null,drag_coordinates', arguments:'[540.0, 1255.8, 540.0, 538.2]'
I/art     ( 9068): Starting a blocking GC Explicit
I/art     ( 9068): Explicit concurrent mark sweep GC freed 134093(4MB) AllocSpace objects, 12(640KB) LOS objects, 40% free, 12MB/20MB, paused 714us total 41.328ms
I/art     ( 9068): Do full code cache collection, code=95KB, data=125KB
I/art     ( 9068): After code cache collection, code=86KB, data=95KB
I/System.out( 9068): result:{"bonusInformation":[],"message":"","success":true}
I/System.out( 9068): URI: /map
I/System.out( 9068): params: {json={"query":"* marked:'Job 5'","operation":{"method_name":"query","arguments":[]}}
I/System.out( 9068): }
W/ResourceType( 9068): No known package when getting name for resource number 0xffffffff
W/ResourceType( 9068): No known package when getting name for resource number 0xffffffff
W/ResourceType( 9068): No known package when getting name for resource number 0xffffffff
W/ResourceType( 9068): No known package when getting name for resource number 0xffffffff
W/ResourceType( 9068): No known package when getting name for resource number 0xffffffff
W/ResourceType( 9068): No known package when getting name for resource number 0xffffffff
W/ResourceType( 9068): No known package when getting name for resource number 0xffffffff
W/ResourceType( 9068): No known package when getting name for resource number 0xffffffff
W/ResourceType( 9068): No known package when getting name for resource number 0xffffffff
W/ResourceType( 9068): No known package when getting name for resource number 0xffffffff
W/ResourceType( 9068): No known package when getting name for resource number 0xffffffff
W/ResourceType( 9068): No known package when getting name for resource number 0xffffffff
W/ResourceType( 9068): No known package when getting name for resource number 0xffffffff
W/ResourceType( 9068): No known package when getting name for resource number 0xffffffff
W/ResourceType( 9068): No known package when getting name for resource number 0xffffffff
W/ResourceType( 9068): No known package when getting name for resource number 0xffffffff
W/ResourceType( 9068): No known package when getting name for resource number 0xffffffff
W/ResourceType( 9068): No known package when getting name for resource number 0xffffffff
W/ResourceType( 9068): No known package when getting name for resource number 0xffffffff
W/ResourceType( 9068): No known package when getting name for resource number 0xffffffff
W/ResourceType( 9068): No known package when getting name for resource number 0xffffffff
W/ResourceType( 9068): No known package when getting name for resource number 0xffffffff
W/ResourceType( 9068): No known package when getting name for resource number 0xffffffff
W/ResourceType( 9068): No known package when getting name for resource number 0xffffffff
W/ResourceType( 9068): No known package when getting name for resource number 0xffffffff
W/ResourceType( 9068): No known package when getting name for resource number 0xffffffff
W/ResourceType( 9068): No known package when getting name for resource number 0xffffffff
W/ResourceType( 9068): No known package when getting name for resource number 0xffffffff
W/ResourceType( 9068): No known package when getting name for resource number 0xffffffff
W/ResourceType( 9068): No known package when getting name for resource number 0xffffffff
W/ResourceType( 9068): No known package when getting name for resource number 0xffffffff
W/ResourceType( 9068): No known package when getting name for resource number 0xffffffff
W/ResourceType( 9068): No known package when getting name for resource number 0xffffffff
W/ResourceType( 9068): No known package when getting name for resource number 0xffffffff
W/ResourceType( 9068): No known package when getting name for resource number 0xffffffff
W/ResourceType( 9068): No known package when getting name for resource number 0xffffffff
W/ResourceType( 9068): No known package when getting name for resource number 0xffffffff
W/ResourceType( 9068): No known package when getting name for resource number 0xffffffff
W/ResourceType( 9068): No known package when getting name for resource number 0xffffffff
W/ResourceType( 9068): No known package when getting name for resource number 0xffffffff
W/ResourceType( 9068): No known package when getting name for resource number 0xffffffff
W/ResourceType( 9068): No known package when getting name for resource number 0xffffffff
W/ResourceType( 9068): No known package when getting name for resource number 0xffffffff
W/ResourceType( 9068): No known package when getting name for resource number 0xffffffff
W/ResourceType( 9068): No known package when getting name for resource number 0xffffffff
W/ResourceType( 9068): No known package when getting name for resource number 0xffffffff
W/ResourceType( 9068): No known package when getting name for resource number 0xffffffff
W/ResourceType( 9068): No known package when getting name for resource number 0xffffffff
W/ResourceType( 9068): No known package when getting name for resource number 0xffffffff
W/ResourceType( 9068): No known package when getting name for resource number 0xffffffff
W/ResourceType( 9068): No known package when getting name for resource number 0xffffffff
W/ResourceType( 9068): No known package when getting name for resource number 0xffffffff
W/ResourceType( 9068): No known package when getting name for resource number 0xffffffff
W/ResourceType( 9068): No known package when getting name for resource number 0xffffffff
W/ResourceType( 9068): No known package when getting name for resource number 0xffffffff
W/ResourceType( 9068): No known package when getting name for resource number 0xffffffff
W/ResourceType( 9068): No known package when getting name for resource number 0xffffffff
W/ResourceType( 9068): No known package when getting name for resource number 0xffffffff
W/ResourceType( 9068): No known package when getting name for resource number 0xffffffff
W/ResourceType( 9068): No known package when getting name for resource number 0xffffffff
W/ResourceType( 9068): No known package when getting name for resource number 0xffffffff
W/ResourceType( 9068): No known package when getting name for resource number 0xffffffff
W/ResourceType( 9068): No known package when getting name for resource number 0xffffffff
W/ResourceType( 9068): No known package when getting name for resource number 0xffffffff
