<![CDATA[
]]><xtc-scenario name="[0-1063]CareerBuilder_Search.DroidFeatureTests.MyCBNavigationTests.HomeInFlyoutFromAfterApplySavesPlaceInJRP" id="[0-1063]CareerBuilder_Search.DroidFeatureTests.MyCBNavigationTests.HomeInFlyoutFromAfterApplySavesPlaceInJRP"><![CDATA[

]]><xtc-step name="[0-1063]CareerBuilder_Search.DroidFeatureTests.MyCBNavigationTests.HomeInFlyoutFromAfterApplySavesPlaceInJRP-HomeInFlyoutFromAfterApplySavesPlaceInJRP" id="[0-1063]CareerBuilder_Search.DroidFeatureTests.MyCBNavigationTests.HomeInFlyoutFromAfterApplySavesPlaceInJRP-HomeInFlyoutFromAfterApplySavesPlaceInJRP"><![CDATA[
D/AndroidRuntime( 7996): >>>>>> START com.android.internal.os.RuntimeInit uid 2000 <<<<<<
D/AndroidRuntime( 7996): CheckJNI is OFF
D/ICU     ( 7996): No timezone override file found: /data/misc/zoneinfo/current/icu/icu_tzdata.dat
I/Radio-JNI( 7996): register_android_hardware_Radio DONE
D/AndroidRuntime( 7996): Calling main entry com.android.commands.pm.Pm
W/MessageQueue( 7996): Handler (android.os.Handler) {a1555b0} sending message to a Handler on a dead thread
W/MessageQueue( 7996): java.lang.IllegalStateException: Handler (android.os.Handler) {a1555b0} sending message to a Handler on a dead thread
W/MessageQueue( 7996): 	at android.os.MessageQueue.enqueueMessage(MessageQueue.java:543)
W/MessageQueue( 7996): 	at android.os.Handler.enqueueMessage(Handler.java:643)
W/MessageQueue( 7996): 	at android.os.Handler.sendMessageAtTime(Handler.java:612)
W/MessageQueue( 7996): 	at android.os.Handler.sendMessageDelayed(Handler.java:582)
W/MessageQueue( 7996): 	at android.os.Handler.post(Handler.java:338)
W/MessageQueue( 7996): 	at android.os.ResultReceiver$MyResultReceiver.send(ResultReceiver.java:57)
W/MessageQueue( 7996): 	at com.android.internal.os.IResultReceiver$Stub.onTransact(IResultReceiver.java:58)
W/MessageQueue( 7996): 	at android.os.Binder.execTransact(Binder.java:565)
I/art     ( 7996): System.exit called, status: 0
I/AndroidRuntime( 7996): VM exiting with result code 0.
--------- beginning of system
I/ActivityManager(  873): Killing 5736:com.google.android.apps.docs/u0a52 (adj 906): empty #17
I/ActivityManager(  873): Killing 5717:com.android.musicfx/u0a29 (adj 906): empty #18
D/SntpClient(  873): round trip: 41ms, clock offset: -181ms
D/AlarmManagerService(  873): Setting time of day to sec=1489678789
W/AlarmManagerService(  873): Unable to set rtc to 1489678789: Invalid argument
I/rmt_storage(  396): rmt_storage_connect_cb: clnt_h=0xc conn_h=0x7d6aa2a210
I/rmt_storage(  396): rmt_storage_rw_iovec_cb: /boot/modem_fs1: clnt_h=0x3: req_h=0xc msg_id=3: R/W request received
I/rmt_storage(  396): wakelock acquired: 1, error no: 42
I/rmt_storage(  396): rmt_storage_client_thread: /boot/modem_fs1: clnt_h=0x3 Unblock worker thread (th_id: 538665194576)
I/rmt_storage(  396): rmt_storage_client_thread: /boot/modem_fs1: clnt_h=0x3: req_h=0xc msg_id=3: Bytes written = 1572864
I/rmt_storage(  396): rmt_storage_client_thread: /boot/modem_fs1: clnt_h=0x3: req_h=0xc msg_id=3: Send response: res=0 err=0
I/rmt_storage(  396): rmt_storage_client_thread: /boot/modem_fs1: clnt_h=0x3 About to block rmt_storage client thread (th_id: 538665194576) wakelock released: 1, error no: 22
I/rmt_storage(  396): 
I/rmt_storage(  396): rmt_storage_disconnect_cb: clnt_h=0xc conn_h=0x7d6aa2a210
I/ThermalEngine(  504): ACTION: BATTERY - Setting battery charging mitigation to 0
D/AndroidRuntime( 8570): >>>>>> START com.android.internal.os.RuntimeInit uid 2000 <<<<<<
D/AndroidRuntime( 8570): CheckJNI is OFF
D/ICU     ( 8570): No timezone override file found: /data/misc/zoneinfo/current/icu/icu_tzdata.dat
I/Radio-JNI( 8570): register_android_hardware_Radio DONE
D/AndroidRuntime( 8570): Calling main entry com.android.commands.am.Am
W/ActivityManager(  873): Invalid packageName: com.careerbuilder.SugarDrone
D/AndroidRuntime( 8570): Shutting down VM
I/ThermalEngine(  504): ACTION: LCD - Setting max LCD brightness to 255
D/AndroidRuntime( 8593): >>>>>> START com.android.internal.os.RuntimeInit uid 2000 <<<<<<
D/AndroidRuntime( 8593): CheckJNI is OFF
D/ICU     ( 8593): No timezone override file found: /data/misc/zoneinfo/current/icu/icu_tzdata.dat
I/Radio-JNI( 8593): register_android_hardware_Radio DONE
D/AndroidRuntime( 8593): Calling main entry com.android.commands.pm.Pm
I/        (  512): free_cache(71725114) avail 10807046144
I/PackageManager.DexOptimizer(  873): Running dexopt (dex2oat) on: /data/app/vmdl504645287.tmp/base.apk pkg=com.careerbuilder.SugarDrone isa=arm vmSafeMode=false debuggable=true target-filter=interpret-only oatDir = /data/app/vmdl504645287.tmp/oat sharedLibraries=null
I/dex2oat ( 8606): /system/bin/dex2oat --compiler-filter=interpret-only -j4 --debuggable
W/dex2oat ( 8606): Before Android 4.1, method android.graphics.PorterDuffColorFilter android.support.graphics.drawable.VectorDrawableCompat.updateTintFilter(android.graphics.PorterDuffColorFilter, android.content.res.ColorStateList, android.graphics.PorterDuff$Mode) would have incorrectly overridden the package-private method in android.graphics.drawable.Drawable
W/dex2oat ( 8606): Before Android 4.1, method int android.support.v7.widget.ListViewCompat.lookForSelectablePosition(int, boolean) would have incorrectly overridden the package-private method in android.widget.ListView
I/dex2oat ( 8606): dex2oat took 1.726s (threads: 4) arena alloc=3KB (3712B) java alloc=4MB (5062600B) native alloc=6MB (7310512B) free=3MB (3175248B)
W/PackageManager(  873): Not granting permission android.permission.MANAGE_DOCUMENTS to package com.careerbuilder.SugarDrone (protectionLevel=2 flags=0x3808be46)
W/PackageManager(  873): Not granting permission android.permission.MOUNT_UNMOUNT_FILESYSTEMS to package com.careerbuilder.SugarDrone (protectionLevel=18 flags=0x3808be46)
V/BackupManagerService(  873): restoreAtInstall pkg=com.careerbuilder.SugarDrone token=5 restoreSet=0
V/BackupManagerService(  873): Finishing install immediately
I/art     (  873): Starting a blocking GC Explicit
I/art     (  873): Explicit concurrent mark sweep GC freed 40378(2MB) AllocSpace objects, 6(120KB) LOS objects, 33% free, 16MB/24MB, paused 1.573ms total 96.659ms
E/        (  512): Couldn't opendir /data/app/vmdl504645287.tmp: No such file or directory
I/art     ( 8593): System.exit called, status: 0
I/AndroidRuntime( 8593): VM exiting with result code 0.
I/ActivityManager(  873): Start proc 8612:com.android.musicfx/u0a29 for broadcast com.android.musicfx/.Compatibility$Receiver
W/ActivityManager(  873): Permission Denial: Accessing service ComponentInfo{com.google.android.music/com.google.android.music.dial.DialMediaRouteProviderService} from pid=5267, uid=10085 that is not exported from uid 10071
I/InputReader(  873): Reconfiguring input devices.  changes=0x00000010
D/CarrierSvcBindHelper( 3132): No carrier app for: 0
D/CarrierConfigLoader( 3132): mHandler: 9 phoneId: 0
W/System  ( 8612): ClassLoader referenced unknown path: /system/priv-app/MusicFX/lib/arm64
D/RegisteredNfcFServicesCache( 4091): Service unchanged, not updating
I/ActivityManager(  873): Start proc 8629:com.android.vending/u0a30 for broadcast com.android.vending/com.google.android.finsky.receivers.PackageMonitorReceiver$RegisteredReceiver
W/System  ( 8629): ClassLoader referenced unknown path: /system/priv-app/Phonesky/lib/arm64
W/Finsky  ( 8629): [1] com.google.android.finsky.FinskyApp.i(1468): No account configured on this device.
W/Finsky  ( 8629): [1] com.google.android.finsky.FinskyApp.i(1468): No account configured on this device.
W/Finsky  ( 8629): [1] com.google.android.finsky.FinskyApp.i(1468): No account configured on this device.
W/Finsky  ( 8629): [1] com.google.android.finsky.FinskyApp.i(1468): No account configured on this device.
I/Finsky  ( 8629): [1] com.google.android.finsky.FinskyApp.onCreate(430): Initializing network with DFE https://android.clients.google.com/fdfe/
W/Finsky  ( 8629): [1] com.google.android.finsky.FinskyApp.i(1468): No account configured on this device.
W/Finsky  ( 8629): [1] com.google.android.finsky.FinskyApp.i(1468): No account configured on this device.
W/Finsky  ( 8629): [1] com.google.android.finsky.FinskyApp.i(1468): No account configured on this device.
W/Finsky  ( 8629): [1] com.google.android.finsky.FinskyApp.i(1468): No account configured on this device.
W/Finsky  ( 8629): [1] com.google.android.finsky.FinskyApp.i(1468): No account configured on this device.
W/Finsky  ( 8629): [1] com.google.android.finsky.FinskyApp.i(1468): No account configured on this device.
W/Finsky  ( 8629): [1] com.google.android.finsky.FinskyApp.i(1468): No account configured on this device.
W/Finsky  ( 8629): [1] com.google.android.finsky.FinskyApp.i(1468): No account configured on this device.
W/Finsky  ( 8629): [1] com.google.android.finsky.FinskyApp.i(1468): No account configured on this device.
I/Finsky  ( 8629): [1] com.google.android.finsky.services.DailyHygiene.a(171): No need to run daily hygiene.
W/Finsky  ( 8629): [1] com.google.android.finsky.FinskyApp.i(1468): No account configured on this device.
W/Settings( 8629): Setting download_manager_max_bytes_over_mobile has moved from android.provider.Settings.Secure to android.provider.Settings.Global.
W/Settings( 8629): Setting download_manager_recommended_max_bytes_over_mobile has moved from android.provider.Settings.Secure to android.provider.Settings.Global.
W/Finsky  ( 8629): [1] com.google.android.finsky.FinskyApp.i(1468): No account configured on this device.
W/Finsky  ( 8629): [1] com.google.android.finsky.FinskyApp.i(1468): No account configured on this device.
W/Finsky  ( 8629): [1] com.google.android.finsky.FinskyApp.i(1468): No account configured on this device.
W/Finsky  ( 8629): [1] com.google.android.finsky.FinskyApp.i(1468): No account configured on this device.
W/Finsky  ( 8629): [1] com.google.android.finsky.FinskyApp.i(1468): No account configured on this device.
W/Finsky  ( 8629): [1] com.google.android.finsky.FinskyApp.b(1150): No account configured on this device.
W/Finsky  ( 8629): [1] com.google.android.finsky.FinskyApp.i(1468): No account configured on this device.
W/Finsky  ( 8629): [376] com.google.android.finsky.FinskyApp.i(1468): No account configured on this device.
I/ActivityManager(  873): Start proc 8673:com.google.android.apps.docs/u0a52 for broadcast com.google.android.apps.docs/.receivers.AppPackageAddRemoveReceiver
I/Finsky  ( 8629): [1] com.google.android.finsky.receivers.j.a(1226): Installer kick - no action, not running yet
I/Finsky  ( 8629): [1] com.google.android.finsky.utils.PermissionPolicies$PermissionPolicyService.onStartCommand(117): post-install permissions check for com.careerbuilder.SugarDrone
W/Finsky  ( 8629): [1] com.google.android.finsky.FinskyApp.i(1468): No account configured on this device.
I/Finsky  ( 8629): [1] com.google.android.finsky.utils.bh.run(2302): Package state data is missing for com.careerbuilder.SugarDrone
W/Finsky  ( 8629): [1] com.google.android.finsky.FinskyApp.i(1468): No account configured on this device.
W/System  ( 8673): ClassLoader referenced unknown path: /system/app/Drive/lib/arm64
I/Finsky  ( 8629): [1] com.google.android.finsky.c.l.a(270): result=false type=4
D/AndroidRuntime( 8649): >>>>>> START com.android.internal.os.RuntimeInit uid 2000 <<<<<<
D/AndroidRuntime( 8649): CheckJNI is OFF
I/Finsky  ( 8629): [1] com.google.android.finsky.services.bc.a(1050): Restore complete with 0 success and 0 failed.
D/ICU     ( 8649): No timezone override file found: /data/misc/zoneinfo/current/icu/icu_tzdata.dat
W/Finsky  ( 8629): [376] com.google.android.finsky.FinskyApp.i(1468): No account configured on this device.
I/Radio-JNI( 8649): register_android_hardware_Radio DONE
D/AndroidRuntime( 8649): Calling main entry com.android.commands.settings.SettingsCmd
D/AndroidRuntime( 8649): Shutting down VM
I/GAv4    ( 8673): Google Analytics 8.4.87 is starting up. To enable debug logging on a device run:
I/GAv4    ( 8673):   adb shell setprop log.tag.GAv4 DEBUG
I/GAv4    ( 8673):   adb logcat -s GAv4
W/GAv4    ( 8673): AnalyticsReceiver is not registered or is disabled. Register the receiver for reliable dispatching on non-Google Play devices. See http://goo.gl/8Rd3yj for instructions.
W/GAv4    ( 8673): CampaignTrackingReceiver is not registered, not exported or is disabled. Installation campaign tracking is not possible. See http://goo.gl/8Rd3yj for instructions.
W/GAv4    ( 8673): AnalyticsService not registered in the app manifest. Hits might not be delivered reliably. See http://goo.gl/8Rd3yj for instructions.
I/ActivityManager(  873): Killing 4295:com.google.android.partnersetup/u0a25 (adj 906): empty #17
I/UpdateIcingCorporaServi( 4197): Updating corpora: APPS=com.careerbuilder.SugarDrone, CONTACTS=MAYBE
I/ActivityManager(  873): Start proc 8718:com.google.android.partnersetup/u0a25 for broadcast com.google.android.partnersetup/.RlzPingBroadcastReceiver
D/Wear_Controller( 4380): Received broadcast action=android.intent.action.PACKAGE_ADDED and uri=com.careerbuilder.SugarDrone
I/PeopleContactsSync( 4380): triggerPendingContactsCleanup: no accounts
W/System  ( 8718): ClassLoader referenced unknown path: /system/priv-app/GooglePartnerSetup/lib/arm64
W/IcingInternalCorpora( 4380): getNumBytesRead when not calculated.
I/Icing   ( 4380): Usage reports 0 indexed 0 rejected 0 imm upload false
D/AndroidRuntime( 8703): >>>>>> START com.android.internal.os.RuntimeInit uid 2000 <<<<<<
D/AndroidRuntime( 8703): CheckJNI is OFF
I/Icing   ( 4380): Usage reports 0 indexed 0 rejected 0 imm upload true
I/Icing   ( 4380): Usage reports 0 indexed 0 rejected 0 imm upload false
I/UpdateIcingCorporaServi( 4197): UpdateCorporaTask done [took 163 ms] updated apps [took 162 ms] 
D/ICU     ( 8703): No timezone override file found: /data/misc/zoneinfo/current/icu/icu_tzdata.dat
I/Radio-JNI( 8703): register_android_hardware_Radio DONE
D/AndroidRuntime( 8703): Calling main entry com.android.commands.settings.SettingsCmd
D/AndroidRuntime( 8703): Shutting down VM
D/AndroidRuntime( 8749): >>>>>> START com.android.internal.os.RuntimeInit uid 2000 <<<<<<
D/AndroidRuntime( 8749): CheckJNI is OFF
D/ICU     ( 8749): No timezone override file found: /data/misc/zoneinfo/current/icu/icu_tzdata.dat
I/Radio-JNI( 8749): register_android_hardware_Radio DONE
D/AndroidRuntime( 8749): Calling main entry com.android.commands.settings.SettingsCmd
D/AndroidRuntime( 8749): Shutting down VM
I/Icing   ( 4380): Indexing CFF8FE80ED56E42D4CB52230EC16365D73D1C21A from com.google.android.gms
I/Icing   ( 4380): Indexing D83460F403678292F2C56FDD13241BD166E4E3FA from com.google.android.googlequicksearchbox
I/Icing   ( 4380): Indexing done CFF8FE80ED56E42D4CB52230EC16365D73D1C21A
I/Icing   ( 4380): Indexing done D83460F403678292F2C56FDD13241BD166E4E3FA
D/AndroidRuntime( 8760): >>>>>> START com.android.internal.os.RuntimeInit uid 2000 <<<<<<
D/AndroidRuntime( 8760): CheckJNI is OFF
D/ICU     ( 8760): No timezone override file found: /data/misc/zoneinfo/current/icu/icu_tzdata.dat
I/Radio-JNI( 8760): register_android_hardware_Radio DONE
D/AndroidRuntime( 8760): Calling main entry com.android.commands.settings.SettingsCmd
D/AndroidRuntime( 8760): Shutting down VM
D/AndroidRuntime( 8770): >>>>>> START com.android.internal.os.RuntimeInit uid 2000 <<<<<<
D/AndroidRuntime( 8770): CheckJNI is OFF
D/ICU     ( 8770): No timezone override file found: /data/misc/zoneinfo/current/icu/icu_tzdata.dat
I/Radio-JNI( 8770): register_android_hardware_Radio DONE
D/AndroidRuntime( 8770): Calling main entry com.android.commands.settings.SettingsCmd
D/AndroidRuntime( 8770): Shutting down VM
D/AndroidRuntime( 8786): >>>>>> START com.android.internal.os.RuntimeInit uid 2000 <<<<<<
D/AndroidRuntime( 8786): CheckJNI is OFF
D/ICU     ( 8786): No timezone override file found: /data/misc/zoneinfo/current/icu/icu_tzdata.dat
I/Radio-JNI( 8786): register_android_hardware_Radio DONE
D/AndroidRuntime( 8786): Calling main entry com.android.commands.pm.Pm
I/art     ( 8786): System.exit called, status: 0
I/AndroidRuntime( 8786): VM exiting with result code 0.
W/MessageQueue( 8786): Handler (android.os.Handler) {648d70c} sending message to a Handler on a dead thread
W/MessageQueue( 8786): java.lang.IllegalStateException: Handler (android.os.Handler) {648d70c} sending message to a Handler on a dead thread
W/MessageQueue( 8786): 	at android.os.MessageQueue.enqueueMessage(MessageQueue.java:543)
W/MessageQueue( 8786): 	at android.os.Handler.enqueueMessage(Handler.java:643)
W/MessageQueue( 8786): 	at android.os.Handler.sendMessageAtTime(Handler.java:612)
W/MessageQueue( 8786): 	at android.os.Handler.sendMessageDelayed(Handler.java:582)
W/MessageQueue( 8786): 	at android.os.Handler.post(Handler.java:338)
W/MessageQueue( 8786): 	at android.os.ResultReceiver$MyResultReceiver.send(ResultReceiver.java:57)
W/MessageQueue( 8786): 	at com.android.internal.os.IResultReceiver$Stub.onTransact(IResultReceiver.java:58)
W/MessageQueue( 8786): 	at android.os.Binder.execTransact(Binder.java:565)
I/ActivityManager(  873): Killing 6385:com.google.android.apps.gcs/u0a17 (adj 906): empty #17
V/JNIHelp ( 8673): Registering com/google/android/gms/org/conscrypt/NativeCrypto's 242 native methods...
D/NetworkSecurityConfig( 8673): No Network Security Config specified, using platform default
I/ProviderInstaller( 8673): Installed default security provider GmsCore_OpenSSL
D/AndroidRuntime( 8803): >>>>>> START com.android.internal.os.RuntimeInit uid 2000 <<<<<<
D/AndroidRuntime( 8803): CheckJNI is OFF
D/ICU     ( 8803): No timezone override file found: /data/misc/zoneinfo/current/icu/icu_tzdata.dat
I/Radio-JNI( 8803): register_android_hardware_Radio DONE
D/AndroidRuntime( 8803): Calling main entry com.android.commands.pm.Pm
I/art     ( 8803): System.exit called, status: 0
I/AndroidRuntime( 8803): VM exiting with result code 0.
W/MessageQueue( 8803): Handler (android.os.Handler) {a95a96e} sending message to a Handler on a dead thread
W/MessageQueue( 8803): java.lang.IllegalStateException: Handler (android.os.Handler) {a95a96e} sending message to a Handler on a dead thread
W/MessageQueue( 8803): 	at android.os.MessageQueue.enqueueMessage(MessageQueue.java:543)
W/MessageQueue( 8803): 	at android.os.Handler.enqueueMessage(Handler.java:643)
W/MessageQueue( 8803): 	at android.os.Handler.sendMessageAtTime(Handler.java:612)
W/MessageQueue( 8803): 	at android.os.Handler.sendMessageDelayed(Handler.java:582)
W/MessageQueue( 8803): 	at android.os.Handler.post(Handler.java:338)
W/MessageQueue( 8803): 	at android.os.ResultReceiver$MyResultReceiver.send(ResultReceiver.java:57)
W/MessageQueue( 8803): 	at com.android.internal.os.IResultReceiver$Stub.onTransact(IResultReceiver.java:58)
W/MessageQueue( 8803): 	at android.os.Binder.execTransact(Binder.java:565)
W/Finsky  ( 8629): [374] com.google.android.finsky.FinskyApp.i(1468): No account configured on this device.
I/Finsky  ( 8629): [374] com.google.android.finsky.c.e.run(1151): Replicating app states via AMAS.
I/Finsky  ( 8629): [374] com.google.android.finsky.c.c.a(311): Completed 0 account content syncs with 0 successful.
I/Finsky  ( 8629): [1] com.google.android.finsky.services.j.a(149): Installation state replication succeeded.
D/AndroidRuntime( 8843): >>>>>> START com.android.internal.os.RuntimeInit uid 2000 <<<<<<
D/AndroidRuntime( 8843): CheckJNI is OFF
D/ICU     ( 8843): No timezone override file found: /data/misc/zoneinfo/current/icu/icu_tzdata.dat
I/Radio-JNI( 8843): register_android_hardware_Radio DONE
D/AndroidRuntime( 8843): Calling main entry com.android.commands.am.Am
W/ActivityManager(  873): Invalid packageName: com.careerbuilder.SugarDrone.test
D/AndroidRuntime( 8843): Shutting down VM
D/AndroidRuntime( 8854): >>>>>> START com.android.internal.os.RuntimeInit uid 2000 <<<<<<
D/AndroidRuntime( 8854): CheckJNI is OFF
D/ICU     ( 8854): No timezone override file found: /data/misc/zoneinfo/current/icu/icu_tzdata.dat
I/Radio-JNI( 8854): register_android_hardware_Radio DONE
D/AndroidRuntime( 8854): Calling main entry com.android.commands.pm.Pm
I/        (  512): free_cache(609973) avail 10795499520
I/PackageManager.DexOptimizer(  873): Running dexopt (dex2oat) on: /data/app/vmdl1685150871.tmp/base.apk pkg=com.careerbuilder.SugarDrone.test isa=arm64 vmSafeMode=false debuggable=false target-filter=interpret-only oatDir = /data/app/vmdl1685150871.tmp/oat sharedLibraries=/system/framework/android.test.runner.jar:/system/framework/com.google.android.maps.jar
I/dex2oat ( 8868): /system/bin/dex2oat --compiler-filter=interpret-only -j4
I/dex2oat ( 8868): dex2oat took 584.255ms (threads: 4) arena alloc=55KB (56768B) java alloc=2MB (2261088B) native alloc=2MB (2695704B) free=2MB (3071464B)
W/PackageManager(  873): Not granting permission android.permission.ACCESS_MOCK_LOCATION to package com.careerbuilder.SugarDrone.test (protectionLevel=2 flags=0x1800be44)
V/BackupManagerService(  873): restoreAtInstall pkg=com.careerbuilder.SugarDrone.test token=6 restoreSet=0
V/BackupManagerService(  873): Finishing install immediately
I/art     (  873): Starting a blocking GC Explicit
I/art     (  873): Explicit concurrent mark sweep GC freed 10450(980KB) AllocSpace objects, 6(216KB) LOS objects, 33% free, 15MB/23MB, paused 1.846ms total 109.429ms
E/        (  512): Couldn't opendir /data/app/vmdl1685150871.tmp: No such file or directory
I/art     ( 8854): System.exit called, status: 0
I/AndroidRuntime( 8854): VM exiting with result code 0.
W/ActivityManager(  873): Permission Denial: Accessing service ComponentInfo{com.google.android.music/com.google.android.music.dial.DialMediaRouteProviderService} from pid=5267, uid=10085 that is not exported from uid 10071
I/InputReader(  873): Reconfiguring input devices.  changes=0x00000010
D/CarrierSvcBindHelper( 3132): No carrier app for: 0
D/CarrierConfigLoader( 3132): mHandler: 9 phoneId: 0
D/RegisteredNfcFServicesCache( 4091): Service unchanged, not updating
I/Finsky  ( 8629): [1] com.google.android.finsky.utils.PermissionPolicies$PermissionPolicyService.onStartCommand(117): post-install permissions check for com.careerbuilder.SugarDrone.test
W/Finsky  ( 8629): [1] com.google.android.finsky.FinskyApp.i(1468): No account configured on this device.
I/Finsky  ( 8629): [1] com.google.android.finsky.utils.bh.run(2302): Package state data is missing for com.careerbuilder.SugarDrone.test
W/Finsky  ( 8629): [1] com.google.android.finsky.FinskyApp.i(1468): No account configured on this device.
I/PeopleContactsSync( 4380): triggerPendingContactsCleanup: no accounts
D/Wear_Controller( 4380): Received broadcast action=android.intent.action.PACKAGE_ADDED and uri=com.careerbuilder.SugarDrone.test
I/UpdateIcingCorporaServi( 4197): Updating corpora: APPS=com.careerbuilder.SugarDrone.test, CONTACTS=MAYBE
I/UpdateIcingCorporaServi( 4197): UpdateCorporaTask done [took 32 ms] updated apps [took 32 ms] 
W/IcingInternalCorpora( 4380): getNumBytesRead when not calculated.
I/Icing   ( 4380): Usage reports 0 indexed 0 rejected 0 imm upload false
I/Icing   ( 4380): Usage reports 0 indexed 0 rejected 0 imm upload false
D/AndroidRuntime( 8891): >>>>>> START com.android.internal.os.RuntimeInit uid 2000 <<<<<<
D/AndroidRuntime( 8891): CheckJNI is OFF
D/ICU     ( 8891): No timezone override file found: /data/misc/zoneinfo/current/icu/icu_tzdata.dat
I/Radio-JNI( 8891): register_android_hardware_Radio DONE
D/AndroidRuntime( 8891): Calling main entry com.android.commands.settings.SettingsCmd
D/AndroidRuntime( 8891): Shutting down VM
D/AndroidRuntime( 8903): >>>>>> START com.android.internal.os.RuntimeInit uid 2000 <<<<<<
D/AndroidRuntime( 8903): CheckJNI is OFF
I/Icing   ( 4380): Indexing CFF8FE80ED56E42D4CB52230EC16365D73D1C21A from com.google.android.gms
D/ICU     ( 8903): No timezone override file found: /data/misc/zoneinfo/current/icu/icu_tzdata.dat
I/Icing   ( 4380): Indexing done CFF8FE80ED56E42D4CB52230EC16365D73D1C21A
I/Radio-JNI( 8903): register_android_hardware_Radio DONE
D/AndroidRuntime( 8903): Calling main entry com.android.commands.settings.SettingsCmd
D/AndroidRuntime( 8903): Shutting down VM
D/AndroidRuntime( 8915): >>>>>> START com.android.internal.os.RuntimeInit uid 2000 <<<<<<
D/AndroidRuntime( 8915): CheckJNI is OFF
D/ICU     ( 8915): No timezone override file found: /data/misc/zoneinfo/current/icu/icu_tzdata.dat
I/Radio-JNI( 8915): register_android_hardware_Radio DONE
D/AndroidRuntime( 8915): Calling main entry com.android.commands.settings.SettingsCmd
D/AndroidRuntime( 8915): Shutting down VM
D/AndroidRuntime( 8926): >>>>>> START com.android.internal.os.RuntimeInit uid 2000 <<<<<<
D/AndroidRuntime( 8926): CheckJNI is OFF
D/ICU     ( 8926): No timezone override file found: /data/misc/zoneinfo/current/icu/icu_tzdata.dat
I/Radio-JNI( 8926): register_android_hardware_Radio DONE
D/AndroidRuntime( 8926): Calling main entry com.android.commands.settings.SettingsCmd
D/AndroidRuntime( 8926): Shutting down VM
D/AndroidRuntime( 8935): >>>>>> START com.android.internal.os.RuntimeInit uid 2000 <<<<<<
D/AndroidRuntime( 8935): CheckJNI is OFF
D/ICU     ( 8935): No timezone override file found: /data/misc/zoneinfo/current/icu/icu_tzdata.dat
I/Radio-JNI( 8935): register_android_hardware_Radio DONE
D/AndroidRuntime( 8935): Calling main entry com.android.commands.settings.SettingsCmd
D/AndroidRuntime( 8935): Shutting down VM
I/DeviceStateChecker( 4197): screenOn: true, isCharging: true
D/AndroidRuntime( 8950): >>>>>> START com.android.internal.os.RuntimeInit uid 2000 <<<<<<
D/AndroidRuntime( 8950): CheckJNI is OFF
D/ICU     ( 8950): No timezone override file found: /data/misc/zoneinfo/current/icu/icu_tzdata.dat
I/Radio-JNI( 8950): register_android_hardware_Radio DONE
D/AndroidRuntime( 8950): Calling main entry com.android.commands.pm.Pm
I/art     ( 8950): System.exit called, status: 0
I/AndroidRuntime( 8950): VM exiting with result code 0.
W/MessageQueue( 8950): Handler (android.os.Handler) {a83c40d} sending message to a Handler on a dead thread
W/MessageQueue( 8950): java.lang.IllegalStateException: Handler (android.os.Handler) {a83c40d} sending message to a Handler on a dead thread
W/MessageQueue( 8950): 	at android.os.MessageQueue.enqueueMessage(MessageQueue.java:543)
W/MessageQueue( 8950): 	at android.os.Handler.enqueueMessage(Handler.java:643)
W/MessageQueue( 8950): 	at android.os.Handler.sendMessageAtTime(Handler.java:612)
W/MessageQueue( 8950): 	at android.os.Handler.sendMessageDelayed(Handler.java:582)
W/MessageQueue( 8950): 	at android.os.Handler.post(Handler.java:338)
W/MessageQueue( 8950): 	at android.os.ResultReceiver$MyResultReceiver.send(ResultReceiver.java:57)
W/MessageQueue( 8950): 	at com.android.internal.os.IResultReceiver$Stub.onTransact(IResultReceiver.java:58)
W/MessageQueue( 8950): 	at android.os.Binder.execTransact(Binder.java:565)
D/AndroidRuntime( 8965): >>>>>> START com.android.internal.os.RuntimeInit uid 2000 <<<<<<
D/AndroidRuntime( 8965): CheckJNI is OFF
D/ICU     ( 8965): No timezone override file found: /data/misc/zoneinfo/current/icu/icu_tzdata.dat
I/Radio-JNI( 8965): register_android_hardware_Radio DONE
D/AndroidRuntime( 8965): Calling main entry com.android.commands.pm.Pm
I/art     ( 8965): System.exit called, status: 0
I/AndroidRuntime( 8965): VM exiting with result code 0.
W/MessageQueue( 8965): Handler (android.os.Handler) {1c65487} sending message to a Handler on a dead thread
W/MessageQueue( 8965): java.lang.IllegalStateException: Handler (android.os.Handler) {1c65487} sending message to a Handler on a dead thread
W/MessageQueue( 8965): 	at android.os.MessageQueue.enqueueMessage(MessageQueue.java:543)
W/MessageQueue( 8965): 	at android.os.Handler.enqueueMessage(Handler.java:643)
W/MessageQueue( 8965): 	at android.os.Handler.sendMessageAtTime(Handler.java:612)
W/MessageQueue( 8965): 	at android.os.Handler.sendMessageDelayed(Handler.java:582)
W/MessageQueue( 8965): 	at android.os.Handler.post(Handler.java:338)
W/MessageQueue( 8965): 	at android.os.ResultReceiver$MyResultReceiver.send(ResultReceiver.java:57)
W/MessageQueue( 8965): 	at com.android.internal.os.IResultReceiver$Stub.onTransact(IResultReceiver.java:58)
W/MessageQueue( 8965): 	at android.os.Binder.execTransact(Binder.java:565)
I/ActivityManager(  873): Killing 7366:com.google.android.gms.unstable/u0a18 (adj 906): empty #17
D/AndroidRuntime( 8989): >>>>>> START com.android.internal.os.RuntimeInit uid 2000 <<<<<<
D/AndroidRuntime( 8989): CheckJNI is OFF
D/ICU     ( 8989): No timezone override file found: /data/misc/zoneinfo/current/icu/icu_tzdata.dat
I/Radio-JNI( 8989): register_android_hardware_Radio DONE
D/AndroidRuntime( 8989): Calling main entry com.android.commands.input.Input
I/Input   ( 8989): injectKeyEvent: KeyEvent { action=ACTION_DOWN, keyCode=KEYCODE_BACK, scanCode=0, metaState=0, flags=0x0, repeatCount=0, eventTime=372339, downTime=372339, deviceId=-1, source=0x101 }
I/Input   ( 8989): injectKeyEvent: KeyEvent { action=ACTION_UP, keyCode=KEYCODE_BACK, scanCode=0, metaState=0, flags=0x0, repeatCount=0, eventTime=372339, downTime=372339, deviceId=-1, source=0x101 }
D/AndroidRuntime( 8989): Shutting down VM
D/AndroidRuntime( 9016): >>>>>> START com.android.internal.os.RuntimeInit uid 2000 <<<<<<
D/AndroidRuntime( 9016): CheckJNI is OFF
D/ICU     ( 9016): No timezone override file found: /data/misc/zoneinfo/current/icu/icu_tzdata.dat
I/Radio-JNI( 9016): register_android_hardware_Radio DONE
D/AndroidRuntime( 9016): Calling main entry com.android.commands.input.Input
I/Input   ( 9016): injectKeyEvent: KeyEvent { action=ACTION_DOWN, keyCode=KEYCODE_HOME, scanCode=0, metaState=0, flags=0x0, repeatCount=0, eventTime=373971, downTime=373971, deviceId=-1, source=0x101 }
I/Input   ( 9016): injectKeyEvent: KeyEvent { action=ACTION_UP, keyCode=KEYCODE_HOME, scanCode=0, metaState=0, flags=0x0, repeatCount=0, eventTime=373971, downTime=373971, deviceId=-1, source=0x101 }
I/ActivityManager(  873): START u0 {act=android.intent.action.MAIN cat=[android.intent.category.HOME] flg=0x10200000 cmp=com.google.android.googlequicksearchbox/com.google.android.launcher.GEL (has extras)} from uid 1000 on display 0
D/AndroidRuntime( 9016): Shutting down VM
W/SearchService( 4197): Abort, client detached.
I/GEL     ( 4138): handleIntent(Intent { act=android.intent.action.MAIN cat=[android.intent.category.HOME] flg=0x10200000 cmp=com.google.android.googlequicksearchbox/com.google.android.launcher.GEL (has extras) })
I/MicroDetector( 4197): Keeping mic open: false
I/DeviceStateChecker( 4197): DeviceStateChecker cancelled
I/MicrophoneInputStream( 4197): mic_close com.google.android.apps.gsa.speech.audio.ah@cf6e0c3
E/AudioRecord-JNI( 4197): Error -4 during AudioRecord native read
D/sound_trigger_platform(  508): platform_stdev_check_and_update_concurrency: concurrency active 0, tx 0, rx 0, concurrency session_allowed 1
I/SoundTriggerHwService::Module(  508): void android::SoundTriggerHwService::Module::onCallbackEvent(const sp<android::SoundTriggerHwService::CallbackEvent> &) mClient == 0
I/MicroRecognitionRunner( 4197): Stopping hotword detection.
I/MicroRecognitionRunner( 4197): Detection finished
W/LocationOracle( 4197): Best location was null
I/MicroDetectionWorker( 4197): Micro detection mode: [mDetectionMode: [1]].
I/MicroRecognitionRunner( 4197): Starting detection.
I/MicrophoneInputStream( 4197): mic_starting com.google.android.apps.gsa.speech.audio.ah@b06c359
I/AudioFlinger(  508): AudioFlinger's thread 0xf4203100 ready to run
I/SoundTriggerHwService::Module(  508): void android::SoundTriggerHwService::Module::onCallbackEvent(const sp<android::SoundTriggerHwService::CallbackEvent> &) mClient == 0
I/MicrophoneInputStream( 4197): mic_started com.google.android.apps.gsa.speech.audio.ah@b06c359
E/audio_route(  508): unable to find path 'set-capture-format-default'
D/sound_trigger_platform(  508): platform_stdev_check_and_update_concurrency: concurrency active 0, tx 1, rx 0, concurrency session_allowed 0
D/WifiService(  873): acquireWifiLockLocked: WifiLock{NlpWifiLock type=2 uid=10018}
I/MicroDetectionWorker( 4197): onReady
D/AndroidRuntime( 9039): >>>>>> START com.android.internal.os.RuntimeInit uid 2000 <<<<<<
D/AndroidRuntime( 9039): CheckJNI is OFF
D/ICU     ( 9039): No timezone override file found: /data/misc/zoneinfo/current/icu/icu_tzdata.dat
I/Radio-JNI( 9039): register_android_hardware_Radio DONE
D/AndroidRuntime( 9039): Calling main entry com.android.commands.input.Input
I/Input   ( 9039): injectKeyEvent: KeyEvent { action=ACTION_DOWN, keyCode=KEYCODE_BACK, scanCode=0, metaState=0, flags=0x0, repeatCount=0, eventTime=375066, downTime=375066, deviceId=-1, source=0x101 }
I/Input   ( 9039): injectKeyEvent: KeyEvent { action=ACTION_UP, keyCode=KEYCODE_BACK, scanCode=0, metaState=0, flags=0x0, repeatCount=0, eventTime=375066, downTime=375066, deviceId=-1, source=0x101 }
D/AndroidRuntime( 9039): Shutting down VM
D/AndroidRuntime( 9058): >>>>>> START com.android.internal.os.RuntimeInit uid 2000 <<<<<<
D/AndroidRuntime( 9058): CheckJNI is OFF
D/ICU     ( 9058): No timezone override file found: /data/misc/zoneinfo/current/icu/icu_tzdata.dat
D/WifiService(  873): releaseWifiLockLocked: WifiLock{NlpWifiLock type=2 uid=10018}
I/Radio-JNI( 9058): register_android_hardware_Radio DONE
D/AndroidRuntime( 9058): Calling main entry com.android.commands.am.Am
I/ActivityManager(  873): Force stopping com.careerbuilder.SugarDrone appid=15362 user=0: start instr
I/ActivityManager(  873): Start proc 9068:com.careerbuilder.SugarDrone/u0a5362 for added application com.careerbuilder.SugarDrone
I/art     ( 9068): Late-enabling -Xcheck:jni
W/System  ( 9068): ClassLoader referenced unknown path: /data/app/com.careerbuilder.SugarDrone.test-1/lib/arm64
W/System  ( 9068): ClassLoader referenced unknown path: 
W/monodroid( 9068): Using override path: /data/user/0/com.careerbuilder.SugarDrone/files/.__override__
W/monodroid( 9068): Trying to load sgen from: /data/user/0/com.careerbuilder.SugarDrone/files/.__override__/libmonosgen-2.0.so
W/monodroid( 9068): Trying to load sgen from: /storage/emulated/0/Android/data/com.careerbuilder.SugarDrone/files/.__override__/libmonosgen-2.0.so
W/monodroid( 9068): Trying to load sgen from: /data/app/com.careerbuilder.SugarDrone-1/lib/arm/libmonosgen-2.0.so
D/Mono    ( 9068): Image addref mscorlib[0xec018e60] -> mscorlib.dll[0xec00e900]: 2
D/Mono    ( 9068): Prepared to set up assembly 'mscorlib' (mscorlib.dll)
D/Mono    ( 9068): AOT module 'mscorlib.dll.so' not found: dlopen failed: library "/data/app/com.careerbuilder.SugarDrone-1/lib/arm/libaot-mscorlib.dll.so" not found
D/Mono    ( 9068): AOT module '/Users/builder/data/lanes/4009/3a62f1ea/source/monodroid/builds/install/mono-armv6/lib/mono/aot-cache/arm/mscorlib.dll.so' not found: dlopen failed: library "/data/app/com.careerbuilder.SugarDrone-1/lib/arm/libaot-mscorlib.dll.so" not found
D/Mono    ( 9068): Config attempting to parse: 'mscorlib.dll.config'.
D/Mono    ( 9068): Config attempting to parse: '/Users/builder/data/lanes/4009/3a62f1ea/source/monodroid/builds/install/mono-armv6/etc/mono/assemblies/mscorlib/mscorlib.config'.
D/Mono    ( 9068): Assembly mscorlib[0xec018e60] added to domain RootDomain, ref_count=1
D/Mono    ( 9068): Image addref CareerBuilder_Search.Droid[0xec0192e0] -> CareerBuilder_Search.Droid.dll[0xec00f800]: 2
D/Mono    ( 9068): Prepared to set up assembly 'CareerBuilder_Search.Droid' (CareerBuilder_Search.Droid.dll)
D/Mono    ( 9068): Assembly CareerBuilder_Search.Droid[0xec0192e0] added to domain RootDomain, ref_count=1
D/Mono    ( 9068): AOT module 'CareerBuilder_Search.Droid.dll.so' not found: dlopen failed: library "/data/app/com.careerbuilder.SugarDrone-1/lib/arm/libaot-CareerBuilder_Search.Droid.dll.so" not found
D/Mono    ( 9068): AOT module '/Users/builder/data/lanes/4009/3a62f1ea/source/monodroid/builds/install/mono-armv6/lib/mono/aot-cache/arm/CareerBuilder_Search.Droid.dll.so' not found: dlopen failed: library "/data/app/com.careerbuilder.SugarDrone-1/lib/arm/libaot-CareerBuilder_Search.Droid.dll.so" not found
D/Mono    ( 9068): Config attempting to parse: 'CareerBuilder_Search.Droid.dll.config'.
D/Mono    ( 9068): Config attempting to parse: '/Users/builder/data/lanes/4009/3a62f1ea/source/monodroid/builds/install/mono-armv6/etc/mono/assemblies/CareerBuilder_Search.Droid/CareerBuilder_Search.Droid.config'.
D/Mono    ( 9068): Image addref AppsFlyerXamarinBindingAndroid[0xec019880] -> AppsFlyerXamarinBindingAndroid.dll[0xec00fd00]: 2
D/Mono    ( 9068): Prepared to set up assembly 'AppsFlyerXamarinBindingAndroid' (AppsFlyerXamarinBindingAndroid.dll)
D/Mono    ( 9068): Assembly AppsFlyerXamarinBindingAndroid[0xec019880] added to domain RootDomain, ref_count=1
D/Mono    ( 9068): AOT module 'AppsFlyerXamarinBindingAndroid.dll.so' not found: dlopen failed: library "/data/app/com.careerbuilder.SugarDrone-1/lib/arm/libaot-AppsFlyerXamarinBindingAndroid.dll.so" not found
D/Mono    ( 9068): AOT module '/Users/builder/data/lanes/4009/3a62f1ea/source/monodroid/builds/install/mono-armv6/lib/mono/aot-cache/arm/AppsFlyerXamarinBindingAndroid.dll.so' not found: dlopen failed: library "/data/app/com.careerbuilder.SugarDrone-1/lib/arm/libaot-AppsFlyerXamarinBindingAndroid.dll.so" not found
D/Mono    ( 9068): Config attempting to parse: 'AppsFlyerXamarinBindingAndroid.dll.config'.
D/Mono    ( 9068): Config attempting to parse: '/Users/builder/data/lanes/4009/3a62f1ea/source/monodroid/builds/install/mono-armv6/etc/mono/assemblies/AppsFlyerXamarinBindingAndroid/AppsFlyerXamarinBindingAndroid.config'.
D/Mono    ( 9068): Image addref HockeySDK[0xec053300] -> HockeySDK.dll[0xec010200]: 2
D/Mono    ( 9068): Prepared to set up assembly 'HockeySDK' (HockeySDK.dll)
D/Mono    ( 9068): Assembly HockeySDK[0xec053300] added to domain RootDomain, ref_count=1
D/Mono    ( 9068): AOT module 'HockeySDK.dll.so' not found: dlopen failed: library "/data/app/com.careerbuilder.SugarDrone-1/lib/arm/libaot-HockeySDK.dll.so" not found
D/Mono    ( 9068): AOT module '/Users/builder/data/lanes/4009/3a62f1ea/source/monodroid/builds/install/mono-armv6/lib/mono/aot-cache/arm/HockeySDK.dll.so' not found: dlopen failed: library "/data/app/com.careerbuilder.SugarDrone-1/lib/arm/libaot-HockeySDK.dll.so" not found
D/Mono    ( 9068): Config attempting to parse: 'HockeySDK.dll.config'.
D/Mono    ( 9068): Config attempting to parse: '/Users/builder/data/lanes/4009/3a62f1ea/source/monodroid/builds/install/mono-armv6/etc/mono/assemblies/HockeySDK/HockeySDK.config'.
D/Mono    ( 9068): Image addref Akavache[0xec053360] -> Akavache.dll[0xec010700]: 2
D/Mono    ( 9068): Prepared to set up assembly 'Akavache' (Akavache.dll)
D/Mono    ( 9068): Assembly Akavache[0xec053360] added to domain RootDomain, ref_count=1
D/Mono    ( 9068): AOT module 'Akavache.dll.so' not found: dlopen failed: library "/data/app/com.careerbuilder.SugarDrone-1/lib/arm/libaot-Akavache.dll.so" not found
D/Mono    ( 9068): AOT module '/Users/builder/data/lanes/4009/3a62f1ea/source/monodroid/builds/install/mono-armv6/lib/mono/aot-cache/arm/Akavache.dll.so' not found: dlopen failed: library "/data/app/com.careerbuilder.SugarDrone-1/lib/arm/libaot-Akavache.dll.so" not found
D/Mono    ( 9068): Config attempting to parse: 'Akavache.dll.config'.
D/Mono    ( 9068): Config attempting to parse: '/Users/builder/data/lanes/4009/3a62f1ea/source/monodroid/builds/install/mono-armv6/etc/mono/assemblies/Akavache/Akavache.config'.
D/Mono    ( 9068): Image addref Akavache.Sqlite3[0xec0533c0] -> Akavache.Sqlite3.dll[0xec010c00]: 2
D/Mono    ( 9068): Prepared to set up assembly 'Akavache.Sqlite3' (Akavache.Sqlite3.dll)
D/Mono    ( 9068): Assembly Akavache.Sqlite3[0xec0533c0] added to domain RootDomain, ref_count=1
D/Mono    ( 9068): AOT module 'Akavache.Sqlite3.dll.so' not found: dlopen failed: library "/data/app/com.careerbuilder.SugarDrone-1/lib/arm/libaot-Akavache.Sqlite3.dll.so" not found
D/Mono    ( 9068): AOT module '/Users/builder/data/lanes/4009/3a62f1ea/source/monodroid/builds/install/mono-armv6/lib/mono/aot-cache/arm/Akavache.Sqlite3.dll.so' not found: dlopen failed: library "/data/app/com.careerbuilder.SugarDrone-1/lib/arm/libaot-Akavache.Sqlite3.dll.so" not found
W/        ( 9068): Symbol file LoadedFromMemory doesn't match image Akavache.Sqlite3.dll
D/Mono    ( 9068): Config attempting to parse: 'Akavache.Sqlite3.dll.config'.
D/Mono    ( 9068): Config attempting to parse: '/Users/builder/data/lanes/4009/3a62f1ea/source/monodroid/builds/install/mono-armv6/etc/mono/assemblies/Akavache.Sqlite3/Akavache.Sqlite3.config'.
D/Mono    ( 9068): Image addref Splat[0xec053420] -> Splat.dll[0xec011100]: 2
D/Mono    ( 9068): Prepared to set up assembly 'Splat' (Splat.dll)
D/Mono    ( 9068): Assembly Splat[0xec053420] added to domain RootDomain, ref_count=1
D/Mono    ( 9068): AOT module 'Splat.dll.so' not found: dlopen failed: library "/data/app/com.careerbuilder.SugarDrone-1/lib/arm/libaot-Splat.dll.so" not found
D/Mono    ( 9068): AOT module '/Users/builder/data/lanes/4009/3a62f1ea/source/monodroid/builds/install/mono-armv6/lib/mono/aot-cache/arm/Splat.dll.so' not found: dlopen failed: library "/data/app/com.careerbuilder.SugarDrone-1/lib/arm/libaot-Splat.dll.so" not found
D/Mono    ( 9068): Config attempting to parse: 'Splat.dll.config'.
D/Mono    ( 9068): Config attempting to parse: '/Users/builder/data/lanes/4009/3a62f1ea/source/monodroid/builds/install/mono-armv6/etc/mono/assemblies/Splat/Splat.config'.
D/Mono    ( 9068): Image addref Microsoft.Practices.ServiceLocation[0xec053600] -> Microsoft.Practices.ServiceLocation.dll[0xec011600]: 2
D/Mono    ( 9068): Prepared to set up assembly 'Microsoft.Practices.ServiceLocation' (Microsoft.Practices.ServiceLocation.dll)
D/Mono    ( 9068): Assembly Microsoft.Practices.ServiceLocation[0xec053600] added to domain RootDomain, ref_count=1
D/Mono    ( 9068): AOT module 'Microsoft.Practices.ServiceLocation.dll.so' not found: dlopen failed: library "/data/app/com.careerbuilder.SugarDrone-1/lib/arm/libaot-Microsoft.Practices.ServiceLocation.dll.so" not found
D/Mono    ( 9068): AOT module '/Users/builder/data/lanes/4009/3a62f1ea/source/monodroid/builds/install/mono-armv6/lib/mono/aot-cache/arm/Microsoft.Practices.ServiceLocation.dll.so' not found: dlopen failed: library "/data/app/com.careerbuilder.SugarDrone-1/lib/arm/libaot-Microsoft.Practices.ServiceLocation.dll.so" not found
D/Mono    ( 9068): Config attempting to parse: 'Microsoft.Practices.ServiceLocation.dll.config'.
D/Mono    ( 9068): Config attempting to parse: '/Users/builder/data/lanes/4009/3a62f1ea/source/monodroid/builds/install/mono-armv6/etc/mono/assemblies/Microsoft.Practices.ServiceLocation/Microsoft.Practices.ServiceLocation.config'.
D/Mono    ( 9068): Image addref Microsoft.Practices.Unity[0xec0536c0] -> Microsoft.Practices.Unity.dll[0xec011b00]: 2
D/Mono    ( 9068): Prepared to set up assembly 'Microsoft.Practices.Unity' (Microsoft.Practices.Unity.dll)
D/Mono    ( 9068): Assembly Microsoft.Practices.Unity[0xec0536c0] added to domain RootDomain, ref_count=1
D/Mono    ( 9068): AOT module 'Microsoft.Practices.Unity.dll.so' not found: dlopen failed: library "/data/app/com.careerbuilder.SugarDrone-1/lib/arm/libaot-Microsoft.Practices.Unity.dll.so" not found
D/Mono    ( 9068): AOT module '/Users/builder/data/lanes/4009/3a62f1ea/source/monodroid/builds/install/mono-armv6/lib/mono/aot-cache/arm/Microsoft.Practices.Unity.dll.so' not found: dlopen failed: library "/data/app/com.careerbuilder.SugarDrone-1/lib/arm/libaot-Microsoft.Practices.Unity.dll.so" not found
D/Mono    ( 9068): Config attempting to parse: 'Microsoft.Practices.Unity.dll.config'.
D/Mono    ( 9068): Config attempting to parse: '/Users/builder/data/lanes/4009/3a62f1ea/source/monodroid/builds/install/mono-armv6/etc/mono/assemblies/Microsoft.Practices.Unity/Microsoft.Practices.Unity.config'.
D/Mono    ( 9068): Image addref Plugin.CurrentActivity[0xec053960] -> Plugin.CurrentActivity.dll[0xe4f03000]: 2
D/Mono    ( 9068): Prepared to set up assembly 'Plugin.CurrentActivity' (Plugin.CurrentActivity.dll)
D/Mono    ( 9068): Assembly Plugin.CurrentActivity[0xec053960] added to domain RootDomain, ref_count=1
D/Mono    ( 9068): AOT module 'Plugin.CurrentActivity.dll.so' not found: dlopen failed: library "/data/app/com.careerbuilder.SugarDrone-1/lib/arm/libaot-Plugin.CurrentActivity.dll.so" not found
D/Mono    ( 9068): AOT module '/Users/builder/data/lanes/4009/3a62f1ea/source/monodroid/builds/install/mono-armv6/lib/mono/aot-cache/arm/Plugin.CurrentActivity.dll.so' not found: dlopen failed: library "/data/app/com.careerbuilder.SugarDrone-1/lib/arm/libaot-Plugin.CurrentActivity.dll.so" not found
D/Mono    ( 9068): Config attempting to parse: 'Plugin.CurrentActivity.dll.config'.
D/Mono    ( 9068): Config attempting to parse: '/Users/builder/data/lanes/4009/3a62f1ea/source/monodroid/builds/install/mono-armv6/etc/mono/assemblies/Plugin.CurrentActivity/Plugin.CurrentActivity.config'.
D/Mono    ( 9068): Image addref Plugin.Permissions[0xec053a20] -> Plugin.Permissions.dll[0xe4f03500]: 2
D/Mono    ( 9068): Prepared to set up assembly 'Plugin.Permissions' (Plugin.Permissions.dll)
D/Mono    ( 9068): Assembly Plugin.Permissions[0xec053a20] added to domain RootDomain, ref_count=1
D/Mono    ( 9068): AOT module 'Plugin.Permissions.dll.so' not found: dlopen failed: library "/data/app/com.careerbuilder.SugarDrone-1/lib/arm/libaot-Plugin.Permissions.dll.so" not found
D/Mono    ( 9068): AOT module '/Users/builder/data/lanes/4009/3a62f1ea/source/monodroid/builds/install/mono-armv6/lib/mono/aot-cache/arm/Plugin.Permissions.dll.so' not found: dlopen failed: library "/data/app/com.careerbuilder.SugarDrone-1/lib/arm/libaot-Plugin.Permissions.dll.so" not found
D/Mono    ( 9068): Config attempting to parse: 'Plugin.Permissions.dll.config'.
D/Mono    ( 9068): Config attempting to parse: '/Users/builder/data/lanes/4009/3a62f1ea/source/monodroid/builds/install/mono-armv6/etc/mono/assemblies/Plugin.Permissions/Plugin.Permissions.config'.
D/Mono    ( 9068): Image addref Plugin.Permissions.Abstractions[0xec053cc0] -> Plugin.Permissions.Abstractions.dll[0xe4f03a00]: 2
D/Mono    ( 9068): Prepared to set up assembly 'Plugin.Permissions.Abstractions' (Plugin.Permissions.Abstractions.dll)
D/Mono    ( 9068): Assembly Plugin.Permissions.Abstractions[0xec053cc0] added to domain RootDomain, ref_count=1
D/Mono    ( 9068): AOT module 'Plugin.Permissions.Abstractions.dll.so' not found: dlopen failed: library "/data/app/com.careerbuilder.SugarDrone-1/lib/arm/libaot-Plugin.Permissions.Abstractions.dll.so" not found
D/Mono    ( 9068): AOT module '/Users/builder/data/lanes/4009/3a62f1ea/source/monodroid/builds/install/mono-armv6/lib/mono/aot-cache/arm/Plugin.Permissions.Abstractions.dll.so' not found: dlopen failed: library "/data/app/com.careerbuilder.SugarDrone-1/lib/arm/libaot-Plugin.Permissions.Abstractions.dll.so" not found
D/Mono    ( 9068): Config attempting to parse: 'Plugin.Permissions.Abstractions.dll.config'.
D/Mono    ( 9068): Config attempting to parse: '/Users/builder/data/lanes/4009/3a62f1ea/source/monodroid/builds/install/mono-armv6/etc/mono/assemblies/Plugin.Permissions.Abstractions/Plugin.Permissions.Abstractions.config'.
D/Mono    ( 9068): Image addref Plugin.Geolocator[0xec053f00] -> Plugin.Geolocator.dll[0xe4f03f00]: 2
D/Mono    ( 9068): Prepared to set up assembly 'Plugin.Geolocator' (Plugin.Geolocator.dll)
D/Mono    ( 9068): Assembly Plugin.Geolocator[0xec053f00] added to domain RootDomain, ref_count=1
D/Mono    ( 9068): AOT module 'Plugin.Geolocator.dll.so' not found: dlopen failed: library "/data/app/com.careerbuilder.SugarDrone-1/lib/arm/libaot-Plugin.Geolocator.dll.so" not found
D/Mono    ( 9068): AOT module '/Users/builder/data/lanes/4009/3a62f1ea/source/monodroid/builds/install/mono-armv6/lib/mono/aot-cache/arm/Plugin.Geolocator.dll.so' not found: dlopen failed: library "/data/app/com.careerbuilder.SugarDrone-1/lib/arm/libaot-Plugin.Geolocator.dll.so" not found
D/Mono    ( 9068): Config attempting to parse: 'Plugin.Geolocator.dll.config'.
D/Mono    ( 9068): Config attempting to parse: '/Users/builder/data/lanes/4009/3a62f1ea/source/monodroid/builds/install/mono-armv6/etc/mono/assemblies/Plugin.Geolocator/Plugin.Geolocator.config'.
D/Mono    ( 9068): Image addref Plugin.Geolocator.Abstractions[0xec0541a0] -> Plugin.Geolocator.Abstractions.dll[0xe4f04400]: 2
D/Mono    ( 9068): Prepared to set up assembly 'Plugin.Geolocator.Abstractions' (Plugin.Geolocator.Abstractions.dll)
D/Mono    ( 9068): Assembly Plugin.Geolocator.Abstractions[0xec0541a0] added to domain RootDomain, ref_count=1
D/Mono    ( 9068): AOT module 'Plugin.Geolocator.Abstractions.dll.so' not found: dlopen failed: library "/data/app/com.careerbuilder.SugarDrone-1/lib/arm/libaot-Plugin.Geolocator.Abstractions.dll.so" not found
D/Mono    ( 9068): AOT module '/Users/builder/data/lanes/4009/3a62f1ea/source/monodroid/builds/install/mono-armv6/lib/mono/aot-cache/arm/Plugin.Geolocator.Abstractions.dll.so' not found: dlopen failed: library "/data/app/com.careerbuilder.SugarDrone-1/lib/arm/libaot-Plugin.Geolocator.Abstractions.dll.so" not found
D/Mono    ( 9068): Config attempting to parse: 'Plugin.Geolocator.Abstractions.dll.config'.
D/Mono    ( 9068): Config attempting to parse: '/Users/builder/data/lanes/4009/3a62f1ea/source/monodroid/builds/install/mono-armv6/etc/mono/assemblies/Plugin.Geolocator.Abstractions/Plugin.Geolocator.Abstractions.config'.
D/Mono    ( 9068): Image addref Plugin.DeviceInfo[0xec054200] -> Plugin.DeviceInfo.dll[0xe4f04900]: 2
D/Mono    ( 9068): Prepared to set up assembly 'Plugin.DeviceInfo' (Plugin.DeviceInfo.dll)
D/Mono    ( 9068): Assembly Plugin.DeviceInfo[0xec054200] added to domain RootDomain, ref_count=1
D/Mono    ( 9068): AOT module 'Plugin.DeviceInfo.dll.so' not found: dlopen failed: library "/data/app/com.careerbuilder.SugarDrone-1/lib/arm/libaot-Plugin.DeviceInfo.dll.so" not found
