<![CDATA[
]]><xtc-scenario name="[0-1070]CareerBuilder_Search.DroidFeatureTests.SearchDialogueTests.KeywordsGetAutoComplete" id="[0-1070]CareerBuilder_Search.DroidFeatureTests.SearchDialogueTests.KeywordsGetAutoComplete"><![CDATA[

]]><xtc-step name="[0-1070]CareerBuilder_Search.DroidFeatureTests.SearchDialogueTests.KeywordsGetAutoComplete-KeywordsGetAutoComplete" id="[0-1070]CareerBuilder_Search.DroidFeatureTests.SearchDialogueTests.KeywordsGetAutoComplete-KeywordsGetAutoComplete"><![CDATA[
D/AndroidRuntime( 7987): >>>>>> START com.android.internal.os.RuntimeInit uid 2000 <<<<<<
D/AndroidRuntime( 7987): CheckJNI is OFF
D/ICU     ( 7987): No timezone override file found: /data/misc/zoneinfo/current/icu/icu_tzdata.dat
I/Radio-JNI( 7987): register_android_hardware_Radio DONE
D/AndroidRuntime( 7987): Calling main entry com.android.commands.pm.Pm
W/MessageQueue( 7987): Handler (android.os.Handler) {6740b77} sending message to a Handler on a dead thread
W/MessageQueue( 7987): java.lang.IllegalStateException: Handler (android.os.Handler) {6740b77} sending message to a Handler on a dead thread
W/MessageQueue( 7987): 	at android.os.MessageQueue.enqueueMessage(MessageQueue.java:543)
W/MessageQueue( 7987): 	at android.os.Handler.enqueueMessage(Handler.java:643)
W/MessageQueue( 7987): 	at android.os.Handler.sendMessageAtTime(Handler.java:612)
W/MessageQueue( 7987): 	at android.os.Handler.sendMessageDelayed(Handler.java:582)
W/MessageQueue( 7987): 	at android.os.Handler.post(Handler.java:338)
W/MessageQueue( 7987): 	at android.os.ResultReceiver$MyResultReceiver.send(ResultReceiver.java:57)
W/MessageQueue( 7987): 	at com.android.internal.os.IResultReceiver$Stub.onTransact(IResultReceiver.java:58)
W/MessageQueue( 7987): 	at android.os.Binder.execTransact(Binder.java:565)
I/art     ( 7987): System.exit called, status: 0
I/AndroidRuntime( 7987): VM exiting with result code 0.
--------- beginning of system
I/ActivityManager(  907): Killing 5705:com.android.musicfx/u0a29 (adj 906): empty #17
I/ActivityManager(  907): Killing 6831:com.google.process.gapps/u0a56 (adj 906): empty #18
D/AndroidRuntime( 8134): >>>>>> START com.android.internal.os.RuntimeInit uid 2000 <<<<<<
D/AndroidRuntime( 8134): CheckJNI is OFF
D/ICU     ( 8134): No timezone override file found: /data/misc/zoneinfo/current/icu/icu_tzdata.dat
I/Radio-JNI( 8134): register_android_hardware_Radio DONE
D/AndroidRuntime( 8134): Calling main entry com.android.commands.am.Am
W/ActivityManager(  907): Invalid packageName: com.careerbuilder.SugarDrone
D/AndroidRuntime( 8134): Shutting down VM
I/ActivityManager(  907): Killing 5723:com.google.android.apps.docs/u0a52 (adj 906): empty #17
D/AndroidRuntime( 8604): >>>>>> START com.android.internal.os.RuntimeInit uid 2000 <<<<<<
D/AndroidRuntime( 8604): CheckJNI is OFF
D/ICU     ( 8604): No timezone override file found: /data/misc/zoneinfo/current/icu/icu_tzdata.dat
I/Radio-JNI( 8604): register_android_hardware_Radio DONE
D/AndroidRuntime( 8604): Calling main entry com.android.commands.pm.Pm
I/        (  509): free_cache(71725114) avail 10790150144
I/PackageManager.DexOptimizer(  907): Running dexopt (dex2oat) on: /data/app/vmdl1344573797.tmp/base.apk pkg=com.careerbuilder.SugarDrone isa=arm vmSafeMode=false debuggable=true target-filter=interpret-only oatDir = /data/app/vmdl1344573797.tmp/oat sharedLibraries=null
I/dex2oat ( 8654): /system/bin/dex2oat --compiler-filter=interpret-only -j4 --debuggable
I/rmt_storage(  395): rmt_storage_connect_cb: clnt_h=0xd conn_h=0x7dfea2a210
I/rmt_storage(  395): rmt_storage_rw_iovec_cb: /boot/modem_fs2: clnt_h=0x6: req_h=0xd msg_id=3: R/W request received
I/rmt_storage(  395): wakelock acquired: 1, error no: 42
I/rmt_storage(  395): rmt_storage_client_thread: /boot/modem_fs2: clnt_h=0x6 Unblock worker thread (th_id: 541141509200)
I/rmt_storage(  395): rmt_storage_client_thread: /boot/modem_fs2: clnt_h=0x6: req_h=0xd msg_id=3: Bytes written = 1572864
I/rmt_storage(  395): rmt_storage_client_thread: /boot/modem_fs2: clnt_h=0x6: req_h=0xd msg_id=3: Send response: res=0 err=0
I/rmt_storage(  395): rmt_storage_client_thread: /boot/modem_fs2: clnt_h=0x6 About to block rmt_storage client thread (th_id: 541141509200) wakelock released: 1, error no: 0
I/rmt_storage(  395): 
I/rmt_storage(  395): rmt_storage_disconnect_cb: clnt_h=0xd conn_h=0x7dfea2a210
W/dex2oat ( 8654): Before Android 4.1, method android.graphics.PorterDuffColorFilter android.support.graphics.drawable.VectorDrawableCompat.updateTintFilter(android.graphics.PorterDuffColorFilter, android.content.res.ColorStateList, android.graphics.PorterDuff$Mode) would have incorrectly overridden the package-private method in android.graphics.drawable.Drawable
W/dex2oat ( 8654): Before Android 4.1, method int android.support.v7.widget.ListViewCompat.lookForSelectablePosition(int, boolean) would have incorrectly overridden the package-private method in android.widget.ListView
I/dex2oat ( 8654): dex2oat took 1.970s (threads: 4) arena alloc=7KB (7464B) java alloc=4MB (5045040B) native alloc=6MB (7296440B) free=2MB (2665032B)
W/PackageManager(  907): Not granting permission android.permission.MANAGE_DOCUMENTS to package com.careerbuilder.SugarDrone (protectionLevel=2 flags=0x3808be46)
W/PackageManager(  907): Not granting permission android.permission.MOUNT_UNMOUNT_FILESYSTEMS to package com.careerbuilder.SugarDrone (protectionLevel=18 flags=0x3808be46)
V/BackupManagerService(  907): restoreAtInstall pkg=com.careerbuilder.SugarDrone token=5 restoreSet=0
V/BackupManagerService(  907): Finishing install immediately
I/art     (  907): Starting a blocking GC Explicit
I/art     (  907): Explicit concurrent mark sweep GC freed 102160(5MB) AllocSpace objects, 18(952KB) LOS objects, 33% free, 16MB/24MB, paused 1.732ms total 106.941ms
E/        (  509): Couldn't opendir /data/app/vmdl1344573797.tmp: No such file or directory
I/art     ( 8604): System.exit called, status: 0
I/AndroidRuntime( 8604): VM exiting with result code 0.
I/ActivityManager(  907): Start proc 8702:com.android.musicfx/u0a29 for broadcast com.android.musicfx/.Compatibility$Receiver
I/InputReader(  907): Reconfiguring input devices.  changes=0x00000010
W/ActivityManager(  907): Permission Denial: Accessing service ComponentInfo{com.google.android.music/com.google.android.music.dial.DialMediaRouteProviderService} from pid=5267, uid=10085 that is not exported from uid 10071
D/CarrierSvcBindHelper( 3210): No carrier app for: 0
D/CarrierConfigLoader( 3210): mHandler: 9 phoneId: 0
D/RegisteredNfcFServicesCache( 4129): Service unchanged, not updating
W/System  ( 8702): ClassLoader referenced unknown path: /system/priv-app/MusicFX/lib/arm64
I/ActivityManager(  907): Start proc 8722:com.android.vending/u0a30 for broadcast com.android.vending/com.google.android.finsky.receivers.PackageMonitorReceiver$RegisteredReceiver
W/System  ( 8722): ClassLoader referenced unknown path: /system/priv-app/Phonesky/lib/arm64
W/Finsky  ( 8722): [1] com.google.android.finsky.FinskyApp.i(1468): No account configured on this device.
W/Finsky  ( 8722): [1] com.google.android.finsky.FinskyApp.i(1468): No account configured on this device.
W/Finsky  ( 8722): [1] com.google.android.finsky.FinskyApp.i(1468): No account configured on this device.
W/Finsky  ( 8722): [1] com.google.android.finsky.FinskyApp.i(1468): No account configured on this device.
I/Finsky  ( 8722): [1] com.google.android.finsky.FinskyApp.onCreate(430): Initializing network with DFE https://android.clients.google.com/fdfe/
W/Finsky  ( 8722): [1] com.google.android.finsky.FinskyApp.i(1468): No account configured on this device.
W/Finsky  ( 8722): [1] com.google.android.finsky.FinskyApp.i(1468): No account configured on this device.
W/Finsky  ( 8722): [1] com.google.android.finsky.FinskyApp.i(1468): No account configured on this device.
W/Finsky  ( 8722): [1] com.google.android.finsky.FinskyApp.i(1468): No account configured on this device.
W/Finsky  ( 8722): [1] com.google.android.finsky.FinskyApp.i(1468): No account configured on this device.
W/Finsky  ( 8722): [1] com.google.android.finsky.FinskyApp.i(1468): No account configured on this device.
W/Finsky  ( 8722): [1] com.google.android.finsky.FinskyApp.i(1468): No account configured on this device.
W/Finsky  ( 8722): [1] com.google.android.finsky.FinskyApp.i(1468): No account configured on this device.
W/Finsky  ( 8722): [1] com.google.android.finsky.FinskyApp.i(1468): No account configured on this device.
I/Finsky  ( 8722): [1] com.google.android.finsky.services.DailyHygiene.a(171): No need to run daily hygiene.
W/Finsky  ( 8722): [1] com.google.android.finsky.FinskyApp.i(1468): No account configured on this device.
W/Settings( 8722): Setting download_manager_max_bytes_over_mobile has moved from android.provider.Settings.Secure to android.provider.Settings.Global.
W/Settings( 8722): Setting download_manager_recommended_max_bytes_over_mobile has moved from android.provider.Settings.Secure to android.provider.Settings.Global.
W/Finsky  ( 8722): [1] com.google.android.finsky.FinskyApp.i(1468): No account configured on this device.
W/Finsky  ( 8722): [1] com.google.android.finsky.FinskyApp.i(1468): No account configured on this device.
W/Finsky  ( 8722): [1] com.google.android.finsky.FinskyApp.i(1468): No account configured on this device.
W/Finsky  ( 8722): [1] com.google.android.finsky.FinskyApp.i(1468): No account configured on this device.
W/Finsky  ( 8722): [1] com.google.android.finsky.FinskyApp.i(1468): No account configured on this device.
W/Finsky  ( 8722): [1] com.google.android.finsky.FinskyApp.b(1150): No account configured on this device.
W/Finsky  ( 8722): [1] com.google.android.finsky.FinskyApp.i(1468): No account configured on this device.
W/Finsky  ( 8722): [376] com.google.android.finsky.FinskyApp.i(1468): No account configured on this device.
I/ActivityManager(  907): Start proc 8778:com.google.android.apps.docs/u0a52 for broadcast com.google.android.apps.docs/.receivers.AppPackageAddRemoveReceiver
I/Finsky  ( 8722): [1] com.google.android.finsky.receivers.j.a(1226): Installer kick - no action, not running yet
I/Finsky  ( 8722): [1] com.google.android.finsky.utils.PermissionPolicies$PermissionPolicyService.onStartCommand(117): post-install permissions check for com.careerbuilder.SugarDrone
W/Finsky  ( 8722): [1] com.google.android.finsky.FinskyApp.i(1468): No account configured on this device.
W/System  ( 8778): ClassLoader referenced unknown path: /system/app/Drive/lib/arm64
I/Finsky  ( 8722): [1] com.google.android.finsky.utils.bh.run(2302): Package state data is missing for com.careerbuilder.SugarDrone
W/Finsky  ( 8722): [1] com.google.android.finsky.FinskyApp.i(1468): No account configured on this device.
D/AndroidRuntime( 8739): >>>>>> START com.android.internal.os.RuntimeInit uid 2000 <<<<<<
D/AndroidRuntime( 8739): CheckJNI is OFF
I/Finsky  ( 8722): [1] com.google.android.finsky.c.l.a(270): result=false type=4
I/Finsky  ( 8722): [1] com.google.android.finsky.services.bc.a(1050): Restore complete with 0 success and 0 failed.
D/ICU     ( 8739): No timezone override file found: /data/misc/zoneinfo/current/icu/icu_tzdata.dat
W/Finsky  ( 8722): [376] com.google.android.finsky.FinskyApp.i(1468): No account configured on this device.
I/Radio-JNI( 8739): register_android_hardware_Radio DONE
D/AndroidRuntime( 8739): Calling main entry com.android.commands.settings.SettingsCmd
D/AndroidRuntime( 8739): Shutting down VM
W/art     ( 8739): Thread attaching while runtime is shutting down: Binder:8739_1
I/AndroidRuntime( 8739): NOTE: attach of thread 'Binder:8739_1' failed
I/GAv4    ( 8778): Google Analytics 8.4.87 is starting up. To enable debug logging on a device run:
I/GAv4    ( 8778):   adb shell setprop log.tag.GAv4 DEBUG
I/GAv4    ( 8778):   adb logcat -s GAv4
W/GAv4    ( 8778): AnalyticsReceiver is not registered or is disabled. Register the receiver for reliable dispatching on non-Google Play devices. See http://goo.gl/8Rd3yj for instructions.
W/GAv4    ( 8778): CampaignTrackingReceiver is not registered, not exported or is disabled. Installation campaign tracking is not possible. See http://goo.gl/8Rd3yj for instructions.
W/GAv4    ( 8778): AnalyticsService not registered in the app manifest. Hits might not be delivered reliably. See http://goo.gl/8Rd3yj for instructions.
I/ActivityManager(  907): Killing 4330:com.google.android.partnersetup/u0a25 (adj 906): empty #17
E/JavaBinder(  907): !!! FAILED BINDER TRANSACTION !!!  (parcel size = 2380)
W/BroadcastQueue(  907): Exception when sending broadcast to ComponentInfo{com.google.android.partnersetup/com.google.android.partnersetup.RlzPingBroadcastReceiver}
W/BroadcastQueue(  907): android.os.DeadObjectException: Transaction failed on small parcel; remote process probably died
W/BroadcastQueue(  907): 	at android.os.BinderProxy.transactNative(Native Method)
W/BroadcastQueue(  907): 	at android.os.BinderProxy.transact(Binder.java:615)
W/BroadcastQueue(  907): 	at android.app.ApplicationThreadProxy.scheduleReceiver(ApplicationThreadNative.java:949)
W/BroadcastQueue(  907): 	at com.android.server.am.BroadcastQueue.processCurBroadcastLocked(BroadcastQueue.java:283)
W/BroadcastQueue(  907): 	at com.android.server.am.BroadcastQueue.processNextBroadcast(BroadcastQueue.java:1216)
W/BroadcastQueue(  907): 	at com.android.server.am.ActivityManagerService.finishReceiver(ActivityManagerService.java:18360)
W/BroadcastQueue(  907): 	at android.app.ActivityManagerNative.onTransact(ActivityManagerNative.java:528)
W/BroadcastQueue(  907): 	at com.android.server.am.ActivityManagerService.onTransact(ActivityManagerService.java:2755)
W/BroadcastQueue(  907): 	at android.os.Binder.execTransact(Binder.java:565)
I/ActivityManager(  907): Start proc 8836:com.google.android.partnersetup/u0a25 for broadcast com.google.android.partnersetup/.RlzPingBroadcastReceiver
I/UpdateIcingCorporaServi( 5769): Updating corpora: APPS=com.careerbuilder.SugarDrone, CONTACTS=MAYBE
W/libprocessgroup(  907): failed to open /acct/uid_10025/pid_4330/cgroup.procs: No such file or directory
W/System  ( 8836): ClassLoader referenced unknown path: /system/priv-app/GooglePartnerSetup/lib/arm64
D/Wear_Controller( 4410): Received broadcast action=android.intent.action.PACKAGE_ADDED and uri=com.careerbuilder.SugarDrone
I/PeopleContactsSync( 4410): triggerPendingContactsCleanup: no accounts
W/IcingInternalCorpora( 4410): getNumBytesRead when not calculated.
D/AndroidRuntime( 8815): >>>>>> START com.android.internal.os.RuntimeInit uid 2000 <<<<<<
D/AndroidRuntime( 8815): CheckJNI is OFF
I/UpdateIcingCorporaServi( 5769): UpdateCorporaTask done [took 354 ms] updated apps [took 354 ms] 
D/ICU     ( 8815): No timezone override file found: /data/misc/zoneinfo/current/icu/icu_tzdata.dat
I/Icing   ( 4410): Usage reports 0 indexed 0 rejected 0 imm upload true
I/Radio-JNI( 8815): register_android_hardware_Radio DONE
D/AndroidRuntime( 8815): Calling main entry com.android.commands.settings.SettingsCmd
D/AndroidRuntime( 8815): Shutting down VM
I/Icing   ( 4410): Usage reports 0 indexed 0 rejected 0 imm upload false
I/Icing   ( 4410): Usage reports 0 indexed 0 rejected 0 imm upload false
D/AndroidRuntime( 8877): >>>>>> START com.android.internal.os.RuntimeInit uid 2000 <<<<<<
D/AndroidRuntime( 8877): CheckJNI is OFF
D/ICU     ( 8877): No timezone override file found: /data/misc/zoneinfo/current/icu/icu_tzdata.dat
I/Radio-JNI( 8877): register_android_hardware_Radio DONE
D/AndroidRuntime( 8877): Calling main entry com.android.commands.settings.SettingsCmd
D/AndroidRuntime( 8877): Shutting down VM
I/Icing   ( 4410): Indexing C2CE3B9D8B360B0C5A25C2BEF223F6CB5449AD6A from com.google.android.googlequicksearchbox
I/Icing   ( 4410): Indexing done C2CE3B9D8B360B0C5A25C2BEF223F6CB5449AD6A
I/Icing   ( 4410): Indexing AB6E3D00885C5CBD00E6A1959F599F05594069D7 from com.google.android.gms
I/Icing   ( 4410): Indexing done AB6E3D00885C5CBD00E6A1959F599F05594069D7
D/AndroidRuntime( 8903): >>>>>> START com.android.internal.os.RuntimeInit uid 2000 <<<<<<
D/AndroidRuntime( 8903): CheckJNI is OFF
D/ICU     ( 8903): No timezone override file found: /data/misc/zoneinfo/current/icu/icu_tzdata.dat
I/Radio-JNI( 8903): register_android_hardware_Radio DONE
D/AndroidRuntime( 8903): Calling main entry com.android.commands.settings.SettingsCmd
D/AndroidRuntime( 8903): Shutting down VM
D/AndroidRuntime( 8926): >>>>>> START com.android.internal.os.RuntimeInit uid 2000 <<<<<<
D/AndroidRuntime( 8926): CheckJNI is OFF
D/ICU     ( 8926): No timezone override file found: /data/misc/zoneinfo/current/icu/icu_tzdata.dat
I/Radio-JNI( 8926): register_android_hardware_Radio DONE
D/AndroidRuntime( 8926): Calling main entry com.android.commands.settings.SettingsCmd
D/AndroidRuntime( 8926): Shutting down VM
D/AndroidRuntime( 8957): >>>>>> START com.android.internal.os.RuntimeInit uid 2000 <<<<<<
D/AndroidRuntime( 8957): CheckJNI is OFF
D/ICU     ( 8957): No timezone override file found: /data/misc/zoneinfo/current/icu/icu_tzdata.dat
I/Radio-JNI( 8957): register_android_hardware_Radio DONE
D/AndroidRuntime( 8957): Calling main entry com.android.commands.pm.Pm
W/MessageQueue( 8957): Handler (android.os.Handler) {1cdbe30} sending message to a Handler on a dead thread
W/MessageQueue( 8957): java.lang.IllegalStateException: Handler (android.os.Handler) {1cdbe30} sending message to a Handler on a dead thread
W/MessageQueue( 8957): 	at android.os.MessageQueue.enqueueMessage(MessageQueue.java:543)
W/MessageQueue( 8957): 	at android.os.Handler.enqueueMessage(Handler.java:643)
W/MessageQueue( 8957): 	at android.os.Handler.sendMessageAtTime(Handler.java:612)
W/MessageQueue( 8957): 	at android.os.Handler.sendMessageDelayed(Handler.java:582)
W/MessageQueue( 8957): 	at android.os.Handler.post(Handler.java:338)
W/MessageQueue( 8957): 	at android.os.ResultReceiver$MyResultReceiver.send(ResultReceiver.java:57)
W/MessageQueue( 8957): 	at com.android.internal.os.IResultReceiver$Stub.onTransact(IResultReceiver.java:58)
W/MessageQueue( 8957): 	at android.os.Binder.execTransact(Binder.java:565)
I/art     ( 8957): System.exit called, status: 0
I/AndroidRuntime( 8957): VM exiting with result code 0.
D/AndroidRuntime( 9016): >>>>>> START com.android.internal.os.RuntimeInit uid 2000 <<<<<<
D/AndroidRuntime( 9016): CheckJNI is OFF
D/ICU     ( 9016): No timezone override file found: /data/misc/zoneinfo/current/icu/icu_tzdata.dat
I/Radio-JNI( 9016): register_android_hardware_Radio DONE
D/AndroidRuntime( 9016): Calling main entry com.android.commands.pm.Pm
W/MessageQueue( 9016): Handler (android.os.Handler) {9104eaa} sending message to a Handler on a dead thread
W/MessageQueue( 9016): java.lang.IllegalStateException: Handler (android.os.Handler) {9104eaa} sending message to a Handler on a dead thread
W/MessageQueue( 9016): 	at android.os.MessageQueue.enqueueMessage(MessageQueue.java:543)
W/MessageQueue( 9016): 	at android.os.Handler.enqueueMessage(Handler.java:643)
W/MessageQueue( 9016): 	at android.os.Handler.sendMessageAtTime(Handler.java:612)
W/MessageQueue( 9016): 	at android.os.Handler.sendMessageDelayed(Handler.java:582)
W/MessageQueue( 9016): 	at android.os.Handler.post(Handler.java:338)
W/MessageQueue( 9016): 	at android.os.ResultReceiver$MyResultReceiver.send(ResultReceiver.java:57)
W/MessageQueue( 9016): 	at com.android.internal.os.IResultReceiver$Stub.onTransact(IResultReceiver.java:58)
W/MessageQueue( 9016): 	at android.os.Binder.execTransact(Binder.java:565)
I/art     ( 9016): System.exit called, status: 0
I/AndroidRuntime( 9016): VM exiting with result code 0.
D/AndroidRuntime( 9107): >>>>>> START com.android.internal.os.RuntimeInit uid 2000 <<<<<<
D/AndroidRuntime( 9107): CheckJNI is OFF
D/ICU     ( 9107): No timezone override file found: /data/misc/zoneinfo/current/icu/icu_tzdata.dat
I/Radio-JNI( 9107): register_android_hardware_Radio DONE
D/AndroidRuntime( 9107): Calling main entry com.android.commands.am.Am
W/ActivityManager(  907): Invalid packageName: com.careerbuilder.SugarDrone.test
D/AndroidRuntime( 9107): Shutting down VM
D/AndroidRuntime( 9138): >>>>>> START com.android.internal.os.RuntimeInit uid 2000 <<<<<<
D/AndroidRuntime( 9138): CheckJNI is OFF
D/ICU     ( 9138): No timezone override file found: /data/misc/zoneinfo/current/icu/icu_tzdata.dat
I/Radio-JNI( 9138): register_android_hardware_Radio DONE
D/AndroidRuntime( 9138): Calling main entry com.android.commands.pm.Pm
I/        (  509): free_cache(609973) avail 10778226688
I/PackageManager.DexOptimizer(  907): Running dexopt (dex2oat) on: /data/app/vmdl1626301373.tmp/base.apk pkg=com.careerbuilder.SugarDrone.test isa=arm64 vmSafeMode=false debuggable=false target-filter=interpret-only oatDir = /data/app/vmdl1626301373.tmp/oat sharedLibraries=/system/framework/android.test.runner.jar:/system/framework/com.google.android.maps.jar
I/dex2oat ( 9166): /system/bin/dex2oat --compiler-filter=interpret-only -j4
I/dex2oat ( 9166): dex2oat took 662.994ms (threads: 4) arena alloc=184KB (188472B) java alloc=2MB (2264872B) native alloc=2MB (2692464B) free=1978KB (2026128B)
W/PackageManager(  907): Not granting permission android.permission.ACCESS_MOCK_LOCATION to package com.careerbuilder.SugarDrone.test (protectionLevel=2 flags=0x1800be44)
V/BackupManagerService(  907): restoreAtInstall pkg=com.careerbuilder.SugarDrone.test token=6 restoreSet=0
V/BackupManagerService(  907): Finishing install immediately
I/art     (  907): Starting a blocking GC Explicit
I/art     (  907): Explicit concurrent mark sweep GC freed 66399(4MB) AllocSpace objects, 56(2MB) LOS objects, 33% free, 16MB/24MB, paused 1.600ms total 101.971ms
E/        (  509): Couldn't opendir /data/app/vmdl1626301373.tmp: No such file or directory
W/ActivityManager(  907): Permission Denial: Accessing service ComponentInfo{com.google.android.music/com.google.android.music.dial.DialMediaRouteProviderService} from pid=5267, uid=10085 that is not exported from uid 10071
I/art     ( 9138): System.exit called, status: 0
I/AndroidRuntime( 9138): VM exiting with result code 0.
I/InputReader(  907): Reconfiguring input devices.  changes=0x00000010
D/CarrierSvcBindHelper( 3210): No carrier app for: 0
D/CarrierConfigLoader( 3210): mHandler: 9 phoneId: 0
D/RegisteredNfcFServicesCache( 4129): Service unchanged, not updating
I/Finsky  ( 8722): [1] com.google.android.finsky.utils.PermissionPolicies$PermissionPolicyService.onStartCommand(117): post-install permissions check for com.careerbuilder.SugarDrone.test
W/Finsky  ( 8722): [1] com.google.android.finsky.FinskyApp.i(1468): No account configured on this device.
I/Finsky  ( 8722): [1] com.google.android.finsky.utils.bh.run(2302): Package state data is missing for com.careerbuilder.SugarDrone.test
W/Finsky  ( 8722): [1] com.google.android.finsky.FinskyApp.i(1468): No account configured on this device.
V/JNIHelp ( 8778): Registering com/google/android/gms/org/conscrypt/NativeCrypto's 242 native methods...
I/UpdateIcingCorporaServi( 5769): Updating corpora: APPS=com.careerbuilder.SugarDrone.test, CONTACTS=MAYBE
I/UpdateIcingCorporaServi( 5769): UpdateCorporaTask done [took 61 ms] updated apps [took 61 ms] 
D/Wear_Controller( 4410): Received broadcast action=android.intent.action.PACKAGE_ADDED and uri=com.careerbuilder.SugarDrone.test
I/PeopleContactsSync( 4410): triggerPendingContactsCleanup: no accounts
W/IcingInternalCorpora( 4410): getNumBytesRead when not calculated.
I/Icing   ( 4410): Usage reports 0 indexed 0 rejected 0 imm upload false
I/Icing   ( 4410): Usage reports 0 indexed 0 rejected 0 imm upload false
D/NetworkSecurityConfig( 8778): No Network Security Config specified, using platform default
I/ProviderInstaller( 8778): Installed default security provider GmsCore_OpenSSL
D/AndroidRuntime( 9215): >>>>>> START com.android.internal.os.RuntimeInit uid 2000 <<<<<<
D/AndroidRuntime( 9215): CheckJNI is OFF
D/ICU     ( 9215): No timezone override file found: /data/misc/zoneinfo/current/icu/icu_tzdata.dat
I/Radio-JNI( 9215): register_android_hardware_Radio DONE
D/AndroidRuntime( 9215): Calling main entry com.android.commands.settings.SettingsCmd
D/AndroidRuntime( 9215): Shutting down VM
I/Icing   ( 4410): Indexing AB6E3D00885C5CBD00E6A1959F599F05594069D7 from com.google.android.gms
I/Icing   ( 4410): Indexing done AB6E3D00885C5CBD00E6A1959F599F05594069D7
D/AndroidRuntime( 9247): >>>>>> START com.android.internal.os.RuntimeInit uid 2000 <<<<<<
D/AndroidRuntime( 9247): CheckJNI is OFF
D/ICU     ( 9247): No timezone override file found: /data/misc/zoneinfo/current/icu/icu_tzdata.dat
I/Radio-JNI( 9247): register_android_hardware_Radio DONE
D/AndroidRuntime( 9247): Calling main entry com.android.commands.settings.SettingsCmd
D/AndroidRuntime( 9247): Shutting down VM
D/AndroidRuntime( 9275): >>>>>> START com.android.internal.os.RuntimeInit uid 2000 <<<<<<
D/AndroidRuntime( 9275): CheckJNI is OFF
D/ICU     ( 9275): No timezone override file found: /data/misc/zoneinfo/current/icu/icu_tzdata.dat
I/Radio-JNI( 9275): register_android_hardware_Radio DONE
D/AndroidRuntime( 9275): Calling main entry com.android.commands.settings.SettingsCmd
D/AndroidRuntime( 9275): Shutting down VM
D/AndroidRuntime( 9301): >>>>>> START com.android.internal.os.RuntimeInit uid 2000 <<<<<<
D/AndroidRuntime( 9301): CheckJNI is OFF
D/ICU     ( 9301): No timezone override file found: /data/misc/zoneinfo/current/icu/icu_tzdata.dat
I/Radio-JNI( 9301): register_android_hardware_Radio DONE
D/AndroidRuntime( 9301): Calling main entry com.android.commands.settings.SettingsCmd
D/AndroidRuntime( 9301): Shutting down VM
D/AndroidRuntime( 9326): >>>>>> START com.android.internal.os.RuntimeInit uid 2000 <<<<<<
D/AndroidRuntime( 9326): CheckJNI is OFF
D/ICU     ( 9326): No timezone override file found: /data/misc/zoneinfo/current/icu/icu_tzdata.dat
I/Radio-JNI( 9326): register_android_hardware_Radio DONE
D/AndroidRuntime( 9326): Calling main entry com.android.commands.settings.SettingsCmd
D/AndroidRuntime( 9326): Shutting down VM
D/AndroidRuntime( 9359): >>>>>> START com.android.internal.os.RuntimeInit uid 2000 <<<<<<
D/AndroidRuntime( 9359): CheckJNI is OFF
D/ICU     ( 9359): No timezone override file found: /data/misc/zoneinfo/current/icu/icu_tzdata.dat
I/Radio-JNI( 9359): register_android_hardware_Radio DONE
D/AndroidRuntime( 9359): Calling main entry com.android.commands.pm.Pm
W/MessageQueue( 9359): Handler (android.os.Handler) {8fe6949} sending message to a Handler on a dead thread
W/MessageQueue( 9359): java.lang.IllegalStateException: Handler (android.os.Handler) {8fe6949} sending message to a Handler on a dead thread
W/MessageQueue( 9359): 	at android.os.MessageQueue.enqueueMessage(MessageQueue.java:543)
W/MessageQueue( 9359): 	at android.os.Handler.enqueueMessage(Handler.java:643)
W/MessageQueue( 9359): 	at android.os.Handler.sendMessageAtTime(Handler.java:612)
W/MessageQueue( 9359): 	at android.os.Handler.sendMessageDelayed(Handler.java:582)
W/MessageQueue( 9359): 	at android.os.Handler.post(Handler.java:338)
W/MessageQueue( 9359): 	at android.os.ResultReceiver$MyResultReceiver.send(ResultReceiver.java:57)
W/MessageQueue( 9359): 	at com.android.internal.os.IResultReceiver$Stub.onTransact(IResultReceiver.java:58)
W/MessageQueue( 9359): 	at android.os.Binder.execTransact(Binder.java:565)
I/art     ( 9359): System.exit called, status: 0
I/AndroidRuntime( 9359): VM exiting with result code 0.
D/AndroidRuntime( 9422): >>>>>> START com.android.internal.os.RuntimeInit uid 2000 <<<<<<
D/AndroidRuntime( 9422): CheckJNI is OFF
D/ICU     ( 9422): No timezone override file found: /data/misc/zoneinfo/current/icu/icu_tzdata.dat
I/Radio-JNI( 9422): register_android_hardware_Radio DONE
D/AndroidRuntime( 9422): Calling main entry com.android.commands.pm.Pm
I/art     ( 9422): System.exit called, status: 0
I/AndroidRuntime( 9422): VM exiting with result code 0.
W/MessageQueue( 9422): Handler (android.os.Handler) {be24200} sending message to a Handler on a dead thread
W/MessageQueue( 9422): java.lang.IllegalStateException: Handler (android.os.Handler) {be24200} sending message to a Handler on a dead thread
W/MessageQueue( 9422): 	at android.os.MessageQueue.enqueueMessage(MessageQueue.java:543)
W/MessageQueue( 9422): 	at android.os.Handler.enqueueMessage(Handler.java:643)
W/MessageQueue( 9422): 	at android.os.Handler.sendMessageAtTime(Handler.java:612)
W/MessageQueue( 9422): 	at android.os.Handler.sendMessageDelayed(Handler.java:582)
W/MessageQueue( 9422): 	at android.os.Handler.post(Handler.java:338)
W/MessageQueue( 9422): 	at android.os.ResultReceiver$MyResultReceiver.send(ResultReceiver.java:57)
W/MessageQueue( 9422): 	at com.android.internal.os.IResultReceiver$Stub.onTransact(IResultReceiver.java:58)
W/MessageQueue( 9422): 	at android.os.Binder.execTransact(Binder.java:565)
I/ActivityManager(  907): Killing 6391:com.google.android.apps.gcs/u0a17 (adj 906): empty #17
I/ActivityManager(  907): Killing 7390:com.google.android.gms.unstable/u0a18 (adj 906): empty #17
D/AndroidRuntime( 9506): >>>>>> START com.android.internal.os.RuntimeInit uid 2000 <<<<<<
D/AndroidRuntime( 9506): CheckJNI is OFF
D/ICU     ( 9506): No timezone override file found: /data/misc/zoneinfo/current/icu/icu_tzdata.dat
I/Radio-JNI( 9506): register_android_hardware_Radio DONE
D/AndroidRuntime( 9506): Calling main entry com.android.commands.input.Input
I/Input   ( 9506): injectKeyEvent: KeyEvent { action=ACTION_DOWN, keyCode=KEYCODE_BACK, scanCode=0, metaState=0, flags=0x0, repeatCount=0, eventTime=269899, downTime=269899, deviceId=-1, source=0x101 }
I/Input   ( 9506): injectKeyEvent: KeyEvent { action=ACTION_UP, keyCode=KEYCODE_BACK, scanCode=0, metaState=0, flags=0x0, repeatCount=0, eventTime=269899, downTime=269899, deviceId=-1, source=0x101 }
D/AndroidRuntime( 9506): Shutting down VM
D/AndroidRuntime( 9567): >>>>>> START com.android.internal.os.RuntimeInit uid 2000 <<<<<<
D/AndroidRuntime( 9567): CheckJNI is OFF
D/ICU     ( 9567): No timezone override file found: /data/misc/zoneinfo/current/icu/icu_tzdata.dat
I/Radio-JNI( 9567): register_android_hardware_Radio DONE
D/AndroidRuntime( 9567): Calling main entry com.android.commands.input.Input
I/Input   ( 9567): injectKeyEvent: KeyEvent { action=ACTION_DOWN, keyCode=KEYCODE_HOME, scanCode=0, metaState=0, flags=0x0, repeatCount=0, eventTime=271835, downTime=271835, deviceId=-1, source=0x101 }
I/Input   ( 9567): injectKeyEvent: KeyEvent { action=ACTION_UP, keyCode=KEYCODE_HOME, scanCode=0, metaState=0, flags=0x0, repeatCount=0, eventTime=271835, downTime=271835, deviceId=-1, source=0x101 }
I/ActivityManager(  907): START u0 {act=android.intent.action.MAIN cat=[android.intent.category.HOME] flg=0x10200000 cmp=com.google.android.googlequicksearchbox/com.google.android.launcher.GEL (has extras)} from uid 1000 on display 0
D/AndroidRuntime( 9567): Shutting down VM
I/GEL     ( 4192): handleIntent(Intent { act=android.intent.action.MAIN cat=[android.intent.category.HOME] flg=0x10200000 cmp=com.google.android.googlequicksearchbox/com.google.android.launcher.GEL (has extras) })
D/AndroidRuntime( 9603): >>>>>> START com.android.internal.os.RuntimeInit uid 2000 <<<<<<
D/AndroidRuntime( 9603): CheckJNI is OFF
D/ICU     ( 9603): No timezone override file found: /data/misc/zoneinfo/current/icu/icu_tzdata.dat
I/Radio-JNI( 9603): register_android_hardware_Radio DONE
D/AndroidRuntime( 9603): Calling main entry com.android.commands.input.Input
I/Input   ( 9603): injectKeyEvent: KeyEvent { action=ACTION_DOWN, keyCode=KEYCODE_BACK, scanCode=0, metaState=0, flags=0x0, repeatCount=0, eventTime=273285, downTime=273285, deviceId=-1, source=0x101 }
I/Input   ( 9603): injectKeyEvent: KeyEvent { action=ACTION_UP, keyCode=KEYCODE_BACK, scanCode=0, metaState=0, flags=0x0, repeatCount=0, eventTime=273285, downTime=273285, deviceId=-1, source=0x101 }
D/AndroidRuntime( 9603): Shutting down VM
W/Finsky  ( 8722): [374] com.google.android.finsky.FinskyApp.i(1468): No account configured on this device.
I/Finsky  ( 8722): [374] com.google.android.finsky.c.e.run(1151): Replicating app states via AMAS.
I/Finsky  ( 8722): [374] com.google.android.finsky.c.c.a(311): Completed 0 account content syncs with 0 successful.
I/Finsky  ( 8722): [1] com.google.android.finsky.services.j.a(149): Installation state replication succeeded.
D/AndroidRuntime( 9638): >>>>>> START com.android.internal.os.RuntimeInit uid 2000 <<<<<<
D/AndroidRuntime( 9638): CheckJNI is OFF
D/ICU     ( 9638): No timezone override file found: /data/misc/zoneinfo/current/icu/icu_tzdata.dat
I/Radio-JNI( 9638): register_android_hardware_Radio DONE
D/AndroidRuntime( 9638): Calling main entry com.android.commands.am.Am
I/ActivityManager(  907): Force stopping com.careerbuilder.SugarDrone appid=19221 user=0: start instr
I/ActivityManager(  907): Start proc 9666:com.careerbuilder.SugarDrone/u0a9221 for added application com.careerbuilder.SugarDrone
I/art     ( 9666): Late-enabling -Xcheck:jni
W/System  ( 9666): ClassLoader referenced unknown path: /data/app/com.careerbuilder.SugarDrone.test-1/lib/arm64
W/System  ( 9666): ClassLoader referenced unknown path: 
W/monodroid( 9666): Using override path: /data/user/0/com.careerbuilder.SugarDrone/files/.__override__
W/monodroid( 9666): Trying to load sgen from: /data/user/0/com.careerbuilder.SugarDrone/files/.__override__/libmonosgen-2.0.so
W/monodroid( 9666): Trying to load sgen from: /storage/emulated/0/Android/data/com.careerbuilder.SugarDrone/files/.__override__/libmonosgen-2.0.so
W/monodroid( 9666): Trying to load sgen from: /data/app/com.careerbuilder.SugarDrone-1/lib/arm/libmonosgen-2.0.so
D/Mono    ( 9666): Image addref mscorlib[0xe1e98380] -> mscorlib.dll[0xe46ce900]: 2
D/Mono    ( 9666): Prepared to set up assembly 'mscorlib' (mscorlib.dll)
D/Mono    ( 9666): AOT module 'mscorlib.dll.so' not found: dlopen failed: library "/data/app/com.careerbuilder.SugarDrone-1/lib/arm/libaot-mscorlib.dll.so" not found
D/Mono    ( 9666): AOT module '/Users/builder/data/lanes/4009/3a62f1ea/source/monodroid/builds/install/mono-armv6/lib/mono/aot-cache/arm/mscorlib.dll.so' not found: dlopen failed: library "/data/app/com.careerbuilder.SugarDrone-1/lib/arm/libaot-mscorlib.dll.so" not found
D/Mono    ( 9666): Config attempting to parse: 'mscorlib.dll.config'.
D/Mono    ( 9666): Config attempting to parse: '/Users/builder/data/lanes/4009/3a62f1ea/source/monodroid/builds/install/mono-armv6/etc/mono/assemblies/mscorlib/mscorlib.config'.
D/Mono    ( 9666): Assembly mscorlib[0xe1e98380] added to domain RootDomain, ref_count=1
D/Mono    ( 9666): Image addref CareerBuilder_Search.Droid[0xe1e983e0] -> CareerBuilder_Search.Droid.dll[0xe46cf800]: 2
D/Mono    ( 9666): Prepared to set up assembly 'CareerBuilder_Search.Droid' (CareerBuilder_Search.Droid.dll)
D/Mono    ( 9666): Assembly CareerBuilder_Search.Droid[0xe1e983e0] added to domain RootDomain, ref_count=1
D/Mono    ( 9666): AOT module 'CareerBuilder_Search.Droid.dll.so' not found: dlopen failed: library "/data/app/com.careerbuilder.SugarDrone-1/lib/arm/libaot-CareerBuilder_Search.Droid.dll.so" not found
D/Mono    ( 9666): AOT module '/Users/builder/data/lanes/4009/3a62f1ea/source/monodroid/builds/install/mono-armv6/lib/mono/aot-cache/arm/CareerBuilder_Search.Droid.dll.so' not found: dlopen failed: library "/data/app/com.careerbuilder.SugarDrone-1/lib/arm/libaot-CareerBuilder_Search.Droid.dll.so" not found
D/Mono    ( 9666): Config attempting to parse: 'CareerBuilder_Search.Droid.dll.config'.
D/Mono    ( 9666): Config attempting to parse: '/Users/builder/data/lanes/4009/3a62f1ea/source/monodroid/builds/install/mono-armv6/etc/mono/assemblies/CareerBuilder_Search.Droid/CareerBuilder_Search.Droid.config'.
D/Mono    ( 9666): Image addref AppsFlyerXamarinBindingAndroid[0xe1e98440] -> AppsFlyerXamarinBindingAndroid.dll[0xe46cfd00]: 2
D/Mono    ( 9666): Prepared to set up assembly 'AppsFlyerXamarinBindingAndroid' (AppsFlyerXamarinBindingAndroid.dll)
D/Mono    ( 9666): Assembly AppsFlyerXamarinBindingAndroid[0xe1e98440] added to domain RootDomain, ref_count=1
D/Mono    ( 9666): AOT module 'AppsFlyerXamarinBindingAndroid.dll.so' not found: dlopen failed: library "/data/app/com.careerbuilder.SugarDrone-1/lib/arm/libaot-AppsFlyerXamarinBindingAndroid.dll.so" not found
D/Mono    ( 9666): AOT module '/Users/builder/data/lanes/4009/3a62f1ea/source/monodroid/builds/install/mono-armv6/lib/mono/aot-cache/arm/AppsFlyerXamarinBindingAndroid.dll.so' not found: dlopen failed: library "/data/app/com.careerbuilder.SugarDrone-1/lib/arm/libaot-AppsFlyerXamarinBindingAndroid.dll.so" not found
D/Mono    ( 9666): Config attempting to parse: 'AppsFlyerXamarinBindingAndroid.dll.config'.
D/Mono    ( 9666): Config attempting to parse: '/Users/builder/data/lanes/4009/3a62f1ea/source/monodroid/builds/install/mono-armv6/etc/mono/assemblies/AppsFlyerXamarinBindingAndroid/AppsFlyerXamarinBindingAndroid.config'.
D/Mono    ( 9666): Image addref HockeySDK[0xe1e984a0] -> HockeySDK.dll[0xe46d0200]: 2
D/Mono    ( 9666): Prepared to set up assembly 'HockeySDK' (HockeySDK.dll)
D/Mono    ( 9666): Assembly HockeySDK[0xe1e984a0] added to domain RootDomain, ref_count=1
D/Mono    ( 9666): AOT module 'HockeySDK.dll.so' not found: dlopen failed: library "/data/app/com.careerbuilder.SugarDrone-1/lib/arm/libaot-HockeySDK.dll.so" not found
D/Mono    ( 9666): AOT module '/Users/builder/data/lanes/4009/3a62f1ea/source/monodroid/builds/install/mono-armv6/lib/mono/aot-cache/arm/HockeySDK.dll.so' not found: dlopen failed: library "/data/app/com.careerbuilder.SugarDrone-1/lib/arm/libaot-HockeySDK.dll.so" not found
D/Mono    ( 9666): Config attempting to parse: 'HockeySDK.dll.config'.
D/Mono    ( 9666): Config attempting to parse: '/Users/builder/data/lanes/4009/3a62f1ea/source/monodroid/builds/install/mono-armv6/etc/mono/assemblies/HockeySDK/HockeySDK.config'.
D/Mono    ( 9666): Image addref Akavache[0xe1e98500] -> Akavache.dll[0xe46d0700]: 2
D/Mono    ( 9666): Prepared to set up assembly 'Akavache' (Akavache.dll)
D/Mono    ( 9666): Assembly Akavache[0xe1e98500] added to domain RootDomain, ref_count=1
D/Mono    ( 9666): AOT module 'Akavache.dll.so' not found: dlopen failed: library "/data/app/com.careerbuilder.SugarDrone-1/lib/arm/libaot-Akavache.dll.so" not found
D/Mono    ( 9666): AOT module '/Users/builder/data/lanes/4009/3a62f1ea/source/monodroid/builds/install/mono-armv6/lib/mono/aot-cache/arm/Akavache.dll.so' not found: dlopen failed: library "/data/app/com.careerbuilder.SugarDrone-1/lib/arm/libaot-Akavache.dll.so" not found
D/Mono    ( 9666): Config attempting to parse: 'Akavache.dll.config'.
D/Mono    ( 9666): Config attempting to parse: '/Users/builder/data/lanes/4009/3a62f1ea/source/monodroid/builds/install/mono-armv6/etc/mono/assemblies/Akavache/Akavache.config'.
D/Mono    ( 9666): Image addref Akavache.Sqlite3[0xe1e98560] -> Akavache.Sqlite3.dll[0xe46d0c00]: 2
D/Mono    ( 9666): Prepared to set up assembly 'Akavache.Sqlite3' (Akavache.Sqlite3.dll)
D/Mono    ( 9666): Assembly Akavache.Sqlite3[0xe1e98560] added to domain RootDomain, ref_count=1
D/Mono    ( 9666): AOT module 'Akavache.Sqlite3.dll.so' not found: dlopen failed: library "/data/app/com.careerbuilder.SugarDrone-1/lib/arm/libaot-Akavache.Sqlite3.dll.so" not found
D/Mono    ( 9666): AOT module '/Users/builder/data/lanes/4009/3a62f1ea/source/monodroid/builds/install/mono-armv6/lib/mono/aot-cache/arm/Akavache.Sqlite3.dll.so' not found: dlopen failed: library "/data/app/com.careerbuilder.SugarDrone-1/lib/arm/libaot-Akavache.Sqlite3.dll.so" not found
W/        ( 9666): Symbol file LoadedFromMemory doesn't match image Akavache.Sqlite3.dll
D/Mono    ( 9666): Config attempting to parse: 'Akavache.Sqlite3.dll.config'.
D/Mono    ( 9666): Config attempting to parse: '/Users/builder/data/lanes/4009/3a62f1ea/source/monodroid/builds/install/mono-armv6/etc/mono/assemblies/Akavache.Sqlite3/Akavache.Sqlite3.config'.
D/Mono    ( 9666): Image addref Splat[0xe1e985c0] -> Splat.dll[0xe46d1100]: 2
D/Mono    ( 9666): Prepared to set up assembly 'Splat' (Splat.dll)
D/Mono    ( 9666): Assembly Splat[0xe1e985c0] added to domain RootDomain, ref_count=1
D/Mono    ( 9666): AOT module 'Splat.dll.so' not found: dlopen failed: library "/data/app/com.careerbuilder.SugarDrone-1/lib/arm/libaot-Splat.dll.so" not found
D/Mono    ( 9666): AOT module '/Users/builder/data/lanes/4009/3a62f1ea/source/monodroid/builds/install/mono-armv6/lib/mono/aot-cache/arm/Splat.dll.so' not found: dlopen failed: library "/data/app/com.careerbuilder.SugarDrone-1/lib/arm/libaot-Splat.dll.so" not found
D/Mono    ( 9666): Config attempting to parse: 'Splat.dll.config'.
D/Mono    ( 9666): Config attempting to parse: '/Users/builder/data/lanes/4009/3a62f1ea/source/monodroid/builds/install/mono-armv6/etc/mono/assemblies/Splat/Splat.config'.
D/Mono    ( 9666): Image addref Microsoft.Practices.ServiceLocation[0xe1e98620] -> Microsoft.Practices.ServiceLocation.dll[0xe46d1600]: 2
D/Mono    ( 9666): Prepared to set up assembly 'Microsoft.Practices.ServiceLocation' (Microsoft.Practices.ServiceLocation.dll)
D/Mono    ( 9666): Assembly Microsoft.Practices.ServiceLocation[0xe1e98620] added to domain RootDomain, ref_count=1
D/Mono    ( 9666): AOT module 'Microsoft.Practices.ServiceLocation.dll.so' not found: dlopen failed: library "/data/app/com.careerbuilder.SugarDrone-1/lib/arm/libaot-Microsoft.Practices.ServiceLocation.dll.so" not found
D/Mono    ( 9666): AOT module '/Users/builder/data/lanes/4009/3a62f1ea/source/monodroid/builds/install/mono-armv6/lib/mono/aot-cache/arm/Microsoft.Practices.ServiceLocation.dll.so' not found: dlopen failed: library "/data/app/com.careerbuilder.SugarDrone-1/lib/arm/libaot-Microsoft.Practices.ServiceLocation.dll.so" not found
D/Mono    ( 9666): Config attempting to parse: 'Microsoft.Practices.ServiceLocation.dll.config'.
D/Mono    ( 9666): Config attempting to parse: '/Users/builder/data/lanes/4009/3a62f1ea/source/monodroid/builds/install/mono-armv6/etc/mono/assemblies/Microsoft.Practices.ServiceLocation/Microsoft.Practices.ServiceLocation.config'.
D/Mono    ( 9666): Image addref Microsoft.Practices.Unity[0xe1e98680] -> Microsoft.Practices.Unity.dll[0xe46d1b00]: 2
D/Mono    ( 9666): Prepared to set up assembly 'Microsoft.Practices.Unity' (Microsoft.Practices.Unity.dll)
D/Mono    ( 9666): Assembly Microsoft.Practices.Unity[0xe1e98680] added to domain RootDomain, ref_count=1
D/Mono    ( 9666): AOT module 'Microsoft.Practices.Unity.dll.so' not found: dlopen failed: library "/data/app/com.careerbuilder.SugarDrone-1/lib/arm/libaot-Microsoft.Practices.Unity.dll.so" not found
D/Mono    ( 9666): AOT module '/Users/builder/data/lanes/4009/3a62f1ea/source/monodroid/builds/install/mono-armv6/lib/mono/aot-cache/arm/Microsoft.Practices.Unity.dll.so' not found: dlopen failed: library "/data/app/com.careerbuilder.SugarDrone-1/lib/arm/libaot-Microsoft.Practices.Unity.dll.so" not found
D/Mono    ( 9666): Config attempting to parse: 'Microsoft.Practices.Unity.dll.config'.
D/Mono    ( 9666): Config attempting to parse: '/Users/builder/data/lanes/4009/3a62f1ea/source/monodroid/builds/install/mono-armv6/etc/mono/assemblies/Microsoft.Practices.Unity/Microsoft.Practices.Unity.config'.
D/Mono    ( 9666): Image addref Plugin.CurrentActivity[0xe1e986e0] -> Plugin.CurrentActivity.dll[0xe1ebd000]: 2
D/Mono    ( 9666): Prepared to set up assembly 'Plugin.CurrentActivity' (Plugin.CurrentActivity.dll)
D/Mono    ( 9666): Assembly Plugin.CurrentActivity[0xe1e986e0] added to domain RootDomain, ref_count=1
D/Mono    ( 9666): AOT module 'Plugin.CurrentActivity.dll.so' not found: dlopen failed: library "/data/app/com.careerbuilder.SugarDrone-1/lib/arm/libaot-Plugin.CurrentActivity.dll.so" not found
D/Mono    ( 9666): AOT module '/Users/builder/data/lanes/4009/3a62f1ea/source/monodroid/builds/install/mono-armv6/lib/mono/aot-cache/arm/Plugin.CurrentActivity.dll.so' not found: dlopen failed: library "/data/app/com.careerbuilder.SugarDrone-1/lib/arm/libaot-Plugin.CurrentActivity.dll.so" not found
D/Mono    ( 9666): Config attempting to parse: 'Plugin.CurrentActivity.dll.config'.
D/Mono    ( 9666): Config attempting to parse: '/Users/builder/data/lanes/4009/3a62f1ea/source/monodroid/builds/install/mono-armv6/etc/mono/assemblies/Plugin.CurrentActivity/Plugin.CurrentActivity.config'.
D/Mono    ( 9666): Image addref Plugin.Permissions[0xe1e98740] -> Plugin.Permissions.dll[0xe1ebd500]: 2
D/Mono    ( 9666): Prepared to set up assembly 'Plugin.Permissions' (Plugin.Permissions.dll)
D/Mono    ( 9666): Assembly Plugin.Permissions[0xe1e98740] added to domain RootDomain, ref_count=1
D/Mono    ( 9666): AOT module 'Plugin.Permissions.dll.so' not found: dlopen failed: library "/data/app/com.careerbuilder.SugarDrone-1/lib/arm/libaot-Plugin.Permissions.dll.so" not found
D/Mono    ( 9666): AOT module '/Users/builder/data/lanes/4009/3a62f1ea/source/monodroid/builds/install/mono-armv6/lib/mono/aot-cache/arm/Plugin.Permissions.dll.so' not found: dlopen failed: library "/data/app/com.careerbuilder.SugarDrone-1/lib/arm/libaot-Plugin.Permissions.dll.so" not found
D/Mono    ( 9666): Config attempting to parse: 'Plugin.Permissions.dll.config'.
D/Mono    ( 9666): Config attempting to parse: '/Users/builder/data/lanes/4009/3a62f1ea/source/monodroid/builds/install/mono-armv6/etc/mono/assemblies/Plugin.Permissions/Plugin.Permissions.config'.
D/Mono    ( 9666): Image addref Plugin.Permissions.Abstractions[0xe1e987a0] -> Plugin.Permissions.Abstractions.dll[0xe1ebda00]: 2
D/Mono    ( 9666): Prepared to set up assembly 'Plugin.Permissions.Abstractions' (Plugin.Permissions.Abstractions.dll)
D/Mono    ( 9666): Assembly Plugin.Permissions.Abstractions[0xe1e987a0] added to domain RootDomain, ref_count=1
D/Mono    ( 9666): AOT module 'Plugin.Permissions.Abstractions.dll.so' not found: dlopen failed: library "/data/app/com.careerbuilder.SugarDrone-1/lib/arm/libaot-Plugin.Permissions.Abstractions.dll.so" not found
D/Mono    ( 9666): AOT module '/Users/builder/data/lanes/4009/3a62f1ea/source/monodroid/builds/install/mono-armv6/lib/mono/aot-cache/arm/Plugin.Permissions.Abstractions.dll.so' not found: dlopen failed: library "/data/app/com.careerbuilder.SugarDrone-1/lib/arm/libaot-Plugin.Permissions.Abstractions.dll.so" not found
D/Mono    ( 9666): Config attempting to parse: 'Plugin.Permissions.Abstractions.dll.config'.
D/Mono    ( 9666): Config attempting to parse: '/Users/builder/data/lanes/4009/3a62f1ea/source/monodroid/builds/install/mono-armv6/etc/mono/assemblies/Plugin.Permissions.Abstractions/Plugin.Permissions.Abstractions.config'.
D/Mono    ( 9666): Image addref Plugin.Geolocator[0xe1e98800] -> Plugin.Geolocator.dll[0xe1ebdf00]: 2
D/Mono    ( 9666): Prepared to set up assembly 'Plugin.Geolocator' (Plugin.Geolocator.dll)
D/Mono    ( 9666): Assembly Plugin.Geolocator[0xe1e98800] added to domain RootDomain, ref_count=1
D/Mono    ( 9666): AOT module 'Plugin.Geolocator.dll.so' not found: dlopen failed: library "/data/app/com.careerbuilder.SugarDrone-1/lib/arm/libaot-Plugin.Geolocator.dll.so" not found
D/Mono    ( 9666): AOT module '/Users/builder/data/lanes/4009/3a62f1ea/source/monodroid/builds/install/mono-armv6/lib/mono/aot-cache/arm/Plugin.Geolocator.dll.so' not found: dlopen failed: library "/data/app/com.careerbuilder.SugarDrone-1/lib/arm/libaot-Plugin.Geolocator.dll.so" not found
D/Mono    ( 9666): Config attempting to parse: 'Plugin.Geolocator.dll.config'.
D/Mono    ( 9666): Config attempting to parse: '/Users/builder/data/lanes/4009/3a62f1ea/source/monodroid/builds/install/mono-armv6/etc/mono/assemblies/Plugin.Geolocator/Plugin.Geolocator.config'.
D/Mono    ( 9666): Image addref Plugin.Geolocator.Abstractions[0xe1e98860] -> Plugin.Geolocator.Abstractions.dll[0xe1ebe400]: 2
D/Mono    ( 9666): Prepared to set up assembly 'Plugin.Geolocator.Abstractions' (Plugin.Geolocator.Abstractions.dll)
D/Mono    ( 9666): Assembly Plugin.Geolocator.Abstractions[0xe1e98860] added to domain RootDomain, ref_count=1
D/Mono    ( 9666): AOT module 'Plugin.Geolocator.Abstractions.dll.so' not found: dlopen failed: library "/data/app/com.careerbuilder.SugarDrone-1/lib/arm/libaot-Plugin.Geolocator.Abstractions.dll.so" not found
D/Mono    ( 9666): AOT module '/Users/builder/data/lanes/4009/3a62f1ea/source/monodroid/builds/install/mono-armv6/lib/mono/aot-cache/arm/Plugin.Geolocator.Abstractions.dll.so' not found: dlopen failed: library "/data/app/com.careerbuilder.SugarDrone-1/lib/arm/libaot-Plugin.Geolocator.Abstractions.dll.so" not found
D/Mono    ( 9666): Config attempting to parse: 'Plugin.Geolocator.Abstractions.dll.config'.
D/Mono    ( 9666): Config attempting to parse: '/Users/builder/data/lanes/4009/3a62f1ea/source/monodroid/builds/install/mono-armv6/etc/mono/assemblies/Plugin.Geolocator.Abstractions/Plugin.Geolocator.Abstractions.config'.
D/Mono    ( 9666): Image addref Plugin.DeviceInfo[0xe1e988c0] -> Plugin.DeviceInfo.dll[0xe1ebe900]: 2
D/Mono    ( 9666): Prepared to set up assembly 'Plugin.DeviceInfo' (Plugin.DeviceInfo.dll)
D/Mono    ( 9666): Assembly Plugin.DeviceInfo[0xe1e988c0] added to domain RootDomain, ref_count=1
D/Mono    ( 9666): AOT module 'Plugin.DeviceInfo.dll.so' not found: dlopen failed: library "/data/app/com.careerbuilder.SugarDrone-1/lib/arm/libaot-Plugin.DeviceInfo.dll.so" not found
D/Mono    ( 9666): AOT module '/Users/builder/data/lanes/4009/3a62f1ea/source/monodroid/builds/install/mono-armv6/lib/mono/aot-cache/arm/Plugin.DeviceInfo.dll.so' not found: dlopen failed: library "/data/app/com.careerbuilder.SugarDrone-1/lib/arm/libaot-Plugin.DeviceInfo.dll.so" not found
D/Mono    ( 9666): Config attempting to parse: 'Plugin.DeviceInfo.dll.config'.
D/Mono    ( 9666): Config attempting to parse: '/Users/builder/data/lanes/4009/3a62f1ea/source/monodroid/builds/install/mono-armv6/etc/mono/assemblies/Plugin.DeviceInfo/Plugin.DeviceInfo.config'.
D/Mono    ( 9666): Image addref Plugin.DeviceInfo.Abstractions[0xe1e98920] -> Plugin.DeviceInfo.Abstractions.dll[0xe1ebee00]: 2
D/Mono    ( 9666): Prepared to set up assembly 'Plugin.DeviceInfo.Abstractions' (Plugin.DeviceInfo.Abstractions.dll)
