<![CDATA[D/WVCdm   (  515): Instantiating CDM.
I/WVCdm   (  515): CdmEngine::OpenSession
I/WVCdm   (  515): Level3 Library 4445 Mar 30 2016 13:23:54
D/DrmWidevineDash(  515): OEMCrypto_Initialize: starts! g_qsee_apps_version = 0x32
D/DrmWidevineDash(  515): Service_Initialize: starts!
D/QSEECOMAPI: (  515): QSEECom_get_handle sb_length = 0x19000
D/QSEECOMAPI: (  515): App is not loaded in QSEE
D/QSEECOMAPI: (  515): Loaded image: APP id = 7
D/DrmWidevineDash(  515): Service_Initialize: ends! returns 0
D/DrmWidevineDash(  515): Service_Initialize: function time: 54ms (0s 54683286ns)
D/QSAPPSVER(  515): qsapps_get_capabilities: Capability from secure side: 0x0
D/QSAPPSVER(  515): qsapps_get_capabilities: returns 0
D/DrmWidevineDash(  515): OEMCrypto_Initialize sion_buffer g_wv_fhandle->ion_sbuffer  0x0xf078e000
E/DrmWidevineDash(  515): sion_buffer g_wv_fhandle->ion_sbuffer  0x0xf078e000
D/DrmLibTime(  355): got the req here! ret=0
D/DrmLibTime(  355): command id, time_cmd_id = 770
D/DrmLibTime(  355): time_getutcsec starts!
D/DrmLibTime(  355): QSEE Time Listener: time_getutcsec
D/DrmLibTime(  355): QSEE Time Listener: get_utc_seconds
D/DrmLibTime(  355): QSEE Time Listener: time_get_modem_time
D/DrmLibTime(  355): QSEE Time Listener: Checking if ATS_MODEM is set or not.
D/QC-time-services(  355): Lib:time_genoff_operation: pargs->base = 13
D/QC-time-services(  355): Lib:time_genoff_operation: pargs->operation = 2
D/QC-time-services(  355): Lib:time_genoff_operation: pargs->ts_val = 0
D/QC-time-services(  355): Lib:time_genoff_operation: Send to server  passed!!
D/QC-time-services(  523): Daemon: Connection accepted:time_genoff
D/QC-time-services(  523): Daemon:Received base = 13, unit = 1, operation = 2,value = 0
D/QC-time-services(  523): Daemon:genoff_opr: Base = 13, val = 0, operation = 2
D/QC-time-services(  523): offset is: 0 for base: 13
E/QC-time-services(  355): Receive Passed == base = 13, unit = 1, operation = 2, result = 0
D/DrmLibTime(  355): QSEE Time Listener: ATS_MODEM is not set. Fallback to Android system time.
D/DrmLibTime(  355): QSEE Time Listener: Retrieved Android system time: 1489676145
D/DrmLibTime(  355): time_getutcsec returns 0, sec = 1489676145; nsec = 0
D/DrmLibTime(  355): time_getutcsec finished! 
D/DrmLibTime(  355): iotcl_continue_command finished! and return 0 
D/DrmLibTime(  355): before calling ioctl to read the next time_cmd
E/QC-time-services(  523): Daemon: Time-services: Waiting to acceptconnection
D/DrmWidevineDash(  515): OEMCrypto_ION_Malloc: function time: 5ms (0s 5608021ns)
D/DrmWidevineDash(  515): OEMCrypto_Initialize: ends! returns 0
D/DrmWidevineDash(  515): _oecc01: function time: 66ms (0s 66340528ns)
D/DrmWidevineDash(  515): OEMCrypto_APIVersion: starts!
D/DrmWidevineDash(  515): hlos api version =  11
D/DrmWidevineDash(  515): tz api version =  11
D/DrmWidevineDash(  515): OEMCrypto_APIVersion: ends! returns version 11
D/DrmWidevineDash(  515): _oecc22: function time: 1ms (0s 1995625ns)
D/DrmWidevineDash(  515): OEMCrypto_IsKeyboxValid: starts!
D/DrmWidevineDash(  515): OEMCrypto_IsKeyboxValid: ends! returns 0
D/DrmWidevineDash(  515): _oecc05: function time: 23ms (0s 23691357ns)
D/WVCdm   (  515): OEMCrypto_Initialize Level 1 success. I will use level 1.
D/DrmWidevineDash(  515): OEMCrypto_OpenSession: starts! SID=0xef27f3ec
D/DrmWidevineDash(  515): OEMCrypto_OpenSession Session ID = 0
D/DrmWidevineDash(  515): OEMCrypto_OpenSession SID = 1
D/DrmWidevineDash(  515): OEMCrypto_OpenSession: ends! returns 0
D/DrmWidevineDash(  515): _oecc09: function time: 0ms (0s 548386ns)
D/DrmWidevineDash(  515): _oecc06: function time: 0ms (0s 855573ns)
D/DrmWidevineDash(  515): OEMCrypto_LoadDeviceRSAKey: starts! SID=1, wrapped_rsa_key=0xef4cc800, wrapped_rsa_key_length=1280
D/DrmWidevineDash(  515): OEMCrypto_LoadDeviceRSAKey: ends! returns 0
D/DrmWidevineDash(  515): _oecc19: function time: 3ms (0s 3841354ns)
D/DrmWidevineDash(  515): _oecc06: function time: 0ms (0s 903125ns)
I/WVCdm   (  515): CdmEngine::QueryKeyControlInfo
I/WVCdm   (  515): CdmEngine::GenerateKeyRequest
D/DrmWidevineDash(  515): OEMCrypto_GetDeviceID: starts! deviceID=0xef963b40, idLength=0xff83554c
D/DrmWidevineDash(  515): OEMCrypto_GetDeviceID: ends! returns 0
D/DrmWidevineDash(  515): _oecc07: function time: 20ms (0s 20891252ns)
D/DrmWidevineDash(  515): OEMCrypto_Security_Patch_Level: starts!
E/DrmWidevineDash(  515): tz api security patch level =  0
D/DrmWidevineDash(  515): OEMCrypto_Security_Patch_Level: ends! returns level 0
D/DrmWidevineDash(  515): _oecc46: function time: 0ms (0s 511302ns)
D/DrmWidevineDash(  515): OEMCrypto_SupportsUsageTable: starts!
D/DrmWidevineDash(  515): OEMCrypto_SupportsUsageTable: is_supported = 1
D/DrmWidevineDash(  515): OEMCrypto_SupportsUsageTable: wv_app_version =0x34
D/DrmWidevineDash(  515): OEMCrypto_SupportsUsageTable: ends! returns 0
D/DrmWidevineDash(  515): _oecc29: function time: 0ms (0s 787552ns)
D/DrmWidevineDash(  515): OEMCrypto_IsAntiRollbackHwPresent: starts!
D/DrmWidevineDash(  515): OEMCrypto_IsAntiRollbackHwPresent ends! ret=0, is_antirb_enabled = 1
D/DrmWidevineDash(  515): _oecc39: function time: 1ms (0s 1513177ns)
D/DrmWidevineDash(  515): OEMCrypto_APIVersion: starts!
D/DrmWidevineDash(  515): hlos api version =  11
D/DrmWidevineDash(  515): tz api version =  11
D/DrmWidevineDash(  515): OEMCrypto_APIVersion: ends! returns version 11
D/DrmWidevineDash(  515): _oecc22: function time: 0ms (0s 596979ns)
D/DrmWidevineDash(  515): OEMCrypto_GetHDCPCapability starts!
D/DrmWidevineDash(  515): OEMCrypto_GetHDCPCapability current=255, max=4
D/DrmWidevineDash(  515): OEMCrypto_GetHDCPCapability ends! ret = 0
D/DrmWidevineDash(  515): _oecc44: function time: 0ms (0s 510469ns)
D/DrmWidevineDash(  515): OEMCrypto_GenerateNonce: starts! SID=1, nonce=0xff835734
D/DrmWidevineDash(  515): OEMCrypto_GenerateNonce: ends! returns 0
D/DrmWidevineDash(  515): _oecc14: function time: 0ms (0s 628750ns)
D/WVCdm   (  515): PrepareKeyRequest: nonce=1642693167
D/DrmWidevineDash(  515): OEMCrypto_GenerateRSASignature starts! SID=1, message=0xef4e3700
D/DrmWidevineDash(  515): message_length=1666, signature=0xef939000, signature_length=0xff8356d4
D/DrmWidevineDash(  515): OEMCrypto_GenerateRSASignature returns 0
D/DrmWidevineDash(  515): _oecc36: function time: 136ms (0s 136387514ns)
I/WVCdm   (  515): CdmEngine::CloseSession
D/DrmWidevineDash(  515): OEMCrypto_CloseSession: starts! SID=1
D/DrmWidevineDash(  515): OEMCrypto_CloseSession: ends! returns 0
D/DrmWidevineDash(  515): _oecc10: function time: 2ms (0s 2297604ns)
D/DrmWidevineDash(  515): OEMCrypto_Terminate: starts!
D/DrmWidevineDash(  515): Service_Uninitialize: starts!
D/QSEECOMAPI: (  515): QSEECom_dealloc_memory 
D/QSEECOMAPI: (  515): QSEECom_shutdown_app, app_id = 7
D/DrmWidevineDash(  515): Service_Uninitialize: ends! returns 0x0
D/DrmWidevineDash(  515): Service_Uninitialize: function time: 6ms (0s 6286719ns)
D/DrmWidevineDash(  515): OEMCrypto_ION_Free: function time: 2ms (0s 2424219ns)
D/DrmWidevineDash(  515): OEMCrypto_Terminate: ends! returns 0
D/DrmWidevineDash(  515): _oecc02: function time: 10ms (0s 10825209ns)
W/Binder:7316_2( 7328): type=1400 audit(0.0:78): avc: denied { read } for name="/" dev="tmpfs" ino=10829 scontext=u:r:priv_app:s0:c512,c768 tcontext=u:object_r:device:s0 tclass=dir permissive=0
I/Adreno  ( 7316): QUALCOMM build                   : 74df444, I409c65498b
I/Adreno  ( 7316): Build Date                       : 06/22/16
I/Adreno  ( 7316): OpenGL ES Shader Compiler Version: XE031.08.00.02
I/Adreno  ( 7316): Local Branch                     : N16
I/Adreno  ( 7316): Remote Branch                    : 
I/Adreno  ( 7316): Remote Branch                    : 
I/Adreno  ( 7316): Reconstruct Branch               : 
I/Adreno  ( 7316): QUALCOMM build                   : 74df444, I409c65498b
I/Adreno  ( 7316): Build Date                       : 06/22/16
I/Adreno  ( 7316): OpenGL ES Shader Compiler Version: XE031.08.00.02
I/Adreno  ( 7316): Local Branch                     : N16
I/Adreno  ( 7316): Remote Branch                    : 
I/Adreno  ( 7316): Remote Branch                    : 
I/Adreno  ( 7316): Reconstruct Branch               : 
I/MS_ScheduledTaskService( 4329): Executing task with tag:gms:matchstick:register
W/IntentService[D( 7842): type=1400 audit(0.0:79): avc: denied { read } for name="/" dev="tmpfs" ino=10829 scontext=u:r:priv_app:s0:c512,c768 tcontext=u:object_r:device:s0 tclass=dir permissive=0
I/MS_RegisterService( 4329): RegisterService intent:Intent { act=com.google.android.gms.matchstick.register_intent_action cat=[targeted_intent_op_prefix:com.google.android.libraries.matchstick.net.SilentRegisterIntentOperation] cmp=com.google.android.gms/.chimera.GmsIntentOperationService } isPeriodic:false
I/MS_PhoneUtils( 4329): Phone type: 1
I/MS_RegisterService( 4329): Doing full registration.

]]><xtc-scenario name="[0-1026]CareerBuilder_Search.DroidFeatureTests.JDPTests.LocationButtonShouldBeVisible" id="[0-1026]CareerBuilder_Search.DroidFeatureTests.JDPTests.LocationButtonShouldBeVisible"><![CDATA[
I/MS_RegisterService( 4329): Throttling registration.
W/InstanceID/Rpc( 7316): Found 10018

]]><xtc-step name="[0-1026]CareerBuilder_Search.DroidFeatureTests.JDPTests.LocationButtonShouldBeVisible-LocationButtonShouldBeVisible" id="[0-1026]CareerBuilder_Search.DroidFeatureTests.JDPTests.LocationButtonShouldBeVisible-LocationButtonShouldBeVisible"><![CDATA[
D/AndroidRuntime( 7960): >>>>>> START com.android.internal.os.RuntimeInit uid 2000 <<<<<<
D/AndroidRuntime( 7960): CheckJNI is OFF
D/ICU     ( 7960): No timezone override file found: /data/misc/zoneinfo/current/icu/icu_tzdata.dat
I/Radio-JNI( 7960): register_android_hardware_Radio DONE
D/AndroidRuntime( 7960): Calling main entry com.android.commands.pm.Pm
W/MessageQueue( 7960): Handler (android.os.Handler) {aa6b07d} sending message to a Handler on a dead thread
W/MessageQueue( 7960): java.lang.IllegalStateException: Handler (android.os.Handler) {aa6b07d} sending message to a Handler on a dead thread
W/MessageQueue( 7960): 	at android.os.MessageQueue.enqueueMessage(MessageQueue.java:543)
W/MessageQueue( 7960): 	at android.os.Handler.enqueueMessage(Handler.java:643)
W/MessageQueue( 7960): 	at android.os.Handler.sendMessageAtTime(Handler.java:612)
W/MessageQueue( 7960): 	at android.os.Handler.sendMessageDelayed(Handler.java:582)
W/MessageQueue( 7960): 	at android.os.Handler.post(Handler.java:338)
W/MessageQueue( 7960): 	at android.os.ResultReceiver$MyResultReceiver.send(ResultReceiver.java:57)
W/MessageQueue( 7960): 	at com.android.internal.os.IResultReceiver$Stub.onTransact(IResultReceiver.java:58)
W/MessageQueue( 7960): 	at android.os.Binder.execTransact(Binder.java:565)
I/art     ( 7960): System.exit called, status: 0
I/AndroidRuntime( 7960): VM exiting with result code 0.
D/AndroidRuntime( 8089): >>>>>> START com.android.internal.os.RuntimeInit uid 2000 <<<<<<
D/AndroidRuntime( 8089): CheckJNI is OFF
D/ICU     ( 8089): No timezone override file found: /data/misc/zoneinfo/current/icu/icu_tzdata.dat
I/Radio-JNI( 8089): register_android_hardware_Radio DONE
D/AndroidRuntime( 8089): Calling main entry com.android.commands.am.Am
W/ActivityManager(  882): Invalid packageName: com.careerbuilder.SugarDrone
D/AndroidRuntime( 8089): Shutting down VM
I/ActivityManager(  882): Killing 5669:com.android.musicfx/u0a29 (adj 906): empty #17
I/ActivityManager(  882): Killing 6819:com.google.process.gapps/u0a56 (adj 906): empty #18
I/ActivityManager(  882): Killing 5687:com.google.android.apps.docs/u0a52 (adj 906): empty #17
D/AndroidRuntime( 8547): >>>>>> START com.android.internal.os.RuntimeInit uid 2000 <<<<<<
D/AndroidRuntime( 8547): CheckJNI is OFF
D/ICU     ( 8547): No timezone override file found: /data/misc/zoneinfo/current/icu/icu_tzdata.dat
I/Radio-JNI( 8547): register_android_hardware_Radio DONE
D/AndroidRuntime( 8547): Calling main entry com.android.commands.pm.Pm
I/        (  512): free_cache(71725114) avail 10790420480
I/PackageManager.DexOptimizer(  882): Running dexopt (dex2oat) on: /data/app/vmdl907570841.tmp/base.apk pkg=com.careerbuilder.SugarDrone isa=arm vmSafeMode=false debuggable=true target-filter=interpret-only oatDir = /data/app/vmdl907570841.tmp/oat sharedLibraries=null
I/dex2oat ( 8600): /system/bin/dex2oat --compiler-filter=interpret-only -j4 --debuggable
W/dex2oat ( 8600): Before Android 4.1, method android.graphics.PorterDuffColorFilter android.support.graphics.drawable.VectorDrawableCompat.updateTintFilter(android.graphics.PorterDuffColorFilter, android.content.res.ColorStateList, android.graphics.PorterDuff$Mode) would have incorrectly overridden the package-private method in android.graphics.drawable.Drawable
W/dex2oat ( 8600): Before Android 4.1, method int android.support.v7.widget.ListViewCompat.lookForSelectablePosition(int, boolean) would have incorrectly overridden the package-private method in android.widget.ListView
I/dex2oat ( 8600): dex2oat took 1.984s (threads: 4) arena alloc=7KB (7480B) java alloc=4MB (5057960B) native alloc=6MB (7314240B) free=2MB (2122944B)
W/PackageManager(  882): Not granting permission android.permission.MANAGE_DOCUMENTS to package com.careerbuilder.SugarDrone (protectionLevel=2 flags=0x3808be46)
W/PackageManager(  882): Not granting permission android.permission.MOUNT_UNMOUNT_FILESYSTEMS to package com.careerbuilder.SugarDrone (protectionLevel=18 flags=0x3808be46)
V/BackupManagerService(  882): restoreAtInstall pkg=com.careerbuilder.SugarDrone token=5 restoreSet=0
V/BackupManagerService(  882): Finishing install immediately
I/art     (  882): Starting a blocking GC Explicit
I/art     (  882): Explicit concurrent mark sweep GC freed 95812(5MB) AllocSpace objects, 12(512KB) LOS objects, 33% free, 15MB/23MB, paused 1.589ms total 101.737ms
E/        (  512): Couldn't opendir /data/app/vmdl907570841.tmp: No such file or directory
D/PackageInstaller(  882): Ignoring abandon after commit relinquished control
I/art     ( 8547): System.exit called, status: 0
I/AndroidRuntime( 8547): VM exiting with result code 0.
I/ActivityManager(  882): Start proc 8647:com.android.musicfx/u0a29 for broadcast com.android.musicfx/.Compatibility$Receiver
W/ActivityManager(  882): Permission Denial: Accessing service ComponentInfo{com.google.android.music/com.google.android.music.dial.DialMediaRouteProviderService} from pid=5229, uid=10085 that is not exported from uid 10071
I/InputReader(  882): Reconfiguring input devices.  changes=0x00000010
D/CarrierSvcBindHelper( 3138): No carrier app for: 0
D/CarrierConfigLoader( 3138): mHandler: 9 phoneId: 0
D/RegisteredNfcFServicesCache( 4074): Service unchanged, not updating
W/System  ( 8647): ClassLoader referenced unknown path: /system/priv-app/MusicFX/lib/arm64
I/ActivityManager(  882): Start proc 8667:com.android.vending/u0a30 for broadcast com.android.vending/com.google.android.finsky.receivers.PackageMonitorReceiver$RegisteredReceiver
W/System  ( 8667): ClassLoader referenced unknown path: /system/priv-app/Phonesky/lib/arm64
W/Finsky  ( 8667): [1] com.google.android.finsky.FinskyApp.i(1468): No account configured on this device.
W/Finsky  ( 8667): [1] com.google.android.finsky.FinskyApp.i(1468): No account configured on this device.
W/Finsky  ( 8667): [1] com.google.android.finsky.FinskyApp.i(1468): No account configured on this device.
W/Finsky  ( 8667): [1] com.google.android.finsky.FinskyApp.i(1468): No account configured on this device.
I/Finsky  ( 8667): [1] com.google.android.finsky.FinskyApp.onCreate(430): Initializing network with DFE https://android.clients.google.com/fdfe/
W/Finsky  ( 8667): [1] com.google.android.finsky.FinskyApp.i(1468): No account configured on this device.
W/Finsky  ( 8667): [1] com.google.android.finsky.FinskyApp.i(1468): No account configured on this device.
W/Finsky  ( 8667): [1] com.google.android.finsky.FinskyApp.i(1468): No account configured on this device.
W/Finsky  ( 8667): [1] com.google.android.finsky.FinskyApp.i(1468): No account configured on this device.
W/Finsky  ( 8667): [1] com.google.android.finsky.FinskyApp.i(1468): No account configured on this device.
W/Finsky  ( 8667): [1] com.google.android.finsky.FinskyApp.i(1468): No account configured on this device.
W/Finsky  ( 8667): [1] com.google.android.finsky.FinskyApp.i(1468): No account configured on this device.
W/Finsky  ( 8667): [1] com.google.android.finsky.FinskyApp.i(1468): No account configured on this device.
W/Finsky  ( 8667): [1] com.google.android.finsky.FinskyApp.i(1468): No account configured on this device.
I/Finsky  ( 8667): [1] com.google.android.finsky.services.DailyHygiene.a(171): No need to run daily hygiene.
W/Finsky  ( 8667): [1] com.google.android.finsky.FinskyApp.i(1468): No account configured on this device.
W/Settings( 8667): Setting download_manager_max_bytes_over_mobile has moved from android.provider.Settings.Secure to android.provider.Settings.Global.
W/Settings( 8667): Setting download_manager_recommended_max_bytes_over_mobile has moved from android.provider.Settings.Secure to android.provider.Settings.Global.
W/Finsky  ( 8667): [1] com.google.android.finsky.FinskyApp.i(1468): No account configured on this device.
W/Finsky  ( 8667): [1] com.google.android.finsky.FinskyApp.i(1468): No account configured on this device.
W/Finsky  ( 8667): [1] com.google.android.finsky.FinskyApp.i(1468): No account configured on this device.
W/Finsky  ( 8667): [1] com.google.android.finsky.FinskyApp.i(1468): No account configured on this device.
W/Finsky  ( 8667): [1] com.google.android.finsky.FinskyApp.i(1468): No account configured on this device.
W/Finsky  ( 8667): [1] com.google.android.finsky.FinskyApp.b(1150): No account configured on this device.
W/Finsky  ( 8667): [1] com.google.android.finsky.FinskyApp.i(1468): No account configured on this device.
W/Finsky  ( 8667): [380] com.google.android.finsky.FinskyApp.i(1468): No account configured on this device.
I/ActivityManager(  882): Start proc 8725:com.google.android.apps.docs/u0a52 for broadcast com.google.android.apps.docs/.receivers.AppPackageAddRemoveReceiver
I/Finsky  ( 8667): [1] com.google.android.finsky.receivers.j.a(1226): Installer kick - no action, not running yet
I/Finsky  ( 8667): [1] com.google.android.finsky.utils.PermissionPolicies$PermissionPolicyService.onStartCommand(117): post-install permissions check for com.careerbuilder.SugarDrone
D/AndroidRuntime( 8684): >>>>>> START com.android.internal.os.RuntimeInit uid 2000 <<<<<<
W/Finsky  ( 8667): [1] com.google.android.finsky.FinskyApp.i(1468): No account configured on this device.
D/AndroidRuntime( 8684): CheckJNI is OFF
I/Finsky  ( 8667): [1] com.google.android.finsky.utils.bh.run(2302): Package state data is missing for com.careerbuilder.SugarDrone
W/Finsky  ( 8667): [1] com.google.android.finsky.FinskyApp.i(1468): No account configured on this device.
W/System  ( 8725): ClassLoader referenced unknown path: /system/app/Drive/lib/arm64
I/Finsky  ( 8667): [1] com.google.android.finsky.c.l.a(270): result=false type=4
D/ICU     ( 8684): No timezone override file found: /data/misc/zoneinfo/current/icu/icu_tzdata.dat
I/Finsky  ( 8667): [1] com.google.android.finsky.services.bc.a(1050): Restore complete with 0 success and 0 failed.
I/Radio-JNI( 8684): register_android_hardware_Radio DONE
D/AndroidRuntime( 8684): Calling main entry com.android.commands.settings.SettingsCmd
D/AndroidRuntime( 8684): Shutting down VM
W/Finsky  ( 8667): [380] com.google.android.finsky.FinskyApp.i(1468): No account configured on this device.
I/GAv4    ( 8725): Google Analytics 8.4.87 is starting up. To enable debug logging on a device run:
I/GAv4    ( 8725):   adb shell setprop log.tag.GAv4 DEBUG
I/GAv4    ( 8725):   adb logcat -s GAv4
W/GAv4    ( 8725): AnalyticsReceiver is not registered or is disabled. Register the receiver for reliable dispatching on non-Google Play devices. See http://goo.gl/8Rd3yj for instructions.
W/GAv4    ( 8725): CampaignTrackingReceiver is not registered, not exported or is disabled. Installation campaign tracking is not possible. See http://goo.gl/8Rd3yj for instructions.
W/GAv4    ( 8725): AnalyticsService not registered in the app manifest. Hits might not be delivered reliably. See http://goo.gl/8Rd3yj for instructions.
I/ActivityManager(  882): Killing 5754:com.google.android.partnersetup/u0a25 (adj 906): empty #17
E/JavaBinder(  882): !!! FAILED BINDER TRANSACTION !!!  (parcel size = 2380)
W/BroadcastQueue(  882): Exception when sending broadcast to ComponentInfo{com.google.android.partnersetup/com.google.android.partnersetup.RlzPingBroadcastReceiver}
W/BroadcastQueue(  882): android.os.DeadObjectException: Transaction failed on small parcel; remote process probably died
W/BroadcastQueue(  882): 	at android.os.BinderProxy.transactNative(Native Method)
W/BroadcastQueue(  882): 	at android.os.BinderProxy.transact(Binder.java:615)
W/BroadcastQueue(  882): 	at android.app.ApplicationThreadProxy.scheduleReceiver(ApplicationThreadNative.java:949)
W/BroadcastQueue(  882): 	at com.android.server.am.BroadcastQueue.processCurBroadcastLocked(BroadcastQueue.java:283)
W/BroadcastQueue(  882): 	at com.android.server.am.BroadcastQueue.processNextBroadcast(BroadcastQueue.java:1216)
W/BroadcastQueue(  882): 	at com.android.server.am.ActivityManagerService.finishReceiver(ActivityManagerService.java:18360)
W/BroadcastQueue(  882): 	at android.app.ActivityManagerNative.onTransact(ActivityManagerNative.java:528)
W/BroadcastQueue(  882): 	at com.android.server.am.ActivityManagerService.onTransact(ActivityManagerService.java:2755)
W/BroadcastQueue(  882): 	at android.os.Binder.execTransact(Binder.java:565)
I/ActivityManager(  882): Start proc 8779:com.google.android.partnersetup/u0a25 for broadcast com.google.android.partnersetup/.RlzPingBroadcastReceiver
I/UpdateIcingCorporaServi( 5735): Updating corpora: APPS=com.careerbuilder.SugarDrone, CONTACTS=MAYBE
W/libprocessgroup(  882): failed to open /acct/uid_10025/pid_5754/cgroup.procs: No such file or directory
W/System  ( 8779): ClassLoader referenced unknown path: /system/priv-app/GooglePartnerSetup/lib/arm64
D/Wear_Controller( 4329): Received broadcast action=android.intent.action.PACKAGE_ADDED and uri=com.careerbuilder.SugarDrone
I/PeopleContactsSync( 4329): triggerPendingContactsCleanup: no accounts
W/IcingInternalCorpora( 4329): getNumBytesRead when not calculated.
D/AndroidRuntime( 8755): >>>>>> START com.android.internal.os.RuntimeInit uid 2000 <<<<<<
D/AndroidRuntime( 8755): CheckJNI is OFF
D/ICU     ( 8755): No timezone override file found: /data/misc/zoneinfo/current/icu/icu_tzdata.dat
I/UpdateIcingCorporaServi( 5735): UpdateCorporaTask done [took 381 ms] updated apps [took 381 ms] 
I/Radio-JNI( 8755): register_android_hardware_Radio DONE
D/AndroidRuntime( 8755): Calling main entry com.android.commands.settings.SettingsCmd
I/Icing   ( 4329): Usage reports 0 indexed 0 rejected 0 imm upload false
D/AndroidRuntime( 8755): Shutting down VM
I/Icing   ( 4329): Usage reports 0 indexed 0 rejected 0 imm upload true
I/Icing   ( 4329): Usage reports 0 indexed 0 rejected 0 imm upload false
D/AndroidRuntime( 8819): >>>>>> START com.android.internal.os.RuntimeInit uid 2000 <<<<<<
D/AndroidRuntime( 8819): CheckJNI is OFF
D/ICU     ( 8819): No timezone override file found: /data/misc/zoneinfo/current/icu/icu_tzdata.dat
I/Radio-JNI( 8819): register_android_hardware_Radio DONE
D/AndroidRuntime( 8819): Calling main entry com.android.commands.settings.SettingsCmd
D/AndroidRuntime( 8819): Shutting down VM
I/Icing   ( 4329): Indexing C2CE3B9D8B360B0C5A25C2BEF223F6CB5449AD6A from com.google.android.googlequicksearchbox
I/Icing   ( 4329): Indexing done C2CE3B9D8B360B0C5A25C2BEF223F6CB5449AD6A
I/Icing   ( 4329): Indexing AB6E3D00885C5CBD00E6A1959F599F05594069D7 from com.google.android.gms
I/Icing   ( 4329): Indexing done AB6E3D00885C5CBD00E6A1959F599F05594069D7
D/AndroidRuntime( 8845): >>>>>> START com.android.internal.os.RuntimeInit uid 2000 <<<<<<
D/AndroidRuntime( 8845): CheckJNI is OFF
D/ICU     ( 8845): No timezone override file found: /data/misc/zoneinfo/current/icu/icu_tzdata.dat
I/Radio-JNI( 8845): register_android_hardware_Radio DONE
D/AndroidRuntime( 8845): Calling main entry com.android.commands.settings.SettingsCmd
D/AndroidRuntime( 8845): Shutting down VM
D/AndroidRuntime( 8869): >>>>>> START com.android.internal.os.RuntimeInit uid 2000 <<<<<<
D/AndroidRuntime( 8869): CheckJNI is OFF
D/ICU     ( 8869): No timezone override file found: /data/misc/zoneinfo/current/icu/icu_tzdata.dat
I/Radio-JNI( 8869): register_android_hardware_Radio DONE
D/AndroidRuntime( 8869): Calling main entry com.android.commands.settings.SettingsCmd
D/AndroidRuntime( 8869): Shutting down VM
D/AndroidRuntime( 8902): >>>>>> START com.android.internal.os.RuntimeInit uid 2000 <<<<<<
D/AndroidRuntime( 8902): CheckJNI is OFF
D/ICU     ( 8902): No timezone override file found: /data/misc/zoneinfo/current/icu/icu_tzdata.dat
I/Radio-JNI( 8902): register_android_hardware_Radio DONE
D/AndroidRuntime( 8902): Calling main entry com.android.commands.pm.Pm
W/MessageQueue( 8902): Handler (android.os.Handler) {ebdd2bc} sending message to a Handler on a dead thread
W/MessageQueue( 8902): java.lang.IllegalStateException: Handler (android.os.Handler) {ebdd2bc} sending message to a Handler on a dead thread
W/MessageQueue( 8902): 	at android.os.MessageQueue.enqueueMessage(MessageQueue.java:543)
W/MessageQueue( 8902): 	at android.os.Handler.enqueueMessage(Handler.java:643)
W/MessageQueue( 8902): 	at android.os.Handler.sendMessageAtTime(Handler.java:612)
W/MessageQueue( 8902): 	at android.os.Handler.sendMessageDelayed(Handler.java:582)
W/MessageQueue( 8902): 	at android.os.Handler.post(Handler.java:338)
W/MessageQueue( 8902): 	at android.os.ResultReceiver$MyResultReceiver.send(ResultReceiver.java:57)
W/MessageQueue( 8902): 	at com.android.internal.os.IResultReceiver$Stub.onTransact(IResultReceiver.java:58)
W/MessageQueue( 8902): 	at android.os.Binder.execTransact(Binder.java:565)
I/art     ( 8902): System.exit called, status: 0
I/AndroidRuntime( 8902): VM exiting with result code 0.
D/AndroidRuntime( 8960): >>>>>> START com.android.internal.os.RuntimeInit uid 2000 <<<<<<
D/AndroidRuntime( 8960): CheckJNI is OFF
D/ICU     ( 8960): No timezone override file found: /data/misc/zoneinfo/current/icu/icu_tzdata.dat
I/Radio-JNI( 8960): register_android_hardware_Radio DONE
D/AndroidRuntime( 8960): Calling main entry com.android.commands.pm.Pm
W/MessageQueue( 8960): Handler (android.os.Handler) {1a1ab73} sending message to a Handler on a dead thread
W/MessageQueue( 8960): java.lang.IllegalStateException: Handler (android.os.Handler) {1a1ab73} sending message to a Handler on a dead thread
W/MessageQueue( 8960): 	at android.os.MessageQueue.enqueueMessage(MessageQueue.java:543)
W/MessageQueue( 8960): 	at android.os.Handler.enqueueMessage(Handler.java:643)
W/MessageQueue( 8960): 	at android.os.Handler.sendMessageAtTime(Handler.java:612)
W/MessageQueue( 8960): 	at android.os.Handler.sendMessageDelayed(Handler.java:582)
W/MessageQueue( 8960): 	at android.os.Handler.post(Handler.java:338)
W/MessageQueue( 8960): 	at android.os.ResultReceiver$MyResultReceiver.send(ResultReceiver.java:57)
W/MessageQueue( 8960): 	at com.android.internal.os.IResultReceiver$Stub.onTransact(IResultReceiver.java:58)
W/MessageQueue( 8960): 	at android.os.Binder.execTransact(Binder.java:565)
I/art     ( 8960): System.exit called, status: 0
I/AndroidRuntime( 8960): VM exiting with result code 0.
D/AndroidRuntime( 9046): >>>>>> START com.android.internal.os.RuntimeInit uid 2000 <<<<<<
D/AndroidRuntime( 9046): CheckJNI is OFF
D/ICU     ( 9046): No timezone override file found: /data/misc/zoneinfo/current/icu/icu_tzdata.dat
I/Radio-JNI( 9046): register_android_hardware_Radio DONE
D/AndroidRuntime( 9046): Calling main entry com.android.commands.am.Am
W/ActivityManager(  882): Invalid packageName: com.careerbuilder.SugarDrone.test
D/AndroidRuntime( 9046): Shutting down VM
I/rmt_storage(  396): rmt_storage_connect_cb: clnt_h=0xc conn_h=0x76b1a2a000
I/rmt_storage(  396): rmt_storage_rw_iovec_cb: /boot/modem_fs1: clnt_h=0xc: req_h=0xc msg_id=3: R/W request received
I/rmt_storage(  396): wakelock acquired: 1, error no: 42
I/rmt_storage(  396): rmt_storage_client_thread: /boot/modem_fs1: clnt_h=0xc Unblock worker thread (th_id: 509784618064)
I/rmt_storage(  396): rmt_storage_client_thread: /boot/modem_fs1: clnt_h=0xc: req_h=0xc msg_id=3: Bytes written = 1572864
I/rmt_storage(  396): rmt_storage_client_thread: /boot/modem_fs1: clnt_h=0xc: req_h=0xc msg_id=3: Send response: res=0 err=0
I/rmt_storage(  396): rmt_storage_client_thread: /boot/modem_fs1: clnt_h=0xc About to block rmt_storage client thread (th_id: 509784618064) wakelock released: 1, error no: 22
I/rmt_storage(  396): 
I/rmt_storage(  396): rmt_storage_disconnect_cb: clnt_h=0xc conn_h=0x76b1a2a000
D/AndroidRuntime( 9078): >>>>>> START com.android.internal.os.RuntimeInit uid 2000 <<<<<<
D/AndroidRuntime( 9078): CheckJNI is OFF
D/ICU     ( 9078): No timezone override file found: /data/misc/zoneinfo/current/icu/icu_tzdata.dat
I/Radio-JNI( 9078): register_android_hardware_Radio DONE
D/AndroidRuntime( 9078): Calling main entry com.android.commands.pm.Pm
I/        (  512): free_cache(609973) avail 10778497024
I/PackageManager.DexOptimizer(  882): Running dexopt (dex2oat) on: /data/app/vmdl1823601956.tmp/base.apk pkg=com.careerbuilder.SugarDrone.test isa=arm64 vmSafeMode=false debuggable=false target-filter=interpret-only oatDir = /data/app/vmdl1823601956.tmp/oat sharedLibraries=/system/framework/android.test.runner.jar:/system/framework/com.google.android.maps.jar
I/dex2oat ( 9105): /system/bin/dex2oat --compiler-filter=interpret-only -j4
I/dex2oat ( 9105): dex2oat took 615.072ms (threads: 4) arena alloc=60KB (61952B) java alloc=2MB (2256760B) native alloc=2MB (2694432B) free=1976KB (2024160B)
W/PackageManager(  882): Not granting permission android.permission.ACCESS_MOCK_LOCATION to package com.careerbuilder.SugarDrone.test (protectionLevel=2 flags=0x1800be44)
V/BackupManagerService(  882): restoreAtInstall pkg=com.careerbuilder.SugarDrone.test token=6 restoreSet=0
V/BackupManagerService(  882): Finishing install immediately
I/art     (  882): Starting a blocking GC Explicit
I/art     (  882): Explicit concurrent mark sweep GC freed 34591(1989KB) AllocSpace objects, 7(140KB) LOS objects, 33% free, 15MB/23MB, paused 1.488ms total 99.041ms
E/        (  512): Couldn't opendir /data/app/vmdl1823601956.tmp: No such file or directory
I/art     ( 9078): System.exit called, status: 0
I/AndroidRuntime( 9078): VM exiting with result code 0.
W/ActivityManager(  882): Permission Denial: Accessing service ComponentInfo{com.google.android.music/com.google.android.music.dial.DialMediaRouteProviderService} from pid=5229, uid=10085 that is not exported from uid 10071
I/InputReader(  882): Reconfiguring input devices.  changes=0x00000010
D/CarrierSvcBindHelper( 3138): No carrier app for: 0
D/RegisteredNfcFServicesCache( 4074): Service unchanged, not updating
D/CarrierConfigLoader( 3138): mHandler: 9 phoneId: 0
I/Finsky  ( 8667): [1] com.google.android.finsky.utils.PermissionPolicies$PermissionPolicyService.onStartCommand(117): post-install permissions check for com.careerbuilder.SugarDrone.test
W/Finsky  ( 8667): [1] com.google.android.finsky.FinskyApp.i(1468): No account configured on this device.
I/Finsky  ( 8667): [1] com.google.android.finsky.utils.bh.run(2302): Package state data is missing for com.careerbuilder.SugarDrone.test
W/Finsky  ( 8667): [1] com.google.android.finsky.FinskyApp.i(1468): No account configured on this device.
I/UpdateIcingCorporaServi( 5735): Updating corpora: APPS=com.careerbuilder.SugarDrone.test, CONTACTS=MAYBE
D/Wear_Controller( 4329): Received broadcast action=android.intent.action.PACKAGE_ADDED and uri=com.careerbuilder.SugarDrone.test
I/UpdateIcingCorporaServi( 5735): UpdateCorporaTask done [took 75 ms] updated apps [took 75 ms] 
I/PeopleContactsSync( 4329): triggerPendingContactsCleanup: no accounts
W/IcingInternalCorpora( 4329): getNumBytesRead when not calculated.
I/Icing   ( 4329): Usage reports 0 indexed 0 rejected 0 imm upload false
I/Icing   ( 4329): Usage reports 0 indexed 0 rejected 0 imm upload false
V/JNIHelp ( 8725): Registering com/google/android/gms/org/conscrypt/NativeCrypto's 242 native methods...
D/NetworkSecurityConfig( 8725): No Network Security Config specified, using platform default
I/ProviderInstaller( 8725): Installed default security provider GmsCore_OpenSSL
D/AndroidRuntime( 9147): >>>>>> START com.android.internal.os.RuntimeInit uid 2000 <<<<<<
D/AndroidRuntime( 9147): CheckJNI is OFF
D/ICU     ( 9147): No timezone override file found: /data/misc/zoneinfo/current/icu/icu_tzdata.dat
I/Radio-JNI( 9147): register_android_hardware_Radio DONE
D/AndroidRuntime( 9147): Calling main entry com.android.commands.settings.SettingsCmd
D/AndroidRuntime( 9147): Shutting down VM
I/Icing   ( 4329): Indexing AB6E3D00885C5CBD00E6A1959F599F05594069D7 from com.google.android.gms
I/Icing   ( 4329): Indexing done AB6E3D00885C5CBD00E6A1959F599F05594069D7
D/AndroidRuntime( 9184): >>>>>> START com.android.internal.os.RuntimeInit uid 2000 <<<<<<
D/AndroidRuntime( 9184): CheckJNI is OFF
D/ICU     ( 9184): No timezone override file found: /data/misc/zoneinfo/current/icu/icu_tzdata.dat
I/Radio-JNI( 9184): register_android_hardware_Radio DONE
D/AndroidRuntime( 9184): Calling main entry com.android.commands.settings.SettingsCmd
D/AndroidRuntime( 9184): Shutting down VM
D/AndroidRuntime( 9213): >>>>>> START com.android.internal.os.RuntimeInit uid 2000 <<<<<<
D/AndroidRuntime( 9213): CheckJNI is OFF
D/ICU     ( 9213): No timezone override file found: /data/misc/zoneinfo/current/icu/icu_tzdata.dat
I/Radio-JNI( 9213): register_android_hardware_Radio DONE
D/AndroidRuntime( 9213): Calling main entry com.android.commands.settings.SettingsCmd
D/AndroidRuntime( 9213): Shutting down VM
D/AndroidRuntime( 9239): >>>>>> START com.android.internal.os.RuntimeInit uid 2000 <<<<<<
D/AndroidRuntime( 9239): CheckJNI is OFF
D/ICU     ( 9239): No timezone override file found: /data/misc/zoneinfo/current/icu/icu_tzdata.dat
I/Radio-JNI( 9239): register_android_hardware_Radio DONE
D/AndroidRuntime( 9239): Calling main entry com.android.commands.settings.SettingsCmd
D/AndroidRuntime( 9239): Shutting down VM
D/AndroidRuntime( 9263): >>>>>> START com.android.internal.os.RuntimeInit uid 2000 <<<<<<
D/AndroidRuntime( 9263): CheckJNI is OFF
D/ICU     ( 9263): No timezone override file found: /data/misc/zoneinfo/current/icu/icu_tzdata.dat
I/Radio-JNI( 9263): register_android_hardware_Radio DONE
D/AndroidRuntime( 9263): Calling main entry com.android.commands.settings.SettingsCmd
D/AndroidRuntime( 9263): Shutting down VM
D/AndroidRuntime( 9296): >>>>>> START com.android.internal.os.RuntimeInit uid 2000 <<<<<<
D/AndroidRuntime( 9296): CheckJNI is OFF
D/ICU     ( 9296): No timezone override file found: /data/misc/zoneinfo/current/icu/icu_tzdata.dat
I/Radio-JNI( 9296): register_android_hardware_Radio DONE
D/AndroidRuntime( 9296): Calling main entry com.android.commands.pm.Pm
I/art     ( 9296): System.exit called, status: 0
I/AndroidRuntime( 9296): VM exiting with result code 0.
W/MessageQueue( 9296): Handler (android.os.Handler) {5ee7dd5} sending message to a Handler on a dead thread
W/MessageQueue( 9296): java.lang.IllegalStateException: Handler (android.os.Handler) {5ee7dd5} sending message to a Handler on a dead thread
W/MessageQueue( 9296): 	at android.os.MessageQueue.enqueueMessage(MessageQueue.java:543)
W/MessageQueue( 9296): 	at android.os.Handler.enqueueMessage(Handler.java:643)
W/MessageQueue( 9296): 	at android.os.Handler.sendMessageAtTime(Handler.java:612)
W/MessageQueue( 9296): 	at android.os.Handler.sendMessageDelayed(Handler.java:582)
W/MessageQueue( 9296): 	at android.os.Handler.post(Handler.java:338)
W/MessageQueue( 9296): 	at android.os.ResultReceiver$MyResultReceiver.send(ResultReceiver.java:57)
W/MessageQueue( 9296): 	at com.android.internal.os.IResultReceiver$Stub.onTransact(IResultReceiver.java:58)
W/MessageQueue( 9296): 	at android.os.Binder.execTransact(Binder.java:565)
D/AndroidRuntime( 9353): >>>>>> START com.android.internal.os.RuntimeInit uid 2000 <<<<<<
D/AndroidRuntime( 9353): CheckJNI is OFF
D/ICU     ( 9353): No timezone override file found: /data/misc/zoneinfo/current/icu/icu_tzdata.dat
I/Radio-JNI( 9353): register_android_hardware_Radio DONE
D/AndroidRuntime( 9353): Calling main entry com.android.commands.pm.Pm
I/art     ( 9353): System.exit called, status: 0
I/AndroidRuntime( 9353): VM exiting with result code 0.
W/MessageQueue( 9353): Handler (android.os.Handler) {8d2568c} sending message to a Handler on a dead thread
W/MessageQueue( 9353): java.lang.IllegalStateException: Handler (android.os.Handler) {8d2568c} sending message to a Handler on a dead thread
W/MessageQueue( 9353): 	at android.os.MessageQueue.enqueueMessage(MessageQueue.java:543)
W/MessageQueue( 9353): 	at android.os.Handler.enqueueMessage(Handler.java:643)
W/MessageQueue( 9353): 	at android.os.Handler.sendMessageAtTime(Handler.java:612)
W/MessageQueue( 9353): 	at android.os.Handler.sendMessageDelayed(Handler.java:582)
W/MessageQueue( 9353): 	at android.os.Handler.post(Handler.java:338)
W/MessageQueue( 9353): 	at android.os.ResultReceiver$MyResultReceiver.send(ResultReceiver.java:57)
W/MessageQueue( 9353): 	at com.android.internal.os.IResultReceiver$Stub.onTransact(IResultReceiver.java:58)
W/MessageQueue( 9353): 	at android.os.Binder.execTransact(Binder.java:565)
I/ActivityManager(  882): Killing 5542:com.android.printspooler/u0a80 (adj 906): empty #17
I/ActivityManager(  882): Killing 6660:com.google.android.apps.photos/u0a74 (adj 906): empty #17
D/AndroidRuntime( 9430): >>>>>> START com.android.internal.os.RuntimeInit uid 2000 <<<<<<
D/AndroidRuntime( 9430): CheckJNI is OFF
D/ICU     ( 9430): No timezone override file found: /data/misc/zoneinfo/current/icu/icu_tzdata.dat
I/Radio-JNI( 9430): register_android_hardware_Radio DONE
D/AndroidRuntime( 9430): Calling main entry com.android.commands.input.Input
I/Input   ( 9430): injectKeyEvent: KeyEvent { action=ACTION_DOWN, keyCode=KEYCODE_BACK, scanCode=0, metaState=0, flags=0x0, repeatCount=0, eventTime=256536, downTime=256536, deviceId=-1, source=0x101 }
I/Input   ( 9430): injectKeyEvent: KeyEvent { action=ACTION_UP, keyCode=KEYCODE_BACK, scanCode=0, metaState=0, flags=0x0, repeatCount=0, eventTime=256536, downTime=256536, deviceId=-1, source=0x101 }
D/AndroidRuntime( 9430): Shutting down VM
D/AndroidRuntime( 9489): >>>>>> START com.android.internal.os.RuntimeInit uid 2000 <<<<<<
D/AndroidRuntime( 9489): CheckJNI is OFF
D/ICU     ( 9489): No timezone override file found: /data/misc/zoneinfo/current/icu/icu_tzdata.dat
I/Radio-JNI( 9489): register_android_hardware_Radio DONE
D/AndroidRuntime( 9489): Calling main entry com.android.commands.input.Input
I/Input   ( 9489): injectKeyEvent: KeyEvent { action=ACTION_DOWN, keyCode=KEYCODE_HOME, scanCode=0, metaState=0, flags=0x0, repeatCount=0, eventTime=258431, downTime=258431, deviceId=-1, source=0x101 }
I/Input   ( 9489): injectKeyEvent: KeyEvent { action=ACTION_UP, keyCode=KEYCODE_HOME, scanCode=0, metaState=0, flags=0x0, repeatCount=0, eventTime=258431, downTime=258431, deviceId=-1, source=0x101 }
I/ActivityManager(  882): START u0 {act=android.intent.action.MAIN cat=[android.intent.category.HOME] flg=0x10200000 cmp=com.google.android.googlequicksearchbox/com.google.android.launcher.GEL (has extras)} from uid 1000 on display 0
D/AndroidRuntime( 9489): Shutting down VM
I/GEL     ( 4128): handleIntent(Intent { act=android.intent.action.MAIN cat=[android.intent.category.HOME] flg=0x10200000 cmp=com.google.android.googlequicksearchbox/com.google.android.launcher.GEL (has extras) })
D/AndroidRuntime( 9528): >>>>>> START com.android.internal.os.RuntimeInit uid 2000 <<<<<<
D/AndroidRuntime( 9528): CheckJNI is OFF
D/ICU     ( 9528): No timezone override file found: /data/misc/zoneinfo/current/icu/icu_tzdata.dat
I/Radio-JNI( 9528): register_android_hardware_Radio DONE
D/AndroidRuntime( 9528): Calling main entry com.android.commands.input.Input
I/Input   ( 9528): injectKeyEvent: KeyEvent { action=ACTION_DOWN, keyCode=KEYCODE_BACK, scanCode=0, metaState=0, flags=0x0, repeatCount=0, eventTime=259825, downTime=259825, deviceId=-1, source=0x101 }
I/Input   ( 9528): injectKeyEvent: KeyEvent { action=ACTION_UP, keyCode=KEYCODE_BACK, scanCode=0, metaState=0, flags=0x0, repeatCount=0, eventTime=259825, downTime=259825, deviceId=-1, source=0x101 }
D/AndroidRuntime( 9528): Shutting down VM
D/AndroidRuntime( 9560): >>>>>> START com.android.internal.os.RuntimeInit uid 2000 <<<<<<
D/AndroidRuntime( 9560): CheckJNI is OFF
D/ICU     ( 9560): No timezone override file found: /data/misc/zoneinfo/current/icu/icu_tzdata.dat
W/Finsky  ( 8667): [378] com.google.android.finsky.FinskyApp.i(1468): No account configured on this device.
I/Finsky  ( 8667): [378] com.google.android.finsky.c.e.run(1151): Replicating app states via AMAS.
I/Radio-JNI( 9560): register_android_hardware_Radio DONE
D/AndroidRuntime( 9560): Calling main entry com.android.commands.am.Am
I/ActivityManager(  882): Force stopping com.careerbuilder.SugarDrone appid=19143 user=0: start instr
I/ActivityManager(  882): Start proc 9589:com.careerbuilder.SugarDrone/u0a9143 for added application com.careerbuilder.SugarDrone
I/art     ( 9589): Late-enabling -Xcheck:jni
I/Finsky  ( 8667): [378] com.google.android.finsky.c.c.a(311): Completed 0 account content syncs with 0 successful.
I/Finsky  ( 8667): [1] com.google.android.finsky.services.j.a(149): Installation state replication succeeded.
W/System  ( 9589): ClassLoader referenced unknown path: /data/app/com.careerbuilder.SugarDrone.test-1/lib/arm64
W/System  ( 9589): ClassLoader referenced unknown path: 
W/monodroid( 9589): Using override path: /data/user/0/com.careerbuilder.SugarDrone/files/.__override__
W/monodroid( 9589): Trying to load sgen from: /data/user/0/com.careerbuilder.SugarDrone/files/.__override__/libmonosgen-2.0.so
W/monodroid( 9589): Trying to load sgen from: /storage/emulated/0/Android/data/com.careerbuilder.SugarDrone/files/.__override__/libmonosgen-2.0.so
W/monodroid( 9589): Trying to load sgen from: /data/app/com.careerbuilder.SugarDrone-1/lib/arm/libmonosgen-2.0.so
D/Mono    ( 9589): Image addref mscorlib[0xead4de60] -> mscorlib.dll[0xe9dce400]: 2
D/Mono    ( 9589): Prepared to set up assembly 'mscorlib' (mscorlib.dll)
D/Mono    ( 9589): AOT module 'mscorlib.dll.so' not found: dlopen failed: library "/data/app/com.careerbuilder.SugarDrone-1/lib/arm/libaot-mscorlib.dll.so" not found
D/Mono    ( 9589): AOT module '/Users/builder/data/lanes/4009/3a62f1ea/source/monodroid/builds/install/mono-armv6/lib/mono/aot-cache/arm/mscorlib.dll.so' not found: dlopen failed: library "/data/app/com.careerbuilder.SugarDrone-1/lib/arm/libaot-mscorlib.dll.so" not found
D/Mono    ( 9589): Config attempting to parse: 'mscorlib.dll.config'.
D/Mono    ( 9589): Config attempting to parse: '/Users/builder/data/lanes/4009/3a62f1ea/source/monodroid/builds/install/mono-armv6/etc/mono/assemblies/mscorlib/mscorlib.config'.
D/Mono    ( 9589): Assembly mscorlib[0xead4de60] added to domain RootDomain, ref_count=1
D/Mono    ( 9589): Image addref CareerBuilder_Search.Droid[0xead4dfe0] -> CareerBuilder_Search.Droid.dll[0xe9dcf300]: 2
D/Mono    ( 9589): Prepared to set up assembly 'CareerBuilder_Search.Droid' (CareerBuilder_Search.Droid.dll)
D/Mono    ( 9589): Assembly CareerBuilder_Search.Droid[0xead4dfe0] added to domain RootDomain, ref_count=1
D/Mono    ( 9589): AOT module 'CareerBuilder_Search.Droid.dll.so' not found: dlopen failed: library "/data/app/com.careerbuilder.SugarDrone-1/lib/arm/libaot-CareerBuilder_Search.Droid.dll.so" not found
D/Mono    ( 9589): AOT module '/Users/builder/data/lanes/4009/3a62f1ea/source/monodroid/builds/install/mono-armv6/lib/mono/aot-cache/arm/CareerBuilder_Search.Droid.dll.so' not found: dlopen failed: library "/data/app/com.careerbuilder.SugarDrone-1/lib/arm/libaot-CareerBuilder_Search.Droid.dll.so" not found
D/Mono    ( 9589): Config attempting to parse: 'CareerBuilder_Search.Droid.dll.config'.
D/Mono    ( 9589): Config attempting to parse: '/Users/builder/data/lanes/4009/3a62f1ea/source/monodroid/builds/install/mono-armv6/etc/mono/assemblies/CareerBuilder_Search.Droid/CareerBuilder_Search.Droid.config'.
D/Mono    ( 9589): Image addref AppsFlyerXamarinBindingAndroid[0xead4e0a0] -> AppsFlyerXamarinBindingAndroid.dll[0xe9dd0c00]: 2
D/Mono    ( 9589): Prepared to set up assembly 'AppsFlyerXamarinBindingAndroid' (AppsFlyerXamarinBindingAndroid.dll)
D/Mono    ( 9589): Assembly AppsFlyerXamarinBindingAndroid[0xead4e0a0] added to domain RootDomain, ref_count=1
D/Mono    ( 9589): AOT module 'AppsFlyerXamarinBindingAndroid.dll.so' not found: dlopen failed: library "/data/app/com.careerbuilder.SugarDrone-1/lib/arm/libaot-AppsFlyerXamarinBindingAndroid.dll.so" not found
D/Mono    ( 9589): AOT module '/Users/builder/data/lanes/4009/3a62f1ea/source/monodroid/builds/install/mono-armv6/lib/mono/aot-cache/arm/AppsFlyerXamarinBindingAndroid.dll.so' not found: dlopen failed: library "/data/app/com.careerbuilder.SugarDrone-1/lib/arm/libaot-AppsFlyerXamarinBindingAndroid.dll.so" not found
D/Mono    ( 9589): Config attempting to parse: 'AppsFlyerXamarinBindingAndroid.dll.config'.
D/Mono    ( 9589): Config attempting to parse: '/Users/builder/data/lanes/4009/3a62f1ea/source/monodroid/builds/install/mono-armv6/etc/mono/assemblies/AppsFlyerXamarinBindingAndroid/AppsFlyerXamarinBindingAndroid.config'.
D/Mono    ( 9589): Image addref HockeySDK[0xead4e160] -> HockeySDK.dll[0xe9dd1100]: 2
D/Mono    ( 9589): Prepared to set up assembly 'HockeySDK' (HockeySDK.dll)
D/Mono    ( 9589): Assembly HockeySDK[0xead4e160] added to domain RootDomain, ref_count=1
D/Mono    ( 9589): AOT module 'HockeySDK.dll.so' not found: dlopen failed: library "/data/app/com.careerbuilder.SugarDrone-1/lib/arm/libaot-HockeySDK.dll.so" not found
D/Mono    ( 9589): AOT module '/Users/builder/data/lanes/4009/3a62f1ea/source/monodroid/builds/install/mono-armv6/lib/mono/aot-cache/arm/HockeySDK.dll.so' not found: dlopen failed: library "/data/app/com.careerbuilder.SugarDrone-1/lib/arm/libaot-HockeySDK.dll.so" not found
D/Mono    ( 9589): Config attempting to parse: 'HockeySDK.dll.config'.
D/Mono    ( 9589): Config attempting to parse: '/Users/builder/data/lanes/4009/3a62f1ea/source/monodroid/builds/install/mono-armv6/etc/mono/assemblies/HockeySDK/HockeySDK.config'.
D/Mono    ( 9589): Image addref Akavache[0xead4e880] -> Akavache.dll[0xe9dd1600]: 2
D/Mono    ( 9589): Prepared to set up assembly 'Akavache' (Akavache.dll)
D/Mono    ( 9589): Assembly Akavache[0xead4e880] added to domain RootDomain, ref_count=1
D/Mono    ( 9589): AOT module 'Akavache.dll.so' not found: dlopen failed: library "/data/app/com.careerbuilder.SugarDrone-1/lib/arm/libaot-Akavache.dll.so" not found
D/Mono    ( 9589): AOT module '/Users/builder/data/lanes/4009/3a62f1ea/source/monodroid/builds/install/mono-armv6/lib/mono/aot-cache/arm/Akavache.dll.so' not found: dlopen failed: library "/data/app/com.careerbuilder.SugarDrone-1/lib/arm/libaot-Akavache.dll.so" not found
D/Mono    ( 9589): Config attempting to parse: 'Akavache.dll.config'.
D/Mono    ( 9589): Config attempting to parse: '/Users/builder/data/lanes/4009/3a62f1ea/source/monodroid/builds/install/mono-armv6/etc/mono/assemblies/Akavache/Akavache.config'.
D/Mono    ( 9589): Image addref Akavache.Sqlite3[0xead4e9a0] -> Akavache.Sqlite3.dll[0xe9dd1b00]: 2
D/Mono    ( 9589): Prepared to set up assembly 'Akavache.Sqlite3' (Akavache.Sqlite3.dll)
D/Mono    ( 9589): Assembly Akavache.Sqlite3[0xead4e9a0] added to domain RootDomain, ref_count=1
D/Mono    ( 9589): AOT module 'Akavache.Sqlite3.dll.so' not found: dlopen failed: library "/data/app/com.careerbuilder.SugarDrone-1/lib/arm/libaot-Akavache.Sqlite3.dll.so" not found
D/Mono    ( 9589): AOT module '/Users/builder/data/lanes/4009/3a62f1ea/source/monodroid/builds/install/mono-armv6/lib/mono/aot-cache/arm/Akavache.Sqlite3.dll.so' not found: dlopen failed: library "/data/app/com.careerbuilder.SugarDrone-1/lib/arm/libaot-Akavache.Sqlite3.dll.so" not found
W/        ( 9589): Symbol file LoadedFromMemory doesn't match image Akavache.Sqlite3.dll
D/Mono    ( 9589): Config attempting to parse: 'Akavache.Sqlite3.dll.config'.
D/Mono    ( 9589): Config attempting to parse: '/Users/builder/data/lanes/4009/3a62f1ea/source/monodroid/builds/install/mono-armv6/etc/mono/assemblies/Akavache.Sqlite3/Akavache.Sqlite3.config'.
D/Mono    ( 9589): Image addref Splat[0xead4ea00] -> Splat.dll[0xe7593000]: 2
D/Mono    ( 9589): Prepared to set up assembly 'Splat' (Splat.dll)
D/Mono    ( 9589): Assembly Splat[0xead4ea00] added to domain RootDomain, ref_count=1
D/Mono    ( 9589): AOT module 'Splat.dll.so' not found: dlopen failed: library "/data/app/com.careerbuilder.SugarDrone-1/lib/arm/libaot-Splat.dll.so" not found
D/Mono    ( 9589): AOT module '/Users/builder/data/lanes/4009/3a62f1ea/source/monodroid/builds/install/mono-armv6/lib/mono/aot-cache/arm/Splat.dll.so' not found: dlopen failed: library "/data/app/com.careerbuilder.SugarDrone-1/lib/arm/libaot-Splat.dll.so" not found
D/Mono    ( 9589): Config attempting to parse: 'Splat.dll.config'.
D/Mono    ( 9589): Config attempting to parse: '/Users/builder/data/lanes/4009/3a62f1ea/source/monodroid/builds/install/mono-armv6/etc/mono/assemblies/Splat/Splat.config'.
D/Mono    ( 9589): Image addref Microsoft.Practices.ServiceLocation[0xf384c480] -> Microsoft.Practices.ServiceLocation.dll[0xe7593500]: 2
D/Mono    ( 9589): Prepared to set up assembly 'Microsoft.Practices.ServiceLocation' (Microsoft.Practices.ServiceLocation.dll)
D/Mono    ( 9589): Assembly Microsoft.Practices.ServiceLocation[0xf384c480] added to domain RootDomain, ref_count=1
