W/ResourceType(10150): No known package when getting name for resource number 0xffffffff
W/ResourceType(10150): No known package when getting name for resource number 0xffffffff
W/ResourceType(10150): No known package when getting name for resource number 0xffffffff
W/ResourceType(10150): No known package when getting name for resource number 0xffffffff
W/ResourceType(10150): No known package when getting name for resource number 0xffffffff
I/System.out(10150): URI: /map
I/System.out(10150): params: {json={"query":"* marked:'jdpScrollView'","operation":{"method_name":"query","arguments":[]}}
I/System.out(10150): }
W/ResourceType(10150): No known package when getting name for resource number 0xffffffff
W/ResourceType(10150): No known package when getting name for resource number 0xffffffff
W/ResourceType(10150): No known package when getting name for resource number 0xffffffff
W/ResourceType(10150): No known package when getting name for resource number 0xffffffff
W/ResourceType(10150): No known package when getting name for resource number 0xffffffff
W/ResourceType(10150): No known package when getting name for resource number 0xffffffff
W/ResourceType(10150): No known package when getting name for resource number 0xffffffff
W/ResourceType(10150): No known package when getting name for resource number 0xffffffff
W/ResourceType(10150): No known package when getting name for resource number 0xffffffff
W/ResourceType(10150): No known package when getting name for resource number 0xffffffff
W/ResourceType(10150): No known package when getting name for resource number 0xffffffff
W/ResourceType(10150): No known package when getting name for resource number 0xffffffff
W/ResourceType(10150): No known package when getting name for resource number 0xffffffff
W/ResourceType(10150): No known package when getting name for resource number 0xffffffff
W/ResourceType(10150): No known package when getting name for resource number 0xffffffff
W/ResourceType(10150): No known package when getting name for resource number 0xffffffff
W/ResourceType(10150): No known package when getting name for resource number 0xffffffff
W/ResourceType(10150): No known package when getting name for resource number 0xffffffff
W/ResourceType(10150): No known package when getting name for resource number 0xffffffff
W/ResourceType(10150): No known package when getting name for resource number 0xffffffff
W/ResourceType(10150): No known package when getting name for resource number 0xffffffff
W/ResourceType(10150): No known package when getting name for resource number 0xffffffff
W/ResourceType(10150): No known package when getting name for resource number 0xffffffff
W/ResourceType(10150): No known package when getting name for resource number 0xffffffff
W/ResourceType(10150): No known package when getting name for resource number 0xffffffff
W/ResourceType(10150): No known package when getting name for resource number 0xffffffff
W/ResourceType(10150): No known package when getting name for resource number 0xffffffff
W/ResourceType(10150): No known package when getting name for resource number 0xffffffff
W/ResourceType(10150): No known package when getting name for resource number 0xffffffff
W/ResourceType(10150): No known package when getting name for resource number 0xffffffff
W/ResourceType(10150): No known package when getting name for resource number 0xffffffff
W/ResourceType(10150): No known package when getting name for resource number 0xffffffff
W/ResourceType(10150): No known package when getting name for resource number 0xffffffff
W/ResourceType(10150): No known package when getting name for resource number 0xffffffff
W/ResourceType(10150): No known package when getting name for resource number 0xffffffff
W/ResourceType(10150): No known package when getting name for resource number 0xffffffff
W/ResourceType(10150): No known package when getting name for resource number 0xffffffff
W/ResourceType(10150): No known package when getting name for resource number 0xffffffff
W/ResourceType(10150): No known package when getting name for resource number 0xffffffff
W/ResourceType(10150): No known package when getting name for resource number 0xffffffff
W/ResourceType(10150): No known package when getting name for resource number 0xffffffff
W/ResourceType(10150): No known package when getting name for resource number 0xffffffff
W/ResourceType(10150): No known package when getting name for resource number 0xffffffff
W/ResourceType(10150): No known package when getting name for resource number 0xffffffff
W/ResourceType(10150): No known package when getting name for resource number 0xffffffff
W/ResourceType(10150): No known package when getting name for resource number 0xffffffff
W/ResourceType(10150): No known package when getting name for resource number 0xffffffff
W/ResourceType(10150): No known package when getting name for resource number 0xffffffff
W/ResourceType(10150): No known package when getting name for resource number 0xffffffff
W/ResourceType(10150): No known package when getting name for resource number 0xffffffff
W/ResourceType(10150): No known package when getting name for resource number 0xffffffff
W/ResourceType(10150): No known package when getting name for resource number 0xffffffff
W/ResourceType(10150): No known package when getting name for resource number 0xffffffff
W/ResourceType(10150): No known package when getting name for resource number 0xffffffff
W/ResourceType(10150): No known package when getting name for resource number 0xffffffff
W/ResourceType(10150): No known package when getting name for resource number 0xffffffff
W/ResourceType(10150): No known package when getting name for resource number 0xffffffff
W/ResourceType(10150): No known package when getting name for resource number 0xffffffff
W/ResourceType(10150): No known package when getting name for resource number 0xffffffff
W/ResourceType(10150): No known package when getting name for resource number 0xffffffff
W/ResourceType(10150): No known package when getting name for resource number 0xffffffff
W/ResourceType(10150): No known package when getting name for resource number 0xffffffff
W/ResourceType(10150): No known package when getting name for resource number 0xffffffff
W/ResourceType(10150): No known package when getting name for resource number 0xffffffff
W/ResourceType(10150): No known package when getting name for resource number 0xffffffff
W/ResourceType(10150): No known package when getting name for resource number 0xffffffff
W/ResourceType(10150): No known package when getting name for resource number 0xffffffff
W/ResourceType(10150): No known package when getting name for resource number 0xffffffff
W/ResourceType(10150): No known package when getting name for resource number 0xffffffff
W/ResourceType(10150): No known package when getting name for resource number 0xffffffff
W/ResourceType(10150): No known package when getting name for resource number 0xffffffff
W/ResourceType(10150): No known package when getting name for resource number 0xffffffff
W/ResourceType(10150): No known package when getting name for resource number 0xffffffff
W/ResourceType(10150): No known package when getting name for resource number 0xffffffff
W/ResourceType(10150): No known package when getting name for resource number 0xffffffff
W/ResourceType(10150): No known package when getting name for resource number 0xffffffff
W/ResourceType(10150): No known package when getting name for resource number 0xffffffff
I/System.out(10150): URI: /map
I/System.out(10150): params: {json={"query":"* marked:'mapButton'","operation":{"method_name":"query","arguments":[]}}
I/System.out(10150): }
W/ResourceType(10150): No known package when getting name for resource number 0xffffffff
W/ResourceType(10150): No known package when getting name for resource number 0xffffffff
W/ResourceType(10150): No known package when getting name for resource number 0xffffffff
W/ResourceType(10150): No known package when getting name for resource number 0xffffffff
W/ResourceType(10150): No known package when getting name for resource number 0xffffffff
W/ResourceType(10150): No known package when getting name for resource number 0xffffffff
W/ResourceType(10150): No known package when getting name for resource number 0xffffffff
W/ResourceType(10150): No known package when getting name for resource number 0xffffffff
W/ResourceType(10150): No known package when getting name for resource number 0xffffffff
W/ResourceType(10150): No known package when getting name for resource number 0xffffffff
W/ResourceType(10150): No known package when getting name for resource number 0xffffffff
W/ResourceType(10150): No known package when getting name for resource number 0xffffffff
W/ResourceType(10150): No known package when getting name for resource number 0xffffffff
W/ResourceType(10150): No known package when getting name for resource number 0xffffffff
W/ResourceType(10150): No known package when getting name for resource number 0xffffffff
W/ResourceType(10150): No known package when getting name for resource number 0xffffffff
W/ResourceType(10150): No known package when getting name for resource number 0xffffffff
W/ResourceType(10150): No known package when getting name for resource number 0xffffffff
W/ResourceType(10150): No known package when getting name for resource number 0xffffffff
W/ResourceType(10150): No known package when getting name for resource number 0xffffffff
W/ResourceType(10150): No known package when getting name for resource number 0xffffffff
W/ResourceType(10150): No known package when getting name for resource number 0xffffffff
W/ResourceType(10150): No known package when getting name for resource number 0xffffffff
W/ResourceType(10150): No known package when getting name for resource number 0xffffffff
W/ResourceType(10150): No known package when getting name for resource number 0xffffffff
W/ResourceType(10150): No known package when getting name for resource number 0xffffffff
W/ResourceType(10150): No known package when getting name for resource number 0xffffffff
W/ResourceType(10150): No known package when getting name for resource number 0xffffffff
W/ResourceType(10150): No known package when getting name for resource number 0xffffffff
W/ResourceType(10150): No known package when getting name for resource number 0xffffffff
W/ResourceType(10150): No known package when getting name for resource number 0xffffffff
W/ResourceType(10150): No known package when getting name for resource number 0xffffffff
W/ResourceType(10150): No known package when getting name for resource number 0xffffffff
W/ResourceType(10150): No known package when getting name for resource number 0xffffffff
W/ResourceType(10150): No known package when getting name for resource number 0xffffffff
W/ResourceType(10150): No known package when getting name for resource number 0xffffffff
W/ResourceType(10150): No known package when getting name for resource number 0xffffffff
W/ResourceType(10150): No known package when getting name for resource number 0xffffffff
W/ResourceType(10150): No known package when getting name for resource number 0xffffffff
W/ResourceType(10150): No known package when getting name for resource number 0xffffffff
W/ResourceType(10150): No known package when getting name for resource number 0xffffffff
W/ResourceType(10150): No known package when getting name for resource number 0xffffffff
W/ResourceType(10150): No known package when getting name for resource number 0xffffffff
W/ResourceType(10150): No known package when getting name for resource number 0xffffffff
W/ResourceType(10150): No known package when getting name for resource number 0xffffffff
W/ResourceType(10150): No known package when getting name for resource number 0xffffffff
W/ResourceType(10150): No known package when getting name for resource number 0xffffffff
W/ResourceType(10150): No known package when getting name for resource number 0xffffffff
W/ResourceType(10150): No known package when getting name for resource number 0xffffffff
W/ResourceType(10150): No known package when getting name for resource number 0xffffffff
W/ResourceType(10150): No known package when getting name for resource number 0xffffffff
W/ResourceType(10150): No known package when getting name for resource number 0xffffffff
W/ResourceType(10150): No known package when getting name for resource number 0xffffffff
W/ResourceType(10150): No known package when getting name for resource number 0xffffffff
W/ResourceType(10150): No known package when getting name for resource number 0xffffffff
W/ResourceType(10150): No known package when getting name for resource number 0xffffffff
W/ResourceType(10150): No known package when getting name for resource number 0xffffffff
W/ResourceType(10150): No known package when getting name for resource number 0xffffffff
W/ResourceType(10150): No known package when getting name for resource number 0xffffffff
W/ResourceType(10150): No known package when getting name for resource number 0xffffffff
W/ResourceType(10150): No known package when getting name for resource number 0xffffffff
W/ResourceType(10150): No known package when getting name for resource number 0xffffffff
W/ResourceType(10150): No known package when getting name for resource number 0xffffffff
W/ResourceType(10150): No known package when getting name for resource number 0xffffffff
W/ResourceType(10150): No known package when getting name for resource number 0xffffffff
W/ResourceType(10150): No known package when getting name for resource number 0xffffffff
W/ResourceType(10150): No known package when getting name for resource number 0xffffffff
W/ResourceType(10150): No known package when getting name for resource number 0xffffffff
W/ResourceType(10150): No known package when getting name for resource number 0xffffffff
W/ResourceType(10150): No known package when getting name for resource number 0xffffffff
W/ResourceType(10150): No known package when getting name for resource number 0xffffffff
W/ResourceType(10150): No known package when getting name for resource number 0xffffffff
W/ResourceType(10150): No known package when getting name for resource number 0xffffffff
W/ResourceType(10150): No known package when getting name for resource number 0xffffffff
W/ResourceType(10150): No known package when getting name for resource number 0xffffffff
W/ResourceType(10150): No known package when getting name for resource number 0xffffffff
W/ResourceType(10150): No known package when getting name for resource number 0xffffffff
I/System.out(10150): URI: /map
I/System.out(10150): params: {json={"query":"* marked:'mapButton'","operation":{"method_name":"query","arguments":[]}}
I/System.out(10150): }
W/ResourceType(10150): No known package when getting name for resource number 0xffffffff
W/ResourceType(10150): No known package when getting name for resource number 0xffffffff
W/ResourceType(10150): No known package when getting name for resource number 0xffffffff
W/ResourceType(10150): No known package when getting name for resource number 0xffffffff
W/ResourceType(10150): No known package when getting name for resource number 0xffffffff
W/ResourceType(10150): No known package when getting name for resource number 0xffffffff
W/ResourceType(10150): No known package when getting name for resource number 0xffffffff
W/ResourceType(10150): No known package when getting name for resource number 0xffffffff
W/ResourceType(10150): No known package when getting name for resource number 0xffffffff
W/ResourceType(10150): No known package when getting name for resource number 0xffffffff
W/ResourceType(10150): No known package when getting name for resource number 0xffffffff
W/ResourceType(10150): No known package when getting name for resource number 0xffffffff
W/ResourceType(10150): No known package when getting name for resource number 0xffffffff
W/ResourceType(10150): No known package when getting name for resource number 0xffffffff
W/ResourceType(10150): No known package when getting name for resource number 0xffffffff
W/ResourceType(10150): No known package when getting name for resource number 0xffffffff
W/ResourceType(10150): No known package when getting name for resource number 0xffffffff
W/ResourceType(10150): No known package when getting name for resource number 0xffffffff
W/ResourceType(10150): No known package when getting name for resource number 0xffffffff
W/ResourceType(10150): No known package when getting name for resource number 0xffffffff
W/ResourceType(10150): No known package when getting name for resource number 0xffffffff
W/ResourceType(10150): No known package when getting name for resource number 0xffffffff
W/ResourceType(10150): No known package when getting name for resource number 0xffffffff
W/ResourceType(10150): No known package when getting name for resource number 0xffffffff
W/ResourceType(10150): No known package when getting name for resource number 0xffffffff
W/ResourceType(10150): No known package when getting name for resource number 0xffffffff
W/ResourceType(10150): No known package when getting name for resource number 0xffffffff
W/ResourceType(10150): No known package when getting name for resource number 0xffffffff
W/ResourceType(10150): No known package when getting name for resource number 0xffffffff
W/ResourceType(10150): No known package when getting name for resource number 0xffffffff
W/ResourceType(10150): No known package when getting name for resource number 0xffffffff
W/ResourceType(10150): No known package when getting name for resource number 0xffffffff
W/ResourceType(10150): No known package when getting name for resource number 0xffffffff
W/ResourceType(10150): No known package when getting name for resource number 0xffffffff
W/ResourceType(10150): No known package when getting name for resource number 0xffffffff
W/ResourceType(10150): No known package when getting name for resource number 0xffffffff
W/ResourceType(10150): No known package when getting name for resource number 0xffffffff
W/ResourceType(10150): No known package when getting name for resource number 0xffffffff
W/ResourceType(10150): No known package when getting name for resource number 0xffffffff
W/ResourceType(10150): No known package when getting name for resource number 0xffffffff
W/ResourceType(10150): No known package when getting name for resource number 0xffffffff
W/ResourceType(10150): No known package when getting name for resource number 0xffffffff
W/ResourceType(10150): No known package when getting name for resource number 0xffffffff
W/ResourceType(10150): No known package when getting name for resource number 0xffffffff
W/ResourceType(10150): No known package when getting name for resource number 0xffffffff
W/ResourceType(10150): No known package when getting name for resource number 0xffffffff
W/ResourceType(10150): No known package when getting name for resource number 0xffffffff
W/ResourceType(10150): No known package when getting name for resource number 0xffffffff
W/ResourceType(10150): No known package when getting name for resource number 0xffffffff
W/ResourceType(10150): No known package when getting name for resource number 0xffffffff
W/ResourceType(10150): No known package when getting name for resource number 0xffffffff
W/ResourceType(10150): No known package when getting name for resource number 0xffffffff
W/ResourceType(10150): No known package when getting name for resource number 0xffffffff
W/ResourceType(10150): No known package when getting name for resource number 0xffffffff
W/ResourceType(10150): No known package when getting name for resource number 0xffffffff
W/ResourceType(10150): No known package when getting name for resource number 0xffffffff
W/ResourceType(10150): No known package when getting name for resource number 0xffffffff
W/ResourceType(10150): No known package when getting name for resource number 0xffffffff
W/ResourceType(10150): No known package when getting name for resource number 0xffffffff
W/ResourceType(10150): No known package when getting name for resource number 0xffffffff
W/ResourceType(10150): No known package when getting name for resource number 0xffffffff
W/ResourceType(10150): No known package when getting name for resource number 0xffffffff
W/ResourceType(10150): No known package when getting name for resource number 0xffffffff
W/ResourceType(10150): No known package when getting name for resource number 0xffffffff
W/ResourceType(10150): No known package when getting name for resource number 0xffffffff
W/ResourceType(10150): No known package when getting name for resource number 0xffffffff
W/ResourceType(10150): No known package when getting name for resource number 0xffffffff
W/ResourceType(10150): No known package when getting name for resource number 0xffffffff
W/ResourceType(10150): No known package when getting name for resource number 0xffffffff
W/ResourceType(10150): No known package when getting name for resource number 0xffffffff
W/ResourceType(10150): No known package when getting name for resource number 0xffffffff
W/ResourceType(10150): No known package when getting name for resource number 0xffffffff
W/ResourceType(10150): No known package when getting name for resource number 0xffffffff
W/ResourceType(10150): No known package when getting name for resource number 0xffffffff
W/ResourceType(10150): No known package when getting name for resource number 0xffffffff
W/ResourceType(10150): No known package when getting name for resource number 0xffffffff
W/ResourceType(10150): No known package when getting name for resource number 0xffffffff
I/art     (10150): Starting a blocking GC Explicit
I/art     (10150): Explicit concurrent mark sweep GC freed 101144(3MB) AllocSpace objects, 7(140KB) LOS objects, 40% free, 12MB/21MB, paused 941us total 64.677ms
I/System.out(10150): URI: /
I/System.out(10150): params: {json={"command":"touch_coordinate","arguments":[540.0,569.0]}
I/System.out(10150): }
I/System.out(10150): header: {content-type=application/json; charset=utf-8, connection=close, host=devicehost155.prod, x-session-token=token-token-f883d776-bc94-474b-90a1-441f44d7e02b, content-length=56, x-forwarded-for=10.222.150.23}
I/System.out(10150): params: {json={"command":"touch_coordinate","arguments":[540.0,569.0]}
I/System.out(10150): }
I/System.out(10150): ProP json = {"command":"touch_coordinate","arguments":[540.0,569.0]}
I/System.out(10150): files: {}
I/System.out(10150): command: {"command":"touch_coordinate","arguments":[540.0,569.0]}
I/InstrumentationBackend(10150): Got command:'Command:'Line:null,touch_coordinate', arguments:'[540.0, 569.0]'
I/calabash(10150): execStartActivity 4
I/ActivityManager(  873): START u0 {act=android.intent.action.VIEW dat=geo:0,0?q= Atlanta, GA cmp=com.google.android.apps.maps/com.google.android.maps.MapsActivity} from uid 18837 on display 0
I/ActivityManager(  873): Start proc 10745:com.google.android.apps.maps/u0a70 for activity com.google.android.apps.maps/com.google.android.maps.MapsActivity
I/System.out(10150): result:{"bonusInformation":[],"message":"","success":true}
W/System  (10745): ClassLoader referenced unknown path: /system/app/Maps/lib/arm64
D/OpenGLRenderer(10150): endAllActiveAnimators on 0xd29a8a00 (RippleDrawable) with handle 0xcfe7f160
I/art     (  873): Background partial concurrent mark sweep GC freed 23094(2025KB) AllocSpace objects, 11(748KB) LOS objects, 33% free, 16MB/25MB, paused 2.371ms total 163.181ms
D/VoldConnector(  873): SND -> {17 volume mkdirs /storage/emulated/0/Android/data/com.google.android.apps.maps/files/}
D/VoldConnector(  873): RCV <- {200 17 Command succeeded}
V/JNIHelp (10745): Registering com/google/android/gms/org/conscrypt/NativeCrypto's 242 native methods...
D/NetworkSecurityConfig(10745): No Network Security Config specified, using platform default
I/ProviderInstaller(10745): Installed default security provider GmsCore_OpenSSL
I/Adreno  (10745): QUALCOMM build                   : 74df444, I409c65498b
I/Adreno  (10745): Build Date                       : 06/22/16
I/Adreno  (10745): OpenGL ES Shader Compiler Version: XE031.08.00.02
I/Adreno  (10745): Local Branch                     : N16
I/Adreno  (10745): Remote Branch                    : 
I/Adreno  (10745): Remote Branch                    : 
I/Adreno  (10745): Reconstruct Branch               : 
I/sensors (  873): batch
I/nanohub (  873): queueBatch: sensor=28, handle=31, period=66667000, latency=0
I/sensors (  873): activate
I/nanohub (  873): queueActivate: sensor=28, handle=31, enable=1
I/OpenGLRenderer(10745): Initialized EGL, version 1.4
D/OpenGLRenderer(10745): Swap behavior 1
I/sensors (  873): batch
I/nanohub (  873): queueBatch: sensor=1, handle=1, period=20000000, latency=0
I/sensors (  873): activate
I/nanohub (  873): queueActivate: sensor=1, handle=1, enable=1
I/sensors (  873): batch
I/nanohub (  873): queueBatch: sensor=19, handle=17, period=80000000, latency=0
I/sensors (  873): activate
I/nanohub (  873): queueActivate: sensor=19, handle=17, enable=1
I/ActivityManager(  873): Displayed com.google.android.apps.maps/com.google.android.maps.MapsActivity: +2s234ms
D/WifiService(  873): acquireWifiLockLocked: WifiLock{NlpWifiLock type=2 uid=10018}
I/art     ( 4084): Background partial concurrent mark sweep GC freed 24203(2MB) AllocSpace objects, 76(1520KB) LOS objects, 40% free, 10MB/17MB, paused 2.068ms total 133.220ms
I/WindowManager(  873): Destroying surface Surface(name=Starting com.google.android.apps.maps) called by com.android.server.wm.WindowStateAnimator.destroySurface:2014 com.android.server.wm.WindowStateAnimator.destroySurfaceLocked:881 com.android.server.wm.WindowState.destroyOrSaveSurface:2073 com.android.server.wm.AppWindowToken.destroySurfaces:363 com.android.server.wm.WindowStateAnimator.finishExit:565 com.android.server.wm.WindowStateAnimator.stepAnimationLocked:491 com.android.server.wm.WindowAnimator.updateWindowsLocked:303 com.android.server.wm.WindowAnimator.animateLocked:704 
I/sensors (  873): batch
I/nanohub (  873): queueBatch: sensor=19, handle=17, period=66666000, latency=0
I/sensors (  873): flush
I/nanohub (  873): queueFlush: sensor=19, handle=17
I/nanohub (  873): flushing 17
I/sensors (  873): batch
I/nanohub (  873): queueBatch: sensor=8, handle=3, period=66666000, latency=0
I/sensors (  873): activate
I/nanohub (  873): queueActivate: sensor=8, handle=3, enable=1
I/sensors (  873): flush
I/nanohub (  873): queueFlush: sensor=1, handle=1
I/nanohub (  873): flushing 1
I/Choreographer(10745): Skipped 30 frames!  The application may be doing too much work on its main thread.
W/System  (10745): ClassLoader referenced unknown path: 
W/com.google.a.a.b.d.a(10745): Application name is not set. Call Builder#setApplicationName.
D/BluetoothManagerService(  873): Message: 20
D/BluetoothManagerService(  873): Added callback: android.bluetooth.IBluetoothManagerCallback$Stub$Proxy@ebc1e55:true
I/ActivityManager(  873): Start proc 10873:com.google.android.gms.unstable/u0a18 for service com.google.android.gms/.droidguard.DroidGuardService
I/LoadedApk(10873): No resource references to update in package FFFFFFFFFFFFFFFFFFFFFF
V/JNIHelp (10873): Registering com/google/android/gms/org/conscrypt/NativeCrypto's 242 native methods...
D/NetworkSecurityConfig(10873): No Network Security Config specified, using platform default
I/ProviderInstaller(10873): Installed default security provider GmsCore_OpenSSL
I/art     (10873): Background sticky concurrent mark sweep GC freed 34203(2MB) AllocSpace objects, 3(164KB) LOS objects, 35% free, 5MB/8MB, paused 3.345ms total 113.344ms
D/WVCdm   (  518): Instantiating CDM.
I/WVCdm   (  518): CdmEngine::OpenSession
I/WVCdm   (  518): Level3 Library 4445 Mar 30 2016 13:23:54
D/DrmWidevineDash(  518): OEMCrypto_Initialize: starts! g_qsee_apps_version = 0x32
D/DrmWidevineDash(  518): Service_Initialize: starts!
D/QSEECOMAPI: (  518): QSEECom_get_handle sb_length = 0x19000
D/QSEECOMAPI: (  518): App is not loaded in QSEE
D/QSEECOMAPI: (  518): Loaded image: APP id = 7
D/DrmWidevineDash(  518): Service_Initialize: ends! returns 0
D/DrmWidevineDash(  518): Service_Initialize: function time: 148ms (0s 148867150ns)
D/QSAPPSVER(  518): qsapps_get_capabilities: Capability from secure side: 0x0
D/QSAPPSVER(  518): qsapps_get_capabilities: returns 0
D/DrmWidevineDash(  518): OEMCrypto_Initialize sion_buffer g_wv_fhandle->ion_sbuffer  0x0xf5860000
E/DrmWidevineDash(  518): sion_buffer g_wv_fhandle->ion_sbuffer  0x0xf5860000
D/DrmLibTime(  355): got the req here! ret=0
D/DrmLibTime(  355): command id, time_cmd_id = 770
D/DrmLibTime(  355): time_getutcsec starts!
D/DrmLibTime(  355): QSEE Time Listener: time_getutcsec
D/DrmLibTime(  355): QSEE Time Listener: get_utc_seconds
D/DrmLibTime(  355): QSEE Time Listener: time_get_modem_time
D/DrmLibTime(  355): QSEE Time Listener: Checking if ATS_MODEM is set or not.
D/QC-time-services(  355): Lib:time_genoff_operation: pargs->base = 13
D/QC-time-services(  355): Lib:time_genoff_operation: pargs->operation = 2
D/QC-time-services(  355): Lib:time_genoff_operation: pargs->ts_val = 0
D/QC-time-services(  355): Lib:time_genoff_operation: Send to server  passed!!
D/QC-time-services(  525): Daemon: Connection accepted:time_genoff
D/QC-time-services(  525): Daemon:Received base = 13, unit = 1, operation = 2,value = 0
D/QC-time-services(  525): Daemon:genoff_opr: Base = 13, val = 0, operation = 2
D/QC-time-services(  525): offset is: 0 for base: 13
E/QC-time-services(  355): Receive Passed == base = 13, unit = 1, operation = 2, result = 0
D/DrmLibTime(  355): QSEE Time Listener: ATS_MODEM is not set. Fallback to Android system time.
D/DrmLibTime(  355): QSEE Time Listener: Retrieved Android system time: 1489676052
D/DrmLibTime(  355): time_getutcsec returns 0, sec = 1489676052; nsec = 0
D/DrmLibTime(  355): time_getutcsec finished! 
D/DrmLibTime(  355): iotcl_continue_command finished! and return 0 
D/DrmLibTime(  355): before calling ioctl to read the next time_cmd
E/QC-time-services(  525): Daemon: Time-services: Waiting to acceptconnection
D/DrmWidevineDash(  518): OEMCrypto_ION_Malloc: function time: 45ms (0s 45184275ns)
D/DrmWidevineDash(  518): OEMCrypto_Initialize: ends! returns 0
D/DrmWidevineDash(  518): _oecc01: function time: 209ms (0s 209390229ns)
D/DrmWidevineDash(  518): OEMCrypto_APIVersion: starts!
D/DrmWidevineDash(  518): hlos api version =  11
D/DrmWidevineDash(  518): tz api version =  11
D/DrmWidevineDash(  518): OEMCrypto_APIVersion: ends! returns version 11
D/DrmWidevineDash(  518): _oecc22: function time: 1ms (0s 1335417ns)
D/DrmWidevineDash(  518): OEMCrypto_IsKeyboxValid: starts!
D/DrmWidevineDash(  518): OEMCrypto_IsKeyboxValid: ends! returns 0
D/DrmWidevineDash(  518): _oecc05: function time: 54ms (0s 54105109ns)
D/WVCdm   (  518): OEMCrypto_Initialize Level 1 success. I will use level 1.
D/DrmWidevineDash(  518): OEMCrypto_OpenSession: starts! SID=0xffefa2c4
D/DrmWidevineDash(  518): OEMCrypto_OpenSession Session ID = 0
D/DrmWidevineDash(  518): OEMCrypto_OpenSession SID = 1
D/DrmWidevineDash(  518): OEMCrypto_OpenSession: ends! returns 0
D/DrmWidevineDash(  518): _oecc09: function time: 0ms (0s 499375ns)
D/DrmWidevineDash(  518): _oecc06: function time: 0ms (0s 768750ns)
D/DrmWidevineDash(  518): OEMCrypto_LoadDeviceRSAKey: starts! SID=1, wrapped_rsa_key=0xf4445200, wrapped_rsa_key_length=1280
D/DrmWidevineDash(  518): OEMCrypto_LoadDeviceRSAKey: ends! returns 0
D/DrmWidevineDash(  518): _oecc19: function time: 22ms (0s 22679168ns)
D/DrmWidevineDash(  518): _oecc06: function time: 4ms (0s 4827188ns)
I/WVCdm   (  518): CdmEngine::QueryKeyControlInfo
I/WVCdm   (  518): CdmEngine::GenerateKeyRequest
D/DrmWidevineDash(  518): OEMCrypto_GetDeviceID: starts! deviceID=0xf470f2e0, idLength=0xf48811d4
W/art     (10745): Suspending all threads took: 10.552ms
I/art     (10745): Background sticky concurrent mark sweep GC freed 50363(4MB) AllocSpace objects, 14(608KB) LOS objects, 26% free, 15MB/21MB, paused 14.183ms total 163.333ms
D/WifiService(  873): releaseWifiLockLocked: WifiLock{NlpWifiLock type=2 uid=10018}
D/DrmWidevineDash(  518): OEMCrypto_GetDeviceID: ends! returns 0
D/DrmWidevineDash(  518): _oecc07: function time: 146ms (0s 146647879ns)
D/DrmWidevineDash(  518): OEMCrypto_Security_Patch_Level: starts!
E/DrmWidevineDash(  518): tz api security patch level =  0
D/DrmWidevineDash(  518): OEMCrypto_Security_Patch_Level: ends! returns level 0
D/DrmWidevineDash(  518): _oecc46: function time: 40ms (0s 40661098ns)
D/DrmWidevineDash(  518): OEMCrypto_SupportsUsageTable: starts!
D/DrmWidevineDash(  518): OEMCrypto_SupportsUsageTable: is_supported = 1
D/DrmWidevineDash(  518): OEMCrypto_SupportsUsageTable: wv_app_version =0x34
D/DrmWidevineDash(  518): OEMCrypto_SupportsUsageTable: ends! returns 0
D/DrmWidevineDash(  518): _oecc29: function time: 0ms (0s 662657ns)
D/DrmWidevineDash(  518): OEMCrypto_IsAntiRollbackHwPresent: starts!
D/DrmWidevineDash(  518): OEMCrypto_IsAntiRollbackHwPresent ends! ret=0, is_antirb_enabled = 1
D/DrmWidevineDash(  518): _oecc39: function time: 0ms (0s 585052ns)
D/DrmWidevineDash(  518): OEMCrypto_APIVersion: starts!
D/DrmWidevineDash(  518): hlos api version =  11
D/DrmWidevineDash(  518): tz api version =  11
D/DrmWidevineDash(  518): OEMCrypto_APIVersion: ends! returns version 11
D/DrmWidevineDash(  518): _oecc22: function time: 0ms (0s 561615ns)
D/DrmWidevineDash(  518): OEMCrypto_GetHDCPCapability starts!
D/DrmWidevineDash(  518): OEMCrypto_GetHDCPCapability current=255, max=4
D/DrmWidevineDash(  518): OEMCrypto_GetHDCPCapability ends! ret = 0
D/DrmWidevineDash(  518): _oecc44: function time: 0ms (0s 555729ns)
D/DrmWidevineDash(  518): OEMCrypto_GenerateNonce: starts! SID=1, nonce=0xf48813bc
D/DrmWidevineDash(  518): OEMCrypto_GenerateNonce: ends! returns 0
D/DrmWidevineDash(  518): _oecc14: function time: 31ms (0s 31480576ns)
D/WVCdm   (  518): PrepareKeyRequest: nonce=796393883
D/DrmWidevineDash(  518): OEMCrypto_GenerateRSASignature starts! SID=1, message=0xf475a000
D/DrmWidevineDash(  518): message_length=1666, signature=0xf4761000, signature_length=0xf488135c
I/art     (10150): Starting a blocking GC Explicit
W/IntentService[D(10897): type=1400 audit(0.0:78): avc: denied { read } for name="/" dev="tmpfs" ino=10603 scontext=u:r:priv_app:s0:c512,c768 tcontext=u:object_r:device:s0 tclass=dir permissive=0
I/art     (10150): Explicit concurrent mark sweep GC freed 15330(674KB) AllocSpace objects, 6(120KB) LOS objects, 39% free, 12MB/21MB, paused 871us total 99.461ms
W/Binder:10873_1(10885): type=1400 audit(0.0:79): avc: denied { read } for name="/" dev="tmpfs" ino=10603 scontext=u:r:priv_app:s0:c512,c768 tcontext=u:object_r:device:s0 tclass=dir permissive=0
W/System  (10873): ClassLoader referenced unknown path: /data/user/0/com.google.android.gms/app_daVde0
W/System  (10873): ClassLoader referenced unknown path: 
W/System  (10873): ClassLoader referenced unknown path: /data/user/0/com.google.android.gms/app_daVde0
W/System  (10873): ClassLoader referenced unknown path: 
D/DrmWidevineDash(  518): OEMCrypto_GenerateRSASignature returns 0
D/DrmWidevineDash(  518): _oecc36: function time: 554ms (0s 554393909ns)
I/WVCdm   (  518): CdmEngine::CloseSession
D/DrmWidevineDash(  518): OEMCrypto_CloseSession: starts! SID=1
D/DrmWidevineDash(  518): OEMCrypto_CloseSession: ends! returns 0
D/DrmWidevineDash(  518): _oecc10: function time: 0ms (0s 696771ns)
D/DrmWidevineDash(  518): OEMCrypto_Terminate: starts!
D/DrmWidevineDash(  518): Service_Uninitialize: starts!
D/QSEECOMAPI: (  518): QSEECom_dealloc_memory 
D/QSEECOMAPI: (  518): QSEECom_shutdown_app, app_id = 7
D/DrmWidevineDash(  518): Service_Uninitialize: ends! returns 0x0
D/DrmWidevineDash(  518): Service_Uninitialize: function time: 0ms (0s 888750ns)
D/DrmWidevineDash(  518): OEMCrypto_ION_Free: function time: 0ms (0s 697656ns)
D/DrmWidevineDash(  518): OEMCrypto_Terminate: ends! returns 0
D/DrmWidevineDash(  518): _oecc02: function time: 2ms (0s 2640417ns)
D/Mono    (10150): [0xd28de920] hill climbing, change max number of threads 6
W/art     (10745): Suspending all threads took: 11.835ms
I/art     (10745): Background sticky concurrent mark sweep GC freed 797(786KB) AllocSpace objects, 7(416KB) LOS objects, 4% free, 20MB/21MB, paused 13.057ms total 25.504ms
I/dex2oat (10924): /system/bin/dex2oat -j4 --dex-file=/data/user/0/com.google.android.gms/app_fb/f.apk --oat-fd=55 --oat-location=/data/user/0/com.google.android.gms/app_fb/f.dex --compiler-filter=speed
W/InstanceID/Rpc(10873): Found 10018
I/dex2oat (10924): dex2oat took 153.484ms (threads: 4) arena alloc=447KB (458704B) java alloc=51KB (52704B) native alloc=983KB (1006768B) free=2MB (2138960B)
W/System  (10873): ClassLoader referenced unknown path: 
I/Adreno  (10873): QUALCOMM build                   : 74df444, I409c65498b
I/Adreno  (10873): Build Date                       : 06/22/16
I/Adreno  (10873): OpenGL ES Shader Compiler Version: XE031.08.00.02
I/Adreno  (10873): Local Branch                     : N16
I/Adreno  (10873): Remote Branch                    : 
I/Adreno  (10873): Remote Branch                    : 
I/Adreno  (10873): Reconstruct Branch               : 
I/Adreno  (10873): QUALCOMM build                   : 74df444, I409c65498b
I/Adreno  (10873): Build Date                       : 06/22/16
I/Adreno  (10873): OpenGL ES Shader Compiler Version: XE031.08.00.02
I/Adreno  (10873): Local Branch                     : N16
I/Adreno  (10873): Remote Branch                    : 
I/Adreno  (10873): Remote Branch                    : 
I/Adreno  (10873): Reconstruct Branch               : 

]]><xtc-duration value="131.3535365"/></xtc-step><!-- name: "undefined", id: "undefined" --><![CDATA[
I/MS_ScheduledTaskService( 4201): Executing task with tag:gms:matchstick:register
I/MS_RegisterService( 4201): RegisterService intent:Intent { act=com.google.android.gms.matchstick.register_intent_action cat=[targeted_intent_op_prefix:com.google.android.libraries.matchstick.net.SilentRegisterIntentOperation] cmp=com.google.android.gms/.chimera.GmsIntentOperationService } isPeriodic:false
I/MS_PhoneUtils( 4201): Phone type: 1
I/art     (  873): Background partial concurrent mark sweep GC freed 55203(3MB) AllocSpace objects, 6(116KB) LOS objects, 33% free, 16MB/25MB, paused 1.846ms total 109ms
I/MS_RegisterService( 4201): Doing full registration.
I/MS_RegisterService( 4201): Throttling registration.

]]><xtc-step name="[0-1025]CareerBuilder_Search.DroidFeatureTests.JDPTests.LocationButtonGoesToMap-0-NA-FinalScreenShot" id="[0-1025]CareerBuilder_Search.DroidFeatureTests.JDPTests.LocationButtonGoesToMap-0-NA-FinalScreenShot"><![CDATA[
D/WifiService(  873): acquireWifiLockLocked: WifiLock{NlpWifiLock type=2 uid=10018}
D/WifiService(  873): acquireWifiLockLocked: WifiLock{NlpWifiLock type=2 uid=10018}
D/WifiService(  873): releaseWifiLockLocked: WifiLock{NlpWifiLock type=2 uid=10018}
D/WifiService(  873): releaseWifiLockLocked: WifiLock{NlpWifiLock type=2 uid=10018}

]]><xtc-duration value="1.5583125"/></xtc-step><!-- name: "undefined", id: "undefined" --><![CDATA[
I/art     (10150): Starting a blocking GC Explicit
I/art     (10150): Explicit concurrent mark sweep GC freed 4544(209KB) AllocSpace objects, 1(20KB) LOS objects, 40% free, 12MB/21MB, paused 845us total 49.998ms

]]><xtc-duration value="139.8596632" skip="false"/></xtc-scenario><!-- name: "undefined", id: "undefined" --><![CDATA[
D/WifiService(  873): acquireWifiLockLocked: WifiLock{NlpWifiLock type=2 uid=10018}
W/ActivityManager(  873): Permission Denial: Accessing service ComponentInfo{com.google.android.music/com.google.android.music.dial.DialMediaRouteProviderService} from pid=5330, uid=10085 that is not exported from uid 10071
D/RegisteredNfcFServicesCache( 4154): Service unchanged, not updating
I/InputReader(  873): Reconfiguring input devices.  changes=0x00000010
D/CarrierSvcBindHelper( 3229): No carrier app for: 0
I/ActivityManager(  873): Start proc 10981:com.android.printspooler/u0a80 for service com.android.printspooler/.model.PrintSpoolerService
D/WifiService(  873): releaseWifiLockLocked: WifiLock{NlpWifiLock type=2 uid=10018}
I/art     (10150): Starting a blocking GC Explicit
I/art     (10150): Explicit concurrent mark sweep GC freed 11382(543KB) AllocSpace objects, 2(40KB) LOS objects, 40% free, 12MB/21MB, paused 1.047ms total 55.757ms
D/WifiService(  873): acquireWifiLockLocked: WifiLock{NlpWifiLock type=2 uid=10018}
D/Mono    (10150): [0xd14e6920] worker finishing
I/art     (10150): Starting a blocking GC Explicit
I/art     (10150): Explicit concurrent mark sweep GC freed 5111(274KB) AllocSpace objects, 1(20KB) LOS objects, 40% free, 12MB/21MB, paused 891us total 50.185ms
D/WifiService(  873): acquireWifiLockLocked: WifiLock{NlpWifiLock type=2 uid=10018}
D/WifiService(  873): releaseWifiLockLocked: WifiLock{NlpWifiLock type=2 uid=10018}
D/WifiService(  873): releaseWifiLockLocked: WifiLock{NlpWifiLock type=2 uid=10018}
