D/Mono    ( 9435): Assembly Ref addref System.Core[0xe5855220] -> mscorlib[0xe5819700]: 10
D/Mono    ( 9435): Image addref System.Reflection.Extensions[0xe5855340] -> System.Reflection.Extensions.dll[0xde711d00]: 2
D/Mono    ( 9435): Prepared to set up assembly 'System.Reflection.Extensions' (System.Reflection.Extensions.dll)
D/Mono    ( 9435): Assembly System.Reflection.Extensions[0xe5855340] added to domain RootDomain, ref_count=1
D/Mono    ( 9435): AOT module 'System.Reflection.Extensions.dll.so' not found: dlopen failed: library "/data/app/com.careerbuilder.SugarDrone-1/lib/arm/libaot-System.Reflection.Extensions.dll.so" not found
D/Mono    ( 9435): AOT module '/Users/builder/data/lanes/4009/3a62f1ea/source/monodroid/builds/install/mono-armv6/lib/mono/aot-cache/arm/System.Reflection.Extensions.dll.so' not found: dlopen failed: library "/data/app/com.careerbuilder.SugarDrone-1/lib/arm/libaot-System.Reflection.Extensions.dll.so" not found
D/Mono    ( 9435): Config attempting to parse: 'System.Reflection.Extensions.dll.config'.
D/Mono    ( 9435): Config attempting to parse: '/Users/builder/data/lanes/4009/3a62f1ea/source/monodroid/builds/install/mono-armv6/etc/mono/assemblies/System.Reflection.Extensions/System.Reflection.Extensions.config'.
D/Mono    ( 9435): Assembly Ref addref Java.Interop[0xe5854c80] -> System.Reflection.Extensions[0xe5855340]: 2
D/Mono    ( 9435): Assembly Ref addref System.Reflection.Extensions[0xe5855340] -> mscorlib[0xe5819700]: 11
D/Mono    ( 9435): Assembly Ref addref Mono.Android[0xe5854c20] -> System.Core[0xe5855220]: 3
D/Mono    ( 9435): DllImport searching in: '__Internal' ('(null)').
D/Mono    ( 9435): Searching for 'monodroid_typemap_managed_to_java'.
D/Mono    ( 9435): Probing 'monodroid_typemap_managed_to_java'.
D/Mono    ( 9435): Found as 'monodroid_typemap_managed_to_java'.
D/Mono    ( 9435): DllImport searching in: '__Internal' ('(null)').
D/Mono    ( 9435): Searching for 'java_interop_jnienv_alloc_object'.
D/Mono    ( 9435): Probing 'java_interop_jnienv_alloc_object'.
D/Mono    ( 9435): Found as 'java_interop_jnienv_alloc_object'.
D/Mono    ( 9435): DllImport searching in: '__Internal' ('(null)').
D/Mono    ( 9435): Searching for '_monodroid_gc_wait_for_bridge_processing'.
D/Mono    ( 9435): Probing '_monodroid_gc_wait_for_bridge_processing'.
D/Mono    ( 9435): Found as '_monodroid_gc_wait_for_bridge_processing'.
D/Mono    ( 9435): DllImport searching in: '__Internal' ('(null)').
D/Mono    ( 9435): Searching for 'java_interop_jnienv_register_natives'.
D/Mono    ( 9435): Probing 'java_interop_jnienv_register_natives'.
D/Mono    ( 9435): Found as 'java_interop_jnienv_register_natives'.
D/Mono    ( 9435): DllImport searching in: '__Internal' ('(null)').
D/Mono    ( 9435): Searching for 'java_interop_jnienv_call_nonvirtual_void_method_a'.
D/Mono    ( 9435): Probing 'java_interop_jnienv_call_nonvirtual_void_method_a'.
D/Mono    ( 9435): Found as 'java_interop_jnienv_call_nonvirtual_void_method_a'.
D/Mono    ( 9435): DllImport searching in: '__Internal' ('(null)').
D/Mono    ( 9435): Searching for 'java_interop_jnienv_is_same_object'.
D/Mono    ( 9435): Probing 'java_interop_jnienv_is_same_object'.
D/Mono    ( 9435): Found as 'java_interop_jnienv_is_same_object'.
D/Mono    ( 9435): DllImport searching in: '__Internal' ('(null)').
D/Mono    ( 9435): Searching for 'java_interop_jnienv_call_static_void_method_a'.
D/Mono    ( 9435): Probing 'java_interop_jnienv_call_static_void_method_a'.
D/Mono    ( 9435): Found as 'java_interop_jnienv_call_static_void_method_a'.
D/Mono    ( 9435): Assembly Ref addref AppsFlyerXamarinBindingAndroid[0xe5819880] -> mscorlib[0xe5819700]: 12
D/Mono    ( 9435): Assembly Ref addref AppsFlyerXamarinBindingAndroid[0xe5819880] -> Mono.Android[0xe5854c20]: 2
D/Mono    ( 9435): Assembly Ref addref HockeySDK[0xe5853300] -> mscorlib[0xe5819700]: 13
D/Mono    ( 9435): Assembly Ref addref HockeySDK[0xe5853300] -> Mono.Android[0xe5854c20]: 3
D/Mono    ( 9435): Assembly Ref addref Xamarin.GooglePlayServices.Analytics[0xe58542c0] -> mscorlib[0xe5819700]: 14
D/Mono    ( 9435): Assembly Ref addref Xamarin.GooglePlayServices.Analytics[0xe58542c0] -> Mono.Android[0xe5854c20]: 4
D/Mono    ( 9435): Assembly Ref addref Xamarin.GooglePlayServices.Base[0xe5854320] -> mscorlib[0xe5819700]: 15
D/Mono    ( 9435): Assembly Ref addref Xamarin.GooglePlayServices.Base[0xe5854320] -> Mono.Android[0xe5854c20]: 5
D/Mono    ( 9435): Assembly Ref addref Xamarin.GooglePlayServices.Basement[0xe5854380] -> mscorlib[0xe5819700]: 16
D/Mono    ( 9435): Assembly Ref addref Xamarin.GooglePlayServices.Basement[0xe5854380] -> Mono.Android[0xe5854c20]: 6
D/Mono    ( 9435): Assembly Ref addref FloatingActionButton-Xamarin[0xe5854500] -> mscorlib[0xe5819700]: 17
D/Mono    ( 9435): Assembly Ref addref FloatingActionButton-Xamarin[0xe5854500] -> Mono.Android[0xe5854c20]: 7
D/Mono    ( 9435): Assembly Ref addref Xamarin.Android.Support.v4[0xe5854560] -> mscorlib[0xe5819700]: 18
D/Mono    ( 9435): Assembly Ref addref Xamarin.Android.Support.v4[0xe5854560] -> Mono.Android[0xe5854c20]: 8
D/Mono    ( 9435): Assembly Ref addref Xamarin.Android.Support.v7.RecyclerView[0xe58545c0] -> mscorlib[0xe5819700]: 19
D/Mono    ( 9435): Assembly Ref addref Xamarin.Android.Support.v7.RecyclerView[0xe58545c0] -> Mono.Android[0xe5854c20]: 9
D/Mono    ( 9435): Assembly Ref addref Xamarin.Android.Support.Vector.Drawable[0xe5854620] -> mscorlib[0xe5819700]: 20
D/Mono    ( 9435): Assembly Ref addref Xamarin.Android.Support.Vector.Drawable[0xe5854620] -> Mono.Android[0xe5854c20]: 10
D/Mono    ( 9435): Assembly Ref addref Xamarin.Android.Support.Animated.Vector.Drawable[0xe5854680] -> mscorlib[0xe5819700]: 21
D/Mono    ( 9435): Assembly Ref addref Xamarin.Android.Support.Animated.Vector.Drawable[0xe5854680] -> Mono.Android[0xe5854c20]: 11
D/Mono    ( 9435): Assembly Ref addref Xamarin.Android.Support.v7.AppCompat[0xe58546e0] -> mscorlib[0xe5819700]: 22
D/Mono    ( 9435): Assembly Ref addref Xamarin.Android.Support.v7.AppCompat[0xe58546e0] -> Mono.Android[0xe5854c20]: 12
D/Mono    ( 9435): Assembly Ref addref Xamarin.Android.Support.Design[0xe5854740] -> mscorlib[0xe5819700]: 23
D/Mono    ( 9435): Assembly Ref addref Xamarin.Android.Support.Design[0xe5854740] -> Mono.Android[0xe5854c20]: 13
D/Mono    ( 9435): Assembly Ref addref Xamarin.Android.Support.v7.CardView[0xe58547a0] -> mscorlib[0xe5819700]: 24
D/Mono    ( 9435): Assembly Ref addref Xamarin.Android.Support.v7.CardView[0xe58547a0] -> Mono.Android[0xe5854c20]: 14
D/Mono    ( 9435): Assembly Ref addref FlexboxLayoutXamarinBindingAndroid[0xe5854b00] -> mscorlib[0xe5819700]: 25
D/Mono    ( 9435): Assembly Ref addref FlexboxLayoutXamarinBindingAndroid[0xe5854b00] -> Mono.Android[0xe5854c20]: 15
D/Mono    ( 9435): Assembly Ref addref CareerBuilder_Search.Droid[0xe5819820] -> Mono.Android[0xe5854c20]: 16
D/Mono    ( 9435): Assembly Ref addref CareerBuilder_Search.Droid[0xe5819820] -> mscorlib[0xe5819700]: 26
D/Mono    ( 9435): Image addref Mono.Android.Export[0xe5855880] -> Mono.Android.Export.dll[0xc5fd9000]: 2
D/Mono    ( 9435): Prepared to set up assembly 'Mono.Android.Export' (Mono.Android.Export.dll)
D/Mono    ( 9435): Assembly Mono.Android.Export[0xe5855880] added to domain RootDomain, ref_count=1
D/Mono    ( 9435): AOT module 'Mono.Android.Export.dll.so' not found: dlopen failed: library "/data/app/com.careerbuilder.SugarDrone-1/lib/arm/libaot-Mono.Android.Export.dll.so" not found
D/Mono    ( 9435): AOT module '/Users/builder/data/lanes/4009/3a62f1ea/source/monodroid/builds/install/mono-armv6/lib/mono/aot-cache/arm/Mono.Android.Export.dll.so' not found: dlopen failed: library "/data/app/com.careerbuilder.SugarDrone-1/lib/arm/libaot-Mono.Android.Export.dll.so" not found
D/Mono    ( 9435): Config attempting to parse: 'Mono.Android.Export.dll.config'.
D/Mono    ( 9435): Config attempting to parse: '/Users/builder/data/lanes/4009/3a62f1ea/source/monodroid/builds/install/mono-armv6/etc/mono/assemblies/Mono.Android.Export/Mono.Android.Export.config'.
D/Mono    ( 9435): Assembly Ref addref Mono.Android.Export[0xe5855880] -> mscorlib[0xe5819700]: 27
D/Mono    ( 9435): Assembly Ref addref Mono.Android.Export[0xe5855880] -> Mono.Android[0xe5854c20]: 17
D/Mono    ( 9435): Image addref System.Xml[0xe58557c0] -> System.Xml.dll[0xc5fd9f00]: 2
D/Mono    ( 9435): Prepared to set up assembly 'System.Xml' (System.Xml.dll)
D/Mono    ( 9435): Assembly System.Xml[0xe58557c0] added to domain RootDomain, ref_count=1
D/Mono    ( 9435): AOT module 'System.Xml.dll.so' not found: dlopen failed: library "/data/app/com.careerbuilder.SugarDrone-1/lib/arm/libaot-System.Xml.dll.so" not found
D/Mono    ( 9435): AOT module '/Users/builder/data/lanes/4009/3a62f1ea/source/monodroid/builds/install/mono-armv6/lib/mono/aot-cache/arm/System.Xml.dll.so' not found: dlopen failed: library "/data/app/com.careerbuilder.SugarDrone-1/lib/arm/libaot-System.Xml.dll.so" not found
D/Mono    ( 9435): Config attempting to parse: 'System.Xml.dll.config'.
D/Mono    ( 9435): Config attempting to parse: '/Users/builder/data/lanes/4009/3a62f1ea/source/monodroid/builds/install/mono-armv6/etc/mono/assemblies/System.Xml/System.Xml.config'.
D/Mono    ( 9435): Assembly Ref addref Mono.Android.Export[0xe5855880] -> System.Xml[0xe58557c0]: 2
D/Mono    ( 9435): Assembly Ref addref System.Xml[0xe58557c0] -> mscorlib[0xe5819700]: 28
D/Mono    ( 9435): Assembly Ref addref Mono.Android[0xe5854c20] -> System.Xml[0xe58557c0]: 3
D/Mono    ( 9435): Assembly Ref addref Mono.Android.Export[0xe5855880] -> System.Core[0xe5855220]: 4
D/Mono    ( 9435): Image addref System.Net.Http[0xe5855a60] -> System.Net.Http.dll[0xc5fdc200]: 2
D/Mono    ( 9435): Prepared to set up assembly 'System.Net.Http' (System.Net.Http.dll)
D/Mono    ( 9435): Assembly System.Net.Http[0xe5855a60] added to domain RootDomain, ref_count=1
D/Mono    ( 9435): AOT module 'System.Net.Http.dll.so' not found: dlopen failed: library "/data/app/com.careerbuilder.SugarDrone-1/lib/arm/libaot-System.Net.Http.dll.so" not found
D/Mono    ( 9435): AOT module '/Users/builder/data/lanes/4009/3a62f1ea/source/monodroid/builds/install/mono-armv6/lib/mono/aot-cache/arm/System.Net.Http.dll.so' not found: dlopen failed: library "/data/app/com.careerbuilder.SugarDrone-1/lib/arm/libaot-System.Net.Http.dll.so" not found
D/Mono    ( 9435): Config attempting to parse: 'System.Net.Http.dll.config'.
D/Mono    ( 9435): Config attempting to parse: '/Users/builder/data/lanes/4009/3a62f1ea/source/monodroid/builds/install/mono-armv6/etc/mono/assemblies/System.Net.Http/System.Net.Http.config'.
D/Mono    ( 9435): Assembly Ref addref CareerBuilder_Search.Droid[0xe5819820] -> System.Net.Http[0xe5855a60]: 2
D/Mono    ( 9435): Assembly Ref addref System.Net.Http[0xe5855a60] -> mscorlib[0xe5819700]: 29
I/System.out( 9435): Calabash loaded Mono
I/calabash( 9435): Test server port: 7102
I/InstrumentationBackend( 9435): Added:'NullAction', with key:'nullAction'
I/InstrumentationBackend( 9435): Added:'GetActivityOrientation', with key:'get_activity_orientation'
I/InstrumentationBackend( 9435): Added:'SetActivityOrientation', with key:'set_activity_orientation'
I/InstrumentationBackend( 9435): Added:'DpToDevicePixel', with key:'dp_to_device_pixel'
I/InstrumentationBackend( 9435): Added:'ClickOnScreen', with key:'click_on_screen'
I/InstrumentationBackend( 9435): Added:'DoubleTapCoordinate', with key:'double_tap_coordinate'
I/InstrumentationBackend( 9435): Added:'Drag', with key:'drag'
I/InstrumentationBackend( 9435): Added:'DragCoordinates', with key:'drag_coordinates'
I/InstrumentationBackend( 9435): Added:'LongPressCoordinate', with key:'long_press_coordinate'
I/InstrumentationBackend( 9435): Added:'ResumeApplication', with key:'resume_application'
I/InstrumentationBackend( 9435): Added:'Swipe', with key:'swipe'
I/InstrumentationBackend( 9435): Added:'TouchCoordinates', with key:'touch_coordinate'
I/InstrumentationBackend( 9435): Added:'ListActions', with key:'list_actions'
I/InstrumentationBackend( 9435): Added:'SendTcp', with key:'send_tcp'
I/InstrumentationBackend( 9435): Added:'PressElement', with key:'press_l10n_element'
I/InstrumentationBackend( 9435): Added:'WaitForElement', with key:'wait_for_l10n_element'
I/InstrumentationBackend( 9435): Added:'FakeGPSLocation', with key:'set_gps_coordinates'
I/InstrumentationBackend( 9435): Added:'GetMapBounds', with key:'get_map_bounds'
I/InstrumentationBackend( 9435): Added:'GetMapCenter', with key:'get_map_center'
I/InstrumentationBackend( 9435): Added:'GetMapMarker', with key:'get_map_marker'
I/InstrumentationBackend( 9435): Added:'GetMapMarkers', with key:'get_map_markers'
I/InstrumentationBackend( 9435): Added:'GetMapZoom', with key:'get_map_zoom'
I/InstrumentationBackend( 9435): Added:'PanMapTo', with key:'pan_map_to'
I/InstrumentationBackend( 9435): Added:'SetMapCenter', with key:'set_map_center'
I/InstrumentationBackend( 9435): Added:'SetMapZoom', with key:'set_map_zoom'
I/InstrumentationBackend( 9435): Added:'TapAwayFromMarkers', with key:'tap_map_away_from_markers'
I/InstrumentationBackend( 9435): Added:'TapMapMarker', with key:'tap_map_marker_by_title'
I/InstrumentationBackend( 9435): Added:'ClearPreferences', with key:'clear_preferences'
I/InstrumentationBackend( 9435): Added:'GetPreferences', with key:'get_preferences'
I/InstrumentationBackend( 9435): Added:'SetPreferences', with key:'set_preferences'
I/InstrumentationBackend( 9435): Added:'PressKey', with key:'press_key'
I/InstrumentationBackend( 9435): Added:'DeleteSurroundingText', with key:'delete_surrounding_text'
I/InstrumentationBackend( 9435): Added:'HideSoftKeyboard', with key:'hide_soft_keyboard'
I/InstrumentationBackend( 9435): Added:'KeyboardEnterText', with key:'keyboard_enter_text'
I/InstrumentationBackend( 9435): Added:'KeyboardKeyEvent', with key:'keyboard_key_event'
I/InstrumentationBackend( 9435): Added:'PressUserActionButton', with key:'press_user_action_button'
I/InstrumentationBackend( 9435): Added:'SetComposingRegion', with key:'set_composing_region'
I/InstrumentationBackend( 9435): Added:'SetSelection', with key:'set_selection'
I/InstrumentationBackend( 9435): Added:'AndroidSDKVersion', with key:'android_sdk_version'
I/InstrumentationBackend( 9435): Added:'Version', with key:'version'
I/InstrumentationBackend( 9435): Added:'GetActivityName', with key:'get_activity_name'
I/InstrumentationBackend( 9435): Added:'IsCurrentActivityFocused', with key:'is_current_activity_focused'
I/InstrumentationBackend( 9435): Added:'ScrollToView', with key:'scroll_to_view'
I/InstrumentationBackend( 9435): Added:'ViewConfiguration', with key:'view_configuration'
I/InstrumentationBackend( 9435): Added:'DumpBodyHtml', with key:'dump_body_html'
I/InstrumentationBackend( 9435): Added:'DumpHtml', with key:'dump_html'
I/InstrumentationBackend( 9435): Added:'EnterTextByCssSelector', with key:'enter_text_by_selector'
I/InstrumentationBackend( 9435): Added:'GetLoadProgress', with key:'get_load_progress'
I/InstrumentationBackend( 9435): Added:'GetUrl', with key:'get_url'
I/InstrumentationBackend( 9435): Added:'ScrollTo', with key:'scroll_to'
I/InstrumentationBackend( 9435): Added:'SetPropertyByCssSelector', with key:'set_property_by_css_selector'
I/calabash( 9435): Instantiating http server at 7102
I/System.out( 9435): HTTP Daemon listening on: 7102
I/System.out( 9435): URI: /ready
I/System.out( 9435): params: {}
I/System.out( 9435): URI: /ready
I/System.out( 9435): params: {}
I/System.out( 9435): URI: /ping
I/System.out( 9435): params: {json={"intent":null }
I/System.out( 9435): }
I/System.out( 9435): URI: /ready
I/System.out( 9435): params: {json={"intent":null }
I/System.out( 9435): }
I/System.out( 9435): URI: /start-application
I/System.out( 9435): params: {json={"intent":null }
I/System.out( 9435): }
I/calabash( 9435): execStartActivity 4
I/ActivityManager(  868): START u0 {act=android.intent.action.MAIN cat=[android.intent.category.LAUNCHER] flg=0x10200000 cmp=com.careerbuilder.SugarDrone/md537fd6201b6818e2e180d2f7606e21a83.AppMainActivity (has extras)} from uid 15733 on display 0
W/SearchService( 4172): Abort, client detached.
I/MicroDetector( 4172): Keeping mic open: false
I/DeviceStateChecker( 4172): DeviceStateChecker cancelled
I/MicrophoneInputStream( 4172): mic_close com.google.android.apps.gsa.speech.audio.ah@1a25986
E/AudioRecord-JNI( 4172): Error -4 during AudioRecord native read
I/calabash( 9435): newActivity1
D/Mono    ( 9435): Assembly Ref addref CareerBuilder_Search.Droid[0xe5819820] -> Xamarin.Android.Support.v7.AppCompat[0xe58546e0]: 2
D/Mono    ( 9435): Assembly Ref addref Xamarin.Android.Support.v7.AppCompat[0xe58546e0] -> Xamarin.Android.Support.v4[0xe5854560]: 2
D/Mono    ( 9435): DllImport searching in: '__Internal' ('(null)').
D/Mono    ( 9435): Searching for 'java_interop_jnienv_get_array_length'.
D/Mono    ( 9435): Probing 'java_interop_jnienv_get_array_length'.
D/Mono    ( 9435): Found as 'java_interop_jnienv_get_array_length'.
D/sound_trigger_platform(  505): platform_stdev_check_and_update_concurrency: concurrency active 0, tx 0, rx 0, concurrency session_allowed 1
I/SoundTriggerHwService::Module(  505): void android::SoundTriggerHwService::Module::onCallbackEvent(const sp<android::SoundTriggerHwService::CallbackEvent> &) mClient == 0
I/MicroRecognitionRunner( 4172): Detection finished
I/MicroRecognitionRunner( 4172): Stopping hotword detection.
D/Mono    ( 9435): Assembly Ref addref CareerBuilder_Search.Droid[0xe5819820] -> CareerBuilder_Search[0xe5854bc0]: 2
D/Mono    ( 9435): Assembly Ref addref CareerBuilder_Search.Droid[0xe5819820] -> Xamarin.Android.Support.v4[0xe5854560]: 3
D/Mono    ( 9435): DllImport searching in: '__Internal' ('(null)').
D/Mono    ( 9435): Searching for 'java_interop_jnienv_new_string'.
D/Mono    ( 9435): Probing 'java_interop_jnienv_new_string'.
D/Mono    ( 9435): Found as 'java_interop_jnienv_new_string'.
D/Mono    ( 9435): Assembly Ref addref CareerBuilder_Search.Droid[0xe5819820] -> Plugin.CurrentActivity[0xe5853960]: 2
D/Mono    ( 9435): Assembly Ref addref Plugin.CurrentActivity[0xe5853960] -> mscorlib[0xe5819700]: 30
D/Mono    ( 9435): Assembly Ref addref Plugin.CurrentActivity[0xe5853960] -> Mono.Android[0xe5854c20]: 18
D/Mono    ( 9435): [0xc54f4920] worker starting
D/Mono    ( 9435): [0xc52ff920] worker starting
D/Mono    ( 9435): Unloading image System.Runtime.dll [0xc5732f00].
D/Mono    ( 9435): Image addref System.Runtime[0xde534300] -> System.Runtime.dll[0xde68d200]: 5
D/Mono    ( 9435): Config attempting to parse: 'System.Runtime.dll.config'.
D/Mono    ( 9435): Config attempting to parse: '/Users/builder/data/lanes/4009/3a62f1ea/source/monodroid/builds/install/mono-armv6/etc/mono/assemblies/System.Runtime/System.Runtime.config'.
D/Mono    ( 9435): Assembly Ref addref CareerBuilder_Search[0xe5854bc0] -> System.Runtime[0xe5854ce0]: 3
D/Mono    ( 9435): Assembly Ref addref CareerBuilder_Search[0xe5854bc0] -> Plugin.DeviceInfo.Abstractions[0xe5854260]: 2
D/Mono    ( 9435): Unloading image System.Runtime.dll [0xc5733400].
D/Mono    ( 9435): Image addref System.Runtime[0xde534300] -> System.Runtime.dll[0xde68d200]: 6
D/Mono    ( 9435): Config attempting to parse: 'System.Runtime.dll.config'.
D/Mono    ( 9435): Config attempting to parse: '/Users/builder/data/lanes/4009/3a62f1ea/source/monodroid/builds/install/mono-armv6/etc/mono/assemblies/System.Runtime/System.Runtime.config'.
D/Mono    ( 9435): Assembly Ref addref Plugin.DeviceInfo.Abstractions[0xe5854260] -> System.Runtime[0xe5854ce0]: 4
D/Mono    ( 9435): Assembly Ref addref CareerBuilder_Search.Droid[0xe5819820] -> Akavache[0xe5853360]: 2
D/Mono    ( 9435): Assembly Ref addref Akavache[0xe5853360] -> mscorlib[0xe5819700]: 31
D/Mono    ( 9435): Assembly Ref addref Akavache[0xe5853360] -> System.Reactive.Interfaces[0xe5854920]: 2
D/Mono    ( 9435): Assembly Ref addref Akavache[0xe5853360] -> System.Reactive.Core[0xe58548c0]: 2
D/Mono    ( 9435): Unloading image System.Runtime.dll [0xc5733400].
D/Mono    ( 9435): Image addref System.Runtime[0xde534300] -> System.Runtime.dll[0xde68d200]: 7
D/Mono    ( 9435): Config attempting to parse: 'System.Runtime.dll.config'.
D/Mono    ( 9435): Config attempting to parse: '/Users/builder/data/lanes/4009/3a62f1ea/source/monodroid/builds/install/mono-armv6/etc/mono/assemblies/System.Runtime/System.Runtime.config'.
D/Mono    ( 9435): Assembly Ref addref System.Reactive.Core[0xe58548c0] -> System.Runtime[0xe5854ce0]: 5
D/Mono    ( 9435): DllImport searching in: '__Internal' ('(null)').
D/Mono    ( 9435): Searching for 'java_interop_jnienv_call_nonvirtual_object_method_a'.
D/Mono    ( 9435): Probing 'java_interop_jnienv_call_nonvirtual_object_method_a'.
D/Mono    ( 9435): Found as 'java_interop_jnienv_call_nonvirtual_object_method_a'.
D/Mono    ( 9435): Assembly Ref addref CareerBuilder_Search.Droid[0xe5819820] -> Microsoft.Practices.Unity[0xe58536c0]: 2
D/Mono    ( 9435): Unloading image System.Runtime.dll [0xc5733400].
D/Mono    ( 9435): Image addref System.Runtime[0xde534300] -> System.Runtime.dll[0xde68d200]: 8
D/Mono    ( 9435): Config attempting to parse: 'System.Runtime.dll.config'.
D/Mono    ( 9435): Config attempting to parse: '/Users/builder/data/lanes/4009/3a62f1ea/source/monodroid/builds/install/mono-armv6/etc/mono/assemblies/System.Runtime/System.Runtime.config'.
D/Mono    ( 9435): Assembly Ref addref Microsoft.Practices.Unity[0xe58536c0] -> System.Runtime[0xe5854ce0]: 6
D/Mono    ( 9435): Unloading image System.Collections.dll [0xc5734d00].
D/Mono    ( 9435): Image addref System.Collections[0xde534300] -> System.Collections.dll[0xde70ff00]: 5
D/Mono    ( 9435): Config attempting to parse: 'System.Collections.dll.config'.
D/Mono    ( 9435): Config attempting to parse: '/Users/builder/data/lanes/4009/3a62f1ea/source/monodroid/builds/install/mono-armv6/etc/mono/assemblies/System.Collections/System.Collections.config'.
D/Mono    ( 9435): Assembly Ref addref Microsoft.Practices.Unity[0xe58536c0] -> System.Collections[0xe5854f80]: 3
D/Mono    ( 9435): Assembly Ref addref CareerBuilder_Search[0xe5854bc0] -> Microsoft.Practices.Unity[0xe58536c0]: 3
D/Mono    ( 9435): Assembly Ref addref CareerBuilder_Search.Droid[0xe5819820] -> Plugin.DeviceInfo.Abstractions[0xe5854260]: 3
D/Mono    ( 9435): Unloading image System.Diagnostics.Debug.dll [0xc5734d00].
D/Mono    ( 9435): Image addref System.Diagnostics.Debug[0xde534300] -> System.Diagnostics.Debug.dll[0xde70f000]: 5
D/Mono    ( 9435): Config attempting to parse: 'System.Diagnostics.Debug.dll.config'.
D/Mono    ( 9435): Config attempting to parse: '/Users/builder/data/lanes/4009/3a62f1ea/source/monodroid/builds/install/mono-armv6/etc/mono/assemblies/System.Diagnostics.Debug/System.Diagnostics.Debug.config'.
D/Mono    ( 9435): Assembly Ref addref CareerBuilder_Search[0xe5854bc0] -> System.Diagnostics.Debug[0xe5854e60]: 3
D/Mono    ( 9435): Assembly Ref addref System.Diagnostics.Debug[0xe5854e60] -> mscorlib[0xe5819700]: 32
D/Mono    ( 9435): Image addref System.Diagnostics.Tools[0xde534300] -> System.Diagnostics.Tools.dll[0xc5734d00]: 2
D/Mono    ( 9435): Prepared to set up assembly 'System.Diagnostics.Tools' (System.Diagnostics.Tools.dll)
D/Mono    ( 9435): Assembly System.Diagnostics.Tools[0xde534300] added to domain RootDomain, ref_count=1
D/Mono    ( 9435): AOT module 'System.Diagnostics.Tools.dll.so' not found: dlopen failed: library "/data/app/com.careerbuilder.SugarDrone-1/lib/arm/libaot-System.Diagnostics.Tools.dll.so" not found
D/Mono    ( 9435): AOT module '/Users/builder/data/lanes/4009/3a62f1ea/source/monodroid/builds/install/mono-armv6/lib/mono/aot-cache/arm/System.Diagnostics.Tools.dll.so' not found: dlopen failed: library "/data/app/com.careerbuilder.SugarDrone-1/lib/arm/libaot-System.Diagnostics.Tools.dll.so" not found
D/Mono    ( 9435): Config attempting to parse: 'System.Diagnostics.Tools.dll.config'.
D/Mono    ( 9435): Config attempting to parse: '/Users/builder/data/lanes/4009/3a62f1ea/source/monodroid/builds/install/mono-armv6/etc/mono/assemblies/System.Diagnostics.Tools/System.Diagnostics.Tools.config'.
D/Mono    ( 9435): Assembly Ref addref Microsoft.Practices.Unity[0xe58536c0] -> System.Diagnostics.Tools[0xde534300]: 2
D/Mono    ( 9435): Assembly Ref addref System.Diagnostics.Tools[0xde534300] -> mscorlib[0xe5819700]: 33
D/Mono    ( 9435): Image addref System.Resources.ResourceManager[0xde534360] -> System.Resources.ResourceManager.dll[0xc5735200]: 2
D/Mono    ( 9435): Prepared to set up assembly 'System.Resources.ResourceManager' (System.Resources.ResourceManager.dll)
D/Mono    ( 9435): Assembly System.Resources.ResourceManager[0xde534360] added to domain RootDomain, ref_count=1
D/Mono    ( 9435): AOT module 'System.Resources.ResourceManager.dll.so' not found: dlopen failed: library "/data/app/com.careerbuilder.SugarDrone-1/lib/arm/libaot-System.Resources.ResourceManager.dll.so" not found
D/Mono    ( 9435): AOT module '/Users/builder/data/lanes/4009/3a62f1ea/source/monodroid/builds/install/mono-armv6/lib/mono/aot-cache/arm/System.Resources.ResourceManager.dll.so' not found: dlopen failed: library "/data/app/com.careerbuilder.SugarDrone-1/lib/arm/libaot-System.Resources.ResourceManager.dll.so" not found
D/Mono    ( 9435): Config attempting to parse: 'System.Resources.ResourceManager.dll.config'.
D/Mono    ( 9435): Config attempting to parse: '/Users/builder/data/lanes/4009/3a62f1ea/source/monodroid/builds/install/mono-armv6/etc/mono/assemblies/System.Resources.ResourceManager/System.Resources.ResourceManager.config'.
D/Mono    ( 9435): Assembly Ref addref Microsoft.Practices.Unity[0xe58536c0] -> System.Resources.ResourceManager[0xde534360]: 2
D/Mono    ( 9435): Assembly Ref addref System.Resources.ResourceManager[0xde534360] -> mscorlib[0xe5819700]: 34
D/Mono    ( 9435): Unloading image System.Reflection.dll [0xc5735700].
D/Mono    ( 9435): Image addref System.Reflection[0xde5343c0] -> System.Reflection.dll[0xde68e600]: 5
D/Mono    ( 9435): Config attempting to parse: 'System.Reflection.dll.config'.
D/Mono    ( 9435): Config attempting to parse: '/Users/builder/data/lanes/4009/3a62f1ea/source/monodroid/builds/install/mono-armv6/etc/mono/assemblies/System.Reflection/System.Reflection.config'.
D/Mono    ( 9435): Assembly Ref addref Microsoft.Practices.Unity[0xe58536c0] -> System.Reflection[0xe5854da0]: 3
D/Mono    ( 9435): Unloading image System.Linq.dll [0xc5735700].
D/Mono    ( 9435): Image addref System.Linq[0xde5345a0] -> System.Linq.dll[0xde712200]: 5
D/Mono    ( 9435): Config attempting to parse: 'System.Linq.dll.config'.
D/Mono    ( 9435): Config attempting to parse: '/Users/builder/data/lanes/4009/3a62f1ea/source/monodroid/builds/install/mono-armv6/etc/mono/assemblies/System.Linq/System.Linq.config'.
D/Mono    ( 9435): Assembly Ref addref Microsoft.Practices.Unity[0xe58536c0] -> System.Linq[0xe58550a0]: 3
I/Adreno  ( 9435): QUALCOMM build                   : 74df444, I409c65498b
I/Adreno  ( 9435): Build Date                       : 06/22/16
I/Adreno  ( 9435): OpenGL ES Shader Compiler Version: XE031.08.00.02
I/Adreno  ( 9435): Local Branch                     : N16
I/Adreno  ( 9435): Remote Branch                    : 
I/Adreno  ( 9435): Remote Branch                    : 
I/Adreno  ( 9435): Reconstruct Branch               : 
W/IInputConnectionWrapper( 4115): reportFullscreenMode on inexistent InputConnection
D/Mono    ( 9435): Unloading image System.Threading.dll [0xc5735700].
D/Mono    ( 9435): Image addref System.Threading[0xde5345a0] -> System.Threading.dll[0xde68eb00]: 5
D/Mono    ( 9435): Config attempting to parse: 'System.Threading.dll.config'.
D/Mono    ( 9435): Config attempting to parse: '/Users/builder/data/lanes/4009/3a62f1ea/source/monodroid/builds/install/mono-armv6/etc/mono/assemblies/System.Threading/System.Threading.config'.
D/Mono    ( 9435): Assembly Ref addref Microsoft.Practices.Unity[0xe58536c0] -> System.Threading[0xe5854e00]: 3
I/OpenGLRenderer( 9435): Initialized EGL, version 1.4
D/OpenGLRenderer( 9435): Swap behavior 1
D/Mono    ( 9435): Image addref System.Globalization[0xde5344e0] -> System.Globalization.dll[0xc50b7600]: 2
D/Mono    ( 9435): Prepared to set up assembly 'System.Globalization' (System.Globalization.dll)
D/Mono    ( 9435): Assembly System.Globalization[0xde5344e0] added to domain RootDomain, ref_count=1
D/Mono    ( 9435): AOT module 'System.Globalization.dll.so' not found: dlopen failed: library "/data/app/com.careerbuilder.SugarDrone-1/lib/arm/libaot-System.Globalization.dll.so" not found
D/Mono    ( 9435): AOT module '/Users/builder/data/lanes/4009/3a62f1ea/source/monodroid/builds/install/mono-armv6/lib/mono/aot-cache/arm/System.Globalization.dll.so' not found: dlopen failed: library "/data/app/com.careerbuilder.SugarDrone-1/lib/arm/libaot-System.Globalization.dll.so" not found
D/Mono    ( 9435): Config attempting to parse: 'System.Globalization.dll.config'.
D/Mono    ( 9435): Config attempting to parse: '/Users/builder/data/lanes/4009/3a62f1ea/source/monodroid/builds/install/mono-armv6/etc/mono/assemblies/System.Globalization/System.Globalization.config'.
D/Mono    ( 9435): Assembly Ref addref Microsoft.Practices.Unity[0xe58536c0] -> System.Globalization[0xde5344e0]: 2
D/Mono    ( 9435): Assembly Ref addref System.Globalization[0xde5344e0] -> mscorlib[0xe5819700]: 35
D/Mono    ( 9435): Image addref System.Runtime.Extensions[0xde535560] -> System.Runtime.Extensions.dll[0xc4f3cd00]: 2
D/Mono    ( 9435): Prepared to set up assembly 'System.Runtime.Extensions' (System.Runtime.Extensions.dll)
D/Mono    ( 9435): Assembly System.Runtime.Extensions[0xde535560] added to domain RootDomain, ref_count=1
D/Mono    ( 9435): AOT module 'System.Runtime.Extensions.dll.so' not found: dlopen failed: library "/data/app/com.careerbuilder.SugarDrone-1/lib/arm/libaot-System.Runtime.Extensions.dll.so" not found
D/Mono    ( 9435): AOT module '/Users/builder/data/lanes/4009/3a62f1ea/source/monodroid/builds/install/mono-armv6/lib/mono/aot-cache/arm/System.Runtime.Extensions.dll.so' not found: dlopen failed: library "/data/app/com.careerbuilder.SugarDrone-1/lib/arm/libaot-System.Runtime.Extensions.dll.so" not found
D/Mono    ( 9435): Config attempting to parse: 'System.Runtime.Extensions.dll.config'.
D/Mono    ( 9435): Config attempting to parse: '/Users/builder/data/lanes/4009/3a62f1ea/source/monodroid/builds/install/mono-armv6/etc/mono/assemblies/System.Runtime.Extensions/System.Runtime.Extensions.config'.
D/Mono    ( 9435): Assembly Ref addref Microsoft.Practices.Unity[0xe58536c0] -> System.Runtime.Extensions[0xde535560]: 2
D/Mono    ( 9435): Assembly Ref addref System.Runtime.Extensions[0xde535560] -> mscorlib[0xe5819700]: 36
D/Mono    ( 9435): Image addref System.Linq.Expressions[0xc45066c0] -> System.Linq.Expressions.dll[0xc5735c00]: 2
D/Mono    ( 9435): Prepared to set up assembly 'System.Linq.Expressions' (System.Linq.Expressions.dll)
D/Mono    ( 9435): Assembly System.Linq.Expressions[0xc45066c0] added to domain RootDomain, ref_count=1
D/Mono    ( 9435): AOT module 'System.Linq.Expressions.dll.so' not found: dlopen failed: library "/data/app/com.careerbuilder.SugarDrone-1/lib/arm/libaot-System.Linq.Expressions.dll.so" not found
D/Mono    ( 9435): AOT module '/Users/builder/data/lanes/4009/3a62f1ea/source/monodroid/builds/install/mono-armv6/lib/mono/aot-cache/arm/System.Linq.Expressions.dll.so' not found: dlopen failed: library "/data/app/com.careerbuilder.SugarDrone-1/lib/arm/libaot-System.Linq.Expressions.dll.so" not found
D/Mono    ( 9435): Config attempting to parse: 'System.Linq.Expressions.dll.config'.
D/Mono    ( 9435): Config attempting to parse: '/Users/builder/data/lanes/4009/3a62f1ea/source/monodroid/builds/install/mono-armv6/etc/mono/assemblies/System.Linq.Expressions/System.Linq.Expressions.config'.
D/Mono    ( 9435): Assembly Ref addref Microsoft.Practices.Unity[0xe58536c0] -> System.Linq.Expressions[0xc45066c0]: 2
D/Mono    ( 9435): Assembly Ref addref System.Linq.Expressions[0xc45066c0] -> System.Core[0xe5855220]: 5
D/Mono    ( 9435): Assembly Ref addref System.Core[0xe5855220] -> System[0xe5854ec0]: 3
I/ActivityManager(  868): Displayed com.careerbuilder.SugarDrone/md537fd6201b6818e2e180d2f7606e21a83.AppMainActivity: +761ms
D/Mono    ( 9435): Assembly Ref addref CareerBuilder_Search.Droid[0xe5819820] -> Xamarin.GooglePlayServices.Analytics[0xe58542c0]: 2
D/Mono    ( 9435): Assembly Ref addref CareerBuilder_Search.Droid[0xe5819820] -> Plugin.Geolocator.Abstractions[0xe58541a0]: 2
D/Mono    ( 9435): Assembly Ref addref CareerBuilder_Search[0xe5854bc0] -> System.Net.Http[0xe5855a60]: 3
D/Mono    ( 9435): Assembly Ref addref CareerBuilder_Search[0xe5854bc0] -> Plugin.DeviceInfo[0xe5854200]: 2
D/Mono    ( 9435): Assembly Ref addref Plugin.DeviceInfo[0xe5854200] -> mscorlib[0xe5819700]: 37
D/Mono    ( 9435): Assembly Ref addref Plugin.DeviceInfo[0xe5854200] -> Plugin.DeviceInfo.Abstractions[0xe5854260]: 4
D/Mono    ( 9435): Image addref System.Threading.Tasks[0xc4506120] -> System.Threading.Tasks.dll[0xc4f3d700]: 2
D/Mono    ( 9435): Prepared to set up assembly 'System.Threading.Tasks' (System.Threading.Tasks.dll)
D/Mono    ( 9435): Assembly System.Threading.Tasks[0xc4506120] added to domain RootDomain, ref_count=1
D/Mono    ( 9435): AOT module 'System.Threading.Tasks.dll.so' not found: dlopen failed: library "/data/app/com.careerbuilder.SugarDrone-1/lib/arm/libaot-System.Threading.Tasks.dll.so" not found
D/Mono    ( 9435): AOT module '/Users/builder/data/lanes/4009/3a62f1ea/source/monodroid/builds/install/mono-armv6/lib/mono/aot-cache/arm/System.Threading.Tasks.dll.so' not found: dlopen failed: library "/data/app/com.careerbuilder.SugarDrone-1/lib/arm/libaot-System.Threading.Tasks.dll.so" not found
D/Mono    ( 9435): Config attempting to parse: 'System.Threading.Tasks.dll.config'.
D/Mono    ( 9435): Config attempting to parse: '/Users/builder/data/lanes/4009/3a62f1ea/source/monodroid/builds/install/mono-armv6/etc/mono/assemblies/System.Threading.Tasks/System.Threading.Tasks.config'.
D/Mono    ( 9435): Assembly Ref addref CareerBuilder_Search[0xe5854bc0] -> System.Threading.Tasks[0xc4506120]: 2
D/Mono    ( 9435): Assembly Ref addref System.Threading.Tasks[0xc4506120] -> mscorlib[0xe5819700]: 38
D/Mono    ( 9435): Unloading image System.Collections.dll [0xc4f3dc00].
D/Mono    ( 9435): Image addref System.Collections[0xde535500] -> System.Collections.dll[0xde70ff00]: 6
D/Mono    ( 9435): Config attempting to parse: 'System.Collections.dll.config'.
D/Mono    ( 9435): Config attempting to parse: '/Users/builder/data/lanes/4009/3a62f1ea/source/monodroid/builds/install/mono-armv6/etc/mono/assemblies/System.Collections/System.Collections.config'.
D/Mono    ( 9435): Assembly Ref addref CareerBuilder_Search[0xe5854bc0] -> System.Collections[0xe5854f80]: 4
D/Mono    ( 9435): Assembly Ref addref System.Collections[0xe5854f80] -> System[0xe5854ec0]: 4
D/Mono    ( 9435): Assembly Ref addref System.Net.Http[0xe5855a60] -> System[0xe5854ec0]: 5
I/System.out( 9435): URI: /map
I/System.out( 9435): params: {json={"query":"*","operation":{"method_name":"query","arguments":[]}}
I/System.out( 9435): }
I/WindowManager(  868): Destroying surface Surface(name=com.google.android.googlequicksearchbox/com.google.android.launcher.GEL) called by com.android.server.wm.WindowStateAnimator.destroySurface:2014 com.android.server.wm.WindowStateAnimator.destroySurfaceLocked:881 com.android.server.wm.WindowState.destroyOrSaveSurface:2073 com.android.server.wm.AppWindowToken.destroySurfaces:363 com.android.server.wm.AppWindowToken.notifyAppStopped:389 com.android.server.wm.WindowManagerService.notifyAppStopped:4456 com.android.server.am.ActivityStack.activityStoppedLocked:1252 com.android.server.am.ActivityManagerService.activityStopped:6873 
I/ActivityManager(  868): Killing 5576:com.android.printspooler/u0a80 (adj 906): empty #17
I/WindowManager(  868): Destroying surface Surface(name=Starting com.careerbuilder.SugarDrone) called by com.android.server.wm.WindowStateAnimator.destroySurface:2014 com.android.server.wm.WindowStateAnimator.destroySurfaceLocked:881 com.android.server.wm.WindowState.destroyOrSaveSurface:2073 com.android.server.wm.AppWindowToken.destroySurfaces:363 com.android.server.wm.WindowStateAnimator.finishExit:565 com.android.server.wm.WindowStateAnimator.stepAnimationLocked:491 com.android.server.wm.WindowAnimator.updateWindowsLocked:303 com.android.server.wm.WindowAnimator.animateLocked:704 
D/Mono    ( 9435): Assembly Ref addref Microsoft.Practices.Unity[0xe58536c0] -> System.Reflection.Extensions[0xe5855340]: 3
W/ResourceType( 9435): No known package when getting name for resource number 0xffffffff
W/ResourceType( 9435): No known package when getting name for resource number 0xffffffff
W/ResourceType( 9435): No known package when getting name for resource number 0xffffffff
I/art     ( 9435): Starting a blocking GC Explicit
I/art     ( 9435): Explicit concurrent mark sweep GC freed 18951(667KB) AllocSpace objects, 3(60KB) LOS objects, 39% free, 5MB/9MB, paused 466us total 32.418ms
I/System.out( 9435): URI: /map
I/System.out( 9435): params: {json={"query":"* id:'agreeAndContinueButton'","operation":{"method_name":"query","arguments":[]}}
D/Mono    ( 9435): Unloading image System.Threading.dll [0xde510c00].
D/Mono    ( 9435): Image addref System.Threading[0xc4506000] -> System.Threading.dll[0xde68eb00]: 6
D/Mono    ( 9435): Config attempting to parse: 'System.Threading.dll.config'.
D/Mono    ( 9435): Config attempting to parse: '/Users/builder/data/lanes/4009/3a62f1ea/source/monodroid/builds/install/mono-armv6/etc/mono/assemblies/System.Threading/System.Threading.config'.
D/Mono    ( 9435): Assembly Ref addref CareerBuilder_Search[0xe5854bc0] -> System.Threading[0xe5854e00]: 4
D/Mono    ( 9435): Assembly Ref addref System.Threading[0xe5854e00] -> System.Core[0xe5855220]: 6
I/System.out( 9435): }
D/Mono    ( 9435): Assembly Ref addref System.Runtime[0xe5854ce0] -> System[0xe5854ec0]: 6
D/Mono    ( 9435): Assembly Ref addref CareerBuilder_Search[0xe5854bc0] -> Newtonsoft.Json[0xe5854800]: 2
D/Mono    ( 9435): Unloading image System.Runtime.dll [0xde511100].
D/Mono    ( 9435): Image addref System.Runtime[0xc4508040] -> System.Runtime.dll[0xde68d200]: 9
D/Mono    ( 9435): Config attempting to parse: 'System.Runtime.dll.config'.
D/Mono    ( 9435): Config attempting to parse: '/Users/builder/data/lanes/4009/3a62f1ea/source/monodroid/builds/install/mono-armv6/etc/mono/assemblies/System.Runtime/System.Runtime.config'.
D/Mono    ( 9435): Assembly Ref addref Newtonsoft.Json[0xe5854800] -> System.Runtime[0xe5854ce0]: 7
D/Mono    ( 9435): Image addref System.Dynamic.Runtime[0xc4508040] -> System.Dynamic.Runtime.dll[0xde511100]: 2
D/Mono    ( 9435): Prepared to set up assembly 'System.Dynamic.Runtime' (System.Dynamic.Runtime.dll)
D/Mono    ( 9435): Assembly System.Dynamic.Runtime[0xc4508040] added to domain RootDomain, ref_count=1
D/Mono    ( 9435): AOT module 'System.Dynamic.Runtime.dll.so' not found: dlopen failed: library "/data/app/com.careerbuilder.SugarDrone-1/lib/arm/libaot-System.Dynamic.Runtime.dll.so" not found
D/Mono    ( 9435): AOT module '/Users/builder/data/lanes/4009/3a62f1ea/source/monodroid/builds/install/mono-armv6/lib/mono/aot-cache/arm/System.Dynamic.Runtime.dll.so' not found: dlopen failed: library "/data/app/com.careerbuilder.SugarDrone-1/lib/arm/libaot-System.Dynamic.Runtime.dll.so" not found
D/Mono    ( 9435): Config attempting to parse: 'System.Dynamic.Runtime.dll.config'.
D/Mono    ( 9435): Config attempting to parse: '/Users/builder/data/lanes/4009/3a62f1ea/source/monodroid/builds/install/mono-armv6/etc/mono/assemblies/System.Dynamic.Runtime/System.Dynamic.Runtime.config'.
D/Mono    ( 9435): Assembly Ref addref Newtonsoft.Json[0xe5854800] -> System.Dynamic.Runtime[0xc4508040]: 2
D/Mono    ( 9435): Assembly Ref addref System.Dynamic.Runtime[0xc4508040] -> System.Core[0xe5855220]: 7
D/Mono    ( 9435): Image addref System.ObjectModel[0xc4508100] -> System.ObjectModel.dll[0xc5735700]: 2
D/Mono    ( 9435): Prepared to set up assembly 'System.ObjectModel' (System.ObjectModel.dll)
D/Mono    ( 9435): Assembly System.ObjectModel[0xc4508100] added to domain RootDomain, ref_count=1
D/Mono    ( 9435): AOT module 'System.ObjectModel.dll.so' not found: dlopen failed: library "/data/app/com.careerbuilder.SugarDrone-1/lib/arm/libaot-System.ObjectModel.dll.so" not found
D/Mono    ( 9435): AOT module '/Users/builder/data/lanes/4009/3a62f1ea/source/monodroid/builds/install/mono-armv6/lib/mono/aot-cache/arm/System.ObjectModel.dll.so' not found: dlopen failed: library "/data/app/com.careerbuilder.SugarDrone-1/lib/arm/libaot-System.ObjectModel.dll.so" not found
D/Mono    ( 9435): Config attempting to parse: 'System.ObjectModel.dll.config'.
D/Mono    ( 9435): Config attempting to parse: '/Users/builder/data/lanes/4009/3a62f1ea/source/monodroid/builds/install/mono-armv6/etc/mono/assemblies/System.ObjectModel/System.ObjectModel.config'.
D/Mono    ( 9435): Assembly Ref addref Newtonsoft.Json[0xe5854800] -> System.ObjectModel[0xc4508100]: 2
D/Mono    ( 9435): Assembly Ref addref System.ObjectModel[0xc4508100] -> System[0xe5854ec0]: 7
W/ResourceType( 9435): No known package when getting name for resource number 0xffffffff
W/ResourceType( 9435): No known package when getting name for resource number 0xffffffff
W/ResourceType( 9435): No known package when getting name for resource number 0xffffffff
D/Mono    ( 9435): Assembly Ref addref CareerBuilder_Search[0xe5854bc0] -> System.Reactive.Core[0xe58548c0]: 3
D/Mono    ( 9435): DllImport attempting to load: '__Internal'.
D/Mono    ( 9435): DllImport loaded library '(null)'.
D/Mono    ( 9435): DllImport searching in: '__Internal' ('(null)').
D/Mono    ( 9435): Searching for 'monodroid_get_system_property'.
D/Mono    ( 9435): Probing 'monodroid_get_system_property'.
D/Mono    ( 9435): Found as 'monodroid_get_system_property'.
D/Mono    ( 9435): DllImport searching in: '__Internal' ('(null)').
D/Mono    ( 9435): Searching for 'monodroid_free'.
D/Mono    ( 9435): Probing 'monodroid_free'.
D/Mono    ( 9435): Found as 'monodroid_free'.
D/Mono    ( 9435): Assembly Ref addref CareerBuilder_Search.Droid[0xe5819820] -> Xamarin.Insights[0xe58543e0]: 2
D/Mono    ( 9435): Assembly Ref addref Xamarin.Insights[0xe58543e0] -> mscorlib[0xe5819700]: 39
D/Mono    ( 9435): Assembly Ref addref Xamarin.Insights[0xe58543e0] -> Mono.Android[0xe5854c20]: 19
D/Mono    ( 9435): Assembly Ref addref CareerBuilder_Search.Droid[0xe5819820] -> HockeySDK[0xe5853300]: 2
D/Mono    ( 9435): Assembly Ref addref CareerBuilder_Search.Droid[0xe5819820] -> AppsFlyerXamarinBindingAndroid[0xe5819880]: 2
I/System.out( 9435): URI: /map
I/System.out( 9435): params: {json={"query":"* id:'agreeAndContinueButton'","operation":{"method_name":"query","arguments":[]}}
I/System.out( 9435): }
W/ResourceType( 9435): No known package when getting name for resource number 0xffffffff
W/ResourceType( 9435): No known package when getting name for resource number 0xffffffff
W/ResourceType( 9435): No known package when getting name for resource number 0xffffffff
D/Mono    ( 9435): DllImport searching in: '__Internal' ('(null)').
D/Mono    ( 9435): Searching for 'java_interop_jnienv_get_static_field_id'.
D/Mono    ( 9435): Probing 'java_interop_jnienv_get_static_field_id'.
D/Mono    ( 9435): Found as 'java_interop_jnienv_get_static_field_id'.
D/Mono    ( 9435): DllImport searching in: '__Internal' ('(null)').
D/Mono    ( 9435): Searching for 'java_interop_jnienv_get_static_int_field'.
D/Mono    ( 9435): Probing 'java_interop_jnienv_get_static_int_field'.
D/Mono    ( 9435): Found as 'java_interop_jnienv_get_static_int_field'.
W/NetworkIdentity(  868): Active mobile network without subscriber!
W/NetworkIdentity(  868): Active mobile network without subscriber!
W/NetworkIdentity(  868): Active mobile network without subscriber!
W/NetworkIdentity(  868): Active mobile network without subscriber!
W/NetworkIdentity(  868): Active mobile network without subscriber!
W/NetworkIdentity(  868): Active mobile network without subscriber!
W/NetworkIdentity(  868): Active mobile network without subscriber!
W/NetworkIdentity(  868): Active mobile network without subscriber!
W/NetworkIdentity(  868): Active mobile network without subscriber!
W/NetworkIdentity(  868): Active mobile network without subscriber!
D/Mono    ( 9435): DllImport searching in: '__Internal' ('(null)').
D/Mono    ( 9435): Searching for 'java_interop_jnienv_get_object_array_element'.
D/Mono    ( 9435): Probing 'java_interop_jnienv_get_object_array_element'.
D/Mono    ( 9435): Found as 'java_interop_jnienv_get_object_array_element'.
D/Mono    ( 9435): DllImport searching in: '__Internal' ('(null)').
D/Mono    ( 9435): Searching for 'java_interop_jnienv_call_boolean_method_a'.
D/Mono    ( 9435): Probing 'java_interop_jnienv_call_boolean_method_a'.
D/Mono    ( 9435): Found as 'java_interop_jnienv_call_boolean_method_a'.
D/Mono    ( 9435): DllImport searching in: '__Internal' ('(null)').
D/Mono    ( 9435): Searching for 'java_interop_jnienv_call_int_method_a'.
D/Mono    ( 9435): Probing 'java_interop_jnienv_call_int_method_a'.
D/Mono    ( 9435): Found as 'java_interop_jnienv_call_int_method_a'.
D/Mono    ( 9435): Assembly Ref addref Xamarin.Insights[0xe58543e0] -> System.Core[0xe5855220]: 8
D/Mono    ( 9435): DllImport searching in: '__Internal' ('(null)').
D/Mono    ( 9435): Searching for 'java_interop_jnienv_call_static_long_method_a'.
D/Mono    ( 9435): Probing 'java_interop_jnienv_call_static_long_method_a'.
D/Mono    ( 9435): Found as 'java_interop_jnienv_call_static_long_method_a'.
D/Mono    ( 9435): Assembly Ref addref Xamarin.Insights[0xe58543e0] -> System[0xe5854ec0]: 8
D/Mono    ( 9435): Assembly Ref addref Xamarin.Insights[0xe58543e0] -> System.Net.Http[0xe5855a60]: 4
I/System.out( 9435): URI: /map
I/System.out( 9435): params: {json={"query":"* id:'agreeAndContinueButton'","operation":{"method_name":"query","arguments":[]}}
I/System.out( 9435): }
W/ResourceType( 9435): No known package when getting name for resource number 0xffffffff
W/ResourceType( 9435): No known package when getting name for resource number 0xffffffff
W/ResourceType( 9435): No known package when getting name for resource number 0xffffffff
W/NetworkIdentity(  868): Active mobile network without subscriber!
W/NetworkIdentity(  868): Active mobile network without subscriber!
W/NetworkIdentity(  868): Active mobile network without subscriber!
W/NetworkIdentity(  868): Active mobile network without subscriber!
W/NetworkIdentity(  868): Active mobile network without subscriber!
W/NetworkIdentity(  868): Active mobile network without subscriber!
W/NetworkIdentity(  868): Active mobile network without subscriber!
W/NetworkIdentity(  868): Active mobile network without subscriber!
W/NetworkIdentity(  868): Active mobile network without subscriber!
W/NetworkIdentity(  868): Active mobile network without subscriber!
W/NetworkIdentity(  868): Active mobile network without subscriber!
W/NetworkIdentity(  868): Active mobile network without subscriber!
W/NetworkIdentity(  868): Active mobile network without subscriber!
W/NetworkIdentity(  868): Active mobile network without subscriber!
W/NetworkIdentity(  868): Active mobile network without subscriber!
W/NetworkIdentity(  868): Active mobile network without subscriber!
W/NetworkIdentity(  868): Active mobile network without subscriber!
W/NetworkIdentity(  868): Active mobile network without subscriber!
W/NetworkIdentity(  868): Active mobile network without subscriber!
W/NetworkIdentity(  868): Active mobile network without subscriber!
D/Mono    ( 9435): DllImport searching in: '__Internal' ('(null)').
D/Mono    ( 9435): Searching for 'java_interop_jnienv_get_field_id'.
D/Mono    ( 9435): Probing 'java_interop_jnienv_get_field_id'.
D/Mono    ( 9435): Found as 'java_interop_jnienv_get_field_id'.
D/Mono    ( 9435): DllImport searching in: '__Internal' ('(null)').
D/Mono    ( 9435): Searching for 'java_interop_jnienv_get_object_field'.
D/Mono    ( 9435): Probing 'java_interop_jnienv_get_object_field'.
D/Mono    ( 9435): Found as 'java_interop_jnienv_get_object_field'.
D/Mono    ( 9435): DllImport searching in: '__Internal' ('(null)').
D/Mono    ( 9435): Searching for 'java_interop_jnienv_call_static_int_method_a'.
D/Mono    ( 9435): Probing 'java_interop_jnienv_call_static_int_method_a'.
D/Mono    ( 9435): Found as 'java_interop_jnienv_call_static_int_method_a'.
W/Xamarin.Insights( 9435): Warning: Insights data communication has been manually enabled
D/Mono    ( 9435): DllImport searching in: '__Internal' ('(null)').
D/Mono    ( 9435): Searching for 'java_interop_jnienv_get_static_object_field'.
D/Mono    ( 9435): Probing 'java_interop_jnienv_get_static_object_field'.
D/Mono    ( 9435): Found as 'java_interop_jnienv_get_static_object_field'.
D/Mono    ( 9435): DllImport searching in: '__Internal' ('(null)').
D/Mono    ( 9435): Searching for 'java_interop_jnienv_call_static_void_method'.
D/Mono    ( 9435): Probing 'java_interop_jnienv_call_static_void_method'.
D/Mono    ( 9435): Found as 'java_interop_jnienv_call_static_void_method'.
I/AppsFlyer_3.01( 9435): Start tracking package: com.careerbuilder.SugarDrone
I/AppsFlyer_3.01( 9435): AsendTrackingWithEvent from activity: md537fd6201b6818e2e180d2f7606e21a83.MainApplication
I/AppsFlyer_3.01-683729786( 9435): ******* sendTrackingWithEvent: Launch
E/ActivityThread( 9435): Failed to find provider info for com.facebook.katana.provider.AttributionIdProvider
I/GAv4    ( 9435): Google Analytics 8.4.87 is starting up. To enable debug logging on a device run:
I/GAv4    ( 9435):   adb shell setprop log.tag.GAv4 DEBUG
I/GAv4    ( 9435):   adb logcat -s GAv4
W/GAv4    ( 9435): AnalyticsReceiver is not registered or is disabled. Register the receiver for reliable dispatching on non-Google Play devices. See http://goo.gl/8Rd3yj for instructions.
I/AppsFlyer_3.01( 9435): WARNING:READ_PHONE_STATE is missing
