<![CDATA[I/ThermalEngine(  503): ACTION: Hotplugged ON CPU[5]
I/ThermalEngine(  503): ACTION: Hotplugged ON CPU[4]

]]><xtc-scenario name="[0-1103]CareerBuilder_Search.DroidFeatureTests.QuickApplyFailedTests.PromptUserToAddResumeIfTheyDontHaveAnyResumes" id="[0-1103]CareerBuilder_Search.DroidFeatureTests.QuickApplyFailedTests.PromptUserToAddResumeIfTheyDontHaveAnyResumes"><![CDATA[

]]><xtc-step name="[0-1103]CareerBuilder_Search.DroidFeatureTests.QuickApplyFailedTests.PromptUserToAddResumeIfTheyDontHaveAnyResumes-PromptUserToAddResumeIfTheyDontHaveAnyResumes" id="[0-1103]CareerBuilder_Search.DroidFeatureTests.QuickApplyFailedTests.PromptUserToAddResumeIfTheyDontHaveAnyResumes-PromptUserToAddResumeIfTheyDontHaveAnyResumes"><![CDATA[
D/AndroidRuntime( 7934): >>>>>> START com.android.internal.os.RuntimeInit uid 2000 <<<<<<
D/AndroidRuntime( 7934): CheckJNI is OFF
D/ICU     ( 7934): No timezone override file found: /data/misc/zoneinfo/current/icu/icu_tzdata.dat
I/Radio-JNI( 7934): register_android_hardware_Radio DONE
D/AndroidRuntime( 7934): Calling main entry com.android.commands.pm.Pm
I/art     ( 7934): System.exit called, status: 0
I/AndroidRuntime( 7934): VM exiting with result code 0.
W/MessageQueue( 7934): Handler (android.os.Handler) {4a78e50} sending message to a Handler on a dead thread
W/MessageQueue( 7934): java.lang.IllegalStateException: Handler (android.os.Handler) {4a78e50} sending message to a Handler on a dead thread
W/MessageQueue( 7934): 	at android.os.MessageQueue.enqueueMessage(MessageQueue.java:543)
W/MessageQueue( 7934): 	at android.os.Handler.enqueueMessage(Handler.java:643)
W/MessageQueue( 7934): 	at android.os.Handler.sendMessageAtTime(Handler.java:612)
W/MessageQueue( 7934): 	at android.os.Handler.sendMessageDelayed(Handler.java:582)
W/MessageQueue( 7934): 	at android.os.Handler.post(Handler.java:338)
W/MessageQueue( 7934): 	at android.os.ResultReceiver$MyResultReceiver.send(ResultReceiver.java:57)
W/MessageQueue( 7934): 	at com.android.internal.os.IResultReceiver$Stub.onTransact(IResultReceiver.java:58)
W/MessageQueue( 7934): 	at android.os.Binder.execTransact(Binder.java:565)
I/ActivityManager(  871): Killing 5677:com.google.android.apps.docs/u0a52 (adj 906): empty #17
I/ActivityManager(  871): Killing 5659:com.android.musicfx/u0a29 (adj 906): empty #18
I/ActivityManager(  871): Killing 6765:com.google.process.gapps/u0a56 (adj 906): empty #19
I/ThermalEngine(  503): ACTION: Hotplugged OFF CPU[5]
I/ThermalEngine(  503): ACTION: Hotplugged OFF CPU[4]
D/AndroidRuntime( 8675): >>>>>> START com.android.internal.os.RuntimeInit uid 2000 <<<<<<
D/AndroidRuntime( 8675): CheckJNI is OFF
D/ICU     ( 8675): No timezone override file found: /data/misc/zoneinfo/current/icu/icu_tzdata.dat
I/Radio-JNI( 8675): register_android_hardware_Radio DONE
D/AndroidRuntime( 8675): Calling main entry com.android.commands.am.Am
W/ActivityManager(  871): Invalid packageName: com.careerbuilder.SugarDrone
D/AndroidRuntime( 8675): Shutting down VM
I/rmt_storage(  396): rmt_storage_connect_cb: clnt_h=0xd conn_h=0x778102a210
I/rmt_storage(  396): rmt_storage_rw_iovec_cb: /boot/modem_fs2: clnt_h=0x5: req_h=0xd msg_id=3: R/W request received
I/rmt_storage(  396): wakelock acquired: 1, error no: 42
I/rmt_storage(  396): rmt_storage_client_thread: /boot/modem_fs2: clnt_h=0x5 Unblock worker thread (th_id: 513262756944)
I/rmt_storage(  396): rmt_storage_client_thread: /boot/modem_fs2: clnt_h=0x5: req_h=0xd msg_id=3: Bytes written = 1572864
I/rmt_storage(  396): rmt_storage_client_thread: /boot/modem_fs2: clnt_h=0x5: req_h=0xd msg_id=3: Send response: res=0 err=0
I/rmt_storage(  396): rmt_storage_client_thread: /boot/modem_fs2: clnt_h=0x5 About to block rmt_storage client thread (th_id: 513262756944) wakelock released: 1, error no: 0
I/rmt_storage(  396): 
I/rmt_storage(  396): rmt_storage_disconnect_cb: clnt_h=0xd conn_h=0x778102a210
D/AndroidRuntime( 9130): >>>>>> START com.android.internal.os.RuntimeInit uid 2000 <<<<<<
D/AndroidRuntime( 9130): CheckJNI is OFF
D/ICU     ( 9130): No timezone override file found: /data/misc/zoneinfo/current/icu/icu_tzdata.dat
I/Radio-JNI( 9130): register_android_hardware_Radio DONE
D/AndroidRuntime( 9130): Calling main entry com.android.commands.pm.Pm
I/        (  510): free_cache(71725114) avail 10806181888
I/PackageManager.DexOptimizer(  871): Running dexopt (dex2oat) on: /data/app/vmdl419979918.tmp/base.apk pkg=com.careerbuilder.SugarDrone isa=arm vmSafeMode=false debuggable=true target-filter=interpret-only oatDir = /data/app/vmdl419979918.tmp/oat sharedLibraries=null
I/dex2oat ( 9183): /system/bin/dex2oat --compiler-filter=interpret-only -j4 --debuggable
W/dex2oat ( 9183): Before Android 4.1, method android.graphics.PorterDuffColorFilter android.support.graphics.drawable.VectorDrawableCompat.updateTintFilter(android.graphics.PorterDuffColorFilter, android.content.res.ColorStateList, android.graphics.PorterDuff$Mode) would have incorrectly overridden the package-private method in android.graphics.drawable.Drawable
W/dex2oat ( 9183): Before Android 4.1, method int android.support.v7.widget.ListViewCompat.lookForSelectablePosition(int, boolean) would have incorrectly overridden the package-private method in android.widget.ListView
I/dex2oat ( 9183): dex2oat took 2.037s (threads: 4) arena alloc=29KB (30216B) java alloc=4MB (5054344B) native alloc=6MB (7302000B) free=3MB (3183760B)
W/PackageManager(  871): Not granting permission android.permission.MANAGE_DOCUMENTS to package com.careerbuilder.SugarDrone (protectionLevel=2 flags=0x3808be46)
W/PackageManager(  871): Not granting permission android.permission.MOUNT_UNMOUNT_FILESYSTEMS to package com.careerbuilder.SugarDrone (protectionLevel=18 flags=0x3808be46)
V/BackupManagerService(  871): restoreAtInstall pkg=com.careerbuilder.SugarDrone token=5 restoreSet=0
V/BackupManagerService(  871): Finishing install immediately
I/art     (  871): Starting a blocking GC Explicit
I/art     (  871): Explicit concurrent mark sweep GC freed 117516(6MB) AllocSpace objects, 20(1152KB) LOS objects, 33% free, 16MB/24MB, paused 1.593ms total 105.522ms
E/        (  510): Couldn't opendir /data/app/vmdl419979918.tmp: No such file or directory
I/ActivityManager(  871): Start proc 9229:com.android.musicfx/u0a29 for broadcast com.android.musicfx/.Compatibility$Receiver
W/ActivityManager(  871): Permission Denial: Accessing service ComponentInfo{com.google.android.music/com.google.android.music.dial.DialMediaRouteProviderService} from pid=5230, uid=10085 that is not exported from uid 10071
I/art     ( 9130): System.exit called, status: 0
I/AndroidRuntime( 9130): VM exiting with result code 0.
I/InputReader(  871): Reconfiguring input devices.  changes=0x00000010
D/CarrierSvcBindHelper( 3099): No carrier app for: 0
D/CarrierConfigLoader( 3099): mHandler: 9 phoneId: 0
D/RegisteredNfcFServicesCache( 4017): Service unchanged, not updating
W/System  ( 9229): ClassLoader referenced unknown path: /system/priv-app/MusicFX/lib/arm64
I/ActivityManager(  871): Start proc 9250:com.android.vending/u0a30 for broadcast com.android.vending/com.google.android.finsky.receivers.PackageMonitorReceiver$RegisteredReceiver
W/System  ( 9250): ClassLoader referenced unknown path: /system/priv-app/Phonesky/lib/arm64
W/Finsky  ( 9250): [1] com.google.android.finsky.FinskyApp.i(1468): No account configured on this device.
W/Finsky  ( 9250): [1] com.google.android.finsky.FinskyApp.i(1468): No account configured on this device.
W/Finsky  ( 9250): [1] com.google.android.finsky.FinskyApp.i(1468): No account configured on this device.
W/Finsky  ( 9250): [1] com.google.android.finsky.FinskyApp.i(1468): No account configured on this device.
I/Finsky  ( 9250): [1] com.google.android.finsky.FinskyApp.onCreate(430): Initializing network with DFE https://android.clients.google.com/fdfe/
W/Finsky  ( 9250): [1] com.google.android.finsky.FinskyApp.i(1468): No account configured on this device.
W/Finsky  ( 9250): [1] com.google.android.finsky.FinskyApp.i(1468): No account configured on this device.
W/Finsky  ( 9250): [1] com.google.android.finsky.FinskyApp.i(1468): No account configured on this device.
W/Finsky  ( 9250): [1] com.google.android.finsky.FinskyApp.i(1468): No account configured on this device.
W/Finsky  ( 9250): [1] com.google.android.finsky.FinskyApp.i(1468): No account configured on this device.
W/Finsky  ( 9250): [1] com.google.android.finsky.FinskyApp.i(1468): No account configured on this device.
W/Finsky  ( 9250): [1] com.google.android.finsky.FinskyApp.i(1468): No account configured on this device.
W/Finsky  ( 9250): [1] com.google.android.finsky.FinskyApp.i(1468): No account configured on this device.
W/Finsky  ( 9250): [1] com.google.android.finsky.FinskyApp.i(1468): No account configured on this device.
I/Finsky  ( 9250): [1] com.google.android.finsky.services.DailyHygiene.a(171): No need to run daily hygiene.
W/Finsky  ( 9250): [1] com.google.android.finsky.FinskyApp.i(1468): No account configured on this device.
W/Settings( 9250): Setting download_manager_max_bytes_over_mobile has moved from android.provider.Settings.Secure to android.provider.Settings.Global.
W/Settings( 9250): Setting download_manager_recommended_max_bytes_over_mobile has moved from android.provider.Settings.Secure to android.provider.Settings.Global.
W/Finsky  ( 9250): [1] com.google.android.finsky.FinskyApp.i(1468): No account configured on this device.
W/Finsky  ( 9250): [1] com.google.android.finsky.FinskyApp.i(1468): No account configured on this device.
W/Finsky  ( 9250): [1] com.google.android.finsky.FinskyApp.i(1468): No account configured on this device.
W/Finsky  ( 9250): [1] com.google.android.finsky.FinskyApp.i(1468): No account configured on this device.
W/Finsky  ( 9250): [1] com.google.android.finsky.FinskyApp.i(1468): No account configured on this device.
W/Finsky  ( 9250): [1] com.google.android.finsky.FinskyApp.b(1150): No account configured on this device.
W/Finsky  ( 9250): [1] com.google.android.finsky.FinskyApp.i(1468): No account configured on this device.
W/Finsky  ( 9250): [376] com.google.android.finsky.FinskyApp.i(1468): No account configured on this device.
D/AndroidRuntime( 9269): >>>>>> START com.android.internal.os.RuntimeInit uid 2000 <<<<<<
I/ActivityManager(  871): Start proc 9306:com.google.android.apps.docs/u0a52 for broadcast com.google.android.apps.docs/.receivers.AppPackageAddRemoveReceiver
D/AndroidRuntime( 9269): CheckJNI is OFF
I/Finsky  ( 9250): [1] com.google.android.finsky.receivers.j.a(1226): Installer kick - no action, not running yet
I/Finsky  ( 9250): [1] com.google.android.finsky.utils.PermissionPolicies$PermissionPolicyService.onStartCommand(117): post-install permissions check for com.careerbuilder.SugarDrone
W/Finsky  ( 9250): [1] com.google.android.finsky.FinskyApp.i(1468): No account configured on this device.
I/Finsky  ( 9250): [1] com.google.android.finsky.utils.bh.run(2302): Package state data is missing for com.careerbuilder.SugarDrone
W/Finsky  ( 9250): [1] com.google.android.finsky.FinskyApp.i(1468): No account configured on this device.
W/System  ( 9306): ClassLoader referenced unknown path: /system/app/Drive/lib/arm64
D/ICU     ( 9269): No timezone override file found: /data/misc/zoneinfo/current/icu/icu_tzdata.dat
I/Finsky  ( 9250): [1] com.google.android.finsky.c.l.a(270): result=false type=4
I/Radio-JNI( 9269): register_android_hardware_Radio DONE
I/Finsky  ( 9250): [1] com.google.android.finsky.services.bc.a(1050): Restore complete with 0 success and 0 failed.
D/AndroidRuntime( 9269): Calling main entry com.android.commands.settings.SettingsCmd
D/AndroidRuntime( 9269): Shutting down VM
W/Finsky  ( 9250): [376] com.google.android.finsky.FinskyApp.i(1468): No account configured on this device.
I/GAv4    ( 9306): Google Analytics 8.4.87 is starting up. To enable debug logging on a device run:
I/GAv4    ( 9306):   adb shell setprop log.tag.GAv4 DEBUG
I/GAv4    ( 9306):   adb logcat -s GAv4
W/GAv4    ( 9306): AnalyticsReceiver is not registered or is disabled. Register the receiver for reliable dispatching on non-Google Play devices. See http://goo.gl/8Rd3yj for instructions.
W/GAv4    ( 9306): CampaignTrackingReceiver is not registered, not exported or is disabled. Installation campaign tracking is not possible. See http://goo.gl/8Rd3yj for instructions.
W/GAv4    ( 9306): AnalyticsService not registered in the app manifest. Hits might not be delivered reliably. See http://goo.gl/8Rd3yj for instructions.
I/ActivityManager(  871): Killing 4219:com.google.android.partnersetup/u0a25 (adj 906): empty #17
E/JavaBinder(  871): !!! FAILED BINDER TRANSACTION !!!  (parcel size = 2380)
W/BroadcastQueue(  871): Exception when sending broadcast to ComponentInfo{com.google.android.partnersetup/com.google.android.partnersetup.RlzPingBroadcastReceiver}
W/BroadcastQueue(  871): android.os.DeadObjectException: Transaction failed on small parcel; remote process probably died
W/BroadcastQueue(  871): 	at android.os.BinderProxy.transactNative(Native Method)
W/BroadcastQueue(  871): 	at android.os.BinderProxy.transact(Binder.java:615)
W/BroadcastQueue(  871): 	at android.app.ApplicationThreadProxy.scheduleReceiver(ApplicationThreadNative.java:949)
W/BroadcastQueue(  871): 	at com.android.server.am.BroadcastQueue.processCurBroadcastLocked(BroadcastQueue.java:283)
W/BroadcastQueue(  871): 	at com.android.server.am.BroadcastQueue.processNextBroadcast(BroadcastQueue.java:1216)
W/BroadcastQueue(  871): 	at com.android.server.am.ActivityManagerService.finishReceiver(ActivityManagerService.java:18360)
W/BroadcastQueue(  871): 	at android.app.ActivityManagerNative.onTransact(ActivityManagerNative.java:528)
W/BroadcastQueue(  871): 	at com.android.server.am.ActivityManagerService.onTransact(ActivityManagerService.java:2755)
W/BroadcastQueue(  871): 	at android.os.Binder.execTransact(Binder.java:565)
I/ActivityManager(  871): Start proc 9358:com.google.android.partnersetup/u0a25 for broadcast com.google.android.partnersetup/.RlzPingBroadcastReceiver
I/UpdateIcingCorporaServi( 4125): Updating corpora: APPS=com.careerbuilder.SugarDrone, CONTACTS=MAYBE
W/libprocessgroup(  871): failed to open /acct/uid_10025/pid_4219/cgroup.procs: No such file or directory
D/Wear_Controller( 4272): Received broadcast action=android.intent.action.PACKAGE_ADDED and uri=com.careerbuilder.SugarDrone
I/PeopleContactsSync( 4272): triggerPendingContactsCleanup: no accounts
W/IcingInternalCorpora( 4272): getNumBytesRead when not calculated.
W/System  ( 9358): ClassLoader referenced unknown path: /system/priv-app/GooglePartnerSetup/lib/arm64
I/Icing   ( 4272): Usage reports 0 indexed 0 rejected 0 imm upload true
I/UpdateIcingCorporaServi( 4125): UpdateCorporaTask done [took 264 ms] updated apps [took 264 ms] 
I/Icing   ( 4272): Usage reports 0 indexed 0 rejected 0 imm upload false
I/Icing   ( 4272): Usage reports 0 indexed 0 rejected 0 imm upload false
D/AndroidRuntime( 9335): >>>>>> START com.android.internal.os.RuntimeInit uid 2000 <<<<<<
D/AndroidRuntime( 9335): CheckJNI is OFF
D/ICU     ( 9335): No timezone override file found: /data/misc/zoneinfo/current/icu/icu_tzdata.dat
I/Radio-JNI( 9335): register_android_hardware_Radio DONE
D/AndroidRuntime( 9335): Calling main entry com.android.commands.settings.SettingsCmd
D/AndroidRuntime( 9335): Shutting down VM
D/AndroidRuntime( 9400): >>>>>> START com.android.internal.os.RuntimeInit uid 2000 <<<<<<
D/AndroidRuntime( 9400): CheckJNI is OFF
I/Icing   ( 4272): Indexing D83460F403678292F2C56FDD13241BD166E4E3FA from com.google.android.googlequicksearchbox
D/ICU     ( 9400): No timezone override file found: /data/misc/zoneinfo/current/icu/icu_tzdata.dat
I/Radio-JNI( 9400): register_android_hardware_Radio DONE
I/Icing   ( 4272): Indexing done D83460F403678292F2C56FDD13241BD166E4E3FA
I/Icing   ( 4272): Indexing CFF8FE80ED56E42D4CB52230EC16365D73D1C21A from com.google.android.gms
D/AndroidRuntime( 9400): Calling main entry com.android.commands.settings.SettingsCmd
D/AndroidRuntime( 9400): Shutting down VM
I/Icing   ( 4272): Indexing done CFF8FE80ED56E42D4CB52230EC16365D73D1C21A
D/AndroidRuntime( 9428): >>>>>> START com.android.internal.os.RuntimeInit uid 2000 <<<<<<
D/AndroidRuntime( 9428): CheckJNI is OFF
D/ICU     ( 9428): No timezone override file found: /data/misc/zoneinfo/current/icu/icu_tzdata.dat
I/Radio-JNI( 9428): register_android_hardware_Radio DONE
D/AndroidRuntime( 9428): Calling main entry com.android.commands.settings.SettingsCmd
D/AndroidRuntime( 9428): Shutting down VM
D/AndroidRuntime( 9452): >>>>>> START com.android.internal.os.RuntimeInit uid 2000 <<<<<<
D/AndroidRuntime( 9452): CheckJNI is OFF
D/ICU     ( 9452): No timezone override file found: /data/misc/zoneinfo/current/icu/icu_tzdata.dat
I/Radio-JNI( 9452): register_android_hardware_Radio DONE
D/AndroidRuntime( 9452): Calling main entry com.android.commands.settings.SettingsCmd
D/AndroidRuntime( 9452): Shutting down VM
D/AndroidRuntime( 9483): >>>>>> START com.android.internal.os.RuntimeInit uid 2000 <<<<<<
D/AndroidRuntime( 9483): CheckJNI is OFF
D/ICU     ( 9483): No timezone override file found: /data/misc/zoneinfo/current/icu/icu_tzdata.dat
I/Radio-JNI( 9483): register_android_hardware_Radio DONE
D/AndroidRuntime( 9483): Calling main entry com.android.commands.pm.Pm
W/MessageQueue( 9483): Handler (android.os.Handler) {b6cd923} sending message to a Handler on a dead thread
W/MessageQueue( 9483): java.lang.IllegalStateException: Handler (android.os.Handler) {b6cd923} sending message to a Handler on a dead thread
W/MessageQueue( 9483): 	at android.os.MessageQueue.enqueueMessage(MessageQueue.java:543)
W/MessageQueue( 9483): 	at android.os.Handler.enqueueMessage(Handler.java:643)
W/MessageQueue( 9483): 	at android.os.Handler.sendMessageAtTime(Handler.java:612)
W/MessageQueue( 9483): 	at android.os.Handler.sendMessageDelayed(Handler.java:582)
W/MessageQueue( 9483): 	at android.os.Handler.post(Handler.java:338)
W/MessageQueue( 9483): 	at android.os.ResultReceiver$MyResultReceiver.send(ResultReceiver.java:57)
W/MessageQueue( 9483): 	at com.android.internal.os.IResultReceiver$Stub.onTransact(IResultReceiver.java:58)
W/MessageQueue( 9483): 	at android.os.Binder.execTransact(Binder.java:565)
I/art     ( 9483): System.exit called, status: 0
I/AndroidRuntime( 9483): VM exiting with result code 0.
I/art     (  871): Background sticky concurrent mark sweep GC freed 78956(4MB) AllocSpace objects, 62(3MB) LOS objects, 26% free, 17MB/24MB, paused 5.901ms total 59.654ms
I/ActivityManager(  871): Killing 6327:com.google.android.apps.gcs/u0a17 (adj 906): empty #17
D/AndroidRuntime( 9543): >>>>>> START com.android.internal.os.RuntimeInit uid 2000 <<<<<<
D/AndroidRuntime( 9543): CheckJNI is OFF
D/ICU     ( 9543): No timezone override file found: /data/misc/zoneinfo/current/icu/icu_tzdata.dat
I/Radio-JNI( 9543): register_android_hardware_Radio DONE
D/AndroidRuntime( 9543): Calling main entry com.android.commands.pm.Pm
W/MessageQueue( 9543): Handler (android.os.Handler) {e50b1da} sending message to a Handler on a dead thread
W/MessageQueue( 9543): java.lang.IllegalStateException: Handler (android.os.Handler) {e50b1da} sending message to a Handler on a dead thread
W/MessageQueue( 9543): 	at android.os.MessageQueue.enqueueMessage(MessageQueue.java:543)
W/MessageQueue( 9543): 	at android.os.Handler.enqueueMessage(Handler.java:643)
W/MessageQueue( 9543): 	at android.os.Handler.sendMessageAtTime(Handler.java:612)
W/MessageQueue( 9543): 	at android.os.Handler.sendMessageDelayed(Handler.java:582)
W/MessageQueue( 9543): 	at android.os.Handler.post(Handler.java:338)
W/MessageQueue( 9543): 	at android.os.ResultReceiver$MyResultReceiver.send(ResultReceiver.java:57)
W/MessageQueue( 9543): 	at com.android.internal.os.IResultReceiver$Stub.onTransact(IResultReceiver.java:58)
W/MessageQueue( 9543): 	at android.os.Binder.execTransact(Binder.java:565)
I/art     ( 9543): System.exit called, status: 0
I/AndroidRuntime( 9543): VM exiting with result code 0.
D/AndroidRuntime( 9629): >>>>>> START com.android.internal.os.RuntimeInit uid 2000 <<<<<<
D/AndroidRuntime( 9629): CheckJNI is OFF
D/ICU     ( 9629): No timezone override file found: /data/misc/zoneinfo/current/icu/icu_tzdata.dat
I/Radio-JNI( 9629): register_android_hardware_Radio DONE
D/AndroidRuntime( 9629): Calling main entry com.android.commands.am.Am
W/ActivityManager(  871): Invalid packageName: com.careerbuilder.SugarDrone.test
D/AndroidRuntime( 9629): Shutting down VM
D/AndroidRuntime( 9661): >>>>>> START com.android.internal.os.RuntimeInit uid 2000 <<<<<<
D/AndroidRuntime( 9661): CheckJNI is OFF
D/ICU     ( 9661): No timezone override file found: /data/misc/zoneinfo/current/icu/icu_tzdata.dat
I/Radio-JNI( 9661): register_android_hardware_Radio DONE
D/AndroidRuntime( 9661): Calling main entry com.android.commands.pm.Pm
I/        (  510): free_cache(609973) avail 10794262528
I/PackageManager.DexOptimizer(  871): Running dexopt (dex2oat) on: /data/app/vmdl2138689144.tmp/base.apk pkg=com.careerbuilder.SugarDrone.test isa=arm64 vmSafeMode=false debuggable=false target-filter=interpret-only oatDir = /data/app/vmdl2138689144.tmp/oat sharedLibraries=/system/framework/android.test.runner.jar:/system/framework/com.google.android.maps.jar
I/dex2oat ( 9689): /system/bin/dex2oat --compiler-filter=interpret-only -j4
I/dex2oat ( 9689): dex2oat took 620.867ms (threads: 4) arena alloc=59KB (60632B) java alloc=2MB (2266032B) native alloc=2MB (2697488B) free=2MB (2545392B)
W/PackageManager(  871): Not granting permission android.permission.ACCESS_MOCK_LOCATION to package com.careerbuilder.SugarDrone.test (protectionLevel=2 flags=0x1800be44)
V/BackupManagerService(  871): restoreAtInstall pkg=com.careerbuilder.SugarDrone.test token=6 restoreSet=0
V/BackupManagerService(  871): Finishing install immediately
I/art     (  871): Starting a blocking GC Explicit
I/art     (  871): Explicit concurrent mark sweep GC freed 66446(4MB) AllocSpace objects, 62(3MB) LOS objects, 33% free, 16MB/24MB, paused 1.582ms total 108.502ms
E/        (  510): Couldn't opendir /data/app/vmdl2138689144.tmp: No such file or directory
I/art     ( 9661): System.exit called, status: 0
I/AndroidRuntime( 9661): VM exiting with result code 0.
V/JNIHelp ( 9306): Registering com/google/android/gms/org/conscrypt/NativeCrypto's 242 native methods...
I/InputReader(  871): Reconfiguring input devices.  changes=0x00000010
W/ActivityManager(  871): Permission Denial: Accessing service ComponentInfo{com.google.android.music/com.google.android.music.dial.DialMediaRouteProviderService} from pid=5230, uid=10085 that is not exported from uid 10071
D/RegisteredNfcFServicesCache( 4017): Service unchanged, not updating
D/CarrierSvcBindHelper( 3099): No carrier app for: 0
D/CarrierConfigLoader( 3099): mHandler: 9 phoneId: 0
I/Finsky  ( 9250): [1] com.google.android.finsky.utils.PermissionPolicies$PermissionPolicyService.onStartCommand(117): post-install permissions check for com.careerbuilder.SugarDrone.test
W/Finsky  ( 9250): [1] com.google.android.finsky.FinskyApp.i(1468): No account configured on this device.
I/Finsky  ( 9250): [1] com.google.android.finsky.utils.bh.run(2302): Package state data is missing for com.careerbuilder.SugarDrone.test
W/Finsky  ( 9250): [1] com.google.android.finsky.FinskyApp.i(1468): No account configured on this device.
I/UpdateIcingCorporaServi( 4125): Updating corpora: APPS=com.careerbuilder.SugarDrone.test, CONTACTS=MAYBE
I/UpdateIcingCorporaServi( 4125): UpdateCorporaTask done [took 29 ms] updated apps [took 29 ms] 
I/PeopleContactsSync( 4272): triggerPendingContactsCleanup: no accounts
D/Wear_Controller( 4272): Received broadcast action=android.intent.action.PACKAGE_ADDED and uri=com.careerbuilder.SugarDrone.test
W/IcingInternalCorpora( 4272): getNumBytesRead when not calculated.
D/NetworkSecurityConfig( 9306): No Network Security Config specified, using platform default
I/Icing   ( 4272): Usage reports 0 indexed 0 rejected 0 imm upload false
I/Icing   ( 4272): Usage reports 0 indexed 0 rejected 0 imm upload false
I/ProviderInstaller( 9306): Installed default security provider GmsCore_OpenSSL
D/AndroidRuntime( 9735): >>>>>> START com.android.internal.os.RuntimeInit uid 2000 <<<<<<
D/AndroidRuntime( 9735): CheckJNI is OFF
D/ICU     ( 9735): No timezone override file found: /data/misc/zoneinfo/current/icu/icu_tzdata.dat
I/Radio-JNI( 9735): register_android_hardware_Radio DONE
D/AndroidRuntime( 9735): Calling main entry com.android.commands.settings.SettingsCmd
D/AndroidRuntime( 9735): Shutting down VM
I/Icing   ( 4272): Indexing CFF8FE80ED56E42D4CB52230EC16365D73D1C21A from com.google.android.gms
I/Icing   ( 4272): Indexing done CFF8FE80ED56E42D4CB52230EC16365D73D1C21A
D/AndroidRuntime( 9765): >>>>>> START com.android.internal.os.RuntimeInit uid 2000 <<<<<<
D/AndroidRuntime( 9765): CheckJNI is OFF
D/ICU     ( 9765): No timezone override file found: /data/misc/zoneinfo/current/icu/icu_tzdata.dat
I/Radio-JNI( 9765): register_android_hardware_Radio DONE
D/AndroidRuntime( 9765): Calling main entry com.android.commands.settings.SettingsCmd
D/AndroidRuntime( 9765): Shutting down VM
D/AndroidRuntime( 9793): >>>>>> START com.android.internal.os.RuntimeInit uid 2000 <<<<<<
D/AndroidRuntime( 9793): CheckJNI is OFF
D/ICU     ( 9793): No timezone override file found: /data/misc/zoneinfo/current/icu/icu_tzdata.dat
I/Radio-JNI( 9793): register_android_hardware_Radio DONE
D/AndroidRuntime( 9793): Calling main entry com.android.commands.settings.SettingsCmd
D/AndroidRuntime( 9793): Shutting down VM
D/AndroidRuntime( 9819): >>>>>> START com.android.internal.os.RuntimeInit uid 2000 <<<<<<
D/AndroidRuntime( 9819): CheckJNI is OFF
D/ICU     ( 9819): No timezone override file found: /data/misc/zoneinfo/current/icu/icu_tzdata.dat
I/Radio-JNI( 9819): register_android_hardware_Radio DONE
D/AndroidRuntime( 9819): Calling main entry com.android.commands.settings.SettingsCmd
D/AndroidRuntime( 9819): Shutting down VM
D/AndroidRuntime( 9846): >>>>>> START com.android.internal.os.RuntimeInit uid 2000 <<<<<<
D/AndroidRuntime( 9846): CheckJNI is OFF
D/ICU     ( 9846): No timezone override file found: /data/misc/zoneinfo/current/icu/icu_tzdata.dat
I/Radio-JNI( 9846): register_android_hardware_Radio DONE
D/AndroidRuntime( 9846): Calling main entry com.android.commands.settings.SettingsCmd
D/AndroidRuntime( 9846): Shutting down VM
D/AndroidRuntime( 9877): >>>>>> START com.android.internal.os.RuntimeInit uid 2000 <<<<<<
D/AndroidRuntime( 9877): CheckJNI is OFF
D/ICU     ( 9877): No timezone override file found: /data/misc/zoneinfo/current/icu/icu_tzdata.dat
I/Radio-JNI( 9877): register_android_hardware_Radio DONE
D/AndroidRuntime( 9877): Calling main entry com.android.commands.pm.Pm
I/art     ( 9877): System.exit called, status: 0
I/AndroidRuntime( 9877): VM exiting with result code 0.
W/MessageQueue( 9877): Handler (android.os.Handler) {e3ecc79} sending message to a Handler on a dead thread
W/MessageQueue( 9877): java.lang.IllegalStateException: Handler (android.os.Handler) {e3ecc79} sending message to a Handler on a dead thread
W/MessageQueue( 9877): 	at android.os.MessageQueue.enqueueMessage(MessageQueue.java:543)
W/MessageQueue( 9877): 	at android.os.Handler.enqueueMessage(Handler.java:643)
W/MessageQueue( 9877): 	at android.os.Handler.sendMessageAtTime(Handler.java:612)
W/MessageQueue( 9877): 	at android.os.Handler.sendMessageDelayed(Handler.java:582)
W/MessageQueue( 9877): 	at android.os.Handler.post(Handler.java:338)
W/MessageQueue( 9877): 	at android.os.ResultReceiver$MyResultReceiver.send(ResultReceiver.java:57)
W/MessageQueue( 9877): 	at com.android.internal.os.IResultReceiver$Stub.onTransact(IResultReceiver.java:58)
W/MessageQueue( 9877): 	at android.os.Binder.execTransact(Binder.java:565)
D/AndroidRuntime( 9937): >>>>>> START com.android.internal.os.RuntimeInit uid 2000 <<<<<<
D/AndroidRuntime( 9937): CheckJNI is OFF
D/ICU     ( 9937): No timezone override file found: /data/misc/zoneinfo/current/icu/icu_tzdata.dat
I/Radio-JNI( 9937): register_android_hardware_Radio DONE
D/AndroidRuntime( 9937): Calling main entry com.android.commands.pm.Pm
W/MessageQueue( 9937): Handler (android.os.Handler) {5815cf3} sending message to a Handler on a dead thread
W/MessageQueue( 9937): java.lang.IllegalStateException: Handler (android.os.Handler) {5815cf3} sending message to a Handler on a dead thread
W/MessageQueue( 9937): 	at android.os.MessageQueue.enqueueMessage(MessageQueue.java:543)
W/MessageQueue( 9937): 	at android.os.Handler.enqueueMessage(Handler.java:643)
W/MessageQueue( 9937): 	at android.os.Handler.sendMessageAtTime(Handler.java:612)
W/MessageQueue( 9937): 	at android.os.Handler.sendMessageDelayed(Handler.java:582)
W/MessageQueue( 9937): 	at android.os.Handler.post(Handler.java:338)
W/MessageQueue( 9937): 	at android.os.ResultReceiver$MyResultReceiver.send(ResultReceiver.java:57)
W/MessageQueue( 9937): 	at com.android.internal.os.IResultReceiver$Stub.onTransact(IResultReceiver.java:58)
W/MessageQueue( 9937): 	at android.os.Binder.execTransact(Binder.java:565)
I/art     ( 9937): System.exit called, status: 0
I/AndroidRuntime( 9937): VM exiting with result code 0.
I/ActivityManager(  871): Killing 7269:com.google.android.gms.unstable/u0a18 (adj 906): empty #17
D/AndroidRuntime(10018): >>>>>> START com.android.internal.os.RuntimeInit uid 2000 <<<<<<
D/AndroidRuntime(10018): CheckJNI is OFF
D/ICU     (10018): No timezone override file found: /data/misc/zoneinfo/current/icu/icu_tzdata.dat
I/Radio-JNI(10018): register_android_hardware_Radio DONE
D/AndroidRuntime(10018): Calling main entry com.android.commands.input.Input
I/Input   (10018): injectKeyEvent: KeyEvent { action=ACTION_DOWN, keyCode=KEYCODE_BACK, scanCode=0, metaState=0, flags=0x0, repeatCount=0, eventTime=290809, downTime=290809, deviceId=-1, source=0x101 }
I/Input   (10018): injectKeyEvent: KeyEvent { action=ACTION_UP, keyCode=KEYCODE_BACK, scanCode=0, metaState=0, flags=0x0, repeatCount=0, eventTime=290809, downTime=290809, deviceId=-1, source=0x101 }
D/AndroidRuntime(10018): Shutting down VM
D/AndroidRuntime(10077): >>>>>> START com.android.internal.os.RuntimeInit uid 2000 <<<<<<
D/AndroidRuntime(10077): CheckJNI is OFF
D/ICU     (10077): No timezone override file found: /data/misc/zoneinfo/current/icu/icu_tzdata.dat
I/Radio-JNI(10077): register_android_hardware_Radio DONE
D/AndroidRuntime(10077): Calling main entry com.android.commands.input.Input
I/Input   (10077): injectKeyEvent: KeyEvent { action=ACTION_DOWN, keyCode=KEYCODE_HOME, scanCode=0, metaState=0, flags=0x0, repeatCount=0, eventTime=292649, downTime=292649, deviceId=-1, source=0x101 }
I/Input   (10077): injectKeyEvent: KeyEvent { action=ACTION_UP, keyCode=KEYCODE_HOME, scanCode=0, metaState=0, flags=0x0, repeatCount=0, eventTime=292649, downTime=292649, deviceId=-1, source=0x101 }
I/ActivityManager(  871): START u0 {act=android.intent.action.MAIN cat=[android.intent.category.HOME] flg=0x10200000 cmp=com.google.android.googlequicksearchbox/com.google.android.launcher.GEL (has extras)} from uid 1000 on display 0
D/AndroidRuntime(10077): Shutting down VM
I/GEL     ( 4073): handleIntent(Intent { act=android.intent.action.MAIN cat=[android.intent.category.HOME] flg=0x10200000 cmp=com.google.android.googlequicksearchbox/com.google.android.launcher.GEL (has extras) })
W/SearchService( 4125): Abort, client detached.
I/MicroDetector( 4125): Keeping mic open: false
I/DeviceStateChecker( 4125): DeviceStateChecker cancelled
I/MicrophoneInputStream( 4125): mic_close com.google.android.apps.gsa.speech.audio.ah@aef0b73
E/AudioRecord-JNI( 4125): Error -4 during AudioRecord native read
D/sound_trigger_platform(  507): platform_stdev_check_and_update_concurrency: concurrency active 0, tx 0, rx 0, concurrency session_allowed 1
I/SoundTriggerHwService::Module(  507): void android::SoundTriggerHwService::Module::onCallbackEvent(const sp<android::SoundTriggerHwService::CallbackEvent> &) mClient == 0
I/MicroRecognitionRunner( 4125): Detection finished
I/MicroRecognitionRunner( 4125): Stopping hotword detection.
I/MicroDetectionWorker( 4125): Micro detection mode: [mDetectionMode: [1]].
I/MicroRecognitionRunner( 4125): Starting detection.
I/MicrophoneInputStream( 4125): mic_starting com.google.android.apps.gsa.speech.audio.ah@6dafd89
I/AudioFlinger(  507): AudioFlinger's thread 0xe8a12e00 ready to run
I/SoundTriggerHwService::Module(  507): void android::SoundTriggerHwService::Module::onCallbackEvent(const sp<android::SoundTriggerHwService::CallbackEvent> &) mClient == 0
I/MicrophoneInputStream( 4125): mic_started com.google.android.apps.gsa.speech.audio.ah@6dafd89
E/audio_route(  507): unable to find path 'set-capture-format-default'
D/sound_trigger_platform(  507): platform_stdev_check_and_update_concurrency: concurrency active 0, tx 1, rx 0, concurrency session_allowed 0
I/MicroDetectionWorker( 4125): onReady
D/AndroidRuntime(10119): >>>>>> START com.android.internal.os.RuntimeInit uid 2000 <<<<<<
D/AndroidRuntime(10119): CheckJNI is OFF
D/ICU     (10119): No timezone override file found: /data/misc/zoneinfo/current/icu/icu_tzdata.dat
I/Radio-JNI(10119): register_android_hardware_Radio DONE
D/AndroidRuntime(10119): Calling main entry com.android.commands.input.Input
I/Input   (10119): injectKeyEvent: KeyEvent { action=ACTION_DOWN, keyCode=KEYCODE_BACK, scanCode=0, metaState=0, flags=0x0, repeatCount=0, eventTime=294077, downTime=294077, deviceId=-1, source=0x101 }
I/Input   (10119): injectKeyEvent: KeyEvent { action=ACTION_UP, keyCode=KEYCODE_BACK, scanCode=0, metaState=0, flags=0x0, repeatCount=0, eventTime=294077, downTime=294077, deviceId=-1, source=0x101 }
D/AndroidRuntime(10119): Shutting down VM
W/ProcessCpuTracker(  871): Skipping unknown process pid 10146
D/AndroidRuntime(10162): >>>>>> START com.android.internal.os.RuntimeInit uid 2000 <<<<<<
D/AndroidRuntime(10162): CheckJNI is OFF
D/ICU     (10162): No timezone override file found: /data/misc/zoneinfo/current/icu/icu_tzdata.dat
I/Radio-JNI(10162): register_android_hardware_Radio DONE
D/AndroidRuntime(10162): Calling main entry com.android.commands.am.Am
I/ActivityManager(  871): Force stopping com.careerbuilder.SugarDrone appid=15380 user=0: start instr
I/ActivityManager(  871): Start proc 10187:com.careerbuilder.SugarDrone/u0a5380 for added application com.careerbuilder.SugarDrone
I/art     (10187): Late-enabling -Xcheck:jni
W/System  (10187): ClassLoader referenced unknown path: /data/app/com.careerbuilder.SugarDrone.test-1/lib/arm64
W/System  (10187): ClassLoader referenced unknown path: 
W/monodroid(10187): Using override path: /data/user/0/com.careerbuilder.SugarDrone/files/.__override__
W/monodroid(10187): Trying to load sgen from: /data/user/0/com.careerbuilder.SugarDrone/files/.__override__/libmonosgen-2.0.so
W/monodroid(10187): Trying to load sgen from: /storage/emulated/0/Android/data/com.careerbuilder.SugarDrone/files/.__override__/libmonosgen-2.0.so
W/monodroid(10187): Trying to load sgen from: /data/app/com.careerbuilder.SugarDrone-1/lib/arm/libmonosgen-2.0.so
D/Mono    (10187): Image addref mscorlib[0xe6457fe0] -> mscorlib.dll[0xe66f7400]: 2
D/Mono    (10187): Prepared to set up assembly 'mscorlib' (mscorlib.dll)
D/Mono    (10187): AOT module 'mscorlib.dll.so' not found: dlopen failed: library "/data/app/com.careerbuilder.SugarDrone-1/lib/arm/libaot-mscorlib.dll.so" not found
D/Mono    (10187): AOT module '/Users/builder/data/lanes/4009/3a62f1ea/source/monodroid/builds/install/mono-armv6/lib/mono/aot-cache/arm/mscorlib.dll.so' not found: dlopen failed: library "/data/app/com.careerbuilder.SugarDrone-1/lib/arm/libaot-mscorlib.dll.so" not found
D/Mono    (10187): Config attempting to parse: 'mscorlib.dll.config'.
D/Mono    (10187): Config attempting to parse: '/Users/builder/data/lanes/4009/3a62f1ea/source/monodroid/builds/install/mono-armv6/etc/mono/assemblies/mscorlib/mscorlib.config'.
D/Mono    (10187): Assembly mscorlib[0xe6457fe0] added to domain RootDomain, ref_count=1
D/Mono    (10187): Image addref CareerBuilder_Search.Droid[0xe64586a0] -> CareerBuilder_Search.Droid.dll[0xe66f8300]: 2
D/Mono    (10187): Prepared to set up assembly 'CareerBuilder_Search.Droid' (CareerBuilder_Search.Droid.dll)
D/Mono    (10187): Assembly CareerBuilder_Search.Droid[0xe64586a0] added to domain RootDomain, ref_count=1
D/Mono    (10187): AOT module 'CareerBuilder_Search.Droid.dll.so' not found: dlopen failed: library "/data/app/com.careerbuilder.SugarDrone-1/lib/arm/libaot-CareerBuilder_Search.Droid.dll.so" not found
D/Mono    (10187): AOT module '/Users/builder/data/lanes/4009/3a62f1ea/source/monodroid/builds/install/mono-armv6/lib/mono/aot-cache/arm/CareerBuilder_Search.Droid.dll.so' not found: dlopen failed: library "/data/app/com.careerbuilder.SugarDrone-1/lib/arm/libaot-CareerBuilder_Search.Droid.dll.so" not found
D/Mono    (10187): Config attempting to parse: 'CareerBuilder_Search.Droid.dll.config'.
D/Mono    (10187): Config attempting to parse: '/Users/builder/data/lanes/4009/3a62f1ea/source/monodroid/builds/install/mono-armv6/etc/mono/assemblies/CareerBuilder_Search.Droid/CareerBuilder_Search.Droid.config'.
D/Mono    (10187): Image addref AppsFlyerXamarinBindingAndroid[0xe6458700] -> AppsFlyerXamarinBindingAndroid.dll[0xe66f8800]: 2
D/Mono    (10187): Prepared to set up assembly 'AppsFlyerXamarinBindingAndroid' (AppsFlyerXamarinBindingAndroid.dll)
D/Mono    (10187): Assembly AppsFlyerXamarinBindingAndroid[0xe6458700] added to domain RootDomain, ref_count=1
D/Mono    (10187): AOT module 'AppsFlyerXamarinBindingAndroid.dll.so' not found: dlopen failed: library "/data/app/com.careerbuilder.SugarDrone-1/lib/arm/libaot-AppsFlyerXamarinBindingAndroid.dll.so" not found
D/Mono    (10187): AOT module '/Users/builder/data/lanes/4009/3a62f1ea/source/monodroid/builds/install/mono-armv6/lib/mono/aot-cache/arm/AppsFlyerXamarinBindingAndroid.dll.so' not found: dlopen failed: library "/data/app/com.careerbuilder.SugarDrone-1/lib/arm/libaot-AppsFlyerXamarinBindingAndroid.dll.so" not found
D/Mono    (10187): Config attempting to parse: 'AppsFlyerXamarinBindingAndroid.dll.config'.
D/Mono    (10187): Config attempting to parse: '/Users/builder/data/lanes/4009/3a62f1ea/source/monodroid/builds/install/mono-armv6/etc/mono/assemblies/AppsFlyerXamarinBindingAndroid/AppsFlyerXamarinBindingAndroid.config'.
D/Mono    (10187): Image addref HockeySDK[0xe66f3180] -> HockeySDK.dll[0xe66f8d00]: 2
D/Mono    (10187): Prepared to set up assembly 'HockeySDK' (HockeySDK.dll)
D/Mono    (10187): Assembly HockeySDK[0xe66f3180] added to domain RootDomain, ref_count=1
D/Mono    (10187): AOT module 'HockeySDK.dll.so' not found: dlopen failed: library "/data/app/com.careerbuilder.SugarDrone-1/lib/arm/libaot-HockeySDK.dll.so" not found
D/Mono    (10187): AOT module '/Users/builder/data/lanes/4009/3a62f1ea/source/monodroid/builds/install/mono-armv6/lib/mono/aot-cache/arm/HockeySDK.dll.so' not found: dlopen failed: library "/data/app/com.careerbuilder.SugarDrone-1/lib/arm/libaot-HockeySDK.dll.so" not found
D/Mono    (10187): Config attempting to parse: 'HockeySDK.dll.config'.
D/Mono    (10187): Config attempting to parse: '/Users/builder/data/lanes/4009/3a62f1ea/source/monodroid/builds/install/mono-armv6/etc/mono/assemblies/HockeySDK/HockeySDK.config'.
D/Mono    (10187): Image addref Akavache[0xe66f31e0] -> Akavache.dll[0xe66f9200]: 2
D/Mono    (10187): Prepared to set up assembly 'Akavache' (Akavache.dll)
D/Mono    (10187): Assembly Akavache[0xe66f31e0] added to domain RootDomain, ref_count=1
D/Mono    (10187): AOT module 'Akavache.dll.so' not found: dlopen failed: library "/data/app/com.careerbuilder.SugarDrone-1/lib/arm/libaot-Akavache.dll.so" not found
D/Mono    (10187): AOT module '/Users/builder/data/lanes/4009/3a62f1ea/source/monodroid/builds/install/mono-armv6/lib/mono/aot-cache/arm/Akavache.dll.so' not found: dlopen failed: library "/data/app/com.careerbuilder.SugarDrone-1/lib/arm/libaot-Akavache.dll.so" not found
D/Mono    (10187): Config attempting to parse: 'Akavache.dll.config'.
D/Mono    (10187): Config attempting to parse: '/Users/builder/data/lanes/4009/3a62f1ea/source/monodroid/builds/install/mono-armv6/etc/mono/assemblies/Akavache/Akavache.config'.
D/Mono    (10187): Image addref Akavache.Sqlite3[0xe66f3240] -> Akavache.Sqlite3.dll[0xe66f9700]: 2
D/Mono    (10187): Prepared to set up assembly 'Akavache.Sqlite3' (Akavache.Sqlite3.dll)
D/Mono    (10187): Assembly Akavache.Sqlite3[0xe66f3240] added to domain RootDomain, ref_count=1
D/Mono    (10187): AOT module 'Akavache.Sqlite3.dll.so' not found: dlopen failed: library "/data/app/com.careerbuilder.SugarDrone-1/lib/arm/libaot-Akavache.Sqlite3.dll.so" not found
D/Mono    (10187): AOT module '/Users/builder/data/lanes/4009/3a62f1ea/source/monodroid/builds/install/mono-armv6/lib/mono/aot-cache/arm/Akavache.Sqlite3.dll.so' not found: dlopen failed: library "/data/app/com.careerbuilder.SugarDrone-1/lib/arm/libaot-Akavache.Sqlite3.dll.so" not found
W/        (10187): Symbol file LoadedFromMemory doesn't match image Akavache.Sqlite3.dll
D/Mono    (10187): Config attempting to parse: 'Akavache.Sqlite3.dll.config'.
D/Mono    (10187): Config attempting to parse: '/Users/builder/data/lanes/4009/3a62f1ea/source/monodroid/builds/install/mono-armv6/etc/mono/assemblies/Akavache.Sqlite3/Akavache.Sqlite3.config'.
D/Mono    (10187): Image addref Splat[0xe66f32a0] -> Splat.dll[0xe66f9c00]: 2
D/Mono    (10187): Prepared to set up assembly 'Splat' (Splat.dll)
D/Mono    (10187): Assembly Splat[0xe66f32a0] added to domain RootDomain, ref_count=1
D/Mono    (10187): AOT module 'Splat.dll.so' not found: dlopen failed: library "/data/app/com.careerbuilder.SugarDrone-1/lib/arm/libaot-Splat.dll.so" not found
D/Mono    (10187): AOT module '/Users/builder/data/lanes/4009/3a62f1ea/source/monodroid/builds/install/mono-armv6/lib/mono/aot-cache/arm/Splat.dll.so' not found: dlopen failed: library "/data/app/com.careerbuilder.SugarDrone-1/lib/arm/libaot-Splat.dll.so" not found
D/Mono    (10187): Config attempting to parse: 'Splat.dll.config'.
D/Mono    (10187): Config attempting to parse: '/Users/builder/data/lanes/4009/3a62f1ea/source/monodroid/builds/install/mono-armv6/etc/mono/assemblies/Splat/Splat.config'.
D/Mono    (10187): Image addref Microsoft.Practices.ServiceLocation[0xe66f3480] -> Microsoft.Practices.ServiceLocation.dll[0xe66fa100]: 2
D/Mono    (10187): Prepared to set up assembly 'Microsoft.Practices.ServiceLocation' (Microsoft.Practices.ServiceLocation.dll)
D/Mono    (10187): Assembly Microsoft.Practices.ServiceLocation[0xe66f3480] added to domain RootDomain, ref_count=1
D/Mono    (10187): AOT module 'Microsoft.Practices.ServiceLocation.dll.so' not found: dlopen failed: library "/data/app/com.careerbuilder.SugarDrone-1/lib/arm/libaot-Microsoft.Practices.ServiceLocation.dll.so" not found
D/Mono    (10187): AOT module '/Users/builder/data/lanes/4009/3a62f1ea/source/monodroid/builds/install/mono-armv6/lib/mono/aot-cache/arm/Microsoft.Practices.ServiceLocation.dll.so' not found: dlopen failed: library "/data/app/com.careerbuilder.SugarDrone-1/lib/arm/libaot-Microsoft.Practices.ServiceLocation.dll.so" not found
D/Mono    (10187): Config attempting to parse: 'Microsoft.Practices.ServiceLocation.dll.config'.
D/Mono    (10187): Config attempting to parse: '/Users/builder/data/lanes/4009/3a62f1ea/source/monodroid/builds/install/mono-armv6/etc/mono/assemblies/Microsoft.Practices.ServiceLocation/Microsoft.Practices.ServiceLocation.config'.
D/Mono    (10187): Image addref Microsoft.Practices.Unity[0xe66f3540] -> Microsoft.Practices.Unity.dll[0xe66fa600]: 2
D/Mono    (10187): Prepared to set up assembly 'Microsoft.Practices.Unity' (Microsoft.Practices.Unity.dll)
D/Mono    (10187): Assembly Microsoft.Practices.Unity[0xe66f3540] added to domain RootDomain, ref_count=1
D/Mono    (10187): AOT module 'Microsoft.Practices.Unity.dll.so' not found: dlopen failed: library "/data/app/com.careerbuilder.SugarDrone-1/lib/arm/libaot-Microsoft.Practices.Unity.dll.so" not found
D/Mono    (10187): AOT module '/Users/builder/data/lanes/4009/3a62f1ea/source/monodroid/builds/install/mono-armv6/lib/mono/aot-cache/arm/Microsoft.Practices.Unity.dll.so' not found: dlopen failed: library "/data/app/com.careerbuilder.SugarDrone-1/lib/arm/libaot-Microsoft.Practices.Unity.dll.so" not found
D/Mono    (10187): Config attempting to parse: 'Microsoft.Practices.Unity.dll.config'.
D/Mono    (10187): Config attempting to parse: '/Users/builder/data/lanes/4009/3a62f1ea/source/monodroid/builds/install/mono-armv6/etc/mono/assemblies/Microsoft.Practices.Unity/Microsoft.Practices.Unity.config'.
D/Mono    (10187): Image addref Plugin.CurrentActivity[0xe66f37e0] -> Plugin.CurrentActivity.dll[0xe66fab00]: 2
D/Mono    (10187): Prepared to set up assembly 'Plugin.CurrentActivity' (Plugin.CurrentActivity.dll)
D/Mono    (10187): Assembly Plugin.CurrentActivity[0xe66f37e0] added to domain RootDomain, ref_count=1
D/Mono    (10187): AOT module 'Plugin.CurrentActivity.dll.so' not found: dlopen failed: library "/data/app/com.careerbuilder.SugarDrone-1/lib/arm/libaot-Plugin.CurrentActivity.dll.so" not found
D/Mono    (10187): AOT module '/Users/builder/data/lanes/4009/3a62f1ea/source/monodroid/builds/install/mono-armv6/lib/mono/aot-cache/arm/Plugin.CurrentActivity.dll.so' not found: dlopen failed: library "/data/app/com.careerbuilder.SugarDrone-1/lib/arm/libaot-Plugin.CurrentActivity.dll.so" not found
D/Mono    (10187): Config attempting to parse: 'Plugin.CurrentActivity.dll.config'.
D/Mono    (10187): Config attempting to parse: '/Users/builder/data/lanes/4009/3a62f1ea/source/monodroid/builds/install/mono-armv6/etc/mono/assemblies/Plugin.CurrentActivity/Plugin.CurrentActivity.config'.
D/Mono    (10187): Image addref Plugin.Permissions[0xe66f38a0] -> Plugin.Permissions.dll[0xe3f6d000]: 2
D/Mono    (10187): Prepared to set up assembly 'Plugin.Permissions' (Plugin.Permissions.dll)
D/Mono    (10187): Assembly Plugin.Permissions[0xe66f38a0] added to domain RootDomain, ref_count=1
D/Mono    (10187): AOT module 'Plugin.Permissions.dll.so' not found: dlopen failed: library "/data/app/com.careerbuilder.SugarDrone-1/lib/arm/libaot-Plugin.Permissions.dll.so" not found
D/Mono    (10187): AOT module '/Users/builder/data/lanes/4009/3a62f1ea/source/monodroid/builds/install/mono-armv6/lib/mono/aot-cache/arm/Plugin.Permissions.dll.so' not found: dlopen failed: library "/data/app/com.careerbuilder.SugarDrone-1/lib/arm/libaot-Plugin.Permissions.dll.so" not found
D/Mono    (10187): Config attempting to parse: 'Plugin.Permissions.dll.config'.
D/Mono    (10187): Config attempting to parse: '/Users/builder/data/lanes/4009/3a62f1ea/source/monodroid/builds/install/mono-armv6/etc/mono/assemblies/Plugin.Permissions/Plugin.Permissions.config'.
D/Mono    (10187): Image addref Plugin.Permissions.Abstractions[0xe66f3b40] -> Plugin.Permissions.Abstractions.dll[0xe3f6d500]: 2
D/Mono    (10187): Prepared to set up assembly 'Plugin.Permissions.Abstractions' (Plugin.Permissions.Abstractions.dll)
D/Mono    (10187): Assembly Plugin.Permissions.Abstractions[0xe66f3b40] added to domain RootDomain, ref_count=1
D/Mono    (10187): AOT module 'Plugin.Permissions.Abstractions.dll.so' not found: dlopen failed: library "/data/app/com.careerbuilder.SugarDrone-1/lib/arm/libaot-Plugin.Permissions.Abstractions.dll.so" not found
D/Mono    (10187): AOT module '/Users/builder/data/lanes/4009/3a62f1ea/source/monodroid/builds/install/mono-armv6/lib/mono/aot-cache/arm/Plugin.Permissions.Abstractions.dll.so' not found: dlopen failed: library "/data/app/com.careerbuilder.SugarDrone-1/lib/arm/libaot-Plugin.Permissions.Abstractions.dll.so" not found
D/Mono    (10187): Config attempting to parse: 'Plugin.Permissions.Abstractions.dll.config'.
D/Mono    (10187): Config attempting to parse: '/Users/builder/data/lanes/4009/3a62f1ea/source/monodroid/builds/install/mono-armv6/etc/mono/assemblies/Plugin.Permissions.Abstractions/Plugin.Permissions.Abstractions.config'.
D/Mono    (10187): Image addref Plugin.Geolocator[0xe66f3d80] -> Plugin.Geolocator.dll[0xe3f6da00]: 2
D/Mono    (10187): Prepared to set up assembly 'Plugin.Geolocator' (Plugin.Geolocator.dll)
D/Mono    (10187): Assembly Plugin.Geolocator[0xe66f3d80] added to domain RootDomain, ref_count=1
D/Mono    (10187): AOT module 'Plugin.Geolocator.dll.so' not found: dlopen failed: library "/data/app/com.careerbuilder.SugarDrone-1/lib/arm/libaot-Plugin.Geolocator.dll.so" not found
D/Mono    (10187): AOT module '/Users/builder/data/lanes/4009/3a62f1ea/source/monodroid/builds/install/mono-armv6/lib/mono/aot-cache/arm/Plugin.Geolocator.dll.so' not found: dlopen failed: library "/data/app/com.careerbuilder.SugarDrone-1/lib/arm/libaot-Plugin.Geolocator.dll.so" not found
D/Mono    (10187): Config attempting to parse: 'Plugin.Geolocator.dll.config'.
D/Mono    (10187): Config attempting to parse: '/Users/builder/data/lanes/4009/3a62f1ea/source/monodroid/builds/install/mono-armv6/etc/mono/assemblies/Plugin.Geolocator/Plugin.Geolocator.config'.
D/Mono    (10187): Image addref Plugin.Geolocator.Abstractions[0xe66f4020] -> Plugin.Geolocator.Abstractions.dll[0xe3f6df00]: 2
D/Mono    (10187): Prepared to set up assembly 'Plugin.Geolocator.Abstractions' (Plugin.Geolocator.Abstractions.dll)
D/Mono    (10187): Assembly Plugin.Geolocator.Abstractions[0xe66f4020] added to domain RootDomain, ref_count=1
D/Mono    (10187): AOT module 'Plugin.Geolocator.Abstractions.dll.so' not found: dlopen failed: library "/data/app/com.careerbuilder.SugarDrone-1/lib/arm/libaot-Plugin.Geolocator.Abstractions.dll.so" not found
D/Mono    (10187): AOT module '/Users/builder/data/lanes/4009/3a62f1ea/source/monodroid/builds/install/mono-armv6/lib/mono/aot-cache/arm/Plugin.Geolocator.Abstractions.dll.so' not found: dlopen failed: library "/data/app/com.careerbuilder.SugarDrone-1/lib/arm/libaot-Plugin.Geolocator.Abstractions.dll.so" not found
