D/Mono    (10042): AOT module '/Users/builder/data/lanes/4009/3a62f1ea/source/monodroid/builds/install/mono-armv6/lib/mono/aot-cache/arm/System.Reflection.Extensions.dll.so' not found: dlopen failed: library "/data/app/com.careerbuilder.SugarDrone-1/lib/arm/libaot-System.Reflection.Extensions.dll.so" not found
D/Mono    (10042): Config attempting to parse: 'System.Reflection.Extensions.dll.config'.
D/Mono    (10042): Config attempting to parse: '/Users/builder/data/lanes/4009/3a62f1ea/source/monodroid/builds/install/mono-armv6/etc/mono/assemblies/System.Reflection.Extensions/System.Reflection.Extensions.config'.
D/Mono    (10042): Assembly Ref addref Java.Interop[0xf11cdb00] -> System.Reflection.Extensions[0xf11ce1c0]: 2
D/Mono    (10042): Assembly Ref addref System.Reflection.Extensions[0xf11ce1c0] -> mscorlib[0xe86cde60]: 11
D/Mono    (10042): Assembly Ref addref Mono.Android[0xf11cdaa0] -> System.Core[0xf11ce0a0]: 3
D/Mono    (10042): DllImport searching in: '__Internal' ('(null)').
D/Mono    (10042): Searching for 'monodroid_typemap_managed_to_java'.
D/Mono    (10042): Probing 'monodroid_typemap_managed_to_java'.
D/Mono    (10042): Found as 'monodroid_typemap_managed_to_java'.
D/Mono    (10042): DllImport searching in: '__Internal' ('(null)').
D/Mono    (10042): Searching for 'java_interop_jnienv_alloc_object'.
D/Mono    (10042): Probing 'java_interop_jnienv_alloc_object'.
D/Mono    (10042): Found as 'java_interop_jnienv_alloc_object'.
D/Mono    (10042): DllImport searching in: '__Internal' ('(null)').
D/Mono    (10042): Searching for '_monodroid_gc_wait_for_bridge_processing'.
D/Mono    (10042): Probing '_monodroid_gc_wait_for_bridge_processing'.
D/Mono    (10042): Found as '_monodroid_gc_wait_for_bridge_processing'.
D/Mono    (10042): DllImport searching in: '__Internal' ('(null)').
D/Mono    (10042): Searching for 'java_interop_jnienv_register_natives'.
D/Mono    (10042): Probing 'java_interop_jnienv_register_natives'.
D/Mono    (10042): Found as 'java_interop_jnienv_register_natives'.
D/Mono    (10042): DllImport searching in: '__Internal' ('(null)').
D/Mono    (10042): Searching for 'java_interop_jnienv_call_nonvirtual_void_method_a'.
D/Mono    (10042): Probing 'java_interop_jnienv_call_nonvirtual_void_method_a'.
D/Mono    (10042): Found as 'java_interop_jnienv_call_nonvirtual_void_method_a'.
D/Mono    (10042): DllImport searching in: '__Internal' ('(null)').
D/Mono    (10042): Searching for 'java_interop_jnienv_is_same_object'.
D/Mono    (10042): Probing 'java_interop_jnienv_is_same_object'.
D/Mono    (10042): Found as 'java_interop_jnienv_is_same_object'.
D/Mono    (10042): DllImport searching in: '__Internal' ('(null)').
D/Mono    (10042): Searching for 'java_interop_jnienv_call_static_void_method_a'.
D/Mono    (10042): Probing 'java_interop_jnienv_call_static_void_method_a'.
D/Mono    (10042): Found as 'java_interop_jnienv_call_static_void_method_a'.
D/Mono    (10042): Assembly Ref addref AppsFlyerXamarinBindingAndroid[0xe86ce0a0] -> mscorlib[0xe86cde60]: 12
D/Mono    (10042): Assembly Ref addref AppsFlyerXamarinBindingAndroid[0xe86ce0a0] -> Mono.Android[0xf11cdaa0]: 2
D/Mono    (10042): Assembly Ref addref HockeySDK[0xe86ce160] -> mscorlib[0xe86cde60]: 13
D/Mono    (10042): Assembly Ref addref HockeySDK[0xe86ce160] -> Mono.Android[0xf11cdaa0]: 3
D/Mono    (10042): Assembly Ref addref Xamarin.GooglePlayServices.Analytics[0xf11cd080] -> mscorlib[0xe86cde60]: 14
D/Mono    (10042): Assembly Ref addref Xamarin.GooglePlayServices.Analytics[0xf11cd080] -> Mono.Android[0xf11cdaa0]: 4
D/Mono    (10042): Assembly Ref addref Xamarin.GooglePlayServices.Base[0xf11cd1a0] -> mscorlib[0xe86cde60]: 15
D/Mono    (10042): Assembly Ref addref Xamarin.GooglePlayServices.Base[0xf11cd1a0] -> Mono.Android[0xf11cdaa0]: 5
D/Mono    (10042): Assembly Ref addref Xamarin.GooglePlayServices.Basement[0xf11cd200] -> mscorlib[0xe86cde60]: 16
D/Mono    (10042): Assembly Ref addref Xamarin.GooglePlayServices.Basement[0xf11cd200] -> Mono.Android[0xf11cdaa0]: 6
D/Mono    (10042): Assembly Ref addref FloatingActionButton-Xamarin[0xf11cd380] -> mscorlib[0xe86cde60]: 17
D/Mono    (10042): Assembly Ref addref FloatingActionButton-Xamarin[0xf11cd380] -> Mono.Android[0xf11cdaa0]: 7
D/Mono    (10042): Assembly Ref addref Xamarin.Android.Support.v4[0xf11cd3e0] -> mscorlib[0xe86cde60]: 18
D/Mono    (10042): Assembly Ref addref Xamarin.Android.Support.v4[0xf11cd3e0] -> Mono.Android[0xf11cdaa0]: 8
D/Mono    (10042): Assembly Ref addref Xamarin.Android.Support.v7.RecyclerView[0xf11cd440] -> mscorlib[0xe86cde60]: 19
D/Mono    (10042): Assembly Ref addref Xamarin.Android.Support.v7.RecyclerView[0xf11cd440] -> Mono.Android[0xf11cdaa0]: 9
D/Mono    (10042): Assembly Ref addref Xamarin.Android.Support.Vector.Drawable[0xf11cd4a0] -> mscorlib[0xe86cde60]: 20
D/Mono    (10042): Assembly Ref addref Xamarin.Android.Support.Vector.Drawable[0xf11cd4a0] -> Mono.Android[0xf11cdaa0]: 10
D/Mono    (10042): Assembly Ref addref Xamarin.Android.Support.Animated.Vector.Drawable[0xf11cd500] -> mscorlib[0xe86cde60]: 21
D/Mono    (10042): Assembly Ref addref Xamarin.Android.Support.Animated.Vector.Drawable[0xf11cd500] -> Mono.Android[0xf11cdaa0]: 11
D/Mono    (10042): Assembly Ref addref Xamarin.Android.Support.v7.AppCompat[0xf11cd560] -> mscorlib[0xe86cde60]: 22
D/Mono    (10042): Assembly Ref addref Xamarin.Android.Support.v7.AppCompat[0xf11cd560] -> Mono.Android[0xf11cdaa0]: 12
D/Mono    (10042): Assembly Ref addref Xamarin.Android.Support.Design[0xf11cd5c0] -> mscorlib[0xe86cde60]: 23
D/Mono    (10042): Assembly Ref addref Xamarin.Android.Support.Design[0xf11cd5c0] -> Mono.Android[0xf11cdaa0]: 13
D/Mono    (10042): Assembly Ref addref Xamarin.Android.Support.v7.CardView[0xf11cd620] -> mscorlib[0xe86cde60]: 24
D/Mono    (10042): Assembly Ref addref Xamarin.Android.Support.v7.CardView[0xf11cd620] -> Mono.Android[0xf11cdaa0]: 14
D/Mono    (10042): Assembly Ref addref FlexboxLayoutXamarinBindingAndroid[0xf11cd980] -> mscorlib[0xe86cde60]: 25
D/Mono    (10042): Assembly Ref addref FlexboxLayoutXamarinBindingAndroid[0xf11cd980] -> Mono.Android[0xf11cdaa0]: 15
D/Mono    (10042): Assembly Ref addref CareerBuilder_Search.Droid[0xe86cdfe0] -> Mono.Android[0xf11cdaa0]: 16
D/Mono    (10042): Assembly Ref addref CareerBuilder_Search.Droid[0xe86cdfe0] -> mscorlib[0xe86cde60]: 26
D/Mono    (10042): Image addref Mono.Android.Export[0xf11ce700] -> Mono.Android.Export.dll[0xd30a6900]: 2
D/Mono    (10042): Prepared to set up assembly 'Mono.Android.Export' (Mono.Android.Export.dll)
D/Mono    (10042): Assembly Mono.Android.Export[0xf11ce700] added to domain RootDomain, ref_count=1
D/Mono    (10042): AOT module 'Mono.Android.Export.dll.so' not found: dlopen failed: library "/data/app/com.careerbuilder.SugarDrone-1/lib/arm/libaot-Mono.Android.Export.dll.so" not found
D/Mono    (10042): AOT module '/Users/builder/data/lanes/4009/3a62f1ea/source/monodroid/builds/install/mono-armv6/lib/mono/aot-cache/arm/Mono.Android.Export.dll.so' not found: dlopen failed: library "/data/app/com.careerbuilder.SugarDrone-1/lib/arm/libaot-Mono.Android.Export.dll.so" not found
D/Mono    (10042): Config attempting to parse: 'Mono.Android.Export.dll.config'.
D/Mono    (10042): Config attempting to parse: '/Users/builder/data/lanes/4009/3a62f1ea/source/monodroid/builds/install/mono-armv6/etc/mono/assemblies/Mono.Android.Export/Mono.Android.Export.config'.
D/Mono    (10042): Assembly Ref addref Mono.Android.Export[0xf11ce700] -> mscorlib[0xe86cde60]: 27
D/Mono    (10042): Assembly Ref addref Mono.Android.Export[0xf11ce700] -> Mono.Android[0xf11cdaa0]: 17
D/Mono    (10042): Image addref System.Xml[0xf11ce640] -> System.Xml.dll[0xd30a7800]: 2
D/Mono    (10042): Prepared to set up assembly 'System.Xml' (System.Xml.dll)
D/Mono    (10042): Assembly System.Xml[0xf11ce640] added to domain RootDomain, ref_count=1
D/Mono    (10042): AOT module 'System.Xml.dll.so' not found: dlopen failed: library "/data/app/com.careerbuilder.SugarDrone-1/lib/arm/libaot-System.Xml.dll.so" not found
D/Mono    (10042): AOT module '/Users/builder/data/lanes/4009/3a62f1ea/source/monodroid/builds/install/mono-armv6/lib/mono/aot-cache/arm/System.Xml.dll.so' not found: dlopen failed: library "/data/app/com.careerbuilder.SugarDrone-1/lib/arm/libaot-System.Xml.dll.so" not found
D/Mono    (10042): Config attempting to parse: 'System.Xml.dll.config'.
D/Mono    (10042): Config attempting to parse: '/Users/builder/data/lanes/4009/3a62f1ea/source/monodroid/builds/install/mono-armv6/etc/mono/assemblies/System.Xml/System.Xml.config'.
D/Mono    (10042): Assembly Ref addref Mono.Android.Export[0xf11ce700] -> System.Xml[0xf11ce640]: 2
D/Mono    (10042): Assembly Ref addref System.Xml[0xf11ce640] -> mscorlib[0xe86cde60]: 28
D/Mono    (10042): Assembly Ref addref Mono.Android[0xf11cdaa0] -> System.Xml[0xf11ce640]: 3
D/Mono    (10042): Assembly Ref addref Mono.Android.Export[0xf11ce700] -> System.Core[0xf11ce0a0]: 4
D/Mono    (10042): Image addref System.Net.Http[0xf11ce8e0] -> System.Net.Http.dll[0xe4f6ac00]: 2
D/Mono    (10042): Prepared to set up assembly 'System.Net.Http' (System.Net.Http.dll)
D/Mono    (10042): Assembly System.Net.Http[0xf11ce8e0] added to domain RootDomain, ref_count=1
D/Mono    (10042): AOT module 'System.Net.Http.dll.so' not found: dlopen failed: library "/data/app/com.careerbuilder.SugarDrone-1/lib/arm/libaot-System.Net.Http.dll.so" not found
D/Mono    (10042): AOT module '/Users/builder/data/lanes/4009/3a62f1ea/source/monodroid/builds/install/mono-armv6/lib/mono/aot-cache/arm/System.Net.Http.dll.so' not found: dlopen failed: library "/data/app/com.careerbuilder.SugarDrone-1/lib/arm/libaot-System.Net.Http.dll.so" not found
D/Mono    (10042): Config attempting to parse: 'System.Net.Http.dll.config'.
D/Mono    (10042): Config attempting to parse: '/Users/builder/data/lanes/4009/3a62f1ea/source/monodroid/builds/install/mono-armv6/etc/mono/assemblies/System.Net.Http/System.Net.Http.config'.
D/Mono    (10042): Assembly Ref addref CareerBuilder_Search.Droid[0xe86cdfe0] -> System.Net.Http[0xf11ce8e0]: 2
D/Mono    (10042): Assembly Ref addref System.Net.Http[0xf11ce8e0] -> mscorlib[0xe86cde60]: 29
I/System.out(10042): Calabash loaded Mono
I/calabash(10042): Test server port: 7102
I/InstrumentationBackend(10042): Added:'NullAction', with key:'nullAction'
I/InstrumentationBackend(10042): Added:'GetActivityOrientation', with key:'get_activity_orientation'
I/InstrumentationBackend(10042): Added:'SetActivityOrientation', with key:'set_activity_orientation'
I/InstrumentationBackend(10042): Added:'DpToDevicePixel', with key:'dp_to_device_pixel'
I/InstrumentationBackend(10042): Added:'ClickOnScreen', with key:'click_on_screen'
I/InstrumentationBackend(10042): Added:'DoubleTapCoordinate', with key:'double_tap_coordinate'
I/InstrumentationBackend(10042): Added:'Drag', with key:'drag'
I/InstrumentationBackend(10042): Added:'DragCoordinates', with key:'drag_coordinates'
I/InstrumentationBackend(10042): Added:'LongPressCoordinate', with key:'long_press_coordinate'
I/InstrumentationBackend(10042): Added:'ResumeApplication', with key:'resume_application'
I/InstrumentationBackend(10042): Added:'Swipe', with key:'swipe'
I/InstrumentationBackend(10042): Added:'TouchCoordinates', with key:'touch_coordinate'
I/InstrumentationBackend(10042): Added:'ListActions', with key:'list_actions'
I/InstrumentationBackend(10042): Added:'SendTcp', with key:'send_tcp'
I/InstrumentationBackend(10042): Added:'PressElement', with key:'press_l10n_element'
I/InstrumentationBackend(10042): Added:'WaitForElement', with key:'wait_for_l10n_element'
I/InstrumentationBackend(10042): Added:'FakeGPSLocation', with key:'set_gps_coordinates'
I/InstrumentationBackend(10042): Added:'GetMapBounds', with key:'get_map_bounds'
I/InstrumentationBackend(10042): Added:'GetMapCenter', with key:'get_map_center'
I/InstrumentationBackend(10042): Added:'GetMapMarker', with key:'get_map_marker'
I/InstrumentationBackend(10042): Added:'GetMapMarkers', with key:'get_map_markers'
I/InstrumentationBackend(10042): Added:'GetMapZoom', with key:'get_map_zoom'
I/InstrumentationBackend(10042): Added:'PanMapTo', with key:'pan_map_to'
I/InstrumentationBackend(10042): Added:'SetMapCenter', with key:'set_map_center'
I/InstrumentationBackend(10042): Added:'SetMapZoom', with key:'set_map_zoom'
I/InstrumentationBackend(10042): Added:'TapAwayFromMarkers', with key:'tap_map_away_from_markers'
I/InstrumentationBackend(10042): Added:'TapMapMarker', with key:'tap_map_marker_by_title'
I/InstrumentationBackend(10042): Added:'ClearPreferences', with key:'clear_preferences'
I/InstrumentationBackend(10042): Added:'GetPreferences', with key:'get_preferences'
I/InstrumentationBackend(10042): Added:'SetPreferences', with key:'set_preferences'
I/InstrumentationBackend(10042): Added:'PressKey', with key:'press_key'
I/InstrumentationBackend(10042): Added:'DeleteSurroundingText', with key:'delete_surrounding_text'
I/InstrumentationBackend(10042): Added:'HideSoftKeyboard', with key:'hide_soft_keyboard'
I/InstrumentationBackend(10042): Added:'KeyboardEnterText', with key:'keyboard_enter_text'
I/InstrumentationBackend(10042): Added:'KeyboardKeyEvent', with key:'keyboard_key_event'
I/InstrumentationBackend(10042): Added:'PressUserActionButton', with key:'press_user_action_button'
I/InstrumentationBackend(10042): Added:'SetComposingRegion', with key:'set_composing_region'
I/InstrumentationBackend(10042): Added:'SetSelection', with key:'set_selection'
I/InstrumentationBackend(10042): Added:'AndroidSDKVersion', with key:'android_sdk_version'
I/InstrumentationBackend(10042): Added:'Version', with key:'version'
I/InstrumentationBackend(10042): Added:'GetActivityName', with key:'get_activity_name'
I/InstrumentationBackend(10042): Added:'IsCurrentActivityFocused', with key:'is_current_activity_focused'
I/InstrumentationBackend(10042): Added:'ScrollToView', with key:'scroll_to_view'
I/InstrumentationBackend(10042): Added:'ViewConfiguration', with key:'view_configuration'
I/InstrumentationBackend(10042): Added:'DumpBodyHtml', with key:'dump_body_html'
I/InstrumentationBackend(10042): Added:'DumpHtml', with key:'dump_html'
I/InstrumentationBackend(10042): Added:'EnterTextByCssSelector', with key:'enter_text_by_selector'
I/InstrumentationBackend(10042): Added:'GetLoadProgress', with key:'get_load_progress'
I/InstrumentationBackend(10042): Added:'GetUrl', with key:'get_url'
I/InstrumentationBackend(10042): Added:'ScrollTo', with key:'scroll_to'
I/InstrumentationBackend(10042): Added:'SetPropertyByCssSelector', with key:'set_property_by_css_selector'
I/calabash(10042): Instantiating http server at 7102
I/System.out(10042): HTTP Daemon listening on: 7102
I/System.out(10042): URI: /ready
I/System.out(10042): params: {}
I/System.out(10042): URI: /ready
I/System.out(10042): params: {}
I/System.out(10042): URI: /ping
I/System.out(10042): params: {json={"intent":null }
I/System.out(10042): }
I/System.out(10042): URI: /ready
I/System.out(10042): params: {json={"intent":null }
I/System.out(10042): }
I/System.out(10042): URI: /start-application
I/System.out(10042): params: {json={"intent":null }
I/System.out(10042): }
I/calabash(10042): execStartActivity 4
I/ActivityManager(  966): START u0 {act=android.intent.action.MAIN cat=[android.intent.category.LAUNCHER] flg=0x10200000 cmp=com.careerbuilder.SugarDrone/md537fd6201b6818e2e180d2f7606e21a83.AppMainActivity (has extras)} from uid 18855 on display 0
W/SearchService( 4286): Abort, client detached.
I/MicroDetector( 4286): Keeping mic open: false
I/DeviceStateChecker( 4286): DeviceStateChecker cancelled
I/MicrophoneInputStream( 4286): mic_close com.google.android.apps.gsa.speech.audio.ah@d4cacbd
E/AudioRecord-JNI( 4286): Error -4 during AudioRecord native read
I/calabash(10042): newActivity1
D/Mono    (10042): Assembly Ref addref CareerBuilder_Search.Droid[0xe86cdfe0] -> Xamarin.Android.Support.v7.AppCompat[0xf11cd560]: 2
D/Mono    (10042): Assembly Ref addref Xamarin.Android.Support.v7.AppCompat[0xf11cd560] -> Xamarin.Android.Support.v4[0xf11cd3e0]: 2
D/Mono    (10042): DllImport searching in: '__Internal' ('(null)').
D/Mono    (10042): Searching for 'java_interop_jnienv_get_array_length'.
D/Mono    (10042): Probing 'java_interop_jnienv_get_array_length'.
D/Mono    (10042): Found as 'java_interop_jnienv_get_array_length'.
D/sound_trigger_platform(  505): platform_stdev_check_and_update_concurrency: concurrency active 0, tx 0, rx 0, concurrency session_allowed 1
I/SoundTriggerHwService::Module(  505): void android::SoundTriggerHwService::Module::onCallbackEvent(const sp<android::SoundTriggerHwService::CallbackEvent> &) mClient == 0
I/MicroRecognitionRunner( 4286): Stopping hotword detection.
I/MicroRecognitionRunner( 4286): Detection finished
D/Mono    (10042): Assembly Ref addref CareerBuilder_Search.Droid[0xe86cdfe0] -> CareerBuilder_Search[0xf11cda40]: 2
D/Mono    (10042): Assembly Ref addref CareerBuilder_Search.Droid[0xe86cdfe0] -> Xamarin.Android.Support.v4[0xf11cd3e0]: 3
D/Mono    (10042): DllImport searching in: '__Internal' ('(null)').
D/Mono    (10042): Searching for 'java_interop_jnienv_new_string'.
D/Mono    (10042): Probing 'java_interop_jnienv_new_string'.
D/Mono    (10042): Found as 'java_interop_jnienv_new_string'.
D/Mono    (10042): Assembly Ref addref CareerBuilder_Search.Droid[0xe86cdfe0] -> Plugin.CurrentActivity[0xf11cc540]: 2
D/Mono    (10042): Assembly Ref addref Plugin.CurrentActivity[0xf11cc540] -> mscorlib[0xe86cde60]: 30
D/Mono    (10042): Assembly Ref addref Plugin.CurrentActivity[0xf11cc540] -> Mono.Android[0xf11cdaa0]: 18
I/art     (10042): Starting a blocking GC Explicit
I/art     (10042): Explicit concurrent mark sweep GC freed 15725(1026KB) AllocSpace objects, 16(320KB) LOS objects, 40% free, 5MB/9MB, paused 1.108ms total 63.711ms
D/Mono    (10042): [0xd0ff4920] worker starting
D/Mono    (10042): [0xd0ef3920] worker starting
D/Mono    (10042): Unloading image System.Runtime.dll [0xd1865e00].
D/Mono    (10042): Image addref System.Runtime[0xd1869180] -> System.Runtime.dll[0xe4f67500]: 5
D/Mono    (10042): Config attempting to parse: 'System.Runtime.dll.config'.
D/Mono    (10042): Config attempting to parse: '/Users/builder/data/lanes/4009/3a62f1ea/source/monodroid/builds/install/mono-armv6/etc/mono/assemblies/System.Runtime/System.Runtime.config'.
D/Mono    (10042): Assembly Ref addref CareerBuilder_Search[0xf11cda40] -> System.Runtime[0xf11cdb60]: 3
D/Mono    (10042): Assembly Ref addref CareerBuilder_Search[0xf11cda40] -> Plugin.DeviceInfo.Abstractions[0xf11cce40]: 2
D/Mono    (10042): Unloading image System.Runtime.dll [0xd1866300].
D/Mono    (10042): Image addref System.Runtime[0xd1869180] -> System.Runtime.dll[0xe4f67500]: 6
D/Mono    (10042): Config attempting to parse: 'System.Runtime.dll.config'.
D/Mono    (10042): Config attempting to parse: '/Users/builder/data/lanes/4009/3a62f1ea/source/monodroid/builds/install/mono-armv6/etc/mono/assemblies/System.Runtime/System.Runtime.config'.
D/Mono    (10042): Assembly Ref addref Plugin.DeviceInfo.Abstractions[0xf11cce40] -> System.Runtime[0xf11cdb60]: 4
D/Mono    (10042): Assembly Ref addref CareerBuilder_Search.Droid[0xe86cdfe0] -> Akavache[0xe86ce880]: 2
D/Mono    (10042): Assembly Ref addref Akavache[0xe86ce880] -> mscorlib[0xe86cde60]: 31
D/Mono    (10042): Assembly Ref addref Akavache[0xe86ce880] -> System.Reactive.Interfaces[0xf11cd7a0]: 2
D/Mono    (10042): Assembly Ref addref Akavache[0xe86ce880] -> System.Reactive.Core[0xf11cd740]: 2
D/Mono    (10042): Unloading image System.Runtime.dll [0xd1866300].
D/Mono    (10042): Image addref System.Runtime[0xd1869180] -> System.Runtime.dll[0xe4f67500]: 7
D/Mono    (10042): Config attempting to parse: 'System.Runtime.dll.config'.
D/Mono    (10042): Config attempting to parse: '/Users/builder/data/lanes/4009/3a62f1ea/source/monodroid/builds/install/mono-armv6/etc/mono/assemblies/System.Runtime/System.Runtime.config'.
D/Mono    (10042): Assembly Ref addref System.Reactive.Core[0xf11cd740] -> System.Runtime[0xf11cdb60]: 5
D/Mono    (10042): DllImport searching in: '__Internal' ('(null)').
D/Mono    (10042): Searching for 'java_interop_jnienv_call_nonvirtual_object_method_a'.
D/Mono    (10042): Probing 'java_interop_jnienv_call_nonvirtual_object_method_a'.
D/Mono    (10042): Found as 'java_interop_jnienv_call_nonvirtual_object_method_a'.
D/Mono    (10042): Assembly Ref addref CareerBuilder_Search.Droid[0xe86cdfe0] -> Microsoft.Practices.Unity[0xf11cc4e0]: 2
D/Mono    (10042): Unloading image System.Runtime.dll [0xd1866300].
D/Mono    (10042): Image addref System.Runtime[0xd1869180] -> System.Runtime.dll[0xe4f67500]: 8
D/Mono    (10042): Config attempting to parse: 'System.Runtime.dll.config'.
D/Mono    (10042): Config attempting to parse: '/Users/builder/data/lanes/4009/3a62f1ea/source/monodroid/builds/install/mono-armv6/etc/mono/assemblies/System.Runtime/System.Runtime.config'.
D/Mono    (10042): Assembly Ref addref Microsoft.Practices.Unity[0xf11cc4e0] -> System.Runtime[0xf11cdb60]: 6
D/Mono    (10042): Unloading image System.Collections.dll [0xd1866800].
D/Mono    (10042): Image addref System.Collections[0xd1869180] -> System.Collections.dll[0xe4f6a200]: 5
D/Mono    (10042): Config attempting to parse: 'System.Collections.dll.config'.
D/Mono    (10042): Config attempting to parse: '/Users/builder/data/lanes/4009/3a62f1ea/source/monodroid/builds/install/mono-armv6/etc/mono/assemblies/System.Collections/System.Collections.config'.
D/Mono    (10042): Assembly Ref addref Microsoft.Practices.Unity[0xf11cc4e0] -> System.Collections[0xf11cde00]: 3
D/Mono    (10042): Assembly Ref addref CareerBuilder_Search[0xf11cda40] -> Microsoft.Practices.Unity[0xf11cc4e0]: 3
D/Mono    (10042): Assembly Ref addref CareerBuilder_Search.Droid[0xe86cdfe0] -> Plugin.DeviceInfo.Abstractions[0xf11cce40]: 3
W/IInputConnectionWrapper( 4184): reportFullscreenMode on inexistent InputConnection
I/Adreno  (10042): QUALCOMM build                   : 74df444, I409c65498b
I/Adreno  (10042): Build Date                       : 06/22/16
I/Adreno  (10042): OpenGL ES Shader Compiler Version: XE031.08.00.02
I/Adreno  (10042): Local Branch                     : N16
I/Adreno  (10042): Remote Branch                    : 
I/Adreno  (10042): Remote Branch                    : 
I/Adreno  (10042): Reconstruct Branch               : 
D/Mono    (10042): Unloading image System.Diagnostics.Debug.dll [0xd1866800].
D/Mono    (10042): Image addref System.Diagnostics.Debug[0xd1869180] -> System.Diagnostics.Debug.dll[0xe4f69300]: 5
D/Mono    (10042): Config attempting to parse: 'System.Diagnostics.Debug.dll.config'.
D/Mono    (10042): Config attempting to parse: '/Users/builder/data/lanes/4009/3a62f1ea/source/monodroid/builds/install/mono-armv6/etc/mono/assemblies/System.Diagnostics.Debug/System.Diagnostics.Debug.config'.
D/Mono    (10042): Assembly Ref addref CareerBuilder_Search[0xf11cda40] -> System.Diagnostics.Debug[0xf11cdce0]: 3
D/Mono    (10042): Assembly Ref addref System.Diagnostics.Debug[0xf11cdce0] -> mscorlib[0xe86cde60]: 32
D/Mono    (10042): Image addref System.Diagnostics.Tools[0xd1869180] -> System.Diagnostics.Tools.dll[0xd1866800]: 2
D/Mono    (10042): Prepared to set up assembly 'System.Diagnostics.Tools' (System.Diagnostics.Tools.dll)
D/Mono    (10042): Assembly System.Diagnostics.Tools[0xd1869180] added to domain RootDomain, ref_count=1
D/Mono    (10042): AOT module 'System.Diagnostics.Tools.dll.so' not found: dlopen failed: library "/data/app/com.careerbuilder.SugarDrone-1/lib/arm/libaot-System.Diagnostics.Tools.dll.so" not found
D/Mono    (10042): AOT module '/Users/builder/data/lanes/4009/3a62f1ea/source/monodroid/builds/install/mono-armv6/lib/mono/aot-cache/arm/System.Diagnostics.Tools.dll.so' not found: dlopen failed: library "/data/app/com.careerbuilder.SugarDrone-1/lib/arm/libaot-System.Diagnostics.Tools.dll.so" not found
D/Mono    (10042): Config attempting to parse: 'System.Diagnostics.Tools.dll.config'.
D/Mono    (10042): Config attempting to parse: '/Users/builder/data/lanes/4009/3a62f1ea/source/monodroid/builds/install/mono-armv6/etc/mono/assemblies/System.Diagnostics.Tools/System.Diagnostics.Tools.config'.
D/Mono    (10042): Assembly Ref addref Microsoft.Practices.Unity[0xf11cc4e0] -> System.Diagnostics.Tools[0xd1869180]: 2
D/Mono    (10042): Assembly Ref addref System.Diagnostics.Tools[0xd1869180] -> mscorlib[0xe86cde60]: 33
D/Mono    (10042): Image addref System.Resources.ResourceManager[0xd18691e0] -> System.Resources.ResourceManager.dll[0xd1866d00]: 2
D/Mono    (10042): Prepared to set up assembly 'System.Resources.ResourceManager' (System.Resources.ResourceManager.dll)
D/Mono    (10042): Assembly System.Resources.ResourceManager[0xd18691e0] added to domain RootDomain, ref_count=1
D/Mono    (10042): AOT module 'System.Resources.ResourceManager.dll.so' not found: dlopen failed: library "/data/app/com.careerbuilder.SugarDrone-1/lib/arm/libaot-System.Resources.ResourceManager.dll.so" not found
D/Mono    (10042): AOT module '/Users/builder/data/lanes/4009/3a62f1ea/source/monodroid/builds/install/mono-armv6/lib/mono/aot-cache/arm/System.Resources.ResourceManager.dll.so' not found: dlopen failed: library "/data/app/com.careerbuilder.SugarDrone-1/lib/arm/libaot-System.Resources.ResourceManager.dll.so" not found
D/Mono    (10042): Config attempting to parse: 'System.Resources.ResourceManager.dll.config'.
D/Mono    (10042): Config attempting to parse: '/Users/builder/data/lanes/4009/3a62f1ea/source/monodroid/builds/install/mono-armv6/etc/mono/assemblies/System.Resources.ResourceManager/System.Resources.ResourceManager.config'.
D/Mono    (10042): Assembly Ref addref Microsoft.Practices.Unity[0xf11cc4e0] -> System.Resources.ResourceManager[0xd18691e0]: 2
D/Mono    (10042): Assembly Ref addref System.Resources.ResourceManager[0xd18691e0] -> mscorlib[0xe86cde60]: 34
I/OpenGLRenderer(10042): Initialized EGL, version 1.4
D/OpenGLRenderer(10042): Swap behavior 1
D/Mono    (10042): Unloading image System.Reflection.dll [0xd0ac1e00].
D/Mono    (10042): Image addref System.Reflection[0xd1869240] -> System.Reflection.dll[0xe4f68900]: 5
D/Mono    (10042): Config attempting to parse: 'System.Reflection.dll.config'.
D/Mono    (10042): Config attempting to parse: '/Users/builder/data/lanes/4009/3a62f1ea/source/monodroid/builds/install/mono-armv6/etc/mono/assemblies/System.Reflection/System.Reflection.config'.
D/Mono    (10042): Assembly Ref addref Microsoft.Practices.Unity[0xf11cc4e0] -> System.Reflection[0xf11cdc20]: 3
D/Mono    (10042): Unloading image System.Linq.dll [0xd0ac1e00].
D/Mono    (10042): Image addref System.Linq[0xd18695a0] -> System.Linq.dll[0xd30a5500]: 5
D/Mono    (10042): Config attempting to parse: 'System.Linq.dll.config'.
D/Mono    (10042): Config attempting to parse: '/Users/builder/data/lanes/4009/3a62f1ea/source/monodroid/builds/install/mono-armv6/etc/mono/assemblies/System.Linq/System.Linq.config'.
D/Mono    (10042): Assembly Ref addref Microsoft.Practices.Unity[0xf11cc4e0] -> System.Linq[0xf11cdf20]: 3
D/Mono    (10042): Unloading image System.Threading.dll [0xd0ac1e00].
D/Mono    (10042): Image addref System.Threading[0xd18695a0] -> System.Threading.dll[0xe4f68e00]: 5
D/Mono    (10042): Config attempting to parse: 'System.Threading.dll.config'.
D/Mono    (10042): Config attempting to parse: '/Users/builder/data/lanes/4009/3a62f1ea/source/monodroid/builds/install/mono-armv6/etc/mono/assemblies/System.Threading/System.Threading.config'.
D/Mono    (10042): Assembly Ref addref Microsoft.Practices.Unity[0xf11cc4e0] -> System.Threading[0xf11cdc80]: 3
D/Mono    (10042): Image addref System.Globalization[0xd18694e0] -> System.Globalization.dll[0xd10b8900]: 2
D/Mono    (10042): Prepared to set up assembly 'System.Globalization' (System.Globalization.dll)
D/Mono    (10042): Assembly System.Globalization[0xd18694e0] added to domain RootDomain, ref_count=1
D/Mono    (10042): AOT module 'System.Globalization.dll.so' not found: dlopen failed: library "/data/app/com.careerbuilder.SugarDrone-1/lib/arm/libaot-System.Globalization.dll.so" not found
D/Mono    (10042): AOT module '/Users/builder/data/lanes/4009/3a62f1ea/source/monodroid/builds/install/mono-armv6/lib/mono/aot-cache/arm/System.Globalization.dll.so' not found: dlopen failed: library "/data/app/com.careerbuilder.SugarDrone-1/lib/arm/libaot-System.Globalization.dll.so" not found
D/Mono    (10042): Config attempting to parse: 'System.Globalization.dll.config'.
D/Mono    (10042): Config attempting to parse: '/Users/builder/data/lanes/4009/3a62f1ea/source/monodroid/builds/install/mono-armv6/etc/mono/assemblies/System.Globalization/System.Globalization.config'.
D/Mono    (10042): Assembly Ref addref Microsoft.Practices.Unity[0xf11cc4e0] -> System.Globalization[0xd18694e0]: 2
D/Mono    (10042): Assembly Ref addref System.Globalization[0xd18694e0] -> mscorlib[0xe86cde60]: 35
D/Mono    (10042): Image addref System.Runtime.Extensions[0xd186ba60] -> System.Runtime.Extensions.dll[0xd10b8e00]: 2
D/Mono    (10042): Prepared to set up assembly 'System.Runtime.Extensions' (System.Runtime.Extensions.dll)
D/Mono    (10042): Assembly System.Runtime.Extensions[0xd186ba60] added to domain RootDomain, ref_count=1
D/Mono    (10042): AOT module 'System.Runtime.Extensions.dll.so' not found: dlopen failed: library "/data/app/com.careerbuilder.SugarDrone-1/lib/arm/libaot-System.Runtime.Extensions.dll.so" not found
D/Mono    (10042): AOT module '/Users/builder/data/lanes/4009/3a62f1ea/source/monodroid/builds/install/mono-armv6/lib/mono/aot-cache/arm/System.Runtime.Extensions.dll.so' not found: dlopen failed: library "/data/app/com.careerbuilder.SugarDrone-1/lib/arm/libaot-System.Runtime.Extensions.dll.so" not found
D/Mono    (10042): Config attempting to parse: 'System.Runtime.Extensions.dll.config'.
D/Mono    (10042): Config attempting to parse: '/Users/builder/data/lanes/4009/3a62f1ea/source/monodroid/builds/install/mono-armv6/etc/mono/assemblies/System.Runtime.Extensions/System.Runtime.Extensions.config'.
D/Mono    (10042): Assembly Ref addref Microsoft.Practices.Unity[0xf11cc4e0] -> System.Runtime.Extensions[0xd186ba60]: 2
D/Mono    (10042): Assembly Ref addref System.Runtime.Extensions[0xd186ba60] -> mscorlib[0xe86cde60]: 36
D/Mono    (10042): Image addref System.Linq.Expressions[0xd0ad2a80] -> System.Linq.Expressions.dll[0xd0ac2300]: 2
D/Mono    (10042): Prepared to set up assembly 'System.Linq.Expressions' (System.Linq.Expressions.dll)
D/Mono    (10042): Assembly System.Linq.Expressions[0xd0ad2a80] added to domain RootDomain, ref_count=1
D/Mono    (10042): AOT module 'System.Linq.Expressions.dll.so' not found: dlopen failed: library "/data/app/com.careerbuilder.SugarDrone-1/lib/arm/libaot-System.Linq.Expressions.dll.so" not found
D/Mono    (10042): AOT module '/Users/builder/data/lanes/4009/3a62f1ea/source/monodroid/builds/install/mono-armv6/lib/mono/aot-cache/arm/System.Linq.Expressions.dll.so' not found: dlopen failed: library "/data/app/com.careerbuilder.SugarDrone-1/lib/arm/libaot-System.Linq.Expressions.dll.so" not found
D/Mono    (10042): Config attempting to parse: 'System.Linq.Expressions.dll.config'.
D/Mono    (10042): Config attempting to parse: '/Users/builder/data/lanes/4009/3a62f1ea/source/monodroid/builds/install/mono-armv6/etc/mono/assemblies/System.Linq.Expressions/System.Linq.Expressions.config'.
D/Mono    (10042): Assembly Ref addref Microsoft.Practices.Unity[0xf11cc4e0] -> System.Linq.Expressions[0xd0ad2a80]: 2
D/Mono    (10042): Assembly Ref addref System.Linq.Expressions[0xd0ad2a80] -> System.Core[0xf11ce0a0]: 5
D/Mono    (10042): Assembly Ref addref System.Core[0xf11ce0a0] -> System[0xf11cdd40]: 3
I/ActivityManager(  966): Displayed com.careerbuilder.SugarDrone/md537fd6201b6818e2e180d2f7606e21a83.AppMainActivity: +775ms
I/WindowManager(  966): Destroying surface Surface(name=com.google.android.googlequicksearchbox/com.google.android.launcher.GEL) called by com.android.server.wm.WindowStateAnimator.destroySurface:2014 com.android.server.wm.WindowStateAnimator.destroySurfaceLocked:881 com.android.server.wm.WindowState.destroyOrSaveSurface:2073 com.android.server.wm.AppWindowToken.destroySurfaces:363 com.android.server.wm.AppWindowToken.notifyAppStopped:389 com.android.server.wm.WindowManagerService.notifyAppStopped:4456 com.android.server.am.ActivityStack.activityStoppedLocked:1252 com.android.server.am.ActivityManagerService.activityStopped:6873 
D/Mono    (10042): Assembly Ref addref CareerBuilder_Search.Droid[0xe86cdfe0] -> Xamarin.GooglePlayServices.Analytics[0xf11cd080]: 2
D/Mono    (10042): Assembly Ref addref CareerBuilder_Search.Droid[0xe86cdfe0] -> Plugin.Geolocator.Abstractions[0xf11ccae0]: 2
D/Mono    (10042): Assembly Ref addref CareerBuilder_Search[0xf11cda40] -> System.Net.Http[0xf11ce8e0]: 3
D/Mono    (10042): Assembly Ref addref CareerBuilder_Search[0xf11cda40] -> Plugin.DeviceInfo[0xf11ccba0]: 2
D/Mono    (10042): Assembly Ref addref Plugin.DeviceInfo[0xf11ccba0] -> mscorlib[0xe86cde60]: 37
D/Mono    (10042): Assembly Ref addref Plugin.DeviceInfo[0xf11ccba0] -> Plugin.DeviceInfo.Abstractions[0xf11cce40]: 4
D/Mono    (10042): Image addref System.Threading.Tasks[0xd0ad2120] -> System.Threading.Tasks.dll[0xd10b7f00]: 2
D/Mono    (10042): Prepared to set up assembly 'System.Threading.Tasks' (System.Threading.Tasks.dll)
D/Mono    (10042): Assembly System.Threading.Tasks[0xd0ad2120] added to domain RootDomain, ref_count=1
D/Mono    (10042): AOT module 'System.Threading.Tasks.dll.so' not found: dlopen failed: library "/data/app/com.careerbuilder.SugarDrone-1/lib/arm/libaot-System.Threading.Tasks.dll.so" not found
D/Mono    (10042): AOT module '/Users/builder/data/lanes/4009/3a62f1ea/source/monodroid/builds/install/mono-armv6/lib/mono/aot-cache/arm/System.Threading.Tasks.dll.so' not found: dlopen failed: library "/data/app/com.careerbuilder.SugarDrone-1/lib/arm/libaot-System.Threading.Tasks.dll.so" not found
D/Mono    (10042): Config attempting to parse: 'System.Threading.Tasks.dll.config'.
D/Mono    (10042): Config attempting to parse: '/Users/builder/data/lanes/4009/3a62f1ea/source/monodroid/builds/install/mono-armv6/etc/mono/assemblies/System.Threading.Tasks/System.Threading.Tasks.config'.
D/Mono    (10042): Assembly Ref addref CareerBuilder_Search[0xf11cda40] -> System.Threading.Tasks[0xd0ad2120]: 2
D/Mono    (10042): Assembly Ref addref System.Threading.Tasks[0xd0ad2120] -> mscorlib[0xe86cde60]: 38
D/Mono    (10042): Unloading image System.Collections.dll [0xd10bb100].
D/Mono    (10042): Image addref System.Collections[0xd186ba00] -> System.Collections.dll[0xe4f6a200]: 6
D/Mono    (10042): Config attempting to parse: 'System.Collections.dll.config'.
D/Mono    (10042): Config attempting to parse: '/Users/builder/data/lanes/4009/3a62f1ea/source/monodroid/builds/install/mono-armv6/etc/mono/assemblies/System.Collections/System.Collections.config'.
D/Mono    (10042): Assembly Ref addref CareerBuilder_Search[0xf11cda40] -> System.Collections[0xf11cde00]: 4
D/Mono    (10042): Assembly Ref addref System.Collections[0xf11cde00] -> System[0xf11cdd40]: 4
D/Mono    (10042): Assembly Ref addref System.Net.Http[0xf11ce8e0] -> System[0xf11cdd40]: 5
I/WindowManager(  966): Destroying surface Surface(name=Starting com.careerbuilder.SugarDrone) called by com.android.server.wm.WindowStateAnimator.destroySurface:2014 com.android.server.wm.WindowStateAnimator.destroySurfaceLocked:881 com.android.server.wm.WindowState.destroyOrSaveSurface:2073 com.android.server.wm.AppWindowToken.destroySurfaces:363 com.android.server.wm.WindowStateAnimator.finishExit:565 com.android.server.wm.WindowStateAnimator.stepAnimationLocked:491 com.android.server.wm.WindowAnimator.updateWindowsLocked:303 com.android.server.wm.WindowAnimator.animateLocked:704 
D/Mono    (10042): Assembly Ref addref Microsoft.Practices.Unity[0xf11cc4e0] -> System.Reflection.Extensions[0xf11ce1c0]: 3
I/System.out(10042): URI: /map
I/System.out(10042): params: {json={"query":"*","operation":{"method_name":"query","arguments":[]}}
I/System.out(10042): }
W/ResourceType(10042): No known package when getting name for resource number 0xffffffff
W/ResourceType(10042): No known package when getting name for resource number 0xffffffff
W/ResourceType(10042): No known package when getting name for resource number 0xffffffff
D/Mono    (10042): Unloading image System.Threading.dll [0xcfcaf500].
D/Mono    (10042): Image addref System.Threading[0xd0ad2000] -> System.Threading.dll[0xe4f68e00]: 6
D/Mono    (10042): Config attempting to parse: 'System.Threading.dll.config'.
D/Mono    (10042): Config attempting to parse: '/Users/builder/data/lanes/4009/3a62f1ea/source/monodroid/builds/install/mono-armv6/etc/mono/assemblies/System.Threading/System.Threading.config'.
D/Mono    (10042): Assembly Ref addref CareerBuilder_Search[0xf11cda40] -> System.Threading[0xf11cdc80]: 4
D/Mono    (10042): Assembly Ref addref System.Threading[0xf11cdc80] -> System.Core[0xf11ce0a0]: 6
D/Mono    (10042): Assembly Ref addref System.Runtime[0xf11cdb60] -> System[0xf11cdd40]: 6
D/Mono    (10042): Assembly Ref addref CareerBuilder_Search[0xf11cda40] -> Newtonsoft.Json[0xf11cd680]: 2
D/Mono    (10042): Unloading image System.Runtime.dll [0xcfcafa00].
D/Mono    (10042): Image addref System.Runtime[0xd0ad3ec0] -> System.Runtime.dll[0xe4f67500]: 9
D/Mono    (10042): Config attempting to parse: 'System.Runtime.dll.config'.
D/Mono    (10042): Config attempting to parse: '/Users/builder/data/lanes/4009/3a62f1ea/source/monodroid/builds/install/mono-armv6/etc/mono/assemblies/System.Runtime/System.Runtime.config'.
D/Mono    (10042): Assembly Ref addref Newtonsoft.Json[0xf11cd680] -> System.Runtime[0xf11cdb60]: 7
D/Mono    (10042): Image addref System.Dynamic.Runtime[0xd0ad3ec0] -> System.Dynamic.Runtime.dll[0xcfcafa00]: 2
D/Mono    (10042): Prepared to set up assembly 'System.Dynamic.Runtime' (System.Dynamic.Runtime.dll)
D/Mono    (10042): Assembly System.Dynamic.Runtime[0xd0ad3ec0] added to domain RootDomain, ref_count=1
D/Mono    (10042): AOT module 'System.Dynamic.Runtime.dll.so' not found: dlopen failed: library "/data/app/com.careerbuilder.SugarDrone-1/lib/arm/libaot-System.Dynamic.Runtime.dll.so" not found
D/Mono    (10042): AOT module '/Users/builder/data/lanes/4009/3a62f1ea/source/monodroid/builds/install/mono-armv6/lib/mono/aot-cache/arm/System.Dynamic.Runtime.dll.so' not found: dlopen failed: library "/data/app/com.careerbuilder.SugarDrone-1/lib/arm/libaot-System.Dynamic.Runtime.dll.so" not found
D/Mono    (10042): Config attempting to parse: 'System.Dynamic.Runtime.dll.config'.
D/Mono    (10042): Config attempting to parse: '/Users/builder/data/lanes/4009/3a62f1ea/source/monodroid/builds/install/mono-armv6/etc/mono/assemblies/System.Dynamic.Runtime/System.Dynamic.Runtime.config'.
D/Mono    (10042): Assembly Ref addref Newtonsoft.Json[0xf11cd680] -> System.Dynamic.Runtime[0xd0ad3ec0]: 2
D/Mono    (10042): Assembly Ref addref System.Dynamic.Runtime[0xd0ad3ec0] -> System.Core[0xf11ce0a0]: 7
D/Mono    (10042): Image addref System.ObjectModel[0xd0ad3f20] -> System.ObjectModel.dll[0xcfcaf000]: 2
D/Mono    (10042): Prepared to set up assembly 'System.ObjectModel' (System.ObjectModel.dll)
D/Mono    (10042): Assembly System.ObjectModel[0xd0ad3f20] added to domain RootDomain, ref_count=1
D/Mono    (10042): AOT module 'System.ObjectModel.dll.so' not found: dlopen failed: library "/data/app/com.careerbuilder.SugarDrone-1/lib/arm/libaot-System.ObjectModel.dll.so" not found
D/Mono    (10042): AOT module '/Users/builder/data/lanes/4009/3a62f1ea/source/monodroid/builds/install/mono-armv6/lib/mono/aot-cache/arm/System.ObjectModel.dll.so' not found: dlopen failed: library "/data/app/com.careerbuilder.SugarDrone-1/lib/arm/libaot-System.ObjectModel.dll.so" not found
D/Mono    (10042): Config attempting to parse: 'System.ObjectModel.dll.config'.
D/Mono    (10042): Config attempting to parse: '/Users/builder/data/lanes/4009/3a62f1ea/source/monodroid/builds/install/mono-armv6/etc/mono/assemblies/System.ObjectModel/System.ObjectModel.config'.
D/Mono    (10042): Assembly Ref addref Newtonsoft.Json[0xf11cd680] -> System.ObjectModel[0xd0ad3f20]: 2
D/Mono    (10042): Assembly Ref addref System.ObjectModel[0xd0ad3f20] -> System[0xf11cdd40]: 7
D/Mono    (10042): Assembly Ref addref CareerBuilder_Search[0xf11cda40] -> System.Reactive.Core[0xf11cd740]: 3
D/Mono    (10042): DllImport attempting to load: '__Internal'.
D/Mono    (10042): DllImport loaded library '(null)'.
D/Mono    (10042): DllImport searching in: '__Internal' ('(null)').
D/Mono    (10042): Searching for 'monodroid_get_system_property'.
D/Mono    (10042): Probing 'monodroid_get_system_property'.
D/Mono    (10042): Found as 'monodroid_get_system_property'.
D/Mono    (10042): DllImport searching in: '__Internal' ('(null)').
D/Mono    (10042): Searching for 'monodroid_free'.
D/Mono    (10042): Probing 'monodroid_free'.
D/Mono    (10042): Found as 'monodroid_free'.
D/Mono    (10042): Assembly Ref addref CareerBuilder_Search.Droid[0xe86cdfe0] -> Xamarin.Insights[0xf11cd260]: 2
D/Mono    (10042): Assembly Ref addref Xamarin.Insights[0xf11cd260] -> mscorlib[0xe86cde60]: 39
D/Mono    (10042): Assembly Ref addref Xamarin.Insights[0xf11cd260] -> Mono.Android[0xf11cdaa0]: 19
D/Mono    (10042): Assembly Ref addref CareerBuilder_Search.Droid[0xe86cdfe0] -> HockeySDK[0xe86ce160]: 2
D/Mono    (10042): Assembly Ref addref CareerBuilder_Search.Droid[0xe86cdfe0] -> AppsFlyerXamarinBindingAndroid[0xe86ce0a0]: 2
I/System.out(10042): URI: /map
I/System.out(10042): params: {json={"query":"* id:'agreeAndContinueButton'","operation":{"method_name":"query","arguments":[]}}
I/System.out(10042): }
W/ResourceType(10042): No known package when getting name for resource number 0xffffffff
W/ResourceType(10042): No known package when getting name for resource number 0xffffffff
D/Mono    (10042): DllImport searching in: '__Internal' ('(null)').
D/Mono    (10042): Searching for 'java_interop_jnienv_get_static_field_id'.
D/Mono    (10042): Probing 'java_interop_jnienv_get_static_field_id'.
D/Mono    (10042): Found as 'java_interop_jnienv_get_static_field_id'.
W/ResourceType(10042): No known package when getting name for resource number 0xffffffff
D/Mono    (10042): DllImport searching in: '__Internal' ('(null)').
D/Mono    (10042): Searching for 'java_interop_jnienv_get_static_int_field'.
D/Mono    (10042): Probing 'java_interop_jnienv_get_static_int_field'.
D/Mono    (10042): Found as 'java_interop_jnienv_get_static_int_field'.
D/Mono    (10042): Assembly Ref addref Xamarin.Insights[0xf11cd260] -> System.Core[0xf11ce0a0]: 8
D/Mono    (10042): DllImport searching in: '__Internal' ('(null)').
D/Mono    (10042): Searching for 'java_interop_jnienv_call_static_long_method_a'.
D/Mono    (10042): Probing 'java_interop_jnienv_call_static_long_method_a'.
D/Mono    (10042): Found as 'java_interop_jnienv_call_static_long_method_a'.
D/Mono    (10042): Assembly Ref addref Xamarin.Insights[0xf11cd260] -> System[0xf11cdd40]: 8
D/Mono    (10042): Assembly Ref addref Xamarin.Insights[0xf11cd260] -> System.Net.Http[0xf11ce8e0]: 4
W/NetworkIdentity(  966): Active mobile network without subscriber!
W/NetworkIdentity(  966): Active mobile network without subscriber!
W/NetworkIdentity(  966): Active mobile network without subscriber!
W/NetworkIdentity(  966): Active mobile network without subscriber!
W/NetworkIdentity(  966): Active mobile network without subscriber!
W/NetworkIdentity(  966): Active mobile network without subscriber!
W/NetworkIdentity(  966): Active mobile network without subscriber!
W/NetworkIdentity(  966): Active mobile network without subscriber!
W/NetworkIdentity(  966): Active mobile network without subscriber!
W/NetworkIdentity(  966): Active mobile network without subscriber!
D/Mono    (10042): DllImport searching in: '__Internal' ('(null)').
D/Mono    (10042): Searching for 'java_interop_jnienv_get_object_array_element'.
D/Mono    (10042): Probing 'java_interop_jnienv_get_object_array_element'.
D/Mono    (10042): Found as 'java_interop_jnienv_get_object_array_element'.
D/Mono    (10042): DllImport searching in: '__Internal' ('(null)').
D/Mono    (10042): Searching for 'java_interop_jnienv_call_boolean_method_a'.
D/Mono    (10042): Probing 'java_interop_jnienv_call_boolean_method_a'.
D/Mono    (10042): Found as 'java_interop_jnienv_call_boolean_method_a'.
D/Mono    (10042): DllImport searching in: '__Internal' ('(null)').
D/Mono    (10042): Searching for 'java_interop_jnienv_call_int_method_a'.
D/Mono    (10042): Probing 'java_interop_jnienv_call_int_method_a'.
D/Mono    (10042): Found as 'java_interop_jnienv_call_int_method_a'.
W/NetworkIdentity(  966): Active mobile network without subscriber!
W/NetworkIdentity(  966): Active mobile network without subscriber!
W/NetworkIdentity(  966): Active mobile network without subscriber!
W/NetworkIdentity(  966): Active mobile network without subscriber!
W/NetworkIdentity(  966): Active mobile network without subscriber!
W/NetworkIdentity(  966): Active mobile network without subscriber!
W/NetworkIdentity(  966): Active mobile network without subscriber!
W/NetworkIdentity(  966): Active mobile network without subscriber!
W/NetworkIdentity(  966): Active mobile network without subscriber!
W/NetworkIdentity(  966): Active mobile network without subscriber!
I/System.out(10042): URI: /map
I/System.out(10042): params: {json={"query":"* id:'agreeAndContinueButton'","operation":{"method_name":"query","arguments":[]}}
I/System.out(10042): }
D/Mono    (10042): DllImport searching in: '__Internal' ('(null)').
D/Mono    (10042): Searching for 'java_interop_jnienv_get_field_id'.
D/Mono    (10042): Probing 'java_interop_jnienv_get_field_id'.
D/Mono    (10042): Found as 'java_interop_jnienv_get_field_id'.
D/Mono    (10042): DllImport searching in: '__Internal' ('(null)').
D/Mono    (10042): Searching for 'java_interop_jnienv_get_object_field'.
D/Mono    (10042): Probing 'java_interop_jnienv_get_object_field'.
D/Mono    (10042): Found as 'java_interop_jnienv_get_object_field'.
W/ResourceType(10042): No known package when getting name for resource number 0xffffffff
W/ResourceType(10042): No known package when getting name for resource number 0xffffffff
W/ResourceType(10042): No known package when getting name for resource number 0xffffffff
D/Mono    (10042): DllImport searching in: '__Internal' ('(null)').
D/Mono    (10042): Searching for 'java_interop_jnienv_call_static_int_method_a'.
D/Mono    (10042): Probing 'java_interop_jnienv_call_static_int_method_a'.
D/Mono    (10042): Found as 'java_interop_jnienv_call_static_int_method_a'.
W/Xamarin.Insights(10042): Warning: Insights data communication has been manually enabled
D/Mono    (10042): DllImport searching in: '__Internal' ('(null)').
D/Mono    (10042): Searching for 'java_interop_jnienv_get_static_object_field'.
D/Mono    (10042): Probing 'java_interop_jnienv_get_static_object_field'.
D/Mono    (10042): Found as 'java_interop_jnienv_get_static_object_field'.
D/Mono    (10042): DllImport searching in: '__Internal' ('(null)').
D/Mono    (10042): Searching for 'java_interop_jnienv_call_static_void_method'.
D/Mono    (10042): Probing 'java_interop_jnienv_call_static_void_method'.
D/Mono    (10042): Found as 'java_interop_jnienv_call_static_void_method'.
I/AppsFlyer_3.01(10042): Start tracking package: com.careerbuilder.SugarDrone
I/AppsFlyer_3.01(10042): AsendTrackingWithEvent from activity: md537fd6201b6818e2e180d2f7606e21a83.MainApplication
I/AppsFlyer_3.01-677230949(10042): ******* sendTrackingWithEvent: Launch
I/GAv4    (10042): Google Analytics 8.4.87 is starting up. To enable debug logging on a device run:
I/GAv4    (10042):   adb shell setprop log.tag.GAv4 DEBUG
I/GAv4    (10042):   adb logcat -s GAv4
E/ActivityThread(10042): Failed to find provider info for com.facebook.katana.provider.AttributionIdProvider
W/GAv4    (10042): AnalyticsReceiver is not registered or is disabled. Register the receiver for reliable dispatching on non-Google Play devices. See http://goo.gl/8Rd3yj for instructions.
I/AppsFlyer_3.01(10042): WARNING:READ_PHONE_STATE is missing
W/GAv4    (10042): CampaignTrackingReceiver is not registered, not exported or is disabled. Installation campaign tracking is not possible. See http://goo.gl/8Rd3yj for instructions.
D/Mono    (10042): DllImport searching in: '__Internal' ('(null)').
D/Mono    (10042): Searching for 'java_interop_jnienv_call_void_method_a'.
D/Mono    (10042): Probing 'java_interop_jnienv_call_void_method_a'.
D/Mono    (10042): Found as 'java_interop_jnienv_call_void_method_a'.
I/GAv4    (10042): Logger is deprecated. To enable debug logging, please run:
I/GAv4    (10042): adb shell setprop log.tag.GAv4 DEBUG
I/ActivityManager(  966): Killing 7460:com.android.providers.calendar/u0a2 (adj 906): empty #17
D/AppsFlyer_3.01(10042): AppsFlyer: first launch detected
I/AppsFlyer_3.01(10042): AppsFlyer: first launch date: 2017-03-16_0413+0100
I/System.out(10042): AppsFlyerLib.sendTrackingWithEvent
W/GAv4    (10042): AnalyticsService not registered in the app manifest. Hits might not be delivered reliably. See http://goo.gl/8Rd3yj for instructions.
D/Mono    (10042): DllImport searching in: '__Internal' ('(null)').
D/Mono    (10042): Searching for 'java_interop_jnienv_new_local_ref'.
D/Mono    (10042): Probing 'java_interop_jnienv_new_local_ref'.
D/Mono    (10042): Found as 'java_interop_jnienv_new_local_ref'.
D/Mono    (10042): Assembly Ref addref Plugin.DeviceInfo[0xf11ccba0] -> Mono.Android[0xf11cdaa0]: 20
I/AppsFlyer_3.01-677230949(10042): url: https://t.appsflyer.com/api/v3/androidevent?buildnumber=3.01&app_id=com.careerbuilder.SugarDrone
