<![CDATA[
]]><xtc-scenario name="[0-1104]CareerBuilder_Search.DroidFeatureTests.QuickApplyFailedTests.TappingOutSideTheDialogDismissesResumeDialog" id="[0-1104]CareerBuilder_Search.DroidFeatureTests.QuickApplyFailedTests.TappingOutSideTheDialogDismissesResumeDialog"><![CDATA[

]]><xtc-step name="[0-1104]CareerBuilder_Search.DroidFeatureTests.QuickApplyFailedTests.TappingOutSideTheDialogDismissesResumeDialog-TappingOutSideTheDialogDismissesResumeDialog" id="[0-1104]CareerBuilder_Search.DroidFeatureTests.QuickApplyFailedTests.TappingOutSideTheDialogDismissesResumeDialog-TappingOutSideTheDialogDismissesResumeDialog"><![CDATA[
D/AndroidRuntime( 8188): >>>>>> START com.android.internal.os.RuntimeInit uid 2000 <<<<<<
D/AndroidRuntime( 8188): CheckJNI is OFF
D/ICU     ( 8188): No timezone override file found: /data/misc/zoneinfo/current/icu/icu_tzdata.dat
I/Radio-JNI( 8188): register_android_hardware_Radio DONE
D/AndroidRuntime( 8188): Calling main entry com.android.commands.pm.Pm
I/art     ( 8188): System.exit called, status: 0
I/AndroidRuntime( 8188): VM exiting with result code 0.
W/MessageQueue( 8188): Handler (android.os.Handler) {962cf0f} sending message to a Handler on a dead thread
W/MessageQueue( 8188): java.lang.IllegalStateException: Handler (android.os.Handler) {962cf0f} sending message to a Handler on a dead thread
W/MessageQueue( 8188): 	at android.os.MessageQueue.enqueueMessage(MessageQueue.java:543)
W/MessageQueue( 8188): 	at android.os.Handler.enqueueMessage(Handler.java:643)
W/MessageQueue( 8188): 	at android.os.Handler.sendMessageAtTime(Handler.java:612)
W/MessageQueue( 8188): 	at android.os.Handler.sendMessageDelayed(Handler.java:582)
W/MessageQueue( 8188): 	at android.os.Handler.post(Handler.java:338)
W/MessageQueue( 8188): 	at android.os.ResultReceiver$MyResultReceiver.send(ResultReceiver.java:57)
W/MessageQueue( 8188): 	at com.android.internal.os.IResultReceiver$Stub.onTransact(IResultReceiver.java:58)
W/MessageQueue( 8188): 	at android.os.Binder.execTransact(Binder.java:565)
I/ActivityManager(  879): Killing 6975:com.google.process.gapps/u0a56 (adj 906): empty #17
I/ActivityManager(  879): Killing 5804:com.android.defcontainer/u0a11 (adj 906): empty #17
D/AndroidRuntime( 8326): >>>>>> START com.android.internal.os.RuntimeInit uid 2000 <<<<<<
D/AndroidRuntime( 8326): CheckJNI is OFF
D/ICU     ( 8326): No timezone override file found: /data/misc/zoneinfo/current/icu/icu_tzdata.dat
I/Radio-JNI( 8326): register_android_hardware_Radio DONE
D/AndroidRuntime( 8326): Calling main entry com.android.commands.am.Am
W/ActivityManager(  879): Invalid packageName: com.careerbuilder.SugarDrone
D/AndroidRuntime( 8326): Shutting down VM
I/ActivityManager(  879): Killing 5827:com.android.musicfx/u0a29 (adj 906): empty #17
I/ThermalEngine(  502): ACTION: Hotplugged OFF CPU[5]
I/ThermalEngine(  502): ACTION: Hotplugged OFF CPU[4]
D/AndroidRuntime( 8805): >>>>>> START com.android.internal.os.RuntimeInit uid 2000 <<<<<<
D/AndroidRuntime( 8805): CheckJNI is OFF
D/ICU     ( 8805): No timezone override file found: /data/misc/zoneinfo/current/icu/icu_tzdata.dat
I/Radio-JNI( 8805): register_android_hardware_Radio DONE
D/AndroidRuntime( 8805): Calling main entry com.android.commands.pm.Pm
I/        (  510): free_cache(71725114) avail 10844356608
I/rmt_storage(  397): rmt_storage_connect_cb: clnt_h=0xc conn_h=0x7096a2a210
I/rmt_storage(  397): rmt_storage_rw_iovec_cb: /boot/modem_fs1: clnt_h=0x3: req_h=0xc msg_id=3: R/W request received
I/rmt_storage(  397): wakelock acquired: 1, error no: 42
I/rmt_storage(  397): rmt_storage_client_thread: /boot/modem_fs1: clnt_h=0x3 Unblock worker thread (th_id: 483561436240)
I/rmt_storage(  397): rmt_storage_client_thread: /boot/modem_fs1: clnt_h=0x3: req_h=0xc msg_id=3: Bytes written = 1572864
I/rmt_storage(  397): rmt_storage_client_thread: /boot/modem_fs1: clnt_h=0x3: req_h=0xc msg_id=3: Send response: res=0 err=0
I/rmt_storage(  397): rmt_storage_client_thread: /boot/modem_fs1: clnt_h=0x3 About to block rmt_storage client thread (th_id: 483561436240) wakelock released: 1, error no: 22
I/rmt_storage(  397): 
I/rmt_storage(  397): rmt_storage_disconnect_cb: clnt_h=0xc conn_h=0x7096a2a210
I/ActivityManager(  879): Start proc 8860:com.android.defcontainer/u0a11 for service com.android.defcontainer/.DefaultContainerService
I/ActivityManager(  879): Start proc 8874:com.android.vending/u0a30 for broadcast com.android.vending/com.google.android.vending.verifier.PackageVerificationReceiver
W/System  ( 8874): ClassLoader referenced unknown path: /system/priv-app/Phonesky/lib/arm64
W/Finsky  ( 8874): [1] com.google.android.finsky.FinskyApp.i(1468): No account configured on this device.
W/Finsky  ( 8874): [1] com.google.android.finsky.FinskyApp.i(1468): No account configured on this device.
W/Finsky  ( 8874): [1] com.google.android.finsky.FinskyApp.i(1468): No account configured on this device.
W/Finsky  ( 8874): [1] com.google.android.finsky.FinskyApp.i(1468): No account configured on this device.
I/Finsky  ( 8874): [1] com.google.android.finsky.FinskyApp.onCreate(430): Initializing network with DFE https://android.clients.google.com/fdfe/
W/Finsky  ( 8874): [1] com.google.android.finsky.FinskyApp.i(1468): No account configured on this device.
W/Finsky  ( 8874): [1] com.google.android.finsky.FinskyApp.i(1468): No account configured on this device.
W/Finsky  ( 8874): [1] com.google.android.finsky.FinskyApp.i(1468): No account configured on this device.
W/Finsky  ( 8874): [1] com.google.android.finsky.FinskyApp.i(1468): No account configured on this device.
W/Finsky  ( 8874): [1] com.google.android.finsky.FinskyApp.i(1468): No account configured on this device.
W/Finsky  ( 8874): [1] com.google.android.finsky.FinskyApp.i(1468): No account configured on this device.
W/Finsky  ( 8874): [1] com.google.android.finsky.FinskyApp.i(1468): No account configured on this device.
W/Finsky  ( 8874): [1] com.google.android.finsky.FinskyApp.i(1468): No account configured on this device.
W/Finsky  ( 8874): [1] com.google.android.finsky.FinskyApp.i(1468): No account configured on this device.
I/Finsky  ( 8874): [1] com.google.android.finsky.services.DailyHygiene.a(171): No need to run daily hygiene.
W/Finsky  ( 8874): [1] com.google.android.finsky.FinskyApp.i(1468): No account configured on this device.
W/Settings( 8874): Setting download_manager_max_bytes_over_mobile has moved from android.provider.Settings.Secure to android.provider.Settings.Global.
W/Settings( 8874): Setting download_manager_recommended_max_bytes_over_mobile has moved from android.provider.Settings.Secure to android.provider.Settings.Global.
W/Finsky  ( 8874): [1] com.google.android.finsky.FinskyApp.i(1468): No account configured on this device.
W/Finsky  ( 8874): [1] com.google.android.finsky.FinskyApp.i(1468): No account configured on this device.
W/Finsky  ( 8874): [1] com.google.android.finsky.FinskyApp.i(1468): No account configured on this device.
W/Finsky  ( 8874): [1] com.google.android.finsky.FinskyApp.i(1468): No account configured on this device.
W/Finsky  ( 8874): [1] com.google.android.finsky.FinskyApp.i(1468): No account configured on this device.
W/Finsky  ( 8874): [1] com.google.android.finsky.FinskyApp.b(1150): No account configured on this device.
W/Finsky  ( 8874): [1] com.google.android.finsky.FinskyApp.i(1468): No account configured on this device.
I/Finsky  ( 8874): [1] com.google.android.vending.verifier.PackageVerificationReceiver.onReceive(2107): Skipping verification. Disabled by user setting
I/ActivityManager(  879): Killing 5847:com.google.android.apps.docs/u0a52 (adj 906): empty #17
I/Finsky  ( 8874): [1] com.google.android.finsky.receivers.j.a(1226): Installer kick - no action, not running yet
I/Finsky  ( 8874): [1] com.google.android.finsky.c.l.a(270): result=false type=4
W/Finsky  ( 8874): [377] com.google.android.finsky.FinskyApp.i(1468): No account configured on this device.
I/PackageManager.DexOptimizer(  879): Running dexopt (dex2oat) on: /data/app/vmdl805849990.tmp/base.apk pkg=com.careerbuilder.SugarDrone isa=arm vmSafeMode=false debuggable=true target-filter=interpret-only oatDir = /data/app/vmdl805849990.tmp/oat sharedLibraries=null
I/Finsky  ( 8874): [1] com.google.android.finsky.services.bc.a(1050): Restore complete with 0 success and 0 failed.
I/dex2oat ( 8926): /system/bin/dex2oat --compiler-filter=interpret-only -j4 --debuggable
W/Finsky  ( 8874): [377] com.google.android.finsky.FinskyApp.i(1468): No account configured on this device.
W/dex2oat ( 8926): Before Android 4.1, method android.graphics.PorterDuffColorFilter android.support.graphics.drawable.VectorDrawableCompat.updateTintFilter(android.graphics.PorterDuffColorFilter, android.content.res.ColorStateList, android.graphics.PorterDuff$Mode) would have incorrectly overridden the package-private method in android.graphics.drawable.Drawable
W/dex2oat ( 8926): Before Android 4.1, method int android.support.v7.widget.ListViewCompat.lookForSelectablePosition(int, boolean) would have incorrectly overridden the package-private method in android.widget.ListView
I/dex2oat ( 8926): dex2oat took 1.953s (threads: 4) arena alloc=3KB (3928B) java alloc=4MB (5045560B) native alloc=6MB (7300952B) free=2MB (2660520B)
W/PackageManager(  879): Not granting permission android.permission.MANAGE_DOCUMENTS to package com.careerbuilder.SugarDrone (protectionLevel=2 flags=0x3808be46)
W/PackageManager(  879): Not granting permission android.permission.MOUNT_UNMOUNT_FILESYSTEMS to package com.careerbuilder.SugarDrone (protectionLevel=18 flags=0x3808be46)
V/BackupManagerService(  879): restoreAtInstall pkg=com.careerbuilder.SugarDrone token=5 restoreSet=0
V/BackupManagerService(  879): Finishing install immediately
I/art     (  879): Starting a blocking GC Explicit
I/ActivityManager(  879): Killing 5894:com.google.android.partnersetup/u0a25 (adj 906): empty #17
I/art     (  879): Explicit concurrent mark sweep GC freed 113659(6MB) AllocSpace objects, 18(952KB) LOS objects, 33% free, 16MB/24MB, paused 1.545ms total 111.307ms
E/        (  510): Couldn't opendir /data/app/vmdl805849990.tmp: No such file or directory
I/InputReader(  879): Reconfiguring input devices.  changes=0x00000010
I/ActivityManager(  879): Start proc 8970:com.android.musicfx/u0a29 for broadcast com.android.musicfx/.Compatibility$Receiver
W/ActivityManager(  879): Permission Denial: Accessing service ComponentInfo{com.google.android.music/com.google.android.music.dial.DialMediaRouteProviderService} from pid=5394, uid=10085 that is not exported from uid 10071
I/art     ( 8805): System.exit called, status: 0
I/AndroidRuntime( 8805): VM exiting with result code 0.
D/CarrierSvcBindHelper( 3356): No carrier app for: 0
D/CarrierConfigLoader( 3356): mHandler: 9 phoneId: 0
W/System  ( 8970): ClassLoader referenced unknown path: /system/priv-app/MusicFX/lib/arm64
D/RegisteredNfcFServicesCache( 4196): Service unchanged, not updating
I/Finsky  ( 8874): [1] com.google.android.finsky.utils.PermissionPolicies$PermissionPolicyService.onStartCommand(117): post-install permissions check for com.careerbuilder.SugarDrone
W/Finsky  ( 8874): [1] com.google.android.finsky.FinskyApp.i(1468): No account configured on this device.
I/ActivityManager(  879): Start proc 8991:com.google.android.apps.docs/u0a52 for broadcast com.google.android.apps.docs/.receivers.AppPackageAddRemoveReceiver
I/Finsky  ( 8874): [1] com.google.android.finsky.utils.bh.run(2302): Package state data is missing for com.careerbuilder.SugarDrone
W/Finsky  ( 8874): [1] com.google.android.finsky.FinskyApp.i(1468): No account configured on this device.
I/ActivityManager(  879): Killing 6520:com.google.android.apps.gcs/u0a17 (adj 906): empty #17
W/System  ( 8991): ClassLoader referenced unknown path: /system/app/Drive/lib/arm64
I/GAv4    ( 8991): Google Analytics 8.4.87 is starting up. To enable debug logging on a device run:
I/GAv4    ( 8991):   adb shell setprop log.tag.GAv4 DEBUG
I/GAv4    ( 8991):   adb logcat -s GAv4
W/GAv4    ( 8991): AnalyticsReceiver is not registered or is disabled. Register the receiver for reliable dispatching on non-Google Play devices. See http://goo.gl/8Rd3yj for instructions.
W/GAv4    ( 8991): CampaignTrackingReceiver is not registered, not exported or is disabled. Installation campaign tracking is not possible. See http://goo.gl/8Rd3yj for instructions.
W/GAv4    ( 8991): AnalyticsService not registered in the app manifest. Hits might not be delivered reliably. See http://goo.gl/8Rd3yj for instructions.
I/ActivityManager(  879): Killing 7522:com.google.android.gms.unstable/u0a18 (adj 906): empty #17
I/UpdateIcingCorporaServi( 6827): Updating corpora: APPS=com.careerbuilder.SugarDrone, CONTACTS=MAYBE
I/ActivityManager(  879): Start proc 9038:com.google.android.partnersetup/u0a25 for broadcast com.google.android.partnersetup/.RlzPingBroadcastReceiver
D/Wear_Controller( 4492): Received broadcast action=android.intent.action.PACKAGE_ADDED and uri=com.careerbuilder.SugarDrone
I/PeopleContactsSync( 4492): triggerPendingContactsCleanup: no accounts
W/IcingInternalCorpora( 4492): getNumBytesRead when not calculated.
I/Icing   ( 4492): Usage reports 0 indexed 0 rejected 0 imm upload true
I/Icing   ( 4492): Usage reports 0 indexed 0 rejected 0 imm upload false
W/System  ( 9038): ClassLoader referenced unknown path: /system/priv-app/GooglePartnerSetup/lib/arm64
I/Icing   ( 4492): Usage reports 0 indexed 0 rejected 0 imm upload false
I/UpdateIcingCorporaServi( 6827): UpdateCorporaTask done [took 405 ms] updated apps [took 405 ms] 
D/AndroidRuntime( 9014): >>>>>> START com.android.internal.os.RuntimeInit uid 2000 <<<<<<
D/AndroidRuntime( 9014): CheckJNI is OFF
D/ICU     ( 9014): No timezone override file found: /data/misc/zoneinfo/current/icu/icu_tzdata.dat
I/Radio-JNI( 9014): register_android_hardware_Radio DONE
D/AndroidRuntime( 9014): Calling main entry com.android.commands.settings.SettingsCmd
D/AndroidRuntime( 9014): Shutting down VM
D/AndroidRuntime( 9080): >>>>>> START com.android.internal.os.RuntimeInit uid 2000 <<<<<<
D/AndroidRuntime( 9080): CheckJNI is OFF
D/ICU     ( 9080): No timezone override file found: /data/misc/zoneinfo/current/icu/icu_tzdata.dat
I/Icing   ( 4492): Indexing A2F718106598400F6D2BFCAAC5AAD1AFFDB81829 from com.google.android.gms
I/Radio-JNI( 9080): register_android_hardware_Radio DONE
D/AndroidRuntime( 9080): Calling main entry com.android.commands.settings.SettingsCmd
I/Icing   ( 4492): Indexing done A2F718106598400F6D2BFCAAC5AAD1AFFDB81829
I/Icing   ( 4492): Indexing 9DCF3645595342548DD84D636A590C4D536A835D from com.google.android.googlequicksearchbox
D/AndroidRuntime( 9080): Shutting down VM
I/Icing   ( 4492): Indexing done 9DCF3645595342548DD84D636A590C4D536A835D
D/AndroidRuntime( 9107): >>>>>> START com.android.internal.os.RuntimeInit uid 2000 <<<<<<
D/AndroidRuntime( 9107): CheckJNI is OFF
D/ICU     ( 9107): No timezone override file found: /data/misc/zoneinfo/current/icu/icu_tzdata.dat
I/Radio-JNI( 9107): register_android_hardware_Radio DONE
D/AndroidRuntime( 9107): Calling main entry com.android.commands.settings.SettingsCmd
D/AndroidRuntime( 9107): Shutting down VM
D/AndroidRuntime( 9135): >>>>>> START com.android.internal.os.RuntimeInit uid 2000 <<<<<<
D/AndroidRuntime( 9135): CheckJNI is OFF
D/ICU     ( 9135): No timezone override file found: /data/misc/zoneinfo/current/icu/icu_tzdata.dat
I/Radio-JNI( 9135): register_android_hardware_Radio DONE
D/AndroidRuntime( 9135): Calling main entry com.android.commands.settings.SettingsCmd
D/AndroidRuntime( 9135): Shutting down VM
D/AndroidRuntime( 9160): >>>>>> START com.android.internal.os.RuntimeInit uid 2000 <<<<<<
D/AndroidRuntime( 9160): CheckJNI is OFF
D/ICU     ( 9160): No timezone override file found: /data/misc/zoneinfo/current/icu/icu_tzdata.dat
I/Radio-JNI( 9160): register_android_hardware_Radio DONE
D/AndroidRuntime( 9160): Calling main entry com.android.commands.settings.SettingsCmd
D/AndroidRuntime( 9160): Shutting down VM
D/AndroidRuntime( 9191): >>>>>> START com.android.internal.os.RuntimeInit uid 2000 <<<<<<
D/AndroidRuntime( 9191): CheckJNI is OFF
D/ICU     ( 9191): No timezone override file found: /data/misc/zoneinfo/current/icu/icu_tzdata.dat
I/Radio-JNI( 9191): register_android_hardware_Radio DONE
D/AndroidRuntime( 9191): Calling main entry com.android.commands.pm.Pm
W/MessageQueue( 9191): Handler (android.os.Handler) {bff1242} sending message to a Handler on a dead thread
W/MessageQueue( 9191): java.lang.IllegalStateException: Handler (android.os.Handler) {bff1242} sending message to a Handler on a dead thread
W/MessageQueue( 9191): 	at android.os.MessageQueue.enqueueMessage(MessageQueue.java:543)
W/MessageQueue( 9191): 	at android.os.Handler.enqueueMessage(Handler.java:643)
W/MessageQueue( 9191): 	at android.os.Handler.sendMessageAtTime(Handler.java:612)
W/MessageQueue( 9191): 	at android.os.Handler.sendMessageDelayed(Handler.java:582)
W/MessageQueue( 9191): 	at android.os.Handler.post(Handler.java:338)
W/MessageQueue( 9191): 	at android.os.ResultReceiver$MyResultReceiver.send(ResultReceiver.java:57)
W/MessageQueue( 9191): 	at com.android.internal.os.IResultReceiver$Stub.onTransact(IResultReceiver.java:58)
W/MessageQueue( 9191): 	at android.os.Binder.execTransact(Binder.java:565)
I/art     ( 9191): System.exit called, status: 0
I/AndroidRuntime( 9191): VM exiting with result code 0.
D/AndroidRuntime( 9251): >>>>>> START com.android.internal.os.RuntimeInit uid 2000 <<<<<<
D/AndroidRuntime( 9251): CheckJNI is OFF
D/ICU     ( 9251): No timezone override file found: /data/misc/zoneinfo/current/icu/icu_tzdata.dat
I/Radio-JNI( 9251): register_android_hardware_Radio DONE
D/AndroidRuntime( 9251): Calling main entry com.android.commands.pm.Pm
I/art     ( 9251): System.exit called, status: 0
I/AndroidRuntime( 9251): VM exiting with result code 0.
W/MessageQueue( 9251): Handler (android.os.Handler) {341a2bc} sending message to a Handler on a dead thread
W/MessageQueue( 9251): java.lang.IllegalStateException: Handler (android.os.Handler) {341a2bc} sending message to a Handler on a dead thread
W/MessageQueue( 9251): 	at android.os.MessageQueue.enqueueMessage(MessageQueue.java:543)
W/MessageQueue( 9251): 	at android.os.Handler.enqueueMessage(Handler.java:643)
W/MessageQueue( 9251): 	at android.os.Handler.sendMessageAtTime(Handler.java:612)
W/MessageQueue( 9251): 	at android.os.Handler.sendMessageDelayed(Handler.java:582)
W/MessageQueue( 9251): 	at android.os.Handler.post(Handler.java:338)
W/MessageQueue( 9251): 	at android.os.ResultReceiver$MyResultReceiver.send(ResultReceiver.java:57)
W/MessageQueue( 9251): 	at com.android.internal.os.IResultReceiver$Stub.onTransact(IResultReceiver.java:58)
W/MessageQueue( 9251): 	at android.os.Binder.execTransact(Binder.java:565)
D/AndroidRuntime( 9338): >>>>>> START com.android.internal.os.RuntimeInit uid 2000 <<<<<<
D/AndroidRuntime( 9338): CheckJNI is OFF
D/ICU     ( 9338): No timezone override file found: /data/misc/zoneinfo/current/icu/icu_tzdata.dat
I/Radio-JNI( 9338): register_android_hardware_Radio DONE
D/AndroidRuntime( 9338): Calling main entry com.android.commands.am.Am
W/ActivityManager(  879): Invalid packageName: com.careerbuilder.SugarDrone.test
D/AndroidRuntime( 9338): Shutting down VM
D/AndroidRuntime( 9371): >>>>>> START com.android.internal.os.RuntimeInit uid 2000 <<<<<<
D/AndroidRuntime( 9371): CheckJNI is OFF
D/ICU     ( 9371): No timezone override file found: /data/misc/zoneinfo/current/icu/icu_tzdata.dat
I/Radio-JNI( 9371): register_android_hardware_Radio DONE
D/AndroidRuntime( 9371): Calling main entry com.android.commands.pm.Pm
I/        (  510): free_cache(609973) avail 10832453632
I/Finsky  ( 8874): [1] com.google.android.vending.verifier.PackageVerificationReceiver.onReceive(2107): Skipping verification. Disabled by user setting
I/PackageManager.DexOptimizer(  879): Running dexopt (dex2oat) on: /data/app/vmdl831555268.tmp/base.apk pkg=com.careerbuilder.SugarDrone.test isa=arm64 vmSafeMode=false debuggable=false target-filter=interpret-only oatDir = /data/app/vmdl831555268.tmp/oat sharedLibraries=/system/framework/android.test.runner.jar:/system/framework/com.google.android.maps.jar
I/dex2oat ( 9398): /system/bin/dex2oat --compiler-filter=interpret-only -j4
V/JNIHelp ( 8991): Registering com/google/android/gms/org/conscrypt/NativeCrypto's 242 native methods...
D/NetworkSecurityConfig( 8991): No Network Security Config specified, using platform default
I/ProviderInstaller( 8991): Installed default security provider GmsCore_OpenSSL
I/dex2oat ( 9398): dex2oat took 664.070ms (threads: 4) arena alloc=61KB (62640B) java alloc=2MB (2244680B) native alloc=2MB (2695120B) free=2MB (2547760B)
W/PackageManager(  879): Not granting permission android.permission.ACCESS_MOCK_LOCATION to package com.careerbuilder.SugarDrone.test (protectionLevel=2 flags=0x1800be44)
V/BackupManagerService(  879): restoreAtInstall pkg=com.careerbuilder.SugarDrone.test token=6 restoreSet=0
V/BackupManagerService(  879): Finishing install immediately
I/art     (  879): Starting a blocking GC Explicit
I/art     (  879): Explicit concurrent mark sweep GC freed 67377(4MB) AllocSpace objects, 66(3MB) LOS objects, 33% free, 16MB/24MB, paused 1.558ms total 100.321ms
E/        (  510): Couldn't opendir /data/app/vmdl831555268.tmp: No such file or directory
I/art     ( 9371): System.exit called, status: 0
I/AndroidRuntime( 9371): VM exiting with result code 0.
I/InputReader(  879): Reconfiguring input devices.  changes=0x00000010
W/ActivityManager(  879): Permission Denial: Accessing service ComponentInfo{com.google.android.music/com.google.android.music.dial.DialMediaRouteProviderService} from pid=5394, uid=10085 that is not exported from uid 10071
D/RegisteredNfcFServicesCache( 4196): Service unchanged, not updating
D/CarrierSvcBindHelper( 3356): No carrier app for: 0
D/CarrierConfigLoader( 3356): mHandler: 9 phoneId: 0
I/Finsky  ( 8874): [1] com.google.android.finsky.utils.PermissionPolicies$PermissionPolicyService.onStartCommand(117): post-install permissions check for com.careerbuilder.SugarDrone.test
W/Finsky  ( 8874): [1] com.google.android.finsky.FinskyApp.i(1468): No account configured on this device.
I/Finsky  ( 8874): [1] com.google.android.finsky.utils.bh.run(2302): Package state data is missing for com.careerbuilder.SugarDrone.test
W/Finsky  ( 8874): [1] com.google.android.finsky.FinskyApp.i(1468): No account configured on this device.
I/UpdateIcingCorporaServi( 6827): Updating corpora: APPS=com.careerbuilder.SugarDrone.test, CONTACTS=MAYBE
I/UpdateIcingCorporaServi( 6827): UpdateCorporaTask done [took 31 ms] updated apps [took 31 ms] 
D/Wear_Controller( 4492): Received broadcast action=android.intent.action.PACKAGE_ADDED and uri=com.careerbuilder.SugarDrone.test
I/PeopleContactsSync( 4492): triggerPendingContactsCleanup: no accounts
W/IcingInternalCorpora( 4492): getNumBytesRead when not calculated.
I/Icing   ( 4492): Usage reports 0 indexed 0 rejected 0 imm upload false
I/Icing   ( 4492): Usage reports 0 indexed 0 rejected 0 imm upload false
D/AndroidRuntime( 9448): >>>>>> START com.android.internal.os.RuntimeInit uid 2000 <<<<<<
D/AndroidRuntime( 9448): CheckJNI is OFF
D/ICU     ( 9448): No timezone override file found: /data/misc/zoneinfo/current/icu/icu_tzdata.dat
I/Radio-JNI( 9448): register_android_hardware_Radio DONE
D/AndroidRuntime( 9448): Calling main entry com.android.commands.settings.SettingsCmd
D/AndroidRuntime( 9448): Shutting down VM
I/Icing   ( 4492): Indexing A2F718106598400F6D2BFCAAC5AAD1AFFDB81829 from com.google.android.gms
I/Icing   ( 4492): Indexing done A2F718106598400F6D2BFCAAC5AAD1AFFDB81829
D/AndroidRuntime( 9482): >>>>>> START com.android.internal.os.RuntimeInit uid 2000 <<<<<<
D/AndroidRuntime( 9482): CheckJNI is OFF
D/ICU     ( 9482): No timezone override file found: /data/misc/zoneinfo/current/icu/icu_tzdata.dat
I/Radio-JNI( 9482): register_android_hardware_Radio DONE
D/AndroidRuntime( 9482): Calling main entry com.android.commands.settings.SettingsCmd
D/AndroidRuntime( 9482): Shutting down VM
D/AndroidRuntime( 9511): >>>>>> START com.android.internal.os.RuntimeInit uid 2000 <<<<<<
D/AndroidRuntime( 9511): CheckJNI is OFF
D/ICU     ( 9511): No timezone override file found: /data/misc/zoneinfo/current/icu/icu_tzdata.dat
I/Radio-JNI( 9511): register_android_hardware_Radio DONE
D/AndroidRuntime( 9511): Calling main entry com.android.commands.settings.SettingsCmd
D/AndroidRuntime( 9511): Shutting down VM
D/AndroidRuntime( 9537): >>>>>> START com.android.internal.os.RuntimeInit uid 2000 <<<<<<
D/AndroidRuntime( 9537): CheckJNI is OFF
D/ICU     ( 9537): No timezone override file found: /data/misc/zoneinfo/current/icu/icu_tzdata.dat
I/Radio-JNI( 9537): register_android_hardware_Radio DONE
D/AndroidRuntime( 9537): Calling main entry com.android.commands.settings.SettingsCmd
D/AndroidRuntime( 9537): Shutting down VM
D/AndroidRuntime( 9561): >>>>>> START com.android.internal.os.RuntimeInit uid 2000 <<<<<<
D/AndroidRuntime( 9561): CheckJNI is OFF
D/ICU     ( 9561): No timezone override file found: /data/misc/zoneinfo/current/icu/icu_tzdata.dat
I/Radio-JNI( 9561): register_android_hardware_Radio DONE
D/AndroidRuntime( 9561): Calling main entry com.android.commands.settings.SettingsCmd
D/AndroidRuntime( 9561): Shutting down VM
D/AndroidRuntime( 9593): >>>>>> START com.android.internal.os.RuntimeInit uid 2000 <<<<<<
D/AndroidRuntime( 9593): CheckJNI is OFF
D/ICU     ( 9593): No timezone override file found: /data/misc/zoneinfo/current/icu/icu_tzdata.dat
I/Radio-JNI( 9593): register_android_hardware_Radio DONE
D/AndroidRuntime( 9593): Calling main entry com.android.commands.pm.Pm
W/MessageQueue( 9593): Handler (android.os.Handler) {32fbd5b} sending message to a Handler on a dead thread
W/MessageQueue( 9593): java.lang.IllegalStateException: Handler (android.os.Handler) {32fbd5b} sending message to a Handler on a dead thread
W/MessageQueue( 9593): 	at android.os.MessageQueue.enqueueMessage(MessageQueue.java:543)
W/MessageQueue( 9593): 	at android.os.Handler.enqueueMessage(Handler.java:643)
W/MessageQueue( 9593): 	at android.os.Handler.sendMessageAtTime(Handler.java:612)
W/MessageQueue( 9593): 	at android.os.Handler.sendMessageDelayed(Handler.java:582)
W/MessageQueue( 9593): 	at android.os.Handler.post(Handler.java:338)
W/MessageQueue( 9593): 	at android.os.ResultReceiver$MyResultReceiver.send(ResultReceiver.java:57)
W/MessageQueue( 9593): 	at com.android.internal.os.IResultReceiver$Stub.onTransact(IResultReceiver.java:58)
W/MessageQueue( 9593): 	at android.os.Binder.execTransact(Binder.java:565)
I/art     ( 9593): System.exit called, status: 0
I/AndroidRuntime( 9593): VM exiting with result code 0.
D/AndroidRuntime( 9657): >>>>>> START com.android.internal.os.RuntimeInit uid 2000 <<<<<<
D/AndroidRuntime( 9657): CheckJNI is OFF
D/ICU     ( 9657): No timezone override file found: /data/misc/zoneinfo/current/icu/icu_tzdata.dat
I/Radio-JNI( 9657): register_android_hardware_Radio DONE
D/AndroidRuntime( 9657): Calling main entry com.android.commands.pm.Pm
I/art     ( 9657): System.exit called, status: 0
I/AndroidRuntime( 9657): VM exiting with result code 0.
W/MessageQueue( 9657): Handler (android.os.Handler) {6139612} sending message to a Handler on a dead thread
W/MessageQueue( 9657): java.lang.IllegalStateException: Handler (android.os.Handler) {6139612} sending message to a Handler on a dead thread
W/MessageQueue( 9657): 	at android.os.MessageQueue.enqueueMessage(MessageQueue.java:543)
W/MessageQueue( 9657): 	at android.os.Handler.enqueueMessage(Handler.java:643)
W/MessageQueue( 9657): 	at android.os.Handler.sendMessageAtTime(Handler.java:612)
W/MessageQueue( 9657): 	at android.os.Handler.sendMessageDelayed(Handler.java:582)
W/MessageQueue( 9657): 	at android.os.Handler.post(Handler.java:338)
W/MessageQueue( 9657): 	at android.os.ResultReceiver$MyResultReceiver.send(ResultReceiver.java:57)
W/MessageQueue( 9657): 	at com.android.internal.os.IResultReceiver$Stub.onTransact(IResultReceiver.java:58)
W/MessageQueue( 9657): 	at android.os.Binder.execTransact(Binder.java:565)
D/AndroidRuntime( 9735): >>>>>> START com.android.internal.os.RuntimeInit uid 2000 <<<<<<
D/AndroidRuntime( 9735): CheckJNI is OFF
D/ICU     ( 9735): No timezone override file found: /data/misc/zoneinfo/current/icu/icu_tzdata.dat
I/Radio-JNI( 9735): register_android_hardware_Radio DONE
D/AndroidRuntime( 9735): Calling main entry com.android.commands.input.Input
I/Input   ( 9735): injectKeyEvent: KeyEvent { action=ACTION_DOWN, keyCode=KEYCODE_BACK, scanCode=0, metaState=0, flags=0x0, repeatCount=0, eventTime=268720, downTime=268720, deviceId=-1, source=0x101 }
I/Input   ( 9735): injectKeyEvent: KeyEvent { action=ACTION_UP, keyCode=KEYCODE_BACK, scanCode=0, metaState=0, flags=0x0, repeatCount=0, eventTime=268720, downTime=268720, deviceId=-1, source=0x101 }
D/AndroidRuntime( 9735): Shutting down VM
D/AndroidRuntime( 9793): >>>>>> START com.android.internal.os.RuntimeInit uid 2000 <<<<<<
D/AndroidRuntime( 9793): CheckJNI is OFF
D/ICU     ( 9793): No timezone override file found: /data/misc/zoneinfo/current/icu/icu_tzdata.dat
I/Radio-JNI( 9793): register_android_hardware_Radio DONE
D/AndroidRuntime( 9793): Calling main entry com.android.commands.input.Input
I/Input   ( 9793): injectKeyEvent: KeyEvent { action=ACTION_DOWN, keyCode=KEYCODE_HOME, scanCode=0, metaState=0, flags=0x0, repeatCount=0, eventTime=270581, downTime=270581, deviceId=-1, source=0x101 }
I/Input   ( 9793): injectKeyEvent: KeyEvent { action=ACTION_UP, keyCode=KEYCODE_HOME, scanCode=0, metaState=0, flags=0x0, repeatCount=0, eventTime=270581, downTime=270581, deviceId=-1, source=0x101 }
I/ActivityManager(  879): START u0 {act=android.intent.action.MAIN cat=[android.intent.category.HOME] flg=0x10200000 cmp=com.google.android.googlequicksearchbox/com.google.android.launcher.GEL (has extras)} from uid 1000 on display 0
W/SearchService( 6827): Abort, client detached.
D/AndroidRuntime( 9793): Shutting down VM
I/GEL     ( 4238): handleIntent(Intent { act=android.intent.action.MAIN cat=[android.intent.category.HOME] flg=0x10200000 cmp=com.google.android.googlequicksearchbox/com.google.android.launcher.GEL (has extras) })
I/DeviceStateChecker( 6827): DeviceStateChecker cancelled
I/MicroDetector( 6827): Keeping mic open: false
I/MicrophoneInputStream( 6827): mic_close com.google.android.apps.gsa.speech.audio.ah@ed87bae
E/AudioRecord-JNI( 6827): Error -4 during AudioRecord native read
D/sound_trigger_platform(  506): platform_stdev_check_and_update_concurrency: concurrency active 0, tx 0, rx 0, concurrency session_allowed 1
I/SoundTriggerHwService::Module(  506): void android::SoundTriggerHwService::Module::onCallbackEvent(const sp<android::SoundTriggerHwService::CallbackEvent> &) mClient == 0
I/MicroRecognitionRunner( 6827): Detection finished
I/MicroRecognitionRunner( 6827): Stopping hotword detection.
W/LocationOracle( 6827): Best location was null
I/MicroDetectionWorker( 6827): Micro detection mode: [mDetectionMode: [1]].
I/MicroRecognitionRunner( 6827): Starting detection.
I/MicrophoneInputStream( 6827): mic_starting com.google.android.apps.gsa.speech.audio.ah@4fd081a
I/SoundTriggerHwService::Module(  506): void android::SoundTriggerHwService::Module::onCallbackEvent(const sp<android::SoundTriggerHwService::CallbackEvent> &) mClient == 0
I/AudioFlinger(  506): AudioFlinger's thread 0xeb503e40 ready to run
I/MicrophoneInputStream( 6827): mic_started com.google.android.apps.gsa.speech.audio.ah@4fd081a
E/audio_route(  506): unable to find path 'set-capture-format-default'
D/sound_trigger_platform(  506): platform_stdev_check_and_update_concurrency: concurrency active 0, tx 1, rx 0, concurrency session_allowed 0
I/MicroDetectionWorker( 6827): onReady
D/AndroidRuntime( 9835): >>>>>> START com.android.internal.os.RuntimeInit uid 2000 <<<<<<
D/AndroidRuntime( 9835): CheckJNI is OFF
D/ICU     ( 9835): No timezone override file found: /data/misc/zoneinfo/current/icu/icu_tzdata.dat
I/Radio-JNI( 9835): register_android_hardware_Radio DONE
D/AndroidRuntime( 9835): Calling main entry com.android.commands.input.Input
I/Input   ( 9835): injectKeyEvent: KeyEvent { action=ACTION_DOWN, keyCode=KEYCODE_BACK, scanCode=0, metaState=0, flags=0x0, repeatCount=0, eventTime=272005, downTime=272005, deviceId=-1, source=0x101 }
I/Input   ( 9835): injectKeyEvent: KeyEvent { action=ACTION_UP, keyCode=KEYCODE_BACK, scanCode=0, metaState=0, flags=0x0, repeatCount=0, eventTime=272005, downTime=272005, deviceId=-1, source=0x101 }
D/AndroidRuntime( 9835): Shutting down VM
D/AndroidRuntime( 9876): >>>>>> START com.android.internal.os.RuntimeInit uid 2000 <<<<<<
D/AndroidRuntime( 9876): CheckJNI is OFF
D/ICU     ( 9876): No timezone override file found: /data/misc/zoneinfo/current/icu/icu_tzdata.dat
I/Radio-JNI( 9876): register_android_hardware_Radio DONE
D/AndroidRuntime( 9876): Calling main entry com.android.commands.am.Am
I/ActivityManager(  879): Force stopping com.careerbuilder.SugarDrone appid=19752 user=0: start instr
I/ActivityManager(  879): Start proc 9899:com.careerbuilder.SugarDrone/u0a9752 for added application com.careerbuilder.SugarDrone
I/art     ( 9899): Late-enabling -Xcheck:jni
W/System  ( 9899): ClassLoader referenced unknown path: /data/app/com.careerbuilder.SugarDrone.test-1/lib/arm64
W/System  ( 9899): ClassLoader referenced unknown path: 
W/monodroid( 9899): Using override path: /data/user/0/com.careerbuilder.SugarDrone/files/.__override__
W/monodroid( 9899): Trying to load sgen from: /data/user/0/com.careerbuilder.SugarDrone/files/.__override__/libmonosgen-2.0.so
W/monodroid( 9899): Trying to load sgen from: /storage/emulated/0/Android/data/com.careerbuilder.SugarDrone/files/.__override__/libmonosgen-2.0.so
W/monodroid( 9899): Trying to load sgen from: /data/app/com.careerbuilder.SugarDrone-1/lib/arm/libmonosgen-2.0.so
D/Mono    ( 9899): Image addref mscorlib[0xe2b9a380] -> mscorlib.dll[0xeee0e900]: 2
D/Mono    ( 9899): Prepared to set up assembly 'mscorlib' (mscorlib.dll)
D/Mono    ( 9899): AOT module 'mscorlib.dll.so' not found: dlopen failed: library "/data/app/com.careerbuilder.SugarDrone-1/lib/arm/libaot-mscorlib.dll.so" not found
D/Mono    ( 9899): AOT module '/Users/builder/data/lanes/4009/3a62f1ea/source/monodroid/builds/install/mono-armv6/lib/mono/aot-cache/arm/mscorlib.dll.so' not found: dlopen failed: library "/data/app/com.careerbuilder.SugarDrone-1/lib/arm/libaot-mscorlib.dll.so" not found
D/Mono    ( 9899): Config attempting to parse: 'mscorlib.dll.config'.
D/Mono    ( 9899): Config attempting to parse: '/Users/builder/data/lanes/4009/3a62f1ea/source/monodroid/builds/install/mono-armv6/etc/mono/assemblies/mscorlib/mscorlib.config'.
D/Mono    ( 9899): Assembly mscorlib[0xe2b9a380] added to domain RootDomain, ref_count=1
D/Mono    ( 9899): Image addref CareerBuilder_Search.Droid[0xe2b9a3e0] -> CareerBuilder_Search.Droid.dll[0xeee0f800]: 2
D/Mono    ( 9899): Prepared to set up assembly 'CareerBuilder_Search.Droid' (CareerBuilder_Search.Droid.dll)
D/Mono    ( 9899): Assembly CareerBuilder_Search.Droid[0xe2b9a3e0] added to domain RootDomain, ref_count=1
D/Mono    ( 9899): AOT module 'CareerBuilder_Search.Droid.dll.so' not found: dlopen failed: library "/data/app/com.careerbuilder.SugarDrone-1/lib/arm/libaot-CareerBuilder_Search.Droid.dll.so" not found
D/Mono    ( 9899): AOT module '/Users/builder/data/lanes/4009/3a62f1ea/source/monodroid/builds/install/mono-armv6/lib/mono/aot-cache/arm/CareerBuilder_Search.Droid.dll.so' not found: dlopen failed: library "/data/app/com.careerbuilder.SugarDrone-1/lib/arm/libaot-CareerBuilder_Search.Droid.dll.so" not found
D/Mono    ( 9899): Config attempting to parse: 'CareerBuilder_Search.Droid.dll.config'.
D/Mono    ( 9899): Config attempting to parse: '/Users/builder/data/lanes/4009/3a62f1ea/source/monodroid/builds/install/mono-armv6/etc/mono/assemblies/CareerBuilder_Search.Droid/CareerBuilder_Search.Droid.config'.
D/Mono    ( 9899): Image addref AppsFlyerXamarinBindingAndroid[0xe2b9a440] -> AppsFlyerXamarinBindingAndroid.dll[0xeee0fd00]: 2
D/Mono    ( 9899): Prepared to set up assembly 'AppsFlyerXamarinBindingAndroid' (AppsFlyerXamarinBindingAndroid.dll)
D/Mono    ( 9899): Assembly AppsFlyerXamarinBindingAndroid[0xe2b9a440] added to domain RootDomain, ref_count=1
D/Mono    ( 9899): AOT module 'AppsFlyerXamarinBindingAndroid.dll.so' not found: dlopen failed: library "/data/app/com.careerbuilder.SugarDrone-1/lib/arm/libaot-AppsFlyerXamarinBindingAndroid.dll.so" not found
D/Mono    ( 9899): AOT module '/Users/builder/data/lanes/4009/3a62f1ea/source/monodroid/builds/install/mono-armv6/lib/mono/aot-cache/arm/AppsFlyerXamarinBindingAndroid.dll.so' not found: dlopen failed: library "/data/app/com.careerbuilder.SugarDrone-1/lib/arm/libaot-AppsFlyerXamarinBindingAndroid.dll.so" not found
D/Mono    ( 9899): Config attempting to parse: 'AppsFlyerXamarinBindingAndroid.dll.config'.
D/Mono    ( 9899): Config attempting to parse: '/Users/builder/data/lanes/4009/3a62f1ea/source/monodroid/builds/install/mono-armv6/etc/mono/assemblies/AppsFlyerXamarinBindingAndroid/AppsFlyerXamarinBindingAndroid.config'.
D/Mono    ( 9899): Image addref HockeySDK[0xe2b9a4a0] -> HockeySDK.dll[0xeee10200]: 2
D/Mono    ( 9899): Prepared to set up assembly 'HockeySDK' (HockeySDK.dll)
D/Mono    ( 9899): Assembly HockeySDK[0xe2b9a4a0] added to domain RootDomain, ref_count=1
D/Mono    ( 9899): AOT module 'HockeySDK.dll.so' not found: dlopen failed: library "/data/app/com.careerbuilder.SugarDrone-1/lib/arm/libaot-HockeySDK.dll.so" not found
D/Mono    ( 9899): AOT module '/Users/builder/data/lanes/4009/3a62f1ea/source/monodroid/builds/install/mono-armv6/lib/mono/aot-cache/arm/HockeySDK.dll.so' not found: dlopen failed: library "/data/app/com.careerbuilder.SugarDrone-1/lib/arm/libaot-HockeySDK.dll.so" not found
D/Mono    ( 9899): Config attempting to parse: 'HockeySDK.dll.config'.
D/Mono    ( 9899): Config attempting to parse: '/Users/builder/data/lanes/4009/3a62f1ea/source/monodroid/builds/install/mono-armv6/etc/mono/assemblies/HockeySDK/HockeySDK.config'.
D/Mono    ( 9899): Image addref Akavache[0xe2b9a500] -> Akavache.dll[0xeee11b00]: 2
D/Mono    ( 9899): Prepared to set up assembly 'Akavache' (Akavache.dll)
D/Mono    ( 9899): Assembly Akavache[0xe2b9a500] added to domain RootDomain, ref_count=1
D/Mono    ( 9899): AOT module 'Akavache.dll.so' not found: dlopen failed: library "/data/app/com.careerbuilder.SugarDrone-1/lib/arm/libaot-Akavache.dll.so" not found
D/Mono    ( 9899): AOT module '/Users/builder/data/lanes/4009/3a62f1ea/source/monodroid/builds/install/mono-armv6/lib/mono/aot-cache/arm/Akavache.dll.so' not found: dlopen failed: library "/data/app/com.careerbuilder.SugarDrone-1/lib/arm/libaot-Akavache.dll.so" not found
D/Mono    ( 9899): Config attempting to parse: 'Akavache.dll.config'.
D/Mono    ( 9899): Config attempting to parse: '/Users/builder/data/lanes/4009/3a62f1ea/source/monodroid/builds/install/mono-armv6/etc/mono/assemblies/Akavache/Akavache.config'.
D/Mono    ( 9899): Image addref Akavache.Sqlite3[0xe2b9a560] -> Akavache.Sqlite3.dll[0xe2bb2000]: 2
D/Mono    ( 9899): Prepared to set up assembly 'Akavache.Sqlite3' (Akavache.Sqlite3.dll)
D/Mono    ( 9899): Assembly Akavache.Sqlite3[0xe2b9a560] added to domain RootDomain, ref_count=1
D/Mono    ( 9899): AOT module 'Akavache.Sqlite3.dll.so' not found: dlopen failed: library "/data/app/com.careerbuilder.SugarDrone-1/lib/arm/libaot-Akavache.Sqlite3.dll.so" not found
D/Mono    ( 9899): AOT module '/Users/builder/data/lanes/4009/3a62f1ea/source/monodroid/builds/install/mono-armv6/lib/mono/aot-cache/arm/Akavache.Sqlite3.dll.so' not found: dlopen failed: library "/data/app/com.careerbuilder.SugarDrone-1/lib/arm/libaot-Akavache.Sqlite3.dll.so" not found
W/        ( 9899): Symbol file LoadedFromMemory doesn't match image Akavache.Sqlite3.dll
D/Mono    ( 9899): Config attempting to parse: 'Akavache.Sqlite3.dll.config'.
D/Mono    ( 9899): Config attempting to parse: '/Users/builder/data/lanes/4009/3a62f1ea/source/monodroid/builds/install/mono-armv6/etc/mono/assemblies/Akavache.Sqlite3/Akavache.Sqlite3.config'.
D/Mono    ( 9899): Image addref Splat[0xe2b9a5c0] -> Splat.dll[0xe2bb2500]: 2
D/Mono    ( 9899): Prepared to set up assembly 'Splat' (Splat.dll)
D/Mono    ( 9899): Assembly Splat[0xe2b9a5c0] added to domain RootDomain, ref_count=1
D/Mono    ( 9899): AOT module 'Splat.dll.so' not found: dlopen failed: library "/data/app/com.careerbuilder.SugarDrone-1/lib/arm/libaot-Splat.dll.so" not found
D/Mono    ( 9899): AOT module '/Users/builder/data/lanes/4009/3a62f1ea/source/monodroid/builds/install/mono-armv6/lib/mono/aot-cache/arm/Splat.dll.so' not found: dlopen failed: library "/data/app/com.careerbuilder.SugarDrone-1/lib/arm/libaot-Splat.dll.so" not found
D/Mono    ( 9899): Config attempting to parse: 'Splat.dll.config'.
D/Mono    ( 9899): Config attempting to parse: '/Users/builder/data/lanes/4009/3a62f1ea/source/monodroid/builds/install/mono-armv6/etc/mono/assemblies/Splat/Splat.config'.
D/Mono    ( 9899): Image addref Microsoft.Practices.ServiceLocation[0xe2b9a620] -> Microsoft.Practices.ServiceLocation.dll[0xe2bb2a00]: 2
D/Mono    ( 9899): Prepared to set up assembly 'Microsoft.Practices.ServiceLocation' (Microsoft.Practices.ServiceLocation.dll)
D/Mono    ( 9899): Assembly Microsoft.Practices.ServiceLocation[0xe2b9a620] added to domain RootDomain, ref_count=1
D/Mono    ( 9899): AOT module 'Microsoft.Practices.ServiceLocation.dll.so' not found: dlopen failed: library "/data/app/com.careerbuilder.SugarDrone-1/lib/arm/libaot-Microsoft.Practices.ServiceLocation.dll.so" not found
D/Mono    ( 9899): AOT module '/Users/builder/data/lanes/4009/3a62f1ea/source/monodroid/builds/install/mono-armv6/lib/mono/aot-cache/arm/Microsoft.Practices.ServiceLocation.dll.so' not found: dlopen failed: library "/data/app/com.careerbuilder.SugarDrone-1/lib/arm/libaot-Microsoft.Practices.ServiceLocation.dll.so" not found
D/Mono    ( 9899): Config attempting to parse: 'Microsoft.Practices.ServiceLocation.dll.config'.
D/Mono    ( 9899): Config attempting to parse: '/Users/builder/data/lanes/4009/3a62f1ea/source/monodroid/builds/install/mono-armv6/etc/mono/assemblies/Microsoft.Practices.ServiceLocation/Microsoft.Practices.ServiceLocation.config'.
D/Mono    ( 9899): Image addref Microsoft.Practices.Unity[0xe2b9a680] -> Microsoft.Practices.Unity.dll[0xe2bb2f00]: 2
D/Mono    ( 9899): Prepared to set up assembly 'Microsoft.Practices.Unity' (Microsoft.Practices.Unity.dll)
D/Mono    ( 9899): Assembly Microsoft.Practices.Unity[0xe2b9a680] added to domain RootDomain, ref_count=1
D/Mono    ( 9899): AOT module 'Microsoft.Practices.Unity.dll.so' not found: dlopen failed: library "/data/app/com.careerbuilder.SugarDrone-1/lib/arm/libaot-Microsoft.Practices.Unity.dll.so" not found
D/Mono    ( 9899): AOT module '/Users/builder/data/lanes/4009/3a62f1ea/source/monodroid/builds/install/mono-armv6/lib/mono/aot-cache/arm/Microsoft.Practices.Unity.dll.so' not found: dlopen failed: library "/data/app/com.careerbuilder.SugarDrone-1/lib/arm/libaot-Microsoft.Practices.Unity.dll.so" not found
D/Mono    ( 9899): Config attempting to parse: 'Microsoft.Practices.Unity.dll.config'.
D/Mono    ( 9899): Config attempting to parse: '/Users/builder/data/lanes/4009/3a62f1ea/source/monodroid/builds/install/mono-armv6/etc/mono/assemblies/Microsoft.Practices.Unity/Microsoft.Practices.Unity.config'.
D/Mono    ( 9899): Image addref Plugin.CurrentActivity[0xe2b9a6e0] -> Plugin.CurrentActivity.dll[0xe2bb3400]: 2
D/Mono    ( 9899): Prepared to set up assembly 'Plugin.CurrentActivity' (Plugin.CurrentActivity.dll)
D/Mono    ( 9899): Assembly Plugin.CurrentActivity[0xe2b9a6e0] added to domain RootDomain, ref_count=1
D/Mono    ( 9899): AOT module 'Plugin.CurrentActivity.dll.so' not found: dlopen failed: library "/data/app/com.careerbuilder.SugarDrone-1/lib/arm/libaot-Plugin.CurrentActivity.dll.so" not found
D/Mono    ( 9899): AOT module '/Users/builder/data/lanes/4009/3a62f1ea/source/monodroid/builds/install/mono-armv6/lib/mono/aot-cache/arm/Plugin.CurrentActivity.dll.so' not found: dlopen failed: library "/data/app/com.careerbuilder.SugarDrone-1/lib/arm/libaot-Plugin.CurrentActivity.dll.so" not found
D/Mono    ( 9899): Config attempting to parse: 'Plugin.CurrentActivity.dll.config'.
D/Mono    ( 9899): Config attempting to parse: '/Users/builder/data/lanes/4009/3a62f1ea/source/monodroid/builds/install/mono-armv6/etc/mono/assemblies/Plugin.CurrentActivity/Plugin.CurrentActivity.config'.
D/Mono    ( 9899): Image addref Plugin.Permissions[0xe2b9a740] -> Plugin.Permissions.dll[0xe2bb3900]: 2
D/Mono    ( 9899): Prepared to set up assembly 'Plugin.Permissions' (Plugin.Permissions.dll)
D/Mono    ( 9899): Assembly Plugin.Permissions[0xe2b9a740] added to domain RootDomain, ref_count=1
D/Mono    ( 9899): AOT module 'Plugin.Permissions.dll.so' not found: dlopen failed: library "/data/app/com.careerbuilder.SugarDrone-1/lib/arm/libaot-Plugin.Permissions.dll.so" not found
D/Mono    ( 9899): AOT module '/Users/builder/data/lanes/4009/3a62f1ea/source/monodroid/builds/install/mono-armv6/lib/mono/aot-cache/arm/Plugin.Permissions.dll.so' not found: dlopen failed: library "/data/app/com.careerbuilder.SugarDrone-1/lib/arm/libaot-Plugin.Permissions.dll.so" not found
D/Mono    ( 9899): Config attempting to parse: 'Plugin.Permissions.dll.config'.
D/Mono    ( 9899): Config attempting to parse: '/Users/builder/data/lanes/4009/3a62f1ea/source/monodroid/builds/install/mono-armv6/etc/mono/assemblies/Plugin.Permissions/Plugin.Permissions.config'.
D/Mono    ( 9899): Image addref Plugin.Permissions.Abstractions[0xe2b9a7a0] -> Plugin.Permissions.Abstractions.dll[0xe2bb3e00]: 2
D/Mono    ( 9899): Prepared to set up assembly 'Plugin.Permissions.Abstractions' (Plugin.Permissions.Abstractions.dll)
D/Mono    ( 9899): Assembly Plugin.Permissions.Abstractions[0xe2b9a7a0] added to domain RootDomain, ref_count=1
D/Mono    ( 9899): AOT module 'Plugin.Permissions.Abstractions.dll.so' not found: dlopen failed: library "/data/app/com.careerbuilder.SugarDrone-1/lib/arm/libaot-Plugin.Permissions.Abstractions.dll.so" not found
D/Mono    ( 9899): AOT module '/Users/builder/data/lanes/4009/3a62f1ea/source/monodroid/builds/install/mono-armv6/lib/mono/aot-cache/arm/Plugin.Permissions.Abstractions.dll.so' not found: dlopen failed: library "/data/app/com.careerbuilder.SugarDrone-1/lib/arm/libaot-Plugin.Permissions.Abstractions.dll.so" not found
D/Mono    ( 9899): Config attempting to parse: 'Plugin.Permissions.Abstractions.dll.config'.
D/Mono    ( 9899): Config attempting to parse: '/Users/builder/data/lanes/4009/3a62f1ea/source/monodroid/builds/install/mono-armv6/etc/mono/assemblies/Plugin.Permissions.Abstractions/Plugin.Permissions.Abstractions.config'.
D/Mono    ( 9899): Image addref Plugin.Geolocator[0xe2b9a800] -> Plugin.Geolocator.dll[0xe2bb4300]: 2
D/Mono    ( 9899): Prepared to set up assembly 'Plugin.Geolocator' (Plugin.Geolocator.dll)
D/Mono    ( 9899): Assembly Plugin.Geolocator[0xe2b9a800] added to domain RootDomain, ref_count=1
D/Mono    ( 9899): AOT module 'Plugin.Geolocator.dll.so' not found: dlopen failed: library "/data/app/com.careerbuilder.SugarDrone-1/lib/arm/libaot-Plugin.Geolocator.dll.so" not found
D/Mono    ( 9899): AOT module '/Users/builder/data/lanes/4009/3a62f1ea/source/monodroid/builds/install/mono-armv6/lib/mono/aot-cache/arm/Plugin.Geolocator.dll.so' not found: dlopen failed: library "/data/app/com.careerbuilder.SugarDrone-1/lib/arm/libaot-Plugin.Geolocator.dll.so" not found
D/Mono    ( 9899): Config attempting to parse: 'Plugin.Geolocator.dll.config'.
D/Mono    ( 9899): Config attempting to parse: '/Users/builder/data/lanes/4009/3a62f1ea/source/monodroid/builds/install/mono-armv6/etc/mono/assemblies/Plugin.Geolocator/Plugin.Geolocator.config'.
D/Mono    ( 9899): Image addref Plugin.Geolocator.Abstractions[0xe2b9a860] -> Plugin.Geolocator.Abstractions.dll[0xe2bb4800]: 2
D/Mono    ( 9899): Prepared to set up assembly 'Plugin.Geolocator.Abstractions' (Plugin.Geolocator.Abstractions.dll)
D/Mono    ( 9899): Assembly Plugin.Geolocator.Abstractions[0xe2b9a860] added to domain RootDomain, ref_count=1
D/Mono    ( 9899): AOT module 'Plugin.Geolocator.Abstractions.dll.so' not found: dlopen failed: library "/data/app/com.careerbuilder.SugarDrone-1/lib/arm/libaot-Plugin.Geolocator.Abstractions.dll.so" not found
D/Mono    ( 9899): AOT module '/Users/builder/data/lanes/4009/3a62f1ea/source/monodroid/builds/install/mono-armv6/lib/mono/aot-cache/arm/Plugin.Geolocator.Abstractions.dll.so' not found: dlopen failed: library "/data/app/com.careerbuilder.SugarDrone-1/lib/arm/libaot-Plugin.Geolocator.Abstractions.dll.so" not found
D/Mono    ( 9899): Config attempting to parse: 'Plugin.Geolocator.Abstractions.dll.config'.
D/Mono    ( 9899): Config attempting to parse: '/Users/builder/data/lanes/4009/3a62f1ea/source/monodroid/builds/install/mono-armv6/etc/mono/assemblies/Plugin.Geolocator.Abstractions/Plugin.Geolocator.Abstractions.config'.
D/Mono    ( 9899): Image addref Plugin.DeviceInfo[0xe2b9a8c0] -> Plugin.DeviceInfo.dll[0xe2bb4d00]: 2
D/Mono    ( 9899): Prepared to set up assembly 'Plugin.DeviceInfo' (Plugin.DeviceInfo.dll)
D/Mono    ( 9899): Assembly Plugin.DeviceInfo[0xe2b9a8c0] added to domain RootDomain, ref_count=1
D/Mono    ( 9899): AOT module 'Plugin.DeviceInfo.dll.so' not found: dlopen failed: library "/data/app/com.careerbuilder.SugarDrone-1/lib/arm/libaot-Plugin.DeviceInfo.dll.so" not found
D/Mono    ( 9899): AOT module '/Users/builder/data/lanes/4009/3a62f1ea/source/monodroid/builds/install/mono-armv6/lib/mono/aot-cache/arm/Plugin.DeviceInfo.dll.so' not found: dlopen failed: library "/data/app/com.careerbuilder.SugarDrone-1/lib/arm/libaot-Plugin.DeviceInfo.dll.so" not found
D/Mono    ( 9899): Config attempting to parse: 'Plugin.DeviceInfo.dll.config'.
