I/System.out( 9675): files: {}
I/System.out( 9675): command: {"command":"keyboard_enter_text","arguments":["Ninja"]}
I/MainLoader( 3042): Running LM loader for en_US
I/LanguageModelDatabase( 3042): reloading DB.
I/LatinIme( 3042): onActivate() : EditorInfo = Package = com.careerbuilder.SugarDrone : Type = Text : Learning = Disable : Suggestion = Show : AutoCorrection = Disable : Microphone = Show
I/InstrumentationBackend( 9675): Got command:'Command:'Line:null,keyboard_enter_text', arguments:'[Ninja]'
E/SpannableStringBuilder( 9675): SPAN_EXCLUSIVE_EXCLUSIVE spans cannot have a zero length
E/SpannableStringBuilder( 9675): SPAN_EXCLUSIVE_EXCLUSIVE spans cannot have a zero length
I/LanguageModelDatabase( 3042): populateEntry() : pt_BR = BUNDLED (19691231)
E/SpannableStringBuilder( 9675): SPAN_EXCLUSIVE_EXCLUSIVE spans cannot have a zero length
E/SpannableStringBuilder( 9675): SPAN_EXCLUSIVE_EXCLUSIVE spans cannot have a zero length
I/LanguageModelDatabase( 3042): populateEntry() : it_IT = BUNDLED (19691231)
W/InputConnectionWrapper( 3042): Fixing selection indices to 5, 5
I/mono-stdout( 9675): uri is: https://api.careerbuilder.com/core/matrixsearch/searchapi/autocomplete/autocomplete/us_CaroteneV2Title?phrase=Ninja&DeveloperKey=WDHR8FC6P2JZ1Y61KLM5
I/mono-stdout( 9675): uri is: https://api.careerbuilder.com/core/matrixsearch/searchapi/autocomplete/autocomplete/us_CaroteneV2Title?phrase=Ni&DeveloperKey=WDHR8FC6P2JZ1Y61KLM5
I/mono-stdout( 9675): uri is: https://api.careerbuilder.com/core/matrixsearch/searchapi/autocomplete/autocomplete/us_CaroteneV2Title?phrase=Ninj&DeveloperKey=WDHR8FC6P2JZ1Y61KLM5
I/mono-stdout( 9675): making api call to: /core/matrixsearch/searchapi/autocomplete/autocomplete/us_CaroteneV2Title?phrase=Ninja&DeveloperKey=WDHR8FC6P2JZ1Y61KLM5
I/mono-stdout( 9675): uri is: https://api.careerbuilder.com/core/matrixsearch/searchapi/autocomplete/autocomplete/us_CaroteneV2Title?phrase=Nin&DeveloperKey=WDHR8FC6P2JZ1Y61KLM5
I/mono-stdout( 9675): making api call to: /core/matrixsearch/searchapi/autocomplete/autocomplete/us_CaroteneV2Title?phrase=Ni&DeveloperKey=WDHR8FC6P2JZ1Y61KLM5
I/mono-stdout( 9675): making api call to: /core/matrixsearch/searchapi/autocomplete/autocomplete/us_CaroteneV2Title?phrase=Nin&DeveloperKey=WDHR8FC6P2JZ1Y61KLM5
I/mono-stdout( 9675): making api call to: /core/matrixsearch/searchapi/autocomplete/autocomplete/us_CaroteneV2Title?phrase=Ninj&DeveloperKey=WDHR8FC6P2JZ1Y61KLM5
I/System.out( 9675): result:{"bonusInformation":[],"message":"","success":true}
I/LanguageModelDatabase( 3042): populateEntry() : nl = CACHED (20160425)
I/LanguageModelDatabase( 3042): populateEntry() : ru_RU = BUNDLED (19691231)
I/LanguageModelDatabase( 3042): populateEntry() : es = BUNDLED (20160112)
I/Adreno  ( 3042): QUALCOMM build                   : 74df444, I409c65498b
I/Adreno  ( 3042): Build Date                       : 06/22/16
I/Adreno  ( 3042): OpenGL ES Shader Compiler Version: XE031.08.00.02
I/Adreno  ( 3042): Local Branch                     : N16
I/Adreno  ( 3042): Remote Branch                    : 
I/Adreno  ( 3042): Remote Branch                    : 
I/Adreno  ( 3042): Reconstruct Branch               : 
I/OpenGLRenderer( 3042): Initialized EGL, version 1.4
D/OpenGLRenderer( 3042): Swap behavior 1
I/LanguageModelDatabase( 3042): populateEntry() : en_US = CACHED (20160608)
I/LanguageModelDatabase( 3042): populateEntry() : en_US = BUNDLED (20160322)
I/LanguageModelDatabase( 3042): populateEntry() : fr_FR = CACHED (20160620)
I/LanguageModelDatabase( 3042): populateEntry() : fr_FR = BUNDLED (19691231)
I/LanguageModelDatabase( 3042): populateEntry() : sv = CACHED (20160402)
I/System.out( 9675): URI: /map
I/System.out( 9675): params: {json={"query":"* marked:'locationQueryField'","operation":{"method_name":"query","arguments":[]}}
I/System.out( 9675): }
I/LanguageModelDatabase( 3042): populateEntry() : de_DE = BUNDLED (19691231)
I/MainLoader( 3042): Loading the LM to decoder: filepath = /data/user/0/com.google.android.inputmethod.latin/files/cache/en_US_d3.dict : status = 5
I/Delight4Decoder( 3042): loadLanguageModel() : MAIN
W/art     ( 3042): Suspending all threads took: 5.222ms
I/art     ( 3042): Background sticky concurrent mark sweep GC freed 5971(316KB) AllocSpace objects, 3(56KB) LOS objects, 5% free, 6MB/7MB, paused 6.157ms total 31.596ms
I/Delight4Decoder( 3042): loadLanguageModel() : Notify observers
I/Delight4Decoder( 3042): loadLanguageModel() : BLACKLIST
E/native  ( 3042): android-decoder.cc:170 Cannot deactivate dynamic LM: /data/user/0/com.google.android.inputmethod.latin/files/Contacts.dict
I/Delight4Decoder( 3042): loadLanguageModel() : USER_HISTORY
W/ResourceType( 9675): No known package when getting name for resource number 0xffffffff
W/ResourceType( 9675): No known package when getting name for resource number 0xffffffff
W/ResourceType( 9675): No known package when getting name for resource number 0xffffffff
W/ResourceType( 9675): No known package when getting name for resource number 0xffffffff
W/ResourceType( 9675): No known package when getting name for resource number 0xffffffff
W/ResourceType( 9675): No known package when getting name for resource number 0xffffffff
W/ResourceType( 9675): No known package when getting name for resource number 0xffffffff
I/mono-stdout( 9675): done making call to: /core/matrixsearch/searchapi/autocomplete/autocomplete/us_CaroteneV2Title?phrase=Ninja&DeveloperKey=WDHR8FC6P2JZ1Y61KLM5
W/ResourceType( 9675): No known package when getting name for resource number 0xffffffff
I/mono-stdout( 9675): done making call to: /core/matrixsearch/searchapi/autocomplete/autocomplete/us_CaroteneV2Title?phrase=Ni&DeveloperKey=WDHR8FC6P2JZ1Y61KLM5
I/mono-stdout( 9675): done making call to: /core/matrixsearch/searchapi/autocomplete/autocomplete/us_CaroteneV2Title?phrase=Nin&DeveloperKey=WDHR8FC6P2JZ1Y61KLM5
W/ResourceType( 9675): No known package when getting name for resource number 0xffffffff
I/mono-stdout( 9675): done making call to: /core/matrixsearch/searchapi/autocomplete/autocomplete/us_CaroteneV2Title?phrase=Ninj&DeveloperKey=WDHR8FC6P2JZ1Y61KLM5
W/ResourceType( 9675): No known package when getting name for resource number 0xffffffff
W/ResourceType( 9675): No known package when getting name for resource number 0xffffffff
W/ResourceType( 9675): No known package when getting name for resource number 0xffffffff
W/ResourceType( 9675): No known package when getting name for resource number 0xffffffff
W/ResourceType( 9675): No known package when getting name for resource number 0xffffffff
I/AbstractDataManager( 3042): doInBackground()
W/ResourceType( 9675): No known package when getting name for resource number 0xffffffff
W/ResourceType( 9675): No known package when getting name for resource number 0xffffffff
W/ResourceType( 9675): No known package when getting name for resource number 0xffffffff
W/ResourceType( 9675): No known package when getting name for resource number 0xffffffff
W/ResourceType( 9675): No known package when getting name for resource number 0xffffffff
W/ResourceType( 9675): No known package when getting name for resource number 0xffffffff
W/ResourceType( 9675): No known package when getting name for resource number 0xffffffff
W/ResourceType( 9675): No known package when getting name for resource number 0xffffffff
W/ResourceType( 9675): No known package when getting name for resource number 0xffffffff
W/ResourceType( 9675): No known package when getting name for resource number 0xffffffff
W/ResourceType( 9675): No known package when getting name for resource number 0xffffffff
W/ResourceType( 9675): No known package when getting name for resource number 0xffffffff
W/ResourceType( 9675): No known package when getting name for resource number 0xffffffff
W/ResourceType( 9675): No known package when getting name for resource number 0xffffffff
W/ResourceType( 9675): No known package when getting name for resource number 0xffffffff
W/ResourceType( 9675): No known package when getting name for resource number 0xffffffff
W/ResourceType( 9675): No known package when getting name for resource number 0xffffffff
W/ResourceType( 9675): No known package when getting name for resource number 0xffffffff
W/ResourceType( 9675): No known package when getting name for resource number 0xffffffff
W/ResourceType( 9675): No known package when getting name for resource number 0xffffffff
W/ResourceType( 9675): No known package when getting name for resource number 0xffffffff
I/AbstractDataManager( 3042): importContentData() : Ending import process
I/PersonalLanguageModel( 3042): run() : Added 0 words and 0 shortcuts
I/Delight4Decoder( 3042): loadLanguageModel() : PERSONAL_DICTIONARY
I/AbstractDataManager( 3042): importContentData() : Success : Count = 0
W/ResourceType( 9675): No known package when getting name for resource number 0xffffffff
W/ResourceType( 9675): No known package when getting name for resource number 0xffffffff
W/ResourceType( 9675): No known package when getting name for resource number 0xffffffff
W/ResourceType( 9675): No known package when getting name for resource number 0xffffffff
W/ResourceType( 9675): No known package when getting name for resource number 0xffffffff
W/ResourceType( 9675): No known package when getting name for resource number 0xffffffff
W/ResourceType( 9675): No known package when getting name for resource number 0xffffffff
W/ResourceType( 9675): No known package when getting name for resource number 0xffffffff
W/ResourceType( 9675): No known package when getting name for resource number 0xffffffff
W/ResourceType( 9675): No known package when getting name for resource number 0xffffffff
W/ResourceType( 9675): No known package when getting name for resource number 0xffffffff
W/ResourceType( 9675): No known package when getting name for resource number 0xffffffff
W/ResourceType( 9675): No known package when getting name for resource number 0xffffffff
W/ResourceType( 9675): No known package when getting name for resource number 0xffffffff
W/ResourceType( 9675): No known package when getting name for resource number 0xffffffff
W/ResourceType( 9675): No known package when getting name for resource number 0xffffffff
W/ResourceType( 9675): No known package when getting name for resource number 0xffffffff
W/ResourceType( 9675): No known package when getting name for resource number 0xffffffff
W/ResourceType( 9675): No known package when getting name for resource number 0xffffffff
W/ResourceType( 9675): No known package when getting name for resource number 0xffffffff
W/ResourceType( 9675): No known package when getting name for resource number 0xffffffff
W/ResourceType( 9675): No known package when getting name for resource number 0xffffffff
W/ResourceType( 9675): No known package when getting name for resource number 0xffffffff
W/ResourceType( 9675): No known package when getting name for resource number 0xffffffff
W/ResourceType( 9675): No known package when getting name for resource number 0xffffffff
W/ResourceType( 9675): No known package when getting name for resource number 0xffffffff
W/ResourceType( 9675): No known package when getting name for resource number 0xffffffff
W/ResourceType( 9675): No known package when getting name for resource number 0xffffffff
W/ResourceType( 9675): No known package when getting name for resource number 0xffffffff
W/ResourceType( 9675): No known package when getting name for resource number 0xffffffff
W/ResourceType( 9675): No known package when getting name for resource number 0xffffffff
W/ResourceType( 9675): No known package when getting name for resource number 0xffffffff
W/ResourceType( 9675): No known package when getting name for resource number 0xffffffff
W/ResourceType( 9675): No known package when getting name for resource number 0xffffffff
W/ResourceType( 9675): No known package when getting name for resource number 0xffffffff
W/ResourceType( 9675): No known package when getting name for resource number 0xffffffff
W/ResourceType( 9675): No known package when getting name for resource number 0xffffffff
E/RecyclerView( 9675): No adapter attached; skipping layout
I/AbstractDataManager( 3042): onPostExecute() : Result = Pair{2 0}
I/ShortcutsDataManager( 3042): onImportFinished() : Result = 2 : Count = 0
I/System.out( 9675): URI: /map
I/System.out( 9675): params: {json={"query":"* marked:'locationQueryField'","operation":{"method_name":"query","arguments":[]}}
I/System.out( 9675): }
W/ResourceType( 9675): No known package when getting name for resource number 0xffffffff
W/ResourceType( 9675): No known package when getting name for resource number 0xffffffff
W/ResourceType( 9675): No known package when getting name for resource number 0xffffffff
W/ResourceType( 9675): No known package when getting name for resource number 0xffffffff
W/ResourceType( 9675): No known package when getting name for resource number 0xffffffff
W/ResourceType( 9675): No known package when getting name for resource number 0xffffffff
W/ResourceType( 9675): No known package when getting name for resource number 0xffffffff
W/ResourceType( 9675): No known package when getting name for resource number 0xffffffff
W/ResourceType( 9675): No known package when getting name for resource number 0xffffffff
W/ResourceType( 9675): No known package when getting name for resource number 0xffffffff
W/ResourceType( 9675): No known package when getting name for resource number 0xffffffff
W/ResourceType( 9675): No known package when getting name for resource number 0xffffffff
W/ResourceType( 9675): No known package when getting name for resource number 0xffffffff
W/ResourceType( 9675): No known package when getting name for resource number 0xffffffff
W/ResourceType( 9675): No known package when getting name for resource number 0xffffffff
W/ResourceType( 9675): No known package when getting name for resource number 0xffffffff
W/ResourceType( 9675): No known package when getting name for resource number 0xffffffff
W/ResourceType( 9675): No known package when getting name for resource number 0xffffffff
W/ResourceType( 9675): No known package when getting name for resource number 0xffffffff
W/ResourceType( 9675): No known package when getting name for resource number 0xffffffff
W/ResourceType( 9675): No known package when getting name for resource number 0xffffffff
W/ResourceType( 9675): No known package when getting name for resource number 0xffffffff
W/ResourceType( 9675): No known package when getting name for resource number 0xffffffff
W/ResourceType( 9675): No known package when getting name for resource number 0xffffffff
W/ResourceType( 9675): No known package when getting name for resource number 0xffffffff
W/ResourceType( 9675): No known package when getting name for resource number 0xffffffff
W/ResourceType( 9675): No known package when getting name for resource number 0xffffffff
W/ResourceType( 9675): No known package when getting name for resource number 0xffffffff
W/ResourceType( 9675): No known package when getting name for resource number 0xffffffff
W/ResourceType( 9675): No known package when getting name for resource number 0xffffffff
W/ResourceType( 9675): No known package when getting name for resource number 0xffffffff
W/ResourceType( 9675): No known package when getting name for resource number 0xffffffff
W/ResourceType( 9675): No known package when getting name for resource number 0xffffffff
W/ResourceType( 9675): No known package when getting name for resource number 0xffffffff
W/ResourceType( 9675): No known package when getting name for resource number 0xffffffff
W/ResourceType( 9675): No known package when getting name for resource number 0xffffffff
W/ResourceType( 9675): No known package when getting name for resource number 0xffffffff
W/ResourceType( 9675): No known package when getting name for resource number 0xffffffff
W/ResourceType( 9675): No known package when getting name for resource number 0xffffffff
W/ResourceType( 9675): No known package when getting name for resource number 0xffffffff
W/ResourceType( 9675): No known package when getting name for resource number 0xffffffff
W/ResourceType( 9675): No known package when getting name for resource number 0xffffffff
W/ResourceType( 9675): No known package when getting name for resource number 0xffffffff
W/ResourceType( 9675): No known package when getting name for resource number 0xffffffff
W/ResourceType( 9675): No known package when getting name for resource number 0xffffffff
W/ResourceType( 9675): No known package when getting name for resource number 0xffffffff
W/ResourceType( 9675): No known package when getting name for resource number 0xffffffff
W/ResourceType( 9675): No known package when getting name for resource number 0xffffffff
W/ResourceType( 9675): No known package when getting name for resource number 0xffffffff
W/ResourceType( 9675): No known package when getting name for resource number 0xffffffff
W/ResourceType( 9675): No known package when getting name for resource number 0xffffffff
W/ResourceType( 9675): No known package when getting name for resource number 0xffffffff
W/ResourceType( 9675): No known package when getting name for resource number 0xffffffff
W/ResourceType( 9675): No known package when getting name for resource number 0xffffffff
W/ResourceType( 9675): No known package when getting name for resource number 0xffffffff
W/ResourceType( 9675): No known package when getting name for resource number 0xffffffff
W/ResourceType( 9675): No known package when getting name for resource number 0xffffffff
W/ResourceType( 9675): No known package when getting name for resource number 0xffffffff
W/ResourceType( 9675): No known package when getting name for resource number 0xffffffff
W/ResourceType( 9675): No known package when getting name for resource number 0xffffffff
W/ResourceType( 9675): No known package when getting name for resource number 0xffffffff
W/ResourceType( 9675): No known package when getting name for resource number 0xffffffff
W/ResourceType( 9675): No known package when getting name for resource number 0xffffffff
W/ResourceType( 9675): No known package when getting name for resource number 0xffffffff
W/ResourceType( 9675): No known package when getting name for resource number 0xffffffff
I/System.out( 9675): URI: /
I/System.out( 9675): params: {json={"command":"touch_coordinate","arguments":[597.0,450.0]}
I/System.out( 9675): }
I/System.out( 9675): header: {content-type=application/json; charset=utf-8, connection=close, host=devicehost18.prod, x-session-token=token-token-66a91bda-adf8-40d9-945b-89884b7ce52d, content-length=56, x-forwarded-for=10.222.150.26}
I/System.out( 9675): params: {json={"command":"touch_coordinate","arguments":[597.0,450.0]}
I/System.out( 9675): }
I/System.out( 9675): ProP json = {"command":"touch_coordinate","arguments":[597.0,450.0]}
I/System.out( 9675): files: {}
I/System.out( 9675): command: {"command":"touch_coordinate","arguments":[597.0,450.0]}
I/InstrumentationBackend( 9675): Got command:'Command:'Line:null,touch_coordinate', arguments:'[597.0, 450.0]'
D/Mono    ( 9675): DllImport searching in: '__Internal' ('(null)').
D/Mono    ( 9675): Searching for 'java_interop_jnienv_call_nonvirtual_float_method_a'.
D/Mono    ( 9675): Probing 'java_interop_jnienv_call_nonvirtual_float_method_a'.
D/Mono    ( 9675): Found as 'java_interop_jnienv_call_nonvirtual_float_method_a'.
I/LatinIme( 3042): abortComposing()
W/IInputConnectionWrapper( 9675): finishComposingText on inactive InputConnection
W/IInputConnectionWrapper( 9675): beginBatchEdit on inactive InputConnection
W/IInputConnectionWrapper( 9675): getSelectedText on inactive InputConnection
W/IInputConnectionWrapper( 9675): endBatchEdit on inactive InputConnection
W/IInputConnectionWrapper( 9675): getTextBeforeCursor on inactive InputConnection
W/IInputConnectionWrapper( 9675): getTextAfterCursor on inactive InputConnection
I/LatinIme( 3042): onDeactivate()
I/ClearcutLoggerManager( 3042): onFinishInput()
W/IInputConnectionWrapper( 9675): finishComposingText on inactive InputConnection
I/ClearcutLoggerManager( 3042): onStartInput()
I/LatinIme( 3042): initialize() : Language = en-US
I/LatinIme( 3042): onActivate() : EditorInfo = Package = com.careerbuilder.SugarDrone : Type = Text : Learning = Disable : Suggestion = Show : AutoCorrection = Disable : Microphone = Show
W/InputConnectionWrapper( 3042): Fixing selection indices to 0, 0
I/System.out( 9675): result:{"bonusInformation":[],"message":"","success":true}
I/System.out( 9675): URI: /
I/System.out( 9675): params: {json={"command":"keyboard_enter_text","arguments":["places"]}
I/System.out( 9675): }
I/System.out( 9675): header: {content-type=application/json; charset=utf-8, connection=close, host=devicehost18.prod, x-session-token=token-token-66a91bda-adf8-40d9-945b-89884b7ce52d, content-length=56, x-forwarded-for=10.222.150.26}
I/System.out( 9675): params: {json={"command":"keyboard_enter_text","arguments":["places"]}
I/System.out( 9675): }
I/System.out( 9675): ProP json = {"command":"keyboard_enter_text","arguments":["places"]}
I/System.out( 9675): files: {}
I/System.out( 9675): command: {"command":"keyboard_enter_text","arguments":["places"]}
I/InstrumentationBackend( 9675): Got command:'Command:'Line:null,keyboard_enter_text', arguments:'[places]'
E/SpannableStringBuilder( 9675): SPAN_EXCLUSIVE_EXCLUSIVE spans cannot have a zero length
E/SpannableStringBuilder( 9675): SPAN_EXCLUSIVE_EXCLUSIVE spans cannot have a zero length
I/mono-stdout( 9675): uri is: https://api.careerbuilder.com/core/matrixsearch/searchapi/autocomplete/autocomplete/us_location?phrase=pl&DeveloperKey=WDHR8FC6P2JZ1Y61KLM5
I/mono-stdout( 9675): uri is: https://api.careerbuilder.com/core/matrixsearch/searchapi/autocomplete/autocomplete/us_location?phrase=plac&DeveloperKey=WDHR8FC6P2JZ1Y61KLM5
I/mono-stdout( 9675): uri is: https://api.careerbuilder.com/core/matrixsearch/searchapi/autocomplete/autocomplete/us_location?phrase=place&DeveloperKey=WDHR8FC6P2JZ1Y61KLM5
I/mono-stdout( 9675): making api call to: /core/matrixsearch/searchapi/autocomplete/autocomplete/us_location?phrase=pl&DeveloperKey=WDHR8FC6P2JZ1Y61KLM5
I/mono-stdout( 9675): uri is: https://api.careerbuilder.com/core/matrixsearch/searchapi/autocomplete/autocomplete/us_location?phrase=places&DeveloperKey=WDHR8FC6P2JZ1Y61KLM5
E/SpannableStringBuilder( 9675): SPAN_EXCLUSIVE_EXCLUSIVE spans cannot have a zero length
E/SpannableStringBuilder( 9675): SPAN_EXCLUSIVE_EXCLUSIVE spans cannot have a zero length
I/mono-stdout( 9675): making api call to: /core/matrixsearch/searchapi/autocomplete/autocomplete/us_location?phrase=plac&DeveloperKey=WDHR8FC6P2JZ1Y61KLM5
I/mono-stdout( 9675): uri is: https://api.careerbuilder.com/core/matrixsearch/searchapi/autocomplete/autocomplete/us_location?phrase=pla&DeveloperKey=WDHR8FC6P2JZ1Y61KLM5
I/mono-stdout( 9675): making api call to: /core/matrixsearch/searchapi/autocomplete/autocomplete/us_location?phrase=places&DeveloperKey=WDHR8FC6P2JZ1Y61KLM5
I/mono-stdout( 9675): making api call to: /core/matrixsearch/searchapi/autocomplete/autocomplete/us_location?phrase=pla&DeveloperKey=WDHR8FC6P2JZ1Y61KLM5
I/mono-stdout( 9675): making api call to: /core/matrixsearch/searchapi/autocomplete/autocomplete/us_location?phrase=place&DeveloperKey=WDHR8FC6P2JZ1Y61KLM5
I/System.out( 9675): result:{"bonusInformation":[],"message":"","success":true}
I/System.out( 9675): URI: /map
I/System.out( 9675): params: {json={"query":"* marked:'basicSearchButton'","operation":{"method_name":"query","arguments":[]}}
I/System.out( 9675): }
W/ResourceType( 9675): No known package when getting name for resource number 0xffffffff
W/ResourceType( 9675): No known package when getting name for resource number 0xffffffff
W/ResourceType( 9675): No known package when getting name for resource number 0xffffffff
W/ResourceType( 9675): No known package when getting name for resource number 0xffffffff
W/ResourceType( 9675): No known package when getting name for resource number 0xffffffff
W/ResourceType( 9675): No known package when getting name for resource number 0xffffffff
W/ResourceType( 9675): No known package when getting name for resource number 0xffffffff
W/ResourceType( 9675): No known package when getting name for resource number 0xffffffff
W/ResourceType( 9675): No known package when getting name for resource number 0xffffffff
W/ResourceType( 9675): No known package when getting name for resource number 0xffffffff
W/ResourceType( 9675): No known package when getting name for resource number 0xffffffff
W/ResourceType( 9675): No known package when getting name for resource number 0xffffffff
W/ResourceType( 9675): No known package when getting name for resource number 0xffffffff
W/ResourceType( 9675): No known package when getting name for resource number 0xffffffff
W/ResourceType( 9675): No known package when getting name for resource number 0xffffffff
W/ResourceType( 9675): No known package when getting name for resource number 0xffffffff
W/ResourceType( 9675): No known package when getting name for resource number 0xffffffff
W/ResourceType( 9675): No known package when getting name for resource number 0xffffffff
W/ResourceType( 9675): No known package when getting name for resource number 0xffffffff
W/ResourceType( 9675): No known package when getting name for resource number 0xffffffff
W/ResourceType( 9675): No known package when getting name for resource number 0xffffffff
W/ResourceType( 9675): No known package when getting name for resource number 0xffffffff
W/ResourceType( 9675): No known package when getting name for resource number 0xffffffff
W/ResourceType( 9675): No known package when getting name for resource number 0xffffffff
W/ResourceType( 9675): No known package when getting name for resource number 0xffffffff
W/ResourceType( 9675): No known package when getting name for resource number 0xffffffff
W/ResourceType( 9675): No known package when getting name for resource number 0xffffffff
W/ResourceType( 9675): No known package when getting name for resource number 0xffffffff
W/ResourceType( 9675): No known package when getting name for resource number 0xffffffff
W/ResourceType( 9675): No known package when getting name for resource number 0xffffffff
W/ResourceType( 9675): No known package when getting name for resource number 0xffffffff
W/ResourceType( 9675): No known package when getting name for resource number 0xffffffff
W/ResourceType( 9675): No known package when getting name for resource number 0xffffffff
W/ResourceType( 9675): No known package when getting name for resource number 0xffffffff
W/ResourceType( 9675): No known package when getting name for resource number 0xffffffff
W/ResourceType( 9675): No known package when getting name for resource number 0xffffffff
W/ResourceType( 9675): No known package when getting name for resource number 0xffffffff
W/ResourceType( 9675): No known package when getting name for resource number 0xffffffff
W/ResourceType( 9675): No known package when getting name for resource number 0xffffffff
W/ResourceType( 9675): No known package when getting name for resource number 0xffffffff
W/ResourceType( 9675): No known package when getting name for resource number 0xffffffff
W/ResourceType( 9675): No known package when getting name for resource number 0xffffffff
W/ResourceType( 9675): No known package when getting name for resource number 0xffffffff
W/ResourceType( 9675): No known package when getting name for resource number 0xffffffff
W/ResourceType( 9675): No known package when getting name for resource number 0xffffffff
W/ResourceType( 9675): No known package when getting name for resource number 0xffffffff
W/ResourceType( 9675): No known package when getting name for resource number 0xffffffff
W/ResourceType( 9675): No known package when getting name for resource number 0xffffffff
W/ResourceType( 9675): No known package when getting name for resource number 0xffffffff
W/ResourceType( 9675): No known package when getting name for resource number 0xffffffff
W/ResourceType( 9675): No known package when getting name for resource number 0xffffffff
W/ResourceType( 9675): No known package when getting name for resource number 0xffffffff
W/ResourceType( 9675): No known package when getting name for resource number 0xffffffff
W/ResourceType( 9675): No known package when getting name for resource number 0xffffffff
W/ResourceType( 9675): No known package when getting name for resource number 0xffffffff
I/mono-stdout( 9675): done making call to: /core/matrixsearch/searchapi/autocomplete/autocomplete/us_location?phrase=pl&DeveloperKey=WDHR8FC6P2JZ1Y61KLM5
W/ResourceType( 9675): No known package when getting name for resource number 0xffffffff
D/Mono    ( 9675): [0xc8efa920] hill climbing, change max number of threads 6
I/mono-stdout( 9675): done making call to: /core/matrixsearch/searchapi/autocomplete/autocomplete/us_location?phrase=plac&DeveloperKey=WDHR8FC6P2JZ1Y61KLM5
I/mono-stdout( 9675): done making call to: /core/matrixsearch/searchapi/autocomplete/autocomplete/us_location?phrase=places&DeveloperKey=WDHR8FC6P2JZ1Y61KLM5
I/mono-stdout( 9675): done making call to: /core/matrixsearch/searchapi/autocomplete/autocomplete/us_location?phrase=pla&DeveloperKey=WDHR8FC6P2JZ1Y61KLM5
I/mono-stdout( 9675): done making call to: /core/matrixsearch/searchapi/autocomplete/autocomplete/us_location?phrase=place&DeveloperKey=WDHR8FC6P2JZ1Y61KLM5
W/ResourceType( 9675): No known package when getting name for resource number 0xffffffff
W/ResourceType( 9675): No known package when getting name for resource number 0xffffffff
W/ResourceType( 9675): No known package when getting name for resource number 0xffffffff
W/ResourceType( 9675): No known package when getting name for resource number 0xffffffff
W/ResourceType( 9675): No known package when getting name for resource number 0xffffffff
W/ResourceType( 9675): No known package when getting name for resource number 0xffffffff
W/ResourceType( 9675): No known package when getting name for resource number 0xffffffff
W/ResourceType( 9675): No known package when getting name for resource number 0xffffffff
W/ResourceType( 9675): No known package when getting name for resource number 0xffffffff
I/System.out( 9675): URI: /map
I/System.out( 9675): params: {json={"query":"* marked:'basicSearchButton'","operation":{"method_name":"query","arguments":[]}}
I/System.out( 9675): }
W/ResourceType( 9675): No known package when getting name for resource number 0xffffffff
W/ResourceType( 9675): No known package when getting name for resource number 0xffffffff
W/ResourceType( 9675): No known package when getting name for resource number 0xffffffff
W/ResourceType( 9675): No known package when getting name for resource number 0xffffffff
W/ResourceType( 9675): No known package when getting name for resource number 0xffffffff
W/ResourceType( 9675): No known package when getting name for resource number 0xffffffff
W/ResourceType( 9675): No known package when getting name for resource number 0xffffffff
W/ResourceType( 9675): No known package when getting name for resource number 0xffffffff
W/ResourceType( 9675): No known package when getting name for resource number 0xffffffff
W/ResourceType( 9675): No known package when getting name for resource number 0xffffffff
W/ResourceType( 9675): No known package when getting name for resource number 0xffffffff
W/ResourceType( 9675): No known package when getting name for resource number 0xffffffff
W/ResourceType( 9675): No known package when getting name for resource number 0xffffffff
W/ResourceType( 9675): No known package when getting name for resource number 0xffffffff
W/ResourceType( 9675): No known package when getting name for resource number 0xffffffff
W/ResourceType( 9675): No known package when getting name for resource number 0xffffffff
W/ResourceType( 9675): No known package when getting name for resource number 0xffffffff
W/ResourceType( 9675): No known package when getting name for resource number 0xffffffff
W/ResourceType( 9675): No known package when getting name for resource number 0xffffffff
W/ResourceType( 9675): No known package when getting name for resource number 0xffffffff
W/ResourceType( 9675): No known package when getting name for resource number 0xffffffff
W/ResourceType( 9675): No known package when getting name for resource number 0xffffffff
W/ResourceType( 9675): No known package when getting name for resource number 0xffffffff
W/ResourceType( 9675): No known package when getting name for resource number 0xffffffff
W/ResourceType( 9675): No known package when getting name for resource number 0xffffffff
W/ResourceType( 9675): No known package when getting name for resource number 0xffffffff
W/ResourceType( 9675): No known package when getting name for resource number 0xffffffff
W/ResourceType( 9675): No known package when getting name for resource number 0xffffffff
W/ResourceType( 9675): No known package when getting name for resource number 0xffffffff
W/ResourceType( 9675): No known package when getting name for resource number 0xffffffff
W/ResourceType( 9675): No known package when getting name for resource number 0xffffffff
W/ResourceType( 9675): No known package when getting name for resource number 0xffffffff
W/ResourceType( 9675): No known package when getting name for resource number 0xffffffff
W/ResourceType( 9675): No known package when getting name for resource number 0xffffffff
W/ResourceType( 9675): No known package when getting name for resource number 0xffffffff
W/ResourceType( 9675): No known package when getting name for resource number 0xffffffff
W/ResourceType( 9675): No known package when getting name for resource number 0xffffffff
W/ResourceType( 9675): No known package when getting name for resource number 0xffffffff
W/ResourceType( 9675): No known package when getting name for resource number 0xffffffff
W/ResourceType( 9675): No known package when getting name for resource number 0xffffffff
W/ResourceType( 9675): No known package when getting name for resource number 0xffffffff
W/ResourceType( 9675): No known package when getting name for resource number 0xffffffff
W/ResourceType( 9675): No known package when getting name for resource number 0xffffffff
I/art     ( 9675): Starting a blocking GC Explicit
W/ResourceType( 9675): No known package when getting name for resource number 0xffffffff
W/ResourceType( 9675): No known package when getting name for resource number 0xffffffff
W/ResourceType( 9675): No known package when getting name for resource number 0xffffffff
W/ResourceType( 9675): No known package when getting name for resource number 0xffffffff
W/ResourceType( 9675): No known package when getting name for resource number 0xffffffff
W/ResourceType( 9675): No known package when getting name for resource number 0xffffffff
W/ResourceType( 9675): No known package when getting name for resource number 0xffffffff
W/ResourceType( 9675): No known package when getting name for resource number 0xffffffff
I/art     ( 9675): Explicit concurrent mark sweep GC freed 40386(1530KB) AllocSpace objects, 6(120KB) LOS objects, 40% free, 12MB/20MB, paused 1.036ms total 62.365ms
W/ResourceType( 9675): No known package when getting name for resource number 0xffffffff
W/ResourceType( 9675): No known package when getting name for resource number 0xffffffff
W/ResourceType( 9675): No known package when getting name for resource number 0xffffffff
W/ResourceType( 9675): No known package when getting name for resource number 0xffffffff
W/ResourceType( 9675): No known package when getting name for resource number 0xffffffff
W/ResourceType( 9675): No known package when getting name for resource number 0xffffffff
W/ResourceType( 9675): No known package when getting name for resource number 0xffffffff
W/ResourceType( 9675): No known package when getting name for resource number 0xffffffff
W/ResourceType( 9675): No known package when getting name for resource number 0xffffffff
W/ResourceType( 9675): No known package when getting name for resource number 0xffffffff
W/ResourceType( 9675): No known package when getting name for resource number 0xffffffff
W/ResourceType( 9675): No known package when getting name for resource number 0xffffffff
W/ResourceType( 9675): No known package when getting name for resource number 0xffffffff
W/ResourceType( 9675): No known package when getting name for resource number 0xffffffff
I/System.out( 9675): URI: /
I/System.out( 9675): params: {json={"command":"touch_coordinate","arguments":[964.0,126.0]}
I/System.out( 9675): }
I/System.out( 9675): header: {content-type=application/json; charset=utf-8, connection=close, host=devicehost18.prod, x-session-token=token-token-66a91bda-adf8-40d9-945b-89884b7ce52d, content-length=56, x-forwarded-for=10.222.150.26}
I/System.out( 9675): params: {json={"command":"touch_coordinate","arguments":[964.0,126.0]}
I/System.out( 9675): }
I/System.out( 9675): ProP json = {"command":"touch_coordinate","arguments":[964.0,126.0]}
I/System.out( 9675): files: {}
I/System.out( 9675): command: {"command":"touch_coordinate","arguments":[964.0,126.0]}
I/InstrumentationBackend( 9675): Got command:'Command:'Line:null,touch_coordinate', arguments:'[964.0, 126.0]'
I/AppsFlyer_3.01( 9675): AsendTrackingWithEvent from activity: md537fd6201b6818e2e180d2f7606e21a83.MainApplication
I/AppsFlyer_3.01-679957835( 9675): ******* sendTrackingWithEvent: Search
E/ActivityThread( 9675): Failed to find provider info for com.facebook.katana.provider.AttributionIdProvider
I/AppsFlyer_3.01( 9675): WARNING:READ_PHONE_STATE is missing
I/mono-stdout( 9675): uri is: https://api.careerbuilder.com/consumer/jobs/search/?Keywords=Ninja&Location=places&UseFacets=true&PageNumber=1&ExcludeNational=true&DeveloperKey=WDHR8FC6P2JZ1Y61KLM5
I/mono-stdout( 9675): making api call to: /consumer/jobs/search/?Keywords=Ninja&Location=places&UseFacets=true&PageNumber=1&ExcludeNational=true&DeveloperKey=WDHR8FC6P2JZ1Y61KLM5
I/System.out( 9675): result:{"bonusInformation":[],"message":"","success":true}
E/RecyclerView( 9675): No adapter attached; skipping layout
I/AppsFlyer_3.01( 9675): AppsFlyer: first launch date: 2017-03-16_0458-1100
I/System.out( 9675): AppsFlyerLib.sendTrackingWithEvent
I/AppsFlyer_3.01-679957835( 9675): url: https://t.appsflyer.com/api/v3/androidevent?buildnumber=3.01&app_id=com.careerbuilder.SugarDrone
I/AppsFlyer_( 9675): data: device=bullhead&firstLaunchDate=2017-03-16_0458-1100&installDate=2017-03-16_0458-1100&sdk=24&carrier=&date1=2017-03-16_0458-1100&af_preinstalled=false&advertiserIdEnabled=true&iaecounter=1&appsflyerKey=WV****************HFK5&lang_code=en&app_version_name=3.1.7&lang=English&timepassedsincelastlaunch=25&eventName=Search&dkh=WVGo7sxf&android_id=cd11a47ee8c8d75&advertiserId=535e2d5f-be2f-411f-b2d8-cbfcde0bafe6&deviceType=user&af_v=b4172c4053c9558df578079929e2a1efae0a9aa0&app_version_code=30011&eventValue=Searched%3A+Ninja+in+places&network=WIFI&platformextension=android_native&operator=2TELL&country=US&date2=2017-03-16_0458-1100&brand=google&af_timestamp=1489679957835&uid=1489679897219-3655721581920907224&isFirstCall=false&counter=2&product=bullhead&model=Nexus+5X
I/LatinIme( 3042): abortComposing()
W/IInputConnectionWrapper( 9675): finishComposingText on inactive InputConnection
W/IInputConnectionWrapper( 9675): beginBatchEdit on inactive InputConnection
W/IInputConnectionWrapper( 9675): getSelectedText on inactive InputConnection
W/IInputConnectionWrapper( 9675): endBatchEdit on inactive InputConnection
W/IInputConnectionWrapper( 9675): getTextBeforeCursor on inactive InputConnection
W/IInputConnectionWrapper( 9675): getTextAfterCursor on inactive InputConnection
I/LatinIme( 3042): onDeactivate()
I/ClearcutLoggerManager( 3042): onFinishInput()
W/IInputConnectionWrapper( 9675): finishComposingText on inactive InputConnection
W/InputMethodService( 3042): Window size has been changed. This may cause jankiness of resizing window: -1 -> -2
W/IInputConnectionWrapper( 9675): finishComposingText on inactive InputConnection
E/RecyclerView( 9675): No adapter attached; skipping layout
I/WindowManager(  887): Destroying surface Surface(name=com.careerbuilder.SugarDrone/md5a4824aa66c0dc4d104077b72c1916a44.MasterNavActivity) called by com.android.server.wm.WindowStateAnimator.destroySurface:2014 com.android.server.wm.WindowStateAnimator.destroySurfaceLocked:881 com.android.server.wm.WindowState.destroyOrSaveSurface:2073 com.android.server.wm.AppWindowToken.destroySurfaces:363 com.android.server.wm.WindowStateAnimator.finishExit:565 com.android.server.wm.WindowStateAnimator.stepAnimationLocked:491 com.android.server.wm.WindowAnimator.updateWindowsLocked:303 com.android.server.wm.WindowAnimator.animateLocked:704 
I/System.out( 9675): URI: /map
I/System.out( 9675): params: {json={"query":"* marked:'toolBarTitleTop'","operation":{"method_name":"query","arguments":[]}}
I/System.out( 9675): }
I/art     ( 9675): Do partial code cache collection, code=90KB, data=117KB
I/art     ( 9675): After code cache collection, code=89KB, data=117KB
I/art     ( 9675): Increasing code cache capacity to 512KB
I/WindowManager(  887): Destroying surface Surface(name=InputMethod) called by com.android.server.wm.WindowStateAnimator.destroySurface:2014 com.android.server.wm.WindowStateAnimator.destroySurfaceLocked:881 com.android.server.wm.WindowState.destroyOrSaveSurface:2073 com.android.server.wm.WindowSurfacePlacer.performSurfacePlacementInner:429 com.android.server.wm.WindowSurfacePlacer.performSurfacePlacementLoop:232 com.android.server.wm.WindowSurfacePlacer.performSurfacePlacement:180 com.android.server.wm.WindowManagerService$H.handleMessage:8079 android.os.Handler.dispatchMessage:102 
W/ResourceType( 9675): No known package when getting name for resource number 0xffffffff
W/ResourceType( 9675): No known package when getting name for resource number 0xffffffff
W/ResourceType( 9675): No known package when getting name for resource number 0xffffffff
W/ResourceType( 9675): No known package when getting name for resource number 0xffffffff
W/ResourceType( 9675): No known package when getting name for resource number 0xffffffff
W/ResourceType( 9675): No known package when getting name for resource number 0xffffffff
W/ResourceType( 9675): No known package when getting name for resource number 0xffffffff
W/ResourceType( 9675): No known package when getting name for resource number 0xffffffff
W/ResourceType( 9675): No known package when getting name for resource number 0xffffffff
W/ResourceType( 9675): No known package when getting name for resource number 0xffffffff
W/ResourceType( 9675): No known package when getting name for resource number 0xffffffff
W/ResourceType( 9675): No known package when getting name for resource number 0xffffffff
W/ResourceType( 9675): No known package when getting name for resource number 0xffffffff
W/ResourceType( 9675): No known package when getting name for resource number 0xffffffff
W/ResourceType( 9675): No known package when getting name for resource number 0xffffffff
W/ResourceType( 9675): No known package when getting name for resource number 0xffffffff
W/ResourceType( 9675): No known package when getting name for resource number 0xffffffff
W/ResourceType( 9675): No known package when getting name for resource number 0xffffffff
W/ResourceType( 9675): No known package when getting name for resource number 0xffffffff
W/ResourceType( 9675): No known package when getting name for resource number 0xffffffff
W/ResourceType( 9675): No known package when getting name for resource number 0xffffffff
W/ResourceType( 9675): No known package when getting name for resource number 0xffffffff
W/ResourceType( 9675): No known package when getting name for resource number 0xffffffff
W/ResourceType( 9675): No known package when getting name for resource number 0xffffffff
W/ResourceType( 9675): No known package when getting name for resource number 0xffffffff
W/ResourceType( 9675): No known package when getting name for resource number 0xffffffff
W/ResourceType( 9675): No known package when getting name for resource number 0xffffffff
I/AppsFlyer_3.01-679957835( 9675): response code: 200
W/ResourceType( 9675): No known package when getting name for resource number 0xffffffff
W/ResourceType( 9675): No known package when getting name for resource number 0xffffffff
I/mono-stdout( 9675): done making call to: /consumer/jobs/search/?Keywords=Ninja&Location=places&UseFacets=true&PageNumber=1&ExcludeNational=true&DeveloperKey=WDHR8FC6P2JZ1Y61KLM5
I/mono-stdout( 9675): uri is: https://api.careerbuilder.com/consumer/saved-jobs/?DeveloperKey=WDHR8FC6P2JZ1Y61KLM5
I/mono-stdout( 9675): making api call to: /consumer/saved-jobs/?DeveloperKey=WDHR8FC6P2JZ1Y61KLM5
I/mono-stdout( 9675): Method: GET, RequestUri: 'https://api.careerbuilder.com/consumer/saved-jobs/?DeveloperKey=WDHR8FC6P2JZ1Y61KLM5', Version: 1.1, Content: <null>, Headers:
I/mono-stdout( 9675): {
I/mono-stdout( 9675): DeveloperKey: WDHR8FC6P2JZ1Y61KLM5
I/mono-stdout( 9675): Accept: application/json
I/mono-stdout( 9675): Authorization: Bearer test
W/ResourceType( 9675): No known package when getting name for resource number 0xffffffff
I/mono-stdout( 9675): HostSite: US
I/mono-stdout( 9675): }
I/mono-stdout( 9675): Current State = 1,2,6,7
I/mono-stdout( 9675): applied jobs = 6
I/mono-stdout( 9675): expired jobs = 7
I/mono-stdout( 9675): saved jobs = Saved,Saved,Applied,Saved
W/ResourceType( 9675): No known package when getting name for resource number 0xffffffff
W/ResourceType( 9675): No known package when getting name for resource number 0xffffffff
W/ResourceType( 9675): No known package when getting name for resource number 0xffffffff
W/ResourceType( 9675): No known package when getting name for resource number 0xffffffff
W/ResourceType( 9675): No known package when getting name for resource number 0xffffffff
W/ResourceType( 9675): No known package when getting name for resource number 0xffffffff
W/ResourceType( 9675): No known package when getting name for resource number 0xffffffff
W/ResourceType( 9675): No known package when getting name for resource number 0xffffffff
W/ResourceType( 9675): No known package when getting name for resource number 0xffffffff
W/ResourceType( 9675): No known package when getting name for resource number 0xffffffff
W/ResourceType( 9675): No known package when getting name for resource number 0xffffffff
W/ResourceType( 9675): No known package when getting name for resource number 0xffffffff
W/ResourceType( 9675): No known package when getting name for resource number 0xffffffff
W/ResourceType( 9675): No known package when getting name for resource number 0xffffffff
W/ResourceType( 9675): No known package when getting name for resource number 0xffffffff
W/ResourceType( 9675): No known package when getting name for resource number 0xffffffff
I/System.out( 9675): URI: /map
I/System.out( 9675): params: {json={"query":"* marked:'toolBarTitleTop'","operation":{"method_name":"query","arguments":[]}}
I/System.out( 9675): }
W/ResourceType( 9675): No known package when getting name for resource number 0xffffffff
W/ResourceType( 9675): No known package when getting name for resource number 0xffffffff
W/ResourceType( 9675): No known package when getting name for resource number 0xffffffff
W/ResourceType( 9675): No known package when getting name for resource number 0xffffffff
W/ResourceType( 9675): No known package when getting name for resource number 0xffffffff
W/ResourceType( 9675): No known package when getting name for resource number 0xffffffff
W/ResourceType( 9675): No known package when getting name for resource number 0xffffffff
W/ResourceType( 9675): No known package when getting name for resource number 0xffffffff
W/ResourceType( 9675): No known package when getting name for resource number 0xffffffff
W/ResourceType( 9675): No known package when getting name for resource number 0xffffffff
W/ResourceType( 9675): No known package when getting name for resource number 0xffffffff
W/ResourceType( 9675): No known package when getting name for resource number 0xffffffff
W/ResourceType( 9675): No known package when getting name for resource number 0xffffffff
W/ResourceType( 9675): No known package when getting name for resource number 0xffffffff
W/ResourceType( 9675): No known package when getting name for resource number 0xffffffff
W/ResourceType( 9675): No known package when getting name for resource number 0xffffffff
W/ResourceType( 9675): No known package when getting name for resource number 0xffffffff
W/ResourceType( 9675): No known package when getting name for resource number 0xffffffff
W/ResourceType( 9675): No known package when getting name for resource number 0xffffffff
W/ResourceType( 9675): No known package when getting name for resource number 0xffffffff
W/ResourceType( 9675): No known package when getting name for resource number 0xffffffff
W/ResourceType( 9675): No known package when getting name for resource number 0xffffffff
W/ResourceType( 9675): No known package when getting name for resource number 0xffffffff
W/ResourceType( 9675): No known package when getting name for resource number 0xffffffff
W/ResourceType( 9675): No known package when getting name for resource number 0xffffffff
I/mono-stdout( 9675): done making call to: /consumer/saved-jobs/?DeveloperKey=WDHR8FC6P2JZ1Y61KLM5
W/ResourceType( 9675): No known package when getting name for resource number 0xffffffff
W/ResourceType( 9675): No known package when getting name for resource number 0xffffffff
W/ResourceType( 9675): No known package when getting name for resource number 0xffffffff
W/ResourceType( 9675): No known package when getting name for resource number 0xffffffff
W/ResourceType( 9675): No known package when getting name for resource number 0xffffffff
W/ResourceType( 9675): No known package when getting name for resource number 0xffffffff
W/ResourceType( 9675): No known package when getting name for resource number 0xffffffff
W/ResourceType( 9675): No known package when getting name for resource number 0xffffffff
