<![CDATA[
]]><xtc-scenario name="[0-1059]CareerBuilder_Search.DroidFeatureTests.MyCBNavigationTests.TitleShowsSearchQueryIfChanged" id="[0-1059]CareerBuilder_Search.DroidFeatureTests.MyCBNavigationTests.TitleShowsSearchQueryIfChanged"><![CDATA[

]]><xtc-step name="[0-1059]CareerBuilder_Search.DroidFeatureTests.MyCBNavigationTests.TitleShowsSearchQueryIfChanged-TitleShowsSearchQueryIfChanged" id="[0-1059]CareerBuilder_Search.DroidFeatureTests.MyCBNavigationTests.TitleShowsSearchQueryIfChanged-TitleShowsSearchQueryIfChanged"><![CDATA[
D/AndroidRuntime( 7998): >>>>>> START com.android.internal.os.RuntimeInit uid 2000 <<<<<<
D/AndroidRuntime( 7998): CheckJNI is OFF
D/ICU     ( 7998): No timezone override file found: /data/misc/zoneinfo/current/icu/icu_tzdata.dat
I/Radio-JNI( 7998): register_android_hardware_Radio DONE
D/AndroidRuntime( 7998): Calling main entry com.android.commands.pm.Pm
W/MessageQueue( 7998): Handler (android.os.Handler) {bd52b52} sending message to a Handler on a dead thread
W/MessageQueue( 7998): java.lang.IllegalStateException: Handler (android.os.Handler) {bd52b52} sending message to a Handler on a dead thread
W/MessageQueue( 7998): 	at android.os.MessageQueue.enqueueMessage(MessageQueue.java:543)
W/MessageQueue( 7998): 	at android.os.Handler.enqueueMessage(Handler.java:643)
W/MessageQueue( 7998): 	at android.os.Handler.sendMessageAtTime(Handler.java:612)
W/MessageQueue( 7998): 	at android.os.Handler.sendMessageDelayed(Handler.java:582)
W/MessageQueue( 7998): 	at android.os.Handler.post(Handler.java:338)
W/MessageQueue( 7998): 	at android.os.ResultReceiver$MyResultReceiver.send(ResultReceiver.java:57)
W/MessageQueue( 7998): 	at com.android.internal.os.IResultReceiver$Stub.onTransact(IResultReceiver.java:58)
W/MessageQueue( 7998): 	at android.os.Binder.execTransact(Binder.java:565)
I/art     ( 7998): System.exit called, status: 0
I/AndroidRuntime( 7998): VM exiting with result code 0.
D/AndroidRuntime( 8135): >>>>>> START com.android.internal.os.RuntimeInit uid 2000 <<<<<<
D/AndroidRuntime( 8135): CheckJNI is OFF
D/ICU     ( 8135): No timezone override file found: /data/misc/zoneinfo/current/icu/icu_tzdata.dat
I/Radio-JNI( 8135): register_android_hardware_Radio DONE
D/AndroidRuntime( 8135): Calling main entry com.android.commands.am.Am
W/ActivityManager(  887): Invalid packageName: com.careerbuilder.SugarDrone
D/AndroidRuntime( 8135): Shutting down VM
I/ActivityManager(  887): Killing 5731:com.android.musicfx/u0a29 (adj 906): empty #17
I/ActivityManager(  887): Killing 5707:com.android.defcontainer/u0a11 (adj 906): empty #18
I/ActivityManager(  887): Killing 6855:com.google.process.gapps/u0a56 (adj 906): empty #19
I/ThermalEngine(  502): ACTION: Hotplugged OFF CPU[5]
I/ThermalEngine(  502): ACTION: Hotplugged OFF CPU[4]
D/AndroidRuntime( 8615): >>>>>> START com.android.internal.os.RuntimeInit uid 2000 <<<<<<
D/AndroidRuntime( 8615): CheckJNI is OFF
D/ICU     ( 8615): No timezone override file found: /data/misc/zoneinfo/current/icu/icu_tzdata.dat
I/Radio-JNI( 8615): register_android_hardware_Radio DONE
D/AndroidRuntime( 8615): Calling main entry com.android.commands.pm.Pm
I/        (  510): free_cache(71725114) avail 10844422144
I/ActivityManager(  887): Start proc 8666:com.android.defcontainer/u0a11 for service com.android.defcontainer/.DefaultContainerService
I/ActivityManager(  887): Start proc 8682:com.android.vending/u0a30 for broadcast com.android.vending/com.google.android.vending.verifier.PackageVerificationReceiver
W/System  ( 8682): ClassLoader referenced unknown path: /system/priv-app/Phonesky/lib/arm64
W/Finsky  ( 8682): [1] com.google.android.finsky.FinskyApp.i(1468): No account configured on this device.
W/Finsky  ( 8682): [1] com.google.android.finsky.FinskyApp.i(1468): No account configured on this device.
W/Finsky  ( 8682): [1] com.google.android.finsky.FinskyApp.i(1468): No account configured on this device.
W/Finsky  ( 8682): [1] com.google.android.finsky.FinskyApp.i(1468): No account configured on this device.
I/Finsky  ( 8682): [1] com.google.android.finsky.FinskyApp.onCreate(430): Initializing network with DFE https://android.clients.google.com/fdfe/
W/Finsky  ( 8682): [1] com.google.android.finsky.FinskyApp.i(1468): No account configured on this device.
W/Finsky  ( 8682): [1] com.google.android.finsky.FinskyApp.i(1468): No account configured on this device.
W/Finsky  ( 8682): [1] com.google.android.finsky.FinskyApp.i(1468): No account configured on this device.
W/Finsky  ( 8682): [1] com.google.android.finsky.FinskyApp.i(1468): No account configured on this device.
W/Finsky  ( 8682): [1] com.google.android.finsky.FinskyApp.i(1468): No account configured on this device.
W/Finsky  ( 8682): [1] com.google.android.finsky.FinskyApp.i(1468): No account configured on this device.
W/Finsky  ( 8682): [1] com.google.android.finsky.FinskyApp.i(1468): No account configured on this device.
W/Finsky  ( 8682): [1] com.google.android.finsky.FinskyApp.i(1468): No account configured on this device.
W/Finsky  ( 8682): [1] com.google.android.finsky.FinskyApp.i(1468): No account configured on this device.
I/Finsky  ( 8682): [1] com.google.android.finsky.services.DailyHygiene.a(171): No need to run daily hygiene.
W/Finsky  ( 8682): [1] com.google.android.finsky.FinskyApp.i(1468): No account configured on this device.
W/Settings( 8682): Setting download_manager_max_bytes_over_mobile has moved from android.provider.Settings.Secure to android.provider.Settings.Global.
W/Settings( 8682): Setting download_manager_recommended_max_bytes_over_mobile has moved from android.provider.Settings.Secure to android.provider.Settings.Global.
W/Finsky  ( 8682): [1] com.google.android.finsky.FinskyApp.i(1468): No account configured on this device.
W/Finsky  ( 8682): [1] com.google.android.finsky.FinskyApp.i(1468): No account configured on this device.
W/Finsky  ( 8682): [1] com.google.android.finsky.FinskyApp.i(1468): No account configured on this device.
W/Finsky  ( 8682): [1] com.google.android.finsky.FinskyApp.i(1468): No account configured on this device.
W/Finsky  ( 8682): [1] com.google.android.finsky.FinskyApp.i(1468): No account configured on this device.
W/Finsky  ( 8682): [1] com.google.android.finsky.FinskyApp.b(1150): No account configured on this device.
W/Finsky  ( 8682): [1] com.google.android.finsky.FinskyApp.i(1468): No account configured on this device.
I/Finsky  ( 8682): [1] com.google.android.vending.verifier.PackageVerificationReceiver.onReceive(2107): Skipping verification. Disabled by user setting
W/Finsky  ( 8682): [373] com.google.android.finsky.FinskyApp.i(1468): No account configured on this device.
I/ActivityManager(  887): Killing 5747:com.google.android.apps.docs/u0a52 (adj 906): empty #17
I/Finsky  ( 8682): [1] com.google.android.finsky.receivers.j.a(1226): Installer kick - no action, not running yet
I/Finsky  ( 8682): [1] com.google.android.finsky.c.l.a(270): result=false type=4
I/Finsky  ( 8682): [1] com.google.android.finsky.services.bc.a(1050): Restore complete with 0 success and 0 failed.
I/PackageManager.DexOptimizer(  887): Running dexopt (dex2oat) on: /data/app/vmdl1006229326.tmp/base.apk pkg=com.careerbuilder.SugarDrone isa=arm vmSafeMode=false debuggable=true target-filter=interpret-only oatDir = /data/app/vmdl1006229326.tmp/oat sharedLibraries=null
W/Finsky  ( 8682): [373] com.google.android.finsky.FinskyApp.i(1468): No account configured on this device.
I/dex2oat ( 8733): /system/bin/dex2oat --compiler-filter=interpret-only -j4 --debuggable
W/dex2oat ( 8733): Before Android 4.1, method android.graphics.PorterDuffColorFilter android.support.graphics.drawable.VectorDrawableCompat.updateTintFilter(android.graphics.PorterDuffColorFilter, android.content.res.ColorStateList, android.graphics.PorterDuff$Mode) would have incorrectly overridden the package-private method in android.graphics.drawable.Drawable
W/dex2oat ( 8733): Before Android 4.1, method int android.support.v7.widget.ListViewCompat.lookForSelectablePosition(int, boolean) would have incorrectly overridden the package-private method in android.widget.ListView
I/dex2oat ( 8733): dex2oat took 1.950s (threads: 4) arena alloc=3KB (3712B) java alloc=4MB (5069600B) native alloc=6MB (7298008B) free=2MB (2663464B)
W/PackageManager(  887): Not granting permission android.permission.MANAGE_DOCUMENTS to package com.careerbuilder.SugarDrone (protectionLevel=2 flags=0x3808be46)
W/PackageManager(  887): Not granting permission android.permission.MOUNT_UNMOUNT_FILESYSTEMS to package com.careerbuilder.SugarDrone (protectionLevel=18 flags=0x3808be46)
V/BackupManagerService(  887): restoreAtInstall pkg=com.careerbuilder.SugarDrone token=5 restoreSet=0
V/BackupManagerService(  887): Finishing install immediately
I/ActivityManager(  887): Killing 5794:com.google.android.partnersetup/u0a25 (adj 906): empty #17
I/art     (  887): Starting a blocking GC Explicit
I/art     (  887): Explicit concurrent mark sweep GC freed 108160(6MB) AllocSpace objects, 19(972KB) LOS objects, 33% free, 16MB/24MB, paused 1.640ms total 106.641ms
E/        (  510): Couldn't opendir /data/app/vmdl1006229326.tmp: No such file or directory
I/art     ( 8615): System.exit called, status: 0
I/AndroidRuntime( 8615): VM exiting with result code 0.
I/InputReader(  887): Reconfiguring input devices.  changes=0x00000010
I/ActivityManager(  887): Start proc 8781:com.android.musicfx/u0a29 for broadcast com.android.musicfx/.Compatibility$Receiver
W/ActivityManager(  887): Permission Denial: Accessing service ComponentInfo{com.google.android.music/com.google.android.music.dial.DialMediaRouteProviderService} from pid=5296, uid=10085 that is not exported from uid 10071
D/CarrierSvcBindHelper( 3260): No carrier app for: 0
D/CarrierConfigLoader( 3260): mHandler: 9 phoneId: 0
D/RegisteredNfcFServicesCache( 4169): Service unchanged, not updating
W/System  ( 8781): ClassLoader referenced unknown path: /system/priv-app/MusicFX/lib/arm64
I/Finsky  ( 8682): [1] com.google.android.finsky.utils.PermissionPolicies$PermissionPolicyService.onStartCommand(117): post-install permissions check for com.careerbuilder.SugarDrone
W/Finsky  ( 8682): [1] com.google.android.finsky.FinskyApp.i(1468): No account configured on this device.
I/ActivityManager(  887): Start proc 8802:com.google.android.apps.docs/u0a52 for broadcast com.google.android.apps.docs/.receivers.AppPackageAddRemoveReceiver
I/Finsky  ( 8682): [1] com.google.android.finsky.utils.bh.run(2302): Package state data is missing for com.careerbuilder.SugarDrone
W/Finsky  ( 8682): [1] com.google.android.finsky.FinskyApp.i(1468): No account configured on this device.
I/ActivityManager(  887): Killing 6415:com.google.android.apps.gcs/u0a17 (adj 906): empty #17
W/System  ( 8802): ClassLoader referenced unknown path: /system/app/Drive/lib/arm64
I/GAv4    ( 8802): Google Analytics 8.4.87 is starting up. To enable debug logging on a device run:
I/GAv4    ( 8802):   adb shell setprop log.tag.GAv4 DEBUG
I/GAv4    ( 8802):   adb logcat -s GAv4
W/GAv4    ( 8802): AnalyticsReceiver is not registered or is disabled. Register the receiver for reliable dispatching on non-Google Play devices. See http://goo.gl/8Rd3yj for instructions.
W/GAv4    ( 8802): CampaignTrackingReceiver is not registered, not exported or is disabled. Installation campaign tracking is not possible. See http://goo.gl/8Rd3yj for instructions.
W/GAv4    ( 8802): AnalyticsService not registered in the app manifest. Hits might not be delivered reliably. See http://goo.gl/8Rd3yj for instructions.
I/ActivityManager(  887): Killing 7392:com.google.android.gms.unstable/u0a18 (adj 906): empty #17
I/ActivityManager(  887): Start proc 8852:com.google.android.partnersetup/u0a25 for broadcast com.google.android.partnersetup/.RlzPingBroadcastReceiver
I/UpdateIcingCorporaServi( 4292): Updating corpora: APPS=com.careerbuilder.SugarDrone, CONTACTS=MAYBE
D/Wear_Controller( 4454): Received broadcast action=android.intent.action.PACKAGE_ADDED and uri=com.careerbuilder.SugarDrone
I/PeopleContactsSync( 4454): triggerPendingContactsCleanup: no accounts
W/System  ( 8852): ClassLoader referenced unknown path: /system/priv-app/GooglePartnerSetup/lib/arm64
W/art     ( 4454): Suspending all threads took: 5.083ms
I/art     ( 4454): Background sticky concurrent mark sweep GC freed 26148(2MB) AllocSpace objects, 2(40KB) LOS objects, 15% free, 13MB/15MB, paused 7.413ms total 110.422ms
W/IcingInternalCorpora( 4454): getNumBytesRead when not calculated.
D/AndroidRuntime( 8821): >>>>>> START com.android.internal.os.RuntimeInit uid 2000 <<<<<<
I/Icing   ( 4454): Usage reports 0 indexed 0 rejected 0 imm upload false
D/AndroidRuntime( 8821): CheckJNI is OFF
I/Icing   ( 4454): Usage reports 0 indexed 0 rejected 0 imm upload false
D/ICU     ( 8821): No timezone override file found: /data/misc/zoneinfo/current/icu/icu_tzdata.dat
I/Radio-JNI( 8821): register_android_hardware_Radio DONE
I/Icing   ( 4454): Usage reports 0 indexed 0 rejected 0 imm upload true
I/UpdateIcingCorporaServi( 4292): UpdateCorporaTask done [took 382 ms] updated apps [took 382 ms] 
D/AndroidRuntime( 8821): Calling main entry com.android.commands.settings.SettingsCmd
D/AndroidRuntime( 8821): Shutting down VM
D/AndroidRuntime( 8887): >>>>>> START com.android.internal.os.RuntimeInit uid 2000 <<<<<<
D/AndroidRuntime( 8887): CheckJNI is OFF
D/ICU     ( 8887): No timezone override file found: /data/misc/zoneinfo/current/icu/icu_tzdata.dat
I/Radio-JNI( 8887): register_android_hardware_Radio DONE
D/AndroidRuntime( 8887): Calling main entry com.android.commands.settings.SettingsCmd
D/AndroidRuntime( 8887): Shutting down VM
I/Icing   ( 4454): Indexing 9DCF3645595342548DD84D636A590C4D536A835D from com.google.android.googlequicksearchbox
I/Icing   ( 4454): Indexing done 9DCF3645595342548DD84D636A590C4D536A835D
I/Icing   ( 4454): Indexing A2F718106598400F6D2BFCAAC5AAD1AFFDB81829 from com.google.android.gms
I/Icing   ( 4454): Indexing done A2F718106598400F6D2BFCAAC5AAD1AFFDB81829
D/AndroidRuntime( 8917): >>>>>> START com.android.internal.os.RuntimeInit uid 2000 <<<<<<
D/AndroidRuntime( 8917): CheckJNI is OFF
D/ICU     ( 8917): No timezone override file found: /data/misc/zoneinfo/current/icu/icu_tzdata.dat
I/Radio-JNI( 8917): register_android_hardware_Radio DONE
D/AndroidRuntime( 8917): Calling main entry com.android.commands.settings.SettingsCmd
D/AndroidRuntime( 8917): Shutting down VM
D/AndroidRuntime( 8943): >>>>>> START com.android.internal.os.RuntimeInit uid 2000 <<<<<<
D/AndroidRuntime( 8943): CheckJNI is OFF
D/ICU     ( 8943): No timezone override file found: /data/misc/zoneinfo/current/icu/icu_tzdata.dat
I/Radio-JNI( 8943): register_android_hardware_Radio DONE
D/AndroidRuntime( 8943): Calling main entry com.android.commands.settings.SettingsCmd
D/AndroidRuntime( 8943): Shutting down VM
D/AndroidRuntime( 8967): >>>>>> START com.android.internal.os.RuntimeInit uid 2000 <<<<<<
D/AndroidRuntime( 8967): CheckJNI is OFF
D/ICU     ( 8967): No timezone override file found: /data/misc/zoneinfo/current/icu/icu_tzdata.dat
I/Radio-JNI( 8967): register_android_hardware_Radio DONE
D/AndroidRuntime( 8967): Calling main entry com.android.commands.settings.SettingsCmd
D/AndroidRuntime( 8967): Shutting down VM
D/AndroidRuntime( 8997): >>>>>> START com.android.internal.os.RuntimeInit uid 2000 <<<<<<
D/AndroidRuntime( 8997): CheckJNI is OFF
D/ICU     ( 8997): No timezone override file found: /data/misc/zoneinfo/current/icu/icu_tzdata.dat
I/Radio-JNI( 8997): register_android_hardware_Radio DONE
D/AndroidRuntime( 8997): Calling main entry com.android.commands.pm.Pm
W/MessageQueue( 8997): Handler (android.os.Handler) {e716e85} sending message to a Handler on a dead thread
W/MessageQueue( 8997): java.lang.IllegalStateException: Handler (android.os.Handler) {e716e85} sending message to a Handler on a dead thread
W/MessageQueue( 8997): 	at android.os.MessageQueue.enqueueMessage(MessageQueue.java:543)
W/MessageQueue( 8997): 	at android.os.Handler.enqueueMessage(Handler.java:643)
W/MessageQueue( 8997): 	at android.os.Handler.sendMessageAtTime(Handler.java:612)
W/MessageQueue( 8997): 	at android.os.Handler.sendMessageDelayed(Handler.java:582)
W/MessageQueue( 8997): 	at android.os.Handler.post(Handler.java:338)
W/MessageQueue( 8997): 	at android.os.ResultReceiver$MyResultReceiver.send(ResultReceiver.java:57)
W/MessageQueue( 8997): 	at com.android.internal.os.IResultReceiver$Stub.onTransact(IResultReceiver.java:58)
W/MessageQueue( 8997): 	at android.os.Binder.execTransact(Binder.java:565)
I/art     ( 8997): System.exit called, status: 0
I/AndroidRuntime( 8997): VM exiting with result code 0.
I/rmt_storage(  394): rmt_storage_connect_cb: clnt_h=0xc conn_h=0x7e8f62a000
I/rmt_storage(  394): rmt_storage_rw_iovec_cb: /boot/modem_fs1: clnt_h=0xc: req_h=0xc msg_id=3: R/W request received
I/rmt_storage(  394): wakelock acquired: 1, error no: 42
I/rmt_storage(  394): rmt_storage_client_thread: /boot/modem_fs1: clnt_h=0xc Unblock worker thread (th_id: 543569736784)
I/rmt_storage(  394): rmt_storage_client_thread: /boot/modem_fs1: clnt_h=0xc: req_h=0xc msg_id=3: Bytes written = 1572864
I/rmt_storage(  394): rmt_storage_client_thread: /boot/modem_fs1: clnt_h=0xc: req_h=0xc msg_id=3: Send response: res=0 err=0
I/rmt_storage(  394): rmt_storage_client_thread: /boot/modem_fs1: clnt_h=0xc About to block rmt_storage client thread (th_id: 543569736784) wakelock released: 1, error no: 22
I/rmt_storage(  394): 
I/rmt_storage(  394): rmt_storage_disconnect_cb: clnt_h=0xc conn_h=0x7e8f62a000
D/AndroidRuntime( 9053): >>>>>> START com.android.internal.os.RuntimeInit uid 2000 <<<<<<
D/AndroidRuntime( 9053): CheckJNI is OFF
D/ICU     ( 9053): No timezone override file found: /data/misc/zoneinfo/current/icu/icu_tzdata.dat
I/Radio-JNI( 9053): register_android_hardware_Radio DONE
D/AndroidRuntime( 9053): Calling main entry com.android.commands.pm.Pm
I/art     ( 9053): System.exit called, status: 0
I/AndroidRuntime( 9053): VM exiting with result code 0.
W/MessageQueue( 9053): Handler (android.os.Handler) {5b3feff} sending message to a Handler on a dead thread
W/MessageQueue( 9053): java.lang.IllegalStateException: Handler (android.os.Handler) {5b3feff} sending message to a Handler on a dead thread
W/MessageQueue( 9053): 	at android.os.MessageQueue.enqueueMessage(MessageQueue.java:543)
W/MessageQueue( 9053): 	at android.os.Handler.enqueueMessage(Handler.java:643)
W/MessageQueue( 9053): 	at android.os.Handler.sendMessageAtTime(Handler.java:612)
W/MessageQueue( 9053): 	at android.os.Handler.sendMessageDelayed(Handler.java:582)
W/MessageQueue( 9053): 	at android.os.Handler.post(Handler.java:338)
W/MessageQueue( 9053): 	at android.os.ResultReceiver$MyResultReceiver.send(ResultReceiver.java:57)
W/MessageQueue( 9053): 	at com.android.internal.os.IResultReceiver$Stub.onTransact(IResultReceiver.java:58)
W/MessageQueue( 9053): 	at android.os.Binder.execTransact(Binder.java:565)
D/AndroidRuntime( 9134): >>>>>> START com.android.internal.os.RuntimeInit uid 2000 <<<<<<
D/AndroidRuntime( 9134): CheckJNI is OFF
D/ICU     ( 9134): No timezone override file found: /data/misc/zoneinfo/current/icu/icu_tzdata.dat
I/Radio-JNI( 9134): register_android_hardware_Radio DONE
D/AndroidRuntime( 9134): Calling main entry com.android.commands.am.Am
W/ActivityManager(  887): Invalid packageName: com.careerbuilder.SugarDrone.test
D/AndroidRuntime( 9134): Shutting down VM
D/AndroidRuntime( 9166): >>>>>> START com.android.internal.os.RuntimeInit uid 2000 <<<<<<
D/AndroidRuntime( 9166): CheckJNI is OFF
D/ICU     ( 9166): No timezone override file found: /data/misc/zoneinfo/current/icu/icu_tzdata.dat
I/Radio-JNI( 9166): register_android_hardware_Radio DONE
D/AndroidRuntime( 9166): Calling main entry com.android.commands.pm.Pm
I/        (  510): free_cache(609973) avail 10832613376
I/Finsky  ( 8682): [1] com.google.android.vending.verifier.PackageVerificationReceiver.onReceive(2107): Skipping verification. Disabled by user setting
I/PackageManager.DexOptimizer(  887): Running dexopt (dex2oat) on: /data/app/vmdl76161257.tmp/base.apk pkg=com.careerbuilder.SugarDrone.test isa=arm64 vmSafeMode=false debuggable=false target-filter=interpret-only oatDir = /data/app/vmdl76161257.tmp/oat sharedLibraries=/system/framework/android.test.runner.jar:/system/framework/com.google.android.maps.jar
I/dex2oat ( 9194): /system/bin/dex2oat --compiler-filter=interpret-only -j4
I/dex2oat ( 9194): dex2oat took 691.577ms (threads: 4) arena alloc=184KB (188728B) java alloc=2MB (2271504B) native alloc=2MB (2694304B) free=2MB (2548576B)
W/PackageManager(  887): Not granting permission android.permission.ACCESS_MOCK_LOCATION to package com.careerbuilder.SugarDrone.test (protectionLevel=2 flags=0x1800be44)
V/BackupManagerService(  887): restoreAtInstall pkg=com.careerbuilder.SugarDrone.test token=6 restoreSet=0
V/BackupManagerService(  887): Finishing install immediately
I/art     (  887): Starting a blocking GC Explicit
V/JNIHelp ( 8802): Registering com/google/android/gms/org/conscrypt/NativeCrypto's 242 native methods...
D/NetworkSecurityConfig( 8802): No Network Security Config specified, using platform default
I/ProviderInstaller( 8802): Installed default security provider GmsCore_OpenSSL
I/art     (  887): Explicit concurrent mark sweep GC freed 35466(2036KB) AllocSpace objects, 6(120KB) LOS objects, 33% free, 15MB/23MB, paused 1.544ms total 104.046ms
E/        (  510): Couldn't opendir /data/app/vmdl76161257.tmp: No such file or directory
I/art     ( 9166): System.exit called, status: 0
I/AndroidRuntime( 9166): VM exiting with result code 0.
W/ActivityManager(  887): Permission Denial: Accessing service ComponentInfo{com.google.android.music/com.google.android.music.dial.DialMediaRouteProviderService} from pid=5296, uid=10085 that is not exported from uid 10071
I/InputReader(  887): Reconfiguring input devices.  changes=0x00000010
D/CarrierSvcBindHelper( 3260): No carrier app for: 0
D/RegisteredNfcFServicesCache( 4169): Service unchanged, not updating
D/CarrierConfigLoader( 3260): mHandler: 9 phoneId: 0
I/Finsky  ( 8682): [1] com.google.android.finsky.utils.PermissionPolicies$PermissionPolicyService.onStartCommand(117): post-install permissions check for com.careerbuilder.SugarDrone.test
W/Finsky  ( 8682): [1] com.google.android.finsky.FinskyApp.i(1468): No account configured on this device.
I/Finsky  ( 8682): [1] com.google.android.finsky.utils.bh.run(2302): Package state data is missing for com.careerbuilder.SugarDrone.test
W/Finsky  ( 8682): [1] com.google.android.finsky.FinskyApp.i(1468): No account configured on this device.
I/UpdateIcingCorporaServi( 4292): Updating corpora: APPS=com.careerbuilder.SugarDrone.test, CONTACTS=MAYBE
I/UpdateIcingCorporaServi( 4292): UpdateCorporaTask done [took 29 ms] updated apps [took 29 ms] 
D/Wear_Controller( 4454): Received broadcast action=android.intent.action.PACKAGE_ADDED and uri=com.careerbuilder.SugarDrone.test
I/PeopleContactsSync( 4454): triggerPendingContactsCleanup: no accounts
W/IcingInternalCorpora( 4454): getNumBytesRead when not calculated.
I/Icing   ( 4454): Usage reports 0 indexed 0 rejected 0 imm upload false
I/Icing   ( 4454): Usage reports 0 indexed 0 rejected 0 imm upload false
D/AndroidRuntime( 9237): >>>>>> START com.android.internal.os.RuntimeInit uid 2000 <<<<<<
D/AndroidRuntime( 9237): CheckJNI is OFF
D/ICU     ( 9237): No timezone override file found: /data/misc/zoneinfo/current/icu/icu_tzdata.dat
I/Radio-JNI( 9237): register_android_hardware_Radio DONE
D/AndroidRuntime( 9237): Calling main entry com.android.commands.settings.SettingsCmd
D/AndroidRuntime( 9237): Shutting down VM
I/Icing   ( 4454): Indexing A2F718106598400F6D2BFCAAC5AAD1AFFDB81829 from com.google.android.gms
I/Icing   ( 4454): Indexing done A2F718106598400F6D2BFCAAC5AAD1AFFDB81829
D/AndroidRuntime( 9270): >>>>>> START com.android.internal.os.RuntimeInit uid 2000 <<<<<<
D/AndroidRuntime( 9270): CheckJNI is OFF
D/ICU     ( 9270): No timezone override file found: /data/misc/zoneinfo/current/icu/icu_tzdata.dat
I/Radio-JNI( 9270): register_android_hardware_Radio DONE
D/AndroidRuntime( 9270): Calling main entry com.android.commands.settings.SettingsCmd
D/AndroidRuntime( 9270): Shutting down VM
D/AndroidRuntime( 9300): >>>>>> START com.android.internal.os.RuntimeInit uid 2000 <<<<<<
D/AndroidRuntime( 9300): CheckJNI is OFF
D/ICU     ( 9300): No timezone override file found: /data/misc/zoneinfo/current/icu/icu_tzdata.dat
I/Radio-JNI( 9300): register_android_hardware_Radio DONE
D/AndroidRuntime( 9300): Calling main entry com.android.commands.settings.SettingsCmd
D/AndroidRuntime( 9300): Shutting down VM
D/AndroidRuntime( 9327): >>>>>> START com.android.internal.os.RuntimeInit uid 2000 <<<<<<
D/AndroidRuntime( 9327): CheckJNI is OFF
D/ICU     ( 9327): No timezone override file found: /data/misc/zoneinfo/current/icu/icu_tzdata.dat
I/Radio-JNI( 9327): register_android_hardware_Radio DONE
D/AndroidRuntime( 9327): Calling main entry com.android.commands.settings.SettingsCmd
D/AndroidRuntime( 9327): Shutting down VM
D/AndroidRuntime( 9351): >>>>>> START com.android.internal.os.RuntimeInit uid 2000 <<<<<<
D/AndroidRuntime( 9351): CheckJNI is OFF
D/ICU     ( 9351): No timezone override file found: /data/misc/zoneinfo/current/icu/icu_tzdata.dat
I/Radio-JNI( 9351): register_android_hardware_Radio DONE
D/AndroidRuntime( 9351): Calling main entry com.android.commands.settings.SettingsCmd
D/AndroidRuntime( 9351): Shutting down VM
D/AndroidRuntime( 9383): >>>>>> START com.android.internal.os.RuntimeInit uid 2000 <<<<<<
D/AndroidRuntime( 9383): CheckJNI is OFF
D/ICU     ( 9383): No timezone override file found: /data/misc/zoneinfo/current/icu/icu_tzdata.dat
I/Radio-JNI( 9383): register_android_hardware_Radio DONE
D/AndroidRuntime( 9383): Calling main entry com.android.commands.pm.Pm
I/art     ( 9383): System.exit called, status: 0
I/AndroidRuntime( 9383): VM exiting with result code 0.
W/MessageQueue( 9383): Handler (android.os.Handler) {5a2199e} sending message to a Handler on a dead thread
W/MessageQueue( 9383): java.lang.IllegalStateException: Handler (android.os.Handler) {5a2199e} sending message to a Handler on a dead thread
W/MessageQueue( 9383): 	at android.os.MessageQueue.enqueueMessage(MessageQueue.java:543)
W/MessageQueue( 9383): 	at android.os.Handler.enqueueMessage(Handler.java:643)
W/MessageQueue( 9383): 	at android.os.Handler.sendMessageAtTime(Handler.java:612)
W/MessageQueue( 9383): 	at android.os.Handler.sendMessageDelayed(Handler.java:582)
W/MessageQueue( 9383): 	at android.os.Handler.post(Handler.java:338)
W/MessageQueue( 9383): 	at android.os.ResultReceiver$MyResultReceiver.send(ResultReceiver.java:57)
W/MessageQueue( 9383): 	at com.android.internal.os.IResultReceiver$Stub.onTransact(IResultReceiver.java:58)
W/MessageQueue( 9383): 	at android.os.Binder.execTransact(Binder.java:565)
D/AndroidRuntime( 9435): >>>>>> START com.android.internal.os.RuntimeInit uid 2000 <<<<<<
D/AndroidRuntime( 9435): CheckJNI is OFF
D/ICU     ( 9435): No timezone override file found: /data/misc/zoneinfo/current/icu/icu_tzdata.dat
I/Radio-JNI( 9435): register_android_hardware_Radio DONE
D/AndroidRuntime( 9435): Calling main entry com.android.commands.pm.Pm
W/MessageQueue( 9435): Handler (android.os.Handler) {ce4aa18} sending message to a Handler on a dead thread
W/MessageQueue( 9435): java.lang.IllegalStateException: Handler (android.os.Handler) {ce4aa18} sending message to a Handler on a dead thread
W/MessageQueue( 9435): 	at android.os.MessageQueue.enqueueMessage(MessageQueue.java:543)
W/MessageQueue( 9435): 	at android.os.Handler.enqueueMessage(Handler.java:643)
W/MessageQueue( 9435): 	at android.os.Handler.sendMessageAtTime(Handler.java:612)
W/MessageQueue( 9435): 	at android.os.Handler.sendMessageDelayed(Handler.java:582)
W/MessageQueue( 9435): 	at android.os.Handler.post(Handler.java:338)
W/MessageQueue( 9435): 	at android.os.ResultReceiver$MyResultReceiver.send(ResultReceiver.java:57)
W/MessageQueue( 9435): 	at com.android.internal.os.IResultReceiver$Stub.onTransact(IResultReceiver.java:58)
W/MessageQueue( 9435): 	at android.os.Binder.execTransact(Binder.java:565)
I/art     ( 9435): System.exit called, status: 0
I/AndroidRuntime( 9435): VM exiting with result code 0.
D/AndroidRuntime( 9508): >>>>>> START com.android.internal.os.RuntimeInit uid 2000 <<<<<<
D/AndroidRuntime( 9508): CheckJNI is OFF
D/ICU     ( 9508): No timezone override file found: /data/misc/zoneinfo/current/icu/icu_tzdata.dat
I/Radio-JNI( 9508): register_android_hardware_Radio DONE
D/AndroidRuntime( 9508): Calling main entry com.android.commands.input.Input
I/Input   ( 9508): injectKeyEvent: KeyEvent { action=ACTION_DOWN, keyCode=KEYCODE_BACK, scanCode=0, metaState=0, flags=0x0, repeatCount=0, eventTime=261931, downTime=261931, deviceId=-1, source=0x101 }
I/Input   ( 9508): injectKeyEvent: KeyEvent { action=ACTION_UP, keyCode=KEYCODE_BACK, scanCode=0, metaState=0, flags=0x0, repeatCount=0, eventTime=261931, downTime=261931, deviceId=-1, source=0x101 }
D/AndroidRuntime( 9508): Shutting down VM
D/AndroidRuntime( 9567): >>>>>> START com.android.internal.os.RuntimeInit uid 2000 <<<<<<
D/AndroidRuntime( 9567): CheckJNI is OFF
D/ICU     ( 9567): No timezone override file found: /data/misc/zoneinfo/current/icu/icu_tzdata.dat
I/Radio-JNI( 9567): register_android_hardware_Radio DONE
D/AndroidRuntime( 9567): Calling main entry com.android.commands.input.Input
I/Input   ( 9567): injectKeyEvent: KeyEvent { action=ACTION_DOWN, keyCode=KEYCODE_HOME, scanCode=0, metaState=0, flags=0x0, repeatCount=0, eventTime=263762, downTime=263762, deviceId=-1, source=0x101 }
I/Input   ( 9567): injectKeyEvent: KeyEvent { action=ACTION_UP, keyCode=KEYCODE_HOME, scanCode=0, metaState=0, flags=0x0, repeatCount=0, eventTime=263762, downTime=263762, deviceId=-1, source=0x101 }
I/ActivityManager(  887): START u0 {act=android.intent.action.MAIN cat=[android.intent.category.HOME] flg=0x10200000 cmp=com.google.android.googlequicksearchbox/com.google.android.launcher.GEL (has extras)} from uid 1000 on display 0
W/SearchService( 4292): Abort, client detached.
I/GEL     ( 4243): handleIntent(Intent { act=android.intent.action.MAIN cat=[android.intent.category.HOME] flg=0x10200000 cmp=com.google.android.googlequicksearchbox/com.google.android.launcher.GEL (has extras) })
D/AndroidRuntime( 9567): Shutting down VM
I/MicroDetector( 4292): Keeping mic open: false
I/MicrophoneInputStream( 4292): mic_close com.google.android.apps.gsa.speech.audio.ah@27a9f20
E/AudioRecord-JNI( 4292): Error -4 during AudioRecord native read
I/DeviceStateChecker( 4292): DeviceStateChecker cancelled
D/sound_trigger_platform(  506): platform_stdev_check_and_update_concurrency: concurrency active 0, tx 0, rx 0, concurrency session_allowed 1
I/SoundTriggerHwService::Module(  506): void android::SoundTriggerHwService::Module::onCallbackEvent(const sp<android::SoundTriggerHwService::CallbackEvent> &) mClient == 0
I/MicroRecognitionRunner( 4292): Detection finished
I/MicroRecognitionRunner( 4292): Stopping hotword detection.
I/MicroDetectionWorker( 4292): Micro detection mode: [mDetectionMode: [1]].
I/MicroRecognitionRunner( 4292): Starting detection.
I/MicrophoneInputStream( 4292): mic_starting com.google.android.apps.gsa.speech.audio.ah@111bffe
I/SoundTriggerHwService::Module(  506): void android::SoundTriggerHwService::Module::onCallbackEvent(const sp<android::SoundTriggerHwService::CallbackEvent> &) mClient == 0
I/AudioFlinger(  506): AudioFlinger's thread 0xe6a033c0 ready to run
I/MicrophoneInputStream( 4292): mic_started com.google.android.apps.gsa.speech.audio.ah@111bffe
E/audio_route(  506): unable to find path 'set-capture-format-default'
D/sound_trigger_platform(  506): platform_stdev_check_and_update_concurrency: concurrency active 0, tx 1, rx 0, concurrency session_allowed 0
I/MicroDetectionWorker( 4292): onReady
D/AndroidRuntime( 9609): >>>>>> START com.android.internal.os.RuntimeInit uid 2000 <<<<<<
D/AndroidRuntime( 9609): CheckJNI is OFF
D/ICU     ( 9609): No timezone override file found: /data/misc/zoneinfo/current/icu/icu_tzdata.dat
I/Radio-JNI( 9609): register_android_hardware_Radio DONE
D/AndroidRuntime( 9609): Calling main entry com.android.commands.input.Input
I/Input   ( 9609): injectKeyEvent: KeyEvent { action=ACTION_DOWN, keyCode=KEYCODE_BACK, scanCode=0, metaState=0, flags=0x0, repeatCount=0, eventTime=265176, downTime=265176, deviceId=-1, source=0x101 }
I/Input   ( 9609): injectKeyEvent: KeyEvent { action=ACTION_UP, keyCode=KEYCODE_BACK, scanCode=0, metaState=0, flags=0x0, repeatCount=0, eventTime=265176, downTime=265176, deviceId=-1, source=0x101 }
D/AndroidRuntime( 9609): Shutting down VM
D/AndroidRuntime( 9648): >>>>>> START com.android.internal.os.RuntimeInit uid 2000 <<<<<<
D/AndroidRuntime( 9648): CheckJNI is OFF
D/ICU     ( 9648): No timezone override file found: /data/misc/zoneinfo/current/icu/icu_tzdata.dat
I/Radio-JNI( 9648): register_android_hardware_Radio DONE
D/AndroidRuntime( 9648): Calling main entry com.android.commands.am.Am
I/ActivityManager(  887): Force stopping com.careerbuilder.SugarDrone appid=19746 user=0: start instr
I/ActivityManager(  887): Start proc 9675:com.careerbuilder.SugarDrone/u0a9746 for added application com.careerbuilder.SugarDrone
I/art     ( 9675): Late-enabling -Xcheck:jni
W/System  ( 9675): ClassLoader referenced unknown path: /data/app/com.careerbuilder.SugarDrone.test-1/lib/arm64
W/System  ( 9675): ClassLoader referenced unknown path: 
W/monodroid( 9675): Using override path: /data/user/0/com.careerbuilder.SugarDrone/files/.__override__
W/monodroid( 9675): Trying to load sgen from: /data/user/0/com.careerbuilder.SugarDrone/files/.__override__/libmonosgen-2.0.so
W/monodroid( 9675): Trying to load sgen from: /storage/emulated/0/Android/data/com.careerbuilder.SugarDrone/files/.__override__/libmonosgen-2.0.so
W/monodroid( 9675): Trying to load sgen from: /data/app/com.careerbuilder.SugarDrone-1/lib/arm/libmonosgen-2.0.so
D/Mono    ( 9675): Image addref mscorlib[0xde898380] -> mscorlib.dll[0xe10f7900]: 2
D/Mono    ( 9675): Prepared to set up assembly 'mscorlib' (mscorlib.dll)
D/Mono    ( 9675): AOT module 'mscorlib.dll.so' not found: dlopen failed: library "/data/app/com.careerbuilder.SugarDrone-1/lib/arm/libaot-mscorlib.dll.so" not found
D/Mono    ( 9675): AOT module '/Users/builder/data/lanes/4009/3a62f1ea/source/monodroid/builds/install/mono-armv6/lib/mono/aot-cache/arm/mscorlib.dll.so' not found: dlopen failed: library "/data/app/com.careerbuilder.SugarDrone-1/lib/arm/libaot-mscorlib.dll.so" not found
D/Mono    ( 9675): Config attempting to parse: 'mscorlib.dll.config'.
D/Mono    ( 9675): Config attempting to parse: '/Users/builder/data/lanes/4009/3a62f1ea/source/monodroid/builds/install/mono-armv6/etc/mono/assemblies/mscorlib/mscorlib.config'.
D/Mono    ( 9675): Assembly mscorlib[0xde898380] added to domain RootDomain, ref_count=1
D/Mono    ( 9675): Image addref CareerBuilder_Search.Droid[0xde8983e0] -> CareerBuilder_Search.Droid.dll[0xe10f8800]: 2
D/Mono    ( 9675): Prepared to set up assembly 'CareerBuilder_Search.Droid' (CareerBuilder_Search.Droid.dll)
D/Mono    ( 9675): Assembly CareerBuilder_Search.Droid[0xde8983e0] added to domain RootDomain, ref_count=1
D/Mono    ( 9675): AOT module 'CareerBuilder_Search.Droid.dll.so' not found: dlopen failed: library "/data/app/com.careerbuilder.SugarDrone-1/lib/arm/libaot-CareerBuilder_Search.Droid.dll.so" not found
D/Mono    ( 9675): AOT module '/Users/builder/data/lanes/4009/3a62f1ea/source/monodroid/builds/install/mono-armv6/lib/mono/aot-cache/arm/CareerBuilder_Search.Droid.dll.so' not found: dlopen failed: library "/data/app/com.careerbuilder.SugarDrone-1/lib/arm/libaot-CareerBuilder_Search.Droid.dll.so" not found
D/Mono    ( 9675): Config attempting to parse: 'CareerBuilder_Search.Droid.dll.config'.
D/Mono    ( 9675): Config attempting to parse: '/Users/builder/data/lanes/4009/3a62f1ea/source/monodroid/builds/install/mono-armv6/etc/mono/assemblies/CareerBuilder_Search.Droid/CareerBuilder_Search.Droid.config'.
D/Mono    ( 9675): Image addref AppsFlyerXamarinBindingAndroid[0xde898440] -> AppsFlyerXamarinBindingAndroid.dll[0xe10f8d00]: 2
D/Mono    ( 9675): Prepared to set up assembly 'AppsFlyerXamarinBindingAndroid' (AppsFlyerXamarinBindingAndroid.dll)
D/Mono    ( 9675): Assembly AppsFlyerXamarinBindingAndroid[0xde898440] added to domain RootDomain, ref_count=1
D/Mono    ( 9675): AOT module 'AppsFlyerXamarinBindingAndroid.dll.so' not found: dlopen failed: library "/data/app/com.careerbuilder.SugarDrone-1/lib/arm/libaot-AppsFlyerXamarinBindingAndroid.dll.so" not found
D/Mono    ( 9675): AOT module '/Users/builder/data/lanes/4009/3a62f1ea/source/monodroid/builds/install/mono-armv6/lib/mono/aot-cache/arm/AppsFlyerXamarinBindingAndroid.dll.so' not found: dlopen failed: library "/data/app/com.careerbuilder.SugarDrone-1/lib/arm/libaot-AppsFlyerXamarinBindingAndroid.dll.so" not found
D/Mono    ( 9675): Config attempting to parse: 'AppsFlyerXamarinBindingAndroid.dll.config'.
D/Mono    ( 9675): Config attempting to parse: '/Users/builder/data/lanes/4009/3a62f1ea/source/monodroid/builds/install/mono-armv6/etc/mono/assemblies/AppsFlyerXamarinBindingAndroid/AppsFlyerXamarinBindingAndroid.config'.
D/Mono    ( 9675): Image addref HockeySDK[0xde8984a0] -> HockeySDK.dll[0xe10f9200]: 2
D/Mono    ( 9675): Prepared to set up assembly 'HockeySDK' (HockeySDK.dll)
D/Mono    ( 9675): Assembly HockeySDK[0xde8984a0] added to domain RootDomain, ref_count=1
D/Mono    ( 9675): AOT module 'HockeySDK.dll.so' not found: dlopen failed: library "/data/app/com.careerbuilder.SugarDrone-1/lib/arm/libaot-HockeySDK.dll.so" not found
D/Mono    ( 9675): AOT module '/Users/builder/data/lanes/4009/3a62f1ea/source/monodroid/builds/install/mono-armv6/lib/mono/aot-cache/arm/HockeySDK.dll.so' not found: dlopen failed: library "/data/app/com.careerbuilder.SugarDrone-1/lib/arm/libaot-HockeySDK.dll.so" not found
D/Mono    ( 9675): Config attempting to parse: 'HockeySDK.dll.config'.
D/Mono    ( 9675): Config attempting to parse: '/Users/builder/data/lanes/4009/3a62f1ea/source/monodroid/builds/install/mono-armv6/etc/mono/assemblies/HockeySDK/HockeySDK.config'.
D/Mono    ( 9675): Image addref Akavache[0xde898500] -> Akavache.dll[0xe10fab00]: 2
D/Mono    ( 9675): Prepared to set up assembly 'Akavache' (Akavache.dll)
D/Mono    ( 9675): Assembly Akavache[0xde898500] added to domain RootDomain, ref_count=1
D/Mono    ( 9675): AOT module 'Akavache.dll.so' not found: dlopen failed: library "/data/app/com.careerbuilder.SugarDrone-1/lib/arm/libaot-Akavache.dll.so" not found
D/Mono    ( 9675): AOT module '/Users/builder/data/lanes/4009/3a62f1ea/source/monodroid/builds/install/mono-armv6/lib/mono/aot-cache/arm/Akavache.dll.so' not found: dlopen failed: library "/data/app/com.careerbuilder.SugarDrone-1/lib/arm/libaot-Akavache.dll.so" not found
D/Mono    ( 9675): Config attempting to parse: 'Akavache.dll.config'.
D/Mono    ( 9675): Config attempting to parse: '/Users/builder/data/lanes/4009/3a62f1ea/source/monodroid/builds/install/mono-armv6/etc/mono/assemblies/Akavache/Akavache.config'.
D/Mono    ( 9675): Image addref Akavache.Sqlite3[0xde898560] -> Akavache.Sqlite3.dll[0xde8b0000]: 2
D/Mono    ( 9675): Prepared to set up assembly 'Akavache.Sqlite3' (Akavache.Sqlite3.dll)
D/Mono    ( 9675): Assembly Akavache.Sqlite3[0xde898560] added to domain RootDomain, ref_count=1
D/Mono    ( 9675): AOT module 'Akavache.Sqlite3.dll.so' not found: dlopen failed: library "/data/app/com.careerbuilder.SugarDrone-1/lib/arm/libaot-Akavache.Sqlite3.dll.so" not found
D/Mono    ( 9675): AOT module '/Users/builder/data/lanes/4009/3a62f1ea/source/monodroid/builds/install/mono-armv6/lib/mono/aot-cache/arm/Akavache.Sqlite3.dll.so' not found: dlopen failed: library "/data/app/com.careerbuilder.SugarDrone-1/lib/arm/libaot-Akavache.Sqlite3.dll.so" not found
W/        ( 9675): Symbol file LoadedFromMemory doesn't match image Akavache.Sqlite3.dll
D/Mono    ( 9675): Config attempting to parse: 'Akavache.Sqlite3.dll.config'.
D/Mono    ( 9675): Config attempting to parse: '/Users/builder/data/lanes/4009/3a62f1ea/source/monodroid/builds/install/mono-armv6/etc/mono/assemblies/Akavache.Sqlite3/Akavache.Sqlite3.config'.
D/Mono    ( 9675): Image addref Splat[0xde8985c0] -> Splat.dll[0xde8b0500]: 2
D/Mono    ( 9675): Prepared to set up assembly 'Splat' (Splat.dll)
D/Mono    ( 9675): Assembly Splat[0xde8985c0] added to domain RootDomain, ref_count=1
D/Mono    ( 9675): AOT module 'Splat.dll.so' not found: dlopen failed: library "/data/app/com.careerbuilder.SugarDrone-1/lib/arm/libaot-Splat.dll.so" not found
D/Mono    ( 9675): AOT module '/Users/builder/data/lanes/4009/3a62f1ea/source/monodroid/builds/install/mono-armv6/lib/mono/aot-cache/arm/Splat.dll.so' not found: dlopen failed: library "/data/app/com.careerbuilder.SugarDrone-1/lib/arm/libaot-Splat.dll.so" not found
D/Mono    ( 9675): Config attempting to parse: 'Splat.dll.config'.
D/Mono    ( 9675): Config attempting to parse: '/Users/builder/data/lanes/4009/3a62f1ea/source/monodroid/builds/install/mono-armv6/etc/mono/assemblies/Splat/Splat.config'.
D/Mono    ( 9675): Image addref Microsoft.Practices.ServiceLocation[0xde898620] -> Microsoft.Practices.ServiceLocation.dll[0xde8b0a00]: 2
D/Mono    ( 9675): Prepared to set up assembly 'Microsoft.Practices.ServiceLocation' (Microsoft.Practices.ServiceLocation.dll)
D/Mono    ( 9675): Assembly Microsoft.Practices.ServiceLocation[0xde898620] added to domain RootDomain, ref_count=1
D/Mono    ( 9675): AOT module 'Microsoft.Practices.ServiceLocation.dll.so' not found: dlopen failed: library "/data/app/com.careerbuilder.SugarDrone-1/lib/arm/libaot-Microsoft.Practices.ServiceLocation.dll.so" not found
D/Mono    ( 9675): AOT module '/Users/builder/data/lanes/4009/3a62f1ea/source/monodroid/builds/install/mono-armv6/lib/mono/aot-cache/arm/Microsoft.Practices.ServiceLocation.dll.so' not found: dlopen failed: library "/data/app/com.careerbuilder.SugarDrone-1/lib/arm/libaot-Microsoft.Practices.ServiceLocation.dll.so" not found
D/Mono    ( 9675): Config attempting to parse: 'Microsoft.Practices.ServiceLocation.dll.config'.
D/Mono    ( 9675): Config attempting to parse: '/Users/builder/data/lanes/4009/3a62f1ea/source/monodroid/builds/install/mono-armv6/etc/mono/assemblies/Microsoft.Practices.ServiceLocation/Microsoft.Practices.ServiceLocation.config'.
D/Mono    ( 9675): Image addref Microsoft.Practices.Unity[0xde898680] -> Microsoft.Practices.Unity.dll[0xde8b0f00]: 2
D/Mono    ( 9675): Prepared to set up assembly 'Microsoft.Practices.Unity' (Microsoft.Practices.Unity.dll)
D/Mono    ( 9675): Assembly Microsoft.Practices.Unity[0xde898680] added to domain RootDomain, ref_count=1
D/Mono    ( 9675): AOT module 'Microsoft.Practices.Unity.dll.so' not found: dlopen failed: library "/data/app/com.careerbuilder.SugarDrone-1/lib/arm/libaot-Microsoft.Practices.Unity.dll.so" not found
D/Mono    ( 9675): AOT module '/Users/builder/data/lanes/4009/3a62f1ea/source/monodroid/builds/install/mono-armv6/lib/mono/aot-cache/arm/Microsoft.Practices.Unity.dll.so' not found: dlopen failed: library "/data/app/com.careerbuilder.SugarDrone-1/lib/arm/libaot-Microsoft.Practices.Unity.dll.so" not found
D/Mono    ( 9675): Config attempting to parse: 'Microsoft.Practices.Unity.dll.config'.
D/Mono    ( 9675): Config attempting to parse: '/Users/builder/data/lanes/4009/3a62f1ea/source/monodroid/builds/install/mono-armv6/etc/mono/assemblies/Microsoft.Practices.Unity/Microsoft.Practices.Unity.config'.
D/Mono    ( 9675): Image addref Plugin.CurrentActivity[0xde8986e0] -> Plugin.CurrentActivity.dll[0xde8b1400]: 2
D/Mono    ( 9675): Prepared to set up assembly 'Plugin.CurrentActivity' (Plugin.CurrentActivity.dll)
D/Mono    ( 9675): Assembly Plugin.CurrentActivity[0xde8986e0] added to domain RootDomain, ref_count=1
D/Mono    ( 9675): AOT module 'Plugin.CurrentActivity.dll.so' not found: dlopen failed: library "/data/app/com.careerbuilder.SugarDrone-1/lib/arm/libaot-Plugin.CurrentActivity.dll.so" not found
D/Mono    ( 9675): AOT module '/Users/builder/data/lanes/4009/3a62f1ea/source/monodroid/builds/install/mono-armv6/lib/mono/aot-cache/arm/Plugin.CurrentActivity.dll.so' not found: dlopen failed: library "/data/app/com.careerbuilder.SugarDrone-1/lib/arm/libaot-Plugin.CurrentActivity.dll.so" not found
D/Mono    ( 9675): Config attempting to parse: 'Plugin.CurrentActivity.dll.config'.
D/Mono    ( 9675): Config attempting to parse: '/Users/builder/data/lanes/4009/3a62f1ea/source/monodroid/builds/install/mono-armv6/etc/mono/assemblies/Plugin.CurrentActivity/Plugin.CurrentActivity.config'.
D/Mono    ( 9675): Image addref Plugin.Permissions[0xde898740] -> Plugin.Permissions.dll[0xde8b1900]: 2
D/Mono    ( 9675): Prepared to set up assembly 'Plugin.Permissions' (Plugin.Permissions.dll)
D/Mono    ( 9675): Assembly Plugin.Permissions[0xde898740] added to domain RootDomain, ref_count=1
D/Mono    ( 9675): AOT module 'Plugin.Permissions.dll.so' not found: dlopen failed: library "/data/app/com.careerbuilder.SugarDrone-1/lib/arm/libaot-Plugin.Permissions.dll.so" not found
D/Mono    ( 9675): AOT module '/Users/builder/data/lanes/4009/3a62f1ea/source/monodroid/builds/install/mono-armv6/lib/mono/aot-cache/arm/Plugin.Permissions.dll.so' not found: dlopen failed: library "/data/app/com.careerbuilder.SugarDrone-1/lib/arm/libaot-Plugin.Permissions.dll.so" not found
D/Mono    ( 9675): Config attempting to parse: 'Plugin.Permissions.dll.config'.
D/Mono    ( 9675): Config attempting to parse: '/Users/builder/data/lanes/4009/3a62f1ea/source/monodroid/builds/install/mono-armv6/etc/mono/assemblies/Plugin.Permissions/Plugin.Permissions.config'.
D/Mono    ( 9675): Image addref Plugin.Permissions.Abstractions[0xde8987a0] -> Plugin.Permissions.Abstractions.dll[0xde8b1e00]: 2
D/Mono    ( 9675): Prepared to set up assembly 'Plugin.Permissions.Abstractions' (Plugin.Permissions.Abstractions.dll)
D/Mono    ( 9675): Assembly Plugin.Permissions.Abstractions[0xde8987a0] added to domain RootDomain, ref_count=1
D/Mono    ( 9675): AOT module 'Plugin.Permissions.Abstractions.dll.so' not found: dlopen failed: library "/data/app/com.careerbuilder.SugarDrone-1/lib/arm/libaot-Plugin.Permissions.Abstractions.dll.so" not found
D/Mono    ( 9675): AOT module '/Users/builder/data/lanes/4009/3a62f1ea/source/monodroid/builds/install/mono-armv6/lib/mono/aot-cache/arm/Plugin.Permissions.Abstractions.dll.so' not found: dlopen failed: library "/data/app/com.careerbuilder.SugarDrone-1/lib/arm/libaot-Plugin.Permissions.Abstractions.dll.so" not found
D/Mono    ( 9675): Config attempting to parse: 'Plugin.Permissions.Abstractions.dll.config'.
D/Mono    ( 9675): Config attempting to parse: '/Users/builder/data/lanes/4009/3a62f1ea/source/monodroid/builds/install/mono-armv6/etc/mono/assemblies/Plugin.Permissions.Abstractions/Plugin.Permissions.Abstractions.config'.
D/Mono    ( 9675): Image addref Plugin.Geolocator[0xde898800] -> Plugin.Geolocator.dll[0xde8b2300]: 2
D/Mono    ( 9675): Prepared to set up assembly 'Plugin.Geolocator' (Plugin.Geolocator.dll)
D/Mono    ( 9675): Assembly Plugin.Geolocator[0xde898800] added to domain RootDomain, ref_count=1
D/Mono    ( 9675): AOT module 'Plugin.Geolocator.dll.so' not found: dlopen failed: library "/data/app/com.careerbuilder.SugarDrone-1/lib/arm/libaot-Plugin.Geolocator.dll.so" not found
D/Mono    ( 9675): AOT module '/Users/builder/data/lanes/4009/3a62f1ea/source/monodroid/builds/install/mono-armv6/lib/mono/aot-cache/arm/Plugin.Geolocator.dll.so' not found: dlopen failed: library "/data/app/com.careerbuilder.SugarDrone-1/lib/arm/libaot-Plugin.Geolocator.dll.so" not found
D/Mono    ( 9675): Config attempting to parse: 'Plugin.Geolocator.dll.config'.
D/Mono    ( 9675): Config attempting to parse: '/Users/builder/data/lanes/4009/3a62f1ea/source/monodroid/builds/install/mono-armv6/etc/mono/assemblies/Plugin.Geolocator/Plugin.Geolocator.config'.
D/Mono    ( 9675): Image addref Plugin.Geolocator.Abstractions[0xde898860] -> Plugin.Geolocator.Abstractions.dll[0xde8b2800]: 2
D/Mono    ( 9675): Prepared to set up assembly 'Plugin.Geolocator.Abstractions' (Plugin.Geolocator.Abstractions.dll)
D/Mono    ( 9675): Assembly Plugin.Geolocator.Abstractions[0xde898860] added to domain RootDomain, ref_count=1
D/Mono    ( 9675): AOT module 'Plugin.Geolocator.Abstractions.dll.so' not found: dlopen failed: library "/data/app/com.careerbuilder.SugarDrone-1/lib/arm/libaot-Plugin.Geolocator.Abstractions.dll.so" not found
D/Mono    ( 9675): AOT module '/Users/builder/data/lanes/4009/3a62f1ea/source/monodroid/builds/install/mono-armv6/lib/mono/aot-cache/arm/Plugin.Geolocator.Abstractions.dll.so' not found: dlopen failed: library "/data/app/com.careerbuilder.SugarDrone-1/lib/arm/libaot-Plugin.Geolocator.Abstractions.dll.so" not found
D/Mono    ( 9675): Config attempting to parse: 'Plugin.Geolocator.Abstractions.dll.config'.
D/Mono    ( 9675): Config attempting to parse: '/Users/builder/data/lanes/4009/3a62f1ea/source/monodroid/builds/install/mono-armv6/etc/mono/assemblies/Plugin.Geolocator.Abstractions/Plugin.Geolocator.Abstractions.config'.
D/Mono    ( 9675): Image addref Plugin.DeviceInfo[0xde8988c0] -> Plugin.DeviceInfo.dll[0xde8b2d00]: 2
D/Mono    ( 9675): Prepared to set up assembly 'Plugin.DeviceInfo' (Plugin.DeviceInfo.dll)
D/Mono    ( 9675): Assembly Plugin.DeviceInfo[0xde8988c0] added to domain RootDomain, ref_count=1
D/Mono    ( 9675): AOT module 'Plugin.DeviceInfo.dll.so' not found: dlopen failed: library "/data/app/com.careerbuilder.SugarDrone-1/lib/arm/libaot-Plugin.DeviceInfo.dll.so" not found
D/Mono    ( 9675): AOT module '/Users/builder/data/lanes/4009/3a62f1ea/source/monodroid/builds/install/mono-armv6/lib/mono/aot-cache/arm/Plugin.DeviceInfo.dll.so' not found: dlopen failed: library "/data/app/com.careerbuilder.SugarDrone-1/lib/arm/libaot-Plugin.DeviceInfo.dll.so" not found
D/Mono    ( 9675): Config attempting to parse: 'Plugin.DeviceInfo.dll.config'.
