D/Mono    ( 9675): Assembly System.Linq[0xde899760] added to domain RootDomain, ref_count=1
D/Mono    ( 9675): AOT module 'System.Linq.dll.so' not found: dlopen failed: library "/data/app/com.careerbuilder.SugarDrone-1/lib/arm/libaot-System.Linq.dll.so" not found
D/Mono    ( 9675): AOT module '/Users/builder/data/lanes/4009/3a62f1ea/source/monodroid/builds/install/mono-armv6/lib/mono/aot-cache/arm/System.Linq.dll.so' not found: dlopen failed: library "/data/app/com.careerbuilder.SugarDrone-1/lib/arm/libaot-System.Linq.dll.so" not found
D/Mono    ( 9675): Config attempting to parse: 'System.Linq.dll.config'.
D/Mono    ( 9675): Config attempting to parse: '/Users/builder/data/lanes/4009/3a62f1ea/source/monodroid/builds/install/mono-armv6/etc/mono/assemblies/System.Linq/System.Linq.config'.
D/Mono    ( 9675): Assembly Ref addref Java.Interop[0xde899340] -> System.Linq[0xde899760]: 2
D/Mono    ( 9675): Image addref System.Core[0xde8998e0] -> System.Core.dll[0xe3a4f000]: 2
D/Mono    ( 9675): Prepared to set up assembly 'System.Core' (System.Core.dll)
D/Mono    ( 9675): Assembly System.Core[0xde8998e0] added to domain RootDomain, ref_count=1
D/Mono    ( 9675): AOT module 'System.Core.dll.so' not found: dlopen failed: library "/data/app/com.careerbuilder.SugarDrone-1/lib/arm/libaot-System.Core.dll.so" not found
D/Mono    ( 9675): AOT module '/Users/builder/data/lanes/4009/3a62f1ea/source/monodroid/builds/install/mono-armv6/lib/mono/aot-cache/arm/System.Core.dll.so' not found: dlopen failed: library "/data/app/com.careerbuilder.SugarDrone-1/lib/arm/libaot-System.Core.dll.so" not found
D/Mono    ( 9675): Config attempting to parse: 'System.Core.dll.config'.
D/Mono    ( 9675): Config attempting to parse: '/Users/builder/data/lanes/4009/3a62f1ea/source/monodroid/builds/install/mono-armv6/etc/mono/assemblies/System.Core/System.Core.config'.
D/Mono    ( 9675): Assembly Ref addref System.Linq[0xde899760] -> System.Core[0xde8998e0]: 2
D/Mono    ( 9675): Assembly Ref addref System.Core[0xde8998e0] -> mscorlib[0xde898380]: 10
D/Mono    ( 9675): Image addref System.Reflection.Extensions[0xde899a00] -> System.Reflection.Extensions.dll[0xe3a50900]: 2
D/Mono    ( 9675): Prepared to set up assembly 'System.Reflection.Extensions' (System.Reflection.Extensions.dll)
D/Mono    ( 9675): Assembly System.Reflection.Extensions[0xde899a00] added to domain RootDomain, ref_count=1
D/Mono    ( 9675): AOT module 'System.Reflection.Extensions.dll.so' not found: dlopen failed: library "/data/app/com.careerbuilder.SugarDrone-1/lib/arm/libaot-System.Reflection.Extensions.dll.so" not found
D/Mono    ( 9675): AOT module '/Users/builder/data/lanes/4009/3a62f1ea/source/monodroid/builds/install/mono-armv6/lib/mono/aot-cache/arm/System.Reflection.Extensions.dll.so' not found: dlopen failed: library "/data/app/com.careerbuilder.SugarDrone-1/lib/arm/libaot-System.Reflection.Extensions.dll.so" not found
D/Mono    ( 9675): Config attempting to parse: 'System.Reflection.Extensions.dll.config'.
D/Mono    ( 9675): Config attempting to parse: '/Users/builder/data/lanes/4009/3a62f1ea/source/monodroid/builds/install/mono-armv6/etc/mono/assemblies/System.Reflection.Extensions/System.Reflection.Extensions.config'.
D/Mono    ( 9675): Assembly Ref addref Java.Interop[0xde899340] -> System.Reflection.Extensions[0xde899a00]: 2
D/Mono    ( 9675): Assembly Ref addref System.Reflection.Extensions[0xde899a00] -> mscorlib[0xde898380]: 11
D/Mono    ( 9675): Assembly Ref addref Mono.Android[0xde8992e0] -> System.Core[0xde8998e0]: 3
D/Mono    ( 9675): DllImport searching in: '__Internal' ('(null)').
D/Mono    ( 9675): Searching for 'monodroid_typemap_managed_to_java'.
D/Mono    ( 9675): Probing 'monodroid_typemap_managed_to_java'.
D/Mono    ( 9675): Found as 'monodroid_typemap_managed_to_java'.
D/Mono    ( 9675): DllImport searching in: '__Internal' ('(null)').
D/Mono    ( 9675): Searching for 'java_interop_jnienv_alloc_object'.
D/Mono    ( 9675): Probing 'java_interop_jnienv_alloc_object'.
D/Mono    ( 9675): Found as 'java_interop_jnienv_alloc_object'.
D/Mono    ( 9675): DllImport searching in: '__Internal' ('(null)').
D/Mono    ( 9675): Searching for '_monodroid_gc_wait_for_bridge_processing'.
D/Mono    ( 9675): Probing '_monodroid_gc_wait_for_bridge_processing'.
D/Mono    ( 9675): Found as '_monodroid_gc_wait_for_bridge_processing'.
D/Mono    ( 9675): DllImport searching in: '__Internal' ('(null)').
D/Mono    ( 9675): Searching for 'java_interop_jnienv_register_natives'.
D/Mono    ( 9675): Probing 'java_interop_jnienv_register_natives'.
D/Mono    ( 9675): Found as 'java_interop_jnienv_register_natives'.
D/Mono    ( 9675): DllImport searching in: '__Internal' ('(null)').
D/Mono    ( 9675): Searching for 'java_interop_jnienv_call_nonvirtual_void_method_a'.
D/Mono    ( 9675): Probing 'java_interop_jnienv_call_nonvirtual_void_method_a'.
D/Mono    ( 9675): Found as 'java_interop_jnienv_call_nonvirtual_void_method_a'.
D/Mono    ( 9675): DllImport searching in: '__Internal' ('(null)').
D/Mono    ( 9675): Searching for 'java_interop_jnienv_is_same_object'.
D/Mono    ( 9675): Probing 'java_interop_jnienv_is_same_object'.
D/Mono    ( 9675): Found as 'java_interop_jnienv_is_same_object'.
D/Mono    ( 9675): DllImport searching in: '__Internal' ('(null)').
D/Mono    ( 9675): Searching for 'java_interop_jnienv_call_static_void_method_a'.
D/Mono    ( 9675): Probing 'java_interop_jnienv_call_static_void_method_a'.
D/Mono    ( 9675): Found as 'java_interop_jnienv_call_static_void_method_a'.
D/Mono    ( 9675): Assembly Ref addref AppsFlyerXamarinBindingAndroid[0xde898440] -> mscorlib[0xde898380]: 12
D/Mono    ( 9675): Assembly Ref addref AppsFlyerXamarinBindingAndroid[0xde898440] -> Mono.Android[0xde8992e0]: 2
D/Mono    ( 9675): Assembly Ref addref HockeySDK[0xde8984a0] -> mscorlib[0xde898380]: 13
D/Mono    ( 9675): Assembly Ref addref HockeySDK[0xde8984a0] -> Mono.Android[0xde8992e0]: 3
D/Mono    ( 9675): Assembly Ref addref Xamarin.GooglePlayServices.Analytics[0xde898980] -> mscorlib[0xde898380]: 14
D/Mono    ( 9675): Assembly Ref addref Xamarin.GooglePlayServices.Analytics[0xde898980] -> Mono.Android[0xde8992e0]: 4
D/Mono    ( 9675): Assembly Ref addref Xamarin.GooglePlayServices.Base[0xde8989e0] -> mscorlib[0xde898380]: 15
D/Mono    ( 9675): Assembly Ref addref Xamarin.GooglePlayServices.Base[0xde8989e0] -> Mono.Android[0xde8992e0]: 5
D/Mono    ( 9675): Assembly Ref addref Xamarin.GooglePlayServices.Basement[0xde898a40] -> mscorlib[0xde898380]: 16
D/Mono    ( 9675): Assembly Ref addref Xamarin.GooglePlayServices.Basement[0xde898a40] -> Mono.Android[0xde8992e0]: 6
D/Mono    ( 9675): Assembly Ref addref FloatingActionButton-Xamarin[0xde898bc0] -> mscorlib[0xde898380]: 17
D/Mono    ( 9675): Assembly Ref addref FloatingActionButton-Xamarin[0xde898bc0] -> Mono.Android[0xde8992e0]: 7
D/Mono    ( 9675): Assembly Ref addref Xamarin.Android.Support.v4[0xde898c20] -> mscorlib[0xde898380]: 18
D/Mono    ( 9675): Assembly Ref addref Xamarin.Android.Support.v4[0xde898c20] -> Mono.Android[0xde8992e0]: 8
D/Mono    ( 9675): Assembly Ref addref Xamarin.Android.Support.v7.RecyclerView[0xde898c80] -> mscorlib[0xde898380]: 19
D/Mono    ( 9675): Assembly Ref addref Xamarin.Android.Support.v7.RecyclerView[0xde898c80] -> Mono.Android[0xde8992e0]: 9
D/Mono    ( 9675): Assembly Ref addref Xamarin.Android.Support.Vector.Drawable[0xde898ce0] -> mscorlib[0xde898380]: 20
D/Mono    ( 9675): Assembly Ref addref Xamarin.Android.Support.Vector.Drawable[0xde898ce0] -> Mono.Android[0xde8992e0]: 10
D/Mono    ( 9675): Assembly Ref addref Xamarin.Android.Support.Animated.Vector.Drawable[0xde898d40] -> mscorlib[0xde898380]: 21
D/Mono    ( 9675): Assembly Ref addref Xamarin.Android.Support.Animated.Vector.Drawable[0xde898d40] -> Mono.Android[0xde8992e0]: 11
D/Mono    ( 9675): Assembly Ref addref Xamarin.Android.Support.v7.AppCompat[0xde898da0] -> mscorlib[0xde898380]: 22
D/Mono    ( 9675): Assembly Ref addref Xamarin.Android.Support.v7.AppCompat[0xde898da0] -> Mono.Android[0xde8992e0]: 12
D/Mono    ( 9675): Assembly Ref addref Xamarin.Android.Support.Design[0xde898e00] -> mscorlib[0xde898380]: 23
D/Mono    ( 9675): Assembly Ref addref Xamarin.Android.Support.Design[0xde898e00] -> Mono.Android[0xde8992e0]: 13
D/Mono    ( 9675): Assembly Ref addref Xamarin.Android.Support.v7.CardView[0xde898e60] -> mscorlib[0xde898380]: 24
D/Mono    ( 9675): Assembly Ref addref Xamarin.Android.Support.v7.CardView[0xde898e60] -> Mono.Android[0xde8992e0]: 14
D/Mono    ( 9675): Assembly Ref addref FlexboxLayoutXamarinBindingAndroid[0xde8991c0] -> mscorlib[0xde898380]: 25
D/Mono    ( 9675): Assembly Ref addref FlexboxLayoutXamarinBindingAndroid[0xde8991c0] -> Mono.Android[0xde8992e0]: 15
D/Mono    ( 9675): Assembly Ref addref CareerBuilder_Search.Droid[0xde8983e0] -> Mono.Android[0xde8992e0]: 16
D/Mono    ( 9675): Assembly Ref addref CareerBuilder_Search.Droid[0xde8983e0] -> mscorlib[0xde898380]: 26
D/Mono    ( 9675): Image addref Mono.Android.Export[0xde899f40] -> Mono.Android.Export.dll[0xe3a51d00]: 2
D/Mono    ( 9675): Prepared to set up assembly 'Mono.Android.Export' (Mono.Android.Export.dll)
D/Mono    ( 9675): Assembly Mono.Android.Export[0xde899f40] added to domain RootDomain, ref_count=1
D/Mono    ( 9675): AOT module 'Mono.Android.Export.dll.so' not found: dlopen failed: library "/data/app/com.careerbuilder.SugarDrone-1/lib/arm/libaot-Mono.Android.Export.dll.so" not found
D/Mono    ( 9675): AOT module '/Users/builder/data/lanes/4009/3a62f1ea/source/monodroid/builds/install/mono-armv6/lib/mono/aot-cache/arm/Mono.Android.Export.dll.so' not found: dlopen failed: library "/data/app/com.careerbuilder.SugarDrone-1/lib/arm/libaot-Mono.Android.Export.dll.so" not found
D/Mono    ( 9675): Config attempting to parse: 'Mono.Android.Export.dll.config'.
D/Mono    ( 9675): Config attempting to parse: '/Users/builder/data/lanes/4009/3a62f1ea/source/monodroid/builds/install/mono-armv6/etc/mono/assemblies/Mono.Android.Export/Mono.Android.Export.config'.
D/Mono    ( 9675): Assembly Ref addref Mono.Android.Export[0xde899f40] -> mscorlib[0xde898380]: 27
D/Mono    ( 9675): Assembly Ref addref Mono.Android.Export[0xde899f40] -> Mono.Android[0xde8992e0]: 17
D/Mono    ( 9675): Image addref System.Xml[0xde899e80] -> System.Xml.dll[0xe3a52c00]: 2
D/Mono    ( 9675): Prepared to set up assembly 'System.Xml' (System.Xml.dll)
D/Mono    ( 9675): Assembly System.Xml[0xde899e80] added to domain RootDomain, ref_count=1
D/Mono    ( 9675): AOT module 'System.Xml.dll.so' not found: dlopen failed: library "/data/app/com.careerbuilder.SugarDrone-1/lib/arm/libaot-System.Xml.dll.so" not found
D/Mono    ( 9675): AOT module '/Users/builder/data/lanes/4009/3a62f1ea/source/monodroid/builds/install/mono-armv6/lib/mono/aot-cache/arm/System.Xml.dll.so' not found: dlopen failed: library "/data/app/com.careerbuilder.SugarDrone-1/lib/arm/libaot-System.Xml.dll.so" not found
D/Mono    ( 9675): Config attempting to parse: 'System.Xml.dll.config'.
D/Mono    ( 9675): Config attempting to parse: '/Users/builder/data/lanes/4009/3a62f1ea/source/monodroid/builds/install/mono-armv6/etc/mono/assemblies/System.Xml/System.Xml.config'.
D/Mono    ( 9675): Assembly Ref addref Mono.Android.Export[0xde899f40] -> System.Xml[0xde899e80]: 2
D/Mono    ( 9675): Assembly Ref addref System.Xml[0xde899e80] -> mscorlib[0xde898380]: 28
D/Mono    ( 9675): Assembly Ref addref Mono.Android[0xde8992e0] -> System.Xml[0xde899e80]: 3
D/Mono    ( 9675): Assembly Ref addref Mono.Android.Export[0xde899f40] -> System.Core[0xde8998e0]: 4
D/Mono    ( 9675): Image addref System.Net.Http[0xeab18560] -> System.Net.Http.dll[0xcb135900]: 2
D/Mono    ( 9675): Prepared to set up assembly 'System.Net.Http' (System.Net.Http.dll)
D/Mono    ( 9675): Assembly System.Net.Http[0xeab18560] added to domain RootDomain, ref_count=1
D/Mono    ( 9675): AOT module 'System.Net.Http.dll.so' not found: dlopen failed: library "/data/app/com.careerbuilder.SugarDrone-1/lib/arm/libaot-System.Net.Http.dll.so" not found
D/Mono    ( 9675): AOT module '/Users/builder/data/lanes/4009/3a62f1ea/source/monodroid/builds/install/mono-armv6/lib/mono/aot-cache/arm/System.Net.Http.dll.so' not found: dlopen failed: library "/data/app/com.careerbuilder.SugarDrone-1/lib/arm/libaot-System.Net.Http.dll.so" not found
D/Mono    ( 9675): Config attempting to parse: 'System.Net.Http.dll.config'.
D/Mono    ( 9675): Config attempting to parse: '/Users/builder/data/lanes/4009/3a62f1ea/source/monodroid/builds/install/mono-armv6/etc/mono/assemblies/System.Net.Http/System.Net.Http.config'.
D/Mono    ( 9675): Assembly Ref addref CareerBuilder_Search.Droid[0xde8983e0] -> System.Net.Http[0xeab18560]: 2
D/Mono    ( 9675): Assembly Ref addref System.Net.Http[0xeab18560] -> mscorlib[0xde898380]: 29
I/System.out( 9675): Calabash loaded Mono
I/calabash( 9675): Test server port: 7102
I/InstrumentationBackend( 9675): Added:'NullAction', with key:'nullAction'
I/InstrumentationBackend( 9675): Added:'GetActivityOrientation', with key:'get_activity_orientation'
I/InstrumentationBackend( 9675): Added:'SetActivityOrientation', with key:'set_activity_orientation'
I/InstrumentationBackend( 9675): Added:'DpToDevicePixel', with key:'dp_to_device_pixel'
I/InstrumentationBackend( 9675): Added:'ClickOnScreen', with key:'click_on_screen'
I/InstrumentationBackend( 9675): Added:'DoubleTapCoordinate', with key:'double_tap_coordinate'
I/InstrumentationBackend( 9675): Added:'Drag', with key:'drag'
I/InstrumentationBackend( 9675): Added:'DragCoordinates', with key:'drag_coordinates'
I/InstrumentationBackend( 9675): Added:'LongPressCoordinate', with key:'long_press_coordinate'
I/InstrumentationBackend( 9675): Added:'ResumeApplication', with key:'resume_application'
I/InstrumentationBackend( 9675): Added:'Swipe', with key:'swipe'
I/InstrumentationBackend( 9675): Added:'TouchCoordinates', with key:'touch_coordinate'
I/InstrumentationBackend( 9675): Added:'ListActions', with key:'list_actions'
I/InstrumentationBackend( 9675): Added:'SendTcp', with key:'send_tcp'
I/InstrumentationBackend( 9675): Added:'PressElement', with key:'press_l10n_element'
I/InstrumentationBackend( 9675): Added:'WaitForElement', with key:'wait_for_l10n_element'
I/InstrumentationBackend( 9675): Added:'FakeGPSLocation', with key:'set_gps_coordinates'
I/InstrumentationBackend( 9675): Added:'GetMapBounds', with key:'get_map_bounds'
I/InstrumentationBackend( 9675): Added:'GetMapCenter', with key:'get_map_center'
I/InstrumentationBackend( 9675): Added:'GetMapMarker', with key:'get_map_marker'
I/InstrumentationBackend( 9675): Added:'GetMapMarkers', with key:'get_map_markers'
I/InstrumentationBackend( 9675): Added:'GetMapZoom', with key:'get_map_zoom'
I/InstrumentationBackend( 9675): Added:'PanMapTo', with key:'pan_map_to'
I/InstrumentationBackend( 9675): Added:'SetMapCenter', with key:'set_map_center'
I/InstrumentationBackend( 9675): Added:'SetMapZoom', with key:'set_map_zoom'
I/InstrumentationBackend( 9675): Added:'TapAwayFromMarkers', with key:'tap_map_away_from_markers'
I/InstrumentationBackend( 9675): Added:'TapMapMarker', with key:'tap_map_marker_by_title'
I/InstrumentationBackend( 9675): Added:'ClearPreferences', with key:'clear_preferences'
I/InstrumentationBackend( 9675): Added:'GetPreferences', with key:'get_preferences'
I/InstrumentationBackend( 9675): Added:'SetPreferences', with key:'set_preferences'
I/InstrumentationBackend( 9675): Added:'PressKey', with key:'press_key'
I/InstrumentationBackend( 9675): Added:'DeleteSurroundingText', with key:'delete_surrounding_text'
I/InstrumentationBackend( 9675): Added:'HideSoftKeyboard', with key:'hide_soft_keyboard'
I/InstrumentationBackend( 9675): Added:'KeyboardEnterText', with key:'keyboard_enter_text'
I/InstrumentationBackend( 9675): Added:'KeyboardKeyEvent', with key:'keyboard_key_event'
I/InstrumentationBackend( 9675): Added:'PressUserActionButton', with key:'press_user_action_button'
I/InstrumentationBackend( 9675): Added:'SetComposingRegion', with key:'set_composing_region'
I/InstrumentationBackend( 9675): Added:'SetSelection', with key:'set_selection'
I/InstrumentationBackend( 9675): Added:'AndroidSDKVersion', with key:'android_sdk_version'
I/InstrumentationBackend( 9675): Added:'Version', with key:'version'
I/InstrumentationBackend( 9675): Added:'GetActivityName', with key:'get_activity_name'
I/InstrumentationBackend( 9675): Added:'IsCurrentActivityFocused', with key:'is_current_activity_focused'
I/InstrumentationBackend( 9675): Added:'ScrollToView', with key:'scroll_to_view'
I/InstrumentationBackend( 9675): Added:'ViewConfiguration', with key:'view_configuration'
I/InstrumentationBackend( 9675): Added:'DumpBodyHtml', with key:'dump_body_html'
I/InstrumentationBackend( 9675): Added:'DumpHtml', with key:'dump_html'
I/InstrumentationBackend( 9675): Added:'EnterTextByCssSelector', with key:'enter_text_by_selector'
I/InstrumentationBackend( 9675): Added:'GetLoadProgress', with key:'get_load_progress'
I/InstrumentationBackend( 9675): Added:'GetUrl', with key:'get_url'
I/InstrumentationBackend( 9675): Added:'ScrollTo', with key:'scroll_to'
I/InstrumentationBackend( 9675): Added:'SetPropertyByCssSelector', with key:'set_property_by_css_selector'
I/calabash( 9675): Instantiating http server at 7102
I/System.out( 9675): HTTP Daemon listening on: 7102
I/System.out( 9675): URI: /ready
I/System.out( 9675): params: {}
I/System.out( 9675): URI: /ready
I/System.out( 9675): params: {}
I/System.out( 9675): URI: /ping
I/System.out( 9675): params: {json={"intent":null }
I/System.out( 9675): }
I/System.out( 9675): URI: /ready
I/System.out( 9675): params: {json={"intent":null }
I/System.out( 9675): }
I/System.out( 9675): URI: /start-application
I/System.out( 9675): params: {json={"intent":null }
I/System.out( 9675): }
I/calabash( 9675): execStartActivity 4
I/ActivityManager(  887): START u0 {act=android.intent.action.MAIN cat=[android.intent.category.LAUNCHER] flg=0x10200000 cmp=com.careerbuilder.SugarDrone/md537fd6201b6818e2e180d2f7606e21a83.AppMainActivity (has extras)} from uid 19746 on display 0
W/SearchService( 4292): Abort, client detached.
I/DeviceStateChecker( 4292): DeviceStateChecker cancelled
I/MicroDetector( 4292): Keeping mic open: false
I/MicrophoneInputStream( 4292): mic_close com.google.android.apps.gsa.speech.audio.ah@111bffe
E/AudioRecord-JNI( 4292): Error -4 during AudioRecord native read
I/calabash( 9675): newActivity1
D/Mono    ( 9675): Assembly Ref addref CareerBuilder_Search.Droid[0xde8983e0] -> Xamarin.Android.Support.v7.AppCompat[0xde898da0]: 2
D/Mono    ( 9675): Assembly Ref addref Xamarin.Android.Support.v7.AppCompat[0xde898da0] -> Xamarin.Android.Support.v4[0xde898c20]: 2
D/sound_trigger_platform(  506): platform_stdev_check_and_update_concurrency: concurrency active 0, tx 0, rx 0, concurrency session_allowed 1
I/SoundTriggerHwService::Module(  506): void android::SoundTriggerHwService::Module::onCallbackEvent(const sp<android::SoundTriggerHwService::CallbackEvent> &) mClient == 0
I/MicroRecognitionRunner( 4292): Detection finished
I/MicroRecognitionRunner( 4292): Stopping hotword detection.
D/Mono    ( 9675): DllImport searching in: '__Internal' ('(null)').
D/Mono    ( 9675): Searching for 'java_interop_jnienv_get_array_length'.
D/Mono    ( 9675): Probing 'java_interop_jnienv_get_array_length'.
D/Mono    ( 9675): Found as 'java_interop_jnienv_get_array_length'.
D/Mono    ( 9675): Assembly Ref addref CareerBuilder_Search.Droid[0xde8983e0] -> CareerBuilder_Search[0xde899280]: 2
D/Mono    ( 9675): Assembly Ref addref CareerBuilder_Search.Droid[0xde8983e0] -> Xamarin.Android.Support.v4[0xde898c20]: 3
D/Mono    ( 9675): DllImport searching in: '__Internal' ('(null)').
D/Mono    ( 9675): Searching for 'java_interop_jnienv_new_string'.
D/Mono    ( 9675): Probing 'java_interop_jnienv_new_string'.
D/Mono    ( 9675): Found as 'java_interop_jnienv_new_string'.
D/Mono    ( 9675): Assembly Ref addref CareerBuilder_Search.Droid[0xde8983e0] -> Plugin.CurrentActivity[0xde8986e0]: 2
D/Mono    ( 9675): Assembly Ref addref Plugin.CurrentActivity[0xde8986e0] -> mscorlib[0xde898380]: 30
D/Mono    ( 9675): Assembly Ref addref Plugin.CurrentActivity[0xde8986e0] -> Mono.Android[0xde8992e0]: 18
D/Mono    ( 9675): [0xca7f4920] worker starting
D/Mono    ( 9675): [0xca5ff920] worker starting
D/Mono    ( 9675): Unloading image System.Runtime.dll [0xcaa05300].
D/Mono    ( 9675): Image addref System.Runtime[0xe3837300] -> System.Runtime.dll[0xe398be00]: 5
D/Mono    ( 9675): Config attempting to parse: 'System.Runtime.dll.config'.
D/Mono    ( 9675): Config attempting to parse: '/Users/builder/data/lanes/4009/3a62f1ea/source/monodroid/builds/install/mono-armv6/etc/mono/assemblies/System.Runtime/System.Runtime.config'.
D/Mono    ( 9675): Assembly Ref addref CareerBuilder_Search[0xde899280] -> System.Runtime[0xde8993a0]: 3
D/Mono    ( 9675): Assembly Ref addref CareerBuilder_Search[0xde899280] -> Plugin.DeviceInfo.Abstractions[0xde898920]: 2
D/Mono    ( 9675): Unloading image System.Runtime.dll [0xcaa05800].
D/Mono    ( 9675): Image addref System.Runtime[0xe3837300] -> System.Runtime.dll[0xe398be00]: 6
D/Mono    ( 9675): Config attempting to parse: 'System.Runtime.dll.config'.
D/Mono    ( 9675): Config attempting to parse: '/Users/builder/data/lanes/4009/3a62f1ea/source/monodroid/builds/install/mono-armv6/etc/mono/assemblies/System.Runtime/System.Runtime.config'.
D/Mono    ( 9675): Assembly Ref addref Plugin.DeviceInfo.Abstractions[0xde898920] -> System.Runtime[0xde8993a0]: 4
D/Mono    ( 9675): Assembly Ref addref CareerBuilder_Search.Droid[0xde8983e0] -> Akavache[0xde898500]: 2
D/Mono    ( 9675): Assembly Ref addref Akavache[0xde898500] -> mscorlib[0xde898380]: 31
D/Mono    ( 9675): Assembly Ref addref Akavache[0xde898500] -> System.Reactive.Interfaces[0xde898fe0]: 2
D/Mono    ( 9675): Assembly Ref addref Akavache[0xde898500] -> System.Reactive.Core[0xde898f80]: 2
D/Mono    ( 9675): Unloading image System.Runtime.dll [0xcaa05800].
D/Mono    ( 9675): Image addref System.Runtime[0xe3837300] -> System.Runtime.dll[0xe398be00]: 7
D/Mono    ( 9675): Config attempting to parse: 'System.Runtime.dll.config'.
D/Mono    ( 9675): Config attempting to parse: '/Users/builder/data/lanes/4009/3a62f1ea/source/monodroid/builds/install/mono-armv6/etc/mono/assemblies/System.Runtime/System.Runtime.config'.
D/Mono    ( 9675): Assembly Ref addref System.Reactive.Core[0xde898f80] -> System.Runtime[0xde8993a0]: 5
D/Mono    ( 9675): DllImport searching in: '__Internal' ('(null)').
D/Mono    ( 9675): Searching for 'java_interop_jnienv_call_nonvirtual_object_method_a'.
D/Mono    ( 9675): Probing 'java_interop_jnienv_call_nonvirtual_object_method_a'.
D/Mono    ( 9675): Found as 'java_interop_jnienv_call_nonvirtual_object_method_a'.
D/Mono    ( 9675): Assembly Ref addref CareerBuilder_Search.Droid[0xde8983e0] -> Microsoft.Practices.Unity[0xde898680]: 2
D/Mono    ( 9675): Unloading image System.Runtime.dll [0xcaa05800].
D/Mono    ( 9675): Image addref System.Runtime[0xe3837300] -> System.Runtime.dll[0xe398be00]: 8
D/Mono    ( 9675): Config attempting to parse: 'System.Runtime.dll.config'.
D/Mono    ( 9675): Config attempting to parse: '/Users/builder/data/lanes/4009/3a62f1ea/source/monodroid/builds/install/mono-armv6/etc/mono/assemblies/System.Runtime/System.Runtime.config'.
D/Mono    ( 9675): Assembly Ref addref Microsoft.Practices.Unity[0xde898680] -> System.Runtime[0xde8993a0]: 6
D/Mono    ( 9675): Unloading image System.Collections.dll [0xcaa05d00].
D/Mono    ( 9675): Image addref System.Collections[0xe3837300] -> System.Collections.dll[0xe398eb00]: 5
D/Mono    ( 9675): Config attempting to parse: 'System.Collections.dll.config'.
D/Mono    ( 9675): Config attempting to parse: '/Users/builder/data/lanes/4009/3a62f1ea/source/monodroid/builds/install/mono-armv6/etc/mono/assemblies/System.Collections/System.Collections.config'.
I/art     ( 9675): Starting a blocking GC Explicit
D/Mono    ( 9675): Assembly Ref addref Microsoft.Practices.Unity[0xde898680] -> System.Collections[0xde899640]: 3
D/Mono    ( 9675): Assembly Ref addref CareerBuilder_Search[0xde899280] -> Microsoft.Practices.Unity[0xde898680]: 3
D/Mono    ( 9675): Assembly Ref addref CareerBuilder_Search.Droid[0xde8983e0] -> Plugin.DeviceInfo.Abstractions[0xde898920]: 3
D/Mono    ( 9675): Unloading image System.Diagnostics.Debug.dll [0xcaa05d00].
D/Mono    ( 9675): Image addref System.Diagnostics.Debug[0xe3837300] -> System.Diagnostics.Debug.dll[0xe398dc00]: 5
D/Mono    ( 9675): Config attempting to parse: 'System.Diagnostics.Debug.dll.config'.
D/Mono    ( 9675): Config attempting to parse: '/Users/builder/data/lanes/4009/3a62f1ea/source/monodroid/builds/install/mono-armv6/etc/mono/assemblies/System.Diagnostics.Debug/System.Diagnostics.Debug.config'.
D/Mono    ( 9675): Assembly Ref addref CareerBuilder_Search[0xde899280] -> System.Diagnostics.Debug[0xde899520]: 3
D/Mono    ( 9675): Assembly Ref addref System.Diagnostics.Debug[0xde899520] -> mscorlib[0xde898380]: 32
D/Mono    ( 9675): Image addref System.Diagnostics.Tools[0xe3837300] -> System.Diagnostics.Tools.dll[0xcaa05d00]: 2
D/Mono    ( 9675): Prepared to set up assembly 'System.Diagnostics.Tools' (System.Diagnostics.Tools.dll)
D/Mono    ( 9675): Assembly System.Diagnostics.Tools[0xe3837300] added to domain RootDomain, ref_count=1
W/IInputConnectionWrapper( 4243): reportFullscreenMode on inexistent InputConnection
D/Mono    ( 9675): AOT module 'System.Diagnostics.Tools.dll.so' not found: dlopen failed: library "/data/app/com.careerbuilder.SugarDrone-1/lib/arm/libaot-System.Diagnostics.Tools.dll.so" not found
I/Adreno  ( 9675): QUALCOMM build                   : 74df444, I409c65498b
I/Adreno  ( 9675): Build Date                       : 06/22/16
I/Adreno  ( 9675): OpenGL ES Shader Compiler Version: XE031.08.00.02
I/Adreno  ( 9675): Local Branch                     : N16
I/Adreno  ( 9675): Remote Branch                    : 
I/Adreno  ( 9675): Remote Branch                    : 
I/Adreno  ( 9675): Reconstruct Branch               : 
D/Mono    ( 9675): AOT module '/Users/builder/data/lanes/4009/3a62f1ea/source/monodroid/builds/install/mono-armv6/lib/mono/aot-cache/arm/System.Diagnostics.Tools.dll.so' not found: dlopen failed: library "/data/app/com.careerbuilder.SugarDrone-1/lib/arm/libaot-System.Diagnostics.Tools.dll.so" not found
D/Mono    ( 9675): Config attempting to parse: 'System.Diagnostics.Tools.dll.config'.
D/Mono    ( 9675): Config attempting to parse: '/Users/builder/data/lanes/4009/3a62f1ea/source/monodroid/builds/install/mono-armv6/etc/mono/assemblies/System.Diagnostics.Tools/System.Diagnostics.Tools.config'.
D/Mono    ( 9675): Assembly Ref addref Microsoft.Practices.Unity[0xde898680] -> System.Diagnostics.Tools[0xe3837300]: 2
D/Mono    ( 9675): Assembly Ref addref System.Diagnostics.Tools[0xe3837300] -> mscorlib[0xde898380]: 33
D/Mono    ( 9675): Image addref System.Resources.ResourceManager[0xe3837360] -> System.Resources.ResourceManager.dll[0xcaa06200]: 2
D/Mono    ( 9675): Prepared to set up assembly 'System.Resources.ResourceManager' (System.Resources.ResourceManager.dll)
D/Mono    ( 9675): Assembly System.Resources.ResourceManager[0xe3837360] added to domain RootDomain, ref_count=1
D/Mono    ( 9675): AOT module 'System.Resources.ResourceManager.dll.so' not found: dlopen failed: library "/data/app/com.careerbuilder.SugarDrone-1/lib/arm/libaot-System.Resources.ResourceManager.dll.so" not found
D/Mono    ( 9675): AOT module '/Users/builder/data/lanes/4009/3a62f1ea/source/monodroid/builds/install/mono-armv6/lib/mono/aot-cache/arm/System.Resources.ResourceManager.dll.so' not found: dlopen failed: library "/data/app/com.careerbuilder.SugarDrone-1/lib/arm/libaot-System.Resources.ResourceManager.dll.so" not found
D/Mono    ( 9675): Config attempting to parse: 'System.Resources.ResourceManager.dll.config'.
D/Mono    ( 9675): Config attempting to parse: '/Users/builder/data/lanes/4009/3a62f1ea/source/monodroid/builds/install/mono-armv6/etc/mono/assemblies/System.Resources.ResourceManager/System.Resources.ResourceManager.config'.
D/Mono    ( 9675): Assembly Ref addref Microsoft.Practices.Unity[0xde898680] -> System.Resources.ResourceManager[0xe3837360]: 2
D/Mono    ( 9675): Assembly Ref addref System.Resources.ResourceManager[0xe3837360] -> mscorlib[0xde898380]: 34
D/Mono    ( 9675): Unloading image System.Reflection.dll [0xcaa06700].
D/Mono    ( 9675): Image addref System.Reflection[0xe38373c0] -> System.Reflection.dll[0xe398d200]: 5
D/Mono    ( 9675): Config attempting to parse: 'System.Reflection.dll.config'.
D/Mono    ( 9675): Config attempting to parse: '/Users/builder/data/lanes/4009/3a62f1ea/source/monodroid/builds/install/mono-armv6/etc/mono/assemblies/System.Reflection/System.Reflection.config'.
D/Mono    ( 9675): Assembly Ref addref Microsoft.Practices.Unity[0xde898680] -> System.Reflection[0xde899460]: 3
D/Mono    ( 9675): Unloading image System.Linq.dll [0xcaa06700].
D/Mono    ( 9675): Image addref System.Linq[0xe38375a0] -> System.Linq.dll[0xe3a50e00]: 5
D/Mono    ( 9675): Config attempting to parse: 'System.Linq.dll.config'.
D/Mono    ( 9675): Config attempting to parse: '/Users/builder/data/lanes/4009/3a62f1ea/source/monodroid/builds/install/mono-armv6/etc/mono/assemblies/System.Linq/System.Linq.config'.
D/Mono    ( 9675): Assembly Ref addref Microsoft.Practices.Unity[0xde898680] -> System.Linq[0xde899760]: 3
I/OpenGLRenderer( 9675): Initialized EGL, version 1.4
D/OpenGLRenderer( 9675): Swap behavior 1
I/art     ( 9675): Explicit concurrent mark sweep GC freed 16051(1093KB) AllocSpace objects, 16(320KB) LOS objects, 39% free, 5MB/9MB, paused 2.307ms total 81.957ms
D/Mono    ( 9675): Unloading image System.Threading.dll [0xcaa06700].
D/Mono    ( 9675): Image addref System.Threading[0xe38375a0] -> System.Threading.dll[0xe398d700]: 5
D/Mono    ( 9675): Config attempting to parse: 'System.Threading.dll.config'.
D/Mono    ( 9675): Config attempting to parse: '/Users/builder/data/lanes/4009/3a62f1ea/source/monodroid/builds/install/mono-armv6/etc/mono/assemblies/System.Threading/System.Threading.config'.
D/Mono    ( 9675): Assembly Ref addref Microsoft.Practices.Unity[0xde898680] -> System.Threading[0xde8994c0]: 3
D/Mono    ( 9675): Image addref System.Globalization[0xe38374e0] -> System.Globalization.dll[0xca323a00]: 2
D/Mono    ( 9675): Prepared to set up assembly 'System.Globalization' (System.Globalization.dll)
D/Mono    ( 9675): Assembly System.Globalization[0xe38374e0] added to domain RootDomain, ref_count=1
D/Mono    ( 9675): AOT module 'System.Globalization.dll.so' not found: dlopen failed: library "/data/app/com.careerbuilder.SugarDrone-1/lib/arm/libaot-System.Globalization.dll.so" not found
D/Mono    ( 9675): AOT module '/Users/builder/data/lanes/4009/3a62f1ea/source/monodroid/builds/install/mono-armv6/lib/mono/aot-cache/arm/System.Globalization.dll.so' not found: dlopen failed: library "/data/app/com.careerbuilder.SugarDrone-1/lib/arm/libaot-System.Globalization.dll.so" not found
D/Mono    ( 9675): Config attempting to parse: 'System.Globalization.dll.config'.
D/Mono    ( 9675): Config attempting to parse: '/Users/builder/data/lanes/4009/3a62f1ea/source/monodroid/builds/install/mono-armv6/etc/mono/assemblies/System.Globalization/System.Globalization.config'.
D/Mono    ( 9675): Assembly Ref addref Microsoft.Practices.Unity[0xde898680] -> System.Globalization[0xe38374e0]: 2
D/Mono    ( 9675): Assembly Ref addref System.Globalization[0xe38374e0] -> mscorlib[0xde898380]: 35
D/Mono    ( 9675): Image addref System.Runtime.Extensions[0xe3838560] -> System.Runtime.Extensions.dll[0xca325800]: 2
D/Mono    ( 9675): Prepared to set up assembly 'System.Runtime.Extensions' (System.Runtime.Extensions.dll)
D/Mono    ( 9675): Assembly System.Runtime.Extensions[0xe3838560] added to domain RootDomain, ref_count=1
D/Mono    ( 9675): AOT module 'System.Runtime.Extensions.dll.so' not found: dlopen failed: library "/data/app/com.careerbuilder.SugarDrone-1/lib/arm/libaot-System.Runtime.Extensions.dll.so" not found
D/Mono    ( 9675): AOT module '/Users/builder/data/lanes/4009/3a62f1ea/source/monodroid/builds/install/mono-armv6/lib/mono/aot-cache/arm/System.Runtime.Extensions.dll.so' not found: dlopen failed: library "/data/app/com.careerbuilder.SugarDrone-1/lib/arm/libaot-System.Runtime.Extensions.dll.so" not found
D/Mono    ( 9675): Config attempting to parse: 'System.Runtime.Extensions.dll.config'.
D/Mono    ( 9675): Config attempting to parse: '/Users/builder/data/lanes/4009/3a62f1ea/source/monodroid/builds/install/mono-armv6/etc/mono/assemblies/System.Runtime.Extensions/System.Runtime.Extensions.config'.
D/Mono    ( 9675): Assembly Ref addref Microsoft.Practices.Unity[0xde898680] -> System.Runtime.Extensions[0xe3838560]: 2
D/Mono    ( 9675): Assembly Ref addref System.Runtime.Extensions[0xe3838560] -> mscorlib[0xde898380]: 36
D/Mono    ( 9675): Image addref System.Linq.Expressions[0xc98046c0] -> System.Linq.Expressions.dll[0xca660000]: 2
D/Mono    ( 9675): Prepared to set up assembly 'System.Linq.Expressions' (System.Linq.Expressions.dll)
D/Mono    ( 9675): Assembly System.Linq.Expressions[0xc98046c0] added to domain RootDomain, ref_count=1
D/Mono    ( 9675): AOT module 'System.Linq.Expressions.dll.so' not found: dlopen failed: library "/data/app/com.careerbuilder.SugarDrone-1/lib/arm/libaot-System.Linq.Expressions.dll.so" not found
D/Mono    ( 9675): AOT module '/Users/builder/data/lanes/4009/3a62f1ea/source/monodroid/builds/install/mono-armv6/lib/mono/aot-cache/arm/System.Linq.Expressions.dll.so' not found: dlopen failed: library "/data/app/com.careerbuilder.SugarDrone-1/lib/arm/libaot-System.Linq.Expressions.dll.so" not found
D/Mono    ( 9675): Config attempting to parse: 'System.Linq.Expressions.dll.config'.
D/Mono    ( 9675): Config attempting to parse: '/Users/builder/data/lanes/4009/3a62f1ea/source/monodroid/builds/install/mono-armv6/etc/mono/assemblies/System.Linq.Expressions/System.Linq.Expressions.config'.
D/Mono    ( 9675): Assembly Ref addref Microsoft.Practices.Unity[0xde898680] -> System.Linq.Expressions[0xc98046c0]: 2
D/Mono    ( 9675): Assembly Ref addref System.Linq.Expressions[0xc98046c0] -> System.Core[0xde8998e0]: 5
D/Mono    ( 9675): Assembly Ref addref System.Core[0xde8998e0] -> System[0xde899580]: 3
I/ActivityManager(  887): Displayed com.careerbuilder.SugarDrone/md537fd6201b6818e2e180d2f7606e21a83.AppMainActivity: +817ms
I/WindowManager(  887): Destroying surface Surface(name=com.google.android.googlequicksearchbox/com.google.android.launcher.GEL) called by com.android.server.wm.WindowStateAnimator.destroySurface:2014 com.android.server.wm.WindowStateAnimator.destroySurfaceLocked:881 com.android.server.wm.WindowState.destroyOrSaveSurface:2073 com.android.server.wm.AppWindowToken.destroySurfaces:363 com.android.server.wm.AppWindowToken.notifyAppStopped:389 com.android.server.wm.WindowManagerService.notifyAppStopped:4456 com.android.server.am.ActivityStack.activityStoppedLocked:1252 com.android.server.am.ActivityManagerService.activityStopped:6873 
D/Mono    ( 9675): Assembly Ref addref CareerBuilder_Search.Droid[0xde8983e0] -> Xamarin.GooglePlayServices.Analytics[0xde898980]: 2
D/Mono    ( 9675): Assembly Ref addref CareerBuilder_Search.Droid[0xde8983e0] -> Plugin.Geolocator.Abstractions[0xde898860]: 2
D/Mono    ( 9675): Assembly Ref addref CareerBuilder_Search[0xde899280] -> System.Net.Http[0xeab18560]: 3
D/Mono    ( 9675): Assembly Ref addref CareerBuilder_Search[0xde899280] -> Plugin.DeviceInfo[0xde8988c0]: 2
D/Mono    ( 9675): Assembly Ref addref Plugin.DeviceInfo[0xde8988c0] -> mscorlib[0xde898380]: 37
D/Mono    ( 9675): Assembly Ref addref Plugin.DeviceInfo[0xde8988c0] -> Plugin.DeviceInfo.Abstractions[0xde898920]: 4
D/Mono    ( 9675): Image addref System.Threading.Tasks[0xc9804120] -> System.Threading.Tasks.dll[0xca327600]: 2
D/Mono    ( 9675): Prepared to set up assembly 'System.Threading.Tasks' (System.Threading.Tasks.dll)
D/Mono    ( 9675): Assembly System.Threading.Tasks[0xc9804120] added to domain RootDomain, ref_count=1
D/Mono    ( 9675): AOT module 'System.Threading.Tasks.dll.so' not found: dlopen failed: library "/data/app/com.careerbuilder.SugarDrone-1/lib/arm/libaot-System.Threading.Tasks.dll.so" not found
D/Mono    ( 9675): AOT module '/Users/builder/data/lanes/4009/3a62f1ea/source/monodroid/builds/install/mono-armv6/lib/mono/aot-cache/arm/System.Threading.Tasks.dll.so' not found: dlopen failed: library "/data/app/com.careerbuilder.SugarDrone-1/lib/arm/libaot-System.Threading.Tasks.dll.so" not found
D/Mono    ( 9675): Config attempting to parse: 'System.Threading.Tasks.dll.config'.
D/Mono    ( 9675): Config attempting to parse: '/Users/builder/data/lanes/4009/3a62f1ea/source/monodroid/builds/install/mono-armv6/etc/mono/assemblies/System.Threading.Tasks/System.Threading.Tasks.config'.
D/Mono    ( 9675): Assembly Ref addref CareerBuilder_Search[0xde899280] -> System.Threading.Tasks[0xc9804120]: 2
D/Mono    ( 9675): Assembly Ref addref System.Threading.Tasks[0xc9804120] -> mscorlib[0xde898380]: 38
D/Mono    ( 9675): Unloading image System.Collections.dll [0xca327b00].
D/Mono    ( 9675): Image addref System.Collections[0xe3838500] -> System.Collections.dll[0xe398eb00]: 6
D/Mono    ( 9675): Config attempting to parse: 'System.Collections.dll.config'.
D/Mono    ( 9675): Config attempting to parse: '/Users/builder/data/lanes/4009/3a62f1ea/source/monodroid/builds/install/mono-armv6/etc/mono/assemblies/System.Collections/System.Collections.config'.
D/Mono    ( 9675): Assembly Ref addref CareerBuilder_Search[0xde899280] -> System.Collections[0xde899640]: 4
D/Mono    ( 9675): Assembly Ref addref System.Collections[0xde899640] -> System[0xde899580]: 4
D/Mono    ( 9675): Assembly Ref addref System.Net.Http[0xeab18560] -> System[0xde899580]: 5
I/WindowManager(  887): Destroying surface Surface(name=Starting com.careerbuilder.SugarDrone) called by com.android.server.wm.WindowStateAnimator.destroySurface:2014 com.android.server.wm.WindowStateAnimator.destroySurfaceLocked:881 com.android.server.wm.WindowState.destroyOrSaveSurface:2073 com.android.server.wm.AppWindowToken.destroySurfaces:363 com.android.server.wm.WindowStateAnimator.finishExit:565 com.android.server.wm.WindowStateAnimator.stepAnimationLocked:491 com.android.server.wm.WindowAnimator.updateWindowsLocked:303 com.android.server.wm.WindowAnimator.animateLocked:704 
I/System.out( 9675): URI: /map
I/System.out( 9675): params: {json={"query":"*","operation":{"method_name":"query","arguments":[]}}
I/System.out( 9675): }
D/Mono    ( 9675): Assembly Ref addref Microsoft.Practices.Unity[0xde898680] -> System.Reflection.Extensions[0xde899a00]: 3
W/ResourceType( 9675): No known package when getting name for resource number 0xffffffff
W/ResourceType( 9675): No known package when getting name for resource number 0xffffffff
W/ResourceType( 9675): No known package when getting name for resource number 0xffffffff
D/Mono    ( 9675): Unloading image System.Threading.dll [0xc948da00].
D/Mono    ( 9675): Image addref System.Threading[0xc9804000] -> System.Threading.dll[0xe398d700]: 6
D/Mono    ( 9675): Config attempting to parse: 'System.Threading.dll.config'.
D/Mono    ( 9675): Config attempting to parse: '/Users/builder/data/lanes/4009/3a62f1ea/source/monodroid/builds/install/mono-armv6/etc/mono/assemblies/System.Threading/System.Threading.config'.
D/Mono    ( 9675): Assembly Ref addref CareerBuilder_Search[0xde899280] -> System.Threading[0xde8994c0]: 4
D/Mono    ( 9675): Assembly Ref addref System.Threading[0xde8994c0] -> System.Core[0xde8998e0]: 6
D/Mono    ( 9675): Assembly Ref addref System.Runtime[0xde8993a0] -> System[0xde899580]: 6
D/Mono    ( 9675): Assembly Ref addref CareerBuilder_Search[0xde899280] -> Newtonsoft.Json[0xde898ec0]: 2
D/Mono    ( 9675): Unloading image System.Runtime.dll [0xc948df00].
D/Mono    ( 9675): Image addref System.Runtime[0xc9805ec0] -> System.Runtime.dll[0xe398be00]: 9
D/Mono    ( 9675): Config attempting to parse: 'System.Runtime.dll.config'.
D/Mono    ( 9675): Config attempting to parse: '/Users/builder/data/lanes/4009/3a62f1ea/source/monodroid/builds/install/mono-armv6/etc/mono/assemblies/System.Runtime/System.Runtime.config'.
D/Mono    ( 9675): Assembly Ref addref Newtonsoft.Json[0xde898ec0] -> System.Runtime[0xde8993a0]: 7
D/Mono    ( 9675): Image addref System.Dynamic.Runtime[0xc9805ec0] -> System.Dynamic.Runtime.dll[0xc948df00]: 2
D/Mono    ( 9675): Prepared to set up assembly 'System.Dynamic.Runtime' (System.Dynamic.Runtime.dll)
D/Mono    ( 9675): Assembly System.Dynamic.Runtime[0xc9805ec0] added to domain RootDomain, ref_count=1
D/Mono    ( 9675): AOT module 'System.Dynamic.Runtime.dll.so' not found: dlopen failed: library "/data/app/com.careerbuilder.SugarDrone-1/lib/arm/libaot-System.Dynamic.Runtime.dll.so" not found
D/Mono    ( 9675): AOT module '/Users/builder/data/lanes/4009/3a62f1ea/source/monodroid/builds/install/mono-armv6/lib/mono/aot-cache/arm/System.Dynamic.Runtime.dll.so' not found: dlopen failed: library "/data/app/com.careerbuilder.SugarDrone-1/lib/arm/libaot-System.Dynamic.Runtime.dll.so" not found
D/Mono    ( 9675): Config attempting to parse: 'System.Dynamic.Runtime.dll.config'.
D/Mono    ( 9675): Config attempting to parse: '/Users/builder/data/lanes/4009/3a62f1ea/source/monodroid/builds/install/mono-armv6/etc/mono/assemblies/System.Dynamic.Runtime/System.Dynamic.Runtime.config'.
D/Mono    ( 9675): Assembly Ref addref Newtonsoft.Json[0xde898ec0] -> System.Dynamic.Runtime[0xc9805ec0]: 2
D/Mono    ( 9675): Assembly Ref addref System.Dynamic.Runtime[0xc9805ec0] -> System.Core[0xde8998e0]: 7
D/Mono    ( 9675): Image addref System.ObjectModel[0xc9805f20] -> System.ObjectModel.dll[0xc948d500]: 2
D/Mono    ( 9675): Prepared to set up assembly 'System.ObjectModel' (System.ObjectModel.dll)
D/Mono    ( 9675): Assembly System.ObjectModel[0xc9805f20] added to domain RootDomain, ref_count=1
D/Mono    ( 9675): AOT module 'System.ObjectModel.dll.so' not found: dlopen failed: library "/data/app/com.careerbuilder.SugarDrone-1/lib/arm/libaot-System.ObjectModel.dll.so" not found
D/Mono    ( 9675): AOT module '/Users/builder/data/lanes/4009/3a62f1ea/source/monodroid/builds/install/mono-armv6/lib/mono/aot-cache/arm/System.ObjectModel.dll.so' not found: dlopen failed: library "/data/app/com.careerbuilder.SugarDrone-1/lib/arm/libaot-System.ObjectModel.dll.so" not found
D/Mono    ( 9675): Config attempting to parse: 'System.ObjectModel.dll.config'.
D/Mono    ( 9675): Config attempting to parse: '/Users/builder/data/lanes/4009/3a62f1ea/source/monodroid/builds/install/mono-armv6/etc/mono/assemblies/System.ObjectModel/System.ObjectModel.config'.
D/Mono    ( 9675): Assembly Ref addref Newtonsoft.Json[0xde898ec0] -> System.ObjectModel[0xc9805f20]: 2
D/Mono    ( 9675): Assembly Ref addref System.ObjectModel[0xc9805f20] -> System[0xde899580]: 7
D/Mono    ( 9675): Assembly Ref addref CareerBuilder_Search[0xde899280] -> System.Reactive.Core[0xde898f80]: 3
D/Mono    ( 9675): DllImport attempting to load: '__Internal'.
D/Mono    ( 9675): DllImport loaded library '(null)'.
D/Mono    ( 9675): DllImport searching in: '__Internal' ('(null)').
D/Mono    ( 9675): Searching for 'monodroid_get_system_property'.
D/Mono    ( 9675): Probing 'monodroid_get_system_property'.
D/Mono    ( 9675): Found as 'monodroid_get_system_property'.
D/Mono    ( 9675): DllImport searching in: '__Internal' ('(null)').
D/Mono    ( 9675): Searching for 'monodroid_free'.
D/Mono    ( 9675): Probing 'monodroid_free'.
D/Mono    ( 9675): Found as 'monodroid_free'.
I/System.out( 9675): URI: /map
I/System.out( 9675): params: {json={"query":"* id:'agreeAndContinueButton'","operation":{"method_name":"query","arguments":[]}}
I/System.out( 9675): }
W/ResourceType( 9675): No known package when getting name for resource number 0xffffffff
W/ResourceType( 9675): No known package when getting name for resource number 0xffffffff
W/ResourceType( 9675): No known package when getting name for resource number 0xffffffff
D/Mono    ( 9675): Assembly Ref addref CareerBuilder_Search.Droid[0xde8983e0] -> Xamarin.Insights[0xde898aa0]: 2
D/Mono    ( 9675): Assembly Ref addref Xamarin.Insights[0xde898aa0] -> mscorlib[0xde898380]: 39
D/Mono    ( 9675): Assembly Ref addref Xamarin.Insights[0xde898aa0] -> Mono.Android[0xde8992e0]: 19
D/Mono    ( 9675): Assembly Ref addref CareerBuilder_Search.Droid[0xde8983e0] -> HockeySDK[0xde8984a0]: 2
D/Mono    ( 9675): Assembly Ref addref CareerBuilder_Search.Droid[0xde8983e0] -> AppsFlyerXamarinBindingAndroid[0xde898440]: 2
D/Mono    ( 9675): DllImport searching in: '__Internal' ('(null)').
D/Mono    ( 9675): Searching for 'java_interop_jnienv_get_static_field_id'.
D/Mono    ( 9675): Probing 'java_interop_jnienv_get_static_field_id'.
D/Mono    ( 9675): Found as 'java_interop_jnienv_get_static_field_id'.
D/Mono    ( 9675): DllImport searching in: '__Internal' ('(null)').
D/Mono    ( 9675): Searching for 'java_interop_jnienv_get_static_int_field'.
D/Mono    ( 9675): Probing 'java_interop_jnienv_get_static_int_field'.
D/Mono    ( 9675): Found as 'java_interop_jnienv_get_static_int_field'.
D/Mono    ( 9675): Assembly Ref addref Xamarin.Insights[0xde898aa0] -> System.Core[0xde8998e0]: 8
D/Mono    ( 9675): DllImport searching in: '__Internal' ('(null)').
D/Mono    ( 9675): Searching for 'java_interop_jnienv_call_static_long_method_a'.
D/Mono    ( 9675): Probing 'java_interop_jnienv_call_static_long_method_a'.
D/Mono    ( 9675): Found as 'java_interop_jnienv_call_static_long_method_a'.
D/Mono    ( 9675): Assembly Ref addref Xamarin.Insights[0xde898aa0] -> System[0xde899580]: 8
D/Mono    ( 9675): Assembly Ref addref Xamarin.Insights[0xde898aa0] -> System.Net.Http[0xeab18560]: 4
I/System.out( 9675): URI: /map
I/System.out( 9675): params: {json={"query":"* id:'agreeAndContinueButton'","operation":{"method_name":"query","arguments":[]}}
I/System.out( 9675): }
W/NetworkIdentity(  887): Active mobile network without subscriber!
W/NetworkIdentity(  887): Active mobile network without subscriber!
W/NetworkIdentity(  887): Active mobile network without subscriber!
W/NetworkIdentity(  887): Active mobile network without subscriber!
W/NetworkIdentity(  887): Active mobile network without subscriber!
W/NetworkIdentity(  887): Active mobile network without subscriber!
W/NetworkIdentity(  887): Active mobile network without subscriber!
W/NetworkIdentity(  887): Active mobile network without subscriber!
W/NetworkIdentity(  887): Active mobile network without subscriber!
W/NetworkIdentity(  887): Active mobile network without subscriber!
D/Mono    ( 9675): DllImport searching in: '__Internal' ('(null)').
D/Mono    ( 9675): Searching for 'java_interop_jnienv_get_object_array_element'.
D/Mono    ( 9675): Probing 'java_interop_jnienv_get_object_array_element'.
D/Mono    ( 9675): Found as 'java_interop_jnienv_get_object_array_element'.
W/ResourceType( 9675): No known package when getting name for resource number 0xffffffff
W/ResourceType( 9675): No known package when getting name for resource number 0xffffffff
W/ResourceType( 9675): No known package when getting name for resource number 0xffffffff
D/Mono    ( 9675): DllImport searching in: '__Internal' ('(null)').
D/Mono    ( 9675): Searching for 'java_interop_jnienv_call_boolean_method_a'.
D/Mono    ( 9675): Probing 'java_interop_jnienv_call_boolean_method_a'.
D/Mono    ( 9675): Found as 'java_interop_jnienv_call_boolean_method_a'.
D/Mono    ( 9675): DllImport searching in: '__Internal' ('(null)').
D/Mono    ( 9675): Searching for 'java_interop_jnienv_call_int_method_a'.
D/Mono    ( 9675): Probing 'java_interop_jnienv_call_int_method_a'.
D/Mono    ( 9675): Found as 'java_interop_jnienv_call_int_method_a'.
W/NetworkIdentity(  887): Active mobile network without subscriber!
W/NetworkIdentity(  887): Active mobile network without subscriber!
W/NetworkIdentity(  887): Active mobile network without subscriber!
W/NetworkIdentity(  887): Active mobile network without subscriber!
W/NetworkIdentity(  887): Active mobile network without subscriber!
W/NetworkIdentity(  887): Active mobile network without subscriber!
W/NetworkIdentity(  887): Active mobile network without subscriber!
W/NetworkIdentity(  887): Active mobile network without subscriber!
W/NetworkIdentity(  887): Active mobile network without subscriber!
W/NetworkIdentity(  887): Active mobile network without subscriber!
D/Mono    ( 9675): DllImport searching in: '__Internal' ('(null)').
D/Mono    ( 9675): Searching for 'java_interop_jnienv_get_field_id'.
D/Mono    ( 9675): Probing 'java_interop_jnienv_get_field_id'.
D/Mono    ( 9675): Found as 'java_interop_jnienv_get_field_id'.
D/Mono    ( 9675): DllImport searching in: '__Internal' ('(null)').
D/Mono    ( 9675): Searching for 'java_interop_jnienv_get_object_field'.
D/Mono    ( 9675): Probing 'java_interop_jnienv_get_object_field'.
D/Mono    ( 9675): Found as 'java_interop_jnienv_get_object_field'.
D/Mono    ( 9675): DllImport searching in: '__Internal' ('(null)').
D/Mono    ( 9675): Searching for 'java_interop_jnienv_call_static_int_method_a'.
D/Mono    ( 9675): Probing 'java_interop_jnienv_call_static_int_method_a'.
D/Mono    ( 9675): Found as 'java_interop_jnienv_call_static_int_method_a'.
W/Xamarin.Insights( 9675): Warning: Insights data communication has been manually enabled
D/Mono    ( 9675): DllImport searching in: '__Internal' ('(null)').
D/Mono    ( 9675): Searching for 'java_interop_jnienv_get_static_object_field'.
D/Mono    ( 9675): Probing 'java_interop_jnienv_get_static_object_field'.
D/Mono    ( 9675): Found as 'java_interop_jnienv_get_static_object_field'.
D/Mono    ( 9675): DllImport searching in: '__Internal' ('(null)').
D/Mono    ( 9675): Searching for 'java_interop_jnienv_call_static_void_method'.
D/Mono    ( 9675): Probing 'java_interop_jnienv_call_static_void_method'.
D/Mono    ( 9675): Found as 'java_interop_jnienv_call_static_void_method'.
I/AppsFlyer_3.01( 9675): Start tracking package: com.careerbuilder.SugarDrone
