W/ResourceType(10353): No known package when getting name for resource number 0xffffffff
W/ResourceType(10353): No known package when getting name for resource number 0xffffffff
W/ResourceType(10353): No known package when getting name for resource number 0xffffffff
W/ResourceType(10353): No known package when getting name for resource number 0xffffffff
W/ResourceType(10353): No known package when getting name for resource number 0xffffffff
W/ResourceType(10353): No known package when getting name for resource number 0xffffffff
W/ResourceType(10353): No known package when getting name for resource number 0xffffffff
W/ResourceType(10353): No known package when getting name for resource number 0xffffffff
W/ResourceType(10353): No known package when getting name for resource number 0xffffffff
W/ResourceType(10353): No known package when getting name for resource number 0xffffffff
W/ResourceType(10353): No known package when getting name for resource number 0xffffffff
I/System.out(10353): URI: /map
I/System.out(10353): params: {json={"query":"* id:'agreeAndContinueButton'","operation":{"method_name":"query","arguments":[]}}
I/System.out(10353): }
W/ResourceType(10353): No known package when getting name for resource number 0xffffffff
W/ResourceType(10353): No known package when getting name for resource number 0xffffffff
W/ResourceType(10353): No known package when getting name for resource number 0xffffffff
W/ResourceType(10353): No known package when getting name for resource number 0xffffffff
W/ResourceType(10353): No known package when getting name for resource number 0xffffffff
W/ResourceType(10353): No known package when getting name for resource number 0xffffffff
W/ResourceType(10353): No known package when getting name for resource number 0xffffffff
W/ResourceType(10353): No known package when getting name for resource number 0xffffffff
W/ResourceType(10353): No known package when getting name for resource number 0xffffffff
W/ResourceType(10353): No known package when getting name for resource number 0xffffffff
W/ResourceType(10353): No known package when getting name for resource number 0xffffffff
I/System.out(10353): URI: /map
I/System.out(10353): params: {json={"query":"* id:'agreeAndContinueButton'","operation":{"method_name":"query","arguments":[]}}
I/System.out(10353): }
W/ResourceType(10353): No known package when getting name for resource number 0xffffffff
W/ResourceType(10353): No known package when getting name for resource number 0xffffffff
W/ResourceType(10353): No known package when getting name for resource number 0xffffffff
W/ResourceType(10353): No known package when getting name for resource number 0xffffffff
W/ResourceType(10353): No known package when getting name for resource number 0xffffffff
W/ResourceType(10353): No known package when getting name for resource number 0xffffffff
W/ResourceType(10353): No known package when getting name for resource number 0xffffffff
W/ResourceType(10353): No known package when getting name for resource number 0xffffffff
W/ResourceType(10353): No known package when getting name for resource number 0xffffffff
W/ResourceType(10353): No known package when getting name for resource number 0xffffffff
W/ResourceType(10353): No known package when getting name for resource number 0xffffffff
I/System.out(10353): URI: /map
I/System.out(10353): params: {json={"query":"* id:'agreeAndContinueButton'","operation":{"method_name":"query","arguments":[]}}
I/System.out(10353): }
W/ResourceType(10353): No known package when getting name for resource number 0xffffffff
W/ResourceType(10353): No known package when getting name for resource number 0xffffffff
W/ResourceType(10353): No known package when getting name for resource number 0xffffffff
W/ResourceType(10353): No known package when getting name for resource number 0xffffffff
W/ResourceType(10353): No known package when getting name for resource number 0xffffffff
W/ResourceType(10353): No known package when getting name for resource number 0xffffffff
W/ResourceType(10353): No known package when getting name for resource number 0xffffffff
W/ResourceType(10353): No known package when getting name for resource number 0xffffffff
W/ResourceType(10353): No known package when getting name for resource number 0xffffffff
W/ResourceType(10353): No known package when getting name for resource number 0xffffffff
W/ResourceType(10353): No known package when getting name for resource number 0xffffffff
D/Mono    (10353): DllImport searching in: '__Internal' ('(null)').
D/Mono    (10353): Searching for 'java_interop_jnienv_call_nonvirtual_int_method_a'.
D/Mono    (10353): Probing 'java_interop_jnienv_call_nonvirtual_int_method_a'.
D/Mono    (10353): Found as 'java_interop_jnienv_call_nonvirtual_int_method_a'.
D/Mono    (10353): Assembly Ref addref System.Net.Http[0xe4b18560] -> System.Core[0xd89198e0]: 13
D/Mono    (10353): DllImport searching in: '__Internal' ('(null)').
D/Mono    (10353): Searching for 'java_interop_jnienv_get_float_field'.
D/Mono    (10353): Probing 'java_interop_jnienv_get_float_field'.
D/Mono    (10353): Found as 'java_interop_jnienv_get_float_field'.
D/Mono    (10353): DllImport searching in: '__Internal' ('(null)').
D/Mono    (10353): Searching for 'java_interop_jnienv_new_object_array'.
D/Mono    (10353): Probing 'java_interop_jnienv_new_object_array'.
D/Mono    (10353): Found as 'java_interop_jnienv_new_object_array'.
D/Mono    (10353): Assembly Ref addref Mono.Android[0xd89192e0] -> System[0xd8919580]: 12
D/Mono    (10353): DllImport searching in: '__Internal' ('(null)').
D/Mono    (10353): Searching for 'java_interop_jnienv_set_object_array_element'.
D/Mono    (10353): Probing 'java_interop_jnienv_set_object_array_element'.
D/Mono    (10353): Found as 'java_interop_jnienv_set_object_array_element'.
I/System.out(10353): URI: /map
I/System.out(10353): params: {json={"query":"* id:'agreeAndContinueButton'","operation":{"method_name":"query","arguments":[]}}
I/System.out(10353): }
W/ResourceType(10353): No known package when getting name for resource number 0xffffffff
W/ResourceType(10353): No known package when getting name for resource number 0xffffffff
W/ResourceType(10353): No known package when getting name for resource number 0xffffffff
W/ResourceType(10353): No known package when getting name for resource number 0xffffffff
W/ResourceType(10353): No known package when getting name for resource number 0xffffffff
W/ResourceType(10353): No known package when getting name for resource number 0xffffffff
W/ResourceType(10353): No known package when getting name for resource number 0xffffffff
W/ResourceType(10353): No known package when getting name for resource number 0xffffffff
W/ResourceType(10353): No known package when getting name for resource number 0xffffffff
W/ResourceType(10353): No known package when getting name for resource number 0xffffffff
W/ResourceType(10353): No known package when getting name for resource number 0xffffffff
I/System.out(10353): URI: /
I/System.out(10353): params: {json={"command":"touch_coordinate","arguments":[540.0,1705.0]}
I/System.out(10353): }
I/System.out(10353): header: {content-type=application/json; charset=utf-8, connection=close, host=devicehost155.prod, x-session-token=token-token-c0abb90d-ed63-4f81-b4a4-f68bd1e71d51, content-length=57, x-forwarded-for=10.222.150.14}
I/System.out(10353): params: {json={"command":"touch_coordinate","arguments":[540.0,1705.0]}
I/System.out(10353): }
I/System.out(10353): ProP json = {"command":"touch_coordinate","arguments":[540.0,1705.0]}
I/System.out(10353): files: {}
I/System.out(10353): command: {"command":"touch_coordinate","arguments":[540.0,1705.0]}
I/InstrumentationBackend(10353): Got command:'Command:'Line:null,touch_coordinate', arguments:'[540.0, 1705.0]'
D/Mono    (10353): [0xc08fb920] worker starting
D/Mono    (10353): Unloading image System.dll [0xc1fcbe00].
D/Mono    (10353): Image addref System[0xc4947e80] -> System.dll[0xdda0e100]: 5
D/Mono    (10353): Config attempting to parse: 'System.dll.config'.
D/Mono    (10353): Config attempting to parse: '/Users/builder/data/lanes/4009/3a62f1ea/source/monodroid/builds/install/mono-armv6/etc/mono/assemblies/System/System.config'.
D/Mono    (10353): Unloading image System.dll [0xc1fcbe00].
D/Mono    (10353): Image addref System[0xc4946bc0] -> System.dll[0xdda0e100]: 6
D/Mono    (10353): Config attempting to parse: 'System.dll.config'.
D/Mono    (10353): Config attempting to parse: '/Users/builder/data/lanes/4009/3a62f1ea/source/monodroid/builds/install/mono-armv6/etc/mono/assemblies/System/System.config'.
D/Mono    (10353): Unloading image System.dll [0xc1fcbe00].
D/Mono    (10353): Image addref System[0xc4946bc0] -> System.dll[0xdda0e100]: 7
D/Mono    (10353): Config attempting to parse: 'System.dll.config'.
D/Mono    (10353): Config attempting to parse: '/Users/builder/data/lanes/4009/3a62f1ea/source/monodroid/builds/install/mono-armv6/etc/mono/assemblies/System/System.config'.
D/Mono    (10353): Unloading image System.dll [0xc1fcbe00].
D/Mono    (10353): Image addref System[0xc4946bc0] -> System.dll[0xdda0e100]: 8
D/Mono    (10353): Config attempting to parse: 'System.dll.config'.
D/Mono    (10353): Config attempting to parse: '/Users/builder/data/lanes/4009/3a62f1ea/source/monodroid/builds/install/mono-armv6/etc/mono/assemblies/System/System.config'.
D/Mono    (10353): DllImport searching in: '__Internal' ('(null)').
D/Mono    (10353): Searching for 'java_interop_jnienv_is_assignable_from'.
D/Mono    (10353): Probing 'java_interop_jnienv_is_assignable_from'.
D/Mono    (10353): Found as 'java_interop_jnienv_is_assignable_from'.
D/Mono    (10353): DllImport searching in: '__Internal' ('(null)').
D/Mono    (10353): Searching for 'java_interop_jnienv_get_byte_array_region'.
D/Mono    (10353): Probing 'java_interop_jnienv_get_byte_array_region'.
D/Mono    (10353): Found as 'java_interop_jnienv_get_byte_array_region'.
D/Mono    (10353): DllImport searching in: '__Internal' ('(null)').
D/Mono    (10353): Searching for 'java_interop_jnienv_set_byte_array_region'.
D/Mono    (10353): Probing 'java_interop_jnienv_set_byte_array_region'.
D/Mono    (10353): Found as 'java_interop_jnienv_set_byte_array_region'.
I/System.out(10353): result:{"bonusInformation":[],"message":"","success":true}
D/Mono    (10353): [0xc3bff920] worker starting
W/Mono    (10353): The request to load the assembly System.Core v4.0.0.0 was remapped to v2.0.5.0
D/Mono    (10353): Unloading image System.Core.dll [0xc1fca500].
D/Mono    (10353): Image addref System.Core[0xc3cc00c0] -> System.Core.dll[0xc55cf000]: 5
D/Mono    (10353): Config attempting to parse: 'System.Core.dll.config'.
D/Mono    (10353): Config attempting to parse: '/Users/builder/data/lanes/4009/3a62f1ea/source/monodroid/builds/install/mono-armv6/etc/mono/assemblies/System.Core/System.Core.config'.
I/System.out(10353): URI: /backdoor
I/System.out(10353): params: {json={"method_name":"APISetup","arguments":[200]}
I/System.out(10353): }
W/Mono    (10353): The request to load the assembly System.Core v4.0.0.0 was remapped to v2.0.5.0
D/Mono    (10353): Unloading image System.Core.dll [0xc1fca500].
D/Mono    (10353): Image addref System.Core[0xc3cc0180] -> System.Core.dll[0xc55cf000]: 6
D/Mono    (10353): Config attempting to parse: 'System.Core.dll.config'.
D/Mono    (10353): Config attempting to parse: '/Users/builder/data/lanes/4009/3a62f1ea/source/monodroid/builds/install/mono-armv6/etc/mono/assemblies/System.Core/System.Core.config'.
D/Mono    (10353): [0xc2aff920] hill climbing, change max number of threads 7
I/System.out(10353): URI: /backdoor
I/System.out(10353): params: {json={"method_name":"MyCBBackdoor","arguments":[]}
I/System.out(10353): }
D/Mono    (10353): Assembly Ref addref CareerBuilder_Search.Droid[0xd89183e0] -> Xamarin.Android.Support.Design[0xd8918e00]: 2
I/calabash(10353): execStartActivity 4
I/ActivityManager(  993): START u0 {cmp=com.careerbuilder.SugarDrone/md5a4824aa66c0dc4d104077b72c1916a44.MasterNavActivity} from uid 18867 on display 0
I/calabash(10353): newActivity1
I/System.out(10353): URI: /map
I/System.out(10353): params: {json={"query":"* marked:'Skip'","operation":{"method_name":"query","arguments":[]}}
I/System.out(10353): }
I/art     (10353): Do partial code cache collection, code=43KB, data=62KB
I/art     (10353): After code cache collection, code=41KB, data=61KB
I/art     (10353): Increasing code cache capacity to 256KB
I/nanohub (  993): queueFlush: sensor=30, handle=14
D/Mono    (10353): DllImport searching in: '__Internal' ('(null)').
D/Mono    (10353): Searching for 'java_interop_jnienv_call_nonvirtual_object_method'.
D/Mono    (10353): Probing 'java_interop_jnienv_call_nonvirtual_object_method'.
D/Mono    (10353): Found as 'java_interop_jnienv_call_nonvirtual_object_method'.
D/Mono    (10353): DllImport searching in: '__Internal' ('(null)').
D/Mono    (10353): Searching for 'java_interop_jnienv_new_byte_array'.
D/Mono    (10353): Probing 'java_interop_jnienv_new_byte_array'.
D/Mono    (10353): Found as 'java_interop_jnienv_new_byte_array'.
D/Mono    (10353): DllImport searching in: '__Internal' ('(null)').
D/Mono    (10353): Searching for 'java_interop_jnienv_call_int_method'.
D/Mono    (10353): Probing 'java_interop_jnienv_call_int_method'.
D/Mono    (10353): Found as 'java_interop_jnienv_call_int_method'.
D/Mono    (10353): Assembly Ref addref Xamarin.Android.Support.Design[0xd8918e00] -> Xamarin.Android.Support.v4[0xd8918c20]: 4
D/Mono    (10353): Assembly Ref addref CareerBuilder_Search.Droid[0xd89183e0] -> Xamarin.Android.Support.v7.RecyclerView[0xd8918c80]: 2
D/Mono    (10353): Assembly Ref addref Xamarin.Android.Support.v7.RecyclerView[0xd8918c80] -> Xamarin.Android.Support.v4[0xd8918c20]: 5
D/Mono    (10353): Assembly Ref addref CareerBuilder_Search.Droid[0xd89183e0] -> FloatingActionButton-Xamarin[0xd8918bc0]: 2
D/Mono    (10353): Unloading image System.IO.dll [0xc15e2f00].
D/Mono    (10353): Image addref System.IO[0xc3cad100] -> System.IO.dll[0xc525ff00]: 6
D/Mono    (10353): Config attempting to parse: 'System.IO.dll.config'.
D/Mono    (10353): Config attempting to parse: '/Users/builder/data/lanes/4009/3a62f1ea/source/monodroid/builds/install/mono-armv6/etc/mono/assemblies/System.IO/System.IO.config'.
D/Mono    (10353): Assembly Ref addref CareerBuilder_Search[0xd8919280] -> System.IO[0xe4b192e0]: 4
I/art     (10353): Starting a blocking GC Explicit
I/art     (10353): Explicit concurrent mark sweep GC freed 4891(400KB) AllocSpace objects, 6(120KB) LOS objects, 39% free, 8MB/14MB, paused 839us total 40.741ms
W/FragmentManager(10353): moveToState: Fragment state for SavedJobsFragment{6f28068 #0 id=0x7f0a0148 android:switcher:2131362120:1} not updated inline; expected state 3 found 2
D/Mono    (10353): Assembly Ref addref CareerBuilder_Search.Droid[0xd89183e0] -> System[0xd8919580]: 13
W/FragmentManager(10353): moveToState: Fragment state for ResumeManagementFragment{d08c81 #1 id=0x7f0a0148 android:switcher:2131362120:2} not updated inline; expected state 3 found 2
D/Mono    (10353): Unloading image System.Linq.dll [0xc0571a00].
D/Mono    (10353): Image addref System.Linq[0xc17de1a0] -> System.Linq.dll[0xc55d0e00]: 9
D/Mono    (10353): Config attempting to parse: 'System.Linq.dll.config'.
D/Mono    (10353): Config attempting to parse: '/Users/builder/data/lanes/4009/3a62f1ea/source/monodroid/builds/install/mono-armv6/etc/mono/assemblies/System.Linq/System.Linq.config'.
D/Mono    (10353): Assembly Ref addref CareerBuilder_Search[0xd8919280] -> System.Linq[0xd8919760]: 7
D/Mono    (10353): Assembly Ref addref CareerBuilder_Search.Droid[0xd89183e0] -> System.Core[0xd89198e0]: 14
D/Mono    (10353): DllImport searching in: '__Internal' ('(null)').
D/Mono    (10353): Searching for 'java_interop_jnienv_call_nonvirtual_void_method'.
D/Mono    (10353): Probing 'java_interop_jnienv_call_nonvirtual_void_method'.
D/Mono    (10353): Found as 'java_interop_jnienv_call_nonvirtual_void_method'.
D/Mono    (10353): DllImport attempting to load: '/system/lib/liblog.so'.
D/Mono    (10353): DllImport loaded library '/system/lib/liblog.so'.
D/Mono    (10353): DllImport searching in: '/system/lib/liblog.so' ('/system/lib/liblog.so').
D/Mono    (10353): Searching for '__android_log_print'.
D/Mono    (10353): Probing '__android_log_print'.
D/Mono    (10353): Found as '__android_log_print'.
I/mono-stdout(10353): uri is: https://api.careerbuilder.com/consumer/resumes?OAuthToken=&HostSite=US&DeveloperKey=WDHR8FC6P2JZ1Y61KLM5
I/mono-stdout(10353): uri is: https://api.careerbuilder.com/consumer/jobs/search/?Keywords=&Location=&UseFacets=true&PageNumber=1&ExcludeNational=true&DeveloperKey=WDHR8FC6P2JZ1Y61KLM5
I/mono-stdout(10353): uri is: https://api.careerbuilder.com/consumer/saved-jobs/?DeveloperKey=WDHR8FC6P2JZ1Y61KLM5
I/mono-stdout(10353): uri is: https://api.careerbuilder.com/consumer/resumes?OAuthToken=&HostSite=US&DeveloperKey=WDHR8FC6P2JZ1Y61KLM5
D/Mono    (10353): Unloading image System.Collections.dll [0xc0571000].
D/Mono    (10353): Image addref System.Collections[0xc052cf60] -> System.Collections.dll[0xdda0eb00]: 10
D/Mono    (10353): Config attempting to parse: 'System.Collections.dll.config'.
D/Mono    (10353): Config attempting to parse: '/Users/builder/data/lanes/4009/3a62f1ea/source/monodroid/builds/install/mono-armv6/etc/mono/assemblies/System.Collections/System.Collections.config'.
D/Mono    (10353): Assembly Ref addref System.Reactive.Linq[0xd8919040] -> System.Collections[0xd8919640]: 8
D/Mono    (10353): Image addref System.Net.Primitives[0xc17ddfc0] -> System.Net.Primitives.dll[0xc161b700]: 2
D/Mono    (10353): Prepared to set up assembly 'System.Net.Primitives' (System.Net.Primitives.dll)
D/Mono    (10353): Assembly System.Net.Primitives[0xc17ddfc0] added to domain RootDomain, ref_count=1
D/Mono    (10353): Unloading image System.Net.Primitives.dll [0xc1fcd700].
D/Mono    (10353): Image addref System.Net.Primitives[0xc052ce40] -> System.Net.Primitives.dll[0xc161b700]: 4
D/Mono    (10353): Config attempting to parse: 'System.Net.Primitives.dll.config'.
D/Mono    (10353): Config attempting to parse: '/Users/builder/data/lanes/4009/3a62f1ea/source/monodroid/builds/install/mono-armv6/etc/mono/assemblies/System.Net.Primitives/System.Net.Primitives.config'.
D/Mono    (10353): Assembly Ref addref CareerBuilder_Search[0xd8919280] -> System.Net.Primitives[0xc17ddfc0]: 2
D/Mono    (10353): Assembly Ref addref System.Net.Primitives[0xc17ddfc0] -> System[0xd8919580]: 14
D/Mono    (10353): AOT module 'System.Net.Primitives.dll.so' not found: dlopen failed: library "/data/app/com.careerbuilder.SugarDrone-1/lib/arm/libaot-System.Net.Primitives.dll.so" not found
D/Mono    (10353): AOT module '/Users/builder/data/lanes/4009/3a62f1ea/source/monodroid/builds/install/mono-armv6/lib/mono/aot-cache/arm/System.Net.Primitives.dll.so' not found: dlopen failed: library "/data/app/com.careerbuilder.SugarDrone-1/lib/arm/libaot-System.Net.Primitives.dll.so" not found
D/Mono    (10353): Config attempting to parse: 'System.Net.Primitives.dll.config'.
D/Mono    (10353): Config attempting to parse: '/Users/builder/data/lanes/4009/3a62f1ea/source/monodroid/builds/install/mono-armv6/etc/mono/assemblies/System.Net.Primitives/System.Net.Primitives.config'.
D/Mono    (10353): Unloading image System.Text.Encoding.dll [0xc0574700].
D/Mono    (10353): Image addref System.Text.Encoding[0xc3cc0060] -> System.Text.Encoding.dll[0xc525f000]: 5
D/Mono    (10353): Config attempting to parse: 'System.Text.Encoding.dll.config'.
D/Mono    (10353): Config attempting to parse: '/Users/builder/data/lanes/4009/3a62f1ea/source/monodroid/builds/install/mono-armv6/etc/mono/assemblies/System.Text.Encoding/System.Text.Encoding.config'.
D/Mono    (10353): Assembly Ref addref CareerBuilder_Search[0xd8919280] -> System.Text.Encoding[0xe4b19160]: 3
I/mono-stdout(10353): making api call to: /consumer/resumes?OAuthToken=&HostSite=US&DeveloperKey=WDHR8FC6P2JZ1Y61KLM5
D/Mono    (10353): Unloading image System.Text.Encoding.dll [0xc0573800].
D/Mono    (10353): Image addref System.Text.Encoding[0xc3cc05a0] -> System.Text.Encoding.dll[0xc525f000]: 6
D/Mono    (10353): Config attempting to parse: 'System.Text.Encoding.dll.config'.
D/Mono    (10353): Config attempting to parse: '/Users/builder/data/lanes/4009/3a62f1ea/source/monodroid/builds/install/mono-armv6/etc/mono/assemblies/System.Text.Encoding/System.Text.Encoding.config'.
I/mono-stdout(10353): making api call to: /consumer/jobs/search/?Keywords=&Location=&UseFacets=true&PageNumber=1&ExcludeNational=true&DeveloperKey=WDHR8FC6P2JZ1Y61KLM5
D/Mono    (10353): Unloading image System.Text.Encoding.dll [0xc1fcd700].
I/mono-stdout(10353): making api call to: /consumer/saved-jobs/?DeveloperKey=WDHR8FC6P2JZ1Y61KLM5
D/Mono    (10353): Image addref System.Text.Encoding[0xc052cea0] -> System.Text.Encoding.dll[0xc525f000]: 7
D/Mono    (10353): Config attempting to parse: 'System.Text.Encoding.dll.config'.
D/Mono    (10353): Config attempting to parse: '/Users/builder/data/lanes/4009/3a62f1ea/source/monodroid/builds/install/mono-armv6/etc/mono/assemblies/System.Text.Encoding/System.Text.Encoding.config'.
I/mono-stdout(10353): making api call to: /consumer/resumes?OAuthToken=&HostSite=US&DeveloperKey=WDHR8FC6P2JZ1Y61KLM5
D/Mono    (10353): Assembly Ref addref CareerBuilder_Search.Droid[0xd89183e0] -> Newtonsoft.Json[0xd8918ec0]: 4
I/mono-stdout(10353): Method: GET, RequestUri: 'https://api.careerbuilder.com/consumer/saved-jobs/?DeveloperKey=WDHR8FC6P2JZ1Y61KLM5', Version: 1.1, Content: <null>, Headers:
I/mono-stdout(10353): {
I/mono-stdout(10353): DeveloperKey: WDHR8FC6P2JZ1Y61KLM5
I/mono-stdout(10353): Accept: application/json
I/mono-stdout(10353): Authorization: Bearer test
I/mono-stdout(10353): HostSite: US
I/mono-stdout(10353): }
I/mono-stdout(10353): Current State = 1,2,6,7
I/mono-stdout(10353): applied jobs = 6
I/mono-stdout(10353): expired jobs = 7
I/mono-stdout(10353): saved jobs = Saved,Saved,Applied,Saved
I/mono-stdout(10353): done making call to: /consumer/resumes?OAuthToken=&HostSite=US&DeveloperKey=WDHR8FC6P2JZ1Y61KLM5
I/mono-stdout(10353): done making call to: /consumer/resumes?OAuthToken=&HostSite=US&DeveloperKey=WDHR8FC6P2JZ1Y61KLM5
I/mono-stdout(10353): The resume  with hash has been set as latest
I/mono-stdout(10353): The resume  with hash has been set as latest
I/art     (10353): Starting a blocking GC Explicit
I/art     (10353): Explicit concurrent mark sweep GC freed 5321(251KB) AllocSpace objects, 1(20KB) LOS objects, 39% free, 10MB/18MB, paused 952us total 41.055ms
D/Mono    (10353): GC_TAR_BRIDGE bridges 146 objects 328 opaque 104 colors 146 colors-bridged 146 colors-visible 146 xref 2 cache-hit 0 cache-semihit 0 cache-miss 0 setup 0.08ms tarjan 0.35ms scc-setup 0.10ms gather-xref 0.01ms xref-setup 0.00ms cleanup 0.05ms
D/Mono    (10353): GC_BRIDGE: Complete, was running for 44.89ms
D/Mono    (10353): GC_MINOR: (Nursery full) time 20.07ms, stw 20.52ms promoted 885K major size: 1920K in use: 1161K los size: 1024K in use: 367K
I/mono-stdout(10353): done making call to: /consumer/saved-jobs/?DeveloperKey=WDHR8FC6P2JZ1Y61KLM5
I/mono-stdout(10353): done making call to: /consumer/jobs/search/?Keywords=&Location=&UseFacets=true&PageNumber=1&ExcludeNational=true&DeveloperKey=WDHR8FC6P2JZ1Y61KLM5
D/Mono    (10353): [0xbfb77920] worker starting
I/mono-stdout(10353): uri is: https://api.careerbuilder.com/consumer/saved-jobs/?DeveloperKey=WDHR8FC6P2JZ1Y61KLM5
I/mono-stdout(10353): making api call to: /consumer/saved-jobs/?DeveloperKey=WDHR8FC6P2JZ1Y61KLM5
I/mono-stdout(10353): Method: GET, RequestUri: 'https://api.careerbuilder.com/consumer/saved-jobs/?DeveloperKey=WDHR8FC6P2JZ1Y61KLM5', Version: 1.1, Content: <null>, Headers:
I/mono-stdout(10353): {
I/mono-stdout(10353): DeveloperKey: WDHR8FC6P2JZ1Y61KLM5
I/mono-stdout(10353): Accept: application/json
I/mono-stdout(10353): Authorization: Bearer test
I/mono-stdout(10353): HostSite: US
I/mono-stdout(10353): }
I/mono-stdout(10353): Current State = 1,2,6,7
I/mono-stdout(10353): applied jobs = 6
I/mono-stdout(10353): expired jobs = 7
I/mono-stdout(10353): saved jobs = Saved,Saved,Applied,Saved
E/RecyclerView(10353): No adapter attached; skipping layout
W/art     (10353): JNI RegisterNativeMethods: attempt to register 0 native methods for md539c3d548fb000cea9f34163fa7e112ea.ProgressListItemViewHolder
W/ResourceType(10353): No known package when getting name for resource number 0xffffffff
W/ResourceType(10353): No known package when getting name for resource number 0xffffffff
W/ResourceType(10353): No known package when getting name for resource number 0xffffffff
W/ResourceType(10353): No known package when getting name for resource number 0xffffffff
W/ResourceType(10353): No known package when getting name for resource number 0xffffffff
W/ResourceType(10353): No known package when getting name for resource number 0xffffffff
W/ResourceType(10353): No known package when getting name for resource number 0xffffffff
W/ResourceType(10353): No known package when getting name for resource number 0xffffffff
W/ResourceType(10353): No known package when getting name for resource number 0xffffffff
W/ResourceType(10353): No known package when getting name for resource number 0xffffffff
W/ResourceType(10353): No known package when getting name for resource number 0xffffffff
D/Mono    (10353): Assembly Ref addref Xamarin.Android.Support.v7.AppCompat[0xd8918da0] -> System.Core[0xd89198e0]: 15
I/Choreographer(10353): Skipped 135 frames!  The application may be doing too much work on its main thread.
E/RecyclerView(10353): No adapter attached; skipping layout
I/System.out(10353): URI: /map
I/System.out(10353): params: {json={"query":"* marked:'Job 1'","operation":{"method_name":"query","arguments":[]}}
I/System.out(10353): }
D/Mono    (10353): DllImport searching in: '__Internal' ('(null)').
D/Mono    (10353): Searching for 'java_interop_jnienv_call_void_method'.
D/Mono    (10353): Probing 'java_interop_jnienv_call_void_method'.
D/Mono    (10353): Found as 'java_interop_jnienv_call_void_method'.
I/ActivityManager(  993): Displayed com.careerbuilder.SugarDrone/md5a4824aa66c0dc4d104077b72c1916a44.MasterNavActivity: +3s416ms
E/RecyclerView(10353): No adapter attached; skipping layout
I/mono-stdout(10353): done making call to: /consumer/saved-jobs/?DeveloperKey=WDHR8FC6P2JZ1Y61KLM5
D/Mono    (10353): DllImport searching in: '__Internal' ('(null)').
D/Mono    (10353): Searching for 'java_interop_jnienv_set_int_field'.
D/Mono    (10353): Probing 'java_interop_jnienv_set_int_field'.
D/Mono    (10353): Found as 'java_interop_jnienv_set_int_field'.
W/ResourceType(10353): No known package when getting name for resource number 0xffffffff
W/ResourceType(10353): No known package when getting name for resource number 0xffffffff
W/ResourceType(10353): No known package when getting name for resource number 0xffffffff
W/ResourceType(10353): No known package when getting name for resource number 0xffffffff
W/ResourceType(10353): No known package when getting name for resource number 0xffffffff
W/ResourceType(10353): No known package when getting name for resource number 0xffffffff
W/ResourceType(10353): No known package when getting name for resource number 0xffffffff
W/ResourceType(10353): No known package when getting name for resource number 0xffffffff
W/ResourceType(10353): No known package when getting name for resource number 0xffffffff
W/ResourceType(10353): No known package when getting name for resource number 0xffffffff
W/ResourceType(10353): No known package when getting name for resource number 0xffffffff
W/ResourceType(10353): No known package when getting name for resource number 0xffffffff
W/ResourceType(10353): No known package when getting name for resource number 0xffffffff
W/ResourceType(10353): No known package when getting name for resource number 0xffffffff
W/ResourceType(10353): No known package when getting name for resource number 0xffffffff
W/ResourceType(10353): No known package when getting name for resource number 0xffffffff
W/ResourceType(10353): No known package when getting name for resource number 0xffffffff
W/ResourceType(10353): No known package when getting name for resource number 0xffffffff
W/ResourceType(10353): No known package when getting name for resource number 0xffffffff
W/ResourceType(10353): No known package when getting name for resource number 0xffffffff
W/ResourceType(10353): No known package when getting name for resource number 0xffffffff
W/ResourceType(10353): No known package when getting name for resource number 0xffffffff
W/ResourceType(10353): No known package when getting name for resource number 0xffffffff
W/ResourceType(10353): No known package when getting name for resource number 0xffffffff
W/ResourceType(10353): No known package when getting name for resource number 0xffffffff
W/ResourceType(10353): No known package when getting name for resource number 0xffffffff
W/ResourceType(10353): No known package when getting name for resource number 0xffffffff
W/ResourceType(10353): No known package when getting name for resource number 0xffffffff
W/ResourceType(10353): No known package when getting name for resource number 0xffffffff
W/ResourceType(10353): No known package when getting name for resource number 0xffffffff
W/ResourceType(10353): No known package when getting name for resource number 0xffffffff
W/ResourceType(10353): No known package when getting name for resource number 0xffffffff
W/ResourceType(10353): No known package when getting name for resource number 0xffffffff
W/ResourceType(10353): No known package when getting name for resource number 0xffffffff
W/ResourceType(10353): No known package when getting name for resource number 0xffffffff
W/ResourceType(10353): No known package when getting name for resource number 0xffffffff
W/ResourceType(10353): No known package when getting name for resource number 0xffffffff
W/ResourceType(10353): No known package when getting name for resource number 0xffffffff
W/ResourceType(10353): No known package when getting name for resource number 0xffffffff
W/ResourceType(10353): No known package when getting name for resource number 0xffffffff
W/ResourceType(10353): No known package when getting name for resource number 0xffffffff
W/ResourceType(10353): No known package when getting name for resource number 0xffffffff
W/ResourceType(10353): No known package when getting name for resource number 0xffffffff
W/ResourceType(10353): No known package when getting name for resource number 0xffffffff
W/ResourceType(10353): No known package when getting name for resource number 0xffffffff
W/ResourceType(10353): No known package when getting name for resource number 0xffffffff
W/ResourceType(10353): No known package when getting name for resource number 0xffffffff
I/Choreographer(10353): Skipped 41 frames!  The application may be doing too much work on its main thread.
E/RecyclerView(10353): No adapter attached; skipping layout
W/art     (10353): JNI RegisterNativeMethods: attempt to register 0 native methods for md539c3d548fb000cea9f34163fa7e112ea.JobResultViewHolder
W/art     (10353): JNI RegisterNativeMethods: attempt to register 0 native methods for md543b91ad655f5c020e54c78f692da973f.SnapshotView
I/System.out(10353): URI: /map
I/System.out(10353): params: {json={"query":"* marked:'Job 1'","operation":{"method_name":"query","arguments":[]}}
I/System.out(10353): }
W/ResourceType(10353): No known package when getting name for resource number 0xffffffff
W/ResourceType(10353): No known package when getting name for resource number 0xffffffff
W/ResourceType(10353): No known package when getting name for resource number 0xffffffff
W/ResourceType(10353): No known package when getting name for resource number 0xffffffff
W/ResourceType(10353): No known package when getting name for resource number 0xffffffff
W/ResourceType(10353): No known package when getting name for resource number 0xffffffff
W/ResourceType(10353): No known package when getting name for resource number 0xffffffff
W/ResourceType(10353): No known package when getting name for resource number 0xffffffff
W/ResourceType(10353): No known package when getting name for resource number 0xffffffff
W/ResourceType(10353): No known package when getting name for resource number 0xffffffff
W/ResourceType(10353): No known package when getting name for resource number 0xffffffff
W/ResourceType(10353): No known package when getting name for resource number 0xffffffff
W/ResourceType(10353): No known package when getting name for resource number 0xffffffff
W/ResourceType(10353): No known package when getting name for resource number 0xffffffff
W/ResourceType(10353): No known package when getting name for resource number 0xffffffff
W/ResourceType(10353): No known package when getting name for resource number 0xffffffff
W/ResourceType(10353): No known package when getting name for resource number 0xffffffff
W/ResourceType(10353): No known package when getting name for resource number 0xffffffff
W/ResourceType(10353): No known package when getting name for resource number 0xffffffff
W/ResourceType(10353): No known package when getting name for resource number 0xffffffff
W/ResourceType(10353): No known package when getting name for resource number 0xffffffff
W/ResourceType(10353): No known package when getting name for resource number 0xffffffff
W/ResourceType(10353): No known package when getting name for resource number 0xffffffff
W/ResourceType(10353): No known package when getting name for resource number 0xffffffff
W/ResourceType(10353): No known package when getting name for resource number 0xffffffff
W/ResourceType(10353): No known package when getting name for resource number 0xffffffff
W/ResourceType(10353): No known package when getting name for resource number 0xffffffff
W/ResourceType(10353): No known package when getting name for resource number 0xffffffff
W/ResourceType(10353): No known package when getting name for resource number 0xffffffff
W/ResourceType(10353): No known package when getting name for resource number 0xffffffff
W/ResourceType(10353): No known package when getting name for resource number 0xffffffff
W/ResourceType(10353): No known package when getting name for resource number 0xffffffff
W/ResourceType(10353): No known package when getting name for resource number 0xffffffff
W/ResourceType(10353): No known package when getting name for resource number 0xffffffff
W/ResourceType(10353): No known package when getting name for resource number 0xffffffff
W/ResourceType(10353): No known package when getting name for resource number 0xffffffff
W/ResourceType(10353): No known package when getting name for resource number 0xffffffff
W/ResourceType(10353): No known package when getting name for resource number 0xffffffff
W/ResourceType(10353): No known package when getting name for resource number 0xffffffff
W/ResourceType(10353): No known package when getting name for resource number 0xffffffff
W/ResourceType(10353): No known package when getting name for resource number 0xffffffff
W/ResourceType(10353): No known package when getting name for resource number 0xffffffff
W/ResourceType(10353): No known package when getting name for resource number 0xffffffff
W/ResourceType(10353): No known package when getting name for resource number 0xffffffff
W/ResourceType(10353): No known package when getting name for resource number 0xffffffff
W/ResourceType(10353): No known package when getting name for resource number 0xffffffff
W/ResourceType(10353): No known package when getting name for resource number 0xffffffff
W/ResourceType(10353): No known package when getting name for resource number 0xffffffff
W/ResourceType(10353): No known package when getting name for resource number 0xffffffff
W/ResourceType(10353): No known package when getting name for resource number 0xffffffff
W/ResourceType(10353): No known package when getting name for resource number 0xffffffff
W/ResourceType(10353): No known package when getting name for resource number 0xffffffff
W/ResourceType(10353): No known package when getting name for resource number 0xffffffff
W/ResourceType(10353): No known package when getting name for resource number 0xffffffff
W/ResourceType(10353): No known package when getting name for resource number 0xffffffff
W/ResourceType(10353): No known package when getting name for resource number 0xffffffff
W/ResourceType(10353): No known package when getting name for resource number 0xffffffff
W/ResourceType(10353): No known package when getting name for resource number 0xffffffff
W/ResourceType(10353): No known package when getting name for resource number 0xffffffff
W/ResourceType(10353): No known package when getting name for resource number 0xffffffff
W/ResourceType(10353): No known package when getting name for resource number 0xffffffff
W/ResourceType(10353): No known package when getting name for resource number 0xffffffff
W/ResourceType(10353): No known package when getting name for resource number 0xffffffff
W/ResourceType(10353): No known package when getting name for resource number 0xffffffff
W/ResourceType(10353): No known package when getting name for resource number 0xffffffff
W/ResourceType(10353): No known package when getting name for resource number 0xffffffff
W/ResourceType(10353): No known package when getting name for resource number 0xffffffff
I/System.out(10353): URI: /map
I/System.out(10353): params: {json={"query":"* marked:'Job 1'","operation":{"method_name":"query","arguments":[]}}
I/System.out(10353): }
W/ResourceType(10353): No known package when getting name for resource number 0xffffffff
W/ResourceType(10353): No known package when getting name for resource number 0xffffffff
W/ResourceType(10353): No known package when getting name for resource number 0xffffffff
W/ResourceType(10353): No known package when getting name for resource number 0xffffffff
W/ResourceType(10353): No known package when getting name for resource number 0xffffffff
W/ResourceType(10353): No known package when getting name for resource number 0xffffffff
W/ResourceType(10353): No known package when getting name for resource number 0xffffffff
W/ResourceType(10353): No known package when getting name for resource number 0xffffffff
W/ResourceType(10353): No known package when getting name for resource number 0xffffffff
W/ResourceType(10353): No known package when getting name for resource number 0xffffffff
W/ResourceType(10353): No known package when getting name for resource number 0xffffffff
W/ResourceType(10353): No known package when getting name for resource number 0xffffffff
W/ResourceType(10353): No known package when getting name for resource number 0xffffffff
W/ResourceType(10353): No known package when getting name for resource number 0xffffffff
W/ResourceType(10353): No known package when getting name for resource number 0xffffffff
W/ResourceType(10353): No known package when getting name for resource number 0xffffffff
W/ResourceType(10353): No known package when getting name for resource number 0xffffffff
W/ResourceType(10353): No known package when getting name for resource number 0xffffffff
W/ResourceType(10353): No known package when getting name for resource number 0xffffffff
W/ResourceType(10353): No known package when getting name for resource number 0xffffffff
W/ResourceType(10353): No known package when getting name for resource number 0xffffffff
W/ResourceType(10353): No known package when getting name for resource number 0xffffffff
W/ResourceType(10353): No known package when getting name for resource number 0xffffffff
W/ResourceType(10353): No known package when getting name for resource number 0xffffffff
W/ResourceType(10353): No known package when getting name for resource number 0xffffffff
W/ResourceType(10353): No known package when getting name for resource number 0xffffffff
W/ResourceType(10353): No known package when getting name for resource number 0xffffffff
W/ResourceType(10353): No known package when getting name for resource number 0xffffffff
W/ResourceType(10353): No known package when getting name for resource number 0xffffffff
W/ResourceType(10353): No known package when getting name for resource number 0xffffffff
W/ResourceType(10353): No known package when getting name for resource number 0xffffffff
W/ResourceType(10353): No known package when getting name for resource number 0xffffffff
W/ResourceType(10353): No known package when getting name for resource number 0xffffffff
W/ResourceType(10353): No known package when getting name for resource number 0xffffffff
W/ResourceType(10353): No known package when getting name for resource number 0xffffffff
W/ResourceType(10353): No known package when getting name for resource number 0xffffffff
W/ResourceType(10353): No known package when getting name for resource number 0xffffffff
W/ResourceType(10353): No known package when getting name for resource number 0xffffffff
W/ResourceType(10353): No known package when getting name for resource number 0xffffffff
W/ResourceType(10353): No known package when getting name for resource number 0xffffffff
W/ResourceType(10353): No known package when getting name for resource number 0xffffffff
W/ResourceType(10353): No known package when getting name for resource number 0xffffffff
W/ResourceType(10353): No known package when getting name for resource number 0xffffffff
W/ResourceType(10353): No known package when getting name for resource number 0xffffffff
W/ResourceType(10353): No known package when getting name for resource number 0xffffffff
W/ResourceType(10353): No known package when getting name for resource number 0xffffffff
W/ResourceType(10353): No known package when getting name for resource number 0xffffffff
W/ResourceType(10353): No known package when getting name for resource number 0xffffffff
W/ResourceType(10353): No known package when getting name for resource number 0xffffffff
W/ResourceType(10353): No known package when getting name for resource number 0xffffffff
W/ResourceType(10353): No known package when getting name for resource number 0xffffffff
W/ResourceType(10353): No known package when getting name for resource number 0xffffffff
W/ResourceType(10353): No known package when getting name for resource number 0xffffffff
W/ResourceType(10353): No known package when getting name for resource number 0xffffffff
W/ResourceType(10353): No known package when getting name for resource number 0xffffffff
W/ResourceType(10353): No known package when getting name for resource number 0xffffffff
W/ResourceType(10353): No known package when getting name for resource number 0xffffffff
W/ResourceType(10353): No known package when getting name for resource number 0xffffffff
W/ResourceType(10353): No known package when getting name for resource number 0xffffffff
W/ResourceType(10353): No known package when getting name for resource number 0xffffffff
W/ResourceType(10353): No known package when getting name for resource number 0xffffffff
W/ResourceType(10353): No known package when getting name for resource number 0xffffffff
W/ResourceType(10353): No known package when getting name for resource number 0xffffffff
W/ResourceType(10353): No known package when getting name for resource number 0xffffffff
W/ResourceType(10353): No known package when getting name for resource number 0xffffffff
W/ResourceType(10353): No known package when getting name for resource number 0xffffffff
W/ResourceType(10353): No known package when getting name for resource number 0xffffffff
I/WindowManager(  993): Destroying surface Surface(name=com.careerbuilder.SugarDrone/md5a4824aa66c0dc4d104077b72c1916a44.TermsAndConditionsActivity) called by com.android.server.wm.WindowStateAnimator.destroySurface:2014 com.android.server.wm.WindowStateAnimator.destroySurfaceLocked:881 com.android.server.wm.WindowState.destroyOrSaveSurface:2073 com.android.server.wm.AppWindowToken.destroySurfaces:363 com.android.server.wm.AppWindowToken.notifyAppStopped:389 com.android.server.wm.WindowManagerService.notifyAppStopped:4456 com.android.server.am.ActivityStack.activityStoppedLocked:1252 com.android.server.am.ActivityManagerService.activityStopped:6873 
I/WindowManager(  993): Destroying surface Surface(name=com.careerbuilder.SugarDrone/md5a4824aa66c0dc4d104077b72c1916a44.TermsAndConditionsActivity) called by com.android.server.wm.WindowStateAnimator.destroySurface:2014 com.android.server.wm.WindowStateAnimator.destroySurfaceLocked:881 com.android.server.wm.WindowState.destroyOrSaveSurface:2073 com.android.server.wm.AppWindowToken.destroySurfaces:363 com.android.server.wm.AppWindowToken.notifyAppStopped:389 com.android.server.wm.WindowManagerService.notifyAppStopped:4456 com.android.server.am.ActivityStack.activityStoppedLocked:1252 com.android.server.am.ActivityManagerService.activityStopped:6873 
W/SurfaceFlinger(  401): couldn't log to binary event log: overflow.
I/System.out(10353): URI: /
I/System.out(10353): params: {json={"command":"touch_coordinate","arguments":[512.0,583.0]}
I/System.out(10353): }
I/System.out(10353): header: {content-type=application/json; charset=utf-8, connection=close, host=devicehost155.prod, x-session-token=token-token-c0abb90d-ed63-4f81-b4a4-f68bd1e71d51, content-length=56, x-forwarded-for=10.222.150.14}
I/System.out(10353): params: {json={"command":"touch_coordinate","arguments":[512.0,583.0]}
I/System.out(10353): }
I/System.out(10353): ProP json = {"command":"touch_coordinate","arguments":[512.0,583.0]}
I/System.out(10353): files: {}
I/System.out(10353): command: {"command":"touch_coordinate","arguments":[512.0,583.0]}
I/InstrumentationBackend(10353): Got command:'Command:'Line:null,touch_coordinate', arguments:'[512.0, 583.0]'
I/art     (10353): Starting a blocking GC Explicit
I/art     (10353): Explicit concurrent mark sweep GC freed 53905(2MB) AllocSpace objects, 5(100KB) LOS objects, 39% free, 12MB/20MB, paused 804us total 53.825ms
D/audio_hw_primary(  511): select_devices: changing use case low-latency-playback output device from(0: none, acdb -1) to (2: speaker, acdb 14)
D/Mono    (10353): Assembly Ref addref CareerBuilder_Search.Droid[0xd89183e0] -> Xamarin.Android.Support.v7.CardView[0xd8918e60]: 2
I/calabash(10353): execStartActivity 4
I/ActivityManager(  993): START u0 {cmp=com.careerbuilder.SugarDrone/md5a4824aa66c0dc4d104077b72c1916a44.JobDisplayPageActivity (has extras)} from uid 18867 on display 0
I/calabash(10353): newActivity1
I/System.out(10353): result:{"bonusInformation":[],"message":"","success":true}
I/System.out(10353): URI: /map
I/System.out(10353): params: {json={"query":"* marked:'travelCard'","operation":{"method_name":"query","arguments":[]}}
I/System.out(10353): }
W/System  (10353): ClassLoader referenced unknown path: /system/app/Chrome/lib/arm
I/WebViewFactory(10353): Loading com.android.chrome version 51.0.2704.90 (code 275509052)
I/cr_LibraryLoader(10353): Time to load native libraries: 25 ms (timestamps 668-693)
I/cr_LibraryLoader(10353): Expected native library version number "51.0.2704.90", actual native library version number "51.0.2704.90"
V/WebViewChromiumFactoryProvider(10353): Binding Chromium to main looper Looper (main, tid 1) {e19c4f8}
I/cr_LibraryLoader(10353): Expected native library version number "51.0.2704.90", actual native library version number "51.0.2704.90"
I/chromium(10353): [INFO:library_loader_hooks.cc(143)] Chromium logging enabled: level = 0, default verbosity = 0
I/cr_BrowserStartup(10353): Initializing chromium process, singleProcess=true
W/cr_media(10353): Requires BLUETOOTH permission
D/Mono    (10353): Unloading image System.Runtime.Extensions.dll [0xbffd1000].
D/Mono    (10353): Image addref System.Runtime.Extensions[0xc0998380] -> System.Runtime.Extensions.dll[0xc43a4800]: 8
D/Mono    (10353): Config attempting to parse: 'System.Runtime.Extensions.dll.config'.
D/Mono    (10353): Config attempting to parse: '/Users/builder/data/lanes/4009/3a62f1ea/source/monodroid/builds/install/mono-armv6/etc/mono/assemblies/System.Runtime.Extensions/System.Runtime.Extensions.config'.
D/Mono    (10353): Assembly Ref addref CareerBuilder_Search[0xd8919280] -> System.Runtime.Extensions[0xdd638560]: 6
I/mono-stdout(10353): uri is: https://api.careerbuilder.com/v3/job?DID=job1&outputjson=true&ShowApplyRequirements=true&DeveloperKey=WDHR8FC6P2JZ1Y61KLM5
I/mono-stdout(10353): making api call to: /v3/job?DID=job1&outputjson=true&ShowApplyRequirements=true&DeveloperKey=WDHR8FC6P2JZ1Y61KLM5
I/art     (10353): Do full code cache collection, code=88KB, data=126KB
I/art     (10353): After code cache collection, code=78KB, data=85KB
W/ResourceType(10353): No known package when getting name for resource number 0xffffffff
W/ResourceType(10353): No known package when getting name for resource number 0xffffffff
W/ResourceType(10353): No known package when getting name for resource number 0xffffffff
W/ResourceType(10353): No known package when getting name for resource number 0xffffffff
W/ResourceType(10353): No known package when getting name for resource number 0xffffffff
W/ResourceType(10353): No known package when getting name for resource number 0xffffffff
W/ResourceType(10353): No known package when getting name for resource number 0xffffffff
W/ResourceType(10353): No known package when getting name for resource number 0xffffffff
W/ResourceType(10353): No known package when getting name for resource number 0xffffffff
W/ResourceType(10353): No known package when getting name for resource number 0xffffffff
W/ResourceType(10353): No known package when getting name for resource number 0xffffffff
W/ResourceType(10353): No known package when getting name for resource number 0xffffffff
W/ResourceType(10353): No known package when getting name for resource number 0xffffffff
W/ResourceType(10353): No known package when getting name for resource number 0xffffffff
W/ResourceType(10353): No known package when getting name for resource number 0xffffffff
