<![CDATA[
]]><xtc-scenario name="[0-1033]CareerBuilder_Search.DroidFeatureTests.JDPTests.ApplyButtonShowsApplyNowTextForNonExternalApply" id="[0-1033]CareerBuilder_Search.DroidFeatureTests.JDPTests.ApplyButtonShowsApplyNowTextForNonExternalApply"><![CDATA[

]]><xtc-step name="[0-1033]CareerBuilder_Search.DroidFeatureTests.JDPTests.ApplyButtonShowsApplyNowTextForNonExternalApply-ApplyButtonShowsApplyNowTextForNonExternalApply" id="[0-1033]CareerBuilder_Search.DroidFeatureTests.JDPTests.ApplyButtonShowsApplyNowTextForNonExternalApply-ApplyButtonShowsApplyNowTextForNonExternalApply"><![CDATA[
D/AndroidRuntime( 5115): 
D/AndroidRuntime( 5115): >>>>>> AndroidRuntime START com.android.internal.os.RuntimeInit <<<<<<
D/AndroidRuntime( 5115): CheckJNI is OFF
D/dalvikvm( 5115): Trying to load lib libjavacore.so 0x0
D/dalvikvm( 5115): Added shared lib libjavacore.so 0x0
D/dalvikvm( 5115): Trying to load lib libnativehelper.so 0x0
D/dalvikvm( 5115): Added shared lib libnativehelper.so 0x0
D/dalvikvm( 5115): No JNI_OnLoad found in libnativehelper.so 0x0, skipping init
D/dalvikvm( 5115): Note: class Landroid/app/ActivityManagerNative; has 179 unimplemented (abstract) methods
D/AndroidRuntime( 5115): Calling main entry com.android.commands.pm.Pm
D/AndroidRuntime( 5115): Shutting down VM
D/dalvikvm( 5115): GC_CONCURRENT freed 248K, 31% free 567K/816K, paused 0ms+0ms, total 3ms
D/AndroidRuntime( 5518): 
D/AndroidRuntime( 5518): >>>>>> AndroidRuntime START com.android.internal.os.RuntimeInit <<<<<<
D/AndroidRuntime( 5518): CheckJNI is OFF
D/dalvikvm( 5518): Trying to load lib libjavacore.so 0x0
D/dalvikvm( 5518): Added shared lib libjavacore.so 0x0
D/dalvikvm( 5518): Trying to load lib libnativehelper.so 0x0
D/dalvikvm( 5518): Added shared lib libnativehelper.so 0x0
D/dalvikvm( 5518): No JNI_OnLoad found in libnativehelper.so 0x0, skipping init
D/dalvikvm( 5518): Note: class Landroid/app/ActivityManagerNative; has 179 unimplemented (abstract) methods
D/AndroidRuntime( 5518): Calling main entry com.android.commands.am.Am
D/AndroidRuntime( 5518): Shutting down VM
D/dalvikvm( 5518): GC_CONCURRENT freed 93K, 15% free 553K/648K, paused 0ms+0ms, total 2ms
--------- beginning of /dev/log/system
W/ActivityManager(  571): Invalid packageName: com.careerbuilder.SugarDrone
D/AndroidRuntime( 6156): 
D/AndroidRuntime( 6156): >>>>>> AndroidRuntime START com.android.internal.os.RuntimeInit <<<<<<
D/AndroidRuntime( 6156): CheckJNI is OFF
D/dalvikvm( 6156): Trying to load lib libjavacore.so 0x0
D/dalvikvm( 6156): Added shared lib libjavacore.so 0x0
D/dalvikvm( 6156): Trying to load lib libnativehelper.so 0x0
D/dalvikvm( 6156): Added shared lib libnativehelper.so 0x0
D/dalvikvm( 6156): No JNI_OnLoad found in libnativehelper.so 0x0, skipping init
D/dalvikvm( 6156): Note: class Landroid/app/ActivityManagerNative; has 179 unimplemented (abstract) methods
D/AndroidRuntime( 6156): Calling main entry com.android.commands.pm.Pm
W/ActivityManager(  571): No content provider found for permission revoke: file:///data/local/tmp/0000002358
W/ActivityManager(  571): No content provider found for permission revoke: file:///data/local/tmp/0000002358
I/PackageManager(  571): Copying native libraries to /data/app-lib/vmdl-1399880861
D/dalvikvm(  571): GC_FOR_ALLOC freed 1033K, 12% free 19847K/22400K, paused 57ms, total 57ms
D/dalvikvm(  571): GC_CONCURRENT freed 1883K, 9% free 20680K/22604K, paused 3ms+6ms, total 72ms
D/dalvikvm(  571): WAIT_FOR_CONCURRENT_GC blocked 63ms
D/dalvikvm(  571): GC_FOR_ALLOC freed 2732K, 13% free 20714K/23644K, paused 69ms, total 69ms
D/dalvikvm(  571): GC_CONCURRENT freed 2815K, 13% free 20732K/23692K, paused 3ms+5ms, total 73ms
D/dalvikvm(  571): WAIT_FOR_CONCURRENT_GC blocked 70ms
D/dalvikvm(  571): GC_CONCURRENT freed 2832K, 13% free 20777K/23704K, paused 4ms+6ms, total 73ms
D/dalvikvm(  571): WAIT_FOR_CONCURRENT_GC blocked 66ms
I/PackageManager(  571): Running dexopt on: com.careerbuilder.SugarDrone
W/dalvikvm( 6239): method Landroid/support/v7/widget/ListViewCompat;.lookForSelectablePosition incorrectly overrides package-private method with same name in Landroid/widget/ListView;
D/dalvikvm( 6239): DexOpt: couldn't find static field Landroid/os/Build;.SUPPORTED_ABIS
D/dalvikvm( 6239): DexOpt: load 294ms, verify+opt 1596ms, 3733380 bytes
I/ActivityManager(  571): Force stopping com.careerbuilder.SugarDrone appid=18485 user=-1: update pkg
W/PackageManager(  571): Not granting permission android.permission.MANAGE_DOCUMENTS to package com.careerbuilder.SugarDrone (protectionLevel=2 flags=0x8be46)
W/PackageManager(  571): Not granting permission android.permission.MOUNT_UNMOUNT_FILESYSTEMS to package com.careerbuilder.SugarDrone (protectionLevel=18 flags=0x8be46)
I/InputReader(  571): Reconfiguring input devices.  changes=0x00000010
D/dalvikvm(  815): GC_CONCURRENT freed 449K, 5% free 9240K/9720K, paused 2ms+2ms, total 22ms
D/BackupManagerService(  571): Received broadcast Intent { act=android.intent.action.PACKAGE_ADDED dat=package:com.careerbuilder.SugarDrone flg=0x4000010 (has extras) }
V/BackupManagerService(  571): addPackageParticipantsLocked: #1
I/Icing.InternalIcingCorporaProvider( 1348): Updating corpora: A: com.careerbuilder.SugarDrone, C: MAYBE
D/dalvikvm( 1348): GC_CONCURRENT freed 345K, 5% free 9578K/10060K, paused 2ms+1ms, total 24ms
I/PeopleContactsSync(  866): triggerPendingContactsCleanup: no accounts
D/Wear_Controller(  866): Received broadcast action=android.intent.action.PACKAGE_ADDED and uri=com.careerbuilder.SugarDrone
W/IcingInternalCorpora(  866): getNumBytesRead when not calculated.
D/dalvikvm(  571): GC_EXPLICIT freed 2001K, 12% free 20913K/23704K, paused 4ms+16ms, total 322ms
D/AndroidRuntime( 6156): Shutting down VM
D/dalvikvm( 6156): GC_CONCURRENT freed 95K, 15% free 561K/660K, paused 0ms+0ms, total 3ms
D/dalvikvm(  866): GC_FOR_ALLOC freed 1068K, 11% free 12347K/13820K, paused 45ms, total 45ms
I/ActivityManager(  571): Delay finish: com.google.android.gms/.chimera.GmsIntentOperationService$PersistentInternalReceiver
I/Icing   (  866): Usage reports 0 indexed 0 rejected 0 imm upload true
I/Icing   (  866): Usage reports 0 indexed 0 rejected 0 imm upload false
I/Icing.InternalIcingCorporaProvider( 1348): UpdateCorporaTask done [took 339 ms] updated apps [took 339 ms] 
I/ActivityManager(  571): Resuming delayed broadcast
I/Icing   (  866): Usage reports 0 indexed 0 rejected 0 imm upload false
D/AndroidRuntime( 6333): 
D/AndroidRuntime( 6333): >>>>>> AndroidRuntime START com.android.internal.os.RuntimeInit <<<<<<
D/AndroidRuntime( 6333): CheckJNI is OFF
D/dalvikvm( 6333): Trying to load lib libjavacore.so 0x0
D/dalvikvm( 6333): Added shared lib libjavacore.so 0x0
D/dalvikvm( 6333): Trying to load lib libnativehelper.so 0x0
D/dalvikvm( 6333): Added shared lib libnativehelper.so 0x0
D/dalvikvm( 6333): No JNI_OnLoad found in libnativehelper.so 0x0, skipping init
D/dalvikvm( 6333): Note: class Landroid/app/ActivityManagerNative; has 179 unimplemented (abstract) methods
D/AndroidRuntime( 6333): Calling main entry com.android.commands.settings.SettingsCmd
D/AndroidRuntime( 6333): Shutting down VM
D/dalvikvm( 6333): GC_CONCURRENT freed 96K, 16% free 562K/664K, paused 0ms+0ms, total 2ms
I/Icing   (  866): Indexing 5DEEA38537210BEE0F2C135EA4D174C2C8299805 from com.google.android.googlequicksearchbox
I/Icing   (  866): Indexing done 5DEEA38537210BEE0F2C135EA4D174C2C8299805
I/Icing   (  866): Indexing A71B48A243897ACCCBB490823C9E3D3488B33FED from com.google.android.gms
D/dalvikvm(  866): GC_FOR_ALLOC freed 1020K, 11% free 12309K/13820K, paused 34ms, total 34ms
I/Icing   (  866): Indexing done A71B48A243897ACCCBB490823C9E3D3488B33FED
D/AndroidRuntime( 6361): 
D/AndroidRuntime( 6361): >>>>>> AndroidRuntime START com.android.internal.os.RuntimeInit <<<<<<
D/AndroidRuntime( 6361): CheckJNI is OFF
D/dalvikvm( 6361): Trying to load lib libjavacore.so 0x0
D/dalvikvm( 6361): Added shared lib libjavacore.so 0x0
D/dalvikvm( 6361): Trying to load lib libnativehelper.so 0x0
D/dalvikvm( 6361): Added shared lib libnativehelper.so 0x0
D/dalvikvm( 6361): No JNI_OnLoad found in libnativehelper.so 0x0, skipping init
D/dalvikvm( 6361): Note: class Landroid/app/ActivityManagerNative; has 179 unimplemented (abstract) methods
D/AndroidRuntime( 6361): Calling main entry com.android.commands.settings.SettingsCmd
D/AndroidRuntime( 6361): Shutting down VM
D/dalvikvm( 6361): GC_CONCURRENT freed 96K, 15% free 562K/660K, paused 1ms+1ms, total 3ms
D/AndroidRuntime( 6388): 
D/AndroidRuntime( 6388): >>>>>> AndroidRuntime START com.android.internal.os.RuntimeInit <<<<<<
D/AndroidRuntime( 6388): CheckJNI is OFF
D/dalvikvm( 6388): Trying to load lib libjavacore.so 0x0
D/dalvikvm( 6388): Added shared lib libjavacore.so 0x0
D/dalvikvm( 6388): Trying to load lib libnativehelper.so 0x0
D/dalvikvm( 6388): Added shared lib libnativehelper.so 0x0
D/dalvikvm( 6388): No JNI_OnLoad found in libnativehelper.so 0x0, skipping init
D/dalvikvm( 6388): Note: class Landroid/app/ActivityManagerNative; has 179 unimplemented (abstract) methods
D/AndroidRuntime( 6388): Calling main entry com.android.commands.settings.SettingsCmd
D/AndroidRuntime( 6388): Shutting down VM
D/dalvikvm( 6388): GC_CONCURRENT freed 96K, 15% free 562K/660K, paused 1ms+0ms, total 3ms
D/AndroidRuntime( 6422): 
D/AndroidRuntime( 6422): >>>>>> AndroidRuntime START com.android.internal.os.RuntimeInit <<<<<<
D/AndroidRuntime( 6422): CheckJNI is OFF
D/dalvikvm( 6422): Trying to load lib libjavacore.so 0x0
D/dalvikvm( 6422): Added shared lib libjavacore.so 0x0
D/dalvikvm( 6422): Trying to load lib libnativehelper.so 0x0
D/dalvikvm( 6422): Added shared lib libnativehelper.so 0x0
D/dalvikvm( 6422): No JNI_OnLoad found in libnativehelper.so 0x0, skipping init
D/dalvikvm( 6422): Note: class Landroid/app/ActivityManagerNative; has 179 unimplemented (abstract) methods
D/AndroidRuntime( 6422): Calling main entry com.android.commands.settings.SettingsCmd
D/AndroidRuntime( 6422): Shutting down VM
D/dalvikvm( 6422): GC_CONCURRENT freed 96K, 15% free 562K/660K, paused 0ms+0ms, total 2ms
D/AndroidRuntime( 6455): 
D/AndroidRuntime( 6455): >>>>>> AndroidRuntime START com.android.internal.os.RuntimeInit <<<<<<
D/AndroidRuntime( 6455): CheckJNI is OFF
D/dalvikvm( 6455): Trying to load lib libjavacore.so 0x0
D/dalvikvm( 6455): Added shared lib libjavacore.so 0x0
D/dalvikvm( 6455): Trying to load lib libnativehelper.so 0x0
D/dalvikvm( 6455): Added shared lib libnativehelper.so 0x0
D/dalvikvm( 6455): No JNI_OnLoad found in libnativehelper.so 0x0, skipping init
D/dalvikvm( 6455): Note: class Landroid/app/ActivityManagerNative; has 179 unimplemented (abstract) methods
D/AndroidRuntime( 6455): Calling main entry com.android.commands.settings.SettingsCmd
D/AndroidRuntime( 6455): Shutting down VM
D/dalvikvm( 6455): GC_CONCURRENT freed 96K, 15% free 562K/660K, paused 1ms+0ms, total 3ms
D/AndroidRuntime( 6485): 
D/AndroidRuntime( 6485): >>>>>> AndroidRuntime START com.android.internal.os.RuntimeInit <<<<<<
D/AndroidRuntime( 6485): CheckJNI is OFF
D/dalvikvm( 6485): Trying to load lib libjavacore.so 0x0
D/dalvikvm( 6485): Added shared lib libjavacore.so 0x0
D/dalvikvm( 6485): Trying to load lib libnativehelper.so 0x0
D/dalvikvm( 6485): Added shared lib libnativehelper.so 0x0
D/dalvikvm( 6485): No JNI_OnLoad found in libnativehelper.so 0x0, skipping init
D/dalvikvm( 6485): Note: class Landroid/app/ActivityManagerNative; has 179 unimplemented (abstract) methods
D/AndroidRuntime( 6485): Calling main entry com.android.commands.settings.SettingsCmd
D/AndroidRuntime( 6485): Shutting down VM
D/dalvikvm( 6485): GC_CONCURRENT freed 96K, 15% free 562K/660K, paused 0ms+0ms, total 2ms
D/AndroidRuntime( 6513): 
D/AndroidRuntime( 6513): >>>>>> AndroidRuntime START com.android.internal.os.RuntimeInit <<<<<<
D/AndroidRuntime( 6513): CheckJNI is OFF
D/dalvikvm( 6513): Trying to load lib libjavacore.so 0x0
D/dalvikvm( 6513): Added shared lib libjavacore.so 0x0
D/dalvikvm( 6513): Trying to load lib libnativehelper.so 0x0
D/dalvikvm( 6513): Added shared lib libnativehelper.so 0x0
D/dalvikvm( 6513): No JNI_OnLoad found in libnativehelper.so 0x0, skipping init
D/dalvikvm( 6513): Note: class Landroid/app/ActivityManagerNative; has 179 unimplemented (abstract) methods
D/AndroidRuntime( 6513): Calling main entry com.android.commands.pm.Pm
D/AndroidRuntime( 6513): Shutting down VM
D/dalvikvm( 6513): GC_CONCURRENT freed 249K, 31% free 567K/820K, paused 1ms+0ms, total 3ms
D/AndroidRuntime( 6600): 
D/AndroidRuntime( 6600): >>>>>> AndroidRuntime START com.android.internal.os.RuntimeInit <<<<<<
D/AndroidRuntime( 6600): CheckJNI is OFF
D/dalvikvm( 6600): Trying to load lib libjavacore.so 0x0
D/dalvikvm( 6600): Added shared lib libjavacore.so 0x0
D/dalvikvm( 6600): Trying to load lib libnativehelper.so 0x0
D/dalvikvm( 6600): Added shared lib libnativehelper.so 0x0
D/dalvikvm( 6600): No JNI_OnLoad found in libnativehelper.so 0x0, skipping init
D/dalvikvm( 6600): Note: class Landroid/app/ActivityManagerNative; has 179 unimplemented (abstract) methods
D/AndroidRuntime( 6600): Calling main entry com.android.commands.pm.Pm
D/AndroidRuntime( 6600): Shutting down VM
D/dalvikvm( 6600): GC_CONCURRENT freed 249K, 31% free 567K/820K, paused 1ms+1ms, total 3ms
D/AndroidRuntime( 6716): 
D/AndroidRuntime( 6716): >>>>>> AndroidRuntime START com.android.internal.os.RuntimeInit <<<<<<
D/AndroidRuntime( 6716): CheckJNI is OFF
D/dalvikvm( 6716): Trying to load lib libjavacore.so 0x0
D/dalvikvm( 6716): Added shared lib libjavacore.so 0x0
D/dalvikvm( 6716): Trying to load lib libnativehelper.so 0x0
D/dalvikvm( 6716): Added shared lib libnativehelper.so 0x0
D/dalvikvm( 6716): No JNI_OnLoad found in libnativehelper.so 0x0, skipping init
D/dalvikvm( 6716): Note: class Landroid/app/ActivityManagerNative; has 179 unimplemented (abstract) methods
D/AndroidRuntime( 6716): Calling main entry com.android.commands.am.Am
D/AndroidRuntime( 6716): Shutting down VM
D/dalvikvm( 6716): GC_CONCURRENT freed 93K, 15% free 553K/648K, paused 1ms+0ms, total 3ms
W/ActivityManager(  571): Invalid packageName: com.careerbuilder.SugarDrone.test
D/AndroidRuntime( 6759): 
D/AndroidRuntime( 6759): >>>>>> AndroidRuntime START com.android.internal.os.RuntimeInit <<<<<<
D/AndroidRuntime( 6759): CheckJNI is OFF
D/dalvikvm( 6759): Trying to load lib libjavacore.so 0x0
D/dalvikvm( 6759): Added shared lib libjavacore.so 0x0
D/dalvikvm( 6759): Trying to load lib libnativehelper.so 0x0
D/dalvikvm( 6759): Added shared lib libnativehelper.so 0x0
D/dalvikvm( 6759): No JNI_OnLoad found in libnativehelper.so 0x0, skipping init
D/dalvikvm( 6759): Note: class Landroid/app/ActivityManagerNative; has 179 unimplemented (abstract) methods
D/AndroidRuntime( 6759): Calling main entry com.android.commands.pm.Pm
W/ActivityManager(  571): No content provider found for permission revoke: file:///data/local/tmp/0000002359
W/ActivityManager(  571): No content provider found for permission revoke: file:///data/local/tmp/0000002359
I/PackageManager(  571): Copying native libraries to /data/app-lib/vmdl-799820516
D/dalvikvm(  571): GC_CONCURRENT freed 4331K, 19% free 19535K/23916K, paused 4ms+6ms, total 91ms
I/PackageManager(  571): Running dexopt on: com.careerbuilder.SugarDrone.test
D/dalvikvm( 1316): GC_CONCURRENT freed 437K, 5% free 9574K/10048K, paused 1ms+2ms, total 16ms
D/Finsky  ( 1316): [1] 5.onFinished: Installation state replication succeeded.
D/dalvikvm( 6789): DexOpt: load 68ms, verify+opt 525ms, 1565836 bytes
I/ActivityManager(  571): Force stopping com.careerbuilder.SugarDrone.test appid=18486 user=-1: update pkg
I/InputReader(  571): Reconfiguring input devices.  changes=0x00000010
D/BackupManagerService(  571): Received broadcast Intent { act=android.intent.action.PACKAGE_ADDED dat=package:com.careerbuilder.SugarDrone.test flg=0x4000010 (has extras) }
V/BackupManagerService(  571): addPackageParticipantsLocked: #1
I/Icing.InternalIcingCorporaProvider( 1348): Updating corpora: A: com.careerbuilder.SugarDrone.test, C: MAYBE
D/dalvikvm(  571): GC_EXPLICIT freed 838K, 18% free 19653K/23916K, paused 26ms+10ms, total 231ms
D/AndroidRuntime( 6759): Shutting down VM
D/dalvikvm( 6759): GC_CONCURRENT freed 95K, 15% free 561K/660K, paused 0ms+1ms, total 2ms
I/Icing.InternalIcingCorporaProvider( 1348): UpdateCorporaTask done [took 70 ms] updated apps [took 70 ms] 
D/Wear_Controller(  866): Received broadcast action=android.intent.action.PACKAGE_ADDED and uri=com.careerbuilder.SugarDrone.test
I/PeopleContactsSync(  866): triggerPendingContactsCleanup: no accounts
W/IcingInternalCorpora(  866): getNumBytesRead when not calculated.
D/dalvikvm(  866): GC_FOR_ALLOC freed 893K, 11% free 12326K/13820K, paused 33ms, total 34ms
I/Icing   (  866): Usage reports 0 indexed 0 rejected 0 imm upload false
I/Icing   (  866): Usage reports 0 indexed 0 rejected 0 imm upload false
D/AndroidRuntime( 6851): 
D/AndroidRuntime( 6851): >>>>>> AndroidRuntime START com.android.internal.os.RuntimeInit <<<<<<
D/AndroidRuntime( 6851): CheckJNI is OFF
D/dalvikvm( 6851): Trying to load lib libjavacore.so 0x0
D/dalvikvm( 6851): Added shared lib libjavacore.so 0x0
D/dalvikvm( 6851): Trying to load lib libnativehelper.so 0x0
D/dalvikvm( 6851): Added shared lib libnativehelper.so 0x0
D/dalvikvm( 6851): No JNI_OnLoad found in libnativehelper.so 0x0, skipping init
D/dalvikvm( 6851): Note: class Landroid/app/ActivityManagerNative; has 179 unimplemented (abstract) methods
D/AndroidRuntime( 6851): Calling main entry com.android.commands.settings.SettingsCmd
D/AndroidRuntime( 6851): Shutting down VM
D/dalvikvm( 6851): GC_CONCURRENT freed 96K, 16% free 562K/664K, paused 0ms+1ms, total 3ms
I/Icing   (  866): Indexing A71B48A243897ACCCBB490823C9E3D3488B33FED from com.google.android.gms
I/Icing   (  866): Indexing done A71B48A243897ACCCBB490823C9E3D3488B33FED
D/AndroidRuntime( 6887): 
D/AndroidRuntime( 6887): >>>>>> AndroidRuntime START com.android.internal.os.RuntimeInit <<<<<<
D/AndroidRuntime( 6887): CheckJNI is OFF
D/dalvikvm( 6887): Trying to load lib libjavacore.so 0x0
D/dalvikvm( 6887): Added shared lib libjavacore.so 0x0
D/dalvikvm( 6887): Trying to load lib libnativehelper.so 0x0
D/dalvikvm( 6887): Added shared lib libnativehelper.so 0x0
D/dalvikvm( 6887): No JNI_OnLoad found in libnativehelper.so 0x0, skipping init
D/dalvikvm( 6887): Note: class Landroid/app/ActivityManagerNative; has 179 unimplemented (abstract) methods
D/AndroidRuntime( 6887): Calling main entry com.android.commands.settings.SettingsCmd
D/AndroidRuntime( 6887): Shutting down VM
D/dalvikvm( 6887): GC_CONCURRENT freed 96K, 15% free 562K/660K, paused 0ms+0ms, total 3ms
D/AndroidRuntime( 6918): 
D/AndroidRuntime( 6918): >>>>>> AndroidRuntime START com.android.internal.os.RuntimeInit <<<<<<
D/AndroidRuntime( 6918): CheckJNI is OFF
D/dalvikvm( 6918): Trying to load lib libjavacore.so 0x0
D/dalvikvm( 6918): Added shared lib libjavacore.so 0x0
D/dalvikvm( 6918): Trying to load lib libnativehelper.so 0x0
D/dalvikvm( 6918): Added shared lib libnativehelper.so 0x0
D/dalvikvm( 6918): No JNI_OnLoad found in libnativehelper.so 0x0, skipping init
D/dalvikvm( 6918): Note: class Landroid/app/ActivityManagerNative; has 179 unimplemented (abstract) methods
D/AndroidRuntime( 6918): Calling main entry com.android.commands.settings.SettingsCmd
D/AndroidRuntime( 6918): Shutting down VM
D/dalvikvm( 6918): GC_CONCURRENT freed 96K, 15% free 562K/660K, paused 1ms+1ms, total 3ms
D/AndroidRuntime( 6946): 
D/AndroidRuntime( 6946): >>>>>> AndroidRuntime START com.android.internal.os.RuntimeInit <<<<<<
D/AndroidRuntime( 6946): CheckJNI is OFF
D/dalvikvm( 6946): Trying to load lib libjavacore.so 0x0
D/dalvikvm( 6946): Added shared lib libjavacore.so 0x0
D/dalvikvm( 6946): Trying to load lib libnativehelper.so 0x0
D/dalvikvm( 6946): Added shared lib libnativehelper.so 0x0
D/dalvikvm( 6946): No JNI_OnLoad found in libnativehelper.so 0x0, skipping init
D/dalvikvm( 6946): Note: class Landroid/app/ActivityManagerNative; has 179 unimplemented (abstract) methods
D/AndroidRuntime( 6946): Calling main entry com.android.commands.settings.SettingsCmd
D/AndroidRuntime( 6946): Shutting down VM
D/dalvikvm( 6946): GC_CONCURRENT freed 96K, 15% free 562K/660K, paused 0ms+0ms, total 3ms
D/AndroidRuntime( 6980): 
D/AndroidRuntime( 6980): >>>>>> AndroidRuntime START com.android.internal.os.RuntimeInit <<<<<<
D/AndroidRuntime( 6980): CheckJNI is OFF
D/dalvikvm( 6980): Trying to load lib libjavacore.so 0x0
D/dalvikvm( 6980): Added shared lib libjavacore.so 0x0
D/dalvikvm( 6980): Trying to load lib libnativehelper.so 0x0
D/dalvikvm( 6980): Added shared lib libnativehelper.so 0x0
D/dalvikvm( 6980): No JNI_OnLoad found in libnativehelper.so 0x0, skipping init
D/dalvikvm( 6980): Note: class Landroid/app/ActivityManagerNative; has 179 unimplemented (abstract) methods
D/AndroidRuntime( 6980): Calling main entry com.android.commands.settings.SettingsCmd
D/AndroidRuntime( 6980): Shutting down VM
D/dalvikvm( 6980): GC_CONCURRENT freed 96K, 15% free 562K/660K, paused 1ms+1ms, total 3ms
D/AndroidRuntime( 7015): 
D/AndroidRuntime( 7015): >>>>>> AndroidRuntime START com.android.internal.os.RuntimeInit <<<<<<
D/AndroidRuntime( 7015): CheckJNI is OFF
D/dalvikvm( 7015): Trying to load lib libjavacore.so 0x0
D/dalvikvm( 7015): Added shared lib libjavacore.so 0x0
D/dalvikvm( 7015): Trying to load lib libnativehelper.so 0x0
D/dalvikvm( 7015): Added shared lib libnativehelper.so 0x0
D/dalvikvm( 7015): No JNI_OnLoad found in libnativehelper.so 0x0, skipping init
D/dalvikvm( 7015): Note: class Landroid/app/ActivityManagerNative; has 179 unimplemented (abstract) methods
D/AndroidRuntime( 7015): Calling main entry com.android.commands.settings.SettingsCmd
D/AndroidRuntime( 7015): Shutting down VM
D/dalvikvm( 7015): GC_CONCURRENT freed 96K, 15% free 562K/660K, paused 0ms+0ms, total 2ms
D/AndroidRuntime( 7043): 
D/AndroidRuntime( 7043): >>>>>> AndroidRuntime START com.android.internal.os.RuntimeInit <<<<<<
D/AndroidRuntime( 7043): CheckJNI is OFF
D/dalvikvm( 7043): Trying to load lib libjavacore.so 0x0
D/dalvikvm( 7043): Added shared lib libjavacore.so 0x0
D/dalvikvm( 7043): Trying to load lib libnativehelper.so 0x0
D/dalvikvm( 7043): Added shared lib libnativehelper.so 0x0
D/dalvikvm( 7043): No JNI_OnLoad found in libnativehelper.so 0x0, skipping init
D/dalvikvm( 7043): Note: class Landroid/app/ActivityManagerNative; has 179 unimplemented (abstract) methods
D/AndroidRuntime( 7043): Calling main entry com.android.commands.pm.Pm
D/AndroidRuntime( 7043): Shutting down VM
D/dalvikvm( 7043): GC_CONCURRENT freed 251K, 31% free 567K/820K, paused 0ms+0ms, total 3ms
D/dalvikvm(  571): GC_CONCURRENT freed 2725K, 19% free 19552K/23900K, paused 4ms+6ms, total 90ms
D/AndroidRuntime( 7121): 
D/AndroidRuntime( 7121): >>>>>> AndroidRuntime START com.android.internal.os.RuntimeInit <<<<<<
D/AndroidRuntime( 7121): CheckJNI is OFF
D/dalvikvm( 7121): Trying to load lib libjavacore.so 0x0
D/dalvikvm( 7121): Added shared lib libjavacore.so 0x0
D/dalvikvm( 7121): Trying to load lib libnativehelper.so 0x0
D/dalvikvm( 7121): Added shared lib libnativehelper.so 0x0
D/dalvikvm( 7121): No JNI_OnLoad found in libnativehelper.so 0x0, skipping init
D/dalvikvm( 7121): Note: class Landroid/app/ActivityManagerNative; has 179 unimplemented (abstract) methods
D/AndroidRuntime( 7121): Calling main entry com.android.commands.pm.Pm
D/AndroidRuntime( 7121): Shutting down VM
D/dalvikvm( 7121): GC_CONCURRENT freed 251K, 31% free 567K/820K, paused 1ms+1ms, total 3ms
D/AndroidRuntime( 7231): 
D/AndroidRuntime( 7231): >>>>>> AndroidRuntime START com.android.internal.os.RuntimeInit <<<<<<
D/AndroidRuntime( 7231): CheckJNI is OFF
D/dalvikvm( 7231): Trying to load lib libjavacore.so 0x0
D/dalvikvm( 7231): Added shared lib libjavacore.so 0x0
D/dalvikvm( 7231): Trying to load lib libnativehelper.so 0x0
D/dalvikvm( 7231): Added shared lib libnativehelper.so 0x0
D/dalvikvm( 7231): No JNI_OnLoad found in libnativehelper.so 0x0, skipping init
D/dalvikvm( 7231): Note: class Landroid/app/ActivityManagerNative; has 179 unimplemented (abstract) methods
D/AndroidRuntime( 7231): Calling main entry com.android.commands.input.Input
I/Input   ( 7231): injectKeyEvent: KeyEvent { action=ACTION_DOWN, keyCode=KEYCODE_BACK, scanCode=0, metaState=0, flags=0x0, repeatCount=0, eventTime=285434, downTime=285434, deviceId=-1, source=0x101 }
I/Input   ( 7231): injectKeyEvent: KeyEvent { action=ACTION_UP, keyCode=KEYCODE_BACK, scanCode=0, metaState=0, flags=0x0, repeatCount=0, eventTime=285434, downTime=285434, deviceId=-1, source=0x101 }
D/AndroidRuntime( 7231): Shutting down VM
D/dalvikvm( 7231): GC_CONCURRENT freed 98K, 16% free 563K/664K, paused 0ms+0ms, total 2ms
D/AndroidRuntime( 7293): 
D/AndroidRuntime( 7293): >>>>>> AndroidRuntime START com.android.internal.os.RuntimeInit <<<<<<
D/AndroidRuntime( 7293): CheckJNI is OFF
D/dalvikvm( 7293): Trying to load lib libjavacore.so 0x0
D/dalvikvm( 7293): Added shared lib libjavacore.so 0x0
D/dalvikvm( 7293): Trying to load lib libnativehelper.so 0x0
D/dalvikvm( 7293): Added shared lib libnativehelper.so 0x0
D/dalvikvm( 7293): No JNI_OnLoad found in libnativehelper.so 0x0, skipping init
D/dalvikvm( 7293): Note: class Landroid/app/ActivityManagerNative; has 179 unimplemented (abstract) methods
D/AndroidRuntime( 7293): Calling main entry com.android.commands.input.Input
I/Input   ( 7293): injectKeyEvent: KeyEvent { action=ACTION_DOWN, keyCode=KEYCODE_HOME, scanCode=0, metaState=0, flags=0x0, repeatCount=0, eventTime=287206, downTime=287206, deviceId=-1, source=0x101 }
I/Input   ( 7293): injectKeyEvent: KeyEvent { action=ACTION_UP, keyCode=KEYCODE_HOME, scanCode=0, metaState=0, flags=0x0, repeatCount=0, eventTime=287206, downTime=287206, deviceId=-1, source=0x101 }
D/AndroidRuntime( 7293): Shutting down VM
I/ActivityManager(  571): START u0 {act=android.intent.action.MAIN cat=[android.intent.category.HOME] flg=0x10200000 cmp=com.android.launcher/com.android.launcher2.Launcher} from pid 571
D/dalvikvm( 7293): GC_CONCURRENT freed 98K, 16% free 563K/664K, paused 1ms+1ms, total 3ms
D/dalvikvm( 1316): GC_CONCURRENT freed 412K, 5% free 9571K/10048K, paused 9ms+1ms, total 28ms
D/Finsky  ( 1316): [1] 5.onFinished: Installation state replication succeeded.
D/AndroidRuntime( 7332): 
D/AndroidRuntime( 7332): >>>>>> AndroidRuntime START com.android.internal.os.RuntimeInit <<<<<<
D/AndroidRuntime( 7332): CheckJNI is OFF
D/dalvikvm( 7332): Trying to load lib libjavacore.so 0x0
D/dalvikvm( 7332): Added shared lib libjavacore.so 0x0
D/dalvikvm( 7332): Trying to load lib libnativehelper.so 0x0
D/dalvikvm( 7332): Added shared lib libnativehelper.so 0x0
D/dalvikvm( 7332): No JNI_OnLoad found in libnativehelper.so 0x0, skipping init
D/dalvikvm( 7332): Note: class Landroid/app/ActivityManagerNative; has 179 unimplemented (abstract) methods
D/AndroidRuntime( 7332): Calling main entry com.android.commands.input.Input
I/Input   ( 7332): injectKeyEvent: KeyEvent { action=ACTION_DOWN, keyCode=KEYCODE_BACK, scanCode=0, metaState=0, flags=0x0, repeatCount=0, eventTime=288542, downTime=288542, deviceId=-1, source=0x101 }
I/Input   ( 7332): injectKeyEvent: KeyEvent { action=ACTION_UP, keyCode=KEYCODE_BACK, scanCode=0, metaState=0, flags=0x0, repeatCount=0, eventTime=288542, downTime=288542, deviceId=-1, source=0x101 }
D/AndroidRuntime( 7332): Shutting down VM
D/dalvikvm( 7332): GC_CONCURRENT freed 98K, 16% free 563K/664K, paused 0ms+0ms, total 2ms
D/AndroidRuntime( 7377): 
D/AndroidRuntime( 7377): >>>>>> AndroidRuntime START com.android.internal.os.RuntimeInit <<<<<<
D/AndroidRuntime( 7377): CheckJNI is OFF
D/dalvikvm( 7377): Trying to load lib libjavacore.so 0x0
D/dalvikvm( 7377): Added shared lib libjavacore.so 0x0
D/dalvikvm( 7377): Trying to load lib libnativehelper.so 0x0
D/dalvikvm( 7377): Added shared lib libnativehelper.so 0x0
D/dalvikvm( 7377): No JNI_OnLoad found in libnativehelper.so 0x0, skipping init
D/dalvikvm( 7377): Note: class Landroid/app/ActivityManagerNative; has 179 unimplemented (abstract) methods
D/AndroidRuntime( 7377): Calling main entry com.android.commands.am.Am
I/ActivityManager(  571): Force stopping com.careerbuilder.SugarDrone appid=18485 user=0: start instr
D/dalvikvm( 7402): Late-enabling CheckJNI
I/ActivityManager(  571): Start proc com.careerbuilder.SugarDrone for added application com.careerbuilder.SugarDrone: pid=7402 uid=18485 gids={58485, 3003, 1028, 1015}
I/dalvikvm( 7402): Could not find method android.app.Instrumentation.execStartActivity, referenced from method sh.calaba.exposed.InstrumentationExposed.execStartActivity
W/dalvikvm( 7402): VFY: unable to resolve virtual method 38: Landroid/app/Instrumentation;.execStartActivity (Landroid/content/Context;Landroid/os/IBinder;Landroid/os/IBinder;Landroid/app/Activity;Landroid/content/Intent;I)Landroid/app/Instrumentation$ActivityResult;
D/dalvikvm( 7402): VFY: replacing opcode 0x75 at 0x0000
I/dalvikvm( 7402): Could not find method android.app.Instrumentation.execStartActivity, referenced from method sh.calaba.exposed.InstrumentationExposed.execStartActivity
W/dalvikvm( 7402): VFY: unable to resolve virtual method 41: Landroid/app/Instrumentation;.execStartActivity (Landroid/content/Context;Landroid/os/IBinder;Landroid/os/IBinder;Landroid/app/Fragment;Landroid/content/Intent;I)Landroid/app/Instrumentation$ActivityResult;
D/dalvikvm( 7402): VFY: replacing opcode 0x75 at 0x0000
I/dalvikvm( 7402): Could not find method android.app.Instrumentation.execStartActivityAsCaller, referenced from method sh.calaba.exposed.InstrumentationExposed.execStartActivityAsCaller
W/dalvikvm( 7402): VFY: unable to resolve virtual method 43: Landroid/app/Instrumentation;.execStartActivityAsCaller (Landroid/content/Context;Landroid/os/IBinder;Landroid/os/IBinder;Landroid/app/Activity;Landroid/content/Intent;ILandroid/os/Bundle;I)Landroid/app/Instrumentation$ActivityResult;
D/dalvikvm( 7402): VFY: replacing opcode 0x75 at 0x0000
D/dalvikvm( 7402): Trying to load lib /data/app-lib/com.careerbuilder.SugarDrone-1/libmonodroid.so 0x41e79cf8
D/dalvikvm( 7402): Added shared lib /data/app-lib/com.careerbuilder.SugarDrone-1/libmonodroid.so 0x41e79cf8
W/monodroid( 7402): Using override path: /data/data/com.careerbuilder.SugarDrone/files/.__override__
W/monodroid( 7402): Trying to load sgen from: /data/data/com.careerbuilder.SugarDrone/files/.__override__/libmonosgen-2.0.so
W/monodroid( 7402): Trying to load sgen from: /storage/emulated/0/Android/data/com.careerbuilder.SugarDrone/files/.__override__/libmonosgen-2.0.so
W/monodroid( 7402): Trying to load sgen from: /data/app-lib/com.careerbuilder.SugarDrone-1/libmonosgen-2.0.so
D/Mono    ( 7402): Image addref mscorlib[0x758738a0] -> mscorlib.dll[0x75872d48]: 2
D/Mono    ( 7402): Prepared to set up assembly 'mscorlib' (mscorlib.dll)
D/Mono    ( 7402): AOT module 'mscorlib.dll.so' not found: dlopen failed: library "/data/app-lib/com.careerbuilder.SugarDrone-1/libaot-mscorlib.dll.so" not found
D/Mono    ( 7402): AOT module '/Users/builder/data/lanes/4009/f3074d2c/source/monodroid/builds/install/mono-armv6/lib/mono/aot-cache/arm/mscorlib.dll.so' not found: dlopen failed: library "/data/app-lib/com.careerbuilder.SugarDrone-1/libaot-mscorlib.dll.so" not found
D/Mono    ( 7402): Config attempting to parse: 'mscorlib.dll.config'.
D/Mono    ( 7402): Config attempting to parse: '/Users/builder/data/lanes/4009/f3074d2c/source/monodroid/builds/install/mono-armv6/etc/mono/assemblies/mscorlib/mscorlib.config'.
D/Mono    ( 7402): Assembly mscorlib[0x758738a0] added to domain RootDomain, ref_count=1
D/Mono    ( 7402): Image addref CareerBuilder_Search.Droid[0x7a3b68c0] -> CareerBuilder_Search.Droid.dll[0x7a3b5c20]: 2
D/Mono    ( 7402): Prepared to set up assembly 'CareerBuilder_Search.Droid' (CareerBuilder_Search.Droid.dll)
D/Mono    ( 7402): Assembly CareerBuilder_Search.Droid[0x7a3b68c0] added to domain RootDomain, ref_count=1
D/Mono    ( 7402): AOT module 'CareerBuilder_Search.Droid.dll.so' not found: dlopen failed: library "/data/app-lib/com.careerbuilder.SugarDrone-1/libaot-CareerBuilder_Search.Droid.dll.so" not found
D/Mono    ( 7402): AOT module '/Users/builder/data/lanes/4009/f3074d2c/source/monodroid/builds/install/mono-armv6/lib/mono/aot-cache/arm/CareerBuilder_Search.Droid.dll.so' not found: dlopen failed: library "/data/app-lib/com.careerbuilder.SugarDrone-1/libaot-CareerBuilder_Search.Droid.dll.so" not found
D/Mono    ( 7402): Config attempting to parse: 'CareerBuilder_Search.Droid.dll.config'.
D/Mono    ( 7402): Config attempting to parse: '/Users/builder/data/lanes/4009/f3074d2c/source/monodroid/builds/install/mono-armv6/etc/mono/assemblies/CareerBuilder_Search.Droid/CareerBuilder_Search.Droid.config'.
D/Mono    ( 7402): Image addref AppsFlyerXamarinBindingAndroid[0x7a3b7728] -> AppsFlyerXamarinBindingAndroid.dll[0x7a3b6ad8]: 2
D/Mono    ( 7402): Prepared to set up assembly 'AppsFlyerXamarinBindingAndroid' (AppsFlyerXamarinBindingAndroid.dll)
D/Mono    ( 7402): Assembly AppsFlyerXamarinBindingAndroid[0x7a3b7728] added to domain RootDomain, ref_count=1
D/Mono    ( 7402): AOT module 'AppsFlyerXamarinBindingAndroid.dll.so' not found: dlopen failed: library "/data/app-lib/com.careerbuilder.SugarDrone-1/libaot-AppsFlyerXamarinBindingAndroid.dll.so" not found
D/Mono    ( 7402): AOT module '/Users/builder/data/lanes/4009/f3074d2c/source/monodroid/builds/install/mono-armv6/lib/mono/aot-cache/arm/AppsFlyerXamarinBindingAndroid.dll.so' not found: dlopen failed: library "/data/app-lib/com.careerbuilder.SugarDrone-1/libaot-AppsFlyerXamarinBindingAndroid.dll.so" not found
D/Mono    ( 7402): Config attempting to parse: 'AppsFlyerXamarinBindingAndroid.dll.config'.
D/Mono    ( 7402): Config attempting to parse: '/Users/builder/data/lanes/4009/f3074d2c/source/monodroid/builds/install/mono-armv6/etc/mono/assemblies/AppsFlyerXamarinBindingAndroid/AppsFlyerXamarinBindingAndroid.config'.
D/Mono    ( 7402): Image addref HockeySDK[0x7a3b8448] -> HockeySDK.dll[0x7a3b7828]: 2
D/Mono    ( 7402): Prepared to set up assembly 'HockeySDK' (HockeySDK.dll)
D/Mono    ( 7402): Assembly HockeySDK[0x7a3b8448] added to domain RootDomain, ref_count=1
D/Mono    ( 7402): AOT module 'HockeySDK.dll.so' not found: dlopen failed: library "/data/app-lib/com.careerbuilder.SugarDrone-1/libaot-HockeySDK.dll.so" not found
D/Mono    ( 7402): AOT module '/Users/builder/data/lanes/4009/f3074d2c/source/monodroid/builds/install/mono-armv6/lib/mono/aot-cache/arm/HockeySDK.dll.so' not found: dlopen failed: library "/data/app-lib/com.careerbuilder.SugarDrone-1/libaot-HockeySDK.dll.so" not found
D/Mono    ( 7402): Config attempting to parse: 'HockeySDK.dll.config'.
D/Mono    ( 7402): Config attempting to parse: '/Users/builder/data/lanes/4009/f3074d2c/source/monodroid/builds/install/mono-armv6/etc/mono/assemblies/HockeySDK/HockeySDK.config'.
D/Mono    ( 7402): Image addref Akavache[0x7a3d61e8] -> Akavache.dll[0x7a3b8530]: 2
D/Mono    ( 7402): Prepared to set up assembly 'Akavache' (Akavache.dll)
D/Mono    ( 7402): Assembly Akavache[0x7a3d61e8] added to domain RootDomain, ref_count=1
D/Mono    ( 7402): AOT module 'Akavache.dll.so' not found: dlopen failed: library "/data/app-lib/com.careerbuilder.SugarDrone-1/libaot-Akavache.dll.so" not found
D/Mono    ( 7402): AOT module '/Users/builder/data/lanes/4009/f3074d2c/source/monodroid/builds/install/mono-armv6/lib/mono/aot-cache/arm/Akavache.dll.so' not found: dlopen failed: library "/data/app-lib/com.careerbuilder.SugarDrone-1/libaot-Akavache.dll.so" not found
D/Mono    ( 7402): Config attempting to parse: 'Akavache.dll.config'.
D/Mono    ( 7402): Config attempting to parse: '/Users/builder/data/lanes/4009/f3074d2c/source/monodroid/builds/install/mono-armv6/etc/mono/assemblies/Akavache/Akavache.config'.
D/Mono    ( 7402): Image addref Akavache.Sqlite3[0x7a3d6f58] -> Akavache.Sqlite3.dll[0x7a3d6308]: 2
D/Mono    ( 7402): Prepared to set up assembly 'Akavache.Sqlite3' (Akavache.Sqlite3.dll)
D/Mono    ( 7402): Assembly Akavache.Sqlite3[0x7a3d6f58] added to domain RootDomain, ref_count=1
D/Mono    ( 7402): AOT module 'Akavache.Sqlite3.dll.so' not found: dlopen failed: library "/data/app-lib/com.careerbuilder.SugarDrone-1/libaot-Akavache.Sqlite3.dll.so" not found
D/Mono    ( 7402): AOT module '/Users/builder/data/lanes/4009/f3074d2c/source/monodroid/builds/install/mono-armv6/lib/mono/aot-cache/arm/Akavache.Sqlite3.dll.so' not found: dlopen failed: library "/data/app-lib/com.careerbuilder.SugarDrone-1/libaot-Akavache.Sqlite3.dll.so" not found
W/        ( 7402): Symbol file LoadedFromMemory doesn't match image Akavache.Sqlite3.dll
D/Mono    ( 7402): Config attempting to parse: 'Akavache.Sqlite3.dll.config'.
D/Mono    ( 7402): Config attempting to parse: '/Users/builder/data/lanes/4009/f3074d2c/source/monodroid/builds/install/mono-armv6/etc/mono/assemblies/Akavache.Sqlite3/Akavache.Sqlite3.config'.
D/Mono    ( 7402): Image addref Splat[0x7a3d7c88] -> Splat.dll[0x7a3d7048]: 2
D/Mono    ( 7402): Prepared to set up assembly 'Splat' (Splat.dll)
D/Mono    ( 7402): Assembly Splat[0x7a3d7c88] added to domain RootDomain, ref_count=1
D/Mono    ( 7402): AOT module 'Splat.dll.so' not found: dlopen failed: library "/data/app-lib/com.careerbuilder.SugarDrone-1/libaot-Splat.dll.so" not found
D/Mono    ( 7402): AOT module '/Users/builder/data/lanes/4009/f3074d2c/source/monodroid/builds/install/mono-armv6/lib/mono/aot-cache/arm/Splat.dll.so' not found: dlopen failed: library "/data/app-lib/com.careerbuilder.SugarDrone-1/libaot-Splat.dll.so" not found
D/Mono    ( 7402): Config attempting to parse: 'Splat.dll.config'.
D/Mono    ( 7402): Config attempting to parse: '/Users/builder/data/lanes/4009/f3074d2c/source/monodroid/builds/install/mono-armv6/etc/mono/assemblies/Splat/Splat.config'.
D/Mono    ( 7402): Image addref Microsoft.Practices.ServiceLocation[0x7a3dbaa0] -> Microsoft.Practices.ServiceLocation.dll[0x7a3dae60]: 2
D/Mono    ( 7402): Prepared to set up assembly 'Microsoft.Practices.ServiceLocation' (Microsoft.Practices.ServiceLocation.dll)
D/Mono    ( 7402): Assembly Microsoft.Practices.ServiceLocation[0x7a3dbaa0] added to domain RootDomain, ref_count=1
D/Mono    ( 7402): AOT module 'Microsoft.Practices.ServiceLocation.dll.so' not found: dlopen failed: library "/data/app-lib/com.careerbuilder.SugarDrone-1/libaot-Microsoft.Practices.ServiceLocation.dll.so" not found
D/Mono    ( 7402): AOT module '/Users/builder/data/lanes/4009/f3074d2c/source/monodroid/builds/install/mono-armv6/lib/mono/aot-cache/arm/Microsoft.Practices.ServiceLocation.dll.so' not found: dlopen failed: library "/data/app-lib/com.careerbuilder.SugarDrone-1/libaot-Microsoft.Practices.ServiceLocation.dll.so" not found
D/Mono    ( 7402): Config attempting to parse: 'Microsoft.Practices.ServiceLocation.dll.config'.
D/Mono    ( 7402): Config attempting to parse: '/Users/builder/data/lanes/4009/f3074d2c/source/monodroid/builds/install/mono-armv6/etc/mono/assemblies/Microsoft.Practices.ServiceLocation/Microsoft.Practices.ServiceLocation.config'.
D/Mono    ( 7402): Image addref Microsoft.Practices.Unity[0x7a3dd088] -> Microsoft.Practices.Unity.dll[0x7a3dc418]: 2
D/Mono    ( 7402): Prepared to set up assembly 'Microsoft.Practices.Unity' (Microsoft.Practices.Unity.dll)
D/Mono    ( 7402): Assembly Microsoft.Practices.Unity[0x7a3dd088] added to domain RootDomain, ref_count=1
D/Mono    ( 7402): AOT module 'Microsoft.Practices.Unity.dll.so' not found: dlopen failed: library "/data/app-lib/com.careerbuilder.SugarDrone-1/libaot-Microsoft.Practices.Unity.dll.so" not found
D/Mono    ( 7402): AOT module '/Users/builder/data/lanes/4009/f3074d2c/source/monodroid/builds/install/mono-armv6/lib/mono/aot-cache/arm/Microsoft.Practices.Unity.dll.so' not found: dlopen failed: library "/data/app-lib/com.careerbuilder.SugarDrone-1/libaot-Microsoft.Practices.Unity.dll.so" not found
D/Mono    ( 7402): Config attempting to parse: 'Microsoft.Practices.Unity.dll.config'.
D/Mono    ( 7402): Config attempting to parse: '/Users/builder/data/lanes/4009/f3074d2c/source/monodroid/builds/install/mono-armv6/etc/mono/assemblies/Microsoft.Practices.Unity/Microsoft.Practices.Unity.config'.
D/Mono    ( 7402): Image addref Plugin.CurrentActivity[0x7a3dddd8] -> Plugin.CurrentActivity.dll[0x7a3dd1a8]: 2
D/Mono    ( 7402): Prepared to set up assembly 'Plugin.CurrentActivity' (Plugin.CurrentActivity.dll)
D/Mono    ( 7402): Assembly Plugin.CurrentActivity[0x7a3dddd8] added to domain RootDomain, ref_count=1
D/Mono    ( 7402): AOT module 'Plugin.CurrentActivity.dll.so' not found: dlopen failed: library "/data/app-lib/com.careerbuilder.SugarDrone-1/libaot-Plugin.CurrentActivity.dll.so" not found
D/Mono    ( 7402): AOT module '/Users/builder/data/lanes/4009/f3074d2c/source/monodroid/builds/install/mono-armv6/lib/mono/aot-cache/arm/Plugin.CurrentActivity.dll.so' not found: dlopen failed: library "/data/app-lib/com.careerbuilder.SugarDrone-1/libaot-Plugin.CurrentActivity.dll.so" not found
D/Mono    ( 7402): Config attempting to parse: 'Plugin.CurrentActivity.dll.config'.
D/Mono    ( 7402): Config attempting to parse: '/Users/builder/data/lanes/4009/f3074d2c/source/monodroid/builds/install/mono-armv6/etc/mono/assemblies/Plugin.CurrentActivity/Plugin.CurrentActivity.config'.
D/Mono    ( 7402): Image addref Plugin.Permissions[0x7a3deb28] -> Plugin.Permissions.dll[0x7a3ddf08]: 2
D/Mono    ( 7402): Prepared to set up assembly 'Plugin.Permissions' (Plugin.Permissions.dll)
D/Mono    ( 7402): Assembly Plugin.Permissions[0x7a3deb28] added to domain RootDomain, ref_count=1
D/Mono    ( 7402): AOT module 'Plugin.Permissions.dll.so' not found: dlopen failed: library "/data/app-lib/com.careerbuilder.SugarDrone-1/libaot-Plugin.Permissions.dll.so" not found
D/Mono    ( 7402): AOT module '/Users/builder/data/lanes/4009/f3074d2c/source/monodroid/builds/install/mono-armv6/lib/mono/aot-cache/arm/Plugin.Permissions.dll.so' not found: dlopen failed: library "/data/app-lib/com.careerbuilder.SugarDrone-1/libaot-Plugin.Permissions.dll.so" not found
D/Mono    ( 7402): Config attempting to parse: 'Plugin.Permissions.dll.config'.
D/Mono    ( 7402): Config attempting to parse: '/Users/builder/data/lanes/4009/f3074d2c/source/monodroid/builds/install/mono-armv6/etc/mono/assemblies/Plugin.Permissions/Plugin.Permissions.config'.
D/Mono    ( 7402): Image addref Plugin.Permissions.Abstractions[0x7a3e0248] -> Plugin.Permissions.Abstractions.dll[0x7a3df5e8]: 2
D/Mono    ( 7402): Prepared to set up assembly 'Plugin.Permissions.Abstractions' (Plugin.Permissions.Abstractions.dll)
D/Mono    ( 7402): Assembly Plugin.Permissions.Abstractions[0x7a3e0248] added to domain RootDomain, ref_count=1
D/Mono    ( 7402): AOT module 'Plugin.Permissions.Abstractions.dll.so' not found: dlopen failed: library "/data/app-lib/com.careerbuilder.SugarDrone-1/libaot-Plugin.Permissions.Abstractions.dll.so" not found
D/Mono    ( 7402): AOT module '/Users/builder/data/lanes/4009/f3074d2c/source/monodroid/builds/install/mono-armv6/lib/mono/aot-cache/arm/Plugin.Permissions.Abstractions.dll.so' not found: dlopen failed: library "/data/app-lib/com.careerbuilder.SugarDrone-1/libaot-Plugin.Permissions.Abstractions.dll.so" not found
D/Mono    ( 7402): Config attempting to parse: 'Plugin.Permissions.Abstractions.dll.config'.
D/Mono    ( 7402): Config attempting to parse: '/Users/builder/data/lanes/4009/f3074d2c/source/monodroid/builds/install/mono-armv6/etc/mono/assemblies/Plugin.Permissions.Abstractions/Plugin.Permissions.Abstractions.config'.
D/Mono    ( 7402): Image addref Plugin.Geolocator[0x7a3e10f8] -> Plugin.Geolocator.dll[0x7a3e04a8]: 2
D/Mono    ( 7402): Prepared to set up assembly 'Plugin.Geolocator' (Plugin.Geolocator.dll)
D/Mono    ( 7402): Assembly Plugin.Geolocator[0x7a3e10f8] added to domain RootDomain, ref_count=1
D/Mono    ( 7402): AOT module 'Plugin.Geolocator.dll.so' not found: dlopen failed: library "/data/app-lib/com.careerbuilder.SugarDrone-1/libaot-Plugin.Geolocator.dll.so" not found
D/Mono    ( 7402): AOT module '/Users/builder/data/lanes/4009/f3074d2c/source/monodroid/builds/install/mono-armv6/lib/mono/aot-cache/arm/Plugin.Geolocator.dll.so' not found: dlopen failed: library "/data/app-lib/com.careerbuilder.SugarDrone-1/libaot-Plugin.Geolocator.dll.so" not found
D/Mono    ( 7402): Config attempting to parse: 'Plugin.Geolocator.dll.config'.
D/Mono    ( 7402): Config attempting to parse: '/Users/builder/data/lanes/4009/f3074d2c/source/monodroid/builds/install/mono-armv6/etc/mono/assemblies/Plugin.Geolocator/Plugin.Geolocator.config'.
D/Mono    ( 7402): Image addref Plugin.Geolocator.Abstractions[0x7a3e3090] -> Plugin.Geolocator.Abstractions.dll[0x7a3e2478]: 2
D/Mono    ( 7402): Prepared to set up assembly 'Plugin.Geolocator.Abstractions' (Plugin.Geolocator.Abstractions.dll)
D/Mono    ( 7402): Assembly Plugin.Geolocator.Abstractions[0x7a3e3090] added to domain RootDomain, ref_count=1
D/Mono    ( 7402): AOT module 'Plugin.Geolocator.Abstractions.dll.so' not found: dlopen failed: library "/data/app-lib/com.careerbuilder.SugarDrone-1/libaot-Plugin.Geolocator.Abstractions.dll.so" not found
D/Mono    ( 7402): AOT module '/Users/builder/data/lanes/4009/f3074d2c/source/monodroid/builds/install/mono-armv6/lib/mono/aot-cache/arm/Plugin.Geolocator.Abstractions.dll.so' not found: dlopen failed: library "/data/app-lib/com.careerbuilder.SugarDrone-1/libaot-Plugin.Geolocator.Abstractions.dll.so" not found
D/Mono    ( 7402): Config attempting to parse: 'Plugin.Geolocator.Abstractions.dll.config'.
D/Mono    ( 7402): Config attempting to parse: '/Users/builder/data/lanes/4009/f3074d2c/source/monodroid/builds/install/mono-armv6/etc/mono/assemblies/Plugin.Geolocator.Abstractions/Plugin.Geolocator.Abstractions.config'.
D/Mono    ( 7402): Image addref Plugin.DeviceInfo[0x7a3e4408] -> Plugin.DeviceInfo.dll[0x7a3e37a8]: 2
D/Mono    ( 7402): Prepared to set up assembly 'Plugin.DeviceInfo' (Plugin.DeviceInfo.dll)
D/Mono    ( 7402): Assembly Plugin.DeviceInfo[0x7a3e4408] added to domain RootDomain, ref_count=1
D/Mono    ( 7402): AOT module 'Plugin.DeviceInfo.dll.so' not found: dlopen failed: library "/data/app-lib/com.careerbuilder.SugarDrone-1/libaot-Plugin.DeviceInfo.dll.so" not found
D/Mono    ( 7402): AOT module '/Users/builder/data/lanes/4009/f3074d2c/source/monodroid/builds/install/mono-armv6/lib/mono/aot-cache/arm/Plugin.DeviceInfo.dll.so' not found: dlopen failed: library "/data/app-lib/com.careerbuilder.SugarDrone-1/libaot-Plugin.DeviceInfo.dll.so" not found
D/Mono    ( 7402): Config attempting to parse: 'Plugin.DeviceInfo.dll.config'.
D/Mono    ( 7402): Config attempting to parse: '/Users/builder/data/lanes/4009/f3074d2c/source/monodroid/builds/install/mono-armv6/etc/mono/assemblies/Plugin.DeviceInfo/Plugin.DeviceInfo.config'.
D/Mono    ( 7402): Image addref Plugin.DeviceInfo.Abstractions[0x7a3e55f8] -> Plugin.DeviceInfo.Abstractions.dll[0x7a3e4988]: 2
D/Mono    ( 7402): Prepared to set up assembly 'Plugin.DeviceInfo.Abstractions' (Plugin.DeviceInfo.Abstractions.dll)
D/Mono    ( 7402): Assembly Plugin.DeviceInfo.Abstractions[0x7a3e55f8] added to domain RootDomain, ref_count=1
D/Mono    ( 7402): AOT module 'Plugin.DeviceInfo.Abstractions.dll.so' not found: dlopen failed: library "/data/app-lib/com.careerbuilder.SugarDrone-1/libaot-Plugin.DeviceInfo.Abstractions.dll.so" not found
D/Mono    ( 7402): AOT module '/Users/builder/data/lanes/4009/f3074d2c/source/monodroid/builds/install/mono-armv6/lib/mono/aot-cache/arm/Plugin.DeviceInfo.Abstractions.dll.so' not found: dlopen failed: library "/data/app-lib/com.careerbuilder.SugarDrone-1/libaot-Plugin.DeviceInfo.Abstractions.dll.so" not found
D/Mono    ( 7402): Config attempting to parse: 'Plugin.DeviceInfo.Abstractions.dll.config'.
D/Mono    ( 7402): Config attempting to parse: '/Users/builder/data/lanes/4009/f3074d2c/source/monodroid/builds/install/mono-armv6/etc/mono/assemblies/Plugin.DeviceInfo.Abstractions/Plugin.DeviceInfo.Abstractions.config'.
D/Mono    ( 7402): Image addref Xamarin.GooglePlayServices.Analytics[0x7a3e64e0] -> Xamarin.GooglePlayServices.Analytics.dll[0x7a3e58d0]: 2
D/Mono    ( 7402): Prepared to set up assembly 'Xamarin.GooglePlayServices.Analytics' (Xamarin.GooglePlayServices.Analytics.dll)
D/Mono    ( 7402): Assembly Xamarin.GooglePlayServices.Analytics[0x7a3e64e0] added to domain RootDomain, ref_count=1
D/Mono    ( 7402): AOT module 'Xamarin.GooglePlayServices.Analytics.dll.so' not found: dlopen failed: library "/data/app-lib/com.careerbuilder.SugarDrone-1/libaot-Xamarin.GooglePlayServices.Analytics.dll.so" not found
D/Mono    ( 7402): AOT module '/Users/builder/data/lanes/4009/f3074d2c/source/monodroid/builds/install/mono-armv6/lib/mono/aot-cache/arm/Xamarin.GooglePlayServices.Analytics.dll.so' not found: dlopen failed: library "/data/app-lib/com.careerbuilder.SugarDrone-1/libaot-Xamarin.GooglePlayServices.Analytics.dll.so" not found
D/Mono    ( 7402): Config attempting to parse: 'Xamarin.GooglePlayServices.Analytics.dll.config'.
D/Mono    ( 7402): Config attempting to parse: '/Users/builder/data/lanes/4009/f3074d2c/source/monodroid/builds/install/mono-armv6/etc/mono/assemblies/Xamarin.GooglePlayServices.Analytics/Xamarin.GooglePlayServices.Analytics.config'.
D/Mono    ( 7402): Image addref Xamarin.GooglePlayServices.Base[0x7a3e7238] -> Xamarin.GooglePlayServices.Base.dll[0x7a3e6680]: 2
D/Mono    ( 7402): Prepared to set up assembly 'Xamarin.GooglePlayServices.Base' (Xamarin.GooglePlayServices.Base.dll)
D/Mono    ( 7402): Assembly Xamarin.GooglePlayServices.Base[0x7a3e7238] added to domain RootDomain, ref_count=1
D/Mono    ( 7402): AOT module 'Xamarin.GooglePlayServices.Base.dll.so' not found: dlopen failed: library "/data/app-lib/com.careerbuilder.SugarDrone-1/libaot-Xamarin.GooglePlayServices.Base.dll.so" not found
