<![CDATA[
]]><xtc-scenario name="[0-1068]CareerBuilder_Search.DroidFeatureTests.SearchDialogueTests.CanFillOutKeywords" id="[0-1068]CareerBuilder_Search.DroidFeatureTests.SearchDialogueTests.CanFillOutKeywords"><![CDATA[

]]><xtc-step name="[0-1068]CareerBuilder_Search.DroidFeatureTests.SearchDialogueTests.CanFillOutKeywords-CanFillOutKeywords" id="[0-1068]CareerBuilder_Search.DroidFeatureTests.SearchDialogueTests.CanFillOutKeywords-CanFillOutKeywords"><![CDATA[
D/AndroidRuntime( 5167): 
D/AndroidRuntime( 5167): >>>>>> AndroidRuntime START com.android.internal.os.RuntimeInit <<<<<<
D/AndroidRuntime( 5167): CheckJNI is OFF
D/dalvikvm( 5167): Trying to load lib libjavacore.so 0x0
D/dalvikvm( 5167): Added shared lib libjavacore.so 0x0
D/dalvikvm( 5167): Trying to load lib libnativehelper.so 0x0
D/dalvikvm( 5167): Added shared lib libnativehelper.so 0x0
D/dalvikvm( 5167): No JNI_OnLoad found in libnativehelper.so 0x0, skipping init
D/dalvikvm( 5167): Note: class Landroid/app/ActivityManagerNative; has 179 unimplemented (abstract) methods
D/AndroidRuntime( 5167): Calling main entry com.android.commands.pm.Pm
D/AndroidRuntime( 5167): Shutting down VM
D/dalvikvm( 5167): GC_CONCURRENT freed 248K, 31% free 567K/816K, paused 1ms+0ms, total 4ms
D/AndroidRuntime( 5290): 
D/AndroidRuntime( 5290): >>>>>> AndroidRuntime START com.android.internal.os.RuntimeInit <<<<<<
D/AndroidRuntime( 5290): CheckJNI is OFF
D/dalvikvm( 5290): Trying to load lib libjavacore.so 0x0
D/dalvikvm( 5290): Added shared lib libjavacore.so 0x0
D/dalvikvm( 5290): Trying to load lib libnativehelper.so 0x0
D/dalvikvm( 5290): Added shared lib libnativehelper.so 0x0
D/dalvikvm( 5290): No JNI_OnLoad found in libnativehelper.so 0x0, skipping init
D/dalvikvm( 5290): Note: class Landroid/app/ActivityManagerNative; has 179 unimplemented (abstract) methods
D/AndroidRuntime( 5290): Calling main entry com.android.commands.am.Am
D/AndroidRuntime( 5290): Shutting down VM
--------- beginning of /dev/log/system
W/ActivityManager(  575): Invalid packageName: com.careerbuilder.SugarDrone
D/dalvikvm( 5290): GC_CONCURRENT freed 93K, 15% free 553K/648K, paused 0ms+0ms, total 2ms
D/AndroidRuntime( 5909): 
D/AndroidRuntime( 5909): >>>>>> AndroidRuntime START com.android.internal.os.RuntimeInit <<<<<<
D/AndroidRuntime( 5909): CheckJNI is OFF
D/dalvikvm( 5909): Trying to load lib libjavacore.so 0x0
D/dalvikvm( 5909): Added shared lib libjavacore.so 0x0
D/dalvikvm( 5909): Trying to load lib libnativehelper.so 0x0
D/dalvikvm( 5909): Added shared lib libnativehelper.so 0x0
D/dalvikvm( 5909): No JNI_OnLoad found in libnativehelper.so 0x0, skipping init
D/dalvikvm( 5909): Note: class Landroid/app/ActivityManagerNative; has 179 unimplemented (abstract) methods
D/AndroidRuntime( 5909): Calling main entry com.android.commands.pm.Pm
W/ActivityManager(  575): No content provider found for permission revoke: file:///data/local/tmp/0000001386
W/ActivityManager(  575): No content provider found for permission revoke: file:///data/local/tmp/0000001386
I/PackageManager(  575): Copying native libraries to /data/app-lib/vmdl9469874
D/dalvikvm(  575): GC_FOR_ALLOC freed 1208K, 12% free 19937K/22476K, paused 62ms, total 62ms
D/dalvikvm(  575): GC_CONCURRENT freed 1976K, 9% free 20698K/22716K, paused 3ms+6ms, total 75ms
D/dalvikvm(  575): WAIT_FOR_CONCURRENT_GC blocked 67ms
D/dalvikvm(  575): GC_FOR_ALLOC freed 2673K, 13% free 20726K/23664K, paused 71ms, total 71ms
D/dalvikvm(  575): GC_FOR_ALLOC freed 2744K, 13% free 20745K/23700K, paused 70ms, total 70ms
D/dalvikvm(  575): GC_FOR_ALLOC freed 2780K, 13% free 20781K/23724K, paused 71ms, total 71ms
I/PackageManager(  575): Running dexopt on: com.careerbuilder.SugarDrone
W/dalvikvm( 5985): method Landroid/support/v7/widget/ListViewCompat;.lookForSelectablePosition incorrectly overrides package-private method with same name in Landroid/widget/ListView;
D/dalvikvm( 5985): DexOpt: couldn't find static field Landroid/os/Build;.SUPPORTED_ABIS
D/dalvikvm( 5985): DexOpt: load 287ms, verify+opt 1584ms, 3733380 bytes
I/ActivityManager(  575): Force stopping com.careerbuilder.SugarDrone appid=16158 user=-1: update pkg
W/PackageManager(  575): Not granting permission android.permission.MANAGE_DOCUMENTS to package com.careerbuilder.SugarDrone (protectionLevel=2 flags=0x8be46)
W/PackageManager(  575): Not granting permission android.permission.MOUNT_UNMOUNT_FILESYSTEMS to package com.careerbuilder.SugarDrone (protectionLevel=18 flags=0x8be46)
I/InputReader(  575): Reconfiguring input devices.  changes=0x00000010
D/dalvikvm(  831): GC_CONCURRENT freed 453K, 5% free 9244K/9728K, paused 2ms+2ms, total 19ms
I/Icing.InternalIcingCorporaProvider( 1339): Updating corpora: A: com.careerbuilder.SugarDrone, C: MAYBE
I/ActivityManager(  575): Delay finish: com.google.android.googlequicksearchbox/com.google.android.search.core.summons.icing.InternalIcingCorporaProvider$CorporaChangedReceiver
D/BackupManagerService(  575): Received broadcast Intent { act=android.intent.action.PACKAGE_ADDED dat=package:com.careerbuilder.SugarDrone flg=0x4000010 (has extras) }
V/BackupManagerService(  575): addPackageParticipantsLocked: #1
I/ActivityManager(  575): Resuming delayed broadcast
I/ActivityManager(  575): Delay finish: com.google.android.apps.plus/.service.PackagesMediaMonitor
I/ActivityManager(  575): Resuming delayed broadcast
D/dalvikvm( 1339): GC_CONCURRENT freed 346K, 5% free 9580K/10024K, paused 4ms+2ms, total 30ms
D/dalvikvm(  575): GC_EXPLICIT freed 1816K, 9% free 20888K/22872K, paused 16ms+33ms, total 189ms
D/AndroidRuntime( 5909): Shutting down VM
D/dalvikvm( 5909): GC_CONCURRENT freed 95K, 15% free 561K/660K, paused 0ms+0ms, total 2ms
I/PeopleContactsSync(  882): triggerPendingContactsCleanup: no accounts
D/Wear_Controller(  882): Received broadcast action=android.intent.action.PACKAGE_ADDED and uri=com.careerbuilder.SugarDrone
W/IcingInternalCorpora(  882): getNumBytesRead when not calculated.
I/Icing   (  882): Usage reports 0 indexed 0 rejected 0 imm upload true
I/ActivityManager(  575): Delay finish: com.google.android.gms/.chimera.GmsIntentOperationService$PersistentInternalReceiver
I/Icing.InternalIcingCorporaProvider( 1339): UpdateCorporaTask done [took 344 ms] updated apps [took 344 ms] 
I/ActivityManager(  575): Resuming delayed broadcast
I/Icing   (  882): Usage reports 0 indexed 0 rejected 0 imm upload false
I/Icing   (  882): Usage reports 0 indexed 0 rejected 0 imm upload false
D/AndroidRuntime( 6075): 
D/AndroidRuntime( 6075): >>>>>> AndroidRuntime START com.android.internal.os.RuntimeInit <<<<<<
D/AndroidRuntime( 6075): CheckJNI is OFF
D/dalvikvm( 6075): Trying to load lib libjavacore.so 0x0
D/dalvikvm( 6075): Added shared lib libjavacore.so 0x0
D/dalvikvm( 6075): Trying to load lib libnativehelper.so 0x0
D/dalvikvm( 6075): Added shared lib libnativehelper.so 0x0
D/dalvikvm( 6075): No JNI_OnLoad found in libnativehelper.so 0x0, skipping init
D/dalvikvm( 6075): Note: class Landroid/app/ActivityManagerNative; has 179 unimplemented (abstract) methods
D/AndroidRuntime( 6075): Calling main entry com.android.commands.settings.SettingsCmd
D/AndroidRuntime( 6075): Shutting down VM
D/dalvikvm( 6075): GC_CONCURRENT freed 96K, 15% free 562K/660K, paused 1ms+1ms, total 3ms
I/Icing   (  882): Indexing 51913DCE11206AD5493A298902DFB4629E7C2319 from com.google.android.googlequicksearchbox
I/Icing   (  882): Indexing done 51913DCE11206AD5493A298902DFB4629E7C2319
D/dalvikvm(  882): GC_CONCURRENT freed 1604K, 13% free 12352K/14068K, paused 4ms+3ms, total 40ms
I/Icing   (  882): Indexing 20DD4C980DC9932934B14C611F3A585B39FE1847 from com.google.android.gms
D/AndroidRuntime( 6107): 
D/AndroidRuntime( 6107): >>>>>> AndroidRuntime START com.android.internal.os.RuntimeInit <<<<<<
D/AndroidRuntime( 6107): CheckJNI is OFF
D/dalvikvm( 6107): Trying to load lib libjavacore.so 0x0
D/dalvikvm( 6107): Added shared lib libjavacore.so 0x0
D/dalvikvm( 6107): Trying to load lib libnativehelper.so 0x0
D/dalvikvm( 6107): Added shared lib libnativehelper.so 0x0
D/dalvikvm( 6107): No JNI_OnLoad found in libnativehelper.so 0x0, skipping init
D/dalvikvm(  882): GC_CONCURRENT freed 876K, 11% free 12537K/14068K, paused 4ms+6ms, total 48ms
D/dalvikvm( 6107): Note: class Landroid/app/ActivityManagerNative; has 179 unimplemented (abstract) methods
I/Icing   (  882): Indexing done 20DD4C980DC9932934B14C611F3A585B39FE1847
D/AndroidRuntime( 6107): Calling main entry com.android.commands.settings.SettingsCmd
D/AndroidRuntime( 6107): Shutting down VM
D/dalvikvm( 6107): GC_CONCURRENT freed 96K, 15% free 562K/660K, paused 1ms+0ms, total 3ms
D/AndroidRuntime( 6139): 
D/AndroidRuntime( 6139): >>>>>> AndroidRuntime START com.android.internal.os.RuntimeInit <<<<<<
D/AndroidRuntime( 6139): CheckJNI is OFF
D/dalvikvm( 6139): Trying to load lib libjavacore.so 0x0
D/dalvikvm( 6139): Added shared lib libjavacore.so 0x0
D/dalvikvm( 6139): Trying to load lib libnativehelper.so 0x0
D/dalvikvm( 6139): Added shared lib libnativehelper.so 0x0
D/dalvikvm( 6139): No JNI_OnLoad found in libnativehelper.so 0x0, skipping init
D/dalvikvm( 6139): Note: class Landroid/app/ActivityManagerNative; has 179 unimplemented (abstract) methods
D/AndroidRuntime( 6139): Calling main entry com.android.commands.settings.SettingsCmd
D/AndroidRuntime( 6139): Shutting down VM
D/dalvikvm( 6139): GC_CONCURRENT freed 96K, 15% free 562K/660K, paused 0ms+0ms, total 2ms
D/AndroidRuntime( 6167): 
D/AndroidRuntime( 6167): >>>>>> AndroidRuntime START com.android.internal.os.RuntimeInit <<<<<<
D/AndroidRuntime( 6167): CheckJNI is OFF
D/dalvikvm( 6167): Trying to load lib libjavacore.so 0x0
D/dalvikvm( 6167): Added shared lib libjavacore.so 0x0
D/dalvikvm( 6167): Trying to load lib libnativehelper.so 0x0
D/dalvikvm( 6167): Added shared lib libnativehelper.so 0x0
D/dalvikvm( 6167): No JNI_OnLoad found in libnativehelper.so 0x0, skipping init
D/dalvikvm( 6167): Note: class Landroid/app/ActivityManagerNative; has 179 unimplemented (abstract) methods
D/AndroidRuntime( 6167): Calling main entry com.android.commands.settings.SettingsCmd
D/AndroidRuntime( 6167): Shutting down VM
D/dalvikvm( 6167): GC_CONCURRENT freed 96K, 15% free 562K/660K, paused 1ms+0ms, total 3ms
D/AndroidRuntime( 6194): 
D/AndroidRuntime( 6194): >>>>>> AndroidRuntime START com.android.internal.os.RuntimeInit <<<<<<
D/AndroidRuntime( 6194): CheckJNI is OFF
D/dalvikvm( 6194): Trying to load lib libjavacore.so 0x0
D/dalvikvm( 6194): Added shared lib libjavacore.so 0x0
D/dalvikvm( 6194): Trying to load lib libnativehelper.so 0x0
D/dalvikvm( 6194): Added shared lib libnativehelper.so 0x0
D/dalvikvm( 6194): No JNI_OnLoad found in libnativehelper.so 0x0, skipping init
D/dalvikvm( 6194): Note: class Landroid/app/ActivityManagerNative; has 179 unimplemented (abstract) methods
D/AndroidRuntime( 6194): Calling main entry com.android.commands.settings.SettingsCmd
D/AndroidRuntime( 6194): Shutting down VM
D/dalvikvm( 6194): GC_CONCURRENT freed 96K, 15% free 562K/660K, paused 1ms+1ms, total 3ms
D/AndroidRuntime( 6225): 
D/AndroidRuntime( 6225): >>>>>> AndroidRuntime START com.android.internal.os.RuntimeInit <<<<<<
D/AndroidRuntime( 6225): CheckJNI is OFF
D/dalvikvm( 6225): Trying to load lib libjavacore.so 0x0
D/dalvikvm( 6225): Added shared lib libjavacore.so 0x0
D/dalvikvm( 6225): Trying to load lib libnativehelper.so 0x0
D/dalvikvm( 6225): Added shared lib libnativehelper.so 0x0
D/dalvikvm( 6225): No JNI_OnLoad found in libnativehelper.so 0x0, skipping init
D/dalvikvm( 6225): Note: class Landroid/app/ActivityManagerNative; has 179 unimplemented (abstract) methods
D/AndroidRuntime( 6225): Calling main entry com.android.commands.settings.SettingsCmd
D/AndroidRuntime( 6225): Shutting down VM
D/dalvikvm( 6225): GC_CONCURRENT freed 96K, 15% free 562K/660K, paused 0ms+0ms, total 3ms
D/AndroidRuntime( 6251): 
D/AndroidRuntime( 6251): >>>>>> AndroidRuntime START com.android.internal.os.RuntimeInit <<<<<<
D/AndroidRuntime( 6251): CheckJNI is OFF
D/dalvikvm( 6251): Trying to load lib libjavacore.so 0x0
D/dalvikvm( 6251): Added shared lib libjavacore.so 0x0
D/dalvikvm( 6251): Trying to load lib libnativehelper.so 0x0
D/dalvikvm( 6251): Added shared lib libnativehelper.so 0x0
D/dalvikvm( 6251): No JNI_OnLoad found in libnativehelper.so 0x0, skipping init
D/dalvikvm( 6251): Note: class Landroid/app/ActivityManagerNative; has 179 unimplemented (abstract) methods
D/AndroidRuntime( 6251): Calling main entry com.android.commands.pm.Pm
D/AndroidRuntime( 6251): Shutting down VM
D/dalvikvm( 6251): GC_CONCURRENT freed 249K, 31% free 567K/820K, paused 0ms+1ms, total 2ms
D/dalvikvm(  575): GC_CONCURRENT freed 4287K, 19% free 19566K/23884K, paused 3ms+6ms, total 86ms
D/AndroidRuntime( 6331): 
D/AndroidRuntime( 6331): >>>>>> AndroidRuntime START com.android.internal.os.RuntimeInit <<<<<<
D/AndroidRuntime( 6331): CheckJNI is OFF
D/dalvikvm( 6331): Trying to load lib libjavacore.so 0x0
D/dalvikvm( 6331): Added shared lib libjavacore.so 0x0
D/dalvikvm( 6331): Trying to load lib libnativehelper.so 0x0
D/dalvikvm( 6331): Added shared lib libnativehelper.so 0x0
D/dalvikvm( 6331): No JNI_OnLoad found in libnativehelper.so 0x0, skipping init
D/dalvikvm( 6331): Note: class Landroid/app/ActivityManagerNative; has 179 unimplemented (abstract) methods
D/AndroidRuntime( 6331): Calling main entry com.android.commands.pm.Pm
D/AndroidRuntime( 6331): Shutting down VM
D/dalvikvm( 6331): GC_CONCURRENT freed 249K, 31% free 567K/820K, paused 0ms+0ms, total 3ms
D/AndroidRuntime( 6427): 
D/AndroidRuntime( 6427): >>>>>> AndroidRuntime START com.android.internal.os.RuntimeInit <<<<<<
D/AndroidRuntime( 6427): CheckJNI is OFF
D/dalvikvm( 6427): Trying to load lib libjavacore.so 0x0
D/dalvikvm( 6427): Added shared lib libjavacore.so 0x0
D/dalvikvm( 6427): Trying to load lib libnativehelper.so 0x0
D/dalvikvm( 6427): Added shared lib libnativehelper.so 0x0
D/dalvikvm( 6427): No JNI_OnLoad found in libnativehelper.so 0x0, skipping init
D/dalvikvm( 6427): Note: class Landroid/app/ActivityManagerNative; has 179 unimplemented (abstract) methods
D/AndroidRuntime( 6427): Calling main entry com.android.commands.am.Am
D/AndroidRuntime( 6427): Shutting down VM
W/ActivityManager(  575): Invalid packageName: com.careerbuilder.SugarDrone.test
D/dalvikvm( 6427): GC_CONCURRENT freed 93K, 15% free 553K/648K, paused 0ms+0ms, total 2ms
D/AndroidRuntime( 6461): 
D/AndroidRuntime( 6461): >>>>>> AndroidRuntime START com.android.internal.os.RuntimeInit <<<<<<
D/AndroidRuntime( 6461): CheckJNI is OFF
D/dalvikvm( 6461): Trying to load lib libjavacore.so 0x0
D/dalvikvm( 6461): Added shared lib libjavacore.so 0x0
D/dalvikvm( 6461): Trying to load lib libnativehelper.so 0x0
D/dalvikvm( 6461): Added shared lib libnativehelper.so 0x0
D/dalvikvm( 6461): No JNI_OnLoad found in libnativehelper.so 0x0, skipping init
D/dalvikvm( 6461): Note: class Landroid/app/ActivityManagerNative; has 179 unimplemented (abstract) methods
D/AndroidRuntime( 6461): Calling main entry com.android.commands.pm.Pm
W/ActivityManager(  575): No content provider found for permission revoke: file:///data/local/tmp/0000001387
W/ActivityManager(  575): No content provider found for permission revoke: file:///data/local/tmp/0000001387
I/PackageManager(  575): Copying native libraries to /data/app-lib/vmdl191882811
I/PackageManager(  575): Running dexopt on: com.careerbuilder.SugarDrone.test
D/dalvikvm( 6485): DexOpt: load 70ms, verify+opt 526ms, 1565836 bytes
I/ActivityManager(  575): Force stopping com.careerbuilder.SugarDrone.test appid=16159 user=-1: update pkg
I/InputReader(  575): Reconfiguring input devices.  changes=0x00000010
D/BackupManagerService(  575): Received broadcast Intent { act=android.intent.action.PACKAGE_ADDED dat=package:com.careerbuilder.SugarDrone.test flg=0x4000010 (has extras) }
V/BackupManagerService(  575): addPackageParticipantsLocked: #1
I/Icing.InternalIcingCorporaProvider( 1339): Updating corpora: A: com.careerbuilder.SugarDrone.test, C: MAYBE
I/ActivityManager(  575): Delay finish: com.google.android.apps.plus/.service.PackagesMediaMonitor
I/ActivityManager(  575): Resuming delayed broadcast
I/Icing.InternalIcingCorporaProvider( 1339): UpdateCorporaTask done [took 40 ms] updated apps [took 40 ms] 
D/dalvikvm( 2012): GC_FOR_ALLOC freed 251K, 3% free 19137K/19696K, paused 15ms, total 16ms
D/dalvikvm(  575): GC_EXPLICIT freed 1031K, 18% free 19642K/23884K, paused 4ms+12ms, total 246ms
D/AndroidRuntime( 6461): Shutting down VM
D/dalvikvm( 6461): GC_CONCURRENT freed 95K, 15% free 561K/660K, paused 0ms+0ms, total 2ms
D/Wear_Controller(  882): Received broadcast action=android.intent.action.PACKAGE_ADDED and uri=com.careerbuilder.SugarDrone.test
I/PeopleContactsSync(  882): triggerPendingContactsCleanup: no accounts
D/dalvikvm(  882): GC_CONCURRENT freed 1343K, 12% free 12420K/14064K, paused 7ms+6ms, total 93ms
W/IcingInternalCorpora(  882): getNumBytesRead when not calculated.
I/Icing   (  882): Usage reports 0 indexed 0 rejected 0 imm upload false
I/Icing   (  882): Usage reports 0 indexed 0 rejected 0 imm upload false
D/AndroidRuntime( 6540): 
D/AndroidRuntime( 6540): >>>>>> AndroidRuntime START com.android.internal.os.RuntimeInit <<<<<<
D/AndroidRuntime( 6540): CheckJNI is OFF
D/dalvikvm( 6540): Trying to load lib libjavacore.so 0x0
D/dalvikvm( 6540): Added shared lib libjavacore.so 0x0
D/dalvikvm( 6540): Trying to load lib libnativehelper.so 0x0
D/dalvikvm( 6540): Added shared lib libnativehelper.so 0x0
D/dalvikvm( 6540): No JNI_OnLoad found in libnativehelper.so 0x0, skipping init
D/dalvikvm( 6540): Note: class Landroid/app/ActivityManagerNative; has 179 unimplemented (abstract) methods
D/AndroidRuntime( 6540): Calling main entry com.android.commands.settings.SettingsCmd
D/AndroidRuntime( 6540): Shutting down VM
D/dalvikvm( 6540): GC_CONCURRENT freed 96K, 16% free 562K/664K, paused 1ms+0ms, total 3ms
I/Icing   (  882): Indexing 20DD4C980DC9932934B14C611F3A585B39FE1847 from com.google.android.gms
D/dalvikvm(  882): GC_CONCURRENT freed 947K, 11% free 12587K/14064K, paused 7ms+13ms, total 62ms
I/Icing   (  882): Indexing done 20DD4C980DC9932934B14C611F3A585B39FE1847
D/AndroidRuntime( 6577): 
D/AndroidRuntime( 6577): >>>>>> AndroidRuntime START com.android.internal.os.RuntimeInit <<<<<<
D/AndroidRuntime( 6577): CheckJNI is OFF
D/dalvikvm( 6577): Trying to load lib libjavacore.so 0x0
D/dalvikvm( 6577): Added shared lib libjavacore.so 0x0
D/dalvikvm( 6577): Trying to load lib libnativehelper.so 0x0
D/dalvikvm( 6577): Added shared lib libnativehelper.so 0x0
D/dalvikvm( 6577): No JNI_OnLoad found in libnativehelper.so 0x0, skipping init
D/dalvikvm( 6577): Note: class Landroid/app/ActivityManagerNative; has 179 unimplemented (abstract) methods
D/AndroidRuntime( 6577): Calling main entry com.android.commands.settings.SettingsCmd
D/AndroidRuntime( 6577): Shutting down VM
D/dalvikvm( 6577): GC_CONCURRENT freed 96K, 15% free 562K/660K, paused 1ms+0ms, total 3ms
D/AndroidRuntime( 6611): 
D/AndroidRuntime( 6611): >>>>>> AndroidRuntime START com.android.internal.os.RuntimeInit <<<<<<
D/AndroidRuntime( 6611): CheckJNI is OFF
D/dalvikvm( 6611): Trying to load lib libjavacore.so 0x0
D/dalvikvm( 6611): Added shared lib libjavacore.so 0x0
D/dalvikvm( 6611): Trying to load lib libnativehelper.so 0x0
D/dalvikvm( 6611): Added shared lib libnativehelper.so 0x0
D/dalvikvm( 6611): No JNI_OnLoad found in libnativehelper.so 0x0, skipping init
D/dalvikvm( 6611): Note: class Landroid/app/ActivityManagerNative; has 179 unimplemented (abstract) methods
D/AndroidRuntime( 6611): Calling main entry com.android.commands.settings.SettingsCmd
D/AndroidRuntime( 6611): Shutting down VM
D/dalvikvm( 6611): GC_CONCURRENT freed 96K, 16% free 562K/664K, paused 0ms+0ms, total 2ms
D/AndroidRuntime( 6645): 
D/AndroidRuntime( 6645): >>>>>> AndroidRuntime START com.android.internal.os.RuntimeInit <<<<<<
D/AndroidRuntime( 6645): CheckJNI is OFF
D/dalvikvm( 6645): Trying to load lib libjavacore.so 0x0
D/dalvikvm( 6645): Added shared lib libjavacore.so 0x0
D/dalvikvm( 6645): Trying to load lib libnativehelper.so 0x0
D/dalvikvm( 6645): Added shared lib libnativehelper.so 0x0
D/dalvikvm( 6645): No JNI_OnLoad found in libnativehelper.so 0x0, skipping init
D/dalvikvm( 6645): Note: class Landroid/app/ActivityManagerNative; has 179 unimplemented (abstract) methods
D/AndroidRuntime( 6645): Calling main entry com.android.commands.settings.SettingsCmd
D/AndroidRuntime( 6645): Shutting down VM
D/dalvikvm( 6645): GC_CONCURRENT freed 96K, 15% free 562K/660K, paused 0ms+0ms, total 2ms
D/AndroidRuntime( 6680): 
D/AndroidRuntime( 6680): >>>>>> AndroidRuntime START com.android.internal.os.RuntimeInit <<<<<<
D/AndroidRuntime( 6680): CheckJNI is OFF
D/dalvikvm( 6680): Trying to load lib libjavacore.so 0x0
D/dalvikvm( 6680): Added shared lib libjavacore.so 0x0
D/dalvikvm( 6680): Trying to load lib libnativehelper.so 0x0
D/dalvikvm( 6680): Added shared lib libnativehelper.so 0x0
D/dalvikvm( 6680): No JNI_OnLoad found in libnativehelper.so 0x0, skipping init
D/dalvikvm( 6680): Note: class Landroid/app/ActivityManagerNative; has 179 unimplemented (abstract) methods
D/AndroidRuntime( 6680): Calling main entry com.android.commands.settings.SettingsCmd
D/AndroidRuntime( 6680): Shutting down VM
D/dalvikvm( 6680): GC_CONCURRENT freed 96K, 15% free 562K/660K, paused 0ms+0ms, total 2ms
W/ProcessCpuTracker(  575): Skipping unknown process pid 6717
D/AndroidRuntime( 6715): 
D/AndroidRuntime( 6715): >>>>>> AndroidRuntime START com.android.internal.os.RuntimeInit <<<<<<
D/AndroidRuntime( 6715): CheckJNI is OFF
D/dalvikvm( 6715): Trying to load lib libjavacore.so 0x0
D/dalvikvm( 6715): Added shared lib libjavacore.so 0x0
D/dalvikvm( 6715): Trying to load lib libnativehelper.so 0x0
D/dalvikvm( 6715): Added shared lib libnativehelper.so 0x0
D/dalvikvm( 6715): No JNI_OnLoad found in libnativehelper.so 0x0, skipping init
D/dalvikvm( 6715): Note: class Landroid/app/ActivityManagerNative; has 179 unimplemented (abstract) methods
D/AndroidRuntime( 6715): Calling main entry com.android.commands.settings.SettingsCmd
D/AndroidRuntime( 6715): Shutting down VM
D/dalvikvm( 6715): GC_CONCURRENT freed 96K, 15% free 562K/660K, paused 0ms+0ms, total 3ms
D/AndroidRuntime( 6747): 
D/AndroidRuntime( 6747): >>>>>> AndroidRuntime START com.android.internal.os.RuntimeInit <<<<<<
D/AndroidRuntime( 6747): CheckJNI is OFF
D/dalvikvm( 6747): Trying to load lib libjavacore.so 0x0
D/dalvikvm( 6747): Added shared lib libjavacore.so 0x0
D/dalvikvm( 6747): Trying to load lib libnativehelper.so 0x0
D/dalvikvm( 6747): Added shared lib libnativehelper.so 0x0
D/dalvikvm( 6747): No JNI_OnLoad found in libnativehelper.so 0x0, skipping init
D/dalvikvm( 6747): Note: class Landroid/app/ActivityManagerNative; has 179 unimplemented (abstract) methods
D/AndroidRuntime( 6747): Calling main entry com.android.commands.pm.Pm
D/AndroidRuntime( 6747): Shutting down VM
D/dalvikvm( 6747): GC_CONCURRENT freed 251K, 31% free 567K/820K, paused 0ms+0ms, total 3ms
D/dalvikvm(  575): GC_CONCURRENT freed 2734K, 19% free 19563K/23884K, paused 2ms+6ms, total 83ms
D/AndroidRuntime( 6814): 
D/AndroidRuntime( 6814): >>>>>> AndroidRuntime START com.android.internal.os.RuntimeInit <<<<<<
D/AndroidRuntime( 6814): CheckJNI is OFF
D/dalvikvm( 6814): Trying to load lib libjavacore.so 0x0
D/dalvikvm( 6814): Added shared lib libjavacore.so 0x0
D/dalvikvm( 6814): Trying to load lib libnativehelper.so 0x0
D/dalvikvm( 6814): Added shared lib libnativehelper.so 0x0
D/dalvikvm( 6814): No JNI_OnLoad found in libnativehelper.so 0x0, skipping init
D/dalvikvm( 6814): Note: class Landroid/app/ActivityManagerNative; has 179 unimplemented (abstract) methods
D/AndroidRuntime( 6814): Calling main entry com.android.commands.pm.Pm
D/AndroidRuntime( 6814): Shutting down VM
D/dalvikvm( 6814): GC_CONCURRENT freed 251K, 31% free 567K/820K, paused 0ms+0ms, total 3ms
D/AndroidRuntime( 6891): 
D/AndroidRuntime( 6891): >>>>>> AndroidRuntime START com.android.internal.os.RuntimeInit <<<<<<
D/AndroidRuntime( 6891): CheckJNI is OFF
D/dalvikvm( 6891): Trying to load lib libjavacore.so 0x0
D/dalvikvm( 6891): Added shared lib libjavacore.so 0x0
D/dalvikvm( 6891): Trying to load lib libnativehelper.so 0x0
D/dalvikvm( 6891): Added shared lib libnativehelper.so 0x0
D/dalvikvm( 6891): No JNI_OnLoad found in libnativehelper.so 0x0, skipping init
D/dalvikvm( 6891): Note: class Landroid/app/ActivityManagerNative; has 179 unimplemented (abstract) methods
D/AndroidRuntime( 6891): Calling main entry com.android.commands.input.Input
I/Input   ( 6891): injectKeyEvent: KeyEvent { action=ACTION_DOWN, keyCode=KEYCODE_BACK, scanCode=0, metaState=0, flags=0x0, repeatCount=0, eventTime=260655, downTime=260655, deviceId=-1, source=0x101 }
I/Input   ( 6891): injectKeyEvent: KeyEvent { action=ACTION_UP, keyCode=KEYCODE_BACK, scanCode=0, metaState=0, flags=0x0, repeatCount=0, eventTime=260655, downTime=260655, deviceId=-1, source=0x101 }
D/AndroidRuntime( 6891): Shutting down VM
D/dalvikvm( 6891): GC_CONCURRENT freed 98K, 16% free 563K/664K, paused 1ms+0ms, total 3ms
D/AndroidRuntime( 6955): 
D/AndroidRuntime( 6955): >>>>>> AndroidRuntime START com.android.internal.os.RuntimeInit <<<<<<
D/AndroidRuntime( 6955): CheckJNI is OFF
D/dalvikvm( 6955): Trying to load lib libjavacore.so 0x0
D/dalvikvm( 6955): Added shared lib libjavacore.so 0x0
D/dalvikvm( 6955): Trying to load lib libnativehelper.so 0x0
D/dalvikvm( 6955): Added shared lib libnativehelper.so 0x0
D/dalvikvm( 6955): No JNI_OnLoad found in libnativehelper.so 0x0, skipping init
D/dalvikvm( 6955): Note: class Landroid/app/ActivityManagerNative; has 179 unimplemented (abstract) methods
D/AndroidRuntime( 6955): Calling main entry com.android.commands.input.Input
I/Input   ( 6955): injectKeyEvent: KeyEvent { action=ACTION_DOWN, keyCode=KEYCODE_HOME, scanCode=0, metaState=0, flags=0x0, repeatCount=0, eventTime=262427, downTime=262427, deviceId=-1, source=0x101 }
I/Input   ( 6955): injectKeyEvent: KeyEvent { action=ACTION_UP, keyCode=KEYCODE_HOME, scanCode=0, metaState=0, flags=0x0, repeatCount=0, eventTime=262427, downTime=262427, deviceId=-1, source=0x101 }
D/AndroidRuntime( 6955): Shutting down VM
I/ActivityManager(  575): START u0 {act=android.intent.action.MAIN cat=[android.intent.category.HOME] flg=0x10200000 cmp=com.android.launcher/com.android.launcher2.Launcher} from pid 575
D/dalvikvm( 6955): GC_CONCURRENT freed 98K, 16% free 563K/664K, paused 0ms+0ms, total 3ms
D/AndroidRuntime( 6997): 
D/AndroidRuntime( 6997): >>>>>> AndroidRuntime START com.android.internal.os.RuntimeInit <<<<<<
D/AndroidRuntime( 6997): CheckJNI is OFF
D/dalvikvm( 6997): Trying to load lib libjavacore.so 0x0
D/dalvikvm( 6997): Added shared lib libjavacore.so 0x0
D/dalvikvm( 6997): Trying to load lib libnativehelper.so 0x0
D/dalvikvm( 6997): Added shared lib libnativehelper.so 0x0
D/dalvikvm( 6997): No JNI_OnLoad found in libnativehelper.so 0x0, skipping init
D/dalvikvm( 6997): Note: class Landroid/app/ActivityManagerNative; has 179 unimplemented (abstract) methods
D/AndroidRuntime( 6997): Calling main entry com.android.commands.input.Input
I/Input   ( 6997): injectKeyEvent: KeyEvent { action=ACTION_DOWN, keyCode=KEYCODE_BACK, scanCode=0, metaState=0, flags=0x0, repeatCount=0, eventTime=263773, downTime=263773, deviceId=-1, source=0x101 }
I/Input   ( 6997): injectKeyEvent: KeyEvent { action=ACTION_UP, keyCode=KEYCODE_BACK, scanCode=0, metaState=0, flags=0x0, repeatCount=0, eventTime=263773, downTime=263773, deviceId=-1, source=0x101 }
D/AndroidRuntime( 6997): Shutting down VM
D/dalvikvm( 6997): GC_CONCURRENT freed 98K, 16% free 563K/664K, paused 0ms+0ms, total 2ms
W/ProcessCpuTracker(  575): Skipping unknown process pid 7006
W/ProcessCpuTracker(  575): Skipping unknown process pid 7008
W/ProcessCpuTracker(  575): Skipping unknown process pid 7027
D/dalvikvm( 1307): GC_CONCURRENT freed 427K, 5% free 9572K/10036K, paused 2ms+1ms, total 50ms
D/Finsky  ( 1307): [1] 5.onFinished: Installation state replication succeeded.
D/AndroidRuntime( 7036): 
D/AndroidRuntime( 7036): >>>>>> AndroidRuntime START com.android.internal.os.RuntimeInit <<<<<<
D/AndroidRuntime( 7036): CheckJNI is OFF
D/dalvikvm( 7036): Trying to load lib libjavacore.so 0x0
D/dalvikvm( 7036): Added shared lib libjavacore.so 0x0
D/dalvikvm( 7036): Trying to load lib libnativehelper.so 0x0
D/dalvikvm( 7036): Added shared lib libnativehelper.so 0x0
D/dalvikvm( 7036): No JNI_OnLoad found in libnativehelper.so 0x0, skipping init
D/dalvikvm( 7036): Note: class Landroid/app/ActivityManagerNative; has 179 unimplemented (abstract) methods
D/AndroidRuntime( 7036): Calling main entry com.android.commands.am.Am
I/ActivityManager(  575): Force stopping com.careerbuilder.SugarDrone appid=16158 user=0: start instr
D/dalvikvm( 7061): Late-enabling CheckJNI
I/ActivityManager(  575): Start proc com.careerbuilder.SugarDrone for added application com.careerbuilder.SugarDrone: pid=7061 uid=16158 gids={56158, 3003, 1028, 1015}
I/dalvikvm( 7061): Could not find method android.app.Instrumentation.execStartActivity, referenced from method sh.calaba.exposed.InstrumentationExposed.execStartActivity
W/dalvikvm( 7061): VFY: unable to resolve virtual method 38: Landroid/app/Instrumentation;.execStartActivity (Landroid/content/Context;Landroid/os/IBinder;Landroid/os/IBinder;Landroid/app/Activity;Landroid/content/Intent;I)Landroid/app/Instrumentation$ActivityResult;
D/dalvikvm( 7061): VFY: replacing opcode 0x75 at 0x0000
I/dalvikvm( 7061): Could not find method android.app.Instrumentation.execStartActivity, referenced from method sh.calaba.exposed.InstrumentationExposed.execStartActivity
W/dalvikvm( 7061): VFY: unable to resolve virtual method 41: Landroid/app/Instrumentation;.execStartActivity (Landroid/content/Context;Landroid/os/IBinder;Landroid/os/IBinder;Landroid/app/Fragment;Landroid/content/Intent;I)Landroid/app/Instrumentation$ActivityResult;
D/dalvikvm( 7061): VFY: replacing opcode 0x75 at 0x0000
I/dalvikvm( 7061): Could not find method android.app.Instrumentation.execStartActivityAsCaller, referenced from method sh.calaba.exposed.InstrumentationExposed.execStartActivityAsCaller
W/dalvikvm( 7061): VFY: unable to resolve virtual method 43: Landroid/app/Instrumentation;.execStartActivityAsCaller (Landroid/content/Context;Landroid/os/IBinder;Landroid/os/IBinder;Landroid/app/Activity;Landroid/content/Intent;ILandroid/os/Bundle;I)Landroid/app/Instrumentation$ActivityResult;
D/dalvikvm( 7061): VFY: replacing opcode 0x75 at 0x0000
D/dalvikvm( 7061): Trying to load lib /data/app-lib/com.careerbuilder.SugarDrone-1/libmonodroid.so 0x425eac38
D/dalvikvm( 7061): Added shared lib /data/app-lib/com.careerbuilder.SugarDrone-1/libmonodroid.so 0x425eac38
W/monodroid( 7061): Using override path: /data/data/com.careerbuilder.SugarDrone/files/.__override__
W/monodroid( 7061): Trying to load sgen from: /data/data/com.careerbuilder.SugarDrone/files/.__override__/libmonosgen-2.0.so
W/monodroid( 7061): Trying to load sgen from: /storage/emulated/0/Android/data/com.careerbuilder.SugarDrone/files/.__override__/libmonosgen-2.0.so
W/monodroid( 7061): Trying to load sgen from: /data/app-lib/com.careerbuilder.SugarDrone-1/libmonosgen-2.0.so
D/Mono    ( 7061): Image addref mscorlib[0x758888b0] -> mscorlib.dll[0x75887d48]: 2
D/Mono    ( 7061): Prepared to set up assembly 'mscorlib' (mscorlib.dll)
D/Mono    ( 7061): AOT module 'mscorlib.dll.so' not found: dlopen failed: library "/data/app-lib/com.careerbuilder.SugarDrone-1/libaot-mscorlib.dll.so" not found
D/Mono    ( 7061): AOT module '/Users/builder/data/lanes/4009/f3074d2c/source/monodroid/builds/install/mono-armv6/lib/mono/aot-cache/arm/mscorlib.dll.so' not found: dlopen failed: library "/data/app-lib/com.careerbuilder.SugarDrone-1/libaot-mscorlib.dll.so" not found
D/Mono    ( 7061): Config attempting to parse: 'mscorlib.dll.config'.
D/Mono    ( 7061): Config attempting to parse: '/Users/builder/data/lanes/4009/f3074d2c/source/monodroid/builds/install/mono-armv6/etc/mono/assemblies/mscorlib/mscorlib.config'.
D/Mono    ( 7061): Assembly mscorlib[0x758888b0] added to domain RootDomain, ref_count=1
D/Mono    ( 7061): Image addref CareerBuilder_Search.Droid[0x7a3cc8d8] -> CareerBuilder_Search.Droid.dll[0x7a3cbc38]: 2
D/Mono    ( 7061): Prepared to set up assembly 'CareerBuilder_Search.Droid' (CareerBuilder_Search.Droid.dll)
D/Mono    ( 7061): Assembly CareerBuilder_Search.Droid[0x7a3cc8d8] added to domain RootDomain, ref_count=1
D/Mono    ( 7061): AOT module 'CareerBuilder_Search.Droid.dll.so' not found: dlopen failed: library "/data/app-lib/com.careerbuilder.SugarDrone-1/libaot-CareerBuilder_Search.Droid.dll.so" not found
D/Mono    ( 7061): AOT module '/Users/builder/data/lanes/4009/f3074d2c/source/monodroid/builds/install/mono-armv6/lib/mono/aot-cache/arm/CareerBuilder_Search.Droid.dll.so' not found: dlopen failed: library "/data/app-lib/com.careerbuilder.SugarDrone-1/libaot-CareerBuilder_Search.Droid.dll.so" not found
D/Mono    ( 7061): Config attempting to parse: 'CareerBuilder_Search.Droid.dll.config'.
D/Mono    ( 7061): Config attempting to parse: '/Users/builder/data/lanes/4009/f3074d2c/source/monodroid/builds/install/mono-armv6/etc/mono/assemblies/CareerBuilder_Search.Droid/CareerBuilder_Search.Droid.config'.
D/Mono    ( 7061): Image addref AppsFlyerXamarinBindingAndroid[0x7a3cd740] -> AppsFlyerXamarinBindingAndroid.dll[0x7a3ccaf0]: 2
D/Mono    ( 7061): Prepared to set up assembly 'AppsFlyerXamarinBindingAndroid' (AppsFlyerXamarinBindingAndroid.dll)
D/Mono    ( 7061): Assembly AppsFlyerXamarinBindingAndroid[0x7a3cd740] added to domain RootDomain, ref_count=1
D/Mono    ( 7061): AOT module 'AppsFlyerXamarinBindingAndroid.dll.so' not found: dlopen failed: library "/data/app-lib/com.careerbuilder.SugarDrone-1/libaot-AppsFlyerXamarinBindingAndroid.dll.so" not found
D/Mono    ( 7061): AOT module '/Users/builder/data/lanes/4009/f3074d2c/source/monodroid/builds/install/mono-armv6/lib/mono/aot-cache/arm/AppsFlyerXamarinBindingAndroid.dll.so' not found: dlopen failed: library "/data/app-lib/com.careerbuilder.SugarDrone-1/libaot-AppsFlyerXamarinBindingAndroid.dll.so" not found
D/Mono    ( 7061): Config attempting to parse: 'AppsFlyerXamarinBindingAndroid.dll.config'.
D/Mono    ( 7061): Config attempting to parse: '/Users/builder/data/lanes/4009/f3074d2c/source/monodroid/builds/install/mono-armv6/etc/mono/assemblies/AppsFlyerXamarinBindingAndroid/AppsFlyerXamarinBindingAndroid.config'.
D/Mono    ( 7061): Image addref HockeySDK[0x7a3ce460] -> HockeySDK.dll[0x7a3cd840]: 2
D/Mono    ( 7061): Prepared to set up assembly 'HockeySDK' (HockeySDK.dll)
D/Mono    ( 7061): Assembly HockeySDK[0x7a3ce460] added to domain RootDomain, ref_count=1
D/Mono    ( 7061): AOT module 'HockeySDK.dll.so' not found: dlopen failed: library "/data/app-lib/com.careerbuilder.SugarDrone-1/libaot-HockeySDK.dll.so" not found
D/Mono    ( 7061): AOT module '/Users/builder/data/lanes/4009/f3074d2c/source/monodroid/builds/install/mono-armv6/lib/mono/aot-cache/arm/HockeySDK.dll.so' not found: dlopen failed: library "/data/app-lib/com.careerbuilder.SugarDrone-1/libaot-HockeySDK.dll.so" not found
D/Mono    ( 7061): Config attempting to parse: 'HockeySDK.dll.config'.
D/Mono    ( 7061): Config attempting to parse: '/Users/builder/data/lanes/4009/f3074d2c/source/monodroid/builds/install/mono-armv6/etc/mono/assemblies/HockeySDK/HockeySDK.config'.
D/Mono    ( 7061): Image addref Akavache[0x7a33b200] -> Akavache.dll[0x7a3ce548]: 2
D/Mono    ( 7061): Prepared to set up assembly 'Akavache' (Akavache.dll)
D/Mono    ( 7061): Assembly Akavache[0x7a33b200] added to domain RootDomain, ref_count=1
D/Mono    ( 7061): AOT module 'Akavache.dll.so' not found: dlopen failed: library "/data/app-lib/com.careerbuilder.SugarDrone-1/libaot-Akavache.dll.so" not found
D/Mono    ( 7061): AOT module '/Users/builder/data/lanes/4009/f3074d2c/source/monodroid/builds/install/mono-armv6/lib/mono/aot-cache/arm/Akavache.dll.so' not found: dlopen failed: library "/data/app-lib/com.careerbuilder.SugarDrone-1/libaot-Akavache.dll.so" not found
D/Mono    ( 7061): Config attempting to parse: 'Akavache.dll.config'.
D/Mono    ( 7061): Config attempting to parse: '/Users/builder/data/lanes/4009/f3074d2c/source/monodroid/builds/install/mono-armv6/etc/mono/assemblies/Akavache/Akavache.config'.
D/Mono    ( 7061): Image addref Akavache.Sqlite3[0x7a33bf70] -> Akavache.Sqlite3.dll[0x7a33b320]: 2
D/Mono    ( 7061): Prepared to set up assembly 'Akavache.Sqlite3' (Akavache.Sqlite3.dll)
D/Mono    ( 7061): Assembly Akavache.Sqlite3[0x7a33bf70] added to domain RootDomain, ref_count=1
D/Mono    ( 7061): AOT module 'Akavache.Sqlite3.dll.so' not found: dlopen failed: library "/data/app-lib/com.careerbuilder.SugarDrone-1/libaot-Akavache.Sqlite3.dll.so" not found
D/Mono    ( 7061): AOT module '/Users/builder/data/lanes/4009/f3074d2c/source/monodroid/builds/install/mono-armv6/lib/mono/aot-cache/arm/Akavache.Sqlite3.dll.so' not found: dlopen failed: library "/data/app-lib/com.careerbuilder.SugarDrone-1/libaot-Akavache.Sqlite3.dll.so" not found
W/        ( 7061): Symbol file LoadedFromMemory doesn't match image Akavache.Sqlite3.dll
D/Mono    ( 7061): Config attempting to parse: 'Akavache.Sqlite3.dll.config'.
D/Mono    ( 7061): Config attempting to parse: '/Users/builder/data/lanes/4009/f3074d2c/source/monodroid/builds/install/mono-armv6/etc/mono/assemblies/Akavache.Sqlite3/Akavache.Sqlite3.config'.
D/Mono    ( 7061): Image addref Splat[0x7a3eccc8] -> Splat.dll[0x7a3ec088]: 2
D/Mono    ( 7061): Prepared to set up assembly 'Splat' (Splat.dll)
D/Mono    ( 7061): Assembly Splat[0x7a3eccc8] added to domain RootDomain, ref_count=1
D/Mono    ( 7061): AOT module 'Splat.dll.so' not found: dlopen failed: library "/data/app-lib/com.careerbuilder.SugarDrone-1/libaot-Splat.dll.so" not found
D/Mono    ( 7061): AOT module '/Users/builder/data/lanes/4009/f3074d2c/source/monodroid/builds/install/mono-armv6/lib/mono/aot-cache/arm/Splat.dll.so' not found: dlopen failed: library "/data/app-lib/com.careerbuilder.SugarDrone-1/libaot-Splat.dll.so" not found
D/Mono    ( 7061): Config attempting to parse: 'Splat.dll.config'.
D/Mono    ( 7061): Config attempting to parse: '/Users/builder/data/lanes/4009/f3074d2c/source/monodroid/builds/install/mono-armv6/etc/mono/assemblies/Splat/Splat.config'.
D/Mono    ( 7061): Image addref Microsoft.Practices.ServiceLocation[0x7a3f0ae0] -> Microsoft.Practices.ServiceLocation.dll[0x7a3efec0]: 2
D/Mono    ( 7061): Prepared to set up assembly 'Microsoft.Practices.ServiceLocation' (Microsoft.Practices.ServiceLocation.dll)
D/Mono    ( 7061): Assembly Microsoft.Practices.ServiceLocation[0x7a3f0ae0] added to domain RootDomain, ref_count=1
D/Mono    ( 7061): AOT module 'Microsoft.Practices.ServiceLocation.dll.so' not found: dlopen failed: library "/data/app-lib/com.careerbuilder.SugarDrone-1/libaot-Microsoft.Practices.ServiceLocation.dll.so" not found
D/Mono    ( 7061): AOT module '/Users/builder/data/lanes/4009/f3074d2c/source/monodroid/builds/install/mono-armv6/lib/mono/aot-cache/arm/Microsoft.Practices.ServiceLocation.dll.so' not found: dlopen failed: library "/data/app-lib/com.careerbuilder.SugarDrone-1/libaot-Microsoft.Practices.ServiceLocation.dll.so" not found
D/Mono    ( 7061): Config attempting to parse: 'Microsoft.Practices.ServiceLocation.dll.config'.
D/Mono    ( 7061): Config attempting to parse: '/Users/builder/data/lanes/4009/f3074d2c/source/monodroid/builds/install/mono-armv6/etc/mono/assemblies/Microsoft.Practices.ServiceLocation/Microsoft.Practices.ServiceLocation.config'.
D/Mono    ( 7061): Image addref Microsoft.Practices.Unity[0x7a3f20c8] -> Microsoft.Practices.Unity.dll[0x7a3f1458]: 2
D/Mono    ( 7061): Prepared to set up assembly 'Microsoft.Practices.Unity' (Microsoft.Practices.Unity.dll)
D/Mono    ( 7061): Assembly Microsoft.Practices.Unity[0x7a3f20c8] added to domain RootDomain, ref_count=1
D/Mono    ( 7061): AOT module 'Microsoft.Practices.Unity.dll.so' not found: dlopen failed: library "/data/app-lib/com.careerbuilder.SugarDrone-1/libaot-Microsoft.Practices.Unity.dll.so" not found
D/Mono    ( 7061): AOT module '/Users/builder/data/lanes/4009/f3074d2c/source/monodroid/builds/install/mono-armv6/lib/mono/aot-cache/arm/Microsoft.Practices.Unity.dll.so' not found: dlopen failed: library "/data/app-lib/com.careerbuilder.SugarDrone-1/libaot-Microsoft.Practices.Unity.dll.so" not found
D/Mono    ( 7061): Config attempting to parse: 'Microsoft.Practices.Unity.dll.config'.
D/Mono    ( 7061): Config attempting to parse: '/Users/builder/data/lanes/4009/f3074d2c/source/monodroid/builds/install/mono-armv6/etc/mono/assemblies/Microsoft.Practices.Unity/Microsoft.Practices.Unity.config'.
D/Mono    ( 7061): Image addref Plugin.CurrentActivity[0x7a3f2e18] -> Plugin.CurrentActivity.dll[0x7a3f21e8]: 2
D/Mono    ( 7061): Prepared to set up assembly 'Plugin.CurrentActivity' (Plugin.CurrentActivity.dll)
D/Mono    ( 7061): Assembly Plugin.CurrentActivity[0x7a3f2e18] added to domain RootDomain, ref_count=1
D/Mono    ( 7061): AOT module 'Plugin.CurrentActivity.dll.so' not found: dlopen failed: library "/data/app-lib/com.careerbuilder.SugarDrone-1/libaot-Plugin.CurrentActivity.dll.so" not found
D/Mono    ( 7061): AOT module '/Users/builder/data/lanes/4009/f3074d2c/source/monodroid/builds/install/mono-armv6/lib/mono/aot-cache/arm/Plugin.CurrentActivity.dll.so' not found: dlopen failed: library "/data/app-lib/com.careerbuilder.SugarDrone-1/libaot-Plugin.CurrentActivity.dll.so" not found
D/Mono    ( 7061): Config attempting to parse: 'Plugin.CurrentActivity.dll.config'.
D/Mono    ( 7061): Config attempting to parse: '/Users/builder/data/lanes/4009/f3074d2c/source/monodroid/builds/install/mono-armv6/etc/mono/assemblies/Plugin.CurrentActivity/Plugin.CurrentActivity.config'.
D/Mono    ( 7061): Image addref Plugin.Permissions[0x7a3f3b68] -> Plugin.Permissions.dll[0x7a3f2f48]: 2
D/Mono    ( 7061): Prepared to set up assembly 'Plugin.Permissions' (Plugin.Permissions.dll)
D/Mono    ( 7061): Assembly Plugin.Permissions[0x7a3f3b68] added to domain RootDomain, ref_count=1
D/Mono    ( 7061): AOT module 'Plugin.Permissions.dll.so' not found: dlopen failed: library "/data/app-lib/com.careerbuilder.SugarDrone-1/libaot-Plugin.Permissions.dll.so" not found
D/Mono    ( 7061): AOT module '/Users/builder/data/lanes/4009/f3074d2c/source/monodroid/builds/install/mono-armv6/lib/mono/aot-cache/arm/Plugin.Permissions.dll.so' not found: dlopen failed: library "/data/app-lib/com.careerbuilder.SugarDrone-1/libaot-Plugin.Permissions.dll.so" not found
D/Mono    ( 7061): Config attempting to parse: 'Plugin.Permissions.dll.config'.
D/Mono    ( 7061): Config attempting to parse: '/Users/builder/data/lanes/4009/f3074d2c/source/monodroid/builds/install/mono-armv6/etc/mono/assemblies/Plugin.Permissions/Plugin.Permissions.config'.
D/Mono    ( 7061): Image addref Plugin.Permissions.Abstractions[0x7a3f5288] -> Plugin.Permissions.Abstractions.dll[0x7a3f4628]: 2
D/Mono    ( 7061): Prepared to set up assembly 'Plugin.Permissions.Abstractions' (Plugin.Permissions.Abstractions.dll)
D/Mono    ( 7061): Assembly Plugin.Permissions.Abstractions[0x7a3f5288] added to domain RootDomain, ref_count=1
D/Mono    ( 7061): AOT module 'Plugin.Permissions.Abstractions.dll.so' not found: dlopen failed: library "/data/app-lib/com.careerbuilder.SugarDrone-1/libaot-Plugin.Permissions.Abstractions.dll.so" not found
D/Mono    ( 7061): AOT module '/Users/builder/data/lanes/4009/f3074d2c/source/monodroid/builds/install/mono-armv6/lib/mono/aot-cache/arm/Plugin.Permissions.Abstractions.dll.so' not found: dlopen failed: library "/data/app-lib/com.careerbuilder.SugarDrone-1/libaot-Plugin.Permissions.Abstractions.dll.so" not found
D/Mono    ( 7061): Config attempting to parse: 'Plugin.Permissions.Abstractions.dll.config'.
D/Mono    ( 7061): Config attempting to parse: '/Users/builder/data/lanes/4009/f3074d2c/source/monodroid/builds/install/mono-armv6/etc/mono/assemblies/Plugin.Permissions.Abstractions/Plugin.Permissions.Abstractions.config'.
D/Mono    ( 7061): Image addref Plugin.Geolocator[0x7a3f6138] -> Plugin.Geolocator.dll[0x7a3f54e8]: 2
D/Mono    ( 7061): Prepared to set up assembly 'Plugin.Geolocator' (Plugin.Geolocator.dll)
D/Mono    ( 7061): Assembly Plugin.Geolocator[0x7a3f6138] added to domain RootDomain, ref_count=1
D/Mono    ( 7061): AOT module 'Plugin.Geolocator.dll.so' not found: dlopen failed: library "/data/app-lib/com.careerbuilder.SugarDrone-1/libaot-Plugin.Geolocator.dll.so" not found
D/Mono    ( 7061): AOT module '/Users/builder/data/lanes/4009/f3074d2c/source/monodroid/builds/install/mono-armv6/lib/mono/aot-cache/arm/Plugin.Geolocator.dll.so' not found: dlopen failed: library "/data/app-lib/com.careerbuilder.SugarDrone-1/libaot-Plugin.Geolocator.dll.so" not found
D/Mono    ( 7061): Config attempting to parse: 'Plugin.Geolocator.dll.config'.
D/Mono    ( 7061): Config attempting to parse: '/Users/builder/data/lanes/4009/f3074d2c/source/monodroid/builds/install/mono-armv6/etc/mono/assemblies/Plugin.Geolocator/Plugin.Geolocator.config'.
D/Mono    ( 7061): Image addref Plugin.Geolocator.Abstractions[0x7a3f80d0] -> Plugin.Geolocator.Abstractions.dll[0x7a3f74b8]: 2
D/Mono    ( 7061): Prepared to set up assembly 'Plugin.Geolocator.Abstractions' (Plugin.Geolocator.Abstractions.dll)
D/Mono    ( 7061): Assembly Plugin.Geolocator.Abstractions[0x7a3f80d0] added to domain RootDomain, ref_count=1
D/Mono    ( 7061): AOT module 'Plugin.Geolocator.Abstractions.dll.so' not found: dlopen failed: library "/data/app-lib/com.careerbuilder.SugarDrone-1/libaot-Plugin.Geolocator.Abstractions.dll.so" not found
D/Mono    ( 7061): AOT module '/Users/builder/data/lanes/4009/f3074d2c/source/monodroid/builds/install/mono-armv6/lib/mono/aot-cache/arm/Plugin.Geolocator.Abstractions.dll.so' not found: dlopen failed: library "/data/app-lib/com.careerbuilder.SugarDrone-1/libaot-Plugin.Geolocator.Abstractions.dll.so" not found
D/Mono    ( 7061): Config attempting to parse: 'Plugin.Geolocator.Abstractions.dll.config'.
D/Mono    ( 7061): Config attempting to parse: '/Users/builder/data/lanes/4009/f3074d2c/source/monodroid/builds/install/mono-armv6/etc/mono/assemblies/Plugin.Geolocator.Abstractions/Plugin.Geolocator.Abstractions.config'.
D/Mono    ( 7061): Image addref Plugin.DeviceInfo[0x7a3f9448] -> Plugin.DeviceInfo.dll[0x7a3f87e8]: 2
D/Mono    ( 7061): Prepared to set up assembly 'Plugin.DeviceInfo' (Plugin.DeviceInfo.dll)
D/Mono    ( 7061): Assembly Plugin.DeviceInfo[0x7a3f9448] added to domain RootDomain, ref_count=1
D/Mono    ( 7061): AOT module 'Plugin.DeviceInfo.dll.so' not found: dlopen failed: library "/data/app-lib/com.careerbuilder.SugarDrone-1/libaot-Plugin.DeviceInfo.dll.so" not found
D/Mono    ( 7061): AOT module '/Users/builder/data/lanes/4009/f3074d2c/source/monodroid/builds/install/mono-armv6/lib/mono/aot-cache/arm/Plugin.DeviceInfo.dll.so' not found: dlopen failed: library "/data/app-lib/com.careerbuilder.SugarDrone-1/libaot-Plugin.DeviceInfo.dll.so" not found
D/Mono    ( 7061): Config attempting to parse: 'Plugin.DeviceInfo.dll.config'.
D/Mono    ( 7061): Config attempting to parse: '/Users/builder/data/lanes/4009/f3074d2c/source/monodroid/builds/install/mono-armv6/etc/mono/assemblies/Plugin.DeviceInfo/Plugin.DeviceInfo.config'.
D/Mono    ( 7061): Image addref Plugin.DeviceInfo.Abstractions[0x7a3fa638] -> Plugin.DeviceInfo.Abstractions.dll[0x7a3f99c8]: 2
D/Mono    ( 7061): Prepared to set up assembly 'Plugin.DeviceInfo.Abstractions' (Plugin.DeviceInfo.Abstractions.dll)
D/Mono    ( 7061): Assembly Plugin.DeviceInfo.Abstractions[0x7a3fa638] added to domain RootDomain, ref_count=1
D/Mono    ( 7061): AOT module 'Plugin.DeviceInfo.Abstractions.dll.so' not found: dlopen failed: library "/data/app-lib/com.careerbuilder.SugarDrone-1/libaot-Plugin.DeviceInfo.Abstractions.dll.so" not found
D/Mono    ( 7061): AOT module '/Users/builder/data/lanes/4009/f3074d2c/source/monodroid/builds/install/mono-armv6/lib/mono/aot-cache/arm/Plugin.DeviceInfo.Abstractions.dll.so' not found: dlopen failed: library "/data/app-lib/com.careerbuilder.SugarDrone-1/libaot-Plugin.DeviceInfo.Abstractions.dll.so" not found
D/Mono    ( 7061): Config attempting to parse: 'Plugin.DeviceInfo.Abstractions.dll.config'.
D/Mono    ( 7061): Config attempting to parse: '/Users/builder/data/lanes/4009/f3074d2c/source/monodroid/builds/install/mono-armv6/etc/mono/assemblies/Plugin.DeviceInfo.Abstractions/Plugin.DeviceInfo.Abstractions.config'.
D/Mono    ( 7061): Image addref Xamarin.GooglePlayServices.Analytics[0x7a3fb520] -> Xamarin.GooglePlayServices.Analytics.dll[0x7a3fa910]: 2
D/Mono    ( 7061): Prepared to set up assembly 'Xamarin.GooglePlayServices.Analytics' (Xamarin.GooglePlayServices.Analytics.dll)
D/Mono    ( 7061): Assembly Xamarin.GooglePlayServices.Analytics[0x7a3fb520] added to domain RootDomain, ref_count=1
D/Mono    ( 7061): AOT module 'Xamarin.GooglePlayServices.Analytics.dll.so' not found: dlopen failed: library "/data/app-lib/com.careerbuilder.SugarDrone-1/libaot-Xamarin.GooglePlayServices.Analytics.dll.so" not found
D/Mono    ( 7061): AOT module '/Users/builder/data/lanes/4009/f3074d2c/source/monodroid/builds/install/mono-armv6/lib/mono/aot-cache/arm/Xamarin.GooglePlayServices.Analytics.dll.so' not found: dlopen failed: library "/data/app-lib/com.careerbuilder.SugarDrone-1/libaot-Xamarin.GooglePlayServices.Analytics.dll.so" not found
D/Mono    ( 7061): Config attempting to parse: 'Xamarin.GooglePlayServices.Analytics.dll.config'.
D/Mono    ( 7061): Config attempting to parse: '/Users/builder/data/lanes/4009/f3074d2c/source/monodroid/builds/install/mono-armv6/etc/mono/assemblies/Xamarin.GooglePlayServices.Analytics/Xamarin.GooglePlayServices.Analytics.config'.
D/Mono    ( 7061): Image addref Xamarin.GooglePlayServices.Base[0x7a3fc278] -> Xamarin.GooglePlayServices.Base.dll[0x7a3fb6c0]: 2
D/Mono    ( 7061): Prepared to set up assembly 'Xamarin.GooglePlayServices.Base' (Xamarin.GooglePlayServices.Base.dll)
