W/ResourceType( 7324): No known package when getting name for resource number 0xffffffff
W/ResourceType( 7324): No known package when getting name for resource number 0xffffffff
W/ResourceType( 7324): No known package when getting name for resource number 0xffffffff
W/ResourceType( 7324): No known package when getting name for resource number 0xffffffff
W/ResourceType( 7324): No known package when getting name for resource number 0xffffffff
W/ResourceType( 7324): No known package when getting name for resource number 0xffffffff
W/ResourceType( 7324): No known package when getting name for resource number 0xffffffff
W/ResourceType( 7324): No known package when getting name for resource number 0xffffffff
W/ResourceType( 7324): No known package when getting name for resource number 0xffffffff
W/ResourceType( 7324): No known package when getting name for resource number 0xffffffff
W/ResourceType( 7324): No known package when getting name for resource number 0xffffffff
W/ResourceType( 7324): No known package when getting name for resource number 0xffffffff
W/ResourceType( 7324): No known package when getting name for resource number 0xffffffff
W/ResourceType( 7324): No known package when getting name for resource number 0xffffffff
W/ResourceType( 7324): No known package when getting name for resource number 0xffffffff
W/ResourceType( 7324): No known package when getting name for resource number 0xffffffff
W/ResourceType( 7324): No known package when getting name for resource number 0xffffffff
W/ResourceType( 7324): No known package when getting name for resource number 0xffffffff
W/ResourceType( 7324): No known package when getting name for resource number 0xffffffff
W/ResourceType( 7324): No known package when getting name for resource number 0xffffffff
W/ResourceType( 7324): No known package when getting name for resource number 0xffffffff
W/ResourceType( 7324): No known package when getting name for resource number 0xffffffff
W/ResourceType( 7324): No known package when getting name for resource number 0xffffffff
W/ResourceType( 7324): No known package when getting name for resource number 0xffffffff
W/ResourceType( 7324): No known package when getting name for resource number 0xffffffff
W/ResourceType( 7324): No known package when getting name for resource number 0xffffffff
W/ResourceType( 7324): No known package when getting name for resource number 0xffffffff
W/ResourceType( 7324): No known package when getting name for resource number 0xffffffff
W/ResourceType( 7324): No known package when getting name for resource number 0xffffffff
W/ResourceType( 7324): No known package when getting name for resource number 0xffffffff
W/ResourceType( 7324): No known package when getting name for resource number 0xffffffff
W/ResourceType( 7324): No known package when getting name for resource number 0xffffffff
W/ResourceType( 7324): No known package when getting name for resource number 0xffffffff
W/ResourceType( 7324): No known package when getting name for resource number 0xffffffff
W/ResourceType( 7324): No known package when getting name for resource number 0xffffffff
W/ResourceType( 7324): No known package when getting name for resource number 0xffffffff
W/ResourceType( 7324): No known package when getting name for resource number 0xffffffff
W/ResourceType( 7324): No known package when getting name for resource number 0xffffffff
W/ResourceType( 7324): No known package when getting name for resource number 0xffffffff
W/ResourceType( 7324): No known package when getting name for resource number 0xffffffff
W/ResourceType( 7324): No known package when getting name for resource number 0xffffffff
W/ResourceType( 7324): No known package when getting name for resource number 0xffffffff
W/ResourceType( 7324): No known package when getting name for resource number 0xffffffff
W/ResourceType( 7324): No known package when getting name for resource number 0xffffffff
W/ResourceType( 7324): No known package when getting name for resource number 0xffffffff
W/ResourceType( 7324): No known package when getting name for resource number 0xffffffff
W/ResourceType( 7324): No known package when getting name for resource number 0xffffffff
W/ResourceType( 7324): No known package when getting name for resource number 0xffffffff
W/ResourceType( 7324): No known package when getting name for resource number 0xffffffff
W/ResourceType( 7324): No known package when getting name for resource number 0xffffffff
W/ResourceType( 7324): No known package when getting name for resource number 0xffffffff
W/ResourceType( 7324): No known package when getting name for resource number 0xffffffff
W/ResourceType( 7324): No known package when getting name for resource number 0xffffffff
W/ResourceType( 7324): No known package when getting name for resource number 0xffffffff
W/ResourceType( 7324): No known package when getting name for resource number 0xffffffff
D/dalvikvm( 7324): GC_CONCURRENT freed 2504K, 14% free 16418K/19048K, paused 1ms+3ms, total 30ms
D/dalvikvm( 7324): WAIT_FOR_CONCURRENT_GC blocked 15ms
I/System.out( 7324): URI: /map
I/System.out( 7324): params: {json={"query":"* marked:'Job 1'","operation":{"method_name":"query","arguments":[]}}
I/System.out( 7324): }
W/ResourceType( 7324): No known package when getting name for resource number 0xffffffff
W/ResourceType( 7324): No known package when getting name for resource number 0xffffffff
W/ResourceType( 7324): No known package when getting name for resource number 0xffffffff
W/ResourceType( 7324): No known package when getting name for resource number 0xffffffff
W/ResourceType( 7324): No known package when getting name for resource number 0xffffffff
W/ResourceType( 7324): No known package when getting name for resource number 0xffffffff
W/ResourceType( 7324): No known package when getting name for resource number 0xffffffff
W/ResourceType( 7324): No known package when getting name for resource number 0xffffffff
W/ResourceType( 7324): No known package when getting name for resource number 0xffffffff
W/ResourceType( 7324): No known package when getting name for resource number 0xffffffff
W/ResourceType( 7324): No known package when getting name for resource number 0xffffffff
W/ResourceType( 7324): No known package when getting name for resource number 0xffffffff
W/ResourceType( 7324): No known package when getting name for resource number 0xffffffff
W/ResourceType( 7324): No known package when getting name for resource number 0xffffffff
W/ResourceType( 7324): No known package when getting name for resource number 0xffffffff
W/ResourceType( 7324): No known package when getting name for resource number 0xffffffff
W/ResourceType( 7324): No known package when getting name for resource number 0xffffffff
W/ResourceType( 7324): No known package when getting name for resource number 0xffffffff
W/ResourceType( 7324): No known package when getting name for resource number 0xffffffff
W/ResourceType( 7324): No known package when getting name for resource number 0xffffffff
W/ResourceType( 7324): No known package when getting name for resource number 0xffffffff
W/ResourceType( 7324): No known package when getting name for resource number 0xffffffff
W/ResourceType( 7324): No known package when getting name for resource number 0xffffffff
W/ResourceType( 7324): No known package when getting name for resource number 0xffffffff
W/ResourceType( 7324): No known package when getting name for resource number 0xffffffff
W/ResourceType( 7324): No known package when getting name for resource number 0xffffffff
W/ResourceType( 7324): No known package when getting name for resource number 0xffffffff
W/ResourceType( 7324): No known package when getting name for resource number 0xffffffff
W/ResourceType( 7324): No known package when getting name for resource number 0xffffffff
W/ResourceType( 7324): No known package when getting name for resource number 0xffffffff
W/ResourceType( 7324): No known package when getting name for resource number 0xffffffff
W/ResourceType( 7324): No known package when getting name for resource number 0xffffffff
W/ResourceType( 7324): No known package when getting name for resource number 0xffffffff
W/ResourceType( 7324): No known package when getting name for resource number 0xffffffff
W/ResourceType( 7324): No known package when getting name for resource number 0xffffffff
W/ResourceType( 7324): No known package when getting name for resource number 0xffffffff
W/ResourceType( 7324): No known package when getting name for resource number 0xffffffff
W/ResourceType( 7324): No known package when getting name for resource number 0xffffffff
W/ResourceType( 7324): No known package when getting name for resource number 0xffffffff
W/ResourceType( 7324): No known package when getting name for resource number 0xffffffff
W/ResourceType( 7324): No known package when getting name for resource number 0xffffffff
W/ResourceType( 7324): No known package when getting name for resource number 0xffffffff
W/ResourceType( 7324): No known package when getting name for resource number 0xffffffff
W/ResourceType( 7324): No known package when getting name for resource number 0xffffffff
W/ResourceType( 7324): No known package when getting name for resource number 0xffffffff
W/ResourceType( 7324): No known package when getting name for resource number 0xffffffff
W/ResourceType( 7324): No known package when getting name for resource number 0xffffffff
W/ResourceType( 7324): No known package when getting name for resource number 0xffffffff
W/ResourceType( 7324): No known package when getting name for resource number 0xffffffff
W/ResourceType( 7324): No known package when getting name for resource number 0xffffffff
W/ResourceType( 7324): No known package when getting name for resource number 0xffffffff
W/ResourceType( 7324): No known package when getting name for resource number 0xffffffff
W/ResourceType( 7324): No known package when getting name for resource number 0xffffffff
W/ResourceType( 7324): No known package when getting name for resource number 0xffffffff
W/ResourceType( 7324): No known package when getting name for resource number 0xffffffff
W/ResourceType( 7324): No known package when getting name for resource number 0xffffffff
W/ResourceType( 7324): No known package when getting name for resource number 0xffffffff
W/ResourceType( 7324): No known package when getting name for resource number 0xffffffff
W/ResourceType( 7324): No known package when getting name for resource number 0xffffffff
W/ResourceType( 7324): No known package when getting name for resource number 0xffffffff
W/ResourceType( 7324): No known package when getting name for resource number 0xffffffff
W/ResourceType( 7324): No known package when getting name for resource number 0xffffffff
W/ResourceType( 7324): No known package when getting name for resource number 0xffffffff
W/ResourceType( 7324): No known package when getting name for resource number 0xffffffff
W/ResourceType( 7324): No known package when getting name for resource number 0xffffffff
W/ResourceType( 7324): No known package when getting name for resource number 0xffffffff
W/ResourceType( 7324): No known package when getting name for resource number 0xffffffff
W/ResourceType( 7324): No known package when getting name for resource number 0xffffffff
W/ResourceType( 7324): No known package when getting name for resource number 0xffffffff
W/ResourceType( 7324): No known package when getting name for resource number 0xffffffff
W/ResourceType( 7324): No known package when getting name for resource number 0xffffffff
W/ResourceType( 7324): No known package when getting name for resource number 0xffffffff
W/ResourceType( 7324): No known package when getting name for resource number 0xffffffff
D/dalvikvm( 7324): GC_CONCURRENT freed 2464K, 14% free 16454K/19048K, paused 3ms+3ms, total 36ms
D/dalvikvm( 7324): WAIT_FOR_CONCURRENT_GC blocked 21ms
I/dalvikvm( 7324): Jit: resizing JitTable from 4096 to 8192
I/System.out( 7324): URI: /map
I/System.out( 7324): params: {json={"query":"* marked:'Job 1'","operation":{"method_name":"query","arguments":[]}}
I/System.out( 7324): }
W/ResourceType( 7324): No known package when getting name for resource number 0xffffffff
W/ResourceType( 7324): No known package when getting name for resource number 0xffffffff
W/ResourceType( 7324): No known package when getting name for resource number 0xffffffff
W/ResourceType( 7324): No known package when getting name for resource number 0xffffffff
W/ResourceType( 7324): No known package when getting name for resource number 0xffffffff
W/ResourceType( 7324): No known package when getting name for resource number 0xffffffff
W/ResourceType( 7324): No known package when getting name for resource number 0xffffffff
W/ResourceType( 7324): No known package when getting name for resource number 0xffffffff
W/ResourceType( 7324): No known package when getting name for resource number 0xffffffff
W/ResourceType( 7324): No known package when getting name for resource number 0xffffffff
W/ResourceType( 7324): No known package when getting name for resource number 0xffffffff
W/ResourceType( 7324): No known package when getting name for resource number 0xffffffff
W/ResourceType( 7324): No known package when getting name for resource number 0xffffffff
W/ResourceType( 7324): No known package when getting name for resource number 0xffffffff
W/ResourceType( 7324): No known package when getting name for resource number 0xffffffff
W/ResourceType( 7324): No known package when getting name for resource number 0xffffffff
W/ResourceType( 7324): No known package when getting name for resource number 0xffffffff
W/ResourceType( 7324): No known package when getting name for resource number 0xffffffff
W/ResourceType( 7324): No known package when getting name for resource number 0xffffffff
W/ResourceType( 7324): No known package when getting name for resource number 0xffffffff
W/ResourceType( 7324): No known package when getting name for resource number 0xffffffff
W/ResourceType( 7324): No known package when getting name for resource number 0xffffffff
W/ResourceType( 7324): No known package when getting name for resource number 0xffffffff
W/ResourceType( 7324): No known package when getting name for resource number 0xffffffff
W/ResourceType( 7324): No known package when getting name for resource number 0xffffffff
W/ResourceType( 7324): No known package when getting name for resource number 0xffffffff
W/ResourceType( 7324): No known package when getting name for resource number 0xffffffff
W/ResourceType( 7324): No known package when getting name for resource number 0xffffffff
W/ResourceType( 7324): No known package when getting name for resource number 0xffffffff
W/ResourceType( 7324): No known package when getting name for resource number 0xffffffff
W/ResourceType( 7324): No known package when getting name for resource number 0xffffffff
W/ResourceType( 7324): No known package when getting name for resource number 0xffffffff
W/ResourceType( 7324): No known package when getting name for resource number 0xffffffff
W/ResourceType( 7324): No known package when getting name for resource number 0xffffffff
W/ResourceType( 7324): No known package when getting name for resource number 0xffffffff
W/ResourceType( 7324): No known package when getting name for resource number 0xffffffff
W/ResourceType( 7324): No known package when getting name for resource number 0xffffffff
W/ResourceType( 7324): No known package when getting name for resource number 0xffffffff
W/ResourceType( 7324): No known package when getting name for resource number 0xffffffff
W/ResourceType( 7324): No known package when getting name for resource number 0xffffffff
W/ResourceType( 7324): No known package when getting name for resource number 0xffffffff
W/ResourceType( 7324): No known package when getting name for resource number 0xffffffff
W/ResourceType( 7324): No known package when getting name for resource number 0xffffffff
W/ResourceType( 7324): No known package when getting name for resource number 0xffffffff
W/ResourceType( 7324): No known package when getting name for resource number 0xffffffff
W/ResourceType( 7324): No known package when getting name for resource number 0xffffffff
W/ResourceType( 7324): No known package when getting name for resource number 0xffffffff
W/ResourceType( 7324): No known package when getting name for resource number 0xffffffff
W/ResourceType( 7324): No known package when getting name for resource number 0xffffffff
W/ResourceType( 7324): No known package when getting name for resource number 0xffffffff
W/ResourceType( 7324): No known package when getting name for resource number 0xffffffff
W/ResourceType( 7324): No known package when getting name for resource number 0xffffffff
W/ResourceType( 7324): No known package when getting name for resource number 0xffffffff
W/ResourceType( 7324): No known package when getting name for resource number 0xffffffff
W/ResourceType( 7324): No known package when getting name for resource number 0xffffffff
W/ResourceType( 7324): No known package when getting name for resource number 0xffffffff
W/ResourceType( 7324): No known package when getting name for resource number 0xffffffff
W/ResourceType( 7324): No known package when getting name for resource number 0xffffffff
W/ResourceType( 7324): No known package when getting name for resource number 0xffffffff
W/ResourceType( 7324): No known package when getting name for resource number 0xffffffff
W/ResourceType( 7324): No known package when getting name for resource number 0xffffffff
W/ResourceType( 7324): No known package when getting name for resource number 0xffffffff
W/ResourceType( 7324): No known package when getting name for resource number 0xffffffff
W/ResourceType( 7324): No known package when getting name for resource number 0xffffffff
W/ResourceType( 7324): No known package when getting name for resource number 0xffffffff
W/ResourceType( 7324): No known package when getting name for resource number 0xffffffff
W/ResourceType( 7324): No known package when getting name for resource number 0xffffffff
W/ResourceType( 7324): No known package when getting name for resource number 0xffffffff
W/ResourceType( 7324): No known package when getting name for resource number 0xffffffff
W/ResourceType( 7324): No known package when getting name for resource number 0xffffffff
W/ResourceType( 7324): No known package when getting name for resource number 0xffffffff
W/ResourceType( 7324): No known package when getting name for resource number 0xffffffff
W/ResourceType( 7324): No known package when getting name for resource number 0xffffffff
D/dalvikvm( 7324): GC_CONCURRENT freed 2508K, 14% free 16419K/19048K, paused 3ms+4ms, total 48ms
I/System.out( 7324): URI: /
I/System.out( 7324): params: {json={"command":"touch_coordinate","arguments":[579.0,470.0]}
I/System.out( 7324): }
I/System.out( 7324): header: {content-length=56, host=devicehost132.prod, x-session-token=token-token-a98baa11-323d-4c21-b659-20822b6a2b3e, x-forwarded-for=10.222.150.14, content-type=application/json; charset=utf-8, connection=close}
I/System.out( 7324): params: {json={"command":"touch_coordinate","arguments":[579.0,470.0]}
I/System.out( 7324): }
I/System.out( 7324): ProP json = {"command":"touch_coordinate","arguments":[579.0,470.0]}
I/System.out( 7324): files: {}
I/System.out( 7324): command: {"command":"touch_coordinate","arguments":[579.0,470.0]}
I/InstrumentationBackend( 7324): Got command:'Command:'Line:null,touch_coordinate', arguments:'[579.0, 470.0]'
D/Mono    ( 7324): Assembly Ref addref CareerBuilder_Search.Droid[0x7a35b620] -> Xamarin.Android.Support.v7.CardView[0x7a3906a0]: 2
D/audio_hw_primary(  181): select_devices: out_snd_device(2: speaker) in_snd_device(0: )
D/ACDB-LOADER(  181): ACDB -> send_afe_cal
I/calabash( 7324): execStartActivity 4
I/ActivityManager(  563): START u0 {cmp=com.careerbuilder.SugarDrone/md5a4824aa66c0dc4d104077b72c1916a44.JobDisplayPageActivity (has extras)} from pid 7324
I/calabash( 7324): newActivity1
I/System.out( 7324): result:{"bonusInformation":[],"message":"","success":true}
V/WebViewChromiumFactoryProvider( 7324): Binding Chromium to main looper Looper (main, tid 1) {421a6e88}
I/LibraryLoader( 7324): Expected native library version number "",actual native library version number ""
I/chromium( 7324): [INFO:library_loader_hooks.cc(116)] Chromium logging enabled: level = 0, default verbosity = 0
I/BrowserStartupController( 7324): Initializing chromium process, renderers=0
E/AudioManagerAndroid( 7324): BLUETOOTH permission is missing!
I/System.out( 7324): URI: /map
I/System.out( 7324): params: {json={"query":"* marked:'www.google.com'","operation":{"method_name":"query","arguments":[]}}
I/System.out( 7324): }
D/Mono    ( 7324): Unloading image System.Runtime.Extensions.dll [0x7ff72060].
D/Mono    ( 7324): Image addref System.Runtime.Extensions[0x7fa417f8] -> System.Runtime.Extensions.dll[0x7d875a18]: 8
D/Mono    ( 7324): Config attempting to parse: 'System.Runtime.Extensions.dll.config'.
D/Mono    ( 7324): Config attempting to parse: '/Users/builder/data/lanes/4009/f3074d2c/source/monodroid/builds/install/mono-armv6/etc/mono/assemblies/System.Runtime.Extensions/System.Runtime.Extensions.config'.
D/Mono    ( 7324): Assembly Ref addref CareerBuilder_Search[0x7a39a7a0] -> System.Runtime.Extensions[0x7d852d40]: 6
I/mono-stdout( 7324): uri is: https://api.careerbuilder.com/v3/job?DID=job1&outputjson=true&ShowApplyRequirements=true&DeveloperKey=WDHR8FC6P2JZ1Y61KLM5
I/mono-stdout( 7324): making api call to: /v3/job?DID=job1&outputjson=true&ShowApplyRequirements=true&DeveloperKey=WDHR8FC6P2JZ1Y61KLM5
I/mono-stdout( 7324): uri is: https://api.careerbuilder.com/consumer/saved-jobs/?DeveloperKey=WDHR8FC6P2JZ1Y61KLM5
I/mono-stdout( 7324): making api call to: /consumer/saved-jobs/?DeveloperKey=WDHR8FC6P2JZ1Y61KLM5
I/mono-stdout( 7324): Method: GET, RequestUri: 'https://api.careerbuilder.com/consumer/saved-jobs/?DeveloperKey=WDHR8FC6P2JZ1Y61KLM5', Version: 1.1, Content: <null>, Headers:

I/mono-stdout( 7324): {

I/mono-stdout( 7324): DeveloperKey: WDHR8FC6P2JZ1Y61KLM5

I/mono-stdout( 7324): Accept: application/json

I/mono-stdout( 7324): Authorization: Bearer test

I/mono-stdout( 7324): HostSite: US

I/mono-stdout( 7324): }
I/mono-stdout( 7324): Current State = 1,2,6,7
I/mono-stdout( 7324): applied jobs = 6
I/mono-stdout( 7324): expired jobs = 7
I/mono-stdout( 7324): saved jobs = Saved,Saved,Applied,Saved
D/dalvikvm( 7324): GC_CONCURRENT freed 2144K, 13% free 16681K/19048K, paused 3ms+6ms, total 48ms
I/ActivityManager(  563): Displayed com.careerbuilder.SugarDrone/md5a4824aa66c0dc4d104077b72c1916a44.JobDisplayPageActivity: +487ms
W/ResourceType( 7324): No known package when getting name for resource number 0xffffffff
W/ResourceType( 7324): No known package when getting name for resource number 0xffffffff
W/ResourceType( 7324): No known package when getting name for resource number 0xffffffff
W/ResourceType( 7324): No known package when getting name for resource number 0xffffffff
W/ResourceType( 7324): No known package when getting name for resource number 0xffffffff
W/ResourceType( 7324): No known package when getting name for resource number 0xffffffff
W/ResourceType( 7324): No known package when getting name for resource number 0xffffffff
W/ResourceType( 7324): No known package when getting name for resource number 0xffffffff
W/ResourceType( 7324): No known package when getting name for resource number 0xffffffff
W/ResourceType( 7324): No known package when getting name for resource number 0xffffffff
W/ResourceType( 7324): No known package when getting name for resource number 0xffffffff
W/ResourceType( 7324): No known package when getting name for resource number 0xffffffff
W/ResourceType( 7324): No known package when getting name for resource number 0xffffffff
W/ResourceType( 7324): No known package when getting name for resource number 0xffffffff
W/ResourceType( 7324): No known package when getting name for resource number 0xffffffff
W/ResourceType( 7324): No known package when getting name for resource number 0xffffffff
W/ResourceType( 7324): No known package when getting name for resource number 0xffffffff
W/ResourceType( 7324): No known package when getting name for resource number 0xffffffff
W/ResourceType( 7324): No known package when getting name for resource number 0xffffffff
W/ResourceType( 7324): No known package when getting name for resource number 0xffffffff
W/ResourceType( 7324): No known package when getting name for resource number 0xffffffff
W/ResourceType( 7324): No known package when getting name for resource number 0xffffffff
W/ResourceType( 7324): No known package when getting name for resource number 0xffffffff
W/ResourceType( 7324): No known package when getting name for resource number 0xffffffff
W/ResourceType( 7324): No known package when getting name for resource number 0xffffffff
W/ResourceType( 7324): No known package when getting name for resource number 0xffffffff
W/ResourceType( 7324): No known package when getting name for resource number 0xffffffff
W/ResourceType( 7324): No known package when getting name for resource number 0xffffffff
W/ResourceType( 7324): No known package when getting name for resource number 0xffffffff
W/ResourceType( 7324): No known package when getting name for resource number 0xffffffff
W/ResourceType( 7324): No known package when getting name for resource number 0xffffffff
W/ResourceType( 7324): No known package when getting name for resource number 0xffffffff
W/ResourceType( 7324): No known package when getting name for resource number 0xffffffff
W/ResourceType( 7324): No known package when getting name for resource number 0xffffffff
W/ResourceType( 7324): No known package when getting name for resource number 0xffffffff
W/ResourceType( 7324): No known package when getting name for resource number 0xffffffff
W/ResourceType( 7324): No known package when getting name for resource number 0xffffffff
W/ResourceType( 7324): No known package when getting name for resource number 0xffffffff
W/ResourceType( 7324): No known package when getting name for resource number 0xffffffff
W/ResourceType( 7324): No known package when getting name for resource number 0xffffffff
W/ResourceType( 7324): No known package when getting name for resource number 0xffffffff
W/ResourceType( 7324): No known package when getting name for resource number 0xffffffff
W/ResourceType( 7324): No known package when getting name for resource number 0xffffffff
W/ResourceType( 7324): No known package when getting name for resource number 0xffffffff
W/ResourceType( 7324): No known package when getting name for resource number 0xffffffff
W/ResourceType( 7324): No known package when getting name for resource number 0xffffffff
W/ResourceType( 7324): No known package when getting name for resource number 0xffffffff
W/ResourceType( 7324): No known package when getting name for resource number 0xffffffff
W/ResourceType( 7324): No known package when getting name for resource number 0xffffffff
W/ResourceType( 7324): No known package when getting name for resource number 0xffffffff
W/ResourceType( 7324): No known package when getting name for resource number 0xffffffff
W/ResourceType( 7324): No known package when getting name for resource number 0xffffffff
W/ResourceType( 7324): No known package when getting name for resource number 0xffffffff
W/ResourceType( 7324): No known package when getting name for resource number 0xffffffff
W/ResourceType( 7324): No known package when getting name for resource number 0xffffffff
W/ResourceType( 7324): No known package when getting name for resource number 0xffffffff
W/ResourceType( 7324): No known package when getting name for resource number 0xffffffff
W/ResourceType( 7324): No known package when getting name for resource number 0xffffffff
W/ResourceType( 7324): No known package when getting name for resource number 0xffffffff
W/ResourceType( 7324): No known package when getting name for resource number 0xffffffff
W/ResourceType( 7324): No known package when getting name for resource number 0xffffffff
W/ResourceType( 7324): No known package when getting name for resource number 0xffffffff
W/ResourceType( 7324): No known package when getting name for resource number 0xffffffff
W/ResourceType( 7324): No known package when getting name for resource number 0xffffffff
W/ResourceType( 7324): No known package when getting name for resource number 0xffffffff
W/ResourceType( 7324): No known package when getting name for resource number 0xffffffff
W/ResourceType( 7324): No known package when getting name for resource number 0xffffffff
W/ResourceType( 7324): No known package when getting name for resource number 0xffffffff
W/ResourceType( 7324): No known package when getting name for resource number 0xffffffff
W/ResourceType( 7324): No known package when getting name for resource number 0xffffffff
W/ResourceType( 7324): No known package when getting name for resource number 0xffffffff
W/ResourceType( 7324): No known package when getting name for resource number 0xffffffff
W/ResourceType( 7324): No known package when getting name for resource number 0xffffffff
I/mono-stdout( 7324): done making call to: /consumer/saved-jobs/?DeveloperKey=WDHR8FC6P2JZ1Y61KLM5
I/mono-stdout( 7324): done making call to: /v3/job?DID=job1&outputjson=true&ShowApplyRequirements=true&DeveloperKey=WDHR8FC6P2JZ1Y61KLM5
I/System.out( 7324): URI: /map
I/System.out( 7324): params: {json={"query":"* marked:'www.google.com'","operation":{"method_name":"query","arguments":[]}}
I/System.out( 7324): }
D/dalvikvm( 7324): GC_CONCURRENT freed 2545K, 14% free 16741K/19356K, paused 2ms+4ms, total 40ms
W/ResourceType( 7324): No known package when getting name for resource number 0xffffffff
W/ResourceType( 7324): No known package when getting name for resource number 0xffffffff
W/ResourceType( 7324): No known package when getting name for resource number 0xffffffff
W/ResourceType( 7324): No known package when getting name for resource number 0xffffffff
W/ResourceType( 7324): No known package when getting name for resource number 0xffffffff
W/ResourceType( 7324): No known package when getting name for resource number 0xffffffff
W/ResourceType( 7324): No known package when getting name for resource number 0xffffffff
W/ResourceType( 7324): No known package when getting name for resource number 0xffffffff
W/ResourceType( 7324): No known package when getting name for resource number 0xffffffff
W/ResourceType( 7324): No known package when getting name for resource number 0xffffffff
W/ResourceType( 7324): No known package when getting name for resource number 0xffffffff
W/ResourceType( 7324): No known package when getting name for resource number 0xffffffff
W/ResourceType( 7324): No known package when getting name for resource number 0xffffffff
W/ResourceType( 7324): No known package when getting name for resource number 0xffffffff
W/ResourceType( 7324): No known package when getting name for resource number 0xffffffff
W/ResourceType( 7324): No known package when getting name for resource number 0xffffffff
W/ResourceType( 7324): No known package when getting name for resource number 0xffffffff
W/ResourceType( 7324): No known package when getting name for resource number 0xffffffff
W/ResourceType( 7324): No known package when getting name for resource number 0xffffffff
W/ResourceType( 7324): No known package when getting name for resource number 0xffffffff
W/ResourceType( 7324): No known package when getting name for resource number 0xffffffff
W/ResourceType( 7324): No known package when getting name for resource number 0xffffffff
W/ResourceType( 7324): No known package when getting name for resource number 0xffffffff
W/ResourceType( 7324): No known package when getting name for resource number 0xffffffff
W/ResourceType( 7324): No known package when getting name for resource number 0xffffffff
W/ResourceType( 7324): No known package when getting name for resource number 0xffffffff
W/ResourceType( 7324): No known package when getting name for resource number 0xffffffff
W/ResourceType( 7324): No known package when getting name for resource number 0xffffffff
W/ResourceType( 7324): No known package when getting name for resource number 0xffffffff
W/ResourceType( 7324): No known package when getting name for resource number 0xffffffff
W/ResourceType( 7324): No known package when getting name for resource number 0xffffffff
W/ResourceType( 7324): No known package when getting name for resource number 0xffffffff
W/ResourceType( 7324): No known package when getting name for resource number 0xffffffff
W/ResourceType( 7324): No known package when getting name for resource number 0xffffffff
W/ResourceType( 7324): No known package when getting name for resource number 0xffffffff
W/ResourceType( 7324): No known package when getting name for resource number 0xffffffff
W/ResourceType( 7324): No known package when getting name for resource number 0xffffffff
W/ResourceType( 7324): No known package when getting name for resource number 0xffffffff
W/ResourceType( 7324): No known package when getting name for resource number 0xffffffff
W/ResourceType( 7324): No known package when getting name for resource number 0xffffffff
W/ResourceType( 7324): No known package when getting name for resource number 0xffffffff
W/ResourceType( 7324): No known package when getting name for resource number 0xffffffff
W/ResourceType( 7324): No known package when getting name for resource number 0xffffffff
W/ResourceType( 7324): No known package when getting name for resource number 0xffffffff
W/ResourceType( 7324): No known package when getting name for resource number 0xffffffff
W/ResourceType( 7324): No known package when getting name for resource number 0xffffffff
W/ResourceType( 7324): No known package when getting name for resource number 0xffffffff
W/ResourceType( 7324): No known package when getting name for resource number 0xffffffff
W/ResourceType( 7324): No known package when getting name for resource number 0xffffffff
W/ResourceType( 7324): No known package when getting name for resource number 0xffffffff
W/ResourceType( 7324): No known package when getting name for resource number 0xffffffff
W/ResourceType( 7324): No known package when getting name for resource number 0xffffffff
W/ResourceType( 7324): No known package when getting name for resource number 0xffffffff
W/ResourceType( 7324): No known package when getting name for resource number 0xffffffff
W/ResourceType( 7324): No known package when getting name for resource number 0xffffffff
W/ResourceType( 7324): No known package when getting name for resource number 0xffffffff
W/ResourceType( 7324): No known package when getting name for resource number 0xffffffff
W/ResourceType( 7324): No known package when getting name for resource number 0xffffffff
W/ResourceType( 7324): No known package when getting name for resource number 0xffffffff
W/ResourceType( 7324): No known package when getting name for resource number 0xffffffff
W/ResourceType( 7324): No known package when getting name for resource number 0xffffffff
W/ResourceType( 7324): No known package when getting name for resource number 0xffffffff
W/ResourceType( 7324): No known package when getting name for resource number 0xffffffff
W/ResourceType( 7324): No known package when getting name for resource number 0xffffffff
W/ResourceType( 7324): No known package when getting name for resource number 0xffffffff
W/ResourceType( 7324): No known package when getting name for resource number 0xffffffff
W/ResourceType( 7324): No known package when getting name for resource number 0xffffffff
W/ResourceType( 7324): No known package when getting name for resource number 0xffffffff
W/ResourceType( 7324): No known package when getting name for resource number 0xffffffff
W/ResourceType( 7324): No known package when getting name for resource number 0xffffffff
W/ResourceType( 7324): No known package when getting name for resource number 0xffffffff
W/ResourceType( 7324): No known package when getting name for resource number 0xffffffff
W/ResourceType( 7324): No known package when getting name for resource number 0xffffffff
W/ResourceType( 7324): No known package when getting name for resource number 0xffffffff
W/ResourceType( 7324): No known package when getting name for resource number 0xffffffff
W/ResourceType( 7324): No known package when getting name for resource number 0xffffffff
W/ResourceType( 7324): No known package when getting name for resource number 0xffffffff
W/ResourceType( 7324): No known package when getting name for resource number 0xffffffff
W/ResourceType( 7324): No known package when getting name for resource number 0xffffffff
W/ResourceType( 7324): No known package when getting name for resource number 0xffffffff
W/ResourceType( 7324): No known package when getting name for resource number 0xffffffff
W/ResourceType( 7324): No known package when getting name for resource number 0xffffffff
W/ResourceType( 7324): No known package when getting name for resource number 0xffffffff
I/System.out( 7324): URI: /map
I/System.out( 7324): params: {json={"query":"* marked:'www.google.com'","operation":{"method_name":"query","arguments":[]}}
I/System.out( 7324): }
D/dalvikvm( 7324): GC_CONCURRENT freed 2616K, 14% free 16751K/19448K, paused 1ms+4ms, total 50ms
D/dalvikvm( 7324): WAIT_FOR_CONCURRENT_GC blocked 30ms
W/ResourceType( 7324): No known package when getting name for resource number 0xffffffff
W/ResourceType( 7324): No known package when getting name for resource number 0xffffffff
W/ResourceType( 7324): No known package when getting name for resource number 0xffffffff
W/ResourceType( 7324): No known package when getting name for resource number 0xffffffff
W/ResourceType( 7324): No known package when getting name for resource number 0xffffffff
W/ResourceType( 7324): No known package when getting name for resource number 0xffffffff
W/ResourceType( 7324): No known package when getting name for resource number 0xffffffff
W/ResourceType( 7324): No known package when getting name for resource number 0xffffffff
W/ResourceType( 7324): No known package when getting name for resource number 0xffffffff
W/ResourceType( 7324): No known package when getting name for resource number 0xffffffff
W/ResourceType( 7324): No known package when getting name for resource number 0xffffffff
W/ResourceType( 7324): No known package when getting name for resource number 0xffffffff
W/ResourceType( 7324): No known package when getting name for resource number 0xffffffff
W/ResourceType( 7324): No known package when getting name for resource number 0xffffffff
W/ResourceType( 7324): No known package when getting name for resource number 0xffffffff
W/ResourceType( 7324): No known package when getting name for resource number 0xffffffff
W/ResourceType( 7324): No known package when getting name for resource number 0xffffffff
W/ResourceType( 7324): No known package when getting name for resource number 0xffffffff
W/ResourceType( 7324): No known package when getting name for resource number 0xffffffff
W/ResourceType( 7324): No known package when getting name for resource number 0xffffffff
W/ResourceType( 7324): No known package when getting name for resource number 0xffffffff
W/ResourceType( 7324): No known package when getting name for resource number 0xffffffff
W/ResourceType( 7324): No known package when getting name for resource number 0xffffffff
W/ResourceType( 7324): No known package when getting name for resource number 0xffffffff
W/ResourceType( 7324): No known package when getting name for resource number 0xffffffff
W/ResourceType( 7324): No known package when getting name for resource number 0xffffffff
W/ResourceType( 7324): No known package when getting name for resource number 0xffffffff
W/ResourceType( 7324): No known package when getting name for resource number 0xffffffff
W/ResourceType( 7324): No known package when getting name for resource number 0xffffffff
W/ResourceType( 7324): No known package when getting name for resource number 0xffffffff
W/ResourceType( 7324): No known package when getting name for resource number 0xffffffff
W/ResourceType( 7324): No known package when getting name for resource number 0xffffffff
W/ResourceType( 7324): No known package when getting name for resource number 0xffffffff
W/ResourceType( 7324): No known package when getting name for resource number 0xffffffff
W/ResourceType( 7324): No known package when getting name for resource number 0xffffffff
W/ResourceType( 7324): No known package when getting name for resource number 0xffffffff
W/ResourceType( 7324): No known package when getting name for resource number 0xffffffff
W/ResourceType( 7324): No known package when getting name for resource number 0xffffffff
W/ResourceType( 7324): No known package when getting name for resource number 0xffffffff
W/ResourceType( 7324): No known package when getting name for resource number 0xffffffff
W/ResourceType( 7324): No known package when getting name for resource number 0xffffffff
W/ResourceType( 7324): No known package when getting name for resource number 0xffffffff
W/ResourceType( 7324): No known package when getting name for resource number 0xffffffff
W/ResourceType( 7324): No known package when getting name for resource number 0xffffffff
W/ResourceType( 7324): No known package when getting name for resource number 0xffffffff
W/ResourceType( 7324): No known package when getting name for resource number 0xffffffff
W/ResourceType( 7324): No known package when getting name for resource number 0xffffffff
W/ResourceType( 7324): No known package when getting name for resource number 0xffffffff
W/ResourceType( 7324): No known package when getting name for resource number 0xffffffff
W/ResourceType( 7324): No known package when getting name for resource number 0xffffffff
W/ResourceType( 7324): No known package when getting name for resource number 0xffffffff
W/ResourceType( 7324): No known package when getting name for resource number 0xffffffff
W/ResourceType( 7324): No known package when getting name for resource number 0xffffffff
W/ResourceType( 7324): No known package when getting name for resource number 0xffffffff
W/ResourceType( 7324): No known package when getting name for resource number 0xffffffff
W/ResourceType( 7324): No known package when getting name for resource number 0xffffffff
W/ResourceType( 7324): No known package when getting name for resource number 0xffffffff
W/ResourceType( 7324): No known package when getting name for resource number 0xffffffff
W/ResourceType( 7324): No known package when getting name for resource number 0xffffffff
W/ResourceType( 7324): No known package when getting name for resource number 0xffffffff
W/ResourceType( 7324): No known package when getting name for resource number 0xffffffff
W/ResourceType( 7324): No known package when getting name for resource number 0xffffffff
W/ResourceType( 7324): No known package when getting name for resource number 0xffffffff
W/ResourceType( 7324): No known package when getting name for resource number 0xffffffff
W/ResourceType( 7324): No known package when getting name for resource number 0xffffffff
W/ResourceType( 7324): No known package when getting name for resource number 0xffffffff
W/ResourceType( 7324): No known package when getting name for resource number 0xffffffff
W/ResourceType( 7324): No known package when getting name for resource number 0xffffffff
W/ResourceType( 7324): No known package when getting name for resource number 0xffffffff
W/ResourceType( 7324): No known package when getting name for resource number 0xffffffff
W/ResourceType( 7324): No known package when getting name for resource number 0xffffffff
W/ResourceType( 7324): No known package when getting name for resource number 0xffffffff
W/ResourceType( 7324): No known package when getting name for resource number 0xffffffff
W/ResourceType( 7324): No known package when getting name for resource number 0xffffffff
W/ResourceType( 7324): No known package when getting name for resource number 0xffffffff
W/ResourceType( 7324): No known package when getting name for resource number 0xffffffff
W/ResourceType( 7324): No known package when getting name for resource number 0xffffffff
W/ResourceType( 7324): No known package when getting name for resource number 0xffffffff
W/ResourceType( 7324): No known package when getting name for resource number 0xffffffff
W/ResourceType( 7324): No known package when getting name for resource number 0xffffffff
W/ResourceType( 7324): No known package when getting name for resource number 0xffffffff
W/ResourceType( 7324): No known package when getting name for resource number 0xffffffff
W/ResourceType( 7324): No known package when getting name for resource number 0xffffffff
D/dalvikvm( 7324): GC_CONCURRENT freed 2641K, 15% free 16723K/19460K, paused 2ms+3ms, total 34ms
D/dalvikvm( 7324): WAIT_FOR_CONCURRENT_GC blocked 27ms
D/dalvikvm( 7324): WAIT_FOR_CONCURRENT_GC blocked 26ms
I/System.out( 7324): URI: /
I/System.out( 7324): params: {json={"command":"touch_coordinate","arguments":[154.0,791.0]}
I/System.out( 7324): }
I/System.out( 7324): header: {content-length=56, host=devicehost132.prod, x-session-token=token-token-a98baa11-323d-4c21-b659-20822b6a2b3e, x-forwarded-for=10.222.150.14, content-type=application/json; charset=utf-8, connection=close}
I/System.out( 7324): params: {json={"command":"touch_coordinate","arguments":[154.0,791.0]}
I/System.out( 7324): }
I/System.out( 7324): ProP json = {"command":"touch_coordinate","arguments":[154.0,791.0]}
I/System.out( 7324): files: {}
I/System.out( 7324): command: {"command":"touch_coordinate","arguments":[154.0,791.0]}
I/InstrumentationBackend( 7324): Got command:'Command:'Line:null,touch_coordinate', arguments:'[154.0, 791.0]'
I/calabash( 7324): execStartActivity 4
I/ActivityManager(  563): START u0 {act=android.intent.action.VIEW dat=http://www.google.com cmp=com.android.chrome/com.google.android.apps.chrome.Main (has extras)} from pid 7324
D/dalvikvm(  563): GC_FOR_ALLOC freed 562K, 17% free 20613K/24648K, paused 58ms, total 59ms
I/dalvikvm-heap(  563): Grow heap (frag case) to 20.706MB for 566416-byte allocation
D/dalvikvm(  563): GC_FOR_ALLOC freed 343K, 18% free 20823K/25204K, paused 59ms, total 59ms
D/dalvikvm(  563): GC_FOR_ALLOC freed 15K, 18% free 20807K/25204K, paused 81ms, total 81ms
I/dalvikvm-heap(  563): Grow heap (frag case) to 20.895MB for 566416-byte allocation
D/dalvikvm(  563): GC_FOR_ALLOC freed 0K, 18% free 21361K/25760K, paused 62ms, total 62ms
I/ActivityManager(  563): Start proc com.android.chrome for activity com.android.chrome/com.google.android.apps.chrome.Main: pid=8040 uid=10031 gids={50031, 3003, 1028, 1015}
I/System.out( 7324): result:{"bonusInformation":[],"message":"","success":true}
D/dalvikvm( 8040): GC_FOR_ALLOC freed 180K, 3% free 9158K/9372K, paused 18ms, total 18ms
I/System.out( 7324): URI: /map
I/System.out( 7324): params: {json={"query":"* marked:'Job 1'","operation":{"method_name":"query","arguments":[]}}
I/System.out( 7324): }
D/dalvikvm( 8040): GC_FOR_ALLOC freed 9K, 2% free 9532K/9704K, paused 13ms, total 14ms
W/ResourceType( 7324): No known package when getting name for resource number 0xffffffff
W/ResourceType( 7324): No known package when getting name for resource number 0xffffffff
W/ResourceType( 7324): No known package when getting name for resource number 0xffffffff
W/ResourceType( 7324): No known package when getting name for resource number 0xffffffff
W/ResourceType( 7324): No known package when getting name for resource number 0xffffffff
W/ResourceType( 7324): No known package when getting name for resource number 0xffffffff
W/ResourceType( 7324): No known package when getting name for resource number 0xffffffff
W/ResourceType( 7324): No known package when getting name for resource number 0xffffffff
W/ResourceType( 7324): No known package when getting name for resource number 0xffffffff
W/ResourceType( 7324): No known package when getting name for resource number 0xffffffff
W/ResourceType( 7324): No known package when getting name for resource number 0xffffffff
W/ResourceType( 7324): No known package when getting name for resource number 0xffffffff
W/ResourceType( 7324): No known package when getting name for resource number 0xffffffff
I/Adreno-EGL( 8040): <qeglDrvAPI_eglInitialize:320>: EGL 1.4 QUALCOMM Build: I0404c4692afb8623f95c43aeb6d5e13ed4b30ddbDate: 11/06/13
W/ResourceType( 7324): No known package when getting name for resource number 0xffffffff
W/ResourceType( 7324): No known package when getting name for resource number 0xffffffff
W/ResourceType( 7324): No known package when getting name for resource number 0xffffffff
W/ResourceType( 7324): No known package when getting name for resource number 0xffffffff
W/ResourceType( 7324): No known package when getting name for resource number 0xffffffff
W/ResourceType( 7324): No known package when getting name for resource number 0xffffffff
W/ResourceType( 7324): No known package when getting name for resource number 0xffffffff
W/ResourceType( 7324): No known package when getting name for resource number 0xffffffff
W/ResourceType( 7324): No known package when getting name for resource number 0xffffffff
W/ResourceType( 7324): No known package when getting name for resource number 0xffffffff
W/ResourceType( 7324): No known package when getting name for resource number 0xffffffff
W/GLPreLoader( 8040): eglCreateWindowSurface EGL_SUCCESS
W/ResourceType( 7324): No known package when getting name for resource number 0xffffffff
W/ResourceType( 7324): No known package when getting name for resource number 0xffffffff
W/ResourceType( 7324): No known package when getting name for resource number 0xffffffff
W/ResourceType( 7324): No known package when getting name for resource number 0xffffffff
W/ResourceType( 7324): No known package when getting name for resource number 0xffffffff
