<![CDATA[
]]><xtc-scenario name="[0-1056]CareerBuilder_Search.DroidFeatureTests.MyCBNavigationTests.ClickingResumeTabShowsResumesFragment" id="[0-1056]CareerBuilder_Search.DroidFeatureTests.MyCBNavigationTests.ClickingResumeTabShowsResumesFragment"><![CDATA[

]]><xtc-step name="[0-1056]CareerBuilder_Search.DroidFeatureTests.MyCBNavigationTests.ClickingResumeTabShowsResumesFragment-ClickingResumeTabShowsResumesFragment" id="[0-1056]CareerBuilder_Search.DroidFeatureTests.MyCBNavigationTests.ClickingResumeTabShowsResumesFragment-ClickingResumeTabShowsResumesFragment"><![CDATA[
D/AndroidRuntime( 5119): 
D/AndroidRuntime( 5119): >>>>>> AndroidRuntime START com.android.internal.os.RuntimeInit <<<<<<
D/AndroidRuntime( 5119): CheckJNI is OFF
D/dalvikvm( 5119): Trying to load lib libjavacore.so 0x0
D/dalvikvm( 5119): Added shared lib libjavacore.so 0x0
D/dalvikvm( 5119): Trying to load lib libnativehelper.so 0x0
D/dalvikvm( 5119): Added shared lib libnativehelper.so 0x0
D/dalvikvm( 5119): No JNI_OnLoad found in libnativehelper.so 0x0, skipping init
D/dalvikvm( 5119): Note: class Landroid/app/ActivityManagerNative; has 179 unimplemented (abstract) methods
D/AndroidRuntime( 5119): Calling main entry com.android.commands.pm.Pm
D/AndroidRuntime( 5119): Shutting down VM
D/dalvikvm( 5119): GC_CONCURRENT freed 248K, 31% free 567K/820K, paused 0ms+0ms, total 3ms
D/AndroidRuntime( 5285): 
D/AndroidRuntime( 5285): >>>>>> AndroidRuntime START com.android.internal.os.RuntimeInit <<<<<<
D/AndroidRuntime( 5285): CheckJNI is OFF
D/dalvikvm( 5285): Trying to load lib libjavacore.so 0x0
D/dalvikvm( 5285): Added shared lib libjavacore.so 0x0
D/dalvikvm( 5285): Trying to load lib libnativehelper.so 0x0
D/dalvikvm( 5285): Added shared lib libnativehelper.so 0x0
D/dalvikvm( 5285): No JNI_OnLoad found in libnativehelper.so 0x0, skipping init
D/dalvikvm( 5285): Note: class Landroid/app/ActivityManagerNative; has 179 unimplemented (abstract) methods
D/AndroidRuntime( 5285): Calling main entry com.android.commands.am.Am
D/AndroidRuntime( 5285): Shutting down VM
--------- beginning of /dev/log/system
W/ActivityManager(  563): Invalid packageName: com.careerbuilder.SugarDrone
D/dalvikvm( 5285): GC_CONCURRENT freed 93K, 15% free 553K/648K, paused 1ms+0ms, total 3ms
D/AndroidRuntime( 5888): 
D/AndroidRuntime( 5888): >>>>>> AndroidRuntime START com.android.internal.os.RuntimeInit <<<<<<
D/AndroidRuntime( 5888): CheckJNI is OFF
D/dalvikvm( 5888): Trying to load lib libjavacore.so 0x0
D/dalvikvm( 5888): Added shared lib libjavacore.so 0x0
D/dalvikvm( 5888): Trying to load lib libnativehelper.so 0x0
D/dalvikvm( 5888): Added shared lib libnativehelper.so 0x0
D/dalvikvm( 5888): No JNI_OnLoad found in libnativehelper.so 0x0, skipping init
D/dalvikvm( 5888): Note: class Landroid/app/ActivityManagerNative; has 179 unimplemented (abstract) methods
D/AndroidRuntime( 5888): Calling main entry com.android.commands.pm.Pm
W/ActivityManager(  563): No content provider found for permission revoke: file:///data/local/tmp/0000001729
W/ActivityManager(  563): No content provider found for permission revoke: file:///data/local/tmp/0000001729
I/PackageManager(  563): Copying native libraries to /data/app-lib/vmdl702179021
D/dalvikvm(  563): GC_FOR_ALLOC freed 971K, 12% free 20018K/22712K, paused 62ms, total 62ms
D/dalvikvm(  563): GC_FOR_ALLOC freed 534K, 12% free 20167K/22712K, paused 60ms, total 61ms
D/dalvikvm(  563): GC_CONCURRENT freed 2054K, 10% free 20901K/23000K, paused 3ms+5ms, total 76ms
D/dalvikvm(  563): WAIT_FOR_CONCURRENT_GC blocked 68ms
D/dalvikvm(  563): GC_FOR_ALLOC freed 2777K, 13% free 20927K/23924K, paused 70ms, total 70ms
D/dalvikvm(  563): GC_CONCURRENT freed 2846K, 13% free 20955K/23960K, paused 2ms+5ms, total 84ms
D/dalvikvm(  563): WAIT_FOR_CONCURRENT_GC blocked 81ms
D/dalvikvm(  563): GC_CONCURRENT freed 2881K, 13% free 20990K/23984K, paused 3ms+6ms, total 73ms
D/dalvikvm(  563): WAIT_FOR_CONCURRENT_GC blocked 50ms
I/PackageManager(  563): Running dexopt on: com.careerbuilder.SugarDrone
W/dalvikvm( 5976): method Landroid/support/v7/widget/ListViewCompat;.lookForSelectablePosition incorrectly overrides package-private method with same name in Landroid/widget/ListView;
D/dalvikvm( 5976): DexOpt: couldn't find static field Landroid/os/Build;.SUPPORTED_ABIS
D/dalvikvm( 5976): DexOpt: load 292ms, verify+opt 1750ms, 3733380 bytes
I/ActivityManager(  563): Force stopping com.careerbuilder.SugarDrone appid=18069 user=-1: update pkg
W/PackageManager(  563): Not granting permission android.permission.MANAGE_DOCUMENTS to package com.careerbuilder.SugarDrone (protectionLevel=2 flags=0x8be46)
W/PackageManager(  563): Not granting permission android.permission.MOUNT_UNMOUNT_FILESYSTEMS to package com.careerbuilder.SugarDrone (protectionLevel=18 flags=0x8be46)
D/dalvikvm(  816): GC_CONCURRENT freed 453K, 5% free 9243K/9728K, paused 3ms+1ms, total 21ms
I/InputReader(  563): Reconfiguring input devices.  changes=0x00000010
I/Icing.InternalIcingCorporaProvider( 1331): Updating corpora: A: com.careerbuilder.SugarDrone, C: MAYBE
D/dalvikvm( 1953): GC_FOR_ALLOC freed 243K, 3% free 18098K/18656K, paused 13ms, total 14ms
D/dalvikvm( 1331): GC_CONCURRENT freed 373K, 5% free 9581K/10052K, paused 1ms+7ms, total 42ms
D/BackupManagerService(  563): Received broadcast Intent { act=android.intent.action.PACKAGE_ADDED dat=package:com.careerbuilder.SugarDrone flg=0x4000010 (has extras) }
V/BackupManagerService(  563): addPackageParticipantsLocked: #1
D/dalvikvm(  563): GC_EXPLICIT freed 1064K, 12% free 21124K/23984K, paused 14ms+34ms, total 285ms
D/AndroidRuntime( 5888): Shutting down VM
D/dalvikvm( 5888): GC_CONCURRENT freed 95K, 15% free 561K/660K, paused 0ms+0ms, total 3ms
D/Wear_Controller(  871): Received broadcast action=android.intent.action.PACKAGE_ADDED and uri=com.careerbuilder.SugarDrone
I/PeopleContactsSync(  871): triggerPendingContactsCleanup: no accounts
W/IcingInternalCorpora(  871): getNumBytesRead when not calculated.
I/ActivityManager(  563): Delay finish: com.google.android.gms/.chimera.GmsIntentOperationService$PersistentInternalReceiver
D/dalvikvm(  871): GC_FOR_ALLOC freed 921K, 12% free 12370K/13912K, paused 45ms, total 46ms
I/Icing   (  871): Usage reports 0 indexed 0 rejected 0 imm upload true
I/Icing.InternalIcingCorporaProvider( 1331): UpdateCorporaTask done [took 336 ms] updated apps [took 336 ms] 
I/ActivityManager(  563): Resuming delayed broadcast
I/Icing   (  871): Usage reports 0 indexed 0 rejected 0 imm upload false
I/Icing   (  871): Usage reports 0 indexed 0 rejected 0 imm upload false
D/AndroidRuntime( 6070): 
D/AndroidRuntime( 6070): >>>>>> AndroidRuntime START com.android.internal.os.RuntimeInit <<<<<<
D/AndroidRuntime( 6070): CheckJNI is OFF
D/dalvikvm( 6070): Trying to load lib libjavacore.so 0x0
D/dalvikvm( 6070): Added shared lib libjavacore.so 0x0
D/dalvikvm( 6070): Trying to load lib libnativehelper.so 0x0
D/dalvikvm( 6070): Added shared lib libnativehelper.so 0x0
D/dalvikvm( 6070): No JNI_OnLoad found in libnativehelper.so 0x0, skipping init
D/dalvikvm( 6070): Note: class Landroid/app/ActivityManagerNative; has 179 unimplemented (abstract) methods
D/AndroidRuntime( 6070): Calling main entry com.android.commands.settings.SettingsCmd
D/AndroidRuntime( 6070): Shutting down VM
D/dalvikvm( 6070): GC_CONCURRENT freed 96K, 16% free 562K/664K, paused 0ms+0ms, total 2ms
I/Icing   (  871): Indexing A9423C0F0A10DE4991AA6E55B2F31155F7B86750 from com.google.android.googlequicksearchbox
I/Icing   (  871): Indexing done A9423C0F0A10DE4991AA6E55B2F31155F7B86750
I/Icing   (  871): Indexing 9AE916B9CACDBBF59B0A3F06984D1BB91FFBC6CB from com.google.android.gms
D/dalvikvm(  871): GC_FOR_ALLOC freed 842K, 12% free 12335K/13912K, paused 36ms, total 36ms
D/dalvikvm(  871): GC_FOR_ALLOC freed 763K, 12% free 12322K/13912K, paused 33ms, total 34ms
D/AndroidRuntime( 6098): 
D/AndroidRuntime( 6098): >>>>>> AndroidRuntime START com.android.internal.os.RuntimeInit <<<<<<
D/AndroidRuntime( 6098): CheckJNI is OFF
D/dalvikvm( 6098): Trying to load lib libjavacore.so 0x0
D/dalvikvm( 6098): Added shared lib libjavacore.so 0x0
D/dalvikvm( 6098): Trying to load lib libnativehelper.so 0x0
D/dalvikvm( 6098): Added shared lib libnativehelper.so 0x0
D/dalvikvm( 6098): No JNI_OnLoad found in libnativehelper.so 0x0, skipping init
D/dalvikvm( 6098): Note: class Landroid/app/ActivityManagerNative; has 179 unimplemented (abstract) methods
D/dalvikvm(  871): GC_FOR_ALLOC freed 619K, 12% free 12321K/13912K, paused 32ms, total 33ms
I/Icing   (  871): Indexing done 9AE916B9CACDBBF59B0A3F06984D1BB91FFBC6CB
D/AndroidRuntime( 6098): Calling main entry com.android.commands.settings.SettingsCmd
D/AndroidRuntime( 6098): Shutting down VM
D/dalvikvm( 6098): GC_CONCURRENT freed 96K, 15% free 562K/660K, paused 0ms+0ms, total 3ms
D/AndroidRuntime( 6125): 
D/AndroidRuntime( 6125): >>>>>> AndroidRuntime START com.android.internal.os.RuntimeInit <<<<<<
D/AndroidRuntime( 6125): CheckJNI is OFF
D/dalvikvm( 6125): Trying to load lib libjavacore.so 0x0
D/dalvikvm( 6125): Added shared lib libjavacore.so 0x0
D/dalvikvm( 6125): Trying to load lib libnativehelper.so 0x0
D/dalvikvm( 6125): Added shared lib libnativehelper.so 0x0
D/dalvikvm( 6125): No JNI_OnLoad found in libnativehelper.so 0x0, skipping init
D/dalvikvm( 6125): Note: class Landroid/app/ActivityManagerNative; has 179 unimplemented (abstract) methods
D/AndroidRuntime( 6125): Calling main entry com.android.commands.settings.SettingsCmd
D/AndroidRuntime( 6125): Shutting down VM
D/dalvikvm( 6125): GC_CONCURRENT freed 96K, 15% free 562K/660K, paused 0ms+0ms, total 2ms
D/AndroidRuntime( 6153): 
D/AndroidRuntime( 6153): >>>>>> AndroidRuntime START com.android.internal.os.RuntimeInit <<<<<<
D/AndroidRuntime( 6153): CheckJNI is OFF
D/dalvikvm( 6153): Trying to load lib libjavacore.so 0x0
D/dalvikvm( 6153): Added shared lib libjavacore.so 0x0
D/dalvikvm( 6153): Trying to load lib libnativehelper.so 0x0
D/dalvikvm( 6153): Added shared lib libnativehelper.so 0x0
D/dalvikvm( 6153): No JNI_OnLoad found in libnativehelper.so 0x0, skipping init
D/dalvikvm( 6153): Note: class Landroid/app/ActivityManagerNative; has 179 unimplemented (abstract) methods
D/AndroidRuntime( 6153): Calling main entry com.android.commands.settings.SettingsCmd
D/AndroidRuntime( 6153): Shutting down VM
D/dalvikvm( 6153): GC_CONCURRENT freed 96K, 15% free 562K/660K, paused 0ms+0ms, total 3ms
D/AndroidRuntime( 6181): 
D/AndroidRuntime( 6181): >>>>>> AndroidRuntime START com.android.internal.os.RuntimeInit <<<<<<
D/AndroidRuntime( 6181): CheckJNI is OFF
D/dalvikvm( 6181): Trying to load lib libjavacore.so 0x0
D/dalvikvm( 6181): Added shared lib libjavacore.so 0x0
D/dalvikvm( 6181): Trying to load lib libnativehelper.so 0x0
D/dalvikvm( 6181): Added shared lib libnativehelper.so 0x0
D/dalvikvm( 6181): No JNI_OnLoad found in libnativehelper.so 0x0, skipping init
D/dalvikvm( 6181): Note: class Landroid/app/ActivityManagerNative; has 179 unimplemented (abstract) methods
D/AndroidRuntime( 6181): Calling main entry com.android.commands.settings.SettingsCmd
D/AndroidRuntime( 6181): Shutting down VM
D/dalvikvm( 6181): GC_CONCURRENT freed 96K, 15% free 562K/660K, paused 0ms+0ms, total 2ms
D/AndroidRuntime( 6210): 
D/AndroidRuntime( 6210): >>>>>> AndroidRuntime START com.android.internal.os.RuntimeInit <<<<<<
D/AndroidRuntime( 6210): CheckJNI is OFF
D/dalvikvm( 6210): Trying to load lib libjavacore.so 0x0
D/dalvikvm( 6210): Added shared lib libjavacore.so 0x0
D/dalvikvm( 6210): Trying to load lib libnativehelper.so 0x0
D/dalvikvm( 6210): Added shared lib libnativehelper.so 0x0
D/dalvikvm( 6210): No JNI_OnLoad found in libnativehelper.so 0x0, skipping init
D/dalvikvm( 6210): Note: class Landroid/app/ActivityManagerNative; has 179 unimplemented (abstract) methods
D/AndroidRuntime( 6210): Calling main entry com.android.commands.settings.SettingsCmd
D/AndroidRuntime( 6210): Shutting down VM
D/dalvikvm( 6210): GC_CONCURRENT freed 96K, 15% free 562K/660K, paused 0ms+0ms, total 2ms
D/AndroidRuntime( 6244): 
D/AndroidRuntime( 6244): >>>>>> AndroidRuntime START com.android.internal.os.RuntimeInit <<<<<<
D/AndroidRuntime( 6244): CheckJNI is OFF
D/dalvikvm( 6244): Trying to load lib libjavacore.so 0x0
D/dalvikvm( 6244): Added shared lib libjavacore.so 0x0
D/dalvikvm( 6244): Trying to load lib libnativehelper.so 0x0
D/dalvikvm( 6244): Added shared lib libnativehelper.so 0x0
D/dalvikvm( 6244): No JNI_OnLoad found in libnativehelper.so 0x0, skipping init
D/dalvikvm( 6244): Note: class Landroid/app/ActivityManagerNative; has 179 unimplemented (abstract) methods
D/AndroidRuntime( 6244): Calling main entry com.android.commands.pm.Pm
D/AndroidRuntime( 6244): Shutting down VM
D/dalvikvm( 6244): GC_CONCURRENT freed 249K, 31% free 567K/820K, paused 0ms+0ms, total 3ms
D/dalvikvm(  563): GC_CONCURRENT freed 4358K, 19% free 19766K/24160K, paused 3ms+6ms, total 79ms
D/AndroidRuntime( 6326): 
D/AndroidRuntime( 6326): >>>>>> AndroidRuntime START com.android.internal.os.RuntimeInit <<<<<<
D/AndroidRuntime( 6326): CheckJNI is OFF
D/dalvikvm( 6326): Trying to load lib libjavacore.so 0x0
D/dalvikvm( 6326): Added shared lib libjavacore.so 0x0
D/dalvikvm( 6326): Trying to load lib libnativehelper.so 0x0
D/dalvikvm( 6326): Added shared lib libnativehelper.so 0x0
D/dalvikvm( 6326): No JNI_OnLoad found in libnativehelper.so 0x0, skipping init
D/dalvikvm( 6326): Note: class Landroid/app/ActivityManagerNative; has 179 unimplemented (abstract) methods
D/AndroidRuntime( 6326): Calling main entry com.android.commands.pm.Pm
D/AndroidRuntime( 6326): Shutting down VM
D/dalvikvm( 6326): GC_CONCURRENT freed 249K, 31% free 567K/820K, paused 0ms+1ms, total 3ms
D/AndroidRuntime( 6433): 
D/AndroidRuntime( 6433): >>>>>> AndroidRuntime START com.android.internal.os.RuntimeInit <<<<<<
D/AndroidRuntime( 6433): CheckJNI is OFF
D/dalvikvm( 6433): Trying to load lib libjavacore.so 0x0
D/dalvikvm( 6433): Added shared lib libjavacore.so 0x0
D/dalvikvm( 6433): Trying to load lib libnativehelper.so 0x0
D/dalvikvm( 6433): Added shared lib libnativehelper.so 0x0
D/dalvikvm( 6433): No JNI_OnLoad found in libnativehelper.so 0x0, skipping init
D/dalvikvm( 6433): Note: class Landroid/app/ActivityManagerNative; has 179 unimplemented (abstract) methods
D/AndroidRuntime( 6433): Calling main entry com.android.commands.am.Am
D/AndroidRuntime( 6433): Shutting down VM
D/dalvikvm( 6433): GC_CONCURRENT freed 93K, 15% free 553K/648K, paused 0ms+1ms, total 2ms
W/ActivityManager(  563): Invalid packageName: com.careerbuilder.SugarDrone.test
D/AndroidRuntime( 6478): 
D/AndroidRuntime( 6478): >>>>>> AndroidRuntime START com.android.internal.os.RuntimeInit <<<<<<
D/AndroidRuntime( 6478): CheckJNI is OFF
D/dalvikvm( 6478): Trying to load lib libjavacore.so 0x0
D/dalvikvm( 6478): Added shared lib libjavacore.so 0x0
D/dalvikvm( 6478): Trying to load lib libnativehelper.so 0x0
D/dalvikvm( 6478): Added shared lib libnativehelper.so 0x0
D/dalvikvm( 6478): No JNI_OnLoad found in libnativehelper.so 0x0, skipping init
D/dalvikvm( 6478): Note: class Landroid/app/ActivityManagerNative; has 179 unimplemented (abstract) methods
D/AndroidRuntime( 6478): Calling main entry com.android.commands.pm.Pm
W/ActivityManager(  563): No content provider found for permission revoke: file:///data/local/tmp/0000001730
W/ActivityManager(  563): No content provider found for permission revoke: file:///data/local/tmp/0000001730
I/PackageManager(  563): Copying native libraries to /data/app-lib/vmdl812896965
I/PackageManager(  563): Running dexopt on: com.careerbuilder.SugarDrone.test
D/dalvikvm( 6502): DexOpt: load 70ms, verify+opt 520ms, 1565836 bytes
I/ActivityManager(  563): Force stopping com.careerbuilder.SugarDrone.test appid=18070 user=-1: update pkg
I/InputReader(  563): Reconfiguring input devices.  changes=0x00000010
I/ActivityManager(  563): Delay finish: com.android.musicfx/.Compatibility$Receiver
I/ActivityManager(  563): Resuming delayed broadcast
I/Icing.InternalIcingCorporaProvider( 1331): Updating corpora: A: com.careerbuilder.SugarDrone.test, C: MAYBE
I/ActivityManager(  563): Delay finish: com.google.android.googlequicksearchbox/com.google.android.search.core.summons.icing.InternalIcingCorporaProvider$CorporaChangedReceiver
I/ActivityManager(  563): Resuming delayed broadcast
D/BackupManagerService(  563): Received broadcast Intent { act=android.intent.action.PACKAGE_ADDED dat=package:com.careerbuilder.SugarDrone.test flg=0x4000010 (has extras) }
V/BackupManagerService(  563): addPackageParticipantsLocked: #1
I/Icing.InternalIcingCorporaProvider( 1331): UpdateCorporaTask done [took 55 ms] updated apps [took 55 ms] 
D/Wear_Controller(  871): Received broadcast action=android.intent.action.PACKAGE_ADDED and uri=com.careerbuilder.SugarDrone.test
I/PeopleContactsSync(  871): triggerPendingContactsCleanup: no accounts
D/dalvikvm(  912): GC_CONCURRENT freed 311K, 17% free 10606K/12660K, paused 2ms+3ms, total 53ms
W/IcingInternalCorpora(  871): getNumBytesRead when not calculated.
D/dalvikvm(  563): GC_EXPLICIT freed 1127K, 18% free 19852K/24160K, paused 9ms+11ms, total 312ms
D/AndroidRuntime( 6478): Shutting down VM
D/dalvikvm( 6478): GC_CONCURRENT freed 95K, 15% free 561K/660K, paused 0ms+0ms, total 3ms
D/dalvikvm(  871): GC_FOR_ALLOC freed 855K, 12% free 12354K/13912K, paused 55ms, total 58ms
I/Icing   (  871): Usage reports 0 indexed 0 rejected 0 imm upload false
I/Icing   (  871): Usage reports 0 indexed 0 rejected 0 imm upload false
D/AndroidRuntime( 6566): 
D/AndroidRuntime( 6566): >>>>>> AndroidRuntime START com.android.internal.os.RuntimeInit <<<<<<
D/AndroidRuntime( 6566): CheckJNI is OFF
D/dalvikvm( 6566): Trying to load lib libjavacore.so 0x0
D/dalvikvm( 6566): Added shared lib libjavacore.so 0x0
D/dalvikvm( 6566): Trying to load lib libnativehelper.so 0x0
D/dalvikvm( 6566): Added shared lib libnativehelper.so 0x0
D/dalvikvm( 6566): No JNI_OnLoad found in libnativehelper.so 0x0, skipping init
D/dalvikvm( 6566): Note: class Landroid/app/ActivityManagerNative; has 179 unimplemented (abstract) methods
D/AndroidRuntime( 6566): Calling main entry com.android.commands.settings.SettingsCmd
D/AndroidRuntime( 6566): Shutting down VM
D/dalvikvm( 6566): GC_CONCURRENT freed 96K, 15% free 562K/660K, paused 0ms+0ms, total 2ms
I/Icing   (  871): Indexing 9AE916B9CACDBBF59B0A3F06984D1BB91FFBC6CB from com.google.android.gms
D/dalvikvm(  871): GC_FOR_ALLOC freed 761K, 12% free 12324K/13912K, paused 42ms, total 42ms
I/Icing   (  871): Indexing done 9AE916B9CACDBBF59B0A3F06984D1BB91FFBC6CB
D/AndroidRuntime( 6596): 
D/AndroidRuntime( 6596): >>>>>> AndroidRuntime START com.android.internal.os.RuntimeInit <<<<<<
D/AndroidRuntime( 6596): CheckJNI is OFF
D/dalvikvm( 6596): Trying to load lib libjavacore.so 0x0
D/dalvikvm( 6596): Added shared lib libjavacore.so 0x0
D/dalvikvm( 6596): Trying to load lib libnativehelper.so 0x0
D/dalvikvm( 6596): Added shared lib libnativehelper.so 0x0
D/dalvikvm( 6596): No JNI_OnLoad found in libnativehelper.so 0x0, skipping init
D/dalvikvm( 6596): Note: class Landroid/app/ActivityManagerNative; has 179 unimplemented (abstract) methods
D/AndroidRuntime( 6596): Calling main entry com.android.commands.settings.SettingsCmd
D/AndroidRuntime( 6596): Shutting down VM
D/dalvikvm( 6596): GC_CONCURRENT freed 96K, 15% free 562K/660K, paused 0ms+0ms, total 2ms
D/AndroidRuntime( 6627): 
D/AndroidRuntime( 6627): >>>>>> AndroidRuntime START com.android.internal.os.RuntimeInit <<<<<<
D/AndroidRuntime( 6627): CheckJNI is OFF
D/dalvikvm( 6627): Trying to load lib libjavacore.so 0x0
D/dalvikvm( 6627): Added shared lib libjavacore.so 0x0
D/dalvikvm( 6627): Trying to load lib libnativehelper.so 0x0
D/dalvikvm( 6627): Added shared lib libnativehelper.so 0x0
D/dalvikvm( 6627): No JNI_OnLoad found in libnativehelper.so 0x0, skipping init
D/dalvikvm( 6627): Note: class Landroid/app/ActivityManagerNative; has 179 unimplemented (abstract) methods
D/AndroidRuntime( 6627): Calling main entry com.android.commands.settings.SettingsCmd
D/AndroidRuntime( 6627): Shutting down VM
D/dalvikvm( 6627): GC_CONCURRENT freed 96K, 15% free 562K/660K, paused 0ms+0ms, total 2ms
D/AndroidRuntime( 6655): 
D/AndroidRuntime( 6655): >>>>>> AndroidRuntime START com.android.internal.os.RuntimeInit <<<<<<
D/AndroidRuntime( 6655): CheckJNI is OFF
D/dalvikvm( 6655): Trying to load lib libjavacore.so 0x0
D/dalvikvm( 6655): Added shared lib libjavacore.so 0x0
D/dalvikvm( 6655): Trying to load lib libnativehelper.so 0x0
D/dalvikvm( 6655): Added shared lib libnativehelper.so 0x0
D/dalvikvm( 6655): No JNI_OnLoad found in libnativehelper.so 0x0, skipping init
D/dalvikvm( 6655): Note: class Landroid/app/ActivityManagerNative; has 179 unimplemented (abstract) methods
D/AndroidRuntime( 6655): Calling main entry com.android.commands.settings.SettingsCmd
D/AndroidRuntime( 6655): Shutting down VM
D/dalvikvm( 6655): GC_CONCURRENT freed 96K, 15% free 562K/660K, paused 0ms+1ms, total 3ms
D/AndroidRuntime( 6683): 
D/AndroidRuntime( 6683): >>>>>> AndroidRuntime START com.android.internal.os.RuntimeInit <<<<<<
D/AndroidRuntime( 6683): CheckJNI is OFF
D/dalvikvm( 6683): Trying to load lib libjavacore.so 0x0
D/dalvikvm( 6683): Added shared lib libjavacore.so 0x0
D/dalvikvm( 6683): Trying to load lib libnativehelper.so 0x0
D/dalvikvm( 6683): Added shared lib libnativehelper.so 0x0
D/dalvikvm( 6683): No JNI_OnLoad found in libnativehelper.so 0x0, skipping init
D/dalvikvm( 6683): Note: class Landroid/app/ActivityManagerNative; has 179 unimplemented (abstract) methods
D/AndroidRuntime( 6683): Calling main entry com.android.commands.settings.SettingsCmd
D/AndroidRuntime( 6683): Shutting down VM
D/dalvikvm( 6683): GC_CONCURRENT freed 96K, 15% free 562K/660K, paused 0ms+0ms, total 3ms
D/AndroidRuntime( 6716): 
D/AndroidRuntime( 6716): >>>>>> AndroidRuntime START com.android.internal.os.RuntimeInit <<<<<<
D/AndroidRuntime( 6716): CheckJNI is OFF
D/dalvikvm( 6716): Trying to load lib libjavacore.so 0x0
D/dalvikvm( 6716): Added shared lib libjavacore.so 0x0
D/dalvikvm( 6716): Trying to load lib libnativehelper.so 0x0
D/dalvikvm( 6716): Added shared lib libnativehelper.so 0x0
D/dalvikvm( 6716): No JNI_OnLoad found in libnativehelper.so 0x0, skipping init
D/dalvikvm( 6716): Note: class Landroid/app/ActivityManagerNative; has 179 unimplemented (abstract) methods
D/AndroidRuntime( 6716): Calling main entry com.android.commands.settings.SettingsCmd
D/AndroidRuntime( 6716): Shutting down VM
D/dalvikvm( 6716): GC_CONCURRENT freed 96K, 15% free 562K/660K, paused 1ms+0ms, total 3ms
D/AndroidRuntime( 6748): 
D/AndroidRuntime( 6748): >>>>>> AndroidRuntime START com.android.internal.os.RuntimeInit <<<<<<
D/AndroidRuntime( 6748): CheckJNI is OFF
D/dalvikvm( 6748): Trying to load lib libjavacore.so 0x0
D/dalvikvm( 6748): Added shared lib libjavacore.so 0x0
D/dalvikvm( 6748): Trying to load lib libnativehelper.so 0x0
D/dalvikvm( 6748): Added shared lib libnativehelper.so 0x0
D/dalvikvm( 6748): No JNI_OnLoad found in libnativehelper.so 0x0, skipping init
D/dalvikvm( 6748): Note: class Landroid/app/ActivityManagerNative; has 179 unimplemented (abstract) methods
D/AndroidRuntime( 6748): Calling main entry com.android.commands.pm.Pm
D/AndroidRuntime( 6748): Shutting down VM
D/dalvikvm( 6748): GC_CONCURRENT freed 251K, 31% free 567K/820K, paused 0ms+0ms, total 3ms
D/dalvikvm(  563): GC_CONCURRENT freed 2817K, 19% free 19723K/24160K, paused 3ms+6ms, total 72ms
D/AndroidRuntime( 6825): 
D/AndroidRuntime( 6825): >>>>>> AndroidRuntime START com.android.internal.os.RuntimeInit <<<<<<
D/AndroidRuntime( 6825): CheckJNI is OFF
D/dalvikvm( 6825): Trying to load lib libjavacore.so 0x0
D/dalvikvm( 6825): Added shared lib libjavacore.so 0x0
D/dalvikvm( 6825): Trying to load lib libnativehelper.so 0x0
D/dalvikvm( 6825): Added shared lib libnativehelper.so 0x0
D/dalvikvm( 6825): No JNI_OnLoad found in libnativehelper.so 0x0, skipping init
D/dalvikvm( 6825): Note: class Landroid/app/ActivityManagerNative; has 179 unimplemented (abstract) methods
D/AndroidRuntime( 6825): Calling main entry com.android.commands.pm.Pm
D/AndroidRuntime( 6825): Shutting down VM
D/dalvikvm( 6825): GC_CONCURRENT freed 251K, 31% free 567K/820K, paused 0ms+0ms, total 3ms
D/AndroidRuntime( 6919): 
D/AndroidRuntime( 6919): >>>>>> AndroidRuntime START com.android.internal.os.RuntimeInit <<<<<<
D/AndroidRuntime( 6919): CheckJNI is OFF
D/dalvikvm( 6919): Trying to load lib libjavacore.so 0x0
D/dalvikvm( 6919): Added shared lib libjavacore.so 0x0
D/dalvikvm( 6919): Trying to load lib libnativehelper.so 0x0
D/dalvikvm( 6919): Added shared lib libnativehelper.so 0x0
D/dalvikvm( 6919): No JNI_OnLoad found in libnativehelper.so 0x0, skipping init
D/dalvikvm( 6919): Note: class Landroid/app/ActivityManagerNative; has 179 unimplemented (abstract) methods
D/AndroidRuntime( 6919): Calling main entry com.android.commands.input.Input
I/Input   ( 6919): injectKeyEvent: KeyEvent { action=ACTION_DOWN, keyCode=KEYCODE_BACK, scanCode=0, metaState=0, flags=0x0, repeatCount=0, eventTime=268188, downTime=268188, deviceId=-1, source=0x101 }
I/Input   ( 6919): injectKeyEvent: KeyEvent { action=ACTION_UP, keyCode=KEYCODE_BACK, scanCode=0, metaState=0, flags=0x0, repeatCount=0, eventTime=268188, downTime=268188, deviceId=-1, source=0x101 }
D/AndroidRuntime( 6919): Shutting down VM
D/dalvikvm( 6919): GC_CONCURRENT freed 98K, 16% free 563K/664K, paused 1ms+1ms, total 3ms
D/AndroidRuntime( 6989): 
D/AndroidRuntime( 6989): >>>>>> AndroidRuntime START com.android.internal.os.RuntimeInit <<<<<<
D/AndroidRuntime( 6989): CheckJNI is OFF
D/dalvikvm( 6989): Trying to load lib libjavacore.so 0x0
D/dalvikvm( 6989): Added shared lib libjavacore.so 0x0
D/dalvikvm( 6989): Trying to load lib libnativehelper.so 0x0
D/dalvikvm( 6989): Added shared lib libnativehelper.so 0x0
D/dalvikvm( 6989): No JNI_OnLoad found in libnativehelper.so 0x0, skipping init
D/dalvikvm( 6989): Note: class Landroid/app/ActivityManagerNative; has 179 unimplemented (abstract) methods
D/AndroidRuntime( 6989): Calling main entry com.android.commands.input.Input
I/Input   ( 6989): injectKeyEvent: KeyEvent { action=ACTION_DOWN, keyCode=KEYCODE_HOME, scanCode=0, metaState=0, flags=0x0, repeatCount=0, eventTime=269977, downTime=269977, deviceId=-1, source=0x101 }
I/Input   ( 6989): injectKeyEvent: KeyEvent { action=ACTION_UP, keyCode=KEYCODE_HOME, scanCode=0, metaState=0, flags=0x0, repeatCount=0, eventTime=269977, downTime=269977, deviceId=-1, source=0x101 }
D/AndroidRuntime( 6989): Shutting down VM
D/dalvikvm( 6989): GC_CONCURRENT freed 98K, 16% free 563K/664K, paused 0ms+0ms, total 3ms
I/ActivityManager(  563): START u0 {act=android.intent.action.MAIN cat=[android.intent.category.HOME] flg=0x10200000 cmp=com.android.launcher/com.android.launcher2.Launcher} from pid 563
D/dalvikvm( 1296): GC_CONCURRENT freed 429K, 5% free 9490K/9956K, paused 33ms+11ms, total 64ms
D/AndroidRuntime( 7025): 
D/AndroidRuntime( 7025): >>>>>> AndroidRuntime START com.android.internal.os.RuntimeInit <<<<<<
D/AndroidRuntime( 7025): CheckJNI is OFF
D/dalvikvm( 7025): Trying to load lib libjavacore.so 0x0
D/dalvikvm( 7025): Added shared lib libjavacore.so 0x0
D/dalvikvm( 7025): Trying to load lib libnativehelper.so 0x0
D/dalvikvm( 7025): Added shared lib libnativehelper.so 0x0
D/dalvikvm( 7025): No JNI_OnLoad found in libnativehelper.so 0x0, skipping init
D/dalvikvm( 7025): Note: class Landroid/app/ActivityManagerNative; has 179 unimplemented (abstract) methods
D/Finsky  ( 1296): [1] 5.onFinished: Installation state replication succeeded.
D/AndroidRuntime( 7025): Calling main entry com.android.commands.input.Input
I/Input   ( 7025): injectKeyEvent: KeyEvent { action=ACTION_DOWN, keyCode=KEYCODE_BACK, scanCode=0, metaState=0, flags=0x0, repeatCount=0, eventTime=271355, downTime=271355, deviceId=-1, source=0x101 }
I/Input   ( 7025): injectKeyEvent: KeyEvent { action=ACTION_UP, keyCode=KEYCODE_BACK, scanCode=0, metaState=0, flags=0x0, repeatCount=0, eventTime=271355, downTime=271355, deviceId=-1, source=0x101 }
D/AndroidRuntime( 7025): Shutting down VM
D/dalvikvm( 7025): GC_CONCURRENT freed 98K, 16% free 563K/664K, paused 0ms+0ms, total 2ms
D/AndroidRuntime( 7066): 
D/AndroidRuntime( 7066): >>>>>> AndroidRuntime START com.android.internal.os.RuntimeInit <<<<<<
D/AndroidRuntime( 7066): CheckJNI is OFF
D/dalvikvm( 7066): Trying to load lib libjavacore.so 0x0
D/dalvikvm( 7066): Added shared lib libjavacore.so 0x0
D/dalvikvm( 7066): Trying to load lib libnativehelper.so 0x0
D/dalvikvm( 7066): Added shared lib libnativehelper.so 0x0
D/dalvikvm( 7066): No JNI_OnLoad found in libnativehelper.so 0x0, skipping init
D/dalvikvm( 7066): Note: class Landroid/app/ActivityManagerNative; has 179 unimplemented (abstract) methods
D/AndroidRuntime( 7066): Calling main entry com.android.commands.am.Am
I/ActivityManager(  563): Force stopping com.careerbuilder.SugarDrone appid=18069 user=0: start instr
D/dalvikvm( 7093): Late-enabling CheckJNI
I/ActivityManager(  563): Start proc com.careerbuilder.SugarDrone for added application com.careerbuilder.SugarDrone: pid=7093 uid=18069 gids={58069, 3003, 1028, 1015}
I/dalvikvm( 7093): Could not find method android.app.Instrumentation.execStartActivity, referenced from method sh.calaba.exposed.InstrumentationExposed.execStartActivity
W/dalvikvm( 7093): VFY: unable to resolve virtual method 38: Landroid/app/Instrumentation;.execStartActivity (Landroid/content/Context;Landroid/os/IBinder;Landroid/os/IBinder;Landroid/app/Activity;Landroid/content/Intent;I)Landroid/app/Instrumentation$ActivityResult;
D/dalvikvm( 7093): VFY: replacing opcode 0x75 at 0x0000
I/dalvikvm( 7093): Could not find method android.app.Instrumentation.execStartActivity, referenced from method sh.calaba.exposed.InstrumentationExposed.execStartActivity
W/dalvikvm( 7093): VFY: unable to resolve virtual method 41: Landroid/app/Instrumentation;.execStartActivity (Landroid/content/Context;Landroid/os/IBinder;Landroid/os/IBinder;Landroid/app/Fragment;Landroid/content/Intent;I)Landroid/app/Instrumentation$ActivityResult;
D/dalvikvm( 7093): VFY: replacing opcode 0x75 at 0x0000
I/dalvikvm( 7093): Could not find method android.app.Instrumentation.execStartActivityAsCaller, referenced from method sh.calaba.exposed.InstrumentationExposed.execStartActivityAsCaller
W/dalvikvm( 7093): VFY: unable to resolve virtual method 43: Landroid/app/Instrumentation;.execStartActivityAsCaller (Landroid/content/Context;Landroid/os/IBinder;Landroid/os/IBinder;Landroid/app/Activity;Landroid/content/Intent;ILandroid/os/Bundle;I)Landroid/app/Instrumentation$ActivityResult;
D/dalvikvm( 7093): VFY: replacing opcode 0x75 at 0x0000
D/dalvikvm( 7093): Trying to load lib /data/app-lib/com.careerbuilder.SugarDrone-1/libmonodroid.so 0x42451b80
D/dalvikvm( 7093): Added shared lib /data/app-lib/com.careerbuilder.SugarDrone-1/libmonodroid.so 0x42451b80
W/monodroid( 7093): Using override path: /data/data/com.careerbuilder.SugarDrone/files/.__override__
W/monodroid( 7093): Trying to load sgen from: /data/data/com.careerbuilder.SugarDrone/files/.__override__/libmonosgen-2.0.so
W/monodroid( 7093): Trying to load sgen from: /storage/emulated/0/Android/data/com.careerbuilder.SugarDrone/files/.__override__/libmonosgen-2.0.so
W/monodroid( 7093): Trying to load sgen from: /data/app-lib/com.careerbuilder.SugarDrone-1/libmonosgen-2.0.so
D/Mono    ( 7093): Image addref mscorlib[0x758c79e0] -> mscorlib.dll[0x758c6dc8]: 2
D/Mono    ( 7093): Prepared to set up assembly 'mscorlib' (mscorlib.dll)
D/Mono    ( 7093): AOT module 'mscorlib.dll.so' not found: dlopen failed: library "/data/app-lib/com.careerbuilder.SugarDrone-1/libaot-mscorlib.dll.so" not found
D/Mono    ( 7093): AOT module '/Users/builder/data/lanes/4009/f3074d2c/source/monodroid/builds/install/mono-armv6/lib/mono/aot-cache/arm/mscorlib.dll.so' not found: dlopen failed: library "/data/app-lib/com.careerbuilder.SugarDrone-1/libaot-mscorlib.dll.so" not found
D/Mono    ( 7093): Config attempting to parse: 'mscorlib.dll.config'.
D/Mono    ( 7093): Config attempting to parse: '/Users/builder/data/lanes/4009/f3074d2c/source/monodroid/builds/install/mono-armv6/etc/mono/assemblies/mscorlib/mscorlib.config'.
D/Mono    ( 7093): Assembly mscorlib[0x758c79e0] added to domain RootDomain, ref_count=1
D/Mono    ( 7093): Image addref CareerBuilder_Search.Droid[0x7a37b368] -> CareerBuilder_Search.Droid.dll[0x7b00ca00]: 2
D/Mono    ( 7093): Prepared to set up assembly 'CareerBuilder_Search.Droid' (CareerBuilder_Search.Droid.dll)
D/Mono    ( 7093): Assembly CareerBuilder_Search.Droid[0x7a37b368] added to domain RootDomain, ref_count=1
D/Mono    ( 7093): AOT module 'CareerBuilder_Search.Droid.dll.so' not found: dlopen failed: library "/data/app-lib/com.careerbuilder.SugarDrone-1/libaot-CareerBuilder_Search.Droid.dll.so" not found
D/Mono    ( 7093): AOT module '/Users/builder/data/lanes/4009/f3074d2c/source/monodroid/builds/install/mono-armv6/lib/mono/aot-cache/arm/CareerBuilder_Search.Droid.dll.so' not found: dlopen failed: library "/data/app-lib/com.careerbuilder.SugarDrone-1/libaot-CareerBuilder_Search.Droid.dll.so" not found
D/Mono    ( 7093): Config attempting to parse: 'CareerBuilder_Search.Droid.dll.config'.
D/Mono    ( 7093): Config attempting to parse: '/Users/builder/data/lanes/4009/f3074d2c/source/monodroid/builds/install/mono-armv6/etc/mono/assemblies/CareerBuilder_Search.Droid/CareerBuilder_Search.Droid.config'.
D/Mono    ( 7093): Image addref AppsFlyerXamarinBindingAndroid[0x7b1241e8] -> AppsFlyerXamarinBindingAndroid.dll[0x7a37b560]: 2
D/Mono    ( 7093): Prepared to set up assembly 'AppsFlyerXamarinBindingAndroid' (AppsFlyerXamarinBindingAndroid.dll)
D/Mono    ( 7093): Assembly AppsFlyerXamarinBindingAndroid[0x7b1241e8] added to domain RootDomain, ref_count=1
D/Mono    ( 7093): AOT module 'AppsFlyerXamarinBindingAndroid.dll.so' not found: dlopen failed: library "/data/app-lib/com.careerbuilder.SugarDrone-1/libaot-AppsFlyerXamarinBindingAndroid.dll.so" not found
D/Mono    ( 7093): AOT module '/Users/builder/data/lanes/4009/f3074d2c/source/monodroid/builds/install/mono-armv6/lib/mono/aot-cache/arm/AppsFlyerXamarinBindingAndroid.dll.so' not found: dlopen failed: library "/data/app-lib/com.careerbuilder.SugarDrone-1/libaot-AppsFlyerXamarinBindingAndroid.dll.so" not found
D/Mono    ( 7093): Config attempting to parse: 'AppsFlyerXamarinBindingAndroid.dll.config'.
D/Mono    ( 7093): Config attempting to parse: '/Users/builder/data/lanes/4009/f3074d2c/source/monodroid/builds/install/mono-armv6/etc/mono/assemblies/AppsFlyerXamarinBindingAndroid/AppsFlyerXamarinBindingAndroid.config'.
D/Mono    ( 7093): Image addref HockeySDK[0x7b124f18] -> HockeySDK.dll[0x7b1242e8]: 2
D/Mono    ( 7093): Prepared to set up assembly 'HockeySDK' (HockeySDK.dll)
D/Mono    ( 7093): Assembly HockeySDK[0x7b124f18] added to domain RootDomain, ref_count=1
D/Mono    ( 7093): AOT module 'HockeySDK.dll.so' not found: dlopen failed: library "/data/app-lib/com.careerbuilder.SugarDrone-1/libaot-HockeySDK.dll.so" not found
D/Mono    ( 7093): AOT module '/Users/builder/data/lanes/4009/f3074d2c/source/monodroid/builds/install/mono-armv6/lib/mono/aot-cache/arm/HockeySDK.dll.so' not found: dlopen failed: library "/data/app-lib/com.careerbuilder.SugarDrone-1/libaot-HockeySDK.dll.so" not found
D/Mono    ( 7093): Config attempting to parse: 'HockeySDK.dll.config'.
D/Mono    ( 7093): Config attempting to parse: '/Users/builder/data/lanes/4009/f3074d2c/source/monodroid/builds/install/mono-armv6/etc/mono/assemblies/HockeySDK/HockeySDK.config'.
D/Mono    ( 7093): Image addref Akavache[0x7b12a3c0] -> Akavache.dll[0x7b125728]: 2
D/Mono    ( 7093): Prepared to set up assembly 'Akavache' (Akavache.dll)
D/Mono    ( 7093): Assembly Akavache[0x7b12a3c0] added to domain RootDomain, ref_count=1
D/Mono    ( 7093): AOT module 'Akavache.dll.so' not found: dlopen failed: library "/data/app-lib/com.careerbuilder.SugarDrone-1/libaot-Akavache.dll.so" not found
D/Mono    ( 7093): AOT module '/Users/builder/data/lanes/4009/f3074d2c/source/monodroid/builds/install/mono-armv6/lib/mono/aot-cache/arm/Akavache.dll.so' not found: dlopen failed: library "/data/app-lib/com.careerbuilder.SugarDrone-1/libaot-Akavache.dll.so" not found
D/Mono    ( 7093): Config attempting to parse: 'Akavache.dll.config'.
D/Mono    ( 7093): Config attempting to parse: '/Users/builder/data/lanes/4009/f3074d2c/source/monodroid/builds/install/mono-armv6/etc/mono/assemblies/Akavache/Akavache.config'.
D/Mono    ( 7093): Image addref Akavache.Sqlite3[0x7b12b130] -> Akavache.Sqlite3.dll[0x7b12a4e0]: 2
D/Mono    ( 7093): Prepared to set up assembly 'Akavache.Sqlite3' (Akavache.Sqlite3.dll)
D/Mono    ( 7093): Assembly Akavache.Sqlite3[0x7b12b130] added to domain RootDomain, ref_count=1
D/Mono    ( 7093): AOT module 'Akavache.Sqlite3.dll.so' not found: dlopen failed: library "/data/app-lib/com.careerbuilder.SugarDrone-1/libaot-Akavache.Sqlite3.dll.so" not found
D/Mono    ( 7093): AOT module '/Users/builder/data/lanes/4009/f3074d2c/source/monodroid/builds/install/mono-armv6/lib/mono/aot-cache/arm/Akavache.Sqlite3.dll.so' not found: dlopen failed: library "/data/app-lib/com.careerbuilder.SugarDrone-1/libaot-Akavache.Sqlite3.dll.so" not found
W/        ( 7093): Symbol file LoadedFromMemory doesn't match image Akavache.Sqlite3.dll
D/Mono    ( 7093): Config attempting to parse: 'Akavache.Sqlite3.dll.config'.
D/Mono    ( 7093): Config attempting to parse: '/Users/builder/data/lanes/4009/f3074d2c/source/monodroid/builds/install/mono-armv6/etc/mono/assemblies/Akavache.Sqlite3/Akavache.Sqlite3.config'.
D/Mono    ( 7093): Image addref Splat[0x7b12be60] -> Splat.dll[0x7b12b220]: 2
D/Mono    ( 7093): Prepared to set up assembly 'Splat' (Splat.dll)
D/Mono    ( 7093): Assembly Splat[0x7b12be60] added to domain RootDomain, ref_count=1
D/Mono    ( 7093): AOT module 'Splat.dll.so' not found: dlopen failed: library "/data/app-lib/com.careerbuilder.SugarDrone-1/libaot-Splat.dll.so" not found
D/Mono    ( 7093): AOT module '/Users/builder/data/lanes/4009/f3074d2c/source/monodroid/builds/install/mono-armv6/lib/mono/aot-cache/arm/Splat.dll.so' not found: dlopen failed: library "/data/app-lib/com.careerbuilder.SugarDrone-1/libaot-Splat.dll.so" not found
D/Mono    ( 7093): Config attempting to parse: 'Splat.dll.config'.
D/Mono    ( 7093): Config attempting to parse: '/Users/builder/data/lanes/4009/f3074d2c/source/monodroid/builds/install/mono-armv6/etc/mono/assemblies/Splat/Splat.config'.
D/Mono    ( 7093): Image addref Microsoft.Practices.ServiceLocation[0x7b12fc78] -> Microsoft.Practices.ServiceLocation.dll[0x7b12f038]: 2
D/Mono    ( 7093): Prepared to set up assembly 'Microsoft.Practices.ServiceLocation' (Microsoft.Practices.ServiceLocation.dll)
D/Mono    ( 7093): Assembly Microsoft.Practices.ServiceLocation[0x7b12fc78] added to domain RootDomain, ref_count=1
D/Mono    ( 7093): AOT module 'Microsoft.Practices.ServiceLocation.dll.so' not found: dlopen failed: library "/data/app-lib/com.careerbuilder.SugarDrone-1/libaot-Microsoft.Practices.ServiceLocation.dll.so" not found
D/Mono    ( 7093): AOT module '/Users/builder/data/lanes/4009/f3074d2c/source/monodroid/builds/install/mono-armv6/lib/mono/aot-cache/arm/Microsoft.Practices.ServiceLocation.dll.so' not found: dlopen failed: library "/data/app-lib/com.careerbuilder.SugarDrone-1/libaot-Microsoft.Practices.ServiceLocation.dll.so" not found
D/Mono    ( 7093): Config attempting to parse: 'Microsoft.Practices.ServiceLocation.dll.config'.
D/Mono    ( 7093): Config attempting to parse: '/Users/builder/data/lanes/4009/f3074d2c/source/monodroid/builds/install/mono-armv6/etc/mono/assemblies/Microsoft.Practices.ServiceLocation/Microsoft.Practices.ServiceLocation.config'.
D/Mono    ( 7093): Image addref Microsoft.Practices.Unity[0x7b131260] -> Microsoft.Practices.Unity.dll[0x7b1305f0]: 2
D/Mono    ( 7093): Prepared to set up assembly 'Microsoft.Practices.Unity' (Microsoft.Practices.Unity.dll)
D/Mono    ( 7093): Assembly Microsoft.Practices.Unity[0x7b131260] added to domain RootDomain, ref_count=1
D/Mono    ( 7093): AOT module 'Microsoft.Practices.Unity.dll.so' not found: dlopen failed: library "/data/app-lib/com.careerbuilder.SugarDrone-1/libaot-Microsoft.Practices.Unity.dll.so" not found
D/Mono    ( 7093): AOT module '/Users/builder/data/lanes/4009/f3074d2c/source/monodroid/builds/install/mono-armv6/lib/mono/aot-cache/arm/Microsoft.Practices.Unity.dll.so' not found: dlopen failed: library "/data/app-lib/com.careerbuilder.SugarDrone-1/libaot-Microsoft.Practices.Unity.dll.so" not found
D/Mono    ( 7093): Config attempting to parse: 'Microsoft.Practices.Unity.dll.config'.
D/Mono    ( 7093): Config attempting to parse: '/Users/builder/data/lanes/4009/f3074d2c/source/monodroid/builds/install/mono-armv6/etc/mono/assemblies/Microsoft.Practices.Unity/Microsoft.Practices.Unity.config'.
D/Mono    ( 7093): Image addref Plugin.CurrentActivity[0x7b131fb0] -> Plugin.CurrentActivity.dll[0x7b131380]: 2
D/Mono    ( 7093): Prepared to set up assembly 'Plugin.CurrentActivity' (Plugin.CurrentActivity.dll)
D/Mono    ( 7093): Assembly Plugin.CurrentActivity[0x7b131fb0] added to domain RootDomain, ref_count=1
D/Mono    ( 7093): AOT module 'Plugin.CurrentActivity.dll.so' not found: dlopen failed: library "/data/app-lib/com.careerbuilder.SugarDrone-1/libaot-Plugin.CurrentActivity.dll.so" not found
D/Mono    ( 7093): AOT module '/Users/builder/data/lanes/4009/f3074d2c/source/monodroid/builds/install/mono-armv6/lib/mono/aot-cache/arm/Plugin.CurrentActivity.dll.so' not found: dlopen failed: library "/data/app-lib/com.careerbuilder.SugarDrone-1/libaot-Plugin.CurrentActivity.dll.so" not found
D/Mono    ( 7093): Config attempting to parse: 'Plugin.CurrentActivity.dll.config'.
D/Mono    ( 7093): Config attempting to parse: '/Users/builder/data/lanes/4009/f3074d2c/source/monodroid/builds/install/mono-armv6/etc/mono/assemblies/Plugin.CurrentActivity/Plugin.CurrentActivity.config'.
D/Mono    ( 7093): Image addref Plugin.Permissions[0x7b132d00] -> Plugin.Permissions.dll[0x7b1320e0]: 2
D/Mono    ( 7093): Prepared to set up assembly 'Plugin.Permissions' (Plugin.Permissions.dll)
D/Mono    ( 7093): Assembly Plugin.Permissions[0x7b132d00] added to domain RootDomain, ref_count=1
D/Mono    ( 7093): AOT module 'Plugin.Permissions.dll.so' not found: dlopen failed: library "/data/app-lib/com.careerbuilder.SugarDrone-1/libaot-Plugin.Permissions.dll.so" not found
D/Mono    ( 7093): AOT module '/Users/builder/data/lanes/4009/f3074d2c/source/monodroid/builds/install/mono-armv6/lib/mono/aot-cache/arm/Plugin.Permissions.dll.so' not found: dlopen failed: library "/data/app-lib/com.careerbuilder.SugarDrone-1/libaot-Plugin.Permissions.dll.so" not found
D/Mono    ( 7093): Config attempting to parse: 'Plugin.Permissions.dll.config'.
D/Mono    ( 7093): Config attempting to parse: '/Users/builder/data/lanes/4009/f3074d2c/source/monodroid/builds/install/mono-armv6/etc/mono/assemblies/Plugin.Permissions/Plugin.Permissions.config'.
D/Mono    ( 7093): Image addref Plugin.Permissions.Abstractions[0x7b134420] -> Plugin.Permissions.Abstractions.dll[0x7b1337c0]: 2
D/Mono    ( 7093): Prepared to set up assembly 'Plugin.Permissions.Abstractions' (Plugin.Permissions.Abstractions.dll)
D/Mono    ( 7093): Assembly Plugin.Permissions.Abstractions[0x7b134420] added to domain RootDomain, ref_count=1
D/Mono    ( 7093): AOT module 'Plugin.Permissions.Abstractions.dll.so' not found: dlopen failed: library "/data/app-lib/com.careerbuilder.SugarDrone-1/libaot-Plugin.Permissions.Abstractions.dll.so" not found
D/Mono    ( 7093): AOT module '/Users/builder/data/lanes/4009/f3074d2c/source/monodroid/builds/install/mono-armv6/lib/mono/aot-cache/arm/Plugin.Permissions.Abstractions.dll.so' not found: dlopen failed: library "/data/app-lib/com.careerbuilder.SugarDrone-1/libaot-Plugin.Permissions.Abstractions.dll.so" not found
D/Mono    ( 7093): Config attempting to parse: 'Plugin.Permissions.Abstractions.dll.config'.
D/Mono    ( 7093): Config attempting to parse: '/Users/builder/data/lanes/4009/f3074d2c/source/monodroid/builds/install/mono-armv6/etc/mono/assemblies/Plugin.Permissions.Abstractions/Plugin.Permissions.Abstractions.config'.
D/Mono    ( 7093): Image addref Plugin.Geolocator[0x7b1352d0] -> Plugin.Geolocator.dll[0x7b134680]: 2
D/Mono    ( 7093): Prepared to set up assembly 'Plugin.Geolocator' (Plugin.Geolocator.dll)
D/Mono    ( 7093): Assembly Plugin.Geolocator[0x7b1352d0] added to domain RootDomain, ref_count=1
D/Mono    ( 7093): AOT module 'Plugin.Geolocator.dll.so' not found: dlopen failed: library "/data/app-lib/com.careerbuilder.SugarDrone-1/libaot-Plugin.Geolocator.dll.so" not found
D/Mono    ( 7093): AOT module '/Users/builder/data/lanes/4009/f3074d2c/source/monodroid/builds/install/mono-armv6/lib/mono/aot-cache/arm/Plugin.Geolocator.dll.so' not found: dlopen failed: library "/data/app-lib/com.careerbuilder.SugarDrone-1/libaot-Plugin.Geolocator.dll.so" not found
D/Mono    ( 7093): Config attempting to parse: 'Plugin.Geolocator.dll.config'.
D/Mono    ( 7093): Config attempting to parse: '/Users/builder/data/lanes/4009/f3074d2c/source/monodroid/builds/install/mono-armv6/etc/mono/assemblies/Plugin.Geolocator/Plugin.Geolocator.config'.
D/Mono    ( 7093): Image addref Plugin.Geolocator.Abstractions[0x7b137268] -> Plugin.Geolocator.Abstractions.dll[0x7b136650]: 2
D/Mono    ( 7093): Prepared to set up assembly 'Plugin.Geolocator.Abstractions' (Plugin.Geolocator.Abstractions.dll)
D/Mono    ( 7093): Assembly Plugin.Geolocator.Abstractions[0x7b137268] added to domain RootDomain, ref_count=1
D/Mono    ( 7093): AOT module 'Plugin.Geolocator.Abstractions.dll.so' not found: dlopen failed: library "/data/app-lib/com.careerbuilder.SugarDrone-1/libaot-Plugin.Geolocator.Abstractions.dll.so" not found
D/Mono    ( 7093): AOT module '/Users/builder/data/lanes/4009/f3074d2c/source/monodroid/builds/install/mono-armv6/lib/mono/aot-cache/arm/Plugin.Geolocator.Abstractions.dll.so' not found: dlopen failed: library "/data/app-lib/com.careerbuilder.SugarDrone-1/libaot-Plugin.Geolocator.Abstractions.dll.so" not found
D/Mono    ( 7093): Config attempting to parse: 'Plugin.Geolocator.Abstractions.dll.config'.
D/Mono    ( 7093): Config attempting to parse: '/Users/builder/data/lanes/4009/f3074d2c/source/monodroid/builds/install/mono-armv6/etc/mono/assemblies/Plugin.Geolocator.Abstractions/Plugin.Geolocator.Abstractions.config'.
D/Mono    ( 7093): Image addref Plugin.DeviceInfo[0x7b1385e0] -> Plugin.DeviceInfo.dll[0x7b137980]: 2
D/Mono    ( 7093): Prepared to set up assembly 'Plugin.DeviceInfo' (Plugin.DeviceInfo.dll)
D/Mono    ( 7093): Assembly Plugin.DeviceInfo[0x7b1385e0] added to domain RootDomain, ref_count=1
D/Mono    ( 7093): AOT module 'Plugin.DeviceInfo.dll.so' not found: dlopen failed: library "/data/app-lib/com.careerbuilder.SugarDrone-1/libaot-Plugin.DeviceInfo.dll.so" not found
D/Mono    ( 7093): AOT module '/Users/builder/data/lanes/4009/f3074d2c/source/monodroid/builds/install/mono-armv6/lib/mono/aot-cache/arm/Plugin.DeviceInfo.dll.so' not found: dlopen failed: library "/data/app-lib/com.careerbuilder.SugarDrone-1/libaot-Plugin.DeviceInfo.dll.so" not found
D/Mono    ( 7093): Config attempting to parse: 'Plugin.DeviceInfo.dll.config'.
D/Mono    ( 7093): Config attempting to parse: '/Users/builder/data/lanes/4009/f3074d2c/source/monodroid/builds/install/mono-armv6/etc/mono/assemblies/Plugin.DeviceInfo/Plugin.DeviceInfo.config'.
D/Mono    ( 7093): Image addref Plugin.DeviceInfo.Abstractions[0x7b1397d0] -> Plugin.DeviceInfo.Abstractions.dll[0x7b138b60]: 2
D/Mono    ( 7093): Prepared to set up assembly 'Plugin.DeviceInfo.Abstractions' (Plugin.DeviceInfo.Abstractions.dll)
D/Mono    ( 7093): Assembly Plugin.DeviceInfo.Abstractions[0x7b1397d0] added to domain RootDomain, ref_count=1
D/Mono    ( 7093): AOT module 'Plugin.DeviceInfo.Abstractions.dll.so' not found: dlopen failed: library "/data/app-lib/com.careerbuilder.SugarDrone-1/libaot-Plugin.DeviceInfo.Abstractions.dll.so" not found
D/Mono    ( 7093): AOT module '/Users/builder/data/lanes/4009/f3074d2c/source/monodroid/builds/install/mono-armv6/lib/mono/aot-cache/arm/Plugin.DeviceInfo.Abstractions.dll.so' not found: dlopen failed: library "/data/app-lib/com.careerbuilder.SugarDrone-1/libaot-Plugin.DeviceInfo.Abstractions.dll.so" not found
D/Mono    ( 7093): Config attempting to parse: 'Plugin.DeviceInfo.Abstractions.dll.config'.
D/Mono    ( 7093): Config attempting to parse: '/Users/builder/data/lanes/4009/f3074d2c/source/monodroid/builds/install/mono-armv6/etc/mono/assemblies/Plugin.DeviceInfo.Abstractions/Plugin.DeviceInfo.Abstractions.config'.
D/Mono    ( 7093): Image addref Xamarin.GooglePlayServices.Analytics[0x7b13a6b8] -> Xamarin.GooglePlayServices.Analytics.dll[0x7b139aa8]: 2
D/Mono    ( 7093): Prepared to set up assembly 'Xamarin.GooglePlayServices.Analytics' (Xamarin.GooglePlayServices.Analytics.dll)
D/Mono    ( 7093): Assembly Xamarin.GooglePlayServices.Analytics[0x7b13a6b8] added to domain RootDomain, ref_count=1
D/Mono    ( 7093): AOT module 'Xamarin.GooglePlayServices.Analytics.dll.so' not found: dlopen failed: library "/data/app-lib/com.careerbuilder.SugarDrone-1/libaot-Xamarin.GooglePlayServices.Analytics.dll.so" not found
D/Mono    ( 7093): AOT module '/Users/builder/data/lanes/4009/f3074d2c/source/monodroid/builds/install/mono-armv6/lib/mono/aot-cache/arm/Xamarin.GooglePlayServices.Analytics.dll.so' not found: dlopen failed: library "/data/app-lib/com.careerbuilder.SugarDrone-1/libaot-Xamarin.GooglePlayServices.Analytics.dll.so" not found
D/Mono    ( 7093): Config attempting to parse: 'Xamarin.GooglePlayServices.Analytics.dll.config'.
D/Mono    ( 7093): Config attempting to parse: '/Users/builder/data/lanes/4009/f3074d2c/source/monodroid/builds/install/mono-armv6/etc/mono/assemblies/Xamarin.GooglePlayServices.Analytics/Xamarin.GooglePlayServices.Analytics.config'.
