<![CDATA[--------- beginning of /dev/log/system
W/ProcessCpuTracker(  563): Skipping unknown process pid 4943

]]><xtc-scenario name="[0-1020]CareerBuilder_Search.DroidFeatureTests.JDPTests.ClickingALinkOpensLink" id="[0-1020]CareerBuilder_Search.DroidFeatureTests.JDPTests.ClickingALinkOpensLink"><![CDATA[

]]><xtc-step name="[0-1020]CareerBuilder_Search.DroidFeatureTests.JDPTests.ClickingALinkOpensLink-ClickingALinkOpensLink" id="[0-1020]CareerBuilder_Search.DroidFeatureTests.JDPTests.ClickingALinkOpensLink-ClickingALinkOpensLink"><![CDATA[
D/AndroidRuntime( 5080): 
D/AndroidRuntime( 5080): >>>>>> AndroidRuntime START com.android.internal.os.RuntimeInit <<<<<<
D/AndroidRuntime( 5080): CheckJNI is OFF
D/dalvikvm( 5080): Trying to load lib libjavacore.so 0x0
D/dalvikvm( 5080): Added shared lib libjavacore.so 0x0
D/dalvikvm( 5080): Trying to load lib libnativehelper.so 0x0
D/dalvikvm( 5080): Added shared lib libnativehelper.so 0x0
D/dalvikvm( 5080): No JNI_OnLoad found in libnativehelper.so 0x0, skipping init
D/dalvikvm( 5080): Note: class Landroid/app/ActivityManagerNative; has 179 unimplemented (abstract) methods
D/AndroidRuntime( 5080): Calling main entry com.android.commands.pm.Pm
D/AndroidRuntime( 5080): Shutting down VM
D/dalvikvm( 5080): GC_CONCURRENT freed 248K, 31% free 567K/820K, paused 1ms+0ms, total 4ms
D/AndroidRuntime( 5489): 
D/AndroidRuntime( 5489): >>>>>> AndroidRuntime START com.android.internal.os.RuntimeInit <<<<<<
D/AndroidRuntime( 5489): CheckJNI is OFF
D/dalvikvm( 5489): Trying to load lib libjavacore.so 0x0
D/dalvikvm( 5489): Added shared lib libjavacore.so 0x0
D/dalvikvm( 5489): Trying to load lib libnativehelper.so 0x0
D/dalvikvm( 5489): Added shared lib libnativehelper.so 0x0
D/dalvikvm( 5489): No JNI_OnLoad found in libnativehelper.so 0x0, skipping init
D/dalvikvm( 5489): Note: class Landroid/app/ActivityManagerNative; has 179 unimplemented (abstract) methods
D/AndroidRuntime( 5489): Calling main entry com.android.commands.am.Am
D/AndroidRuntime( 5489): Shutting down VM
I/AndroidRuntime( 5489): NOTE: attach of thread 'Binder_1' failed
D/dalvikvm( 5489): GC_CONCURRENT freed 92K, 15% free 553K/648K, paused 0ms+0ms, total 2ms
W/ActivityManager(  563): Invalid packageName: com.careerbuilder.SugarDrone
D/AndroidRuntime( 6098): 
D/AndroidRuntime( 6098): >>>>>> AndroidRuntime START com.android.internal.os.RuntimeInit <<<<<<
D/AndroidRuntime( 6098): CheckJNI is OFF
D/dalvikvm( 6098): Trying to load lib libjavacore.so 0x0
D/dalvikvm( 6098): Added shared lib libjavacore.so 0x0
D/dalvikvm( 6098): Trying to load lib libnativehelper.so 0x0
D/dalvikvm( 6098): Added shared lib libnativehelper.so 0x0
D/dalvikvm( 6098): No JNI_OnLoad found in libnativehelper.so 0x0, skipping init
D/dalvikvm( 6098): Note: class Landroid/app/ActivityManagerNative; has 179 unimplemented (abstract) methods
D/AndroidRuntime( 6098): Calling main entry com.android.commands.pm.Pm
W/ActivityManager(  563): No content provider found for permission revoke: file:///data/local/tmp/0000002305
W/ActivityManager(  563): No content provider found for permission revoke: file:///data/local/tmp/0000002305
I/PackageManager(  563): Copying native libraries to /data/app-lib/vmdl1265121484
D/dalvikvm(  563): GC_FOR_ALLOC freed 975K, 12% free 19748K/22320K, paused 59ms, total 59ms
D/dalvikvm(  563): GC_FOR_ALLOC freed 1063K, 10% free 20415K/22448K, paused 63ms, total 63ms
D/dalvikvm(  563): GC_CONCURRENT freed 2597K, 12% free 20667K/23308K, paused 2ms+5ms, total 73ms
D/dalvikvm(  563): WAIT_FOR_CONCURRENT_GC blocked 66ms
D/dalvikvm(  563): GC_CONCURRENT freed 2791K, 13% free 20689K/23632K, paused 3ms+5ms, total 75ms
D/dalvikvm(  563): WAIT_FOR_CONCURRENT_GC blocked 72ms
D/dalvikvm(  563): GC_CONCURRENT freed 2828K, 13% free 20715K/23656K, paused 3ms+6ms, total 74ms
D/dalvikvm(  563): WAIT_FOR_CONCURRENT_GC blocked 69ms
I/PackageManager(  563): Running dexopt on: com.careerbuilder.SugarDrone
W/dalvikvm( 6185): method Landroid/support/v7/widget/ListViewCompat;.lookForSelectablePosition incorrectly overrides package-private method with same name in Landroid/widget/ListView;
D/dalvikvm( 6185): DexOpt: couldn't find static field Landroid/os/Build;.SUPPORTED_ABIS
D/dalvikvm( 6185): DexOpt: load 287ms, verify+opt 1597ms, 3733380 bytes
I/ActivityManager(  563): Force stopping com.careerbuilder.SugarDrone appid=18387 user=-1: update pkg
W/PackageManager(  563): Not granting permission android.permission.MANAGE_DOCUMENTS to package com.careerbuilder.SugarDrone (protectionLevel=2 flags=0x8be46)
W/PackageManager(  563): Not granting permission android.permission.MOUNT_UNMOUNT_FILESYSTEMS to package com.careerbuilder.SugarDrone (protectionLevel=18 flags=0x8be46)
I/InputReader(  563): Reconfiguring input devices.  changes=0x00000010
D/dalvikvm(  810): GC_CONCURRENT freed 449K, 5% free 9240K/9720K, paused 4ms+1ms, total 31ms
I/ActivityManager(  563): Delay finish: com.android.musicfx/.Compatibility$Receiver
I/ActivityManager(  563): Resuming delayed broadcast
I/Icing.InternalIcingCorporaProvider( 1327): Updating corpora: A: com.careerbuilder.SugarDrone, C: MAYBE
D/BackupManagerService(  563): Received broadcast Intent { act=android.intent.action.PACKAGE_ADDED dat=package:com.careerbuilder.SugarDrone flg=0x4000010 (has extras) }
V/BackupManagerService(  563): addPackageParticipantsLocked: #1
D/dalvikvm(  563): GC_EXPLICIT freed 2859K, 13% free 20796K/23692K, paused 40ms+18ms, total 186ms
D/dalvikvm(  563): WAIT_FOR_CONCURRENT_GC blocked 70ms
D/dalvikvm(  563): WAIT_FOR_CONCURRENT_GC blocked 67ms
D/AndroidRuntime( 6098): Shutting down VM
D/dalvikvm(  563): WAIT_FOR_CONCURRENT_GC blocked 54ms
D/dalvikvm( 6098): GC_CONCURRENT freed 95K, 15% free 561K/660K, paused 1ms+0ms, total 3ms
I/ActivityManager(  563): Delay finish: com.google.android.apps.plus/.service.PackageAddedReceiver
W/IcingInternalCorpora(  998): getNumBytesRead when not calculated.
I/Icing   (  998): Usage reports 0 indexed 0 rejected 0 imm upload true
I/Icing.InternalIcingCorporaProvider( 1327): UpdateCorporaTask done [took 215 ms] updated apps [took 215 ms] 
I/ActivityManager(  563): Resuming delayed broadcast
D/Wear_Controller(  998): Received broadcast action=android.intent.action.PACKAGE_ADDED and uri=com.careerbuilder.SugarDrone
I/PeopleContactsSync(  998): triggerPendingContactsCleanup: no accounts
D/dalvikvm(  998): GC_CONCURRENT freed 974K, 13% free 12339K/14108K, paused 4ms+5ms, total 46ms
D/dalvikvm(  998): WAIT_FOR_CONCURRENT_GC blocked 13ms
I/Icing   (  998): Usage reports 0 indexed 0 rejected 0 imm upload false
I/Icing   (  998): Usage reports 0 indexed 0 rejected 0 imm upload false
D/AndroidRuntime( 6283): 
D/AndroidRuntime( 6283): >>>>>> AndroidRuntime START com.android.internal.os.RuntimeInit <<<<<<
D/AndroidRuntime( 6283): CheckJNI is OFF
D/dalvikvm( 6283): Trying to load lib libjavacore.so 0x0
D/dalvikvm( 6283): Added shared lib libjavacore.so 0x0
D/dalvikvm( 6283): Trying to load lib libnativehelper.so 0x0
D/dalvikvm( 6283): Added shared lib libnativehelper.so 0x0
D/dalvikvm( 6283): No JNI_OnLoad found in libnativehelper.so 0x0, skipping init
D/dalvikvm( 6283): Note: class Landroid/app/ActivityManagerNative; has 179 unimplemented (abstract) methods
D/AndroidRuntime( 6283): Calling main entry com.android.commands.settings.SettingsCmd
D/AndroidRuntime( 6283): Shutting down VM
D/dalvikvm( 6283): GC_CONCURRENT freed 96K, 15% free 562K/660K, paused 0ms+0ms, total 2ms
I/Icing   (  998): Indexing 5DEEA38537210BEE0F2C135EA4D174C2C8299805 from com.google.android.googlequicksearchbox
D/dalvikvm( 1327): GC_CONCURRENT freed 536K, 7% free 9483K/10120K, paused 2ms+1ms, total 16ms
I/Icing   (  998): Indexing done 5DEEA38537210BEE0F2C135EA4D174C2C8299805
I/Icing   (  998): Indexing A71B48A243897ACCCBB490823C9E3D3488B33FED from com.google.android.gms
D/dalvikvm(  998): GC_FOR_ALLOC freed 841K, 13% free 12305K/14108K, paused 36ms, total 36ms
D/AndroidRuntime( 6311): 
D/AndroidRuntime( 6311): >>>>>> AndroidRuntime START com.android.internal.os.RuntimeInit <<<<<<
D/AndroidRuntime( 6311): CheckJNI is OFF
D/dalvikvm( 6311): Trying to load lib libjavacore.so 0x0
D/dalvikvm( 6311): Added shared lib libjavacore.so 0x0
D/dalvikvm( 6311): Trying to load lib libnativehelper.so 0x0
D/dalvikvm( 6311): Added shared lib libnativehelper.so 0x0
D/dalvikvm( 6311): No JNI_OnLoad found in libnativehelper.so 0x0, skipping init
D/dalvikvm( 6311): Note: class Landroid/app/ActivityManagerNative; has 179 unimplemented (abstract) methods
D/dalvikvm(  998): GC_FOR_ALLOC freed 803K, 13% free 12289K/14108K, paused 33ms, total 33ms
D/dalvikvm(  998): GC_FOR_ALLOC freed 654K, 13% free 12287K/14108K, paused 35ms, total 35ms
I/Icing   (  998): Indexing done A71B48A243897ACCCBB490823C9E3D3488B33FED
D/AndroidRuntime( 6311): Calling main entry com.android.commands.settings.SettingsCmd
D/AndroidRuntime( 6311): Shutting down VM
D/dalvikvm( 6311): GC_CONCURRENT freed 96K, 15% free 562K/660K, paused 1ms+0ms, total 3ms
D/AndroidRuntime( 6338): 
D/AndroidRuntime( 6338): >>>>>> AndroidRuntime START com.android.internal.os.RuntimeInit <<<<<<
D/AndroidRuntime( 6338): CheckJNI is OFF
D/dalvikvm( 6338): Trying to load lib libjavacore.so 0x0
D/dalvikvm( 6338): Added shared lib libjavacore.so 0x0
D/dalvikvm( 6338): Trying to load lib libnativehelper.so 0x0
D/dalvikvm( 6338): Added shared lib libnativehelper.so 0x0
D/dalvikvm( 6338): No JNI_OnLoad found in libnativehelper.so 0x0, skipping init
D/dalvikvm( 6338): Note: class Landroid/app/ActivityManagerNative; has 179 unimplemented (abstract) methods
D/AndroidRuntime( 6338): Calling main entry com.android.commands.settings.SettingsCmd
D/AndroidRuntime( 6338): Shutting down VM
D/dalvikvm( 6338): GC_CONCURRENT freed 96K, 16% free 562K/664K, paused 0ms+0ms, total 2ms
D/AndroidRuntime( 6366): 
D/AndroidRuntime( 6366): >>>>>> AndroidRuntime START com.android.internal.os.RuntimeInit <<<<<<
D/AndroidRuntime( 6366): CheckJNI is OFF
D/dalvikvm( 6366): Trying to load lib libjavacore.so 0x0
D/dalvikvm( 6366): Added shared lib libjavacore.so 0x0
D/dalvikvm( 6366): Trying to load lib libnativehelper.so 0x0
D/dalvikvm( 6366): Added shared lib libnativehelper.so 0x0
D/dalvikvm( 6366): No JNI_OnLoad found in libnativehelper.so 0x0, skipping init
D/dalvikvm( 6366): Note: class Landroid/app/ActivityManagerNative; has 179 unimplemented (abstract) methods
D/AndroidRuntime( 6366): Calling main entry com.android.commands.settings.SettingsCmd
D/AndroidRuntime( 6366): Shutting down VM
D/dalvikvm( 6366): GC_CONCURRENT freed 96K, 15% free 562K/660K, paused 0ms+1ms, total 3ms
D/AndroidRuntime( 6400): 
D/AndroidRuntime( 6400): >>>>>> AndroidRuntime START com.android.internal.os.RuntimeInit <<<<<<
D/AndroidRuntime( 6400): CheckJNI is OFF
D/dalvikvm( 6400): Trying to load lib libjavacore.so 0x0
D/dalvikvm( 6400): Added shared lib libjavacore.so 0x0
D/dalvikvm( 6400): Trying to load lib libnativehelper.so 0x0
D/dalvikvm( 6400): Added shared lib libnativehelper.so 0x0
D/dalvikvm( 6400): No JNI_OnLoad found in libnativehelper.so 0x0, skipping init
D/dalvikvm( 6400): Note: class Landroid/app/ActivityManagerNative; has 179 unimplemented (abstract) methods
D/AndroidRuntime( 6400): Calling main entry com.android.commands.settings.SettingsCmd
D/AndroidRuntime( 6400): Shutting down VM
D/dalvikvm( 6400): GC_CONCURRENT freed 96K, 15% free 562K/660K, paused 0ms+0ms, total 2ms
D/AndroidRuntime( 6433): 
D/AndroidRuntime( 6433): >>>>>> AndroidRuntime START com.android.internal.os.RuntimeInit <<<<<<
D/AndroidRuntime( 6433): CheckJNI is OFF
D/dalvikvm( 6433): Trying to load lib libjavacore.so 0x0
D/dalvikvm( 6433): Added shared lib libjavacore.so 0x0
D/dalvikvm( 6433): Trying to load lib libnativehelper.so 0x0
D/dalvikvm( 6433): Added shared lib libnativehelper.so 0x0
D/dalvikvm( 6433): No JNI_OnLoad found in libnativehelper.so 0x0, skipping init
D/dalvikvm( 6433): Note: class Landroid/app/ActivityManagerNative; has 179 unimplemented (abstract) methods
D/AndroidRuntime( 6433): Calling main entry com.android.commands.settings.SettingsCmd
D/AndroidRuntime( 6433): Shutting down VM
D/dalvikvm( 6433): GC_CONCURRENT freed 96K, 15% free 562K/660K, paused 0ms+0ms, total 2ms
D/AndroidRuntime( 6465): 
D/AndroidRuntime( 6465): >>>>>> AndroidRuntime START com.android.internal.os.RuntimeInit <<<<<<
D/AndroidRuntime( 6465): CheckJNI is OFF
D/dalvikvm( 6465): Trying to load lib libjavacore.so 0x0
D/dalvikvm( 6465): Added shared lib libjavacore.so 0x0
D/dalvikvm( 6465): Trying to load lib libnativehelper.so 0x0
D/dalvikvm( 6465): Added shared lib libnativehelper.so 0x0
D/dalvikvm( 6465): No JNI_OnLoad found in libnativehelper.so 0x0, skipping init
D/dalvikvm( 6465): Note: class Landroid/app/ActivityManagerNative; has 179 unimplemented (abstract) methods
D/AndroidRuntime( 6465): Calling main entry com.android.commands.pm.Pm
D/AndroidRuntime( 6465): Shutting down VM
D/dalvikvm( 6465): GC_CONCURRENT freed 249K, 31% free 567K/820K, paused 1ms+1ms, total 3ms
D/dalvikvm(  563): GC_CONCURRENT freed 4233K, 18% free 19525K/23768K, paused 2ms+6ms, total 109ms
D/AndroidRuntime( 6548): 
D/AndroidRuntime( 6548): >>>>>> AndroidRuntime START com.android.internal.os.RuntimeInit <<<<<<
D/AndroidRuntime( 6548): CheckJNI is OFF
D/dalvikvm( 6548): Trying to load lib libjavacore.so 0x0
D/dalvikvm( 6548): Added shared lib libjavacore.so 0x0
D/dalvikvm( 6548): Trying to load lib libnativehelper.so 0x0
D/dalvikvm( 6548): Added shared lib libnativehelper.so 0x0
D/dalvikvm( 6548): No JNI_OnLoad found in libnativehelper.so 0x0, skipping init
D/dalvikvm( 6548): Note: class Landroid/app/ActivityManagerNative; has 179 unimplemented (abstract) methods
D/AndroidRuntime( 6548): Calling main entry com.android.commands.pm.Pm
D/AndroidRuntime( 6548): Shutting down VM
D/dalvikvm( 6548): GC_CONCURRENT freed 249K, 31% free 567K/820K, paused 1ms+0ms, total 3ms
D/AndroidRuntime( 6650): 
D/AndroidRuntime( 6650): >>>>>> AndroidRuntime START com.android.internal.os.RuntimeInit <<<<<<
D/AndroidRuntime( 6650): CheckJNI is OFF
D/dalvikvm( 6650): Trying to load lib libjavacore.so 0x0
D/dalvikvm( 6650): Added shared lib libjavacore.so 0x0
D/dalvikvm( 6650): Trying to load lib libnativehelper.so 0x0
D/dalvikvm( 6650): Added shared lib libnativehelper.so 0x0
D/dalvikvm( 6650): No JNI_OnLoad found in libnativehelper.so 0x0, skipping init
D/dalvikvm( 6650): Note: class Landroid/app/ActivityManagerNative; has 179 unimplemented (abstract) methods
D/AndroidRuntime( 6650): Calling main entry com.android.commands.am.Am
D/AndroidRuntime( 6650): Shutting down VM
W/ActivityManager(  563): Invalid packageName: com.careerbuilder.SugarDrone.test
D/dalvikvm( 6650): GC_CONCURRENT freed 92K, 15% free 553K/648K, paused 1ms+1ms, total 3ms
I/AndroidRuntime( 6650): NOTE: attach of thread 'Binder_1' failed
D/AndroidRuntime( 6682): 
D/AndroidRuntime( 6682): >>>>>> AndroidRuntime START com.android.internal.os.RuntimeInit <<<<<<
D/AndroidRuntime( 6682): CheckJNI is OFF
D/dalvikvm( 6682): Trying to load lib libjavacore.so 0x0
D/dalvikvm( 6682): Added shared lib libjavacore.so 0x0
D/dalvikvm( 6682): Trying to load lib libnativehelper.so 0x0
D/dalvikvm( 6682): Added shared lib libnativehelper.so 0x0
D/dalvikvm( 6682): No JNI_OnLoad found in libnativehelper.so 0x0, skipping init
D/dalvikvm( 6682): Note: class Landroid/app/ActivityManagerNative; has 179 unimplemented (abstract) methods
D/AndroidRuntime( 6682): Calling main entry com.android.commands.pm.Pm
W/ActivityManager(  563): No content provider found for permission revoke: file:///data/local/tmp/0000002306
W/ActivityManager(  563): No content provider found for permission revoke: file:///data/local/tmp/0000002306
I/PackageManager(  563): Copying native libraries to /data/app-lib/vmdl-986711390
I/PackageManager(  563): Running dexopt on: com.careerbuilder.SugarDrone.test
D/dalvikvm( 6710): DexOpt: load 69ms, verify+opt 525ms, 1565836 bytes
I/ActivityManager(  563): Force stopping com.careerbuilder.SugarDrone.test appid=18388 user=-1: update pkg
I/InputReader(  563): Reconfiguring input devices.  changes=0x00000010
I/ActivityManager(  563): Delay finish: com.google.android.apps.plus/.service.PackagesMediaMonitor
I/Icing.InternalIcingCorporaProvider( 1327): Updating corpora: A: com.careerbuilder.SugarDrone.test, C: MAYBE
I/ActivityManager(  563): Resuming delayed broadcast
D/BackupManagerService(  563): Received broadcast Intent { act=android.intent.action.PACKAGE_ADDED dat=package:com.careerbuilder.SugarDrone.test flg=0x4000010 (has extras) }
V/BackupManagerService(  563): addPackageParticipantsLocked: #1
D/dalvikvm( 1941): GC_FOR_ALLOC freed 252K, 3% free 18101K/18656K, paused 27ms, total 27ms
I/Icing.InternalIcingCorporaProvider( 1327): UpdateCorporaTask done [took 62 ms] updated apps [took 62 ms] 
I/PeopleContactsSync(  998): triggerPendingContactsCleanup: no accounts
D/Wear_Controller(  998): Received broadcast action=android.intent.action.PACKAGE_ADDED and uri=com.careerbuilder.SugarDrone.test
D/dalvikvm(  563): GC_EXPLICIT freed 1104K, 18% free 19603K/23768K, paused 9ms+8ms, total 234ms
D/AndroidRuntime( 6682): Shutting down VM
D/dalvikvm( 6682): GC_CONCURRENT freed 95K, 15% free 561K/660K, paused 0ms+0ms, total 3ms
D/dalvikvm(  998): GC_FOR_ALLOC freed 872K, 13% free 12318K/14108K, paused 40ms, total 45ms
W/IcingInternalCorpora(  998): getNumBytesRead when not calculated.
I/Icing   (  998): Usage reports 0 indexed 0 rejected 0 imm upload false
I/Icing   (  998): Usage reports 0 indexed 0 rejected 0 imm upload false
D/AndroidRuntime( 6770): 
D/AndroidRuntime( 6770): >>>>>> AndroidRuntime START com.android.internal.os.RuntimeInit <<<<<<
D/AndroidRuntime( 6770): CheckJNI is OFF
D/dalvikvm( 6770): Trying to load lib libjavacore.so 0x0
D/dalvikvm( 6770): Added shared lib libjavacore.so 0x0
D/dalvikvm( 6770): Trying to load lib libnativehelper.so 0x0
D/dalvikvm( 6770): Added shared lib libnativehelper.so 0x0
D/dalvikvm( 6770): No JNI_OnLoad found in libnativehelper.so 0x0, skipping init
D/dalvikvm( 6770): Note: class Landroid/app/ActivityManagerNative; has 179 unimplemented (abstract) methods
D/AndroidRuntime( 6770): Calling main entry com.android.commands.settings.SettingsCmd
D/AndroidRuntime( 6770): Shutting down VM
D/dalvikvm( 6770): GC_CONCURRENT freed 96K, 16% free 562K/664K, paused 0ms+0ms, total 2ms
I/Icing   (  998): Indexing A71B48A243897ACCCBB490823C9E3D3488B33FED from com.google.android.gms
D/dalvikvm(  998): GC_FOR_ALLOC freed 806K, 13% free 12298K/14108K, paused 43ms, total 44ms
I/Icing   (  998): Indexing done A71B48A243897ACCCBB490823C9E3D3488B33FED
D/AndroidRuntime( 6806): 
D/AndroidRuntime( 6806): >>>>>> AndroidRuntime START com.android.internal.os.RuntimeInit <<<<<<
D/AndroidRuntime( 6806): CheckJNI is OFF
D/dalvikvm( 6806): Trying to load lib libjavacore.so 0x0
D/dalvikvm( 6806): Added shared lib libjavacore.so 0x0
D/dalvikvm( 6806): Trying to load lib libnativehelper.so 0x0
D/dalvikvm( 6806): Added shared lib libnativehelper.so 0x0
D/dalvikvm( 6806): No JNI_OnLoad found in libnativehelper.so 0x0, skipping init
D/dalvikvm( 6806): Note: class Landroid/app/ActivityManagerNative; has 179 unimplemented (abstract) methods
D/AndroidRuntime( 6806): Calling main entry com.android.commands.settings.SettingsCmd
D/AndroidRuntime( 6806): Shutting down VM
D/dalvikvm( 6806): GC_CONCURRENT freed 96K, 15% free 562K/660K, paused 0ms+0ms, total 2ms
D/AndroidRuntime( 6837): 
D/AndroidRuntime( 6837): >>>>>> AndroidRuntime START com.android.internal.os.RuntimeInit <<<<<<
D/AndroidRuntime( 6837): CheckJNI is OFF
D/dalvikvm( 6837): Trying to load lib libjavacore.so 0x0
D/dalvikvm( 6837): Added shared lib libjavacore.so 0x0
D/dalvikvm( 6837): Trying to load lib libnativehelper.so 0x0
D/dalvikvm( 6837): Added shared lib libnativehelper.so 0x0
D/dalvikvm( 6837): No JNI_OnLoad found in libnativehelper.so 0x0, skipping init
D/dalvikvm( 6837): Note: class Landroid/app/ActivityManagerNative; has 179 unimplemented (abstract) methods
D/AndroidRuntime( 6837): Calling main entry com.android.commands.settings.SettingsCmd
D/AndroidRuntime( 6837): Shutting down VM
D/dalvikvm( 6837): GC_CONCURRENT freed 96K, 15% free 562K/660K, paused 1ms+0ms, total 3ms
D/AndroidRuntime( 6865): 
D/AndroidRuntime( 6865): >>>>>> AndroidRuntime START com.android.internal.os.RuntimeInit <<<<<<
D/AndroidRuntime( 6865): CheckJNI is OFF
D/dalvikvm( 6865): Trying to load lib libjavacore.so 0x0
D/dalvikvm( 6865): Added shared lib libjavacore.so 0x0
D/dalvikvm( 6865): Trying to load lib libnativehelper.so 0x0
D/dalvikvm( 6865): Added shared lib libnativehelper.so 0x0
D/dalvikvm( 6865): No JNI_OnLoad found in libnativehelper.so 0x0, skipping init
D/dalvikvm( 6865): Note: class Landroid/app/ActivityManagerNative; has 179 unimplemented (abstract) methods
D/AndroidRuntime( 6865): Calling main entry com.android.commands.settings.SettingsCmd
D/AndroidRuntime( 6865): Shutting down VM
D/dalvikvm( 6865): GC_CONCURRENT freed 96K, 15% free 562K/660K, paused 0ms+0ms, total 2ms
D/AndroidRuntime( 6901): 
D/AndroidRuntime( 6901): >>>>>> AndroidRuntime START com.android.internal.os.RuntimeInit <<<<<<
D/AndroidRuntime( 6901): CheckJNI is OFF
D/dalvikvm( 6901): Trying to load lib libjavacore.so 0x0
D/dalvikvm( 6901): Added shared lib libjavacore.so 0x0
D/dalvikvm( 6901): Trying to load lib libnativehelper.so 0x0
D/dalvikvm( 6901): Added shared lib libnativehelper.so 0x0
D/dalvikvm( 6901): No JNI_OnLoad found in libnativehelper.so 0x0, skipping init
D/dalvikvm( 6901): Note: class Landroid/app/ActivityManagerNative; has 179 unimplemented (abstract) methods
D/AndroidRuntime( 6901): Calling main entry com.android.commands.settings.SettingsCmd
D/AndroidRuntime( 6901): Shutting down VM
D/dalvikvm( 6901): GC_CONCURRENT freed 96K, 15% free 562K/660K, paused 0ms+1ms, total 3ms
D/AndroidRuntime( 6933): 
D/AndroidRuntime( 6933): >>>>>> AndroidRuntime START com.android.internal.os.RuntimeInit <<<<<<
D/AndroidRuntime( 6933): CheckJNI is OFF
D/dalvikvm( 6933): Trying to load lib libjavacore.so 0x0
D/dalvikvm( 6933): Added shared lib libjavacore.so 0x0
D/dalvikvm( 6933): Trying to load lib libnativehelper.so 0x0
D/dalvikvm( 6933): Added shared lib libnativehelper.so 0x0
D/dalvikvm( 6933): No JNI_OnLoad found in libnativehelper.so 0x0, skipping init
D/dalvikvm( 6933): Note: class Landroid/app/ActivityManagerNative; has 179 unimplemented (abstract) methods
D/AndroidRuntime( 6933): Calling main entry com.android.commands.settings.SettingsCmd
D/AndroidRuntime( 6933): Shutting down VM
D/dalvikvm( 6933): GC_CONCURRENT freed 96K, 15% free 562K/660K, paused 1ms+0ms, total 3ms
D/AndroidRuntime( 6965): 
D/AndroidRuntime( 6965): >>>>>> AndroidRuntime START com.android.internal.os.RuntimeInit <<<<<<
D/AndroidRuntime( 6965): CheckJNI is OFF
D/dalvikvm( 6965): Trying to load lib libjavacore.so 0x0
D/dalvikvm( 6965): Added shared lib libjavacore.so 0x0
D/dalvikvm( 6965): Trying to load lib libnativehelper.so 0x0
D/dalvikvm( 6965): Added shared lib libnativehelper.so 0x0
D/dalvikvm( 6965): No JNI_OnLoad found in libnativehelper.so 0x0, skipping init
D/dalvikvm( 6965): Note: class Landroid/app/ActivityManagerNative; has 179 unimplemented (abstract) methods
D/AndroidRuntime( 6965): Calling main entry com.android.commands.pm.Pm
D/AndroidRuntime( 6965): Shutting down VM
D/dalvikvm( 6965): GC_CONCURRENT freed 251K, 31% free 567K/820K, paused 0ms+0ms, total 3ms
D/dalvikvm(  563): GC_CONCURRENT freed 2745K, 18% free 19518K/23768K, paused 2ms+8ms, total 87ms
D/dalvikvm(  563): WAIT_FOR_CONCURRENT_GC blocked 11ms
D/AndroidRuntime( 7046): 
D/AndroidRuntime( 7046): >>>>>> AndroidRuntime START com.android.internal.os.RuntimeInit <<<<<<
D/AndroidRuntime( 7046): CheckJNI is OFF
D/dalvikvm( 7046): Trying to load lib libjavacore.so 0x0
D/dalvikvm( 7046): Added shared lib libjavacore.so 0x0
D/dalvikvm( 7046): Trying to load lib libnativehelper.so 0x0
D/dalvikvm( 7046): Added shared lib libnativehelper.so 0x0
D/dalvikvm( 7046): No JNI_OnLoad found in libnativehelper.so 0x0, skipping init
D/dalvikvm( 7046): Note: class Landroid/app/ActivityManagerNative; has 179 unimplemented (abstract) methods
D/AndroidRuntime( 7046): Calling main entry com.android.commands.pm.Pm
D/AndroidRuntime( 7046): Shutting down VM
D/dalvikvm( 7046): GC_CONCURRENT freed 251K, 31% free 567K/820K, paused 0ms+0ms, total 3ms
D/AndroidRuntime( 7138): 
D/AndroidRuntime( 7138): >>>>>> AndroidRuntime START com.android.internal.os.RuntimeInit <<<<<<
D/AndroidRuntime( 7138): CheckJNI is OFF
D/dalvikvm( 7138): Trying to load lib libjavacore.so 0x0
D/dalvikvm( 7138): Added shared lib libjavacore.so 0x0
D/dalvikvm( 7138): Trying to load lib libnativehelper.so 0x0
D/dalvikvm( 7138): Added shared lib libnativehelper.so 0x0
D/dalvikvm( 7138): No JNI_OnLoad found in libnativehelper.so 0x0, skipping init
D/dalvikvm( 7138): Note: class Landroid/app/ActivityManagerNative; has 179 unimplemented (abstract) methods
D/AndroidRuntime( 7138): Calling main entry com.android.commands.input.Input
I/Input   ( 7138): injectKeyEvent: KeyEvent { action=ACTION_DOWN, keyCode=KEYCODE_BACK, scanCode=0, metaState=0, flags=0x0, repeatCount=0, eventTime=283269, downTime=283269, deviceId=-1, source=0x101 }
I/Input   ( 7138): injectKeyEvent: KeyEvent { action=ACTION_UP, keyCode=KEYCODE_BACK, scanCode=0, metaState=0, flags=0x0, repeatCount=0, eventTime=283269, downTime=283269, deviceId=-1, source=0x101 }
D/AndroidRuntime( 7138): Shutting down VM
D/dalvikvm( 7138): GC_CONCURRENT freed 98K, 16% free 563K/664K, paused 1ms+0ms, total 3ms
D/AndroidRuntime( 7209): 
D/AndroidRuntime( 7209): >>>>>> AndroidRuntime START com.android.internal.os.RuntimeInit <<<<<<
D/AndroidRuntime( 7209): CheckJNI is OFF
D/dalvikvm( 7209): Trying to load lib libjavacore.so 0x0
D/dalvikvm( 7209): Added shared lib libjavacore.so 0x0
D/dalvikvm( 7209): Trying to load lib libnativehelper.so 0x0
D/dalvikvm( 7209): Added shared lib libnativehelper.so 0x0
D/dalvikvm( 7209): No JNI_OnLoad found in libnativehelper.so 0x0, skipping init
D/dalvikvm( 7209): Note: class Landroid/app/ActivityManagerNative; has 179 unimplemented (abstract) methods
D/AndroidRuntime( 7209): Calling main entry com.android.commands.input.Input
I/Input   ( 7209): injectKeyEvent: KeyEvent { action=ACTION_DOWN, keyCode=KEYCODE_HOME, scanCode=0, metaState=0, flags=0x0, repeatCount=0, eventTime=285085, downTime=285085, deviceId=-1, source=0x101 }
I/Input   ( 7209): injectKeyEvent: KeyEvent { action=ACTION_UP, keyCode=KEYCODE_HOME, scanCode=0, metaState=0, flags=0x0, repeatCount=0, eventTime=285085, downTime=285085, deviceId=-1, source=0x101 }
I/ActivityManager(  563): START u0 {act=android.intent.action.MAIN cat=[android.intent.category.HOME] flg=0x10200000 cmp=com.android.launcher/com.android.launcher2.Launcher} from pid 563
D/AndroidRuntime( 7209): Shutting down VM
D/dalvikvm( 7209): GC_CONCURRENT freed 98K, 16% free 563K/664K, paused 0ms+0ms, total 2ms
D/dalvikvm( 1295): GC_CONCURRENT freed 437K, 5% free 9574K/10048K, paused 6ms+2ms, total 26ms
D/Finsky  ( 1295): [1] 5.onFinished: Installation state replication succeeded.
D/AndroidRuntime( 7250): 
D/AndroidRuntime( 7250): >>>>>> AndroidRuntime START com.android.internal.os.RuntimeInit <<<<<<
D/AndroidRuntime( 7250): CheckJNI is OFF
D/dalvikvm( 7250): Trying to load lib libjavacore.so 0x0
D/dalvikvm( 7250): Added shared lib libjavacore.so 0x0
D/dalvikvm( 7250): Trying to load lib libnativehelper.so 0x0
D/dalvikvm( 7250): Added shared lib libnativehelper.so 0x0
D/dalvikvm( 7250): No JNI_OnLoad found in libnativehelper.so 0x0, skipping init
D/dalvikvm( 7250): Note: class Landroid/app/ActivityManagerNative; has 179 unimplemented (abstract) methods
D/AndroidRuntime( 7250): Calling main entry com.android.commands.input.Input
I/Input   ( 7250): injectKeyEvent: KeyEvent { action=ACTION_DOWN, keyCode=KEYCODE_BACK, scanCode=0, metaState=0, flags=0x0, repeatCount=0, eventTime=286425, downTime=286425, deviceId=-1, source=0x101 }
I/Input   ( 7250): injectKeyEvent: KeyEvent { action=ACTION_UP, keyCode=KEYCODE_BACK, scanCode=0, metaState=0, flags=0x0, repeatCount=0, eventTime=286425, downTime=286425, deviceId=-1, source=0x101 }
D/AndroidRuntime( 7250): Shutting down VM
D/dalvikvm( 7250): GC_CONCURRENT freed 98K, 16% free 563K/664K, paused 0ms+0ms, total 2ms
D/AndroidRuntime( 7303): 
D/AndroidRuntime( 7303): >>>>>> AndroidRuntime START com.android.internal.os.RuntimeInit <<<<<<
D/AndroidRuntime( 7303): CheckJNI is OFF
D/dalvikvm( 7303): Trying to load lib libjavacore.so 0x0
D/dalvikvm( 7303): Added shared lib libjavacore.so 0x0
D/dalvikvm( 7303): Trying to load lib libnativehelper.so 0x0
D/dalvikvm( 7303): Added shared lib libnativehelper.so 0x0
D/dalvikvm( 7303): No JNI_OnLoad found in libnativehelper.so 0x0, skipping init
D/dalvikvm( 7303): Note: class Landroid/app/ActivityManagerNative; has 179 unimplemented (abstract) methods
D/AndroidRuntime( 7303): Calling main entry com.android.commands.am.Am
I/ActivityManager(  563): Force stopping com.careerbuilder.SugarDrone appid=18387 user=0: start instr
D/dalvikvm( 7324): Late-enabling CheckJNI
I/ActivityManager(  563): Start proc com.careerbuilder.SugarDrone for added application com.careerbuilder.SugarDrone: pid=7324 uid=18387 gids={58387, 3003, 1028, 1015}
I/dalvikvm( 7324): Could not find method android.app.Instrumentation.execStartActivity, referenced from method sh.calaba.exposed.InstrumentationExposed.execStartActivity
W/dalvikvm( 7324): VFY: unable to resolve virtual method 38: Landroid/app/Instrumentation;.execStartActivity (Landroid/content/Context;Landroid/os/IBinder;Landroid/os/IBinder;Landroid/app/Activity;Landroid/content/Intent;I)Landroid/app/Instrumentation$ActivityResult;
D/dalvikvm( 7324): VFY: replacing opcode 0x75 at 0x0000
I/dalvikvm( 7324): Could not find method android.app.Instrumentation.execStartActivity, referenced from method sh.calaba.exposed.InstrumentationExposed.execStartActivity
W/dalvikvm( 7324): VFY: unable to resolve virtual method 41: Landroid/app/Instrumentation;.execStartActivity (Landroid/content/Context;Landroid/os/IBinder;Landroid/os/IBinder;Landroid/app/Fragment;Landroid/content/Intent;I)Landroid/app/Instrumentation$ActivityResult;
D/dalvikvm( 7324): VFY: replacing opcode 0x75 at 0x0000
I/dalvikvm( 7324): Could not find method android.app.Instrumentation.execStartActivityAsCaller, referenced from method sh.calaba.exposed.InstrumentationExposed.execStartActivityAsCaller
W/dalvikvm( 7324): VFY: unable to resolve virtual method 43: Landroid/app/Instrumentation;.execStartActivityAsCaller (Landroid/content/Context;Landroid/os/IBinder;Landroid/os/IBinder;Landroid/app/Activity;Landroid/content/Intent;ILandroid/os/Bundle;I)Landroid/app/Instrumentation$ActivityResult;
D/dalvikvm( 7324): VFY: replacing opcode 0x75 at 0x0000
D/dalvikvm( 7324): Trying to load lib /data/app-lib/com.careerbuilder.SugarDrone-1/libmonodroid.so 0x421acc38
D/dalvikvm( 7324): Added shared lib /data/app-lib/com.careerbuilder.SugarDrone-1/libmonodroid.so 0x421acc38
W/monodroid( 7324): Using override path: /data/data/com.careerbuilder.SugarDrone/files/.__override__
W/monodroid( 7324): Trying to load sgen from: /data/data/com.careerbuilder.SugarDrone/files/.__override__/libmonosgen-2.0.so
W/monodroid( 7324): Trying to load sgen from: /storage/emulated/0/Android/data/com.careerbuilder.SugarDrone/files/.__override__/libmonosgen-2.0.so
W/monodroid( 7324): Trying to load sgen from: /data/app-lib/com.careerbuilder.SugarDrone-1/libmonosgen-2.0.so
D/Mono    ( 7324): Image addref mscorlib[0x75812610] -> mscorlib.dll[0x75811d38]: 2
D/Mono    ( 7324): Prepared to set up assembly 'mscorlib' (mscorlib.dll)
D/Mono    ( 7324): AOT module 'mscorlib.dll.so' not found: dlopen failed: library "/data/app-lib/com.careerbuilder.SugarDrone-1/libaot-mscorlib.dll.so" not found
D/Mono    ( 7324): AOT module '/Users/builder/data/lanes/4009/f3074d2c/source/monodroid/builds/install/mono-armv6/lib/mono/aot-cache/arm/mscorlib.dll.so' not found: dlopen failed: library "/data/app-lib/com.careerbuilder.SugarDrone-1/libaot-mscorlib.dll.so" not found
D/Mono    ( 7324): Config attempting to parse: 'mscorlib.dll.config'.
D/Mono    ( 7324): Config attempting to parse: '/Users/builder/data/lanes/4009/f3074d2c/source/monodroid/builds/install/mono-armv6/etc/mono/assemblies/mscorlib/mscorlib.config'.
D/Mono    ( 7324): Assembly mscorlib[0x75812610] added to domain RootDomain, ref_count=1
D/Mono    ( 7324): Image addref CareerBuilder_Search.Droid[0x7a35b620] -> CareerBuilder_Search.Droid.dll[0x7a2c7958]: 2
D/Mono    ( 7324): Prepared to set up assembly 'CareerBuilder_Search.Droid' (CareerBuilder_Search.Droid.dll)
D/Mono    ( 7324): Assembly CareerBuilder_Search.Droid[0x7a35b620] added to domain RootDomain, ref_count=1
D/Mono    ( 7324): AOT module 'CareerBuilder_Search.Droid.dll.so' not found: dlopen failed: library "/data/app-lib/com.careerbuilder.SugarDrone-1/libaot-CareerBuilder_Search.Droid.dll.so" not found
D/Mono    ( 7324): AOT module '/Users/builder/data/lanes/4009/f3074d2c/source/monodroid/builds/install/mono-armv6/lib/mono/aot-cache/arm/CareerBuilder_Search.Droid.dll.so' not found: dlopen failed: library "/data/app-lib/com.careerbuilder.SugarDrone-1/libaot-CareerBuilder_Search.Droid.dll.so" not found
D/Mono    ( 7324): Config attempting to parse: 'CareerBuilder_Search.Droid.dll.config'.
D/Mono    ( 7324): Config attempting to parse: '/Users/builder/data/lanes/4009/f3074d2c/source/monodroid/builds/install/mono-armv6/etc/mono/assemblies/CareerBuilder_Search.Droid/CareerBuilder_Search.Droid.config'.
D/Mono    ( 7324): Image addref AppsFlyerXamarinBindingAndroid[0x7a3734b0] -> AppsFlyerXamarinBindingAndroid.dll[0x7a35b838]: 2
D/Mono    ( 7324): Prepared to set up assembly 'AppsFlyerXamarinBindingAndroid' (AppsFlyerXamarinBindingAndroid.dll)
D/Mono    ( 7324): Assembly AppsFlyerXamarinBindingAndroid[0x7a3734b0] added to domain RootDomain, ref_count=1
D/Mono    ( 7324): AOT module 'AppsFlyerXamarinBindingAndroid.dll.so' not found: dlopen failed: library "/data/app-lib/com.careerbuilder.SugarDrone-1/libaot-AppsFlyerXamarinBindingAndroid.dll.so" not found
D/Mono    ( 7324): AOT module '/Users/builder/data/lanes/4009/f3074d2c/source/monodroid/builds/install/mono-armv6/lib/mono/aot-cache/arm/AppsFlyerXamarinBindingAndroid.dll.so' not found: dlopen failed: library "/data/app-lib/com.careerbuilder.SugarDrone-1/libaot-AppsFlyerXamarinBindingAndroid.dll.so" not found
D/Mono    ( 7324): Config attempting to parse: 'AppsFlyerXamarinBindingAndroid.dll.config'.
D/Mono    ( 7324): Config attempting to parse: '/Users/builder/data/lanes/4009/f3074d2c/source/monodroid/builds/install/mono-armv6/etc/mono/assemblies/AppsFlyerXamarinBindingAndroid/AppsFlyerXamarinBindingAndroid.config'.
D/Mono    ( 7324): Image addref HockeySDK[0x7a3741d0] -> HockeySDK.dll[0x7a3735b0]: 2
D/Mono    ( 7324): Prepared to set up assembly 'HockeySDK' (HockeySDK.dll)
D/Mono    ( 7324): Assembly HockeySDK[0x7a3741d0] added to domain RootDomain, ref_count=1
D/Mono    ( 7324): AOT module 'HockeySDK.dll.so' not found: dlopen failed: library "/data/app-lib/com.careerbuilder.SugarDrone-1/libaot-HockeySDK.dll.so" not found
D/Mono    ( 7324): AOT module '/Users/builder/data/lanes/4009/f3074d2c/source/monodroid/builds/install/mono-armv6/lib/mono/aot-cache/arm/HockeySDK.dll.so' not found: dlopen failed: library "/data/app-lib/com.careerbuilder.SugarDrone-1/libaot-HockeySDK.dll.so" not found
D/Mono    ( 7324): Config attempting to parse: 'HockeySDK.dll.config'.
D/Mono    ( 7324): Config attempting to parse: '/Users/builder/data/lanes/4009/f3074d2c/source/monodroid/builds/install/mono-armv6/etc/mono/assemblies/HockeySDK/HockeySDK.config'.
D/Mono    ( 7324): Image addref Akavache[0x7a374f48] -> Akavache.dll[0x7a3742b8]: 2
D/Mono    ( 7324): Prepared to set up assembly 'Akavache' (Akavache.dll)
D/Mono    ( 7324): Assembly Akavache[0x7a374f48] added to domain RootDomain, ref_count=1
D/Mono    ( 7324): AOT module 'Akavache.dll.so' not found: dlopen failed: library "/data/app-lib/com.careerbuilder.SugarDrone-1/libaot-Akavache.dll.so" not found
D/Mono    ( 7324): AOT module '/Users/builder/data/lanes/4009/f3074d2c/source/monodroid/builds/install/mono-armv6/lib/mono/aot-cache/arm/Akavache.dll.so' not found: dlopen failed: library "/data/app-lib/com.careerbuilder.SugarDrone-1/libaot-Akavache.dll.so" not found
D/Mono    ( 7324): Config attempting to parse: 'Akavache.dll.config'.
D/Mono    ( 7324): Config attempting to parse: '/Users/builder/data/lanes/4009/f3074d2c/source/monodroid/builds/install/mono-armv6/etc/mono/assemblies/Akavache/Akavache.config'.
D/Mono    ( 7324): Image addref Akavache.Sqlite3[0x7a375cb8] -> Akavache.Sqlite3.dll[0x7a375068]: 2
D/Mono    ( 7324): Prepared to set up assembly 'Akavache.Sqlite3' (Akavache.Sqlite3.dll)
D/Mono    ( 7324): Assembly Akavache.Sqlite3[0x7a375cb8] added to domain RootDomain, ref_count=1
D/Mono    ( 7324): AOT module 'Akavache.Sqlite3.dll.so' not found: dlopen failed: library "/data/app-lib/com.careerbuilder.SugarDrone-1/libaot-Akavache.Sqlite3.dll.so" not found
D/Mono    ( 7324): AOT module '/Users/builder/data/lanes/4009/f3074d2c/source/monodroid/builds/install/mono-armv6/lib/mono/aot-cache/arm/Akavache.Sqlite3.dll.so' not found: dlopen failed: library "/data/app-lib/com.careerbuilder.SugarDrone-1/libaot-Akavache.Sqlite3.dll.so" not found
W/        ( 7324): Symbol file LoadedFromMemory doesn't match image Akavache.Sqlite3.dll
D/Mono    ( 7324): Config attempting to parse: 'Akavache.Sqlite3.dll.config'.
D/Mono    ( 7324): Config attempting to parse: '/Users/builder/data/lanes/4009/f3074d2c/source/monodroid/builds/install/mono-armv6/etc/mono/assemblies/Akavache.Sqlite3/Akavache.Sqlite3.config'.
D/Mono    ( 7324): Image addref Splat[0x7a3769e8] -> Splat.dll[0x7a375da8]: 2
D/Mono    ( 7324): Prepared to set up assembly 'Splat' (Splat.dll)
D/Mono    ( 7324): Assembly Splat[0x7a3769e8] added to domain RootDomain, ref_count=1
D/Mono    ( 7324): AOT module 'Splat.dll.so' not found: dlopen failed: library "/data/app-lib/com.careerbuilder.SugarDrone-1/libaot-Splat.dll.so" not found
D/Mono    ( 7324): AOT module '/Users/builder/data/lanes/4009/f3074d2c/source/monodroid/builds/install/mono-armv6/lib/mono/aot-cache/arm/Splat.dll.so' not found: dlopen failed: library "/data/app-lib/com.careerbuilder.SugarDrone-1/libaot-Splat.dll.so" not found
D/Mono    ( 7324): Config attempting to parse: 'Splat.dll.config'.
D/Mono    ( 7324): Config attempting to parse: '/Users/builder/data/lanes/4009/f3074d2c/source/monodroid/builds/install/mono-armv6/etc/mono/assemblies/Splat/Splat.config'.
D/Mono    ( 7324): Image addref Microsoft.Practices.ServiceLocation[0x7a37a800] -> Microsoft.Practices.ServiceLocation.dll[0x7a379bc0]: 2
D/Mono    ( 7324): Prepared to set up assembly 'Microsoft.Practices.ServiceLocation' (Microsoft.Practices.ServiceLocation.dll)
D/Mono    ( 7324): Assembly Microsoft.Practices.ServiceLocation[0x7a37a800] added to domain RootDomain, ref_count=1
D/Mono    ( 7324): AOT module 'Microsoft.Practices.ServiceLocation.dll.so' not found: dlopen failed: library "/data/app-lib/com.careerbuilder.SugarDrone-1/libaot-Microsoft.Practices.ServiceLocation.dll.so" not found
D/Mono    ( 7324): AOT module '/Users/builder/data/lanes/4009/f3074d2c/source/monodroid/builds/install/mono-armv6/lib/mono/aot-cache/arm/Microsoft.Practices.ServiceLocation.dll.so' not found: dlopen failed: library "/data/app-lib/com.careerbuilder.SugarDrone-1/libaot-Microsoft.Practices.ServiceLocation.dll.so" not found
D/Mono    ( 7324): Config attempting to parse: 'Microsoft.Practices.ServiceLocation.dll.config'.
D/Mono    ( 7324): Config attempting to parse: '/Users/builder/data/lanes/4009/f3074d2c/source/monodroid/builds/install/mono-armv6/etc/mono/assemblies/Microsoft.Practices.ServiceLocation/Microsoft.Practices.ServiceLocation.config'.
D/Mono    ( 7324): Image addref Microsoft.Practices.Unity[0x7a37bde8] -> Microsoft.Practices.Unity.dll[0x7a37b178]: 2
D/Mono    ( 7324): Prepared to set up assembly 'Microsoft.Practices.Unity' (Microsoft.Practices.Unity.dll)
D/Mono    ( 7324): Assembly Microsoft.Practices.Unity[0x7a37bde8] added to domain RootDomain, ref_count=1
D/Mono    ( 7324): AOT module 'Microsoft.Practices.Unity.dll.so' not found: dlopen failed: library "/data/app-lib/com.careerbuilder.SugarDrone-1/libaot-Microsoft.Practices.Unity.dll.so" not found
D/Mono    ( 7324): AOT module '/Users/builder/data/lanes/4009/f3074d2c/source/monodroid/builds/install/mono-armv6/lib/mono/aot-cache/arm/Microsoft.Practices.Unity.dll.so' not found: dlopen failed: library "/data/app-lib/com.careerbuilder.SugarDrone-1/libaot-Microsoft.Practices.Unity.dll.so" not found
D/Mono    ( 7324): Config attempting to parse: 'Microsoft.Practices.Unity.dll.config'.
D/Mono    ( 7324): Config attempting to parse: '/Users/builder/data/lanes/4009/f3074d2c/source/monodroid/builds/install/mono-armv6/etc/mono/assemblies/Microsoft.Practices.Unity/Microsoft.Practices.Unity.config'.
D/Mono    ( 7324): Image addref Plugin.CurrentActivity[0x7a37cb38] -> Plugin.CurrentActivity.dll[0x7a37bf08]: 2
D/Mono    ( 7324): Prepared to set up assembly 'Plugin.CurrentActivity' (Plugin.CurrentActivity.dll)
D/Mono    ( 7324): Assembly Plugin.CurrentActivity[0x7a37cb38] added to domain RootDomain, ref_count=1
D/Mono    ( 7324): AOT module 'Plugin.CurrentActivity.dll.so' not found: dlopen failed: library "/data/app-lib/com.careerbuilder.SugarDrone-1/libaot-Plugin.CurrentActivity.dll.so" not found
D/Mono    ( 7324): AOT module '/Users/builder/data/lanes/4009/f3074d2c/source/monodroid/builds/install/mono-armv6/lib/mono/aot-cache/arm/Plugin.CurrentActivity.dll.so' not found: dlopen failed: library "/data/app-lib/com.careerbuilder.SugarDrone-1/libaot-Plugin.CurrentActivity.dll.so" not found
D/Mono    ( 7324): Config attempting to parse: 'Plugin.CurrentActivity.dll.config'.
D/Mono    ( 7324): Config attempting to parse: '/Users/builder/data/lanes/4009/f3074d2c/source/monodroid/builds/install/mono-armv6/etc/mono/assemblies/Plugin.CurrentActivity/Plugin.CurrentActivity.config'.
D/Mono    ( 7324): Image addref Plugin.Permissions[0x7a37d888] -> Plugin.Permissions.dll[0x7a37cc68]: 2
D/Mono    ( 7324): Prepared to set up assembly 'Plugin.Permissions' (Plugin.Permissions.dll)
D/Mono    ( 7324): Assembly Plugin.Permissions[0x7a37d888] added to domain RootDomain, ref_count=1
D/Mono    ( 7324): AOT module 'Plugin.Permissions.dll.so' not found: dlopen failed: library "/data/app-lib/com.careerbuilder.SugarDrone-1/libaot-Plugin.Permissions.dll.so" not found
D/Mono    ( 7324): AOT module '/Users/builder/data/lanes/4009/f3074d2c/source/monodroid/builds/install/mono-armv6/lib/mono/aot-cache/arm/Plugin.Permissions.dll.so' not found: dlopen failed: library "/data/app-lib/com.careerbuilder.SugarDrone-1/libaot-Plugin.Permissions.dll.so" not found
D/Mono    ( 7324): Config attempting to parse: 'Plugin.Permissions.dll.config'.
D/Mono    ( 7324): Config attempting to parse: '/Users/builder/data/lanes/4009/f3074d2c/source/monodroid/builds/install/mono-armv6/etc/mono/assemblies/Plugin.Permissions/Plugin.Permissions.config'.
D/Mono    ( 7324): Image addref Plugin.Permissions.Abstractions[0x7a37efa8] -> Plugin.Permissions.Abstractions.dll[0x7a37e348]: 2
D/Mono    ( 7324): Prepared to set up assembly 'Plugin.Permissions.Abstractions' (Plugin.Permissions.Abstractions.dll)
D/Mono    ( 7324): Assembly Plugin.Permissions.Abstractions[0x7a37efa8] added to domain RootDomain, ref_count=1
D/Mono    ( 7324): AOT module 'Plugin.Permissions.Abstractions.dll.so' not found: dlopen failed: library "/data/app-lib/com.careerbuilder.SugarDrone-1/libaot-Plugin.Permissions.Abstractions.dll.so" not found
D/Mono    ( 7324): AOT module '/Users/builder/data/lanes/4009/f3074d2c/source/monodroid/builds/install/mono-armv6/lib/mono/aot-cache/arm/Plugin.Permissions.Abstractions.dll.so' not found: dlopen failed: library "/data/app-lib/com.careerbuilder.SugarDrone-1/libaot-Plugin.Permissions.Abstractions.dll.so" not found
D/Mono    ( 7324): Config attempting to parse: 'Plugin.Permissions.Abstractions.dll.config'.
D/Mono    ( 7324): Config attempting to parse: '/Users/builder/data/lanes/4009/f3074d2c/source/monodroid/builds/install/mono-armv6/etc/mono/assemblies/Plugin.Permissions.Abstractions/Plugin.Permissions.Abstractions.config'.
D/Mono    ( 7324): Image addref Plugin.Geolocator[0x7a37fe58] -> Plugin.Geolocator.dll[0x7a37f208]: 2
D/Mono    ( 7324): Prepared to set up assembly 'Plugin.Geolocator' (Plugin.Geolocator.dll)
D/Mono    ( 7324): Assembly Plugin.Geolocator[0x7a37fe58] added to domain RootDomain, ref_count=1
D/Mono    ( 7324): AOT module 'Plugin.Geolocator.dll.so' not found: dlopen failed: library "/data/app-lib/com.careerbuilder.SugarDrone-1/libaot-Plugin.Geolocator.dll.so" not found
D/Mono    ( 7324): AOT module '/Users/builder/data/lanes/4009/f3074d2c/source/monodroid/builds/install/mono-armv6/lib/mono/aot-cache/arm/Plugin.Geolocator.dll.so' not found: dlopen failed: library "/data/app-lib/com.careerbuilder.SugarDrone-1/libaot-Plugin.Geolocator.dll.so" not found
D/Mono    ( 7324): Config attempting to parse: 'Plugin.Geolocator.dll.config'.
D/Mono    ( 7324): Config attempting to parse: '/Users/builder/data/lanes/4009/f3074d2c/source/monodroid/builds/install/mono-armv6/etc/mono/assemblies/Plugin.Geolocator/Plugin.Geolocator.config'.
D/Mono    ( 7324): Image addref Plugin.Geolocator.Abstractions[0x7a381df0] -> Plugin.Geolocator.Abstractions.dll[0x7a3811d8]: 2
D/Mono    ( 7324): Prepared to set up assembly 'Plugin.Geolocator.Abstractions' (Plugin.Geolocator.Abstractions.dll)
D/Mono    ( 7324): Assembly Plugin.Geolocator.Abstractions[0x7a381df0] added to domain RootDomain, ref_count=1
D/Mono    ( 7324): AOT module 'Plugin.Geolocator.Abstractions.dll.so' not found: dlopen failed: library "/data/app-lib/com.careerbuilder.SugarDrone-1/libaot-Plugin.Geolocator.Abstractions.dll.so" not found
D/Mono    ( 7324): AOT module '/Users/builder/data/lanes/4009/f3074d2c/source/monodroid/builds/install/mono-armv6/lib/mono/aot-cache/arm/Plugin.Geolocator.Abstractions.dll.so' not found: dlopen failed: library "/data/app-lib/com.careerbuilder.SugarDrone-1/libaot-Plugin.Geolocator.Abstractions.dll.so" not found
D/Mono    ( 7324): Config attempting to parse: 'Plugin.Geolocator.Abstractions.dll.config'.
D/Mono    ( 7324): Config attempting to parse: '/Users/builder/data/lanes/4009/f3074d2c/source/monodroid/builds/install/mono-armv6/etc/mono/assemblies/Plugin.Geolocator.Abstractions/Plugin.Geolocator.Abstractions.config'.
D/Mono    ( 7324): Image addref Plugin.DeviceInfo[0x7a383168] -> Plugin.DeviceInfo.dll[0x7a382508]: 2
D/Mono    ( 7324): Prepared to set up assembly 'Plugin.DeviceInfo' (Plugin.DeviceInfo.dll)
D/Mono    ( 7324): Assembly Plugin.DeviceInfo[0x7a383168] added to domain RootDomain, ref_count=1
D/Mono    ( 7324): AOT module 'Plugin.DeviceInfo.dll.so' not found: dlopen failed: library "/data/app-lib/com.careerbuilder.SugarDrone-1/libaot-Plugin.DeviceInfo.dll.so" not found
D/Mono    ( 7324): AOT module '/Users/builder/data/lanes/4009/f3074d2c/source/monodroid/builds/install/mono-armv6/lib/mono/aot-cache/arm/Plugin.DeviceInfo.dll.so' not found: dlopen failed: library "/data/app-lib/com.careerbuilder.SugarDrone-1/libaot-Plugin.DeviceInfo.dll.so" not found
D/Mono    ( 7324): Config attempting to parse: 'Plugin.DeviceInfo.dll.config'.
D/Mono    ( 7324): Config attempting to parse: '/Users/builder/data/lanes/4009/f3074d2c/source/monodroid/builds/install/mono-armv6/etc/mono/assemblies/Plugin.DeviceInfo/Plugin.DeviceInfo.config'.
D/Mono    ( 7324): Image addref Plugin.DeviceInfo.Abstractions[0x7a384358] -> Plugin.DeviceInfo.Abstractions.dll[0x7a3836e8]: 2
D/Mono    ( 7324): Prepared to set up assembly 'Plugin.DeviceInfo.Abstractions' (Plugin.DeviceInfo.Abstractions.dll)
D/Mono    ( 7324): Assembly Plugin.DeviceInfo.Abstractions[0x7a384358] added to domain RootDomain, ref_count=1
D/Mono    ( 7324): AOT module 'Plugin.DeviceInfo.Abstractions.dll.so' not found: dlopen failed: library "/data/app-lib/com.careerbuilder.SugarDrone-1/libaot-Plugin.DeviceInfo.Abstractions.dll.so" not found
D/Mono    ( 7324): AOT module '/Users/builder/data/lanes/4009/f3074d2c/source/monodroid/builds/install/mono-armv6/lib/mono/aot-cache/arm/Plugin.DeviceInfo.Abstractions.dll.so' not found: dlopen failed: library "/data/app-lib/com.careerbuilder.SugarDrone-1/libaot-Plugin.DeviceInfo.Abstractions.dll.so" not found
D/Mono    ( 7324): Config attempting to parse: 'Plugin.DeviceInfo.Abstractions.dll.config'.
D/Mono    ( 7324): Config attempting to parse: '/Users/builder/data/lanes/4009/f3074d2c/source/monodroid/builds/install/mono-armv6/etc/mono/assemblies/Plugin.DeviceInfo.Abstractions/Plugin.DeviceInfo.Abstractions.config'.
D/Mono    ( 7324): Image addref Xamarin.GooglePlayServices.Analytics[0x7a385240] -> Xamarin.GooglePlayServices.Analytics.dll[0x7a384630]: 2
D/Mono    ( 7324): Prepared to set up assembly 'Xamarin.GooglePlayServices.Analytics' (Xamarin.GooglePlayServices.Analytics.dll)
D/Mono    ( 7324): Assembly Xamarin.GooglePlayServices.Analytics[0x7a385240] added to domain RootDomain, ref_count=1
D/Mono    ( 7324): AOT module 'Xamarin.GooglePlayServices.Analytics.dll.so' not found: dlopen failed: library "/data/app-lib/com.careerbuilder.SugarDrone-1/libaot-Xamarin.GooglePlayServices.Analytics.dll.so" not found
D/Mono    ( 7324): AOT module '/Users/builder/data/lanes/4009/f3074d2c/source/monodroid/builds/install/mono-armv6/lib/mono/aot-cache/arm/Xamarin.GooglePlayServices.Analytics.dll.so' not found: dlopen failed: library "/data/app-lib/com.careerbuilder.SugarDrone-1/libaot-Xamarin.GooglePlayServices.Analytics.dll.so" not found
D/Mono    ( 7324): Config attempting to parse: 'Xamarin.GooglePlayServices.Analytics.dll.config'.
D/Mono    ( 7324): Config attempting to parse: '/Users/builder/data/lanes/4009/f3074d2c/source/monodroid/builds/install/mono-armv6/etc/mono/assemblies/Xamarin.GooglePlayServices.Analytics/Xamarin.GooglePlayServices.Analytics.config'.
