<![CDATA[--------- beginning of /dev/log/system
W/ProcessCpuTracker(  566): Skipping unknown process pid 4952

]]><xtc-scenario name="[0-1062]CareerBuilder_Search.DroidFeatureTests.MyCBNavigationTests.DoneFromAfterApplySavesPlaceInJRP" id="[0-1062]CareerBuilder_Search.DroidFeatureTests.MyCBNavigationTests.DoneFromAfterApplySavesPlaceInJRP"><![CDATA[

]]><xtc-step name="[0-1062]CareerBuilder_Search.DroidFeatureTests.MyCBNavigationTests.DoneFromAfterApplySavesPlaceInJRP-DoneFromAfterApplySavesPlaceInJRP" id="[0-1062]CareerBuilder_Search.DroidFeatureTests.MyCBNavigationTests.DoneFromAfterApplySavesPlaceInJRP-DoneFromAfterApplySavesPlaceInJRP"><![CDATA[
D/AndroidRuntime( 5050): 
D/AndroidRuntime( 5050): >>>>>> AndroidRuntime START com.android.internal.os.RuntimeInit <<<<<<
D/AndroidRuntime( 5050): CheckJNI is OFF
D/dalvikvm( 5050): Trying to load lib libjavacore.so 0x0
D/dalvikvm( 5050): Added shared lib libjavacore.so 0x0
D/dalvikvm( 5050): Trying to load lib libnativehelper.so 0x0
D/dalvikvm( 5050): Added shared lib libnativehelper.so 0x0
D/dalvikvm( 5050): No JNI_OnLoad found in libnativehelper.so 0x0, skipping init
D/dalvikvm( 5050): Note: class Landroid/app/ActivityManagerNative; has 179 unimplemented (abstract) methods
D/AndroidRuntime( 5050): Calling main entry com.android.commands.pm.Pm
D/AndroidRuntime( 5050): Shutting down VM
D/dalvikvm( 5050): GC_CONCURRENT freed 248K, 31% free 567K/816K, paused 0ms+0ms, total 2ms
D/AndroidRuntime( 5195): 
D/AndroidRuntime( 5195): >>>>>> AndroidRuntime START com.android.internal.os.RuntimeInit <<<<<<
D/AndroidRuntime( 5195): CheckJNI is OFF
D/dalvikvm( 5195): Trying to load lib libjavacore.so 0x0
D/dalvikvm( 5195): Added shared lib libjavacore.so 0x0
D/dalvikvm( 5195): Trying to load lib libnativehelper.so 0x0
D/dalvikvm( 5195): Added shared lib libnativehelper.so 0x0
D/dalvikvm( 5195): No JNI_OnLoad found in libnativehelper.so 0x0, skipping init
D/dalvikvm( 5195): Note: class Landroid/app/ActivityManagerNative; has 179 unimplemented (abstract) methods
D/AndroidRuntime( 5195): Calling main entry com.android.commands.am.Am
D/AndroidRuntime( 5195): Shutting down VM
W/ActivityManager(  566): Invalid packageName: com.careerbuilder.SugarDrone
D/dalvikvm( 5195): GC_CONCURRENT freed 93K, 15% free 553K/648K, paused 0ms+1ms, total 3ms
D/AndroidRuntime( 5827): 
D/AndroidRuntime( 5827): >>>>>> AndroidRuntime START com.android.internal.os.RuntimeInit <<<<<<
D/AndroidRuntime( 5827): CheckJNI is OFF
D/dalvikvm( 5827): Trying to load lib libjavacore.so 0x0
D/dalvikvm( 5827): Added shared lib libjavacore.so 0x0
D/dalvikvm( 5827): Trying to load lib libnativehelper.so 0x0
D/dalvikvm( 5827): Added shared lib libnativehelper.so 0x0
D/dalvikvm( 5827): No JNI_OnLoad found in libnativehelper.so 0x0, skipping init
D/dalvikvm( 5827): Note: class Landroid/app/ActivityManagerNative; has 179 unimplemented (abstract) methods
D/AndroidRuntime( 5827): Calling main entry com.android.commands.pm.Pm
W/ActivityManager(  566): No content provider found for permission revoke: file:///data/local/tmp/0000001481
W/ActivityManager(  566): No content provider found for permission revoke: file:///data/local/tmp/0000001481
I/PackageManager(  566): Copying native libraries to /data/app-lib/vmdl-1355130894
D/dalvikvm(  566): GC_FOR_ALLOC freed 942K, 12% free 19806K/22480K, paused 57ms, total 57ms
D/dalvikvm(  566): GC_FOR_ALLOC freed 337K, 12% free 20001K/22480K, paused 60ms, total 60ms
D/dalvikvm(  566): GC_FOR_ALLOC freed 759K, 10% free 20501K/22708K, paused 69ms, total 69ms
D/dalvikvm(  566): GC_CONCURRENT freed 2636K, 12% free 20745K/23424K, paused 3ms+6ms, total 76ms
D/dalvikvm(  566): WAIT_FOR_CONCURRENT_GC blocked 67ms
D/dalvikvm(  566): GC_CONCURRENT freed 2801K, 13% free 20776K/23724K, paused 2ms+6ms, total 75ms
D/dalvikvm(  566): WAIT_FOR_CONCURRENT_GC blocked 72ms
D/dalvikvm(  566): GC_CONCURRENT freed 2850K, 13% free 20798K/23760K, paused 3ms+6ms, total 69ms
D/dalvikvm(  566): WAIT_FOR_CONCURRENT_GC blocked 62ms
I/PackageManager(  566): Running dexopt on: com.careerbuilder.SugarDrone
W/dalvikvm( 5918): method Landroid/support/v7/widget/ListViewCompat;.lookForSelectablePosition incorrectly overrides package-private method with same name in Landroid/widget/ListView;
D/dalvikvm( 5918): DexOpt: couldn't find static field Landroid/os/Build;.SUPPORTED_ABIS
D/dalvikvm( 5918): DexOpt: load 296ms, verify+opt 1607ms, 3733380 bytes
I/ActivityManager(  566): Force stopping com.careerbuilder.SugarDrone appid=16228 user=-1: update pkg
W/PackageManager(  566): Not granting permission android.permission.MANAGE_DOCUMENTS to package com.careerbuilder.SugarDrone (protectionLevel=2 flags=0x8be46)
W/PackageManager(  566): Not granting permission android.permission.MOUNT_UNMOUNT_FILESYSTEMS to package com.careerbuilder.SugarDrone (protectionLevel=18 flags=0x8be46)
I/InputReader(  566): Reconfiguring input devices.  changes=0x00000010
D/dalvikvm(  813): GC_CONCURRENT freed 316K, 4% free 9377K/9724K, paused 2ms+2ms, total 16ms
I/Icing.InternalIcingCorporaProvider( 1364): Updating corpora: A: com.careerbuilder.SugarDrone, C: MAYBE
D/BackupManagerService(  566): Received broadcast Intent { act=android.intent.action.PACKAGE_ADDED dat=package:com.careerbuilder.SugarDrone flg=0x4000010 (has extras) }
V/BackupManagerService(  566): addPackageParticipantsLocked: #1
D/dalvikvm( 1899): GC_FOR_ALLOC freed 245K, 3% free 18096K/18656K, paused 30ms, total 31ms
D/dalvikvm(  566): GC_EXPLICIT freed 2832K, 13% free 20926K/23796K, paused 37ms+19ms, total 248ms
D/AndroidRuntime( 5827): Shutting down VM
D/dalvikvm(  566): WAIT_FOR_CONCURRENT_GC blocked 44ms
D/dalvikvm(  566): WAIT_FOR_CONCURRENT_GC blocked 41ms
D/dalvikvm(  566): WAIT_FOR_CONCURRENT_GC blocked 41ms
D/dalvikvm(  566): WAIT_FOR_CONCURRENT_GC blocked 40ms
D/dalvikvm(  566): WAIT_FOR_CONCURRENT_GC blocked 41ms
D/dalvikvm(  566): WAIT_FOR_CONCURRENT_GC blocked 40ms
D/dalvikvm(  566): WAIT_FOR_CONCURRENT_GC blocked 40ms
D/dalvikvm( 5827): GC_CONCURRENT freed 95K, 15% free 561K/660K, paused 0ms+0ms, total 2ms
D/Wear_Controller( 1006): Received broadcast action=android.intent.action.PACKAGE_ADDED and uri=com.careerbuilder.SugarDrone
I/PeopleContactsSync( 1006): triggerPendingContactsCleanup: no accounts
W/IcingInternalCorpora( 1006): getNumBytesRead when not calculated.
I/ActivityManager(  566): Delay finish: com.google.android.gms/.chimera.GmsIntentOperationService$PersistentInternalReceiver
D/dalvikvm( 1006): GC_CONCURRENT freed 1166K, 13% free 12617K/14384K, paused 4ms+7ms, total 71ms
D/dalvikvm( 1006): WAIT_FOR_CONCURRENT_GC blocked 42ms
D/dalvikvm( 1006): WAIT_FOR_CONCURRENT_GC blocked 36ms
D/dalvikvm( 1006): WAIT_FOR_CONCURRENT_GC blocked 28ms
D/dalvikvm( 1006): WAIT_FOR_CONCURRENT_GC blocked 45ms
I/Icing   ( 1006): Usage reports 0 indexed 0 rejected 0 imm upload true
I/Icing.InternalIcingCorporaProvider( 1364): UpdateCorporaTask done [took 381 ms] updated apps [took 381 ms] 
I/ActivityManager(  566): Resuming delayed broadcast
I/Icing   ( 1006): Usage reports 0 indexed 0 rejected 0 imm upload false
I/Icing   ( 1006): Usage reports 0 indexed 0 rejected 0 imm upload false
D/AndroidRuntime( 6012): 
D/AndroidRuntime( 6012): >>>>>> AndroidRuntime START com.android.internal.os.RuntimeInit <<<<<<
D/AndroidRuntime( 6012): CheckJNI is OFF
D/dalvikvm( 6012): Trying to load lib libjavacore.so 0x0
D/dalvikvm( 6012): Added shared lib libjavacore.so 0x0
D/dalvikvm( 6012): Trying to load lib libnativehelper.so 0x0
D/dalvikvm( 6012): Added shared lib libnativehelper.so 0x0
D/dalvikvm( 6012): No JNI_OnLoad found in libnativehelper.so 0x0, skipping init
D/dalvikvm( 6012): Note: class Landroid/app/ActivityManagerNative; has 179 unimplemented (abstract) methods
D/AndroidRuntime( 6012): Calling main entry com.android.commands.settings.SettingsCmd
D/AndroidRuntime( 6012): Shutting down VM
D/dalvikvm( 6012): GC_CONCURRENT freed 96K, 15% free 562K/660K, paused 1ms+0ms, total 3ms
I/Icing   ( 1006): Indexing 51913DCE11206AD5493A298902DFB4629E7C2319 from com.google.android.googlequicksearchbox
D/dalvikvm( 1364): GC_CONCURRENT freed 533K, 7% free 9442K/10072K, paused 4ms+1ms, total 42ms
I/Icing   ( 1006): Indexing done 51913DCE11206AD5493A298902DFB4629E7C2319
I/Icing   ( 1006): Indexing 20DD4C980DC9932934B14C611F3A585B39FE1847 from com.google.android.gms
D/dalvikvm( 1006): GC_CONCURRENT freed 1115K, 12% free 12674K/14384K, paused 3ms+6ms, total 46ms
D/AndroidRuntime( 6044): 
D/AndroidRuntime( 6044): >>>>>> AndroidRuntime START com.android.internal.os.RuntimeInit <<<<<<
D/AndroidRuntime( 6044): CheckJNI is OFF
D/dalvikvm( 6044): Trying to load lib libjavacore.so 0x0
D/dalvikvm( 6044): Added shared lib libjavacore.so 0x0
D/dalvikvm( 6044): Trying to load lib libnativehelper.so 0x0
D/dalvikvm( 6044): Added shared lib libnativehelper.so 0x0
D/dalvikvm( 6044): No JNI_OnLoad found in libnativehelper.so 0x0, skipping init
D/dalvikvm( 6044): Note: class Landroid/app/ActivityManagerNative; has 179 unimplemented (abstract) methods
D/dalvikvm( 1006): GC_CONCURRENT freed 1091K, 11% free 12835K/14384K, paused 4ms+3ms, total 38ms
D/dalvikvm( 1006): WAIT_FOR_CONCURRENT_GC blocked 20ms
I/Icing   ( 1006): Indexing done 20DD4C980DC9932934B14C611F3A585B39FE1847
D/AndroidRuntime( 6044): Calling main entry com.android.commands.settings.SettingsCmd
D/AndroidRuntime( 6044): Shutting down VM
D/dalvikvm( 6044): GC_CONCURRENT freed 96K, 15% free 562K/660K, paused 1ms+1ms, total 3ms
D/AndroidRuntime( 6075): 
D/AndroidRuntime( 6075): >>>>>> AndroidRuntime START com.android.internal.os.RuntimeInit <<<<<<
D/AndroidRuntime( 6075): CheckJNI is OFF
D/dalvikvm( 6075): Trying to load lib libjavacore.so 0x0
D/dalvikvm( 6075): Added shared lib libjavacore.so 0x0
D/dalvikvm( 6075): Trying to load lib libnativehelper.so 0x0
D/dalvikvm( 6075): Added shared lib libnativehelper.so 0x0
D/dalvikvm( 6075): No JNI_OnLoad found in libnativehelper.so 0x0, skipping init
D/dalvikvm( 6075): Note: class Landroid/app/ActivityManagerNative; has 179 unimplemented (abstract) methods
D/AndroidRuntime( 6075): Calling main entry com.android.commands.settings.SettingsCmd
D/AndroidRuntime( 6075): Shutting down VM
D/dalvikvm( 6075): GC_CONCURRENT freed 96K, 15% free 562K/660K, paused 0ms+0ms, total 2ms
D/AndroidRuntime( 6103): 
D/AndroidRuntime( 6103): >>>>>> AndroidRuntime START com.android.internal.os.RuntimeInit <<<<<<
D/AndroidRuntime( 6103): CheckJNI is OFF
D/dalvikvm( 6103): Trying to load lib libjavacore.so 0x0
D/dalvikvm( 6103): Added shared lib libjavacore.so 0x0
D/dalvikvm( 6103): Trying to load lib libnativehelper.so 0x0
D/dalvikvm( 6103): Added shared lib libnativehelper.so 0x0
D/dalvikvm( 6103): No JNI_OnLoad found in libnativehelper.so 0x0, skipping init
D/dalvikvm( 6103): Note: class Landroid/app/ActivityManagerNative; has 179 unimplemented (abstract) methods
D/AndroidRuntime( 6103): Calling main entry com.android.commands.settings.SettingsCmd
D/AndroidRuntime( 6103): Shutting down VM
D/dalvikvm( 6103): GC_CONCURRENT freed 96K, 15% free 562K/660K, paused 0ms+0ms, total 2ms
D/AndroidRuntime( 6130): 
D/AndroidRuntime( 6130): >>>>>> AndroidRuntime START com.android.internal.os.RuntimeInit <<<<<<
D/AndroidRuntime( 6130): CheckJNI is OFF
D/dalvikvm( 6130): Trying to load lib libjavacore.so 0x0
D/dalvikvm( 6130): Added shared lib libjavacore.so 0x0
D/dalvikvm( 6130): Trying to load lib libnativehelper.so 0x0
D/dalvikvm( 6130): Added shared lib libnativehelper.so 0x0
D/dalvikvm( 6130): No JNI_OnLoad found in libnativehelper.so 0x0, skipping init
D/dalvikvm( 6130): Note: class Landroid/app/ActivityManagerNative; has 179 unimplemented (abstract) methods
D/AndroidRuntime( 6130): Calling main entry com.android.commands.settings.SettingsCmd
D/AndroidRuntime( 6130): Shutting down VM
D/dalvikvm( 6130): GC_CONCURRENT freed 96K, 15% free 562K/660K, paused 1ms+0ms, total 3ms
D/AndroidRuntime( 6161): 
D/AndroidRuntime( 6161): >>>>>> AndroidRuntime START com.android.internal.os.RuntimeInit <<<<<<
D/AndroidRuntime( 6161): CheckJNI is OFF
D/dalvikvm( 6161): Trying to load lib libjavacore.so 0x0
D/dalvikvm( 6161): Added shared lib libjavacore.so 0x0
D/dalvikvm( 6161): Trying to load lib libnativehelper.so 0x0
D/dalvikvm( 6161): Added shared lib libnativehelper.so 0x0
D/dalvikvm( 6161): No JNI_OnLoad found in libnativehelper.so 0x0, skipping init
D/dalvikvm( 6161): Note: class Landroid/app/ActivityManagerNative; has 179 unimplemented (abstract) methods
D/AndroidRuntime( 6161): Calling main entry com.android.commands.settings.SettingsCmd
D/AndroidRuntime( 6161): Shutting down VM
D/dalvikvm( 6161): GC_CONCURRENT freed 96K, 15% free 562K/660K, paused 1ms+0ms, total 4ms
D/AndroidRuntime( 6198): 
D/AndroidRuntime( 6198): >>>>>> AndroidRuntime START com.android.internal.os.RuntimeInit <<<<<<
D/AndroidRuntime( 6198): CheckJNI is OFF
D/dalvikvm( 6198): Trying to load lib libjavacore.so 0x0
D/dalvikvm( 6198): Added shared lib libjavacore.so 0x0
D/dalvikvm( 6198): Trying to load lib libnativehelper.so 0x0
D/dalvikvm( 6198): Added shared lib libnativehelper.so 0x0
D/dalvikvm( 6198): No JNI_OnLoad found in libnativehelper.so 0x0, skipping init
D/dalvikvm( 6198): Note: class Landroid/app/ActivityManagerNative; has 179 unimplemented (abstract) methods
D/AndroidRuntime( 6198): Calling main entry com.android.commands.pm.Pm
D/AndroidRuntime( 6198): Shutting down VM
D/dalvikvm( 6198): GC_CONCURRENT freed 249K, 31% free 567K/820K, paused 0ms+0ms, total 3ms
D/dalvikvm(  566): GC_CONCURRENT freed 4303K, 19% free 19581K/23916K, paused 4ms+6ms, total 100ms
D/AndroidRuntime( 6286): 
D/AndroidRuntime( 6286): >>>>>> AndroidRuntime START com.android.internal.os.RuntimeInit <<<<<<
D/AndroidRuntime( 6286): CheckJNI is OFF
D/dalvikvm( 6286): Trying to load lib libjavacore.so 0x0
D/dalvikvm( 6286): Added shared lib libjavacore.so 0x0
D/dalvikvm( 6286): Trying to load lib libnativehelper.so 0x0
D/dalvikvm( 6286): Added shared lib libnativehelper.so 0x0
D/dalvikvm( 6286): No JNI_OnLoad found in libnativehelper.so 0x0, skipping init
D/dalvikvm( 6286): Note: class Landroid/app/ActivityManagerNative; has 179 unimplemented (abstract) methods
D/AndroidRuntime( 6286): Calling main entry com.android.commands.pm.Pm
D/AndroidRuntime( 6286): Shutting down VM
D/dalvikvm( 6286): GC_CONCURRENT freed 249K, 31% free 567K/820K, paused 1ms+1ms, total 3ms
D/AndroidRuntime( 6400): 
D/AndroidRuntime( 6400): >>>>>> AndroidRuntime START com.android.internal.os.RuntimeInit <<<<<<
D/AndroidRuntime( 6400): CheckJNI is OFF
D/dalvikvm( 6400): Trying to load lib libjavacore.so 0x0
D/dalvikvm( 6400): Added shared lib libjavacore.so 0x0
D/dalvikvm( 6400): Trying to load lib libnativehelper.so 0x0
D/dalvikvm( 6400): Added shared lib libnativehelper.so 0x0
D/dalvikvm( 6400): No JNI_OnLoad found in libnativehelper.so 0x0, skipping init
D/dalvikvm( 6400): Note: class Landroid/app/ActivityManagerNative; has 179 unimplemented (abstract) methods
D/AndroidRuntime( 6400): Calling main entry com.android.commands.am.Am
D/AndroidRuntime( 6400): Shutting down VM
W/ActivityManager(  566): Invalid packageName: com.careerbuilder.SugarDrone.test
D/dalvikvm( 6400): GC_CONCURRENT freed 92K, 15% free 553K/648K, paused 0ms+1ms, total 2ms
I/AndroidRuntime( 6400): NOTE: attach of thread 'Binder_1' failed
D/AndroidRuntime( 6440): 
D/AndroidRuntime( 6440): >>>>>> AndroidRuntime START com.android.internal.os.RuntimeInit <<<<<<
D/AndroidRuntime( 6440): CheckJNI is OFF
D/dalvikvm( 6440): Trying to load lib libjavacore.so 0x0
D/dalvikvm( 6440): Added shared lib libjavacore.so 0x0
D/dalvikvm( 6440): Trying to load lib libnativehelper.so 0x0
D/dalvikvm( 6440): Added shared lib libnativehelper.so 0x0
D/dalvikvm( 6440): No JNI_OnLoad found in libnativehelper.so 0x0, skipping init
D/dalvikvm( 6440): Note: class Landroid/app/ActivityManagerNative; has 179 unimplemented (abstract) methods
D/AndroidRuntime( 6440): Calling main entry com.android.commands.pm.Pm
W/ActivityManager(  566): No content provider found for permission revoke: file:///data/local/tmp/0000001482
W/ActivityManager(  566): No content provider found for permission revoke: file:///data/local/tmp/0000001482
I/PackageManager(  566): Copying native libraries to /data/app-lib/vmdl-539207310
I/PackageManager(  566): Running dexopt on: com.careerbuilder.SugarDrone.test
D/dalvikvm( 6464): DexOpt: load 73ms, verify+opt 518ms, 1565836 bytes
I/ActivityManager(  566): Force stopping com.careerbuilder.SugarDrone.test appid=16229 user=-1: update pkg
I/InputReader(  566): Reconfiguring input devices.  changes=0x00000010
D/dalvikvm( 1332): GC_CONCURRENT freed 423K, 6% free 9441K/9956K, paused 45ms+44ms, total 114ms
D/BackupManagerService(  566): Received broadcast Intent { act=android.intent.action.PACKAGE_ADDED dat=package:com.careerbuilder.SugarDrone.test flg=0x4000010 (has extras) }
V/BackupManagerService(  566): addPackageParticipantsLocked: #1
I/Icing.InternalIcingCorporaProvider( 1364): Updating corpora: A: com.careerbuilder.SugarDrone.test, C: MAYBE
I/Icing.InternalIcingCorporaProvider( 1364): UpdateCorporaTask done [took 34 ms] updated apps [took 34 ms] 
D/dalvikvm(  566): GC_EXPLICIT freed 1014K, 18% free 19628K/23916K, paused 3ms+14ms, total 256ms
D/AndroidRuntime( 6440): Shutting down VM
D/dalvikvm( 6440): GC_CONCURRENT freed 95K, 16% free 560K/660K, paused 1ms+1ms, total 3ms
D/Wear_Controller( 1006): Received broadcast action=android.intent.action.PACKAGE_ADDED and uri=com.careerbuilder.SugarDrone.test
I/PeopleContactsSync( 1006): triggerPendingContactsCleanup: no accounts
W/IcingInternalCorpora( 1006): getNumBytesRead when not calculated.
D/dalvikvm( 1006): GC_CONCURRENT freed 1772K, 15% free 12347K/14384K, paused 9ms+11ms, total 74ms
I/Icing   ( 1006): Usage reports 0 indexed 0 rejected 0 imm upload false
D/Finsky  ( 1332): [1] 5.onFinished: Installation state replication succeeded.
I/Icing   ( 1006): Usage reports 0 indexed 0 rejected 0 imm upload false
D/AndroidRuntime( 6519): 
D/AndroidRuntime( 6519): >>>>>> AndroidRuntime START com.android.internal.os.RuntimeInit <<<<<<
D/AndroidRuntime( 6519): CheckJNI is OFF
D/dalvikvm( 6519): Trying to load lib libjavacore.so 0x0
D/dalvikvm( 6519): Added shared lib libjavacore.so 0x0
D/dalvikvm( 6519): Trying to load lib libnativehelper.so 0x0
D/dalvikvm( 6519): Added shared lib libnativehelper.so 0x0
D/dalvikvm( 6519): No JNI_OnLoad found in libnativehelper.so 0x0, skipping init
D/dalvikvm( 6519): Note: class Landroid/app/ActivityManagerNative; has 179 unimplemented (abstract) methods
D/AndroidRuntime( 6519): Calling main entry com.android.commands.settings.SettingsCmd
D/AndroidRuntime( 6519): Shutting down VM
D/dalvikvm( 6519): GC_CONCURRENT freed 96K, 16% free 562K/664K, paused 1ms+1ms, total 3ms
I/Icing   ( 1006): Indexing 20DD4C980DC9932934B14C611F3A585B39FE1847 from com.google.android.gms
D/dalvikvm( 1006): GC_FOR_ALLOC freed 1037K, 15% free 12306K/14384K, paused 58ms, total 58ms
I/Icing   ( 1006): Indexing done 20DD4C980DC9932934B14C611F3A585B39FE1847
D/AndroidRuntime( 6551): 
D/AndroidRuntime( 6551): >>>>>> AndroidRuntime START com.android.internal.os.RuntimeInit <<<<<<
D/AndroidRuntime( 6551): CheckJNI is OFF
D/dalvikvm( 6551): Trying to load lib libjavacore.so 0x0
D/dalvikvm( 6551): Added shared lib libjavacore.so 0x0
D/dalvikvm( 6551): Trying to load lib libnativehelper.so 0x0
D/dalvikvm( 6551): Added shared lib libnativehelper.so 0x0
D/dalvikvm( 6551): No JNI_OnLoad found in libnativehelper.so 0x0, skipping init
D/dalvikvm( 6551): Note: class Landroid/app/ActivityManagerNative; has 179 unimplemented (abstract) methods
D/AndroidRuntime( 6551): Calling main entry com.android.commands.settings.SettingsCmd
D/AndroidRuntime( 6551): Shutting down VM
D/dalvikvm( 6551): GC_CONCURRENT freed 96K, 15% free 562K/660K, paused 0ms+0ms, total 2ms
D/AndroidRuntime( 6583): 
D/AndroidRuntime( 6583): >>>>>> AndroidRuntime START com.android.internal.os.RuntimeInit <<<<<<
D/AndroidRuntime( 6583): CheckJNI is OFF
D/dalvikvm( 6583): Trying to load lib libjavacore.so 0x0
D/dalvikvm( 6583): Added shared lib libjavacore.so 0x0
D/dalvikvm( 6583): Trying to load lib libnativehelper.so 0x0
D/dalvikvm( 6583): Added shared lib libnativehelper.so 0x0
D/dalvikvm( 6583): No JNI_OnLoad found in libnativehelper.so 0x0, skipping init
D/dalvikvm( 6583): Note: class Landroid/app/ActivityManagerNative; has 179 unimplemented (abstract) methods
D/AndroidRuntime( 6583): Calling main entry com.android.commands.settings.SettingsCmd
D/AndroidRuntime( 6583): Shutting down VM
D/dalvikvm( 6583): GC_CONCURRENT freed 96K, 15% free 562K/660K, paused 0ms+0ms, total 2ms
D/AndroidRuntime( 6612): 
D/AndroidRuntime( 6612): >>>>>> AndroidRuntime START com.android.internal.os.RuntimeInit <<<<<<
D/AndroidRuntime( 6612): CheckJNI is OFF
D/dalvikvm( 6612): Trying to load lib libjavacore.so 0x0
D/dalvikvm( 6612): Added shared lib libjavacore.so 0x0
D/dalvikvm( 6612): Trying to load lib libnativehelper.so 0x0
D/dalvikvm( 6612): Added shared lib libnativehelper.so 0x0
D/dalvikvm( 6612): No JNI_OnLoad found in libnativehelper.so 0x0, skipping init
D/dalvikvm( 6612): Note: class Landroid/app/ActivityManagerNative; has 179 unimplemented (abstract) methods
D/AndroidRuntime( 6612): Calling main entry com.android.commands.settings.SettingsCmd
D/AndroidRuntime( 6612): Shutting down VM
D/dalvikvm( 6612): GC_CONCURRENT freed 96K, 15% free 562K/660K, paused 0ms+0ms, total 3ms
D/AndroidRuntime( 6643): 
D/AndroidRuntime( 6643): >>>>>> AndroidRuntime START com.android.internal.os.RuntimeInit <<<<<<
D/AndroidRuntime( 6643): CheckJNI is OFF
D/dalvikvm( 6643): Trying to load lib libjavacore.so 0x0
D/dalvikvm( 6643): Added shared lib libjavacore.so 0x0
D/dalvikvm( 6643): Trying to load lib libnativehelper.so 0x0
D/dalvikvm( 6643): Added shared lib libnativehelper.so 0x0
D/dalvikvm( 6643): No JNI_OnLoad found in libnativehelper.so 0x0, skipping init
D/dalvikvm( 6643): Note: class Landroid/app/ActivityManagerNative; has 179 unimplemented (abstract) methods
D/AndroidRuntime( 6643): Calling main entry com.android.commands.settings.SettingsCmd
D/AndroidRuntime( 6643): Shutting down VM
D/dalvikvm( 6643): GC_CONCURRENT freed 96K, 15% free 562K/660K, paused 0ms+0ms, total 2ms
D/AndroidRuntime( 6671): 
D/AndroidRuntime( 6671): >>>>>> AndroidRuntime START com.android.internal.os.RuntimeInit <<<<<<
D/AndroidRuntime( 6671): CheckJNI is OFF
D/dalvikvm( 6671): Trying to load lib libjavacore.so 0x0
D/dalvikvm( 6671): Added shared lib libjavacore.so 0x0
D/dalvikvm( 6671): Trying to load lib libnativehelper.so 0x0
D/dalvikvm( 6671): Added shared lib libnativehelper.so 0x0
D/dalvikvm( 6671): No JNI_OnLoad found in libnativehelper.so 0x0, skipping init
D/dalvikvm( 6671): Note: class Landroid/app/ActivityManagerNative; has 179 unimplemented (abstract) methods
D/AndroidRuntime( 6671): Calling main entry com.android.commands.settings.SettingsCmd
D/AndroidRuntime( 6671): Shutting down VM
D/dalvikvm( 6671): GC_CONCURRENT freed 96K, 15% free 562K/660K, paused 0ms+0ms, total 2ms
D/AndroidRuntime( 6704): 
D/AndroidRuntime( 6704): >>>>>> AndroidRuntime START com.android.internal.os.RuntimeInit <<<<<<
D/AndroidRuntime( 6704): CheckJNI is OFF
D/dalvikvm( 6704): Trying to load lib libjavacore.so 0x0
D/dalvikvm( 6704): Added shared lib libjavacore.so 0x0
D/dalvikvm( 6704): Trying to load lib libnativehelper.so 0x0
D/dalvikvm( 6704): Added shared lib libnativehelper.so 0x0
D/dalvikvm( 6704): No JNI_OnLoad found in libnativehelper.so 0x0, skipping init
D/dalvikvm( 6704): Note: class Landroid/app/ActivityManagerNative; has 179 unimplemented (abstract) methods
D/AndroidRuntime( 6704): Calling main entry com.android.commands.pm.Pm
D/AndroidRuntime( 6704): Shutting down VM
D/dalvikvm( 6704): GC_CONCURRENT freed 251K, 31% free 567K/820K, paused 0ms+0ms, total 3ms
D/dalvikvm(  566): GC_CONCURRENT freed 2642K, 18% free 19624K/23916K, paused 3ms+13ms, total 82ms
D/AndroidRuntime( 6787): 
D/AndroidRuntime( 6787): >>>>>> AndroidRuntime START com.android.internal.os.RuntimeInit <<<<<<
D/AndroidRuntime( 6787): CheckJNI is OFF
D/dalvikvm( 6787): Trying to load lib libjavacore.so 0x0
D/dalvikvm( 6787): Added shared lib libjavacore.so 0x0
D/dalvikvm( 6787): Trying to load lib libnativehelper.so 0x0
D/dalvikvm( 6787): Added shared lib libnativehelper.so 0x0
D/dalvikvm( 6787): No JNI_OnLoad found in libnativehelper.so 0x0, skipping init
D/dalvikvm( 6787): Note: class Landroid/app/ActivityManagerNative; has 179 unimplemented (abstract) methods
D/AndroidRuntime( 6787): Calling main entry com.android.commands.pm.Pm
D/AndroidRuntime( 6787): Shutting down VM
D/dalvikvm( 6787): GC_CONCURRENT freed 251K, 31% free 567K/820K, paused 0ms+0ms, total 4ms
D/AndroidRuntime( 6881): 
D/AndroidRuntime( 6881): >>>>>> AndroidRuntime START com.android.internal.os.RuntimeInit <<<<<<
D/AndroidRuntime( 6881): CheckJNI is OFF
D/dalvikvm( 6881): Trying to load lib libjavacore.so 0x0
D/dalvikvm( 6881): Added shared lib libjavacore.so 0x0
D/dalvikvm( 6881): Trying to load lib libnativehelper.so 0x0
D/dalvikvm( 6881): Added shared lib libnativehelper.so 0x0
D/dalvikvm( 6881): No JNI_OnLoad found in libnativehelper.so 0x0, skipping init
D/dalvikvm( 6881): Note: class Landroid/app/ActivityManagerNative; has 179 unimplemented (abstract) methods
D/AndroidRuntime( 6881): Calling main entry com.android.commands.input.Input
I/Input   ( 6881): injectKeyEvent: KeyEvent { action=ACTION_DOWN, keyCode=KEYCODE_BACK, scanCode=0, metaState=0, flags=0x0, repeatCount=0, eventTime=285682, downTime=285682, deviceId=-1, source=0x101 }
I/Input   ( 6881): injectKeyEvent: KeyEvent { action=ACTION_UP, keyCode=KEYCODE_BACK, scanCode=0, metaState=0, flags=0x0, repeatCount=0, eventTime=285682, downTime=285682, deviceId=-1, source=0x101 }
D/AndroidRuntime( 6881): Shutting down VM
D/dalvikvm( 6881): GC_CONCURRENT freed 98K, 16% free 563K/664K, paused 1ms+0ms, total 3ms
D/AndroidRuntime( 6948): 
D/AndroidRuntime( 6948): >>>>>> AndroidRuntime START com.android.internal.os.RuntimeInit <<<<<<
D/AndroidRuntime( 6948): CheckJNI is OFF
D/dalvikvm( 6948): Trying to load lib libjavacore.so 0x0
D/dalvikvm( 6948): Added shared lib libjavacore.so 0x0
D/dalvikvm( 6948): Trying to load lib libnativehelper.so 0x0
D/dalvikvm( 6948): Added shared lib libnativehelper.so 0x0
D/dalvikvm( 6948): No JNI_OnLoad found in libnativehelper.so 0x0, skipping init
D/dalvikvm( 6948): Note: class Landroid/app/ActivityManagerNative; has 179 unimplemented (abstract) methods
D/AndroidRuntime( 6948): Calling main entry com.android.commands.input.Input
I/Input   ( 6948): injectKeyEvent: KeyEvent { action=ACTION_DOWN, keyCode=KEYCODE_HOME, scanCode=0, metaState=0, flags=0x0, repeatCount=0, eventTime=287439, downTime=287439, deviceId=-1, source=0x101 }
I/Input   ( 6948): injectKeyEvent: KeyEvent { action=ACTION_UP, keyCode=KEYCODE_HOME, scanCode=0, metaState=0, flags=0x0, repeatCount=0, eventTime=287439, downTime=287439, deviceId=-1, source=0x101 }
D/AndroidRuntime( 6948): Shutting down VM
I/ActivityManager(  566): START u0 {act=android.intent.action.MAIN cat=[android.intent.category.HOME] flg=0x10200000 cmp=com.android.launcher/com.android.launcher2.Launcher} from pid 566
D/dalvikvm( 6948): GC_CONCURRENT freed 98K, 16% free 563K/664K, paused 0ms+0ms, total 2ms
D/dalvikvm( 1332): GC_CONCURRENT freed 431K, 5% free 9423K/9900K, paused 3ms+3ms, total 29ms
D/Finsky  ( 1332): [1] 5.onFinished: Installation state replication succeeded.
D/AndroidRuntime( 6989): 
D/AndroidRuntime( 6989): >>>>>> AndroidRuntime START com.android.internal.os.RuntimeInit <<<<<<
D/AndroidRuntime( 6989): CheckJNI is OFF
D/dalvikvm( 6989): Trying to load lib libjavacore.so 0x0
D/dalvikvm( 6989): Added shared lib libjavacore.so 0x0
D/dalvikvm( 6989): Trying to load lib libnativehelper.so 0x0
D/dalvikvm( 6989): Added shared lib libnativehelper.so 0x0
D/dalvikvm( 6989): No JNI_OnLoad found in libnativehelper.so 0x0, skipping init
D/dalvikvm( 6989): Note: class Landroid/app/ActivityManagerNative; has 179 unimplemented (abstract) methods
D/AndroidRuntime( 6989): Calling main entry com.android.commands.input.Input
I/Input   ( 6989): injectKeyEvent: KeyEvent { action=ACTION_DOWN, keyCode=KEYCODE_BACK, scanCode=0, metaState=0, flags=0x0, repeatCount=0, eventTime=288771, downTime=288771, deviceId=-1, source=0x101 }
I/Input   ( 6989): injectKeyEvent: KeyEvent { action=ACTION_UP, keyCode=KEYCODE_BACK, scanCode=0, metaState=0, flags=0x0, repeatCount=0, eventTime=288771, downTime=288771, deviceId=-1, source=0x101 }
D/AndroidRuntime( 6989): Shutting down VM
D/dalvikvm( 6989): GC_CONCURRENT freed 98K, 16% free 563K/664K, paused 0ms+0ms, total 3ms
W/ProcessCpuTracker(  566): Skipping unknown process pid 7018
D/AndroidRuntime( 7033): 
D/AndroidRuntime( 7033): >>>>>> AndroidRuntime START com.android.internal.os.RuntimeInit <<<<<<
D/AndroidRuntime( 7033): CheckJNI is OFF
D/dalvikvm( 7033): Trying to load lib libjavacore.so 0x0
D/dalvikvm( 7033): Added shared lib libjavacore.so 0x0
D/dalvikvm( 7033): Trying to load lib libnativehelper.so 0x0
D/dalvikvm( 7033): Added shared lib libnativehelper.so 0x0
D/dalvikvm( 7033): No JNI_OnLoad found in libnativehelper.so 0x0, skipping init
D/dalvikvm( 7033): Note: class Landroid/app/ActivityManagerNative; has 179 unimplemented (abstract) methods
D/AndroidRuntime( 7033): Calling main entry com.android.commands.am.Am
I/ActivityManager(  566): Force stopping com.careerbuilder.SugarDrone appid=16228 user=0: start instr
D/dalvikvm( 7058): Late-enabling CheckJNI
I/ActivityManager(  566): Start proc com.careerbuilder.SugarDrone for added application com.careerbuilder.SugarDrone: pid=7058 uid=16228 gids={56228, 3003, 1028, 1015}
I/dalvikvm( 7058): Could not find method android.app.Instrumentation.execStartActivity, referenced from method sh.calaba.exposed.InstrumentationExposed.execStartActivity
W/dalvikvm( 7058): VFY: unable to resolve virtual method 38: Landroid/app/Instrumentation;.execStartActivity (Landroid/content/Context;Landroid/os/IBinder;Landroid/os/IBinder;Landroid/app/Activity;Landroid/content/Intent;I)Landroid/app/Instrumentation$ActivityResult;
D/dalvikvm( 7058): VFY: replacing opcode 0x75 at 0x0000
I/dalvikvm( 7058): Could not find method android.app.Instrumentation.execStartActivity, referenced from method sh.calaba.exposed.InstrumentationExposed.execStartActivity
W/dalvikvm( 7058): VFY: unable to resolve virtual method 41: Landroid/app/Instrumentation;.execStartActivity (Landroid/content/Context;Landroid/os/IBinder;Landroid/os/IBinder;Landroid/app/Fragment;Landroid/content/Intent;I)Landroid/app/Instrumentation$ActivityResult;
D/dalvikvm( 7058): VFY: replacing opcode 0x75 at 0x0000
I/dalvikvm( 7058): Could not find method android.app.Instrumentation.execStartActivityAsCaller, referenced from method sh.calaba.exposed.InstrumentationExposed.execStartActivityAsCaller
W/dalvikvm( 7058): VFY: unable to resolve virtual method 43: Landroid/app/Instrumentation;.execStartActivityAsCaller (Landroid/content/Context;Landroid/os/IBinder;Landroid/os/IBinder;Landroid/app/Activity;Landroid/content/Intent;ILandroid/os/Bundle;I)Landroid/app/Instrumentation$ActivityResult;
D/dalvikvm( 7058): VFY: replacing opcode 0x75 at 0x0000
D/dalvikvm( 7058): Trying to load lib /data/app-lib/com.careerbuilder.SugarDrone-1/libmonodroid.so 0x42571c38
D/dalvikvm( 7058): Added shared lib /data/app-lib/com.careerbuilder.SugarDrone-1/libmonodroid.so 0x42571c38
W/monodroid( 7058): Using override path: /data/data/com.careerbuilder.SugarDrone/files/.__override__
W/monodroid( 7058): Trying to load sgen from: /data/data/com.careerbuilder.SugarDrone/files/.__override__/libmonosgen-2.0.so
W/monodroid( 7058): Trying to load sgen from: /storage/emulated/0/Android/data/com.careerbuilder.SugarDrone/files/.__override__/libmonosgen-2.0.so
W/monodroid( 7058): Trying to load sgen from: /data/app-lib/com.careerbuilder.SugarDrone-1/libmonosgen-2.0.so
D/Mono    ( 7058): Image addref mscorlib[0x75903770] -> mscorlib.dll[0x75902b30]: 2
D/Mono    ( 7058): Prepared to set up assembly 'mscorlib' (mscorlib.dll)
D/Mono    ( 7058): AOT module 'mscorlib.dll.so' not found: dlopen failed: library "/data/app-lib/com.careerbuilder.SugarDrone-1/libaot-mscorlib.dll.so" not found
D/Mono    ( 7058): AOT module '/Users/builder/data/lanes/4009/f3074d2c/source/monodroid/builds/install/mono-armv6/lib/mono/aot-cache/arm/mscorlib.dll.so' not found: dlopen failed: library "/data/app-lib/com.careerbuilder.SugarDrone-1/libaot-mscorlib.dll.so" not found
D/Mono    ( 7058): Config attempting to parse: 'mscorlib.dll.config'.
D/Mono    ( 7058): Config attempting to parse: '/Users/builder/data/lanes/4009/f3074d2c/source/monodroid/builds/install/mono-armv6/etc/mono/assemblies/mscorlib/mscorlib.config'.
D/Mono    ( 7058): Assembly mscorlib[0x75903770] added to domain RootDomain, ref_count=1
D/Mono    ( 7058): Image addref CareerBuilder_Search.Droid[0x7a3c6778] -> CareerBuilder_Search.Droid.dll[0x7a3c5ad8]: 2
D/Mono    ( 7058): Prepared to set up assembly 'CareerBuilder_Search.Droid' (CareerBuilder_Search.Droid.dll)
D/Mono    ( 7058): Assembly CareerBuilder_Search.Droid[0x7a3c6778] added to domain RootDomain, ref_count=1
D/Mono    ( 7058): AOT module 'CareerBuilder_Search.Droid.dll.so' not found: dlopen failed: library "/data/app-lib/com.careerbuilder.SugarDrone-1/libaot-CareerBuilder_Search.Droid.dll.so" not found
D/Mono    ( 7058): AOT module '/Users/builder/data/lanes/4009/f3074d2c/source/monodroid/builds/install/mono-armv6/lib/mono/aot-cache/arm/CareerBuilder_Search.Droid.dll.so' not found: dlopen failed: library "/data/app-lib/com.careerbuilder.SugarDrone-1/libaot-CareerBuilder_Search.Droid.dll.so" not found
D/Mono    ( 7058): Config attempting to parse: 'CareerBuilder_Search.Droid.dll.config'.
D/Mono    ( 7058): Config attempting to parse: '/Users/builder/data/lanes/4009/f3074d2c/source/monodroid/builds/install/mono-armv6/etc/mono/assemblies/CareerBuilder_Search.Droid/CareerBuilder_Search.Droid.config'.
D/Mono    ( 7058): Image addref AppsFlyerXamarinBindingAndroid[0x7a3c75e0] -> AppsFlyerXamarinBindingAndroid.dll[0x7a3c6990]: 2
D/Mono    ( 7058): Prepared to set up assembly 'AppsFlyerXamarinBindingAndroid' (AppsFlyerXamarinBindingAndroid.dll)
D/Mono    ( 7058): Assembly AppsFlyerXamarinBindingAndroid[0x7a3c75e0] added to domain RootDomain, ref_count=1
D/Mono    ( 7058): AOT module 'AppsFlyerXamarinBindingAndroid.dll.so' not found: dlopen failed: library "/data/app-lib/com.careerbuilder.SugarDrone-1/libaot-AppsFlyerXamarinBindingAndroid.dll.so" not found
D/Mono    ( 7058): AOT module '/Users/builder/data/lanes/4009/f3074d2c/source/monodroid/builds/install/mono-armv6/lib/mono/aot-cache/arm/AppsFlyerXamarinBindingAndroid.dll.so' not found: dlopen failed: library "/data/app-lib/com.careerbuilder.SugarDrone-1/libaot-AppsFlyerXamarinBindingAndroid.dll.so" not found
D/Mono    ( 7058): Config attempting to parse: 'AppsFlyerXamarinBindingAndroid.dll.config'.
D/Mono    ( 7058): Config attempting to parse: '/Users/builder/data/lanes/4009/f3074d2c/source/monodroid/builds/install/mono-armv6/etc/mono/assemblies/AppsFlyerXamarinBindingAndroid/AppsFlyerXamarinBindingAndroid.config'.
D/Mono    ( 7058): Image addref HockeySDK[0x7a3c8300] -> HockeySDK.dll[0x7a3c76e0]: 2
D/Mono    ( 7058): Prepared to set up assembly 'HockeySDK' (HockeySDK.dll)
D/Mono    ( 7058): Assembly HockeySDK[0x7a3c8300] added to domain RootDomain, ref_count=1
D/Mono    ( 7058): AOT module 'HockeySDK.dll.so' not found: dlopen failed: library "/data/app-lib/com.careerbuilder.SugarDrone-1/libaot-HockeySDK.dll.so" not found
D/Mono    ( 7058): AOT module '/Users/builder/data/lanes/4009/f3074d2c/source/monodroid/builds/install/mono-armv6/lib/mono/aot-cache/arm/HockeySDK.dll.so' not found: dlopen failed: library "/data/app-lib/com.careerbuilder.SugarDrone-1/libaot-HockeySDK.dll.so" not found
D/Mono    ( 7058): Config attempting to parse: 'HockeySDK.dll.config'.
D/Mono    ( 7058): Config attempting to parse: '/Users/builder/data/lanes/4009/f3074d2c/source/monodroid/builds/install/mono-armv6/etc/mono/assemblies/HockeySDK/HockeySDK.config'.
D/Mono    ( 7058): Image addref Akavache[0x7a3e60a8] -> Akavache.dll[0x7a3c83e8]: 2
D/Mono    ( 7058): Prepared to set up assembly 'Akavache' (Akavache.dll)
D/Mono    ( 7058): Assembly Akavache[0x7a3e60a8] added to domain RootDomain, ref_count=1
D/Mono    ( 7058): AOT module 'Akavache.dll.so' not found: dlopen failed: library "/data/app-lib/com.careerbuilder.SugarDrone-1/libaot-Akavache.dll.so" not found
D/Mono    ( 7058): AOT module '/Users/builder/data/lanes/4009/f3074d2c/source/monodroid/builds/install/mono-armv6/lib/mono/aot-cache/arm/Akavache.dll.so' not found: dlopen failed: library "/data/app-lib/com.careerbuilder.SugarDrone-1/libaot-Akavache.dll.so" not found
D/Mono    ( 7058): Config attempting to parse: 'Akavache.dll.config'.
D/Mono    ( 7058): Config attempting to parse: '/Users/builder/data/lanes/4009/f3074d2c/source/monodroid/builds/install/mono-armv6/etc/mono/assemblies/Akavache/Akavache.config'.
D/Mono    ( 7058): Image addref Akavache.Sqlite3[0x7a3e6e18] -> Akavache.Sqlite3.dll[0x7a3e61c8]: 2
D/Mono    ( 7058): Prepared to set up assembly 'Akavache.Sqlite3' (Akavache.Sqlite3.dll)
D/Mono    ( 7058): Assembly Akavache.Sqlite3[0x7a3e6e18] added to domain RootDomain, ref_count=1
D/Mono    ( 7058): AOT module 'Akavache.Sqlite3.dll.so' not found: dlopen failed: library "/data/app-lib/com.careerbuilder.SugarDrone-1/libaot-Akavache.Sqlite3.dll.so" not found
D/Mono    ( 7058): AOT module '/Users/builder/data/lanes/4009/f3074d2c/source/monodroid/builds/install/mono-armv6/lib/mono/aot-cache/arm/Akavache.Sqlite3.dll.so' not found: dlopen failed: library "/data/app-lib/com.careerbuilder.SugarDrone-1/libaot-Akavache.Sqlite3.dll.so" not found
W/        ( 7058): Symbol file LoadedFromMemory doesn't match image Akavache.Sqlite3.dll
D/Mono    ( 7058): Config attempting to parse: 'Akavache.Sqlite3.dll.config'.
D/Mono    ( 7058): Config attempting to parse: '/Users/builder/data/lanes/4009/f3074d2c/source/monodroid/builds/install/mono-armv6/etc/mono/assemblies/Akavache.Sqlite3/Akavache.Sqlite3.config'.
D/Mono    ( 7058): Image addref Splat[0x7a3e7b48] -> Splat.dll[0x7a3e6f08]: 2
D/Mono    ( 7058): Prepared to set up assembly 'Splat' (Splat.dll)
D/Mono    ( 7058): Assembly Splat[0x7a3e7b48] added to domain RootDomain, ref_count=1
D/Mono    ( 7058): AOT module 'Splat.dll.so' not found: dlopen failed: library "/data/app-lib/com.careerbuilder.SugarDrone-1/libaot-Splat.dll.so" not found
D/Mono    ( 7058): AOT module '/Users/builder/data/lanes/4009/f3074d2c/source/monodroid/builds/install/mono-armv6/lib/mono/aot-cache/arm/Splat.dll.so' not found: dlopen failed: library "/data/app-lib/com.careerbuilder.SugarDrone-1/libaot-Splat.dll.so" not found
D/Mono    ( 7058): Config attempting to parse: 'Splat.dll.config'.
D/Mono    ( 7058): Config attempting to parse: '/Users/builder/data/lanes/4009/f3074d2c/source/monodroid/builds/install/mono-armv6/etc/mono/assemblies/Splat/Splat.config'.
D/Mono    ( 7058): Image addref Microsoft.Practices.ServiceLocation[0x7a3eb960] -> Microsoft.Practices.ServiceLocation.dll[0x7a3ead20]: 2
D/Mono    ( 7058): Prepared to set up assembly 'Microsoft.Practices.ServiceLocation' (Microsoft.Practices.ServiceLocation.dll)
D/Mono    ( 7058): Assembly Microsoft.Practices.ServiceLocation[0x7a3eb960] added to domain RootDomain, ref_count=1
D/Mono    ( 7058): AOT module 'Microsoft.Practices.ServiceLocation.dll.so' not found: dlopen failed: library "/data/app-lib/com.careerbuilder.SugarDrone-1/libaot-Microsoft.Practices.ServiceLocation.dll.so" not found
D/Mono    ( 7058): AOT module '/Users/builder/data/lanes/4009/f3074d2c/source/monodroid/builds/install/mono-armv6/lib/mono/aot-cache/arm/Microsoft.Practices.ServiceLocation.dll.so' not found: dlopen failed: library "/data/app-lib/com.careerbuilder.SugarDrone-1/libaot-Microsoft.Practices.ServiceLocation.dll.so" not found
D/Mono    ( 7058): Config attempting to parse: 'Microsoft.Practices.ServiceLocation.dll.config'.
D/Mono    ( 7058): Config attempting to parse: '/Users/builder/data/lanes/4009/f3074d2c/source/monodroid/builds/install/mono-armv6/etc/mono/assemblies/Microsoft.Practices.ServiceLocation/Microsoft.Practices.ServiceLocation.config'.
D/Mono    ( 7058): Image addref Microsoft.Practices.Unity[0x7a3ecf48] -> Microsoft.Practices.Unity.dll[0x7a3ec2d8]: 2
D/Mono    ( 7058): Prepared to set up assembly 'Microsoft.Practices.Unity' (Microsoft.Practices.Unity.dll)
D/Mono    ( 7058): Assembly Microsoft.Practices.Unity[0x7a3ecf48] added to domain RootDomain, ref_count=1
D/Mono    ( 7058): AOT module 'Microsoft.Practices.Unity.dll.so' not found: dlopen failed: library "/data/app-lib/com.careerbuilder.SugarDrone-1/libaot-Microsoft.Practices.Unity.dll.so" not found
D/Mono    ( 7058): AOT module '/Users/builder/data/lanes/4009/f3074d2c/source/monodroid/builds/install/mono-armv6/lib/mono/aot-cache/arm/Microsoft.Practices.Unity.dll.so' not found: dlopen failed: library "/data/app-lib/com.careerbuilder.SugarDrone-1/libaot-Microsoft.Practices.Unity.dll.so" not found
D/Mono    ( 7058): Config attempting to parse: 'Microsoft.Practices.Unity.dll.config'.
D/Mono    ( 7058): Config attempting to parse: '/Users/builder/data/lanes/4009/f3074d2c/source/monodroid/builds/install/mono-armv6/etc/mono/assemblies/Microsoft.Practices.Unity/Microsoft.Practices.Unity.config'.
D/Mono    ( 7058): Image addref Plugin.CurrentActivity[0x7a3edc98] -> Plugin.CurrentActivity.dll[0x7a3ed068]: 2
D/Mono    ( 7058): Prepared to set up assembly 'Plugin.CurrentActivity' (Plugin.CurrentActivity.dll)
D/Mono    ( 7058): Assembly Plugin.CurrentActivity[0x7a3edc98] added to domain RootDomain, ref_count=1
D/Mono    ( 7058): AOT module 'Plugin.CurrentActivity.dll.so' not found: dlopen failed: library "/data/app-lib/com.careerbuilder.SugarDrone-1/libaot-Plugin.CurrentActivity.dll.so" not found
D/Mono    ( 7058): AOT module '/Users/builder/data/lanes/4009/f3074d2c/source/monodroid/builds/install/mono-armv6/lib/mono/aot-cache/arm/Plugin.CurrentActivity.dll.so' not found: dlopen failed: library "/data/app-lib/com.careerbuilder.SugarDrone-1/libaot-Plugin.CurrentActivity.dll.so" not found
D/Mono    ( 7058): Config attempting to parse: 'Plugin.CurrentActivity.dll.config'.
D/Mono    ( 7058): Config attempting to parse: '/Users/builder/data/lanes/4009/f3074d2c/source/monodroid/builds/install/mono-armv6/etc/mono/assemblies/Plugin.CurrentActivity/Plugin.CurrentActivity.config'.
D/Mono    ( 7058): Image addref Plugin.Permissions[0x7a3ee9e8] -> Plugin.Permissions.dll[0x7a3eddc8]: 2
D/Mono    ( 7058): Prepared to set up assembly 'Plugin.Permissions' (Plugin.Permissions.dll)
D/Mono    ( 7058): Assembly Plugin.Permissions[0x7a3ee9e8] added to domain RootDomain, ref_count=1
D/Mono    ( 7058): AOT module 'Plugin.Permissions.dll.so' not found: dlopen failed: library "/data/app-lib/com.careerbuilder.SugarDrone-1/libaot-Plugin.Permissions.dll.so" not found
D/Mono    ( 7058): AOT module '/Users/builder/data/lanes/4009/f3074d2c/source/monodroid/builds/install/mono-armv6/lib/mono/aot-cache/arm/Plugin.Permissions.dll.so' not found: dlopen failed: library "/data/app-lib/com.careerbuilder.SugarDrone-1/libaot-Plugin.Permissions.dll.so" not found
D/Mono    ( 7058): Config attempting to parse: 'Plugin.Permissions.dll.config'.
D/Mono    ( 7058): Config attempting to parse: '/Users/builder/data/lanes/4009/f3074d2c/source/monodroid/builds/install/mono-armv6/etc/mono/assemblies/Plugin.Permissions/Plugin.Permissions.config'.
D/Mono    ( 7058): Image addref Plugin.Permissions.Abstractions[0x7a3f0108] -> Plugin.Permissions.Abstractions.dll[0x7a3ef4a8]: 2
D/Mono    ( 7058): Prepared to set up assembly 'Plugin.Permissions.Abstractions' (Plugin.Permissions.Abstractions.dll)
D/Mono    ( 7058): Assembly Plugin.Permissions.Abstractions[0x7a3f0108] added to domain RootDomain, ref_count=1
D/Mono    ( 7058): AOT module 'Plugin.Permissions.Abstractions.dll.so' not found: dlopen failed: library "/data/app-lib/com.careerbuilder.SugarDrone-1/libaot-Plugin.Permissions.Abstractions.dll.so" not found
D/Mono    ( 7058): AOT module '/Users/builder/data/lanes/4009/f3074d2c/source/monodroid/builds/install/mono-armv6/lib/mono/aot-cache/arm/Plugin.Permissions.Abstractions.dll.so' not found: dlopen failed: library "/data/app-lib/com.careerbuilder.SugarDrone-1/libaot-Plugin.Permissions.Abstractions.dll.so" not found
D/Mono    ( 7058): Config attempting to parse: 'Plugin.Permissions.Abstractions.dll.config'.
D/Mono    ( 7058): Config attempting to parse: '/Users/builder/data/lanes/4009/f3074d2c/source/monodroid/builds/install/mono-armv6/etc/mono/assemblies/Plugin.Permissions.Abstractions/Plugin.Permissions.Abstractions.config'.
D/Mono    ( 7058): Image addref Plugin.Geolocator[0x7a3f0fb8] -> Plugin.Geolocator.dll[0x7a3f0368]: 2
D/Mono    ( 7058): Prepared to set up assembly 'Plugin.Geolocator' (Plugin.Geolocator.dll)
D/Mono    ( 7058): Assembly Plugin.Geolocator[0x7a3f0fb8] added to domain RootDomain, ref_count=1
D/Mono    ( 7058): AOT module 'Plugin.Geolocator.dll.so' not found: dlopen failed: library "/data/app-lib/com.careerbuilder.SugarDrone-1/libaot-Plugin.Geolocator.dll.so" not found
D/Mono    ( 7058): AOT module '/Users/builder/data/lanes/4009/f3074d2c/source/monodroid/builds/install/mono-armv6/lib/mono/aot-cache/arm/Plugin.Geolocator.dll.so' not found: dlopen failed: library "/data/app-lib/com.careerbuilder.SugarDrone-1/libaot-Plugin.Geolocator.dll.so" not found
D/Mono    ( 7058): Config attempting to parse: 'Plugin.Geolocator.dll.config'.
D/Mono    ( 7058): Config attempting to parse: '/Users/builder/data/lanes/4009/f3074d2c/source/monodroid/builds/install/mono-armv6/etc/mono/assemblies/Plugin.Geolocator/Plugin.Geolocator.config'.
D/Mono    ( 7058): Image addref Plugin.Geolocator.Abstractions[0x7a3f2f50] -> Plugin.Geolocator.Abstractions.dll[0x7a3f2338]: 2
D/Mono    ( 7058): Prepared to set up assembly 'Plugin.Geolocator.Abstractions' (Plugin.Geolocator.Abstractions.dll)
D/Mono    ( 7058): Assembly Plugin.Geolocator.Abstractions[0x7a3f2f50] added to domain RootDomain, ref_count=1
D/Mono    ( 7058): AOT module 'Plugin.Geolocator.Abstractions.dll.so' not found: dlopen failed: library "/data/app-lib/com.careerbuilder.SugarDrone-1/libaot-Plugin.Geolocator.Abstractions.dll.so" not found
D/Mono    ( 7058): AOT module '/Users/builder/data/lanes/4009/f3074d2c/source/monodroid/builds/install/mono-armv6/lib/mono/aot-cache/arm/Plugin.Geolocator.Abstractions.dll.so' not found: dlopen failed: library "/data/app-lib/com.careerbuilder.SugarDrone-1/libaot-Plugin.Geolocator.Abstractions.dll.so" not found
D/Mono    ( 7058): Config attempting to parse: 'Plugin.Geolocator.Abstractions.dll.config'.
D/Mono    ( 7058): Config attempting to parse: '/Users/builder/data/lanes/4009/f3074d2c/source/monodroid/builds/install/mono-armv6/etc/mono/assemblies/Plugin.Geolocator.Abstractions/Plugin.Geolocator.Abstractions.config'.
D/Mono    ( 7058): Image addref Plugin.DeviceInfo[0x7a3f42c8] -> Plugin.DeviceInfo.dll[0x7a3f3668]: 2
D/Mono    ( 7058): Prepared to set up assembly 'Plugin.DeviceInfo' (Plugin.DeviceInfo.dll)
D/Mono    ( 7058): Assembly Plugin.DeviceInfo[0x7a3f42c8] added to domain RootDomain, ref_count=1
D/Mono    ( 7058): AOT module 'Plugin.DeviceInfo.dll.so' not found: dlopen failed: library "/data/app-lib/com.careerbuilder.SugarDrone-1/libaot-Plugin.DeviceInfo.dll.so" not found
D/Mono    ( 7058): AOT module '/Users/builder/data/lanes/4009/f3074d2c/source/monodroid/builds/install/mono-armv6/lib/mono/aot-cache/arm/Plugin.DeviceInfo.dll.so' not found: dlopen failed: library "/data/app-lib/com.careerbuilder.SugarDrone-1/libaot-Plugin.DeviceInfo.dll.so" not found
D/Mono    ( 7058): Config attempting to parse: 'Plugin.DeviceInfo.dll.config'.
D/Mono    ( 7058): Config attempting to parse: '/Users/builder/data/lanes/4009/f3074d2c/source/monodroid/builds/install/mono-armv6/etc/mono/assemblies/Plugin.DeviceInfo/Plugin.DeviceInfo.config'.
D/Mono    ( 7058): Image addref Plugin.DeviceInfo.Abstractions[0x7a3f54b8] -> Plugin.DeviceInfo.Abstractions.dll[0x7a3f4848]: 2
D/Mono    ( 7058): Prepared to set up assembly 'Plugin.DeviceInfo.Abstractions' (Plugin.DeviceInfo.Abstractions.dll)
D/Mono    ( 7058): Assembly Plugin.DeviceInfo.Abstractions[0x7a3f54b8] added to domain RootDomain, ref_count=1
D/Mono    ( 7058): AOT module 'Plugin.DeviceInfo.Abstractions.dll.so' not found: dlopen failed: library "/data/app-lib/com.careerbuilder.SugarDrone-1/libaot-Plugin.DeviceInfo.Abstractions.dll.so" not found
D/Mono    ( 7058): AOT module '/Users/builder/data/lanes/4009/f3074d2c/source/monodroid/builds/install/mono-armv6/lib/mono/aot-cache/arm/Plugin.DeviceInfo.Abstractions.dll.so' not found: dlopen failed: library "/data/app-lib/com.careerbuilder.SugarDrone-1/libaot-Plugin.DeviceInfo.Abstractions.dll.so" not found
D/Mono    ( 7058): Config attempting to parse: 'Plugin.DeviceInfo.Abstractions.dll.config'.
D/Mono    ( 7058): Config attempting to parse: '/Users/builder/data/lanes/4009/f3074d2c/source/monodroid/builds/install/mono-armv6/etc/mono/assemblies/Plugin.DeviceInfo.Abstractions/Plugin.DeviceInfo.Abstractions.config'.
D/Mono    ( 7058): Image addref Xamarin.GooglePlayServices.Analytics[0x7a3f63a0] -> Xamarin.GooglePlayServices.Analytics.dll[0x7a3f5790]: 2
D/Mono    ( 7058): Prepared to set up assembly 'Xamarin.GooglePlayServices.Analytics' (Xamarin.GooglePlayServices.Analytics.dll)
D/Mono    ( 7058): Assembly Xamarin.GooglePlayServices.Analytics[0x7a3f63a0] added to domain RootDomain, ref_count=1
D/Mono    ( 7058): AOT module 'Xamarin.GooglePlayServices.Analytics.dll.so' not found: dlopen failed: library "/data/app-lib/com.careerbuilder.SugarDrone-1/libaot-Xamarin.GooglePlayServices.Analytics.dll.so" not found
