<![CDATA[
]]><xtc-scenario name="[0-1043]CareerBuilder_Search.DroidFeatureTests.JDPTests.EmploymentTypeShouldNotVisible" id="[0-1043]CareerBuilder_Search.DroidFeatureTests.JDPTests.EmploymentTypeShouldNotVisible"><![CDATA[

]]><xtc-step name="[0-1043]CareerBuilder_Search.DroidFeatureTests.JDPTests.EmploymentTypeShouldNotVisible-EmploymentTypeShouldNotVisible" id="[0-1043]CareerBuilder_Search.DroidFeatureTests.JDPTests.EmploymentTypeShouldNotVisible-EmploymentTypeShouldNotVisible"><![CDATA[
D/AndroidRuntime( 5135): 
D/AndroidRuntime( 5135): >>>>>> AndroidRuntime START com.android.internal.os.RuntimeInit <<<<<<
D/AndroidRuntime( 5135): CheckJNI is OFF
D/dalvikvm( 5135): Trying to load lib libjavacore.so 0x0
D/dalvikvm( 5135): Added shared lib libjavacore.so 0x0
D/dalvikvm( 5135): Trying to load lib libnativehelper.so 0x0
D/dalvikvm( 5135): Added shared lib libnativehelper.so 0x0
D/dalvikvm( 5135): No JNI_OnLoad found in libnativehelper.so 0x0, skipping init
D/dalvikvm( 5135): Note: class Landroid/app/ActivityManagerNative; has 179 unimplemented (abstract) methods
D/AndroidRuntime( 5135): Calling main entry com.android.commands.pm.Pm
D/AndroidRuntime( 5135): Shutting down VM
D/dalvikvm( 5135): GC_CONCURRENT freed 248K, 31% free 567K/820K, paused 0ms+0ms, total 3ms
D/AndroidRuntime( 5263): 
D/AndroidRuntime( 5263): >>>>>> AndroidRuntime START com.android.internal.os.RuntimeInit <<<<<<
D/AndroidRuntime( 5263): CheckJNI is OFF
D/dalvikvm( 5263): Trying to load lib libjavacore.so 0x0
D/dalvikvm( 5263): Added shared lib libjavacore.so 0x0
D/dalvikvm( 5263): Trying to load lib libnativehelper.so 0x0
D/dalvikvm( 5263): Added shared lib libnativehelper.so 0x0
D/dalvikvm( 5263): No JNI_OnLoad found in libnativehelper.so 0x0, skipping init
D/dalvikvm( 5263): Note: class Landroid/app/ActivityManagerNative; has 179 unimplemented (abstract) methods
D/AndroidRuntime( 5263): Calling main entry com.android.commands.am.Am
D/AndroidRuntime( 5263): Shutting down VM
D/dalvikvm( 5263): GC_CONCURRENT freed 93K, 15% free 553K/648K, paused 1ms+0ms, total 3ms
--------- beginning of /dev/log/system
W/ActivityManager(  571): Invalid packageName: com.careerbuilder.SugarDrone
D/AndroidRuntime( 5874): 
D/AndroidRuntime( 5874): >>>>>> AndroidRuntime START com.android.internal.os.RuntimeInit <<<<<<
D/AndroidRuntime( 5874): CheckJNI is OFF
D/dalvikvm( 5874): Trying to load lib libjavacore.so 0x0
D/dalvikvm( 5874): Added shared lib libjavacore.so 0x0
D/dalvikvm( 5874): Trying to load lib libnativehelper.so 0x0
D/dalvikvm( 5874): Added shared lib libnativehelper.so 0x0
D/dalvikvm( 5874): No JNI_OnLoad found in libnativehelper.so 0x0, skipping init
D/dalvikvm( 5874): Note: class Landroid/app/ActivityManagerNative; has 179 unimplemented (abstract) methods
D/AndroidRuntime( 5874): Calling main entry com.android.commands.pm.Pm
W/ActivityManager(  571): No content provider found for permission revoke: file:///data/local/tmp/0000001474
W/ActivityManager(  571): No content provider found for permission revoke: file:///data/local/tmp/0000001474
I/PackageManager(  571): Copying native libraries to /data/app-lib/vmdl160137247
D/dalvikvm(  571): GC_FOR_ALLOC freed 948K, 12% free 19840K/22448K, paused 64ms, total 65ms
D/dalvikvm(  571): GC_FOR_ALLOC freed 595K, 12% free 20055K/22576K, paused 61ms, total 61ms
D/dalvikvm(  571): GC_CONCURRENT freed 2101K, 10% free 20726K/22868K, paused 3ms+6ms, total 75ms
D/dalvikvm(  571): WAIT_FOR_CONCURRENT_GC blocked 65ms
D/dalvikvm(  571): GC_FOR_ALLOC freed 2708K, 13% free 20749K/23708K, paused 73ms, total 73ms
D/dalvikvm(  571): GC_FOR_ALLOC freed 2755K, 13% free 20768K/23732K, paused 70ms, total 70ms
D/dalvikvm(  571): GC_CONCURRENT freed 2793K, 13% free 20805K/23756K, paused 9ms+6ms, total 121ms
D/dalvikvm(  571): WAIT_FOR_CONCURRENT_GC blocked 112ms
I/PackageManager(  571): Running dexopt on: com.careerbuilder.SugarDrone
W/dalvikvm( 5963): method Landroid/support/v7/widget/ListViewCompat;.lookForSelectablePosition incorrectly overrides package-private method with same name in Landroid/widget/ListView;
D/dalvikvm( 5963): DexOpt: couldn't find static field Landroid/os/Build;.SUPPORTED_ABIS
D/dalvikvm( 5963): DexOpt: load 293ms, verify+opt 1863ms, 3733380 bytes
I/ActivityManager(  571): Force stopping com.careerbuilder.SugarDrone appid=16214 user=-1: update pkg
W/PackageManager(  571): Not granting permission android.permission.MANAGE_DOCUMENTS to package com.careerbuilder.SugarDrone (protectionLevel=2 flags=0x8be46)
W/PackageManager(  571): Not granting permission android.permission.MOUNT_UNMOUNT_FILESYSTEMS to package com.careerbuilder.SugarDrone (protectionLevel=18 flags=0x8be46)
I/InputReader(  571): Reconfiguring input devices.  changes=0x00000010
D/dalvikvm(  571): WAIT_FOR_CONCURRENT_GC blocked 1ms
D/dalvikvm(  828): GC_CONCURRENT freed 453K, 7% free 9244K/9836K, paused 2ms+1ms, total 16ms
I/Icing.InternalIcingCorporaProvider( 1398): Updating corpora: A: com.careerbuilder.SugarDrone, C: MAYBE
D/dalvikvm( 2012): GC_FOR_ALLOC freed 244K, 3% free 18099K/18656K, paused 20ms, total 21ms
D/BackupManagerService(  571): Received broadcast Intent { act=android.intent.action.PACKAGE_ADDED dat=package:com.careerbuilder.SugarDrone flg=0x4000010 (has extras) }
I/ActivityManager(  571): Delay finish: com.google.android.gms/.games.chimera.GamesSystemBroadcastReceiverProxy
V/BackupManagerService(  571): addPackageParticipantsLocked: #1
I/PeopleContactsSync(  890): triggerPendingContactsCleanup: no accounts
D/Wear_Controller(  890): Received broadcast action=android.intent.action.PACKAGE_ADDED and uri=com.careerbuilder.SugarDrone
W/IcingInternalCorpora(  890): getNumBytesRead when not calculated.
I/Icing   (  890): Usage reports 0 indexed 0 rejected 0 imm upload true
I/Icing.InternalIcingCorporaProvider( 1398): UpdateCorporaTask done [took 198 ms] updated apps [took 198 ms] 
I/ActivityManager(  571): Resuming delayed broadcast
D/dalvikvm(  571): GC_EXPLICIT freed 1325K, 12% free 20905K/23756K, paused 56ms+29ms, total 355ms
D/AndroidRuntime( 5874): Shutting down VM
D/dalvikvm( 5874): GC_CONCURRENT freed 95K, 15% free 561K/660K, paused 0ms+0ms, total 2ms
I/Icing   (  890): Usage reports 0 indexed 0 rejected 0 imm upload false
I/Icing   (  890): Usage reports 0 indexed 0 rejected 0 imm upload false
D/dalvikvm(  890): GC_CONCURRENT freed 1121K, 12% free 12546K/14180K, paused 4ms+10ms, total 51ms
D/AndroidRuntime( 6063): 
D/AndroidRuntime( 6063): >>>>>> AndroidRuntime START com.android.internal.os.RuntimeInit <<<<<<
D/AndroidRuntime( 6063): CheckJNI is OFF
D/dalvikvm( 6063): Trying to load lib libjavacore.so 0x0
D/dalvikvm( 6063): Added shared lib libjavacore.so 0x0
D/dalvikvm( 6063): Trying to load lib libnativehelper.so 0x0
D/dalvikvm( 6063): Added shared lib libnativehelper.so 0x0
D/dalvikvm( 6063): No JNI_OnLoad found in libnativehelper.so 0x0, skipping init
D/dalvikvm( 6063): Note: class Landroid/app/ActivityManagerNative; has 179 unimplemented (abstract) methods
I/Icing   (  890): Indexing 51913DCE11206AD5493A298902DFB4629E7C2319 from com.google.android.googlequicksearchbox
D/dalvikvm( 1398): GC_CONCURRENT freed 536K, 7% free 9481K/10116K, paused 2ms+1ms, total 20ms
D/AndroidRuntime( 6063): Calling main entry com.android.commands.settings.SettingsCmd
D/AndroidRuntime( 6063): Shutting down VM
D/dalvikvm( 6063): GC_CONCURRENT freed 96K, 16% free 562K/664K, paused 0ms+0ms, total 2ms
I/Icing   (  890): Indexing done 51913DCE11206AD5493A298902DFB4629E7C2319
I/Icing   (  890): Indexing 20DD4C980DC9932934B14C611F3A585B39FE1847 from com.google.android.gms
D/dalvikvm(  890): GC_CONCURRENT freed 1085K, 11% free 12670K/14180K, paused 8ms+5ms, total 52ms
D/dalvikvm(  890): WAIT_FOR_CONCURRENT_GC blocked 30ms
D/dalvikvm(  890): GC_CONCURRENT freed 1039K, 10% free 12846K/14180K, paused 3ms+5ms, total 55ms
D/AndroidRuntime( 6093): 
D/AndroidRuntime( 6093): >>>>>> AndroidRuntime START com.android.internal.os.RuntimeInit <<<<<<
D/AndroidRuntime( 6093): CheckJNI is OFF
D/dalvikvm( 6093): Trying to load lib libjavacore.so 0x0
D/dalvikvm( 6093): Added shared lib libjavacore.so 0x0
D/dalvikvm( 6093): Trying to load lib libnativehelper.so 0x0
D/dalvikvm( 6093): Added shared lib libnativehelper.so 0x0
D/dalvikvm( 6093): No JNI_OnLoad found in libnativehelper.so 0x0, skipping init
I/Icing   (  890): Indexing done 20DD4C980DC9932934B14C611F3A585B39FE1847
D/dalvikvm( 6093): Note: class Landroid/app/ActivityManagerNative; has 179 unimplemented (abstract) methods
D/AndroidRuntime( 6093): Calling main entry com.android.commands.settings.SettingsCmd
D/AndroidRuntime( 6093): Shutting down VM
D/dalvikvm( 6093): GC_CONCURRENT freed 96K, 15% free 562K/660K, paused 0ms+1ms, total 2ms
D/AndroidRuntime( 6120): 
D/AndroidRuntime( 6120): >>>>>> AndroidRuntime START com.android.internal.os.RuntimeInit <<<<<<
D/AndroidRuntime( 6120): CheckJNI is OFF
D/dalvikvm( 6120): Trying to load lib libjavacore.so 0x0
D/dalvikvm( 6120): Added shared lib libjavacore.so 0x0
D/dalvikvm( 6120): Trying to load lib libnativehelper.so 0x0
D/dalvikvm( 6120): Added shared lib libnativehelper.so 0x0
D/dalvikvm( 6120): No JNI_OnLoad found in libnativehelper.so 0x0, skipping init
D/dalvikvm( 6120): Note: class Landroid/app/ActivityManagerNative; has 179 unimplemented (abstract) methods
D/AndroidRuntime( 6120): Calling main entry com.android.commands.settings.SettingsCmd
D/AndroidRuntime( 6120): Shutting down VM
D/dalvikvm( 6120): GC_CONCURRENT freed 96K, 15% free 562K/660K, paused 0ms+1ms, total 2ms
D/AndroidRuntime( 6154): 
D/AndroidRuntime( 6154): >>>>>> AndroidRuntime START com.android.internal.os.RuntimeInit <<<<<<
D/AndroidRuntime( 6154): CheckJNI is OFF
D/dalvikvm( 6154): Trying to load lib libjavacore.so 0x0
D/dalvikvm( 6154): Added shared lib libjavacore.so 0x0
D/dalvikvm( 6154): Trying to load lib libnativehelper.so 0x0
D/dalvikvm( 6154): Added shared lib libnativehelper.so 0x0
D/dalvikvm( 6154): No JNI_OnLoad found in libnativehelper.so 0x0, skipping init
D/dalvikvm( 6154): Note: class Landroid/app/ActivityManagerNative; has 179 unimplemented (abstract) methods
D/AndroidRuntime( 6154): Calling main entry com.android.commands.settings.SettingsCmd
D/AndroidRuntime( 6154): Shutting down VM
D/dalvikvm( 6154): GC_CONCURRENT freed 96K, 15% free 562K/660K, paused 0ms+0ms, total 2ms
D/AndroidRuntime( 6185): 
D/AndroidRuntime( 6185): >>>>>> AndroidRuntime START com.android.internal.os.RuntimeInit <<<<<<
D/AndroidRuntime( 6185): CheckJNI is OFF
D/dalvikvm( 6185): Trying to load lib libjavacore.so 0x0
D/dalvikvm( 6185): Added shared lib libjavacore.so 0x0
D/dalvikvm( 6185): Trying to load lib libnativehelper.so 0x0
D/dalvikvm( 6185): Added shared lib libnativehelper.so 0x0
D/dalvikvm( 6185): No JNI_OnLoad found in libnativehelper.so 0x0, skipping init
D/dalvikvm( 6185): Note: class Landroid/app/ActivityManagerNative; has 179 unimplemented (abstract) methods
D/AndroidRuntime( 6185): Calling main entry com.android.commands.settings.SettingsCmd
D/AndroidRuntime( 6185): Shutting down VM
D/dalvikvm( 6185): GC_CONCURRENT freed 96K, 15% free 562K/660K, paused 0ms+0ms, total 3ms
D/AndroidRuntime( 6219): 
D/AndroidRuntime( 6219): >>>>>> AndroidRuntime START com.android.internal.os.RuntimeInit <<<<<<
D/AndroidRuntime( 6219): CheckJNI is OFF
D/dalvikvm( 6219): Trying to load lib libjavacore.so 0x0
D/dalvikvm( 6219): Added shared lib libjavacore.so 0x0
D/dalvikvm( 6219): Trying to load lib libnativehelper.so 0x0
D/dalvikvm( 6219): Added shared lib libnativehelper.so 0x0
D/dalvikvm( 6219): No JNI_OnLoad found in libnativehelper.so 0x0, skipping init
D/dalvikvm( 6219): Note: class Landroid/app/ActivityManagerNative; has 179 unimplemented (abstract) methods
D/AndroidRuntime( 6219): Calling main entry com.android.commands.settings.SettingsCmd
D/AndroidRuntime( 6219): Shutting down VM
D/dalvikvm( 6219): GC_CONCURRENT freed 96K, 15% free 562K/660K, paused 0ms+0ms, total 3ms
D/AndroidRuntime( 6251): 
D/AndroidRuntime( 6251): >>>>>> AndroidRuntime START com.android.internal.os.RuntimeInit <<<<<<
D/AndroidRuntime( 6251): CheckJNI is OFF
D/dalvikvm( 6251): Trying to load lib libjavacore.so 0x0
D/dalvikvm( 6251): Added shared lib libjavacore.so 0x0
D/dalvikvm( 6251): Trying to load lib libnativehelper.so 0x0
D/dalvikvm( 6251): Added shared lib libnativehelper.so 0x0
D/dalvikvm( 6251): No JNI_OnLoad found in libnativehelper.so 0x0, skipping init
D/dalvikvm( 6251): Note: class Landroid/app/ActivityManagerNative; has 179 unimplemented (abstract) methods
D/AndroidRuntime( 6251): Calling main entry com.android.commands.pm.Pm
D/AndroidRuntime( 6251): Shutting down VM
D/dalvikvm( 6251): GC_CONCURRENT freed 249K, 31% free 567K/820K, paused 0ms+0ms, total 3ms
D/dalvikvm(  571): GC_CONCURRENT freed 4240K, 18% free 19578K/23856K, paused 2ms+6ms, total 80ms
D/AndroidRuntime( 6326): 
D/AndroidRuntime( 6326): >>>>>> AndroidRuntime START com.android.internal.os.RuntimeInit <<<<<<
D/AndroidRuntime( 6326): CheckJNI is OFF
D/dalvikvm( 6326): Trying to load lib libjavacore.so 0x0
D/dalvikvm( 6326): Added shared lib libjavacore.so 0x0
D/dalvikvm( 6326): Trying to load lib libnativehelper.so 0x0
D/dalvikvm( 6326): Added shared lib libnativehelper.so 0x0
D/dalvikvm( 6326): No JNI_OnLoad found in libnativehelper.so 0x0, skipping init
D/dalvikvm( 6326): Note: class Landroid/app/ActivityManagerNative; has 179 unimplemented (abstract) methods
D/AndroidRuntime( 6326): Calling main entry com.android.commands.pm.Pm
D/AndroidRuntime( 6326): Shutting down VM
D/dalvikvm( 6326): GC_CONCURRENT freed 249K, 31% free 567K/820K, paused 1ms+0ms, total 3ms
D/AndroidRuntime( 6423): 
D/AndroidRuntime( 6423): >>>>>> AndroidRuntime START com.android.internal.os.RuntimeInit <<<<<<
D/AndroidRuntime( 6423): CheckJNI is OFF
D/dalvikvm( 6423): Trying to load lib libjavacore.so 0x0
D/dalvikvm( 6423): Added shared lib libjavacore.so 0x0
D/dalvikvm( 6423): Trying to load lib libnativehelper.so 0x0
D/dalvikvm( 6423): Added shared lib libnativehelper.so 0x0
D/dalvikvm( 6423): No JNI_OnLoad found in libnativehelper.so 0x0, skipping init
D/dalvikvm( 6423): Note: class Landroid/app/ActivityManagerNative; has 179 unimplemented (abstract) methods
D/AndroidRuntime( 6423): Calling main entry com.android.commands.am.Am
D/AndroidRuntime( 6423): Shutting down VM
W/ActivityManager(  571): Invalid packageName: com.careerbuilder.SugarDrone.test
D/dalvikvm( 6423): GC_CONCURRENT freed 93K, 15% free 553K/648K, paused 0ms+1ms, total 2ms
D/AndroidRuntime( 6456): 
D/AndroidRuntime( 6456): >>>>>> AndroidRuntime START com.android.internal.os.RuntimeInit <<<<<<
D/AndroidRuntime( 6456): CheckJNI is OFF
D/dalvikvm( 6456): Trying to load lib libjavacore.so 0x0
D/dalvikvm( 6456): Added shared lib libjavacore.so 0x0
D/dalvikvm( 6456): Trying to load lib libnativehelper.so 0x0
D/dalvikvm( 6456): Added shared lib libnativehelper.so 0x0
D/dalvikvm( 6456): No JNI_OnLoad found in libnativehelper.so 0x0, skipping init
D/dalvikvm( 6456): Note: class Landroid/app/ActivityManagerNative; has 179 unimplemented (abstract) methods
D/AndroidRuntime( 6456): Calling main entry com.android.commands.pm.Pm
W/ActivityManager(  571): No content provider found for permission revoke: file:///data/local/tmp/0000001475
W/ActivityManager(  571): No content provider found for permission revoke: file:///data/local/tmp/0000001475
I/PackageManager(  571): Copying native libraries to /data/app-lib/vmdl1085810822
I/PackageManager(  571): Running dexopt on: com.careerbuilder.SugarDrone.test
D/dalvikvm( 6483): DexOpt: load 72ms, verify+opt 519ms, 1565836 bytes
I/ActivityManager(  571): Force stopping com.careerbuilder.SugarDrone.test appid=16215 user=-1: update pkg
I/InputReader(  571): Reconfiguring input devices.  changes=0x00000010
I/Icing.InternalIcingCorporaProvider( 1398): Updating corpora: A: com.careerbuilder.SugarDrone.test, C: MAYBE
D/BackupManagerService(  571): Received broadcast Intent { act=android.intent.action.PACKAGE_ADDED dat=package:com.careerbuilder.SugarDrone.test flg=0x4000010 (has extras) }
V/BackupManagerService(  571): addPackageParticipantsLocked: #1
I/Icing.InternalIcingCorporaProvider( 1398): UpdateCorporaTask done [took 67 ms] updated apps [took 67 ms] 
D/dalvikvm(  571): GC_EXPLICIT freed 902K, 18% free 19653K/23856K, paused 4ms+10ms, total 171ms
D/AndroidRuntime( 6456): Shutting down VM
D/dalvikvm( 6456): GC_CONCURRENT freed 95K, 15% free 561K/660K, paused 0ms+0ms, total 3ms
D/Wear_Controller(  890): Received broadcast action=android.intent.action.PACKAGE_ADDED and uri=com.careerbuilder.SugarDrone.test
I/PeopleContactsSync(  890): triggerPendingContactsCleanup: no accounts
W/IcingInternalCorpora(  890): getNumBytesRead when not calculated.
D/dalvikvm(  890): GC_CONCURRENT freed 1729K, 13% free 12347K/14180K, paused 3ms+12ms, total 59ms
D/dalvikvm(  890): WAIT_FOR_CONCURRENT_GC blocked 52ms
I/Icing   (  890): Usage reports 0 indexed 0 rejected 0 imm upload false
I/Icing   (  890): Usage reports 0 indexed 0 rejected 0 imm upload false
D/AndroidRuntime( 6533): 
D/AndroidRuntime( 6533): >>>>>> AndroidRuntime START com.android.internal.os.RuntimeInit <<<<<<
D/AndroidRuntime( 6533): CheckJNI is OFF
D/dalvikvm( 6533): Trying to load lib libjavacore.so 0x0
D/dalvikvm( 6533): Added shared lib libjavacore.so 0x0
D/dalvikvm( 6533): Trying to load lib libnativehelper.so 0x0
D/dalvikvm( 6533): Added shared lib libnativehelper.so 0x0
D/dalvikvm( 6533): No JNI_OnLoad found in libnativehelper.so 0x0, skipping init
D/dalvikvm( 6533): Note: class Landroid/app/ActivityManagerNative; has 179 unimplemented (abstract) methods
D/AndroidRuntime( 6533): Calling main entry com.android.commands.settings.SettingsCmd
D/AndroidRuntime( 6533): Shutting down VM
D/dalvikvm( 6533): GC_CONCURRENT freed 96K, 15% free 562K/660K, paused 0ms+0ms, total 2ms
I/Icing   (  890): Indexing 20DD4C980DC9932934B14C611F3A585B39FE1847 from com.google.android.gms
D/dalvikvm(  890): GC_CONCURRENT freed 973K, 12% free 12493K/14180K, paused 7ms+4ms, total 104ms
I/Icing   (  890): Indexing done 20DD4C980DC9932934B14C611F3A585B39FE1847
D/AndroidRuntime( 6563): 
D/AndroidRuntime( 6563): >>>>>> AndroidRuntime START com.android.internal.os.RuntimeInit <<<<<<
D/AndroidRuntime( 6563): CheckJNI is OFF
D/dalvikvm( 6563): Trying to load lib libjavacore.so 0x0
D/dalvikvm( 6563): Added shared lib libjavacore.so 0x0
D/dalvikvm( 6563): Trying to load lib libnativehelper.so 0x0
D/dalvikvm( 6563): Added shared lib libnativehelper.so 0x0
D/dalvikvm( 6563): No JNI_OnLoad found in libnativehelper.so 0x0, skipping init
D/dalvikvm( 6563): Note: class Landroid/app/ActivityManagerNative; has 179 unimplemented (abstract) methods
D/AndroidRuntime( 6563): Calling main entry com.android.commands.settings.SettingsCmd
D/AndroidRuntime( 6563): Shutting down VM
D/dalvikvm( 6563): GC_CONCURRENT freed 96K, 15% free 562K/660K, paused 0ms+0ms, total 2ms
D/AndroidRuntime( 6594): 
D/AndroidRuntime( 6594): >>>>>> AndroidRuntime START com.android.internal.os.RuntimeInit <<<<<<
D/AndroidRuntime( 6594): CheckJNI is OFF
D/dalvikvm( 6594): Trying to load lib libjavacore.so 0x0
D/dalvikvm( 6594): Added shared lib libjavacore.so 0x0
D/dalvikvm( 6594): Trying to load lib libnativehelper.so 0x0
D/dalvikvm( 6594): Added shared lib libnativehelper.so 0x0
D/dalvikvm( 6594): No JNI_OnLoad found in libnativehelper.so 0x0, skipping init
D/dalvikvm( 6594): Note: class Landroid/app/ActivityManagerNative; has 179 unimplemented (abstract) methods
D/AndroidRuntime( 6594): Calling main entry com.android.commands.settings.SettingsCmd
D/AndroidRuntime( 6594): Shutting down VM
D/dalvikvm( 6594): GC_CONCURRENT freed 96K, 16% free 562K/664K, paused 0ms+0ms, total 2ms
D/AndroidRuntime( 6622): 
D/AndroidRuntime( 6622): >>>>>> AndroidRuntime START com.android.internal.os.RuntimeInit <<<<<<
D/AndroidRuntime( 6622): CheckJNI is OFF
D/dalvikvm( 6622): Trying to load lib libjavacore.so 0x0
D/dalvikvm( 6622): Added shared lib libjavacore.so 0x0
D/dalvikvm( 6622): Trying to load lib libnativehelper.so 0x0
D/dalvikvm( 6622): Added shared lib libnativehelper.so 0x0
D/dalvikvm( 6622): No JNI_OnLoad found in libnativehelper.so 0x0, skipping init
D/dalvikvm( 6622): Note: class Landroid/app/ActivityManagerNative; has 179 unimplemented (abstract) methods
D/AndroidRuntime( 6622): Calling main entry com.android.commands.settings.SettingsCmd
D/AndroidRuntime( 6622): Shutting down VM
D/dalvikvm( 6622): GC_CONCURRENT freed 96K, 15% free 562K/660K, paused 0ms+0ms, total 2ms
D/AndroidRuntime( 6650): 
D/AndroidRuntime( 6650): >>>>>> AndroidRuntime START com.android.internal.os.RuntimeInit <<<<<<
D/AndroidRuntime( 6650): CheckJNI is OFF
D/dalvikvm( 6650): Trying to load lib libjavacore.so 0x0
D/dalvikvm( 6650): Added shared lib libjavacore.so 0x0
D/dalvikvm( 6650): Trying to load lib libnativehelper.so 0x0
D/dalvikvm( 6650): Added shared lib libnativehelper.so 0x0
D/dalvikvm( 6650): No JNI_OnLoad found in libnativehelper.so 0x0, skipping init
D/dalvikvm( 6650): Note: class Landroid/app/ActivityManagerNative; has 179 unimplemented (abstract) methods
D/AndroidRuntime( 6650): Calling main entry com.android.commands.settings.SettingsCmd
D/AndroidRuntime( 6650): Shutting down VM
D/dalvikvm( 6650): GC_CONCURRENT freed 96K, 15% free 562K/660K, paused 0ms+0ms, total 2ms
D/AndroidRuntime( 6677): 
D/AndroidRuntime( 6677): >>>>>> AndroidRuntime START com.android.internal.os.RuntimeInit <<<<<<
D/AndroidRuntime( 6677): CheckJNI is OFF
D/dalvikvm( 6677): Trying to load lib libjavacore.so 0x0
D/dalvikvm( 6677): Added shared lib libjavacore.so 0x0
D/dalvikvm( 6677): Trying to load lib libnativehelper.so 0x0
D/dalvikvm( 6677): Added shared lib libnativehelper.so 0x0
D/dalvikvm( 6677): No JNI_OnLoad found in libnativehelper.so 0x0, skipping init
D/dalvikvm( 6677): Note: class Landroid/app/ActivityManagerNative; has 179 unimplemented (abstract) methods
D/AndroidRuntime( 6677): Calling main entry com.android.commands.settings.SettingsCmd
D/AndroidRuntime( 6677): Shutting down VM
D/dalvikvm( 6677): GC_CONCURRENT freed 96K, 15% free 562K/660K, paused 1ms+1ms, total 3ms
D/AndroidRuntime( 6709): 
D/AndroidRuntime( 6709): >>>>>> AndroidRuntime START com.android.internal.os.RuntimeInit <<<<<<
D/AndroidRuntime( 6709): CheckJNI is OFF
D/dalvikvm( 6709): Trying to load lib libjavacore.so 0x0
D/dalvikvm( 6709): Added shared lib libjavacore.so 0x0
D/dalvikvm( 6709): Trying to load lib libnativehelper.so 0x0
D/dalvikvm( 6709): Added shared lib libnativehelper.so 0x0
D/dalvikvm( 6709): No JNI_OnLoad found in libnativehelper.so 0x0, skipping init
D/dalvikvm( 6709): Note: class Landroid/app/ActivityManagerNative; has 179 unimplemented (abstract) methods
D/AndroidRuntime( 6709): Calling main entry com.android.commands.pm.Pm
D/AndroidRuntime( 6709): Shutting down VM
D/dalvikvm( 6709): GC_CONCURRENT freed 251K, 31% free 567K/820K, paused 0ms+0ms, total 3ms
D/dalvikvm(  571): GC_CONCURRENT freed 2650K, 18% free 19606K/23856K, paused 4ms+6ms, total 92ms
D/AndroidRuntime( 6776): 
D/AndroidRuntime( 6776): >>>>>> AndroidRuntime START com.android.internal.os.RuntimeInit <<<<<<
D/AndroidRuntime( 6776): CheckJNI is OFF
D/dalvikvm( 6776): Trying to load lib libjavacore.so 0x0
D/dalvikvm( 6776): Added shared lib libjavacore.so 0x0
D/dalvikvm( 6776): Trying to load lib libnativehelper.so 0x0
D/dalvikvm( 6776): Added shared lib libnativehelper.so 0x0
D/dalvikvm( 6776): No JNI_OnLoad found in libnativehelper.so 0x0, skipping init
D/dalvikvm( 6776): Note: class Landroid/app/ActivityManagerNative; has 179 unimplemented (abstract) methods
D/AndroidRuntime( 6776): Calling main entry com.android.commands.pm.Pm
D/AndroidRuntime( 6776): Shutting down VM
D/dalvikvm( 6776): GC_CONCURRENT freed 251K, 31% free 567K/820K, paused 1ms+1ms, total 3ms
D/AndroidRuntime( 6854): 
D/AndroidRuntime( 6854): >>>>>> AndroidRuntime START com.android.internal.os.RuntimeInit <<<<<<
D/AndroidRuntime( 6854): CheckJNI is OFF
D/dalvikvm( 6854): Trying to load lib libjavacore.so 0x0
D/dalvikvm( 6854): Added shared lib libjavacore.so 0x0
D/dalvikvm( 6854): Trying to load lib libnativehelper.so 0x0
D/dalvikvm( 6854): Added shared lib libnativehelper.so 0x0
D/dalvikvm( 6854): No JNI_OnLoad found in libnativehelper.so 0x0, skipping init
D/dalvikvm( 6854): Note: class Landroid/app/ActivityManagerNative; has 179 unimplemented (abstract) methods
D/AndroidRuntime( 6854): Calling main entry com.android.commands.input.Input
I/Input   ( 6854): injectKeyEvent: KeyEvent { action=ACTION_DOWN, keyCode=KEYCODE_BACK, scanCode=0, metaState=0, flags=0x0, repeatCount=0, eventTime=274924, downTime=274924, deviceId=-1, source=0x101 }
I/Input   ( 6854): injectKeyEvent: KeyEvent { action=ACTION_UP, keyCode=KEYCODE_BACK, scanCode=0, metaState=0, flags=0x0, repeatCount=0, eventTime=274924, downTime=274924, deviceId=-1, source=0x101 }
D/AndroidRuntime( 6854): Shutting down VM
D/dalvikvm( 6854): GC_CONCURRENT freed 98K, 16% free 563K/664K, paused 0ms+0ms, total 3ms
D/AndroidRuntime( 6922): 
D/AndroidRuntime( 6922): >>>>>> AndroidRuntime START com.android.internal.os.RuntimeInit <<<<<<
D/AndroidRuntime( 6922): CheckJNI is OFF
D/dalvikvm( 6922): Trying to load lib libjavacore.so 0x0
D/dalvikvm( 6922): Added shared lib libjavacore.so 0x0
D/dalvikvm( 6922): Trying to load lib libnativehelper.so 0x0
D/dalvikvm( 6922): Added shared lib libnativehelper.so 0x0
D/dalvikvm( 6922): No JNI_OnLoad found in libnativehelper.so 0x0, skipping init
D/dalvikvm( 6922): Note: class Landroid/app/ActivityManagerNative; has 179 unimplemented (abstract) methods
D/AndroidRuntime( 6922): Calling main entry com.android.commands.input.Input
I/Input   ( 6922): injectKeyEvent: KeyEvent { action=ACTION_DOWN, keyCode=KEYCODE_HOME, scanCode=0, metaState=0, flags=0x0, repeatCount=0, eventTime=276683, downTime=276683, deviceId=-1, source=0x101 }
I/Input   ( 6922): injectKeyEvent: KeyEvent { action=ACTION_UP, keyCode=KEYCODE_HOME, scanCode=0, metaState=0, flags=0x0, repeatCount=0, eventTime=276683, downTime=276683, deviceId=-1, source=0x101 }
D/AndroidRuntime( 6922): Shutting down VM
I/ActivityManager(  571): START u0 {act=android.intent.action.MAIN cat=[android.intent.category.HOME] flg=0x10200000 cmp=com.android.launcher/com.android.launcher2.Launcher} from pid 571
D/dalvikvm( 6922): GC_CONCURRENT freed 98K, 16% free 563K/664K, paused 0ms+0ms, total 3ms
D/AndroidRuntime( 6964): 
D/AndroidRuntime( 6964): >>>>>> AndroidRuntime START com.android.internal.os.RuntimeInit <<<<<<
D/AndroidRuntime( 6964): CheckJNI is OFF
D/dalvikvm( 6964): Trying to load lib libjavacore.so 0x0
D/dalvikvm( 6964): Added shared lib libjavacore.so 0x0
D/dalvikvm( 6964): Trying to load lib libnativehelper.so 0x0
D/dalvikvm( 6964): Added shared lib libnativehelper.so 0x0
D/dalvikvm( 6964): No JNI_OnLoad found in libnativehelper.so 0x0, skipping init
D/dalvikvm( 6964): Note: class Landroid/app/ActivityManagerNative; has 179 unimplemented (abstract) methods
D/AndroidRuntime( 6964): Calling main entry com.android.commands.input.Input
I/Input   ( 6964): injectKeyEvent: KeyEvent { action=ACTION_DOWN, keyCode=KEYCODE_BACK, scanCode=0, metaState=0, flags=0x0, repeatCount=0, eventTime=278020, downTime=278020, deviceId=-1, source=0x101 }
I/Input   ( 6964): injectKeyEvent: KeyEvent { action=ACTION_UP, keyCode=KEYCODE_BACK, scanCode=0, metaState=0, flags=0x0, repeatCount=0, eventTime=278020, downTime=278020, deviceId=-1, source=0x101 }
D/AndroidRuntime( 6964): Shutting down VM
D/dalvikvm( 6964): GC_CONCURRENT freed 98K, 16% free 563K/664K, paused 0ms+0ms, total 2ms
D/dalvikvm( 1366): GC_CONCURRENT freed 429K, 6% free 9468K/9980K, paused 3ms+1ms, total 21ms
D/Finsky  ( 1366): [1] 5.onFinished: Installation state replication succeeded.
D/AndroidRuntime( 7004): 
D/AndroidRuntime( 7004): >>>>>> AndroidRuntime START com.android.internal.os.RuntimeInit <<<<<<
D/AndroidRuntime( 7004): CheckJNI is OFF
D/dalvikvm( 7004): Trying to load lib libjavacore.so 0x0
D/dalvikvm( 7004): Added shared lib libjavacore.so 0x0
D/dalvikvm( 7004): Trying to load lib libnativehelper.so 0x0
D/dalvikvm( 7004): Added shared lib libnativehelper.so 0x0
D/dalvikvm( 7004): No JNI_OnLoad found in libnativehelper.so 0x0, skipping init
D/dalvikvm( 7004): Note: class Landroid/app/ActivityManagerNative; has 179 unimplemented (abstract) methods
D/AndroidRuntime( 7004): Calling main entry com.android.commands.am.Am
I/ActivityManager(  571): Force stopping com.careerbuilder.SugarDrone appid=16214 user=0: start instr
D/dalvikvm( 7029): Late-enabling CheckJNI
I/ActivityManager(  571): Start proc com.careerbuilder.SugarDrone for added application com.careerbuilder.SugarDrone: pid=7029 uid=16214 gids={56214, 3003, 1028, 1015}
I/dalvikvm( 7029): Could not find method android.app.Instrumentation.execStartActivity, referenced from method sh.calaba.exposed.InstrumentationExposed.execStartActivity
W/dalvikvm( 7029): VFY: unable to resolve virtual method 38: Landroid/app/Instrumentation;.execStartActivity (Landroid/content/Context;Landroid/os/IBinder;Landroid/os/IBinder;Landroid/app/Activity;Landroid/content/Intent;I)Landroid/app/Instrumentation$ActivityResult;
D/dalvikvm( 7029): VFY: replacing opcode 0x75 at 0x0000
I/dalvikvm( 7029): Could not find method android.app.Instrumentation.execStartActivity, referenced from method sh.calaba.exposed.InstrumentationExposed.execStartActivity
W/dalvikvm( 7029): VFY: unable to resolve virtual method 41: Landroid/app/Instrumentation;.execStartActivity (Landroid/content/Context;Landroid/os/IBinder;Landroid/os/IBinder;Landroid/app/Fragment;Landroid/content/Intent;I)Landroid/app/Instrumentation$ActivityResult;
D/dalvikvm( 7029): VFY: replacing opcode 0x75 at 0x0000
I/dalvikvm( 7029): Could not find method android.app.Instrumentation.execStartActivityAsCaller, referenced from method sh.calaba.exposed.InstrumentationExposed.execStartActivityAsCaller
W/dalvikvm( 7029): VFY: unable to resolve virtual method 43: Landroid/app/Instrumentation;.execStartActivityAsCaller (Landroid/content/Context;Landroid/os/IBinder;Landroid/os/IBinder;Landroid/app/Activity;Landroid/content/Intent;ILandroid/os/Bundle;I)Landroid/app/Instrumentation$ActivityResult;
D/dalvikvm( 7029): VFY: replacing opcode 0x75 at 0x0000
D/dalvikvm( 7029): Trying to load lib /data/app-lib/com.careerbuilder.SugarDrone-1/libmonodroid.so 0x421fdbb0
D/dalvikvm( 7029): Added shared lib /data/app-lib/com.careerbuilder.SugarDrone-1/libmonodroid.so 0x421fdbb0
W/monodroid( 7029): Using override path: /data/data/com.careerbuilder.SugarDrone/files/.__override__
W/monodroid( 7029): Trying to load sgen from: /data/data/com.careerbuilder.SugarDrone/files/.__override__/libmonosgen-2.0.so
W/monodroid( 7029): Trying to load sgen from: /storage/emulated/0/Android/data/com.careerbuilder.SugarDrone/files/.__override__/libmonosgen-2.0.so
W/monodroid( 7029): Trying to load sgen from: /data/app-lib/com.careerbuilder.SugarDrone-1/libmonosgen-2.0.so
D/Mono    ( 7029): Image addref mscorlib[0x758ea8a0] -> mscorlib.dll[0x758e9d48]: 2
D/Mono    ( 7029): Prepared to set up assembly 'mscorlib' (mscorlib.dll)
D/Mono    ( 7029): AOT module 'mscorlib.dll.so' not found: dlopen failed: library "/data/app-lib/com.careerbuilder.SugarDrone-1/libaot-mscorlib.dll.so" not found
D/Mono    ( 7029): AOT module '/Users/builder/data/lanes/4009/f3074d2c/source/monodroid/builds/install/mono-armv6/lib/mono/aot-cache/arm/mscorlib.dll.so' not found: dlopen failed: library "/data/app-lib/com.careerbuilder.SugarDrone-1/libaot-mscorlib.dll.so" not found
D/Mono    ( 7029): Config attempting to parse: 'mscorlib.dll.config'.
D/Mono    ( 7029): Config attempting to parse: '/Users/builder/data/lanes/4009/f3074d2c/source/monodroid/builds/install/mono-armv6/etc/mono/assemblies/mscorlib/mscorlib.config'.
D/Mono    ( 7029): Assembly mscorlib[0x758ea8a0] added to domain RootDomain, ref_count=1
D/Mono    ( 7029): Image addref CareerBuilder_Search.Droid[0x7a3ad898] -> CareerBuilder_Search.Droid.dll[0x7a3acbf8]: 2
D/Mono    ( 7029): Prepared to set up assembly 'CareerBuilder_Search.Droid' (CareerBuilder_Search.Droid.dll)
D/Mono    ( 7029): Assembly CareerBuilder_Search.Droid[0x7a3ad898] added to domain RootDomain, ref_count=1
D/Mono    ( 7029): AOT module 'CareerBuilder_Search.Droid.dll.so' not found: dlopen failed: library "/data/app-lib/com.careerbuilder.SugarDrone-1/libaot-CareerBuilder_Search.Droid.dll.so" not found
D/Mono    ( 7029): AOT module '/Users/builder/data/lanes/4009/f3074d2c/source/monodroid/builds/install/mono-armv6/lib/mono/aot-cache/arm/CareerBuilder_Search.Droid.dll.so' not found: dlopen failed: library "/data/app-lib/com.careerbuilder.SugarDrone-1/libaot-CareerBuilder_Search.Droid.dll.so" not found
D/Mono    ( 7029): Config attempting to parse: 'CareerBuilder_Search.Droid.dll.config'.
D/Mono    ( 7029): Config attempting to parse: '/Users/builder/data/lanes/4009/f3074d2c/source/monodroid/builds/install/mono-armv6/etc/mono/assemblies/CareerBuilder_Search.Droid/CareerBuilder_Search.Droid.config'.
D/Mono    ( 7029): Image addref AppsFlyerXamarinBindingAndroid[0x7a3ae700] -> AppsFlyerXamarinBindingAndroid.dll[0x7a3adab0]: 2
D/Mono    ( 7029): Prepared to set up assembly 'AppsFlyerXamarinBindingAndroid' (AppsFlyerXamarinBindingAndroid.dll)
D/Mono    ( 7029): Assembly AppsFlyerXamarinBindingAndroid[0x7a3ae700] added to domain RootDomain, ref_count=1
D/Mono    ( 7029): AOT module 'AppsFlyerXamarinBindingAndroid.dll.so' not found: dlopen failed: library "/data/app-lib/com.careerbuilder.SugarDrone-1/libaot-AppsFlyerXamarinBindingAndroid.dll.so" not found
D/Mono    ( 7029): AOT module '/Users/builder/data/lanes/4009/f3074d2c/source/monodroid/builds/install/mono-armv6/lib/mono/aot-cache/arm/AppsFlyerXamarinBindingAndroid.dll.so' not found: dlopen failed: library "/data/app-lib/com.careerbuilder.SugarDrone-1/libaot-AppsFlyerXamarinBindingAndroid.dll.so" not found
D/Mono    ( 7029): Config attempting to parse: 'AppsFlyerXamarinBindingAndroid.dll.config'.
D/Mono    ( 7029): Config attempting to parse: '/Users/builder/data/lanes/4009/f3074d2c/source/monodroid/builds/install/mono-armv6/etc/mono/assemblies/AppsFlyerXamarinBindingAndroid/AppsFlyerXamarinBindingAndroid.config'.
D/Mono    ( 7029): Image addref HockeySDK[0x7a3af420] -> HockeySDK.dll[0x7a3ae800]: 2
D/Mono    ( 7029): Prepared to set up assembly 'HockeySDK' (HockeySDK.dll)
D/Mono    ( 7029): Assembly HockeySDK[0x7a3af420] added to domain RootDomain, ref_count=1
D/Mono    ( 7029): AOT module 'HockeySDK.dll.so' not found: dlopen failed: library "/data/app-lib/com.careerbuilder.SugarDrone-1/libaot-HockeySDK.dll.so" not found
D/Mono    ( 7029): AOT module '/Users/builder/data/lanes/4009/f3074d2c/source/monodroid/builds/install/mono-armv6/lib/mono/aot-cache/arm/HockeySDK.dll.so' not found: dlopen failed: library "/data/app-lib/com.careerbuilder.SugarDrone-1/libaot-HockeySDK.dll.so" not found
D/Mono    ( 7029): Config attempting to parse: 'HockeySDK.dll.config'.
D/Mono    ( 7029): Config attempting to parse: '/Users/builder/data/lanes/4009/f3074d2c/source/monodroid/builds/install/mono-armv6/etc/mono/assemblies/HockeySDK/HockeySDK.config'.
D/Mono    ( 7029): Image addref Akavache[0x7a3cd1c0] -> Akavache.dll[0x7a3af508]: 2
D/Mono    ( 7029): Prepared to set up assembly 'Akavache' (Akavache.dll)
D/Mono    ( 7029): Assembly Akavache[0x7a3cd1c0] added to domain RootDomain, ref_count=1
D/Mono    ( 7029): AOT module 'Akavache.dll.so' not found: dlopen failed: library "/data/app-lib/com.careerbuilder.SugarDrone-1/libaot-Akavache.dll.so" not found
D/Mono    ( 7029): AOT module '/Users/builder/data/lanes/4009/f3074d2c/source/monodroid/builds/install/mono-armv6/lib/mono/aot-cache/arm/Akavache.dll.so' not found: dlopen failed: library "/data/app-lib/com.careerbuilder.SugarDrone-1/libaot-Akavache.dll.so" not found
D/Mono    ( 7029): Config attempting to parse: 'Akavache.dll.config'.
D/Mono    ( 7029): Config attempting to parse: '/Users/builder/data/lanes/4009/f3074d2c/source/monodroid/builds/install/mono-armv6/etc/mono/assemblies/Akavache/Akavache.config'.
D/Mono    ( 7029): Image addref Akavache.Sqlite3[0x7a3cdf30] -> Akavache.Sqlite3.dll[0x7a3cd2e0]: 2
D/Mono    ( 7029): Prepared to set up assembly 'Akavache.Sqlite3' (Akavache.Sqlite3.dll)
D/Mono    ( 7029): Assembly Akavache.Sqlite3[0x7a3cdf30] added to domain RootDomain, ref_count=1
D/Mono    ( 7029): AOT module 'Akavache.Sqlite3.dll.so' not found: dlopen failed: library "/data/app-lib/com.careerbuilder.SugarDrone-1/libaot-Akavache.Sqlite3.dll.so" not found
D/Mono    ( 7029): AOT module '/Users/builder/data/lanes/4009/f3074d2c/source/monodroid/builds/install/mono-armv6/lib/mono/aot-cache/arm/Akavache.Sqlite3.dll.so' not found: dlopen failed: library "/data/app-lib/com.careerbuilder.SugarDrone-1/libaot-Akavache.Sqlite3.dll.so" not found
W/        ( 7029): Symbol file LoadedFromMemory doesn't match image Akavache.Sqlite3.dll
D/Mono    ( 7029): Config attempting to parse: 'Akavache.Sqlite3.dll.config'.
D/Mono    ( 7029): Config attempting to parse: '/Users/builder/data/lanes/4009/f3074d2c/source/monodroid/builds/install/mono-armv6/etc/mono/assemblies/Akavache.Sqlite3/Akavache.Sqlite3.config'.
D/Mono    ( 7029): Image addref Splat[0x7a3cec60] -> Splat.dll[0x7a3ce020]: 2
D/Mono    ( 7029): Prepared to set up assembly 'Splat' (Splat.dll)
D/Mono    ( 7029): Assembly Splat[0x7a3cec60] added to domain RootDomain, ref_count=1
D/Mono    ( 7029): AOT module 'Splat.dll.so' not found: dlopen failed: library "/data/app-lib/com.careerbuilder.SugarDrone-1/libaot-Splat.dll.so" not found
D/Mono    ( 7029): AOT module '/Users/builder/data/lanes/4009/f3074d2c/source/monodroid/builds/install/mono-armv6/lib/mono/aot-cache/arm/Splat.dll.so' not found: dlopen failed: library "/data/app-lib/com.careerbuilder.SugarDrone-1/libaot-Splat.dll.so" not found
D/Mono    ( 7029): Config attempting to parse: 'Splat.dll.config'.
D/Mono    ( 7029): Config attempting to parse: '/Users/builder/data/lanes/4009/f3074d2c/source/monodroid/builds/install/mono-armv6/etc/mono/assemblies/Splat/Splat.config'.
D/Mono    ( 7029): Image addref Microsoft.Practices.ServiceLocation[0x7a3d2a78] -> Microsoft.Practices.ServiceLocation.dll[0x7a3d1e38]: 2
D/Mono    ( 7029): Prepared to set up assembly 'Microsoft.Practices.ServiceLocation' (Microsoft.Practices.ServiceLocation.dll)
D/Mono    ( 7029): Assembly Microsoft.Practices.ServiceLocation[0x7a3d2a78] added to domain RootDomain, ref_count=1
D/Mono    ( 7029): AOT module 'Microsoft.Practices.ServiceLocation.dll.so' not found: dlopen failed: library "/data/app-lib/com.careerbuilder.SugarDrone-1/libaot-Microsoft.Practices.ServiceLocation.dll.so" not found
D/Mono    ( 7029): AOT module '/Users/builder/data/lanes/4009/f3074d2c/source/monodroid/builds/install/mono-armv6/lib/mono/aot-cache/arm/Microsoft.Practices.ServiceLocation.dll.so' not found: dlopen failed: library "/data/app-lib/com.careerbuilder.SugarDrone-1/libaot-Microsoft.Practices.ServiceLocation.dll.so" not found
D/Mono    ( 7029): Config attempting to parse: 'Microsoft.Practices.ServiceLocation.dll.config'.
D/Mono    ( 7029): Config attempting to parse: '/Users/builder/data/lanes/4009/f3074d2c/source/monodroid/builds/install/mono-armv6/etc/mono/assemblies/Microsoft.Practices.ServiceLocation/Microsoft.Practices.ServiceLocation.config'.
D/Mono    ( 7029): Image addref Microsoft.Practices.Unity[0x7a3d4060] -> Microsoft.Practices.Unity.dll[0x7a3d33f0]: 2
D/Mono    ( 7029): Prepared to set up assembly 'Microsoft.Practices.Unity' (Microsoft.Practices.Unity.dll)
D/Mono    ( 7029): Assembly Microsoft.Practices.Unity[0x7a3d4060] added to domain RootDomain, ref_count=1
D/Mono    ( 7029): AOT module 'Microsoft.Practices.Unity.dll.so' not found: dlopen failed: library "/data/app-lib/com.careerbuilder.SugarDrone-1/libaot-Microsoft.Practices.Unity.dll.so" not found
D/Mono    ( 7029): AOT module '/Users/builder/data/lanes/4009/f3074d2c/source/monodroid/builds/install/mono-armv6/lib/mono/aot-cache/arm/Microsoft.Practices.Unity.dll.so' not found: dlopen failed: library "/data/app-lib/com.careerbuilder.SugarDrone-1/libaot-Microsoft.Practices.Unity.dll.so" not found
D/Mono    ( 7029): Config attempting to parse: 'Microsoft.Practices.Unity.dll.config'.
D/Mono    ( 7029): Config attempting to parse: '/Users/builder/data/lanes/4009/f3074d2c/source/monodroid/builds/install/mono-armv6/etc/mono/assemblies/Microsoft.Practices.Unity/Microsoft.Practices.Unity.config'.
D/Mono    ( 7029): Image addref Plugin.CurrentActivity[0x7a3d4db0] -> Plugin.CurrentActivity.dll[0x7a3d4180]: 2
D/Mono    ( 7029): Prepared to set up assembly 'Plugin.CurrentActivity' (Plugin.CurrentActivity.dll)
D/Mono    ( 7029): Assembly Plugin.CurrentActivity[0x7a3d4db0] added to domain RootDomain, ref_count=1
D/Mono    ( 7029): AOT module 'Plugin.CurrentActivity.dll.so' not found: dlopen failed: library "/data/app-lib/com.careerbuilder.SugarDrone-1/libaot-Plugin.CurrentActivity.dll.so" not found
D/Mono    ( 7029): AOT module '/Users/builder/data/lanes/4009/f3074d2c/source/monodroid/builds/install/mono-armv6/lib/mono/aot-cache/arm/Plugin.CurrentActivity.dll.so' not found: dlopen failed: library "/data/app-lib/com.careerbuilder.SugarDrone-1/libaot-Plugin.CurrentActivity.dll.so" not found
D/Mono    ( 7029): Config attempting to parse: 'Plugin.CurrentActivity.dll.config'.
D/Mono    ( 7029): Config attempting to parse: '/Users/builder/data/lanes/4009/f3074d2c/source/monodroid/builds/install/mono-armv6/etc/mono/assemblies/Plugin.CurrentActivity/Plugin.CurrentActivity.config'.
D/Mono    ( 7029): Image addref Plugin.Permissions[0x7a3d5b00] -> Plugin.Permissions.dll[0x7a3d4ee0]: 2
D/Mono    ( 7029): Prepared to set up assembly 'Plugin.Permissions' (Plugin.Permissions.dll)
D/Mono    ( 7029): Assembly Plugin.Permissions[0x7a3d5b00] added to domain RootDomain, ref_count=1
D/Mono    ( 7029): AOT module 'Plugin.Permissions.dll.so' not found: dlopen failed: library "/data/app-lib/com.careerbuilder.SugarDrone-1/libaot-Plugin.Permissions.dll.so" not found
D/Mono    ( 7029): AOT module '/Users/builder/data/lanes/4009/f3074d2c/source/monodroid/builds/install/mono-armv6/lib/mono/aot-cache/arm/Plugin.Permissions.dll.so' not found: dlopen failed: library "/data/app-lib/com.careerbuilder.SugarDrone-1/libaot-Plugin.Permissions.dll.so" not found
D/Mono    ( 7029): Config attempting to parse: 'Plugin.Permissions.dll.config'.
D/Mono    ( 7029): Config attempting to parse: '/Users/builder/data/lanes/4009/f3074d2c/source/monodroid/builds/install/mono-armv6/etc/mono/assemblies/Plugin.Permissions/Plugin.Permissions.config'.
D/Mono    ( 7029): Image addref Plugin.Permissions.Abstractions[0x7a3d7220] -> Plugin.Permissions.Abstractions.dll[0x7a3d65c0]: 2
D/Mono    ( 7029): Prepared to set up assembly 'Plugin.Permissions.Abstractions' (Plugin.Permissions.Abstractions.dll)
D/Mono    ( 7029): Assembly Plugin.Permissions.Abstractions[0x7a3d7220] added to domain RootDomain, ref_count=1
D/Mono    ( 7029): AOT module 'Plugin.Permissions.Abstractions.dll.so' not found: dlopen failed: library "/data/app-lib/com.careerbuilder.SugarDrone-1/libaot-Plugin.Permissions.Abstractions.dll.so" not found
D/Mono    ( 7029): AOT module '/Users/builder/data/lanes/4009/f3074d2c/source/monodroid/builds/install/mono-armv6/lib/mono/aot-cache/arm/Plugin.Permissions.Abstractions.dll.so' not found: dlopen failed: library "/data/app-lib/com.careerbuilder.SugarDrone-1/libaot-Plugin.Permissions.Abstractions.dll.so" not found
D/Mono    ( 7029): Config attempting to parse: 'Plugin.Permissions.Abstractions.dll.config'.
D/Mono    ( 7029): Config attempting to parse: '/Users/builder/data/lanes/4009/f3074d2c/source/monodroid/builds/install/mono-armv6/etc/mono/assemblies/Plugin.Permissions.Abstractions/Plugin.Permissions.Abstractions.config'.
D/Mono    ( 7029): Image addref Plugin.Geolocator[0x7a3d80d0] -> Plugin.Geolocator.dll[0x7a3d7480]: 2
D/Mono    ( 7029): Prepared to set up assembly 'Plugin.Geolocator' (Plugin.Geolocator.dll)
D/Mono    ( 7029): Assembly Plugin.Geolocator[0x7a3d80d0] added to domain RootDomain, ref_count=1
D/Mono    ( 7029): AOT module 'Plugin.Geolocator.dll.so' not found: dlopen failed: library "/data/app-lib/com.careerbuilder.SugarDrone-1/libaot-Plugin.Geolocator.dll.so" not found
D/Mono    ( 7029): AOT module '/Users/builder/data/lanes/4009/f3074d2c/source/monodroid/builds/install/mono-armv6/lib/mono/aot-cache/arm/Plugin.Geolocator.dll.so' not found: dlopen failed: library "/data/app-lib/com.careerbuilder.SugarDrone-1/libaot-Plugin.Geolocator.dll.so" not found
D/Mono    ( 7029): Config attempting to parse: 'Plugin.Geolocator.dll.config'.
D/Mono    ( 7029): Config attempting to parse: '/Users/builder/data/lanes/4009/f3074d2c/source/monodroid/builds/install/mono-armv6/etc/mono/assemblies/Plugin.Geolocator/Plugin.Geolocator.config'.
D/Mono    ( 7029): Image addref Plugin.Geolocator.Abstractions[0x7a3da068] -> Plugin.Geolocator.Abstractions.dll[0x7a3d9450]: 2
D/Mono    ( 7029): Prepared to set up assembly 'Plugin.Geolocator.Abstractions' (Plugin.Geolocator.Abstractions.dll)
D/Mono    ( 7029): Assembly Plugin.Geolocator.Abstractions[0x7a3da068] added to domain RootDomain, ref_count=1
D/Mono    ( 7029): AOT module 'Plugin.Geolocator.Abstractions.dll.so' not found: dlopen failed: library "/data/app-lib/com.careerbuilder.SugarDrone-1/libaot-Plugin.Geolocator.Abstractions.dll.so" not found
D/Mono    ( 7029): AOT module '/Users/builder/data/lanes/4009/f3074d2c/source/monodroid/builds/install/mono-armv6/lib/mono/aot-cache/arm/Plugin.Geolocator.Abstractions.dll.so' not found: dlopen failed: library "/data/app-lib/com.careerbuilder.SugarDrone-1/libaot-Plugin.Geolocator.Abstractions.dll.so" not found
D/Mono    ( 7029): Config attempting to parse: 'Plugin.Geolocator.Abstractions.dll.config'.
D/Mono    ( 7029): Config attempting to parse: '/Users/builder/data/lanes/4009/f3074d2c/source/monodroid/builds/install/mono-armv6/etc/mono/assemblies/Plugin.Geolocator.Abstractions/Plugin.Geolocator.Abstractions.config'.
D/Mono    ( 7029): Image addref Plugin.DeviceInfo[0x7a3db3e0] -> Plugin.DeviceInfo.dll[0x7a3da780]: 2
D/Mono    ( 7029): Prepared to set up assembly 'Plugin.DeviceInfo' (Plugin.DeviceInfo.dll)
D/Mono    ( 7029): Assembly Plugin.DeviceInfo[0x7a3db3e0] added to domain RootDomain, ref_count=1
D/Mono    ( 7029): AOT module 'Plugin.DeviceInfo.dll.so' not found: dlopen failed: library "/data/app-lib/com.careerbuilder.SugarDrone-1/libaot-Plugin.DeviceInfo.dll.so" not found
D/Mono    ( 7029): AOT module '/Users/builder/data/lanes/4009/f3074d2c/source/monodroid/builds/install/mono-armv6/lib/mono/aot-cache/arm/Plugin.DeviceInfo.dll.so' not found: dlopen failed: library "/data/app-lib/com.careerbuilder.SugarDrone-1/libaot-Plugin.DeviceInfo.dll.so" not found
D/Mono    ( 7029): Config attempting to parse: 'Plugin.DeviceInfo.dll.config'.
D/Mono    ( 7029): Config attempting to parse: '/Users/builder/data/lanes/4009/f3074d2c/source/monodroid/builds/install/mono-armv6/etc/mono/assemblies/Plugin.DeviceInfo/Plugin.DeviceInfo.config'.
D/Mono    ( 7029): Image addref Plugin.DeviceInfo.Abstractions[0x7a3dc5d0] -> Plugin.DeviceInfo.Abstractions.dll[0x7a3db960]: 2
D/Mono    ( 7029): Prepared to set up assembly 'Plugin.DeviceInfo.Abstractions' (Plugin.DeviceInfo.Abstractions.dll)
D/Mono    ( 7029): Assembly Plugin.DeviceInfo.Abstractions[0x7a3dc5d0] added to domain RootDomain, ref_count=1
D/Mono    ( 7029): AOT module 'Plugin.DeviceInfo.Abstractions.dll.so' not found: dlopen failed: library "/data/app-lib/com.careerbuilder.SugarDrone-1/libaot-Plugin.DeviceInfo.Abstractions.dll.so" not found
D/Mono    ( 7029): AOT module '/Users/builder/data/lanes/4009/f3074d2c/source/monodroid/builds/install/mono-armv6/lib/mono/aot-cache/arm/Plugin.DeviceInfo.Abstractions.dll.so' not found: dlopen failed: library "/data/app-lib/com.careerbuilder.SugarDrone-1/libaot-Plugin.DeviceInfo.Abstractions.dll.so" not found
D/Mono    ( 7029): Config attempting to parse: 'Plugin.DeviceInfo.Abstractions.dll.config'.
D/Mono    ( 7029): Config attempting to parse: '/Users/builder/data/lanes/4009/f3074d2c/source/monodroid/builds/install/mono-armv6/etc/mono/assemblies/Plugin.DeviceInfo.Abstractions/Plugin.DeviceInfo.Abstractions.config'.
D/Mono    ( 7029): Image addref Xamarin.GooglePlayServices.Analytics[0x7a3dd4b8] -> Xamarin.GooglePlayServices.Analytics.dll[0x7a3dc8a8]: 2
D/Mono    ( 7029): Prepared to set up assembly 'Xamarin.GooglePlayServices.Analytics' (Xamarin.GooglePlayServices.Analytics.dll)
D/Mono    ( 7029): Assembly Xamarin.GooglePlayServices.Analytics[0x7a3dd4b8] added to domain RootDomain, ref_count=1
D/Mono    ( 7029): AOT module 'Xamarin.GooglePlayServices.Analytics.dll.so' not found: dlopen failed: library "/data/app-lib/com.careerbuilder.SugarDrone-1/libaot-Xamarin.GooglePlayServices.Analytics.dll.so" not found
D/Mono    ( 7029): AOT module '/Users/builder/data/lanes/4009/f3074d2c/source/monodroid/builds/install/mono-armv6/lib/mono/aot-cache/arm/Xamarin.GooglePlayServices.Analytics.dll.so' not found: dlopen failed: library "/data/app-lib/com.careerbuilder.SugarDrone-1/libaot-Xamarin.GooglePlayServices.Analytics.dll.so" not found
D/Mono    ( 7029): Config attempting to parse: 'Xamarin.GooglePlayServices.Analytics.dll.config'.
D/Mono    ( 7029): Config attempting to parse: '/Users/builder/data/lanes/4009/f3074d2c/source/monodroid/builds/install/mono-armv6/etc/mono/assemblies/Xamarin.GooglePlayServices.Analytics/Xamarin.GooglePlayServices.Analytics.config'.
D/Mono    ( 7029): Image addref Xamarin.GooglePlayServices.Base[0x7a3de210] -> Xamarin.GooglePlayServices.Base.dll[0x7a3dd658]: 2
D/Mono    ( 7029): Prepared to set up assembly 'Xamarin.GooglePlayServices.Base' (Xamarin.GooglePlayServices.Base.dll)
D/Mono    ( 7029): Assembly Xamarin.GooglePlayServices.Base[0x7a3de210] added to domain RootDomain, ref_count=1
D/Mono    ( 7029): AOT module 'Xamarin.GooglePlayServices.Base.dll.so' not found: dlopen failed: library "/data/app-lib/com.careerbuilder.SugarDrone-1/libaot-Xamarin.GooglePlayServices.Base.dll.so" not found
