W/ResourceType( 6997): No known package when getting name for resource number 0xffffffff
W/ResourceType( 6997): No known package when getting name for resource number 0xffffffff
W/ResourceType( 6997): No known package when getting name for resource number 0xffffffff
W/ResourceType( 6997): No known package when getting name for resource number 0xffffffff
W/ResourceType( 6997): No known package when getting name for resource number 0xffffffff
W/ResourceType( 6997): No known package when getting name for resource number 0xffffffff
W/ResourceType( 6997): No known package when getting name for resource number 0xffffffff
D/dalvikvm( 6997): GC_CONCURRENT freed 2533K, 14% free 16411K/19040K, paused 3ms+3ms, total 34ms
D/dalvikvm( 6997): WAIT_FOR_CONCURRENT_GC blocked 18ms
I/System.out( 6997): URI: /map
I/System.out( 6997): params: {json={"query":"* marked:'Job 1'","operation":{"method_name":"query","arguments":[]}}
I/System.out( 6997): }
W/ResourceType( 6997): No known package when getting name for resource number 0xffffffff
W/ResourceType( 6997): No known package when getting name for resource number 0xffffffff
W/ResourceType( 6997): No known package when getting name for resource number 0xffffffff
W/ResourceType( 6997): No known package when getting name for resource number 0xffffffff
W/ResourceType( 6997): No known package when getting name for resource number 0xffffffff
W/ResourceType( 6997): No known package when getting name for resource number 0xffffffff
W/ResourceType( 6997): No known package when getting name for resource number 0xffffffff
W/ResourceType( 6997): No known package when getting name for resource number 0xffffffff
W/ResourceType( 6997): No known package when getting name for resource number 0xffffffff
W/ResourceType( 6997): No known package when getting name for resource number 0xffffffff
W/ResourceType( 6997): No known package when getting name for resource number 0xffffffff
W/ResourceType( 6997): No known package when getting name for resource number 0xffffffff
W/ResourceType( 6997): No known package when getting name for resource number 0xffffffff
W/ResourceType( 6997): No known package when getting name for resource number 0xffffffff
W/ResourceType( 6997): No known package when getting name for resource number 0xffffffff
W/ResourceType( 6997): No known package when getting name for resource number 0xffffffff
W/ResourceType( 6997): No known package when getting name for resource number 0xffffffff
W/ResourceType( 6997): No known package when getting name for resource number 0xffffffff
W/ResourceType( 6997): No known package when getting name for resource number 0xffffffff
W/ResourceType( 6997): No known package when getting name for resource number 0xffffffff
W/ResourceType( 6997): No known package when getting name for resource number 0xffffffff
W/ResourceType( 6997): No known package when getting name for resource number 0xffffffff
W/ResourceType( 6997): No known package when getting name for resource number 0xffffffff
W/ResourceType( 6997): No known package when getting name for resource number 0xffffffff
W/ResourceType( 6997): No known package when getting name for resource number 0xffffffff
W/ResourceType( 6997): No known package when getting name for resource number 0xffffffff
W/ResourceType( 6997): No known package when getting name for resource number 0xffffffff
W/ResourceType( 6997): No known package when getting name for resource number 0xffffffff
W/ResourceType( 6997): No known package when getting name for resource number 0xffffffff
W/ResourceType( 6997): No known package when getting name for resource number 0xffffffff
W/ResourceType( 6997): No known package when getting name for resource number 0xffffffff
W/ResourceType( 6997): No known package when getting name for resource number 0xffffffff
W/ResourceType( 6997): No known package when getting name for resource number 0xffffffff
W/ResourceType( 6997): No known package when getting name for resource number 0xffffffff
W/ResourceType( 6997): No known package when getting name for resource number 0xffffffff
W/ResourceType( 6997): No known package when getting name for resource number 0xffffffff
W/ResourceType( 6997): No known package when getting name for resource number 0xffffffff
W/ResourceType( 6997): No known package when getting name for resource number 0xffffffff
W/ResourceType( 6997): No known package when getting name for resource number 0xffffffff
W/ResourceType( 6997): No known package when getting name for resource number 0xffffffff
W/ResourceType( 6997): No known package when getting name for resource number 0xffffffff
W/ResourceType( 6997): No known package when getting name for resource number 0xffffffff
W/ResourceType( 6997): No known package when getting name for resource number 0xffffffff
W/ResourceType( 6997): No known package when getting name for resource number 0xffffffff
W/ResourceType( 6997): No known package when getting name for resource number 0xffffffff
W/ResourceType( 6997): No known package when getting name for resource number 0xffffffff
W/ResourceType( 6997): No known package when getting name for resource number 0xffffffff
W/ResourceType( 6997): No known package when getting name for resource number 0xffffffff
W/ResourceType( 6997): No known package when getting name for resource number 0xffffffff
W/ResourceType( 6997): No known package when getting name for resource number 0xffffffff
W/ResourceType( 6997): No known package when getting name for resource number 0xffffffff
W/ResourceType( 6997): No known package when getting name for resource number 0xffffffff
W/ResourceType( 6997): No known package when getting name for resource number 0xffffffff
W/ResourceType( 6997): No known package when getting name for resource number 0xffffffff
W/ResourceType( 6997): No known package when getting name for resource number 0xffffffff
W/ResourceType( 6997): No known package when getting name for resource number 0xffffffff
W/ResourceType( 6997): No known package when getting name for resource number 0xffffffff
W/ResourceType( 6997): No known package when getting name for resource number 0xffffffff
W/ResourceType( 6997): No known package when getting name for resource number 0xffffffff
W/ResourceType( 6997): No known package when getting name for resource number 0xffffffff
W/ResourceType( 6997): No known package when getting name for resource number 0xffffffff
W/ResourceType( 6997): No known package when getting name for resource number 0xffffffff
W/ResourceType( 6997): No known package when getting name for resource number 0xffffffff
W/ResourceType( 6997): No known package when getting name for resource number 0xffffffff
W/ResourceType( 6997): No known package when getting name for resource number 0xffffffff
W/ResourceType( 6997): No known package when getting name for resource number 0xffffffff
W/ResourceType( 6997): No known package when getting name for resource number 0xffffffff
W/ResourceType( 6997): No known package when getting name for resource number 0xffffffff
W/ResourceType( 6997): No known package when getting name for resource number 0xffffffff
W/ResourceType( 6997): No known package when getting name for resource number 0xffffffff
W/ResourceType( 6997): No known package when getting name for resource number 0xffffffff
W/ResourceType( 6997): No known package when getting name for resource number 0xffffffff
W/ResourceType( 6997): No known package when getting name for resource number 0xffffffff
I/wpa_supplicant( 3673): wlan0: WPA: Group rekeying completed with 74:a0:2f:45:ae:5f [GTK=CCMP]
D/dalvikvm( 6997): GC_CONCURRENT freed 2501K, 14% free 16409K/19040K, paused 2ms+3ms, total 32ms
D/dalvikvm( 6997): WAIT_FOR_CONCURRENT_GC blocked 16ms
I/System.out( 6997): URI: /
I/System.out( 6997): params: {json={"command":"touch_coordinate","arguments":[579.0,470.0]}
I/System.out( 6997): }
I/System.out( 6997): header: {content-length=56, host=devicehost118.prod, x-session-token=token-token-1085ffcb-9e88-4cc3-9cc3-f4ca1497e105, x-forwarded-for=10.222.150.14, content-type=application/json; charset=utf-8, connection=close}
I/System.out( 6997): params: {json={"command":"touch_coordinate","arguments":[579.0,470.0]}
I/System.out( 6997): }
I/System.out( 6997): ProP json = {"command":"touch_coordinate","arguments":[579.0,470.0]}
I/System.out( 6997): files: {}
I/System.out( 6997): command: {"command":"touch_coordinate","arguments":[579.0,470.0]}
I/InstrumentationBackend( 6997): Got command:'Command:'Line:null,touch_coordinate', arguments:'[579.0, 470.0]'
D/audio_hw_primary(  180): select_devices: out_snd_device(2: speaker) in_snd_device(0: )
D/ACDB-LOADER(  180): ACDB -> send_afe_cal
D/Mono    ( 6997): Assembly Ref addref CareerBuilder_Search.Droid[0x7b007a98] -> Xamarin.Android.Support.v7.CardView[0x7b13fb50]: 2
I/calabash( 6997): execStartActivity 4
I/ActivityManager(  565): START u0 {cmp=com.careerbuilder.SugarDrone/md5a4824aa66c0dc4d104077b72c1916a44.JobDisplayPageActivity (has extras)} from pid 6997
I/calabash( 6997): newActivity1
I/System.out( 6997): result:{"bonusInformation":[],"message":"","success":true}
I/dalvikvm( 6997): Jit: resizing JitTable from 4096 to 8192
V/WebViewChromiumFactoryProvider( 6997): Binding Chromium to main looper Looper (main, tid 1) {41ec2e38}
I/LibraryLoader( 6997): Expected native library version number "",actual native library version number ""
I/chromium( 6997): [INFO:library_loader_hooks.cc(116)] Chromium logging enabled: level = 0, default verbosity = 0
I/BrowserStartupController( 6997): Initializing chromium process, renderers=0
E/AudioManagerAndroid( 6997): BLUETOOTH permission is missing!
I/System.out( 6997): URI: /map
I/System.out( 6997): params: {json={"query":"* marked:'applyButton'","operation":{"method_name":"query","arguments":[]}}
I/System.out( 6997): }
D/Mono    ( 6997): Unloading image System.Runtime.Extensions.dll [0x7fe6dc80].
D/Mono    ( 6997): Image addref System.Runtime.Extensions[0x7fe00038] -> System.Runtime.Extensions.dll[0x7d889990]: 8
D/Mono    ( 6997): Config attempting to parse: 'System.Runtime.Extensions.dll.config'.
D/Mono    ( 6997): Config attempting to parse: '/Users/builder/data/lanes/4009/f3074d2c/source/monodroid/builds/install/mono-armv6/etc/mono/assemblies/System.Runtime.Extensions/System.Runtime.Extensions.config'.
D/Mono    ( 6997): Assembly Ref addref CareerBuilder_Search[0x7b149c50] -> System.Runtime.Extensions[0x7d8318e0]: 6
I/mono-stdout( 6997): uri is: https://api.careerbuilder.com/v3/job?DID=job1&outputjson=true&ShowApplyRequirements=true&DeveloperKey=WDHR8FC6P2JZ1Y61KLM5
I/mono-stdout( 6997): making api call to: /v3/job?DID=job1&outputjson=true&ShowApplyRequirements=true&DeveloperKey=WDHR8FC6P2JZ1Y61KLM5
W/ResourceType( 6997): No known package when getting name for resource number 0xffffffff
W/ResourceType( 6997): No known package when getting name for resource number 0xffffffff
W/ResourceType( 6997): No known package when getting name for resource number 0xffffffff
W/ResourceType( 6997): No known package when getting name for resource number 0xffffffff
W/ResourceType( 6997): No known package when getting name for resource number 0xffffffff
W/ResourceType( 6997): No known package when getting name for resource number 0xffffffff
W/ResourceType( 6997): No known package when getting name for resource number 0xffffffff
W/ResourceType( 6997): No known package when getting name for resource number 0xffffffff
W/ResourceType( 6997): No known package when getting name for resource number 0xffffffff
W/ResourceType( 6997): No known package when getting name for resource number 0xffffffff
W/ResourceType( 6997): No known package when getting name for resource number 0xffffffff
W/ResourceType( 6997): No known package when getting name for resource number 0xffffffff
W/ResourceType( 6997): No known package when getting name for resource number 0xffffffff
W/ResourceType( 6997): No known package when getting name for resource number 0xffffffff
W/ResourceType( 6997): No known package when getting name for resource number 0xffffffff
W/ResourceType( 6997): No known package when getting name for resource number 0xffffffff
W/ResourceType( 6997): No known package when getting name for resource number 0xffffffff
W/ResourceType( 6997): No known package when getting name for resource number 0xffffffff
W/ResourceType( 6997): No known package when getting name for resource number 0xffffffff
W/ResourceType( 6997): No known package when getting name for resource number 0xffffffff
W/ResourceType( 6997): No known package when getting name for resource number 0xffffffff
W/ResourceType( 6997): No known package when getting name for resource number 0xffffffff
W/ResourceType( 6997): No known package when getting name for resource number 0xffffffff
W/ResourceType( 6997): No known package when getting name for resource number 0xffffffff
W/ResourceType( 6997): No known package when getting name for resource number 0xffffffff
W/ResourceType( 6997): No known package when getting name for resource number 0xffffffff
W/ResourceType( 6997): No known package when getting name for resource number 0xffffffff
W/ResourceType( 6997): No known package when getting name for resource number 0xffffffff
W/ResourceType( 6997): No known package when getting name for resource number 0xffffffff
W/ResourceType( 6997): No known package when getting name for resource number 0xffffffff
W/ResourceType( 6997): No known package when getting name for resource number 0xffffffff
W/ResourceType( 6997): No known package when getting name for resource number 0xffffffff
W/ResourceType( 6997): No known package when getting name for resource number 0xffffffff
W/ResourceType( 6997): No known package when getting name for resource number 0xffffffff
W/ResourceType( 6997): No known package when getting name for resource number 0xffffffff
W/ResourceType( 6997): No known package when getting name for resource number 0xffffffff
W/ResourceType( 6997): No known package when getting name for resource number 0xffffffff
W/ResourceType( 6997): No known package when getting name for resource number 0xffffffff
W/ResourceType( 6997): No known package when getting name for resource number 0xffffffff
W/ResourceType( 6997): No known package when getting name for resource number 0xffffffff
W/ResourceType( 6997): No known package when getting name for resource number 0xffffffff
W/ResourceType( 6997): No known package when getting name for resource number 0xffffffff
W/ResourceType( 6997): No known package when getting name for resource number 0xffffffff
W/ResourceType( 6997): No known package when getting name for resource number 0xffffffff
W/ResourceType( 6997): No known package when getting name for resource number 0xffffffff
W/ResourceType( 6997): No known package when getting name for resource number 0xffffffff
W/ResourceType( 6997): No known package when getting name for resource number 0xffffffff
W/ResourceType( 6997): No known package when getting name for resource number 0xffffffff
W/ResourceType( 6997): No known package when getting name for resource number 0xffffffff
W/ResourceType( 6997): No known package when getting name for resource number 0xffffffff
W/ResourceType( 6997): No known package when getting name for resource number 0xffffffff
W/ResourceType( 6997): No known package when getting name for resource number 0xffffffff
W/ResourceType( 6997): No known package when getting name for resource number 0xffffffff
W/ResourceType( 6997): No known package when getting name for resource number 0xffffffff
W/ResourceType( 6997): No known package when getting name for resource number 0xffffffff
W/ResourceType( 6997): No known package when getting name for resource number 0xffffffff
D/dalvikvm( 6997): GC_CONCURRENT freed 2180K, 13% free 16662K/19040K, paused 2ms+4ms, total 36ms
W/ResourceType( 6997): No known package when getting name for resource number 0xffffffff
I/ActivityManager(  565): Displayed com.careerbuilder.SugarDrone/md5a4824aa66c0dc4d104077b72c1916a44.JobDisplayPageActivity: +586ms
W/ResourceType( 6997): No known package when getting name for resource number 0xffffffff
W/ResourceType( 6997): No known package when getting name for resource number 0xffffffff
W/ResourceType( 6997): No known package when getting name for resource number 0xffffffff
W/ResourceType( 6997): No known package when getting name for resource number 0xffffffff
W/ResourceType( 6997): No known package when getting name for resource number 0xffffffff
W/ResourceType( 6997): No known package when getting name for resource number 0xffffffff
W/ResourceType( 6997): No known package when getting name for resource number 0xffffffff
W/ResourceType( 6997): No known package when getting name for resource number 0xffffffff
W/ResourceType( 6997): No known package when getting name for resource number 0xffffffff
I/mono-stdout( 6997): uri is: https://api.careerbuilder.com/consumer/saved-jobs/?DeveloperKey=WDHR8FC6P2JZ1Y61KLM5
W/ResourceType( 6997): No known package when getting name for resource number 0xffffffff
I/mono-stdout( 6997): making api call to: /consumer/saved-jobs/?DeveloperKey=WDHR8FC6P2JZ1Y61KLM5
I/mono-stdout( 6997): Method: GET, RequestUri: 'https://api.careerbuilder.com/consumer/saved-jobs/?DeveloperKey=WDHR8FC6P2JZ1Y61KLM5', Version: 1.1, Content: <null>, Headers:

I/mono-stdout( 6997): {

I/mono-stdout( 6997): DeveloperKey: WDHR8FC6P2JZ1Y61KLM5

I/mono-stdout( 6997): Accept: application/json

I/mono-stdout( 6997): Authorization: Bearer test

I/mono-stdout( 6997): HostSite: US

I/mono-stdout( 6997): }
I/mono-stdout( 6997): Current State = 1,2,6,7
I/mono-stdout( 6997): applied jobs = 6
I/mono-stdout( 6997): expired jobs = 7
I/mono-stdout( 6997): saved jobs = Saved,Saved,Applied,Saved
W/ResourceType( 6997): No known package when getting name for resource number 0xffffffff
W/ResourceType( 6997): No known package when getting name for resource number 0xffffffff
W/ResourceType( 6997): No known package when getting name for resource number 0xffffffff
W/ResourceType( 6997): No known package when getting name for resource number 0xffffffff
W/ResourceType( 6997): No known package when getting name for resource number 0xffffffff
W/ResourceType( 6997): No known package when getting name for resource number 0xffffffff
I/mono-stdout( 6997): done making call to: /v3/job?DID=job1&outputjson=true&ShowApplyRequirements=true&DeveloperKey=WDHR8FC6P2JZ1Y61KLM5
I/System.out( 6997): URI: /map
I/System.out( 6997): params: {json={"query":"* marked:'applyButton'","operation":{"method_name":"query","arguments":[]}}
I/System.out( 6997): }
I/mono-stdout( 6997): done making call to: /consumer/saved-jobs/?DeveloperKey=WDHR8FC6P2JZ1Y61KLM5
W/ResourceType( 6997): No known package when getting name for resource number 0xffffffff
W/ResourceType( 6997): No known package when getting name for resource number 0xffffffff
W/ResourceType( 6997): No known package when getting name for resource number 0xffffffff
W/ResourceType( 6997): No known package when getting name for resource number 0xffffffff
W/ResourceType( 6997): No known package when getting name for resource number 0xffffffff
W/ResourceType( 6997): No known package when getting name for resource number 0xffffffff
W/ResourceType( 6997): No known package when getting name for resource number 0xffffffff
W/ResourceType( 6997): No known package when getting name for resource number 0xffffffff
W/ResourceType( 6997): No known package when getting name for resource number 0xffffffff
W/ResourceType( 6997): No known package when getting name for resource number 0xffffffff
W/ResourceType( 6997): No known package when getting name for resource number 0xffffffff
W/ResourceType( 6997): No known package when getting name for resource number 0xffffffff
W/ResourceType( 6997): No known package when getting name for resource number 0xffffffff
W/ResourceType( 6997): No known package when getting name for resource number 0xffffffff
W/ResourceType( 6997): No known package when getting name for resource number 0xffffffff
W/ResourceType( 6997): No known package when getting name for resource number 0xffffffff
W/ResourceType( 6997): No known package when getting name for resource number 0xffffffff
W/ResourceType( 6997): No known package when getting name for resource number 0xffffffff
W/ResourceType( 6997): No known package when getting name for resource number 0xffffffff
W/ResourceType( 6997): No known package when getting name for resource number 0xffffffff
W/ResourceType( 6997): No known package when getting name for resource number 0xffffffff
W/ResourceType( 6997): No known package when getting name for resource number 0xffffffff
W/ResourceType( 6997): No known package when getting name for resource number 0xffffffff
W/ResourceType( 6997): No known package when getting name for resource number 0xffffffff
W/ResourceType( 6997): No known package when getting name for resource number 0xffffffff
W/ResourceType( 6997): No known package when getting name for resource number 0xffffffff
W/ResourceType( 6997): No known package when getting name for resource number 0xffffffff
W/ResourceType( 6997): No known package when getting name for resource number 0xffffffff
W/ResourceType( 6997): No known package when getting name for resource number 0xffffffff
W/ResourceType( 6997): No known package when getting name for resource number 0xffffffff
W/ResourceType( 6997): No known package when getting name for resource number 0xffffffff
W/ResourceType( 6997): No known package when getting name for resource number 0xffffffff
W/ResourceType( 6997): No known package when getting name for resource number 0xffffffff
W/ResourceType( 6997): No known package when getting name for resource number 0xffffffff
W/ResourceType( 6997): No known package when getting name for resource number 0xffffffff
W/ResourceType( 6997): No known package when getting name for resource number 0xffffffff
W/ResourceType( 6997): No known package when getting name for resource number 0xffffffff
W/ResourceType( 6997): No known package when getting name for resource number 0xffffffff
W/ResourceType( 6997): No known package when getting name for resource number 0xffffffff
W/ResourceType( 6997): No known package when getting name for resource number 0xffffffff
W/ResourceType( 6997): No known package when getting name for resource number 0xffffffff
W/ResourceType( 6997): No known package when getting name for resource number 0xffffffff
W/ResourceType( 6997): No known package when getting name for resource number 0xffffffff
W/ResourceType( 6997): No known package when getting name for resource number 0xffffffff
W/ResourceType( 6997): No known package when getting name for resource number 0xffffffff
W/ResourceType( 6997): No known package when getting name for resource number 0xffffffff
W/ResourceType( 6997): No known package when getting name for resource number 0xffffffff
W/ResourceType( 6997): No known package when getting name for resource number 0xffffffff
W/ResourceType( 6997): No known package when getting name for resource number 0xffffffff
W/ResourceType( 6997): No known package when getting name for resource number 0xffffffff
W/ResourceType( 6997): No known package when getting name for resource number 0xffffffff
D/dalvikvm( 6997): GC_CONCURRENT freed 2509K, 14% free 16738K/19344K, paused 2ms+8ms, total 44ms
D/dalvikvm( 6997): WAIT_FOR_CONCURRENT_GC blocked 10ms
W/ResourceType( 6997): No known package when getting name for resource number 0xffffffff
W/ResourceType( 6997): No known package when getting name for resource number 0xffffffff
W/ResourceType( 6997): No known package when getting name for resource number 0xffffffff
W/ResourceType( 6997): No known package when getting name for resource number 0xffffffff
W/ResourceType( 6997): No known package when getting name for resource number 0xffffffff
W/ResourceType( 6997): No known package when getting name for resource number 0xffffffff
W/ResourceType( 6997): No known package when getting name for resource number 0xffffffff
W/ResourceType( 6997): No known package when getting name for resource number 0xffffffff
W/ResourceType( 6997): No known package when getting name for resource number 0xffffffff
W/ResourceType( 6997): No known package when getting name for resource number 0xffffffff
W/ResourceType( 6997): No known package when getting name for resource number 0xffffffff
W/ResourceType( 6997): No known package when getting name for resource number 0xffffffff
W/ResourceType( 6997): No known package when getting name for resource number 0xffffffff
W/ResourceType( 6997): No known package when getting name for resource number 0xffffffff
W/ResourceType( 6997): No known package when getting name for resource number 0xffffffff
W/ResourceType( 6997): No known package when getting name for resource number 0xffffffff
W/ResourceType( 6997): No known package when getting name for resource number 0xffffffff
W/ResourceType( 6997): No known package when getting name for resource number 0xffffffff
W/ResourceType( 6997): No known package when getting name for resource number 0xffffffff
W/ResourceType( 6997): No known package when getting name for resource number 0xffffffff
W/ResourceType( 6997): No known package when getting name for resource number 0xffffffff
W/ResourceType( 6997): No known package when getting name for resource number 0xffffffff
W/ResourceType( 6997): No known package when getting name for resource number 0xffffffff
W/ResourceType( 6997): No known package when getting name for resource number 0xffffffff
W/ResourceType( 6997): No known package when getting name for resource number 0xffffffff
W/ResourceType( 6997): No known package when getting name for resource number 0xffffffff
W/ResourceType( 6997): No known package when getting name for resource number 0xffffffff
W/ResourceType( 6997): No known package when getting name for resource number 0xffffffff
W/ResourceType( 6997): No known package when getting name for resource number 0xffffffff
W/ResourceType( 6997): No known package when getting name for resource number 0xffffffff
W/ResourceType( 6997): No known package when getting name for resource number 0xffffffff
W/ResourceType( 6997): No known package when getting name for resource number 0xffffffff
I/System.out( 6997): URI: /map
I/System.out( 6997): params: {json={"query":"* marked:'applyButton'","operation":{"method_name":"query","arguments":[]}}
I/System.out( 6997): }
W/ResourceType( 6997): No known package when getting name for resource number 0xffffffff
W/ResourceType( 6997): No known package when getting name for resource number 0xffffffff
W/ResourceType( 6997): No known package when getting name for resource number 0xffffffff
W/ResourceType( 6997): No known package when getting name for resource number 0xffffffff
W/ResourceType( 6997): No known package when getting name for resource number 0xffffffff
W/ResourceType( 6997): No known package when getting name for resource number 0xffffffff
W/ResourceType( 6997): No known package when getting name for resource number 0xffffffff
W/ResourceType( 6997): No known package when getting name for resource number 0xffffffff
W/ResourceType( 6997): No known package when getting name for resource number 0xffffffff
W/ResourceType( 6997): No known package when getting name for resource number 0xffffffff
W/ResourceType( 6997): No known package when getting name for resource number 0xffffffff
W/ResourceType( 6997): No known package when getting name for resource number 0xffffffff
W/ResourceType( 6997): No known package when getting name for resource number 0xffffffff
W/ResourceType( 6997): No known package when getting name for resource number 0xffffffff
W/ResourceType( 6997): No known package when getting name for resource number 0xffffffff
W/ResourceType( 6997): No known package when getting name for resource number 0xffffffff
W/ResourceType( 6997): No known package when getting name for resource number 0xffffffff
W/ResourceType( 6997): No known package when getting name for resource number 0xffffffff
W/ResourceType( 6997): No known package when getting name for resource number 0xffffffff
W/ResourceType( 6997): No known package when getting name for resource number 0xffffffff
W/ResourceType( 6997): No known package when getting name for resource number 0xffffffff
W/ResourceType( 6997): No known package when getting name for resource number 0xffffffff
W/ResourceType( 6997): No known package when getting name for resource number 0xffffffff
W/ResourceType( 6997): No known package when getting name for resource number 0xffffffff
W/ResourceType( 6997): No known package when getting name for resource number 0xffffffff
W/ResourceType( 6997): No known package when getting name for resource number 0xffffffff
W/ResourceType( 6997): No known package when getting name for resource number 0xffffffff
W/ResourceType( 6997): No known package when getting name for resource number 0xffffffff
D/dalvikvm( 6997): GC_CONCURRENT freed 2568K, 14% free 16738K/19388K, paused 3ms+3ms, total 45ms
W/ResourceType( 6997): No known package when getting name for resource number 0xffffffff
W/ResourceType( 6997): No known package when getting name for resource number 0xffffffff
W/ResourceType( 6997): No known package when getting name for resource number 0xffffffff
W/ResourceType( 6997): No known package when getting name for resource number 0xffffffff
W/ResourceType( 6997): No known package when getting name for resource number 0xffffffff
W/ResourceType( 6997): No known package when getting name for resource number 0xffffffff
W/ResourceType( 6997): No known package when getting name for resource number 0xffffffff
W/ResourceType( 6997): No known package when getting name for resource number 0xffffffff
W/ResourceType( 6997): No known package when getting name for resource number 0xffffffff
W/ResourceType( 6997): No known package when getting name for resource number 0xffffffff
W/ResourceType( 6997): No known package when getting name for resource number 0xffffffff
W/ResourceType( 6997): No known package when getting name for resource number 0xffffffff
W/ResourceType( 6997): No known package when getting name for resource number 0xffffffff
W/ResourceType( 6997): No known package when getting name for resource number 0xffffffff
W/ResourceType( 6997): No known package when getting name for resource number 0xffffffff
W/ResourceType( 6997): No known package when getting name for resource number 0xffffffff
W/ResourceType( 6997): No known package when getting name for resource number 0xffffffff
W/ResourceType( 6997): No known package when getting name for resource number 0xffffffff
W/ResourceType( 6997): No known package when getting name for resource number 0xffffffff
W/ResourceType( 6997): No known package when getting name for resource number 0xffffffff
W/ResourceType( 6997): No known package when getting name for resource number 0xffffffff
W/ResourceType( 6997): No known package when getting name for resource number 0xffffffff
W/ResourceType( 6997): No known package when getting name for resource number 0xffffffff
W/ResourceType( 6997): No known package when getting name for resource number 0xffffffff
W/ResourceType( 6997): No known package when getting name for resource number 0xffffffff
W/ResourceType( 6997): No known package when getting name for resource number 0xffffffff
W/ResourceType( 6997): No known package when getting name for resource number 0xffffffff
W/ResourceType( 6997): No known package when getting name for resource number 0xffffffff
W/ResourceType( 6997): No known package when getting name for resource number 0xffffffff
W/ResourceType( 6997): No known package when getting name for resource number 0xffffffff
W/ResourceType( 6997): No known package when getting name for resource number 0xffffffff
W/ResourceType( 6997): No known package when getting name for resource number 0xffffffff
W/ResourceType( 6997): No known package when getting name for resource number 0xffffffff
W/ResourceType( 6997): No known package when getting name for resource number 0xffffffff
W/ResourceType( 6997): No known package when getting name for resource number 0xffffffff
W/ResourceType( 6997): No known package when getting name for resource number 0xffffffff
W/ResourceType( 6997): No known package when getting name for resource number 0xffffffff
W/ResourceType( 6997): No known package when getting name for resource number 0xffffffff
W/ResourceType( 6997): No known package when getting name for resource number 0xffffffff
W/ResourceType( 6997): No known package when getting name for resource number 0xffffffff
W/ResourceType( 6997): No known package when getting name for resource number 0xffffffff
W/ResourceType( 6997): No known package when getting name for resource number 0xffffffff
W/ResourceType( 6997): No known package when getting name for resource number 0xffffffff
W/ResourceType( 6997): No known package when getting name for resource number 0xffffffff
W/ResourceType( 6997): No known package when getting name for resource number 0xffffffff
W/ResourceType( 6997): No known package when getting name for resource number 0xffffffff
W/ResourceType( 6997): No known package when getting name for resource number 0xffffffff
W/ResourceType( 6997): No known package when getting name for resource number 0xffffffff
W/ResourceType( 6997): No known package when getting name for resource number 0xffffffff
W/ResourceType( 6997): No known package when getting name for resource number 0xffffffff
W/ResourceType( 6997): No known package when getting name for resource number 0xffffffff
W/ResourceType( 6997): No known package when getting name for resource number 0xffffffff
W/ResourceType( 6997): No known package when getting name for resource number 0xffffffff
W/ResourceType( 6997): No known package when getting name for resource number 0xffffffff
W/ResourceType( 6997): No known package when getting name for resource number 0xffffffff
I/System.out( 6997): URI: /
I/System.out( 6997): params: {json={"command":"touch_coordinate","arguments":[600.0,1756.0]}
I/System.out( 6997): }
I/System.out( 6997): header: {content-length=57, host=devicehost118.prod, x-session-token=token-token-1085ffcb-9e88-4cc3-9cc3-f4ca1497e105, x-forwarded-for=10.222.150.14, content-type=application/json; charset=utf-8, connection=close}
I/System.out( 6997): params: {json={"command":"touch_coordinate","arguments":[600.0,1756.0]}
I/System.out( 6997): }
I/System.out( 6997): ProP json = {"command":"touch_coordinate","arguments":[600.0,1756.0]}
I/System.out( 6997): files: {}
I/System.out( 6997): command: {"command":"touch_coordinate","arguments":[600.0,1756.0]}
I/InstrumentationBackend( 6997): Got command:'Command:'Line:null,touch_coordinate', arguments:'[600.0, 1756.0]'
I/calabash( 6997): execStartActivity 4
I/ActivityManager(  565): START u0 {cmp=com.careerbuilder.SugarDrone/md5a4824aa66c0dc4d104077b72c1916a44.ApplyActivity (has extras)} from pid 6997
I/calabash( 6997): newActivity1
I/mono-stdout( 6997): uri is: https://api.careerbuilder.com/v3/job?DID=job1&outputjson=true&ShowApplyRequirements=true&DeveloperKey=WDHR8FC6P2JZ1Y61KLM5
I/mono-stdout( 6997): making api call to: /v3/job?DID=job1&outputjson=true&ShowApplyRequirements=true&DeveloperKey=WDHR8FC6P2JZ1Y61KLM5
I/System.out( 6997): result:{"bonusInformation":[],"message":"","success":true}
I/ActivityManager(  565): Displayed com.careerbuilder.SugarDrone/md5a4824aa66c0dc4d104077b72c1916a44.ApplyActivity: +162ms
I/System.out( 6997): URI: /map
D/dalvikvm( 6997): GC_CONCURRENT freed 2481K, 13% free 16897K/19408K, paused 3ms+3ms, total 65ms
I/System.out( 6997): params: {json={"query":"* marked:'Equal Employment Opportunity Questions (Optional)'","operation":{"method_name":"query","arguments":[]}}
I/System.out( 6997): }
W/ResourceType( 6997): No known package when getting name for resource number 0xffffffff
W/ResourceType( 6997): No known package when getting name for resource number 0xffffffff
W/ResourceType( 6997): No known package when getting name for resource number 0xffffffff
W/ResourceType( 6997): No known package when getting name for resource number 0xffffffff
W/ResourceType( 6997): No known package when getting name for resource number 0xffffffff
W/ResourceType( 6997): No known package when getting name for resource number 0xffffffff
W/ResourceType( 6997): No known package when getting name for resource number 0xffffffff
W/ResourceType( 6997): No known package when getting name for resource number 0xffffffff
W/ResourceType( 6997): No known package when getting name for resource number 0xffffffff
W/ResourceType( 6997): No known package when getting name for resource number 0xffffffff
W/ResourceType( 6997): No known package when getting name for resource number 0xffffffff
W/ResourceType( 6997): No known package when getting name for resource number 0xffffffff
W/ResourceType( 6997): No known package when getting name for resource number 0xffffffff
W/ResourceType( 6997): No known package when getting name for resource number 0xffffffff
W/ResourceType( 6997): No known package when getting name for resource number 0xffffffff
W/ResourceType( 6997): No known package when getting name for resource number 0xffffffff
W/ResourceType( 6997): No known package when getting name for resource number 0xffffffff
W/ResourceType( 6997): No known package when getting name for resource number 0xffffffff
W/ResourceType( 6997): No known package when getting name for resource number 0xffffffff
W/ResourceType( 6997): No known package when getting name for resource number 0xffffffff
W/ResourceType( 6997): No known package when getting name for resource number 0xffffffff
W/ResourceType( 6997): No known package when getting name for resource number 0xffffffff
W/ResourceType( 6997): No known package when getting name for resource number 0xffffffff
W/ResourceType( 6997): No known package when getting name for resource number 0xffffffff
W/ResourceType( 6997): No known package when getting name for resource number 0xffffffff
W/ResourceType( 6997): No known package when getting name for resource number 0xffffffff
W/ResourceType( 6997): No known package when getting name for resource number 0xffffffff
W/ResourceType( 6997): No known package when getting name for resource number 0xffffffff
W/ResourceType( 6997): No known package when getting name for resource number 0xffffffff
W/ResourceType( 6997): No known package when getting name for resource number 0xffffffff
W/SurfaceFlinger(  177): couldn't log to binary event log: overflow.
W/ResourceType( 6997): No known package when getting name for resource number 0xffffffff
W/ResourceType( 6997): No known package when getting name for resource number 0xffffffff
W/ResourceType( 6997): No known package when getting name for resource number 0xffffffff
W/ResourceType( 6997): No known package when getting name for resource number 0xffffffff
W/ResourceType( 6997): No known package when getting name for resource number 0xffffffff
W/ResourceType( 6997): No known package when getting name for resource number 0xffffffff
W/ResourceType( 6997): No known package when getting name for resource number 0xffffffff
W/ResourceType( 6997): No known package when getting name for resource number 0xffffffff
W/ResourceType( 6997): No known package when getting name for resource number 0xffffffff
W/ResourceType( 6997): No known package when getting name for resource number 0xffffffff
W/ResourceType( 6997): No known package when getting name for resource number 0xffffffff
W/ResourceType( 6997): No known package when getting name for resource number 0xffffffff
W/ResourceType( 6997): No known package when getting name for resource number 0xffffffff
W/ResourceType( 6997): No known package when getting name for resource number 0xffffffff
W/ResourceType( 6997): No known package when getting name for resource number 0xffffffff
W/ResourceType( 6997): No known package when getting name for resource number 0xffffffff
W/ResourceType( 6997): No known package when getting name for resource number 0xffffffff
W/ResourceType( 6997): No known package when getting name for resource number 0xffffffff
W/ResourceType( 6997): No known package when getting name for resource number 0xffffffff
I/mono-stdout( 6997): done making call to: /v3/job?DID=job1&outputjson=true&ShowApplyRequirements=true&DeveloperKey=WDHR8FC6P2JZ1Y61KLM5
I/mono-stdout( 6997): uri is: https://api.careerbuilder.com/cbapi/job/job1/applicationform?DeveloperKey=WDHR8FC6P2JZ1Y61KLM5
I/mono-stdout( 6997): making api call to: /cbapi/job/job1/applicationform?DeveloperKey=WDHR8FC6P2JZ1Y61KLM5
W/ResourceType( 6997): No known package when getting name for resource number 0xffffffff
W/ResourceType( 6997): No known package when getting name for resource number 0xffffffff
W/ResourceType( 6997): No known package when getting name for resource number 0xffffffff
W/ResourceType( 6997): No known package when getting name for resource number 0xffffffff
W/ResourceType( 6997): No known package when getting name for resource number 0xffffffff
W/ResourceType( 6997): No known package when getting name for resource number 0xffffffff
W/ResourceType( 6997): No known package when getting name for resource number 0xffffffff
W/ResourceType( 6997): No known package when getting name for resource number 0xffffffff
W/ResourceType( 6997): No known package when getting name for resource number 0xffffffff
W/ResourceType( 6997): No known package when getting name for resource number 0xffffffff
W/ResourceType( 6997): No known package when getting name for resource number 0xffffffff
W/ResourceType( 6997): No known package when getting name for resource number 0xffffffff
W/ResourceType( 6997): No known package when getting name for resource number 0xffffffff
W/ResourceType( 6997): No known package when getting name for resource number 0xffffffff
W/ResourceType( 6997): No known package when getting name for resource number 0xffffffff
W/ResourceType( 6997): No known package when getting name for resource number 0xffffffff
W/ResourceType( 6997): No known package when getting name for resource number 0xffffffff
W/ResourceType( 6997): No known package when getting name for resource number 0xffffffff
W/ResourceType( 6997): No known package when getting name for resource number 0xffffffff
W/ResourceType( 6997): No known package when getting name for resource number 0xffffffff
W/ResourceType( 6997): No known package when getting name for resource number 0xffffffff
W/ResourceType( 6997): No known package when getting name for resource number 0xffffffff
W/ResourceType( 6997): No known package when getting name for resource number 0xffffffff
W/ResourceType( 6997): No known package when getting name for resource number 0xffffffff
W/ResourceType( 6997): No known package when getting name for resource number 0xffffffff
W/ResourceType( 6997): No known package when getting name for resource number 0xffffffff
W/ResourceType( 6997): No known package when getting name for resource number 0xffffffff
W/ResourceType( 6997): No known package when getting name for resource number 0xffffffff
W/ResourceType( 6997): No known package when getting name for resource number 0xffffffff
W/ResourceType( 6997): No known package when getting name for resource number 0xffffffff
W/ResourceType( 6997): No known package when getting name for resource number 0xffffffff
W/ResourceType( 6997): No known package when getting name for resource number 0xffffffff
W/ResourceType( 6997): No known package when getting name for resource number 0xffffffff
W/ResourceType( 6997): No known package when getting name for resource number 0xffffffff
W/ResourceType( 6997): No known package when getting name for resource number 0xffffffff
W/ResourceType( 6997): No known package when getting name for resource number 0xffffffff
W/ResourceType( 6997): No known package when getting name for resource number 0xffffffff
W/ResourceType( 6997): No known package when getting name for resource number 0xffffffff
W/ResourceType( 6997): No known package when getting name for resource number 0xffffffff
W/ResourceType( 6997): No known package when getting name for resource number 0xffffffff
W/ResourceType( 6997): No known package when getting name for resource number 0xffffffff
W/ResourceType( 6997): No known package when getting name for resource number 0xffffffff
W/ResourceType( 6997): No known package when getting name for resource number 0xffffffff
W/ResourceType( 6997): No known package when getting name for resource number 0xffffffff
W/ResourceType( 6997): No known package when getting name for resource number 0xffffffff
D/dalvikvm( 6997): GC_CONCURRENT freed 2749K, 15% free 16810K/19656K, paused 2ms+3ms, total 41ms
D/dalvikvm( 6997): WAIT_FOR_CONCURRENT_GC blocked 25ms
I/System.out( 6997): URI: /map
I/System.out( 6997): params: {json={"query":"* marked:'Race'","operation":{"method_name":"query","arguments":[]}}
I/System.out( 6997): }
W/ResourceType( 6997): No known package when getting name for resource number 0xffffffff
W/ResourceType( 6997): No known package when getting name for resource number 0xffffffff
W/ResourceType( 6997): No known package when getting name for resource number 0xffffffff
W/ResourceType( 6997): No known package when getting name for resource number 0xffffffff
W/ResourceType( 6997): No known package when getting name for resource number 0xffffffff
W/ResourceType( 6997): No known package when getting name for resource number 0xffffffff
W/ResourceType( 6997): No known package when getting name for resource number 0xffffffff
W/ResourceType( 6997): No known package when getting name for resource number 0xffffffff
W/ResourceType( 6997): No known package when getting name for resource number 0xffffffff
W/ResourceType( 6997): No known package when getting name for resource number 0xffffffff
W/ResourceType( 6997): No known package when getting name for resource number 0xffffffff
W/ResourceType( 6997): No known package when getting name for resource number 0xffffffff
W/ResourceType( 6997): No known package when getting name for resource number 0xffffffff
W/ResourceType( 6997): No known package when getting name for resource number 0xffffffff
W/ResourceType( 6997): No known package when getting name for resource number 0xffffffff
W/ResourceType( 6997): No known package when getting name for resource number 0xffffffff
W/ResourceType( 6997): No known package when getting name for resource number 0xffffffff
W/ResourceType( 6997): No known package when getting name for resource number 0xffffffff
W/ResourceType( 6997): No known package when getting name for resource number 0xffffffff
W/ResourceType( 6997): No known package when getting name for resource number 0xffffffff
W/ResourceType( 6997): No known package when getting name for resource number 0xffffffff
W/ResourceType( 6997): No known package when getting name for resource number 0xffffffff
W/ResourceType( 6997): No known package when getting name for resource number 0xffffffff
W/ResourceType( 6997): No known package when getting name for resource number 0xffffffff
I/mono-stdout( 6997): done making call to: /cbapi/job/job1/applicationform?DeveloperKey=WDHR8FC6P2JZ1Y61KLM5
W/ResourceType( 6997): No known package when getting name for resource number 0xffffffff
W/ResourceType( 6997): No known package when getting name for resource number 0xffffffff
W/ResourceType( 6997): No known package when getting name for resource number 0xffffffff
W/ResourceType( 6997): No known package when getting name for resource number 0xffffffff
W/ResourceType( 6997): No known package when getting name for resource number 0xffffffff
W/ResourceType( 6997): No known package when getting name for resource number 0xffffffff
W/ResourceType( 6997): No known package when getting name for resource number 0xffffffff
W/ResourceType( 6997): No known package when getting name for resource number 0xffffffff
W/ResourceType( 6997): No known package when getting name for resource number 0xffffffff
W/ResourceType( 6997): No known package when getting name for resource number 0xffffffff
W/ResourceType( 6997): No known package when getting name for resource number 0xffffffff
W/ResourceType( 6997): No known package when getting name for resource number 0xffffffff
W/ResourceType( 6997): No known package when getting name for resource number 0xffffffff
W/ResourceType( 6997): No known package when getting name for resource number 0xffffffff
W/ResourceType( 6997): No known package when getting name for resource number 0xffffffff
W/ResourceType( 6997): No known package when getting name for resource number 0xffffffff
W/ResourceType( 6997): No known package when getting name for resource number 0xffffffff
W/ResourceType( 6997): No known package when getting name for resource number 0xffffffff
W/ResourceType( 6997): No known package when getting name for resource number 0xffffffff
W/ResourceType( 6997): No known package when getting name for resource number 0xffffffff
W/ResourceType( 6997): No known package when getting name for resource number 0xffffffff
W/ResourceType( 6997): No known package when getting name for resource number 0xffffffff
W/ResourceType( 6997): No known package when getting name for resource number 0xffffffff
W/ResourceType( 6997): No known package when getting name for resource number 0xffffffff
W/ResourceType( 6997): No known package when getting name for resource number 0xffffffff
W/ResourceType( 6997): No known package when getting name for resource number 0xffffffff
W/ResourceType( 6997): No known package when getting name for resource number 0xffffffff
W/ResourceType( 6997): No known package when getting name for resource number 0xffffffff
D/Mono    ( 6997): Assembly Ref addref Xamarin.Android.Support.Design[0x7b13edd8] -> Xamarin.Android.Support.v7.AppCompat[0x7b13e080]: 3
W/ResourceType( 6997): No known package when getting name for resource number 0xffffffff
W/ResourceType( 6997): No known package when getting name for resource number 0xffffffff
W/ResourceType( 6997): No known package when getting name for resource number 0xffffffff
