<![CDATA[
]]><xtc-scenario name="[0-1012]CareerBuilder_Search.DroidFeatureTests.ExpiredJobPageTests.ExpiredJobsInSavedJobsGoesDirectlyToTheExpiredJobsPage" id="[0-1012]CareerBuilder_Search.DroidFeatureTests.ExpiredJobPageTests.ExpiredJobsInSavedJobsGoesDirectlyToTheExpiredJobsPage"><![CDATA[

]]><xtc-step name="[0-1012]CareerBuilder_Search.DroidFeatureTests.ExpiredJobPageTests.ExpiredJobsInSavedJobsGoesDirectlyToTheExpiredJobsPage-ExpiredJobsInSavedJobsGoesDirectlyToTheExpiredJobsPage" id="[0-1012]CareerBuilder_Search.DroidFeatureTests.ExpiredJobPageTests.ExpiredJobsInSavedJobsGoesDirectlyToTheExpiredJobsPage-ExpiredJobsInSavedJobsGoesDirectlyToTheExpiredJobsPage"><![CDATA[
D/AndroidRuntime( 5121): 
D/AndroidRuntime( 5121): >>>>>> AndroidRuntime START com.android.internal.os.RuntimeInit <<<<<<
D/AndroidRuntime( 5121): CheckJNI is OFF
D/dalvikvm( 5121): Trying to load lib libjavacore.so 0x0
D/dalvikvm( 5121): Added shared lib libjavacore.so 0x0
D/dalvikvm( 5121): Trying to load lib libnativehelper.so 0x0
D/dalvikvm( 5121): Added shared lib libnativehelper.so 0x0
D/dalvikvm( 5121): No JNI_OnLoad found in libnativehelper.so 0x0, skipping init
D/dalvikvm( 5121): Note: class Landroid/app/ActivityManagerNative; has 179 unimplemented (abstract) methods
D/AndroidRuntime( 5121): Calling main entry com.android.commands.pm.Pm
D/AndroidRuntime( 5121): Shutting down VM
D/dalvikvm( 5121): GC_CONCURRENT freed 248K, 31% free 567K/816K, paused 0ms+1ms, total 2ms
D/AndroidRuntime( 5441): 
D/AndroidRuntime( 5441): >>>>>> AndroidRuntime START com.android.internal.os.RuntimeInit <<<<<<
D/AndroidRuntime( 5441): CheckJNI is OFF
D/dalvikvm( 5441): Trying to load lib libjavacore.so 0x0
D/dalvikvm( 5441): Added shared lib libjavacore.so 0x0
D/dalvikvm( 5441): Trying to load lib libnativehelper.so 0x0
D/dalvikvm( 5441): Added shared lib libnativehelper.so 0x0
D/dalvikvm( 5441): No JNI_OnLoad found in libnativehelper.so 0x0, skipping init
D/dalvikvm( 5441): Note: class Landroid/app/ActivityManagerNative; has 179 unimplemented (abstract) methods
D/AndroidRuntime( 5441): Calling main entry com.android.commands.am.Am
D/AndroidRuntime( 5441): Shutting down VM
--------- beginning of /dev/log/system
W/ActivityManager(  574): Invalid packageName: com.careerbuilder.SugarDrone
D/dalvikvm( 5441): GC_CONCURRENT freed 93K, 15% free 553K/648K, paused 0ms+1ms, total 2ms
D/AndroidRuntime( 6058): 
D/AndroidRuntime( 6058): >>>>>> AndroidRuntime START com.android.internal.os.RuntimeInit <<<<<<
D/AndroidRuntime( 6058): CheckJNI is OFF
D/dalvikvm( 6058): Trying to load lib libjavacore.so 0x0
D/dalvikvm( 6058): Added shared lib libjavacore.so 0x0
D/dalvikvm( 6058): Trying to load lib libnativehelper.so 0x0
D/dalvikvm( 6058): Added shared lib libnativehelper.so 0x0
D/dalvikvm( 6058): No JNI_OnLoad found in libnativehelper.so 0x0, skipping init
D/dalvikvm( 6058): Note: class Landroid/app/ActivityManagerNative; has 179 unimplemented (abstract) methods
D/AndroidRuntime( 6058): Calling main entry com.android.commands.pm.Pm
W/ActivityManager(  574): No content provider found for permission revoke: file:///data/local/tmp/0000002314
W/ActivityManager(  574): No content provider found for permission revoke: file:///data/local/tmp/0000002314
I/PackageManager(  574): Copying native libraries to /data/app-lib/vmdl-2095340678
D/dalvikvm(  574): GC_FOR_ALLOC freed 1214K, 12% free 19845K/22396K, paused 61ms, total 61ms
D/dalvikvm(  574): GC_CONCURRENT freed 1945K, 9% free 20619K/22604K, paused 3ms+5ms, total 73ms
D/dalvikvm(  574): WAIT_FOR_CONCURRENT_GC blocked 64ms
D/dalvikvm(  574): GC_FOR_ALLOC freed 2683K, 13% free 20647K/23564K, paused 69ms, total 69ms
D/dalvikvm(  574): GC_FOR_ALLOC freed 2743K, 13% free 20665K/23600K, paused 77ms, total 83ms
D/dalvikvm(  574): GC_CONCURRENT freed 2778K, 13% free 20702K/23624K, paused 12ms+6ms, total 82ms
D/dalvikvm(  574): WAIT_FOR_CONCURRENT_GC blocked 56ms
I/PackageManager(  574): Running dexopt on: com.careerbuilder.SugarDrone
W/dalvikvm( 6146): method Landroid/support/v7/widget/ListViewCompat;.lookForSelectablePosition incorrectly overrides package-private method with same name in Landroid/widget/ListView;
D/dalvikvm( 6146): DexOpt: couldn't find static field Landroid/os/Build;.SUPPORTED_ABIS
D/dalvikvm( 6146): DexOpt: load 289ms, verify+opt 1775ms, 3733380 bytes
I/ActivityManager(  574): Force stopping com.careerbuilder.SugarDrone appid=18408 user=-1: update pkg
W/PackageManager(  574): Not granting permission android.permission.MANAGE_DOCUMENTS to package com.careerbuilder.SugarDrone (protectionLevel=2 flags=0x8be46)
W/PackageManager(  574): Not granting permission android.permission.MOUNT_UNMOUNT_FILESYSTEMS to package com.careerbuilder.SugarDrone (protectionLevel=18 flags=0x8be46)
I/InputReader(  574): Reconfiguring input devices.  changes=0x00000010
D/dalvikvm(  820): GC_CONCURRENT freed 313K, 4% free 9376K/9720K, paused 3ms+1ms, total 17ms
D/BackupManagerService(  574): Received broadcast Intent { act=android.intent.action.PACKAGE_ADDED dat=package:com.careerbuilder.SugarDrone flg=0x4000010 (has extras) }
V/BackupManagerService(  574): addPackageParticipantsLocked: #1
I/Icing.InternalIcingCorporaProvider( 1347): Updating corpora: A: com.careerbuilder.SugarDrone, C: MAYBE
D/dalvikvm( 1347): GC_CONCURRENT freed 343K, 6% free 9522K/10096K, paused 1ms+1ms, total 15ms
D/Wear_Controller( 1016): Received broadcast action=android.intent.action.PACKAGE_ADDED and uri=com.careerbuilder.SugarDrone
I/PeopleContactsSync( 1016): triggerPendingContactsCleanup: no accounts
W/IcingInternalCorpora( 1016): getNumBytesRead when not calculated.
I/ActivityManager(  574): Delay finish: com.google.android.gms/.chimera.GmsIntentOperationService$PersistentInternalReceiver
D/dalvikvm(  574): GC_EXPLICIT freed 1942K, 12% free 20868K/23624K, paused 4ms+20ms, total 388ms
D/AndroidRuntime( 6058): Shutting down VM
D/dalvikvm( 6058): GC_CONCURRENT freed 95K, 15% free 561K/660K, paused 0ms+0ms, total 3ms
I/Icing   ( 1016): Usage reports 0 indexed 0 rejected 0 imm upload false
I/Icing   ( 1016): Usage reports 0 indexed 0 rejected 0 imm upload false
I/Icing   ( 1016): Usage reports 0 indexed 0 rejected 0 imm upload true
I/Icing.InternalIcingCorporaProvider( 1347): UpdateCorporaTask done [took 288 ms] updated apps [took 288 ms] 
I/ActivityManager(  574): Resuming delayed broadcast
D/AndroidRuntime( 6249): 
D/AndroidRuntime( 6249): >>>>>> AndroidRuntime START com.android.internal.os.RuntimeInit <<<<<<
D/AndroidRuntime( 6249): CheckJNI is OFF
D/dalvikvm( 6249): Trying to load lib libjavacore.so 0x0
D/dalvikvm( 6249): Added shared lib libjavacore.so 0x0
D/dalvikvm( 6249): Trying to load lib libnativehelper.so 0x0
D/dalvikvm( 6249): Added shared lib libnativehelper.so 0x0
D/dalvikvm( 6249): No JNI_OnLoad found in libnativehelper.so 0x0, skipping init
D/dalvikvm( 6249): Note: class Landroid/app/ActivityManagerNative; has 179 unimplemented (abstract) methods
D/AndroidRuntime( 6249): Calling main entry com.android.commands.settings.SettingsCmd
D/AndroidRuntime( 6249): Shutting down VM
D/dalvikvm( 6249): GC_CONCURRENT freed 96K, 16% free 562K/664K, paused 0ms+0ms, total 3ms
I/Icing   ( 1016): Indexing 5DEEA38537210BEE0F2C135EA4D174C2C8299805 from com.google.android.googlequicksearchbox
I/Icing   ( 1016): Indexing done 5DEEA38537210BEE0F2C135EA4D174C2C8299805
I/Icing   ( 1016): Indexing A71B48A243897ACCCBB490823C9E3D3488B33FED from com.google.android.gms
I/Icing   ( 1016): Indexing done A71B48A243897ACCCBB490823C9E3D3488B33FED
D/AndroidRuntime( 6277): 
D/AndroidRuntime( 6277): >>>>>> AndroidRuntime START com.android.internal.os.RuntimeInit <<<<<<
D/AndroidRuntime( 6277): CheckJNI is OFF
D/dalvikvm( 6277): Trying to load lib libjavacore.so 0x0
D/dalvikvm( 6277): Added shared lib libjavacore.so 0x0
D/dalvikvm( 6277): Trying to load lib libnativehelper.so 0x0
D/dalvikvm( 6277): Added shared lib libnativehelper.so 0x0
D/dalvikvm( 6277): No JNI_OnLoad found in libnativehelper.so 0x0, skipping init
D/dalvikvm( 6277): Note: class Landroid/app/ActivityManagerNative; has 179 unimplemented (abstract) methods
D/AndroidRuntime( 6277): Calling main entry com.android.commands.settings.SettingsCmd
D/AndroidRuntime( 6277): Shutting down VM
D/dalvikvm( 6277): GC_CONCURRENT freed 96K, 15% free 562K/660K, paused 0ms+0ms, total 2ms
D/AndroidRuntime( 6304): 
D/AndroidRuntime( 6304): >>>>>> AndroidRuntime START com.android.internal.os.RuntimeInit <<<<<<
D/AndroidRuntime( 6304): CheckJNI is OFF
D/dalvikvm( 6304): Trying to load lib libjavacore.so 0x0
D/dalvikvm( 6304): Added shared lib libjavacore.so 0x0
D/dalvikvm( 6304): Trying to load lib libnativehelper.so 0x0
D/dalvikvm( 6304): Added shared lib libnativehelper.so 0x0
D/dalvikvm( 6304): No JNI_OnLoad found in libnativehelper.so 0x0, skipping init
D/dalvikvm( 6304): Note: class Landroid/app/ActivityManagerNative; has 179 unimplemented (abstract) methods
D/AndroidRuntime( 6304): Calling main entry com.android.commands.settings.SettingsCmd
D/AndroidRuntime( 6304): Shutting down VM
D/dalvikvm( 6304): GC_CONCURRENT freed 96K, 16% free 562K/664K, paused 1ms+0ms, total 3ms
D/AndroidRuntime( 6338): 
D/AndroidRuntime( 6338): >>>>>> AndroidRuntime START com.android.internal.os.RuntimeInit <<<<<<
D/AndroidRuntime( 6338): CheckJNI is OFF
D/dalvikvm( 6338): Trying to load lib libjavacore.so 0x0
D/dalvikvm( 6338): Added shared lib libjavacore.so 0x0
D/dalvikvm( 6338): Trying to load lib libnativehelper.so 0x0
D/dalvikvm( 6338): Added shared lib libnativehelper.so 0x0
D/dalvikvm( 6338): No JNI_OnLoad found in libnativehelper.so 0x0, skipping init
D/dalvikvm( 6338): Note: class Landroid/app/ActivityManagerNative; has 179 unimplemented (abstract) methods
D/AndroidRuntime( 6338): Calling main entry com.android.commands.settings.SettingsCmd
D/AndroidRuntime( 6338): Shutting down VM
D/dalvikvm( 6338): GC_CONCURRENT freed 96K, 15% free 562K/660K, paused 1ms+1ms, total 3ms
D/AndroidRuntime( 6371): 
D/AndroidRuntime( 6371): >>>>>> AndroidRuntime START com.android.internal.os.RuntimeInit <<<<<<
D/AndroidRuntime( 6371): CheckJNI is OFF
D/dalvikvm( 6371): Trying to load lib libjavacore.so 0x0
D/dalvikvm( 6371): Added shared lib libjavacore.so 0x0
D/dalvikvm( 6371): Trying to load lib libnativehelper.so 0x0
D/dalvikvm( 6371): Added shared lib libnativehelper.so 0x0
D/dalvikvm( 6371): No JNI_OnLoad found in libnativehelper.so 0x0, skipping init
D/dalvikvm( 6371): Note: class Landroid/app/ActivityManagerNative; has 179 unimplemented (abstract) methods
D/AndroidRuntime( 6371): Calling main entry com.android.commands.settings.SettingsCmd
D/AndroidRuntime( 6371): Shutting down VM
D/dalvikvm( 6371): GC_CONCURRENT freed 96K, 15% free 562K/660K, paused 0ms+0ms, total 2ms
D/AndroidRuntime( 6404): 
D/AndroidRuntime( 6404): >>>>>> AndroidRuntime START com.android.internal.os.RuntimeInit <<<<<<
D/AndroidRuntime( 6404): CheckJNI is OFF
D/dalvikvm( 6404): Trying to load lib libjavacore.so 0x0
D/dalvikvm( 6404): Added shared lib libjavacore.so 0x0
D/dalvikvm( 6404): Trying to load lib libnativehelper.so 0x0
D/dalvikvm( 6404): Added shared lib libnativehelper.so 0x0
D/dalvikvm( 6404): No JNI_OnLoad found in libnativehelper.so 0x0, skipping init
D/dalvikvm( 6404): Note: class Landroid/app/ActivityManagerNative; has 179 unimplemented (abstract) methods
D/AndroidRuntime( 6404): Calling main entry com.android.commands.settings.SettingsCmd
D/AndroidRuntime( 6404): Shutting down VM
D/dalvikvm( 6404): GC_CONCURRENT freed 96K, 15% free 562K/660K, paused 0ms+0ms, total 3ms
D/AndroidRuntime( 6436): 
D/AndroidRuntime( 6436): >>>>>> AndroidRuntime START com.android.internal.os.RuntimeInit <<<<<<
D/AndroidRuntime( 6436): CheckJNI is OFF
D/dalvikvm( 6436): Trying to load lib libjavacore.so 0x0
D/dalvikvm( 6436): Added shared lib libjavacore.so 0x0
D/dalvikvm( 6436): Trying to load lib libnativehelper.so 0x0
D/dalvikvm( 6436): Added shared lib libnativehelper.so 0x0
D/dalvikvm( 6436): No JNI_OnLoad found in libnativehelper.so 0x0, skipping init
D/dalvikvm( 6436): Note: class Landroid/app/ActivityManagerNative; has 179 unimplemented (abstract) methods
D/AndroidRuntime( 6436): Calling main entry com.android.commands.pm.Pm
D/AndroidRuntime( 6436): Shutting down VM
D/dalvikvm( 6436): GC_CONCURRENT freed 249K, 31% free 567K/820K, paused 0ms+0ms, total 3ms
D/AndroidRuntime( 6512): 
D/AndroidRuntime( 6512): >>>>>> AndroidRuntime START com.android.internal.os.RuntimeInit <<<<<<
D/AndroidRuntime( 6512): CheckJNI is OFF
D/dalvikvm( 6512): Trying to load lib libjavacore.so 0x0
D/dalvikvm( 6512): Added shared lib libjavacore.so 0x0
D/dalvikvm( 6512): Trying to load lib libnativehelper.so 0x0
D/dalvikvm( 6512): Added shared lib libnativehelper.so 0x0
D/dalvikvm( 6512): No JNI_OnLoad found in libnativehelper.so 0x0, skipping init
D/dalvikvm( 6512): Note: class Landroid/app/ActivityManagerNative; has 179 unimplemented (abstract) methods
D/AndroidRuntime( 6512): Calling main entry com.android.commands.pm.Pm
D/AndroidRuntime( 6512): Shutting down VM
D/dalvikvm( 6512): GC_CONCURRENT freed 249K, 31% free 567K/820K, paused 0ms+0ms, total 3ms
D/AndroidRuntime( 6617): 
D/AndroidRuntime( 6617): >>>>>> AndroidRuntime START com.android.internal.os.RuntimeInit <<<<<<
D/AndroidRuntime( 6617): CheckJNI is OFF
D/dalvikvm( 6617): Trying to load lib libjavacore.so 0x0
D/dalvikvm( 6617): Added shared lib libjavacore.so 0x0
D/dalvikvm( 6617): Trying to load lib libnativehelper.so 0x0
D/dalvikvm( 6617): Added shared lib libnativehelper.so 0x0
D/dalvikvm( 6617): No JNI_OnLoad found in libnativehelper.so 0x0, skipping init
D/dalvikvm( 6617): Note: class Landroid/app/ActivityManagerNative; has 179 unimplemented (abstract) methods
D/AndroidRuntime( 6617): Calling main entry com.android.commands.am.Am
D/AndroidRuntime( 6617): Shutting down VM
D/dalvikvm( 6617): GC_CONCURRENT freed 93K, 15% free 553K/648K, paused 0ms+0ms, total 2ms
I/AndroidRuntime( 6617): NOTE: attach of thread 'Binder_2' failed
W/ActivityManager(  574): Invalid packageName: com.careerbuilder.SugarDrone.test
D/AndroidRuntime( 6649): 
D/AndroidRuntime( 6649): >>>>>> AndroidRuntime START com.android.internal.os.RuntimeInit <<<<<<
D/AndroidRuntime( 6649): CheckJNI is OFF
D/dalvikvm( 6649): Trying to load lib libjavacore.so 0x0
D/dalvikvm( 6649): Added shared lib libjavacore.so 0x0
D/dalvikvm( 6649): Trying to load lib libnativehelper.so 0x0
D/dalvikvm( 6649): Added shared lib libnativehelper.so 0x0
D/dalvikvm( 6649): No JNI_OnLoad found in libnativehelper.so 0x0, skipping init
D/dalvikvm( 6649): Note: class Landroid/app/ActivityManagerNative; has 179 unimplemented (abstract) methods
D/AndroidRuntime( 6649): Calling main entry com.android.commands.pm.Pm
W/ActivityManager(  574): No content provider found for permission revoke: file:///data/local/tmp/0000002315
W/ActivityManager(  574): No content provider found for permission revoke: file:///data/local/tmp/0000002315
I/PackageManager(  574): Copying native libraries to /data/app-lib/vmdl-2006468951
D/dalvikvm(  574): GC_CONCURRENT freed 4334K, 19% free 19477K/23860K, paused 4ms+5ms, total 84ms
I/PackageManager(  574): Running dexopt on: com.careerbuilder.SugarDrone.test
D/dalvikvm( 6678): DexOpt: load 67ms, verify+opt 516ms, 1565836 bytes
I/ActivityManager(  574): Force stopping com.careerbuilder.SugarDrone.test appid=18409 user=-1: update pkg
I/InputReader(  574): Reconfiguring input devices.  changes=0x00000010
I/Icing.InternalIcingCorporaProvider( 1347): Updating corpora: A: com.careerbuilder.SugarDrone.test, C: MAYBE
D/BackupManagerService(  574): Received broadcast Intent { act=android.intent.action.PACKAGE_ADDED dat=package:com.careerbuilder.SugarDrone.test flg=0x4000010 (has extras) }
V/BackupManagerService(  574): addPackageParticipantsLocked: #1
I/Icing.InternalIcingCorporaProvider( 1347): UpdateCorporaTask done [took 51 ms] updated apps [took 51 ms] 
D/dalvikvm( 1347): GC_CONCURRENT freed 338K, 5% free 9620K/10096K, paused 16ms+5ms, total 55ms
D/dalvikvm( 1934): GC_FOR_ALLOC freed 366K, 3% free 18100K/18656K, paused 36ms, total 37ms
D/dalvikvm(  574): GC_EXPLICIT freed 827K, 18% free 19580K/23860K, paused 10ms+9ms, total 213ms
D/AndroidRuntime( 6649): Shutting down VM
D/dalvikvm( 6649): GC_CONCURRENT freed 95K, 15% free 561K/660K, paused 0ms+0ms, total 3ms
D/dalvikvm( 1016): GC_CONCURRENT freed 1086K, 11% free 12383K/13760K, paused 20ms+25ms, total 104ms
I/PeopleContactsSync( 1016): triggerPendingContactsCleanup: no accounts
D/Wear_Controller( 1016): Received broadcast action=android.intent.action.PACKAGE_ADDED and uri=com.careerbuilder.SugarDrone.test
I/Icing   ( 1016): Usage reports 0 indexed 0 rejected 0 imm upload false
W/IcingInternalCorpora( 1016): getNumBytesRead when not calculated.
I/Icing   ( 1016): Usage reports 0 indexed 0 rejected 0 imm upload false
D/AndroidRuntime( 6739): 
D/AndroidRuntime( 6739): >>>>>> AndroidRuntime START com.android.internal.os.RuntimeInit <<<<<<
D/AndroidRuntime( 6739): CheckJNI is OFF
D/dalvikvm( 6739): Trying to load lib libjavacore.so 0x0
D/dalvikvm( 6739): Added shared lib libjavacore.so 0x0
D/dalvikvm( 6739): Trying to load lib libnativehelper.so 0x0
D/dalvikvm( 6739): Added shared lib libnativehelper.so 0x0
D/dalvikvm( 6739): No JNI_OnLoad found in libnativehelper.so 0x0, skipping init
D/dalvikvm( 6739): Note: class Landroid/app/ActivityManagerNative; has 179 unimplemented (abstract) methods
D/AndroidRuntime( 6739): Calling main entry com.android.commands.settings.SettingsCmd
D/AndroidRuntime( 6739): Shutting down VM
D/dalvikvm( 6739): GC_CONCURRENT freed 96K, 15% free 562K/660K, paused 1ms+1ms, total 3ms
I/Icing   ( 1016): Indexing A71B48A243897ACCCBB490823C9E3D3488B33FED from com.google.android.gms
I/Icing   ( 1016): Indexing done A71B48A243897ACCCBB490823C9E3D3488B33FED
D/AndroidRuntime( 6769): 
D/AndroidRuntime( 6769): >>>>>> AndroidRuntime START com.android.internal.os.RuntimeInit <<<<<<
D/AndroidRuntime( 6769): CheckJNI is OFF
D/dalvikvm( 6769): Trying to load lib libjavacore.so 0x0
D/dalvikvm( 6769): Added shared lib libjavacore.so 0x0
D/dalvikvm( 6769): Trying to load lib libnativehelper.so 0x0
D/dalvikvm( 6769): Added shared lib libnativehelper.so 0x0
D/dalvikvm( 6769): No JNI_OnLoad found in libnativehelper.so 0x0, skipping init
D/dalvikvm( 6769): Note: class Landroid/app/ActivityManagerNative; has 179 unimplemented (abstract) methods
D/AndroidRuntime( 6769): Calling main entry com.android.commands.settings.SettingsCmd
D/AndroidRuntime( 6769): Shutting down VM
D/dalvikvm( 6769): GC_CONCURRENT freed 96K, 15% free 562K/660K, paused 0ms+0ms, total 2ms
D/AndroidRuntime( 6800): 
D/AndroidRuntime( 6800): >>>>>> AndroidRuntime START com.android.internal.os.RuntimeInit <<<<<<
D/AndroidRuntime( 6800): CheckJNI is OFF
D/dalvikvm( 6800): Trying to load lib libjavacore.so 0x0
D/dalvikvm( 6800): Added shared lib libjavacore.so 0x0
D/dalvikvm( 6800): Trying to load lib libnativehelper.so 0x0
D/dalvikvm( 6800): Added shared lib libnativehelper.so 0x0
D/dalvikvm( 6800): No JNI_OnLoad found in libnativehelper.so 0x0, skipping init
D/dalvikvm( 6800): Note: class Landroid/app/ActivityManagerNative; has 179 unimplemented (abstract) methods
D/AndroidRuntime( 6800): Calling main entry com.android.commands.settings.SettingsCmd
D/AndroidRuntime( 6800): Shutting down VM
D/dalvikvm( 6800): GC_CONCURRENT freed 96K, 16% free 562K/664K, paused 1ms+1ms, total 3ms
D/AndroidRuntime( 6834): 
D/AndroidRuntime( 6834): >>>>>> AndroidRuntime START com.android.internal.os.RuntimeInit <<<<<<
D/AndroidRuntime( 6834): CheckJNI is OFF
D/dalvikvm( 6834): Trying to load lib libjavacore.so 0x0
D/dalvikvm( 6834): Added shared lib libjavacore.so 0x0
D/dalvikvm( 6834): Trying to load lib libnativehelper.so 0x0
D/dalvikvm( 6834): Added shared lib libnativehelper.so 0x0
D/dalvikvm( 6834): No JNI_OnLoad found in libnativehelper.so 0x0, skipping init
D/dalvikvm( 6834): Note: class Landroid/app/ActivityManagerNative; has 179 unimplemented (abstract) methods
D/AndroidRuntime( 6834): Calling main entry com.android.commands.settings.SettingsCmd
D/AndroidRuntime( 6834): Shutting down VM
D/dalvikvm( 6834): GC_CONCURRENT freed 96K, 15% free 562K/660K, paused 1ms+1ms, total 3ms
D/AndroidRuntime( 6868): 
D/AndroidRuntime( 6868): >>>>>> AndroidRuntime START com.android.internal.os.RuntimeInit <<<<<<
D/AndroidRuntime( 6868): CheckJNI is OFF
D/dalvikvm( 6868): Trying to load lib libjavacore.so 0x0
D/dalvikvm( 6868): Added shared lib libjavacore.so 0x0
D/dalvikvm( 6868): Trying to load lib libnativehelper.so 0x0
D/dalvikvm( 6868): Added shared lib libnativehelper.so 0x0
D/dalvikvm( 6868): No JNI_OnLoad found in libnativehelper.so 0x0, skipping init
D/dalvikvm( 6868): Note: class Landroid/app/ActivityManagerNative; has 179 unimplemented (abstract) methods
D/AndroidRuntime( 6868): Calling main entry com.android.commands.settings.SettingsCmd
D/AndroidRuntime( 6868): Shutting down VM
D/dalvikvm( 6868): GC_CONCURRENT freed 96K, 15% free 562K/660K, paused 1ms+1ms, total 3ms
D/AndroidRuntime( 6900): 
D/AndroidRuntime( 6900): >>>>>> AndroidRuntime START com.android.internal.os.RuntimeInit <<<<<<
D/AndroidRuntime( 6900): CheckJNI is OFF
W/ProcessCpuTracker(  574): Skipping unknown process pid 6904
D/dalvikvm( 6900): Trying to load lib libjavacore.so 0x0
D/dalvikvm( 6900): Added shared lib libjavacore.so 0x0
D/dalvikvm( 6900): Trying to load lib libnativehelper.so 0x0
D/dalvikvm( 6900): Added shared lib libnativehelper.so 0x0
D/dalvikvm( 6900): No JNI_OnLoad found in libnativehelper.so 0x0, skipping init
D/dalvikvm( 6900): Note: class Landroid/app/ActivityManagerNative; has 179 unimplemented (abstract) methods
D/AndroidRuntime( 6900): Calling main entry com.android.commands.settings.SettingsCmd
D/AndroidRuntime( 6900): Shutting down VM
D/dalvikvm( 6900): GC_CONCURRENT freed 96K, 15% free 562K/660K, paused 0ms+0ms, total 3ms
D/AndroidRuntime( 6936): 
D/AndroidRuntime( 6936): >>>>>> AndroidRuntime START com.android.internal.os.RuntimeInit <<<<<<
D/AndroidRuntime( 6936): CheckJNI is OFF
D/dalvikvm( 6936): Trying to load lib libjavacore.so 0x0
D/dalvikvm( 6936): Added shared lib libjavacore.so 0x0
D/dalvikvm( 6936): Trying to load lib libnativehelper.so 0x0
D/dalvikvm( 6936): Added shared lib libnativehelper.so 0x0
D/dalvikvm( 6936): No JNI_OnLoad found in libnativehelper.so 0x0, skipping init
D/dalvikvm( 6936): Note: class Landroid/app/ActivityManagerNative; has 179 unimplemented (abstract) methods
D/AndroidRuntime( 6936): Calling main entry com.android.commands.pm.Pm
D/AndroidRuntime( 6936): Shutting down VM
D/dalvikvm( 6936): GC_CONCURRENT freed 251K, 31% free 567K/820K, paused 0ms+0ms, total 3ms
D/dalvikvm(  574): GC_CONCURRENT freed 2742K, 19% free 19484K/23844K, paused 3ms+5ms, total 84ms
D/AndroidRuntime( 7021): 
D/AndroidRuntime( 7021): >>>>>> AndroidRuntime START com.android.internal.os.RuntimeInit <<<<<<
D/AndroidRuntime( 7021): CheckJNI is OFF
D/dalvikvm( 7021): Trying to load lib libjavacore.so 0x0
D/dalvikvm( 7021): Added shared lib libjavacore.so 0x0
D/dalvikvm( 7021): Trying to load lib libnativehelper.so 0x0
D/dalvikvm( 7021): Added shared lib libnativehelper.so 0x0
D/dalvikvm( 7021): No JNI_OnLoad found in libnativehelper.so 0x0, skipping init
D/dalvikvm( 7021): Note: class Landroid/app/ActivityManagerNative; has 179 unimplemented (abstract) methods
D/AndroidRuntime( 7021): Calling main entry com.android.commands.pm.Pm
D/AndroidRuntime( 7021): Shutting down VM
D/dalvikvm( 7021): GC_CONCURRENT freed 251K, 31% free 567K/820K, paused 1ms+0ms, total 3ms
D/AndroidRuntime( 7114): 
D/AndroidRuntime( 7114): >>>>>> AndroidRuntime START com.android.internal.os.RuntimeInit <<<<<<
D/AndroidRuntime( 7114): CheckJNI is OFF
D/dalvikvm( 7114): Trying to load lib libjavacore.so 0x0
D/dalvikvm( 7114): Added shared lib libjavacore.so 0x0
D/dalvikvm( 7114): Trying to load lib libnativehelper.so 0x0
D/dalvikvm( 7114): Added shared lib libnativehelper.so 0x0
D/dalvikvm( 7114): No JNI_OnLoad found in libnativehelper.so 0x0, skipping init
D/dalvikvm( 7114): Note: class Landroid/app/ActivityManagerNative; has 179 unimplemented (abstract) methods
D/AndroidRuntime( 7114): Calling main entry com.android.commands.input.Input
I/Input   ( 7114): injectKeyEvent: KeyEvent { action=ACTION_DOWN, keyCode=KEYCODE_BACK, scanCode=0, metaState=0, flags=0x0, repeatCount=0, eventTime=279235, downTime=279235, deviceId=-1, source=0x101 }
I/Input   ( 7114): injectKeyEvent: KeyEvent { action=ACTION_UP, keyCode=KEYCODE_BACK, scanCode=0, metaState=0, flags=0x0, repeatCount=0, eventTime=279235, downTime=279235, deviceId=-1, source=0x101 }
D/AndroidRuntime( 7114): Shutting down VM
D/dalvikvm( 7114): GC_CONCURRENT freed 98K, 16% free 563K/664K, paused 0ms+0ms, total 2ms
D/AndroidRuntime( 7178): 
D/AndroidRuntime( 7178): >>>>>> AndroidRuntime START com.android.internal.os.RuntimeInit <<<<<<
D/AndroidRuntime( 7178): CheckJNI is OFF
D/dalvikvm( 7178): Trying to load lib libjavacore.so 0x0
D/dalvikvm( 7178): Added shared lib libjavacore.so 0x0
D/dalvikvm( 7178): Trying to load lib libnativehelper.so 0x0
D/dalvikvm( 7178): Added shared lib libnativehelper.so 0x0
D/dalvikvm( 7178): No JNI_OnLoad found in libnativehelper.so 0x0, skipping init
D/dalvikvm( 7178): Note: class Landroid/app/ActivityManagerNative; has 179 unimplemented (abstract) methods
D/AndroidRuntime( 7178): Calling main entry com.android.commands.input.Input
I/Input   ( 7178): injectKeyEvent: KeyEvent { action=ACTION_DOWN, keyCode=KEYCODE_HOME, scanCode=0, metaState=0, flags=0x0, repeatCount=0, eventTime=281071, downTime=281071, deviceId=-1, source=0x101 }
I/Input   ( 7178): injectKeyEvent: KeyEvent { action=ACTION_UP, keyCode=KEYCODE_HOME, scanCode=0, metaState=0, flags=0x0, repeatCount=0, eventTime=281071, downTime=281071, deviceId=-1, source=0x101 }
D/AndroidRuntime( 7178): Shutting down VM
D/dalvikvm( 7178): GC_CONCURRENT freed 98K, 16% free 563K/664K, paused 0ms+0ms, total 2ms
I/ActivityManager(  574): START u0 {act=android.intent.action.MAIN cat=[android.intent.category.HOME] flg=0x10200000 cmp=com.android.launcher/com.android.launcher2.Launcher} from pid 574
D/dalvikvm( 1315): GC_CONCURRENT freed 408K, 5% free 9554K/10000K, paused 10ms+1ms, total 30ms
D/Finsky  ( 1315): [1] 5.onFinished: Installation state replication succeeded.
D/AndroidRuntime( 7219): 
D/AndroidRuntime( 7219): >>>>>> AndroidRuntime START com.android.internal.os.RuntimeInit <<<<<<
D/AndroidRuntime( 7219): CheckJNI is OFF
D/dalvikvm( 7219): Trying to load lib libjavacore.so 0x0
D/dalvikvm( 7219): Added shared lib libjavacore.so 0x0
D/dalvikvm( 7219): Trying to load lib libnativehelper.so 0x0
D/dalvikvm( 7219): Added shared lib libnativehelper.so 0x0
D/dalvikvm( 7219): No JNI_OnLoad found in libnativehelper.so 0x0, skipping init
D/dalvikvm( 7219): Note: class Landroid/app/ActivityManagerNative; has 179 unimplemented (abstract) methods
D/AndroidRuntime( 7219): Calling main entry com.android.commands.input.Input
I/Input   ( 7219): injectKeyEvent: KeyEvent { action=ACTION_DOWN, keyCode=KEYCODE_BACK, scanCode=0, metaState=0, flags=0x0, repeatCount=0, eventTime=282409, downTime=282409, deviceId=-1, source=0x101 }
I/Input   ( 7219): injectKeyEvent: KeyEvent { action=ACTION_UP, keyCode=KEYCODE_BACK, scanCode=0, metaState=0, flags=0x0, repeatCount=0, eventTime=282409, downTime=282409, deviceId=-1, source=0x101 }
D/AndroidRuntime( 7219): Shutting down VM
D/dalvikvm( 7219): GC_CONCURRENT freed 98K, 16% free 563K/664K, paused 0ms+0ms, total 2ms
D/AndroidRuntime( 7261): 
D/AndroidRuntime( 7261): >>>>>> AndroidRuntime START com.android.internal.os.RuntimeInit <<<<<<
D/AndroidRuntime( 7261): CheckJNI is OFF
D/dalvikvm( 7261): Trying to load lib libjavacore.so 0x0
D/dalvikvm( 7261): Added shared lib libjavacore.so 0x0
D/dalvikvm( 7261): Trying to load lib libnativehelper.so 0x0
D/dalvikvm( 7261): Added shared lib libnativehelper.so 0x0
D/dalvikvm( 7261): No JNI_OnLoad found in libnativehelper.so 0x0, skipping init
D/dalvikvm( 7261): Note: class Landroid/app/ActivityManagerNative; has 179 unimplemented (abstract) methods
D/AndroidRuntime( 7261): Calling main entry com.android.commands.am.Am
I/ActivityManager(  574): Force stopping com.careerbuilder.SugarDrone appid=18408 user=0: start instr
D/dalvikvm( 7283): Late-enabling CheckJNI
I/ActivityManager(  574): Start proc com.careerbuilder.SugarDrone for added application com.careerbuilder.SugarDrone: pid=7283 uid=18408 gids={58408, 3003, 1028, 1015}
I/dalvikvm( 7283): Could not find method android.app.Instrumentation.execStartActivity, referenced from method sh.calaba.exposed.InstrumentationExposed.execStartActivity
W/dalvikvm( 7283): VFY: unable to resolve virtual method 38: Landroid/app/Instrumentation;.execStartActivity (Landroid/content/Context;Landroid/os/IBinder;Landroid/os/IBinder;Landroid/app/Activity;Landroid/content/Intent;I)Landroid/app/Instrumentation$ActivityResult;
D/dalvikvm( 7283): VFY: replacing opcode 0x75 at 0x0000
I/dalvikvm( 7283): Could not find method android.app.Instrumentation.execStartActivity, referenced from method sh.calaba.exposed.InstrumentationExposed.execStartActivity
W/dalvikvm( 7283): VFY: unable to resolve virtual method 41: Landroid/app/Instrumentation;.execStartActivity (Landroid/content/Context;Landroid/os/IBinder;Landroid/os/IBinder;Landroid/app/Fragment;Landroid/content/Intent;I)Landroid/app/Instrumentation$ActivityResult;
D/dalvikvm( 7283): VFY: replacing opcode 0x75 at 0x0000
I/dalvikvm( 7283): Could not find method android.app.Instrumentation.execStartActivityAsCaller, referenced from method sh.calaba.exposed.InstrumentationExposed.execStartActivityAsCaller
W/dalvikvm( 7283): VFY: unable to resolve virtual method 43: Landroid/app/Instrumentation;.execStartActivityAsCaller (Landroid/content/Context;Landroid/os/IBinder;Landroid/os/IBinder;Landroid/app/Activity;Landroid/content/Intent;ILandroid/os/Bundle;I)Landroid/app/Instrumentation$ActivityResult;
D/dalvikvm( 7283): VFY: replacing opcode 0x75 at 0x0000
D/dalvikvm( 7283): Trying to load lib /data/app-lib/com.careerbuilder.SugarDrone-1/libmonodroid.so 0x41f20cd0
D/dalvikvm( 7283): Added shared lib /data/app-lib/com.careerbuilder.SugarDrone-1/libmonodroid.so 0x41f20cd0
W/monodroid( 7283): Using override path: /data/data/com.careerbuilder.SugarDrone/files/.__override__
W/monodroid( 7283): Trying to load sgen from: /data/data/com.careerbuilder.SugarDrone/files/.__override__/libmonosgen-2.0.so
W/monodroid( 7283): Trying to load sgen from: /storage/emulated/0/Android/data/com.careerbuilder.SugarDrone/files/.__override__/libmonosgen-2.0.so
W/monodroid( 7283): Trying to load sgen from: /data/app-lib/com.careerbuilder.SugarDrone-1/libmonosgen-2.0.so
D/Mono    ( 7283): Image addref mscorlib[0x758ec9f0] -> mscorlib.dll[0x758ebea8]: 2
D/Mono    ( 7283): Prepared to set up assembly 'mscorlib' (mscorlib.dll)
D/Mono    ( 7283): AOT module 'mscorlib.dll.so' not found: dlopen failed: library "/data/app-lib/com.careerbuilder.SugarDrone-1/libaot-mscorlib.dll.so" not found
D/Mono    ( 7283): AOT module '/Users/builder/data/lanes/4009/f3074d2c/source/monodroid/builds/install/mono-armv6/lib/mono/aot-cache/arm/mscorlib.dll.so' not found: dlopen failed: library "/data/app-lib/com.careerbuilder.SugarDrone-1/libaot-mscorlib.dll.so" not found
D/Mono    ( 7283): Config attempting to parse: 'mscorlib.dll.config'.
D/Mono    ( 7283): Config attempting to parse: '/Users/builder/data/lanes/4009/f3074d2c/source/monodroid/builds/install/mono-armv6/etc/mono/assemblies/mscorlib/mscorlib.config'.
D/Mono    ( 7283): Assembly mscorlib[0x758ec9f0] added to domain RootDomain, ref_count=1
D/Mono    ( 7283): Image addref CareerBuilder_Search.Droid[0x7a3afa00] -> CareerBuilder_Search.Droid.dll[0x7a3aed48]: 2
D/Mono    ( 7283): Prepared to set up assembly 'CareerBuilder_Search.Droid' (CareerBuilder_Search.Droid.dll)
D/Mono    ( 7283): Assembly CareerBuilder_Search.Droid[0x7a3afa00] added to domain RootDomain, ref_count=1
D/Mono    ( 7283): AOT module 'CareerBuilder_Search.Droid.dll.so' not found: dlopen failed: library "/data/app-lib/com.careerbuilder.SugarDrone-1/libaot-CareerBuilder_Search.Droid.dll.so" not found
D/Mono    ( 7283): AOT module '/Users/builder/data/lanes/4009/f3074d2c/source/monodroid/builds/install/mono-armv6/lib/mono/aot-cache/arm/CareerBuilder_Search.Droid.dll.so' not found: dlopen failed: library "/data/app-lib/com.careerbuilder.SugarDrone-1/libaot-CareerBuilder_Search.Droid.dll.so" not found
D/Mono    ( 7283): Config attempting to parse: 'CareerBuilder_Search.Droid.dll.config'.
D/Mono    ( 7283): Config attempting to parse: '/Users/builder/data/lanes/4009/f3074d2c/source/monodroid/builds/install/mono-armv6/etc/mono/assemblies/CareerBuilder_Search.Droid/CareerBuilder_Search.Droid.config'.
D/Mono    ( 7283): Image addref AppsFlyerXamarinBindingAndroid[0x7a3cd880] -> AppsFlyerXamarinBindingAndroid.dll[0x7a3cd008]: 2
D/Mono    ( 7283): Prepared to set up assembly 'AppsFlyerXamarinBindingAndroid' (AppsFlyerXamarinBindingAndroid.dll)
D/Mono    ( 7283): Assembly AppsFlyerXamarinBindingAndroid[0x7a3cd880] added to domain RootDomain, ref_count=1
D/Mono    ( 7283): AOT module 'AppsFlyerXamarinBindingAndroid.dll.so' not found: dlopen failed: library "/data/app-lib/com.careerbuilder.SugarDrone-1/libaot-AppsFlyerXamarinBindingAndroid.dll.so" not found
D/Mono    ( 7283): AOT module '/Users/builder/data/lanes/4009/f3074d2c/source/monodroid/builds/install/mono-armv6/lib/mono/aot-cache/arm/AppsFlyerXamarinBindingAndroid.dll.so' not found: dlopen failed: library "/data/app-lib/com.careerbuilder.SugarDrone-1/libaot-AppsFlyerXamarinBindingAndroid.dll.so" not found
D/Mono    ( 7283): Config attempting to parse: 'AppsFlyerXamarinBindingAndroid.dll.config'.
D/Mono    ( 7283): Config attempting to parse: '/Users/builder/data/lanes/4009/f3074d2c/source/monodroid/builds/install/mono-armv6/etc/mono/assemblies/AppsFlyerXamarinBindingAndroid/AppsFlyerXamarinBindingAndroid.config'.
D/Mono    ( 7283): Image addref HockeySDK[0x7a3ce5b0] -> HockeySDK.dll[0x7a3cd980]: 2
D/Mono    ( 7283): Prepared to set up assembly 'HockeySDK' (HockeySDK.dll)
D/Mono    ( 7283): Assembly HockeySDK[0x7a3ce5b0] added to domain RootDomain, ref_count=1
D/Mono    ( 7283): AOT module 'HockeySDK.dll.so' not found: dlopen failed: library "/data/app-lib/com.careerbuilder.SugarDrone-1/libaot-HockeySDK.dll.so" not found
D/Mono    ( 7283): AOT module '/Users/builder/data/lanes/4009/f3074d2c/source/monodroid/builds/install/mono-armv6/lib/mono/aot-cache/arm/HockeySDK.dll.so' not found: dlopen failed: library "/data/app-lib/com.careerbuilder.SugarDrone-1/libaot-HockeySDK.dll.so" not found
D/Mono    ( 7283): Config attempting to parse: 'HockeySDK.dll.config'.
D/Mono    ( 7283): Config attempting to parse: '/Users/builder/data/lanes/4009/f3074d2c/source/monodroid/builds/install/mono-armv6/etc/mono/assemblies/HockeySDK/HockeySDK.config'.
D/Mono    ( 7283): Image addref Akavache[0x7a3cf328] -> Akavache.dll[0x7a3ce698]: 2
D/Mono    ( 7283): Prepared to set up assembly 'Akavache' (Akavache.dll)
D/Mono    ( 7283): Assembly Akavache[0x7a3cf328] added to domain RootDomain, ref_count=1
D/Mono    ( 7283): AOT module 'Akavache.dll.so' not found: dlopen failed: library "/data/app-lib/com.careerbuilder.SugarDrone-1/libaot-Akavache.dll.so" not found
D/Mono    ( 7283): AOT module '/Users/builder/data/lanes/4009/f3074d2c/source/monodroid/builds/install/mono-armv6/lib/mono/aot-cache/arm/Akavache.dll.so' not found: dlopen failed: library "/data/app-lib/com.careerbuilder.SugarDrone-1/libaot-Akavache.dll.so" not found
D/Mono    ( 7283): Config attempting to parse: 'Akavache.dll.config'.
D/Mono    ( 7283): Config attempting to parse: '/Users/builder/data/lanes/4009/f3074d2c/source/monodroid/builds/install/mono-armv6/etc/mono/assemblies/Akavache/Akavache.config'.
D/Mono    ( 7283): Image addref Akavache.Sqlite3[0x7a3d0098] -> Akavache.Sqlite3.dll[0x7a3cf448]: 2
D/Mono    ( 7283): Prepared to set up assembly 'Akavache.Sqlite3' (Akavache.Sqlite3.dll)
D/Mono    ( 7283): Assembly Akavache.Sqlite3[0x7a3d0098] added to domain RootDomain, ref_count=1
D/Mono    ( 7283): AOT module 'Akavache.Sqlite3.dll.so' not found: dlopen failed: library "/data/app-lib/com.careerbuilder.SugarDrone-1/libaot-Akavache.Sqlite3.dll.so" not found
D/Mono    ( 7283): AOT module '/Users/builder/data/lanes/4009/f3074d2c/source/monodroid/builds/install/mono-armv6/lib/mono/aot-cache/arm/Akavache.Sqlite3.dll.so' not found: dlopen failed: library "/data/app-lib/com.careerbuilder.SugarDrone-1/libaot-Akavache.Sqlite3.dll.so" not found
W/        ( 7283): Symbol file LoadedFromMemory doesn't match image Akavache.Sqlite3.dll
D/Mono    ( 7283): Config attempting to parse: 'Akavache.Sqlite3.dll.config'.
D/Mono    ( 7283): Config attempting to parse: '/Users/builder/data/lanes/4009/f3074d2c/source/monodroid/builds/install/mono-armv6/etc/mono/assemblies/Akavache.Sqlite3/Akavache.Sqlite3.config'.
D/Mono    ( 7283): Image addref Splat[0x7a3d0dc8] -> Splat.dll[0x7a3d0188]: 2
D/Mono    ( 7283): Prepared to set up assembly 'Splat' (Splat.dll)
D/Mono    ( 7283): Assembly Splat[0x7a3d0dc8] added to domain RootDomain, ref_count=1
D/Mono    ( 7283): AOT module 'Splat.dll.so' not found: dlopen failed: library "/data/app-lib/com.careerbuilder.SugarDrone-1/libaot-Splat.dll.so" not found
D/Mono    ( 7283): AOT module '/Users/builder/data/lanes/4009/f3074d2c/source/monodroid/builds/install/mono-armv6/lib/mono/aot-cache/arm/Splat.dll.so' not found: dlopen failed: library "/data/app-lib/com.careerbuilder.SugarDrone-1/libaot-Splat.dll.so" not found
D/Mono    ( 7283): Config attempting to parse: 'Splat.dll.config'.
D/Mono    ( 7283): Config attempting to parse: '/Users/builder/data/lanes/4009/f3074d2c/source/monodroid/builds/install/mono-armv6/etc/mono/assemblies/Splat/Splat.config'.
D/Mono    ( 7283): Image addref Microsoft.Practices.ServiceLocation[0x7a3d4be0] -> Microsoft.Practices.ServiceLocation.dll[0x7a3d3fa0]: 2
D/Mono    ( 7283): Prepared to set up assembly 'Microsoft.Practices.ServiceLocation' (Microsoft.Practices.ServiceLocation.dll)
D/Mono    ( 7283): Assembly Microsoft.Practices.ServiceLocation[0x7a3d4be0] added to domain RootDomain, ref_count=1
D/Mono    ( 7283): AOT module 'Microsoft.Practices.ServiceLocation.dll.so' not found: dlopen failed: library "/data/app-lib/com.careerbuilder.SugarDrone-1/libaot-Microsoft.Practices.ServiceLocation.dll.so" not found
D/Mono    ( 7283): AOT module '/Users/builder/data/lanes/4009/f3074d2c/source/monodroid/builds/install/mono-armv6/lib/mono/aot-cache/arm/Microsoft.Practices.ServiceLocation.dll.so' not found: dlopen failed: library "/data/app-lib/com.careerbuilder.SugarDrone-1/libaot-Microsoft.Practices.ServiceLocation.dll.so" not found
D/Mono    ( 7283): Config attempting to parse: 'Microsoft.Practices.ServiceLocation.dll.config'.
D/Mono    ( 7283): Config attempting to parse: '/Users/builder/data/lanes/4009/f3074d2c/source/monodroid/builds/install/mono-armv6/etc/mono/assemblies/Microsoft.Practices.ServiceLocation/Microsoft.Practices.ServiceLocation.config'.
D/Mono    ( 7283): Image addref Microsoft.Practices.Unity[0x7a3d61c8] -> Microsoft.Practices.Unity.dll[0x7a3d5558]: 2
D/Mono    ( 7283): Prepared to set up assembly 'Microsoft.Practices.Unity' (Microsoft.Practices.Unity.dll)
D/Mono    ( 7283): Assembly Microsoft.Practices.Unity[0x7a3d61c8] added to domain RootDomain, ref_count=1
D/Mono    ( 7283): AOT module 'Microsoft.Practices.Unity.dll.so' not found: dlopen failed: library "/data/app-lib/com.careerbuilder.SugarDrone-1/libaot-Microsoft.Practices.Unity.dll.so" not found
D/Mono    ( 7283): AOT module '/Users/builder/data/lanes/4009/f3074d2c/source/monodroid/builds/install/mono-armv6/lib/mono/aot-cache/arm/Microsoft.Practices.Unity.dll.so' not found: dlopen failed: library "/data/app-lib/com.careerbuilder.SugarDrone-1/libaot-Microsoft.Practices.Unity.dll.so" not found
D/Mono    ( 7283): Config attempting to parse: 'Microsoft.Practices.Unity.dll.config'.
D/Mono    ( 7283): Config attempting to parse: '/Users/builder/data/lanes/4009/f3074d2c/source/monodroid/builds/install/mono-armv6/etc/mono/assemblies/Microsoft.Practices.Unity/Microsoft.Practices.Unity.config'.
D/Mono    ( 7283): Image addref Plugin.CurrentActivity[0x7a3d6f18] -> Plugin.CurrentActivity.dll[0x7a3d62e8]: 2
D/Mono    ( 7283): Prepared to set up assembly 'Plugin.CurrentActivity' (Plugin.CurrentActivity.dll)
D/Mono    ( 7283): Assembly Plugin.CurrentActivity[0x7a3d6f18] added to domain RootDomain, ref_count=1
D/Mono    ( 7283): AOT module 'Plugin.CurrentActivity.dll.so' not found: dlopen failed: library "/data/app-lib/com.careerbuilder.SugarDrone-1/libaot-Plugin.CurrentActivity.dll.so" not found
D/Mono    ( 7283): AOT module '/Users/builder/data/lanes/4009/f3074d2c/source/monodroid/builds/install/mono-armv6/lib/mono/aot-cache/arm/Plugin.CurrentActivity.dll.so' not found: dlopen failed: library "/data/app-lib/com.careerbuilder.SugarDrone-1/libaot-Plugin.CurrentActivity.dll.so" not found
D/Mono    ( 7283): Config attempting to parse: 'Plugin.CurrentActivity.dll.config'.
D/Mono    ( 7283): Config attempting to parse: '/Users/builder/data/lanes/4009/f3074d2c/source/monodroid/builds/install/mono-armv6/etc/mono/assemblies/Plugin.CurrentActivity/Plugin.CurrentActivity.config'.
D/Mono    ( 7283): Image addref Plugin.Permissions[0x7a3d7c68] -> Plugin.Permissions.dll[0x7a3d7048]: 2
D/Mono    ( 7283): Prepared to set up assembly 'Plugin.Permissions' (Plugin.Permissions.dll)
D/Mono    ( 7283): Assembly Plugin.Permissions[0x7a3d7c68] added to domain RootDomain, ref_count=1
D/Mono    ( 7283): AOT module 'Plugin.Permissions.dll.so' not found: dlopen failed: library "/data/app-lib/com.careerbuilder.SugarDrone-1/libaot-Plugin.Permissions.dll.so" not found
D/Mono    ( 7283): AOT module '/Users/builder/data/lanes/4009/f3074d2c/source/monodroid/builds/install/mono-armv6/lib/mono/aot-cache/arm/Plugin.Permissions.dll.so' not found: dlopen failed: library "/data/app-lib/com.careerbuilder.SugarDrone-1/libaot-Plugin.Permissions.dll.so" not found
D/Mono    ( 7283): Config attempting to parse: 'Plugin.Permissions.dll.config'.
D/Mono    ( 7283): Config attempting to parse: '/Users/builder/data/lanes/4009/f3074d2c/source/monodroid/builds/install/mono-armv6/etc/mono/assemblies/Plugin.Permissions/Plugin.Permissions.config'.
D/Mono    ( 7283): Image addref Plugin.Permissions.Abstractions[0x7a3d9388] -> Plugin.Permissions.Abstractions.dll[0x7a3d8728]: 2
D/Mono    ( 7283): Prepared to set up assembly 'Plugin.Permissions.Abstractions' (Plugin.Permissions.Abstractions.dll)
D/Mono    ( 7283): Assembly Plugin.Permissions.Abstractions[0x7a3d9388] added to domain RootDomain, ref_count=1
D/Mono    ( 7283): AOT module 'Plugin.Permissions.Abstractions.dll.so' not found: dlopen failed: library "/data/app-lib/com.careerbuilder.SugarDrone-1/libaot-Plugin.Permissions.Abstractions.dll.so" not found
D/Mono    ( 7283): AOT module '/Users/builder/data/lanes/4009/f3074d2c/source/monodroid/builds/install/mono-armv6/lib/mono/aot-cache/arm/Plugin.Permissions.Abstractions.dll.so' not found: dlopen failed: library "/data/app-lib/com.careerbuilder.SugarDrone-1/libaot-Plugin.Permissions.Abstractions.dll.so" not found
D/Mono    ( 7283): Config attempting to parse: 'Plugin.Permissions.Abstractions.dll.config'.
D/Mono    ( 7283): Config attempting to parse: '/Users/builder/data/lanes/4009/f3074d2c/source/monodroid/builds/install/mono-armv6/etc/mono/assemblies/Plugin.Permissions.Abstractions/Plugin.Permissions.Abstractions.config'.
D/Mono    ( 7283): Image addref Plugin.Geolocator[0x7a3da238] -> Plugin.Geolocator.dll[0x7a3d95e8]: 2
D/Mono    ( 7283): Prepared to set up assembly 'Plugin.Geolocator' (Plugin.Geolocator.dll)
D/Mono    ( 7283): Assembly Plugin.Geolocator[0x7a3da238] added to domain RootDomain, ref_count=1
D/Mono    ( 7283): AOT module 'Plugin.Geolocator.dll.so' not found: dlopen failed: library "/data/app-lib/com.careerbuilder.SugarDrone-1/libaot-Plugin.Geolocator.dll.so" not found
D/Mono    ( 7283): AOT module '/Users/builder/data/lanes/4009/f3074d2c/source/monodroid/builds/install/mono-armv6/lib/mono/aot-cache/arm/Plugin.Geolocator.dll.so' not found: dlopen failed: library "/data/app-lib/com.careerbuilder.SugarDrone-1/libaot-Plugin.Geolocator.dll.so" not found
D/Mono    ( 7283): Config attempting to parse: 'Plugin.Geolocator.dll.config'.
D/Mono    ( 7283): Config attempting to parse: '/Users/builder/data/lanes/4009/f3074d2c/source/monodroid/builds/install/mono-armv6/etc/mono/assemblies/Plugin.Geolocator/Plugin.Geolocator.config'.
D/Mono    ( 7283): Image addref Plugin.Geolocator.Abstractions[0x7a3dc1d0] -> Plugin.Geolocator.Abstractions.dll[0x7a3db5b8]: 2
D/Mono    ( 7283): Prepared to set up assembly 'Plugin.Geolocator.Abstractions' (Plugin.Geolocator.Abstractions.dll)
D/Mono    ( 7283): Assembly Plugin.Geolocator.Abstractions[0x7a3dc1d0] added to domain RootDomain, ref_count=1
D/Mono    ( 7283): AOT module 'Plugin.Geolocator.Abstractions.dll.so' not found: dlopen failed: library "/data/app-lib/com.careerbuilder.SugarDrone-1/libaot-Plugin.Geolocator.Abstractions.dll.so" not found
D/Mono    ( 7283): AOT module '/Users/builder/data/lanes/4009/f3074d2c/source/monodroid/builds/install/mono-armv6/lib/mono/aot-cache/arm/Plugin.Geolocator.Abstractions.dll.so' not found: dlopen failed: library "/data/app-lib/com.careerbuilder.SugarDrone-1/libaot-Plugin.Geolocator.Abstractions.dll.so" not found
D/Mono    ( 7283): Config attempting to parse: 'Plugin.Geolocator.Abstractions.dll.config'.
D/Mono    ( 7283): Config attempting to parse: '/Users/builder/data/lanes/4009/f3074d2c/source/monodroid/builds/install/mono-armv6/etc/mono/assemblies/Plugin.Geolocator.Abstractions/Plugin.Geolocator.Abstractions.config'.
D/Mono    ( 7283): Image addref Plugin.DeviceInfo[0x7a3dd548] -> Plugin.DeviceInfo.dll[0x7a3dc8e8]: 2
D/Mono    ( 7283): Prepared to set up assembly 'Plugin.DeviceInfo' (Plugin.DeviceInfo.dll)
D/Mono    ( 7283): Assembly Plugin.DeviceInfo[0x7a3dd548] added to domain RootDomain, ref_count=1
D/Mono    ( 7283): AOT module 'Plugin.DeviceInfo.dll.so' not found: dlopen failed: library "/data/app-lib/com.careerbuilder.SugarDrone-1/libaot-Plugin.DeviceInfo.dll.so" not found
D/Mono    ( 7283): AOT module '/Users/builder/data/lanes/4009/f3074d2c/source/monodroid/builds/install/mono-armv6/lib/mono/aot-cache/arm/Plugin.DeviceInfo.dll.so' not found: dlopen failed: library "/data/app-lib/com.careerbuilder.SugarDrone-1/libaot-Plugin.DeviceInfo.dll.so" not found
D/Mono    ( 7283): Config attempting to parse: 'Plugin.DeviceInfo.dll.config'.
D/Mono    ( 7283): Config attempting to parse: '/Users/builder/data/lanes/4009/f3074d2c/source/monodroid/builds/install/mono-armv6/etc/mono/assemblies/Plugin.DeviceInfo/Plugin.DeviceInfo.config'.
D/Mono    ( 7283): Image addref Plugin.DeviceInfo.Abstractions[0x7a3de738] -> Plugin.DeviceInfo.Abstractions.dll[0x7a3ddac8]: 2
D/Mono    ( 7283): Prepared to set up assembly 'Plugin.DeviceInfo.Abstractions' (Plugin.DeviceInfo.Abstractions.dll)
D/Mono    ( 7283): Assembly Plugin.DeviceInfo.Abstractions[0x7a3de738] added to domain RootDomain, ref_count=1
D/Mono    ( 7283): AOT module 'Plugin.DeviceInfo.Abstractions.dll.so' not found: dlopen failed: library "/data/app-lib/com.careerbuilder.SugarDrone-1/libaot-Plugin.DeviceInfo.Abstractions.dll.so" not found
D/Mono    ( 7283): AOT module '/Users/builder/data/lanes/4009/f3074d2c/source/monodroid/builds/install/mono-armv6/lib/mono/aot-cache/arm/Plugin.DeviceInfo.Abstractions.dll.so' not found: dlopen failed: library "/data/app-lib/com.careerbuilder.SugarDrone-1/libaot-Plugin.DeviceInfo.Abstractions.dll.so" not found
D/Mono    ( 7283): Config attempting to parse: 'Plugin.DeviceInfo.Abstractions.dll.config'.
D/Mono    ( 7283): Config attempting to parse: '/Users/builder/data/lanes/4009/f3074d2c/source/monodroid/builds/install/mono-armv6/etc/mono/assemblies/Plugin.DeviceInfo.Abstractions/Plugin.DeviceInfo.Abstractions.config'.
D/Mono    ( 7283): Image addref Xamarin.GooglePlayServices.Analytics[0x7a3df620] -> Xamarin.GooglePlayServices.Analytics.dll[0x7a3dea10]: 2
D/Mono    ( 7283): Prepared to set up assembly 'Xamarin.GooglePlayServices.Analytics' (Xamarin.GooglePlayServices.Analytics.dll)
D/Mono    ( 7283): Assembly Xamarin.GooglePlayServices.Analytics[0x7a3df620] added to domain RootDomain, ref_count=1
D/Mono    ( 7283): AOT module 'Xamarin.GooglePlayServices.Analytics.dll.so' not found: dlopen failed: library "/data/app-lib/com.careerbuilder.SugarDrone-1/libaot-Xamarin.GooglePlayServices.Analytics.dll.so" not found
D/Mono    ( 7283): AOT module '/Users/builder/data/lanes/4009/f3074d2c/source/monodroid/builds/install/mono-armv6/lib/mono/aot-cache/arm/Xamarin.GooglePlayServices.Analytics.dll.so' not found: dlopen failed: library "/data/app-lib/com.careerbuilder.SugarDrone-1/libaot-Xamarin.GooglePlayServices.Analytics.dll.so" not found
D/Mono    ( 7283): Config attempting to parse: 'Xamarin.GooglePlayServices.Analytics.dll.config'.
D/Mono    ( 7283): Config attempting to parse: '/Users/builder/data/lanes/4009/f3074d2c/source/monodroid/builds/install/mono-armv6/etc/mono/assemblies/Xamarin.GooglePlayServices.Analytics/Xamarin.GooglePlayServices.Analytics.config'.
D/Mono    ( 7283): Image addref Xamarin.GooglePlayServices.Base[0x7a3e0378] -> Xamarin.GooglePlayServices.Base.dll[0x7a3df7c0]: 2
D/Mono    ( 7283): Prepared to set up assembly 'Xamarin.GooglePlayServices.Base' (Xamarin.GooglePlayServices.Base.dll)
D/Mono    ( 7283): Assembly Xamarin.GooglePlayServices.Base[0x7a3e0378] added to domain RootDomain, ref_count=1
D/Mono    ( 7283): AOT module 'Xamarin.GooglePlayServices.Base.dll.so' not found: dlopen failed: library "/data/app-lib/com.careerbuilder.SugarDrone-1/libaot-Xamarin.GooglePlayServices.Base.dll.so" not found
