<![CDATA[
]]><xtc-scenario name="[0-1076]CareerBuilder_Search.DroidFeatureTests.AppStartTests.GoThroughAllValueProps" id="[0-1076]CareerBuilder_Search.DroidFeatureTests.AppStartTests.GoThroughAllValueProps"><![CDATA[

]]><xtc-step name="[0-1076]CareerBuilder_Search.DroidFeatureTests.AppStartTests.GoThroughAllValueProps-GoThroughAllValueProps" id="[0-1076]CareerBuilder_Search.DroidFeatureTests.AppStartTests.GoThroughAllValueProps-GoThroughAllValueProps"><![CDATA[
D/AndroidRuntime( 5194): 
D/AndroidRuntime( 5194): >>>>>> AndroidRuntime START com.android.internal.os.RuntimeInit <<<<<<
D/AndroidRuntime( 5194): CheckJNI is OFF
D/dalvikvm( 5194): Trying to load lib libjavacore.so 0x0
D/dalvikvm( 5194): Added shared lib libjavacore.so 0x0
D/dalvikvm( 5194): Trying to load lib libnativehelper.so 0x0
D/dalvikvm( 5194): Added shared lib libnativehelper.so 0x0
D/dalvikvm( 5194): No JNI_OnLoad found in libnativehelper.so 0x0, skipping init
D/dalvikvm( 5194): Note: class Landroid/app/ActivityManagerNative; has 179 unimplemented (abstract) methods
D/AndroidRuntime( 5194): Calling main entry com.android.commands.pm.Pm
D/AndroidRuntime( 5194): Shutting down VM
D/dalvikvm( 5194): GC_CONCURRENT freed 248K, 31% free 567K/816K, paused 1ms+0ms, total 3ms
D/AndroidRuntime( 5325): 
D/AndroidRuntime( 5325): >>>>>> AndroidRuntime START com.android.internal.os.RuntimeInit <<<<<<
D/AndroidRuntime( 5325): CheckJNI is OFF
D/dalvikvm( 5325): Trying to load lib libjavacore.so 0x0
D/dalvikvm( 5325): Added shared lib libjavacore.so 0x0
D/dalvikvm( 5325): Trying to load lib libnativehelper.so 0x0
D/dalvikvm( 5325): Added shared lib libnativehelper.so 0x0
D/dalvikvm( 5325): No JNI_OnLoad found in libnativehelper.so 0x0, skipping init
D/dalvikvm( 5325): Note: class Landroid/app/ActivityManagerNative; has 179 unimplemented (abstract) methods
D/AndroidRuntime( 5325): Calling main entry com.android.commands.am.Am
D/AndroidRuntime( 5325): Shutting down VM
D/dalvikvm( 5325): GC_CONCURRENT freed 93K, 15% free 553K/648K, paused 0ms+0ms, total 2ms
--------- beginning of /dev/log/system
W/ActivityManager(  564): Invalid packageName: com.careerbuilder.SugarDrone
D/AndroidRuntime( 5924): 
D/AndroidRuntime( 5924): >>>>>> AndroidRuntime START com.android.internal.os.RuntimeInit <<<<<<
D/AndroidRuntime( 5924): CheckJNI is OFF
D/dalvikvm( 5924): Trying to load lib libjavacore.so 0x0
D/dalvikvm( 5924): Added shared lib libjavacore.so 0x0
D/dalvikvm( 5924): Trying to load lib libnativehelper.so 0x0
D/dalvikvm( 5924): Added shared lib libnativehelper.so 0x0
D/dalvikvm( 5924): No JNI_OnLoad found in libnativehelper.so 0x0, skipping init
D/dalvikvm( 5924): Note: class Landroid/app/ActivityManagerNative; has 179 unimplemented (abstract) methods
D/AndroidRuntime( 5924): Calling main entry com.android.commands.pm.Pm
W/ActivityManager(  564): No content provider found for permission revoke: file:///data/local/tmp/0000001354
W/ActivityManager(  564): No content provider found for permission revoke: file:///data/local/tmp/0000001354
I/PackageManager(  564): Copying native libraries to /data/app-lib/vmdl-877443368
D/dalvikvm(  564): GC_FOR_ALLOC freed 965K, 12% free 19831K/22480K, paused 62ms, total 62ms
D/dalvikvm(  564): GC_FOR_ALLOC freed 536K, 12% free 19979K/22480K, paused 62ms, total 62ms
D/dalvikvm(  564): GC_CONCURRENT freed 2024K, 10% free 20704K/22768K, paused 3ms+6ms, total 75ms
D/dalvikvm(  564): WAIT_FOR_CONCURRENT_GC blocked 67ms
D/dalvikvm(  564): GC_FOR_ALLOC freed 2729K, 13% free 20738K/23680K, paused 69ms, total 69ms
D/dalvikvm(  564): GC_FOR_ALLOC freed 2795K, 13% free 20756K/23716K, paused 71ms, total 71ms
D/dalvikvm(  564): GC_CONCURRENT freed 2781K, 13% free 20800K/23716K, paused 3ms+6ms, total 81ms
I/PackageManager(  564): Running dexopt on: com.careerbuilder.SugarDrone
W/dalvikvm( 6015): method Landroid/support/v7/widget/ListViewCompat;.lookForSelectablePosition incorrectly overrides package-private method with same name in Landroid/widget/ListView;
D/dalvikvm( 6015): DexOpt: couldn't find static field Landroid/os/Build;.SUPPORTED_ABIS
D/dalvikvm( 6015): DexOpt: load 289ms, verify+opt 1593ms, 3733380 bytes
I/ActivityManager(  564): Force stopping com.careerbuilder.SugarDrone appid=16102 user=-1: update pkg
W/PackageManager(  564): Not granting permission android.permission.MANAGE_DOCUMENTS to package com.careerbuilder.SugarDrone (protectionLevel=2 flags=0x8be46)
W/PackageManager(  564): Not granting permission android.permission.MOUNT_UNMOUNT_FILESYSTEMS to package com.careerbuilder.SugarDrone (protectionLevel=18 flags=0x8be46)
I/InputReader(  564): Reconfiguring input devices.  changes=0x00000010
D/dalvikvm(  824): GC_CONCURRENT freed 451K, 5% free 9380K/9860K, paused 2ms+25ms, total 39ms
I/ActivityManager(  564): Delay finish: com.android.musicfx/.Compatibility$Receiver
I/ActivityManager(  564): Resuming delayed broadcast
I/Icing.InternalIcingCorporaProvider( 1328): Updating corpora: A: com.careerbuilder.SugarDrone, C: MAYBE
D/BackupManagerService(  564): Received broadcast Intent { act=android.intent.action.PACKAGE_ADDED dat=package:com.careerbuilder.SugarDrone flg=0x4000010 (has extras) }
V/BackupManagerService(  564): addPackageParticipantsLocked: #1
D/dalvikvm(  564): GC_EXPLICIT freed 1381K, 13% free 20869K/23716K, paused 33ms+16ms, total 189ms
D/AndroidRuntime( 5924): Shutting down VM
D/dalvikvm( 5924): GC_CONCURRENT freed 95K, 15% free 561K/660K, paused 0ms+0ms, total 2ms
D/Wear_Controller( 1012): Received broadcast action=android.intent.action.PACKAGE_ADDED and uri=com.careerbuilder.SugarDrone
I/PeopleContactsSync( 1012): triggerPendingContactsCleanup: no accounts
W/IcingInternalCorpora( 1012): getNumBytesRead when not calculated.
I/ActivityManager(  564): Delay finish: com.google.android.gms/.chimera.GmsIntentOperationService$PersistentInternalReceiver
I/Icing   ( 1012): Usage reports 0 indexed 0 rejected 0 imm upload true
I/Icing.InternalIcingCorporaProvider( 1328): UpdateCorporaTask done [took 396 ms] updated apps [took 396 ms] 
I/ActivityManager(  564): Resuming delayed broadcast
I/Icing   ( 1012): Usage reports 0 indexed 0 rejected 0 imm upload false
I/Icing   ( 1012): Usage reports 0 indexed 0 rejected 0 imm upload false
D/AndroidRuntime( 6112): 
D/AndroidRuntime( 6112): >>>>>> AndroidRuntime START com.android.internal.os.RuntimeInit <<<<<<
D/AndroidRuntime( 6112): CheckJNI is OFF
D/dalvikvm( 6112): Trying to load lib libjavacore.so 0x0
D/dalvikvm( 6112): Added shared lib libjavacore.so 0x0
D/dalvikvm( 6112): Trying to load lib libnativehelper.so 0x0
D/dalvikvm( 6112): Added shared lib libnativehelper.so 0x0
D/dalvikvm( 6112): No JNI_OnLoad found in libnativehelper.so 0x0, skipping init
D/dalvikvm( 6112): Note: class Landroid/app/ActivityManagerNative; has 179 unimplemented (abstract) methods
D/AndroidRuntime( 6112): Calling main entry com.android.commands.settings.SettingsCmd
D/AndroidRuntime( 6112): Shutting down VM
D/dalvikvm( 6112): GC_CONCURRENT freed 96K, 16% free 562K/664K, paused 0ms+1ms, total 2ms
I/Icing   ( 1012): Indexing 51913DCE11206AD5493A298902DFB4629E7C2319 from com.google.android.googlequicksearchbox
D/dalvikvm( 1328): GC_CONCURRENT freed 535K, 7% free 9435K/10068K, paused 2ms+12ms, total 27ms
D/dalvikvm( 1012): GC_CONCURRENT freed 1273K, 13% free 12352K/14044K, paused 5ms+10ms, total 94ms
I/Icing   ( 1012): Indexing done 51913DCE11206AD5493A298902DFB4629E7C2319
I/Icing   ( 1012): Indexing 20DD4C980DC9932934B14C611F3A585B39FE1847 from com.google.android.gms
D/AndroidRuntime( 6142): 
D/AndroidRuntime( 6142): >>>>>> AndroidRuntime START com.android.internal.os.RuntimeInit <<<<<<
D/AndroidRuntime( 6142): CheckJNI is OFF
D/dalvikvm( 6142): Trying to load lib libjavacore.so 0x0
D/dalvikvm( 6142): Added shared lib libjavacore.so 0x0
D/dalvikvm( 6142): Trying to load lib libnativehelper.so 0x0
D/dalvikvm( 6142): Added shared lib libnativehelper.so 0x0
D/dalvikvm( 6142): No JNI_OnLoad found in libnativehelper.so 0x0, skipping init
D/dalvikvm( 6142): Note: class Landroid/app/ActivityManagerNative; has 179 unimplemented (abstract) methods
D/dalvikvm( 1012): GC_CONCURRENT freed 802K, 10% free 12649K/14044K, paused 5ms+5ms, total 41ms
I/Icing   ( 1012): Indexing done 20DD4C980DC9932934B14C611F3A585B39FE1847
D/AndroidRuntime( 6142): Calling main entry com.android.commands.settings.SettingsCmd
D/AndroidRuntime( 6142): Shutting down VM
D/dalvikvm( 6142): GC_CONCURRENT freed 96K, 15% free 562K/660K, paused 0ms+1ms, total 2ms
D/AndroidRuntime( 6174): 
D/AndroidRuntime( 6174): >>>>>> AndroidRuntime START com.android.internal.os.RuntimeInit <<<<<<
D/AndroidRuntime( 6174): CheckJNI is OFF
D/dalvikvm( 6174): Trying to load lib libjavacore.so 0x0
D/dalvikvm( 6174): Added shared lib libjavacore.so 0x0
D/dalvikvm( 6174): Trying to load lib libnativehelper.so 0x0
D/dalvikvm( 6174): Added shared lib libnativehelper.so 0x0
D/dalvikvm( 6174): No JNI_OnLoad found in libnativehelper.so 0x0, skipping init
D/dalvikvm( 6174): Note: class Landroid/app/ActivityManagerNative; has 179 unimplemented (abstract) methods
D/AndroidRuntime( 6174): Calling main entry com.android.commands.settings.SettingsCmd
D/AndroidRuntime( 6174): Shutting down VM
D/dalvikvm( 6174): GC_CONCURRENT freed 96K, 16% free 562K/664K, paused 0ms+0ms, total 3ms
D/AndroidRuntime( 6208): 
D/AndroidRuntime( 6208): >>>>>> AndroidRuntime START com.android.internal.os.RuntimeInit <<<<<<
D/AndroidRuntime( 6208): CheckJNI is OFF
D/dalvikvm( 6208): Trying to load lib libjavacore.so 0x0
D/dalvikvm( 6208): Added shared lib libjavacore.so 0x0
D/dalvikvm( 6208): Trying to load lib libnativehelper.so 0x0
D/dalvikvm( 6208): Added shared lib libnativehelper.so 0x0
D/dalvikvm( 6208): No JNI_OnLoad found in libnativehelper.so 0x0, skipping init
D/dalvikvm( 6208): Note: class Landroid/app/ActivityManagerNative; has 179 unimplemented (abstract) methods
D/AndroidRuntime( 6208): Calling main entry com.android.commands.settings.SettingsCmd
D/AndroidRuntime( 6208): Shutting down VM
D/dalvikvm( 6208): GC_CONCURRENT freed 96K, 15% free 562K/660K, paused 1ms+0ms, total 3ms
D/AndroidRuntime( 6241): 
D/AndroidRuntime( 6241): >>>>>> AndroidRuntime START com.android.internal.os.RuntimeInit <<<<<<
D/AndroidRuntime( 6241): CheckJNI is OFF
D/dalvikvm( 6241): Trying to load lib libjavacore.so 0x0
D/dalvikvm( 6241): Added shared lib libjavacore.so 0x0
D/dalvikvm( 6241): Trying to load lib libnativehelper.so 0x0
D/dalvikvm( 6241): Added shared lib libnativehelper.so 0x0
D/dalvikvm( 6241): No JNI_OnLoad found in libnativehelper.so 0x0, skipping init
D/dalvikvm( 6241): Note: class Landroid/app/ActivityManagerNative; has 179 unimplemented (abstract) methods
D/AndroidRuntime( 6241): Calling main entry com.android.commands.settings.SettingsCmd
D/AndroidRuntime( 6241): Shutting down VM
D/dalvikvm( 6241): GC_CONCURRENT freed 96K, 15% free 562K/660K, paused 0ms+0ms, total 2ms
W/ProcessCpuTracker(  564): Skipping unknown process pid 6268
D/AndroidRuntime( 6266): 
D/AndroidRuntime( 6266): >>>>>> AndroidRuntime START com.android.internal.os.RuntimeInit <<<<<<
D/AndroidRuntime( 6266): CheckJNI is OFF
D/dalvikvm( 6266): Trying to load lib libjavacore.so 0x0
D/dalvikvm( 6266): Added shared lib libjavacore.so 0x0
D/dalvikvm( 6266): Trying to load lib libnativehelper.so 0x0
D/dalvikvm( 6266): Added shared lib libnativehelper.so 0x0
D/dalvikvm( 6266): No JNI_OnLoad found in libnativehelper.so 0x0, skipping init
D/dalvikvm( 6266): Note: class Landroid/app/ActivityManagerNative; has 179 unimplemented (abstract) methods
D/AndroidRuntime( 6266): Calling main entry com.android.commands.settings.SettingsCmd
D/AndroidRuntime( 6266): Shutting down VM
D/dalvikvm( 6266): GC_CONCURRENT freed 96K, 15% free 562K/660K, paused 0ms+0ms, total 2ms
D/AndroidRuntime( 6298): 
D/AndroidRuntime( 6298): >>>>>> AndroidRuntime START com.android.internal.os.RuntimeInit <<<<<<
D/AndroidRuntime( 6298): CheckJNI is OFF
D/dalvikvm( 6298): Trying to load lib libjavacore.so 0x0
D/dalvikvm( 6298): Added shared lib libjavacore.so 0x0
D/dalvikvm( 6298): Trying to load lib libnativehelper.so 0x0
D/dalvikvm( 6298): Added shared lib libnativehelper.so 0x0
D/dalvikvm( 6298): No JNI_OnLoad found in libnativehelper.so 0x0, skipping init
D/dalvikvm( 6298): Note: class Landroid/app/ActivityManagerNative; has 179 unimplemented (abstract) methods
D/AndroidRuntime( 6298): Calling main entry com.android.commands.pm.Pm
D/AndroidRuntime( 6298): Shutting down VM
D/dalvikvm( 6298): GC_CONCURRENT freed 249K, 31% free 567K/820K, paused 0ms+0ms, total 2ms
D/dalvikvm(  564): GC_CONCURRENT freed 4231K, 18% free 19586K/23836K, paused 3ms+6ms, total 96ms
D/AndroidRuntime( 6372): 
D/AndroidRuntime( 6372): >>>>>> AndroidRuntime START com.android.internal.os.RuntimeInit <<<<<<
D/AndroidRuntime( 6372): CheckJNI is OFF
D/dalvikvm( 6372): Trying to load lib libjavacore.so 0x0
D/dalvikvm( 6372): Added shared lib libjavacore.so 0x0
D/dalvikvm( 6372): Trying to load lib libnativehelper.so 0x0
D/dalvikvm( 6372): Added shared lib libnativehelper.so 0x0
D/dalvikvm( 6372): No JNI_OnLoad found in libnativehelper.so 0x0, skipping init
D/dalvikvm( 6372): Note: class Landroid/app/ActivityManagerNative; has 179 unimplemented (abstract) methods
D/AndroidRuntime( 6372): Calling main entry com.android.commands.pm.Pm
D/AndroidRuntime( 6372): Shutting down VM
D/dalvikvm( 6372): GC_CONCURRENT freed 249K, 31% free 567K/820K, paused 0ms+0ms, total 3ms
D/AndroidRuntime( 6469): 
D/AndroidRuntime( 6469): >>>>>> AndroidRuntime START com.android.internal.os.RuntimeInit <<<<<<
D/AndroidRuntime( 6469): CheckJNI is OFF
D/dalvikvm( 6469): Trying to load lib libjavacore.so 0x0
D/dalvikvm( 6469): Added shared lib libjavacore.so 0x0
D/dalvikvm( 6469): Trying to load lib libnativehelper.so 0x0
D/dalvikvm( 6469): Added shared lib libnativehelper.so 0x0
D/dalvikvm( 6469): No JNI_OnLoad found in libnativehelper.so 0x0, skipping init
D/dalvikvm( 6469): Note: class Landroid/app/ActivityManagerNative; has 179 unimplemented (abstract) methods
D/AndroidRuntime( 6469): Calling main entry com.android.commands.am.Am
D/AndroidRuntime( 6469): Shutting down VM
D/dalvikvm( 6469): GC_CONCURRENT freed 93K, 15% free 553K/648K, paused 1ms+0ms, total 3ms
W/ActivityManager(  564): Invalid packageName: com.careerbuilder.SugarDrone.test
D/AndroidRuntime( 6508): 
D/AndroidRuntime( 6508): >>>>>> AndroidRuntime START com.android.internal.os.RuntimeInit <<<<<<
D/AndroidRuntime( 6508): CheckJNI is OFF
D/dalvikvm( 6508): Trying to load lib libjavacore.so 0x0
D/dalvikvm( 6508): Added shared lib libjavacore.so 0x0
D/dalvikvm( 6508): Trying to load lib libnativehelper.so 0x0
D/dalvikvm( 6508): Added shared lib libnativehelper.so 0x0
D/dalvikvm( 6508): No JNI_OnLoad found in libnativehelper.so 0x0, skipping init
D/dalvikvm( 6508): Note: class Landroid/app/ActivityManagerNative; has 179 unimplemented (abstract) methods
D/AndroidRuntime( 6508): Calling main entry com.android.commands.pm.Pm
W/ActivityManager(  564): No content provider found for permission revoke: file:///data/local/tmp/0000001355
W/ActivityManager(  564): No content provider found for permission revoke: file:///data/local/tmp/0000001355
I/PackageManager(  564): Copying native libraries to /data/app-lib/vmdl1066110554
I/PackageManager(  564): Running dexopt on: com.careerbuilder.SugarDrone.test
D/dalvikvm( 6536): DexOpt: load 68ms, verify+opt 547ms, 1565836 bytes
I/ActivityManager(  564): Force stopping com.careerbuilder.SugarDrone.test appid=16103 user=-1: update pkg
I/InputReader(  564): Reconfiguring input devices.  changes=0x00000010
I/ActivityManager(  564): Delay finish: com.google.android.googlequicksearchbox/com.google.android.search.core.summons.icing.InternalIcingCorporaProvider$CorporaChangedReceiver
I/ActivityManager(  564): Resuming delayed broadcast
I/Icing.InternalIcingCorporaProvider( 1328): Updating corpora: A: com.careerbuilder.SugarDrone.test, C: MAYBE
I/ActivityManager(  564): Delay finish: com.google.android.apps.plus/.service.PackagesMediaMonitor
I/ActivityManager(  564): Resuming delayed broadcast
D/BackupManagerService(  564): Received broadcast Intent { act=android.intent.action.PACKAGE_ADDED dat=package:com.careerbuilder.SugarDrone.test flg=0x4000010 (has extras) }
V/BackupManagerService(  564): addPackageParticipantsLocked: #1
I/Icing.InternalIcingCorporaProvider( 1328): UpdateCorporaTask done [took 76 ms] updated apps [took 75 ms] 
D/dalvikvm( 2036): GC_FOR_ALLOC freed 368K, 3% free 18100K/18656K, paused 31ms, total 31ms
D/Wear_Controller( 1012): Received broadcast action=android.intent.action.PACKAGE_ADDED and uri=com.careerbuilder.SugarDrone.test
I/PeopleContactsSync( 1012): triggerPendingContactsCleanup: no accounts
D/dalvikvm(  564): GC_EXPLICIT freed 1090K, 18% free 19640K/23836K, paused 2ms+14ms, total 260ms
D/AndroidRuntime( 6508): Shutting down VM
D/dalvikvm( 6508): GC_CONCURRENT freed 95K, 15% free 561K/660K, paused 1ms+0ms, total 3ms
W/IcingInternalCorpora( 1012): getNumBytesRead when not calculated.
I/Icing   ( 1012): Usage reports 0 indexed 0 rejected 0 imm upload false
I/Icing   ( 1012): Usage reports 0 indexed 0 rejected 0 imm upload false
D/dalvikvm( 1012): GC_CONCURRENT freed 1217K, 10% free 12669K/14012K, paused 2ms+15ms, total 56ms
D/dalvikvm(  777): GC_FOR_ALLOC freed 891K, 9% free 11904K/13028K, paused 38ms, total 40ms
D/AndroidRuntime( 6597): 
D/AndroidRuntime( 6597): >>>>>> AndroidRuntime START com.android.internal.os.RuntimeInit <<<<<<
D/AndroidRuntime( 6597): CheckJNI is OFF
D/dalvikvm( 6597): Trying to load lib libjavacore.so 0x0
D/dalvikvm( 6597): Added shared lib libjavacore.so 0x0
D/dalvikvm( 6597): Trying to load lib libnativehelper.so 0x0
D/dalvikvm( 6597): Added shared lib libnativehelper.so 0x0
D/dalvikvm( 6597): No JNI_OnLoad found in libnativehelper.so 0x0, skipping init
D/dalvikvm( 6597): Note: class Landroid/app/ActivityManagerNative; has 179 unimplemented (abstract) methods
D/AndroidRuntime( 6597): Calling main entry com.android.commands.settings.SettingsCmd
D/AndroidRuntime( 6597): Shutting down VM
D/dalvikvm( 6597): GC_CONCURRENT freed 96K, 16% free 562K/664K, paused 0ms+0ms, total 2ms
I/Icing   ( 1012): Indexing 20DD4C980DC9932934B14C611F3A585B39FE1847 from com.google.android.gms
I/Icing   ( 1012): Indexing done 20DD4C980DC9932934B14C611F3A585B39FE1847
D/AndroidRuntime( 6625): 
D/AndroidRuntime( 6625): >>>>>> AndroidRuntime START com.android.internal.os.RuntimeInit <<<<<<
D/AndroidRuntime( 6625): CheckJNI is OFF
D/dalvikvm( 6625): Trying to load lib libjavacore.so 0x0
D/dalvikvm( 6625): Added shared lib libjavacore.so 0x0
D/dalvikvm( 6625): Trying to load lib libnativehelper.so 0x0
D/dalvikvm( 6625): Added shared lib libnativehelper.so 0x0
D/dalvikvm( 6625): No JNI_OnLoad found in libnativehelper.so 0x0, skipping init
D/dalvikvm( 6625): Note: class Landroid/app/ActivityManagerNative; has 179 unimplemented (abstract) methods
D/AndroidRuntime( 6625): Calling main entry com.android.commands.settings.SettingsCmd
D/AndroidRuntime( 6625): Shutting down VM
D/dalvikvm( 6625): GC_CONCURRENT freed 96K, 15% free 562K/660K, paused 0ms+0ms, total 2ms
D/AndroidRuntime( 6653): 
D/AndroidRuntime( 6653): >>>>>> AndroidRuntime START com.android.internal.os.RuntimeInit <<<<<<
D/AndroidRuntime( 6653): CheckJNI is OFF
D/dalvikvm( 6653): Trying to load lib libjavacore.so 0x0
D/dalvikvm( 6653): Added shared lib libjavacore.so 0x0
D/dalvikvm( 6653): Trying to load lib libnativehelper.so 0x0
D/dalvikvm( 6653): Added shared lib libnativehelper.so 0x0
D/dalvikvm( 6653): No JNI_OnLoad found in libnativehelper.so 0x0, skipping init
D/dalvikvm( 6653): Note: class Landroid/app/ActivityManagerNative; has 179 unimplemented (abstract) methods
D/AndroidRuntime( 6653): Calling main entry com.android.commands.settings.SettingsCmd
D/AndroidRuntime( 6653): Shutting down VM
D/dalvikvm( 6653): GC_CONCURRENT freed 96K, 16% free 562K/664K, paused 0ms+0ms, total 2ms
D/AndroidRuntime( 6687): 
D/AndroidRuntime( 6687): >>>>>> AndroidRuntime START com.android.internal.os.RuntimeInit <<<<<<
D/AndroidRuntime( 6687): CheckJNI is OFF
D/dalvikvm( 6687): Trying to load lib libjavacore.so 0x0
D/dalvikvm( 6687): Added shared lib libjavacore.so 0x0
D/dalvikvm( 6687): Trying to load lib libnativehelper.so 0x0
D/dalvikvm( 6687): Added shared lib libnativehelper.so 0x0
D/dalvikvm( 6687): No JNI_OnLoad found in libnativehelper.so 0x0, skipping init
D/dalvikvm( 6687): Note: class Landroid/app/ActivityManagerNative; has 179 unimplemented (abstract) methods
D/AndroidRuntime( 6687): Calling main entry com.android.commands.settings.SettingsCmd
D/AndroidRuntime( 6687): Shutting down VM
D/dalvikvm( 6687): GC_CONCURRENT freed 96K, 15% free 562K/660K, paused 1ms+0ms, total 3ms
D/AndroidRuntime( 6715): 
D/AndroidRuntime( 6715): >>>>>> AndroidRuntime START com.android.internal.os.RuntimeInit <<<<<<
D/AndroidRuntime( 6715): CheckJNI is OFF
D/dalvikvm( 6715): Trying to load lib libjavacore.so 0x0
D/dalvikvm( 6715): Added shared lib libjavacore.so 0x0
D/dalvikvm( 6715): Trying to load lib libnativehelper.so 0x0
D/dalvikvm( 6715): Added shared lib libnativehelper.so 0x0
D/dalvikvm( 6715): No JNI_OnLoad found in libnativehelper.so 0x0, skipping init
D/dalvikvm( 6715): Note: class Landroid/app/ActivityManagerNative; has 179 unimplemented (abstract) methods
D/AndroidRuntime( 6715): Calling main entry com.android.commands.settings.SettingsCmd
D/AndroidRuntime( 6715): Shutting down VM
D/dalvikvm( 6715): GC_CONCURRENT freed 96K, 15% free 562K/660K, paused 1ms+1ms, total 3ms
D/AndroidRuntime( 6744): 
D/AndroidRuntime( 6744): >>>>>> AndroidRuntime START com.android.internal.os.RuntimeInit <<<<<<
D/AndroidRuntime( 6744): CheckJNI is OFF
D/dalvikvm( 6744): Trying to load lib libjavacore.so 0x0
D/dalvikvm( 6744): Added shared lib libjavacore.so 0x0
D/dalvikvm( 6744): Trying to load lib libnativehelper.so 0x0
D/dalvikvm( 6744): Added shared lib libnativehelper.so 0x0
D/dalvikvm( 6744): No JNI_OnLoad found in libnativehelper.so 0x0, skipping init
D/dalvikvm( 6744): Note: class Landroid/app/ActivityManagerNative; has 179 unimplemented (abstract) methods
D/AndroidRuntime( 6744): Calling main entry com.android.commands.settings.SettingsCmd
D/AndroidRuntime( 6744): Shutting down VM
D/dalvikvm( 6744): GC_CONCURRENT freed 96K, 15% free 562K/660K, paused 0ms+0ms, total 2ms
D/AndroidRuntime( 6781): 
D/AndroidRuntime( 6781): >>>>>> AndroidRuntime START com.android.internal.os.RuntimeInit <<<<<<
D/AndroidRuntime( 6781): CheckJNI is OFF
D/dalvikvm( 6781): Trying to load lib libjavacore.so 0x0
D/dalvikvm( 6781): Added shared lib libjavacore.so 0x0
D/dalvikvm( 6781): Trying to load lib libnativehelper.so 0x0
D/dalvikvm( 6781): Added shared lib libnativehelper.so 0x0
D/dalvikvm( 6781): No JNI_OnLoad found in libnativehelper.so 0x0, skipping init
D/dalvikvm( 6781): Note: class Landroid/app/ActivityManagerNative; has 179 unimplemented (abstract) methods
D/AndroidRuntime( 6781): Calling main entry com.android.commands.pm.Pm
D/AndroidRuntime( 6781): Shutting down VM
D/dalvikvm( 6781): GC_CONCURRENT freed 251K, 31% free 567K/820K, paused 0ms+0ms, total 2ms
D/dalvikvm(  564): GC_CONCURRENT freed 2696K, 18% free 19599K/23836K, paused 4ms+6ms, total 85ms
D/AndroidRuntime( 6863): 
D/AndroidRuntime( 6863): >>>>>> AndroidRuntime START com.android.internal.os.RuntimeInit <<<<<<
D/AndroidRuntime( 6863): CheckJNI is OFF
D/dalvikvm( 6863): Trying to load lib libjavacore.so 0x0
D/dalvikvm( 6863): Added shared lib libjavacore.so 0x0
D/dalvikvm( 6863): Trying to load lib libnativehelper.so 0x0
D/dalvikvm( 6863): Added shared lib libnativehelper.so 0x0
D/dalvikvm( 6863): No JNI_OnLoad found in libnativehelper.so 0x0, skipping init
D/dalvikvm( 6863): Note: class Landroid/app/ActivityManagerNative; has 179 unimplemented (abstract) methods
D/AndroidRuntime( 6863): Calling main entry com.android.commands.pm.Pm
D/AndroidRuntime( 6863): Shutting down VM
D/dalvikvm( 6863): GC_CONCURRENT freed 251K, 31% free 567K/820K, paused 0ms+0ms, total 3ms
D/AndroidRuntime( 7005): 
D/AndroidRuntime( 7005): >>>>>> AndroidRuntime START com.android.internal.os.RuntimeInit <<<<<<
D/AndroidRuntime( 7005): CheckJNI is OFF
D/dalvikvm( 7005): Trying to load lib libjavacore.so 0x0
D/dalvikvm( 7005): Added shared lib libjavacore.so 0x0
D/dalvikvm( 7005): Trying to load lib libnativehelper.so 0x0
D/dalvikvm( 7005): Added shared lib libnativehelper.so 0x0
D/dalvikvm( 7005): No JNI_OnLoad found in libnativehelper.so 0x0, skipping init
D/dalvikvm( 7005): Note: class Landroid/app/ActivityManagerNative; has 179 unimplemented (abstract) methods
D/AndroidRuntime( 7005): Calling main entry com.android.commands.input.Input
I/Input   ( 7005): injectKeyEvent: KeyEvent { action=ACTION_DOWN, keyCode=KEYCODE_BACK, scanCode=0, metaState=0, flags=0x0, repeatCount=0, eventTime=271053, downTime=271053, deviceId=-1, source=0x101 }
I/Input   ( 7005): injectKeyEvent: KeyEvent { action=ACTION_UP, keyCode=KEYCODE_BACK, scanCode=0, metaState=0, flags=0x0, repeatCount=0, eventTime=271053, downTime=271053, deviceId=-1, source=0x101 }
D/AndroidRuntime( 7005): Shutting down VM
D/dalvikvm( 7005): GC_CONCURRENT freed 98K, 16% free 563K/664K, paused 0ms+1ms, total 2ms
D/dalvikvm( 1296): GC_CONCURRENT freed 432K, 5% free 9573K/10040K, paused 2ms+1ms, total 25ms
D/Finsky  ( 1296): [1] 5.onFinished: Installation state replication succeeded.
D/AndroidRuntime( 7062): 
D/AndroidRuntime( 7062): >>>>>> AndroidRuntime START com.android.internal.os.RuntimeInit <<<<<<
D/AndroidRuntime( 7062): CheckJNI is OFF
D/dalvikvm( 7062): Trying to load lib libjavacore.so 0x0
D/dalvikvm( 7062): Added shared lib libjavacore.so 0x0
D/dalvikvm( 7062): Trying to load lib libnativehelper.so 0x0
D/dalvikvm( 7062): Added shared lib libnativehelper.so 0x0
D/dalvikvm( 7062): No JNI_OnLoad found in libnativehelper.so 0x0, skipping init
D/dalvikvm( 7062): Note: class Landroid/app/ActivityManagerNative; has 179 unimplemented (abstract) methods
D/AndroidRuntime( 7062): Calling main entry com.android.commands.input.Input
I/Input   ( 7062): injectKeyEvent: KeyEvent { action=ACTION_DOWN, keyCode=KEYCODE_HOME, scanCode=0, metaState=0, flags=0x0, repeatCount=0, eventTime=272804, downTime=272804, deviceId=-1, source=0x101 }
I/Input   ( 7062): injectKeyEvent: KeyEvent { action=ACTION_UP, keyCode=KEYCODE_HOME, scanCode=0, metaState=0, flags=0x0, repeatCount=0, eventTime=272804, downTime=272804, deviceId=-1, source=0x101 }
I/ActivityManager(  564): START u0 {act=android.intent.action.MAIN cat=[android.intent.category.HOME] flg=0x10200000 cmp=com.android.launcher/com.android.launcher2.Launcher} from pid 564
D/AndroidRuntime( 7062): Shutting down VM
D/dalvikvm( 7062): GC_CONCURRENT freed 98K, 16% free 563K/664K, paused 0ms+0ms, total 3ms
D/AndroidRuntime( 7099): 
D/AndroidRuntime( 7099): >>>>>> AndroidRuntime START com.android.internal.os.RuntimeInit <<<<<<
D/AndroidRuntime( 7099): CheckJNI is OFF
D/dalvikvm( 7099): Trying to load lib libjavacore.so 0x0
D/dalvikvm( 7099): Added shared lib libjavacore.so 0x0
D/dalvikvm( 7099): Trying to load lib libnativehelper.so 0x0
D/dalvikvm( 7099): Added shared lib libnativehelper.so 0x0
D/dalvikvm( 7099): No JNI_OnLoad found in libnativehelper.so 0x0, skipping init
D/dalvikvm( 7099): Note: class Landroid/app/ActivityManagerNative; has 179 unimplemented (abstract) methods
D/AndroidRuntime( 7099): Calling main entry com.android.commands.input.Input
I/Input   ( 7099): injectKeyEvent: KeyEvent { action=ACTION_DOWN, keyCode=KEYCODE_BACK, scanCode=0, metaState=0, flags=0x0, repeatCount=0, eventTime=274160, downTime=274160, deviceId=-1, source=0x101 }
I/Input   ( 7099): injectKeyEvent: KeyEvent { action=ACTION_UP, keyCode=KEYCODE_BACK, scanCode=0, metaState=0, flags=0x0, repeatCount=0, eventTime=274160, downTime=274160, deviceId=-1, source=0x101 }
D/AndroidRuntime( 7099): Shutting down VM
D/dalvikvm( 7099): GC_CONCURRENT freed 98K, 16% free 563K/664K, paused 0ms+0ms, total 3ms
D/AndroidRuntime( 7135): 
D/AndroidRuntime( 7135): >>>>>> AndroidRuntime START com.android.internal.os.RuntimeInit <<<<<<
D/AndroidRuntime( 7135): CheckJNI is OFF
D/dalvikvm( 7135): Trying to load lib libjavacore.so 0x0
D/dalvikvm( 7135): Added shared lib libjavacore.so 0x0
D/dalvikvm( 7135): Trying to load lib libnativehelper.so 0x0
D/dalvikvm( 7135): Added shared lib libnativehelper.so 0x0
D/dalvikvm( 7135): No JNI_OnLoad found in libnativehelper.so 0x0, skipping init
D/dalvikvm( 7135): Note: class Landroid/app/ActivityManagerNative; has 179 unimplemented (abstract) methods
D/AndroidRuntime( 7135): Calling main entry com.android.commands.am.Am
I/ActivityManager(  564): Force stopping com.careerbuilder.SugarDrone appid=16102 user=0: start instr
D/dalvikvm( 7162): Late-enabling CheckJNI
I/ActivityManager(  564): Start proc com.careerbuilder.SugarDrone for added application com.careerbuilder.SugarDrone: pid=7162 uid=16102 gids={56102, 3003, 1028, 1015}
I/dalvikvm( 7162): Could not find method android.app.Instrumentation.execStartActivity, referenced from method sh.calaba.exposed.InstrumentationExposed.execStartActivity
W/dalvikvm( 7162): VFY: unable to resolve virtual method 38: Landroid/app/Instrumentation;.execStartActivity (Landroid/content/Context;Landroid/os/IBinder;Landroid/os/IBinder;Landroid/app/Activity;Landroid/content/Intent;I)Landroid/app/Instrumentation$ActivityResult;
D/dalvikvm( 7162): VFY: replacing opcode 0x75 at 0x0000
I/dalvikvm( 7162): Could not find method android.app.Instrumentation.execStartActivity, referenced from method sh.calaba.exposed.InstrumentationExposed.execStartActivity
W/dalvikvm( 7162): VFY: unable to resolve virtual method 41: Landroid/app/Instrumentation;.execStartActivity (Landroid/content/Context;Landroid/os/IBinder;Landroid/os/IBinder;Landroid/app/Fragment;Landroid/content/Intent;I)Landroid/app/Instrumentation$ActivityResult;
D/dalvikvm( 7162): VFY: replacing opcode 0x75 at 0x0000
I/dalvikvm( 7162): Could not find method android.app.Instrumentation.execStartActivityAsCaller, referenced from method sh.calaba.exposed.InstrumentationExposed.execStartActivityAsCaller
W/dalvikvm( 7162): VFY: unable to resolve virtual method 43: Landroid/app/Instrumentation;.execStartActivityAsCaller (Landroid/content/Context;Landroid/os/IBinder;Landroid/os/IBinder;Landroid/app/Activity;Landroid/content/Intent;ILandroid/os/Bundle;I)Landroid/app/Instrumentation$ActivityResult;
D/dalvikvm( 7162): VFY: replacing opcode 0x75 at 0x0000
D/dalvikvm( 7162): Trying to load lib /data/app-lib/com.careerbuilder.SugarDrone-1/libmonodroid.so 0x42543cc0
D/dalvikvm( 7162): Added shared lib /data/app-lib/com.careerbuilder.SugarDrone-1/libmonodroid.so 0x42543cc0
W/monodroid( 7162): Using override path: /data/data/com.careerbuilder.SugarDrone/files/.__override__
W/monodroid( 7162): Trying to load sgen from: /data/data/com.careerbuilder.SugarDrone/files/.__override__/libmonosgen-2.0.so
W/monodroid( 7162): Trying to load sgen from: /storage/emulated/0/Android/data/com.careerbuilder.SugarDrone/files/.__override__/libmonosgen-2.0.so
W/monodroid( 7162): Trying to load sgen from: /data/app-lib/com.careerbuilder.SugarDrone-1/libmonosgen-2.0.so
D/Mono    ( 7162): Image addref mscorlib[0x75269860] -> mscorlib.dll[0x75268ba8]: 2
D/Mono    ( 7162): Prepared to set up assembly 'mscorlib' (mscorlib.dll)
D/Mono    ( 7162): AOT module 'mscorlib.dll.so' not found: dlopen failed: library "/data/app-lib/com.careerbuilder.SugarDrone-1/libaot-mscorlib.dll.so" not found
D/Mono    ( 7162): AOT module '/Users/builder/data/lanes/4009/f3074d2c/source/monodroid/builds/install/mono-armv6/lib/mono/aot-cache/arm/mscorlib.dll.so' not found: dlopen failed: library "/data/app-lib/com.careerbuilder.SugarDrone-1/libaot-mscorlib.dll.so" not found
D/Mono    ( 7162): Config attempting to parse: 'mscorlib.dll.config'.
D/Mono    ( 7162): Config attempting to parse: '/Users/builder/data/lanes/4009/f3074d2c/source/monodroid/builds/install/mono-armv6/etc/mono/assemblies/mscorlib/mscorlib.config'.
D/Mono    ( 7162): Assembly mscorlib[0x75269860] added to domain RootDomain, ref_count=1
D/Mono    ( 7162): Image addref CareerBuilder_Search.Droid[0x7a389808] -> CareerBuilder_Search.Droid.dll[0x7a2f3b48]: 2
D/Mono    ( 7162): Prepared to set up assembly 'CareerBuilder_Search.Droid' (CareerBuilder_Search.Droid.dll)
D/Mono    ( 7162): Assembly CareerBuilder_Search.Droid[0x7a389808] added to domain RootDomain, ref_count=1
D/Mono    ( 7162): AOT module 'CareerBuilder_Search.Droid.dll.so' not found: dlopen failed: library "/data/app-lib/com.careerbuilder.SugarDrone-1/libaot-CareerBuilder_Search.Droid.dll.so" not found
D/Mono    ( 7162): AOT module '/Users/builder/data/lanes/4009/f3074d2c/source/monodroid/builds/install/mono-armv6/lib/mono/aot-cache/arm/CareerBuilder_Search.Droid.dll.so' not found: dlopen failed: library "/data/app-lib/com.careerbuilder.SugarDrone-1/libaot-CareerBuilder_Search.Droid.dll.so" not found
D/Mono    ( 7162): Config attempting to parse: 'CareerBuilder_Search.Droid.dll.config'.
D/Mono    ( 7162): Config attempting to parse: '/Users/builder/data/lanes/4009/f3074d2c/source/monodroid/builds/install/mono-armv6/etc/mono/assemblies/CareerBuilder_Search.Droid/CareerBuilder_Search.Droid.config'.
D/Mono    ( 7162): Image addref AppsFlyerXamarinBindingAndroid[0x7a3a1688] -> AppsFlyerXamarinBindingAndroid.dll[0x7a389a00]: 2
D/Mono    ( 7162): Prepared to set up assembly 'AppsFlyerXamarinBindingAndroid' (AppsFlyerXamarinBindingAndroid.dll)
D/Mono    ( 7162): Assembly AppsFlyerXamarinBindingAndroid[0x7a3a1688] added to domain RootDomain, ref_count=1
D/Mono    ( 7162): AOT module 'AppsFlyerXamarinBindingAndroid.dll.so' not found: dlopen failed: library "/data/app-lib/com.careerbuilder.SugarDrone-1/libaot-AppsFlyerXamarinBindingAndroid.dll.so" not found
D/Mono    ( 7162): AOT module '/Users/builder/data/lanes/4009/f3074d2c/source/monodroid/builds/install/mono-armv6/lib/mono/aot-cache/arm/AppsFlyerXamarinBindingAndroid.dll.so' not found: dlopen failed: library "/data/app-lib/com.careerbuilder.SugarDrone-1/libaot-AppsFlyerXamarinBindingAndroid.dll.so" not found
D/Mono    ( 7162): Config attempting to parse: 'AppsFlyerXamarinBindingAndroid.dll.config'.
D/Mono    ( 7162): Config attempting to parse: '/Users/builder/data/lanes/4009/f3074d2c/source/monodroid/builds/install/mono-armv6/etc/mono/assemblies/AppsFlyerXamarinBindingAndroid/AppsFlyerXamarinBindingAndroid.config'.
D/Mono    ( 7162): Image addref HockeySDK[0x7a3a23b8] -> HockeySDK.dll[0x7a3a1788]: 2
D/Mono    ( 7162): Prepared to set up assembly 'HockeySDK' (HockeySDK.dll)
D/Mono    ( 7162): Assembly HockeySDK[0x7a3a23b8] added to domain RootDomain, ref_count=1
D/Mono    ( 7162): AOT module 'HockeySDK.dll.so' not found: dlopen failed: library "/data/app-lib/com.careerbuilder.SugarDrone-1/libaot-HockeySDK.dll.so" not found
D/Mono    ( 7162): AOT module '/Users/builder/data/lanes/4009/f3074d2c/source/monodroid/builds/install/mono-armv6/lib/mono/aot-cache/arm/HockeySDK.dll.so' not found: dlopen failed: library "/data/app-lib/com.careerbuilder.SugarDrone-1/libaot-HockeySDK.dll.so" not found
D/Mono    ( 7162): Config attempting to parse: 'HockeySDK.dll.config'.
D/Mono    ( 7162): Config attempting to parse: '/Users/builder/data/lanes/4009/f3074d2c/source/monodroid/builds/install/mono-armv6/etc/mono/assemblies/HockeySDK/HockeySDK.config'.
D/Mono    ( 7162): Image addref Akavache[0x7a3a3130] -> Akavache.dll[0x7a3a24a0]: 2
D/Mono    ( 7162): Prepared to set up assembly 'Akavache' (Akavache.dll)
D/Mono    ( 7162): Assembly Akavache[0x7a3a3130] added to domain RootDomain, ref_count=1
D/Mono    ( 7162): AOT module 'Akavache.dll.so' not found: dlopen failed: library "/data/app-lib/com.careerbuilder.SugarDrone-1/libaot-Akavache.dll.so" not found
D/Mono    ( 7162): AOT module '/Users/builder/data/lanes/4009/f3074d2c/source/monodroid/builds/install/mono-armv6/lib/mono/aot-cache/arm/Akavache.dll.so' not found: dlopen failed: library "/data/app-lib/com.careerbuilder.SugarDrone-1/libaot-Akavache.dll.so" not found
D/Mono    ( 7162): Config attempting to parse: 'Akavache.dll.config'.
D/Mono    ( 7162): Config attempting to parse: '/Users/builder/data/lanes/4009/f3074d2c/source/monodroid/builds/install/mono-armv6/etc/mono/assemblies/Akavache/Akavache.config'.
D/Mono    ( 7162): Image addref Akavache.Sqlite3[0x7a3a3ea0] -> Akavache.Sqlite3.dll[0x7a3a3250]: 2
D/Mono    ( 7162): Prepared to set up assembly 'Akavache.Sqlite3' (Akavache.Sqlite3.dll)
D/Mono    ( 7162): Assembly Akavache.Sqlite3[0x7a3a3ea0] added to domain RootDomain, ref_count=1
D/Mono    ( 7162): AOT module 'Akavache.Sqlite3.dll.so' not found: dlopen failed: library "/data/app-lib/com.careerbuilder.SugarDrone-1/libaot-Akavache.Sqlite3.dll.so" not found
D/Mono    ( 7162): AOT module '/Users/builder/data/lanes/4009/f3074d2c/source/monodroid/builds/install/mono-armv6/lib/mono/aot-cache/arm/Akavache.Sqlite3.dll.so' not found: dlopen failed: library "/data/app-lib/com.careerbuilder.SugarDrone-1/libaot-Akavache.Sqlite3.dll.so" not found
W/        ( 7162): Symbol file LoadedFromMemory doesn't match image Akavache.Sqlite3.dll
D/Mono    ( 7162): Config attempting to parse: 'Akavache.Sqlite3.dll.config'.
D/Mono    ( 7162): Config attempting to parse: '/Users/builder/data/lanes/4009/f3074d2c/source/monodroid/builds/install/mono-armv6/etc/mono/assemblies/Akavache.Sqlite3/Akavache.Sqlite3.config'.
D/Mono    ( 7162): Image addref Splat[0x7a3a4bd0] -> Splat.dll[0x7a3a3f90]: 2
D/Mono    ( 7162): Prepared to set up assembly 'Splat' (Splat.dll)
D/Mono    ( 7162): Assembly Splat[0x7a3a4bd0] added to domain RootDomain, ref_count=1
D/Mono    ( 7162): AOT module 'Splat.dll.so' not found: dlopen failed: library "/data/app-lib/com.careerbuilder.SugarDrone-1/libaot-Splat.dll.so" not found
D/Mono    ( 7162): AOT module '/Users/builder/data/lanes/4009/f3074d2c/source/monodroid/builds/install/mono-armv6/lib/mono/aot-cache/arm/Splat.dll.so' not found: dlopen failed: library "/data/app-lib/com.careerbuilder.SugarDrone-1/libaot-Splat.dll.so" not found
D/Mono    ( 7162): Config attempting to parse: 'Splat.dll.config'.
D/Mono    ( 7162): Config attempting to parse: '/Users/builder/data/lanes/4009/f3074d2c/source/monodroid/builds/install/mono-armv6/etc/mono/assemblies/Splat/Splat.config'.
D/Mono    ( 7162): Image addref Microsoft.Practices.ServiceLocation[0x7a3a89e8] -> Microsoft.Practices.ServiceLocation.dll[0x7a3a7da8]: 2
D/Mono    ( 7162): Prepared to set up assembly 'Microsoft.Practices.ServiceLocation' (Microsoft.Practices.ServiceLocation.dll)
D/Mono    ( 7162): Assembly Microsoft.Practices.ServiceLocation[0x7a3a89e8] added to domain RootDomain, ref_count=1
D/Mono    ( 7162): AOT module 'Microsoft.Practices.ServiceLocation.dll.so' not found: dlopen failed: library "/data/app-lib/com.careerbuilder.SugarDrone-1/libaot-Microsoft.Practices.ServiceLocation.dll.so" not found
D/Mono    ( 7162): AOT module '/Users/builder/data/lanes/4009/f3074d2c/source/monodroid/builds/install/mono-armv6/lib/mono/aot-cache/arm/Microsoft.Practices.ServiceLocation.dll.so' not found: dlopen failed: library "/data/app-lib/com.careerbuilder.SugarDrone-1/libaot-Microsoft.Practices.ServiceLocation.dll.so" not found
D/Mono    ( 7162): Config attempting to parse: 'Microsoft.Practices.ServiceLocation.dll.config'.
D/Mono    ( 7162): Config attempting to parse: '/Users/builder/data/lanes/4009/f3074d2c/source/monodroid/builds/install/mono-armv6/etc/mono/assemblies/Microsoft.Practices.ServiceLocation/Microsoft.Practices.ServiceLocation.config'.
D/Mono    ( 7162): Image addref Microsoft.Practices.Unity[0x7a3a9fd0] -> Microsoft.Practices.Unity.dll[0x7a3a9360]: 2
D/Mono    ( 7162): Prepared to set up assembly 'Microsoft.Practices.Unity' (Microsoft.Practices.Unity.dll)
D/Mono    ( 7162): Assembly Microsoft.Practices.Unity[0x7a3a9fd0] added to domain RootDomain, ref_count=1
D/Mono    ( 7162): AOT module 'Microsoft.Practices.Unity.dll.so' not found: dlopen failed: library "/data/app-lib/com.careerbuilder.SugarDrone-1/libaot-Microsoft.Practices.Unity.dll.so" not found
D/Mono    ( 7162): AOT module '/Users/builder/data/lanes/4009/f3074d2c/source/monodroid/builds/install/mono-armv6/lib/mono/aot-cache/arm/Microsoft.Practices.Unity.dll.so' not found: dlopen failed: library "/data/app-lib/com.careerbuilder.SugarDrone-1/libaot-Microsoft.Practices.Unity.dll.so" not found
D/Mono    ( 7162): Config attempting to parse: 'Microsoft.Practices.Unity.dll.config'.
D/Mono    ( 7162): Config attempting to parse: '/Users/builder/data/lanes/4009/f3074d2c/source/monodroid/builds/install/mono-armv6/etc/mono/assemblies/Microsoft.Practices.Unity/Microsoft.Practices.Unity.config'.
D/Mono    ( 7162): Image addref Plugin.CurrentActivity[0x7a3aad20] -> Plugin.CurrentActivity.dll[0x7a3aa0f0]: 2
D/Mono    ( 7162): Prepared to set up assembly 'Plugin.CurrentActivity' (Plugin.CurrentActivity.dll)
D/Mono    ( 7162): Assembly Plugin.CurrentActivity[0x7a3aad20] added to domain RootDomain, ref_count=1
D/Mono    ( 7162): AOT module 'Plugin.CurrentActivity.dll.so' not found: dlopen failed: library "/data/app-lib/com.careerbuilder.SugarDrone-1/libaot-Plugin.CurrentActivity.dll.so" not found
D/Mono    ( 7162): AOT module '/Users/builder/data/lanes/4009/f3074d2c/source/monodroid/builds/install/mono-armv6/lib/mono/aot-cache/arm/Plugin.CurrentActivity.dll.so' not found: dlopen failed: library "/data/app-lib/com.careerbuilder.SugarDrone-1/libaot-Plugin.CurrentActivity.dll.so" not found
D/Mono    ( 7162): Config attempting to parse: 'Plugin.CurrentActivity.dll.config'.
D/Mono    ( 7162): Config attempting to parse: '/Users/builder/data/lanes/4009/f3074d2c/source/monodroid/builds/install/mono-armv6/etc/mono/assemblies/Plugin.CurrentActivity/Plugin.CurrentActivity.config'.
D/Mono    ( 7162): Image addref Plugin.Permissions[0x7a3aba70] -> Plugin.Permissions.dll[0x7a3aae50]: 2
D/Mono    ( 7162): Prepared to set up assembly 'Plugin.Permissions' (Plugin.Permissions.dll)
D/Mono    ( 7162): Assembly Plugin.Permissions[0x7a3aba70] added to domain RootDomain, ref_count=1
D/Mono    ( 7162): AOT module 'Plugin.Permissions.dll.so' not found: dlopen failed: library "/data/app-lib/com.careerbuilder.SugarDrone-1/libaot-Plugin.Permissions.dll.so" not found
D/Mono    ( 7162): AOT module '/Users/builder/data/lanes/4009/f3074d2c/source/monodroid/builds/install/mono-armv6/lib/mono/aot-cache/arm/Plugin.Permissions.dll.so' not found: dlopen failed: library "/data/app-lib/com.careerbuilder.SugarDrone-1/libaot-Plugin.Permissions.dll.so" not found
D/Mono    ( 7162): Config attempting to parse: 'Plugin.Permissions.dll.config'.
D/Mono    ( 7162): Config attempting to parse: '/Users/builder/data/lanes/4009/f3074d2c/source/monodroid/builds/install/mono-armv6/etc/mono/assemblies/Plugin.Permissions/Plugin.Permissions.config'.
D/Mono    ( 7162): Image addref Plugin.Permissions.Abstractions[0x7a3ad190] -> Plugin.Permissions.Abstractions.dll[0x7a3ac530]: 2
D/Mono    ( 7162): Prepared to set up assembly 'Plugin.Permissions.Abstractions' (Plugin.Permissions.Abstractions.dll)
D/Mono    ( 7162): Assembly Plugin.Permissions.Abstractions[0x7a3ad190] added to domain RootDomain, ref_count=1
D/Mono    ( 7162): AOT module 'Plugin.Permissions.Abstractions.dll.so' not found: dlopen failed: library "/data/app-lib/com.careerbuilder.SugarDrone-1/libaot-Plugin.Permissions.Abstractions.dll.so" not found
D/Mono    ( 7162): AOT module '/Users/builder/data/lanes/4009/f3074d2c/source/monodroid/builds/install/mono-armv6/lib/mono/aot-cache/arm/Plugin.Permissions.Abstractions.dll.so' not found: dlopen failed: library "/data/app-lib/com.careerbuilder.SugarDrone-1/libaot-Plugin.Permissions.Abstractions.dll.so" not found
D/Mono    ( 7162): Config attempting to parse: 'Plugin.Permissions.Abstractions.dll.config'.
D/Mono    ( 7162): Config attempting to parse: '/Users/builder/data/lanes/4009/f3074d2c/source/monodroid/builds/install/mono-armv6/etc/mono/assemblies/Plugin.Permissions.Abstractions/Plugin.Permissions.Abstractions.config'.
D/Mono    ( 7162): Image addref Plugin.Geolocator[0x7a3ae040] -> Plugin.Geolocator.dll[0x7a3ad3f0]: 2
D/Mono    ( 7162): Prepared to set up assembly 'Plugin.Geolocator' (Plugin.Geolocator.dll)
D/Mono    ( 7162): Assembly Plugin.Geolocator[0x7a3ae040] added to domain RootDomain, ref_count=1
D/Mono    ( 7162): AOT module 'Plugin.Geolocator.dll.so' not found: dlopen failed: library "/data/app-lib/com.careerbuilder.SugarDrone-1/libaot-Plugin.Geolocator.dll.so" not found
D/Mono    ( 7162): AOT module '/Users/builder/data/lanes/4009/f3074d2c/source/monodroid/builds/install/mono-armv6/lib/mono/aot-cache/arm/Plugin.Geolocator.dll.so' not found: dlopen failed: library "/data/app-lib/com.careerbuilder.SugarDrone-1/libaot-Plugin.Geolocator.dll.so" not found
D/Mono    ( 7162): Config attempting to parse: 'Plugin.Geolocator.dll.config'.
D/Mono    ( 7162): Config attempting to parse: '/Users/builder/data/lanes/4009/f3074d2c/source/monodroid/builds/install/mono-armv6/etc/mono/assemblies/Plugin.Geolocator/Plugin.Geolocator.config'.
D/Mono    ( 7162): Image addref Plugin.Geolocator.Abstractions[0x7a3affd8] -> Plugin.Geolocator.Abstractions.dll[0x7a3af3c0]: 2
D/Mono    ( 7162): Prepared to set up assembly 'Plugin.Geolocator.Abstractions' (Plugin.Geolocator.Abstractions.dll)
D/Mono    ( 7162): Assembly Plugin.Geolocator.Abstractions[0x7a3affd8] added to domain RootDomain, ref_count=1
D/Mono    ( 7162): AOT module 'Plugin.Geolocator.Abstractions.dll.so' not found: dlopen failed: library "/data/app-lib/com.careerbuilder.SugarDrone-1/libaot-Plugin.Geolocator.Abstractions.dll.so" not found
D/Mono    ( 7162): AOT module '/Users/builder/data/lanes/4009/f3074d2c/source/monodroid/builds/install/mono-armv6/lib/mono/aot-cache/arm/Plugin.Geolocator.Abstractions.dll.so' not found: dlopen failed: library "/data/app-lib/com.careerbuilder.SugarDrone-1/libaot-Plugin.Geolocator.Abstractions.dll.so" not found
D/Mono    ( 7162): Config attempting to parse: 'Plugin.Geolocator.Abstractions.dll.config'.
D/Mono    ( 7162): Config attempting to parse: '/Users/builder/data/lanes/4009/f3074d2c/source/monodroid/builds/install/mono-armv6/etc/mono/assemblies/Plugin.Geolocator.Abstractions/Plugin.Geolocator.Abstractions.config'.
D/Mono    ( 7162): Image addref Plugin.DeviceInfo[0x7a3b1350] -> Plugin.DeviceInfo.dll[0x7a3b06f0]: 2
D/Mono    ( 7162): Prepared to set up assembly 'Plugin.DeviceInfo' (Plugin.DeviceInfo.dll)
D/Mono    ( 7162): Assembly Plugin.DeviceInfo[0x7a3b1350] added to domain RootDomain, ref_count=1
D/Mono    ( 7162): AOT module 'Plugin.DeviceInfo.dll.so' not found: dlopen failed: library "/data/app-lib/com.careerbuilder.SugarDrone-1/libaot-Plugin.DeviceInfo.dll.so" not found
D/Mono    ( 7162): AOT module '/Users/builder/data/lanes/4009/f3074d2c/source/monodroid/builds/install/mono-armv6/lib/mono/aot-cache/arm/Plugin.DeviceInfo.dll.so' not found: dlopen failed: library "/data/app-lib/com.careerbuilder.SugarDrone-1/libaot-Plugin.DeviceInfo.dll.so" not found
D/Mono    ( 7162): Config attempting to parse: 'Plugin.DeviceInfo.dll.config'.
D/Mono    ( 7162): Config attempting to parse: '/Users/builder/data/lanes/4009/f3074d2c/source/monodroid/builds/install/mono-armv6/etc/mono/assemblies/Plugin.DeviceInfo/Plugin.DeviceInfo.config'.
D/Mono    ( 7162): Image addref Plugin.DeviceInfo.Abstractions[0x7a3b2540] -> Plugin.DeviceInfo.Abstractions.dll[0x7a3b18d0]: 2
D/Mono    ( 7162): Prepared to set up assembly 'Plugin.DeviceInfo.Abstractions' (Plugin.DeviceInfo.Abstractions.dll)
D/Mono    ( 7162): Assembly Plugin.DeviceInfo.Abstractions[0x7a3b2540] added to domain RootDomain, ref_count=1
D/Mono    ( 7162): AOT module 'Plugin.DeviceInfo.Abstractions.dll.so' not found: dlopen failed: library "/data/app-lib/com.careerbuilder.SugarDrone-1/libaot-Plugin.DeviceInfo.Abstractions.dll.so" not found
D/Mono    ( 7162): AOT module '/Users/builder/data/lanes/4009/f3074d2c/source/monodroid/builds/install/mono-armv6/lib/mono/aot-cache/arm/Plugin.DeviceInfo.Abstractions.dll.so' not found: dlopen failed: library "/data/app-lib/com.careerbuilder.SugarDrone-1/libaot-Plugin.DeviceInfo.Abstractions.dll.so" not found
D/Mono    ( 7162): Config attempting to parse: 'Plugin.DeviceInfo.Abstractions.dll.config'.
D/Mono    ( 7162): Config attempting to parse: '/Users/builder/data/lanes/4009/f3074d2c/source/monodroid/builds/install/mono-armv6/etc/mono/assemblies/Plugin.DeviceInfo.Abstractions/Plugin.DeviceInfo.Abstractions.config'.
D/Mono    ( 7162): Image addref Xamarin.GooglePlayServices.Analytics[0x7a3b3428] -> Xamarin.GooglePlayServices.Analytics.dll[0x7a3b2818]: 2
D/Mono    ( 7162): Prepared to set up assembly 'Xamarin.GooglePlayServices.Analytics' (Xamarin.GooglePlayServices.Analytics.dll)
D/Mono    ( 7162): Assembly Xamarin.GooglePlayServices.Analytics[0x7a3b3428] added to domain RootDomain, ref_count=1
D/Mono    ( 7162): AOT module 'Xamarin.GooglePlayServices.Analytics.dll.so' not found: dlopen failed: library "/data/app-lib/com.careerbuilder.SugarDrone-1/libaot-Xamarin.GooglePlayServices.Analytics.dll.so" not found
D/Mono    ( 7162): AOT module '/Users/builder/data/lanes/4009/f3074d2c/source/monodroid/builds/install/mono-armv6/lib/mono/aot-cache/arm/Xamarin.GooglePlayServices.Analytics.dll.so' not found: dlopen failed: library "/data/app-lib/com.careerbuilder.SugarDrone-1/libaot-Xamarin.GooglePlayServices.Analytics.dll.so" not found
D/Mono    ( 7162): Config attempting to parse: 'Xamarin.GooglePlayServices.Analytics.dll.config'.
D/Mono    ( 7162): Config attempting to parse: '/Users/builder/data/lanes/4009/f3074d2c/source/monodroid/builds/install/mono-armv6/etc/mono/assemblies/Xamarin.GooglePlayServices.Analytics/Xamarin.GooglePlayServices.Analytics.config'.
D/Mono    ( 7162): Image addref Xamarin.GooglePlayServices.Base[0x7a3b4180] -> Xamarin.GooglePlayServices.Base.dll[0x7a3b35c8]: 2
D/Mono    ( 7162): Prepared to set up assembly 'Xamarin.GooglePlayServices.Base' (Xamarin.GooglePlayServices.Base.dll)
D/Mono    ( 7162): Assembly Xamarin.GooglePlayServices.Base[0x7a3b4180] added to domain RootDomain, ref_count=1
