I/System.out( 7566): params: {json={"query":"* marked:'searchQueryField'","operation":{"method_name":"query","arguments":[]}}
I/System.out( 7566): }
W/ResourceType( 7566): No known package when getting name for resource number 0xffffffff
W/ResourceType( 7566): No known package when getting name for resource number 0xffffffff
W/ResourceType( 7566): No known package when getting name for resource number 0xffffffff
W/ResourceType( 7566): No known package when getting name for resource number 0xffffffff
W/ResourceType( 7566): No known package when getting name for resource number 0xffffffff
W/ResourceType( 7566): No known package when getting name for resource number 0xffffffff
W/ResourceType( 7566): No known package when getting name for resource number 0xffffffff
W/ResourceType( 7566): No known package when getting name for resource number 0xffffffff
W/ResourceType( 7566): No known package when getting name for resource number 0xffffffff
W/ResourceType( 7566): No known package when getting name for resource number 0xffffffff
W/ResourceType( 7566): No known package when getting name for resource number 0xffffffff
W/ResourceType( 7566): No known package when getting name for resource number 0xffffffff
W/ResourceType( 7566): No known package when getting name for resource number 0xffffffff
W/ResourceType( 7566): No known package when getting name for resource number 0xffffffff
W/ResourceType( 7566): No known package when getting name for resource number 0xffffffff
W/ResourceType( 7566): No known package when getting name for resource number 0xffffffff
W/ResourceType( 7566): No known package when getting name for resource number 0xffffffff
W/ResourceType( 7566): No known package when getting name for resource number 0xffffffff
W/ResourceType( 7566): No known package when getting name for resource number 0xffffffff
W/ResourceType( 7566): No known package when getting name for resource number 0xffffffff
W/ResourceType( 7566): No known package when getting name for resource number 0xffffffff
W/ResourceType( 7566): No known package when getting name for resource number 0xffffffff
W/ResourceType( 7566): No known package when getting name for resource number 0xffffffff
W/ResourceType( 7566): No known package when getting name for resource number 0xffffffff
W/ResourceType( 7566): No known package when getting name for resource number 0xffffffff
W/ResourceType( 7566): No known package when getting name for resource number 0xffffffff
W/ResourceType( 7566): No known package when getting name for resource number 0xffffffff
W/ResourceType( 7566): No known package when getting name for resource number 0xffffffff
W/ResourceType( 7566): No known package when getting name for resource number 0xffffffff
W/ResourceType( 7566): No known package when getting name for resource number 0xffffffff
W/ResourceType( 7566): No known package when getting name for resource number 0xffffffff
W/ResourceType( 7566): No known package when getting name for resource number 0xffffffff
W/ResourceType( 7566): No known package when getting name for resource number 0xffffffff
W/ResourceType( 7566): No known package when getting name for resource number 0xffffffff
W/ResourceType( 7566): No known package when getting name for resource number 0xffffffff
W/ResourceType( 7566): No known package when getting name for resource number 0xffffffff
W/ResourceType( 7566): No known package when getting name for resource number 0xffffffff
W/ResourceType( 7566): No known package when getting name for resource number 0xffffffff
W/ResourceType( 7566): No known package when getting name for resource number 0xffffffff
W/ResourceType( 7566): No known package when getting name for resource number 0xffffffff
W/ResourceType( 7566): No known package when getting name for resource number 0xffffffff
W/ResourceType( 7566): No known package when getting name for resource number 0xffffffff
W/ResourceType( 7566): No known package when getting name for resource number 0xffffffff
W/ResourceType( 7566): No known package when getting name for resource number 0xffffffff
W/ResourceType( 7566): No known package when getting name for resource number 0xffffffff
W/ResourceType( 7566): No known package when getting name for resource number 0xffffffff
W/ResourceType( 7566): No known package when getting name for resource number 0xffffffff
W/ResourceType( 7566): No known package when getting name for resource number 0xffffffff
W/ResourceType( 7566): No known package when getting name for resource number 0xffffffff
W/ResourceType( 7566): No known package when getting name for resource number 0xffffffff
W/ResourceType( 7566): No known package when getting name for resource number 0xffffffff
W/ResourceType( 7566): No known package when getting name for resource number 0xffffffff
W/ResourceType( 7566): No known package when getting name for resource number 0xffffffff
W/ResourceType( 7566): No known package when getting name for resource number 0xffffffff
W/ResourceType( 7566): No known package when getting name for resource number 0xffffffff
W/ResourceType( 7566): No known package when getting name for resource number 0xffffffff
W/ResourceType( 7566): No known package when getting name for resource number 0xffffffff
W/ResourceType( 7566): No known package when getting name for resource number 0xffffffff
W/ResourceType( 7566): No known package when getting name for resource number 0xffffffff
W/ResourceType( 7566): No known package when getting name for resource number 0xffffffff
W/ResourceType( 7566): No known package when getting name for resource number 0xffffffff
W/ResourceType( 7566): No known package when getting name for resource number 0xffffffff
W/ResourceType( 7566): No known package when getting name for resource number 0xffffffff
W/ResourceType( 7566): No known package when getting name for resource number 0xffffffff
W/ResourceType( 7566): No known package when getting name for resource number 0xffffffff
W/ResourceType( 7566): No known package when getting name for resource number 0xffffffff
W/ResourceType( 7566): No known package when getting name for resource number 0xffffffff
W/ResourceType( 7566): No known package when getting name for resource number 0xffffffff
W/ResourceType( 7566): No known package when getting name for resource number 0xffffffff
W/ResourceType( 7566): No known package when getting name for resource number 0xffffffff
W/ResourceType( 7566): No known package when getting name for resource number 0xffffffff
W/ResourceType( 7566): No known package when getting name for resource number 0xffffffff
W/ResourceType( 7566): No known package when getting name for resource number 0xffffffff
W/ResourceType( 7566): No known package when getting name for resource number 0xffffffff
W/ResourceType( 7566): No known package when getting name for resource number 0xffffffff
W/ResourceType( 7566): No known package when getting name for resource number 0xffffffff
W/ResourceType( 7566): No known package when getting name for resource number 0xffffffff
W/ResourceType( 7566): No known package when getting name for resource number 0xffffffff
D/dalvikvm( 7566): GC_CONCURRENT freed 2353K, 13% free 16579K/19036K, paused 3ms+3ms, total 47ms
D/dalvikvm( 7566): WAIT_FOR_CONCURRENT_GC blocked 15ms
I/System.out( 7566): URI: /map
I/System.out( 7566): params: {json={"query":"* marked:'searchQueryField'","operation":{"method_name":"query","arguments":[]}}
I/System.out( 7566): }
W/ResourceType( 7566): No known package when getting name for resource number 0xffffffff
W/ResourceType( 7566): No known package when getting name for resource number 0xffffffff
W/ResourceType( 7566): No known package when getting name for resource number 0xffffffff
W/ResourceType( 7566): No known package when getting name for resource number 0xffffffff
W/ResourceType( 7566): No known package when getting name for resource number 0xffffffff
W/ResourceType( 7566): No known package when getting name for resource number 0xffffffff
W/ResourceType( 7566): No known package when getting name for resource number 0xffffffff
W/ResourceType( 7566): No known package when getting name for resource number 0xffffffff
W/ResourceType( 7566): No known package when getting name for resource number 0xffffffff
W/ResourceType( 7566): No known package when getting name for resource number 0xffffffff
W/ResourceType( 7566): No known package when getting name for resource number 0xffffffff
W/ResourceType( 7566): No known package when getting name for resource number 0xffffffff
W/ResourceType( 7566): No known package when getting name for resource number 0xffffffff
W/ResourceType( 7566): No known package when getting name for resource number 0xffffffff
W/ResourceType( 7566): No known package when getting name for resource number 0xffffffff
W/ResourceType( 7566): No known package when getting name for resource number 0xffffffff
W/ResourceType( 7566): No known package when getting name for resource number 0xffffffff
W/ResourceType( 7566): No known package when getting name for resource number 0xffffffff
W/ResourceType( 7566): No known package when getting name for resource number 0xffffffff
W/ResourceType( 7566): No known package when getting name for resource number 0xffffffff
W/ResourceType( 7566): No known package when getting name for resource number 0xffffffff
W/ResourceType( 7566): No known package when getting name for resource number 0xffffffff
W/ResourceType( 7566): No known package when getting name for resource number 0xffffffff
W/ResourceType( 7566): No known package when getting name for resource number 0xffffffff
W/ResourceType( 7566): No known package when getting name for resource number 0xffffffff
W/ResourceType( 7566): No known package when getting name for resource number 0xffffffff
W/ResourceType( 7566): No known package when getting name for resource number 0xffffffff
W/ResourceType( 7566): No known package when getting name for resource number 0xffffffff
W/ResourceType( 7566): No known package when getting name for resource number 0xffffffff
W/ResourceType( 7566): No known package when getting name for resource number 0xffffffff
W/ResourceType( 7566): No known package when getting name for resource number 0xffffffff
W/ResourceType( 7566): No known package when getting name for resource number 0xffffffff
W/ResourceType( 7566): No known package when getting name for resource number 0xffffffff
W/ResourceType( 7566): No known package when getting name for resource number 0xffffffff
W/ResourceType( 7566): No known package when getting name for resource number 0xffffffff
W/ResourceType( 7566): No known package when getting name for resource number 0xffffffff
W/ResourceType( 7566): No known package when getting name for resource number 0xffffffff
W/ResourceType( 7566): No known package when getting name for resource number 0xffffffff
W/ResourceType( 7566): No known package when getting name for resource number 0xffffffff
W/ResourceType( 7566): No known package when getting name for resource number 0xffffffff
W/ResourceType( 7566): No known package when getting name for resource number 0xffffffff
W/ResourceType( 7566): No known package when getting name for resource number 0xffffffff
W/ResourceType( 7566): No known package when getting name for resource number 0xffffffff
W/ResourceType( 7566): No known package when getting name for resource number 0xffffffff
W/ResourceType( 7566): No known package when getting name for resource number 0xffffffff
W/ResourceType( 7566): No known package when getting name for resource number 0xffffffff
W/ResourceType( 7566): No known package when getting name for resource number 0xffffffff
W/ResourceType( 7566): No known package when getting name for resource number 0xffffffff
W/ResourceType( 7566): No known package when getting name for resource number 0xffffffff
W/ResourceType( 7566): No known package when getting name for resource number 0xffffffff
W/ResourceType( 7566): No known package when getting name for resource number 0xffffffff
W/ResourceType( 7566): No known package when getting name for resource number 0xffffffff
W/ResourceType( 7566): No known package when getting name for resource number 0xffffffff
W/ResourceType( 7566): No known package when getting name for resource number 0xffffffff
W/ResourceType( 7566): No known package when getting name for resource number 0xffffffff
W/ResourceType( 7566): No known package when getting name for resource number 0xffffffff
W/ResourceType( 7566): No known package when getting name for resource number 0xffffffff
W/ResourceType( 7566): No known package when getting name for resource number 0xffffffff
W/ResourceType( 7566): No known package when getting name for resource number 0xffffffff
W/ResourceType( 7566): No known package when getting name for resource number 0xffffffff
W/ResourceType( 7566): No known package when getting name for resource number 0xffffffff
W/ResourceType( 7566): No known package when getting name for resource number 0xffffffff
W/ResourceType( 7566): No known package when getting name for resource number 0xffffffff
W/ResourceType( 7566): No known package when getting name for resource number 0xffffffff
W/ResourceType( 7566): No known package when getting name for resource number 0xffffffff
W/ResourceType( 7566): No known package when getting name for resource number 0xffffffff
W/ResourceType( 7566): No known package when getting name for resource number 0xffffffff
W/ResourceType( 7566): No known package when getting name for resource number 0xffffffff
W/ResourceType( 7566): No known package when getting name for resource number 0xffffffff
W/ResourceType( 7566): No known package when getting name for resource number 0xffffffff
W/ResourceType( 7566): No known package when getting name for resource number 0xffffffff
W/ResourceType( 7566): No known package when getting name for resource number 0xffffffff
W/ResourceType( 7566): No known package when getting name for resource number 0xffffffff
W/ResourceType( 7566): No known package when getting name for resource number 0xffffffff
W/ResourceType( 7566): No known package when getting name for resource number 0xffffffff
W/ResourceType( 7566): No known package when getting name for resource number 0xffffffff
W/ResourceType( 7566): No known package when getting name for resource number 0xffffffff
W/ResourceType( 7566): No known package when getting name for resource number 0xffffffff
D/dalvikvm( 7566): GC_CONCURRENT freed 2543K, 14% free 16593K/19232K, paused 2ms+3ms, total 33ms
D/dalvikvm( 7566): WAIT_FOR_CONCURRENT_GC blocked 12ms
D/dalvikvm( 7566): WAIT_FOR_CONCURRENT_GC blocked 12ms
I/System.out( 7566): URI: /map
I/System.out( 7566): params: {json={"query":"* marked:'locationQueryField'","operation":{"method_name":"query","arguments":[]}}
I/System.out( 7566): }
W/ResourceType( 7566): No known package when getting name for resource number 0xffffffff
W/ResourceType( 7566): No known package when getting name for resource number 0xffffffff
W/ResourceType( 7566): No known package when getting name for resource number 0xffffffff
W/ResourceType( 7566): No known package when getting name for resource number 0xffffffff
W/ResourceType( 7566): No known package when getting name for resource number 0xffffffff
W/ResourceType( 7566): No known package when getting name for resource number 0xffffffff
W/ResourceType( 7566): No known package when getting name for resource number 0xffffffff
W/ResourceType( 7566): No known package when getting name for resource number 0xffffffff
W/ResourceType( 7566): No known package when getting name for resource number 0xffffffff
W/ResourceType( 7566): No known package when getting name for resource number 0xffffffff
W/ResourceType( 7566): No known package when getting name for resource number 0xffffffff
W/ResourceType( 7566): No known package when getting name for resource number 0xffffffff
W/ResourceType( 7566): No known package when getting name for resource number 0xffffffff
W/ResourceType( 7566): No known package when getting name for resource number 0xffffffff
W/ResourceType( 7566): No known package when getting name for resource number 0xffffffff
W/ResourceType( 7566): No known package when getting name for resource number 0xffffffff
W/ResourceType( 7566): No known package when getting name for resource number 0xffffffff
W/ResourceType( 7566): No known package when getting name for resource number 0xffffffff
W/ResourceType( 7566): No known package when getting name for resource number 0xffffffff
W/ResourceType( 7566): No known package when getting name for resource number 0xffffffff
W/ResourceType( 7566): No known package when getting name for resource number 0xffffffff
W/ResourceType( 7566): No known package when getting name for resource number 0xffffffff
W/ResourceType( 7566): No known package when getting name for resource number 0xffffffff
W/ResourceType( 7566): No known package when getting name for resource number 0xffffffff
W/ResourceType( 7566): No known package when getting name for resource number 0xffffffff
W/ResourceType( 7566): No known package when getting name for resource number 0xffffffff
W/ResourceType( 7566): No known package when getting name for resource number 0xffffffff
W/ResourceType( 7566): No known package when getting name for resource number 0xffffffff
W/ResourceType( 7566): No known package when getting name for resource number 0xffffffff
W/ResourceType( 7566): No known package when getting name for resource number 0xffffffff
W/ResourceType( 7566): No known package when getting name for resource number 0xffffffff
W/ResourceType( 7566): No known package when getting name for resource number 0xffffffff
W/ResourceType( 7566): No known package when getting name for resource number 0xffffffff
W/ResourceType( 7566): No known package when getting name for resource number 0xffffffff
W/ResourceType( 7566): No known package when getting name for resource number 0xffffffff
W/ResourceType( 7566): No known package when getting name for resource number 0xffffffff
W/ResourceType( 7566): No known package when getting name for resource number 0xffffffff
W/ResourceType( 7566): No known package when getting name for resource number 0xffffffff
W/ResourceType( 7566): No known package when getting name for resource number 0xffffffff
W/ResourceType( 7566): No known package when getting name for resource number 0xffffffff
W/ResourceType( 7566): No known package when getting name for resource number 0xffffffff
W/ResourceType( 7566): No known package when getting name for resource number 0xffffffff
W/ResourceType( 7566): No known package when getting name for resource number 0xffffffff
W/ResourceType( 7566): No known package when getting name for resource number 0xffffffff
W/ResourceType( 7566): No known package when getting name for resource number 0xffffffff
W/ResourceType( 7566): No known package when getting name for resource number 0xffffffff
W/ResourceType( 7566): No known package when getting name for resource number 0xffffffff
W/ResourceType( 7566): No known package when getting name for resource number 0xffffffff
W/ResourceType( 7566): No known package when getting name for resource number 0xffffffff
W/ResourceType( 7566): No known package when getting name for resource number 0xffffffff
W/ResourceType( 7566): No known package when getting name for resource number 0xffffffff
W/ResourceType( 7566): No known package when getting name for resource number 0xffffffff
W/ResourceType( 7566): No known package when getting name for resource number 0xffffffff
W/ResourceType( 7566): No known package when getting name for resource number 0xffffffff
W/ResourceType( 7566): No known package when getting name for resource number 0xffffffff
W/ResourceType( 7566): No known package when getting name for resource number 0xffffffff
W/ResourceType( 7566): No known package when getting name for resource number 0xffffffff
W/ResourceType( 7566): No known package when getting name for resource number 0xffffffff
W/ResourceType( 7566): No known package when getting name for resource number 0xffffffff
W/ResourceType( 7566): No known package when getting name for resource number 0xffffffff
W/ResourceType( 7566): No known package when getting name for resource number 0xffffffff
W/ResourceType( 7566): No known package when getting name for resource number 0xffffffff
W/ResourceType( 7566): No known package when getting name for resource number 0xffffffff
W/ResourceType( 7566): No known package when getting name for resource number 0xffffffff
W/ResourceType( 7566): No known package when getting name for resource number 0xffffffff
W/ResourceType( 7566): No known package when getting name for resource number 0xffffffff
W/ResourceType( 7566): No known package when getting name for resource number 0xffffffff
W/ResourceType( 7566): No known package when getting name for resource number 0xffffffff
W/ResourceType( 7566): No known package when getting name for resource number 0xffffffff
W/ResourceType( 7566): No known package when getting name for resource number 0xffffffff
W/ResourceType( 7566): No known package when getting name for resource number 0xffffffff
W/ResourceType( 7566): No known package when getting name for resource number 0xffffffff
W/ResourceType( 7566): No known package when getting name for resource number 0xffffffff
D/dalvikvm( 7566): GC_CONCURRENT freed 2521K, 14% free 16605K/19232K, paused 3ms+4ms, total 46ms
W/ResourceType( 7566): No known package when getting name for resource number 0xffffffff
W/ResourceType( 7566): No known package when getting name for resource number 0xffffffff
W/ResourceType( 7566): No known package when getting name for resource number 0xffffffff
W/ResourceType( 7566): No known package when getting name for resource number 0xffffffff
W/ResourceType( 7566): No known package when getting name for resource number 0xffffffff
I/System.out( 7566): URI: /map
I/System.out( 7566): params: {json={"query":"* marked:'locationQueryField'","operation":{"method_name":"query","arguments":[]}}
I/System.out( 7566): }
W/ResourceType( 7566): No known package when getting name for resource number 0xffffffff
W/ResourceType( 7566): No known package when getting name for resource number 0xffffffff
W/ResourceType( 7566): No known package when getting name for resource number 0xffffffff
W/ResourceType( 7566): No known package when getting name for resource number 0xffffffff
W/ResourceType( 7566): No known package when getting name for resource number 0xffffffff
W/ResourceType( 7566): No known package when getting name for resource number 0xffffffff
W/ResourceType( 7566): No known package when getting name for resource number 0xffffffff
W/ResourceType( 7566): No known package when getting name for resource number 0xffffffff
W/ResourceType( 7566): No known package when getting name for resource number 0xffffffff
W/ResourceType( 7566): No known package when getting name for resource number 0xffffffff
W/ResourceType( 7566): No known package when getting name for resource number 0xffffffff
W/ResourceType( 7566): No known package when getting name for resource number 0xffffffff
W/ResourceType( 7566): No known package when getting name for resource number 0xffffffff
W/ResourceType( 7566): No known package when getting name for resource number 0xffffffff
W/ResourceType( 7566): No known package when getting name for resource number 0xffffffff
W/ResourceType( 7566): No known package when getting name for resource number 0xffffffff
W/ResourceType( 7566): No known package when getting name for resource number 0xffffffff
W/ResourceType( 7566): No known package when getting name for resource number 0xffffffff
W/ResourceType( 7566): No known package when getting name for resource number 0xffffffff
W/ResourceType( 7566): No known package when getting name for resource number 0xffffffff
W/ResourceType( 7566): No known package when getting name for resource number 0xffffffff
W/ResourceType( 7566): No known package when getting name for resource number 0xffffffff
W/ResourceType( 7566): No known package when getting name for resource number 0xffffffff
W/ResourceType( 7566): No known package when getting name for resource number 0xffffffff
W/ResourceType( 7566): No known package when getting name for resource number 0xffffffff
W/ResourceType( 7566): No known package when getting name for resource number 0xffffffff
W/ResourceType( 7566): No known package when getting name for resource number 0xffffffff
W/ResourceType( 7566): No known package when getting name for resource number 0xffffffff
W/ResourceType( 7566): No known package when getting name for resource number 0xffffffff
W/ResourceType( 7566): No known package when getting name for resource number 0xffffffff
W/ResourceType( 7566): No known package when getting name for resource number 0xffffffff
W/ResourceType( 7566): No known package when getting name for resource number 0xffffffff
W/ResourceType( 7566): No known package when getting name for resource number 0xffffffff
W/ResourceType( 7566): No known package when getting name for resource number 0xffffffff
W/ResourceType( 7566): No known package when getting name for resource number 0xffffffff
W/ResourceType( 7566): No known package when getting name for resource number 0xffffffff
W/ResourceType( 7566): No known package when getting name for resource number 0xffffffff
W/ResourceType( 7566): No known package when getting name for resource number 0xffffffff
W/ResourceType( 7566): No known package when getting name for resource number 0xffffffff
W/ResourceType( 7566): No known package when getting name for resource number 0xffffffff
W/ResourceType( 7566): No known package when getting name for resource number 0xffffffff
W/ResourceType( 7566): No known package when getting name for resource number 0xffffffff
W/ResourceType( 7566): No known package when getting name for resource number 0xffffffff
W/ResourceType( 7566): No known package when getting name for resource number 0xffffffff
W/ResourceType( 7566): No known package when getting name for resource number 0xffffffff
W/ResourceType( 7566): No known package when getting name for resource number 0xffffffff
W/ResourceType( 7566): No known package when getting name for resource number 0xffffffff
W/ResourceType( 7566): No known package when getting name for resource number 0xffffffff
W/ResourceType( 7566): No known package when getting name for resource number 0xffffffff
W/ResourceType( 7566): No known package when getting name for resource number 0xffffffff
W/ResourceType( 7566): No known package when getting name for resource number 0xffffffff
W/ResourceType( 7566): No known package when getting name for resource number 0xffffffff
W/ResourceType( 7566): No known package when getting name for resource number 0xffffffff
W/ResourceType( 7566): No known package when getting name for resource number 0xffffffff
W/ResourceType( 7566): No known package when getting name for resource number 0xffffffff
W/ResourceType( 7566): No known package when getting name for resource number 0xffffffff
W/ResourceType( 7566): No known package when getting name for resource number 0xffffffff
W/ResourceType( 7566): No known package when getting name for resource number 0xffffffff
W/ResourceType( 7566): No known package when getting name for resource number 0xffffffff
W/ResourceType( 7566): No known package when getting name for resource number 0xffffffff
W/ResourceType( 7566): No known package when getting name for resource number 0xffffffff
W/ResourceType( 7566): No known package when getting name for resource number 0xffffffff
W/ResourceType( 7566): No known package when getting name for resource number 0xffffffff
D/dalvikvm( 7566): GC_CONCURRENT freed 2488K, 14% free 16584K/19232K, paused 2ms+5ms, total 37ms
W/ResourceType( 7566): No known package when getting name for resource number 0xffffffff
W/ResourceType( 7566): No known package when getting name for resource number 0xffffffff
W/ResourceType( 7566): No known package when getting name for resource number 0xffffffff
W/ResourceType( 7566): No known package when getting name for resource number 0xffffffff
W/ResourceType( 7566): No known package when getting name for resource number 0xffffffff
W/ResourceType( 7566): No known package when getting name for resource number 0xffffffff
W/ResourceType( 7566): No known package when getting name for resource number 0xffffffff
W/ResourceType( 7566): No known package when getting name for resource number 0xffffffff
W/ResourceType( 7566): No known package when getting name for resource number 0xffffffff
W/ResourceType( 7566): No known package when getting name for resource number 0xffffffff
W/ResourceType( 7566): No known package when getting name for resource number 0xffffffff
W/ResourceType( 7566): No known package when getting name for resource number 0xffffffff
W/ResourceType( 7566): No known package when getting name for resource number 0xffffffff
W/ResourceType( 7566): No known package when getting name for resource number 0xffffffff
W/ResourceType( 7566): No known package when getting name for resource number 0xffffffff
D/Mono    ( 7566): [0x7e915110] hill climbing, change max number of threads 5
I/System.out( 7566): URI: /
I/System.out( 7566): params: {json={"command":"touch_coordinate","arguments":[644.0,346.0]}
I/System.out( 7566): }
I/System.out( 7566): header: {content-length=56, host=devicehost129.prod, x-session-token=token-token-6ac92d50-d9f5-4337-bc55-8c3ca4bcb15c, x-forwarded-for=10.222.150.26, content-type=application/json; charset=utf-8, connection=close}
I/System.out( 7566): params: {json={"command":"touch_coordinate","arguments":[644.0,346.0]}
I/System.out( 7566): }
I/System.out( 7566): ProP json = {"command":"touch_coordinate","arguments":[644.0,346.0]}
I/System.out( 7566): files: {}
I/System.out( 7566): command: {"command":"touch_coordinate","arguments":[644.0,346.0]}
I/InstrumentationBackend( 7566): Got command:'Command:'Line:null,touch_coordinate', arguments:'[644.0, 346.0]'
D/Mono    ( 7566): DllImport searching in: '__Internal' ('(null)').
D/Mono    ( 7566): Searching for 'java_interop_jnienv_call_nonvirtual_float_method_a'.
D/Mono    ( 7566): Probing 'java_interop_jnienv_call_nonvirtual_float_method_a'.
D/Mono    ( 7566): Found as 'java_interop_jnienv_call_nonvirtual_float_method_a'.
I/System.out( 7566): result:{"bonusInformation":[],"message":"","success":true}
D/dalvikvm(  725): GC_CONCURRENT freed 274K, 4% free 9511K/9816K, paused 3ms+2ms, total 28ms
I/ResourceUtils(  725): Found default value: resource=phantom_sudden_move_event_device_list build=[HARDWARE=flo MODEL=Nexus 7 BRAND=google MANUFACTURER=asus] default=false
I/ResourceUtils(  725): Found default value: resource=keyboard_heights build=[HARDWARE=flo MODEL=Nexus 7 BRAND=google MANUFACTURER=asus] default=
W/SubtypeSwitcher(  725): Can't find Emoji subtype
W/SubtypeSwitcher(  725): No input method subtype found; return dummy subtype: android.view.inputmethod.InputMethodSubtype@d78b2ed0
D/dalvikvm(  725): GC_CONCURRENT freed 95K, 3% free 9815K/10024K, paused 3ms+1ms, total 35ms
D/dalvikvm(  725): WAIT_FOR_CONCURRENT_GC blocked 8ms
D/dalvikvm(  725): GC_FOR_ALLOC freed 113K, 3% free 9846K/10060K, paused 13ms, total 13ms
D/dalvikvm(  725): GC_CONCURRENT freed 381K, 5% free 9920K/10368K, paused 2ms+2ms, total 28ms
D/dalvikvm(  725): GC_CONCURRENT freed 51K, 1% free 10327K/10408K, paused 2ms+3ms, total 26ms
I/System.out( 7566): URI: /
I/System.out( 7566): params: {json={"command":"keyboard_enter_text","arguments":["words"]}
I/System.out( 7566): }
I/System.out( 7566): header: {content-length=55, host=devicehost129.prod, x-session-token=token-token-6ac92d50-d9f5-4337-bc55-8c3ca4bcb15c, x-forwarded-for=10.222.150.26, content-type=application/json; charset=utf-8, connection=close}
I/System.out( 7566): params: {json={"command":"keyboard_enter_text","arguments":["words"]}
I/System.out( 7566): }
I/System.out( 7566): ProP json = {"command":"keyboard_enter_text","arguments":["words"]}
I/System.out( 7566): files: {}
I/System.out( 7566): command: {"command":"keyboard_enter_text","arguments":["words"]}
D/dalvikvm(  725): GC_FOR_ALLOC freed 499K, 5% free 10052K/10580K, paused 14ms, total 14ms
I/dalvikvm-heap(  725): Grow heap (frag case) to 10.190MB for 364560-byte allocation
I/InstrumentationBackend( 7566): Got command:'Command:'Line:null,keyboard_enter_text', arguments:'[words]'
E/SpannableStringBuilder( 7566): SPAN_EXCLUSIVE_EXCLUSIVE spans cannot have a zero length
E/SpannableStringBuilder( 7566): SPAN_EXCLUSIVE_EXCLUSIVE spans cannot have a zero length
D/dalvikvm(  725): GC_FOR_ALLOC freed 3K, 5% free 10405K/10940K, paused 19ms, total 20ms
I/mono-stdout( 7566): uri is: https://api.careerbuilder.com/core/matrixsearch/searchapi/autocomplete/autocomplete/us_location?phrase=wor&DeveloperKey=WDHR8FC6P2JZ1Y61KLM5
I/mono-stdout( 7566): uri is: https://api.careerbuilder.com/core/matrixsearch/searchapi/autocomplete/autocomplete/us_location?phrase=wo&DeveloperKey=WDHR8FC6P2JZ1Y61KLM5
I/mono-stdout( 7566): uri is: https://api.careerbuilder.com/core/matrixsearch/searchapi/autocomplete/autocomplete/us_location?phrase=word&DeveloperKey=WDHR8FC6P2JZ1Y61KLM5
I/mono-stdout( 7566): making api call to: /core/matrixsearch/searchapi/autocomplete/autocomplete/us_location?phrase=word&DeveloperKey=WDHR8FC6P2JZ1Y61KLM5
I/mono-stdout( 7566): making api call to: /core/matrixsearch/searchapi/autocomplete/autocomplete/us_location?phrase=wo&DeveloperKey=WDHR8FC6P2JZ1Y61KLM5
D/dalvikvm(  725): GC_FOR_ALLOC freed 570K, 8% free 10101K/10940K, paused 15ms, total 15ms
I/mono-stdout( 7566): making api call to: /core/matrixsearch/searchapi/autocomplete/autocomplete/us_location?phrase=wor&DeveloperKey=WDHR8FC6P2JZ1Y61KLM5
I/mono-stdout( 7566): uri is: https://api.careerbuilder.com/core/matrixsearch/searchapi/autocomplete/autocomplete/us_location?phrase=words&DeveloperKey=WDHR8FC6P2JZ1Y61KLM5
E/SpannableStringBuilder( 7566): SPAN_EXCLUSIVE_EXCLUSIVE spans cannot have a zero length
E/SpannableStringBuilder( 7566): SPAN_EXCLUSIVE_EXCLUSIVE spans cannot have a zero length
I/mono-stdout( 7566): making api call to: /core/matrixsearch/searchapi/autocomplete/autocomplete/us_location?phrase=words&DeveloperKey=WDHR8FC6P2JZ1Y61KLM5
D/dalvikvm(  725): GC_CONCURRENT freed 398K, 7% free 10215K/10940K, paused 2ms+3ms, total 41ms
D/dalvikvm(  725): WAIT_FOR_CONCURRENT_GC blocked 4ms
I/System.out( 7566): result:{"bonusInformation":[],"message":"","success":true}
D/dalvikvm(  725): GC_FOR_ALLOC freed 89K, 8% free 10163K/10940K, paused 16ms, total 16ms
I/dalvikvm-heap(  725): Grow heap (frag case) to 10.365MB for 434192-byte allocation
D/dalvikvm(  725): GC_CONCURRENT freed 2K, 7% free 10584K/11368K, paused 3ms+2ms, total 18ms
D/dalvikvm(  725): WAIT_FOR_CONCURRENT_GC blocked 16ms
D/dalvikvm(  725): GC_CONCURRENT freed 688K, 9% free 10421K/11368K, paused 1ms+3ms, total 19ms
D/dalvikvm(  725): WAIT_FOR_CONCURRENT_GC blocked 11ms
W/ViewPager(  725): Requested offscreen page limit 0 too small; defaulting to 1
I/System.out( 7566): URI: /map
I/System.out( 7566): params: {json={"query":"* marked:'text1'","operation":{"method_name":"query","arguments":[]}}
I/System.out( 7566): }
D/dalvikvm( 7566): GC_CONCURRENT freed 2550K, 14% free 16590K/19236K, paused 2ms+2ms, total 30ms
D/dalvikvm( 7566): WAIT_FOR_CONCURRENT_GC blocked 11ms
D/dalvikvm( 7566): WAIT_FOR_CONCURRENT_GC blocked 15ms
D/dalvikvm(  725): GC_CONCURRENT freed 232K, 7% free 10572K/11368K, paused 2ms+2ms, total 19ms
W/ResourceType( 7566): No known package when getting name for resource number 0xffffffff
W/ResourceType( 7566): No known package when getting name for resource number 0xffffffff
W/ResourceType( 7566): No known package when getting name for resource number 0xffffffff
W/ResourceType( 7566): No known package when getting name for resource number 0xffffffff
W/ResourceType( 7566): No known package when getting name for resource number 0xffffffff
W/ResourceType( 7566): No known package when getting name for resource number 0xffffffff
W/ResourceType( 7566): No known package when getting name for resource number 0xffffffff
W/ResourceType( 7566): No known package when getting name for resource number 0xffffffff
W/ResourceType( 7566): No known package when getting name for resource number 0xffffffff
I/Adreno-EGL(  725): <qeglDrvAPI_eglInitialize:320>: EGL 1.4 QUALCOMM Build: I0404c4692afb8623f95c43aeb6d5e13ed4b30ddbDate: 11/06/13
W/ResourceType( 7566): No known package when getting name for resource number 0xffffffff
W/ResourceType( 7566): No known package when getting name for resource number 0xffffffff
W/ResourceType( 7566): No known package when getting name for resource number 0xffffffff
W/ResourceType( 7566): No known package when getting name for resource number 0xffffffff
W/ResourceType( 7566): No known package when getting name for resource number 0xffffffff
W/ResourceType( 7566): No known package when getting name for resource number 0xffffffff
W/ResourceType( 7566): No known package when getting name for resource number 0xffffffff
W/ResourceType( 7566): No known package when getting name for resource number 0xffffffff
W/ResourceType( 7566): No known package when getting name for resource number 0xffffffff
W/ResourceType( 7566): No known package when getting name for resource number 0xffffffff
W/ResourceType( 7566): No known package when getting name for resource number 0xffffffff
W/ResourceType( 7566): No known package when getting name for resource number 0xffffffff
W/ResourceType( 7566): No known package when getting name for resource number 0xffffffff
W/ResourceType( 7566): No known package when getting name for resource number 0xffffffff
W/ResourceType( 7566): No known package when getting name for resource number 0xffffffff
W/ResourceType( 7566): No known package when getting name for resource number 0xffffffff
W/ResourceType( 7566): No known package when getting name for resource number 0xffffffff
W/ResourceType( 7566): No known package when getting name for resource number 0xffffffff
D/OpenGLRenderer(  725): Enabling debug mode 0
W/ResourceType( 7566): No known package when getting name for resource number 0xffffffff
W/ResourceType( 7566): No known package when getting name for resource number 0xffffffff
W/ResourceType( 7566): No known package when getting name for resource number 0xffffffff
W/ResourceType( 7566): No known package when getting name for resource number 0xffffffff
W/ResourceType( 7566): No known package when getting name for resource number 0xffffffff
W/ResourceType( 7566): No known package when getting name for resource number 0xffffffff
W/ResourceType( 7566): No known package when getting name for resource number 0xffffffff
W/ResourceType( 7566): No known package when getting name for resource number 0xffffffff
W/ResourceType( 7566): No known package when getting name for resource number 0xffffffff
W/ResourceType( 7566): No known package when getting name for resource number 0xffffffff
W/ResourceType( 7566): No known package when getting name for resource number 0xffffffff
W/ResourceType( 7566): No known package when getting name for resource number 0xffffffff
W/ResourceType( 7566): No known package when getting name for resource number 0xffffffff
W/ResourceType( 7566): No known package when getting name for resource number 0xffffffff
W/ResourceType( 7566): No known package when getting name for resource number 0xffffffff
W/ResourceType( 7566): No known package when getting name for resource number 0xffffffff
W/ResourceType( 7566): No known package when getting name for resource number 0xffffffff
W/ResourceType( 7566): No known package when getting name for resource number 0xffffffff
W/ResourceType( 7566): No known package when getting name for resource number 0xffffffff
W/ResourceType( 7566): No known package when getting name for resource number 0xffffffff
W/ResourceType( 7566): No known package when getting name for resource number 0xffffffff
W/ResourceType( 7566): No known package when getting name for resource number 0xffffffff
W/ResourceType( 7566): No known package when getting name for resource number 0xffffffff
W/ResourceType( 7566): No known package when getting name for resource number 0xffffffff
W/ResourceType( 7566): No known package when getting name for resource number 0xffffffff
W/ResourceType( 7566): No known package when getting name for resource number 0xffffffff
W/ResourceType( 7566): No known package when getting name for resource number 0xffffffff
I/mono-stdout( 7566): done making call to: /core/matrixsearch/searchapi/autocomplete/autocomplete/us_location?phrase=word&DeveloperKey=WDHR8FC6P2JZ1Y61KLM5
I/mono-stdout( 7566): done making call to: /core/matrixsearch/searchapi/autocomplete/autocomplete/us_location?phrase=wo&DeveloperKey=WDHR8FC6P2JZ1Y61KLM5
W/ResourceType( 7566): No known package when getting name for resource number 0xffffffff
W/ResourceType( 7566): No known package when getting name for resource number 0xffffffff
I/mono-stdout( 7566): done making call to: /core/matrixsearch/searchapi/autocomplete/autocomplete/us_location?phrase=wor&DeveloperKey=WDHR8FC6P2JZ1Y61KLM5
I/mono-stdout( 7566): done making call to: /core/matrixsearch/searchapi/autocomplete/autocomplete/us_location?phrase=words&DeveloperKey=WDHR8FC6P2JZ1Y61KLM5
W/ResourceType( 7566): No known package when getting name for resource number 0xffffffff
W/ResourceType( 7566): No known package when getting name for resource number 0xffffffff
W/ResourceType( 7566): No known package when getting name for resource number 0xffffffff
W/ResourceType( 7566): No known package when getting name for resource number 0xffffffff
W/ResourceType( 7566): No known package when getting name for resource number 0xffffffff
W/ResourceType( 7566): No known package when getting name for resource number 0xffffffff
W/ResourceType( 7566): No known package when getting name for resource number 0xffffffff
W/ResourceType( 7566): No known package when getting name for resource number 0xffffffff
W/ResourceType( 7566): No known package when getting name for resource number 0xffffffff
W/ResourceType( 7566): No known package when getting name for resource number 0xffffffff
W/ResourceType( 7566): No known package when getting name for resource number 0xffffffff
W/ResourceType( 7566): No known package when getting name for resource number 0xffffffff
W/ResourceType( 7566): No known package when getting name for resource number 0xffffffff
W/ResourceType( 7566): No known package when getting name for resource number 0xffffffff
W/ResourceType( 7566): No known package when getting name for resource number 0xffffffff
W/ResourceType( 7566): No known package when getting name for resource number 0xffffffff
W/ResourceType( 7566): No known package when getting name for resource number 0xffffffff
W/ResourceType( 7566): No known package when getting name for resource number 0xffffffff
W/ResourceType( 7566): No known package when getting name for resource number 0xffffffff
W/ResourceType( 7566): No known package when getting name for resource number 0xffffffff
W/ResourceType( 7566): No known package when getting name for resource number 0xffffffff
W/ResourceType( 7566): No known package when getting name for resource number 0xffffffff
E/RecyclerView( 7566): No adapter attached; skipping layout
I/System.out( 7566): URI: /map
I/System.out( 7566): params: {json={"query":"* marked:'text1'","operation":{"method_name":"query","arguments":[]}}
I/System.out( 7566): }
D/dalvikvm( 7566): GC_CONCURRENT freed 2545K, 14% free 16603K/19244K, paused 3ms+3ms, total 39ms
D/dalvikvm( 7566): WAIT_FOR_CONCURRENT_GC blocked 12ms
W/ResourceType( 7566): No known package when getting name for resource number 0xffffffff
W/ResourceType( 7566): No known package when getting name for resource number 0xffffffff
W/ResourceType( 7566): No known package when getting name for resource number 0xffffffff
W/ResourceType( 7566): No known package when getting name for resource number 0xffffffff
W/ResourceType( 7566): No known package when getting name for resource number 0xffffffff
W/ResourceType( 7566): No known package when getting name for resource number 0xffffffff
W/ResourceType( 7566): No known package when getting name for resource number 0xffffffff
W/ResourceType( 7566): No known package when getting name for resource number 0xffffffff
W/ResourceType( 7566): No known package when getting name for resource number 0xffffffff
W/ResourceType( 7566): No known package when getting name for resource number 0xffffffff
W/ResourceType( 7566): No known package when getting name for resource number 0xffffffff
W/ResourceType( 7566): No known package when getting name for resource number 0xffffffff
W/ResourceType( 7566): No known package when getting name for resource number 0xffffffff
W/ResourceType( 7566): No known package when getting name for resource number 0xffffffff
W/ResourceType( 7566): No known package when getting name for resource number 0xffffffff
W/ResourceType( 7566): No known package when getting name for resource number 0xffffffff
W/ResourceType( 7566): No known package when getting name for resource number 0xffffffff
W/ResourceType( 7566): No known package when getting name for resource number 0xffffffff
W/ResourceType( 7566): No known package when getting name for resource number 0xffffffff
W/ResourceType( 7566): No known package when getting name for resource number 0xffffffff
W/ResourceType( 7566): No known package when getting name for resource number 0xffffffff
W/ResourceType( 7566): No known package when getting name for resource number 0xffffffff
W/ResourceType( 7566): No known package when getting name for resource number 0xffffffff
W/ResourceType( 7566): No known package when getting name for resource number 0xffffffff
W/ResourceType( 7566): No known package when getting name for resource number 0xffffffff
W/ResourceType( 7566): No known package when getting name for resource number 0xffffffff
W/ResourceType( 7566): No known package when getting name for resource number 0xffffffff
W/ResourceType( 7566): No known package when getting name for resource number 0xffffffff
W/ResourceType( 7566): No known package when getting name for resource number 0xffffffff
W/ResourceType( 7566): No known package when getting name for resource number 0xffffffff
W/ResourceType( 7566): No known package when getting name for resource number 0xffffffff
W/ResourceType( 7566): No known package when getting name for resource number 0xffffffff
W/ResourceType( 7566): No known package when getting name for resource number 0xffffffff
W/ResourceType( 7566): No known package when getting name for resource number 0xffffffff
W/ResourceType( 7566): No known package when getting name for resource number 0xffffffff
W/ResourceType( 7566): No known package when getting name for resource number 0xffffffff
W/ResourceType( 7566): No known package when getting name for resource number 0xffffffff
W/ResourceType( 7566): No known package when getting name for resource number 0xffffffff
W/ResourceType( 7566): No known package when getting name for resource number 0xffffffff
W/ResourceType( 7566): No known package when getting name for resource number 0xffffffff
W/ResourceType( 7566): No known package when getting name for resource number 0xffffffff
W/ResourceType( 7566): No known package when getting name for resource number 0xffffffff
W/ResourceType( 7566): No known package when getting name for resource number 0xffffffff
W/ResourceType( 7566): No known package when getting name for resource number 0xffffffff
W/ResourceType( 7566): No known package when getting name for resource number 0xffffffff
W/ResourceType( 7566): No known package when getting name for resource number 0xffffffff
W/ResourceType( 7566): No known package when getting name for resource number 0xffffffff
W/ResourceType( 7566): No known package when getting name for resource number 0xffffffff
W/ResourceType( 7566): No known package when getting name for resource number 0xffffffff
W/ResourceType( 7566): No known package when getting name for resource number 0xffffffff
W/ResourceType( 7566): No known package when getting name for resource number 0xffffffff
W/ResourceType( 7566): No known package when getting name for resource number 0xffffffff
W/ResourceType( 7566): No known package when getting name for resource number 0xffffffff
W/ResourceType( 7566): No known package when getting name for resource number 0xffffffff
W/ResourceType( 7566): No known package when getting name for resource number 0xffffffff
W/ResourceType( 7566): No known package when getting name for resource number 0xffffffff
W/ResourceType( 7566): No known package when getting name for resource number 0xffffffff
W/ResourceType( 7566): No known package when getting name for resource number 0xffffffff
W/ResourceType( 7566): No known package when getting name for resource number 0xffffffff
W/ResourceType( 7566): No known package when getting name for resource number 0xffffffff
W/ResourceType( 7566): No known package when getting name for resource number 0xffffffff
W/ResourceType( 7566): No known package when getting name for resource number 0xffffffff
W/ResourceType( 7566): No known package when getting name for resource number 0xffffffff
W/ResourceType( 7566): No known package when getting name for resource number 0xffffffff
W/ResourceType( 7566): No known package when getting name for resource number 0xffffffff
W/ResourceType( 7566): No known package when getting name for resource number 0xffffffff
W/ResourceType( 7566): No known package when getting name for resource number 0xffffffff
W/ResourceType( 7566): No known package when getting name for resource number 0xffffffff
W/ResourceType( 7566): No known package when getting name for resource number 0xffffffff
W/ResourceType( 7566): No known package when getting name for resource number 0xffffffff
W/ResourceType( 7566): No known package when getting name for resource number 0xffffffff
I/System.out( 7566): URI: /map
I/System.out( 7566): params: {json={"query":"* marked:'text1'","operation":{"method_name":"query","arguments":[]}}
