<![CDATA[
]]><xtc-scenario name="[0-1026]CareerBuilder_Search.DroidFeatureTests.JDPTests.LocationButtonShouldBeVisible" id="[0-1026]CareerBuilder_Search.DroidFeatureTests.JDPTests.LocationButtonShouldBeVisible"><![CDATA[

]]><xtc-step name="[0-1026]CareerBuilder_Search.DroidFeatureTests.JDPTests.LocationButtonShouldBeVisible-LocationButtonShouldBeVisible" id="[0-1026]CareerBuilder_Search.DroidFeatureTests.JDPTests.LocationButtonShouldBeVisible-LocationButtonShouldBeVisible"><![CDATA[
D/AndroidRuntime( 5142): 
D/AndroidRuntime( 5142): >>>>>> AndroidRuntime START com.android.internal.os.RuntimeInit <<<<<<
D/AndroidRuntime( 5142): CheckJNI is OFF
D/dalvikvm( 5142): Trying to load lib libjavacore.so 0x0
D/dalvikvm( 5142): Added shared lib libjavacore.so 0x0
D/dalvikvm( 5142): Trying to load lib libnativehelper.so 0x0
D/dalvikvm( 5142): Added shared lib libnativehelper.so 0x0
D/dalvikvm( 5142): No JNI_OnLoad found in libnativehelper.so 0x0, skipping init
D/dalvikvm( 5142): Note: class Landroid/app/ActivityManagerNative; has 179 unimplemented (abstract) methods
D/AndroidRuntime( 5142): Calling main entry com.android.commands.pm.Pm
D/AndroidRuntime( 5142): Shutting down VM
D/dalvikvm( 5142): GC_CONCURRENT freed 248K, 31% free 567K/816K, paused 1ms+0ms, total 3ms
D/AndroidRuntime( 5332): 
D/AndroidRuntime( 5332): >>>>>> AndroidRuntime START com.android.internal.os.RuntimeInit <<<<<<
D/AndroidRuntime( 5332): CheckJNI is OFF
D/dalvikvm( 5332): Trying to load lib libjavacore.so 0x0
D/dalvikvm( 5332): Added shared lib libjavacore.so 0x0
D/dalvikvm( 5332): Trying to load lib libnativehelper.so 0x0
D/dalvikvm( 5332): Added shared lib libnativehelper.so 0x0
D/dalvikvm( 5332): No JNI_OnLoad found in libnativehelper.so 0x0, skipping init
D/dalvikvm( 5332): Note: class Landroid/app/ActivityManagerNative; has 179 unimplemented (abstract) methods
D/AndroidRuntime( 5332): Calling main entry com.android.commands.am.Am
D/AndroidRuntime( 5332): Shutting down VM
D/dalvikvm( 5332): GC_CONCURRENT freed 93K, 15% free 553K/648K, paused 1ms+1ms, total 3ms
--------- beginning of /dev/log/system
W/ActivityManager(  575): Invalid packageName: com.careerbuilder.SugarDrone
D/AndroidRuntime( 5940): 
D/AndroidRuntime( 5940): >>>>>> AndroidRuntime START com.android.internal.os.RuntimeInit <<<<<<
D/AndroidRuntime( 5940): CheckJNI is OFF
D/dalvikvm( 5940): Trying to load lib libjavacore.so 0x0
D/dalvikvm( 5940): Added shared lib libjavacore.so 0x0
D/dalvikvm( 5940): Trying to load lib libnativehelper.so 0x0
D/dalvikvm( 5940): Added shared lib libnativehelper.so 0x0
D/dalvikvm( 5940): No JNI_OnLoad found in libnativehelper.so 0x0, skipping init
D/dalvikvm( 5940): Note: class Landroid/app/ActivityManagerNative; has 179 unimplemented (abstract) methods
D/AndroidRuntime( 5940): Calling main entry com.android.commands.pm.Pm
W/ActivityManager(  575): No content provider found for permission revoke: file:///data/local/tmp/0000001678
W/ActivityManager(  575): No content provider found for permission revoke: file:///data/local/tmp/0000001678
I/PackageManager(  575): Copying native libraries to /data/app-lib/vmdl-642764547
D/dalvikvm(  575): GC_FOR_ALLOC freed 932K, 12% free 19990K/22676K, paused 62ms, total 62ms
D/dalvikvm(  575): GC_FOR_ALLOC freed 565K, 12% free 20170K/22776K, paused 61ms, total 61ms
D/dalvikvm(  575): GC_CONCURRENT freed 2065K, 10% free 20904K/23012K, paused 3ms+6ms, total 75ms
D/dalvikvm(  575): WAIT_FOR_CONCURRENT_GC blocked 67ms
D/dalvikvm(  575): GC_FOR_ALLOC freed 2767K, 13% free 20929K/23924K, paused 74ms, total 75ms
D/dalvikvm(  575): GC_FOR_ALLOC freed 2824K, 13% free 20949K/23960K, paused 72ms, total 72ms
D/dalvikvm(  575): GC_CONCURRENT freed 2852K, 13% free 20992K/23984K, paused 3ms+5ms, total 72ms
D/dalvikvm(  575): WAIT_FOR_CONCURRENT_GC blocked 56ms
I/PackageManager(  575): Running dexopt on: com.careerbuilder.SugarDrone
W/dalvikvm( 6031): method Landroid/support/v7/widget/ListViewCompat;.lookForSelectablePosition incorrectly overrides package-private method with same name in Landroid/widget/ListView;
D/dalvikvm( 6031): DexOpt: couldn't find static field Landroid/os/Build;.SUPPORTED_ABIS
D/dalvikvm( 6031): DexOpt: load 295ms, verify+opt 1617ms, 3733380 bytes
I/ActivityManager(  575): Force stopping com.careerbuilder.SugarDrone appid=17992 user=-1: update pkg
W/PackageManager(  575): Not granting permission android.permission.MANAGE_DOCUMENTS to package com.careerbuilder.SugarDrone (protectionLevel=2 flags=0x8be46)
W/PackageManager(  575): Not granting permission android.permission.MOUNT_UNMOUNT_FILESYSTEMS to package com.careerbuilder.SugarDrone (protectionLevel=18 flags=0x8be46)
I/InputReader(  575): Reconfiguring input devices.  changes=0x00000010
D/dalvikvm(  827): GC_CONCURRENT freed 588K, 7% free 9244K/9864K, paused 2ms+1ms, total 17ms
D/BackupManagerService(  575): Received broadcast Intent { act=android.intent.action.PACKAGE_ADDED dat=package:com.careerbuilder.SugarDrone flg=0x4000010 (has extras) }
V/BackupManagerService(  575): addPackageParticipantsLocked: #1
I/Icing.InternalIcingCorporaProvider( 1344): Updating corpora: A: com.careerbuilder.SugarDrone, C: MAYBE
I/ActivityManager(  575): Delay finish: com.google.android.gms/.games.chimera.GamesSystemBroadcastReceiverProxy
D/Wear_Controller( 1019): Received broadcast action=android.intent.action.PACKAGE_ADDED and uri=com.careerbuilder.SugarDrone
I/PeopleContactsSync( 1019): triggerPendingContactsCleanup: no accounts
D/dalvikvm(  575): GC_EXPLICIT freed 1212K, 13% free 21103K/23984K, paused 11ms+23ms, total 216ms
D/AndroidRuntime( 5940): Shutting down VM
D/dalvikvm( 5940): GC_CONCURRENT freed 95K, 16% free 560K/660K, paused 0ms+0ms, total 2ms
W/IcingInternalCorpora( 1019): getNumBytesRead when not calculated.
D/dalvikvm( 1019): GC_FOR_ALLOC freed 934K, 12% free 12353K/13964K, paused 35ms, total 36ms
I/Icing   ( 1019): Usage reports 0 indexed 0 rejected 0 imm upload false
I/Icing   ( 1019): Usage reports 0 indexed 0 rejected 0 imm upload false
I/Icing   ( 1019): Usage reports 0 indexed 0 rejected 0 imm upload true
I/Icing.InternalIcingCorporaProvider( 1344): UpdateCorporaTask done [took 309 ms] updated apps [took 309 ms] 
I/ActivityManager(  575): Resuming delayed broadcast
D/AndroidRuntime( 6129): 
D/AndroidRuntime( 6129): >>>>>> AndroidRuntime START com.android.internal.os.RuntimeInit <<<<<<
D/AndroidRuntime( 6129): CheckJNI is OFF
D/dalvikvm( 6129): Trying to load lib libjavacore.so 0x0
D/dalvikvm( 6129): Added shared lib libjavacore.so 0x0
D/dalvikvm( 6129): Trying to load lib libnativehelper.so 0x0
D/dalvikvm( 6129): Added shared lib libnativehelper.so 0x0
D/dalvikvm( 6129): No JNI_OnLoad found in libnativehelper.so 0x0, skipping init
D/dalvikvm( 6129): Note: class Landroid/app/ActivityManagerNative; has 179 unimplemented (abstract) methods
D/AndroidRuntime( 6129): Calling main entry com.android.commands.settings.SettingsCmd
D/AndroidRuntime( 6129): Shutting down VM
D/dalvikvm( 6129): GC_CONCURRENT freed 96K, 15% free 562K/660K, paused 1ms+0ms, total 3ms
I/Icing   ( 1019): Indexing A9423C0F0A10DE4991AA6E55B2F31155F7B86750 from com.google.android.googlequicksearchbox
D/dalvikvm( 1344): GC_CONCURRENT freed 554K, 7% free 9481K/10132K, paused 1ms+1ms, total 17ms
I/Icing   ( 1019): Indexing done A9423C0F0A10DE4991AA6E55B2F31155F7B86750
I/Icing   ( 1019): Indexing 9AE916B9CACDBBF59B0A3F06984D1BB91FFBC6CB from com.google.android.gms
D/dalvikvm( 1019): GC_CONCURRENT freed 981K, 11% free 12467K/13964K, paused 4ms+5ms, total 43ms
I/Icing   ( 1019): Indexing done 9AE916B9CACDBBF59B0A3F06984D1BB91FFBC6CB
D/AndroidRuntime( 6159): 
D/AndroidRuntime( 6159): >>>>>> AndroidRuntime START com.android.internal.os.RuntimeInit <<<<<<
D/AndroidRuntime( 6159): CheckJNI is OFF
D/dalvikvm( 6159): Trying to load lib libjavacore.so 0x0
D/dalvikvm( 6159): Added shared lib libjavacore.so 0x0
D/dalvikvm( 6159): Trying to load lib libnativehelper.so 0x0
D/dalvikvm( 6159): Added shared lib libnativehelper.so 0x0
D/dalvikvm( 6159): No JNI_OnLoad found in libnativehelper.so 0x0, skipping init
D/dalvikvm( 6159): Note: class Landroid/app/ActivityManagerNative; has 179 unimplemented (abstract) methods
D/AndroidRuntime( 6159): Calling main entry com.android.commands.settings.SettingsCmd
D/AndroidRuntime( 6159): Shutting down VM
D/dalvikvm( 6159): GC_CONCURRENT freed 96K, 15% free 562K/660K, paused 1ms+0ms, total 3ms
D/AndroidRuntime( 6188): 
D/AndroidRuntime( 6188): >>>>>> AndroidRuntime START com.android.internal.os.RuntimeInit <<<<<<
D/AndroidRuntime( 6188): CheckJNI is OFF
D/dalvikvm( 6188): Trying to load lib libjavacore.so 0x0
D/dalvikvm( 6188): Added shared lib libjavacore.so 0x0
D/dalvikvm( 6188): Trying to load lib libnativehelper.so 0x0
D/dalvikvm( 6188): Added shared lib libnativehelper.so 0x0
D/dalvikvm( 6188): No JNI_OnLoad found in libnativehelper.so 0x0, skipping init
D/dalvikvm( 6188): Note: class Landroid/app/ActivityManagerNative; has 179 unimplemented (abstract) methods
D/AndroidRuntime( 6188): Calling main entry com.android.commands.settings.SettingsCmd
D/AndroidRuntime( 6188): Shutting down VM
D/dalvikvm( 6188): GC_CONCURRENT freed 96K, 16% free 562K/664K, paused 0ms+0ms, total 3ms
D/AndroidRuntime( 6227): 
D/AndroidRuntime( 6227): >>>>>> AndroidRuntime START com.android.internal.os.RuntimeInit <<<<<<
D/AndroidRuntime( 6227): CheckJNI is OFF
D/dalvikvm( 6227): Trying to load lib libjavacore.so 0x0
D/dalvikvm( 6227): Added shared lib libjavacore.so 0x0
D/dalvikvm( 6227): Trying to load lib libnativehelper.so 0x0
D/dalvikvm( 6227): Added shared lib libnativehelper.so 0x0
D/dalvikvm( 6227): No JNI_OnLoad found in libnativehelper.so 0x0, skipping init
D/dalvikvm( 6227): Note: class Landroid/app/ActivityManagerNative; has 179 unimplemented (abstract) methods
D/AndroidRuntime( 6227): Calling main entry com.android.commands.settings.SettingsCmd
D/AndroidRuntime( 6227): Shutting down VM
D/dalvikvm( 6227): GC_CONCURRENT freed 96K, 15% free 562K/660K, paused 0ms+0ms, total 2ms
D/AndroidRuntime( 6260): 
D/AndroidRuntime( 6260): >>>>>> AndroidRuntime START com.android.internal.os.RuntimeInit <<<<<<
D/AndroidRuntime( 6260): CheckJNI is OFF
D/dalvikvm( 6260): Trying to load lib libjavacore.so 0x0
D/dalvikvm( 6260): Added shared lib libjavacore.so 0x0
D/dalvikvm( 6260): Trying to load lib libnativehelper.so 0x0
D/dalvikvm( 6260): Added shared lib libnativehelper.so 0x0
D/dalvikvm( 6260): No JNI_OnLoad found in libnativehelper.so 0x0, skipping init
D/dalvikvm( 6260): Note: class Landroid/app/ActivityManagerNative; has 179 unimplemented (abstract) methods
D/AndroidRuntime( 6260): Calling main entry com.android.commands.settings.SettingsCmd
D/AndroidRuntime( 6260): Shutting down VM
D/dalvikvm( 6260): GC_CONCURRENT freed 96K, 15% free 562K/660K, paused 1ms+1ms, total 3ms
D/AndroidRuntime( 6290): 
D/AndroidRuntime( 6290): >>>>>> AndroidRuntime START com.android.internal.os.RuntimeInit <<<<<<
D/AndroidRuntime( 6290): CheckJNI is OFF
D/dalvikvm( 6290): Trying to load lib libjavacore.so 0x0
D/dalvikvm( 6290): Added shared lib libjavacore.so 0x0
D/dalvikvm( 6290): Trying to load lib libnativehelper.so 0x0
D/dalvikvm( 6290): Added shared lib libnativehelper.so 0x0
D/dalvikvm( 6290): No JNI_OnLoad found in libnativehelper.so 0x0, skipping init
D/dalvikvm( 6290): Note: class Landroid/app/ActivityManagerNative; has 179 unimplemented (abstract) methods
D/AndroidRuntime( 6290): Calling main entry com.android.commands.settings.SettingsCmd
D/AndroidRuntime( 6290): Shutting down VM
D/dalvikvm( 6290): GC_CONCURRENT freed 96K, 15% free 562K/660K, paused 0ms+0ms, total 2ms
D/AndroidRuntime( 6324): 
D/AndroidRuntime( 6324): >>>>>> AndroidRuntime START com.android.internal.os.RuntimeInit <<<<<<
D/AndroidRuntime( 6324): CheckJNI is OFF
D/dalvikvm( 6324): Trying to load lib libjavacore.so 0x0
D/dalvikvm( 6324): Added shared lib libjavacore.so 0x0
D/dalvikvm( 6324): Trying to load lib libnativehelper.so 0x0
D/dalvikvm( 6324): Added shared lib libnativehelper.so 0x0
D/dalvikvm( 6324): No JNI_OnLoad found in libnativehelper.so 0x0, skipping init
D/dalvikvm( 6324): Note: class Landroid/app/ActivityManagerNative; has 179 unimplemented (abstract) methods
D/AndroidRuntime( 6324): Calling main entry com.android.commands.pm.Pm
D/AndroidRuntime( 6324): Shutting down VM
D/dalvikvm( 6324): GC_CONCURRENT freed 249K, 31% free 567K/820K, paused 0ms+0ms, total 3ms
D/dalvikvm(  575): GC_CONCURRENT freed 4270K, 18% free 19750K/24064K, paused 3ms+5ms, total 72ms
D/AndroidRuntime( 6406): 
D/AndroidRuntime( 6406): >>>>>> AndroidRuntime START com.android.internal.os.RuntimeInit <<<<<<
D/AndroidRuntime( 6406): CheckJNI is OFF
D/dalvikvm( 6406): Trying to load lib libjavacore.so 0x0
D/dalvikvm( 6406): Added shared lib libjavacore.so 0x0
D/dalvikvm( 6406): Trying to load lib libnativehelper.so 0x0
D/dalvikvm( 6406): Added shared lib libnativehelper.so 0x0
D/dalvikvm( 6406): No JNI_OnLoad found in libnativehelper.so 0x0, skipping init
D/dalvikvm( 6406): Note: class Landroid/app/ActivityManagerNative; has 179 unimplemented (abstract) methods
D/AndroidRuntime( 6406): Calling main entry com.android.commands.pm.Pm
D/AndroidRuntime( 6406): Shutting down VM
D/dalvikvm( 6406): GC_CONCURRENT freed 249K, 31% free 567K/820K, paused 1ms+0ms, total 3ms
D/AndroidRuntime( 6521): 
D/AndroidRuntime( 6521): >>>>>> AndroidRuntime START com.android.internal.os.RuntimeInit <<<<<<
D/AndroidRuntime( 6521): CheckJNI is OFF
D/dalvikvm( 6521): Trying to load lib libjavacore.so 0x0
D/dalvikvm( 6521): Added shared lib libjavacore.so 0x0
D/dalvikvm( 6521): Trying to load lib libnativehelper.so 0x0
D/dalvikvm( 6521): Added shared lib libnativehelper.so 0x0
D/dalvikvm( 6521): No JNI_OnLoad found in libnativehelper.so 0x0, skipping init
D/dalvikvm( 6521): Note: class Landroid/app/ActivityManagerNative; has 179 unimplemented (abstract) methods
D/AndroidRuntime( 6521): Calling main entry com.android.commands.am.Am
D/AndroidRuntime( 6521): Shutting down VM
D/dalvikvm( 6521): GC_CONCURRENT freed 93K, 15% free 553K/648K, paused 1ms+0ms, total 3ms
W/ActivityManager(  575): Invalid packageName: com.careerbuilder.SugarDrone.test
D/AndroidRuntime( 6554): 
D/AndroidRuntime( 6554): >>>>>> AndroidRuntime START com.android.internal.os.RuntimeInit <<<<<<
D/AndroidRuntime( 6554): CheckJNI is OFF
D/dalvikvm( 6554): Trying to load lib libjavacore.so 0x0
D/dalvikvm( 6554): Added shared lib libjavacore.so 0x0
D/dalvikvm( 6554): Trying to load lib libnativehelper.so 0x0
D/dalvikvm( 6554): Added shared lib libnativehelper.so 0x0
D/dalvikvm( 6554): No JNI_OnLoad found in libnativehelper.so 0x0, skipping init
D/dalvikvm( 6554): Note: class Landroid/app/ActivityManagerNative; has 179 unimplemented (abstract) methods
D/AndroidRuntime( 6554): Calling main entry com.android.commands.pm.Pm
W/ActivityManager(  575): No content provider found for permission revoke: file:///data/local/tmp/0000001679
W/ActivityManager(  575): No content provider found for permission revoke: file:///data/local/tmp/0000001679
I/PackageManager(  575): Copying native libraries to /data/app-lib/vmdl-1059739685
I/PackageManager(  575): Running dexopt on: com.careerbuilder.SugarDrone.test
W/ProcessCpuTracker(  575): Skipping unknown process pid 6586
D/dalvikvm( 6582): DexOpt: load 65ms, verify+opt 524ms, 1565836 bytes
I/ActivityManager(  575): Force stopping com.careerbuilder.SugarDrone.test appid=17993 user=-1: update pkg
I/InputReader(  575): Reconfiguring input devices.  changes=0x00000010
I/Icing.InternalIcingCorporaProvider( 1344): Updating corpora: A: com.careerbuilder.SugarDrone.test, C: MAYBE
I/ActivityManager(  575): Delay finish: com.google.android.googlequicksearchbox/com.google.android.search.core.summons.icing.InternalIcingCorporaProvider$CorporaChangedReceiver
I/ActivityManager(  575): Resuming delayed broadcast
D/BackupManagerService(  575): Received broadcast Intent { act=android.intent.action.PACKAGE_ADDED dat=package:com.careerbuilder.SugarDrone.test flg=0x4000010 (has extras) }
V/BackupManagerService(  575): addPackageParticipantsLocked: #1
I/Icing.InternalIcingCorporaProvider( 1344): UpdateCorporaTask done [took 57 ms] updated apps [took 57 ms] 
D/Wear_Controller( 1019): Received broadcast action=android.intent.action.PACKAGE_ADDED and uri=com.careerbuilder.SugarDrone.test
I/PeopleContactsSync( 1019): triggerPendingContactsCleanup: no accounts
D/dalvikvm(  575): GC_EXPLICIT freed 998K, 18% free 19917K/24060K, paused 8ms+11ms, total 234ms
D/AndroidRuntime( 6554): Shutting down VM
D/dalvikvm( 6554): GC_CONCURRENT freed 95K, 15% free 561K/660K, paused 0ms+1ms, total 2ms
W/IcingInternalCorpora( 1019): getNumBytesRead when not calculated.
D/dalvikvm( 1019): GC_CONCURRENT freed 1173K, 11% free 12478K/13888K, paused 3ms+4ms, total 53ms
D/dalvikvm( 1019): WAIT_FOR_CONCURRENT_GC blocked 18ms
D/dalvikvm( 1019): WAIT_FOR_CONCURRENT_GC blocked 15ms
I/Icing   ( 1019): Usage reports 0 indexed 0 rejected 0 imm upload false
D/dalvikvm(  777): GC_CONCURRENT freed 860K, 9% free 11906K/12976K, paused 3ms+6ms, total 40ms
I/Icing   ( 1019): Usage reports 0 indexed 0 rejected 0 imm upload false
D/AndroidRuntime( 6642): 
D/AndroidRuntime( 6642): >>>>>> AndroidRuntime START com.android.internal.os.RuntimeInit <<<<<<
D/AndroidRuntime( 6642): CheckJNI is OFF
D/dalvikvm( 6642): Trying to load lib libjavacore.so 0x0
D/dalvikvm( 6642): Added shared lib libjavacore.so 0x0
D/dalvikvm( 6642): Trying to load lib libnativehelper.so 0x0
D/dalvikvm( 6642): Added shared lib libnativehelper.so 0x0
D/dalvikvm( 6642): No JNI_OnLoad found in libnativehelper.so 0x0, skipping init
D/dalvikvm( 6642): Note: class Landroid/app/ActivityManagerNative; has 179 unimplemented (abstract) methods
D/AndroidRuntime( 6642): Calling main entry com.android.commands.settings.SettingsCmd
D/AndroidRuntime( 6642): Shutting down VM
D/dalvikvm( 6642): GC_CONCURRENT freed 96K, 15% free 562K/660K, paused 0ms+0ms, total 2ms
I/Icing   ( 1019): Indexing 9AE916B9CACDBBF59B0A3F06984D1BB91FFBC6CB from com.google.android.gms
I/Icing   ( 1019): Indexing done 9AE916B9CACDBBF59B0A3F06984D1BB91FFBC6CB
D/AndroidRuntime( 6678): 
D/AndroidRuntime( 6678): >>>>>> AndroidRuntime START com.android.internal.os.RuntimeInit <<<<<<
D/AndroidRuntime( 6678): CheckJNI is OFF
D/dalvikvm( 6678): Trying to load lib libjavacore.so 0x0
D/dalvikvm( 6678): Added shared lib libjavacore.so 0x0
D/dalvikvm( 6678): Trying to load lib libnativehelper.so 0x0
D/dalvikvm( 6678): Added shared lib libnativehelper.so 0x0
D/dalvikvm( 6678): No JNI_OnLoad found in libnativehelper.so 0x0, skipping init
D/dalvikvm( 6678): Note: class Landroid/app/ActivityManagerNative; has 179 unimplemented (abstract) methods
D/AndroidRuntime( 6678): Calling main entry com.android.commands.settings.SettingsCmd
D/AndroidRuntime( 6678): Shutting down VM
D/dalvikvm( 6678): GC_CONCURRENT freed 96K, 15% free 562K/660K, paused 1ms+1ms, total 3ms
D/AndroidRuntime( 6703): 
D/AndroidRuntime( 6703): >>>>>> AndroidRuntime START com.android.internal.os.RuntimeInit <<<<<<
D/AndroidRuntime( 6703): CheckJNI is OFF
D/dalvikvm( 6703): Trying to load lib libjavacore.so 0x0
D/dalvikvm( 6703): Added shared lib libjavacore.so 0x0
D/dalvikvm( 6703): Trying to load lib libnativehelper.so 0x0
D/dalvikvm( 6703): Added shared lib libnativehelper.so 0x0
D/dalvikvm( 6703): No JNI_OnLoad found in libnativehelper.so 0x0, skipping init
D/dalvikvm( 6703): Note: class Landroid/app/ActivityManagerNative; has 179 unimplemented (abstract) methods
D/AndroidRuntime( 6703): Calling main entry com.android.commands.settings.SettingsCmd
D/AndroidRuntime( 6703): Shutting down VM
D/dalvikvm( 6703): GC_CONCURRENT freed 96K, 16% free 562K/664K, paused 1ms+0ms, total 3ms
D/AndroidRuntime( 6731): 
D/AndroidRuntime( 6731): >>>>>> AndroidRuntime START com.android.internal.os.RuntimeInit <<<<<<
D/AndroidRuntime( 6731): CheckJNI is OFF
D/dalvikvm( 6731): Trying to load lib libjavacore.so 0x0
D/dalvikvm( 6731): Added shared lib libjavacore.so 0x0
D/dalvikvm( 6731): Trying to load lib libnativehelper.so 0x0
D/dalvikvm( 6731): Added shared lib libnativehelper.so 0x0
D/dalvikvm( 6731): No JNI_OnLoad found in libnativehelper.so 0x0, skipping init
D/dalvikvm( 6731): Note: class Landroid/app/ActivityManagerNative; has 179 unimplemented (abstract) methods
D/AndroidRuntime( 6731): Calling main entry com.android.commands.settings.SettingsCmd
D/AndroidRuntime( 6731): Shutting down VM
D/dalvikvm( 6731): GC_CONCURRENT freed 96K, 15% free 562K/660K, paused 1ms+0ms, total 3ms
D/AndroidRuntime( 6765): 
D/AndroidRuntime( 6765): >>>>>> AndroidRuntime START com.android.internal.os.RuntimeInit <<<<<<
D/AndroidRuntime( 6765): CheckJNI is OFF
D/dalvikvm( 6765): Trying to load lib libjavacore.so 0x0
D/dalvikvm( 6765): Added shared lib libjavacore.so 0x0
D/dalvikvm( 6765): Trying to load lib libnativehelper.so 0x0
D/dalvikvm( 6765): Added shared lib libnativehelper.so 0x0
D/dalvikvm( 6765): No JNI_OnLoad found in libnativehelper.so 0x0, skipping init
D/dalvikvm( 6765): Note: class Landroid/app/ActivityManagerNative; has 179 unimplemented (abstract) methods
D/AndroidRuntime( 6765): Calling main entry com.android.commands.settings.SettingsCmd
D/AndroidRuntime( 6765): Shutting down VM
D/dalvikvm( 6765): GC_CONCURRENT freed 96K, 15% free 562K/660K, paused 0ms+0ms, total 3ms
D/AndroidRuntime( 6797): 
D/AndroidRuntime( 6797): >>>>>> AndroidRuntime START com.android.internal.os.RuntimeInit <<<<<<
D/AndroidRuntime( 6797): CheckJNI is OFF
D/dalvikvm( 6797): Trying to load lib libjavacore.so 0x0
D/dalvikvm( 6797): Added shared lib libjavacore.so 0x0
D/dalvikvm( 6797): Trying to load lib libnativehelper.so 0x0
D/dalvikvm( 6797): Added shared lib libnativehelper.so 0x0
D/dalvikvm( 6797): No JNI_OnLoad found in libnativehelper.so 0x0, skipping init
D/dalvikvm( 6797): Note: class Landroid/app/ActivityManagerNative; has 179 unimplemented (abstract) methods
D/AndroidRuntime( 6797): Calling main entry com.android.commands.settings.SettingsCmd
D/AndroidRuntime( 6797): Shutting down VM
D/dalvikvm( 6797): GC_CONCURRENT freed 96K, 15% free 562K/660K, paused 0ms+0ms, total 3ms
D/AndroidRuntime( 6829): 
D/AndroidRuntime( 6829): >>>>>> AndroidRuntime START com.android.internal.os.RuntimeInit <<<<<<
D/AndroidRuntime( 6829): CheckJNI is OFF
D/dalvikvm( 6829): Trying to load lib libjavacore.so 0x0
D/dalvikvm( 6829): Added shared lib libjavacore.so 0x0
D/dalvikvm( 6829): Trying to load lib libnativehelper.so 0x0
D/dalvikvm( 6829): Added shared lib libnativehelper.so 0x0
D/dalvikvm( 6829): No JNI_OnLoad found in libnativehelper.so 0x0, skipping init
D/dalvikvm( 6829): Note: class Landroid/app/ActivityManagerNative; has 179 unimplemented (abstract) methods
D/AndroidRuntime( 6829): Calling main entry com.android.commands.pm.Pm
D/AndroidRuntime( 6829): Shutting down VM
D/dalvikvm( 6829): GC_CONCURRENT freed 251K, 31% free 567K/820K, paused 0ms+0ms, total 3ms
D/dalvikvm(  575): GC_CONCURRENT freed 2876K, 18% free 19801K/24060K, paused 3ms+5ms, total 92ms
D/AndroidRuntime( 6908): 
D/AndroidRuntime( 6908): >>>>>> AndroidRuntime START com.android.internal.os.RuntimeInit <<<<<<
D/AndroidRuntime( 6908): CheckJNI is OFF
D/dalvikvm( 6908): Trying to load lib libjavacore.so 0x0
D/dalvikvm( 6908): Added shared lib libjavacore.so 0x0
D/dalvikvm( 6908): Trying to load lib libnativehelper.so 0x0
D/dalvikvm( 6908): Added shared lib libnativehelper.so 0x0
D/dalvikvm( 6908): No JNI_OnLoad found in libnativehelper.so 0x0, skipping init
D/dalvikvm( 6908): Note: class Landroid/app/ActivityManagerNative; has 179 unimplemented (abstract) methods
D/AndroidRuntime( 6908): Calling main entry com.android.commands.pm.Pm
D/AndroidRuntime( 6908): Shutting down VM
D/dalvikvm( 6908): GC_CONCURRENT freed 251K, 31% free 567K/820K, paused 1ms+0ms, total 4ms
D/AndroidRuntime( 7000): 
D/AndroidRuntime( 7000): >>>>>> AndroidRuntime START com.android.internal.os.RuntimeInit <<<<<<
D/AndroidRuntime( 7000): CheckJNI is OFF
D/dalvikvm( 7000): Trying to load lib libjavacore.so 0x0
D/dalvikvm( 7000): Added shared lib libjavacore.so 0x0
D/dalvikvm( 7000): Trying to load lib libnativehelper.so 0x0
D/dalvikvm( 7000): Added shared lib libnativehelper.so 0x0
D/dalvikvm( 7000): No JNI_OnLoad found in libnativehelper.so 0x0, skipping init
D/dalvikvm( 7000): Note: class Landroid/app/ActivityManagerNative; has 179 unimplemented (abstract) methods
D/AndroidRuntime( 7000): Calling main entry com.android.commands.input.Input
I/Input   ( 7000): injectKeyEvent: KeyEvent { action=ACTION_DOWN, keyCode=KEYCODE_BACK, scanCode=0, metaState=0, flags=0x0, repeatCount=0, eventTime=284002, downTime=284002, deviceId=-1, source=0x101 }
I/Input   ( 7000): injectKeyEvent: KeyEvent { action=ACTION_UP, keyCode=KEYCODE_BACK, scanCode=0, metaState=0, flags=0x0, repeatCount=0, eventTime=284002, downTime=284002, deviceId=-1, source=0x101 }
D/AndroidRuntime( 7000): Shutting down VM
D/dalvikvm( 7000): GC_CONCURRENT freed 98K, 16% free 563K/664K, paused 12ms+0ms, total 14ms
D/AndroidRuntime( 7064): 
D/AndroidRuntime( 7064): >>>>>> AndroidRuntime START com.android.internal.os.RuntimeInit <<<<<<
D/AndroidRuntime( 7064): CheckJNI is OFF
D/dalvikvm( 7064): Trying to load lib libjavacore.so 0x0
D/dalvikvm( 7064): Added shared lib libjavacore.so 0x0
D/dalvikvm( 7064): Trying to load lib libnativehelper.so 0x0
D/dalvikvm( 7064): Added shared lib libnativehelper.so 0x0
D/dalvikvm( 7064): No JNI_OnLoad found in libnativehelper.so 0x0, skipping init
D/dalvikvm( 7064): Note: class Landroid/app/ActivityManagerNative; has 179 unimplemented (abstract) methods
D/AndroidRuntime( 7064): Calling main entry com.android.commands.input.Input
I/Input   ( 7064): injectKeyEvent: KeyEvent { action=ACTION_DOWN, keyCode=KEYCODE_HOME, scanCode=0, metaState=0, flags=0x0, repeatCount=0, eventTime=285795, downTime=285795, deviceId=-1, source=0x101 }
I/Input   ( 7064): injectKeyEvent: KeyEvent { action=ACTION_UP, keyCode=KEYCODE_HOME, scanCode=0, metaState=0, flags=0x0, repeatCount=0, eventTime=285795, downTime=285795, deviceId=-1, source=0x101 }
I/ActivityManager(  575): START u0 {act=android.intent.action.MAIN cat=[android.intent.category.HOME] flg=0x10200000 cmp=com.android.launcher/com.android.launcher2.Launcher} from pid 575
D/AndroidRuntime( 7064): Shutting down VM
D/dalvikvm( 7064): GC_CONCURRENT freed 98K, 16% free 563K/664K, paused 0ms+0ms, total 2ms
D/dalvikvm( 1312): GC_CONCURRENT freed 429K, 5% free 9512K/9976K, paused 3ms+3ms, total 30ms
D/Finsky  ( 1312): [1] 5.onFinished: Installation state replication succeeded.
D/AndroidRuntime( 7103): 
D/AndroidRuntime( 7103): >>>>>> AndroidRuntime START com.android.internal.os.RuntimeInit <<<<<<
D/AndroidRuntime( 7103): CheckJNI is OFF
D/dalvikvm( 7103): Trying to load lib libjavacore.so 0x0
D/dalvikvm( 7103): Added shared lib libjavacore.so 0x0
D/dalvikvm( 7103): Trying to load lib libnativehelper.so 0x0
D/dalvikvm( 7103): Added shared lib libnativehelper.so 0x0
D/dalvikvm( 7103): No JNI_OnLoad found in libnativehelper.so 0x0, skipping init
D/dalvikvm( 7103): Note: class Landroid/app/ActivityManagerNative; has 179 unimplemented (abstract) methods
D/AndroidRuntime( 7103): Calling main entry com.android.commands.input.Input
I/Input   ( 7103): injectKeyEvent: KeyEvent { action=ACTION_DOWN, keyCode=KEYCODE_BACK, scanCode=0, metaState=0, flags=0x0, repeatCount=0, eventTime=287153, downTime=287153, deviceId=-1, source=0x101 }
I/Input   ( 7103): injectKeyEvent: KeyEvent { action=ACTION_UP, keyCode=KEYCODE_BACK, scanCode=0, metaState=0, flags=0x0, repeatCount=0, eventTime=287153, downTime=287153, deviceId=-1, source=0x101 }
D/AndroidRuntime( 7103): Shutting down VM
D/dalvikvm( 7103): GC_CONCURRENT freed 98K, 16% free 563K/664K, paused 0ms+0ms, total 2ms
W/ProcessCpuTracker(  575): Skipping unknown process pid 7106
W/ProcessCpuTracker(  575): Skipping unknown process pid 7108
W/ProcessCpuTracker(  575): Skipping unknown process pid 7133
D/AndroidRuntime( 7149): 
D/AndroidRuntime( 7149): >>>>>> AndroidRuntime START com.android.internal.os.RuntimeInit <<<<<<
D/AndroidRuntime( 7149): CheckJNI is OFF
D/dalvikvm( 7149): Trying to load lib libjavacore.so 0x0
D/dalvikvm( 7149): Added shared lib libjavacore.so 0x0
D/dalvikvm( 7149): Trying to load lib libnativehelper.so 0x0
D/dalvikvm( 7149): Added shared lib libnativehelper.so 0x0
D/dalvikvm( 7149): No JNI_OnLoad found in libnativehelper.so 0x0, skipping init
D/dalvikvm( 7149): Note: class Landroid/app/ActivityManagerNative; has 179 unimplemented (abstract) methods
D/AndroidRuntime( 7149): Calling main entry com.android.commands.am.Am
I/ActivityManager(  575): Force stopping com.careerbuilder.SugarDrone appid=17992 user=0: start instr
D/dalvikvm( 7169): Late-enabling CheckJNI
I/ActivityManager(  575): Start proc com.careerbuilder.SugarDrone for added application com.careerbuilder.SugarDrone: pid=7169 uid=17992 gids={57992, 3003, 1028, 1015}
I/dalvikvm( 7169): Could not find method android.app.Instrumentation.execStartActivity, referenced from method sh.calaba.exposed.InstrumentationExposed.execStartActivity
W/dalvikvm( 7169): VFY: unable to resolve virtual method 38: Landroid/app/Instrumentation;.execStartActivity (Landroid/content/Context;Landroid/os/IBinder;Landroid/os/IBinder;Landroid/app/Activity;Landroid/content/Intent;I)Landroid/app/Instrumentation$ActivityResult;
D/dalvikvm( 7169): VFY: replacing opcode 0x75 at 0x0000
I/dalvikvm( 7169): Could not find method android.app.Instrumentation.execStartActivity, referenced from method sh.calaba.exposed.InstrumentationExposed.execStartActivity
W/dalvikvm( 7169): VFY: unable to resolve virtual method 41: Landroid/app/Instrumentation;.execStartActivity (Landroid/content/Context;Landroid/os/IBinder;Landroid/os/IBinder;Landroid/app/Fragment;Landroid/content/Intent;I)Landroid/app/Instrumentation$ActivityResult;
D/dalvikvm( 7169): VFY: replacing opcode 0x75 at 0x0000
I/dalvikvm( 7169): Could not find method android.app.Instrumentation.execStartActivityAsCaller, referenced from method sh.calaba.exposed.InstrumentationExposed.execStartActivityAsCaller
W/dalvikvm( 7169): VFY: unable to resolve virtual method 43: Landroid/app/Instrumentation;.execStartActivityAsCaller (Landroid/content/Context;Landroid/os/IBinder;Landroid/os/IBinder;Landroid/app/Activity;Landroid/content/Intent;ILandroid/os/Bundle;I)Landroid/app/Instrumentation$ActivityResult;
D/dalvikvm( 7169): VFY: replacing opcode 0x75 at 0x0000
D/dalvikvm( 7169): Trying to load lib /data/app-lib/com.careerbuilder.SugarDrone-1/libmonodroid.so 0x42870b90
D/dalvikvm( 7169): Added shared lib /data/app-lib/com.careerbuilder.SugarDrone-1/libmonodroid.so 0x42870b90
W/monodroid( 7169): Using override path: /data/data/com.careerbuilder.SugarDrone/files/.__override__
W/monodroid( 7169): Trying to load sgen from: /data/data/com.careerbuilder.SugarDrone/files/.__override__/libmonosgen-2.0.so
W/monodroid( 7169): Trying to load sgen from: /storage/emulated/0/Android/data/com.careerbuilder.SugarDrone/files/.__override__/libmonosgen-2.0.so
W/monodroid( 7169): Trying to load sgen from: /data/app-lib/com.careerbuilder.SugarDrone-1/libmonosgen-2.0.so
D/Mono    ( 7169): Image addref mscorlib[0x752548d0] -> mscorlib.dll[0x75254018]: 2
D/Mono    ( 7169): Prepared to set up assembly 'mscorlib' (mscorlib.dll)
D/Mono    ( 7169): AOT module 'mscorlib.dll.so' not found: dlopen failed: library "/data/app-lib/com.careerbuilder.SugarDrone-1/libaot-mscorlib.dll.so" not found
D/Mono    ( 7169): AOT module '/Users/builder/data/lanes/4009/f3074d2c/source/monodroid/builds/install/mono-armv6/lib/mono/aot-cache/arm/mscorlib.dll.so' not found: dlopen failed: library "/data/app-lib/com.careerbuilder.SugarDrone-1/libaot-mscorlib.dll.so" not found
D/Mono    ( 7169): Config attempting to parse: 'mscorlib.dll.config'.
D/Mono    ( 7169): Config attempting to parse: '/Users/builder/data/lanes/4009/f3074d2c/source/monodroid/builds/install/mono-armv6/etc/mono/assemblies/mscorlib/mscorlib.config'.
D/Mono    ( 7169): Assembly mscorlib[0x752548d0] added to domain RootDomain, ref_count=1
D/Mono    ( 7169): Image addref CareerBuilder_Search.Droid[0x7a36b8c8] -> CareerBuilder_Search.Droid.dll[0x7a36ac28]: 2
D/Mono    ( 7169): Prepared to set up assembly 'CareerBuilder_Search.Droid' (CareerBuilder_Search.Droid.dll)
D/Mono    ( 7169): Assembly CareerBuilder_Search.Droid[0x7a36b8c8] added to domain RootDomain, ref_count=1
D/Mono    ( 7169): AOT module 'CareerBuilder_Search.Droid.dll.so' not found: dlopen failed: library "/data/app-lib/com.careerbuilder.SugarDrone-1/libaot-CareerBuilder_Search.Droid.dll.so" not found
D/Mono    ( 7169): AOT module '/Users/builder/data/lanes/4009/f3074d2c/source/monodroid/builds/install/mono-armv6/lib/mono/aot-cache/arm/CareerBuilder_Search.Droid.dll.so' not found: dlopen failed: library "/data/app-lib/com.careerbuilder.SugarDrone-1/libaot-CareerBuilder_Search.Droid.dll.so" not found
D/Mono    ( 7169): Config attempting to parse: 'CareerBuilder_Search.Droid.dll.config'.
D/Mono    ( 7169): Config attempting to parse: '/Users/builder/data/lanes/4009/f3074d2c/source/monodroid/builds/install/mono-armv6/etc/mono/assemblies/CareerBuilder_Search.Droid/CareerBuilder_Search.Droid.config'.
D/Mono    ( 7169): Image addref AppsFlyerXamarinBindingAndroid[0x7a36c730] -> AppsFlyerXamarinBindingAndroid.dll[0x7a36bae0]: 2
D/Mono    ( 7169): Prepared to set up assembly 'AppsFlyerXamarinBindingAndroid' (AppsFlyerXamarinBindingAndroid.dll)
D/Mono    ( 7169): Assembly AppsFlyerXamarinBindingAndroid[0x7a36c730] added to domain RootDomain, ref_count=1
D/Mono    ( 7169): AOT module 'AppsFlyerXamarinBindingAndroid.dll.so' not found: dlopen failed: library "/data/app-lib/com.careerbuilder.SugarDrone-1/libaot-AppsFlyerXamarinBindingAndroid.dll.so" not found
D/Mono    ( 7169): AOT module '/Users/builder/data/lanes/4009/f3074d2c/source/monodroid/builds/install/mono-armv6/lib/mono/aot-cache/arm/AppsFlyerXamarinBindingAndroid.dll.so' not found: dlopen failed: library "/data/app-lib/com.careerbuilder.SugarDrone-1/libaot-AppsFlyerXamarinBindingAndroid.dll.so" not found
D/Mono    ( 7169): Config attempting to parse: 'AppsFlyerXamarinBindingAndroid.dll.config'.
D/Mono    ( 7169): Config attempting to parse: '/Users/builder/data/lanes/4009/f3074d2c/source/monodroid/builds/install/mono-armv6/etc/mono/assemblies/AppsFlyerXamarinBindingAndroid/AppsFlyerXamarinBindingAndroid.config'.
D/Mono    ( 7169): Image addref HockeySDK[0x7a38a480] -> HockeySDK.dll[0x7a36c830]: 2
D/Mono    ( 7169): Prepared to set up assembly 'HockeySDK' (HockeySDK.dll)
D/Mono    ( 7169): Assembly HockeySDK[0x7a38a480] added to domain RootDomain, ref_count=1
D/Mono    ( 7169): AOT module 'HockeySDK.dll.so' not found: dlopen failed: library "/data/app-lib/com.careerbuilder.SugarDrone-1/libaot-HockeySDK.dll.so" not found
D/Mono    ( 7169): AOT module '/Users/builder/data/lanes/4009/f3074d2c/source/monodroid/builds/install/mono-armv6/lib/mono/aot-cache/arm/HockeySDK.dll.so' not found: dlopen failed: library "/data/app-lib/com.careerbuilder.SugarDrone-1/libaot-HockeySDK.dll.so" not found
D/Mono    ( 7169): Config attempting to parse: 'HockeySDK.dll.config'.
D/Mono    ( 7169): Config attempting to parse: '/Users/builder/data/lanes/4009/f3074d2c/source/monodroid/builds/install/mono-armv6/etc/mono/assemblies/HockeySDK/HockeySDK.config'.
D/Mono    ( 7169): Image addref Akavache[0x7a38b1f8] -> Akavache.dll[0x7a38a568]: 2
D/Mono    ( 7169): Prepared to set up assembly 'Akavache' (Akavache.dll)
D/Mono    ( 7169): Assembly Akavache[0x7a38b1f8] added to domain RootDomain, ref_count=1
D/Mono    ( 7169): AOT module 'Akavache.dll.so' not found: dlopen failed: library "/data/app-lib/com.careerbuilder.SugarDrone-1/libaot-Akavache.dll.so" not found
D/Mono    ( 7169): AOT module '/Users/builder/data/lanes/4009/f3074d2c/source/monodroid/builds/install/mono-armv6/lib/mono/aot-cache/arm/Akavache.dll.so' not found: dlopen failed: library "/data/app-lib/com.careerbuilder.SugarDrone-1/libaot-Akavache.dll.so" not found
D/Mono    ( 7169): Config attempting to parse: 'Akavache.dll.config'.
D/Mono    ( 7169): Config attempting to parse: '/Users/builder/data/lanes/4009/f3074d2c/source/monodroid/builds/install/mono-armv6/etc/mono/assemblies/Akavache/Akavache.config'.
D/Mono    ( 7169): Image addref Akavache.Sqlite3[0x7a38bf68] -> Akavache.Sqlite3.dll[0x7a38b318]: 2
D/Mono    ( 7169): Prepared to set up assembly 'Akavache.Sqlite3' (Akavache.Sqlite3.dll)
D/Mono    ( 7169): Assembly Akavache.Sqlite3[0x7a38bf68] added to domain RootDomain, ref_count=1
D/Mono    ( 7169): AOT module 'Akavache.Sqlite3.dll.so' not found: dlopen failed: library "/data/app-lib/com.careerbuilder.SugarDrone-1/libaot-Akavache.Sqlite3.dll.so" not found
D/Mono    ( 7169): AOT module '/Users/builder/data/lanes/4009/f3074d2c/source/monodroid/builds/install/mono-armv6/lib/mono/aot-cache/arm/Akavache.Sqlite3.dll.so' not found: dlopen failed: library "/data/app-lib/com.careerbuilder.SugarDrone-1/libaot-Akavache.Sqlite3.dll.so" not found
W/        ( 7169): Symbol file LoadedFromMemory doesn't match image Akavache.Sqlite3.dll
D/Mono    ( 7169): Config attempting to parse: 'Akavache.Sqlite3.dll.config'.
D/Mono    ( 7169): Config attempting to parse: '/Users/builder/data/lanes/4009/f3074d2c/source/monodroid/builds/install/mono-armv6/etc/mono/assemblies/Akavache.Sqlite3/Akavache.Sqlite3.config'.
D/Mono    ( 7169): Image addref Splat[0x7a38cc98] -> Splat.dll[0x7a38c058]: 2
D/Mono    ( 7169): Prepared to set up assembly 'Splat' (Splat.dll)
D/Mono    ( 7169): Assembly Splat[0x7a38cc98] added to domain RootDomain, ref_count=1
D/Mono    ( 7169): AOT module 'Splat.dll.so' not found: dlopen failed: library "/data/app-lib/com.careerbuilder.SugarDrone-1/libaot-Splat.dll.so" not found
D/Mono    ( 7169): AOT module '/Users/builder/data/lanes/4009/f3074d2c/source/monodroid/builds/install/mono-armv6/lib/mono/aot-cache/arm/Splat.dll.so' not found: dlopen failed: library "/data/app-lib/com.careerbuilder.SugarDrone-1/libaot-Splat.dll.so" not found
D/Mono    ( 7169): Config attempting to parse: 'Splat.dll.config'.
D/Mono    ( 7169): Config attempting to parse: '/Users/builder/data/lanes/4009/f3074d2c/source/monodroid/builds/install/mono-armv6/etc/mono/assemblies/Splat/Splat.config'.
D/Mono    ( 7169): Image addref Microsoft.Practices.ServiceLocation[0x7a390ab0] -> Microsoft.Practices.ServiceLocation.dll[0x7a38fe70]: 2
D/Mono    ( 7169): Prepared to set up assembly 'Microsoft.Practices.ServiceLocation' (Microsoft.Practices.ServiceLocation.dll)
D/Mono    ( 7169): Assembly Microsoft.Practices.ServiceLocation[0x7a390ab0] added to domain RootDomain, ref_count=1
D/Mono    ( 7169): AOT module 'Microsoft.Practices.ServiceLocation.dll.so' not found: dlopen failed: library "/data/app-lib/com.careerbuilder.SugarDrone-1/libaot-Microsoft.Practices.ServiceLocation.dll.so" not found
D/Mono    ( 7169): AOT module '/Users/builder/data/lanes/4009/f3074d2c/source/monodroid/builds/install/mono-armv6/lib/mono/aot-cache/arm/Microsoft.Practices.ServiceLocation.dll.so' not found: dlopen failed: library "/data/app-lib/com.careerbuilder.SugarDrone-1/libaot-Microsoft.Practices.ServiceLocation.dll.so" not found
D/Mono    ( 7169): Config attempting to parse: 'Microsoft.Practices.ServiceLocation.dll.config'.
D/Mono    ( 7169): Config attempting to parse: '/Users/builder/data/lanes/4009/f3074d2c/source/monodroid/builds/install/mono-armv6/etc/mono/assemblies/Microsoft.Practices.ServiceLocation/Microsoft.Practices.ServiceLocation.config'.
D/Mono    ( 7169): Image addref Microsoft.Practices.Unity[0x7a392098] -> Microsoft.Practices.Unity.dll[0x7a391428]: 2
D/Mono    ( 7169): Prepared to set up assembly 'Microsoft.Practices.Unity' (Microsoft.Practices.Unity.dll)
D/Mono    ( 7169): Assembly Microsoft.Practices.Unity[0x7a392098] added to domain RootDomain, ref_count=1
D/Mono    ( 7169): AOT module 'Microsoft.Practices.Unity.dll.so' not found: dlopen failed: library "/data/app-lib/com.careerbuilder.SugarDrone-1/libaot-Microsoft.Practices.Unity.dll.so" not found
D/Mono    ( 7169): AOT module '/Users/builder/data/lanes/4009/f3074d2c/source/monodroid/builds/install/mono-armv6/lib/mono/aot-cache/arm/Microsoft.Practices.Unity.dll.so' not found: dlopen failed: library "/data/app-lib/com.careerbuilder.SugarDrone-1/libaot-Microsoft.Practices.Unity.dll.so" not found
D/Mono    ( 7169): Config attempting to parse: 'Microsoft.Practices.Unity.dll.config'.
D/Mono    ( 7169): Config attempting to parse: '/Users/builder/data/lanes/4009/f3074d2c/source/monodroid/builds/install/mono-armv6/etc/mono/assemblies/Microsoft.Practices.Unity/Microsoft.Practices.Unity.config'.
D/Mono    ( 7169): Image addref Plugin.CurrentActivity[0x7a392de8] -> Plugin.CurrentActivity.dll[0x7a3921b8]: 2
D/Mono    ( 7169): Prepared to set up assembly 'Plugin.CurrentActivity' (Plugin.CurrentActivity.dll)
D/Mono    ( 7169): Assembly Plugin.CurrentActivity[0x7a392de8] added to domain RootDomain, ref_count=1
D/Mono    ( 7169): AOT module 'Plugin.CurrentActivity.dll.so' not found: dlopen failed: library "/data/app-lib/com.careerbuilder.SugarDrone-1/libaot-Plugin.CurrentActivity.dll.so" not found
D/Mono    ( 7169): AOT module '/Users/builder/data/lanes/4009/f3074d2c/source/monodroid/builds/install/mono-armv6/lib/mono/aot-cache/arm/Plugin.CurrentActivity.dll.so' not found: dlopen failed: library "/data/app-lib/com.careerbuilder.SugarDrone-1/libaot-Plugin.CurrentActivity.dll.so" not found
D/Mono    ( 7169): Config attempting to parse: 'Plugin.CurrentActivity.dll.config'.
D/Mono    ( 7169): Config attempting to parse: '/Users/builder/data/lanes/4009/f3074d2c/source/monodroid/builds/install/mono-armv6/etc/mono/assemblies/Plugin.CurrentActivity/Plugin.CurrentActivity.config'.
D/Mono    ( 7169): Image addref Plugin.Permissions[0x7a393b38] -> Plugin.Permissions.dll[0x7a392f18]: 2
D/Mono    ( 7169): Prepared to set up assembly 'Plugin.Permissions' (Plugin.Permissions.dll)
D/Mono    ( 7169): Assembly Plugin.Permissions[0x7a393b38] added to domain RootDomain, ref_count=1
D/Mono    ( 7169): AOT module 'Plugin.Permissions.dll.so' not found: dlopen failed: library "/data/app-lib/com.careerbuilder.SugarDrone-1/libaot-Plugin.Permissions.dll.so" not found
D/Mono    ( 7169): AOT module '/Users/builder/data/lanes/4009/f3074d2c/source/monodroid/builds/install/mono-armv6/lib/mono/aot-cache/arm/Plugin.Permissions.dll.so' not found: dlopen failed: library "/data/app-lib/com.careerbuilder.SugarDrone-1/libaot-Plugin.Permissions.dll.so" not found
D/Mono    ( 7169): Config attempting to parse: 'Plugin.Permissions.dll.config'.
D/Mono    ( 7169): Config attempting to parse: '/Users/builder/data/lanes/4009/f3074d2c/source/monodroid/builds/install/mono-armv6/etc/mono/assemblies/Plugin.Permissions/Plugin.Permissions.config'.
D/Mono    ( 7169): Image addref Plugin.Permissions.Abstractions[0x7a395258] -> Plugin.Permissions.Abstractions.dll[0x7a3945f8]: 2
D/Mono    ( 7169): Prepared to set up assembly 'Plugin.Permissions.Abstractions' (Plugin.Permissions.Abstractions.dll)
D/Mono    ( 7169): Assembly Plugin.Permissions.Abstractions[0x7a395258] added to domain RootDomain, ref_count=1
D/Mono    ( 7169): AOT module 'Plugin.Permissions.Abstractions.dll.so' not found: dlopen failed: library "/data/app-lib/com.careerbuilder.SugarDrone-1/libaot-Plugin.Permissions.Abstractions.dll.so" not found
D/Mono    ( 7169): AOT module '/Users/builder/data/lanes/4009/f3074d2c/source/monodroid/builds/install/mono-armv6/lib/mono/aot-cache/arm/Plugin.Permissions.Abstractions.dll.so' not found: dlopen failed: library "/data/app-lib/com.careerbuilder.SugarDrone-1/libaot-Plugin.Permissions.Abstractions.dll.so" not found
D/Mono    ( 7169): Config attempting to parse: 'Plugin.Permissions.Abstractions.dll.config'.
D/Mono    ( 7169): Config attempting to parse: '/Users/builder/data/lanes/4009/f3074d2c/source/monodroid/builds/install/mono-armv6/etc/mono/assemblies/Plugin.Permissions.Abstractions/Plugin.Permissions.Abstractions.config'.
D/Mono    ( 7169): Image addref Plugin.Geolocator[0x7a396108] -> Plugin.Geolocator.dll[0x7a3954b8]: 2
D/Mono    ( 7169): Prepared to set up assembly 'Plugin.Geolocator' (Plugin.Geolocator.dll)
D/Mono    ( 7169): Assembly Plugin.Geolocator[0x7a396108] added to domain RootDomain, ref_count=1
D/Mono    ( 7169): AOT module 'Plugin.Geolocator.dll.so' not found: dlopen failed: library "/data/app-lib/com.careerbuilder.SugarDrone-1/libaot-Plugin.Geolocator.dll.so" not found
D/Mono    ( 7169): AOT module '/Users/builder/data/lanes/4009/f3074d2c/source/monodroid/builds/install/mono-armv6/lib/mono/aot-cache/arm/Plugin.Geolocator.dll.so' not found: dlopen failed: library "/data/app-lib/com.careerbuilder.SugarDrone-1/libaot-Plugin.Geolocator.dll.so" not found
D/Mono    ( 7169): Config attempting to parse: 'Plugin.Geolocator.dll.config'.
D/Mono    ( 7169): Config attempting to parse: '/Users/builder/data/lanes/4009/f3074d2c/source/monodroid/builds/install/mono-armv6/etc/mono/assemblies/Plugin.Geolocator/Plugin.Geolocator.config'.
D/Mono    ( 7169): Image addref Plugin.Geolocator.Abstractions[0x7a3980a0] -> Plugin.Geolocator.Abstractions.dll[0x7a397488]: 2
D/Mono    ( 7169): Prepared to set up assembly 'Plugin.Geolocator.Abstractions' (Plugin.Geolocator.Abstractions.dll)
D/Mono    ( 7169): Assembly Plugin.Geolocator.Abstractions[0x7a3980a0] added to domain RootDomain, ref_count=1
D/Mono    ( 7169): AOT module 'Plugin.Geolocator.Abstractions.dll.so' not found: dlopen failed: library "/data/app-lib/com.careerbuilder.SugarDrone-1/libaot-Plugin.Geolocator.Abstractions.dll.so" not found
D/Mono    ( 7169): AOT module '/Users/builder/data/lanes/4009/f3074d2c/source/monodroid/builds/install/mono-armv6/lib/mono/aot-cache/arm/Plugin.Geolocator.Abstractions.dll.so' not found: dlopen failed: library "/data/app-lib/com.careerbuilder.SugarDrone-1/libaot-Plugin.Geolocator.Abstractions.dll.so" not found
D/Mono    ( 7169): Config attempting to parse: 'Plugin.Geolocator.Abstractions.dll.config'.
D/Mono    ( 7169): Config attempting to parse: '/Users/builder/data/lanes/4009/f3074d2c/source/monodroid/builds/install/mono-armv6/etc/mono/assemblies/Plugin.Geolocator.Abstractions/Plugin.Geolocator.Abstractions.config'.
D/Mono    ( 7169): Image addref Plugin.DeviceInfo[0x7a399418] -> Plugin.DeviceInfo.dll[0x7a3987b8]: 2
D/Mono    ( 7169): Prepared to set up assembly 'Plugin.DeviceInfo' (Plugin.DeviceInfo.dll)
D/Mono    ( 7169): Assembly Plugin.DeviceInfo[0x7a399418] added to domain RootDomain, ref_count=1
D/Mono    ( 7169): AOT module 'Plugin.DeviceInfo.dll.so' not found: dlopen failed: library "/data/app-lib/com.careerbuilder.SugarDrone-1/libaot-Plugin.DeviceInfo.dll.so" not found
D/Mono    ( 7169): AOT module '/Users/builder/data/lanes/4009/f3074d2c/source/monodroid/builds/install/mono-armv6/lib/mono/aot-cache/arm/Plugin.DeviceInfo.dll.so' not found: dlopen failed: library "/data/app-lib/com.careerbuilder.SugarDrone-1/libaot-Plugin.DeviceInfo.dll.so" not found
D/Mono    ( 7169): Config attempting to parse: 'Plugin.DeviceInfo.dll.config'.
D/Mono    ( 7169): Config attempting to parse: '/Users/builder/data/lanes/4009/f3074d2c/source/monodroid/builds/install/mono-armv6/etc/mono/assemblies/Plugin.DeviceInfo/Plugin.DeviceInfo.config'.
D/Mono    ( 7169): Image addref Plugin.DeviceInfo.Abstractions[0x7a39a608] -> Plugin.DeviceInfo.Abstractions.dll[0x7a399998]: 2
D/Mono    ( 7169): Prepared to set up assembly 'Plugin.DeviceInfo.Abstractions' (Plugin.DeviceInfo.Abstractions.dll)
D/Mono    ( 7169): Assembly Plugin.DeviceInfo.Abstractions[0x7a39a608] added to domain RootDomain, ref_count=1
D/Mono    ( 7169): AOT module 'Plugin.DeviceInfo.Abstractions.dll.so' not found: dlopen failed: library "/data/app-lib/com.careerbuilder.SugarDrone-1/libaot-Plugin.DeviceInfo.Abstractions.dll.so" not found
D/Mono    ( 7169): AOT module '/Users/builder/data/lanes/4009/f3074d2c/source/monodroid/builds/install/mono-armv6/lib/mono/aot-cache/arm/Plugin.DeviceInfo.Abstractions.dll.so' not found: dlopen failed: library "/data/app-lib/com.careerbuilder.SugarDrone-1/libaot-Plugin.DeviceInfo.Abstractions.dll.so" not found
D/Mono    ( 7169): Config attempting to parse: 'Plugin.DeviceInfo.Abstractions.dll.config'.
D/Mono    ( 7169): Config attempting to parse: '/Users/builder/data/lanes/4009/f3074d2c/source/monodroid/builds/install/mono-armv6/etc/mono/assemblies/Plugin.DeviceInfo.Abstractions/Plugin.DeviceInfo.Abstractions.config'.
D/Mono    ( 7169): Image addref Xamarin.GooglePlayServices.Analytics[0x7a39b4f0] -> Xamarin.GooglePlayServices.Analytics.dll[0x7a39a8e0]: 2
D/Mono    ( 7169): Prepared to set up assembly 'Xamarin.GooglePlayServices.Analytics' (Xamarin.GooglePlayServices.Analytics.dll)
D/Mono    ( 7169): Assembly Xamarin.GooglePlayServices.Analytics[0x7a39b4f0] added to domain RootDomain, ref_count=1
D/Mono    ( 7169): AOT module 'Xamarin.GooglePlayServices.Analytics.dll.so' not found: dlopen failed: library "/data/app-lib/com.careerbuilder.SugarDrone-1/libaot-Xamarin.GooglePlayServices.Analytics.dll.so" not found
D/Mono    ( 7169): AOT module '/Users/builder/data/lanes/4009/f3074d2c/source/monodroid/builds/install/mono-armv6/lib/mono/aot-cache/arm/Xamarin.GooglePlayServices.Analytics.dll.so' not found: dlopen failed: library "/data/app-lib/com.careerbuilder.SugarDrone-1/libaot-Xamarin.GooglePlayServices.Analytics.dll.so" not found
D/Mono    ( 7169): Config attempting to parse: 'Xamarin.GooglePlayServices.Analytics.dll.config'.
D/Mono    ( 7169): Config attempting to parse: '/Users/builder/data/lanes/4009/f3074d2c/source/monodroid/builds/install/mono-armv6/etc/mono/assemblies/Xamarin.GooglePlayServices.Analytics/Xamarin.GooglePlayServices.Analytics.config'.
D/Mono    ( 7169): Image addref Xamarin.GooglePlayServices.Base[0x7a39c248] -> Xamarin.GooglePlayServices.Base.dll[0x7a39b690]: 2
D/Mono    ( 7169): Prepared to set up assembly 'Xamarin.GooglePlayServices.Base' (Xamarin.GooglePlayServices.Base.dll)
D/Mono    ( 7169): Assembly Xamarin.GooglePlayServices.Base[0x7a39c248] added to domain RootDomain, ref_count=1
