<![CDATA[
]]><xtc-scenario name="[0-1031]CareerBuilder_Search.DroidFeatureTests.JDPTests.SavedButtonShouldShowSavedIntialState" id="[0-1031]CareerBuilder_Search.DroidFeatureTests.JDPTests.SavedButtonShouldShowSavedIntialState"><![CDATA[

]]><xtc-step name="[0-1031]CareerBuilder_Search.DroidFeatureTests.JDPTests.SavedButtonShouldShowSavedIntialState-SavedButtonShouldShowSavedIntialState" id="[0-1031]CareerBuilder_Search.DroidFeatureTests.JDPTests.SavedButtonShouldShowSavedIntialState-SavedButtonShouldShowSavedIntialState"><![CDATA[
D/AndroidRuntime( 5108): 
D/AndroidRuntime( 5108): >>>>>> AndroidRuntime START com.android.internal.os.RuntimeInit <<<<<<
D/AndroidRuntime( 5108): CheckJNI is OFF
D/dalvikvm( 5108): Trying to load lib libjavacore.so 0x0
D/dalvikvm( 5108): Added shared lib libjavacore.so 0x0
D/dalvikvm( 5108): Trying to load lib libnativehelper.so 0x0
D/dalvikvm( 5108): Added shared lib libnativehelper.so 0x0
D/dalvikvm( 5108): No JNI_OnLoad found in libnativehelper.so 0x0, skipping init
D/dalvikvm( 5108): Note: class Landroid/app/ActivityManagerNative; has 179 unimplemented (abstract) methods
D/AndroidRuntime( 5108): Calling main entry com.android.commands.pm.Pm
D/AndroidRuntime( 5108): Shutting down VM
D/dalvikvm( 5108): GC_CONCURRENT freed 248K, 31% free 567K/820K, paused 0ms+0ms, total 3ms
D/AndroidRuntime( 5449): 
D/AndroidRuntime( 5449): >>>>>> AndroidRuntime START com.android.internal.os.RuntimeInit <<<<<<
D/AndroidRuntime( 5449): CheckJNI is OFF
D/dalvikvm( 5449): Trying to load lib libjavacore.so 0x0
D/dalvikvm( 5449): Added shared lib libjavacore.so 0x0
D/dalvikvm( 5449): Trying to load lib libnativehelper.so 0x0
D/dalvikvm( 5449): Added shared lib libnativehelper.so 0x0
D/dalvikvm( 5449): No JNI_OnLoad found in libnativehelper.so 0x0, skipping init
D/dalvikvm( 5449): Note: class Landroid/app/ActivityManagerNative; has 179 unimplemented (abstract) methods
D/AndroidRuntime( 5449): Calling main entry com.android.commands.am.Am
D/AndroidRuntime( 5449): Shutting down VM
D/dalvikvm( 5449): GC_CONCURRENT freed 93K, 15% free 553K/648K, paused 0ms+0ms, total 3ms
--------- beginning of /dev/log/system
W/ActivityManager(  563): Invalid packageName: com.careerbuilder.SugarDrone
D/AndroidRuntime( 6064): 
D/AndroidRuntime( 6064): >>>>>> AndroidRuntime START com.android.internal.os.RuntimeInit <<<<<<
D/AndroidRuntime( 6064): CheckJNI is OFF
D/dalvikvm( 6064): Trying to load lib libjavacore.so 0x0
D/dalvikvm( 6064): Added shared lib libjavacore.so 0x0
D/dalvikvm( 6064): Trying to load lib libnativehelper.so 0x0
D/dalvikvm( 6064): Added shared lib libnativehelper.so 0x0
D/dalvikvm( 6064): No JNI_OnLoad found in libnativehelper.so 0x0, skipping init
D/dalvikvm( 6064): Note: class Landroid/app/ActivityManagerNative; has 179 unimplemented (abstract) methods
D/AndroidRuntime( 6064): Calling main entry com.android.commands.pm.Pm
W/ActivityManager(  563): No content provider found for permission revoke: file:///data/local/tmp/0000002245
W/ActivityManager(  563): No content provider found for permission revoke: file:///data/local/tmp/0000002245
I/PackageManager(  563): Copying native libraries to /data/app-lib/vmdl2078834995
D/dalvikvm(  563): GC_CONCURRENT freed 1274K, 13% free 19883K/22636K, paused 3ms+5ms, total 64ms
D/dalvikvm(  563): WAIT_FOR_CONCURRENT_GC blocked 61ms
D/dalvikvm(  563): GC_CONCURRENT freed 1995K, 9% free 20610K/22648K, paused 3ms+5ms, total 73ms
D/dalvikvm(  563): WAIT_FOR_CONCURRENT_GC blocked 64ms
D/dalvikvm(  563): GC_FOR_ALLOC freed 2675K, 13% free 20637K/23560K, paused 68ms, total 68ms
D/dalvikvm(  563): GC_FOR_ALLOC freed 2734K, 13% free 20656K/23596K, paused 69ms, total 69ms
D/dalvikvm(  563): GC_CONCURRENT freed 2762K, 13% free 20700K/23620K, paused 4ms+6ms, total 74ms
D/dalvikvm(  563): WAIT_FOR_CONCURRENT_GC blocked 69ms
I/PackageManager(  563): Running dexopt on: com.careerbuilder.SugarDrone
W/dalvikvm( 6147): method Landroid/support/v7/widget/ListViewCompat;.lookForSelectablePosition incorrectly overrides package-private method with same name in Landroid/widget/ListView;
D/dalvikvm( 6147): DexOpt: couldn't find static field Landroid/os/Build;.SUPPORTED_ABIS
D/dalvikvm( 6147): DexOpt: load 293ms, verify+opt 1589ms, 3733380 bytes
I/ActivityManager(  563): Force stopping com.careerbuilder.SugarDrone appid=18324 user=-1: update pkg
W/PackageManager(  563): Not granting permission android.permission.MANAGE_DOCUMENTS to package com.careerbuilder.SugarDrone (protectionLevel=2 flags=0x8be46)
W/PackageManager(  563): Not granting permission android.permission.MOUNT_UNMOUNT_FILESYSTEMS to package com.careerbuilder.SugarDrone (protectionLevel=18 flags=0x8be46)
I/InputReader(  563): Reconfiguring input devices.  changes=0x00000010
D/dalvikvm(  816): GC_CONCURRENT freed 449K, 5% free 9240K/9720K, paused 2ms+1ms, total 14ms
I/Icing.InternalIcingCorporaProvider( 1356): Updating corpora: A: com.careerbuilder.SugarDrone, C: MAYBE
D/BackupManagerService(  563): Received broadcast Intent { act=android.intent.action.PACKAGE_ADDED dat=package:com.careerbuilder.SugarDrone flg=0x4000010 (has extras) }
V/BackupManagerService(  563): addPackageParticipantsLocked: #1
D/dalvikvm( 1356): GC_CONCURRENT freed 507K, 7% free 9478K/10120K, paused 3ms+2ms, total 19ms
I/ActivityManager(  563): Delay finish: com.google.android.gms/.gcm.GcmPackageTracker$GcmPackageChangeReceiver
D/dalvikvm(  563): GC_EXPLICIT freed 1756K, 12% free 20811K/23620K, paused 3ms+20ms, total 212ms
D/AndroidRuntime( 6064): Shutting down VM
D/Wear_Controller( 1010): Received broadcast action=android.intent.action.PACKAGE_ADDED and uri=com.careerbuilder.SugarDrone
I/PeopleContactsSync( 1010): triggerPendingContactsCleanup: no accounts
D/dalvikvm( 6064): GC_CONCURRENT freed 95K, 15% free 561K/660K, paused 0ms+0ms, total 2ms
W/IcingInternalCorpora( 1010): getNumBytesRead when not calculated.
D/dalvikvm( 1010): GC_CONCURRENT freed 1150K, 12% free 12530K/14096K, paused 4ms+5ms, total 47ms
I/Icing   ( 1010): Usage reports 0 indexed 0 rejected 0 imm upload true
I/Icing.InternalIcingCorporaProvider( 1356): UpdateCorporaTask done [took 298 ms] updated apps [took 298 ms] 
I/ActivityManager(  563): Resuming delayed broadcast
I/Icing   ( 1010): Usage reports 0 indexed 0 rejected 0 imm upload false
I/Icing   ( 1010): Usage reports 0 indexed 0 rejected 0 imm upload false
D/AndroidRuntime( 6246): 
D/AndroidRuntime( 6246): >>>>>> AndroidRuntime START com.android.internal.os.RuntimeInit <<<<<<
D/AndroidRuntime( 6246): CheckJNI is OFF
D/dalvikvm( 6246): Trying to load lib libjavacore.so 0x0
D/dalvikvm( 6246): Added shared lib libjavacore.so 0x0
D/dalvikvm( 6246): Trying to load lib libnativehelper.so 0x0
D/dalvikvm( 6246): Added shared lib libnativehelper.so 0x0
D/dalvikvm( 6246): No JNI_OnLoad found in libnativehelper.so 0x0, skipping init
D/dalvikvm( 6246): Note: class Landroid/app/ActivityManagerNative; has 179 unimplemented (abstract) methods
D/AndroidRuntime( 6246): Calling main entry com.android.commands.settings.SettingsCmd
D/AndroidRuntime( 6246): Shutting down VM
D/dalvikvm( 6246): GC_CONCURRENT freed 96K, 16% free 562K/664K, paused 0ms+0ms, total 2ms
I/Icing   ( 1010): Indexing 5DEEA38537210BEE0F2C135EA4D174C2C8299805 from com.google.android.googlequicksearchbox
I/Icing   ( 1010): Indexing done 5DEEA38537210BEE0F2C135EA4D174C2C8299805
I/Icing   ( 1010): Indexing A71B48A243897ACCCBB490823C9E3D3488B33FED from com.google.android.gms
D/dalvikvm( 1010): GC_CONCURRENT freed 1130K, 12% free 12520K/14096K, paused 3ms+3ms, total 46ms
D/dalvikvm( 1010): WAIT_FOR_CONCURRENT_GC blocked 16ms
I/Icing   ( 1010): Indexing done A71B48A243897ACCCBB490823C9E3D3488B33FED
D/AndroidRuntime( 6274): 
D/AndroidRuntime( 6274): >>>>>> AndroidRuntime START com.android.internal.os.RuntimeInit <<<<<<
D/AndroidRuntime( 6274): CheckJNI is OFF
D/dalvikvm( 6274): Trying to load lib libjavacore.so 0x0
D/dalvikvm( 6274): Added shared lib libjavacore.so 0x0
D/dalvikvm( 6274): Trying to load lib libnativehelper.so 0x0
D/dalvikvm( 6274): Added shared lib libnativehelper.so 0x0
D/dalvikvm( 6274): No JNI_OnLoad found in libnativehelper.so 0x0, skipping init
D/dalvikvm( 6274): Note: class Landroid/app/ActivityManagerNative; has 179 unimplemented (abstract) methods
D/AndroidRuntime( 6274): Calling main entry com.android.commands.settings.SettingsCmd
D/AndroidRuntime( 6274): Shutting down VM
D/dalvikvm( 6274): GC_CONCURRENT freed 96K, 15% free 562K/660K, paused 0ms+0ms, total 2ms
D/AndroidRuntime( 6301): 
D/AndroidRuntime( 6301): >>>>>> AndroidRuntime START com.android.internal.os.RuntimeInit <<<<<<
D/AndroidRuntime( 6301): CheckJNI is OFF
D/dalvikvm( 6301): Trying to load lib libjavacore.so 0x0
D/dalvikvm( 6301): Added shared lib libjavacore.so 0x0
D/dalvikvm( 6301): Trying to load lib libnativehelper.so 0x0
D/dalvikvm( 6301): Added shared lib libnativehelper.so 0x0
D/dalvikvm( 6301): No JNI_OnLoad found in libnativehelper.so 0x0, skipping init
D/dalvikvm( 6301): Note: class Landroid/app/ActivityManagerNative; has 179 unimplemented (abstract) methods
D/AndroidRuntime( 6301): Calling main entry com.android.commands.settings.SettingsCmd
D/AndroidRuntime( 6301): Shutting down VM
D/dalvikvm( 6301): GC_CONCURRENT freed 96K, 16% free 562K/664K, paused 0ms+0ms, total 2ms
D/AndroidRuntime( 6329): 
D/AndroidRuntime( 6329): >>>>>> AndroidRuntime START com.android.internal.os.RuntimeInit <<<<<<
D/AndroidRuntime( 6329): CheckJNI is OFF
D/dalvikvm( 6329): Trying to load lib libjavacore.so 0x0
D/dalvikvm( 6329): Added shared lib libjavacore.so 0x0
D/dalvikvm( 6329): Trying to load lib libnativehelper.so 0x0
D/dalvikvm( 6329): Added shared lib libnativehelper.so 0x0
D/dalvikvm( 6329): No JNI_OnLoad found in libnativehelper.so 0x0, skipping init
D/dalvikvm( 6329): Note: class Landroid/app/ActivityManagerNative; has 179 unimplemented (abstract) methods
D/AndroidRuntime( 6329): Calling main entry com.android.commands.settings.SettingsCmd
D/AndroidRuntime( 6329): Shutting down VM
D/dalvikvm( 6329): GC_CONCURRENT freed 96K, 15% free 562K/660K, paused 0ms+0ms, total 2ms
D/AndroidRuntime( 6362): 
D/AndroidRuntime( 6362): >>>>>> AndroidRuntime START com.android.internal.os.RuntimeInit <<<<<<
D/AndroidRuntime( 6362): CheckJNI is OFF
D/dalvikvm( 6362): Trying to load lib libjavacore.so 0x0
D/dalvikvm( 6362): Added shared lib libjavacore.so 0x0
D/dalvikvm( 6362): Trying to load lib libnativehelper.so 0x0
D/dalvikvm( 6362): Added shared lib libnativehelper.so 0x0
D/dalvikvm( 6362): No JNI_OnLoad found in libnativehelper.so 0x0, skipping init
D/dalvikvm( 6362): Note: class Landroid/app/ActivityManagerNative; has 179 unimplemented (abstract) methods
D/AndroidRuntime( 6362): Calling main entry com.android.commands.settings.SettingsCmd
D/AndroidRuntime( 6362): Shutting down VM
D/dalvikvm( 6362): GC_CONCURRENT freed 96K, 15% free 562K/660K, paused 0ms+1ms, total 3ms
D/AndroidRuntime( 6394): 
D/AndroidRuntime( 6394): >>>>>> AndroidRuntime START com.android.internal.os.RuntimeInit <<<<<<
D/AndroidRuntime( 6394): CheckJNI is OFF
D/dalvikvm( 6394): Trying to load lib libjavacore.so 0x0
D/dalvikvm( 6394): Added shared lib libjavacore.so 0x0
D/dalvikvm( 6394): Trying to load lib libnativehelper.so 0x0
D/dalvikvm( 6394): Added shared lib libnativehelper.so 0x0
D/dalvikvm( 6394): No JNI_OnLoad found in libnativehelper.so 0x0, skipping init
D/dalvikvm( 6394): Note: class Landroid/app/ActivityManagerNative; has 179 unimplemented (abstract) methods
D/AndroidRuntime( 6394): Calling main entry com.android.commands.settings.SettingsCmd
D/AndroidRuntime( 6394): Shutting down VM
D/dalvikvm( 6394): GC_CONCURRENT freed 96K, 15% free 562K/660K, paused 0ms+0ms, total 2ms
D/AndroidRuntime( 6426): 
D/AndroidRuntime( 6426): >>>>>> AndroidRuntime START com.android.internal.os.RuntimeInit <<<<<<
D/AndroidRuntime( 6426): CheckJNI is OFF
D/dalvikvm( 6426): Trying to load lib libjavacore.so 0x0
D/dalvikvm( 6426): Added shared lib libjavacore.so 0x0
D/dalvikvm( 6426): Trying to load lib libnativehelper.so 0x0
D/dalvikvm( 6426): Added shared lib libnativehelper.so 0x0
D/dalvikvm( 6426): No JNI_OnLoad found in libnativehelper.so 0x0, skipping init
D/dalvikvm( 6426): Note: class Landroid/app/ActivityManagerNative; has 179 unimplemented (abstract) methods
D/AndroidRuntime( 6426): Calling main entry com.android.commands.pm.Pm
D/AndroidRuntime( 6426): Shutting down VM
D/dalvikvm( 6426): GC_CONCURRENT freed 249K, 31% free 567K/820K, paused 0ms+0ms, total 3ms
D/dalvikvm(  563): GC_CONCURRENT freed 4281K, 19% free 19465K/23784K, paused 2ms+6ms, total 90ms
D/AndroidRuntime( 6497): 
D/AndroidRuntime( 6497): >>>>>> AndroidRuntime START com.android.internal.os.RuntimeInit <<<<<<
D/AndroidRuntime( 6497): CheckJNI is OFF
D/dalvikvm( 6497): Trying to load lib libjavacore.so 0x0
D/dalvikvm( 6497): Added shared lib libjavacore.so 0x0
D/dalvikvm( 6497): Trying to load lib libnativehelper.so 0x0
D/dalvikvm( 6497): Added shared lib libnativehelper.so 0x0
D/dalvikvm( 6497): No JNI_OnLoad found in libnativehelper.so 0x0, skipping init
D/dalvikvm( 6497): Note: class Landroid/app/ActivityManagerNative; has 179 unimplemented (abstract) methods
D/AndroidRuntime( 6497): Calling main entry com.android.commands.pm.Pm
D/AndroidRuntime( 6497): Shutting down VM
D/dalvikvm( 6497): GC_CONCURRENT freed 249K, 31% free 567K/820K, paused 0ms+0ms, total 3ms
D/AndroidRuntime( 6598): 
D/AndroidRuntime( 6598): >>>>>> AndroidRuntime START com.android.internal.os.RuntimeInit <<<<<<
D/AndroidRuntime( 6598): CheckJNI is OFF
D/dalvikvm( 6598): Trying to load lib libjavacore.so 0x0
D/dalvikvm( 6598): Added shared lib libjavacore.so 0x0
D/dalvikvm( 6598): Trying to load lib libnativehelper.so 0x0
D/dalvikvm( 6598): Added shared lib libnativehelper.so 0x0
D/dalvikvm( 6598): No JNI_OnLoad found in libnativehelper.so 0x0, skipping init
D/dalvikvm( 6598): Note: class Landroid/app/ActivityManagerNative; has 179 unimplemented (abstract) methods
D/AndroidRuntime( 6598): Calling main entry com.android.commands.am.Am
D/AndroidRuntime( 6598): Shutting down VM
W/ActivityManager(  563): Invalid packageName: com.careerbuilder.SugarDrone.test
D/dalvikvm( 6598): GC_CONCURRENT freed 93K, 15% free 553K/648K, paused 1ms+0ms, total 3ms
D/AndroidRuntime( 6631): 
D/AndroidRuntime( 6631): >>>>>> AndroidRuntime START com.android.internal.os.RuntimeInit <<<<<<
D/AndroidRuntime( 6631): CheckJNI is OFF
D/dalvikvm( 6631): Trying to load lib libjavacore.so 0x0
D/dalvikvm( 6631): Added shared lib libjavacore.so 0x0
D/dalvikvm( 6631): Trying to load lib libnativehelper.so 0x0
D/dalvikvm( 6631): Added shared lib libnativehelper.so 0x0
D/dalvikvm( 6631): No JNI_OnLoad found in libnativehelper.so 0x0, skipping init
D/dalvikvm( 6631): Note: class Landroid/app/ActivityManagerNative; has 179 unimplemented (abstract) methods
D/AndroidRuntime( 6631): Calling main entry com.android.commands.pm.Pm
W/ActivityManager(  563): No content provider found for permission revoke: file:///data/local/tmp/0000002246
W/ActivityManager(  563): No content provider found for permission revoke: file:///data/local/tmp/0000002246
I/PackageManager(  563): Copying native libraries to /data/app-lib/vmdl136086245
I/PackageManager(  563): Running dexopt on: com.careerbuilder.SugarDrone.test
D/dalvikvm( 6655): DexOpt: load 69ms, verify+opt 522ms, 1565836 bytes
I/ActivityManager(  563): Force stopping com.careerbuilder.SugarDrone.test appid=18325 user=-1: update pkg
I/InputReader(  563): Reconfiguring input devices.  changes=0x00000010
I/ActivityManager(  563): Delay finish: com.android.musicfx/.Compatibility$Receiver
I/ActivityManager(  563): Resuming delayed broadcast
I/ActivityManager(  563): Delay finish: com.google.android.apps.plus/.service.PackagesMediaMonitor
I/Icing.InternalIcingCorporaProvider( 1356): Updating corpora: A: com.careerbuilder.SugarDrone.test, C: MAYBE
D/BackupManagerService(  563): Received broadcast Intent { act=android.intent.action.PACKAGE_ADDED dat=package:com.careerbuilder.SugarDrone.test flg=0x4000010 (has extras) }
V/BackupManagerService(  563): addPackageParticipantsLocked: #1
I/ActivityManager(  563): Resuming delayed broadcast
I/Icing.InternalIcingCorporaProvider( 1356): UpdateCorporaTask done [took 43 ms] updated apps [took 43 ms] 
I/PeopleContactsSync( 1010): triggerPendingContactsCleanup: no accounts
D/Wear_Controller( 1010): Received broadcast action=android.intent.action.PACKAGE_ADDED and uri=com.careerbuilder.SugarDrone.test
W/IcingInternalCorpora( 1010): getNumBytesRead when not calculated.
D/dalvikvm(  563): GC_EXPLICIT freed 1119K, 18% free 19553K/23784K, paused 2ms+13ms, total 344ms
D/AndroidRuntime( 6631): Shutting down VM
I/Icing   ( 1010): Usage reports 0 indexed 0 rejected 0 imm upload false
D/dalvikvm( 6631): GC_CONCURRENT freed 95K, 15% free 561K/660K, paused 0ms+0ms, total 3ms
D/dalvikvm( 1010): GC_CONCURRENT freed 1289K, 11% free 12407K/13888K, paused 4ms+5ms, total 91ms
D/dalvikvm( 1010): WAIT_FOR_CONCURRENT_GC blocked 46ms
I/Icing   ( 1010): Usage reports 0 indexed 0 rejected 0 imm upload false
D/AndroidRuntime( 6722): 
D/AndroidRuntime( 6722): >>>>>> AndroidRuntime START com.android.internal.os.RuntimeInit <<<<<<
D/AndroidRuntime( 6722): CheckJNI is OFF
D/dalvikvm( 6722): Trying to load lib libjavacore.so 0x0
D/dalvikvm( 6722): Added shared lib libjavacore.so 0x0
D/dalvikvm( 6722): Trying to load lib libnativehelper.so 0x0
D/dalvikvm( 6722): Added shared lib libnativehelper.so 0x0
D/dalvikvm( 6722): No JNI_OnLoad found in libnativehelper.so 0x0, skipping init
D/dalvikvm( 6722): Note: class Landroid/app/ActivityManagerNative; has 179 unimplemented (abstract) methods
D/AndroidRuntime( 6722): Calling main entry com.android.commands.settings.SettingsCmd
D/AndroidRuntime( 6722): Shutting down VM
D/dalvikvm( 6722): GC_CONCURRENT freed 96K, 15% free 562K/660K, paused 1ms+1ms, total 3ms
I/Icing   ( 1010): Indexing A71B48A243897ACCCBB490823C9E3D3488B33FED from com.google.android.gms
I/Icing   ( 1010): Indexing done A71B48A243897ACCCBB490823C9E3D3488B33FED
D/AndroidRuntime( 6756): 
D/AndroidRuntime( 6756): >>>>>> AndroidRuntime START com.android.internal.os.RuntimeInit <<<<<<
D/AndroidRuntime( 6756): CheckJNI is OFF
D/dalvikvm( 6756): Trying to load lib libjavacore.so 0x0
D/dalvikvm( 6756): Added shared lib libjavacore.so 0x0
D/dalvikvm( 6756): Trying to load lib libnativehelper.so 0x0
D/dalvikvm( 6756): Added shared lib libnativehelper.so 0x0
D/dalvikvm( 6756): No JNI_OnLoad found in libnativehelper.so 0x0, skipping init
D/dalvikvm( 6756): Note: class Landroid/app/ActivityManagerNative; has 179 unimplemented (abstract) methods
D/AndroidRuntime( 6756): Calling main entry com.android.commands.settings.SettingsCmd
D/AndroidRuntime( 6756): Shutting down VM
D/dalvikvm( 6756): GC_CONCURRENT freed 96K, 15% free 562K/660K, paused 1ms+0ms, total 3ms
D/AndroidRuntime( 6783): 
D/AndroidRuntime( 6783): >>>>>> AndroidRuntime START com.android.internal.os.RuntimeInit <<<<<<
D/AndroidRuntime( 6783): CheckJNI is OFF
D/dalvikvm( 6783): Trying to load lib libjavacore.so 0x0
D/dalvikvm( 6783): Added shared lib libjavacore.so 0x0
D/dalvikvm( 6783): Trying to load lib libnativehelper.so 0x0
D/dalvikvm( 6783): Added shared lib libnativehelper.so 0x0
D/dalvikvm( 6783): No JNI_OnLoad found in libnativehelper.so 0x0, skipping init
D/dalvikvm( 6783): Note: class Landroid/app/ActivityManagerNative; has 179 unimplemented (abstract) methods
D/AndroidRuntime( 6783): Calling main entry com.android.commands.settings.SettingsCmd
D/AndroidRuntime( 6783): Shutting down VM
D/dalvikvm( 6783): GC_CONCURRENT freed 96K, 15% free 562K/660K, paused 0ms+1ms, total 3ms
I/AndroidRuntime( 6783): NOTE: attach of thread 'Binder_1' failed
D/AndroidRuntime( 6810): 
D/AndroidRuntime( 6810): >>>>>> AndroidRuntime START com.android.internal.os.RuntimeInit <<<<<<
D/AndroidRuntime( 6810): CheckJNI is OFF
D/dalvikvm( 6810): Trying to load lib libjavacore.so 0x0
D/dalvikvm( 6810): Added shared lib libjavacore.so 0x0
D/dalvikvm( 6810): Trying to load lib libnativehelper.so 0x0
D/dalvikvm( 6810): Added shared lib libnativehelper.so 0x0
D/dalvikvm( 6810): No JNI_OnLoad found in libnativehelper.so 0x0, skipping init
D/dalvikvm( 6810): Note: class Landroid/app/ActivityManagerNative; has 179 unimplemented (abstract) methods
D/AndroidRuntime( 6810): Calling main entry com.android.commands.settings.SettingsCmd
D/AndroidRuntime( 6810): Shutting down VM
D/dalvikvm( 6810): GC_CONCURRENT freed 96K, 15% free 562K/660K, paused 1ms+1ms, total 3ms
D/AndroidRuntime( 6841): 
D/AndroidRuntime( 6841): >>>>>> AndroidRuntime START com.android.internal.os.RuntimeInit <<<<<<
D/AndroidRuntime( 6841): CheckJNI is OFF
D/dalvikvm( 6841): Trying to load lib libjavacore.so 0x0
D/dalvikvm( 6841): Added shared lib libjavacore.so 0x0
D/dalvikvm( 6841): Trying to load lib libnativehelper.so 0x0
D/dalvikvm( 6841): Added shared lib libnativehelper.so 0x0
D/dalvikvm( 6841): No JNI_OnLoad found in libnativehelper.so 0x0, skipping init
D/dalvikvm( 6841): Note: class Landroid/app/ActivityManagerNative; has 179 unimplemented (abstract) methods
D/AndroidRuntime( 6841): Calling main entry com.android.commands.settings.SettingsCmd
D/AndroidRuntime( 6841): Shutting down VM
D/dalvikvm( 6841): GC_CONCURRENT freed 96K, 15% free 562K/660K, paused 0ms+0ms, total 2ms
D/AndroidRuntime( 6874): 
D/AndroidRuntime( 6874): >>>>>> AndroidRuntime START com.android.internal.os.RuntimeInit <<<<<<
D/AndroidRuntime( 6874): CheckJNI is OFF
D/dalvikvm( 6874): Trying to load lib libjavacore.so 0x0
D/dalvikvm( 6874): Added shared lib libjavacore.so 0x0
D/dalvikvm( 6874): Trying to load lib libnativehelper.so 0x0
D/dalvikvm( 6874): Added shared lib libnativehelper.so 0x0
D/dalvikvm( 6874): No JNI_OnLoad found in libnativehelper.so 0x0, skipping init
D/dalvikvm( 6874): Note: class Landroid/app/ActivityManagerNative; has 179 unimplemented (abstract) methods
D/AndroidRuntime( 6874): Calling main entry com.android.commands.settings.SettingsCmd
D/AndroidRuntime( 6874): Shutting down VM
D/dalvikvm( 6874): GC_CONCURRENT freed 96K, 15% free 562K/660K, paused 0ms+1ms, total 3ms
D/AndroidRuntime( 6907): 
D/AndroidRuntime( 6907): >>>>>> AndroidRuntime START com.android.internal.os.RuntimeInit <<<<<<
D/AndroidRuntime( 6907): CheckJNI is OFF
D/dalvikvm( 6907): Trying to load lib libjavacore.so 0x0
D/dalvikvm( 6907): Added shared lib libjavacore.so 0x0
D/dalvikvm( 6907): Trying to load lib libnativehelper.so 0x0
D/dalvikvm( 6907): Added shared lib libnativehelper.so 0x0
D/dalvikvm( 6907): No JNI_OnLoad found in libnativehelper.so 0x0, skipping init
D/dalvikvm( 6907): Note: class Landroid/app/ActivityManagerNative; has 179 unimplemented (abstract) methods
D/AndroidRuntime( 6907): Calling main entry com.android.commands.pm.Pm
D/AndroidRuntime( 6907): Shutting down VM
D/dalvikvm( 6907): GC_CONCURRENT freed 251K, 31% free 567K/820K, paused 1ms+1ms, total 3ms
D/dalvikvm(  563): GC_CONCURRENT freed 2732K, 19% free 19462K/23784K, paused 2ms+6ms, total 78ms
D/AndroidRuntime( 6985): 
D/AndroidRuntime( 6985): >>>>>> AndroidRuntime START com.android.internal.os.RuntimeInit <<<<<<
D/AndroidRuntime( 6985): CheckJNI is OFF
D/dalvikvm( 6985): Trying to load lib libjavacore.so 0x0
D/dalvikvm( 6985): Added shared lib libjavacore.so 0x0
D/dalvikvm( 6985): Trying to load lib libnativehelper.so 0x0
D/dalvikvm( 6985): Added shared lib libnativehelper.so 0x0
D/dalvikvm( 6985): No JNI_OnLoad found in libnativehelper.so 0x0, skipping init
D/dalvikvm( 6985): Note: class Landroid/app/ActivityManagerNative; has 179 unimplemented (abstract) methods
D/AndroidRuntime( 6985): Calling main entry com.android.commands.pm.Pm
D/AndroidRuntime( 6985): Shutting down VM
D/dalvikvm( 6985): GC_CONCURRENT freed 251K, 31% free 567K/820K, paused 0ms+0ms, total 3ms
D/AndroidRuntime( 7064): 
D/AndroidRuntime( 7064): >>>>>> AndroidRuntime START com.android.internal.os.RuntimeInit <<<<<<
D/AndroidRuntime( 7064): CheckJNI is OFF
D/dalvikvm( 7064): Trying to load lib libjavacore.so 0x0
D/dalvikvm( 7064): Added shared lib libjavacore.so 0x0
D/dalvikvm( 7064): Trying to load lib libnativehelper.so 0x0
D/dalvikvm( 7064): Added shared lib libnativehelper.so 0x0
D/dalvikvm( 7064): No JNI_OnLoad found in libnativehelper.so 0x0, skipping init
D/dalvikvm( 7064): Note: class Landroid/app/ActivityManagerNative; has 179 unimplemented (abstract) methods
D/AndroidRuntime( 7064): Calling main entry com.android.commands.input.Input
I/Input   ( 7064): injectKeyEvent: KeyEvent { action=ACTION_DOWN, keyCode=KEYCODE_BACK, scanCode=0, metaState=0, flags=0x0, repeatCount=0, eventTime=276532, downTime=276532, deviceId=-1, source=0x101 }
I/Input   ( 7064): injectKeyEvent: KeyEvent { action=ACTION_UP, keyCode=KEYCODE_BACK, scanCode=0, metaState=0, flags=0x0, repeatCount=0, eventTime=276532, downTime=276532, deviceId=-1, source=0x101 }
D/AndroidRuntime( 7064): Shutting down VM
D/dalvikvm( 7064): GC_CONCURRENT freed 98K, 16% free 563K/664K, paused 0ms+0ms, total 2ms
D/AndroidRuntime( 7128): 
D/AndroidRuntime( 7128): >>>>>> AndroidRuntime START com.android.internal.os.RuntimeInit <<<<<<
D/AndroidRuntime( 7128): CheckJNI is OFF
D/dalvikvm( 7128): Trying to load lib libjavacore.so 0x0
D/dalvikvm( 7128): Added shared lib libjavacore.so 0x0
D/dalvikvm( 7128): Trying to load lib libnativehelper.so 0x0
D/dalvikvm( 7128): Added shared lib libnativehelper.so 0x0
D/dalvikvm( 7128): No JNI_OnLoad found in libnativehelper.so 0x0, skipping init
D/dalvikvm( 7128): Note: class Landroid/app/ActivityManagerNative; has 179 unimplemented (abstract) methods
D/AndroidRuntime( 7128): Calling main entry com.android.commands.input.Input
I/Input   ( 7128): injectKeyEvent: KeyEvent { action=ACTION_DOWN, keyCode=KEYCODE_HOME, scanCode=0, metaState=0, flags=0x0, repeatCount=0, eventTime=278348, downTime=278348, deviceId=-1, source=0x101 }
I/Input   ( 7128): injectKeyEvent: KeyEvent { action=ACTION_UP, keyCode=KEYCODE_HOME, scanCode=0, metaState=0, flags=0x0, repeatCount=0, eventTime=278348, downTime=278348, deviceId=-1, source=0x101 }
D/AndroidRuntime( 7128): Shutting down VM
I/ActivityManager(  563): START u0 {act=android.intent.action.MAIN cat=[android.intent.category.HOME] flg=0x10200000 cmp=com.android.launcher/com.android.launcher2.Launcher} from pid 563
D/dalvikvm( 7128): GC_CONCURRENT freed 98K, 16% free 563K/664K, paused 0ms+0ms, total 3ms
D/AndroidRuntime( 7163): 
D/AndroidRuntime( 7163): >>>>>> AndroidRuntime START com.android.internal.os.RuntimeInit <<<<<<
D/AndroidRuntime( 7163): CheckJNI is OFF
D/dalvikvm( 7163): Trying to load lib libjavacore.so 0x0
D/dalvikvm( 7163): Added shared lib libjavacore.so 0x0
D/dalvikvm( 7163): Trying to load lib libnativehelper.so 0x0
D/dalvikvm( 7163): Added shared lib libnativehelper.so 0x0
D/dalvikvm( 7163): No JNI_OnLoad found in libnativehelper.so 0x0, skipping init
D/dalvikvm( 7163): Note: class Landroid/app/ActivityManagerNative; has 179 unimplemented (abstract) methods
D/AndroidRuntime( 7163): Calling main entry com.android.commands.input.Input
I/Input   ( 7163): injectKeyEvent: KeyEvent { action=ACTION_DOWN, keyCode=KEYCODE_BACK, scanCode=0, metaState=0, flags=0x0, repeatCount=0, eventTime=279707, downTime=279707, deviceId=-1, source=0x101 }
I/Input   ( 7163): injectKeyEvent: KeyEvent { action=ACTION_UP, keyCode=KEYCODE_BACK, scanCode=0, metaState=0, flags=0x0, repeatCount=0, eventTime=279707, downTime=279707, deviceId=-1, source=0x101 }
D/AndroidRuntime( 7163): Shutting down VM
D/dalvikvm( 7163): GC_CONCURRENT freed 98K, 16% free 563K/664K, paused 0ms+1ms, total 2ms
D/dalvikvm( 1324): GC_CONCURRENT freed 436K, 5% free 9575K/10048K, paused 3ms+2ms, total 20ms
D/Finsky  ( 1324): [1] 5.onFinished: Installation state replication succeeded.
D/AndroidRuntime( 7201): 
D/AndroidRuntime( 7201): >>>>>> AndroidRuntime START com.android.internal.os.RuntimeInit <<<<<<
D/AndroidRuntime( 7201): CheckJNI is OFF
D/dalvikvm( 7201): Trying to load lib libjavacore.so 0x0
D/dalvikvm( 7201): Added shared lib libjavacore.so 0x0
D/dalvikvm( 7201): Trying to load lib libnativehelper.so 0x0
D/dalvikvm( 7201): Added shared lib libnativehelper.so 0x0
D/dalvikvm( 7201): No JNI_OnLoad found in libnativehelper.so 0x0, skipping init
D/dalvikvm( 7201): Note: class Landroid/app/ActivityManagerNative; has 179 unimplemented (abstract) methods
D/AndroidRuntime( 7201): Calling main entry com.android.commands.am.Am
I/ActivityManager(  563): Force stopping com.careerbuilder.SugarDrone appid=18324 user=0: start instr
D/dalvikvm( 7223): Late-enabling CheckJNI
I/ActivityManager(  563): Start proc com.careerbuilder.SugarDrone for added application com.careerbuilder.SugarDrone: pid=7223 uid=18324 gids={58324, 3003, 1028, 1015}
I/dalvikvm( 7223): Could not find method android.app.Instrumentation.execStartActivity, referenced from method sh.calaba.exposed.InstrumentationExposed.execStartActivity
W/dalvikvm( 7223): VFY: unable to resolve virtual method 38: Landroid/app/Instrumentation;.execStartActivity (Landroid/content/Context;Landroid/os/IBinder;Landroid/os/IBinder;Landroid/app/Activity;Landroid/content/Intent;I)Landroid/app/Instrumentation$ActivityResult;
D/dalvikvm( 7223): VFY: replacing opcode 0x75 at 0x0000
I/dalvikvm( 7223): Could not find method android.app.Instrumentation.execStartActivity, referenced from method sh.calaba.exposed.InstrumentationExposed.execStartActivity
W/dalvikvm( 7223): VFY: unable to resolve virtual method 41: Landroid/app/Instrumentation;.execStartActivity (Landroid/content/Context;Landroid/os/IBinder;Landroid/os/IBinder;Landroid/app/Fragment;Landroid/content/Intent;I)Landroid/app/Instrumentation$ActivityResult;
D/dalvikvm( 7223): VFY: replacing opcode 0x75 at 0x0000
I/dalvikvm( 7223): Could not find method android.app.Instrumentation.execStartActivityAsCaller, referenced from method sh.calaba.exposed.InstrumentationExposed.execStartActivityAsCaller
W/dalvikvm( 7223): VFY: unable to resolve virtual method 43: Landroid/app/Instrumentation;.execStartActivityAsCaller (Landroid/content/Context;Landroid/os/IBinder;Landroid/os/IBinder;Landroid/app/Activity;Landroid/content/Intent;ILandroid/os/Bundle;I)Landroid/app/Instrumentation$ActivityResult;
D/dalvikvm( 7223): VFY: replacing opcode 0x75 at 0x0000
D/dalvikvm( 7223): Trying to load lib /data/app-lib/com.careerbuilder.SugarDrone-1/libmonodroid.so 0x41ec9cc0
D/dalvikvm( 7223): Added shared lib /data/app-lib/com.careerbuilder.SugarDrone-1/libmonodroid.so 0x41ec9cc0
W/monodroid( 7223): Using override path: /data/data/com.careerbuilder.SugarDrone/files/.__override__
W/monodroid( 7223): Trying to load sgen from: /data/data/com.careerbuilder.SugarDrone/files/.__override__/libmonosgen-2.0.so
W/monodroid( 7223): Trying to load sgen from: /storage/emulated/0/Android/data/com.careerbuilder.SugarDrone/files/.__override__/libmonosgen-2.0.so
W/monodroid( 7223): Trying to load sgen from: /data/app-lib/com.careerbuilder.SugarDrone-1/libmonosgen-2.0.so
D/Mono    ( 7223): Image addref mscorlib[0x758c26a8] -> mscorlib.dll[0x758c19f0]: 2
D/Mono    ( 7223): Prepared to set up assembly 'mscorlib' (mscorlib.dll)
D/Mono    ( 7223): AOT module 'mscorlib.dll.so' not found: dlopen failed: library "/data/app-lib/com.careerbuilder.SugarDrone-1/libaot-mscorlib.dll.so" not found
D/Mono    ( 7223): AOT module '/Users/builder/data/lanes/4009/f3074d2c/source/monodroid/builds/install/mono-armv6/lib/mono/aot-cache/arm/mscorlib.dll.so' not found: dlopen failed: library "/data/app-lib/com.careerbuilder.SugarDrone-1/libaot-mscorlib.dll.so" not found
D/Mono    ( 7223): Config attempting to parse: 'mscorlib.dll.config'.
D/Mono    ( 7223): Config attempting to parse: '/Users/builder/data/lanes/4009/f3074d2c/source/monodroid/builds/install/mono-armv6/etc/mono/assemblies/mscorlib/mscorlib.config'.
D/Mono    ( 7223): Assembly mscorlib[0x758c26a8] added to domain RootDomain, ref_count=1
D/Mono    ( 7223): Image addref CareerBuilder_Search.Droid[0x7b008690] -> CareerBuilder_Search.Droid.dll[0x7b0079f0]: 2
D/Mono    ( 7223): Prepared to set up assembly 'CareerBuilder_Search.Droid' (CareerBuilder_Search.Droid.dll)
D/Mono    ( 7223): Assembly CareerBuilder_Search.Droid[0x7b008690] added to domain RootDomain, ref_count=1
D/Mono    ( 7223): AOT module 'CareerBuilder_Search.Droid.dll.so' not found: dlopen failed: library "/data/app-lib/com.careerbuilder.SugarDrone-1/libaot-CareerBuilder_Search.Droid.dll.so" not found
D/Mono    ( 7223): AOT module '/Users/builder/data/lanes/4009/f3074d2c/source/monodroid/builds/install/mono-armv6/lib/mono/aot-cache/arm/CareerBuilder_Search.Droid.dll.so' not found: dlopen failed: library "/data/app-lib/com.careerbuilder.SugarDrone-1/libaot-CareerBuilder_Search.Droid.dll.so" not found
D/Mono    ( 7223): Config attempting to parse: 'CareerBuilder_Search.Droid.dll.config'.
D/Mono    ( 7223): Config attempting to parse: '/Users/builder/data/lanes/4009/f3074d2c/source/monodroid/builds/install/mono-armv6/etc/mono/assemblies/CareerBuilder_Search.Droid/CareerBuilder_Search.Droid.config'.
D/Mono    ( 7223): Image addref AppsFlyerXamarinBindingAndroid[0x7b0094f8] -> AppsFlyerXamarinBindingAndroid.dll[0x7b0088a8]: 2
D/Mono    ( 7223): Prepared to set up assembly 'AppsFlyerXamarinBindingAndroid' (AppsFlyerXamarinBindingAndroid.dll)
D/Mono    ( 7223): Assembly AppsFlyerXamarinBindingAndroid[0x7b0094f8] added to domain RootDomain, ref_count=1
D/Mono    ( 7223): AOT module 'AppsFlyerXamarinBindingAndroid.dll.so' not found: dlopen failed: library "/data/app-lib/com.careerbuilder.SugarDrone-1/libaot-AppsFlyerXamarinBindingAndroid.dll.so" not found
D/Mono    ( 7223): AOT module '/Users/builder/data/lanes/4009/f3074d2c/source/monodroid/builds/install/mono-armv6/lib/mono/aot-cache/arm/AppsFlyerXamarinBindingAndroid.dll.so' not found: dlopen failed: library "/data/app-lib/com.careerbuilder.SugarDrone-1/libaot-AppsFlyerXamarinBindingAndroid.dll.so" not found
D/Mono    ( 7223): Config attempting to parse: 'AppsFlyerXamarinBindingAndroid.dll.config'.
D/Mono    ( 7223): Config attempting to parse: '/Users/builder/data/lanes/4009/f3074d2c/source/monodroid/builds/install/mono-armv6/etc/mono/assemblies/AppsFlyerXamarinBindingAndroid/AppsFlyerXamarinBindingAndroid.config'.
D/Mono    ( 7223): Image addref HockeySDK[0x7b00a218] -> HockeySDK.dll[0x7b0095f8]: 2
D/Mono    ( 7223): Prepared to set up assembly 'HockeySDK' (HockeySDK.dll)
D/Mono    ( 7223): Assembly HockeySDK[0x7b00a218] added to domain RootDomain, ref_count=1
D/Mono    ( 7223): AOT module 'HockeySDK.dll.so' not found: dlopen failed: library "/data/app-lib/com.careerbuilder.SugarDrone-1/libaot-HockeySDK.dll.so" not found
D/Mono    ( 7223): AOT module '/Users/builder/data/lanes/4009/f3074d2c/source/monodroid/builds/install/mono-armv6/lib/mono/aot-cache/arm/HockeySDK.dll.so' not found: dlopen failed: library "/data/app-lib/com.careerbuilder.SugarDrone-1/libaot-HockeySDK.dll.so" not found
D/Mono    ( 7223): Config attempting to parse: 'HockeySDK.dll.config'.
D/Mono    ( 7223): Config attempting to parse: '/Users/builder/data/lanes/4009/f3074d2c/source/monodroid/builds/install/mono-armv6/etc/mono/assemblies/HockeySDK/HockeySDK.config'.
D/Mono    ( 7223): Image addref Akavache[0x7a377008] -> Akavache.dll[0x7b00a300]: 2
D/Mono    ( 7223): Prepared to set up assembly 'Akavache' (Akavache.dll)
D/Mono    ( 7223): Assembly Akavache[0x7a377008] added to domain RootDomain, ref_count=1
D/Mono    ( 7223): AOT module 'Akavache.dll.so' not found: dlopen failed: library "/data/app-lib/com.careerbuilder.SugarDrone-1/libaot-Akavache.dll.so" not found
D/Mono    ( 7223): AOT module '/Users/builder/data/lanes/4009/f3074d2c/source/monodroid/builds/install/mono-armv6/lib/mono/aot-cache/arm/Akavache.dll.so' not found: dlopen failed: library "/data/app-lib/com.careerbuilder.SugarDrone-1/libaot-Akavache.dll.so" not found
D/Mono    ( 7223): Config attempting to parse: 'Akavache.dll.config'.
D/Mono    ( 7223): Config attempting to parse: '/Users/builder/data/lanes/4009/f3074d2c/source/monodroid/builds/install/mono-armv6/etc/mono/assemblies/Akavache/Akavache.config'.
D/Mono    ( 7223): Image addref Akavache.Sqlite3[0x7a377d28] -> Akavache.Sqlite3.dll[0x7a3770c8]: 2
D/Mono    ( 7223): Prepared to set up assembly 'Akavache.Sqlite3' (Akavache.Sqlite3.dll)
D/Mono    ( 7223): Assembly Akavache.Sqlite3[0x7a377d28] added to domain RootDomain, ref_count=1
D/Mono    ( 7223): AOT module 'Akavache.Sqlite3.dll.so' not found: dlopen failed: library "/data/app-lib/com.careerbuilder.SugarDrone-1/libaot-Akavache.Sqlite3.dll.so" not found
D/Mono    ( 7223): AOT module '/Users/builder/data/lanes/4009/f3074d2c/source/monodroid/builds/install/mono-armv6/lib/mono/aot-cache/arm/Akavache.Sqlite3.dll.so' not found: dlopen failed: library "/data/app-lib/com.careerbuilder.SugarDrone-1/libaot-Akavache.Sqlite3.dll.so" not found
W/        ( 7223): Symbol file LoadedFromMemory doesn't match image Akavache.Sqlite3.dll
D/Mono    ( 7223): Config attempting to parse: 'Akavache.Sqlite3.dll.config'.
D/Mono    ( 7223): Config attempting to parse: '/Users/builder/data/lanes/4009/f3074d2c/source/monodroid/builds/install/mono-armv6/etc/mono/assemblies/Akavache.Sqlite3/Akavache.Sqlite3.config'.
D/Mono    ( 7223): Image addref Splat[0x7b126a80] -> Splat.dll[0x7b126008]: 2
D/Mono    ( 7223): Prepared to set up assembly 'Splat' (Splat.dll)
D/Mono    ( 7223): Assembly Splat[0x7b126a80] added to domain RootDomain, ref_count=1
D/Mono    ( 7223): AOT module 'Splat.dll.so' not found: dlopen failed: library "/data/app-lib/com.careerbuilder.SugarDrone-1/libaot-Splat.dll.so" not found
D/Mono    ( 7223): AOT module '/Users/builder/data/lanes/4009/f3074d2c/source/monodroid/builds/install/mono-armv6/lib/mono/aot-cache/arm/Splat.dll.so' not found: dlopen failed: library "/data/app-lib/com.careerbuilder.SugarDrone-1/libaot-Splat.dll.so" not found
D/Mono    ( 7223): Config attempting to parse: 'Splat.dll.config'.
D/Mono    ( 7223): Config attempting to parse: '/Users/builder/data/lanes/4009/f3074d2c/source/monodroid/builds/install/mono-armv6/etc/mono/assemblies/Splat/Splat.config'.
D/Mono    ( 7223): Image addref Microsoft.Practices.ServiceLocation[0x7b12a898] -> Microsoft.Practices.ServiceLocation.dll[0x7b129c58]: 2
D/Mono    ( 7223): Prepared to set up assembly 'Microsoft.Practices.ServiceLocation' (Microsoft.Practices.ServiceLocation.dll)
D/Mono    ( 7223): Assembly Microsoft.Practices.ServiceLocation[0x7b12a898] added to domain RootDomain, ref_count=1
D/Mono    ( 7223): AOT module 'Microsoft.Practices.ServiceLocation.dll.so' not found: dlopen failed: library "/data/app-lib/com.careerbuilder.SugarDrone-1/libaot-Microsoft.Practices.ServiceLocation.dll.so" not found
D/Mono    ( 7223): AOT module '/Users/builder/data/lanes/4009/f3074d2c/source/monodroid/builds/install/mono-armv6/lib/mono/aot-cache/arm/Microsoft.Practices.ServiceLocation.dll.so' not found: dlopen failed: library "/data/app-lib/com.careerbuilder.SugarDrone-1/libaot-Microsoft.Practices.ServiceLocation.dll.so" not found
D/Mono    ( 7223): Config attempting to parse: 'Microsoft.Practices.ServiceLocation.dll.config'.
D/Mono    ( 7223): Config attempting to parse: '/Users/builder/data/lanes/4009/f3074d2c/source/monodroid/builds/install/mono-armv6/etc/mono/assemblies/Microsoft.Practices.ServiceLocation/Microsoft.Practices.ServiceLocation.config'.
D/Mono    ( 7223): Image addref Microsoft.Practices.Unity[0x7b12be80] -> Microsoft.Practices.Unity.dll[0x7b12b210]: 2
D/Mono    ( 7223): Prepared to set up assembly 'Microsoft.Practices.Unity' (Microsoft.Practices.Unity.dll)
D/Mono    ( 7223): Assembly Microsoft.Practices.Unity[0x7b12be80] added to domain RootDomain, ref_count=1
D/Mono    ( 7223): AOT module 'Microsoft.Practices.Unity.dll.so' not found: dlopen failed: library "/data/app-lib/com.careerbuilder.SugarDrone-1/libaot-Microsoft.Practices.Unity.dll.so" not found
D/Mono    ( 7223): AOT module '/Users/builder/data/lanes/4009/f3074d2c/source/monodroid/builds/install/mono-armv6/lib/mono/aot-cache/arm/Microsoft.Practices.Unity.dll.so' not found: dlopen failed: library "/data/app-lib/com.careerbuilder.SugarDrone-1/libaot-Microsoft.Practices.Unity.dll.so" not found
D/Mono    ( 7223): Config attempting to parse: 'Microsoft.Practices.Unity.dll.config'.
D/Mono    ( 7223): Config attempting to parse: '/Users/builder/data/lanes/4009/f3074d2c/source/monodroid/builds/install/mono-armv6/etc/mono/assemblies/Microsoft.Practices.Unity/Microsoft.Practices.Unity.config'.
D/Mono    ( 7223): Image addref Plugin.CurrentActivity[0x7b12cbd0] -> Plugin.CurrentActivity.dll[0x7b12bfa0]: 2
D/Mono    ( 7223): Prepared to set up assembly 'Plugin.CurrentActivity' (Plugin.CurrentActivity.dll)
D/Mono    ( 7223): Assembly Plugin.CurrentActivity[0x7b12cbd0] added to domain RootDomain, ref_count=1
D/Mono    ( 7223): AOT module 'Plugin.CurrentActivity.dll.so' not found: dlopen failed: library "/data/app-lib/com.careerbuilder.SugarDrone-1/libaot-Plugin.CurrentActivity.dll.so" not found
D/Mono    ( 7223): AOT module '/Users/builder/data/lanes/4009/f3074d2c/source/monodroid/builds/install/mono-armv6/lib/mono/aot-cache/arm/Plugin.CurrentActivity.dll.so' not found: dlopen failed: library "/data/app-lib/com.careerbuilder.SugarDrone-1/libaot-Plugin.CurrentActivity.dll.so" not found
D/Mono    ( 7223): Config attempting to parse: 'Plugin.CurrentActivity.dll.config'.
D/Mono    ( 7223): Config attempting to parse: '/Users/builder/data/lanes/4009/f3074d2c/source/monodroid/builds/install/mono-armv6/etc/mono/assemblies/Plugin.CurrentActivity/Plugin.CurrentActivity.config'.
D/Mono    ( 7223): Image addref Plugin.Permissions[0x7b12d920] -> Plugin.Permissions.dll[0x7b12cd00]: 2
D/Mono    ( 7223): Prepared to set up assembly 'Plugin.Permissions' (Plugin.Permissions.dll)
D/Mono    ( 7223): Assembly Plugin.Permissions[0x7b12d920] added to domain RootDomain, ref_count=1
D/Mono    ( 7223): AOT module 'Plugin.Permissions.dll.so' not found: dlopen failed: library "/data/app-lib/com.careerbuilder.SugarDrone-1/libaot-Plugin.Permissions.dll.so" not found
D/Mono    ( 7223): AOT module '/Users/builder/data/lanes/4009/f3074d2c/source/monodroid/builds/install/mono-armv6/lib/mono/aot-cache/arm/Plugin.Permissions.dll.so' not found: dlopen failed: library "/data/app-lib/com.careerbuilder.SugarDrone-1/libaot-Plugin.Permissions.dll.so" not found
D/Mono    ( 7223): Config attempting to parse: 'Plugin.Permissions.dll.config'.
D/Mono    ( 7223): Config attempting to parse: '/Users/builder/data/lanes/4009/f3074d2c/source/monodroid/builds/install/mono-armv6/etc/mono/assemblies/Plugin.Permissions/Plugin.Permissions.config'.
D/Mono    ( 7223): Image addref Plugin.Permissions.Abstractions[0x7b12f040] -> Plugin.Permissions.Abstractions.dll[0x7b12e3e0]: 2
D/Mono    ( 7223): Prepared to set up assembly 'Plugin.Permissions.Abstractions' (Plugin.Permissions.Abstractions.dll)
D/Mono    ( 7223): Assembly Plugin.Permissions.Abstractions[0x7b12f040] added to domain RootDomain, ref_count=1
D/Mono    ( 7223): AOT module 'Plugin.Permissions.Abstractions.dll.so' not found: dlopen failed: library "/data/app-lib/com.careerbuilder.SugarDrone-1/libaot-Plugin.Permissions.Abstractions.dll.so" not found
D/Mono    ( 7223): AOT module '/Users/builder/data/lanes/4009/f3074d2c/source/monodroid/builds/install/mono-armv6/lib/mono/aot-cache/arm/Plugin.Permissions.Abstractions.dll.so' not found: dlopen failed: library "/data/app-lib/com.careerbuilder.SugarDrone-1/libaot-Plugin.Permissions.Abstractions.dll.so" not found
D/Mono    ( 7223): Config attempting to parse: 'Plugin.Permissions.Abstractions.dll.config'.
D/Mono    ( 7223): Config attempting to parse: '/Users/builder/data/lanes/4009/f3074d2c/source/monodroid/builds/install/mono-armv6/etc/mono/assemblies/Plugin.Permissions.Abstractions/Plugin.Permissions.Abstractions.config'.
D/Mono    ( 7223): Image addref Plugin.Geolocator[0x7b12fef0] -> Plugin.Geolocator.dll[0x7b12f2a0]: 2
D/Mono    ( 7223): Prepared to set up assembly 'Plugin.Geolocator' (Plugin.Geolocator.dll)
D/Mono    ( 7223): Assembly Plugin.Geolocator[0x7b12fef0] added to domain RootDomain, ref_count=1
D/Mono    ( 7223): AOT module 'Plugin.Geolocator.dll.so' not found: dlopen failed: library "/data/app-lib/com.careerbuilder.SugarDrone-1/libaot-Plugin.Geolocator.dll.so" not found
D/Mono    ( 7223): AOT module '/Users/builder/data/lanes/4009/f3074d2c/source/monodroid/builds/install/mono-armv6/lib/mono/aot-cache/arm/Plugin.Geolocator.dll.so' not found: dlopen failed: library "/data/app-lib/com.careerbuilder.SugarDrone-1/libaot-Plugin.Geolocator.dll.so" not found
D/Mono    ( 7223): Config attempting to parse: 'Plugin.Geolocator.dll.config'.
D/Mono    ( 7223): Config attempting to parse: '/Users/builder/data/lanes/4009/f3074d2c/source/monodroid/builds/install/mono-armv6/etc/mono/assemblies/Plugin.Geolocator/Plugin.Geolocator.config'.
D/Mono    ( 7223): Image addref Plugin.Geolocator.Abstractions[0x7b131e88] -> Plugin.Geolocator.Abstractions.dll[0x7b131270]: 2
D/Mono    ( 7223): Prepared to set up assembly 'Plugin.Geolocator.Abstractions' (Plugin.Geolocator.Abstractions.dll)
D/Mono    ( 7223): Assembly Plugin.Geolocator.Abstractions[0x7b131e88] added to domain RootDomain, ref_count=1
D/Mono    ( 7223): AOT module 'Plugin.Geolocator.Abstractions.dll.so' not found: dlopen failed: library "/data/app-lib/com.careerbuilder.SugarDrone-1/libaot-Plugin.Geolocator.Abstractions.dll.so" not found
D/Mono    ( 7223): AOT module '/Users/builder/data/lanes/4009/f3074d2c/source/monodroid/builds/install/mono-armv6/lib/mono/aot-cache/arm/Plugin.Geolocator.Abstractions.dll.so' not found: dlopen failed: library "/data/app-lib/com.careerbuilder.SugarDrone-1/libaot-Plugin.Geolocator.Abstractions.dll.so" not found
D/Mono    ( 7223): Config attempting to parse: 'Plugin.Geolocator.Abstractions.dll.config'.
D/Mono    ( 7223): Config attempting to parse: '/Users/builder/data/lanes/4009/f3074d2c/source/monodroid/builds/install/mono-armv6/etc/mono/assemblies/Plugin.Geolocator.Abstractions/Plugin.Geolocator.Abstractions.config'.
D/Mono    ( 7223): Image addref Plugin.DeviceInfo[0x7b133200] -> Plugin.DeviceInfo.dll[0x7b1325a0]: 2
D/Mono    ( 7223): Prepared to set up assembly 'Plugin.DeviceInfo' (Plugin.DeviceInfo.dll)
D/Mono    ( 7223): Assembly Plugin.DeviceInfo[0x7b133200] added to domain RootDomain, ref_count=1
D/Mono    ( 7223): AOT module 'Plugin.DeviceInfo.dll.so' not found: dlopen failed: library "/data/app-lib/com.careerbuilder.SugarDrone-1/libaot-Plugin.DeviceInfo.dll.so" not found
D/Mono    ( 7223): AOT module '/Users/builder/data/lanes/4009/f3074d2c/source/monodroid/builds/install/mono-armv6/lib/mono/aot-cache/arm/Plugin.DeviceInfo.dll.so' not found: dlopen failed: library "/data/app-lib/com.careerbuilder.SugarDrone-1/libaot-Plugin.DeviceInfo.dll.so" not found
D/Mono    ( 7223): Config attempting to parse: 'Plugin.DeviceInfo.dll.config'.
D/Mono    ( 7223): Config attempting to parse: '/Users/builder/data/lanes/4009/f3074d2c/source/monodroid/builds/install/mono-armv6/etc/mono/assemblies/Plugin.DeviceInfo/Plugin.DeviceInfo.config'.
D/Mono    ( 7223): Image addref Plugin.DeviceInfo.Abstractions[0x7b1343f0] -> Plugin.DeviceInfo.Abstractions.dll[0x7b133780]: 2
D/Mono    ( 7223): Prepared to set up assembly 'Plugin.DeviceInfo.Abstractions' (Plugin.DeviceInfo.Abstractions.dll)
D/Mono    ( 7223): Assembly Plugin.DeviceInfo.Abstractions[0x7b1343f0] added to domain RootDomain, ref_count=1
D/Mono    ( 7223): AOT module 'Plugin.DeviceInfo.Abstractions.dll.so' not found: dlopen failed: library "/data/app-lib/com.careerbuilder.SugarDrone-1/libaot-Plugin.DeviceInfo.Abstractions.dll.so" not found
D/Mono    ( 7223): AOT module '/Users/builder/data/lanes/4009/f3074d2c/source/monodroid/builds/install/mono-armv6/lib/mono/aot-cache/arm/Plugin.DeviceInfo.Abstractions.dll.so' not found: dlopen failed: library "/data/app-lib/com.careerbuilder.SugarDrone-1/libaot-Plugin.DeviceInfo.Abstractions.dll.so" not found
D/Mono    ( 7223): Config attempting to parse: 'Plugin.DeviceInfo.Abstractions.dll.config'.
D/Mono    ( 7223): Config attempting to parse: '/Users/builder/data/lanes/4009/f3074d2c/source/monodroid/builds/install/mono-armv6/etc/mono/assemblies/Plugin.DeviceInfo.Abstractions/Plugin.DeviceInfo.Abstractions.config'.
D/Mono    ( 7223): Image addref Xamarin.GooglePlayServices.Analytics[0x7b1352d8] -> Xamarin.GooglePlayServices.Analytics.dll[0x7b1346c8]: 2
D/Mono    ( 7223): Prepared to set up assembly 'Xamarin.GooglePlayServices.Analytics' (Xamarin.GooglePlayServices.Analytics.dll)
D/Mono    ( 7223): Assembly Xamarin.GooglePlayServices.Analytics[0x7b1352d8] added to domain RootDomain, ref_count=1
D/Mono    ( 7223): AOT module 'Xamarin.GooglePlayServices.Analytics.dll.so' not found: dlopen failed: library "/data/app-lib/com.careerbuilder.SugarDrone-1/libaot-Xamarin.GooglePlayServices.Analytics.dll.so" not found
D/Mono    ( 7223): AOT module '/Users/builder/data/lanes/4009/f3074d2c/source/monodroid/builds/install/mono-armv6/lib/mono/aot-cache/arm/Xamarin.GooglePlayServices.Analytics.dll.so' not found: dlopen failed: library "/data/app-lib/com.careerbuilder.SugarDrone-1/libaot-Xamarin.GooglePlayServices.Analytics.dll.so" not found
D/Mono    ( 7223): Config attempting to parse: 'Xamarin.GooglePlayServices.Analytics.dll.config'.
D/Mono    ( 7223): Config attempting to parse: '/Users/builder/data/lanes/4009/f3074d2c/source/monodroid/builds/install/mono-armv6/etc/mono/assemblies/Xamarin.GooglePlayServices.Analytics/Xamarin.GooglePlayServices.Analytics.config'.
D/Mono    ( 7223): Image addref Xamarin.GooglePlayServices.Base[0x7b136030] -> Xamarin.GooglePlayServices.Base.dll[0x7b135478]: 2
D/Mono    ( 7223): Prepared to set up assembly 'Xamarin.GooglePlayServices.Base' (Xamarin.GooglePlayServices.Base.dll)
D/Mono    ( 7223): Assembly Xamarin.GooglePlayServices.Base[0x7b136030] added to domain RootDomain, ref_count=1
D/Mono    ( 7223): AOT module 'Xamarin.GooglePlayServices.Base.dll.so' not found: dlopen failed: library "/data/app-lib/com.careerbuilder.SugarDrone-1/libaot-Xamarin.GooglePlayServices.Base.dll.so" not found
