<![CDATA[
]]><xtc-scenario name="[0-1110]CareerBuilder_Search.DroidFeatureTests.SavedJobsTests.TappingFilterButtonWhileOpenClosesFilterMenu" id="[0-1110]CareerBuilder_Search.DroidFeatureTests.SavedJobsTests.TappingFilterButtonWhileOpenClosesFilterMenu"><![CDATA[

]]><xtc-step name="[0-1110]CareerBuilder_Search.DroidFeatureTests.SavedJobsTests.TappingFilterButtonWhileOpenClosesFilterMenu-TappingFilterButtonWhileOpenClosesFilterMenu" id="[0-1110]CareerBuilder_Search.DroidFeatureTests.SavedJobsTests.TappingFilterButtonWhileOpenClosesFilterMenu-TappingFilterButtonWhileOpenClosesFilterMenu"><![CDATA[
D/AndroidRuntime( 5051): 
D/AndroidRuntime( 5051): >>>>>> AndroidRuntime START com.android.internal.os.RuntimeInit <<<<<<
D/AndroidRuntime( 5051): CheckJNI is OFF
D/dalvikvm( 5051): Trying to load lib libjavacore.so 0x0
D/dalvikvm( 5051): Added shared lib libjavacore.so 0x0
D/dalvikvm( 5051): Trying to load lib libnativehelper.so 0x0
D/dalvikvm( 5051): Added shared lib libnativehelper.so 0x0
D/dalvikvm( 5051): No JNI_OnLoad found in libnativehelper.so 0x0, skipping init
D/dalvikvm( 5051): Note: class Landroid/app/ActivityManagerNative; has 179 unimplemented (abstract) methods
D/AndroidRuntime( 5051): Calling main entry com.android.commands.pm.Pm
D/AndroidRuntime( 5051): Shutting down VM
D/dalvikvm( 5051): GC_CONCURRENT freed 248K, 31% free 567K/816K, paused 0ms+0ms, total 3ms
D/AndroidRuntime( 5449): 
D/AndroidRuntime( 5449): >>>>>> AndroidRuntime START com.android.internal.os.RuntimeInit <<<<<<
D/AndroidRuntime( 5449): CheckJNI is OFF
D/dalvikvm( 5449): Trying to load lib libjavacore.so 0x0
D/dalvikvm( 5449): Added shared lib libjavacore.so 0x0
D/dalvikvm( 5449): Trying to load lib libnativehelper.so 0x0
D/dalvikvm( 5449): Added shared lib libnativehelper.so 0x0
D/dalvikvm( 5449): No JNI_OnLoad found in libnativehelper.so 0x0, skipping init
D/dalvikvm( 5449): Note: class Landroid/app/ActivityManagerNative; has 179 unimplemented (abstract) methods
D/AndroidRuntime( 5449): Calling main entry com.android.commands.am.Am
D/AndroidRuntime( 5449): Shutting down VM
D/dalvikvm( 5449): GC_CONCURRENT freed 93K, 15% free 553K/648K, paused 0ms+0ms, total 2ms
--------- beginning of /dev/log/system
W/ActivityManager(  565): Invalid packageName: com.careerbuilder.SugarDrone
D/AndroidRuntime( 6076): 
D/AndroidRuntime( 6076): >>>>>> AndroidRuntime START com.android.internal.os.RuntimeInit <<<<<<
D/AndroidRuntime( 6076): CheckJNI is OFF
D/dalvikvm( 6076): Trying to load lib libjavacore.so 0x0
D/dalvikvm( 6076): Added shared lib libjavacore.so 0x0
D/dalvikvm( 6076): Trying to load lib libnativehelper.so 0x0
D/dalvikvm( 6076): Added shared lib libnativehelper.so 0x0
D/dalvikvm( 6076): No JNI_OnLoad found in libnativehelper.so 0x0, skipping init
D/dalvikvm( 6076): Note: class Landroid/app/ActivityManagerNative; has 179 unimplemented (abstract) methods
D/AndroidRuntime( 6076): Calling main entry com.android.commands.pm.Pm
W/ActivityManager(  565): No content provider found for permission revoke: file:///data/local/tmp/0000002349
W/ActivityManager(  565): No content provider found for permission revoke: file:///data/local/tmp/0000002349
I/PackageManager(  565): Copying native libraries to /data/app-lib/vmdl1808254711
D/dalvikvm(  565): GC_FOR_ALLOC freed 1031K, 12% free 19838K/22352K, paused 58ms, total 58ms
D/dalvikvm(  565): GC_CONCURRENT freed 1891K, 9% free 20651K/22588K, paused 2ms+6ms, total 74ms
D/dalvikvm(  565): WAIT_FOR_CONCURRENT_GC blocked 66ms
D/dalvikvm(  565): GC_FOR_ALLOC freed 2723K, 13% free 20694K/23612K, paused 67ms, total 67ms
D/dalvikvm(  565): GC_CONCURRENT freed 2806K, 13% free 20720K/23660K, paused 4ms+7ms, total 77ms
D/dalvikvm(  565): WAIT_FOR_CONCURRENT_GC blocked 72ms
D/dalvikvm(  565): GC_CONCURRENT freed 2856K, 13% free 20749K/23696K, paused 2ms+7ms, total 74ms
D/dalvikvm(  565): WAIT_FOR_CONCURRENT_GC blocked 66ms
I/PackageManager(  565): Running dexopt on: com.careerbuilder.SugarDrone
W/dalvikvm( 6152): method Landroid/support/v7/widget/ListViewCompat;.lookForSelectablePosition incorrectly overrides package-private method with same name in Landroid/widget/ListView;
D/dalvikvm( 6152): DexOpt: couldn't find static field Landroid/os/Build;.SUPPORTED_ABIS
D/dalvikvm( 6152): DexOpt: load 292ms, verify+opt 1596ms, 3733380 bytes
I/ActivityManager(  565): Force stopping com.careerbuilder.SugarDrone appid=18464 user=-1: update pkg
W/PackageManager(  565): Not granting permission android.permission.MANAGE_DOCUMENTS to package com.careerbuilder.SugarDrone (protectionLevel=2 flags=0x8be46)
W/PackageManager(  565): Not granting permission android.permission.MOUNT_UNMOUNT_FILESYSTEMS to package com.careerbuilder.SugarDrone (protectionLevel=18 flags=0x8be46)
I/InputReader(  565): Reconfiguring input devices.  changes=0x00000010
D/dalvikvm(  814): GC_CONCURRENT freed 313K, 4% free 9308K/9652K, paused 2ms+1ms, total 23ms
D/BackupManagerService(  565): Received broadcast Intent { act=android.intent.action.PACKAGE_ADDED dat=package:com.careerbuilder.SugarDrone flg=0x4000010 (has extras) }
V/BackupManagerService(  565): addPackageParticipantsLocked: #1
I/ActivityManager(  565): Delay finish: com.android.musicfx/.Compatibility$Receiver
I/ActivityManager(  565): Resuming delayed broadcast
I/Icing.InternalIcingCorporaProvider( 1315): Updating corpora: A: com.careerbuilder.SugarDrone, C: MAYBE
D/dalvikvm(  565): GC_EXPLICIT freed 1849K, 12% free 20936K/23696K, paused 3ms+17ms, total 263ms
D/AndroidRuntime( 6076): Shutting down VM
D/dalvikvm( 6076): GC_CONCURRENT freed 95K, 15% free 561K/660K, paused 1ms+0ms, total 3ms
D/Wear_Controller( 1004): Received broadcast action=android.intent.action.PACKAGE_ADDED and uri=com.careerbuilder.SugarDrone
I/ActivityManager(  565): Delay finish: com.google.android.gms/.gass.chimera.PackageChangeBroadcastReceiver
I/PeopleContactsSync( 1004): triggerPendingContactsCleanup: no accounts
D/dalvikvm( 1004): GC_CONCURRENT freed 1271K, 11% free 12351K/13788K, paused 4ms+4ms, total 78ms
D/dalvikvm( 1004): WAIT_FOR_CONCURRENT_GC blocked 10ms
W/IcingInternalCorpora( 1004): getNumBytesRead when not calculated.
I/Icing   ( 1004): Usage reports 0 indexed 0 rejected 0 imm upload false
I/Icing   ( 1004): Usage reports 0 indexed 0 rejected 0 imm upload true
I/Icing   ( 1004): Usage reports 0 indexed 0 rejected 0 imm upload false
I/Icing.InternalIcingCorporaProvider( 1315): UpdateCorporaTask done [took 308 ms] updated apps [took 308 ms] 
I/ActivityManager(  565): Resuming delayed broadcast
D/AndroidRuntime( 6244): 
D/AndroidRuntime( 6244): >>>>>> AndroidRuntime START com.android.internal.os.RuntimeInit <<<<<<
D/AndroidRuntime( 6244): CheckJNI is OFF
D/dalvikvm( 6244): Trying to load lib libjavacore.so 0x0
D/dalvikvm( 6244): Added shared lib libjavacore.so 0x0
D/dalvikvm( 6244): Trying to load lib libnativehelper.so 0x0
D/dalvikvm( 6244): Added shared lib libnativehelper.so 0x0
D/dalvikvm( 6244): No JNI_OnLoad found in libnativehelper.so 0x0, skipping init
D/dalvikvm( 6244): Note: class Landroid/app/ActivityManagerNative; has 179 unimplemented (abstract) methods
D/AndroidRuntime( 6244): Calling main entry com.android.commands.settings.SettingsCmd
D/AndroidRuntime( 6244): Shutting down VM
D/dalvikvm( 6244): GC_CONCURRENT freed 96K, 16% free 562K/664K, paused 0ms+0ms, total 2ms
I/Icing   ( 1004): Indexing 5DEEA38537210BEE0F2C135EA4D174C2C8299805 from com.google.android.googlequicksearchbox
D/dalvikvm( 1315): GC_CONCURRENT freed 540K, 7% free 9652K/10292K, paused 3ms+1ms, total 19ms
I/Icing   ( 1004): Indexing done 5DEEA38537210BEE0F2C135EA4D174C2C8299805
I/Icing   ( 1004): Indexing A71B48A243897ACCCBB490823C9E3D3488B33FED from com.google.android.gms
D/dalvikvm( 1004): GC_CONCURRENT freed 979K, 10% free 12500K/13788K, paused 20ms+4ms, total 53ms
D/dalvikvm( 1004): WAIT_FOR_CONCURRENT_GC blocked 16ms
I/Icing   ( 1004): Indexing done A71B48A243897ACCCBB490823C9E3D3488B33FED
D/AndroidRuntime( 6272): 
D/AndroidRuntime( 6272): >>>>>> AndroidRuntime START com.android.internal.os.RuntimeInit <<<<<<
D/AndroidRuntime( 6272): CheckJNI is OFF
D/dalvikvm( 6272): Trying to load lib libjavacore.so 0x0
D/dalvikvm( 6272): Added shared lib libjavacore.so 0x0
D/dalvikvm( 6272): Trying to load lib libnativehelper.so 0x0
D/dalvikvm( 6272): Added shared lib libnativehelper.so 0x0
D/dalvikvm( 6272): No JNI_OnLoad found in libnativehelper.so 0x0, skipping init
D/dalvikvm( 6272): Note: class Landroid/app/ActivityManagerNative; has 179 unimplemented (abstract) methods
D/AndroidRuntime( 6272): Calling main entry com.android.commands.settings.SettingsCmd
D/AndroidRuntime( 6272): Shutting down VM
D/dalvikvm( 6272): GC_CONCURRENT freed 96K, 15% free 562K/660K, paused 0ms+0ms, total 2ms
D/AndroidRuntime( 6299): 
D/AndroidRuntime( 6299): >>>>>> AndroidRuntime START com.android.internal.os.RuntimeInit <<<<<<
D/AndroidRuntime( 6299): CheckJNI is OFF
D/dalvikvm( 6299): Trying to load lib libjavacore.so 0x0
D/dalvikvm( 6299): Added shared lib libjavacore.so 0x0
D/dalvikvm( 6299): Trying to load lib libnativehelper.so 0x0
D/dalvikvm( 6299): Added shared lib libnativehelper.so 0x0
D/dalvikvm( 6299): No JNI_OnLoad found in libnativehelper.so 0x0, skipping init
D/dalvikvm( 6299): Note: class Landroid/app/ActivityManagerNative; has 179 unimplemented (abstract) methods
D/AndroidRuntime( 6299): Calling main entry com.android.commands.settings.SettingsCmd
D/AndroidRuntime( 6299): Shutting down VM
D/dalvikvm( 6299): GC_CONCURRENT freed 96K, 15% free 562K/660K, paused 0ms+0ms, total 2ms
D/AndroidRuntime( 6327): 
D/AndroidRuntime( 6327): >>>>>> AndroidRuntime START com.android.internal.os.RuntimeInit <<<<<<
D/AndroidRuntime( 6327): CheckJNI is OFF
D/dalvikvm( 6327): Trying to load lib libjavacore.so 0x0
D/dalvikvm( 6327): Added shared lib libjavacore.so 0x0
D/dalvikvm( 6327): Trying to load lib libnativehelper.so 0x0
D/dalvikvm( 6327): Added shared lib libnativehelper.so 0x0
D/dalvikvm( 6327): No JNI_OnLoad found in libnativehelper.so 0x0, skipping init
D/dalvikvm( 6327): Note: class Landroid/app/ActivityManagerNative; has 179 unimplemented (abstract) methods
D/AndroidRuntime( 6327): Calling main entry com.android.commands.settings.SettingsCmd
D/AndroidRuntime( 6327): Shutting down VM
D/dalvikvm( 6327): GC_CONCURRENT freed 96K, 15% free 562K/660K, paused 0ms+0ms, total 3ms
D/AndroidRuntime( 6355): 
D/AndroidRuntime( 6355): >>>>>> AndroidRuntime START com.android.internal.os.RuntimeInit <<<<<<
D/AndroidRuntime( 6355): CheckJNI is OFF
D/dalvikvm( 6355): Trying to load lib libjavacore.so 0x0
D/dalvikvm( 6355): Added shared lib libjavacore.so 0x0
D/dalvikvm( 6355): Trying to load lib libnativehelper.so 0x0
D/dalvikvm( 6355): Added shared lib libnativehelper.so 0x0
D/dalvikvm( 6355): No JNI_OnLoad found in libnativehelper.so 0x0, skipping init
D/dalvikvm( 6355): Note: class Landroid/app/ActivityManagerNative; has 179 unimplemented (abstract) methods
D/AndroidRuntime( 6355): Calling main entry com.android.commands.settings.SettingsCmd
D/AndroidRuntime( 6355): Shutting down VM
D/dalvikvm( 6355): GC_CONCURRENT freed 96K, 15% free 562K/660K, paused 0ms+0ms, total 2ms
D/AndroidRuntime( 6382): 
D/AndroidRuntime( 6382): >>>>>> AndroidRuntime START com.android.internal.os.RuntimeInit <<<<<<
D/AndroidRuntime( 6382): CheckJNI is OFF
D/dalvikvm( 6382): Trying to load lib libjavacore.so 0x0
D/dalvikvm( 6382): Added shared lib libjavacore.so 0x0
D/dalvikvm( 6382): Trying to load lib libnativehelper.so 0x0
D/dalvikvm( 6382): Added shared lib libnativehelper.so 0x0
D/dalvikvm( 6382): No JNI_OnLoad found in libnativehelper.so 0x0, skipping init
D/dalvikvm( 6382): Note: class Landroid/app/ActivityManagerNative; has 179 unimplemented (abstract) methods
D/AndroidRuntime( 6382): Calling main entry com.android.commands.settings.SettingsCmd
D/AndroidRuntime( 6382): Shutting down VM
D/dalvikvm( 6382): GC_CONCURRENT freed 96K, 15% free 562K/660K, paused 1ms+0ms, total 3ms
D/AndroidRuntime( 6414): 
D/AndroidRuntime( 6414): >>>>>> AndroidRuntime START com.android.internal.os.RuntimeInit <<<<<<
D/AndroidRuntime( 6414): CheckJNI is OFF
D/dalvikvm( 6414): Trying to load lib libjavacore.so 0x0
D/dalvikvm( 6414): Added shared lib libjavacore.so 0x0
D/dalvikvm( 6414): Trying to load lib libnativehelper.so 0x0
D/dalvikvm( 6414): Added shared lib libnativehelper.so 0x0
D/dalvikvm( 6414): No JNI_OnLoad found in libnativehelper.so 0x0, skipping init
D/dalvikvm( 6414): Note: class Landroid/app/ActivityManagerNative; has 179 unimplemented (abstract) methods
D/AndroidRuntime( 6414): Calling main entry com.android.commands.pm.Pm
D/AndroidRuntime( 6414): Shutting down VM
D/dalvikvm( 6414): GC_CONCURRENT freed 249K, 31% free 567K/820K, paused 1ms+0ms, total 3ms
D/dalvikvm(  565): GC_CONCURRENT freed 4334K, 19% free 19510K/23888K, paused 3ms+5ms, total 112ms
D/AndroidRuntime( 6492): 
D/AndroidRuntime( 6492): >>>>>> AndroidRuntime START com.android.internal.os.RuntimeInit <<<<<<
D/AndroidRuntime( 6492): CheckJNI is OFF
D/dalvikvm( 6492): Trying to load lib libjavacore.so 0x0
D/dalvikvm( 6492): Added shared lib libjavacore.so 0x0
D/dalvikvm( 6492): Trying to load lib libnativehelper.so 0x0
D/dalvikvm( 6492): Added shared lib libnativehelper.so 0x0
D/dalvikvm( 6492): No JNI_OnLoad found in libnativehelper.so 0x0, skipping init
D/dalvikvm( 6492): Note: class Landroid/app/ActivityManagerNative; has 179 unimplemented (abstract) methods
D/AndroidRuntime( 6492): Calling main entry com.android.commands.pm.Pm
D/AndroidRuntime( 6492): Shutting down VM
D/dalvikvm( 6492): GC_CONCURRENT freed 249K, 31% free 567K/820K, paused 0ms+1ms, total 4ms
D/AndroidRuntime( 6588): 
D/AndroidRuntime( 6588): >>>>>> AndroidRuntime START com.android.internal.os.RuntimeInit <<<<<<
D/AndroidRuntime( 6588): CheckJNI is OFF
D/dalvikvm( 6588): Trying to load lib libjavacore.so 0x0
D/dalvikvm( 6588): Added shared lib libjavacore.so 0x0
D/dalvikvm( 6588): Trying to load lib libnativehelper.so 0x0
D/dalvikvm( 6588): Added shared lib libnativehelper.so 0x0
D/dalvikvm( 6588): No JNI_OnLoad found in libnativehelper.so 0x0, skipping init
D/dalvikvm( 6588): Note: class Landroid/app/ActivityManagerNative; has 179 unimplemented (abstract) methods
D/AndroidRuntime( 6588): Calling main entry com.android.commands.am.Am
D/AndroidRuntime( 6588): Shutting down VM
W/ActivityManager(  565): Invalid packageName: com.careerbuilder.SugarDrone.test
D/dalvikvm( 6588): GC_CONCURRENT freed 93K, 15% free 553K/648K, paused 0ms+1ms, total 3ms
D/AndroidRuntime( 6621): 
D/AndroidRuntime( 6621): >>>>>> AndroidRuntime START com.android.internal.os.RuntimeInit <<<<<<
D/AndroidRuntime( 6621): CheckJNI is OFF
D/dalvikvm( 6621): Trying to load lib libjavacore.so 0x0
D/dalvikvm( 6621): Added shared lib libjavacore.so 0x0
D/dalvikvm( 6621): Trying to load lib libnativehelper.so 0x0
D/dalvikvm( 6621): Added shared lib libnativehelper.so 0x0
D/dalvikvm( 6621): No JNI_OnLoad found in libnativehelper.so 0x0, skipping init
D/dalvikvm( 6621): Note: class Landroid/app/ActivityManagerNative; has 179 unimplemented (abstract) methods
D/AndroidRuntime( 6621): Calling main entry com.android.commands.pm.Pm
W/ActivityManager(  565): No content provider found for permission revoke: file:///data/local/tmp/0000002350
W/ActivityManager(  565): No content provider found for permission revoke: file:///data/local/tmp/0000002350
I/PackageManager(  565): Copying native libraries to /data/app-lib/vmdl-1276076930
I/PackageManager(  565): Running dexopt on: com.careerbuilder.SugarDrone.test
D/dalvikvm( 6651): DexOpt: load 72ms, verify+opt 522ms, 1565836 bytes
I/ActivityManager(  565): Force stopping com.careerbuilder.SugarDrone.test appid=18465 user=-1: update pkg
I/InputReader(  565): Reconfiguring input devices.  changes=0x00000010
D/dalvikvm(  565): GC_EXPLICIT freed 845K, 19% free 19558K/23884K, paused 5ms+10ms, total 110ms
D/AndroidRuntime( 6621): Shutting down VM
D/dalvikvm( 6621): GC_CONCURRENT freed 95K, 15% free 561K/660K, paused 0ms+0ms, total 3ms
I/Icing.InternalIcingCorporaProvider( 1315): Updating corpora: A: com.careerbuilder.SugarDrone.test, C: MAYBE
D/BackupManagerService(  565): Received broadcast Intent { act=android.intent.action.PACKAGE_ADDED dat=package:com.careerbuilder.SugarDrone.test flg=0x4000010 (has extras) }
V/BackupManagerService(  565): addPackageParticipantsLocked: #1
D/dalvikvm( 1990): GC_FOR_ALLOC freed 367K, 3% free 18102K/18656K, paused 15ms, total 16ms
I/Icing.InternalIcingCorporaProvider( 1315): UpdateCorporaTask done [took 81 ms] updated apps [took 81 ms] 
D/Wear_Controller( 1004): Received broadcast action=android.intent.action.PACKAGE_ADDED and uri=com.careerbuilder.SugarDrone.test
I/PeopleContactsSync( 1004): triggerPendingContactsCleanup: no accounts
W/IcingInternalCorpora( 1004): getNumBytesRead when not calculated.
I/Icing   ( 1004): Usage reports 0 indexed 0 rejected 0 imm upload false
I/Icing   ( 1004): Usage reports 0 indexed 0 rejected 0 imm upload false
D/AndroidRuntime( 6712): 
D/AndroidRuntime( 6712): >>>>>> AndroidRuntime START com.android.internal.os.RuntimeInit <<<<<<
D/AndroidRuntime( 6712): CheckJNI is OFF
D/dalvikvm( 6712): Trying to load lib libjavacore.so 0x0
D/dalvikvm( 6712): Added shared lib libjavacore.so 0x0
D/dalvikvm( 6712): Trying to load lib libnativehelper.so 0x0
D/dalvikvm( 6712): Added shared lib libnativehelper.so 0x0
D/dalvikvm( 6712): No JNI_OnLoad found in libnativehelper.so 0x0, skipping init
D/dalvikvm( 6712): Note: class Landroid/app/ActivityManagerNative; has 179 unimplemented (abstract) methods
D/AndroidRuntime( 6712): Calling main entry com.android.commands.settings.SettingsCmd
D/AndroidRuntime( 6712): Shutting down VM
D/dalvikvm( 6712): GC_CONCURRENT freed 96K, 16% free 562K/664K, paused 1ms+1ms, total 3ms
I/Icing   ( 1004): Indexing A71B48A243897ACCCBB490823C9E3D3488B33FED from com.google.android.gms
I/Icing   ( 1004): Indexing done A71B48A243897ACCCBB490823C9E3D3488B33FED
D/dalvikvm( 1004): GC_CONCURRENT freed 1110K, 10% free 12500K/13748K, paused 4ms+3ms, total 37ms
D/AndroidRuntime( 6742): 
D/AndroidRuntime( 6742): >>>>>> AndroidRuntime START com.android.internal.os.RuntimeInit <<<<<<
D/AndroidRuntime( 6742): CheckJNI is OFF
D/dalvikvm( 6742): Trying to load lib libjavacore.so 0x0
D/dalvikvm( 6742): Added shared lib libjavacore.so 0x0
D/dalvikvm( 6742): Trying to load lib libnativehelper.so 0x0
D/dalvikvm( 6742): Added shared lib libnativehelper.so 0x0
D/dalvikvm( 6742): No JNI_OnLoad found in libnativehelper.so 0x0, skipping init
D/dalvikvm( 6742): Note: class Landroid/app/ActivityManagerNative; has 179 unimplemented (abstract) methods
D/AndroidRuntime( 6742): Calling main entry com.android.commands.settings.SettingsCmd
D/AndroidRuntime( 6742): Shutting down VM
D/dalvikvm( 6742): GC_CONCURRENT freed 96K, 15% free 562K/660K, paused 0ms+1ms, total 2ms
D/AndroidRuntime( 6774): 
D/AndroidRuntime( 6774): >>>>>> AndroidRuntime START com.android.internal.os.RuntimeInit <<<<<<
D/AndroidRuntime( 6774): CheckJNI is OFF
D/dalvikvm( 6774): Trying to load lib libjavacore.so 0x0
D/dalvikvm( 6774): Added shared lib libjavacore.so 0x0
D/dalvikvm( 6774): Trying to load lib libnativehelper.so 0x0
D/dalvikvm( 6774): Added shared lib libnativehelper.so 0x0
D/dalvikvm( 6774): No JNI_OnLoad found in libnativehelper.so 0x0, skipping init
D/dalvikvm( 6774): Note: class Landroid/app/ActivityManagerNative; has 179 unimplemented (abstract) methods
D/AndroidRuntime( 6774): Calling main entry com.android.commands.settings.SettingsCmd
D/AndroidRuntime( 6774): Shutting down VM
D/dalvikvm( 6774): GC_CONCURRENT freed 96K, 16% free 562K/664K, paused 0ms+0ms, total 2ms
D/AndroidRuntime( 6802): 
D/AndroidRuntime( 6802): >>>>>> AndroidRuntime START com.android.internal.os.RuntimeInit <<<<<<
D/AndroidRuntime( 6802): CheckJNI is OFF
D/dalvikvm( 6802): Trying to load lib libjavacore.so 0x0
D/dalvikvm( 6802): Added shared lib libjavacore.so 0x0
D/dalvikvm( 6802): Trying to load lib libnativehelper.so 0x0
D/dalvikvm( 6802): Added shared lib libnativehelper.so 0x0
D/dalvikvm( 6802): No JNI_OnLoad found in libnativehelper.so 0x0, skipping init
D/dalvikvm( 6802): Note: class Landroid/app/ActivityManagerNative; has 179 unimplemented (abstract) methods
D/AndroidRuntime( 6802): Calling main entry com.android.commands.settings.SettingsCmd
D/AndroidRuntime( 6802): Shutting down VM
D/dalvikvm( 6802): GC_CONCURRENT freed 96K, 15% free 562K/660K, paused 0ms+0ms, total 2ms
D/AndroidRuntime( 6829): 
D/AndroidRuntime( 6829): >>>>>> AndroidRuntime START com.android.internal.os.RuntimeInit <<<<<<
D/AndroidRuntime( 6829): CheckJNI is OFF
D/dalvikvm( 6829): Trying to load lib libjavacore.so 0x0
D/dalvikvm( 6829): Added shared lib libjavacore.so 0x0
D/dalvikvm( 6829): Trying to load lib libnativehelper.so 0x0
D/dalvikvm( 6829): Added shared lib libnativehelper.so 0x0
D/dalvikvm( 6829): No JNI_OnLoad found in libnativehelper.so 0x0, skipping init
D/dalvikvm( 6829): Note: class Landroid/app/ActivityManagerNative; has 179 unimplemented (abstract) methods
D/AndroidRuntime( 6829): Calling main entry com.android.commands.settings.SettingsCmd
D/AndroidRuntime( 6829): Shutting down VM
D/dalvikvm( 6829): GC_CONCURRENT freed 96K, 15% free 562K/660K, paused 0ms+0ms, total 3ms
D/AndroidRuntime( 6855): 
D/AndroidRuntime( 6855): >>>>>> AndroidRuntime START com.android.internal.os.RuntimeInit <<<<<<
D/AndroidRuntime( 6855): CheckJNI is OFF
D/dalvikvm( 6855): Trying to load lib libjavacore.so 0x0
D/dalvikvm( 6855): Added shared lib libjavacore.so 0x0
D/dalvikvm( 6855): Trying to load lib libnativehelper.so 0x0
D/dalvikvm( 6855): Added shared lib libnativehelper.so 0x0
D/dalvikvm( 6855): No JNI_OnLoad found in libnativehelper.so 0x0, skipping init
D/dalvikvm( 6855): Note: class Landroid/app/ActivityManagerNative; has 179 unimplemented (abstract) methods
D/AndroidRuntime( 6855): Calling main entry com.android.commands.settings.SettingsCmd
D/AndroidRuntime( 6855): Shutting down VM
D/dalvikvm( 6855): GC_CONCURRENT freed 96K, 15% free 562K/660K, paused 0ms+0ms, total 2ms
D/AndroidRuntime( 6887): 
D/AndroidRuntime( 6887): >>>>>> AndroidRuntime START com.android.internal.os.RuntimeInit <<<<<<
D/AndroidRuntime( 6887): CheckJNI is OFF
D/dalvikvm( 6887): Trying to load lib libjavacore.so 0x0
D/dalvikvm( 6887): Added shared lib libjavacore.so 0x0
D/dalvikvm( 6887): Trying to load lib libnativehelper.so 0x0
D/dalvikvm( 6887): Added shared lib libnativehelper.so 0x0
D/dalvikvm( 6887): No JNI_OnLoad found in libnativehelper.so 0x0, skipping init
D/dalvikvm( 6887): Note: class Landroid/app/ActivityManagerNative; has 179 unimplemented (abstract) methods
D/AndroidRuntime( 6887): Calling main entry com.android.commands.pm.Pm
D/AndroidRuntime( 6887): Shutting down VM
D/dalvikvm( 6887): GC_CONCURRENT freed 251K, 31% free 567K/820K, paused 0ms+0ms, total 3ms
D/dalvikvm(  565): GC_CONCURRENT freed 2634K, 19% free 19572K/23884K, paused 2ms+10ms, total 87ms
D/dalvikvm(  565): WAIT_FOR_CONCURRENT_GC blocked 12ms
D/AndroidRuntime( 6964): 
D/AndroidRuntime( 6964): >>>>>> AndroidRuntime START com.android.internal.os.RuntimeInit <<<<<<
D/AndroidRuntime( 6964): CheckJNI is OFF
D/dalvikvm( 6964): Trying to load lib libjavacore.so 0x0
D/dalvikvm( 6964): Added shared lib libjavacore.so 0x0
D/dalvikvm( 6964): Trying to load lib libnativehelper.so 0x0
D/dalvikvm( 6964): Added shared lib libnativehelper.so 0x0
D/dalvikvm( 6964): No JNI_OnLoad found in libnativehelper.so 0x0, skipping init
D/dalvikvm( 6964): Note: class Landroid/app/ActivityManagerNative; has 179 unimplemented (abstract) methods
D/AndroidRuntime( 6964): Calling main entry com.android.commands.pm.Pm
D/AndroidRuntime( 6964): Shutting down VM
D/dalvikvm( 6964): GC_CONCURRENT freed 251K, 31% free 567K/820K, paused 0ms+1ms, total 4ms
D/AndroidRuntime( 7055): 
D/AndroidRuntime( 7055): >>>>>> AndroidRuntime START com.android.internal.os.RuntimeInit <<<<<<
D/AndroidRuntime( 7055): CheckJNI is OFF
D/dalvikvm( 7055): Trying to load lib libjavacore.so 0x0
D/dalvikvm( 7055): Added shared lib libjavacore.so 0x0
D/dalvikvm( 7055): Trying to load lib libnativehelper.so 0x0
D/dalvikvm( 7055): Added shared lib libnativehelper.so 0x0
D/dalvikvm( 7055): No JNI_OnLoad found in libnativehelper.so 0x0, skipping init
D/dalvikvm( 7055): Note: class Landroid/app/ActivityManagerNative; has 179 unimplemented (abstract) methods
D/AndroidRuntime( 7055): Calling main entry com.android.commands.input.Input
I/Input   ( 7055): injectKeyEvent: KeyEvent { action=ACTION_DOWN, keyCode=KEYCODE_BACK, scanCode=0, metaState=0, flags=0x0, repeatCount=0, eventTime=284219, downTime=284219, deviceId=-1, source=0x101 }
I/Input   ( 7055): injectKeyEvent: KeyEvent { action=ACTION_UP, keyCode=KEYCODE_BACK, scanCode=0, metaState=0, flags=0x0, repeatCount=0, eventTime=284219, downTime=284219, deviceId=-1, source=0x101 }
D/AndroidRuntime( 7055): Shutting down VM
D/dalvikvm( 7055): GC_CONCURRENT freed 98K, 16% free 563K/664K, paused 1ms+1ms, total 3ms
D/AndroidRuntime( 7123): 
D/AndroidRuntime( 7123): >>>>>> AndroidRuntime START com.android.internal.os.RuntimeInit <<<<<<
D/AndroidRuntime( 7123): CheckJNI is OFF
D/dalvikvm( 7123): Trying to load lib libjavacore.so 0x0
D/dalvikvm( 7123): Added shared lib libjavacore.so 0x0
D/dalvikvm( 7123): Trying to load lib libnativehelper.so 0x0
D/dalvikvm( 7123): Added shared lib libnativehelper.so 0x0
D/dalvikvm( 7123): No JNI_OnLoad found in libnativehelper.so 0x0, skipping init
D/dalvikvm( 7123): Note: class Landroid/app/ActivityManagerNative; has 179 unimplemented (abstract) methods
D/AndroidRuntime( 7123): Calling main entry com.android.commands.input.Input
I/Input   ( 7123): injectKeyEvent: KeyEvent { action=ACTION_DOWN, keyCode=KEYCODE_HOME, scanCode=0, metaState=0, flags=0x0, repeatCount=0, eventTime=286009, downTime=286009, deviceId=-1, source=0x101 }
I/Input   ( 7123): injectKeyEvent: KeyEvent { action=ACTION_UP, keyCode=KEYCODE_HOME, scanCode=0, metaState=0, flags=0x0, repeatCount=0, eventTime=286009, downTime=286009, deviceId=-1, source=0x101 }
D/AndroidRuntime( 7123): Shutting down VM
D/dalvikvm( 7123): GC_CONCURRENT freed 98K, 16% free 563K/664K, paused 0ms+0ms, total 2ms
I/ActivityManager(  565): START u0 {act=android.intent.action.MAIN cat=[android.intent.category.HOME] flg=0x10200000 cmp=com.android.launcher/com.android.launcher2.Launcher} from pid 565
D/AndroidRuntime( 7164): 
D/AndroidRuntime( 7164): >>>>>> AndroidRuntime START com.android.internal.os.RuntimeInit <<<<<<
D/AndroidRuntime( 7164): CheckJNI is OFF
D/dalvikvm( 7164): Trying to load lib libjavacore.so 0x0
D/dalvikvm( 7164): Added shared lib libjavacore.so 0x0
D/dalvikvm( 7164): Trying to load lib libnativehelper.so 0x0
D/dalvikvm( 7164): Added shared lib libnativehelper.so 0x0
D/dalvikvm( 7164): No JNI_OnLoad found in libnativehelper.so 0x0, skipping init
D/dalvikvm( 7164): Note: class Landroid/app/ActivityManagerNative; has 179 unimplemented (abstract) methods
D/dalvikvm( 1281): GC_CONCURRENT freed 493K, 6% free 9585K/10112K, paused 1ms+2ms, total 59ms
D/dalvikvm( 1281): WAIT_FOR_CONCURRENT_GC blocked 12ms
D/Finsky  ( 1281): [1] 5.onFinished: Installation state replication succeeded.
D/AndroidRuntime( 7164): Calling main entry com.android.commands.input.Input
I/Input   ( 7164): injectKeyEvent: KeyEvent { action=ACTION_DOWN, keyCode=KEYCODE_BACK, scanCode=0, metaState=0, flags=0x0, repeatCount=0, eventTime=287364, downTime=287364, deviceId=-1, source=0x101 }
I/Input   ( 7164): injectKeyEvent: KeyEvent { action=ACTION_UP, keyCode=KEYCODE_BACK, scanCode=0, metaState=0, flags=0x0, repeatCount=0, eventTime=287364, downTime=287364, deviceId=-1, source=0x101 }
D/AndroidRuntime( 7164): Shutting down VM
D/dalvikvm( 7164): GC_CONCURRENT freed 98K, 16% free 563K/664K, paused 0ms+0ms, total 2ms
D/AndroidRuntime( 7212): 
D/AndroidRuntime( 7212): >>>>>> AndroidRuntime START com.android.internal.os.RuntimeInit <<<<<<
D/AndroidRuntime( 7212): CheckJNI is OFF
D/dalvikvm( 7212): Trying to load lib libjavacore.so 0x0
D/dalvikvm( 7212): Added shared lib libjavacore.so 0x0
D/dalvikvm( 7212): Trying to load lib libnativehelper.so 0x0
D/dalvikvm( 7212): Added shared lib libnativehelper.so 0x0
D/dalvikvm( 7212): No JNI_OnLoad found in libnativehelper.so 0x0, skipping init
D/dalvikvm( 7212): Note: class Landroid/app/ActivityManagerNative; has 179 unimplemented (abstract) methods
D/AndroidRuntime( 7212): Calling main entry com.android.commands.am.Am
I/ActivityManager(  565): Force stopping com.careerbuilder.SugarDrone appid=18464 user=0: start instr
D/dalvikvm( 7236): Late-enabling CheckJNI
I/ActivityManager(  565): Start proc com.careerbuilder.SugarDrone for added application com.careerbuilder.SugarDrone: pid=7236 uid=18464 gids={58464, 3003, 1028, 1015}
I/dalvikvm( 7236): Could not find method android.app.Instrumentation.execStartActivity, referenced from method sh.calaba.exposed.InstrumentationExposed.execStartActivity
W/dalvikvm( 7236): VFY: unable to resolve virtual method 38: Landroid/app/Instrumentation;.execStartActivity (Landroid/content/Context;Landroid/os/IBinder;Landroid/os/IBinder;Landroid/app/Activity;Landroid/content/Intent;I)Landroid/app/Instrumentation$ActivityResult;
D/dalvikvm( 7236): VFY: replacing opcode 0x75 at 0x0000
I/dalvikvm( 7236): Could not find method android.app.Instrumentation.execStartActivity, referenced from method sh.calaba.exposed.InstrumentationExposed.execStartActivity
W/dalvikvm( 7236): VFY: unable to resolve virtual method 41: Landroid/app/Instrumentation;.execStartActivity (Landroid/content/Context;Landroid/os/IBinder;Landroid/os/IBinder;Landroid/app/Fragment;Landroid/content/Intent;I)Landroid/app/Instrumentation$ActivityResult;
D/dalvikvm( 7236): VFY: replacing opcode 0x75 at 0x0000
I/dalvikvm( 7236): Could not find method android.app.Instrumentation.execStartActivityAsCaller, referenced from method sh.calaba.exposed.InstrumentationExposed.execStartActivityAsCaller
W/dalvikvm( 7236): VFY: unable to resolve virtual method 43: Landroid/app/Instrumentation;.execStartActivityAsCaller (Landroid/content/Context;Landroid/os/IBinder;Landroid/os/IBinder;Landroid/app/Activity;Landroid/content/Intent;ILandroid/os/Bundle;I)Landroid/app/Instrumentation$ActivityResult;
D/dalvikvm( 7236): VFY: replacing opcode 0x75 at 0x0000
D/dalvikvm( 7236): Trying to load lib /data/app-lib/com.careerbuilder.SugarDrone-1/libmonodroid.so 0x41e67ed8
D/dalvikvm( 7236): Added shared lib /data/app-lib/com.careerbuilder.SugarDrone-1/libmonodroid.so 0x41e67ed8
W/monodroid( 7236): Using override path: /data/data/com.careerbuilder.SugarDrone/files/.__override__
W/monodroid( 7236): Trying to load sgen from: /data/data/com.careerbuilder.SugarDrone/files/.__override__/libmonosgen-2.0.so
W/monodroid( 7236): Trying to load sgen from: /storage/emulated/0/Android/data/com.careerbuilder.SugarDrone/files/.__override__/libmonosgen-2.0.so
W/monodroid( 7236): Trying to load sgen from: /data/app-lib/com.careerbuilder.SugarDrone-1/libmonosgen-2.0.so
D/Mono    ( 7236): Image addref mscorlib[0x75289948] -> mscorlib.dll[0x75288c90]: 2
D/Mono    ( 7236): Prepared to set up assembly 'mscorlib' (mscorlib.dll)
D/Mono    ( 7236): AOT module 'mscorlib.dll.so' not found: dlopen failed: library "/data/app-lib/com.careerbuilder.SugarDrone-1/libaot-mscorlib.dll.so" not found
D/Mono    ( 7236): AOT module '/Users/builder/data/lanes/4009/f3074d2c/source/monodroid/builds/install/mono-armv6/lib/mono/aot-cache/arm/mscorlib.dll.so' not found: dlopen failed: library "/data/app-lib/com.careerbuilder.SugarDrone-1/libaot-mscorlib.dll.so" not found
D/Mono    ( 7236): Config attempting to parse: 'mscorlib.dll.config'.
D/Mono    ( 7236): Config attempting to parse: '/Users/builder/data/lanes/4009/f3074d2c/source/monodroid/builds/install/mono-armv6/etc/mono/assemblies/mscorlib/mscorlib.config'.
D/Mono    ( 7236): Assembly mscorlib[0x75289948] added to domain RootDomain, ref_count=1
D/Mono    ( 7236): Image addref CareerBuilder_Search.Droid[0x7a3a3980] -> CareerBuilder_Search.Droid.dll[0x7a3a2cf0]: 2
D/Mono    ( 7236): Prepared to set up assembly 'CareerBuilder_Search.Droid' (CareerBuilder_Search.Droid.dll)
D/Mono    ( 7236): Assembly CareerBuilder_Search.Droid[0x7a3a3980] added to domain RootDomain, ref_count=1
D/Mono    ( 7236): AOT module 'CareerBuilder_Search.Droid.dll.so' not found: dlopen failed: library "/data/app-lib/com.careerbuilder.SugarDrone-1/libaot-CareerBuilder_Search.Droid.dll.so" not found
D/Mono    ( 7236): AOT module '/Users/builder/data/lanes/4009/f3074d2c/source/monodroid/builds/install/mono-armv6/lib/mono/aot-cache/arm/CareerBuilder_Search.Droid.dll.so' not found: dlopen failed: library "/data/app-lib/com.careerbuilder.SugarDrone-1/libaot-CareerBuilder_Search.Droid.dll.so" not found
D/Mono    ( 7236): Config attempting to parse: 'CareerBuilder_Search.Droid.dll.config'.
D/Mono    ( 7236): Config attempting to parse: '/Users/builder/data/lanes/4009/f3074d2c/source/monodroid/builds/install/mono-armv6/etc/mono/assemblies/CareerBuilder_Search.Droid/CareerBuilder_Search.Droid.config'.
D/Mono    ( 7236): Image addref AppsFlyerXamarinBindingAndroid[0x7a3a47e8] -> AppsFlyerXamarinBindingAndroid.dll[0x7a3a3b98]: 2
D/Mono    ( 7236): Prepared to set up assembly 'AppsFlyerXamarinBindingAndroid' (AppsFlyerXamarinBindingAndroid.dll)
D/Mono    ( 7236): Assembly AppsFlyerXamarinBindingAndroid[0x7a3a47e8] added to domain RootDomain, ref_count=1
D/Mono    ( 7236): AOT module 'AppsFlyerXamarinBindingAndroid.dll.so' not found: dlopen failed: library "/data/app-lib/com.careerbuilder.SugarDrone-1/libaot-AppsFlyerXamarinBindingAndroid.dll.so" not found
D/Mono    ( 7236): AOT module '/Users/builder/data/lanes/4009/f3074d2c/source/monodroid/builds/install/mono-armv6/lib/mono/aot-cache/arm/AppsFlyerXamarinBindingAndroid.dll.so' not found: dlopen failed: library "/data/app-lib/com.careerbuilder.SugarDrone-1/libaot-AppsFlyerXamarinBindingAndroid.dll.so" not found
D/Mono    ( 7236): Config attempting to parse: 'AppsFlyerXamarinBindingAndroid.dll.config'.
D/Mono    ( 7236): Config attempting to parse: '/Users/builder/data/lanes/4009/f3074d2c/source/monodroid/builds/install/mono-armv6/etc/mono/assemblies/AppsFlyerXamarinBindingAndroid/AppsFlyerXamarinBindingAndroid.config'.
D/Mono    ( 7236): Image addref HockeySDK[0x7a3c2530] -> HockeySDK.dll[0x7a3a48e8]: 2
D/Mono    ( 7236): Prepared to set up assembly 'HockeySDK' (HockeySDK.dll)
D/Mono    ( 7236): Assembly HockeySDK[0x7a3c2530] added to domain RootDomain, ref_count=1
D/Mono    ( 7236): AOT module 'HockeySDK.dll.so' not found: dlopen failed: library "/data/app-lib/com.careerbuilder.SugarDrone-1/libaot-HockeySDK.dll.so" not found
D/Mono    ( 7236): AOT module '/Users/builder/data/lanes/4009/f3074d2c/source/monodroid/builds/install/mono-armv6/lib/mono/aot-cache/arm/HockeySDK.dll.so' not found: dlopen failed: library "/data/app-lib/com.careerbuilder.SugarDrone-1/libaot-HockeySDK.dll.so" not found
D/Mono    ( 7236): Config attempting to parse: 'HockeySDK.dll.config'.
D/Mono    ( 7236): Config attempting to parse: '/Users/builder/data/lanes/4009/f3074d2c/source/monodroid/builds/install/mono-armv6/etc/mono/assemblies/HockeySDK/HockeySDK.config'.
D/Mono    ( 7236): Image addref Akavache[0x7a3c32a8] -> Akavache.dll[0x7a3c2618]: 2
D/Mono    ( 7236): Prepared to set up assembly 'Akavache' (Akavache.dll)
D/Mono    ( 7236): Assembly Akavache[0x7a3c32a8] added to domain RootDomain, ref_count=1
D/Mono    ( 7236): AOT module 'Akavache.dll.so' not found: dlopen failed: library "/data/app-lib/com.careerbuilder.SugarDrone-1/libaot-Akavache.dll.so" not found
D/Mono    ( 7236): AOT module '/Users/builder/data/lanes/4009/f3074d2c/source/monodroid/builds/install/mono-armv6/lib/mono/aot-cache/arm/Akavache.dll.so' not found: dlopen failed: library "/data/app-lib/com.careerbuilder.SugarDrone-1/libaot-Akavache.dll.so" not found
D/Mono    ( 7236): Config attempting to parse: 'Akavache.dll.config'.
D/Mono    ( 7236): Config attempting to parse: '/Users/builder/data/lanes/4009/f3074d2c/source/monodroid/builds/install/mono-armv6/etc/mono/assemblies/Akavache/Akavache.config'.
D/Mono    ( 7236): Image addref Akavache.Sqlite3[0x7a3c4018] -> Akavache.Sqlite3.dll[0x7a3c33c8]: 2
D/Mono    ( 7236): Prepared to set up assembly 'Akavache.Sqlite3' (Akavache.Sqlite3.dll)
D/Mono    ( 7236): Assembly Akavache.Sqlite3[0x7a3c4018] added to domain RootDomain, ref_count=1
D/Mono    ( 7236): AOT module 'Akavache.Sqlite3.dll.so' not found: dlopen failed: library "/data/app-lib/com.careerbuilder.SugarDrone-1/libaot-Akavache.Sqlite3.dll.so" not found
D/Mono    ( 7236): AOT module '/Users/builder/data/lanes/4009/f3074d2c/source/monodroid/builds/install/mono-armv6/lib/mono/aot-cache/arm/Akavache.Sqlite3.dll.so' not found: dlopen failed: library "/data/app-lib/com.careerbuilder.SugarDrone-1/libaot-Akavache.Sqlite3.dll.so" not found
W/        ( 7236): Symbol file LoadedFromMemory doesn't match image Akavache.Sqlite3.dll
D/Mono    ( 7236): Config attempting to parse: 'Akavache.Sqlite3.dll.config'.
D/Mono    ( 7236): Config attempting to parse: '/Users/builder/data/lanes/4009/f3074d2c/source/monodroid/builds/install/mono-armv6/etc/mono/assemblies/Akavache.Sqlite3/Akavache.Sqlite3.config'.
D/Mono    ( 7236): Image addref Splat[0x7a3c4d48] -> Splat.dll[0x7a3c4108]: 2
D/Mono    ( 7236): Prepared to set up assembly 'Splat' (Splat.dll)
D/Mono    ( 7236): Assembly Splat[0x7a3c4d48] added to domain RootDomain, ref_count=1
D/Mono    ( 7236): AOT module 'Splat.dll.so' not found: dlopen failed: library "/data/app-lib/com.careerbuilder.SugarDrone-1/libaot-Splat.dll.so" not found
D/Mono    ( 7236): AOT module '/Users/builder/data/lanes/4009/f3074d2c/source/monodroid/builds/install/mono-armv6/lib/mono/aot-cache/arm/Splat.dll.so' not found: dlopen failed: library "/data/app-lib/com.careerbuilder.SugarDrone-1/libaot-Splat.dll.so" not found
D/Mono    ( 7236): Config attempting to parse: 'Splat.dll.config'.
D/Mono    ( 7236): Config attempting to parse: '/Users/builder/data/lanes/4009/f3074d2c/source/monodroid/builds/install/mono-armv6/etc/mono/assemblies/Splat/Splat.config'.
D/Mono    ( 7236): Image addref Microsoft.Practices.ServiceLocation[0x7a3c8b60] -> Microsoft.Practices.ServiceLocation.dll[0x7a3c7f20]: 2
D/Mono    ( 7236): Prepared to set up assembly 'Microsoft.Practices.ServiceLocation' (Microsoft.Practices.ServiceLocation.dll)
D/Mono    ( 7236): Assembly Microsoft.Practices.ServiceLocation[0x7a3c8b60] added to domain RootDomain, ref_count=1
D/Mono    ( 7236): AOT module 'Microsoft.Practices.ServiceLocation.dll.so' not found: dlopen failed: library "/data/app-lib/com.careerbuilder.SugarDrone-1/libaot-Microsoft.Practices.ServiceLocation.dll.so" not found
D/Mono    ( 7236): AOT module '/Users/builder/data/lanes/4009/f3074d2c/source/monodroid/builds/install/mono-armv6/lib/mono/aot-cache/arm/Microsoft.Practices.ServiceLocation.dll.so' not found: dlopen failed: library "/data/app-lib/com.careerbuilder.SugarDrone-1/libaot-Microsoft.Practices.ServiceLocation.dll.so" not found
D/Mono    ( 7236): Config attempting to parse: 'Microsoft.Practices.ServiceLocation.dll.config'.
D/Mono    ( 7236): Config attempting to parse: '/Users/builder/data/lanes/4009/f3074d2c/source/monodroid/builds/install/mono-armv6/etc/mono/assemblies/Microsoft.Practices.ServiceLocation/Microsoft.Practices.ServiceLocation.config'.
D/Mono    ( 7236): Image addref Microsoft.Practices.Unity[0x7a3ca148] -> Microsoft.Practices.Unity.dll[0x7a3c94d8]: 2
D/Mono    ( 7236): Prepared to set up assembly 'Microsoft.Practices.Unity' (Microsoft.Practices.Unity.dll)
D/Mono    ( 7236): Assembly Microsoft.Practices.Unity[0x7a3ca148] added to domain RootDomain, ref_count=1
D/Mono    ( 7236): AOT module 'Microsoft.Practices.Unity.dll.so' not found: dlopen failed: library "/data/app-lib/com.careerbuilder.SugarDrone-1/libaot-Microsoft.Practices.Unity.dll.so" not found
D/Mono    ( 7236): AOT module '/Users/builder/data/lanes/4009/f3074d2c/source/monodroid/builds/install/mono-armv6/lib/mono/aot-cache/arm/Microsoft.Practices.Unity.dll.so' not found: dlopen failed: library "/data/app-lib/com.careerbuilder.SugarDrone-1/libaot-Microsoft.Practices.Unity.dll.so" not found
D/Mono    ( 7236): Config attempting to parse: 'Microsoft.Practices.Unity.dll.config'.
D/Mono    ( 7236): Config attempting to parse: '/Users/builder/data/lanes/4009/f3074d2c/source/monodroid/builds/install/mono-armv6/etc/mono/assemblies/Microsoft.Practices.Unity/Microsoft.Practices.Unity.config'.
D/Mono    ( 7236): Image addref Plugin.CurrentActivity[0x7a3cae98] -> Plugin.CurrentActivity.dll[0x7a3ca268]: 2
D/Mono    ( 7236): Prepared to set up assembly 'Plugin.CurrentActivity' (Plugin.CurrentActivity.dll)
D/Mono    ( 7236): Assembly Plugin.CurrentActivity[0x7a3cae98] added to domain RootDomain, ref_count=1
D/Mono    ( 7236): AOT module 'Plugin.CurrentActivity.dll.so' not found: dlopen failed: library "/data/app-lib/com.careerbuilder.SugarDrone-1/libaot-Plugin.CurrentActivity.dll.so" not found
D/Mono    ( 7236): AOT module '/Users/builder/data/lanes/4009/f3074d2c/source/monodroid/builds/install/mono-armv6/lib/mono/aot-cache/arm/Plugin.CurrentActivity.dll.so' not found: dlopen failed: library "/data/app-lib/com.careerbuilder.SugarDrone-1/libaot-Plugin.CurrentActivity.dll.so" not found
D/Mono    ( 7236): Config attempting to parse: 'Plugin.CurrentActivity.dll.config'.
D/Mono    ( 7236): Config attempting to parse: '/Users/builder/data/lanes/4009/f3074d2c/source/monodroid/builds/install/mono-armv6/etc/mono/assemblies/Plugin.CurrentActivity/Plugin.CurrentActivity.config'.
D/Mono    ( 7236): Image addref Plugin.Permissions[0x7a3cbbe8] -> Plugin.Permissions.dll[0x7a3cafc8]: 2
D/Mono    ( 7236): Prepared to set up assembly 'Plugin.Permissions' (Plugin.Permissions.dll)
D/Mono    ( 7236): Assembly Plugin.Permissions[0x7a3cbbe8] added to domain RootDomain, ref_count=1
D/Mono    ( 7236): AOT module 'Plugin.Permissions.dll.so' not found: dlopen failed: library "/data/app-lib/com.careerbuilder.SugarDrone-1/libaot-Plugin.Permissions.dll.so" not found
D/Mono    ( 7236): AOT module '/Users/builder/data/lanes/4009/f3074d2c/source/monodroid/builds/install/mono-armv6/lib/mono/aot-cache/arm/Plugin.Permissions.dll.so' not found: dlopen failed: library "/data/app-lib/com.careerbuilder.SugarDrone-1/libaot-Plugin.Permissions.dll.so" not found
D/Mono    ( 7236): Config attempting to parse: 'Plugin.Permissions.dll.config'.
D/Mono    ( 7236): Config attempting to parse: '/Users/builder/data/lanes/4009/f3074d2c/source/monodroid/builds/install/mono-armv6/etc/mono/assemblies/Plugin.Permissions/Plugin.Permissions.config'.
D/Mono    ( 7236): Image addref Plugin.Permissions.Abstractions[0x7a3cd308] -> Plugin.Permissions.Abstractions.dll[0x7a3cc6a8]: 2
D/Mono    ( 7236): Prepared to set up assembly 'Plugin.Permissions.Abstractions' (Plugin.Permissions.Abstractions.dll)
D/Mono    ( 7236): Assembly Plugin.Permissions.Abstractions[0x7a3cd308] added to domain RootDomain, ref_count=1
D/Mono    ( 7236): AOT module 'Plugin.Permissions.Abstractions.dll.so' not found: dlopen failed: library "/data/app-lib/com.careerbuilder.SugarDrone-1/libaot-Plugin.Permissions.Abstractions.dll.so" not found
D/Mono    ( 7236): AOT module '/Users/builder/data/lanes/4009/f3074d2c/source/monodroid/builds/install/mono-armv6/lib/mono/aot-cache/arm/Plugin.Permissions.Abstractions.dll.so' not found: dlopen failed: library "/data/app-lib/com.careerbuilder.SugarDrone-1/libaot-Plugin.Permissions.Abstractions.dll.so" not found
D/Mono    ( 7236): Config attempting to parse: 'Plugin.Permissions.Abstractions.dll.config'.
D/Mono    ( 7236): Config attempting to parse: '/Users/builder/data/lanes/4009/f3074d2c/source/monodroid/builds/install/mono-armv6/etc/mono/assemblies/Plugin.Permissions.Abstractions/Plugin.Permissions.Abstractions.config'.
D/Mono    ( 7236): Image addref Plugin.Geolocator[0x7a3ce1b8] -> Plugin.Geolocator.dll[0x7a3cd568]: 2
D/Mono    ( 7236): Prepared to set up assembly 'Plugin.Geolocator' (Plugin.Geolocator.dll)
D/Mono    ( 7236): Assembly Plugin.Geolocator[0x7a3ce1b8] added to domain RootDomain, ref_count=1
D/Mono    ( 7236): AOT module 'Plugin.Geolocator.dll.so' not found: dlopen failed: library "/data/app-lib/com.careerbuilder.SugarDrone-1/libaot-Plugin.Geolocator.dll.so" not found
D/Mono    ( 7236): AOT module '/Users/builder/data/lanes/4009/f3074d2c/source/monodroid/builds/install/mono-armv6/lib/mono/aot-cache/arm/Plugin.Geolocator.dll.so' not found: dlopen failed: library "/data/app-lib/com.careerbuilder.SugarDrone-1/libaot-Plugin.Geolocator.dll.so" not found
D/Mono    ( 7236): Config attempting to parse: 'Plugin.Geolocator.dll.config'.
D/Mono    ( 7236): Config attempting to parse: '/Users/builder/data/lanes/4009/f3074d2c/source/monodroid/builds/install/mono-armv6/etc/mono/assemblies/Plugin.Geolocator/Plugin.Geolocator.config'.
D/Mono    ( 7236): Image addref Plugin.Geolocator.Abstractions[0x7a3d0150] -> Plugin.Geolocator.Abstractions.dll[0x7a3cf538]: 2
D/Mono    ( 7236): Prepared to set up assembly 'Plugin.Geolocator.Abstractions' (Plugin.Geolocator.Abstractions.dll)
D/Mono    ( 7236): Assembly Plugin.Geolocator.Abstractions[0x7a3d0150] added to domain RootDomain, ref_count=1
D/Mono    ( 7236): AOT module 'Plugin.Geolocator.Abstractions.dll.so' not found: dlopen failed: library "/data/app-lib/com.careerbuilder.SugarDrone-1/libaot-Plugin.Geolocator.Abstractions.dll.so" not found
D/Mono    ( 7236): AOT module '/Users/builder/data/lanes/4009/f3074d2c/source/monodroid/builds/install/mono-armv6/lib/mono/aot-cache/arm/Plugin.Geolocator.Abstractions.dll.so' not found: dlopen failed: library "/data/app-lib/com.careerbuilder.SugarDrone-1/libaot-Plugin.Geolocator.Abstractions.dll.so" not found
D/Mono    ( 7236): Config attempting to parse: 'Plugin.Geolocator.Abstractions.dll.config'.
D/Mono    ( 7236): Config attempting to parse: '/Users/builder/data/lanes/4009/f3074d2c/source/monodroid/builds/install/mono-armv6/etc/mono/assemblies/Plugin.Geolocator.Abstractions/Plugin.Geolocator.Abstractions.config'.
D/Mono    ( 7236): Image addref Plugin.DeviceInfo[0x7a3d14c8] -> Plugin.DeviceInfo.dll[0x7a3d0868]: 2
D/Mono    ( 7236): Prepared to set up assembly 'Plugin.DeviceInfo' (Plugin.DeviceInfo.dll)
D/Mono    ( 7236): Assembly Plugin.DeviceInfo[0x7a3d14c8] added to domain RootDomain, ref_count=1
D/Mono    ( 7236): AOT module 'Plugin.DeviceInfo.dll.so' not found: dlopen failed: library "/data/app-lib/com.careerbuilder.SugarDrone-1/libaot-Plugin.DeviceInfo.dll.so" not found
D/Mono    ( 7236): AOT module '/Users/builder/data/lanes/4009/f3074d2c/source/monodroid/builds/install/mono-armv6/lib/mono/aot-cache/arm/Plugin.DeviceInfo.dll.so' not found: dlopen failed: library "/data/app-lib/com.careerbuilder.SugarDrone-1/libaot-Plugin.DeviceInfo.dll.so" not found
D/Mono    ( 7236): Config attempting to parse: 'Plugin.DeviceInfo.dll.config'.
D/Mono    ( 7236): Config attempting to parse: '/Users/builder/data/lanes/4009/f3074d2c/source/monodroid/builds/install/mono-armv6/etc/mono/assemblies/Plugin.DeviceInfo/Plugin.DeviceInfo.config'.
D/Mono    ( 7236): Image addref Plugin.DeviceInfo.Abstractions[0x7a3d26b8] -> Plugin.DeviceInfo.Abstractions.dll[0x7a3d1a48]: 2
D/Mono    ( 7236): Prepared to set up assembly 'Plugin.DeviceInfo.Abstractions' (Plugin.DeviceInfo.Abstractions.dll)
D/Mono    ( 7236): Assembly Plugin.DeviceInfo.Abstractions[0x7a3d26b8] added to domain RootDomain, ref_count=1
D/Mono    ( 7236): AOT module 'Plugin.DeviceInfo.Abstractions.dll.so' not found: dlopen failed: library "/data/app-lib/com.careerbuilder.SugarDrone-1/libaot-Plugin.DeviceInfo.Abstractions.dll.so" not found
D/Mono    ( 7236): AOT module '/Users/builder/data/lanes/4009/f3074d2c/source/monodroid/builds/install/mono-armv6/lib/mono/aot-cache/arm/Plugin.DeviceInfo.Abstractions.dll.so' not found: dlopen failed: library "/data/app-lib/com.careerbuilder.SugarDrone-1/libaot-Plugin.DeviceInfo.Abstractions.dll.so" not found
D/Mono    ( 7236): Config attempting to parse: 'Plugin.DeviceInfo.Abstractions.dll.config'.
D/Mono    ( 7236): Config attempting to parse: '/Users/builder/data/lanes/4009/f3074d2c/source/monodroid/builds/install/mono-armv6/etc/mono/assemblies/Plugin.DeviceInfo.Abstractions/Plugin.DeviceInfo.Abstractions.config'.
D/Mono    ( 7236): Image addref Xamarin.GooglePlayServices.Analytics[0x7a3d35a0] -> Xamarin.GooglePlayServices.Analytics.dll[0x7a3d2990]: 2
D/Mono    ( 7236): Prepared to set up assembly 'Xamarin.GooglePlayServices.Analytics' (Xamarin.GooglePlayServices.Analytics.dll)
D/Mono    ( 7236): Assembly Xamarin.GooglePlayServices.Analytics[0x7a3d35a0] added to domain RootDomain, ref_count=1
D/Mono    ( 7236): AOT module 'Xamarin.GooglePlayServices.Analytics.dll.so' not found: dlopen failed: library "/data/app-lib/com.careerbuilder.SugarDrone-1/libaot-Xamarin.GooglePlayServices.Analytics.dll.so" not found
D/Mono    ( 7236): AOT module '/Users/builder/data/lanes/4009/f3074d2c/source/monodroid/builds/install/mono-armv6/lib/mono/aot-cache/arm/Xamarin.GooglePlayServices.Analytics.dll.so' not found: dlopen failed: library "/data/app-lib/com.careerbuilder.SugarDrone-1/libaot-Xamarin.GooglePlayServices.Analytics.dll.so" not found
D/Mono    ( 7236): Config attempting to parse: 'Xamarin.GooglePlayServices.Analytics.dll.config'.
D/Mono    ( 7236): Config attempting to parse: '/Users/builder/data/lanes/4009/f3074d2c/source/monodroid/builds/install/mono-armv6/etc/mono/assemblies/Xamarin.GooglePlayServices.Analytics/Xamarin.GooglePlayServices.Analytics.config'.
D/Mono    ( 7236): Image addref Xamarin.GooglePlayServices.Base[0x7a3d42f8] -> Xamarin.GooglePlayServices.Base.dll[0x7a3d3740]: 2
D/Mono    ( 7236): Prepared to set up assembly 'Xamarin.GooglePlayServices.Base' (Xamarin.GooglePlayServices.Base.dll)
D/Mono    ( 7236): Assembly Xamarin.GooglePlayServices.Base[0x7a3d42f8] added to domain RootDomain, ref_count=1
