<![CDATA[
]]><xtc-scenario name="[0-1139]CareerBuilder_Search.DroidFeatureTests.ApplyTests.TextScreenerMaxShowsWhenPressingApplyAndMaxCharsExceeded" id="[0-1139]CareerBuilder_Search.DroidFeatureTests.ApplyTests.TextScreenerMaxShowsWhenPressingApplyAndMaxCharsExceeded"><![CDATA[

]]><xtc-step name="[0-1139]CareerBuilder_Search.DroidFeatureTests.ApplyTests.TextScreenerMaxShowsWhenPressingApplyAndMaxCharsExceeded-TextScreenerMaxShowsWhenPressingApplyAndMaxCharsExceeded" id="[0-1139]CareerBuilder_Search.DroidFeatureTests.ApplyTests.TextScreenerMaxShowsWhenPressingApplyAndMaxCharsExceeded-TextScreenerMaxShowsWhenPressingApplyAndMaxCharsExceeded"><![CDATA[
D/AndroidRuntime( 5133): 
D/AndroidRuntime( 5133): >>>>>> AndroidRuntime START com.android.internal.os.RuntimeInit <<<<<<
D/AndroidRuntime( 5133): CheckJNI is OFF
D/dalvikvm( 5133): Trying to load lib libjavacore.so 0x0
D/dalvikvm( 5133): Added shared lib libjavacore.so 0x0
D/dalvikvm( 5133): Trying to load lib libnativehelper.so 0x0
D/dalvikvm( 5133): Added shared lib libnativehelper.so 0x0
D/dalvikvm( 5133): No JNI_OnLoad found in libnativehelper.so 0x0, skipping init
D/dalvikvm( 5133): Note: class Landroid/app/ActivityManagerNative; has 179 unimplemented (abstract) methods
D/AndroidRuntime( 5133): Calling main entry com.android.commands.pm.Pm
D/AndroidRuntime( 5133): Shutting down VM
D/dalvikvm( 5133): GC_CONCURRENT freed 248K, 31% free 567K/820K, paused 0ms+0ms, total 3ms
D/AndroidRuntime( 5597): 
D/AndroidRuntime( 5597): >>>>>> AndroidRuntime START com.android.internal.os.RuntimeInit <<<<<<
D/AndroidRuntime( 5597): CheckJNI is OFF
D/dalvikvm( 5597): Trying to load lib libjavacore.so 0x0
D/dalvikvm( 5597): Added shared lib libjavacore.so 0x0
D/dalvikvm( 5597): Trying to load lib libnativehelper.so 0x0
D/dalvikvm( 5597): Added shared lib libnativehelper.so 0x0
D/dalvikvm( 5597): No JNI_OnLoad found in libnativehelper.so 0x0, skipping init
D/dalvikvm( 5597): Note: class Landroid/app/ActivityManagerNative; has 179 unimplemented (abstract) methods
D/AndroidRuntime( 5597): Calling main entry com.android.commands.am.Am
D/AndroidRuntime( 5597): Shutting down VM
D/dalvikvm( 5597): GC_CONCURRENT freed 93K, 15% free 553K/648K, paused 1ms+1ms, total 3ms
--------- beginning of /dev/log/system
W/ActivityManager(  564): Invalid packageName: com.careerbuilder.SugarDrone
D/AndroidRuntime( 6150): 
D/AndroidRuntime( 6150): >>>>>> AndroidRuntime START com.android.internal.os.RuntimeInit <<<<<<
D/AndroidRuntime( 6150): CheckJNI is OFF
D/dalvikvm( 6150): Trying to load lib libjavacore.so 0x0
D/dalvikvm( 6150): Added shared lib libjavacore.so 0x0
D/dalvikvm( 6150): Trying to load lib libnativehelper.so 0x0
D/dalvikvm( 6150): Added shared lib libnativehelper.so 0x0
D/dalvikvm( 6150): No JNI_OnLoad found in libnativehelper.so 0x0, skipping init
D/dalvikvm( 6150): Note: class Landroid/app/ActivityManagerNative; has 179 unimplemented (abstract) methods
D/AndroidRuntime( 6150): Calling main entry com.android.commands.pm.Pm
W/ActivityManager(  564): No content provider found for permission revoke: file:///data/local/tmp/0000002384
W/ActivityManager(  564): No content provider found for permission revoke: file:///data/local/tmp/0000002384
I/PackageManager(  564): Copying native libraries to /data/app-lib/vmdl-1520582747
D/dalvikvm(  564): GC_FOR_ALLOC freed 976K, 12% free 19778K/22428K, paused 57ms, total 57ms
D/dalvikvm(  564): GC_FOR_ALLOC freed 522K, 12% free 19939K/22428K, paused 57ms, total 57ms
D/dalvikvm(  564): GC_CONCURRENT freed 2014K, 10% free 20664K/22716K, paused 11ms+5ms, total 88ms
D/dalvikvm(  564): WAIT_FOR_CONCURRENT_GC blocked 62ms
D/dalvikvm(  564): GC_FOR_ALLOC freed 2709K, 13% free 20697K/23628K, paused 65ms, total 65ms
D/dalvikvm(  564): GC_FOR_ALLOC freed 2774K, 13% free 20715K/23664K, paused 64ms, total 64ms
D/dalvikvm(  564): GC_CONCURRENT freed 2800K, 13% free 20761K/23688K, paused 2ms+7ms, total 116ms
D/dalvikvm(  564): WAIT_FOR_CONCURRENT_GC blocked 60ms
I/PackageManager(  564): Running dexopt on: com.careerbuilder.SugarDrone
W/dalvikvm( 6265): method Landroid/support/v7/widget/ListViewCompat;.lookForSelectablePosition incorrectly overrides package-private method with same name in Landroid/widget/ListView;
D/dalvikvm( 6265): DexOpt: couldn't find static field Landroid/os/Build;.SUPPORTED_ABIS
D/dalvikvm( 6265): DexOpt: load 289ms, verify+opt 1602ms, 3733380 bytes
I/ActivityManager(  564): Force stopping com.careerbuilder.SugarDrone appid=18499 user=-1: update pkg
W/PackageManager(  564): Not granting permission android.permission.MANAGE_DOCUMENTS to package com.careerbuilder.SugarDrone (protectionLevel=2 flags=0x8be46)
W/PackageManager(  564): Not granting permission android.permission.MOUNT_UNMOUNT_FILESYSTEMS to package com.careerbuilder.SugarDrone (protectionLevel=18 flags=0x8be46)
I/InputReader(  564): Reconfiguring input devices.  changes=0x00000010
D/dalvikvm(  823): GC_CONCURRENT freed 313K, 4% free 9376K/9720K, paused 3ms+6ms, total 35ms
I/ActivityManager(  564): Delay finish: com.android.musicfx/.Compatibility$Receiver
I/ActivityManager(  564): Resuming delayed broadcast
D/BackupManagerService(  564): Received broadcast Intent { act=android.intent.action.PACKAGE_ADDED dat=package:com.careerbuilder.SugarDrone flg=0x4000010 (has extras) }
V/BackupManagerService(  564): addPackageParticipantsLocked: #1
I/Icing.InternalIcingCorporaProvider( 1318): Updating corpora: A: com.careerbuilder.SugarDrone, C: MAYBE
I/PeopleContactsSync(  873): triggerPendingContactsCleanup: no accounts
D/Wear_Controller(  873): Received broadcast action=android.intent.action.PACKAGE_ADDED and uri=com.careerbuilder.SugarDrone
D/dalvikvm(  564): GC_EXPLICIT freed 1459K, 12% free 20895K/23688K, paused 4ms+24ms, total 195ms
D/AndroidRuntime( 6150): Shutting down VM
D/dalvikvm( 6150): GC_CONCURRENT freed 95K, 15% free 561K/660K, paused 0ms+0ms, total 2ms
W/IcingInternalCorpora(  873): getNumBytesRead when not calculated.
D/dalvikvm(  873): GC_CONCURRENT freed 1271K, 11% free 12345K/13868K, paused 4ms+4ms, total 45ms
I/ActivityManager(  564): Delay finish: com.google.android.gms/.chimera.GmsIntentOperationService$PersistentInternalReceiver
I/Icing   (  873): Usage reports 0 indexed 0 rejected 0 imm upload true
I/Icing.InternalIcingCorporaProvider( 1318): UpdateCorporaTask done [took 340 ms] updated apps [took 340 ms] 
I/ActivityManager(  564): Resuming delayed broadcast
I/Icing   (  873): Usage reports 0 indexed 0 rejected 0 imm upload false
I/Icing   (  873): Usage reports 0 indexed 0 rejected 0 imm upload false
D/AndroidRuntime( 6357): 
D/AndroidRuntime( 6357): >>>>>> AndroidRuntime START com.android.internal.os.RuntimeInit <<<<<<
D/AndroidRuntime( 6357): CheckJNI is OFF
D/dalvikvm( 6357): Trying to load lib libjavacore.so 0x0
D/dalvikvm( 6357): Added shared lib libjavacore.so 0x0
D/dalvikvm( 6357): Trying to load lib libnativehelper.so 0x0
D/dalvikvm( 6357): Added shared lib libnativehelper.so 0x0
D/dalvikvm( 6357): No JNI_OnLoad found in libnativehelper.so 0x0, skipping init
D/dalvikvm( 6357): Note: class Landroid/app/ActivityManagerNative; has 179 unimplemented (abstract) methods
D/AndroidRuntime( 6357): Calling main entry com.android.commands.settings.SettingsCmd
D/AndroidRuntime( 6357): Shutting down VM
D/dalvikvm( 6357): GC_CONCURRENT freed 96K, 16% free 562K/664K, paused 0ms+0ms, total 2ms
I/Icing   (  873): Indexing 5DEEA38537210BEE0F2C135EA4D174C2C8299805 from com.google.android.googlequicksearchbox
D/dalvikvm( 1318): GC_CONCURRENT freed 533K, 7% free 9439K/10072K, paused 2ms+2ms, total 17ms
I/Icing   (  873): Indexing done 5DEEA38537210BEE0F2C135EA4D174C2C8299805
I/Icing   (  873): Indexing A71B48A243897ACCCBB490823C9E3D3488B33FED from com.google.android.gms
D/dalvikvm(  873): GC_FOR_ALLOC freed 626K, 12% free 12309K/13868K, paused 31ms, total 31ms
D/dalvikvm(  873): GC_FOR_ALLOC freed 520K, 12% free 12288K/13868K, paused 34ms, total 34ms
I/Icing   (  873): Indexing done A71B48A243897ACCCBB490823C9E3D3488B33FED
D/AndroidRuntime( 6387): 
D/AndroidRuntime( 6387): >>>>>> AndroidRuntime START com.android.internal.os.RuntimeInit <<<<<<
D/AndroidRuntime( 6387): CheckJNI is OFF
D/dalvikvm( 6387): Trying to load lib libjavacore.so 0x0
D/dalvikvm( 6387): Added shared lib libjavacore.so 0x0
D/dalvikvm( 6387): Trying to load lib libnativehelper.so 0x0
D/dalvikvm( 6387): Added shared lib libnativehelper.so 0x0
D/dalvikvm( 6387): No JNI_OnLoad found in libnativehelper.so 0x0, skipping init
D/dalvikvm( 6387): Note: class Landroid/app/ActivityManagerNative; has 179 unimplemented (abstract) methods
D/AndroidRuntime( 6387): Calling main entry com.android.commands.settings.SettingsCmd
D/AndroidRuntime( 6387): Shutting down VM
D/dalvikvm( 6387): GC_CONCURRENT freed 96K, 15% free 562K/660K, paused 0ms+0ms, total 3ms
D/AndroidRuntime( 6414): 
D/AndroidRuntime( 6414): >>>>>> AndroidRuntime START com.android.internal.os.RuntimeInit <<<<<<
D/AndroidRuntime( 6414): CheckJNI is OFF
D/dalvikvm( 6414): Trying to load lib libjavacore.so 0x0
D/dalvikvm( 6414): Added shared lib libjavacore.so 0x0
D/dalvikvm( 6414): Trying to load lib libnativehelper.so 0x0
D/dalvikvm( 6414): Added shared lib libnativehelper.so 0x0
D/dalvikvm( 6414): No JNI_OnLoad found in libnativehelper.so 0x0, skipping init
D/dalvikvm( 6414): Note: class Landroid/app/ActivityManagerNative; has 179 unimplemented (abstract) methods
D/AndroidRuntime( 6414): Calling main entry com.android.commands.settings.SettingsCmd
D/AndroidRuntime( 6414): Shutting down VM
D/dalvikvm( 6414): GC_CONCURRENT freed 96K, 16% free 562K/664K, paused 0ms+0ms, total 2ms
D/AndroidRuntime( 6443): 
D/AndroidRuntime( 6443): >>>>>> AndroidRuntime START com.android.internal.os.RuntimeInit <<<<<<
D/AndroidRuntime( 6443): CheckJNI is OFF
D/dalvikvm( 6443): Trying to load lib libjavacore.so 0x0
D/dalvikvm( 6443): Added shared lib libjavacore.so 0x0
D/dalvikvm( 6443): Trying to load lib libnativehelper.so 0x0
D/dalvikvm( 6443): Added shared lib libnativehelper.so 0x0
D/dalvikvm( 6443): No JNI_OnLoad found in libnativehelper.so 0x0, skipping init
D/dalvikvm( 6443): Note: class Landroid/app/ActivityManagerNative; has 179 unimplemented (abstract) methods
D/AndroidRuntime( 6443): Calling main entry com.android.commands.settings.SettingsCmd
D/AndroidRuntime( 6443): Shutting down VM
D/dalvikvm( 6443): GC_CONCURRENT freed 96K, 15% free 562K/660K, paused 0ms+0ms, total 2ms
D/AndroidRuntime( 6476): 
D/AndroidRuntime( 6476): >>>>>> AndroidRuntime START com.android.internal.os.RuntimeInit <<<<<<
D/AndroidRuntime( 6476): CheckJNI is OFF
D/dalvikvm( 6476): Trying to load lib libjavacore.so 0x0
D/dalvikvm( 6476): Added shared lib libjavacore.so 0x0
D/dalvikvm( 6476): Trying to load lib libnativehelper.so 0x0
D/dalvikvm( 6476): Added shared lib libnativehelper.so 0x0
D/dalvikvm( 6476): No JNI_OnLoad found in libnativehelper.so 0x0, skipping init
D/dalvikvm( 6476): Note: class Landroid/app/ActivityManagerNative; has 179 unimplemented (abstract) methods
D/AndroidRuntime( 6476): Calling main entry com.android.commands.settings.SettingsCmd
D/AndroidRuntime( 6476): Shutting down VM
D/dalvikvm( 6476): GC_CONCURRENT freed 96K, 15% free 562K/660K, paused 0ms+0ms, total 2ms
D/AndroidRuntime( 6509): 
D/AndroidRuntime( 6509): >>>>>> AndroidRuntime START com.android.internal.os.RuntimeInit <<<<<<
D/AndroidRuntime( 6509): CheckJNI is OFF
D/dalvikvm( 6509): Trying to load lib libjavacore.so 0x0
D/dalvikvm( 6509): Added shared lib libjavacore.so 0x0
D/dalvikvm( 6509): Trying to load lib libnativehelper.so 0x0
D/dalvikvm( 6509): Added shared lib libnativehelper.so 0x0
D/dalvikvm( 6509): No JNI_OnLoad found in libnativehelper.so 0x0, skipping init
D/dalvikvm( 6509): Note: class Landroid/app/ActivityManagerNative; has 179 unimplemented (abstract) methods
D/AndroidRuntime( 6509): Calling main entry com.android.commands.settings.SettingsCmd
D/AndroidRuntime( 6509): Shutting down VM
D/dalvikvm( 6509): GC_CONCURRENT freed 96K, 15% free 562K/660K, paused 1ms+0ms, total 3ms
D/AndroidRuntime( 6535): 
D/AndroidRuntime( 6535): >>>>>> AndroidRuntime START com.android.internal.os.RuntimeInit <<<<<<
D/AndroidRuntime( 6535): CheckJNI is OFF
D/dalvikvm( 6535): Trying to load lib libjavacore.so 0x0
D/dalvikvm( 6535): Added shared lib libjavacore.so 0x0
D/dalvikvm( 6535): Trying to load lib libnativehelper.so 0x0
D/dalvikvm( 6535): Added shared lib libnativehelper.so 0x0
D/dalvikvm( 6535): No JNI_OnLoad found in libnativehelper.so 0x0, skipping init
D/dalvikvm( 6535): Note: class Landroid/app/ActivityManagerNative; has 179 unimplemented (abstract) methods
D/AndroidRuntime( 6535): Calling main entry com.android.commands.pm.Pm
D/AndroidRuntime( 6535): Shutting down VM
D/dalvikvm( 6535): GC_CONCURRENT freed 249K, 31% free 567K/820K, paused 0ms+0ms, total 3ms
D/AndroidRuntime( 6623): 
D/AndroidRuntime( 6623): >>>>>> AndroidRuntime START com.android.internal.os.RuntimeInit <<<<<<
D/AndroidRuntime( 6623): CheckJNI is OFF
D/dalvikvm( 6623): Trying to load lib libjavacore.so 0x0
D/dalvikvm( 6623): Added shared lib libjavacore.so 0x0
D/dalvikvm( 6623): Trying to load lib libnativehelper.so 0x0
D/dalvikvm( 6623): Added shared lib libnativehelper.so 0x0
D/dalvikvm( 6623): No JNI_OnLoad found in libnativehelper.so 0x0, skipping init
D/dalvikvm( 6623): Note: class Landroid/app/ActivityManagerNative; has 179 unimplemented (abstract) methods
D/AndroidRuntime( 6623): Calling main entry com.android.commands.pm.Pm
D/AndroidRuntime( 6623): Shutting down VM
D/dalvikvm( 6623): GC_CONCURRENT freed 249K, 31% free 567K/820K, paused 0ms+0ms, total 3ms
D/dalvikvm(  564): GC_CONCURRENT freed 4281K, 19% free 19482K/23804K, paused 2ms+6ms, total 123ms
D/AndroidRuntime( 6749): 
D/AndroidRuntime( 6749): >>>>>> AndroidRuntime START com.android.internal.os.RuntimeInit <<<<<<
D/AndroidRuntime( 6749): CheckJNI is OFF
D/dalvikvm( 6749): Trying to load lib libjavacore.so 0x0
D/dalvikvm( 6749): Added shared lib libjavacore.so 0x0
D/dalvikvm( 6749): Trying to load lib libnativehelper.so 0x0
D/dalvikvm( 6749): Added shared lib libnativehelper.so 0x0
D/dalvikvm( 6749): No JNI_OnLoad found in libnativehelper.so 0x0, skipping init
D/dalvikvm( 6749): Note: class Landroid/app/ActivityManagerNative; has 179 unimplemented (abstract) methods
D/AndroidRuntime( 6749): Calling main entry com.android.commands.am.Am
D/AndroidRuntime( 6749): Shutting down VM
W/ActivityManager(  564): Invalid packageName: com.careerbuilder.SugarDrone.test
D/dalvikvm( 6749): GC_CONCURRENT freed 93K, 15% free 553K/648K, paused 0ms+0ms, total 3ms
D/AndroidRuntime( 6788): 
D/AndroidRuntime( 6788): >>>>>> AndroidRuntime START com.android.internal.os.RuntimeInit <<<<<<
D/AndroidRuntime( 6788): CheckJNI is OFF
D/dalvikvm( 6788): Trying to load lib libjavacore.so 0x0
D/dalvikvm( 6788): Added shared lib libjavacore.so 0x0
D/dalvikvm( 6788): Trying to load lib libnativehelper.so 0x0
D/dalvikvm( 6788): Added shared lib libnativehelper.so 0x0
D/dalvikvm( 6788): No JNI_OnLoad found in libnativehelper.so 0x0, skipping init
D/dalvikvm( 6788): Note: class Landroid/app/ActivityManagerNative; has 179 unimplemented (abstract) methods
D/AndroidRuntime( 6788): Calling main entry com.android.commands.pm.Pm
W/ActivityManager(  564): No content provider found for permission revoke: file:///data/local/tmp/0000002386
W/ActivityManager(  564): No content provider found for permission revoke: file:///data/local/tmp/0000002386
I/PackageManager(  564): Copying native libraries to /data/app-lib/vmdl2028015052
D/dalvikvm( 1286): GC_CONCURRENT freed 422K, 5% free 9569K/10028K, paused 6ms+2ms, total 35ms
I/PackageManager(  564): Running dexopt on: com.careerbuilder.SugarDrone.test
D/Finsky  ( 1286): [1] 5.onFinished: Installation state replication succeeded.
D/dalvikvm( 6816): DexOpt: load 71ms, verify+opt 525ms, 1565836 bytes
I/ActivityManager(  564): Force stopping com.careerbuilder.SugarDrone.test appid=18500 user=-1: update pkg
I/InputReader(  564): Reconfiguring input devices.  changes=0x00000010
I/Icing.InternalIcingCorporaProvider( 1318): Updating corpora: A: com.careerbuilder.SugarDrone.test, C: MAYBE
I/ActivityManager(  564): Delay finish: com.google.android.apps.plus/.service.PackagesMediaMonitor
D/BackupManagerService(  564): Received broadcast Intent { act=android.intent.action.PACKAGE_ADDED dat=package:com.careerbuilder.SugarDrone.test flg=0x4000010 (has extras) }
I/ActivityManager(  564): Resuming delayed broadcast
V/BackupManagerService(  564): addPackageParticipantsLocked: #1
I/Icing.InternalIcingCorporaProvider( 1318): UpdateCorporaTask done [took 63 ms] updated apps [took 63 ms] 
D/Wear_Controller(  873): Received broadcast action=android.intent.action.PACKAGE_ADDED and uri=com.careerbuilder.SugarDrone.test
I/PeopleContactsSync(  873): triggerPendingContactsCleanup: no accounts
D/dalvikvm(  564): GC_EXPLICIT freed 978K, 18% free 19620K/23804K, paused 4ms+9ms, total 272ms
D/AndroidRuntime( 6788): Shutting down VM
D/dalvikvm( 6788): GC_CONCURRENT freed 95K, 15% free 561K/660K, paused 1ms+1ms, total 3ms
D/dalvikvm(  873): GC_FOR_ALLOC freed 948K, 12% free 12317K/13868K, paused 35ms, total 35ms
W/IcingInternalCorpora(  873): getNumBytesRead when not calculated.
I/Icing   (  873): Usage reports 0 indexed 0 rejected 0 imm upload false
I/Icing   (  873): Usage reports 0 indexed 0 rejected 0 imm upload false
D/AndroidRuntime( 6876): 
D/AndroidRuntime( 6876): >>>>>> AndroidRuntime START com.android.internal.os.RuntimeInit <<<<<<
D/AndroidRuntime( 6876): CheckJNI is OFF
D/dalvikvm( 6876): Trying to load lib libjavacore.so 0x0
D/dalvikvm( 6876): Added shared lib libjavacore.so 0x0
D/dalvikvm( 6876): Trying to load lib libnativehelper.so 0x0
D/dalvikvm( 6876): Added shared lib libnativehelper.so 0x0
D/dalvikvm( 6876): No JNI_OnLoad found in libnativehelper.so 0x0, skipping init
D/dalvikvm( 6876): Note: class Landroid/app/ActivityManagerNative; has 179 unimplemented (abstract) methods
D/AndroidRuntime( 6876): Calling main entry com.android.commands.settings.SettingsCmd
D/AndroidRuntime( 6876): Shutting down VM
D/dalvikvm( 6876): GC_CONCURRENT freed 96K, 15% free 562K/660K, paused 0ms+0ms, total 2ms
I/Icing   (  873): Indexing A71B48A243897ACCCBB490823C9E3D3488B33FED from com.google.android.gms
I/Icing   (  873): Indexing done A71B48A243897ACCCBB490823C9E3D3488B33FED
D/AndroidRuntime( 6915): 
D/AndroidRuntime( 6915): >>>>>> AndroidRuntime START com.android.internal.os.RuntimeInit <<<<<<
D/AndroidRuntime( 6915): CheckJNI is OFF
D/dalvikvm( 6915): Trying to load lib libjavacore.so 0x0
D/dalvikvm( 6915): Added shared lib libjavacore.so 0x0
D/dalvikvm( 6915): Trying to load lib libnativehelper.so 0x0
D/dalvikvm( 6915): Added shared lib libnativehelper.so 0x0
D/dalvikvm( 6915): No JNI_OnLoad found in libnativehelper.so 0x0, skipping init
D/dalvikvm( 6915): Note: class Landroid/app/ActivityManagerNative; has 179 unimplemented (abstract) methods
D/AndroidRuntime( 6915): Calling main entry com.android.commands.settings.SettingsCmd
D/AndroidRuntime( 6915): Shutting down VM
D/dalvikvm( 6915): GC_CONCURRENT freed 96K, 15% free 562K/660K, paused 1ms+1ms, total 3ms
D/AndroidRuntime( 6940): 
D/AndroidRuntime( 6940): >>>>>> AndroidRuntime START com.android.internal.os.RuntimeInit <<<<<<
D/AndroidRuntime( 6940): CheckJNI is OFF
D/dalvikvm( 6940): Trying to load lib libjavacore.so 0x0
D/dalvikvm( 6940): Added shared lib libjavacore.so 0x0
D/dalvikvm( 6940): Trying to load lib libnativehelper.so 0x0
D/dalvikvm( 6940): Added shared lib libnativehelper.so 0x0
D/dalvikvm( 6940): No JNI_OnLoad found in libnativehelper.so 0x0, skipping init
D/dalvikvm( 6940): Note: class Landroid/app/ActivityManagerNative; has 179 unimplemented (abstract) methods
D/AndroidRuntime( 6940): Calling main entry com.android.commands.settings.SettingsCmd
D/AndroidRuntime( 6940): Shutting down VM
D/dalvikvm( 6940): GC_CONCURRENT freed 96K, 16% free 562K/664K, paused 0ms+0ms, total 3ms
D/AndroidRuntime( 6968): 
D/AndroidRuntime( 6968): >>>>>> AndroidRuntime START com.android.internal.os.RuntimeInit <<<<<<
D/AndroidRuntime( 6968): CheckJNI is OFF
D/dalvikvm( 6968): Trying to load lib libjavacore.so 0x0
D/dalvikvm( 6968): Added shared lib libjavacore.so 0x0
D/dalvikvm( 6968): Trying to load lib libnativehelper.so 0x0
D/dalvikvm( 6968): Added shared lib libnativehelper.so 0x0
D/dalvikvm( 6968): No JNI_OnLoad found in libnativehelper.so 0x0, skipping init
D/dalvikvm( 6968): Note: class Landroid/app/ActivityManagerNative; has 179 unimplemented (abstract) methods
D/AndroidRuntime( 6968): Calling main entry com.android.commands.settings.SettingsCmd
D/AndroidRuntime( 6968): Shutting down VM
D/dalvikvm( 6968): GC_CONCURRENT freed 96K, 15% free 562K/660K, paused 1ms+1ms, total 3ms
D/AndroidRuntime( 6995): 
D/AndroidRuntime( 6995): >>>>>> AndroidRuntime START com.android.internal.os.RuntimeInit <<<<<<
D/AndroidRuntime( 6995): CheckJNI is OFF
D/dalvikvm( 6995): Trying to load lib libjavacore.so 0x0
D/dalvikvm( 6995): Added shared lib libjavacore.so 0x0
D/dalvikvm( 6995): Trying to load lib libnativehelper.so 0x0
D/dalvikvm( 6995): Added shared lib libnativehelper.so 0x0
D/dalvikvm( 6995): No JNI_OnLoad found in libnativehelper.so 0x0, skipping init
D/dalvikvm( 6995): Note: class Landroid/app/ActivityManagerNative; has 179 unimplemented (abstract) methods
D/AndroidRuntime( 6995): Calling main entry com.android.commands.settings.SettingsCmd
D/AndroidRuntime( 6995): Shutting down VM
D/dalvikvm( 6995): GC_CONCURRENT freed 96K, 15% free 562K/660K, paused 0ms+1ms, total 3ms
D/AndroidRuntime( 7023): 
D/AndroidRuntime( 7023): >>>>>> AndroidRuntime START com.android.internal.os.RuntimeInit <<<<<<
D/AndroidRuntime( 7023): CheckJNI is OFF
D/dalvikvm( 7023): Trying to load lib libjavacore.so 0x0
D/dalvikvm( 7023): Added shared lib libjavacore.so 0x0
D/dalvikvm( 7023): Trying to load lib libnativehelper.so 0x0
D/dalvikvm( 7023): Added shared lib libnativehelper.so 0x0
D/dalvikvm( 7023): No JNI_OnLoad found in libnativehelper.so 0x0, skipping init
D/dalvikvm( 7023): Note: class Landroid/app/ActivityManagerNative; has 179 unimplemented (abstract) methods
D/AndroidRuntime( 7023): Calling main entry com.android.commands.settings.SettingsCmd
D/AndroidRuntime( 7023): Shutting down VM
D/dalvikvm( 7023): GC_CONCURRENT freed 96K, 15% free 562K/660K, paused 0ms+0ms, total 2ms
D/AndroidRuntime( 7055): 
D/AndroidRuntime( 7055): >>>>>> AndroidRuntime START com.android.internal.os.RuntimeInit <<<<<<
D/AndroidRuntime( 7055): CheckJNI is OFF
D/dalvikvm( 7055): Trying to load lib libjavacore.so 0x0
D/dalvikvm( 7055): Added shared lib libjavacore.so 0x0
D/dalvikvm( 7055): Trying to load lib libnativehelper.so 0x0
D/dalvikvm( 7055): Added shared lib libnativehelper.so 0x0
D/dalvikvm( 7055): No JNI_OnLoad found in libnativehelper.so 0x0, skipping init
D/dalvikvm( 7055): Note: class Landroid/app/ActivityManagerNative; has 179 unimplemented (abstract) methods
D/AndroidRuntime( 7055): Calling main entry com.android.commands.pm.Pm
D/AndroidRuntime( 7055): Shutting down VM
D/dalvikvm( 7055): GC_CONCURRENT freed 251K, 31% free 567K/820K, paused 1ms+1ms, total 3ms
D/dalvikvm(  564): GC_CONCURRENT freed 2736K, 18% free 19560K/23804K, paused 3ms+6ms, total 84ms
D/AndroidRuntime( 7137): 
D/AndroidRuntime( 7137): >>>>>> AndroidRuntime START com.android.internal.os.RuntimeInit <<<<<<
D/AndroidRuntime( 7137): CheckJNI is OFF
D/dalvikvm( 7137): Trying to load lib libjavacore.so 0x0
D/dalvikvm( 7137): Added shared lib libjavacore.so 0x0
D/dalvikvm( 7137): Trying to load lib libnativehelper.so 0x0
D/dalvikvm( 7137): Added shared lib libnativehelper.so 0x0
D/dalvikvm( 7137): No JNI_OnLoad found in libnativehelper.so 0x0, skipping init
D/dalvikvm( 7137): Note: class Landroid/app/ActivityManagerNative; has 179 unimplemented (abstract) methods
D/AndroidRuntime( 7137): Calling main entry com.android.commands.pm.Pm
D/AndroidRuntime( 7137): Shutting down VM
D/dalvikvm( 7137): GC_CONCURRENT freed 251K, 31% free 567K/820K, paused 0ms+0ms, total 3ms
D/AndroidRuntime( 7248): 
D/AndroidRuntime( 7248): >>>>>> AndroidRuntime START com.android.internal.os.RuntimeInit <<<<<<
D/AndroidRuntime( 7248): CheckJNI is OFF
D/dalvikvm( 7248): Trying to load lib libjavacore.so 0x0
D/dalvikvm( 7248): Added shared lib libjavacore.so 0x0
D/dalvikvm( 7248): Trying to load lib libnativehelper.so 0x0
D/dalvikvm( 7248): Added shared lib libnativehelper.so 0x0
D/dalvikvm( 7248): No JNI_OnLoad found in libnativehelper.so 0x0, skipping init
D/dalvikvm( 7248): Note: class Landroid/app/ActivityManagerNative; has 179 unimplemented (abstract) methods
D/AndroidRuntime( 7248): Calling main entry com.android.commands.input.Input
I/Input   ( 7248): injectKeyEvent: KeyEvent { action=ACTION_DOWN, keyCode=KEYCODE_BACK, scanCode=0, metaState=0, flags=0x0, repeatCount=0, eventTime=289209, downTime=289209, deviceId=-1, source=0x101 }
I/Input   ( 7248): injectKeyEvent: KeyEvent { action=ACTION_UP, keyCode=KEYCODE_BACK, scanCode=0, metaState=0, flags=0x0, repeatCount=0, eventTime=289209, downTime=289209, deviceId=-1, source=0x101 }
D/AndroidRuntime( 7248): Shutting down VM
D/dalvikvm( 7248): GC_CONCURRENT freed 98K, 16% free 563K/664K, paused 0ms+0ms, total 2ms
D/AndroidRuntime( 7309): 
D/AndroidRuntime( 7309): >>>>>> AndroidRuntime START com.android.internal.os.RuntimeInit <<<<<<
D/AndroidRuntime( 7309): CheckJNI is OFF
D/dalvikvm( 7309): Trying to load lib libjavacore.so 0x0
D/dalvikvm( 7309): Added shared lib libjavacore.so 0x0
D/dalvikvm( 7309): Trying to load lib libnativehelper.so 0x0
D/dalvikvm( 7309): Added shared lib libnativehelper.so 0x0
D/dalvikvm( 7309): No JNI_OnLoad found in libnativehelper.so 0x0, skipping init
D/dalvikvm( 1286): GC_CONCURRENT freed 427K, 5% free 9572K/10036K, paused 21ms+31ms, total 87ms
D/dalvikvm( 7309): Note: class Landroid/app/ActivityManagerNative; has 179 unimplemented (abstract) methods
D/Finsky  ( 1286): [1] 5.onFinished: Installation state replication succeeded.
D/AndroidRuntime( 7309): Calling main entry com.android.commands.input.Input
I/Input   ( 7309): injectKeyEvent: KeyEvent { action=ACTION_DOWN, keyCode=KEYCODE_HOME, scanCode=0, metaState=0, flags=0x0, repeatCount=0, eventTime=290939, downTime=290939, deviceId=-1, source=0x101 }
I/Input   ( 7309): injectKeyEvent: KeyEvent { action=ACTION_UP, keyCode=KEYCODE_HOME, scanCode=0, metaState=0, flags=0x0, repeatCount=0, eventTime=290939, downTime=290939, deviceId=-1, source=0x101 }
D/AndroidRuntime( 7309): Shutting down VM
D/dalvikvm( 7309): GC_CONCURRENT freed 98K, 16% free 563K/664K, paused 0ms+1ms, total 3ms
I/ActivityManager(  564): START u0 {act=android.intent.action.MAIN cat=[android.intent.category.HOME] flg=0x10200000 cmp=com.android.launcher/com.android.launcher2.Launcher} from pid 564
D/AndroidRuntime( 7350): 
D/AndroidRuntime( 7350): >>>>>> AndroidRuntime START com.android.internal.os.RuntimeInit <<<<<<
D/AndroidRuntime( 7350): CheckJNI is OFF
D/dalvikvm( 7350): Trying to load lib libjavacore.so 0x0
D/dalvikvm( 7350): Added shared lib libjavacore.so 0x0
D/dalvikvm( 7350): Trying to load lib libnativehelper.so 0x0
D/dalvikvm( 7350): Added shared lib libnativehelper.so 0x0
D/dalvikvm( 7350): No JNI_OnLoad found in libnativehelper.so 0x0, skipping init
D/dalvikvm( 7350): Note: class Landroid/app/ActivityManagerNative; has 179 unimplemented (abstract) methods
D/AndroidRuntime( 7350): Calling main entry com.android.commands.input.Input
I/Input   ( 7350): injectKeyEvent: KeyEvent { action=ACTION_DOWN, keyCode=KEYCODE_BACK, scanCode=0, metaState=0, flags=0x0, repeatCount=0, eventTime=292262, downTime=292262, deviceId=-1, source=0x101 }
I/Input   ( 7350): injectKeyEvent: KeyEvent { action=ACTION_UP, keyCode=KEYCODE_BACK, scanCode=0, metaState=0, flags=0x0, repeatCount=0, eventTime=292262, downTime=292262, deviceId=-1, source=0x101 }
D/AndroidRuntime( 7350): Shutting down VM
D/dalvikvm( 7350): GC_CONCURRENT freed 98K, 16% free 563K/664K, paused 0ms+0ms, total 3ms
D/AndroidRuntime( 7419): 
D/AndroidRuntime( 7419): >>>>>> AndroidRuntime START com.android.internal.os.RuntimeInit <<<<<<
D/AndroidRuntime( 7419): CheckJNI is OFF
D/dalvikvm( 7419): Trying to load lib libjavacore.so 0x0
D/dalvikvm( 7419): Added shared lib libjavacore.so 0x0
D/dalvikvm( 7419): Trying to load lib libnativehelper.so 0x0
D/dalvikvm( 7419): Added shared lib libnativehelper.so 0x0
D/dalvikvm( 7419): No JNI_OnLoad found in libnativehelper.so 0x0, skipping init
D/dalvikvm( 7419): Note: class Landroid/app/ActivityManagerNative; has 179 unimplemented (abstract) methods
D/AndroidRuntime( 7419): Calling main entry com.android.commands.am.Am
I/ActivityManager(  564): Force stopping com.careerbuilder.SugarDrone appid=18499 user=0: start instr
D/dalvikvm( 7444): Late-enabling CheckJNI
I/ActivityManager(  564): Start proc com.careerbuilder.SugarDrone for added application com.careerbuilder.SugarDrone: pid=7444 uid=18499 gids={58499, 3003, 1028, 1015}
I/dalvikvm( 7444): Could not find method android.app.Instrumentation.execStartActivity, referenced from method sh.calaba.exposed.InstrumentationExposed.execStartActivity
W/dalvikvm( 7444): VFY: unable to resolve virtual method 38: Landroid/app/Instrumentation;.execStartActivity (Landroid/content/Context;Landroid/os/IBinder;Landroid/os/IBinder;Landroid/app/Activity;Landroid/content/Intent;I)Landroid/app/Instrumentation$ActivityResult;
D/dalvikvm( 7444): VFY: replacing opcode 0x75 at 0x0000
I/dalvikvm( 7444): Could not find method android.app.Instrumentation.execStartActivity, referenced from method sh.calaba.exposed.InstrumentationExposed.execStartActivity
W/dalvikvm( 7444): VFY: unable to resolve virtual method 41: Landroid/app/Instrumentation;.execStartActivity (Landroid/content/Context;Landroid/os/IBinder;Landroid/os/IBinder;Landroid/app/Fragment;Landroid/content/Intent;I)Landroid/app/Instrumentation$ActivityResult;
D/dalvikvm( 7444): VFY: replacing opcode 0x75 at 0x0000
I/dalvikvm( 7444): Could not find method android.app.Instrumentation.execStartActivityAsCaller, referenced from method sh.calaba.exposed.InstrumentationExposed.execStartActivityAsCaller
W/dalvikvm( 7444): VFY: unable to resolve virtual method 43: Landroid/app/Instrumentation;.execStartActivityAsCaller (Landroid/content/Context;Landroid/os/IBinder;Landroid/os/IBinder;Landroid/app/Activity;Landroid/content/Intent;ILandroid/os/Bundle;I)Landroid/app/Instrumentation$ActivityResult;
D/dalvikvm( 7444): VFY: replacing opcode 0x75 at 0x0000
D/dalvikvm( 7444): Trying to load lib /data/app-lib/com.careerbuilder.SugarDrone-1/libmonodroid.so 0x41f10bd0
D/dalvikvm( 7444): Added shared lib /data/app-lib/com.careerbuilder.SugarDrone-1/libmonodroid.so 0x41f10bd0
W/monodroid( 7444): Using override path: /data/data/com.careerbuilder.SugarDrone/files/.__override__
W/monodroid( 7444): Trying to load sgen from: /data/data/com.careerbuilder.SugarDrone/files/.__override__/libmonosgen-2.0.so
W/monodroid( 7444): Trying to load sgen from: /storage/emulated/0/Android/data/com.careerbuilder.SugarDrone/files/.__override__/libmonosgen-2.0.so
W/monodroid( 7444): Trying to load sgen from: /data/app-lib/com.careerbuilder.SugarDrone-1/libmonosgen-2.0.so
D/Mono    ( 7444): Image addref mscorlib[0x75908c58] -> mscorlib.dll[0x75908168]: 2
D/Mono    ( 7444): Prepared to set up assembly 'mscorlib' (mscorlib.dll)
D/Mono    ( 7444): AOT module 'mscorlib.dll.so' not found: dlopen failed: library "/data/app-lib/com.careerbuilder.SugarDrone-1/libaot-mscorlib.dll.so" not found
D/Mono    ( 7444): AOT module '/Users/builder/data/lanes/4009/f3074d2c/source/monodroid/builds/install/mono-armv6/lib/mono/aot-cache/arm/mscorlib.dll.so' not found: dlopen failed: library "/data/app-lib/com.careerbuilder.SugarDrone-1/libaot-mscorlib.dll.so" not found
D/Mono    ( 7444): Config attempting to parse: 'mscorlib.dll.config'.
D/Mono    ( 7444): Config attempting to parse: '/Users/builder/data/lanes/4009/f3074d2c/source/monodroid/builds/install/mono-armv6/etc/mono/assemblies/mscorlib/mscorlib.config'.
D/Mono    ( 7444): Assembly mscorlib[0x75908c58] added to domain RootDomain, ref_count=1
D/Mono    ( 7444): Image addref CareerBuilder_Search.Droid[0x7a3cbc60] -> CareerBuilder_Search.Droid.dll[0x7a3cafc0]: 2
D/Mono    ( 7444): Prepared to set up assembly 'CareerBuilder_Search.Droid' (CareerBuilder_Search.Droid.dll)
D/Mono    ( 7444): Assembly CareerBuilder_Search.Droid[0x7a3cbc60] added to domain RootDomain, ref_count=1
D/Mono    ( 7444): AOT module 'CareerBuilder_Search.Droid.dll.so' not found: dlopen failed: library "/data/app-lib/com.careerbuilder.SugarDrone-1/libaot-CareerBuilder_Search.Droid.dll.so" not found
D/Mono    ( 7444): AOT module '/Users/builder/data/lanes/4009/f3074d2c/source/monodroid/builds/install/mono-armv6/lib/mono/aot-cache/arm/CareerBuilder_Search.Droid.dll.so' not found: dlopen failed: library "/data/app-lib/com.careerbuilder.SugarDrone-1/libaot-CareerBuilder_Search.Droid.dll.so" not found
D/Mono    ( 7444): Config attempting to parse: 'CareerBuilder_Search.Droid.dll.config'.
D/Mono    ( 7444): Config attempting to parse: '/Users/builder/data/lanes/4009/f3074d2c/source/monodroid/builds/install/mono-armv6/etc/mono/assemblies/CareerBuilder_Search.Droid/CareerBuilder_Search.Droid.config'.
D/Mono    ( 7444): Image addref AppsFlyerXamarinBindingAndroid[0x7a3ccac8] -> AppsFlyerXamarinBindingAndroid.dll[0x7a3cbe78]: 2
D/Mono    ( 7444): Prepared to set up assembly 'AppsFlyerXamarinBindingAndroid' (AppsFlyerXamarinBindingAndroid.dll)
D/Mono    ( 7444): Assembly AppsFlyerXamarinBindingAndroid[0x7a3ccac8] added to domain RootDomain, ref_count=1
D/Mono    ( 7444): AOT module 'AppsFlyerXamarinBindingAndroid.dll.so' not found: dlopen failed: library "/data/app-lib/com.careerbuilder.SugarDrone-1/libaot-AppsFlyerXamarinBindingAndroid.dll.so" not found
D/Mono    ( 7444): AOT module '/Users/builder/data/lanes/4009/f3074d2c/source/monodroid/builds/install/mono-armv6/lib/mono/aot-cache/arm/AppsFlyerXamarinBindingAndroid.dll.so' not found: dlopen failed: library "/data/app-lib/com.careerbuilder.SugarDrone-1/libaot-AppsFlyerXamarinBindingAndroid.dll.so" not found
D/Mono    ( 7444): Config attempting to parse: 'AppsFlyerXamarinBindingAndroid.dll.config'.
D/Mono    ( 7444): Config attempting to parse: '/Users/builder/data/lanes/4009/f3074d2c/source/monodroid/builds/install/mono-armv6/etc/mono/assemblies/AppsFlyerXamarinBindingAndroid/AppsFlyerXamarinBindingAndroid.config'.
D/Mono    ( 7444): Image addref HockeySDK[0x7a3cd7e8] -> HockeySDK.dll[0x7a3ccbc8]: 2
D/Mono    ( 7444): Prepared to set up assembly 'HockeySDK' (HockeySDK.dll)
D/Mono    ( 7444): Assembly HockeySDK[0x7a3cd7e8] added to domain RootDomain, ref_count=1
D/Mono    ( 7444): AOT module 'HockeySDK.dll.so' not found: dlopen failed: library "/data/app-lib/com.careerbuilder.SugarDrone-1/libaot-HockeySDK.dll.so" not found
D/Mono    ( 7444): AOT module '/Users/builder/data/lanes/4009/f3074d2c/source/monodroid/builds/install/mono-armv6/lib/mono/aot-cache/arm/HockeySDK.dll.so' not found: dlopen failed: library "/data/app-lib/com.careerbuilder.SugarDrone-1/libaot-HockeySDK.dll.so" not found
D/Mono    ( 7444): Config attempting to parse: 'HockeySDK.dll.config'.
D/Mono    ( 7444): Config attempting to parse: '/Users/builder/data/lanes/4009/f3074d2c/source/monodroid/builds/install/mono-armv6/etc/mono/assemblies/HockeySDK/HockeySDK.config'.
D/Mono    ( 7444): Image addref Akavache[0x7a3ce560] -> Akavache.dll[0x7a3cd8d0]: 2
D/Mono    ( 7444): Prepared to set up assembly 'Akavache' (Akavache.dll)
D/Mono    ( 7444): Assembly Akavache[0x7a3ce560] added to domain RootDomain, ref_count=1
D/Mono    ( 7444): AOT module 'Akavache.dll.so' not found: dlopen failed: library "/data/app-lib/com.careerbuilder.SugarDrone-1/libaot-Akavache.dll.so" not found
D/Mono    ( 7444): AOT module '/Users/builder/data/lanes/4009/f3074d2c/source/monodroid/builds/install/mono-armv6/lib/mono/aot-cache/arm/Akavache.dll.so' not found: dlopen failed: library "/data/app-lib/com.careerbuilder.SugarDrone-1/libaot-Akavache.dll.so" not found
D/Mono    ( 7444): Config attempting to parse: 'Akavache.dll.config'.
D/Mono    ( 7444): Config attempting to parse: '/Users/builder/data/lanes/4009/f3074d2c/source/monodroid/builds/install/mono-armv6/etc/mono/assemblies/Akavache/Akavache.config'.
D/Mono    ( 7444): Image addref Akavache.Sqlite3[0x7a3cf2d0] -> Akavache.Sqlite3.dll[0x7a3ce680]: 2
D/Mono    ( 7444): Prepared to set up assembly 'Akavache.Sqlite3' (Akavache.Sqlite3.dll)
D/Mono    ( 7444): Assembly Akavache.Sqlite3[0x7a3cf2d0] added to domain RootDomain, ref_count=1
D/Mono    ( 7444): AOT module 'Akavache.Sqlite3.dll.so' not found: dlopen failed: library "/data/app-lib/com.careerbuilder.SugarDrone-1/libaot-Akavache.Sqlite3.dll.so" not found
D/Mono    ( 7444): AOT module '/Users/builder/data/lanes/4009/f3074d2c/source/monodroid/builds/install/mono-armv6/lib/mono/aot-cache/arm/Akavache.Sqlite3.dll.so' not found: dlopen failed: library "/data/app-lib/com.careerbuilder.SugarDrone-1/libaot-Akavache.Sqlite3.dll.so" not found
W/        ( 7444): Symbol file LoadedFromMemory doesn't match image Akavache.Sqlite3.dll
D/Mono    ( 7444): Config attempting to parse: 'Akavache.Sqlite3.dll.config'.
D/Mono    ( 7444): Config attempting to parse: '/Users/builder/data/lanes/4009/f3074d2c/source/monodroid/builds/install/mono-armv6/etc/mono/assemblies/Akavache.Sqlite3/Akavache.Sqlite3.config'.
D/Mono    ( 7444): Image addref Splat[0x7a3ed030] -> Splat.dll[0x7a3cf440]: 2
D/Mono    ( 7444): Prepared to set up assembly 'Splat' (Splat.dll)
D/Mono    ( 7444): Assembly Splat[0x7a3ed030] added to domain RootDomain, ref_count=1
D/Mono    ( 7444): AOT module 'Splat.dll.so' not found: dlopen failed: library "/data/app-lib/com.careerbuilder.SugarDrone-1/libaot-Splat.dll.so" not found
D/Mono    ( 7444): AOT module '/Users/builder/data/lanes/4009/f3074d2c/source/monodroid/builds/install/mono-armv6/lib/mono/aot-cache/arm/Splat.dll.so' not found: dlopen failed: library "/data/app-lib/com.careerbuilder.SugarDrone-1/libaot-Splat.dll.so" not found
D/Mono    ( 7444): Config attempting to parse: 'Splat.dll.config'.
D/Mono    ( 7444): Config attempting to parse: '/Users/builder/data/lanes/4009/f3074d2c/source/monodroid/builds/install/mono-armv6/etc/mono/assemblies/Splat/Splat.config'.
D/Mono    ( 7444): Image addref Microsoft.Practices.ServiceLocation[0x7a3f0e48] -> Microsoft.Practices.ServiceLocation.dll[0x7a3f0208]: 2
D/Mono    ( 7444): Prepared to set up assembly 'Microsoft.Practices.ServiceLocation' (Microsoft.Practices.ServiceLocation.dll)
D/Mono    ( 7444): Assembly Microsoft.Practices.ServiceLocation[0x7a3f0e48] added to domain RootDomain, ref_count=1
D/Mono    ( 7444): AOT module 'Microsoft.Practices.ServiceLocation.dll.so' not found: dlopen failed: library "/data/app-lib/com.careerbuilder.SugarDrone-1/libaot-Microsoft.Practices.ServiceLocation.dll.so" not found
D/Mono    ( 7444): AOT module '/Users/builder/data/lanes/4009/f3074d2c/source/monodroid/builds/install/mono-armv6/lib/mono/aot-cache/arm/Microsoft.Practices.ServiceLocation.dll.so' not found: dlopen failed: library "/data/app-lib/com.careerbuilder.SugarDrone-1/libaot-Microsoft.Practices.ServiceLocation.dll.so" not found
D/Mono    ( 7444): Config attempting to parse: 'Microsoft.Practices.ServiceLocation.dll.config'.
D/Mono    ( 7444): Config attempting to parse: '/Users/builder/data/lanes/4009/f3074d2c/source/monodroid/builds/install/mono-armv6/etc/mono/assemblies/Microsoft.Practices.ServiceLocation/Microsoft.Practices.ServiceLocation.config'.
D/Mono    ( 7444): Image addref Microsoft.Practices.Unity[0x7a3f2430] -> Microsoft.Practices.Unity.dll[0x7a3f17c0]: 2
D/Mono    ( 7444): Prepared to set up assembly 'Microsoft.Practices.Unity' (Microsoft.Practices.Unity.dll)
D/Mono    ( 7444): Assembly Microsoft.Practices.Unity[0x7a3f2430] added to domain RootDomain, ref_count=1
D/Mono    ( 7444): AOT module 'Microsoft.Practices.Unity.dll.so' not found: dlopen failed: library "/data/app-lib/com.careerbuilder.SugarDrone-1/libaot-Microsoft.Practices.Unity.dll.so" not found
D/Mono    ( 7444): AOT module '/Users/builder/data/lanes/4009/f3074d2c/source/monodroid/builds/install/mono-armv6/lib/mono/aot-cache/arm/Microsoft.Practices.Unity.dll.so' not found: dlopen failed: library "/data/app-lib/com.careerbuilder.SugarDrone-1/libaot-Microsoft.Practices.Unity.dll.so" not found
D/Mono    ( 7444): Config attempting to parse: 'Microsoft.Practices.Unity.dll.config'.
D/Mono    ( 7444): Config attempting to parse: '/Users/builder/data/lanes/4009/f3074d2c/source/monodroid/builds/install/mono-armv6/etc/mono/assemblies/Microsoft.Practices.Unity/Microsoft.Practices.Unity.config'.
D/Mono    ( 7444): Image addref Plugin.CurrentActivity[0x7a3f3180] -> Plugin.CurrentActivity.dll[0x7a3f2550]: 2
D/Mono    ( 7444): Prepared to set up assembly 'Plugin.CurrentActivity' (Plugin.CurrentActivity.dll)
D/Mono    ( 7444): Assembly Plugin.CurrentActivity[0x7a3f3180] added to domain RootDomain, ref_count=1
D/Mono    ( 7444): AOT module 'Plugin.CurrentActivity.dll.so' not found: dlopen failed: library "/data/app-lib/com.careerbuilder.SugarDrone-1/libaot-Plugin.CurrentActivity.dll.so" not found
D/Mono    ( 7444): AOT module '/Users/builder/data/lanes/4009/f3074d2c/source/monodroid/builds/install/mono-armv6/lib/mono/aot-cache/arm/Plugin.CurrentActivity.dll.so' not found: dlopen failed: library "/data/app-lib/com.careerbuilder.SugarDrone-1/libaot-Plugin.CurrentActivity.dll.so" not found
D/Mono    ( 7444): Config attempting to parse: 'Plugin.CurrentActivity.dll.config'.
D/Mono    ( 7444): Config attempting to parse: '/Users/builder/data/lanes/4009/f3074d2c/source/monodroid/builds/install/mono-armv6/etc/mono/assemblies/Plugin.CurrentActivity/Plugin.CurrentActivity.config'.
D/Mono    ( 7444): Image addref Plugin.Permissions[0x7a3f3ed0] -> Plugin.Permissions.dll[0x7a3f32b0]: 2
D/Mono    ( 7444): Prepared to set up assembly 'Plugin.Permissions' (Plugin.Permissions.dll)
D/Mono    ( 7444): Assembly Plugin.Permissions[0x7a3f3ed0] added to domain RootDomain, ref_count=1
D/Mono    ( 7444): AOT module 'Plugin.Permissions.dll.so' not found: dlopen failed: library "/data/app-lib/com.careerbuilder.SugarDrone-1/libaot-Plugin.Permissions.dll.so" not found
D/Mono    ( 7444): AOT module '/Users/builder/data/lanes/4009/f3074d2c/source/monodroid/builds/install/mono-armv6/lib/mono/aot-cache/arm/Plugin.Permissions.dll.so' not found: dlopen failed: library "/data/app-lib/com.careerbuilder.SugarDrone-1/libaot-Plugin.Permissions.dll.so" not found
D/Mono    ( 7444): Config attempting to parse: 'Plugin.Permissions.dll.config'.
D/Mono    ( 7444): Config attempting to parse: '/Users/builder/data/lanes/4009/f3074d2c/source/monodroid/builds/install/mono-armv6/etc/mono/assemblies/Plugin.Permissions/Plugin.Permissions.config'.
D/Mono    ( 7444): Image addref Plugin.Permissions.Abstractions[0x7a3f55f0] -> Plugin.Permissions.Abstractions.dll[0x7a3f4990]: 2
D/Mono    ( 7444): Prepared to set up assembly 'Plugin.Permissions.Abstractions' (Plugin.Permissions.Abstractions.dll)
D/Mono    ( 7444): Assembly Plugin.Permissions.Abstractions[0x7a3f55f0] added to domain RootDomain, ref_count=1
D/Mono    ( 7444): AOT module 'Plugin.Permissions.Abstractions.dll.so' not found: dlopen failed: library "/data/app-lib/com.careerbuilder.SugarDrone-1/libaot-Plugin.Permissions.Abstractions.dll.so" not found
D/Mono    ( 7444): AOT module '/Users/builder/data/lanes/4009/f3074d2c/source/monodroid/builds/install/mono-armv6/lib/mono/aot-cache/arm/Plugin.Permissions.Abstractions.dll.so' not found: dlopen failed: library "/data/app-lib/com.careerbuilder.SugarDrone-1/libaot-Plugin.Permissions.Abstractions.dll.so" not found
D/Mono    ( 7444): Config attempting to parse: 'Plugin.Permissions.Abstractions.dll.config'.
D/Mono    ( 7444): Config attempting to parse: '/Users/builder/data/lanes/4009/f3074d2c/source/monodroid/builds/install/mono-armv6/etc/mono/assemblies/Plugin.Permissions.Abstractions/Plugin.Permissions.Abstractions.config'.
D/Mono    ( 7444): Image addref Plugin.Geolocator[0x7a3f64a0] -> Plugin.Geolocator.dll[0x7a3f5850]: 2
D/Mono    ( 7444): Prepared to set up assembly 'Plugin.Geolocator' (Plugin.Geolocator.dll)
D/Mono    ( 7444): Assembly Plugin.Geolocator[0x7a3f64a0] added to domain RootDomain, ref_count=1
D/Mono    ( 7444): AOT module 'Plugin.Geolocator.dll.so' not found: dlopen failed: library "/data/app-lib/com.careerbuilder.SugarDrone-1/libaot-Plugin.Geolocator.dll.so" not found
D/Mono    ( 7444): AOT module '/Users/builder/data/lanes/4009/f3074d2c/source/monodroid/builds/install/mono-armv6/lib/mono/aot-cache/arm/Plugin.Geolocator.dll.so' not found: dlopen failed: library "/data/app-lib/com.careerbuilder.SugarDrone-1/libaot-Plugin.Geolocator.dll.so" not found
D/Mono    ( 7444): Config attempting to parse: 'Plugin.Geolocator.dll.config'.
D/Mono    ( 7444): Config attempting to parse: '/Users/builder/data/lanes/4009/f3074d2c/source/monodroid/builds/install/mono-armv6/etc/mono/assemblies/Plugin.Geolocator/Plugin.Geolocator.config'.
D/Mono    ( 7444): Image addref Plugin.Geolocator.Abstractions[0x7a3f8438] -> Plugin.Geolocator.Abstractions.dll[0x7a3f7820]: 2
D/Mono    ( 7444): Prepared to set up assembly 'Plugin.Geolocator.Abstractions' (Plugin.Geolocator.Abstractions.dll)
D/Mono    ( 7444): Assembly Plugin.Geolocator.Abstractions[0x7a3f8438] added to domain RootDomain, ref_count=1
D/Mono    ( 7444): AOT module 'Plugin.Geolocator.Abstractions.dll.so' not found: dlopen failed: library "/data/app-lib/com.careerbuilder.SugarDrone-1/libaot-Plugin.Geolocator.Abstractions.dll.so" not found
D/Mono    ( 7444): AOT module '/Users/builder/data/lanes/4009/f3074d2c/source/monodroid/builds/install/mono-armv6/lib/mono/aot-cache/arm/Plugin.Geolocator.Abstractions.dll.so' not found: dlopen failed: library "/data/app-lib/com.careerbuilder.SugarDrone-1/libaot-Plugin.Geolocator.Abstractions.dll.so" not found
D/Mono    ( 7444): Config attempting to parse: 'Plugin.Geolocator.Abstractions.dll.config'.
D/Mono    ( 7444): Config attempting to parse: '/Users/builder/data/lanes/4009/f3074d2c/source/monodroid/builds/install/mono-armv6/etc/mono/assemblies/Plugin.Geolocator.Abstractions/Plugin.Geolocator.Abstractions.config'.
D/Mono    ( 7444): Image addref Plugin.DeviceInfo[0x7a3f97b0] -> Plugin.DeviceInfo.dll[0x7a3f8b50]: 2
D/Mono    ( 7444): Prepared to set up assembly 'Plugin.DeviceInfo' (Plugin.DeviceInfo.dll)
D/Mono    ( 7444): Assembly Plugin.DeviceInfo[0x7a3f97b0] added to domain RootDomain, ref_count=1
D/Mono    ( 7444): AOT module 'Plugin.DeviceInfo.dll.so' not found: dlopen failed: library "/data/app-lib/com.careerbuilder.SugarDrone-1/libaot-Plugin.DeviceInfo.dll.so" not found
D/Mono    ( 7444): AOT module '/Users/builder/data/lanes/4009/f3074d2c/source/monodroid/builds/install/mono-armv6/lib/mono/aot-cache/arm/Plugin.DeviceInfo.dll.so' not found: dlopen failed: library "/data/app-lib/com.careerbuilder.SugarDrone-1/libaot-Plugin.DeviceInfo.dll.so" not found
D/Mono    ( 7444): Config attempting to parse: 'Plugin.DeviceInfo.dll.config'.
D/Mono    ( 7444): Config attempting to parse: '/Users/builder/data/lanes/4009/f3074d2c/source/monodroid/builds/install/mono-armv6/etc/mono/assemblies/Plugin.DeviceInfo/Plugin.DeviceInfo.config'.
D/Mono    ( 7444): Image addref Plugin.DeviceInfo.Abstractions[0x7a3fa9a0] -> Plugin.DeviceInfo.Abstractions.dll[0x7a3f9d30]: 2
D/Mono    ( 7444): Prepared to set up assembly 'Plugin.DeviceInfo.Abstractions' (Plugin.DeviceInfo.Abstractions.dll)
D/Mono    ( 7444): Assembly Plugin.DeviceInfo.Abstractions[0x7a3fa9a0] added to domain RootDomain, ref_count=1
D/Mono    ( 7444): AOT module 'Plugin.DeviceInfo.Abstractions.dll.so' not found: dlopen failed: library "/data/app-lib/com.careerbuilder.SugarDrone-1/libaot-Plugin.DeviceInfo.Abstractions.dll.so" not found
D/Mono    ( 7444): AOT module '/Users/builder/data/lanes/4009/f3074d2c/source/monodroid/builds/install/mono-armv6/lib/mono/aot-cache/arm/Plugin.DeviceInfo.Abstractions.dll.so' not found: dlopen failed: library "/data/app-lib/com.careerbuilder.SugarDrone-1/libaot-Plugin.DeviceInfo.Abstractions.dll.so" not found
D/Mono    ( 7444): Config attempting to parse: 'Plugin.DeviceInfo.Abstractions.dll.config'.
D/Mono    ( 7444): Config attempting to parse: '/Users/builder/data/lanes/4009/f3074d2c/source/monodroid/builds/install/mono-armv6/etc/mono/assemblies/Plugin.DeviceInfo.Abstractions/Plugin.DeviceInfo.Abstractions.config'.
D/Mono    ( 7444): Image addref Xamarin.GooglePlayServices.Analytics[0x7a3fb888] -> Xamarin.GooglePlayServices.Analytics.dll[0x7a3fac78]: 2
D/Mono    ( 7444): Prepared to set up assembly 'Xamarin.GooglePlayServices.Analytics' (Xamarin.GooglePlayServices.Analytics.dll)
D/Mono    ( 7444): Assembly Xamarin.GooglePlayServices.Analytics[0x7a3fb888] added to domain RootDomain, ref_count=1
D/Mono    ( 7444): AOT module 'Xamarin.GooglePlayServices.Analytics.dll.so' not found: dlopen failed: library "/data/app-lib/com.careerbuilder.SugarDrone-1/libaot-Xamarin.GooglePlayServices.Analytics.dll.so" not found
D/Mono    ( 7444): AOT module '/Users/builder/data/lanes/4009/f3074d2c/source/monodroid/builds/install/mono-armv6/lib/mono/aot-cache/arm/Xamarin.GooglePlayServices.Analytics.dll.so' not found: dlopen failed: library "/data/app-lib/com.careerbuilder.SugarDrone-1/libaot-Xamarin.GooglePlayServices.Analytics.dll.so" not found
D/Mono    ( 7444): Config attempting to parse: 'Xamarin.GooglePlayServices.Analytics.dll.config'.
D/Mono    ( 7444): Config attempting to parse: '/Users/builder/data/lanes/4009/f3074d2c/source/monodroid/builds/install/mono-armv6/etc/mono/assemblies/Xamarin.GooglePlayServices.Analytics/Xamarin.GooglePlayServices.Analytics.config'.
D/Mono    ( 7444): Image addref Xamarin.GooglePlayServices.Base[0x7a3fc5e0] -> Xamarin.GooglePlayServices.Base.dll[0x7a3fba28]: 2
D/Mono    ( 7444): Prepared to set up assembly 'Xamarin.GooglePlayServices.Base' (Xamarin.GooglePlayServices.Base.dll)
