W/ProcessCpuTracker(  817): Skipping unknown process pid 9941
I/System.out( 9512): result:{"bonusInformation":[],"message":"","success":true}
I/System.out( 9512): URI: /map
I/System.out( 9512): params: {json={"query":"* marked:'Job 4'","operation":{"method_name":"query","arguments":[]}}
I/System.out( 9512): }
W/ResourceType( 9512): No known package when getting name for resource number 0xffffffff
W/ResourceType( 9512): No known package when getting name for resource number 0xffffffff
W/ResourceType( 9512): No known package when getting name for resource number 0xffffffff
W/ResourceType( 9512): No known package when getting name for resource number 0xffffffff
W/ResourceType( 9512): No known package when getting name for resource number 0xffffffff
W/ResourceType( 9512): No known package when getting name for resource number 0xffffffff
W/ResourceType( 9512): No known package when getting name for resource number 0xffffffff
W/ResourceType( 9512): No known package when getting name for resource number 0xffffffff
W/ResourceType( 9512): No known package when getting name for resource number 0xffffffff
W/ResourceType( 9512): No known package when getting name for resource number 0xffffffff
W/ResourceType( 9512): No known package when getting name for resource number 0xffffffff
W/ResourceType( 9512): No known package when getting name for resource number 0xffffffff
W/ResourceType( 9512): No known package when getting name for resource number 0xffffffff
W/ResourceType( 9512): No known package when getting name for resource number 0xffffffff
W/ResourceType( 9512): No known package when getting name for resource number 0xffffffff
W/ResourceType( 9512): No known package when getting name for resource number 0xffffffff
W/ResourceType( 9512): No known package when getting name for resource number 0xffffffff
W/ResourceType( 9512): No known package when getting name for resource number 0xffffffff
W/ResourceType( 9512): No known package when getting name for resource number 0xffffffff
W/ResourceType( 9512): No known package when getting name for resource number 0xffffffff
W/ResourceType( 9512): No known package when getting name for resource number 0xffffffff
W/ResourceType( 9512): No known package when getting name for resource number 0xffffffff
W/ResourceType( 9512): No known package when getting name for resource number 0xffffffff
W/ResourceType( 9512): No known package when getting name for resource number 0xffffffff
W/ResourceType( 9512): No known package when getting name for resource number 0xffffffff
W/ResourceType( 9512): No known package when getting name for resource number 0xffffffff
W/ResourceType( 9512): No known package when getting name for resource number 0xffffffff
W/ResourceType( 9512): No known package when getting name for resource number 0xffffffff
W/ResourceType( 9512): No known package when getting name for resource number 0xffffffff
W/ResourceType( 9512): No known package when getting name for resource number 0xffffffff
W/ResourceType( 9512): No known package when getting name for resource number 0xffffffff
W/ResourceType( 9512): No known package when getting name for resource number 0xffffffff
W/ResourceType( 9512): No known package when getting name for resource number 0xffffffff
W/ResourceType( 9512): No known package when getting name for resource number 0xffffffff
W/ResourceType( 9512): No known package when getting name for resource number 0xffffffff
W/ResourceType( 9512): No known package when getting name for resource number 0xffffffff
W/ResourceType( 9512): No known package when getting name for resource number 0xffffffff
W/ResourceType( 9512): No known package when getting name for resource number 0xffffffff
W/ResourceType( 9512): No known package when getting name for resource number 0xffffffff
W/ResourceType( 9512): No known package when getting name for resource number 0xffffffff
W/ResourceType( 9512): No known package when getting name for resource number 0xffffffff
W/ResourceType( 9512): No known package when getting name for resource number 0xffffffff
W/ResourceType( 9512): No known package when getting name for resource number 0xffffffff
W/ResourceType( 9512): No known package when getting name for resource number 0xffffffff
W/ResourceType( 9512): No known package when getting name for resource number 0xffffffff
W/ResourceType( 9512): No known package when getting name for resource number 0xffffffff
W/ResourceType( 9512): No known package when getting name for resource number 0xffffffff
W/ResourceType( 9512): No known package when getting name for resource number 0xffffffff
W/ResourceType( 9512): No known package when getting name for resource number 0xffffffff
W/ResourceType( 9512): No known package when getting name for resource number 0xffffffff
W/ResourceType( 9512): No known package when getting name for resource number 0xffffffff
W/ResourceType( 9512): No known package when getting name for resource number 0xffffffff
W/ResourceType( 9512): No known package when getting name for resource number 0xffffffff
W/ResourceType( 9512): No known package when getting name for resource number 0xffffffff
W/ResourceType( 9512): No known package when getting name for resource number 0xffffffff
W/ResourceType( 9512): No known package when getting name for resource number 0xffffffff
W/ResourceType( 9512): No known package when getting name for resource number 0xffffffff
W/ResourceType( 9512): No known package when getting name for resource number 0xffffffff
W/ResourceType( 9512): No known package when getting name for resource number 0xffffffff
W/ResourceType( 9512): No known package when getting name for resource number 0xffffffff
W/ResourceType( 9512): No known package when getting name for resource number 0xffffffff
W/ResourceType( 9512): No known package when getting name for resource number 0xffffffff
W/ResourceType( 9512): No known package when getting name for resource number 0xffffffff
W/ResourceType( 9512): No known package when getting name for resource number 0xffffffff
W/ResourceType( 9512): No known package when getting name for resource number 0xffffffff
W/ResourceType( 9512): No known package when getting name for resource number 0xffffffff
I/art     ( 9512): Explicit concurrent mark sweep GC freed 309314(10MB) AllocSpace objects, 16(524KB) LOS objects, 26% free, 43MB/59MB, paused 1.536ms total 64.237ms
W/ResourceType( 9512): No known package when getting name for resource number 0xffffffff
W/ResourceType( 9512): No known package when getting name for resource number 0xffffffff
I/art     ( 9512): Explicit concurrent mark sweep GC freed 1759(78KB) AllocSpace objects, 0(0B) LOS objects, 26% free, 43MB/59MB, paused 1.637ms total 35.263ms
W/ResourceType( 9512): No known package when getting name for resource number 0xffffffff
W/ResourceType( 9512): No known package when getting name for resource number 0xffffffff
W/ResourceType( 9512): No known package when getting name for resource number 0xffffffff
W/ResourceType( 9512): No known package when getting name for resource number 0xffffffff
W/ResourceType( 9512): No known package when getting name for resource number 0xffffffff
I/art     ( 9512): Explicit concurrent mark sweep GC freed 1090(45KB) AllocSpace objects, 0(0B) LOS objects, 26% free, 43MB/59MB, paused 1.576ms total 37.086ms
I/art     ( 9512): Explicit concurrent mark sweep GC freed 1173(47KB) AllocSpace objects, 0(0B) LOS objects, 26% free, 43MB/59MB, paused 1.259ms total 31.326ms
I/art     ( 9512): Explicit concurrent mark sweep GC freed 1174(47KB) AllocSpace objects, 0(0B) LOS objects, 26% free, 43MB/59MB, paused 1.471ms total 33.710ms
I/System.out( 9512): URI: /map
I/System.out( 9512): params: {json={"query":"* marked:'Job 4'","operation":{"method_name":"query","arguments":[]}}
I/System.out( 9512): }
W/ResourceType( 9512): No known package when getting name for resource number 0xffffffff
W/ResourceType( 9512): No known package when getting name for resource number 0xffffffff
W/ResourceType( 9512): No known package when getting name for resource number 0xffffffff
W/ResourceType( 9512): No known package when getting name for resource number 0xffffffff
W/ResourceType( 9512): No known package when getting name for resource number 0xffffffff
W/ResourceType( 9512): No known package when getting name for resource number 0xffffffff
W/ResourceType( 9512): No known package when getting name for resource number 0xffffffff
W/ResourceType( 9512): No known package when getting name for resource number 0xffffffff
W/ResourceType( 9512): No known package when getting name for resource number 0xffffffff
W/ResourceType( 9512): No known package when getting name for resource number 0xffffffff
W/ResourceType( 9512): No known package when getting name for resource number 0xffffffff
W/ResourceType( 9512): No known package when getting name for resource number 0xffffffff
W/ResourceType( 9512): No known package when getting name for resource number 0xffffffff
W/ResourceType( 9512): No known package when getting name for resource number 0xffffffff
W/ResourceType( 9512): No known package when getting name for resource number 0xffffffff
W/ResourceType( 9512): No known package when getting name for resource number 0xffffffff
W/ResourceType( 9512): No known package when getting name for resource number 0xffffffff
W/ResourceType( 9512): No known package when getting name for resource number 0xffffffff
W/ResourceType( 9512): No known package when getting name for resource number 0xffffffff
W/ResourceType( 9512): No known package when getting name for resource number 0xffffffff
W/ResourceType( 9512): No known package when getting name for resource number 0xffffffff
W/ResourceType( 9512): No known package when getting name for resource number 0xffffffff
W/ResourceType( 9512): No known package when getting name for resource number 0xffffffff
W/ResourceType( 9512): No known package when getting name for resource number 0xffffffff
W/ResourceType( 9512): No known package when getting name for resource number 0xffffffff
W/ResourceType( 9512): No known package when getting name for resource number 0xffffffff
W/ResourceType( 9512): No known package when getting name for resource number 0xffffffff
W/ResourceType( 9512): No known package when getting name for resource number 0xffffffff
W/ResourceType( 9512): No known package when getting name for resource number 0xffffffff
W/ResourceType( 9512): No known package when getting name for resource number 0xffffffff
W/ResourceType( 9512): No known package when getting name for resource number 0xffffffff
W/ResourceType( 9512): No known package when getting name for resource number 0xffffffff
W/ResourceType( 9512): No known package when getting name for resource number 0xffffffff
W/ResourceType( 9512): No known package when getting name for resource number 0xffffffff
W/ResourceType( 9512): No known package when getting name for resource number 0xffffffff
W/ResourceType( 9512): No known package when getting name for resource number 0xffffffff
W/ResourceType( 9512): No known package when getting name for resource number 0xffffffff
W/ResourceType( 9512): No known package when getting name for resource number 0xffffffff
W/ResourceType( 9512): No known package when getting name for resource number 0xffffffff
W/ResourceType( 9512): No known package when getting name for resource number 0xffffffff
W/ResourceType( 9512): No known package when getting name for resource number 0xffffffff
W/ResourceType( 9512): No known package when getting name for resource number 0xffffffff
W/ResourceType( 9512): No known package when getting name for resource number 0xffffffff
W/ResourceType( 9512): No known package when getting name for resource number 0xffffffff
W/ResourceType( 9512): No known package when getting name for resource number 0xffffffff
W/ResourceType( 9512): No known package when getting name for resource number 0xffffffff
W/ResourceType( 9512): No known package when getting name for resource number 0xffffffff
W/ResourceType( 9512): No known package when getting name for resource number 0xffffffff
W/ResourceType( 9512): No known package when getting name for resource number 0xffffffff
W/ResourceType( 9512): No known package when getting name for resource number 0xffffffff
W/ResourceType( 9512): No known package when getting name for resource number 0xffffffff
W/ResourceType( 9512): No known package when getting name for resource number 0xffffffff
W/ResourceType( 9512): No known package when getting name for resource number 0xffffffff
W/ResourceType( 9512): No known package when getting name for resource number 0xffffffff
W/ResourceType( 9512): No known package when getting name for resource number 0xffffffff
W/ResourceType( 9512): No known package when getting name for resource number 0xffffffff
W/ResourceType( 9512): No known package when getting name for resource number 0xffffffff
I/ThermalEngine(  365): ACTION: GPU - Setting GPU[0] to 500000000
I/ThermalEngine(  365): Mitigation:GPU[0]:500000000 Hz
W/ResourceType( 9512): No known package when getting name for resource number 0xffffffff
W/ResourceType( 9512): No known package when getting name for resource number 0xffffffff
I/ThermalEngine(  365): ACTION: CPU - Setting CPU[0] to 1958400
I/ThermalEngine(  365): ACTION: CPU - Setting CPU[1] to 1958400
I/ThermalEngine(  365): ACTION: CPU - Setting CPU[2] to 1958400
I/ThermalEngine(  365): ACTION: CPU - Setting CPU[3] to 1958400
W/ResourceType( 9512): No known package when getting name for resource number 0xffffffff
W/ResourceType( 9512): No known package when getting name for resource number 0xffffffff
W/ResourceType( 9512): No known package when getting name for resource number 0xffffffff
W/ResourceType( 9512): No known package when getting name for resource number 0xffffffff
W/ResourceType( 9512): No known package when getting name for resource number 0xffffffff
W/ResourceType( 9512): No known package when getting name for resource number 0xffffffff
W/ResourceType( 9512): No known package when getting name for resource number 0xffffffff
W/ResourceType( 9512): No known package when getting name for resource number 0xffffffff
W/ResourceType( 9512): No known package when getting name for resource number 0xffffffff
W/ResourceType( 9512): No known package when getting name for resource number 0xffffffff
W/ResourceType( 9512): No known package when getting name for resource number 0xffffffff
W/ResourceType( 9512): No known package when getting name for resource number 0xffffffff
W/ResourceType( 9512): No known package when getting name for resource number 0xffffffff
W/ResourceType( 9512): No known package when getting name for resource number 0xffffffff
I/System.out( 9512): URI: /map
I/System.out( 9512): params: {json={"query":"* marked:'Job 4'","operation":{"method_name":"query","arguments":[]}}
I/System.out( 9512): }
W/ResourceType( 9512): No known package when getting name for resource number 0xffffffff
W/ResourceType( 9512): No known package when getting name for resource number 0xffffffff
W/ResourceType( 9512): No known package when getting name for resource number 0xffffffff
W/ResourceType( 9512): No known package when getting name for resource number 0xffffffff
W/ResourceType( 9512): No known package when getting name for resource number 0xffffffff
W/ResourceType( 9512): No known package when getting name for resource number 0xffffffff
W/ResourceType( 9512): No known package when getting name for resource number 0xffffffff
W/ResourceType( 9512): No known package when getting name for resource number 0xffffffff
W/ResourceType( 9512): No known package when getting name for resource number 0xffffffff
W/ResourceType( 9512): No known package when getting name for resource number 0xffffffff
W/ResourceType( 9512): No known package when getting name for resource number 0xffffffff
W/ResourceType( 9512): No known package when getting name for resource number 0xffffffff
W/ResourceType( 9512): No known package when getting name for resource number 0xffffffff
W/ResourceType( 9512): No known package when getting name for resource number 0xffffffff
W/ResourceType( 9512): No known package when getting name for resource number 0xffffffff
W/ResourceType( 9512): No known package when getting name for resource number 0xffffffff
W/ResourceType( 9512): No known package when getting name for resource number 0xffffffff
W/ResourceType( 9512): No known package when getting name for resource number 0xffffffff
W/ResourceType( 9512): No known package when getting name for resource number 0xffffffff
W/ResourceType( 9512): No known package when getting name for resource number 0xffffffff
W/ResourceType( 9512): No known package when getting name for resource number 0xffffffff
W/ResourceType( 9512): No known package when getting name for resource number 0xffffffff
W/ResourceType( 9512): No known package when getting name for resource number 0xffffffff
W/ResourceType( 9512): No known package when getting name for resource number 0xffffffff
W/ResourceType( 9512): No known package when getting name for resource number 0xffffffff
W/ResourceType( 9512): No known package when getting name for resource number 0xffffffff
W/ResourceType( 9512): No known package when getting name for resource number 0xffffffff
W/ResourceType( 9512): No known package when getting name for resource number 0xffffffff
W/ResourceType( 9512): No known package when getting name for resource number 0xffffffff
W/ResourceType( 9512): No known package when getting name for resource number 0xffffffff
W/ResourceType( 9512): No known package when getting name for resource number 0xffffffff
W/ResourceType( 9512): No known package when getting name for resource number 0xffffffff
W/ResourceType( 9512): No known package when getting name for resource number 0xffffffff
W/ResourceType( 9512): No known package when getting name for resource number 0xffffffff
W/ResourceType( 9512): No known package when getting name for resource number 0xffffffff
W/ResourceType( 9512): No known package when getting name for resource number 0xffffffff
W/ResourceType( 9512): No known package when getting name for resource number 0xffffffff
W/ResourceType( 9512): No known package when getting name for resource number 0xffffffff
W/ResourceType( 9512): No known package when getting name for resource number 0xffffffff
W/ResourceType( 9512): No known package when getting name for resource number 0xffffffff
W/ResourceType( 9512): No known package when getting name for resource number 0xffffffff
W/ResourceType( 9512): No known package when getting name for resource number 0xffffffff
W/ResourceType( 9512): No known package when getting name for resource number 0xffffffff
W/ResourceType( 9512): No known package when getting name for resource number 0xffffffff
W/ResourceType( 9512): No known package when getting name for resource number 0xffffffff
W/ResourceType( 9512): No known package when getting name for resource number 0xffffffff
W/ResourceType( 9512): No known package when getting name for resource number 0xffffffff
W/ResourceType( 9512): No known package when getting name for resource number 0xffffffff
W/ResourceType( 9512): No known package when getting name for resource number 0xffffffff
W/ResourceType( 9512): No known package when getting name for resource number 0xffffffff
W/ResourceType( 9512): No known package when getting name for resource number 0xffffffff
W/ResourceType( 9512): No known package when getting name for resource number 0xffffffff
W/ResourceType( 9512): No known package when getting name for resource number 0xffffffff
W/ResourceType( 9512): No known package when getting name for resource number 0xffffffff
W/ResourceType( 9512): No known package when getting name for resource number 0xffffffff
W/ResourceType( 9512): No known package when getting name for resource number 0xffffffff
W/ResourceType( 9512): No known package when getting name for resource number 0xffffffff
W/ResourceType( 9512): No known package when getting name for resource number 0xffffffff
W/ResourceType( 9512): No known package when getting name for resource number 0xffffffff
W/ResourceType( 9512): No known package when getting name for resource number 0xffffffff
W/ResourceType( 9512): No known package when getting name for resource number 0xffffffff
W/ResourceType( 9512): No known package when getting name for resource number 0xffffffff
W/ResourceType( 9512): No known package when getting name for resource number 0xffffffff
W/ResourceType( 9512): No known package when getting name for resource number 0xffffffff
W/ResourceType( 9512): No known package when getting name for resource number 0xffffffff
W/ResourceType( 9512): No known package when getting name for resource number 0xffffffff
W/ResourceType( 9512): No known package when getting name for resource number 0xffffffff
W/ResourceType( 9512): No known package when getting name for resource number 0xffffffff
W/ResourceType( 9512): No known package when getting name for resource number 0xffffffff
W/ResourceType( 9512): No known package when getting name for resource number 0xffffffff
W/ResourceType( 9512): No known package when getting name for resource number 0xffffffff
W/ResourceType( 9512): No known package when getting name for resource number 0xffffffff
W/ResourceType( 9512): No known package when getting name for resource number 0xffffffff
I/System.out( 9512): URI: /
I/System.out( 9512): params: {json={"command":"touch_coordinate","arguments":[683.0,1552.0]}
I/System.out( 9512): }
I/System.out( 9512): header: {content-length=57, host=devicehost110.prod, x-session-token=token-token-f35db351-5a41-44c8-b9d6-2047ffc61b0a, x-forwarded-for=10.222.150.18, content-type=application/json; charset=utf-8, connection=close}
I/System.out( 9512): params: {json={"command":"touch_coordinate","arguments":[683.0,1552.0]}
I/System.out( 9512): }
I/System.out( 9512): ProP json = {"command":"touch_coordinate","arguments":[683.0,1552.0]}
I/System.out( 9512): files: {}
I/System.out( 9512): command: {"command":"touch_coordinate","arguments":[683.0,1552.0]}
I/InstrumentationBackend( 9512): Got command:'Command:'Line:null,touch_coordinate', arguments:'[683.0, 1552.0]'
D/audio_hw_primary(  357): out_set_parameters: enter: usecase(1: low-latency-playback) kvpairs: routing=2
D/audio_hw_primary(  357): select_devices: out_snd_device(2: speaker) in_snd_device(0: none)
D/msm8974_platform(  357): platform_send_audio_calibration: sending audio calibration for snd_device(2) acdb_id(15)
E/ACDB-LOADER(  357): Error: ACDB AFE returned = -19
D/audio_hw_primary(  357): enable_snd_device: snd_device(2: speaker)
D/Mono    ( 9512): Assembly Ref addref CareerBuilder_Search.Droid[0xb4ae8580] -> Xamarin.Android.Support.v7.CardView[0xb4aef040]: 2
D/audio_hw_primary(  357): enable_audio_route: apply and update mixer path: low-latency-playback speaker
I/calabash( 9512): execStartActivity 4
I/ActivityManager(  817): START u0 {cmp=com.careerbuilder.SugarDrone/md5a4824aa66c0dc4d104077b72c1916a44.JobDisplayPageActivity (has extras)} from uid 19188 on display 0
V/WindowManager(  817): addAppToken: AppWindowToken{25a0cd43 token=Token{10c022f2 ActivityRecord{353b95fd u0 com.careerbuilder.SugarDrone/md5a4824aa66c0dc4d104077b72c1916a44.JobDisplayPageActivity t29}}} to stack=1 task=29 at 2
I/calabash( 9512): newActivity1
I/System.out( 9512): result:{"bonusInformation":[],"message":"","success":true}
I/WebViewFactory( 9512): Loading com.google.android.webview version 39 (1743759-arm) (code 320201)
I/LibraryLoader( 9512): Time to load native libraries: 2 ms (timestamps 5468-5470)
I/LibraryLoader( 9512): Expected native library version number "",actual native library version number ""
V/WebViewChromiumFactoryProvider( 9512): Binding Chromium to main looper Looper (main, tid 1) {2c0424f1}
I/LibraryLoader( 9512): Expected native library version number "",actual native library version number ""
I/chromium( 9512): [INFO:library_loader_hooks.cc(104)] Chromium logging enabled: level = 0, default verbosity = 0
I/BrowserStartupController( 9512): Initializing chromium process, singleProcess=true
W/art     ( 9512): Attempt to remove local handle scope entry from IRT, ignoring
W/chromium( 9512): [WARNING:resource_bundle.cc(304)] locale_file_path.empty()
I/chromium( 9512): [INFO:aw_browser_main_parts.cc(65)] Load from apk succesful, fd=67 off=46872 len=3037
I/chromium( 9512): [INFO:aw_browser_main_parts.cc(78)] Loading webviewchromium.pak from, fd:68 off:230172 len:1089587
W/AudioManagerAndroid( 9512): Requires BLUETOOTH permission
V/WindowManager(  817): Adding window Window{502f86d u0 com.careerbuilder.SugarDrone/md5a4824aa66c0dc4d104077b72c1916a44.JobDisplayPageActivity} at 4 of 9 (after Window{1772af8d u0 com.careerbuilder.SugarDrone/md5a4824aa66c0dc4d104077b72c1916a44.MasterNavActivity})
I/System.out( 9512): URI: /map
I/System.out( 9512): params: {json={"query":"* marked:'applyButton'","operation":{"method_name":"query","arguments":[]}}
I/System.out( 9512): }
D/Mono    ( 9512): Unloading image System.Runtime.Extensions.dll [0x99922a00].
D/Mono    ( 9512): Image addref System.Runtime.Extensions[0xaeca3be0] -> System.Runtime.Extensions.dll[0x9c2e3b00]: 8
D/Mono    ( 9512): Config attempting to parse: 'System.Runtime.Extensions.dll.config'.
D/Mono    ( 9512): Config attempting to parse: '/Users/builder/data/lanes/4009/f3074d2c/source/monodroid/builds/install/mono-armv6/etc/mono/assemblies/System.Runtime.Extensions/System.Runtime.Extensions.config'.
D/Mono    ( 9512): Assembly Ref addref CareerBuilder_Search[0xb4aef460] -> System.Runtime.Extensions[0xb4aefe20]: 6
I/mono-stdout( 9512): uri is: https://api.careerbuilder.com/v3/job?DID=job4&outputjson=true&ShowApplyRequirements=true&DeveloperKey=WDHR8FC6P2JZ1Y61KLM5
I/mono-stdout( 9512): making api call to: /v3/job?DID=job4&outputjson=true&ShowApplyRequirements=true&DeveloperKey=WDHR8FC6P2JZ1Y61KLM5
I/mono-stdout( 9512): uri is: https://api.careerbuilder.com/consumer/saved-jobs/?DeveloperKey=WDHR8FC6P2JZ1Y61KLM5
I/mono-stdout( 9512): making api call to: /consumer/saved-jobs/?DeveloperKey=WDHR8FC6P2JZ1Y61KLM5
I/mono-stdout( 9512): Method: GET, RequestUri: 'https://api.careerbuilder.com/consumer/saved-jobs/?DeveloperKey=WDHR8FC6P2JZ1Y61KLM5', Version: 1.1, Content: <null>, Headers:

I/mono-stdout( 9512): {

I/mono-stdout( 9512): DeveloperKey: WDHR8FC6P2JZ1Y61KLM5

I/mono-stdout( 9512): Accept: application/json

I/mono-stdout( 9512): Authorization: Bearer test

I/mono-stdout( 9512): HostSite: US

I/mono-stdout( 9512): }
I/mono-stdout( 9512): Current State = 1,2,6,7
I/mono-stdout( 9512): applied jobs = 6
I/mono-stdout( 9512): expired jobs = 7
I/mono-stdout( 9512): saved jobs = Saved,Saved,Applied,Saved
I/ActivityManager(  817): Displayed com.careerbuilder.SugarDrone/md5a4824aa66c0dc4d104077b72c1916a44.JobDisplayPageActivity: +511ms
W/ResourceType( 9512): No known package when getting name for resource number 0xffffffff
W/ResourceType( 9512): No known package when getting name for resource number 0xffffffff
W/ResourceType( 9512): No known package when getting name for resource number 0xffffffff
W/ResourceType( 9512): No known package when getting name for resource number 0xffffffff
W/ResourceType( 9512): No known package when getting name for resource number 0xffffffff
W/ResourceType( 9512): No known package when getting name for resource number 0xffffffff
W/ResourceType( 9512): No known package when getting name for resource number 0xffffffff
W/ResourceType( 9512): No known package when getting name for resource number 0xffffffff
W/ResourceType( 9512): No known package when getting name for resource number 0xffffffff
W/ResourceType( 9512): No known package when getting name for resource number 0xffffffff
W/ResourceType( 9512): No known package when getting name for resource number 0xffffffff
W/ResourceType( 9512): No known package when getting name for resource number 0xffffffff
W/ResourceType( 9512): No known package when getting name for resource number 0xffffffff
W/ResourceType( 9512): No known package when getting name for resource number 0xffffffff
W/ResourceType( 9512): No known package when getting name for resource number 0xffffffff
W/ResourceType( 9512): No known package when getting name for resource number 0xffffffff
W/ResourceType( 9512): No known package when getting name for resource number 0xffffffff
W/ResourceType( 9512): No known package when getting name for resource number 0xffffffff
W/ResourceType( 9512): No known package when getting name for resource number 0xffffffff
W/ResourceType( 9512): No known package when getting name for resource number 0xffffffff
I/ThermalEngine(  365): ACTION: GPU - Setting GPU[0] to 600000000
I/ThermalEngine(  365): Mitigation:GPU[0]:600000000 Hz
I/ThermalEngine(  365): ACTION: CPU - Setting CPU[0] to 2265600
I/ThermalEngine(  365): ACTION: CPU - Setting CPU[1] to 2265600
I/ThermalEngine(  365): ACTION: CPU - Setting CPU[2] to 2265600
I/ThermalEngine(  365): ACTION: CPU - Setting CPU[3] to 2265600
W/ResourceType( 9512): No known package when getting name for resource number 0xffffffff
W/ResourceType( 9512): No known package when getting name for resource number 0xffffffff
W/ResourceType( 9512): No known package when getting name for resource number 0xffffffff
W/ResourceType( 9512): No known package when getting name for resource number 0xffffffff
W/ResourceType( 9512): No known package when getting name for resource number 0xffffffff
W/ResourceType( 9512): No known package when getting name for resource number 0xffffffff
W/ResourceType( 9512): No known package when getting name for resource number 0xffffffff
W/ResourceType( 9512): No known package when getting name for resource number 0xffffffff
W/ResourceType( 9512): No known package when getting name for resource number 0xffffffff
W/ResourceType( 9512): No known package when getting name for resource number 0xffffffff
W/ResourceType( 9512): No known package when getting name for resource number 0xffffffff
W/ResourceType( 9512): No known package when getting name for resource number 0xffffffff
W/ResourceType( 9512): No known package when getting name for resource number 0xffffffff
W/ResourceType( 9512): No known package when getting name for resource number 0xffffffff
W/ResourceType( 9512): No known package when getting name for resource number 0xffffffff
W/ResourceType( 9512): No known package when getting name for resource number 0xffffffff
W/ResourceType( 9512): No known package when getting name for resource number 0xffffffff
W/ResourceType( 9512): No known package when getting name for resource number 0xffffffff
W/ResourceType( 9512): No known package when getting name for resource number 0xffffffff
W/ResourceType( 9512): No known package when getting name for resource number 0xffffffff
W/ResourceType( 9512): No known package when getting name for resource number 0xffffffff
W/ResourceType( 9512): No known package when getting name for resource number 0xffffffff
I/mono-stdout( 9512): done making call to: /consumer/saved-jobs/?DeveloperKey=WDHR8FC6P2JZ1Y61KLM5
W/ResourceType( 9512): No known package when getting name for resource number 0xffffffff
W/ResourceType( 9512): No known package when getting name for resource number 0xffffffff
W/ResourceType( 9512): No known package when getting name for resource number 0xffffffff
W/ResourceType( 9512): No known package when getting name for resource number 0xffffffff
W/ResourceType( 9512): No known package when getting name for resource number 0xffffffff
I/mono-stdout( 9512): done making call to: /v3/job?DID=job4&outputjson=true&ShowApplyRequirements=true&DeveloperKey=WDHR8FC6P2JZ1Y61KLM5
W/ResourceType( 9512): No known package when getting name for resource number 0xffffffff
W/ResourceType( 9512): No known package when getting name for resource number 0xffffffff
W/ResourceType( 9512): No known package when getting name for resource number 0xffffffff
W/ResourceType( 9512): No known package when getting name for resource number 0xffffffff
W/ResourceType( 9512): No known package when getting name for resource number 0xffffffff
W/ResourceType( 9512): No known package when getting name for resource number 0xffffffff
W/ResourceType( 9512): No known package when getting name for resource number 0xffffffff
W/ResourceType( 9512): No known package when getting name for resource number 0xffffffff
W/ResourceType( 9512): No known package when getting name for resource number 0xffffffff
W/ResourceType( 9512): No known package when getting name for resource number 0xffffffff
W/ResourceType( 9512): No known package when getting name for resource number 0xffffffff
W/ResourceType( 9512): No known package when getting name for resource number 0xffffffff
W/ResourceType( 9512): No known package when getting name for resource number 0xffffffff
W/ResourceType( 9512): No known package when getting name for resource number 0xffffffff
W/ResourceType( 9512): No known package when getting name for resource number 0xffffffff
W/ResourceType( 9512): No known package when getting name for resource number 0xffffffff
W/ResourceType( 9512): No known package when getting name for resource number 0xffffffff
W/ResourceType( 9512): No known package when getting name for resource number 0xffffffff
W/ResourceType( 9512): No known package when getting name for resource number 0xffffffff
W/ResourceType( 9512): No known package when getting name for resource number 0xffffffff
W/ResourceType( 9512): No known package when getting name for resource number 0xffffffff
W/ResourceType( 9512): No known package when getting name for resource number 0xffffffff
W/ResourceType( 9512): No known package when getting name for resource number 0xffffffff
W/ResourceType( 9512): No known package when getting name for resource number 0xffffffff
W/ResourceType( 9512): No known package when getting name for resource number 0xffffffff
W/ResourceType( 9512): No known package when getting name for resource number 0xffffffff
W/ResourceType( 9512): No known package when getting name for resource number 0xffffffff
W/ResourceType( 9512): No known package when getting name for resource number 0xffffffff
W/ResourceType( 9512): No known package when getting name for resource number 0xffffffff
W/ResourceType( 9512): No known package when getting name for resource number 0xffffffff
W/ResourceType( 9512): No known package when getting name for resource number 0xffffffff
W/ResourceType( 9512): No known package when getting name for resource number 0xffffffff
W/ResourceType( 9512): No known package when getting name for resource number 0xffffffff
W/ResourceType( 9512): No known package when getting name for resource number 0xffffffff
W/ResourceType( 9512): No known package when getting name for resource number 0xffffffff
W/ResourceType( 9512): No known package when getting name for resource number 0xffffffff
I/Choreographer( 9512): Skipped 46 frames!  The application may be doing too much work on its main thread.
I/System.out( 9512): URI: /map
I/System.out( 9512): params: {json={"query":"* marked:'applyButton'","operation":{"method_name":"query","arguments":[]}}
I/System.out( 9512): }
W/ResourceType( 9512): No known package when getting name for resource number 0xffffffff
W/ResourceType( 9512): No known package when getting name for resource number 0xffffffff
W/ResourceType( 9512): No known package when getting name for resource number 0xffffffff
W/ResourceType( 9512): No known package when getting name for resource number 0xffffffff
W/ResourceType( 9512): No known package when getting name for resource number 0xffffffff
W/ResourceType( 9512): No known package when getting name for resource number 0xffffffff
W/ResourceType( 9512): No known package when getting name for resource number 0xffffffff
W/ResourceType( 9512): No known package when getting name for resource number 0xffffffff
W/ResourceType( 9512): No known package when getting name for resource number 0xffffffff
W/ResourceType( 9512): No known package when getting name for resource number 0xffffffff
W/ResourceType( 9512): No known package when getting name for resource number 0xffffffff
W/ResourceType( 9512): No known package when getting name for resource number 0xffffffff
W/ResourceType( 9512): No known package when getting name for resource number 0xffffffff
W/ResourceType( 9512): No known package when getting name for resource number 0xffffffff
W/ResourceType( 9512): No known package when getting name for resource number 0xffffffff
W/ResourceType( 9512): No known package when getting name for resource number 0xffffffff
W/ResourceType( 9512): No known package when getting name for resource number 0xffffffff
W/ResourceType( 9512): No known package when getting name for resource number 0xffffffff
W/ResourceType( 9512): No known package when getting name for resource number 0xffffffff
W/ResourceType( 9512): No known package when getting name for resource number 0xffffffff
W/ResourceType( 9512): No known package when getting name for resource number 0xffffffff
W/ResourceType( 9512): No known package when getting name for resource number 0xffffffff
W/ResourceType( 9512): No known package when getting name for resource number 0xffffffff
W/ResourceType( 9512): No known package when getting name for resource number 0xffffffff
W/ResourceType( 9512): No known package when getting name for resource number 0xffffffff
W/ResourceType( 9512): No known package when getting name for resource number 0xffffffff
W/ResourceType( 9512): No known package when getting name for resource number 0xffffffff
W/ResourceType( 9512): No known package when getting name for resource number 0xffffffff
W/ResourceType( 9512): No known package when getting name for resource number 0xffffffff
W/ResourceType( 9512): No known package when getting name for resource number 0xffffffff
W/ResourceType( 9512): No known package when getting name for resource number 0xffffffff
W/ResourceType( 9512): No known package when getting name for resource number 0xffffffff
W/ResourceType( 9512): No known package when getting name for resource number 0xffffffff
W/ResourceType( 9512): No known package when getting name for resource number 0xffffffff
W/ResourceType( 9512): No known package when getting name for resource number 0xffffffff
W/ResourceType( 9512): No known package when getting name for resource number 0xffffffff
W/ResourceType( 9512): No known package when getting name for resource number 0xffffffff
W/ResourceType( 9512): No known package when getting name for resource number 0xffffffff
W/ResourceType( 9512): No known package when getting name for resource number 0xffffffff
I/art     ( 9512): Explicit concurrent mark sweep GC freed 296122(12MB) AllocSpace objects, 21(336KB) LOS objects, 26% free, 44MB/60MB, paused 1.397ms total 61.061ms
W/ResourceType( 9512): No known package when getting name for resource number 0xffffffff
W/ResourceType( 9512): No known package when getting name for resource number 0xffffffff
W/ResourceType( 9512): No known package when getting name for resource number 0xffffffff
W/ResourceType( 9512): No known package when getting name for resource number 0xffffffff
W/ResourceType( 9512): No known package when getting name for resource number 0xffffffff
W/ResourceType( 9512): No known package when getting name for resource number 0xffffffff
W/ResourceType( 9512): No known package when getting name for resource number 0xffffffff
W/ResourceType( 9512): No known package when getting name for resource number 0xffffffff
I/art     ( 9512): Explicit concurrent mark sweep GC freed 2838(119KB) AllocSpace objects, 0(0B) LOS objects, 26% free, 44MB/60MB, paused 1.548ms total 36.973ms
W/ResourceType( 9512): No known package when getting name for resource number 0xffffffff
W/ResourceType( 9512): No known package when getting name for resource number 0xffffffff
W/ResourceType( 9512): No known package when getting name for resource number 0xffffffff
W/ResourceType( 9512): No known package when getting name for resource number 0xffffffff
W/ResourceType( 9512): No known package when getting name for resource number 0xffffffff
W/ResourceType( 9512): No known package when getting name for resource number 0xffffffff
W/ResourceType( 9512): No known package when getting name for resource number 0xffffffff
I/art     ( 9512): Explicit concurrent mark sweep GC freed 1410(58KB) AllocSpace objects, 0(0B) LOS objects, 26% free, 44MB/60MB, paused 1.431ms total 32.409ms
W/ResourceType( 9512): No known package when getting name for resource number 0xffffffff
W/ResourceType( 9512): No known package when getting name for resource number 0xffffffff
W/ResourceType( 9512): No known package when getting name for resource number 0xffffffff
W/ResourceType( 9512): No known package when getting name for resource number 0xffffffff
W/ResourceType( 9512): No known package when getting name for resource number 0xffffffff
I/art     ( 9512): Explicit concurrent mark sweep GC freed 1018(41KB) AllocSpace objects, 0(0B) LOS objects, 26% free, 44MB/60MB, paused 1.733ms total 29.813ms
W/ResourceType( 9512): No known package when getting name for resource number 0xffffffff
W/ResourceType( 9512): No known package when getting name for resource number 0xffffffff
W/ResourceType( 9512): No known package when getting name for resource number 0xffffffff
W/ResourceType( 9512): No known package when getting name for resource number 0xffffffff
W/ResourceType( 9512): No known package when getting name for resource number 0xffffffff
W/ResourceType( 9512): No known package when getting name for resource number 0xffffffff
W/ResourceType( 9512): No known package when getting name for resource number 0xffffffff
W/ResourceType( 9512): No known package when getting name for resource number 0xffffffff
W/ResourceType( 9512): No known package when getting name for resource number 0xffffffff
I/art     ( 9512): Explicit concurrent mark sweep GC freed 1396(57KB) AllocSpace objects, 0(0B) LOS objects, 26% free, 44MB/60MB, paused 1.208ms total 41.921ms
W/ResourceType( 9512): No known package when getting name for resource number 0xffffffff
W/ResourceType( 9512): No known package when getting name for resource number 0xffffffff
W/ResourceType( 9512): No known package when getting name for resource number 0xffffffff
W/ResourceType( 9512): No known package when getting name for resource number 0xffffffff
W/ResourceType( 9512): No known package when getting name for resource number 0xffffffff
W/ResourceType( 9512): No known package when getting name for resource number 0xffffffff
W/ResourceType( 9512): No known package when getting name for resource number 0xffffffff
W/ResourceType( 9512): No known package when getting name for resource number 0xffffffff
W/ResourceType( 9512): No known package when getting name for resource number 0xffffffff
W/ResourceType( 9512): No known package when getting name for resource number 0xffffffff
W/ResourceType( 9512): No known package when getting name for resource number 0xffffffff
W/ResourceType( 9512): No known package when getting name for resource number 0xffffffff
W/ResourceType( 9512): No known package when getting name for resource number 0xffffffff
W/ResourceType( 9512): No known package when getting name for resource number 0xffffffff
W/ResourceType( 9512): No known package when getting name for resource number 0xffffffff
I/System.out( 9512): URI: /map
I/System.out( 9512): params: {json={"query":"* marked:'applyButton'","operation":{"method_name":"query","arguments":[]}}
I/System.out( 9512): }
D/audio_hw_primary(  357): disable_audio_route: reset and update mixer path: low-latency-playback speaker
D/audio_hw_primary(  357): disable_snd_device: snd_device(2: speaker)
W/ResourceType( 9512): No known package when getting name for resource number 0xffffffff
W/ResourceType( 9512): No known package when getting name for resource number 0xffffffff
W/ResourceType( 9512): No known package when getting name for resource number 0xffffffff
W/ResourceType( 9512): No known package when getting name for resource number 0xffffffff
W/ResourceType( 9512): No known package when getting name for resource number 0xffffffff
W/ResourceType( 9512): No known package when getting name for resource number 0xffffffff
W/ResourceType( 9512): No known package when getting name for resource number 0xffffffff
W/ResourceType( 9512): No known package when getting name for resource number 0xffffffff
W/ResourceType( 9512): No known package when getting name for resource number 0xffffffff
W/ResourceType( 9512): No known package when getting name for resource number 0xffffffff
W/ResourceType( 9512): No known package when getting name for resource number 0xffffffff
W/ResourceType( 9512): No known package when getting name for resource number 0xffffffff
W/ResourceType( 9512): No known package when getting name for resource number 0xffffffff
W/ResourceType( 9512): No known package when getting name for resource number 0xffffffff
W/ResourceType( 9512): No known package when getting name for resource number 0xffffffff
W/ResourceType( 9512): No known package when getting name for resource number 0xffffffff
W/ResourceType( 9512): No known package when getting name for resource number 0xffffffff
W/ResourceType( 9512): No known package when getting name for resource number 0xffffffff
W/ResourceType( 9512): No known package when getting name for resource number 0xffffffff
W/ResourceType( 9512): No known package when getting name for resource number 0xffffffff
W/ResourceType( 9512): No known package when getting name for resource number 0xffffffff
W/ResourceType( 9512): No known package when getting name for resource number 0xffffffff
W/ResourceType( 9512): No known package when getting name for resource number 0xffffffff
W/ResourceType( 9512): No known package when getting name for resource number 0xffffffff
W/ResourceType( 9512): No known package when getting name for resource number 0xffffffff
W/ResourceType( 9512): No known package when getting name for resource number 0xffffffff
W/ResourceType( 9512): No known package when getting name for resource number 0xffffffff
W/ResourceType( 9512): No known package when getting name for resource number 0xffffffff
W/ResourceType( 9512): No known package when getting name for resource number 0xffffffff
W/ResourceType( 9512): No known package when getting name for resource number 0xffffffff
W/ResourceType( 9512): No known package when getting name for resource number 0xffffffff
W/ResourceType( 9512): No known package when getting name for resource number 0xffffffff
W/ResourceType( 9512): No known package when getting name for resource number 0xffffffff
W/ResourceType( 9512): No known package when getting name for resource number 0xffffffff
W/ResourceType( 9512): No known package when getting name for resource number 0xffffffff
W/ResourceType( 9512): No known package when getting name for resource number 0xffffffff
W/ResourceType( 9512): No known package when getting name for resource number 0xffffffff
W/ResourceType( 9512): No known package when getting name for resource number 0xffffffff
W/ResourceType( 9512): No known package when getting name for resource number 0xffffffff
W/ResourceType( 9512): No known package when getting name for resource number 0xffffffff
W/ResourceType( 9512): No known package when getting name for resource number 0xffffffff
W/ResourceType( 9512): No known package when getting name for resource number 0xffffffff
W/ResourceType( 9512): No known package when getting name for resource number 0xffffffff
W/ResourceType( 9512): No known package when getting name for resource number 0xffffffff
W/ResourceType( 9512): No known package when getting name for resource number 0xffffffff
W/ResourceType( 9512): No known package when getting name for resource number 0xffffffff
W/ResourceType( 9512): No known package when getting name for resource number 0xffffffff
W/ResourceType( 9512): No known package when getting name for resource number 0xffffffff
W/ResourceType( 9512): No known package when getting name for resource number 0xffffffff
W/ResourceType( 9512): No known package when getting name for resource number 0xffffffff
W/ResourceType( 9512): No known package when getting name for resource number 0xffffffff
W/ResourceType( 9512): No known package when getting name for resource number 0xffffffff
W/ResourceType( 9512): No known package when getting name for resource number 0xffffffff
W/ResourceType( 9512): No known package when getting name for resource number 0xffffffff
W/ResourceType( 9512): No known package when getting name for resource number 0xffffffff
W/ResourceType( 9512): No known package when getting name for resource number 0xffffffff
W/ResourceType( 9512): No known package when getting name for resource number 0xffffffff
W/ResourceType( 9512): No known package when getting name for resource number 0xffffffff
W/ResourceType( 9512): No known package when getting name for resource number 0xffffffff
W/ResourceType( 9512): No known package when getting name for resource number 0xffffffff
W/ResourceType( 9512): No known package when getting name for resource number 0xffffffff
W/ResourceType( 9512): No known package when getting name for resource number 0xffffffff
W/ResourceType( 9512): No known package when getting name for resource number 0xffffffff
W/ResourceType( 9512): No known package when getting name for resource number 0xffffffff
W/ResourceType( 9512): No known package when getting name for resource number 0xffffffff
W/ResourceType( 9512): No known package when getting name for resource number 0xffffffff
W/ResourceType( 9512): No known package when getting name for resource number 0xffffffff
W/ResourceType( 9512): No known package when getting name for resource number 0xffffffff
W/ResourceType( 9512): No known package when getting name for resource number 0xffffffff
W/ResourceType( 9512): No known package when getting name for resource number 0xffffffff
W/ResourceType( 9512): No known package when getting name for resource number 0xffffffff
