<![CDATA[D/Finsky  ( 5968): [1] 5.onFinished: Installation state replication succeeded.

]]><xtc-scenario name="[0-1149]CareerBuilder_Search.DroidFeatureTests.ApplyTests.ApplyingShowsErrorWhenFieldsAreHighlighted" id="[0-1149]CareerBuilder_Search.DroidFeatureTests.ApplyTests.ApplyingShowsErrorWhenFieldsAreHighlighted"><![CDATA[
E/WifiStateMachine(  819): WifiStateMachine CMD_START_SCAN source -2 txSuccessRate=0.04 rxSuccessRate=0.03 targetRoamBSSID=any RSSI=-52
E/WifiStateMachine(  819): WifiStateMachine starting scan for "xtc-ag"WPA_PSK with 5240,2437,5180

]]><xtc-step name="[0-1149]CareerBuilder_Search.DroidFeatureTests.ApplyTests.ApplyingShowsErrorWhenFieldsAreHighlighted-ApplyingShowsErrorWhenFieldsAreHighlighted" id="[0-1149]CareerBuilder_Search.DroidFeatureTests.ApplyTests.ApplyingShowsErrorWhenFieldsAreHighlighted-ApplyingShowsErrorWhenFieldsAreHighlighted"><![CDATA[
D/AndroidRuntime( 6651): >>>>>> START com.android.internal.os.RuntimeInit uid 2000 <<<<<<
D/AndroidRuntime( 6651): CheckJNI is OFF
D/AndroidRuntime( 6651): Calling main entry com.android.commands.pm.Pm
I/art     ( 6651): System.exit called, status: 0
I/AndroidRuntime( 6651): VM exiting with result code 0.
I/VacuumService( 2070): Vacuum at: now=1489606253687 tag=VacuumService
D/WVCdm   (  359): Instantiating CDM.
I/WVCdm   (  359): CdmEngine::OpenSession
I/WVCdm   (  359): Level3 Library Dec 11 2014 16:13:16
I/MS_ScheduledTaskService( 1789): Executing task with tag:gms:matchstick:register
W/WVCdm   (  359): Could not read /data/mediadrm/IDM1013/ay64.dat2: No such file or directory
D/DrmWidevineDash(  359): OEMCrypto_Initialize: starts! g_qsee_apps_version = 0x11
D/DrmWidevineDash(  359): Service_Initialize: starts!
D/QSEECOMAPI: (  359): QSEECom_get_handle sb_length = 0x19000
D/QSEECOMAPI: (  359): App is not loaded in QSEE
I/MS_RegisterService( 1789): RegisterService intent:Intent { act=com.google.android.gms.matchstick.register_intent_action cat=[targeted_intent_op_prefix:com.google.android.libraries.matchstick.net.SilentRegisterIntentOperation] cmp=com.google.android.gms/.chimera.GmsIntentOperationService } isPeriodic:false
I/MS_PhoneUtils( 1789): Phone type: 1
I/MS_RegisterService( 1789): Doing full registration.
W/IntentService[D( 6811): type=1400 audit(0.0:18): avc: denied { read } for name="/" dev="tmpfs" ino=9240 scontext=u:r:untrusted_app:s0 tcontext=u:object_r:device:s0 tclass=dir permissive=0
I/art     (  819): Explicit concurrent mark sweep GC freed 42887(2MB) AllocSpace objects, 5(80KB) LOS objects, 28% free, 39MB/55MB, paused 1.078ms total 50.541ms
D/QSEECOMAPI: (  359): Loaded image: APP id = 3
I/art     ( 1789): Explicit concurrent mark sweep GC freed 49578(2MB) AllocSpace objects, 18(299KB) LOS objects, 20% free, 31MB/39MB, paused 499us total 56.748ms
D/DrmWidevineDash(  359): Service_Initialize: ends! returns 0
D/DrmWidevineDash(  359): OEMCrypto_Initialize sion_buffer g_wv_fhandle->ion_sbuffer  0x0xb3a85000
I/MS_RegisterService( 1789): Throttling registration.
E/DrmWidevineDash(  359): sion_buffer g_wv_fhandle->ion_sbuffer  0x0xb3a85000
D/DrmLibTime(  317): got the req here! ret=0
D/DrmLibTime(  317): command id, time_cmd_id = 770
D/DrmLibTime(  317): time_getutcsec starts!
D/DrmLibTime(  317): QSEE Time Listener: time_getutcsec
D/DrmLibTime(  317): QSEE Time Listener: get_utc_seconds
D/DrmLibTime(  317): QSEE Time Listener: seconds: 1489606254
D/DrmLibTime(  317): QSEE Time Listener: nano seconds: 203670501
D/DrmLibTime(  317): time_getutcsec returns 0, sec = 1489606254; nsec = 203670501
D/DrmLibTime(  317): time_getutcsec finished! 
D/DrmLibTime(  317): iotcl_continue_command finished! and return 0 
D/DrmLibTime(  317): before calling ioctl to read the next time_cmd
D/DrmWidevineDash(  359): OEMCrypto_Initialize: ends! returns 0
D/DrmWidevineDash(  359): OEMCrypto_APIVersion: starts!
D/DrmWidevineDash(  359): hlos api version =  9
D/DrmWidevineDash(  359): tz api version =  9
D/DrmWidevineDash(  359): OEMCrypto_APIVersion: ends! returns version 9
D/DrmWidevineDash(  359): OEMCrypto_IsKeyboxValid: starts!
D/DrmWidevineDash(  359): OEMCrypto_IsKeyboxValid: ends! returns 0
D/WVCdm   (  359): OEMCrypto_Initialize Level 1 success. I will use level 1.
D/DrmWidevineDash(  359): OEMCrypto_OpenSession: starts! SID=0xbe849520
D/DrmWidevineDash(  359): OEMCrypto_OpenSession SID = 1
D/DrmWidevineDash(  359): OEMCrypto_OpenSession: ends! returns 0
D/DrmWidevineDash(  359): OEMCrypto_GetRandom: starts! randomData=0xb58762a0, dataLength=8
D/DrmWidevineDash(  359): OEMCrypto_GetRandom: ends! returns 0
D/DrmWidevineDash(  359): OEMCrypto_LoadDeviceRSAKey: starts!SID=1, wrapped_rsa_key=0xb408c800, wrapped_rsa_key_length=1280
D/DrmWidevineDash(  359): OEMCrypto_LoadDeviceRSAKey: ends! returns 0
I/WVCdm   (  359): CdmEngine::QueryKeyControlInfo
W/WVCdm   (  359): BufferReader::Read<T> : Failure during parse: Not enough bytes (4)
W/WVCdm   (  359): CdmEngine::ExtractWidevinePssh: Unable to read PSSH atom size
I/WVCdm   (  359): CdmEngine::GenerateKeyRequest
D/DrmWidevineDash(  359): OEMCrypto_GetDeviceID: starts! deviceID=0xb4cd9800, idLength=0xb3e03710
D/DrmWidevineDash(  359): OEMCrypto_GetDeviceID: ends! returns 0
D/DrmWidevineDash(  359): OEMCrypto_SupportsUsageTable: starts!
D/DrmWidevineDash(  359): OEMCrypto_SupportsUsageTable: is_supported = 1
D/DrmWidevineDash(  359): OEMCrypto_SupportsUsageTable: wv_app_version = 21
D/DrmWidevineDash(  359): OEMCrypto_SupportsUsageTable: ends! returns 0x0
D/DrmWidevineDash(  359): OEMCrypto_GetHDCPCapability: starts!
D/DrmWidevineDash(  359): OEMCrypto_GetHDCPCapability: ends! returns 0x0
D/DrmWidevineDash(  359): OEMCrypto_APIVersion: starts!
D/DrmWidevineDash(  359): hlos api version =  9
D/DrmWidevineDash(  359): tz api version =  9
D/DrmWidevineDash(  359): OEMCrypto_APIVersion: ends! returns version 9
D/DrmWidevineDash(  359): OEMCrypto_GenerateNonce: starts! SID=1
D/DrmWidevineDash(  359): OEMCrypto_GenerateNonce: ends! returns 0
D/WVCdm   (  359): PrepareKeyRequest: nonce=3418114607
D/DrmWidevineDash(  359): OEMCrypto_GenerateRSASignature starts! SID=1, message=0xb40aad00
D/DrmWidevineDash(  359): message_length=1599, signature=0xb5880880, signature_length=3017815796
W/Binder_2( 5808): type=1400 audit(0.0:19): avc: denied { read } for name="/" dev="tmpfs" ino=9240 scontext=u:r:untrusted_app:s0 tcontext=u:object_r:device:s0 tclass=dir permissive=0
I/Adreno  ( 5792): EGLInit: QTI Build: 01/29/15, 1bccc5d, I0ba6dce82d
W/Binder_3( 5842): type=1400 audit(0.0:20): avc: denied { read } for name="/" dev="tmpfs" ino=9240 scontext=u:r:untrusted_app:s0 tcontext=u:object_r:device:s0 tclass=dir permissive=0
D/DrmWidevineDash(  359): OEMCrypto_GenerateRSASignature returns 0
I/WVCdm   (  359): CdmEngine::CloseSession
D/DrmWidevineDash(  359): OEMCrypto_CloseSession: starts! SID=1
D/DrmWidevineDash(  359): OEMCrypto_CloseSession: ends! returns 0
I/WVCdm   (  359): L3 Terminate.
D/DrmWidevineDash(  359): OEMCrypto_Terminate: starts!
D/DrmWidevineDash(  359): Service_Uninitialize: starts!
D/QSEECOMAPI: (  359): QSEECom_dealloc_memory 
D/QSEECOMAPI: (  359): QSEECom_shutdown_app, app_id = 3
D/DrmWidevineDash(  359): Service_Uninitialize: ends! returns 0x0
D/DrmWidevineDash(  359): OEMCrypto_Terminate: ends! returns 0
I/WVCdm   (  359): CdmEngine::OpenSession
I/WVCdm   (  359): Level3 Library Dec 11 2014 16:13:16
W/WVCdm   (  359): Could not read /data/mediadrm/IDM1013/ay64.dat2: No such file or directory
D/DrmWidevineDash(  359): OEMCrypto_Initialize: starts! g_qsee_apps_version = 0x11
D/DrmWidevineDash(  359): Service_Initialize: starts!
D/QSEECOMAPI: (  359): QSEECom_get_handle sb_length = 0x19000
D/QSEECOMAPI: (  359): App is not loaded in QSEE
I/Adreno  ( 5792): EGLInit: QTI Build: 01/29/15, 1bccc5d, I0ba6dce82d
W/InstanceID/Rpc( 5792): Found 10014
I/Adreno  ( 5792): EGLInit: QTI Build: 01/29/15, 1bccc5d, I0ba6dce82d
D/QSEECOMAPI: (  359): Loaded image: APP id = 3
D/DrmWidevineDash(  359): Service_Initialize: ends! returns 0
D/DrmWidevineDash(  359): OEMCrypto_Initialize sion_buffer g_wv_fhandle->ion_sbuffer  0x0xb3a85000
E/DrmWidevineDash(  359): sion_buffer g_wv_fhandle->ion_sbuffer  0x0xb3a85000
D/DrmLibTime(  317): got the req here! ret=0
D/DrmLibTime(  317): command id, time_cmd_id = 770
D/DrmLibTime(  317): time_getutcsec starts!
D/DrmLibTime(  317): QSEE Time Listener: time_getutcsec
D/DrmLibTime(  317): QSEE Time Listener: get_utc_seconds
D/DrmLibTime(  317): QSEE Time Listener: seconds: 1489606254
D/DrmLibTime(  317): QSEE Time Listener: nano seconds: 770681386
D/DrmLibTime(  317): time_getutcsec returns 0, sec = 1489606254; nsec = 770681386
D/DrmLibTime(  317): time_getutcsec finished! 
D/DrmLibTime(  317): iotcl_continue_command finished! and return 0 
D/DrmLibTime(  317): before calling ioctl to read the next time_cmd
D/DrmWidevineDash(  359): OEMCrypto_Initialize: ends! returns 0
D/DrmWidevineDash(  359): OEMCrypto_APIVersion: starts!
D/DrmWidevineDash(  359): hlos api version =  9
D/DrmWidevineDash(  359): tz api version =  9
D/DrmWidevineDash(  359): OEMCrypto_APIVersion: ends! returns version 9
D/DrmWidevineDash(  359): OEMCrypto_IsKeyboxValid: starts!
D/DrmWidevineDash(  359): OEMCrypto_IsKeyboxValid: ends! returns 0
D/WVCdm   (  359): OEMCrypto_Initialize Level 1 success. I will use level 1.
D/DrmWidevineDash(  359): OEMCrypto_OpenSession: starts! SID=0xbe849520
D/DrmWidevineDash(  359): OEMCrypto_OpenSession SID = 1
D/DrmWidevineDash(  359): OEMCrypto_OpenSession: ends! returns 0
D/DrmWidevineDash(  359): OEMCrypto_GetRandom: starts! randomData=0xb40a4268, dataLength=8
D/DrmWidevineDash(  359): OEMCrypto_GetRandom: ends! returns 0
D/DrmWidevineDash(  359): OEMCrypto_LoadDeviceRSAKey: starts!SID=1, wrapped_rsa_key=0xb408c200, wrapped_rsa_key_length=1280
D/DrmWidevineDash(  359): OEMCrypto_LoadDeviceRSAKey: ends! returns 0
I/WVCdm   (  359): CdmEngine::QueryKeyControlInfo
W/WVCdm   (  359): BufferReader::Read<T> : Failure during parse: Not enough bytes (4)
W/WVCdm   (  359): CdmEngine::ExtractWidevinePssh: Unable to read PSSH atom size
I/WVCdm   (  359): CdmEngine::GenerateKeyRequest
D/DrmWidevineDash(  359): OEMCrypto_GetDeviceID: starts! deviceID=0xb4cd9800, idLength=0xb3e03710
D/DrmWidevineDash(  359): OEMCrypto_GetDeviceID: ends! returns 0
D/DrmWidevineDash(  359): OEMCrypto_SupportsUsageTable: starts!
D/DrmWidevineDash(  359): OEMCrypto_SupportsUsageTable: is_supported = 1
D/DrmWidevineDash(  359): OEMCrypto_SupportsUsageTable: wv_app_version = 21
D/DrmWidevineDash(  359): OEMCrypto_SupportsUsageTable: ends! returns 0x0
D/DrmWidevineDash(  359): OEMCrypto_GetHDCPCapability: starts!
D/DrmWidevineDash(  359): OEMCrypto_GetHDCPCapability: ends! returns 0x0
D/DrmWidevineDash(  359): OEMCrypto_APIVersion: starts!
D/DrmWidevineDash(  359): hlos api version =  9
D/DrmWidevineDash(  359): tz api version =  9
D/DrmWidevineDash(  359): OEMCrypto_APIVersion: ends! returns version 9
D/DrmWidevineDash(  359): OEMCrypto_GenerateNonce: starts! SID=1
D/DrmWidevineDash(  359): OEMCrypto_GenerateNonce: ends! returns 0
D/WVCdm   (  359): PrepareKeyRequest: nonce=3691150327
D/DrmWidevineDash(  359): OEMCrypto_GenerateRSASignature starts! SID=1, message=0xb40aad00
D/DrmWidevineDash(  359): message_length=1599, signature=0xb5880880, signature_length=3017815796
I/Adreno  ( 5792): EGLInit: QTI Build: 01/29/15, 1bccc5d, I0ba6dce82d
D/DrmWidevineDash(  359): OEMCrypto_GenerateRSASignature returns 0
I/WVCdm   (  359): CdmEngine::CloseSession
D/DrmWidevineDash(  359): OEMCrypto_CloseSession: starts! SID=1
D/DrmWidevineDash(  359): OEMCrypto_CloseSession: ends! returns 0
I/WVCdm   (  359): L3 Terminate.
D/DrmWidevineDash(  359): OEMCrypto_Terminate: starts!
D/DrmWidevineDash(  359): Service_Uninitialize: starts!
D/QSEECOMAPI: (  359): QSEECom_dealloc_memory 
D/QSEECOMAPI: (  359): QSEECom_shutdown_app, app_id = 3
D/DrmWidevineDash(  359): Service_Uninitialize: ends! returns 0x0
D/DrmWidevineDash(  359): OEMCrypto_Terminate: ends! returns 0
W/Conscrypt( 2070): Could not set socket write timeout: null
W/Conscrypt( 2070): Could not set socket write timeout: null
I/GoogleURLConnFactory( 2070): Using platform SSLCertificateSocketFactory
I/GoogleURLConnFactory( 2070): Using platform SSLCertificateSocketFactory
W/Uploader( 2070):  no longer exists, so no auth token.
I/GoogleURLConnFactory( 2070): Using platform SSLCertificateSocketFactory
I/GoogleURLConnFactory( 2070): Using platform SSLCertificateSocketFactory
E/WifiStateMachine(  819): WifiStateMachine CMD_START_SCAN source -2 txSuccessRate=18.50 rxSuccessRate=21.38 targetRoamBSSID=any RSSI=-51
E/WifiStateMachine(  819): WifiStateMachine starting scan for "xtc-ag"WPA_PSK with 5240,2437,5180
W/ip      ( 7288): type=1400 audit(0.0:21): avc: denied { search } for name="net" dev="dm-0" ino=1081351 scontext=u:r:shell:s0 tcontext=u:object_r:net_data_file:s0 tclass=dir permissive=0
E/WifiStateMachine(  819): WifiStateMachine CMD_START_SCAN source -2 txSuccessRate=0.07 rxSuccessRate=0.08 targetRoamBSSID=any RSSI=-51
D/AndroidRuntime( 7379): >>>>>> START com.android.internal.os.RuntimeInit uid 2000 <<<<<<
D/AndroidRuntime( 7379): CheckJNI is OFF
D/AndroidRuntime( 7379): Calling main entry com.android.commands.am.Am
W/ActivityManager(  819): Invalid packageName: com.careerbuilder.SugarDrone
D/AndroidRuntime( 7379): Shutting down VM
I/kickstart(  867): STATUS: SAHARA_HELLO: hw_info = 0x01030710, pwrup_reason = 0x00004000
I/kickstart(  867): STATUS: Wrote to /sys/power/wake_lock
E/kickstart(  867): ERROR: function: open_file:195 filename = /dev/block/platform/msm_sdcc.1/by-name/mdm1m9kefs1
I/kickstart(  867): STATUS: Opening file '/dev/block/platform/msm_sdcc.1/by-name/mdm1m9kefs1' for writing
I/kickstart(  867): STATUS: Received file 'm9kefs1'
I/kickstart(  867): STATUS: 950272 bytes transferred in 0.960439 seconds
I/kickstart(  867): STATUS: Successfully downloaded files from target 
I/kickstart(  867): STATUS: Wrote to /sys/power/wake_unlock
I/kickstart(  867): STATUS: Sahara protocol completed
E/WifiStateMachine(  819): WifiStateMachine CMD_START_SCAN source -2 txSuccessRate=0.00 rxSuccessRate=0.50 targetRoamBSSID=any RSSI=-52
E/WifiStateMachine(  819): WifiStateMachine starting scan for "xtc-ag"WPA_PSK with 5240,2437,5180
D/AndroidRuntime( 7961): >>>>>> START com.android.internal.os.RuntimeInit uid 2000 <<<<<<
D/AndroidRuntime( 7961): CheckJNI is OFF
D/AndroidRuntime( 7961): Calling main entry com.android.commands.pm.Pm
D/DefContainer( 6162): Copying /data/local/tmp/0000003176 to base.apk
D/PackageManager(  819): Renaming /data/app/vmdl1990869868.tmp to /data/app/com.careerbuilder.SugarDrone-1
I/PackageManager(  819): Running dexopt on: /data/app/com.careerbuilder.SugarDrone-1/base.apk pkg=com.careerbuilder.SugarDrone isa=arm vmSafeMode=false
I/dex2oat ( 8027): /system/bin/dex2oat --zip-fd=6 --zip-location=/data/app/com.careerbuilder.SugarDrone-1/base.apk --oat-fd=7 --oat-location=/data/dalvik-cache/arm/data@app@com.careerbuilder.SugarDrone-1@base.apk@classes.dex --instruction-set=arm --instruction-set-features=div --runtime-arg -Xms64m --runtime-arg -Xmx512m --swap-fd=8
I/dex2oat ( 8027): Decided to run without swap.
E/WifiStateMachine(  819): WifiStateMachine CMD_START_SCAN source -2 txSuccessRate=0.00 rxSuccessRate=0.06 targetRoamBSSID=any RSSI=-51
E/WifiStateMachine(  819): WifiStateMachine starting scan for "xtc-ag"WPA_PSK with 5240,2437,5180
W/dex2oat ( 8027): Before Android 4.1, method android.graphics.PorterDuffColorFilter android.support.graphics.drawable.VectorDrawableCompat.updateTintFilter(android.graphics.PorterDuffColorFilter, android.content.res.ColorStateList, android.graphics.PorterDuff$Mode) would have incorrectly overridden the package-private method in android.graphics.drawable.Drawable
W/dex2oat ( 8027): Before Android 4.1, method int android.support.v7.widget.ListViewCompat.lookForSelectablePosition(int, boolean) would have incorrectly overridden the package-private method in android.widget.ListView
W/dex2oat ( 8027): Compilation of android.support.design.widget.FloatingActionButtonImpl android.support.design.widget.FloatingActionButton.createImpl() took 110.460ms
W/dex2oat ( 8027): Compilation of boolean android.support.v7.widget.RecyclerView.scrollByInternal(int, int, android.view.MotionEvent) took 120.729ms
I/dex2oat ( 8027): dex2oat took 5.612s (threads: 4) arena alloc=105KB java alloc=8MB native alloc=10MB free=9MB
W/PackageManager(  819): Not granting permission android.permission.MANAGE_DOCUMENTS to package com.careerbuilder.SugarDrone (protectionLevel=2 flags=0x8be46)
W/PackageManager(  819): Not granting permission android.permission.MOUNT_UNMOUNT_FILESYSTEMS to package com.careerbuilder.SugarDrone (protectionLevel=18 flags=0x8be46)
V/BackupManagerService(  819): restoreAtInstall pkg=com.careerbuilder.SugarDrone token=6 restoreSet=0
V/BackupManagerService(  819): Finishing install immediately
W/Settings(  819): Setting install_non_market_apps has moved from android.provider.Settings.Global to android.provider.Settings.Secure, returning read-only value.
W/InputMethodInfo(  819): Duplicated subtype definition found: , voice
D/BuaReceiver( 3654): ====== got intent:Intent { act=android.intent.action.PACKAGE_ADDED dat=package:com.careerbuilder.SugarDrone flg=0x4000010 cmp=com.motorola.android.buacontactadapter/.BuaReceiver (has extras) }
I/InputReader(  819): Reconfiguring input devices.  changes=0x00000010
D/BackupManagerService(  819): Received broadcast Intent { act=android.intent.action.PACKAGE_ADDED dat=package:com.careerbuilder.SugarDrone flg=0x4000010 (has extras) }
W/BackupManagerService(  819): Removing schedule queue dupe of com.careerbuilder.SugarDrone
I/UpdateIcingCorporaServi( 2821): Updating corpora: APPS=com.careerbuilder.SugarDrone, CONTACTS=MAYBE
D/Wear_Controller( 1789): Received broadcast action=android.intent.action.PACKAGE_ADDED and uri=com.careerbuilder.SugarDrone
I/PeopleContactsSync( 1789): triggerPendingContactsCleanup: no accounts
I/art     (  819): Explicit concurrent mark sweep GC freed 168528(7MB) AllocSpace objects, 36(5MB) LOS objects, 30% free, 35MB/51MB, paused 6.190ms total 199.722ms
I/art     ( 7961): System.exit called, status: 0
I/AndroidRuntime( 7961): VM exiting with result code 0.
I/ThermalEngine(  367): ACTION: GPU - Setting GPU[0] to 500000000
I/ThermalEngine(  367): Mitigation:GPU[0]:500000000 Hz
I/ThermalEngine(  367): ACTION: CPU - Setting CPU[0] to 2572800
I/ThermalEngine(  367): ACTION: CPU - Setting CPU[1] to 2572800
I/ThermalEngine(  367): ACTION: CPU - Setting CPU[2] to 2572800
I/ThermalEngine(  367): ACTION: CPU - Setting CPU[3] to 2572800
W/IcingInternalCorpora( 1789): getNumBytesRead when not calculated.
I/Icing   ( 1789): Usage reports 0 indexed 0 rejected 0 imm upload true
I/Icing   ( 1789): Usage reports 0 indexed 0 rejected 0 imm upload false
I/art     ( 2070): Explicit concurrent mark sweep GC freed 79739(4MB) AllocSpace objects, 36(598KB) LOS objects, 34% free, 30MB/46MB, paused 1.437ms total 56.961ms
I/Icing   ( 1789): Usage reports 0 indexed 0 rejected 0 imm upload false
I/ApplicationLogger( 2821): canRun() : Opted Out
I/UpdateIcingCorporaServi( 2821): UpdateCorporaTask done [took 420 ms] updated apps [took 420 ms] 
D/AndroidRuntime( 8162): >>>>>> START com.android.internal.os.RuntimeInit uid 2000 <<<<<<
D/AndroidRuntime( 8162): CheckJNI is OFF
D/AndroidRuntime( 8162): Calling main entry com.android.commands.settings.SettingsCmd
D/AndroidRuntime( 8162): Shutting down VM
E/art     ( 8162): Thread attaching while runtime is shutting down: Binder_2
I/AndroidRuntime( 8162): NOTE: attach of thread 'Binder_2' failed
D/AndroidRuntime( 8185): >>>>>> START com.android.internal.os.RuntimeInit uid 2000 <<<<<<
D/AndroidRuntime( 8185): CheckJNI is OFF
D/AndroidRuntime( 8185): Calling main entry com.android.commands.settings.SettingsCmd
D/AndroidRuntime( 8185): Shutting down VM
I/Icing   ( 1789): Indexing DDCF6DAD3E5097999D53601C20AFC1A77BF2BDAF from com.google.android.gms
I/Icing   ( 1789): Indexing 5857C432E38C357D59A45613F71B5CE6A1F5ACF9 from com.google.android.googlequicksearchbox
I/Icing   ( 1789): Indexing done DDCF6DAD3E5097999D53601C20AFC1A77BF2BDAF
I/Icing   ( 1789): Indexing done 5857C432E38C357D59A45613F71B5CE6A1F5ACF9
D/AndroidRuntime( 8210): >>>>>> START com.android.internal.os.RuntimeInit uid 2000 <<<<<<
D/AndroidRuntime( 8210): CheckJNI is OFF
D/AndroidRuntime( 8210): Calling main entry com.android.commands.settings.SettingsCmd
D/AndroidRuntime( 8210): Shutting down VM
D/AndroidRuntime( 8237): >>>>>> START com.android.internal.os.RuntimeInit uid 2000 <<<<<<
D/AndroidRuntime( 8237): CheckJNI is OFF
D/AndroidRuntime( 8237): Calling main entry com.android.commands.settings.SettingsCmd
D/AndroidRuntime( 8237): Shutting down VM
D/AndroidRuntime( 8259): >>>>>> START com.android.internal.os.RuntimeInit uid 2000 <<<<<<
D/AndroidRuntime( 8259): CheckJNI is OFF
D/AndroidRuntime( 8259): Calling main entry com.android.commands.settings.SettingsCmd
D/AndroidRuntime( 8259): Shutting down VM
I/ThermalEngine(  367): ACTION: GPU - Setting GPU[0] to 389000000
I/ThermalEngine(  367): Mitigation:GPU[0]:389000000 Hz
I/ThermalEngine(  367): ACTION: CPU - Setting CPU[0] to 2496000
I/ThermalEngine(  367): ACTION: CPU - Setting CPU[1] to 2496000
I/ThermalEngine(  367): ACTION: CPU - Setting CPU[2] to 2496000
I/ThermalEngine(  367): ACTION: CPU - Setting CPU[3] to 2496000
D/AndroidRuntime( 8284): >>>>>> START com.android.internal.os.RuntimeInit uid 2000 <<<<<<
D/AndroidRuntime( 8284): CheckJNI is OFF
D/AndroidRuntime( 8284): Calling main entry com.android.commands.pm.Pm
I/art     ( 8284): System.exit called, status: 0
I/AndroidRuntime( 8284): VM exiting with result code 0.
D/AndroidRuntime( 8343): >>>>>> START com.android.internal.os.RuntimeInit uid 2000 <<<<<<
D/AndroidRuntime( 8343): CheckJNI is OFF
D/AndroidRuntime( 8343): Calling main entry com.android.commands.pm.Pm
I/art     ( 8343): System.exit called, status: 0
I/AndroidRuntime( 8343): VM exiting with result code 0.
I/ThermalEngine(  367): ACTION: GPU - Setting GPU[0] to 300000000
I/ThermalEngine(  367): Mitigation:GPU[0]:300000000 Hz
I/ThermalEngine(  367): ACTION: CPU - Setting CPU[0] to 2457600
I/ThermalEngine(  367): ACTION: CPU - Setting CPU[1] to 2457600
I/ThermalEngine(  367): ACTION: CPU - Setting CPU[2] to 2457600
I/ThermalEngine(  367): ACTION: CPU - Setting CPU[3] to 2457600
D/AndroidRuntime( 8430): >>>>>> START com.android.internal.os.RuntimeInit uid 2000 <<<<<<
D/AndroidRuntime( 8430): CheckJNI is OFF
D/AndroidRuntime( 8430): Calling main entry com.android.commands.am.Am
W/ActivityManager(  819): Invalid packageName: com.careerbuilder.SugarDrone.test
D/AndroidRuntime( 8430): Shutting down VM
D/AndroidRuntime( 8462): >>>>>> START com.android.internal.os.RuntimeInit uid 2000 <<<<<<
D/AndroidRuntime( 8462): CheckJNI is OFF
D/AndroidRuntime( 8462): Calling main entry com.android.commands.pm.Pm
D/DefContainer( 6162): Copying /data/local/tmp/0000003177 to base.apk
I/ThermalEngine(  367): ACTION: CPU - Setting CPU[0] to 2265600
I/ThermalEngine(  367): ACTION: CPU - Setting CPU[1] to 2265600
I/ThermalEngine(  367): ACTION: CPU - Setting CPU[2] to 2265600
I/ThermalEngine(  367): ACTION: CPU - Setting CPU[3] to 2265600
D/PackageManager(  819): Renaming /data/app/vmdl1875078118.tmp to /data/app/com.careerbuilder.SugarDrone.test-1
I/PackageManager(  819): Running dexopt on: /data/app/com.careerbuilder.SugarDrone.test-1/base.apk pkg=com.careerbuilder.SugarDrone.test isa=arm vmSafeMode=false
I/dex2oat ( 8486): /system/bin/dex2oat --zip-fd=6 --zip-location=/data/app/com.careerbuilder.SugarDrone.test-1/base.apk --oat-fd=7 --oat-location=/data/dalvik-cache/arm/data@app@com.careerbuilder.SugarDrone.test-1@base.apk@classes.dex --instruction-set=arm --instruction-set-features=div --runtime-arg -Xms64m --runtime-arg -Xmx512m --swap-fd=8
I/dex2oat ( 8486): Decided to run without swap.
I/dex2oat ( 8486): dex2oat took 2.053s (threads: 4) arena alloc=1846KB java alloc=1918KB native alloc=6MB free=5MB
V/BackupManagerService(  819): restoreAtInstall pkg=com.careerbuilder.SugarDrone.test token=7 restoreSet=0
V/BackupManagerService(  819): Finishing install immediately
W/Settings(  819): Setting install_non_market_apps has moved from android.provider.Settings.Global to android.provider.Settings.Secure, returning read-only value.
D/BuaReceiver( 3654): ====== got intent:Intent { act=android.intent.action.PACKAGE_ADDED dat=package:com.careerbuilder.SugarDrone.test flg=0x4000010 cmp=com.motorola.android.buacontactadapter/.BuaReceiver (has extras) }
W/InputMethodInfo(  819): Duplicated subtype definition found: , voice
I/InputReader(  819): Reconfiguring input devices.  changes=0x00000010
I/UpdateIcingCorporaServi( 2821): Updating corpora: APPS=com.careerbuilder.SugarDrone.test, CONTACTS=MAYBE
D/BackupManagerService(  819): Received broadcast Intent { act=android.intent.action.PACKAGE_ADDED dat=package:com.careerbuilder.SugarDrone.test flg=0x4000010 (has extras) }
W/BackupManagerService(  819): Removing schedule queue dupe of com.careerbuilder.SugarDrone.test
I/ApplicationLogger( 2821): canRun() : Opted Out
I/UpdateIcingCorporaServi( 2821): UpdateCorporaTask done [took 35 ms] updated apps [took 35 ms] 
D/Wear_Controller( 1789): Received broadcast action=android.intent.action.PACKAGE_ADDED and uri=com.careerbuilder.SugarDrone.test
I/PeopleContactsSync( 1789): triggerPendingContactsCleanup: no accounts
W/IcingInternalCorpora( 1789): getNumBytesRead when not calculated.
I/art     (  819): Explicit concurrent mark sweep GC freed 82932(4MB) AllocSpace objects, 11(175KB) LOS objects, 30% free, 35MB/51MB, paused 2.077ms total 252.027ms
I/art     ( 8462): System.exit called, status: 0
I/AndroidRuntime( 8462): VM exiting with result code 0.
I/Icing   ( 1789): Usage reports 0 indexed 0 rejected 0 imm upload false
I/Icing   ( 1789): Usage reports 0 indexed 0 rejected 0 imm upload false
D/AndroidRuntime( 8563): >>>>>> START com.android.internal.os.RuntimeInit uid 2000 <<<<<<
D/AndroidRuntime( 8563): CheckJNI is OFF
I/ThermalEngine(  367): ACTION: CPU - Setting CPU[0] to 1958400
I/ThermalEngine(  367): ACTION: CPU - Setting CPU[1] to 1958400
I/ThermalEngine(  367): ACTION: CPU - Setting CPU[2] to 1958400
I/ThermalEngine(  367): ACTION: CPU - Setting CPU[3] to 1958400
D/AndroidRuntime( 8563): Calling main entry com.android.commands.settings.SettingsCmd
D/AndroidRuntime( 8563): Shutting down VM
W/ip      ( 8587): type=1400 audit(0.0:22): avc: denied { search } for name="net" dev="dm-0" ino=1081351 scontext=u:r:shell:s0 tcontext=u:object_r:net_data_file:s0 tclass=dir permissive=0
D/AndroidRuntime( 8589): >>>>>> START com.android.internal.os.RuntimeInit uid 2000 <<<<<<
D/AndroidRuntime( 8589): CheckJNI is OFF
I/Icing   ( 1789): Indexing DDCF6DAD3E5097999D53601C20AFC1A77BF2BDAF from com.google.android.gms
I/Icing   ( 1789): Indexing done DDCF6DAD3E5097999D53601C20AFC1A77BF2BDAF
D/AndroidRuntime( 8589): Calling main entry com.android.commands.settings.SettingsCmd
D/AndroidRuntime( 8589): Shutting down VM
D/AndroidRuntime( 8614): >>>>>> START com.android.internal.os.RuntimeInit uid 2000 <<<<<<
D/AndroidRuntime( 8614): CheckJNI is OFF
D/AndroidRuntime( 8614): Calling main entry com.android.commands.settings.SettingsCmd
D/AndroidRuntime( 8614): Shutting down VM
D/AndroidRuntime( 8642): >>>>>> START com.android.internal.os.RuntimeInit uid 2000 <<<<<<
D/AndroidRuntime( 8642): CheckJNI is OFF
D/AndroidRuntime( 8642): Calling main entry com.android.commands.settings.SettingsCmd
D/AndroidRuntime( 8642): Shutting down VM
E/WifiStateMachine(  819): WifiStateMachine CMD_START_SCAN source -2 txSuccessRate=0.00 rxSuccessRate=0.00 targetRoamBSSID=any RSSI=-52
D/AndroidRuntime( 8665): >>>>>> START com.android.internal.os.RuntimeInit uid 2000 <<<<<<
D/AndroidRuntime( 8665): CheckJNI is OFF
D/AndroidRuntime( 8665): Calling main entry com.android.commands.settings.SettingsCmd
D/AndroidRuntime( 8665): Shutting down VM
I/ThermalEngine(  367): ACTION: CPU - Setting CPU[0] to 1728000
I/ThermalEngine(  367): ACTION: CPU - Setting CPU[1] to 1728000
I/ThermalEngine(  367): ACTION: CPU - Setting CPU[2] to 1728000
I/ThermalEngine(  367): ACTION: CPU - Setting CPU[3] to 1728000
D/AndroidRuntime( 8691): >>>>>> START com.android.internal.os.RuntimeInit uid 2000 <<<<<<
D/AndroidRuntime( 8691): CheckJNI is OFF
D/AndroidRuntime( 8691): Calling main entry com.android.commands.pm.Pm
I/art     ( 8691): System.exit called, status: 0
I/AndroidRuntime( 8691): VM exiting with result code 0.
D/AndroidRuntime( 8748): >>>>>> START com.android.internal.os.RuntimeInit uid 2000 <<<<<<
D/AndroidRuntime( 8748): CheckJNI is OFF
D/AndroidRuntime( 8748): Calling main entry com.android.commands.pm.Pm
I/art     ( 8748): System.exit called, status: 0
I/AndroidRuntime( 8748): VM exiting with result code 0.
I/ThermalEngine(  367): ACTION: CPU - Setting CPU[0] to 1574400
I/ThermalEngine(  367): ACTION: CPU - Setting CPU[1] to 1574400
I/ThermalEngine(  367): ACTION: CPU - Setting CPU[2] to 1574400
I/ThermalEngine(  367): ACTION: CPU - Setting CPU[3] to 1574400
D/AndroidRuntime( 8819): >>>>>> START com.android.internal.os.RuntimeInit uid 2000 <<<<<<
D/AndroidRuntime( 8819): CheckJNI is OFF
D/AndroidRuntime( 8819): Calling main entry com.android.commands.input.Input
I/Input   ( 8819): injectKeyEvent: KeyEvent { action=ACTION_DOWN, keyCode=KEYCODE_BACK, scanCode=0, metaState=0, flags=0x0, repeatCount=0, eventTime=260385, downTime=260385, deviceId=-1, source=0x101 }
I/Input   ( 8819): injectKeyEvent: KeyEvent { action=ACTION_UP, keyCode=KEYCODE_BACK, scanCode=0, metaState=0, flags=0x0, repeatCount=0, eventTime=260385, downTime=260385, deviceId=-1, source=0x101 }
D/AndroidRuntime( 8819): Shutting down VM
I/ThermalEngine(  367): ACTION: GPU - Setting GPU[0] to 389000000
I/ThermalEngine(  367): Mitigation:GPU[0]:389000000 Hz
I/ThermalEngine(  367): ACTION: CPU - Setting CPU[0] to 1728000
I/ThermalEngine(  367): ACTION: CPU - Setting CPU[1] to 1728000
I/ThermalEngine(  367): ACTION: CPU - Setting CPU[2] to 1728000
I/ThermalEngine(  367): ACTION: CPU - Setting CPU[3] to 1728000
D/AndroidRuntime( 8870): >>>>>> START com.android.internal.os.RuntimeInit uid 2000 <<<<<<
D/AndroidRuntime( 8870): CheckJNI is OFF
D/AndroidRuntime( 8870): Calling main entry com.android.commands.input.Input
I/Input   ( 8870): injectKeyEvent: KeyEvent { action=ACTION_DOWN, keyCode=KEYCODE_HOME, scanCode=0, metaState=0, flags=0x0, repeatCount=0, eventTime=261980, downTime=261980, deviceId=-1, source=0x101 }
I/Input   ( 8870): injectKeyEvent: KeyEvent { action=ACTION_UP, keyCode=KEYCODE_HOME, scanCode=0, metaState=0, flags=0x0, repeatCount=0, eventTime=261980, downTime=261980, deviceId=-1, source=0x101 }
I/ActivityManager(  819): START u0 {act=android.intent.action.MAIN cat=[android.intent.category.HOME] flg=0x10200000 cmp=com.google.android.googlequicksearchbox/com.google.android.launcher.GEL} from uid 1000 on display 0
D/AndroidRuntime( 8870): Shutting down VM
I/GEL     ( 1361): handleIntent(Intent { act=android.intent.action.MAIN cat=[android.intent.category.HOME] flg=0x10200000 cmp=com.google.android.googlequicksearchbox/com.google.android.launcher.GEL })
D/AndroidRuntime( 8899): >>>>>> START com.android.internal.os.RuntimeInit uid 2000 <<<<<<
D/AndroidRuntime( 8899): CheckJNI is OFF
D/AndroidRuntime( 8899): Calling main entry com.android.commands.input.Input
I/Input   ( 8899): injectKeyEvent: KeyEvent { action=ACTION_DOWN, keyCode=KEYCODE_BACK, scanCode=0, metaState=0, flags=0x0, repeatCount=0, eventTime=263132, downTime=263132, deviceId=-1, source=0x101 }
I/Input   ( 8899): injectKeyEvent: KeyEvent { action=ACTION_UP, keyCode=KEYCODE_BACK, scanCode=0, metaState=0, flags=0x0, repeatCount=0, eventTime=263132, downTime=263132, deviceId=-1, source=0x101 }
D/AndroidRuntime( 8899): Shutting down VM
I/ThermalEngine(  367): ACTION: GPU - Setting GPU[0] to 500000000
I/ThermalEngine(  367): Mitigation:GPU[0]:500000000 Hz
I/ThermalEngine(  367): ACTION: CPU - Setting CPU[0] to 1958400
I/ThermalEngine(  367): ACTION: CPU - Setting CPU[1] to 1958400
I/ThermalEngine(  367): ACTION: CPU - Setting CPU[2] to 1958400
I/ThermalEngine(  367): ACTION: CPU - Setting CPU[3] to 1958400
D/AndroidRuntime( 8936): >>>>>> START com.android.internal.os.RuntimeInit uid 2000 <<<<<<
D/AndroidRuntime( 8936): CheckJNI is OFF
D/AndroidRuntime( 8936): Calling main entry com.android.commands.am.Am
I/ActivityManager(  819): Force stopping com.careerbuilder.SugarDrone appid=19363 user=0: start instr
I/art     ( 8956): Late-enabling -Xcheck:jni
I/ActivityManager(  819): Start proc 8956:com.careerbuilder.SugarDrone/u0a9363 for added application com.careerbuilder.SugarDrone
W/monodroid( 8956): Using override path: /data/data/com.careerbuilder.SugarDrone/files/.__override__
W/monodroid( 8956): Trying to load sgen from: /data/data/com.careerbuilder.SugarDrone/files/.__override__/libmonosgen-2.0.so
W/monodroid( 8956): Trying to load sgen from: /storage/emulated/0/Android/data/com.careerbuilder.SugarDrone/files/.__override__/libmonosgen-2.0.so
W/monodroid( 8956): Trying to load sgen from: /data/app/com.careerbuilder.SugarDrone-1/lib/arm/libmonosgen-2.0.so
D/Mono    ( 8956): Image addref mscorlib[0xb4ae8520] -> mscorlib.dll[0xb483e400]: 2
D/Mono    ( 8956): Prepared to set up assembly 'mscorlib' (mscorlib.dll)
D/Mono    ( 8956): AOT module 'mscorlib.dll.so' not found: dlopen failed: library "/data/app/com.careerbuilder.SugarDrone-1/lib/arm/libaot-mscorlib.dll.so" not found
D/Mono    ( 8956): AOT module '/Users/builder/data/lanes/4009/f3074d2c/source/monodroid/builds/install/mono-armv6/lib/mono/aot-cache/arm/mscorlib.dll.so' not found: dlopen failed: library "/data/app/com.careerbuilder.SugarDrone-1/lib/arm/libaot-mscorlib.dll.so" not found
D/Mono    ( 8956): Config attempting to parse: 'mscorlib.dll.config'.
D/Mono    ( 8956): Config attempting to parse: '/Users/builder/data/lanes/4009/f3074d2c/source/monodroid/builds/install/mono-armv6/etc/mono/assemblies/mscorlib/mscorlib.config'.
D/Mono    ( 8956): Assembly mscorlib[0xb4ae8520] added to domain RootDomain, ref_count=1
D/Mono    ( 8956): Image addref CareerBuilder_Search.Droid[0xb4ae8580] -> CareerBuilder_Search.Droid.dll[0xb483f800]: 2
D/Mono    ( 8956): Prepared to set up assembly 'CareerBuilder_Search.Droid' (CareerBuilder_Search.Droid.dll)
D/Mono    ( 8956): Assembly CareerBuilder_Search.Droid[0xb4ae8580] added to domain RootDomain, ref_count=1
D/Mono    ( 8956): AOT module 'CareerBuilder_Search.Droid.dll.so' not found: dlopen failed: library "/data/app/com.careerbuilder.SugarDrone-1/lib/arm/libaot-CareerBuilder_Search.Droid.dll.so" not found
D/Mono    ( 8956): AOT module '/Users/builder/data/lanes/4009/f3074d2c/source/monodroid/builds/install/mono-armv6/lib/mono/aot-cache/arm/CareerBuilder_Search.Droid.dll.so' not found: dlopen failed: library "/data/app/com.careerbuilder.SugarDrone-1/lib/arm/libaot-CareerBuilder_Search.Droid.dll.so" not found
D/Mono    ( 8956): Config attempting to parse: 'CareerBuilder_Search.Droid.dll.config'.
D/Mono    ( 8956): Config attempting to parse: '/Users/builder/data/lanes/4009/f3074d2c/source/monodroid/builds/install/mono-armv6/etc/mono/assemblies/CareerBuilder_Search.Droid/CareerBuilder_Search.Droid.config'.
D/Mono    ( 8956): Image addref AppsFlyerXamarinBindingAndroid[0xb4ae85e0] -> AppsFlyerXamarinBindingAndroid.dll[0xb483fd00]: 2
D/Mono    ( 8956): Prepared to set up assembly 'AppsFlyerXamarinBindingAndroid' (AppsFlyerXamarinBindingAndroid.dll)
D/Mono    ( 8956): Assembly AppsFlyerXamarinBindingAndroid[0xb4ae85e0] added to domain RootDomain, ref_count=1
D/Mono    ( 8956): AOT module 'AppsFlyerXamarinBindingAndroid.dll.so' not found: dlopen failed: library "/data/app/com.careerbuilder.SugarDrone-1/lib/arm/libaot-AppsFlyerXamarinBindingAndroid.dll.so" not found
D/Mono    ( 8956): AOT module '/Users/builder/data/lanes/4009/f3074d2c/source/monodroid/builds/install/mono-armv6/lib/mono/aot-cache/arm/AppsFlyerXamarinBindingAndroid.dll.so' not found: dlopen failed: library "/data/app/com.careerbuilder.SugarDrone-1/lib/arm/libaot-AppsFlyerXamarinBindingAndroid.dll.so" not found
D/Mono    ( 8956): Config attempting to parse: 'AppsFlyerXamarinBindingAndroid.dll.config'.
D/Mono    ( 8956): Config attempting to parse: '/Users/builder/data/lanes/4009/f3074d2c/source/monodroid/builds/install/mono-armv6/etc/mono/assemblies/AppsFlyerXamarinBindingAndroid/AppsFlyerXamarinBindingAndroid.config'.
D/Mono    ( 8956): Image addref HockeySDK[0xb4ae8640] -> HockeySDK.dll[0xb4840200]: 2
D/Mono    ( 8956): Prepared to set up assembly 'HockeySDK' (HockeySDK.dll)
D/Mono    ( 8956): Assembly HockeySDK[0xb4ae8640] added to domain RootDomain, ref_count=1
D/Mono    ( 8956): AOT module 'HockeySDK.dll.so' not found: dlopen failed: library "/data/app/com.careerbuilder.SugarDrone-1/lib/arm/libaot-HockeySDK.dll.so" not found
D/Mono    ( 8956): AOT module '/Users/builder/data/lanes/4009/f3074d2c/source/monodroid/builds/install/mono-armv6/lib/mono/aot-cache/arm/HockeySDK.dll.so' not found: dlopen failed: library "/data/app/com.careerbuilder.SugarDrone-1/lib/arm/libaot-HockeySDK.dll.so" not found
D/Mono    ( 8956): Config attempting to parse: 'HockeySDK.dll.config'.
D/Mono    ( 8956): Config attempting to parse: '/Users/builder/data/lanes/4009/f3074d2c/source/monodroid/builds/install/mono-armv6/etc/mono/assemblies/HockeySDK/HockeySDK.config'.
D/Mono    ( 8956): Image addref Akavache[0xb4ae86a0] -> Akavache.dll[0xb4840700]: 2
D/Mono    ( 8956): Prepared to set up assembly 'Akavache' (Akavache.dll)
D/Mono    ( 8956): Assembly Akavache[0xb4ae86a0] added to domain RootDomain, ref_count=1
D/Mono    ( 8956): AOT module 'Akavache.dll.so' not found: dlopen failed: library "/data/app/com.careerbuilder.SugarDrone-1/lib/arm/libaot-Akavache.dll.so" not found
D/Mono    ( 8956): AOT module '/Users/builder/data/lanes/4009/f3074d2c/source/monodroid/builds/install/mono-armv6/lib/mono/aot-cache/arm/Akavache.dll.so' not found: dlopen failed: library "/data/app/com.careerbuilder.SugarDrone-1/lib/arm/libaot-Akavache.dll.so" not found
D/Mono    ( 8956): Config attempting to parse: 'Akavache.dll.config'.
D/Mono    ( 8956): Config attempting to parse: '/Users/builder/data/lanes/4009/f3074d2c/source/monodroid/builds/install/mono-armv6/etc/mono/assemblies/Akavache/Akavache.config'.
D/Mono    ( 8956): Image addref Akavache.Sqlite3[0xb4ae8700] -> Akavache.Sqlite3.dll[0xb4841100]: 2
D/Mono    ( 8956): Prepared to set up assembly 'Akavache.Sqlite3' (Akavache.Sqlite3.dll)
D/Mono    ( 8956): Assembly Akavache.Sqlite3[0xb4ae8700] added to domain RootDomain, ref_count=1
D/Mono    ( 8956): AOT module 'Akavache.Sqlite3.dll.so' not found: dlopen failed: library "/data/app/com.careerbuilder.SugarDrone-1/lib/arm/libaot-Akavache.Sqlite3.dll.so" not found
D/Mono    ( 8956): AOT module '/Users/builder/data/lanes/4009/f3074d2c/source/monodroid/builds/install/mono-armv6/lib/mono/aot-cache/arm/Akavache.Sqlite3.dll.so' not found: dlopen failed: library "/data/app/com.careerbuilder.SugarDrone-1/lib/arm/libaot-Akavache.Sqlite3.dll.so" not found
W/        ( 8956): Symbol file LoadedFromMemory doesn't match image Akavache.Sqlite3.dll
D/Mono    ( 8956): Config attempting to parse: 'Akavache.Sqlite3.dll.config'.
D/Mono    ( 8956): Config attempting to parse: '/Users/builder/data/lanes/4009/f3074d2c/source/monodroid/builds/install/mono-armv6/etc/mono/assemblies/Akavache.Sqlite3/Akavache.Sqlite3.config'.
D/Mono    ( 8956): Image addref Splat[0xb4ae8760] -> Splat.dll[0xb4841b00]: 2
D/Mono    ( 8956): Prepared to set up assembly 'Splat' (Splat.dll)
D/Mono    ( 8956): Assembly Splat[0xb4ae8760] added to domain RootDomain, ref_count=1
D/Mono    ( 8956): AOT module 'Splat.dll.so' not found: dlopen failed: library "/data/app/com.careerbuilder.SugarDrone-1/lib/arm/libaot-Splat.dll.so" not found
D/Mono    ( 8956): AOT module '/Users/builder/data/lanes/4009/f3074d2c/source/monodroid/builds/install/mono-armv6/lib/mono/aot-cache/arm/Splat.dll.so' not found: dlopen failed: library "/data/app/com.careerbuilder.SugarDrone-1/lib/arm/libaot-Splat.dll.so" not found
D/Mono    ( 8956): Config attempting to parse: 'Splat.dll.config'.
D/Mono    ( 8956): Config attempting to parse: '/Users/builder/data/lanes/4009/f3074d2c/source/monodroid/builds/install/mono-armv6/etc/mono/assemblies/Splat/Splat.config'.
D/Mono    ( 8956): Image addref Microsoft.Practices.ServiceLocation[0xb4ae87c0] -> Microsoft.Practices.ServiceLocation.dll[0xb4842500]: 2
D/Mono    ( 8956): Prepared to set up assembly 'Microsoft.Practices.ServiceLocation' (Microsoft.Practices.ServiceLocation.dll)
D/Mono    ( 8956): Assembly Microsoft.Practices.ServiceLocation[0xb4ae87c0] added to domain RootDomain, ref_count=1
D/Mono    ( 8956): AOT module 'Microsoft.Practices.ServiceLocation.dll.so' not found: dlopen failed: library "/data/app/com.careerbuilder.SugarDrone-1/lib/arm/libaot-Microsoft.Practices.ServiceLocation.dll.so" not found
D/Mono    ( 8956): AOT module '/Users/builder/data/lanes/4009/f3074d2c/source/monodroid/builds/install/mono-armv6/lib/mono/aot-cache/arm/Microsoft.Practices.ServiceLocation.dll.so' not found: dlopen failed: library "/data/app/com.careerbuilder.SugarDrone-1/lib/arm/libaot-Microsoft.Practices.ServiceLocation.dll.so" not found
D/Mono    ( 8956): Config attempting to parse: 'Microsoft.Practices.ServiceLocation.dll.config'.
D/Mono    ( 8956): Config attempting to parse: '/Users/builder/data/lanes/4009/f3074d2c/source/monodroid/builds/install/mono-armv6/etc/mono/assemblies/Microsoft.Practices.ServiceLocation/Microsoft.Practices.ServiceLocation.config'.
D/Mono    ( 8956): Image addref Microsoft.Practices.Unity[0xb4ae8820] -> Microsoft.Practices.Unity.dll[0xb4842a00]: 2
D/Mono    ( 8956): Prepared to set up assembly 'Microsoft.Practices.Unity' (Microsoft.Practices.Unity.dll)
D/Mono    ( 8956): Assembly Microsoft.Practices.Unity[0xb4ae8820] added to domain RootDomain, ref_count=1
D/Mono    ( 8956): AOT module 'Microsoft.Practices.Unity.dll.so' not found: dlopen failed: library "/data/app/com.careerbuilder.SugarDrone-1/lib/arm/libaot-Microsoft.Practices.Unity.dll.so" not found
D/Mono    ( 8956): AOT module '/Users/builder/data/lanes/4009/f3074d2c/source/monodroid/builds/install/mono-armv6/lib/mono/aot-cache/arm/Microsoft.Practices.Unity.dll.so' not found: dlopen failed: library "/data/app/com.careerbuilder.SugarDrone-1/lib/arm/libaot-Microsoft.Practices.Unity.dll.so" not found
D/Mono    ( 8956): Config attempting to parse: 'Microsoft.Practices.Unity.dll.config'.
D/Mono    ( 8956): Config attempting to parse: '/Users/builder/data/lanes/4009/f3074d2c/source/monodroid/builds/install/mono-armv6/etc/mono/assemblies/Microsoft.Practices.Unity/Microsoft.Practices.Unity.config'.
D/Mono    ( 8956): Image addref Plugin.CurrentActivity[0xb4ae8880] -> Plugin.CurrentActivity.dll[0xb4843400]: 2
D/Mono    ( 8956): Prepared to set up assembly 'Plugin.CurrentActivity' (Plugin.CurrentActivity.dll)
D/Mono    ( 8956): Assembly Plugin.CurrentActivity[0xb4ae8880] added to domain RootDomain, ref_count=1
D/Mono    ( 8956): AOT module 'Plugin.CurrentActivity.dll.so' not found: dlopen failed: library "/data/app/com.careerbuilder.SugarDrone-1/lib/arm/libaot-Plugin.CurrentActivity.dll.so" not found
D/Mono    ( 8956): AOT module '/Users/builder/data/lanes/4009/f3074d2c/source/monodroid/builds/install/mono-armv6/lib/mono/aot-cache/arm/Plugin.CurrentActivity.dll.so' not found: dlopen failed: library "/data/app/com.careerbuilder.SugarDrone-1/lib/arm/libaot-Plugin.CurrentActivity.dll.so" not found
D/Mono    ( 8956): Config attempting to parse: 'Plugin.CurrentActivity.dll.config'.
D/Mono    ( 8956): Config attempting to parse: '/Users/builder/data/lanes/4009/f3074d2c/source/monodroid/builds/install/mono-armv6/etc/mono/assemblies/Plugin.CurrentActivity/Plugin.CurrentActivity.config'.
D/Mono    ( 8956): Image addref Plugin.Permissions[0xb4ae88e0] -> Plugin.Permissions.dll[0xb4843900]: 2
D/Mono    ( 8956): Prepared to set up assembly 'Plugin.Permissions' (Plugin.Permissions.dll)
D/Mono    ( 8956): Assembly Plugin.Permissions[0xb4ae88e0] added to domain RootDomain, ref_count=1
D/Mono    ( 8956): AOT module 'Plugin.Permissions.dll.so' not found: dlopen failed: library "/data/app/com.careerbuilder.SugarDrone-1/lib/arm/libaot-Plugin.Permissions.dll.so" not found
D/Mono    ( 8956): AOT module '/Users/builder/data/lanes/4009/f3074d2c/source/monodroid/builds/install/mono-armv6/lib/mono/aot-cache/arm/Plugin.Permissions.dll.so' not found: dlopen failed: library "/data/app/com.careerbuilder.SugarDrone-1/lib/arm/libaot-Plugin.Permissions.dll.so" not found
D/Mono    ( 8956): Config attempting to parse: 'Plugin.Permissions.dll.config'.
D/Mono    ( 8956): Config attempting to parse: '/Users/builder/data/lanes/4009/f3074d2c/source/monodroid/builds/install/mono-armv6/etc/mono/assemblies/Plugin.Permissions/Plugin.Permissions.config'.
D/Mono    ( 8956): Image addref Plugin.Permissions.Abstractions[0xb4ae8940] -> Plugin.Permissions.Abstractions.dll[0xb4843e00]: 2
D/Mono    ( 8956): Prepared to set up assembly 'Plugin.Permissions.Abstractions' (Plugin.Permissions.Abstractions.dll)
D/Mono    ( 8956): Assembly Plugin.Permissions.Abstractions[0xb4ae8940] added to domain RootDomain, ref_count=1
D/Mono    ( 8956): AOT module 'Plugin.Permissions.Abstractions.dll.so' not found: dlopen failed: library "/data/app/com.careerbuilder.SugarDrone-1/lib/arm/libaot-Plugin.Permissions.Abstractions.dll.so" not found
D/Mono    ( 8956): AOT module '/Users/builder/data/lanes/4009/f3074d2c/source/monodroid/builds/install/mono-armv6/lib/mono/aot-cache/arm/Plugin.Permissions.Abstractions.dll.so' not found: dlopen failed: library "/data/app/com.careerbuilder.SugarDrone-1/lib/arm/libaot-Plugin.Permissions.Abstractions.dll.so" not found
D/Mono    ( 8956): Config attempting to parse: 'Plugin.Permissions.Abstractions.dll.config'.
D/Mono    ( 8956): Config attempting to parse: '/Users/builder/data/lanes/4009/f3074d2c/source/monodroid/builds/install/mono-armv6/etc/mono/assemblies/Plugin.Permissions.Abstractions/Plugin.Permissions.Abstractions.config'.
D/Mono    ( 8956): Image addref Plugin.Geolocator[0xb4ae89a0] -> Plugin.Geolocator.dll[0xb4844300]: 2
D/Mono    ( 8956): Prepared to set up assembly 'Plugin.Geolocator' (Plugin.Geolocator.dll)
D/Mono    ( 8956): Assembly Plugin.Geolocator[0xb4ae89a0] added to domain RootDomain, ref_count=1
D/Mono    ( 8956): AOT module 'Plugin.Geolocator.dll.so' not found: dlopen failed: library "/data/app/com.careerbuilder.SugarDrone-1/lib/arm/libaot-Plugin.Geolocator.dll.so" not found
D/Mono    ( 8956): AOT module '/Users/builder/data/lanes/4009/f3074d2c/source/monodroid/builds/install/mono-armv6/lib/mono/aot-cache/arm/Plugin.Geolocator.dll.so' not found: dlopen failed: library "/data/app/com.careerbuilder.SugarDrone-1/lib/arm/libaot-Plugin.Geolocator.dll.so" not found
D/Mono    ( 8956): Config attempting to parse: 'Plugin.Geolocator.dll.config'.
D/Mono    ( 8956): Config attempting to parse: '/Users/builder/data/lanes/4009/f3074d2c/source/monodroid/builds/install/mono-armv6/etc/mono/assemblies/Plugin.Geolocator/Plugin.Geolocator.config'.
D/Mono    ( 8956): Image addref Plugin.Geolocator.Abstractions[0xb4ae8a00] -> Plugin.Geolocator.Abstractions.dll[0xb4844800]: 2
D/Mono    ( 8956): Prepared to set up assembly 'Plugin.Geolocator.Abstractions' (Plugin.Geolocator.Abstractions.dll)
D/Mono    ( 8956): Assembly Plugin.Geolocator.Abstractions[0xb4ae8a00] added to domain RootDomain, ref_count=1
D/Mono    ( 8956): AOT module 'Plugin.Geolocator.Abstractions.dll.so' not found: dlopen failed: library "/data/app/com.careerbuilder.SugarDrone-1/lib/arm/libaot-Plugin.Geolocator.Abstractions.dll.so" not found
D/Mono    ( 8956): AOT module '/Users/builder/data/lanes/4009/f3074d2c/source/monodroid/builds/install/mono-armv6/lib/mono/aot-cache/arm/Plugin.Geolocator.Abstractions.dll.so' not found: dlopen failed: library "/data/app/com.careerbuilder.SugarDrone-1/lib/arm/libaot-Plugin.Geolocator.Abstractions.dll.so" not found
D/Mono    ( 8956): Config attempting to parse: 'Plugin.Geolocator.Abstractions.dll.config'.
D/Mono    ( 8956): Config attempting to parse: '/Users/builder/data/lanes/4009/f3074d2c/source/monodroid/builds/install/mono-armv6/etc/mono/assemblies/Plugin.Geolocator.Abstractions/Plugin.Geolocator.Abstractions.config'.
D/Mono    ( 8956): Image addref Plugin.DeviceInfo[0xb4ae8a60] -> Plugin.DeviceInfo.dll[0xb4844d00]: 2
D/Mono    ( 8956): Prepared to set up assembly 'Plugin.DeviceInfo' (Plugin.DeviceInfo.dll)
D/Mono    ( 8956): Assembly Plugin.DeviceInfo[0xb4ae8a60] added to domain RootDomain, ref_count=1
D/Mono    ( 8956): AOT module 'Plugin.DeviceInfo.dll.so' not found: dlopen failed: library "/data/app/com.careerbuilder.SugarDrone-1/lib/arm/libaot-Plugin.DeviceInfo.dll.so" not found
D/Mono    ( 8956): AOT module '/Users/builder/data/lanes/4009/f3074d2c/source/monodroid/builds/install/mono-armv6/lib/mono/aot-cache/arm/Plugin.DeviceInfo.dll.so' not found: dlopen failed: library "/data/app/com.careerbuilder.SugarDrone-1/lib/arm/libaot-Plugin.DeviceInfo.dll.so" not found
D/Mono    ( 8956): Config attempting to parse: 'Plugin.DeviceInfo.dll.config'.
D/Mono    ( 8956): Config attempting to parse: '/Users/builder/data/lanes/4009/f3074d2c/source/monodroid/builds/install/mono-armv6/etc/mono/assemblies/Plugin.DeviceInfo/Plugin.DeviceInfo.config'.
D/Mono    ( 8956): Image addref Plugin.DeviceInfo.Abstractions[0xb4ae8ac0] -> Plugin.DeviceInfo.Abstractions.dll[0xb4845200]: 2
D/Mono    ( 8956): Prepared to set up assembly 'Plugin.DeviceInfo.Abstractions' (Plugin.DeviceInfo.Abstractions.dll)
D/Mono    ( 8956): Assembly Plugin.DeviceInfo.Abstractions[0xb4ae8ac0] added to domain RootDomain, ref_count=1
D/Mono    ( 8956): AOT module 'Plugin.DeviceInfo.Abstractions.dll.so' not found: dlopen failed: library "/data/app/com.careerbuilder.SugarDrone-1/lib/arm/libaot-Plugin.DeviceInfo.Abstractions.dll.so" not found
