<![CDATA[D/Finsky  ( 6106): [1] 5.onFinished: Installation state replication succeeded.
E/WifiStateMachine(  820): WifiStateMachine CMD_START_SCAN source -2 txSuccessRate=0.00 rxSuccessRate=0.00 targetRoamBSSID=any RSSI=-51

]]><xtc-scenario name="[0-1088]CareerBuilder_Search.DroidFeatureTests.ResumeConfirmationTests.CanCloseDialog" id="[0-1088]CareerBuilder_Search.DroidFeatureTests.ResumeConfirmationTests.CanCloseDialog"><![CDATA[

]]><xtc-step name="[0-1088]CareerBuilder_Search.DroidFeatureTests.ResumeConfirmationTests.CanCloseDialog-CanCloseDialog" id="[0-1088]CareerBuilder_Search.DroidFeatureTests.ResumeConfirmationTests.CanCloseDialog-CanCloseDialog"><![CDATA[
D/AndroidRuntime( 6854): >>>>>> START com.android.internal.os.RuntimeInit uid 2000 <<<<<<
D/AndroidRuntime( 6854): CheckJNI is OFF
D/AndroidRuntime( 6854): Calling main entry com.android.commands.pm.Pm
I/art     ( 6854): System.exit called, status: 0
I/AndroidRuntime( 6854): VM exiting with result code 0.
I/ActivityManager(  820): Start proc 6899:com.google.android.deskclock/u0a51 for broadcast com.google.android.deskclock/com.android.alarmclock.DigitalAppWidgetProvider
I/ActivityManager(  820): Killing 5830:com.google.android.calendar/u0a43 (adj 15): empty #17
W/ProcessCpuTracker(  820): Skipping unknown process pid 6978
D/AndroidRuntime( 7011): >>>>>> START com.android.internal.os.RuntimeInit uid 2000 <<<<<<
D/AndroidRuntime( 7011): CheckJNI is OFF
D/AndroidRuntime( 7011): Calling main entry com.android.commands.am.Am
W/ActivityManager(  820): Invalid packageName: com.careerbuilder.SugarDrone
D/AndroidRuntime( 7011): Shutting down VM
W/ip      ( 7088): type=1400 audit(0.0:18): avc: denied { search } for name="net" dev="dm-0" ino=1081351 scontext=u:r:shell:s0 tcontext=u:object_r:net_data_file:s0 tclass=dir permissive=0
E/WifiStateMachine(  820): WifiStateMachine CMD_START_SCAN source -2 txSuccessRate=0.00 rxSuccessRate=0.00 targetRoamBSSID=any RSSI=-51
E/WifiStateMachine(  820): WifiStateMachine starting scan for "xtc-ag"WPA_PSK with 5240,2412,2437,5200,5180
I/kickstart(  872): STATUS: SAHARA_HELLO: hw_info = 0x01030710, pwrup_reason = 0x00004000
I/kickstart(  872): STATUS: Wrote to /sys/power/wake_lock
E/kickstart(  872): ERROR: function: open_file:195 filename = /dev/block/platform/msm_sdcc.1/by-name/mdm1m9kefs1
I/kickstart(  872): STATUS: Opening file '/dev/block/platform/msm_sdcc.1/by-name/mdm1m9kefs1' for writing
I/kickstart(  872): STATUS: Received file 'm9kefs1'
I/kickstart(  872): STATUS: 950272 bytes transferred in 0.959664 seconds
I/kickstart(  872): STATUS: Successfully downloaded files from target 
I/kickstart(  872): STATUS: Wrote to /sys/power/wake_unlock
I/kickstart(  872): STATUS: Sahara protocol completed
E/WifiStateMachine(  820): WifiStateMachine CMD_START_SCAN source -2 txSuccessRate=0.00 rxSuccessRate=0.00 targetRoamBSSID=any RSSI=-51
E/WifiStateMachine(  820): WifiStateMachine starting scan for "xtc-ag"WPA_PSK with 5240,2412,2437,5200,5180
D/AndroidRuntime( 7616): >>>>>> START com.android.internal.os.RuntimeInit uid 2000 <<<<<<
D/AndroidRuntime( 7616): CheckJNI is OFF
D/AndroidRuntime( 7616): Calling main entry com.android.commands.pm.Pm
D/DefContainer( 6298): Copying /data/local/tmp/0000001071 to base.apk
D/PackageManager(  820): Renaming /data/app/vmdl556770422.tmp to /data/app/com.careerbuilder.SugarDrone-1
I/PackageManager(  820): Running dexopt on: /data/app/com.careerbuilder.SugarDrone-1/base.apk pkg=com.careerbuilder.SugarDrone isa=arm vmSafeMode=false
I/dex2oat ( 7677): /system/bin/dex2oat --zip-fd=6 --zip-location=/data/app/com.careerbuilder.SugarDrone-1/base.apk --oat-fd=7 --oat-location=/data/dalvik-cache/arm/data@app@com.careerbuilder.SugarDrone-1@base.apk@classes.dex --instruction-set=arm --instruction-set-features=div --runtime-arg -Xms64m --runtime-arg -Xmx512m --swap-fd=8
I/dex2oat ( 7677): Decided to run without swap.
W/dex2oat ( 7677): Before Android 4.1, method android.graphics.PorterDuffColorFilter android.support.graphics.drawable.VectorDrawableCompat.updateTintFilter(android.graphics.PorterDuffColorFilter, android.content.res.ColorStateList, android.graphics.PorterDuff$Mode) would have incorrectly overridden the package-private method in android.graphics.drawable.Drawable
W/dex2oat ( 7677): Before Android 4.1, method int android.support.v7.widget.ListViewCompat.lookForSelectablePosition(int, boolean) would have incorrectly overridden the package-private method in android.widget.ListView
I/ThermalEngine(  367): ACTION: CPU - Setting CPU[0] to 2572800
I/ThermalEngine(  367): ACTION: CPU - Setting CPU[1] to 2572800
I/ThermalEngine(  367): ACTION: CPU - Setting CPU[2] to 2572800
I/ThermalEngine(  367): ACTION: CPU - Setting CPU[3] to 2572800
I/ThermalEngine(  367): ACTION: CPU - Setting CPU[0] to 2649600
I/ThermalEngine(  367): ACTION: CPU - Setting CPU[1] to 2649600
I/ThermalEngine(  367): ACTION: CPU - Setting CPU[2] to 2649600
I/ThermalEngine(  367): ACTION: CPU - Setting CPU[3] to 2649600
I/ThermalEngine(  367): ACTION: CPU - Setting CPU[0] to 2572800
I/ThermalEngine(  367): ACTION: CPU - Setting CPU[1] to 2572800
I/ThermalEngine(  367): ACTION: CPU - Setting CPU[2] to 2572800
I/ThermalEngine(  367): ACTION: CPU - Setting CPU[3] to 2572800
W/dex2oat ( 7677): Compilation of void android.support.v4.content.ModernAsyncTask.setDefaultExecutor(java.util.concurrent.Executor) took 120.469ms
I/ThermalEngine(  367): ACTION: CPU - Setting CPU[0] to 2649600
I/ThermalEngine(  367): ACTION: CPU - Setting CPU[1] to 2649600
I/ThermalEngine(  367): ACTION: CPU - Setting CPU[2] to 2649600
I/ThermalEngine(  367): ACTION: CPU - Setting CPU[3] to 2649600
I/ThermalEngine(  367): ACTION: CPU - Setting CPU[0] to 2572800
I/ThermalEngine(  367): ACTION: CPU - Setting CPU[1] to 2572800
I/ThermalEngine(  367): ACTION: CPU - Setting CPU[2] to 2572800
I/ThermalEngine(  367): ACTION: CPU - Setting CPU[3] to 2572800
I/ThermalEngine(  367): ACTION: CPU - Setting CPU[0] to 2649600
I/ThermalEngine(  367): ACTION: CPU - Setting CPU[1] to 2649600
I/ThermalEngine(  367): ACTION: CPU - Setting CPU[2] to 2649600
I/ThermalEngine(  367): ACTION: CPU - Setting CPU[3] to 2649600
I/ThermalEngine(  367): ACTION: CPU - Setting CPU[0] to 2572800
I/ThermalEngine(  367): ACTION: CPU - Setting CPU[1] to 2572800
I/ThermalEngine(  367): ACTION: CPU - Setting CPU[2] to 2572800
I/ThermalEngine(  367): ACTION: CPU - Setting CPU[3] to 2572800
I/ThermalEngine(  367): ACTION: CPU - Setting CPU[0] to 2496000
I/ThermalEngine(  367): ACTION: CPU - Setting CPU[1] to 2496000
I/ThermalEngine(  367): ACTION: CPU - Setting CPU[2] to 2496000
I/ThermalEngine(  367): ACTION: CPU - Setting CPU[3] to 2496000
I/ThermalEngine(  367): ACTION: CPU - Setting CPU[0] to 2572800
I/ThermalEngine(  367): ACTION: CPU - Setting CPU[1] to 2572800
I/ThermalEngine(  367): ACTION: CPU - Setting CPU[2] to 2572800
I/ThermalEngine(  367): ACTION: CPU - Setting CPU[3] to 2572800
I/ThermalEngine(  367): ACTION: CPU - Setting CPU[0] to 2649600
I/ThermalEngine(  367): ACTION: CPU - Setting CPU[1] to 2649600
I/ThermalEngine(  367): ACTION: CPU - Setting CPU[2] to 2649600
I/ThermalEngine(  367): ACTION: CPU - Setting CPU[3] to 2649600
I/ThermalEngine(  367): ACTION: CPU - Setting CPU[0] to 2572800
I/ThermalEngine(  367): ACTION: CPU - Setting CPU[1] to 2572800
I/ThermalEngine(  367): ACTION: CPU - Setting CPU[2] to 2572800
I/ThermalEngine(  367): ACTION: CPU - Setting CPU[3] to 2572800
I/ThermalEngine(  367): ACTION: CPU - Setting CPU[0] to 2496000
I/ThermalEngine(  367): ACTION: CPU - Setting CPU[1] to 2496000
I/ThermalEngine(  367): ACTION: CPU - Setting CPU[2] to 2496000
I/ThermalEngine(  367): ACTION: CPU - Setting CPU[3] to 2496000
I/ThermalEngine(  367): ACTION: CPU - Setting CPU[0] to 2572800
I/ThermalEngine(  367): ACTION: CPU - Setting CPU[1] to 2572800
I/ThermalEngine(  367): ACTION: CPU - Setting CPU[2] to 2572800
I/ThermalEngine(  367): ACTION: CPU - Setting CPU[3] to 2572800
I/ThermalEngine(  367): ACTION: CPU - Setting CPU[0] to 2649600
I/ThermalEngine(  367): ACTION: CPU - Setting CPU[1] to 2649600
I/ThermalEngine(  367): ACTION: CPU - Setting CPU[2] to 2649600
I/ThermalEngine(  367): ACTION: CPU - Setting CPU[3] to 2649600
I/ThermalEngine(  367): ACTION: CPU - Setting CPU[0] to 2572800
I/ThermalEngine(  367): ACTION: CPU - Setting CPU[1] to 2572800
I/ThermalEngine(  367): ACTION: CPU - Setting CPU[2] to 2572800
I/ThermalEngine(  367): ACTION: CPU - Setting CPU[3] to 2572800
I/ThermalEngine(  367): ACTION: CPU - Setting CPU[0] to 2649600
I/ThermalEngine(  367): ACTION: CPU - Setting CPU[1] to 2649600
I/ThermalEngine(  367): ACTION: CPU - Setting CPU[2] to 2649600
I/ThermalEngine(  367): ACTION: CPU - Setting CPU[3] to 2649600
I/ThermalEngine(  367): ACTION: CPU - Setting CPU[0] to 2572800
I/ThermalEngine(  367): ACTION: CPU - Setting CPU[1] to 2572800
I/ThermalEngine(  367): ACTION: CPU - Setting CPU[2] to 2572800
I/ThermalEngine(  367): ACTION: CPU - Setting CPU[3] to 2572800
I/ThermalEngine(  367): ACTION: CPU - Setting CPU[0] to 2496000
I/ThermalEngine(  367): ACTION: CPU - Setting CPU[1] to 2496000
I/ThermalEngine(  367): ACTION: CPU - Setting CPU[2] to 2496000
I/ThermalEngine(  367): ACTION: CPU - Setting CPU[3] to 2496000
I/ThermalEngine(  367): ACTION: CPU - Setting CPU[0] to 2572800
I/ThermalEngine(  367): ACTION: CPU - Setting CPU[1] to 2572800
I/ThermalEngine(  367): ACTION: CPU - Setting CPU[2] to 2572800
I/ThermalEngine(  367): ACTION: CPU - Setting CPU[3] to 2572800
I/ThermalEngine(  367): ACTION: CPU - Setting CPU[0] to 2496000
I/ThermalEngine(  367): ACTION: CPU - Setting CPU[1] to 2496000
I/ThermalEngine(  367): ACTION: CPU - Setting CPU[2] to 2496000
I/ThermalEngine(  367): ACTION: CPU - Setting CPU[3] to 2496000
I/ThermalEngine(  367): ACTION: CPU - Setting CPU[0] to 2572800
I/ThermalEngine(  367): ACTION: CPU - Setting CPU[1] to 2572800
I/ThermalEngine(  367): ACTION: CPU - Setting CPU[2] to 2572800
I/ThermalEngine(  367): ACTION: CPU - Setting CPU[3] to 2572800
I/ThermalEngine(  367): ACTION: CPU - Setting CPU[0] to 2649600
I/ThermalEngine(  367): ACTION: CPU - Setting CPU[1] to 2649600
I/ThermalEngine(  367): ACTION: CPU - Setting CPU[2] to 2649600
I/ThermalEngine(  367): ACTION: CPU - Setting CPU[3] to 2649600
I/ThermalEngine(  367): ACTION: CPU - Setting CPU[0] to 2572800
I/ThermalEngine(  367): ACTION: CPU - Setting CPU[1] to 2572800
I/ThermalEngine(  367): ACTION: CPU - Setting CPU[2] to 2572800
I/ThermalEngine(  367): ACTION: CPU - Setting CPU[3] to 2572800
I/ThermalEngine(  367): ACTION: CPU - Setting CPU[0] to 2496000
I/ThermalEngine(  367): ACTION: CPU - Setting CPU[1] to 2496000
I/ThermalEngine(  367): ACTION: CPU - Setting CPU[2] to 2496000
I/ThermalEngine(  367): ACTION: CPU - Setting CPU[3] to 2496000
I/ThermalEngine(  367): ACTION: GPU - Setting GPU[0] to 500000000
I/ThermalEngine(  367): Mitigation:GPU[0]:500000000 Hz
I/ThermalEngine(  367): ACTION: CPU - Setting CPU[0] to 2572800
I/ThermalEngine(  367): ACTION: CPU - Setting CPU[1] to 2572800
I/ThermalEngine(  367): ACTION: CPU - Setting CPU[2] to 2572800
I/ThermalEngine(  367): ACTION: CPU - Setting CPU[3] to 2572800
I/ThermalEngine(  367): ACTION: CPU - Setting CPU[0] to 2496000
I/ThermalEngine(  367): ACTION: CPU - Setting CPU[1] to 2496000
I/ThermalEngine(  367): ACTION: CPU - Setting CPU[2] to 2496000
I/ThermalEngine(  367): ACTION: CPU - Setting CPU[3] to 2496000
I/ThermalEngine(  367): ACTION: CPU - Setting CPU[0] to 2572800
I/ThermalEngine(  367): ACTION: CPU - Setting CPU[1] to 2572800
I/ThermalEngine(  367): ACTION: CPU - Setting CPU[2] to 2572800
I/ThermalEngine(  367): ACTION: CPU - Setting CPU[3] to 2572800
I/ThermalEngine(  367): ACTION: CPU - Setting CPU[0] to 2496000
I/ThermalEngine(  367): ACTION: CPU - Setting CPU[1] to 2496000
I/ThermalEngine(  367): ACTION: CPU - Setting CPU[2] to 2496000
I/ThermalEngine(  367): ACTION: CPU - Setting CPU[3] to 2496000
I/ThermalEngine(  367): ACTION: CPU - Setting CPU[0] to 2572800
I/ThermalEngine(  367): ACTION: CPU - Setting CPU[1] to 2572800
I/ThermalEngine(  367): ACTION: CPU - Setting CPU[2] to 2572800
I/ThermalEngine(  367): ACTION: CPU - Setting CPU[3] to 2572800
I/dex2oat ( 7677): dex2oat took 5.732s (threads: 4) arena alloc=102KB java alloc=8MB native alloc=10MB free=5MB
W/PackageManager(  820): Not granting permission android.permission.MANAGE_DOCUMENTS to package com.careerbuilder.SugarDrone (protectionLevel=2 flags=0x8be46)
W/PackageManager(  820): Not granting permission android.permission.MOUNT_UNMOUNT_FILESYSTEMS to package com.careerbuilder.SugarDrone (protectionLevel=18 flags=0x8be46)
V/BackupManagerService(  820): restoreAtInstall pkg=com.careerbuilder.SugarDrone token=6 restoreSet=0
V/BackupManagerService(  820): Finishing install immediately
W/Settings(  820): Setting install_non_market_apps has moved from android.provider.Settings.Global to android.provider.Settings.Secure, returning read-only value.
D/BuaReceiver( 3762): ====== got intent:Intent { act=android.intent.action.PACKAGE_ADDED dat=package:com.careerbuilder.SugarDrone flg=0x4000010 cmp=com.motorola.android.buacontactadapter/.BuaReceiver (has extras) }
W/InputMethodInfo(  820): Duplicated subtype definition found: , voice
I/InputReader(  820): Reconfiguring input devices.  changes=0x00000010
D/BackupManagerService(  820): Received broadcast Intent { act=android.intent.action.PACKAGE_ADDED dat=package:com.careerbuilder.SugarDrone flg=0x4000010 (has extras) }
W/BackupManagerService(  820): Removing schedule queue dupe of com.careerbuilder.SugarDrone
I/UpdateIcingCorporaServi( 2862): Updating corpora: APPS=com.careerbuilder.SugarDrone, CONTACTS=MAYBE
I/art     (  820): Explicit concurrent mark sweep GC freed 43565(2MB) AllocSpace objects, 6(198KB) LOS objects, 28% free, 39MB/55MB, paused 3.545ms total 252.147ms
I/art     ( 7616): System.exit called, status: 0
I/AndroidRuntime( 7616): VM exiting with result code 0.
I/Icing   ( 1767): Usage reports 0 indexed 0 rejected 0 imm upload true
D/Wear_Controller( 1767): Received broadcast action=android.intent.action.PACKAGE_ADDED and uri=com.careerbuilder.SugarDrone
W/IcingInternalCorpora( 1767): getNumBytesRead when not calculated.
I/PeopleContactsSync( 1767): triggerPendingContactsCleanup: no accounts
I/ApplicationLogger( 2862): canRun() : Opted Out
I/UpdateIcingCorporaServi( 2862): UpdateCorporaTask done [took 244 ms] updated apps [took 243 ms] 
I/Icing   ( 1767): Usage reports 0 indexed 0 rejected 0 imm upload false
I/Icing   ( 1767): Usage reports 0 indexed 0 rejected 0 imm upload false
I/ThermalEngine(  367): ACTION: CPU - Setting CPU[0] to 2496000
I/ThermalEngine(  367): ACTION: CPU - Setting CPU[1] to 2496000
I/ThermalEngine(  367): ACTION: CPU - Setting CPU[2] to 2496000
I/ThermalEngine(  367): ACTION: CPU - Setting CPU[3] to 2496000
I/ThermalEngine(  367): ACTION: CPU - Setting CPU[0] to 2572800
I/ThermalEngine(  367): ACTION: CPU - Setting CPU[1] to 2572800
I/ThermalEngine(  367): ACTION: CPU - Setting CPU[2] to 2572800
I/ThermalEngine(  367): ACTION: CPU - Setting CPU[3] to 2572800
I/ThermalEngine(  367): ACTION: CPU - Setting CPU[0] to 2496000
I/ThermalEngine(  367): ACTION: CPU - Setting CPU[1] to 2496000
I/ThermalEngine(  367): ACTION: CPU - Setting CPU[2] to 2496000
I/ThermalEngine(  367): ACTION: CPU - Setting CPU[3] to 2496000
I/ThermalEngine(  367): ACTION: CPU - Setting CPU[0] to 2572800
I/ThermalEngine(  367): ACTION: CPU - Setting CPU[1] to 2572800
I/ThermalEngine(  367): ACTION: CPU - Setting CPU[2] to 2572800
I/ThermalEngine(  367): ACTION: CPU - Setting CPU[3] to 2572800
D/AndroidRuntime( 7820): >>>>>> START com.android.internal.os.RuntimeInit uid 2000 <<<<<<
D/AndroidRuntime( 7820): CheckJNI is OFF
I/ThermalEngine(  367): ACTION: CPU - Setting CPU[0] to 2496000
I/ThermalEngine(  367): ACTION: CPU - Setting CPU[1] to 2496000
I/ThermalEngine(  367): ACTION: CPU - Setting CPU[2] to 2496000
I/ThermalEngine(  367): ACTION: CPU - Setting CPU[3] to 2496000
D/AndroidRuntime( 7820): Calling main entry com.android.commands.settings.SettingsCmd
D/AndroidRuntime( 7820): Shutting down VM
I/ThermalEngine(  367): ACTION: CPU - Setting CPU[0] to 2457600
I/ThermalEngine(  367): ACTION: CPU - Setting CPU[1] to 2457600
I/ThermalEngine(  367): ACTION: CPU - Setting CPU[2] to 2457600
I/ThermalEngine(  367): ACTION: CPU - Setting CPU[3] to 2457600
I/ThermalEngine(  367): ACTION: CPU - Setting CPU[0] to 2496000
I/ThermalEngine(  367): ACTION: CPU - Setting CPU[1] to 2496000
I/ThermalEngine(  367): ACTION: CPU - Setting CPU[2] to 2496000
I/ThermalEngine(  367): ACTION: CPU - Setting CPU[3] to 2496000
I/ThermalEngine(  367): ACTION: CPU - Setting CPU[0] to 2572800
I/ThermalEngine(  367): ACTION: CPU - Setting CPU[1] to 2572800
I/ThermalEngine(  367): ACTION: CPU - Setting CPU[2] to 2572800
I/ThermalEngine(  367): ACTION: CPU - Setting CPU[3] to 2572800
I/ThermalEngine(  367): ACTION: CPU - Setting CPU[0] to 2496000
I/ThermalEngine(  367): ACTION: CPU - Setting CPU[1] to 2496000
I/ThermalEngine(  367): ACTION: CPU - Setting CPU[2] to 2496000
I/ThermalEngine(  367): ACTION: CPU - Setting CPU[3] to 2496000
I/ThermalEngine(  367): ACTION: CPU - Setting CPU[0] to 2572800
I/ThermalEngine(  367): ACTION: CPU - Setting CPU[1] to 2572800
I/ThermalEngine(  367): ACTION: CPU - Setting CPU[2] to 2572800
I/ThermalEngine(  367): ACTION: CPU - Setting CPU[3] to 2572800
D/AndroidRuntime( 7844): >>>>>> START com.android.internal.os.RuntimeInit uid 2000 <<<<<<
D/AndroidRuntime( 7844): CheckJNI is OFF
D/AndroidRuntime( 7844): Calling main entry com.android.commands.settings.SettingsCmd
D/AndroidRuntime( 7844): Shutting down VM
I/Icing   ( 1767): Indexing 56E614FFD07397CEEEC22860F95918E03DDAFFD2 from com.google.android.googlequicksearchbox
I/Icing   ( 1767): Indexing done 56E614FFD07397CEEEC22860F95918E03DDAFFD2
I/Icing   ( 1767): Indexing C3ED5E34441E152030641DF67E074CC76FEEF1FB from com.google.android.gms
I/Icing   ( 1767): Indexing done C3ED5E34441E152030641DF67E074CC76FEEF1FB
D/AndroidRuntime( 7869): >>>>>> START com.android.internal.os.RuntimeInit uid 2000 <<<<<<
D/AndroidRuntime( 7869): CheckJNI is OFF
D/AndroidRuntime( 7869): Calling main entry com.android.commands.settings.SettingsCmd
D/AndroidRuntime( 7869): Shutting down VM
I/ThermalEngine(  367): ACTION: GPU - Setting GPU[0] to 389000000
I/ThermalEngine(  367): Mitigation:GPU[0]:389000000 Hz
I/ThermalEngine(  367): ACTION: CPU - Setting CPU[0] to 2496000
I/ThermalEngine(  367): ACTION: CPU - Setting CPU[1] to 2496000
I/ThermalEngine(  367): ACTION: CPU - Setting CPU[2] to 2496000
I/ThermalEngine(  367): ACTION: CPU - Setting CPU[3] to 2496000
E/WifiStateMachine(  820): WifiStateMachine CMD_START_SCAN source -2 txSuccessRate=0.00 rxSuccessRate=0.00 targetRoamBSSID=any RSSI=-51
D/AndroidRuntime( 7893): >>>>>> START com.android.internal.os.RuntimeInit uid 2000 <<<<<<
D/AndroidRuntime( 7893): CheckJNI is OFF
D/AndroidRuntime( 7893): Calling main entry com.android.commands.settings.SettingsCmd
D/AndroidRuntime( 7893): Shutting down VM
D/AndroidRuntime( 7917): >>>>>> START com.android.internal.os.RuntimeInit uid 2000 <<<<<<
D/AndroidRuntime( 7917): CheckJNI is OFF
D/AndroidRuntime( 7917): Calling main entry com.android.commands.settings.SettingsCmd
D/AndroidRuntime( 7917): Shutting down VM
D/AndroidRuntime( 7939): >>>>>> START com.android.internal.os.RuntimeInit uid 2000 <<<<<<
D/AndroidRuntime( 7939): CheckJNI is OFF
D/AndroidRuntime( 7939): Calling main entry com.android.commands.pm.Pm
I/art     ( 7939): System.exit called, status: 0
I/AndroidRuntime( 7939): VM exiting with result code 0.
I/ThermalEngine(  367): ACTION: GPU - Setting GPU[0] to 300000000
I/ThermalEngine(  367): Mitigation:GPU[0]:300000000 Hz
I/ThermalEngine(  367): ACTION: CPU - Setting CPU[0] to 2457600
I/ThermalEngine(  367): ACTION: CPU - Setting CPU[1] to 2457600
I/ThermalEngine(  367): ACTION: CPU - Setting CPU[2] to 2457600
I/ThermalEngine(  367): ACTION: CPU - Setting CPU[3] to 2457600
D/AndroidRuntime( 8002): >>>>>> START com.android.internal.os.RuntimeInit uid 2000 <<<<<<
D/AndroidRuntime( 8002): CheckJNI is OFF
D/AndroidRuntime( 8002): Calling main entry com.android.commands.pm.Pm
I/art     ( 8002): System.exit called, status: 0
I/AndroidRuntime( 8002): VM exiting with result code 0.
I/ThermalEngine(  367): ACTION: CPU - Setting CPU[0] to 2265600
I/ThermalEngine(  367): ACTION: CPU - Setting CPU[1] to 2265600
I/ThermalEngine(  367): ACTION: CPU - Setting CPU[2] to 2265600
I/ThermalEngine(  367): ACTION: CPU - Setting CPU[3] to 2265600
D/AndroidRuntime( 8116): >>>>>> START com.android.internal.os.RuntimeInit uid 2000 <<<<<<
D/AndroidRuntime( 8116): CheckJNI is OFF
D/AndroidRuntime( 8116): Calling main entry com.android.commands.am.Am
W/ActivityManager(  820): Invalid packageName: com.careerbuilder.SugarDrone.test
D/AndroidRuntime( 8116): Shutting down VM
I/ThermalEngine(  367): ACTION: CPU - Setting CPU[0] to 1958400
I/ThermalEngine(  367): ACTION: CPU - Setting CPU[1] to 1958400
I/ThermalEngine(  367): ACTION: CPU - Setting CPU[2] to 1958400
I/ThermalEngine(  367): ACTION: CPU - Setting CPU[3] to 1958400
D/AndroidRuntime( 8151): >>>>>> START com.android.internal.os.RuntimeInit uid 2000 <<<<<<
D/AndroidRuntime( 8151): CheckJNI is OFF
D/AndroidRuntime( 8151): Calling main entry com.android.commands.pm.Pm
D/DefContainer( 6298): Copying /data/local/tmp/0000001072 to base.apk
D/PackageManager(  820): Renaming /data/app/vmdl1006291417.tmp to /data/app/com.careerbuilder.SugarDrone.test-1
I/PackageManager(  820): Running dexopt on: /data/app/com.careerbuilder.SugarDrone.test-1/base.apk pkg=com.careerbuilder.SugarDrone.test isa=arm vmSafeMode=false
I/dex2oat ( 8173): /system/bin/dex2oat --zip-fd=6 --zip-location=/data/app/com.careerbuilder.SugarDrone.test-1/base.apk --oat-fd=7 --oat-location=/data/dalvik-cache/arm/data@app@com.careerbuilder.SugarDrone.test-1@base.apk@classes.dex --instruction-set=arm --instruction-set-features=div --runtime-arg -Xms64m --runtime-arg -Xmx512m --swap-fd=8
I/dex2oat ( 8173): Decided to run without swap.
I/dex2oat ( 8173): dex2oat took 2.166s (threads: 4) arena alloc=1992KB java alloc=1946KB native alloc=6MB free=9MB
I/ThermalEngine(  367): ACTION: CPU - Setting CPU[0] to 1728000
I/ThermalEngine(  367): ACTION: CPU - Setting CPU[1] to 1728000
I/ThermalEngine(  367): ACTION: CPU - Setting CPU[2] to 1728000
I/ThermalEngine(  367): ACTION: CPU - Setting CPU[3] to 1728000
V/BackupManagerService(  820): restoreAtInstall pkg=com.careerbuilder.SugarDrone.test token=7 restoreSet=0
V/BackupManagerService(  820): Finishing install immediately
W/Settings(  820): Setting install_non_market_apps has moved from android.provider.Settings.Global to android.provider.Settings.Secure, returning read-only value.
D/BuaReceiver( 3762): ====== got intent:Intent { act=android.intent.action.PACKAGE_ADDED dat=package:com.careerbuilder.SugarDrone.test flg=0x4000010 cmp=com.motorola.android.buacontactadapter/.BuaReceiver (has extras) }
W/InputMethodInfo(  820): Duplicated subtype definition found: , voice
I/InputReader(  820): Reconfiguring input devices.  changes=0x00000010
D/BackupManagerService(  820): Received broadcast Intent { act=android.intent.action.PACKAGE_ADDED dat=package:com.careerbuilder.SugarDrone.test flg=0x4000010 (has extras) }
W/BackupManagerService(  820): Removing schedule queue dupe of com.careerbuilder.SugarDrone.test
I/UpdateIcingCorporaServi( 2862): Updating corpora: APPS=com.careerbuilder.SugarDrone.test, CONTACTS=MAYBE
I/ApplicationLogger( 2862): canRun() : Opted Out
I/UpdateIcingCorporaServi( 2862): UpdateCorporaTask done [took 32 ms] updated apps [took 32 ms] 
D/Wear_Controller( 1767): Received broadcast action=android.intent.action.PACKAGE_ADDED and uri=com.careerbuilder.SugarDrone.test
I/PeopleContactsSync( 1767): triggerPendingContactsCleanup: no accounts
I/art     (  820): Explicit concurrent mark sweep GC freed 96433(5MB) AllocSpace objects, 29(3MB) LOS objects, 31% free, 35MB/51MB, paused 1.950ms total 234.679ms
I/art     ( 8151): System.exit called, status: 0
I/AndroidRuntime( 8151): VM exiting with result code 0.
W/IcingInternalCorpora( 1767): getNumBytesRead when not calculated.
I/art     ( 1767): Explicit concurrent mark sweep GC freed 61640(3MB) AllocSpace objects, 19(327KB) LOS objects, 20% free, 31MB/39MB, paused 894us total 58.315ms
I/Icing   ( 1767): Usage reports 0 indexed 0 rejected 0 imm upload false
I/Icing   ( 1767): Usage reports 0 indexed 0 rejected 0 imm upload false
D/AndroidRuntime( 8253): >>>>>> START com.android.internal.os.RuntimeInit uid 2000 <<<<<<
D/AndroidRuntime( 8253): CheckJNI is OFF
D/AndroidRuntime( 8253): Calling main entry com.android.commands.settings.SettingsCmd
D/AndroidRuntime( 8253): Shutting down VM
D/AndroidRuntime( 8275): >>>>>> START com.android.internal.os.RuntimeInit uid 2000 <<<<<<
D/AndroidRuntime( 8275): CheckJNI is OFF
D/AndroidRuntime( 8275): Calling main entry com.android.commands.settings.SettingsCmd
D/AndroidRuntime( 8275): Shutting down VM
I/Icing   ( 1767): Indexing C3ED5E34441E152030641DF67E074CC76FEEF1FB from com.google.android.gms
I/Icing   ( 1767): Indexing done C3ED5E34441E152030641DF67E074CC76FEEF1FB
D/AndroidRuntime( 8301): >>>>>> START com.android.internal.os.RuntimeInit uid 2000 <<<<<<
D/AndroidRuntime( 8301): CheckJNI is OFF
D/AndroidRuntime( 8301): Calling main entry com.android.commands.settings.SettingsCmd
D/AndroidRuntime( 8301): Shutting down VM
D/AndroidRuntime( 8326): >>>>>> START com.android.internal.os.RuntimeInit uid 2000 <<<<<<
D/AndroidRuntime( 8326): CheckJNI is OFF
D/AndroidRuntime( 8326): Calling main entry com.android.commands.settings.SettingsCmd
D/AndroidRuntime( 8326): Shutting down VM
I/ThermalEngine(  367): ACTION: GPU - Setting GPU[0] to 389000000
I/ThermalEngine(  367): Mitigation:GPU[0]:389000000 Hz
I/ThermalEngine(  367): ACTION: CPU - Setting CPU[0] to 1958400
I/ThermalEngine(  367): ACTION: CPU - Setting CPU[1] to 1958400
I/ThermalEngine(  367): ACTION: CPU - Setting CPU[2] to 1958400
I/ThermalEngine(  367): ACTION: CPU - Setting CPU[3] to 1958400
D/AndroidRuntime( 8351): >>>>>> START com.android.internal.os.RuntimeInit uid 2000 <<<<<<
D/AndroidRuntime( 8351): CheckJNI is OFF
D/AndroidRuntime( 8351): Calling main entry com.android.commands.settings.SettingsCmd
D/AndroidRuntime( 8351): Shutting down VM
D/AndroidRuntime( 8373): >>>>>> START com.android.internal.os.RuntimeInit uid 2000 <<<<<<
D/AndroidRuntime( 8373): CheckJNI is OFF
D/AndroidRuntime( 8373): Calling main entry com.android.commands.pm.Pm
I/art     ( 8373): System.exit called, status: 0
I/AndroidRuntime( 8373): VM exiting with result code 0.
I/ThermalEngine(  367): ACTION: GPU - Setting GPU[0] to 500000000
I/ThermalEngine(  367): Mitigation:GPU[0]:500000000 Hz
I/ThermalEngine(  367): ACTION: CPU - Setting CPU[0] to 2265600
I/ThermalEngine(  367): ACTION: CPU - Setting CPU[1] to 2265600
I/ThermalEngine(  367): ACTION: CPU - Setting CPU[2] to 2265600
I/ThermalEngine(  367): ACTION: CPU - Setting CPU[3] to 2265600
W/ip      ( 8432): type=1400 audit(0.0:19): avc: denied { search } for name="net" dev="dm-0" ino=1081351 scontext=u:r:shell:s0 tcontext=u:object_r:net_data_file:s0 tclass=dir permissive=0
D/AndroidRuntime( 8440): >>>>>> START com.android.internal.os.RuntimeInit uid 2000 <<<<<<
D/AndroidRuntime( 8440): CheckJNI is OFF
D/AndroidRuntime( 8440): Calling main entry com.android.commands.pm.Pm
I/art     ( 8440): System.exit called, status: 0
I/AndroidRuntime( 8440): VM exiting with result code 0.
E/WifiStateMachine(  820): WifiStateMachine CMD_START_SCAN source -2 txSuccessRate=0.00 rxSuccessRate=0.00 targetRoamBSSID=any RSSI=-51
E/WifiStateMachine(  820): WifiStateMachine starting scan for "xtc-ag"WPA_PSK with 5240,2412,2437,5200,5180
I/ThermalEngine(  367): ACTION: GPU - Setting GPU[0] to 600000000
I/ThermalEngine(  367): Mitigation:GPU[0]:600000000 Hz
I/ThermalEngine(  367): ACTION: CPU - Setting CPU[0] to 2457600
I/ThermalEngine(  367): ACTION: CPU - Setting CPU[1] to 2457600
I/ThermalEngine(  367): ACTION: CPU - Setting CPU[2] to 2457600
I/ThermalEngine(  367): ACTION: CPU - Setting CPU[3] to 2457600
D/AndroidRuntime( 8558): >>>>>> START com.android.internal.os.RuntimeInit uid 2000 <<<<<<
D/AndroidRuntime( 8558): CheckJNI is OFF
D/AndroidRuntime( 8558): Calling main entry com.android.commands.input.Input
I/Input   ( 8558): injectKeyEvent: KeyEvent { action=ACTION_DOWN, keyCode=KEYCODE_BACK, scanCode=0, metaState=0, flags=0x0, repeatCount=0, eventTime=257566, downTime=257566, deviceId=-1, source=0x101 }
I/Input   ( 8558): injectKeyEvent: KeyEvent { action=ACTION_UP, keyCode=KEYCODE_BACK, scanCode=0, metaState=0, flags=0x0, repeatCount=0, eventTime=257566, downTime=257566, deviceId=-1, source=0x101 }
D/AndroidRuntime( 8558): Shutting down VM
I/ThermalEngine(  367): ACTION: CPU - Setting CPU[0] to 2496000
I/ThermalEngine(  367): ACTION: CPU - Setting CPU[1] to 2496000
I/ThermalEngine(  367): ACTION: CPU - Setting CPU[2] to 2496000
I/ThermalEngine(  367): ACTION: CPU - Setting CPU[3] to 2496000
D/AndroidRuntime( 8613): >>>>>> START com.android.internal.os.RuntimeInit uid 2000 <<<<<<
D/AndroidRuntime( 8613): CheckJNI is OFF
D/AndroidRuntime( 8613): Calling main entry com.android.commands.input.Input
I/Input   ( 8613): injectKeyEvent: KeyEvent { action=ACTION_DOWN, keyCode=KEYCODE_HOME, scanCode=0, metaState=0, flags=0x0, repeatCount=0, eventTime=259094, downTime=259094, deviceId=-1, source=0x101 }
I/Input   ( 8613): injectKeyEvent: KeyEvent { action=ACTION_UP, keyCode=KEYCODE_HOME, scanCode=0, metaState=0, flags=0x0, repeatCount=0, eventTime=259094, downTime=259094, deviceId=-1, source=0x101 }
I/ActivityManager(  820): START u0 {act=android.intent.action.MAIN cat=[android.intent.category.HOME] flg=0x10200000 cmp=com.google.android.googlequicksearchbox/com.google.android.launcher.GEL} from uid 1000 on display 0
D/AndroidRuntime( 8613): Shutting down VM
I/GEL     ( 1427): handleIntent(Intent { act=android.intent.action.MAIN cat=[android.intent.category.HOME] flg=0x10200000 cmp=com.google.android.googlequicksearchbox/com.google.android.launcher.GEL })
D/AndroidRuntime( 8646): >>>>>> START com.android.internal.os.RuntimeInit uid 2000 <<<<<<
D/AndroidRuntime( 8646): CheckJNI is OFF
D/AndroidRuntime( 8646): Calling main entry com.android.commands.input.Input
I/Input   ( 8646): injectKeyEvent: KeyEvent { action=ACTION_DOWN, keyCode=KEYCODE_BACK, scanCode=0, metaState=0, flags=0x0, repeatCount=0, eventTime=260153, downTime=260153, deviceId=-1, source=0x101 }
I/Input   ( 8646): injectKeyEvent: KeyEvent { action=ACTION_UP, keyCode=KEYCODE_BACK, scanCode=0, metaState=0, flags=0x0, repeatCount=0, eventTime=260153, downTime=260153, deviceId=-1, source=0x101 }
D/AndroidRuntime( 8646): Shutting down VM
I/ThermalEngine(  367): ACTION: CPU - Setting CPU[0] to 2572800
I/ThermalEngine(  367): ACTION: CPU - Setting CPU[1] to 2572800
I/ThermalEngine(  367): ACTION: CPU - Setting CPU[2] to 2572800
I/ThermalEngine(  367): ACTION: CPU - Setting CPU[3] to 2572800
D/Finsky  ( 6106): [1] 5.onFinished: Installation state replication succeeded.
D/AndroidRuntime( 8681): >>>>>> START com.android.internal.os.RuntimeInit uid 2000 <<<<<<
D/AndroidRuntime( 8681): CheckJNI is OFF
D/AndroidRuntime( 8681): Calling main entry com.android.commands.am.Am
I/ActivityManager(  820): Force stopping com.careerbuilder.SugarDrone appid=12819 user=0: start instr
I/art     ( 8701): Late-enabling -Xcheck:jni
I/ActivityManager(  820): Start proc 8701:com.careerbuilder.SugarDrone/u0a2819 for added application com.careerbuilder.SugarDrone
W/monodroid( 8701): Using override path: /data/data/com.careerbuilder.SugarDrone/files/.__override__
W/monodroid( 8701): Trying to load sgen from: /data/data/com.careerbuilder.SugarDrone/files/.__override__/libmonosgen-2.0.so
W/monodroid( 8701): Trying to load sgen from: /storage/emulated/0/Android/data/com.careerbuilder.SugarDrone/files/.__override__/libmonosgen-2.0.so
W/monodroid( 8701): Trying to load sgen from: /data/app/com.careerbuilder.SugarDrone-1/lib/arm/libmonosgen-2.0.so
D/Mono    ( 8701): Image addref mscorlib[0xb4ae8520] -> mscorlib.dll[0xb483e400]: 2
D/Mono    ( 8701): Prepared to set up assembly 'mscorlib' (mscorlib.dll)
D/Mono    ( 8701): AOT module 'mscorlib.dll.so' not found: dlopen failed: library "/data/app/com.careerbuilder.SugarDrone-1/lib/arm/libaot-mscorlib.dll.so" not found
D/Mono    ( 8701): AOT module '/Users/builder/data/lanes/4009/f3074d2c/source/monodroid/builds/install/mono-armv6/lib/mono/aot-cache/arm/mscorlib.dll.so' not found: dlopen failed: library "/data/app/com.careerbuilder.SugarDrone-1/lib/arm/libaot-mscorlib.dll.so" not found
D/Mono    ( 8701): Config attempting to parse: 'mscorlib.dll.config'.
D/Mono    ( 8701): Config attempting to parse: '/Users/builder/data/lanes/4009/f3074d2c/source/monodroid/builds/install/mono-armv6/etc/mono/assemblies/mscorlib/mscorlib.config'.
D/Mono    ( 8701): Assembly mscorlib[0xb4ae8520] added to domain RootDomain, ref_count=1
D/Mono    ( 8701): Image addref CareerBuilder_Search.Droid[0xb4ae8580] -> CareerBuilder_Search.Droid.dll[0xb483f800]: 2
D/Mono    ( 8701): Prepared to set up assembly 'CareerBuilder_Search.Droid' (CareerBuilder_Search.Droid.dll)
D/Mono    ( 8701): Assembly CareerBuilder_Search.Droid[0xb4ae8580] added to domain RootDomain, ref_count=1
D/Mono    ( 8701): AOT module 'CareerBuilder_Search.Droid.dll.so' not found: dlopen failed: library "/data/app/com.careerbuilder.SugarDrone-1/lib/arm/libaot-CareerBuilder_Search.Droid.dll.so" not found
D/Mono    ( 8701): AOT module '/Users/builder/data/lanes/4009/f3074d2c/source/monodroid/builds/install/mono-armv6/lib/mono/aot-cache/arm/CareerBuilder_Search.Droid.dll.so' not found: dlopen failed: library "/data/app/com.careerbuilder.SugarDrone-1/lib/arm/libaot-CareerBuilder_Search.Droid.dll.so" not found
D/Mono    ( 8701): Config attempting to parse: 'CareerBuilder_Search.Droid.dll.config'.
D/Mono    ( 8701): Config attempting to parse: '/Users/builder/data/lanes/4009/f3074d2c/source/monodroid/builds/install/mono-armv6/etc/mono/assemblies/CareerBuilder_Search.Droid/CareerBuilder_Search.Droid.config'.
D/Mono    ( 8701): Image addref AppsFlyerXamarinBindingAndroid[0xb4ae85e0] -> AppsFlyerXamarinBindingAndroid.dll[0xb483fd00]: 2
D/Mono    ( 8701): Prepared to set up assembly 'AppsFlyerXamarinBindingAndroid' (AppsFlyerXamarinBindingAndroid.dll)
D/Mono    ( 8701): Assembly AppsFlyerXamarinBindingAndroid[0xb4ae85e0] added to domain RootDomain, ref_count=1
D/Mono    ( 8701): AOT module 'AppsFlyerXamarinBindingAndroid.dll.so' not found: dlopen failed: library "/data/app/com.careerbuilder.SugarDrone-1/lib/arm/libaot-AppsFlyerXamarinBindingAndroid.dll.so" not found
D/Mono    ( 8701): AOT module '/Users/builder/data/lanes/4009/f3074d2c/source/monodroid/builds/install/mono-armv6/lib/mono/aot-cache/arm/AppsFlyerXamarinBindingAndroid.dll.so' not found: dlopen failed: library "/data/app/com.careerbuilder.SugarDrone-1/lib/arm/libaot-AppsFlyerXamarinBindingAndroid.dll.so" not found
D/Mono    ( 8701): Config attempting to parse: 'AppsFlyerXamarinBindingAndroid.dll.config'.
D/Mono    ( 8701): Config attempting to parse: '/Users/builder/data/lanes/4009/f3074d2c/source/monodroid/builds/install/mono-armv6/etc/mono/assemblies/AppsFlyerXamarinBindingAndroid/AppsFlyerXamarinBindingAndroid.config'.
D/Mono    ( 8701): Image addref HockeySDK[0xb4ae8640] -> HockeySDK.dll[0xb4840200]: 2
D/Mono    ( 8701): Prepared to set up assembly 'HockeySDK' (HockeySDK.dll)
D/Mono    ( 8701): Assembly HockeySDK[0xb4ae8640] added to domain RootDomain, ref_count=1
D/Mono    ( 8701): AOT module 'HockeySDK.dll.so' not found: dlopen failed: library "/data/app/com.careerbuilder.SugarDrone-1/lib/arm/libaot-HockeySDK.dll.so" not found
D/Mono    ( 8701): AOT module '/Users/builder/data/lanes/4009/f3074d2c/source/monodroid/builds/install/mono-armv6/lib/mono/aot-cache/arm/HockeySDK.dll.so' not found: dlopen failed: library "/data/app/com.careerbuilder.SugarDrone-1/lib/arm/libaot-HockeySDK.dll.so" not found
D/Mono    ( 8701): Config attempting to parse: 'HockeySDK.dll.config'.
D/Mono    ( 8701): Config attempting to parse: '/Users/builder/data/lanes/4009/f3074d2c/source/monodroid/builds/install/mono-armv6/etc/mono/assemblies/HockeySDK/HockeySDK.config'.
D/Mono    ( 8701): Image addref Akavache[0xb4ae86a0] -> Akavache.dll[0xb4840700]: 2
D/Mono    ( 8701): Prepared to set up assembly 'Akavache' (Akavache.dll)
D/Mono    ( 8701): Assembly Akavache[0xb4ae86a0] added to domain RootDomain, ref_count=1
D/Mono    ( 8701): AOT module 'Akavache.dll.so' not found: dlopen failed: library "/data/app/com.careerbuilder.SugarDrone-1/lib/arm/libaot-Akavache.dll.so" not found
D/Mono    ( 8701): AOT module '/Users/builder/data/lanes/4009/f3074d2c/source/monodroid/builds/install/mono-armv6/lib/mono/aot-cache/arm/Akavache.dll.so' not found: dlopen failed: library "/data/app/com.careerbuilder.SugarDrone-1/lib/arm/libaot-Akavache.dll.so" not found
D/Mono    ( 8701): Config attempting to parse: 'Akavache.dll.config'.
D/Mono    ( 8701): Config attempting to parse: '/Users/builder/data/lanes/4009/f3074d2c/source/monodroid/builds/install/mono-armv6/etc/mono/assemblies/Akavache/Akavache.config'.
D/Mono    ( 8701): Image addref Akavache.Sqlite3[0xb4ae8700] -> Akavache.Sqlite3.dll[0xb4841100]: 2
D/Mono    ( 8701): Prepared to set up assembly 'Akavache.Sqlite3' (Akavache.Sqlite3.dll)
D/Mono    ( 8701): Assembly Akavache.Sqlite3[0xb4ae8700] added to domain RootDomain, ref_count=1
D/Mono    ( 8701): AOT module 'Akavache.Sqlite3.dll.so' not found: dlopen failed: library "/data/app/com.careerbuilder.SugarDrone-1/lib/arm/libaot-Akavache.Sqlite3.dll.so" not found
D/Mono    ( 8701): AOT module '/Users/builder/data/lanes/4009/f3074d2c/source/monodroid/builds/install/mono-armv6/lib/mono/aot-cache/arm/Akavache.Sqlite3.dll.so' not found: dlopen failed: library "/data/app/com.careerbuilder.SugarDrone-1/lib/arm/libaot-Akavache.Sqlite3.dll.so" not found
W/        ( 8701): Symbol file LoadedFromMemory doesn't match image Akavache.Sqlite3.dll
D/Mono    ( 8701): Config attempting to parse: 'Akavache.Sqlite3.dll.config'.
D/Mono    ( 8701): Config attempting to parse: '/Users/builder/data/lanes/4009/f3074d2c/source/monodroid/builds/install/mono-armv6/etc/mono/assemblies/Akavache.Sqlite3/Akavache.Sqlite3.config'.
D/Mono    ( 8701): Image addref Splat[0xb4ae8760] -> Splat.dll[0xb4841b00]: 2
D/Mono    ( 8701): Prepared to set up assembly 'Splat' (Splat.dll)
D/Mono    ( 8701): Assembly Splat[0xb4ae8760] added to domain RootDomain, ref_count=1
D/Mono    ( 8701): AOT module 'Splat.dll.so' not found: dlopen failed: library "/data/app/com.careerbuilder.SugarDrone-1/lib/arm/libaot-Splat.dll.so" not found
D/Mono    ( 8701): AOT module '/Users/builder/data/lanes/4009/f3074d2c/source/monodroid/builds/install/mono-armv6/lib/mono/aot-cache/arm/Splat.dll.so' not found: dlopen failed: library "/data/app/com.careerbuilder.SugarDrone-1/lib/arm/libaot-Splat.dll.so" not found
D/Mono    ( 8701): Config attempting to parse: 'Splat.dll.config'.
D/Mono    ( 8701): Config attempting to parse: '/Users/builder/data/lanes/4009/f3074d2c/source/monodroid/builds/install/mono-armv6/etc/mono/assemblies/Splat/Splat.config'.
D/Mono    ( 8701): Image addref Microsoft.Practices.ServiceLocation[0xb4ae87c0] -> Microsoft.Practices.ServiceLocation.dll[0xb4842500]: 2
D/Mono    ( 8701): Prepared to set up assembly 'Microsoft.Practices.ServiceLocation' (Microsoft.Practices.ServiceLocation.dll)
D/Mono    ( 8701): Assembly Microsoft.Practices.ServiceLocation[0xb4ae87c0] added to domain RootDomain, ref_count=1
D/Mono    ( 8701): AOT module 'Microsoft.Practices.ServiceLocation.dll.so' not found: dlopen failed: library "/data/app/com.careerbuilder.SugarDrone-1/lib/arm/libaot-Microsoft.Practices.ServiceLocation.dll.so" not found
D/Mono    ( 8701): AOT module '/Users/builder/data/lanes/4009/f3074d2c/source/monodroid/builds/install/mono-armv6/lib/mono/aot-cache/arm/Microsoft.Practices.ServiceLocation.dll.so' not found: dlopen failed: library "/data/app/com.careerbuilder.SugarDrone-1/lib/arm/libaot-Microsoft.Practices.ServiceLocation.dll.so" not found
D/Mono    ( 8701): Config attempting to parse: 'Microsoft.Practices.ServiceLocation.dll.config'.
D/Mono    ( 8701): Config attempting to parse: '/Users/builder/data/lanes/4009/f3074d2c/source/monodroid/builds/install/mono-armv6/etc/mono/assemblies/Microsoft.Practices.ServiceLocation/Microsoft.Practices.ServiceLocation.config'.
D/Mono    ( 8701): Image addref Microsoft.Practices.Unity[0xb4ae8820] -> Microsoft.Practices.Unity.dll[0xb4842a00]: 2
D/Mono    ( 8701): Prepared to set up assembly 'Microsoft.Practices.Unity' (Microsoft.Practices.Unity.dll)
D/Mono    ( 8701): Assembly Microsoft.Practices.Unity[0xb4ae8820] added to domain RootDomain, ref_count=1
D/Mono    ( 8701): AOT module 'Microsoft.Practices.Unity.dll.so' not found: dlopen failed: library "/data/app/com.careerbuilder.SugarDrone-1/lib/arm/libaot-Microsoft.Practices.Unity.dll.so" not found
D/Mono    ( 8701): AOT module '/Users/builder/data/lanes/4009/f3074d2c/source/monodroid/builds/install/mono-armv6/lib/mono/aot-cache/arm/Microsoft.Practices.Unity.dll.so' not found: dlopen failed: library "/data/app/com.careerbuilder.SugarDrone-1/lib/arm/libaot-Microsoft.Practices.Unity.dll.so" not found
D/Mono    ( 8701): Config attempting to parse: 'Microsoft.Practices.Unity.dll.config'.
D/Mono    ( 8701): Config attempting to parse: '/Users/builder/data/lanes/4009/f3074d2c/source/monodroid/builds/install/mono-armv6/etc/mono/assemblies/Microsoft.Practices.Unity/Microsoft.Practices.Unity.config'.
D/Mono    ( 8701): Image addref Plugin.CurrentActivity[0xb4ae8880] -> Plugin.CurrentActivity.dll[0xb4843400]: 2
D/Mono    ( 8701): Prepared to set up assembly 'Plugin.CurrentActivity' (Plugin.CurrentActivity.dll)
D/Mono    ( 8701): Assembly Plugin.CurrentActivity[0xb4ae8880] added to domain RootDomain, ref_count=1
D/Mono    ( 8701): AOT module 'Plugin.CurrentActivity.dll.so' not found: dlopen failed: library "/data/app/com.careerbuilder.SugarDrone-1/lib/arm/libaot-Plugin.CurrentActivity.dll.so" not found
D/Mono    ( 8701): AOT module '/Users/builder/data/lanes/4009/f3074d2c/source/monodroid/builds/install/mono-armv6/lib/mono/aot-cache/arm/Plugin.CurrentActivity.dll.so' not found: dlopen failed: library "/data/app/com.careerbuilder.SugarDrone-1/lib/arm/libaot-Plugin.CurrentActivity.dll.so" not found
D/Mono    ( 8701): Config attempting to parse: 'Plugin.CurrentActivity.dll.config'.
D/Mono    ( 8701): Config attempting to parse: '/Users/builder/data/lanes/4009/f3074d2c/source/monodroid/builds/install/mono-armv6/etc/mono/assemblies/Plugin.CurrentActivity/Plugin.CurrentActivity.config'.
D/Mono    ( 8701): Image addref Plugin.Permissions[0xb4ae88e0] -> Plugin.Permissions.dll[0xb4843900]: 2
D/Mono    ( 8701): Prepared to set up assembly 'Plugin.Permissions' (Plugin.Permissions.dll)
D/Mono    ( 8701): Assembly Plugin.Permissions[0xb4ae88e0] added to domain RootDomain, ref_count=1
D/Mono    ( 8701): AOT module 'Plugin.Permissions.dll.so' not found: dlopen failed: library "/data/app/com.careerbuilder.SugarDrone-1/lib/arm/libaot-Plugin.Permissions.dll.so" not found
D/Mono    ( 8701): AOT module '/Users/builder/data/lanes/4009/f3074d2c/source/monodroid/builds/install/mono-armv6/lib/mono/aot-cache/arm/Plugin.Permissions.dll.so' not found: dlopen failed: library "/data/app/com.careerbuilder.SugarDrone-1/lib/arm/libaot-Plugin.Permissions.dll.so" not found
D/Mono    ( 8701): Config attempting to parse: 'Plugin.Permissions.dll.config'.
D/Mono    ( 8701): Config attempting to parse: '/Users/builder/data/lanes/4009/f3074d2c/source/monodroid/builds/install/mono-armv6/etc/mono/assemblies/Plugin.Permissions/Plugin.Permissions.config'.
D/Mono    ( 8701): Image addref Plugin.Permissions.Abstractions[0xb4ae8940] -> Plugin.Permissions.Abstractions.dll[0xb4843e00]: 2
D/Mono    ( 8701): Prepared to set up assembly 'Plugin.Permissions.Abstractions' (Plugin.Permissions.Abstractions.dll)
D/Mono    ( 8701): Assembly Plugin.Permissions.Abstractions[0xb4ae8940] added to domain RootDomain, ref_count=1
D/Mono    ( 8701): AOT module 'Plugin.Permissions.Abstractions.dll.so' not found: dlopen failed: library "/data/app/com.careerbuilder.SugarDrone-1/lib/arm/libaot-Plugin.Permissions.Abstractions.dll.so" not found
D/Mono    ( 8701): AOT module '/Users/builder/data/lanes/4009/f3074d2c/source/monodroid/builds/install/mono-armv6/lib/mono/aot-cache/arm/Plugin.Permissions.Abstractions.dll.so' not found: dlopen failed: library "/data/app/com.careerbuilder.SugarDrone-1/lib/arm/libaot-Plugin.Permissions.Abstractions.dll.so" not found
D/Mono    ( 8701): Config attempting to parse: 'Plugin.Permissions.Abstractions.dll.config'.
D/Mono    ( 8701): Config attempting to parse: '/Users/builder/data/lanes/4009/f3074d2c/source/monodroid/builds/install/mono-armv6/etc/mono/assemblies/Plugin.Permissions.Abstractions/Plugin.Permissions.Abstractions.config'.
D/Mono    ( 8701): Image addref Plugin.Geolocator[0xb4ae89a0] -> Plugin.Geolocator.dll[0xb4844300]: 2
D/Mono    ( 8701): Prepared to set up assembly 'Plugin.Geolocator' (Plugin.Geolocator.dll)
D/Mono    ( 8701): Assembly Plugin.Geolocator[0xb4ae89a0] added to domain RootDomain, ref_count=1
D/Mono    ( 8701): AOT module 'Plugin.Geolocator.dll.so' not found: dlopen failed: library "/data/app/com.careerbuilder.SugarDrone-1/lib/arm/libaot-Plugin.Geolocator.dll.so" not found
D/Mono    ( 8701): AOT module '/Users/builder/data/lanes/4009/f3074d2c/source/monodroid/builds/install/mono-armv6/lib/mono/aot-cache/arm/Plugin.Geolocator.dll.so' not found: dlopen failed: library "/data/app/com.careerbuilder.SugarDrone-1/lib/arm/libaot-Plugin.Geolocator.dll.so" not found
D/Mono    ( 8701): Config attempting to parse: 'Plugin.Geolocator.dll.config'.
D/Mono    ( 8701): Config attempting to parse: '/Users/builder/data/lanes/4009/f3074d2c/source/monodroid/builds/install/mono-armv6/etc/mono/assemblies/Plugin.Geolocator/Plugin.Geolocator.config'.
D/Mono    ( 8701): Image addref Plugin.Geolocator.Abstractions[0xb4ae8a00] -> Plugin.Geolocator.Abstractions.dll[0xb4844800]: 2
D/Mono    ( 8701): Prepared to set up assembly 'Plugin.Geolocator.Abstractions' (Plugin.Geolocator.Abstractions.dll)
D/Mono    ( 8701): Assembly Plugin.Geolocator.Abstractions[0xb4ae8a00] added to domain RootDomain, ref_count=1
D/Mono    ( 8701): AOT module 'Plugin.Geolocator.Abstractions.dll.so' not found: dlopen failed: library "/data/app/com.careerbuilder.SugarDrone-1/lib/arm/libaot-Plugin.Geolocator.Abstractions.dll.so" not found
D/Mono    ( 8701): AOT module '/Users/builder/data/lanes/4009/f3074d2c/source/monodroid/builds/install/mono-armv6/lib/mono/aot-cache/arm/Plugin.Geolocator.Abstractions.dll.so' not found: dlopen failed: library "/data/app/com.careerbuilder.SugarDrone-1/lib/arm/libaot-Plugin.Geolocator.Abstractions.dll.so" not found
D/Mono    ( 8701): Config attempting to parse: 'Plugin.Geolocator.Abstractions.dll.config'.
D/Mono    ( 8701): Config attempting to parse: '/Users/builder/data/lanes/4009/f3074d2c/source/monodroid/builds/install/mono-armv6/etc/mono/assemblies/Plugin.Geolocator.Abstractions/Plugin.Geolocator.Abstractions.config'.
D/Mono    ( 8701): Image addref Plugin.DeviceInfo[0xb4ae8a60] -> Plugin.DeviceInfo.dll[0xb4844d00]: 2
D/Mono    ( 8701): Prepared to set up assembly 'Plugin.DeviceInfo' (Plugin.DeviceInfo.dll)
D/Mono    ( 8701): Assembly Plugin.DeviceInfo[0xb4ae8a60] added to domain RootDomain, ref_count=1
D/Mono    ( 8701): AOT module 'Plugin.DeviceInfo.dll.so' not found: dlopen failed: library "/data/app/com.careerbuilder.SugarDrone-1/lib/arm/libaot-Plugin.DeviceInfo.dll.so" not found
D/Mono    ( 8701): AOT module '/Users/builder/data/lanes/4009/f3074d2c/source/monodroid/builds/install/mono-armv6/lib/mono/aot-cache/arm/Plugin.DeviceInfo.dll.so' not found: dlopen failed: library "/data/app/com.careerbuilder.SugarDrone-1/lib/arm/libaot-Plugin.DeviceInfo.dll.so" not found
D/Mono    ( 8701): Config attempting to parse: 'Plugin.DeviceInfo.dll.config'.
D/Mono    ( 8701): Config attempting to parse: '/Users/builder/data/lanes/4009/f3074d2c/source/monodroid/builds/install/mono-armv6/etc/mono/assemblies/Plugin.DeviceInfo/Plugin.DeviceInfo.config'.
D/Mono    ( 8701): Image addref Plugin.DeviceInfo.Abstractions[0xb4ae8ac0] -> Plugin.DeviceInfo.Abstractions.dll[0xb4845200]: 2
D/Mono    ( 8701): Prepared to set up assembly 'Plugin.DeviceInfo.Abstractions' (Plugin.DeviceInfo.Abstractions.dll)
D/Mono    ( 8701): Assembly Plugin.DeviceInfo.Abstractions[0xb4ae8ac0] added to domain RootDomain, ref_count=1
D/Mono    ( 8701): AOT module 'Plugin.DeviceInfo.Abstractions.dll.so' not found: dlopen failed: library "/data/app/com.careerbuilder.SugarDrone-1/lib/arm/libaot-Plugin.DeviceInfo.Abstractions.dll.so" not found
D/Mono    ( 8701): AOT module '/Users/builder/data/lanes/4009/f3074d2c/source/monodroid/builds/install/mono-armv6/lib/mono/aot-cache/arm/Plugin.DeviceInfo.Abstractions.dll.so' not found: dlopen failed: library "/data/app/com.careerbuilder.SugarDrone-1/lib/arm/libaot-Plugin.DeviceInfo.Abstractions.dll.so" not found
D/Mono    ( 8701): Config attempting to parse: 'Plugin.DeviceInfo.Abstractions.dll.config'.
D/Mono    ( 8701): Config attempting to parse: '/Users/builder/data/lanes/4009/f3074d2c/source/monodroid/builds/install/mono-armv6/etc/mono/assemblies/Plugin.DeviceInfo.Abstractions/Plugin.DeviceInfo.Abstractions.config'.
D/Mono    ( 8701): Image addref Xamarin.GooglePlayServices.Analytics[0xb4ae8b20] -> Xamarin.GooglePlayServices.Analytics.dll[0xb4845700]: 2
D/Mono    ( 8701): Prepared to set up assembly 'Xamarin.GooglePlayServices.Analytics' (Xamarin.GooglePlayServices.Analytics.dll)
D/Mono    ( 8701): Assembly Xamarin.GooglePlayServices.Analytics[0xb4ae8b20] added to domain RootDomain, ref_count=1
