<![CDATA[D/Finsky  ( 6149): [1] 5.onFinished: Installation state replication succeeded.

]]><xtc-scenario name="[0-1095]CareerBuilder_Search.DroidFeatureTests.JobResultsPageTests.CBApplyShowsAndQuickApplyDoesNotShowsWhenCBApplyAndNotQuickAppliable" id="[0-1095]CareerBuilder_Search.DroidFeatureTests.JobResultsPageTests.CBApplyShowsAndQuickApplyDoesNotShowsWhenCBApplyAndNotQuickAppliable"><![CDATA[
E/WifiStateMachine(  819): WifiStateMachine CMD_START_SCAN source -2 txSuccessRate=0.01 rxSuccessRate=0.01 targetRoamBSSID=any RSSI=-51
E/WifiStateMachine(  819): WifiStateMachine starting scan for "xtc-ag"WPA_PSK with 5240,2412,2437,5200,5180

]]><xtc-step name="[0-1095]CareerBuilder_Search.DroidFeatureTests.JobResultsPageTests.CBApplyShowsAndQuickApplyDoesNotShowsWhenCBApplyAndNotQuickAppliable-CBApplyShowsAndQuickApplyDoesNotShowsWhenCBApplyAndNotQuickAppliable" id="[0-1095]CareerBuilder_Search.DroidFeatureTests.JobResultsPageTests.CBApplyShowsAndQuickApplyDoesNotShowsWhenCBApplyAndNotQuickAppliable-CBApplyShowsAndQuickApplyDoesNotShowsWhenCBApplyAndNotQuickAppliable"><![CDATA[
D/AndroidRuntime( 6819): >>>>>> START com.android.internal.os.RuntimeInit uid 2000 <<<<<<
D/AndroidRuntime( 6819): CheckJNI is OFF
D/AndroidRuntime( 6819): Calling main entry com.android.commands.pm.Pm
I/art     ( 6819): System.exit called, status: 0
I/AndroidRuntime( 6819): VM exiting with result code 0.
D/AndroidRuntime( 6941): >>>>>> START com.android.internal.os.RuntimeInit uid 2000 <<<<<<
D/AndroidRuntime( 6941): CheckJNI is OFF
D/AndroidRuntime( 6941): Calling main entry com.android.commands.am.Am
W/ActivityManager(  819): Invalid packageName: com.careerbuilder.SugarDrone
D/AndroidRuntime( 6941): Shutting down VM
E/WifiStateMachine(  819): WifiStateMachine CMD_START_SCAN source -2 txSuccessRate=0.31 rxSuccessRate=0.31 targetRoamBSSID=any RSSI=-51
I/VacuumService( 2097): Vacuum at: now=1489602385543 tag=VacuumService
W/ip      ( 7454): type=1400 audit(0.0:18): avc: denied { search } for name="net" dev="dm-0" ino=1081351 scontext=u:r:shell:s0 tcontext=u:object_r:net_data_file:s0 tclass=dir permissive=0
E/WifiStateMachine(  819): WifiStateMachine CMD_START_SCAN source -2 txSuccessRate=0.00 rxSuccessRate=0.00 targetRoamBSSID=any RSSI=-51
E/WifiStateMachine(  819): WifiStateMachine starting scan for "xtc-ag"WPA_PSK with 5240,2412,2437,5200,5180
D/AndroidRuntime( 7572): >>>>>> START com.android.internal.os.RuntimeInit uid 2000 <<<<<<
D/AndroidRuntime( 7572): CheckJNI is OFF
D/AndroidRuntime( 7572): Calling main entry com.android.commands.pm.Pm
D/DefContainer( 6335): Copying /data/local/tmp/0000001126 to base.apk
D/PackageManager(  819): Renaming /data/app/vmdl588125719.tmp to /data/app/com.careerbuilder.SugarDrone-1
I/PackageManager(  819): Running dexopt on: /data/app/com.careerbuilder.SugarDrone-1/base.apk pkg=com.careerbuilder.SugarDrone isa=arm vmSafeMode=false
I/dex2oat ( 7630): /system/bin/dex2oat --zip-fd=6 --zip-location=/data/app/com.careerbuilder.SugarDrone-1/base.apk --oat-fd=7 --oat-location=/data/dalvik-cache/arm/data@app@com.careerbuilder.SugarDrone-1@base.apk@classes.dex --instruction-set=arm --instruction-set-features=div --runtime-arg -Xms64m --runtime-arg -Xmx512m --swap-fd=8
I/dex2oat ( 7630): Decided to run without swap.
W/dex2oat ( 7630): Before Android 4.1, method android.graphics.PorterDuffColorFilter android.support.graphics.drawable.VectorDrawableCompat.updateTintFilter(android.graphics.PorterDuffColorFilter, android.content.res.ColorStateList, android.graphics.PorterDuff$Mode) would have incorrectly overridden the package-private method in android.graphics.drawable.Drawable
W/dex2oat ( 7630): Before Android 4.1, method int android.support.v7.widget.ListViewCompat.lookForSelectablePosition(int, boolean) would have incorrectly overridden the package-private method in android.widget.ListView
I/ThermalEngine(  368): ACTION: GPU - Setting GPU[0] to 500000000
I/ThermalEngine(  368): Mitigation:GPU[0]:500000000 Hz
I/ThermalEngine(  368): ACTION: CPU - Setting CPU[0] to 2572800
I/ThermalEngine(  368): ACTION: CPU - Setting CPU[1] to 2572800
I/ThermalEngine(  368): ACTION: CPU - Setting CPU[2] to 2572800
I/ThermalEngine(  368): ACTION: CPU - Setting CPU[3] to 2572800
W/dex2oat ( 7630): Verification of java.lang.Boolean net.hockeyapp.android.FeedbackManager$2.doInBackground(java.io.File[]) took 143.794ms
W/dex2oat ( 7630): Verification of void net.hockeyapp.android.PaintActivity.makeResult() took 179.850ms
I/ThermalEngine(  368): ACTION: CPU - Setting CPU[0] to 2496000
I/ThermalEngine(  368): ACTION: CPU - Setting CPU[1] to 2496000
I/ThermalEngine(  368): ACTION: CPU - Setting CPU[2] to 2496000
I/ThermalEngine(  368): ACTION: CPU - Setting CPU[3] to 2496000
I/ThermalEngine(  368): ACTION: CPU - Setting CPU[0] to 2572800
I/ThermalEngine(  368): ACTION: CPU - Setting CPU[1] to 2572800
I/ThermalEngine(  368): ACTION: CPU - Setting CPU[2] to 2572800
I/ThermalEngine(  368): ACTION: CPU - Setting CPU[3] to 2572800
I/ThermalEngine(  368): ACTION: CPU - Setting CPU[0] to 2496000
I/ThermalEngine(  368): ACTION: CPU - Setting CPU[1] to 2496000
I/ThermalEngine(  368): ACTION: CPU - Setting CPU[2] to 2496000
I/ThermalEngine(  368): ACTION: CPU - Setting CPU[3] to 2496000
I/ThermalEngine(  368): ACTION: CPU - Setting CPU[0] to 2572800
I/ThermalEngine(  368): ACTION: CPU - Setting CPU[1] to 2572800
I/ThermalEngine(  368): ACTION: CPU - Setting CPU[2] to 2572800
I/ThermalEngine(  368): ACTION: CPU - Setting CPU[3] to 2572800
I/kickstart(  866): STATUS: SAHARA_HELLO: hw_info = 0x01030710, pwrup_reason = 0x00004000
I/kickstart(  866): STATUS: Wrote to /sys/power/wake_lock
I/ThermalEngine(  368): ACTION: CPU - Setting CPU[0] to 2496000
I/ThermalEngine(  368): ACTION: CPU - Setting CPU[1] to 2496000
I/ThermalEngine(  368): ACTION: CPU - Setting CPU[2] to 2496000
I/ThermalEngine(  368): ACTION: CPU - Setting CPU[3] to 2496000
E/kickstart(  866): ERROR: function: open_file:195 filename = /dev/block/platform/msm_sdcc.1/by-name/mdm1m9kefs1
I/kickstart(  866): STATUS: Opening file '/dev/block/platform/msm_sdcc.1/by-name/mdm1m9kefs1' for writing
I/ThermalEngine(  368): ACTION: CPU - Setting CPU[0] to 2457600
I/ThermalEngine(  368): ACTION: CPU - Setting CPU[1] to 2457600
I/ThermalEngine(  368): ACTION: CPU - Setting CPU[2] to 2457600
I/ThermalEngine(  368): ACTION: CPU - Setting CPU[3] to 2457600
I/ThermalEngine(  368): ACTION: CPU - Setting CPU[0] to 2265600
I/ThermalEngine(  368): ACTION: CPU - Setting CPU[1] to 2265600
I/ThermalEngine(  368): ACTION: CPU - Setting CPU[2] to 2265600
I/ThermalEngine(  368): ACTION: CPU - Setting CPU[3] to 2265600
I/ThermalEngine(  368): ACTION: CPU - Setting CPU[0] to 2457600
I/ThermalEngine(  368): ACTION: CPU - Setting CPU[1] to 2457600
I/ThermalEngine(  368): ACTION: CPU - Setting CPU[2] to 2457600
I/ThermalEngine(  368): ACTION: CPU - Setting CPU[3] to 2457600
I/ThermalEngine(  368): ACTION: CPU - Setting CPU[0] to 2496000
I/ThermalEngine(  368): ACTION: CPU - Setting CPU[1] to 2496000
I/ThermalEngine(  368): ACTION: CPU - Setting CPU[2] to 2496000
I/ThermalEngine(  368): ACTION: CPU - Setting CPU[3] to 2496000
I/ThermalEngine(  368): ACTION: CPU - Setting CPU[0] to 2572800
I/ThermalEngine(  368): ACTION: CPU - Setting CPU[1] to 2572800
I/ThermalEngine(  368): ACTION: CPU - Setting CPU[2] to 2572800
I/ThermalEngine(  368): ACTION: CPU - Setting CPU[3] to 2572800
I/ThermalEngine(  368): ACTION: CPU - Setting CPU[0] to 2496000
I/ThermalEngine(  368): ACTION: CPU - Setting CPU[1] to 2496000
I/ThermalEngine(  368): ACTION: CPU - Setting CPU[2] to 2496000
I/ThermalEngine(  368): ACTION: CPU - Setting CPU[3] to 2496000
I/ThermalEngine(  368): ACTION: CPU - Setting CPU[0] to 2457600
I/ThermalEngine(  368): ACTION: CPU - Setting CPU[1] to 2457600
I/ThermalEngine(  368): ACTION: CPU - Setting CPU[2] to 2457600
I/ThermalEngine(  368): ACTION: CPU - Setting CPU[3] to 2457600
I/ThermalEngine(  368): ACTION: CPU - Setting CPU[0] to 2496000
I/ThermalEngine(  368): ACTION: CPU - Setting CPU[1] to 2496000
I/ThermalEngine(  368): ACTION: CPU - Setting CPU[2] to 2496000
I/ThermalEngine(  368): ACTION: CPU - Setting CPU[3] to 2496000
I/ThermalEngine(  368): ACTION: CPU - Setting CPU[0] to 2457600
I/ThermalEngine(  368): ACTION: CPU - Setting CPU[1] to 2457600
I/ThermalEngine(  368): ACTION: CPU - Setting CPU[2] to 2457600
I/ThermalEngine(  368): ACTION: CPU - Setting CPU[3] to 2457600
I/ThermalEngine(  368): ACTION: CPU - Setting CPU[0] to 2265600
I/ThermalEngine(  368): ACTION: CPU - Setting CPU[1] to 2265600
I/ThermalEngine(  368): ACTION: CPU - Setting CPU[2] to 2265600
I/ThermalEngine(  368): ACTION: CPU - Setting CPU[3] to 2265600
I/ThermalEngine(  368): ACTION: CPU - Setting CPU[0] to 2457600
I/ThermalEngine(  368): ACTION: CPU - Setting CPU[1] to 2457600
I/ThermalEngine(  368): ACTION: CPU - Setting CPU[2] to 2457600
I/ThermalEngine(  368): ACTION: CPU - Setting CPU[3] to 2457600
I/ThermalEngine(  368): ACTION: GPU - Setting GPU[0] to 389000000
I/ThermalEngine(  368): Mitigation:GPU[0]:389000000 Hz
I/ThermalEngine(  368): ACTION: CPU - Setting CPU[0] to 2265600
I/ThermalEngine(  368): ACTION: CPU - Setting CPU[1] to 2265600
I/ThermalEngine(  368): ACTION: CPU - Setting CPU[2] to 2265600
I/ThermalEngine(  368): ACTION: CPU - Setting CPU[3] to 2265600
I/ThermalEngine(  368): ACTION: CPU - Setting CPU[0] to 2457600
I/ThermalEngine(  368): ACTION: CPU - Setting CPU[1] to 2457600
I/ThermalEngine(  368): ACTION: CPU - Setting CPU[2] to 2457600
I/ThermalEngine(  368): ACTION: CPU - Setting CPU[3] to 2457600
I/ThermalEngine(  368): ACTION: CPU - Setting CPU[0] to 2265600
I/ThermalEngine(  368): ACTION: CPU - Setting CPU[1] to 2265600
I/ThermalEngine(  368): ACTION: CPU - Setting CPU[2] to 2265600
I/ThermalEngine(  368): ACTION: CPU - Setting CPU[3] to 2265600
I/ThermalEngine(  368): ACTION: CPU - Setting CPU[0] to 1958400
I/ThermalEngine(  368): ACTION: CPU - Setting CPU[1] to 1958400
I/ThermalEngine(  368): ACTION: CPU - Setting CPU[2] to 1958400
I/ThermalEngine(  368): ACTION: CPU - Setting CPU[3] to 1958400
I/kickstart(  866): STATUS: Received file 'm9kefs1'
I/kickstart(  866): STATUS: 950272 bytes transferred in 0.961704 seconds
I/kickstart(  866): STATUS: Successfully downloaded files from target 
I/kickstart(  866): STATUS: Wrote to /sys/power/wake_unlock
I/kickstart(  866): STATUS: Sahara protocol completed
I/ThermalEngine(  368): ACTION: CPU - Setting CPU[0] to 2265600
I/ThermalEngine(  368): ACTION: CPU - Setting CPU[1] to 2265600
I/ThermalEngine(  368): ACTION: CPU - Setting CPU[2] to 2265600
I/ThermalEngine(  368): ACTION: CPU - Setting CPU[3] to 2265600
I/ThermalEngine(  368): ACTION: CPU - Setting CPU[0] to 2457600
I/ThermalEngine(  368): ACTION: CPU - Setting CPU[1] to 2457600
I/ThermalEngine(  368): ACTION: CPU - Setting CPU[2] to 2457600
I/ThermalEngine(  368): ACTION: CPU - Setting CPU[3] to 2457600
I/ThermalEngine(  368): ACTION: CPU - Setting CPU[0] to 2496000
I/ThermalEngine(  368): ACTION: CPU - Setting CPU[1] to 2496000
I/ThermalEngine(  368): ACTION: CPU - Setting CPU[2] to 2496000
I/ThermalEngine(  368): ACTION: CPU - Setting CPU[3] to 2496000
I/dex2oat ( 7630): dex2oat took 6.209s (threads: 4) arena alloc=315KB java alloc=9MB native alloc=10MB free=9MB
W/PackageManager(  819): Not granting permission android.permission.MANAGE_DOCUMENTS to package com.careerbuilder.SugarDrone (protectionLevel=2 flags=0x8be46)
W/PackageManager(  819): Not granting permission android.permission.MOUNT_UNMOUNT_FILESYSTEMS to package com.careerbuilder.SugarDrone (protectionLevel=18 flags=0x8be46)
V/BackupManagerService(  819): restoreAtInstall pkg=com.careerbuilder.SugarDrone token=6 restoreSet=0
V/BackupManagerService(  819): Finishing install immediately
W/Settings(  819): Setting install_non_market_apps has moved from android.provider.Settings.Global to android.provider.Settings.Secure, returning read-only value.
D/BuaReceiver( 3732): ====== got intent:Intent { act=android.intent.action.PACKAGE_ADDED dat=package:com.careerbuilder.SugarDrone flg=0x4000010 cmp=com.motorola.android.buacontactadapter/.BuaReceiver (has extras) }
W/InputMethodInfo(  819): Duplicated subtype definition found: , voice
I/InputReader(  819): Reconfiguring input devices.  changes=0x00000010
I/art     (  819): WaitForGcToComplete blocked for 61.913ms for cause Explicit
I/UpdateIcingCorporaServi( 2893): Updating corpora: APPS=com.careerbuilder.SugarDrone, CONTACTS=MAYBE
D/BackupManagerService(  819): Received broadcast Intent { act=android.intent.action.PACKAGE_ADDED dat=package:com.careerbuilder.SugarDrone flg=0x4000010 (has extras) }
W/BackupManagerService(  819): Removing schedule queue dupe of com.careerbuilder.SugarDrone
D/Wear_Controller( 1783): Received broadcast action=android.intent.action.PACKAGE_ADDED and uri=com.careerbuilder.SugarDrone
W/IcingInternalCorpora( 1783): getNumBytesRead when not calculated.
I/PeopleContactsSync( 1783): triggerPendingContactsCleanup: no accounts
I/Icing   ( 1783): Usage reports 0 indexed 0 rejected 0 imm upload true
I/ApplicationLogger( 2893): canRun() : Opted Out
I/UpdateIcingCorporaServi( 2893): UpdateCorporaTask done [took 204 ms] updated apps [took 204 ms] 
I/Icing   ( 1783): Usage reports 0 indexed 0 rejected 0 imm upload false
I/art     (  819): Explicit concurrent mark sweep GC freed 26756(1490KB) AllocSpace objects, 4(64KB) LOS objects, 28% free, 39MB/55MB, paused 1.965ms total 328.182ms
I/art     ( 7572): System.exit called, status: 0
I/AndroidRuntime( 7572): VM exiting with result code 0.
I/art     ( 1783): Explicit concurrent mark sweep GC freed 54231(2MB) AllocSpace objects, 17(283KB) LOS objects, 20% free, 31MB/39MB, paused 661us total 112.698ms
I/Icing   ( 1783): Usage reports 0 indexed 0 rejected 0 imm upload false
I/ThermalEngine(  368): ACTION: CPU - Setting CPU[0] to 2457600
I/ThermalEngine(  368): ACTION: CPU - Setting CPU[1] to 2457600
I/ThermalEngine(  368): ACTION: CPU - Setting CPU[2] to 2457600
I/ThermalEngine(  368): ACTION: CPU - Setting CPU[3] to 2457600
I/ThermalEngine(  368): ACTION: CPU - Setting CPU[0] to 2496000
I/ThermalEngine(  368): ACTION: CPU - Setting CPU[1] to 2496000
I/ThermalEngine(  368): ACTION: CPU - Setting CPU[2] to 2496000
I/ThermalEngine(  368): ACTION: CPU - Setting CPU[3] to 2496000
D/AndroidRuntime( 7785): >>>>>> START com.android.internal.os.RuntimeInit uid 2000 <<<<<<
D/AndroidRuntime( 7785): CheckJNI is OFF
I/ThermalEngine(  368): ACTION: CPU - Setting CPU[0] to 2457600
I/ThermalEngine(  368): ACTION: CPU - Setting CPU[1] to 2457600
I/ThermalEngine(  368): ACTION: CPU - Setting CPU[2] to 2457600
I/ThermalEngine(  368): ACTION: CPU - Setting CPU[3] to 2457600
D/AndroidRuntime( 7785): Calling main entry com.android.commands.settings.SettingsCmd
D/AndroidRuntime( 7785): Shutting down VM
I/ThermalEngine(  368): ACTION: CPU - Setting CPU[0] to 2265600
I/ThermalEngine(  368): ACTION: CPU - Setting CPU[1] to 2265600
I/ThermalEngine(  368): ACTION: CPU - Setting CPU[2] to 2265600
I/ThermalEngine(  368): ACTION: CPU - Setting CPU[3] to 2265600
I/ThermalEngine(  368): ACTION: CPU - Setting CPU[0] to 2457600
I/ThermalEngine(  368): ACTION: CPU - Setting CPU[1] to 2457600
I/ThermalEngine(  368): ACTION: CPU - Setting CPU[2] to 2457600
I/ThermalEngine(  368): ACTION: CPU - Setting CPU[3] to 2457600
I/ThermalEngine(  368): ACTION: CPU - Setting CPU[0] to 2496000
I/ThermalEngine(  368): ACTION: CPU - Setting CPU[1] to 2496000
I/ThermalEngine(  368): ACTION: CPU - Setting CPU[2] to 2496000
I/ThermalEngine(  368): ACTION: CPU - Setting CPU[3] to 2496000
I/Icing   ( 1783): Indexing 56E614FFD07397CEEEC22860F95918E03DDAFFD2 from com.google.android.googlequicksearchbox
I/Icing   ( 1783): Indexing done 56E614FFD07397CEEEC22860F95918E03DDAFFD2
D/AndroidRuntime( 7808): >>>>>> START com.android.internal.os.RuntimeInit uid 2000 <<<<<<
D/AndroidRuntime( 7808): CheckJNI is OFF
D/AndroidRuntime( 7808): Calling main entry com.android.commands.settings.SettingsCmd
D/AndroidRuntime( 7808): Shutting down VM
I/Icing   ( 1783): Indexing C3ED5E34441E152030641DF67E074CC76FEEF1FB from com.google.android.gms
I/Icing   ( 1783): Indexing done C3ED5E34441E152030641DF67E074CC76FEEF1FB
D/AndroidRuntime( 7836): >>>>>> START com.android.internal.os.RuntimeInit uid 2000 <<<<<<
D/AndroidRuntime( 7836): CheckJNI is OFF
I/ThermalEngine(  368): ACTION: GPU - Setting GPU[0] to 300000000
I/ThermalEngine(  368): Mitigation:GPU[0]:300000000 Hz
I/ThermalEngine(  368): ACTION: CPU - Setting CPU[0] to 2457600
I/ThermalEngine(  368): ACTION: CPU - Setting CPU[1] to 2457600
I/ThermalEngine(  368): ACTION: CPU - Setting CPU[2] to 2457600
I/ThermalEngine(  368): ACTION: CPU - Setting CPU[3] to 2457600
D/AndroidRuntime( 7836): Calling main entry com.android.commands.settings.SettingsCmd
D/AndroidRuntime( 7836): Shutting down VM
D/AndroidRuntime( 7862): >>>>>> START com.android.internal.os.RuntimeInit uid 2000 <<<<<<
D/AndroidRuntime( 7862): CheckJNI is OFF
D/AndroidRuntime( 7862): Calling main entry com.android.commands.settings.SettingsCmd
D/AndroidRuntime( 7862): Shutting down VM
D/AndroidRuntime( 7886): >>>>>> START com.android.internal.os.RuntimeInit uid 2000 <<<<<<
D/AndroidRuntime( 7886): CheckJNI is OFF
D/AndroidRuntime( 7886): Calling main entry com.android.commands.settings.SettingsCmd
D/AndroidRuntime( 7886): Shutting down VM
D/AndroidRuntime( 7912): >>>>>> START com.android.internal.os.RuntimeInit uid 2000 <<<<<<
D/AndroidRuntime( 7912): CheckJNI is OFF
D/AndroidRuntime( 7912): Calling main entry com.android.commands.pm.Pm
I/art     ( 7912): System.exit called, status: 0
I/AndroidRuntime( 7912): VM exiting with result code 0.
I/ThermalEngine(  368): ACTION: CPU - Setting CPU[0] to 2265600
I/ThermalEngine(  368): ACTION: CPU - Setting CPU[1] to 2265600
I/ThermalEngine(  368): ACTION: CPU - Setting CPU[2] to 2265600
I/ThermalEngine(  368): ACTION: CPU - Setting CPU[3] to 2265600
D/AndroidRuntime( 7969): >>>>>> START com.android.internal.os.RuntimeInit uid 2000 <<<<<<
D/AndroidRuntime( 7969): CheckJNI is OFF
D/AndroidRuntime( 7969): Calling main entry com.android.commands.pm.Pm
I/art     ( 7969): System.exit called, status: 0
I/AndroidRuntime( 7969): VM exiting with result code 0.
E/WifiStateMachine(  819): WifiStateMachine CMD_START_SCAN source -2 txSuccessRate=0.00 rxSuccessRate=0.00 targetRoamBSSID=any RSSI=-51
E/WifiStateMachine(  819): WifiStateMachine starting scan for "xtc-ag"WPA_PSK with 5240,2412,2437,5200,5180
D/AndroidRuntime( 8046): >>>>>> START com.android.internal.os.RuntimeInit uid 2000 <<<<<<
D/AndroidRuntime( 8046): CheckJNI is OFF
I/ThermalEngine(  368): ACTION: CPU - Setting CPU[0] to 1958400
I/ThermalEngine(  368): ACTION: CPU - Setting CPU[1] to 1958400
I/ThermalEngine(  368): ACTION: CPU - Setting CPU[2] to 1958400
I/ThermalEngine(  368): ACTION: CPU - Setting CPU[3] to 1958400
D/AndroidRuntime( 8046): Calling main entry com.android.commands.am.Am
W/ActivityManager(  819): Invalid packageName: com.careerbuilder.SugarDrone.test
D/AndroidRuntime( 8046): Shutting down VM
D/AndroidRuntime( 8081): >>>>>> START com.android.internal.os.RuntimeInit uid 2000 <<<<<<
D/AndroidRuntime( 8081): CheckJNI is OFF
D/AndroidRuntime( 8081): Calling main entry com.android.commands.pm.Pm
D/DefContainer( 6335): Copying /data/local/tmp/0000001127 to base.apk
D/PackageManager(  819): Renaming /data/app/vmdl623435650.tmp to /data/app/com.careerbuilder.SugarDrone.test-1
I/PackageManager(  819): Running dexopt on: /data/app/com.careerbuilder.SugarDrone.test-1/base.apk pkg=com.careerbuilder.SugarDrone.test isa=arm vmSafeMode=false
I/dex2oat ( 8105): /system/bin/dex2oat --zip-fd=6 --zip-location=/data/app/com.careerbuilder.SugarDrone.test-1/base.apk --oat-fd=7 --oat-location=/data/dalvik-cache/arm/data@app@com.careerbuilder.SugarDrone.test-1@base.apk@classes.dex --instruction-set=arm --instruction-set-features=div --runtime-arg -Xms64m --runtime-arg -Xmx512m --swap-fd=8
I/dex2oat ( 8105): Decided to run without swap.
I/ThermalEngine(  368): ACTION: CPU - Setting CPU[0] to 1728000
I/ThermalEngine(  368): ACTION: CPU - Setting CPU[1] to 1728000
I/ThermalEngine(  368): ACTION: CPU - Setting CPU[2] to 1728000
I/ThermalEngine(  368): ACTION: CPU - Setting CPU[3] to 1728000
I/dex2oat ( 8105): dex2oat took 2.141s (threads: 4) arena alloc=1343KB java alloc=1951KB native alloc=6MB free=9MB
V/BackupManagerService(  819): restoreAtInstall pkg=com.careerbuilder.SugarDrone.test token=7 restoreSet=0
V/BackupManagerService(  819): Finishing install immediately
W/Settings(  819): Setting install_non_market_apps has moved from android.provider.Settings.Global to android.provider.Settings.Secure, returning read-only value.
D/BuaReceiver( 3732): ====== got intent:Intent { act=android.intent.action.PACKAGE_ADDED dat=package:com.careerbuilder.SugarDrone.test flg=0x4000010 cmp=com.motorola.android.buacontactadapter/.BuaReceiver (has extras) }
W/InputMethodInfo(  819): Duplicated subtype definition found: , voice
I/InputReader(  819): Reconfiguring input devices.  changes=0x00000010
D/BackupManagerService(  819): Received broadcast Intent { act=android.intent.action.PACKAGE_ADDED dat=package:com.careerbuilder.SugarDrone.test flg=0x4000010 (has extras) }
W/BackupManagerService(  819): Removing schedule queue dupe of com.careerbuilder.SugarDrone.test
I/UpdateIcingCorporaServi( 2893): Updating corpora: APPS=com.careerbuilder.SugarDrone.test, CONTACTS=MAYBE
I/ApplicationLogger( 2893): canRun() : Opted Out
I/UpdateIcingCorporaServi( 2893): UpdateCorporaTask done [took 34 ms] updated apps [took 34 ms] 
D/Wear_Controller( 1783): Received broadcast action=android.intent.action.PACKAGE_ADDED and uri=com.careerbuilder.SugarDrone.test
I/PeopleContactsSync( 1783): triggerPendingContactsCleanup: no accounts
W/IcingInternalCorpora( 1783): getNumBytesRead when not calculated.
I/Icing   ( 1783): Usage reports 0 indexed 0 rejected 0 imm upload false
I/Icing   ( 1783): Usage reports 0 indexed 0 rejected 0 imm upload false
I/art     (  819): Explicit concurrent mark sweep GC freed 101873(5MB) AllocSpace objects, 32(4MB) LOS objects, 30% free, 35MB/51MB, paused 3.923ms total 317.176ms
I/art     ( 8081): System.exit called, status: 0
I/AndroidRuntime( 8081): VM exiting with result code 0.
D/AndroidRuntime( 8186): >>>>>> START com.android.internal.os.RuntimeInit uid 2000 <<<<<<
D/AndroidRuntime( 8186): CheckJNI is OFF
D/AndroidRuntime( 8186): Calling main entry com.android.commands.settings.SettingsCmd
D/AndroidRuntime( 8186): Shutting down VM
I/Icing   ( 1783): Indexing C3ED5E34441E152030641DF67E074CC76FEEF1FB from com.google.android.gms
I/Icing   ( 1783): Indexing done C3ED5E34441E152030641DF67E074CC76FEEF1FB
D/AndroidRuntime( 8210): >>>>>> START com.android.internal.os.RuntimeInit uid 2000 <<<<<<
D/AndroidRuntime( 8210): CheckJNI is OFF
D/AndroidRuntime( 8210): Calling main entry com.android.commands.settings.SettingsCmd
D/AndroidRuntime( 8210): Shutting down VM
D/AndroidRuntime( 8238): >>>>>> START com.android.internal.os.RuntimeInit uid 2000 <<<<<<
D/AndroidRuntime( 8238): CheckJNI is OFF
D/AndroidRuntime( 8238): Calling main entry com.android.commands.settings.SettingsCmd
D/AndroidRuntime( 8238): Shutting down VM
I/ThermalEngine(  368): ACTION: CPU - Setting CPU[0] to 1574400
I/ThermalEngine(  368): ACTION: CPU - Setting CPU[1] to 1574400
I/ThermalEngine(  368): ACTION: CPU - Setting CPU[2] to 1574400
I/ThermalEngine(  368): ACTION: CPU - Setting CPU[3] to 1574400
D/AndroidRuntime( 8266): >>>>>> START com.android.internal.os.RuntimeInit uid 2000 <<<<<<
D/AndroidRuntime( 8266): CheckJNI is OFF
D/AndroidRuntime( 8266): Calling main entry com.android.commands.settings.SettingsCmd
D/AndroidRuntime( 8266): Shutting down VM
D/AndroidRuntime( 8288): >>>>>> START com.android.internal.os.RuntimeInit uid 2000 <<<<<<
D/AndroidRuntime( 8288): CheckJNI is OFF
D/AndroidRuntime( 8288): Calling main entry com.android.commands.settings.SettingsCmd
D/AndroidRuntime( 8288): Shutting down VM
D/AndroidRuntime( 8311): >>>>>> START com.android.internal.os.RuntimeInit uid 2000 <<<<<<
D/AndroidRuntime( 8311): CheckJNI is OFF
D/AndroidRuntime( 8311): Calling main entry com.android.commands.pm.Pm
I/art     ( 8311): System.exit called, status: 0
I/AndroidRuntime( 8311): VM exiting with result code 0.
I/ThermalEngine(  368): ACTION: CPU - Setting CPU[0] to 1497600
I/ThermalEngine(  368): ACTION: CPU - Setting CPU[1] to 1497600
I/ThermalEngine(  368): ACTION: CPU - Setting CPU[2] to 1497600
I/ThermalEngine(  368): ACTION: CPU - Setting CPU[3] to 1497600
D/AndroidRuntime( 8363): >>>>>> START com.android.internal.os.RuntimeInit uid 2000 <<<<<<
D/AndroidRuntime( 8363): CheckJNI is OFF
D/AndroidRuntime( 8363): Calling main entry com.android.commands.pm.Pm
I/art     ( 8363): System.exit called, status: 0
I/AndroidRuntime( 8363): VM exiting with result code 0.
I/ThermalEngine(  368): ACTION: GPU - Setting GPU[0] to 389000000
I/ThermalEngine(  368): Mitigation:GPU[0]:389000000 Hz
I/ThermalEngine(  368): ACTION: CPU - Setting CPU[0] to 1574400
I/ThermalEngine(  368): ACTION: CPU - Setting CPU[1] to 1574400
I/ThermalEngine(  368): ACTION: CPU - Setting CPU[2] to 1574400
I/ThermalEngine(  368): ACTION: CPU - Setting CPU[3] to 1574400
D/AndroidRuntime( 8427): >>>>>> START com.android.internal.os.RuntimeInit uid 2000 <<<<<<
D/AndroidRuntime( 8427): CheckJNI is OFF
D/AndroidRuntime( 8427): Calling main entry com.android.commands.input.Input
I/Input   ( 8427): injectKeyEvent: KeyEvent { action=ACTION_DOWN, keyCode=KEYCODE_BACK, scanCode=0, metaState=0, flags=0x0, repeatCount=0, eventTime=226256, downTime=226256, deviceId=-1, source=0x101 }
I/Input   ( 8427): injectKeyEvent: KeyEvent { action=ACTION_UP, keyCode=KEYCODE_BACK, scanCode=0, metaState=0, flags=0x0, repeatCount=0, eventTime=226256, downTime=226256, deviceId=-1, source=0x101 }
D/AndroidRuntime( 8427): Shutting down VM
D/AndroidRuntime( 8476): >>>>>> START com.android.internal.os.RuntimeInit uid 2000 <<<<<<
D/AndroidRuntime( 8476): CheckJNI is OFF
D/AndroidRuntime( 8476): Calling main entry com.android.commands.input.Input
I/Input   ( 8476): injectKeyEvent: KeyEvent { action=ACTION_DOWN, keyCode=KEYCODE_HOME, scanCode=0, metaState=0, flags=0x0, repeatCount=0, eventTime=227847, downTime=227847, deviceId=-1, source=0x101 }
I/Input   ( 8476): injectKeyEvent: KeyEvent { action=ACTION_UP, keyCode=KEYCODE_HOME, scanCode=0, metaState=0, flags=0x0, repeatCount=0, eventTime=227847, downTime=227847, deviceId=-1, source=0x101 }
I/ActivityManager(  819): START u0 {act=android.intent.action.MAIN cat=[android.intent.category.HOME] flg=0x10200000 cmp=com.google.android.googlequicksearchbox/com.google.android.launcher.GEL} from uid 1000 on display 0
D/AndroidRuntime( 8476): Shutting down VM
I/GEL     ( 1371): handleIntent(Intent { act=android.intent.action.MAIN cat=[android.intent.category.HOME] flg=0x10200000 cmp=com.google.android.googlequicksearchbox/com.google.android.launcher.GEL })
I/ThermalEngine(  368): ACTION: GPU - Setting GPU[0] to 500000000
I/ThermalEngine(  368): Mitigation:GPU[0]:500000000 Hz
I/ThermalEngine(  368): ACTION: CPU - Setting CPU[0] to 1728000
I/ThermalEngine(  368): ACTION: CPU - Setting CPU[1] to 1728000
I/ThermalEngine(  368): ACTION: CPU - Setting CPU[2] to 1728000
I/ThermalEngine(  368): ACTION: CPU - Setting CPU[3] to 1728000
D/AndroidRuntime( 8507): >>>>>> START com.android.internal.os.RuntimeInit uid 2000 <<<<<<
D/AndroidRuntime( 8507): CheckJNI is OFF
D/AndroidRuntime( 8507): Calling main entry com.android.commands.input.Input
I/Input   ( 8507): injectKeyEvent: KeyEvent { action=ACTION_DOWN, keyCode=KEYCODE_BACK, scanCode=0, metaState=0, flags=0x0, repeatCount=0, eventTime=228965, downTime=228965, deviceId=-1, source=0x101 }
I/Input   ( 8507): injectKeyEvent: KeyEvent { action=ACTION_UP, keyCode=KEYCODE_BACK, scanCode=0, metaState=0, flags=0x0, repeatCount=0, eventTime=228965, downTime=228965, deviceId=-1, source=0x101 }
D/AndroidRuntime( 8507): Shutting down VM
D/AndroidRuntime( 8537): >>>>>> START com.android.internal.os.RuntimeInit uid 2000 <<<<<<
D/AndroidRuntime( 8537): CheckJNI is OFF
D/AndroidRuntime( 8537): Calling main entry com.android.commands.am.Am
I/ActivityManager(  819): Force stopping com.careerbuilder.SugarDrone appid=12924 user=0: start instr
I/art     ( 8557): Late-enabling -Xcheck:jni
I/ActivityManager(  819): Start proc 8557:com.careerbuilder.SugarDrone/u0a2924 for added application com.careerbuilder.SugarDrone
W/monodroid( 8557): Using override path: /data/data/com.careerbuilder.SugarDrone/files/.__override__
W/monodroid( 8557): Trying to load sgen from: /data/data/com.careerbuilder.SugarDrone/files/.__override__/libmonosgen-2.0.so
W/monodroid( 8557): Trying to load sgen from: /storage/emulated/0/Android/data/com.careerbuilder.SugarDrone/files/.__override__/libmonosgen-2.0.so
W/monodroid( 8557): Trying to load sgen from: /data/app/com.careerbuilder.SugarDrone-1/lib/arm/libmonosgen-2.0.so
D/Mono    ( 8557): Image addref mscorlib[0xb4b26520] -> mscorlib.dll[0xb483e400]: 2
D/Mono    ( 8557): Prepared to set up assembly 'mscorlib' (mscorlib.dll)
D/Mono    ( 8557): AOT module 'mscorlib.dll.so' not found: dlopen failed: library "/data/app/com.careerbuilder.SugarDrone-1/lib/arm/libaot-mscorlib.dll.so" not found
D/Mono    ( 8557): AOT module '/Users/builder/data/lanes/4009/f3074d2c/source/monodroid/builds/install/mono-armv6/lib/mono/aot-cache/arm/mscorlib.dll.so' not found: dlopen failed: library "/data/app/com.careerbuilder.SugarDrone-1/lib/arm/libaot-mscorlib.dll.so" not found
D/Mono    ( 8557): Config attempting to parse: 'mscorlib.dll.config'.
D/Mono    ( 8557): Config attempting to parse: '/Users/builder/data/lanes/4009/f3074d2c/source/monodroid/builds/install/mono-armv6/etc/mono/assemblies/mscorlib/mscorlib.config'.
D/Mono    ( 8557): Assembly mscorlib[0xb4b26520] added to domain RootDomain, ref_count=1
D/Mono    ( 8557): Image addref CareerBuilder_Search.Droid[0xb4b26580] -> CareerBuilder_Search.Droid.dll[0xb483f800]: 2
D/Mono    ( 8557): Prepared to set up assembly 'CareerBuilder_Search.Droid' (CareerBuilder_Search.Droid.dll)
D/Mono    ( 8557): Assembly CareerBuilder_Search.Droid[0xb4b26580] added to domain RootDomain, ref_count=1
D/Mono    ( 8557): AOT module 'CareerBuilder_Search.Droid.dll.so' not found: dlopen failed: library "/data/app/com.careerbuilder.SugarDrone-1/lib/arm/libaot-CareerBuilder_Search.Droid.dll.so" not found
D/Mono    ( 8557): AOT module '/Users/builder/data/lanes/4009/f3074d2c/source/monodroid/builds/install/mono-armv6/lib/mono/aot-cache/arm/CareerBuilder_Search.Droid.dll.so' not found: dlopen failed: library "/data/app/com.careerbuilder.SugarDrone-1/lib/arm/libaot-CareerBuilder_Search.Droid.dll.so" not found
D/Mono    ( 8557): Config attempting to parse: 'CareerBuilder_Search.Droid.dll.config'.
D/Mono    ( 8557): Config attempting to parse: '/Users/builder/data/lanes/4009/f3074d2c/source/monodroid/builds/install/mono-armv6/etc/mono/assemblies/CareerBuilder_Search.Droid/CareerBuilder_Search.Droid.config'.
D/Mono    ( 8557): Image addref AppsFlyerXamarinBindingAndroid[0xb4b265e0] -> AppsFlyerXamarinBindingAndroid.dll[0xb483fd00]: 2
D/Mono    ( 8557): Prepared to set up assembly 'AppsFlyerXamarinBindingAndroid' (AppsFlyerXamarinBindingAndroid.dll)
D/Mono    ( 8557): Assembly AppsFlyerXamarinBindingAndroid[0xb4b265e0] added to domain RootDomain, ref_count=1
D/Mono    ( 8557): AOT module 'AppsFlyerXamarinBindingAndroid.dll.so' not found: dlopen failed: library "/data/app/com.careerbuilder.SugarDrone-1/lib/arm/libaot-AppsFlyerXamarinBindingAndroid.dll.so" not found
D/Mono    ( 8557): AOT module '/Users/builder/data/lanes/4009/f3074d2c/source/monodroid/builds/install/mono-armv6/lib/mono/aot-cache/arm/AppsFlyerXamarinBindingAndroid.dll.so' not found: dlopen failed: library "/data/app/com.careerbuilder.SugarDrone-1/lib/arm/libaot-AppsFlyerXamarinBindingAndroid.dll.so" not found
D/Mono    ( 8557): Config attempting to parse: 'AppsFlyerXamarinBindingAndroid.dll.config'.
D/Mono    ( 8557): Config attempting to parse: '/Users/builder/data/lanes/4009/f3074d2c/source/monodroid/builds/install/mono-armv6/etc/mono/assemblies/AppsFlyerXamarinBindingAndroid/AppsFlyerXamarinBindingAndroid.config'.
D/Mono    ( 8557): Image addref HockeySDK[0xb4b26640] -> HockeySDK.dll[0xb4840200]: 2
D/Mono    ( 8557): Prepared to set up assembly 'HockeySDK' (HockeySDK.dll)
D/Mono    ( 8557): Assembly HockeySDK[0xb4b26640] added to domain RootDomain, ref_count=1
D/Mono    ( 8557): AOT module 'HockeySDK.dll.so' not found: dlopen failed: library "/data/app/com.careerbuilder.SugarDrone-1/lib/arm/libaot-HockeySDK.dll.so" not found
D/Mono    ( 8557): AOT module '/Users/builder/data/lanes/4009/f3074d2c/source/monodroid/builds/install/mono-armv6/lib/mono/aot-cache/arm/HockeySDK.dll.so' not found: dlopen failed: library "/data/app/com.careerbuilder.SugarDrone-1/lib/arm/libaot-HockeySDK.dll.so" not found
D/Mono    ( 8557): Config attempting to parse: 'HockeySDK.dll.config'.
D/Mono    ( 8557): Config attempting to parse: '/Users/builder/data/lanes/4009/f3074d2c/source/monodroid/builds/install/mono-armv6/etc/mono/assemblies/HockeySDK/HockeySDK.config'.
D/Mono    ( 8557): Image addref Akavache[0xb4b266a0] -> Akavache.dll[0xb4840700]: 2
D/Mono    ( 8557): Prepared to set up assembly 'Akavache' (Akavache.dll)
D/Mono    ( 8557): Assembly Akavache[0xb4b266a0] added to domain RootDomain, ref_count=1
D/Mono    ( 8557): AOT module 'Akavache.dll.so' not found: dlopen failed: library "/data/app/com.careerbuilder.SugarDrone-1/lib/arm/libaot-Akavache.dll.so" not found
D/Mono    ( 8557): AOT module '/Users/builder/data/lanes/4009/f3074d2c/source/monodroid/builds/install/mono-armv6/lib/mono/aot-cache/arm/Akavache.dll.so' not found: dlopen failed: library "/data/app/com.careerbuilder.SugarDrone-1/lib/arm/libaot-Akavache.dll.so" not found
D/Mono    ( 8557): Config attempting to parse: 'Akavache.dll.config'.
D/Mono    ( 8557): Config attempting to parse: '/Users/builder/data/lanes/4009/f3074d2c/source/monodroid/builds/install/mono-armv6/etc/mono/assemblies/Akavache/Akavache.config'.
D/Mono    ( 8557): Image addref Akavache.Sqlite3[0xb4b26700] -> Akavache.Sqlite3.dll[0xb4841100]: 2
D/Mono    ( 8557): Prepared to set up assembly 'Akavache.Sqlite3' (Akavache.Sqlite3.dll)
D/Mono    ( 8557): Assembly Akavache.Sqlite3[0xb4b26700] added to domain RootDomain, ref_count=1
D/Mono    ( 8557): AOT module 'Akavache.Sqlite3.dll.so' not found: dlopen failed: library "/data/app/com.careerbuilder.SugarDrone-1/lib/arm/libaot-Akavache.Sqlite3.dll.so" not found
D/Mono    ( 8557): AOT module '/Users/builder/data/lanes/4009/f3074d2c/source/monodroid/builds/install/mono-armv6/lib/mono/aot-cache/arm/Akavache.Sqlite3.dll.so' not found: dlopen failed: library "/data/app/com.careerbuilder.SugarDrone-1/lib/arm/libaot-Akavache.Sqlite3.dll.so" not found
W/        ( 8557): Symbol file LoadedFromMemory doesn't match image Akavache.Sqlite3.dll
D/Mono    ( 8557): Config attempting to parse: 'Akavache.Sqlite3.dll.config'.
D/Mono    ( 8557): Config attempting to parse: '/Users/builder/data/lanes/4009/f3074d2c/source/monodroid/builds/install/mono-armv6/etc/mono/assemblies/Akavache.Sqlite3/Akavache.Sqlite3.config'.
D/Mono    ( 8557): Image addref Splat[0xb4b26760] -> Splat.dll[0xb4841b00]: 2
D/Mono    ( 8557): Prepared to set up assembly 'Splat' (Splat.dll)
D/Mono    ( 8557): Assembly Splat[0xb4b26760] added to domain RootDomain, ref_count=1
D/Mono    ( 8557): AOT module 'Splat.dll.so' not found: dlopen failed: library "/data/app/com.careerbuilder.SugarDrone-1/lib/arm/libaot-Splat.dll.so" not found
D/Mono    ( 8557): AOT module '/Users/builder/data/lanes/4009/f3074d2c/source/monodroid/builds/install/mono-armv6/lib/mono/aot-cache/arm/Splat.dll.so' not found: dlopen failed: library "/data/app/com.careerbuilder.SugarDrone-1/lib/arm/libaot-Splat.dll.so" not found
D/Mono    ( 8557): Config attempting to parse: 'Splat.dll.config'.
D/Mono    ( 8557): Config attempting to parse: '/Users/builder/data/lanes/4009/f3074d2c/source/monodroid/builds/install/mono-armv6/etc/mono/assemblies/Splat/Splat.config'.
D/Mono    ( 8557): Image addref Microsoft.Practices.ServiceLocation[0xb4b267c0] -> Microsoft.Practices.ServiceLocation.dll[0xb4842500]: 2
D/Mono    ( 8557): Prepared to set up assembly 'Microsoft.Practices.ServiceLocation' (Microsoft.Practices.ServiceLocation.dll)
D/Mono    ( 8557): Assembly Microsoft.Practices.ServiceLocation[0xb4b267c0] added to domain RootDomain, ref_count=1
D/Mono    ( 8557): AOT module 'Microsoft.Practices.ServiceLocation.dll.so' not found: dlopen failed: library "/data/app/com.careerbuilder.SugarDrone-1/lib/arm/libaot-Microsoft.Practices.ServiceLocation.dll.so" not found
D/Mono    ( 8557): AOT module '/Users/builder/data/lanes/4009/f3074d2c/source/monodroid/builds/install/mono-armv6/lib/mono/aot-cache/arm/Microsoft.Practices.ServiceLocation.dll.so' not found: dlopen failed: library "/data/app/com.careerbuilder.SugarDrone-1/lib/arm/libaot-Microsoft.Practices.ServiceLocation.dll.so" not found
D/Mono    ( 8557): Config attempting to parse: 'Microsoft.Practices.ServiceLocation.dll.config'.
D/Mono    ( 8557): Config attempting to parse: '/Users/builder/data/lanes/4009/f3074d2c/source/monodroid/builds/install/mono-armv6/etc/mono/assemblies/Microsoft.Practices.ServiceLocation/Microsoft.Practices.ServiceLocation.config'.
D/Mono    ( 8557): Image addref Microsoft.Practices.Unity[0xb4b26820] -> Microsoft.Practices.Unity.dll[0xb4842a00]: 2
D/Mono    ( 8557): Prepared to set up assembly 'Microsoft.Practices.Unity' (Microsoft.Practices.Unity.dll)
D/Mono    ( 8557): Assembly Microsoft.Practices.Unity[0xb4b26820] added to domain RootDomain, ref_count=1
D/Mono    ( 8557): AOT module 'Microsoft.Practices.Unity.dll.so' not found: dlopen failed: library "/data/app/com.careerbuilder.SugarDrone-1/lib/arm/libaot-Microsoft.Practices.Unity.dll.so" not found
D/Mono    ( 8557): AOT module '/Users/builder/data/lanes/4009/f3074d2c/source/monodroid/builds/install/mono-armv6/lib/mono/aot-cache/arm/Microsoft.Practices.Unity.dll.so' not found: dlopen failed: library "/data/app/com.careerbuilder.SugarDrone-1/lib/arm/libaot-Microsoft.Practices.Unity.dll.so" not found
D/Mono    ( 8557): Config attempting to parse: 'Microsoft.Practices.Unity.dll.config'.
D/Mono    ( 8557): Config attempting to parse: '/Users/builder/data/lanes/4009/f3074d2c/source/monodroid/builds/install/mono-armv6/etc/mono/assemblies/Microsoft.Practices.Unity/Microsoft.Practices.Unity.config'.
D/Mono    ( 8557): Image addref Plugin.CurrentActivity[0xb4b26880] -> Plugin.CurrentActivity.dll[0xb4843400]: 2
D/Mono    ( 8557): Prepared to set up assembly 'Plugin.CurrentActivity' (Plugin.CurrentActivity.dll)
D/Mono    ( 8557): Assembly Plugin.CurrentActivity[0xb4b26880] added to domain RootDomain, ref_count=1
D/Mono    ( 8557): AOT module 'Plugin.CurrentActivity.dll.so' not found: dlopen failed: library "/data/app/com.careerbuilder.SugarDrone-1/lib/arm/libaot-Plugin.CurrentActivity.dll.so" not found
D/Mono    ( 8557): AOT module '/Users/builder/data/lanes/4009/f3074d2c/source/monodroid/builds/install/mono-armv6/lib/mono/aot-cache/arm/Plugin.CurrentActivity.dll.so' not found: dlopen failed: library "/data/app/com.careerbuilder.SugarDrone-1/lib/arm/libaot-Plugin.CurrentActivity.dll.so" not found
D/Mono    ( 8557): Config attempting to parse: 'Plugin.CurrentActivity.dll.config'.
D/Mono    ( 8557): Config attempting to parse: '/Users/builder/data/lanes/4009/f3074d2c/source/monodroid/builds/install/mono-armv6/etc/mono/assemblies/Plugin.CurrentActivity/Plugin.CurrentActivity.config'.
D/Mono    ( 8557): Image addref Plugin.Permissions[0xb4b268e0] -> Plugin.Permissions.dll[0xb4843900]: 2
D/Mono    ( 8557): Prepared to set up assembly 'Plugin.Permissions' (Plugin.Permissions.dll)
D/Mono    ( 8557): Assembly Plugin.Permissions[0xb4b268e0] added to domain RootDomain, ref_count=1
D/Mono    ( 8557): AOT module 'Plugin.Permissions.dll.so' not found: dlopen failed: library "/data/app/com.careerbuilder.SugarDrone-1/lib/arm/libaot-Plugin.Permissions.dll.so" not found
D/Mono    ( 8557): AOT module '/Users/builder/data/lanes/4009/f3074d2c/source/monodroid/builds/install/mono-armv6/lib/mono/aot-cache/arm/Plugin.Permissions.dll.so' not found: dlopen failed: library "/data/app/com.careerbuilder.SugarDrone-1/lib/arm/libaot-Plugin.Permissions.dll.so" not found
D/Mono    ( 8557): Config attempting to parse: 'Plugin.Permissions.dll.config'.
D/Mono    ( 8557): Config attempting to parse: '/Users/builder/data/lanes/4009/f3074d2c/source/monodroid/builds/install/mono-armv6/etc/mono/assemblies/Plugin.Permissions/Plugin.Permissions.config'.
D/Mono    ( 8557): Image addref Plugin.Permissions.Abstractions[0xb4b26940] -> Plugin.Permissions.Abstractions.dll[0xb4843e00]: 2
D/Mono    ( 8557): Prepared to set up assembly 'Plugin.Permissions.Abstractions' (Plugin.Permissions.Abstractions.dll)
D/Mono    ( 8557): Assembly Plugin.Permissions.Abstractions[0xb4b26940] added to domain RootDomain, ref_count=1
D/Mono    ( 8557): AOT module 'Plugin.Permissions.Abstractions.dll.so' not found: dlopen failed: library "/data/app/com.careerbuilder.SugarDrone-1/lib/arm/libaot-Plugin.Permissions.Abstractions.dll.so" not found
D/Mono    ( 8557): AOT module '/Users/builder/data/lanes/4009/f3074d2c/source/monodroid/builds/install/mono-armv6/lib/mono/aot-cache/arm/Plugin.Permissions.Abstractions.dll.so' not found: dlopen failed: library "/data/app/com.careerbuilder.SugarDrone-1/lib/arm/libaot-Plugin.Permissions.Abstractions.dll.so" not found
D/Mono    ( 8557): Config attempting to parse: 'Plugin.Permissions.Abstractions.dll.config'.
D/Mono    ( 8557): Config attempting to parse: '/Users/builder/data/lanes/4009/f3074d2c/source/monodroid/builds/install/mono-armv6/etc/mono/assemblies/Plugin.Permissions.Abstractions/Plugin.Permissions.Abstractions.config'.
D/Mono    ( 8557): Image addref Plugin.Geolocator[0xb4b269a0] -> Plugin.Geolocator.dll[0xb4844300]: 2
D/Mono    ( 8557): Prepared to set up assembly 'Plugin.Geolocator' (Plugin.Geolocator.dll)
D/Mono    ( 8557): Assembly Plugin.Geolocator[0xb4b269a0] added to domain RootDomain, ref_count=1
D/Mono    ( 8557): AOT module 'Plugin.Geolocator.dll.so' not found: dlopen failed: library "/data/app/com.careerbuilder.SugarDrone-1/lib/arm/libaot-Plugin.Geolocator.dll.so" not found
D/Mono    ( 8557): AOT module '/Users/builder/data/lanes/4009/f3074d2c/source/monodroid/builds/install/mono-armv6/lib/mono/aot-cache/arm/Plugin.Geolocator.dll.so' not found: dlopen failed: library "/data/app/com.careerbuilder.SugarDrone-1/lib/arm/libaot-Plugin.Geolocator.dll.so" not found
D/Mono    ( 8557): Config attempting to parse: 'Plugin.Geolocator.dll.config'.
D/Mono    ( 8557): Config attempting to parse: '/Users/builder/data/lanes/4009/f3074d2c/source/monodroid/builds/install/mono-armv6/etc/mono/assemblies/Plugin.Geolocator/Plugin.Geolocator.config'.
D/Mono    ( 8557): Image addref Plugin.Geolocator.Abstractions[0xb4b26a00] -> Plugin.Geolocator.Abstractions.dll[0xb4844800]: 2
D/Mono    ( 8557): Prepared to set up assembly 'Plugin.Geolocator.Abstractions' (Plugin.Geolocator.Abstractions.dll)
D/Mono    ( 8557): Assembly Plugin.Geolocator.Abstractions[0xb4b26a00] added to domain RootDomain, ref_count=1
D/Mono    ( 8557): AOT module 'Plugin.Geolocator.Abstractions.dll.so' not found: dlopen failed: library "/data/app/com.careerbuilder.SugarDrone-1/lib/arm/libaot-Plugin.Geolocator.Abstractions.dll.so" not found
D/Mono    ( 8557): AOT module '/Users/builder/data/lanes/4009/f3074d2c/source/monodroid/builds/install/mono-armv6/lib/mono/aot-cache/arm/Plugin.Geolocator.Abstractions.dll.so' not found: dlopen failed: library "/data/app/com.careerbuilder.SugarDrone-1/lib/arm/libaot-Plugin.Geolocator.Abstractions.dll.so" not found
D/Mono    ( 8557): Config attempting to parse: 'Plugin.Geolocator.Abstractions.dll.config'.
D/Mono    ( 8557): Config attempting to parse: '/Users/builder/data/lanes/4009/f3074d2c/source/monodroid/builds/install/mono-armv6/etc/mono/assemblies/Plugin.Geolocator.Abstractions/Plugin.Geolocator.Abstractions.config'.
D/Mono    ( 8557): Image addref Plugin.DeviceInfo[0xb4b26a60] -> Plugin.DeviceInfo.dll[0xb4844d00]: 2
D/Mono    ( 8557): Prepared to set up assembly 'Plugin.DeviceInfo' (Plugin.DeviceInfo.dll)
D/Mono    ( 8557): Assembly Plugin.DeviceInfo[0xb4b26a60] added to domain RootDomain, ref_count=1
D/Mono    ( 8557): AOT module 'Plugin.DeviceInfo.dll.so' not found: dlopen failed: library "/data/app/com.careerbuilder.SugarDrone-1/lib/arm/libaot-Plugin.DeviceInfo.dll.so" not found
D/Mono    ( 8557): AOT module '/Users/builder/data/lanes/4009/f3074d2c/source/monodroid/builds/install/mono-armv6/lib/mono/aot-cache/arm/Plugin.DeviceInfo.dll.so' not found: dlopen failed: library "/data/app/com.careerbuilder.SugarDrone-1/lib/arm/libaot-Plugin.DeviceInfo.dll.so" not found
D/Mono    ( 8557): Config attempting to parse: 'Plugin.DeviceInfo.dll.config'.
D/Mono    ( 8557): Config attempting to parse: '/Users/builder/data/lanes/4009/f3074d2c/source/monodroid/builds/install/mono-armv6/etc/mono/assemblies/Plugin.DeviceInfo/Plugin.DeviceInfo.config'.
D/Mono    ( 8557): Image addref Plugin.DeviceInfo.Abstractions[0xb4b26ac0] -> Plugin.DeviceInfo.Abstractions.dll[0xb4845200]: 2
D/Mono    ( 8557): Prepared to set up assembly 'Plugin.DeviceInfo.Abstractions' (Plugin.DeviceInfo.Abstractions.dll)
D/Mono    ( 8557): Assembly Plugin.DeviceInfo.Abstractions[0xb4b26ac0] added to domain RootDomain, ref_count=1
D/Mono    ( 8557): AOT module 'Plugin.DeviceInfo.Abstractions.dll.so' not found: dlopen failed: library "/data/app/com.careerbuilder.SugarDrone-1/lib/arm/libaot-Plugin.DeviceInfo.Abstractions.dll.so" not found
D/Mono    ( 8557): AOT module '/Users/builder/data/lanes/4009/f3074d2c/source/monodroid/builds/install/mono-armv6/lib/mono/aot-cache/arm/Plugin.DeviceInfo.Abstractions.dll.so' not found: dlopen failed: library "/data/app/com.careerbuilder.SugarDrone-1/lib/arm/libaot-Plugin.DeviceInfo.Abstractions.dll.so" not found
D/Mono    ( 8557): Config attempting to parse: 'Plugin.DeviceInfo.Abstractions.dll.config'.
D/Mono    ( 8557): Config attempting to parse: '/Users/builder/data/lanes/4009/f3074d2c/source/monodroid/builds/install/mono-armv6/etc/mono/assemblies/Plugin.DeviceInfo.Abstractions/Plugin.DeviceInfo.Abstractions.config'.
D/Mono    ( 8557): Image addref Xamarin.GooglePlayServices.Analytics[0xb4b26b20] -> Xamarin.GooglePlayServices.Analytics.dll[0xb4845700]: 2
D/Mono    ( 8557): Prepared to set up assembly 'Xamarin.GooglePlayServices.Analytics' (Xamarin.GooglePlayServices.Analytics.dll)
D/Mono    ( 8557): Assembly Xamarin.GooglePlayServices.Analytics[0xb4b26b20] added to domain RootDomain, ref_count=1
D/Mono    ( 8557): AOT module 'Xamarin.GooglePlayServices.Analytics.dll.so' not found: dlopen failed: library "/data/app/com.careerbuilder.SugarDrone-1/lib/arm/libaot-Xamarin.GooglePlayServices.Analytics.dll.so" not found
D/Mono    ( 8557): AOT module '/Users/builder/data/lanes/4009/f3074d2c/source/monodroid/builds/install/mono-armv6/lib/mono/aot-cache/arm/Xamarin.GooglePlayServices.Analytics.dll.so' not found: dlopen failed: library "/data/app/com.careerbuilder.SugarDrone-1/lib/arm/libaot-Xamarin.GooglePlayServices.Analytics.dll.so" not found
D/Mono    ( 8557): Config attempting to parse: 'Xamarin.GooglePlayServices.Analytics.dll.config'.
D/Mono    ( 8557): Config attempting to parse: '/Users/builder/data/lanes/4009/f3074d2c/source/monodroid/builds/install/mono-armv6/etc/mono/assemblies/Xamarin.GooglePlayServices.Analytics/Xamarin.GooglePlayServices.Analytics.config'.
D/Mono    ( 8557): Image addref Xamarin.GooglePlayServices.Base[0xb4b26b80] -> Xamarin.GooglePlayServices.Base.dll[0xb4845c00]: 2
D/Mono    ( 8557): Prepared to set up assembly 'Xamarin.GooglePlayServices.Base' (Xamarin.GooglePlayServices.Base.dll)
D/Mono    ( 8557): Assembly Xamarin.GooglePlayServices.Base[0xb4b26b80] added to domain RootDomain, ref_count=1
D/Mono    ( 8557): AOT module 'Xamarin.GooglePlayServices.Base.dll.so' not found: dlopen failed: library "/data/app/com.careerbuilder.SugarDrone-1/lib/arm/libaot-Xamarin.GooglePlayServices.Base.dll.so" not found
D/Mono    ( 8557): AOT module '/Users/builder/data/lanes/4009/f3074d2c/source/monodroid/builds/install/mono-armv6/lib/mono/aot-cache/arm/Xamarin.GooglePlayServices.Base.dll.so' not found: dlopen failed: library "/data/app/com.careerbuilder.SugarDrone-1/lib/arm/libaot-Xamarin.GooglePlayServices.Base.dll.so" not found
D/Mono    ( 8557): Config attempting to parse: 'Xamarin.GooglePlayServices.Base.dll.config'.
D/Mono    ( 8557): Config attempting to parse: '/Users/builder/data/lanes/4009/f3074d2c/source/monodroid/builds/install/mono-armv6/etc/mono/assemblies/Xamarin.GooglePlayServices.Base/Xamarin.GooglePlayServices.Base.config'.
D/Mono    ( 8557): Image addref Xamarin.GooglePlayServices.Basement[0xb4b26be0] -> Xamarin.GooglePlayServices.Basement.dll[0xb4846100]: 2
D/Mono    ( 8557): Prepared to set up assembly 'Xamarin.GooglePlayServices.Basement' (Xamarin.GooglePlayServices.Basement.dll)
D/Mono    ( 8557): Assembly Xamarin.GooglePlayServices.Basement[0xb4b26be0] added to domain RootDomain, ref_count=1
D/Mono    ( 8557): AOT module 'Xamarin.GooglePlayServices.Basement.dll.so' not found: dlopen failed: library "/data/app/com.careerbuilder.SugarDrone-1/lib/arm/libaot-Xamarin.GooglePlayServices.Basement.dll.so" not found
D/Mono    ( 8557): AOT module '/Users/builder/data/lanes/4009/f3074d2c/source/monodroid/builds/install/mono-armv6/lib/mono/aot-cache/arm/Xamarin.GooglePlayServices.Basement.dll.so' not found: dlopen failed: library "/data/app/com.careerbuilder.SugarDrone-1/lib/arm/libaot-Xamarin.GooglePlayServices.Basement.dll.so" not found
D/Mono    ( 8557): Config attempting to parse: 'Xamarin.GooglePlayServices.Basement.dll.config'.
