I/mono-stdout( 8336): Method: GET, RequestUri: 'https://api.careerbuilder.com/consumer/saved-jobs/?DeveloperKey=WDHR8FC6P2JZ1Y61KLM5', Version: 1.1, Content: <null>, Headers:

I/mono-stdout( 8336): {

I/mono-stdout( 8336): DeveloperKey: WDHR8FC6P2JZ1Y61KLM5

I/mono-stdout( 8336): Accept: application/json

I/mono-stdout( 8336): Authorization: Bearer test

I/mono-stdout( 8336): HostSite: US

I/mono-stdout( 8336): }
I/mono-stdout( 8336): Current State = 1,2,6,7
I/mono-stdout( 8336): applied jobs = 6
I/mono-stdout( 8336): expired jobs = 7
I/mono-stdout( 8336): saved jobs = Saved,Saved,Applied,Saved
I/System.out( 8336): URI: /map
I/System.out( 8336): params: {json={"query":"* marked:'Apply on Company Website'","operation":{"method_name":"query","arguments":[]}}
I/System.out( 8336): }
I/mono-stdout( 8336): done making call to: /consumer/saved-jobs/?DeveloperKey=WDHR8FC6P2JZ1Y61KLM5
W/ResourceType( 8336): No known package when getting name for resource number 0xffffffff
W/ResourceType( 8336): No known package when getting name for resource number 0xffffffff
W/ResourceType( 8336): No known package when getting name for resource number 0xffffffff
W/ResourceType( 8336): No known package when getting name for resource number 0xffffffff
W/ResourceType( 8336): No known package when getting name for resource number 0xffffffff
W/ResourceType( 8336): No known package when getting name for resource number 0xffffffff
W/ResourceType( 8336): No known package when getting name for resource number 0xffffffff
W/ResourceType( 8336): No known package when getting name for resource number 0xffffffff
W/ResourceType( 8336): No known package when getting name for resource number 0xffffffff
W/ResourceType( 8336): No known package when getting name for resource number 0xffffffff
W/ResourceType( 8336): No known package when getting name for resource number 0xffffffff
W/ResourceType( 8336): No known package when getting name for resource number 0xffffffff
W/ResourceType( 8336): No known package when getting name for resource number 0xffffffff
W/ResourceType( 8336): No known package when getting name for resource number 0xffffffff
W/ResourceType( 8336): No known package when getting name for resource number 0xffffffff
W/ResourceType( 8336): No known package when getting name for resource number 0xffffffff
W/ResourceType( 8336): No known package when getting name for resource number 0xffffffff
W/ResourceType( 8336): No known package when getting name for resource number 0xffffffff
W/ResourceType( 8336): No known package when getting name for resource number 0xffffffff
W/ResourceType( 8336): No known package when getting name for resource number 0xffffffff
W/ResourceType( 8336): No known package when getting name for resource number 0xffffffff
W/ResourceType( 8336): No known package when getting name for resource number 0xffffffff
W/ResourceType( 8336): No known package when getting name for resource number 0xffffffff
W/ResourceType( 8336): No known package when getting name for resource number 0xffffffff
W/ResourceType( 8336): No known package when getting name for resource number 0xffffffff
W/ResourceType( 8336): No known package when getting name for resource number 0xffffffff
W/ResourceType( 8336): No known package when getting name for resource number 0xffffffff
W/ResourceType( 8336): No known package when getting name for resource number 0xffffffff
W/ResourceType( 8336): No known package when getting name for resource number 0xffffffff
W/ResourceType( 8336): No known package when getting name for resource number 0xffffffff
W/ResourceType( 8336): No known package when getting name for resource number 0xffffffff
W/ResourceType( 8336): No known package when getting name for resource number 0xffffffff
W/ResourceType( 8336): No known package when getting name for resource number 0xffffffff
W/ResourceType( 8336): No known package when getting name for resource number 0xffffffff
W/ResourceType( 8336): No known package when getting name for resource number 0xffffffff
W/ResourceType( 8336): No known package when getting name for resource number 0xffffffff
W/ResourceType( 8336): No known package when getting name for resource number 0xffffffff
W/ResourceType( 8336): No known package when getting name for resource number 0xffffffff
W/ResourceType( 8336): No known package when getting name for resource number 0xffffffff
W/ResourceType( 8336): No known package when getting name for resource number 0xffffffff
W/ResourceType( 8336): No known package when getting name for resource number 0xffffffff
W/ResourceType( 8336): No known package when getting name for resource number 0xffffffff
W/ResourceType( 8336): No known package when getting name for resource number 0xffffffff
W/ResourceType( 8336): No known package when getting name for resource number 0xffffffff
W/ResourceType( 8336): No known package when getting name for resource number 0xffffffff
W/ResourceType( 8336): No known package when getting name for resource number 0xffffffff
W/ResourceType( 8336): No known package when getting name for resource number 0xffffffff
W/ResourceType( 8336): No known package when getting name for resource number 0xffffffff
W/ResourceType( 8336): No known package when getting name for resource number 0xffffffff
W/ResourceType( 8336): No known package when getting name for resource number 0xffffffff
W/ResourceType( 8336): No known package when getting name for resource number 0xffffffff
W/ResourceType( 8336): No known package when getting name for resource number 0xffffffff
W/ResourceType( 8336): No known package when getting name for resource number 0xffffffff
W/ResourceType( 8336): No known package when getting name for resource number 0xffffffff
W/ResourceType( 8336): No known package when getting name for resource number 0xffffffff
W/ResourceType( 8336): No known package when getting name for resource number 0xffffffff
W/ResourceType( 8336): No known package when getting name for resource number 0xffffffff
W/ResourceType( 8336): No known package when getting name for resource number 0xffffffff
W/ResourceType( 8336): No known package when getting name for resource number 0xffffffff
W/ResourceType( 8336): No known package when getting name for resource number 0xffffffff
W/ResourceType( 8336): No known package when getting name for resource number 0xffffffff
W/ResourceType( 8336): No known package when getting name for resource number 0xffffffff
W/ResourceType( 8336): No known package when getting name for resource number 0xffffffff
W/ResourceType( 8336): No known package when getting name for resource number 0xffffffff
W/ResourceType( 8336): No known package when getting name for resource number 0xffffffff
W/ResourceType( 8336): No known package when getting name for resource number 0xffffffff
W/ResourceType( 8336): No known package when getting name for resource number 0xffffffff
W/ResourceType( 8336): No known package when getting name for resource number 0xffffffff
W/ResourceType( 8336): No known package when getting name for resource number 0xffffffff
W/ResourceType( 8336): No known package when getting name for resource number 0xffffffff
W/ResourceType( 8336): No known package when getting name for resource number 0xffffffff
W/ResourceType( 8336): No known package when getting name for resource number 0xffffffff
W/ResourceType( 8336): No known package when getting name for resource number 0xffffffff
W/ResourceType( 8336): No known package when getting name for resource number 0xffffffff
W/ResourceType( 8336): No known package when getting name for resource number 0xffffffff
W/ResourceType( 8336): No known package when getting name for resource number 0xffffffff
W/ResourceType( 8336): No known package when getting name for resource number 0xffffffff
W/ResourceType( 8336): No known package when getting name for resource number 0xffffffff
W/ResourceType( 8336): No known package when getting name for resource number 0xffffffff
W/ResourceType( 8336): No known package when getting name for resource number 0xffffffff
W/ResourceType( 8336): No known package when getting name for resource number 0xffffffff
W/ResourceType( 8336): No known package when getting name for resource number 0xffffffff
W/ResourceType( 8336): No known package when getting name for resource number 0xffffffff
I/Choreographer( 8336): Skipped 52 frames!  The application may be doing too much work on its main thread.
I/System.out( 8336): URI: /map
I/System.out( 8336): params: {json={"query":"* marked:'Apply on Company Website'","operation":{"method_name":"query","arguments":[]}}
I/System.out( 8336): }
W/ResourceType( 8336): No known package when getting name for resource number 0xffffffff
W/ResourceType( 8336): No known package when getting name for resource number 0xffffffff
W/ResourceType( 8336): No known package when getting name for resource number 0xffffffff
W/ResourceType( 8336): No known package when getting name for resource number 0xffffffff
D/audio_hw_primary(  359): disable_audio_route: reset and update mixer path: low-latency-playback speaker
W/ResourceType( 8336): No known package when getting name for resource number 0xffffffff
D/audio_hw_primary(  359): disable_snd_device: snd_device(2: speaker)
W/ResourceType( 8336): No known package when getting name for resource number 0xffffffff
W/ResourceType( 8336): No known package when getting name for resource number 0xffffffff
W/ResourceType( 8336): No known package when getting name for resource number 0xffffffff
W/ResourceType( 8336): No known package when getting name for resource number 0xffffffff
W/ResourceType( 8336): No known package when getting name for resource number 0xffffffff
W/ResourceType( 8336): No known package when getting name for resource number 0xffffffff
W/ResourceType( 8336): No known package when getting name for resource number 0xffffffff
W/ResourceType( 8336): No known package when getting name for resource number 0xffffffff
W/ResourceType( 8336): No known package when getting name for resource number 0xffffffff
W/ResourceType( 8336): No known package when getting name for resource number 0xffffffff
W/ResourceType( 8336): No known package when getting name for resource number 0xffffffff
W/ResourceType( 8336): No known package when getting name for resource number 0xffffffff
W/ResourceType( 8336): No known package when getting name for resource number 0xffffffff
W/ResourceType( 8336): No known package when getting name for resource number 0xffffffff
W/ResourceType( 8336): No known package when getting name for resource number 0xffffffff
W/ResourceType( 8336): No known package when getting name for resource number 0xffffffff
W/ResourceType( 8336): No known package when getting name for resource number 0xffffffff
W/ResourceType( 8336): No known package when getting name for resource number 0xffffffff
W/ResourceType( 8336): No known package when getting name for resource number 0xffffffff
W/ResourceType( 8336): No known package when getting name for resource number 0xffffffff
W/ResourceType( 8336): No known package when getting name for resource number 0xffffffff
W/ResourceType( 8336): No known package when getting name for resource number 0xffffffff
W/ResourceType( 8336): No known package when getting name for resource number 0xffffffff
W/ResourceType( 8336): No known package when getting name for resource number 0xffffffff
W/ResourceType( 8336): No known package when getting name for resource number 0xffffffff
W/ResourceType( 8336): No known package when getting name for resource number 0xffffffff
W/ResourceType( 8336): No known package when getting name for resource number 0xffffffff
W/ResourceType( 8336): No known package when getting name for resource number 0xffffffff
W/ResourceType( 8336): No known package when getting name for resource number 0xffffffff
W/ResourceType( 8336): No known package when getting name for resource number 0xffffffff
W/ResourceType( 8336): No known package when getting name for resource number 0xffffffff
W/ResourceType( 8336): No known package when getting name for resource number 0xffffffff
W/ResourceType( 8336): No known package when getting name for resource number 0xffffffff
W/ResourceType( 8336): No known package when getting name for resource number 0xffffffff
W/ResourceType( 8336): No known package when getting name for resource number 0xffffffff
W/ResourceType( 8336): No known package when getting name for resource number 0xffffffff
W/ResourceType( 8336): No known package when getting name for resource number 0xffffffff
W/ResourceType( 8336): No known package when getting name for resource number 0xffffffff
W/ResourceType( 8336): No known package when getting name for resource number 0xffffffff
W/ResourceType( 8336): No known package when getting name for resource number 0xffffffff
W/ResourceType( 8336): No known package when getting name for resource number 0xffffffff
W/ResourceType( 8336): No known package when getting name for resource number 0xffffffff
W/ResourceType( 8336): No known package when getting name for resource number 0xffffffff
W/ResourceType( 8336): No known package when getting name for resource number 0xffffffff
W/ResourceType( 8336): No known package when getting name for resource number 0xffffffff
W/ResourceType( 8336): No known package when getting name for resource number 0xffffffff
W/ResourceType( 8336): No known package when getting name for resource number 0xffffffff
W/ResourceType( 8336): No known package when getting name for resource number 0xffffffff
W/ResourceType( 8336): No known package when getting name for resource number 0xffffffff
W/ResourceType( 8336): No known package when getting name for resource number 0xffffffff
W/ResourceType( 8336): No known package when getting name for resource number 0xffffffff
W/ResourceType( 8336): No known package when getting name for resource number 0xffffffff
W/ResourceType( 8336): No known package when getting name for resource number 0xffffffff
W/ResourceType( 8336): No known package when getting name for resource number 0xffffffff
W/ResourceType( 8336): No known package when getting name for resource number 0xffffffff
W/ResourceType( 8336): No known package when getting name for resource number 0xffffffff
W/ResourceType( 8336): No known package when getting name for resource number 0xffffffff
W/ResourceType( 8336): No known package when getting name for resource number 0xffffffff
W/ResourceType( 8336): No known package when getting name for resource number 0xffffffff
W/ResourceType( 8336): No known package when getting name for resource number 0xffffffff
W/ResourceType( 8336): No known package when getting name for resource number 0xffffffff
W/ResourceType( 8336): No known package when getting name for resource number 0xffffffff
W/ResourceType( 8336): No known package when getting name for resource number 0xffffffff
W/ResourceType( 8336): No known package when getting name for resource number 0xffffffff
W/ResourceType( 8336): No known package when getting name for resource number 0xffffffff
W/ResourceType( 8336): No known package when getting name for resource number 0xffffffff
W/ResourceType( 8336): No known package when getting name for resource number 0xffffffff
W/ResourceType( 8336): No known package when getting name for resource number 0xffffffff
W/ResourceType( 8336): No known package when getting name for resource number 0xffffffff
W/ResourceType( 8336): No known package when getting name for resource number 0xffffffff
W/ResourceType( 8336): No known package when getting name for resource number 0xffffffff
W/ResourceType( 8336): No known package when getting name for resource number 0xffffffff
W/ResourceType( 8336): No known package when getting name for resource number 0xffffffff
W/ResourceType( 8336): No known package when getting name for resource number 0xffffffff
W/ResourceType( 8336): No known package when getting name for resource number 0xffffffff
W/ResourceType( 8336): No known package when getting name for resource number 0xffffffff
W/ResourceType( 8336): No known package when getting name for resource number 0xffffffff
W/ResourceType( 8336): No known package when getting name for resource number 0xffffffff
I/ThermalEngine(  367): ACTION: GPU - Setting GPU[0] to 389000000
I/ThermalEngine(  367): Mitigation:GPU[0]:389000000 Hz
I/ThermalEngine(  367): ACTION: CPU - Setting CPU[0] to 1574400
I/ThermalEngine(  367): ACTION: CPU - Setting CPU[1] to 1574400
I/ThermalEngine(  367): ACTION: CPU - Setting CPU[2] to 1574400
I/ThermalEngine(  367): ACTION: CPU - Setting CPU[3] to 1574400
I/System.out( 8336): URI: /
I/System.out( 8336): params: {json={"command":"touch_coordinate","arguments":[720.0,2273.0]}
I/System.out( 8336): }
I/System.out( 8336): header: {content-length=57, host=devicehost46.prod, x-session-token=token-token-e7e9100b-152a-41ba-b773-3ac5bdd683c3, x-forwarded-for=10.222.150.15, content-type=application/json; charset=utf-8, connection=close}
I/System.out( 8336): params: {json={"command":"touch_coordinate","arguments":[720.0,2273.0]}
I/System.out( 8336): }
I/System.out( 8336): ProP json = {"command":"touch_coordinate","arguments":[720.0,2273.0]}
I/System.out( 8336): files: {}
I/System.out( 8336): command: {"command":"touch_coordinate","arguments":[720.0,2273.0]}
I/InstrumentationBackend( 8336): Got command:'Command:'Line:null,touch_coordinate', arguments:'[720.0, 2273.0]'
D/audio_hw_primary(  359): out_set_parameters: enter: usecase(1: low-latency-playback) kvpairs: routing=2
D/audio_hw_primary(  359): select_devices: out_snd_device(2: speaker) in_snd_device(0: none)
D/msm8974_platform(  359): platform_send_audio_calibration: sending audio calibration for snd_device(2) acdb_id(15)
E/ACDB-LOADER(  359): Error: ACDB AFE returned = -19
D/audio_hw_primary(  359): enable_snd_device: snd_device(2: speaker)
D/audio_hw_primary(  359): enable_audio_route: apply and update mixer path: low-latency-playback speaker
V/WindowManager(  819): not Base app: Adding window Window{363e39ac u0 com.careerbuilder.SugarDrone/md5a4824aa66c0dc4d104077b72c1916a44.JobDisplayPageActivity} at 5 of 10
W/ProcessCpuTracker(  819): Skipping unknown process pid 8995
I/System.out( 8336): result:{"bonusInformation":[],"message":"","success":true}
I/System.out( 8336): URI: /map
I/System.out( 8336): params: {json={"query":"* marked:'Leave Careerbuilder?'","operation":{"method_name":"query","arguments":[]}}
I/System.out( 8336): }
W/ResourceType( 8336): No known package when getting name for resource number 0xffffffff
W/ResourceType( 8336): No known package when getting name for resource number 0xffffffff
W/ResourceType( 8336): No known package when getting name for resource number 0xffffffff
W/ResourceType( 8336): No known package when getting name for resource number 0xffffffff
W/ResourceType( 8336): No known package when getting name for resource number 0xffffffff
W/ResourceType( 8336): No known package when getting name for resource number 0xffffffff
W/ResourceType( 8336): No known package when getting name for resource number 0xffffffff
W/ResourceType( 8336): No known package when getting name for resource number 0xffffffff
W/ResourceType( 8336): No known package when getting name for resource number 0xffffffff
W/ResourceType( 8336): No known package when getting name for resource number 0xffffffff
W/ResourceType( 8336): No known package when getting name for resource number 0xffffffff
W/ResourceType( 8336): No known package when getting name for resource number 0xffffffff
W/ResourceType( 8336): No known package when getting name for resource number 0xffffffff
W/ResourceType( 8336): No known package when getting name for resource number 0xffffffff
W/ResourceType( 8336): No known package when getting name for resource number 0xffffffff
W/ResourceType( 8336): No known package when getting name for resource number 0xffffffff
W/ResourceType( 8336): No known package when getting name for resource number 0xffffffff
W/ResourceType( 8336): No known package when getting name for resource number 0xffffffff
W/ResourceType( 8336): No known package when getting name for resource number 0xffffffff
W/ResourceType( 8336): No known package when getting name for resource number 0xffffffff
W/ResourceType( 8336): No known package when getting name for resource number 0xffffffff
W/ResourceType( 8336): No known package when getting name for resource number 0xffffffff
W/ResourceType( 8336): No known package when getting name for resource number 0xffffffff
W/ResourceType( 8336): No known package when getting name for resource number 0xffffffff
W/ResourceType( 8336): No known package when getting name for resource number 0xffffffff
W/ResourceType( 8336): No known package when getting name for resource number 0xffffffff
W/ResourceType( 8336): No known package when getting name for resource number 0xffffffff
W/ResourceType( 8336): No known package when getting name for resource number 0xffffffff
W/ResourceType( 8336): No known package when getting name for resource number 0xffffffff
W/ResourceType( 8336): No known package when getting name for resource number 0xffffffff
W/ResourceType( 8336): No known package when getting name for resource number 0xffffffff
W/ResourceType( 8336): No known package when getting name for resource number 0xffffffff
W/ResourceType( 8336): No known package when getting name for resource number 0xffffffff
W/ResourceType( 8336): No known package when getting name for resource number 0xffffffff
W/ResourceType( 8336): No known package when getting name for resource number 0xffffffff
W/ResourceType( 8336): No known package when getting name for resource number 0xffffffff
W/ResourceType( 8336): No known package when getting name for resource number 0xffffffff
W/ResourceType( 8336): No known package when getting name for resource number 0xffffffff
W/ResourceType( 8336): No known package when getting name for resource number 0xffffffff
W/ResourceType( 8336): No known package when getting name for resource number 0xffffffff
W/ResourceType( 8336): No known package when getting name for resource number 0xffffffff
W/ResourceType( 8336): No known package when getting name for resource number 0xffffffff
W/ResourceType( 8336): No known package when getting name for resource number 0xffffffff
W/ResourceType( 8336): No known package when getting name for resource number 0xffffffff
W/ResourceType( 8336): No known package when getting name for resource number 0xffffffff
W/ResourceType( 8336): No known package when getting name for resource number 0xffffffff
W/ResourceType( 8336): No known package when getting name for resource number 0xffffffff
W/ResourceType( 8336): No known package when getting name for resource number 0xffffffff
W/ResourceType( 8336): No known package when getting name for resource number 0xffffffff
W/ResourceType( 8336): No known package when getting name for resource number 0xffffffff
W/ResourceType( 8336): No known package when getting name for resource number 0xffffffff
W/ResourceType( 8336): No known package when getting name for resource number 0xffffffff
W/ResourceType( 8336): No known package when getting name for resource number 0xffffffff
W/ResourceType( 8336): No known package when getting name for resource number 0xffffffff
W/ResourceType( 8336): No known package when getting name for resource number 0xffffffff
W/ResourceType( 8336): No known package when getting name for resource number 0xffffffff
W/ResourceType( 8336): No known package when getting name for resource number 0xffffffff
W/ResourceType( 8336): No known package when getting name for resource number 0xffffffff
W/ResourceType( 8336): No known package when getting name for resource number 0xffffffff
W/ResourceType( 8336): No known package when getting name for resource number 0xffffffff
W/ResourceType( 8336): No known package when getting name for resource number 0xffffffff
W/ResourceType( 8336): No known package when getting name for resource number 0xffffffff
W/ResourceType( 8336): No known package when getting name for resource number 0xffffffff
W/ResourceType( 8336): No known package when getting name for resource number 0xffffffff
W/ResourceType( 8336): No known package when getting name for resource number 0xffffffff
W/ResourceType( 8336): No known package when getting name for resource number 0xffffffff
W/ResourceType( 8336): No known package when getting name for resource number 0xffffffff
W/ResourceType( 8336): No known package when getting name for resource number 0xffffffff
W/ResourceType( 8336): No known package when getting name for resource number 0xffffffff
W/ResourceType( 8336): No known package when getting name for resource number 0xffffffff
W/ResourceType( 8336): No known package when getting name for resource number 0xffffffff
W/ResourceType( 8336): No known package when getting name for resource number 0xffffffff
W/ResourceType( 8336): No known package when getting name for resource number 0xffffffff
W/ResourceType( 8336): No known package when getting name for resource number 0xffffffff
W/ResourceType( 8336): No known package when getting name for resource number 0xffffffff
W/ResourceType( 8336): No known package when getting name for resource number 0xffffffff
W/ResourceType( 8336): No known package when getting name for resource number 0xffffffff
W/ResourceType( 8336): No known package when getting name for resource number 0xffffffff
W/ResourceType( 8336): No known package when getting name for resource number 0xffffffff
W/ResourceType( 8336): No known package when getting name for resource number 0xffffffff
W/ResourceType( 8336): No known package when getting name for resource number 0xffffffff
W/ResourceType( 8336): No known package when getting name for resource number 0xffffffff
W/ResourceType( 8336): No known package when getting name for resource number 0xffffffff
W/ResourceType( 8336): No known package when getting name for resource number 0xffffffff
W/ResourceType( 8336): No known package when getting name for resource number 0xffffffff
W/ResourceType( 8336): No known package when getting name for resource number 0xffffffff
I/art     ( 8336): Explicit concurrent mark sweep GC freed 230448(9MB) AllocSpace objects, 16(256KB) LOS objects, 26% free, 45MB/61MB, paused 1.508ms total 76.822ms
W/ResourceType( 8336): No known package when getting name for resource number 0xffffffff
I/Choreographer( 8336): Skipped 63 frames!  The application may be doing too much work on its main thread.
I/art     ( 8336): Explicit concurrent mark sweep GC freed 10158(379KB) AllocSpace objects, 0(0B) LOS objects, 26% free, 45MB/61MB, paused 1.941ms total 49.122ms
I/art     ( 8336): Explicit concurrent mark sweep GC freed 24023(956KB) AllocSpace objects, 0(0B) LOS objects, 26% free, 45MB/61MB, paused 2.337ms total 47.422ms
I/art     ( 8336): Explicit concurrent mark sweep GC freed 3575(210KB) AllocSpace objects, 2(32KB) LOS objects, 26% free, 44MB/60MB, paused 1.476ms total 37.707ms
I/art     ( 8336): Explicit concurrent mark sweep GC freed 29(1592B) AllocSpace objects, 0(0B) LOS objects, 26% free, 44MB/60MB, paused 1.895ms total 41.123ms
I/System.out( 8336): URI: /map
I/System.out( 8336): params: {json={"query":"* marked:'Leave Careerbuilder?'","operation":{"method_name":"query","arguments":[]}}
I/System.out( 8336): }
W/ResourceType( 8336): No known package when getting name for resource number 0xffffffff
W/ResourceType( 8336): No known package when getting name for resource number 0xffffffff
W/ResourceType( 8336): No known package when getting name for resource number 0xffffffff
W/ResourceType( 8336): No known package when getting name for resource number 0xffffffff
W/ResourceType( 8336): No known package when getting name for resource number 0xffffffff
W/ResourceType( 8336): No known package when getting name for resource number 0xffffffff
W/ResourceType( 8336): No known package when getting name for resource number 0xffffffff
W/ResourceType( 8336): No known package when getting name for resource number 0xffffffff
W/ResourceType( 8336): No known package when getting name for resource number 0xffffffff
W/ResourceType( 8336): No known package when getting name for resource number 0xffffffff
W/ResourceType( 8336): No known package when getting name for resource number 0xffffffff
W/ResourceType( 8336): No known package when getting name for resource number 0xffffffff
W/ResourceType( 8336): No known package when getting name for resource number 0xffffffff
W/ResourceType( 8336): No known package when getting name for resource number 0xffffffff
W/ResourceType( 8336): No known package when getting name for resource number 0xffffffff
W/ResourceType( 8336): No known package when getting name for resource number 0xffffffff
W/ResourceType( 8336): No known package when getting name for resource number 0xffffffff
W/ResourceType( 8336): No known package when getting name for resource number 0xffffffff
W/ResourceType( 8336): No known package when getting name for resource number 0xffffffff
W/ResourceType( 8336): No known package when getting name for resource number 0xffffffff
W/ResourceType( 8336): No known package when getting name for resource number 0xffffffff
W/ResourceType( 8336): No known package when getting name for resource number 0xffffffff
W/ResourceType( 8336): No known package when getting name for resource number 0xffffffff
W/ResourceType( 8336): No known package when getting name for resource number 0xffffffff
W/ResourceType( 8336): No known package when getting name for resource number 0xffffffff
W/ResourceType( 8336): No known package when getting name for resource number 0xffffffff
W/ResourceType( 8336): No known package when getting name for resource number 0xffffffff
W/ResourceType( 8336): No known package when getting name for resource number 0xffffffff
I/ThermalEngine(  367): ACTION: GPU - Setting GPU[0] to 300000000
I/ThermalEngine(  367): Mitigation:GPU[0]:300000000 Hz
I/ThermalEngine(  367): ACTION: CPU - Setting CPU[0] to 1497600
I/ThermalEngine(  367): ACTION: CPU - Setting CPU[1] to 1497600
I/ThermalEngine(  367): ACTION: CPU - Setting CPU[2] to 1497600
I/ThermalEngine(  367): ACTION: CPU - Setting CPU[3] to 1497600
W/ResourceType( 8336): No known package when getting name for resource number 0xffffffff
W/ResourceType( 8336): No known package when getting name for resource number 0xffffffff
W/ResourceType( 8336): No known package when getting name for resource number 0xffffffff
W/ResourceType( 8336): No known package when getting name for resource number 0xffffffff
W/ResourceType( 8336): No known package when getting name for resource number 0xffffffff
W/ResourceType( 8336): No known package when getting name for resource number 0xffffffff
W/ResourceType( 8336): No known package when getting name for resource number 0xffffffff
W/ResourceType( 8336): No known package when getting name for resource number 0xffffffff
W/ResourceType( 8336): No known package when getting name for resource number 0xffffffff
W/ResourceType( 8336): No known package when getting name for resource number 0xffffffff
W/ResourceType( 8336): No known package when getting name for resource number 0xffffffff
W/ResourceType( 8336): No known package when getting name for resource number 0xffffffff
W/ResourceType( 8336): No known package when getting name for resource number 0xffffffff
W/ResourceType( 8336): No known package when getting name for resource number 0xffffffff
W/ResourceType( 8336): No known package when getting name for resource number 0xffffffff
W/ResourceType( 8336): No known package when getting name for resource number 0xffffffff
W/ResourceType( 8336): No known package when getting name for resource number 0xffffffff
W/ResourceType( 8336): No known package when getting name for resource number 0xffffffff
W/ResourceType( 8336): No known package when getting name for resource number 0xffffffff
W/ResourceType( 8336): No known package when getting name for resource number 0xffffffff
W/ResourceType( 8336): No known package when getting name for resource number 0xffffffff
W/ResourceType( 8336): No known package when getting name for resource number 0xffffffff
W/ResourceType( 8336): No known package when getting name for resource number 0xffffffff
W/ResourceType( 8336): No known package when getting name for resource number 0xffffffff
W/ResourceType( 8336): No known package when getting name for resource number 0xffffffff
W/ResourceType( 8336): No known package when getting name for resource number 0xffffffff
W/ResourceType( 8336): No known package when getting name for resource number 0xffffffff
W/ResourceType( 8336): No known package when getting name for resource number 0xffffffff
W/ResourceType( 8336): No known package when getting name for resource number 0xffffffff
W/ResourceType( 8336): No known package when getting name for resource number 0xffffffff
W/ResourceType( 8336): No known package when getting name for resource number 0xffffffff
W/ResourceType( 8336): No known package when getting name for resource number 0xffffffff
W/ResourceType( 8336): No known package when getting name for resource number 0xffffffff
W/ResourceType( 8336): No known package when getting name for resource number 0xffffffff
W/ResourceType( 8336): No known package when getting name for resource number 0xffffffff
W/ResourceType( 8336): No known package when getting name for resource number 0xffffffff
W/ResourceType( 8336): No known package when getting name for resource number 0xffffffff
W/ResourceType( 8336): No known package when getting name for resource number 0xffffffff
W/ResourceType( 8336): No known package when getting name for resource number 0xffffffff
W/ResourceType( 8336): No known package when getting name for resource number 0xffffffff
W/ResourceType( 8336): No known package when getting name for resource number 0xffffffff
W/ResourceType( 8336): No known package when getting name for resource number 0xffffffff
W/ResourceType( 8336): No known package when getting name for resource number 0xffffffff
W/ResourceType( 8336): No known package when getting name for resource number 0xffffffff
W/ResourceType( 8336): No known package when getting name for resource number 0xffffffff
W/ResourceType( 8336): No known package when getting name for resource number 0xffffffff
W/ResourceType( 8336): No known package when getting name for resource number 0xffffffff
W/ResourceType( 8336): No known package when getting name for resource number 0xffffffff
W/ResourceType( 8336): No known package when getting name for resource number 0xffffffff
W/ResourceType( 8336): No known package when getting name for resource number 0xffffffff
W/ResourceType( 8336): No known package when getting name for resource number 0xffffffff
W/ResourceType( 8336): No known package when getting name for resource number 0xffffffff
W/ResourceType( 8336): No known package when getting name for resource number 0xffffffff
W/ResourceType( 8336): No known package when getting name for resource number 0xffffffff
W/ResourceType( 8336): No known package when getting name for resource number 0xffffffff
W/ResourceType( 8336): No known package when getting name for resource number 0xffffffff
W/ResourceType( 8336): No known package when getting name for resource number 0xffffffff
W/ResourceType( 8336): No known package when getting name for resource number 0xffffffff
W/ResourceType( 8336): No known package when getting name for resource number 0xffffffff
D/audio_hw_primary(  359): disable_audio_route: reset and update mixer path: low-latency-playback speaker
D/audio_hw_primary(  359): disable_snd_device: snd_device(2: speaker)
I/ThermalEngine(  367): ACTION: GPU - Setting GPU[0] to 389000000
I/ThermalEngine(  367): Mitigation:GPU[0]:389000000 Hz
I/ThermalEngine(  367): ACTION: CPU - Setting CPU[0] to 1574400
I/ThermalEngine(  367): ACTION: CPU - Setting CPU[1] to 1574400
I/ThermalEngine(  367): ACTION: CPU - Setting CPU[2] to 1574400
I/ThermalEngine(  367): ACTION: CPU - Setting CPU[3] to 1574400
I/ActivityManager(  819): Start proc 9113:com.google.android.deskclock/u0a51 for broadcast com.google.android.deskclock/com.android.alarmclock.DigitalAppWidgetProvider
I/art     (  370): Explicit concurrent mark sweep GC freed 703(30KB) AllocSpace objects, 0(0B) LOS objects, 40% free, 21MB/36MB, paused 320us total 17.383ms
I/art     (  370): Explicit concurrent mark sweep GC freed 8(256B) AllocSpace objects, 0(0B) LOS objects, 40% free, 21MB/36MB, paused 322us total 17.963ms
I/art     (  370): Explicit concurrent mark sweep GC freed 5(160B) AllocSpace objects, 0(0B) LOS objects, 40% free, 21MB/36MB, paused 2.562ms total 15.977ms
I/art     ( 8336): Explicit concurrent mark sweep GC freed 76533(3MB) AllocSpace objects, 4(64KB) LOS objects, 26% free, 44MB/60MB, paused 1.816ms total 45.178ms
I/art     ( 8336): Explicit concurrent mark sweep GC freed 56(2688B) AllocSpace objects, 0(0B) LOS objects, 26% free, 44MB/60MB, paused 1.523ms total 48.258ms
I/art     ( 8336): Explicit concurrent mark sweep GC freed 10(592B) AllocSpace objects, 0(0B) LOS objects, 26% free, 44MB/60MB, paused 1.951ms total 45.612ms
I/art     ( 8336): Explicit concurrent mark sweep GC freed 17(1088B) AllocSpace objects, 0(0B) LOS objects, 26% free, 44MB/60MB, paused 1.541ms total 37.332ms
I/art     ( 8336): Explicit concurrent mark sweep GC freed 10(592B) AllocSpace objects, 0(0B) LOS objects, 26% free, 44MB/60MB, paused 1.593ms total 39.682ms
I/ThermalEngine(  367): ACTION: GPU - Setting GPU[0] to 500000000
I/ThermalEngine(  367): Mitigation:GPU[0]:500000000 Hz
I/ThermalEngine(  367): ACTION: CPU - Setting CPU[0] to 1728000
I/ThermalEngine(  367): ACTION: CPU - Setting CPU[1] to 1728000
I/ThermalEngine(  367): ACTION: CPU - Setting CPU[2] to 1728000
I/ThermalEngine(  367): ACTION: CPU - Setting CPU[3] to 1728000
E/WifiStateMachine(  819): WifiStateMachine CMD_START_SCAN source -2 txSuccessRate=0.88 rxSuccessRate=0.56 targetRoamBSSID=any RSSI=-51
E/WifiStateMachine(  819): WifiStateMachine starting scan for "xtc-ag"WPA_PSK with 5240,2412,2437,5200,5180
I/ActivityManager(  819): Killing 5731:com.android.providers.calendar/u0a5 (adj 15): empty #17
W/ProcessCpuTracker(  819): Skipping unknown process pid 9197
I/ThermalEngine(  367): ACTION: GPU - Setting GPU[0] to 600000000
I/ThermalEngine(  367): Mitigation:GPU[0]:600000000 Hz
I/ThermalEngine(  367): ACTION: CPU - Setting CPU[0] to 1958400
I/ThermalEngine(  367): ACTION: CPU - Setting CPU[1] to 1958400
I/ThermalEngine(  367): ACTION: CPU - Setting CPU[2] to 1958400
I/ThermalEngine(  367): ACTION: CPU - Setting CPU[3] to 1958400

]]><xtc-duration value="117.09971449999999"/></xtc-step><!-- name: "undefined", id: "undefined" --><![CDATA[
I/art     ( 8336): Explicit concurrent mark sweep GC freed 5287(330KB) AllocSpace objects, 2(32KB) LOS objects, 26% free, 44MB/60MB, paused 2.103ms total 70.377ms
I/art     ( 8336): Explicit concurrent mark sweep GC freed 111(4KB) AllocSpace objects, 0(0B) LOS objects, 26% free, 44MB/60MB, paused 1.646ms total 36.833ms
I/art     ( 8336): Explicit concurrent mark sweep GC freed 10(592B) AllocSpace objects, 0(0B) LOS objects, 26% free, 44MB/60MB, paused 1.402ms total 32.749ms

]]><xtc-step name="[0-1034]CareerBuilder_Search.DroidFeatureTests.JDPTests.ExternalApplyButtonOpensDialogueWithTitle-0-NA-FinalScreenShot" id="[0-1034]CareerBuilder_Search.DroidFeatureTests.JDPTests.ExternalApplyButtonOpensDialogueWithTitle-0-NA-FinalScreenShot"><![CDATA[
I/art     ( 8336): Explicit concurrent mark sweep GC freed 10(592B) AllocSpace objects, 0(0B) LOS objects, 26% free, 44MB/60MB, paused 1.513ms total 34.027ms
I/art     ( 8336): Explicit concurrent mark sweep GC freed 10(592B) AllocSpace objects, 0(0B) LOS objects, 26% free, 44MB/60MB, paused 1.605ms total 34.948ms
I/ThermalEngine(  367): ACTION: CPU - Setting CPU[0] to 2265600
I/ThermalEngine(  367): ACTION: CPU - Setting CPU[1] to 2265600
I/ThermalEngine(  367): ACTION: CPU - Setting CPU[2] to 2265600
I/ThermalEngine(  367): ACTION: CPU - Setting CPU[3] to 2265600

]]><xtc-duration value="1.3807113"/></xtc-step><!-- name: "undefined", id: "undefined" --><![CDATA[

]]><xtc-duration value="125.6484567" skip="false"/></xtc-scenario><!-- name: "undefined", id: "undefined" --><![CDATA[
I/ThermalEngine(  367): ACTION: CPU - Setting CPU[0] to 2457600
I/ThermalEngine(  367): ACTION: CPU - Setting CPU[1] to 2457600
I/ThermalEngine(  367): ACTION: CPU - Setting CPU[2] to 2457600
I/ThermalEngine(  367): ACTION: CPU - Setting CPU[3] to 2457600
I/art     ( 8336): Explicit concurrent mark sweep GC freed 1938(121KB) AllocSpace objects, 1(16KB) LOS objects, 26% free, 44MB/60MB, paused 1.964ms total 61.423ms
I/art     ( 8336): Explicit concurrent mark sweep GC freed 27(1208B) AllocSpace objects, 0(0B) LOS objects, 26% free, 44MB/60MB, paused 1.798ms total 29.155ms
I/art     ( 8336): Explicit concurrent mark sweep GC freed 10(592B) AllocSpace objects, 0(0B) LOS objects, 26% free, 44MB/60MB, paused 1.581ms total 28.186ms
I/art     ( 8336): Explicit concurrent mark sweep GC freed 10(592B) AllocSpace objects, 0(0B) LOS objects, 26% free, 44MB/60MB, paused 1.368ms total 28.430ms
I/art     ( 8336): Explicit concurrent mark sweep GC freed 10(592B) AllocSpace objects, 0(0B) LOS objects, 26% free, 44MB/60MB, paused 1.238ms total 28.689ms
I/ThermalEngine(  367): ACTION: CPU - Setting CPU[0] to 2496000
I/ThermalEngine(  367): ACTION: CPU - Setting CPU[1] to 2496000
I/ThermalEngine(  367): ACTION: CPU - Setting CPU[2] to 2496000
I/ThermalEngine(  367): ACTION: CPU - Setting CPU[3] to 2496000
I/ThermalEngine(  367): ACTION: CPU - Setting CPU[0] to 2649600
I/ThermalEngine(  367): ACTION: CPU - Setting CPU[1] to 2649600
I/ThermalEngine(  367): ACTION: CPU - Setting CPU[2] to 2649600
I/ThermalEngine(  367): ACTION: CPU - Setting CPU[3] to 2649600
I/art     ( 8336): Explicit concurrent mark sweep GC freed 1941(121KB) AllocSpace objects, 1(16KB) LOS objects, 26% free, 44MB/60MB, paused 2.194ms total 64.072ms
I/art     ( 8336): Explicit concurrent mark sweep GC freed 27(1208B) AllocSpace objects, 0(0B) LOS objects, 26% free, 44MB/60MB, paused 918us total 28.297ms
I/art     ( 8336): Explicit concurrent mark sweep GC freed 10(592B) AllocSpace objects, 0(0B) LOS objects, 26% free, 44MB/60MB, paused 858us total 27.188ms
I/art     ( 8336): Explicit concurrent mark sweep GC freed 10(592B) AllocSpace objects, 0(0B) LOS objects, 26% free, 44MB/60MB, paused 952us total 26.719ms
I/art     ( 8336): Explicit concurrent mark sweep GC freed 3(96B) AllocSpace objects, 0(0B) LOS objects, 26% free, 44MB/60MB, paused 2.574ms total 28.353ms
