<![CDATA[D/Finsky  ( 3555): [1] 5.onFinished: Installation state replication succeeded.
E/WifiStateMachine(  818): WifiStateMachine CMD_START_SCAN source -2 txSuccessRate=0.19 rxSuccessRate=0.16 targetRoamBSSID=any RSSI=-51
E/WifiStateMachine(  818): WifiStateMachine starting scan for "xtc-ag"WPA_PSK with 5240,2412,2437,5200,5180

]]><xtc-scenario name="[0-1036]CareerBuilder_Search.DroidFeatureTests.JDPTests.ExternalApplyDialoguePositiveButtonDismissesDialogue" id="[0-1036]CareerBuilder_Search.DroidFeatureTests.JDPTests.ExternalApplyDialoguePositiveButtonDismissesDialogue"><![CDATA[
W/ProcessCpuTracker(  818): Skipping unknown process pid 6797

]]><xtc-step name="[0-1036]CareerBuilder_Search.DroidFeatureTests.JDPTests.ExternalApplyDialoguePositiveButtonDismissesDialogue-ExternalApplyDialoguePositiveButtonDismissesDialogue" id="[0-1036]CareerBuilder_Search.DroidFeatureTests.JDPTests.ExternalApplyDialoguePositiveButtonDismissesDialogue-ExternalApplyDialoguePositiveButtonDismissesDialogue"><![CDATA[
D/AndroidRuntime( 6849): >>>>>> START com.android.internal.os.RuntimeInit uid 2000 <<<<<<
D/AndroidRuntime( 6849): CheckJNI is OFF
D/AndroidRuntime( 6849): Calling main entry com.android.commands.pm.Pm
I/art     ( 6849): System.exit called, status: 0
I/AndroidRuntime( 6849): VM exiting with result code 0.
D/AndroidRuntime( 6947): >>>>>> START com.android.internal.os.RuntimeInit uid 2000 <<<<<<
D/AndroidRuntime( 6947): CheckJNI is OFF
D/AndroidRuntime( 6947): Calling main entry com.android.commands.am.Am
W/ActivityManager(  818): Invalid packageName: com.careerbuilder.SugarDrone
D/AndroidRuntime( 6947): Shutting down VM
E/WifiStateMachine(  818): WifiStateMachine CMD_START_SCAN source -2 txSuccessRate=0.00 rxSuccessRate=0.00 targetRoamBSSID=any RSSI=-51
W/ip      ( 7434): type=1400 audit(0.0:18): avc: denied { search } for name="net" dev="dm-0" ino=1081351 scontext=u:r:shell:s0 tcontext=u:object_r:net_data_file:s0 tclass=dir permissive=0
E/WifiStateMachine(  818): WifiStateMachine CMD_START_SCAN source -2 txSuccessRate=0.00 rxSuccessRate=0.00 targetRoamBSSID=any RSSI=-51
E/WifiStateMachine(  818): WifiStateMachine starting scan for "xtc-ag"WPA_PSK with 5240,2412,2437,5200,5180
D/AndroidRuntime( 7526): >>>>>> START com.android.internal.os.RuntimeInit uid 2000 <<<<<<
D/AndroidRuntime( 7526): CheckJNI is OFF
D/AndroidRuntime( 7526): Calling main entry com.android.commands.pm.Pm
D/DefContainer( 6349): Copying /data/local/tmp/0000001115 to base.apk
D/PackageManager(  818): Renaming /data/app/vmdl1897816245.tmp to /data/app/com.careerbuilder.SugarDrone-1
I/PackageManager(  818): Running dexopt on: /data/app/com.careerbuilder.SugarDrone-1/base.apk pkg=com.careerbuilder.SugarDrone isa=arm vmSafeMode=false
I/dex2oat ( 7591): /system/bin/dex2oat --zip-fd=6 --zip-location=/data/app/com.careerbuilder.SugarDrone-1/base.apk --oat-fd=7 --oat-location=/data/dalvik-cache/arm/data@app@com.careerbuilder.SugarDrone-1@base.apk@classes.dex --instruction-set=arm --instruction-set-features=div --runtime-arg -Xms64m --runtime-arg -Xmx512m --swap-fd=8
I/dex2oat ( 7591): Decided to run without swap.
W/dex2oat ( 7591): Before Android 4.1, method android.graphics.PorterDuffColorFilter android.support.graphics.drawable.VectorDrawableCompat.updateTintFilter(android.graphics.PorterDuffColorFilter, android.content.res.ColorStateList, android.graphics.PorterDuff$Mode) would have incorrectly overridden the package-private method in android.graphics.drawable.Drawable
W/dex2oat ( 7591): Before Android 4.1, method int android.support.v7.widget.ListViewCompat.lookForSelectablePosition(int, boolean) would have incorrectly overridden the package-private method in android.widget.ListView
I/ThermalEngine(  365): ACTION: CPU - Setting CPU[0] to 2572800
I/ThermalEngine(  365): ACTION: CPU - Setting CPU[1] to 2572800
I/ThermalEngine(  365): ACTION: CPU - Setting CPU[2] to 2572800
I/ThermalEngine(  365): ACTION: CPU - Setting CPU[3] to 2572800
I/ThermalEngine(  365): ACTION: CPU - Setting CPU[0] to 2649600
I/ThermalEngine(  365): ACTION: CPU - Setting CPU[1] to 2649600
I/ThermalEngine(  365): ACTION: CPU - Setting CPU[2] to 2649600
I/ThermalEngine(  365): ACTION: CPU - Setting CPU[3] to 2649600
I/ThermalEngine(  365): ACTION: CPU - Setting CPU[0] to 2572800
I/ThermalEngine(  365): ACTION: CPU - Setting CPU[1] to 2572800
I/ThermalEngine(  365): ACTION: CPU - Setting CPU[2] to 2572800
I/ThermalEngine(  365): ACTION: CPU - Setting CPU[3] to 2572800
I/ThermalEngine(  365): ACTION: GPU - Setting GPU[0] to 500000000
I/ThermalEngine(  365): Mitigation:GPU[0]:500000000 Hz
W/dex2oat ( 7591): Verification of int net.hockeyapp.android.UpdateFragment.getCurrentVersionCode() took 188.227ms
W/dex2oat ( 7591): Verification of void net.hockeyapp.android.LoginManager.<init>() took 210.737ms
W/dex2oat ( 7591): Verification of boolean net.hockeyapp.android.metrics.Persistence.writeToDisk(java.lang.String) took 166.412ms
I/ThermalEngine(  365): ACTION: CPU - Setting CPU[0] to 2496000
I/ThermalEngine(  365): ACTION: CPU - Setting CPU[1] to 2496000
I/ThermalEngine(  365): ACTION: CPU - Setting CPU[2] to 2496000
I/ThermalEngine(  365): ACTION: CPU - Setting CPU[3] to 2496000
I/ThermalEngine(  365): ACTION: CPU - Setting CPU[0] to 2572800
I/ThermalEngine(  365): ACTION: CPU - Setting CPU[1] to 2572800
I/ThermalEngine(  365): ACTION: CPU - Setting CPU[2] to 2572800
I/ThermalEngine(  365): ACTION: CPU - Setting CPU[3] to 2572800
I/ThermalEngine(  365): ACTION: CPU - Setting CPU[0] to 2496000
I/ThermalEngine(  365): ACTION: CPU - Setting CPU[1] to 2496000
I/ThermalEngine(  365): ACTION: CPU - Setting CPU[2] to 2496000
I/ThermalEngine(  365): ACTION: CPU - Setting CPU[3] to 2496000
I/ThermalEngine(  365): ACTION: CPU - Setting CPU[0] to 2457600
I/ThermalEngine(  365): ACTION: CPU - Setting CPU[1] to 2457600
I/ThermalEngine(  365): ACTION: CPU - Setting CPU[2] to 2457600
I/ThermalEngine(  365): ACTION: CPU - Setting CPU[3] to 2457600
I/ThermalEngine(  365): ACTION: CPU - Setting CPU[0] to 2265600
I/ThermalEngine(  365): ACTION: CPU - Setting CPU[1] to 2265600
I/ThermalEngine(  365): ACTION: CPU - Setting CPU[2] to 2265600
I/ThermalEngine(  365): ACTION: CPU - Setting CPU[3] to 2265600
I/ThermalEngine(  365): ACTION: CPU - Setting CPU[0] to 2457600
I/ThermalEngine(  365): ACTION: CPU - Setting CPU[1] to 2457600
I/ThermalEngine(  365): ACTION: CPU - Setting CPU[2] to 2457600
I/ThermalEngine(  365): ACTION: CPU - Setting CPU[3] to 2457600
I/kickstart(  870): STATUS: SAHARA_HELLO: hw_info = 0x01030710, pwrup_reason = 0x00004000
I/kickstart(  870): STATUS: Wrote to /sys/power/wake_lock
I/ThermalEngine(  365): ACTION: CPU - Setting CPU[0] to 2496000
I/ThermalEngine(  365): ACTION: CPU - Setting CPU[1] to 2496000
I/ThermalEngine(  365): ACTION: CPU - Setting CPU[2] to 2496000
I/ThermalEngine(  365): ACTION: CPU - Setting CPU[3] to 2496000
E/kickstart(  870): ERROR: function: open_file:195 filename = /dev/block/platform/msm_sdcc.1/by-name/mdm1m9kefs1
I/kickstart(  870): STATUS: Opening file '/dev/block/platform/msm_sdcc.1/by-name/mdm1m9kefs1' for writing
I/ThermalEngine(  365): ACTION: CPU - Setting CPU[0] to 2572800
I/ThermalEngine(  365): ACTION: CPU - Setting CPU[1] to 2572800
I/ThermalEngine(  365): ACTION: CPU - Setting CPU[2] to 2572800
I/ThermalEngine(  365): ACTION: CPU - Setting CPU[3] to 2572800
I/ThermalEngine(  365): ACTION: CPU - Setting CPU[0] to 2496000
I/ThermalEngine(  365): ACTION: CPU - Setting CPU[1] to 2496000
I/ThermalEngine(  365): ACTION: CPU - Setting CPU[2] to 2496000
I/ThermalEngine(  365): ACTION: CPU - Setting CPU[3] to 2496000
I/ThermalEngine(  365): ACTION: CPU - Setting CPU[0] to 2457600
I/ThermalEngine(  365): ACTION: CPU - Setting CPU[1] to 2457600
I/ThermalEngine(  365): ACTION: CPU - Setting CPU[2] to 2457600
I/ThermalEngine(  365): ACTION: CPU - Setting CPU[3] to 2457600
I/ThermalEngine(  365): ACTION: CPU - Setting CPU[0] to 2265600
I/ThermalEngine(  365): ACTION: CPU - Setting CPU[1] to 2265600
I/ThermalEngine(  365): ACTION: CPU - Setting CPU[2] to 2265600
I/ThermalEngine(  365): ACTION: CPU - Setting CPU[3] to 2265600
I/ThermalEngine(  365): ACTION: CPU - Setting CPU[0] to 2457600
I/ThermalEngine(  365): ACTION: CPU - Setting CPU[1] to 2457600
I/ThermalEngine(  365): ACTION: CPU - Setting CPU[2] to 2457600
I/ThermalEngine(  365): ACTION: CPU - Setting CPU[3] to 2457600
I/ThermalEngine(  365): ACTION: CPU - Setting CPU[0] to 2496000
I/ThermalEngine(  365): ACTION: CPU - Setting CPU[1] to 2496000
I/ThermalEngine(  365): ACTION: CPU - Setting CPU[2] to 2496000
I/ThermalEngine(  365): ACTION: CPU - Setting CPU[3] to 2496000
I/ThermalEngine(  365): ACTION: CPU - Setting CPU[0] to 2572800
I/ThermalEngine(  365): ACTION: CPU - Setting CPU[1] to 2572800
I/ThermalEngine(  365): ACTION: CPU - Setting CPU[2] to 2572800
I/ThermalEngine(  365): ACTION: CPU - Setting CPU[3] to 2572800
I/ThermalEngine(  365): ACTION: CPU - Setting CPU[0] to 2496000
I/ThermalEngine(  365): ACTION: CPU - Setting CPU[1] to 2496000
I/ThermalEngine(  365): ACTION: CPU - Setting CPU[2] to 2496000
I/ThermalEngine(  365): ACTION: CPU - Setting CPU[3] to 2496000
I/ThermalEngine(  365): ACTION: CPU - Setting CPU[0] to 2457600
I/ThermalEngine(  365): ACTION: CPU - Setting CPU[1] to 2457600
I/ThermalEngine(  365): ACTION: CPU - Setting CPU[2] to 2457600
I/ThermalEngine(  365): ACTION: CPU - Setting CPU[3] to 2457600
I/ThermalEngine(  365): ACTION: CPU - Setting CPU[0] to 2496000
I/ThermalEngine(  365): ACTION: CPU - Setting CPU[1] to 2496000
I/ThermalEngine(  365): ACTION: CPU - Setting CPU[2] to 2496000
I/ThermalEngine(  365): ACTION: CPU - Setting CPU[3] to 2496000
I/ThermalEngine(  365): ACTION: CPU - Setting CPU[0] to 2457600
I/ThermalEngine(  365): ACTION: CPU - Setting CPU[1] to 2457600
I/ThermalEngine(  365): ACTION: CPU - Setting CPU[2] to 2457600
I/ThermalEngine(  365): ACTION: CPU - Setting CPU[3] to 2457600
I/ThermalEngine(  365): ACTION: CPU - Setting CPU[0] to 2265600
I/ThermalEngine(  365): ACTION: CPU - Setting CPU[1] to 2265600
I/ThermalEngine(  365): ACTION: CPU - Setting CPU[2] to 2265600
I/ThermalEngine(  365): ACTION: CPU - Setting CPU[3] to 2265600
I/ThermalEngine(  365): ACTION: CPU - Setting CPU[0] to 2457600
I/ThermalEngine(  365): ACTION: CPU - Setting CPU[1] to 2457600
I/ThermalEngine(  365): ACTION: CPU - Setting CPU[2] to 2457600
I/ThermalEngine(  365): ACTION: CPU - Setting CPU[3] to 2457600
I/ThermalEngine(  365): ACTION: CPU - Setting CPU[0] to 2496000
I/ThermalEngine(  365): ACTION: CPU - Setting CPU[1] to 2496000
I/ThermalEngine(  365): ACTION: CPU - Setting CPU[2] to 2496000
I/ThermalEngine(  365): ACTION: CPU - Setting CPU[3] to 2496000
I/kickstart(  870): STATUS: Received file 'm9kefs1'
I/kickstart(  870): STATUS: 950272 bytes transferred in 0.962110 seconds
I/kickstart(  870): STATUS: Successfully downloaded files from target 
I/kickstart(  870): STATUS: Wrote to /sys/power/wake_unlock
I/ThermalEngine(  365): ACTION: CPU - Setting CPU[0] to 2457600
I/ThermalEngine(  365): ACTION: CPU - Setting CPU[1] to 2457600
I/ThermalEngine(  365): ACTION: CPU - Setting CPU[2] to 2457600
I/ThermalEngine(  365): ACTION: CPU - Setting CPU[3] to 2457600
I/kickstart(  870): STATUS: Sahara protocol completed
I/ThermalEngine(  365): ACTION: CPU - Setting CPU[0] to 2496000
I/ThermalEngine(  365): ACTION: CPU - Setting CPU[1] to 2496000
I/ThermalEngine(  365): ACTION: CPU - Setting CPU[2] to 2496000
I/ThermalEngine(  365): ACTION: CPU - Setting CPU[3] to 2496000
I/ThermalEngine(  365): ACTION: CPU - Setting CPU[0] to 2572800
I/ThermalEngine(  365): ACTION: CPU - Setting CPU[1] to 2572800
I/ThermalEngine(  365): ACTION: CPU - Setting CPU[2] to 2572800
I/ThermalEngine(  365): ACTION: CPU - Setting CPU[3] to 2572800
I/ThermalEngine(  365): ACTION: CPU - Setting CPU[0] to 2496000
I/ThermalEngine(  365): ACTION: CPU - Setting CPU[1] to 2496000
I/ThermalEngine(  365): ACTION: CPU - Setting CPU[2] to 2496000
I/ThermalEngine(  365): ACTION: CPU - Setting CPU[3] to 2496000
I/ThermalEngine(  365): ACTION: CPU - Setting CPU[0] to 2457600
I/ThermalEngine(  365): ACTION: CPU - Setting CPU[1] to 2457600
I/ThermalEngine(  365): ACTION: CPU - Setting CPU[2] to 2457600
I/ThermalEngine(  365): ACTION: CPU - Setting CPU[3] to 2457600
I/ThermalEngine(  365): ACTION: CPU - Setting CPU[0] to 2496000
I/ThermalEngine(  365): ACTION: CPU - Setting CPU[1] to 2496000
I/ThermalEngine(  365): ACTION: CPU - Setting CPU[2] to 2496000
I/ThermalEngine(  365): ACTION: CPU - Setting CPU[3] to 2496000
I/ThermalEngine(  365): ACTION: CPU - Setting CPU[0] to 2572800
I/ThermalEngine(  365): ACTION: CPU - Setting CPU[1] to 2572800
I/ThermalEngine(  365): ACTION: CPU - Setting CPU[2] to 2572800
I/ThermalEngine(  365): ACTION: CPU - Setting CPU[3] to 2572800
I/dex2oat ( 7591): dex2oat took 5.892s (threads: 4) arena alloc=92KB java alloc=8MB native alloc=10MB free=9MB
W/PackageManager(  818): Not granting permission android.permission.MANAGE_DOCUMENTS to package com.careerbuilder.SugarDrone (protectionLevel=2 flags=0x8be46)
W/PackageManager(  818): Not granting permission android.permission.MOUNT_UNMOUNT_FILESYSTEMS to package com.careerbuilder.SugarDrone (protectionLevel=18 flags=0x8be46)
V/BackupManagerService(  818): restoreAtInstall pkg=com.careerbuilder.SugarDrone token=6 restoreSet=0
V/BackupManagerService(  818): Finishing install immediately
W/Settings(  818): Setting install_non_market_apps has moved from android.provider.Settings.Global to android.provider.Settings.Secure, returning read-only value.
D/BuaReceiver( 3811): ====== got intent:Intent { act=android.intent.action.PACKAGE_ADDED dat=package:com.careerbuilder.SugarDrone flg=0x4000010 cmp=com.motorola.android.buacontactadapter/.BuaReceiver (has extras) }
I/InputReader(  818): Reconfiguring input devices.  changes=0x00000010
W/InputMethodInfo(  818): Duplicated subtype definition found: , voice
I/ThermalEngine(  365): ACTION: GPU - Setting GPU[0] to 389000000
I/ThermalEngine(  365): Mitigation:GPU[0]:389000000 Hz
I/ThermalEngine(  365): ACTION: CPU - Setting CPU[0] to 2496000
I/ThermalEngine(  365): ACTION: CPU - Setting CPU[1] to 2496000
I/ThermalEngine(  365): ACTION: CPU - Setting CPU[2] to 2496000
I/ThermalEngine(  365): ACTION: CPU - Setting CPU[3] to 2496000
I/art     (  818): WaitForGcToComplete blocked for 53.980ms for cause Explicit
D/BackupManagerService(  818): Received broadcast Intent { act=android.intent.action.PACKAGE_ADDED dat=package:com.careerbuilder.SugarDrone flg=0x4000010 (has extras) }
W/BackupManagerService(  818): Removing schedule queue dupe of com.careerbuilder.SugarDrone
I/UpdateIcingCorporaServi( 2874): Updating corpora: APPS=com.careerbuilder.SugarDrone, CONTACTS=MAYBE
I/PeopleContactsSync( 1786): triggerPendingContactsCleanup: no accounts
D/Wear_Controller( 1786): Received broadcast action=android.intent.action.PACKAGE_ADDED and uri=com.careerbuilder.SugarDrone
W/IcingInternalCorpora( 1786): getNumBytesRead when not calculated.
I/Icing   ( 1786): Usage reports 0 indexed 0 rejected 0 imm upload true
I/art     (  818): Explicit concurrent mark sweep GC freed 46279(2MB) AllocSpace objects, 1(16KB) LOS objects, 29% free, 38MB/54MB, paused 2.974ms total 270.535ms
I/art     ( 7526): System.exit called, status: 0
I/AndroidRuntime( 7526): VM exiting with result code 0.
I/Icing   ( 1786): Usage reports 0 indexed 0 rejected 0 imm upload false
I/ApplicationLogger( 2874): canRun() : Opted Out
I/UpdateIcingCorporaServi( 2874): UpdateCorporaTask done [took 253 ms] updated apps [took 253 ms] 
I/Icing   ( 1786): Usage reports 0 indexed 0 rejected 0 imm upload false
W/ProcessCpuTracker(  818): Skipping unknown process pid 7734
I/ThermalEngine(  365): ACTION: CPU - Setting CPU[0] to 2457600
I/ThermalEngine(  365): ACTION: CPU - Setting CPU[1] to 2457600
I/ThermalEngine(  365): ACTION: CPU - Setting CPU[2] to 2457600
I/ThermalEngine(  365): ACTION: CPU - Setting CPU[3] to 2457600
I/ThermalEngine(  365): ACTION: CPU - Setting CPU[0] to 2265600
I/ThermalEngine(  365): ACTION: CPU - Setting CPU[1] to 2265600
I/ThermalEngine(  365): ACTION: CPU - Setting CPU[2] to 2265600
I/ThermalEngine(  365): ACTION: CPU - Setting CPU[3] to 2265600
D/AndroidRuntime( 7743): >>>>>> START com.android.internal.os.RuntimeInit uid 2000 <<<<<<
D/AndroidRuntime( 7743): CheckJNI is OFF
I/ThermalEngine(  365): ACTION: CPU - Setting CPU[0] to 1958400
I/ThermalEngine(  365): ACTION: CPU - Setting CPU[1] to 1958400
I/ThermalEngine(  365): ACTION: CPU - Setting CPU[2] to 1958400
I/ThermalEngine(  365): ACTION: CPU - Setting CPU[3] to 1958400
I/ThermalEngine(  365): ACTION: CPU - Setting CPU[0] to 2265600
I/ThermalEngine(  365): ACTION: CPU - Setting CPU[1] to 2265600
I/ThermalEngine(  365): ACTION: CPU - Setting CPU[2] to 2265600
I/ThermalEngine(  365): ACTION: CPU - Setting CPU[3] to 2265600
D/AndroidRuntime( 7743): Calling main entry com.android.commands.settings.SettingsCmd
D/AndroidRuntime( 7743): Shutting down VM
I/ThermalEngine(  365): ACTION: CPU - Setting CPU[0] to 2457600
I/ThermalEngine(  365): ACTION: CPU - Setting CPU[1] to 2457600
I/ThermalEngine(  365): ACTION: CPU - Setting CPU[2] to 2457600
I/ThermalEngine(  365): ACTION: CPU - Setting CPU[3] to 2457600
I/ThermalEngine(  365): ACTION: CPU - Setting CPU[0] to 2496000
I/ThermalEngine(  365): ACTION: CPU - Setting CPU[1] to 2496000
I/ThermalEngine(  365): ACTION: CPU - Setting CPU[2] to 2496000
I/ThermalEngine(  365): ACTION: CPU - Setting CPU[3] to 2496000
D/AndroidRuntime( 7766): >>>>>> START com.android.internal.os.RuntimeInit uid 2000 <<<<<<
D/AndroidRuntime( 7766): CheckJNI is OFF
D/AndroidRuntime( 7766): Calling main entry com.android.commands.settings.SettingsCmd
D/AndroidRuntime( 7766): Shutting down VM
I/Icing   ( 1786): Indexing 56E614FFD07397CEEEC22860F95918E03DDAFFD2 from com.google.android.googlequicksearchbox
I/Icing   ( 1786): Indexing C3ED5E34441E152030641DF67E074CC76FEEF1FB from com.google.android.gms
I/Icing   ( 1786): Indexing done 56E614FFD07397CEEEC22860F95918E03DDAFFD2
I/Icing   ( 1786): Indexing done C3ED5E34441E152030641DF67E074CC76FEEF1FB
D/AndroidRuntime( 7794): >>>>>> START com.android.internal.os.RuntimeInit uid 2000 <<<<<<
D/AndroidRuntime( 7794): CheckJNI is OFF
D/AndroidRuntime( 7794): Calling main entry com.android.commands.settings.SettingsCmd
D/AndroidRuntime( 7794): Shutting down VM
D/AndroidRuntime( 7820): >>>>>> START com.android.internal.os.RuntimeInit uid 2000 <<<<<<
D/AndroidRuntime( 7820): CheckJNI is OFF
D/AndroidRuntime( 7820): Calling main entry com.android.commands.settings.SettingsCmd
D/AndroidRuntime( 7820): Shutting down VM
I/ThermalEngine(  365): ACTION: GPU - Setting GPU[0] to 300000000
I/ThermalEngine(  365): Mitigation:GPU[0]:300000000 Hz
I/ThermalEngine(  365): ACTION: CPU - Setting CPU[0] to 2457600
I/ThermalEngine(  365): ACTION: CPU - Setting CPU[1] to 2457600
I/ThermalEngine(  365): ACTION: CPU - Setting CPU[2] to 2457600
I/ThermalEngine(  365): ACTION: CPU - Setting CPU[3] to 2457600
D/AndroidRuntime( 7843): >>>>>> START com.android.internal.os.RuntimeInit uid 2000 <<<<<<
D/AndroidRuntime( 7843): CheckJNI is OFF
D/AndroidRuntime( 7843): Calling main entry com.android.commands.settings.SettingsCmd
D/AndroidRuntime( 7843): Shutting down VM
D/AndroidRuntime( 7868): >>>>>> START com.android.internal.os.RuntimeInit uid 2000 <<<<<<
D/AndroidRuntime( 7868): CheckJNI is OFF
D/AndroidRuntime( 7868): Calling main entry com.android.commands.pm.Pm
I/art     ( 7868): System.exit called, status: 0
I/AndroidRuntime( 7868): VM exiting with result code 0.
I/ThermalEngine(  365): ACTION: CPU - Setting CPU[0] to 2265600
I/ThermalEngine(  365): ACTION: CPU - Setting CPU[1] to 2265600
I/ThermalEngine(  365): ACTION: CPU - Setting CPU[2] to 2265600
I/ThermalEngine(  365): ACTION: CPU - Setting CPU[3] to 2265600
D/AndroidRuntime( 7926): >>>>>> START com.android.internal.os.RuntimeInit uid 2000 <<<<<<
D/AndroidRuntime( 7926): CheckJNI is OFF
D/AndroidRuntime( 7926): Calling main entry com.android.commands.pm.Pm
I/art     ( 7926): System.exit called, status: 0
I/AndroidRuntime( 7926): VM exiting with result code 0.
E/WifiStateMachine(  818): WifiStateMachine CMD_START_SCAN source -2 txSuccessRate=0.00 rxSuccessRate=0.00 targetRoamBSSID=any RSSI=-51
E/WifiStateMachine(  818): WifiStateMachine starting scan for "xtc-ag"WPA_PSK with 5240,2412,2437,5200,5180
D/AndroidRuntime( 8013): >>>>>> START com.android.internal.os.RuntimeInit uid 2000 <<<<<<
D/AndroidRuntime( 8013): CheckJNI is OFF
D/AndroidRuntime( 8013): Calling main entry com.android.commands.am.Am
W/ActivityManager(  818): Invalid packageName: com.careerbuilder.SugarDrone.test
D/AndroidRuntime( 8013): Shutting down VM
I/ThermalEngine(  365): ACTION: CPU - Setting CPU[0] to 1958400
I/ThermalEngine(  365): ACTION: CPU - Setting CPU[1] to 1958400
I/ThermalEngine(  365): ACTION: CPU - Setting CPU[2] to 1958400
I/ThermalEngine(  365): ACTION: CPU - Setting CPU[3] to 1958400
D/AndroidRuntime( 8043): >>>>>> START com.android.internal.os.RuntimeInit uid 2000 <<<<<<
D/AndroidRuntime( 8043): CheckJNI is OFF
D/AndroidRuntime( 8043): Calling main entry com.android.commands.pm.Pm
D/DefContainer( 6349): Copying /data/local/tmp/0000001116 to base.apk
D/PackageManager(  818): Renaming /data/app/vmdl1011058696.tmp to /data/app/com.careerbuilder.SugarDrone.test-1
I/PackageManager(  818): Running dexopt on: /data/app/com.careerbuilder.SugarDrone.test-1/base.apk pkg=com.careerbuilder.SugarDrone.test isa=arm vmSafeMode=false
I/dex2oat ( 8066): /system/bin/dex2oat --zip-fd=6 --zip-location=/data/app/com.careerbuilder.SugarDrone.test-1/base.apk --oat-fd=7 --oat-location=/data/dalvik-cache/arm/data@app@com.careerbuilder.SugarDrone.test-1@base.apk@classes.dex --instruction-set=arm --instruction-set-features=div --runtime-arg -Xms64m --runtime-arg -Xmx512m --swap-fd=8
I/dex2oat ( 8066): Decided to run without swap.
I/ThermalEngine(  365): ACTION: CPU - Setting CPU[0] to 1728000
I/ThermalEngine(  365): ACTION: CPU - Setting CPU[1] to 1728000
I/ThermalEngine(  365): ACTION: CPU - Setting CPU[2] to 1728000
I/ThermalEngine(  365): ACTION: CPU - Setting CPU[3] to 1728000
I/dex2oat ( 8066): dex2oat took 2.305s (threads: 4) arena alloc=1709KB java alloc=1929KB native alloc=6MB free=9MB
V/BackupManagerService(  818): restoreAtInstall pkg=com.careerbuilder.SugarDrone.test token=7 restoreSet=0
V/BackupManagerService(  818): Finishing install immediately
I/InputReader(  818): Reconfiguring input devices.  changes=0x00000010
W/InputMethodInfo(  818): Duplicated subtype definition found: , voice
D/BuaReceiver( 3811): ====== got intent:Intent { act=android.intent.action.PACKAGE_ADDED dat=package:com.careerbuilder.SugarDrone.test flg=0x4000010 cmp=com.motorola.android.buacontactadapter/.BuaReceiver (has extras) }
D/BackupManagerService(  818): Received broadcast Intent { act=android.intent.action.PACKAGE_ADDED dat=package:com.careerbuilder.SugarDrone.test flg=0x4000010 (has extras) }
W/BackupManagerService(  818): Removing schedule queue dupe of com.careerbuilder.SugarDrone.test
W/Settings(  818): Setting install_non_market_apps has moved from android.provider.Settings.Global to android.provider.Settings.Secure, returning read-only value.
I/UpdateIcingCorporaServi( 2874): Updating corpora: APPS=com.careerbuilder.SugarDrone.test, CONTACTS=MAYBE
I/ApplicationLogger( 2874): canRun() : Opted Out
I/UpdateIcingCorporaServi( 2874): UpdateCorporaTask done [took 35 ms] updated apps [took 35 ms] 
D/Wear_Controller( 1786): Received broadcast action=android.intent.action.PACKAGE_ADDED and uri=com.careerbuilder.SugarDrone.test
I/PeopleContactsSync( 1786): triggerPendingContactsCleanup: no accounts
W/IcingInternalCorpora( 1786): getNumBytesRead when not calculated.
I/Icing   ( 1786): Usage reports 0 indexed 0 rejected 0 imm upload false
I/art     (  818): Explicit concurrent mark sweep GC freed 84101(4MB) AllocSpace objects, 31(2MB) LOS objects, 30% free, 37MB/53MB, paused 2.217ms total 300.521ms
I/art     ( 8043): System.exit called, status: 0
I/AndroidRuntime( 8043): VM exiting with result code 0.
I/art     ( 1786): Explicit concurrent mark sweep GC freed 62910(3MB) AllocSpace objects, 19(327KB) LOS objects, 20% free, 31MB/39MB, paused 842us total 118.525ms
I/Icing   ( 1786): Usage reports 0 indexed 0 rejected 0 imm upload false
D/AndroidRuntime( 8149): >>>>>> START com.android.internal.os.RuntimeInit uid 2000 <<<<<<
D/AndroidRuntime( 8149): CheckJNI is OFF
D/AndroidRuntime( 8149): Calling main entry com.android.commands.settings.SettingsCmd
D/AndroidRuntime( 8149): Shutting down VM
D/AndroidRuntime( 8173): >>>>>> START com.android.internal.os.RuntimeInit uid 2000 <<<<<<
D/AndroidRuntime( 8173): CheckJNI is OFF
I/Icing   ( 1786): Indexing C3ED5E34441E152030641DF67E074CC76FEEF1FB from com.google.android.gms
I/Icing   ( 1786): Indexing done C3ED5E34441E152030641DF67E074CC76FEEF1FB
D/AndroidRuntime( 8173): Calling main entry com.android.commands.settings.SettingsCmd
D/AndroidRuntime( 8173): Shutting down VM
--------- beginning of crash
F/libc    ( 8173): Fatal signal 11 (SIGSEGV), code 1, fault addr 0xb45a01b0 in tid 8191 (Binder_1)
E/DEBUG   (  354): unexpected waitpid response: n=8191, status=00000001
E/DEBUG   (  354): tid exited before attach completed: tid 8191
D/AndroidRuntime( 8200): >>>>>> START com.android.internal.os.RuntimeInit uid 2000 <<<<<<
D/AndroidRuntime( 8200): CheckJNI is OFF
D/AndroidRuntime( 8200): Calling main entry com.android.commands.settings.SettingsCmd
D/AndroidRuntime( 8200): Shutting down VM
D/AndroidRuntime( 8224): >>>>>> START com.android.internal.os.RuntimeInit uid 2000 <<<<<<
D/AndroidRuntime( 8224): CheckJNI is OFF
D/AndroidRuntime( 8224): Calling main entry com.android.commands.settings.SettingsCmd
D/AndroidRuntime( 8224): Shutting down VM
I/ThermalEngine(  365): ACTION: CPU - Setting CPU[0] to 1574400
I/ThermalEngine(  365): ACTION: CPU - Setting CPU[1] to 1574400
I/ThermalEngine(  365): ACTION: CPU - Setting CPU[2] to 1574400
I/ThermalEngine(  365): ACTION: CPU - Setting CPU[3] to 1574400
D/AndroidRuntime( 8249): >>>>>> START com.android.internal.os.RuntimeInit uid 2000 <<<<<<
D/AndroidRuntime( 8249): CheckJNI is OFF
D/AndroidRuntime( 8249): Calling main entry com.android.commands.settings.SettingsCmd
D/AndroidRuntime( 8249): Shutting down VM
D/AndroidRuntime( 8272): >>>>>> START com.android.internal.os.RuntimeInit uid 2000 <<<<<<
D/AndroidRuntime( 8272): CheckJNI is OFF
D/AndroidRuntime( 8272): Calling main entry com.android.commands.pm.Pm
I/art     ( 8272): System.exit called, status: 0
I/AndroidRuntime( 8272): VM exiting with result code 0.
I/ThermalEngine(  365): ACTION: GPU - Setting GPU[0] to 389000000
I/ThermalEngine(  365): Mitigation:GPU[0]:389000000 Hz
I/ThermalEngine(  365): ACTION: CPU - Setting CPU[0] to 1728000
I/ThermalEngine(  365): ACTION: CPU - Setting CPU[1] to 1728000
I/ThermalEngine(  365): ACTION: CPU - Setting CPU[2] to 1728000
I/ThermalEngine(  365): ACTION: CPU - Setting CPU[3] to 1728000
D/AndroidRuntime( 8330): >>>>>> START com.android.internal.os.RuntimeInit uid 2000 <<<<<<
D/AndroidRuntime( 8330): CheckJNI is OFF
D/AndroidRuntime( 8330): Calling main entry com.android.commands.pm.Pm
I/art     ( 8330): System.exit called, status: 0
I/AndroidRuntime( 8330): VM exiting with result code 0.
I/ThermalEngine(  365): ACTION: GPU - Setting GPU[0] to 500000000
I/ThermalEngine(  365): Mitigation:GPU[0]:500000000 Hz
I/ThermalEngine(  365): ACTION: CPU - Setting CPU[0] to 1958400
I/ThermalEngine(  365): ACTION: CPU - Setting CPU[1] to 1958400
I/ThermalEngine(  365): ACTION: CPU - Setting CPU[2] to 1958400
I/ThermalEngine(  365): ACTION: CPU - Setting CPU[3] to 1958400
D/AndroidRuntime( 8404): >>>>>> START com.android.internal.os.RuntimeInit uid 2000 <<<<<<
D/AndroidRuntime( 8404): CheckJNI is OFF
D/AndroidRuntime( 8404): Calling main entry com.android.commands.input.Input
I/Input   ( 8404): injectKeyEvent: KeyEvent { action=ACTION_DOWN, keyCode=KEYCODE_BACK, scanCode=0, metaState=0, flags=0x0, repeatCount=0, eventTime=245638, downTime=245638, deviceId=-1, source=0x101 }
I/Input   ( 8404): injectKeyEvent: KeyEvent { action=ACTION_UP, keyCode=KEYCODE_BACK, scanCode=0, metaState=0, flags=0x0, repeatCount=0, eventTime=245638, downTime=245638, deviceId=-1, source=0x101 }
D/AndroidRuntime( 8404): Shutting down VM
D/AndroidRuntime( 8462): >>>>>> START com.android.internal.os.RuntimeInit uid 2000 <<<<<<
D/AndroidRuntime( 8462): CheckJNI is OFF
D/AndroidRuntime( 8462): Calling main entry com.android.commands.input.Input
I/Input   ( 8462): injectKeyEvent: KeyEvent { action=ACTION_DOWN, keyCode=KEYCODE_HOME, scanCode=0, metaState=0, flags=0x0, repeatCount=0, eventTime=247171, downTime=247171, deviceId=-1, source=0x101 }
I/Input   ( 8462): injectKeyEvent: KeyEvent { action=ACTION_UP, keyCode=KEYCODE_HOME, scanCode=0, metaState=0, flags=0x0, repeatCount=0, eventTime=247171, downTime=247171, deviceId=-1, source=0x101 }
I/ActivityManager(  818): START u0 {act=android.intent.action.MAIN cat=[android.intent.category.HOME] flg=0x10200000 cmp=com.google.android.googlequicksearchbox/com.google.android.launcher.GEL} from uid 1000 on display 0
D/AndroidRuntime( 8462): Shutting down VM
I/GEL     ( 1364): handleIntent(Intent { act=android.intent.action.MAIN cat=[android.intent.category.HOME] flg=0x10200000 cmp=com.google.android.googlequicksearchbox/com.google.android.launcher.GEL })
I/ThermalEngine(  365): ACTION: GPU - Setting GPU[0] to 600000000
I/ThermalEngine(  365): Mitigation:GPU[0]:600000000 Hz
I/ThermalEngine(  365): ACTION: CPU - Setting CPU[0] to 2265600
I/ThermalEngine(  365): ACTION: CPU - Setting CPU[1] to 2265600
I/ThermalEngine(  365): ACTION: CPU - Setting CPU[2] to 2265600
I/ThermalEngine(  365): ACTION: CPU - Setting CPU[3] to 2265600
D/AndroidRuntime( 8495): >>>>>> START com.android.internal.os.RuntimeInit uid 2000 <<<<<<
D/AndroidRuntime( 8495): CheckJNI is OFF
D/AndroidRuntime( 8495): Calling main entry com.android.commands.input.Input
I/Input   ( 8495): injectKeyEvent: KeyEvent { action=ACTION_DOWN, keyCode=KEYCODE_BACK, scanCode=0, metaState=0, flags=0x0, repeatCount=0, eventTime=248276, downTime=248276, deviceId=-1, source=0x101 }
I/Input   ( 8495): injectKeyEvent: KeyEvent { action=ACTION_UP, keyCode=KEYCODE_BACK, scanCode=0, metaState=0, flags=0x0, repeatCount=0, eventTime=248276, downTime=248276, deviceId=-1, source=0x101 }
D/AndroidRuntime( 8495): Shutting down VM
D/AndroidRuntime( 8528): >>>>>> START com.android.internal.os.RuntimeInit uid 2000 <<<<<<
D/AndroidRuntime( 8528): CheckJNI is OFF
D/AndroidRuntime( 8528): Calling main entry com.android.commands.am.Am
I/ActivityManager(  818): Force stopping com.careerbuilder.SugarDrone appid=12903 user=0: start instr
I/art     ( 8549): Late-enabling -Xcheck:jni
I/ActivityManager(  818): Start proc 8549:com.careerbuilder.SugarDrone/u0a2903 for added application com.careerbuilder.SugarDrone
W/monodroid( 8549): Using override path: /data/data/com.careerbuilder.SugarDrone/files/.__override__
W/monodroid( 8549): Trying to load sgen from: /data/data/com.careerbuilder.SugarDrone/files/.__override__/libmonosgen-2.0.so
W/monodroid( 8549): Trying to load sgen from: /storage/emulated/0/Android/data/com.careerbuilder.SugarDrone/files/.__override__/libmonosgen-2.0.so
W/monodroid( 8549): Trying to load sgen from: /data/app/com.careerbuilder.SugarDrone-1/lib/arm/libmonosgen-2.0.so
D/Mono    ( 8549): Image addref mscorlib[0xb4ae8520] -> mscorlib.dll[0xb483e400]: 2
D/Mono    ( 8549): Prepared to set up assembly 'mscorlib' (mscorlib.dll)
D/Mono    ( 8549): AOT module 'mscorlib.dll.so' not found: dlopen failed: library "/data/app/com.careerbuilder.SugarDrone-1/lib/arm/libaot-mscorlib.dll.so" not found
D/Mono    ( 8549): AOT module '/Users/builder/data/lanes/4009/f3074d2c/source/monodroid/builds/install/mono-armv6/lib/mono/aot-cache/arm/mscorlib.dll.so' not found: dlopen failed: library "/data/app/com.careerbuilder.SugarDrone-1/lib/arm/libaot-mscorlib.dll.so" not found
D/Mono    ( 8549): Config attempting to parse: 'mscorlib.dll.config'.
D/Mono    ( 8549): Config attempting to parse: '/Users/builder/data/lanes/4009/f3074d2c/source/monodroid/builds/install/mono-armv6/etc/mono/assemblies/mscorlib/mscorlib.config'.
D/Mono    ( 8549): Assembly mscorlib[0xb4ae8520] added to domain RootDomain, ref_count=1
D/Mono    ( 8549): Image addref CareerBuilder_Search.Droid[0xb4ae8580] -> CareerBuilder_Search.Droid.dll[0xb483f800]: 2
D/Mono    ( 8549): Prepared to set up assembly 'CareerBuilder_Search.Droid' (CareerBuilder_Search.Droid.dll)
D/Mono    ( 8549): Assembly CareerBuilder_Search.Droid[0xb4ae8580] added to domain RootDomain, ref_count=1
D/Mono    ( 8549): AOT module 'CareerBuilder_Search.Droid.dll.so' not found: dlopen failed: library "/data/app/com.careerbuilder.SugarDrone-1/lib/arm/libaot-CareerBuilder_Search.Droid.dll.so" not found
D/Mono    ( 8549): AOT module '/Users/builder/data/lanes/4009/f3074d2c/source/monodroid/builds/install/mono-armv6/lib/mono/aot-cache/arm/CareerBuilder_Search.Droid.dll.so' not found: dlopen failed: library "/data/app/com.careerbuilder.SugarDrone-1/lib/arm/libaot-CareerBuilder_Search.Droid.dll.so" not found
D/Mono    ( 8549): Config attempting to parse: 'CareerBuilder_Search.Droid.dll.config'.
D/Mono    ( 8549): Config attempting to parse: '/Users/builder/data/lanes/4009/f3074d2c/source/monodroid/builds/install/mono-armv6/etc/mono/assemblies/CareerBuilder_Search.Droid/CareerBuilder_Search.Droid.config'.
D/Mono    ( 8549): Image addref AppsFlyerXamarinBindingAndroid[0xb4ae85e0] -> AppsFlyerXamarinBindingAndroid.dll[0xb483fd00]: 2
D/Mono    ( 8549): Prepared to set up assembly 'AppsFlyerXamarinBindingAndroid' (AppsFlyerXamarinBindingAndroid.dll)
D/Mono    ( 8549): Assembly AppsFlyerXamarinBindingAndroid[0xb4ae85e0] added to domain RootDomain, ref_count=1
D/Mono    ( 8549): AOT module 'AppsFlyerXamarinBindingAndroid.dll.so' not found: dlopen failed: library "/data/app/com.careerbuilder.SugarDrone-1/lib/arm/libaot-AppsFlyerXamarinBindingAndroid.dll.so" not found
D/Mono    ( 8549): AOT module '/Users/builder/data/lanes/4009/f3074d2c/source/monodroid/builds/install/mono-armv6/lib/mono/aot-cache/arm/AppsFlyerXamarinBindingAndroid.dll.so' not found: dlopen failed: library "/data/app/com.careerbuilder.SugarDrone-1/lib/arm/libaot-AppsFlyerXamarinBindingAndroid.dll.so" not found
D/Mono    ( 8549): Config attempting to parse: 'AppsFlyerXamarinBindingAndroid.dll.config'.
D/Mono    ( 8549): Config attempting to parse: '/Users/builder/data/lanes/4009/f3074d2c/source/monodroid/builds/install/mono-armv6/etc/mono/assemblies/AppsFlyerXamarinBindingAndroid/AppsFlyerXamarinBindingAndroid.config'.
D/Mono    ( 8549): Image addref HockeySDK[0xb4ae8640] -> HockeySDK.dll[0xb4840200]: 2
D/Mono    ( 8549): Prepared to set up assembly 'HockeySDK' (HockeySDK.dll)
D/Mono    ( 8549): Assembly HockeySDK[0xb4ae8640] added to domain RootDomain, ref_count=1
D/Mono    ( 8549): AOT module 'HockeySDK.dll.so' not found: dlopen failed: library "/data/app/com.careerbuilder.SugarDrone-1/lib/arm/libaot-HockeySDK.dll.so" not found
D/Mono    ( 8549): AOT module '/Users/builder/data/lanes/4009/f3074d2c/source/monodroid/builds/install/mono-armv6/lib/mono/aot-cache/arm/HockeySDK.dll.so' not found: dlopen failed: library "/data/app/com.careerbuilder.SugarDrone-1/lib/arm/libaot-HockeySDK.dll.so" not found
D/Mono    ( 8549): Config attempting to parse: 'HockeySDK.dll.config'.
D/Mono    ( 8549): Config attempting to parse: '/Users/builder/data/lanes/4009/f3074d2c/source/monodroid/builds/install/mono-armv6/etc/mono/assemblies/HockeySDK/HockeySDK.config'.
D/Mono    ( 8549): Image addref Akavache[0xb4ae86a0] -> Akavache.dll[0xb4840700]: 2
D/Mono    ( 8549): Prepared to set up assembly 'Akavache' (Akavache.dll)
D/Mono    ( 8549): Assembly Akavache[0xb4ae86a0] added to domain RootDomain, ref_count=1
D/Mono    ( 8549): AOT module 'Akavache.dll.so' not found: dlopen failed: library "/data/app/com.careerbuilder.SugarDrone-1/lib/arm/libaot-Akavache.dll.so" not found
D/Mono    ( 8549): AOT module '/Users/builder/data/lanes/4009/f3074d2c/source/monodroid/builds/install/mono-armv6/lib/mono/aot-cache/arm/Akavache.dll.so' not found: dlopen failed: library "/data/app/com.careerbuilder.SugarDrone-1/lib/arm/libaot-Akavache.dll.so" not found
D/Mono    ( 8549): Config attempting to parse: 'Akavache.dll.config'.
D/Mono    ( 8549): Config attempting to parse: '/Users/builder/data/lanes/4009/f3074d2c/source/monodroid/builds/install/mono-armv6/etc/mono/assemblies/Akavache/Akavache.config'.
D/Mono    ( 8549): Image addref Akavache.Sqlite3[0xb4ae8700] -> Akavache.Sqlite3.dll[0xb4841100]: 2
D/Mono    ( 8549): Prepared to set up assembly 'Akavache.Sqlite3' (Akavache.Sqlite3.dll)
D/Mono    ( 8549): Assembly Akavache.Sqlite3[0xb4ae8700] added to domain RootDomain, ref_count=1
D/Mono    ( 8549): AOT module 'Akavache.Sqlite3.dll.so' not found: dlopen failed: library "/data/app/com.careerbuilder.SugarDrone-1/lib/arm/libaot-Akavache.Sqlite3.dll.so" not found
D/Mono    ( 8549): AOT module '/Users/builder/data/lanes/4009/f3074d2c/source/monodroid/builds/install/mono-armv6/lib/mono/aot-cache/arm/Akavache.Sqlite3.dll.so' not found: dlopen failed: library "/data/app/com.careerbuilder.SugarDrone-1/lib/arm/libaot-Akavache.Sqlite3.dll.so" not found
W/        ( 8549): Symbol file LoadedFromMemory doesn't match image Akavache.Sqlite3.dll
D/Mono    ( 8549): Config attempting to parse: 'Akavache.Sqlite3.dll.config'.
D/Mono    ( 8549): Config attempting to parse: '/Users/builder/data/lanes/4009/f3074d2c/source/monodroid/builds/install/mono-armv6/etc/mono/assemblies/Akavache.Sqlite3/Akavache.Sqlite3.config'.
D/Mono    ( 8549): Image addref Splat[0xb4ae8760] -> Splat.dll[0xb4841b00]: 2
D/Mono    ( 8549): Prepared to set up assembly 'Splat' (Splat.dll)
D/Mono    ( 8549): Assembly Splat[0xb4ae8760] added to domain RootDomain, ref_count=1
D/Mono    ( 8549): AOT module 'Splat.dll.so' not found: dlopen failed: library "/data/app/com.careerbuilder.SugarDrone-1/lib/arm/libaot-Splat.dll.so" not found
D/Mono    ( 8549): AOT module '/Users/builder/data/lanes/4009/f3074d2c/source/monodroid/builds/install/mono-armv6/lib/mono/aot-cache/arm/Splat.dll.so' not found: dlopen failed: library "/data/app/com.careerbuilder.SugarDrone-1/lib/arm/libaot-Splat.dll.so" not found
D/Mono    ( 8549): Config attempting to parse: 'Splat.dll.config'.
D/Mono    ( 8549): Config attempting to parse: '/Users/builder/data/lanes/4009/f3074d2c/source/monodroid/builds/install/mono-armv6/etc/mono/assemblies/Splat/Splat.config'.
D/Mono    ( 8549): Image addref Microsoft.Practices.ServiceLocation[0xb4ae87c0] -> Microsoft.Practices.ServiceLocation.dll[0xb4842500]: 2
D/Mono    ( 8549): Prepared to set up assembly 'Microsoft.Practices.ServiceLocation' (Microsoft.Practices.ServiceLocation.dll)
D/Mono    ( 8549): Assembly Microsoft.Practices.ServiceLocation[0xb4ae87c0] added to domain RootDomain, ref_count=1
D/Mono    ( 8549): AOT module 'Microsoft.Practices.ServiceLocation.dll.so' not found: dlopen failed: library "/data/app/com.careerbuilder.SugarDrone-1/lib/arm/libaot-Microsoft.Practices.ServiceLocation.dll.so" not found
D/Mono    ( 8549): AOT module '/Users/builder/data/lanes/4009/f3074d2c/source/monodroid/builds/install/mono-armv6/lib/mono/aot-cache/arm/Microsoft.Practices.ServiceLocation.dll.so' not found: dlopen failed: library "/data/app/com.careerbuilder.SugarDrone-1/lib/arm/libaot-Microsoft.Practices.ServiceLocation.dll.so" not found
D/Mono    ( 8549): Config attempting to parse: 'Microsoft.Practices.ServiceLocation.dll.config'.
D/Mono    ( 8549): Config attempting to parse: '/Users/builder/data/lanes/4009/f3074d2c/source/monodroid/builds/install/mono-armv6/etc/mono/assemblies/Microsoft.Practices.ServiceLocation/Microsoft.Practices.ServiceLocation.config'.
D/Mono    ( 8549): Image addref Microsoft.Practices.Unity[0xb4ae8820] -> Microsoft.Practices.Unity.dll[0xb4842a00]: 2
D/Mono    ( 8549): Prepared to set up assembly 'Microsoft.Practices.Unity' (Microsoft.Practices.Unity.dll)
D/Mono    ( 8549): Assembly Microsoft.Practices.Unity[0xb4ae8820] added to domain RootDomain, ref_count=1
D/Mono    ( 8549): AOT module 'Microsoft.Practices.Unity.dll.so' not found: dlopen failed: library "/data/app/com.careerbuilder.SugarDrone-1/lib/arm/libaot-Microsoft.Practices.Unity.dll.so" not found
D/Mono    ( 8549): AOT module '/Users/builder/data/lanes/4009/f3074d2c/source/monodroid/builds/install/mono-armv6/lib/mono/aot-cache/arm/Microsoft.Practices.Unity.dll.so' not found: dlopen failed: library "/data/app/com.careerbuilder.SugarDrone-1/lib/arm/libaot-Microsoft.Practices.Unity.dll.so" not found
D/Mono    ( 8549): Config attempting to parse: 'Microsoft.Practices.Unity.dll.config'.
D/Mono    ( 8549): Config attempting to parse: '/Users/builder/data/lanes/4009/f3074d2c/source/monodroid/builds/install/mono-armv6/etc/mono/assemblies/Microsoft.Practices.Unity/Microsoft.Practices.Unity.config'.
D/Mono    ( 8549): Image addref Plugin.CurrentActivity[0xb4ae8880] -> Plugin.CurrentActivity.dll[0xb4843400]: 2
D/Mono    ( 8549): Prepared to set up assembly 'Plugin.CurrentActivity' (Plugin.CurrentActivity.dll)
D/Mono    ( 8549): Assembly Plugin.CurrentActivity[0xb4ae8880] added to domain RootDomain, ref_count=1
D/Mono    ( 8549): AOT module 'Plugin.CurrentActivity.dll.so' not found: dlopen failed: library "/data/app/com.careerbuilder.SugarDrone-1/lib/arm/libaot-Plugin.CurrentActivity.dll.so" not found
D/Mono    ( 8549): AOT module '/Users/builder/data/lanes/4009/f3074d2c/source/monodroid/builds/install/mono-armv6/lib/mono/aot-cache/arm/Plugin.CurrentActivity.dll.so' not found: dlopen failed: library "/data/app/com.careerbuilder.SugarDrone-1/lib/arm/libaot-Plugin.CurrentActivity.dll.so" not found
D/Mono    ( 8549): Config attempting to parse: 'Plugin.CurrentActivity.dll.config'.
D/Mono    ( 8549): Config attempting to parse: '/Users/builder/data/lanes/4009/f3074d2c/source/monodroid/builds/install/mono-armv6/etc/mono/assemblies/Plugin.CurrentActivity/Plugin.CurrentActivity.config'.
D/Mono    ( 8549): Image addref Plugin.Permissions[0xb4ae88e0] -> Plugin.Permissions.dll[0xb4843900]: 2
D/Mono    ( 8549): Prepared to set up assembly 'Plugin.Permissions' (Plugin.Permissions.dll)
D/Mono    ( 8549): Assembly Plugin.Permissions[0xb4ae88e0] added to domain RootDomain, ref_count=1
D/Mono    ( 8549): AOT module 'Plugin.Permissions.dll.so' not found: dlopen failed: library "/data/app/com.careerbuilder.SugarDrone-1/lib/arm/libaot-Plugin.Permissions.dll.so" not found
D/Mono    ( 8549): AOT module '/Users/builder/data/lanes/4009/f3074d2c/source/monodroid/builds/install/mono-armv6/lib/mono/aot-cache/arm/Plugin.Permissions.dll.so' not found: dlopen failed: library "/data/app/com.careerbuilder.SugarDrone-1/lib/arm/libaot-Plugin.Permissions.dll.so" not found
D/Mono    ( 8549): Config attempting to parse: 'Plugin.Permissions.dll.config'.
D/Mono    ( 8549): Config attempting to parse: '/Users/builder/data/lanes/4009/f3074d2c/source/monodroid/builds/install/mono-armv6/etc/mono/assemblies/Plugin.Permissions/Plugin.Permissions.config'.
D/Mono    ( 8549): Image addref Plugin.Permissions.Abstractions[0xb4ae8940] -> Plugin.Permissions.Abstractions.dll[0xb4843e00]: 2
D/Mono    ( 8549): Prepared to set up assembly 'Plugin.Permissions.Abstractions' (Plugin.Permissions.Abstractions.dll)
D/Mono    ( 8549): Assembly Plugin.Permissions.Abstractions[0xb4ae8940] added to domain RootDomain, ref_count=1
D/Mono    ( 8549): AOT module 'Plugin.Permissions.Abstractions.dll.so' not found: dlopen failed: library "/data/app/com.careerbuilder.SugarDrone-1/lib/arm/libaot-Plugin.Permissions.Abstractions.dll.so" not found
D/Mono    ( 8549): AOT module '/Users/builder/data/lanes/4009/f3074d2c/source/monodroid/builds/install/mono-armv6/lib/mono/aot-cache/arm/Plugin.Permissions.Abstractions.dll.so' not found: dlopen failed: library "/data/app/com.careerbuilder.SugarDrone-1/lib/arm/libaot-Plugin.Permissions.Abstractions.dll.so" not found
D/Mono    ( 8549): Config attempting to parse: 'Plugin.Permissions.Abstractions.dll.config'.
D/Mono    ( 8549): Config attempting to parse: '/Users/builder/data/lanes/4009/f3074d2c/source/monodroid/builds/install/mono-armv6/etc/mono/assemblies/Plugin.Permissions.Abstractions/Plugin.Permissions.Abstractions.config'.
D/Mono    ( 8549): Image addref Plugin.Geolocator[0xb4ae89a0] -> Plugin.Geolocator.dll[0xb4844300]: 2
D/Mono    ( 8549): Prepared to set up assembly 'Plugin.Geolocator' (Plugin.Geolocator.dll)
D/Mono    ( 8549): Assembly Plugin.Geolocator[0xb4ae89a0] added to domain RootDomain, ref_count=1
D/Mono    ( 8549): AOT module 'Plugin.Geolocator.dll.so' not found: dlopen failed: library "/data/app/com.careerbuilder.SugarDrone-1/lib/arm/libaot-Plugin.Geolocator.dll.so" not found
D/Mono    ( 8549): AOT module '/Users/builder/data/lanes/4009/f3074d2c/source/monodroid/builds/install/mono-armv6/lib/mono/aot-cache/arm/Plugin.Geolocator.dll.so' not found: dlopen failed: library "/data/app/com.careerbuilder.SugarDrone-1/lib/arm/libaot-Plugin.Geolocator.dll.so" not found
D/Mono    ( 8549): Config attempting to parse: 'Plugin.Geolocator.dll.config'.
D/Mono    ( 8549): Config attempting to parse: '/Users/builder/data/lanes/4009/f3074d2c/source/monodroid/builds/install/mono-armv6/etc/mono/assemblies/Plugin.Geolocator/Plugin.Geolocator.config'.
D/Mono    ( 8549): Image addref Plugin.Geolocator.Abstractions[0xb4ae8a00] -> Plugin.Geolocator.Abstractions.dll[0xb4844800]: 2
D/Mono    ( 8549): Prepared to set up assembly 'Plugin.Geolocator.Abstractions' (Plugin.Geolocator.Abstractions.dll)
D/Mono    ( 8549): Assembly Plugin.Geolocator.Abstractions[0xb4ae8a00] added to domain RootDomain, ref_count=1
D/Mono    ( 8549): AOT module 'Plugin.Geolocator.Abstractions.dll.so' not found: dlopen failed: library "/data/app/com.careerbuilder.SugarDrone-1/lib/arm/libaot-Plugin.Geolocator.Abstractions.dll.so" not found
D/Mono    ( 8549): AOT module '/Users/builder/data/lanes/4009/f3074d2c/source/monodroid/builds/install/mono-armv6/lib/mono/aot-cache/arm/Plugin.Geolocator.Abstractions.dll.so' not found: dlopen failed: library "/data/app/com.careerbuilder.SugarDrone-1/lib/arm/libaot-Plugin.Geolocator.Abstractions.dll.so" not found
D/Mono    ( 8549): Config attempting to parse: 'Plugin.Geolocator.Abstractions.dll.config'.
D/Mono    ( 8549): Config attempting to parse: '/Users/builder/data/lanes/4009/f3074d2c/source/monodroid/builds/install/mono-armv6/etc/mono/assemblies/Plugin.Geolocator.Abstractions/Plugin.Geolocator.Abstractions.config'.
D/Mono    ( 8549): Image addref Plugin.DeviceInfo[0xb4ae8a60] -> Plugin.DeviceInfo.dll[0xb4844d00]: 2
D/Mono    ( 8549): Prepared to set up assembly 'Plugin.DeviceInfo' (Plugin.DeviceInfo.dll)
D/Mono    ( 8549): Assembly Plugin.DeviceInfo[0xb4ae8a60] added to domain RootDomain, ref_count=1
D/Mono    ( 8549): AOT module 'Plugin.DeviceInfo.dll.so' not found: dlopen failed: library "/data/app/com.careerbuilder.SugarDrone-1/lib/arm/libaot-Plugin.DeviceInfo.dll.so" not found
D/Mono    ( 8549): AOT module '/Users/builder/data/lanes/4009/f3074d2c/source/monodroid/builds/install/mono-armv6/lib/mono/aot-cache/arm/Plugin.DeviceInfo.dll.so' not found: dlopen failed: library "/data/app/com.careerbuilder.SugarDrone-1/lib/arm/libaot-Plugin.DeviceInfo.dll.so" not found
D/Mono    ( 8549): Config attempting to parse: 'Plugin.DeviceInfo.dll.config'.
D/Mono    ( 8549): Config attempting to parse: '/Users/builder/data/lanes/4009/f3074d2c/source/monodroid/builds/install/mono-armv6/etc/mono/assemblies/Plugin.DeviceInfo/Plugin.DeviceInfo.config'.
D/Mono    ( 8549): Image addref Plugin.DeviceInfo.Abstractions[0xb4ae8ac0] -> Plugin.DeviceInfo.Abstractions.dll[0xb4845200]: 2
D/Mono    ( 8549): Prepared to set up assembly 'Plugin.DeviceInfo.Abstractions' (Plugin.DeviceInfo.Abstractions.dll)
D/Mono    ( 8549): Assembly Plugin.DeviceInfo.Abstractions[0xb4ae8ac0] added to domain RootDomain, ref_count=1
D/Mono    ( 8549): AOT module 'Plugin.DeviceInfo.Abstractions.dll.so' not found: dlopen failed: library "/data/app/com.careerbuilder.SugarDrone-1/lib/arm/libaot-Plugin.DeviceInfo.Abstractions.dll.so" not found
D/Mono    ( 8549): AOT module '/Users/builder/data/lanes/4009/f3074d2c/source/monodroid/builds/install/mono-armv6/lib/mono/aot-cache/arm/Plugin.DeviceInfo.Abstractions.dll.so' not found: dlopen failed: library "/data/app/com.careerbuilder.SugarDrone-1/lib/arm/libaot-Plugin.DeviceInfo.Abstractions.dll.so" not found
D/Mono    ( 8549): Config attempting to parse: 'Plugin.DeviceInfo.Abstractions.dll.config'.
D/Mono    ( 8549): Config attempting to parse: '/Users/builder/data/lanes/4009/f3074d2c/source/monodroid/builds/install/mono-armv6/etc/mono/assemblies/Plugin.DeviceInfo.Abstractions/Plugin.DeviceInfo.Abstractions.config'.
D/Mono    ( 8549): Image addref Xamarin.GooglePlayServices.Analytics[0xb4ae8b20] -> Xamarin.GooglePlayServices.Analytics.dll[0xb4845700]: 2
D/Mono    ( 8549): Prepared to set up assembly 'Xamarin.GooglePlayServices.Analytics' (Xamarin.GooglePlayServices.Analytics.dll)
D/Mono    ( 8549): Assembly Xamarin.GooglePlayServices.Analytics[0xb4ae8b20] added to domain RootDomain, ref_count=1
D/Mono    ( 8549): AOT module 'Xamarin.GooglePlayServices.Analytics.dll.so' not found: dlopen failed: library "/data/app/com.careerbuilder.SugarDrone-1/lib/arm/libaot-Xamarin.GooglePlayServices.Analytics.dll.so" not found
D/Mono    ( 8549): AOT module '/Users/builder/data/lanes/4009/f3074d2c/source/monodroid/builds/install/mono-armv6/lib/mono/aot-cache/arm/Xamarin.GooglePlayServices.Analytics.dll.so' not found: dlopen failed: library "/data/app/com.careerbuilder.SugarDrone-1/lib/arm/libaot-Xamarin.GooglePlayServices.Analytics.dll.so" not found
D/Mono    ( 8549): Config attempting to parse: 'Xamarin.GooglePlayServices.Analytics.dll.config'.
