<![CDATA[E/WifiConfigStore(  821):  rewrite network history for "xtc"WPA_PSK
E/WifiConfigStore(  821): writeKnownNetworkHistory write linked 2
E/WifiConfigStore(  821): writeKnownNetworkHistory write linked 2
E/WifiConfigStore(  821): writeKnownNetworkHistory write linked 2
I/EventLogChimeraService( 1787): Aggregate from 1489604748872 (log), 1489602982165 (data)
D/Finsky  ( 3456): [1] 5.onFinished: Installation state replication succeeded.

]]><xtc-scenario name="[0-1076]CareerBuilder_Search.DroidFeatureTests.AppStartTests.GoThroughAllValueProps" id="[0-1076]CareerBuilder_Search.DroidFeatureTests.AppStartTests.GoThroughAllValueProps"><![CDATA[
W/ProcessCpuTracker(  821): Skipping unknown process pid 6620
W/PlatformStatsUtil( 1787): Could not retrieve Usage & Diagnostics setting. Giving up.

]]><xtc-step name="[0-1076]CareerBuilder_Search.DroidFeatureTests.AppStartTests.GoThroughAllValueProps-GoThroughAllValueProps" id="[0-1076]CareerBuilder_Search.DroidFeatureTests.AppStartTests.GoThroughAllValueProps-GoThroughAllValueProps"><![CDATA[
D/AndroidRuntime( 6663): >>>>>> START com.android.internal.os.RuntimeInit uid 2000 <<<<<<
D/AndroidRuntime( 6663): CheckJNI is OFF
D/AndroidRuntime( 6663): Calling main entry com.android.commands.pm.Pm
I/art     ( 6663): System.exit called, status: 0
I/AndroidRuntime( 6663): VM exiting with result code 0.
D/AndroidRuntime( 6831): >>>>>> START com.android.internal.os.RuntimeInit uid 2000 <<<<<<
D/AndroidRuntime( 6831): CheckJNI is OFF
D/AndroidRuntime( 6831): Calling main entry com.android.commands.am.Am
W/ActivityManager(  821): Invalid packageName: com.careerbuilder.SugarDrone
D/AndroidRuntime( 6831): Shutting down VM
E/WifiStateMachine(  821): WifiStateMachine CMD_START_SCAN source -2 txSuccessRate=0.00 rxSuccessRate=0.00 targetRoamBSSID=any RSSI=-49
E/WifiStateMachine(  821): WifiStateMachine starting scan for "xtc-ag"WPA_PSK with 5240,2437,5180
E/WifiConfigStore(  821):  rewrite network history for "xtc"WPA_PSK
E/WifiConfigStore(  821): writeKnownNetworkHistory write linked 2
E/WifiConfigStore(  821): writeKnownNetworkHistory write linked 2
E/WifiConfigStore(  821): writeKnownNetworkHistory write linked 2
E/WifiStateMachine(  821): WifiStateMachine CMD_START_SCAN source -2 txSuccessRate=0.00 rxSuccessRate=0.00 targetRoamBSSID=any RSSI=-49
W/ip      ( 7274): type=1400 audit(0.0:18): avc: denied { search } for name="net" dev="dm-0" ino=1081351 scontext=u:r:shell:s0 tcontext=u:object_r:net_data_file:s0 tclass=dir permissive=0
D/AndroidRuntime( 7420): >>>>>> START com.android.internal.os.RuntimeInit uid 2000 <<<<<<
D/AndroidRuntime( 7420): CheckJNI is OFF
D/AndroidRuntime( 7420): Calling main entry com.android.commands.pm.Pm
D/DefContainer( 6179): Copying /data/local/tmp/0000003018 to base.apk
I/kickstart(  866): STATUS: SAHARA_HELLO: hw_info = 0x01030710, pwrup_reason = 0x00004000
I/kickstart(  866): STATUS: Wrote to /sys/power/wake_lock
E/kickstart(  866): ERROR: function: open_file:195 filename = /dev/block/platform/msm_sdcc.1/by-name/mdm1m9kefs2
I/kickstart(  866): STATUS: Opening file '/dev/block/platform/msm_sdcc.1/by-name/mdm1m9kefs2' for writing
I/kickstart(  866): STATUS: Received file 'm9kefs2'
I/kickstart(  866): STATUS: 950272 bytes transferred in 0.990831 seconds
I/kickstart(  866): STATUS: Successfully downloaded files from target 
I/kickstart(  866): STATUS: Wrote to /sys/power/wake_unlock
I/kickstart(  866): STATUS: Sahara protocol completed
D/PackageManager(  821): Renaming /data/app/vmdl1534759697.tmp to /data/app/com.careerbuilder.SugarDrone-1
I/PackageManager(  821): Running dexopt on: /data/app/com.careerbuilder.SugarDrone-1/base.apk pkg=com.careerbuilder.SugarDrone isa=arm vmSafeMode=false
I/dex2oat ( 7482): /system/bin/dex2oat --zip-fd=6 --zip-location=/data/app/com.careerbuilder.SugarDrone-1/base.apk --oat-fd=7 --oat-location=/data/dalvik-cache/arm/data@app@com.careerbuilder.SugarDrone-1@base.apk@classes.dex --instruction-set=arm --instruction-set-features=div --runtime-arg -Xms64m --runtime-arg -Xmx512m --swap-fd=8
I/dex2oat ( 7482): Decided to run without swap.
W/dex2oat ( 7482): Before Android 4.1, method android.graphics.PorterDuffColorFilter android.support.graphics.drawable.VectorDrawableCompat.updateTintFilter(android.graphics.PorterDuffColorFilter, android.content.res.ColorStateList, android.graphics.PorterDuff$Mode) would have incorrectly overridden the package-private method in android.graphics.drawable.Drawable
W/dex2oat ( 7482): Before Android 4.1, method int android.support.v7.widget.ListViewCompat.lookForSelectablePosition(int, boolean) would have incorrectly overridden the package-private method in android.widget.ListView
I/dex2oat ( 7482): dex2oat took 5.113s (threads: 4) arena alloc=226KB java alloc=8MB native alloc=10MB free=9MB
W/PackageManager(  821): Not granting permission android.permission.MANAGE_DOCUMENTS to package com.careerbuilder.SugarDrone (protectionLevel=2 flags=0x8be46)
W/PackageManager(  821): Not granting permission android.permission.MOUNT_UNMOUNT_FILESYSTEMS to package com.careerbuilder.SugarDrone (protectionLevel=18 flags=0x8be46)
V/BackupManagerService(  821): restoreAtInstall pkg=com.careerbuilder.SugarDrone token=6 restoreSet=0
V/BackupManagerService(  821): Finishing install immediately
W/Settings(  821): Setting install_non_market_apps has moved from android.provider.Settings.Global to android.provider.Settings.Secure, returning read-only value.
D/BuaReceiver( 3699): ====== got intent:Intent { act=android.intent.action.PACKAGE_ADDED dat=package:com.careerbuilder.SugarDrone flg=0x4000010 cmp=com.motorola.android.buacontactadapter/.BuaReceiver (has extras) }
W/InputMethodInfo(  821): Duplicated subtype definition found: , voice
I/InputReader(  821): Reconfiguring input devices.  changes=0x00000010
I/UpdateIcingCorporaServi( 2819): Updating corpora: APPS=com.careerbuilder.SugarDrone, CONTACTS=MAYBE
D/BackupManagerService(  821): Received broadcast Intent { act=android.intent.action.PACKAGE_ADDED dat=package:com.careerbuilder.SugarDrone flg=0x4000010 (has extras) }
W/BackupManagerService(  821): Removing schedule queue dupe of com.careerbuilder.SugarDrone
W/IcingInternalCorpora( 1787): getNumBytesRead when not calculated.
I/PeopleContactsSync( 1787): triggerPendingContactsCleanup: no accounts
I/Icing   ( 1787): Usage reports 0 indexed 0 rejected 0 imm upload true
I/ApplicationLogger( 2819): canRun() : Opted Out
I/UpdateIcingCorporaServi( 2819): UpdateCorporaTask done [took 155 ms] updated apps [took 155 ms] 
I/art     (  821): Explicit concurrent mark sweep GC freed 186435(8MB) AllocSpace objects, 36(1733KB) LOS objects, 28% free, 39MB/55MB, paused 2.093ms total 208.332ms
I/art     ( 7420): System.exit called, status: 0
I/AndroidRuntime( 7420): VM exiting with result code 0.
D/Wear_Controller( 1787): Received broadcast action=android.intent.action.PACKAGE_ADDED and uri=com.careerbuilder.SugarDrone
I/Icing   ( 1787): Usage reports 0 indexed 0 rejected 0 imm upload false
I/Icing   ( 1787): Usage reports 0 indexed 0 rejected 0 imm upload false
D/AndroidRuntime( 7618): >>>>>> START com.android.internal.os.RuntimeInit uid 2000 <<<<<<
D/AndroidRuntime( 7618): CheckJNI is OFF
D/AndroidRuntime( 7618): Calling main entry com.android.commands.settings.SettingsCmd
D/AndroidRuntime( 7618): Shutting down VM
E/WifiStateMachine(  821): WifiStateMachine CMD_START_SCAN source -2 txSuccessRate=0.00 rxSuccessRate=0.00 targetRoamBSSID=any RSSI=-49
E/WifiStateMachine(  821): WifiStateMachine starting scan for "xtc-ag"WPA_PSK with 5240,2437,5180
D/AndroidRuntime( 7641): >>>>>> START com.android.internal.os.RuntimeInit uid 2000 <<<<<<
D/AndroidRuntime( 7641): CheckJNI is OFF
I/Icing   ( 1787): Indexing 4CC663A45D3554F20217D9AEE3642AE58F200914 from com.google.android.googlequicksearchbox
D/AndroidRuntime( 7641): Calling main entry com.android.commands.settings.SettingsCmd
D/AndroidRuntime( 7641): Shutting down VM
I/art     ( 1787): Explicit concurrent mark sweep GC freed 53389(2MB) AllocSpace objects, 19(327KB) LOS objects, 20% free, 31MB/39MB, paused 692us total 37.845ms
I/Icing   ( 1787): Indexing done 4CC663A45D3554F20217D9AEE3642AE58F200914
I/Icing   ( 1787): Indexing 3350114A444F4A7E0693C298C7FB71318300EE55 from com.google.android.gms
I/Icing   ( 1787): Indexing done 3350114A444F4A7E0693C298C7FB71318300EE55
D/AndroidRuntime( 7671): >>>>>> START com.android.internal.os.RuntimeInit uid 2000 <<<<<<
D/AndroidRuntime( 7671): CheckJNI is OFF
D/AndroidRuntime( 7671): Calling main entry com.android.commands.settings.SettingsCmd
D/AndroidRuntime( 7671): Shutting down VM
D/AndroidRuntime( 7696): >>>>>> START com.android.internal.os.RuntimeInit uid 2000 <<<<<<
D/AndroidRuntime( 7696): CheckJNI is OFF
D/AndroidRuntime( 7696): Calling main entry com.android.commands.settings.SettingsCmd
D/AndroidRuntime( 7696): Shutting down VM
D/AndroidRuntime( 7721): >>>>>> START com.android.internal.os.RuntimeInit uid 2000 <<<<<<
D/AndroidRuntime( 7721): CheckJNI is OFF
D/AndroidRuntime( 7721): Calling main entry com.android.commands.settings.SettingsCmd
D/AndroidRuntime( 7721): Shutting down VM
D/AndroidRuntime( 7745): >>>>>> START com.android.internal.os.RuntimeInit uid 2000 <<<<<<
D/AndroidRuntime( 7745): CheckJNI is OFF
D/AndroidRuntime( 7745): Calling main entry com.android.commands.pm.Pm
I/art     ( 7745): System.exit called, status: 0
I/AndroidRuntime( 7745): VM exiting with result code 0.
D/AndroidRuntime( 7803): >>>>>> START com.android.internal.os.RuntimeInit uid 2000 <<<<<<
D/AndroidRuntime( 7803): CheckJNI is OFF
D/AndroidRuntime( 7803): Calling main entry com.android.commands.pm.Pm
I/art     ( 7803): System.exit called, status: 0
I/AndroidRuntime( 7803): VM exiting with result code 0.
D/AndroidRuntime( 7891): >>>>>> START com.android.internal.os.RuntimeInit uid 2000 <<<<<<
D/AndroidRuntime( 7891): CheckJNI is OFF
D/AndroidRuntime( 7891): Calling main entry com.android.commands.am.Am
W/ActivityManager(  821): Invalid packageName: com.careerbuilder.SugarDrone.test
D/AndroidRuntime( 7891): Shutting down VM
D/AndroidRuntime( 7922): >>>>>> START com.android.internal.os.RuntimeInit uid 2000 <<<<<<
D/AndroidRuntime( 7922): CheckJNI is OFF
D/AndroidRuntime( 7922): Calling main entry com.android.commands.pm.Pm
D/DefContainer( 6179): Copying /data/local/tmp/0000003020 to base.apk
D/PackageManager(  821): Renaming /data/app/vmdl411137587.tmp to /data/app/com.careerbuilder.SugarDrone.test-1
I/PackageManager(  821): Running dexopt on: /data/app/com.careerbuilder.SugarDrone.test-1/base.apk pkg=com.careerbuilder.SugarDrone.test isa=arm vmSafeMode=false
I/dex2oat ( 7944): /system/bin/dex2oat --zip-fd=6 --zip-location=/data/app/com.careerbuilder.SugarDrone.test-1/base.apk --oat-fd=7 --oat-location=/data/dalvik-cache/arm/data@app@com.careerbuilder.SugarDrone.test-1@base.apk@classes.dex --instruction-set=arm --instruction-set-features=div --runtime-arg -Xms64m --runtime-arg -Xmx512m --swap-fd=8
I/dex2oat ( 7944): Decided to run without swap.
I/dex2oat ( 7944): dex2oat took 1.891s (threads: 4) arena alloc=1612KB java alloc=1926KB native alloc=6MB free=9MB
V/BackupManagerService(  821): restoreAtInstall pkg=com.careerbuilder.SugarDrone.test token=7 restoreSet=0
V/BackupManagerService(  821): Finishing install immediately
W/Settings(  821): Setting install_non_market_apps has moved from android.provider.Settings.Global to android.provider.Settings.Secure, returning read-only value.
D/BuaReceiver( 3699): ====== got intent:Intent { act=android.intent.action.PACKAGE_ADDED dat=package:com.careerbuilder.SugarDrone.test flg=0x4000010 cmp=com.motorola.android.buacontactadapter/.BuaReceiver (has extras) }
W/InputMethodInfo(  821): Duplicated subtype definition found: , voice
I/InputReader(  821): Reconfiguring input devices.  changes=0x00000010
D/BackupManagerService(  821): Received broadcast Intent { act=android.intent.action.PACKAGE_ADDED dat=package:com.careerbuilder.SugarDrone.test flg=0x4000010 (has extras) }
W/BackupManagerService(  821): Removing schedule queue dupe of com.careerbuilder.SugarDrone.test
I/UpdateIcingCorporaServi( 2819): Updating corpora: APPS=com.careerbuilder.SugarDrone.test, CONTACTS=MAYBE
I/art     (  821): Explicit concurrent mark sweep GC freed 88036(4MB) AllocSpace objects, 15(3MB) LOS objects, 31% free, 35MB/51MB, paused 2.393ms total 124.807ms
I/art     ( 7922): System.exit called, status: 0
I/AndroidRuntime( 7922): VM exiting with result code 0.
I/ApplicationLogger( 2819): canRun() : Opted Out
I/UpdateIcingCorporaServi( 2819): UpdateCorporaTask done [took 80 ms] updated apps [took 80 ms] 
I/PeopleContactsSync( 1787): triggerPendingContactsCleanup: no accounts
D/Wear_Controller( 1787): Received broadcast action=android.intent.action.PACKAGE_ADDED and uri=com.careerbuilder.SugarDrone.test
W/IcingInternalCorpora( 1787): getNumBytesRead when not calculated.
I/Icing   ( 1787): Usage reports 0 indexed 0 rejected 0 imm upload false
I/Icing   ( 1787): Usage reports 0 indexed 0 rejected 0 imm upload false
D/AndroidRuntime( 8016): >>>>>> START com.android.internal.os.RuntimeInit uid 2000 <<<<<<
D/AndroidRuntime( 8016): CheckJNI is OFF
D/AndroidRuntime( 8016): Calling main entry com.android.commands.settings.SettingsCmd
D/AndroidRuntime( 8016): Shutting down VM
D/AndroidRuntime( 8039): >>>>>> START com.android.internal.os.RuntimeInit uid 2000 <<<<<<
D/AndroidRuntime( 8039): CheckJNI is OFF
D/AndroidRuntime( 8039): Calling main entry com.android.commands.settings.SettingsCmd
D/AndroidRuntime( 8039): Shutting down VM
I/Icing   ( 1787): Indexing 3350114A444F4A7E0693C298C7FB71318300EE55 from com.google.android.gms
I/Icing   ( 1787): Indexing done 3350114A444F4A7E0693C298C7FB71318300EE55
D/AndroidRuntime( 8065): >>>>>> START com.android.internal.os.RuntimeInit uid 2000 <<<<<<
D/AndroidRuntime( 8065): CheckJNI is OFF
D/AndroidRuntime( 8065): Calling main entry com.android.commands.settings.SettingsCmd
D/AndroidRuntime( 8065): Shutting down VM
D/AndroidRuntime( 8090): >>>>>> START com.android.internal.os.RuntimeInit uid 2000 <<<<<<
D/AndroidRuntime( 8090): CheckJNI is OFF
D/AndroidRuntime( 8090): Calling main entry com.android.commands.settings.SettingsCmd
D/AndroidRuntime( 8090): Shutting down VM
D/AndroidRuntime( 8111): >>>>>> START com.android.internal.os.RuntimeInit uid 2000 <<<<<<
D/AndroidRuntime( 8111): CheckJNI is OFF
D/AndroidRuntime( 8111): Calling main entry com.android.commands.settings.SettingsCmd
D/AndroidRuntime( 8111): Shutting down VM
D/AndroidRuntime( 8137): >>>>>> START com.android.internal.os.RuntimeInit uid 2000 <<<<<<
D/AndroidRuntime( 8137): CheckJNI is OFF
D/AndroidRuntime( 8137): Calling main entry com.android.commands.pm.Pm
I/art     ( 8137): System.exit called, status: 0
I/AndroidRuntime( 8137): VM exiting with result code 0.
D/AndroidRuntime( 8193): >>>>>> START com.android.internal.os.RuntimeInit uid 2000 <<<<<<
D/AndroidRuntime( 8193): CheckJNI is OFF
D/AndroidRuntime( 8193): Calling main entry com.android.commands.pm.Pm
I/art     ( 8193): System.exit called, status: 0
I/AndroidRuntime( 8193): VM exiting with result code 0.
D/AndroidRuntime( 8273): >>>>>> START com.android.internal.os.RuntimeInit uid 2000 <<<<<<
D/AndroidRuntime( 8273): CheckJNI is OFF
D/AndroidRuntime( 8273): Calling main entry com.android.commands.input.Input
I/Input   ( 8273): injectKeyEvent: KeyEvent { action=ACTION_DOWN, keyCode=KEYCODE_BACK, scanCode=0, metaState=0, flags=0x0, repeatCount=0, eventTime=236928, downTime=236928, deviceId=-1, source=0x101 }
I/Input   ( 8273): injectKeyEvent: KeyEvent { action=ACTION_UP, keyCode=KEYCODE_BACK, scanCode=0, metaState=0, flags=0x0, repeatCount=0, eventTime=236928, downTime=236928, deviceId=-1, source=0x101 }
D/AndroidRuntime( 8273): Shutting down VM
E/art     ( 8273): Thread attaching while runtime is shutting down: Binder_2
I/AndroidRuntime( 8273): NOTE: attach of thread 'Binder_2' failed
E/WifiStateMachine(  821): WifiStateMachine CMD_START_SCAN source -2 txSuccessRate=0.00 rxSuccessRate=0.00 targetRoamBSSID=any RSSI=-49
E/WifiStateMachine(  821): WifiStateMachine starting scan for "xtc-ag"WPA_PSK with 5240,2437,5180
E/WifiConfigStore(  821):  rewrite network history for "xtc"WPA_PSK
E/WifiConfigStore(  821): writeKnownNetworkHistory write linked 2
E/WifiConfigStore(  821): writeKnownNetworkHistory write linked 2
E/WifiConfigStore(  821): writeKnownNetworkHistory write linked 2
D/AndroidRuntime( 8331): >>>>>> START com.android.internal.os.RuntimeInit uid 2000 <<<<<<
D/AndroidRuntime( 8331): CheckJNI is OFF
D/AndroidRuntime( 8331): Calling main entry com.android.commands.input.Input
I/Input   ( 8331): injectKeyEvent: KeyEvent { action=ACTION_DOWN, keyCode=KEYCODE_HOME, scanCode=0, metaState=0, flags=0x0, repeatCount=0, eventTime=238434, downTime=238434, deviceId=-1, source=0x101 }
I/Input   ( 8331): injectKeyEvent: KeyEvent { action=ACTION_UP, keyCode=KEYCODE_HOME, scanCode=0, metaState=0, flags=0x0, repeatCount=0, eventTime=238434, downTime=238434, deviceId=-1, source=0x101 }
I/ActivityManager(  821): START u0 {act=android.intent.action.MAIN cat=[android.intent.category.HOME] flg=0x10200000 cmp=com.google.android.googlequicksearchbox/com.google.android.launcher.GEL} from uid 1000 on display 0
I/GEL     ( 1393): handleIntent(Intent { act=android.intent.action.MAIN cat=[android.intent.category.HOME] flg=0x10200000 cmp=com.google.android.googlequicksearchbox/com.google.android.launcher.GEL })
D/AndroidRuntime( 8331): Shutting down VM
D/AndroidRuntime( 8363): >>>>>> START com.android.internal.os.RuntimeInit uid 2000 <<<<<<
D/AndroidRuntime( 8363): CheckJNI is OFF
D/AndroidRuntime( 8363): Calling main entry com.android.commands.input.Input
I/Input   ( 8363): injectKeyEvent: KeyEvent { action=ACTION_DOWN, keyCode=KEYCODE_BACK, scanCode=0, metaState=0, flags=0x0, repeatCount=0, eventTime=239486, downTime=239486, deviceId=-1, source=0x101 }
I/Input   ( 8363): injectKeyEvent: KeyEvent { action=ACTION_UP, keyCode=KEYCODE_BACK, scanCode=0, metaState=0, flags=0x0, repeatCount=0, eventTime=239486, downTime=239486, deviceId=-1, source=0x101 }
D/AndroidRuntime( 8363): Shutting down VM
D/AndroidRuntime( 8396): >>>>>> START com.android.internal.os.RuntimeInit uid 2000 <<<<<<
D/AndroidRuntime( 8396): CheckJNI is OFF
D/AndroidRuntime( 8396): Calling main entry com.android.commands.am.Am
I/ActivityManager(  821): Force stopping com.careerbuilder.SugarDrone appid=16003 user=0: start instr
I/art     ( 8414): Late-enabling -Xcheck:jni
I/ActivityManager(  821): Start proc 8414:com.careerbuilder.SugarDrone/u0a6003 for added application com.careerbuilder.SugarDrone
I/art     (  369): Explicit concurrent mark sweep GC freed 713(30KB) AllocSpace objects, 0(0B) LOS objects, 40% free, 21MB/36MB, paused 205us total 12.352ms
I/art     (  369): Explicit concurrent mark sweep GC freed 5(160B) AllocSpace objects, 0(0B) LOS objects, 40% free, 21MB/36MB, paused 222us total 12.751ms
I/art     (  369): Explicit concurrent mark sweep GC freed 5(160B) AllocSpace objects, 0(0B) LOS objects, 40% free, 21MB/36MB, paused 214us total 9.785ms
W/monodroid( 8414): Using override path: /data/data/com.careerbuilder.SugarDrone/files/.__override__
W/monodroid( 8414): Trying to load sgen from: /data/data/com.careerbuilder.SugarDrone/files/.__override__/libmonosgen-2.0.so
W/monodroid( 8414): Trying to load sgen from: /storage/emulated/0/Android/data/com.careerbuilder.SugarDrone/files/.__override__/libmonosgen-2.0.so
W/monodroid( 8414): Trying to load sgen from: /data/app/com.careerbuilder.SugarDrone-1/lib/arm/libmonosgen-2.0.so
D/Mono    ( 8414): Image addref mscorlib[0xb4ae8520] -> mscorlib.dll[0xb483e400]: 2
D/Mono    ( 8414): Prepared to set up assembly 'mscorlib' (mscorlib.dll)
D/Mono    ( 8414): AOT module 'mscorlib.dll.so' not found: dlopen failed: library "/data/app/com.careerbuilder.SugarDrone-1/lib/arm/libaot-mscorlib.dll.so" not found
D/Mono    ( 8414): AOT module '/Users/builder/data/lanes/4009/f3074d2c/source/monodroid/builds/install/mono-armv6/lib/mono/aot-cache/arm/mscorlib.dll.so' not found: dlopen failed: library "/data/app/com.careerbuilder.SugarDrone-1/lib/arm/libaot-mscorlib.dll.so" not found
D/Mono    ( 8414): Config attempting to parse: 'mscorlib.dll.config'.
D/Mono    ( 8414): Config attempting to parse: '/Users/builder/data/lanes/4009/f3074d2c/source/monodroid/builds/install/mono-armv6/etc/mono/assemblies/mscorlib/mscorlib.config'.
D/Mono    ( 8414): Assembly mscorlib[0xb4ae8520] added to domain RootDomain, ref_count=1
D/Mono    ( 8414): Image addref CareerBuilder_Search.Droid[0xb4ae8580] -> CareerBuilder_Search.Droid.dll[0xb483f800]: 2
D/Mono    ( 8414): Prepared to set up assembly 'CareerBuilder_Search.Droid' (CareerBuilder_Search.Droid.dll)
D/Mono    ( 8414): Assembly CareerBuilder_Search.Droid[0xb4ae8580] added to domain RootDomain, ref_count=1
D/Mono    ( 8414): AOT module 'CareerBuilder_Search.Droid.dll.so' not found: dlopen failed: library "/data/app/com.careerbuilder.SugarDrone-1/lib/arm/libaot-CareerBuilder_Search.Droid.dll.so" not found
D/Mono    ( 8414): AOT module '/Users/builder/data/lanes/4009/f3074d2c/source/monodroid/builds/install/mono-armv6/lib/mono/aot-cache/arm/CareerBuilder_Search.Droid.dll.so' not found: dlopen failed: library "/data/app/com.careerbuilder.SugarDrone-1/lib/arm/libaot-CareerBuilder_Search.Droid.dll.so" not found
D/Mono    ( 8414): Config attempting to parse: 'CareerBuilder_Search.Droid.dll.config'.
D/Mono    ( 8414): Config attempting to parse: '/Users/builder/data/lanes/4009/f3074d2c/source/monodroid/builds/install/mono-armv6/etc/mono/assemblies/CareerBuilder_Search.Droid/CareerBuilder_Search.Droid.config'.
D/Mono    ( 8414): Image addref AppsFlyerXamarinBindingAndroid[0xb4ae85e0] -> AppsFlyerXamarinBindingAndroid.dll[0xb4841b00]: 2
D/Mono    ( 8414): Prepared to set up assembly 'AppsFlyerXamarinBindingAndroid' (AppsFlyerXamarinBindingAndroid.dll)
D/Mono    ( 8414): Assembly AppsFlyerXamarinBindingAndroid[0xb4ae85e0] added to domain RootDomain, ref_count=1
D/Mono    ( 8414): AOT module 'AppsFlyerXamarinBindingAndroid.dll.so' not found: dlopen failed: library "/data/app/com.careerbuilder.SugarDrone-1/lib/arm/libaot-AppsFlyerXamarinBindingAndroid.dll.so" not found
D/Mono    ( 8414): AOT module '/Users/builder/data/lanes/4009/f3074d2c/source/monodroid/builds/install/mono-armv6/lib/mono/aot-cache/arm/AppsFlyerXamarinBindingAndroid.dll.so' not found: dlopen failed: library "/data/app/com.careerbuilder.SugarDrone-1/lib/arm/libaot-AppsFlyerXamarinBindingAndroid.dll.so" not found
D/Mono    ( 8414): Config attempting to parse: 'AppsFlyerXamarinBindingAndroid.dll.config'.
D/Mono    ( 8414): Config attempting to parse: '/Users/builder/data/lanes/4009/f3074d2c/source/monodroid/builds/install/mono-armv6/etc/mono/assemblies/AppsFlyerXamarinBindingAndroid/AppsFlyerXamarinBindingAndroid.config'.
D/Mono    ( 8414): Image addref HockeySDK[0xb4ae8640] -> HockeySDK.dll[0xb4842500]: 2
D/Mono    ( 8414): Prepared to set up assembly 'HockeySDK' (HockeySDK.dll)
D/Mono    ( 8414): Assembly HockeySDK[0xb4ae8640] added to domain RootDomain, ref_count=1
D/Mono    ( 8414): AOT module 'HockeySDK.dll.so' not found: dlopen failed: library "/data/app/com.careerbuilder.SugarDrone-1/lib/arm/libaot-HockeySDK.dll.so" not found
D/Mono    ( 8414): AOT module '/Users/builder/data/lanes/4009/f3074d2c/source/monodroid/builds/install/mono-armv6/lib/mono/aot-cache/arm/HockeySDK.dll.so' not found: dlopen failed: library "/data/app/com.careerbuilder.SugarDrone-1/lib/arm/libaot-HockeySDK.dll.so" not found
D/Mono    ( 8414): Config attempting to parse: 'HockeySDK.dll.config'.
D/Mono    ( 8414): Config attempting to parse: '/Users/builder/data/lanes/4009/f3074d2c/source/monodroid/builds/install/mono-armv6/etc/mono/assemblies/HockeySDK/HockeySDK.config'.
D/Mono    ( 8414): Image addref Akavache[0xb4ae86a0] -> Akavache.dll[0xb4842a00]: 2
D/Mono    ( 8414): Prepared to set up assembly 'Akavache' (Akavache.dll)
D/Mono    ( 8414): Assembly Akavache[0xb4ae86a0] added to domain RootDomain, ref_count=1
D/Mono    ( 8414): AOT module 'Akavache.dll.so' not found: dlopen failed: library "/data/app/com.careerbuilder.SugarDrone-1/lib/arm/libaot-Akavache.dll.so" not found
D/Mono    ( 8414): AOT module '/Users/builder/data/lanes/4009/f3074d2c/source/monodroid/builds/install/mono-armv6/lib/mono/aot-cache/arm/Akavache.dll.so' not found: dlopen failed: library "/data/app/com.careerbuilder.SugarDrone-1/lib/arm/libaot-Akavache.dll.so" not found
D/Mono    ( 8414): Config attempting to parse: 'Akavache.dll.config'.
D/Mono    ( 8414): Config attempting to parse: '/Users/builder/data/lanes/4009/f3074d2c/source/monodroid/builds/install/mono-armv6/etc/mono/assemblies/Akavache/Akavache.config'.
D/Mono    ( 8414): Image addref Akavache.Sqlite3[0xb4ae8700] -> Akavache.Sqlite3.dll[0xb4843400]: 2
D/Mono    ( 8414): Prepared to set up assembly 'Akavache.Sqlite3' (Akavache.Sqlite3.dll)
D/Mono    ( 8414): Assembly Akavache.Sqlite3[0xb4ae8700] added to domain RootDomain, ref_count=1
D/Mono    ( 8414): AOT module 'Akavache.Sqlite3.dll.so' not found: dlopen failed: library "/data/app/com.careerbuilder.SugarDrone-1/lib/arm/libaot-Akavache.Sqlite3.dll.so" not found
D/Mono    ( 8414): AOT module '/Users/builder/data/lanes/4009/f3074d2c/source/monodroid/builds/install/mono-armv6/lib/mono/aot-cache/arm/Akavache.Sqlite3.dll.so' not found: dlopen failed: library "/data/app/com.careerbuilder.SugarDrone-1/lib/arm/libaot-Akavache.Sqlite3.dll.so" not found
W/        ( 8414): Symbol file LoadedFromMemory doesn't match image Akavache.Sqlite3.dll
D/Mono    ( 8414): Config attempting to parse: 'Akavache.Sqlite3.dll.config'.
D/Mono    ( 8414): Config attempting to parse: '/Users/builder/data/lanes/4009/f3074d2c/source/monodroid/builds/install/mono-armv6/etc/mono/assemblies/Akavache.Sqlite3/Akavache.Sqlite3.config'.
D/Mono    ( 8414): Image addref Splat[0xb4ae88e0] -> Splat.dll[0xb4843900]: 2
D/Mono    ( 8414): Prepared to set up assembly 'Splat' (Splat.dll)
D/Mono    ( 8414): Assembly Splat[0xb4ae88e0] added to domain RootDomain, ref_count=1
D/Mono    ( 8414): AOT module 'Splat.dll.so' not found: dlopen failed: library "/data/app/com.careerbuilder.SugarDrone-1/lib/arm/libaot-Splat.dll.so" not found
D/Mono    ( 8414): AOT module '/Users/builder/data/lanes/4009/f3074d2c/source/monodroid/builds/install/mono-armv6/lib/mono/aot-cache/arm/Splat.dll.so' not found: dlopen failed: library "/data/app/com.careerbuilder.SugarDrone-1/lib/arm/libaot-Splat.dll.so" not found
D/Mono    ( 8414): Config attempting to parse: 'Splat.dll.config'.
D/Mono    ( 8414): Config attempting to parse: '/Users/builder/data/lanes/4009/f3074d2c/source/monodroid/builds/install/mono-armv6/etc/mono/assemblies/Splat/Splat.config'.
D/Mono    ( 8414): Image addref Microsoft.Practices.ServiceLocation[0xb4ae8940] -> Microsoft.Practices.ServiceLocation.dll[0xb4843e00]: 2
D/Mono    ( 8414): Prepared to set up assembly 'Microsoft.Practices.ServiceLocation' (Microsoft.Practices.ServiceLocation.dll)
D/Mono    ( 8414): Assembly Microsoft.Practices.ServiceLocation[0xb4ae8940] added to domain RootDomain, ref_count=1
D/Mono    ( 8414): AOT module 'Microsoft.Practices.ServiceLocation.dll.so' not found: dlopen failed: library "/data/app/com.careerbuilder.SugarDrone-1/lib/arm/libaot-Microsoft.Practices.ServiceLocation.dll.so" not found
D/Mono    ( 8414): AOT module '/Users/builder/data/lanes/4009/f3074d2c/source/monodroid/builds/install/mono-armv6/lib/mono/aot-cache/arm/Microsoft.Practices.ServiceLocation.dll.so' not found: dlopen failed: library "/data/app/com.careerbuilder.SugarDrone-1/lib/arm/libaot-Microsoft.Practices.ServiceLocation.dll.so" not found
D/Mono    ( 8414): Config attempting to parse: 'Microsoft.Practices.ServiceLocation.dll.config'.
D/Mono    ( 8414): Config attempting to parse: '/Users/builder/data/lanes/4009/f3074d2c/source/monodroid/builds/install/mono-armv6/etc/mono/assemblies/Microsoft.Practices.ServiceLocation/Microsoft.Practices.ServiceLocation.config'.
D/Mono    ( 8414): Image addref Microsoft.Practices.Unity[0xb4ae89a0] -> Microsoft.Practices.Unity.dll[0xb4844300]: 2
D/Mono    ( 8414): Prepared to set up assembly 'Microsoft.Practices.Unity' (Microsoft.Practices.Unity.dll)
D/Mono    ( 8414): Assembly Microsoft.Practices.Unity[0xb4ae89a0] added to domain RootDomain, ref_count=1
D/Mono    ( 8414): AOT module 'Microsoft.Practices.Unity.dll.so' not found: dlopen failed: library "/data/app/com.careerbuilder.SugarDrone-1/lib/arm/libaot-Microsoft.Practices.Unity.dll.so" not found
D/Mono    ( 8414): AOT module '/Users/builder/data/lanes/4009/f3074d2c/source/monodroid/builds/install/mono-armv6/lib/mono/aot-cache/arm/Microsoft.Practices.Unity.dll.so' not found: dlopen failed: library "/data/app/com.careerbuilder.SugarDrone-1/lib/arm/libaot-Microsoft.Practices.Unity.dll.so" not found
D/Mono    ( 8414): Config attempting to parse: 'Microsoft.Practices.Unity.dll.config'.
D/Mono    ( 8414): Config attempting to parse: '/Users/builder/data/lanes/4009/f3074d2c/source/monodroid/builds/install/mono-armv6/etc/mono/assemblies/Microsoft.Practices.Unity/Microsoft.Practices.Unity.config'.
D/Mono    ( 8414): Image addref Plugin.CurrentActivity[0xb4ae8a00] -> Plugin.CurrentActivity.dll[0xb4844800]: 2
D/Mono    ( 8414): Prepared to set up assembly 'Plugin.CurrentActivity' (Plugin.CurrentActivity.dll)
D/Mono    ( 8414): Assembly Plugin.CurrentActivity[0xb4ae8a00] added to domain RootDomain, ref_count=1
D/Mono    ( 8414): AOT module 'Plugin.CurrentActivity.dll.so' not found: dlopen failed: library "/data/app/com.careerbuilder.SugarDrone-1/lib/arm/libaot-Plugin.CurrentActivity.dll.so" not found
D/Mono    ( 8414): AOT module '/Users/builder/data/lanes/4009/f3074d2c/source/monodroid/builds/install/mono-armv6/lib/mono/aot-cache/arm/Plugin.CurrentActivity.dll.so' not found: dlopen failed: library "/data/app/com.careerbuilder.SugarDrone-1/lib/arm/libaot-Plugin.CurrentActivity.dll.so" not found
D/Mono    ( 8414): Config attempting to parse: 'Plugin.CurrentActivity.dll.config'.
D/Mono    ( 8414): Config attempting to parse: '/Users/builder/data/lanes/4009/f3074d2c/source/monodroid/builds/install/mono-armv6/etc/mono/assemblies/Plugin.CurrentActivity/Plugin.CurrentActivity.config'.
D/Mono    ( 8414): Image addref Plugin.Permissions[0xb4ae8a60] -> Plugin.Permissions.dll[0xb4844d00]: 2
D/Mono    ( 8414): Prepared to set up assembly 'Plugin.Permissions' (Plugin.Permissions.dll)
D/Mono    ( 8414): Assembly Plugin.Permissions[0xb4ae8a60] added to domain RootDomain, ref_count=1
D/Mono    ( 8414): AOT module 'Plugin.Permissions.dll.so' not found: dlopen failed: library "/data/app/com.careerbuilder.SugarDrone-1/lib/arm/libaot-Plugin.Permissions.dll.so" not found
D/Mono    ( 8414): AOT module '/Users/builder/data/lanes/4009/f3074d2c/source/monodroid/builds/install/mono-armv6/lib/mono/aot-cache/arm/Plugin.Permissions.dll.so' not found: dlopen failed: library "/data/app/com.careerbuilder.SugarDrone-1/lib/arm/libaot-Plugin.Permissions.dll.so" not found
D/Mono    ( 8414): Config attempting to parse: 'Plugin.Permissions.dll.config'.
D/Mono    ( 8414): Config attempting to parse: '/Users/builder/data/lanes/4009/f3074d2c/source/monodroid/builds/install/mono-armv6/etc/mono/assemblies/Plugin.Permissions/Plugin.Permissions.config'.
D/Mono    ( 8414): Image addref Plugin.Permissions.Abstractions[0xb4ae8ac0] -> Plugin.Permissions.Abstractions.dll[0xb4845200]: 2
D/Mono    ( 8414): Prepared to set up assembly 'Plugin.Permissions.Abstractions' (Plugin.Permissions.Abstractions.dll)
D/Mono    ( 8414): Assembly Plugin.Permissions.Abstractions[0xb4ae8ac0] added to domain RootDomain, ref_count=1
D/Mono    ( 8414): AOT module 'Plugin.Permissions.Abstractions.dll.so' not found: dlopen failed: library "/data/app/com.careerbuilder.SugarDrone-1/lib/arm/libaot-Plugin.Permissions.Abstractions.dll.so" not found
D/Mono    ( 8414): AOT module '/Users/builder/data/lanes/4009/f3074d2c/source/monodroid/builds/install/mono-armv6/lib/mono/aot-cache/arm/Plugin.Permissions.Abstractions.dll.so' not found: dlopen failed: library "/data/app/com.careerbuilder.SugarDrone-1/lib/arm/libaot-Plugin.Permissions.Abstractions.dll.so" not found
D/Mono    ( 8414): Config attempting to parse: 'Plugin.Permissions.Abstractions.dll.config'.
D/Mono    ( 8414): Config attempting to parse: '/Users/builder/data/lanes/4009/f3074d2c/source/monodroid/builds/install/mono-armv6/etc/mono/assemblies/Plugin.Permissions.Abstractions/Plugin.Permissions.Abstractions.config'.
D/Mono    ( 8414): Image addref Plugin.Geolocator[0xb4ae8b20] -> Plugin.Geolocator.dll[0xb4845700]: 2
D/Mono    ( 8414): Prepared to set up assembly 'Plugin.Geolocator' (Plugin.Geolocator.dll)
D/Mono    ( 8414): Assembly Plugin.Geolocator[0xb4ae8b20] added to domain RootDomain, ref_count=1
D/Mono    ( 8414): AOT module 'Plugin.Geolocator.dll.so' not found: dlopen failed: library "/data/app/com.careerbuilder.SugarDrone-1/lib/arm/libaot-Plugin.Geolocator.dll.so" not found
D/Mono    ( 8414): AOT module '/Users/builder/data/lanes/4009/f3074d2c/source/monodroid/builds/install/mono-armv6/lib/mono/aot-cache/arm/Plugin.Geolocator.dll.so' not found: dlopen failed: library "/data/app/com.careerbuilder.SugarDrone-1/lib/arm/libaot-Plugin.Geolocator.dll.so" not found
D/Mono    ( 8414): Config attempting to parse: 'Plugin.Geolocator.dll.config'.
D/Mono    ( 8414): Config attempting to parse: '/Users/builder/data/lanes/4009/f3074d2c/source/monodroid/builds/install/mono-armv6/etc/mono/assemblies/Plugin.Geolocator/Plugin.Geolocator.config'.
D/Mono    ( 8414): Image addref Plugin.Geolocator.Abstractions[0xb4ae8b80] -> Plugin.Geolocator.Abstractions.dll[0xb4845c00]: 2
D/Mono    ( 8414): Prepared to set up assembly 'Plugin.Geolocator.Abstractions' (Plugin.Geolocator.Abstractions.dll)
D/Mono    ( 8414): Assembly Plugin.Geolocator.Abstractions[0xb4ae8b80] added to domain RootDomain, ref_count=1
D/Mono    ( 8414): AOT module 'Plugin.Geolocator.Abstractions.dll.so' not found: dlopen failed: library "/data/app/com.careerbuilder.SugarDrone-1/lib/arm/libaot-Plugin.Geolocator.Abstractions.dll.so" not found
D/Mono    ( 8414): AOT module '/Users/builder/data/lanes/4009/f3074d2c/source/monodroid/builds/install/mono-armv6/lib/mono/aot-cache/arm/Plugin.Geolocator.Abstractions.dll.so' not found: dlopen failed: library "/data/app/com.careerbuilder.SugarDrone-1/lib/arm/libaot-Plugin.Geolocator.Abstractions.dll.so" not found
D/Mono    ( 8414): Config attempting to parse: 'Plugin.Geolocator.Abstractions.dll.config'.
D/Mono    ( 8414): Config attempting to parse: '/Users/builder/data/lanes/4009/f3074d2c/source/monodroid/builds/install/mono-armv6/etc/mono/assemblies/Plugin.Geolocator.Abstractions/Plugin.Geolocator.Abstractions.config'.
D/Mono    ( 8414): Image addref Plugin.DeviceInfo[0xb4ae8be0] -> Plugin.DeviceInfo.dll[0xb4846100]: 2
D/Mono    ( 8414): Prepared to set up assembly 'Plugin.DeviceInfo' (Plugin.DeviceInfo.dll)
D/Mono    ( 8414): Assembly Plugin.DeviceInfo[0xb4ae8be0] added to domain RootDomain, ref_count=1
D/Mono    ( 8414): AOT module 'Plugin.DeviceInfo.dll.so' not found: dlopen failed: library "/data/app/com.careerbuilder.SugarDrone-1/lib/arm/libaot-Plugin.DeviceInfo.dll.so" not found
D/Mono    ( 8414): AOT module '/Users/builder/data/lanes/4009/f3074d2c/source/monodroid/builds/install/mono-armv6/lib/mono/aot-cache/arm/Plugin.DeviceInfo.dll.so' not found: dlopen failed: library "/data/app/com.careerbuilder.SugarDrone-1/lib/arm/libaot-Plugin.DeviceInfo.dll.so" not found
D/Mono    ( 8414): Config attempting to parse: 'Plugin.DeviceInfo.dll.config'.
D/Mono    ( 8414): Config attempting to parse: '/Users/builder/data/lanes/4009/f3074d2c/source/monodroid/builds/install/mono-armv6/etc/mono/assemblies/Plugin.DeviceInfo/Plugin.DeviceInfo.config'.
D/Mono    ( 8414): Image addref Plugin.DeviceInfo.Abstractions[0xb4ae8c40] -> Plugin.DeviceInfo.Abstractions.dll[0xb4846600]: 2
D/Mono    ( 8414): Prepared to set up assembly 'Plugin.DeviceInfo.Abstractions' (Plugin.DeviceInfo.Abstractions.dll)
D/Mono    ( 8414): Assembly Plugin.DeviceInfo.Abstractions[0xb4ae8c40] added to domain RootDomain, ref_count=1
D/Mono    ( 8414): AOT module 'Plugin.DeviceInfo.Abstractions.dll.so' not found: dlopen failed: library "/data/app/com.careerbuilder.SugarDrone-1/lib/arm/libaot-Plugin.DeviceInfo.Abstractions.dll.so" not found
D/Mono    ( 8414): AOT module '/Users/builder/data/lanes/4009/f3074d2c/source/monodroid/builds/install/mono-armv6/lib/mono/aot-cache/arm/Plugin.DeviceInfo.Abstractions.dll.so' not found: dlopen failed: library "/data/app/com.careerbuilder.SugarDrone-1/lib/arm/libaot-Plugin.DeviceInfo.Abstractions.dll.so" not found
D/Mono    ( 8414): Config attempting to parse: 'Plugin.DeviceInfo.Abstractions.dll.config'.
D/Mono    ( 8414): Config attempting to parse: '/Users/builder/data/lanes/4009/f3074d2c/source/monodroid/builds/install/mono-armv6/etc/mono/assemblies/Plugin.DeviceInfo.Abstractions/Plugin.DeviceInfo.Abstractions.config'.
D/Mono    ( 8414): Image addref Xamarin.GooglePlayServices.Analytics[0xb4ae8ca0] -> Xamarin.GooglePlayServices.Analytics.dll[0xb4846b00]: 2
D/Mono    ( 8414): Prepared to set up assembly 'Xamarin.GooglePlayServices.Analytics' (Xamarin.GooglePlayServices.Analytics.dll)
D/Mono    ( 8414): Assembly Xamarin.GooglePlayServices.Analytics[0xb4ae8ca0] added to domain RootDomain, ref_count=1
D/Mono    ( 8414): AOT module 'Xamarin.GooglePlayServices.Analytics.dll.so' not found: dlopen failed: library "/data/app/com.careerbuilder.SugarDrone-1/lib/arm/libaot-Xamarin.GooglePlayServices.Analytics.dll.so" not found
D/Mono    ( 8414): AOT module '/Users/builder/data/lanes/4009/f3074d2c/source/monodroid/builds/install/mono-armv6/lib/mono/aot-cache/arm/Xamarin.GooglePlayServices.Analytics.dll.so' not found: dlopen failed: library "/data/app/com.careerbuilder.SugarDrone-1/lib/arm/libaot-Xamarin.GooglePlayServices.Analytics.dll.so" not found
D/Mono    ( 8414): Config attempting to parse: 'Xamarin.GooglePlayServices.Analytics.dll.config'.
D/Mono    ( 8414): Config attempting to parse: '/Users/builder/data/lanes/4009/f3074d2c/source/monodroid/builds/install/mono-armv6/etc/mono/assemblies/Xamarin.GooglePlayServices.Analytics/Xamarin.GooglePlayServices.Analytics.config'.
D/Mono    ( 8414): Image addref Xamarin.GooglePlayServices.Base[0xb4ae8d00] -> Xamarin.GooglePlayServices.Base.dll[0xb4847000]: 2
D/Mono    ( 8414): Prepared to set up assembly 'Xamarin.GooglePlayServices.Base' (Xamarin.GooglePlayServices.Base.dll)
D/Mono    ( 8414): Assembly Xamarin.GooglePlayServices.Base[0xb4ae8d00] added to domain RootDomain, ref_count=1
D/Mono    ( 8414): AOT module 'Xamarin.GooglePlayServices.Base.dll.so' not found: dlopen failed: library "/data/app/com.careerbuilder.SugarDrone-1/lib/arm/libaot-Xamarin.GooglePlayServices.Base.dll.so" not found
D/Mono    ( 8414): AOT module '/Users/builder/data/lanes/4009/f3074d2c/source/monodroid/builds/install/mono-armv6/lib/mono/aot-cache/arm/Xamarin.GooglePlayServices.Base.dll.so' not found: dlopen failed: library "/data/app/com.careerbuilder.SugarDrone-1/lib/arm/libaot-Xamarin.GooglePlayServices.Base.dll.so" not found
D/Mono    ( 8414): Config attempting to parse: 'Xamarin.GooglePlayServices.Base.dll.config'.
D/Mono    ( 8414): Config attempting to parse: '/Users/builder/data/lanes/4009/f3074d2c/source/monodroid/builds/install/mono-armv6/etc/mono/assemblies/Xamarin.GooglePlayServices.Base/Xamarin.GooglePlayServices.Base.config'.
D/Mono    ( 8414): Image addref Xamarin.GooglePlayServices.Basement[0xb4ae8d60] -> Xamarin.GooglePlayServices.Basement.dll[0xb4847500]: 2
D/Mono    ( 8414): Prepared to set up assembly 'Xamarin.GooglePlayServices.Basement' (Xamarin.GooglePlayServices.Basement.dll)
D/Mono    ( 8414): Assembly Xamarin.GooglePlayServices.Basement[0xb4ae8d60] added to domain RootDomain, ref_count=1
D/Mono    ( 8414): AOT module 'Xamarin.GooglePlayServices.Basement.dll.so' not found: dlopen failed: library "/data/app/com.careerbuilder.SugarDrone-1/lib/arm/libaot-Xamarin.GooglePlayServices.Basement.dll.so" not found
D/Mono    ( 8414): AOT module '/Users/builder/data/lanes/4009/f3074d2c/source/monodroid/builds/install/mono-armv6/lib/mono/aot-cache/arm/Xamarin.GooglePlayServices.Basement.dll.so' not found: dlopen failed: library "/data/app/com.careerbuilder.SugarDrone-1/lib/arm/libaot-Xamarin.GooglePlayServices.Basement.dll.so" not found
D/Mono    ( 8414): Config attempting to parse: 'Xamarin.GooglePlayServices.Basement.dll.config'.
D/Mono    ( 8414): Config attempting to parse: '/Users/builder/data/lanes/4009/f3074d2c/source/monodroid/builds/install/mono-armv6/etc/mono/assemblies/Xamarin.GooglePlayServices.Basement/Xamarin.GooglePlayServices.Basement.config'.
D/Mono    ( 8414): Image addref Xamarin.Insights[0xb4ae8dc0] -> Xamarin.Insights.dll[0xb4847a00]: 2
D/Mono    ( 8414): Prepared to set up assembly 'Xamarin.Insights' (Xamarin.Insights.dll)
D/Mono    ( 8414): Assembly Xamarin.Insights[0xb4ae8dc0] added to domain RootDomain, ref_count=1
D/Mono    ( 8414): AOT module 'Xamarin.Insights.dll.so' not found: dlopen failed: library "/data/app/com.careerbuilder.SugarDrone-1/lib/arm/libaot-Xamarin.Insights.dll.so" not found
D/Mono    ( 8414): AOT module '/Users/builder/data/lanes/4009/f3074d2c/source/monodroid/builds/install/mono-armv6/lib/mono/aot-cache/arm/Xamarin.Insights.dll.so' not found: dlopen failed: library "/data/app/com.careerbuilder.SugarDrone-1/lib/arm/libaot-Xamarin.Insights.dll.so" not found
D/Mono    ( 8414): Config attempting to parse: 'Xamarin.Insights.dll.config'.
D/Mono    ( 8414): Config attempting to parse: '/Users/builder/data/lanes/4009/f3074d2c/source/monodroid/builds/install/mono-armv6/etc/mono/assemblies/Xamarin.Insights/Xamarin.Insights.config'.
D/Mono    ( 8414): Image addref Plugin.ExternalMaps[0xb4ae8e20] -> Plugin.ExternalMaps.dll[0xb4847f00]: 2
D/Mono    ( 8414): Prepared to set up assembly 'Plugin.ExternalMaps' (Plugin.ExternalMaps.dll)
D/Mono    ( 8414): Assembly Plugin.ExternalMaps[0xb4ae8e20] added to domain RootDomain, ref_count=1
D/Mono    ( 8414): AOT module 'Plugin.ExternalMaps.dll.so' not found: dlopen failed: library "/data/app/com.careerbuilder.SugarDrone-1/lib/arm/libaot-Plugin.ExternalMaps.dll.so" not found
D/Mono    ( 8414): AOT module '/Users/builder/data/lanes/4009/f3074d2c/source/monodroid/builds/install/mono-armv6/lib/mono/aot-cache/arm/Plugin.ExternalMaps.dll.so' not found: dlopen failed: library "/data/app/com.careerbuilder.SugarDrone-1/lib/arm/libaot-Plugin.ExternalMaps.dll.so" not found
D/Mono    ( 8414): Config attempting to parse: 'Plugin.ExternalMaps.dll.config'.
D/Mono    ( 8414): Config attempting to parse: '/Users/builder/data/lanes/4009/f3074d2c/source/monodroid/builds/install/mono-armv6/etc/mono/assemblies/Plugin.ExternalMaps/Plugin.ExternalMaps.config'.
D/Mono    ( 8414): Image addref Plugin.ExternalMaps.Abstractions[0xb4ae8e80] -> Plugin.ExternalMaps.Abstractions.dll[0xb4848400]: 2
D/Mono    ( 8414): Prepared to set up assembly 'Plugin.ExternalMaps.Abstractions' (Plugin.ExternalMaps.Abstractions.dll)
D/Mono    ( 8414): Assembly Plugin.ExternalMaps.Abstractions[0xb4ae8e80] added to domain RootDomain, ref_count=1
D/Mono    ( 8414): AOT module 'Plugin.ExternalMaps.Abstractions.dll.so' not found: dlopen failed: library "/data/app/com.careerbuilder.SugarDrone-1/lib/arm/libaot-Plugin.ExternalMaps.Abstractions.dll.so" not found
D/Mono    ( 8414): AOT module '/Users/builder/data/lanes/4009/f3074d2c/source/monodroid/builds/install/mono-armv6/lib/mono/aot-cache/arm/Plugin.ExternalMaps.Abstractions.dll.so' not found: dlopen failed: library "/data/app/com.careerbuilder.SugarDrone-1/lib/arm/libaot-Plugin.ExternalMaps.Abstractions.dll.so" not found
D/Mono    ( 8414): Config attempting to parse: 'Plugin.ExternalMaps.Abstractions.dll.config'.
D/Mono    ( 8414): Config attempting to parse: '/Users/builder/data/lanes/4009/f3074d2c/source/monodroid/builds/install/mono-armv6/etc/mono/assemblies/Plugin.ExternalMaps.Abstractions/Plugin.ExternalMaps.Abstractions.config'.
D/Mono    ( 8414): Image addref FloatingActionButton-Xamarin[0xb4ae8ee0] -> FloatingActionButton-Xamarin.dll[0xb4848900]: 2
D/Mono    ( 8414): Prepared to set up assembly 'FloatingActionButton-Xamarin' (FloatingActionButton-Xamarin.dll)
D/Mono    ( 8414): Assembly FloatingActionButton-Xamarin[0xb4ae8ee0] added to domain RootDomain, ref_count=1
D/Mono    ( 8414): AOT module 'FloatingActionButton-Xamarin.dll.so' not found: dlopen failed: library "/data/app/com.careerbuilder.SugarDrone-1/lib/arm/libaot-FloatingActionButton-Xamarin.dll.so" not found
D/Mono    ( 8414): AOT module '/Users/builder/data/lanes/4009/f3074d2c/source/monodroid/builds/install/mono-armv6/lib/mono/aot-cache/arm/FloatingActionButton-Xamarin.dll.so' not found: dlopen failed: library "/data/app/com.careerbuilder.SugarDrone-1/lib/arm/libaot-FloatingActionButton-Xamarin.dll.so" not found
D/Mono    ( 8414): Config attempting to parse: 'FloatingActionButton-Xamarin.dll.config'.
D/Mono    ( 8414): Config attempting to parse: '/Users/builder/data/lanes/4009/f3074d2c/source/monodroid/builds/install/mono-armv6/etc/mono/assemblies/FloatingActionButton-Xamarin/FloatingActionButton-Xamarin.config'.
D/Mono    ( 8414): Image addref Xamarin.Android.Support.v4[0xb4ae8f40] -> Xamarin.Android.Support.v4.dll[0xb4848e00]: 2
D/Mono    ( 8414): Prepared to set up assembly 'Xamarin.Android.Support.v4' (Xamarin.Android.Support.v4.dll)
D/Mono    ( 8414): Assembly Xamarin.Android.Support.v4[0xb4ae8f40] added to domain RootDomain, ref_count=1
D/Mono    ( 8414): AOT module 'Xamarin.Android.Support.v4.dll.so' not found: dlopen failed: library "/data/app/com.careerbuilder.SugarDrone-1/lib/arm/libaot-Xamarin.Android.Support.v4.dll.so" not found
D/Mono    ( 8414): AOT module '/Users/builder/data/lanes/4009/f3074d2c/source/monodroid/builds/install/mono-armv6/lib/mono/aot-cache/arm/Xamarin.Android.Support.v4.dll.so' not found: dlopen failed: library "/data/app/com.careerbuilder.SugarDrone-1/lib/arm/libaot-Xamarin.Android.Support.v4.dll.so" not found
D/Mono    ( 8414): Config attempting to parse: 'Xamarin.Android.Support.v4.dll.config'.
D/Mono    ( 8414): Config attempting to parse: '/Users/builder/data/lanes/4009/f3074d2c/source/monodroid/builds/install/mono-armv6/etc/mono/assemblies/Xamarin.Android.Support.v4/Xamarin.Android.Support.v4.config'.
D/Mono    ( 8414): Image addref Xamarin.Android.Support.v7.RecyclerView[0xb4ae8fa0] -> Xamarin.Android.Support.v7.RecyclerView.dll[0xb4849300]: 2
D/Mono    ( 8414): Prepared to set up assembly 'Xamarin.Android.Support.v7.RecyclerView' (Xamarin.Android.Support.v7.RecyclerView.dll)
D/Mono    ( 8414): Assembly Xamarin.Android.Support.v7.RecyclerView[0xb4ae8fa0] added to domain RootDomain, ref_count=1
D/Mono    ( 8414): AOT module 'Xamarin.Android.Support.v7.RecyclerView.dll.so' not found: dlopen failed: library "/data/app/com.careerbuilder.SugarDrone-1/lib/arm/libaot-Xamarin.Android.Support.v7.RecyclerView.dll.so" not found
D/Mono    ( 8414): AOT module '/Users/builder/data/lanes/4009/f3074d2c/source/monodroid/builds/install/mono-armv6/lib/mono/aot-cache/arm/Xamarin.Android.Support.v7.RecyclerView.dll.so' not found: dlopen failed: library "/data/app/com.careerbuilder.SugarDrone-1/lib/arm/libaot-Xamarin.Android.Support.v7.RecyclerView.dll.so" not found
D/Mono    ( 8414): Config attempting to parse: 'Xamarin.Android.Support.v7.RecyclerView.dll.config'.
D/Mono    ( 8414): Config attempting to parse: '/Users/builder/data/lanes/4009/f3074d2c/source/monodroid/builds/install/mono-armv6/etc/mono/assemblies/Xamarin.Android.Support.v7.RecyclerView/Xamarin.Android.Support.v7.RecyclerView.config'.
D/Mono    ( 8414): Image addref Xamarin.Android.Support.Vector.Drawable[0xb4b6a040] -> Xamarin.Android.Support.Vector.Drawable.dll[0xb4849800]: 2
D/Mono    ( 8414): Prepared to set up assembly 'Xamarin.Android.Support.Vector.Drawable' (Xamarin.Android.Support.Vector.Drawable.dll)
D/Mono    ( 8414): Assembly Xamarin.Android.Support.Vector.Drawable[0xb4b6a040] added to domain RootDomain, ref_count=1
D/Mono    ( 8414): AOT module 'Xamarin.Android.Support.Vector.Drawable.dll.so' not found: dlopen failed: library "/data/app/com.careerbuilder.SugarDrone-1/lib/arm/libaot-Xamarin.Android.Support.Vector.Drawable.dll.so" not found
D/Mono    ( 8414): AOT module '/Users/builder/data/lanes/4009/f3074d2c/source/monodroid/builds/install/mono-armv6/lib/mono/aot-cache/arm/Xamarin.Android.Support.Vector.Drawable.dll.so' not found: dlopen failed: library "/data/app/com.careerbuilder.SugarDrone-1/lib/arm/libaot-Xamarin.Android.Support.Vector.Drawable.dll.so" not found
D/Mono    ( 8414): Config attempting to parse: 'Xamarin.Android.Support.Vector.Drawable.dll.config'.
D/Mono    ( 8414): Config attempting to parse: '/Users/builder/data/lanes/4009/f3074d2c/source/monodroid/builds/install/mono-armv6/etc/mono/assemblies/Xamarin.Android.Support.Vector.Drawable/Xamarin.Android.Support.Vector.Drawable.config'.
D/Mono    ( 8414): Image addref Xamarin.Android.Support.Animated.Vector.Drawable[0xb4b6a0a0] -> Xamarin.Android.Support.Animated.Vector.Drawable.dll[0xb4849d00]: 2
D/Mono    ( 8414): Prepared to set up assembly 'Xamarin.Android.Support.Animated.Vector.Drawable' (Xamarin.Android.Support.Animated.Vector.Drawable.dll)
D/Mono    ( 8414): Assembly Xamarin.Android.Support.Animated.Vector.Drawable[0xb4b6a0a0] added to domain RootDomain, ref_count=1
D/Mono    ( 8414): AOT module 'Xamarin.Android.Support.Animated.Vector.Drawable.dll.so' not found: dlopen failed: library "/data/app/com.careerbuilder.SugarDrone-1/lib/arm/libaot-Xamarin.Android.Support.Animated.Vector.Drawable.dll.so" not found
D/Mono    ( 8414): AOT module '/Users/builder/data/lanes/4009/f3074d2c/source/monodroid/builds/install/mono-armv6/lib/mono/aot-cache/arm/Xamarin.Android.Support.Animated.Vector.Drawable.dll.so' not found: dlopen failed: library "/data/app/com.careerbuilder.SugarDrone-1/lib/arm/libaot-Xamarin.Android.Support.Animated.Vector.Drawable.dll.so" not found
