W/ResourceType( 9481): No known package when getting name for resource number 0xffffffff
W/ResourceType( 9481): No known package when getting name for resource number 0xffffffff
W/ResourceType( 9481): No known package when getting name for resource number 0xffffffff
W/ResourceType( 9481): No known package when getting name for resource number 0xffffffff
W/ResourceType( 9481): No known package when getting name for resource number 0xffffffff
W/ResourceType( 9481): No known package when getting name for resource number 0xffffffff
W/ResourceType( 9481): No known package when getting name for resource number 0xffffffff
W/ResourceType( 9481): No known package when getting name for resource number 0xffffffff
W/ResourceType( 9481): No known package when getting name for resource number 0xffffffff
W/ResourceType( 9481): No known package when getting name for resource number 0xffffffff
W/ResourceType( 9481): No known package when getting name for resource number 0xffffffff
W/ResourceType( 9481): No known package when getting name for resource number 0xffffffff
W/ResourceType( 9481): No known package when getting name for resource number 0xffffffff
W/ResourceType( 9481): No known package when getting name for resource number 0xffffffff
W/ResourceType( 9481): No known package when getting name for resource number 0xffffffff
W/ResourceType( 9481): No known package when getting name for resource number 0xffffffff
W/ResourceType( 9481): No known package when getting name for resource number 0xffffffff
W/ResourceType( 9481): No known package when getting name for resource number 0xffffffff
W/ResourceType( 9481): No known package when getting name for resource number 0xffffffff
W/ResourceType( 9481): No known package when getting name for resource number 0xffffffff
W/ResourceType( 9481): No known package when getting name for resource number 0xffffffff
W/ResourceType( 9481): No known package when getting name for resource number 0xffffffff
W/ResourceType( 9481): No known package when getting name for resource number 0xffffffff
W/ResourceType( 9481): No known package when getting name for resource number 0xffffffff
W/ResourceType( 9481): No known package when getting name for resource number 0xffffffff
W/ResourceType( 9481): No known package when getting name for resource number 0xffffffff
W/ResourceType( 9481): No known package when getting name for resource number 0xffffffff
W/ResourceType( 9481): No known package when getting name for resource number 0xffffffff
W/ResourceType( 9481): No known package when getting name for resource number 0xffffffff
W/ResourceType( 9481): No known package when getting name for resource number 0xffffffff
W/ResourceType( 9481): No known package when getting name for resource number 0xffffffff
W/ResourceType( 9481): No known package when getting name for resource number 0xffffffff
W/ResourceType( 9481): No known package when getting name for resource number 0xffffffff
W/ResourceType( 9481): No known package when getting name for resource number 0xffffffff
W/ResourceType( 9481): No known package when getting name for resource number 0xffffffff
W/ResourceType( 9481): No known package when getting name for resource number 0xffffffff
W/ResourceType( 9481): No known package when getting name for resource number 0xffffffff
W/ResourceType( 9481): No known package when getting name for resource number 0xffffffff
I/System.out( 9481): URI: /
I/System.out( 9481): params: {json={"command":"touch_coordinate","arguments":[683.0,2183.0]}
I/System.out( 9481): }
I/System.out( 9481): header: {content-length=57, host=devicehost110.prod, x-session-token=token-token-2ea2accf-cbbd-445a-9a71-ec0b6ea657ea, x-forwarded-for=10.222.150.16, content-type=application/json; charset=utf-8, connection=close}
I/System.out( 9481): params: {json={"command":"touch_coordinate","arguments":[683.0,2183.0]}
I/System.out( 9481): }
I/System.out( 9481): ProP json = {"command":"touch_coordinate","arguments":[683.0,2183.0]}
I/System.out( 9481): files: {}
I/System.out( 9481): command: {"command":"touch_coordinate","arguments":[683.0,2183.0]}
I/InstrumentationBackend( 9481): Got command:'Command:'Line:null,touch_coordinate', arguments:'[683.0, 2183.0]'
D/audio_hw_primary(  356): out_set_parameters: enter: usecase(1: low-latency-playback) kvpairs: routing=2
D/audio_hw_primary(  356): select_devices: out_snd_device(2: speaker) in_snd_device(0: none)
D/msm8974_platform(  356): platform_send_audio_calibration: sending audio calibration for snd_device(2) acdb_id(15)
E/ACDB-LOADER(  356): Error: ACDB AFE returned = -19
D/audio_hw_primary(  356): enable_snd_device: snd_device(2: speaker)
D/Mono    ( 9481): Assembly Ref addref CareerBuilder_Search.Droid[0xb4ae8580] -> Xamarin.Android.Support.v7.CardView[0xb4b72040]: 2
D/audio_hw_primary(  356): enable_audio_route: apply and update mixer path: low-latency-playback speaker
I/calabash( 9481): execStartActivity 4
I/ActivityManager(  816): START u0 {cmp=com.careerbuilder.SugarDrone/md5a4824aa66c0dc4d104077b72c1916a44.JobDisplayPageActivity (has extras)} from uid 19216 on display 0
V/WindowManager(  816): addAppToken: AppWindowToken{31e9ccb4 token=Token{12b2a587 ActivityRecord{3b74e1c6 u0 com.careerbuilder.SugarDrone/md5a4824aa66c0dc4d104077b72c1916a44.JobDisplayPageActivity t29}}} to stack=1 task=29 at 2
I/calabash( 9481): newActivity1
I/System.out( 9481): result:{"bonusInformation":[],"message":"","success":true}
I/WebViewFactory( 9481): Loading com.google.android.webview version 39 (1743759-arm) (code 320201)
I/LibraryLoader( 9481): Time to load native libraries: 2 ms (timestamps 712-714)
I/LibraryLoader( 9481): Expected native library version number "",actual native library version number ""
V/WebViewChromiumFactoryProvider( 9481): Binding Chromium to main looper Looper (main, tid 1) {1c17baa5}
I/LibraryLoader( 9481): Expected native library version number "",actual native library version number ""
I/chromium( 9481): [INFO:library_loader_hooks.cc(104)] Chromium logging enabled: level = 0, default verbosity = 0
I/BrowserStartupController( 9481): Initializing chromium process, singleProcess=true
W/art     ( 9481): Attempt to remove local handle scope entry from IRT, ignoring
W/AudioManagerAndroid( 9481): Requires BLUETOOTH permission
W/chromium( 9481): [WARNING:resource_bundle.cc(304)] locale_file_path.empty()
I/chromium( 9481): [INFO:aw_browser_main_parts.cc(65)] Load from apk succesful, fd=62 off=46872 len=3037
I/chromium( 9481): [INFO:aw_browser_main_parts.cc(78)] Loading webviewchromium.pak from, fd:63 off:230172 len:1089587
I/System.out( 9481): URI: /map
I/System.out( 9481): params: {json={"query":"* marked:'applyButton'","operation":{"method_name":"query","arguments":[]}}
I/System.out( 9481): }
I/ThermalEngine(  364): ACTION: CPU - Setting CPU[0] to 2457600
I/ThermalEngine(  364): ACTION: CPU - Setting CPU[1] to 2457600
I/ThermalEngine(  364): ACTION: CPU - Setting CPU[2] to 2457600
I/ThermalEngine(  364): ACTION: CPU - Setting CPU[3] to 2457600
V/WindowManager(  816): Adding window Window{2eccc39b u0 com.careerbuilder.SugarDrone/md5a4824aa66c0dc4d104077b72c1916a44.JobDisplayPageActivity} at 4 of 9 (after Window{2b6cbbb u0 com.careerbuilder.SugarDrone/md5a4824aa66c0dc4d104077b72c1916a44.MasterNavActivity})
D/Mono    ( 9481): Unloading image System.Runtime.Extensions.dll [0x997ede00].
D/Mono    ( 9481): Image addref System.Runtime.Extensions[0x96977b80] -> System.Runtime.Extensions.dll[0x9a131b00]: 8
D/Mono    ( 9481): Config attempting to parse: 'System.Runtime.Extensions.dll.config'.
D/Mono    ( 9481): Config attempting to parse: '/Users/builder/data/lanes/4009/f3074d2c/source/monodroid/builds/install/mono-armv6/etc/mono/assemblies/System.Runtime.Extensions/System.Runtime.Extensions.config'.
D/Mono    ( 9481): Assembly Ref addref CareerBuilder_Search[0xb4b72460] -> System.Runtime.Extensions[0x9a23eca0]: 6
I/mono-stdout( 9481): uri is: https://api.careerbuilder.com/v3/job?DID=job5&outputjson=true&ShowApplyRequirements=true&DeveloperKey=WDHR8FC6P2JZ1Y61KLM5
I/mono-stdout( 9481): making api call to: /v3/job?DID=job5&outputjson=true&ShowApplyRequirements=true&DeveloperKey=WDHR8FC6P2JZ1Y61KLM5
I/mono-stdout( 9481): uri is: https://api.careerbuilder.com/consumer/saved-jobs/?DeveloperKey=WDHR8FC6P2JZ1Y61KLM5
I/mono-stdout( 9481): making api call to: /consumer/saved-jobs/?DeveloperKey=WDHR8FC6P2JZ1Y61KLM5
I/mono-stdout( 9481): Method: GET, RequestUri: 'https://api.careerbuilder.com/consumer/saved-jobs/?DeveloperKey=WDHR8FC6P2JZ1Y61KLM5', Version: 1.1, Content: <null>, Headers:

I/mono-stdout( 9481): {

I/mono-stdout( 9481): DeveloperKey: WDHR8FC6P2JZ1Y61KLM5

I/mono-stdout( 9481): Accept: application/json

I/mono-stdout( 9481): Authorization: Bearer test

I/mono-stdout( 9481): HostSite: US

I/mono-stdout( 9481): }
I/mono-stdout( 9481): Current State = 1,2,6,7
I/mono-stdout( 9481): applied jobs = 6
I/mono-stdout( 9481): expired jobs = 7
I/mono-stdout( 9481): saved jobs = Saved,Saved,Applied,Saved
I/ActivityManager(  816): Displayed com.careerbuilder.SugarDrone/md5a4824aa66c0dc4d104077b72c1916a44.JobDisplayPageActivity: +479ms
W/ResourceType( 9481): No known package when getting name for resource number 0xffffffff
W/ResourceType( 9481): No known package when getting name for resource number 0xffffffff
W/ResourceType( 9481): No known package when getting name for resource number 0xffffffff
W/ResourceType( 9481): No known package when getting name for resource number 0xffffffff
W/ResourceType( 9481): No known package when getting name for resource number 0xffffffff
W/ResourceType( 9481): No known package when getting name for resource number 0xffffffff
W/ResourceType( 9481): No known package when getting name for resource number 0xffffffff
W/ResourceType( 9481): No known package when getting name for resource number 0xffffffff
W/ResourceType( 9481): No known package when getting name for resource number 0xffffffff
W/ResourceType( 9481): No known package when getting name for resource number 0xffffffff
W/ResourceType( 9481): No known package when getting name for resource number 0xffffffff
W/ResourceType( 9481): No known package when getting name for resource number 0xffffffff
W/ResourceType( 9481): No known package when getting name for resource number 0xffffffff
W/ResourceType( 9481): No known package when getting name for resource number 0xffffffff
W/ResourceType( 9481): No known package when getting name for resource number 0xffffffff
W/ResourceType( 9481): No known package when getting name for resource number 0xffffffff
W/ResourceType( 9481): No known package when getting name for resource number 0xffffffff
W/ResourceType( 9481): No known package when getting name for resource number 0xffffffff
W/ResourceType( 9481): No known package when getting name for resource number 0xffffffff
W/ResourceType( 9481): No known package when getting name for resource number 0xffffffff
W/ResourceType( 9481): No known package when getting name for resource number 0xffffffff
W/ResourceType( 9481): No known package when getting name for resource number 0xffffffff
W/ResourceType( 9481): No known package when getting name for resource number 0xffffffff
W/ResourceType( 9481): No known package when getting name for resource number 0xffffffff
W/ResourceType( 9481): No known package when getting name for resource number 0xffffffff
W/ResourceType( 9481): No known package when getting name for resource number 0xffffffff
W/ResourceType( 9481): No known package when getting name for resource number 0xffffffff
W/ResourceType( 9481): No known package when getting name for resource number 0xffffffff
W/ResourceType( 9481): No known package when getting name for resource number 0xffffffff
W/ResourceType( 9481): No known package when getting name for resource number 0xffffffff
W/ResourceType( 9481): No known package when getting name for resource number 0xffffffff
W/ResourceType( 9481): No known package when getting name for resource number 0xffffffff
W/ResourceType( 9481): No known package when getting name for resource number 0xffffffff
W/ResourceType( 9481): No known package when getting name for resource number 0xffffffff
W/ResourceType( 9481): No known package when getting name for resource number 0xffffffff
W/ResourceType( 9481): No known package when getting name for resource number 0xffffffff
W/ResourceType( 9481): No known package when getting name for resource number 0xffffffff
W/ResourceType( 9481): No known package when getting name for resource number 0xffffffff
W/ResourceType( 9481): No known package when getting name for resource number 0xffffffff
W/ResourceType( 9481): No known package when getting name for resource number 0xffffffff
W/ResourceType( 9481): No known package when getting name for resource number 0xffffffff
W/ResourceType( 9481): No known package when getting name for resource number 0xffffffff
W/ResourceType( 9481): No known package when getting name for resource number 0xffffffff
W/ResourceType( 9481): No known package when getting name for resource number 0xffffffff
W/ResourceType( 9481): No known package when getting name for resource number 0xffffffff
W/ResourceType( 9481): No known package when getting name for resource number 0xffffffff
W/ResourceType( 9481): No known package when getting name for resource number 0xffffffff
W/ResourceType( 9481): No known package when getting name for resource number 0xffffffff
W/ResourceType( 9481): No known package when getting name for resource number 0xffffffff
W/ResourceType( 9481): No known package when getting name for resource number 0xffffffff
W/ResourceType( 9481): No known package when getting name for resource number 0xffffffff
W/ResourceType( 9481): No known package when getting name for resource number 0xffffffff
W/ResourceType( 9481): No known package when getting name for resource number 0xffffffff
W/ResourceType( 9481): No known package when getting name for resource number 0xffffffff
W/ResourceType( 9481): No known package when getting name for resource number 0xffffffff
W/ResourceType( 9481): No known package when getting name for resource number 0xffffffff
I/mono-stdout( 9481): done making call to: /v3/job?DID=job5&outputjson=true&ShowApplyRequirements=true&DeveloperKey=WDHR8FC6P2JZ1Y61KLM5
W/ResourceType( 9481): No known package when getting name for resource number 0xffffffff
I/mono-stdout( 9481): done making call to: /consumer/saved-jobs/?DeveloperKey=WDHR8FC6P2JZ1Y61KLM5
W/ResourceType( 9481): No known package when getting name for resource number 0xffffffff
W/ResourceType( 9481): No known package when getting name for resource number 0xffffffff
W/ResourceType( 9481): No known package when getting name for resource number 0xffffffff
W/ResourceType( 9481): No known package when getting name for resource number 0xffffffff
W/ResourceType( 9481): No known package when getting name for resource number 0xffffffff
W/ResourceType( 9481): No known package when getting name for resource number 0xffffffff
W/ResourceType( 9481): No known package when getting name for resource number 0xffffffff
W/ResourceType( 9481): No known package when getting name for resource number 0xffffffff
W/ResourceType( 9481): No known package when getting name for resource number 0xffffffff
W/ResourceType( 9481): No known package when getting name for resource number 0xffffffff
W/ResourceType( 9481): No known package when getting name for resource number 0xffffffff
W/ResourceType( 9481): No known package when getting name for resource number 0xffffffff
W/ResourceType( 9481): No known package when getting name for resource number 0xffffffff
W/ResourceType( 9481): No known package when getting name for resource number 0xffffffff
W/ResourceType( 9481): No known package when getting name for resource number 0xffffffff
W/ResourceType( 9481): No known package when getting name for resource number 0xffffffff
I/Choreographer( 9481): Skipped 43 frames!  The application may be doing too much work on its main thread.
I/System.out( 9481): URI: /map
I/System.out( 9481): params: {json={"query":"* marked:'applyButton'","operation":{"method_name":"query","arguments":[]}}
I/System.out( 9481): }
W/ResourceType( 9481): No known package when getting name for resource number 0xffffffff
W/ResourceType( 9481): No known package when getting name for resource number 0xffffffff
W/ResourceType( 9481): No known package when getting name for resource number 0xffffffff
W/ResourceType( 9481): No known package when getting name for resource number 0xffffffff
W/ResourceType( 9481): No known package when getting name for resource number 0xffffffff
W/ResourceType( 9481): No known package when getting name for resource number 0xffffffff
W/ResourceType( 9481): No known package when getting name for resource number 0xffffffff
W/ResourceType( 9481): No known package when getting name for resource number 0xffffffff
W/ResourceType( 9481): No known package when getting name for resource number 0xffffffff
W/ResourceType( 9481): No known package when getting name for resource number 0xffffffff
W/ResourceType( 9481): No known package when getting name for resource number 0xffffffff
W/ResourceType( 9481): No known package when getting name for resource number 0xffffffff
W/ResourceType( 9481): No known package when getting name for resource number 0xffffffff
W/ResourceType( 9481): No known package when getting name for resource number 0xffffffff
W/ResourceType( 9481): No known package when getting name for resource number 0xffffffff
W/ResourceType( 9481): No known package when getting name for resource number 0xffffffff
W/ResourceType( 9481): No known package when getting name for resource number 0xffffffff
W/ResourceType( 9481): No known package when getting name for resource number 0xffffffff
W/ResourceType( 9481): No known package when getting name for resource number 0xffffffff
W/ResourceType( 9481): No known package when getting name for resource number 0xffffffff
W/ResourceType( 9481): No known package when getting name for resource number 0xffffffff
W/ResourceType( 9481): No known package when getting name for resource number 0xffffffff
W/ResourceType( 9481): No known package when getting name for resource number 0xffffffff
W/ResourceType( 9481): No known package when getting name for resource number 0xffffffff
W/ResourceType( 9481): No known package when getting name for resource number 0xffffffff
W/ResourceType( 9481): No known package when getting name for resource number 0xffffffff
W/ResourceType( 9481): No known package when getting name for resource number 0xffffffff
W/ResourceType( 9481): No known package when getting name for resource number 0xffffffff
W/ResourceType( 9481): No known package when getting name for resource number 0xffffffff
W/ResourceType( 9481): No known package when getting name for resource number 0xffffffff
W/ResourceType( 9481): No known package when getting name for resource number 0xffffffff
W/ResourceType( 9481): No known package when getting name for resource number 0xffffffff
W/ResourceType( 9481): No known package when getting name for resource number 0xffffffff
W/ResourceType( 9481): No known package when getting name for resource number 0xffffffff
W/ResourceType( 9481): No known package when getting name for resource number 0xffffffff
W/ResourceType( 9481): No known package when getting name for resource number 0xffffffff
W/ResourceType( 9481): No known package when getting name for resource number 0xffffffff
W/ResourceType( 9481): No known package when getting name for resource number 0xffffffff
W/ResourceType( 9481): No known package when getting name for resource number 0xffffffff
W/ResourceType( 9481): No known package when getting name for resource number 0xffffffff
W/ResourceType( 9481): No known package when getting name for resource number 0xffffffff
W/ResourceType( 9481): No known package when getting name for resource number 0xffffffff
W/ResourceType( 9481): No known package when getting name for resource number 0xffffffff
W/ResourceType( 9481): No known package when getting name for resource number 0xffffffff
W/ResourceType( 9481): No known package when getting name for resource number 0xffffffff
W/ResourceType( 9481): No known package when getting name for resource number 0xffffffff
W/ResourceType( 9481): No known package when getting name for resource number 0xffffffff
W/ResourceType( 9481): No known package when getting name for resource number 0xffffffff
W/ResourceType( 9481): No known package when getting name for resource number 0xffffffff
W/ResourceType( 9481): No known package when getting name for resource number 0xffffffff
W/ResourceType( 9481): No known package when getting name for resource number 0xffffffff
W/ResourceType( 9481): No known package when getting name for resource number 0xffffffff
W/ResourceType( 9481): No known package when getting name for resource number 0xffffffff
W/ResourceType( 9481): No known package when getting name for resource number 0xffffffff
W/ResourceType( 9481): No known package when getting name for resource number 0xffffffff
W/ResourceType( 9481): No known package when getting name for resource number 0xffffffff
W/ResourceType( 9481): No known package when getting name for resource number 0xffffffff
W/ResourceType( 9481): No known package when getting name for resource number 0xffffffff
W/ResourceType( 9481): No known package when getting name for resource number 0xffffffff
W/ResourceType( 9481): No known package when getting name for resource number 0xffffffff
W/ResourceType( 9481): No known package when getting name for resource number 0xffffffff
W/ResourceType( 9481): No known package when getting name for resource number 0xffffffff
W/ResourceType( 9481): No known package when getting name for resource number 0xffffffff
W/ResourceType( 9481): No known package when getting name for resource number 0xffffffff
W/ResourceType( 9481): No known package when getting name for resource number 0xffffffff
W/ResourceType( 9481): No known package when getting name for resource number 0xffffffff
W/ResourceType( 9481): No known package when getting name for resource number 0xffffffff
W/ResourceType( 9481): No known package when getting name for resource number 0xffffffff
W/ResourceType( 9481): No known package when getting name for resource number 0xffffffff
W/ResourceType( 9481): No known package when getting name for resource number 0xffffffff
W/ResourceType( 9481): No known package when getting name for resource number 0xffffffff
W/ResourceType( 9481): No known package when getting name for resource number 0xffffffff
W/ResourceType( 9481): No known package when getting name for resource number 0xffffffff
W/ResourceType( 9481): No known package when getting name for resource number 0xffffffff
W/ResourceType( 9481): No known package when getting name for resource number 0xffffffff
W/ResourceType( 9481): No known package when getting name for resource number 0xffffffff
W/ResourceType( 9481): No known package when getting name for resource number 0xffffffff
W/ResourceType( 9481): No known package when getting name for resource number 0xffffffff
W/ResourceType( 9481): No known package when getting name for resource number 0xffffffff
W/ResourceType( 9481): No known package when getting name for resource number 0xffffffff
W/ResourceType( 9481): No known package when getting name for resource number 0xffffffff
W/ResourceType( 9481): No known package when getting name for resource number 0xffffffff
W/ResourceType( 9481): No known package when getting name for resource number 0xffffffff
I/System.out( 9481): URI: /map
I/System.out( 9481): params: {json={"query":"* marked:'applyButton'","operation":{"method_name":"query","arguments":[]}}
I/System.out( 9481): }
W/ResourceType( 9481): No known package when getting name for resource number 0xffffffff
W/ResourceType( 9481): No known package when getting name for resource number 0xffffffff
W/ResourceType( 9481): No known package when getting name for resource number 0xffffffff
W/ResourceType( 9481): No known package when getting name for resource number 0xffffffff
W/ResourceType( 9481): No known package when getting name for resource number 0xffffffff
W/ResourceType( 9481): No known package when getting name for resource number 0xffffffff
W/ResourceType( 9481): No known package when getting name for resource number 0xffffffff
W/ResourceType( 9481): No known package when getting name for resource number 0xffffffff
W/ResourceType( 9481): No known package when getting name for resource number 0xffffffff
W/ResourceType( 9481): No known package when getting name for resource number 0xffffffff
W/ResourceType( 9481): No known package when getting name for resource number 0xffffffff
W/ResourceType( 9481): No known package when getting name for resource number 0xffffffff
W/ResourceType( 9481): No known package when getting name for resource number 0xffffffff
W/ResourceType( 9481): No known package when getting name for resource number 0xffffffff
W/ResourceType( 9481): No known package when getting name for resource number 0xffffffff
W/ResourceType( 9481): No known package when getting name for resource number 0xffffffff
W/ResourceType( 9481): No known package when getting name for resource number 0xffffffff
W/ResourceType( 9481): No known package when getting name for resource number 0xffffffff
W/ResourceType( 9481): No known package when getting name for resource number 0xffffffff
W/ResourceType( 9481): No known package when getting name for resource number 0xffffffff
W/ResourceType( 9481): No known package when getting name for resource number 0xffffffff
W/ResourceType( 9481): No known package when getting name for resource number 0xffffffff
W/ResourceType( 9481): No known package when getting name for resource number 0xffffffff
W/ResourceType( 9481): No known package when getting name for resource number 0xffffffff
W/ResourceType( 9481): No known package when getting name for resource number 0xffffffff
W/ResourceType( 9481): No known package when getting name for resource number 0xffffffff
W/ResourceType( 9481): No known package when getting name for resource number 0xffffffff
W/ResourceType( 9481): No known package when getting name for resource number 0xffffffff
W/ResourceType( 9481): No known package when getting name for resource number 0xffffffff
W/ResourceType( 9481): No known package when getting name for resource number 0xffffffff
W/ResourceType( 9481): No known package when getting name for resource number 0xffffffff
W/ResourceType( 9481): No known package when getting name for resource number 0xffffffff
W/ResourceType( 9481): No known package when getting name for resource number 0xffffffff
W/ResourceType( 9481): No known package when getting name for resource number 0xffffffff
W/ResourceType( 9481): No known package when getting name for resource number 0xffffffff
W/ResourceType( 9481): No known package when getting name for resource number 0xffffffff
W/ResourceType( 9481): No known package when getting name for resource number 0xffffffff
W/ResourceType( 9481): No known package when getting name for resource number 0xffffffff
W/ResourceType( 9481): No known package when getting name for resource number 0xffffffff
W/ResourceType( 9481): No known package when getting name for resource number 0xffffffff
W/ResourceType( 9481): No known package when getting name for resource number 0xffffffff
W/ResourceType( 9481): No known package when getting name for resource number 0xffffffff
W/ResourceType( 9481): No known package when getting name for resource number 0xffffffff
W/ResourceType( 9481): No known package when getting name for resource number 0xffffffff
W/ResourceType( 9481): No known package when getting name for resource number 0xffffffff
W/ResourceType( 9481): No known package when getting name for resource number 0xffffffff
W/ResourceType( 9481): No known package when getting name for resource number 0xffffffff
W/ResourceType( 9481): No known package when getting name for resource number 0xffffffff
W/ResourceType( 9481): No known package when getting name for resource number 0xffffffff
W/ResourceType( 9481): No known package when getting name for resource number 0xffffffff
W/ResourceType( 9481): No known package when getting name for resource number 0xffffffff
W/ResourceType( 9481): No known package when getting name for resource number 0xffffffff
W/ResourceType( 9481): No known package when getting name for resource number 0xffffffff
W/ResourceType( 9481): No known package when getting name for resource number 0xffffffff
W/ResourceType( 9481): No known package when getting name for resource number 0xffffffff
W/ResourceType( 9481): No known package when getting name for resource number 0xffffffff
W/ResourceType( 9481): No known package when getting name for resource number 0xffffffff
W/ResourceType( 9481): No known package when getting name for resource number 0xffffffff
W/ResourceType( 9481): No known package when getting name for resource number 0xffffffff
W/ResourceType( 9481): No known package when getting name for resource number 0xffffffff
W/ResourceType( 9481): No known package when getting name for resource number 0xffffffff
W/ResourceType( 9481): No known package when getting name for resource number 0xffffffff
W/ResourceType( 9481): No known package when getting name for resource number 0xffffffff
W/ResourceType( 9481): No known package when getting name for resource number 0xffffffff
W/ResourceType( 9481): No known package when getting name for resource number 0xffffffff
W/ResourceType( 9481): No known package when getting name for resource number 0xffffffff
W/ResourceType( 9481): No known package when getting name for resource number 0xffffffff
W/ResourceType( 9481): No known package when getting name for resource number 0xffffffff
W/ResourceType( 9481): No known package when getting name for resource number 0xffffffff
W/ResourceType( 9481): No known package when getting name for resource number 0xffffffff
W/ResourceType( 9481): No known package when getting name for resource number 0xffffffff
W/ResourceType( 9481): No known package when getting name for resource number 0xffffffff
W/ResourceType( 9481): No known package when getting name for resource number 0xffffffff
D/audio_hw_primary(  356): disable_audio_route: reset and update mixer path: low-latency-playback speaker
D/audio_hw_primary(  356): disable_snd_device: snd_device(2: speaker)
I/ThermalEngine(  364): ACTION: GPU - Setting GPU[0] to 500000000
I/ThermalEngine(  364): Mitigation:GPU[0]:500000000 Hz
I/ThermalEngine(  364): ACTION: CPU - Setting CPU[0] to 2265600
I/ThermalEngine(  364): ACTION: CPU - Setting CPU[1] to 2265600
I/ThermalEngine(  364): ACTION: CPU - Setting CPU[2] to 2265600
I/ThermalEngine(  364): ACTION: CPU - Setting CPU[3] to 2265600
W/ResourceType( 9481): No known package when getting name for resource number 0xffffffff
W/ResourceType( 9481): No known package when getting name for resource number 0xffffffff
W/ResourceType( 9481): No known package when getting name for resource number 0xffffffff
W/ResourceType( 9481): No known package when getting name for resource number 0xffffffff
W/ResourceType( 9481): No known package when getting name for resource number 0xffffffff
W/ResourceType( 9481): No known package when getting name for resource number 0xffffffff
W/ResourceType( 9481): No known package when getting name for resource number 0xffffffff
W/ResourceType( 9481): No known package when getting name for resource number 0xffffffff
W/ResourceType( 9481): No known package when getting name for resource number 0xffffffff
W/ResourceType( 9481): No known package when getting name for resource number 0xffffffff
I/System.out( 9481): URI: /backdoor
I/System.out( 9481): params: {json={"method_name":"GoToAfterApply","arguments":[]}
I/System.out( 9481): }
I/calabash( 9481): execStartActivity 4
I/ActivityManager(  816): START u0 {cmp=com.careerbuilder.SugarDrone/md5a4824aa66c0dc4d104077b72c1916a44.RecommendationsActivity (has extras)} from uid 19216 on display 0
V/WindowManager(  816): addAppToken: AppWindowToken{25b60b13 token=Token{242f7602 ActivityRecord{37f70b4d u0 com.careerbuilder.SugarDrone/md5a4824aa66c0dc4d104077b72c1916a44.RecommendationsActivity t29}}} to stack=1 task=29 at 3
I/calabash( 9481): newActivity1
I/System.out( 9481): URI: /map
I/System.out( 9481): params: {json={"query":"* marked:'done'","operation":{"method_name":"query","arguments":[]}}
I/System.out( 9481): }
I/mono-stdout( 9481): uri is: https://api.careerbuilder.com/consumer/saved-jobs/?DeveloperKey=WDHR8FC6P2JZ1Y61KLM5
I/mono-stdout( 9481): making api call to: /consumer/saved-jobs/?DeveloperKey=WDHR8FC6P2JZ1Y61KLM5
I/mono-stdout( 9481): Method: GET, RequestUri: 'https://api.careerbuilder.com/consumer/saved-jobs/?DeveloperKey=WDHR8FC6P2JZ1Y61KLM5', Version: 1.1, Content: <null>, Headers:

I/mono-stdout( 9481): {

I/mono-stdout( 9481): DeveloperKey: WDHR8FC6P2JZ1Y61KLM5

I/mono-stdout( 9481): Accept: application/json

I/mono-stdout( 9481): Authorization: Bearer test

I/mono-stdout( 9481): HostSite: US

I/mono-stdout( 9481): }
I/mono-stdout( 9481): Current State = 1,2,6,7
I/mono-stdout( 9481): applied jobs = 6
I/mono-stdout( 9481): expired jobs = 7
I/mono-stdout( 9481): saved jobs = Saved,Saved,Applied,Saved
V/WindowManager(  816): Adding window Window{36360f49 u0 com.careerbuilder.SugarDrone/md5a4824aa66c0dc4d104077b72c1916a44.RecommendationsActivity} at 5 of 10 (after Window{2eccc39b u0 com.careerbuilder.SugarDrone/md5a4824aa66c0dc4d104077b72c1916a44.JobDisplayPageActivity})
I/mono-stdout( 9481): uri is: https://api.careerbuilder.com/consumer/saved-jobs/?CountLimit=25&DeveloperKey=WDHR8FC6P2JZ1Y61KLM5
I/mono-stdout( 9481): making api call to: /consumer/saved-jobs/?CountLimit=25&DeveloperKey=WDHR8FC6P2JZ1Y61KLM5
I/mono-stdout( 9481): Method: GET, RequestUri: 'https://api.careerbuilder.com/consumer/saved-jobs/?CountLimit=25&DeveloperKey=WDHR8FC6P2JZ1Y61KLM5', Version: 1.1, Content: <null>, Headers:

I/mono-stdout( 9481): {

I/mono-stdout( 9481): DeveloperKey: WDHR8FC6P2JZ1Y61KLM5

I/mono-stdout( 9481): Accept: application/json

I/mono-stdout( 9481): Authorization: Bearer test

I/mono-stdout( 9481): HostSite: US

I/mono-stdout( 9481): Version: V3

I/mono-stdout( 9481): }
I/mono-stdout( 9481): Current State = 1,2,6,7
I/mono-stdout( 9481): applied jobs = 6
I/mono-stdout( 9481): expired jobs = 7
I/mono-stdout( 9481): saved jobs = Saved,Saved,Applied,Saved
I/art     ( 9481): Explicit concurrent mark sweep GC freed 325713(13MB) AllocSpace objects, 24(384KB) LOS objects, 26% free, 45MB/61MB, paused 1.436ms total 85.356ms
I/art     ( 9481): Explicit concurrent mark sweep GC freed 3517(131KB) AllocSpace objects, 0(0B) LOS objects, 26% free, 45MB/61MB, paused 2.198ms total 35.129ms
I/art     ( 9481): Explicit concurrent mark sweep GC freed 4294(189KB) AllocSpace objects, 0(0B) LOS objects, 26% free, 45MB/61MB, paused 1.786ms total 60.368ms
I/ActivityManager(  816): Displayed com.careerbuilder.SugarDrone/md5a4824aa66c0dc4d104077b72c1916a44.RecommendationsActivity: +389ms
W/ResourceType( 9481): No known package when getting name for resource number 0xffffffff
W/ResourceType( 9481): No known package when getting name for resource number 0xffffffff
W/ResourceType( 9481): No known package when getting name for resource number 0xffffffff
W/ResourceType( 9481): No known package when getting name for resource number 0xffffffff
W/ResourceType( 9481): No known package when getting name for resource number 0xffffffff
W/ResourceType( 9481): No known package when getting name for resource number 0xffffffff
W/ResourceType( 9481): No known package when getting name for resource number 0xffffffff
I/art     ( 9481): Explicit concurrent mark sweep GC freed 1437(72KB) AllocSpace objects, 0(0B) LOS objects, 26% free, 45MB/61MB, paused 1.166ms total 46.462ms
W/ResourceType( 9481): No known package when getting name for resource number 0xffffffff
W/ResourceType( 9481): No known package when getting name for resource number 0xffffffff
W/ResourceType( 9481): No known package when getting name for resource number 0xffffffff
I/art     ( 9481): Explicit concurrent mark sweep GC freed 1564(62KB) AllocSpace objects, 0(0B) LOS objects, 26% free, 45MB/61MB, paused 2.245ms total 37.895ms
W/ResourceType( 9481): No known package when getting name for resource number 0xffffffff
W/ResourceType( 9481): No known package when getting name for resource number 0xffffffff
W/ResourceType( 9481): No known package when getting name for resource number 0xffffffff
W/ResourceType( 9481): No known package when getting name for resource number 0xffffffff
W/ResourceType( 9481): No known package when getting name for resource number 0xffffffff
W/ResourceType( 9481): No known package when getting name for resource number 0xffffffff
W/ResourceType( 9481): No known package when getting name for resource number 0xffffffff
W/ResourceType( 9481): No known package when getting name for resource number 0xffffffff
W/ResourceType( 9481): No known package when getting name for resource number 0xffffffff
W/ResourceType( 9481): No known package when getting name for resource number 0xffffffff
W/ResourceType( 9481): No known package when getting name for resource number 0xffffffff
W/ResourceType( 9481): No known package when getting name for resource number 0xffffffff
W/ResourceType( 9481): No known package when getting name for resource number 0xffffffff
W/ResourceType( 9481): No known package when getting name for resource number 0xffffffff
W/ResourceType( 9481): No known package when getting name for resource number 0xffffffff
W/ResourceType( 9481): No known package when getting name for resource number 0xffffffff
W/ResourceType( 9481): No known package when getting name for resource number 0xffffffff
W/ResourceType( 9481): No known package when getting name for resource number 0xffffffff
W/ResourceType( 9481): No known package when getting name for resource number 0xffffffff
I/mono-stdout( 9481): done making call to: /consumer/saved-jobs/?DeveloperKey=WDHR8FC6P2JZ1Y61KLM5
W/ResourceType( 9481): No known package when getting name for resource number 0xffffffff
I/mono-stdout( 9481): done making call to: /consumer/saved-jobs/?CountLimit=25&DeveloperKey=WDHR8FC6P2JZ1Y61KLM5
W/ResourceType( 9481): No known package when getting name for resource number 0xffffffff
W/ResourceType( 9481): No known package when getting name for resource number 0xffffffff
W/ResourceType( 9481): No known package when getting name for resource number 0xffffffff
W/ResourceType( 9481): No known package when getting name for resource number 0xffffffff
W/ResourceType( 9481): No known package when getting name for resource number 0xffffffff
W/ResourceType( 9481): No known package when getting name for resource number 0xffffffff
W/ResourceType( 9481): No known package when getting name for resource number 0xffffffff
W/ResourceType( 9481): No known package when getting name for resource number 0xffffffff
W/ResourceType( 9481): No known package when getting name for resource number 0xffffffff
W/ResourceType( 9481): No known package when getting name for resource number 0xffffffff
W/ResourceType( 9481): No known package when getting name for resource number 0xffffffff
W/ResourceType( 9481): No known package when getting name for resource number 0xffffffff
W/ResourceType( 9481): No known package when getting name for resource number 0xffffffff
W/ResourceType( 9481): No known package when getting name for resource number 0xffffffff
W/ResourceType( 9481): No known package when getting name for resource number 0xffffffff
W/ResourceType( 9481): No known package when getting name for resource number 0xffffffff
W/ResourceType( 9481): No known package when getting name for resource number 0xffffffff
W/ResourceType( 9481): No known package when getting name for resource number 0xffffffff
W/ResourceType( 9481): No known package when getting name for resource number 0xffffffff
W/ResourceType( 9481): No known package when getting name for resource number 0xffffffff
W/ResourceType( 9481): No known package when getting name for resource number 0xffffffff
W/ResourceType( 9481): No known package when getting name for resource number 0xffffffff
W/ResourceType( 9481): No known package when getting name for resource number 0xffffffff
W/ResourceType( 9481): No known package when getting name for resource number 0xffffffff
W/ResourceType( 9481): No known package when getting name for resource number 0xffffffff
W/ResourceType( 9481): No known package when getting name for resource number 0xffffffff
D/Mono    ( 9481): DllImport searching in: '__Internal' ('(null)').
D/Mono    ( 9481): Searching for 'java_interop_jnienv_get_long_field'.
D/Mono    ( 9481): Probing 'java_interop_jnienv_get_long_field'.
D/Mono    ( 9481): Found as 'java_interop_jnienv_get_long_field'.
W/ResourceType( 9481): No known package when getting name for resource number 0xffffffff
W/ResourceType( 9481): No known package when getting name for resource number 0xffffffff
W/ResourceType( 9481): No known package when getting name for resource number 0xffffffff
W/ResourceType( 9481): No known package when getting name for resource number 0xffffffff
W/ResourceType( 9481): No known package when getting name for resource number 0xffffffff
W/ResourceType( 9481): No known package when getting name for resource number 0xffffffff
W/ResourceType( 9481): No known package when getting name for resource number 0xffffffff
W/ResourceType( 9481): No known package when getting name for resource number 0xffffffff
D/Mono    ( 9481): DllImport searching in: '__Internal' ('(null)').
D/Mono    ( 9481): Searching for 'java_interop_jnienv_call_long_method_a'.
D/Mono    ( 9481): Probing 'java_interop_jnienv_call_long_method_a'.
D/Mono    ( 9481): Found as 'java_interop_jnienv_call_long_method_a'.
W/ResourceType( 9481): No known package when getting name for resource number 0xffffffff
W/ResourceType( 9481): No known package when getting name for resource number 0xffffffff
W/ResourceType( 9481): No known package when getting name for resource number 0xffffffff
W/ResourceType( 9481): No known package when getting name for resource number 0xffffffff
W/ResourceType( 9481): No known package when getting name for resource number 0xffffffff
W/ResourceType( 9481): No known package when getting name for resource number 0xffffffff
W/ResourceType( 9481): No known package when getting name for resource number 0xffffffff
W/ResourceType( 9481): No known package when getting name for resource number 0xffffffff
W/ResourceType( 9481): No known package when getting name for resource number 0xffffffff
W/ResourceType( 9481): No known package when getting name for resource number 0xffffffff
W/ResourceType( 9481): No known package when getting name for resource number 0xffffffff
W/ResourceType( 9481): No known package when getting name for resource number 0xffffffff
W/ResourceType( 9481): No known package when getting name for resource number 0xffffffff
W/ResourceType( 9481): No known package when getting name for resource number 0xffffffff
W/ResourceType( 9481): No known package when getting name for resource number 0xffffffff
W/ResourceType( 9481): No known package when getting name for resource number 0xffffffff
W/ResourceType( 9481): No known package when getting name for resource number 0xffffffff
W/ResourceType( 9481): No known package when getting name for resource number 0xffffffff
W/ResourceType( 9481): No known package when getting name for resource number 0xffffffff
I/Choreographer( 9481): Skipped 46 frames!  The application may be doing too much work on its main thread.
W/SurfaceFlinger(  258): couldn't log to binary event log: overflow.
I/System.out( 9481): URI: /map
I/System.out( 9481): params: {json={"query":"* marked:'done'","operation":{"method_name":"query","arguments":[]}}
I/System.out( 9481): }
D/Mono    ( 9481): [0x9cf8fc00] hill climbing, change max number of threads 5
W/ResourceType( 9481): No known package when getting name for resource number 0xffffffff
W/ResourceType( 9481): No known package when getting name for resource number 0xffffffff
W/ResourceType( 9481): No known package when getting name for resource number 0xffffffff
W/ResourceType( 9481): No known package when getting name for resource number 0xffffffff
W/ResourceType( 9481): No known package when getting name for resource number 0xffffffff
W/ResourceType( 9481): No known package when getting name for resource number 0xffffffff
W/ResourceType( 9481): No known package when getting name for resource number 0xffffffff
W/ResourceType( 9481): No known package when getting name for resource number 0xffffffff
W/ResourceType( 9481): No known package when getting name for resource number 0xffffffff
W/ResourceType( 9481): No known package when getting name for resource number 0xffffffff
W/ResourceType( 9481): No known package when getting name for resource number 0xffffffff
W/ResourceType( 9481): No known package when getting name for resource number 0xffffffff
W/ResourceType( 9481): No known package when getting name for resource number 0xffffffff
W/ResourceType( 9481): No known package when getting name for resource number 0xffffffff
W/ResourceType( 9481): No known package when getting name for resource number 0xffffffff
W/ResourceType( 9481): No known package when getting name for resource number 0xffffffff
W/ResourceType( 9481): No known package when getting name for resource number 0xffffffff
W/ResourceType( 9481): No known package when getting name for resource number 0xffffffff
W/ResourceType( 9481): No known package when getting name for resource number 0xffffffff
W/ResourceType( 9481): No known package when getting name for resource number 0xffffffff
W/ResourceType( 9481): No known package when getting name for resource number 0xffffffff
W/ResourceType( 9481): No known package when getting name for resource number 0xffffffff
W/ResourceType( 9481): No known package when getting name for resource number 0xffffffff
W/ResourceType( 9481): No known package when getting name for resource number 0xffffffff
W/ResourceType( 9481): No known package when getting name for resource number 0xffffffff
W/ResourceType( 9481): No known package when getting name for resource number 0xffffffff
W/ResourceType( 9481): No known package when getting name for resource number 0xffffffff
W/ResourceType( 9481): No known package when getting name for resource number 0xffffffff
W/ResourceType( 9481): No known package when getting name for resource number 0xffffffff
W/ResourceType( 9481): No known package when getting name for resource number 0xffffffff
W/ResourceType( 9481): No known package when getting name for resource number 0xffffffff
W/ResourceType( 9481): No known package when getting name for resource number 0xffffffff
W/ResourceType( 9481): No known package when getting name for resource number 0xffffffff
W/ResourceType( 9481): No known package when getting name for resource number 0xffffffff
W/ResourceType( 9481): No known package when getting name for resource number 0xffffffff
W/ResourceType( 9481): No known package when getting name for resource number 0xffffffff
W/ResourceType( 9481): No known package when getting name for resource number 0xffffffff
W/ResourceType( 9481): No known package when getting name for resource number 0xffffffff
W/ResourceType( 9481): No known package when getting name for resource number 0xffffffff
W/ResourceType( 9481): No known package when getting name for resource number 0xffffffff
W/ResourceType( 9481): No known package when getting name for resource number 0xffffffff
W/ResourceType( 9481): No known package when getting name for resource number 0xffffffff
W/ResourceType( 9481): No known package when getting name for resource number 0xffffffff
W/ResourceType( 9481): No known package when getting name for resource number 0xffffffff
W/ResourceType( 9481): No known package when getting name for resource number 0xffffffff
W/ResourceType( 9481): No known package when getting name for resource number 0xffffffff
W/ResourceType( 9481): No known package when getting name for resource number 0xffffffff
W/ResourceType( 9481): No known package when getting name for resource number 0xffffffff
W/ResourceType( 9481): No known package when getting name for resource number 0xffffffff
W/ResourceType( 9481): No known package when getting name for resource number 0xffffffff
W/ResourceType( 9481): No known package when getting name for resource number 0xffffffff
W/ResourceType( 9481): No known package when getting name for resource number 0xffffffff
W/ResourceType( 9481): No known package when getting name for resource number 0xffffffff
W/ResourceType( 9481): No known package when getting name for resource number 0xffffffff
W/ResourceType( 9481): No known package when getting name for resource number 0xffffffff
W/ResourceType( 9481): No known package when getting name for resource number 0xffffffff
W/ResourceType( 9481): No known package when getting name for resource number 0xffffffff
W/ResourceType( 9481): No known package when getting name for resource number 0xffffffff
W/ResourceType( 9481): No known package when getting name for resource number 0xffffffff
W/ResourceType( 9481): No known package when getting name for resource number 0xffffffff
W/ResourceType( 9481): No known package when getting name for resource number 0xffffffff
W/ResourceType( 9481): No known package when getting name for resource number 0xffffffff
W/ResourceType( 9481): No known package when getting name for resource number 0xffffffff
W/ResourceType( 9481): No known package when getting name for resource number 0xffffffff
W/ResourceType( 9481): No known package when getting name for resource number 0xffffffff
W/ResourceType( 9481): No known package when getting name for resource number 0xffffffff
W/ResourceType( 9481): No known package when getting name for resource number 0xffffffff
W/ResourceType( 9481): No known package when getting name for resource number 0xffffffff
