W/ResourceType( 8381): No known package when getting name for resource number 0xffffffff
W/ResourceType( 8381): No known package when getting name for resource number 0xffffffff
W/ResourceType( 8381): No known package when getting name for resource number 0xffffffff
W/ResourceType( 8381): No known package when getting name for resource number 0xffffffff
W/ResourceType( 8381): No known package when getting name for resource number 0xffffffff
W/ResourceType( 8381): No known package when getting name for resource number 0xffffffff
W/ResourceType( 8381): No known package when getting name for resource number 0xffffffff
W/ResourceType( 8381): No known package when getting name for resource number 0xffffffff
W/ResourceType( 8381): No known package when getting name for resource number 0xffffffff
W/ResourceType( 8381): No known package when getting name for resource number 0xffffffff
W/ResourceType( 8381): No known package when getting name for resource number 0xffffffff
W/ResourceType( 8381): No known package when getting name for resource number 0xffffffff
W/ResourceType( 8381): No known package when getting name for resource number 0xffffffff
W/ResourceType( 8381): No known package when getting name for resource number 0xffffffff
I/ThermalEngine(  366): ACTION: GPU - Setting GPU[0] to 500000000
I/ThermalEngine(  366): Mitigation:GPU[0]:500000000 Hz
I/ThermalEngine(  366): ACTION: CPU - Setting CPU[0] to 2457600
I/ThermalEngine(  366): ACTION: CPU - Setting CPU[1] to 2457600
I/ThermalEngine(  366): ACTION: CPU - Setting CPU[2] to 2457600
I/ThermalEngine(  366): ACTION: CPU - Setting CPU[3] to 2457600
W/ResourceType( 8381): No known package when getting name for resource number 0xffffffff
W/ResourceType( 8381): No known package when getting name for resource number 0xffffffff
W/ResourceType( 8381): No known package when getting name for resource number 0xffffffff
W/ResourceType( 8381): No known package when getting name for resource number 0xffffffff
W/ResourceType( 8381): No known package when getting name for resource number 0xffffffff
W/ResourceType( 8381): No known package when getting name for resource number 0xffffffff
W/ResourceType( 8381): No known package when getting name for resource number 0xffffffff
W/ResourceType( 8381): No known package when getting name for resource number 0xffffffff
W/ResourceType( 8381): No known package when getting name for resource number 0xffffffff
W/ResourceType( 8381): No known package when getting name for resource number 0xffffffff
W/ResourceType( 8381): No known package when getting name for resource number 0xffffffff
W/ResourceType( 8381): No known package when getting name for resource number 0xffffffff
W/ResourceType( 8381): No known package when getting name for resource number 0xffffffff
W/ResourceType( 8381): No known package when getting name for resource number 0xffffffff
W/ResourceType( 8381): No known package when getting name for resource number 0xffffffff
W/ResourceType( 8381): No known package when getting name for resource number 0xffffffff
W/ResourceType( 8381): No known package when getting name for resource number 0xffffffff
W/ResourceType( 8381): No known package when getting name for resource number 0xffffffff
W/ResourceType( 8381): No known package when getting name for resource number 0xffffffff
W/ResourceType( 8381): No known package when getting name for resource number 0xffffffff
W/ResourceType( 8381): No known package when getting name for resource number 0xffffffff
W/ResourceType( 8381): No known package when getting name for resource number 0xffffffff
W/ResourceType( 8381): No known package when getting name for resource number 0xffffffff
W/ResourceType( 8381): No known package when getting name for resource number 0xffffffff
W/ResourceType( 8381): No known package when getting name for resource number 0xffffffff
W/ResourceType( 8381): No known package when getting name for resource number 0xffffffff
W/ResourceType( 8381): No known package when getting name for resource number 0xffffffff
W/ResourceType( 8381): No known package when getting name for resource number 0xffffffff
W/ResourceType( 8381): No known package when getting name for resource number 0xffffffff
W/ResourceType( 8381): No known package when getting name for resource number 0xffffffff
W/ResourceType( 8381): No known package when getting name for resource number 0xffffffff
W/ResourceType( 8381): No known package when getting name for resource number 0xffffffff
W/ResourceType( 8381): No known package when getting name for resource number 0xffffffff
W/ResourceType( 8381): No known package when getting name for resource number 0xffffffff
W/ResourceType( 8381): No known package when getting name for resource number 0xffffffff
W/ResourceType( 8381): No known package when getting name for resource number 0xffffffff
W/ResourceType( 8381): No known package when getting name for resource number 0xffffffff
W/ResourceType( 8381): No known package when getting name for resource number 0xffffffff
I/System.out( 8381): URI: /map
I/System.out( 8381): params: {json={"query":"* marked:'JobTitle1'","operation":{"method_name":"query","arguments":[]}}
I/System.out( 8381): }
W/ResourceType( 8381): No known package when getting name for resource number 0xffffffff
W/ResourceType( 8381): No known package when getting name for resource number 0xffffffff
W/ResourceType( 8381): No known package when getting name for resource number 0xffffffff
W/ResourceType( 8381): No known package when getting name for resource number 0xffffffff
W/ResourceType( 8381): No known package when getting name for resource number 0xffffffff
W/ResourceType( 8381): No known package when getting name for resource number 0xffffffff
W/ResourceType( 8381): No known package when getting name for resource number 0xffffffff
W/ResourceType( 8381): No known package when getting name for resource number 0xffffffff
W/ResourceType( 8381): No known package when getting name for resource number 0xffffffff
W/ResourceType( 8381): No known package when getting name for resource number 0xffffffff
W/ResourceType( 8381): No known package when getting name for resource number 0xffffffff
W/ResourceType( 8381): No known package when getting name for resource number 0xffffffff
W/ResourceType( 8381): No known package when getting name for resource number 0xffffffff
W/ResourceType( 8381): No known package when getting name for resource number 0xffffffff
W/ResourceType( 8381): No known package when getting name for resource number 0xffffffff
W/ResourceType( 8381): No known package when getting name for resource number 0xffffffff
W/ResourceType( 8381): No known package when getting name for resource number 0xffffffff
W/ResourceType( 8381): No known package when getting name for resource number 0xffffffff
W/ResourceType( 8381): No known package when getting name for resource number 0xffffffff
W/ResourceType( 8381): No known package when getting name for resource number 0xffffffff
W/ResourceType( 8381): No known package when getting name for resource number 0xffffffff
W/ResourceType( 8381): No known package when getting name for resource number 0xffffffff
W/ResourceType( 8381): No known package when getting name for resource number 0xffffffff
W/ResourceType( 8381): No known package when getting name for resource number 0xffffffff
W/ResourceType( 8381): No known package when getting name for resource number 0xffffffff
W/ResourceType( 8381): No known package when getting name for resource number 0xffffffff
W/ResourceType( 8381): No known package when getting name for resource number 0xffffffff
W/ResourceType( 8381): No known package when getting name for resource number 0xffffffff
W/ResourceType( 8381): No known package when getting name for resource number 0xffffffff
W/ResourceType( 8381): No known package when getting name for resource number 0xffffffff
W/ResourceType( 8381): No known package when getting name for resource number 0xffffffff
W/ResourceType( 8381): No known package when getting name for resource number 0xffffffff
W/ResourceType( 8381): No known package when getting name for resource number 0xffffffff
W/ResourceType( 8381): No known package when getting name for resource number 0xffffffff
W/ResourceType( 8381): No known package when getting name for resource number 0xffffffff
W/ResourceType( 8381): No known package when getting name for resource number 0xffffffff
W/ResourceType( 8381): No known package when getting name for resource number 0xffffffff
W/ResourceType( 8381): No known package when getting name for resource number 0xffffffff
W/ResourceType( 8381): No known package when getting name for resource number 0xffffffff
W/ResourceType( 8381): No known package when getting name for resource number 0xffffffff
W/ResourceType( 8381): No known package when getting name for resource number 0xffffffff
W/ResourceType( 8381): No known package when getting name for resource number 0xffffffff
W/ResourceType( 8381): No known package when getting name for resource number 0xffffffff
W/ResourceType( 8381): No known package when getting name for resource number 0xffffffff
W/ResourceType( 8381): No known package when getting name for resource number 0xffffffff
W/ResourceType( 8381): No known package when getting name for resource number 0xffffffff
W/ResourceType( 8381): No known package when getting name for resource number 0xffffffff
W/ResourceType( 8381): No known package when getting name for resource number 0xffffffff
W/ResourceType( 8381): No known package when getting name for resource number 0xffffffff
W/ResourceType( 8381): No known package when getting name for resource number 0xffffffff
W/ResourceType( 8381): No known package when getting name for resource number 0xffffffff
W/ResourceType( 8381): No known package when getting name for resource number 0xffffffff
W/ResourceType( 8381): No known package when getting name for resource number 0xffffffff
W/ResourceType( 8381): No known package when getting name for resource number 0xffffffff
W/ResourceType( 8381): No known package when getting name for resource number 0xffffffff
W/ResourceType( 8381): No known package when getting name for resource number 0xffffffff
W/ResourceType( 8381): No known package when getting name for resource number 0xffffffff
W/ResourceType( 8381): No known package when getting name for resource number 0xffffffff
W/ResourceType( 8381): No known package when getting name for resource number 0xffffffff
W/ResourceType( 8381): No known package when getting name for resource number 0xffffffff
W/ResourceType( 8381): No known package when getting name for resource number 0xffffffff
W/ResourceType( 8381): No known package when getting name for resource number 0xffffffff
W/ResourceType( 8381): No known package when getting name for resource number 0xffffffff
W/ResourceType( 8381): No known package when getting name for resource number 0xffffffff
W/ResourceType( 8381): No known package when getting name for resource number 0xffffffff
W/ResourceType( 8381): No known package when getting name for resource number 0xffffffff
I/System.out( 8381): URI: /map
I/System.out( 8381): params: {json={"query":"* marked:'JobTitle1'","operation":{"method_name":"query","arguments":[]}}
I/System.out( 8381): }
W/ResourceType( 8381): No known package when getting name for resource number 0xffffffff
W/ResourceType( 8381): No known package when getting name for resource number 0xffffffff
W/ResourceType( 8381): No known package when getting name for resource number 0xffffffff
W/ResourceType( 8381): No known package when getting name for resource number 0xffffffff
W/ResourceType( 8381): No known package when getting name for resource number 0xffffffff
W/ResourceType( 8381): No known package when getting name for resource number 0xffffffff
W/ResourceType( 8381): No known package when getting name for resource number 0xffffffff
W/ResourceType( 8381): No known package when getting name for resource number 0xffffffff
W/ResourceType( 8381): No known package when getting name for resource number 0xffffffff
W/ResourceType( 8381): No known package when getting name for resource number 0xffffffff
W/ResourceType( 8381): No known package when getting name for resource number 0xffffffff
W/ResourceType( 8381): No known package when getting name for resource number 0xffffffff
W/ResourceType( 8381): No known package when getting name for resource number 0xffffffff
W/ResourceType( 8381): No known package when getting name for resource number 0xffffffff
W/ResourceType( 8381): No known package when getting name for resource number 0xffffffff
W/ResourceType( 8381): No known package when getting name for resource number 0xffffffff
W/ResourceType( 8381): No known package when getting name for resource number 0xffffffff
W/ResourceType( 8381): No known package when getting name for resource number 0xffffffff
W/ResourceType( 8381): No known package when getting name for resource number 0xffffffff
W/ResourceType( 8381): No known package when getting name for resource number 0xffffffff
W/ResourceType( 8381): No known package when getting name for resource number 0xffffffff
W/ResourceType( 8381): No known package when getting name for resource number 0xffffffff
W/ResourceType( 8381): No known package when getting name for resource number 0xffffffff
W/ResourceType( 8381): No known package when getting name for resource number 0xffffffff
W/ResourceType( 8381): No known package when getting name for resource number 0xffffffff
W/ResourceType( 8381): No known package when getting name for resource number 0xffffffff
W/ResourceType( 8381): No known package when getting name for resource number 0xffffffff
W/ResourceType( 8381): No known package when getting name for resource number 0xffffffff
W/ResourceType( 8381): No known package when getting name for resource number 0xffffffff
W/ResourceType( 8381): No known package when getting name for resource number 0xffffffff
W/ResourceType( 8381): No known package when getting name for resource number 0xffffffff
W/ResourceType( 8381): No known package when getting name for resource number 0xffffffff
W/ResourceType( 8381): No known package when getting name for resource number 0xffffffff
W/ResourceType( 8381): No known package when getting name for resource number 0xffffffff
W/ResourceType( 8381): No known package when getting name for resource number 0xffffffff
W/ResourceType( 8381): No known package when getting name for resource number 0xffffffff
W/ResourceType( 8381): No known package when getting name for resource number 0xffffffff
W/ResourceType( 8381): No known package when getting name for resource number 0xffffffff
W/ResourceType( 8381): No known package when getting name for resource number 0xffffffff
W/ResourceType( 8381): No known package when getting name for resource number 0xffffffff
W/ResourceType( 8381): No known package when getting name for resource number 0xffffffff
W/ResourceType( 8381): No known package when getting name for resource number 0xffffffff
W/ResourceType( 8381): No known package when getting name for resource number 0xffffffff
W/ResourceType( 8381): No known package when getting name for resource number 0xffffffff
W/ResourceType( 8381): No known package when getting name for resource number 0xffffffff
W/ResourceType( 8381): No known package when getting name for resource number 0xffffffff
W/ResourceType( 8381): No known package when getting name for resource number 0xffffffff
W/ResourceType( 8381): No known package when getting name for resource number 0xffffffff
W/ResourceType( 8381): No known package when getting name for resource number 0xffffffff
W/ResourceType( 8381): No known package when getting name for resource number 0xffffffff
W/ResourceType( 8381): No known package when getting name for resource number 0xffffffff
W/ResourceType( 8381): No known package when getting name for resource number 0xffffffff
W/ResourceType( 8381): No known package when getting name for resource number 0xffffffff
W/ResourceType( 8381): No known package when getting name for resource number 0xffffffff
W/ResourceType( 8381): No known package when getting name for resource number 0xffffffff
W/ResourceType( 8381): No known package when getting name for resource number 0xffffffff
W/ResourceType( 8381): No known package when getting name for resource number 0xffffffff
W/ResourceType( 8381): No known package when getting name for resource number 0xffffffff
W/ResourceType( 8381): No known package when getting name for resource number 0xffffffff
W/ResourceType( 8381): No known package when getting name for resource number 0xffffffff
W/ResourceType( 8381): No known package when getting name for resource number 0xffffffff
W/ResourceType( 8381): No known package when getting name for resource number 0xffffffff
W/ResourceType( 8381): No known package when getting name for resource number 0xffffffff
W/ResourceType( 8381): No known package when getting name for resource number 0xffffffff
W/ResourceType( 8381): No known package when getting name for resource number 0xffffffff
W/ResourceType( 8381): No known package when getting name for resource number 0xffffffff
D/Mono    ( 8381): [0x9cb66480] worker finishing
I/ThermalEngine(  366): ACTION: GPU - Setting GPU[0] to 389000000
I/ThermalEngine(  366): Mitigation:GPU[0]:389000000 Hz
I/ThermalEngine(  366): ACTION: CPU - Setting CPU[0] to 2265600
I/ThermalEngine(  366): ACTION: CPU - Setting CPU[1] to 2265600
I/ThermalEngine(  366): ACTION: CPU - Setting CPU[2] to 2265600
I/ThermalEngine(  366): ACTION: CPU - Setting CPU[3] to 2265600
I/art     ( 8381): Explicit concurrent mark sweep GC freed 270065(10MB) AllocSpace objects, 15(240KB) LOS objects, 26% free, 43MB/59MB, paused 1.086ms total 51.431ms
I/art     ( 8381): Explicit concurrent mark sweep GC freed 134(6KB) AllocSpace objects, 0(0B) LOS objects, 26% free, 43MB/59MB, paused 1.348ms total 26.784ms
I/art     ( 8381): Explicit concurrent mark sweep GC freed 17(1152B) AllocSpace objects, 0(0B) LOS objects, 26% free, 43MB/59MB, paused 1.255ms total 26.281ms
I/art     ( 8381): Explicit concurrent mark sweep GC freed 17(1152B) AllocSpace objects, 0(0B) LOS objects, 26% free, 43MB/59MB, paused 1.478ms total 28.199ms
I/art     ( 8381): Explicit concurrent mark sweep GC freed 17(1152B) AllocSpace objects, 0(0B) LOS objects, 26% free, 43MB/59MB, paused 1.457ms total 30.003ms
I/ThermalEngine(  366): ACTION: GPU - Setting GPU[0] to 300000000
I/ThermalEngine(  366): Mitigation:GPU[0]:300000000 Hz
I/ThermalEngine(  366): ACTION: CPU - Setting CPU[0] to 1958400
I/ThermalEngine(  366): ACTION: CPU - Setting CPU[1] to 1958400
I/ThermalEngine(  366): ACTION: CPU - Setting CPU[2] to 1958400
I/ThermalEngine(  366): ACTION: CPU - Setting CPU[3] to 1958400
I/art     ( 8381): Explicit concurrent mark sweep GC freed 2622(177KB) AllocSpace objects, 1(16KB) LOS objects, 26% free, 43MB/59MB, paused 1.334ms total 43.579ms
I/art     ( 8381): Explicit concurrent mark sweep GC freed 34(1768B) AllocSpace objects, 0(0B) LOS objects, 26% free, 43MB/59MB, paused 1.713ms total 40.744ms
I/art     ( 8381): Explicit concurrent mark sweep GC freed 31(2208B) AllocSpace objects, 0(0B) LOS objects, 26% free, 43MB/59MB, paused 1.085ms total 27.928ms
I/art     ( 8381): Explicit concurrent mark sweep GC freed 17(1152B) AllocSpace objects, 0(0B) LOS objects, 26% free, 43MB/59MB, paused 1.046ms total 29.203ms
I/art     ( 8381): Explicit concurrent mark sweep GC freed 17(1152B) AllocSpace objects, 0(0B) LOS objects, 26% free, 43MB/59MB, paused 1.299ms total 39.507ms
I/ThermalEngine(  366): ACTION: GPU - Setting GPU[0] to 389000000
I/ThermalEngine(  366): Mitigation:GPU[0]:389000000 Hz
I/ThermalEngine(  366): ACTION: CPU - Setting CPU[0] to 2265600
I/ThermalEngine(  366): ACTION: CPU - Setting CPU[1] to 2265600
I/ThermalEngine(  366): ACTION: CPU - Setting CPU[2] to 2265600
I/ThermalEngine(  366): ACTION: CPU - Setting CPU[3] to 2265600
D/Mono    ( 8381): [0x97e98880] worker finishing

]]><xtc-duration value="113.5225103"/></xtc-step><!-- name: "undefined", id: "undefined" --><![CDATA[

]]><xtc-step name="[0-1016]CareerBuilder_Search.DroidFeatureTests.ExpiredJobPageTests.JDPExpiredRemovesJDPFromBackStack-0-NA-FinalScreenShot" id="[0-1016]CareerBuilder_Search.DroidFeatureTests.ExpiredJobPageTests.JDPExpiredRemovesJDPFromBackStack-0-NA-FinalScreenShot"><![CDATA[
I/ThermalEngine(  366): ACTION: GPU - Setting GPU[0] to 500000000
I/ThermalEngine(  366): Mitigation:GPU[0]:500000000 Hz
I/ThermalEngine(  366): ACTION: CPU - Setting CPU[0] to 2457600
I/ThermalEngine(  366): ACTION: CPU - Setting CPU[1] to 2457600
I/ThermalEngine(  366): ACTION: CPU - Setting CPU[2] to 2457600
I/ThermalEngine(  366): ACTION: CPU - Setting CPU[3] to 2457600

]]><xtc-duration value="1.5654854"/></xtc-step><!-- name: "undefined", id: "undefined" --><![CDATA[

]]><xtc-duration value="121.2420272" skip="false"/></xtc-scenario><!-- name: "undefined", id: "undefined" --><![CDATA[
I/art     ( 8381): Explicit concurrent mark sweep GC freed 2603(175KB) AllocSpace objects, 1(16KB) LOS objects, 26% free, 43MB/59MB, paused 1.116ms total 27.027ms
I/art     ( 8381): Explicit concurrent mark sweep GC freed 34(1768B) AllocSpace objects, 0(0B) LOS objects, 26% free, 43MB/59MB, paused 1.462ms total 26.062ms
I/art     ( 8381): Explicit concurrent mark sweep GC freed 17(1152B) AllocSpace objects, 0(0B) LOS objects, 26% free, 43MB/59MB, paused 948us total 24.013ms
I/art     ( 8381): Explicit concurrent mark sweep GC freed 17(1152B) AllocSpace objects, 0(0B) LOS objects, 26% free, 43MB/59MB, paused 1.145ms total 26.876ms
I/art     ( 8381): Explicit concurrent mark sweep GC freed 17(1152B) AllocSpace objects, 0(0B) LOS objects, 26% free, 43MB/59MB, paused 1.439ms total 28.344ms
E/WifiStateMachine(  818): WifiStateMachine CMD_START_SCAN source -2 txSuccessRate=0.06 rxSuccessRate=0.03 targetRoamBSSID=any RSSI=-51
E/WifiStateMachine(  818): WifiStateMachine starting scan for "xtc-ag"WPA_PSK with 5240,2412,2437,5200,5180
I/ThermalEngine(  366): ACTION: GPU - Setting GPU[0] to 600000000
I/ThermalEngine(  366): Mitigation:GPU[0]:600000000 Hz
I/ThermalEngine(  366): ACTION: CPU - Setting CPU[0] to 2496000
I/ThermalEngine(  366): ACTION: CPU - Setting CPU[1] to 2496000
I/ThermalEngine(  366): ACTION: CPU - Setting CPU[2] to 2496000
I/ThermalEngine(  366): ACTION: CPU - Setting CPU[3] to 2496000
D/Mono    ( 8381): [0x96b41600] worker finishing
I/ThermalEngine(  366): ACTION: CPU - Setting CPU[0] to 2572800
I/ThermalEngine(  366): ACTION: CPU - Setting CPU[1] to 2572800
I/ThermalEngine(  366): ACTION: CPU - Setting CPU[2] to 2572800
I/ThermalEngine(  366): ACTION: CPU - Setting CPU[3] to 2572800
I/art     ( 8381): Explicit concurrent mark sweep GC freed 2629(177KB) AllocSpace objects, 1(16KB) LOS objects, 26% free, 43MB/59MB, paused 1.235ms total 54.246ms
I/art     ( 8381): Explicit concurrent mark sweep GC freed 34(1768B) AllocSpace objects, 0(0B) LOS objects, 26% free, 43MB/59MB, paused 2.804ms total 27.003ms
I/ThermalEngine(  366): ACTION: CPU - Setting CPU[0] to 2649600
I/ThermalEngine(  366): ACTION: CPU - Setting CPU[1] to 2649600
I/ThermalEngine(  366): ACTION: CPU - Setting CPU[2] to 2649600
I/ThermalEngine(  366): ACTION: CPU - Setting CPU[3] to 2649600
I/art     ( 8381): Explicit concurrent mark sweep GC freed 17(1152B) AllocSpace objects, 0(0B) LOS objects, 26% free, 43MB/59MB, paused 1.160ms total 24.138ms
I/art     ( 8381): Explicit concurrent mark sweep GC freed 17(1152B) AllocSpace objects, 0(0B) LOS objects, 26% free, 43MB/59MB, paused 1.156ms total 24.207ms
I/art     ( 8381): Explicit concurrent mark sweep GC freed 17(1152B) AllocSpace objects, 0(0B) LOS objects, 26% free, 43MB/59MB, paused 1.417ms total 25.298ms
D/Mono    ( 8381): [0xaec50e80] worker finishing
I/art     ( 8381): Explicit concurrent mark sweep GC freed 2633(177KB) AllocSpace objects, 1(16KB) LOS objects, 26% free, 43MB/59MB, paused 1.328ms total 31.947ms
I/art     ( 8381): Explicit concurrent mark sweep GC freed 34(1768B) AllocSpace objects, 0(0B) LOS objects, 26% free, 43MB/59MB, paused 1.250ms total 25.359ms
I/art     ( 8381): Explicit concurrent mark sweep GC freed 3(96B) AllocSpace objects, 0(0B) LOS objects, 26% free, 43MB/59MB, paused 1.199ms total 24.628ms
I/art     ( 8381): Explicit concurrent mark sweep GC freed 17(1152B) AllocSpace objects, 0(0B) LOS objects, 26% free, 43MB/59MB, paused 2.748ms total 28.130ms
I/art     ( 8381): Explicit concurrent mark sweep GC freed 31(2208B) AllocSpace objects, 0(0B) LOS objects, 26% free, 43MB/59MB, paused 1.133ms total 32.301ms
