<![CDATA[D/Finsky  ( 2692): [1] 5.onFinished: Installation state replication succeeded.
E/WifiStateMachine(  816): WifiStateMachine CMD_START_SCAN source -2 txSuccessRate=0.06 rxSuccessRate=0.05 targetRoamBSSID=any RSSI=-51
E/WifiStateMachine(  816): WifiStateMachine starting scan for "xtc-ag"WPA_PSK with 5240,2437,5180

]]><xtc-scenario name="[0-1071]CareerBuilder_Search.DroidFeatureTests.SearchDialogueTests.LocationGetAutoComplete" id="[0-1071]CareerBuilder_Search.DroidFeatureTests.SearchDialogueTests.LocationGetAutoComplete"><![CDATA[

]]><xtc-step name="[0-1071]CareerBuilder_Search.DroidFeatureTests.SearchDialogueTests.LocationGetAutoComplete-LocationGetAutoComplete" id="[0-1071]CareerBuilder_Search.DroidFeatureTests.SearchDialogueTests.LocationGetAutoComplete-LocationGetAutoComplete"><![CDATA[
D/AndroidRuntime( 6478): >>>>>> START com.android.internal.os.RuntimeInit uid 2000 <<<<<<
D/AndroidRuntime( 6478): CheckJNI is OFF
D/AndroidRuntime( 6478): Calling main entry com.android.commands.pm.Pm
I/art     ( 6478): System.exit called, status: 0
I/AndroidRuntime( 6478): VM exiting with result code 0.
E/WifiStateMachine(  816): WifiStateMachine CMD_START_SCAN source -2 txSuccessRate=0.00 rxSuccessRate=0.00 targetRoamBSSID=any RSSI=-51
I/ActivityManager(  816): Start proc 6794:com.google.android.deskclock/u0a51 for broadcast com.google.android.deskclock/com.android.alarmclock.DigitalAppWidgetProvider
I/ActivityManager(  816): Killing 5594:com.android.providers.calendar/u0a5 (adj 15): empty #17
E/WifiConfigStore(  816):  rewrite network history for "xtc"WPA_PSK
E/WifiConfigStore(  816): writeKnownNetworkHistory write linked 2
E/WifiConfigStore(  816): writeKnownNetworkHistory write linked 2
E/WifiConfigStore(  816): writeKnownNetworkHistory write linked 2
W/ip      ( 7121): type=1400 audit(0.0:18): avc: denied { search } for name="net" dev="dm-0" ino=1081351 scontext=u:r:shell:s0 tcontext=u:object_r:net_data_file:s0 tclass=dir permissive=0
E/WifiStateMachine(  816): WifiStateMachine CMD_START_SCAN source -2 txSuccessRate=0.00 rxSuccessRate=0.00 targetRoamBSSID=any RSSI=-51
E/WifiStateMachine(  816): WifiStateMachine starting scan for "xtc-ag"WPA_PSK with 5240,2437,5180
D/AndroidRuntime( 7242): >>>>>> START com.android.internal.os.RuntimeInit uid 2000 <<<<<<
D/AndroidRuntime( 7242): CheckJNI is OFF
D/AndroidRuntime( 7242): Calling main entry com.android.commands.am.Am
W/ActivityManager(  816): Invalid packageName: com.careerbuilder.SugarDrone
D/AndroidRuntime( 7242): Shutting down VM
I/kickstart(  866): STATUS: SAHARA_HELLO: hw_info = 0x01030710, pwrup_reason = 0x00004000
I/kickstart(  866): STATUS: Wrote to /sys/power/wake_lock
E/kickstart(  866): ERROR: function: open_file:195 filename = /dev/block/platform/msm_sdcc.1/by-name/mdm1m9kefs1
I/kickstart(  866): STATUS: Opening file '/dev/block/platform/msm_sdcc.1/by-name/mdm1m9kefs1' for writing
I/kickstart(  866): STATUS: Received file 'm9kefs1'
I/kickstart(  866): STATUS: 950272 bytes transferred in 0.963936 seconds
I/kickstart(  866): STATUS: Successfully downloaded files from target 
I/kickstart(  866): STATUS: Wrote to /sys/power/wake_unlock
I/kickstart(  866): STATUS: Sahara protocol completed
E/WifiStateMachine(  816): WifiStateMachine CMD_START_SCAN source -2 txSuccessRate=0.00 rxSuccessRate=0.00 targetRoamBSSID=any RSSI=-52
E/WifiStateMachine(  816): WifiStateMachine starting scan for "xtc-ag"WPA_PSK with 5240,2437,5180
D/AndroidRuntime( 7797): >>>>>> START com.android.internal.os.RuntimeInit uid 2000 <<<<<<
D/AndroidRuntime( 7797): CheckJNI is OFF
D/AndroidRuntime( 7797): Calling main entry com.android.commands.pm.Pm
D/DefContainer( 5990): Copying /data/local/tmp/0000003106 to base.apk
E/WifiStateMachine(  816): WifiStateMachine CMD_START_SCAN source -2 txSuccessRate=0.00 rxSuccessRate=0.50 targetRoamBSSID=any RSSI=-52
D/PackageManager(  816): Renaming /data/app/vmdl822739744.tmp to /data/app/com.careerbuilder.SugarDrone-1
I/PackageManager(  816): Running dexopt on: /data/app/com.careerbuilder.SugarDrone-1/base.apk pkg=com.careerbuilder.SugarDrone isa=arm vmSafeMode=false
I/dex2oat ( 7861): /system/bin/dex2oat --zip-fd=6 --zip-location=/data/app/com.careerbuilder.SugarDrone-1/base.apk --oat-fd=7 --oat-location=/data/dalvik-cache/arm/data@app@com.careerbuilder.SugarDrone-1@base.apk@classes.dex --instruction-set=arm --instruction-set-features=div --runtime-arg -Xms64m --runtime-arg -Xmx512m --swap-fd=8
I/dex2oat ( 7861): Decided to run without swap.
W/dex2oat ( 7861): Before Android 4.1, method android.graphics.PorterDuffColorFilter android.support.graphics.drawable.VectorDrawableCompat.updateTintFilter(android.graphics.PorterDuffColorFilter, android.content.res.ColorStateList, android.graphics.PorterDuff$Mode) would have incorrectly overridden the package-private method in android.graphics.drawable.Drawable
W/dex2oat ( 7861): Before Android 4.1, method int android.support.v7.widget.ListViewCompat.lookForSelectablePosition(int, boolean) would have incorrectly overridden the package-private method in android.widget.ListView
E/WifiConfigStore(  816):  rewrite network history for "xtc-ag"WPA_PSK
E/WifiConfigStore(  816): writeKnownNetworkHistory write linked 2
E/WifiConfigStore(  816): writeKnownNetworkHistory write linked 2
E/WifiConfigStore(  816): writeKnownNetworkHistory write linked 2
W/dex2oat ( 7861): Verification of java.lang.String com.google.android.gms.internal.zzkc.toString() took 107.191ms
I/dex2oat ( 7861): dex2oat took 5.463s (threads: 4) arena alloc=440KB java alloc=8MB native alloc=10MB free=9MB
W/PackageManager(  816): Not granting permission android.permission.MANAGE_DOCUMENTS to package com.careerbuilder.SugarDrone (protectionLevel=2 flags=0x8be46)
W/PackageManager(  816): Not granting permission android.permission.MOUNT_UNMOUNT_FILESYSTEMS to package com.careerbuilder.SugarDrone (protectionLevel=18 flags=0x8be46)
V/BackupManagerService(  816): restoreAtInstall pkg=com.careerbuilder.SugarDrone token=6 restoreSet=0
V/BackupManagerService(  816): Finishing install immediately
D/BuaReceiver( 3623): ====== got intent:Intent { act=android.intent.action.PACKAGE_ADDED dat=package:com.careerbuilder.SugarDrone flg=0x4000010 cmp=com.motorola.android.buacontactadapter/.BuaReceiver (has extras) }
W/Settings(  816): Setting install_non_market_apps has moved from android.provider.Settings.Global to android.provider.Settings.Secure, returning read-only value.
I/InputReader(  816): Reconfiguring input devices.  changes=0x00000010
W/InputMethodInfo(  816): Duplicated subtype definition found: , voice
I/UpdateIcingCorporaServi( 2811): Updating corpora: APPS=com.careerbuilder.SugarDrone, CONTACTS=MAYBE
D/BackupManagerService(  816): Received broadcast Intent { act=android.intent.action.PACKAGE_ADDED dat=package:com.careerbuilder.SugarDrone flg=0x4000010 (has extras) }
W/BackupManagerService(  816): Removing schedule queue dupe of com.careerbuilder.SugarDrone
D/Wear_Controller( 1770): Received broadcast action=android.intent.action.PACKAGE_ADDED and uri=com.careerbuilder.SugarDrone
I/PeopleContactsSync( 1770): triggerPendingContactsCleanup: no accounts
W/IcingInternalCorpora( 1770): getNumBytesRead when not calculated.
I/Icing   ( 1770): Usage reports 0 indexed 0 rejected 0 imm upload true
I/Icing   ( 1770): Usage reports 0 indexed 0 rejected 0 imm upload false
I/ApplicationLogger( 2811): canRun() : Opted Out
I/UpdateIcingCorporaServi( 2811): UpdateCorporaTask done [took 240 ms] updated apps [took 240 ms] 
I/Icing   ( 1770): Usage reports 0 indexed 0 rejected 0 imm upload false
I/art     (  816): Explicit concurrent mark sweep GC freed 202590(9MB) AllocSpace objects, 36(1736KB) LOS objects, 28% free, 39MB/55MB, paused 5.031ms total 380.683ms
I/art     ( 7797): System.exit called, status: 0
I/AndroidRuntime( 7797): VM exiting with result code 0.
I/ThermalEngine(  366): ACTION: CPU - Setting CPU[0] to 2572800
I/ThermalEngine(  366): ACTION: CPU - Setting CPU[1] to 2572800
I/ThermalEngine(  366): ACTION: CPU - Setting CPU[2] to 2572800
I/ThermalEngine(  366): ACTION: CPU - Setting CPU[3] to 2572800
I/ThermalEngine(  366): ACTION: CPU - Setting CPU[0] to 2649600
I/ThermalEngine(  366): ACTION: CPU - Setting CPU[1] to 2649600
I/ThermalEngine(  366): ACTION: CPU - Setting CPU[2] to 2649600
I/ThermalEngine(  366): ACTION: CPU - Setting CPU[3] to 2649600
I/ThermalEngine(  366): ACTION: CPU - Setting CPU[0] to 2572800
I/ThermalEngine(  366): ACTION: CPU - Setting CPU[1] to 2572800
I/ThermalEngine(  366): ACTION: CPU - Setting CPU[2] to 2572800
I/ThermalEngine(  366): ACTION: CPU - Setting CPU[3] to 2572800
D/AndroidRuntime( 7997): >>>>>> START com.android.internal.os.RuntimeInit uid 2000 <<<<<<
D/AndroidRuntime( 7997): CheckJNI is OFF
I/ThermalEngine(  366): ACTION: CPU - Setting CPU[0] to 2496000
I/ThermalEngine(  366): ACTION: CPU - Setting CPU[1] to 2496000
I/ThermalEngine(  366): ACTION: CPU - Setting CPU[2] to 2496000
I/ThermalEngine(  366): ACTION: CPU - Setting CPU[3] to 2496000
I/ThermalEngine(  366): ACTION: CPU - Setting CPU[0] to 2572800
I/ThermalEngine(  366): ACTION: CPU - Setting CPU[1] to 2572800
I/ThermalEngine(  366): ACTION: CPU - Setting CPU[2] to 2572800
I/ThermalEngine(  366): ACTION: CPU - Setting CPU[3] to 2572800
D/AndroidRuntime( 7997): Calling main entry com.android.commands.settings.SettingsCmd
D/AndroidRuntime( 7997): Shutting down VM
I/ThermalEngine(  366): ACTION: CPU - Setting CPU[0] to 2649600
I/ThermalEngine(  366): ACTION: CPU - Setting CPU[1] to 2649600
I/ThermalEngine(  366): ACTION: CPU - Setting CPU[2] to 2649600
I/ThermalEngine(  366): ACTION: CPU - Setting CPU[3] to 2649600
I/Icing   ( 1770): Indexing 5857C432E38C357D59A45613F71B5CE6A1F5ACF9 from com.google.android.googlequicksearchbox
D/AndroidRuntime( 8023): >>>>>> START com.android.internal.os.RuntimeInit uid 2000 <<<<<<
D/AndroidRuntime( 8023): CheckJNI is OFF
I/Icing   ( 1770): Indexing done 5857C432E38C357D59A45613F71B5CE6A1F5ACF9
I/Icing   ( 1770): Indexing DDCF6DAD3E5097999D53601C20AFC1A77BF2BDAF from com.google.android.gms
I/Icing   ( 1770): Indexing done DDCF6DAD3E5097999D53601C20AFC1A77BF2BDAF
D/AndroidRuntime( 8023): Calling main entry com.android.commands.settings.SettingsCmd
D/AndroidRuntime( 8023): Shutting down VM
D/AndroidRuntime( 8050): >>>>>> START com.android.internal.os.RuntimeInit uid 2000 <<<<<<
D/AndroidRuntime( 8050): CheckJNI is OFF
D/AndroidRuntime( 8050): Calling main entry com.android.commands.settings.SettingsCmd
D/AndroidRuntime( 8050): Shutting down VM
D/AndroidRuntime( 8074): >>>>>> START com.android.internal.os.RuntimeInit uid 2000 <<<<<<
D/AndroidRuntime( 8074): CheckJNI is OFF
D/AndroidRuntime( 8074): Calling main entry com.android.commands.settings.SettingsCmd
D/AndroidRuntime( 8074): Shutting down VM
D/AndroidRuntime( 8096): >>>>>> START com.android.internal.os.RuntimeInit uid 2000 <<<<<<
D/AndroidRuntime( 8096): CheckJNI is OFF
D/AndroidRuntime( 8096): Calling main entry com.android.commands.settings.SettingsCmd
D/AndroidRuntime( 8096): Shutting down VM
D/AndroidRuntime( 8119): >>>>>> START com.android.internal.os.RuntimeInit uid 2000 <<<<<<
D/AndroidRuntime( 8119): CheckJNI is OFF
D/AndroidRuntime( 8119): Calling main entry com.android.commands.pm.Pm
I/art     ( 8119): System.exit called, status: 0
I/AndroidRuntime( 8119): VM exiting with result code 0.
I/ThermalEngine(  366): ACTION: GPU - Setting GPU[0] to 500000000
I/ThermalEngine(  366): Mitigation:GPU[0]:500000000 Hz
I/ThermalEngine(  366): ACTION: CPU - Setting CPU[0] to 2572800
I/ThermalEngine(  366): ACTION: CPU - Setting CPU[1] to 2572800
I/ThermalEngine(  366): ACTION: CPU - Setting CPU[2] to 2572800
I/ThermalEngine(  366): ACTION: CPU - Setting CPU[3] to 2572800
D/AndroidRuntime( 8176): >>>>>> START com.android.internal.os.RuntimeInit uid 2000 <<<<<<
D/AndroidRuntime( 8176): CheckJNI is OFF
D/AndroidRuntime( 8176): Calling main entry com.android.commands.pm.Pm
I/art     ( 8176): System.exit called, status: 0
I/AndroidRuntime( 8176): VM exiting with result code 0.
I/ThermalEngine(  366): ACTION: GPU - Setting GPU[0] to 389000000
I/ThermalEngine(  366): Mitigation:GPU[0]:389000000 Hz
I/ThermalEngine(  366): ACTION: CPU - Setting CPU[0] to 2496000
I/ThermalEngine(  366): ACTION: CPU - Setting CPU[1] to 2496000
I/ThermalEngine(  366): ACTION: CPU - Setting CPU[2] to 2496000
I/ThermalEngine(  366): ACTION: CPU - Setting CPU[3] to 2496000
D/AndroidRuntime( 8256): >>>>>> START com.android.internal.os.RuntimeInit uid 2000 <<<<<<
D/AndroidRuntime( 8256): CheckJNI is OFF
D/AndroidRuntime( 8256): Calling main entry com.android.commands.am.Am
W/ActivityManager(  816): Invalid packageName: com.careerbuilder.SugarDrone.test
D/AndroidRuntime( 8256): Shutting down VM
E/art     ( 8256): Thread attaching while runtime is shutting down: Binder_2
I/AndroidRuntime( 8256): NOTE: attach of thread 'Binder_2' failed
D/AndroidRuntime( 8287): >>>>>> START com.android.internal.os.RuntimeInit uid 2000 <<<<<<
D/AndroidRuntime( 8287): CheckJNI is OFF
D/AndroidRuntime( 8287): Calling main entry com.android.commands.pm.Pm
D/DefContainer( 5990): Copying /data/local/tmp/0000003107 to base.apk
D/PackageManager(  816): Renaming /data/app/vmdl1941755398.tmp to /data/app/com.careerbuilder.SugarDrone.test-1
I/PackageManager(  816): Running dexopt on: /data/app/com.careerbuilder.SugarDrone.test-1/base.apk pkg=com.careerbuilder.SugarDrone.test isa=arm vmSafeMode=false
I/dex2oat ( 8308): /system/bin/dex2oat --zip-fd=6 --zip-location=/data/app/com.careerbuilder.SugarDrone.test-1/base.apk --oat-fd=7 --oat-location=/data/dalvik-cache/arm/data@app@com.careerbuilder.SugarDrone.test-1@base.apk@classes.dex --instruction-set=arm --instruction-set-features=div --runtime-arg -Xms64m --runtime-arg -Xmx512m --swap-fd=8
I/dex2oat ( 8308): Decided to run without swap.
I/ThermalEngine(  366): ACTION: GPU - Setting GPU[0] to 300000000
I/ThermalEngine(  366): Mitigation:GPU[0]:300000000 Hz
I/ThermalEngine(  366): ACTION: CPU - Setting CPU[0] to 2457600
I/ThermalEngine(  366): ACTION: CPU - Setting CPU[1] to 2457600
I/ThermalEngine(  366): ACTION: CPU - Setting CPU[2] to 2457600
I/ThermalEngine(  366): ACTION: CPU - Setting CPU[3] to 2457600
I/dex2oat ( 8308): dex2oat took 1.837s (threads: 4) arena alloc=1593KB java alloc=1911KB native alloc=6MB free=9MB
V/BackupManagerService(  816): restoreAtInstall pkg=com.careerbuilder.SugarDrone.test token=7 restoreSet=0
V/BackupManagerService(  816): Finishing install immediately
W/InputMethodInfo(  816): Duplicated subtype definition found: , voice
W/Settings(  816): Setting install_non_market_apps has moved from android.provider.Settings.Global to android.provider.Settings.Secure, returning read-only value.
D/BuaReceiver( 3623): ====== got intent:Intent { act=android.intent.action.PACKAGE_ADDED dat=package:com.careerbuilder.SugarDrone.test flg=0x4000010 cmp=com.motorola.android.buacontactadapter/.BuaReceiver (has extras) }
I/InputReader(  816): Reconfiguring input devices.  changes=0x00000010
I/UpdateIcingCorporaServi( 2811): Updating corpora: APPS=com.careerbuilder.SugarDrone.test, CONTACTS=MAYBE
D/BackupManagerService(  816): Received broadcast Intent { act=android.intent.action.PACKAGE_ADDED dat=package:com.careerbuilder.SugarDrone.test flg=0x4000010 (has extras) }
W/BackupManagerService(  816): Removing schedule queue dupe of com.careerbuilder.SugarDrone.test
I/ApplicationLogger( 2811): canRun() : Opted Out
I/UpdateIcingCorporaServi( 2811): UpdateCorporaTask done [took 36 ms] updated apps [took 36 ms] 
I/art     (  816): Explicit concurrent mark sweep GC freed 81467(4MB) AllocSpace objects, 14(3MB) LOS objects, 30% free, 35MB/51MB, paused 2.115ms total 161.695ms
I/art     ( 8287): System.exit called, status: 0
I/AndroidRuntime( 8287): VM exiting with result code 0.
I/PeopleContactsSync( 1770): triggerPendingContactsCleanup: no accounts
D/Wear_Controller( 1770): Received broadcast action=android.intent.action.PACKAGE_ADDED and uri=com.careerbuilder.SugarDrone.test
W/IcingInternalCorpora( 1770): getNumBytesRead when not calculated.
I/Icing   ( 1770): Usage reports 0 indexed 0 rejected 0 imm upload false
I/art     ( 1770): Explicit concurrent mark sweep GC freed 64686(3MB) AllocSpace objects, 19(327KB) LOS objects, 20% free, 31MB/39MB, paused 716us total 56.212ms
I/Icing   ( 1770): Usage reports 0 indexed 0 rejected 0 imm upload false
D/AndroidRuntime( 8381): >>>>>> START com.android.internal.os.RuntimeInit uid 2000 <<<<<<
D/AndroidRuntime( 8381): CheckJNI is OFF
D/AndroidRuntime( 8381): Calling main entry com.android.commands.settings.SettingsCmd
D/AndroidRuntime( 8381): Shutting down VM
D/AndroidRuntime( 8405): >>>>>> START com.android.internal.os.RuntimeInit uid 2000 <<<<<<
D/AndroidRuntime( 8405): CheckJNI is OFF
D/AndroidRuntime( 8405): Calling main entry com.android.commands.settings.SettingsCmd
D/AndroidRuntime( 8405): Shutting down VM
W/ip      ( 8428): type=1400 audit(0.0:19): avc: denied { search } for name="net" dev="dm-0" ino=1081351 scontext=u:r:shell:s0 tcontext=u:object_r:net_data_file:s0 tclass=dir permissive=0
I/Icing   ( 1770): Indexing DDCF6DAD3E5097999D53601C20AFC1A77BF2BDAF from com.google.android.gms
I/Icing   ( 1770): Indexing done DDCF6DAD3E5097999D53601C20AFC1A77BF2BDAF
D/AndroidRuntime( 8434): >>>>>> START com.android.internal.os.RuntimeInit uid 2000 <<<<<<
D/AndroidRuntime( 8434): CheckJNI is OFF
D/AndroidRuntime( 8434): Calling main entry com.android.commands.settings.SettingsCmd
D/AndroidRuntime( 8434): Shutting down VM
D/AndroidRuntime( 8460): >>>>>> START com.android.internal.os.RuntimeInit uid 2000 <<<<<<
D/AndroidRuntime( 8460): CheckJNI is OFF
D/AndroidRuntime( 8460): Calling main entry com.android.commands.settings.SettingsCmd
D/AndroidRuntime( 8460): Shutting down VM
E/WifiStateMachine(  816): WifiStateMachine CMD_START_SCAN source -2 txSuccessRate=0.00 rxSuccessRate=0.00 targetRoamBSSID=any RSSI=-51
E/WifiStateMachine(  816): WifiStateMachine starting scan for "xtc-ag"WPA_PSK with 5240,2437,5180
I/ThermalEngine(  366): ACTION: CPU - Setting CPU[0] to 2265600
I/ThermalEngine(  366): ACTION: CPU - Setting CPU[1] to 2265600
I/ThermalEngine(  366): ACTION: CPU - Setting CPU[2] to 2265600
I/ThermalEngine(  366): ACTION: CPU - Setting CPU[3] to 2265600
D/AndroidRuntime( 8484): >>>>>> START com.android.internal.os.RuntimeInit uid 2000 <<<<<<
D/AndroidRuntime( 8484): CheckJNI is OFF
D/AndroidRuntime( 8484): Calling main entry com.android.commands.settings.SettingsCmd
D/AndroidRuntime( 8484): Shutting down VM
D/AndroidRuntime( 8507): >>>>>> START com.android.internal.os.RuntimeInit uid 2000 <<<<<<
D/AndroidRuntime( 8507): CheckJNI is OFF
D/AndroidRuntime( 8507): Calling main entry com.android.commands.pm.Pm
I/art     ( 8507): System.exit called, status: 0
I/AndroidRuntime( 8507): VM exiting with result code 0.
D/AndroidRuntime( 8564): >>>>>> START com.android.internal.os.RuntimeInit uid 2000 <<<<<<
D/AndroidRuntime( 8564): CheckJNI is OFF
I/ThermalEngine(  366): ACTION: CPU - Setting CPU[0] to 1958400
I/ThermalEngine(  366): ACTION: CPU - Setting CPU[1] to 1958400
I/ThermalEngine(  366): ACTION: CPU - Setting CPU[2] to 1958400
I/ThermalEngine(  366): ACTION: CPU - Setting CPU[3] to 1958400
D/AndroidRuntime( 8564): Calling main entry com.android.commands.pm.Pm
I/art     ( 8564): System.exit called, status: 0
I/AndroidRuntime( 8564): VM exiting with result code 0.
D/AndroidRuntime( 8634): >>>>>> START com.android.internal.os.RuntimeInit uid 2000 <<<<<<
D/AndroidRuntime( 8634): CheckJNI is OFF
D/AndroidRuntime( 8634): Calling main entry com.android.commands.input.Input
I/Input   ( 8634): injectKeyEvent: KeyEvent { action=ACTION_DOWN, keyCode=KEYCODE_BACK, scanCode=0, metaState=0, flags=0x0, repeatCount=0, eventTime=284796, downTime=284796, deviceId=-1, source=0x101 }
I/Input   ( 8634): injectKeyEvent: KeyEvent { action=ACTION_UP, keyCode=KEYCODE_BACK, scanCode=0, metaState=0, flags=0x0, repeatCount=0, eventTime=284796, downTime=284796, deviceId=-1, source=0x101 }
D/AndroidRuntime( 8634): Shutting down VM
I/ThermalEngine(  366): ACTION: GPU - Setting GPU[0] to 389000000
I/ThermalEngine(  366): Mitigation:GPU[0]:389000000 Hz
I/ThermalEngine(  366): ACTION: CPU - Setting CPU[0] to 2265600
I/ThermalEngine(  366): ACTION: CPU - Setting CPU[1] to 2265600
I/ThermalEngine(  366): ACTION: CPU - Setting CPU[2] to 2265600
I/ThermalEngine(  366): ACTION: CPU - Setting CPU[3] to 2265600
D/AndroidRuntime( 8690): >>>>>> START com.android.internal.os.RuntimeInit uid 2000 <<<<<<
D/AndroidRuntime( 8690): CheckJNI is OFF
D/AndroidRuntime( 8690): Calling main entry com.android.commands.input.Input
I/Input   ( 8690): injectKeyEvent: KeyEvent { action=ACTION_DOWN, keyCode=KEYCODE_HOME, scanCode=0, metaState=0, flags=0x0, repeatCount=0, eventTime=286368, downTime=286368, deviceId=-1, source=0x101 }
I/Input   ( 8690): injectKeyEvent: KeyEvent { action=ACTION_UP, keyCode=KEYCODE_HOME, scanCode=0, metaState=0, flags=0x0, repeatCount=0, eventTime=286368, downTime=286368, deviceId=-1, source=0x101 }
I/ActivityManager(  816): START u0 {act=android.intent.action.MAIN cat=[android.intent.category.HOME] flg=0x10200000 cmp=com.google.android.googlequicksearchbox/com.google.android.launcher.GEL} from uid 1000 on display 0
D/AndroidRuntime( 8690): Shutting down VM
I/GEL     ( 1334): handleIntent(Intent { act=android.intent.action.MAIN cat=[android.intent.category.HOME] flg=0x10200000 cmp=com.google.android.googlequicksearchbox/com.google.android.launcher.GEL })
D/AndroidRuntime( 8725): >>>>>> START com.android.internal.os.RuntimeInit uid 2000 <<<<<<
D/AndroidRuntime( 8725): CheckJNI is OFF
D/AndroidRuntime( 8725): Calling main entry com.android.commands.input.Input
I/Input   ( 8725): injectKeyEvent: KeyEvent { action=ACTION_DOWN, keyCode=KEYCODE_BACK, scanCode=0, metaState=0, flags=0x0, repeatCount=0, eventTime=287443, downTime=287443, deviceId=-1, source=0x101 }
I/Input   ( 8725): injectKeyEvent: KeyEvent { action=ACTION_UP, keyCode=KEYCODE_BACK, scanCode=0, metaState=0, flags=0x0, repeatCount=0, eventTime=287443, downTime=287443, deviceId=-1, source=0x101 }
D/AndroidRuntime( 8725): Shutting down VM
I/ThermalEngine(  366): ACTION: GPU - Setting GPU[0] to 500000000
I/ThermalEngine(  366): Mitigation:GPU[0]:500000000 Hz
I/ThermalEngine(  366): ACTION: CPU - Setting CPU[0] to 2457600
I/ThermalEngine(  366): ACTION: CPU - Setting CPU[1] to 2457600
I/ThermalEngine(  366): ACTION: CPU - Setting CPU[2] to 2457600
I/ThermalEngine(  366): ACTION: CPU - Setting CPU[3] to 2457600
D/AndroidRuntime( 8767): >>>>>> START com.android.internal.os.RuntimeInit uid 2000 <<<<<<
D/AndroidRuntime( 8767): CheckJNI is OFF
D/AndroidRuntime( 8767): Calling main entry com.android.commands.am.Am
I/ActivityManager(  816): Force stopping com.careerbuilder.SugarDrone appid=19251 user=0: start instr
I/ActivityManager(  816): Start proc 8787:com.careerbuilder.SugarDrone/u0a9251 for added application com.careerbuilder.SugarDrone
I/art     ( 8787): Late-enabling -Xcheck:jni
W/monodroid( 8787): Using override path: /data/data/com.careerbuilder.SugarDrone/files/.__override__
W/monodroid( 8787): Trying to load sgen from: /data/data/com.careerbuilder.SugarDrone/files/.__override__/libmonosgen-2.0.so
W/monodroid( 8787): Trying to load sgen from: /storage/emulated/0/Android/data/com.careerbuilder.SugarDrone/files/.__override__/libmonosgen-2.0.so
W/monodroid( 8787): Trying to load sgen from: /data/app/com.careerbuilder.SugarDrone-1/lib/arm/libmonosgen-2.0.so
D/Mono    ( 8787): Image addref mscorlib[0xb4ae8520] -> mscorlib.dll[0xb483e400]: 2
D/Mono    ( 8787): Prepared to set up assembly 'mscorlib' (mscorlib.dll)
D/Mono    ( 8787): AOT module 'mscorlib.dll.so' not found: dlopen failed: library "/data/app/com.careerbuilder.SugarDrone-1/lib/arm/libaot-mscorlib.dll.so" not found
D/Mono    ( 8787): AOT module '/Users/builder/data/lanes/4009/f3074d2c/source/monodroid/builds/install/mono-armv6/lib/mono/aot-cache/arm/mscorlib.dll.so' not found: dlopen failed: library "/data/app/com.careerbuilder.SugarDrone-1/lib/arm/libaot-mscorlib.dll.so" not found
D/Mono    ( 8787): Config attempting to parse: 'mscorlib.dll.config'.
D/Mono    ( 8787): Config attempting to parse: '/Users/builder/data/lanes/4009/f3074d2c/source/monodroid/builds/install/mono-armv6/etc/mono/assemblies/mscorlib/mscorlib.config'.
D/Mono    ( 8787): Assembly mscorlib[0xb4ae8520] added to domain RootDomain, ref_count=1
D/Mono    ( 8787): Image addref CareerBuilder_Search.Droid[0xb4ae8580] -> CareerBuilder_Search.Droid.dll[0xb483f800]: 2
D/Mono    ( 8787): Prepared to set up assembly 'CareerBuilder_Search.Droid' (CareerBuilder_Search.Droid.dll)
D/Mono    ( 8787): Assembly CareerBuilder_Search.Droid[0xb4ae8580] added to domain RootDomain, ref_count=1
D/Mono    ( 8787): AOT module 'CareerBuilder_Search.Droid.dll.so' not found: dlopen failed: library "/data/app/com.careerbuilder.SugarDrone-1/lib/arm/libaot-CareerBuilder_Search.Droid.dll.so" not found
D/Mono    ( 8787): AOT module '/Users/builder/data/lanes/4009/f3074d2c/source/monodroid/builds/install/mono-armv6/lib/mono/aot-cache/arm/CareerBuilder_Search.Droid.dll.so' not found: dlopen failed: library "/data/app/com.careerbuilder.SugarDrone-1/lib/arm/libaot-CareerBuilder_Search.Droid.dll.so" not found
D/Mono    ( 8787): Config attempting to parse: 'CareerBuilder_Search.Droid.dll.config'.
D/Mono    ( 8787): Config attempting to parse: '/Users/builder/data/lanes/4009/f3074d2c/source/monodroid/builds/install/mono-armv6/etc/mono/assemblies/CareerBuilder_Search.Droid/CareerBuilder_Search.Droid.config'.
D/Mono    ( 8787): Image addref AppsFlyerXamarinBindingAndroid[0xb4ae85e0] -> AppsFlyerXamarinBindingAndroid.dll[0xb483fd00]: 2
D/Mono    ( 8787): Prepared to set up assembly 'AppsFlyerXamarinBindingAndroid' (AppsFlyerXamarinBindingAndroid.dll)
D/Mono    ( 8787): Assembly AppsFlyerXamarinBindingAndroid[0xb4ae85e0] added to domain RootDomain, ref_count=1
D/Mono    ( 8787): AOT module 'AppsFlyerXamarinBindingAndroid.dll.so' not found: dlopen failed: library "/data/app/com.careerbuilder.SugarDrone-1/lib/arm/libaot-AppsFlyerXamarinBindingAndroid.dll.so" not found
D/Mono    ( 8787): AOT module '/Users/builder/data/lanes/4009/f3074d2c/source/monodroid/builds/install/mono-armv6/lib/mono/aot-cache/arm/AppsFlyerXamarinBindingAndroid.dll.so' not found: dlopen failed: library "/data/app/com.careerbuilder.SugarDrone-1/lib/arm/libaot-AppsFlyerXamarinBindingAndroid.dll.so" not found
D/Mono    ( 8787): Config attempting to parse: 'AppsFlyerXamarinBindingAndroid.dll.config'.
D/Mono    ( 8787): Config attempting to parse: '/Users/builder/data/lanes/4009/f3074d2c/source/monodroid/builds/install/mono-armv6/etc/mono/assemblies/AppsFlyerXamarinBindingAndroid/AppsFlyerXamarinBindingAndroid.config'.
D/Mono    ( 8787): Image addref HockeySDK[0xb4ae8640] -> HockeySDK.dll[0xb4840200]: 2
D/Mono    ( 8787): Prepared to set up assembly 'HockeySDK' (HockeySDK.dll)
D/Mono    ( 8787): Assembly HockeySDK[0xb4ae8640] added to domain RootDomain, ref_count=1
D/Mono    ( 8787): AOT module 'HockeySDK.dll.so' not found: dlopen failed: library "/data/app/com.careerbuilder.SugarDrone-1/lib/arm/libaot-HockeySDK.dll.so" not found
D/Mono    ( 8787): AOT module '/Users/builder/data/lanes/4009/f3074d2c/source/monodroid/builds/install/mono-armv6/lib/mono/aot-cache/arm/HockeySDK.dll.so' not found: dlopen failed: library "/data/app/com.careerbuilder.SugarDrone-1/lib/arm/libaot-HockeySDK.dll.so" not found
D/Mono    ( 8787): Config attempting to parse: 'HockeySDK.dll.config'.
D/Mono    ( 8787): Config attempting to parse: '/Users/builder/data/lanes/4009/f3074d2c/source/monodroid/builds/install/mono-armv6/etc/mono/assemblies/HockeySDK/HockeySDK.config'.
D/Mono    ( 8787): Image addref Akavache[0xb4ae86a0] -> Akavache.dll[0xb4840700]: 2
D/Mono    ( 8787): Prepared to set up assembly 'Akavache' (Akavache.dll)
D/Mono    ( 8787): Assembly Akavache[0xb4ae86a0] added to domain RootDomain, ref_count=1
D/Mono    ( 8787): AOT module 'Akavache.dll.so' not found: dlopen failed: library "/data/app/com.careerbuilder.SugarDrone-1/lib/arm/libaot-Akavache.dll.so" not found
D/Mono    ( 8787): AOT module '/Users/builder/data/lanes/4009/f3074d2c/source/monodroid/builds/install/mono-armv6/lib/mono/aot-cache/arm/Akavache.dll.so' not found: dlopen failed: library "/data/app/com.careerbuilder.SugarDrone-1/lib/arm/libaot-Akavache.dll.so" not found
D/Mono    ( 8787): Config attempting to parse: 'Akavache.dll.config'.
D/Mono    ( 8787): Config attempting to parse: '/Users/builder/data/lanes/4009/f3074d2c/source/monodroid/builds/install/mono-armv6/etc/mono/assemblies/Akavache/Akavache.config'.
D/Mono    ( 8787): Image addref Akavache.Sqlite3[0xb4ae8700] -> Akavache.Sqlite3.dll[0xb4841100]: 2
D/Mono    ( 8787): Prepared to set up assembly 'Akavache.Sqlite3' (Akavache.Sqlite3.dll)
D/Mono    ( 8787): Assembly Akavache.Sqlite3[0xb4ae8700] added to domain RootDomain, ref_count=1
D/Mono    ( 8787): AOT module 'Akavache.Sqlite3.dll.so' not found: dlopen failed: library "/data/app/com.careerbuilder.SugarDrone-1/lib/arm/libaot-Akavache.Sqlite3.dll.so" not found
D/Mono    ( 8787): AOT module '/Users/builder/data/lanes/4009/f3074d2c/source/monodroid/builds/install/mono-armv6/lib/mono/aot-cache/arm/Akavache.Sqlite3.dll.so' not found: dlopen failed: library "/data/app/com.careerbuilder.SugarDrone-1/lib/arm/libaot-Akavache.Sqlite3.dll.so" not found
W/        ( 8787): Symbol file LoadedFromMemory doesn't match image Akavache.Sqlite3.dll
D/Mono    ( 8787): Config attempting to parse: 'Akavache.Sqlite3.dll.config'.
D/Mono    ( 8787): Config attempting to parse: '/Users/builder/data/lanes/4009/f3074d2c/source/monodroid/builds/install/mono-armv6/etc/mono/assemblies/Akavache.Sqlite3/Akavache.Sqlite3.config'.
D/Mono    ( 8787): Image addref Splat[0xb4ae8760] -> Splat.dll[0xb4841b00]: 2
D/Mono    ( 8787): Prepared to set up assembly 'Splat' (Splat.dll)
D/Mono    ( 8787): Assembly Splat[0xb4ae8760] added to domain RootDomain, ref_count=1
D/Mono    ( 8787): AOT module 'Splat.dll.so' not found: dlopen failed: library "/data/app/com.careerbuilder.SugarDrone-1/lib/arm/libaot-Splat.dll.so" not found
D/Mono    ( 8787): AOT module '/Users/builder/data/lanes/4009/f3074d2c/source/monodroid/builds/install/mono-armv6/lib/mono/aot-cache/arm/Splat.dll.so' not found: dlopen failed: library "/data/app/com.careerbuilder.SugarDrone-1/lib/arm/libaot-Splat.dll.so" not found
D/Mono    ( 8787): Config attempting to parse: 'Splat.dll.config'.
D/Mono    ( 8787): Config attempting to parse: '/Users/builder/data/lanes/4009/f3074d2c/source/monodroid/builds/install/mono-armv6/etc/mono/assemblies/Splat/Splat.config'.
D/Mono    ( 8787): Image addref Microsoft.Practices.ServiceLocation[0xb4ae87c0] -> Microsoft.Practices.ServiceLocation.dll[0xb4842500]: 2
D/Mono    ( 8787): Prepared to set up assembly 'Microsoft.Practices.ServiceLocation' (Microsoft.Practices.ServiceLocation.dll)
D/Mono    ( 8787): Assembly Microsoft.Practices.ServiceLocation[0xb4ae87c0] added to domain RootDomain, ref_count=1
D/Mono    ( 8787): AOT module 'Microsoft.Practices.ServiceLocation.dll.so' not found: dlopen failed: library "/data/app/com.careerbuilder.SugarDrone-1/lib/arm/libaot-Microsoft.Practices.ServiceLocation.dll.so" not found
D/Mono    ( 8787): AOT module '/Users/builder/data/lanes/4009/f3074d2c/source/monodroid/builds/install/mono-armv6/lib/mono/aot-cache/arm/Microsoft.Practices.ServiceLocation.dll.so' not found: dlopen failed: library "/data/app/com.careerbuilder.SugarDrone-1/lib/arm/libaot-Microsoft.Practices.ServiceLocation.dll.so" not found
D/Mono    ( 8787): Config attempting to parse: 'Microsoft.Practices.ServiceLocation.dll.config'.
D/Mono    ( 8787): Config attempting to parse: '/Users/builder/data/lanes/4009/f3074d2c/source/monodroid/builds/install/mono-armv6/etc/mono/assemblies/Microsoft.Practices.ServiceLocation/Microsoft.Practices.ServiceLocation.config'.
D/Mono    ( 8787): Image addref Microsoft.Practices.Unity[0xb4ae8820] -> Microsoft.Practices.Unity.dll[0xb4842a00]: 2
D/Mono    ( 8787): Prepared to set up assembly 'Microsoft.Practices.Unity' (Microsoft.Practices.Unity.dll)
D/Mono    ( 8787): Assembly Microsoft.Practices.Unity[0xb4ae8820] added to domain RootDomain, ref_count=1
D/Mono    ( 8787): AOT module 'Microsoft.Practices.Unity.dll.so' not found: dlopen failed: library "/data/app/com.careerbuilder.SugarDrone-1/lib/arm/libaot-Microsoft.Practices.Unity.dll.so" not found
D/Mono    ( 8787): AOT module '/Users/builder/data/lanes/4009/f3074d2c/source/monodroid/builds/install/mono-armv6/lib/mono/aot-cache/arm/Microsoft.Practices.Unity.dll.so' not found: dlopen failed: library "/data/app/com.careerbuilder.SugarDrone-1/lib/arm/libaot-Microsoft.Practices.Unity.dll.so" not found
D/Mono    ( 8787): Config attempting to parse: 'Microsoft.Practices.Unity.dll.config'.
D/Mono    ( 8787): Config attempting to parse: '/Users/builder/data/lanes/4009/f3074d2c/source/monodroid/builds/install/mono-armv6/etc/mono/assemblies/Microsoft.Practices.Unity/Microsoft.Practices.Unity.config'.
D/Mono    ( 8787): Image addref Plugin.CurrentActivity[0xb4ae8880] -> Plugin.CurrentActivity.dll[0xb4843400]: 2
D/Mono    ( 8787): Prepared to set up assembly 'Plugin.CurrentActivity' (Plugin.CurrentActivity.dll)
D/Mono    ( 8787): Assembly Plugin.CurrentActivity[0xb4ae8880] added to domain RootDomain, ref_count=1
D/Mono    ( 8787): AOT module 'Plugin.CurrentActivity.dll.so' not found: dlopen failed: library "/data/app/com.careerbuilder.SugarDrone-1/lib/arm/libaot-Plugin.CurrentActivity.dll.so" not found
D/Mono    ( 8787): AOT module '/Users/builder/data/lanes/4009/f3074d2c/source/monodroid/builds/install/mono-armv6/lib/mono/aot-cache/arm/Plugin.CurrentActivity.dll.so' not found: dlopen failed: library "/data/app/com.careerbuilder.SugarDrone-1/lib/arm/libaot-Plugin.CurrentActivity.dll.so" not found
D/Mono    ( 8787): Config attempting to parse: 'Plugin.CurrentActivity.dll.config'.
D/Mono    ( 8787): Config attempting to parse: '/Users/builder/data/lanes/4009/f3074d2c/source/monodroid/builds/install/mono-armv6/etc/mono/assemblies/Plugin.CurrentActivity/Plugin.CurrentActivity.config'.
D/Mono    ( 8787): Image addref Plugin.Permissions[0xb4ae88e0] -> Plugin.Permissions.dll[0xb4843900]: 2
D/Mono    ( 8787): Prepared to set up assembly 'Plugin.Permissions' (Plugin.Permissions.dll)
D/Mono    ( 8787): Assembly Plugin.Permissions[0xb4ae88e0] added to domain RootDomain, ref_count=1
D/Mono    ( 8787): AOT module 'Plugin.Permissions.dll.so' not found: dlopen failed: library "/data/app/com.careerbuilder.SugarDrone-1/lib/arm/libaot-Plugin.Permissions.dll.so" not found
D/Mono    ( 8787): AOT module '/Users/builder/data/lanes/4009/f3074d2c/source/monodroid/builds/install/mono-armv6/lib/mono/aot-cache/arm/Plugin.Permissions.dll.so' not found: dlopen failed: library "/data/app/com.careerbuilder.SugarDrone-1/lib/arm/libaot-Plugin.Permissions.dll.so" not found
D/Mono    ( 8787): Config attempting to parse: 'Plugin.Permissions.dll.config'.
D/Mono    ( 8787): Config attempting to parse: '/Users/builder/data/lanes/4009/f3074d2c/source/monodroid/builds/install/mono-armv6/etc/mono/assemblies/Plugin.Permissions/Plugin.Permissions.config'.
D/Mono    ( 8787): Image addref Plugin.Permissions.Abstractions[0xb4ae8940] -> Plugin.Permissions.Abstractions.dll[0xb4843e00]: 2
D/Mono    ( 8787): Prepared to set up assembly 'Plugin.Permissions.Abstractions' (Plugin.Permissions.Abstractions.dll)
D/Mono    ( 8787): Assembly Plugin.Permissions.Abstractions[0xb4ae8940] added to domain RootDomain, ref_count=1
D/Mono    ( 8787): AOT module 'Plugin.Permissions.Abstractions.dll.so' not found: dlopen failed: library "/data/app/com.careerbuilder.SugarDrone-1/lib/arm/libaot-Plugin.Permissions.Abstractions.dll.so" not found
D/Mono    ( 8787): AOT module '/Users/builder/data/lanes/4009/f3074d2c/source/monodroid/builds/install/mono-armv6/lib/mono/aot-cache/arm/Plugin.Permissions.Abstractions.dll.so' not found: dlopen failed: library "/data/app/com.careerbuilder.SugarDrone-1/lib/arm/libaot-Plugin.Permissions.Abstractions.dll.so" not found
D/Mono    ( 8787): Config attempting to parse: 'Plugin.Permissions.Abstractions.dll.config'.
D/Mono    ( 8787): Config attempting to parse: '/Users/builder/data/lanes/4009/f3074d2c/source/monodroid/builds/install/mono-armv6/etc/mono/assemblies/Plugin.Permissions.Abstractions/Plugin.Permissions.Abstractions.config'.
D/Mono    ( 8787): Image addref Plugin.Geolocator[0xb4ae89a0] -> Plugin.Geolocator.dll[0xb4844300]: 2
D/Mono    ( 8787): Prepared to set up assembly 'Plugin.Geolocator' (Plugin.Geolocator.dll)
D/Mono    ( 8787): Assembly Plugin.Geolocator[0xb4ae89a0] added to domain RootDomain, ref_count=1
D/Mono    ( 8787): AOT module 'Plugin.Geolocator.dll.so' not found: dlopen failed: library "/data/app/com.careerbuilder.SugarDrone-1/lib/arm/libaot-Plugin.Geolocator.dll.so" not found
D/Mono    ( 8787): AOT module '/Users/builder/data/lanes/4009/f3074d2c/source/monodroid/builds/install/mono-armv6/lib/mono/aot-cache/arm/Plugin.Geolocator.dll.so' not found: dlopen failed: library "/data/app/com.careerbuilder.SugarDrone-1/lib/arm/libaot-Plugin.Geolocator.dll.so" not found
D/Mono    ( 8787): Config attempting to parse: 'Plugin.Geolocator.dll.config'.
D/Mono    ( 8787): Config attempting to parse: '/Users/builder/data/lanes/4009/f3074d2c/source/monodroid/builds/install/mono-armv6/etc/mono/assemblies/Plugin.Geolocator/Plugin.Geolocator.config'.
D/Mono    ( 8787): Image addref Plugin.Geolocator.Abstractions[0xb4ae8a00] -> Plugin.Geolocator.Abstractions.dll[0xb4844800]: 2
D/Mono    ( 8787): Prepared to set up assembly 'Plugin.Geolocator.Abstractions' (Plugin.Geolocator.Abstractions.dll)
D/Mono    ( 8787): Assembly Plugin.Geolocator.Abstractions[0xb4ae8a00] added to domain RootDomain, ref_count=1
D/Mono    ( 8787): AOT module 'Plugin.Geolocator.Abstractions.dll.so' not found: dlopen failed: library "/data/app/com.careerbuilder.SugarDrone-1/lib/arm/libaot-Plugin.Geolocator.Abstractions.dll.so" not found
D/Mono    ( 8787): AOT module '/Users/builder/data/lanes/4009/f3074d2c/source/monodroid/builds/install/mono-armv6/lib/mono/aot-cache/arm/Plugin.Geolocator.Abstractions.dll.so' not found: dlopen failed: library "/data/app/com.careerbuilder.SugarDrone-1/lib/arm/libaot-Plugin.Geolocator.Abstractions.dll.so" not found
D/Mono    ( 8787): Config attempting to parse: 'Plugin.Geolocator.Abstractions.dll.config'.
D/Mono    ( 8787): Config attempting to parse: '/Users/builder/data/lanes/4009/f3074d2c/source/monodroid/builds/install/mono-armv6/etc/mono/assemblies/Plugin.Geolocator.Abstractions/Plugin.Geolocator.Abstractions.config'.
D/Mono    ( 8787): Image addref Plugin.DeviceInfo[0xb4ae8a60] -> Plugin.DeviceInfo.dll[0xb4844d00]: 2
D/Mono    ( 8787): Prepared to set up assembly 'Plugin.DeviceInfo' (Plugin.DeviceInfo.dll)
D/Mono    ( 8787): Assembly Plugin.DeviceInfo[0xb4ae8a60] added to domain RootDomain, ref_count=1
D/Mono    ( 8787): AOT module 'Plugin.DeviceInfo.dll.so' not found: dlopen failed: library "/data/app/com.careerbuilder.SugarDrone-1/lib/arm/libaot-Plugin.DeviceInfo.dll.so" not found
D/Mono    ( 8787): AOT module '/Users/builder/data/lanes/4009/f3074d2c/source/monodroid/builds/install/mono-armv6/lib/mono/aot-cache/arm/Plugin.DeviceInfo.dll.so' not found: dlopen failed: library "/data/app/com.careerbuilder.SugarDrone-1/lib/arm/libaot-Plugin.DeviceInfo.dll.so" not found
D/Mono    ( 8787): Config attempting to parse: 'Plugin.DeviceInfo.dll.config'.
D/Mono    ( 8787): Config attempting to parse: '/Users/builder/data/lanes/4009/f3074d2c/source/monodroid/builds/install/mono-armv6/etc/mono/assemblies/Plugin.DeviceInfo/Plugin.DeviceInfo.config'.
D/Mono    ( 8787): Image addref Plugin.DeviceInfo.Abstractions[0xb4ae8ac0] -> Plugin.DeviceInfo.Abstractions.dll[0xb4845200]: 2
D/Mono    ( 8787): Prepared to set up assembly 'Plugin.DeviceInfo.Abstractions' (Plugin.DeviceInfo.Abstractions.dll)
D/Mono    ( 8787): Assembly Plugin.DeviceInfo.Abstractions[0xb4ae8ac0] added to domain RootDomain, ref_count=1
D/Mono    ( 8787): AOT module 'Plugin.DeviceInfo.Abstractions.dll.so' not found: dlopen failed: library "/data/app/com.careerbuilder.SugarDrone-1/lib/arm/libaot-Plugin.DeviceInfo.Abstractions.dll.so" not found
D/Mono    ( 8787): AOT module '/Users/builder/data/lanes/4009/f3074d2c/source/monodroid/builds/install/mono-armv6/lib/mono/aot-cache/arm/Plugin.DeviceInfo.Abstractions.dll.so' not found: dlopen failed: library "/data/app/com.careerbuilder.SugarDrone-1/lib/arm/libaot-Plugin.DeviceInfo.Abstractions.dll.so" not found
D/Mono    ( 8787): Config attempting to parse: 'Plugin.DeviceInfo.Abstractions.dll.config'.
D/Mono    ( 8787): Config attempting to parse: '/Users/builder/data/lanes/4009/f3074d2c/source/monodroid/builds/install/mono-armv6/etc/mono/assemblies/Plugin.DeviceInfo.Abstractions/Plugin.DeviceInfo.Abstractions.config'.
D/Mono    ( 8787): Image addref Xamarin.GooglePlayServices.Analytics[0xb4ae8b20] -> Xamarin.GooglePlayServices.Analytics.dll[0xb4845700]: 2
D/Mono    ( 8787): Prepared to set up assembly 'Xamarin.GooglePlayServices.Analytics' (Xamarin.GooglePlayServices.Analytics.dll)
D/Mono    ( 8787): Assembly Xamarin.GooglePlayServices.Analytics[0xb4ae8b20] added to domain RootDomain, ref_count=1
D/Mono    ( 8787): AOT module 'Xamarin.GooglePlayServices.Analytics.dll.so' not found: dlopen failed: library "/data/app/com.careerbuilder.SugarDrone-1/lib/arm/libaot-Xamarin.GooglePlayServices.Analytics.dll.so" not found
D/Mono    ( 8787): AOT module '/Users/builder/data/lanes/4009/f3074d2c/source/monodroid/builds/install/mono-armv6/lib/mono/aot-cache/arm/Xamarin.GooglePlayServices.Analytics.dll.so' not found: dlopen failed: library "/data/app/com.careerbuilder.SugarDrone-1/lib/arm/libaot-Xamarin.GooglePlayServices.Analytics.dll.so" not found
D/Mono    ( 8787): Config attempting to parse: 'Xamarin.GooglePlayServices.Analytics.dll.config'.
D/Mono    ( 8787): Config attempting to parse: '/Users/builder/data/lanes/4009/f3074d2c/source/monodroid/builds/install/mono-armv6/etc/mono/assemblies/Xamarin.GooglePlayServices.Analytics/Xamarin.GooglePlayServices.Analytics.config'.
D/Mono    ( 8787): Image addref Xamarin.GooglePlayServices.Base[0xb4ae8b80] -> Xamarin.GooglePlayServices.Base.dll[0xb4845c00]: 2
D/Mono    ( 8787): Prepared to set up assembly 'Xamarin.GooglePlayServices.Base' (Xamarin.GooglePlayServices.Base.dll)
D/Mono    ( 8787): Assembly Xamarin.GooglePlayServices.Base[0xb4ae8b80] added to domain RootDomain, ref_count=1
D/Mono    ( 8787): AOT module 'Xamarin.GooglePlayServices.Base.dll.so' not found: dlopen failed: library "/data/app/com.careerbuilder.SugarDrone-1/lib/arm/libaot-Xamarin.GooglePlayServices.Base.dll.so" not found
D/Mono    ( 8787): AOT module '/Users/builder/data/lanes/4009/f3074d2c/source/monodroid/builds/install/mono-armv6/lib/mono/aot-cache/arm/Xamarin.GooglePlayServices.Base.dll.so' not found: dlopen failed: library "/data/app/com.careerbuilder.SugarDrone-1/lib/arm/libaot-Xamarin.GooglePlayServices.Base.dll.so" not found
D/Mono    ( 8787): Config attempting to parse: 'Xamarin.GooglePlayServices.Base.dll.config'.
D/Mono    ( 8787): Config attempting to parse: '/Users/builder/data/lanes/4009/f3074d2c/source/monodroid/builds/install/mono-armv6/etc/mono/assemblies/Xamarin.GooglePlayServices.Base/Xamarin.GooglePlayServices.Base.config'.
D/Mono    ( 8787): Image addref Xamarin.GooglePlayServices.Basement[0xb4ae8be0] -> Xamarin.GooglePlayServices.Basement.dll[0xb4846100]: 2
D/Mono    ( 8787): Prepared to set up assembly 'Xamarin.GooglePlayServices.Basement' (Xamarin.GooglePlayServices.Basement.dll)
D/Mono    ( 8787): Assembly Xamarin.GooglePlayServices.Basement[0xb4ae8be0] added to domain RootDomain, ref_count=1
D/Mono    ( 8787): AOT module 'Xamarin.GooglePlayServices.Basement.dll.so' not found: dlopen failed: library "/data/app/com.careerbuilder.SugarDrone-1/lib/arm/libaot-Xamarin.GooglePlayServices.Basement.dll.so" not found
D/Mono    ( 8787): AOT module '/Users/builder/data/lanes/4009/f3074d2c/source/monodroid/builds/install/mono-armv6/lib/mono/aot-cache/arm/Xamarin.GooglePlayServices.Basement.dll.so' not found: dlopen failed: library "/data/app/com.careerbuilder.SugarDrone-1/lib/arm/libaot-Xamarin.GooglePlayServices.Basement.dll.so" not found
D/Mono    ( 8787): Config attempting to parse: 'Xamarin.GooglePlayServices.Basement.dll.config'.
D/Mono    ( 8787): Config attempting to parse: '/Users/builder/data/lanes/4009/f3074d2c/source/monodroid/builds/install/mono-armv6/etc/mono/assemblies/Xamarin.GooglePlayServices.Basement/Xamarin.GooglePlayServices.Basement.config'.
D/Mono    ( 8787): Image addref Xamarin.Insights[0xb4ae8c40] -> Xamarin.Insights.dll[0xb4846600]: 2
D/Mono    ( 8787): Prepared to set up assembly 'Xamarin.Insights' (Xamarin.Insights.dll)
D/Mono    ( 8787): Assembly Xamarin.Insights[0xb4ae8c40] added to domain RootDomain, ref_count=1
D/Mono    ( 8787): AOT module 'Xamarin.Insights.dll.so' not found: dlopen failed: library "/data/app/com.careerbuilder.SugarDrone-1/lib/arm/libaot-Xamarin.Insights.dll.so" not found
D/Mono    ( 8787): AOT module '/Users/builder/data/lanes/4009/f3074d2c/source/monodroid/builds/install/mono-armv6/lib/mono/aot-cache/arm/Xamarin.Insights.dll.so' not found: dlopen failed: library "/data/app/com.careerbuilder.SugarDrone-1/lib/arm/libaot-Xamarin.Insights.dll.so" not found
D/Mono    ( 8787): Config attempting to parse: 'Xamarin.Insights.dll.config'.
D/Mono    ( 8787): Config attempting to parse: '/Users/builder/data/lanes/4009/f3074d2c/source/monodroid/builds/install/mono-armv6/etc/mono/assemblies/Xamarin.Insights/Xamarin.Insights.config'.
D/Mono    ( 8787): Image addref Plugin.ExternalMaps[0xb4ae8ca0] -> Plugin.ExternalMaps.dll[0xb4846b00]: 2
D/Mono    ( 8787): Prepared to set up assembly 'Plugin.ExternalMaps' (Plugin.ExternalMaps.dll)
D/Mono    ( 8787): Assembly Plugin.ExternalMaps[0xb4ae8ca0] added to domain RootDomain, ref_count=1
D/Mono    ( 8787): AOT module 'Plugin.ExternalMaps.dll.so' not found: dlopen failed: library "/data/app/com.careerbuilder.SugarDrone-1/lib/arm/libaot-Plugin.ExternalMaps.dll.so" not found
D/Mono    ( 8787): AOT module '/Users/builder/data/lanes/4009/f3074d2c/source/monodroid/builds/install/mono-armv6/lib/mono/aot-cache/arm/Plugin.ExternalMaps.dll.so' not found: dlopen failed: library "/data/app/com.careerbuilder.SugarDrone-1/lib/arm/libaot-Plugin.ExternalMaps.dll.so" not found
D/Mono    ( 8787): Config attempting to parse: 'Plugin.ExternalMaps.dll.config'.
D/Mono    ( 8787): Config attempting to parse: '/Users/builder/data/lanes/4009/f3074d2c/source/monodroid/builds/install/mono-armv6/etc/mono/assemblies/Plugin.ExternalMaps/Plugin.ExternalMaps.config'.
D/Mono    ( 8787): Image addref Plugin.ExternalMaps.Abstractions[0xb4ae8d00] -> Plugin.ExternalMaps.Abstractions.dll[0xb4847000]: 2
D/Mono    ( 8787): Prepared to set up assembly 'Plugin.ExternalMaps.Abstractions' (Plugin.ExternalMaps.Abstractions.dll)
D/Mono    ( 8787): Assembly Plugin.ExternalMaps.Abstractions[0xb4ae8d00] added to domain RootDomain, ref_count=1
D/Mono    ( 8787): AOT module 'Plugin.ExternalMaps.Abstractions.dll.so' not found: dlopen failed: library "/data/app/com.careerbuilder.SugarDrone-1/lib/arm/libaot-Plugin.ExternalMaps.Abstractions.dll.so" not found
D/Mono    ( 8787): AOT module '/Users/builder/data/lanes/4009/f3074d2c/source/monodroid/builds/install/mono-armv6/lib/mono/aot-cache/arm/Plugin.ExternalMaps.Abstractions.dll.so' not found: dlopen failed: library "/data/app/com.careerbuilder.SugarDrone-1/lib/arm/libaot-Plugin.ExternalMaps.Abstractions.dll.so" not found
D/Mono    ( 8787): Config attempting to parse: 'Plugin.ExternalMaps.Abstractions.dll.config'.
D/Mono    ( 8787): Config attempting to parse: '/Users/builder/data/lanes/4009/f3074d2c/source/monodroid/builds/install/mono-armv6/etc/mono/assemblies/Plugin.ExternalMaps.Abstractions/Plugin.ExternalMaps.Abstractions.config'.
D/Mono    ( 8787): Image addref FloatingActionButton-Xamarin[0xb4ae8d60] -> FloatingActionButton-Xamarin.dll[0xb4847500]: 2
D/Mono    ( 8787): Prepared to set up assembly 'FloatingActionButton-Xamarin' (FloatingActionButton-Xamarin.dll)
D/Mono    ( 8787): Assembly FloatingActionButton-Xamarin[0xb4ae8d60] added to domain RootDomain, ref_count=1
D/Mono    ( 8787): AOT module 'FloatingActionButton-Xamarin.dll.so' not found: dlopen failed: library "/data/app/com.careerbuilder.SugarDrone-1/lib/arm/libaot-FloatingActionButton-Xamarin.dll.so" not found
D/Mono    ( 8787): AOT module '/Users/builder/data/lanes/4009/f3074d2c/source/monodroid/builds/install/mono-armv6/lib/mono/aot-cache/arm/FloatingActionButton-Xamarin.dll.so' not found: dlopen failed: library "/data/app/com.careerbuilder.SugarDrone-1/lib/arm/libaot-FloatingActionButton-Xamarin.dll.so" not found
D/Mono    ( 8787): Config attempting to parse: 'FloatingActionButton-Xamarin.dll.config'.
D/Mono    ( 8787): Config attempting to parse: '/Users/builder/data/lanes/4009/f3074d2c/source/monodroid/builds/install/mono-armv6/etc/mono/assemblies/FloatingActionButton-Xamarin/FloatingActionButton-Xamarin.config'.
D/Mono    ( 8787): Image addref Xamarin.Android.Support.v4[0xb4ae8dc0] -> Xamarin.Android.Support.v4.dll[0xb4847a00]: 2
D/Mono    ( 8787): Prepared to set up assembly 'Xamarin.Android.Support.v4' (Xamarin.Android.Support.v4.dll)
D/Mono    ( 8787): Assembly Xamarin.Android.Support.v4[0xb4ae8dc0] added to domain RootDomain, ref_count=1
D/Mono    ( 8787): AOT module 'Xamarin.Android.Support.v4.dll.so' not found: dlopen failed: library "/data/app/com.careerbuilder.SugarDrone-1/lib/arm/libaot-Xamarin.Android.Support.v4.dll.so" not found
D/Mono    ( 8787): AOT module '/Users/builder/data/lanes/4009/f3074d2c/source/monodroid/builds/install/mono-armv6/lib/mono/aot-cache/arm/Xamarin.Android.Support.v4.dll.so' not found: dlopen failed: library "/data/app/com.careerbuilder.SugarDrone-1/lib/arm/libaot-Xamarin.Android.Support.v4.dll.so" not found
