W/ResourceType( 8787): No known package when getting name for resource number 0xffffffff
W/ResourceType( 8787): No known package when getting name for resource number 0xffffffff
W/ResourceType( 8787): No known package when getting name for resource number 0xffffffff
W/ResourceType( 8787): No known package when getting name for resource number 0xffffffff
W/ResourceType( 8787): No known package when getting name for resource number 0xffffffff
W/ResourceType( 8787): No known package when getting name for resource number 0xffffffff
W/ResourceType( 8787): No known package when getting name for resource number 0xffffffff
W/ResourceType( 8787): No known package when getting name for resource number 0xffffffff
W/ResourceType( 8787): No known package when getting name for resource number 0xffffffff
W/ResourceType( 8787): No known package when getting name for resource number 0xffffffff
W/ResourceType( 8787): No known package when getting name for resource number 0xffffffff
W/ResourceType( 8787): No known package when getting name for resource number 0xffffffff
W/ResourceType( 8787): No known package when getting name for resource number 0xffffffff
W/ResourceType( 8787): No known package when getting name for resource number 0xffffffff
W/ResourceType( 8787): No known package when getting name for resource number 0xffffffff
W/ResourceType( 8787): No known package when getting name for resource number 0xffffffff
W/ResourceType( 8787): No known package when getting name for resource number 0xffffffff
W/ResourceType( 8787): No known package when getting name for resource number 0xffffffff
W/ResourceType( 8787): No known package when getting name for resource number 0xffffffff
W/ResourceType( 8787): No known package when getting name for resource number 0xffffffff
W/ResourceType( 8787): No known package when getting name for resource number 0xffffffff
W/ResourceType( 8787): No known package when getting name for resource number 0xffffffff
W/ResourceType( 8787): No known package when getting name for resource number 0xffffffff
W/ResourceType( 8787): No known package when getting name for resource number 0xffffffff
W/ResourceType( 8787): No known package when getting name for resource number 0xffffffff
W/ResourceType( 8787): No known package when getting name for resource number 0xffffffff
W/ResourceType( 8787): No known package when getting name for resource number 0xffffffff
W/ResourceType( 8787): No known package when getting name for resource number 0xffffffff
W/ResourceType( 8787): No known package when getting name for resource number 0xffffffff
W/ResourceType( 8787): No known package when getting name for resource number 0xffffffff
W/ResourceType( 8787): No known package when getting name for resource number 0xffffffff
W/ResourceType( 8787): No known package when getting name for resource number 0xffffffff
W/ResourceType( 8787): No known package when getting name for resource number 0xffffffff
W/ResourceType( 8787): No known package when getting name for resource number 0xffffffff
W/ResourceType( 8787): No known package when getting name for resource number 0xffffffff
W/ResourceType( 8787): No known package when getting name for resource number 0xffffffff
W/ResourceType( 8787): No known package when getting name for resource number 0xffffffff
W/ResourceType( 8787): No known package when getting name for resource number 0xffffffff
W/ResourceType( 8787): No known package when getting name for resource number 0xffffffff
W/ResourceType( 8787): No known package when getting name for resource number 0xffffffff
W/ResourceType( 8787): No known package when getting name for resource number 0xffffffff
W/ResourceType( 8787): No known package when getting name for resource number 0xffffffff
W/ResourceType( 8787): No known package when getting name for resource number 0xffffffff
W/ResourceType( 8787): No known package when getting name for resource number 0xffffffff
W/ResourceType( 8787): No known package when getting name for resource number 0xffffffff
W/ResourceType( 8787): No known package when getting name for resource number 0xffffffff
W/ResourceType( 8787): No known package when getting name for resource number 0xffffffff
W/ResourceType( 8787): No known package when getting name for resource number 0xffffffff
W/ResourceType( 8787): No known package when getting name for resource number 0xffffffff
W/ResourceType( 8787): No known package when getting name for resource number 0xffffffff
W/ResourceType( 8787): No known package when getting name for resource number 0xffffffff
W/ResourceType( 8787): No known package when getting name for resource number 0xffffffff
W/ResourceType( 8787): No known package when getting name for resource number 0xffffffff
W/ResourceType( 8787): No known package when getting name for resource number 0xffffffff
W/ResourceType( 8787): No known package when getting name for resource number 0xffffffff
W/ResourceType( 8787): No known package when getting name for resource number 0xffffffff
W/ResourceType( 8787): No known package when getting name for resource number 0xffffffff
W/ResourceType( 8787): No known package when getting name for resource number 0xffffffff
D/audio_hw_primary(  358): disable_audio_route: reset and update mixer path: low-latency-playback speaker
D/audio_hw_primary(  358): disable_snd_device: snd_device(2: speaker)
I/System.out( 8787): URI: /map
I/System.out( 8787): params: {json={"query":"* marked:'locationQueryField'","operation":{"method_name":"query","arguments":[]}}
I/System.out( 8787): }
I/ThermalEngine(  366): ACTION: GPU - Setting GPU[0] to 500000000
I/ThermalEngine(  366): Mitigation:GPU[0]:500000000 Hz
I/ThermalEngine(  366): ACTION: CPU - Setting CPU[0] to 2265600
I/ThermalEngine(  366): ACTION: CPU - Setting CPU[1] to 2265600
I/ThermalEngine(  366): ACTION: CPU - Setting CPU[2] to 2265600
I/ThermalEngine(  366): ACTION: CPU - Setting CPU[3] to 2265600
W/ResourceType( 8787): No known package when getting name for resource number 0xffffffff
W/ResourceType( 8787): No known package when getting name for resource number 0xffffffff
W/ResourceType( 8787): No known package when getting name for resource number 0xffffffff
W/ResourceType( 8787): No known package when getting name for resource number 0xffffffff
W/ResourceType( 8787): No known package when getting name for resource number 0xffffffff
W/ResourceType( 8787): No known package when getting name for resource number 0xffffffff
W/ResourceType( 8787): No known package when getting name for resource number 0xffffffff
W/ResourceType( 8787): No known package when getting name for resource number 0xffffffff
W/ResourceType( 8787): No known package when getting name for resource number 0xffffffff
W/ResourceType( 8787): No known package when getting name for resource number 0xffffffff
W/ResourceType( 8787): No known package when getting name for resource number 0xffffffff
W/ResourceType( 8787): No known package when getting name for resource number 0xffffffff
W/ResourceType( 8787): No known package when getting name for resource number 0xffffffff
W/ResourceType( 8787): No known package when getting name for resource number 0xffffffff
W/ResourceType( 8787): No known package when getting name for resource number 0xffffffff
W/ResourceType( 8787): No known package when getting name for resource number 0xffffffff
W/ResourceType( 8787): No known package when getting name for resource number 0xffffffff
W/ResourceType( 8787): No known package when getting name for resource number 0xffffffff
W/ResourceType( 8787): No known package when getting name for resource number 0xffffffff
W/ResourceType( 8787): No known package when getting name for resource number 0xffffffff
W/ResourceType( 8787): No known package when getting name for resource number 0xffffffff
W/ResourceType( 8787): No known package when getting name for resource number 0xffffffff
W/ResourceType( 8787): No known package when getting name for resource number 0xffffffff
W/ResourceType( 8787): No known package when getting name for resource number 0xffffffff
W/ResourceType( 8787): No known package when getting name for resource number 0xffffffff
W/ResourceType( 8787): No known package when getting name for resource number 0xffffffff
W/ResourceType( 8787): No known package when getting name for resource number 0xffffffff
W/ResourceType( 8787): No known package when getting name for resource number 0xffffffff
I/art     ( 8787): Explicit concurrent mark sweep GC freed 289715(11MB) AllocSpace objects, 16(256KB) LOS objects, 26% free, 44MB/60MB, paused 1.508ms total 61.369ms
W/ResourceType( 8787): No known package when getting name for resource number 0xffffffff
W/ResourceType( 8787): No known package when getting name for resource number 0xffffffff
W/ResourceType( 8787): No known package when getting name for resource number 0xffffffff
W/ResourceType( 8787): No known package when getting name for resource number 0xffffffff
W/ResourceType( 8787): No known package when getting name for resource number 0xffffffff
W/ResourceType( 8787): No known package when getting name for resource number 0xffffffff
I/art     ( 8787): Explicit concurrent mark sweep GC freed 1646(77KB) AllocSpace objects, 0(0B) LOS objects, 26% free, 44MB/60MB, paused 1.363ms total 30.567ms
W/ResourceType( 8787): No known package when getting name for resource number 0xffffffff
W/ResourceType( 8787): No known package when getting name for resource number 0xffffffff
W/ResourceType( 8787): No known package when getting name for resource number 0xffffffff
W/ResourceType( 8787): No known package when getting name for resource number 0xffffffff
W/ResourceType( 8787): No known package when getting name for resource number 0xffffffff
W/ResourceType( 8787): No known package when getting name for resource number 0xffffffff
W/ResourceType( 8787): No known package when getting name for resource number 0xffffffff
W/ResourceType( 8787): No known package when getting name for resource number 0xffffffff
I/art     ( 8787): Explicit concurrent mark sweep GC freed 1240(51KB) AllocSpace objects, 0(0B) LOS objects, 26% free, 44MB/60MB, paused 1.355ms total 30.207ms
W/ResourceType( 8787): No known package when getting name for resource number 0xffffffff
W/ResourceType( 8787): No known package when getting name for resource number 0xffffffff
I/art     ( 8787): Explicit concurrent mark sweep GC freed 1065(43KB) AllocSpace objects, 0(0B) LOS objects, 26% free, 44MB/60MB, paused 1.828ms total 30.210ms
W/ResourceType( 8787): No known package when getting name for resource number 0xffffffff
W/ResourceType( 8787): No known package when getting name for resource number 0xffffffff
W/ResourceType( 8787): No known package when getting name for resource number 0xffffffff
W/ResourceType( 8787): No known package when getting name for resource number 0xffffffff
W/ResourceType( 8787): No known package when getting name for resource number 0xffffffff
W/ResourceType( 8787): No known package when getting name for resource number 0xffffffff
W/ResourceType( 8787): No known package when getting name for resource number 0xffffffff
W/ResourceType( 8787): No known package when getting name for resource number 0xffffffff
I/art     ( 8787): Explicit concurrent mark sweep GC freed 1255(51KB) AllocSpace objects, 0(0B) LOS objects, 26% free, 44MB/60MB, paused 1.815ms total 30.302ms
W/ResourceType( 8787): No known package when getting name for resource number 0xffffffff
W/ResourceType( 8787): No known package when getting name for resource number 0xffffffff
W/ResourceType( 8787): No known package when getting name for resource number 0xffffffff
W/ResourceType( 8787): No known package when getting name for resource number 0xffffffff
W/ResourceType( 8787): No known package when getting name for resource number 0xffffffff
W/ResourceType( 8787): No known package when getting name for resource number 0xffffffff
W/ResourceType( 8787): No known package when getting name for resource number 0xffffffff
W/ResourceType( 8787): No known package when getting name for resource number 0xffffffff
W/ResourceType( 8787): No known package when getting name for resource number 0xffffffff
W/ResourceType( 8787): No known package when getting name for resource number 0xffffffff
W/ResourceType( 8787): No known package when getting name for resource number 0xffffffff
W/ResourceType( 8787): No known package when getting name for resource number 0xffffffff
W/ResourceType( 8787): No known package when getting name for resource number 0xffffffff
W/ResourceType( 8787): No known package when getting name for resource number 0xffffffff
W/ResourceType( 8787): No known package when getting name for resource number 0xffffffff
W/ResourceType( 8787): No known package when getting name for resource number 0xffffffff
W/ResourceType( 8787): No known package when getting name for resource number 0xffffffff
W/ResourceType( 8787): No known package when getting name for resource number 0xffffffff
W/ResourceType( 8787): No known package when getting name for resource number 0xffffffff
I/System.out( 8787): URI: /
I/System.out( 8787): params: {json={"command":"touch_coordinate","arguments":[797.0,604.0]}
I/System.out( 8787): }
I/System.out( 8787): header: {content-length=56, host=devicehost110.prod, x-session-token=token-token-8dc04474-07d9-4f44-9659-b820343c48b8, x-forwarded-for=10.222.150.24, content-type=application/json; charset=utf-8, connection=close}
I/System.out( 8787): params: {json={"command":"touch_coordinate","arguments":[797.0,604.0]}
I/System.out( 8787): }
I/System.out( 8787): ProP json = {"command":"touch_coordinate","arguments":[797.0,604.0]}
I/System.out( 8787): files: {}
I/System.out( 8787): command: {"command":"touch_coordinate","arguments":[797.0,604.0]}
I/InstrumentationBackend( 8787): Got command:'Command:'Line:null,touch_coordinate', arguments:'[797.0, 604.0]'
D/Mono    ( 8787): DllImport searching in: '__Internal' ('(null)').
D/Mono    ( 8787): Searching for 'java_interop_jnienv_call_nonvirtual_float_method_a'.
D/Mono    ( 8787): Probing 'java_interop_jnienv_call_nonvirtual_float_method_a'.
D/Mono    ( 8787): Found as 'java_interop_jnienv_call_nonvirtual_float_method_a'.
W/SubtypeSwitcher( 1229): Can't find emoji subtype
W/SubtypeSwitcher( 1229): No input method subtype found; returning dummy subtype: android.view.inputmethod.InputMethodSubtype@d78b2ed0
I/System.out( 8787): result:{"bonusInformation":[],"message":"","success":true}
I/System.out( 8787): URI: /
I/System.out( 8787): params: {json={"command":"keyboard_enter_text","arguments":["words"]}
I/System.out( 8787): }
I/System.out( 8787): header: {content-length=55, host=devicehost110.prod, x-session-token=token-token-8dc04474-07d9-4f44-9659-b820343c48b8, x-forwarded-for=10.222.150.24, content-type=application/json; charset=utf-8, connection=close}
I/System.out( 8787): params: {json={"command":"keyboard_enter_text","arguments":["words"]}
I/System.out( 8787): }
I/System.out( 8787): ProP json = {"command":"keyboard_enter_text","arguments":["words"]}
I/System.out( 8787): files: {}
I/System.out( 8787): command: {"command":"keyboard_enter_text","arguments":["words"]}
I/InstrumentationBackend( 8787): Got command:'Command:'Line:null,keyboard_enter_text', arguments:'[words]'
E/SpannableStringBuilder( 8787): SPAN_EXCLUSIVE_EXCLUSIVE spans cannot have a zero length
E/SpannableStringBuilder( 8787): SPAN_EXCLUSIVE_EXCLUSIVE spans cannot have a zero length
W/ViewPager( 1229): Requested offscreen page limit 0 too small; defaulting to 1
I/LatinIME( 1229): Starting input. Cursor position = 0,0
I/mono-stdout( 8787): uri is: https://api.careerbuilder.com/core/matrixsearch/searchapi/autocomplete/autocomplete/us_location?phrase=wor&DeveloperKey=WDHR8FC6P2JZ1Y61KLM5
I/mono-stdout( 8787): making api call to: /core/matrixsearch/searchapi/autocomplete/autocomplete/us_location?phrase=wor&DeveloperKey=WDHR8FC6P2JZ1Y61KLM5
I/mono-stdout( 8787): uri is: https://api.careerbuilder.com/core/matrixsearch/searchapi/autocomplete/autocomplete/us_location?phrase=word&DeveloperKey=WDHR8FC6P2JZ1Y61KLM5
I/mono-stdout( 8787): uri is: https://api.careerbuilder.com/core/matrixsearch/searchapi/autocomplete/autocomplete/us_location?phrase=wo&DeveloperKey=WDHR8FC6P2JZ1Y61KLM5
I/mono-stdout( 8787): uri is: https://api.careerbuilder.com/core/matrixsearch/searchapi/autocomplete/autocomplete/us_location?phrase=words&DeveloperKey=WDHR8FC6P2JZ1Y61KLM5
I/mono-stdout( 8787): making api call to: /core/matrixsearch/searchapi/autocomplete/autocomplete/us_location?phrase=wo&DeveloperKey=WDHR8FC6P2JZ1Y61KLM5
I/mono-stdout( 8787): making api call to: /core/matrixsearch/searchapi/autocomplete/autocomplete/us_location?phrase=words&DeveloperKey=WDHR8FC6P2JZ1Y61KLM5
E/SpannableStringBuilder( 8787): SPAN_EXCLUSIVE_EXCLUSIVE spans cannot have a zero length
E/SpannableStringBuilder( 8787): SPAN_EXCLUSIVE_EXCLUSIVE spans cannot have a zero length
I/mono-stdout( 8787): making api call to: /core/matrixsearch/searchapi/autocomplete/autocomplete/us_location?phrase=word&DeveloperKey=WDHR8FC6P2JZ1Y61KLM5
I/System.out( 8787): result:{"bonusInformation":[],"message":"","success":true}
D/OpenGLRenderer( 1229): Use EGL_SWAP_BEHAVIOR_PRESERVED: true
D/Atlas   ( 1229): Validating map...
I/Adreno  ( 1229): EGLInit: QTI Build: 01/29/15, 1bccc5d, I0ba6dce82d
I/OpenGLRenderer( 1229): Initialized EGL, version 1.4
D/OpenGLRenderer( 1229): Enabling debug mode 0
I/System.out( 8787): URI: /map
I/System.out( 8787): params: {json={"query":"* marked:'text1'","operation":{"method_name":"query","arguments":[]}}
I/System.out( 8787): }
E/RecyclerView( 8787): No adapter attached; skipping layout
W/ResourceType( 8787): No known package when getting name for resource number 0xffffffff
W/ResourceType( 8787): No known package when getting name for resource number 0xffffffff
W/ResourceType( 8787): No known package when getting name for resource number 0xffffffff
W/ResourceType( 8787): No known package when getting name for resource number 0xffffffff
W/ResourceType( 8787): No known package when getting name for resource number 0xffffffff
W/ResourceType( 8787): No known package when getting name for resource number 0xffffffff
W/ResourceType( 8787): No known package when getting name for resource number 0xffffffff
W/ResourceType( 8787): No known package when getting name for resource number 0xffffffff
W/ResourceType( 8787): No known package when getting name for resource number 0xffffffff
W/ResourceType( 8787): No known package when getting name for resource number 0xffffffff
W/ResourceType( 8787): No known package when getting name for resource number 0xffffffff
W/ResourceType( 8787): No known package when getting name for resource number 0xffffffff
W/ResourceType( 8787): No known package when getting name for resource number 0xffffffff
W/ResourceType( 8787): No known package when getting name for resource number 0xffffffff
W/ResourceType( 8787): No known package when getting name for resource number 0xffffffff
W/ResourceType( 8787): No known package when getting name for resource number 0xffffffff
I/mono-stdout( 8787): done making call to: /core/matrixsearch/searchapi/autocomplete/autocomplete/us_location?phrase=wor&DeveloperKey=WDHR8FC6P2JZ1Y61KLM5
W/ResourceType( 8787): No known package when getting name for resource number 0xffffffff
I/mono-stdout( 8787): done making call to: /core/matrixsearch/searchapi/autocomplete/autocomplete/us_location?phrase=wo&DeveloperKey=WDHR8FC6P2JZ1Y61KLM5
I/mono-stdout( 8787): done making call to: /core/matrixsearch/searchapi/autocomplete/autocomplete/us_location?phrase=words&DeveloperKey=WDHR8FC6P2JZ1Y61KLM5
W/ResourceType( 8787): No known package when getting name for resource number 0xffffffff
I/mono-stdout( 8787): done making call to: /core/matrixsearch/searchapi/autocomplete/autocomplete/us_location?phrase=word&DeveloperKey=WDHR8FC6P2JZ1Y61KLM5
W/ResourceType( 8787): No known package when getting name for resource number 0xffffffff
W/ResourceType( 8787): No known package when getting name for resource number 0xffffffff
W/ResourceType( 8787): No known package when getting name for resource number 0xffffffff
W/ResourceType( 8787): No known package when getting name for resource number 0xffffffff
W/ResourceType( 8787): No known package when getting name for resource number 0xffffffff
W/ResourceType( 8787): No known package when getting name for resource number 0xffffffff
W/ResourceType( 8787): No known package when getting name for resource number 0xffffffff
W/ResourceType( 8787): No known package when getting name for resource number 0xffffffff
W/ResourceType( 8787): No known package when getting name for resource number 0xffffffff
W/ResourceType( 8787): No known package when getting name for resource number 0xffffffff
W/ResourceType( 8787): No known package when getting name for resource number 0xffffffff
W/ResourceType( 8787): No known package when getting name for resource number 0xffffffff
W/ResourceType( 8787): No known package when getting name for resource number 0xffffffff
W/ResourceType( 8787): No known package when getting name for resource number 0xffffffff
W/ResourceType( 8787): No known package when getting name for resource number 0xffffffff
W/ResourceType( 8787): No known package when getting name for resource number 0xffffffff
W/ResourceType( 8787): No known package when getting name for resource number 0xffffffff
W/ResourceType( 8787): No known package when getting name for resource number 0xffffffff
W/ResourceType( 8787): No known package when getting name for resource number 0xffffffff
W/ResourceType( 8787): No known package when getting name for resource number 0xffffffff
W/ResourceType( 8787): No known package when getting name for resource number 0xffffffff
W/ResourceType( 8787): No known package when getting name for resource number 0xffffffff
W/ResourceType( 8787): No known package when getting name for resource number 0xffffffff
W/ResourceType( 8787): No known package when getting name for resource number 0xffffffff
W/ResourceType( 8787): No known package when getting name for resource number 0xffffffff
W/ResourceType( 8787): No known package when getting name for resource number 0xffffffff
W/ResourceType( 8787): No known package when getting name for resource number 0xffffffff
W/ResourceType( 8787): No known package when getting name for resource number 0xffffffff
W/ResourceType( 8787): No known package when getting name for resource number 0xffffffff
W/ResourceType( 8787): No known package when getting name for resource number 0xffffffff
W/ResourceType( 8787): No known package when getting name for resource number 0xffffffff
W/ResourceType( 8787): No known package when getting name for resource number 0xffffffff
W/ResourceType( 8787): No known package when getting name for resource number 0xffffffff
W/ResourceType( 8787): No known package when getting name for resource number 0xffffffff
W/ResourceType( 8787): No known package when getting name for resource number 0xffffffff
W/ResourceType( 8787): No known package when getting name for resource number 0xffffffff
W/ResourceType( 8787): No known package when getting name for resource number 0xffffffff
W/ResourceType( 8787): No known package when getting name for resource number 0xffffffff
W/ResourceType( 8787): No known package when getting name for resource number 0xffffffff
W/ResourceType( 8787): No known package when getting name for resource number 0xffffffff
W/ResourceType( 8787): No known package when getting name for resource number 0xffffffff
W/ResourceType( 8787): No known package when getting name for resource number 0xffffffff
W/ResourceType( 8787): No known package when getting name for resource number 0xffffffff
W/ResourceType( 8787): No known package when getting name for resource number 0xffffffff
W/ResourceType( 8787): No known package when getting name for resource number 0xffffffff
W/ResourceType( 8787): No known package when getting name for resource number 0xffffffff
I/Choreographer( 8787): Skipped 33 frames!  The application may be doing too much work on its main thread.
I/ThermalEngine(  366): ACTION: GPU - Setting GPU[0] to 389000000
I/ThermalEngine(  366): Mitigation:GPU[0]:389000000 Hz
I/ThermalEngine(  366): ACTION: CPU - Setting CPU[0] to 1958400
I/ThermalEngine(  366): ACTION: CPU - Setting CPU[1] to 1958400
I/ThermalEngine(  366): ACTION: CPU - Setting CPU[2] to 1958400
I/ThermalEngine(  366): ACTION: CPU - Setting CPU[3] to 1958400
I/System.out( 8787): URI: /map
I/System.out( 8787): params: {json={"query":"* marked:'text1'","operation":{"method_name":"query","arguments":[]}}
I/System.out( 8787): }
W/ResourceType( 8787): No known package when getting name for resource number 0xffffffff
W/ResourceType( 8787): No known package when getting name for resource number 0xffffffff
W/ResourceType( 8787): No known package when getting name for resource number 0xffffffff
W/ResourceType( 8787): No known package when getting name for resource number 0xffffffff
W/ResourceType( 8787): No known package when getting name for resource number 0xffffffff
W/ResourceType( 8787): No known package when getting name for resource number 0xffffffff
W/ResourceType( 8787): No known package when getting name for resource number 0xffffffff
W/ResourceType( 8787): No known package when getting name for resource number 0xffffffff
W/ResourceType( 8787): No known package when getting name for resource number 0xffffffff
W/ResourceType( 8787): No known package when getting name for resource number 0xffffffff
W/ResourceType( 8787): No known package when getting name for resource number 0xffffffff
W/ResourceType( 8787): No known package when getting name for resource number 0xffffffff
W/ResourceType( 8787): No known package when getting name for resource number 0xffffffff
W/ResourceType( 8787): No known package when getting name for resource number 0xffffffff
W/ResourceType( 8787): No known package when getting name for resource number 0xffffffff
W/ResourceType( 8787): No known package when getting name for resource number 0xffffffff
W/ResourceType( 8787): No known package when getting name for resource number 0xffffffff
W/ResourceType( 8787): No known package when getting name for resource number 0xffffffff
W/ResourceType( 8787): No known package when getting name for resource number 0xffffffff
W/ResourceType( 8787): No known package when getting name for resource number 0xffffffff
W/ResourceType( 8787): No known package when getting name for resource number 0xffffffff
W/ResourceType( 8787): No known package when getting name for resource number 0xffffffff
W/ResourceType( 8787): No known package when getting name for resource number 0xffffffff
W/ResourceType( 8787): No known package when getting name for resource number 0xffffffff
W/ResourceType( 8787): No known package when getting name for resource number 0xffffffff
W/ResourceType( 8787): No known package when getting name for resource number 0xffffffff
W/ResourceType( 8787): No known package when getting name for resource number 0xffffffff
W/ResourceType( 8787): No known package when getting name for resource number 0xffffffff
W/ResourceType( 8787): No known package when getting name for resource number 0xffffffff
W/ResourceType( 8787): No known package when getting name for resource number 0xffffffff
W/ResourceType( 8787): No known package when getting name for resource number 0xffffffff
W/ResourceType( 8787): No known package when getting name for resource number 0xffffffff
W/ResourceType( 8787): No known package when getting name for resource number 0xffffffff
W/ResourceType( 8787): No known package when getting name for resource number 0xffffffff
W/ResourceType( 8787): No known package when getting name for resource number 0xffffffff
W/ResourceType( 8787): No known package when getting name for resource number 0xffffffff
W/ResourceType( 8787): No known package when getting name for resource number 0xffffffff
W/ResourceType( 8787): No known package when getting name for resource number 0xffffffff
W/ResourceType( 8787): No known package when getting name for resource number 0xffffffff
W/ResourceType( 8787): No known package when getting name for resource number 0xffffffff
W/ResourceType( 8787): No known package when getting name for resource number 0xffffffff
W/ResourceType( 8787): No known package when getting name for resource number 0xffffffff
W/ResourceType( 8787): No known package when getting name for resource number 0xffffffff
W/ResourceType( 8787): No known package when getting name for resource number 0xffffffff
W/ResourceType( 8787): No known package when getting name for resource number 0xffffffff
W/ResourceType( 8787): No known package when getting name for resource number 0xffffffff
W/ResourceType( 8787): No known package when getting name for resource number 0xffffffff
W/ResourceType( 8787): No known package when getting name for resource number 0xffffffff
W/ResourceType( 8787): No known package when getting name for resource number 0xffffffff
W/ResourceType( 8787): No known package when getting name for resource number 0xffffffff
W/ResourceType( 8787): No known package when getting name for resource number 0xffffffff
W/ResourceType( 8787): No known package when getting name for resource number 0xffffffff
W/ResourceType( 8787): No known package when getting name for resource number 0xffffffff
W/ResourceType( 8787): No known package when getting name for resource number 0xffffffff
W/ResourceType( 8787): No known package when getting name for resource number 0xffffffff
W/ResourceType( 8787): No known package when getting name for resource number 0xffffffff
W/ResourceType( 8787): No known package when getting name for resource number 0xffffffff
W/ResourceType( 8787): No known package when getting name for resource number 0xffffffff
W/ResourceType( 8787): No known package when getting name for resource number 0xffffffff
W/ResourceType( 8787): No known package when getting name for resource number 0xffffffff
W/ResourceType( 8787): No known package when getting name for resource number 0xffffffff
W/ResourceType( 8787): No known package when getting name for resource number 0xffffffff
W/ResourceType( 8787): No known package when getting name for resource number 0xffffffff
W/ResourceType( 8787): No known package when getting name for resource number 0xffffffff
I/System.out( 8787): URI: /map
I/System.out( 8787): params: {json={"query":"* marked:'text1'","operation":{"method_name":"query","arguments":[]}}
I/System.out( 8787): }
W/ResourceType( 8787): No known package when getting name for resource number 0xffffffff
W/ResourceType( 8787): No known package when getting name for resource number 0xffffffff
W/ResourceType( 8787): No known package when getting name for resource number 0xffffffff
W/ResourceType( 8787): No known package when getting name for resource number 0xffffffff
W/ResourceType( 8787): No known package when getting name for resource number 0xffffffff
W/ResourceType( 8787): No known package when getting name for resource number 0xffffffff
W/ResourceType( 8787): No known package when getting name for resource number 0xffffffff
W/ResourceType( 8787): No known package when getting name for resource number 0xffffffff
W/ResourceType( 8787): No known package when getting name for resource number 0xffffffff
W/ResourceType( 8787): No known package when getting name for resource number 0xffffffff
W/ResourceType( 8787): No known package when getting name for resource number 0xffffffff
W/ResourceType( 8787): No known package when getting name for resource number 0xffffffff
W/ResourceType( 8787): No known package when getting name for resource number 0xffffffff
W/ResourceType( 8787): No known package when getting name for resource number 0xffffffff
W/ResourceType( 8787): No known package when getting name for resource number 0xffffffff
W/ResourceType( 8787): No known package when getting name for resource number 0xffffffff
W/ResourceType( 8787): No known package when getting name for resource number 0xffffffff
W/ResourceType( 8787): No known package when getting name for resource number 0xffffffff
W/ResourceType( 8787): No known package when getting name for resource number 0xffffffff
W/ResourceType( 8787): No known package when getting name for resource number 0xffffffff
W/ResourceType( 8787): No known package when getting name for resource number 0xffffffff
W/ResourceType( 8787): No known package when getting name for resource number 0xffffffff
W/ResourceType( 8787): No known package when getting name for resource number 0xffffffff
W/ResourceType( 8787): No known package when getting name for resource number 0xffffffff
W/ResourceType( 8787): No known package when getting name for resource number 0xffffffff
W/ResourceType( 8787): No known package when getting name for resource number 0xffffffff
W/ResourceType( 8787): No known package when getting name for resource number 0xffffffff
W/ResourceType( 8787): No known package when getting name for resource number 0xffffffff
W/ResourceType( 8787): No known package when getting name for resource number 0xffffffff
W/ResourceType( 8787): No known package when getting name for resource number 0xffffffff
W/ResourceType( 8787): No known package when getting name for resource number 0xffffffff
W/ResourceType( 8787): No known package when getting name for resource number 0xffffffff
W/ResourceType( 8787): No known package when getting name for resource number 0xffffffff
W/ResourceType( 8787): No known package when getting name for resource number 0xffffffff
W/ResourceType( 8787): No known package when getting name for resource number 0xffffffff
W/ResourceType( 8787): No known package when getting name for resource number 0xffffffff
W/ResourceType( 8787): No known package when getting name for resource number 0xffffffff
W/ResourceType( 8787): No known package when getting name for resource number 0xffffffff
W/ResourceType( 8787): No known package when getting name for resource number 0xffffffff
W/ResourceType( 8787): No known package when getting name for resource number 0xffffffff
W/ResourceType( 8787): No known package when getting name for resource number 0xffffffff
W/ResourceType( 8787): No known package when getting name for resource number 0xffffffff
W/ResourceType( 8787): No known package when getting name for resource number 0xffffffff
W/ResourceType( 8787): No known package when getting name for resource number 0xffffffff
W/ResourceType( 8787): No known package when getting name for resource number 0xffffffff
W/ResourceType( 8787): No known package when getting name for resource number 0xffffffff
W/ResourceType( 8787): No known package when getting name for resource number 0xffffffff
W/ResourceType( 8787): No known package when getting name for resource number 0xffffffff
W/ResourceType( 8787): No known package when getting name for resource number 0xffffffff
W/ResourceType( 8787): No known package when getting name for resource number 0xffffffff
W/ResourceType( 8787): No known package when getting name for resource number 0xffffffff
W/ResourceType( 8787): No known package when getting name for resource number 0xffffffff
W/ResourceType( 8787): No known package when getting name for resource number 0xffffffff
W/ResourceType( 8787): No known package when getting name for resource number 0xffffffff
W/ResourceType( 8787): No known package when getting name for resource number 0xffffffff
W/ResourceType( 8787): No known package when getting name for resource number 0xffffffff
W/ResourceType( 8787): No known package when getting name for resource number 0xffffffff
W/ResourceType( 8787): No known package when getting name for resource number 0xffffffff
W/ResourceType( 8787): No known package when getting name for resource number 0xffffffff
W/ResourceType( 8787): No known package when getting name for resource number 0xffffffff
W/ResourceType( 8787): No known package when getting name for resource number 0xffffffff
W/ResourceType( 8787): No known package when getting name for resource number 0xffffffff
W/ResourceType( 8787): No known package when getting name for resource number 0xffffffff
W/ResourceType( 8787): No known package when getting name for resource number 0xffffffff
I/art     ( 8787): Explicit concurrent mark sweep GC freed 269547(10MB) AllocSpace objects, 19(304KB) LOS objects, 26% free, 44MB/60MB, paused 1.329ms total 57.953ms
I/art     ( 8787): Explicit concurrent mark sweep GC freed 364(15KB) AllocSpace objects, 0(0B) LOS objects, 26% free, 44MB/60MB, paused 1.401ms total 30.583ms
I/art     ( 8787): Explicit concurrent mark sweep GC freed 18(1216B) AllocSpace objects, 0(0B) LOS objects, 26% free, 44MB/60MB, paused 1.842ms total 38.388ms
I/art     ( 8787): Explicit concurrent mark sweep GC freed 19(1216B) AllocSpace objects, 0(0B) LOS objects, 26% free, 44MB/60MB, paused 1.551ms total 30.689ms
I/art     ( 8787): Explicit concurrent mark sweep GC freed 17(1152B) AllocSpace objects, 0(0B) LOS objects, 26% free, 44MB/60MB, paused 2.075ms total 34.784ms
I/ThermalEngine(  366): ACTION: GPU - Setting GPU[0] to 300000000
I/ThermalEngine(  366): Mitigation:GPU[0]:300000000 Hz
I/ThermalEngine(  366): ACTION: CPU - Setting CPU[0] to 1728000
I/ThermalEngine(  366): ACTION: CPU - Setting CPU[1] to 1728000
I/ThermalEngine(  366): ACTION: CPU - Setting CPU[2] to 1728000
I/ThermalEngine(  366): ACTION: CPU - Setting CPU[3] to 1728000
I/System.out( 8787): URI: /
I/System.out( 8787): params: {json={"command":"touch_coordinate","arguments":[720.0,837.0]}
I/System.out( 8787): }
I/System.out( 8787): header: {content-length=56, host=devicehost110.prod, x-session-token=token-token-8dc04474-07d9-4f44-9659-b820343c48b8, x-forwarded-for=10.222.150.24, content-type=application/json; charset=utf-8, connection=close}
I/System.out( 8787): params: {json={"command":"touch_coordinate","arguments":[720.0,837.0]}
I/System.out( 8787): }
I/System.out( 8787): ProP json = {"command":"touch_coordinate","arguments":[720.0,837.0]}
I/System.out( 8787): files: {}
I/System.out( 8787): command: {"command":"touch_coordinate","arguments":[720.0,837.0]}
I/InstrumentationBackend( 8787): Got command:'Command:'Line:null,touch_coordinate', arguments:'[720.0, 837.0]'
I/LatinIME( 1229): Starting input. Cursor position = 5,5
D/audio_hw_primary(  358): out_set_parameters: enter: usecase(1: low-latency-playback) kvpairs: routing=2
I/mono-stdout( 8787): uri is: https://api.careerbuilder.com/core/matrixsearch/searchapi/autocomplete/autocomplete/us_location?phrase=phrase1&DeveloperKey=WDHR8FC6P2JZ1Y61KLM5
I/mono-stdout( 8787): making api call to: /core/matrixsearch/searchapi/autocomplete/autocomplete/us_location?phrase=phrase1&DeveloperKey=WDHR8FC6P2JZ1Y61KLM5
D/audio_hw_primary(  358): select_devices: out_snd_device(2: speaker) in_snd_device(0: none)
D/msm8974_platform(  358): platform_send_audio_calibration: sending audio calibration for snd_device(2) acdb_id(15)
E/ACDB-LOADER(  358): Error: ACDB AFE returned = -19
D/audio_hw_primary(  358): enable_snd_device: snd_device(2: speaker)
D/audio_hw_primary(  358): enable_audio_route: apply and update mixer path: low-latency-playback speaker
I/System.out( 8787): result:{"bonusInformation":[],"message":"","success":true}
I/System.out( 8787): URI: /map
I/System.out( 8787): params: {json={"query":"* marked:'locationQueryField'","operation":{"method_name":"query","arguments":[]}}
I/System.out( 8787): }
W/ResourceType( 8787): No known package when getting name for resource number 0xffffffff
W/ResourceType( 8787): No known package when getting name for resource number 0xffffffff
W/ResourceType( 8787): No known package when getting name for resource number 0xffffffff
W/ResourceType( 8787): No known package when getting name for resource number 0xffffffff
W/ResourceType( 8787): No known package when getting name for resource number 0xffffffff
W/ResourceType( 8787): No known package when getting name for resource number 0xffffffff
W/ResourceType( 8787): No known package when getting name for resource number 0xffffffff
W/ResourceType( 8787): No known package when getting name for resource number 0xffffffff
W/ResourceType( 8787): No known package when getting name for resource number 0xffffffff
W/ResourceType( 8787): No known package when getting name for resource number 0xffffffff
W/ResourceType( 8787): No known package when getting name for resource number 0xffffffff
W/ResourceType( 8787): No known package when getting name for resource number 0xffffffff
W/ResourceType( 8787): No known package when getting name for resource number 0xffffffff
W/ResourceType( 8787): No known package when getting name for resource number 0xffffffff
W/ResourceType( 8787): No known package when getting name for resource number 0xffffffff
W/ResourceType( 8787): No known package when getting name for resource number 0xffffffff
W/ResourceType( 8787): No known package when getting name for resource number 0xffffffff
W/ResourceType( 8787): No known package when getting name for resource number 0xffffffff
W/ResourceType( 8787): No known package when getting name for resource number 0xffffffff
W/ResourceType( 8787): No known package when getting name for resource number 0xffffffff
W/ResourceType( 8787): No known package when getting name for resource number 0xffffffff
W/ResourceType( 8787): No known package when getting name for resource number 0xffffffff
W/ResourceType( 8787): No known package when getting name for resource number 0xffffffff
W/ResourceType( 8787): No known package when getting name for resource number 0xffffffff
W/ResourceType( 8787): No known package when getting name for resource number 0xffffffff
I/mono-stdout( 8787): done making call to: /core/matrixsearch/searchapi/autocomplete/autocomplete/us_location?phrase=phrase1&DeveloperKey=WDHR8FC6P2JZ1Y61KLM5
W/ResourceType( 8787): No known package when getting name for resource number 0xffffffff
W/ResourceType( 8787): No known package when getting name for resource number 0xffffffff
W/ResourceType( 8787): No known package when getting name for resource number 0xffffffff
W/ResourceType( 8787): No known package when getting name for resource number 0xffffffff
W/ResourceType( 8787): No known package when getting name for resource number 0xffffffff
W/ResourceType( 8787): No known package when getting name for resource number 0xffffffff
W/ResourceType( 8787): No known package when getting name for resource number 0xffffffff
W/ResourceType( 8787): No known package when getting name for resource number 0xffffffff
W/ResourceType( 8787): No known package when getting name for resource number 0xffffffff
W/ResourceType( 8787): No known package when getting name for resource number 0xffffffff
W/ResourceType( 8787): No known package when getting name for resource number 0xffffffff
W/ResourceType( 8787): No known package when getting name for resource number 0xffffffff
W/ResourceType( 8787): No known package when getting name for resource number 0xffffffff
W/ResourceType( 8787): No known package when getting name for resource number 0xffffffff
W/ResourceType( 8787): No known package when getting name for resource number 0xffffffff
W/ResourceType( 8787): No known package when getting name for resource number 0xffffffff
W/ResourceType( 8787): No known package when getting name for resource number 0xffffffff
W/ResourceType( 8787): No known package when getting name for resource number 0xffffffff
W/ResourceType( 8787): No known package when getting name for resource number 0xffffffff
W/ResourceType( 8787): No known package when getting name for resource number 0xffffffff
W/ResourceType( 8787): No known package when getting name for resource number 0xffffffff
W/ResourceType( 8787): No known package when getting name for resource number 0xffffffff
W/ResourceType( 8787): No known package when getting name for resource number 0xffffffff
W/ResourceType( 8787): No known package when getting name for resource number 0xffffffff
W/ResourceType( 8787): No known package when getting name for resource number 0xffffffff
W/ResourceType( 8787): No known package when getting name for resource number 0xffffffff
W/ResourceType( 8787): No known package when getting name for resource number 0xffffffff
W/ResourceType( 8787): No known package when getting name for resource number 0xffffffff
W/ResourceType( 8787): No known package when getting name for resource number 0xffffffff
W/ResourceType( 8787): No known package when getting name for resource number 0xffffffff
W/ResourceType( 8787): No known package when getting name for resource number 0xffffffff
W/ResourceType( 8787): No known package when getting name for resource number 0xffffffff
W/ResourceType( 8787): No known package when getting name for resource number 0xffffffff
W/ResourceType( 8787): No known package when getting name for resource number 0xffffffff
W/ResourceType( 8787): No known package when getting name for resource number 0xffffffff
W/ResourceType( 8787): No known package when getting name for resource number 0xffffffff
W/ResourceType( 8787): No known package when getting name for resource number 0xffffffff
W/ResourceType( 8787): No known package when getting name for resource number 0xffffffff
W/ResourceType( 8787): No known package when getting name for resource number 0xffffffff
I/ThermalEngine(  366): ACTION: CPU - Setting CPU[0] to 1574400
I/ThermalEngine(  366): ACTION: CPU - Setting CPU[1] to 1574400
I/ThermalEngine(  366): ACTION: CPU - Setting CPU[2] to 1574400
I/ThermalEngine(  366): ACTION: CPU - Setting CPU[3] to 1574400
E/WifiStateMachine(  816): WifiStateMachine CMD_START_SCAN source -2 txSuccessRate=4.43 rxSuccessRate=2.69 targetRoamBSSID=any RSSI=-52
E/WifiStateMachine(  816): WifiStateMachine starting scan for "xtc-ag"WPA_PSK with 5240,2437,5180
D/audio_hw_primary(  358): disable_audio_route: reset and update mixer path: low-latency-playback speaker
D/audio_hw_primary(  358): disable_snd_device: snd_device(2: speaker)
I/art     ( 8787): Explicit concurrent mark sweep GC freed 83338(3MB) AllocSpace objects, 7(112KB) LOS objects, 26% free, 44MB/60MB, paused 2.273ms total 70.649ms
I/art     ( 8787): Explicit concurrent mark sweep GC freed 137(6KB) AllocSpace objects, 0(0B) LOS objects, 26% free, 44MB/60MB, paused 2.633ms total 55.779ms
I/art     ( 8787): Explicit concurrent mark sweep GC freed 45(3KB) AllocSpace objects, 0(0B) LOS objects, 26% free, 44MB/60MB, paused 2.365ms total 74.838ms
I/art     ( 8787): Explicit concurrent mark sweep GC freed 31(2208B) AllocSpace objects, 0(0B) LOS objects, 26% free, 44MB/60MB, paused 2.240ms total 55.679ms
I/art     ( 8787): Explicit concurrent mark sweep GC freed 32(2272B) AllocSpace objects, 0(0B) LOS objects, 26% free, 44MB/60MB, paused 1.575ms total 35.911ms
I/ThermalEngine(  366): ACTION: GPU - Setting GPU[0] to 389000000
I/ThermalEngine(  366): Mitigation:GPU[0]:389000000 Hz
I/ThermalEngine(  366): ACTION: CPU - Setting CPU[0] to 1728000
I/ThermalEngine(  366): ACTION: CPU - Setting CPU[1] to 1728000
I/ThermalEngine(  366): ACTION: CPU - Setting CPU[2] to 1728000
I/ThermalEngine(  366): ACTION: CPU - Setting CPU[3] to 1728000
I/ThermalEngine(  366): ACTION: GPU - Setting GPU[0] to 500000000
I/ThermalEngine(  366): Mitigation:GPU[0]:500000000 Hz

]]><xtc-duration value="143.5783947"/></xtc-step><!-- name: "undefined", id: "undefined" --><![CDATA[
I/ThermalEngine(  366): ACTION: CPU - Setting CPU[0] to 1958400
I/ThermalEngine(  366): ACTION: CPU - Setting CPU[1] to 1958400
I/ThermalEngine(  366): ACTION: CPU - Setting CPU[2] to 1958400
I/ThermalEngine(  366): ACTION: CPU - Setting CPU[3] to 1958400

]]><xtc-step name="[0-1071]CareerBuilder_Search.DroidFeatureTests.SearchDialogueTests.LocationGetAutoComplete-0-NA-FinalScreenShot" id="[0-1071]CareerBuilder_Search.DroidFeatureTests.SearchDialogueTests.LocationGetAutoComplete-0-NA-FinalScreenShot"><![CDATA[
I/art     ( 8787): Explicit concurrent mark sweep GC freed 2634(177KB) AllocSpace objects, 1(16KB) LOS objects, 26% free, 44MB/60MB, paused 1.475ms total 40.212ms
I/art     ( 8787): Explicit concurrent mark sweep GC freed 54(2408B) AllocSpace objects, 0(0B) LOS objects, 26% free, 44MB/60MB, paused 1.462ms total 29.269ms
I/art     ( 8787): Explicit concurrent mark sweep GC freed 17(1152B) AllocSpace objects, 0(0B) LOS objects, 26% free, 44MB/60MB, paused 1.190ms total 30.390ms
I/art     ( 8787): Explicit concurrent mark sweep GC freed 32(2272B) AllocSpace objects, 0(0B) LOS objects, 26% free, 44MB/60MB, paused 1.085ms total 34.332ms
I/art     ( 8787): Explicit concurrent mark sweep GC freed 19(1216B) AllocSpace objects, 0(0B) LOS objects, 26% free, 44MB/60MB, paused 1.305ms total 31.583ms

]]><xtc-duration value="1.2600277"/></xtc-step><!-- name: "undefined", id: "undefined" --><![CDATA[
I/ThermalEngine(  366): ACTION: GPU - Setting GPU[0] to 600000000
I/ThermalEngine(  366): Mitigation:GPU[0]:600000000 Hz
I/ThermalEngine(  366): ACTION: CPU - Setting CPU[0] to 2265600
I/ThermalEngine(  366): ACTION: CPU - Setting CPU[1] to 2265600
I/ThermalEngine(  366): ACTION: CPU - Setting CPU[2] to 2265600
I/ThermalEngine(  366): ACTION: CPU - Setting CPU[3] to 2265600

]]><xtc-duration value="151.17569799999998" skip="false"/></xtc-scenario><!-- name: "undefined", id: "undefined" --><![CDATA[
I/ThermalEngine(  366): ACTION: CPU - Setting CPU[0] to 2457600
I/ThermalEngine(  366): ACTION: CPU - Setting CPU[1] to 2457600
I/ThermalEngine(  366): ACTION: CPU - Setting CPU[2] to 2457600
I/ThermalEngine(  366): ACTION: CPU - Setting CPU[3] to 2457600
I/art     ( 8787): Explicit concurrent mark sweep GC freed 2648(178KB) AllocSpace objects, 1(16KB) LOS objects, 26% free, 44MB/60MB, paused 1.780ms total 63.049ms
I/art     ( 8787): Explicit concurrent mark sweep GC freed 54(2408B) AllocSpace objects, 0(0B) LOS objects, 26% free, 44MB/60MB, paused 1.431ms total 27.426ms
I/art     ( 8787): Explicit concurrent mark sweep GC freed 18(1216B) AllocSpace objects, 0(0B) LOS objects, 26% free, 44MB/60MB, paused 1.263ms total 29.355ms
