D/Mono    ( 8393): Config attempting to parse: '/Users/builder/data/lanes/4009/f3074d2c/source/monodroid/builds/install/mono-armv6/etc/mono/assemblies/System.Runtime/System.Runtime.config'.
D/Mono    ( 8393): Assembly Ref addref System.Reactive.Interfaces[0xb4b731c0] -> System.Runtime[0xb4b73580]: 8
D/Mono    ( 8393): Assembly Ref addref Akavache[0xb4ae86a0] -> System.Reactive.Linq[0xb4b73220]: 2
D/Mono    ( 8393): Unloading image System.Runtime.dll [0x9a27f200].
D/Mono    ( 8393): Image addref System.Runtime[0x9a25fe20] -> System.Runtime.dll[0xb4b75f00]: 11
D/Mono    ( 8393): Config attempting to parse: 'System.Runtime.dll.config'.
D/Mono    ( 8393): Config attempting to parse: '/Users/builder/data/lanes/4009/f3074d2c/source/monodroid/builds/install/mono-armv6/etc/mono/assemblies/System.Runtime/System.Runtime.config'.
D/Mono    ( 8393): Assembly Ref addref System.Reactive.Linq[0xb4b73220] -> System.Runtime[0xb4b73580]: 9
D/Mono    ( 8393): Assembly Ref addref System.Reactive.Linq[0xb4b73220] -> System.Reactive.Interfaces[0xb4b731c0]: 4
D/Mono    ( 8393): Unloading image System.Threading.Tasks.dll [0x9a27f700].
D/Mono    ( 8393): Image addref System.Threading.Tasks[0x9a25fe20] -> System.Threading.Tasks.dll[0x9a135c00]: 5
D/Mono    ( 8393): Config attempting to parse: 'System.Threading.Tasks.dll.config'.
D/Mono    ( 8393): Config attempting to parse: '/Users/builder/data/lanes/4009/f3074d2c/source/monodroid/builds/install/mono-armv6/etc/mono/assemblies/System.Threading.Tasks/System.Threading.Tasks.config'.
D/Mono    ( 8393): Assembly Ref addref System.Reactive.Linq[0xb4b73220] -> System.Threading.Tasks[0x9a19b340]: 3
D/Mono    ( 8393): Assembly Ref addref Splat[0xb4ae8760] -> Mono.Android[0xb4b734c0]: 21
D/Mono    ( 8393): Assembly Ref addref Splat[0xb4ae8760] -> System.Core[0xb4b73ac0]: 9
D/Mono    ( 8393): Assembly Ref addref Akavache[0xb4ae86a0] -> Mono.Android[0xb4b734c0]: 22
I/art     ( 1742): Explicit concurrent mark sweep GC freed 64254(3MB) AllocSpace objects, 19(327KB) LOS objects, 34% free, 31MB/47MB, paused 1.159ms total 49.702ms
I/AppsFlyer_3.01( 8393): AppsFlyer: first launch date: 2017-03-15_0704+0100
I/System.out( 8393): AppsFlyerLib.sendTrackingWithEvent
D/Mono    ( 8393): Assembly Loader probing location: '/Akavache.Mac.dll'.
D/Mono    ( 8393): Assembly Loader probing location: '/Users/builder/data/lanes/4009/f3074d2c/source/monodroid/builds/install/mono-armv6/lib/Akavache.Mac.dll'.
D/Mono    ( 8393): Assembly Loader probing location: '/Akavache.Mac.exe'.
D/Mono    ( 8393): Assembly Loader probing location: '/Users/builder/data/lanes/4009/f3074d2c/source/monodroid/builds/install/mono-armv6/lib/Akavache.Mac.exe'.
I/AppsFlyer_3.01-601076998( 8393): url: https://t.appsflyer.com/api/v3/androidevent?buildnumber=3.01&app_id=com.careerbuilder.SugarDrone
I/AppsFlyer_( 8393): data: device=shamu&firstLaunchDate=2017-03-15_0704%2B0100&installDate=2017-03-15_0703%2B0100&sdk=22&carrier=&date1=2017-03-15_0703%2B0100&af_preinstalled=false&advertiserIdEnabled=true&iaecounter=0&lang_code=en&appsflyerKey=WV****************HFK5&app_version_name=3.1.7&lang=English&timepassedsincelastlaunch=0&dkh=WVGo7sxf&android_id=c7aedcc39ee45e5c&advertiserId=cc4744b3-cdfd-409b-98cd-64a99bb095ca&deviceType=user&af_v=69f03bf43ace33336cdefee165de5aba7af3fccd&app_version_code=30011&platformextension=android_native&network=WIFI&operator=Telenor+DK&country=US&date2=2017-03-15_0703%2B0100&brand=google&af_timestamp=1489601076998&uid=1489601039725-1365653554688683273&isFirstCall=true&counter=2&model=Nexus+6&product=shamu
D/Mono    ( 8393): Assembly Loader probing location: '/Akavache.Deprecated.dll'.
D/Mono    ( 8393): Assembly Loader probing location: '/Users/builder/data/lanes/4009/f3074d2c/source/monodroid/builds/install/mono-armv6/lib/Akavache.Deprecated.dll'.
D/Mono    ( 8393): Assembly Loader probing location: '/Akavache.Deprecated.exe'.
D/Mono    ( 8393): Assembly Loader probing location: '/Users/builder/data/lanes/4009/f3074d2c/source/monodroid/builds/install/mono-armv6/lib/Akavache.Deprecated.exe'.
D/Mono    ( 8393): Assembly Loader probing location: '/Akavache.Mobile.dll'.
D/Mono    ( 8393): Assembly Loader probing location: '/Users/builder/data/lanes/4009/f3074d2c/source/monodroid/builds/install/mono-armv6/lib/Akavache.Mobile.dll'.
D/Mono    ( 8393): Assembly Loader probing location: '/Akavache.Mobile.exe'.
D/Mono    ( 8393): Assembly Loader probing location: '/Users/builder/data/lanes/4009/f3074d2c/source/monodroid/builds/install/mono-armv6/lib/Akavache.Mobile.exe'.
D/Mono    ( 8393): Unloading image System.Runtime.dll [0x9a27fc00].
D/Mono    ( 8393): Image addref System.Runtime[0x9a25fe80] -> System.Runtime.dll[0xb4b75f00]: 12
D/Mono    ( 8393): Config attempting to parse: 'System.Runtime.dll.config'.
D/Mono    ( 8393): Config attempting to parse: '/Users/builder/data/lanes/4009/f3074d2c/source/monodroid/builds/install/mono-armv6/etc/mono/assemblies/System.Runtime/System.Runtime.config'.
D/Mono    ( 8393): Assembly Ref addref Akavache.Sqlite3[0xb4ae8700] -> System.Runtime[0xb4b73580]: 10
D/Mono    ( 8393): Assembly Ref addref Akavache.Sqlite3[0xb4ae8700] -> Akavache[0xb4ae86a0]: 3
D/Mono    ( 8393): Unloading image Splat.dll [0x9a27fc00].
D/Mono    ( 8393): Image addref Splat[0x9a25fe80] -> Splat.dll[0xb4841b00]: 6
D/Mono    ( 8393): Config attempting to parse: 'Splat.dll.config'.
D/Mono    ( 8393): Config attempting to parse: '/Users/builder/data/lanes/4009/f3074d2c/source/monodroid/builds/install/mono-armv6/etc/mono/assemblies/Splat/Splat.config'.
D/Mono    ( 8393): Assembly Ref addref Akavache.Sqlite3[0xb4ae8700] -> Splat[0xb4ae8760]: 3
D/Mono    ( 8393): Assembly Ref addref System.Reactive.Core[0xb4b73160] -> System.Resources.ResourceManager[0x9bc979a0]: 3
D/Mono    ( 8393): Unloading image System.Collections.dll [0x9a280100].
D/Mono    ( 8393): Image addref System.Collections[0x9a25fe80] -> System.Collections.dll[0xb4b78c00]: 7
D/Mono    ( 8393): Config attempting to parse: 'System.Collections.dll.config'.
D/Mono    ( 8393): Config attempting to parse: '/Users/builder/data/lanes/4009/f3074d2c/source/monodroid/builds/install/mono-armv6/etc/mono/assemblies/System.Collections/System.Collections.config'.
D/Mono    ( 8393): Assembly Ref addref System.Reactive.Core[0xb4b73160] -> System.Collections[0xb4b73820]: 5
D/Mono    ( 8393): Assembly Ref addref System.Collections[0xb4b73820] -> System.Core[0xb4b73ac0]: 10
D/Mono    ( 8393): Unloading image System.Threading.dll [0x9a280100].
D/Mono    ( 8393): Image addref System.Threading[0x97ea43a0] -> System.Threading.dll[0xb4b77800]: 7
D/Mono    ( 8393): Config attempting to parse: 'System.Threading.dll.config'.
D/Mono    ( 8393): Config attempting to parse: '/Users/builder/data/lanes/4009/f3074d2c/source/monodroid/builds/install/mono-armv6/etc/mono/assemblies/System.Threading/System.Threading.config'.
D/Mono    ( 8393): Assembly Ref addref System.Reactive.Core[0xb4b73160] -> System.Threading[0xb4b736a0]: 5
D/Mono    ( 8393): Unloading image System.Reflection.dll [0x9a280100].
D/Mono    ( 8393): Image addref System.Reflection[0x97ea4460] -> System.Reflection.dll[0xb4b77300]: 6
D/Mono    ( 8393): Config attempting to parse: 'System.Reflection.dll.config'.
D/Mono    ( 8393): Config attempting to parse: '/Users/builder/data/lanes/4009/f3074d2c/source/monodroid/builds/install/mono-armv6/etc/mono/assemblies/System.Reflection/System.Reflection.config'.
D/Mono    ( 8393): Assembly Ref addref System.Reactive.Core[0xb4b73160] -> System.Reflection[0xb4b73640]: 4
D/Mono    ( 8393): Unloading image System.Runtime.dll [0x9a280100].
D/Mono    ( 8393): Image addref System.Runtime[0x97ea43a0] -> System.Runtime.dll[0xb4b75f00]: 13
D/Mono    ( 8393): Config attempting to parse: 'System.Runtime.dll.config'.
D/Mono    ( 8393): Config attempting to parse: '/Users/builder/data/lanes/4009/f3074d2c/source/monodroid/builds/install/mono-armv6/etc/mono/assemblies/System.Runtime/System.Runtime.config'.
D/Mono    ( 8393): Assembly Ref addref System.Reactive.PlatformServices[0xb4b73280] -> System.Runtime[0xb4b73580]: 11
D/Mono    ( 8393): Assembly Ref addref System.Reactive.PlatformServices[0xb4b73280] -> System.Reactive.Core[0xb4b73160]: 4
D/Mono    ( 8393): Assembly Ref addref System.Reactive.PlatformServices[0xb4b73280] -> System.Resources.ResourceManager[0x9bc979a0]: 4
D/Mono    ( 8393): Unloading image System.Reflection.dll [0x9a280100].
D/Mono    ( 8393): Image addref System.Reflection[0x97ea43a0] -> System.Reflection.dll[0xb4b77300]: 7
D/Mono    ( 8393): Config attempting to parse: 'System.Reflection.dll.config'.
D/Mono    ( 8393): Config attempting to parse: '/Users/builder/data/lanes/4009/f3074d2c/source/monodroid/builds/install/mono-armv6/etc/mono/assemblies/System.Reflection/System.Reflection.config'.
D/Mono    ( 8393): Assembly Ref addref System.Reactive.PlatformServices[0xb4b73280] -> System.Reflection[0xb4b73640]: 5
D/Mono    ( 8393): Assembly Ref addref System.Reactive.PlatformServices[0xb4b73280] -> System.Reactive.Interfaces[0xb4b731c0]: 5
D/Mono    ( 8393): Unloading image System.Threading.Tasks.dll [0x9a280600].
D/Mono    ( 8393): Image addref System.Threading.Tasks[0x97ea43a0] -> System.Threading.Tasks.dll[0x9a135c00]: 6
D/Mono    ( 8393): Config attempting to parse: 'System.Threading.Tasks.dll.config'.
D/Mono    ( 8393): Config attempting to parse: '/Users/builder/data/lanes/4009/f3074d2c/source/monodroid/builds/install/mono-armv6/etc/mono/assemblies/System.Threading.Tasks/System.Threading.Tasks.config'.
D/Mono    ( 8393): Assembly Ref addref System.Reactive.PlatformServices[0xb4b73280] -> System.Threading.Tasks[0x9a19b340]: 4
D/Mono    ( 8393): Assembly Ref addref System.Reactive.PlatformServices[0xb4b73280] -> System.Reactive.Linq[0xb4b73220]: 3
D/Mono    ( 8393): Unloading image System.Diagnostics.Debug.dll [0x9a280600].
D/Mono    ( 8393): Image addref System.Diagnostics.Debug[0x97ea43a0] -> System.Diagnostics.Debug.dll[0xb4b77d00]: 6
D/Mono    ( 8393): Config attempting to parse: 'System.Diagnostics.Debug.dll.config'.
D/Mono    ( 8393): Config attempting to parse: '/Users/builder/data/lanes/4009/f3074d2c/source/monodroid/builds/install/mono-armv6/etc/mono/assemblies/System.Diagnostics.Debug/System.Diagnostics.Debug.config'.
D/Mono    ( 8393): Assembly Ref addref System.Reactive.PlatformServices[0xb4b73280] -> System.Diagnostics.Debug[0xb4b73700]: 4
D/Mono    ( 8393): Assembly Ref addref System.Reactive.Linq[0xb4b73220] -> System.Reactive.Core[0xb4b73160]: 5
D/Mono    ( 8393): Assembly Ref addref Akavache[0xb4ae86a0] -> System.Core[0xb4b73ac0]: 11
D/Mono    ( 8393): Assembly Ref addref System.Reactive.Linq[0xb4b73220] -> System.Resources.ResourceManager[0x9bc979a0]: 5
I/AppsFlyer_3.01-601076874( 8393): response code: 200
D/Mono    ( 8393): [0x9cb91200] hill climbing, change max number of threads 4
D/Mono    ( 8393): Assembly Ref addref CareerBuilder_Search[0xb4b73460] -> System.Reactive.Linq[0xb4b73220]: 4
D/Mono    ( 8393): Assembly Ref addref CareerBuilder_Search[0xb4b73460] -> Akavache[0xb4ae86a0]: 4
D/Mono    ( 8393): Assembly Ref addref Akavache.Sqlite3[0xb4ae8700] -> System.Reactive.Core[0xb4b73160]: 6
D/Mono    ( 8393): Assembly Ref addref Akavache.Sqlite3[0xb4ae8700] -> System.Reactive.Interfaces[0xb4b731c0]: 6
D/Mono    ( 8393): Assembly Ref addref Akavache.Sqlite3[0xb4ae8700] -> System.Reactive.Linq[0xb4b73220]: 5
D/Mono    ( 8393): Unloading image System.Runtime.Extensions.dll [0xaec75e00].
D/Mono    ( 8393): Image addref System.Runtime.Extensions[0xaec28e20] -> System.Runtime.Extensions.dll[0x9a137500]: 5
D/Mono    ( 8393): Config attempting to parse: 'System.Runtime.Extensions.dll.config'.
D/Mono    ( 8393): Config attempting to parse: '/Users/builder/data/lanes/4009/f3074d2c/source/monodroid/builds/install/mono-armv6/etc/mono/assemblies/System.Runtime.Extensions/System.Runtime.Extensions.config'.
D/Mono    ( 8393): Assembly Ref addref Akavache.Sqlite3[0xb4ae8700] -> System.Runtime.Extensions[0x9a1c5d60]: 3
I/System.out( 8393): URI: /map
I/System.out( 8393): params: {json={"query":"* id:'agreeAndContinueButton'","operation":{"method_name":"query","arguments":[]}}
I/System.out( 8393): }
I/AppsFlyer_3.01-601076998( 8393): response code: 200
D/Mono    ( 8393): Unloading image System.Linq.dll [0xaec75e00].
D/Mono    ( 8393): Image addref System.Linq[0xaec28e20] -> System.Linq.dll[0xb4b7af00]: 6
D/Mono    ( 8393): Config attempting to parse: 'System.Linq.dll.config'.
D/Mono    ( 8393): Config attempting to parse: '/Users/builder/data/lanes/4009/f3074d2c/source/monodroid/builds/install/mono-armv6/etc/mono/assemblies/System.Linq/System.Linq.config'.
D/Mono    ( 8393): Assembly Ref addref System.Reactive.Linq[0xb4b73220] -> System.Linq[0xb4b73940]: 4
D/Mono    ( 8393): Assembly Ref addref System.Runtime[0xb4b73580] -> System.Core[0xb4b73ac0]: 12
D/Mono    ( 8393): Unloading image System.Threading.dll [0xaec75e00].
D/Mono    ( 8393): Image addref System.Threading[0xaec28e20] -> System.Threading.dll[0xb4b77800]: 8
D/Mono    ( 8393): Config attempting to parse: 'System.Threading.dll.config'.
D/Mono    ( 8393): Config attempting to parse: '/Users/builder/data/lanes/4009/f3074d2c/source/monodroid/builds/install/mono-armv6/etc/mono/assemblies/System.Threading/System.Threading.config'.
D/Mono    ( 8393): Assembly Ref addref System.Reactive.Linq[0xb4b73220] -> System.Threading[0xb4b736a0]: 6
D/Mono    ( 8393): Assembly Ref addref Akavache[0xb4ae86a0] -> System.Reactive.PlatformServices[0xb4b73280]: 2
D/Mono    ( 8393): Unloading image System.Globalization.dll [0xaec75e00].
D/Mono    ( 8393): Image addref System.Globalization[0xaec28e20] -> System.Globalization.dll[0x9a137000]: 5
D/Mono    ( 8393): Config attempting to parse: 'System.Globalization.dll.config'.
D/Mono    ( 8393): Config attempting to parse: '/Users/builder/data/lanes/4009/f3074d2c/source/monodroid/builds/install/mono-armv6/etc/mono/assemblies/System.Globalization/System.Globalization.config'.
D/Mono    ( 8393): Assembly Ref addref System.Reactive.Linq[0xb4b73220] -> System.Globalization[0x9bc97ca0]: 3
D/Mono    ( 8393): Unloading image System.Runtime.Extensions.dll [0xaec75e00].
D/Mono    ( 8393): Image addref System.Runtime.Extensions[0xaec28e20] -> System.Runtime.Extensions.dll[0x9a137500]: 6
D/Mono    ( 8393): Config attempting to parse: 'System.Runtime.Extensions.dll.config'.
D/Mono    ( 8393): Config attempting to parse: '/Users/builder/data/lanes/4009/f3074d2c/source/monodroid/builds/install/mono-armv6/etc/mono/assemblies/System.Runtime.Extensions/System.Runtime.Extensions.config'.
D/Mono    ( 8393): Assembly Ref addref System.Reactive.Core[0xb4b73160] -> System.Runtime.Extensions[0x9a1c5d60]: 4
D/Mono    ( 8393): Assembly Ref addref System.Runtime.Extensions[0x9a1c5d60] -> System[0xb4b73760]: 9
D/Mono    ( 8393): Unloading image System.Globalization.dll [0xaec75e00].
D/Mono    ( 8393): Image addref System.Globalization[0xaec28e20] -> System.Globalization.dll[0x9a137000]: 6
D/Mono    ( 8393): Config attempting to parse: 'System.Globalization.dll.config'.
D/Mono    ( 8393): Config attempting to parse: '/Users/builder/data/lanes/4009/f3074d2c/source/monodroid/builds/install/mono-armv6/etc/mono/assemblies/System.Globalization/System.Globalization.config'.
D/Mono    ( 8393): Assembly Ref addref System.Reactive.Core[0xb4b73160] -> System.Globalization[0x9bc97ca0]: 4
D/Mono    ( 8393): Unloading image System.Threading.Tasks.dll [0xaec75e00].
D/Mono    ( 8393): Image addref System.Threading.Tasks[0xaec28e20] -> System.Threading.Tasks.dll[0x9a135c00]: 7
D/Mono    ( 8393): Config attempting to parse: 'System.Threading.Tasks.dll.config'.
D/Mono    ( 8393): Config attempting to parse: '/Users/builder/data/lanes/4009/f3074d2c/source/monodroid/builds/install/mono-armv6/etc/mono/assemblies/System.Threading.Tasks/System.Threading.Tasks.config'.
D/Mono    ( 8393): Assembly Ref addref System.Reactive.Core[0xb4b73160] -> System.Threading.Tasks[0x9a19b340]: 5
D/Mono    ( 8393): [0x97e5e580] worker starting
D/Mono    ( 8393): [0xaec4df00] worker starting
D/Mono    ( 8393): Unloading image System.Collections.dll [0xaec75e00].
D/Mono    ( 8393): Image addref System.Collections[0xaec28f40] -> System.Collections.dll[0xb4b78c00]: 8
D/Mono    ( 8393): Config attempting to parse: 'System.Collections.dll.config'.
D/Mono    ( 8393): Config attempting to parse: '/Users/builder/data/lanes/4009/f3074d2c/source/monodroid/builds/install/mono-armv6/etc/mono/assemblies/System.Collections/System.Collections.config'.
D/Mono    ( 8393): Assembly Ref addref Akavache.Sqlite3[0xb4ae8700] -> System.Collections[0xb4b73820]: 6
D/Mono    ( 8393): Unloading image SQLitePCL.raw.dll [0xaec75e00].
D/Mono    ( 8393): Image addref SQLitePCL.raw[0xaec28f40] -> SQLitePCL.raw.dll[0xb4b74b00]: 5
D/Mono    ( 8393): Config attempting to parse: 'SQLitePCL.raw.dll.config'.
D/Mono    ( 8393): Config attempting to parse: '/Users/builder/data/lanes/4009/f3074d2c/source/monodroid/builds/install/mono-armv6/etc/mono/assemblies/SQLitePCL.raw/SQLitePCL.raw.config'.
D/Mono    ( 8393): Assembly Ref addref Akavache.Sqlite3[0xb4ae8700] -> SQLitePCL.raw[0xb4b73400]: 2
D/Mono    ( 8393): Assembly Ref addref SQLitePCL.raw[0xb4b73400] -> mscorlib[0xb4ae8520]: 42
D/Mono    ( 8393): Assembly Ref addref Splat[0xb4ae8760] -> System[0xb4b73760]: 10
D/Mono    ( 8393): DllImport attempting to load: '/system/lib/libsqlite.so'.
D/Mono    ( 8393): DllImport loaded library '/system/lib/libsqlite.so'.
D/Mono    ( 8393): DllImport searching in: '/system/lib/libsqlite.so' ('/system/lib/libsqlite.so').
D/Mono    ( 8393): Searching for 'sqlite3_open_v2'.
D/Mono    ( 8393): Probing 'sqlite3_open_v2'.
D/Mono    ( 8393): Found as 'sqlite3_open_v2'.
D/Mono    ( 8393): DllImport searching in: '/system/lib/libsqlite.so' ('/system/lib/libsqlite.so').
D/Mono    ( 8393): Searching for 'sqlite3_busy_timeout'.
D/Mono    ( 8393): Probing 'sqlite3_busy_timeout'.
D/Mono    ( 8393): Found as 'sqlite3_busy_timeout'.
D/Mono    ( 8393): Unloading image System.Threading.Tasks.dll [0xaec7bd00].
D/Mono    ( 8393): Image addref System.Threading.Tasks[0xaedc9940] -> System.Threading.Tasks.dll[0x9a135c00]: 8
D/Mono    ( 8393): Config attempting to parse: 'System.Threading.Tasks.dll.config'.
D/Mono    ( 8393): Config attempting to parse: '/Users/builder/data/lanes/4009/f3074d2c/source/monodroid/builds/install/mono-armv6/etc/mono/assemblies/System.Threading.Tasks/System.Threading.Tasks.config'.
D/Mono    ( 8393): Assembly Ref addref Akavache.Sqlite3[0xb4ae8700] -> System.Threading.Tasks[0x9a19b340]: 6
D/Mono    ( 8393): Unloading image System.Linq.dll [0xaec7bd00].
D/Mono    ( 8393): Image addref System.Linq[0xaedc9940] -> System.Linq.dll[0xb4b7af00]: 7
D/Mono    ( 8393): Config attempting to parse: 'System.Linq.dll.config'.
D/Mono    ( 8393): Config attempting to parse: '/Users/builder/data/lanes/4009/f3074d2c/source/monodroid/builds/install/mono-armv6/etc/mono/assemblies/System.Linq/System.Linq.config'.
D/Mono    ( 8393): Assembly Ref addref Akavache.Sqlite3[0xb4ae8700] -> System.Linq[0xb4b73940]: 5
D/Mono    ( 8393): DllImport searching in: '/system/lib/libsqlite.so' ('/system/lib/libsqlite.so').
D/Mono    ( 8393): Searching for 'sqlite3_prepare_v2'.
D/Mono    ( 8393): Probing 'sqlite3_prepare_v2'.
D/Mono    ( 8393): Found as 'sqlite3_prepare_v2'.
D/Mono    ( 8393): DllImport searching in: '/system/lib/libsqlite.so' ('/system/lib/libsqlite.so').
D/Mono    ( 8393): Searching for 'sqlite3_step'.
D/Mono    ( 8393): Probing 'sqlite3_step'.
D/Mono    ( 8393): Found as 'sqlite3_step'.
D/Mono    ( 8393): DllImport searching in: '/system/lib/libsqlite.so' ('/system/lib/libsqlite.so').
D/Mono    ( 8393): Searching for 'sqlite3_column_type'.
D/Mono    ( 8393): Probing 'sqlite3_column_type'.
D/Mono    ( 8393): Found as 'sqlite3_column_type'.
D/Mono    ( 8393): Unloading image System.Reflection.dll [0xaec75e00].
D/Mono    ( 8393): Image addref System.Reflection[0xaedc9940] -> System.Reflection.dll[0xb4b77300]: 8
D/Mono    ( 8393): Config attempting to parse: 'System.Reflection.dll.config'.
D/Mono    ( 8393): Config attempting to parse: '/Users/builder/data/lanes/4009/f3074d2c/source/monodroid/builds/install/mono-armv6/etc/mono/assemblies/System.Reflection/System.Reflection.config'.
D/Mono    ( 8393): Assembly Ref addref Akavache.Sqlite3[0xb4ae8700] -> System.Reflection[0xb4b73640]: 6
D/Mono    ( 8393): DllImport searching in: '/system/lib/libsqlite.so' ('/system/lib/libsqlite.so').
D/Mono    ( 8393): Searching for 'sqlite3_column_int'.
D/Mono    ( 8393): Probing 'sqlite3_column_int'.
D/Mono    ( 8393): Found as 'sqlite3_column_int'.
D/Mono    ( 8393): DllImport searching in: '/system/lib/libsqlite.so' ('/system/lib/libsqlite.so').
D/Mono    ( 8393): Searching for 'sqlite3_finalize'.
D/Mono    ( 8393): Probing 'sqlite3_finalize'.
D/Mono    ( 8393): Found as 'sqlite3_finalize'.
D/Mono    ( 8393): DllImport searching in: '/system/lib/libsqlite.so' ('/system/lib/libsqlite.so').
D/Mono    ( 8393): Searching for 'sqlite3_changes'.
D/Mono    ( 8393): Probing 'sqlite3_changes'.
D/Mono    ( 8393): Found as 'sqlite3_changes'.
D/Mono    ( 8393): Assembly Ref addref Akavache.Sqlite3[0xb4ae8700] -> System.Reflection.Extensions[0xb4b73be0]: 4
D/Mono    ( 8393): DllImport searching in: '/system/lib/libsqlite.so' ('/system/lib/libsqlite.so').
D/Mono    ( 8393): Searching for 'sqlite3_column_count'.
D/Mono    ( 8393): Probing 'sqlite3_column_count'.
D/Mono    ( 8393): Found as 'sqlite3_column_count'.
D/Mono    ( 8393): DllImport searching in: '/system/lib/libsqlite.so' ('/system/lib/libsqlite.so').
D/Mono    ( 8393): Searching for 'sqlite3_column_name'.
D/Mono    ( 8393): Probing 'sqlite3_column_name'.
D/Mono    ( 8393): Found as 'sqlite3_column_name'.
D/Mono    ( 8393): DllImport searching in: '/system/lib/libsqlite.so' ('/system/lib/libsqlite.so').
D/Mono    ( 8393): Searching for 'sqlite3_column_text'.
D/Mono    ( 8393): Probing 'sqlite3_column_text'.
D/Mono    ( 8393): Found as 'sqlite3_column_text'.
E/SQLiteLog( 8393): (1) no such table: SchemaInfo
D/Mono    ( 8393): DllImport searching in: '/system/lib/libsqlite.so' ('/system/lib/libsqlite.so').
D/Mono    ( 8393): Searching for 'sqlite3_errmsg'.
D/Mono    ( 8393): Probing 'sqlite3_errmsg'.
D/Mono    ( 8393): Found as 'sqlite3_errmsg'.
D/Mono    ( 8393): DllImport searching in: '/system/lib/libsqlite.so' ('/system/lib/libsqlite.so').
D/Mono    ( 8393): Searching for 'sqlite3_bind_int'.
D/Mono    ( 8393): Probing 'sqlite3_bind_int'.
D/Mono    ( 8393): Found as 'sqlite3_bind_int'.
D/Mono    ( 8393): DllImport searching in: '/system/lib/libsqlite.so' ('/system/lib/libsqlite.so').
D/Mono    ( 8393): Searching for 'sqlite3_reset'.
D/Mono    ( 8393): Probing 'sqlite3_reset'.
D/Mono    ( 8393): Found as 'sqlite3_reset'.
D/Mono    ( 8393): Unloading image System.Threading.dll [0xaec7db00].
D/Mono    ( 8393): Image addref System.Threading[0xaedc9b20] -> System.Threading.dll[0xb4b77800]: 9
D/Mono    ( 8393): Config attempting to parse: 'System.Threading.dll.config'.
D/Mono    ( 8393): Config attempting to parse: '/Users/builder/data/lanes/4009/f3074d2c/source/monodroid/builds/install/mono-armv6/etc/mono/assemblies/System.Threading/System.Threading.config'.
D/Mono    ( 8393): Assembly Ref addref Akavache.Sqlite3[0xb4ae8700] -> System.Threading[0xb4b736a0]: 7
W/ProcessCpuTracker(  817): Skipping unknown process pid 8566
D/Mono    ( 8393): DllImport searching in: '/system/lib/libsqlite.so' ('/system/lib/libsqlite.so').
D/Mono    ( 8393): Searching for 'sqlite3_bind_text'.
D/Mono    ( 8393): Probing 'sqlite3_bind_text'.
D/Mono    ( 8393): Found as 'sqlite3_bind_text'.
D/Mono    ( 8393): Unloading image Newtonsoft.Json.dll [0x9a281500].
D/Mono    ( 8393): Image addref Newtonsoft.Json[0x97ea4520] -> Newtonsoft.Json.dll[0xb4849d00]: 5
D/Mono    ( 8393): Config attempting to parse: 'Newtonsoft.Json.dll.config'.
D/Mono    ( 8393): Config attempting to parse: '/Users/builder/data/lanes/4009/f3074d2c/source/monodroid/builds/install/mono-armv6/etc/mono/assemblies/Newtonsoft.Json/Newtonsoft.Json.config'.
D/Mono    ( 8393): Assembly Ref addref Akavache.Sqlite3[0xb4ae8700] -> Newtonsoft.Json[0xb4b730a0]: 3
D/Mono    ( 8393): Image addref System.IO[0x97ea4520] -> System.IO.dll[0x9a281500]: 2
D/Mono    ( 8393): Prepared to set up assembly 'System.IO' (System.IO.dll)
D/Mono    ( 8393): Assembly System.IO[0x97ea4520] added to domain RootDomain, ref_count=1
D/Mono    ( 8393): AOT module 'System.IO.dll.so' not found: dlopen failed: library "/data/app/com.careerbuilder.SugarDrone-1/lib/arm/libaot-System.IO.dll.so" not found
D/Mono    ( 8393): AOT module '/Users/builder/data/lanes/4009/f3074d2c/source/monodroid/builds/install/mono-armv6/lib/mono/aot-cache/arm/System.IO.dll.so' not found: dlopen failed: library "/data/app/com.careerbuilder.SugarDrone-1/lib/arm/libaot-System.IO.dll.so" not found
D/Mono    ( 8393): Config attempting to parse: 'System.IO.dll.config'.
D/Mono    ( 8393): Config attempting to parse: '/Users/builder/data/lanes/4009/f3074d2c/source/monodroid/builds/install/mono-armv6/etc/mono/assemblies/System.IO/System.IO.config'.
D/Mono    ( 8393): Assembly Ref addref Akavache.Sqlite3[0xb4ae8700] -> System.IO[0x97ea4520]: 2
D/Mono    ( 8393): Assembly Ref addref System.IO[0x97ea4520] -> mscorlib[0xb4ae8520]: 43
D/Mono    ( 8393): Image addref System.Runtime.Serialization.Primitives[0x97ea44c0] -> System.Runtime.Serialization.Primitives.dll[0xb4b82c00]: 2
D/Mono    ( 8393): Prepared to set up assembly 'System.Runtime.Serialization.Primitives' (System.Runtime.Serialization.Primitives.dll)
D/Mono    ( 8393): Assembly System.Runtime.Serialization.Primitives[0x97ea44c0] added to domain RootDomain, ref_count=1
D/Mono    ( 8393): AOT module 'System.Runtime.Serialization.Primitives.dll.so' not found: dlopen failed: library "/data/app/com.careerbuilder.SugarDrone-1/lib/arm/libaot-System.Runtime.Serialization.Primitives.dll.so" not found
D/Mono    ( 8393): AOT module '/Users/builder/data/lanes/4009/f3074d2c/source/monodroid/builds/install/mono-armv6/lib/mono/aot-cache/arm/System.Runtime.Serialization.Primitives.dll.so' not found: dlopen failed: library "/data/app/com.careerbuilder.SugarDrone-1/lib/arm/libaot-System.Runtime.Serialization.Primitives.dll.so" not found
D/Mono    ( 8393): Config attempting to parse: 'System.Runtime.Serialization.Primitives.dll.config'.
D/Mono    ( 8393): Config attempting to parse: '/Users/builder/data/lanes/4009/f3074d2c/source/monodroid/builds/install/mono-armv6/etc/mono/assemblies/System.Runtime.Serialization.Primitives/System.Runtime.Serialization.Primitives.config'.
D/Mono    ( 8393): Assembly Ref addref Newtonsoft.Json[0xb4b730a0] -> System.Runtime.Serialization.Primitives[0x97ea44c0]: 2
D/Mono    ( 8393): Assembly Ref addref System.Runtime.Serialization.Primitives[0x97ea44c0] -> mscorlib[0xb4ae8520]: 44
D/Mono    ( 8393): Unloading image System.Globalization.dll [0xb4b80e00].
D/Mono    ( 8393): Image addref System.Globalization[0x9a19b1c0] -> System.Globalization.dll[0x9a137000]: 7
D/Mono    ( 8393): Config attempting to parse: 'System.Globalization.dll.config'.
D/Mono    ( 8393): Config attempting to parse: '/Users/builder/data/lanes/4009/f3074d2c/source/monodroid/builds/install/mono-armv6/etc/mono/assemblies/System.Globalization/System.Globalization.config'.
D/Mono    ( 8393): Assembly Ref addref Newtonsoft.Json[0xb4b730a0] -> System.Globalization[0x9bc97ca0]: 5
D/Mono    ( 8393): Unloading image System.Collections.dll [0xb4b80e00].
D/Mono    ( 8393): Image addref System.Collections[0x9a19b1c0] -> System.Collections.dll[0xb4b78c00]: 9
D/Mono    ( 8393): Config attempting to parse: 'System.Collections.dll.config'.
D/Mono    ( 8393): Config attempting to parse: '/Users/builder/data/lanes/4009/f3074d2c/source/monodroid/builds/install/mono-armv6/etc/mono/assemblies/System.Collections/System.Collections.config'.
D/Mono    ( 8393): Assembly Ref addref Newtonsoft.Json[0xb4b730a0] -> System.Collections[0xb4b73820]: 7
D/Mono    ( 8393): Unloading image System.IO.dll [0xb4b80e00].
D/Mono    ( 8393): Image addref System.IO[0x9a19b1c0] -> System.IO.dll[0x9a281500]: 5
D/Mono    ( 8393): Config attempting to parse: 'System.IO.dll.config'.
D/Mono    ( 8393): Config attempting to parse: '/Users/builder/data/lanes/4009/f3074d2c/source/monodroid/builds/install/mono-armv6/etc/mono/assemblies/System.IO/System.IO.config'.
D/Mono    ( 8393): Assembly Ref addref Newtonsoft.Json[0xb4b730a0] -> System.IO[0x97ea4520]: 3
D/Mono    ( 8393): Unloading image System.Runtime.Extensions.dll [0xb4b80e00].
D/Mono    ( 8393): Image addref System.Runtime.Extensions[0x9a19b1c0] -> System.Runtime.Extensions.dll[0x9a137500]: 7
D/Mono    ( 8393): Config attempting to parse: 'System.Runtime.Extensions.dll.config'.
D/Mono    ( 8393): Config attempting to parse: '/Users/builder/data/lanes/4009/f3074d2c/source/monodroid/builds/install/mono-armv6/etc/mono/assemblies/System.Runtime.Extensions/System.Runtime.Extensions.config'.
D/Mono    ( 8393): Assembly Ref addref Newtonsoft.Json[0xb4b730a0] -> System.Runtime.Extensions[0x9a1c5d60]: 5
D/Mono    ( 8393): Image addref System.Text.Encoding[0x9a19b1c0] -> System.Text.Encoding.dll[0xb4b80e00]: 2
D/Mono    ( 8393): Prepared to set up assembly 'System.Text.Encoding' (System.Text.Encoding.dll)
D/Mono    ( 8393): Assembly System.Text.Encoding[0x9a19b1c0] added to domain RootDomain, ref_count=1
D/Mono    ( 8393): AOT module 'System.Text.Encoding.dll.so' not found: dlopen failed: library "/data/app/com.careerbuilder.SugarDrone-1/lib/arm/libaot-System.Text.Encoding.dll.so" not found
D/Mono    ( 8393): AOT module '/Users/builder/data/lanes/4009/f3074d2c/source/monodroid/builds/install/mono-armv6/lib/mono/aot-cache/arm/System.Text.Encoding.dll.so' not found: dlopen failed: library "/data/app/com.careerbuilder.SugarDrone-1/lib/arm/libaot-System.Text.Encoding.dll.so" not found
D/Mono    ( 8393): Config attempting to parse: 'System.Text.Encoding.dll.config'.
D/Mono    ( 8393): Config attempting to parse: '/Users/builder/data/lanes/4009/f3074d2c/source/monodroid/builds/install/mono-armv6/etc/mono/assemblies/System.Text.Encoding/System.Text.Encoding.config'.
D/Mono    ( 8393): Assembly Ref addref Newtonsoft.Json[0xb4b730a0] -> System.Text.Encoding[0x9a19b1c0]: 2
D/Mono    ( 8393): Assembly Ref addref System.Text.Encoding[0x9a19b1c0] -> mscorlib[0xb4ae8520]: 45
D/Mono    ( 8393): Unloading image System.Linq.dll [0xb4b82700].
D/Mono    ( 8393): Image addref System.Linq[0x9bc974c0] -> System.Linq.dll[0xb4b7af00]: 8
D/Mono    ( 8393): Config attempting to parse: 'System.Linq.dll.config'.
D/Mono    ( 8393): Config attempting to parse: '/Users/builder/data/lanes/4009/f3074d2c/source/monodroid/builds/install/mono-armv6/etc/mono/assemblies/System.Linq/System.Linq.config'.
D/Mono    ( 8393): Assembly Ref addref Newtonsoft.Json[0xb4b730a0] -> System.Linq[0xb4b73940]: 6
D/Mono    ( 8393): Unloading image System.Reflection.dll [0xb4b82700].
D/Mono    ( 8393): Image addref System.Reflection[0x97ea4a60] -> System.Reflection.dll[0xb4b77300]: 9
D/Mono    ( 8393): Config attempting to parse: 'System.Reflection.dll.config'.
D/Mono    ( 8393): Config attempting to parse: '/Users/builder/data/lanes/4009/f3074d2c/source/monodroid/builds/install/mono-armv6/etc/mono/assemblies/System.Reflection/System.Reflection.config'.
D/Mono    ( 8393): Assembly Ref addref Newtonsoft.Json[0xb4b730a0] -> System.Reflection[0xb4b73640]: 7
D/Mono    ( 8393): Image addref System.Runtime.Serialization[0x97ea4a60] -> System.Runtime.Serialization.dll[0xb4b82700]: 2
D/Mono    ( 8393): Prepared to set up assembly 'System.Runtime.Serialization' (System.Runtime.Serialization.dll)
D/Mono    ( 8393): Assembly System.Runtime.Serialization[0x97ea4a60] added to domain RootDomain, ref_count=1
D/Mono    ( 8393): AOT module 'System.Runtime.Serialization.dll.so' not found: dlopen failed: library "/data/app/com.careerbuilder.SugarDrone-1/lib/arm/libaot-System.Runtime.Serialization.dll.so" not found
D/Mono    ( 8393): AOT module '/Users/builder/data/lanes/4009/f3074d2c/source/monodroid/builds/install/mono-armv6/lib/mono/aot-cache/arm/System.Runtime.Serialization.dll.so' not found: dlopen failed: library "/data/app/com.careerbuilder.SugarDrone-1/lib/arm/libaot-System.Runtime.Serialization.dll.so" not found
D/Mono    ( 8393): Config attempting to parse: 'System.Runtime.Serialization.dll.config'.
D/Mono    ( 8393): Config attempting to parse: '/Users/builder/data/lanes/4009/f3074d2c/source/monodroid/builds/install/mono-armv6/etc/mono/assemblies/System.Runtime.Serialization/System.Runtime.Serialization.config'.
D/Mono    ( 8393): Assembly Ref addref System.Runtime.Serialization.Primitives[0x97ea44c0] -> System.Runtime.Serialization[0x97ea4a60]: 2
D/Mono    ( 8393): Assembly Ref addref System.Runtime.Serialization[0x97ea4a60] -> mscorlib[0xb4ae8520]: 46
D/Mono    ( 8393): Image addref System.Text.Encoding.Extensions[0x9bc974c0] -> System.Text.Encoding.Extensions.dll[0x9a281a00]: 2
D/Mono    ( 8393): Prepared to set up assembly 'System.Text.Encoding.Extensions' (System.Text.Encoding.Extensions.dll)
D/Mono    ( 8393): Assembly System.Text.Encoding.Extensions[0x9bc974c0] added to domain RootDomain, ref_count=1
D/Mono    ( 8393): AOT module 'System.Text.Encoding.Extensions.dll.so' not found: dlopen failed: library "/data/app/com.careerbuilder.SugarDrone-1/lib/arm/libaot-System.Text.Encoding.Extensions.dll.so" not found
D/Mono    ( 8393): AOT module '/Users/builder/data/lanes/4009/f3074d2c/source/monodroid/builds/install/mono-armv6/lib/mono/aot-cache/arm/System.Text.Encoding.Extensions.dll.so' not found: dlopen failed: library "/data/app/com.careerbuilder.SugarDrone-1/lib/arm/libaot-System.Text.Encoding.Extensions.dll.so" not found
D/Mono    ( 8393): Config attempting to parse: 'System.Text.Encoding.Extensions.dll.config'.
D/Mono    ( 8393): Config attempting to parse: '/Users/builder/data/lanes/4009/f3074d2c/source/monodroid/builds/install/mono-armv6/etc/mono/assemblies/System.Text.Encoding.Extensions/System.Text.Encoding.Extensions.config'.
D/Mono    ( 8393): Assembly Ref addref Newtonsoft.Json[0xb4b730a0] -> System.Text.Encoding.Extensions[0x9bc974c0]: 2
D/Mono    ( 8393): Assembly Ref addref System.Text.Encoding.Extensions[0x9bc974c0] -> mscorlib[0xb4ae8520]: 47
D/Mono    ( 8393): Unloading image System.Threading.dll [0x9a281f00].
D/Mono    ( 8393): Image addref System.Threading[0x97ea4b80] -> System.Threading.dll[0xb4b77800]: 10
D/Mono    ( 8393): Config attempting to parse: 'System.Threading.dll.config'.
D/Mono    ( 8393): Config attempting to parse: '/Users/builder/data/lanes/4009/f3074d2c/source/monodroid/builds/install/mono-armv6/etc/mono/assemblies/System.Threading/System.Threading.config'.
D/Mono    ( 8393): Assembly Ref addref Newtonsoft.Json[0xb4b730a0] -> System.Threading[0xb4b736a0]: 8
I/ThermalEngine(  367): ACTION: GPU - Setting GPU[0] to 389000000
I/ThermalEngine(  367): Mitigation:GPU[0]:389000000 Hz
I/ThermalEngine(  367): ACTION: CPU - Setting CPU[0] to 1958400
I/ThermalEngine(  367): ACTION: CPU - Setting CPU[1] to 1958400
I/ThermalEngine(  367): ACTION: CPU - Setting CPU[2] to 1958400
I/ThermalEngine(  367): ACTION: CPU - Setting CPU[3] to 1958400
D/Mono    ( 8393): Assembly Ref addref Newtonsoft.Json[0xb4b730a0] -> System.Reflection.Extensions[0xb4b73be0]: 5
D/Mono    ( 8393): Assembly Ref addref System.ObjectModel[0x9a1c5f40] -> mscorlib[0xb4ae8520]: 48
D/Mono    ( 8393): Image addref System.Xml.XDocument[0x97ea4dc0] -> System.Xml.XDocument.dll[0x9a283300]: 2
D/Mono    ( 8393): Prepared to set up assembly 'System.Xml.XDocument' (System.Xml.XDocument.dll)
D/Mono    ( 8393): Assembly System.Xml.XDocument[0x97ea4dc0] added to domain RootDomain, ref_count=1
D/Mono    ( 8393): AOT module 'System.Xml.XDocument.dll.so' not found: dlopen failed: library "/data/app/com.careerbuilder.SugarDrone-1/lib/arm/libaot-System.Xml.XDocument.dll.so" not found
D/Mono    ( 8393): AOT module '/Users/builder/data/lanes/4009/f3074d2c/source/monodroid/builds/install/mono-armv6/lib/mono/aot-cache/arm/System.Xml.XDocument.dll.so' not found: dlopen failed: library "/data/app/com.careerbuilder.SugarDrone-1/lib/arm/libaot-System.Xml.XDocument.dll.so" not found
D/Mono    ( 8393): Config attempting to parse: 'System.Xml.XDocument.dll.config'.
D/Mono    ( 8393): Config attempting to parse: '/Users/builder/data/lanes/4009/f3074d2c/source/monodroid/builds/install/mono-armv6/etc/mono/assemblies/System.Xml.XDocument/System.Xml.XDocument.config'.
D/Mono    ( 8393): Assembly Ref addref Newtonsoft.Json[0xb4b730a0] -> System.Xml.XDocument[0x97ea4dc0]: 2
D/Mono    ( 8393): Image addref System.Xml.Linq[0x97ea4d60] -> System.Xml.Linq.dll[0x9a283800]: 2
D/Mono    ( 8393): Prepared to set up assembly 'System.Xml.Linq' (System.Xml.Linq.dll)
D/Mono    ( 8393): Assembly System.Xml.Linq[0x97ea4d60] added to domain RootDomain, ref_count=1
D/Mono    ( 8393): AOT module 'System.Xml.Linq.dll.so' not found: dlopen failed: library "/data/app/com.careerbuilder.SugarDrone-1/lib/arm/libaot-System.Xml.Linq.dll.so" not found
D/Mono    ( 8393): AOT module '/Users/builder/data/lanes/4009/f3074d2c/source/monodroid/builds/install/mono-armv6/lib/mono/aot-cache/arm/System.Xml.Linq.dll.so' not found: dlopen failed: library "/data/app/com.careerbuilder.SugarDrone-1/lib/arm/libaot-System.Xml.Linq.dll.so" not found
D/Mono    ( 8393): Config attempting to parse: 'System.Xml.Linq.dll.config'.
D/Mono    ( 8393): Config attempting to parse: '/Users/builder/data/lanes/4009/f3074d2c/source/monodroid/builds/install/mono-armv6/etc/mono/assemblies/System.Xml.Linq/System.Xml.Linq.config'.
D/Mono    ( 8393): Assembly Ref addref System.Xml.XDocument[0x97ea4dc0] -> System.Xml.Linq[0x97ea4d60]: 2
D/Mono    ( 8393): Assembly Ref addref System.Xml.Linq[0x97ea4d60] -> mscorlib[0xb4ae8520]: 49
D/Mono    ( 8393): Assembly Ref addref System.Xml.Linq[0x97ea4d60] -> System.Xml[0x9bc970a0]: 4
D/Mono    ( 8393): Image addref System.Text.RegularExpressions[0x97ea4e80] -> System.Text.RegularExpressions.dll[0x9a283d00]: 2
D/Mono    ( 8393): Prepared to set up assembly 'System.Text.RegularExpressions' (System.Text.RegularExpressions.dll)
D/Mono    ( 8393): Assembly System.Text.RegularExpressions[0x97ea4e80] added to domain RootDomain, ref_count=1
D/Mono    ( 8393): AOT module 'System.Text.RegularExpressions.dll.so' not found: dlopen failed: library "/data/app/com.careerbuilder.SugarDrone-1/lib/arm/libaot-System.Text.RegularExpressions.dll.so" not found
D/Mono    ( 8393): AOT module '/Users/builder/data/lanes/4009/f3074d2c/source/monodroid/builds/install/mono-armv6/lib/mono/aot-cache/arm/System.Text.RegularExpressions.dll.so' not found: dlopen failed: library "/data/app/com.careerbuilder.SugarDrone-1/lib/arm/libaot-System.Text.RegularExpressions.dll.so" not found
D/Mono    ( 8393): Config attempting to parse: 'System.Text.RegularExpressions.dll.config'.
D/Mono    ( 8393): Config attempting to parse: '/Users/builder/data/lanes/4009/f3074d2c/source/monodroid/builds/install/mono-armv6/etc/mono/assemblies/System.Text.RegularExpressions/System.Text.RegularExpressions.config'.
D/Mono    ( 8393): Assembly Ref addref Newtonsoft.Json[0xb4b730a0] -> System.Text.RegularExpressions[0x97ea4e80]: 2
D/Mono    ( 8393): Assembly Ref addref System.Text.RegularExpressions[0x97ea4e80] -> System[0xb4b73760]: 11
D/Mono    ( 8393): Unloading image System.Linq.Expressions.dll [0x9a284200].
D/Mono    ( 8393): Image addref System.Linq.Expressions[0x97ea4e20] -> System.Linq.Expressions.dll[0x9a136600]: 5
D/Mono    ( 8393): Config attempting to parse: 'System.Linq.Expressions.dll.config'.
D/Mono    ( 8393): Config attempting to parse: '/Users/builder/data/lanes/4009/f3074d2c/source/monodroid/builds/install/mono-armv6/etc/mono/assemblies/System.Linq.Expressions/System.Linq.Expressions.config'.
D/Mono    ( 8393): Assembly Ref addref Newtonsoft.Json[0xb4b730a0] -> System.Linq.Expressions[0x9a1c5dc0]: 3
D/Mono    ( 8393): DllImport searching in: '/system/lib/libsqlite.so' ('/system/lib/libsqlite.so').
D/Mono    ( 8393): Searching for 'sqlite3_bind_blob'.
D/Mono    ( 8393): Probing 'sqlite3_bind_blob'.
D/Mono    ( 8393): Found as 'sqlite3_bind_blob'.
D/Mono    ( 8393): DllImport searching in: '/system/lib/libsqlite.so' ('/system/lib/libsqlite.so').
D/Mono    ( 8393): Searching for 'sqlite3_bind_int64'.
D/Mono    ( 8393): Probing 'sqlite3_bind_int64'.
D/Mono    ( 8393): Found as 'sqlite3_bind_int64'.
D/Mono    ( 8393): DllImport searching in: '__Internal' ('(null)').
D/Mono    ( 8393): Searching for 'java_interop_jnienv_call_nonvirtual_boolean_method_a'.
D/Mono    ( 8393): Probing 'java_interop_jnienv_call_nonvirtual_boolean_method_a'.
D/Mono    ( 8393): Found as 'java_interop_jnienv_call_nonvirtual_boolean_method_a'.
I/calabash( 8393): execStartActivity 4
I/ActivityManager(  817): START u0 {cmp=com.careerbuilder.SugarDrone/md5a4824aa66c0dc4d104077b72c1916a44.TermsAndConditionsActivity} from uid 12896 on display 0
V/WindowManager(  817): addAppToken: AppWindowToken{34b36b7 token=Token{9d39b6 ActivityRecord{36ff7d51 u0 com.careerbuilder.SugarDrone/md5a4824aa66c0dc4d104077b72c1916a44.TermsAndConditionsActivity t18}}} to stack=1 task=18 at 1
W/ResourceType( 8393): No known package when getting name for resource number 0xffffffff
W/ResourceType( 8393): No known package when getting name for resource number 0xffffffff
W/ResourceType( 8393): No known package when getting name for resource number 0xffffffff
I/calabash( 8393): newActivity1
V/WindowManager(  817): Adding window Window{3a6d9d8d u0 com.careerbuilder.SugarDrone/md5a4824aa66c0dc4d104077b72c1916a44.TermsAndConditionsActivity} at 3 of 8 (after Window{df57ea9 u0 com.careerbuilder.SugarDrone/md537fd6201b6818e2e180d2f7606e21a83.AppMainActivity})
I/ActivityManager(  817): Displayed com.careerbuilder.SugarDrone/md5a4824aa66c0dc4d104077b72c1916a44.TermsAndConditionsActivity: +373ms
I/System.out( 8393): URI: /map
I/System.out( 8393): params: {json={"query":"* id:'agreeAndContinueButton'","operation":{"method_name":"query","arguments":[]}}
I/System.out( 8393): }
W/ResourceType( 8393): No known package when getting name for resource number 0xffffffff
W/ResourceType( 8393): No known package when getting name for resource number 0xffffffff
W/ResourceType( 8393): No known package when getting name for resource number 0xffffffff
W/ResourceType( 8393): No known package when getting name for resource number 0xffffffff
W/ResourceType( 8393): No known package when getting name for resource number 0xffffffff
W/ResourceType( 8393): No known package when getting name for resource number 0xffffffff
W/ResourceType( 8393): No known package when getting name for resource number 0xffffffff
W/ResourceType( 8393): No known package when getting name for resource number 0xffffffff
W/ResourceType( 8393): No known package when getting name for resource number 0xffffffff
W/ResourceType( 8393): No known package when getting name for resource number 0xffffffff
I/System.out( 8393): URI: /map
I/System.out( 8393): params: {json={"query":"* id:'agreeAndContinueButton'","operation":{"method_name":"query","arguments":[]}}
I/System.out( 8393): }
W/ResourceType( 8393): No known package when getting name for resource number 0xffffffff
W/ResourceType( 8393): No known package when getting name for resource number 0xffffffff
W/ResourceType( 8393): No known package when getting name for resource number 0xffffffff
W/ResourceType( 8393): No known package when getting name for resource number 0xffffffff
W/ResourceType( 8393): No known package when getting name for resource number 0xffffffff
W/ResourceType( 8393): No known package when getting name for resource number 0xffffffff
W/ResourceType( 8393): No known package when getting name for resource number 0xffffffff
I/System.out( 8393): URI: /map
I/System.out( 8393): params: {json={"query":"* id:'agreeAndContinueButton'","operation":{"method_name":"query","arguments":[]}}
I/System.out( 8393): }
W/ResourceType( 8393): No known package when getting name for resource number 0xffffffff
W/ResourceType( 8393): No known package when getting name for resource number 0xffffffff
W/ResourceType( 8393): No known package when getting name for resource number 0xffffffff
W/ResourceType( 8393): No known package when getting name for resource number 0xffffffff
W/ResourceType( 8393): No known package when getting name for resource number 0xffffffff
W/ResourceType( 8393): No known package when getting name for resource number 0xffffffff
W/ResourceType( 8393): No known package when getting name for resource number 0xffffffff
I/System.out( 8393): URI: /map
I/System.out( 8393): params: {json={"query":"* id:'agreeAndContinueButton'","operation":{"method_name":"query","arguments":[]}}
I/System.out( 8393): }
W/ResourceType( 8393): No known package when getting name for resource number 0xffffffff
W/ResourceType( 8393): No known package when getting name for resource number 0xffffffff
W/ResourceType( 8393): No known package when getting name for resource number 0xffffffff
W/ResourceType( 8393): No known package when getting name for resource number 0xffffffff
W/ResourceType( 8393): No known package when getting name for resource number 0xffffffff
W/ResourceType( 8393): No known package when getting name for resource number 0xffffffff
W/ResourceType( 8393): No known package when getting name for resource number 0xffffffff
I/System.out( 8393): URI: /map
I/System.out( 8393): params: {json={"query":"* id:'agreeAndContinueButton'","operation":{"method_name":"query","arguments":[]}}
I/System.out( 8393): }
W/ResourceType( 8393): No known package when getting name for resource number 0xffffffff
W/ResourceType( 8393): No known package when getting name for resource number 0xffffffff
W/ResourceType( 8393): No known package when getting name for resource number 0xffffffff
W/ResourceType( 8393): No known package when getting name for resource number 0xffffffff
W/ResourceType( 8393): No known package when getting name for resource number 0xffffffff
W/ResourceType( 8393): No known package when getting name for resource number 0xffffffff
W/ResourceType( 8393): No known package when getting name for resource number 0xffffffff
I/System.out( 8393): URI: /map
I/System.out( 8393): params: {json={"query":"* id:'agreeAndContinueButton'","operation":{"method_name":"query","arguments":[]}}
I/System.out( 8393): }
W/ResourceType( 8393): No known package when getting name for resource number 0xffffffff
W/ResourceType( 8393): No known package when getting name for resource number 0xffffffff
W/ResourceType( 8393): No known package when getting name for resource number 0xffffffff
W/ResourceType( 8393): No known package when getting name for resource number 0xffffffff
W/ResourceType( 8393): No known package when getting name for resource number 0xffffffff
W/ResourceType( 8393): No known package when getting name for resource number 0xffffffff
W/ResourceType( 8393): No known package when getting name for resource number 0xffffffff
I/ThermalEngine(  367): ACTION: GPU - Setting GPU[0] to 300000000
I/ThermalEngine(  367): Mitigation:GPU[0]:300000000 Hz
I/System.out( 8393): URI: /map
I/System.out( 8393): params: {json={"query":"* id:'agreeAndContinueButton'","operation":{"method_name":"query","arguments":[]}}
I/System.out( 8393): }
I/ThermalEngine(  367): ACTION: CPU - Setting CPU[0] to 1728000
I/ThermalEngine(  367): ACTION: CPU - Setting CPU[1] to 1728000
I/ThermalEngine(  367): ACTION: CPU - Setting CPU[2] to 1728000
I/ThermalEngine(  367): ACTION: CPU - Setting CPU[3] to 1728000
W/ResourceType( 8393): No known package when getting name for resource number 0xffffffff
W/ResourceType( 8393): No known package when getting name for resource number 0xffffffff
W/ResourceType( 8393): No known package when getting name for resource number 0xffffffff
W/ResourceType( 8393): No known package when getting name for resource number 0xffffffff
W/ResourceType( 8393): No known package when getting name for resource number 0xffffffff
W/ResourceType( 8393): No known package when getting name for resource number 0xffffffff
W/ResourceType( 8393): No known package when getting name for resource number 0xffffffff
I/art     ( 8393): Explicit concurrent mark sweep GC freed 99227(3MB) AllocSpace objects, 7(112KB) LOS objects, 37% free, 26MB/42MB, paused 1.346ms total 40.610ms
I/art     ( 8393): Explicit concurrent mark sweep GC freed 7881(387KB) AllocSpace objects, 2(32KB) LOS objects, 37% free, 26MB/42MB, paused 991us total 27.038ms
I/art     ( 8393): Explicit concurrent mark sweep GC freed 29(1560B) AllocSpace objects, 0(0B) LOS objects, 37% free, 26MB/42MB, paused 2.033ms total 24.244ms
I/art     ( 8393): Explicit concurrent mark sweep GC freed 17(1056B) AllocSpace objects, 0(0B) LOS objects, 37% free, 26MB/42MB, paused 1.169ms total 23.821ms
I/art     ( 8393): Explicit concurrent mark sweep GC freed 17(1056B) AllocSpace objects, 0(0B) LOS objects, 37% free, 26MB/42MB, paused 1.241ms total 25.473ms
I/System.out( 8393): URI: /
I/System.out( 8393): params: {json={"command":"touch_coordinate","arguments":[720.0,2273.0]}
I/System.out( 8393): }
I/System.out( 8393): header: {content-length=57, host=devicehost46.prod, x-session-token=token-token-fb3d2762-cbf3-49af-b404-67573acbf1ff, x-forwarded-for=10.222.150.11, content-type=application/json; charset=utf-8, connection=close}
I/System.out( 8393): params: {json={"command":"touch_coordinate","arguments":[720.0,2273.0]}
I/System.out( 8393): }
I/System.out( 8393): ProP json = {"command":"touch_coordinate","arguments":[720.0,2273.0]}
I/System.out( 8393): files: {}
I/System.out( 8393): command: {"command":"touch_coordinate","arguments":[720.0,2273.0]}
I/InstrumentationBackend( 8393): Got command:'Command:'Line:null,touch_coordinate', arguments:'[720.0, 2273.0]'
D/Mono    ( 8393): DllImport searching in: '__Internal' ('(null)').
D/Mono    ( 8393): Searching for 'java_interop_jnienv_call_nonvirtual_int_method_a'.
D/Mono    ( 8393): Probing 'java_interop_jnienv_call_nonvirtual_int_method_a'.
