<![CDATA[D/Finsky  ( 3500): [1] 5.onFinished: Installation state replication succeeded.
E/WifiStateMachine(  817): WifiStateMachine CMD_START_SCAN source -2 txSuccessRate=0.05 rxSuccessRate=0.04 targetRoamBSSID=any RSSI=-52
E/WifiStateMachine(  817): WifiStateMachine starting scan for "xtc-ag"WPA_PSK with 5240,2437,5180

]]><xtc-scenario name="[0-1013]CareerBuilder_Search.DroidFeatureTests.ExpiredJobPageTests.MenuBackButtonGoesBackToSavedJobs" id="[0-1013]CareerBuilder_Search.DroidFeatureTests.ExpiredJobPageTests.MenuBackButtonGoesBackToSavedJobs"><![CDATA[

]]><xtc-step name="[0-1013]CareerBuilder_Search.DroidFeatureTests.ExpiredJobPageTests.MenuBackButtonGoesBackToSavedJobs-MenuBackButtonGoesBackToSavedJobs" id="[0-1013]CareerBuilder_Search.DroidFeatureTests.ExpiredJobPageTests.MenuBackButtonGoesBackToSavedJobs-MenuBackButtonGoesBackToSavedJobs"><![CDATA[
D/AndroidRuntime( 6703): >>>>>> START com.android.internal.os.RuntimeInit uid 2000 <<<<<<
D/AndroidRuntime( 6703): CheckJNI is OFF
D/AndroidRuntime( 6703): Calling main entry com.android.commands.pm.Pm
I/art     ( 6703): System.exit called, status: 0
I/AndroidRuntime( 6703): VM exiting with result code 0.
I/VacuumService( 2123): Vacuum at: now=1489596433420 tag=VacuumService
W/IntentService[D( 6833): type=1400 audit(0.0:18): avc: denied { read } for name="/" dev="tmpfs" ino=10241 scontext=u:r:untrusted_app:s0 tcontext=u:object_r:device:s0 tclass=dir permissive=0
W/InstanceID/Rpc( 5882): Found 10014
I/MS_ScheduledTaskService( 1801): Executing task with tag:gms:matchstick:register
D/WVCdm   (  356): Instantiating CDM.
I/WVCdm   (  356): CdmEngine::OpenSession
I/WVCdm   (  356): Level3 Library Dec 11 2014 16:13:16
W/WVCdm   (  356): Could not read /data/mediadrm/IDM1013/ay64.dat2: No such file or directory
D/DrmWidevineDash(  356): OEMCrypto_Initialize: starts! g_qsee_apps_version = 0x11
D/DrmWidevineDash(  356): Service_Initialize: starts!
D/QSEECOMAPI: (  356): QSEECom_get_handle sb_length = 0x19000
D/QSEECOMAPI: (  356): App is not loaded in QSEE
I/MS_RegisterService( 1801): RegisterService intent:Intent { act=com.google.android.gms.matchstick.register_intent_action cat=[targeted_intent_op_prefix:com.google.android.libraries.matchstick.net.SilentRegisterIntentOperation] cmp=com.google.android.gms/.chimera.GmsIntentOperationService } isPeriodic:false
I/MS_PhoneUtils( 1801): Phone type: 1
I/MS_RegisterService( 1801): Doing full registration.
I/art     (  817): Explicit concurrent mark sweep GC freed 63844(3MB) AllocSpace objects, 7(110KB) LOS objects, 29% free, 39MB/55MB, paused 1.051ms total 48.368ms
D/QSEECOMAPI: (  356): Loaded image: APP id = 3
D/DrmWidevineDash(  356): Service_Initialize: ends! returns 0
D/DrmWidevineDash(  356): OEMCrypto_Initialize sion_buffer g_wv_fhandle->ion_sbuffer  0x0xb4413000
E/DrmWidevineDash(  356): sion_buffer g_wv_fhandle->ion_sbuffer  0x0xb4413000
D/DrmLibTime(  313): got the req here! ret=0
D/DrmLibTime(  313): command id, time_cmd_id = 770
D/DrmLibTime(  313): time_getutcsec starts!
D/DrmLibTime(  313): QSEE Time Listener: time_getutcsec
D/DrmLibTime(  313): QSEE Time Listener: get_utc_seconds
D/DrmLibTime(  313): QSEE Time Listener: seconds: 1489596434
D/DrmLibTime(  313): QSEE Time Listener: nano seconds: 998917374
D/DrmLibTime(  313): time_getutcsec returns 0, sec = 1489596434; nsec = 998917374
D/DrmLibTime(  313): time_getutcsec finished! 
D/DrmLibTime(  313): iotcl_continue_command finished! and return 0 
D/DrmLibTime(  313): before calling ioctl to read the next time_cmd
D/DrmWidevineDash(  356): OEMCrypto_Initialize: ends! returns 0
D/DrmWidevineDash(  356): OEMCrypto_APIVersion: starts!
D/DrmWidevineDash(  356): hlos api version =  9
D/DrmWidevineDash(  356): tz api version =  9
D/DrmWidevineDash(  356): OEMCrypto_APIVersion: ends! returns version 9
D/DrmWidevineDash(  356): OEMCrypto_IsKeyboxValid: starts!
D/DrmWidevineDash(  356): OEMCrypto_IsKeyboxValid: ends! returns 0
D/WVCdm   (  356): OEMCrypto_Initialize Level 1 success. I will use level 1.
D/DrmWidevineDash(  356): OEMCrypto_OpenSession: starts! SID=0xb3f01940
D/DrmWidevineDash(  356): OEMCrypto_OpenSession SID = 1
D/DrmWidevineDash(  356): OEMCrypto_OpenSession: ends! returns 0
D/DrmWidevineDash(  356): OEMCrypto_GetRandom: starts! randomData=0xb5876690, dataLength=8
D/DrmWidevineDash(  356): OEMCrypto_GetRandom: ends! returns 0
D/DrmWidevineDash(  356): OEMCrypto_LoadDeviceRSAKey: starts!SID=1, wrapped_rsa_key=0xb4d84e00, wrapped_rsa_key_length=1280
D/DrmWidevineDash(  356): OEMCrypto_LoadDeviceRSAKey: ends! returns 0
I/WVCdm   (  356): CdmEngine::QueryKeyControlInfo
W/WVCdm   (  356): BufferReader::Read<T> : Failure during parse: Not enough bytes (4)
W/WVCdm   (  356): CdmEngine::ExtractWidevinePssh: Unable to read PSSH atom size
I/WVCdm   (  356): CdmEngine::GenerateKeyRequest
D/DrmWidevineDash(  356): OEMCrypto_GetDeviceID: starts! deviceID=0xb4fbfc40, idLength=0xbeb492f0
D/DrmWidevineDash(  356): OEMCrypto_GetDeviceID: ends! returns 0
D/DrmWidevineDash(  356): OEMCrypto_SupportsUsageTable: starts!
D/DrmWidevineDash(  356): OEMCrypto_SupportsUsageTable: is_supported = 1
D/DrmWidevineDash(  356): OEMCrypto_SupportsUsageTable: wv_app_version = 21
D/DrmWidevineDash(  356): OEMCrypto_SupportsUsageTable: ends! returns 0x0
D/DrmWidevineDash(  356): OEMCrypto_GetHDCPCapability: starts!
D/DrmWidevineDash(  356): OEMCrypto_GetHDCPCapability: ends! returns 0x0
D/DrmWidevineDash(  356): OEMCrypto_APIVersion: starts!
D/DrmWidevineDash(  356): hlos api version =  9
D/DrmWidevineDash(  356): tz api version =  9
D/DrmWidevineDash(  356): OEMCrypto_APIVersion: ends! returns version 9
D/DrmWidevineDash(  356): OEMCrypto_GenerateNonce: starts! SID=1
D/DrmWidevineDash(  356): OEMCrypto_GenerateNonce: ends! returns 0
D/WVCdm   (  356): PrepareKeyRequest: nonce=3806336120
D/DrmWidevineDash(  356): OEMCrypto_GenerateRSASignature starts! SID=1, message=0xb4fd7d00
D/DrmWidevineDash(  356): message_length=1599, signature=0xb40343c0, signature_length=3199505108
W/Binder_1( 5897): type=1400 audit(0.0:19): avc: denied { read } for name="/" dev="tmpfs" ino=10241 scontext=u:r:untrusted_app:s0 tcontext=u:object_r:device:s0 tclass=dir permissive=0
I/art     ( 1801): Explicit concurrent mark sweep GC freed 49180(2MB) AllocSpace objects, 17(272KB) LOS objects, 20% free, 31MB/39MB, paused 1.218ms total 50.342ms
I/MS_RegisterService( 1801): Throttling registration.
D/DrmWidevineDash(  356): OEMCrypto_GenerateRSASignature returns 0
I/WVCdm   (  356): CdmEngine::CloseSession
D/DrmWidevineDash(  356): OEMCrypto_CloseSession: starts! SID=1
D/DrmWidevineDash(  356): OEMCrypto_CloseSession: ends! returns 0
I/WVCdm   (  356): L3 Terminate.
D/DrmWidevineDash(  356): OEMCrypto_Terminate: starts!
D/DrmWidevineDash(  356): Service_Uninitialize: starts!
D/QSEECOMAPI: (  356): QSEECom_dealloc_memory 
D/QSEECOMAPI: (  356): QSEECom_shutdown_app, app_id = 3
D/DrmWidevineDash(  356): Service_Uninitialize: ends! returns 0x0
D/DrmWidevineDash(  356): OEMCrypto_Terminate: ends! returns 0
I/WVCdm   (  356): CdmEngine::OpenSession
I/WVCdm   (  356): Level3 Library Dec 11 2014 16:13:16
W/WVCdm   (  356): Could not read /data/mediadrm/IDM1013/ay64.dat2: No such file or directory
D/DrmWidevineDash(  356): OEMCrypto_Initialize: starts! g_qsee_apps_version = 0x11
D/DrmWidevineDash(  356): Service_Initialize: starts!
D/QSEECOMAPI: (  356): QSEECom_get_handle sb_length = 0x19000
D/QSEECOMAPI: (  356): App is not loaded in QSEE
I/Adreno  ( 5882): EGLInit: QTI Build: 01/29/15, 1bccc5d, I0ba6dce82d
D/QSEECOMAPI: (  356): Loaded image: APP id = 3
D/DrmWidevineDash(  356): Service_Initialize: ends! returns 0
D/DrmWidevineDash(  356): OEMCrypto_Initialize sion_buffer g_wv_fhandle->ion_sbuffer  0x0xb4413000
E/DrmWidevineDash(  356): sion_buffer g_wv_fhandle->ion_sbuffer  0x0xb4413000
D/DrmLibTime(  313): got the req here! ret=0
D/DrmLibTime(  313): command id, time_cmd_id = 770
D/DrmLibTime(  313): time_getutcsec starts!
D/DrmLibTime(  313): QSEE Time Listener: time_getutcsec
D/DrmLibTime(  313): QSEE Time Listener: get_utc_seconds
D/DrmLibTime(  313): QSEE Time Listener: seconds: 1489596435
D/DrmLibTime(  313): QSEE Time Listener: nano seconds: 423727010
D/DrmLibTime(  313): time_getutcsec returns 0, sec = 1489596435; nsec = 423727010
D/DrmLibTime(  313): time_getutcsec finished! 
D/DrmLibTime(  313): iotcl_continue_command finished! and return 0 
D/DrmLibTime(  313): before calling ioctl to read the next time_cmd
D/DrmWidevineDash(  356): OEMCrypto_Initialize: ends! returns 0
D/DrmWidevineDash(  356): OEMCrypto_APIVersion: starts!
D/DrmWidevineDash(  356): hlos api version =  9
D/DrmWidevineDash(  356): tz api version =  9
D/DrmWidevineDash(  356): OEMCrypto_APIVersion: ends! returns version 9
D/DrmWidevineDash(  356): OEMCrypto_IsKeyboxValid: starts!
D/DrmWidevineDash(  356): OEMCrypto_IsKeyboxValid: ends! returns 0
D/WVCdm   (  356): OEMCrypto_Initialize Level 1 success. I will use level 1.
D/DrmWidevineDash(  356): OEMCrypto_OpenSession: starts! SID=0xbeb49520
D/DrmWidevineDash(  356): OEMCrypto_OpenSession SID = 1
D/DrmWidevineDash(  356): OEMCrypto_OpenSession: ends! returns 0
D/DrmWidevineDash(  356): OEMCrypto_GetRandom: starts! randomData=0xb58762a0, dataLength=8
D/DrmWidevineDash(  356): OEMCrypto_GetRandom: ends! returns 0
D/DrmWidevineDash(  356): OEMCrypto_LoadDeviceRSAKey: starts!SID=1, wrapped_rsa_key=0xb400c200, wrapped_rsa_key_length=1280
D/DrmWidevineDash(  356): OEMCrypto_LoadDeviceRSAKey: ends! returns 0
I/WVCdm   (  356): CdmEngine::QueryKeyControlInfo
W/WVCdm   (  356): BufferReader::Read<T> : Failure during parse: Not enough bytes (4)
W/WVCdm   (  356): CdmEngine::ExtractWidevinePssh: Unable to read PSSH atom size
I/WVCdm   (  356): CdmEngine::GenerateKeyRequest
D/DrmWidevineDash(  356): OEMCrypto_GetDeviceID: starts! deviceID=0xb4fbfc40, idLength=0xb3e03710
I/Adreno  ( 5882): EGLInit: QTI Build: 01/29/15, 1bccc5d, I0ba6dce82d
D/DrmWidevineDash(  356): OEMCrypto_GetDeviceID: ends! returns 0
D/DrmWidevineDash(  356): OEMCrypto_SupportsUsageTable: starts!
D/DrmWidevineDash(  356): OEMCrypto_SupportsUsageTable: is_supported = 1
D/DrmWidevineDash(  356): OEMCrypto_SupportsUsageTable: wv_app_version = 21
D/DrmWidevineDash(  356): OEMCrypto_SupportsUsageTable: ends! returns 0x0
D/DrmWidevineDash(  356): OEMCrypto_GetHDCPCapability: starts!
D/DrmWidevineDash(  356): OEMCrypto_GetHDCPCapability: ends! returns 0x0
D/DrmWidevineDash(  356): OEMCrypto_APIVersion: starts!
D/DrmWidevineDash(  356): hlos api version =  9
D/DrmWidevineDash(  356): tz api version =  9
D/DrmWidevineDash(  356): OEMCrypto_APIVersion: ends! returns version 9
D/DrmWidevineDash(  356): OEMCrypto_GenerateNonce: starts! SID=1
D/DrmWidevineDash(  356): OEMCrypto_GenerateNonce: ends! returns 0
D/WVCdm   (  356): PrepareKeyRequest: nonce=4240832578
D/DrmWidevineDash(  356): OEMCrypto_GenerateRSASignature starts! SID=1, message=0xb406a200
D/DrmWidevineDash(  356): message_length=1599, signature=0xb58809c0, signature_length=3017815796
D/DrmWidevineDash(  356): OEMCrypto_GenerateRSASignature returns 0
I/WVCdm   (  356): CdmEngine::CloseSession
D/DrmWidevineDash(  356): OEMCrypto_CloseSession: starts! SID=1
D/DrmWidevineDash(  356): OEMCrypto_CloseSession: ends! returns 0
I/WVCdm   (  356): L3 Terminate.
D/DrmWidevineDash(  356): OEMCrypto_Terminate: starts!
D/DrmWidevineDash(  356): Service_Uninitialize: starts!
D/QSEECOMAPI: (  356): QSEECom_dealloc_memory 
D/QSEECOMAPI: (  356): QSEECom_shutdown_app, app_id = 3
D/DrmWidevineDash(  356): Service_Uninitialize: ends! returns 0x0
D/DrmWidevineDash(  356): OEMCrypto_Terminate: ends! returns 0
W/Binder_3( 5934): type=1400 audit(0.0:20): avc: denied { read } for name="/" dev="tmpfs" ino=10241 scontext=u:r:untrusted_app:s0 tcontext=u:object_r:device:s0 tclass=dir permissive=0
I/Adreno  ( 5882): EGLInit: QTI Build: 01/29/15, 1bccc5d, I0ba6dce82d
I/Adreno  ( 5882): EGLInit: QTI Build: 01/29/15, 1bccc5d, I0ba6dce82d
W/Conscrypt( 2123): Could not set socket write timeout: null
W/Conscrypt( 2123): Could not set socket write timeout: null
I/GoogleURLConnFactory( 2123): Using platform SSLCertificateSocketFactory
I/GoogleURLConnFactory( 2123): Using platform SSLCertificateSocketFactory
W/Uploader( 2123):  no longer exists, so no auth token.
E/WifiStateMachine(  817): WifiStateMachine CMD_START_SCAN source -2 txSuccessRate=42.00 rxSuccessRate=41.50 targetRoamBSSID=any RSSI=-52
I/GoogleURLConnFactory( 2123): Using platform SSLCertificateSocketFactory
I/GoogleURLConnFactory( 2123): Using platform SSLCertificateSocketFactory
W/ProcessCpuTracker(  817): Skipping unknown process pid 7086
W/ip      ( 7283): type=1400 audit(0.0:21): avc: denied { search } for name="net" dev="dm-0" ino=1081351 scontext=u:r:shell:s0 tcontext=u:object_r:net_data_file:s0 tclass=dir permissive=0
E/WifiStateMachine(  817): WifiStateMachine CMD_START_SCAN source -2 txSuccessRate=0.73 rxSuccessRate=0.85 targetRoamBSSID=any RSSI=-52
D/AndroidRuntime( 7405): >>>>>> START com.android.internal.os.RuntimeInit uid 2000 <<<<<<
D/AndroidRuntime( 7405): CheckJNI is OFF
D/AndroidRuntime( 7405): Calling main entry com.android.commands.am.Am
W/ActivityManager(  817): Invalid packageName: com.careerbuilder.SugarDrone
D/AndroidRuntime( 7405): Shutting down VM
I/kickstart(  864): STATUS: SAHARA_HELLO: hw_info = 0x01030710, pwrup_reason = 0x00004000
I/kickstart(  864): STATUS: Wrote to /sys/power/wake_lock
E/kickstart(  864): ERROR: function: open_file:195 filename = /dev/block/platform/msm_sdcc.1/by-name/mdm1m9kefs1
I/kickstart(  864): STATUS: Opening file '/dev/block/platform/msm_sdcc.1/by-name/mdm1m9kefs1' for writing
I/kickstart(  864): STATUS: Received file 'm9kefs1'
I/kickstart(  864): STATUS: 950272 bytes transferred in 0.962632 seconds
I/kickstart(  864): STATUS: Successfully downloaded files from target 
I/kickstart(  864): STATUS: Wrote to /sys/power/wake_unlock
I/kickstart(  864): STATUS: Sahara protocol completed
E/WifiStateMachine(  817): WifiStateMachine CMD_START_SCAN source -2 txSuccessRate=0.00 rxSuccessRate=0.25 targetRoamBSSID=any RSSI=-51
E/WifiStateMachine(  817): WifiStateMachine starting scan for "xtc-ag"WPA_PSK with 5240,2437,5180
D/AndroidRuntime( 7972): >>>>>> START com.android.internal.os.RuntimeInit uid 2000 <<<<<<
D/AndroidRuntime( 7972): CheckJNI is OFF
D/AndroidRuntime( 7972): Calling main entry com.android.commands.pm.Pm
D/DefContainer( 6197): Copying /data/local/tmp/0000003056 to base.apk
E/WifiStateMachine(  817): WifiStateMachine CMD_START_SCAN source -2 txSuccessRate=0.00 rxSuccessRate=0.25 targetRoamBSSID=any RSSI=-52
E/WifiStateMachine(  817): WifiStateMachine starting scan for "xtc-ag"WPA_PSK with 5240,2437,5180
D/PackageManager(  817): Renaming /data/app/vmdl12309582.tmp to /data/app/com.careerbuilder.SugarDrone-1
I/PackageManager(  817): Running dexopt on: /data/app/com.careerbuilder.SugarDrone-1/base.apk pkg=com.careerbuilder.SugarDrone isa=arm vmSafeMode=false
I/dex2oat ( 8032): /system/bin/dex2oat --zip-fd=6 --zip-location=/data/app/com.careerbuilder.SugarDrone-1/base.apk --oat-fd=7 --oat-location=/data/dalvik-cache/arm/data@app@com.careerbuilder.SugarDrone-1@base.apk@classes.dex --instruction-set=arm --instruction-set-features=div --runtime-arg -Xms64m --runtime-arg -Xmx512m --swap-fd=8
I/dex2oat ( 8032): Decided to run without swap.
W/dex2oat ( 8032): Before Android 4.1, method android.graphics.PorterDuffColorFilter android.support.graphics.drawable.VectorDrawableCompat.updateTintFilter(android.graphics.PorterDuffColorFilter, android.content.res.ColorStateList, android.graphics.PorterDuff$Mode) would have incorrectly overridden the package-private method in android.graphics.drawable.Drawable
W/dex2oat ( 8032): Before Android 4.1, method int android.support.v7.widget.ListViewCompat.lookForSelectablePosition(int, boolean) would have incorrectly overridden the package-private method in android.widget.ListView
I/dex2oat ( 8032): dex2oat took 5.146s (threads: 4) arena alloc=138KB java alloc=8MB native alloc=10MB free=9MB
W/PackageManager(  817): Not granting permission android.permission.MANAGE_DOCUMENTS to package com.careerbuilder.SugarDrone (protectionLevel=2 flags=0x8be46)
W/PackageManager(  817): Not granting permission android.permission.MOUNT_UNMOUNT_FILESYSTEMS to package com.careerbuilder.SugarDrone (protectionLevel=18 flags=0x8be46)
V/BackupManagerService(  817): restoreAtInstall pkg=com.careerbuilder.SugarDrone token=6 restoreSet=0
V/BackupManagerService(  817): Finishing install immediately
W/Settings(  817): Setting install_non_market_apps has moved from android.provider.Settings.Global to android.provider.Settings.Secure, returning read-only value.
D/BuaReceiver( 3758): ====== got intent:Intent { act=android.intent.action.PACKAGE_ADDED dat=package:com.careerbuilder.SugarDrone flg=0x4000010 cmp=com.motorola.android.buacontactadapter/.BuaReceiver (has extras) }
I/InputReader(  817): Reconfiguring input devices.  changes=0x00000010
W/InputMethodInfo(  817): Duplicated subtype definition found: , voice
I/UpdateIcingCorporaServi( 2867): Updating corpora: APPS=com.careerbuilder.SugarDrone, CONTACTS=MAYBE
D/BackupManagerService(  817): Received broadcast Intent { act=android.intent.action.PACKAGE_ADDED dat=package:com.careerbuilder.SugarDrone flg=0x4000010 (has extras) }
W/BackupManagerService(  817): Removing schedule queue dupe of com.careerbuilder.SugarDrone
D/Wear_Controller( 1801): Received broadcast action=android.intent.action.PACKAGE_ADDED and uri=com.careerbuilder.SugarDrone
I/PeopleContactsSync( 1801): triggerPendingContactsCleanup: no accounts
W/IcingInternalCorpora( 1801): getNumBytesRead when not calculated.
I/Icing   ( 1801): Usage reports 0 indexed 0 rejected 0 imm upload true
I/ApplicationLogger( 2867): canRun() : Opted Out
I/UpdateIcingCorporaServi( 2867): UpdateCorporaTask done [took 266 ms] updated apps [took 266 ms] 
I/art     ( 2123): Explicit concurrent mark sweep GC freed 82599(4MB) AllocSpace objects, 41(678KB) LOS objects, 34% free, 30MB/46MB, paused 1.543ms total 51.758ms
I/art     (  817): Explicit concurrent mark sweep GC freed 165170(7MB) AllocSpace objects, 36(5MB) LOS objects, 30% free, 35MB/51MB, paused 5.541ms total 381.723ms
I/art     ( 7972): System.exit called, status: 0
I/AndroidRuntime( 7972): VM exiting with result code 0.
I/Icing   ( 1801): Usage reports 0 indexed 0 rejected 0 imm upload false
I/Icing   ( 1801): Usage reports 0 indexed 0 rejected 0 imm upload false
D/AndroidRuntime( 8166): >>>>>> START com.android.internal.os.RuntimeInit uid 2000 <<<<<<
D/AndroidRuntime( 8166): CheckJNI is OFF
D/AndroidRuntime( 8166): Calling main entry com.android.commands.settings.SettingsCmd
D/AndroidRuntime( 8166): Shutting down VM
I/Icing   ( 1801): Indexing 5857C432E38C357D59A45613F71B5CE6A1F5ACF9 from com.google.android.googlequicksearchbox
D/AndroidRuntime( 8189): >>>>>> START com.android.internal.os.RuntimeInit uid 2000 <<<<<<
D/AndroidRuntime( 8189): CheckJNI is OFF
I/Icing   ( 1801): Indexing done 5857C432E38C357D59A45613F71B5CE6A1F5ACF9
I/Icing   ( 1801): Indexing DDCF6DAD3E5097999D53601C20AFC1A77BF2BDAF from com.google.android.gms
D/AndroidRuntime( 8189): Calling main entry com.android.commands.settings.SettingsCmd
D/AndroidRuntime( 8189): Shutting down VM
I/Icing   ( 1801): Indexing done DDCF6DAD3E5097999D53601C20AFC1A77BF2BDAF
D/AndroidRuntime( 8215): >>>>>> START com.android.internal.os.RuntimeInit uid 2000 <<<<<<
D/AndroidRuntime( 8215): CheckJNI is OFF
D/AndroidRuntime( 8215): Calling main entry com.android.commands.settings.SettingsCmd
D/AndroidRuntime( 8215): Shutting down VM
D/AndroidRuntime( 8239): >>>>>> START com.android.internal.os.RuntimeInit uid 2000 <<<<<<
D/AndroidRuntime( 8239): CheckJNI is OFF
D/AndroidRuntime( 8239): Calling main entry com.android.commands.settings.SettingsCmd
D/AndroidRuntime( 8239): Shutting down VM
D/AndroidRuntime( 8261): >>>>>> START com.android.internal.os.RuntimeInit uid 2000 <<<<<<
D/AndroidRuntime( 8261): CheckJNI is OFF
D/AndroidRuntime( 8261): Calling main entry com.android.commands.settings.SettingsCmd
D/AndroidRuntime( 8261): Shutting down VM
D/AndroidRuntime( 8286): >>>>>> START com.android.internal.os.RuntimeInit uid 2000 <<<<<<
D/AndroidRuntime( 8286): CheckJNI is OFF
I/ThermalEngine(  364): ACTION: GPU - Setting GPU[0] to 500000000
I/ThermalEngine(  364): Mitigation:GPU[0]:500000000 Hz
I/ThermalEngine(  364): ACTION: CPU - Setting CPU[0] to 2572800
I/ThermalEngine(  364): ACTION: CPU - Setting CPU[1] to 2572800
I/ThermalEngine(  364): ACTION: CPU - Setting CPU[2] to 2572800
I/ThermalEngine(  364): ACTION: CPU - Setting CPU[3] to 2572800
D/AndroidRuntime( 8286): Calling main entry com.android.commands.pm.Pm
I/art     ( 8286): System.exit called, status: 0
I/AndroidRuntime( 8286): VM exiting with result code 0.
D/AndroidRuntime( 8344): >>>>>> START com.android.internal.os.RuntimeInit uid 2000 <<<<<<
D/AndroidRuntime( 8344): CheckJNI is OFF
D/AndroidRuntime( 8344): Calling main entry com.android.commands.pm.Pm
I/art     ( 8344): System.exit called, status: 0
I/AndroidRuntime( 8344): VM exiting with result code 0.
I/ThermalEngine(  364): ACTION: GPU - Setting GPU[0] to 389000000
I/ThermalEngine(  364): Mitigation:GPU[0]:389000000 Hz
I/ThermalEngine(  364): ACTION: CPU - Setting CPU[0] to 2496000
I/ThermalEngine(  364): ACTION: CPU - Setting CPU[1] to 2496000
I/ThermalEngine(  364): ACTION: CPU - Setting CPU[2] to 2496000
I/ThermalEngine(  364): ACTION: CPU - Setting CPU[3] to 2496000
D/AndroidRuntime( 8438): >>>>>> START com.android.internal.os.RuntimeInit uid 2000 <<<<<<
D/AndroidRuntime( 8438): CheckJNI is OFF
D/AndroidRuntime( 8438): Calling main entry com.android.commands.am.Am
W/ActivityManager(  817): Invalid packageName: com.careerbuilder.SugarDrone.test
D/AndroidRuntime( 8438): Shutting down VM
I/ThermalEngine(  364): ACTION: GPU - Setting GPU[0] to 300000000
I/ThermalEngine(  364): Mitigation:GPU[0]:300000000 Hz
I/ThermalEngine(  364): ACTION: CPU - Setting CPU[0] to 2457600
I/ThermalEngine(  364): ACTION: CPU - Setting CPU[1] to 2457600
I/ThermalEngine(  364): ACTION: CPU - Setting CPU[2] to 2457600
I/ThermalEngine(  364): ACTION: CPU - Setting CPU[3] to 2457600
D/AndroidRuntime( 8468): >>>>>> START com.android.internal.os.RuntimeInit uid 2000 <<<<<<
D/AndroidRuntime( 8468): CheckJNI is OFF
D/AndroidRuntime( 8468): Calling main entry com.android.commands.pm.Pm
D/DefContainer( 6197): Copying /data/local/tmp/0000003057 to base.apk
D/PackageManager(  817): Renaming /data/app/vmdl910512246.tmp to /data/app/com.careerbuilder.SugarDrone.test-1
I/PackageManager(  817): Running dexopt on: /data/app/com.careerbuilder.SugarDrone.test-1/base.apk pkg=com.careerbuilder.SugarDrone.test isa=arm vmSafeMode=false
I/dex2oat ( 8490): /system/bin/dex2oat --zip-fd=6 --zip-location=/data/app/com.careerbuilder.SugarDrone.test-1/base.apk --oat-fd=7 --oat-location=/data/dalvik-cache/arm/data@app@com.careerbuilder.SugarDrone.test-1@base.apk@classes.dex --instruction-set=arm --instruction-set-features=div --runtime-arg -Xms64m --runtime-arg -Xmx512m --swap-fd=8
I/dex2oat ( 8490): Decided to run without swap.
I/dex2oat ( 8490): dex2oat took 1.834s (threads: 4) arena alloc=1863KB java alloc=1932KB native alloc=6MB free=9MB
V/BackupManagerService(  817): restoreAtInstall pkg=com.careerbuilder.SugarDrone.test token=7 restoreSet=0
V/BackupManagerService(  817): Finishing install immediately
W/InputMethodInfo(  817): Duplicated subtype definition found: , voice
W/Settings(  817): Setting install_non_market_apps has moved from android.provider.Settings.Global to android.provider.Settings.Secure, returning read-only value.
I/InputReader(  817): Reconfiguring input devices.  changes=0x00000010
D/BuaReceiver( 3758): ====== got intent:Intent { act=android.intent.action.PACKAGE_ADDED dat=package:com.careerbuilder.SugarDrone.test flg=0x4000010 cmp=com.motorola.android.buacontactadapter/.BuaReceiver (has extras) }
I/UpdateIcingCorporaServi( 2867): Updating corpora: APPS=com.careerbuilder.SugarDrone.test, CONTACTS=MAYBE
D/BackupManagerService(  817): Received broadcast Intent { act=android.intent.action.PACKAGE_ADDED dat=package:com.careerbuilder.SugarDrone.test flg=0x4000010 (has extras) }
W/BackupManagerService(  817): Removing schedule queue dupe of com.careerbuilder.SugarDrone.test
I/ApplicationLogger( 2867): canRun() : Opted Out
I/UpdateIcingCorporaServi( 2867): UpdateCorporaTask done [took 35 ms] updated apps [took 35 ms] 
I/PeopleContactsSync( 1801): triggerPendingContactsCleanup: no accounts
D/Wear_Controller( 1801): Received broadcast action=android.intent.action.PACKAGE_ADDED and uri=com.careerbuilder.SugarDrone.test
W/IcingInternalCorpora( 1801): getNumBytesRead when not calculated.
I/Icing   ( 1801): Usage reports 0 indexed 0 rejected 0 imm upload false
I/Icing   ( 1801): Usage reports 0 indexed 0 rejected 0 imm upload false
I/art     (  817): Explicit concurrent mark sweep GC freed 80161(4MB) AllocSpace objects, 11(175KB) LOS objects, 30% free, 35MB/51MB, paused 5.880ms total 268.367ms
I/art     ( 8468): System.exit called, status: 0
I/AndroidRuntime( 8468): VM exiting with result code 0.
I/ThermalEngine(  364): ACTION: CPU - Setting CPU[0] to 2265600
I/ThermalEngine(  364): ACTION: CPU - Setting CPU[1] to 2265600
I/ThermalEngine(  364): ACTION: CPU - Setting CPU[2] to 2265600
I/ThermalEngine(  364): ACTION: CPU - Setting CPU[3] to 2265600
D/AndroidRuntime( 8567): >>>>>> START com.android.internal.os.RuntimeInit uid 2000 <<<<<<
D/AndroidRuntime( 8567): CheckJNI is OFF
W/ip      ( 8583): type=1400 audit(0.0:22): avc: denied { search } for name="net" dev="dm-0" ino=1081351 scontext=u:r:shell:s0 tcontext=u:object_r:net_data_file:s0 tclass=dir permissive=0
D/AndroidRuntime( 8567): Calling main entry com.android.commands.settings.SettingsCmd
D/AndroidRuntime( 8567): Shutting down VM
D/AndroidRuntime( 8592): >>>>>> START com.android.internal.os.RuntimeInit uid 2000 <<<<<<
D/AndroidRuntime( 8592): CheckJNI is OFF
D/AndroidRuntime( 8592): Calling main entry com.android.commands.settings.SettingsCmd
D/AndroidRuntime( 8592): Shutting down VM
I/Icing   ( 1801): Indexing DDCF6DAD3E5097999D53601C20AFC1A77BF2BDAF from com.google.android.gms
I/Icing   ( 1801): Indexing done DDCF6DAD3E5097999D53601C20AFC1A77BF2BDAF
D/AndroidRuntime( 8617): >>>>>> START com.android.internal.os.RuntimeInit uid 2000 <<<<<<
D/AndroidRuntime( 8617): CheckJNI is OFF
D/AndroidRuntime( 8617): Calling main entry com.android.commands.settings.SettingsCmd
D/AndroidRuntime( 8617): Shutting down VM
E/WifiStateMachine(  817): WifiStateMachine CMD_START_SCAN source -2 txSuccessRate=0.34 rxSuccessRate=0.27 targetRoamBSSID=any RSSI=-51
D/AndroidRuntime( 8644): >>>>>> START com.android.internal.os.RuntimeInit uid 2000 <<<<<<
D/AndroidRuntime( 8644): CheckJNI is OFF
D/AndroidRuntime( 8644): Calling main entry com.android.commands.settings.SettingsCmd
D/AndroidRuntime( 8644): Shutting down VM
D/AndroidRuntime( 8667): >>>>>> START com.android.internal.os.RuntimeInit uid 2000 <<<<<<
D/AndroidRuntime( 8667): CheckJNI is OFF
D/AndroidRuntime( 8667): Calling main entry com.android.commands.settings.SettingsCmd
D/AndroidRuntime( 8667): Shutting down VM
I/ThermalEngine(  364): ACTION: CPU - Setting CPU[0] to 1958400
I/ThermalEngine(  364): ACTION: CPU - Setting CPU[1] to 1958400
I/ThermalEngine(  364): ACTION: CPU - Setting CPU[2] to 1958400
I/ThermalEngine(  364): ACTION: CPU - Setting CPU[3] to 1958400
D/AndroidRuntime( 8692): >>>>>> START com.android.internal.os.RuntimeInit uid 2000 <<<<<<
E/WifiConfigStore(  817):  rewrite network history for "xtc"WPA_PSK
D/AndroidRuntime( 8692): CheckJNI is OFF
E/WifiConfigStore(  817): writeKnownNetworkHistory write linked 2
E/WifiConfigStore(  817): writeKnownNetworkHistory write linked 2
E/WifiConfigStore(  817): writeKnownNetworkHistory write linked 2
D/AndroidRuntime( 8692): Calling main entry com.android.commands.pm.Pm
I/art     ( 8692): System.exit called, status: 0
I/AndroidRuntime( 8692): VM exiting with result code 0.
D/AndroidRuntime( 8750): >>>>>> START com.android.internal.os.RuntimeInit uid 2000 <<<<<<
D/AndroidRuntime( 8750): CheckJNI is OFF
D/AndroidRuntime( 8750): Calling main entry com.android.commands.pm.Pm
I/art     ( 8750): System.exit called, status: 0
I/AndroidRuntime( 8750): VM exiting with result code 0.
I/ThermalEngine(  364): ACTION: GPU - Setting GPU[0] to 389000000
I/ThermalEngine(  364): Mitigation:GPU[0]:389000000 Hz
I/ThermalEngine(  364): ACTION: CPU - Setting CPU[0] to 2265600
I/ThermalEngine(  364): ACTION: CPU - Setting CPU[1] to 2265600
I/ThermalEngine(  364): ACTION: CPU - Setting CPU[2] to 2265600
I/ThermalEngine(  364): ACTION: CPU - Setting CPU[3] to 2265600
D/AndroidRuntime( 8823): >>>>>> START com.android.internal.os.RuntimeInit uid 2000 <<<<<<
D/AndroidRuntime( 8823): CheckJNI is OFF
D/AndroidRuntime( 8823): Calling main entry com.android.commands.input.Input
I/Input   ( 8823): injectKeyEvent: KeyEvent { action=ACTION_DOWN, keyCode=KEYCODE_BACK, scanCode=0, metaState=0, flags=0x0, repeatCount=0, eventTime=257871, downTime=257871, deviceId=-1, source=0x101 }
I/Input   ( 8823): injectKeyEvent: KeyEvent { action=ACTION_UP, keyCode=KEYCODE_BACK, scanCode=0, metaState=0, flags=0x0, repeatCount=0, eventTime=257871, downTime=257871, deviceId=-1, source=0x101 }
D/AndroidRuntime( 8823): Shutting down VM
I/ThermalEngine(  364): ACTION: GPU - Setting GPU[0] to 500000000
I/ThermalEngine(  364): Mitigation:GPU[0]:500000000 Hz
I/ThermalEngine(  364): ACTION: CPU - Setting CPU[0] to 2457600
I/ThermalEngine(  364): ACTION: CPU - Setting CPU[1] to 2457600
I/ThermalEngine(  364): ACTION: CPU - Setting CPU[2] to 2457600
I/ThermalEngine(  364): ACTION: CPU - Setting CPU[3] to 2457600
D/AndroidRuntime( 8877): >>>>>> START com.android.internal.os.RuntimeInit uid 2000 <<<<<<
D/AndroidRuntime( 8877): CheckJNI is OFF
D/AndroidRuntime( 8877): Calling main entry com.android.commands.input.Input
I/Input   ( 8877): injectKeyEvent: KeyEvent { action=ACTION_DOWN, keyCode=KEYCODE_HOME, scanCode=0, metaState=0, flags=0x0, repeatCount=0, eventTime=259414, downTime=259414, deviceId=-1, source=0x101 }
I/Input   ( 8877): injectKeyEvent: KeyEvent { action=ACTION_UP, keyCode=KEYCODE_HOME, scanCode=0, metaState=0, flags=0x0, repeatCount=0, eventTime=259414, downTime=259414, deviceId=-1, source=0x101 }
I/ActivityManager(  817): START u0 {act=android.intent.action.MAIN cat=[android.intent.category.HOME] flg=0x10200000 cmp=com.google.android.googlequicksearchbox/com.google.android.launcher.GEL} from uid 1000 on display 0
D/AndroidRuntime( 8877): Shutting down VM
I/GEL     ( 1355): handleIntent(Intent { act=android.intent.action.MAIN cat=[android.intent.category.HOME] flg=0x10200000 cmp=com.google.android.googlequicksearchbox/com.google.android.launcher.GEL })
D/AndroidRuntime( 8910): >>>>>> START com.android.internal.os.RuntimeInit uid 2000 <<<<<<
D/AndroidRuntime( 8910): CheckJNI is OFF
D/AndroidRuntime( 8910): Calling main entry com.android.commands.input.Input
I/Input   ( 8910): injectKeyEvent: KeyEvent { action=ACTION_DOWN, keyCode=KEYCODE_BACK, scanCode=0, metaState=0, flags=0x0, repeatCount=0, eventTime=260470, downTime=260470, deviceId=-1, source=0x101 }
I/Input   ( 8910): injectKeyEvent: KeyEvent { action=ACTION_UP, keyCode=KEYCODE_BACK, scanCode=0, metaState=0, flags=0x0, repeatCount=0, eventTime=260470, downTime=260470, deviceId=-1, source=0x101 }
D/AndroidRuntime( 8910): Shutting down VM
D/AndroidRuntime( 8946): >>>>>> START com.android.internal.os.RuntimeInit uid 2000 <<<<<<
D/AndroidRuntime( 8946): CheckJNI is OFF
D/AndroidRuntime( 8946): Calling main entry com.android.commands.am.Am
I/ActivityManager(  817): Force stopping com.careerbuilder.SugarDrone appid=19195 user=0: start instr
I/art     ( 8967): Late-enabling -Xcheck:jni
I/ActivityManager(  817): Start proc 8967:com.careerbuilder.SugarDrone/u0a9195 for added application com.careerbuilder.SugarDrone
W/monodroid( 8967): Using override path: /data/data/com.careerbuilder.SugarDrone/files/.__override__
W/monodroid( 8967): Trying to load sgen from: /data/data/com.careerbuilder.SugarDrone/files/.__override__/libmonosgen-2.0.so
W/monodroid( 8967): Trying to load sgen from: /storage/emulated/0/Android/data/com.careerbuilder.SugarDrone/files/.__override__/libmonosgen-2.0.so
W/monodroid( 8967): Trying to load sgen from: /data/app/com.careerbuilder.SugarDrone-1/lib/arm/libmonosgen-2.0.so
D/Mono    ( 8967): Image addref mscorlib[0xb4ae8520] -> mscorlib.dll[0xb483e400]: 2
D/Mono    ( 8967): Prepared to set up assembly 'mscorlib' (mscorlib.dll)
D/Mono    ( 8967): AOT module 'mscorlib.dll.so' not found: dlopen failed: library "/data/app/com.careerbuilder.SugarDrone-1/lib/arm/libaot-mscorlib.dll.so" not found
D/Mono    ( 8967): AOT module '/Users/builder/data/lanes/4009/f3074d2c/source/monodroid/builds/install/mono-armv6/lib/mono/aot-cache/arm/mscorlib.dll.so' not found: dlopen failed: library "/data/app/com.careerbuilder.SugarDrone-1/lib/arm/libaot-mscorlib.dll.so" not found
D/Mono    ( 8967): Config attempting to parse: 'mscorlib.dll.config'.
D/Mono    ( 8967): Config attempting to parse: '/Users/builder/data/lanes/4009/f3074d2c/source/monodroid/builds/install/mono-armv6/etc/mono/assemblies/mscorlib/mscorlib.config'.
I/ThermalEngine(  364): ACTION: GPU - Setting GPU[0] to 600000000
I/ThermalEngine(  364): Mitigation:GPU[0]:600000000 Hz
I/ThermalEngine(  364): ACTION: CPU - Setting CPU[0] to 2496000
I/ThermalEngine(  364): ACTION: CPU - Setting CPU[1] to 2496000
I/ThermalEngine(  364): ACTION: CPU - Setting CPU[2] to 2496000
I/ThermalEngine(  364): ACTION: CPU - Setting CPU[3] to 2496000
D/Mono    ( 8967): Assembly mscorlib[0xb4ae8520] added to domain RootDomain, ref_count=1
D/Mono    ( 8967): Image addref CareerBuilder_Search.Droid[0xb4ae8580] -> CareerBuilder_Search.Droid.dll[0xb483f800]: 2
D/Mono    ( 8967): Prepared to set up assembly 'CareerBuilder_Search.Droid' (CareerBuilder_Search.Droid.dll)
D/Mono    ( 8967): Assembly CareerBuilder_Search.Droid[0xb4ae8580] added to domain RootDomain, ref_count=1
D/Mono    ( 8967): AOT module 'CareerBuilder_Search.Droid.dll.so' not found: dlopen failed: library "/data/app/com.careerbuilder.SugarDrone-1/lib/arm/libaot-CareerBuilder_Search.Droid.dll.so" not found
D/Mono    ( 8967): AOT module '/Users/builder/data/lanes/4009/f3074d2c/source/monodroid/builds/install/mono-armv6/lib/mono/aot-cache/arm/CareerBuilder_Search.Droid.dll.so' not found: dlopen failed: library "/data/app/com.careerbuilder.SugarDrone-1/lib/arm/libaot-CareerBuilder_Search.Droid.dll.so" not found
D/Mono    ( 8967): Config attempting to parse: 'CareerBuilder_Search.Droid.dll.config'.
D/Mono    ( 8967): Config attempting to parse: '/Users/builder/data/lanes/4009/f3074d2c/source/monodroid/builds/install/mono-armv6/etc/mono/assemblies/CareerBuilder_Search.Droid/CareerBuilder_Search.Droid.config'.
D/Mono    ( 8967): Image addref AppsFlyerXamarinBindingAndroid[0xb4ae85e0] -> AppsFlyerXamarinBindingAndroid.dll[0xb483fd00]: 2
D/Mono    ( 8967): Prepared to set up assembly 'AppsFlyerXamarinBindingAndroid' (AppsFlyerXamarinBindingAndroid.dll)
D/Mono    ( 8967): Assembly AppsFlyerXamarinBindingAndroid[0xb4ae85e0] added to domain RootDomain, ref_count=1
D/Mono    ( 8967): AOT module 'AppsFlyerXamarinBindingAndroid.dll.so' not found: dlopen failed: library "/data/app/com.careerbuilder.SugarDrone-1/lib/arm/libaot-AppsFlyerXamarinBindingAndroid.dll.so" not found
D/Mono    ( 8967): AOT module '/Users/builder/data/lanes/4009/f3074d2c/source/monodroid/builds/install/mono-armv6/lib/mono/aot-cache/arm/AppsFlyerXamarinBindingAndroid.dll.so' not found: dlopen failed: library "/data/app/com.careerbuilder.SugarDrone-1/lib/arm/libaot-AppsFlyerXamarinBindingAndroid.dll.so" not found
D/Mono    ( 8967): Config attempting to parse: 'AppsFlyerXamarinBindingAndroid.dll.config'.
D/Mono    ( 8967): Config attempting to parse: '/Users/builder/data/lanes/4009/f3074d2c/source/monodroid/builds/install/mono-armv6/etc/mono/assemblies/AppsFlyerXamarinBindingAndroid/AppsFlyerXamarinBindingAndroid.config'.
D/Mono    ( 8967): Image addref HockeySDK[0xb4ae8640] -> HockeySDK.dll[0xb4840200]: 2
D/Mono    ( 8967): Prepared to set up assembly 'HockeySDK' (HockeySDK.dll)
D/Mono    ( 8967): Assembly HockeySDK[0xb4ae8640] added to domain RootDomain, ref_count=1
D/Mono    ( 8967): AOT module 'HockeySDK.dll.so' not found: dlopen failed: library "/data/app/com.careerbuilder.SugarDrone-1/lib/arm/libaot-HockeySDK.dll.so" not found
D/Mono    ( 8967): AOT module '/Users/builder/data/lanes/4009/f3074d2c/source/monodroid/builds/install/mono-armv6/lib/mono/aot-cache/arm/HockeySDK.dll.so' not found: dlopen failed: library "/data/app/com.careerbuilder.SugarDrone-1/lib/arm/libaot-HockeySDK.dll.so" not found
D/Mono    ( 8967): Config attempting to parse: 'HockeySDK.dll.config'.
D/Mono    ( 8967): Config attempting to parse: '/Users/builder/data/lanes/4009/f3074d2c/source/monodroid/builds/install/mono-armv6/etc/mono/assemblies/HockeySDK/HockeySDK.config'.
D/Mono    ( 8967): Image addref Akavache[0xb4ae86a0] -> Akavache.dll[0xb4840700]: 2
D/Mono    ( 8967): Prepared to set up assembly 'Akavache' (Akavache.dll)
D/Mono    ( 8967): Assembly Akavache[0xb4ae86a0] added to domain RootDomain, ref_count=1
D/Mono    ( 8967): AOT module 'Akavache.dll.so' not found: dlopen failed: library "/data/app/com.careerbuilder.SugarDrone-1/lib/arm/libaot-Akavache.dll.so" not found
D/Mono    ( 8967): AOT module '/Users/builder/data/lanes/4009/f3074d2c/source/monodroid/builds/install/mono-armv6/lib/mono/aot-cache/arm/Akavache.dll.so' not found: dlopen failed: library "/data/app/com.careerbuilder.SugarDrone-1/lib/arm/libaot-Akavache.dll.so" not found
D/Mono    ( 8967): Config attempting to parse: 'Akavache.dll.config'.
D/Mono    ( 8967): Config attempting to parse: '/Users/builder/data/lanes/4009/f3074d2c/source/monodroid/builds/install/mono-armv6/etc/mono/assemblies/Akavache/Akavache.config'.
D/Mono    ( 8967): Image addref Akavache.Sqlite3[0xb4ae8700] -> Akavache.Sqlite3.dll[0xb4841100]: 2
D/Mono    ( 8967): Prepared to set up assembly 'Akavache.Sqlite3' (Akavache.Sqlite3.dll)
D/Mono    ( 8967): Assembly Akavache.Sqlite3[0xb4ae8700] added to domain RootDomain, ref_count=1
D/Mono    ( 8967): AOT module 'Akavache.Sqlite3.dll.so' not found: dlopen failed: library "/data/app/com.careerbuilder.SugarDrone-1/lib/arm/libaot-Akavache.Sqlite3.dll.so" not found
D/Mono    ( 8967): AOT module '/Users/builder/data/lanes/4009/f3074d2c/source/monodroid/builds/install/mono-armv6/lib/mono/aot-cache/arm/Akavache.Sqlite3.dll.so' not found: dlopen failed: library "/data/app/com.careerbuilder.SugarDrone-1/lib/arm/libaot-Akavache.Sqlite3.dll.so" not found
W/        ( 8967): Symbol file LoadedFromMemory doesn't match image Akavache.Sqlite3.dll
D/Mono    ( 8967): Config attempting to parse: 'Akavache.Sqlite3.dll.config'.
D/Mono    ( 8967): Config attempting to parse: '/Users/builder/data/lanes/4009/f3074d2c/source/monodroid/builds/install/mono-armv6/etc/mono/assemblies/Akavache.Sqlite3/Akavache.Sqlite3.config'.
D/Mono    ( 8967): Image addref Splat[0xb4ae8760] -> Splat.dll[0xb4841b00]: 2
D/Mono    ( 8967): Prepared to set up assembly 'Splat' (Splat.dll)
D/Mono    ( 8967): Assembly Splat[0xb4ae8760] added to domain RootDomain, ref_count=1
D/Mono    ( 8967): AOT module 'Splat.dll.so' not found: dlopen failed: library "/data/app/com.careerbuilder.SugarDrone-1/lib/arm/libaot-Splat.dll.so" not found
D/Mono    ( 8967): AOT module '/Users/builder/data/lanes/4009/f3074d2c/source/monodroid/builds/install/mono-armv6/lib/mono/aot-cache/arm/Splat.dll.so' not found: dlopen failed: library "/data/app/com.careerbuilder.SugarDrone-1/lib/arm/libaot-Splat.dll.so" not found
D/Mono    ( 8967): Config attempting to parse: 'Splat.dll.config'.
D/Mono    ( 8967): Config attempting to parse: '/Users/builder/data/lanes/4009/f3074d2c/source/monodroid/builds/install/mono-armv6/etc/mono/assemblies/Splat/Splat.config'.
D/Mono    ( 8967): Image addref Microsoft.Practices.ServiceLocation[0xb4ae87c0] -> Microsoft.Practices.ServiceLocation.dll[0xb4842500]: 2
D/Mono    ( 8967): Prepared to set up assembly 'Microsoft.Practices.ServiceLocation' (Microsoft.Practices.ServiceLocation.dll)
D/Mono    ( 8967): Assembly Microsoft.Practices.ServiceLocation[0xb4ae87c0] added to domain RootDomain, ref_count=1
D/Mono    ( 8967): AOT module 'Microsoft.Practices.ServiceLocation.dll.so' not found: dlopen failed: library "/data/app/com.careerbuilder.SugarDrone-1/lib/arm/libaot-Microsoft.Practices.ServiceLocation.dll.so" not found
D/Mono    ( 8967): AOT module '/Users/builder/data/lanes/4009/f3074d2c/source/monodroid/builds/install/mono-armv6/lib/mono/aot-cache/arm/Microsoft.Practices.ServiceLocation.dll.so' not found: dlopen failed: library "/data/app/com.careerbuilder.SugarDrone-1/lib/arm/libaot-Microsoft.Practices.ServiceLocation.dll.so" not found
D/Mono    ( 8967): Config attempting to parse: 'Microsoft.Practices.ServiceLocation.dll.config'.
D/Mono    ( 8967): Config attempting to parse: '/Users/builder/data/lanes/4009/f3074d2c/source/monodroid/builds/install/mono-armv6/etc/mono/assemblies/Microsoft.Practices.ServiceLocation/Microsoft.Practices.ServiceLocation.config'.
D/Mono    ( 8967): Image addref Microsoft.Practices.Unity[0xb4ae8820] -> Microsoft.Practices.Unity.dll[0xb4842a00]: 2
D/Mono    ( 8967): Prepared to set up assembly 'Microsoft.Practices.Unity' (Microsoft.Practices.Unity.dll)
D/Mono    ( 8967): Assembly Microsoft.Practices.Unity[0xb4ae8820] added to domain RootDomain, ref_count=1
D/Mono    ( 8967): AOT module 'Microsoft.Practices.Unity.dll.so' not found: dlopen failed: library "/data/app/com.careerbuilder.SugarDrone-1/lib/arm/libaot-Microsoft.Practices.Unity.dll.so" not found
D/Mono    ( 8967): AOT module '/Users/builder/data/lanes/4009/f3074d2c/source/monodroid/builds/install/mono-armv6/lib/mono/aot-cache/arm/Microsoft.Practices.Unity.dll.so' not found: dlopen failed: library "/data/app/com.careerbuilder.SugarDrone-1/lib/arm/libaot-Microsoft.Practices.Unity.dll.so" not found
D/Mono    ( 8967): Config attempting to parse: 'Microsoft.Practices.Unity.dll.config'.
D/Mono    ( 8967): Config attempting to parse: '/Users/builder/data/lanes/4009/f3074d2c/source/monodroid/builds/install/mono-armv6/etc/mono/assemblies/Microsoft.Practices.Unity/Microsoft.Practices.Unity.config'.
D/Mono    ( 8967): Image addref Plugin.CurrentActivity[0xb4ae8880] -> Plugin.CurrentActivity.dll[0xb4843400]: 2
D/Mono    ( 8967): Prepared to set up assembly 'Plugin.CurrentActivity' (Plugin.CurrentActivity.dll)
D/Mono    ( 8967): Assembly Plugin.CurrentActivity[0xb4ae8880] added to domain RootDomain, ref_count=1
D/Mono    ( 8967): AOT module 'Plugin.CurrentActivity.dll.so' not found: dlopen failed: library "/data/app/com.careerbuilder.SugarDrone-1/lib/arm/libaot-Plugin.CurrentActivity.dll.so" not found
D/Mono    ( 8967): AOT module '/Users/builder/data/lanes/4009/f3074d2c/source/monodroid/builds/install/mono-armv6/lib/mono/aot-cache/arm/Plugin.CurrentActivity.dll.so' not found: dlopen failed: library "/data/app/com.careerbuilder.SugarDrone-1/lib/arm/libaot-Plugin.CurrentActivity.dll.so" not found
D/Mono    ( 8967): Config attempting to parse: 'Plugin.CurrentActivity.dll.config'.
D/Mono    ( 8967): Config attempting to parse: '/Users/builder/data/lanes/4009/f3074d2c/source/monodroid/builds/install/mono-armv6/etc/mono/assemblies/Plugin.CurrentActivity/Plugin.CurrentActivity.config'.
D/Mono    ( 8967): Image addref Plugin.Permissions[0xb4ae88e0] -> Plugin.Permissions.dll[0xb4843900]: 2
D/Mono    ( 8967): Prepared to set up assembly 'Plugin.Permissions' (Plugin.Permissions.dll)
D/Mono    ( 8967): Assembly Plugin.Permissions[0xb4ae88e0] added to domain RootDomain, ref_count=1
D/Mono    ( 8967): AOT module 'Plugin.Permissions.dll.so' not found: dlopen failed: library "/data/app/com.careerbuilder.SugarDrone-1/lib/arm/libaot-Plugin.Permissions.dll.so" not found
D/Mono    ( 8967): AOT module '/Users/builder/data/lanes/4009/f3074d2c/source/monodroid/builds/install/mono-armv6/lib/mono/aot-cache/arm/Plugin.Permissions.dll.so' not found: dlopen failed: library "/data/app/com.careerbuilder.SugarDrone-1/lib/arm/libaot-Plugin.Permissions.dll.so" not found
D/Mono    ( 8967): Config attempting to parse: 'Plugin.Permissions.dll.config'.
D/Mono    ( 8967): Config attempting to parse: '/Users/builder/data/lanes/4009/f3074d2c/source/monodroid/builds/install/mono-armv6/etc/mono/assemblies/Plugin.Permissions/Plugin.Permissions.config'.
D/Mono    ( 8967): Image addref Plugin.Permissions.Abstractions[0xb4ae8940] -> Plugin.Permissions.Abstractions.dll[0xb4843e00]: 2
D/Mono    ( 8967): Prepared to set up assembly 'Plugin.Permissions.Abstractions' (Plugin.Permissions.Abstractions.dll)
D/Mono    ( 8967): Assembly Plugin.Permissions.Abstractions[0xb4ae8940] added to domain RootDomain, ref_count=1
D/Mono    ( 8967): AOT module 'Plugin.Permissions.Abstractions.dll.so' not found: dlopen failed: library "/data/app/com.careerbuilder.SugarDrone-1/lib/arm/libaot-Plugin.Permissions.Abstractions.dll.so" not found
D/Mono    ( 8967): AOT module '/Users/builder/data/lanes/4009/f3074d2c/source/monodroid/builds/install/mono-armv6/lib/mono/aot-cache/arm/Plugin.Permissions.Abstractions.dll.so' not found: dlopen failed: library "/data/app/com.careerbuilder.SugarDrone-1/lib/arm/libaot-Plugin.Permissions.Abstractions.dll.so" not found
D/Mono    ( 8967): Config attempting to parse: 'Plugin.Permissions.Abstractions.dll.config'.
D/Mono    ( 8967): Config attempting to parse: '/Users/builder/data/lanes/4009/f3074d2c/source/monodroid/builds/install/mono-armv6/etc/mono/assemblies/Plugin.Permissions.Abstractions/Plugin.Permissions.Abstractions.config'.
D/Mono    ( 8967): Image addref Plugin.Geolocator[0xb4ae89a0] -> Plugin.Geolocator.dll[0xb4844300]: 2
D/Mono    ( 8967): Prepared to set up assembly 'Plugin.Geolocator' (Plugin.Geolocator.dll)
D/Mono    ( 8967): Assembly Plugin.Geolocator[0xb4ae89a0] added to domain RootDomain, ref_count=1
D/Mono    ( 8967): AOT module 'Plugin.Geolocator.dll.so' not found: dlopen failed: library "/data/app/com.careerbuilder.SugarDrone-1/lib/arm/libaot-Plugin.Geolocator.dll.so" not found
D/Mono    ( 8967): AOT module '/Users/builder/data/lanes/4009/f3074d2c/source/monodroid/builds/install/mono-armv6/lib/mono/aot-cache/arm/Plugin.Geolocator.dll.so' not found: dlopen failed: library "/data/app/com.careerbuilder.SugarDrone-1/lib/arm/libaot-Plugin.Geolocator.dll.so" not found
D/Mono    ( 8967): Config attempting to parse: 'Plugin.Geolocator.dll.config'.
D/Mono    ( 8967): Config attempting to parse: '/Users/builder/data/lanes/4009/f3074d2c/source/monodroid/builds/install/mono-armv6/etc/mono/assemblies/Plugin.Geolocator/Plugin.Geolocator.config'.
D/Mono    ( 8967): Image addref Plugin.Geolocator.Abstractions[0xb4ae8a00] -> Plugin.Geolocator.Abstractions.dll[0xb4844800]: 2
D/Mono    ( 8967): Prepared to set up assembly 'Plugin.Geolocator.Abstractions' (Plugin.Geolocator.Abstractions.dll)
D/Mono    ( 8967): Assembly Plugin.Geolocator.Abstractions[0xb4ae8a00] added to domain RootDomain, ref_count=1
D/Mono    ( 8967): AOT module 'Plugin.Geolocator.Abstractions.dll.so' not found: dlopen failed: library "/data/app/com.careerbuilder.SugarDrone-1/lib/arm/libaot-Plugin.Geolocator.Abstractions.dll.so" not found
D/Mono    ( 8967): AOT module '/Users/builder/data/lanes/4009/f3074d2c/source/monodroid/builds/install/mono-armv6/lib/mono/aot-cache/arm/Plugin.Geolocator.Abstractions.dll.so' not found: dlopen failed: library "/data/app/com.careerbuilder.SugarDrone-1/lib/arm/libaot-Plugin.Geolocator.Abstractions.dll.so" not found
D/Mono    ( 8967): Config attempting to parse: 'Plugin.Geolocator.Abstractions.dll.config'.
D/Mono    ( 8967): Config attempting to parse: '/Users/builder/data/lanes/4009/f3074d2c/source/monodroid/builds/install/mono-armv6/etc/mono/assemblies/Plugin.Geolocator.Abstractions/Plugin.Geolocator.Abstractions.config'.
D/Mono    ( 8967): Image addref Plugin.DeviceInfo[0xb4ae8a60] -> Plugin.DeviceInfo.dll[0xb4844d00]: 2
D/Mono    ( 8967): Prepared to set up assembly 'Plugin.DeviceInfo' (Plugin.DeviceInfo.dll)
D/Mono    ( 8967): Assembly Plugin.DeviceInfo[0xb4ae8a60] added to domain RootDomain, ref_count=1
D/Mono    ( 8967): AOT module 'Plugin.DeviceInfo.dll.so' not found: dlopen failed: library "/data/app/com.careerbuilder.SugarDrone-1/lib/arm/libaot-Plugin.DeviceInfo.dll.so" not found
D/Mono    ( 8967): AOT module '/Users/builder/data/lanes/4009/f3074d2c/source/monodroid/builds/install/mono-armv6/lib/mono/aot-cache/arm/Plugin.DeviceInfo.dll.so' not found: dlopen failed: library "/data/app/com.careerbuilder.SugarDrone-1/lib/arm/libaot-Plugin.DeviceInfo.dll.so" not found
D/Mono    ( 8967): Config attempting to parse: 'Plugin.DeviceInfo.dll.config'.
D/Mono    ( 8967): Config attempting to parse: '/Users/builder/data/lanes/4009/f3074d2c/source/monodroid/builds/install/mono-armv6/etc/mono/assemblies/Plugin.DeviceInfo/Plugin.DeviceInfo.config'.
D/Mono    ( 8967): Image addref Plugin.DeviceInfo.Abstractions[0xb4ae8ac0] -> Plugin.DeviceInfo.Abstractions.dll[0xb4845200]: 2
D/Mono    ( 8967): Prepared to set up assembly 'Plugin.DeviceInfo.Abstractions' (Plugin.DeviceInfo.Abstractions.dll)
D/Mono    ( 8967): Assembly Plugin.DeviceInfo.Abstractions[0xb4ae8ac0] added to domain RootDomain, ref_count=1
D/Mono    ( 8967): AOT module 'Plugin.DeviceInfo.Abstractions.dll.so' not found: dlopen failed: library "/data/app/com.careerbuilder.SugarDrone-1/lib/arm/libaot-Plugin.DeviceInfo.Abstractions.dll.so" not found
D/Mono    ( 8967): AOT module '/Users/builder/data/lanes/4009/f3074d2c/source/monodroid/builds/install/mono-armv6/lib/mono/aot-cache/arm/Plugin.DeviceInfo.Abstractions.dll.so' not found: dlopen failed: library "/data/app/com.careerbuilder.SugarDrone-1/lib/arm/libaot-Plugin.DeviceInfo.Abstractions.dll.so" not found
D/Mono    ( 8967): Config attempting to parse: 'Plugin.DeviceInfo.Abstractions.dll.config'.
