D/Mono    ( 9265): Image addref System.IO[0x96a86be0] -> System.IO.dll[0x9a29a500]: 6
D/Mono    ( 9265): Config attempting to parse: 'System.IO.dll.config'.
D/Mono    ( 9265): Config attempting to parse: '/Users/builder/data/lanes/4009/f3074d2c/source/monodroid/builds/install/mono-armv6/etc/mono/assemblies/System.IO/System.IO.config'.
D/Mono    ( 9265): Assembly Ref addref CareerBuilder_Search[0xb4b73460] -> System.IO[0x97f5b640]: 4
W/FragmentManager( 9265): moveToState: Fragment state for SavedJobsFragment{2d494d8c #0 id=0x7f0a0148 android:switcher:2131362120:1} not updated inline; expected state 3 found 2
D/Mono    ( 9265): Assembly Ref addref CareerBuilder_Search.Droid[0xb4acb580] -> System[0xb4b73760]: 13
W/FragmentManager( 9265): moveToState: Fragment state for ResumeManagementFragment{241edcd5 #1 id=0x7f0a0148 android:switcher:2131362120:2} not updated inline; expected state 3 found 2
D/Mono    ( 9265): Unloading image System.Linq.dll [0x96a12900].
D/Mono    ( 9265): Image addref System.Linq[0x969686a0] -> System.Linq.dll[0xb4b7bf00]: 9
D/Mono    ( 9265): Config attempting to parse: 'System.Linq.dll.config'.
D/Mono    ( 9265): Config attempting to parse: '/Users/builder/data/lanes/4009/f3074d2c/source/monodroid/builds/install/mono-armv6/etc/mono/assemblies/System.Linq/System.Linq.config'.
D/Mono    ( 9265): Assembly Ref addref CareerBuilder_Search[0xb4b73460] -> System.Linq[0xb4b73940]: 7
D/Mono    ( 9265): DllImport attempting to load: '/system/lib/liblog.so'.
D/Mono    ( 9265): DllImport loaded library '/system/lib/liblog.so'.
D/Mono    ( 9265): DllImport searching in: '/system/lib/liblog.so' ('/system/lib/liblog.so').
D/Mono    ( 9265): Searching for '__android_log_print'.
D/Mono    ( 9265): Probing '__android_log_print'.
D/Mono    ( 9265): Found as '__android_log_print'.
I/mono-stdout( 9265): uri is: https://api.careerbuilder.com/consumer/resumes?OAuthToken=&HostSite=US&DeveloperKey=WDHR8FC6P2JZ1Y61KLM5
D/Mono    ( 9265): Unloading image System.Collections.dll [0x96a13300].
D/Mono    ( 9265): Image addref System.Collections[0x97f5bb20] -> System.Collections.dll[0xb4b79c00]: 10
D/Mono    ( 9265): Config attempting to parse: 'System.Collections.dll.config'.
D/Mono    ( 9265): Config attempting to parse: '/Users/builder/data/lanes/4009/f3074d2c/source/monodroid/builds/install/mono-armv6/etc/mono/assemblies/System.Collections/System.Collections.config'.
D/Mono    ( 9265): Assembly Ref addref System.Reactive.Linq[0xb4b73220] -> System.Collections[0xb4b73820]: 8
D/Mono    ( 9265): DllImport searching in: '__Internal' ('(null)').
D/Mono    ( 9265): Searching for 'java_interop_jnienv_call_nonvirtual_void_method'.
D/Mono    ( 9265): Probing 'java_interop_jnienv_call_nonvirtual_void_method'.
D/Mono    ( 9265): Found as 'java_interop_jnienv_call_nonvirtual_void_method'.
I/mono-stdout( 9265): uri is: https://api.careerbuilder.com/consumer/saved-jobs/?DeveloperKey=WDHR8FC6P2JZ1Y61KLM5
I/mono-stdout( 9265): uri is: https://api.careerbuilder.com/consumer/resumes?OAuthToken=&HostSite=US&DeveloperKey=WDHR8FC6P2JZ1Y61KLM5
I/mono-stdout( 9265): uri is: https://api.careerbuilder.com/consumer/jobs/search/?Keywords=&Location=&UseFacets=true&PageNumber=1&ExcludeNational=true&DeveloperKey=WDHR8FC6P2JZ1Y61KLM5
D/Mono    ( 9265): Image addref System.Net.Primitives[0x96ad9220] -> System.Net.Primitives.dll[0x96a16a00]: 2
D/Mono    ( 9265): Prepared to set up assembly 'System.Net.Primitives' (System.Net.Primitives.dll)
D/Mono    ( 9265): Assembly System.Net.Primitives[0x96ad9220] added to domain RootDomain, ref_count=1
D/Mono    ( 9265): Unloading image System.Net.Primitives.dll [0x96a18d00].
D/Mono    ( 9265): Image addref System.Net.Primitives[0x96968700] -> System.Net.Primitives.dll[0x96a16a00]: 4
D/Mono    ( 9265): Config attempting to parse: 'System.Net.Primitives.dll.config'.
D/Mono    ( 9265): Config attempting to parse: '/Users/builder/data/lanes/4009/f3074d2c/source/monodroid/builds/install/mono-armv6/etc/mono/assemblies/System.Net.Primitives/System.Net.Primitives.config'.
D/Mono    ( 9265): Assembly Ref addref CareerBuilder_Search[0xb4b73460] -> System.Net.Primitives[0x96ad9220]: 2
D/Mono    ( 9265): AOT module 'System.Net.Primitives.dll.so' not found: dlopen failed: library "/data/app/com.careerbuilder.SugarDrone-1/lib/arm/libaot-System.Net.Primitives.dll.so" not found
D/Mono    ( 9265): Assembly Ref addref System.Net.Primitives[0x96ad9220] -> System[0xb4b73760]: 14
D/Mono    ( 9265): AOT module '/Users/builder/data/lanes/4009/f3074d2c/source/monodroid/builds/install/mono-armv6/lib/mono/aot-cache/arm/System.Net.Primitives.dll.so' not found: dlopen failed: library "/data/app/com.careerbuilder.SugarDrone-1/lib/arm/libaot-System.Net.Primitives.dll.so" not found
D/Mono    ( 9265): Config attempting to parse: 'System.Net.Primitives.dll.config'.
D/Mono    ( 9265): Config attempting to parse: '/Users/builder/data/lanes/4009/f3074d2c/source/monodroid/builds/install/mono-armv6/etc/mono/assemblies/System.Net.Primitives/System.Net.Primitives.config'.
D/Mono    ( 9265): Unloading image System.Net.Primitives.dll [0x96d0f900].
D/Mono    ( 9265): Unloading image System.Net.Primitives.dll [0x96a0e800].
D/Mono    ( 9265): Image addref System.Net.Primitives[0x96c32c40] -> System.Net.Primitives.dll[0x96a16a00]: 7
D/Mono    ( 9265): Config attempting to parse: 'System.Net.Primitives.dll.config'.
D/Mono    ( 9265): Image addref System.Net.Primitives[0x97e95b20] -> System.Net.Primitives.dll[0x96a16a00]: 7
D/Mono    ( 9265): Config attempting to parse: '/Users/builder/data/lanes/4009/f3074d2c/source/monodroid/builds/install/mono-armv6/etc/mono/assemblies/System.Net.Primitives/System.Net.Primitives.config'.
D/Mono    ( 9265): Config attempting to parse: 'System.Net.Primitives.dll.config'.
D/Mono    ( 9265): Config attempting to parse: '/Users/builder/data/lanes/4009/f3074d2c/source/monodroid/builds/install/mono-armv6/etc/mono/assemblies/System.Net.Primitives/System.Net.Primitives.config'.
D/Mono    ( 9265): Unloading image System.Text.Encoding.dll [0x96a0e800].
D/Mono    ( 9265): Image addref System.Text.Encoding[0x97e959a0] -> System.Text.Encoding.dll[0xb4b81e00]: 5
D/Mono    ( 9265): Config attempting to parse: 'System.Text.Encoding.dll.config'.
D/Mono    ( 9265): Config attempting to parse: '/Users/builder/data/lanes/4009/f3074d2c/source/monodroid/builds/install/mono-armv6/etc/mono/assemblies/System.Text.Encoding/System.Text.Encoding.config'.
D/Mono    ( 9265): Assembly Ref addref CareerBuilder_Search[0xb4b73460] -> System.Text.Encoding[0x9a1731c0]: 3
D/Mono    ( 9265): Unloading image System.Text.Encoding.dll [0x96a18d00].
D/Mono    ( 9265): Image addref System.Text.Encoding[0x97f41c40] -> System.Text.Encoding.dll[0xb4b81e00]: 6
D/Mono    ( 9265): Config attempting to parse: 'System.Text.Encoding.dll.config'.
D/Mono    ( 9265): Config attempting to parse: '/Users/builder/data/lanes/4009/f3074d2c/source/monodroid/builds/install/mono-armv6/etc/mono/assemblies/System.Text.Encoding/System.Text.Encoding.config'.
D/Mono    ( 9265): Unloading image System.Text.Encoding.dll [0x96a15600].
D/Mono    ( 9265): Image addref System.Text.Encoding[0x96968100] -> System.Text.Encoding.dll[0xb4b81e00]: 7
D/Mono    ( 9265): Config attempting to parse: 'System.Text.Encoding.dll.config'.
D/Mono    ( 9265): Config attempting to parse: '/Users/builder/data/lanes/4009/f3074d2c/source/monodroid/builds/install/mono-armv6/etc/mono/assemblies/System.Text.Encoding/System.Text.Encoding.config'.
I/mono-stdout( 9265): making api call to: /consumer/resumes?OAuthToken=&HostSite=US&DeveloperKey=WDHR8FC6P2JZ1Y61KLM5
I/mono-stdout( 9265): making api call to: /consumer/resumes?OAuthToken=&HostSite=US&DeveloperKey=WDHR8FC6P2JZ1Y61KLM5
I/mono-stdout( 9265): making api call to: /consumer/jobs/search/?Keywords=&Location=&UseFacets=true&PageNumber=1&ExcludeNational=true&DeveloperKey=WDHR8FC6P2JZ1Y61KLM5
I/mono-stdout( 9265): making api call to: /consumer/saved-jobs/?DeveloperKey=WDHR8FC6P2JZ1Y61KLM5
I/mono-stdout( 9265): Method: GET, RequestUri: 'https://api.careerbuilder.com/consumer/saved-jobs/?DeveloperKey=WDHR8FC6P2JZ1Y61KLM5', Version: 1.1, Content: <null>, Headers:

I/mono-stdout( 9265): {

I/mono-stdout( 9265): DeveloperKey: WDHR8FC6P2JZ1Y61KLM5

I/mono-stdout( 9265): Accept: application/json

I/mono-stdout( 9265): Authorization: Bearer test

I/mono-stdout( 9265): HostSite: US

I/mono-stdout( 9265): }
I/mono-stdout( 9265): Current State = 1,2,6,7
I/mono-stdout( 9265): applied jobs = 6
I/mono-stdout( 9265): expired jobs = 7
I/mono-stdout( 9265): saved jobs = Saved,Saved,Applied,Saved
I/mono-stdout( 9265): done making call to: /consumer/resumes?OAuthToken=&HostSite=US&DeveloperKey=WDHR8FC6P2JZ1Y61KLM5
I/mono-stdout( 9265): done making call to: /consumer/resumes?OAuthToken=&HostSite=US&DeveloperKey=WDHR8FC6P2JZ1Y61KLM5
I/mono-stdout( 9265): The resume  with hash has been set as latest
I/mono-stdout( 9265): The resume  with hash has been set as latest
I/art     ( 9265): Explicit concurrent mark sweep GC freed 2177(114KB) AllocSpace objects, 0(0B) LOS objects, 27% free, 42MB/58MB, paused 1.082ms total 22.338ms
D/Mono    ( 9265): GC_TAR_BRIDGE bridges 172 objects 370 opaque 122 colors 172 colors-bridged 172 colors-visible 172 xref 5 cache-hit 0 cache-semihit 0 cache-miss 0 setup 0.05ms tarjan 0.31ms scc-setup 0.11ms gather-xref 0.01ms xref-setup 0.02ms cleanup 0.07ms
D/Mono    ( 9265): GC_BRIDGE: Complete, was running for 26.47ms
D/Mono    ( 9265): GC_MINOR: (Nursery full) time 14.11ms, stw 14.48ms promoted 887K major size: 1872K in use: 1166K los size: 1024K in use: 370K
I/mono-stdout( 9265): done making call to: /consumer/saved-jobs/?DeveloperKey=WDHR8FC6P2JZ1Y61KLM5
I/mono-stdout( 9265): done making call to: /consumer/jobs/search/?Keywords=&Location=&UseFacets=true&PageNumber=1&ExcludeNational=true&DeveloperKey=WDHR8FC6P2JZ1Y61KLM5
I/mono-stdout( 9265): uri is: https://api.careerbuilder.com/consumer/saved-jobs/?DeveloperKey=WDHR8FC6P2JZ1Y61KLM5
I/mono-stdout( 9265): making api call to: /consumer/saved-jobs/?DeveloperKey=WDHR8FC6P2JZ1Y61KLM5
I/mono-stdout( 9265): Method: GET, RequestUri: 'https://api.careerbuilder.com/consumer/saved-jobs/?DeveloperKey=WDHR8FC6P2JZ1Y61KLM5', Version: 1.1, Content: <null>, Headers:

I/mono-stdout( 9265): {

I/mono-stdout( 9265): DeveloperKey: WDHR8FC6P2JZ1Y61KLM5

I/mono-stdout( 9265): Accept: application/json

I/mono-stdout( 9265): Authorization: Bearer test

I/mono-stdout( 9265): HostSite: US

E/RecyclerView( 9265): No adapter attached; skipping layout
I/mono-stdout( 9265): }
I/mono-stdout( 9265): Current State = 1,2,6,7
I/mono-stdout( 9265): applied jobs = 6
I/mono-stdout( 9265): expired jobs = 7
I/mono-stdout( 9265): saved jobs = Saved,Saved,Applied,Saved
W/art     ( 9265): JNI RegisterNativeMethods: attempt to register 0 native methods for md539c3d548fb000cea9f34163fa7e112ea.ProgressListItemViewHolder
W/ResourceType( 9265): No known package when getting name for resource number 0xffffffff
W/ResourceType( 9265): No known package when getting name for resource number 0xffffffff
W/ResourceType( 9265): No known package when getting name for resource number 0xffffffff
W/ResourceType( 9265): No known package when getting name for resource number 0xffffffff
W/ResourceType( 9265): No known package when getting name for resource number 0xffffffff
W/ResourceType( 9265): No known package when getting name for resource number 0xffffffff
W/ResourceType( 9265): No known package when getting name for resource number 0xffffffff
W/ResourceType( 9265): No known package when getting name for resource number 0xffffffff
W/ResourceType( 9265): No known package when getting name for resource number 0xffffffff
W/ResourceType( 9265): No known package when getting name for resource number 0xffffffff
D/Mono    ( 9265): Assembly Ref addref Xamarin.Android.Support.v7.AppCompat[0xb4acbf40] -> System.Core[0xb4b73ac0]: 15
I/Choreographer( 9265): Skipped 89 frames!  The application may be doing too much work on its main thread.
E/RecyclerView( 9265): No adapter attached; skipping layout
D/Mono    ( 9265): DllImport searching in: '__Internal' ('(null)').
D/Mono    ( 9265): Searching for 'java_interop_jnienv_call_void_method'.
D/Mono    ( 9265): Probing 'java_interop_jnienv_call_void_method'.
D/Mono    ( 9265): Found as 'java_interop_jnienv_call_void_method'.
I/ActivityManager(  817): Displayed com.careerbuilder.SugarDrone/md5a4824aa66c0dc4d104077b72c1916a44.MasterNavActivity: +1s991ms
E/RecyclerView( 9265): No adapter attached; skipping layout
I/System.out( 9265): URI: /map
I/System.out( 9265): params: {json={"query":"* marked:'Job 1'","operation":{"method_name":"query","arguments":[]}}
I/System.out( 9265): }
W/ResourceType( 9265): No known package when getting name for resource number 0xffffffff
W/ResourceType( 9265): No known package when getting name for resource number 0xffffffff
W/ResourceType( 9265): No known package when getting name for resource number 0xffffffff
I/mono-stdout( 9265): done making call to: /consumer/saved-jobs/?DeveloperKey=WDHR8FC6P2JZ1Y61KLM5
W/ResourceType( 9265): No known package when getting name for resource number 0xffffffff
W/ResourceType( 9265): No known package when getting name for resource number 0xffffffff
W/ResourceType( 9265): No known package when getting name for resource number 0xffffffff
W/ResourceType( 9265): No known package when getting name for resource number 0xffffffff
W/ResourceType( 9265): No known package when getting name for resource number 0xffffffff
W/ResourceType( 9265): No known package when getting name for resource number 0xffffffff
W/ResourceType( 9265): No known package when getting name for resource number 0xffffffff
W/ResourceType( 9265): No known package when getting name for resource number 0xffffffff
W/ResourceType( 9265): No known package when getting name for resource number 0xffffffff
W/ResourceType( 9265): No known package when getting name for resource number 0xffffffff
W/ResourceType( 9265): No known package when getting name for resource number 0xffffffff
W/ResourceType( 9265): No known package when getting name for resource number 0xffffffff
W/ResourceType( 9265): No known package when getting name for resource number 0xffffffff
W/ResourceType( 9265): No known package when getting name for resource number 0xffffffff
W/ResourceType( 9265): No known package when getting name for resource number 0xffffffff
W/ResourceType( 9265): No known package when getting name for resource number 0xffffffff
W/ResourceType( 9265): No known package when getting name for resource number 0xffffffff
W/ResourceType( 9265): No known package when getting name for resource number 0xffffffff
W/ResourceType( 9265): No known package when getting name for resource number 0xffffffff
W/ResourceType( 9265): No known package when getting name for resource number 0xffffffff
W/ResourceType( 9265): No known package when getting name for resource number 0xffffffff
W/ResourceType( 9265): No known package when getting name for resource number 0xffffffff
W/ResourceType( 9265): No known package when getting name for resource number 0xffffffff
W/ResourceType( 9265): No known package when getting name for resource number 0xffffffff
W/ResourceType( 9265): No known package when getting name for resource number 0xffffffff
W/ResourceType( 9265): No known package when getting name for resource number 0xffffffff
W/ResourceType( 9265): No known package when getting name for resource number 0xffffffff
W/ResourceType( 9265): No known package when getting name for resource number 0xffffffff
W/ResourceType( 9265): No known package when getting name for resource number 0xffffffff
W/ResourceType( 9265): No known package when getting name for resource number 0xffffffff
W/ResourceType( 9265): No known package when getting name for resource number 0xffffffff
W/ResourceType( 9265): No known package when getting name for resource number 0xffffffff
W/ResourceType( 9265): No known package when getting name for resource number 0xffffffff
W/ResourceType( 9265): No known package when getting name for resource number 0xffffffff
W/ResourceType( 9265): No known package when getting name for resource number 0xffffffff
W/ResourceType( 9265): No known package when getting name for resource number 0xffffffff
W/ResourceType( 9265): No known package when getting name for resource number 0xffffffff
W/ResourceType( 9265): No known package when getting name for resource number 0xffffffff
W/ResourceType( 9265): No known package when getting name for resource number 0xffffffff
W/ResourceType( 9265): No known package when getting name for resource number 0xffffffff
W/ResourceType( 9265): No known package when getting name for resource number 0xffffffff
W/ResourceType( 9265): No known package when getting name for resource number 0xffffffff
W/ResourceType( 9265): No known package when getting name for resource number 0xffffffff
D/audio_hw_primary(  358): disable_audio_route: reset and update mixer path: low-latency-playback speaker
D/audio_hw_primary(  358): disable_snd_device: snd_device(2: speaker)
D/Mono    ( 9265): DllImport searching in: '__Internal' ('(null)').
D/Mono    ( 9265): Searching for 'java_interop_jnienv_set_int_field'.
D/Mono    ( 9265): Probing 'java_interop_jnienv_set_int_field'.
D/Mono    ( 9265): Found as 'java_interop_jnienv_set_int_field'.
E/RecyclerView( 9265): No adapter attached; skipping layout
W/art     ( 9265): JNI RegisterNativeMethods: attempt to register 0 native methods for md539c3d548fb000cea9f34163fa7e112ea.JobResultViewHolder
W/art     ( 9265): JNI RegisterNativeMethods: attempt to register 0 native methods for md543b91ad655f5c020e54c78f692da973f.SnapshotView
I/art     ( 9265): Explicit concurrent mark sweep GC freed 91317(3MB) AllocSpace objects, 5(80KB) LOS objects, 26% free, 43MB/59MB, paused 1.022ms total 41.120ms
I/art     ( 9265): Explicit concurrent mark sweep GC freed 866(39KB) AllocSpace objects, 1(16KB) LOS objects, 26% free, 43MB/59MB, paused 2.070ms total 34.408ms
I/art     ( 9265): Explicit concurrent mark sweep GC freed 33(1568B) AllocSpace objects, 0(0B) LOS objects, 26% free, 43MB/59MB, paused 1.135ms total 24.734ms
I/art     ( 9265): Explicit concurrent mark sweep GC freed 10(576B) AllocSpace objects, 0(0B) LOS objects, 26% free, 43MB/59MB, paused 1.240ms total 24.081ms
I/System.out( 9265): URI: /map
I/System.out( 9265): params: {json={"query":"* marked:'Job 1'","operation":{"method_name":"query","arguments":[]}}
I/System.out( 9265): }
I/art     ( 9265): Explicit concurrent mark sweep GC freed 6569(239KB) AllocSpace objects, 1(16KB) LOS objects, 26% free, 43MB/59MB, paused 1.125ms total 25.807ms
W/ResourceType( 9265): No known package when getting name for resource number 0xffffffff
W/ResourceType( 9265): No known package when getting name for resource number 0xffffffff
W/ResourceType( 9265): No known package when getting name for resource number 0xffffffff
W/ResourceType( 9265): No known package when getting name for resource number 0xffffffff
W/ResourceType( 9265): No known package when getting name for resource number 0xffffffff
W/ResourceType( 9265): No known package when getting name for resource number 0xffffffff
W/ResourceType( 9265): No known package when getting name for resource number 0xffffffff
W/ResourceType( 9265): No known package when getting name for resource number 0xffffffff
W/ResourceType( 9265): No known package when getting name for resource number 0xffffffff
W/ResourceType( 9265): No known package when getting name for resource number 0xffffffff
W/ResourceType( 9265): No known package when getting name for resource number 0xffffffff
W/ResourceType( 9265): No known package when getting name for resource number 0xffffffff
W/ResourceType( 9265): No known package when getting name for resource number 0xffffffff
W/ResourceType( 9265): No known package when getting name for resource number 0xffffffff
W/ResourceType( 9265): No known package when getting name for resource number 0xffffffff
W/ResourceType( 9265): No known package when getting name for resource number 0xffffffff
W/ResourceType( 9265): No known package when getting name for resource number 0xffffffff
W/ResourceType( 9265): No known package when getting name for resource number 0xffffffff
W/ResourceType( 9265): No known package when getting name for resource number 0xffffffff
W/ResourceType( 9265): No known package when getting name for resource number 0xffffffff
W/ResourceType( 9265): No known package when getting name for resource number 0xffffffff
W/ResourceType( 9265): No known package when getting name for resource number 0xffffffff
W/ResourceType( 9265): No known package when getting name for resource number 0xffffffff
W/ResourceType( 9265): No known package when getting name for resource number 0xffffffff
W/ResourceType( 9265): No known package when getting name for resource number 0xffffffff
W/ResourceType( 9265): No known package when getting name for resource number 0xffffffff
W/ResourceType( 9265): No known package when getting name for resource number 0xffffffff
W/ResourceType( 9265): No known package when getting name for resource number 0xffffffff
W/ResourceType( 9265): No known package when getting name for resource number 0xffffffff
W/ResourceType( 9265): No known package when getting name for resource number 0xffffffff
W/ResourceType( 9265): No known package when getting name for resource number 0xffffffff
W/ResourceType( 9265): No known package when getting name for resource number 0xffffffff
W/ResourceType( 9265): No known package when getting name for resource number 0xffffffff
W/ResourceType( 9265): No known package when getting name for resource number 0xffffffff
W/ResourceType( 9265): No known package when getting name for resource number 0xffffffff
W/ResourceType( 9265): No known package when getting name for resource number 0xffffffff
W/ResourceType( 9265): No known package when getting name for resource number 0xffffffff
W/ResourceType( 9265): No known package when getting name for resource number 0xffffffff
W/ResourceType( 9265): No known package when getting name for resource number 0xffffffff
W/ResourceType( 9265): No known package when getting name for resource number 0xffffffff
W/ResourceType( 9265): No known package when getting name for resource number 0xffffffff
W/ResourceType( 9265): No known package when getting name for resource number 0xffffffff
W/ResourceType( 9265): No known package when getting name for resource number 0xffffffff
W/ResourceType( 9265): No known package when getting name for resource number 0xffffffff
W/ResourceType( 9265): No known package when getting name for resource number 0xffffffff
W/ResourceType( 9265): No known package when getting name for resource number 0xffffffff
W/ResourceType( 9265): No known package when getting name for resource number 0xffffffff
W/ResourceType( 9265): No known package when getting name for resource number 0xffffffff
W/ResourceType( 9265): No known package when getting name for resource number 0xffffffff
W/ResourceType( 9265): No known package when getting name for resource number 0xffffffff
W/ResourceType( 9265): No known package when getting name for resource number 0xffffffff
W/ResourceType( 9265): No known package when getting name for resource number 0xffffffff
W/ResourceType( 9265): No known package when getting name for resource number 0xffffffff
W/ResourceType( 9265): No known package when getting name for resource number 0xffffffff
W/ResourceType( 9265): No known package when getting name for resource number 0xffffffff
W/ResourceType( 9265): No known package when getting name for resource number 0xffffffff
W/ResourceType( 9265): No known package when getting name for resource number 0xffffffff
W/ResourceType( 9265): No known package when getting name for resource number 0xffffffff
W/ResourceType( 9265): No known package when getting name for resource number 0xffffffff
W/ResourceType( 9265): No known package when getting name for resource number 0xffffffff
W/ResourceType( 9265): No known package when getting name for resource number 0xffffffff
W/ResourceType( 9265): No known package when getting name for resource number 0xffffffff
W/ResourceType( 9265): No known package when getting name for resource number 0xffffffff
W/ResourceType( 9265): No known package when getting name for resource number 0xffffffff
W/ResourceType( 9265): No known package when getting name for resource number 0xffffffff
W/ResourceType( 9265): No known package when getting name for resource number 0xffffffff
I/System.out( 9265): URI: /map
I/System.out( 9265): params: {json={"query":"* marked:'Job 1'","operation":{"method_name":"query","arguments":[]}}
I/System.out( 9265): }
W/ResourceType( 9265): No known package when getting name for resource number 0xffffffff
W/ResourceType( 9265): No known package when getting name for resource number 0xffffffff
W/ResourceType( 9265): No known package when getting name for resource number 0xffffffff
W/ResourceType( 9265): No known package when getting name for resource number 0xffffffff
W/ResourceType( 9265): No known package when getting name for resource number 0xffffffff
W/ResourceType( 9265): No known package when getting name for resource number 0xffffffff
W/ResourceType( 9265): No known package when getting name for resource number 0xffffffff
W/ResourceType( 9265): No known package when getting name for resource number 0xffffffff
W/ResourceType( 9265): No known package when getting name for resource number 0xffffffff
W/ResourceType( 9265): No known package when getting name for resource number 0xffffffff
W/ResourceType( 9265): No known package when getting name for resource number 0xffffffff
W/ResourceType( 9265): No known package when getting name for resource number 0xffffffff
W/ResourceType( 9265): No known package when getting name for resource number 0xffffffff
W/ResourceType( 9265): No known package when getting name for resource number 0xffffffff
W/ResourceType( 9265): No known package when getting name for resource number 0xffffffff
W/ResourceType( 9265): No known package when getting name for resource number 0xffffffff
W/ResourceType( 9265): No known package when getting name for resource number 0xffffffff
W/ResourceType( 9265): No known package when getting name for resource number 0xffffffff
W/ResourceType( 9265): No known package when getting name for resource number 0xffffffff
W/ResourceType( 9265): No known package when getting name for resource number 0xffffffff
W/ResourceType( 9265): No known package when getting name for resource number 0xffffffff
W/ResourceType( 9265): No known package when getting name for resource number 0xffffffff
W/ResourceType( 9265): No known package when getting name for resource number 0xffffffff
W/ResourceType( 9265): No known package when getting name for resource number 0xffffffff
W/ResourceType( 9265): No known package when getting name for resource number 0xffffffff
W/ResourceType( 9265): No known package when getting name for resource number 0xffffffff
W/ResourceType( 9265): No known package when getting name for resource number 0xffffffff
W/ResourceType( 9265): No known package when getting name for resource number 0xffffffff
W/ResourceType( 9265): No known package when getting name for resource number 0xffffffff
W/ResourceType( 9265): No known package when getting name for resource number 0xffffffff
W/ResourceType( 9265): No known package when getting name for resource number 0xffffffff
W/ResourceType( 9265): No known package when getting name for resource number 0xffffffff
W/ResourceType( 9265): No known package when getting name for resource number 0xffffffff
W/ResourceType( 9265): No known package when getting name for resource number 0xffffffff
W/ResourceType( 9265): No known package when getting name for resource number 0xffffffff
W/ResourceType( 9265): No known package when getting name for resource number 0xffffffff
W/ResourceType( 9265): No known package when getting name for resource number 0xffffffff
W/ResourceType( 9265): No known package when getting name for resource number 0xffffffff
W/ResourceType( 9265): No known package when getting name for resource number 0xffffffff
W/ResourceType( 9265): No known package when getting name for resource number 0xffffffff
W/ResourceType( 9265): No known package when getting name for resource number 0xffffffff
W/ResourceType( 9265): No known package when getting name for resource number 0xffffffff
W/ResourceType( 9265): No known package when getting name for resource number 0xffffffff
W/ResourceType( 9265): No known package when getting name for resource number 0xffffffff
W/ResourceType( 9265): No known package when getting name for resource number 0xffffffff
W/ResourceType( 9265): No known package when getting name for resource number 0xffffffff
W/ResourceType( 9265): No known package when getting name for resource number 0xffffffff
W/ResourceType( 9265): No known package when getting name for resource number 0xffffffff
W/ResourceType( 9265): No known package when getting name for resource number 0xffffffff
W/ResourceType( 9265): No known package when getting name for resource number 0xffffffff
W/ResourceType( 9265): No known package when getting name for resource number 0xffffffff
W/ResourceType( 9265): No known package when getting name for resource number 0xffffffff
W/ResourceType( 9265): No known package when getting name for resource number 0xffffffff
W/ResourceType( 9265): No known package when getting name for resource number 0xffffffff
W/ResourceType( 9265): No known package when getting name for resource number 0xffffffff
W/ResourceType( 9265): No known package when getting name for resource number 0xffffffff
W/ResourceType( 9265): No known package when getting name for resource number 0xffffffff
W/ResourceType( 9265): No known package when getting name for resource number 0xffffffff
W/ResourceType( 9265): No known package when getting name for resource number 0xffffffff
W/ResourceType( 9265): No known package when getting name for resource number 0xffffffff
W/ResourceType( 9265): No known package when getting name for resource number 0xffffffff
W/ResourceType( 9265): No known package when getting name for resource number 0xffffffff
W/ResourceType( 9265): No known package when getting name for resource number 0xffffffff
W/ResourceType( 9265): No known package when getting name for resource number 0xffffffff
W/ResourceType( 9265): No known package when getting name for resource number 0xffffffff
W/ResourceType( 9265): No known package when getting name for resource number 0xffffffff
I/System.out( 9265): URI: /
I/System.out( 9265): params: {json={"command":"touch_coordinate","arguments":[683.0,781.0]}
I/System.out( 9265): }
I/System.out( 9265): header: {content-length=56, host=devicehost110.prod, x-session-token=token-token-e20b2687-a693-406e-be8b-c39f9fc66d4a, x-forwarded-for=10.222.150.18, content-type=application/json; charset=utf-8, connection=close}
I/System.out( 9265): params: {json={"command":"touch_coordinate","arguments":[683.0,781.0]}
I/System.out( 9265): }
I/System.out( 9265): ProP json = {"command":"touch_coordinate","arguments":[683.0,781.0]}
I/System.out( 9265): files: {}
I/System.out( 9265): command: {"command":"touch_coordinate","arguments":[683.0,781.0]}
I/InstrumentationBackend( 9265): Got command:'Command:'Line:null,touch_coordinate', arguments:'[683.0, 781.0]'
D/Mono    ( 9265): [0x9cb8f200] hill climbing, change max number of threads 4
D/audio_hw_primary(  358): out_set_parameters: enter: usecase(1: low-latency-playback) kvpairs: routing=2
D/Mono    ( 9265): Assembly Ref addref CareerBuilder_Search.Droid[0xb4acb580] -> Xamarin.Android.Support.v7.CardView[0xb4b73040]: 2
D/audio_hw_primary(  358): select_devices: out_snd_device(2: speaker) in_snd_device(0: none)
D/msm8974_platform(  358): platform_send_audio_calibration: sending audio calibration for snd_device(2) acdb_id(15)
E/ACDB-LOADER(  358): Error: ACDB AFE returned = -19
D/audio_hw_primary(  358): enable_snd_device: snd_device(2: speaker)
D/audio_hw_primary(  358): enable_audio_route: apply and update mixer path: low-latency-playback speaker
I/calabash( 9265): execStartActivity 4
I/ActivityManager(  817): START u0 {cmp=com.careerbuilder.SugarDrone/md5a4824aa66c0dc4d104077b72c1916a44.JobDisplayPageActivity (has extras)} from uid 19167 on display 0
V/WindowManager(  817): addAppToken: AppWindowToken{3f30b231 token=Token{31a9eed8 ActivityRecord{3cdb29bb u0 com.careerbuilder.SugarDrone/md5a4824aa66c0dc4d104077b72c1916a44.JobDisplayPageActivity t29}}} to stack=1 task=29 at 2
I/calabash( 9265): newActivity1
I/System.out( 9265): result:{"bonusInformation":[],"message":"","success":true}
I/WebViewFactory( 9265): Loading com.google.android.webview version 39 (1743759-arm) (code 320201)
I/LibraryLoader( 9265): Time to load native libraries: 2 ms (timestamps 9937-9939)
I/LibraryLoader( 9265): Expected native library version number "",actual native library version number ""
V/WebViewChromiumFactoryProvider( 9265): Binding Chromium to main looper Looper (main, tid 1) {254054ca}
I/LibraryLoader( 9265): Expected native library version number "",actual native library version number ""
I/chromium( 9265): [INFO:library_loader_hooks.cc(104)] Chromium logging enabled: level = 0, default verbosity = 0
I/BrowserStartupController( 9265): Initializing chromium process, singleProcess=true
W/art     ( 9265): Attempt to remove local handle scope entry from IRT, ignoring
W/chromium( 9265): [WARNING:resource_bundle.cc(304)] locale_file_path.empty()
I/chromium( 9265): [INFO:aw_browser_main_parts.cc(65)] Load from apk succesful, fd=62 off=46872 len=3037
I/chromium( 9265): [INFO:aw_browser_main_parts.cc(78)] Loading webviewchromium.pak from, fd:63 off:230172 len:1089587
W/AudioManagerAndroid( 9265): Requires BLUETOOTH permission
I/System.out( 9265): URI: /map
I/System.out( 9265): params: {json={"query":"* marked:'applyButton'","operation":{"method_name":"query","arguments":[]}}
I/System.out( 9265): }
V/WindowManager(  817): Adding window Window{1d03fc1c u0 com.careerbuilder.SugarDrone/md5a4824aa66c0dc4d104077b72c1916a44.JobDisplayPageActivity} at 4 of 9 (after Window{b5defbc u0 com.careerbuilder.SugarDrone/md5a4824aa66c0dc4d104077b72c1916a44.MasterNavActivity})
D/Mono    ( 9265): Unloading image System.Runtime.Extensions.dll [0x96a15600].
D/Mono    ( 9265): Image addref System.Runtime.Extensions[0xaec28520] -> System.Runtime.Extensions.dll[0x9a114600]: 8
D/Mono    ( 9265): Config attempting to parse: 'System.Runtime.Extensions.dll.config'.
D/Mono    ( 9265): Config attempting to parse: '/Users/builder/data/lanes/4009/f3074d2c/source/monodroid/builds/install/mono-armv6/etc/mono/assemblies/System.Runtime.Extensions/System.Runtime.Extensions.config'.
D/Mono    ( 9265): Assembly Ref addref CareerBuilder_Search[0xb4b73460] -> System.Runtime.Extensions[0x9a173400]: 6
I/mono-stdout( 9265): uri is: https://api.careerbuilder.com/v3/job?DID=job1&outputjson=true&ShowApplyRequirements=true&DeveloperKey=WDHR8FC6P2JZ1Y61KLM5
I/mono-stdout( 9265): making api call to: /v3/job?DID=job1&outputjson=true&ShowApplyRequirements=true&DeveloperKey=WDHR8FC6P2JZ1Y61KLM5
W/ResourceType( 9265): No known package when getting name for resource number 0xffffffff
W/ResourceType( 9265): No known package when getting name for resource number 0xffffffff
W/ResourceType( 9265): No known package when getting name for resource number 0xffffffff
W/ResourceType( 9265): No known package when getting name for resource number 0xffffffff
W/ResourceType( 9265): No known package when getting name for resource number 0xffffffff
W/ResourceType( 9265): No known package when getting name for resource number 0xffffffff
W/ResourceType( 9265): No known package when getting name for resource number 0xffffffff
W/ResourceType( 9265): No known package when getting name for resource number 0xffffffff
W/ResourceType( 9265): No known package when getting name for resource number 0xffffffff
W/ResourceType( 9265): No known package when getting name for resource number 0xffffffff
W/ResourceType( 9265): No known package when getting name for resource number 0xffffffff
W/ResourceType( 9265): No known package when getting name for resource number 0xffffffff
W/ResourceType( 9265): No known package when getting name for resource number 0xffffffff
W/ResourceType( 9265): No known package when getting name for resource number 0xffffffff
W/ResourceType( 9265): No known package when getting name for resource number 0xffffffff
W/ResourceType( 9265): No known package when getting name for resource number 0xffffffff
W/ResourceType( 9265): No known package when getting name for resource number 0xffffffff
W/ResourceType( 9265): No known package when getting name for resource number 0xffffffff
W/ResourceType( 9265): No known package when getting name for resource number 0xffffffff
W/ResourceType( 9265): No known package when getting name for resource number 0xffffffff
W/ResourceType( 9265): No known package when getting name for resource number 0xffffffff
W/ResourceType( 9265): No known package when getting name for resource number 0xffffffff
W/ResourceType( 9265): No known package when getting name for resource number 0xffffffff
W/ResourceType( 9265): No known package when getting name for resource number 0xffffffff
W/ResourceType( 9265): No known package when getting name for resource number 0xffffffff
W/ResourceType( 9265): No known package when getting name for resource number 0xffffffff
W/ResourceType( 9265): No known package when getting name for resource number 0xffffffff
W/ResourceType( 9265): No known package when getting name for resource number 0xffffffff
W/ResourceType( 9265): No known package when getting name for resource number 0xffffffff
I/ActivityManager(  817): Displayed com.careerbuilder.SugarDrone/md5a4824aa66c0dc4d104077b72c1916a44.JobDisplayPageActivity: +651ms
W/ResourceType( 9265): No known package when getting name for resource number 0xffffffff
W/ResourceType( 9265): No known package when getting name for resource number 0xffffffff
W/ResourceType( 9265): No known package when getting name for resource number 0xffffffff
W/ResourceType( 9265): No known package when getting name for resource number 0xffffffff
W/ResourceType( 9265): No known package when getting name for resource number 0xffffffff
W/ResourceType( 9265): No known package when getting name for resource number 0xffffffff
W/ResourceType( 9265): No known package when getting name for resource number 0xffffffff
W/ResourceType( 9265): No known package when getting name for resource number 0xffffffff
W/ResourceType( 9265): No known package when getting name for resource number 0xffffffff
W/ResourceType( 9265): No known package when getting name for resource number 0xffffffff
W/ResourceType( 9265): No known package when getting name for resource number 0xffffffff
W/ResourceType( 9265): No known package when getting name for resource number 0xffffffff
W/ResourceType( 9265): No known package when getting name for resource number 0xffffffff
W/ResourceType( 9265): No known package when getting name for resource number 0xffffffff
W/ResourceType( 9265): No known package when getting name for resource number 0xffffffff
W/ResourceType( 9265): No known package when getting name for resource number 0xffffffff
W/ResourceType( 9265): No known package when getting name for resource number 0xffffffff
W/ResourceType( 9265): No known package when getting name for resource number 0xffffffff
W/ResourceType( 9265): No known package when getting name for resource number 0xffffffff
W/ResourceType( 9265): No known package when getting name for resource number 0xffffffff
W/ResourceType( 9265): No known package when getting name for resource number 0xffffffff
W/ResourceType( 9265): No known package when getting name for resource number 0xffffffff
W/ResourceType( 9265): No known package when getting name for resource number 0xffffffff
W/ResourceType( 9265): No known package when getting name for resource number 0xffffffff
W/ResourceType( 9265): No known package when getting name for resource number 0xffffffff
W/ResourceType( 9265): No known package when getting name for resource number 0xffffffff
W/ResourceType( 9265): No known package when getting name for resource number 0xffffffff
W/ResourceType( 9265): No known package when getting name for resource number 0xffffffff
W/ResourceType( 9265): No known package when getting name for resource number 0xffffffff
W/ResourceType( 9265): No known package when getting name for resource number 0xffffffff
W/ResourceType( 9265): No known package when getting name for resource number 0xffffffff
W/ResourceType( 9265): No known package when getting name for resource number 0xffffffff
W/ResourceType( 9265): No known package when getting name for resource number 0xffffffff
I/mono-stdout( 9265): done making call to: /v3/job?DID=job1&outputjson=true&ShowApplyRequirements=true&DeveloperKey=WDHR8FC6P2JZ1Y61KLM5
W/ResourceType( 9265): No known package when getting name for resource number 0xffffffff
W/ResourceType( 9265): No known package when getting name for resource number 0xffffffff
W/ResourceType( 9265): No known package when getting name for resource number 0xffffffff
W/ResourceType( 9265): No known package when getting name for resource number 0xffffffff
I/mono-stdout( 9265): uri is: https://api.careerbuilder.com/consumer/saved-jobs/?DeveloperKey=WDHR8FC6P2JZ1Y61KLM5
I/mono-stdout( 9265): making api call to: /consumer/saved-jobs/?DeveloperKey=WDHR8FC6P2JZ1Y61KLM5
I/mono-stdout( 9265): Method: GET, RequestUri: 'https://api.careerbuilder.com/consumer/saved-jobs/?DeveloperKey=WDHR8FC6P2JZ1Y61KLM5', Version: 1.1, Content: <null>, Headers:

I/mono-stdout( 9265): {

I/mono-stdout( 9265): DeveloperKey: WDHR8FC6P2JZ1Y61KLM5

I/mono-stdout( 9265): Accept: application/json

I/mono-stdout( 9265): Authorization: Bearer test

I/mono-stdout( 9265): HostSite: US

I/mono-stdout( 9265): }
I/mono-stdout( 9265): Current State = 1,2,6,7
I/mono-stdout( 9265): applied jobs = 6
I/mono-stdout( 9265): expired jobs = 7
I/mono-stdout( 9265): saved jobs = Saved,Saved,Applied,Saved
I/System.out( 9265): URI: /map
I/System.out( 9265): params: {json={"query":"* marked:'applyButton'","operation":{"method_name":"query","arguments":[]}}
I/System.out( 9265): }
I/mono-stdout( 9265): done making call to: /consumer/saved-jobs/?DeveloperKey=WDHR8FC6P2JZ1Y61KLM5
W/ResourceType( 9265): No known package when getting name for resource number 0xffffffff
W/ResourceType( 9265): No known package when getting name for resource number 0xffffffff
W/ResourceType( 9265): No known package when getting name for resource number 0xffffffff
W/ResourceType( 9265): No known package when getting name for resource number 0xffffffff
W/ResourceType( 9265): No known package when getting name for resource number 0xffffffff
W/ResourceType( 9265): No known package when getting name for resource number 0xffffffff
W/ResourceType( 9265): No known package when getting name for resource number 0xffffffff
W/ResourceType( 9265): No known package when getting name for resource number 0xffffffff
W/ResourceType( 9265): No known package when getting name for resource number 0xffffffff
W/ResourceType( 9265): No known package when getting name for resource number 0xffffffff
W/ResourceType( 9265): No known package when getting name for resource number 0xffffffff
W/ResourceType( 9265): No known package when getting name for resource number 0xffffffff
W/ResourceType( 9265): No known package when getting name for resource number 0xffffffff
W/ResourceType( 9265): No known package when getting name for resource number 0xffffffff
W/ResourceType( 9265): No known package when getting name for resource number 0xffffffff
W/ResourceType( 9265): No known package when getting name for resource number 0xffffffff
W/ResourceType( 9265): No known package when getting name for resource number 0xffffffff
W/ResourceType( 9265): No known package when getting name for resource number 0xffffffff
W/ResourceType( 9265): No known package when getting name for resource number 0xffffffff
W/ResourceType( 9265): No known package when getting name for resource number 0xffffffff
W/ResourceType( 9265): No known package when getting name for resource number 0xffffffff
W/ResourceType( 9265): No known package when getting name for resource number 0xffffffff
W/ResourceType( 9265): No known package when getting name for resource number 0xffffffff
W/ResourceType( 9265): No known package when getting name for resource number 0xffffffff
W/ResourceType( 9265): No known package when getting name for resource number 0xffffffff
W/ResourceType( 9265): No known package when getting name for resource number 0xffffffff
W/ResourceType( 9265): No known package when getting name for resource number 0xffffffff
W/ResourceType( 9265): No known package when getting name for resource number 0xffffffff
W/ResourceType( 9265): No known package when getting name for resource number 0xffffffff
W/ResourceType( 9265): No known package when getting name for resource number 0xffffffff
W/ResourceType( 9265): No known package when getting name for resource number 0xffffffff
W/ResourceType( 9265): No known package when getting name for resource number 0xffffffff
W/ResourceType( 9265): No known package when getting name for resource number 0xffffffff
W/ResourceType( 9265): No known package when getting name for resource number 0xffffffff
W/ResourceType( 9265): No known package when getting name for resource number 0xffffffff
W/ResourceType( 9265): No known package when getting name for resource number 0xffffffff
W/ResourceType( 9265): No known package when getting name for resource number 0xffffffff
W/ResourceType( 9265): No known package when getting name for resource number 0xffffffff
W/ResourceType( 9265): No known package when getting name for resource number 0xffffffff
W/ResourceType( 9265): No known package when getting name for resource number 0xffffffff
W/ResourceType( 9265): No known package when getting name for resource number 0xffffffff
W/ResourceType( 9265): No known package when getting name for resource number 0xffffffff
W/ResourceType( 9265): No known package when getting name for resource number 0xffffffff
W/ResourceType( 9265): No known package when getting name for resource number 0xffffffff
W/ResourceType( 9265): No known package when getting name for resource number 0xffffffff
W/ResourceType( 9265): No known package when getting name for resource number 0xffffffff
W/ResourceType( 9265): No known package when getting name for resource number 0xffffffff
W/ResourceType( 9265): No known package when getting name for resource number 0xffffffff
W/ResourceType( 9265): No known package when getting name for resource number 0xffffffff
W/ResourceType( 9265): No known package when getting name for resource number 0xffffffff
W/ResourceType( 9265): No known package when getting name for resource number 0xffffffff
W/ResourceType( 9265): No known package when getting name for resource number 0xffffffff
W/ResourceType( 9265): No known package when getting name for resource number 0xffffffff
W/ResourceType( 9265): No known package when getting name for resource number 0xffffffff
W/ResourceType( 9265): No known package when getting name for resource number 0xffffffff
W/ResourceType( 9265): No known package when getting name for resource number 0xffffffff
W/ResourceType( 9265): No known package when getting name for resource number 0xffffffff
W/ResourceType( 9265): No known package when getting name for resource number 0xffffffff
W/ResourceType( 9265): No known package when getting name for resource number 0xffffffff
W/ResourceType( 9265): No known package when getting name for resource number 0xffffffff
W/ResourceType( 9265): No known package when getting name for resource number 0xffffffff
W/ResourceType( 9265): No known package when getting name for resource number 0xffffffff
W/ResourceType( 9265): No known package when getting name for resource number 0xffffffff
W/ResourceType( 9265): No known package when getting name for resource number 0xffffffff
W/ResourceType( 9265): No known package when getting name for resource number 0xffffffff
W/ResourceType( 9265): No known package when getting name for resource number 0xffffffff
W/ResourceType( 9265): No known package when getting name for resource number 0xffffffff
W/ResourceType( 9265): No known package when getting name for resource number 0xffffffff
W/ResourceType( 9265): No known package when getting name for resource number 0xffffffff
W/ResourceType( 9265): No known package when getting name for resource number 0xffffffff
W/ResourceType( 9265): No known package when getting name for resource number 0xffffffff
W/ResourceType( 9265): No known package when getting name for resource number 0xffffffff
W/ResourceType( 9265): No known package when getting name for resource number 0xffffffff
W/ResourceType( 9265): No known package when getting name for resource number 0xffffffff
W/ResourceType( 9265): No known package when getting name for resource number 0xffffffff
W/ResourceType( 9265): No known package when getting name for resource number 0xffffffff
E/WifiStateMachine(  817): WifiStateMachine CMD_START_SCAN source -2 txSuccessRate=5.75 rxSuccessRate=3.84 targetRoamBSSID=any RSSI=-53
I/art     ( 9265): Explicit concurrent mark sweep GC freed 280996(11MB) AllocSpace objects, 19(304KB) LOS objects, 26% free, 44MB/60MB, paused 994us total 58.519ms
I/art     ( 9265): Explicit concurrent mark sweep GC freed 616(30KB) AllocSpace objects, 0(0B) LOS objects, 26% free, 44MB/60MB, paused 772us total 23.701ms
I/art     ( 9265): Explicit concurrent mark sweep GC freed 10(592B) AllocSpace objects, 0(0B) LOS objects, 26% free, 44MB/60MB, paused 992us total 26.130ms
I/System.out( 9265): URI: /map
I/System.out( 9265): params: {json={"query":"* marked:'applyButton'","operation":{"method_name":"query","arguments":[]}}
I/System.out( 9265): }
