D/Mono    ( 9172): Probing 'java_interop_jnienv_get_method_id'.
D/Mono    ( 9172): Found as 'java_interop_jnienv_get_method_id'.
D/Mono    ( 9172): DllImport searching in: '__Internal' ('(null)').
D/Mono    ( 9172): Searching for '_monodroid_gref_log_delete'.
D/Mono    ( 9172): Probing '_monodroid_gref_log_delete'.
D/Mono    ( 9172): Found as '_monodroid_gref_log_delete'.
D/Mono    ( 9172): DllImport searching in: '__Internal' ('(null)').
D/Mono    ( 9172): Searching for 'java_interop_jnienv_delete_global_ref'.
D/Mono    ( 9172): Probing 'java_interop_jnienv_delete_global_ref'.
D/Mono    ( 9172): Found as 'java_interop_jnienv_delete_global_ref'.
D/Mono    ( 9172): DllImport searching in: '__Internal' ('(null)').
D/Mono    ( 9172): Searching for 'java_interop_jnienv_get_static_method_id'.
D/Mono    ( 9172): Probing 'java_interop_jnienv_get_static_method_id'.
D/Mono    ( 9172): Found as 'java_interop_jnienv_get_static_method_id'.
D/Mono    ( 9172): DllImport searching in: '__Internal' ('(null)').
D/Mono    ( 9172): Searching for 'java_interop_jnienv_call_static_object_method_a'.
D/Mono    ( 9172): Probing 'java_interop_jnienv_call_static_object_method_a'.
D/Mono    ( 9172): Found as 'java_interop_jnienv_call_static_object_method_a'.
D/Mono    ( 9172): DllImport searching in: '__Internal' ('(null)').
D/Mono    ( 9172): Searching for '_monodroid_get_identity_hash_code'.
D/Mono    ( 9172): Probing '_monodroid_get_identity_hash_code'.
D/Mono    ( 9172): Found as '_monodroid_get_identity_hash_code'.
D/Mono    ( 9172): DllImport searching in: '__Internal' ('(null)').
D/Mono    ( 9172): Searching for 'java_interop_jnienv_get_object_class'.
D/Mono    ( 9172): Probing 'java_interop_jnienv_get_object_class'.
D/Mono    ( 9172): Found as 'java_interop_jnienv_get_object_class'.
D/Mono    ( 9172): DllImport searching in: '__Internal' ('(null)').
D/Mono    ( 9172): Searching for 'java_interop_jnienv_call_object_method'.
D/Mono    ( 9172): Probing 'java_interop_jnienv_call_object_method'.
D/Mono    ( 9172): Found as 'java_interop_jnienv_call_object_method'.
D/Mono    ( 9172): DllImport searching in: '__Internal' ('(null)').
D/Mono    ( 9172): Searching for 'java_interop_jnienv_get_string_length'.
D/Mono    ( 9172): Probing 'java_interop_jnienv_get_string_length'.
D/Mono    ( 9172): Found as 'java_interop_jnienv_get_string_length'.
D/Mono    ( 9172): DllImport searching in: '__Internal' ('(null)').
D/Mono    ( 9172): Searching for 'java_interop_jnienv_get_string_chars'.
D/Mono    ( 9172): Probing 'java_interop_jnienv_get_string_chars'.
D/Mono    ( 9172): Found as 'java_interop_jnienv_get_string_chars'.
D/Mono    ( 9172): DllImport searching in: '__Internal' ('(null)').
D/Mono    ( 9172): Searching for 'java_interop_jnienv_release_string_chars'.
D/Mono    ( 9172): Probing 'java_interop_jnienv_release_string_chars'.
D/Mono    ( 9172): Found as 'java_interop_jnienv_release_string_chars'.
D/Mono    ( 9172): DllImport searching in: '__Internal' ('(null)').
D/Mono    ( 9172): Searching for 'monodroid_typemap_java_to_managed'.
D/Mono    ( 9172): Probing 'monodroid_typemap_java_to_managed'.
D/Mono    ( 9172): Found as 'monodroid_typemap_java_to_managed'.
D/Mono    ( 9172): DllImport searching in: '__Internal' ('(null)').
D/Mono    ( 9172): Searching for 'java_interop_jnienv_get_superclass'.
D/Mono    ( 9172): Probing 'java_interop_jnienv_get_superclass'.
D/Mono    ( 9172): Found as 'java_interop_jnienv_get_superclass'.
D/Mono    ( 9172): DllImport searching in: '__Internal' ('(null)').
D/Mono    ( 9172): Searching for 'java_interop_jnienv_is_instance_of'.
D/Mono    ( 9172): Probing 'java_interop_jnienv_is_instance_of'.
D/Mono    ( 9172): Found as 'java_interop_jnienv_is_instance_of'.
D/Mono    ( 9172): DllImport searching in: '__Internal' ('(null)').
D/Mono    ( 9172): Searching for '_monodroid_gref_log'.
D/Mono    ( 9172): Probing '_monodroid_gref_log'.
D/Mono    ( 9172): Found as '_monodroid_gref_log'.
D/Mono    ( 9172): Image addref System.Linq[0xb4b745e0] -> System.Linq.dll[0xb4b7bf00]: 2
D/Mono    ( 9172): Prepared to set up assembly 'System.Linq' (System.Linq.dll)
D/Mono    ( 9172): Assembly System.Linq[0xb4b745e0] added to domain RootDomain, ref_count=1
D/Mono    ( 9172): AOT module 'System.Linq.dll.so' not found: dlopen failed: library "/data/app/com.careerbuilder.SugarDrone-1/lib/arm/libaot-System.Linq.dll.so" not found
D/Mono    ( 9172): AOT module '/Users/builder/data/lanes/4009/f3074d2c/source/monodroid/builds/install/mono-armv6/lib/mono/aot-cache/arm/System.Linq.dll.so' not found: dlopen failed: library "/data/app/com.careerbuilder.SugarDrone-1/lib/arm/libaot-System.Linq.dll.so" not found
D/Mono    ( 9172): Config attempting to parse: 'System.Linq.dll.config'.
D/Mono    ( 9172): Config attempting to parse: '/Users/builder/data/lanes/4009/f3074d2c/source/monodroid/builds/install/mono-armv6/etc/mono/assemblies/System.Linq/System.Linq.config'.
D/Mono    ( 9172): Assembly Ref addref Java.Interop[0xb4b741c0] -> System.Linq[0xb4b745e0]: 2
D/Mono    ( 9172): Image addref System.Core[0xb4b74760] -> System.Core.dll[0xb4b7a100]: 2
D/Mono    ( 9172): Prepared to set up assembly 'System.Core' (System.Core.dll)
D/Mono    ( 9172): Assembly System.Core[0xb4b74760] added to domain RootDomain, ref_count=1
D/Mono    ( 9172): AOT module 'System.Core.dll.so' not found: dlopen failed: library "/data/app/com.careerbuilder.SugarDrone-1/lib/arm/libaot-System.Core.dll.so" not found
D/Mono    ( 9172): AOT module '/Users/builder/data/lanes/4009/f3074d2c/source/monodroid/builds/install/mono-armv6/lib/mono/aot-cache/arm/System.Core.dll.so' not found: dlopen failed: library "/data/app/com.careerbuilder.SugarDrone-1/lib/arm/libaot-System.Core.dll.so" not found
D/Mono    ( 9172): Config attempting to parse: 'System.Core.dll.config'.
D/Mono    ( 9172): Config attempting to parse: '/Users/builder/data/lanes/4009/f3074d2c/source/monodroid/builds/install/mono-armv6/etc/mono/assemblies/System.Core/System.Core.config'.
D/Mono    ( 9172): Assembly Ref addref System.Linq[0xb4b745e0] -> System.Core[0xb4b74760]: 2
D/Mono    ( 9172): Assembly Ref addref System.Core[0xb4b74760] -> mscorlib[0xb4ae8160]: 10
D/Mono    ( 9172): Image addref System.Reflection.Extensions[0xb4b74880] -> System.Reflection.Extensions.dll[0xb4b7ba00]: 2
D/Mono    ( 9172): Prepared to set up assembly 'System.Reflection.Extensions' (System.Reflection.Extensions.dll)
D/Mono    ( 9172): Assembly System.Reflection.Extensions[0xb4b74880] added to domain RootDomain, ref_count=1
D/Mono    ( 9172): AOT module 'System.Reflection.Extensions.dll.so' not found: dlopen failed: library "/data/app/com.careerbuilder.SugarDrone-1/lib/arm/libaot-System.Reflection.Extensions.dll.so" not found
D/Mono    ( 9172): AOT module '/Users/builder/data/lanes/4009/f3074d2c/source/monodroid/builds/install/mono-armv6/lib/mono/aot-cache/arm/System.Reflection.Extensions.dll.so' not found: dlopen failed: library "/data/app/com.careerbuilder.SugarDrone-1/lib/arm/libaot-System.Reflection.Extensions.dll.so" not found
D/Mono    ( 9172): Config attempting to parse: 'System.Reflection.Extensions.dll.config'.
D/Mono    ( 9172): Config attempting to parse: '/Users/builder/data/lanes/4009/f3074d2c/source/monodroid/builds/install/mono-armv6/etc/mono/assemblies/System.Reflection.Extensions/System.Reflection.Extensions.config'.
D/Mono    ( 9172): Assembly Ref addref Java.Interop[0xb4b741c0] -> System.Reflection.Extensions[0xb4b74880]: 2
D/Mono    ( 9172): Assembly Ref addref System.Reflection.Extensions[0xb4b74880] -> mscorlib[0xb4ae8160]: 11
D/Mono    ( 9172): Assembly Ref addref Mono.Android[0xb4b74160] -> System.Core[0xb4b74760]: 3
D/Mono    ( 9172): DllImport searching in: '__Internal' ('(null)').
D/Mono    ( 9172): Searching for 'monodroid_typemap_managed_to_java'.
D/Mono    ( 9172): Probing 'monodroid_typemap_managed_to_java'.
D/Mono    ( 9172): Found as 'monodroid_typemap_managed_to_java'.
D/Mono    ( 9172): DllImport searching in: '__Internal' ('(null)').
D/Mono    ( 9172): Searching for 'java_interop_jnienv_alloc_object'.
D/Mono    ( 9172): Probing 'java_interop_jnienv_alloc_object'.
D/Mono    ( 9172): Found as 'java_interop_jnienv_alloc_object'.
D/Mono    ( 9172): DllImport searching in: '__Internal' ('(null)').
D/Mono    ( 9172): Searching for '_monodroid_gc_wait_for_bridge_processing'.
D/Mono    ( 9172): Probing '_monodroid_gc_wait_for_bridge_processing'.
D/Mono    ( 9172): Found as '_monodroid_gc_wait_for_bridge_processing'.
D/Mono    ( 9172): DllImport searching in: '__Internal' ('(null)').
D/Mono    ( 9172): Searching for 'java_interop_jnienv_register_natives'.
D/Mono    ( 9172): Probing 'java_interop_jnienv_register_natives'.
D/Mono    ( 9172): Found as 'java_interop_jnienv_register_natives'.
D/Mono    ( 9172): DllImport searching in: '__Internal' ('(null)').
D/Mono    ( 9172): Searching for 'java_interop_jnienv_call_nonvirtual_void_method_a'.
D/Mono    ( 9172): Probing 'java_interop_jnienv_call_nonvirtual_void_method_a'.
D/Mono    ( 9172): Found as 'java_interop_jnienv_call_nonvirtual_void_method_a'.
D/Mono    ( 9172): DllImport searching in: '__Internal' ('(null)').
D/Mono    ( 9172): Searching for 'java_interop_jnienv_is_same_object'.
D/Mono    ( 9172): Probing 'java_interop_jnienv_is_same_object'.
D/Mono    ( 9172): Found as 'java_interop_jnienv_is_same_object'.
D/Mono    ( 9172): DllImport searching in: '__Internal' ('(null)').
D/Mono    ( 9172): Searching for 'java_interop_jnienv_call_static_void_method_a'.
D/Mono    ( 9172): Probing 'java_interop_jnienv_call_static_void_method_a'.
D/Mono    ( 9172): Found as 'java_interop_jnienv_call_static_void_method_a'.
D/Mono    ( 9172): Assembly Ref addref AppsFlyerXamarinBindingAndroid[0xb4ae8280] -> mscorlib[0xb4ae8160]: 12
D/Mono    ( 9172): Assembly Ref addref AppsFlyerXamarinBindingAndroid[0xb4ae8280] -> Mono.Android[0xb4b74160]: 2
D/Mono    ( 9172): Assembly Ref addref HockeySDK[0xb4ae82e0] -> mscorlib[0xb4ae8160]: 13
D/Mono    ( 9172): Assembly Ref addref HockeySDK[0xb4ae82e0] -> Mono.Android[0xb4b74160]: 3
D/Mono    ( 9172): Assembly Ref addref Xamarin.GooglePlayServices.Analytics[0xb4ae87c0] -> mscorlib[0xb4ae8160]: 14
D/Mono    ( 9172): Assembly Ref addref Xamarin.GooglePlayServices.Analytics[0xb4ae87c0] -> Mono.Android[0xb4b74160]: 4
D/Mono    ( 9172): Assembly Ref addref Xamarin.GooglePlayServices.Base[0xb4ae8820] -> mscorlib[0xb4ae8160]: 15
D/Mono    ( 9172): Assembly Ref addref Xamarin.GooglePlayServices.Base[0xb4ae8820] -> Mono.Android[0xb4b74160]: 5
D/Mono    ( 9172): Assembly Ref addref Xamarin.GooglePlayServices.Basement[0xb4ae8880] -> mscorlib[0xb4ae8160]: 16
D/Mono    ( 9172): Assembly Ref addref Xamarin.GooglePlayServices.Basement[0xb4ae8880] -> Mono.Android[0xb4b74160]: 6
D/Mono    ( 9172): Assembly Ref addref FloatingActionButton-Xamarin[0xb4ae8a00] -> mscorlib[0xb4ae8160]: 17
D/Mono    ( 9172): Assembly Ref addref FloatingActionButton-Xamarin[0xb4ae8a00] -> Mono.Android[0xb4b74160]: 7
D/Mono    ( 9172): Assembly Ref addref Xamarin.Android.Support.v4[0xb4ae8a60] -> mscorlib[0xb4ae8160]: 18
D/Mono    ( 9172): Assembly Ref addref Xamarin.Android.Support.v4[0xb4ae8a60] -> Mono.Android[0xb4b74160]: 8
D/Mono    ( 9172): Assembly Ref addref Xamarin.Android.Support.v7.RecyclerView[0xb4ae8ac0] -> mscorlib[0xb4ae8160]: 19
D/Mono    ( 9172): Assembly Ref addref Xamarin.Android.Support.v7.RecyclerView[0xb4ae8ac0] -> Mono.Android[0xb4b74160]: 9
D/Mono    ( 9172): Assembly Ref addref Xamarin.Android.Support.Vector.Drawable[0xb4ae8b20] -> mscorlib[0xb4ae8160]: 20
D/Mono    ( 9172): Assembly Ref addref Xamarin.Android.Support.Vector.Drawable[0xb4ae8b20] -> Mono.Android[0xb4b74160]: 10
D/Mono    ( 9172): Assembly Ref addref Xamarin.Android.Support.Animated.Vector.Drawable[0xb4ae8b80] -> mscorlib[0xb4ae8160]: 21
D/Mono    ( 9172): Assembly Ref addref Xamarin.Android.Support.Animated.Vector.Drawable[0xb4ae8b80] -> Mono.Android[0xb4b74160]: 11
D/Mono    ( 9172): Assembly Ref addref Xamarin.Android.Support.v7.AppCompat[0xb4ae8be0] -> mscorlib[0xb4ae8160]: 22
D/Mono    ( 9172): Assembly Ref addref Xamarin.Android.Support.v7.AppCompat[0xb4ae8be0] -> Mono.Android[0xb4b74160]: 12
D/Mono    ( 9172): Assembly Ref addref Xamarin.Android.Support.Design[0xb4ae8c40] -> mscorlib[0xb4ae8160]: 23
D/Mono    ( 9172): Assembly Ref addref Xamarin.Android.Support.Design[0xb4ae8c40] -> Mono.Android[0xb4b74160]: 13
D/Mono    ( 9172): Assembly Ref addref Xamarin.Android.Support.v7.CardView[0xb4ae8ca0] -> mscorlib[0xb4ae8160]: 24
D/Mono    ( 9172): Assembly Ref addref Xamarin.Android.Support.v7.CardView[0xb4ae8ca0] -> Mono.Android[0xb4b74160]: 14
D/Mono    ( 9172): Assembly Ref addref FlexboxLayoutXamarinBindingAndroid[0xb4b74040] -> mscorlib[0xb4ae8160]: 25
D/Mono    ( 9172): Assembly Ref addref FlexboxLayoutXamarinBindingAndroid[0xb4b74040] -> Mono.Android[0xb4b74160]: 15
D/Mono    ( 9172): Assembly Ref addref CareerBuilder_Search.Droid[0xb4ae8220] -> Mono.Android[0xb4b74160]: 16
D/Mono    ( 9172): Assembly Ref addref CareerBuilder_Search.Droid[0xb4ae8220] -> mscorlib[0xb4ae8160]: 26
D/audio_hw_primary(  358): disable_audio_route: reset and update mixer path: low-latency-playback speaker
D/audio_hw_primary(  358): disable_snd_device: snd_device(2: speaker)
D/Mono    ( 9172): Image addref Mono.Android.Export[0xb4b74dc0] -> Mono.Android.Export.dll[0xb4b7ce00]: 2
D/Mono    ( 9172): Prepared to set up assembly 'Mono.Android.Export' (Mono.Android.Export.dll)
D/Mono    ( 9172): Assembly Mono.Android.Export[0xb4b74dc0] added to domain RootDomain, ref_count=1
D/Mono    ( 9172): AOT module 'Mono.Android.Export.dll.so' not found: dlopen failed: library "/data/app/com.careerbuilder.SugarDrone-1/lib/arm/libaot-Mono.Android.Export.dll.so" not found
D/Mono    ( 9172): AOT module '/Users/builder/data/lanes/4009/f3074d2c/source/monodroid/builds/install/mono-armv6/lib/mono/aot-cache/arm/Mono.Android.Export.dll.so' not found: dlopen failed: library "/data/app/com.careerbuilder.SugarDrone-1/lib/arm/libaot-Mono.Android.Export.dll.so" not found
D/Mono    ( 9172): Config attempting to parse: 'Mono.Android.Export.dll.config'.
D/Mono    ( 9172): Config attempting to parse: '/Users/builder/data/lanes/4009/f3074d2c/source/monodroid/builds/install/mono-armv6/etc/mono/assemblies/Mono.Android.Export/Mono.Android.Export.config'.
D/Mono    ( 9172): Assembly Ref addref Mono.Android.Export[0xb4b74dc0] -> mscorlib[0xb4ae8160]: 27
D/Mono    ( 9172): Assembly Ref addref Mono.Android.Export[0xb4b74dc0] -> Mono.Android[0xb4b74160]: 17
D/Mono    ( 9172): Image addref System.Xml[0xb4b74ac0] -> System.Xml.dll[0xb4b7dd00]: 2
D/Mono    ( 9172): Prepared to set up assembly 'System.Xml' (System.Xml.dll)
D/Mono    ( 9172): Assembly System.Xml[0xb4b74ac0] added to domain RootDomain, ref_count=1
D/Mono    ( 9172): AOT module 'System.Xml.dll.so' not found: dlopen failed: library "/data/app/com.careerbuilder.SugarDrone-1/lib/arm/libaot-System.Xml.dll.so" not found
D/Mono    ( 9172): AOT module '/Users/builder/data/lanes/4009/f3074d2c/source/monodroid/builds/install/mono-armv6/lib/mono/aot-cache/arm/System.Xml.dll.so' not found: dlopen failed: library "/data/app/com.careerbuilder.SugarDrone-1/lib/arm/libaot-System.Xml.dll.so" not found
D/Mono    ( 9172): Config attempting to parse: 'System.Xml.dll.config'.
D/Mono    ( 9172): Config attempting to parse: '/Users/builder/data/lanes/4009/f3074d2c/source/monodroid/builds/install/mono-armv6/etc/mono/assemblies/System.Xml/System.Xml.config'.
D/Mono    ( 9172): Assembly Ref addref Mono.Android.Export[0xb4b74dc0] -> System.Xml[0xb4b74ac0]: 2
D/Mono    ( 9172): Assembly Ref addref System.Xml[0xb4b74ac0] -> mscorlib[0xb4ae8160]: 28
D/Mono    ( 9172): Assembly Ref addref Mono.Android[0xb4b74160] -> System.Xml[0xb4b74ac0]: 3
D/Mono    ( 9172): Assembly Ref addref Mono.Android.Export[0xb4b74dc0] -> System.Core[0xb4b74760]: 4
D/Mono    ( 9172): Image addref System.Net.Http[0xb4b74fa0] -> System.Net.Http.dll[0xb4b80500]: 2
D/Mono    ( 9172): Prepared to set up assembly 'System.Net.Http' (System.Net.Http.dll)
D/Mono    ( 9172): Assembly System.Net.Http[0xb4b74fa0] added to domain RootDomain, ref_count=1
D/Mono    ( 9172): AOT module 'System.Net.Http.dll.so' not found: dlopen failed: library "/data/app/com.careerbuilder.SugarDrone-1/lib/arm/libaot-System.Net.Http.dll.so" not found
D/Mono    ( 9172): AOT module '/Users/builder/data/lanes/4009/f3074d2c/source/monodroid/builds/install/mono-armv6/lib/mono/aot-cache/arm/System.Net.Http.dll.so' not found: dlopen failed: library "/data/app/com.careerbuilder.SugarDrone-1/lib/arm/libaot-System.Net.Http.dll.so" not found
D/Mono    ( 9172): Config attempting to parse: 'System.Net.Http.dll.config'.
D/Mono    ( 9172): Config attempting to parse: '/Users/builder/data/lanes/4009/f3074d2c/source/monodroid/builds/install/mono-armv6/etc/mono/assemblies/System.Net.Http/System.Net.Http.config'.
D/Mono    ( 9172): Assembly Ref addref CareerBuilder_Search.Droid[0xb4ae8220] -> System.Net.Http[0xb4b74fa0]: 2
D/Mono    ( 9172): Assembly Ref addref System.Net.Http[0xb4b74fa0] -> mscorlib[0xb4ae8160]: 29
I/ThermalEngine(  366): ACTION: GPU - Setting GPU[0] to 500000000
I/ThermalEngine(  366): Mitigation:GPU[0]:500000000 Hz
I/ThermalEngine(  366): ACTION: CPU - Setting CPU[0] to 2265600
I/ThermalEngine(  366): ACTION: CPU - Setting CPU[1] to 2265600
I/ThermalEngine(  366): ACTION: CPU - Setting CPU[2] to 2265600
I/ThermalEngine(  366): ACTION: CPU - Setting CPU[3] to 2265600
I/art     ( 9172): Explicit concurrent mark sweep GC freed 1573(102KB) AllocSpace objects, 0(0B) LOS objects, 24% free, 22MB/29MB, paused 277us total 18.051ms
I/art     ( 9172): Explicit concurrent mark sweep GC freed 23(776B) AllocSpace objects, 0(0B) LOS objects, 24% free, 22MB/29MB, paused 243us total 10.999ms
I/art     ( 9172): Explicit concurrent mark sweep GC freed 3(96B) AllocSpace objects, 0(0B) LOS objects, 24% free, 22MB/29MB, paused 329us total 11.714ms
I/art     ( 9172): Explicit concurrent mark sweep GC freed 3(96B) AllocSpace objects, 0(0B) LOS objects, 24% free, 22MB/29MB, paused 292us total 10.917ms
I/art     ( 9172): Explicit concurrent mark sweep GC freed 3(96B) AllocSpace objects, 0(0B) LOS objects, 24% free, 22MB/29MB, paused 245us total 10.631ms
I/ThermalEngine(  366): ACTION: GPU - Setting GPU[0] to 389000000
I/ThermalEngine(  366): Mitigation:GPU[0]:389000000 Hz
I/ThermalEngine(  366): ACTION: CPU - Setting CPU[0] to 1958400
I/ThermalEngine(  366): ACTION: CPU - Setting CPU[1] to 1958400
I/ThermalEngine(  366): ACTION: CPU - Setting CPU[2] to 1958400
I/ThermalEngine(  366): ACTION: CPU - Setting CPU[3] to 1958400
E/WifiStateMachine(  816): WifiStateMachine CMD_START_SCAN source -2 txSuccessRate=1.62 rxSuccessRate=1.02 targetRoamBSSID=any RSSI=-51
E/WifiStateMachine(  816): WifiStateMachine starting scan for "xtc-ag"WPA_PSK with 5240,2412,2437,5200,5180
I/art     ( 9172): Explicit concurrent mark sweep GC freed 19(1656B) AllocSpace objects, 0(0B) LOS objects, 24% free, 22MB/29MB, paused 290us total 12.261ms
I/art     ( 9172): Explicit concurrent mark sweep GC freed 3(96B) AllocSpace objects, 0(0B) LOS objects, 24% free, 22MB/29MB, paused 288us total 12.493ms
I/art     ( 9172): Explicit concurrent mark sweep GC freed 3(96B) AllocSpace objects, 0(0B) LOS objects, 24% free, 22MB/29MB, paused 275us total 12.872ms
I/art     ( 9172): Explicit concurrent mark sweep GC freed 3(96B) AllocSpace objects, 0(0B) LOS objects, 24% free, 22MB/29MB, paused 276us total 11.781ms
I/ThermalEngine(  366): ACTION: GPU - Setting GPU[0] to 500000000
I/ThermalEngine(  366): Mitigation:GPU[0]:500000000 Hz
I/art     ( 9172): Explicit concurrent mark sweep GC freed 3(96B) AllocSpace objects, 0(0B) LOS objects, 24% free, 22MB/29MB, paused 288us total 12.156ms
I/ThermalEngine(  366): ACTION: CPU - Setting CPU[0] to 2265600
I/ThermalEngine(  366): ACTION: CPU - Setting CPU[1] to 2265600
I/ThermalEngine(  366): ACTION: CPU - Setting CPU[2] to 2265600
I/ThermalEngine(  366): ACTION: CPU - Setting CPU[3] to 2265600
I/ThermalEngine(  366): ACTION: GPU - Setting GPU[0] to 600000000
I/ThermalEngine(  366): Mitigation:GPU[0]:600000000 Hz
I/ThermalEngine(  366): ACTION: CPU - Setting CPU[0] to 2457600
I/ThermalEngine(  366): ACTION: CPU - Setting CPU[1] to 2457600
I/ThermalEngine(  366): ACTION: CPU - Setting CPU[2] to 2457600
I/ThermalEngine(  366): ACTION: CPU - Setting CPU[3] to 2457600
I/art     ( 9172): Explicit concurrent mark sweep GC freed 19(1656B) AllocSpace objects, 0(0B) LOS objects, 24% free, 22MB/29MB, paused 241us total 10.957ms
I/art     ( 9172): Explicit concurrent mark sweep GC freed 3(96B) AllocSpace objects, 0(0B) LOS objects, 24% free, 22MB/29MB, paused 295us total 11.482ms
I/art     ( 9172): Explicit concurrent mark sweep GC freed 3(96B) AllocSpace objects, 0(0B) LOS objects, 24% free, 22MB/29MB, paused 226us total 9.857ms
I/art     ( 9172): Explicit concurrent mark sweep GC freed 3(96B) AllocSpace objects, 0(0B) LOS objects, 24% free, 22MB/29MB, paused 238us total 10.365ms
I/art     ( 9172): Explicit concurrent mark sweep GC freed 3(96B) AllocSpace objects, 0(0B) LOS objects, 24% free, 22MB/29MB, paused 226us total 9.708ms
I/ThermalEngine(  366): ACTION: CPU - Setting CPU[0] to 2496000
I/ThermalEngine(  366): ACTION: CPU - Setting CPU[1] to 2496000
I/ThermalEngine(  366): ACTION: CPU - Setting CPU[2] to 2496000
I/ThermalEngine(  366): ACTION: CPU - Setting CPU[3] to 2496000
I/ThermalEngine(  366): ACTION: CPU - Setting CPU[0] to 2572800
I/ThermalEngine(  366): ACTION: CPU - Setting CPU[1] to 2572800
I/ThermalEngine(  366): ACTION: CPU - Setting CPU[2] to 2572800
I/ThermalEngine(  366): ACTION: CPU - Setting CPU[3] to 2572800
I/art     ( 9172): Explicit concurrent mark sweep GC freed 19(1656B) AllocSpace objects, 0(0B) LOS objects, 24% free, 22MB/29MB, paused 226us total 9.546ms
I/art     ( 9172): Explicit concurrent mark sweep GC freed 3(96B) AllocSpace objects, 0(0B) LOS objects, 24% free, 22MB/29MB, paused 223us total 10.385ms
I/art     ( 9172): Explicit concurrent mark sweep GC freed 3(96B) AllocSpace objects, 0(0B) LOS objects, 24% free, 22MB/29MB, paused 218us total 9.587ms
I/art     ( 9172): Explicit concurrent mark sweep GC freed 3(96B) AllocSpace objects, 0(0B) LOS objects, 24% free, 22MB/29MB, paused 229us total 10.216ms
I/art     ( 9172): Explicit concurrent mark sweep GC freed 3(96B) AllocSpace objects, 0(0B) LOS objects, 24% free, 22MB/29MB, paused 234us total 9.989ms
I/ThermalEngine(  366): ACTION: CPU - Setting CPU[0] to 2649600
I/ThermalEngine(  366): ACTION: CPU - Setting CPU[1] to 2649600
I/ThermalEngine(  366): ACTION: CPU - Setting CPU[2] to 2649600
I/ThermalEngine(  366): ACTION: CPU - Setting CPU[3] to 2649600

]]><xtc-duration value="131.74182589999998"/></xtc-step><!-- name: "undefined", id: "undefined" --><![CDATA[

]]><xtc-step name="[0-1143]CareerBuilder_Search.DroidFeatureTests.ApplyTests.NumberScreenerRequiredShowsWhenPressingApplyAndFieldIsEmpty-0-NA-FinalScreenShot" id="[0-1143]CareerBuilder_Search.DroidFeatureTests.ApplyTests.NumberScreenerRequiredShowsWhenPressingApplyAndFieldIsEmpty-0-NA-FinalScreenShot"><![CDATA[
I/art     ( 9172): Explicit concurrent mark sweep GC freed 19(1656B) AllocSpace objects, 0(0B) LOS objects, 24% free, 22MB/29MB, paused 215us total 30.103ms
I/art     ( 9172): Explicit concurrent mark sweep GC freed 3(96B) AllocSpace objects, 0(0B) LOS objects, 24% free, 22MB/29MB, paused 400us total 15.830ms
I/art     ( 9172): Explicit concurrent mark sweep GC freed 3(96B) AllocSpace objects, 0(0B) LOS objects, 24% free, 22MB/29MB, paused 301us total 11.245ms
I/art     ( 9172): Explicit concurrent mark sweep GC freed 3(96B) AllocSpace objects, 0(0B) LOS objects, 24% free, 22MB/29MB, paused 255us total 10.637ms
I/art     ( 9172): Explicit concurrent mark sweep GC freed 3(96B) AllocSpace objects, 0(0B) LOS objects, 24% free, 22MB/29MB, paused 224us total 9.487ms

]]><xtc-duration value="1.6767083999999999"/></xtc-step><!-- name: "undefined", id: "undefined" --><![CDATA[
E/WifiStateMachine(  816): WifiStateMachine CMD_START_SCAN source -2 txSuccessRate=0.01 rxSuccessRate=0.00 targetRoamBSSID=any RSSI=-51
E/WifiStateMachine(  816): WifiStateMachine starting scan for "xtc-ag"WPA_PSK with 5240,2412,2437,5200,5180

]]><xtc-duration value="140.1060719" skip="false"/></xtc-scenario><!-- name: "undefined", id: "undefined" --><![CDATA[
I/art     ( 9172): Explicit concurrent mark sweep GC freed 19(1656B) AllocSpace objects, 0(0B) LOS objects, 24% free, 22MB/29MB, paused 226us total 13.311ms
I/art     ( 9172): Explicit concurrent mark sweep GC freed 3(96B) AllocSpace objects, 0(0B) LOS objects, 24% free, 22MB/29MB, paused 232us total 11.009ms
I/art     ( 9172): Explicit concurrent mark sweep GC freed 3(96B) AllocSpace objects, 0(0B) LOS objects, 24% free, 22MB/29MB, paused 223us total 10.114ms
I/art     ( 9172): Explicit concurrent mark sweep GC freed 3(96B) AllocSpace objects, 0(0B) LOS objects, 24% free, 22MB/29MB, paused 226us total 10.129ms
I/art     ( 9172): Explicit concurrent mark sweep GC freed 3(96B) AllocSpace objects, 0(0B) LOS objects, 24% free, 22MB/29MB, paused 222us total 10.092ms
I/art     ( 9172): Explicit concurrent mark sweep GC freed 19(1656B) AllocSpace objects, 0(0B) LOS objects, 24% free, 22MB/29MB, paused 247us total 13.714ms
I/art     ( 9172): Explicit concurrent mark sweep GC freed 3(96B) AllocSpace objects, 0(0B) LOS objects, 24% free, 22MB/29MB, paused 302us total 9.682ms
I/art     ( 9172): Explicit concurrent mark sweep GC freed 3(96B) AllocSpace objects, 0(0B) LOS objects, 24% free, 22MB/29MB, paused 223us total 9.736ms
I/art     ( 9172): Explicit concurrent mark sweep GC freed 3(96B) AllocSpace objects, 0(0B) LOS objects, 24% free, 22MB/29MB, paused 264us total 11.985ms
I/art     ( 9172): Explicit concurrent mark sweep GC freed 3(96B) AllocSpace objects, 0(0B) LOS objects, 24% free, 22MB/29MB, paused 228us total 10.114ms
