I/InstrumentationBackend( 8342): Added:'SetMapCenter', with key:'set_map_center'
I/InstrumentationBackend( 8342): Added:'SetMapZoom', with key:'set_map_zoom'
I/InstrumentationBackend( 8342): Added:'TapAwayFromMarkers', with key:'tap_map_away_from_markers'
I/InstrumentationBackend( 8342): Added:'TapMapMarker', with key:'tap_map_marker_by_title'
I/InstrumentationBackend( 8342): Added:'ClearPreferences', with key:'clear_preferences'
I/InstrumentationBackend( 8342): Added:'GetPreferences', with key:'get_preferences'
I/InstrumentationBackend( 8342): Added:'SetPreferences', with key:'set_preferences'
I/InstrumentationBackend( 8342): Added:'PressKey', with key:'press_key'
I/InstrumentationBackend( 8342): Added:'DeleteSurroundingText', with key:'delete_surrounding_text'
I/InstrumentationBackend( 8342): Added:'HideSoftKeyboard', with key:'hide_soft_keyboard'
I/InstrumentationBackend( 8342): Added:'KeyboardEnterText', with key:'keyboard_enter_text'
I/InstrumentationBackend( 8342): Added:'KeyboardKeyEvent', with key:'keyboard_key_event'
I/InstrumentationBackend( 8342): Added:'PressUserActionButton', with key:'press_user_action_button'
I/InstrumentationBackend( 8342): Added:'SetComposingRegion', with key:'set_composing_region'
I/InstrumentationBackend( 8342): Added:'SetSelection', with key:'set_selection'
I/InstrumentationBackend( 8342): Added:'AndroidSDKVersion', with key:'android_sdk_version'
I/InstrumentationBackend( 8342): Added:'Version', with key:'version'
I/InstrumentationBackend( 8342): Added:'GetActivityName', with key:'get_activity_name'
I/InstrumentationBackend( 8342): Added:'IsCurrentActivityFocused', with key:'is_current_activity_focused'
I/InstrumentationBackend( 8342): Added:'ScrollToView', with key:'scroll_to_view'
I/InstrumentationBackend( 8342): Added:'ViewConfiguration', with key:'view_configuration'
I/InstrumentationBackend( 8342): Added:'DumpBodyHtml', with key:'dump_body_html'
I/InstrumentationBackend( 8342): Added:'DumpHtml', with key:'dump_html'
I/InstrumentationBackend( 8342): Added:'EnterTextByCssSelector', with key:'enter_text_by_selector'
I/InstrumentationBackend( 8342): Added:'GetLoadProgress', with key:'get_load_progress'
I/InstrumentationBackend( 8342): Added:'GetUrl', with key:'get_url'
I/InstrumentationBackend( 8342): Added:'ScrollTo', with key:'scroll_to'
I/InstrumentationBackend( 8342): Added:'SetPropertyByCssSelector', with key:'set_property_by_css_selector'
I/calabash( 8342): Instantiating http server at 7102
I/System.out( 8342): HTTP Daemon listening on: 7102
E/WifiStateMachine(  816): WifiStateMachine CMD_START_SCAN source -2 txSuccessRate=0.00 rxSuccessRate=0.00 targetRoamBSSID=any RSSI=-49
I/System.out( 8342): URI: /ready
I/System.out( 8342): params: {}
I/System.out( 8342): URI: /ready
I/System.out( 8342): params: {}
D/Finsky  ( 3463): [1] 5.onFinished: Installation state replication succeeded.
I/System.out( 8342): URI: /ping
I/System.out( 8342): params: {json={"intent":null }
I/System.out( 8342): }
I/System.out( 8342): URI: /ready
I/System.out( 8342): params: {json={"intent":null }
I/System.out( 8342): }
I/System.out( 8342): URI: /start-application
I/System.out( 8342): params: {json={"intent":null }
I/System.out( 8342): }
I/calabash( 8342): execStartActivity 4
I/ActivityManager(  816): START u0 {act=android.intent.action.MAIN cat=[android.intent.category.LAUNCHER] flg=0x10200000 cmp=com.careerbuilder.SugarDrone/md537fd6201b6818e2e180d2f7606e21a83.AppMainActivity (has extras)} from uid 15968 on display 0
V/WindowManager(  816): addAppToken: AppWindowToken{23a9375e token=Token{afbc899 ActivityRecord{27833de0 u0 com.careerbuilder.SugarDrone/md537fd6201b6818e2e180d2f7606e21a83.AppMainActivity t17}}} to stack=1 task=17 at 0
I/calabash( 8342): newActivity1
D/Mono    ( 8342): Assembly Ref addref CareerBuilder_Search.Droid[0xb4aff580] -> Xamarin.Android.Support.v7.AppCompat[0xb4afff40]: 2
D/Mono    ( 8342): Assembly Ref addref Xamarin.Android.Support.v7.AppCompat[0xb4afff40] -> Xamarin.Android.Support.v4[0xb4affdc0]: 2
D/Mono    ( 8342): DllImport searching in: '__Internal' ('(null)').
D/Mono    ( 8342): Searching for 'java_interop_jnienv_get_array_length'.
D/Mono    ( 8342): Probing 'java_interop_jnienv_get_array_length'.
D/Mono    ( 8342): Found as 'java_interop_jnienv_get_array_length'.
V/WindowManager(  816): Adding window Window{3cfcff37 u0 Starting com.careerbuilder.SugarDrone} at 2 of 7 (after Window{271d40ce u0 com.google.android.googlequicksearchbox/com.google.android.launcher.GEL})
D/Mono    ( 8342): Assembly Ref addref CareerBuilder_Search.Droid[0xb4aff580] -> CareerBuilder_Search[0xb4b75460]: 2
D/Mono    ( 8342): Assembly Ref addref CareerBuilder_Search.Droid[0xb4aff580] -> Xamarin.Android.Support.v4[0xb4affdc0]: 3
D/Mono    ( 8342): DllImport searching in: '__Internal' ('(null)').
D/Mono    ( 8342): Searching for 'java_interop_jnienv_new_string'.
D/Mono    ( 8342): Probing 'java_interop_jnienv_new_string'.
D/Mono    ( 8342): Found as 'java_interop_jnienv_new_string'.
D/Mono    ( 8342): Assembly Ref addref CareerBuilder_Search.Droid[0xb4aff580] -> Plugin.CurrentActivity[0xb4aff880]: 2
D/Mono    ( 8342): Assembly Ref addref Plugin.CurrentActivity[0xb4aff880] -> mscorlib[0xb4aff520]: 30
D/Mono    ( 8342): Assembly Ref addref Plugin.CurrentActivity[0xb4aff880] -> Mono.Android[0xb4b754c0]: 18
D/Mono    ( 8342): [0x9cb67800] worker starting
D/Mono    ( 8342): [0x9cb69600] worker starting
D/Mono    ( 8342): Unloading image System.Runtime.dll [0xb4b87200].
D/Mono    ( 8342): Image addref System.Runtime[0x9bc99940] -> System.Runtime.dll[0xb4b7af00]: 5
D/Mono    ( 8342): Config attempting to parse: 'System.Runtime.dll.config'.
D/Mono    ( 8342): Config attempting to parse: '/Users/builder/data/lanes/4009/f3074d2c/source/monodroid/builds/install/mono-armv6/etc/mono/assemblies/System.Runtime/System.Runtime.config'.
D/Mono    ( 8342): Assembly Ref addref CareerBuilder_Search[0xb4b75460] -> System.Runtime[0xb4b75580]: 3
D/Mono    ( 8342): Assembly Ref addref CareerBuilder_Search[0xb4b75460] -> Plugin.DeviceInfo.Abstractions[0xb4affac0]: 2
D/OpenGLRenderer( 8342): Use EGL_SWAP_BEHAVIOR_PRESERVED: true
D/Mono    ( 8342): Unloading image System.Runtime.dll [0xb4b87700].
D/Mono    ( 8342): Image addref System.Runtime[0x9bc99940] -> System.Runtime.dll[0xb4b7af00]: 6
D/Mono    ( 8342): Config attempting to parse: 'System.Runtime.dll.config'.
D/Mono    ( 8342): Config attempting to parse: '/Users/builder/data/lanes/4009/f3074d2c/source/monodroid/builds/install/mono-armv6/etc/mono/assemblies/System.Runtime/System.Runtime.config'.
D/Mono    ( 8342): Assembly Ref addref Plugin.DeviceInfo.Abstractions[0xb4affac0] -> System.Runtime[0xb4b75580]: 4
D/Atlas   ( 8342): Validating map...
D/Mono    ( 8342): Assembly Ref addref CareerBuilder_Search.Droid[0xb4aff580] -> Akavache[0xb4aff6a0]: 2
D/Mono    ( 8342): Assembly Ref addref Akavache[0xb4aff6a0] -> mscorlib[0xb4aff520]: 31
D/Mono    ( 8342): Assembly Ref addref Akavache[0xb4aff6a0] -> System.Reactive.Interfaces[0xb4b751c0]: 2
D/Mono    ( 8342): Assembly Ref addref Akavache[0xb4aff6a0] -> System.Reactive.Core[0xb4b75160]: 2
D/Mono    ( 8342): Unloading image System.Runtime.dll [0xb4b87700].
V/WindowManager(  816): Adding window Window{fdddc3c u0 com.careerbuilder.SugarDrone/md537fd6201b6818e2e180d2f7606e21a83.AppMainActivity} at 2 of 8 (before Window{3cfcff37 u0 Starting com.careerbuilder.SugarDrone})
D/Mono    ( 8342): Image addref System.Runtime[0x9bc99940] -> System.Runtime.dll[0xb4b7af00]: 7
D/Mono    ( 8342): Config attempting to parse: 'System.Runtime.dll.config'.
D/Mono    ( 8342): Config attempting to parse: '/Users/builder/data/lanes/4009/f3074d2c/source/monodroid/builds/install/mono-armv6/etc/mono/assemblies/System.Runtime/System.Runtime.config'.
D/Mono    ( 8342): Assembly Ref addref System.Reactive.Core[0xb4b75160] -> System.Runtime[0xb4b75580]: 5
D/Mono    ( 8342): DllImport searching in: '__Internal' ('(null)').
D/Mono    ( 8342): Searching for 'java_interop_jnienv_call_nonvirtual_object_method_a'.
D/Mono    ( 8342): Probing 'java_interop_jnienv_call_nonvirtual_object_method_a'.
D/Mono    ( 8342): Found as 'java_interop_jnienv_call_nonvirtual_object_method_a'.
D/Mono    ( 8342): Assembly Ref addref CareerBuilder_Search.Droid[0xb4aff580] -> Microsoft.Practices.Unity[0xb4aff820]: 2
D/Mono    ( 8342): Unloading image System.Runtime.dll [0xb4b87700].
D/Mono    ( 8342): Image addref System.Runtime[0x9bc99940] -> System.Runtime.dll[0xb4b7af00]: 8
D/Mono    ( 8342): Config attempting to parse: 'System.Runtime.dll.config'.
D/Mono    ( 8342): Config attempting to parse: '/Users/builder/data/lanes/4009/f3074d2c/source/monodroid/builds/install/mono-armv6/etc/mono/assemblies/System.Runtime/System.Runtime.config'.
D/Mono    ( 8342): Assembly Ref addref Microsoft.Practices.Unity[0xb4aff820] -> System.Runtime[0xb4b75580]: 6
D/Mono    ( 8342): Unloading image System.Collections.dll [0xb4b87c00].
D/Mono    ( 8342): Image addref System.Collections[0x9bc99940] -> System.Collections.dll[0xb4b7dc00]: 5
D/Mono    ( 8342): Config attempting to parse: 'System.Collections.dll.config'.
D/Mono    ( 8342): Config attempting to parse: '/Users/builder/data/lanes/4009/f3074d2c/source/monodroid/builds/install/mono-armv6/etc/mono/assemblies/System.Collections/System.Collections.config'.
D/Mono    ( 8342): Assembly Ref addref Microsoft.Practices.Unity[0xb4aff820] -> System.Collections[0xb4b75820]: 3
I/Adreno  ( 8342): EGLInit: QTI Build: 01/29/15, 1bccc5d, I0ba6dce82d
D/Mono    ( 8342): Assembly Ref addref CareerBuilder_Search[0xb4b75460] -> Microsoft.Practices.Unity[0xb4aff820]: 3
D/Mono    ( 8342): Assembly Ref addref CareerBuilder_Search.Droid[0xb4aff580] -> Plugin.DeviceInfo.Abstractions[0xb4affac0]: 3
D/Mono    ( 8342): Unloading image System.Diagnostics.Debug.dll [0xb4b87c00].
D/Mono    ( 8342): Image addref System.Diagnostics.Debug[0x9bc99940] -> System.Diagnostics.Debug.dll[0xb4b7cd00]: 5
D/Mono    ( 8342): Config attempting to parse: 'System.Diagnostics.Debug.dll.config'.
D/Mono    ( 8342): Config attempting to parse: '/Users/builder/data/lanes/4009/f3074d2c/source/monodroid/builds/install/mono-armv6/etc/mono/assemblies/System.Diagnostics.Debug/System.Diagnostics.Debug.config'.
D/Mono    ( 8342): Assembly Ref addref CareerBuilder_Search[0xb4b75460] -> System.Diagnostics.Debug[0xb4b75700]: 3
D/Mono    ( 8342): Assembly Ref addref System.Diagnostics.Debug[0xb4b75700] -> mscorlib[0xb4aff520]: 32
D/Mono    ( 8342): Image addref System.Diagnostics.Tools[0x9bc99940] -> System.Diagnostics.Tools.dll[0xb4b87c00]: 2
D/Mono    ( 8342): Prepared to set up assembly 'System.Diagnostics.Tools' (System.Diagnostics.Tools.dll)
D/Mono    ( 8342): Assembly System.Diagnostics.Tools[0x9bc99940] added to domain RootDomain, ref_count=1
D/Mono    ( 8342): AOT module 'System.Diagnostics.Tools.dll.so' not found: dlopen failed: library "/data/app/com.careerbuilder.SugarDrone-1/lib/arm/libaot-System.Diagnostics.Tools.dll.so" not found
D/Mono    ( 8342): AOT module '/Users/builder/data/lanes/4009/f3074d2c/source/monodroid/builds/install/mono-armv6/lib/mono/aot-cache/arm/System.Diagnostics.Tools.dll.so' not found: dlopen failed: library "/data/app/com.careerbuilder.SugarDrone-1/lib/arm/libaot-System.Diagnostics.Tools.dll.so" not found
D/Mono    ( 8342): Config attempting to parse: 'System.Diagnostics.Tools.dll.config'.
D/Mono    ( 8342): Config attempting to parse: '/Users/builder/data/lanes/4009/f3074d2c/source/monodroid/builds/install/mono-armv6/etc/mono/assemblies/System.Diagnostics.Tools/System.Diagnostics.Tools.config'.
D/Mono    ( 8342): Assembly Ref addref Microsoft.Practices.Unity[0xb4aff820] -> System.Diagnostics.Tools[0x9bc99940]: 2
I/OpenGLRenderer( 8342): Initialized EGL, version 1.4
D/Mono    ( 8342): Assembly Ref addref System.Diagnostics.Tools[0x9bc99940] -> mscorlib[0xb4aff520]: 33
D/Mono    ( 8342): Image addref System.Resources.ResourceManager[0x9bc999a0] -> System.Resources.ResourceManager.dll[0xb4b88100]: 2
D/Mono    ( 8342): Prepared to set up assembly 'System.Resources.ResourceManager' (System.Resources.ResourceManager.dll)
D/Mono    ( 8342): Assembly System.Resources.ResourceManager[0x9bc999a0] added to domain RootDomain, ref_count=1
D/Mono    ( 8342): AOT module 'System.Resources.ResourceManager.dll.so' not found: dlopen failed: library "/data/app/com.careerbuilder.SugarDrone-1/lib/arm/libaot-System.Resources.ResourceManager.dll.so" not found
D/Mono    ( 8342): AOT module '/Users/builder/data/lanes/4009/f3074d2c/source/monodroid/builds/install/mono-armv6/lib/mono/aot-cache/arm/System.Resources.ResourceManager.dll.so' not found: dlopen failed: library "/data/app/com.careerbuilder.SugarDrone-1/lib/arm/libaot-System.Resources.ResourceManager.dll.so" not found
D/Mono    ( 8342): Config attempting to parse: 'System.Resources.ResourceManager.dll.config'.
D/Mono    ( 8342): Config attempting to parse: '/Users/builder/data/lanes/4009/f3074d2c/source/monodroid/builds/install/mono-armv6/etc/mono/assemblies/System.Resources.ResourceManager/System.Resources.ResourceManager.config'.
D/Mono    ( 8342): Assembly Ref addref Microsoft.Practices.Unity[0xb4aff820] -> System.Resources.ResourceManager[0x9bc999a0]: 2
D/Mono    ( 8342): Assembly Ref addref System.Resources.ResourceManager[0x9bc999a0] -> mscorlib[0xb4aff520]: 34
D/OpenGLRenderer( 8342): Enabling debug mode 0
D/Mono    ( 8342): Unloading image System.Reflection.dll [0xb4b88600].
D/Mono    ( 8342): Image addref System.Reflection[0x9bc99a00] -> System.Reflection.dll[0xb4b7c300]: 5
D/Mono    ( 8342): Config attempting to parse: 'System.Reflection.dll.config'.
D/Mono    ( 8342): Config attempting to parse: '/Users/builder/data/lanes/4009/f3074d2c/source/monodroid/builds/install/mono-armv6/etc/mono/assemblies/System.Reflection/System.Reflection.config'.
D/Mono    ( 8342): Assembly Ref addref Microsoft.Practices.Unity[0xb4aff820] -> System.Reflection[0xb4b75640]: 3
D/Mono    ( 8342): Unloading image System.Linq.dll [0xb4b88600].
D/Mono    ( 8342): Image addref System.Linq[0x9bc99ee0] -> System.Linq.dll[0xb4b7ff00]: 5
D/Mono    ( 8342): Config attempting to parse: 'System.Linq.dll.config'.
D/Mono    ( 8342): Config attempting to parse: '/Users/builder/data/lanes/4009/f3074d2c/source/monodroid/builds/install/mono-armv6/etc/mono/assemblies/System.Linq/System.Linq.config'.
D/Mono    ( 8342): Assembly Ref addref Microsoft.Practices.Unity[0xb4aff820] -> System.Linq[0xb4b75940]: 3
D/Mono    ( 8342): Unloading image System.Threading.dll [0xb4b88600].
D/Mono    ( 8342): Image addref System.Threading[0x9bc99ee0] -> System.Threading.dll[0xb4b7c800]: 5
D/Mono    ( 8342): Config attempting to parse: 'System.Threading.dll.config'.
D/Mono    ( 8342): Config attempting to parse: '/Users/builder/data/lanes/4009/f3074d2c/source/monodroid/builds/install/mono-armv6/etc/mono/assemblies/System.Threading/System.Threading.config'.
D/Mono    ( 8342): Assembly Ref addref Microsoft.Practices.Unity[0xb4aff820] -> System.Threading[0xb4b756a0]: 3
D/Mono    ( 8342): Image addref System.Globalization[0x9bc99b20] -> System.Globalization.dll[0x9a126100]: 2
D/Mono    ( 8342): Prepared to set up assembly 'System.Globalization' (System.Globalization.dll)
D/Mono    ( 8342): Assembly System.Globalization[0x9bc99b20] added to domain RootDomain, ref_count=1
D/Mono    ( 8342): AOT module 'System.Globalization.dll.so' not found: dlopen failed: library "/data/app/com.careerbuilder.SugarDrone-1/lib/arm/libaot-System.Globalization.dll.so" not found
D/Mono    ( 8342): AOT module '/Users/builder/data/lanes/4009/f3074d2c/source/monodroid/builds/install/mono-armv6/lib/mono/aot-cache/arm/System.Globalization.dll.so' not found: dlopen failed: library "/data/app/com.careerbuilder.SugarDrone-1/lib/arm/libaot-System.Globalization.dll.so" not found
D/Mono    ( 8342): Config attempting to parse: 'System.Globalization.dll.config'.
D/Mono    ( 8342): Config attempting to parse: '/Users/builder/data/lanes/4009/f3074d2c/source/monodroid/builds/install/mono-armv6/etc/mono/assemblies/System.Globalization/System.Globalization.config'.
D/Mono    ( 8342): Assembly Ref addref Microsoft.Practices.Unity[0xb4aff820] -> System.Globalization[0x9bc99b20]: 2
D/Mono    ( 8342): Assembly Ref addref System.Globalization[0x9bc99b20] -> mscorlib[0xb4aff520]: 35
I/ActivityManager(  816): Displayed com.careerbuilder.SugarDrone/md537fd6201b6818e2e180d2f7606e21a83.AppMainActivity: +366ms (total +1m34s366ms)
D/Mono    ( 8342): Image addref System.Runtime.Extensions[0x9a18b400] -> System.Runtime.Extensions.dll[0x9a126600]: 2
D/Mono    ( 8342): Prepared to set up assembly 'System.Runtime.Extensions' (System.Runtime.Extensions.dll)
D/Mono    ( 8342): Assembly System.Runtime.Extensions[0x9a18b400] added to domain RootDomain, ref_count=1
D/Mono    ( 8342): AOT module 'System.Runtime.Extensions.dll.so' not found: dlopen failed: library "/data/app/com.careerbuilder.SugarDrone-1/lib/arm/libaot-System.Runtime.Extensions.dll.so" not found
D/Mono    ( 8342): AOT module '/Users/builder/data/lanes/4009/f3074d2c/source/monodroid/builds/install/mono-armv6/lib/mono/aot-cache/arm/System.Runtime.Extensions.dll.so' not found: dlopen failed: library "/data/app/com.careerbuilder.SugarDrone-1/lib/arm/libaot-System.Runtime.Extensions.dll.so" not found
D/Mono    ( 8342): Config attempting to parse: 'System.Runtime.Extensions.dll.config'.
D/Mono    ( 8342): Config attempting to parse: '/Users/builder/data/lanes/4009/f3074d2c/source/monodroid/builds/install/mono-armv6/etc/mono/assemblies/System.Runtime.Extensions/System.Runtime.Extensions.config'.
D/Mono    ( 8342): Assembly Ref addref Microsoft.Practices.Unity[0xb4aff820] -> System.Runtime.Extensions[0x9a18b400]: 2
D/Mono    ( 8342): Assembly Ref addref System.Runtime.Extensions[0x9a18b400] -> mscorlib[0xb4aff520]: 36
D/Mono    ( 8342): Image addref System.Linq.Expressions[0x9a18b520] -> System.Linq.Expressions.dll[0x9a125700]: 2
D/Mono    ( 8342): Prepared to set up assembly 'System.Linq.Expressions' (System.Linq.Expressions.dll)
D/Mono    ( 8342): Assembly System.Linq.Expressions[0x9a18b520] added to domain RootDomain, ref_count=1
D/Mono    ( 8342): AOT module 'System.Linq.Expressions.dll.so' not found: dlopen failed: library "/data/app/com.careerbuilder.SugarDrone-1/lib/arm/libaot-System.Linq.Expressions.dll.so" not found
D/Mono    ( 8342): AOT module '/Users/builder/data/lanes/4009/f3074d2c/source/monodroid/builds/install/mono-armv6/lib/mono/aot-cache/arm/System.Linq.Expressions.dll.so' not found: dlopen failed: library "/data/app/com.careerbuilder.SugarDrone-1/lib/arm/libaot-System.Linq.Expressions.dll.so" not found
D/Mono    ( 8342): Config attempting to parse: 'System.Linq.Expressions.dll.config'.
D/Mono    ( 8342): Config attempting to parse: '/Users/builder/data/lanes/4009/f3074d2c/source/monodroid/builds/install/mono-armv6/etc/mono/assemblies/System.Linq.Expressions/System.Linq.Expressions.config'.
D/Mono    ( 8342): Assembly Ref addref Microsoft.Practices.Unity[0xb4aff820] -> System.Linq.Expressions[0x9a18b520]: 2
D/Mono    ( 8342): Assembly Ref addref System.Linq.Expressions[0x9a18b520] -> System.Core[0xb4b75ac0]: 5
D/Mono    ( 8342): Assembly Ref addref System.Core[0xb4b75ac0] -> System[0xb4b75760]: 3
I/System.out( 8342): URI: /map
I/System.out( 8342): params: {json={"query":"*","operation":{"method_name":"query","arguments":[]}}
I/System.out( 8342): }
D/Mono    ( 8342): Assembly Ref addref CareerBuilder_Search.Droid[0xb4aff580] -> Xamarin.GooglePlayServices.Analytics[0xb4affb20]: 2
D/Mono    ( 8342): Assembly Ref addref CareerBuilder_Search.Droid[0xb4aff580] -> Plugin.Geolocator.Abstractions[0xb4affa00]: 2
D/Mono    ( 8342): Assembly Ref addref CareerBuilder_Search[0xb4b75460] -> System.Net.Http[0x9bc99400]: 3
D/Mono    ( 8342): Assembly Ref addref CareerBuilder_Search[0xb4b75460] -> Plugin.DeviceInfo[0xb4affa60]: 2
D/Mono    ( 8342): Assembly Ref addref Plugin.DeviceInfo[0xb4affa60] -> mscorlib[0xb4aff520]: 37
D/Mono    ( 8342): Assembly Ref addref Plugin.DeviceInfo[0xb4affa60] -> Plugin.DeviceInfo.Abstractions[0xb4affac0]: 4
I/ThermalEngine(  368): ACTION: GPU - Setting GPU[0] to 500000000
I/ThermalEngine(  368): Mitigation:GPU[0]:500000000 Hz
D/Mono    ( 8342): Image addref System.Threading.Tasks[0x9a18b340] -> System.Threading.Tasks.dll[0x9a127000]: 2
D/Mono    ( 8342): Prepared to set up assembly 'System.Threading.Tasks' (System.Threading.Tasks.dll)
D/Mono    ( 8342): Assembly System.Threading.Tasks[0x9a18b340] added to domain RootDomain, ref_count=1
D/Mono    ( 8342): AOT module 'System.Threading.Tasks.dll.so' not found: dlopen failed: library "/data/app/com.careerbuilder.SugarDrone-1/lib/arm/libaot-System.Threading.Tasks.dll.so" not found
I/ThermalEngine(  368): ACTION: CPU - Setting CPU[0] to 2572800
I/ThermalEngine(  368): ACTION: CPU - Setting CPU[1] to 2572800
I/ThermalEngine(  368): ACTION: CPU - Setting CPU[2] to 2572800
I/ThermalEngine(  368): ACTION: CPU - Setting CPU[3] to 2572800
D/Mono    ( 8342): AOT module '/Users/builder/data/lanes/4009/f3074d2c/source/monodroid/builds/install/mono-armv6/lib/mono/aot-cache/arm/System.Threading.Tasks.dll.so' not found: dlopen failed: library "/data/app/com.careerbuilder.SugarDrone-1/lib/arm/libaot-System.Threading.Tasks.dll.so" not found
D/Mono    ( 8342): Config attempting to parse: 'System.Threading.Tasks.dll.config'.
D/Mono    ( 8342): Config attempting to parse: '/Users/builder/data/lanes/4009/f3074d2c/source/monodroid/builds/install/mono-armv6/etc/mono/assemblies/System.Threading.Tasks/System.Threading.Tasks.config'.
D/Mono    ( 8342): Assembly Ref addref CareerBuilder_Search[0xb4b75460] -> System.Threading.Tasks[0x9a18b340]: 2
D/Mono    ( 8342): Assembly Ref addref System.Threading.Tasks[0x9a18b340] -> mscorlib[0xb4aff520]: 38
D/Mono    ( 8342): Unloading image System.Collections.dll [0x9a127500].
D/Mono    ( 8342): Image addref System.Collections[0x9bc99f40] -> System.Collections.dll[0xb4b7dc00]: 6
D/Mono    ( 8342): Config attempting to parse: 'System.Collections.dll.config'.
D/Mono    ( 8342): Config attempting to parse: '/Users/builder/data/lanes/4009/f3074d2c/source/monodroid/builds/install/mono-armv6/etc/mono/assemblies/System.Collections/System.Collections.config'.
D/Mono    ( 8342): Assembly Ref addref CareerBuilder_Search[0xb4b75460] -> System.Collections[0xb4b75820]: 4
D/Mono    ( 8342): Assembly Ref addref System.Collections[0xb4b75820] -> System[0xb4b75760]: 4
D/Mono    ( 8342): Assembly Ref addref System.Net.Http[0x9bc99400] -> System[0xb4b75760]: 5
W/ResourceType( 8342): No known package when getting name for resource number 0xffffffff
W/ResourceType( 8342): No known package when getting name for resource number 0xffffffff
W/ResourceType( 8342): No known package when getting name for resource number 0xffffffff
D/Mono    ( 8342): Assembly Ref addref Microsoft.Practices.Unity[0xb4aff820] -> System.Reflection.Extensions[0xb4b75be0]: 3
D/Mono    ( 8342): Unloading image System.Threading.dll [0x9a12c000].
D/Mono    ( 8342): Image addref System.Threading[0x9a18b280] -> System.Threading.dll[0xb4b7c800]: 6
D/Mono    ( 8342): Config attempting to parse: 'System.Threading.dll.config'.
D/Mono    ( 8342): Config attempting to parse: '/Users/builder/data/lanes/4009/f3074d2c/source/monodroid/builds/install/mono-armv6/etc/mono/assemblies/System.Threading/System.Threading.config'.
D/Mono    ( 8342): Assembly Ref addref CareerBuilder_Search[0xb4b75460] -> System.Threading[0xb4b756a0]: 4
D/Mono    ( 8342): Assembly Ref addref System.Threading[0xb4b756a0] -> System.Core[0xb4b75ac0]: 6
D/Mono    ( 8342): Assembly Ref addref System.Runtime[0xb4b75580] -> System[0xb4b75760]: 6
D/Mono    ( 8342): Assembly Ref addref CareerBuilder_Search[0xb4b75460] -> Newtonsoft.Json[0xb4b750a0]: 2
D/Mono    ( 8342): Unloading image System.Runtime.dll [0x9a12c500].
D/Mono    ( 8342): Image addref System.Runtime[0x9a261940] -> System.Runtime.dll[0xb4b7af00]: 9
D/Mono    ( 8342): Config attempting to parse: 'System.Runtime.dll.config'.
D/Mono    ( 8342): Config attempting to parse: '/Users/builder/data/lanes/4009/f3074d2c/source/monodroid/builds/install/mono-armv6/etc/mono/assemblies/System.Runtime/System.Runtime.config'.
D/Mono    ( 8342): Assembly Ref addref Newtonsoft.Json[0xb4b750a0] -> System.Runtime[0xb4b75580]: 7
D/Mono    ( 8342): Image addref System.Dynamic.Runtime[0x9a261940] -> System.Dynamic.Runtime.dll[0x9a12c500]: 2
D/Mono    ( 8342): Prepared to set up assembly 'System.Dynamic.Runtime' (System.Dynamic.Runtime.dll)
D/Mono    ( 8342): Assembly System.Dynamic.Runtime[0x9a261940] added to domain RootDomain, ref_count=1
D/Mono    ( 8342): AOT module 'System.Dynamic.Runtime.dll.so' not found: dlopen failed: library "/data/app/com.careerbuilder.SugarDrone-1/lib/arm/libaot-System.Dynamic.Runtime.dll.so" not found
D/Mono    ( 8342): AOT module '/Users/builder/data/lanes/4009/f3074d2c/source/monodroid/builds/install/mono-armv6/lib/mono/aot-cache/arm/System.Dynamic.Runtime.dll.so' not found: dlopen failed: library "/data/app/com.careerbuilder.SugarDrone-1/lib/arm/libaot-System.Dynamic.Runtime.dll.so" not found
D/Mono    ( 8342): Config attempting to parse: 'System.Dynamic.Runtime.dll.config'.
D/Mono    ( 8342): Config attempting to parse: '/Users/builder/data/lanes/4009/f3074d2c/source/monodroid/builds/install/mono-armv6/etc/mono/assemblies/System.Dynamic.Runtime/System.Dynamic.Runtime.config'.
D/Mono    ( 8342): Assembly Ref addref Newtonsoft.Json[0xb4b750a0] -> System.Dynamic.Runtime[0x9a261940]: 2
D/Mono    ( 8342): Assembly Ref addref System.Dynamic.Runtime[0x9a261940] -> System.Core[0xb4b75ac0]: 7
D/Mono    ( 8342): Image addref System.ObjectModel[0x9a2619a0] -> System.ObjectModel.dll[0x9a12b600]: 2
D/Mono    ( 8342): Prepared to set up assembly 'System.ObjectModel' (System.ObjectModel.dll)
D/Mono    ( 8342): Assembly System.ObjectModel[0x9a2619a0] added to domain RootDomain, ref_count=1
D/Mono    ( 8342): AOT module 'System.ObjectModel.dll.so' not found: dlopen failed: library "/data/app/com.careerbuilder.SugarDrone-1/lib/arm/libaot-System.ObjectModel.dll.so" not found
D/Mono    ( 8342): AOT module '/Users/builder/data/lanes/4009/f3074d2c/source/monodroid/builds/install/mono-armv6/lib/mono/aot-cache/arm/System.ObjectModel.dll.so' not found: dlopen failed: library "/data/app/com.careerbuilder.SugarDrone-1/lib/arm/libaot-System.ObjectModel.dll.so" not found
D/Mono    ( 8342): Config attempting to parse: 'System.ObjectModel.dll.config'.
D/Mono    ( 8342): Config attempting to parse: '/Users/builder/data/lanes/4009/f3074d2c/source/monodroid/builds/install/mono-armv6/etc/mono/assemblies/System.ObjectModel/System.ObjectModel.config'.
D/Mono    ( 8342): Assembly Ref addref Newtonsoft.Json[0xb4b750a0] -> System.ObjectModel[0x9a2619a0]: 2
D/Mono    ( 8342): Assembly Ref addref System.ObjectModel[0x9a2619a0] -> System[0xb4b75760]: 7
D/Mono    ( 8342): Assembly Ref addref CareerBuilder_Search[0xb4b75460] -> System.Reactive.Core[0xb4b75160]: 3
D/Mono    ( 8342): DllImport attempting to load: '__Internal'.
D/Mono    ( 8342): DllImport loaded library '(null)'.
D/Mono    ( 8342): DllImport searching in: '__Internal' ('(null)').
D/Mono    ( 8342): Searching for 'monodroid_get_system_property'.
D/Mono    ( 8342): Probing 'monodroid_get_system_property'.
D/Mono    ( 8342): Found as 'monodroid_get_system_property'.
D/Mono    ( 8342): DllImport searching in: '__Internal' ('(null)').
D/Mono    ( 8342): Searching for 'monodroid_free'.
D/Mono    ( 8342): Probing 'monodroid_free'.
D/Mono    ( 8342): Found as 'monodroid_free'.
I/System.out( 8342): URI: /map
I/System.out( 8342): params: {json={"query":"* id:'agreeAndContinueButton'","operation":{"method_name":"query","arguments":[]}}
I/System.out( 8342): }
W/ResourceType( 8342): No known package when getting name for resource number 0xffffffff
W/ResourceType( 8342): No known package when getting name for resource number 0xffffffff
W/ResourceType( 8342): No known package when getting name for resource number 0xffffffff
D/Mono    ( 8342): Assembly Ref addref CareerBuilder_Search.Droid[0xb4aff580] -> Xamarin.Insights[0xb4affc40]: 2
D/Mono    ( 8342): Assembly Ref addref Xamarin.Insights[0xb4affc40] -> mscorlib[0xb4aff520]: 39
D/Mono    ( 8342): Assembly Ref addref Xamarin.Insights[0xb4affc40] -> Mono.Android[0xb4b754c0]: 19
D/Mono    ( 8342): Assembly Ref addref CareerBuilder_Search.Droid[0xb4aff580] -> HockeySDK[0xb4aff640]: 2
D/Mono    ( 8342): Assembly Ref addref CareerBuilder_Search.Droid[0xb4aff580] -> AppsFlyerXamarinBindingAndroid[0xb4aff5e0]: 2
D/Mono    ( 8342): DllImport searching in: '__Internal' ('(null)').
D/Mono    ( 8342): Searching for 'java_interop_jnienv_get_static_field_id'.
D/Mono    ( 8342): Probing 'java_interop_jnienv_get_static_field_id'.
D/Mono    ( 8342): Found as 'java_interop_jnienv_get_static_field_id'.
D/Mono    ( 8342): DllImport searching in: '__Internal' ('(null)').
D/Mono    ( 8342): Searching for 'java_interop_jnienv_get_static_int_field'.
D/Mono    ( 8342): Probing 'java_interop_jnienv_get_static_int_field'.
D/Mono    ( 8342): Found as 'java_interop_jnienv_get_static_int_field'.
I/art     ( 8342): Explicit concurrent mark sweep GC freed 132760(5MB) AllocSpace objects, 20(320KB) LOS objects, 39% free, 24MB/40MB, paused 663us total 34.019ms
I/art     ( 8342): Explicit concurrent mark sweep GC freed 247(11KB) AllocSpace objects, 0(0B) LOS objects, 39% free, 24MB/40MB, paused 1.086ms total 15.350ms
I/art     ( 8342): Explicit concurrent mark sweep GC freed 4(128B) AllocSpace objects, 0(0B) LOS objects, 39% free, 24MB/40MB, paused 997us total 15.593ms
D/Mono    ( 8342): Assembly Ref addref Xamarin.Insights[0xb4affc40] -> System.Core[0xb4b75ac0]: 8
D/Mono    ( 8342): DllImport searching in: '__Internal' ('(null)').
D/Mono    ( 8342): Searching for 'java_interop_jnienv_call_static_long_method_a'.
D/Mono    ( 8342): Probing 'java_interop_jnienv_call_static_long_method_a'.
D/Mono    ( 8342): Found as 'java_interop_jnienv_call_static_long_method_a'.
D/Mono    ( 8342): Assembly Ref addref Xamarin.Insights[0xb4affc40] -> System[0xb4b75760]: 8
D/Mono    ( 8342): Assembly Ref addref Xamarin.Insights[0xb4affc40] -> System.Net.Http[0x9bc99400]: 4
I/art     ( 8342): Explicit concurrent mark sweep GC freed 3(96B) AllocSpace objects, 0(0B) LOS objects, 39% free, 24MB/40MB, paused 1.199ms total 17.929ms
I/art     ( 8342): Explicit concurrent mark sweep GC freed 3(96B) AllocSpace objects, 0(0B) LOS objects, 39% free, 24MB/40MB, paused 754us total 15.138ms
D/Mono    ( 8342): DllImport searching in: '__Internal' ('(null)').
D/Mono    ( 8342): Searching for 'java_interop_jnienv_get_object_array_element'.
D/Mono    ( 8342): Probing 'java_interop_jnienv_get_object_array_element'.
D/Mono    ( 8342): Found as 'java_interop_jnienv_get_object_array_element'.
D/Mono    ( 8342): DllImport searching in: '__Internal' ('(null)').
D/Mono    ( 8342): Searching for 'java_interop_jnienv_call_boolean_method_a'.
D/Mono    ( 8342): Probing 'java_interop_jnienv_call_boolean_method_a'.
D/Mono    ( 8342): Found as 'java_interop_jnienv_call_boolean_method_a'.
D/Mono    ( 8342): DllImport searching in: '__Internal' ('(null)').
D/Mono    ( 8342): Searching for 'java_interop_jnienv_call_int_method_a'.
D/Mono    ( 8342): Probing 'java_interop_jnienv_call_int_method_a'.
D/Mono    ( 8342): Found as 'java_interop_jnienv_call_int_method_a'.
D/Mono    ( 8342): DllImport searching in: '__Internal' ('(null)').
D/Mono    ( 8342): Searching for 'java_interop_jnienv_get_field_id'.
D/Mono    ( 8342): Probing 'java_interop_jnienv_get_field_id'.
D/Mono    ( 8342): Found as 'java_interop_jnienv_get_field_id'.
D/Mono    ( 8342): DllImport searching in: '__Internal' ('(null)').
D/Mono    ( 8342): Searching for 'java_interop_jnienv_get_object_field'.
D/Mono    ( 8342): Probing 'java_interop_jnienv_get_object_field'.
D/Mono    ( 8342): Found as 'java_interop_jnienv_get_object_field'.
I/System.out( 8342): URI: /map
I/System.out( 8342): params: {json={"query":"* id:'agreeAndContinueButton'","operation":{"method_name":"query","arguments":[]}}
I/System.out( 8342): }
W/ResourceType( 8342): No known package when getting name for resource number 0xffffffff
W/ResourceType( 8342): No known package when getting name for resource number 0xffffffff
W/ResourceType( 8342): No known package when getting name for resource number 0xffffffff
D/Mono    ( 8342): DllImport searching in: '__Internal' ('(null)').
D/Mono    ( 8342): Searching for 'java_interop_jnienv_call_static_int_method_a'.
D/Mono    ( 8342): Probing 'java_interop_jnienv_call_static_int_method_a'.
D/Mono    ( 8342): Found as 'java_interop_jnienv_call_static_int_method_a'.
W/Xamarin.Insights( 8342): Warning: Insights data communication has been manually enabled
D/Mono    ( 8342): DllImport searching in: '__Internal' ('(null)').
D/Mono    ( 8342): Searching for 'java_interop_jnienv_get_static_object_field'.
D/Mono    ( 8342): Probing 'java_interop_jnienv_get_static_object_field'.
D/Mono    ( 8342): Found as 'java_interop_jnienv_get_static_object_field'.
D/Mono    ( 8342): DllImport searching in: '__Internal' ('(null)').
D/Mono    ( 8342): Searching for 'java_interop_jnienv_call_static_void_method'.
D/Mono    ( 8342): Probing 'java_interop_jnienv_call_static_void_method'.
D/Mono    ( 8342): Found as 'java_interop_jnienv_call_static_void_method'.
I/AppsFlyer_3.01( 8342): Start tracking package: com.careerbuilder.SugarDrone
I/AppsFlyer_3.01( 8342): AsendTrackingWithEvent from activity: md537fd6201b6818e2e180d2f7606e21a83.MainApplication
I/AppsFlyer_3.01-603128196( 8342): ******* sendTrackingWithEvent: Launch
E/ActivityThread( 8342): Failed to find provider info for com.facebook.katana.provider.AttributionIdProvider
I/AppsFlyer_3.01( 8342): WARNING:READ_PHONE_STATE is missing
I/GAv4    ( 8342): Google Analytics 8.4.87 is starting up. To enable debug logging on a device run:
I/GAv4    ( 8342):   adb shell setprop log.tag.GAv4 DEBUG
I/GAv4    ( 8342):   adb logcat -s GAv4
D/AppsFlyer_3.01( 8342): AppsFlyer: first launch detected
I/AppsFlyer_3.01( 8342): AppsFlyer: first launch date: 2017-03-15_0738+0100
I/System.out( 8342): AppsFlyerLib.sendTrackingWithEvent
W/GAv4    ( 8342): AnalyticsReceiver is not registered or is disabled. Register the receiver for reliable dispatching on non-Google Play devices. See http://goo.gl/8Rd3yj for instructions.
W/GAv4    ( 8342): CampaignTrackingReceiver is not registered, not exported or is disabled. Installation campaign tracking is not possible. See http://goo.gl/8Rd3yj for instructions.
I/AppsFlyer_3.01-603128196( 8342): url: https://t.appsflyer.com/api/v3/androidevent?buildnumber=3.01&app_id=com.careerbuilder.SugarDrone
I/AppsFlyer_( 8342): data: device=shamu&firstLaunchDate=2017-03-15_0738%2B0100&installDate=2017-03-15_0738%2B0100&sdk=22&carrier=&date1=2017-03-15_0738%2B0100&af_preinstalled=false&advertiserIdEnabled=true&iaecounter=0&lang_code=en&appsflyerKey=WV****************HFK5&app_version_name=3.1.7&lang=English&timepassedsincelastlaunch=0&dkh=WVGo7sxf&android_id=bac03d0644d06fd5&advertiserId=61421825-42b4-4c72-854d-e43806bb777b&deviceType=user&af_v=1dd29f017c3bc53ff02824e0e6940865b7ff8e7f&app_version_code=30011&platformextension=android_native&network=WIFI&operator=Telenor+DK&country=US&date2=2017-03-15_0738%2B0100&brand=google&af_timestamp=1489603128196&uid=1489603093939-2554132900963603472&isFirstCall=true&counter=1&model=Nexus+6&product=shamu
W/GAv4    ( 8342): AnalyticsService not registered in the app manifest. Hits might not be delivered reliably. See http://goo.gl/8Rd3yj for instructions.
D/Mono    ( 8342): DllImport searching in: '__Internal' ('(null)').
D/Mono    ( 8342): Searching for 'java_interop_jnienv_call_void_method_a'.
D/Mono    ( 8342): Probing 'java_interop_jnienv_call_void_method_a'.
D/Mono    ( 8342): Found as 'java_interop_jnienv_call_void_method_a'.
I/GAv4    ( 8342): Logger is deprecated. To enable debug logging, please run:
I/GAv4    ( 8342): adb shell setprop log.tag.GAv4 DEBUG
D/Mono    ( 8342): DllImport searching in: '__Internal' ('(null)').
D/Mono    ( 8342): Searching for 'java_interop_jnienv_new_local_ref'.
D/Mono    ( 8342): Probing 'java_interop_jnienv_new_local_ref'.
D/Mono    ( 8342): Found as 'java_interop_jnienv_new_local_ref'.
D/Mono    ( 8342): Assembly Ref addref Plugin.DeviceInfo[0xb4affa60] -> Mono.Android[0xb4b754c0]: 20
W/Xamarin.Insights( 8342): Warning: Insights data communication has been manually enabled
I/AppsFlyer_3.01( 8342): Start tracking package: com.careerbuilder.SugarDrone
I/AppsFlyer_3.01( 8342): AsendTrackingWithEvent from activity: md537fd6201b6818e2e180d2f7606e21a83.MainApplication
I/AppsFlyer_3.01-603128308( 8342): ******* sendTrackingWithEvent: Launch
E/ActivityThread( 8342): Failed to find provider info for com.facebook.katana.provider.AttributionIdProvider
I/AppsFlyer_3.01( 8342): WARNING:READ_PHONE_STATE is missing
D/Mono    ( 8342): DllImport searching in: '__Internal' ('(null)').
D/Mono    ( 8342): Searching for 'java_interop_jnienv_get_int_field'.
D/Mono    ( 8342): Probing 'java_interop_jnienv_get_int_field'.
D/Mono    ( 8342): Found as 'java_interop_jnienv_get_int_field'.
D/Mono    ( 8342): Unloading image Splat.dll [0x9a2a7f00].
D/Mono    ( 8342): Image addref Splat[0x9a261a00] -> Splat.dll[0xb4841b00]: 5
D/Mono    ( 8342): Config attempting to parse: 'Splat.dll.config'.
D/Mono    ( 8342): Config attempting to parse: '/Users/builder/data/lanes/4009/f3074d2c/source/monodroid/builds/install/mono-armv6/etc/mono/assemblies/Splat/Splat.config'.
D/Mono    ( 8342): Assembly Ref addref Akavache[0xb4aff6a0] -> Splat[0xb4aff760]: 2
D/Mono    ( 8342): Assembly Ref addref Splat[0xb4aff760] -> mscorlib[0xb4aff520]: 40
D/Mono    ( 8342): Assembly Ref addref System.Reactive.Core[0xb4b75160] -> System.Reactive.Interfaces[0xb4b751c0]: 3
D/Mono    ( 8342): Image addref System.ComponentModel[0x9a261a00] -> System.ComponentModel.dll[0x9a2a7f00]: 2
D/Mono    ( 8342): Prepared to set up assembly 'System.ComponentModel' (System.ComponentModel.dll)
D/Mono    ( 8342): Assembly System.ComponentModel[0x9a261a00] added to domain RootDomain, ref_count=1
D/Mono    ( 8342): AOT module 'System.ComponentModel.dll.so' not found: dlopen failed: library "/data/app/com.careerbuilder.SugarDrone-1/lib/arm/libaot-System.ComponentModel.dll.so" not found
D/Mono    ( 8342): AOT module '/Users/builder/data/lanes/4009/f3074d2c/source/monodroid/builds/install/mono-armv6/lib/mono/aot-cache/arm/System.ComponentModel.dll.so' not found: dlopen failed: library "/data/app/com.careerbuilder.SugarDrone-1/lib/arm/libaot-System.ComponentModel.dll.so" not found
D/Mono    ( 8342): Config attempting to parse: 'System.ComponentModel.dll.config'.
D/Mono    ( 8342): Config attempting to parse: '/Users/builder/data/lanes/4009/f3074d2c/source/monodroid/builds/install/mono-armv6/etc/mono/assemblies/System.ComponentModel/System.ComponentModel.config'.
D/Mono    ( 8342): Assembly Ref addref System.Reactive.Core[0xb4b75160] -> System.ComponentModel[0x9a261a00]: 2
D/Mono    ( 8342): Assembly Ref addref System.ComponentModel[0x9a261a00] -> mscorlib[0xb4aff520]: 41
D/Mono    ( 8342): Unloading image System.Runtime.dll [0x9a2a8900].
D/Mono    ( 8342): Image addref System.Runtime[0x9bc99820] -> System.Runtime.dll[0xb4b7af00]: 10
D/Mono    ( 8342): Config attempting to parse: 'System.Runtime.dll.config'.
D/Mono    ( 8342): Config attempting to parse: '/Users/builder/data/lanes/4009/f3074d2c/source/monodroid/builds/install/mono-armv6/etc/mono/assemblies/System.Runtime/System.Runtime.config'.
D/Mono    ( 8342): Assembly Ref addref System.Reactive.Interfaces[0xb4b751c0] -> System.Runtime[0xb4b75580]: 8
D/Mono    ( 8342): Assembly Ref addref Akavache[0xb4aff6a0] -> System.Reactive.Linq[0xb4b75220]: 2
D/Mono    ( 8342): Unloading image System.Runtime.dll [0x9a2a8e00].
D/Mono    ( 8342): Image addref System.Runtime[0x9bc99820] -> System.Runtime.dll[0xb4b7af00]: 11
D/Mono    ( 8342): Config attempting to parse: 'System.Runtime.dll.config'.
D/Mono    ( 8342): Config attempting to parse: '/Users/builder/data/lanes/4009/f3074d2c/source/monodroid/builds/install/mono-armv6/etc/mono/assemblies/System.Runtime/System.Runtime.config'.
D/Mono    ( 8342): Assembly Ref addref System.Reactive.Linq[0xb4b75220] -> System.Runtime[0xb4b75580]: 9
D/Mono    ( 8342): Assembly Ref addref System.Reactive.Linq[0xb4b75220] -> System.Reactive.Interfaces[0xb4b751c0]: 4
D/Mono    ( 8342): Unloading image System.Threading.Tasks.dll [0x9a2a9300].
D/Mono    ( 8342): Image addref System.Threading.Tasks[0x9bc99820] -> System.Threading.Tasks.dll[0x9a127000]: 5
D/Mono    ( 8342): Config attempting to parse: 'System.Threading.Tasks.dll.config'.
D/Mono    ( 8342): Config attempting to parse: '/Users/builder/data/lanes/4009/f3074d2c/source/monodroid/builds/install/mono-armv6/etc/mono/assemblies/System.Threading.Tasks/System.Threading.Tasks.config'.
D/Mono    ( 8342): Assembly Ref addref System.Reactive.Linq[0xb4b75220] -> System.Threading.Tasks[0x9a18b340]: 3
D/Mono    ( 8342): Assembly Ref addref Splat[0xb4aff760] -> Mono.Android[0xb4b754c0]: 21
D/Mono    ( 8342): Assembly Ref addref Splat[0xb4aff760] -> System.Core[0xb4b75ac0]: 9
D/Mono    ( 8342): Assembly Ref addref Akavache[0xb4aff6a0] -> Mono.Android[0xb4b754c0]: 22
D/Mono    ( 8342): Assembly Loader probing location: '/Akavache.Mac.dll'.
D/Mono    ( 8342): Assembly Loader probing location: '/Users/builder/data/lanes/4009/f3074d2c/source/monodroid/builds/install/mono-armv6/lib/Akavache.Mac.dll'.
D/Mono    ( 8342): Assembly Loader probing location: '/Akavache.Mac.exe'.
D/Mono    ( 8342): Assembly Loader probing location: '/Users/builder/data/lanes/4009/f3074d2c/source/monodroid/builds/install/mono-armv6/lib/Akavache.Mac.exe'.
I/art     ( 1759): Explicit concurrent mark sweep GC freed 65254(3MB) AllocSpace objects, 17(272KB) LOS objects, 33% free, 31MB/47MB, paused 974us total 54.304ms
D/Mono    ( 8342): Assembly Loader probing location: '/Akavache.Deprecated.dll'.
D/Mono    ( 8342): Assembly Loader probing location: '/Users/builder/data/lanes/4009/f3074d2c/source/monodroid/builds/install/mono-armv6/lib/Akavache.Deprecated.dll'.
D/Mono    ( 8342): Assembly Loader probing location: '/Akavache.Deprecated.exe'.
D/Mono    ( 8342): Assembly Loader probing location: '/Users/builder/data/lanes/4009/f3074d2c/source/monodroid/builds/install/mono-armv6/lib/Akavache.Deprecated.exe'.
D/Mono    ( 8342): Assembly Loader probing location: '/Akavache.Mobile.dll'.
D/Mono    ( 8342): Assembly Loader probing location: '/Users/builder/data/lanes/4009/f3074d2c/source/monodroid/builds/install/mono-armv6/lib/Akavache.Mobile.dll'.
D/Mono    ( 8342): Assembly Loader probing location: '/Akavache.Mobile.exe'.
D/Mono    ( 8342): Assembly Loader probing location: '/Users/builder/data/lanes/4009/f3074d2c/source/monodroid/builds/install/mono-armv6/lib/Akavache.Mobile.exe'.
D/Mono    ( 8342): Unloading image System.Runtime.dll [0x9a2a9800].
D/Mono    ( 8342): Image addref System.Runtime[0x9bc99880] -> System.Runtime.dll[0xb4b7af00]: 12
D/Mono    ( 8342): Config attempting to parse: 'System.Runtime.dll.config'.
D/Mono    ( 8342): Config attempting to parse: '/Users/builder/data/lanes/4009/f3074d2c/source/monodroid/builds/install/mono-armv6/etc/mono/assemblies/System.Runtime/System.Runtime.config'.
D/Mono    ( 8342): Assembly Ref addref Akavache.Sqlite3[0xb4aff700] -> System.Runtime[0xb4b75580]: 10
D/Mono    ( 8342): Assembly Ref addref Akavache.Sqlite3[0xb4aff700] -> Akavache[0xb4aff6a0]: 3
D/Mono    ( 8342): Unloading image Splat.dll [0x9a2a9800].
D/Mono    ( 8342): Image addref Splat[0x9bc99880] -> Splat.dll[0xb4841b00]: 6
D/Mono    ( 8342): Config attempting to parse: 'Splat.dll.config'.
D/Mono    ( 8342): Config attempting to parse: '/Users/builder/data/lanes/4009/f3074d2c/source/monodroid/builds/install/mono-armv6/etc/mono/assemblies/Splat/Splat.config'.
D/Mono    ( 8342): Assembly Ref addref Akavache.Sqlite3[0xb4aff700] -> Splat[0xb4aff760]: 3
I/AppsFlyer_3.01( 8342): AppsFlyer: first launch date: 2017-03-15_0738+0100
I/System.out( 8342): AppsFlyerLib.sendTrackingWithEvent
D/Mono    ( 8342): Assembly Ref addref System.Reactive.Core[0xb4b75160] -> System.Resources.ResourceManager[0x9bc999a0]: 3
D/Mono    ( 8342): Unloading image System.Collections.dll [0x9a2a9d00].
D/Mono    ( 8342): Image addref System.Collections[0x9bc99880] -> System.Collections.dll[0xb4b7dc00]: 7
D/Mono    ( 8342): Config attempting to parse: 'System.Collections.dll.config'.
D/Mono    ( 8342): Config attempting to parse: '/Users/builder/data/lanes/4009/f3074d2c/source/monodroid/builds/install/mono-armv6/etc/mono/assemblies/System.Collections/System.Collections.config'.
D/Mono    ( 8342): Assembly Ref addref System.Reactive.Core[0xb4b75160] -> System.Collections[0xb4b75820]: 5
D/Mono    ( 8342): Assembly Ref addref System.Collections[0xb4b75820] -> System.Core[0xb4b75ac0]: 10
I/AppsFlyer_3.01-603128308( 8342): url: https://t.appsflyer.com/api/v3/androidevent?buildnumber=3.01&app_id=com.careerbuilder.SugarDrone
I/AppsFlyer_( 8342): data: device=shamu&firstLaunchDate=2017-03-15_0738%2B0100&installDate=2017-03-15_0738%2B0100&sdk=22&carrier=&date1=2017-03-15_0738%2B0100&af_preinstalled=false&advertiserIdEnabled=true&iaecounter=0&lang_code=en&appsflyerKey=WV****************HFK5&app_version_name=3.1.7&lang=English&timepassedsincelastlaunch=0&dkh=WVGo7sxf&android_id=bac03d0644d06fd5&advertiserId=61421825-42b4-4c72-854d-e43806bb777b&deviceType=user&af_v=0237599c4a21eb3aa770274bf53fed36cbe5b7b0&app_version_code=30011&platformextension=android_native&network=WIFI&operator=Telenor+DK&country=US&date2=2017-03-15_0738%2B0100&brand=google&af_timestamp=1489603128308&uid=1489603093939-2554132900963603472&isFirstCall=true&counter=2&model=Nexus+6&product=shamu
W/SQLiteConnectionPool( 1759): A SQLiteConnection object for database '/data/data/com.google.android.gms/databases/networkstatistics.sqlite' was leaked!  Please fix your application to end transactions in progress properly and to close the database when it is no longer needed.
D/Mono    ( 8342): Unloading image System.Threading.dll [0x9a2a9d00].
D/Mono    ( 8342): Image addref System.Threading[0x97fcba00] -> System.Threading.dll[0xb4b7c800]: 7
D/Mono    ( 8342): Config attempting to parse: 'System.Threading.dll.config'.
D/Mono    ( 8342): Config attempting to parse: '/Users/builder/data/lanes/4009/f3074d2c/source/monodroid/builds/install/mono-armv6/etc/mono/assemblies/System.Threading/System.Threading.config'.
D/Mono    ( 8342): Assembly Ref addref System.Reactive.Core[0xb4b75160] -> System.Threading[0xb4b756a0]: 5
D/Mono    ( 8342): Unloading image System.Reflection.dll [0x9a2a9d00].
D/Mono    ( 8342): Image addref System.Reflection[0x97fcbac0] -> System.Reflection.dll[0xb4b7c300]: 6
D/Mono    ( 8342): Config attempting to parse: 'System.Reflection.dll.config'.
D/Mono    ( 8342): Config attempting to parse: '/Users/builder/data/lanes/4009/f3074d2c/source/monodroid/builds/install/mono-armv6/etc/mono/assemblies/System.Reflection/System.Reflection.config'.
D/Mono    ( 8342): Assembly Ref addref System.Reactive.Core[0xb4b75160] -> System.Reflection[0xb4b75640]: 4
D/Mono    ( 8342): Unloading image System.Runtime.dll [0x9a2a9d00].
D/Mono    ( 8342): Image addref System.Runtime[0x97fcba00] -> System.Runtime.dll[0xb4b7af00]: 13
D/Mono    ( 8342): Config attempting to parse: 'System.Runtime.dll.config'.
D/Mono    ( 8342): Config attempting to parse: '/Users/builder/data/lanes/4009/f3074d2c/source/monodroid/builds/install/mono-armv6/etc/mono/assemblies/System.Runtime/System.Runtime.config'.
D/Mono    ( 8342): Assembly Ref addref System.Reactive.PlatformServices[0xb4b75280] -> System.Runtime[0xb4b75580]: 11
D/Mono    ( 8342): Assembly Ref addref System.Reactive.PlatformServices[0xb4b75280] -> System.Reactive.Core[0xb4b75160]: 4
D/Mono    ( 8342): Assembly Ref addref System.Reactive.PlatformServices[0xb4b75280] -> System.Resources.ResourceManager[0x9bc999a0]: 4
D/Mono    ( 8342): Unloading image System.Reflection.dll [0x9a2a9d00].
D/Mono    ( 8342): Image addref System.Reflection[0x97fcba00] -> System.Reflection.dll[0xb4b7c300]: 7
D/Mono    ( 8342): Config attempting to parse: 'System.Reflection.dll.config'.
D/Mono    ( 8342): Config attempting to parse: '/Users/builder/data/lanes/4009/f3074d2c/source/monodroid/builds/install/mono-armv6/etc/mono/assemblies/System.Reflection/System.Reflection.config'.
D/Mono    ( 8342): Assembly Ref addref System.Reactive.PlatformServices[0xb4b75280] -> System.Reflection[0xb4b75640]: 5
D/Mono    ( 8342): Assembly Ref addref System.Reactive.PlatformServices[0xb4b75280] -> System.Reactive.Interfaces[0xb4b751c0]: 5
D/Mono    ( 8342): Unloading image System.Threading.Tasks.dll [0x9a2aa200].
D/Mono    ( 8342): Image addref System.Threading.Tasks[0x97fcba00] -> System.Threading.Tasks.dll[0x9a127000]: 6
D/Mono    ( 8342): Config attempting to parse: 'System.Threading.Tasks.dll.config'.
D/Mono    ( 8342): Config attempting to parse: '/Users/builder/data/lanes/4009/f3074d2c/source/monodroid/builds/install/mono-armv6/etc/mono/assemblies/System.Threading.Tasks/System.Threading.Tasks.config'.
D/Mono    ( 8342): Assembly Ref addref System.Reactive.PlatformServices[0xb4b75280] -> System.Threading.Tasks[0x9a18b340]: 4
D/Mono    ( 8342): Assembly Ref addref System.Reactive.PlatformServices[0xb4b75280] -> System.Reactive.Linq[0xb4b75220]: 3
D/Mono    ( 8342): Unloading image System.Diagnostics.Debug.dll [0x9a2aa200].
D/Mono    ( 8342): Image addref System.Diagnostics.Debug[0x97fcba00] -> System.Diagnostics.Debug.dll[0xb4b7cd00]: 6
D/Mono    ( 8342): Config attempting to parse: 'System.Diagnostics.Debug.dll.config'.
D/Mono    ( 8342): Config attempting to parse: '/Users/builder/data/lanes/4009/f3074d2c/source/monodroid/builds/install/mono-armv6/etc/mono/assemblies/System.Diagnostics.Debug/System.Diagnostics.Debug.config'.
D/Mono    ( 8342): Assembly Ref addref System.Reactive.PlatformServices[0xb4b75280] -> System.Diagnostics.Debug[0xb4b75700]: 4
