D/Mono    ( 8347): Config attempting to parse: 'System.IO.dll.config'.
D/Mono    ( 8347): Config attempting to parse: '/Users/builder/data/lanes/4009/f3074d2c/source/monodroid/builds/install/mono-armv6/etc/mono/assemblies/System.IO/System.IO.config'.
D/Mono    ( 8347): Assembly Ref addref CareerBuilder_Search[0xb4b6a5e0] -> System.IO[0x9bf547c0]: 4
W/FragmentManager( 8347): moveToState: Fragment state for SavedJobsFragment{217e4505 #0 id=0x7f0a0148 android:switcher:2131362120:1} not updated inline; expected state 3 found 2
D/Mono    ( 8347): Assembly Ref addref CareerBuilder_Search.Droid[0xb4ae3580] -> System[0xb4b6a8e0]: 13
W/FragmentManager( 8347): moveToState: Fragment state for ResumeManagementFragment{22a9195a #1 id=0x7f0a0148 android:switcher:2131362120:2} not updated inline; expected state 3 found 2
D/Mono    ( 8347): Unloading image System.Linq.dll [0x964ac100].
D/Mono    ( 8347): Image addref System.Linq[0x965f3d00] -> System.Linq.dll[0xb4b7c300]: 9
D/Mono    ( 8347): Config attempting to parse: 'System.Linq.dll.config'.
D/Mono    ( 8347): Config attempting to parse: '/Users/builder/data/lanes/4009/f3074d2c/source/monodroid/builds/install/mono-armv6/etc/mono/assemblies/System.Linq/System.Linq.config'.
D/Mono    ( 8347): Assembly Ref addref CareerBuilder_Search[0xb4b6a5e0] -> System.Linq[0xb4b6aac0]: 7
D/Mono    ( 8347): DllImport attempting to load: '/system/lib/liblog.so'.
D/Mono    ( 8347): DllImport loaded library '/system/lib/liblog.so'.
D/Mono    ( 8347): DllImport searching in: '/system/lib/liblog.so' ('/system/lib/liblog.so').
D/Mono    ( 8347): Searching for '__android_log_print'.
D/Mono    ( 8347): Probing '__android_log_print'.
D/Mono    ( 8347): Found as '__android_log_print'.
I/mono-stdout( 8347): uri is: https://api.careerbuilder.com/consumer/resumes?OAuthToken=&HostSite=US&DeveloperKey=WDHR8FC6P2JZ1Y61KLM5
D/Mono    ( 8347): DllImport searching in: '__Internal' ('(null)').
D/Mono    ( 8347): Searching for 'java_interop_jnienv_call_nonvirtual_void_method'.
D/Mono    ( 8347): Probing 'java_interop_jnienv_call_nonvirtual_void_method'.
D/Mono    ( 8347): Found as 'java_interop_jnienv_call_nonvirtual_void_method'.
D/Mono    ( 8347): Unloading image System.Collections.dll [0x964a5800].
D/Mono    ( 8347): Image addref System.Collections[0x965f3ca0] -> System.Collections.dll[0xb4b7a000]: 10
D/Mono    ( 8347): Config attempting to parse: 'System.Collections.dll.config'.
D/Mono    ( 8347): Config attempting to parse: '/Users/builder/data/lanes/4009/f3074d2c/source/monodroid/builds/install/mono-armv6/etc/mono/assemblies/System.Collections/System.Collections.config'.
D/Mono    ( 8347): Assembly Ref addref System.Reactive.Linq[0xb4b6a3a0] -> System.Collections[0xb4b6a9a0]: 8
I/mono-stdout( 8347): uri is: https://api.careerbuilder.com/consumer/saved-jobs/?DeveloperKey=WDHR8FC6P2JZ1Y61KLM5
I/mono-stdout( 8347): uri is: https://api.careerbuilder.com/consumer/jobs/search/?Keywords=&Location=&UseFacets=true&PageNumber=1&ExcludeNational=true&DeveloperKey=WDHR8FC6P2JZ1Y61KLM5
I/mono-stdout( 8347): uri is: https://api.careerbuilder.com/consumer/resumes?OAuthToken=&HostSite=US&DeveloperKey=WDHR8FC6P2JZ1Y61KLM5
D/Mono    ( 8347): Image addref System.Net.Primitives[0x9792d760] -> System.Net.Primitives.dll[0x964a5800]: 2
D/Mono    ( 8347): Prepared to set up assembly 'System.Net.Primitives' (System.Net.Primitives.dll)
D/Mono    ( 8347): Assembly System.Net.Primitives[0x9792d760] added to domain RootDomain, ref_count=1
D/Mono    ( 8347): Unloading image System.Net.Primitives.dll [0x964b1600].
D/Mono    ( 8347): Image addref System.Net.Primitives[0x965f3d60] -> System.Net.Primitives.dll[0x964a5800]: 5
D/Mono    ( 8347): Unloading image System.Net.Primitives.dll [0x978fa900].
D/Mono    ( 8347): Config attempting to parse: 'System.Net.Primitives.dll.config'.
D/Mono    ( 8347): Config attempting to parse: '/Users/builder/data/lanes/4009/f3074d2c/source/monodroid/builds/install/mono-armv6/etc/mono/assemblies/System.Net.Primitives/System.Net.Primitives.config'.
D/Mono    ( 8347): Assembly Ref addref CareerBuilder_Search[0xb4b6a5e0] -> System.Net.Primitives[0x9792d760]: 2
D/Mono    ( 8347): Image addref System.Net.Primitives[0x965f3100] -> System.Net.Primitives.dll[0x964a5800]: 5
D/Mono    ( 8347): Config attempting to parse: 'System.Net.Primitives.dll.config'.
D/Mono    ( 8347): Assembly Ref addref System.Net.Primitives[0x9792d760] -> System[0xb4b6a8e0]: 14
D/Mono    ( 8347): Config attempting to parse: '/Users/builder/data/lanes/4009/f3074d2c/source/monodroid/builds/install/mono-armv6/etc/mono/assemblies/System.Net.Primitives/System.Net.Primitives.config'.
D/Mono    ( 8347): AOT module 'System.Net.Primitives.dll.so' not found: dlopen failed: library "/data/app/com.careerbuilder.SugarDrone-1/lib/arm/libaot-System.Net.Primitives.dll.so" not found
D/Mono    ( 8347): AOT module '/Users/builder/data/lanes/4009/f3074d2c/source/monodroid/builds/install/mono-armv6/lib/mono/aot-cache/arm/System.Net.Primitives.dll.so' not found: dlopen failed: library "/data/app/com.careerbuilder.SugarDrone-1/lib/arm/libaot-System.Net.Primitives.dll.so" not found
D/Mono    ( 8347): Config attempting to parse: 'System.Net.Primitives.dll.config'.
D/Mono    ( 8347): Config attempting to parse: '/Users/builder/data/lanes/4009/f3074d2c/source/monodroid/builds/install/mono-armv6/etc/mono/assemblies/System.Net.Primitives/System.Net.Primitives.config'.
D/Mono    ( 8347): Unloading image System.Text.Encoding.dll [0x978fdb00].
D/Mono    ( 8347): Image addref System.Text.Encoding[0x97928e80] -> System.Text.Encoding.dll[0xb4b82200]: 5
D/Mono    ( 8347): Config attempting to parse: 'System.Text.Encoding.dll.config'.
D/Mono    ( 8347): Config attempting to parse: '/Users/builder/data/lanes/4009/f3074d2c/source/monodroid/builds/install/mono-armv6/etc/mono/assemblies/System.Text.Encoding/System.Text.Encoding.config'.
D/Mono    ( 8347): Assembly Ref addref CareerBuilder_Search[0xb4b6a5e0] -> System.Text.Encoding[0xb4b6ae80]: 3
I/mono-stdout( 8347): making api call to: /consumer/jobs/search/?Keywords=&Location=&UseFacets=true&PageNumber=1&ExcludeNational=true&DeveloperKey=WDHR8FC6P2JZ1Y61KLM5
D/Mono    ( 8347): Unloading image System.Text.Encoding.dll [0x964b1600].
D/Mono    ( 8347): Image addref System.Text.Encoding[0x965f3d00] -> System.Text.Encoding.dll[0xb4b82200]: 6
D/Mono    ( 8347): Config attempting to parse: 'System.Text.Encoding.dll.config'.
D/Mono    ( 8347): Config attempting to parse: '/Users/builder/data/lanes/4009/f3074d2c/source/monodroid/builds/install/mono-armv6/etc/mono/assemblies/System.Text.Encoding/System.Text.Encoding.config'.
I/mono-stdout( 8347): making api call to: /consumer/resumes?OAuthToken=&HostSite=US&DeveloperKey=WDHR8FC6P2JZ1Y61KLM5
I/mono-stdout( 8347): making api call to: /consumer/resumes?OAuthToken=&HostSite=US&DeveloperKey=WDHR8FC6P2JZ1Y61KLM5
I/mono-stdout( 8347): making api call to: /consumer/saved-jobs/?DeveloperKey=WDHR8FC6P2JZ1Y61KLM5
I/mono-stdout( 8347): Method: GET, RequestUri: 'https://api.careerbuilder.com/consumer/saved-jobs/?DeveloperKey=WDHR8FC6P2JZ1Y61KLM5', Version: 1.1, Content: <null>, Headers:

I/mono-stdout( 8347): {

I/mono-stdout( 8347): DeveloperKey: WDHR8FC6P2JZ1Y61KLM5

I/mono-stdout( 8347): Accept: application/json

I/mono-stdout( 8347): Authorization: Bearer test

I/mono-stdout( 8347): HostSite: US

I/mono-stdout( 8347): }
I/mono-stdout( 8347): Current State = 1,2,6,7
I/mono-stdout( 8347): applied jobs = 6
I/mono-stdout( 8347): expired jobs = 7
I/mono-stdout( 8347): saved jobs = Saved,Saved,Applied,Saved
I/mono-stdout( 8347): done making call to: /consumer/resumes?OAuthToken=&HostSite=US&DeveloperKey=WDHR8FC6P2JZ1Y61KLM5
I/mono-stdout( 8347): done making call to: /consumer/resumes?OAuthToken=&HostSite=US&DeveloperKey=WDHR8FC6P2JZ1Y61KLM5
I/mono-stdout( 8347): The resume  with hash has been set as latest
I/mono-stdout( 8347): The resume  with hash has been set as latest
I/art     ( 8347): Explicit concurrent mark sweep GC freed 1495(84KB) AllocSpace objects, 0(0B) LOS objects, 27% free, 42MB/58MB, paused 1.146ms total 32.057ms
D/Mono    ( 8347): GC_TAR_BRIDGE bridges 172 objects 370 opaque 122 colors 172 colors-bridged 172 colors-visible 172 xref 5 cache-hit 0 cache-semihit 0 cache-miss 0 setup 0.04ms tarjan 0.28ms scc-setup 0.14ms gather-xref 0.01ms xref-setup 0.02ms cleanup 0.09ms
D/Mono    ( 8347): GC_BRIDGE: Complete, was running for 38.39ms
D/Mono    ( 8347): GC_MINOR: (Nursery full) time 12.54ms, stw 15.34ms promoted 899K major size: 1888K in use: 1178K los size: 1024K in use: 370K
I/mono-stdout( 8347): done making call to: /consumer/saved-jobs/?DeveloperKey=WDHR8FC6P2JZ1Y61KLM5
I/mono-stdout( 8347): done making call to: /consumer/jobs/search/?Keywords=&Location=&UseFacets=true&PageNumber=1&ExcludeNational=true&DeveloperKey=WDHR8FC6P2JZ1Y61KLM5
I/mono-stdout( 8347): uri is: https://api.careerbuilder.com/consumer/saved-jobs/?DeveloperKey=WDHR8FC6P2JZ1Y61KLM5
E/RecyclerView( 8347): No adapter attached; skipping layout
I/mono-stdout( 8347): making api call to: /consumer/saved-jobs/?DeveloperKey=WDHR8FC6P2JZ1Y61KLM5
I/mono-stdout( 8347): Method: GET, RequestUri: 'https://api.careerbuilder.com/consumer/saved-jobs/?DeveloperKey=WDHR8FC6P2JZ1Y61KLM5', Version: 1.1, Content: <null>, Headers:

I/mono-stdout( 8347): {

I/mono-stdout( 8347): DeveloperKey: WDHR8FC6P2JZ1Y61KLM5

I/mono-stdout( 8347): Accept: application/json

I/mono-stdout( 8347): Authorization: Bearer test

I/mono-stdout( 8347): HostSite: US

I/mono-stdout( 8347): }
I/mono-stdout( 8347): Current State = 1,2,6,7
I/mono-stdout( 8347): applied jobs = 6
I/mono-stdout( 8347): expired jobs = 7
I/mono-stdout( 8347): saved jobs = Saved,Saved,Applied,Saved
W/art     ( 8347): JNI RegisterNativeMethods: attempt to register 0 native methods for md539c3d548fb000cea9f34163fa7e112ea.ProgressListItemViewHolder
W/ResourceType( 8347): No known package when getting name for resource number 0xffffffff
W/ResourceType( 8347): No known package when getting name for resource number 0xffffffff
W/ResourceType( 8347): No known package when getting name for resource number 0xffffffff
W/ResourceType( 8347): No known package when getting name for resource number 0xffffffff
W/ResourceType( 8347): No known package when getting name for resource number 0xffffffff
W/ResourceType( 8347): No known package when getting name for resource number 0xffffffff
W/ResourceType( 8347): No known package when getting name for resource number 0xffffffff
W/ResourceType( 8347): No known package when getting name for resource number 0xffffffff
W/ResourceType( 8347): No known package when getting name for resource number 0xffffffff
W/ResourceType( 8347): No known package when getting name for resource number 0xffffffff
D/Mono    ( 8347): Assembly Ref addref Xamarin.Android.Support.v7.AppCompat[0xb4b6a100] -> System.Core[0xb4b6ac40]: 15
I/Choreographer( 8347): Skipped 89 frames!  The application may be doing too much work on its main thread.
E/RecyclerView( 8347): No adapter attached; skipping layout
I/ThermalEngine(  367): ACTION: GPU - Setting GPU[0] to 500000000
I/ThermalEngine(  367): Mitigation:GPU[0]:500000000 Hz
I/ThermalEngine(  367): ACTION: CPU - Setting CPU[0] to 2572800
I/ThermalEngine(  367): ACTION: CPU - Setting CPU[1] to 2572800
I/ThermalEngine(  367): ACTION: CPU - Setting CPU[2] to 2572800
I/ThermalEngine(  367): ACTION: CPU - Setting CPU[3] to 2572800
I/ActivityManager(  815): Displayed com.careerbuilder.SugarDrone/md5a4824aa66c0dc4d104077b72c1916a44.MasterNavActivity: +2s16ms
D/Mono    ( 8347): DllImport searching in: '__Internal' ('(null)').
D/Mono    ( 8347): Searching for 'java_interop_jnienv_call_void_method'.
D/Mono    ( 8347): Probing 'java_interop_jnienv_call_void_method'.
D/Mono    ( 8347): Found as 'java_interop_jnienv_call_void_method'.
E/RecyclerView( 8347): No adapter attached; skipping layout
I/System.out( 8347): URI: /map
I/System.out( 8347): params: {json={"query":"* marked:'Job 5'","operation":{"method_name":"query","arguments":[]}}
I/System.out( 8347): }
W/ResourceType( 8347): No known package when getting name for resource number 0xffffffff
W/ResourceType( 8347): No known package when getting name for resource number 0xffffffff
W/ResourceType( 8347): No known package when getting name for resource number 0xffffffff
W/ResourceType( 8347): No known package when getting name for resource number 0xffffffff
W/ResourceType( 8347): No known package when getting name for resource number 0xffffffff
W/ResourceType( 8347): No known package when getting name for resource number 0xffffffff
W/ResourceType( 8347): No known package when getting name for resource number 0xffffffff
W/ResourceType( 8347): No known package when getting name for resource number 0xffffffff
W/ResourceType( 8347): No known package when getting name for resource number 0xffffffff
I/mono-stdout( 8347): done making call to: /consumer/saved-jobs/?DeveloperKey=WDHR8FC6P2JZ1Y61KLM5
W/ResourceType( 8347): No known package when getting name for resource number 0xffffffff
W/ResourceType( 8347): No known package when getting name for resource number 0xffffffff
W/ResourceType( 8347): No known package when getting name for resource number 0xffffffff
W/ResourceType( 8347): No known package when getting name for resource number 0xffffffff
W/ResourceType( 8347): No known package when getting name for resource number 0xffffffff
W/ResourceType( 8347): No known package when getting name for resource number 0xffffffff
W/ResourceType( 8347): No known package when getting name for resource number 0xffffffff
W/ResourceType( 8347): No known package when getting name for resource number 0xffffffff
W/ResourceType( 8347): No known package when getting name for resource number 0xffffffff
W/ResourceType( 8347): No known package when getting name for resource number 0xffffffff
W/ResourceType( 8347): No known package when getting name for resource number 0xffffffff
W/ResourceType( 8347): No known package when getting name for resource number 0xffffffff
W/ResourceType( 8347): No known package when getting name for resource number 0xffffffff
W/ResourceType( 8347): No known package when getting name for resource number 0xffffffff
W/ResourceType( 8347): No known package when getting name for resource number 0xffffffff
W/ResourceType( 8347): No known package when getting name for resource number 0xffffffff
W/ResourceType( 8347): No known package when getting name for resource number 0xffffffff
W/ResourceType( 8347): No known package when getting name for resource number 0xffffffff
W/ResourceType( 8347): No known package when getting name for resource number 0xffffffff
W/ResourceType( 8347): No known package when getting name for resource number 0xffffffff
D/audio_hw_primary(  359): disable_audio_route: reset and update mixer path: low-latency-playback speaker
D/audio_hw_primary(  359): disable_snd_device: snd_device(2: speaker)
W/ResourceType( 8347): No known package when getting name for resource number 0xffffffff
W/ResourceType( 8347): No known package when getting name for resource number 0xffffffff
W/ResourceType( 8347): No known package when getting name for resource number 0xffffffff
W/ResourceType( 8347): No known package when getting name for resource number 0xffffffff
W/ResourceType( 8347): No known package when getting name for resource number 0xffffffff
W/ResourceType( 8347): No known package when getting name for resource number 0xffffffff
W/ResourceType( 8347): No known package when getting name for resource number 0xffffffff
W/ResourceType( 8347): No known package when getting name for resource number 0xffffffff
W/ResourceType( 8347): No known package when getting name for resource number 0xffffffff
W/ResourceType( 8347): No known package when getting name for resource number 0xffffffff
W/ResourceType( 8347): No known package when getting name for resource number 0xffffffff
W/ResourceType( 8347): No known package when getting name for resource number 0xffffffff
W/ResourceType( 8347): No known package when getting name for resource number 0xffffffff
W/ResourceType( 8347): No known package when getting name for resource number 0xffffffff
W/ResourceType( 8347): No known package when getting name for resource number 0xffffffff
W/ResourceType( 8347): No known package when getting name for resource number 0xffffffff
W/ResourceType( 8347): No known package when getting name for resource number 0xffffffff
D/Mono    ( 8347): DllImport searching in: '__Internal' ('(null)').
D/Mono    ( 8347): Searching for 'java_interop_jnienv_set_int_field'.
D/Mono    ( 8347): Probing 'java_interop_jnienv_set_int_field'.
D/Mono    ( 8347): Found as 'java_interop_jnienv_set_int_field'.
I/System.out( 8347): URI: /map
I/System.out( 8347): params: {json={"query":"all *","operation":{"method_name":"query","arguments":[]}}
I/System.out( 8347): }
E/RecyclerView( 8347): No adapter attached; skipping layout
W/art     ( 8347): JNI RegisterNativeMethods: attempt to register 0 native methods for md539c3d548fb000cea9f34163fa7e112ea.JobResultViewHolder
W/art     ( 8347): JNI RegisterNativeMethods: attempt to register 0 native methods for md543b91ad655f5c020e54c78f692da973f.SnapshotView
W/ResourceType( 8347): No known package when getting name for resource number 0xffffffff
W/ResourceType( 8347): No known package when getting name for resource number 0xffffffff
W/ResourceType( 8347): No known package when getting name for resource number 0xffffffff
W/ResourceType( 8347): No known package when getting name for resource number 0xffffffff
W/ResourceType( 8347): No known package when getting name for resource number 0xffffffff
W/ResourceType( 8347): No known package when getting name for resource number 0xffffffff
W/ResourceType( 8347): No known package when getting name for resource number 0xffffffff
W/ResourceType( 8347): No known package when getting name for resource number 0xffffffff
W/ResourceType( 8347): No known package when getting name for resource number 0xffffffff
W/ResourceType( 8347): No known package when getting name for resource number 0xffffffff
W/ResourceType( 8347): No known package when getting name for resource number 0xffffffff
W/ResourceType( 8347): No known package when getting name for resource number 0xffffffff
W/ResourceType( 8347): No known package when getting name for resource number 0xffffffff
W/ResourceType( 8347): No known package when getting name for resource number 0xffffffff
W/ResourceType( 8347): No known package when getting name for resource number 0xffffffff
W/ResourceType( 8347): No known package when getting name for resource number 0xffffffff
W/ResourceType( 8347): No known package when getting name for resource number 0xffffffff
W/ResourceType( 8347): No known package when getting name for resource number 0xffffffff
W/ResourceType( 8347): No known package when getting name for resource number 0xffffffff
W/ResourceType( 8347): No known package when getting name for resource number 0xffffffff
W/ResourceType( 8347): No known package when getting name for resource number 0xffffffff
W/ResourceType( 8347): No known package when getting name for resource number 0xffffffff
W/ResourceType( 8347): No known package when getting name for resource number 0xffffffff
W/ResourceType( 8347): No known package when getting name for resource number 0xffffffff
W/ResourceType( 8347): No known package when getting name for resource number 0xffffffff
W/ResourceType( 8347): No known package when getting name for resource number 0xffffffff
W/ResourceType( 8347): No known package when getting name for resource number 0xffffffff
W/ResourceType( 8347): No known package when getting name for resource number 0xffffffff
W/ResourceType( 8347): No known package when getting name for resource number 0xffffffff
W/ResourceType( 8347): No known package when getting name for resource number 0xffffffff
W/ResourceType( 8347): No known package when getting name for resource number 0xffffffff
I/art     ( 8347): Explicit concurrent mark sweep GC freed 157959(5MB) AllocSpace objects, 6(96KB) LOS objects, 26% free, 43MB/59MB, paused 1.098ms total 62.019ms
W/ResourceType( 8347): No known package when getting name for resource number 0xffffffff
W/ResourceType( 8347): No known package when getting name for resource number 0xffffffff
I/art     ( 8347): Explicit concurrent mark sweep GC freed 10195(314KB) AllocSpace objects, 0(0B) LOS objects, 26% free, 43MB/59MB, paused 1.135ms total 26.070ms
W/ResourceType( 8347): No known package when getting name for resource number 0xffffffff
W/ResourceType( 8347): No known package when getting name for resource number 0xffffffff
I/art     ( 8347): Explicit concurrent mark sweep GC freed 11128(328KB) AllocSpace objects, 0(0B) LOS objects, 26% free, 43MB/59MB, paused 4.663ms total 28.224ms
W/ResourceType( 8347): No known package when getting name for resource number 0xffffffff
I/art     ( 8347): Explicit concurrent mark sweep GC freed 14150(415KB) AllocSpace objects, 0(0B) LOS objects, 26% free, 43MB/59MB, paused 867us total 30.588ms
W/ResourceType( 8347): No known package when getting name for resource number 0xffffffff
W/ResourceType( 8347): No known package when getting name for resource number 0xffffffff
W/ResourceType( 8347): No known package when getting name for resource number 0xffffffff
I/art     ( 8347): Explicit concurrent mark sweep GC freed 11234(330KB) AllocSpace objects, 0(0B) LOS objects, 26% free, 43MB/59MB, paused 1.826ms total 29.162ms
W/ResourceType( 8347): No known package when getting name for resource number 0xffffffff
W/ResourceType( 8347): No known package when getting name for resource number 0xffffffff
W/ResourceType( 8347): No known package when getting name for resource number 0xffffffff
W/ResourceType( 8347): No known package when getting name for resource number 0xffffffff
W/ResourceType( 8347): No known package when getting name for resource number 0xffffffff
W/ResourceType( 8347): No known package when getting name for resource number 0xffffffff
W/ResourceType( 8347): No known package when getting name for resource number 0xffffffff
W/ResourceType( 8347): No known package when getting name for resource number 0xffffffff
W/ResourceType( 8347): No known package when getting name for resource number 0xffffffff
W/ResourceType( 8347): No known package when getting name for resource number 0xffffffff
W/ResourceType( 8347): No known package when getting name for resource number 0xffffffff
W/ResourceType( 8347): No known package when getting name for resource number 0xffffffff
W/ResourceType( 8347): No known package when getting name for resource number 0xffffffff
W/ResourceType( 8347): No known package when getting name for resource number 0xffffffff
W/ResourceType( 8347): No known package when getting name for resource number 0xffffffff
W/ResourceType( 8347): No known package when getting name for resource number 0xffffffff
W/ResourceType( 8347): No known package when getting name for resource number 0xffffffff
W/ResourceType( 8347): No known package when getting name for resource number 0xffffffff
W/ResourceType( 8347): No known package when getting name for resource number 0xffffffff
W/ResourceType( 8347): No known package when getting name for resource number 0xffffffff
W/ResourceType( 8347): No known package when getting name for resource number 0xffffffff
W/ResourceType( 8347): No known package when getting name for resource number 0xffffffff
W/ResourceType( 8347): No known package when getting name for resource number 0xffffffff
W/ResourceType( 8347): No known package when getting name for resource number 0xffffffff
W/ResourceType( 8347): No known package when getting name for resource number 0xffffffff
W/ResourceType( 8347): No known package when getting name for resource number 0xffffffff
W/ResourceType( 8347): No known package when getting name for resource number 0xffffffff
I/System.out( 8347): URI: /
I/System.out( 8347): params: {json={"command":"drag_coordinates","arguments":[720.0,1674.4,720.0,717.6]}
I/System.out( 8347): }
I/System.out( 8347): header: {content-length=69, host=devicehost100.prod, x-session-token=token-token-b52d3b67-c0e1-4423-a94f-1ddc5eb700af, x-forwarded-for=10.222.150.12, content-type=application/json; charset=utf-8, connection=close}
I/System.out( 8347): params: {json={"command":"drag_coordinates","arguments":[720.0,1674.4,720.0,717.6]}
I/System.out( 8347): }
I/System.out( 8347): ProP json = {"command":"drag_coordinates","arguments":[720.0,1674.4,720.0,717.6]}
I/System.out( 8347): files: {}
I/System.out( 8347): command: {"command":"drag_coordinates","arguments":[720.0,1674.4,720.0,717.6]}
I/InstrumentationBackend( 8347): Got command:'Command:'Line:null,drag_coordinates', arguments:'[720.0, 1674.4, 720.0, 717.6]'
I/ThermalEngine(  367): ACTION: GPU - Setting GPU[0] to 389000000
I/ThermalEngine(  367): Mitigation:GPU[0]:389000000 Hz
I/ThermalEngine(  367): ACTION: CPU - Setting CPU[0] to 2496000
I/ThermalEngine(  367): ACTION: CPU - Setting CPU[1] to 2496000
I/ThermalEngine(  367): ACTION: CPU - Setting CPU[2] to 2496000
I/ThermalEngine(  367): ACTION: CPU - Setting CPU[3] to 2496000
D/Mono    ( 8347): [0xaec50e80] hill climbing, change max number of threads 4
I/System.out( 8347): result:{"bonusInformation":[],"message":"","success":true}
I/System.out( 8347): URI: /map
I/System.out( 8347): params: {json={"query":"* marked:'Job 5'","operation":{"method_name":"query","arguments":[]}}
I/System.out( 8347): }
W/ResourceType( 8347): No known package when getting name for resource number 0xffffffff
W/ResourceType( 8347): No known package when getting name for resource number 0xffffffff
W/ResourceType( 8347): No known package when getting name for resource number 0xffffffff
W/ResourceType( 8347): No known package when getting name for resource number 0xffffffff
W/ResourceType( 8347): No known package when getting name for resource number 0xffffffff
W/ResourceType( 8347): No known package when getting name for resource number 0xffffffff
W/ResourceType( 8347): No known package when getting name for resource number 0xffffffff
W/ResourceType( 8347): No known package when getting name for resource number 0xffffffff
W/ResourceType( 8347): No known package when getting name for resource number 0xffffffff
W/ResourceType( 8347): No known package when getting name for resource number 0xffffffff
W/ResourceType( 8347): No known package when getting name for resource number 0xffffffff
W/ResourceType( 8347): No known package when getting name for resource number 0xffffffff
W/ResourceType( 8347): No known package when getting name for resource number 0xffffffff
W/ResourceType( 8347): No known package when getting name for resource number 0xffffffff
W/ResourceType( 8347): No known package when getting name for resource number 0xffffffff
W/ResourceType( 8347): No known package when getting name for resource number 0xffffffff
W/ResourceType( 8347): No known package when getting name for resource number 0xffffffff
W/ResourceType( 8347): No known package when getting name for resource number 0xffffffff
W/ResourceType( 8347): No known package when getting name for resource number 0xffffffff
W/ResourceType( 8347): No known package when getting name for resource number 0xffffffff
W/ResourceType( 8347): No known package when getting name for resource number 0xffffffff
W/ResourceType( 8347): No known package when getting name for resource number 0xffffffff
W/ResourceType( 8347): No known package when getting name for resource number 0xffffffff
W/ResourceType( 8347): No known package when getting name for resource number 0xffffffff
W/ResourceType( 8347): No known package when getting name for resource number 0xffffffff
W/ResourceType( 8347): No known package when getting name for resource number 0xffffffff
W/ResourceType( 8347): No known package when getting name for resource number 0xffffffff
W/ResourceType( 8347): No known package when getting name for resource number 0xffffffff
W/ResourceType( 8347): No known package when getting name for resource number 0xffffffff
W/ResourceType( 8347): No known package when getting name for resource number 0xffffffff
W/ResourceType( 8347): No known package when getting name for resource number 0xffffffff
W/ResourceType( 8347): No known package when getting name for resource number 0xffffffff
W/ResourceType( 8347): No known package when getting name for resource number 0xffffffff
W/ResourceType( 8347): No known package when getting name for resource number 0xffffffff
W/ResourceType( 8347): No known package when getting name for resource number 0xffffffff
W/ResourceType( 8347): No known package when getting name for resource number 0xffffffff
W/ResourceType( 8347): No known package when getting name for resource number 0xffffffff
W/ResourceType( 8347): No known package when getting name for resource number 0xffffffff
W/ResourceType( 8347): No known package when getting name for resource number 0xffffffff
W/ResourceType( 8347): No known package when getting name for resource number 0xffffffff
W/ResourceType( 8347): No known package when getting name for resource number 0xffffffff
W/ResourceType( 8347): No known package when getting name for resource number 0xffffffff
W/ResourceType( 8347): No known package when getting name for resource number 0xffffffff
W/ResourceType( 8347): No known package when getting name for resource number 0xffffffff
W/ResourceType( 8347): No known package when getting name for resource number 0xffffffff
W/ResourceType( 8347): No known package when getting name for resource number 0xffffffff
W/ResourceType( 8347): No known package when getting name for resource number 0xffffffff
W/ResourceType( 8347): No known package when getting name for resource number 0xffffffff
W/ResourceType( 8347): No known package when getting name for resource number 0xffffffff
W/ResourceType( 8347): No known package when getting name for resource number 0xffffffff
W/ResourceType( 8347): No known package when getting name for resource number 0xffffffff
W/ResourceType( 8347): No known package when getting name for resource number 0xffffffff
W/ResourceType( 8347): No known package when getting name for resource number 0xffffffff
W/ResourceType( 8347): No known package when getting name for resource number 0xffffffff
W/ResourceType( 8347): No known package when getting name for resource number 0xffffffff
W/ResourceType( 8347): No known package when getting name for resource number 0xffffffff
W/ResourceType( 8347): No known package when getting name for resource number 0xffffffff
W/ResourceType( 8347): No known package when getting name for resource number 0xffffffff
W/ResourceType( 8347): No known package when getting name for resource number 0xffffffff
W/ResourceType( 8347): No known package when getting name for resource number 0xffffffff
W/ResourceType( 8347): No known package when getting name for resource number 0xffffffff
W/ResourceType( 8347): No known package when getting name for resource number 0xffffffff
W/ResourceType( 8347): No known package when getting name for resource number 0xffffffff
W/ResourceType( 8347): No known package when getting name for resource number 0xffffffff
W/ResourceType( 8347): No known package when getting name for resource number 0xffffffff
W/ResourceType( 8347): No known package when getting name for resource number 0xffffffff
W/ResourceType( 8347): No known package when getting name for resource number 0xffffffff
W/ResourceType( 8347): No known package when getting name for resource number 0xffffffff
W/ResourceType( 8347): No known package when getting name for resource number 0xffffffff
W/ResourceType( 8347): No known package when getting name for resource number 0xffffffff
W/ResourceType( 8347): No known package when getting name for resource number 0xffffffff
W/ResourceType( 8347): No known package when getting name for resource number 0xffffffff
W/ResourceType( 8347): No known package when getting name for resource number 0xffffffff
I/Choreographer( 8347): Skipped 34 frames!  The application may be doing too much work on its main thread.
I/System.out( 8347): URI: /map
I/System.out( 8347): params: {json={"query":"* marked:'Job 5'","operation":{"method_name":"query","arguments":[]}}
I/System.out( 8347): }
W/ip      ( 8786): type=1400 audit(0.0:19): avc: denied { search } for name="net" dev="dm-0" ino=1081351 scontext=u:r:shell:s0 tcontext=u:object_r:net_data_file:s0 tclass=dir permissive=0
W/ResourceType( 8347): No known package when getting name for resource number 0xffffffff
W/ResourceType( 8347): No known package when getting name for resource number 0xffffffff
W/ResourceType( 8347): No known package when getting name for resource number 0xffffffff
W/ResourceType( 8347): No known package when getting name for resource number 0xffffffff
W/ResourceType( 8347): No known package when getting name for resource number 0xffffffff
W/ResourceType( 8347): No known package when getting name for resource number 0xffffffff
W/ResourceType( 8347): No known package when getting name for resource number 0xffffffff
W/ResourceType( 8347): No known package when getting name for resource number 0xffffffff
W/ResourceType( 8347): No known package when getting name for resource number 0xffffffff
W/ResourceType( 8347): No known package when getting name for resource number 0xffffffff
W/ResourceType( 8347): No known package when getting name for resource number 0xffffffff
W/ResourceType( 8347): No known package when getting name for resource number 0xffffffff
W/ResourceType( 8347): No known package when getting name for resource number 0xffffffff
W/ResourceType( 8347): No known package when getting name for resource number 0xffffffff
W/ResourceType( 8347): No known package when getting name for resource number 0xffffffff
W/ResourceType( 8347): No known package when getting name for resource number 0xffffffff
W/ResourceType( 8347): No known package when getting name for resource number 0xffffffff
W/ResourceType( 8347): No known package when getting name for resource number 0xffffffff
W/ResourceType( 8347): No known package when getting name for resource number 0xffffffff
W/ResourceType( 8347): No known package when getting name for resource number 0xffffffff
W/ResourceType( 8347): No known package when getting name for resource number 0xffffffff
W/ResourceType( 8347): No known package when getting name for resource number 0xffffffff
W/ResourceType( 8347): No known package when getting name for resource number 0xffffffff
W/ResourceType( 8347): No known package when getting name for resource number 0xffffffff
W/ResourceType( 8347): No known package when getting name for resource number 0xffffffff
W/ResourceType( 8347): No known package when getting name for resource number 0xffffffff
W/ResourceType( 8347): No known package when getting name for resource number 0xffffffff
W/ResourceType( 8347): No known package when getting name for resource number 0xffffffff
W/ResourceType( 8347): No known package when getting name for resource number 0xffffffff
W/ResourceType( 8347): No known package when getting name for resource number 0xffffffff
W/ResourceType( 8347): No known package when getting name for resource number 0xffffffff
W/ResourceType( 8347): No known package when getting name for resource number 0xffffffff
W/ResourceType( 8347): No known package when getting name for resource number 0xffffffff
W/ResourceType( 8347): No known package when getting name for resource number 0xffffffff
W/ResourceType( 8347): No known package when getting name for resource number 0xffffffff
W/ResourceType( 8347): No known package when getting name for resource number 0xffffffff
W/ResourceType( 8347): No known package when getting name for resource number 0xffffffff
W/ResourceType( 8347): No known package when getting name for resource number 0xffffffff
W/ResourceType( 8347): No known package when getting name for resource number 0xffffffff
W/ResourceType( 8347): No known package when getting name for resource number 0xffffffff
W/ResourceType( 8347): No known package when getting name for resource number 0xffffffff
W/ResourceType( 8347): No known package when getting name for resource number 0xffffffff
W/ResourceType( 8347): No known package when getting name for resource number 0xffffffff
W/ResourceType( 8347): No known package when getting name for resource number 0xffffffff
W/ResourceType( 8347): No known package when getting name for resource number 0xffffffff
W/ResourceType( 8347): No known package when getting name for resource number 0xffffffff
W/ResourceType( 8347): No known package when getting name for resource number 0xffffffff
W/ResourceType( 8347): No known package when getting name for resource number 0xffffffff
W/ResourceType( 8347): No known package when getting name for resource number 0xffffffff
W/ResourceType( 8347): No known package when getting name for resource number 0xffffffff
W/ResourceType( 8347): No known package when getting name for resource number 0xffffffff
W/ResourceType( 8347): No known package when getting name for resource number 0xffffffff
W/ResourceType( 8347): No known package when getting name for resource number 0xffffffff
W/ResourceType( 8347): No known package when getting name for resource number 0xffffffff
W/ResourceType( 8347): No known package when getting name for resource number 0xffffffff
W/ResourceType( 8347): No known package when getting name for resource number 0xffffffff
W/ResourceType( 8347): No known package when getting name for resource number 0xffffffff
W/ResourceType( 8347): No known package when getting name for resource number 0xffffffff
W/ResourceType( 8347): No known package when getting name for resource number 0xffffffff
W/ResourceType( 8347): No known package when getting name for resource number 0xffffffff
W/ResourceType( 8347): No known package when getting name for resource number 0xffffffff
W/ResourceType( 8347): No known package when getting name for resource number 0xffffffff
W/ResourceType( 8347): No known package when getting name for resource number 0xffffffff
W/ResourceType( 8347): No known package when getting name for resource number 0xffffffff
W/ResourceType( 8347): No known package when getting name for resource number 0xffffffff
W/ResourceType( 8347): No known package when getting name for resource number 0xffffffff
W/ResourceType( 8347): No known package when getting name for resource number 0xffffffff
W/ResourceType( 8347): No known package when getting name for resource number 0xffffffff
W/ResourceType( 8347): No known package when getting name for resource number 0xffffffff
W/ResourceType( 8347): No known package when getting name for resource number 0xffffffff
W/ResourceType( 8347): No known package when getting name for resource number 0xffffffff
W/ResourceType( 8347): No known package when getting name for resource number 0xffffffff
W/ResourceType( 8347): No known package when getting name for resource number 0xffffffff
I/System.out( 8347): URI: /map
I/System.out( 8347): params: {json={"query":"* marked:'Job 5'","operation":{"method_name":"query","arguments":[]}}
I/System.out( 8347): }
W/ResourceType( 8347): No known package when getting name for resource number 0xffffffff
W/ResourceType( 8347): No known package when getting name for resource number 0xffffffff
W/ResourceType( 8347): No known package when getting name for resource number 0xffffffff
W/ResourceType( 8347): No known package when getting name for resource number 0xffffffff
W/ResourceType( 8347): No known package when getting name for resource number 0xffffffff
W/ResourceType( 8347): No known package when getting name for resource number 0xffffffff
W/ResourceType( 8347): No known package when getting name for resource number 0xffffffff
W/ResourceType( 8347): No known package when getting name for resource number 0xffffffff
W/ResourceType( 8347): No known package when getting name for resource number 0xffffffff
W/ResourceType( 8347): No known package when getting name for resource number 0xffffffff
W/ResourceType( 8347): No known package when getting name for resource number 0xffffffff
W/ResourceType( 8347): No known package when getting name for resource number 0xffffffff
W/ResourceType( 8347): No known package when getting name for resource number 0xffffffff
W/ResourceType( 8347): No known package when getting name for resource number 0xffffffff
W/ResourceType( 8347): No known package when getting name for resource number 0xffffffff
W/ResourceType( 8347): No known package when getting name for resource number 0xffffffff
W/ResourceType( 8347): No known package when getting name for resource number 0xffffffff
W/ResourceType( 8347): No known package when getting name for resource number 0xffffffff
W/ResourceType( 8347): No known package when getting name for resource number 0xffffffff
W/ResourceType( 8347): No known package when getting name for resource number 0xffffffff
W/ResourceType( 8347): No known package when getting name for resource number 0xffffffff
W/ResourceType( 8347): No known package when getting name for resource number 0xffffffff
W/ResourceType( 8347): No known package when getting name for resource number 0xffffffff
W/ResourceType( 8347): No known package when getting name for resource number 0xffffffff
W/ResourceType( 8347): No known package when getting name for resource number 0xffffffff
W/ResourceType( 8347): No known package when getting name for resource number 0xffffffff
W/ResourceType( 8347): No known package when getting name for resource number 0xffffffff
W/ResourceType( 8347): No known package when getting name for resource number 0xffffffff
W/ResourceType( 8347): No known package when getting name for resource number 0xffffffff
W/ResourceType( 8347): No known package when getting name for resource number 0xffffffff
W/ResourceType( 8347): No known package when getting name for resource number 0xffffffff
W/ResourceType( 8347): No known package when getting name for resource number 0xffffffff
W/ResourceType( 8347): No known package when getting name for resource number 0xffffffff
W/ResourceType( 8347): No known package when getting name for resource number 0xffffffff
W/ResourceType( 8347): No known package when getting name for resource number 0xffffffff
W/ResourceType( 8347): No known package when getting name for resource number 0xffffffff
W/ResourceType( 8347): No known package when getting name for resource number 0xffffffff
W/ResourceType( 8347): No known package when getting name for resource number 0xffffffff
W/ResourceType( 8347): No known package when getting name for resource number 0xffffffff
W/ResourceType( 8347): No known package when getting name for resource number 0xffffffff
W/ResourceType( 8347): No known package when getting name for resource number 0xffffffff
W/ResourceType( 8347): No known package when getting name for resource number 0xffffffff
W/ResourceType( 8347): No known package when getting name for resource number 0xffffffff
W/ResourceType( 8347): No known package when getting name for resource number 0xffffffff
W/ResourceType( 8347): No known package when getting name for resource number 0xffffffff
W/ResourceType( 8347): No known package when getting name for resource number 0xffffffff
W/ResourceType( 8347): No known package when getting name for resource number 0xffffffff
W/ResourceType( 8347): No known package when getting name for resource number 0xffffffff
W/ResourceType( 8347): No known package when getting name for resource number 0xffffffff
W/ResourceType( 8347): No known package when getting name for resource number 0xffffffff
W/ResourceType( 8347): No known package when getting name for resource number 0xffffffff
W/ResourceType( 8347): No known package when getting name for resource number 0xffffffff
W/ResourceType( 8347): No known package when getting name for resource number 0xffffffff
W/ResourceType( 8347): No known package when getting name for resource number 0xffffffff
W/ResourceType( 8347): No known package when getting name for resource number 0xffffffff
W/ResourceType( 8347): No known package when getting name for resource number 0xffffffff
W/ResourceType( 8347): No known package when getting name for resource number 0xffffffff
W/ResourceType( 8347): No known package when getting name for resource number 0xffffffff
W/ResourceType( 8347): No known package when getting name for resource number 0xffffffff
W/ResourceType( 8347): No known package when getting name for resource number 0xffffffff
W/ResourceType( 8347): No known package when getting name for resource number 0xffffffff
W/ResourceType( 8347): No known package when getting name for resource number 0xffffffff
W/ResourceType( 8347): No known package when getting name for resource number 0xffffffff
W/ResourceType( 8347): No known package when getting name for resource number 0xffffffff
W/ResourceType( 8347): No known package when getting name for resource number 0xffffffff
W/ResourceType( 8347): No known package when getting name for resource number 0xffffffff
I/ThermalEngine(  367): ACTION: GPU - Setting GPU[0] to 300000000
I/ThermalEngine(  367): Mitigation:GPU[0]:300000000 Hz
W/ResourceType( 8347): No known package when getting name for resource number 0xffffffff
I/ThermalEngine(  367): ACTION: CPU - Setting CPU[0] to 2457600
I/ThermalEngine(  367): ACTION: CPU - Setting CPU[1] to 2457600
I/ThermalEngine(  367): ACTION: CPU - Setting CPU[2] to 2457600
I/ThermalEngine(  367): ACTION: CPU - Setting CPU[3] to 2457600
W/ResourceType( 8347): No known package when getting name for resource number 0xffffffff
W/ResourceType( 8347): No known package when getting name for resource number 0xffffffff
W/ResourceType( 8347): No known package when getting name for resource number 0xffffffff
W/ResourceType( 8347): No known package when getting name for resource number 0xffffffff
W/ResourceType( 8347): No known package when getting name for resource number 0xffffffff
W/ResourceType( 8347): No known package when getting name for resource number 0xffffffff
I/System.out( 8347): URI: /
I/System.out( 8347): params: {json={"command":"touch_coordinate","arguments":[683.0,2161.0]}
I/System.out( 8347): }
I/System.out( 8347): header: {content-length=57, host=devicehost100.prod, x-session-token=token-token-b52d3b67-c0e1-4423-a94f-1ddc5eb700af, x-forwarded-for=10.222.150.12, content-type=application/json; charset=utf-8, connection=close}
I/System.out( 8347): params: {json={"command":"touch_coordinate","arguments":[683.0,2161.0]}
I/System.out( 8347): }
I/System.out( 8347): ProP json = {"command":"touch_coordinate","arguments":[683.0,2161.0]}
I/System.out( 8347): files: {}
I/System.out( 8347): command: {"command":"touch_coordinate","arguments":[683.0,2161.0]}
I/InstrumentationBackend( 8347): Got command:'Command:'Line:null,touch_coordinate', arguments:'[683.0, 2161.0]'
E/WifiStateMachine(  815): WifiStateMachine CMD_START_SCAN source -2 txSuccessRate=5.22 rxSuccessRate=3.55 targetRoamBSSID=any RSSI=-48
E/WifiStateMachine(  815): WifiStateMachine starting scan for "xtc-ag"WPA_PSK with 5240,2437,5180
I/art     ( 8347): Explicit concurrent mark sweep GC freed 334300(12MB) AllocSpace objects, 22(620KB) LOS objects, 26% free, 43MB/59MB, paused 994us total 55.435ms
D/audio_hw_primary(  359): out_set_parameters: enter: usecase(1: low-latency-playback) kvpairs: routing=2
D/Mono    ( 8347): Assembly Ref addref CareerBuilder_Search.Droid[0xb4ae3580] -> Xamarin.Android.Support.v7.CardView[0xb4b6a1c0]: 2
D/audio_hw_primary(  359): select_devices: out_snd_device(2: speaker) in_snd_device(0: none)
D/msm8974_platform(  359): platform_send_audio_calibration: sending audio calibration for snd_device(2) acdb_id(15)
E/ACDB-LOADER(  359): Error: ACDB AFE returned = -19
D/audio_hw_primary(  359): enable_snd_device: snd_device(2: speaker)
D/audio_hw_primary(  359): enable_audio_route: apply and update mixer path: low-latency-playback speaker
I/calabash( 8347): execStartActivity 4
I/ActivityManager(  815): START u0 {cmp=com.careerbuilder.SugarDrone/md5a4824aa66c0dc4d104077b72c1916a44.JobDisplayPageActivity (has extras)} from uid 15856 on display 0
I/art     ( 8347): Explicit concurrent mark sweep GC freed 591(35KB) AllocSpace objects, 0(0B) LOS objects, 26% free, 43MB/59MB, paused 2.811ms total 38.824ms
V/WindowManager(  815): addAppToken: AppWindowToken{1f2f10c8 token=Token{ef8dd6b ActivityRecord{143b3aba u0 com.careerbuilder.SugarDrone/md5a4824aa66c0dc4d104077b72c1916a44.JobDisplayPageActivity t17}}} to stack=1 task=17 at 2
I/calabash( 8347): newActivity1
I/System.out( 8347): result:{"bonusInformation":[],"message":"","success":true}
I/art     ( 8347): Explicit concurrent mark sweep GC freed 12891(518KB) AllocSpace objects, 0(0B) LOS objects, 26% free, 44MB/60MB, paused 2.589ms total 40.871ms
I/art     ( 8347): Explicit concurrent mark sweep GC freed 1196(118KB) AllocSpace objects, 2(32KB) LOS objects, 26% free, 44MB/60MB, paused 1.329ms total 31.443ms
I/WebViewFactory( 8347): Loading com.google.android.webview version 39 (1743759-arm) (code 320201)
I/LibraryLoader( 8347): Time to load native libraries: 2 ms (timestamps 2910-2912)
I/LibraryLoader( 8347): Expected native library version number "",actual native library version number ""
V/WebViewChromiumFactoryProvider( 8347): Binding Chromium to main looper Looper (main, tid 1) {735a348}
I/LibraryLoader( 8347): Expected native library version number "",actual native library version number ""
I/chromium( 8347): [INFO:library_loader_hooks.cc(104)] Chromium logging enabled: level = 0, default verbosity = 0
I/art     ( 8347): Explicit concurrent mark sweep GC freed 357(31KB) AllocSpace objects, 1(16KB) LOS objects, 26% free, 44MB/60MB, paused 1.863ms total 31.892ms
I/BrowserStartupController( 8347): Initializing chromium process, singleProcess=true
W/art     ( 8347): Attempt to remove local handle scope entry from IRT, ignoring
W/chromium( 8347): [WARNING:resource_bundle.cc(304)] locale_file_path.empty()
I/chromium( 8347): [INFO:aw_browser_main_parts.cc(65)] Load from apk succesful, fd=64 off=46872 len=3037
