<![CDATA[E/WifiStateMachine(  819): WifiStateMachine CMD_START_SCAN source -2 txSuccessRate=0.64 rxSuccessRate=0.56 targetRoamBSSID=any RSSI=-52
E/WifiStateMachine(  819): WifiStateMachine starting scan for "xtc-ag"WPA_PSK with 5240,2437,5180
D/Finsky  ( 3429): [1] 5.onFinished: Installation state replication succeeded.

]]><xtc-scenario name="[0-1044]CareerBuilder_Search.DroidFeatureTests.JDPTests.SalaryCardShouldBeVisible" id="[0-1044]CareerBuilder_Search.DroidFeatureTests.JDPTests.SalaryCardShouldBeVisible"><![CDATA[

]]><xtc-step name="[0-1044]CareerBuilder_Search.DroidFeatureTests.JDPTests.SalaryCardShouldBeVisible-SalaryCardShouldBeVisible" id="[0-1044]CareerBuilder_Search.DroidFeatureTests.JDPTests.SalaryCardShouldBeVisible-SalaryCardShouldBeVisible"><![CDATA[
D/AndroidRuntime( 6636): >>>>>> START com.android.internal.os.RuntimeInit uid 2000 <<<<<<
D/AndroidRuntime( 6636): CheckJNI is OFF
D/AndroidRuntime( 6636): Calling main entry com.android.commands.pm.Pm
I/art     ( 6636): System.exit called, status: 0
I/AndroidRuntime( 6636): VM exiting with result code 0.
E/WifiStateMachine(  819): WifiStateMachine CMD_START_SCAN source -2 txSuccessRate=0.00 rxSuccessRate=0.00 targetRoamBSSID=any RSSI=-52
W/ip      ( 7189): type=1400 audit(0.0:18): avc: denied { search } for name="net" dev="dm-0" ino=1081351 scontext=u:r:shell:s0 tcontext=u:object_r:net_data_file:s0 tclass=dir permissive=0
E/WifiStateMachine(  819): WifiStateMachine CMD_START_SCAN source -2 txSuccessRate=0.00 rxSuccessRate=0.00 targetRoamBSSID=any RSSI=-51
E/WifiStateMachine(  819): WifiStateMachine starting scan for "xtc-ag"WPA_PSK with 5240,2437,5180
I/kickstart(  866): STATUS: SAHARA_HELLO: hw_info = 0x01030710, pwrup_reason = 0x00004000
I/kickstart(  866): STATUS: Wrote to /sys/power/wake_lock
E/kickstart(  866): ERROR: function: open_file:195 filename = /dev/block/platform/msm_sdcc.1/by-name/mdm1m9kefs1
I/kickstart(  866): STATUS: Opening file '/dev/block/platform/msm_sdcc.1/by-name/mdm1m9kefs1' for writing
D/AndroidRuntime( 7414): >>>>>> START com.android.internal.os.RuntimeInit uid 2000 <<<<<<
D/AndroidRuntime( 7414): CheckJNI is OFF
D/AndroidRuntime( 7414): Calling main entry com.android.commands.am.Am
W/ActivityManager(  819): Invalid packageName: com.careerbuilder.SugarDrone
D/AndroidRuntime( 7414): Shutting down VM
I/kickstart(  866): STATUS: Received file 'm9kefs1'
I/kickstart(  866): STATUS: 950272 bytes transferred in 0.961456 seconds
I/kickstart(  866): STATUS: Successfully downloaded files from target 
I/kickstart(  866): STATUS: Wrote to /sys/power/wake_unlock
I/kickstart(  866): STATUS: Sahara protocol completed
E/WifiStateMachine(  819): WifiStateMachine CMD_START_SCAN source -2 txSuccessRate=10.00 rxSuccessRate=7.50 targetRoamBSSID=any RSSI=-52
E/WifiStateMachine(  819): WifiStateMachine starting scan for "xtc-ag"WPA_PSK with 5240,2437,5180
E/WifiStateMachine(  819): WifiStateMachine CMD_START_SCAN source -2 txSuccessRate=0.02 rxSuccessRate=0.01 targetRoamBSSID=any RSSI=-51
D/AndroidRuntime( 7977): >>>>>> START com.android.internal.os.RuntimeInit uid 2000 <<<<<<
D/AndroidRuntime( 7977): CheckJNI is OFF
D/AndroidRuntime( 7977): Calling main entry com.android.commands.pm.Pm
D/DefContainer( 6137): Copying /data/local/tmp/0000003146 to base.apk
D/PackageManager(  819): Renaming /data/app/vmdl867791487.tmp to /data/app/com.careerbuilder.SugarDrone-1
I/PackageManager(  819): Running dexopt on: /data/app/com.careerbuilder.SugarDrone-1/base.apk pkg=com.careerbuilder.SugarDrone isa=arm vmSafeMode=false
I/dex2oat ( 8038): /system/bin/dex2oat --zip-fd=6 --zip-location=/data/app/com.careerbuilder.SugarDrone-1/base.apk --oat-fd=7 --oat-location=/data/dalvik-cache/arm/data@app@com.careerbuilder.SugarDrone-1@base.apk@classes.dex --instruction-set=arm --instruction-set-features=div --runtime-arg -Xms64m --runtime-arg -Xmx512m --swap-fd=8
I/dex2oat ( 8038): Decided to run without swap.
W/dex2oat ( 8038): Before Android 4.1, method android.graphics.PorterDuffColorFilter android.support.graphics.drawable.VectorDrawableCompat.updateTintFilter(android.graphics.PorterDuffColorFilter, android.content.res.ColorStateList, android.graphics.PorterDuff$Mode) would have incorrectly overridden the package-private method in android.graphics.drawable.Drawable
W/dex2oat ( 8038): Before Android 4.1, method int android.support.v7.widget.ListViewCompat.lookForSelectablePosition(int, boolean) would have incorrectly overridden the package-private method in android.widget.ListView
W/dex2oat ( 8038): Compilation of void android.support.v4.media.TransportMediatorJellybeanMR2.<init>(android.content.Context, android.media.AudioManager, android.view.View, android.support.v4.media.TransportMediatorCallback) took 114.719ms
I/dex2oat ( 8038): dex2oat took 5.343s (threads: 4) arena alloc=110KB java alloc=8MB native alloc=10MB free=5MB
W/PackageManager(  819): Not granting permission android.permission.MANAGE_DOCUMENTS to package com.careerbuilder.SugarDrone (protectionLevel=2 flags=0x8be46)
W/PackageManager(  819): Not granting permission android.permission.MOUNT_UNMOUNT_FILESYSTEMS to package com.careerbuilder.SugarDrone (protectionLevel=18 flags=0x8be46)
V/BackupManagerService(  819): restoreAtInstall pkg=com.careerbuilder.SugarDrone token=6 restoreSet=0
V/BackupManagerService(  819): Finishing install immediately
W/Settings(  819): Setting install_non_market_apps has moved from android.provider.Settings.Global to android.provider.Settings.Secure, returning read-only value.
D/BuaReceiver( 3724): ====== got intent:Intent { act=android.intent.action.PACKAGE_ADDED dat=package:com.careerbuilder.SugarDrone flg=0x4000010 cmp=com.motorola.android.buacontactadapter/.BuaReceiver (has extras) }
I/InputReader(  819): Reconfiguring input devices.  changes=0x00000010
W/InputMethodInfo(  819): Duplicated subtype definition found: , voice
D/BackupManagerService(  819): Received broadcast Intent { act=android.intent.action.PACKAGE_ADDED dat=package:com.careerbuilder.SugarDrone flg=0x4000010 (has extras) }
W/BackupManagerService(  819): Removing schedule queue dupe of com.careerbuilder.SugarDrone
I/UpdateIcingCorporaServi( 2801): Updating corpora: APPS=com.careerbuilder.SugarDrone, CONTACTS=MAYBE
D/Wear_Controller( 1782): Received broadcast action=android.intent.action.PACKAGE_ADDED and uri=com.careerbuilder.SugarDrone
I/PeopleContactsSync( 1782): triggerPendingContactsCleanup: no accounts
W/IcingInternalCorpora( 1782): getNumBytesRead when not calculated.
I/Icing   ( 1782): Usage reports 0 indexed 0 rejected 0 imm upload true
I/ApplicationLogger( 2801): canRun() : Opted Out
I/UpdateIcingCorporaServi( 2801): UpdateCorporaTask done [took 226 ms] updated apps [took 226 ms] 
I/Icing   ( 1782): Usage reports 0 indexed 0 rejected 0 imm upload false
I/Icing   ( 1782): Usage reports 0 indexed 0 rejected 0 imm upload false
I/art     (  819): Explicit concurrent mark sweep GC freed 183423(8MB) AllocSpace objects, 38(1766KB) LOS objects, 28% free, 39MB/55MB, paused 4.513ms total 344.862ms
I/art     ( 7977): System.exit called, status: 0
I/AndroidRuntime( 7977): VM exiting with result code 0.
I/ThermalEngine(  368): ACTION: CPU - Setting CPU[0] to 2572800
I/ThermalEngine(  368): ACTION: CPU - Setting CPU[1] to 2572800
I/ThermalEngine(  368): ACTION: CPU - Setting CPU[2] to 2572800
I/ThermalEngine(  368): ACTION: CPU - Setting CPU[3] to 2572800
I/ThermalEngine(  368): ACTION: CPU - Setting CPU[0] to 2649600
I/ThermalEngine(  368): ACTION: CPU - Setting CPU[1] to 2649600
I/ThermalEngine(  368): ACTION: CPU - Setting CPU[2] to 2649600
I/ThermalEngine(  368): ACTION: CPU - Setting CPU[3] to 2649600
D/AndroidRuntime( 8179): >>>>>> START com.android.internal.os.RuntimeInit uid 2000 <<<<<<
D/AndroidRuntime( 8179): CheckJNI is OFF
D/AndroidRuntime( 8179): Calling main entry com.android.commands.settings.SettingsCmd
D/AndroidRuntime( 8179): Shutting down VM
D/AndroidRuntime( 8202): >>>>>> START com.android.internal.os.RuntimeInit uid 2000 <<<<<<
D/AndroidRuntime( 8202): CheckJNI is OFF
I/Icing   ( 1782): Indexing 5857C432E38C357D59A45613F71B5CE6A1F5ACF9 from com.google.android.googlequicksearchbox
I/Icing   ( 1782): Indexing DDCF6DAD3E5097999D53601C20AFC1A77BF2BDAF from com.google.android.gms
I/Icing   ( 1782): Indexing done 5857C432E38C357D59A45613F71B5CE6A1F5ACF9
I/Icing   ( 1782): Indexing done DDCF6DAD3E5097999D53601C20AFC1A77BF2BDAF
D/AndroidRuntime( 8202): Calling main entry com.android.commands.settings.SettingsCmd
D/AndroidRuntime( 8202): Shutting down VM
D/AndroidRuntime( 8227): >>>>>> START com.android.internal.os.RuntimeInit uid 2000 <<<<<<
D/AndroidRuntime( 8227): CheckJNI is OFF
D/AndroidRuntime( 8227): Calling main entry com.android.commands.settings.SettingsCmd
D/AndroidRuntime( 8227): Shutting down VM
D/AndroidRuntime( 8252): >>>>>> START com.android.internal.os.RuntimeInit uid 2000 <<<<<<
D/AndroidRuntime( 8252): CheckJNI is OFF
D/AndroidRuntime( 8252): Calling main entry com.android.commands.settings.SettingsCmd
D/AndroidRuntime( 8252): Shutting down VM
D/AndroidRuntime( 8275): >>>>>> START com.android.internal.os.RuntimeInit uid 2000 <<<<<<
D/AndroidRuntime( 8275): CheckJNI is OFF
D/AndroidRuntime( 8275): Calling main entry com.android.commands.settings.SettingsCmd
D/AndroidRuntime( 8275): Shutting down VM
D/AndroidRuntime( 8303): >>>>>> START com.android.internal.os.RuntimeInit uid 2000 <<<<<<
I/ThermalEngine(  368): ACTION: GPU - Setting GPU[0] to 500000000
I/ThermalEngine(  368): Mitigation:GPU[0]:500000000 Hz
D/AndroidRuntime( 8303): CheckJNI is OFF
I/ThermalEngine(  368): ACTION: CPU - Setting CPU[0] to 2572800
I/ThermalEngine(  368): ACTION: CPU - Setting CPU[1] to 2572800
I/ThermalEngine(  368): ACTION: CPU - Setting CPU[2] to 2572800
I/ThermalEngine(  368): ACTION: CPU - Setting CPU[3] to 2572800
D/AndroidRuntime( 8303): Calling main entry com.android.commands.pm.Pm
I/art     ( 8303): System.exit called, status: 0
I/AndroidRuntime( 8303): VM exiting with result code 0.
W/ip      ( 8354): type=1400 audit(0.0:19): avc: denied { search } for name="net" dev="dm-0" ino=1081351 scontext=u:r:shell:s0 tcontext=u:object_r:net_data_file:s0 tclass=dir permissive=0
E/WifiStateMachine(  819): WifiStateMachine CMD_START_SCAN source -2 txSuccessRate=0.00 rxSuccessRate=0.00 targetRoamBSSID=any RSSI=-52
E/WifiStateMachine(  819): WifiStateMachine starting scan for "xtc-ag"WPA_PSK with 5240,2437,5180
D/AndroidRuntime( 8360): >>>>>> START com.android.internal.os.RuntimeInit uid 2000 <<<<<<
D/AndroidRuntime( 8360): CheckJNI is OFF
D/AndroidRuntime( 8360): Calling main entry com.android.commands.pm.Pm
I/art     ( 8360): System.exit called, status: 0
I/AndroidRuntime( 8360): VM exiting with result code 0.
I/ThermalEngine(  368): ACTION: GPU - Setting GPU[0] to 389000000
I/ThermalEngine(  368): Mitigation:GPU[0]:389000000 Hz
I/ThermalEngine(  368): ACTION: CPU - Setting CPU[0] to 2496000
I/ThermalEngine(  368): ACTION: CPU - Setting CPU[1] to 2496000
I/ThermalEngine(  368): ACTION: CPU - Setting CPU[2] to 2496000
I/ThermalEngine(  368): ACTION: CPU - Setting CPU[3] to 2496000
D/AndroidRuntime( 8453): >>>>>> START com.android.internal.os.RuntimeInit uid 2000 <<<<<<
D/AndroidRuntime( 8453): CheckJNI is OFF
D/AndroidRuntime( 8453): Calling main entry com.android.commands.am.Am
W/ActivityManager(  819): Invalid packageName: com.careerbuilder.SugarDrone.test
D/AndroidRuntime( 8453): Shutting down VM
I/ThermalEngine(  368): ACTION: GPU - Setting GPU[0] to 300000000
I/ThermalEngine(  368): Mitigation:GPU[0]:300000000 Hz
I/ThermalEngine(  368): ACTION: CPU - Setting CPU[0] to 2457600
I/ThermalEngine(  368): ACTION: CPU - Setting CPU[1] to 2457600
I/ThermalEngine(  368): ACTION: CPU - Setting CPU[2] to 2457600
I/ThermalEngine(  368): ACTION: CPU - Setting CPU[3] to 2457600
D/AndroidRuntime( 8482): >>>>>> START com.android.internal.os.RuntimeInit uid 2000 <<<<<<
D/AndroidRuntime( 8482): CheckJNI is OFF
D/AndroidRuntime( 8482): Calling main entry com.android.commands.pm.Pm
D/DefContainer( 6137): Copying /data/local/tmp/0000003147 to base.apk
D/PackageManager(  819): Renaming /data/app/vmdl319305446.tmp to /data/app/com.careerbuilder.SugarDrone.test-1
I/PackageManager(  819): Running dexopt on: /data/app/com.careerbuilder.SugarDrone.test-1/base.apk pkg=com.careerbuilder.SugarDrone.test isa=arm vmSafeMode=false
I/dex2oat ( 8505): /system/bin/dex2oat --zip-fd=6 --zip-location=/data/app/com.careerbuilder.SugarDrone.test-1/base.apk --oat-fd=7 --oat-location=/data/dalvik-cache/arm/data@app@com.careerbuilder.SugarDrone.test-1@base.apk@classes.dex --instruction-set=arm --instruction-set-features=div --runtime-arg -Xms64m --runtime-arg -Xmx512m --swap-fd=8
I/dex2oat ( 8505): Decided to run without swap.
I/dex2oat ( 8505): dex2oat took 1.956s (threads: 4) arena alloc=1922KB java alloc=1935KB native alloc=7MB free=8MB
V/BackupManagerService(  819): restoreAtInstall pkg=com.careerbuilder.SugarDrone.test token=7 restoreSet=0
V/BackupManagerService(  819): Finishing install immediately
W/Settings(  819): Setting install_non_market_apps has moved from android.provider.Settings.Global to android.provider.Settings.Secure, returning read-only value.
D/BuaReceiver( 3724): ====== got intent:Intent { act=android.intent.action.PACKAGE_ADDED dat=package:com.careerbuilder.SugarDrone.test flg=0x4000010 cmp=com.motorola.android.buacontactadapter/.BuaReceiver (has extras) }
W/InputMethodInfo(  819): Duplicated subtype definition found: , voice
I/InputReader(  819): Reconfiguring input devices.  changes=0x00000010
I/UpdateIcingCorporaServi( 2801): Updating corpora: APPS=com.careerbuilder.SugarDrone.test, CONTACTS=MAYBE
D/BackupManagerService(  819): Received broadcast Intent { act=android.intent.action.PACKAGE_ADDED dat=package:com.careerbuilder.SugarDrone.test flg=0x4000010 (has extras) }
W/BackupManagerService(  819): Removing schedule queue dupe of com.careerbuilder.SugarDrone.test
I/ApplicationLogger( 2801): canRun() : Opted Out
I/UpdateIcingCorporaServi( 2801): UpdateCorporaTask done [took 36 ms] updated apps [took 36 ms] 
I/art     (  819): Explicit concurrent mark sweep GC freed 84374(4MB) AllocSpace objects, 16(3MB) LOS objects, 30% free, 35MB/51MB, paused 1.794ms total 137.038ms
I/art     ( 8482): System.exit called, status: 0
I/AndroidRuntime( 8482): VM exiting with result code 0.
D/Wear_Controller( 1782): Received broadcast action=android.intent.action.PACKAGE_ADDED and uri=com.careerbuilder.SugarDrone.test
I/PeopleContactsSync( 1782): triggerPendingContactsCleanup: no accounts
W/IcingInternalCorpora( 1782): getNumBytesRead when not calculated.
I/Icing   ( 1782): Usage reports 0 indexed 0 rejected 0 imm upload false
I/art     ( 1782): Explicit concurrent mark sweep GC freed 63240(3MB) AllocSpace objects, 17(272KB) LOS objects, 20% free, 31MB/39MB, paused 587us total 39.852ms
I/Icing   ( 1782): Usage reports 0 indexed 0 rejected 0 imm upload false
W/SQLiteConnectionPool( 1782): A SQLiteConnection object for database '/data/data/com.google.android.gms/databases/networkstatistics.sqlite' was leaked!  Please fix your application to end transactions in progress properly and to close the database when it is no longer needed.
D/AndroidRuntime( 8577): >>>>>> START com.android.internal.os.RuntimeInit uid 2000 <<<<<<
D/AndroidRuntime( 8577): CheckJNI is OFF
I/ThermalEngine(  368): ACTION: CPU - Setting CPU[0] to 2265600
I/ThermalEngine(  368): ACTION: CPU - Setting CPU[1] to 2265600
I/ThermalEngine(  368): ACTION: CPU - Setting CPU[2] to 2265600
I/ThermalEngine(  368): ACTION: CPU - Setting CPU[3] to 2265600
D/AndroidRuntime( 8577): Calling main entry com.android.commands.settings.SettingsCmd
D/AndroidRuntime( 8577): Shutting down VM
D/AndroidRuntime( 8600): >>>>>> START com.android.internal.os.RuntimeInit uid 2000 <<<<<<
D/AndroidRuntime( 8600): CheckJNI is OFF
D/AndroidRuntime( 8600): Calling main entry com.android.commands.settings.SettingsCmd
D/AndroidRuntime( 8600): Shutting down VM
I/Icing   ( 1782): Indexing DDCF6DAD3E5097999D53601C20AFC1A77BF2BDAF from com.google.android.gms
I/Icing   ( 1782): Indexing done DDCF6DAD3E5097999D53601C20AFC1A77BF2BDAF
D/AndroidRuntime( 8625): >>>>>> START com.android.internal.os.RuntimeInit uid 2000 <<<<<<
D/AndroidRuntime( 8625): CheckJNI is OFF
D/AndroidRuntime( 8625): Calling main entry com.android.commands.settings.SettingsCmd
D/AndroidRuntime( 8625): Shutting down VM
D/AndroidRuntime( 8652): >>>>>> START com.android.internal.os.RuntimeInit uid 2000 <<<<<<
D/AndroidRuntime( 8652): CheckJNI is OFF
D/AndroidRuntime( 8652): Calling main entry com.android.commands.settings.SettingsCmd
D/AndroidRuntime( 8652): Shutting down VM
D/AndroidRuntime( 8676): >>>>>> START com.android.internal.os.RuntimeInit uid 2000 <<<<<<
D/AndroidRuntime( 8676): CheckJNI is OFF
D/AndroidRuntime( 8676): Calling main entry com.android.commands.settings.SettingsCmd
D/AndroidRuntime( 8676): Shutting down VM
D/AndroidRuntime( 8699): >>>>>> START com.android.internal.os.RuntimeInit uid 2000 <<<<<<
D/AndroidRuntime( 8699): CheckJNI is OFF
D/AndroidRuntime( 8699): Calling main entry com.android.commands.pm.Pm
I/ThermalEngine(  368): ACTION: CPU - Setting CPU[0] to 1958400
I/ThermalEngine(  368): ACTION: CPU - Setting CPU[1] to 1958400
I/ThermalEngine(  368): ACTION: CPU - Setting CPU[2] to 1958400
I/ThermalEngine(  368): ACTION: CPU - Setting CPU[3] to 1958400
I/art     ( 8699): System.exit called, status: 0
I/AndroidRuntime( 8699): VM exiting with result code 0.
D/AndroidRuntime( 8756): >>>>>> START com.android.internal.os.RuntimeInit uid 2000 <<<<<<
D/AndroidRuntime( 8756): CheckJNI is OFF
D/AndroidRuntime( 8756): Calling main entry com.android.commands.pm.Pm
I/art     ( 8756): System.exit called, status: 0
I/AndroidRuntime( 8756): VM exiting with result code 0.
I/ThermalEngine(  368): ACTION: GPU - Setting GPU[0] to 389000000
I/ThermalEngine(  368): Mitigation:GPU[0]:389000000 Hz
I/ThermalEngine(  368): ACTION: CPU - Setting CPU[0] to 2265600
I/ThermalEngine(  368): ACTION: CPU - Setting CPU[1] to 2265600
I/ThermalEngine(  368): ACTION: CPU - Setting CPU[2] to 2265600
I/ThermalEngine(  368): ACTION: CPU - Setting CPU[3] to 2265600
D/AndroidRuntime( 8830): >>>>>> START com.android.internal.os.RuntimeInit uid 2000 <<<<<<
D/AndroidRuntime( 8830): CheckJNI is OFF
D/AndroidRuntime( 8830): Calling main entry com.android.commands.input.Input
I/Input   ( 8830): injectKeyEvent: KeyEvent { action=ACTION_DOWN, keyCode=KEYCODE_BACK, scanCode=0, metaState=0, flags=0x0, repeatCount=0, eventTime=278144, downTime=278144, deviceId=-1, source=0x101 }
I/Input   ( 8830): injectKeyEvent: KeyEvent { action=ACTION_UP, keyCode=KEYCODE_BACK, scanCode=0, metaState=0, flags=0x0, repeatCount=0, eventTime=278144, downTime=278144, deviceId=-1, source=0x101 }
D/AndroidRuntime( 8830): Shutting down VM
I/ThermalEngine(  368): ACTION: GPU - Setting GPU[0] to 500000000
I/ThermalEngine(  368): Mitigation:GPU[0]:500000000 Hz
I/ThermalEngine(  368): ACTION: CPU - Setting CPU[0] to 2457600
I/ThermalEngine(  368): ACTION: CPU - Setting CPU[1] to 2457600
I/ThermalEngine(  368): ACTION: CPU - Setting CPU[2] to 2457600
I/ThermalEngine(  368): ACTION: CPU - Setting CPU[3] to 2457600
D/AndroidRuntime( 8890): >>>>>> START com.android.internal.os.RuntimeInit uid 2000 <<<<<<
D/AndroidRuntime( 8890): CheckJNI is OFF
D/AndroidRuntime( 8890): Calling main entry com.android.commands.input.Input
I/Input   ( 8890): injectKeyEvent: KeyEvent { action=ACTION_DOWN, keyCode=KEYCODE_HOME, scanCode=0, metaState=0, flags=0x0, repeatCount=0, eventTime=279639, downTime=279639, deviceId=-1, source=0x101 }
I/Input   ( 8890): injectKeyEvent: KeyEvent { action=ACTION_UP, keyCode=KEYCODE_HOME, scanCode=0, metaState=0, flags=0x0, repeatCount=0, eventTime=279639, downTime=279639, deviceId=-1, source=0x101 }
I/ActivityManager(  819): START u0 {act=android.intent.action.MAIN cat=[android.intent.category.HOME] flg=0x10200000 cmp=com.google.android.googlequicksearchbox/com.google.android.launcher.GEL} from uid 1000 on display 0
D/AndroidRuntime( 8890): Shutting down VM
I/GEL     ( 1354): handleIntent(Intent { act=android.intent.action.MAIN cat=[android.intent.category.HOME] flg=0x10200000 cmp=com.google.android.googlequicksearchbox/com.google.android.launcher.GEL })
D/AndroidRuntime( 8922): >>>>>> START com.android.internal.os.RuntimeInit uid 2000 <<<<<<
D/AndroidRuntime( 8922): CheckJNI is OFF
D/AndroidRuntime( 8922): Calling main entry com.android.commands.input.Input
I/Input   ( 8922): injectKeyEvent: KeyEvent { action=ACTION_DOWN, keyCode=KEYCODE_BACK, scanCode=0, metaState=0, flags=0x0, repeatCount=0, eventTime=280735, downTime=280735, deviceId=-1, source=0x101 }
I/Input   ( 8922): injectKeyEvent: KeyEvent { action=ACTION_UP, keyCode=KEYCODE_BACK, scanCode=0, metaState=0, flags=0x0, repeatCount=0, eventTime=280735, downTime=280735, deviceId=-1, source=0x101 }
D/AndroidRuntime( 8922): Shutting down VM
W/ProcessCpuTracker(  819): Skipping unknown process pid 8944
D/AndroidRuntime( 8950): >>>>>> START com.android.internal.os.RuntimeInit uid 2000 <<<<<<
D/AndroidRuntime( 8950): CheckJNI is OFF
D/AndroidRuntime( 8950): Calling main entry com.android.commands.am.Am
I/ActivityManager(  819): Force stopping com.careerbuilder.SugarDrone appid=19314 user=0: start instr
I/ActivityManager(  819): Start proc 8974:com.careerbuilder.SugarDrone/u0a9314 for added application com.careerbuilder.SugarDrone
I/art     ( 8974): Late-enabling -Xcheck:jni
I/art     (  371): Explicit concurrent mark sweep GC freed 713(30KB) AllocSpace objects, 0(0B) LOS objects, 40% free, 21MB/36MB, paused 350us total 20.542ms
I/art     (  371): Explicit concurrent mark sweep GC freed 5(160B) AllocSpace objects, 0(0B) LOS objects, 40% free, 21MB/36MB, paused 349us total 16.912ms
I/art     (  371): Explicit concurrent mark sweep GC freed 5(160B) AllocSpace objects, 0(0B) LOS objects, 40% free, 21MB/36MB, paused 323us total 19.018ms
W/monodroid( 8974): Using override path: /data/data/com.careerbuilder.SugarDrone/files/.__override__
W/monodroid( 8974): Trying to load sgen from: /data/data/com.careerbuilder.SugarDrone/files/.__override__/libmonosgen-2.0.so
W/monodroid( 8974): Trying to load sgen from: /storage/emulated/0/Android/data/com.careerbuilder.SugarDrone/files/.__override__/libmonosgen-2.0.so
W/monodroid( 8974): Trying to load sgen from: /data/app/com.careerbuilder.SugarDrone-1/lib/arm/libmonosgen-2.0.so
D/Mono    ( 8974): Image addref mscorlib[0xb4aff520] -> mscorlib.dll[0xb483e400]: 2
D/Mono    ( 8974): Prepared to set up assembly 'mscorlib' (mscorlib.dll)
D/Mono    ( 8974): AOT module 'mscorlib.dll.so' not found: dlopen failed: library "/data/app/com.careerbuilder.SugarDrone-1/lib/arm/libaot-mscorlib.dll.so" not found
D/Mono    ( 8974): AOT module '/Users/builder/data/lanes/4009/f3074d2c/source/monodroid/builds/install/mono-armv6/lib/mono/aot-cache/arm/mscorlib.dll.so' not found: dlopen failed: library "/data/app/com.careerbuilder.SugarDrone-1/lib/arm/libaot-mscorlib.dll.so" not found
D/Mono    ( 8974): Config attempting to parse: 'mscorlib.dll.config'.
D/Mono    ( 8974): Config attempting to parse: '/Users/builder/data/lanes/4009/f3074d2c/source/monodroid/builds/install/mono-armv6/etc/mono/assemblies/mscorlib/mscorlib.config'.
D/Mono    ( 8974): Assembly mscorlib[0xb4aff520] added to domain RootDomain, ref_count=1
D/Mono    ( 8974): Image addref CareerBuilder_Search.Droid[0xb4aff580] -> CareerBuilder_Search.Droid.dll[0xb483f800]: 2
D/Mono    ( 8974): Prepared to set up assembly 'CareerBuilder_Search.Droid' (CareerBuilder_Search.Droid.dll)
D/Mono    ( 8974): Assembly CareerBuilder_Search.Droid[0xb4aff580] added to domain RootDomain, ref_count=1
D/Mono    ( 8974): AOT module 'CareerBuilder_Search.Droid.dll.so' not found: dlopen failed: library "/data/app/com.careerbuilder.SugarDrone-1/lib/arm/libaot-CareerBuilder_Search.Droid.dll.so" not found
D/Mono    ( 8974): AOT module '/Users/builder/data/lanes/4009/f3074d2c/source/monodroid/builds/install/mono-armv6/lib/mono/aot-cache/arm/CareerBuilder_Search.Droid.dll.so' not found: dlopen failed: library "/data/app/com.careerbuilder.SugarDrone-1/lib/arm/libaot-CareerBuilder_Search.Droid.dll.so" not found
D/Mono    ( 8974): Config attempting to parse: 'CareerBuilder_Search.Droid.dll.config'.
D/Mono    ( 8974): Config attempting to parse: '/Users/builder/data/lanes/4009/f3074d2c/source/monodroid/builds/install/mono-armv6/etc/mono/assemblies/CareerBuilder_Search.Droid/CareerBuilder_Search.Droid.config'.
D/Mono    ( 8974): Image addref AppsFlyerXamarinBindingAndroid[0xb4aff5e0] -> AppsFlyerXamarinBindingAndroid.dll[0xb483fd00]: 2
D/Mono    ( 8974): Prepared to set up assembly 'AppsFlyerXamarinBindingAndroid' (AppsFlyerXamarinBindingAndroid.dll)
D/Mono    ( 8974): Assembly AppsFlyerXamarinBindingAndroid[0xb4aff5e0] added to domain RootDomain, ref_count=1
D/Mono    ( 8974): AOT module 'AppsFlyerXamarinBindingAndroid.dll.so' not found: dlopen failed: library "/data/app/com.careerbuilder.SugarDrone-1/lib/arm/libaot-AppsFlyerXamarinBindingAndroid.dll.so" not found
D/Mono    ( 8974): AOT module '/Users/builder/data/lanes/4009/f3074d2c/source/monodroid/builds/install/mono-armv6/lib/mono/aot-cache/arm/AppsFlyerXamarinBindingAndroid.dll.so' not found: dlopen failed: library "/data/app/com.careerbuilder.SugarDrone-1/lib/arm/libaot-AppsFlyerXamarinBindingAndroid.dll.so" not found
D/Mono    ( 8974): Config attempting to parse: 'AppsFlyerXamarinBindingAndroid.dll.config'.
D/Mono    ( 8974): Config attempting to parse: '/Users/builder/data/lanes/4009/f3074d2c/source/monodroid/builds/install/mono-armv6/etc/mono/assemblies/AppsFlyerXamarinBindingAndroid/AppsFlyerXamarinBindingAndroid.config'.
D/Mono    ( 8974): Image addref HockeySDK[0xb4aff640] -> HockeySDK.dll[0xb4840200]: 2
D/Mono    ( 8974): Prepared to set up assembly 'HockeySDK' (HockeySDK.dll)
D/Mono    ( 8974): Assembly HockeySDK[0xb4aff640] added to domain RootDomain, ref_count=1
D/Mono    ( 8974): AOT module 'HockeySDK.dll.so' not found: dlopen failed: library "/data/app/com.careerbuilder.SugarDrone-1/lib/arm/libaot-HockeySDK.dll.so" not found
D/Mono    ( 8974): AOT module '/Users/builder/data/lanes/4009/f3074d2c/source/monodroid/builds/install/mono-armv6/lib/mono/aot-cache/arm/HockeySDK.dll.so' not found: dlopen failed: library "/data/app/com.careerbuilder.SugarDrone-1/lib/arm/libaot-HockeySDK.dll.so" not found
D/Mono    ( 8974): Config attempting to parse: 'HockeySDK.dll.config'.
D/Mono    ( 8974): Config attempting to parse: '/Users/builder/data/lanes/4009/f3074d2c/source/monodroid/builds/install/mono-armv6/etc/mono/assemblies/HockeySDK/HockeySDK.config'.
D/Mono    ( 8974): Image addref Akavache[0xb4aff6a0] -> Akavache.dll[0xb4840700]: 2
D/Mono    ( 8974): Prepared to set up assembly 'Akavache' (Akavache.dll)
D/Mono    ( 8974): Assembly Akavache[0xb4aff6a0] added to domain RootDomain, ref_count=1
D/Mono    ( 8974): AOT module 'Akavache.dll.so' not found: dlopen failed: library "/data/app/com.careerbuilder.SugarDrone-1/lib/arm/libaot-Akavache.dll.so" not found
D/Mono    ( 8974): AOT module '/Users/builder/data/lanes/4009/f3074d2c/source/monodroid/builds/install/mono-armv6/lib/mono/aot-cache/arm/Akavache.dll.so' not found: dlopen failed: library "/data/app/com.careerbuilder.SugarDrone-1/lib/arm/libaot-Akavache.dll.so" not found
D/Mono    ( 8974): Config attempting to parse: 'Akavache.dll.config'.
D/Mono    ( 8974): Config attempting to parse: '/Users/builder/data/lanes/4009/f3074d2c/source/monodroid/builds/install/mono-armv6/etc/mono/assemblies/Akavache/Akavache.config'.
D/Mono    ( 8974): Image addref Akavache.Sqlite3[0xb4aff700] -> Akavache.Sqlite3.dll[0xb4841100]: 2
D/Mono    ( 8974): Prepared to set up assembly 'Akavache.Sqlite3' (Akavache.Sqlite3.dll)
D/Mono    ( 8974): Assembly Akavache.Sqlite3[0xb4aff700] added to domain RootDomain, ref_count=1
D/Mono    ( 8974): AOT module 'Akavache.Sqlite3.dll.so' not found: dlopen failed: library "/data/app/com.careerbuilder.SugarDrone-1/lib/arm/libaot-Akavache.Sqlite3.dll.so" not found
D/Mono    ( 8974): AOT module '/Users/builder/data/lanes/4009/f3074d2c/source/monodroid/builds/install/mono-armv6/lib/mono/aot-cache/arm/Akavache.Sqlite3.dll.so' not found: dlopen failed: library "/data/app/com.careerbuilder.SugarDrone-1/lib/arm/libaot-Akavache.Sqlite3.dll.so" not found
W/        ( 8974): Symbol file LoadedFromMemory doesn't match image Akavache.Sqlite3.dll
D/Mono    ( 8974): Config attempting to parse: 'Akavache.Sqlite3.dll.config'.
D/Mono    ( 8974): Config attempting to parse: '/Users/builder/data/lanes/4009/f3074d2c/source/monodroid/builds/install/mono-armv6/etc/mono/assemblies/Akavache.Sqlite3/Akavache.Sqlite3.config'.
D/Mono    ( 8974): Image addref Splat[0xb4aff760] -> Splat.dll[0xb4841b00]: 2
D/Mono    ( 8974): Prepared to set up assembly 'Splat' (Splat.dll)
D/Mono    ( 8974): Assembly Splat[0xb4aff760] added to domain RootDomain, ref_count=1
D/Mono    ( 8974): AOT module 'Splat.dll.so' not found: dlopen failed: library "/data/app/com.careerbuilder.SugarDrone-1/lib/arm/libaot-Splat.dll.so" not found
D/Mono    ( 8974): AOT module '/Users/builder/data/lanes/4009/f3074d2c/source/monodroid/builds/install/mono-armv6/lib/mono/aot-cache/arm/Splat.dll.so' not found: dlopen failed: library "/data/app/com.careerbuilder.SugarDrone-1/lib/arm/libaot-Splat.dll.so" not found
D/Mono    ( 8974): Config attempting to parse: 'Splat.dll.config'.
D/Mono    ( 8974): Config attempting to parse: '/Users/builder/data/lanes/4009/f3074d2c/source/monodroid/builds/install/mono-armv6/etc/mono/assemblies/Splat/Splat.config'.
D/Mono    ( 8974): Image addref Microsoft.Practices.ServiceLocation[0xb4aff7c0] -> Microsoft.Practices.ServiceLocation.dll[0xb4842500]: 2
D/Mono    ( 8974): Prepared to set up assembly 'Microsoft.Practices.ServiceLocation' (Microsoft.Practices.ServiceLocation.dll)
D/Mono    ( 8974): Assembly Microsoft.Practices.ServiceLocation[0xb4aff7c0] added to domain RootDomain, ref_count=1
D/Mono    ( 8974): AOT module 'Microsoft.Practices.ServiceLocation.dll.so' not found: dlopen failed: library "/data/app/com.careerbuilder.SugarDrone-1/lib/arm/libaot-Microsoft.Practices.ServiceLocation.dll.so" not found
D/Mono    ( 8974): AOT module '/Users/builder/data/lanes/4009/f3074d2c/source/monodroid/builds/install/mono-armv6/lib/mono/aot-cache/arm/Microsoft.Practices.ServiceLocation.dll.so' not found: dlopen failed: library "/data/app/com.careerbuilder.SugarDrone-1/lib/arm/libaot-Microsoft.Practices.ServiceLocation.dll.so" not found
D/Mono    ( 8974): Config attempting to parse: 'Microsoft.Practices.ServiceLocation.dll.config'.
D/Mono    ( 8974): Config attempting to parse: '/Users/builder/data/lanes/4009/f3074d2c/source/monodroid/builds/install/mono-armv6/etc/mono/assemblies/Microsoft.Practices.ServiceLocation/Microsoft.Practices.ServiceLocation.config'.
D/Mono    ( 8974): Image addref Microsoft.Practices.Unity[0xb4aff820] -> Microsoft.Practices.Unity.dll[0xb4842a00]: 2
D/Mono    ( 8974): Prepared to set up assembly 'Microsoft.Practices.Unity' (Microsoft.Practices.Unity.dll)
D/Mono    ( 8974): Assembly Microsoft.Practices.Unity[0xb4aff820] added to domain RootDomain, ref_count=1
D/Mono    ( 8974): AOT module 'Microsoft.Practices.Unity.dll.so' not found: dlopen failed: library "/data/app/com.careerbuilder.SugarDrone-1/lib/arm/libaot-Microsoft.Practices.Unity.dll.so" not found
D/Mono    ( 8974): AOT module '/Users/builder/data/lanes/4009/f3074d2c/source/monodroid/builds/install/mono-armv6/lib/mono/aot-cache/arm/Microsoft.Practices.Unity.dll.so' not found: dlopen failed: library "/data/app/com.careerbuilder.SugarDrone-1/lib/arm/libaot-Microsoft.Practices.Unity.dll.so" not found
D/Mono    ( 8974): Config attempting to parse: 'Microsoft.Practices.Unity.dll.config'.
D/Mono    ( 8974): Config attempting to parse: '/Users/builder/data/lanes/4009/f3074d2c/source/monodroid/builds/install/mono-armv6/etc/mono/assemblies/Microsoft.Practices.Unity/Microsoft.Practices.Unity.config'.
D/Mono    ( 8974): Image addref Plugin.CurrentActivity[0xb4aff880] -> Plugin.CurrentActivity.dll[0xb4843400]: 2
D/Mono    ( 8974): Prepared to set up assembly 'Plugin.CurrentActivity' (Plugin.CurrentActivity.dll)
D/Mono    ( 8974): Assembly Plugin.CurrentActivity[0xb4aff880] added to domain RootDomain, ref_count=1
D/Mono    ( 8974): AOT module 'Plugin.CurrentActivity.dll.so' not found: dlopen failed: library "/data/app/com.careerbuilder.SugarDrone-1/lib/arm/libaot-Plugin.CurrentActivity.dll.so" not found
D/Mono    ( 8974): AOT module '/Users/builder/data/lanes/4009/f3074d2c/source/monodroid/builds/install/mono-armv6/lib/mono/aot-cache/arm/Plugin.CurrentActivity.dll.so' not found: dlopen failed: library "/data/app/com.careerbuilder.SugarDrone-1/lib/arm/libaot-Plugin.CurrentActivity.dll.so" not found
D/Mono    ( 8974): Config attempting to parse: 'Plugin.CurrentActivity.dll.config'.
D/Mono    ( 8974): Config attempting to parse: '/Users/builder/data/lanes/4009/f3074d2c/source/monodroid/builds/install/mono-armv6/etc/mono/assemblies/Plugin.CurrentActivity/Plugin.CurrentActivity.config'.
D/Mono    ( 8974): Image addref Plugin.Permissions[0xb4aff8e0] -> Plugin.Permissions.dll[0xb4843900]: 2
D/Mono    ( 8974): Prepared to set up assembly 'Plugin.Permissions' (Plugin.Permissions.dll)
D/Mono    ( 8974): Assembly Plugin.Permissions[0xb4aff8e0] added to domain RootDomain, ref_count=1
D/Mono    ( 8974): AOT module 'Plugin.Permissions.dll.so' not found: dlopen failed: library "/data/app/com.careerbuilder.SugarDrone-1/lib/arm/libaot-Plugin.Permissions.dll.so" not found
D/Mono    ( 8974): AOT module '/Users/builder/data/lanes/4009/f3074d2c/source/monodroid/builds/install/mono-armv6/lib/mono/aot-cache/arm/Plugin.Permissions.dll.so' not found: dlopen failed: library "/data/app/com.careerbuilder.SugarDrone-1/lib/arm/libaot-Plugin.Permissions.dll.so" not found
D/Mono    ( 8974): Config attempting to parse: 'Plugin.Permissions.dll.config'.
D/Mono    ( 8974): Config attempting to parse: '/Users/builder/data/lanes/4009/f3074d2c/source/monodroid/builds/install/mono-armv6/etc/mono/assemblies/Plugin.Permissions/Plugin.Permissions.config'.
D/Mono    ( 8974): Image addref Plugin.Permissions.Abstractions[0xb4aff940] -> Plugin.Permissions.Abstractions.dll[0xb4843e00]: 2
D/Mono    ( 8974): Prepared to set up assembly 'Plugin.Permissions.Abstractions' (Plugin.Permissions.Abstractions.dll)
D/Mono    ( 8974): Assembly Plugin.Permissions.Abstractions[0xb4aff940] added to domain RootDomain, ref_count=1
D/Mono    ( 8974): AOT module 'Plugin.Permissions.Abstractions.dll.so' not found: dlopen failed: library "/data/app/com.careerbuilder.SugarDrone-1/lib/arm/libaot-Plugin.Permissions.Abstractions.dll.so" not found
D/Mono    ( 8974): AOT module '/Users/builder/data/lanes/4009/f3074d2c/source/monodroid/builds/install/mono-armv6/lib/mono/aot-cache/arm/Plugin.Permissions.Abstractions.dll.so' not found: dlopen failed: library "/data/app/com.careerbuilder.SugarDrone-1/lib/arm/libaot-Plugin.Permissions.Abstractions.dll.so" not found
D/Mono    ( 8974): Config attempting to parse: 'Plugin.Permissions.Abstractions.dll.config'.
D/Mono    ( 8974): Config attempting to parse: '/Users/builder/data/lanes/4009/f3074d2c/source/monodroid/builds/install/mono-armv6/etc/mono/assemblies/Plugin.Permissions.Abstractions/Plugin.Permissions.Abstractions.config'.
D/Mono    ( 8974): Image addref Plugin.Geolocator[0xb4aff9a0] -> Plugin.Geolocator.dll[0xb4844300]: 2
D/Mono    ( 8974): Prepared to set up assembly 'Plugin.Geolocator' (Plugin.Geolocator.dll)
D/Mono    ( 8974): Assembly Plugin.Geolocator[0xb4aff9a0] added to domain RootDomain, ref_count=1
D/Mono    ( 8974): AOT module 'Plugin.Geolocator.dll.so' not found: dlopen failed: library "/data/app/com.careerbuilder.SugarDrone-1/lib/arm/libaot-Plugin.Geolocator.dll.so" not found
D/Mono    ( 8974): AOT module '/Users/builder/data/lanes/4009/f3074d2c/source/monodroid/builds/install/mono-armv6/lib/mono/aot-cache/arm/Plugin.Geolocator.dll.so' not found: dlopen failed: library "/data/app/com.careerbuilder.SugarDrone-1/lib/arm/libaot-Plugin.Geolocator.dll.so" not found
D/Mono    ( 8974): Config attempting to parse: 'Plugin.Geolocator.dll.config'.
D/Mono    ( 8974): Config attempting to parse: '/Users/builder/data/lanes/4009/f3074d2c/source/monodroid/builds/install/mono-armv6/etc/mono/assemblies/Plugin.Geolocator/Plugin.Geolocator.config'.
D/Mono    ( 8974): Image addref Plugin.Geolocator.Abstractions[0xb4affa00] -> Plugin.Geolocator.Abstractions.dll[0xb4844800]: 2
D/Mono    ( 8974): Prepared to set up assembly 'Plugin.Geolocator.Abstractions' (Plugin.Geolocator.Abstractions.dll)
D/Mono    ( 8974): Assembly Plugin.Geolocator.Abstractions[0xb4affa00] added to domain RootDomain, ref_count=1
D/Mono    ( 8974): AOT module 'Plugin.Geolocator.Abstractions.dll.so' not found: dlopen failed: library "/data/app/com.careerbuilder.SugarDrone-1/lib/arm/libaot-Plugin.Geolocator.Abstractions.dll.so" not found
D/Mono    ( 8974): AOT module '/Users/builder/data/lanes/4009/f3074d2c/source/monodroid/builds/install/mono-armv6/lib/mono/aot-cache/arm/Plugin.Geolocator.Abstractions.dll.so' not found: dlopen failed: library "/data/app/com.careerbuilder.SugarDrone-1/lib/arm/libaot-Plugin.Geolocator.Abstractions.dll.so" not found
D/Mono    ( 8974): Config attempting to parse: 'Plugin.Geolocator.Abstractions.dll.config'.
D/Mono    ( 8974): Config attempting to parse: '/Users/builder/data/lanes/4009/f3074d2c/source/monodroid/builds/install/mono-armv6/etc/mono/assemblies/Plugin.Geolocator.Abstractions/Plugin.Geolocator.Abstractions.config'.
D/Mono    ( 8974): Image addref Plugin.DeviceInfo[0xb4affa60] -> Plugin.DeviceInfo.dll[0xb4844d00]: 2
D/Mono    ( 8974): Prepared to set up assembly 'Plugin.DeviceInfo' (Plugin.DeviceInfo.dll)
D/Mono    ( 8974): Assembly Plugin.DeviceInfo[0xb4affa60] added to domain RootDomain, ref_count=1
D/Mono    ( 8974): AOT module 'Plugin.DeviceInfo.dll.so' not found: dlopen failed: library "/data/app/com.careerbuilder.SugarDrone-1/lib/arm/libaot-Plugin.DeviceInfo.dll.so" not found
D/Mono    ( 8974): AOT module '/Users/builder/data/lanes/4009/f3074d2c/source/monodroid/builds/install/mono-armv6/lib/mono/aot-cache/arm/Plugin.DeviceInfo.dll.so' not found: dlopen failed: library "/data/app/com.careerbuilder.SugarDrone-1/lib/arm/libaot-Plugin.DeviceInfo.dll.so" not found
D/Mono    ( 8974): Config attempting to parse: 'Plugin.DeviceInfo.dll.config'.
D/Mono    ( 8974): Config attempting to parse: '/Users/builder/data/lanes/4009/f3074d2c/source/monodroid/builds/install/mono-armv6/etc/mono/assemblies/Plugin.DeviceInfo/Plugin.DeviceInfo.config'.
D/Mono    ( 8974): Image addref Plugin.DeviceInfo.Abstractions[0xb4affac0] -> Plugin.DeviceInfo.Abstractions.dll[0xb4845200]: 2
D/Mono    ( 8974): Prepared to set up assembly 'Plugin.DeviceInfo.Abstractions' (Plugin.DeviceInfo.Abstractions.dll)
D/Mono    ( 8974): Assembly Plugin.DeviceInfo.Abstractions[0xb4affac0] added to domain RootDomain, ref_count=1
D/Mono    ( 8974): AOT module 'Plugin.DeviceInfo.Abstractions.dll.so' not found: dlopen failed: library "/data/app/com.careerbuilder.SugarDrone-1/lib/arm/libaot-Plugin.DeviceInfo.Abstractions.dll.so" not found
D/Mono    ( 8974): AOT module '/Users/builder/data/lanes/4009/f3074d2c/source/monodroid/builds/install/mono-armv6/lib/mono/aot-cache/arm/Plugin.DeviceInfo.Abstractions.dll.so' not found: dlopen failed: library "/data/app/com.careerbuilder.SugarDrone-1/lib/arm/libaot-Plugin.DeviceInfo.Abstractions.dll.so" not found
D/Mono    ( 8974): Config attempting to parse: 'Plugin.DeviceInfo.Abstractions.dll.config'.
D/Mono    ( 8974): Config attempting to parse: '/Users/builder/data/lanes/4009/f3074d2c/source/monodroid/builds/install/mono-armv6/etc/mono/assemblies/Plugin.DeviceInfo.Abstractions/Plugin.DeviceInfo.Abstractions.config'.
D/Mono    ( 8974): Image addref Xamarin.GooglePlayServices.Analytics[0xb4affb20] -> Xamarin.GooglePlayServices.Analytics.dll[0xb4845700]: 2
D/Mono    ( 8974): Prepared to set up assembly 'Xamarin.GooglePlayServices.Analytics' (Xamarin.GooglePlayServices.Analytics.dll)
D/Mono    ( 8974): Assembly Xamarin.GooglePlayServices.Analytics[0xb4affb20] added to domain RootDomain, ref_count=1
D/Mono    ( 8974): AOT module 'Xamarin.GooglePlayServices.Analytics.dll.so' not found: dlopen failed: library "/data/app/com.careerbuilder.SugarDrone-1/lib/arm/libaot-Xamarin.GooglePlayServices.Analytics.dll.so" not found
D/Mono    ( 8974): AOT module '/Users/builder/data/lanes/4009/f3074d2c/source/monodroid/builds/install/mono-armv6/lib/mono/aot-cache/arm/Xamarin.GooglePlayServices.Analytics.dll.so' not found: dlopen failed: library "/data/app/com.careerbuilder.SugarDrone-1/lib/arm/libaot-Xamarin.GooglePlayServices.Analytics.dll.so" not found
D/Mono    ( 8974): Config attempting to parse: 'Xamarin.GooglePlayServices.Analytics.dll.config'.
D/Mono    ( 8974): Config attempting to parse: '/Users/builder/data/lanes/4009/f3074d2c/source/monodroid/builds/install/mono-armv6/etc/mono/assemblies/Xamarin.GooglePlayServices.Analytics/Xamarin.GooglePlayServices.Analytics.config'.
D/Mono    ( 8974): Image addref Xamarin.GooglePlayServices.Base[0xb4affb80] -> Xamarin.GooglePlayServices.Base.dll[0xb4845c00]: 2
D/Mono    ( 8974): Prepared to set up assembly 'Xamarin.GooglePlayServices.Base' (Xamarin.GooglePlayServices.Base.dll)
D/Mono    ( 8974): Assembly Xamarin.GooglePlayServices.Base[0xb4affb80] added to domain RootDomain, ref_count=1
D/Mono    ( 8974): AOT module 'Xamarin.GooglePlayServices.Base.dll.so' not found: dlopen failed: library "/data/app/com.careerbuilder.SugarDrone-1/lib/arm/libaot-Xamarin.GooglePlayServices.Base.dll.so" not found
D/Mono    ( 8974): AOT module '/Users/builder/data/lanes/4009/f3074d2c/source/monodroid/builds/install/mono-armv6/lib/mono/aot-cache/arm/Xamarin.GooglePlayServices.Base.dll.so' not found: dlopen failed: library "/data/app/com.careerbuilder.SugarDrone-1/lib/arm/libaot-Xamarin.GooglePlayServices.Base.dll.so" not found
D/Mono    ( 8974): Config attempting to parse: 'Xamarin.GooglePlayServices.Base.dll.config'.
D/Mono    ( 8974): Config attempting to parse: '/Users/builder/data/lanes/4009/f3074d2c/source/monodroid/builds/install/mono-armv6/etc/mono/assemblies/Xamarin.GooglePlayServices.Base/Xamarin.GooglePlayServices.Base.config'.
D/Mono    ( 8974): Image addref Xamarin.GooglePlayServices.Basement[0xb4affbe0] -> Xamarin.GooglePlayServices.Basement.dll[0xb4846100]: 2
D/Mono    ( 8974): Prepared to set up assembly 'Xamarin.GooglePlayServices.Basement' (Xamarin.GooglePlayServices.Basement.dll)
D/Mono    ( 8974): Assembly Xamarin.GooglePlayServices.Basement[0xb4affbe0] added to domain RootDomain, ref_count=1
D/Mono    ( 8974): AOT module 'Xamarin.GooglePlayServices.Basement.dll.so' not found: dlopen failed: library "/data/app/com.careerbuilder.SugarDrone-1/lib/arm/libaot-Xamarin.GooglePlayServices.Basement.dll.so" not found
D/Mono    ( 8974): AOT module '/Users/builder/data/lanes/4009/f3074d2c/source/monodroid/builds/install/mono-armv6/lib/mono/aot-cache/arm/Xamarin.GooglePlayServices.Basement.dll.so' not found: dlopen failed: library "/data/app/com.careerbuilder.SugarDrone-1/lib/arm/libaot-Xamarin.GooglePlayServices.Basement.dll.so" not found
D/Mono    ( 8974): Config attempting to parse: 'Xamarin.GooglePlayServices.Basement.dll.config'.
D/Mono    ( 8974): Config attempting to parse: '/Users/builder/data/lanes/4009/f3074d2c/source/monodroid/builds/install/mono-armv6/etc/mono/assemblies/Xamarin.GooglePlayServices.Basement/Xamarin.GooglePlayServices.Basement.config'.
D/Mono    ( 8974): Image addref Xamarin.Insights[0xb4affc40] -> Xamarin.Insights.dll[0xb4846600]: 2
D/Mono    ( 8974): Prepared to set up assembly 'Xamarin.Insights' (Xamarin.Insights.dll)
D/Mono    ( 8974): Assembly Xamarin.Insights[0xb4affc40] added to domain RootDomain, ref_count=1
D/Mono    ( 8974): AOT module 'Xamarin.Insights.dll.so' not found: dlopen failed: library "/data/app/com.careerbuilder.SugarDrone-1/lib/arm/libaot-Xamarin.Insights.dll.so" not found
D/Mono    ( 8974): AOT module '/Users/builder/data/lanes/4009/f3074d2c/source/monodroid/builds/install/mono-armv6/lib/mono/aot-cache/arm/Xamarin.Insights.dll.so' not found: dlopen failed: library "/data/app/com.careerbuilder.SugarDrone-1/lib/arm/libaot-Xamarin.Insights.dll.so" not found
D/Mono    ( 8974): Config attempting to parse: 'Xamarin.Insights.dll.config'.
D/Mono    ( 8974): Config attempting to parse: '/Users/builder/data/lanes/4009/f3074d2c/source/monodroid/builds/install/mono-armv6/etc/mono/assemblies/Xamarin.Insights/Xamarin.Insights.config'.
D/Mono    ( 8974): Image addref Plugin.ExternalMaps[0xb4affca0] -> Plugin.ExternalMaps.dll[0xb4846b00]: 2
D/Mono    ( 8974): Prepared to set up assembly 'Plugin.ExternalMaps' (Plugin.ExternalMaps.dll)
D/Mono    ( 8974): Assembly Plugin.ExternalMaps[0xb4affca0] added to domain RootDomain, ref_count=1
D/Mono    ( 8974): AOT module 'Plugin.ExternalMaps.dll.so' not found: dlopen failed: library "/data/app/com.careerbuilder.SugarDrone-1/lib/arm/libaot-Plugin.ExternalMaps.dll.so" not found
D/Mono    ( 8974): AOT module '/Users/builder/data/lanes/4009/f3074d2c/source/monodroid/builds/install/mono-armv6/lib/mono/aot-cache/arm/Plugin.ExternalMaps.dll.so' not found: dlopen failed: library "/data/app/com.careerbuilder.SugarDrone-1/lib/arm/libaot-Plugin.ExternalMaps.dll.so" not found
D/Mono    ( 8974): Config attempting to parse: 'Plugin.ExternalMaps.dll.config'.
D/Mono    ( 8974): Config attempting to parse: '/Users/builder/data/lanes/4009/f3074d2c/source/monodroid/builds/install/mono-armv6/etc/mono/assemblies/Plugin.ExternalMaps/Plugin.ExternalMaps.config'.
D/Mono    ( 8974): Image addref Plugin.ExternalMaps.Abstractions[0xb4affd00] -> Plugin.ExternalMaps.Abstractions.dll[0xb4847000]: 2
D/Mono    ( 8974): Prepared to set up assembly 'Plugin.ExternalMaps.Abstractions' (Plugin.ExternalMaps.Abstractions.dll)
D/Mono    ( 8974): Assembly Plugin.ExternalMaps.Abstractions[0xb4affd00] added to domain RootDomain, ref_count=1
D/Mono    ( 8974): AOT module 'Plugin.ExternalMaps.Abstractions.dll.so' not found: dlopen failed: library "/data/app/com.careerbuilder.SugarDrone-1/lib/arm/libaot-Plugin.ExternalMaps.Abstractions.dll.so" not found
D/Mono    ( 8974): AOT module '/Users/builder/data/lanes/4009/f3074d2c/source/monodroid/builds/install/mono-armv6/lib/mono/aot-cache/arm/Plugin.ExternalMaps.Abstractions.dll.so' not found: dlopen failed: library "/data/app/com.careerbuilder.SugarDrone-1/lib/arm/libaot-Plugin.ExternalMaps.Abstractions.dll.so" not found
D/Mono    ( 8974): Config attempting to parse: 'Plugin.ExternalMaps.Abstractions.dll.config'.
D/Mono    ( 8974): Config attempting to parse: '/Users/builder/data/lanes/4009/f3074d2c/source/monodroid/builds/install/mono-armv6/etc/mono/assemblies/Plugin.ExternalMaps.Abstractions/Plugin.ExternalMaps.Abstractions.config'.
D/Mono    ( 8974): Image addref FloatingActionButton-Xamarin[0xb4affd60] -> FloatingActionButton-Xamarin.dll[0xb4847500]: 2
D/Mono    ( 8974): Prepared to set up assembly 'FloatingActionButton-Xamarin' (FloatingActionButton-Xamarin.dll)
D/Mono    ( 8974): Assembly FloatingActionButton-Xamarin[0xb4affd60] added to domain RootDomain, ref_count=1
D/Mono    ( 8974): AOT module 'FloatingActionButton-Xamarin.dll.so' not found: dlopen failed: library "/data/app/com.careerbuilder.SugarDrone-1/lib/arm/libaot-FloatingActionButton-Xamarin.dll.so" not found
D/Mono    ( 8974): AOT module '/Users/builder/data/lanes/4009/f3074d2c/source/monodroid/builds/install/mono-armv6/lib/mono/aot-cache/arm/FloatingActionButton-Xamarin.dll.so' not found: dlopen failed: library "/data/app/com.careerbuilder.SugarDrone-1/lib/arm/libaot-FloatingActionButton-Xamarin.dll.so" not found
D/Mono    ( 8974): Config attempting to parse: 'FloatingActionButton-Xamarin.dll.config'.
D/Mono    ( 8974): Config attempting to parse: '/Users/builder/data/lanes/4009/f3074d2c/source/monodroid/builds/install/mono-armv6/etc/mono/assemblies/FloatingActionButton-Xamarin/FloatingActionButton-Xamarin.config'.
D/Mono    ( 8974): Image addref Xamarin.Android.Support.v4[0xb4affdc0] -> Xamarin.Android.Support.v4.dll[0xb4847a00]: 2
D/Mono    ( 8974): Prepared to set up assembly 'Xamarin.Android.Support.v4' (Xamarin.Android.Support.v4.dll)
D/Mono    ( 8974): Assembly Xamarin.Android.Support.v4[0xb4affdc0] added to domain RootDomain, ref_count=1
D/Mono    ( 8974): AOT module 'Xamarin.Android.Support.v4.dll.so' not found: dlopen failed: library "/data/app/com.careerbuilder.SugarDrone-1/lib/arm/libaot-Xamarin.Android.Support.v4.dll.so" not found
D/Mono    ( 8974): AOT module '/Users/builder/data/lanes/4009/f3074d2c/source/monodroid/builds/install/mono-armv6/lib/mono/aot-cache/arm/Xamarin.Android.Support.v4.dll.so' not found: dlopen failed: library "/data/app/com.careerbuilder.SugarDrone-1/lib/arm/libaot-Xamarin.Android.Support.v4.dll.so" not found
D/Mono    ( 8974): Config attempting to parse: 'Xamarin.Android.Support.v4.dll.config'.
D/Mono    ( 8974): Config attempting to parse: '/Users/builder/data/lanes/4009/f3074d2c/source/monodroid/builds/install/mono-armv6/etc/mono/assemblies/Xamarin.Android.Support.v4/Xamarin.Android.Support.v4.config'.
D/Mono    ( 8974): Image addref Xamarin.Android.Support.v7.RecyclerView[0xb4affe20] -> Xamarin.Android.Support.v7.RecyclerView.dll[0xb4847f00]: 2
D/Mono    ( 8974): Prepared to set up assembly 'Xamarin.Android.Support.v7.RecyclerView' (Xamarin.Android.Support.v7.RecyclerView.dll)
D/Mono    ( 8974): Assembly Xamarin.Android.Support.v7.RecyclerView[0xb4affe20] added to domain RootDomain, ref_count=1
D/Mono    ( 8974): AOT module 'Xamarin.Android.Support.v7.RecyclerView.dll.so' not found: dlopen failed: library "/data/app/com.careerbuilder.SugarDrone-1/lib/arm/libaot-Xamarin.Android.Support.v7.RecyclerView.dll.so" not found
