D/Mono    ( 8974): Config attempting to parse: '/Users/builder/data/lanes/4009/f3074d2c/source/monodroid/builds/install/mono-armv6/etc/mono/assemblies/System.Xml/System.Xml.config'.
D/Mono    ( 8974): Assembly Ref addref Mono.Android.Export[0x9bc99220] -> System.Xml[0x9bc990a0]: 2
D/Mono    ( 8974): Assembly Ref addref System.Xml[0x9bc990a0] -> mscorlib[0xb4aff520]: 28
D/Mono    ( 8974): Assembly Ref addref Mono.Android[0xb4b754c0] -> System.Xml[0x9bc990a0]: 3
D/Mono    ( 8974): Assembly Ref addref Mono.Android.Export[0x9bc99220] -> System.Core[0xb4b75ac0]: 4
D/Mono    ( 8974): Image addref System.Net.Http[0x9bc99400] -> System.Net.Http.dll[0xb4b84500]: 2
D/Mono    ( 8974): Prepared to set up assembly 'System.Net.Http' (System.Net.Http.dll)
D/Mono    ( 8974): Assembly System.Net.Http[0x9bc99400] added to domain RootDomain, ref_count=1
D/Mono    ( 8974): AOT module 'System.Net.Http.dll.so' not found: dlopen failed: library "/data/app/com.careerbuilder.SugarDrone-1/lib/arm/libaot-System.Net.Http.dll.so" not found
D/Mono    ( 8974): AOT module '/Users/builder/data/lanes/4009/f3074d2c/source/monodroid/builds/install/mono-armv6/lib/mono/aot-cache/arm/System.Net.Http.dll.so' not found: dlopen failed: library "/data/app/com.careerbuilder.SugarDrone-1/lib/arm/libaot-System.Net.Http.dll.so" not found
D/Mono    ( 8974): Config attempting to parse: 'System.Net.Http.dll.config'.
D/Mono    ( 8974): Config attempting to parse: '/Users/builder/data/lanes/4009/f3074d2c/source/monodroid/builds/install/mono-armv6/etc/mono/assemblies/System.Net.Http/System.Net.Http.config'.
D/Mono    ( 8974): Assembly Ref addref CareerBuilder_Search.Droid[0xb4aff580] -> System.Net.Http[0x9bc99400]: 2
D/Mono    ( 8974): Assembly Ref addref System.Net.Http[0x9bc99400] -> mscorlib[0xb4aff520]: 29
I/System.out( 8974): Calabash loaded Mono
I/calabash( 8974): Test server port: 7102
I/InstrumentationBackend( 8974): Added:'NullAction', with key:'nullAction'
I/InstrumentationBackend( 8974): Added:'GetActivityOrientation', with key:'get_activity_orientation'
I/InstrumentationBackend( 8974): Added:'SetActivityOrientation', with key:'set_activity_orientation'
I/InstrumentationBackend( 8974): Added:'DpToDevicePixel', with key:'dp_to_device_pixel'
I/InstrumentationBackend( 8974): Added:'ClickOnScreen', with key:'click_on_screen'
I/InstrumentationBackend( 8974): Added:'DoubleTapCoordinate', with key:'double_tap_coordinate'
I/InstrumentationBackend( 8974): Added:'Drag', with key:'drag'
I/InstrumentationBackend( 8974): Added:'DragCoordinates', with key:'drag_coordinates'
I/InstrumentationBackend( 8974): Added:'LongPressCoordinate', with key:'long_press_coordinate'
I/InstrumentationBackend( 8974): Added:'ResumeApplication', with key:'resume_application'
I/InstrumentationBackend( 8974): Added:'Swipe', with key:'swipe'
I/InstrumentationBackend( 8974): Added:'TouchCoordinates', with key:'touch_coordinate'
I/InstrumentationBackend( 8974): Added:'ListActions', with key:'list_actions'
I/InstrumentationBackend( 8974): Added:'SendTcp', with key:'send_tcp'
I/InstrumentationBackend( 8974): Added:'PressElement', with key:'press_l10n_element'
I/InstrumentationBackend( 8974): Added:'WaitForElement', with key:'wait_for_l10n_element'
I/InstrumentationBackend( 8974): Added:'FakeGPSLocation', with key:'set_gps_coordinates'
I/InstrumentationBackend( 8974): Added:'GetMapBounds', with key:'get_map_bounds'
I/InstrumentationBackend( 8974): Added:'GetMapCenter', with key:'get_map_center'
I/InstrumentationBackend( 8974): Added:'GetMapMarker', with key:'get_map_marker'
I/InstrumentationBackend( 8974): Added:'GetMapMarkers', with key:'get_map_markers'
I/InstrumentationBackend( 8974): Added:'GetMapZoom', with key:'get_map_zoom'
I/InstrumentationBackend( 8974): Added:'PanMapTo', with key:'pan_map_to'
I/InstrumentationBackend( 8974): Added:'SetMapCenter', with key:'set_map_center'
I/InstrumentationBackend( 8974): Added:'SetMapZoom', with key:'set_map_zoom'
I/InstrumentationBackend( 8974): Added:'TapAwayFromMarkers', with key:'tap_map_away_from_markers'
I/InstrumentationBackend( 8974): Added:'TapMapMarker', with key:'tap_map_marker_by_title'
I/InstrumentationBackend( 8974): Added:'ClearPreferences', with key:'clear_preferences'
I/InstrumentationBackend( 8974): Added:'GetPreferences', with key:'get_preferences'
I/InstrumentationBackend( 8974): Added:'SetPreferences', with key:'set_preferences'
I/InstrumentationBackend( 8974): Added:'PressKey', with key:'press_key'
I/InstrumentationBackend( 8974): Added:'DeleteSurroundingText', with key:'delete_surrounding_text'
I/InstrumentationBackend( 8974): Added:'HideSoftKeyboard', with key:'hide_soft_keyboard'
I/InstrumentationBackend( 8974): Added:'KeyboardEnterText', with key:'keyboard_enter_text'
I/InstrumentationBackend( 8974): Added:'KeyboardKeyEvent', with key:'keyboard_key_event'
I/InstrumentationBackend( 8974): Added:'PressUserActionButton', with key:'press_user_action_button'
I/InstrumentationBackend( 8974): Added:'SetComposingRegion', with key:'set_composing_region'
I/InstrumentationBackend( 8974): Added:'SetSelection', with key:'set_selection'
I/InstrumentationBackend( 8974): Added:'AndroidSDKVersion', with key:'android_sdk_version'
I/InstrumentationBackend( 8974): Added:'Version', with key:'version'
I/InstrumentationBackend( 8974): Added:'GetActivityName', with key:'get_activity_name'
I/InstrumentationBackend( 8974): Added:'IsCurrentActivityFocused', with key:'is_current_activity_focused'
I/InstrumentationBackend( 8974): Added:'ScrollToView', with key:'scroll_to_view'
I/InstrumentationBackend( 8974): Added:'ViewConfiguration', with key:'view_configuration'
I/InstrumentationBackend( 8974): Added:'DumpBodyHtml', with key:'dump_body_html'
I/InstrumentationBackend( 8974): Added:'DumpHtml', with key:'dump_html'
I/InstrumentationBackend( 8974): Added:'EnterTextByCssSelector', with key:'enter_text_by_selector'
I/InstrumentationBackend( 8974): Added:'GetLoadProgress', with key:'get_load_progress'
I/InstrumentationBackend( 8974): Added:'GetUrl', with key:'get_url'
I/InstrumentationBackend( 8974): Added:'ScrollTo', with key:'scroll_to'
I/InstrumentationBackend( 8974): Added:'SetPropertyByCssSelector', with key:'set_property_by_css_selector'
I/calabash( 8974): Instantiating http server at 7102
I/System.out( 8974): HTTP Daemon listening on: 7102
E/WifiStateMachine(  819): WifiStateMachine CMD_START_SCAN source -2 txSuccessRate=0.00 rxSuccessRate=0.00 targetRoamBSSID=any RSSI=-51
E/WifiStateMachine(  819): WifiStateMachine starting scan for "xtc-ag"WPA_PSK with 5240,2437,5180
I/System.out( 8974): URI: /ready
I/System.out( 8974): params: {}
I/System.out( 8974): URI: /ready
I/System.out( 8974): params: {}
I/System.out( 8974): URI: /ping
I/System.out( 8974): params: {json={"intent":null }
I/System.out( 8974): }
I/System.out( 8974): URI: /ready
I/System.out( 8974): params: {json={"intent":null }
I/System.out( 8974): }
I/System.out( 8974): URI: /start-application
I/System.out( 8974): params: {json={"intent":null }
I/System.out( 8974): }
I/calabash( 8974): execStartActivity 4
I/ActivityManager(  819): START u0 {act=android.intent.action.MAIN cat=[android.intent.category.LAUNCHER] flg=0x10200000 cmp=com.careerbuilder.SugarDrone/md537fd6201b6818e2e180d2f7606e21a83.AppMainActivity (has extras)} from uid 19314 on display 0
W/ActivityManager(  819): Activity start request from 19314 stopped
D/Finsky  ( 3429): [1] 5.onFinished: Installation state replication succeeded.
V/WindowManager(  819): addAppToken: AppWindowToken{586e10e token=Token{22644b09 ActivityRecord{366b8410 u0 com.careerbuilder.SugarDrone/md537fd6201b6818e2e180d2f7606e21a83.AppMainActivity t29}}} to stack=1 task=29 at 0
I/calabash( 8974): newActivity1
D/Mono    ( 8974): Assembly Ref addref CareerBuilder_Search.Droid[0xb4aff580] -> Xamarin.Android.Support.v7.AppCompat[0xb4afff40]: 2
D/Mono    ( 8974): Assembly Ref addref Xamarin.Android.Support.v7.AppCompat[0xb4afff40] -> Xamarin.Android.Support.v4[0xb4affdc0]: 2
V/WindowManager(  819): Adding window Window{380fed27 u0 Starting com.careerbuilder.SugarDrone} at 2 of 7 (after Window{b382817 u0 com.google.android.googlequicksearchbox/com.google.android.launcher.GEL})
D/Mono    ( 8974): DllImport searching in: '__Internal' ('(null)').
D/Mono    ( 8974): Searching for 'java_interop_jnienv_get_array_length'.
D/Mono    ( 8974): Probing 'java_interop_jnienv_get_array_length'.
D/Mono    ( 8974): Found as 'java_interop_jnienv_get_array_length'.
D/Mono    ( 8974): Assembly Ref addref CareerBuilder_Search.Droid[0xb4aff580] -> CareerBuilder_Search[0xb4b75460]: 2
D/Mono    ( 8974): Assembly Ref addref CareerBuilder_Search.Droid[0xb4aff580] -> Xamarin.Android.Support.v4[0xb4affdc0]: 3
D/Mono    ( 8974): DllImport searching in: '__Internal' ('(null)').
D/Mono    ( 8974): Searching for 'java_interop_jnienv_new_string'.
D/Mono    ( 8974): Probing 'java_interop_jnienv_new_string'.
D/Mono    ( 8974): Found as 'java_interop_jnienv_new_string'.
D/Mono    ( 8974): Assembly Ref addref CareerBuilder_Search.Droid[0xb4aff580] -> Plugin.CurrentActivity[0xb4aff880]: 2
D/Mono    ( 8974): Assembly Ref addref Plugin.CurrentActivity[0xb4aff880] -> mscorlib[0xb4aff520]: 30
D/Mono    ( 8974): Assembly Ref addref Plugin.CurrentActivity[0xb4aff880] -> Mono.Android[0xb4b754c0]: 18
D/Mono    ( 8974): [0x9cb67800] worker starting
D/Mono    ( 8974): [0x9cb69600] worker starting
D/Mono    ( 8974): Unloading image System.Runtime.dll [0xb4b87200].
D/Mono    ( 8974): Image addref System.Runtime[0x9bc99940] -> System.Runtime.dll[0xb4b7af00]: 5
D/Mono    ( 8974): Config attempting to parse: 'System.Runtime.dll.config'.
D/Mono    ( 8974): Config attempting to parse: '/Users/builder/data/lanes/4009/f3074d2c/source/monodroid/builds/install/mono-armv6/etc/mono/assemblies/System.Runtime/System.Runtime.config'.
D/Mono    ( 8974): Assembly Ref addref CareerBuilder_Search[0xb4b75460] -> System.Runtime[0xb4b75580]: 3
D/Mono    ( 8974): Assembly Ref addref CareerBuilder_Search[0xb4b75460] -> Plugin.DeviceInfo.Abstractions[0xb4affac0]: 2
D/Mono    ( 8974): Unloading image System.Runtime.dll [0xb4b87700].
D/Mono    ( 8974): Image addref System.Runtime[0x9bc99940] -> System.Runtime.dll[0xb4b7af00]: 6
D/Mono    ( 8974): Config attempting to parse: 'System.Runtime.dll.config'.
D/Mono    ( 8974): Config attempting to parse: '/Users/builder/data/lanes/4009/f3074d2c/source/monodroid/builds/install/mono-armv6/etc/mono/assemblies/System.Runtime/System.Runtime.config'.
D/Mono    ( 8974): Assembly Ref addref Plugin.DeviceInfo.Abstractions[0xb4affac0] -> System.Runtime[0xb4b75580]: 4
D/OpenGLRenderer( 8974): Use EGL_SWAP_BEHAVIOR_PRESERVED: true
D/Mono    ( 8974): Assembly Ref addref CareerBuilder_Search.Droid[0xb4aff580] -> Akavache[0xb4aff6a0]: 2
D/Mono    ( 8974): Assembly Ref addref Akavache[0xb4aff6a0] -> mscorlib[0xb4aff520]: 31
D/Mono    ( 8974): Assembly Ref addref Akavache[0xb4aff6a0] -> System.Reactive.Interfaces[0xb4b751c0]: 2
D/Mono    ( 8974): Assembly Ref addref Akavache[0xb4aff6a0] -> System.Reactive.Core[0xb4b75160]: 2
D/Mono    ( 8974): Unloading image System.Runtime.dll [0xb4b87700].
D/Mono    ( 8974): Image addref System.Runtime[0x9bc99940] -> System.Runtime.dll[0xb4b7af00]: 7
D/Mono    ( 8974): Config attempting to parse: 'System.Runtime.dll.config'.
D/Mono    ( 8974): Config attempting to parse: '/Users/builder/data/lanes/4009/f3074d2c/source/monodroid/builds/install/mono-armv6/etc/mono/assemblies/System.Runtime/System.Runtime.config'.
D/Mono    ( 8974): Assembly Ref addref System.Reactive.Core[0xb4b75160] -> System.Runtime[0xb4b75580]: 5
D/Atlas   ( 8974): Validating map...
D/Mono    ( 8974): DllImport searching in: '__Internal' ('(null)').
D/Mono    ( 8974): Searching for 'java_interop_jnienv_call_nonvirtual_object_method_a'.
D/Mono    ( 8974): Probing 'java_interop_jnienv_call_nonvirtual_object_method_a'.
D/Mono    ( 8974): Found as 'java_interop_jnienv_call_nonvirtual_object_method_a'.
V/WindowManager(  819): Adding window Window{1825016c u0 com.careerbuilder.SugarDrone/md537fd6201b6818e2e180d2f7606e21a83.AppMainActivity} at 2 of 8 (before Window{380fed27 u0 Starting com.careerbuilder.SugarDrone})
D/Mono    ( 8974): Assembly Ref addref CareerBuilder_Search.Droid[0xb4aff580] -> Microsoft.Practices.Unity[0xb4aff820]: 2
D/Mono    ( 8974): Unloading image System.Runtime.dll [0xb4b87700].
D/Mono    ( 8974): Image addref System.Runtime[0x9bc99940] -> System.Runtime.dll[0xb4b7af00]: 8
D/Mono    ( 8974): Config attempting to parse: 'System.Runtime.dll.config'.
D/Mono    ( 8974): Config attempting to parse: '/Users/builder/data/lanes/4009/f3074d2c/source/monodroid/builds/install/mono-armv6/etc/mono/assemblies/System.Runtime/System.Runtime.config'.
D/Mono    ( 8974): Assembly Ref addref Microsoft.Practices.Unity[0xb4aff820] -> System.Runtime[0xb4b75580]: 6
D/Mono    ( 8974): Unloading image System.Collections.dll [0xb4b87c00].
D/Mono    ( 8974): Image addref System.Collections[0x9bc99940] -> System.Collections.dll[0xb4b7dc00]: 5
D/Mono    ( 8974): Config attempting to parse: 'System.Collections.dll.config'.
D/Mono    ( 8974): Config attempting to parse: '/Users/builder/data/lanes/4009/f3074d2c/source/monodroid/builds/install/mono-armv6/etc/mono/assemblies/System.Collections/System.Collections.config'.
D/Mono    ( 8974): Assembly Ref addref Microsoft.Practices.Unity[0xb4aff820] -> System.Collections[0xb4b75820]: 3
D/Mono    ( 8974): Assembly Ref addref CareerBuilder_Search[0xb4b75460] -> Microsoft.Practices.Unity[0xb4aff820]: 3
D/Mono    ( 8974): Assembly Ref addref CareerBuilder_Search.Droid[0xb4aff580] -> Plugin.DeviceInfo.Abstractions[0xb4affac0]: 3
I/Adreno  ( 8974): EGLInit: QTI Build: 01/29/15, 1bccc5d, I0ba6dce82d
D/Mono    ( 8974): Unloading image System.Diagnostics.Debug.dll [0xb4b87c00].
D/Mono    ( 8974): Image addref System.Diagnostics.Debug[0x9bc99940] -> System.Diagnostics.Debug.dll[0xb4b7cd00]: 5
D/Mono    ( 8974): Config attempting to parse: 'System.Diagnostics.Debug.dll.config'.
D/Mono    ( 8974): Config attempting to parse: '/Users/builder/data/lanes/4009/f3074d2c/source/monodroid/builds/install/mono-armv6/etc/mono/assemblies/System.Diagnostics.Debug/System.Diagnostics.Debug.config'.
D/Mono    ( 8974): Assembly Ref addref CareerBuilder_Search[0xb4b75460] -> System.Diagnostics.Debug[0xb4b75700]: 3
D/Mono    ( 8974): Assembly Ref addref System.Diagnostics.Debug[0xb4b75700] -> mscorlib[0xb4aff520]: 32
D/Mono    ( 8974): Image addref System.Diagnostics.Tools[0x9bc99940] -> System.Diagnostics.Tools.dll[0xb4b87c00]: 2
D/Mono    ( 8974): Prepared to set up assembly 'System.Diagnostics.Tools' (System.Diagnostics.Tools.dll)
D/Mono    ( 8974): Assembly System.Diagnostics.Tools[0x9bc99940] added to domain RootDomain, ref_count=1
D/Mono    ( 8974): AOT module 'System.Diagnostics.Tools.dll.so' not found: dlopen failed: library "/data/app/com.careerbuilder.SugarDrone-1/lib/arm/libaot-System.Diagnostics.Tools.dll.so" not found
I/OpenGLRenderer( 8974): Initialized EGL, version 1.4
D/Mono    ( 8974): AOT module '/Users/builder/data/lanes/4009/f3074d2c/source/monodroid/builds/install/mono-armv6/lib/mono/aot-cache/arm/System.Diagnostics.Tools.dll.so' not found: dlopen failed: library "/data/app/com.careerbuilder.SugarDrone-1/lib/arm/libaot-System.Diagnostics.Tools.dll.so" not found
D/Mono    ( 8974): Config attempting to parse: 'System.Diagnostics.Tools.dll.config'.
D/Mono    ( 8974): Config attempting to parse: '/Users/builder/data/lanes/4009/f3074d2c/source/monodroid/builds/install/mono-armv6/etc/mono/assemblies/System.Diagnostics.Tools/System.Diagnostics.Tools.config'.
D/Mono    ( 8974): Assembly Ref addref Microsoft.Practices.Unity[0xb4aff820] -> System.Diagnostics.Tools[0x9bc99940]: 2
D/Mono    ( 8974): Assembly Ref addref System.Diagnostics.Tools[0x9bc99940] -> mscorlib[0xb4aff520]: 33
D/Mono    ( 8974): Image addref System.Resources.ResourceManager[0x9bc999a0] -> System.Resources.ResourceManager.dll[0xb4b88100]: 2
D/Mono    ( 8974): Prepared to set up assembly 'System.Resources.ResourceManager' (System.Resources.ResourceManager.dll)
D/Mono    ( 8974): Assembly System.Resources.ResourceManager[0x9bc999a0] added to domain RootDomain, ref_count=1
D/Mono    ( 8974): AOT module 'System.Resources.ResourceManager.dll.so' not found: dlopen failed: library "/data/app/com.careerbuilder.SugarDrone-1/lib/arm/libaot-System.Resources.ResourceManager.dll.so" not found
D/OpenGLRenderer( 8974): Enabling debug mode 0
D/Mono    ( 8974): AOT module '/Users/builder/data/lanes/4009/f3074d2c/source/monodroid/builds/install/mono-armv6/lib/mono/aot-cache/arm/System.Resources.ResourceManager.dll.so' not found: dlopen failed: library "/data/app/com.careerbuilder.SugarDrone-1/lib/arm/libaot-System.Resources.ResourceManager.dll.so" not found
D/Mono    ( 8974): Config attempting to parse: 'System.Resources.ResourceManager.dll.config'.
D/Mono    ( 8974): Config attempting to parse: '/Users/builder/data/lanes/4009/f3074d2c/source/monodroid/builds/install/mono-armv6/etc/mono/assemblies/System.Resources.ResourceManager/System.Resources.ResourceManager.config'.
D/Mono    ( 8974): Assembly Ref addref Microsoft.Practices.Unity[0xb4aff820] -> System.Resources.ResourceManager[0x9bc999a0]: 2
D/Mono    ( 8974): Assembly Ref addref System.Resources.ResourceManager[0x9bc999a0] -> mscorlib[0xb4aff520]: 34
D/Mono    ( 8974): Unloading image System.Reflection.dll [0xb4b88600].
D/Mono    ( 8974): Image addref System.Reflection[0x9bc99a00] -> System.Reflection.dll[0xb4b7c300]: 5
D/Mono    ( 8974): Config attempting to parse: 'System.Reflection.dll.config'.
D/Mono    ( 8974): Config attempting to parse: '/Users/builder/data/lanes/4009/f3074d2c/source/monodroid/builds/install/mono-armv6/etc/mono/assemblies/System.Reflection/System.Reflection.config'.
D/Mono    ( 8974): Assembly Ref addref Microsoft.Practices.Unity[0xb4aff820] -> System.Reflection[0xb4b75640]: 3
D/Mono    ( 8974): Unloading image System.Linq.dll [0xb4b88600].
D/Mono    ( 8974): Image addref System.Linq[0x9bc99ee0] -> System.Linq.dll[0xb4b7ff00]: 5
D/Mono    ( 8974): Config attempting to parse: 'System.Linq.dll.config'.
D/Mono    ( 8974): Config attempting to parse: '/Users/builder/data/lanes/4009/f3074d2c/source/monodroid/builds/install/mono-armv6/etc/mono/assemblies/System.Linq/System.Linq.config'.
D/Mono    ( 8974): Assembly Ref addref Microsoft.Practices.Unity[0xb4aff820] -> System.Linq[0xb4b75940]: 3
D/Mono    ( 8974): Unloading image System.Threading.dll [0xb4b88600].
I/ThermalEngine(  368): ACTION: GPU - Setting GPU[0] to 500000000
I/ThermalEngine(  368): Mitigation:GPU[0]:500000000 Hz
D/Mono    ( 8974): Image addref System.Threading[0x9bc99ee0] -> System.Threading.dll[0xb4b7c800]: 5
D/Mono    ( 8974): Config attempting to parse: 'System.Threading.dll.config'.
D/Mono    ( 8974): Config attempting to parse: '/Users/builder/data/lanes/4009/f3074d2c/source/monodroid/builds/install/mono-armv6/etc/mono/assemblies/System.Threading/System.Threading.config'.
D/Mono    ( 8974): Assembly Ref addref Microsoft.Practices.Unity[0xb4aff820] -> System.Threading[0xb4b756a0]: 3
I/ThermalEngine(  368): ACTION: CPU - Setting CPU[0] to 2457600
I/ThermalEngine(  368): ACTION: CPU - Setting CPU[1] to 2457600
I/ThermalEngine(  368): ACTION: CPU - Setting CPU[2] to 2457600
I/ThermalEngine(  368): ACTION: CPU - Setting CPU[3] to 2457600
D/Mono    ( 8974): Image addref System.Globalization[0x9bc99b20] -> System.Globalization.dll[0x9a127100]: 2
D/Mono    ( 8974): Prepared to set up assembly 'System.Globalization' (System.Globalization.dll)
D/Mono    ( 8974): Assembly System.Globalization[0x9bc99b20] added to domain RootDomain, ref_count=1
D/Mono    ( 8974): AOT module 'System.Globalization.dll.so' not found: dlopen failed: library "/data/app/com.careerbuilder.SugarDrone-1/lib/arm/libaot-System.Globalization.dll.so" not found
D/Mono    ( 8974): AOT module '/Users/builder/data/lanes/4009/f3074d2c/source/monodroid/builds/install/mono-armv6/lib/mono/aot-cache/arm/System.Globalization.dll.so' not found: dlopen failed: library "/data/app/com.careerbuilder.SugarDrone-1/lib/arm/libaot-System.Globalization.dll.so" not found
D/Mono    ( 8974): Config attempting to parse: 'System.Globalization.dll.config'.
D/Mono    ( 8974): Config attempting to parse: '/Users/builder/data/lanes/4009/f3074d2c/source/monodroid/builds/install/mono-armv6/etc/mono/assemblies/System.Globalization/System.Globalization.config'.
D/Mono    ( 8974): Assembly Ref addref Microsoft.Practices.Unity[0xb4aff820] -> System.Globalization[0x9bc99b20]: 2
D/Mono    ( 8974): Assembly Ref addref System.Globalization[0x9bc99b20] -> mscorlib[0xb4aff520]: 35
I/ActivityManager(  819): Displayed com.careerbuilder.SugarDrone/md537fd6201b6818e2e180d2f7606e21a83.AppMainActivity: +362ms (total +2m12s296ms)
D/Mono    ( 8974): Image addref System.Runtime.Extensions[0x9a26de80] -> System.Runtime.Extensions.dll[0x9a127600]: 2
D/Mono    ( 8974): Prepared to set up assembly 'System.Runtime.Extensions' (System.Runtime.Extensions.dll)
D/Mono    ( 8974): Assembly System.Runtime.Extensions[0x9a26de80] added to domain RootDomain, ref_count=1
D/Mono    ( 8974): AOT module 'System.Runtime.Extensions.dll.so' not found: dlopen failed: library "/data/app/com.careerbuilder.SugarDrone-1/lib/arm/libaot-System.Runtime.Extensions.dll.so" not found
D/Mono    ( 8974): AOT module '/Users/builder/data/lanes/4009/f3074d2c/source/monodroid/builds/install/mono-armv6/lib/mono/aot-cache/arm/System.Runtime.Extensions.dll.so' not found: dlopen failed: library "/data/app/com.careerbuilder.SugarDrone-1/lib/arm/libaot-System.Runtime.Extensions.dll.so" not found
D/Mono    ( 8974): Config attempting to parse: 'System.Runtime.Extensions.dll.config'.
D/Mono    ( 8974): Config attempting to parse: '/Users/builder/data/lanes/4009/f3074d2c/source/monodroid/builds/install/mono-armv6/etc/mono/assemblies/System.Runtime.Extensions/System.Runtime.Extensions.config'.
D/Mono    ( 8974): Assembly Ref addref Microsoft.Practices.Unity[0xb4aff820] -> System.Runtime.Extensions[0x9a26de80]: 2
D/Mono    ( 8974): Assembly Ref addref System.Runtime.Extensions[0x9a26de80] -> mscorlib[0xb4aff520]: 36
D/Mono    ( 8974): Image addref System.Linq.Expressions[0x9a26dee0] -> System.Linq.Expressions.dll[0x9a126700]: 2
D/Mono    ( 8974): Prepared to set up assembly 'System.Linq.Expressions' (System.Linq.Expressions.dll)
D/Mono    ( 8974): Assembly System.Linq.Expressions[0x9a26dee0] added to domain RootDomain, ref_count=1
D/Mono    ( 8974): AOT module 'System.Linq.Expressions.dll.so' not found: dlopen failed: library "/data/app/com.careerbuilder.SugarDrone-1/lib/arm/libaot-System.Linq.Expressions.dll.so" not found
D/Mono    ( 8974): AOT module '/Users/builder/data/lanes/4009/f3074d2c/source/monodroid/builds/install/mono-armv6/lib/mono/aot-cache/arm/System.Linq.Expressions.dll.so' not found: dlopen failed: library "/data/app/com.careerbuilder.SugarDrone-1/lib/arm/libaot-System.Linq.Expressions.dll.so" not found
D/Mono    ( 8974): Config attempting to parse: 'System.Linq.Expressions.dll.config'.
D/Mono    ( 8974): Config attempting to parse: '/Users/builder/data/lanes/4009/f3074d2c/source/monodroid/builds/install/mono-armv6/etc/mono/assemblies/System.Linq.Expressions/System.Linq.Expressions.config'.
D/Mono    ( 8974): Assembly Ref addref Microsoft.Practices.Unity[0xb4aff820] -> System.Linq.Expressions[0x9a26dee0]: 2
D/Mono    ( 8974): Assembly Ref addref System.Linq.Expressions[0x9a26dee0] -> System.Core[0xb4b75ac0]: 5
D/Mono    ( 8974): Assembly Ref addref System.Core[0xb4b75ac0] -> System[0xb4b75760]: 3
D/Mono    ( 8974): Assembly Ref addref CareerBuilder_Search.Droid[0xb4aff580] -> Xamarin.GooglePlayServices.Analytics[0xb4affb20]: 2
D/Mono    ( 8974): Assembly Ref addref CareerBuilder_Search.Droid[0xb4aff580] -> Plugin.Geolocator.Abstractions[0xb4affa00]: 2
D/Mono    ( 8974): Assembly Ref addref CareerBuilder_Search[0xb4b75460] -> System.Net.Http[0x9bc99400]: 3
D/Mono    ( 8974): Assembly Ref addref CareerBuilder_Search[0xb4b75460] -> Plugin.DeviceInfo[0xb4affa60]: 2
D/Mono    ( 8974): Assembly Ref addref Plugin.DeviceInfo[0xb4affa60] -> mscorlib[0xb4aff520]: 37
D/Mono    ( 8974): Assembly Ref addref Plugin.DeviceInfo[0xb4affa60] -> Plugin.DeviceInfo.Abstractions[0xb4affac0]: 4
I/System.out( 8974): URI: /map
I/System.out( 8974): params: {json={"query":"*","operation":{"method_name":"query","arguments":[]}}
I/System.out( 8974): }
D/Mono    ( 8974): Image addref System.Threading.Tasks[0x9a186340] -> System.Threading.Tasks.dll[0x9a128000]: 2
D/Mono    ( 8974): Prepared to set up assembly 'System.Threading.Tasks' (System.Threading.Tasks.dll)
D/Mono    ( 8974): Assembly System.Threading.Tasks[0x9a186340] added to domain RootDomain, ref_count=1
D/Mono    ( 8974): AOT module 'System.Threading.Tasks.dll.so' not found: dlopen failed: library "/data/app/com.careerbuilder.SugarDrone-1/lib/arm/libaot-System.Threading.Tasks.dll.so" not found
D/Mono    ( 8974): AOT module '/Users/builder/data/lanes/4009/f3074d2c/source/monodroid/builds/install/mono-armv6/lib/mono/aot-cache/arm/System.Threading.Tasks.dll.so' not found: dlopen failed: library "/data/app/com.careerbuilder.SugarDrone-1/lib/arm/libaot-System.Threading.Tasks.dll.so" not found
D/Mono    ( 8974): Config attempting to parse: 'System.Threading.Tasks.dll.config'.
D/Mono    ( 8974): Config attempting to parse: '/Users/builder/data/lanes/4009/f3074d2c/source/monodroid/builds/install/mono-armv6/etc/mono/assemblies/System.Threading.Tasks/System.Threading.Tasks.config'.
D/Mono    ( 8974): Assembly Ref addref CareerBuilder_Search[0xb4b75460] -> System.Threading.Tasks[0x9a186340]: 2
D/Mono    ( 8974): Assembly Ref addref System.Threading.Tasks[0x9a186340] -> mscorlib[0xb4aff520]: 38
D/Mono    ( 8974): Unloading image System.Collections.dll [0x9a128500].
D/Mono    ( 8974): Image addref System.Collections[0x9bc99f40] -> System.Collections.dll[0xb4b7dc00]: 6
D/Mono    ( 8974): Config attempting to parse: 'System.Collections.dll.config'.
D/Mono    ( 8974): Config attempting to parse: '/Users/builder/data/lanes/4009/f3074d2c/source/monodroid/builds/install/mono-armv6/etc/mono/assemblies/System.Collections/System.Collections.config'.
D/Mono    ( 8974): Assembly Ref addref CareerBuilder_Search[0xb4b75460] -> System.Collections[0xb4b75820]: 4
D/Mono    ( 8974): Assembly Ref addref System.Collections[0xb4b75820] -> System[0xb4b75760]: 4
D/Mono    ( 8974): Assembly Ref addref System.Net.Http[0x9bc99400] -> System[0xb4b75760]: 5
W/ResourceType( 8974): No known package when getting name for resource number 0xffffffff
W/ResourceType( 8974): No known package when getting name for resource number 0xffffffff
W/ResourceType( 8974): No known package when getting name for resource number 0xffffffff
D/Mono    ( 8974): Assembly Ref addref Microsoft.Practices.Unity[0xb4aff820] -> System.Reflection.Extensions[0xb4b75be0]: 3
D/Mono    ( 8974): Unloading image System.Threading.dll [0x9a12d000].
D/Mono    ( 8974): Image addref System.Threading[0x9a186280] -> System.Threading.dll[0xb4b7c800]: 6
D/Mono    ( 8974): Config attempting to parse: 'System.Threading.dll.config'.
D/Mono    ( 8974): Config attempting to parse: '/Users/builder/data/lanes/4009/f3074d2c/source/monodroid/builds/install/mono-armv6/etc/mono/assemblies/System.Threading/System.Threading.config'.
D/Mono    ( 8974): Assembly Ref addref CareerBuilder_Search[0xb4b75460] -> System.Threading[0xb4b756a0]: 4
D/Mono    ( 8974): Assembly Ref addref System.Threading[0xb4b756a0] -> System.Core[0xb4b75ac0]: 6
D/Mono    ( 8974): Assembly Ref addref System.Runtime[0xb4b75580] -> System[0xb4b75760]: 6
D/Mono    ( 8974): Assembly Ref addref CareerBuilder_Search[0xb4b75460] -> Newtonsoft.Json[0xb4b750a0]: 2
D/Mono    ( 8974): Unloading image System.Runtime.dll [0x9a12d500].
D/Mono    ( 8974): Image addref System.Runtime[0x9a1de040] -> System.Runtime.dll[0xb4b7af00]: 9
D/Mono    ( 8974): Config attempting to parse: 'System.Runtime.dll.config'.
D/Mono    ( 8974): Config attempting to parse: '/Users/builder/data/lanes/4009/f3074d2c/source/monodroid/builds/install/mono-armv6/etc/mono/assemblies/System.Runtime/System.Runtime.config'.
D/Mono    ( 8974): Assembly Ref addref Newtonsoft.Json[0xb4b750a0] -> System.Runtime[0xb4b75580]: 7
D/Mono    ( 8974): Image addref System.Dynamic.Runtime[0x9a1de040] -> System.Dynamic.Runtime.dll[0x9a12d500]: 2
D/Mono    ( 8974): Prepared to set up assembly 'System.Dynamic.Runtime' (System.Dynamic.Runtime.dll)
D/Mono    ( 8974): Assembly System.Dynamic.Runtime[0x9a1de040] added to domain RootDomain, ref_count=1
D/Mono    ( 8974): AOT module 'System.Dynamic.Runtime.dll.so' not found: dlopen failed: library "/data/app/com.careerbuilder.SugarDrone-1/lib/arm/libaot-System.Dynamic.Runtime.dll.so" not found
D/Mono    ( 8974): AOT module '/Users/builder/data/lanes/4009/f3074d2c/source/monodroid/builds/install/mono-armv6/lib/mono/aot-cache/arm/System.Dynamic.Runtime.dll.so' not found: dlopen failed: library "/data/app/com.careerbuilder.SugarDrone-1/lib/arm/libaot-System.Dynamic.Runtime.dll.so" not found
D/Mono    ( 8974): Config attempting to parse: 'System.Dynamic.Runtime.dll.config'.
D/Mono    ( 8974): Config attempting to parse: '/Users/builder/data/lanes/4009/f3074d2c/source/monodroid/builds/install/mono-armv6/etc/mono/assemblies/System.Dynamic.Runtime/System.Dynamic.Runtime.config'.
D/Mono    ( 8974): Assembly Ref addref Newtonsoft.Json[0xb4b750a0] -> System.Dynamic.Runtime[0x9a1de040]: 2
D/Mono    ( 8974): Assembly Ref addref System.Dynamic.Runtime[0x9a1de040] -> System.Core[0xb4b75ac0]: 7
D/Mono    ( 8974): Image addref System.ObjectModel[0x9a1de100] -> System.ObjectModel.dll[0x9a12c600]: 2
D/Mono    ( 8974): Prepared to set up assembly 'System.ObjectModel' (System.ObjectModel.dll)
D/Mono    ( 8974): Assembly System.ObjectModel[0x9a1de100] added to domain RootDomain, ref_count=1
D/Mono    ( 8974): AOT module 'System.ObjectModel.dll.so' not found: dlopen failed: library "/data/app/com.careerbuilder.SugarDrone-1/lib/arm/libaot-System.ObjectModel.dll.so" not found
D/Mono    ( 8974): AOT module '/Users/builder/data/lanes/4009/f3074d2c/source/monodroid/builds/install/mono-armv6/lib/mono/aot-cache/arm/System.ObjectModel.dll.so' not found: dlopen failed: library "/data/app/com.careerbuilder.SugarDrone-1/lib/arm/libaot-System.ObjectModel.dll.so" not found
D/Mono    ( 8974): Config attempting to parse: 'System.ObjectModel.dll.config'.
D/Mono    ( 8974): Config attempting to parse: '/Users/builder/data/lanes/4009/f3074d2c/source/monodroid/builds/install/mono-armv6/etc/mono/assemblies/System.ObjectModel/System.ObjectModel.config'.
D/Mono    ( 8974): Assembly Ref addref Newtonsoft.Json[0xb4b750a0] -> System.ObjectModel[0x9a1de100]: 2
D/Mono    ( 8974): Assembly Ref addref System.ObjectModel[0x9a1de100] -> System[0xb4b75760]: 7
D/Mono    ( 8974): Assembly Ref addref CareerBuilder_Search[0xb4b75460] -> System.Reactive.Core[0xb4b75160]: 3
D/Mono    ( 8974): DllImport attempting to load: '__Internal'.
D/Mono    ( 8974): DllImport loaded library '(null)'.
D/Mono    ( 8974): DllImport searching in: '__Internal' ('(null)').
D/Mono    ( 8974): Searching for 'monodroid_get_system_property'.
D/Mono    ( 8974): Probing 'monodroid_get_system_property'.
D/Mono    ( 8974): Found as 'monodroid_get_system_property'.
D/Mono    ( 8974): DllImport searching in: '__Internal' ('(null)').
D/Mono    ( 8974): Searching for 'monodroid_free'.
D/Mono    ( 8974): Probing 'monodroid_free'.
D/Mono    ( 8974): Found as 'monodroid_free'.
I/System.out( 8974): URI: /map
I/System.out( 8974): params: {json={"query":"* id:'agreeAndContinueButton'","operation":{"method_name":"query","arguments":[]}}
I/System.out( 8974): }
W/ResourceType( 8974): No known package when getting name for resource number 0xffffffff
W/ResourceType( 8974): No known package when getting name for resource number 0xffffffff
W/ResourceType( 8974): No known package when getting name for resource number 0xffffffff
D/Mono    ( 8974): Assembly Ref addref CareerBuilder_Search.Droid[0xb4aff580] -> Xamarin.Insights[0xb4affc40]: 2
D/Mono    ( 8974): Assembly Ref addref Xamarin.Insights[0xb4affc40] -> mscorlib[0xb4aff520]: 39
D/Mono    ( 8974): Assembly Ref addref Xamarin.Insights[0xb4affc40] -> Mono.Android[0xb4b754c0]: 19
D/Mono    ( 8974): Assembly Ref addref CareerBuilder_Search.Droid[0xb4aff580] -> HockeySDK[0xb4aff640]: 2
D/Mono    ( 8974): Assembly Ref addref CareerBuilder_Search.Droid[0xb4aff580] -> AppsFlyerXamarinBindingAndroid[0xb4aff5e0]: 2
D/Mono    ( 8974): DllImport searching in: '__Internal' ('(null)').
D/Mono    ( 8974): Searching for 'java_interop_jnienv_get_static_field_id'.
D/Mono    ( 8974): Probing 'java_interop_jnienv_get_static_field_id'.
D/Mono    ( 8974): Found as 'java_interop_jnienv_get_static_field_id'.
D/Mono    ( 8974): DllImport searching in: '__Internal' ('(null)').
D/Mono    ( 8974): Searching for 'java_interop_jnienv_get_static_int_field'.
D/Mono    ( 8974): Probing 'java_interop_jnienv_get_static_int_field'.
D/Mono    ( 8974): Found as 'java_interop_jnienv_get_static_int_field'.
D/Mono    ( 8974): DllImport searching in: '__Internal' ('(null)').
D/Mono    ( 8974): Searching for 'java_interop_jnienv_get_object_array_element'.
D/Mono    ( 8974): Probing 'java_interop_jnienv_get_object_array_element'.
D/Mono    ( 8974): Found as 'java_interop_jnienv_get_object_array_element'.
D/Mono    ( 8974): DllImport searching in: '__Internal' ('(null)').
D/Mono    ( 8974): Searching for 'java_interop_jnienv_call_boolean_method_a'.
D/Mono    ( 8974): Probing 'java_interop_jnienv_call_boolean_method_a'.
D/Mono    ( 8974): Found as 'java_interop_jnienv_call_boolean_method_a'.
D/Mono    ( 8974): DllImport searching in: '__Internal' ('(null)').
D/Mono    ( 8974): Searching for 'java_interop_jnienv_call_int_method_a'.
D/Mono    ( 8974): Probing 'java_interop_jnienv_call_int_method_a'.
D/Mono    ( 8974): Found as 'java_interop_jnienv_call_int_method_a'.
D/Mono    ( 8974): Assembly Ref addref Xamarin.Insights[0xb4affc40] -> System.Core[0xb4b75ac0]: 8
D/Mono    ( 8974): DllImport searching in: '__Internal' ('(null)').
D/Mono    ( 8974): Searching for 'java_interop_jnienv_call_static_long_method_a'.
D/Mono    ( 8974): Probing 'java_interop_jnienv_call_static_long_method_a'.
D/Mono    ( 8974): Found as 'java_interop_jnienv_call_static_long_method_a'.
D/Mono    ( 8974): Assembly Ref addref Xamarin.Insights[0xb4affc40] -> System[0xb4b75760]: 8
D/Mono    ( 8974): Assembly Ref addref Xamarin.Insights[0xb4affc40] -> System.Net.Http[0x9bc99400]: 4
I/art     ( 8974): Explicit concurrent mark sweep GC freed 132868(5MB) AllocSpace objects, 20(320KB) LOS objects, 39% free, 24MB/40MB, paused 576us total 29.984ms
I/art     ( 8974): Explicit concurrent mark sweep GC freed 196(8KB) AllocSpace objects, 0(0B) LOS objects, 39% free, 24MB/40MB, paused 585us total 15.729ms
I/art     ( 8974): Explicit concurrent mark sweep GC freed 3(96B) AllocSpace objects, 0(0B) LOS objects, 39% free, 24MB/40MB, paused 785us total 15.756ms
I/System.out( 8974): URI: /map
I/System.out( 8974): params: {json={"query":"* id:'agreeAndContinueButton'","operation":{"method_name":"query","arguments":[]}}
I/System.out( 8974): }
I/art     ( 8974): Explicit concurrent mark sweep GC freed 9896(385KB) AllocSpace objects, 1(16KB) LOS objects, 39% free, 24MB/40MB, paused 937us total 16.842ms
W/ResourceType( 8974): No known package when getting name for resource number 0xffffffff
W/ResourceType( 8974): No known package when getting name for resource number 0xffffffff
W/ResourceType( 8974): No known package when getting name for resource number 0xffffffff
I/art     ( 8974): Explicit concurrent mark sweep GC freed 9813(373KB) AllocSpace objects, 0(0B) LOS objects, 39% free, 24MB/40MB, paused 929us total 16.735ms
D/Mono    ( 8974): DllImport searching in: '__Internal' ('(null)').
D/Mono    ( 8974): Searching for 'java_interop_jnienv_get_field_id'.
D/Mono    ( 8974): Probing 'java_interop_jnienv_get_field_id'.
D/Mono    ( 8974): Found as 'java_interop_jnienv_get_field_id'.
D/Mono    ( 8974): DllImport searching in: '__Internal' ('(null)').
D/Mono    ( 8974): Searching for 'java_interop_jnienv_get_object_field'.
D/Mono    ( 8974): Probing 'java_interop_jnienv_get_object_field'.
D/Mono    ( 8974): Found as 'java_interop_jnienv_get_object_field'.
D/Mono    ( 8974): DllImport searching in: '__Internal' ('(null)').
D/Mono    ( 8974): Searching for 'java_interop_jnienv_call_static_int_method_a'.
D/Mono    ( 8974): Probing 'java_interop_jnienv_call_static_int_method_a'.
D/Mono    ( 8974): Found as 'java_interop_jnienv_call_static_int_method_a'.
W/Xamarin.Insights( 8974): Warning: Insights data communication has been manually enabled
D/Mono    ( 8974): DllImport searching in: '__Internal' ('(null)').
D/Mono    ( 8974): Searching for 'java_interop_jnienv_get_static_object_field'.
D/Mono    ( 8974): Probing 'java_interop_jnienv_get_static_object_field'.
D/Mono    ( 8974): Found as 'java_interop_jnienv_get_static_object_field'.
D/Mono    ( 8974): DllImport searching in: '__Internal' ('(null)').
D/Mono    ( 8974): Searching for 'java_interop_jnienv_call_static_void_method'.
D/Mono    ( 8974): Probing 'java_interop_jnienv_call_static_void_method'.
D/Mono    ( 8974): Found as 'java_interop_jnienv_call_static_void_method'.
I/AppsFlyer_3.01( 8974): Start tracking package: com.careerbuilder.SugarDrone
I/AppsFlyer_3.01( 8974): AsendTrackingWithEvent from activity: md537fd6201b6818e2e180d2f7606e21a83.MainApplication
I/AppsFlyer_3.01-603659406( 8974): ******* sendTrackingWithEvent: Launch
E/ActivityThread( 8974): Failed to find provider info for com.facebook.katana.provider.AttributionIdProvider
I/GAv4    ( 8974): Google Analytics 8.4.87 is starting up. To enable debug logging on a device run:
I/GAv4    ( 8974):   adb shell setprop log.tag.GAv4 DEBUG
I/GAv4    ( 8974):   adb logcat -s GAv4
I/AppsFlyer_3.01( 8974): WARNING:READ_PHONE_STATE is missing
W/GAv4    ( 8974): AnalyticsReceiver is not registered or is disabled. Register the receiver for reliable dispatching on non-Google Play devices. See http://goo.gl/8Rd3yj for instructions.
W/GAv4    ( 8974): CampaignTrackingReceiver is not registered, not exported or is disabled. Installation campaign tracking is not possible. See http://goo.gl/8Rd3yj for instructions.
D/AppsFlyer_3.01( 8974): AppsFlyer: first launch detected
I/AppsFlyer_3.01( 8974): AppsFlyer: first launch date: 2017-03-15_0747+0100
I/System.out( 8974): AppsFlyerLib.sendTrackingWithEvent
D/Mono    ( 8974): DllImport searching in: '__Internal' ('(null)').
D/Mono    ( 8974): Searching for 'java_interop_jnienv_call_void_method_a'.
D/Mono    ( 8974): Probing 'java_interop_jnienv_call_void_method_a'.
D/Mono    ( 8974): Found as 'java_interop_jnienv_call_void_method_a'.
I/GAv4    ( 8974): Logger is deprecated. To enable debug logging, please run:
I/GAv4    ( 8974): adb shell setprop log.tag.GAv4 DEBUG
W/GAv4    ( 8974): AnalyticsService not registered in the app manifest. Hits might not be delivered reliably. See http://goo.gl/8Rd3yj for instructions.
I/AppsFlyer_3.01-603659406( 8974): url: https://t.appsflyer.com/api/v3/androidevent?buildnumber=3.01&app_id=com.careerbuilder.SugarDrone
I/AppsFlyer_( 8974): data: device=shamu&firstLaunchDate=2017-03-15_0747%2B0100&installDate=2017-03-15_0747%2B0100&sdk=22&carrier=&date1=2017-03-15_0747%2B0100&af_preinstalled=false&advertiserIdEnabled=true&iaecounter=0&lang_code=en&appsflyerKey=WV****************HFK5&app_version_name=3.1.7&lang=English&timepassedsincelastlaunch=0&dkh=WVGo7sxf&android_id=2dab39a394ccea89&advertiserId=743887d0-d691-4ba7-85bd-a6e763a26bbe&deviceType=user&af_v=f7206399fa18595f5b1b1bdc3f0b74f288bc0b47&app_version_code=30011&platformextension=android_native&network=WIFI&operator=Telenor+DK&country=US&date2=2017-03-15_0747%2B0100&brand=google&af_timestamp=1489603659406&uid=1489603624377-3470778057460093244&isFirstCall=true&counter=1&model=Nexus+6&product=shamu
D/Mono    ( 8974): DllImport searching in: '__Internal' ('(null)').
D/Mono    ( 8974): Searching for 'java_interop_jnienv_new_local_ref'.
D/Mono    ( 8974): Probing 'java_interop_jnienv_new_local_ref'.
D/Mono    ( 8974): Found as 'java_interop_jnienv_new_local_ref'.
D/Mono    ( 8974): Assembly Ref addref Plugin.DeviceInfo[0xb4affa60] -> Mono.Android[0xb4b754c0]: 20
W/Xamarin.Insights( 8974): Warning: Insights data communication has been manually enabled
I/AppsFlyer_3.01( 8974): Start tracking package: com.careerbuilder.SugarDrone
I/AppsFlyer_3.01( 8974): AsendTrackingWithEvent from activity: md537fd6201b6818e2e180d2f7606e21a83.MainApplication
I/AppsFlyer_3.01-603659504( 8974): ******* sendTrackingWithEvent: Launch
E/ActivityThread( 8974): Failed to find provider info for com.facebook.katana.provider.AttributionIdProvider
I/AppsFlyer_3.01( 8974): WARNING:READ_PHONE_STATE is missing
D/Mono    ( 8974): DllImport searching in: '__Internal' ('(null)').
D/Mono    ( 8974): Searching for 'java_interop_jnienv_get_int_field'.
D/Mono    ( 8974): Probing 'java_interop_jnienv_get_int_field'.
D/Mono    ( 8974): Found as 'java_interop_jnienv_get_int_field'.
D/Mono    ( 8974): Unloading image Splat.dll [0x9a12ee00].
I/AppsFlyer_3.01( 8974): AppsFlyer: first launch date: 2017-03-15_0747+0100
I/System.out( 8974): AppsFlyerLib.sendTrackingWithEvent
D/Mono    ( 8974): Image addref Splat[0x9a1dedc0] -> Splat.dll[0xb4841b00]: 5
D/Mono    ( 8974): Config attempting to parse: 'Splat.dll.config'.
D/Mono    ( 8974): Config attempting to parse: '/Users/builder/data/lanes/4009/f3074d2c/source/monodroid/builds/install/mono-armv6/etc/mono/assemblies/Splat/Splat.config'.
D/Mono    ( 8974): Assembly Ref addref Akavache[0xb4aff6a0] -> Splat[0xb4aff760]: 2
D/Mono    ( 8974): Assembly Ref addref Splat[0xb4aff760] -> mscorlib[0xb4aff520]: 40
D/Mono    ( 8974): Assembly Ref addref System.Reactive.Core[0xb4b75160] -> System.Reactive.Interfaces[0xb4b751c0]: 3
D/Mono    ( 8974): Image addref System.ComponentModel[0x9a1dedc0] -> System.ComponentModel.dll[0x9a12ee00]: 2
D/Mono    ( 8974): Prepared to set up assembly 'System.ComponentModel' (System.ComponentModel.dll)
D/Mono    ( 8974): Assembly System.ComponentModel[0x9a1dedc0] added to domain RootDomain, ref_count=1
D/Mono    ( 8974): AOT module 'System.ComponentModel.dll.so' not found: dlopen failed: library "/data/app/com.careerbuilder.SugarDrone-1/lib/arm/libaot-System.ComponentModel.dll.so" not found
D/Mono    ( 8974): AOT module '/Users/builder/data/lanes/4009/f3074d2c/source/monodroid/builds/install/mono-armv6/lib/mono/aot-cache/arm/System.ComponentModel.dll.so' not found: dlopen failed: library "/data/app/com.careerbuilder.SugarDrone-1/lib/arm/libaot-System.ComponentModel.dll.so" not found
D/Mono    ( 8974): Config attempting to parse: 'System.ComponentModel.dll.config'.
D/Mono    ( 8974): Config attempting to parse: '/Users/builder/data/lanes/4009/f3074d2c/source/monodroid/builds/install/mono-armv6/etc/mono/assemblies/System.ComponentModel/System.ComponentModel.config'.
D/Mono    ( 8974): Assembly Ref addref System.Reactive.Core[0xb4b75160] -> System.ComponentModel[0x9a1dedc0]: 2
D/Mono    ( 8974): Assembly Ref addref System.ComponentModel[0x9a1dedc0] -> mscorlib[0xb4aff520]: 41
D/Mono    ( 8974): Unloading image System.Runtime.dll [0x9a2a7100].
D/Mono    ( 8974): Image addref System.Runtime[0x9a26dd00] -> System.Runtime.dll[0xb4b7af00]: 10
D/Mono    ( 8974): Config attempting to parse: 'System.Runtime.dll.config'.
D/Mono    ( 8974): Config attempting to parse: '/Users/builder/data/lanes/4009/f3074d2c/source/monodroid/builds/install/mono-armv6/etc/mono/assemblies/System.Runtime/System.Runtime.config'.
D/Mono    ( 8974): Assembly Ref addref System.Reactive.Interfaces[0xb4b751c0] -> System.Runtime[0xb4b75580]: 8
D/Mono    ( 8974): Assembly Ref addref Akavache[0xb4aff6a0] -> System.Reactive.Linq[0xb4b75220]: 2
I/AppsFlyer_3.01-603659504( 8974): url: https://t.appsflyer.com/api/v3/androidevent?buildnumber=3.01&app_id=com.careerbuilder.SugarDrone
I/AppsFlyer_( 8974): data: device=shamu&firstLaunchDate=2017-03-15_0747%2B0100&installDate=2017-03-15_0747%2B0100&sdk=22&carrier=&date1=2017-03-15_0747%2B0100&af_preinstalled=false&advertiserIdEnabled=true&iaecounter=0&lang_code=en&appsflyerKey=WV****************HFK5&app_version_name=3.1.7&lang=English&timepassedsincelastlaunch=0&dkh=WVGo7sxf&android_id=2dab39a394ccea89&advertiserId=743887d0-d691-4ba7-85bd-a6e763a26bbe&deviceType=user&af_v=6f04ae7ad6b4e551f98e404cf4ccd55ca054d1ee&app_version_code=30011&platformextension=android_native&network=WIFI&operator=Telenor+DK&country=US&date2=2017-03-15_0747%2B0100&brand=google&af_timestamp=1489603659504&uid=1489603624377-3470778057460093244&isFirstCall=true&counter=2&model=Nexus+6&product=shamu
D/Mono    ( 8974): Unloading image System.Runtime.dll [0x9a2a7600].
D/Mono    ( 8974): Image addref System.Runtime[0x9a26dd00] -> System.Runtime.dll[0xb4b7af00]: 11
D/Mono    ( 8974): Config attempting to parse: 'System.Runtime.dll.config'.
D/Mono    ( 8974): Config attempting to parse: '/Users/builder/data/lanes/4009/f3074d2c/source/monodroid/builds/install/mono-armv6/etc/mono/assemblies/System.Runtime/System.Runtime.config'.
D/Mono    ( 8974): Assembly Ref addref System.Reactive.Linq[0xb4b75220] -> System.Runtime[0xb4b75580]: 9
D/Mono    ( 8974): Assembly Ref addref System.Reactive.Linq[0xb4b75220] -> System.Reactive.Interfaces[0xb4b751c0]: 4
D/Mono    ( 8974): Unloading image System.Threading.Tasks.dll [0x9a2a7b00].
D/Mono    ( 8974): Image addref System.Threading.Tasks[0x9a26dd00] -> System.Threading.Tasks.dll[0x9a128000]: 5
D/Mono    ( 8974): Config attempting to parse: 'System.Threading.Tasks.dll.config'.
D/Mono    ( 8974): Config attempting to parse: '/Users/builder/data/lanes/4009/f3074d2c/source/monodroid/builds/install/mono-armv6/etc/mono/assemblies/System.Threading.Tasks/System.Threading.Tasks.config'.
D/Mono    ( 8974): Assembly Ref addref System.Reactive.Linq[0xb4b75220] -> System.Threading.Tasks[0x9a186340]: 3
D/Mono    ( 8974): Assembly Ref addref Splat[0xb4aff760] -> Mono.Android[0xb4b754c0]: 21
D/Mono    ( 8974): Assembly Ref addref Splat[0xb4aff760] -> System.Core[0xb4b75ac0]: 9
I/System.out( 8974): URI: /map
I/System.out( 8974): params: {json={"query":"* id:'agreeAndContinueButton'","operation":{"method_name":"query","arguments":[]}}
I/System.out( 8974): }
D/Mono    ( 8974): Assembly Ref addref Akavache[0xb4aff6a0] -> Mono.Android[0xb4b754c0]: 22
W/ResourceType( 8974): No known package when getting name for resource number 0xffffffff
W/ResourceType( 8974): No known package when getting name for resource number 0xffffffff
W/ResourceType( 8974): No known package when getting name for resource number 0xffffffff
D/Mono    ( 8974): Assembly Loader probing location: '/Akavache.Mac.dll'.
D/Mono    ( 8974): Assembly Loader probing location: '/Users/builder/data/lanes/4009/f3074d2c/source/monodroid/builds/install/mono-armv6/lib/Akavache.Mac.dll'.
D/Mono    ( 8974): Assembly Loader probing location: '/Akavache.Mac.exe'.
D/Mono    ( 8974): Assembly Loader probing location: '/Users/builder/data/lanes/4009/f3074d2c/source/monodroid/builds/install/mono-armv6/lib/Akavache.Mac.exe'.
D/Mono    ( 8974): Assembly Loader probing location: '/Akavache.Deprecated.dll'.
D/Mono    ( 8974): Assembly Loader probing location: '/Users/builder/data/lanes/4009/f3074d2c/source/monodroid/builds/install/mono-armv6/lib/Akavache.Deprecated.dll'.
D/Mono    ( 8974): Assembly Loader probing location: '/Akavache.Deprecated.exe'.
D/Mono    ( 8974): Assembly Loader probing location: '/Users/builder/data/lanes/4009/f3074d2c/source/monodroid/builds/install/mono-armv6/lib/Akavache.Deprecated.exe'.
D/Mono    ( 8974): Assembly Loader probing location: '/Akavache.Mobile.dll'.
D/Mono    ( 8974): Assembly Loader probing location: '/Users/builder/data/lanes/4009/f3074d2c/source/monodroid/builds/install/mono-armv6/lib/Akavache.Mobile.dll'.
D/Mono    ( 8974): Assembly Loader probing location: '/Akavache.Mobile.exe'.
D/Mono    ( 8974): Assembly Loader probing location: '/Users/builder/data/lanes/4009/f3074d2c/source/monodroid/builds/install/mono-armv6/lib/Akavache.Mobile.exe'.
D/Mono    ( 8974): Unloading image System.Runtime.dll [0x9a2a8000].
D/Mono    ( 8974): Image addref System.Runtime[0x9a26de20] -> System.Runtime.dll[0xb4b7af00]: 12
D/Mono    ( 8974): Config attempting to parse: 'System.Runtime.dll.config'.
D/Mono    ( 8974): Config attempting to parse: '/Users/builder/data/lanes/4009/f3074d2c/source/monodroid/builds/install/mono-armv6/etc/mono/assemblies/System.Runtime/System.Runtime.config'.
D/Mono    ( 8974): Assembly Ref addref Akavache.Sqlite3[0xb4aff700] -> System.Runtime[0xb4b75580]: 10
D/Mono    ( 8974): Assembly Ref addref Akavache.Sqlite3[0xb4aff700] -> Akavache[0xb4aff6a0]: 3
D/Mono    ( 8974): Unloading image Splat.dll [0x9a2a8000].
D/Mono    ( 8974): Image addref Splat[0x9a26de20] -> Splat.dll[0xb4841b00]: 6
D/Mono    ( 8974): Config attempting to parse: 'Splat.dll.config'.
D/Mono    ( 8974): Config attempting to parse: '/Users/builder/data/lanes/4009/f3074d2c/source/monodroid/builds/install/mono-armv6/etc/mono/assemblies/Splat/Splat.config'.
D/Mono    ( 8974): Assembly Ref addref Akavache.Sqlite3[0xb4aff700] -> Splat[0xb4aff760]: 3
D/Mono    ( 8974): Assembly Ref addref System.Reactive.Core[0xb4b75160] -> System.Resources.ResourceManager[0x9bc999a0]: 3
D/Mono    ( 8974): Unloading image System.Collections.dll [0x9a2a8500].
D/Mono    ( 8974): Image addref System.Collections[0x9a26de20] -> System.Collections.dll[0xb4b7dc00]: 7
D/Mono    ( 8974): Config attempting to parse: 'System.Collections.dll.config'.
D/Mono    ( 8974): Config attempting to parse: '/Users/builder/data/lanes/4009/f3074d2c/source/monodroid/builds/install/mono-armv6/etc/mono/assemblies/System.Collections/System.Collections.config'.
D/Mono    ( 8974): Assembly Ref addref System.Reactive.Core[0xb4b75160] -> System.Collections[0xb4b75820]: 5
D/Mono    ( 8974): Assembly Ref addref System.Collections[0xb4b75820] -> System.Core[0xb4b75ac0]: 10
