D/Mono    ( 8903): Unloading image System.Reflection.dll [0x9a2a6d00].
D/Mono    ( 8903): Image addref System.Reflection[0x97ed16a0] -> System.Reflection.dll[0xb4b7b300]: 7
D/Mono    ( 8903): Config attempting to parse: 'System.Reflection.dll.config'.
D/Mono    ( 8903): Config attempting to parse: '/Users/builder/data/lanes/4009/f3074d2c/source/monodroid/builds/install/mono-armv6/etc/mono/assemblies/System.Reflection/System.Reflection.config'.
D/Mono    ( 8903): Assembly Ref addref System.Reactive.PlatformServices[0xb4b6d280] -> System.Reflection[0xb4b6d640]: 5
D/Mono    ( 8903): Assembly Ref addref System.Reactive.PlatformServices[0xb4b6d280] -> System.Reactive.Interfaces[0xb4b6d1c0]: 5
D/Mono    ( 8903): Unloading image System.Threading.Tasks.dll [0x9a2a7200].
D/Mono    ( 8903): Image addref System.Threading.Tasks[0x97ed16a0] -> System.Threading.Tasks.dll[0x9a117000]: 6
D/Mono    ( 8903): Config attempting to parse: 'System.Threading.Tasks.dll.config'.
D/Mono    ( 8903): Config attempting to parse: '/Users/builder/data/lanes/4009/f3074d2c/source/monodroid/builds/install/mono-armv6/etc/mono/assemblies/System.Threading.Tasks/System.Threading.Tasks.config'.
D/Mono    ( 8903): Assembly Ref addref System.Reactive.PlatformServices[0xb4b6d280] -> System.Threading.Tasks[0x9a176700]: 4
D/Mono    ( 8903): Assembly Ref addref System.Reactive.PlatformServices[0xb4b6d280] -> System.Reactive.Linq[0xb4b6d220]: 3
D/Mono    ( 8903): Unloading image System.Diagnostics.Debug.dll [0x9a2a7200].
D/Mono    ( 8903): Image addref System.Diagnostics.Debug[0x97ed16a0] -> System.Diagnostics.Debug.dll[0xb4b7bd00]: 6
D/Mono    ( 8903): Config attempting to parse: 'System.Diagnostics.Debug.dll.config'.
D/Mono    ( 8903): Config attempting to parse: '/Users/builder/data/lanes/4009/f3074d2c/source/monodroid/builds/install/mono-armv6/etc/mono/assemblies/System.Diagnostics.Debug/System.Diagnostics.Debug.config'.
D/Mono    ( 8903): Assembly Ref addref System.Reactive.PlatformServices[0xb4b6d280] -> System.Diagnostics.Debug[0xb4b6d700]: 4
D/Mono    ( 8903): Assembly Ref addref System.Reactive.Linq[0xb4b6d220] -> System.Reactive.Core[0xb4b6d160]: 5
D/Mono    ( 8903): Assembly Ref addref Akavache[0xb4b036a0] -> System.Core[0xb4b6dac0]: 11
D/Mono    ( 8903): Assembly Ref addref System.Reactive.Linq[0xb4b6d220] -> System.Resources.ResourceManager[0x9bc999a0]: 5
D/Mono    ( 8903): [0x9cb67800] hill climbing, change max number of threads 4
I/AppsFlyer_3.01-602836204( 8903): response code: 200
I/AppsFlyer_3.01-602836062( 8903): response code: 200
D/Mono    ( 8903): Assembly Ref addref CareerBuilder_Search[0xb4b6d460] -> System.Reactive.Linq[0xb4b6d220]: 4
D/Mono    ( 8903): Assembly Ref addref CareerBuilder_Search[0xb4b6d460] -> Akavache[0xb4b036a0]: 4
D/Mono    ( 8903): Assembly Ref addref Akavache.Sqlite3[0xb4b03700] -> System.Reactive.Core[0xb4b6d160]: 6
D/Mono    ( 8903): Assembly Ref addref Akavache.Sqlite3[0xb4b03700] -> System.Reactive.Interfaces[0xb4b6d1c0]: 6
D/Mono    ( 8903): Assembly Ref addref Akavache.Sqlite3[0xb4b03700] -> System.Reactive.Linq[0xb4b6d220]: 5
D/Mono    ( 8903): Unloading image System.Runtime.Extensions.dll [0xaec5ce00].
D/Mono    ( 8903): Image addref System.Runtime.Extensions[0xaec28e20] -> System.Runtime.Extensions.dll[0x9a116600]: 5
D/Mono    ( 8903): Config attempting to parse: 'System.Runtime.Extensions.dll.config'.
D/Mono    ( 8903): Config attempting to parse: '/Users/builder/data/lanes/4009/f3074d2c/source/monodroid/builds/install/mono-armv6/etc/mono/assemblies/System.Runtime.Extensions/System.Runtime.Extensions.config'.
D/Mono    ( 8903): Assembly Ref addref Akavache.Sqlite3[0xb4b03700] -> System.Runtime.Extensions[0x9a27b220]: 3
D/Mono    ( 8903): Unloading image System.Linq.dll [0xaec5ce00].
D/Mono    ( 8903): Image addref System.Linq[0xaec28e20] -> System.Linq.dll[0xb4b7ef00]: 6
D/Mono    ( 8903): Config attempting to parse: 'System.Linq.dll.config'.
D/Mono    ( 8903): Config attempting to parse: '/Users/builder/data/lanes/4009/f3074d2c/source/monodroid/builds/install/mono-armv6/etc/mono/assemblies/System.Linq/System.Linq.config'.
D/Mono    ( 8903): Assembly Ref addref System.Reactive.Linq[0xb4b6d220] -> System.Linq[0xb4b6d940]: 4
D/Mono    ( 8903): Assembly Ref addref System.Runtime[0xb4b6d580] -> System.Core[0xb4b6dac0]: 12
D/Mono    ( 8903): Unloading image System.Threading.dll [0xaec5ce00].
D/Mono    ( 8903): Image addref System.Threading[0xaec28e20] -> System.Threading.dll[0xb4b7b800]: 8
D/Mono    ( 8903): Config attempting to parse: 'System.Threading.dll.config'.
D/Mono    ( 8903): Config attempting to parse: '/Users/builder/data/lanes/4009/f3074d2c/source/monodroid/builds/install/mono-armv6/etc/mono/assemblies/System.Threading/System.Threading.config'.
D/Mono    ( 8903): Assembly Ref addref System.Reactive.Linq[0xb4b6d220] -> System.Threading[0xb4b6d6a0]: 6
D/Mono    ( 8903): Assembly Ref addref Akavache[0xb4b036a0] -> System.Reactive.PlatformServices[0xb4b6d280]: 2
I/System.out( 8903): URI: /map
I/System.out( 8903): params: {json={"query":"* id:'agreeAndContinueButton'","operation":{"method_name":"query","arguments":[]}}
I/System.out( 8903): }
D/Mono    ( 8903): Unloading image System.Globalization.dll [0xaec5ce00].
D/Mono    ( 8903): Image addref System.Globalization[0xaec28e20] -> System.Globalization.dll[0x9a116100]: 5
D/Mono    ( 8903): Config attempting to parse: 'System.Globalization.dll.config'.
D/Mono    ( 8903): Config attempting to parse: '/Users/builder/data/lanes/4009/f3074d2c/source/monodroid/builds/install/mono-armv6/etc/mono/assemblies/System.Globalization/System.Globalization.config'.
D/Mono    ( 8903): Assembly Ref addref System.Reactive.Linq[0xb4b6d220] -> System.Globalization[0x9bc99b20]: 3
D/Mono    ( 8903): Unloading image System.Runtime.Extensions.dll [0xaec5ce00].
D/Mono    ( 8903): Image addref System.Runtime.Extensions[0xaec28e20] -> System.Runtime.Extensions.dll[0x9a116600]: 6
D/Mono    ( 8903): Config attempting to parse: 'System.Runtime.Extensions.dll.config'.
D/Mono    ( 8903): Config attempting to parse: '/Users/builder/data/lanes/4009/f3074d2c/source/monodroid/builds/install/mono-armv6/etc/mono/assemblies/System.Runtime.Extensions/System.Runtime.Extensions.config'.
D/Mono    ( 8903): Assembly Ref addref System.Reactive.Core[0xb4b6d160] -> System.Runtime.Extensions[0x9a27b220]: 4
D/Mono    ( 8903): Assembly Ref addref System.Runtime.Extensions[0x9a27b220] -> System[0xb4b6d760]: 9
D/Mono    ( 8903): Unloading image System.Globalization.dll [0xaec5ce00].
D/Mono    ( 8903): Image addref System.Globalization[0xaec28e20] -> System.Globalization.dll[0x9a116100]: 6
D/Mono    ( 8903): Config attempting to parse: 'System.Globalization.dll.config'.
D/Mono    ( 8903): Config attempting to parse: '/Users/builder/data/lanes/4009/f3074d2c/source/monodroid/builds/install/mono-armv6/etc/mono/assemblies/System.Globalization/System.Globalization.config'.
D/Mono    ( 8903): Assembly Ref addref System.Reactive.Core[0xb4b6d160] -> System.Globalization[0x9bc99b20]: 4
D/Mono    ( 8903): Unloading image System.Threading.Tasks.dll [0xaec5ce00].
D/Mono    ( 8903): Image addref System.Threading.Tasks[0xaec28e20] -> System.Threading.Tasks.dll[0x9a117000]: 7
D/Mono    ( 8903): Config attempting to parse: 'System.Threading.Tasks.dll.config'.
D/Mono    ( 8903): Config attempting to parse: '/Users/builder/data/lanes/4009/f3074d2c/source/monodroid/builds/install/mono-armv6/etc/mono/assemblies/System.Threading.Tasks/System.Threading.Tasks.config'.
D/Mono    ( 8903): Assembly Ref addref System.Reactive.Core[0xb4b6d160] -> System.Threading.Tasks[0x9a176700]: 5
D/Mono    ( 8903): [0x97edf600] worker starting
D/Mono    ( 8903): Unloading image System.Collections.dll [0xaec5ce00].
D/Mono    ( 8903): Image addref System.Collections[0xaec28f40] -> System.Collections.dll[0xb4b7cc00]: 8
D/Mono    ( 8903): Config attempting to parse: 'System.Collections.dll.config'.
D/Mono    ( 8903): Config attempting to parse: '/Users/builder/data/lanes/4009/f3074d2c/source/monodroid/builds/install/mono-armv6/etc/mono/assemblies/System.Collections/System.Collections.config'.
D/Mono    ( 8903): Assembly Ref addref Akavache.Sqlite3[0xb4b03700] -> System.Collections[0xb4b6d820]: 6
D/Mono    ( 8903): Unloading image SQLitePCL.raw.dll [0xaec5ce00].
D/Mono    ( 8903): Image addref SQLitePCL.raw[0xaec28f40] -> SQLitePCL.raw.dll[0xb4b78b00]: 5
D/Mono    ( 8903): Config attempting to parse: 'SQLitePCL.raw.dll.config'.
D/Mono    ( 8903): Config attempting to parse: '/Users/builder/data/lanes/4009/f3074d2c/source/monodroid/builds/install/mono-armv6/etc/mono/assemblies/SQLitePCL.raw/SQLitePCL.raw.config'.
D/Mono    ( 8903): Assembly Ref addref Akavache.Sqlite3[0xb4b03700] -> SQLitePCL.raw[0xb4b6d400]: 2
D/Mono    ( 8903): Assembly Ref addref SQLitePCL.raw[0xb4b6d400] -> mscorlib[0xb4b03520]: 42
D/Mono    ( 8903): Assembly Ref addref Splat[0xb4b03760] -> System[0xb4b6d760]: 10
D/Mono    ( 8903): [0x97edfb00] worker starting
D/Mono    ( 8903): DllImport attempting to load: '/system/lib/libsqlite.so'.
D/Mono    ( 8903): DllImport loaded library '/system/lib/libsqlite.so'.
D/Mono    ( 8903): DllImport searching in: '/system/lib/libsqlite.so' ('/system/lib/libsqlite.so').
D/Mono    ( 8903): Searching for 'sqlite3_open_v2'.
D/Mono    ( 8903): Probing 'sqlite3_open_v2'.
D/Mono    ( 8903): Found as 'sqlite3_open_v2'.
D/Mono    ( 8903): DllImport searching in: '/system/lib/libsqlite.so' ('/system/lib/libsqlite.so').
D/Mono    ( 8903): Searching for 'sqlite3_busy_timeout'.
D/Mono    ( 8903): Probing 'sqlite3_busy_timeout'.
D/Mono    ( 8903): Found as 'sqlite3_busy_timeout'.
D/Mono    ( 8903): Unloading image System.Threading.Tasks.dll [0xaec5dd00].
D/Mono    ( 8903): Image addref System.Threading.Tasks[0xaec908e0] -> System.Threading.Tasks.dll[0x9a117000]: 8
D/Mono    ( 8903): Config attempting to parse: 'System.Threading.Tasks.dll.config'.
D/Mono    ( 8903): Config attempting to parse: '/Users/builder/data/lanes/4009/f3074d2c/source/monodroid/builds/install/mono-armv6/etc/mono/assemblies/System.Threading.Tasks/System.Threading.Tasks.config'.
D/Mono    ( 8903): Assembly Ref addref Akavache.Sqlite3[0xb4b03700] -> System.Threading.Tasks[0x9a176700]: 6
D/Mono    ( 8903): Unloading image System.Linq.dll [0xaec5dd00].
D/Mono    ( 8903): Image addref System.Linq[0xaec908e0] -> System.Linq.dll[0xb4b7ef00]: 7
D/Mono    ( 8903): Config attempting to parse: 'System.Linq.dll.config'.
D/Mono    ( 8903): Config attempting to parse: '/Users/builder/data/lanes/4009/f3074d2c/source/monodroid/builds/install/mono-armv6/etc/mono/assemblies/System.Linq/System.Linq.config'.
D/Mono    ( 8903): Assembly Ref addref Akavache.Sqlite3[0xb4b03700] -> System.Linq[0xb4b6d940]: 5
D/Mono    ( 8903): DllImport searching in: '/system/lib/libsqlite.so' ('/system/lib/libsqlite.so').
D/Mono    ( 8903): Searching for 'sqlite3_prepare_v2'.
D/Mono    ( 8903): Probing 'sqlite3_prepare_v2'.
D/Mono    ( 8903): Found as 'sqlite3_prepare_v2'.
D/Mono    ( 8903): DllImport searching in: '/system/lib/libsqlite.so' ('/system/lib/libsqlite.so').
D/Mono    ( 8903): Searching for 'sqlite3_step'.
D/Mono    ( 8903): Probing 'sqlite3_step'.
D/Mono    ( 8903): Found as 'sqlite3_step'.
D/Mono    ( 8903): DllImport searching in: '/system/lib/libsqlite.so' ('/system/lib/libsqlite.so').
D/Mono    ( 8903): Searching for 'sqlite3_column_type'.
D/Mono    ( 8903): Probing 'sqlite3_column_type'.
D/Mono    ( 8903): Found as 'sqlite3_column_type'.
D/Mono    ( 8903): Unloading image System.Reflection.dll [0xaec5ce00].
D/Mono    ( 8903): Image addref System.Reflection[0xaec908e0] -> System.Reflection.dll[0xb4b7b300]: 8
D/Mono    ( 8903): Config attempting to parse: 'System.Reflection.dll.config'.
D/Mono    ( 8903): Config attempting to parse: '/Users/builder/data/lanes/4009/f3074d2c/source/monodroid/builds/install/mono-armv6/etc/mono/assemblies/System.Reflection/System.Reflection.config'.
D/Mono    ( 8903): Assembly Ref addref Akavache.Sqlite3[0xb4b03700] -> System.Reflection[0xb4b6d640]: 6
D/Mono    ( 8903): DllImport searching in: '/system/lib/libsqlite.so' ('/system/lib/libsqlite.so').
D/Mono    ( 8903): Searching for 'sqlite3_column_int'.
D/Mono    ( 8903): Probing 'sqlite3_column_int'.
D/Mono    ( 8903): Found as 'sqlite3_column_int'.
D/Mono    ( 8903): DllImport searching in: '/system/lib/libsqlite.so' ('/system/lib/libsqlite.so').
D/Mono    ( 8903): Searching for 'sqlite3_finalize'.
D/Mono    ( 8903): Probing 'sqlite3_finalize'.
D/Mono    ( 8903): Found as 'sqlite3_finalize'.
D/Mono    ( 8903): DllImport searching in: '/system/lib/libsqlite.so' ('/system/lib/libsqlite.so').
D/Mono    ( 8903): Searching for 'sqlite3_changes'.
D/Mono    ( 8903): Probing 'sqlite3_changes'.
D/Mono    ( 8903): Found as 'sqlite3_changes'.
D/Mono    ( 8903): Assembly Ref addref Akavache.Sqlite3[0xb4b03700] -> System.Reflection.Extensions[0xb4b6dbe0]: 4
D/Mono    ( 8903): DllImport searching in: '/system/lib/libsqlite.so' ('/system/lib/libsqlite.so').
D/Mono    ( 8903): Searching for 'sqlite3_column_count'.
D/Mono    ( 8903): Probing 'sqlite3_column_count'.
D/Mono    ( 8903): Found as 'sqlite3_column_count'.
D/Mono    ( 8903): DllImport searching in: '/system/lib/libsqlite.so' ('/system/lib/libsqlite.so').
D/Mono    ( 8903): Searching for 'sqlite3_column_name'.
D/Mono    ( 8903): Probing 'sqlite3_column_name'.
D/Mono    ( 8903): Found as 'sqlite3_column_name'.
D/Mono    ( 8903): DllImport searching in: '/system/lib/libsqlite.so' ('/system/lib/libsqlite.so').
D/Mono    ( 8903): Searching for 'sqlite3_column_text'.
D/Mono    ( 8903): Probing 'sqlite3_column_text'.
D/Mono    ( 8903): Found as 'sqlite3_column_text'.
E/SQLiteLog( 8903): (1) no such table: SchemaInfo
D/Mono    ( 8903): DllImport searching in: '/system/lib/libsqlite.so' ('/system/lib/libsqlite.so').
D/Mono    ( 8903): Searching for 'sqlite3_errmsg'.
D/Mono    ( 8903): Probing 'sqlite3_errmsg'.
D/Mono    ( 8903): Found as 'sqlite3_errmsg'.
D/Mono    ( 8903): DllImport searching in: '/system/lib/libsqlite.so' ('/system/lib/libsqlite.so').
D/Mono    ( 8903): Searching for 'sqlite3_bind_int'.
D/Mono    ( 8903): Probing 'sqlite3_bind_int'.
D/Mono    ( 8903): Found as 'sqlite3_bind_int'.
D/Mono    ( 8903): DllImport searching in: '/system/lib/libsqlite.so' ('/system/lib/libsqlite.so').
D/Mono    ( 8903): Searching for 'sqlite3_reset'.
D/Mono    ( 8903): Probing 'sqlite3_reset'.
D/Mono    ( 8903): Found as 'sqlite3_reset'.
D/Mono    ( 8903): Unloading image System.Threading.dll [0xaec5fb00].
D/Mono    ( 8903): Image addref System.Threading[0xaec90ac0] -> System.Threading.dll[0xb4b7b800]: 9
D/Mono    ( 8903): Config attempting to parse: 'System.Threading.dll.config'.
D/Mono    ( 8903): Config attempting to parse: '/Users/builder/data/lanes/4009/f3074d2c/source/monodroid/builds/install/mono-armv6/etc/mono/assemblies/System.Threading/System.Threading.config'.
D/Mono    ( 8903): Assembly Ref addref Akavache.Sqlite3[0xb4b03700] -> System.Threading[0xb4b6d6a0]: 7
D/Mono    ( 8903): DllImport searching in: '/system/lib/libsqlite.so' ('/system/lib/libsqlite.so').
D/Mono    ( 8903): Searching for 'sqlite3_bind_text'.
D/Mono    ( 8903): Probing 'sqlite3_bind_text'.
D/Mono    ( 8903): Found as 'sqlite3_bind_text'.
D/Mono    ( 8903): Unloading image Newtonsoft.Json.dll [0x9a2a2200].
D/Mono    ( 8903): Image addref Newtonsoft.Json[0x97dcb100] -> Newtonsoft.Json.dll[0xb4849d00]: 5
D/Mono    ( 8903): Config attempting to parse: 'Newtonsoft.Json.dll.config'.
D/Mono    ( 8903): Config attempting to parse: '/Users/builder/data/lanes/4009/f3074d2c/source/monodroid/builds/install/mono-armv6/etc/mono/assemblies/Newtonsoft.Json/Newtonsoft.Json.config'.
D/Mono    ( 8903): Assembly Ref addref Akavache.Sqlite3[0xb4b03700] -> Newtonsoft.Json[0xb4b6d0a0]: 3
D/Mono    ( 8903): Image addref System.IO[0x97dcb100] -> System.IO.dll[0x9a2a2200]: 2
D/Mono    ( 8903): Prepared to set up assembly 'System.IO' (System.IO.dll)
D/Mono    ( 8903): Assembly System.IO[0x97dcb100] added to domain RootDomain, ref_count=1
D/Mono    ( 8903): AOT module 'System.IO.dll.so' not found: dlopen failed: library "/data/app/com.careerbuilder.SugarDrone-1/lib/arm/libaot-System.IO.dll.so" not found
D/Mono    ( 8903): AOT module '/Users/builder/data/lanes/4009/f3074d2c/source/monodroid/builds/install/mono-armv6/lib/mono/aot-cache/arm/System.IO.dll.so' not found: dlopen failed: library "/data/app/com.careerbuilder.SugarDrone-1/lib/arm/libaot-System.IO.dll.so" not found
D/Mono    ( 8903): Config attempting to parse: 'System.IO.dll.config'.
D/Mono    ( 8903): Config attempting to parse: '/Users/builder/data/lanes/4009/f3074d2c/source/monodroid/builds/install/mono-armv6/etc/mono/assemblies/System.IO/System.IO.config'.
D/Mono    ( 8903): Assembly Ref addref Akavache.Sqlite3[0xb4b03700] -> System.IO[0x97dcb100]: 2
D/Mono    ( 8903): Assembly Ref addref System.IO[0x97dcb100] -> mscorlib[0xb4b03520]: 43
D/Mono    ( 8903): Image addref System.Runtime.Serialization.Primitives[0x97dcb0a0] -> System.Runtime.Serialization.Primitives.dll[0x9a11de00]: 2
D/Mono    ( 8903): Prepared to set up assembly 'System.Runtime.Serialization.Primitives' (System.Runtime.Serialization.Primitives.dll)
D/Mono    ( 8903): Assembly System.Runtime.Serialization.Primitives[0x97dcb0a0] added to domain RootDomain, ref_count=1
D/Mono    ( 8903): AOT module 'System.Runtime.Serialization.Primitives.dll.so' not found: dlopen failed: library "/data/app/com.careerbuilder.SugarDrone-1/lib/arm/libaot-System.Runtime.Serialization.Primitives.dll.so" not found
D/Mono    ( 8903): AOT module '/Users/builder/data/lanes/4009/f3074d2c/source/monodroid/builds/install/mono-armv6/lib/mono/aot-cache/arm/System.Runtime.Serialization.Primitives.dll.so' not found: dlopen failed: library "/data/app/com.careerbuilder.SugarDrone-1/lib/arm/libaot-System.Runtime.Serialization.Primitives.dll.so" not found
D/Mono    ( 8903): Config attempting to parse: 'System.Runtime.Serialization.Primitives.dll.config'.
D/Mono    ( 8903): Config attempting to parse: '/Users/builder/data/lanes/4009/f3074d2c/source/monodroid/builds/install/mono-armv6/etc/mono/assemblies/System.Runtime.Serialization.Primitives/System.Runtime.Serialization.Primitives.config'.
D/Mono    ( 8903): Assembly Ref addref Newtonsoft.Json[0xb4b6d0a0] -> System.Runtime.Serialization.Primitives[0x97dcb0a0]: 2
D/Mono    ( 8903): Assembly Ref addref System.Runtime.Serialization.Primitives[0x97dcb0a0] -> mscorlib[0xb4b03520]: 44
D/Mono    ( 8903): Unloading image System.Globalization.dll [0xb4b84e00].
D/Mono    ( 8903): Image addref System.Globalization[0x9a1761c0] -> System.Globalization.dll[0x9a116100]: 7
D/Mono    ( 8903): Config attempting to parse: 'System.Globalization.dll.config'.
D/Mono    ( 8903): Config attempting to parse: '/Users/builder/data/lanes/4009/f3074d2c/source/monodroid/builds/install/mono-armv6/etc/mono/assemblies/System.Globalization/System.Globalization.config'.
D/Mono    ( 8903): Assembly Ref addref Newtonsoft.Json[0xb4b6d0a0] -> System.Globalization[0x9bc99b20]: 5
D/Mono    ( 8903): Unloading image System.Collections.dll [0xb4b84e00].
D/Mono    ( 8903): Image addref System.Collections[0x9a1761c0] -> System.Collections.dll[0xb4b7cc00]: 9
D/Mono    ( 8903): Config attempting to parse: 'System.Collections.dll.config'.
D/Mono    ( 8903): Config attempting to parse: '/Users/builder/data/lanes/4009/f3074d2c/source/monodroid/builds/install/mono-armv6/etc/mono/assemblies/System.Collections/System.Collections.config'.
D/Mono    ( 8903): Assembly Ref addref Newtonsoft.Json[0xb4b6d0a0] -> System.Collections[0xb4b6d820]: 7
D/Mono    ( 8903): Unloading image System.IO.dll [0xb4b84e00].
D/Mono    ( 8903): Image addref System.IO[0x9a1761c0] -> System.IO.dll[0x9a2a2200]: 5
D/Mono    ( 8903): Config attempting to parse: 'System.IO.dll.config'.
D/Mono    ( 8903): Config attempting to parse: '/Users/builder/data/lanes/4009/f3074d2c/source/monodroid/builds/install/mono-armv6/etc/mono/assemblies/System.IO/System.IO.config'.
D/Mono    ( 8903): Assembly Ref addref Newtonsoft.Json[0xb4b6d0a0] -> System.IO[0x97dcb100]: 3
D/Mono    ( 8903): Unloading image System.Runtime.Extensions.dll [0xb4b84e00].
D/Mono    ( 8903): Image addref System.Runtime.Extensions[0x9a1761c0] -> System.Runtime.Extensions.dll[0x9a116600]: 7
D/Mono    ( 8903): Config attempting to parse: 'System.Runtime.Extensions.dll.config'.
D/Mono    ( 8903): Config attempting to parse: '/Users/builder/data/lanes/4009/f3074d2c/source/monodroid/builds/install/mono-armv6/etc/mono/assemblies/System.Runtime.Extensions/System.Runtime.Extensions.config'.
D/Mono    ( 8903): Assembly Ref addref Newtonsoft.Json[0xb4b6d0a0] -> System.Runtime.Extensions[0x9a27b220]: 5
D/Mono    ( 8903): Image addref System.Text.Encoding[0x9a1761c0] -> System.Text.Encoding.dll[0xb4b84e00]: 2
D/Mono    ( 8903): Prepared to set up assembly 'System.Text.Encoding' (System.Text.Encoding.dll)
D/Mono    ( 8903): Assembly System.Text.Encoding[0x9a1761c0] added to domain RootDomain, ref_count=1
D/Mono    ( 8903): AOT module 'System.Text.Encoding.dll.so' not found: dlopen failed: library "/data/app/com.careerbuilder.SugarDrone-1/lib/arm/libaot-System.Text.Encoding.dll.so" not found
D/Mono    ( 8903): AOT module '/Users/builder/data/lanes/4009/f3074d2c/source/monodroid/builds/install/mono-armv6/lib/mono/aot-cache/arm/System.Text.Encoding.dll.so' not found: dlopen failed: library "/data/app/com.careerbuilder.SugarDrone-1/lib/arm/libaot-System.Text.Encoding.dll.so" not found
D/Mono    ( 8903): Config attempting to parse: 'System.Text.Encoding.dll.config'.
D/Mono    ( 8903): Config attempting to parse: '/Users/builder/data/lanes/4009/f3074d2c/source/monodroid/builds/install/mono-armv6/etc/mono/assemblies/System.Text.Encoding/System.Text.Encoding.config'.
D/Mono    ( 8903): Assembly Ref addref Newtonsoft.Json[0xb4b6d0a0] -> System.Text.Encoding[0x9a1761c0]: 2
D/Mono    ( 8903): Assembly Ref addref System.Text.Encoding[0x9a1761c0] -> mscorlib[0xb4b03520]: 45
D/Mono    ( 8903): Unloading image System.Linq.dll [0x9a2a3100].
D/Mono    ( 8903): Image addref System.Linq[0x9a176160] -> System.Linq.dll[0xb4b7ef00]: 8
D/Mono    ( 8903): Config attempting to parse: 'System.Linq.dll.config'.
D/Mono    ( 8903): Config attempting to parse: '/Users/builder/data/lanes/4009/f3074d2c/source/monodroid/builds/install/mono-armv6/etc/mono/assemblies/System.Linq/System.Linq.config'.
D/Mono    ( 8903): Assembly Ref addref Newtonsoft.Json[0xb4b6d0a0] -> System.Linq[0xb4b6d940]: 6
D/Mono    ( 8903): Unloading image System.Reflection.dll [0x9a2a3100].
D/Mono    ( 8903): Image addref System.Reflection[0x97dcbca0] -> System.Reflection.dll[0xb4b7b300]: 9
D/Mono    ( 8903): Config attempting to parse: 'System.Reflection.dll.config'.
D/Mono    ( 8903): Config attempting to parse: '/Users/builder/data/lanes/4009/f3074d2c/source/monodroid/builds/install/mono-armv6/etc/mono/assemblies/System.Reflection/System.Reflection.config'.
D/Mono    ( 8903): Assembly Ref addref Newtonsoft.Json[0xb4b6d0a0] -> System.Reflection[0xb4b6d640]: 7
D/Mono    ( 8903): Image addref System.Runtime.Serialization[0x97dcbca0] -> System.Runtime.Serialization.dll[0x9a2a3100]: 2
D/Mono    ( 8903): Prepared to set up assembly 'System.Runtime.Serialization' (System.Runtime.Serialization.dll)
D/Mono    ( 8903): Assembly System.Runtime.Serialization[0x97dcbca0] added to domain RootDomain, ref_count=1
D/Mono    ( 8903): AOT module 'System.Runtime.Serialization.dll.so' not found: dlopen failed: library "/data/app/com.careerbuilder.SugarDrone-1/lib/arm/libaot-System.Runtime.Serialization.dll.so" not found
D/Mono    ( 8903): AOT module '/Users/builder/data/lanes/4009/f3074d2c/source/monodroid/builds/install/mono-armv6/lib/mono/aot-cache/arm/System.Runtime.Serialization.dll.so' not found: dlopen failed: library "/data/app/com.careerbuilder.SugarDrone-1/lib/arm/libaot-System.Runtime.Serialization.dll.so" not found
D/Mono    ( 8903): Config attempting to parse: 'System.Runtime.Serialization.dll.config'.
D/Mono    ( 8903): Config attempting to parse: '/Users/builder/data/lanes/4009/f3074d2c/source/monodroid/builds/install/mono-armv6/etc/mono/assemblies/System.Runtime.Serialization/System.Runtime.Serialization.config'.
D/Mono    ( 8903): Assembly Ref addref System.Runtime.Serialization.Primitives[0x97dcb0a0] -> System.Runtime.Serialization[0x97dcbca0]: 2
D/Mono    ( 8903): Assembly Ref addref System.Runtime.Serialization[0x97dcbca0] -> mscorlib[0xb4b03520]: 46
D/Mono    ( 8903): Image addref System.Text.Encoding.Extensions[0x9a176160] -> System.Text.Encoding.Extensions.dll[0x9a2a3600]: 2
D/Mono    ( 8903): Prepared to set up assembly 'System.Text.Encoding.Extensions' (System.Text.Encoding.Extensions.dll)
D/Mono    ( 8903): Assembly System.Text.Encoding.Extensions[0x9a176160] added to domain RootDomain, ref_count=1
D/Mono    ( 8903): AOT module 'System.Text.Encoding.Extensions.dll.so' not found: dlopen failed: library "/data/app/com.careerbuilder.SugarDrone-1/lib/arm/libaot-System.Text.Encoding.Extensions.dll.so" not found
D/Mono    ( 8903): AOT module '/Users/builder/data/lanes/4009/f3074d2c/source/monodroid/builds/install/mono-armv6/lib/mono/aot-cache/arm/System.Text.Encoding.Extensions.dll.so' not found: dlopen failed: library "/data/app/com.careerbuilder.SugarDrone-1/lib/arm/libaot-System.Text.Encoding.Extensions.dll.so" not found
D/Mono    ( 8903): Config attempting to parse: 'System.Text.Encoding.Extensions.dll.config'.
D/Mono    ( 8903): Config attempting to parse: '/Users/builder/data/lanes/4009/f3074d2c/source/monodroid/builds/install/mono-armv6/etc/mono/assemblies/System.Text.Encoding.Extensions/System.Text.Encoding.Extensions.config'.
D/Mono    ( 8903): Assembly Ref addref Newtonsoft.Json[0xb4b6d0a0] -> System.Text.Encoding.Extensions[0x9a176160]: 2
D/Mono    ( 8903): Assembly Ref addref System.Text.Encoding.Extensions[0x9a176160] -> mscorlib[0xb4b03520]: 47
D/Mono    ( 8903): Unloading image System.Threading.dll [0x9a2a9500].
D/Mono    ( 8903): Image addref System.Threading[0x97dcbdc0] -> System.Threading.dll[0xb4b7b800]: 10
D/Mono    ( 8903): Config attempting to parse: 'System.Threading.dll.config'.
D/Mono    ( 8903): Config attempting to parse: '/Users/builder/data/lanes/4009/f3074d2c/source/monodroid/builds/install/mono-armv6/etc/mono/assemblies/System.Threading/System.Threading.config'.
D/Mono    ( 8903): Assembly Ref addref Newtonsoft.Json[0xb4b6d0a0] -> System.Threading[0xb4b6d6a0]: 8
D/Mono    ( 8903): Assembly Ref addref Newtonsoft.Json[0xb4b6d0a0] -> System.Reflection.Extensions[0xb4b6dbe0]: 5
D/Mono    ( 8903): Assembly Ref addref System.ObjectModel[0x9a2609a0] -> mscorlib[0xb4b03520]: 48
D/Mono    ( 8903): Image addref System.Xml.XDocument[0x97ed1520] -> System.Xml.XDocument.dll[0x9a2a9f00]: 2
D/Mono    ( 8903): Prepared to set up assembly 'System.Xml.XDocument' (System.Xml.XDocument.dll)
D/Mono    ( 8903): Assembly System.Xml.XDocument[0x97ed1520] added to domain RootDomain, ref_count=1
D/Mono    ( 8903): AOT module 'System.Xml.XDocument.dll.so' not found: dlopen failed: library "/data/app/com.careerbuilder.SugarDrone-1/lib/arm/libaot-System.Xml.XDocument.dll.so" not found
D/Mono    ( 8903): AOT module '/Users/builder/data/lanes/4009/f3074d2c/source/monodroid/builds/install/mono-armv6/lib/mono/aot-cache/arm/System.Xml.XDocument.dll.so' not found: dlopen failed: library "/data/app/com.careerbuilder.SugarDrone-1/lib/arm/libaot-System.Xml.XDocument.dll.so" not found
D/Mono    ( 8903): Config attempting to parse: 'System.Xml.XDocument.dll.config'.
D/Mono    ( 8903): Config attempting to parse: '/Users/builder/data/lanes/4009/f3074d2c/source/monodroid/builds/install/mono-armv6/etc/mono/assemblies/System.Xml.XDocument/System.Xml.XDocument.config'.
D/Mono    ( 8903): Assembly Ref addref Newtonsoft.Json[0xb4b6d0a0] -> System.Xml.XDocument[0x97ed1520]: 2
D/Mono    ( 8903): Image addref System.Xml.Linq[0x97dcbfa0] -> System.Xml.Linq.dll[0x9a2aa400]: 2
D/Mono    ( 8903): Prepared to set up assembly 'System.Xml.Linq' (System.Xml.Linq.dll)
D/Mono    ( 8903): Assembly System.Xml.Linq[0x97dcbfa0] added to domain RootDomain, ref_count=1
D/Mono    ( 8903): AOT module 'System.Xml.Linq.dll.so' not found: dlopen failed: library "/data/app/com.careerbuilder.SugarDrone-1/lib/arm/libaot-System.Xml.Linq.dll.so" not found
D/Mono    ( 8903): AOT module '/Users/builder/data/lanes/4009/f3074d2c/source/monodroid/builds/install/mono-armv6/lib/mono/aot-cache/arm/System.Xml.Linq.dll.so' not found: dlopen failed: library "/data/app/com.careerbuilder.SugarDrone-1/lib/arm/libaot-System.Xml.Linq.dll.so" not found
D/Mono    ( 8903): Config attempting to parse: 'System.Xml.Linq.dll.config'.
D/Mono    ( 8903): Config attempting to parse: '/Users/builder/data/lanes/4009/f3074d2c/source/monodroid/builds/install/mono-armv6/etc/mono/assemblies/System.Xml.Linq/System.Xml.Linq.config'.
D/Mono    ( 8903): Assembly Ref addref System.Xml.XDocument[0x97ed1520] -> System.Xml.Linq[0x97dcbfa0]: 2
D/Mono    ( 8903): Assembly Ref addref System.Xml.Linq[0x97dcbfa0] -> mscorlib[0xb4b03520]: 49
D/Mono    ( 8903): Assembly Ref addref System.Xml.Linq[0x97dcbfa0] -> System.Xml[0x9bc990a0]: 4
D/Mono    ( 8903): Image addref System.Text.RegularExpressions[0x9bc99e20] -> System.Text.RegularExpressions.dll[0x9a2abd00]: 2
D/Mono    ( 8903): Prepared to set up assembly 'System.Text.RegularExpressions' (System.Text.RegularExpressions.dll)
D/Mono    ( 8903): Assembly System.Text.RegularExpressions[0x9bc99e20] added to domain RootDomain, ref_count=1
D/Mono    ( 8903): AOT module 'System.Text.RegularExpressions.dll.so' not found: dlopen failed: library "/data/app/com.careerbuilder.SugarDrone-1/lib/arm/libaot-System.Text.RegularExpressions.dll.so" not found
D/Mono    ( 8903): AOT module '/Users/builder/data/lanes/4009/f3074d2c/source/monodroid/builds/install/mono-armv6/lib/mono/aot-cache/arm/System.Text.RegularExpressions.dll.so' not found: dlopen failed: library "/data/app/com.careerbuilder.SugarDrone-1/lib/arm/libaot-System.Text.RegularExpressions.dll.so" not found
D/Mono    ( 8903): Config attempting to parse: 'System.Text.RegularExpressions.dll.config'.
D/Mono    ( 8903): Config attempting to parse: '/Users/builder/data/lanes/4009/f3074d2c/source/monodroid/builds/install/mono-armv6/etc/mono/assemblies/System.Text.RegularExpressions/System.Text.RegularExpressions.config'.
D/Mono    ( 8903): Assembly Ref addref Newtonsoft.Json[0xb4b6d0a0] -> System.Text.RegularExpressions[0x9bc99e20]: 2
D/Mono    ( 8903): Assembly Ref addref System.Text.RegularExpressions[0x9bc99e20] -> System[0xb4b6d760]: 11
D/Mono    ( 8903): Unloading image System.Linq.Expressions.dll [0x9a2ac200].
D/Mono    ( 8903): Image addref System.Linq.Expressions[0x97ed17c0] -> System.Linq.Expressions.dll[0x9a115700]: 5
D/Mono    ( 8903): Config attempting to parse: 'System.Linq.Expressions.dll.config'.
D/Mono    ( 8903): Config attempting to parse: '/Users/builder/data/lanes/4009/f3074d2c/source/monodroid/builds/install/mono-armv6/etc/mono/assemblies/System.Linq.Expressions/System.Linq.Expressions.config'.
D/Mono    ( 8903): Assembly Ref addref Newtonsoft.Json[0xb4b6d0a0] -> System.Linq.Expressions[0x9a27b280]: 3
D/Mono    ( 8903): DllImport searching in: '/system/lib/libsqlite.so' ('/system/lib/libsqlite.so').
D/Mono    ( 8903): Searching for 'sqlite3_bind_blob'.
D/Mono    ( 8903): Probing 'sqlite3_bind_blob'.
D/Mono    ( 8903): Found as 'sqlite3_bind_blob'.
D/Mono    ( 8903): DllImport searching in: '/system/lib/libsqlite.so' ('/system/lib/libsqlite.so').
D/Mono    ( 8903): Searching for 'sqlite3_bind_int64'.
D/Mono    ( 8903): Probing 'sqlite3_bind_int64'.
D/Mono    ( 8903): Found as 'sqlite3_bind_int64'.
D/Mono    ( 8903): DllImport searching in: '__Internal' ('(null)').
D/Mono    ( 8903): Searching for 'java_interop_jnienv_call_nonvirtual_boolean_method_a'.
D/Mono    ( 8903): Probing 'java_interop_jnienv_call_nonvirtual_boolean_method_a'.
D/Mono    ( 8903): Found as 'java_interop_jnienv_call_nonvirtual_boolean_method_a'.
I/calabash( 8903): execStartActivity 4
I/ActivityManager(  815): START u0 {cmp=com.careerbuilder.SugarDrone/md5a4824aa66c0dc4d104077b72c1916a44.TermsAndConditionsActivity} from uid 19300 on display 0
V/WindowManager(  815): addAppToken: AppWindowToken{2cbd62db token=Token{731afea ActivityRecord{1ba7dbd5 u0 com.careerbuilder.SugarDrone/md5a4824aa66c0dc4d104077b72c1916a44.TermsAndConditionsActivity t29}}} to stack=1 task=29 at 1
W/ResourceType( 8903): No known package when getting name for resource number 0xffffffff
W/ResourceType( 8903): No known package when getting name for resource number 0xffffffff
W/ResourceType( 8903): No known package when getting name for resource number 0xffffffff
I/calabash( 8903): newActivity1
V/WindowManager(  815): Adding window Window{1f976051 u0 com.careerbuilder.SugarDrone/md5a4824aa66c0dc4d104077b72c1916a44.TermsAndConditionsActivity} at 3 of 8 (after Window{3219d7ad u0 com.careerbuilder.SugarDrone/md537fd6201b6818e2e180d2f7606e21a83.AppMainActivity})
I/ActivityManager(  815): Displayed com.careerbuilder.SugarDrone/md5a4824aa66c0dc4d104077b72c1916a44.TermsAndConditionsActivity: +358ms
I/System.out( 8903): URI: /map
I/System.out( 8903): params: {json={"query":"* id:'agreeAndContinueButton'","operation":{"method_name":"query","arguments":[]}}
I/System.out( 8903): }
W/ResourceType( 8903): No known package when getting name for resource number 0xffffffff
W/ResourceType( 8903): No known package when getting name for resource number 0xffffffff
W/ResourceType( 8903): No known package when getting name for resource number 0xffffffff
W/ResourceType( 8903): No known package when getting name for resource number 0xffffffff
W/ResourceType( 8903): No known package when getting name for resource number 0xffffffff
W/ResourceType( 8903): No known package when getting name for resource number 0xffffffff
W/ResourceType( 8903): No known package when getting name for resource number 0xffffffff
W/ResourceType( 8903): No known package when getting name for resource number 0xffffffff
W/ResourceType( 8903): No known package when getting name for resource number 0xffffffff
W/ResourceType( 8903): No known package when getting name for resource number 0xffffffff
I/System.out( 8903): URI: /map
I/System.out( 8903): params: {json={"query":"* id:'agreeAndContinueButton'","operation":{"method_name":"query","arguments":[]}}
I/System.out( 8903): }
I/ThermalEngine(  367): ACTION: CPU - Setting CPU[0] to 1728000
I/ThermalEngine(  367): ACTION: CPU - Setting CPU[1] to 1728000
I/ThermalEngine(  367): ACTION: CPU - Setting CPU[2] to 1728000
I/ThermalEngine(  367): ACTION: CPU - Setting CPU[3] to 1728000
E/WifiStateMachine(  815): WifiStateMachine CMD_START_SCAN source -2 txSuccessRate=11.00 rxSuccessRate=8.50 targetRoamBSSID=any RSSI=-52
E/WifiStateMachine(  815): WifiStateMachine starting scan for "xtc-ag"WPA_PSK with 5240,2437,5180
W/ResourceType( 8903): No known package when getting name for resource number 0xffffffff
W/ResourceType( 8903): No known package when getting name for resource number 0xffffffff
W/ResourceType( 8903): No known package when getting name for resource number 0xffffffff
W/ResourceType( 8903): No known package when getting name for resource number 0xffffffff
W/ResourceType( 8903): No known package when getting name for resource number 0xffffffff
W/ResourceType( 8903): No known package when getting name for resource number 0xffffffff
W/ResourceType( 8903): No known package when getting name for resource number 0xffffffff
W/ResourceType( 8903): No known package when getting name for resource number 0xffffffff
W/ResourceType( 8903): No known package when getting name for resource number 0xffffffff
W/ResourceType( 8903): No known package when getting name for resource number 0xffffffff
I/System.out( 8903): URI: /map
I/System.out( 8903): params: {json={"query":"* id:'agreeAndContinueButton'","operation":{"method_name":"query","arguments":[]}}
I/System.out( 8903): }
W/ResourceType( 8903): No known package when getting name for resource number 0xffffffff
W/ResourceType( 8903): No known package when getting name for resource number 0xffffffff
W/ResourceType( 8903): No known package when getting name for resource number 0xffffffff
W/ResourceType( 8903): No known package when getting name for resource number 0xffffffff
W/ResourceType( 8903): No known package when getting name for resource number 0xffffffff
W/ResourceType( 8903): No known package when getting name for resource number 0xffffffff
W/ResourceType( 8903): No known package when getting name for resource number 0xffffffff
I/System.out( 8903): URI: /map
I/System.out( 8903): params: {json={"query":"* id:'agreeAndContinueButton'","operation":{"method_name":"query","arguments":[]}}
I/System.out( 8903): }
W/ResourceType( 8903): No known package when getting name for resource number 0xffffffff
W/ResourceType( 8903): No known package when getting name for resource number 0xffffffff
W/ResourceType( 8903): No known package when getting name for resource number 0xffffffff
W/ResourceType( 8903): No known package when getting name for resource number 0xffffffff
W/ResourceType( 8903): No known package when getting name for resource number 0xffffffff
W/ResourceType( 8903): No known package when getting name for resource number 0xffffffff
W/ResourceType( 8903): No known package when getting name for resource number 0xffffffff
I/System.out( 8903): URI: /map
I/System.out( 8903): params: {json={"query":"* id:'agreeAndContinueButton'","operation":{"method_name":"query","arguments":[]}}
I/System.out( 8903): }
W/ResourceType( 8903): No known package when getting name for resource number 0xffffffff
W/ResourceType( 8903): No known package when getting name for resource number 0xffffffff
W/ResourceType( 8903): No known package when getting name for resource number 0xffffffff
W/ResourceType( 8903): No known package when getting name for resource number 0xffffffff
W/ResourceType( 8903): No known package when getting name for resource number 0xffffffff
W/ResourceType( 8903): No known package when getting name for resource number 0xffffffff
W/ResourceType( 8903): No known package when getting name for resource number 0xffffffff
I/System.out( 8903): URI: /map
I/System.out( 8903): params: {json={"query":"* id:'agreeAndContinueButton'","operation":{"method_name":"query","arguments":[]}}
I/System.out( 8903): }
W/ResourceType( 8903): No known package when getting name for resource number 0xffffffff
W/ResourceType( 8903): No known package when getting name for resource number 0xffffffff
W/ResourceType( 8903): No known package when getting name for resource number 0xffffffff
W/ResourceType( 8903): No known package when getting name for resource number 0xffffffff
W/ResourceType( 8903): No known package when getting name for resource number 0xffffffff
W/ResourceType( 8903): No known package when getting name for resource number 0xffffffff
W/ResourceType( 8903): No known package when getting name for resource number 0xffffffff
I/System.out( 8903): URI: /map
I/System.out( 8903): params: {json={"query":"* id:'agreeAndContinueButton'","operation":{"method_name":"query","arguments":[]}}
I/System.out( 8903): }
I/art     ( 8903): Explicit concurrent mark sweep GC freed 115442(4MB) AllocSpace objects, 10(160KB) LOS objects, 37% free, 26MB/42MB, paused 1.580ms total 40.667ms
W/ResourceType( 8903): No known package when getting name for resource number 0xffffffff
W/ResourceType( 8903): No known package when getting name for resource number 0xffffffff
W/ResourceType( 8903): No known package when getting name for resource number 0xffffffff
W/ResourceType( 8903): No known package when getting name for resource number 0xffffffff
W/ResourceType( 8903): No known package when getting name for resource number 0xffffffff
W/ResourceType( 8903): No known package when getting name for resource number 0xffffffff
W/ResourceType( 8903): No known package when getting name for resource number 0xffffffff
I/art     ( 8903): Explicit concurrent mark sweep GC freed 16077(642KB) AllocSpace objects, 0(0B) LOS objects, 37% free, 26MB/42MB, paused 1.550ms total 33.897ms
I/art     ( 8903): Explicit concurrent mark sweep GC freed 19470(765KB) AllocSpace objects, 0(0B) LOS objects, 37% free, 26MB/42MB, paused 1.273ms total 26.777ms
I/art     ( 8903): Explicit concurrent mark sweep GC freed 3570(220KB) AllocSpace objects, 2(32KB) LOS objects, 37% free, 26MB/42MB, paused 1.178ms total 26.386ms
I/art     ( 8903): Explicit concurrent mark sweep GC freed 31(1624B) AllocSpace objects, 0(0B) LOS objects, 37% free, 26MB/42MB, paused 1.443ms total 29.943ms
I/System.out( 8903): URI: /
I/System.out( 8903): params: {json={"command":"touch_coordinate","arguments":[720.0,2273.0]}
I/System.out( 8903): }
I/System.out( 8903): header: {content-length=57, host=devicehost110.prod, x-session-token=token-token-71a530e6-77ec-4818-ba6d-b99275ab21c9, x-forwarded-for=10.222.150.12, content-type=application/json; charset=utf-8, connection=close}
I/System.out( 8903): params: {json={"command":"touch_coordinate","arguments":[720.0,2273.0]}
I/System.out( 8903): }
I/System.out( 8903): ProP json = {"command":"touch_coordinate","arguments":[720.0,2273.0]}
I/System.out( 8903): files: {}
I/System.out( 8903): command: {"command":"touch_coordinate","arguments":[720.0,2273.0]}
I/InstrumentationBackend( 8903): Got command:'Command:'Line:null,touch_coordinate', arguments:'[720.0, 2273.0]'
D/Mono    ( 8903): Assembly Ref addref System.Net.Http[0x9bc99400] -> System.Core[0xb4b6dac0]: 13
D/Mono    ( 8903): Assembly Ref addref Mono.Android[0xb4b6d4c0] -> System[0xb4b6d760]: 12
D/Mono    ( 8903): DllImport searching in: '__Internal' ('(null)').
D/Mono    ( 8903): Searching for 'java_interop_jnienv_call_nonvirtual_int_method_a'.
D/Mono    ( 8903): Probing 'java_interop_jnienv_call_nonvirtual_int_method_a'.
D/Mono    ( 8903): Found as 'java_interop_jnienv_call_nonvirtual_int_method_a'.
D/Mono    ( 8903): DllImport searching in: '__Internal' ('(null)').
D/Mono    ( 8903): Searching for 'java_interop_jnienv_get_float_field'.
D/Mono    ( 8903): Probing 'java_interop_jnienv_get_float_field'.
D/Mono    ( 8903): Found as 'java_interop_jnienv_get_float_field'.
D/Mono    ( 8903): DllImport searching in: '__Internal' ('(null)').
D/Mono    ( 8903): Searching for 'java_interop_jnienv_new_object_array'.
D/Mono    ( 8903): Probing 'java_interop_jnienv_new_object_array'.
D/Mono    ( 8903): Found as 'java_interop_jnienv_new_object_array'.
D/Mono    ( 8903): DllImport searching in: '__Internal' ('(null)').
D/Mono    ( 8903): Searching for 'java_interop_jnienv_set_object_array_element'.
D/Mono    ( 8903): Probing 'java_interop_jnienv_set_object_array_element'.
D/Mono    ( 8903): Found as 'java_interop_jnienv_set_object_array_element'.
D/audio_hw_primary(  359): out_set_parameters: enter: usecase(1: low-latency-playback) kvpairs: routing=2
I/calabash( 8903): execStartActivity 4
I/ActivityManager(  815): START u0 {cmp=com.careerbuilder.SugarDrone/md537fd6201b6818e2e180d2f7606e21a83.ValuePropActivity} from uid 19300 on display 0
V/WindowManager(  815): addAppToken: AppWindowToken{2174c889 token=Token{2ca18790 ActivityRecord{36b35253 u0 com.careerbuilder.SugarDrone/md537fd6201b6818e2e180d2f7606e21a83.ValuePropActivity t29}}} to stack=1 task=29 at 1
I/calabash( 8903): newActivity1
D/Mono    ( 8903): Assembly Ref addref CareerBuilder_Search.Droid[0xb4b03580] -> System.Core[0xb4b6dac0]: 14
I/System.out( 8903): result:{"bonusInformation":[],"message":"","success":true}
D/Mono    ( 8903): DllImport searching in: '__Internal' ('(null)').
D/Mono    ( 8903): Searching for 'java_interop_jnienv_call_nonvirtual_object_method'.
D/Mono    ( 8903): Probing 'java_interop_jnienv_call_nonvirtual_object_method'.
D/Mono    ( 8903): Found as 'java_interop_jnienv_call_nonvirtual_object_method'.
V/WindowManager(  815): Adding window Window{616c0af u0 com.careerbuilder.SugarDrone/md537fd6201b6818e2e180d2f7606e21a83.ValuePropActivity} at 3 of 8 (after Window{1f976051 u0 com.careerbuilder.SugarDrone/md5a4824aa66c0dc4d104077b72c1916a44.TermsAndConditionsActivity})
D/Mono    ( 8903): Assembly Ref addref CareerBuilder_Search.Droid[0xb4b03580] -> Newtonsoft.Json[0xb4b6d0a0]: 4
I/ThermalEngine(  367): ACTION: GPU - Setting GPU[0] to 389000000
I/ThermalEngine(  367): Mitigation:GPU[0]:389000000 Hz
I/ThermalEngine(  367): ACTION: CPU - Setting CPU[0] to 1958400
I/ThermalEngine(  367): ACTION: CPU - Setting CPU[1] to 1958400
I/ThermalEngine(  367): ACTION: CPU - Setting CPU[2] to 1958400
I/ThermalEngine(  367): ACTION: CPU - Setting CPU[3] to 1958400
I/System.out( 8903): URI: /backdoor
I/System.out( 8903): params: {json={"method_name":"APISetup","arguments":[200]}
I/System.out( 8903): }
D/Mono    ( 8903): Unloading image System.dll [0x9a11e300].
D/Mono    ( 8903): Image addref System[0x976e9d60] -> System.dll[0xb4b7c200]: 5
D/Mono    ( 8903): Config attempting to parse: 'System.dll.config'.
D/Mono    ( 8903): Config attempting to parse: '/Users/builder/data/lanes/4009/f3074d2c/source/monodroid/builds/install/mono-armv6/etc/mono/assemblies/System/System.config'.
D/Mono    ( 8903): Unloading image System.dll [0x9a11e300].
D/Mono    ( 8903): Image addref System[0x976e9ca0] -> System.dll[0xb4b7c200]: 6
D/Mono    ( 8903): Config attempting to parse: 'System.dll.config'.
D/Mono    ( 8903): Config attempting to parse: '/Users/builder/data/lanes/4009/f3074d2c/source/monodroid/builds/install/mono-armv6/etc/mono/assemblies/System/System.config'.
D/Mono    ( 8903): Unloading image System.dll [0x9a11e300].
D/Mono    ( 8903): Image addref System[0x976e9ca0] -> System.dll[0xb4b7c200]: 7
D/Mono    ( 8903): Config attempting to parse: 'System.dll.config'.
D/Mono    ( 8903): Config attempting to parse: '/Users/builder/data/lanes/4009/f3074d2c/source/monodroid/builds/install/mono-armv6/etc/mono/assemblies/System/System.config'.
D/Mono    ( 8903): Unloading image System.dll [0x9a11e300].
D/Mono    ( 8903): Image addref System[0x976e9ca0] -> System.dll[0xb4b7c200]: 8
D/Mono    ( 8903): Config attempting to parse: 'System.dll.config'.
D/Mono    ( 8903): Config attempting to parse: '/Users/builder/data/lanes/4009/f3074d2c/source/monodroid/builds/install/mono-armv6/etc/mono/assemblies/System/System.config'.
D/audio_hw_primary(  359): select_devices: out_snd_device(2: speaker) in_snd_device(0: none)
D/msm8974_platform(  359): platform_send_audio_calibration: sending audio calibration for snd_device(2) acdb_id(15)
E/ACDB-LOADER(  359): Error: ACDB AFE returned = -19
D/audio_hw_primary(  359): enable_snd_device: snd_device(2: speaker)
D/audio_hw_primary(  359): enable_audio_route: apply and update mixer path: low-latency-playback speaker
D/Mono    ( 8903): DllImport searching in: '__Internal' ('(null)').
D/Mono    ( 8903): Searching for 'java_interop_jnienv_is_assignable_from'.
D/Mono    ( 8903): Probing 'java_interop_jnienv_is_assignable_from'.
D/Mono    ( 8903): Found as 'java_interop_jnienv_is_assignable_from'.
D/Mono    ( 8903): DllImport searching in: '__Internal' ('(null)').
D/Mono    ( 8903): Searching for 'java_interop_jnienv_get_byte_array_region'.
D/Mono    ( 8903): Probing 'java_interop_jnienv_get_byte_array_region'.
D/Mono    ( 8903): Found as 'java_interop_jnienv_get_byte_array_region'.
D/Mono    ( 8903): DllImport searching in: '__Internal' ('(null)').
D/Mono    ( 8903): Searching for 'java_interop_jnienv_set_byte_array_region'.
D/Mono    ( 8903): Probing 'java_interop_jnienv_set_byte_array_region'.
D/Mono    ( 8903): Found as 'java_interop_jnienv_set_byte_array_region'.
W/FragmentManager( 8903): moveToState: Fragment state for ValuePropFragment{38ec6802 #0 id=0x7f0a0148 android:switcher:2131362120:1} not updated inline; expected state 3 found 2
D/Mono    ( 8903): [0x97edfb00] hill climbing, change max number of threads 5
D/Mono    ( 8903): [0x99d32780] worker starting
D/Mono    ( 8903): [0x99d34580] worker starting
D/Mono    ( 8903): [0x97ee2d00] worker starting
W/Mono    ( 8903): The request to load the assembly System.Core v4.0.0.0 was remapped to v2.0.5.0
D/Mono    ( 8903): Unloading image System.Core.dll [0xaec66900].
D/Mono    ( 8903): Image addref System.Core[0xaefe6460] -> System.Core.dll[0xb4b7d100]: 5
D/Mono    ( 8903): Config attempting to parse: 'System.Core.dll.config'.
D/Mono    ( 8903): Config attempting to parse: '/Users/builder/data/lanes/4009/f3074d2c/source/monodroid/builds/install/mono-armv6/etc/mono/assemblies/System.Core/System.Core.config'.
W/Mono    ( 8903): The request to load the assembly System.Core v4.0.0.0 was remapped to v2.0.5.0
D/Mono    ( 8903): Unloading image System.Core.dll [0xaec66900].
D/Mono    ( 8903): Image addref System.Core[0xaefe69a0] -> System.Core.dll[0xb4b7d100]: 6
D/Mono    ( 8903): Config attempting to parse: 'System.Core.dll.config'.
D/Mono    ( 8903): Config attempting to parse: '/Users/builder/data/lanes/4009/f3074d2c/source/monodroid/builds/install/mono-armv6/etc/mono/assemblies/System.Core/System.Core.config'.
I/Choreographer( 8903): Skipped 40 frames!  The application may be doing too much work on its main thread.
I/ActivityManager(  815): Displayed com.careerbuilder.SugarDrone/md537fd6201b6818e2e180d2f7606e21a83.ValuePropActivity: +974ms
I/System.out( 8903): URI: /backdoor
I/System.out( 8903): params: {json={"method_name":"MyCBBackdoor","arguments":[]}
I/System.out( 8903): }
W/SurfaceFlinger(  259): couldn't log to binary event log: overflow.
D/Mono    ( 8903): Assembly Ref addref CareerBuilder_Search.Droid[0xb4b03580] -> Xamarin.Android.Support.Design[0xb4b03fa0]: 2
I/calabash( 8903): execStartActivity 4
I/ActivityManager(  815): START u0 {cmp=com.careerbuilder.SugarDrone/md5a4824aa66c0dc4d104077b72c1916a44.MasterNavActivity} from uid 19300 on display 0
V/WindowManager(  815): addAppToken: AppWindowToken{3ff816a7 token=Token{16d2e366 ActivityRecord{3d1fffc1 u0 com.careerbuilder.SugarDrone/md5a4824aa66c0dc4d104077b72c1916a44.MasterNavActivity t29}}} to stack=1 task=29 at 2
I/calabash( 8903): newActivity1
