W/art     ( 8903): Before Android 4.1, method android.graphics.PorterDuffColorFilter android.support.graphics.drawable.VectorDrawableCompat.updateTintFilter(android.graphics.PorterDuffColorFilter, android.content.res.ColorStateList, android.graphics.PorterDuff$Mode) would have incorrectly overridden the package-private method in android.graphics.drawable.Drawable
I/System.out( 8903): URI: /map
I/System.out( 8903): params: {json={"query":"* marked:'Search'","operation":{"method_name":"query","arguments":[]}}
I/System.out( 8903): }
D/Mono    ( 8903): DllImport searching in: '__Internal' ('(null)').
D/Mono    ( 8903): Searching for 'java_interop_jnienv_new_byte_array'.
D/Mono    ( 8903): Probing 'java_interop_jnienv_new_byte_array'.
D/Mono    ( 8903): Found as 'java_interop_jnienv_new_byte_array'.
D/Mono    ( 8903): DllImport searching in: '__Internal' ('(null)').
D/Mono    ( 8903): Searching for 'java_interop_jnienv_call_int_method'.
D/Mono    ( 8903): Probing 'java_interop_jnienv_call_int_method'.
D/Mono    ( 8903): Found as 'java_interop_jnienv_call_int_method'.
D/Mono    ( 8903): Assembly Ref addref Xamarin.Android.Support.Design[0xb4b03fa0] -> Xamarin.Android.Support.v4[0xb4b03dc0]: 4
D/Mono    ( 8903): Assembly Ref addref CareerBuilder_Search.Droid[0xb4b03580] -> Xamarin.Android.Support.v7.RecyclerView[0xb4b03e20]: 2
D/Mono    ( 8903): Assembly Ref addref Xamarin.Android.Support.v7.RecyclerView[0xb4b03e20] -> Xamarin.Android.Support.v4[0xb4b03dc0]: 5
D/Mono    ( 8903): Assembly Ref addref CareerBuilder_Search.Droid[0xb4b03580] -> FloatingActionButton-Xamarin[0xb4b03d60]: 2
V/WindowManager(  815): Adding window Window{31ebd6fd u0 com.careerbuilder.SugarDrone/md5a4824aa66c0dc4d104077b72c1916a44.MasterNavActivity} at 4 of 9 (after Window{616c0af u0 com.careerbuilder.SugarDrone/md537fd6201b6818e2e180d2f7606e21a83.ValuePropActivity})
D/Mono    ( 8903): Unloading image System.IO.dll [0x99e20300].
D/Mono    ( 8903): Image addref System.IO[0x97dcbbe0] -> System.IO.dll[0x9a2a2200]: 6
D/Mono    ( 8903): Config attempting to parse: 'System.IO.dll.config'.
D/Mono    ( 8903): Config attempting to parse: '/Users/builder/data/lanes/4009/f3074d2c/source/monodroid/builds/install/mono-armv6/etc/mono/assemblies/System.IO/System.IO.config'.
D/Mono    ( 8903): Assembly Ref addref CareerBuilder_Search[0xb4b6d460] -> System.IO[0x97dcb100]: 4
W/FragmentManager( 8903): moveToState: Fragment state for SavedJobsFragment{34f0d63a #0 id=0x7f0a0148 android:switcher:2131362120:1} not updated inline; expected state 3 found 2
D/Mono    ( 8903): Assembly Ref addref CareerBuilder_Search.Droid[0xb4b03580] -> System[0xb4b6d760]: 13
D/Mono    ( 8903): Unloading image System.Linq.dll [0x99e20300].
D/Mono    ( 8903): Image addref System.Linq[0xaec90fa0] -> System.Linq.dll[0xb4b7ef00]: 9
D/Mono    ( 8903): Config attempting to parse: 'System.Linq.dll.config'.
W/FragmentManager( 8903): moveToState: Fragment state for ResumeManagementFragment{16ad12eb #1 id=0x7f0a0148 android:switcher:2131362120:2} not updated inline; expected state 3 found 2
D/Mono    ( 8903): Config attempting to parse: '/Users/builder/data/lanes/4009/f3074d2c/source/monodroid/builds/install/mono-armv6/etc/mono/assemblies/System.Linq/System.Linq.config'.
D/Mono    ( 8903): Assembly Ref addref CareerBuilder_Search[0xb4b6d460] -> System.Linq[0xb4b6d940]: 7
D/Mono    ( 8903): DllImport attempting to load: '/system/lib/liblog.so'.
D/Mono    ( 8903): DllImport loaded library '/system/lib/liblog.so'.
D/Mono    ( 8903): DllImport searching in: '/system/lib/liblog.so' ('/system/lib/liblog.so').
D/Mono    ( 8903): Searching for '__android_log_print'.
D/Mono    ( 8903): Probing '__android_log_print'.
D/Mono    ( 8903): Found as '__android_log_print'.
I/mono-stdout( 8903): uri is: https://api.careerbuilder.com/consumer/resumes?OAuthToken=&HostSite=US&DeveloperKey=WDHR8FC6P2JZ1Y61KLM5
D/Mono    ( 8903): DllImport searching in: '__Internal' ('(null)').
D/Mono    ( 8903): Searching for 'java_interop_jnienv_call_nonvirtual_void_method'.
D/Mono    ( 8903): Probing 'java_interop_jnienv_call_nonvirtual_void_method'.
D/Mono    ( 8903): Found as 'java_interop_jnienv_call_nonvirtual_void_method'.
I/mono-stdout( 8903): uri is: https://api.careerbuilder.com/consumer/saved-jobs/?DeveloperKey=WDHR8FC6P2JZ1Y61KLM5
D/Mono    ( 8903): Unloading image System.Collections.dll [0x9752cd00].
D/Mono    ( 8903): Image addref System.Collections[0x97480c40] -> System.Collections.dll[0xb4b7cc00]: 10
D/Mono    ( 8903): Config attempting to parse: 'System.Collections.dll.config'.
D/Mono    ( 8903): Config attempting to parse: '/Users/builder/data/lanes/4009/f3074d2c/source/monodroid/builds/install/mono-armv6/etc/mono/assemblies/System.Collections/System.Collections.config'.
D/Mono    ( 8903): Assembly Ref addref System.Reactive.Linq[0xb4b6d220] -> System.Collections[0xb4b6d820]: 8
I/mono-stdout( 8903): uri is: https://api.careerbuilder.com/consumer/jobs/search/?Keywords=&Location=&UseFacets=true&PageNumber=1&ExcludeNational=true&DeveloperKey=WDHR8FC6P2JZ1Y61KLM5
I/mono-stdout( 8903): uri is: https://api.careerbuilder.com/consumer/resumes?OAuthToken=&HostSite=US&DeveloperKey=WDHR8FC6P2JZ1Y61KLM5
D/Mono    ( 8903): Image addref System.Net.Primitives[0x976cfe80] -> System.Net.Primitives.dll[0x99e1d100]: 2
D/Mono    ( 8903): Prepared to set up assembly 'System.Net.Primitives' (System.Net.Primitives.dll)
D/Mono    ( 8903): Assembly System.Net.Primitives[0x976cfe80] added to domain RootDomain, ref_count=1
D/Mono    ( 8903): AOT module 'System.Net.Primitives.dll.so' not found: dlopen failed: library "/data/app/com.careerbuilder.SugarDrone-1/lib/arm/libaot-System.Net.Primitives.dll.so" not found
D/Mono    ( 8903): AOT module '/Users/builder/data/lanes/4009/f3074d2c/source/monodroid/builds/install/mono-armv6/lib/mono/aot-cache/arm/System.Net.Primitives.dll.so' not found: dlopen failed: library "/data/app/com.careerbuilder.SugarDrone-1/lib/arm/libaot-System.Net.Primitives.dll.so" not found
D/Mono    ( 8903): Config attempting to parse: 'System.Net.Primitives.dll.config'.
D/Mono    ( 8903): Config attempting to parse: '/Users/builder/data/lanes/4009/f3074d2c/source/monodroid/builds/install/mono-armv6/etc/mono/assemblies/System.Net.Primitives/System.Net.Primitives.config'.
D/Mono    ( 8903): Assembly Ref addref CareerBuilder_Search[0xb4b6d460] -> System.Net.Primitives[0x976cfe80]: 2
D/Mono    ( 8903): Assembly Ref addref System.Net.Primitives[0x976cfe80] -> System[0xb4b6d760]: 14
D/Mono    ( 8903): Unloading image System.Net.Primitives.dll [0x96518800].
D/Mono    ( 8903): Image addref System.Net.Primitives[0xaefe6460] -> System.Net.Primitives.dll[0x99e1d100]: 5
D/Mono    ( 8903): Config attempting to parse: 'System.Net.Primitives.dll.config'.
D/Mono    ( 8903): Config attempting to parse: '/Users/builder/data/lanes/4009/f3074d2c/source/monodroid/builds/install/mono-armv6/etc/mono/assemblies/System.Net.Primitives/System.Net.Primitives.config'.
D/Mono    ( 8903): Unloading image System.Net.Primitives.dll [0x9752cd00].
D/Mono    ( 8903): Image addref System.Net.Primitives[0x97480ac0] -> System.Net.Primitives.dll[0x99e1d100]: 6
D/Mono    ( 8903): Config attempting to parse: 'System.Net.Primitives.dll.config'.
D/Mono    ( 8903): Config attempting to parse: '/Users/builder/data/lanes/4009/f3074d2c/source/monodroid/builds/install/mono-armv6/etc/mono/assemblies/System.Net.Primitives/System.Net.Primitives.config'.
D/Mono    ( 8903): Unloading image System.Text.Encoding.dll [0x99e23a00].
D/Mono    ( 8903): Image addref System.Text.Encoding[0x976e9160] -> System.Text.Encoding.dll[0xb4b84e00]: 5
D/Mono    ( 8903): Config attempting to parse: 'System.Text.Encoding.dll.config'.
D/Mono    ( 8903): Config attempting to parse: '/Users/builder/data/lanes/4009/f3074d2c/source/monodroid/builds/install/mono-armv6/etc/mono/assemblies/System.Text.Encoding/System.Text.Encoding.config'.
D/Mono    ( 8903): Assembly Ref addref CareerBuilder_Search[0xb4b6d460] -> System.Text.Encoding[0x9a1761c0]: 3
D/Mono    ( 8903): Unloading image System.Text.Encoding.dll [0x9752cd00].
D/Mono    ( 8903): Image addref System.Text.Encoding[0x976aedc0] -> System.Text.Encoding.dll[0xb4b84e00]: 6
D/Mono    ( 8903): Config attempting to parse: 'System.Text.Encoding.dll.config'.
D/Mono    ( 8903): Config attempting to parse: '/Users/builder/data/lanes/4009/f3074d2c/source/monodroid/builds/install/mono-armv6/etc/mono/assemblies/System.Text.Encoding/System.Text.Encoding.config'.
I/mono-stdout( 8903): making api call to: /consumer/jobs/search/?Keywords=&Location=&UseFacets=true&PageNumber=1&ExcludeNational=true&DeveloperKey=WDHR8FC6P2JZ1Y61KLM5
I/mono-stdout( 8903): making api call to: /consumer/saved-jobs/?DeveloperKey=WDHR8FC6P2JZ1Y61KLM5
I/mono-stdout( 8903): making api call to: /consumer/resumes?OAuthToken=&HostSite=US&DeveloperKey=WDHR8FC6P2JZ1Y61KLM5
I/mono-stdout( 8903): making api call to: /consumer/resumes?OAuthToken=&HostSite=US&DeveloperKey=WDHR8FC6P2JZ1Y61KLM5
I/mono-stdout( 8903): Method: GET, RequestUri: 'https://api.careerbuilder.com/consumer/saved-jobs/?DeveloperKey=WDHR8FC6P2JZ1Y61KLM5', Version: 1.1, Content: <null>, Headers:

I/mono-stdout( 8903): {

I/mono-stdout( 8903): DeveloperKey: WDHR8FC6P2JZ1Y61KLM5

I/mono-stdout( 8903): Accept: application/json

I/mono-stdout( 8903): Authorization: Bearer test

I/mono-stdout( 8903): HostSite: US

I/mono-stdout( 8903): }
I/mono-stdout( 8903): Current State = 1,2,6,7
I/mono-stdout( 8903): applied jobs = 6
I/mono-stdout( 8903): expired jobs = 7
I/mono-stdout( 8903): saved jobs = Saved,Saved,Applied,Saved
I/mono-stdout( 8903): done making call to: /consumer/resumes?OAuthToken=&HostSite=US&DeveloperKey=WDHR8FC6P2JZ1Y61KLM5
I/mono-stdout( 8903): done making call to: /consumer/resumes?OAuthToken=&HostSite=US&DeveloperKey=WDHR8FC6P2JZ1Y61KLM5
I/mono-stdout( 8903): The resume  with hash has been set as latest
I/mono-stdout( 8903): The resume  with hash has been set as latest
I/art     ( 8903): Explicit concurrent mark sweep GC freed 1353(77KB) AllocSpace objects, 0(0B) LOS objects, 27% free, 42MB/58MB, paused 1.080ms total 28.596ms
D/Mono    ( 8903): GC_TAR_BRIDGE bridges 172 objects 370 opaque 122 colors 172 colors-bridged 172 colors-visible 172 xref 5 cache-hit 0 cache-semihit 0 cache-miss 0 setup 0.06ms tarjan 0.36ms scc-setup 0.12ms gather-xref 0.01ms xref-setup 0.02ms cleanup 0.07ms
D/Mono    ( 8903): GC_BRIDGE: Complete, was running for 32.26ms
D/Mono    ( 8903): GC_MINOR: (Nursery full) time 17.07ms, stw 17.55ms promoted 887K major size: 1888K in use: 1165K los size: 1024K in use: 370K
I/mono-stdout( 8903): done making call to: /consumer/saved-jobs/?DeveloperKey=WDHR8FC6P2JZ1Y61KLM5
I/mono-stdout( 8903): done making call to: /consumer/jobs/search/?Keywords=&Location=&UseFacets=true&PageNumber=1&ExcludeNational=true&DeveloperKey=WDHR8FC6P2JZ1Y61KLM5
I/mono-stdout( 8903): uri is: https://api.careerbuilder.com/consumer/saved-jobs/?DeveloperKey=WDHR8FC6P2JZ1Y61KLM5
I/mono-stdout( 8903): making api call to: /consumer/saved-jobs/?DeveloperKey=WDHR8FC6P2JZ1Y61KLM5
I/mono-stdout( 8903): Method: GET, RequestUri: 'https://api.careerbuilder.com/consumer/saved-jobs/?DeveloperKey=WDHR8FC6P2JZ1Y61KLM5', Version: 1.1, Content: <null>, Headers:

I/mono-stdout( 8903): {

I/mono-stdout( 8903): DeveloperKey: WDHR8FC6P2JZ1Y61KLM5

I/mono-stdout( 8903): Accept: application/json

I/mono-stdout( 8903): Authorization: Bearer test

I/mono-stdout( 8903): HostSite: US

I/mono-stdout( 8903): }
I/mono-stdout( 8903): Current State = 1,2,6,7
I/mono-stdout( 8903): applied jobs = 6
I/mono-stdout( 8903): expired jobs = 7
I/mono-stdout( 8903): saved jobs = Saved,Saved,Applied,Saved
E/RecyclerView( 8903): No adapter attached; skipping layout
W/art     ( 8903): JNI RegisterNativeMethods: attempt to register 0 native methods for md539c3d548fb000cea9f34163fa7e112ea.ProgressListItemViewHolder
W/ResourceType( 8903): No known package when getting name for resource number 0xffffffff
W/ResourceType( 8903): No known package when getting name for resource number 0xffffffff
W/ResourceType( 8903): No known package when getting name for resource number 0xffffffff
W/ResourceType( 8903): No known package when getting name for resource number 0xffffffff
W/ResourceType( 8903): No known package when getting name for resource number 0xffffffff
W/ResourceType( 8903): No known package when getting name for resource number 0xffffffff
W/ResourceType( 8903): No known package when getting name for resource number 0xffffffff
W/ResourceType( 8903): No known package when getting name for resource number 0xffffffff
W/ResourceType( 8903): No known package when getting name for resource number 0xffffffff
W/ResourceType( 8903): No known package when getting name for resource number 0xffffffff
I/ThermalEngine(  367): ACTION: GPU - Setting GPU[0] to 500000000
I/ThermalEngine(  367): Mitigation:GPU[0]:500000000 Hz
W/ResourceType( 8903): No known package when getting name for resource number 0xffffffff
I/ThermalEngine(  367): ACTION: CPU - Setting CPU[0] to 2265600
I/ThermalEngine(  367): ACTION: CPU - Setting CPU[1] to 2265600
I/ThermalEngine(  367): ACTION: CPU - Setting CPU[2] to 2265600
I/ThermalEngine(  367): ACTION: CPU - Setting CPU[3] to 2265600
W/ResourceType( 8903): No known package when getting name for resource number 0xffffffff
W/ResourceType( 8903): No known package when getting name for resource number 0xffffffff
W/ResourceType( 8903): No known package when getting name for resource number 0xffffffff
W/ResourceType( 8903): No known package when getting name for resource number 0xffffffff
W/ResourceType( 8903): No known package when getting name for resource number 0xffffffff
W/ResourceType( 8903): No known package when getting name for resource number 0xffffffff
D/Mono    ( 8903): Assembly Ref addref Xamarin.Android.Support.v7.AppCompat[0xb4b03f40] -> System.Core[0xb4b6dac0]: 15
I/Choreographer( 8903): Skipped 101 frames!  The application may be doing too much work on its main thread.
E/RecyclerView( 8903): No adapter attached; skipping layout
I/ActivityManager(  815): Displayed com.careerbuilder.SugarDrone/md5a4824aa66c0dc4d104077b72c1916a44.MasterNavActivity: +2s340ms
D/Mono    ( 8903): DllImport searching in: '__Internal' ('(null)').
D/Mono    ( 8903): Searching for 'java_interop_jnienv_call_void_method'.
D/Mono    ( 8903): Probing 'java_interop_jnienv_call_void_method'.
D/Mono    ( 8903): Found as 'java_interop_jnienv_call_void_method'.
E/RecyclerView( 8903): No adapter attached; skipping layout
I/System.out( 8903): URI: /map
I/System.out( 8903): params: {json={"query":"* marked:'Search'","operation":{"method_name":"query","arguments":[]}}
I/System.out( 8903): }
I/mono-stdout( 8903): done making call to: /consumer/saved-jobs/?DeveloperKey=WDHR8FC6P2JZ1Y61KLM5
D/audio_hw_primary(  359): disable_audio_route: reset and update mixer path: low-latency-playback speaker
D/audio_hw_primary(  359): disable_snd_device: snd_device(2: speaker)
D/Mono    ( 8903): DllImport searching in: '__Internal' ('(null)').
D/Mono    ( 8903): Searching for 'java_interop_jnienv_set_int_field'.
D/Mono    ( 8903): Probing 'java_interop_jnienv_set_int_field'.
D/Mono    ( 8903): Found as 'java_interop_jnienv_set_int_field'.
W/ResourceType( 8903): No known package when getting name for resource number 0xffffffff
W/ResourceType( 8903): No known package when getting name for resource number 0xffffffff
W/ResourceType( 8903): No known package when getting name for resource number 0xffffffff
W/ResourceType( 8903): No known package when getting name for resource number 0xffffffff
W/ResourceType( 8903): No known package when getting name for resource number 0xffffffff
W/ResourceType( 8903): No known package when getting name for resource number 0xffffffff
W/ResourceType( 8903): No known package when getting name for resource number 0xffffffff
W/ResourceType( 8903): No known package when getting name for resource number 0xffffffff
W/ResourceType( 8903): No known package when getting name for resource number 0xffffffff
W/ResourceType( 8903): No known package when getting name for resource number 0xffffffff
W/ResourceType( 8903): No known package when getting name for resource number 0xffffffff
W/ResourceType( 8903): No known package when getting name for resource number 0xffffffff
W/ResourceType( 8903): No known package when getting name for resource number 0xffffffff
W/ResourceType( 8903): No known package when getting name for resource number 0xffffffff
W/ResourceType( 8903): No known package when getting name for resource number 0xffffffff
W/ResourceType( 8903): No known package when getting name for resource number 0xffffffff
W/ResourceType( 8903): No known package when getting name for resource number 0xffffffff
W/ResourceType( 8903): No known package when getting name for resource number 0xffffffff
W/ResourceType( 8903): No known package when getting name for resource number 0xffffffff
W/ResourceType( 8903): No known package when getting name for resource number 0xffffffff
W/ResourceType( 8903): No known package when getting name for resource number 0xffffffff
W/ResourceType( 8903): No known package when getting name for resource number 0xffffffff
W/ResourceType( 8903): No known package when getting name for resource number 0xffffffff
W/ResourceType( 8903): No known package when getting name for resource number 0xffffffff
W/ResourceType( 8903): No known package when getting name for resource number 0xffffffff
W/ResourceType( 8903): No known package when getting name for resource number 0xffffffff
W/ResourceType( 8903): No known package when getting name for resource number 0xffffffff
W/ResourceType( 8903): No known package when getting name for resource number 0xffffffff
W/ResourceType( 8903): No known package when getting name for resource number 0xffffffff
W/ResourceType( 8903): No known package when getting name for resource number 0xffffffff
W/ResourceType( 8903): No known package when getting name for resource number 0xffffffff
W/ResourceType( 8903): No known package when getting name for resource number 0xffffffff
W/ResourceType( 8903): No known package when getting name for resource number 0xffffffff
W/ResourceType( 8903): No known package when getting name for resource number 0xffffffff
W/ResourceType( 8903): No known package when getting name for resource number 0xffffffff
W/ResourceType( 8903): No known package when getting name for resource number 0xffffffff
W/ResourceType( 8903): No known package when getting name for resource number 0xffffffff
W/ResourceType( 8903): No known package when getting name for resource number 0xffffffff
W/ResourceType( 8903): No known package when getting name for resource number 0xffffffff
W/ResourceType( 8903): No known package when getting name for resource number 0xffffffff
W/ResourceType( 8903): No known package when getting name for resource number 0xffffffff
W/ResourceType( 8903): No known package when getting name for resource number 0xffffffff
W/ResourceType( 8903): No known package when getting name for resource number 0xffffffff
W/ResourceType( 8903): No known package when getting name for resource number 0xffffffff
W/ResourceType( 8903): No known package when getting name for resource number 0xffffffff
W/ResourceType( 8903): No known package when getting name for resource number 0xffffffff
W/ResourceType( 8903): No known package when getting name for resource number 0xffffffff
W/ResourceType( 8903): No known package when getting name for resource number 0xffffffff
W/ResourceType( 8903): No known package when getting name for resource number 0xffffffff
W/ResourceType( 8903): No known package when getting name for resource number 0xffffffff
W/ResourceType( 8903): No known package when getting name for resource number 0xffffffff
W/ResourceType( 8903): No known package when getting name for resource number 0xffffffff
W/ResourceType( 8903): No known package when getting name for resource number 0xffffffff
I/Choreographer( 8903): Skipped 38 frames!  The application may be doing too much work on its main thread.
W/ResourceType( 8903): No known package when getting name for resource number 0xffffffff
E/RecyclerView( 8903): No adapter attached; skipping layout
W/art     ( 8903): JNI RegisterNativeMethods: attempt to register 0 native methods for md539c3d548fb000cea9f34163fa7e112ea.JobResultViewHolder
W/art     ( 8903): JNI RegisterNativeMethods: attempt to register 0 native methods for md543b91ad655f5c020e54c78f692da973f.SnapshotView
I/art     ( 8903): Explicit concurrent mark sweep GC freed 100235(4MB) AllocSpace objects, 3(48KB) LOS objects, 26% free, 43MB/59MB, paused 1.783ms total 66.280ms
I/art     ( 8903): Explicit concurrent mark sweep GC freed 4940(298KB) AllocSpace objects, 2(32KB) LOS objects, 26% free, 43MB/59MB, paused 1.305ms total 29.651ms
I/art     ( 8903): Explicit concurrent mark sweep GC freed 215(8KB) AllocSpace objects, 1(16KB) LOS objects, 26% free, 43MB/59MB, paused 1.902ms total 28.111ms
I/art     ( 8903): Explicit concurrent mark sweep GC freed 165(9KB) AllocSpace objects, 0(0B) LOS objects, 26% free, 43MB/59MB, paused 1.154ms total 25.705ms
I/System.out( 8903): URI: /map
I/System.out( 8903): params: {json={"query":"* marked:'Search'","operation":{"method_name":"query","arguments":[]}}
I/System.out( 8903): }
I/art     ( 8903): Explicit concurrent mark sweep GC freed 6832(249KB) AllocSpace objects, 1(16KB) LOS objects, 26% free, 43MB/59MB, paused 1.693ms total 38.263ms
W/ResourceType( 8903): No known package when getting name for resource number 0xffffffff
W/ResourceType( 8903): No known package when getting name for resource number 0xffffffff
W/ResourceType( 8903): No known package when getting name for resource number 0xffffffff
W/ResourceType( 8903): No known package when getting name for resource number 0xffffffff
W/ResourceType( 8903): No known package when getting name for resource number 0xffffffff
W/ResourceType( 8903): No known package when getting name for resource number 0xffffffff
W/ResourceType( 8903): No known package when getting name for resource number 0xffffffff
W/ResourceType( 8903): No known package when getting name for resource number 0xffffffff
W/ResourceType( 8903): No known package when getting name for resource number 0xffffffff
W/ResourceType( 8903): No known package when getting name for resource number 0xffffffff
W/ResourceType( 8903): No known package when getting name for resource number 0xffffffff
W/ResourceType( 8903): No known package when getting name for resource number 0xffffffff
W/ResourceType( 8903): No known package when getting name for resource number 0xffffffff
W/ResourceType( 8903): No known package when getting name for resource number 0xffffffff
W/ResourceType( 8903): No known package when getting name for resource number 0xffffffff
W/ResourceType( 8903): No known package when getting name for resource number 0xffffffff
W/ResourceType( 8903): No known package when getting name for resource number 0xffffffff
W/ResourceType( 8903): No known package when getting name for resource number 0xffffffff
W/ResourceType( 8903): No known package when getting name for resource number 0xffffffff
W/ResourceType( 8903): No known package when getting name for resource number 0xffffffff
W/ResourceType( 8903): No known package when getting name for resource number 0xffffffff
W/ResourceType( 8903): No known package when getting name for resource number 0xffffffff
W/ResourceType( 8903): No known package when getting name for resource number 0xffffffff
W/ResourceType( 8903): No known package when getting name for resource number 0xffffffff
W/ResourceType( 8903): No known package when getting name for resource number 0xffffffff
W/ResourceType( 8903): No known package when getting name for resource number 0xffffffff
W/ResourceType( 8903): No known package when getting name for resource number 0xffffffff
W/ResourceType( 8903): No known package when getting name for resource number 0xffffffff
W/ResourceType( 8903): No known package when getting name for resource number 0xffffffff
W/ResourceType( 8903): No known package when getting name for resource number 0xffffffff
W/ResourceType( 8903): No known package when getting name for resource number 0xffffffff
W/ResourceType( 8903): No known package when getting name for resource number 0xffffffff
W/ResourceType( 8903): No known package when getting name for resource number 0xffffffff
W/ResourceType( 8903): No known package when getting name for resource number 0xffffffff
W/ResourceType( 8903): No known package when getting name for resource number 0xffffffff
W/ResourceType( 8903): No known package when getting name for resource number 0xffffffff
W/ResourceType( 8903): No known package when getting name for resource number 0xffffffff
W/ResourceType( 8903): No known package when getting name for resource number 0xffffffff
W/ResourceType( 8903): No known package when getting name for resource number 0xffffffff
W/ResourceType( 8903): No known package when getting name for resource number 0xffffffff
W/ResourceType( 8903): No known package when getting name for resource number 0xffffffff
W/ResourceType( 8903): No known package when getting name for resource number 0xffffffff
W/ResourceType( 8903): No known package when getting name for resource number 0xffffffff
W/ResourceType( 8903): No known package when getting name for resource number 0xffffffff
W/ResourceType( 8903): No known package when getting name for resource number 0xffffffff
W/ResourceType( 8903): No known package when getting name for resource number 0xffffffff
W/ResourceType( 8903): No known package when getting name for resource number 0xffffffff
W/ResourceType( 8903): No known package when getting name for resource number 0xffffffff
W/ResourceType( 8903): No known package when getting name for resource number 0xffffffff
W/ResourceType( 8903): No known package when getting name for resource number 0xffffffff
W/ResourceType( 8903): No known package when getting name for resource number 0xffffffff
W/ResourceType( 8903): No known package when getting name for resource number 0xffffffff
W/ResourceType( 8903): No known package when getting name for resource number 0xffffffff
W/ResourceType( 8903): No known package when getting name for resource number 0xffffffff
W/ResourceType( 8903): No known package when getting name for resource number 0xffffffff
W/ResourceType( 8903): No known package when getting name for resource number 0xffffffff
W/ResourceType( 8903): No known package when getting name for resource number 0xffffffff
W/ResourceType( 8903): No known package when getting name for resource number 0xffffffff
W/ResourceType( 8903): No known package when getting name for resource number 0xffffffff
W/ResourceType( 8903): No known package when getting name for resource number 0xffffffff
W/ResourceType( 8903): No known package when getting name for resource number 0xffffffff
W/ResourceType( 8903): No known package when getting name for resource number 0xffffffff
W/ResourceType( 8903): No known package when getting name for resource number 0xffffffff
W/ResourceType( 8903): No known package when getting name for resource number 0xffffffff
W/ResourceType( 8903): No known package when getting name for resource number 0xffffffff
W/ResourceType( 8903): No known package when getting name for resource number 0xffffffff
W/ResourceType( 8903): No known package when getting name for resource number 0xffffffff
I/System.out( 8903): URI: /map
I/System.out( 8903): params: {json={"query":"* marked:'Search'","operation":{"method_name":"query","arguments":[]}}
I/System.out( 8903): }
W/ResourceType( 8903): No known package when getting name for resource number 0xffffffff
W/ResourceType( 8903): No known package when getting name for resource number 0xffffffff
W/ResourceType( 8903): No known package when getting name for resource number 0xffffffff
W/ResourceType( 8903): No known package when getting name for resource number 0xffffffff
W/ResourceType( 8903): No known package when getting name for resource number 0xffffffff
W/ResourceType( 8903): No known package when getting name for resource number 0xffffffff
W/ResourceType( 8903): No known package when getting name for resource number 0xffffffff
W/ResourceType( 8903): No known package when getting name for resource number 0xffffffff
W/ResourceType( 8903): No known package when getting name for resource number 0xffffffff
W/ResourceType( 8903): No known package when getting name for resource number 0xffffffff
W/ResourceType( 8903): No known package when getting name for resource number 0xffffffff
W/ResourceType( 8903): No known package when getting name for resource number 0xffffffff
W/ResourceType( 8903): No known package when getting name for resource number 0xffffffff
W/ResourceType( 8903): No known package when getting name for resource number 0xffffffff
W/ResourceType( 8903): No known package when getting name for resource number 0xffffffff
W/ResourceType( 8903): No known package when getting name for resource number 0xffffffff
W/ResourceType( 8903): No known package when getting name for resource number 0xffffffff
W/ResourceType( 8903): No known package when getting name for resource number 0xffffffff
W/ResourceType( 8903): No known package when getting name for resource number 0xffffffff
W/ResourceType( 8903): No known package when getting name for resource number 0xffffffff
W/ResourceType( 8903): No known package when getting name for resource number 0xffffffff
W/ResourceType( 8903): No known package when getting name for resource number 0xffffffff
W/ResourceType( 8903): No known package when getting name for resource number 0xffffffff
W/ResourceType( 8903): No known package when getting name for resource number 0xffffffff
W/ResourceType( 8903): No known package when getting name for resource number 0xffffffff
W/ResourceType( 8903): No known package when getting name for resource number 0xffffffff
W/ResourceType( 8903): No known package when getting name for resource number 0xffffffff
W/ResourceType( 8903): No known package when getting name for resource number 0xffffffff
W/ResourceType( 8903): No known package when getting name for resource number 0xffffffff
W/ResourceType( 8903): No known package when getting name for resource number 0xffffffff
W/ResourceType( 8903): No known package when getting name for resource number 0xffffffff
W/ResourceType( 8903): No known package when getting name for resource number 0xffffffff
W/ResourceType( 8903): No known package when getting name for resource number 0xffffffff
W/ResourceType( 8903): No known package when getting name for resource number 0xffffffff
W/ResourceType( 8903): No known package when getting name for resource number 0xffffffff
W/ResourceType( 8903): No known package when getting name for resource number 0xffffffff
W/ResourceType( 8903): No known package when getting name for resource number 0xffffffff
W/ResourceType( 8903): No known package when getting name for resource number 0xffffffff
W/ResourceType( 8903): No known package when getting name for resource number 0xffffffff
W/ResourceType( 8903): No known package when getting name for resource number 0xffffffff
W/ResourceType( 8903): No known package when getting name for resource number 0xffffffff
W/ResourceType( 8903): No known package when getting name for resource number 0xffffffff
W/ResourceType( 8903): No known package when getting name for resource number 0xffffffff
W/ResourceType( 8903): No known package when getting name for resource number 0xffffffff
W/ResourceType( 8903): No known package when getting name for resource number 0xffffffff
W/ResourceType( 8903): No known package when getting name for resource number 0xffffffff
W/ResourceType( 8903): No known package when getting name for resource number 0xffffffff
W/ResourceType( 8903): No known package when getting name for resource number 0xffffffff
W/ResourceType( 8903): No known package when getting name for resource number 0xffffffff
W/ResourceType( 8903): No known package when getting name for resource number 0xffffffff
W/ResourceType( 8903): No known package when getting name for resource number 0xffffffff
W/ResourceType( 8903): No known package when getting name for resource number 0xffffffff
W/ResourceType( 8903): No known package when getting name for resource number 0xffffffff
W/ResourceType( 8903): No known package when getting name for resource number 0xffffffff
W/ResourceType( 8903): No known package when getting name for resource number 0xffffffff
W/ResourceType( 8903): No known package when getting name for resource number 0xffffffff
W/ResourceType( 8903): No known package when getting name for resource number 0xffffffff
W/ResourceType( 8903): No known package when getting name for resource number 0xffffffff
W/ResourceType( 8903): No known package when getting name for resource number 0xffffffff
W/ResourceType( 8903): No known package when getting name for resource number 0xffffffff
W/ResourceType( 8903): No known package when getting name for resource number 0xffffffff
W/ResourceType( 8903): No known package when getting name for resource number 0xffffffff
W/ResourceType( 8903): No known package when getting name for resource number 0xffffffff
W/ResourceType( 8903): No known package when getting name for resource number 0xffffffff
W/ResourceType( 8903): No known package when getting name for resource number 0xffffffff
W/ResourceType( 8903): No known package when getting name for resource number 0xffffffff
I/ThermalEngine(  367): ACTION: GPU - Setting GPU[0] to 600000000
I/ThermalEngine(  367): Mitigation:GPU[0]:600000000 Hz
W/ResourceType( 8903): No known package when getting name for resource number 0xffffffff
I/ThermalEngine(  367): ACTION: CPU - Setting CPU[0] to 2457600
I/ThermalEngine(  367): ACTION: CPU - Setting CPU[1] to 2457600
I/ThermalEngine(  367): ACTION: CPU - Setting CPU[2] to 2457600
I/ThermalEngine(  367): ACTION: CPU - Setting CPU[3] to 2457600
I/System.out( 8903): URI: /map
I/System.out( 8903): params: {json={"query":"* marked:'Search'","operation":{"method_name":"query","arguments":[]}}
I/System.out( 8903): }
D/Mono    ( 8903): [0x9cb69600] hill climbing, change max number of threads 4
W/ResourceType( 8903): No known package when getting name for resource number 0xffffffff
W/ResourceType( 8903): No known package when getting name for resource number 0xffffffff
W/ResourceType( 8903): No known package when getting name for resource number 0xffffffff
W/ResourceType( 8903): No known package when getting name for resource number 0xffffffff
W/ResourceType( 8903): No known package when getting name for resource number 0xffffffff
W/ResourceType( 8903): No known package when getting name for resource number 0xffffffff
W/ResourceType( 8903): No known package when getting name for resource number 0xffffffff
W/ResourceType( 8903): No known package when getting name for resource number 0xffffffff
W/ResourceType( 8903): No known package when getting name for resource number 0xffffffff
W/ResourceType( 8903): No known package when getting name for resource number 0xffffffff
W/ResourceType( 8903): No known package when getting name for resource number 0xffffffff
W/ResourceType( 8903): No known package when getting name for resource number 0xffffffff
W/ResourceType( 8903): No known package when getting name for resource number 0xffffffff
W/ResourceType( 8903): No known package when getting name for resource number 0xffffffff
W/ResourceType( 8903): No known package when getting name for resource number 0xffffffff
W/ResourceType( 8903): No known package when getting name for resource number 0xffffffff
W/ResourceType( 8903): No known package when getting name for resource number 0xffffffff
W/ResourceType( 8903): No known package when getting name for resource number 0xffffffff
W/ResourceType( 8903): No known package when getting name for resource number 0xffffffff
W/ResourceType( 8903): No known package when getting name for resource number 0xffffffff
W/ResourceType( 8903): No known package when getting name for resource number 0xffffffff
W/ResourceType( 8903): No known package when getting name for resource number 0xffffffff
W/ResourceType( 8903): No known package when getting name for resource number 0xffffffff
W/ResourceType( 8903): No known package when getting name for resource number 0xffffffff
W/ResourceType( 8903): No known package when getting name for resource number 0xffffffff
W/ResourceType( 8903): No known package when getting name for resource number 0xffffffff
W/ResourceType( 8903): No known package when getting name for resource number 0xffffffff
W/ResourceType( 8903): No known package when getting name for resource number 0xffffffff
W/ResourceType( 8903): No known package when getting name for resource number 0xffffffff
W/ResourceType( 8903): No known package when getting name for resource number 0xffffffff
W/ResourceType( 8903): No known package when getting name for resource number 0xffffffff
W/ResourceType( 8903): No known package when getting name for resource number 0xffffffff
W/ResourceType( 8903): No known package when getting name for resource number 0xffffffff
W/ResourceType( 8903): No known package when getting name for resource number 0xffffffff
W/ResourceType( 8903): No known package when getting name for resource number 0xffffffff
W/ResourceType( 8903): No known package when getting name for resource number 0xffffffff
W/ResourceType( 8903): No known package when getting name for resource number 0xffffffff
W/ResourceType( 8903): No known package when getting name for resource number 0xffffffff
W/ResourceType( 8903): No known package when getting name for resource number 0xffffffff
W/ResourceType( 8903): No known package when getting name for resource number 0xffffffff
W/ResourceType( 8903): No known package when getting name for resource number 0xffffffff
W/ResourceType( 8903): No known package when getting name for resource number 0xffffffff
W/ResourceType( 8903): No known package when getting name for resource number 0xffffffff
W/ResourceType( 8903): No known package when getting name for resource number 0xffffffff
W/ResourceType( 8903): No known package when getting name for resource number 0xffffffff
W/ResourceType( 8903): No known package when getting name for resource number 0xffffffff
W/ResourceType( 8903): No known package when getting name for resource number 0xffffffff
W/ResourceType( 8903): No known package when getting name for resource number 0xffffffff
W/ResourceType( 8903): No known package when getting name for resource number 0xffffffff
W/ResourceType( 8903): No known package when getting name for resource number 0xffffffff
W/ResourceType( 8903): No known package when getting name for resource number 0xffffffff
W/ResourceType( 8903): No known package when getting name for resource number 0xffffffff
W/ResourceType( 8903): No known package when getting name for resource number 0xffffffff
W/ResourceType( 8903): No known package when getting name for resource number 0xffffffff
W/ResourceType( 8903): No known package when getting name for resource number 0xffffffff
W/ResourceType( 8903): No known package when getting name for resource number 0xffffffff
W/ResourceType( 8903): No known package when getting name for resource number 0xffffffff
W/ResourceType( 8903): No known package when getting name for resource number 0xffffffff
W/ResourceType( 8903): No known package when getting name for resource number 0xffffffff
W/ResourceType( 8903): No known package when getting name for resource number 0xffffffff
W/ResourceType( 8903): No known package when getting name for resource number 0xffffffff
W/ResourceType( 8903): No known package when getting name for resource number 0xffffffff
W/ResourceType( 8903): No known package when getting name for resource number 0xffffffff
W/ResourceType( 8903): No known package when getting name for resource number 0xffffffff
W/ResourceType( 8903): No known package when getting name for resource number 0xffffffff
W/ResourceType( 8903): No known package when getting name for resource number 0xffffffff
W/ResourceType( 8903): No known package when getting name for resource number 0xffffffff
I/System.out( 8903): URI: /map
I/System.out( 8903): params: {json={"query":"* marked:'Search'","operation":{"method_name":"query","arguments":[]}}
I/System.out( 8903): }
W/ResourceType( 8903): No known package when getting name for resource number 0xffffffff
W/ResourceType( 8903): No known package when getting name for resource number 0xffffffff
W/ResourceType( 8903): No known package when getting name for resource number 0xffffffff
W/ResourceType( 8903): No known package when getting name for resource number 0xffffffff
W/ResourceType( 8903): No known package when getting name for resource number 0xffffffff
W/ResourceType( 8903): No known package when getting name for resource number 0xffffffff
W/ResourceType( 8903): No known package when getting name for resource number 0xffffffff
W/ResourceType( 8903): No known package when getting name for resource number 0xffffffff
W/ResourceType( 8903): No known package when getting name for resource number 0xffffffff
W/ResourceType( 8903): No known package when getting name for resource number 0xffffffff
W/ResourceType( 8903): No known package when getting name for resource number 0xffffffff
W/ResourceType( 8903): No known package when getting name for resource number 0xffffffff
W/ResourceType( 8903): No known package when getting name for resource number 0xffffffff
W/ResourceType( 8903): No known package when getting name for resource number 0xffffffff
W/ResourceType( 8903): No known package when getting name for resource number 0xffffffff
W/ResourceType( 8903): No known package when getting name for resource number 0xffffffff
W/ResourceType( 8903): No known package when getting name for resource number 0xffffffff
W/ResourceType( 8903): No known package when getting name for resource number 0xffffffff
W/ResourceType( 8903): No known package when getting name for resource number 0xffffffff
W/ResourceType( 8903): No known package when getting name for resource number 0xffffffff
W/ResourceType( 8903): No known package when getting name for resource number 0xffffffff
W/ResourceType( 8903): No known package when getting name for resource number 0xffffffff
W/ResourceType( 8903): No known package when getting name for resource number 0xffffffff
W/ResourceType( 8903): No known package when getting name for resource number 0xffffffff
W/ResourceType( 8903): No known package when getting name for resource number 0xffffffff
W/ResourceType( 8903): No known package when getting name for resource number 0xffffffff
W/ResourceType( 8903): No known package when getting name for resource number 0xffffffff
W/ResourceType( 8903): No known package when getting name for resource number 0xffffffff
W/ResourceType( 8903): No known package when getting name for resource number 0xffffffff
W/ResourceType( 8903): No known package when getting name for resource number 0xffffffff
W/ResourceType( 8903): No known package when getting name for resource number 0xffffffff
W/ResourceType( 8903): No known package when getting name for resource number 0xffffffff
W/ResourceType( 8903): No known package when getting name for resource number 0xffffffff
W/ResourceType( 8903): No known package when getting name for resource number 0xffffffff
W/ResourceType( 8903): No known package when getting name for resource number 0xffffffff
W/ResourceType( 8903): No known package when getting name for resource number 0xffffffff
W/ResourceType( 8903): No known package when getting name for resource number 0xffffffff
W/ResourceType( 8903): No known package when getting name for resource number 0xffffffff
W/ResourceType( 8903): No known package when getting name for resource number 0xffffffff
W/ResourceType( 8903): No known package when getting name for resource number 0xffffffff
W/ResourceType( 8903): No known package when getting name for resource number 0xffffffff
W/ResourceType( 8903): No known package when getting name for resource number 0xffffffff
W/ResourceType( 8903): No known package when getting name for resource number 0xffffffff
W/ResourceType( 8903): No known package when getting name for resource number 0xffffffff
W/ResourceType( 8903): No known package when getting name for resource number 0xffffffff
W/ResourceType( 8903): No known package when getting name for resource number 0xffffffff
W/ResourceType( 8903): No known package when getting name for resource number 0xffffffff
W/ResourceType( 8903): No known package when getting name for resource number 0xffffffff
W/ResourceType( 8903): No known package when getting name for resource number 0xffffffff
W/ResourceType( 8903): No known package when getting name for resource number 0xffffffff
W/ResourceType( 8903): No known package when getting name for resource number 0xffffffff
W/ResourceType( 8903): No known package when getting name for resource number 0xffffffff
W/ResourceType( 8903): No known package when getting name for resource number 0xffffffff
W/ResourceType( 8903): No known package when getting name for resource number 0xffffffff
W/ResourceType( 8903): No known package when getting name for resource number 0xffffffff
W/ResourceType( 8903): No known package when getting name for resource number 0xffffffff
W/ResourceType( 8903): No known package when getting name for resource number 0xffffffff
W/ResourceType( 8903): No known package when getting name for resource number 0xffffffff
W/ResourceType( 8903): No known package when getting name for resource number 0xffffffff
W/ResourceType( 8903): No known package when getting name for resource number 0xffffffff
W/ResourceType( 8903): No known package when getting name for resource number 0xffffffff
W/ResourceType( 8903): No known package when getting name for resource number 0xffffffff
W/ResourceType( 8903): No known package when getting name for resource number 0xffffffff
W/ResourceType( 8903): No known package when getting name for resource number 0xffffffff
W/ResourceType( 8903): No known package when getting name for resource number 0xffffffff
W/ResourceType( 8903): No known package when getting name for resource number 0xffffffff
W/ResourceType( 8903): No known package when getting name for resource number 0xffffffff
I/System.out( 8903): URI: /
I/System.out( 8903): params: {json={"command":"touch_coordinate","arguments":[1356.0,186.0]}
I/System.out( 8903): }
I/System.out( 8903): header: {content-length=57, host=devicehost110.prod, x-session-token=token-token-71a530e6-77ec-4818-ba6d-b99275ab21c9, x-forwarded-for=10.222.150.12, content-type=application/json; charset=utf-8, connection=close}
I/System.out( 8903): params: {json={"command":"touch_coordinate","arguments":[1356.0,186.0]}
I/System.out( 8903): }
I/System.out( 8903): ProP json = {"command":"touch_coordinate","arguments":[1356.0,186.0]}
I/System.out( 8903): files: {}
I/System.out( 8903): command: {"command":"touch_coordinate","arguments":[1356.0,186.0]}
I/InstrumentationBackend( 8903): Got command:'Command:'Line:null,touch_coordinate', arguments:'[1356.0, 186.0]'
D/audio_hw_primary(  359): out_set_parameters: enter: usecase(1: low-latency-playback) kvpairs: routing=2
D/audio_hw_primary(  359): select_devices: out_snd_device(2: speaker) in_snd_device(0: none)
D/msm8974_platform(  359): platform_send_audio_calibration: sending audio calibration for snd_device(2) acdb_id(15)
E/ACDB-LOADER(  359): Error: ACDB AFE returned = -19
D/audio_hw_primary(  359): enable_snd_device: snd_device(2: speaker)
D/audio_hw_primary(  359): enable_audio_route: apply and update mixer path: low-latency-playback speaker
I/TextInputLayout( 8903): EditText added is not a TextInputEditText. Please switch to using that class instead.
I/TextInputLayout( 8903): EditText added is not a TextInputEditText. Please switch to using that class instead.
D/Mono    ( 8903): Assembly Ref addref CareerBuilder_Search.Droid[0xb4b03580] -> Plugin.Geolocator[0xb4b039a0]: 2
D/Mono    ( 8903): Assembly Ref addref Plugin.Geolocator[0xb4b039a0] -> mscorlib[0xb4b03520]: 50
D/Mono    ( 8903): Assembly Ref addref Plugin.Geolocator[0xb4b039a0] -> Plugin.Geolocator.Abstractions[0xb4b03a00]: 3
D/Mono    ( 8903): Assembly Ref addref Plugin.Geolocator[0xb4b039a0] -> Mono.Android[0xb4b6d4c0]: 23
D/Mono    ( 8903): Unloading image System.Runtime.dll [0x99e28500].
D/Mono    ( 8903): Image addref System.Runtime[0x97ed13a0] -> System.Runtime.dll[0xb4b79f00]: 14
D/Mono    ( 8903): Config attempting to parse: 'System.Runtime.dll.config'.
D/Mono    ( 8903): Config attempting to parse: '/Users/builder/data/lanes/4009/f3074d2c/source/monodroid/builds/install/mono-armv6/etc/mono/assemblies/System.Runtime/System.Runtime.config'.
D/Mono    ( 8903): Assembly Ref addref Plugin.Geolocator.Abstractions[0xb4b03a00] -> System.Runtime[0xb4b6d580]: 12
D/Mono    ( 8903): Unloading image System.Threading.Tasks.dll [0x9915b100].
D/Mono    ( 8903): Image addref System.Threading.Tasks[0x97ed13a0] -> System.Threading.Tasks.dll[0x9a117000]: 9
D/Mono    ( 8903): Config attempting to parse: 'System.Threading.Tasks.dll.config'.
D/Mono    ( 8903): Config attempting to parse: '/Users/builder/data/lanes/4009/f3074d2c/source/monodroid/builds/install/mono-armv6/etc/mono/assemblies/System.Threading.Tasks/System.Threading.Tasks.config'.
D/Mono    ( 8903): Assembly Ref addref Plugin.Geolocator.Abstractions[0xb4b03a00] -> System.Threading.Tasks[0x9a176700]: 7
D/Mono    ( 8903): Assembly Ref addref Plugin.Geolocator[0xb4b039a0] -> System.Core[0xb4b6dac0]: 16
I/System.out( 8903): result:{"bonusInformation":[],"message":"","success":true}
D/Mono    ( 8903): DllImport searching in: '__Internal' ('(null)').
D/Mono    ( 8903): Searching for 'java_interop_jnienv_call_boolean_method'.
D/Mono    ( 8903): Probing 'java_interop_jnienv_call_boolean_method'.
D/Mono    ( 8903): Found as 'java_interop_jnienv_call_boolean_method'.
I/ThermalEngine(  367): ACTION: CPU - Setting CPU[0] to 2496000
