D/Mono    (10060): Config attempting to parse: '/Users/builder/data/lanes/4009/f3074d2c/source/monodroid/builds/install/mono-armv6/etc/mono/assemblies/System.Reflection/System.Reflection.config'.
D/Mono    (10060): Assembly Ref addref System.Reactive.Core[0xb4b4b160] -> System.Reflection[0xb4b4b640]: 4
D/Mono    (10060): Unloading image System.Runtime.dll [0x9b6ad500].
D/Mono    (10060): Image addref System.Runtime[0x97fa13a0] -> System.Runtime.dll[0xb4b8bf00]: 13
D/Mono    (10060): Config attempting to parse: 'System.Runtime.dll.config'.
D/Mono    (10060): Config attempting to parse: '/Users/builder/data/lanes/4009/f3074d2c/source/monodroid/builds/install/mono-armv6/etc/mono/assemblies/System.Runtime/System.Runtime.config'.
D/Mono    (10060): Assembly Ref addref System.Reactive.PlatformServices[0xb4b4b280] -> System.Runtime[0xb4b4b580]: 11
D/Mono    (10060): Assembly Ref addref System.Reactive.PlatformServices[0xb4b4b280] -> System.Reactive.Core[0xb4b4b160]: 4
D/Mono    (10060): Assembly Ref addref System.Reactive.PlatformServices[0xb4b4b280] -> System.Resources.ResourceManager[0x9cfa19a0]: 4
D/Mono    (10060): Unloading image System.Reflection.dll [0x9b6ad500].
D/Mono    (10060): Image addref System.Reflection[0x97fa13a0] -> System.Reflection.dll[0xb4b8d300]: 7
D/Mono    (10060): Config attempting to parse: 'System.Reflection.dll.config'.
D/Mono    (10060): Config attempting to parse: '/Users/builder/data/lanes/4009/f3074d2c/source/monodroid/builds/install/mono-armv6/etc/mono/assemblies/System.Reflection/System.Reflection.config'.
D/Mono    (10060): Assembly Ref addref System.Reactive.PlatformServices[0xb4b4b280] -> System.Reflection[0xb4b4b640]: 5
D/Mono    (10060): Assembly Ref addref System.Reactive.PlatformServices[0xb4b4b280] -> System.Reactive.Interfaces[0xb4b4b1c0]: 5
D/Mono    (10060): Unloading image System.Threading.Tasks.dll [0x9b6ada00].
D/Mono    (10060): Image addref System.Threading.Tasks[0x97fa13a0] -> System.Threading.Tasks.dll[0x9b52fc00]: 6
D/Mono    (10060): Config attempting to parse: 'System.Threading.Tasks.dll.config'.
D/Mono    (10060): Config attempting to parse: '/Users/builder/data/lanes/4009/f3074d2c/source/monodroid/builds/install/mono-armv6/etc/mono/assemblies/System.Threading.Tasks/System.Threading.Tasks.config'.
D/Mono    (10060): Assembly Ref addref System.Reactive.PlatformServices[0xb4b4b280] -> System.Threading.Tasks[0x9b5b0400]: 4
D/Mono    (10060): Assembly Ref addref System.Reactive.PlatformServices[0xb4b4b280] -> System.Reactive.Linq[0xb4b4b220]: 3
D/Mono    (10060): Unloading image System.Diagnostics.Debug.dll [0x9b6ada00].
D/Mono    (10060): Image addref System.Diagnostics.Debug[0x97fa13a0] -> System.Diagnostics.Debug.dll[0xb4b8dd00]: 6
D/Mono    (10060): Config attempting to parse: 'System.Diagnostics.Debug.dll.config'.
D/Mono    (10060): Config attempting to parse: '/Users/builder/data/lanes/4009/f3074d2c/source/monodroid/builds/install/mono-armv6/etc/mono/assemblies/System.Diagnostics.Debug/System.Diagnostics.Debug.config'.
D/Mono    (10060): Assembly Ref addref System.Reactive.PlatformServices[0xb4b4b280] -> System.Diagnostics.Debug[0xb4b4b700]: 4
D/Mono    (10060): Assembly Ref addref System.Reactive.Linq[0xb4b4b220] -> System.Reactive.Core[0xb4b4b160]: 5
D/Mono    (10060): Assembly Ref addref Akavache[0xb4ae76a0] -> System.Core[0xb4b4bac0]: 11
D/Mono    (10060): Assembly Ref addref System.Reactive.Linq[0xb4b4b220] -> System.Resources.ResourceManager[0x9cfa19a0]: 5
D/Mono    (10060): [0x9cf7de00] hill climbing, change max number of threads 4
I/AppsFlyer_3.01-593542190(10060): response code: 200
D/Mono    (10060): Assembly Ref addref CareerBuilder_Search[0xb4b4b460] -> System.Reactive.Linq[0xb4b4b220]: 4
I/AppsFlyer_3.01-593542327(10060): response code: 200
D/Mono    (10060): Assembly Ref addref CareerBuilder_Search[0xb4b4b460] -> Akavache[0xb4ae76a0]: 4
D/Mono    (10060): Assembly Ref addref Akavache.Sqlite3[0xb4ae7700] -> System.Reactive.Core[0xb4b4b160]: 6
D/Mono    (10060): Assembly Ref addref Akavache.Sqlite3[0xb4ae7700] -> System.Reactive.Interfaces[0xb4b4b1c0]: 6
D/Mono    (10060): Assembly Ref addref Akavache.Sqlite3[0xb4ae7700] -> System.Reactive.Linq[0xb4b4b220]: 5
D/Mono    (10060): Unloading image System.Runtime.Extensions.dll [0xaec74e00].
D/Mono    (10060): Image addref System.Runtime.Extensions[0xaec2be20] -> System.Runtime.Extensions.dll[0x9b531500]: 5
D/Mono    (10060): Config attempting to parse: 'System.Runtime.Extensions.dll.config'.
D/Mono    (10060): Config attempting to parse: '/Users/builder/data/lanes/4009/f3074d2c/source/monodroid/builds/install/mono-armv6/etc/mono/assemblies/System.Runtime.Extensions/System.Runtime.Extensions.config'.
D/Mono    (10060): Assembly Ref addref Akavache.Sqlite3[0xb4ae7700] -> System.Runtime.Extensions[0x9b5b02e0]: 3
D/Mono    (10060): Unloading image System.Linq.dll [0xaec74e00].
D/Mono    (10060): Image addref System.Linq[0xaec2be20] -> System.Linq.dll[0xb4b90f00]: 6
D/Mono    (10060): Config attempting to parse: 'System.Linq.dll.config'.
D/Mono    (10060): Config attempting to parse: '/Users/builder/data/lanes/4009/f3074d2c/source/monodroid/builds/install/mono-armv6/etc/mono/assemblies/System.Linq/System.Linq.config'.
D/Mono    (10060): Assembly Ref addref System.Reactive.Linq[0xb4b4b220] -> System.Linq[0xb4b4b940]: 4
D/Mono    (10060): Assembly Ref addref System.Runtime[0xb4b4b580] -> System.Core[0xb4b4bac0]: 12
D/Mono    (10060): Unloading image System.Threading.dll [0xaec74e00].
D/Mono    (10060): Image addref System.Threading[0xaec2be20] -> System.Threading.dll[0xb4b8d800]: 8
D/Mono    (10060): Config attempting to parse: 'System.Threading.dll.config'.
D/Mono    (10060): Config attempting to parse: '/Users/builder/data/lanes/4009/f3074d2c/source/monodroid/builds/install/mono-armv6/etc/mono/assemblies/System.Threading/System.Threading.config'.
D/Mono    (10060): Assembly Ref addref System.Reactive.Linq[0xb4b4b220] -> System.Threading[0xb4b4b6a0]: 6
I/System.out(10060): URI: /map
I/System.out(10060): params: {json={"query":"* id:'agreeAndContinueButton'","operation":{"method_name":"query","arguments":[]}}
I/System.out(10060): }
D/Mono    (10060): Assembly Ref addref Akavache[0xb4ae76a0] -> System.Reactive.PlatformServices[0xb4b4b280]: 2
D/Mono    (10060): Unloading image System.Globalization.dll [0xaec74e00].
D/Mono    (10060): Image addref System.Globalization[0xaec2be20] -> System.Globalization.dll[0x9b531000]: 5
D/Mono    (10060): Config attempting to parse: 'System.Globalization.dll.config'.
D/Mono    (10060): Config attempting to parse: '/Users/builder/data/lanes/4009/f3074d2c/source/monodroid/builds/install/mono-armv6/etc/mono/assemblies/System.Globalization/System.Globalization.config'.
D/Mono    (10060): Assembly Ref addref System.Reactive.Linq[0xb4b4b220] -> System.Globalization[0x9cfa1ca0]: 3
D/Mono    (10060): Unloading image System.Runtime.Extensions.dll [0xaec74e00].
D/Mono    (10060): Image addref System.Runtime.Extensions[0xaec2be20] -> System.Runtime.Extensions.dll[0x9b531500]: 6
D/Mono    (10060): Config attempting to parse: 'System.Runtime.Extensions.dll.config'.
D/Mono    (10060): Config attempting to parse: '/Users/builder/data/lanes/4009/f3074d2c/source/monodroid/builds/install/mono-armv6/etc/mono/assemblies/System.Runtime.Extensions/System.Runtime.Extensions.config'.
D/Mono    (10060): Assembly Ref addref System.Reactive.Core[0xb4b4b160] -> System.Runtime.Extensions[0x9b5b02e0]: 4
D/Mono    (10060): Assembly Ref addref System.Runtime.Extensions[0x9b5b02e0] -> System[0xb4b4b760]: 9
D/Mono    (10060): Unloading image System.Globalization.dll [0xaec74e00].
D/Mono    (10060): Image addref System.Globalization[0xaec2be20] -> System.Globalization.dll[0x9b531000]: 6
D/Mono    (10060): Config attempting to parse: 'System.Globalization.dll.config'.
D/Mono    (10060): Config attempting to parse: '/Users/builder/data/lanes/4009/f3074d2c/source/monodroid/builds/install/mono-armv6/etc/mono/assemblies/System.Globalization/System.Globalization.config'.
D/Mono    (10060): Assembly Ref addref System.Reactive.Core[0xb4b4b160] -> System.Globalization[0x9cfa1ca0]: 4
D/Mono    (10060): Unloading image System.Threading.Tasks.dll [0xaec74e00].
D/Mono    (10060): Image addref System.Threading.Tasks[0xaec2be20] -> System.Threading.Tasks.dll[0x9b52fc00]: 7
D/Mono    (10060): Config attempting to parse: 'System.Threading.Tasks.dll.config'.
D/Mono    (10060): Config attempting to parse: '/Users/builder/data/lanes/4009/f3074d2c/source/monodroid/builds/install/mono-armv6/etc/mono/assemblies/System.Threading.Tasks/System.Threading.Tasks.config'.
D/Mono    (10060): Assembly Ref addref System.Reactive.Core[0xb4b4b160] -> System.Threading.Tasks[0x9b5b0400]: 5
D/Mono    (10060): [0x97f8cf80] worker starting
D/Mono    (10060): Unloading image System.Collections.dll [0xaec74e00].
D/Mono    (10060): Image addref System.Collections[0xaeca2700] -> System.Collections.dll[0xb4b8ec00]: 8
D/Mono    (10060): Config attempting to parse: 'System.Collections.dll.config'.
D/Mono    (10060): Config attempting to parse: '/Users/builder/data/lanes/4009/f3074d2c/source/monodroid/builds/install/mono-armv6/etc/mono/assemblies/System.Collections/System.Collections.config'.
D/Mono    (10060): Assembly Ref addref Akavache.Sqlite3[0xb4ae7700] -> System.Collections[0xb4b4b820]: 6
D/Mono    (10060): Unloading image SQLitePCL.raw.dll [0xaec74e00].
D/Mono    (10060): Image addref SQLitePCL.raw[0xaeca2700] -> SQLitePCL.raw.dll[0xb4b8ab00]: 5
D/Mono    (10060): Config attempting to parse: 'SQLitePCL.raw.dll.config'.
D/Mono    (10060): Config attempting to parse: '/Users/builder/data/lanes/4009/f3074d2c/source/monodroid/builds/install/mono-armv6/etc/mono/assemblies/SQLitePCL.raw/SQLitePCL.raw.config'.
D/Mono    (10060): Assembly Ref addref Akavache.Sqlite3[0xb4ae7700] -> SQLitePCL.raw[0xb4b4b400]: 2
D/Mono    (10060): Assembly Ref addref SQLitePCL.raw[0xb4b4b400] -> mscorlib[0xb4ae7520]: 42
D/Mono    (10060): Assembly Ref addref Splat[0xb4ae7760] -> System[0xb4b4b760]: 10
D/Mono    (10060): [0x97f8de80] worker starting
D/Mono    (10060): DllImport attempting to load: '/system/lib/libsqlite.so'.
D/Mono    (10060): DllImport loaded library '/system/lib/libsqlite.so'.
D/Mono    (10060): DllImport searching in: '/system/lib/libsqlite.so' ('/system/lib/libsqlite.so').
D/Mono    (10060): Searching for 'sqlite3_open_v2'.
D/Mono    (10060): Probing 'sqlite3_open_v2'.
D/Mono    (10060): Found as 'sqlite3_open_v2'.
D/Mono    (10060): DllImport searching in: '/system/lib/libsqlite.so' ('/system/lib/libsqlite.so').
D/Mono    (10060): Searching for 'sqlite3_busy_timeout'.
D/Mono    (10060): Probing 'sqlite3_busy_timeout'.
D/Mono    (10060): Found as 'sqlite3_busy_timeout'.
D/Mono    (10060): Unloading image System.Threading.Tasks.dll [0xaec78500].
D/Mono    (10060): Image addref System.Threading.Tasks[0xaed86940] -> System.Threading.Tasks.dll[0x9b52fc00]: 8
D/Mono    (10060): Config attempting to parse: 'System.Threading.Tasks.dll.config'.
D/Mono    (10060): Config attempting to parse: '/Users/builder/data/lanes/4009/f3074d2c/source/monodroid/builds/install/mono-armv6/etc/mono/assemblies/System.Threading.Tasks/System.Threading.Tasks.config'.
D/Mono    (10060): Assembly Ref addref Akavache.Sqlite3[0xb4ae7700] -> System.Threading.Tasks[0x9b5b0400]: 6
D/Mono    (10060): Unloading image System.Linq.dll [0xaec78500].
D/Mono    (10060): Image addref System.Linq[0xaed86940] -> System.Linq.dll[0xb4b90f00]: 7
D/Mono    (10060): Config attempting to parse: 'System.Linq.dll.config'.
D/Mono    (10060): Config attempting to parse: '/Users/builder/data/lanes/4009/f3074d2c/source/monodroid/builds/install/mono-armv6/etc/mono/assemblies/System.Linq/System.Linq.config'.
D/Mono    (10060): Assembly Ref addref Akavache.Sqlite3[0xb4ae7700] -> System.Linq[0xb4b4b940]: 5
D/Mono    (10060): DllImport searching in: '/system/lib/libsqlite.so' ('/system/lib/libsqlite.so').
D/Mono    (10060): Searching for 'sqlite3_prepare_v2'.
D/Mono    (10060): Probing 'sqlite3_prepare_v2'.
D/Mono    (10060): Found as 'sqlite3_prepare_v2'.
D/Mono    (10060): DllImport searching in: '/system/lib/libsqlite.so' ('/system/lib/libsqlite.so').
D/Mono    (10060): Searching for 'sqlite3_step'.
D/Mono    (10060): Probing 'sqlite3_step'.
D/Mono    (10060): Found as 'sqlite3_step'.
D/Mono    (10060): DllImport searching in: '/system/lib/libsqlite.so' ('/system/lib/libsqlite.so').
D/Mono    (10060): Searching for 'sqlite3_column_type'.
D/Mono    (10060): Probing 'sqlite3_column_type'.
D/Mono    (10060): Found as 'sqlite3_column_type'.
D/Mono    (10060): Unloading image System.Reflection.dll [0xaec74e00].
D/Mono    (10060): Image addref System.Reflection[0xaed86940] -> System.Reflection.dll[0xb4b8d300]: 8
D/Mono    (10060): Config attempting to parse: 'System.Reflection.dll.config'.
D/Mono    (10060): Config attempting to parse: '/Users/builder/data/lanes/4009/f3074d2c/source/monodroid/builds/install/mono-armv6/etc/mono/assemblies/System.Reflection/System.Reflection.config'.
D/Mono    (10060): Assembly Ref addref Akavache.Sqlite3[0xb4ae7700] -> System.Reflection[0xb4b4b640]: 6
D/Mono    (10060): DllImport searching in: '/system/lib/libsqlite.so' ('/system/lib/libsqlite.so').
D/Mono    (10060): Searching for 'sqlite3_column_int'.
D/Mono    (10060): Probing 'sqlite3_column_int'.
D/Mono    (10060): Found as 'sqlite3_column_int'.
D/Mono    (10060): DllImport searching in: '/system/lib/libsqlite.so' ('/system/lib/libsqlite.so').
D/Mono    (10060): Searching for 'sqlite3_finalize'.
D/Mono    (10060): Probing 'sqlite3_finalize'.
D/Mono    (10060): Found as 'sqlite3_finalize'.
D/Mono    (10060): DllImport searching in: '/system/lib/libsqlite.so' ('/system/lib/libsqlite.so').
D/Mono    (10060): Searching for 'sqlite3_changes'.
D/Mono    (10060): Probing 'sqlite3_changes'.
D/Mono    (10060): Found as 'sqlite3_changes'.
D/Mono    (10060): Assembly Ref addref Akavache.Sqlite3[0xb4ae7700] -> System.Reflection.Extensions[0xb4b4bbe0]: 4
D/Mono    (10060): DllImport searching in: '/system/lib/libsqlite.so' ('/system/lib/libsqlite.so').
D/Mono    (10060): Searching for 'sqlite3_column_count'.
D/Mono    (10060): Probing 'sqlite3_column_count'.
D/Mono    (10060): Found as 'sqlite3_column_count'.
D/Mono    (10060): DllImport searching in: '/system/lib/libsqlite.so' ('/system/lib/libsqlite.so').
D/Mono    (10060): Searching for 'sqlite3_column_name'.
D/Mono    (10060): Probing 'sqlite3_column_name'.
D/Mono    (10060): Found as 'sqlite3_column_name'.
D/Mono    (10060): DllImport searching in: '/system/lib/libsqlite.so' ('/system/lib/libsqlite.so').
D/Mono    (10060): Searching for 'sqlite3_column_text'.
D/Mono    (10060): Probing 'sqlite3_column_text'.
D/Mono    (10060): Found as 'sqlite3_column_text'.
E/SQLiteLog(10060): (1) no such table: SchemaInfo
D/Mono    (10060): DllImport searching in: '/system/lib/libsqlite.so' ('/system/lib/libsqlite.so').
D/Mono    (10060): Searching for 'sqlite3_errmsg'.
D/Mono    (10060): Probing 'sqlite3_errmsg'.
D/Mono    (10060): Found as 'sqlite3_errmsg'.
D/Mono    (10060): DllImport searching in: '/system/lib/libsqlite.so' ('/system/lib/libsqlite.so').
D/Mono    (10060): Searching for 'sqlite3_bind_int'.
D/Mono    (10060): Probing 'sqlite3_bind_int'.
D/Mono    (10060): Found as 'sqlite3_bind_int'.
D/Mono    (10060): DllImport searching in: '/system/lib/libsqlite.so' ('/system/lib/libsqlite.so').
D/Mono    (10060): Searching for 'sqlite3_reset'.
D/Mono    (10060): Probing 'sqlite3_reset'.
D/Mono    (10060): Found as 'sqlite3_reset'.
D/Mono    (10060): Unloading image System.Threading.dll [0xaec7a300].
D/Mono    (10060): Image addref System.Threading[0xaed86b20] -> System.Threading.dll[0xb4b8d800]: 9
D/Mono    (10060): Config attempting to parse: 'System.Threading.dll.config'.
D/Mono    (10060): Config attempting to parse: '/Users/builder/data/lanes/4009/f3074d2c/source/monodroid/builds/install/mono-armv6/etc/mono/assemblies/System.Threading/System.Threading.config'.
D/Mono    (10060): Assembly Ref addref Akavache.Sqlite3[0xb4ae7700] -> System.Threading[0xb4b4b6a0]: 7
D/Mono    (10060): DllImport searching in: '/system/lib/libsqlite.so' ('/system/lib/libsqlite.so').
D/Mono    (10060): Searching for 'sqlite3_bind_text'.
D/Mono    (10060): Probing 'sqlite3_bind_text'.
D/Mono    (10060): Found as 'sqlite3_bind_text'.
D/Mono    (10060): Unloading image Newtonsoft.Json.dll [0x9b6aee00].
D/Mono    (10060): Image addref Newtonsoft.Json[0x97fa1520] -> Newtonsoft.Json.dll[0xb4849d00]: 5
D/Mono    (10060): Config attempting to parse: 'Newtonsoft.Json.dll.config'.
D/Mono    (10060): Config attempting to parse: '/Users/builder/data/lanes/4009/f3074d2c/source/monodroid/builds/install/mono-armv6/etc/mono/assemblies/Newtonsoft.Json/Newtonsoft.Json.config'.
D/Mono    (10060): Assembly Ref addref Akavache.Sqlite3[0xb4ae7700] -> Newtonsoft.Json[0xb4b4b0a0]: 3
D/Mono    (10060): Image addref System.IO[0x97fa1520] -> System.IO.dll[0x9b6aee00]: 2
D/Mono    (10060): Prepared to set up assembly 'System.IO' (System.IO.dll)
D/Mono    (10060): Assembly System.IO[0x97fa1520] added to domain RootDomain, ref_count=1
D/Mono    (10060): AOT module 'System.IO.dll.so' not found: dlopen failed: library "/data/app/com.careerbuilder.SugarDrone-1/lib/arm/libaot-System.IO.dll.so" not found
D/Mono    (10060): AOT module '/Users/builder/data/lanes/4009/f3074d2c/source/monodroid/builds/install/mono-armv6/lib/mono/aot-cache/arm/System.IO.dll.so' not found: dlopen failed: library "/data/app/com.careerbuilder.SugarDrone-1/lib/arm/libaot-System.IO.dll.so" not found
D/Mono    (10060): Config attempting to parse: 'System.IO.dll.config'.
D/Mono    (10060): Config attempting to parse: '/Users/builder/data/lanes/4009/f3074d2c/source/monodroid/builds/install/mono-armv6/etc/mono/assemblies/System.IO/System.IO.config'.
D/Mono    (10060): Assembly Ref addref Akavache.Sqlite3[0xb4ae7700] -> System.IO[0x97fa1520]: 2
D/Mono    (10060): Assembly Ref addref System.IO[0x97fa1520] -> mscorlib[0xb4ae7520]: 43
D/Mono    (10060): Image addref System.Runtime.Serialization.Primitives[0x97fa14c0] -> System.Runtime.Serialization.Primitives.dll[0x9b6ae900]: 2
D/Mono    (10060): Prepared to set up assembly 'System.Runtime.Serialization.Primitives' (System.Runtime.Serialization.Primitives.dll)
D/Mono    (10060): Assembly System.Runtime.Serialization.Primitives[0x97fa14c0] added to domain RootDomain, ref_count=1
D/Mono    (10060): AOT module 'System.Runtime.Serialization.Primitives.dll.so' not found: dlopen failed: library "/data/app/com.careerbuilder.SugarDrone-1/lib/arm/libaot-System.Runtime.Serialization.Primitives.dll.so" not found
D/Mono    (10060): AOT module '/Users/builder/data/lanes/4009/f3074d2c/source/monodroid/builds/install/mono-armv6/lib/mono/aot-cache/arm/System.Runtime.Serialization.Primitives.dll.so' not found: dlopen failed: library "/data/app/com.careerbuilder.SugarDrone-1/lib/arm/libaot-System.Runtime.Serialization.Primitives.dll.so" not found
D/Mono    (10060): Config attempting to parse: 'System.Runtime.Serialization.Primitives.dll.config'.
D/Mono    (10060): Config attempting to parse: '/Users/builder/data/lanes/4009/f3074d2c/source/monodroid/builds/install/mono-armv6/etc/mono/assemblies/System.Runtime.Serialization.Primitives/System.Runtime.Serialization.Primitives.config'.
D/Mono    (10060): Assembly Ref addref Newtonsoft.Json[0xb4b4b0a0] -> System.Runtime.Serialization.Primitives[0x97fa14c0]: 2
D/Mono    (10060): Assembly Ref addref System.Runtime.Serialization.Primitives[0x97fa14c0] -> mscorlib[0xb4ae7520]: 44
D/Mono    (10060): Unloading image System.Globalization.dll [0xb4b96e00].
D/Mono    (10060): Image addref System.Globalization[0x9b5b0280] -> System.Globalization.dll[0x9b531000]: 7
D/Mono    (10060): Config attempting to parse: 'System.Globalization.dll.config'.
D/Mono    (10060): Config attempting to parse: '/Users/builder/data/lanes/4009/f3074d2c/source/monodroid/builds/install/mono-armv6/etc/mono/assemblies/System.Globalization/System.Globalization.config'.
D/Mono    (10060): Assembly Ref addref Newtonsoft.Json[0xb4b4b0a0] -> System.Globalization[0x9cfa1ca0]: 5
D/Mono    (10060): Unloading image System.Collections.dll [0xb4b96e00].
D/Mono    (10060): Image addref System.Collections[0x9b5b0280] -> System.Collections.dll[0xb4b8ec00]: 9
D/Mono    (10060): Config attempting to parse: 'System.Collections.dll.config'.
D/Mono    (10060): Config attempting to parse: '/Users/builder/data/lanes/4009/f3074d2c/source/monodroid/builds/install/mono-armv6/etc/mono/assemblies/System.Collections/System.Collections.config'.
D/Mono    (10060): Assembly Ref addref Newtonsoft.Json[0xb4b4b0a0] -> System.Collections[0xb4b4b820]: 7
D/Mono    (10060): Unloading image System.IO.dll [0xb4b96e00].
D/Mono    (10060): Image addref System.IO[0x9b5b0280] -> System.IO.dll[0x9b6aee00]: 5
D/Mono    (10060): Config attempting to parse: 'System.IO.dll.config'.
D/Mono    (10060): Config attempting to parse: '/Users/builder/data/lanes/4009/f3074d2c/source/monodroid/builds/install/mono-armv6/etc/mono/assemblies/System.IO/System.IO.config'.
D/Mono    (10060): Assembly Ref addref Newtonsoft.Json[0xb4b4b0a0] -> System.IO[0x97fa1520]: 3
D/Mono    (10060): Unloading image System.Runtime.Extensions.dll [0xb4b96e00].
D/Mono    (10060): Image addref System.Runtime.Extensions[0x9b5b0280] -> System.Runtime.Extensions.dll[0x9b531500]: 7
D/Mono    (10060): Config attempting to parse: 'System.Runtime.Extensions.dll.config'.
D/Mono    (10060): Config attempting to parse: '/Users/builder/data/lanes/4009/f3074d2c/source/monodroid/builds/install/mono-armv6/etc/mono/assemblies/System.Runtime.Extensions/System.Runtime.Extensions.config'.
D/Mono    (10060): Assembly Ref addref Newtonsoft.Json[0xb4b4b0a0] -> System.Runtime.Extensions[0x9b5b02e0]: 5
D/Mono    (10060): Image addref System.Text.Encoding[0x9b5b0280] -> System.Text.Encoding.dll[0xb4b96e00]: 2
D/Mono    (10060): Prepared to set up assembly 'System.Text.Encoding' (System.Text.Encoding.dll)
D/Mono    (10060): Assembly System.Text.Encoding[0x9b5b0280] added to domain RootDomain, ref_count=1
D/Mono    (10060): AOT module 'System.Text.Encoding.dll.so' not found: dlopen failed: library "/data/app/com.careerbuilder.SugarDrone-1/lib/arm/libaot-System.Text.Encoding.dll.so" not found
D/Mono    (10060): AOT module '/Users/builder/data/lanes/4009/f3074d2c/source/monodroid/builds/install/mono-armv6/lib/mono/aot-cache/arm/System.Text.Encoding.dll.so' not found: dlopen failed: library "/data/app/com.careerbuilder.SugarDrone-1/lib/arm/libaot-System.Text.Encoding.dll.so" not found
D/Mono    (10060): Config attempting to parse: 'System.Text.Encoding.dll.config'.
D/Mono    (10060): Config attempting to parse: '/Users/builder/data/lanes/4009/f3074d2c/source/monodroid/builds/install/mono-armv6/etc/mono/assemblies/System.Text.Encoding/System.Text.Encoding.config'.
D/Mono    (10060): Assembly Ref addref Newtonsoft.Json[0xb4b4b0a0] -> System.Text.Encoding[0x9b5b0280]: 2
D/Mono    (10060): Assembly Ref addref System.Text.Encoding[0x9b5b0280] -> mscorlib[0xb4ae7520]: 45
D/Mono    (10060): Unloading image System.Linq.dll [0xb4b97300].
D/Mono    (10060): Image addref System.Linq[0x9b5b0220] -> System.Linq.dll[0xb4b90f00]: 8
D/Mono    (10060): Config attempting to parse: 'System.Linq.dll.config'.
D/Mono    (10060): Config attempting to parse: '/Users/builder/data/lanes/4009/f3074d2c/source/monodroid/builds/install/mono-armv6/etc/mono/assemblies/System.Linq/System.Linq.config'.
D/Mono    (10060): Assembly Ref addref Newtonsoft.Json[0xb4b4b0a0] -> System.Linq[0xb4b4b940]: 6
D/Mono    (10060): Unloading image System.Reflection.dll [0xb4b97300].
D/Mono    (10060): Image addref System.Reflection[0x97fa1a60] -> System.Reflection.dll[0xb4b8d300]: 9
D/Mono    (10060): Config attempting to parse: 'System.Reflection.dll.config'.
D/Mono    (10060): Config attempting to parse: '/Users/builder/data/lanes/4009/f3074d2c/source/monodroid/builds/install/mono-armv6/etc/mono/assemblies/System.Reflection/System.Reflection.config'.
D/Mono    (10060): Assembly Ref addref Newtonsoft.Json[0xb4b4b0a0] -> System.Reflection[0xb4b4b640]: 7
D/Mono    (10060): Image addref System.Runtime.Serialization[0x97fa1a60] -> System.Runtime.Serialization.dll[0xb4b97300]: 2
D/Mono    (10060): Prepared to set up assembly 'System.Runtime.Serialization' (System.Runtime.Serialization.dll)
D/Mono    (10060): Assembly System.Runtime.Serialization[0x97fa1a60] added to domain RootDomain, ref_count=1
D/Mono    (10060): AOT module 'System.Runtime.Serialization.dll.so' not found: dlopen failed: library "/data/app/com.careerbuilder.SugarDrone-1/lib/arm/libaot-System.Runtime.Serialization.dll.so" not found
D/Mono    (10060): AOT module '/Users/builder/data/lanes/4009/f3074d2c/source/monodroid/builds/install/mono-armv6/lib/mono/aot-cache/arm/System.Runtime.Serialization.dll.so' not found: dlopen failed: library "/data/app/com.careerbuilder.SugarDrone-1/lib/arm/libaot-System.Runtime.Serialization.dll.so" not found
D/Mono    (10060): Config attempting to parse: 'System.Runtime.Serialization.dll.config'.
D/Mono    (10060): Config attempting to parse: '/Users/builder/data/lanes/4009/f3074d2c/source/monodroid/builds/install/mono-armv6/etc/mono/assemblies/System.Runtime.Serialization/System.Runtime.Serialization.config'.
D/Mono    (10060): Assembly Ref addref System.Runtime.Serialization.Primitives[0x97fa14c0] -> System.Runtime.Serialization[0x97fa1a60]: 2
D/Mono    (10060): Assembly Ref addref System.Runtime.Serialization[0x97fa1a60] -> mscorlib[0xb4ae7520]: 46
D/Mono    (10060): Image addref System.Text.Encoding.Extensions[0x9b5b0220] -> System.Text.Encoding.Extensions.dll[0x9b6af300]: 2
D/Mono    (10060): Prepared to set up assembly 'System.Text.Encoding.Extensions' (System.Text.Encoding.Extensions.dll)
D/Mono    (10060): Assembly System.Text.Encoding.Extensions[0x9b5b0220] added to domain RootDomain, ref_count=1
D/Mono    (10060): AOT module 'System.Text.Encoding.Extensions.dll.so' not found: dlopen failed: library "/data/app/com.careerbuilder.SugarDrone-1/lib/arm/libaot-System.Text.Encoding.Extensions.dll.so" not found
D/Mono    (10060): AOT module '/Users/builder/data/lanes/4009/f3074d2c/source/monodroid/builds/install/mono-armv6/lib/mono/aot-cache/arm/System.Text.Encoding.Extensions.dll.so' not found: dlopen failed: library "/data/app/com.careerbuilder.SugarDrone-1/lib/arm/libaot-System.Text.Encoding.Extensions.dll.so" not found
D/Mono    (10060): Config attempting to parse: 'System.Text.Encoding.Extensions.dll.config'.
D/Mono    (10060): Config attempting to parse: '/Users/builder/data/lanes/4009/f3074d2c/source/monodroid/builds/install/mono-armv6/etc/mono/assemblies/System.Text.Encoding.Extensions/System.Text.Encoding.Extensions.config'.
D/Mono    (10060): Assembly Ref addref Newtonsoft.Json[0xb4b4b0a0] -> System.Text.Encoding.Extensions[0x9b5b0220]: 2
D/Mono    (10060): Assembly Ref addref System.Text.Encoding.Extensions[0x9b5b0220] -> mscorlib[0xb4ae7520]: 47
D/Mono    (10060): Unloading image System.Threading.dll [0x9b6af800].
D/Mono    (10060): Image addref System.Threading[0x97fa1b80] -> System.Threading.dll[0xb4b8d800]: 10
D/Mono    (10060): Config attempting to parse: 'System.Threading.dll.config'.
D/Mono    (10060): Config attempting to parse: '/Users/builder/data/lanes/4009/f3074d2c/source/monodroid/builds/install/mono-armv6/etc/mono/assemblies/System.Threading/System.Threading.config'.
D/Mono    (10060): Assembly Ref addref Newtonsoft.Json[0xb4b4b0a0] -> System.Threading[0xb4b4b6a0]: 8
D/Mono    (10060): Assembly Ref addref Newtonsoft.Json[0xb4b4b0a0] -> System.Reflection.Extensions[0xb4b4bbe0]: 5
D/Mono    (10060): Assembly Ref addref System.ObjectModel[0x9b665a60] -> mscorlib[0xb4ae7520]: 48
D/Mono    (10060): Image addref System.Xml.XDocument[0x97fa1dc0] -> System.Xml.XDocument.dll[0x9b6b3400]: 2
D/Mono    (10060): Prepared to set up assembly 'System.Xml.XDocument' (System.Xml.XDocument.dll)
D/Mono    (10060): Assembly System.Xml.XDocument[0x97fa1dc0] added to domain RootDomain, ref_count=1
D/Mono    (10060): AOT module 'System.Xml.XDocument.dll.so' not found: dlopen failed: library "/data/app/com.careerbuilder.SugarDrone-1/lib/arm/libaot-System.Xml.XDocument.dll.so" not found
D/Mono    (10060): AOT module '/Users/builder/data/lanes/4009/f3074d2c/source/monodroid/builds/install/mono-armv6/lib/mono/aot-cache/arm/System.Xml.XDocument.dll.so' not found: dlopen failed: library "/data/app/com.careerbuilder.SugarDrone-1/lib/arm/libaot-System.Xml.XDocument.dll.so" not found
D/Mono    (10060): Config attempting to parse: 'System.Xml.XDocument.dll.config'.
D/Mono    (10060): Config attempting to parse: '/Users/builder/data/lanes/4009/f3074d2c/source/monodroid/builds/install/mono-armv6/etc/mono/assemblies/System.Xml.XDocument/System.Xml.XDocument.config'.
D/Mono    (10060): Assembly Ref addref Newtonsoft.Json[0xb4b4b0a0] -> System.Xml.XDocument[0x97fa1dc0]: 2
D/Mono    (10060): Image addref System.Xml.Linq[0x97fa1d60] -> System.Xml.Linq.dll[0x9b6b3900]: 2
D/Mono    (10060): Prepared to set up assembly 'System.Xml.Linq' (System.Xml.Linq.dll)
D/Mono    (10060): Assembly System.Xml.Linq[0x97fa1d60] added to domain RootDomain, ref_count=1
D/Mono    (10060): AOT module 'System.Xml.Linq.dll.so' not found: dlopen failed: library "/data/app/com.careerbuilder.SugarDrone-1/lib/arm/libaot-System.Xml.Linq.dll.so" not found
D/Mono    (10060): AOT module '/Users/builder/data/lanes/4009/f3074d2c/source/monodroid/builds/install/mono-armv6/lib/mono/aot-cache/arm/System.Xml.Linq.dll.so' not found: dlopen failed: library "/data/app/com.careerbuilder.SugarDrone-1/lib/arm/libaot-System.Xml.Linq.dll.so" not found
D/Mono    (10060): Config attempting to parse: 'System.Xml.Linq.dll.config'.
D/Mono    (10060): Config attempting to parse: '/Users/builder/data/lanes/4009/f3074d2c/source/monodroid/builds/install/mono-armv6/etc/mono/assemblies/System.Xml.Linq/System.Xml.Linq.config'.
D/Mono    (10060): Assembly Ref addref System.Xml.XDocument[0x97fa1dc0] -> System.Xml.Linq[0x97fa1d60]: 2
D/Mono    (10060): Assembly Ref addref System.Xml.Linq[0x97fa1d60] -> mscorlib[0xb4ae7520]: 49
D/Mono    (10060): Assembly Ref addref System.Xml.Linq[0x97fa1d60] -> System.Xml[0x9cfa10a0]: 4
D/Mono    (10060): Image addref System.Text.RegularExpressions[0x97fa1e80] -> System.Text.RegularExpressions.dll[0x9b6b3e00]: 2
D/Mono    (10060): Prepared to set up assembly 'System.Text.RegularExpressions' (System.Text.RegularExpressions.dll)
D/Mono    (10060): Assembly System.Text.RegularExpressions[0x97fa1e80] added to domain RootDomain, ref_count=1
D/Mono    (10060): AOT module 'System.Text.RegularExpressions.dll.so' not found: dlopen failed: library "/data/app/com.careerbuilder.SugarDrone-1/lib/arm/libaot-System.Text.RegularExpressions.dll.so" not found
D/Mono    (10060): AOT module '/Users/builder/data/lanes/4009/f3074d2c/source/monodroid/builds/install/mono-armv6/lib/mono/aot-cache/arm/System.Text.RegularExpressions.dll.so' not found: dlopen failed: library "/data/app/com.careerbuilder.SugarDrone-1/lib/arm/libaot-System.Text.RegularExpressions.dll.so" not found
D/Mono    (10060): Config attempting to parse: 'System.Text.RegularExpressions.dll.config'.
D/Mono    (10060): Config attempting to parse: '/Users/builder/data/lanes/4009/f3074d2c/source/monodroid/builds/install/mono-armv6/etc/mono/assemblies/System.Text.RegularExpressions/System.Text.RegularExpressions.config'.
D/Mono    (10060): Assembly Ref addref Newtonsoft.Json[0xb4b4b0a0] -> System.Text.RegularExpressions[0x97fa1e80]: 2
D/Mono    (10060): Assembly Ref addref System.Text.RegularExpressions[0x97fa1e80] -> System[0xb4b4b760]: 11
D/Mono    (10060): Unloading image System.Linq.Expressions.dll [0x9b6b4300].
D/Mono    (10060): Image addref System.Linq.Expressions[0x97fa1e20] -> System.Linq.Expressions.dll[0x9b530600]: 5
D/Mono    (10060): Config attempting to parse: 'System.Linq.Expressions.dll.config'.
D/Mono    (10060): Config attempting to parse: '/Users/builder/data/lanes/4009/f3074d2c/source/monodroid/builds/install/mono-armv6/etc/mono/assemblies/System.Linq.Expressions/System.Linq.Expressions.config'.
D/Mono    (10060): Assembly Ref addref Newtonsoft.Json[0xb4b4b0a0] -> System.Linq.Expressions[0x9b5b0340]: 3
D/Mono    (10060): DllImport searching in: '/system/lib/libsqlite.so' ('/system/lib/libsqlite.so').
D/Mono    (10060): Searching for 'sqlite3_bind_blob'.
D/Mono    (10060): Probing 'sqlite3_bind_blob'.
D/Mono    (10060): Found as 'sqlite3_bind_blob'.
D/Mono    (10060): DllImport searching in: '/system/lib/libsqlite.so' ('/system/lib/libsqlite.so').
D/Mono    (10060): Searching for 'sqlite3_bind_int64'.
D/Mono    (10060): Probing 'sqlite3_bind_int64'.
D/Mono    (10060): Found as 'sqlite3_bind_int64'.
D/Mono    (10060): DllImport searching in: '__Internal' ('(null)').
D/Mono    (10060): Searching for 'java_interop_jnienv_call_nonvirtual_boolean_method_a'.
D/Mono    (10060): Probing 'java_interop_jnienv_call_nonvirtual_boolean_method_a'.
D/Mono    (10060): Found as 'java_interop_jnienv_call_nonvirtual_boolean_method_a'.
I/calabash(10060): execStartActivity 4
I/ActivityManager(  821): START u0 {cmp=com.careerbuilder.SugarDrone/md5a4824aa66c0dc4d104077b72c1916a44.TermsAndConditionsActivity} from uid 11396 on display 0
V/WindowManager(  821): addAppToken: AppWindowToken{2da22ce token=Token{5587bc9 ActivityRecord{2442ffd0 u0 com.careerbuilder.SugarDrone/md5a4824aa66c0dc4d104077b72c1916a44.TermsAndConditionsActivity t35}}} to stack=1 task=35 at 1
W/ResourceType(10060): No known package when getting name for resource number 0xffffffff
W/ResourceType(10060): No known package when getting name for resource number 0xffffffff
W/ResourceType(10060): No known package when getting name for resource number 0xffffffff
I/calabash(10060): newActivity1
V/WindowManager(  821): Adding window Window{1aa048fc u0 com.careerbuilder.SugarDrone/md5a4824aa66c0dc4d104077b72c1916a44.TermsAndConditionsActivity} at 3 of 8 (after Window{5fd9688 u0 com.careerbuilder.SugarDrone/md537fd6201b6818e2e180d2f7606e21a83.AppMainActivity})
I/ActivityManager(  821): Displayed com.careerbuilder.SugarDrone/md5a4824aa66c0dc4d104077b72c1916a44.TermsAndConditionsActivity: +337ms
I/System.out(10060): URI: /map
I/System.out(10060): params: {json={"query":"* id:'agreeAndContinueButton'","operation":{"method_name":"query","arguments":[]}}
I/System.out(10060): }
W/ResourceType(10060): No known package when getting name for resource number 0xffffffff
W/ResourceType(10060): No known package when getting name for resource number 0xffffffff
W/ResourceType(10060): No known package when getting name for resource number 0xffffffff
W/ResourceType(10060): No known package when getting name for resource number 0xffffffff
W/ResourceType(10060): No known package when getting name for resource number 0xffffffff
W/ResourceType(10060): No known package when getting name for resource number 0xffffffff
W/ResourceType(10060): No known package when getting name for resource number 0xffffffff
W/ResourceType(10060): No known package when getting name for resource number 0xffffffff
W/ResourceType(10060): No known package when getting name for resource number 0xffffffff
W/ResourceType(10060): No known package when getting name for resource number 0xffffffff
I/System.out(10060): URI: /map
I/System.out(10060): params: {json={"query":"* id:'agreeAndContinueButton'","operation":{"method_name":"query","arguments":[]}}
I/System.out(10060): }
W/ResourceType(10060): No known package when getting name for resource number 0xffffffff
W/ResourceType(10060): No known package when getting name for resource number 0xffffffff
W/ResourceType(10060): No known package when getting name for resource number 0xffffffff
W/ResourceType(10060): No known package when getting name for resource number 0xffffffff
W/ResourceType(10060): No known package when getting name for resource number 0xffffffff
W/ResourceType(10060): No known package when getting name for resource number 0xffffffff
W/ResourceType(10060): No known package when getting name for resource number 0xffffffff
W/ResourceType(10060): No known package when getting name for resource number 0xffffffff
W/ResourceType(10060): No known package when getting name for resource number 0xffffffff
W/ResourceType(10060): No known package when getting name for resource number 0xffffffff
I/System.out(10060): URI: /map
I/System.out(10060): params: {json={"query":"* id:'agreeAndContinueButton'","operation":{"method_name":"query","arguments":[]}}
I/System.out(10060): }
W/ResourceType(10060): No known package when getting name for resource number 0xffffffff
W/ResourceType(10060): No known package when getting name for resource number 0xffffffff
W/ResourceType(10060): No known package when getting name for resource number 0xffffffff
W/ResourceType(10060): No known package when getting name for resource number 0xffffffff
W/ResourceType(10060): No known package when getting name for resource number 0xffffffff
W/ResourceType(10060): No known package when getting name for resource number 0xffffffff
W/ResourceType(10060): No known package when getting name for resource number 0xffffffff
I/System.out(10060): URI: /map
I/System.out(10060): params: {json={"query":"* id:'agreeAndContinueButton'","operation":{"method_name":"query","arguments":[]}}
I/System.out(10060): }
W/ResourceType(10060): No known package when getting name for resource number 0xffffffff
W/ResourceType(10060): No known package when getting name for resource number 0xffffffff
W/ResourceType(10060): No known package when getting name for resource number 0xffffffff
W/ResourceType(10060): No known package when getting name for resource number 0xffffffff
W/ResourceType(10060): No known package when getting name for resource number 0xffffffff
W/ResourceType(10060): No known package when getting name for resource number 0xffffffff
W/ResourceType(10060): No known package when getting name for resource number 0xffffffff
I/System.out(10060): URI: /map
I/System.out(10060): params: {json={"query":"* id:'agreeAndContinueButton'","operation":{"method_name":"query","arguments":[]}}
I/System.out(10060): }
W/ResourceType(10060): No known package when getting name for resource number 0xffffffff
W/ResourceType(10060): No known package when getting name for resource number 0xffffffff
W/ResourceType(10060): No known package when getting name for resource number 0xffffffff
W/ResourceType(10060): No known package when getting name for resource number 0xffffffff
W/ResourceType(10060): No known package when getting name for resource number 0xffffffff
W/ResourceType(10060): No known package when getting name for resource number 0xffffffff
W/ResourceType(10060): No known package when getting name for resource number 0xffffffff
I/System.out(10060): URI: /map
I/System.out(10060): params: {json={"query":"* id:'agreeAndContinueButton'","operation":{"method_name":"query","arguments":[]}}
I/System.out(10060): }
W/ResourceType(10060): No known package when getting name for resource number 0xffffffff
W/ResourceType(10060): No known package when getting name for resource number 0xffffffff
W/ResourceType(10060): No known package when getting name for resource number 0xffffffff
W/ResourceType(10060): No known package when getting name for resource number 0xffffffff
W/ResourceType(10060): No known package when getting name for resource number 0xffffffff
W/ResourceType(10060): No known package when getting name for resource number 0xffffffff
W/ResourceType(10060): No known package when getting name for resource number 0xffffffff
I/System.out(10060): URI: /map
I/System.out(10060): params: {json={"query":"* id:'agreeAndContinueButton'","operation":{"method_name":"query","arguments":[]}}
I/System.out(10060): }
W/ResourceType(10060): No known package when getting name for resource number 0xffffffff
W/ResourceType(10060): No known package when getting name for resource number 0xffffffff
W/ResourceType(10060): No known package when getting name for resource number 0xffffffff
W/ResourceType(10060): No known package when getting name for resource number 0xffffffff
W/ResourceType(10060): No known package when getting name for resource number 0xffffffff
W/ResourceType(10060): No known package when getting name for resource number 0xffffffff
W/ResourceType(10060): No known package when getting name for resource number 0xffffffff
I/System.out(10060): URI: /
I/System.out(10060): params: {json={"command":"touch_coordinate","arguments":[720.0,2273.0]}
I/System.out(10060): }
I/System.out(10060): header: {content-length=57, host=devicehost108.prod, x-session-token=token-token-38007b18-f732-4787-8ccc-354b25daaa75, x-forwarded-for=10.222.150.13, content-type=application/json; charset=utf-8, connection=close}
I/System.out(10060): params: {json={"command":"touch_coordinate","arguments":[720.0,2273.0]}
I/System.out(10060): }
I/System.out(10060): ProP json = {"command":"touch_coordinate","arguments":[720.0,2273.0]}
I/System.out(10060): files: {}
I/System.out(10060): command: {"command":"touch_coordinate","arguments":[720.0,2273.0]}
I/InstrumentationBackend(10060): Got command:'Command:'Line:null,touch_coordinate', arguments:'[720.0, 2273.0]'
I/art     (10060): Explicit concurrent mark sweep GC freed 109666(4MB) AllocSpace objects, 10(160KB) LOS objects, 37% free, 26MB/42MB, paused 947us total 28.500ms
I/art     (10060): Explicit concurrent mark sweep GC freed 261(12KB) AllocSpace objects, 0(0B) LOS objects, 37% free, 26MB/42MB, paused 1.265ms total 18.780ms
I/art     (10060): Explicit concurrent mark sweep GC freed 51(2336B) AllocSpace objects, 0(0B) LOS objects, 37% free, 26MB/42MB, paused 1.059ms total 18.717ms
I/art     (10060): Explicit concurrent mark sweep GC freed 44(2816B) AllocSpace objects, 0(0B) LOS objects, 37% free, 26MB/42MB, paused 805us total 39.690ms
I/art     (10060): Explicit concurrent mark sweep GC freed 20(1168B) AllocSpace objects, 0(0B) LOS objects, 37% free, 26MB/42MB, paused 902us total 16.704ms
D/audio_hw_primary(  358): out_set_parameters: enter: usecase(1: low-latency-playback) kvpairs: routing=2
D/Mono    (10060): Assembly Ref addref System.Net.Http[0x9cfa1400] -> System.Core[0xb4b4bac0]: 13
D/Mono    (10060): DllImport searching in: '__Internal' ('(null)').
D/Mono    (10060): Searching for 'java_interop_jnienv_call_nonvirtual_int_method_a'.
D/Mono    (10060): Probing 'java_interop_jnienv_call_nonvirtual_int_method_a'.
D/Mono    (10060): Found as 'java_interop_jnienv_call_nonvirtual_int_method_a'.
I/calabash(10060): execStartActivity 4
I/ActivityManager(  821): START u0 {cmp=com.careerbuilder.SugarDrone/md537fd6201b6818e2e180d2f7606e21a83.ValuePropActivity} from uid 11396 on display 0
D/Mono    (10060): DllImport searching in: '__Internal' ('(null)').
D/Mono    (10060): Searching for 'java_interop_jnienv_get_float_field'.
D/Mono    (10060): Probing 'java_interop_jnienv_get_float_field'.
D/Mono    (10060): Found as 'java_interop_jnienv_get_float_field'.
V/WindowManager(  821): addAppToken: AppWindowToken{20e6bb94 token=Token{2ba483e7 ActivityRecord{d63bda6 u0 com.careerbuilder.SugarDrone/md537fd6201b6818e2e180d2f7606e21a83.ValuePropActivity t35}}} to stack=1 task=35 at 1
I/calabash(10060): newActivity1
D/Mono    (10060): DllImport searching in: '__Internal' ('(null)').
D/Mono    (10060): Searching for 'java_interop_jnienv_new_object_array'.
D/Mono    (10060): Probing 'java_interop_jnienv_new_object_array'.
D/Mono    (10060): Found as 'java_interop_jnienv_new_object_array'.
D/Mono    (10060): DllImport searching in: '__Internal' ('(null)').
D/Mono    (10060): Searching for 'java_interop_jnienv_set_object_array_element'.
D/Mono    (10060): Probing 'java_interop_jnienv_set_object_array_element'.
D/Mono    (10060): Found as 'java_interop_jnienv_set_object_array_element'.
D/Mono    (10060): Assembly Ref addref Mono.Android[0xb4b4b4c0] -> System[0xb4b4b760]: 12
D/Mono    (10060): Assembly Ref addref CareerBuilder_Search.Droid[0xb4ae7580] -> System.Core[0xb4b4bac0]: 14
D/Mono    (10060): DllImport searching in: '__Internal' ('(null)').
D/Mono    (10060): Searching for 'java_interop_jnienv_call_nonvirtual_object_method'.
D/Mono    (10060): Probing 'java_interop_jnienv_call_nonvirtual_object_method'.
D/Mono    (10060): Found as 'java_interop_jnienv_call_nonvirtual_object_method'.
I/System.out(10060): result:{"bonusInformation":[],"message":"","success":true}
V/WindowManager(  821): Adding window Window{3afe0e32 u0 com.careerbuilder.SugarDrone/md537fd6201b6818e2e180d2f7606e21a83.ValuePropActivity} at 3 of 8 (after Window{1aa048fc u0 com.careerbuilder.SugarDrone/md5a4824aa66c0dc4d104077b72c1916a44.TermsAndConditionsActivity})
D/Mono    (10060): Assembly Ref addref CareerBuilder_Search.Droid[0xb4ae7580] -> Newtonsoft.Json[0xb4b4b0a0]: 4
I/System.out(10060): URI: /backdoor
I/System.out(10060): params: {json={"method_name":"APISetup","arguments":[200]}
I/System.out(10060): }
W/FragmentManager(10060): moveToState: Fragment state for ValuePropFragment{2fbca957 #0 id=0x7f0a0148 android:switcher:2131362120:1} not updated inline; expected state 3 found 2
D/audio_hw_primary(  358): select_devices: out_snd_device(2: speaker) in_snd_device(0: none)
D/msm8974_platform(  358): platform_send_audio_calibration: sending audio calibration for snd_device(2) acdb_id(15)
E/ACDB-LOADER(  358): Error: ACDB AFE returned = -19
D/audio_hw_primary(  358): enable_snd_device: snd_device(2: speaker)
D/audio_hw_primary(  358): enable_audio_route: apply and update mixer path: low-latency-playback speaker
I/ActivityManager(  821): Displayed com.careerbuilder.SugarDrone/md537fd6201b6818e2e180d2f7606e21a83.ValuePropActivity: +719ms
I/System.out(10060): URI: /backdoor
I/System.out(10060): params: {json={"method_name":"MyCBBackdoor","arguments":[]}
I/System.out(10060): }
D/Mono    (10060): Assembly Ref addref CareerBuilder_Search.Droid[0xb4ae7580] -> Xamarin.Android.Support.Design[0xb4ae7fa0]: 2
I/calabash(10060): execStartActivity 4
I/ActivityManager(  821): START u0 {cmp=com.careerbuilder.SugarDrone/md5a4824aa66c0dc4d104077b72c1916a44.MasterNavActivity} from uid 11396 on display 0
V/WindowManager(  821): addAppToken: AppWindowToken{2565318a token=Token{3a97dff5 ActivityRecord{2305e92c u0 com.careerbuilder.SugarDrone/md5a4824aa66c0dc4d104077b72c1916a44.MasterNavActivity t35}}} to stack=1 task=35 at 2
D/Mono    (10060): Unloading image System.dll [0x96e65400].
D/Mono    (10060): Image addref System[0x96c67ac0] -> System.dll[0xb4b8e200]: 5
D/Mono    (10060): Config attempting to parse: 'System.dll.config'.
D/Mono    (10060): Config attempting to parse: '/Users/builder/data/lanes/4009/f3074d2c/source/monodroid/builds/install/mono-armv6/etc/mono/assemblies/System/System.config'.
D/Mono    (10060): Unloading image System.dll [0x96e65400].
D/Mono    (10060): Image addref System[0x96c676a0] -> System.dll[0xb4b8e200]: 6
D/Mono    (10060): Config attempting to parse: 'System.dll.config'.
D/Mono    (10060): Config attempting to parse: '/Users/builder/data/lanes/4009/f3074d2c/source/monodroid/builds/install/mono-armv6/etc/mono/assemblies/System/System.config'.
D/Mono    (10060): Unloading image System.dll [0x96e65400].
D/Mono    (10060): Image addref System[0x96c676a0] -> System.dll[0xb4b8e200]: 7
D/Mono    (10060): Config attempting to parse: 'System.dll.config'.
D/Mono    (10060): Config attempting to parse: '/Users/builder/data/lanes/4009/f3074d2c/source/monodroid/builds/install/mono-armv6/etc/mono/assemblies/System/System.config'.
D/Mono    (10060): Unloading image System.dll [0x96e65400].
D/Mono    (10060): Image addref System[0x96c676a0] -> System.dll[0xb4b8e200]: 8
D/Mono    (10060): Config attempting to parse: 'System.dll.config'.
D/Mono    (10060): Config attempting to parse: '/Users/builder/data/lanes/4009/f3074d2c/source/monodroid/builds/install/mono-armv6/etc/mono/assemblies/System/System.config'.
I/calabash(10060): newActivity1
W/SurfaceFlinger(  259): couldn't log to binary event log: overflow.
W/art     (10060): Before Android 4.1, method android.graphics.PorterDuffColorFilter android.support.graphics.drawable.VectorDrawableCompat.updateTintFilter(android.graphics.PorterDuffColorFilter, android.content.res.ColorStateList, android.graphics.PorterDuff$Mode) would have incorrectly overridden the package-private method in android.graphics.drawable.Drawable
I/System.out(10060): URI: /map
I/System.out(10060): params: {json={"query":"* marked:'Search'","operation":{"method_name":"query","arguments":[]}}
I/System.out(10060): }
D/Mono    (10060): DllImport searching in: '__Internal' ('(null)').
D/Mono    (10060): Searching for 'java_interop_jnienv_is_assignable_from'.
D/Mono    (10060): Probing 'java_interop_jnienv_is_assignable_from'.
D/Mono    (10060): Found as 'java_interop_jnienv_is_assignable_from'.
D/Mono    (10060): DllImport searching in: '__Internal' ('(null)').
D/Mono    (10060): Searching for 'java_interop_jnienv_get_byte_array_region'.
D/Mono    (10060): Probing 'java_interop_jnienv_get_byte_array_region'.
D/Mono    (10060): Found as 'java_interop_jnienv_get_byte_array_region'.
D/Mono    (10060): DllImport searching in: '__Internal' ('(null)').
D/Mono    (10060): Searching for 'java_interop_jnienv_set_byte_array_region'.
D/Mono    (10060): Probing 'java_interop_jnienv_set_byte_array_region'.
D/Mono    (10060): Found as 'java_interop_jnienv_set_byte_array_region'.
D/Mono    (10060): [0x97f8cf80] hill climbing, change max number of threads 5
D/Mono    (10060): [0x97d80480] worker starting
D/Mono    (10060): DllImport searching in: '__Internal' ('(null)').
D/Mono    (10060): Searching for 'java_interop_jnienv_call_int_method'.
D/Mono    (10060): Probing 'java_interop_jnienv_call_int_method'.
D/Mono    (10060): Found as 'java_interop_jnienv_call_int_method'.
W/Mono    (10060): The request to load the assembly System.Core v4.0.0.0 was remapped to v2.0.5.0
D/Mono    (10060): Unloading image System.Core.dll [0x96a29a00].
