D/Mono    ( 8498): Config attempting to parse: 'System.Collections.dll.config'.
D/Mono    ( 8498): Config attempting to parse: '/Users/builder/data/lanes/4009/f3074d2c/source/monodroid/builds/install/mono-armv6/etc/mono/assemblies/System.Collections/System.Collections.config'.
D/Mono    ( 8498): Assembly Ref addref System.Reactive.Linq[0xb4b73220] -> System.Collections[0xb4b73820]: 8
D/Mono    ( 8498): DllImport searching in: '__Internal' ('(null)').
D/Mono    ( 8498): Searching for 'java_interop_jnienv_call_nonvirtual_void_method'.
D/Mono    ( 8498): Probing 'java_interop_jnienv_call_nonvirtual_void_method'.
D/Mono    ( 8498): Found as 'java_interop_jnienv_call_nonvirtual_void_method'.
I/mono-stdout( 8498): uri is: https://api.careerbuilder.com/consumer/saved-jobs/?DeveloperKey=WDHR8FC6P2JZ1Y61KLM5
I/mono-stdout( 8498): uri is: https://api.careerbuilder.com/consumer/jobs/search/?Keywords=&Location=&UseFacets=true&PageNumber=1&ExcludeNational=true&DeveloperKey=WDHR8FC6P2JZ1Y61KLM5
I/mono-stdout( 8498): uri is: https://api.careerbuilder.com/consumer/resumes?OAuthToken=&HostSite=US&DeveloperKey=WDHR8FC6P2JZ1Y61KLM5
D/Mono    ( 8498): Image addref System.Net.Primitives[0x969f7be0] -> System.Net.Primitives.dll[0x994a5a00]: 2
D/Mono    ( 8498): Prepared to set up assembly 'System.Net.Primitives' (System.Net.Primitives.dll)
D/Mono    ( 8498): Assembly System.Net.Primitives[0x969f7be0] added to domain RootDomain, ref_count=1
D/Mono    ( 8498): Unloading image System.Net.Primitives.dll [0x969e3100].
D/Mono    ( 8498): AOT module 'System.Net.Primitives.dll.so' not found: dlopen failed: library "/data/app/com.careerbuilder.SugarDrone-1/lib/arm/libaot-System.Net.Primitives.dll.so" not found
D/Mono    ( 8498): Image addref System.Net.Primitives[0x96a769a0] -> System.Net.Primitives.dll[0x994a5a00]: 4
D/Mono    ( 8498): Config attempting to parse: 'System.Net.Primitives.dll.config'.
D/Mono    ( 8498): Config attempting to parse: '/Users/builder/data/lanes/4009/f3074d2c/source/monodroid/builds/install/mono-armv6/etc/mono/assemblies/System.Net.Primitives/System.Net.Primitives.config'.
D/Mono    ( 8498): Assembly Ref addref CareerBuilder_Search[0xb4b73460] -> System.Net.Primitives[0x969f7be0]: 2
D/Mono    ( 8498): Assembly Ref addref System.Net.Primitives[0x969f7be0] -> System[0xb4b73760]: 14
D/Mono    ( 8498): Unloading image System.Net.Primitives.dll [0x969e1300].
D/Mono    ( 8498): Unloading image System.Net.Primitives.dll [0x994a5000].
D/Mono    ( 8498): AOT module '/Users/builder/data/lanes/4009/f3074d2c/source/monodroid/builds/install/mono-armv6/lib/mono/aot-cache/arm/System.Net.Primitives.dll.so' not found: dlopen failed: library "/data/app/com.careerbuilder.SugarDrone-1/lib/arm/libaot-System.Net.Primitives.dll.so" not found
D/Mono    ( 8498): Config attempting to parse: 'System.Net.Primitives.dll.config'.
D/Mono    ( 8498): Config attempting to parse: '/Users/builder/data/lanes/4009/f3074d2c/source/monodroid/builds/install/mono-armv6/etc/mono/assemblies/System.Net.Primitives/System.Net.Primitives.config'.
D/Mono    ( 8498): Image addref System.Net.Primitives[0x9949d700] -> System.Net.Primitives.dll[0x994a5a00]: 7
D/Mono    ( 8498): Config attempting to parse: 'System.Net.Primitives.dll.config'.
D/Mono    ( 8498): Config attempting to parse: '/Users/builder/data/lanes/4009/f3074d2c/source/monodroid/builds/install/mono-armv6/etc/mono/assemblies/System.Net.Primitives/System.Net.Primitives.config'.
D/Mono    ( 8498): Image addref System.Net.Primitives[0x9945f100] -> System.Net.Primitives.dll[0x994a5a00]: 7
D/Mono    ( 8498): Config attempting to parse: 'System.Net.Primitives.dll.config'.
D/Mono    ( 8498): Config attempting to parse: '/Users/builder/data/lanes/4009/f3074d2c/source/monodroid/builds/install/mono-armv6/etc/mono/assemblies/System.Net.Primitives/System.Net.Primitives.config'.
D/Mono    ( 8498): Unloading image System.Text.Encoding.dll [0x969e3100].
D/Mono    ( 8498): Image addref System.Text.Encoding[0x96a76940] -> System.Text.Encoding.dll[0x9a292000]: 5
D/Mono    ( 8498): Config attempting to parse: 'System.Text.Encoding.dll.config'.
D/Mono    ( 8498): Config attempting to parse: '/Users/builder/data/lanes/4009/f3074d2c/source/monodroid/builds/install/mono-armv6/etc/mono/assemblies/System.Text.Encoding/System.Text.Encoding.config'.
D/Mono    ( 8498): Assembly Ref addref CareerBuilder_Search[0xb4b73460] -> System.Text.Encoding[0x9a1981c0]: 3
D/Mono    ( 8498): Unloading image System.Text.Encoding.dll [0x994a5000].
D/Mono    ( 8498): Image addref System.Text.Encoding[0x9945f1c0] -> System.Text.Encoding.dll[0x9a292000]: 6
D/Mono    ( 8498): Config attempting to parse: 'System.Text.Encoding.dll.config'.
D/Mono    ( 8498): Config attempting to parse: '/Users/builder/data/lanes/4009/f3074d2c/source/monodroid/builds/install/mono-armv6/etc/mono/assemblies/System.Text.Encoding/System.Text.Encoding.config'.
I/mono-stdout( 8498): making api call to: /consumer/saved-jobs/?DeveloperKey=WDHR8FC6P2JZ1Y61KLM5
I/mono-stdout( 8498): making api call to: /consumer/jobs/search/?Keywords=&Location=&UseFacets=true&PageNumber=1&ExcludeNational=true&DeveloperKey=WDHR8FC6P2JZ1Y61KLM5
I/mono-stdout( 8498): making api call to: /consumer/resumes?OAuthToken=&HostSite=US&DeveloperKey=WDHR8FC6P2JZ1Y61KLM5
I/mono-stdout( 8498): making api call to: /consumer/resumes?OAuthToken=&HostSite=US&DeveloperKey=WDHR8FC6P2JZ1Y61KLM5
I/mono-stdout( 8498): Method: GET, RequestUri: 'https://api.careerbuilder.com/consumer/saved-jobs/?DeveloperKey=WDHR8FC6P2JZ1Y61KLM5', Version: 1.1, Content: <null>, Headers:

I/mono-stdout( 8498): {

I/mono-stdout( 8498): DeveloperKey: WDHR8FC6P2JZ1Y61KLM5

I/mono-stdout( 8498): Accept: application/json

I/mono-stdout( 8498): Authorization: Bearer test

I/mono-stdout( 8498): HostSite: US

I/mono-stdout( 8498): }
I/mono-stdout( 8498): Current State = 1,2,6,7
I/mono-stdout( 8498): applied jobs = 6
I/mono-stdout( 8498): expired jobs = 7
I/mono-stdout( 8498): saved jobs = Saved,Saved,Applied,Saved
I/mono-stdout( 8498): done making call to: /consumer/resumes?OAuthToken=&HostSite=US&DeveloperKey=WDHR8FC6P2JZ1Y61KLM5
I/mono-stdout( 8498): done making call to: /consumer/resumes?OAuthToken=&HostSite=US&DeveloperKey=WDHR8FC6P2JZ1Y61KLM5
I/mono-stdout( 8498): The resume  with hash has been set as latest
I/mono-stdout( 8498): The resume  with hash has been set as latest
I/art     ( 8498): Explicit concurrent mark sweep GC freed 1112(67KB) AllocSpace objects, 0(0B) LOS objects, 27% free, 42MB/58MB, paused 571us total 21.889ms
D/Mono    ( 8498): GC_TAR_BRIDGE bridges 172 objects 370 opaque 122 colors 172 colors-bridged 172 colors-visible 172 xref 5 cache-hit 0 cache-semihit 0 cache-miss 0 setup 0.05ms tarjan 0.30ms scc-setup 0.13ms gather-xref 0.01ms xref-setup 0.02ms cleanup 0.07ms
D/Mono    ( 8498): GC_BRIDGE: Complete, was running for 25.69ms
D/Mono    ( 8498): GC_MINOR: (Nursery full) time 14.31ms, stw 15.05ms promoted 887K major size: 1888K in use: 1167K los size: 1024K in use: 370K
I/mono-stdout( 8498): done making call to: /consumer/saved-jobs/?DeveloperKey=WDHR8FC6P2JZ1Y61KLM5
I/mono-stdout( 8498): done making call to: /consumer/jobs/search/?Keywords=&Location=&UseFacets=true&PageNumber=1&ExcludeNational=true&DeveloperKey=WDHR8FC6P2JZ1Y61KLM5
I/mono-stdout( 8498): uri is: https://api.careerbuilder.com/consumer/saved-jobs/?DeveloperKey=WDHR8FC6P2JZ1Y61KLM5
I/mono-stdout( 8498): making api call to: /consumer/saved-jobs/?DeveloperKey=WDHR8FC6P2JZ1Y61KLM5
I/mono-stdout( 8498): Method: GET, RequestUri: 'https://api.careerbuilder.com/consumer/saved-jobs/?DeveloperKey=WDHR8FC6P2JZ1Y61KLM5', Version: 1.1, Content: <null>, Headers:

I/mono-stdout( 8498): {

I/mono-stdout( 8498): DeveloperKey: WDHR8FC6P2JZ1Y61KLM5

I/mono-stdout( 8498): Accept: application/json

I/mono-stdout( 8498): Authorization: Bearer test

I/mono-stdout( 8498): HostSite: US

I/mono-stdout( 8498): }
I/mono-stdout( 8498): Current State = 1,2,6,7
I/mono-stdout( 8498): applied jobs = 6
I/mono-stdout( 8498): expired jobs = 7
I/mono-stdout( 8498): saved jobs = Saved,Saved,Applied,Saved
E/RecyclerView( 8498): No adapter attached; skipping layout
W/art     ( 8498): JNI RegisterNativeMethods: attempt to register 0 native methods for md539c3d548fb000cea9f34163fa7e112ea.ProgressListItemViewHolder
W/ResourceType( 8498): No known package when getting name for resource number 0xffffffff
W/ResourceType( 8498): No known package when getting name for resource number 0xffffffff
W/ResourceType( 8498): No known package when getting name for resource number 0xffffffff
W/ResourceType( 8498): No known package when getting name for resource number 0xffffffff
W/ResourceType( 8498): No known package when getting name for resource number 0xffffffff
W/ResourceType( 8498): No known package when getting name for resource number 0xffffffff
W/ResourceType( 8498): No known package when getting name for resource number 0xffffffff
W/ResourceType( 8498): No known package when getting name for resource number 0xffffffff
W/ResourceType( 8498): No known package when getting name for resource number 0xffffffff
W/ResourceType( 8498): No known package when getting name for resource number 0xffffffff
W/ResourceType( 8498): No known package when getting name for resource number 0xffffffff
W/ResourceType( 8498): No known package when getting name for resource number 0xffffffff
W/ResourceType( 8498): No known package when getting name for resource number 0xffffffff
W/ResourceType( 8498): No known package when getting name for resource number 0xffffffff
W/ResourceType( 8498): No known package when getting name for resource number 0xffffffff
W/ResourceType( 8498): No known package when getting name for resource number 0xffffffff
W/ResourceType( 8498): No known package when getting name for resource number 0xffffffff
D/Mono    ( 8498): Assembly Ref addref Xamarin.Android.Support.v7.AppCompat[0xb4ae8f40] -> System.Core[0xb4b73ac0]: 15
I/Choreographer( 8498): Skipped 95 frames!  The application may be doing too much work on its main thread.
E/RecyclerView( 8498): No adapter attached; skipping layout
D/Mono    ( 8498): DllImport searching in: '__Internal' ('(null)').
D/Mono    ( 8498): Searching for 'java_interop_jnienv_call_void_method'.
D/Mono    ( 8498): Probing 'java_interop_jnienv_call_void_method'.
D/Mono    ( 8498): Found as 'java_interop_jnienv_call_void_method'.
I/ActivityManager(  815): Displayed com.careerbuilder.SugarDrone/md5a4824aa66c0dc4d104077b72c1916a44.MasterNavActivity: +2s114ms
I/System.out( 8498): URI: /map
I/System.out( 8498): params: {json={"query":"* marked:'Job 1'","operation":{"method_name":"query","arguments":[]}}
I/System.out( 8498): }
E/RecyclerView( 8498): No adapter attached; skipping layout
W/ResourceType( 8498): No known package when getting name for resource number 0xffffffff
W/ResourceType( 8498): No known package when getting name for resource number 0xffffffff
W/ResourceType( 8498): No known package when getting name for resource number 0xffffffff
W/ResourceType( 8498): No known package when getting name for resource number 0xffffffff
W/ResourceType( 8498): No known package when getting name for resource number 0xffffffff
I/mono-stdout( 8498): done making call to: /consumer/saved-jobs/?DeveloperKey=WDHR8FC6P2JZ1Y61KLM5
W/ResourceType( 8498): No known package when getting name for resource number 0xffffffff
W/ResourceType( 8498): No known package when getting name for resource number 0xffffffff
W/ResourceType( 8498): No known package when getting name for resource number 0xffffffff
W/ResourceType( 8498): No known package when getting name for resource number 0xffffffff
W/ResourceType( 8498): No known package when getting name for resource number 0xffffffff
W/ResourceType( 8498): No known package when getting name for resource number 0xffffffff
W/ResourceType( 8498): No known package when getting name for resource number 0xffffffff
W/ResourceType( 8498): No known package when getting name for resource number 0xffffffff
W/ResourceType( 8498): No known package when getting name for resource number 0xffffffff
W/ResourceType( 8498): No known package when getting name for resource number 0xffffffff
W/ResourceType( 8498): No known package when getting name for resource number 0xffffffff
W/ResourceType( 8498): No known package when getting name for resource number 0xffffffff
W/ResourceType( 8498): No known package when getting name for resource number 0xffffffff
W/ResourceType( 8498): No known package when getting name for resource number 0xffffffff
W/ResourceType( 8498): No known package when getting name for resource number 0xffffffff
W/ResourceType( 8498): No known package when getting name for resource number 0xffffffff
W/ResourceType( 8498): No known package when getting name for resource number 0xffffffff
W/ResourceType( 8498): No known package when getting name for resource number 0xffffffff
W/ResourceType( 8498): No known package when getting name for resource number 0xffffffff
W/ResourceType( 8498): No known package when getting name for resource number 0xffffffff
W/ResourceType( 8498): No known package when getting name for resource number 0xffffffff
W/ResourceType( 8498): No known package when getting name for resource number 0xffffffff
W/ResourceType( 8498): No known package when getting name for resource number 0xffffffff
W/ResourceType( 8498): No known package when getting name for resource number 0xffffffff
W/ResourceType( 8498): No known package when getting name for resource number 0xffffffff
W/ResourceType( 8498): No known package when getting name for resource number 0xffffffff
W/ResourceType( 8498): No known package when getting name for resource number 0xffffffff
W/ResourceType( 8498): No known package when getting name for resource number 0xffffffff
W/ResourceType( 8498): No known package when getting name for resource number 0xffffffff
W/ResourceType( 8498): No known package when getting name for resource number 0xffffffff
W/ResourceType( 8498): No known package when getting name for resource number 0xffffffff
W/ResourceType( 8498): No known package when getting name for resource number 0xffffffff
W/ResourceType( 8498): No known package when getting name for resource number 0xffffffff
W/ResourceType( 8498): No known package when getting name for resource number 0xffffffff
W/ResourceType( 8498): No known package when getting name for resource number 0xffffffff
W/ResourceType( 8498): No known package when getting name for resource number 0xffffffff
W/ResourceType( 8498): No known package when getting name for resource number 0xffffffff
W/ResourceType( 8498): No known package when getting name for resource number 0xffffffff
W/ResourceType( 8498): No known package when getting name for resource number 0xffffffff
W/ResourceType( 8498): No known package when getting name for resource number 0xffffffff
W/ResourceType( 8498): No known package when getting name for resource number 0xffffffff
W/ResourceType( 8498): No known package when getting name for resource number 0xffffffff
W/ResourceType( 8498): No known package when getting name for resource number 0xffffffff
W/ResourceType( 8498): No known package when getting name for resource number 0xffffffff
W/ResourceType( 8498): No known package when getting name for resource number 0xffffffff
W/ResourceType( 8498): No known package when getting name for resource number 0xffffffff
W/ResourceType( 8498): No known package when getting name for resource number 0xffffffff
W/ResourceType( 8498): No known package when getting name for resource number 0xffffffff
I/Choreographer( 8498): Skipped 30 frames!  The application may be doing too much work on its main thread.
D/audio_hw_primary(  360): disable_audio_route: reset and update mixer path: low-latency-playback speaker
D/audio_hw_primary(  360): disable_snd_device: snd_device(2: speaker)
D/Mono    ( 8498): DllImport searching in: '__Internal' ('(null)').
D/Mono    ( 8498): Searching for 'java_interop_jnienv_set_int_field'.
D/Mono    ( 8498): Probing 'java_interop_jnienv_set_int_field'.
D/Mono    ( 8498): Found as 'java_interop_jnienv_set_int_field'.
I/System.out( 8498): URI: /map
I/System.out( 8498): params: {json={"query":"* marked:'Job 1'","operation":{"method_name":"query","arguments":[]}}
I/System.out( 8498): }
E/RecyclerView( 8498): No adapter attached; skipping layout
W/art     ( 8498): JNI RegisterNativeMethods: attempt to register 0 native methods for md539c3d548fb000cea9f34163fa7e112ea.JobResultViewHolder
W/art     ( 8498): JNI RegisterNativeMethods: attempt to register 0 native methods for md543b91ad655f5c020e54c78f692da973f.SnapshotView
W/ResourceType( 8498): No known package when getting name for resource number 0xffffffff
W/ResourceType( 8498): No known package when getting name for resource number 0xffffffff
W/ResourceType( 8498): No known package when getting name for resource number 0xffffffff
W/ResourceType( 8498): No known package when getting name for resource number 0xffffffff
W/ResourceType( 8498): No known package when getting name for resource number 0xffffffff
W/ResourceType( 8498): No known package when getting name for resource number 0xffffffff
W/ResourceType( 8498): No known package when getting name for resource number 0xffffffff
W/ResourceType( 8498): No known package when getting name for resource number 0xffffffff
W/ResourceType( 8498): No known package when getting name for resource number 0xffffffff
W/ResourceType( 8498): No known package when getting name for resource number 0xffffffff
W/ResourceType( 8498): No known package when getting name for resource number 0xffffffff
W/ResourceType( 8498): No known package when getting name for resource number 0xffffffff
W/ResourceType( 8498): No known package when getting name for resource number 0xffffffff
W/ResourceType( 8498): No known package when getting name for resource number 0xffffffff
W/ResourceType( 8498): No known package when getting name for resource number 0xffffffff
W/ResourceType( 8498): No known package when getting name for resource number 0xffffffff
W/ResourceType( 8498): No known package when getting name for resource number 0xffffffff
W/ResourceType( 8498): No known package when getting name for resource number 0xffffffff
W/ResourceType( 8498): No known package when getting name for resource number 0xffffffff
W/ResourceType( 8498): No known package when getting name for resource number 0xffffffff
W/ResourceType( 8498): No known package when getting name for resource number 0xffffffff
W/ResourceType( 8498): No known package when getting name for resource number 0xffffffff
W/ResourceType( 8498): No known package when getting name for resource number 0xffffffff
W/ResourceType( 8498): No known package when getting name for resource number 0xffffffff
W/ResourceType( 8498): No known package when getting name for resource number 0xffffffff
W/ResourceType( 8498): No known package when getting name for resource number 0xffffffff
W/ResourceType( 8498): No known package when getting name for resource number 0xffffffff
W/ResourceType( 8498): No known package when getting name for resource number 0xffffffff
W/ResourceType( 8498): No known package when getting name for resource number 0xffffffff
W/ResourceType( 8498): No known package when getting name for resource number 0xffffffff
W/ResourceType( 8498): No known package when getting name for resource number 0xffffffff
W/ResourceType( 8498): No known package when getting name for resource number 0xffffffff
W/ResourceType( 8498): No known package when getting name for resource number 0xffffffff
W/ResourceType( 8498): No known package when getting name for resource number 0xffffffff
W/ResourceType( 8498): No known package when getting name for resource number 0xffffffff
W/ResourceType( 8498): No known package when getting name for resource number 0xffffffff
W/ResourceType( 8498): No known package when getting name for resource number 0xffffffff
W/ResourceType( 8498): No known package when getting name for resource number 0xffffffff
W/ResourceType( 8498): No known package when getting name for resource number 0xffffffff
W/ResourceType( 8498): No known package when getting name for resource number 0xffffffff
W/ResourceType( 8498): No known package when getting name for resource number 0xffffffff
W/ResourceType( 8498): No known package when getting name for resource number 0xffffffff
W/ResourceType( 8498): No known package when getting name for resource number 0xffffffff
W/ResourceType( 8498): No known package when getting name for resource number 0xffffffff
W/ResourceType( 8498): No known package when getting name for resource number 0xffffffff
W/ResourceType( 8498): No known package when getting name for resource number 0xffffffff
W/ResourceType( 8498): No known package when getting name for resource number 0xffffffff
W/ResourceType( 8498): No known package when getting name for resource number 0xffffffff
W/ResourceType( 8498): No known package when getting name for resource number 0xffffffff
W/ResourceType( 8498): No known package when getting name for resource number 0xffffffff
W/ResourceType( 8498): No known package when getting name for resource number 0xffffffff
W/ResourceType( 8498): No known package when getting name for resource number 0xffffffff
W/ResourceType( 8498): No known package when getting name for resource number 0xffffffff
W/ResourceType( 8498): No known package when getting name for resource number 0xffffffff
W/ResourceType( 8498): No known package when getting name for resource number 0xffffffff
W/ResourceType( 8498): No known package when getting name for resource number 0xffffffff
W/ResourceType( 8498): No known package when getting name for resource number 0xffffffff
W/ResourceType( 8498): No known package when getting name for resource number 0xffffffff
W/ResourceType( 8498): No known package when getting name for resource number 0xffffffff
W/ResourceType( 8498): No known package when getting name for resource number 0xffffffff
W/ResourceType( 8498): No known package when getting name for resource number 0xffffffff
W/ResourceType( 8498): No known package when getting name for resource number 0xffffffff
W/ResourceType( 8498): No known package when getting name for resource number 0xffffffff
W/ResourceType( 8498): No known package when getting name for resource number 0xffffffff
W/ResourceType( 8498): No known package when getting name for resource number 0xffffffff
W/ResourceType( 8498): No known package when getting name for resource number 0xffffffff
W/ResourceType( 8498): No known package when getting name for resource number 0xffffffff
W/ResourceType( 8498): No known package when getting name for resource number 0xffffffff
W/ResourceType( 8498): No known package when getting name for resource number 0xffffffff
W/ResourceType( 8498): No known package when getting name for resource number 0xffffffff
W/ResourceType( 8498): No known package when getting name for resource number 0xffffffff
W/ResourceType( 8498): No known package when getting name for resource number 0xffffffff
W/ResourceType( 8498): No known package when getting name for resource number 0xffffffff
I/Choreographer( 8498): Skipped 35 frames!  The application may be doing too much work on its main thread.
I/System.out( 8498): URI: /map
I/System.out( 8498): params: {json={"query":"* marked:'Job 1'","operation":{"method_name":"query","arguments":[]}}
I/System.out( 8498): }
W/ResourceType( 8498): No known package when getting name for resource number 0xffffffff
W/ResourceType( 8498): No known package when getting name for resource number 0xffffffff
W/ResourceType( 8498): No known package when getting name for resource number 0xffffffff
W/ResourceType( 8498): No known package when getting name for resource number 0xffffffff
W/ResourceType( 8498): No known package when getting name for resource number 0xffffffff
W/ResourceType( 8498): No known package when getting name for resource number 0xffffffff
W/ResourceType( 8498): No known package when getting name for resource number 0xffffffff
W/ResourceType( 8498): No known package when getting name for resource number 0xffffffff
I/art     ( 8498): Explicit concurrent mark sweep GC freed 181604(7MB) AllocSpace objects, 9(144KB) LOS objects, 26% free, 43MB/59MB, paused 980us total 41.006ms
W/ResourceType( 8498): No known package when getting name for resource number 0xffffffff
W/ResourceType( 8498): No known package when getting name for resource number 0xffffffff
W/ResourceType( 8498): No known package when getting name for resource number 0xffffffff
W/ResourceType( 8498): No known package when getting name for resource number 0xffffffff
W/ResourceType( 8498): No known package when getting name for resource number 0xffffffff
W/ResourceType( 8498): No known package when getting name for resource number 0xffffffff
W/ResourceType( 8498): No known package when getting name for resource number 0xffffffff
W/ResourceType( 8498): No known package when getting name for resource number 0xffffffff
W/ResourceType( 8498): No known package when getting name for resource number 0xffffffff
W/ResourceType( 8498): No known package when getting name for resource number 0xffffffff
W/ResourceType( 8498): No known package when getting name for resource number 0xffffffff
I/art     ( 8498): Explicit concurrent mark sweep GC freed 2212(98KB) AllocSpace objects, 0(0B) LOS objects, 26% free, 43MB/59MB, paused 796us total 35.261ms
W/ResourceType( 8498): No known package when getting name for resource number 0xffffffff
W/ResourceType( 8498): No known package when getting name for resource number 0xffffffff
W/ResourceType( 8498): No known package when getting name for resource number 0xffffffff
W/ResourceType( 8498): No known package when getting name for resource number 0xffffffff
W/ResourceType( 8498): No known package when getting name for resource number 0xffffffff
W/ResourceType( 8498): No known package when getting name for resource number 0xffffffff
W/ResourceType( 8498): No known package when getting name for resource number 0xffffffff
W/ResourceType( 8498): No known package when getting name for resource number 0xffffffff
I/art     ( 8498): Explicit concurrent mark sweep GC freed 1486(62KB) AllocSpace objects, 0(0B) LOS objects, 26% free, 43MB/59MB, paused 1.473ms total 28.986ms
W/ResourceType( 8498): No known package when getting name for resource number 0xffffffff
W/ResourceType( 8498): No known package when getting name for resource number 0xffffffff
I/art     ( 8498): Explicit concurrent mark sweep GC freed 913(37KB) AllocSpace objects, 0(0B) LOS objects, 26% free, 43MB/59MB, paused 703us total 35.681ms
W/ResourceType( 8498): No known package when getting name for resource number 0xffffffff
W/ResourceType( 8498): No known package when getting name for resource number 0xffffffff
W/ResourceType( 8498): No known package when getting name for resource number 0xffffffff
W/ResourceType( 8498): No known package when getting name for resource number 0xffffffff
W/ResourceType( 8498): No known package when getting name for resource number 0xffffffff
W/ResourceType( 8498): No known package when getting name for resource number 0xffffffff
W/ResourceType( 8498): No known package when getting name for resource number 0xffffffff
I/art     ( 8498): Explicit concurrent mark sweep GC freed 1223(50KB) AllocSpace objects, 0(0B) LOS objects, 26% free, 43MB/59MB, paused 1.039ms total 22.890ms
W/ResourceType( 8498): No known package when getting name for resource number 0xffffffff
W/ResourceType( 8498): No known package when getting name for resource number 0xffffffff
W/ResourceType( 8498): No known package when getting name for resource number 0xffffffff
W/ResourceType( 8498): No known package when getting name for resource number 0xffffffff
W/ResourceType( 8498): No known package when getting name for resource number 0xffffffff
W/ResourceType( 8498): No known package when getting name for resource number 0xffffffff
W/ResourceType( 8498): No known package when getting name for resource number 0xffffffff
W/ResourceType( 8498): No known package when getting name for resource number 0xffffffff
W/ResourceType( 8498): No known package when getting name for resource number 0xffffffff
W/ResourceType( 8498): No known package when getting name for resource number 0xffffffff
W/ResourceType( 8498): No known package when getting name for resource number 0xffffffff
W/ResourceType( 8498): No known package when getting name for resource number 0xffffffff
W/ResourceType( 8498): No known package when getting name for resource number 0xffffffff
W/ResourceType( 8498): No known package when getting name for resource number 0xffffffff
W/ResourceType( 8498): No known package when getting name for resource number 0xffffffff
W/ResourceType( 8498): No known package when getting name for resource number 0xffffffff
W/ResourceType( 8498): No known package when getting name for resource number 0xffffffff
W/ResourceType( 8498): No known package when getting name for resource number 0xffffffff
W/ResourceType( 8498): No known package when getting name for resource number 0xffffffff
W/ResourceType( 8498): No known package when getting name for resource number 0xffffffff
I/ThermalEngine(  368): ACTION: GPU - Setting GPU[0] to 500000000
I/ThermalEngine(  368): Mitigation:GPU[0]:500000000 Hz
I/ThermalEngine(  368): ACTION: CPU - Setting CPU[0] to 2572800
I/ThermalEngine(  368): ACTION: CPU - Setting CPU[1] to 2572800
I/ThermalEngine(  368): ACTION: CPU - Setting CPU[2] to 2572800
I/ThermalEngine(  368): ACTION: CPU - Setting CPU[3] to 2572800
W/ResourceType( 8498): No known package when getting name for resource number 0xffffffff
W/ResourceType( 8498): No known package when getting name for resource number 0xffffffff
W/ResourceType( 8498): No known package when getting name for resource number 0xffffffff
W/ResourceType( 8498): No known package when getting name for resource number 0xffffffff
W/ResourceType( 8498): No known package when getting name for resource number 0xffffffff
W/ResourceType( 8498): No known package when getting name for resource number 0xffffffff
W/ResourceType( 8498): No known package when getting name for resource number 0xffffffff
W/ResourceType( 8498): No known package when getting name for resource number 0xffffffff
W/ResourceType( 8498): No known package when getting name for resource number 0xffffffff
W/ResourceType( 8498): No known package when getting name for resource number 0xffffffff
I/System.out( 8498): URI: /
I/System.out( 8498): params: {json={"command":"touch_coordinate","arguments":[683.0,781.0]}
I/System.out( 8498): }
I/System.out( 8498): header: {content-length=56, host=devicehost100.prod, x-session-token=token-token-431ff5f5-96c3-4cdc-a8d2-a5aa7a1967ef, x-forwarded-for=10.222.150.31, content-type=application/json; charset=utf-8, connection=close}
I/System.out( 8498): params: {json={"command":"touch_coordinate","arguments":[683.0,781.0]}
I/System.out( 8498): }
I/System.out( 8498): ProP json = {"command":"touch_coordinate","arguments":[683.0,781.0]}
I/System.out( 8498): files: {}
I/System.out( 8498): command: {"command":"touch_coordinate","arguments":[683.0,781.0]}
I/InstrumentationBackend( 8498): Got command:'Command:'Line:null,touch_coordinate', arguments:'[683.0, 781.0]'
D/audio_hw_primary(  360): out_set_parameters: enter: usecase(1: low-latency-playback) kvpairs: routing=2
D/audio_hw_primary(  360): select_devices: out_snd_device(2: speaker) in_snd_device(0: none)
D/msm8974_platform(  360): platform_send_audio_calibration: sending audio calibration for snd_device(2) acdb_id(15)
E/ACDB-LOADER(  360): Error: ACDB AFE returned = -19
D/audio_hw_primary(  360): enable_snd_device: snd_device(2: speaker)
D/audio_hw_primary(  360): enable_audio_route: apply and update mixer path: low-latency-playback speaker
D/Mono    ( 8498): Assembly Ref addref CareerBuilder_Search.Droid[0xb4ae8580] -> Xamarin.Android.Support.v7.CardView[0xb4b73040]: 2
I/calabash( 8498): execStartActivity 4
I/ActivityManager(  815): START u0 {cmp=com.careerbuilder.SugarDrone/md5a4824aa66c0dc4d104077b72c1916a44.JobDisplayPageActivity (has extras)} from uid 16017 on display 0
V/WindowManager(  815): addAppToken: AppWindowToken{8982601 token=Token{301a8fe8 ActivityRecord{7b4650b u0 com.careerbuilder.SugarDrone/md5a4824aa66c0dc4d104077b72c1916a44.JobDisplayPageActivity t17}}} to stack=1 task=17 at 2
I/calabash( 8498): newActivity1
I/System.out( 8498): result:{"bonusInformation":[],"message":"","success":true}
I/WebViewFactory( 8498): Loading com.google.android.webview version 39 (1743759-arm) (code 320201)
I/LibraryLoader( 8498): Time to load native libraries: 3 ms (timestamps 107-110)
I/LibraryLoader( 8498): Expected native library version number "",actual native library version number ""
V/WebViewChromiumFactoryProvider( 8498): Binding Chromium to main looper Looper (main, tid 1) {df1064c}
I/LibraryLoader( 8498): Expected native library version number "",actual native library version number ""
I/chromium( 8498): [INFO:library_loader_hooks.cc(104)] Chromium logging enabled: level = 0, default verbosity = 0
I/BrowserStartupController( 8498): Initializing chromium process, singleProcess=true
W/art     ( 8498): Attempt to remove local handle scope entry from IRT, ignoring
W/chromium( 8498): [WARNING:resource_bundle.cc(304)] locale_file_path.empty()
I/chromium( 8498): [INFO:aw_browser_main_parts.cc(65)] Load from apk succesful, fd=59 off=46872 len=3037
I/chromium( 8498): [INFO:aw_browser_main_parts.cc(78)] Loading webviewchromium.pak from, fd:60 off:230172 len:1089587
W/AudioManagerAndroid( 8498): Requires BLUETOOTH permission
I/System.out( 8498): URI: /map
I/System.out( 8498): params: {json={"query":"* marked:'menu_share'","operation":{"method_name":"query","arguments":[]}}
I/System.out( 8498): }
V/WindowManager(  815): Adding window Window{4f5d02c u0 com.careerbuilder.SugarDrone/md5a4824aa66c0dc4d104077b72c1916a44.JobDisplayPageActivity} at 4 of 9 (after Window{18387bcc u0 com.careerbuilder.SugarDrone/md5a4824aa66c0dc4d104077b72c1916a44.MasterNavActivity})
D/Mono    ( 8498): Unloading image System.Runtime.Extensions.dll [0x969dd200].
D/Mono    ( 8498): Image addref System.Runtime.Extensions[0x9949d280] -> System.Runtime.Extensions.dll[0x9a135000]: 8
D/Mono    ( 8498): Config attempting to parse: 'System.Runtime.Extensions.dll.config'.
D/Mono    ( 8498): Config attempting to parse: '/Users/builder/data/lanes/4009/f3074d2c/source/monodroid/builds/install/mono-armv6/etc/mono/assemblies/System.Runtime.Extensions/System.Runtime.Extensions.config'.
D/Mono    ( 8498): Assembly Ref addref CareerBuilder_Search[0xb4b73460] -> System.Runtime.Extensions[0x9a1c0d60]: 6
I/mono-stdout( 8498): uri is: https://api.careerbuilder.com/v3/job?DID=job1&outputjson=true&ShowApplyRequirements=true&DeveloperKey=WDHR8FC6P2JZ1Y61KLM5
I/mono-stdout( 8498): making api call to: /v3/job?DID=job1&outputjson=true&ShowApplyRequirements=true&DeveloperKey=WDHR8FC6P2JZ1Y61KLM5
D/Mono    ( 8498): [0x9cb91c00] hill climbing, change max number of threads 4
W/ResourceType( 8498): No known package when getting name for resource number 0xffffffff
W/ResourceType( 8498): No known package when getting name for resource number 0xffffffff
W/ResourceType( 8498): No known package when getting name for resource number 0xffffffff
W/ResourceType( 8498): No known package when getting name for resource number 0xffffffff
W/ResourceType( 8498): No known package when getting name for resource number 0xffffffff
W/ResourceType( 8498): No known package when getting name for resource number 0xffffffff
W/ResourceType( 8498): No known package when getting name for resource number 0xffffffff
W/ResourceType( 8498): No known package when getting name for resource number 0xffffffff
W/ResourceType( 8498): No known package when getting name for resource number 0xffffffff
W/ResourceType( 8498): No known package when getting name for resource number 0xffffffff
W/ResourceType( 8498): No known package when getting name for resource number 0xffffffff
W/ResourceType( 8498): No known package when getting name for resource number 0xffffffff
W/ResourceType( 8498): No known package when getting name for resource number 0xffffffff
W/ResourceType( 8498): No known package when getting name for resource number 0xffffffff
W/ResourceType( 8498): No known package when getting name for resource number 0xffffffff
W/ResourceType( 8498): No known package when getting name for resource number 0xffffffff
W/ResourceType( 8498): No known package when getting name for resource number 0xffffffff
W/ResourceType( 8498): No known package when getting name for resource number 0xffffffff
W/ResourceType( 8498): No known package when getting name for resource number 0xffffffff
W/ResourceType( 8498): No known package when getting name for resource number 0xffffffff
W/ResourceType( 8498): No known package when getting name for resource number 0xffffffff
W/ResourceType( 8498): No known package when getting name for resource number 0xffffffff
W/ResourceType( 8498): No known package when getting name for resource number 0xffffffff
W/ResourceType( 8498): No known package when getting name for resource number 0xffffffff
W/ResourceType( 8498): No known package when getting name for resource number 0xffffffff
W/ResourceType( 8498): No known package when getting name for resource number 0xffffffff
W/ResourceType( 8498): No known package when getting name for resource number 0xffffffff
W/ResourceType( 8498): No known package when getting name for resource number 0xffffffff
W/ResourceType( 8498): No known package when getting name for resource number 0xffffffff
W/ResourceType( 8498): No known package when getting name for resource number 0xffffffff
W/ResourceType( 8498): No known package when getting name for resource number 0xffffffff
W/ResourceType( 8498): No known package when getting name for resource number 0xffffffff
W/ResourceType( 8498): No known package when getting name for resource number 0xffffffff
W/ResourceType( 8498): No known package when getting name for resource number 0xffffffff
W/ResourceType( 8498): No known package when getting name for resource number 0xffffffff
W/ResourceType( 8498): No known package when getting name for resource number 0xffffffff
W/ResourceType( 8498): No known package when getting name for resource number 0xffffffff
W/ResourceType( 8498): No known package when getting name for resource number 0xffffffff
W/ResourceType( 8498): No known package when getting name for resource number 0xffffffff
W/ResourceType( 8498): No known package when getting name for resource number 0xffffffff
W/ResourceType( 8498): No known package when getting name for resource number 0xffffffff
W/ResourceType( 8498): No known package when getting name for resource number 0xffffffff
W/ResourceType( 8498): No known package when getting name for resource number 0xffffffff
I/ActivityManager(  815): Displayed com.careerbuilder.SugarDrone/md5a4824aa66c0dc4d104077b72c1916a44.JobDisplayPageActivity: +749ms
W/ResourceType( 8498): No known package when getting name for resource number 0xffffffff
W/ResourceType( 8498): No known package when getting name for resource number 0xffffffff
W/ResourceType( 8498): No known package when getting name for resource number 0xffffffff
W/ResourceType( 8498): No known package when getting name for resource number 0xffffffff
W/ResourceType( 8498): No known package when getting name for resource number 0xffffffff
W/ResourceType( 8498): No known package when getting name for resource number 0xffffffff
W/ResourceType( 8498): No known package when getting name for resource number 0xffffffff
W/ResourceType( 8498): No known package when getting name for resource number 0xffffffff
W/ResourceType( 8498): No known package when getting name for resource number 0xffffffff
W/ResourceType( 8498): No known package when getting name for resource number 0xffffffff
W/ResourceType( 8498): No known package when getting name for resource number 0xffffffff
W/ResourceType( 8498): No known package when getting name for resource number 0xffffffff
W/ResourceType( 8498): No known package when getting name for resource number 0xffffffff
W/ResourceType( 8498): No known package when getting name for resource number 0xffffffff
W/ResourceType( 8498): No known package when getting name for resource number 0xffffffff
W/ResourceType( 8498): No known package when getting name for resource number 0xffffffff
I/mono-stdout( 8498): done making call to: /v3/job?DID=job1&outputjson=true&ShowApplyRequirements=true&DeveloperKey=WDHR8FC6P2JZ1Y61KLM5
W/ResourceType( 8498): No known package when getting name for resource number 0xffffffff
W/ResourceType( 8498): No known package when getting name for resource number 0xffffffff
W/ResourceType( 8498): No known package when getting name for resource number 0xffffffff
W/ResourceType( 8498): No known package when getting name for resource number 0xffffffff
W/ResourceType( 8498): No known package when getting name for resource number 0xffffffff
W/ResourceType( 8498): No known package when getting name for resource number 0xffffffff
W/ResourceType( 8498): No known package when getting name for resource number 0xffffffff
I/mono-stdout( 8498): uri is: https://api.careerbuilder.com/consumer/saved-jobs/?DeveloperKey=WDHR8FC6P2JZ1Y61KLM5
I/mono-stdout( 8498): making api call to: /consumer/saved-jobs/?DeveloperKey=WDHR8FC6P2JZ1Y61KLM5
I/mono-stdout( 8498): Method: GET, RequestUri: 'https://api.careerbuilder.com/consumer/saved-jobs/?DeveloperKey=WDHR8FC6P2JZ1Y61KLM5', Version: 1.1, Content: <null>, Headers:

I/mono-stdout( 8498): {

I/mono-stdout( 8498): DeveloperKey: WDHR8FC6P2JZ1Y61KLM5

I/mono-stdout( 8498): Accept: application/json

I/mono-stdout( 8498): Authorization: Bearer test

I/mono-stdout( 8498): HostSite: US

I/mono-stdout( 8498): }
I/mono-stdout( 8498): Current State = 1,2,6,7
I/mono-stdout( 8498): applied jobs = 6
I/mono-stdout( 8498): expired jobs = 7
I/mono-stdout( 8498): saved jobs = Saved,Saved,Applied,Saved
I/System.out( 8498): URI: /map
I/System.out( 8498): params: {json={"query":"* marked:'menu_share'","operation":{"method_name":"query","arguments":[]}}
I/System.out( 8498): }
W/ResourceType( 8498): No known package when getting name for resource number 0xffffffff
W/ResourceType( 8498): No known package when getting name for resource number 0xffffffff
W/ResourceType( 8498): No known package when getting name for resource number 0xffffffff
I/mono-stdout( 8498): done making call to: /consumer/saved-jobs/?DeveloperKey=WDHR8FC6P2JZ1Y61KLM5
W/ResourceType( 8498): No known package when getting name for resource number 0xffffffff
W/ResourceType( 8498): No known package when getting name for resource number 0xffffffff
W/ResourceType( 8498): No known package when getting name for resource number 0xffffffff
W/ResourceType( 8498): No known package when getting name for resource number 0xffffffff
W/ResourceType( 8498): No known package when getting name for resource number 0xffffffff
W/ResourceType( 8498): No known package when getting name for resource number 0xffffffff
W/ResourceType( 8498): No known package when getting name for resource number 0xffffffff
W/ResourceType( 8498): No known package when getting name for resource number 0xffffffff
W/ResourceType( 8498): No known package when getting name for resource number 0xffffffff
W/ResourceType( 8498): No known package when getting name for resource number 0xffffffff
W/ResourceType( 8498): No known package when getting name for resource number 0xffffffff
W/ResourceType( 8498): No known package when getting name for resource number 0xffffffff
W/ResourceType( 8498): No known package when getting name for resource number 0xffffffff
W/ResourceType( 8498): No known package when getting name for resource number 0xffffffff
W/ResourceType( 8498): No known package when getting name for resource number 0xffffffff
W/ResourceType( 8498): No known package when getting name for resource number 0xffffffff
W/ResourceType( 8498): No known package when getting name for resource number 0xffffffff
W/ResourceType( 8498): No known package when getting name for resource number 0xffffffff
W/ResourceType( 8498): No known package when getting name for resource number 0xffffffff
W/ResourceType( 8498): No known package when getting name for resource number 0xffffffff
W/ResourceType( 8498): No known package when getting name for resource number 0xffffffff
W/ResourceType( 8498): No known package when getting name for resource number 0xffffffff
W/ResourceType( 8498): No known package when getting name for resource number 0xffffffff
W/ResourceType( 8498): No known package when getting name for resource number 0xffffffff
W/ResourceType( 8498): No known package when getting name for resource number 0xffffffff
W/ResourceType( 8498): No known package when getting name for resource number 0xffffffff
W/ResourceType( 8498): No known package when getting name for resource number 0xffffffff
W/ResourceType( 8498): No known package when getting name for resource number 0xffffffff
W/ResourceType( 8498): No known package when getting name for resource number 0xffffffff
W/ResourceType( 8498): No known package when getting name for resource number 0xffffffff
W/ResourceType( 8498): No known package when getting name for resource number 0xffffffff
W/ResourceType( 8498): No known package when getting name for resource number 0xffffffff
W/ResourceType( 8498): No known package when getting name for resource number 0xffffffff
W/ResourceType( 8498): No known package when getting name for resource number 0xffffffff
W/ResourceType( 8498): No known package when getting name for resource number 0xffffffff
W/ResourceType( 8498): No known package when getting name for resource number 0xffffffff
W/ResourceType( 8498): No known package when getting name for resource number 0xffffffff
W/ResourceType( 8498): No known package when getting name for resource number 0xffffffff
W/ResourceType( 8498): No known package when getting name for resource number 0xffffffff
W/ResourceType( 8498): No known package when getting name for resource number 0xffffffff
W/ResourceType( 8498): No known package when getting name for resource number 0xffffffff
W/ResourceType( 8498): No known package when getting name for resource number 0xffffffff
W/ResourceType( 8498): No known package when getting name for resource number 0xffffffff
W/ResourceType( 8498): No known package when getting name for resource number 0xffffffff
W/ResourceType( 8498): No known package when getting name for resource number 0xffffffff
W/ResourceType( 8498): No known package when getting name for resource number 0xffffffff
W/ResourceType( 8498): No known package when getting name for resource number 0xffffffff
W/ResourceType( 8498): No known package when getting name for resource number 0xffffffff
W/ResourceType( 8498): No known package when getting name for resource number 0xffffffff
W/ResourceType( 8498): No known package when getting name for resource number 0xffffffff
W/ResourceType( 8498): No known package when getting name for resource number 0xffffffff
W/ResourceType( 8498): No known package when getting name for resource number 0xffffffff
W/ResourceType( 8498): No known package when getting name for resource number 0xffffffff
W/ResourceType( 8498): No known package when getting name for resource number 0xffffffff
W/ResourceType( 8498): No known package when getting name for resource number 0xffffffff
W/ResourceType( 8498): No known package when getting name for resource number 0xffffffff
W/ResourceType( 8498): No known package when getting name for resource number 0xffffffff
I/ThermalEngine(  368): ACTION: GPU - Setting GPU[0] to 389000000
I/ThermalEngine(  368): Mitigation:GPU[0]:389000000 Hz
I/ThermalEngine(  368): ACTION: CPU - Setting CPU[0] to 2496000
I/ThermalEngine(  368): ACTION: CPU - Setting CPU[1] to 2496000
I/ThermalEngine(  368): ACTION: CPU - Setting CPU[2] to 2496000
I/ThermalEngine(  368): ACTION: CPU - Setting CPU[3] to 2496000
W/ResourceType( 8498): No known package when getting name for resource number 0xffffffff
W/ResourceType( 8498): No known package when getting name for resource number 0xffffffff
W/ResourceType( 8498): No known package when getting name for resource number 0xffffffff
W/ResourceType( 8498): No known package when getting name for resource number 0xffffffff
W/ResourceType( 8498): No known package when getting name for resource number 0xffffffff
W/ResourceType( 8498): No known package when getting name for resource number 0xffffffff
W/ResourceType( 8498): No known package when getting name for resource number 0xffffffff
W/ResourceType( 8498): No known package when getting name for resource number 0xffffffff
W/ResourceType( 8498): No known package when getting name for resource number 0xffffffff
W/ResourceType( 8498): No known package when getting name for resource number 0xffffffff
W/ResourceType( 8498): No known package when getting name for resource number 0xffffffff
W/ResourceType( 8498): No known package when getting name for resource number 0xffffffff
W/ResourceType( 8498): No known package when getting name for resource number 0xffffffff
W/ResourceType( 8498): No known package when getting name for resource number 0xffffffff
W/ResourceType( 8498): No known package when getting name for resource number 0xffffffff
W/ResourceType( 8498): No known package when getting name for resource number 0xffffffff
I/System.out( 8498): URI: /map
I/System.out( 8498): params: {json={"query":"* marked:'menu_share'","operation":{"method_name":"query","arguments":[]}}
I/System.out( 8498): }
W/ResourceType( 8498): No known package when getting name for resource number 0xffffffff
W/ResourceType( 8498): No known package when getting name for resource number 0xffffffff
W/ResourceType( 8498): No known package when getting name for resource number 0xffffffff
W/ResourceType( 8498): No known package when getting name for resource number 0xffffffff
W/ResourceType( 8498): No known package when getting name for resource number 0xffffffff
