I/InstrumentationBackend( 8498): Added:'KeyboardKeyEvent', with key:'keyboard_key_event'
I/InstrumentationBackend( 8498): Added:'PressUserActionButton', with key:'press_user_action_button'
I/InstrumentationBackend( 8498): Added:'SetComposingRegion', with key:'set_composing_region'
I/InstrumentationBackend( 8498): Added:'SetSelection', with key:'set_selection'
I/InstrumentationBackend( 8498): Added:'AndroidSDKVersion', with key:'android_sdk_version'
I/InstrumentationBackend( 8498): Added:'Version', with key:'version'
I/InstrumentationBackend( 8498): Added:'GetActivityName', with key:'get_activity_name'
I/InstrumentationBackend( 8498): Added:'IsCurrentActivityFocused', with key:'is_current_activity_focused'
I/InstrumentationBackend( 8498): Added:'ScrollToView', with key:'scroll_to_view'
I/InstrumentationBackend( 8498): Added:'ViewConfiguration', with key:'view_configuration'
I/InstrumentationBackend( 8498): Added:'DumpBodyHtml', with key:'dump_body_html'
I/InstrumentationBackend( 8498): Added:'DumpHtml', with key:'dump_html'
I/InstrumentationBackend( 8498): Added:'EnterTextByCssSelector', with key:'enter_text_by_selector'
I/InstrumentationBackend( 8498): Added:'GetLoadProgress', with key:'get_load_progress'
I/InstrumentationBackend( 8498): Added:'GetUrl', with key:'get_url'
I/InstrumentationBackend( 8498): Added:'ScrollTo', with key:'scroll_to'
I/InstrumentationBackend( 8498): Added:'SetPropertyByCssSelector', with key:'set_property_by_css_selector'
I/calabash( 8498): Instantiating http server at 7102
I/System.out( 8498): HTTP Daemon listening on: 7102
I/System.out( 8498): URI: /ready
I/System.out( 8498): params: {}
I/System.out( 8498): URI: /ready
I/System.out( 8498): params: {}
I/System.out( 8498): URI: /ping
I/System.out( 8498): params: {json={"intent":null }
I/System.out( 8498): }
I/System.out( 8498): URI: /ready
I/System.out( 8498): params: {json={"intent":null }
I/System.out( 8498): }
I/System.out( 8498): URI: /start-application
I/System.out( 8498): params: {json={"intent":null }
I/System.out( 8498): }
I/calabash( 8498): execStartActivity 4
I/ActivityManager(  815): START u0 {act=android.intent.action.MAIN cat=[android.intent.category.LAUNCHER] flg=0x10200000 cmp=com.careerbuilder.SugarDrone/md537fd6201b6818e2e180d2f7606e21a83.AppMainActivity (has extras)} from uid 16017 on display 0
W/ActivityManager(  815): Activity start request from 16017 stopped
V/WindowManager(  815): addAppToken: AppWindowToken{2ba0a5e token=Token{39500799 ActivityRecord{b9518e0 u0 com.careerbuilder.SugarDrone/md537fd6201b6818e2e180d2f7606e21a83.AppMainActivity t17}}} to stack=1 task=17 at 0
I/calabash( 8498): newActivity1
D/Mono    ( 8498): Assembly Ref addref CareerBuilder_Search.Droid[0xb4ae8580] -> Xamarin.Android.Support.v7.AppCompat[0xb4ae8f40]: 2
D/Mono    ( 8498): Assembly Ref addref Xamarin.Android.Support.v7.AppCompat[0xb4ae8f40] -> Xamarin.Android.Support.v4[0xb4ae8dc0]: 2
V/WindowManager(  815): Adding window Window{1b34b637 u0 Starting com.careerbuilder.SugarDrone} at 2 of 7 (after Window{3b312091 u0 com.google.android.googlequicksearchbox/com.google.android.launcher.GEL})
D/Mono    ( 8498): DllImport searching in: '__Internal' ('(null)').
D/Mono    ( 8498): Searching for 'java_interop_jnienv_get_array_length'.
D/Mono    ( 8498): Probing 'java_interop_jnienv_get_array_length'.
D/Mono    ( 8498): Found as 'java_interop_jnienv_get_array_length'.
D/Mono    ( 8498): Assembly Ref addref CareerBuilder_Search.Droid[0xb4ae8580] -> CareerBuilder_Search[0xb4b73460]: 2
D/Mono    ( 8498): Assembly Ref addref CareerBuilder_Search.Droid[0xb4ae8580] -> Xamarin.Android.Support.v4[0xb4ae8dc0]: 3
D/Mono    ( 8498): DllImport searching in: '__Internal' ('(null)').
D/Mono    ( 8498): Searching for 'java_interop_jnienv_new_string'.
D/Mono    ( 8498): Probing 'java_interop_jnienv_new_string'.
D/Mono    ( 8498): Found as 'java_interop_jnienv_new_string'.
D/Mono    ( 8498): Assembly Ref addref CareerBuilder_Search.Droid[0xb4ae8580] -> Plugin.CurrentActivity[0xb4ae8880]: 2
D/Mono    ( 8498): Assembly Ref addref Plugin.CurrentActivity[0xb4ae8880] -> mscorlib[0xb4ae8520]: 30
D/Mono    ( 8498): Assembly Ref addref Plugin.CurrentActivity[0xb4ae8880] -> Mono.Android[0xb4b734c0]: 18
D/Mono    ( 8498): [0x9cb91200] worker starting
D/Mono    ( 8498): [0x9cb91c00] worker starting
D/Mono    ( 8498): Unloading image System.Runtime.dll [0xb4b84200].
D/Mono    ( 8498): Image addref System.Runtime[0x9bc97940] -> System.Runtime.dll[0xb4b77f00]: 5
D/Mono    ( 8498): Config attempting to parse: 'System.Runtime.dll.config'.
D/Mono    ( 8498): Config attempting to parse: '/Users/builder/data/lanes/4009/f3074d2c/source/monodroid/builds/install/mono-armv6/etc/mono/assemblies/System.Runtime/System.Runtime.config'.
D/Mono    ( 8498): Assembly Ref addref CareerBuilder_Search[0xb4b73460] -> System.Runtime[0xb4b73580]: 3
D/Mono    ( 8498): Assembly Ref addref CareerBuilder_Search[0xb4b73460] -> Plugin.DeviceInfo.Abstractions[0xb4ae8ac0]: 2
D/Mono    ( 8498): Unloading image System.Runtime.dll [0xb4b84700].
D/Mono    ( 8498): Image addref System.Runtime[0x9bc97940] -> System.Runtime.dll[0xb4b77f00]: 6
D/Mono    ( 8498): Config attempting to parse: 'System.Runtime.dll.config'.
D/Mono    ( 8498): Config attempting to parse: '/Users/builder/data/lanes/4009/f3074d2c/source/monodroid/builds/install/mono-armv6/etc/mono/assemblies/System.Runtime/System.Runtime.config'.
D/Mono    ( 8498): Assembly Ref addref Plugin.DeviceInfo.Abstractions[0xb4ae8ac0] -> System.Runtime[0xb4b73580]: 4
D/Mono    ( 8498): Assembly Ref addref CareerBuilder_Search.Droid[0xb4ae8580] -> Akavache[0xb4ae86a0]: 2
D/Mono    ( 8498): Assembly Ref addref Akavache[0xb4ae86a0] -> mscorlib[0xb4ae8520]: 31
D/Mono    ( 8498): Assembly Ref addref Akavache[0xb4ae86a0] -> System.Reactive.Interfaces[0xb4b731c0]: 2
D/Mono    ( 8498): Assembly Ref addref Akavache[0xb4ae86a0] -> System.Reactive.Core[0xb4b73160]: 2
D/Mono    ( 8498): Unloading image System.Runtime.dll [0xb4b84700].
D/Mono    ( 8498): Image addref System.Runtime[0x9bc97940] -> System.Runtime.dll[0xb4b77f00]: 7
D/Mono    ( 8498): Config attempting to parse: 'System.Runtime.dll.config'.
D/Mono    ( 8498): Config attempting to parse: '/Users/builder/data/lanes/4009/f3074d2c/source/monodroid/builds/install/mono-armv6/etc/mono/assemblies/System.Runtime/System.Runtime.config'.
D/Mono    ( 8498): Assembly Ref addref System.Reactive.Core[0xb4b73160] -> System.Runtime[0xb4b73580]: 5
D/Mono    ( 8498): DllImport searching in: '__Internal' ('(null)').
D/Mono    ( 8498): Searching for 'java_interop_jnienv_call_nonvirtual_object_method_a'.
D/Mono    ( 8498): Probing 'java_interop_jnienv_call_nonvirtual_object_method_a'.
D/Mono    ( 8498): Found as 'java_interop_jnienv_call_nonvirtual_object_method_a'.
D/Mono    ( 8498): Assembly Ref addref CareerBuilder_Search.Droid[0xb4ae8580] -> Microsoft.Practices.Unity[0xb4ae8820]: 2
D/Mono    ( 8498): Unloading image System.Runtime.dll [0xb4b84700].
D/Mono    ( 8498): Image addref System.Runtime[0x9bc97940] -> System.Runtime.dll[0xb4b77f00]: 8
D/Mono    ( 8498): Config attempting to parse: 'System.Runtime.dll.config'.
D/Mono    ( 8498): Config attempting to parse: '/Users/builder/data/lanes/4009/f3074d2c/source/monodroid/builds/install/mono-armv6/etc/mono/assemblies/System.Runtime/System.Runtime.config'.
D/Mono    ( 8498): Assembly Ref addref Microsoft.Practices.Unity[0xb4ae8820] -> System.Runtime[0xb4b73580]: 6
D/Mono    ( 8498): Unloading image System.Collections.dll [0xb4b84c00].
D/Mono    ( 8498): Image addref System.Collections[0x9bc97940] -> System.Collections.dll[0xb4b7ac00]: 5
D/Mono    ( 8498): Config attempting to parse: 'System.Collections.dll.config'.
D/Mono    ( 8498): Config attempting to parse: '/Users/builder/data/lanes/4009/f3074d2c/source/monodroid/builds/install/mono-armv6/etc/mono/assemblies/System.Collections/System.Collections.config'.
D/Mono    ( 8498): Assembly Ref addref Microsoft.Practices.Unity[0xb4ae8820] -> System.Collections[0xb4b73820]: 3
D/Mono    ( 8498): Assembly Ref addref CareerBuilder_Search[0xb4b73460] -> Microsoft.Practices.Unity[0xb4ae8820]: 3
D/Mono    ( 8498): Assembly Ref addref CareerBuilder_Search.Droid[0xb4ae8580] -> Plugin.DeviceInfo.Abstractions[0xb4ae8ac0]: 3
D/OpenGLRenderer( 8498): Use EGL_SWAP_BEHAVIOR_PRESERVED: true
D/Atlas   ( 8498): Validating map...
D/Mono    ( 8498): Unloading image System.Diagnostics.Debug.dll [0xb4b84c00].
D/Mono    ( 8498): Image addref System.Diagnostics.Debug[0x9bc97940] -> System.Diagnostics.Debug.dll[0xb4b79d00]: 5
D/Mono    ( 8498): Config attempting to parse: 'System.Diagnostics.Debug.dll.config'.
D/Mono    ( 8498): Config attempting to parse: '/Users/builder/data/lanes/4009/f3074d2c/source/monodroid/builds/install/mono-armv6/etc/mono/assemblies/System.Diagnostics.Debug/System.Diagnostics.Debug.config'.
D/Mono    ( 8498): Assembly Ref addref CareerBuilder_Search[0xb4b73460] -> System.Diagnostics.Debug[0xb4b73700]: 3
D/Mono    ( 8498): Assembly Ref addref System.Diagnostics.Debug[0xb4b73700] -> mscorlib[0xb4ae8520]: 32
D/Mono    ( 8498): Image addref System.Diagnostics.Tools[0x9bc97940] -> System.Diagnostics.Tools.dll[0xb4b84c00]: 2
D/Mono    ( 8498): Prepared to set up assembly 'System.Diagnostics.Tools' (System.Diagnostics.Tools.dll)
D/Mono    ( 8498): Assembly System.Diagnostics.Tools[0x9bc97940] added to domain RootDomain, ref_count=1
D/Mono    ( 8498): AOT module 'System.Diagnostics.Tools.dll.so' not found: dlopen failed: library "/data/app/com.careerbuilder.SugarDrone-1/lib/arm/libaot-System.Diagnostics.Tools.dll.so" not found
D/Mono    ( 8498): AOT module '/Users/builder/data/lanes/4009/f3074d2c/source/monodroid/builds/install/mono-armv6/lib/mono/aot-cache/arm/System.Diagnostics.Tools.dll.so' not found: dlopen failed: library "/data/app/com.careerbuilder.SugarDrone-1/lib/arm/libaot-System.Diagnostics.Tools.dll.so" not found
D/Mono    ( 8498): Config attempting to parse: 'System.Diagnostics.Tools.dll.config'.
D/Mono    ( 8498): Config attempting to parse: '/Users/builder/data/lanes/4009/f3074d2c/source/monodroid/builds/install/mono-armv6/etc/mono/assemblies/System.Diagnostics.Tools/System.Diagnostics.Tools.config'.
D/Mono    ( 8498): Assembly Ref addref Microsoft.Practices.Unity[0xb4ae8820] -> System.Diagnostics.Tools[0x9bc97940]: 2
D/Mono    ( 8498): Assembly Ref addref System.Diagnostics.Tools[0x9bc97940] -> mscorlib[0xb4ae8520]: 33
D/Mono    ( 8498): Image addref System.Resources.ResourceManager[0x9bc979a0] -> System.Resources.ResourceManager.dll[0xb4b85100]: 2
D/Mono    ( 8498): Prepared to set up assembly 'System.Resources.ResourceManager' (System.Resources.ResourceManager.dll)
D/Mono    ( 8498): Assembly System.Resources.ResourceManager[0x9bc979a0] added to domain RootDomain, ref_count=1
D/Mono    ( 8498): AOT module 'System.Resources.ResourceManager.dll.so' not found: dlopen failed: library "/data/app/com.careerbuilder.SugarDrone-1/lib/arm/libaot-System.Resources.ResourceManager.dll.so" not found
D/Mono    ( 8498): AOT module '/Users/builder/data/lanes/4009/f3074d2c/source/monodroid/builds/install/mono-armv6/lib/mono/aot-cache/arm/System.Resources.ResourceManager.dll.so' not found: dlopen failed: library "/data/app/com.careerbuilder.SugarDrone-1/lib/arm/libaot-System.Resources.ResourceManager.dll.so" not found
D/Mono    ( 8498): Config attempting to parse: 'System.Resources.ResourceManager.dll.config'.
D/Mono    ( 8498): Config attempting to parse: '/Users/builder/data/lanes/4009/f3074d2c/source/monodroid/builds/install/mono-armv6/etc/mono/assemblies/System.Resources.ResourceManager/System.Resources.ResourceManager.config'.
D/Mono    ( 8498): Assembly Ref addref Microsoft.Practices.Unity[0xb4ae8820] -> System.Resources.ResourceManager[0x9bc979a0]: 2
D/Mono    ( 8498): Assembly Ref addref System.Resources.ResourceManager[0x9bc979a0] -> mscorlib[0xb4ae8520]: 34
V/WindowManager(  815): Adding window Window{126b273c u0 com.careerbuilder.SugarDrone/md537fd6201b6818e2e180d2f7606e21a83.AppMainActivity} at 2 of 8 (before Window{1b34b637 u0 Starting com.careerbuilder.SugarDrone})
D/Mono    ( 8498): Unloading image System.Reflection.dll [0xb4b85600].
D/Mono    ( 8498): Image addref System.Reflection[0x9bc97a00] -> System.Reflection.dll[0xb4b79300]: 5
D/Mono    ( 8498): Config attempting to parse: 'System.Reflection.dll.config'.
D/Mono    ( 8498): Config attempting to parse: '/Users/builder/data/lanes/4009/f3074d2c/source/monodroid/builds/install/mono-armv6/etc/mono/assemblies/System.Reflection/System.Reflection.config'.
D/Mono    ( 8498): Assembly Ref addref Microsoft.Practices.Unity[0xb4ae8820] -> System.Reflection[0xb4b73640]: 3
D/Mono    ( 8498): Unloading image System.Linq.dll [0xb4b85600].
D/Mono    ( 8498): Image addref System.Linq[0x9bc97d60] -> System.Linq.dll[0xb4b7cf00]: 5
D/Mono    ( 8498): Config attempting to parse: 'System.Linq.dll.config'.
D/Mono    ( 8498): Config attempting to parse: '/Users/builder/data/lanes/4009/f3074d2c/source/monodroid/builds/install/mono-armv6/etc/mono/assemblies/System.Linq/System.Linq.config'.
D/Mono    ( 8498): Assembly Ref addref Microsoft.Practices.Unity[0xb4ae8820] -> System.Linq[0xb4b73940]: 3
I/Adreno  ( 8498): EGLInit: QTI Build: 01/29/15, 1bccc5d, I0ba6dce82d
I/OpenGLRenderer( 8498): Initialized EGL, version 1.4
D/Mono    ( 8498): Unloading image System.Threading.dll [0xb4b85600].
D/Mono    ( 8498): Image addref System.Threading[0x9bc97d60] -> System.Threading.dll[0xb4b79800]: 5
D/Mono    ( 8498): Config attempting to parse: 'System.Threading.dll.config'.
D/Mono    ( 8498): Config attempting to parse: '/Users/builder/data/lanes/4009/f3074d2c/source/monodroid/builds/install/mono-armv6/etc/mono/assemblies/System.Threading/System.Threading.config'.
D/Mono    ( 8498): Assembly Ref addref Microsoft.Practices.Unity[0xb4ae8820] -> System.Threading[0xb4b736a0]: 3
D/OpenGLRenderer( 8498): Enabling debug mode 0
D/Mono    ( 8498): Image addref System.Globalization[0x9bc97ca0] -> System.Globalization.dll[0x9a134b00]: 2
D/Mono    ( 8498): Prepared to set up assembly 'System.Globalization' (System.Globalization.dll)
D/Mono    ( 8498): Assembly System.Globalization[0x9bc97ca0] added to domain RootDomain, ref_count=1
D/Mono    ( 8498): AOT module 'System.Globalization.dll.so' not found: dlopen failed: library "/data/app/com.careerbuilder.SugarDrone-1/lib/arm/libaot-System.Globalization.dll.so" not found
D/Mono    ( 8498): AOT module '/Users/builder/data/lanes/4009/f3074d2c/source/monodroid/builds/install/mono-armv6/lib/mono/aot-cache/arm/System.Globalization.dll.so' not found: dlopen failed: library "/data/app/com.careerbuilder.SugarDrone-1/lib/arm/libaot-System.Globalization.dll.so" not found
D/Mono    ( 8498): Config attempting to parse: 'System.Globalization.dll.config'.
D/Mono    ( 8498): Config attempting to parse: '/Users/builder/data/lanes/4009/f3074d2c/source/monodroid/builds/install/mono-armv6/etc/mono/assemblies/System.Globalization/System.Globalization.config'.
D/Mono    ( 8498): Assembly Ref addref Microsoft.Practices.Unity[0xb4ae8820] -> System.Globalization[0x9bc97ca0]: 2
D/Mono    ( 8498): Assembly Ref addref System.Globalization[0x9bc97ca0] -> mscorlib[0xb4ae8520]: 35
D/Mono    ( 8498): Image addref System.Runtime.Extensions[0x9a1c0d60] -> System.Runtime.Extensions.dll[0x9a135000]: 2
D/Mono    ( 8498): Prepared to set up assembly 'System.Runtime.Extensions' (System.Runtime.Extensions.dll)
D/Mono    ( 8498): Assembly System.Runtime.Extensions[0x9a1c0d60] added to domain RootDomain, ref_count=1
D/Mono    ( 8498): AOT module 'System.Runtime.Extensions.dll.so' not found: dlopen failed: library "/data/app/com.careerbuilder.SugarDrone-1/lib/arm/libaot-System.Runtime.Extensions.dll.so" not found
D/Mono    ( 8498): AOT module '/Users/builder/data/lanes/4009/f3074d2c/source/monodroid/builds/install/mono-armv6/lib/mono/aot-cache/arm/System.Runtime.Extensions.dll.so' not found: dlopen failed: library "/data/app/com.careerbuilder.SugarDrone-1/lib/arm/libaot-System.Runtime.Extensions.dll.so" not found
D/Mono    ( 8498): Config attempting to parse: 'System.Runtime.Extensions.dll.config'.
D/Mono    ( 8498): Config attempting to parse: '/Users/builder/data/lanes/4009/f3074d2c/source/monodroid/builds/install/mono-armv6/etc/mono/assemblies/System.Runtime.Extensions/System.Runtime.Extensions.config'.
D/Mono    ( 8498): Assembly Ref addref Microsoft.Practices.Unity[0xb4ae8820] -> System.Runtime.Extensions[0x9a1c0d60]: 2
D/Mono    ( 8498): Assembly Ref addref System.Runtime.Extensions[0x9a1c0d60] -> mscorlib[0xb4ae8520]: 36
D/Mono    ( 8498): Image addref System.Linq.Expressions[0x9a1c0dc0] -> System.Linq.Expressions.dll[0x9a134100]: 2
D/Mono    ( 8498): Prepared to set up assembly 'System.Linq.Expressions' (System.Linq.Expressions.dll)
D/Mono    ( 8498): Assembly System.Linq.Expressions[0x9a1c0dc0] added to domain RootDomain, ref_count=1
D/Mono    ( 8498): AOT module 'System.Linq.Expressions.dll.so' not found: dlopen failed: library "/data/app/com.careerbuilder.SugarDrone-1/lib/arm/libaot-System.Linq.Expressions.dll.so" not found
D/Mono    ( 8498): AOT module '/Users/builder/data/lanes/4009/f3074d2c/source/monodroid/builds/install/mono-armv6/lib/mono/aot-cache/arm/System.Linq.Expressions.dll.so' not found: dlopen failed: library "/data/app/com.careerbuilder.SugarDrone-1/lib/arm/libaot-System.Linq.Expressions.dll.so" not found
D/Mono    ( 8498): Config attempting to parse: 'System.Linq.Expressions.dll.config'.
D/Mono    ( 8498): Config attempting to parse: '/Users/builder/data/lanes/4009/f3074d2c/source/monodroid/builds/install/mono-armv6/etc/mono/assemblies/System.Linq.Expressions/System.Linq.Expressions.config'.
D/Mono    ( 8498): Assembly Ref addref Microsoft.Practices.Unity[0xb4ae8820] -> System.Linq.Expressions[0x9a1c0dc0]: 2
D/Mono    ( 8498): Assembly Ref addref System.Linq.Expressions[0x9a1c0dc0] -> System.Core[0xb4b73ac0]: 5
I/ActivityManager(  815): Displayed com.careerbuilder.SugarDrone/md537fd6201b6818e2e180d2f7606e21a83.AppMainActivity: +387ms (total +1m31s113ms)
D/Mono    ( 8498): Assembly Ref addref System.Core[0xb4b73ac0] -> System[0xb4b73760]: 3
D/Mono    ( 8498): Assembly Ref addref CareerBuilder_Search.Droid[0xb4ae8580] -> Xamarin.GooglePlayServices.Analytics[0xb4ae8b20]: 2
D/Mono    ( 8498): Assembly Ref addref CareerBuilder_Search.Droid[0xb4ae8580] -> Plugin.Geolocator.Abstractions[0xb4ae8a00]: 2
D/Mono    ( 8498): Assembly Ref addref CareerBuilder_Search[0xb4b73460] -> System.Net.Http[0x9bc97400]: 3
D/Mono    ( 8498): Assembly Ref addref CareerBuilder_Search[0xb4b73460] -> Plugin.DeviceInfo[0xb4ae8a60]: 2
D/Mono    ( 8498): Assembly Ref addref Plugin.DeviceInfo[0xb4ae8a60] -> mscorlib[0xb4ae8520]: 37
D/Mono    ( 8498): Assembly Ref addref Plugin.DeviceInfo[0xb4ae8a60] -> Plugin.DeviceInfo.Abstractions[0xb4ae8ac0]: 4
D/Mono    ( 8498): Image addref System.Threading.Tasks[0x9a198340] -> System.Threading.Tasks.dll[0x9a133700]: 2
D/Mono    ( 8498): Prepared to set up assembly 'System.Threading.Tasks' (System.Threading.Tasks.dll)
D/Mono    ( 8498): Assembly System.Threading.Tasks[0x9a198340] added to domain RootDomain, ref_count=1
D/Mono    ( 8498): AOT module 'System.Threading.Tasks.dll.so' not found: dlopen failed: library "/data/app/com.careerbuilder.SugarDrone-1/lib/arm/libaot-System.Threading.Tasks.dll.so" not found
D/Mono    ( 8498): AOT module '/Users/builder/data/lanes/4009/f3074d2c/source/monodroid/builds/install/mono-armv6/lib/mono/aot-cache/arm/System.Threading.Tasks.dll.so' not found: dlopen failed: library "/data/app/com.careerbuilder.SugarDrone-1/lib/arm/libaot-System.Threading.Tasks.dll.so" not found
D/Mono    ( 8498): Config attempting to parse: 'System.Threading.Tasks.dll.config'.
D/Mono    ( 8498): Config attempting to parse: '/Users/builder/data/lanes/4009/f3074d2c/source/monodroid/builds/install/mono-armv6/etc/mono/assemblies/System.Threading.Tasks/System.Threading.Tasks.config'.
D/Mono    ( 8498): Assembly Ref addref CareerBuilder_Search[0xb4b73460] -> System.Threading.Tasks[0x9a198340]: 2
D/Mono    ( 8498): Assembly Ref addref System.Threading.Tasks[0x9a198340] -> mscorlib[0xb4ae8520]: 38
D/Mono    ( 8498): Unloading image System.Collections.dll [0x9a133c00].
D/Mono    ( 8498): Image addref System.Collections[0x9bc97dc0] -> System.Collections.dll[0xb4b7ac00]: 6
D/Mono    ( 8498): Config attempting to parse: 'System.Collections.dll.config'.
D/Mono    ( 8498): Config attempting to parse: '/Users/builder/data/lanes/4009/f3074d2c/source/monodroid/builds/install/mono-armv6/etc/mono/assemblies/System.Collections/System.Collections.config'.
D/Mono    ( 8498): Assembly Ref addref CareerBuilder_Search[0xb4b73460] -> System.Collections[0xb4b73820]: 4
D/Mono    ( 8498): Assembly Ref addref System.Collections[0xb4b73820] -> System[0xb4b73760]: 4
D/Mono    ( 8498): Assembly Ref addref System.Net.Http[0x9bc97400] -> System[0xb4b73760]: 5
I/System.out( 8498): URI: /map
I/System.out( 8498): params: {json={"query":"*","operation":{"method_name":"query","arguments":[]}}
I/System.out( 8498): }
D/Finsky  ( 3473): [1] 5.onFinished: Installation state replication succeeded.
D/Mono    ( 8498): Assembly Ref addref Microsoft.Practices.Unity[0xb4ae8820] -> System.Reflection.Extensions[0xb4b73be0]: 3
W/ResourceType( 8498): No known package when getting name for resource number 0xffffffff
W/ResourceType( 8498): No known package when getting name for resource number 0xffffffff
W/ResourceType( 8498): No known package when getting name for resource number 0xffffffff
E/WifiStateMachine(  815): WifiStateMachine CMD_START_SCAN source -2 txSuccessRate=0.06 rxSuccessRate=0.19 targetRoamBSSID=any RSSI=-49
D/Mono    ( 8498): Unloading image System.Threading.dll [0x9a139b00].
D/Mono    ( 8498): Image addref System.Threading[0x9a198280] -> System.Threading.dll[0xb4b79800]: 6
D/Mono    ( 8498): Config attempting to parse: 'System.Threading.dll.config'.
D/Mono    ( 8498): Config attempting to parse: '/Users/builder/data/lanes/4009/f3074d2c/source/monodroid/builds/install/mono-armv6/etc/mono/assemblies/System.Threading/System.Threading.config'.
D/Mono    ( 8498): Assembly Ref addref CareerBuilder_Search[0xb4b73460] -> System.Threading[0xb4b736a0]: 4
D/Mono    ( 8498): Assembly Ref addref System.Threading[0xb4b736a0] -> System.Core[0xb4b73ac0]: 6
D/Mono    ( 8498): Assembly Ref addref System.Runtime[0xb4b73580] -> System[0xb4b73760]: 6
D/Mono    ( 8498): Assembly Ref addref CareerBuilder_Search[0xb4b73460] -> Newtonsoft.Json[0xb4b730a0]: 2
D/Mono    ( 8498): Unloading image System.Runtime.dll [0x9a13a000].
D/Mono    ( 8498): Image addref System.Runtime[0x9a1c0e80] -> System.Runtime.dll[0xb4b77f00]: 9
D/Mono    ( 8498): Config attempting to parse: 'System.Runtime.dll.config'.
D/Mono    ( 8498): Config attempting to parse: '/Users/builder/data/lanes/4009/f3074d2c/source/monodroid/builds/install/mono-armv6/etc/mono/assemblies/System.Runtime/System.Runtime.config'.
D/Mono    ( 8498): Assembly Ref addref Newtonsoft.Json[0xb4b730a0] -> System.Runtime[0xb4b73580]: 7
D/Mono    ( 8498): Image addref System.Dynamic.Runtime[0x9a1c0e80] -> System.Dynamic.Runtime.dll[0x9a13a000]: 2
D/Mono    ( 8498): Prepared to set up assembly 'System.Dynamic.Runtime' (System.Dynamic.Runtime.dll)
D/Mono    ( 8498): Assembly System.Dynamic.Runtime[0x9a1c0e80] added to domain RootDomain, ref_count=1
D/Mono    ( 8498): AOT module 'System.Dynamic.Runtime.dll.so' not found: dlopen failed: library "/data/app/com.careerbuilder.SugarDrone-1/lib/arm/libaot-System.Dynamic.Runtime.dll.so" not found
D/Mono    ( 8498): AOT module '/Users/builder/data/lanes/4009/f3074d2c/source/monodroid/builds/install/mono-armv6/lib/mono/aot-cache/arm/System.Dynamic.Runtime.dll.so' not found: dlopen failed: library "/data/app/com.careerbuilder.SugarDrone-1/lib/arm/libaot-System.Dynamic.Runtime.dll.so" not found
D/Mono    ( 8498): Config attempting to parse: 'System.Dynamic.Runtime.dll.config'.
D/Mono    ( 8498): Config attempting to parse: '/Users/builder/data/lanes/4009/f3074d2c/source/monodroid/builds/install/mono-armv6/etc/mono/assemblies/System.Dynamic.Runtime/System.Dynamic.Runtime.config'.
D/Mono    ( 8498): Assembly Ref addref Newtonsoft.Json[0xb4b730a0] -> System.Dynamic.Runtime[0x9a1c0e80]: 2
D/Mono    ( 8498): Assembly Ref addref System.Dynamic.Runtime[0x9a1c0e80] -> System.Core[0xb4b73ac0]: 7
D/Mono    ( 8498): Image addref System.ObjectModel[0x9a1c0f40] -> System.ObjectModel.dll[0x9a139100]: 2
D/Mono    ( 8498): Prepared to set up assembly 'System.ObjectModel' (System.ObjectModel.dll)
D/Mono    ( 8498): Assembly System.ObjectModel[0x9a1c0f40] added to domain RootDomain, ref_count=1
D/Mono    ( 8498): AOT module 'System.ObjectModel.dll.so' not found: dlopen failed: library "/data/app/com.careerbuilder.SugarDrone-1/lib/arm/libaot-System.ObjectModel.dll.so" not found
D/Mono    ( 8498): AOT module '/Users/builder/data/lanes/4009/f3074d2c/source/monodroid/builds/install/mono-armv6/lib/mono/aot-cache/arm/System.ObjectModel.dll.so' not found: dlopen failed: library "/data/app/com.careerbuilder.SugarDrone-1/lib/arm/libaot-System.ObjectModel.dll.so" not found
D/Mono    ( 8498): Config attempting to parse: 'System.ObjectModel.dll.config'.
D/Mono    ( 8498): Config attempting to parse: '/Users/builder/data/lanes/4009/f3074d2c/source/monodroid/builds/install/mono-armv6/etc/mono/assemblies/System.ObjectModel/System.ObjectModel.config'.
D/Mono    ( 8498): Assembly Ref addref Newtonsoft.Json[0xb4b730a0] -> System.ObjectModel[0x9a1c0f40]: 2
D/Mono    ( 8498): Assembly Ref addref System.ObjectModel[0x9a1c0f40] -> System[0xb4b73760]: 7
D/Mono    ( 8498): Assembly Ref addref CareerBuilder_Search[0xb4b73460] -> System.Reactive.Core[0xb4b73160]: 3
D/Mono    ( 8498): DllImport attempting to load: '__Internal'.
D/Mono    ( 8498): DllImport loaded library '(null)'.
D/Mono    ( 8498): DllImport searching in: '__Internal' ('(null)').
D/Mono    ( 8498): Searching for 'monodroid_get_system_property'.
D/Mono    ( 8498): Probing 'monodroid_get_system_property'.
D/Mono    ( 8498): Found as 'monodroid_get_system_property'.
D/Mono    ( 8498): DllImport searching in: '__Internal' ('(null)').
D/Mono    ( 8498): Searching for 'monodroid_free'.
D/Mono    ( 8498): Probing 'monodroid_free'.
D/Mono    ( 8498): Found as 'monodroid_free'.
I/System.out( 8498): URI: /map
I/System.out( 8498): params: {json={"query":"* id:'agreeAndContinueButton'","operation":{"method_name":"query","arguments":[]}}
I/System.out( 8498): }
W/ResourceType( 8498): No known package when getting name for resource number 0xffffffff
W/ResourceType( 8498): No known package when getting name for resource number 0xffffffff
W/ResourceType( 8498): No known package when getting name for resource number 0xffffffff
D/Mono    ( 8498): Assembly Ref addref CareerBuilder_Search.Droid[0xb4ae8580] -> Xamarin.Insights[0xb4ae8c40]: 2
D/Mono    ( 8498): Assembly Ref addref Xamarin.Insights[0xb4ae8c40] -> mscorlib[0xb4ae8520]: 39
D/Mono    ( 8498): Assembly Ref addref Xamarin.Insights[0xb4ae8c40] -> Mono.Android[0xb4b734c0]: 19
D/Mono    ( 8498): Assembly Ref addref CareerBuilder_Search.Droid[0xb4ae8580] -> HockeySDK[0xb4ae8640]: 2
D/Mono    ( 8498): Assembly Ref addref CareerBuilder_Search.Droid[0xb4ae8580] -> AppsFlyerXamarinBindingAndroid[0xb4ae85e0]: 2
D/Mono    ( 8498): DllImport searching in: '__Internal' ('(null)').
D/Mono    ( 8498): Searching for 'java_interop_jnienv_get_static_field_id'.
D/Mono    ( 8498): Probing 'java_interop_jnienv_get_static_field_id'.
D/Mono    ( 8498): Found as 'java_interop_jnienv_get_static_field_id'.
D/Mono    ( 8498): DllImport searching in: '__Internal' ('(null)').
D/Mono    ( 8498): Searching for 'java_interop_jnienv_get_static_int_field'.
D/Mono    ( 8498): Probing 'java_interop_jnienv_get_static_int_field'.
D/Mono    ( 8498): Found as 'java_interop_jnienv_get_static_int_field'.
D/Mono    ( 8498): Assembly Ref addref Xamarin.Insights[0xb4ae8c40] -> System.Core[0xb4b73ac0]: 8
D/Mono    ( 8498): DllImport searching in: '__Internal' ('(null)').
D/Mono    ( 8498): Searching for 'java_interop_jnienv_call_static_long_method_a'.
D/Mono    ( 8498): Probing 'java_interop_jnienv_call_static_long_method_a'.
D/Mono    ( 8498): Found as 'java_interop_jnienv_call_static_long_method_a'.
D/Mono    ( 8498): Assembly Ref addref Xamarin.Insights[0xb4ae8c40] -> System[0xb4b73760]: 8
D/Mono    ( 8498): Assembly Ref addref Xamarin.Insights[0xb4ae8c40] -> System.Net.Http[0x9bc97400]: 4
I/art     ( 8498): Explicit concurrent mark sweep GC freed 132814(5MB) AllocSpace objects, 20(320KB) LOS objects, 39% free, 24MB/40MB, paused 643us total 43.080ms
I/art     ( 8498): Explicit concurrent mark sweep GC freed 199(8KB) AllocSpace objects, 0(0B) LOS objects, 39% free, 24MB/40MB, paused 610us total 14.925ms
I/art     ( 8498): Explicit concurrent mark sweep GC freed 3(96B) AllocSpace objects, 0(0B) LOS objects, 39% free, 24MB/40MB, paused 798us total 16.960ms
I/System.out( 8498): URI: /map
I/System.out( 8498): params: {json={"query":"* id:'agreeAndContinueButton'","operation":{"method_name":"query","arguments":[]}}
I/System.out( 8498): }
D/Mono    ( 8498): DllImport searching in: '__Internal' ('(null)').
D/Mono    ( 8498): Searching for 'java_interop_jnienv_get_object_array_element'.
D/Mono    ( 8498): Probing 'java_interop_jnienv_get_object_array_element'.
D/Mono    ( 8498): Found as 'java_interop_jnienv_get_object_array_element'.
D/Mono    ( 8498): DllImport searching in: '__Internal' ('(null)').
D/Mono    ( 8498): Searching for 'java_interop_jnienv_call_boolean_method_a'.
D/Mono    ( 8498): Probing 'java_interop_jnienv_call_boolean_method_a'.
D/Mono    ( 8498): Found as 'java_interop_jnienv_call_boolean_method_a'.
D/Mono    ( 8498): DllImport searching in: '__Internal' ('(null)').
D/Mono    ( 8498): Searching for 'java_interop_jnienv_call_int_method_a'.
D/Mono    ( 8498): Probing 'java_interop_jnienv_call_int_method_a'.
D/Mono    ( 8498): Found as 'java_interop_jnienv_call_int_method_a'.
W/ResourceType( 8498): No known package when getting name for resource number 0xffffffff
W/ResourceType( 8498): No known package when getting name for resource number 0xffffffff
W/ResourceType( 8498): No known package when getting name for resource number 0xffffffff
I/art     ( 8498): Explicit concurrent mark sweep GC freed 13078(516KB) AllocSpace objects, 1(16KB) LOS objects, 38% free, 25MB/41MB, paused 8.505ms total 33.166ms
D/Mono    ( 8498): DllImport searching in: '__Internal' ('(null)').
D/Mono    ( 8498): Searching for 'java_interop_jnienv_get_field_id'.
D/Mono    ( 8498): Probing 'java_interop_jnienv_get_field_id'.
D/Mono    ( 8498): Found as 'java_interop_jnienv_get_field_id'.
D/Mono    ( 8498): DllImport searching in: '__Internal' ('(null)').
D/Mono    ( 8498): Searching for 'java_interop_jnienv_get_object_field'.
D/Mono    ( 8498): Probing 'java_interop_jnienv_get_object_field'.
D/Mono    ( 8498): Found as 'java_interop_jnienv_get_object_field'.
I/art     ( 8498): Explicit concurrent mark sweep GC freed 26491(1052KB) AllocSpace objects, 0(0B) LOS objects, 39% free, 24MB/40MB, paused 998us total 40.704ms
D/Mono    ( 8498): DllImport searching in: '__Internal' ('(null)').
D/Mono    ( 8498): Searching for 'java_interop_jnienv_call_static_int_method_a'.
D/Mono    ( 8498): Probing 'java_interop_jnienv_call_static_int_method_a'.
D/Mono    ( 8498): Found as 'java_interop_jnienv_call_static_int_method_a'.
W/Xamarin.Insights( 8498): Warning: Insights data communication has been manually enabled
D/Mono    ( 8498): DllImport searching in: '__Internal' ('(null)').
D/Mono    ( 8498): Searching for 'java_interop_jnienv_get_static_object_field'.
D/Mono    ( 8498): Probing 'java_interop_jnienv_get_static_object_field'.
D/Mono    ( 8498): Found as 'java_interop_jnienv_get_static_object_field'.
D/Mono    ( 8498): DllImport searching in: '__Internal' ('(null)').
D/Mono    ( 8498): Searching for 'java_interop_jnienv_call_static_void_method'.
D/Mono    ( 8498): Probing 'java_interop_jnienv_call_static_void_method'.
D/Mono    ( 8498): Found as 'java_interop_jnienv_call_static_void_method'.
I/AppsFlyer_3.01( 8498): Start tracking package: com.careerbuilder.SugarDrone
I/AppsFlyer_3.01( 8498): AsendTrackingWithEvent from activity: md537fd6201b6818e2e180d2f7606e21a83.MainApplication
I/AppsFlyer_3.01-605627220( 8498): ******* sendTrackingWithEvent: Launch
E/ActivityThread( 8498): Failed to find provider info for com.facebook.katana.provider.AttributionIdProvider
I/GAv4    ( 8498): Google Analytics 8.4.87 is starting up. To enable debug logging on a device run:
I/GAv4    ( 8498):   adb shell setprop log.tag.GAv4 DEBUG
I/GAv4    ( 8498):   adb logcat -s GAv4
I/AppsFlyer_3.01( 8498): WARNING:READ_PHONE_STATE is missing
W/GAv4    ( 8498): AnalyticsReceiver is not registered or is disabled. Register the receiver for reliable dispatching on non-Google Play devices. See http://goo.gl/8Rd3yj for instructions.
W/GAv4    ( 8498): CampaignTrackingReceiver is not registered, not exported or is disabled. Installation campaign tracking is not possible. See http://goo.gl/8Rd3yj for instructions.
D/AppsFlyer_3.01( 8498): AppsFlyer: first launch detected
I/AppsFlyer_3.01( 8498): AppsFlyer: first launch date: 2017-03-15_0820+0100
I/System.out( 8498): AppsFlyerLib.sendTrackingWithEvent
W/GAv4    ( 8498): AnalyticsService not registered in the app manifest. Hits might not be delivered reliably. See http://goo.gl/8Rd3yj for instructions.
D/Mono    ( 8498): DllImport searching in: '__Internal' ('(null)').
D/Mono    ( 8498): Searching for 'java_interop_jnienv_call_void_method_a'.
D/Mono    ( 8498): Probing 'java_interop_jnienv_call_void_method_a'.
D/Mono    ( 8498): Found as 'java_interop_jnienv_call_void_method_a'.
I/GAv4    ( 8498): Logger is deprecated. To enable debug logging, please run:
I/GAv4    ( 8498): adb shell setprop log.tag.GAv4 DEBUG
I/AppsFlyer_3.01-605627220( 8498): url: https://t.appsflyer.com/api/v3/androidevent?buildnumber=3.01&app_id=com.careerbuilder.SugarDrone
I/AppsFlyer_( 8498): data: device=shamu&firstLaunchDate=2017-03-15_0820%2B0100&installDate=2017-03-15_0819%2B0100&sdk=22&carrier=&date1=2017-03-15_0819%2B0100&af_preinstalled=false&advertiserIdEnabled=true&iaecounter=0&lang_code=en&appsflyerKey=WV****************HFK5&app_version_name=3.1.7&lang=English&timepassedsincelastlaunch=0&dkh=WVGo7sxf&android_id=bac03d0644d06fd5&advertiserId=61421825-42b4-4c72-854d-e43806bb777b&deviceType=user&af_v=cf2cabeb5ee62130c57459a381a46da183730f43&app_version_code=30011&platformextension=android_native&network=WIFI&operator=Telenor+DK&country=US&date2=2017-03-15_0819%2B0100&brand=google&af_timestamp=1489605627220&uid=1489605593570-7837521710386974337&isFirstCall=true&counter=1&model=Nexus+6&product=shamu
D/Mono    ( 8498): DllImport searching in: '__Internal' ('(null)').
D/Mono    ( 8498): Searching for 'java_interop_jnienv_new_local_ref'.
D/Mono    ( 8498): Probing 'java_interop_jnienv_new_local_ref'.
D/Mono    ( 8498): Found as 'java_interop_jnienv_new_local_ref'.
D/Mono    ( 8498): Assembly Ref addref Plugin.DeviceInfo[0xb4ae8a60] -> Mono.Android[0xb4b734c0]: 20
W/Xamarin.Insights( 8498): Warning: Insights data communication has been manually enabled
I/AppsFlyer_3.01( 8498): Start tracking package: com.careerbuilder.SugarDrone
I/AppsFlyer_3.01( 8498): AsendTrackingWithEvent from activity: md537fd6201b6818e2e180d2f7606e21a83.MainApplication
I/AppsFlyer_3.01-605627326( 8498): ******* sendTrackingWithEvent: Launch
E/ActivityThread( 8498): Failed to find provider info for com.facebook.katana.provider.AttributionIdProvider
D/Mono    ( 8498): DllImport searching in: '__Internal' ('(null)').
D/Mono    ( 8498): Searching for 'java_interop_jnienv_get_int_field'.
D/Mono    ( 8498): Probing 'java_interop_jnienv_get_int_field'.
D/Mono    ( 8498): Found as 'java_interop_jnienv_get_int_field'.
I/AppsFlyer_3.01( 8498): WARNING:READ_PHONE_STATE is missing
D/Mono    ( 8498): Unloading image Splat.dll [0x9a13af00].
D/Mono    ( 8498): Image addref Splat[0x9a245ac0] -> Splat.dll[0xb4841b00]: 5
D/Mono    ( 8498): Config attempting to parse: 'Splat.dll.config'.
D/Mono    ( 8498): Config attempting to parse: '/Users/builder/data/lanes/4009/f3074d2c/source/monodroid/builds/install/mono-armv6/etc/mono/assemblies/Splat/Splat.config'.
D/Mono    ( 8498): Assembly Ref addref Akavache[0xb4ae86a0] -> Splat[0xb4ae8760]: 2
D/Mono    ( 8498): Assembly Ref addref Splat[0xb4ae8760] -> mscorlib[0xb4ae8520]: 40
D/Mono    ( 8498): Assembly Ref addref System.Reactive.Core[0xb4b73160] -> System.Reactive.Interfaces[0xb4b731c0]: 3
D/Mono    ( 8498): Image addref System.ComponentModel[0x9a245ac0] -> System.ComponentModel.dll[0x9a13af00]: 2
D/Mono    ( 8498): Prepared to set up assembly 'System.ComponentModel' (System.ComponentModel.dll)
D/Mono    ( 8498): Assembly System.ComponentModel[0x9a245ac0] added to domain RootDomain, ref_count=1
D/Mono    ( 8498): AOT module 'System.ComponentModel.dll.so' not found: dlopen failed: library "/data/app/com.careerbuilder.SugarDrone-1/lib/arm/libaot-System.ComponentModel.dll.so" not found
D/Mono    ( 8498): AOT module '/Users/builder/data/lanes/4009/f3074d2c/source/monodroid/builds/install/mono-armv6/lib/mono/aot-cache/arm/System.ComponentModel.dll.so' not found: dlopen failed: library "/data/app/com.careerbuilder.SugarDrone-1/lib/arm/libaot-System.ComponentModel.dll.so" not found
D/Mono    ( 8498): Config attempting to parse: 'System.ComponentModel.dll.config'.
D/Mono    ( 8498): Config attempting to parse: '/Users/builder/data/lanes/4009/f3074d2c/source/monodroid/builds/install/mono-armv6/etc/mono/assemblies/System.ComponentModel/System.ComponentModel.config'.
D/Mono    ( 8498): Assembly Ref addref System.Reactive.Core[0xb4b73160] -> System.ComponentModel[0x9a245ac0]: 2
D/Mono    ( 8498): Assembly Ref addref System.ComponentModel[0x9a245ac0] -> mscorlib[0xb4ae8520]: 41
D/Mono    ( 8498): Unloading image System.Runtime.dll [0x9a28f800].
D/Mono    ( 8498): Image addref System.Runtime[0x9a262dc0] -> System.Runtime.dll[0xb4b77f00]: 10
D/Mono    ( 8498): Config attempting to parse: 'System.Runtime.dll.config'.
D/Mono    ( 8498): Config attempting to parse: '/Users/builder/data/lanes/4009/f3074d2c/source/monodroid/builds/install/mono-armv6/etc/mono/assemblies/System.Runtime/System.Runtime.config'.
D/Mono    ( 8498): Assembly Ref addref System.Reactive.Interfaces[0xb4b731c0] -> System.Runtime[0xb4b73580]: 8
D/Mono    ( 8498): Assembly Ref addref Akavache[0xb4ae86a0] -> System.Reactive.Linq[0xb4b73220]: 2
D/Mono    ( 8498): Unloading image System.Runtime.dll [0x9a28fd00].
D/Mono    ( 8498): Image addref System.Runtime[0x9a262dc0] -> System.Runtime.dll[0xb4b77f00]: 11
D/Mono    ( 8498): Config attempting to parse: 'System.Runtime.dll.config'.
D/Mono    ( 8498): Config attempting to parse: '/Users/builder/data/lanes/4009/f3074d2c/source/monodroid/builds/install/mono-armv6/etc/mono/assemblies/System.Runtime/System.Runtime.config'.
D/Mono    ( 8498): Assembly Ref addref System.Reactive.Linq[0xb4b73220] -> System.Runtime[0xb4b73580]: 9
D/Mono    ( 8498): Assembly Ref addref System.Reactive.Linq[0xb4b73220] -> System.Reactive.Interfaces[0xb4b731c0]: 4
D/Mono    ( 8498): Unloading image System.Threading.Tasks.dll [0x9a290200].
D/Mono    ( 8498): Image addref System.Threading.Tasks[0x9a262dc0] -> System.Threading.Tasks.dll[0x9a133700]: 5
D/Mono    ( 8498): Config attempting to parse: 'System.Threading.Tasks.dll.config'.
D/Mono    ( 8498): Config attempting to parse: '/Users/builder/data/lanes/4009/f3074d2c/source/monodroid/builds/install/mono-armv6/etc/mono/assemblies/System.Threading.Tasks/System.Threading.Tasks.config'.
D/Mono    ( 8498): Assembly Ref addref System.Reactive.Linq[0xb4b73220] -> System.Threading.Tasks[0x9a198340]: 3
D/Mono    ( 8498): Assembly Ref addref Splat[0xb4ae8760] -> Mono.Android[0xb4b734c0]: 21
D/Mono    ( 8498): Assembly Ref addref Splat[0xb4ae8760] -> System.Core[0xb4b73ac0]: 9
I/art     ( 1767): Explicit concurrent mark sweep GC freed 64922(3MB) AllocSpace objects, 19(327KB) LOS objects, 33% free, 31MB/47MB, paused 987us total 38.822ms
I/AppsFlyer_3.01( 8498): AppsFlyer: first launch date: 2017-03-15_0820+0100
I/System.out( 8498): AppsFlyerLib.sendTrackingWithEvent
D/Mono    ( 8498): Assembly Ref addref Akavache[0xb4ae86a0] -> Mono.Android[0xb4b734c0]: 22
I/AppsFlyer_3.01-605627326( 8498): url: https://t.appsflyer.com/api/v3/androidevent?buildnumber=3.01&app_id=com.careerbuilder.SugarDrone
I/AppsFlyer_( 8498): data: device=shamu&firstLaunchDate=2017-03-15_0820%2B0100&installDate=2017-03-15_0819%2B0100&sdk=22&carrier=&date1=2017-03-15_0819%2B0100&af_preinstalled=false&advertiserIdEnabled=true&iaecounter=0&lang_code=en&appsflyerKey=WV****************HFK5&app_version_name=3.1.7&lang=English&timepassedsincelastlaunch=0&dkh=WVGo7sxf&android_id=bac03d0644d06fd5&advertiserId=61421825-42b4-4c72-854d-e43806bb777b&deviceType=user&af_v=ee35eb170fd3af4863defdbaa82a736a1508cdcd&app_version_code=30011&platformextension=android_native&network=WIFI&operator=Telenor+DK&country=US&date2=2017-03-15_0819%2B0100&brand=google&af_timestamp=1489605627326&uid=1489605593570-7837521710386974337&isFirstCall=true&counter=2&model=Nexus+6&product=shamu
D/Mono    ( 8498): Assembly Loader probing location: '/Akavache.Mac.dll'.
D/Mono    ( 8498): Assembly Loader probing location: '/Users/builder/data/lanes/4009/f3074d2c/source/monodroid/builds/install/mono-armv6/lib/Akavache.Mac.dll'.
D/Mono    ( 8498): Assembly Loader probing location: '/Akavache.Mac.exe'.
D/Mono    ( 8498): Assembly Loader probing location: '/Users/builder/data/lanes/4009/f3074d2c/source/monodroid/builds/install/mono-armv6/lib/Akavache.Mac.exe'.
D/Mono    ( 8498): Assembly Loader probing location: '/Akavache.Deprecated.dll'.
D/Mono    ( 8498): Assembly Loader probing location: '/Users/builder/data/lanes/4009/f3074d2c/source/monodroid/builds/install/mono-armv6/lib/Akavache.Deprecated.dll'.
D/Mono    ( 8498): Assembly Loader probing location: '/Akavache.Deprecated.exe'.
D/Mono    ( 8498): Assembly Loader probing location: '/Users/builder/data/lanes/4009/f3074d2c/source/monodroid/builds/install/mono-armv6/lib/Akavache.Deprecated.exe'.
D/Mono    ( 8498): Assembly Loader probing location: '/Akavache.Mobile.dll'.
D/Mono    ( 8498): Assembly Loader probing location: '/Users/builder/data/lanes/4009/f3074d2c/source/monodroid/builds/install/mono-armv6/lib/Akavache.Mobile.dll'.
D/Mono    ( 8498): Assembly Loader probing location: '/Akavache.Mobile.exe'.
D/Mono    ( 8498): Assembly Loader probing location: '/Users/builder/data/lanes/4009/f3074d2c/source/monodroid/builds/install/mono-armv6/lib/Akavache.Mobile.exe'.
D/Mono    ( 8498): Unloading image System.Runtime.dll [0x9a290700].
D/Mono    ( 8498): Image addref System.Runtime[0x9a262e20] -> System.Runtime.dll[0xb4b77f00]: 12
D/Mono    ( 8498): Config attempting to parse: 'System.Runtime.dll.config'.
D/Mono    ( 8498): Config attempting to parse: '/Users/builder/data/lanes/4009/f3074d2c/source/monodroid/builds/install/mono-armv6/etc/mono/assemblies/System.Runtime/System.Runtime.config'.
D/Mono    ( 8498): Assembly Ref addref Akavache.Sqlite3[0xb4ae8700] -> System.Runtime[0xb4b73580]: 10
D/Mono    ( 8498): Assembly Ref addref Akavache.Sqlite3[0xb4ae8700] -> Akavache[0xb4ae86a0]: 3
D/Mono    ( 8498): Unloading image Splat.dll [0x9a290700].
D/Mono    ( 8498): Image addref Splat[0x9a262e20] -> Splat.dll[0xb4841b00]: 6
D/Mono    ( 8498): Config attempting to parse: 'Splat.dll.config'.
D/Mono    ( 8498): Config attempting to parse: '/Users/builder/data/lanes/4009/f3074d2c/source/monodroid/builds/install/mono-armv6/etc/mono/assemblies/Splat/Splat.config'.
D/Mono    ( 8498): Assembly Ref addref Akavache.Sqlite3[0xb4ae8700] -> Splat[0xb4ae8760]: 3
D/Mono    ( 8498): Assembly Ref addref System.Reactive.Core[0xb4b73160] -> System.Resources.ResourceManager[0x9bc979a0]: 3
D/Mono    ( 8498): Unloading image System.Collections.dll [0x9a290c00].
D/Mono    ( 8498): Image addref System.Collections[0x9a262e20] -> System.Collections.dll[0xb4b7ac00]: 7
D/Mono    ( 8498): Config attempting to parse: 'System.Collections.dll.config'.
D/Mono    ( 8498): Config attempting to parse: '/Users/builder/data/lanes/4009/f3074d2c/source/monodroid/builds/install/mono-armv6/etc/mono/assemblies/System.Collections/System.Collections.config'.
D/Mono    ( 8498): Assembly Ref addref System.Reactive.Core[0xb4b73160] -> System.Collections[0xb4b73820]: 5
D/Mono    ( 8498): Assembly Ref addref System.Collections[0xb4b73820] -> System.Core[0xb4b73ac0]: 10
D/Mono    ( 8498): Unloading image System.Threading.dll [0x9a290c00].
D/Mono    ( 8498): Image addref System.Threading[0x97f683a0] -> System.Threading.dll[0xb4b79800]: 7
D/Mono    ( 8498): Config attempting to parse: 'System.Threading.dll.config'.
D/Mono    ( 8498): Config attempting to parse: '/Users/builder/data/lanes/4009/f3074d2c/source/monodroid/builds/install/mono-armv6/etc/mono/assemblies/System.Threading/System.Threading.config'.
D/Mono    ( 8498): Assembly Ref addref System.Reactive.Core[0xb4b73160] -> System.Threading[0xb4b736a0]: 5
I/System.out( 8498): URI: /map
I/System.out( 8498): params: {json={"query":"* id:'agreeAndContinueButton'","operation":{"method_name":"query","arguments":[]}}
I/System.out( 8498): }
D/Mono    ( 8498): Unloading image System.Reflection.dll [0x9a290c00].
D/Mono    ( 8498): Image addref System.Reflection[0x97f68460] -> System.Reflection.dll[0xb4b79300]: 6
D/Mono    ( 8498): Config attempting to parse: 'System.Reflection.dll.config'.
D/Mono    ( 8498): Config attempting to parse: '/Users/builder/data/lanes/4009/f3074d2c/source/monodroid/builds/install/mono-armv6/etc/mono/assemblies/System.Reflection/System.Reflection.config'.
D/Mono    ( 8498): Assembly Ref addref System.Reactive.Core[0xb4b73160] -> System.Reflection[0xb4b73640]: 4
D/Mono    ( 8498): Unloading image System.Runtime.dll [0x9a290c00].
D/Mono    ( 8498): Image addref System.Runtime[0x97f683a0] -> System.Runtime.dll[0xb4b77f00]: 13
D/Mono    ( 8498): Config attempting to parse: 'System.Runtime.dll.config'.
D/Mono    ( 8498): Config attempting to parse: '/Users/builder/data/lanes/4009/f3074d2c/source/monodroid/builds/install/mono-armv6/etc/mono/assemblies/System.Runtime/System.Runtime.config'.
D/Mono    ( 8498): Assembly Ref addref System.Reactive.PlatformServices[0xb4b73280] -> System.Runtime[0xb4b73580]: 11
D/Mono    ( 8498): Assembly Ref addref System.Reactive.PlatformServices[0xb4b73280] -> System.Reactive.Core[0xb4b73160]: 4
D/Mono    ( 8498): Assembly Ref addref System.Reactive.PlatformServices[0xb4b73280] -> System.Resources.ResourceManager[0x9bc979a0]: 4
D/Mono    ( 8498): Unloading image System.Reflection.dll [0x9a290c00].
D/Mono    ( 8498): Image addref System.Reflection[0x97f683a0] -> System.Reflection.dll[0xb4b79300]: 7
D/Mono    ( 8498): Config attempting to parse: 'System.Reflection.dll.config'.
D/Mono    ( 8498): Config attempting to parse: '/Users/builder/data/lanes/4009/f3074d2c/source/monodroid/builds/install/mono-armv6/etc/mono/assemblies/System.Reflection/System.Reflection.config'.
D/Mono    ( 8498): Assembly Ref addref System.Reactive.PlatformServices[0xb4b73280] -> System.Reflection[0xb4b73640]: 5
D/Mono    ( 8498): Assembly Ref addref System.Reactive.PlatformServices[0xb4b73280] -> System.Reactive.Interfaces[0xb4b731c0]: 5
D/Mono    ( 8498): Unloading image System.Threading.Tasks.dll [0x9a291100].
D/Mono    ( 8498): Image addref System.Threading.Tasks[0x97f683a0] -> System.Threading.Tasks.dll[0x9a133700]: 6
D/Mono    ( 8498): Config attempting to parse: 'System.Threading.Tasks.dll.config'.
D/Mono    ( 8498): Config attempting to parse: '/Users/builder/data/lanes/4009/f3074d2c/source/monodroid/builds/install/mono-armv6/etc/mono/assemblies/System.Threading.Tasks/System.Threading.Tasks.config'.
D/Mono    ( 8498): Assembly Ref addref System.Reactive.PlatformServices[0xb4b73280] -> System.Threading.Tasks[0x9a198340]: 4
D/Mono    ( 8498): Assembly Ref addref System.Reactive.PlatformServices[0xb4b73280] -> System.Reactive.Linq[0xb4b73220]: 3
D/Mono    ( 8498): Unloading image System.Diagnostics.Debug.dll [0x9a291100].
D/Mono    ( 8498): Image addref System.Diagnostics.Debug[0x97f683a0] -> System.Diagnostics.Debug.dll[0xb4b79d00]: 6
D/Mono    ( 8498): Config attempting to parse: 'System.Diagnostics.Debug.dll.config'.
D/Mono    ( 8498): Config attempting to parse: '/Users/builder/data/lanes/4009/f3074d2c/source/monodroid/builds/install/mono-armv6/etc/mono/assemblies/System.Diagnostics.Debug/System.Diagnostics.Debug.config'.
D/Mono    ( 8498): Assembly Ref addref System.Reactive.PlatformServices[0xb4b73280] -> System.Diagnostics.Debug[0xb4b73700]: 4
D/Mono    ( 8498): Assembly Ref addref System.Reactive.Linq[0xb4b73220] -> System.Reactive.Core[0xb4b73160]: 5
D/Mono    ( 8498): Assembly Ref addref Akavache[0xb4ae86a0] -> System.Core[0xb4b73ac0]: 11
D/Mono    ( 8498): Assembly Ref addref System.Reactive.Linq[0xb4b73220] -> System.Resources.ResourceManager[0x9bc979a0]: 5
W/ResourceType( 8498): No known package when getting name for resource number 0xffffffff
W/ResourceType( 8498): No known package when getting name for resource number 0xffffffff
W/ResourceType( 8498): No known package when getting name for resource number 0xffffffff
D/Mono    ( 8498): [0x9cb91200] hill climbing, change max number of threads 4
D/Mono    ( 8498): Assembly Ref addref CareerBuilder_Search[0xb4b73460] -> System.Reactive.Linq[0xb4b73220]: 4
D/Mono    ( 8498): Assembly Ref addref CareerBuilder_Search[0xb4b73460] -> Akavache[0xb4ae86a0]: 4
D/Mono    ( 8498): Assembly Ref addref Akavache.Sqlite3[0xb4ae8700] -> System.Reactive.Core[0xb4b73160]: 6
D/Mono    ( 8498): Assembly Ref addref Akavache.Sqlite3[0xb4ae8700] -> System.Reactive.Interfaces[0xb4b731c0]: 6
D/Mono    ( 8498): Assembly Ref addref Akavache.Sqlite3[0xb4ae8700] -> System.Reactive.Linq[0xb4b73220]: 5
E/WifiConfigStore(  815):  rewrite network history for "xtc"WPA_PSK
D/Mono    ( 8498): Unloading image System.Runtime.Extensions.dll [0xaec75e00].
