D/Mono    ( 8283): Assembly Ref addref Akavache[0xb4ae86a0] -> System.Core[0xb4b72ac0]: 11
D/Mono    ( 8283): Assembly Ref addref System.Reactive.Linq[0xb4b72220] -> System.Resources.ResourceManager[0x9bc979a0]: 5
D/Mono    ( 8283): [0x9cb90e00] hill climbing, change max number of threads 4
D/Mono    ( 8283): Assembly Ref addref CareerBuilder_Search[0xb4b72460] -> System.Reactive.Linq[0xb4b72220]: 4
D/Mono    ( 8283): Assembly Ref addref CareerBuilder_Search[0xb4b72460] -> Akavache[0xb4ae86a0]: 4
D/Mono    ( 8283): Assembly Ref addref Akavache.Sqlite3[0xb4ae8700] -> System.Reactive.Core[0xb4b72160]: 6
D/Mono    ( 8283): Assembly Ref addref Akavache.Sqlite3[0xb4ae8700] -> System.Reactive.Interfaces[0xb4b721c0]: 6
D/Mono    ( 8283): Assembly Ref addref Akavache.Sqlite3[0xb4ae8700] -> System.Reactive.Linq[0xb4b72220]: 5
D/Mono    ( 8283): Unloading image System.Runtime.Extensions.dll [0xaec75e00].
D/Mono    ( 8283): Image addref System.Runtime.Extensions[0xaec28e20] -> System.Runtime.Extensions.dll[0x9bee4b00]: 5
D/Mono    ( 8283): Config attempting to parse: 'System.Runtime.Extensions.dll.config'.
D/Mono    ( 8283): Config attempting to parse: '/Users/builder/data/lanes/4009/f3074d2c/source/monodroid/builds/install/mono-armv6/etc/mono/assemblies/System.Runtime.Extensions/System.Runtime.Extensions.config'.
D/Mono    ( 8283): Assembly Ref addref Akavache.Sqlite3[0xb4ae8700] -> System.Runtime.Extensions[0x9a19d220]: 3
D/Mono    ( 8283): Unloading image System.Linq.dll [0xaec75e00].
D/Mono    ( 8283): Image addref System.Linq[0xaec28e20] -> System.Linq.dll[0xb4b7bf00]: 6
D/Mono    ( 8283): Config attempting to parse: 'System.Linq.dll.config'.
D/Mono    ( 8283): Config attempting to parse: '/Users/builder/data/lanes/4009/f3074d2c/source/monodroid/builds/install/mono-armv6/etc/mono/assemblies/System.Linq/System.Linq.config'.
D/Mono    ( 8283): Assembly Ref addref System.Reactive.Linq[0xb4b72220] -> System.Linq[0xb4b72940]: 4
D/Mono    ( 8283): Assembly Ref addref System.Runtime[0xb4b72580] -> System.Core[0xb4b72ac0]: 12
D/Mono    ( 8283): Unloading image System.Threading.dll [0xaec75e00].
D/Mono    ( 8283): Image addref System.Threading[0xaec28e20] -> System.Threading.dll[0xb4b78800]: 8
D/Mono    ( 8283): Config attempting to parse: 'System.Threading.dll.config'.
D/Mono    ( 8283): Config attempting to parse: '/Users/builder/data/lanes/4009/f3074d2c/source/monodroid/builds/install/mono-armv6/etc/mono/assemblies/System.Threading/System.Threading.config'.
D/Mono    ( 8283): Assembly Ref addref System.Reactive.Linq[0xb4b72220] -> System.Threading[0xb4b726a0]: 6
I/System.out( 8283): URI: /map
I/System.out( 8283): params: {json={"query":"* id:'agreeAndContinueButton'","operation":{"method_name":"query","arguments":[]}}
I/System.out( 8283): }
D/Mono    ( 8283): Assembly Ref addref Akavache[0xb4ae86a0] -> System.Reactive.PlatformServices[0xb4b72280]: 2
D/Mono    ( 8283): Unloading image System.Globalization.dll [0xaec75e00].
D/Mono    ( 8283): Image addref System.Globalization[0xaec28e20] -> System.Globalization.dll[0x9bee4600]: 5
D/Mono    ( 8283): Config attempting to parse: 'System.Globalization.dll.config'.
D/Mono    ( 8283): Config attempting to parse: '/Users/builder/data/lanes/4009/f3074d2c/source/monodroid/builds/install/mono-armv6/etc/mono/assemblies/System.Globalization/System.Globalization.config'.
D/Mono    ( 8283): Assembly Ref addref System.Reactive.Linq[0xb4b72220] -> System.Globalization[0x9bc97b20]: 3
D/Mono    ( 8283): Unloading image System.Runtime.Extensions.dll [0xaec75e00].
D/Mono    ( 8283): Image addref System.Runtime.Extensions[0xaec28e20] -> System.Runtime.Extensions.dll[0x9bee4b00]: 6
D/Mono    ( 8283): Config attempting to parse: 'System.Runtime.Extensions.dll.config'.
D/Mono    ( 8283): Config attempting to parse: '/Users/builder/data/lanes/4009/f3074d2c/source/monodroid/builds/install/mono-armv6/etc/mono/assemblies/System.Runtime.Extensions/System.Runtime.Extensions.config'.
D/Mono    ( 8283): Assembly Ref addref System.Reactive.Core[0xb4b72160] -> System.Runtime.Extensions[0x9a19d220]: 4
D/Mono    ( 8283): Assembly Ref addref System.Runtime.Extensions[0x9a19d220] -> System[0xb4b72760]: 9
D/Mono    ( 8283): Unloading image System.Globalization.dll [0xaec75e00].
D/Mono    ( 8283): Image addref System.Globalization[0xaec28e20] -> System.Globalization.dll[0x9bee4600]: 6
D/Mono    ( 8283): Config attempting to parse: 'System.Globalization.dll.config'.
D/Mono    ( 8283): Config attempting to parse: '/Users/builder/data/lanes/4009/f3074d2c/source/monodroid/builds/install/mono-armv6/etc/mono/assemblies/System.Globalization/System.Globalization.config'.
D/Mono    ( 8283): Assembly Ref addref System.Reactive.Core[0xb4b72160] -> System.Globalization[0x9bc97b20]: 4
D/Mono    ( 8283): Unloading image System.Threading.Tasks.dll [0xaec75e00].
D/Mono    ( 8283): Image addref System.Threading.Tasks[0xaec28e20] -> System.Threading.Tasks.dll[0x9a13cb00]: 7
D/Mono    ( 8283): Config attempting to parse: 'System.Threading.Tasks.dll.config'.
D/Mono    ( 8283): Config attempting to parse: '/Users/builder/data/lanes/4009/f3074d2c/source/monodroid/builds/install/mono-armv6/etc/mono/assemblies/System.Threading.Tasks/System.Threading.Tasks.config'.
D/Mono    ( 8283): Assembly Ref addref System.Reactive.Core[0xb4b72160] -> System.Threading.Tasks[0x9a19d400]: 5
D/Mono    ( 8283): [0x97fc1700] worker starting
D/Mono    ( 8283): [0xaec51b00] worker starting
D/Mono    ( 8283): Unloading image System.Collections.dll [0xaec75e00].
D/Mono    ( 8283): Image addref System.Collections[0xaec28f40] -> System.Collections.dll[0xb4b79c00]: 8
D/Mono    ( 8283): Config attempting to parse: 'System.Collections.dll.config'.
D/Mono    ( 8283): Config attempting to parse: '/Users/builder/data/lanes/4009/f3074d2c/source/monodroid/builds/install/mono-armv6/etc/mono/assemblies/System.Collections/System.Collections.config'.
D/Mono    ( 8283): Assembly Ref addref Akavache.Sqlite3[0xb4ae8700] -> System.Collections[0xb4b72820]: 6
D/Mono    ( 8283): Unloading image SQLitePCL.raw.dll [0xaec75e00].
D/Mono    ( 8283): Image addref SQLitePCL.raw[0xaec28f40] -> SQLitePCL.raw.dll[0xb4b75b00]: 5
D/Mono    ( 8283): Config attempting to parse: 'SQLitePCL.raw.dll.config'.
D/Mono    ( 8283): Config attempting to parse: '/Users/builder/data/lanes/4009/f3074d2c/source/monodroid/builds/install/mono-armv6/etc/mono/assemblies/SQLitePCL.raw/SQLitePCL.raw.config'.
D/Mono    ( 8283): Assembly Ref addref Akavache.Sqlite3[0xb4ae8700] -> SQLitePCL.raw[0xb4b72400]: 2
D/Mono    ( 8283): Assembly Ref addref SQLitePCL.raw[0xb4b72400] -> mscorlib[0xb4ae8520]: 42
D/Mono    ( 8283): Assembly Ref addref Splat[0xb4ae8760] -> System[0xb4b72760]: 10
I/AppsFlyer_3.01-596688146( 8283): response code: 200
D/Mono    ( 8283): DllImport attempting to load: '/system/lib/libsqlite.so'.
D/Mono    ( 8283): DllImport loaded library '/system/lib/libsqlite.so'.
D/Mono    ( 8283): DllImport searching in: '/system/lib/libsqlite.so' ('/system/lib/libsqlite.so').
D/Mono    ( 8283): Searching for 'sqlite3_open_v2'.
D/Mono    ( 8283): Probing 'sqlite3_open_v2'.
D/Mono    ( 8283): Found as 'sqlite3_open_v2'.
D/Mono    ( 8283): DllImport searching in: '/system/lib/libsqlite.so' ('/system/lib/libsqlite.so').
D/Mono    ( 8283): Searching for 'sqlite3_busy_timeout'.
D/Mono    ( 8283): Probing 'sqlite3_busy_timeout'.
D/Mono    ( 8283): Found as 'sqlite3_busy_timeout'.
D/Mono    ( 8283): Unloading image System.Threading.Tasks.dll [0xaec7a900].
D/Mono    ( 8283): Image addref System.Threading.Tasks[0xaeca3d60] -> System.Threading.Tasks.dll[0x9a13cb00]: 8
D/Mono    ( 8283): Config attempting to parse: 'System.Threading.Tasks.dll.config'.
D/Mono    ( 8283): Config attempting to parse: '/Users/builder/data/lanes/4009/f3074d2c/source/monodroid/builds/install/mono-armv6/etc/mono/assemblies/System.Threading.Tasks/System.Threading.Tasks.config'.
D/Mono    ( 8283): Assembly Ref addref Akavache.Sqlite3[0xb4ae8700] -> System.Threading.Tasks[0x9a19d400]: 6
I/AppsFlyer_3.01-596688021( 8283): response code: 200
D/Mono    ( 8283): Unloading image System.Linq.dll [0xaec7a900].
D/Mono    ( 8283): Image addref System.Linq[0xaeca3d60] -> System.Linq.dll[0xb4b7bf00]: 7
D/Mono    ( 8283): Config attempting to parse: 'System.Linq.dll.config'.
D/Mono    ( 8283): Config attempting to parse: '/Users/builder/data/lanes/4009/f3074d2c/source/monodroid/builds/install/mono-armv6/etc/mono/assemblies/System.Linq/System.Linq.config'.
D/Mono    ( 8283): Assembly Ref addref Akavache.Sqlite3[0xb4ae8700] -> System.Linq[0xb4b72940]: 5
D/Mono    ( 8283): DllImport searching in: '/system/lib/libsqlite.so' ('/system/lib/libsqlite.so').
D/Mono    ( 8283): Searching for 'sqlite3_prepare_v2'.
D/Mono    ( 8283): Probing 'sqlite3_prepare_v2'.
D/Mono    ( 8283): Found as 'sqlite3_prepare_v2'.
D/Mono    ( 8283): DllImport searching in: '/system/lib/libsqlite.so' ('/system/lib/libsqlite.so').
D/Mono    ( 8283): Searching for 'sqlite3_step'.
D/Mono    ( 8283): Probing 'sqlite3_step'.
D/Mono    ( 8283): Found as 'sqlite3_step'.
D/Mono    ( 8283): DllImport searching in: '/system/lib/libsqlite.so' ('/system/lib/libsqlite.so').
D/Mono    ( 8283): Searching for 'sqlite3_column_type'.
D/Mono    ( 8283): Probing 'sqlite3_column_type'.
D/Mono    ( 8283): Found as 'sqlite3_column_type'.
D/Mono    ( 8283): Unloading image System.Reflection.dll [0xaec75e00].
D/Mono    ( 8283): Image addref System.Reflection[0xaeca3d60] -> System.Reflection.dll[0xb4b78300]: 8
D/Mono    ( 8283): Config attempting to parse: 'System.Reflection.dll.config'.
D/Mono    ( 8283): Config attempting to parse: '/Users/builder/data/lanes/4009/f3074d2c/source/monodroid/builds/install/mono-armv6/etc/mono/assemblies/System.Reflection/System.Reflection.config'.
D/Mono    ( 8283): Assembly Ref addref Akavache.Sqlite3[0xb4ae8700] -> System.Reflection[0xb4b72640]: 6
D/Mono    ( 8283): DllImport searching in: '/system/lib/libsqlite.so' ('/system/lib/libsqlite.so').
D/Mono    ( 8283): Searching for 'sqlite3_column_int'.
D/Mono    ( 8283): Probing 'sqlite3_column_int'.
D/Mono    ( 8283): Found as 'sqlite3_column_int'.
D/Mono    ( 8283): DllImport searching in: '/system/lib/libsqlite.so' ('/system/lib/libsqlite.so').
D/Mono    ( 8283): Searching for 'sqlite3_finalize'.
D/Mono    ( 8283): Probing 'sqlite3_finalize'.
D/Mono    ( 8283): Found as 'sqlite3_finalize'.
D/Mono    ( 8283): DllImport searching in: '/system/lib/libsqlite.so' ('/system/lib/libsqlite.so').
D/Mono    ( 8283): Searching for 'sqlite3_changes'.
D/Mono    ( 8283): Probing 'sqlite3_changes'.
D/Mono    ( 8283): Found as 'sqlite3_changes'.
D/Mono    ( 8283): Assembly Ref addref Akavache.Sqlite3[0xb4ae8700] -> System.Reflection.Extensions[0xb4b72be0]: 4
D/Mono    ( 8283): DllImport searching in: '/system/lib/libsqlite.so' ('/system/lib/libsqlite.so').
D/Mono    ( 8283): Searching for 'sqlite3_column_count'.
D/Mono    ( 8283): Probing 'sqlite3_column_count'.
D/Mono    ( 8283): Found as 'sqlite3_column_count'.
D/Mono    ( 8283): DllImport searching in: '/system/lib/libsqlite.so' ('/system/lib/libsqlite.so').
D/Mono    ( 8283): Searching for 'sqlite3_column_name'.
D/Mono    ( 8283): Probing 'sqlite3_column_name'.
D/Mono    ( 8283): Found as 'sqlite3_column_name'.
D/Mono    ( 8283): DllImport searching in: '/system/lib/libsqlite.so' ('/system/lib/libsqlite.so').
D/Mono    ( 8283): Searching for 'sqlite3_column_text'.
D/Mono    ( 8283): Probing 'sqlite3_column_text'.
D/Mono    ( 8283): Found as 'sqlite3_column_text'.
E/SQLiteLog( 8283): (1) no such table: SchemaInfo
D/Mono    ( 8283): DllImport searching in: '/system/lib/libsqlite.so' ('/system/lib/libsqlite.so').
D/Mono    ( 8283): Searching for 'sqlite3_errmsg'.
D/Mono    ( 8283): Probing 'sqlite3_errmsg'.
D/Mono    ( 8283): Found as 'sqlite3_errmsg'.
D/Mono    ( 8283): DllImport searching in: '/system/lib/libsqlite.so' ('/system/lib/libsqlite.so').
D/Mono    ( 8283): Searching for 'sqlite3_bind_int'.
D/Mono    ( 8283): Probing 'sqlite3_bind_int'.
D/Mono    ( 8283): Found as 'sqlite3_bind_int'.
D/Mono    ( 8283): DllImport searching in: '/system/lib/libsqlite.so' ('/system/lib/libsqlite.so').
D/Mono    ( 8283): Searching for 'sqlite3_reset'.
D/Mono    ( 8283): Probing 'sqlite3_reset'.
D/Mono    ( 8283): Found as 'sqlite3_reset'.
D/Mono    ( 8283): Unloading image System.Threading.dll [0xaec7b300].
D/Mono    ( 8283): Image addref System.Threading[0xaeca3dc0] -> System.Threading.dll[0xb4b78800]: 9
D/Mono    ( 8283): Config attempting to parse: 'System.Threading.dll.config'.
D/Mono    ( 8283): Config attempting to parse: '/Users/builder/data/lanes/4009/f3074d2c/source/monodroid/builds/install/mono-armv6/etc/mono/assemblies/System.Threading/System.Threading.config'.
D/Mono    ( 8283): Assembly Ref addref Akavache.Sqlite3[0xb4ae8700] -> System.Threading[0xb4b726a0]: 7
D/Mono    ( 8283): DllImport searching in: '/system/lib/libsqlite.so' ('/system/lib/libsqlite.so').
D/Mono    ( 8283): Searching for 'sqlite3_bind_text'.
D/Mono    ( 8283): Probing 'sqlite3_bind_text'.
D/Mono    ( 8283): Found as 'sqlite3_bind_text'.
D/Mono    ( 8283): Unloading image Newtonsoft.Json.dll [0x9a294900].
D/Mono    ( 8283): Image addref Newtonsoft.Json[0x97fce9a0] -> Newtonsoft.Json.dll[0xb4849d00]: 5
D/Mono    ( 8283): Config attempting to parse: 'Newtonsoft.Json.dll.config'.
D/Mono    ( 8283): Config attempting to parse: '/Users/builder/data/lanes/4009/f3074d2c/source/monodroid/builds/install/mono-armv6/etc/mono/assemblies/Newtonsoft.Json/Newtonsoft.Json.config'.
D/Mono    ( 8283): Assembly Ref addref Akavache.Sqlite3[0xb4ae8700] -> Newtonsoft.Json[0xb4b720a0]: 3
D/Mono    ( 8283): Image addref System.IO[0x97fce9a0] -> System.IO.dll[0x9a294900]: 2
D/Mono    ( 8283): Prepared to set up assembly 'System.IO' (System.IO.dll)
D/Mono    ( 8283): Assembly System.IO[0x97fce9a0] added to domain RootDomain, ref_count=1
D/Mono    ( 8283): AOT module 'System.IO.dll.so' not found: dlopen failed: library "/data/app/com.careerbuilder.SugarDrone-1/lib/arm/libaot-System.IO.dll.so" not found
D/Mono    ( 8283): AOT module '/Users/builder/data/lanes/4009/f3074d2c/source/monodroid/builds/install/mono-armv6/lib/mono/aot-cache/arm/System.IO.dll.so' not found: dlopen failed: library "/data/app/com.careerbuilder.SugarDrone-1/lib/arm/libaot-System.IO.dll.so" not found
D/Mono    ( 8283): Config attempting to parse: 'System.IO.dll.config'.
D/Mono    ( 8283): Config attempting to parse: '/Users/builder/data/lanes/4009/f3074d2c/source/monodroid/builds/install/mono-armv6/etc/mono/assemblies/System.IO/System.IO.config'.
D/Mono    ( 8283): Assembly Ref addref Akavache.Sqlite3[0xb4ae8700] -> System.IO[0x97fce9a0]: 2
D/Mono    ( 8283): Assembly Ref addref System.IO[0x97fce9a0] -> mscorlib[0xb4ae8520]: 43
D/Mono    ( 8283): Image addref System.Runtime.Serialization.Primitives[0x97fce7c0] -> System.Runtime.Serialization.Primitives.dll[0x9a294400]: 2
D/Mono    ( 8283): Prepared to set up assembly 'System.Runtime.Serialization.Primitives' (System.Runtime.Serialization.Primitives.dll)
D/Mono    ( 8283): Assembly System.Runtime.Serialization.Primitives[0x97fce7c0] added to domain RootDomain, ref_count=1
D/Mono    ( 8283): AOT module 'System.Runtime.Serialization.Primitives.dll.so' not found: dlopen failed: library "/data/app/com.careerbuilder.SugarDrone-1/lib/arm/libaot-System.Runtime.Serialization.Primitives.dll.so" not found
D/Mono    ( 8283): AOT module '/Users/builder/data/lanes/4009/f3074d2c/source/monodroid/builds/install/mono-armv6/lib/mono/aot-cache/arm/System.Runtime.Serialization.Primitives.dll.so' not found: dlopen failed: library "/data/app/com.careerbuilder.SugarDrone-1/lib/arm/libaot-System.Runtime.Serialization.Primitives.dll.so" not found
D/Mono    ( 8283): Config attempting to parse: 'System.Runtime.Serialization.Primitives.dll.config'.
D/Mono    ( 8283): Config attempting to parse: '/Users/builder/data/lanes/4009/f3074d2c/source/monodroid/builds/install/mono-armv6/etc/mono/assemblies/System.Runtime.Serialization.Primitives/System.Runtime.Serialization.Primitives.config'.
D/Mono    ( 8283): Assembly Ref addref Newtonsoft.Json[0xb4b720a0] -> System.Runtime.Serialization.Primitives[0x97fce7c0]: 2
D/Mono    ( 8283): Assembly Ref addref System.Runtime.Serialization.Primitives[0x97fce7c0] -> mscorlib[0xb4ae8520]: 44
D/Mono    ( 8283): Unloading image System.Globalization.dll [0xb4b81e00].
D/Mono    ( 8283): Image addref System.Globalization[0x9a19d1c0] -> System.Globalization.dll[0x9bee4600]: 7
D/Mono    ( 8283): Config attempting to parse: 'System.Globalization.dll.config'.
D/Mono    ( 8283): Config attempting to parse: '/Users/builder/data/lanes/4009/f3074d2c/source/monodroid/builds/install/mono-armv6/etc/mono/assemblies/System.Globalization/System.Globalization.config'.
D/Mono    ( 8283): Assembly Ref addref Newtonsoft.Json[0xb4b720a0] -> System.Globalization[0x9bc97b20]: 5
D/Mono    ( 8283): Unloading image System.Collections.dll [0xb4b81e00].
D/Mono    ( 8283): Image addref System.Collections[0x9a19d1c0] -> System.Collections.dll[0xb4b79c00]: 9
D/Mono    ( 8283): Config attempting to parse: 'System.Collections.dll.config'.
D/Mono    ( 8283): Config attempting to parse: '/Users/builder/data/lanes/4009/f3074d2c/source/monodroid/builds/install/mono-armv6/etc/mono/assemblies/System.Collections/System.Collections.config'.
D/Mono    ( 8283): Assembly Ref addref Newtonsoft.Json[0xb4b720a0] -> System.Collections[0xb4b72820]: 7
D/Mono    ( 8283): Unloading image System.IO.dll [0xb4b81e00].
D/Mono    ( 8283): Image addref System.IO[0x9a19d1c0] -> System.IO.dll[0x9a294900]: 5
D/Mono    ( 8283): Config attempting to parse: 'System.IO.dll.config'.
D/Mono    ( 8283): Config attempting to parse: '/Users/builder/data/lanes/4009/f3074d2c/source/monodroid/builds/install/mono-armv6/etc/mono/assemblies/System.IO/System.IO.config'.
D/Mono    ( 8283): Assembly Ref addref Newtonsoft.Json[0xb4b720a0] -> System.IO[0x97fce9a0]: 3
D/Mono    ( 8283): Unloading image System.Runtime.Extensions.dll [0xb4b81e00].
D/Mono    ( 8283): Image addref System.Runtime.Extensions[0x9a19d1c0] -> System.Runtime.Extensions.dll[0x9bee4b00]: 7
D/Mono    ( 8283): Config attempting to parse: 'System.Runtime.Extensions.dll.config'.
D/Mono    ( 8283): Config attempting to parse: '/Users/builder/data/lanes/4009/f3074d2c/source/monodroid/builds/install/mono-armv6/etc/mono/assemblies/System.Runtime.Extensions/System.Runtime.Extensions.config'.
D/Mono    ( 8283): Assembly Ref addref Newtonsoft.Json[0xb4b720a0] -> System.Runtime.Extensions[0x9a19d220]: 5
D/Mono    ( 8283): Image addref System.Text.Encoding[0x9a19d1c0] -> System.Text.Encoding.dll[0xb4b81e00]: 2
D/Mono    ( 8283): Prepared to set up assembly 'System.Text.Encoding' (System.Text.Encoding.dll)
D/Mono    ( 8283): Assembly System.Text.Encoding[0x9a19d1c0] added to domain RootDomain, ref_count=1
D/Mono    ( 8283): AOT module 'System.Text.Encoding.dll.so' not found: dlopen failed: library "/data/app/com.careerbuilder.SugarDrone-1/lib/arm/libaot-System.Text.Encoding.dll.so" not found
D/Mono    ( 8283): AOT module '/Users/builder/data/lanes/4009/f3074d2c/source/monodroid/builds/install/mono-armv6/lib/mono/aot-cache/arm/System.Text.Encoding.dll.so' not found: dlopen failed: library "/data/app/com.careerbuilder.SugarDrone-1/lib/arm/libaot-System.Text.Encoding.dll.so" not found
D/Mono    ( 8283): Config attempting to parse: 'System.Text.Encoding.dll.config'.
D/Mono    ( 8283): Config attempting to parse: '/Users/builder/data/lanes/4009/f3074d2c/source/monodroid/builds/install/mono-armv6/etc/mono/assemblies/System.Text.Encoding/System.Text.Encoding.config'.
D/Mono    ( 8283): Assembly Ref addref Newtonsoft.Json[0xb4b720a0] -> System.Text.Encoding[0x9a19d1c0]: 2
D/Mono    ( 8283): Assembly Ref addref System.Text.Encoding[0x9a19d1c0] -> mscorlib[0xb4ae8520]: 45
D/Mono    ( 8283): Unloading image System.Linq.dll [0x9a294e00].
D/Mono    ( 8283): Image addref System.Linq[0x9a19d160] -> System.Linq.dll[0xb4b7bf00]: 8
D/Mono    ( 8283): Config attempting to parse: 'System.Linq.dll.config'.
D/Mono    ( 8283): Config attempting to parse: '/Users/builder/data/lanes/4009/f3074d2c/source/monodroid/builds/install/mono-armv6/etc/mono/assemblies/System.Linq/System.Linq.config'.
D/Mono    ( 8283): Assembly Ref addref Newtonsoft.Json[0xb4b720a0] -> System.Linq[0xb4b72940]: 6
D/Mono    ( 8283): Unloading image System.Reflection.dll [0x9a294e00].
D/Mono    ( 8283): Image addref System.Reflection[0x97e256a0] -> System.Reflection.dll[0xb4b78300]: 9
D/Mono    ( 8283): Config attempting to parse: 'System.Reflection.dll.config'.
D/Mono    ( 8283): Config attempting to parse: '/Users/builder/data/lanes/4009/f3074d2c/source/monodroid/builds/install/mono-armv6/etc/mono/assemblies/System.Reflection/System.Reflection.config'.
D/Mono    ( 8283): Assembly Ref addref Newtonsoft.Json[0xb4b720a0] -> System.Reflection[0xb4b72640]: 7
D/Mono    ( 8283): Image addref System.Runtime.Serialization[0x97e256a0] -> System.Runtime.Serialization.dll[0x9a294e00]: 2
D/Mono    ( 8283): Prepared to set up assembly 'System.Runtime.Serialization' (System.Runtime.Serialization.dll)
D/Mono    ( 8283): Assembly System.Runtime.Serialization[0x97e256a0] added to domain RootDomain, ref_count=1
D/Mono    ( 8283): AOT module 'System.Runtime.Serialization.dll.so' not found: dlopen failed: library "/data/app/com.careerbuilder.SugarDrone-1/lib/arm/libaot-System.Runtime.Serialization.dll.so" not found
D/Mono    ( 8283): AOT module '/Users/builder/data/lanes/4009/f3074d2c/source/monodroid/builds/install/mono-armv6/lib/mono/aot-cache/arm/System.Runtime.Serialization.dll.so' not found: dlopen failed: library "/data/app/com.careerbuilder.SugarDrone-1/lib/arm/libaot-System.Runtime.Serialization.dll.so" not found
D/Mono    ( 8283): Config attempting to parse: 'System.Runtime.Serialization.dll.config'.
D/Mono    ( 8283): Config attempting to parse: '/Users/builder/data/lanes/4009/f3074d2c/source/monodroid/builds/install/mono-armv6/etc/mono/assemblies/System.Runtime.Serialization/System.Runtime.Serialization.config'.
D/Mono    ( 8283): Assembly Ref addref System.Runtime.Serialization.Primitives[0x97fce7c0] -> System.Runtime.Serialization[0x97e256a0]: 2
D/Mono    ( 8283): Assembly Ref addref System.Runtime.Serialization[0x97e256a0] -> mscorlib[0xb4ae8520]: 46
D/Mono    ( 8283): Image addref System.Text.Encoding.Extensions[0x9a19d160] -> System.Text.Encoding.Extensions.dll[0x9a295300]: 2
D/Mono    ( 8283): Prepared to set up assembly 'System.Text.Encoding.Extensions' (System.Text.Encoding.Extensions.dll)
D/Mono    ( 8283): Assembly System.Text.Encoding.Extensions[0x9a19d160] added to domain RootDomain, ref_count=1
D/Mono    ( 8283): AOT module 'System.Text.Encoding.Extensions.dll.so' not found: dlopen failed: library "/data/app/com.careerbuilder.SugarDrone-1/lib/arm/libaot-System.Text.Encoding.Extensions.dll.so" not found
D/Mono    ( 8283): AOT module '/Users/builder/data/lanes/4009/f3074d2c/source/monodroid/builds/install/mono-armv6/lib/mono/aot-cache/arm/System.Text.Encoding.Extensions.dll.so' not found: dlopen failed: library "/data/app/com.careerbuilder.SugarDrone-1/lib/arm/libaot-System.Text.Encoding.Extensions.dll.so" not found
D/Mono    ( 8283): Config attempting to parse: 'System.Text.Encoding.Extensions.dll.config'.
D/Mono    ( 8283): Config attempting to parse: '/Users/builder/data/lanes/4009/f3074d2c/source/monodroid/builds/install/mono-armv6/etc/mono/assemblies/System.Text.Encoding.Extensions/System.Text.Encoding.Extensions.config'.
D/Mono    ( 8283): Assembly Ref addref Newtonsoft.Json[0xb4b720a0] -> System.Text.Encoding.Extensions[0x9a19d160]: 2
D/Mono    ( 8283): Assembly Ref addref System.Text.Encoding.Extensions[0x9a19d160] -> mscorlib[0xb4ae8520]: 47
D/Mono    ( 8283): Unloading image System.Threading.dll [0x9a295800].
D/Mono    ( 8283): Image addref System.Threading[0x97e257c0] -> System.Threading.dll[0xb4b78800]: 10
D/Mono    ( 8283): Config attempting to parse: 'System.Threading.dll.config'.
D/Mono    ( 8283): Config attempting to parse: '/Users/builder/data/lanes/4009/f3074d2c/source/monodroid/builds/install/mono-armv6/etc/mono/assemblies/System.Threading/System.Threading.config'.
D/Mono    ( 8283): Assembly Ref addref Newtonsoft.Json[0xb4b720a0] -> System.Threading[0xb4b726a0]: 8
D/Mono    ( 8283): Assembly Ref addref Newtonsoft.Json[0xb4b720a0] -> System.Reflection.Extensions[0xb4b72be0]: 5
D/Mono    ( 8283): Assembly Ref addref System.ObjectModel[0x9a1c6f40] -> mscorlib[0xb4ae8520]: 48
D/Mono    ( 8283): Image addref System.Xml.XDocument[0x97e25a00] -> System.Xml.XDocument.dll[0x9a296200]: 2
D/Mono    ( 8283): Prepared to set up assembly 'System.Xml.XDocument' (System.Xml.XDocument.dll)
D/Mono    ( 8283): Assembly System.Xml.XDocument[0x97e25a00] added to domain RootDomain, ref_count=1
D/Mono    ( 8283): AOT module 'System.Xml.XDocument.dll.so' not found: dlopen failed: library "/data/app/com.careerbuilder.SugarDrone-1/lib/arm/libaot-System.Xml.XDocument.dll.so" not found
D/Mono    ( 8283): AOT module '/Users/builder/data/lanes/4009/f3074d2c/source/monodroid/builds/install/mono-armv6/lib/mono/aot-cache/arm/System.Xml.XDocument.dll.so' not found: dlopen failed: library "/data/app/com.careerbuilder.SugarDrone-1/lib/arm/libaot-System.Xml.XDocument.dll.so" not found
D/Mono    ( 8283): Config attempting to parse: 'System.Xml.XDocument.dll.config'.
D/Mono    ( 8283): Config attempting to parse: '/Users/builder/data/lanes/4009/f3074d2c/source/monodroid/builds/install/mono-armv6/etc/mono/assemblies/System.Xml.XDocument/System.Xml.XDocument.config'.
D/Mono    ( 8283): Assembly Ref addref Newtonsoft.Json[0xb4b720a0] -> System.Xml.XDocument[0x97e25a00]: 2
D/Mono    ( 8283): Image addref System.Xml.Linq[0x97e259a0] -> System.Xml.Linq.dll[0x9a296700]: 2
D/Mono    ( 8283): Prepared to set up assembly 'System.Xml.Linq' (System.Xml.Linq.dll)
D/Mono    ( 8283): Assembly System.Xml.Linq[0x97e259a0] added to domain RootDomain, ref_count=1
D/Mono    ( 8283): AOT module 'System.Xml.Linq.dll.so' not found: dlopen failed: library "/data/app/com.careerbuilder.SugarDrone-1/lib/arm/libaot-System.Xml.Linq.dll.so" not found
D/Mono    ( 8283): AOT module '/Users/builder/data/lanes/4009/f3074d2c/source/monodroid/builds/install/mono-armv6/lib/mono/aot-cache/arm/System.Xml.Linq.dll.so' not found: dlopen failed: library "/data/app/com.careerbuilder.SugarDrone-1/lib/arm/libaot-System.Xml.Linq.dll.so" not found
D/Mono    ( 8283): Config attempting to parse: 'System.Xml.Linq.dll.config'.
D/Mono    ( 8283): Config attempting to parse: '/Users/builder/data/lanes/4009/f3074d2c/source/monodroid/builds/install/mono-armv6/etc/mono/assemblies/System.Xml.Linq/System.Xml.Linq.config'.
D/Mono    ( 8283): Assembly Ref addref System.Xml.XDocument[0x97e25a00] -> System.Xml.Linq[0x97e259a0]: 2
D/Mono    ( 8283): Assembly Ref addref System.Xml.Linq[0x97e259a0] -> mscorlib[0xb4ae8520]: 49
D/Mono    ( 8283): Assembly Ref addref System.Xml.Linq[0x97e259a0] -> System.Xml[0x9bc970a0]: 4
D/Mono    ( 8283): Image addref System.Text.RegularExpressions[0x97e25ac0] -> System.Text.RegularExpressions.dll[0x9a298000]: 2
D/Mono    ( 8283): Prepared to set up assembly 'System.Text.RegularExpressions' (System.Text.RegularExpressions.dll)
D/Mono    ( 8283): Assembly System.Text.RegularExpressions[0x97e25ac0] added to domain RootDomain, ref_count=1
D/Mono    ( 8283): AOT module 'System.Text.RegularExpressions.dll.so' not found: dlopen failed: library "/data/app/com.careerbuilder.SugarDrone-1/lib/arm/libaot-System.Text.RegularExpressions.dll.so" not found
D/Mono    ( 8283): AOT module '/Users/builder/data/lanes/4009/f3074d2c/source/monodroid/builds/install/mono-armv6/lib/mono/aot-cache/arm/System.Text.RegularExpressions.dll.so' not found: dlopen failed: library "/data/app/com.careerbuilder.SugarDrone-1/lib/arm/libaot-System.Text.RegularExpressions.dll.so" not found
D/Mono    ( 8283): Config attempting to parse: 'System.Text.RegularExpressions.dll.config'.
D/Mono    ( 8283): Config attempting to parse: '/Users/builder/data/lanes/4009/f3074d2c/source/monodroid/builds/install/mono-armv6/etc/mono/assemblies/System.Text.RegularExpressions/System.Text.RegularExpressions.config'.
D/Mono    ( 8283): Assembly Ref addref Newtonsoft.Json[0xb4b720a0] -> System.Text.RegularExpressions[0x97e25ac0]: 2
D/Mono    ( 8283): Assembly Ref addref System.Text.RegularExpressions[0x97e25ac0] -> System[0xb4b72760]: 11
D/Mono    ( 8283): Unloading image System.Linq.Expressions.dll [0x9a298500].
D/Mono    ( 8283): Image addref System.Linq.Expressions[0x97e25a60] -> System.Linq.Expressions.dll[0xb4b84b00]: 5
D/Mono    ( 8283): Config attempting to parse: 'System.Linq.Expressions.dll.config'.
D/Mono    ( 8283): Config attempting to parse: '/Users/builder/data/lanes/4009/f3074d2c/source/monodroid/builds/install/mono-armv6/etc/mono/assemblies/System.Linq.Expressions/System.Linq.Expressions.config'.
D/Mono    ( 8283): Assembly Ref addref Newtonsoft.Json[0xb4b720a0] -> System.Linq.Expressions[0x9a19d280]: 3
D/Mono    ( 8283): DllImport searching in: '/system/lib/libsqlite.so' ('/system/lib/libsqlite.so').
D/Mono    ( 8283): Searching for 'sqlite3_bind_blob'.
D/Mono    ( 8283): Probing 'sqlite3_bind_blob'.
D/Mono    ( 8283): Found as 'sqlite3_bind_blob'.
D/Mono    ( 8283): DllImport searching in: '/system/lib/libsqlite.so' ('/system/lib/libsqlite.so').
D/Mono    ( 8283): Searching for 'sqlite3_bind_int64'.
D/Mono    ( 8283): Probing 'sqlite3_bind_int64'.
D/Mono    ( 8283): Found as 'sqlite3_bind_int64'.
D/Mono    ( 8283): DllImport searching in: '__Internal' ('(null)').
D/Mono    ( 8283): Searching for 'java_interop_jnienv_call_nonvirtual_boolean_method_a'.
D/Mono    ( 8283): Probing 'java_interop_jnienv_call_nonvirtual_boolean_method_a'.
D/Mono    ( 8283): Found as 'java_interop_jnienv_call_nonvirtual_boolean_method_a'.
I/calabash( 8283): execStartActivity 4
I/ActivityManager(  815): START u0 {cmp=com.careerbuilder.SugarDrone/md5a4824aa66c0dc4d104077b72c1916a44.TermsAndConditionsActivity} from uid 15863 on display 0
V/WindowManager(  815): addAppToken: AppWindowToken{13a3476c token=Token{237ef81f ActivityRecord{2bbaffbe u0 com.careerbuilder.SugarDrone/md5a4824aa66c0dc4d104077b72c1916a44.TermsAndConditionsActivity t17}}} to stack=1 task=17 at 1
W/ResourceType( 8283): No known package when getting name for resource number 0xffffffff
W/ResourceType( 8283): No known package when getting name for resource number 0xffffffff
W/ResourceType( 8283): No known package when getting name for resource number 0xffffffff
I/calabash( 8283): newActivity1
V/WindowManager(  815): Adding window Window{252359ca u0 com.careerbuilder.SugarDrone/md5a4824aa66c0dc4d104077b72c1916a44.TermsAndConditionsActivity} at 3 of 8 (after Window{256ac0d1 u0 com.careerbuilder.SugarDrone/md537fd6201b6818e2e180d2f7606e21a83.AppMainActivity})
I/ActivityManager(  815): Displayed com.careerbuilder.SugarDrone/md5a4824aa66c0dc4d104077b72c1916a44.TermsAndConditionsActivity: +285ms
I/System.out( 8283): URI: /map
I/System.out( 8283): params: {json={"query":"* id:'agreeAndContinueButton'","operation":{"method_name":"query","arguments":[]}}
I/System.out( 8283): }
W/ResourceType( 8283): No known package when getting name for resource number 0xffffffff
W/ResourceType( 8283): No known package when getting name for resource number 0xffffffff
W/ResourceType( 8283): No known package when getting name for resource number 0xffffffff
W/ResourceType( 8283): No known package when getting name for resource number 0xffffffff
W/ResourceType( 8283): No known package when getting name for resource number 0xffffffff
W/ResourceType( 8283): No known package when getting name for resource number 0xffffffff
W/ResourceType( 8283): No known package when getting name for resource number 0xffffffff
W/ResourceType( 8283): No known package when getting name for resource number 0xffffffff
W/ResourceType( 8283): No known package when getting name for resource number 0xffffffff
W/ResourceType( 8283): No known package when getting name for resource number 0xffffffff
I/System.out( 8283): URI: /map
I/System.out( 8283): params: {json={"query":"* id:'agreeAndContinueButton'","operation":{"method_name":"query","arguments":[]}}
I/System.out( 8283): }
W/ResourceType( 8283): No known package when getting name for resource number 0xffffffff
W/ResourceType( 8283): No known package when getting name for resource number 0xffffffff
W/ResourceType( 8283): No known package when getting name for resource number 0xffffffff
W/ResourceType( 8283): No known package when getting name for resource number 0xffffffff
W/ResourceType( 8283): No known package when getting name for resource number 0xffffffff
W/ResourceType( 8283): No known package when getting name for resource number 0xffffffff
W/ResourceType( 8283): No known package when getting name for resource number 0xffffffff
I/System.out( 8283): URI: /map
I/System.out( 8283): params: {json={"query":"* id:'agreeAndContinueButton'","operation":{"method_name":"query","arguments":[]}}
I/System.out( 8283): }
W/ResourceType( 8283): No known package when getting name for resource number 0xffffffff
W/ResourceType( 8283): No known package when getting name for resource number 0xffffffff
W/ResourceType( 8283): No known package when getting name for resource number 0xffffffff
W/ResourceType( 8283): No known package when getting name for resource number 0xffffffff
W/ResourceType( 8283): No known package when getting name for resource number 0xffffffff
W/ResourceType( 8283): No known package when getting name for resource number 0xffffffff
W/ResourceType( 8283): No known package when getting name for resource number 0xffffffff
I/System.out( 8283): URI: /map
I/System.out( 8283): params: {json={"query":"* id:'agreeAndContinueButton'","operation":{"method_name":"query","arguments":[]}}
I/System.out( 8283): }
W/ResourceType( 8283): No known package when getting name for resource number 0xffffffff
W/ResourceType( 8283): No known package when getting name for resource number 0xffffffff
W/ResourceType( 8283): No known package when getting name for resource number 0xffffffff
W/ResourceType( 8283): No known package when getting name for resource number 0xffffffff
W/ResourceType( 8283): No known package when getting name for resource number 0xffffffff
W/ResourceType( 8283): No known package when getting name for resource number 0xffffffff
W/ResourceType( 8283): No known package when getting name for resource number 0xffffffff
I/System.out( 8283): URI: /map
I/System.out( 8283): params: {json={"query":"* id:'agreeAndContinueButton'","operation":{"method_name":"query","arguments":[]}}
I/System.out( 8283): }
W/ResourceType( 8283): No known package when getting name for resource number 0xffffffff
W/ResourceType( 8283): No known package when getting name for resource number 0xffffffff
W/ResourceType( 8283): No known package when getting name for resource number 0xffffffff
W/ResourceType( 8283): No known package when getting name for resource number 0xffffffff
W/ResourceType( 8283): No known package when getting name for resource number 0xffffffff
W/ResourceType( 8283): No known package when getting name for resource number 0xffffffff
W/ResourceType( 8283): No known package when getting name for resource number 0xffffffff
I/System.out( 8283): URI: /map
I/System.out( 8283): params: {json={"query":"* id:'agreeAndContinueButton'","operation":{"method_name":"query","arguments":[]}}
I/System.out( 8283): }
W/ResourceType( 8283): No known package when getting name for resource number 0xffffffff
W/ResourceType( 8283): No known package when getting name for resource number 0xffffffff
W/ResourceType( 8283): No known package when getting name for resource number 0xffffffff
W/ResourceType( 8283): No known package when getting name for resource number 0xffffffff
W/ResourceType( 8283): No known package when getting name for resource number 0xffffffff
W/ResourceType( 8283): No known package when getting name for resource number 0xffffffff
W/ResourceType( 8283): No known package when getting name for resource number 0xffffffff
I/System.out( 8283): URI: /map
I/System.out( 8283): params: {json={"query":"* id:'agreeAndContinueButton'","operation":{"method_name":"query","arguments":[]}}
I/System.out( 8283): }
W/ResourceType( 8283): No known package when getting name for resource number 0xffffffff
W/ResourceType( 8283): No known package when getting name for resource number 0xffffffff
W/ResourceType( 8283): No known package when getting name for resource number 0xffffffff
W/ResourceType( 8283): No known package when getting name for resource number 0xffffffff
W/ResourceType( 8283): No known package when getting name for resource number 0xffffffff
W/ResourceType( 8283): No known package when getting name for resource number 0xffffffff
W/ResourceType( 8283): No known package when getting name for resource number 0xffffffff
I/art     ( 8283): Explicit concurrent mark sweep GC freed 102890(4MB) AllocSpace objects, 9(144KB) LOS objects, 37% free, 26MB/42MB, paused 680us total 29.133ms
I/System.out( 8283): URI: /
I/System.out( 8283): params: {json={"command":"touch_coordinate","arguments":[720.0,2273.0]}
I/System.out( 8283): }
I/System.out( 8283): header: {content-length=57, host=devicehost100.prod, x-session-token=token-token-3b23d179-354b-4163-a8c6-96ecbbe49ae8, x-forwarded-for=10.222.150.23, content-type=application/json; charset=utf-8, connection=close}
I/System.out( 8283): params: {json={"command":"touch_coordinate","arguments":[720.0,2273.0]}
I/System.out( 8283): }
I/System.out( 8283): ProP json = {"command":"touch_coordinate","arguments":[720.0,2273.0]}
I/System.out( 8283): files: {}
I/System.out( 8283): command: {"command":"touch_coordinate","arguments":[720.0,2273.0]}
I/InstrumentationBackend( 8283): Got command:'Command:'Line:null,touch_coordinate', arguments:'[720.0, 2273.0]'
I/art     ( 8283): Explicit concurrent mark sweep GC freed 2041(97KB) AllocSpace objects, 1(16KB) LOS objects, 37% free, 26MB/42MB, paused 1.188ms total 18.572ms
I/art     ( 8283): Explicit concurrent mark sweep GC freed 26(1440B) AllocSpace objects, 0(0B) LOS objects, 37% free, 26MB/42MB, paused 6.665ms total 32.363ms
I/art     ( 8283): Explicit concurrent mark sweep GC freed 17(1056B) AllocSpace objects, 0(0B) LOS objects, 37% free, 26MB/42MB, paused 1.828ms total 19.301ms
D/Mono    ( 8283): Assembly Ref addref System.Net.Http[0x9bc97400] -> System.Core[0xb4b72ac0]: 13
D/Mono    ( 8283): DllImport searching in: '__Internal' ('(null)').
D/Mono    ( 8283): Searching for 'java_interop_jnienv_call_nonvirtual_int_method_a'.
D/Mono    ( 8283): Probing 'java_interop_jnienv_call_nonvirtual_int_method_a'.
D/Mono    ( 8283): Found as 'java_interop_jnienv_call_nonvirtual_int_method_a'.
I/art     ( 8283): Explicit concurrent mark sweep GC freed 29(13KB) AllocSpace objects, 1(16KB) LOS objects, 37% free, 26MB/42MB, paused 1.656ms total 21.585ms
D/Mono    ( 8283): Assembly Ref addref Mono.Android[0xb4b724c0] -> System[0xb4b72760]: 12
D/Mono    ( 8283): DllImport searching in: '__Internal' ('(null)').
D/Mono    ( 8283): Searching for 'java_interop_jnienv_get_float_field'.
D/Mono    ( 8283): Probing 'java_interop_jnienv_get_float_field'.
D/Mono    ( 8283): Found as 'java_interop_jnienv_get_float_field'.
D/Mono    ( 8283): DllImport searching in: '__Internal' ('(null)').
D/Mono    ( 8283): Searching for 'java_interop_jnienv_new_object_array'.
D/Mono    ( 8283): Probing 'java_interop_jnienv_new_object_array'.
D/Mono    ( 8283): Found as 'java_interop_jnienv_new_object_array'.
D/Mono    ( 8283): DllImport searching in: '__Internal' ('(null)').
D/Mono    ( 8283): Searching for 'java_interop_jnienv_set_object_array_element'.
D/Mono    ( 8283): Probing 'java_interop_jnienv_set_object_array_element'.
D/Mono    ( 8283): Found as 'java_interop_jnienv_set_object_array_element'.
D/audio_hw_primary(  359): out_set_parameters: enter: usecase(1: low-latency-playback) kvpairs: routing=2
I/calabash( 8283): execStartActivity 4
I/ActivityManager(  815): START u0 {cmp=com.careerbuilder.SugarDrone/md537fd6201b6818e2e180d2f7606e21a83.ValuePropActivity} from uid 15863 on display 0
V/WindowManager(  815): addAppToken: AppWindowToken{3b455822 token=Token{134ca1ed ActivityRecord{c9d1804 u0 com.careerbuilder.SugarDrone/md537fd6201b6818e2e180d2f7606e21a83.ValuePropActivity t17}}} to stack=1 task=17 at 1
I/calabash( 8283): newActivity1
D/Mono    ( 8283): Assembly Ref addref CareerBuilder_Search.Droid[0xb4ae8580] -> System.Core[0xb4b72ac0]: 14
D/Mono    ( 8283): DllImport searching in: '__Internal' ('(null)').
D/Mono    ( 8283): Searching for 'java_interop_jnienv_call_nonvirtual_object_method'.
D/Mono    ( 8283): Probing 'java_interop_jnienv_call_nonvirtual_object_method'.
D/Mono    ( 8283): Found as 'java_interop_jnienv_call_nonvirtual_object_method'.
I/System.out( 8283): result:{"bonusInformation":[],"message":"","success":true}
V/WindowManager(  815): Adding window Window{23d5b070 u0 com.careerbuilder.SugarDrone/md537fd6201b6818e2e180d2f7606e21a83.ValuePropActivity} at 3 of 8 (after Window{252359ca u0 com.careerbuilder.SugarDrone/md5a4824aa66c0dc4d104077b72c1916a44.TermsAndConditionsActivity})
D/Mono    ( 8283): Assembly Ref addref CareerBuilder_Search.Droid[0xb4ae8580] -> Newtonsoft.Json[0xb4b720a0]: 4
I/System.out( 8283): URI: /backdoor
I/System.out( 8283): params: {json={"method_name":"APISetup","arguments":[200]}
I/System.out( 8283): }
W/FragmentManager( 8283): moveToState: Fragment state for ValuePropFragment{3875cec1 #0 id=0x7f0a0148 android:switcher:2131362120:1} not updated inline; expected state 3 found 2
D/Mono    ( 8283): Unloading image System.dll [0x969ad100].
D/Mono    ( 8283): Image addref System[0x97e0d7c0] -> System.dll[0xb4b79200]: 5
D/Mono    ( 8283): Config attempting to parse: 'System.dll.config'.
D/Mono    ( 8283): Config attempting to parse: '/Users/builder/data/lanes/4009/f3074d2c/source/monodroid/builds/install/mono-armv6/etc/mono/assemblies/System/System.config'.
D/Mono    ( 8283): Unloading image System.dll [0x969ad100].
D/Mono    ( 8283): Image addref System[0x97e0d580] -> System.dll[0xb4b79200]: 6
D/Mono    ( 8283): Config attempting to parse: 'System.dll.config'.
D/Mono    ( 8283): Config attempting to parse: '/Users/builder/data/lanes/4009/f3074d2c/source/monodroid/builds/install/mono-armv6/etc/mono/assemblies/System/System.config'.
D/Mono    ( 8283): Unloading image System.dll [0x969ad100].
D/Mono    ( 8283): Image addref System[0x97e0d580] -> System.dll[0xb4b79200]: 7
D/Mono    ( 8283): Config attempting to parse: 'System.dll.config'.
D/Mono    ( 8283): Config attempting to parse: '/Users/builder/data/lanes/4009/f3074d2c/source/monodroid/builds/install/mono-armv6/etc/mono/assemblies/System/System.config'.
D/Mono    ( 8283): Unloading image System.dll [0x969ad100].
D/Mono    ( 8283): Image addref System[0x97e0d580] -> System.dll[0xb4b79200]: 8
D/Mono    ( 8283): Config attempting to parse: 'System.dll.config'.
D/Mono    ( 8283): Config attempting to parse: '/Users/builder/data/lanes/4009/f3074d2c/source/monodroid/builds/install/mono-armv6/etc/mono/assemblies/System/System.config'.
D/Mono    ( 8283): DllImport searching in: '__Internal' ('(null)').
D/Mono    ( 8283): Searching for 'java_interop_jnienv_is_assignable_from'.
D/Mono    ( 8283): Probing 'java_interop_jnienv_is_assignable_from'.
D/Mono    ( 8283): Found as 'java_interop_jnienv_is_assignable_from'.
D/Mono    ( 8283): DllImport searching in: '__Internal' ('(null)').
D/Mono    ( 8283): Searching for 'java_interop_jnienv_get_byte_array_region'.
D/Mono    ( 8283): Probing 'java_interop_jnienv_get_byte_array_region'.
D/Mono    ( 8283): Found as 'java_interop_jnienv_get_byte_array_region'.
D/Mono    ( 8283): DllImport searching in: '__Internal' ('(null)').
D/Mono    ( 8283): Searching for 'java_interop_jnienv_set_byte_array_region'.
D/Mono    ( 8283): Probing 'java_interop_jnienv_set_byte_array_region'.
D/Mono    ( 8283): Found as 'java_interop_jnienv_set_byte_array_region'.
D/audio_hw_primary(  359): select_devices: out_snd_device(2: speaker) in_snd_device(0: none)
D/msm8974_platform(  359): platform_send_audio_calibration: sending audio calibration for snd_device(2) acdb_id(15)
E/ACDB-LOADER(  359): Error: ACDB AFE returned = -19
D/audio_hw_primary(  359): enable_snd_device: snd_device(2: speaker)
D/audio_hw_primary(  359): enable_audio_route: apply and update mixer path: low-latency-playback speaker
D/Mono    ( 8283): [0xaec51b00] hill climbing, change max number of threads 5
D/Mono    ( 8283): [0x998cb700] worker starting
I/ActivityManager(  815): Displayed com.careerbuilder.SugarDrone/md537fd6201b6818e2e180d2f7606e21a83.ValuePropActivity: +677ms
W/Mono    ( 8283): The request to load the assembly System.Core v4.0.0.0 was remapped to v2.0.5.0
D/Mono    ( 8283): Unloading image System.Core.dll [0x96db2400].
D/Mono    ( 8283): Image addref System.Core[0xaeca3be0] -> System.Core.dll[0xb4b7a600]: 5
D/Mono    ( 8283): Config attempting to parse: 'System.Core.dll.config'.
D/Mono    ( 8283): Config attempting to parse: '/Users/builder/data/lanes/4009/f3074d2c/source/monodroid/builds/install/mono-armv6/etc/mono/assemblies/System.Core/System.Core.config'.
W/Mono    ( 8283): The request to load the assembly System.Core v4.0.0.0 was remapped to v2.0.5.0
D/Mono    ( 8283): Unloading image System.Core.dll [0x96db2400].
D/Mono    ( 8283): Image addref System.Core[0x96c32880] -> System.Core.dll[0xb4b7a600]: 6
D/Mono    ( 8283): Config attempting to parse: 'System.Core.dll.config'.
D/Mono    ( 8283): Config attempting to parse: '/Users/builder/data/lanes/4009/f3074d2c/source/monodroid/builds/install/mono-armv6/etc/mono/assemblies/System.Core/System.Core.config'.
I/System.out( 8283): URI: /backdoor
I/System.out( 8283): params: {json={"method_name":"MyCBBackdoor","arguments":[]}
I/System.out( 8283): }
D/Mono    ( 8283): Assembly Ref addref CareerBuilder_Search.Droid[0xb4ae8580] -> Xamarin.Android.Support.Design[0xb4ae8fa0]: 2
W/SurfaceFlinger(  258): couldn't log to binary event log: overflow.
I/calabash( 8283): execStartActivity 4
I/ActivityManager(  815): START u0 {cmp=com.careerbuilder.SugarDrone/md5a4824aa66c0dc4d104077b72c1916a44.MasterNavActivity} from uid 15863 on display 0
V/WindowManager(  815): addAppToken: AppWindowToken{310b1d88 token=Token{113e252b ActivityRecord{2c2dc97a u0 com.careerbuilder.SugarDrone/md5a4824aa66c0dc4d104077b72c1916a44.MasterNavActivity t17}}} to stack=1 task=17 at 2
I/calabash( 8283): newActivity1
W/art     ( 8283): Before Android 4.1, method android.graphics.PorterDuffColorFilter android.support.graphics.drawable.VectorDrawableCompat.updateTintFilter(android.graphics.PorterDuffColorFilter, android.content.res.ColorStateList, android.graphics.PorterDuff$Mode) would have incorrectly overridden the package-private method in android.graphics.drawable.Drawable
I/System.out( 8283): URI: /map
I/System.out( 8283): params: {json={"query":"* marked:'Job 1'","operation":{"method_name":"query","arguments":[]}}
I/System.out( 8283): }
D/Mono    ( 8283): DllImport searching in: '__Internal' ('(null)').
D/Mono    ( 8283): Searching for 'java_interop_jnienv_call_int_method'.
D/Mono    ( 8283): Probing 'java_interop_jnienv_call_int_method'.
D/Mono    ( 8283): Found as 'java_interop_jnienv_call_int_method'.
D/Mono    ( 8283): Assembly Ref addref Xamarin.Android.Support.Design[0xb4ae8fa0] -> Xamarin.Android.Support.v4[0xb4ae8dc0]: 4
D/Mono    ( 8283): Assembly Ref addref CareerBuilder_Search.Droid[0xb4ae8580] -> Xamarin.Android.Support.v7.RecyclerView[0xb4ae8e20]: 2
D/Mono    ( 8283): Assembly Ref addref Xamarin.Android.Support.v7.RecyclerView[0xb4ae8e20] -> Xamarin.Android.Support.v4[0xb4ae8dc0]: 5
D/Mono    ( 8283): Assembly Ref addref CareerBuilder_Search.Droid[0xb4ae8580] -> FloatingActionButton-Xamarin[0xb4ae8d60]: 2
V/WindowManager(  815): Adding window Window{213f0346 u0 com.careerbuilder.SugarDrone/md5a4824aa66c0dc4d104077b72c1916a44.MasterNavActivity} at 4 of 9 (after Window{23d5b070 u0 com.careerbuilder.SugarDrone/md537fd6201b6818e2e180d2f7606e21a83.ValuePropActivity})
D/Mono    ( 8283): Unloading image System.IO.dll [0x96db4200].
D/Mono    ( 8283): Image addref System.IO[0x97e0d700] -> System.IO.dll[0x9a294900]: 6
D/Mono    ( 8283): Config attempting to parse: 'System.IO.dll.config'.
D/Mono    ( 8283): Config attempting to parse: '/Users/builder/data/lanes/4009/f3074d2c/source/monodroid/builds/install/mono-armv6/etc/mono/assemblies/System.IO/System.IO.config'.
D/Mono    ( 8283): Assembly Ref addref CareerBuilder_Search[0xb4b72460] -> System.IO[0x97fce9a0]: 4
D/Mono    ( 8283): DllImport searching in: '__Internal' ('(null)').
D/Mono    ( 8283): Searching for 'java_interop_jnienv_new_byte_array'.
D/Mono    ( 8283): Probing 'java_interop_jnienv_new_byte_array'.
D/Mono    ( 8283): Found as 'java_interop_jnienv_new_byte_array'.
W/FragmentManager( 8283): moveToState: Fragment state for SavedJobsFragment{34d1f8a3 #0 id=0x7f0a0148 android:switcher:2131362120:1} not updated inline; expected state 3 found 2
D/Mono    ( 8283): Assembly Ref addref CareerBuilder_Search.Droid[0xb4ae8580] -> System[0xb4b72760]: 13
W/FragmentManager( 8283): moveToState: Fragment state for ResumeManagementFragment{283ab7a0 #1 id=0x7f0a0148 android:switcher:2131362120:2} not updated inline; expected state 3 found 2
D/Mono    ( 8283): Unloading image System.Linq.dll [0x96db1000].
D/Mono    ( 8283): Image addref System.Linq[0xaec28520] -> System.Linq.dll[0xb4b7bf00]: 9
D/Mono    ( 8283): Config attempting to parse: 'System.Linq.dll.config'.
D/Mono    ( 8283): Config attempting to parse: '/Users/builder/data/lanes/4009/f3074d2c/source/monodroid/builds/install/mono-armv6/etc/mono/assemblies/System.Linq/System.Linq.config'.
D/Mono    ( 8283): Assembly Ref addref CareerBuilder_Search[0xb4b72460] -> System.Linq[0xb4b72940]: 7
D/Mono    ( 8283): DllImport attempting to load: '/system/lib/liblog.so'.
D/Mono    ( 8283): DllImport loaded library '/system/lib/liblog.so'.
