D/Mono    ( 9897): Prepared to set up assembly 'CareerBuilder_Search' (CareerBuilder_Search.dll)
D/Mono    ( 9897): Assembly CareerBuilder_Search[0xb4b74100] added to domain RootDomain, ref_count=1
D/Mono    ( 9897): AOT module 'CareerBuilder_Search.dll.so' not found: dlopen failed: library "/data/app/com.careerbuilder.SugarDrone-1/lib/arm/libaot-CareerBuilder_Search.dll.so" not found
D/Mono    ( 9897): AOT module '/Users/builder/data/lanes/4009/f3074d2c/source/monodroid/builds/install/mono-armv6/lib/mono/aot-cache/arm/CareerBuilder_Search.dll.so' not found: dlopen failed: library "/data/app/com.careerbuilder.SugarDrone-1/lib/arm/libaot-CareerBuilder_Search.dll.so" not found
D/Mono    ( 9897): Config attempting to parse: 'CareerBuilder_Search.dll.config'.
D/Mono    ( 9897): Config attempting to parse: '/Users/builder/data/lanes/4009/f3074d2c/source/monodroid/builds/install/mono-armv6/etc/mono/assemblies/CareerBuilder_Search/CareerBuilder_Search.config'.
W/monodroid-gc( 9897): GREF GC Threshold: 46080
D/Mono    ( 9897): Image addref Mono.Android[0xb4b74160] -> Mono.Android.dll[0xb4b76500]: 2
D/Mono    ( 9897): Prepared to set up assembly 'Mono.Android' (Mono.Android.dll)
D/Mono    ( 9897): Assembly Mono.Android[0xb4b74160] added to domain RootDomain, ref_count=1
D/Mono    ( 9897): AOT module 'Mono.Android.dll.so' not found: dlopen failed: library "/data/app/com.careerbuilder.SugarDrone-1/lib/arm/libaot-Mono.Android.dll.so" not found
D/Mono    ( 9897): AOT module '/Users/builder/data/lanes/4009/f3074d2c/source/monodroid/builds/install/mono-armv6/lib/mono/aot-cache/arm/Mono.Android.dll.so' not found: dlopen failed: library "/data/app/com.careerbuilder.SugarDrone-1/lib/arm/libaot-Mono.Android.dll.so" not found
D/Mono    ( 9897): Config attempting to parse: 'Mono.Android.dll.config'.
D/Mono    ( 9897): Config attempting to parse: '/Users/builder/data/lanes/4009/f3074d2c/source/monodroid/builds/install/mono-armv6/etc/mono/assemblies/Mono.Android/Mono.Android.config'.
D/Mono    ( 9897): Assembly Ref addref Mono.Android[0xb4b74160] -> mscorlib[0xb4ae8160]: 2
D/Mono    ( 9897): Image addref Java.Interop[0xb4b741c0] -> Java.Interop.dll[0xb4b76a00]: 2
D/Mono    ( 9897): Prepared to set up assembly 'Java.Interop' (Java.Interop.dll)
D/Mono    ( 9897): Assembly Java.Interop[0xb4b741c0] added to domain RootDomain, ref_count=1
D/Mono    ( 9897): AOT module 'Java.Interop.dll.so' not found: dlopen failed: library "/data/app/com.careerbuilder.SugarDrone-1/lib/arm/libaot-Java.Interop.dll.so" not found
D/Mono    ( 9897): AOT module '/Users/builder/data/lanes/4009/f3074d2c/source/monodroid/builds/install/mono-armv6/lib/mono/aot-cache/arm/Java.Interop.dll.so' not found: dlopen failed: library "/data/app/com.careerbuilder.SugarDrone-1/lib/arm/libaot-Java.Interop.dll.so" not found
D/Mono    ( 9897): Config attempting to parse: 'Java.Interop.dll.config'.
D/Mono    ( 9897): Config attempting to parse: '/Users/builder/data/lanes/4009/f3074d2c/source/monodroid/builds/install/mono-armv6/etc/mono/assemblies/Java.Interop/Java.Interop.config'.
D/Mono    ( 9897): Assembly Ref addref Mono.Android[0xb4b74160] -> Java.Interop[0xb4b741c0]: 2
D/Mono    ( 9897): Image addref System.Runtime[0xb4b74220] -> System.Runtime.dll[0xb4b76f00]: 2
D/Mono    ( 9897): Prepared to set up assembly 'System.Runtime' (System.Runtime.dll)
D/Mono    ( 9897): Assembly System.Runtime[0xb4b74220] added to domain RootDomain, ref_count=1
D/Mono    ( 9897): AOT module 'System.Runtime.dll.so' not found: dlopen failed: library "/data/app/com.careerbuilder.SugarDrone-1/lib/arm/libaot-System.Runtime.dll.so" not found
D/Mono    ( 9897): AOT module '/Users/builder/data/lanes/4009/f3074d2c/source/monodroid/builds/install/mono-armv6/lib/mono/aot-cache/arm/System.Runtime.dll.so' not found: dlopen failed: library "/data/app/com.careerbuilder.SugarDrone-1/lib/arm/libaot-System.Runtime.dll.so" not found
D/Mono    ( 9897): Config attempting to parse: 'System.Runtime.dll.config'.
D/Mono    ( 9897): Config attempting to parse: '/Users/builder/data/lanes/4009/f3074d2c/source/monodroid/builds/install/mono-armv6/etc/mono/assemblies/System.Runtime/System.Runtime.config'.
D/Mono    ( 9897): Assembly Ref addref Java.Interop[0xb4b741c0] -> System.Runtime[0xb4b74220]: 2
D/Mono    ( 9897): Assembly Ref addref System.Runtime[0xb4b74220] -> mscorlib[0xb4ae8160]: 3
W/monodroid( 9897): Calling into managed runtime init
D/Mono    ( 9897): Image addref System.Collections.Concurrent[0xb4b74280] -> System.Collections.Concurrent.dll[0xb4b77900]: 2
D/Mono    ( 9897): Prepared to set up assembly 'System.Collections.Concurrent' (System.Collections.Concurrent.dll)
D/Mono    ( 9897): Assembly System.Collections.Concurrent[0xb4b74280] added to domain RootDomain, ref_count=1
D/Mono    ( 9897): AOT module 'System.Collections.Concurrent.dll.so' not found: dlopen failed: library "/data/app/com.careerbuilder.SugarDrone-1/lib/arm/libaot-System.Collections.Concurrent.dll.so" not found
D/Mono    ( 9897): AOT module '/Users/builder/data/lanes/4009/f3074d2c/source/monodroid/builds/install/mono-armv6/lib/mono/aot-cache/arm/System.Collections.Concurrent.dll.so' not found: dlopen failed: library "/data/app/com.careerbuilder.SugarDrone-1/lib/arm/libaot-System.Collections.Concurrent.dll.so" not found
D/Mono    ( 9897): Config attempting to parse: 'System.Collections.Concurrent.dll.config'.
D/Mono    ( 9897): Config attempting to parse: '/Users/builder/data/lanes/4009/f3074d2c/source/monodroid/builds/install/mono-armv6/etc/mono/assemblies/System.Collections.Concurrent/System.Collections.Concurrent.config'.
D/Mono    ( 9897): Assembly Ref addref Java.Interop[0xb4b741c0] -> System.Collections.Concurrent[0xb4b74280]: 2
D/Mono    ( 9897): Assembly Ref addref System.Collections.Concurrent[0xb4b74280] -> mscorlib[0xb4ae8160]: 4
D/Mono    ( 9897): Image addref System.Reflection[0xb4b742e0] -> System.Reflection.dll[0xb4b78300]: 2
D/Mono    ( 9897): Prepared to set up assembly 'System.Reflection' (System.Reflection.dll)
D/Mono    ( 9897): Assembly System.Reflection[0xb4b742e0] added to domain RootDomain, ref_count=1
D/Mono    ( 9897): AOT module 'System.Reflection.dll.so' not found: dlopen failed: library "/data/app/com.careerbuilder.SugarDrone-1/lib/arm/libaot-System.Reflection.dll.so" not found
D/Mono    ( 9897): AOT module '/Users/builder/data/lanes/4009/f3074d2c/source/monodroid/builds/install/mono-armv6/lib/mono/aot-cache/arm/System.Reflection.dll.so' not found: dlopen failed: library "/data/app/com.careerbuilder.SugarDrone-1/lib/arm/libaot-System.Reflection.dll.so" not found
D/Mono    ( 9897): Config attempting to parse: 'System.Reflection.dll.config'.
D/Mono    ( 9897): Config attempting to parse: '/Users/builder/data/lanes/4009/f3074d2c/source/monodroid/builds/install/mono-armv6/etc/mono/assemblies/System.Reflection/System.Reflection.config'.
D/Mono    ( 9897): Assembly Ref addref Java.Interop[0xb4b741c0] -> System.Reflection[0xb4b742e0]: 2
D/Mono    ( 9897): Assembly Ref addref System.Reflection[0xb4b742e0] -> mscorlib[0xb4ae8160]: 5
D/Mono    ( 9897): Image addref System.Threading[0xb4b74340] -> System.Threading.dll[0xb4b78800]: 2
D/Mono    ( 9897): Prepared to set up assembly 'System.Threading' (System.Threading.dll)
D/Mono    ( 9897): Assembly System.Threading[0xb4b74340] added to domain RootDomain, ref_count=1
D/Mono    ( 9897): AOT module 'System.Threading.dll.so' not found: dlopen failed: library "/data/app/com.careerbuilder.SugarDrone-1/lib/arm/libaot-System.Threading.dll.so" not found
D/Mono    ( 9897): AOT module '/Users/builder/data/lanes/4009/f3074d2c/source/monodroid/builds/install/mono-armv6/lib/mono/aot-cache/arm/System.Threading.dll.so' not found: dlopen failed: library "/data/app/com.careerbuilder.SugarDrone-1/lib/arm/libaot-System.Threading.dll.so" not found
D/Mono    ( 9897): Config attempting to parse: 'System.Threading.dll.config'.
D/Mono    ( 9897): Config attempting to parse: '/Users/builder/data/lanes/4009/f3074d2c/source/monodroid/builds/install/mono-armv6/etc/mono/assemblies/System.Threading/System.Threading.config'.
D/Mono    ( 9897): Assembly Ref addref Java.Interop[0xb4b741c0] -> System.Threading[0xb4b74340]: 2
D/Mono    ( 9897): Assembly Ref addref System.Threading[0xb4b74340] -> mscorlib[0xb4ae8160]: 6
D/Mono    ( 9897): Image addref System.Diagnostics.Debug[0xb4b743a0] -> System.Diagnostics.Debug.dll[0xb4b78d00]: 2
D/Mono    ( 9897): Prepared to set up assembly 'System.Diagnostics.Debug' (System.Diagnostics.Debug.dll)
D/Mono    ( 9897): Assembly System.Diagnostics.Debug[0xb4b743a0] added to domain RootDomain, ref_count=1
D/Mono    ( 9897): AOT module 'System.Diagnostics.Debug.dll.so' not found: dlopen failed: library "/data/app/com.careerbuilder.SugarDrone-1/lib/arm/libaot-System.Diagnostics.Debug.dll.so" not found
D/Mono    ( 9897): AOT module '/Users/builder/data/lanes/4009/f3074d2c/source/monodroid/builds/install/mono-armv6/lib/mono/aot-cache/arm/System.Diagnostics.Debug.dll.so' not found: dlopen failed: library "/data/app/com.careerbuilder.SugarDrone-1/lib/arm/libaot-System.Diagnostics.Debug.dll.so" not found
D/Mono    ( 9897): Config attempting to parse: 'System.Diagnostics.Debug.dll.config'.
D/Mono    ( 9897): Config attempting to parse: '/Users/builder/data/lanes/4009/f3074d2c/source/monodroid/builds/install/mono-armv6/etc/mono/assemblies/System.Diagnostics.Debug/System.Diagnostics.Debug.config'.
D/Mono    ( 9897): Assembly Ref addref Java.Interop[0xb4b741c0] -> System.Diagnostics.Debug[0xb4b743a0]: 2
D/Mono    ( 9897): Image addref System[0xb4b74400] -> System.dll[0xb4b79200]: 2
D/Mono    ( 9897): Prepared to set up assembly 'System' (System.dll)
D/Mono    ( 9897): Assembly System[0xb4b74400] added to domain RootDomain, ref_count=1
D/Mono    ( 9897): AOT module 'System.dll.so' not found: dlopen failed: library "/data/app/com.careerbuilder.SugarDrone-1/lib/arm/libaot-System.dll.so" not found
D/Mono    ( 9897): AOT module '/Users/builder/data/lanes/4009/f3074d2c/source/monodroid/builds/install/mono-armv6/lib/mono/aot-cache/arm/System.dll.so' not found: dlopen failed: library "/data/app/com.careerbuilder.SugarDrone-1/lib/arm/libaot-System.dll.so" not found
D/Mono    ( 9897): Config attempting to parse: 'System.dll.config'.
D/Mono    ( 9897): Config attempting to parse: '/Users/builder/data/lanes/4009/f3074d2c/source/monodroid/builds/install/mono-armv6/etc/mono/assemblies/System/System.config'.
D/Mono    ( 9897): Assembly Ref addref System.Diagnostics.Debug[0xb4b743a0] -> System[0xb4b74400]: 2
D/Mono    ( 9897): Assembly Ref addref System[0xb4b74400] -> mscorlib[0xb4ae8160]: 7
W/OpenGLRenderer( 1361): Incorrectly called buildLayer on View: aep, destroying layer...
D/Mono    ( 9897): Image addref System.Runtime.InteropServices[0xb4b74580] -> System.Runtime.InteropServices.dll[0xb4b79700]: 2
D/Mono    ( 9897): Prepared to set up assembly 'System.Runtime.InteropServices' (System.Runtime.InteropServices.dll)
D/Mono    ( 9897): Assembly System.Runtime.InteropServices[0xb4b74580] added to domain RootDomain, ref_count=1
D/Mono    ( 9897): AOT module 'System.Runtime.InteropServices.dll.so' not found: dlopen failed: library "/data/app/com.careerbuilder.SugarDrone-1/lib/arm/libaot-System.Runtime.InteropServices.dll.so" not found
D/Mono    ( 9897): AOT module '/Users/builder/data/lanes/4009/f3074d2c/source/monodroid/builds/install/mono-armv6/lib/mono/aot-cache/arm/System.Runtime.InteropServices.dll.so' not found: dlopen failed: library "/data/app/com.careerbuilder.SugarDrone-1/lib/arm/libaot-System.Runtime.InteropServices.dll.so" not found
D/Mono    ( 9897): Config attempting to parse: 'System.Runtime.InteropServices.dll.config'.
D/Mono    ( 9897): Config attempting to parse: '/Users/builder/data/lanes/4009/f3074d2c/source/monodroid/builds/install/mono-armv6/etc/mono/assemblies/System.Runtime.InteropServices/System.Runtime.InteropServices.config'.
D/Mono    ( 9897): Assembly Ref addref Java.Interop[0xb4b741c0] -> System.Runtime.InteropServices[0xb4b74580]: 2
D/Mono    ( 9897): Assembly Ref addref System.Runtime.InteropServices[0xb4b74580] -> mscorlib[0xb4ae8160]: 8
D/Mono    ( 9897): DllImport attempting to load: '__Internal'.
D/Mono    ( 9897): DllImport loaded library '(null)'.
D/Mono    ( 9897): DllImport searching in: '__Internal' ('(null)').
D/Mono    ( 9897): Searching for 'java_interop_jnienv_get_java_vm'.
D/Mono    ( 9897): Probing 'java_interop_jnienv_get_java_vm'.
D/Mono    ( 9897): Found as 'java_interop_jnienv_get_java_vm'.
I/ThermalEngine(  366): ACTION: CPU - Setting CPU[0] to 1574400
I/ThermalEngine(  366): ACTION: CPU - Setting CPU[1] to 1574400
I/ThermalEngine(  366): ACTION: CPU - Setting CPU[2] to 1574400
I/ThermalEngine(  366): ACTION: CPU - Setting CPU[3] to 1574400
D/Mono    ( 9897): DllImport attempting to load: '__Internal'.
D/Mono    ( 9897): DllImport loaded library '(null)'.
D/Mono    ( 9897): DllImport searching in: '__Internal' ('(null)').
D/Mono    ( 9897): Searching for '_monodroid_gref_log_new'.
D/Mono    ( 9897): Probing '_monodroid_gref_log_new'.
D/Mono    ( 9897): Found as '_monodroid_gref_log_new'.
D/Mono    ( 9897): DllImport searching in: '__Internal' ('(null)').
D/Mono    ( 9897): Searching for 'java_interop_jnienv_new_global_ref'.
D/Mono    ( 9897): Probing 'java_interop_jnienv_new_global_ref'.
D/Mono    ( 9897): Found as 'java_interop_jnienv_new_global_ref'.
D/Mono    ( 9897): DllImport searching in: '__Internal' ('(null)').
D/Mono    ( 9897): Searching for '_monodroid_gref_get'.
D/Mono    ( 9897): Probing '_monodroid_gref_get'.
D/Mono    ( 9897): Found as '_monodroid_gref_get'.
D/Mono    ( 9897): Image addref System.Collections[0xb4b744c0] -> System.Collections.dll[0xb4b79c00]: 2
D/Mono    ( 9897): Prepared to set up assembly 'System.Collections' (System.Collections.dll)
D/Mono    ( 9897): Assembly System.Collections[0xb4b744c0] added to domain RootDomain, ref_count=1
D/Mono    ( 9897): AOT module 'System.Collections.dll.so' not found: dlopen failed: library "/data/app/com.careerbuilder.SugarDrone-1/lib/arm/libaot-System.Collections.dll.so" not found
D/Mono    ( 9897): AOT module '/Users/builder/data/lanes/4009/f3074d2c/source/monodroid/builds/install/mono-armv6/lib/mono/aot-cache/arm/System.Collections.dll.so' not found: dlopen failed: library "/data/app/com.careerbuilder.SugarDrone-1/lib/arm/libaot-System.Collections.dll.so" not found
D/Mono    ( 9897): Config attempting to parse: 'System.Collections.dll.config'.
D/Mono    ( 9897): Config attempting to parse: '/Users/builder/data/lanes/4009/f3074d2c/source/monodroid/builds/install/mono-armv6/etc/mono/assemblies/System.Collections/System.Collections.config'.
D/Mono    ( 9897): Assembly Ref addref Java.Interop[0xb4b741c0] -> System.Collections[0xb4b744c0]: 2
D/Mono    ( 9897): Assembly Ref addref System.Collections[0xb4b744c0] -> mscorlib[0xb4ae8160]: 9
D/Mono    ( 9897): DllImport searching in: '__Internal' ('(null)').
D/Mono    ( 9897): Searching for 'java_interop_jnienv_find_class'.
D/Mono    ( 9897): Probing 'java_interop_jnienv_find_class'.
D/Mono    ( 9897): Found as 'java_interop_jnienv_find_class'.
D/Mono    ( 9897): DllImport searching in: '__Internal' ('(null)').
D/Mono    ( 9897): Searching for 'java_interop_jnienv_exception_clear'.
D/Mono    ( 9897): Probing 'java_interop_jnienv_exception_clear'.
D/Mono    ( 9897): Found as 'java_interop_jnienv_exception_clear'.
D/Mono    ( 9897): DllImport searching in: '__Internal' ('(null)').
D/Mono    ( 9897): Searching for 'java_interop_jnienv_call_object_method_a'.
D/Mono    ( 9897): Probing 'java_interop_jnienv_call_object_method_a'.
D/Mono    ( 9897): Found as 'java_interop_jnienv_call_object_method_a'.
D/Mono    ( 9897): DllImport searching in: '__Internal' ('(null)').
D/Mono    ( 9897): Searching for 'java_interop_jnienv_delete_local_ref'.
D/Mono    ( 9897): Probing 'java_interop_jnienv_delete_local_ref'.
D/Mono    ( 9897): Found as 'java_interop_jnienv_delete_local_ref'.
D/Mono    ( 9897): DllImport searching in: '__Internal' ('(null)').
D/Mono    ( 9897): Searching for '_monodroid_lref_log_new'.
D/Mono    ( 9897): Probing '_monodroid_lref_log_new'.
D/Mono    ( 9897): Found as '_monodroid_lref_log_new'.
D/Mono    ( 9897): DllImport searching in: '__Internal' ('(null)').
D/Mono    ( 9897): Searching for '_monodroid_lref_log_delete'.
D/Mono    ( 9897): Probing '_monodroid_lref_log_delete'.
D/Mono    ( 9897): Found as '_monodroid_lref_log_delete'.
D/Mono    ( 9897): DllImport searching in: '__Internal' ('(null)').
D/Mono    ( 9897): Searching for 'java_interop_jnienv_get_method_id'.
D/Mono    ( 9897): Probing 'java_interop_jnienv_get_method_id'.
D/Mono    ( 9897): Found as 'java_interop_jnienv_get_method_id'.
D/Mono    ( 9897): DllImport searching in: '__Internal' ('(null)').
D/Mono    ( 9897): Searching for '_monodroid_gref_log_delete'.
D/Mono    ( 9897): Probing '_monodroid_gref_log_delete'.
D/Mono    ( 9897): Found as '_monodroid_gref_log_delete'.
D/Mono    ( 9897): DllImport searching in: '__Internal' ('(null)').
D/Mono    ( 9897): Searching for 'java_interop_jnienv_delete_global_ref'.
D/Mono    ( 9897): Probing 'java_interop_jnienv_delete_global_ref'.
D/Mono    ( 9897): Found as 'java_interop_jnienv_delete_global_ref'.
D/Mono    ( 9897): DllImport searching in: '__Internal' ('(null)').
D/Mono    ( 9897): Searching for 'java_interop_jnienv_get_static_method_id'.
D/Mono    ( 9897): Probing 'java_interop_jnienv_get_static_method_id'.
D/Mono    ( 9897): Found as 'java_interop_jnienv_get_static_method_id'.
D/Mono    ( 9897): DllImport searching in: '__Internal' ('(null)').
D/Mono    ( 9897): Searching for 'java_interop_jnienv_call_static_object_method_a'.
D/Mono    ( 9897): Probing 'java_interop_jnienv_call_static_object_method_a'.
D/Mono    ( 9897): Found as 'java_interop_jnienv_call_static_object_method_a'.
D/Mono    ( 9897): DllImport searching in: '__Internal' ('(null)').
D/Mono    ( 9897): Searching for '_monodroid_get_identity_hash_code'.
D/Mono    ( 9897): Probing '_monodroid_get_identity_hash_code'.
D/Mono    ( 9897): Found as '_monodroid_get_identity_hash_code'.
D/Mono    ( 9897): DllImport searching in: '__Internal' ('(null)').
D/Mono    ( 9897): Searching for 'java_interop_jnienv_get_object_class'.
D/Mono    ( 9897): Probing 'java_interop_jnienv_get_object_class'.
D/Mono    ( 9897): Found as 'java_interop_jnienv_get_object_class'.
D/Mono    ( 9897): DllImport searching in: '__Internal' ('(null)').
D/Mono    ( 9897): Searching for 'java_interop_jnienv_call_object_method'.
D/Mono    ( 9897): Probing 'java_interop_jnienv_call_object_method'.
D/Mono    ( 9897): Found as 'java_interop_jnienv_call_object_method'.
D/Mono    ( 9897): DllImport searching in: '__Internal' ('(null)').
D/Mono    ( 9897): Searching for 'java_interop_jnienv_get_string_length'.
D/Mono    ( 9897): Probing 'java_interop_jnienv_get_string_length'.
D/Mono    ( 9897): Found as 'java_interop_jnienv_get_string_length'.
D/Mono    ( 9897): DllImport searching in: '__Internal' ('(null)').
D/Mono    ( 9897): Searching for 'java_interop_jnienv_get_string_chars'.
D/Mono    ( 9897): Probing 'java_interop_jnienv_get_string_chars'.
D/Mono    ( 9897): Found as 'java_interop_jnienv_get_string_chars'.
D/Mono    ( 9897): DllImport searching in: '__Internal' ('(null)').
D/Mono    ( 9897): Searching for 'java_interop_jnienv_release_string_chars'.
D/Mono    ( 9897): Probing 'java_interop_jnienv_release_string_chars'.
D/Mono    ( 9897): Found as 'java_interop_jnienv_release_string_chars'.
D/Mono    ( 9897): DllImport searching in: '__Internal' ('(null)').
D/Mono    ( 9897): Searching for 'monodroid_typemap_java_to_managed'.
D/Mono    ( 9897): Probing 'monodroid_typemap_java_to_managed'.
D/Mono    ( 9897): Found as 'monodroid_typemap_java_to_managed'.
D/Mono    ( 9897): DllImport searching in: '__Internal' ('(null)').
D/Mono    ( 9897): Searching for 'java_interop_jnienv_get_superclass'.
D/Mono    ( 9897): Probing 'java_interop_jnienv_get_superclass'.
D/Mono    ( 9897): Found as 'java_interop_jnienv_get_superclass'.
D/Mono    ( 9897): DllImport searching in: '__Internal' ('(null)').
D/Mono    ( 9897): Searching for 'java_interop_jnienv_is_instance_of'.
D/Mono    ( 9897): Probing 'java_interop_jnienv_is_instance_of'.
D/Mono    ( 9897): Found as 'java_interop_jnienv_is_instance_of'.
D/Mono    ( 9897): DllImport searching in: '__Internal' ('(null)').
D/Mono    ( 9897): Searching for '_monodroid_gref_log'.
D/Mono    ( 9897): Probing '_monodroid_gref_log'.
D/Mono    ( 9897): Found as '_monodroid_gref_log'.
D/Mono    ( 9897): Image addref System.Linq[0xb4b745e0] -> System.Linq.dll[0xb4b7bf00]: 2
D/Mono    ( 9897): Prepared to set up assembly 'System.Linq' (System.Linq.dll)
D/Mono    ( 9897): Assembly System.Linq[0xb4b745e0] added to domain RootDomain, ref_count=1
D/Mono    ( 9897): AOT module 'System.Linq.dll.so' not found: dlopen failed: library "/data/app/com.careerbuilder.SugarDrone-1/lib/arm/libaot-System.Linq.dll.so" not found
D/Mono    ( 9897): AOT module '/Users/builder/data/lanes/4009/f3074d2c/source/monodroid/builds/install/mono-armv6/lib/mono/aot-cache/arm/System.Linq.dll.so' not found: dlopen failed: library "/data/app/com.careerbuilder.SugarDrone-1/lib/arm/libaot-System.Linq.dll.so" not found
D/Mono    ( 9897): Config attempting to parse: 'System.Linq.dll.config'.
D/Mono    ( 9897): Config attempting to parse: '/Users/builder/data/lanes/4009/f3074d2c/source/monodroid/builds/install/mono-armv6/etc/mono/assemblies/System.Linq/System.Linq.config'.
D/Mono    ( 9897): Assembly Ref addref Java.Interop[0xb4b741c0] -> System.Linq[0xb4b745e0]: 2
D/Mono    ( 9897): Image addref System.Core[0xb4b74760] -> System.Core.dll[0xb4b7a100]: 2
D/Mono    ( 9897): Prepared to set up assembly 'System.Core' (System.Core.dll)
D/Mono    ( 9897): Assembly System.Core[0xb4b74760] added to domain RootDomain, ref_count=1
D/Mono    ( 9897): AOT module 'System.Core.dll.so' not found: dlopen failed: library "/data/app/com.careerbuilder.SugarDrone-1/lib/arm/libaot-System.Core.dll.so" not found
D/Mono    ( 9897): AOT module '/Users/builder/data/lanes/4009/f3074d2c/source/monodroid/builds/install/mono-armv6/lib/mono/aot-cache/arm/System.Core.dll.so' not found: dlopen failed: library "/data/app/com.careerbuilder.SugarDrone-1/lib/arm/libaot-System.Core.dll.so" not found
D/Mono    ( 9897): Config attempting to parse: 'System.Core.dll.config'.
D/Mono    ( 9897): Config attempting to parse: '/Users/builder/data/lanes/4009/f3074d2c/source/monodroid/builds/install/mono-armv6/etc/mono/assemblies/System.Core/System.Core.config'.
D/Mono    ( 9897): Assembly Ref addref System.Linq[0xb4b745e0] -> System.Core[0xb4b74760]: 2
D/Mono    ( 9897): Assembly Ref addref System.Core[0xb4b74760] -> mscorlib[0xb4ae8160]: 10
D/Mono    ( 9897): Image addref System.Reflection.Extensions[0xb4b74880] -> System.Reflection.Extensions.dll[0xb4b7ba00]: 2
D/Mono    ( 9897): Prepared to set up assembly 'System.Reflection.Extensions' (System.Reflection.Extensions.dll)
D/Mono    ( 9897): Assembly System.Reflection.Extensions[0xb4b74880] added to domain RootDomain, ref_count=1
D/Mono    ( 9897): AOT module 'System.Reflection.Extensions.dll.so' not found: dlopen failed: library "/data/app/com.careerbuilder.SugarDrone-1/lib/arm/libaot-System.Reflection.Extensions.dll.so" not found
D/Mono    ( 9897): AOT module '/Users/builder/data/lanes/4009/f3074d2c/source/monodroid/builds/install/mono-armv6/lib/mono/aot-cache/arm/System.Reflection.Extensions.dll.so' not found: dlopen failed: library "/data/app/com.careerbuilder.SugarDrone-1/lib/arm/libaot-System.Reflection.Extensions.dll.so" not found
D/Mono    ( 9897): Config attempting to parse: 'System.Reflection.Extensions.dll.config'.
D/Mono    ( 9897): Config attempting to parse: '/Users/builder/data/lanes/4009/f3074d2c/source/monodroid/builds/install/mono-armv6/etc/mono/assemblies/System.Reflection.Extensions/System.Reflection.Extensions.config'.
D/Mono    ( 9897): Assembly Ref addref Java.Interop[0xb4b741c0] -> System.Reflection.Extensions[0xb4b74880]: 2
D/Mono    ( 9897): Assembly Ref addref System.Reflection.Extensions[0xb4b74880] -> mscorlib[0xb4ae8160]: 11
D/Mono    ( 9897): Assembly Ref addref Mono.Android[0xb4b74160] -> System.Core[0xb4b74760]: 3
D/Mono    ( 9897): DllImport searching in: '__Internal' ('(null)').
D/Mono    ( 9897): Searching for 'monodroid_typemap_managed_to_java'.
D/Mono    ( 9897): Probing 'monodroid_typemap_managed_to_java'.
D/Mono    ( 9897): Found as 'monodroid_typemap_managed_to_java'.
D/Mono    ( 9897): DllImport searching in: '__Internal' ('(null)').
D/Mono    ( 9897): Searching for 'java_interop_jnienv_alloc_object'.
D/Mono    ( 9897): Probing 'java_interop_jnienv_alloc_object'.
D/Mono    ( 9897): Found as 'java_interop_jnienv_alloc_object'.
D/Mono    ( 9897): DllImport searching in: '__Internal' ('(null)').
D/Mono    ( 9897): Searching for '_monodroid_gc_wait_for_bridge_processing'.
D/Mono    ( 9897): Probing '_monodroid_gc_wait_for_bridge_processing'.
D/Mono    ( 9897): Found as '_monodroid_gc_wait_for_bridge_processing'.
D/Mono    ( 9897): DllImport searching in: '__Internal' ('(null)').
D/Mono    ( 9897): Searching for 'java_interop_jnienv_register_natives'.
D/Mono    ( 9897): Probing 'java_interop_jnienv_register_natives'.
D/Mono    ( 9897): Found as 'java_interop_jnienv_register_natives'.
D/Mono    ( 9897): DllImport searching in: '__Internal' ('(null)').
D/Mono    ( 9897): Searching for 'java_interop_jnienv_call_nonvirtual_void_method_a'.
D/Mono    ( 9897): Probing 'java_interop_jnienv_call_nonvirtual_void_method_a'.
D/Mono    ( 9897): Found as 'java_interop_jnienv_call_nonvirtual_void_method_a'.
D/audio_hw_primary(  358): disable_audio_route: reset and update mixer path: low-latency-playback speaker
D/audio_hw_primary(  358): disable_snd_device: snd_device(2: speaker)
D/Mono    ( 9897): DllImport searching in: '__Internal' ('(null)').
D/Mono    ( 9897): Searching for 'java_interop_jnienv_is_same_object'.
D/Mono    ( 9897): Probing 'java_interop_jnienv_is_same_object'.
D/Mono    ( 9897): Found as 'java_interop_jnienv_is_same_object'.
D/Mono    ( 9897): DllImport searching in: '__Internal' ('(null)').
D/Mono    ( 9897): Searching for 'java_interop_jnienv_call_static_void_method_a'.
D/Mono    ( 9897): Probing 'java_interop_jnienv_call_static_void_method_a'.
D/Mono    ( 9897): Found as 'java_interop_jnienv_call_static_void_method_a'.
D/Mono    ( 9897): Assembly Ref addref AppsFlyerXamarinBindingAndroid[0xb4ae8280] -> mscorlib[0xb4ae8160]: 12
D/Mono    ( 9897): Assembly Ref addref AppsFlyerXamarinBindingAndroid[0xb4ae8280] -> Mono.Android[0xb4b74160]: 2
D/Mono    ( 9897): Assembly Ref addref HockeySDK[0xb4ae82e0] -> mscorlib[0xb4ae8160]: 13
D/Mono    ( 9897): Assembly Ref addref HockeySDK[0xb4ae82e0] -> Mono.Android[0xb4b74160]: 3
D/Mono    ( 9897): Assembly Ref addref Xamarin.GooglePlayServices.Analytics[0xb4ae87c0] -> mscorlib[0xb4ae8160]: 14
D/Mono    ( 9897): Assembly Ref addref Xamarin.GooglePlayServices.Analytics[0xb4ae87c0] -> Mono.Android[0xb4b74160]: 4
D/Mono    ( 9897): Assembly Ref addref Xamarin.GooglePlayServices.Base[0xb4ae8820] -> mscorlib[0xb4ae8160]: 15
D/Mono    ( 9897): Assembly Ref addref Xamarin.GooglePlayServices.Base[0xb4ae8820] -> Mono.Android[0xb4b74160]: 5
D/Mono    ( 9897): Assembly Ref addref Xamarin.GooglePlayServices.Basement[0xb4ae8880] -> mscorlib[0xb4ae8160]: 16
D/Mono    ( 9897): Assembly Ref addref Xamarin.GooglePlayServices.Basement[0xb4ae8880] -> Mono.Android[0xb4b74160]: 6
D/Mono    ( 9897): Assembly Ref addref FloatingActionButton-Xamarin[0xb4ae8a00] -> mscorlib[0xb4ae8160]: 17
D/Mono    ( 9897): Assembly Ref addref FloatingActionButton-Xamarin[0xb4ae8a00] -> Mono.Android[0xb4b74160]: 7
D/Mono    ( 9897): Assembly Ref addref Xamarin.Android.Support.v4[0xb4ae8a60] -> mscorlib[0xb4ae8160]: 18
D/Mono    ( 9897): Assembly Ref addref Xamarin.Android.Support.v4[0xb4ae8a60] -> Mono.Android[0xb4b74160]: 8
D/Mono    ( 9897): Assembly Ref addref Xamarin.Android.Support.v7.RecyclerView[0xb4ae8ac0] -> mscorlib[0xb4ae8160]: 19
D/Mono    ( 9897): Assembly Ref addref Xamarin.Android.Support.v7.RecyclerView[0xb4ae8ac0] -> Mono.Android[0xb4b74160]: 9
D/Mono    ( 9897): Assembly Ref addref Xamarin.Android.Support.Vector.Drawable[0xb4ae8b20] -> mscorlib[0xb4ae8160]: 20
D/Mono    ( 9897): Assembly Ref addref Xamarin.Android.Support.Vector.Drawable[0xb4ae8b20] -> Mono.Android[0xb4b74160]: 10
D/Mono    ( 9897): Assembly Ref addref Xamarin.Android.Support.Animated.Vector.Drawable[0xb4ae8b80] -> mscorlib[0xb4ae8160]: 21
D/Mono    ( 9897): Assembly Ref addref Xamarin.Android.Support.Animated.Vector.Drawable[0xb4ae8b80] -> Mono.Android[0xb4b74160]: 11
D/Mono    ( 9897): Assembly Ref addref Xamarin.Android.Support.v7.AppCompat[0xb4ae8be0] -> mscorlib[0xb4ae8160]: 22
D/Mono    ( 9897): Assembly Ref addref Xamarin.Android.Support.v7.AppCompat[0xb4ae8be0] -> Mono.Android[0xb4b74160]: 12
D/Mono    ( 9897): Assembly Ref addref Xamarin.Android.Support.Design[0xb4ae8c40] -> mscorlib[0xb4ae8160]: 23
D/Mono    ( 9897): Assembly Ref addref Xamarin.Android.Support.Design[0xb4ae8c40] -> Mono.Android[0xb4b74160]: 13
D/Mono    ( 9897): Assembly Ref addref Xamarin.Android.Support.v7.CardView[0xb4ae8ca0] -> mscorlib[0xb4ae8160]: 24
D/Mono    ( 9897): Assembly Ref addref Xamarin.Android.Support.v7.CardView[0xb4ae8ca0] -> Mono.Android[0xb4b74160]: 14
D/Mono    ( 9897): Assembly Ref addref FlexboxLayoutXamarinBindingAndroid[0xb4b74040] -> mscorlib[0xb4ae8160]: 25
D/Mono    ( 9897): Assembly Ref addref FlexboxLayoutXamarinBindingAndroid[0xb4b74040] -> Mono.Android[0xb4b74160]: 15
D/Mono    ( 9897): Assembly Ref addref CareerBuilder_Search.Droid[0xb4ae8220] -> Mono.Android[0xb4b74160]: 16
D/Mono    ( 9897): Assembly Ref addref CareerBuilder_Search.Droid[0xb4ae8220] -> mscorlib[0xb4ae8160]: 26
D/Mono    ( 9897): Image addref Mono.Android.Export[0xb4b74dc0] -> Mono.Android.Export.dll[0xb4b7ce00]: 2
D/Mono    ( 9897): Prepared to set up assembly 'Mono.Android.Export' (Mono.Android.Export.dll)
D/Mono    ( 9897): Assembly Mono.Android.Export[0xb4b74dc0] added to domain RootDomain, ref_count=1
D/Mono    ( 9897): AOT module 'Mono.Android.Export.dll.so' not found: dlopen failed: library "/data/app/com.careerbuilder.SugarDrone-1/lib/arm/libaot-Mono.Android.Export.dll.so" not found
D/Mono    ( 9897): AOT module '/Users/builder/data/lanes/4009/f3074d2c/source/monodroid/builds/install/mono-armv6/lib/mono/aot-cache/arm/Mono.Android.Export.dll.so' not found: dlopen failed: library "/data/app/com.careerbuilder.SugarDrone-1/lib/arm/libaot-Mono.Android.Export.dll.so" not found
D/Mono    ( 9897): Config attempting to parse: 'Mono.Android.Export.dll.config'.
D/Mono    ( 9897): Config attempting to parse: '/Users/builder/data/lanes/4009/f3074d2c/source/monodroid/builds/install/mono-armv6/etc/mono/assemblies/Mono.Android.Export/Mono.Android.Export.config'.
D/Mono    ( 9897): Assembly Ref addref Mono.Android.Export[0xb4b74dc0] -> mscorlib[0xb4ae8160]: 27
D/Mono    ( 9897): Assembly Ref addref Mono.Android.Export[0xb4b74dc0] -> Mono.Android[0xb4b74160]: 17
D/Mono    ( 9897): Image addref System.Xml[0xb4b74ac0] -> System.Xml.dll[0xb4b7dd00]: 2
D/Mono    ( 9897): Prepared to set up assembly 'System.Xml' (System.Xml.dll)
D/Mono    ( 9897): Assembly System.Xml[0xb4b74ac0] added to domain RootDomain, ref_count=1
D/Mono    ( 9897): AOT module 'System.Xml.dll.so' not found: dlopen failed: library "/data/app/com.careerbuilder.SugarDrone-1/lib/arm/libaot-System.Xml.dll.so" not found
D/Mono    ( 9897): AOT module '/Users/builder/data/lanes/4009/f3074d2c/source/monodroid/builds/install/mono-armv6/lib/mono/aot-cache/arm/System.Xml.dll.so' not found: dlopen failed: library "/data/app/com.careerbuilder.SugarDrone-1/lib/arm/libaot-System.Xml.dll.so" not found
D/Mono    ( 9897): Config attempting to parse: 'System.Xml.dll.config'.
D/Mono    ( 9897): Config attempting to parse: '/Users/builder/data/lanes/4009/f3074d2c/source/monodroid/builds/install/mono-armv6/etc/mono/assemblies/System.Xml/System.Xml.config'.
D/Mono    ( 9897): Assembly Ref addref Mono.Android.Export[0xb4b74dc0] -> System.Xml[0xb4b74ac0]: 2
D/Mono    ( 9897): Assembly Ref addref System.Xml[0xb4b74ac0] -> mscorlib[0xb4ae8160]: 28
D/Mono    ( 9897): Assembly Ref addref Mono.Android[0xb4b74160] -> System.Xml[0xb4b74ac0]: 3
W/ip      ( 9947): type=1400 audit(0.0:23): avc: denied { search } for name="net" dev="dm-0" ino=1081351 scontext=u:r:shell:s0 tcontext=u:object_r:net_data_file:s0 tclass=dir permissive=0
D/Mono    ( 9897): Assembly Ref addref Mono.Android.Export[0xb4b74dc0] -> System.Core[0xb4b74760]: 4
D/Mono    ( 9897): Image addref System.Net.Http[0xb4b74fa0] -> System.Net.Http.dll[0xb4b80500]: 2
D/Mono    ( 9897): Prepared to set up assembly 'System.Net.Http' (System.Net.Http.dll)
D/Mono    ( 9897): Assembly System.Net.Http[0xb4b74fa0] added to domain RootDomain, ref_count=1
D/Mono    ( 9897): AOT module 'System.Net.Http.dll.so' not found: dlopen failed: library "/data/app/com.careerbuilder.SugarDrone-1/lib/arm/libaot-System.Net.Http.dll.so" not found
D/Mono    ( 9897): AOT module '/Users/builder/data/lanes/4009/f3074d2c/source/monodroid/builds/install/mono-armv6/lib/mono/aot-cache/arm/System.Net.Http.dll.so' not found: dlopen failed: library "/data/app/com.careerbuilder.SugarDrone-1/lib/arm/libaot-System.Net.Http.dll.so" not found
D/Mono    ( 9897): Config attempting to parse: 'System.Net.Http.dll.config'.
D/Mono    ( 9897): Config attempting to parse: '/Users/builder/data/lanes/4009/f3074d2c/source/monodroid/builds/install/mono-armv6/etc/mono/assemblies/System.Net.Http/System.Net.Http.config'.
D/Mono    ( 9897): Assembly Ref addref CareerBuilder_Search.Droid[0xb4ae8220] -> System.Net.Http[0xb4b74fa0]: 2
D/Mono    ( 9897): Assembly Ref addref System.Net.Http[0xb4b74fa0] -> mscorlib[0xb4ae8160]: 29
E/WifiStateMachine(  819): WifiStateMachine CMD_START_SCAN source -2 txSuccessRate=4.25 rxSuccessRate=3.15 targetRoamBSSID=any RSSI=-51
E/WifiStateMachine(  819): WifiStateMachine starting scan for "xtc-ag"WPA_PSK with 5240,2437,5180
I/ThermalEngine(  366): ACTION: GPU - Setting GPU[0] to 389000000
I/ThermalEngine(  366): Mitigation:GPU[0]:389000000 Hz
I/ThermalEngine(  366): ACTION: CPU - Setting CPU[0] to 1728000
I/ThermalEngine(  366): ACTION: CPU - Setting CPU[1] to 1728000
I/ThermalEngine(  366): ACTION: CPU - Setting CPU[2] to 1728000
I/ThermalEngine(  366): ACTION: CPU - Setting CPU[3] to 1728000
I/art     ( 9897): Explicit concurrent mark sweep GC freed 24(14KB) AllocSpace objects, 0(0B) LOS objects, 25% free, 22MB/29MB, paused 305us total 17.661ms
I/art     ( 9897): Explicit concurrent mark sweep GC freed 11(344B) AllocSpace objects, 0(0B) LOS objects, 25% free, 22MB/29MB, paused 377us total 16.570ms
I/art     ( 9897): Explicit concurrent mark sweep GC freed 3(96B) AllocSpace objects, 0(0B) LOS objects, 25% free, 22MB/29MB, paused 365us total 14.991ms
I/art     ( 9897): Explicit concurrent mark sweep GC freed 3(96B) AllocSpace objects, 0(0B) LOS objects, 25% free, 22MB/29MB, paused 304us total 13.550ms
I/art     ( 9897): Explicit concurrent mark sweep GC freed 3(96B) AllocSpace objects, 0(0B) LOS objects, 25% free, 22MB/29MB, paused 311us total 13.597ms
I/ThermalEngine(  366): ACTION: GPU - Setting GPU[0] to 500000000
I/ThermalEngine(  366): Mitigation:GPU[0]:500000000 Hz
I/ThermalEngine(  366): ACTION: CPU - Setting CPU[0] to 1958400
I/ThermalEngine(  366): ACTION: CPU - Setting CPU[1] to 1958400
I/ThermalEngine(  366): ACTION: CPU - Setting CPU[2] to 1958400
I/ThermalEngine(  366): ACTION: CPU - Setting CPU[3] to 1958400
I/ThermalEngine(  366): ACTION: GPU - Setting GPU[0] to 600000000
I/ThermalEngine(  366): Mitigation:GPU[0]:600000000 Hz
I/ThermalEngine(  366): ACTION: CPU - Setting CPU[0] to 2265600
I/ThermalEngine(  366): ACTION: CPU - Setting CPU[1] to 2265600
I/ThermalEngine(  366): ACTION: CPU - Setting CPU[2] to 2265600
I/ThermalEngine(  366): ACTION: CPU - Setting CPU[3] to 2265600
I/art     ( 9897): Explicit concurrent mark sweep GC freed 19(1656B) AllocSpace objects, 0(0B) LOS objects, 24% free, 22MB/29MB, paused 262us total 12.410ms
I/art     ( 9897): Explicit concurrent mark sweep GC freed 3(96B) AllocSpace objects, 0(0B) LOS objects, 24% free, 22MB/29MB, paused 278us total 12.404ms
I/art     ( 9897): Explicit concurrent mark sweep GC freed 3(96B) AllocSpace objects, 0(0B) LOS objects, 24% free, 22MB/29MB, paused 250us total 10.807ms
I/art     ( 9897): Explicit concurrent mark sweep GC freed 3(96B) AllocSpace objects, 0(0B) LOS objects, 24% free, 22MB/29MB, paused 240us total 10.469ms
I/art     ( 9897): Explicit concurrent mark sweep GC freed 3(96B) AllocSpace objects, 0(0B) LOS objects, 24% free, 22MB/29MB, paused 237us total 11.090ms
I/ThermalEngine(  366): ACTION: CPU - Setting CPU[0] to 2457600
I/ThermalEngine(  366): ACTION: CPU - Setting CPU[1] to 2457600
I/ThermalEngine(  366): ACTION: CPU - Setting CPU[2] to 2457600
I/ThermalEngine(  366): ACTION: CPU - Setting CPU[3] to 2457600
I/ThermalEngine(  366): ACTION: CPU - Setting CPU[0] to 2496000
I/ThermalEngine(  366): ACTION: CPU - Setting CPU[1] to 2496000
I/ThermalEngine(  366): ACTION: CPU - Setting CPU[2] to 2496000
I/ThermalEngine(  366): ACTION: CPU - Setting CPU[3] to 2496000
I/art     ( 9897): Explicit concurrent mark sweep GC freed 19(1656B) AllocSpace objects, 0(0B) LOS objects, 24% free, 22MB/29MB, paused 282us total 20.872ms
I/art     ( 9897): Explicit concurrent mark sweep GC freed 3(96B) AllocSpace objects, 0(0B) LOS objects, 24% free, 22MB/29MB, paused 447us total 17.435ms
I/art     ( 9897): Explicit concurrent mark sweep GC freed 3(96B) AllocSpace objects, 0(0B) LOS objects, 24% free, 22MB/29MB, paused 362us total 17.019ms
I/art     ( 9897): Explicit concurrent mark sweep GC freed 3(96B) AllocSpace objects, 0(0B) LOS objects, 24% free, 22MB/29MB, paused 223us total 10.739ms
I/art     ( 9897): Explicit concurrent mark sweep GC freed 3(96B) AllocSpace objects, 0(0B) LOS objects, 24% free, 22MB/29MB, paused 274us total 11.436ms
I/ThermalEngine(  366): ACTION: CPU - Setting CPU[0] to 2572800
I/ThermalEngine(  366): ACTION: CPU - Setting CPU[1] to 2572800
I/ThermalEngine(  366): ACTION: CPU - Setting CPU[2] to 2572800
I/ThermalEngine(  366): ACTION: CPU - Setting CPU[3] to 2572800
I/art     ( 9897): Explicit concurrent mark sweep GC freed 19(1656B) AllocSpace objects, 0(0B) LOS objects, 24% free, 22MB/29MB, paused 227us total 9.687ms
I/art     ( 9897): Explicit concurrent mark sweep GC freed 3(96B) AllocSpace objects, 0(0B) LOS objects, 24% free, 22MB/29MB, paused 233us total 10.796ms
I/art     ( 9897): Explicit concurrent mark sweep GC freed 3(96B) AllocSpace objects, 0(0B) LOS objects, 24% free, 22MB/29MB, paused 233us total 9.817ms
I/art     ( 9897): Explicit concurrent mark sweep GC freed 3(96B) AllocSpace objects, 0(0B) LOS objects, 24% free, 22MB/29MB, paused 235us total 12.446ms
I/art     ( 9897): Explicit concurrent mark sweep GC freed 3(96B) AllocSpace objects, 0(0B) LOS objects, 24% free, 22MB/29MB, paused 280us total 10.618ms
I/ThermalEngine(  366): ACTION: CPU - Setting CPU[0] to 2649600
I/ThermalEngine(  366): ACTION: CPU - Setting CPU[1] to 2649600
I/ThermalEngine(  366): ACTION: CPU - Setting CPU[2] to 2649600
I/ThermalEngine(  366): ACTION: CPU - Setting CPU[3] to 2649600
E/WifiStateMachine(  819): WifiStateMachine CMD_START_SCAN source -2 txSuccessRate=0.01 rxSuccessRate=0.01 targetRoamBSSID=any RSSI=-52

]]><xtc-duration value="178.58056779999998"/></xtc-step><!-- name: "undefined", id: "undefined" --><![CDATA[
I/art     ( 9897): Explicit concurrent mark sweep GC freed 19(1656B) AllocSpace objects, 0(0B) LOS objects, 24% free, 22MB/29MB, paused 488us total 11.556ms
I/art     ( 9897): Explicit concurrent mark sweep GC freed 3(96B) AllocSpace objects, 0(0B) LOS objects, 24% free, 22MB/29MB, paused 287us total 9.959ms
I/art     ( 9897): Explicit concurrent mark sweep GC freed 3(96B) AllocSpace objects, 0(0B) LOS objects, 24% free, 22MB/29MB, paused 214us total 9.453ms
I/art     ( 9897): Explicit concurrent mark sweep GC freed 3(96B) AllocSpace objects, 0(0B) LOS objects, 24% free, 22MB/29MB, paused 213us total 9.533ms
I/art     ( 9897): Explicit concurrent mark sweep GC freed 3(96B) AllocSpace objects, 0(0B) LOS objects, 24% free, 22MB/29MB, paused 219us total 9.856ms

]]><xtc-step name="[0-1139]CareerBuilder_Search.DroidFeatureTests.ApplyTests.TextScreenerMaxShowsWhenPressingApplyAndMaxCharsExceeded-0-NA-FinalScreenShot" id="[0-1139]CareerBuilder_Search.DroidFeatureTests.ApplyTests.TextScreenerMaxShowsWhenPressingApplyAndMaxCharsExceeded-0-NA-FinalScreenShot"><![CDATA[

]]><xtc-duration value="1.3016583"/></xtc-step><!-- name: "undefined", id: "undefined" --><![CDATA[

]]><xtc-duration value="186.59455509999998" skip="false"/></xtc-scenario><!-- name: "undefined", id: "undefined" --><![CDATA[
I/art     ( 9897): Explicit concurrent mark sweep GC freed 19(1656B) AllocSpace objects, 0(0B) LOS objects, 24% free, 22MB/29MB, paused 211us total 9.314ms
I/art     ( 9897): Explicit concurrent mark sweep GC freed 3(96B) AllocSpace objects, 0(0B) LOS objects, 24% free, 22MB/29MB, paused 236us total 10.174ms
I/art     ( 9897): Explicit concurrent mark sweep GC freed 3(96B) AllocSpace objects, 0(0B) LOS objects, 24% free, 22MB/29MB, paused 212us total 9.889ms
I/art     ( 9897): Explicit concurrent mark sweep GC freed 3(96B) AllocSpace objects, 0(0B) LOS objects, 24% free, 22MB/29MB, paused 215us total 9.717ms
I/art     ( 9897): Explicit concurrent mark sweep GC freed 3(96B) AllocSpace objects, 0(0B) LOS objects, 24% free, 22MB/29MB, paused 210us total 9.828ms
I/art     ( 9897): Explicit concurrent mark sweep GC freed 19(1656B) AllocSpace objects, 0(0B) LOS objects, 24% free, 22MB/29MB, paused 454us total 38.721ms
I/art     ( 9897): Explicit concurrent mark sweep GC freed 3(96B) AllocSpace objects, 0(0B) LOS objects, 24% free, 22MB/29MB, paused 246us total 10.391ms
I/art     ( 9897): Explicit concurrent mark sweep GC freed 3(96B) AllocSpace objects, 0(0B) LOS objects, 24% free, 22MB/29MB, paused 215us total 9.457ms
I/art     ( 9897): Explicit concurrent mark sweep GC freed 3(96B) AllocSpace objects, 0(0B) LOS objects, 24% free, 22MB/29MB, paused 224us total 10.216ms
I/art     ( 9897): Explicit concurrent mark sweep GC freed 3(96B) AllocSpace objects, 0(0B) LOS objects, 24% free, 22MB/29MB, paused 228us total 10.269ms
I/art     ( 9897): Explicit concurrent mark sweep GC freed 19(1656B) AllocSpace objects, 0(0B) LOS objects, 24% free, 22MB/29MB, paused 373us total 28.676ms
I/art     ( 9897): Explicit concurrent mark sweep GC freed 3(96B) AllocSpace objects, 0(0B) LOS objects, 24% free, 22MB/29MB, paused 265us total 13.599ms
I/art     ( 9897): Explicit concurrent mark sweep GC freed 3(96B) AllocSpace objects, 0(0B) LOS objects, 24% free, 22MB/29MB, paused 233us total 11.212ms
I/art     ( 9897): Explicit concurrent mark sweep GC freed 3(96B) AllocSpace objects, 0(0B) LOS objects, 24% free, 22MB/29MB, paused 227us total 10.375ms
I/art     ( 9897): Explicit concurrent mark sweep GC freed 3(96B) AllocSpace objects, 0(0B) LOS objects, 24% free, 22MB/29MB, paused 227us total 10.230ms
E/WifiStateMachine(  819): WifiStateMachine CMD_START_SCAN source -2 txSuccessRate=0.00 rxSuccessRate=0.00 targetRoamBSSID=any RSSI=-51
E/WifiStateMachine(  819): WifiStateMachine starting scan for "xtc-ag"WPA_PSK with 5240,2437,5180
I/art     ( 9897): Explicit concurrent mark sweep GC freed 19(1656B) AllocSpace objects, 0(0B) LOS objects, 24% free, 22MB/29MB, paused 267us total 13.563ms
I/art     ( 9897): Explicit concurrent mark sweep GC freed 3(96B) AllocSpace objects, 0(0B) LOS objects, 24% free, 22MB/29MB, paused 223us total 9.557ms
I/art     ( 9897): Explicit concurrent mark sweep GC freed 3(96B) AllocSpace objects, 0(0B) LOS objects, 24% free, 22MB/29MB, paused 221us total 9.656ms
I/art     ( 9897): Explicit concurrent mark sweep GC freed 3(96B) AllocSpace objects, 0(0B) LOS objects, 24% free, 22MB/29MB, paused 223us total 9.693ms
I/art     ( 9897): Explicit concurrent mark sweep GC freed 3(96B) AllocSpace objects, 0(0B) LOS objects, 24% free, 22MB/29MB, paused 229us total 10.244ms
I/art     ( 9897): Explicit concurrent mark sweep GC freed 19(1656B) AllocSpace objects, 0(0B) LOS objects, 24% free, 22MB/29MB, paused 268us total 15.647ms
I/art     ( 9897): Explicit concurrent mark sweep GC freed 3(96B) AllocSpace objects, 0(0B) LOS objects, 24% free, 22MB/29MB, paused 362us total 17.408ms
I/art     ( 9897): Explicit concurrent mark sweep GC freed 3(96B) AllocSpace objects, 0(0B) LOS objects, 24% free, 22MB/29MB, paused 228us total 10.998ms
I/art     ( 9897): Explicit concurrent mark sweep GC freed 3(96B) AllocSpace objects, 0(0B) LOS objects, 24% free, 22MB/29MB, paused 221us total 10.695ms
I/art     ( 9897): Explicit concurrent mark sweep GC freed 3(96B) AllocSpace objects, 0(0B) LOS objects, 24% free, 22MB/29MB, paused 227us total 9.878ms
