I/art     ( 8370): Explicit concurrent mark sweep GC freed 299941(10MB) AllocSpace objects, 19(572KB) LOS objects, 26% free, 44MB/60MB, paused 1.754ms total 90.231ms
I/art     ( 8370): Explicit concurrent mark sweep GC freed 9636(379KB) AllocSpace objects, 0(0B) LOS objects, 26% free, 43MB/59MB, paused 1.258ms total 37.366ms
I/art     ( 8370): Explicit concurrent mark sweep GC freed 2431(102KB) AllocSpace objects, 0(0B) LOS objects, 26% free, 43MB/59MB, paused 1.653ms total 35.575ms
W/ResourceType( 8370): No known package when getting name for resource number 0xffffffff
W/ResourceType( 8370): No known package when getting name for resource number 0xffffffff
W/ResourceType( 8370): No known package when getting name for resource number 0xffffffff
W/ResourceType( 8370): No known package when getting name for resource number 0xffffffff
I/art     ( 8370): Explicit concurrent mark sweep GC freed 1259(72KB) AllocSpace objects, 0(0B) LOS objects, 26% free, 43MB/59MB, paused 1.663ms total 37.655ms
W/ResourceType( 8370): No known package when getting name for resource number 0xffffffff
W/ResourceType( 8370): No known package when getting name for resource number 0xffffffff
W/ResourceType( 8370): No known package when getting name for resource number 0xffffffff
W/ResourceType( 8370): No known package when getting name for resource number 0xffffffff
W/ResourceType( 8370): No known package when getting name for resource number 0xffffffff
W/ResourceType( 8370): No known package when getting name for resource number 0xffffffff
W/ResourceType( 8370): No known package when getting name for resource number 0xffffffff
W/ResourceType( 8370): No known package when getting name for resource number 0xffffffff
W/ResourceType( 8370): No known package when getting name for resource number 0xffffffff
W/ResourceType( 8370): No known package when getting name for resource number 0xffffffff
W/ResourceType( 8370): No known package when getting name for resource number 0xffffffff
W/ResourceType( 8370): No known package when getting name for resource number 0xffffffff
W/ResourceType( 8370): No known package when getting name for resource number 0xffffffff
I/art     ( 8370): Explicit concurrent mark sweep GC freed 1185(50KB) AllocSpace objects, 0(0B) LOS objects, 26% free, 43MB/59MB, paused 1.564ms total 35.022ms
W/ResourceType( 8370): No known package when getting name for resource number 0xffffffff
W/ResourceType( 8370): No known package when getting name for resource number 0xffffffff
W/ResourceType( 8370): No known package when getting name for resource number 0xffffffff
W/ResourceType( 8370): No known package when getting name for resource number 0xffffffff
W/ResourceType( 8370): No known package when getting name for resource number 0xffffffff
W/ResourceType( 8370): No known package when getting name for resource number 0xffffffff
W/ResourceType( 8370): No known package when getting name for resource number 0xffffffff
W/ResourceType( 8370): No known package when getting name for resource number 0xffffffff
W/ResourceType( 8370): No known package when getting name for resource number 0xffffffff
W/ResourceType( 8370): No known package when getting name for resource number 0xffffffff
W/ResourceType( 8370): No known package when getting name for resource number 0xffffffff
W/ResourceType( 8370): No known package when getting name for resource number 0xffffffff
W/ResourceType( 8370): No known package when getting name for resource number 0xffffffff
W/ResourceType( 8370): No known package when getting name for resource number 0xffffffff
W/ResourceType( 8370): No known package when getting name for resource number 0xffffffff
W/ResourceType( 8370): No known package when getting name for resource number 0xffffffff
W/ResourceType( 8370): No known package when getting name for resource number 0xffffffff
W/ResourceType( 8370): No known package when getting name for resource number 0xffffffff
W/ResourceType( 8370): No known package when getting name for resource number 0xffffffff
W/ResourceType( 8370): No known package when getting name for resource number 0xffffffff
W/ResourceType( 8370): No known package when getting name for resource number 0xffffffff
W/ResourceType( 8370): No known package when getting name for resource number 0xffffffff
W/ResourceType( 8370): No known package when getting name for resource number 0xffffffff
W/ResourceType( 8370): No known package when getting name for resource number 0xffffffff
W/ResourceType( 8370): No known package when getting name for resource number 0xffffffff
W/ResourceType( 8370): No known package when getting name for resource number 0xffffffff
W/ResourceType( 8370): No known package when getting name for resource number 0xffffffff
W/ResourceType( 8370): No known package when getting name for resource number 0xffffffff
W/ResourceType( 8370): No known package when getting name for resource number 0xffffffff
W/ResourceType( 8370): No known package when getting name for resource number 0xffffffff
W/ResourceType( 8370): No known package when getting name for resource number 0xffffffff
W/ResourceType( 8370): No known package when getting name for resource number 0xffffffff
W/ResourceType( 8370): No known package when getting name for resource number 0xffffffff
W/ResourceType( 8370): No known package when getting name for resource number 0xffffffff
W/ResourceType( 8370): No known package when getting name for resource number 0xffffffff
W/ResourceType( 8370): No known package when getting name for resource number 0xffffffff
W/ResourceType( 8370): No known package when getting name for resource number 0xffffffff
W/ResourceType( 8370): No known package when getting name for resource number 0xffffffff
W/ResourceType( 8370): No known package when getting name for resource number 0xffffffff
W/ResourceType( 8370): No known package when getting name for resource number 0xffffffff
W/ResourceType( 8370): No known package when getting name for resource number 0xffffffff
W/ResourceType( 8370): No known package when getting name for resource number 0xffffffff
W/ResourceType( 8370): No known package when getting name for resource number 0xffffffff
W/ResourceType( 8370): No known package when getting name for resource number 0xffffffff
W/ResourceType( 8370): No known package when getting name for resource number 0xffffffff
W/ResourceType( 8370): No known package when getting name for resource number 0xffffffff
W/ResourceType( 8370): No known package when getting name for resource number 0xffffffff
W/ResourceType( 8370): No known package when getting name for resource number 0xffffffff
W/ResourceType( 8370): No known package when getting name for resource number 0xffffffff
W/ResourceType( 8370): No known package when getting name for resource number 0xffffffff
W/ResourceType( 8370): No known package when getting name for resource number 0xffffffff
W/ResourceType( 8370): No known package when getting name for resource number 0xffffffff
W/ResourceType( 8370): No known package when getting name for resource number 0xffffffff
W/ResourceType( 8370): No known package when getting name for resource number 0xffffffff
W/ResourceType( 8370): No known package when getting name for resource number 0xffffffff
W/ResourceType( 8370): No known package when getting name for resource number 0xffffffff
I/Choreographer( 8370): Skipped 48 frames!  The application may be doing too much work on its main thread.
I/ThermalEngine(  367): ACTION: CPU - Setting CPU[0] to 1497600
I/ThermalEngine(  367): ACTION: CPU - Setting CPU[1] to 1497600
I/ThermalEngine(  367): ACTION: CPU - Setting CPU[2] to 1497600
I/ThermalEngine(  367): ACTION: CPU - Setting CPU[3] to 1497600
I/System.out( 8370): URI: /
I/System.out( 8370): params: {json={"command":"drag_coordinates","arguments":[720.0,1674.4,720.0,717.6]}
I/System.out( 8370): }
I/System.out( 8370): header: {content-length=69, host=devicehost46.prod, x-session-token=token-token-376548fc-6596-4535-b4f9-8b93b845cf64, x-forwarded-for=10.222.150.19, content-type=application/json; charset=utf-8, connection=close}
I/System.out( 8370): params: {json={"command":"drag_coordinates","arguments":[720.0,1674.4,720.0,717.6]}
I/System.out( 8370): }
I/System.out( 8370): ProP json = {"command":"drag_coordinates","arguments":[720.0,1674.4,720.0,717.6]}
I/System.out( 8370): files: {}
I/System.out( 8370): command: {"command":"drag_coordinates","arguments":[720.0,1674.4,720.0,717.6]}
I/InstrumentationBackend( 8370): Got command:'Command:'Line:null,drag_coordinates', arguments:'[720.0, 1674.4, 720.0, 717.6]'
I/System.out( 8370): result:{"bonusInformation":[],"message":"","success":true}
I/mono-stdout( 8370): uri is: https://api.careerbuilder.com/consumer/jobs/search/?Keywords=&Location=&UseFacets=true&PageNumber=2&ExcludeNational=true&DeveloperKey=WDHR8FC6P2JZ1Y61KLM5
I/mono-stdout( 8370): making api call to: /consumer/jobs/search/?Keywords=&Location=&UseFacets=true&PageNumber=2&ExcludeNational=true&DeveloperKey=WDHR8FC6P2JZ1Y61KLM5
I/System.out( 8370): URI: /map
I/System.out( 8370): params: {json={"query":"* marked:'Job 2'","operation":{"method_name":"query","arguments":[]}}
I/System.out( 8370): }
W/ResourceType( 8370): No known package when getting name for resource number 0xffffffff
W/ResourceType( 8370): No known package when getting name for resource number 0xffffffff
W/ResourceType( 8370): No known package when getting name for resource number 0xffffffff
W/ResourceType( 8370): No known package when getting name for resource number 0xffffffff
W/ResourceType( 8370): No known package when getting name for resource number 0xffffffff
W/ResourceType( 8370): No known package when getting name for resource number 0xffffffff
W/ResourceType( 8370): No known package when getting name for resource number 0xffffffff
W/ResourceType( 8370): No known package when getting name for resource number 0xffffffff
W/ResourceType( 8370): No known package when getting name for resource number 0xffffffff
W/ResourceType( 8370): No known package when getting name for resource number 0xffffffff
W/ResourceType( 8370): No known package when getting name for resource number 0xffffffff
W/ResourceType( 8370): No known package when getting name for resource number 0xffffffff
W/ResourceType( 8370): No known package when getting name for resource number 0xffffffff
W/ResourceType( 8370): No known package when getting name for resource number 0xffffffff
W/ResourceType( 8370): No known package when getting name for resource number 0xffffffff
W/ResourceType( 8370): No known package when getting name for resource number 0xffffffff
W/ResourceType( 8370): No known package when getting name for resource number 0xffffffff
W/ResourceType( 8370): No known package when getting name for resource number 0xffffffff
W/ResourceType( 8370): No known package when getting name for resource number 0xffffffff
W/ResourceType( 8370): No known package when getting name for resource number 0xffffffff
W/ResourceType( 8370): No known package when getting name for resource number 0xffffffff
W/ResourceType( 8370): No known package when getting name for resource number 0xffffffff
W/ResourceType( 8370): No known package when getting name for resource number 0xffffffff
W/ResourceType( 8370): No known package when getting name for resource number 0xffffffff
W/ResourceType( 8370): No known package when getting name for resource number 0xffffffff
D/Mono    ( 8370): [0x9cb67800] worker finishing
W/ResourceType( 8370): No known package when getting name for resource number 0xffffffff
W/ResourceType( 8370): No known package when getting name for resource number 0xffffffff
W/ResourceType( 8370): No known package when getting name for resource number 0xffffffff
I/mono-stdout( 8370): done making call to: /consumer/jobs/search/?Keywords=&Location=&UseFacets=true&PageNumber=2&ExcludeNational=true&DeveloperKey=WDHR8FC6P2JZ1Y61KLM5
I/mono-stdout( 8370): uri is: https://api.careerbuilder.com/consumer/saved-jobs/?DeveloperKey=WDHR8FC6P2JZ1Y61KLM5
I/mono-stdout( 8370): making api call to: /consumer/saved-jobs/?DeveloperKey=WDHR8FC6P2JZ1Y61KLM5
I/mono-stdout( 8370): Method: GET, RequestUri: 'https://api.careerbuilder.com/consumer/saved-jobs/?DeveloperKey=WDHR8FC6P2JZ1Y61KLM5', Version: 1.1, Content: <null>, Headers:

I/mono-stdout( 8370): {

I/mono-stdout( 8370): DeveloperKey: WDHR8FC6P2JZ1Y61KLM5

I/mono-stdout( 8370): Accept: application/json

I/mono-stdout( 8370): Authorization: Bearer test

I/mono-stdout( 8370): HostSite: US

I/mono-stdout( 8370): }
I/mono-stdout( 8370): Current State = 1,2,6,7
I/mono-stdout( 8370): applied jobs = 6
I/mono-stdout( 8370): expired jobs = 7
I/mono-stdout( 8370): saved jobs = Saved,Saved,Applied,Saved
W/ResourceType( 8370): No known package when getting name for resource number 0xffffffff
W/ResourceType( 8370): No known package when getting name for resource number 0xffffffff
W/ResourceType( 8370): No known package when getting name for resource number 0xffffffff
W/ResourceType( 8370): No known package when getting name for resource number 0xffffffff
W/ResourceType( 8370): No known package when getting name for resource number 0xffffffff
W/ResourceType( 8370): No known package when getting name for resource number 0xffffffff
W/ResourceType( 8370): No known package when getting name for resource number 0xffffffff
W/ResourceType( 8370): No known package when getting name for resource number 0xffffffff
W/ResourceType( 8370): No known package when getting name for resource number 0xffffffff
W/ResourceType( 8370): No known package when getting name for resource number 0xffffffff
W/ResourceType( 8370): No known package when getting name for resource number 0xffffffff
W/ResourceType( 8370): No known package when getting name for resource number 0xffffffff
W/ResourceType( 8370): No known package when getting name for resource number 0xffffffff
W/ResourceType( 8370): No known package when getting name for resource number 0xffffffff
W/ResourceType( 8370): No known package when getting name for resource number 0xffffffff
W/ResourceType( 8370): No known package when getting name for resource number 0xffffffff
W/ResourceType( 8370): No known package when getting name for resource number 0xffffffff
W/ResourceType( 8370): No known package when getting name for resource number 0xffffffff
W/ResourceType( 8370): No known package when getting name for resource number 0xffffffff
W/ResourceType( 8370): No known package when getting name for resource number 0xffffffff
W/ResourceType( 8370): No known package when getting name for resource number 0xffffffff
W/ResourceType( 8370): No known package when getting name for resource number 0xffffffff
W/ResourceType( 8370): No known package when getting name for resource number 0xffffffff
W/ResourceType( 8370): No known package when getting name for resource number 0xffffffff
W/ResourceType( 8370): No known package when getting name for resource number 0xffffffff
W/ResourceType( 8370): No known package when getting name for resource number 0xffffffff
W/ResourceType( 8370): No known package when getting name for resource number 0xffffffff
W/ResourceType( 8370): No known package when getting name for resource number 0xffffffff
W/ResourceType( 8370): No known package when getting name for resource number 0xffffffff
W/ResourceType( 8370): No known package when getting name for resource number 0xffffffff
W/ResourceType( 8370): No known package when getting name for resource number 0xffffffff
W/ResourceType( 8370): No known package when getting name for resource number 0xffffffff
W/ResourceType( 8370): No known package when getting name for resource number 0xffffffff
W/ResourceType( 8370): No known package when getting name for resource number 0xffffffff
W/ResourceType( 8370): No known package when getting name for resource number 0xffffffff
I/mono-stdout( 8370): done making call to: /consumer/saved-jobs/?DeveloperKey=WDHR8FC6P2JZ1Y61KLM5
W/ResourceType( 8370): No known package when getting name for resource number 0xffffffff
W/ResourceType( 8370): No known package when getting name for resource number 0xffffffff
W/ResourceType( 8370): No known package when getting name for resource number 0xffffffff
W/ResourceType( 8370): No known package when getting name for resource number 0xffffffff
W/ResourceType( 8370): No known package when getting name for resource number 0xffffffff
W/ResourceType( 8370): No known package when getting name for resource number 0xffffffff
W/ResourceType( 8370): No known package when getting name for resource number 0xffffffff
W/ResourceType( 8370): No known package when getting name for resource number 0xffffffff
W/ResourceType( 8370): No known package when getting name for resource number 0xffffffff
W/ResourceType( 8370): No known package when getting name for resource number 0xffffffff
I/Choreographer( 8370): Skipped 52 frames!  The application may be doing too much work on its main thread.
E/RecyclerView( 8370): No adapter attached; skipping layout
I/System.out( 8370): URI: /
I/System.out( 8370): params: {json={"command":"drag_coordinates","arguments":[720.0,1674.4,720.0,717.6]}
I/System.out( 8370): }
I/System.out( 8370): header: {content-length=69, host=devicehost46.prod, x-session-token=token-token-376548fc-6596-4535-b4f9-8b93b845cf64, x-forwarded-for=10.222.150.19, content-type=application/json; charset=utf-8, connection=close}
I/System.out( 8370): params: {json={"command":"drag_coordinates","arguments":[720.0,1674.4,720.0,717.6]}
I/System.out( 8370): }
I/System.out( 8370): ProP json = {"command":"drag_coordinates","arguments":[720.0,1674.4,720.0,717.6]}
I/System.out( 8370): files: {}
I/System.out( 8370): command: {"command":"drag_coordinates","arguments":[720.0,1674.4,720.0,717.6]}
I/InstrumentationBackend( 8370): Got command:'Command:'Line:null,drag_coordinates', arguments:'[720.0, 1674.4, 720.0, 717.6]'
I/ThermalEngine(  367): ACTION: GPU - Setting GPU[0] to 389000000
I/ThermalEngine(  367): Mitigation:GPU[0]:389000000 Hz
I/ThermalEngine(  367): ACTION: CPU - Setting CPU[0] to 1574400
I/ThermalEngine(  367): ACTION: CPU - Setting CPU[1] to 1574400
I/ThermalEngine(  367): ACTION: CPU - Setting CPU[2] to 1574400
I/ThermalEngine(  367): ACTION: CPU - Setting CPU[3] to 1574400
I/System.out( 8370): result:{"bonusInformation":[],"message":"","success":true}
I/System.out( 8370): URI: /map
I/System.out( 8370): params: {json={"query":"* marked:'Job 2'","operation":{"method_name":"query","arguments":[]}}
I/System.out( 8370): }
W/ResourceType( 8370): No known package when getting name for resource number 0xffffffff
W/ResourceType( 8370): No known package when getting name for resource number 0xffffffff
W/ResourceType( 8370): No known package when getting name for resource number 0xffffffff
W/ResourceType( 8370): No known package when getting name for resource number 0xffffffff
W/ResourceType( 8370): No known package when getting name for resource number 0xffffffff
W/ResourceType( 8370): No known package when getting name for resource number 0xffffffff
W/ResourceType( 8370): No known package when getting name for resource number 0xffffffff
W/ResourceType( 8370): No known package when getting name for resource number 0xffffffff
W/ResourceType( 8370): No known package when getting name for resource number 0xffffffff
W/ResourceType( 8370): No known package when getting name for resource number 0xffffffff
W/ResourceType( 8370): No known package when getting name for resource number 0xffffffff
I/art     ( 8370): Explicit concurrent mark sweep GC freed 163832(6MB) AllocSpace objects, 14(224KB) LOS objects, 26% free, 44MB/60MB, paused 1.816ms total 61.386ms
W/ResourceType( 8370): No known package when getting name for resource number 0xffffffff
W/ResourceType( 8370): No known package when getting name for resource number 0xffffffff
W/ResourceType( 8370): No known package when getting name for resource number 0xffffffff
W/ResourceType( 8370): No known package when getting name for resource number 0xffffffff
W/ResourceType( 8370): No known package when getting name for resource number 0xffffffff
W/ResourceType( 8370): No known package when getting name for resource number 0xffffffff
W/ResourceType( 8370): No known package when getting name for resource number 0xffffffff
I/art     ( 8370): Explicit concurrent mark sweep GC freed 2441(111KB) AllocSpace objects, 0(0B) LOS objects, 26% free, 44MB/60MB, paused 2.819ms total 46.050ms
W/ResourceType( 8370): No known package when getting name for resource number 0xffffffff
W/ResourceType( 8370): No known package when getting name for resource number 0xffffffff
W/ResourceType( 8370): No known package when getting name for resource number 0xffffffff
W/ResourceType( 8370): No known package when getting name for resource number 0xffffffff
W/ResourceType( 8370): No known package when getting name for resource number 0xffffffff
W/ResourceType( 8370): No known package when getting name for resource number 0xffffffff
W/ResourceType( 8370): No known package when getting name for resource number 0xffffffff
W/ResourceType( 8370): No known package when getting name for resource number 0xffffffff
I/art     ( 8370): Explicit concurrent mark sweep GC freed 1055(44KB) AllocSpace objects, 0(0B) LOS objects, 26% free, 44MB/60MB, paused 1.939ms total 36.735ms
W/ResourceType( 8370): No known package when getting name for resource number 0xffffffff
W/ResourceType( 8370): No known package when getting name for resource number 0xffffffff
W/ResourceType( 8370): No known package when getting name for resource number 0xffffffff
W/ResourceType( 8370): No known package when getting name for resource number 0xffffffff
W/ResourceType( 8370): No known package when getting name for resource number 0xffffffff
W/ResourceType( 8370): No known package when getting name for resource number 0xffffffff
W/ResourceType( 8370): No known package when getting name for resource number 0xffffffff
W/ResourceType( 8370): No known package when getting name for resource number 0xffffffff
I/art     ( 8370): Explicit concurrent mark sweep GC freed 1306(54KB) AllocSpace objects, 0(0B) LOS objects, 26% free, 44MB/60MB, paused 1.749ms total 37.959ms
W/ResourceType( 8370): No known package when getting name for resource number 0xffffffff
W/ResourceType( 8370): No known package when getting name for resource number 0xffffffff
W/ResourceType( 8370): No known package when getting name for resource number 0xffffffff
W/ResourceType( 8370): No known package when getting name for resource number 0xffffffff
W/ResourceType( 8370): No known package when getting name for resource number 0xffffffff
W/ResourceType( 8370): No known package when getting name for resource number 0xffffffff
W/ResourceType( 8370): No known package when getting name for resource number 0xffffffff
I/art     ( 8370): Explicit concurrent mark sweep GC freed 1252(50KB) AllocSpace objects, 0(0B) LOS objects, 26% free, 44MB/60MB, paused 2.469ms total 52.081ms
W/ResourceType( 8370): No known package when getting name for resource number 0xffffffff
W/ResourceType( 8370): No known package when getting name for resource number 0xffffffff
W/ResourceType( 8370): No known package when getting name for resource number 0xffffffff
W/ResourceType( 8370): No known package when getting name for resource number 0xffffffff
W/ResourceType( 8370): No known package when getting name for resource number 0xffffffff
W/ResourceType( 8370): No known package when getting name for resource number 0xffffffff
W/ResourceType( 8370): No known package when getting name for resource number 0xffffffff
W/ResourceType( 8370): No known package when getting name for resource number 0xffffffff
W/ResourceType( 8370): No known package when getting name for resource number 0xffffffff
W/ResourceType( 8370): No known package when getting name for resource number 0xffffffff
W/ResourceType( 8370): No known package when getting name for resource number 0xffffffff
W/ResourceType( 8370): No known package when getting name for resource number 0xffffffff
W/ResourceType( 8370): No known package when getting name for resource number 0xffffffff
W/ResourceType( 8370): No known package when getting name for resource number 0xffffffff
W/ResourceType( 8370): No known package when getting name for resource number 0xffffffff
W/ResourceType( 8370): No known package when getting name for resource number 0xffffffff
W/ResourceType( 8370): No known package when getting name for resource number 0xffffffff
W/ResourceType( 8370): No known package when getting name for resource number 0xffffffff
W/ResourceType( 8370): No known package when getting name for resource number 0xffffffff
W/ResourceType( 8370): No known package when getting name for resource number 0xffffffff
W/ResourceType( 8370): No known package when getting name for resource number 0xffffffff
W/ResourceType( 8370): No known package when getting name for resource number 0xffffffff
W/ResourceType( 8370): No known package when getting name for resource number 0xffffffff
W/ResourceType( 8370): No known package when getting name for resource number 0xffffffff
W/ResourceType( 8370): No known package when getting name for resource number 0xffffffff
W/ResourceType( 8370): No known package when getting name for resource number 0xffffffff
W/ResourceType( 8370): No known package when getting name for resource number 0xffffffff
W/ResourceType( 8370): No known package when getting name for resource number 0xffffffff
W/ResourceType( 8370): No known package when getting name for resource number 0xffffffff
W/ResourceType( 8370): No known package when getting name for resource number 0xffffffff
W/ResourceType( 8370): No known package when getting name for resource number 0xffffffff
W/ResourceType( 8370): No known package when getting name for resource number 0xffffffff
I/System.out( 8370): URI: /
I/System.out( 8370): params: {json={"command":"drag_coordinates","arguments":[720.0,1674.4,720.0,717.6]}
I/System.out( 8370): }
I/System.out( 8370): header: {content-length=69, host=devicehost46.prod, x-session-token=token-token-376548fc-6596-4535-b4f9-8b93b845cf64, x-forwarded-for=10.222.150.19, content-type=application/json; charset=utf-8, connection=close}
I/System.out( 8370): params: {json={"command":"drag_coordinates","arguments":[720.0,1674.4,720.0,717.6]}
I/System.out( 8370): }
I/System.out( 8370): ProP json = {"command":"drag_coordinates","arguments":[720.0,1674.4,720.0,717.6]}
I/System.out( 8370): files: {}
I/System.out( 8370): command: {"command":"drag_coordinates","arguments":[720.0,1674.4,720.0,717.6]}
I/InstrumentationBackend( 8370): Got command:'Command:'Line:null,drag_coordinates', arguments:'[720.0, 1674.4, 720.0, 717.6]'
I/ThermalEngine(  367): ACTION: GPU - Setting GPU[0] to 500000000
I/ThermalEngine(  367): Mitigation:GPU[0]:500000000 Hz
I/ThermalEngine(  367): ACTION: CPU - Setting CPU[0] to 1728000
I/ThermalEngine(  367): ACTION: CPU - Setting CPU[1] to 1728000
I/ThermalEngine(  367): ACTION: CPU - Setting CPU[2] to 1728000
I/ThermalEngine(  367): ACTION: CPU - Setting CPU[3] to 1728000
I/System.out( 8370): result:{"bonusInformation":[],"message":"","success":true}
I/System.out( 8370): URI: /map
I/System.out( 8370): params: {json={"query":"* marked:'Job 2'","operation":{"method_name":"query","arguments":[]}}
I/System.out( 8370): }
W/ResourceType( 8370): No known package when getting name for resource number 0xffffffff
W/ResourceType( 8370): No known package when getting name for resource number 0xffffffff
W/ResourceType( 8370): No known package when getting name for resource number 0xffffffff
W/ResourceType( 8370): No known package when getting name for resource number 0xffffffff
W/ResourceType( 8370): No known package when getting name for resource number 0xffffffff
W/ResourceType( 8370): No known package when getting name for resource number 0xffffffff
W/ResourceType( 8370): No known package when getting name for resource number 0xffffffff
W/ResourceType( 8370): No known package when getting name for resource number 0xffffffff
W/ResourceType( 8370): No known package when getting name for resource number 0xffffffff
W/ResourceType( 8370): No known package when getting name for resource number 0xffffffff
W/ResourceType( 8370): No known package when getting name for resource number 0xffffffff
W/ResourceType( 8370): No known package when getting name for resource number 0xffffffff
W/ResourceType( 8370): No known package when getting name for resource number 0xffffffff
W/ResourceType( 8370): No known package when getting name for resource number 0xffffffff
W/ResourceType( 8370): No known package when getting name for resource number 0xffffffff
W/ResourceType( 8370): No known package when getting name for resource number 0xffffffff
W/ResourceType( 8370): No known package when getting name for resource number 0xffffffff
W/ResourceType( 8370): No known package when getting name for resource number 0xffffffff
W/ResourceType( 8370): No known package when getting name for resource number 0xffffffff
W/ResourceType( 8370): No known package when getting name for resource number 0xffffffff
W/ResourceType( 8370): No known package when getting name for resource number 0xffffffff
W/ResourceType( 8370): No known package when getting name for resource number 0xffffffff
W/ResourceType( 8370): No known package when getting name for resource number 0xffffffff
W/ResourceType( 8370): No known package when getting name for resource number 0xffffffff
W/ResourceType( 8370): No known package when getting name for resource number 0xffffffff
W/ResourceType( 8370): No known package when getting name for resource number 0xffffffff
W/ResourceType( 8370): No known package when getting name for resource number 0xffffffff
W/ResourceType( 8370): No known package when getting name for resource number 0xffffffff
W/ResourceType( 8370): No known package when getting name for resource number 0xffffffff
W/ResourceType( 8370): No known package when getting name for resource number 0xffffffff
W/ResourceType( 8370): No known package when getting name for resource number 0xffffffff
W/ResourceType( 8370): No known package when getting name for resource number 0xffffffff
W/ResourceType( 8370): No known package when getting name for resource number 0xffffffff
W/ResourceType( 8370): No known package when getting name for resource number 0xffffffff
W/ResourceType( 8370): No known package when getting name for resource number 0xffffffff
W/ResourceType( 8370): No known package when getting name for resource number 0xffffffff
W/ResourceType( 8370): No known package when getting name for resource number 0xffffffff
W/ResourceType( 8370): No known package when getting name for resource number 0xffffffff
W/ResourceType( 8370): No known package when getting name for resource number 0xffffffff
W/ResourceType( 8370): No known package when getting name for resource number 0xffffffff
W/ResourceType( 8370): No known package when getting name for resource number 0xffffffff
W/ResourceType( 8370): No known package when getting name for resource number 0xffffffff
W/ResourceType( 8370): No known package when getting name for resource number 0xffffffff
W/ResourceType( 8370): No known package when getting name for resource number 0xffffffff
W/ResourceType( 8370): No known package when getting name for resource number 0xffffffff
W/ResourceType( 8370): No known package when getting name for resource number 0xffffffff
W/ResourceType( 8370): No known package when getting name for resource number 0xffffffff
W/ResourceType( 8370): No known package when getting name for resource number 0xffffffff
W/ResourceType( 8370): No known package when getting name for resource number 0xffffffff
W/ResourceType( 8370): No known package when getting name for resource number 0xffffffff
W/ResourceType( 8370): No known package when getting name for resource number 0xffffffff
W/ResourceType( 8370): No known package when getting name for resource number 0xffffffff
W/ResourceType( 8370): No known package when getting name for resource number 0xffffffff
W/ResourceType( 8370): No known package when getting name for resource number 0xffffffff
W/ResourceType( 8370): No known package when getting name for resource number 0xffffffff
W/ResourceType( 8370): No known package when getting name for resource number 0xffffffff
W/ResourceType( 8370): No known package when getting name for resource number 0xffffffff
W/ResourceType( 8370): No known package when getting name for resource number 0xffffffff
W/ResourceType( 8370): No known package when getting name for resource number 0xffffffff
W/ResourceType( 8370): No known package when getting name for resource number 0xffffffff
W/ResourceType( 8370): No known package when getting name for resource number 0xffffffff
W/ResourceType( 8370): No known package when getting name for resource number 0xffffffff
W/ResourceType( 8370): No known package when getting name for resource number 0xffffffff
W/ResourceType( 8370): No known package when getting name for resource number 0xffffffff
W/ResourceType( 8370): No known package when getting name for resource number 0xffffffff
W/ResourceType( 8370): No known package when getting name for resource number 0xffffffff
W/ResourceType( 8370): No known package when getting name for resource number 0xffffffff
W/ResourceType( 8370): No known package when getting name for resource number 0xffffffff
W/ResourceType( 8370): No known package when getting name for resource number 0xffffffff
W/ResourceType( 8370): No known package when getting name for resource number 0xffffffff
W/ResourceType( 8370): No known package when getting name for resource number 0xffffffff
W/ResourceType( 8370): No known package when getting name for resource number 0xffffffff
W/ResourceType( 8370): No known package when getting name for resource number 0xffffffff
I/Choreographer( 8370): Skipped 40 frames!  The application may be doing too much work on its main thread.
I/System.out( 8370): URI: /map
I/System.out( 8370): params: {json={"query":"* marked:'Job 2'","operation":{"method_name":"query","arguments":[]}}
I/System.out( 8370): }
W/ResourceType( 8370): No known package when getting name for resource number 0xffffffff
W/ResourceType( 8370): No known package when getting name for resource number 0xffffffff
W/ResourceType( 8370): No known package when getting name for resource number 0xffffffff
W/ResourceType( 8370): No known package when getting name for resource number 0xffffffff
W/ResourceType( 8370): No known package when getting name for resource number 0xffffffff
W/ResourceType( 8370): No known package when getting name for resource number 0xffffffff
W/ResourceType( 8370): No known package when getting name for resource number 0xffffffff
W/ResourceType( 8370): No known package when getting name for resource number 0xffffffff
W/ResourceType( 8370): No known package when getting name for resource number 0xffffffff
W/ResourceType( 8370): No known package when getting name for resource number 0xffffffff
W/ResourceType( 8370): No known package when getting name for resource number 0xffffffff
W/ResourceType( 8370): No known package when getting name for resource number 0xffffffff
W/ResourceType( 8370): No known package when getting name for resource number 0xffffffff
W/ResourceType( 8370): No known package when getting name for resource number 0xffffffff
W/ResourceType( 8370): No known package when getting name for resource number 0xffffffff
W/ResourceType( 8370): No known package when getting name for resource number 0xffffffff
W/ResourceType( 8370): No known package when getting name for resource number 0xffffffff
W/ResourceType( 8370): No known package when getting name for resource number 0xffffffff
W/ResourceType( 8370): No known package when getting name for resource number 0xffffffff
W/ResourceType( 8370): No known package when getting name for resource number 0xffffffff
W/ResourceType( 8370): No known package when getting name for resource number 0xffffffff
W/ResourceType( 8370): No known package when getting name for resource number 0xffffffff
W/ResourceType( 8370): No known package when getting name for resource number 0xffffffff
W/ResourceType( 8370): No known package when getting name for resource number 0xffffffff
W/ResourceType( 8370): No known package when getting name for resource number 0xffffffff
W/ResourceType( 8370): No known package when getting name for resource number 0xffffffff
W/ResourceType( 8370): No known package when getting name for resource number 0xffffffff
W/ResourceType( 8370): No known package when getting name for resource number 0xffffffff
W/ResourceType( 8370): No known package when getting name for resource number 0xffffffff
W/ResourceType( 8370): No known package when getting name for resource number 0xffffffff
W/ResourceType( 8370): No known package when getting name for resource number 0xffffffff
W/ResourceType( 8370): No known package when getting name for resource number 0xffffffff
W/ResourceType( 8370): No known package when getting name for resource number 0xffffffff
W/ResourceType( 8370): No known package when getting name for resource number 0xffffffff
W/ResourceType( 8370): No known package when getting name for resource number 0xffffffff
W/ResourceType( 8370): No known package when getting name for resource number 0xffffffff
W/ResourceType( 8370): No known package when getting name for resource number 0xffffffff
W/ResourceType( 8370): No known package when getting name for resource number 0xffffffff
W/ResourceType( 8370): No known package when getting name for resource number 0xffffffff
W/ResourceType( 8370): No known package when getting name for resource number 0xffffffff
W/ResourceType( 8370): No known package when getting name for resource number 0xffffffff
W/ResourceType( 8370): No known package when getting name for resource number 0xffffffff
W/ResourceType( 8370): No known package when getting name for resource number 0xffffffff
W/ResourceType( 8370): No known package when getting name for resource number 0xffffffff
W/ResourceType( 8370): No known package when getting name for resource number 0xffffffff
W/ResourceType( 8370): No known package when getting name for resource number 0xffffffff
W/ResourceType( 8370): No known package when getting name for resource number 0xffffffff
W/ResourceType( 8370): No known package when getting name for resource number 0xffffffff
W/ResourceType( 8370): No known package when getting name for resource number 0xffffffff
W/ResourceType( 8370): No known package when getting name for resource number 0xffffffff
W/ResourceType( 8370): No known package when getting name for resource number 0xffffffff
W/ResourceType( 8370): No known package when getting name for resource number 0xffffffff
W/ResourceType( 8370): No known package when getting name for resource number 0xffffffff
W/ResourceType( 8370): No known package when getting name for resource number 0xffffffff
W/ResourceType( 8370): No known package when getting name for resource number 0xffffffff
W/ResourceType( 8370): No known package when getting name for resource number 0xffffffff
W/ResourceType( 8370): No known package when getting name for resource number 0xffffffff
W/ResourceType( 8370): No known package when getting name for resource number 0xffffffff
W/ResourceType( 8370): No known package when getting name for resource number 0xffffffff
W/ResourceType( 8370): No known package when getting name for resource number 0xffffffff
W/ResourceType( 8370): No known package when getting name for resource number 0xffffffff
W/ResourceType( 8370): No known package when getting name for resource number 0xffffffff
W/ResourceType( 8370): No known package when getting name for resource number 0xffffffff
W/ResourceType( 8370): No known package when getting name for resource number 0xffffffff
W/ResourceType( 8370): No known package when getting name for resource number 0xffffffff
W/ResourceType( 8370): No known package when getting name for resource number 0xffffffff
W/ResourceType( 8370): No known package when getting name for resource number 0xffffffff
W/ResourceType( 8370): No known package when getting name for resource number 0xffffffff
W/ResourceType( 8370): No known package when getting name for resource number 0xffffffff
W/ResourceType( 8370): No known package when getting name for resource number 0xffffffff
W/ResourceType( 8370): No known package when getting name for resource number 0xffffffff
W/ResourceType( 8370): No known package when getting name for resource number 0xffffffff
W/ResourceType( 8370): No known package when getting name for resource number 0xffffffff
I/System.out( 8370): URI: /map
I/System.out( 8370): params: {json={"query":"* marked:'Job 2'","operation":{"method_name":"query","arguments":[]}}
I/System.out( 8370): }
I/ThermalEngine(  367): ACTION: GPU - Setting GPU[0] to 600000000
I/ThermalEngine(  367): Mitigation:GPU[0]:600000000 Hz
I/ThermalEngine(  367): ACTION: CPU - Setting CPU[0] to 1958400
I/ThermalEngine(  367): ACTION: CPU - Setting CPU[1] to 1958400
I/ThermalEngine(  367): ACTION: CPU - Setting CPU[2] to 1958400
I/ThermalEngine(  367): ACTION: CPU - Setting CPU[3] to 1958400
W/ResourceType( 8370): No known package when getting name for resource number 0xffffffff
W/ResourceType( 8370): No known package when getting name for resource number 0xffffffff
W/ResourceType( 8370): No known package when getting name for resource number 0xffffffff
W/ResourceType( 8370): No known package when getting name for resource number 0xffffffff
W/ResourceType( 8370): No known package when getting name for resource number 0xffffffff
W/ResourceType( 8370): No known package when getting name for resource number 0xffffffff
W/ResourceType( 8370): No known package when getting name for resource number 0xffffffff
W/ResourceType( 8370): No known package when getting name for resource number 0xffffffff
W/ResourceType( 8370): No known package when getting name for resource number 0xffffffff
W/ResourceType( 8370): No known package when getting name for resource number 0xffffffff
W/ResourceType( 8370): No known package when getting name for resource number 0xffffffff
W/ResourceType( 8370): No known package when getting name for resource number 0xffffffff
W/ResourceType( 8370): No known package when getting name for resource number 0xffffffff
W/ResourceType( 8370): No known package when getting name for resource number 0xffffffff
W/ResourceType( 8370): No known package when getting name for resource number 0xffffffff
W/ResourceType( 8370): No known package when getting name for resource number 0xffffffff
W/ResourceType( 8370): No known package when getting name for resource number 0xffffffff
W/ResourceType( 8370): No known package when getting name for resource number 0xffffffff
W/ResourceType( 8370): No known package when getting name for resource number 0xffffffff
W/ResourceType( 8370): No known package when getting name for resource number 0xffffffff
W/ResourceType( 8370): No known package when getting name for resource number 0xffffffff
W/ResourceType( 8370): No known package when getting name for resource number 0xffffffff
W/ResourceType( 8370): No known package when getting name for resource number 0xffffffff
W/ResourceType( 8370): No known package when getting name for resource number 0xffffffff
W/ResourceType( 8370): No known package when getting name for resource number 0xffffffff
W/ResourceType( 8370): No known package when getting name for resource number 0xffffffff
W/ResourceType( 8370): No known package when getting name for resource number 0xffffffff
W/ResourceType( 8370): No known package when getting name for resource number 0xffffffff
W/ResourceType( 8370): No known package when getting name for resource number 0xffffffff
W/ResourceType( 8370): No known package when getting name for resource number 0xffffffff
W/ResourceType( 8370): No known package when getting name for resource number 0xffffffff
W/ResourceType( 8370): No known package when getting name for resource number 0xffffffff
W/ResourceType( 8370): No known package when getting name for resource number 0xffffffff
W/ResourceType( 8370): No known package when getting name for resource number 0xffffffff
W/ResourceType( 8370): No known package when getting name for resource number 0xffffffff
W/ResourceType( 8370): No known package when getting name for resource number 0xffffffff
W/ResourceType( 8370): No known package when getting name for resource number 0xffffffff
W/ResourceType( 8370): No known package when getting name for resource number 0xffffffff
W/ResourceType( 8370): No known package when getting name for resource number 0xffffffff
W/ResourceType( 8370): No known package when getting name for resource number 0xffffffff
W/ResourceType( 8370): No known package when getting name for resource number 0xffffffff
W/ResourceType( 8370): No known package when getting name for resource number 0xffffffff
W/ResourceType( 8370): No known package when getting name for resource number 0xffffffff
W/ResourceType( 8370): No known package when getting name for resource number 0xffffffff
W/ResourceType( 8370): No known package when getting name for resource number 0xffffffff
W/ResourceType( 8370): No known package when getting name for resource number 0xffffffff
W/ResourceType( 8370): No known package when getting name for resource number 0xffffffff
W/ResourceType( 8370): No known package when getting name for resource number 0xffffffff
W/ResourceType( 8370): No known package when getting name for resource number 0xffffffff
W/ResourceType( 8370): No known package when getting name for resource number 0xffffffff
W/ResourceType( 8370): No known package when getting name for resource number 0xffffffff
W/ResourceType( 8370): No known package when getting name for resource number 0xffffffff
W/ResourceType( 8370): No known package when getting name for resource number 0xffffffff
W/ResourceType( 8370): No known package when getting name for resource number 0xffffffff
W/ResourceType( 8370): No known package when getting name for resource number 0xffffffff
W/ResourceType( 8370): No known package when getting name for resource number 0xffffffff
W/ResourceType( 8370): No known package when getting name for resource number 0xffffffff
W/ResourceType( 8370): No known package when getting name for resource number 0xffffffff
W/ResourceType( 8370): No known package when getting name for resource number 0xffffffff
W/ResourceType( 8370): No known package when getting name for resource number 0xffffffff
W/ResourceType( 8370): No known package when getting name for resource number 0xffffffff
W/ResourceType( 8370): No known package when getting name for resource number 0xffffffff
W/ResourceType( 8370): No known package when getting name for resource number 0xffffffff
W/ResourceType( 8370): No known package when getting name for resource number 0xffffffff
W/ResourceType( 8370): No known package when getting name for resource number 0xffffffff
W/ResourceType( 8370): No known package when getting name for resource number 0xffffffff
W/ResourceType( 8370): No known package when getting name for resource number 0xffffffff
W/ResourceType( 8370): No known package when getting name for resource number 0xffffffff
W/ResourceType( 8370): No known package when getting name for resource number 0xffffffff
W/ResourceType( 8370): No known package when getting name for resource number 0xffffffff
W/ResourceType( 8370): No known package when getting name for resource number 0xffffffff
W/ResourceType( 8370): No known package when getting name for resource number 0xffffffff
W/ResourceType( 8370): No known package when getting name for resource number 0xffffffff
I/art     ( 8370): Explicit concurrent mark sweep GC freed 266262(10MB) AllocSpace objects, 15(240KB) LOS objects, 26% free, 44MB/60MB, paused 1.367ms total 58.949ms
I/art     ( 8370): Explicit concurrent mark sweep GC freed 249(10KB) AllocSpace objects, 0(0B) LOS objects, 26% free, 44MB/60MB, paused 1.193ms total 33.482ms
I/art     ( 8370): Explicit concurrent mark sweep GC freed 10(576B) AllocSpace objects, 0(0B) LOS objects, 26% free, 44MB/60MB, paused 1.294ms total 29.785ms
I/System.out( 8370): URI: /
I/System.out( 8370): params: {json={"command":"touch_coordinate","arguments":[683.0,1566.0]}
I/System.out( 8370): }
I/System.out( 8370): header: {content-length=57, host=devicehost46.prod, x-session-token=token-token-376548fc-6596-4535-b4f9-8b93b845cf64, x-forwarded-for=10.222.150.19, content-type=application/json; charset=utf-8, connection=close}
I/System.out( 8370): params: {json={"command":"touch_coordinate","arguments":[683.0,1566.0]}
I/System.out( 8370): }
I/System.out( 8370): ProP json = {"command":"touch_coordinate","arguments":[683.0,1566.0]}
I/System.out( 8370): files: {}
I/System.out( 8370): command: {"command":"touch_coordinate","arguments":[683.0,1566.0]}
I/InstrumentationBackend( 8370): Got command:'Command:'Line:null,touch_coordinate', arguments:'[683.0, 1566.0]'
I/art     ( 8370): Explicit concurrent mark sweep GC freed 1667(78KB) AllocSpace objects, 1(16KB) LOS objects, 26% free, 44MB/60MB, paused 1.417ms total 78.711ms
I/art     ( 8370): Explicit concurrent mark sweep GC freed 14(768B) AllocSpace objects, 0(0B) LOS objects, 26% free, 44MB/60MB, paused 1.341ms total 31.096ms
D/audio_hw_primary(  359): out_set_parameters: enter: usecase(1: low-latency-playback) kvpairs: routing=2
D/Mono    ( 8370): Assembly Ref addref CareerBuilder_Search.Droid[0xb4b11580] -> Xamarin.Android.Support.v7.CardView[0xb4b6d040]: 2
D/audio_hw_primary(  359): select_devices: out_snd_device(2: speaker) in_snd_device(0: none)
D/msm8974_platform(  359): platform_send_audio_calibration: sending audio calibration for snd_device(2) acdb_id(15)
E/ACDB-LOADER(  359): Error: ACDB AFE returned = -19
D/audio_hw_primary(  359): enable_snd_device: snd_device(2: speaker)
D/audio_hw_primary(  359): enable_audio_route: apply and update mixer path: low-latency-playback speaker
I/calabash( 8370): execStartActivity 4
