D/Mono    ( 9754): Config attempting to parse: '/Users/builder/data/lanes/4009/3a62f1ea/source/monodroid/builds/install/mono-armv6/etc/mono/assemblies/System.Core/System.Core.config'.
D/Mono    ( 9754): Assembly Ref addref System.Linq[0xe6620760] -> System.Core[0xe66208e0]: 2
D/Mono    ( 9754): Assembly Ref addref System.Core[0xe66208e0] -> mscorlib[0xe661f380]: 10
D/Mono    ( 9754): Image addref System.Reflection.Extensions[0xe6620a00] -> System.Reflection.Extensions.dll[0xd30bdf00]: 2
D/Mono    ( 9754): Prepared to set up assembly 'System.Reflection.Extensions' (System.Reflection.Extensions.dll)
D/Mono    ( 9754): Assembly System.Reflection.Extensions[0xe6620a00] added to domain RootDomain, ref_count=1
D/Mono    ( 9754): AOT module 'System.Reflection.Extensions.dll.so' not found: dlopen failed: library "/data/app/com.careerbuilder.SugarDrone-1/lib/arm/libaot-System.Reflection.Extensions.dll.so" not found
D/Mono    ( 9754): AOT module '/Users/builder/data/lanes/4009/3a62f1ea/source/monodroid/builds/install/mono-armv6/lib/mono/aot-cache/arm/System.Reflection.Extensions.dll.so' not found: dlopen failed: library "/data/app/com.careerbuilder.SugarDrone-1/lib/arm/libaot-System.Reflection.Extensions.dll.so" not found
D/Mono    ( 9754): Config attempting to parse: 'System.Reflection.Extensions.dll.config'.
D/Mono    ( 9754): Config attempting to parse: '/Users/builder/data/lanes/4009/3a62f1ea/source/monodroid/builds/install/mono-armv6/etc/mono/assemblies/System.Reflection.Extensions/System.Reflection.Extensions.config'.
D/Mono    ( 9754): Assembly Ref addref Java.Interop[0xe6620340] -> System.Reflection.Extensions[0xe6620a00]: 2
D/Mono    ( 9754): Assembly Ref addref System.Reflection.Extensions[0xe6620a00] -> mscorlib[0xe661f380]: 11
D/Mono    ( 9754): Assembly Ref addref Mono.Android[0xe66202e0] -> System.Core[0xe66208e0]: 3
D/Mono    ( 9754): DllImport searching in: '__Internal' ('(null)').
D/Mono    ( 9754): Searching for 'monodroid_typemap_managed_to_java'.
D/Mono    ( 9754): Probing 'monodroid_typemap_managed_to_java'.
D/Mono    ( 9754): Found as 'monodroid_typemap_managed_to_java'.
D/Mono    ( 9754): DllImport searching in: '__Internal' ('(null)').
D/Mono    ( 9754): Searching for 'java_interop_jnienv_alloc_object'.
D/Mono    ( 9754): Probing 'java_interop_jnienv_alloc_object'.
D/Mono    ( 9754): Found as 'java_interop_jnienv_alloc_object'.
D/Mono    ( 9754): DllImport searching in: '__Internal' ('(null)').
D/Mono    ( 9754): Searching for '_monodroid_gc_wait_for_bridge_processing'.
D/Mono    ( 9754): Probing '_monodroid_gc_wait_for_bridge_processing'.
D/Mono    ( 9754): Found as '_monodroid_gc_wait_for_bridge_processing'.
D/Mono    ( 9754): DllImport searching in: '__Internal' ('(null)').
D/Mono    ( 9754): Searching for 'java_interop_jnienv_register_natives'.
D/Mono    ( 9754): Probing 'java_interop_jnienv_register_natives'.
D/Mono    ( 9754): Found as 'java_interop_jnienv_register_natives'.
D/Mono    ( 9754): DllImport searching in: '__Internal' ('(null)').
D/Mono    ( 9754): Searching for 'java_interop_jnienv_call_nonvirtual_void_method_a'.
D/Mono    ( 9754): Probing 'java_interop_jnienv_call_nonvirtual_void_method_a'.
D/Mono    ( 9754): Found as 'java_interop_jnienv_call_nonvirtual_void_method_a'.
D/Mono    ( 9754): DllImport searching in: '__Internal' ('(null)').
D/Mono    ( 9754): Searching for 'java_interop_jnienv_is_same_object'.
D/Mono    ( 9754): Probing 'java_interop_jnienv_is_same_object'.
D/Mono    ( 9754): Found as 'java_interop_jnienv_is_same_object'.
D/Mono    ( 9754): DllImport searching in: '__Internal' ('(null)').
D/Mono    ( 9754): Searching for 'java_interop_jnienv_call_static_void_method_a'.
D/Mono    ( 9754): Probing 'java_interop_jnienv_call_static_void_method_a'.
D/Mono    ( 9754): Found as 'java_interop_jnienv_call_static_void_method_a'.
D/Mono    ( 9754): Assembly Ref addref AppsFlyerXamarinBindingAndroid[0xe661f440] -> mscorlib[0xe661f380]: 12
D/Mono    ( 9754): Assembly Ref addref AppsFlyerXamarinBindingAndroid[0xe661f440] -> Mono.Android[0xe66202e0]: 2
D/Mono    ( 9754): Assembly Ref addref HockeySDK[0xe661f4a0] -> mscorlib[0xe661f380]: 13
D/Mono    ( 9754): Assembly Ref addref HockeySDK[0xe661f4a0] -> Mono.Android[0xe66202e0]: 3
D/Mono    ( 9754): Assembly Ref addref Xamarin.GooglePlayServices.Analytics[0xe661f980] -> mscorlib[0xe661f380]: 14
D/Mono    ( 9754): Assembly Ref addref Xamarin.GooglePlayServices.Analytics[0xe661f980] -> Mono.Android[0xe66202e0]: 4
D/Mono    ( 9754): Assembly Ref addref Xamarin.GooglePlayServices.Base[0xe661f9e0] -> mscorlib[0xe661f380]: 15
D/Mono    ( 9754): Assembly Ref addref Xamarin.GooglePlayServices.Base[0xe661f9e0] -> Mono.Android[0xe66202e0]: 5
D/Mono    ( 9754): Assembly Ref addref Xamarin.GooglePlayServices.Basement[0xe661fa40] -> mscorlib[0xe661f380]: 16
D/Mono    ( 9754): Assembly Ref addref Xamarin.GooglePlayServices.Basement[0xe661fa40] -> Mono.Android[0xe66202e0]: 6
D/Mono    ( 9754): Assembly Ref addref FloatingActionButton-Xamarin[0xe661fbc0] -> mscorlib[0xe661f380]: 17
D/Mono    ( 9754): Assembly Ref addref FloatingActionButton-Xamarin[0xe661fbc0] -> Mono.Android[0xe66202e0]: 7
D/Mono    ( 9754): Assembly Ref addref Xamarin.Android.Support.v4[0xe661fc20] -> mscorlib[0xe661f380]: 18
D/Mono    ( 9754): Assembly Ref addref Xamarin.Android.Support.v4[0xe661fc20] -> Mono.Android[0xe66202e0]: 8
D/Mono    ( 9754): Assembly Ref addref Xamarin.Android.Support.v7.RecyclerView[0xe661fc80] -> mscorlib[0xe661f380]: 19
D/Mono    ( 9754): Assembly Ref addref Xamarin.Android.Support.v7.RecyclerView[0xe661fc80] -> Mono.Android[0xe66202e0]: 9
D/Mono    ( 9754): Assembly Ref addref Xamarin.Android.Support.Vector.Drawable[0xe661fce0] -> mscorlib[0xe661f380]: 20
D/Mono    ( 9754): Assembly Ref addref Xamarin.Android.Support.Vector.Drawable[0xe661fce0] -> Mono.Android[0xe66202e0]: 10
D/Mono    ( 9754): Assembly Ref addref Xamarin.Android.Support.Animated.Vector.Drawable[0xe661fd40] -> mscorlib[0xe661f380]: 21
D/Mono    ( 9754): Assembly Ref addref Xamarin.Android.Support.Animated.Vector.Drawable[0xe661fd40] -> Mono.Android[0xe66202e0]: 11
D/Mono    ( 9754): Assembly Ref addref Xamarin.Android.Support.v7.AppCompat[0xe661fda0] -> mscorlib[0xe661f380]: 22
D/Mono    ( 9754): Assembly Ref addref Xamarin.Android.Support.v7.AppCompat[0xe661fda0] -> Mono.Android[0xe66202e0]: 12
D/Mono    ( 9754): Assembly Ref addref Xamarin.Android.Support.Design[0xe661fe00] -> mscorlib[0xe661f380]: 23
D/Mono    ( 9754): Assembly Ref addref Xamarin.Android.Support.Design[0xe661fe00] -> Mono.Android[0xe66202e0]: 13
D/Mono    ( 9754): Assembly Ref addref Xamarin.Android.Support.v7.CardView[0xe661fe60] -> mscorlib[0xe661f380]: 24
D/Mono    ( 9754): Assembly Ref addref Xamarin.Android.Support.v7.CardView[0xe661fe60] -> Mono.Android[0xe66202e0]: 14
D/Mono    ( 9754): Assembly Ref addref FlexboxLayoutXamarinBindingAndroid[0xe66201c0] -> mscorlib[0xe661f380]: 25
D/Mono    ( 9754): Assembly Ref addref FlexboxLayoutXamarinBindingAndroid[0xe66201c0] -> Mono.Android[0xe66202e0]: 15
D/Mono    ( 9754): Assembly Ref addref CareerBuilder_Search.Droid[0xe661f3e0] -> Mono.Android[0xe66202e0]: 16
D/Mono    ( 9754): Assembly Ref addref CareerBuilder_Search.Droid[0xe661f3e0] -> mscorlib[0xe661f380]: 26
D/Mono    ( 9754): Image addref Mono.Android.Export[0xe6620f40] -> Mono.Android.Export.dll[0xd30bee00]: 2
D/Mono    ( 9754): Prepared to set up assembly 'Mono.Android.Export' (Mono.Android.Export.dll)
D/Mono    ( 9754): Assembly Mono.Android.Export[0xe6620f40] added to domain RootDomain, ref_count=1
D/Mono    ( 9754): AOT module 'Mono.Android.Export.dll.so' not found: dlopen failed: library "/data/app/com.careerbuilder.SugarDrone-1/lib/arm/libaot-Mono.Android.Export.dll.so" not found
D/Mono    ( 9754): AOT module '/Users/builder/data/lanes/4009/3a62f1ea/source/monodroid/builds/install/mono-armv6/lib/mono/aot-cache/arm/Mono.Android.Export.dll.so' not found: dlopen failed: library "/data/app/com.careerbuilder.SugarDrone-1/lib/arm/libaot-Mono.Android.Export.dll.so" not found
D/Mono    ( 9754): Config attempting to parse: 'Mono.Android.Export.dll.config'.
D/Mono    ( 9754): Config attempting to parse: '/Users/builder/data/lanes/4009/3a62f1ea/source/monodroid/builds/install/mono-armv6/etc/mono/assemblies/Mono.Android.Export/Mono.Android.Export.config'.
D/Mono    ( 9754): Assembly Ref addref Mono.Android.Export[0xe6620f40] -> mscorlib[0xe661f380]: 27
D/Mono    ( 9754): Assembly Ref addref Mono.Android.Export[0xe6620f40] -> Mono.Android[0xe66202e0]: 17
D/Mono    ( 9754): Image addref System.Xml[0xe6620e80] -> System.Xml.dll[0xd30bfd00]: 2
D/Mono    ( 9754): Prepared to set up assembly 'System.Xml' (System.Xml.dll)
D/Mono    ( 9754): Assembly System.Xml[0xe6620e80] added to domain RootDomain, ref_count=1
D/Mono    ( 9754): AOT module 'System.Xml.dll.so' not found: dlopen failed: library "/data/app/com.careerbuilder.SugarDrone-1/lib/arm/libaot-System.Xml.dll.so" not found
D/Mono    ( 9754): AOT module '/Users/builder/data/lanes/4009/3a62f1ea/source/monodroid/builds/install/mono-armv6/lib/mono/aot-cache/arm/System.Xml.dll.so' not found: dlopen failed: library "/data/app/com.careerbuilder.SugarDrone-1/lib/arm/libaot-System.Xml.dll.so" not found
D/Mono    ( 9754): Config attempting to parse: 'System.Xml.dll.config'.
D/Mono    ( 9754): Config attempting to parse: '/Users/builder/data/lanes/4009/3a62f1ea/source/monodroid/builds/install/mono-armv6/etc/mono/assemblies/System.Xml/System.Xml.config'.
D/Mono    ( 9754): Assembly Ref addref Mono.Android.Export[0xe6620f40] -> System.Xml[0xe6620e80]: 2
D/Mono    ( 9754): Assembly Ref addref System.Xml[0xe6620e80] -> mscorlib[0xe661f380]: 28
D/Mono    ( 9754): Assembly Ref addref Mono.Android[0xe66202e0] -> System.Xml[0xe6620e80]: 3
D/Mono    ( 9754): Assembly Ref addref Mono.Android.Export[0xe6620f40] -> System.Core[0xe66208e0]: 4
D/Mono    ( 9754): Image addref System.Net.Http[0xf2818560] -> System.Net.Http.dll[0xd2e66000]: 2
D/Mono    ( 9754): Prepared to set up assembly 'System.Net.Http' (System.Net.Http.dll)
D/Mono    ( 9754): Assembly System.Net.Http[0xf2818560] added to domain RootDomain, ref_count=1
D/Mono    ( 9754): AOT module 'System.Net.Http.dll.so' not found: dlopen failed: library "/data/app/com.careerbuilder.SugarDrone-1/lib/arm/libaot-System.Net.Http.dll.so" not found
D/Mono    ( 9754): AOT module '/Users/builder/data/lanes/4009/3a62f1ea/source/monodroid/builds/install/mono-armv6/lib/mono/aot-cache/arm/System.Net.Http.dll.so' not found: dlopen failed: library "/data/app/com.careerbuilder.SugarDrone-1/lib/arm/libaot-System.Net.Http.dll.so" not found
D/Mono    ( 9754): Config attempting to parse: 'System.Net.Http.dll.config'.
D/Mono    ( 9754): Config attempting to parse: '/Users/builder/data/lanes/4009/3a62f1ea/source/monodroid/builds/install/mono-armv6/etc/mono/assemblies/System.Net.Http/System.Net.Http.config'.
D/Mono    ( 9754): Assembly Ref addref CareerBuilder_Search.Droid[0xe661f3e0] -> System.Net.Http[0xf2818560]: 2
D/Mono    ( 9754): Assembly Ref addref System.Net.Http[0xf2818560] -> mscorlib[0xe661f380]: 29
I/System.out( 9754): Calabash loaded Mono
I/calabash( 9754): Test server port: 7102
I/InstrumentationBackend( 9754): Added:'NullAction', with key:'nullAction'
I/InstrumentationBackend( 9754): Added:'GetActivityOrientation', with key:'get_activity_orientation'
I/InstrumentationBackend( 9754): Added:'SetActivityOrientation', with key:'set_activity_orientation'
I/InstrumentationBackend( 9754): Added:'DpToDevicePixel', with key:'dp_to_device_pixel'
I/InstrumentationBackend( 9754): Added:'ClickOnScreen', with key:'click_on_screen'
I/InstrumentationBackend( 9754): Added:'DoubleTapCoordinate', with key:'double_tap_coordinate'
I/InstrumentationBackend( 9754): Added:'Drag', with key:'drag'
I/InstrumentationBackend( 9754): Added:'DragCoordinates', with key:'drag_coordinates'
I/InstrumentationBackend( 9754): Added:'LongPressCoordinate', with key:'long_press_coordinate'
I/InstrumentationBackend( 9754): Added:'ResumeApplication', with key:'resume_application'
I/InstrumentationBackend( 9754): Added:'Swipe', with key:'swipe'
I/InstrumentationBackend( 9754): Added:'TouchCoordinates', with key:'touch_coordinate'
I/InstrumentationBackend( 9754): Added:'ListActions', with key:'list_actions'
I/InstrumentationBackend( 9754): Added:'SendTcp', with key:'send_tcp'
I/InstrumentationBackend( 9754): Added:'PressElement', with key:'press_l10n_element'
I/InstrumentationBackend( 9754): Added:'WaitForElement', with key:'wait_for_l10n_element'
I/InstrumentationBackend( 9754): Added:'FakeGPSLocation', with key:'set_gps_coordinates'
I/InstrumentationBackend( 9754): Added:'GetMapBounds', with key:'get_map_bounds'
I/InstrumentationBackend( 9754): Added:'GetMapCenter', with key:'get_map_center'
I/InstrumentationBackend( 9754): Added:'GetMapMarker', with key:'get_map_marker'
I/InstrumentationBackend( 9754): Added:'GetMapMarkers', with key:'get_map_markers'
I/InstrumentationBackend( 9754): Added:'GetMapZoom', with key:'get_map_zoom'
I/InstrumentationBackend( 9754): Added:'PanMapTo', with key:'pan_map_to'
I/InstrumentationBackend( 9754): Added:'SetMapCenter', with key:'set_map_center'
I/InstrumentationBackend( 9754): Added:'SetMapZoom', with key:'set_map_zoom'
I/InstrumentationBackend( 9754): Added:'TapAwayFromMarkers', with key:'tap_map_away_from_markers'
I/InstrumentationBackend( 9754): Added:'TapMapMarker', with key:'tap_map_marker_by_title'
I/InstrumentationBackend( 9754): Added:'ClearPreferences', with key:'clear_preferences'
I/InstrumentationBackend( 9754): Added:'GetPreferences', with key:'get_preferences'
I/InstrumentationBackend( 9754): Added:'SetPreferences', with key:'set_preferences'
I/InstrumentationBackend( 9754): Added:'PressKey', with key:'press_key'
I/InstrumentationBackend( 9754): Added:'DeleteSurroundingText', with key:'delete_surrounding_text'
I/InstrumentationBackend( 9754): Added:'HideSoftKeyboard', with key:'hide_soft_keyboard'
I/InstrumentationBackend( 9754): Added:'KeyboardEnterText', with key:'keyboard_enter_text'
I/InstrumentationBackend( 9754): Added:'KeyboardKeyEvent', with key:'keyboard_key_event'
I/InstrumentationBackend( 9754): Added:'PressUserActionButton', with key:'press_user_action_button'
I/InstrumentationBackend( 9754): Added:'SetComposingRegion', with key:'set_composing_region'
I/InstrumentationBackend( 9754): Added:'SetSelection', with key:'set_selection'
I/InstrumentationBackend( 9754): Added:'AndroidSDKVersion', with key:'android_sdk_version'
I/InstrumentationBackend( 9754): Added:'Version', with key:'version'
I/InstrumentationBackend( 9754): Added:'GetActivityName', with key:'get_activity_name'
I/InstrumentationBackend( 9754): Added:'IsCurrentActivityFocused', with key:'is_current_activity_focused'
I/InstrumentationBackend( 9754): Added:'ScrollToView', with key:'scroll_to_view'
I/InstrumentationBackend( 9754): Added:'ViewConfiguration', with key:'view_configuration'
I/InstrumentationBackend( 9754): Added:'DumpBodyHtml', with key:'dump_body_html'
I/InstrumentationBackend( 9754): Added:'DumpHtml', with key:'dump_html'
I/InstrumentationBackend( 9754): Added:'EnterTextByCssSelector', with key:'enter_text_by_selector'
I/InstrumentationBackend( 9754): Added:'GetLoadProgress', with key:'get_load_progress'
I/InstrumentationBackend( 9754): Added:'GetUrl', with key:'get_url'
I/InstrumentationBackend( 9754): Added:'ScrollTo', with key:'scroll_to'
I/InstrumentationBackend( 9754): Added:'SetPropertyByCssSelector', with key:'set_property_by_css_selector'
I/calabash( 9754): Instantiating http server at 7102
I/System.out( 9754): HTTP Daemon listening on: 7102
I/System.out( 9754): URI: /ready
I/System.out( 9754): params: {}
I/System.out( 9754): URI: /ready
I/System.out( 9754): params: {}
I/System.out( 9754): URI: /ping
I/System.out( 9754): params: {json={"intent":null }
I/System.out( 9754): }
I/System.out( 9754): URI: /ready
I/System.out( 9754): params: {json={"intent":null }
I/System.out( 9754): }
I/System.out( 9754): URI: /start-application
I/System.out( 9754): params: {json={"intent":null }
I/System.out( 9754): }
I/calabash( 9754): execStartActivity 4
I/ActivityManager(  882): START u0 {act=android.intent.action.MAIN cat=[android.intent.category.LAUNCHER] flg=0x10200000 cmp=com.careerbuilder.SugarDrone/md537fd6201b6818e2e180d2f7606e21a83.AppMainActivity (has extras)} from uid 18939 on display 0
I/calabash( 9754): newActivity1
D/Mono    ( 9754): Assembly Ref addref CareerBuilder_Search.Droid[0xe661f3e0] -> Xamarin.Android.Support.v7.AppCompat[0xe661fda0]: 2
D/Mono    ( 9754): Assembly Ref addref Xamarin.Android.Support.v7.AppCompat[0xe661fda0] -> Xamarin.Android.Support.v4[0xe661fc20]: 2
D/Mono    ( 9754): DllImport searching in: '__Internal' ('(null)').
D/Mono    ( 9754): Searching for 'java_interop_jnienv_get_array_length'.
D/Mono    ( 9754): Probing 'java_interop_jnienv_get_array_length'.
D/Mono    ( 9754): Found as 'java_interop_jnienv_get_array_length'.
D/Mono    ( 9754): Assembly Ref addref CareerBuilder_Search.Droid[0xe661f3e0] -> CareerBuilder_Search[0xe6620280]: 2
D/Mono    ( 9754): Assembly Ref addref CareerBuilder_Search.Droid[0xe661f3e0] -> Xamarin.Android.Support.v4[0xe661fc20]: 3
D/Mono    ( 9754): DllImport searching in: '__Internal' ('(null)').
D/Mono    ( 9754): Searching for 'java_interop_jnienv_new_string'.
D/Mono    ( 9754): Probing 'java_interop_jnienv_new_string'.
D/Mono    ( 9754): Found as 'java_interop_jnienv_new_string'.
D/Mono    ( 9754): Assembly Ref addref CareerBuilder_Search.Droid[0xe661f3e0] -> Plugin.CurrentActivity[0xe661f6e0]: 2
D/Mono    ( 9754): Assembly Ref addref Plugin.CurrentActivity[0xe661f6e0] -> mscorlib[0xe661f380]: 30
D/Mono    ( 9754): Assembly Ref addref Plugin.CurrentActivity[0xe661f6e0] -> Mono.Android[0xe66202e0]: 18
D/Mono    ( 9754): [0xd24f4920] worker starting
D/Mono    ( 9754): [0xd22ff920] worker starting
D/Mono    ( 9754): Unloading image System.Runtime.dll [0xeb538700].
D/Mono    ( 9754): Image addref System.Runtime[0xeb54f300] -> System.Runtime.dll[0xe667ba00]: 5
D/Mono    ( 9754): Config attempting to parse: 'System.Runtime.dll.config'.
D/Mono    ( 9754): Config attempting to parse: '/Users/builder/data/lanes/4009/3a62f1ea/source/monodroid/builds/install/mono-armv6/etc/mono/assemblies/System.Runtime/System.Runtime.config'.
D/Mono    ( 9754): Assembly Ref addref CareerBuilder_Search[0xe6620280] -> System.Runtime[0xe66203a0]: 3
D/Mono    ( 9754): Assembly Ref addref CareerBuilder_Search[0xe6620280] -> Plugin.DeviceInfo.Abstractions[0xe661f920]: 2
D/Mono    ( 9754): Unloading image System.Runtime.dll [0xeb538c00].
D/Mono    ( 9754): Image addref System.Runtime[0xeb54f300] -> System.Runtime.dll[0xe667ba00]: 6
D/Mono    ( 9754): Config attempting to parse: 'System.Runtime.dll.config'.
D/Mono    ( 9754): Config attempting to parse: '/Users/builder/data/lanes/4009/3a62f1ea/source/monodroid/builds/install/mono-armv6/etc/mono/assemblies/System.Runtime/System.Runtime.config'.
D/Mono    ( 9754): Assembly Ref addref Plugin.DeviceInfo.Abstractions[0xe661f920] -> System.Runtime[0xe66203a0]: 4
D/Mono    ( 9754): Assembly Ref addref CareerBuilder_Search.Droid[0xe661f3e0] -> Akavache[0xe661f500]: 2
D/Mono    ( 9754): Assembly Ref addref Akavache[0xe661f500] -> mscorlib[0xe661f380]: 31
D/Mono    ( 9754): Assembly Ref addref Akavache[0xe661f500] -> System.Reactive.Interfaces[0xe661ffe0]: 2
D/Mono    ( 9754): Assembly Ref addref Akavache[0xe661f500] -> System.Reactive.Core[0xe661ff80]: 2
D/Mono    ( 9754): Unloading image System.Runtime.dll [0xeb538c00].
D/Mono    ( 9754): Image addref System.Runtime[0xeb54f300] -> System.Runtime.dll[0xe667ba00]: 7
D/Mono    ( 9754): Config attempting to parse: 'System.Runtime.dll.config'.
D/Mono    ( 9754): Config attempting to parse: '/Users/builder/data/lanes/4009/3a62f1ea/source/monodroid/builds/install/mono-armv6/etc/mono/assemblies/System.Runtime/System.Runtime.config'.
D/Mono    ( 9754): Assembly Ref addref System.Reactive.Core[0xe661ff80] -> System.Runtime[0xe66203a0]: 5
D/Mono    ( 9754): DllImport searching in: '__Internal' ('(null)').
D/Mono    ( 9754): Searching for 'java_interop_jnienv_call_nonvirtual_object_method_a'.
D/Mono    ( 9754): Probing 'java_interop_jnienv_call_nonvirtual_object_method_a'.
D/Mono    ( 9754): Found as 'java_interop_jnienv_call_nonvirtual_object_method_a'.
D/Mono    ( 9754): Assembly Ref addref CareerBuilder_Search.Droid[0xe661f3e0] -> Microsoft.Practices.Unity[0xe661f680]: 2
D/Mono    ( 9754): Unloading image System.Runtime.dll [0xeb538c00].
D/Mono    ( 9754): Image addref System.Runtime[0xeb54f300] -> System.Runtime.dll[0xe667ba00]: 8
D/Mono    ( 9754): Config attempting to parse: 'System.Runtime.dll.config'.
D/Mono    ( 9754): Config attempting to parse: '/Users/builder/data/lanes/4009/3a62f1ea/source/monodroid/builds/install/mono-armv6/etc/mono/assemblies/System.Runtime/System.Runtime.config'.
D/Mono    ( 9754): Assembly Ref addref Microsoft.Practices.Unity[0xe661f680] -> System.Runtime[0xe66203a0]: 6
D/Mono    ( 9754): Unloading image System.Collections.dll [0xd231c400].
D/Mono    ( 9754): Image addref System.Collections[0xeb54f300] -> System.Collections.dll[0xe667e700]: 5
D/Mono    ( 9754): Config attempting to parse: 'System.Collections.dll.config'.
D/Mono    ( 9754): Config attempting to parse: '/Users/builder/data/lanes/4009/3a62f1ea/source/monodroid/builds/install/mono-armv6/etc/mono/assemblies/System.Collections/System.Collections.config'.
D/Mono    ( 9754): Assembly Ref addref Microsoft.Practices.Unity[0xe661f680] -> System.Collections[0xe6620640]: 3
D/Mono    ( 9754): Assembly Ref addref CareerBuilder_Search[0xe6620280] -> Microsoft.Practices.Unity[0xe661f680]: 3
D/Mono    ( 9754): Assembly Ref addref CareerBuilder_Search.Droid[0xe661f3e0] -> Plugin.DeviceInfo.Abstractions[0xe661f920]: 3
D/Mono    ( 9754): Unloading image System.Diagnostics.Debug.dll [0xd231c400].
D/Mono    ( 9754): Image addref System.Diagnostics.Debug[0xeb54f300] -> System.Diagnostics.Debug.dll[0xe667d800]: 5
D/Mono    ( 9754): Config attempting to parse: 'System.Diagnostics.Debug.dll.config'.
D/Mono    ( 9754): Config attempting to parse: '/Users/builder/data/lanes/4009/3a62f1ea/source/monodroid/builds/install/mono-armv6/etc/mono/assemblies/System.Diagnostics.Debug/System.Diagnostics.Debug.config'.
D/Mono    ( 9754): Assembly Ref addref CareerBuilder_Search[0xe6620280] -> System.Diagnostics.Debug[0xe6620520]: 3
D/Mono    ( 9754): Assembly Ref addref System.Diagnostics.Debug[0xe6620520] -> mscorlib[0xe661f380]: 32
D/Mono    ( 9754): Image addref System.Diagnostics.Tools[0xeb54f300] -> System.Diagnostics.Tools.dll[0xd231c400]: 2
D/Mono    ( 9754): Prepared to set up assembly 'System.Diagnostics.Tools' (System.Diagnostics.Tools.dll)
D/Mono    ( 9754): Assembly System.Diagnostics.Tools[0xeb54f300] added to domain RootDomain, ref_count=1
D/Mono    ( 9754): AOT module 'System.Diagnostics.Tools.dll.so' not found: dlopen failed: library "/data/app/com.careerbuilder.SugarDrone-1/lib/arm/libaot-System.Diagnostics.Tools.dll.so" not found
D/Mono    ( 9754): AOT module '/Users/builder/data/lanes/4009/3a62f1ea/source/monodroid/builds/install/mono-armv6/lib/mono/aot-cache/arm/System.Diagnostics.Tools.dll.so' not found: dlopen failed: library "/data/app/com.careerbuilder.SugarDrone-1/lib/arm/libaot-System.Diagnostics.Tools.dll.so" not found
D/Mono    ( 9754): Config attempting to parse: 'System.Diagnostics.Tools.dll.config'.
D/Mono    ( 9754): Config attempting to parse: '/Users/builder/data/lanes/4009/3a62f1ea/source/monodroid/builds/install/mono-armv6/etc/mono/assemblies/System.Diagnostics.Tools/System.Diagnostics.Tools.config'.
D/Mono    ( 9754): Assembly Ref addref Microsoft.Practices.Unity[0xe661f680] -> System.Diagnostics.Tools[0xeb54f300]: 2
D/Mono    ( 9754): Assembly Ref addref System.Diagnostics.Tools[0xeb54f300] -> mscorlib[0xe661f380]: 33
D/Mono    ( 9754): Image addref System.Resources.ResourceManager[0xeb54f360] -> System.Resources.ResourceManager.dll[0xd231c900]: 2
D/Mono    ( 9754): Prepared to set up assembly 'System.Resources.ResourceManager' (System.Resources.ResourceManager.dll)
D/Mono    ( 9754): Assembly System.Resources.ResourceManager[0xeb54f360] added to domain RootDomain, ref_count=1
D/Mono    ( 9754): AOT module 'System.Resources.ResourceManager.dll.so' not found: dlopen failed: library "/data/app/com.careerbuilder.SugarDrone-1/lib/arm/libaot-System.Resources.ResourceManager.dll.so" not found
D/Mono    ( 9754): AOT module '/Users/builder/data/lanes/4009/3a62f1ea/source/monodroid/builds/install/mono-armv6/lib/mono/aot-cache/arm/System.Resources.ResourceManager.dll.so' not found: dlopen failed: library "/data/app/com.careerbuilder.SugarDrone-1/lib/arm/libaot-System.Resources.ResourceManager.dll.so" not found
D/Mono    ( 9754): Config attempting to parse: 'System.Resources.ResourceManager.dll.config'.
D/Mono    ( 9754): Config attempting to parse: '/Users/builder/data/lanes/4009/3a62f1ea/source/monodroid/builds/install/mono-armv6/etc/mono/assemblies/System.Resources.ResourceManager/System.Resources.ResourceManager.config'.
D/Mono    ( 9754): Assembly Ref addref Microsoft.Practices.Unity[0xe661f680] -> System.Resources.ResourceManager[0xeb54f360]: 2
D/Mono    ( 9754): Assembly Ref addref System.Resources.ResourceManager[0xeb54f360] -> mscorlib[0xe661f380]: 34
D/Mono    ( 9754): Unloading image System.Reflection.dll [0xd231ce00].
D/Mono    ( 9754): Image addref System.Reflection[0xeb54f3c0] -> System.Reflection.dll[0xe667ce00]: 5
D/Mono    ( 9754): Config attempting to parse: 'System.Reflection.dll.config'.
D/Mono    ( 9754): Config attempting to parse: '/Users/builder/data/lanes/4009/3a62f1ea/source/monodroid/builds/install/mono-armv6/etc/mono/assemblies/System.Reflection/System.Reflection.config'.
D/Mono    ( 9754): Assembly Ref addref Microsoft.Practices.Unity[0xe661f680] -> System.Reflection[0xe6620460]: 3
I/Adreno  ( 9754): QUALCOMM build                   : 74df444, I409c65498b
I/Adreno  ( 9754): Build Date                       : 06/22/16
I/Adreno  ( 9754): OpenGL ES Shader Compiler Version: XE031.08.00.02
I/Adreno  ( 9754): Local Branch                     : N16
I/Adreno  ( 9754): Remote Branch                    : 
I/Adreno  ( 9754): Remote Branch                    : 
I/Adreno  ( 9754): Reconstruct Branch               : 
D/Mono    ( 9754): Unloading image System.Linq.dll [0xd231ce00].
D/Mono    ( 9754): Image addref System.Linq[0xeb54f5a0] -> System.Linq.dll[0xd30bda00]: 5
D/Mono    ( 9754): Config attempting to parse: 'System.Linq.dll.config'.
D/Mono    ( 9754): Config attempting to parse: '/Users/builder/data/lanes/4009/3a62f1ea/source/monodroid/builds/install/mono-armv6/etc/mono/assemblies/System.Linq/System.Linq.config'.
D/Mono    ( 9754): Assembly Ref addref Microsoft.Practices.Unity[0xe661f680] -> System.Linq[0xe6620760]: 3
W/IInputConnectionWrapper( 4205): reportFullscreenMode on inexistent InputConnection
I/OpenGLRenderer( 9754): Initialized EGL, version 1.4
D/OpenGLRenderer( 9754): Swap behavior 1
D/Mono    ( 9754): Unloading image System.Threading.dll [0xd231ce00].
D/Mono    ( 9754): Image addref System.Threading[0xeb54f5a0] -> System.Threading.dll[0xe667d300]: 5
D/Mono    ( 9754): Config attempting to parse: 'System.Threading.dll.config'.
D/Mono    ( 9754): Config attempting to parse: '/Users/builder/data/lanes/4009/3a62f1ea/source/monodroid/builds/install/mono-armv6/etc/mono/assemblies/System.Threading/System.Threading.config'.
D/Mono    ( 9754): Assembly Ref addref Microsoft.Practices.Unity[0xe661f680] -> System.Threading[0xe66204c0]: 3
D/Mono    ( 9754): Image addref System.Globalization[0xeb54f4e0] -> System.Globalization.dll[0xd1f11e00]: 2
D/Mono    ( 9754): Prepared to set up assembly 'System.Globalization' (System.Globalization.dll)
D/Mono    ( 9754): Assembly System.Globalization[0xeb54f4e0] added to domain RootDomain, ref_count=1
D/Mono    ( 9754): AOT module 'System.Globalization.dll.so' not found: dlopen failed: library "/data/app/com.careerbuilder.SugarDrone-1/lib/arm/libaot-System.Globalization.dll.so" not found
D/Mono    ( 9754): AOT module '/Users/builder/data/lanes/4009/3a62f1ea/source/monodroid/builds/install/mono-armv6/lib/mono/aot-cache/arm/System.Globalization.dll.so' not found: dlopen failed: library "/data/app/com.careerbuilder.SugarDrone-1/lib/arm/libaot-System.Globalization.dll.so" not found
D/Mono    ( 9754): Config attempting to parse: 'System.Globalization.dll.config'.
D/Mono    ( 9754): Config attempting to parse: '/Users/builder/data/lanes/4009/3a62f1ea/source/monodroid/builds/install/mono-armv6/etc/mono/assemblies/System.Globalization/System.Globalization.config'.
D/Mono    ( 9754): Assembly Ref addref Microsoft.Practices.Unity[0xe661f680] -> System.Globalization[0xeb54f4e0]: 2
D/Mono    ( 9754): Assembly Ref addref System.Globalization[0xeb54f4e0] -> mscorlib[0xe661f380]: 35
D/Mono    ( 9754): Image addref System.Runtime.Extensions[0xeb550560] -> System.Runtime.Extensions.dll[0xd231ce00]: 2
D/Mono    ( 9754): Prepared to set up assembly 'System.Runtime.Extensions' (System.Runtime.Extensions.dll)
D/Mono    ( 9754): Assembly System.Runtime.Extensions[0xeb550560] added to domain RootDomain, ref_count=1
D/Mono    ( 9754): AOT module 'System.Runtime.Extensions.dll.so' not found: dlopen failed: library "/data/app/com.careerbuilder.SugarDrone-1/lib/arm/libaot-System.Runtime.Extensions.dll.so" not found
D/Mono    ( 9754): AOT module '/Users/builder/data/lanes/4009/3a62f1ea/source/monodroid/builds/install/mono-armv6/lib/mono/aot-cache/arm/System.Runtime.Extensions.dll.so' not found: dlopen failed: library "/data/app/com.careerbuilder.SugarDrone-1/lib/arm/libaot-System.Runtime.Extensions.dll.so" not found
D/Mono    ( 9754): Config attempting to parse: 'System.Runtime.Extensions.dll.config'.
D/Mono    ( 9754): Config attempting to parse: '/Users/builder/data/lanes/4009/3a62f1ea/source/monodroid/builds/install/mono-armv6/etc/mono/assemblies/System.Runtime.Extensions/System.Runtime.Extensions.config'.
D/Mono    ( 9754): Assembly Ref addref Microsoft.Practices.Unity[0xe661f680] -> System.Runtime.Extensions[0xeb550560]: 2
D/Mono    ( 9754): Assembly Ref addref System.Runtime.Extensions[0xeb550560] -> mscorlib[0xe661f380]: 36
D/Mono    ( 9754): Image addref System.Linq.Expressions[0xd161b6c0] -> System.Linq.Expressions.dll[0xd231d300]: 2
D/Mono    ( 9754): Prepared to set up assembly 'System.Linq.Expressions' (System.Linq.Expressions.dll)
D/Mono    ( 9754): Assembly System.Linq.Expressions[0xd161b6c0] added to domain RootDomain, ref_count=1
D/Mono    ( 9754): AOT module 'System.Linq.Expressions.dll.so' not found: dlopen failed: library "/data/app/com.careerbuilder.SugarDrone-1/lib/arm/libaot-System.Linq.Expressions.dll.so" not found
D/Mono    ( 9754): AOT module '/Users/builder/data/lanes/4009/3a62f1ea/source/monodroid/builds/install/mono-armv6/lib/mono/aot-cache/arm/System.Linq.Expressions.dll.so' not found: dlopen failed: library "/data/app/com.careerbuilder.SugarDrone-1/lib/arm/libaot-System.Linq.Expressions.dll.so" not found
D/Mono    ( 9754): Config attempting to parse: 'System.Linq.Expressions.dll.config'.
D/Mono    ( 9754): Config attempting to parse: '/Users/builder/data/lanes/4009/3a62f1ea/source/monodroid/builds/install/mono-armv6/etc/mono/assemblies/System.Linq.Expressions/System.Linq.Expressions.config'.
D/Mono    ( 9754): Assembly Ref addref Microsoft.Practices.Unity[0xe661f680] -> System.Linq.Expressions[0xd161b6c0]: 2
D/Mono    ( 9754): Assembly Ref addref System.Linq.Expressions[0xd161b6c0] -> System.Core[0xe66208e0]: 5
D/Mono    ( 9754): Assembly Ref addref System.Core[0xe66208e0] -> System[0xe6620580]: 3
I/ActivityManager(  882): Displayed com.careerbuilder.SugarDrone/md537fd6201b6818e2e180d2f7606e21a83.AppMainActivity: +740ms
I/art     ( 9754): Starting a blocking GC Explicit
W/art     ( 9754): Suspending all threads took: 5.114ms
I/art     ( 9754): Explicit concurrent mark sweep GC freed 16196(1141KB) AllocSpace objects, 16(320KB) LOS objects, 39% free, 5MB/9MB, paused 6.082ms total 76.287ms
D/Mono    ( 9754): Assembly Ref addref CareerBuilder_Search.Droid[0xe661f3e0] -> Xamarin.GooglePlayServices.Analytics[0xe661f980]: 2
D/Mono    ( 9754): Assembly Ref addref CareerBuilder_Search.Droid[0xe661f3e0] -> Plugin.Geolocator.Abstractions[0xe661f860]: 2
D/Mono    ( 9754): Assembly Ref addref CareerBuilder_Search[0xe6620280] -> System.Net.Http[0xf2818560]: 3
D/Mono    ( 9754): Assembly Ref addref CareerBuilder_Search[0xe6620280] -> Plugin.DeviceInfo[0xe661f8c0]: 2
D/Mono    ( 9754): Assembly Ref addref Plugin.DeviceInfo[0xe661f8c0] -> mscorlib[0xe661f380]: 37
D/Mono    ( 9754): Assembly Ref addref Plugin.DeviceInfo[0xe661f8c0] -> Plugin.DeviceInfo.Abstractions[0xe661f920]: 4
I/WindowManager(  882): Destroying surface Surface(name=com.google.android.googlequicksearchbox/com.google.android.launcher.GEL) called by com.android.server.wm.WindowStateAnimator.destroySurface:2014 com.android.server.wm.WindowStateAnimator.destroySurfaceLocked:881 com.android.server.wm.WindowState.destroyOrSaveSurface:2073 com.android.server.wm.AppWindowToken.destroySurfaces:363 com.android.server.wm.AppWindowToken.notifyAppStopped:389 com.android.server.wm.WindowManagerService.notifyAppStopped:4456 com.android.server.am.ActivityStack.activityStoppedLocked:1252 com.android.server.am.ActivityManagerService.activityStopped:6873 
D/Mono    ( 9754): Image addref System.Threading.Tasks[0xd161c980] -> System.Threading.Tasks.dll[0xd166f500]: 2
D/Mono    ( 9754): Prepared to set up assembly 'System.Threading.Tasks' (System.Threading.Tasks.dll)
D/Mono    ( 9754): Assembly System.Threading.Tasks[0xd161c980] added to domain RootDomain, ref_count=1
D/Mono    ( 9754): AOT module 'System.Threading.Tasks.dll.so' not found: dlopen failed: library "/data/app/com.careerbuilder.SugarDrone-1/lib/arm/libaot-System.Threading.Tasks.dll.so" not found
D/Mono    ( 9754): AOT module '/Users/builder/data/lanes/4009/3a62f1ea/source/monodroid/builds/install/mono-armv6/lib/mono/aot-cache/arm/System.Threading.Tasks.dll.so' not found: dlopen failed: library "/data/app/com.careerbuilder.SugarDrone-1/lib/arm/libaot-System.Threading.Tasks.dll.so" not found
D/Mono    ( 9754): Config attempting to parse: 'System.Threading.Tasks.dll.config'.
D/Mono    ( 9754): Config attempting to parse: '/Users/builder/data/lanes/4009/3a62f1ea/source/monodroid/builds/install/mono-armv6/etc/mono/assemblies/System.Threading.Tasks/System.Threading.Tasks.config'.
D/Mono    ( 9754): Assembly Ref addref CareerBuilder_Search[0xe6620280] -> System.Threading.Tasks[0xd161c980]: 2
D/Mono    ( 9754): Assembly Ref addref System.Threading.Tasks[0xd161c980] -> mscorlib[0xe661f380]: 38
D/Mono    ( 9754): Unloading image System.Collections.dll [0xd166fa00].
D/Mono    ( 9754): Image addref System.Collections[0xeb550500] -> System.Collections.dll[0xe667e700]: 6
D/Mono    ( 9754): Config attempting to parse: 'System.Collections.dll.config'.
D/Mono    ( 9754): Config attempting to parse: '/Users/builder/data/lanes/4009/3a62f1ea/source/monodroid/builds/install/mono-armv6/etc/mono/assemblies/System.Collections/System.Collections.config'.
D/Mono    ( 9754): Assembly Ref addref CareerBuilder_Search[0xe6620280] -> System.Collections[0xe6620640]: 4
D/Mono    ( 9754): Assembly Ref addref System.Collections[0xe6620640] -> System[0xe6620580]: 4
D/Mono    ( 9754): Assembly Ref addref System.Net.Http[0xf2818560] -> System[0xe6620580]: 5
I/WindowManager(  882): Destroying surface Surface(name=Starting com.careerbuilder.SugarDrone) called by com.android.server.wm.WindowStateAnimator.destroySurface:2014 com.android.server.wm.WindowStateAnimator.destroySurfaceLocked:881 com.android.server.wm.WindowState.destroyOrSaveSurface:2073 com.android.server.wm.AppWindowToken.destroySurfaces:363 com.android.server.wm.WindowStateAnimator.finishExit:565 com.android.server.wm.WindowStateAnimator.stepAnimationLocked:491 com.android.server.wm.WindowAnimator.updateWindowsLocked:303 com.android.server.wm.WindowAnimator.animateLocked:704 
I/System.out( 9754): URI: /map
I/System.out( 9754): params: {json={"query":"*","operation":{"method_name":"query","arguments":[]}}
I/System.out( 9754): }
D/Mono    ( 9754): Assembly Ref addref Microsoft.Practices.Unity[0xe661f680] -> System.Reflection.Extensions[0xe6620a00]: 3
W/ResourceType( 9754): No known package when getting name for resource number 0xffffffff
W/ResourceType( 9754): No known package when getting name for resource number 0xffffffff
W/ResourceType( 9754): No known package when getting name for resource number 0xffffffff
D/Mono    ( 9754): Unloading image System.Threading.dll [0xd1673100].
D/Mono    ( 9754): Image addref System.Threading[0xd161b780] -> System.Threading.dll[0xe667d300]: 6
D/Mono    ( 9754): Config attempting to parse: 'System.Threading.dll.config'.
D/Mono    ( 9754): Config attempting to parse: '/Users/builder/data/lanes/4009/3a62f1ea/source/monodroid/builds/install/mono-armv6/etc/mono/assemblies/System.Threading/System.Threading.config'.
D/Mono    ( 9754): Assembly Ref addref CareerBuilder_Search[0xe6620280] -> System.Threading[0xe66204c0]: 4
D/Mono    ( 9754): Assembly Ref addref System.Threading[0xe66204c0] -> System.Core[0xe66208e0]: 6
D/Mono    ( 9754): Assembly Ref addref System.Runtime[0xe66203a0] -> System[0xe6620580]: 6
D/Mono    ( 9754): Assembly Ref addref CareerBuilder_Search[0xe6620280] -> Newtonsoft.Json[0xe661fec0]: 2
D/Mono    ( 9754): Unloading image System.Runtime.dll [0xd1673600].
D/Mono    ( 9754): Image addref System.Runtime[0xd161d040] -> System.Runtime.dll[0xe667ba00]: 9
D/Mono    ( 9754): Config attempting to parse: 'System.Runtime.dll.config'.
D/Mono    ( 9754): Config attempting to parse: '/Users/builder/data/lanes/4009/3a62f1ea/source/monodroid/builds/install/mono-armv6/etc/mono/assemblies/System.Runtime/System.Runtime.config'.
D/Mono    ( 9754): Assembly Ref addref Newtonsoft.Json[0xe661fec0] -> System.Runtime[0xe66203a0]: 7
D/Mono    ( 9754): Image addref System.Dynamic.Runtime[0xd161d040] -> System.Dynamic.Runtime.dll[0xd1673600]: 2
D/Mono    ( 9754): Prepared to set up assembly 'System.Dynamic.Runtime' (System.Dynamic.Runtime.dll)
D/Mono    ( 9754): Assembly System.Dynamic.Runtime[0xd161d040] added to domain RootDomain, ref_count=1
D/Mono    ( 9754): AOT module 'System.Dynamic.Runtime.dll.so' not found: dlopen failed: library "/data/app/com.careerbuilder.SugarDrone-1/lib/arm/libaot-System.Dynamic.Runtime.dll.so" not found
D/Mono    ( 9754): AOT module '/Users/builder/data/lanes/4009/3a62f1ea/source/monodroid/builds/install/mono-armv6/lib/mono/aot-cache/arm/System.Dynamic.Runtime.dll.so' not found: dlopen failed: library "/data/app/com.careerbuilder.SugarDrone-1/lib/arm/libaot-System.Dynamic.Runtime.dll.so" not found
D/Mono    ( 9754): Config attempting to parse: 'System.Dynamic.Runtime.dll.config'.
D/Mono    ( 9754): Config attempting to parse: '/Users/builder/data/lanes/4009/3a62f1ea/source/monodroid/builds/install/mono-armv6/etc/mono/assemblies/System.Dynamic.Runtime/System.Dynamic.Runtime.config'.
D/Mono    ( 9754): Assembly Ref addref Newtonsoft.Json[0xe661fec0] -> System.Dynamic.Runtime[0xd161d040]: 2
D/Mono    ( 9754): Assembly Ref addref System.Dynamic.Runtime[0xd161d040] -> System.Core[0xe66208e0]: 7
D/Mono    ( 9754): Image addref System.ObjectModel[0xd161d100] -> System.ObjectModel.dll[0xd1672c00]: 2
D/Mono    ( 9754): Prepared to set up assembly 'System.ObjectModel' (System.ObjectModel.dll)
D/Mono    ( 9754): Assembly System.ObjectModel[0xd161d100] added to domain RootDomain, ref_count=1
D/Mono    ( 9754): AOT module 'System.ObjectModel.dll.so' not found: dlopen failed: library "/data/app/com.careerbuilder.SugarDrone-1/lib/arm/libaot-System.ObjectModel.dll.so" not found
D/Mono    ( 9754): AOT module '/Users/builder/data/lanes/4009/3a62f1ea/source/monodroid/builds/install/mono-armv6/lib/mono/aot-cache/arm/System.ObjectModel.dll.so' not found: dlopen failed: library "/data/app/com.careerbuilder.SugarDrone-1/lib/arm/libaot-System.ObjectModel.dll.so" not found
D/Mono    ( 9754): Config attempting to parse: 'System.ObjectModel.dll.config'.
D/Mono    ( 9754): Config attempting to parse: '/Users/builder/data/lanes/4009/3a62f1ea/source/monodroid/builds/install/mono-armv6/etc/mono/assemblies/System.ObjectModel/System.ObjectModel.config'.
D/Mono    ( 9754): Assembly Ref addref Newtonsoft.Json[0xe661fec0] -> System.ObjectModel[0xd161d100]: 2
D/Mono    ( 9754): Assembly Ref addref System.ObjectModel[0xd161d100] -> System[0xe6620580]: 7
D/Mono    ( 9754): Assembly Ref addref CareerBuilder_Search[0xe6620280] -> System.Reactive.Core[0xe661ff80]: 3
D/Mono    ( 9754): DllImport attempting to load: '__Internal'.
D/Mono    ( 9754): DllImport loaded library '(null)'.
D/Mono    ( 9754): DllImport searching in: '__Internal' ('(null)').
D/Mono    ( 9754): Searching for 'monodroid_get_system_property'.
D/Mono    ( 9754): Probing 'monodroid_get_system_property'.
D/Mono    ( 9754): Found as 'monodroid_get_system_property'.
D/Mono    ( 9754): DllImport searching in: '__Internal' ('(null)').
D/Mono    ( 9754): Searching for 'monodroid_free'.
D/Mono    ( 9754): Probing 'monodroid_free'.
D/Mono    ( 9754): Found as 'monodroid_free'.
I/System.out( 9754): URI: /map
I/System.out( 9754): params: {json={"query":"* id:'agreeAndContinueButton'","operation":{"method_name":"query","arguments":[]}}
I/System.out( 9754): }
W/ResourceType( 9754): No known package when getting name for resource number 0xffffffff
W/ResourceType( 9754): No known package when getting name for resource number 0xffffffff
W/ResourceType( 9754): No known package when getting name for resource number 0xffffffff
D/Mono    ( 9754): Assembly Ref addref CareerBuilder_Search.Droid[0xe661f3e0] -> Xamarin.Insights[0xe661faa0]: 2
D/Mono    ( 9754): Assembly Ref addref Xamarin.Insights[0xe661faa0] -> mscorlib[0xe661f380]: 39
D/Mono    ( 9754): Assembly Ref addref Xamarin.Insights[0xe661faa0] -> Mono.Android[0xe66202e0]: 19
D/Mono    ( 9754): Assembly Ref addref CareerBuilder_Search.Droid[0xe661f3e0] -> HockeySDK[0xe661f4a0]: 2
D/Mono    ( 9754): Assembly Ref addref CareerBuilder_Search.Droid[0xe661f3e0] -> AppsFlyerXamarinBindingAndroid[0xe661f440]: 2
D/Mono    ( 9754): DllImport searching in: '__Internal' ('(null)').
D/Mono    ( 9754): Searching for 'java_interop_jnienv_get_static_field_id'.
D/Mono    ( 9754): Probing 'java_interop_jnienv_get_static_field_id'.
D/Mono    ( 9754): Found as 'java_interop_jnienv_get_static_field_id'.
D/Mono    ( 9754): DllImport searching in: '__Internal' ('(null)').
D/Mono    ( 9754): Searching for 'java_interop_jnienv_get_static_int_field'.
D/Mono    ( 9754): Probing 'java_interop_jnienv_get_static_int_field'.
D/Mono    ( 9754): Found as 'java_interop_jnienv_get_static_int_field'.
D/Mono    ( 9754): Assembly Ref addref Xamarin.Insights[0xe661faa0] -> System.Core[0xe66208e0]: 8
D/Mono    ( 9754): DllImport searching in: '__Internal' ('(null)').
D/Mono    ( 9754): Searching for 'java_interop_jnienv_call_static_long_method_a'.
D/Mono    ( 9754): Probing 'java_interop_jnienv_call_static_long_method_a'.
D/Mono    ( 9754): Found as 'java_interop_jnienv_call_static_long_method_a'.
D/Mono    ( 9754): Assembly Ref addref Xamarin.Insights[0xe661faa0] -> System[0xe6620580]: 8
D/Mono    ( 9754): Assembly Ref addref Xamarin.Insights[0xe661faa0] -> System.Net.Http[0xf2818560]: 4
I/System.out( 9754): URI: /map
I/System.out( 9754): params: {json={"query":"* id:'agreeAndContinueButton'","operation":{"method_name":"query","arguments":[]}}
I/System.out( 9754): }
W/ResourceType( 9754): No known package when getting name for resource number 0xffffffff
W/ResourceType( 9754): No known package when getting name for resource number 0xffffffff
W/ResourceType( 9754): No known package when getting name for resource number 0xffffffff
W/NetworkIdentity(  882): Active mobile network without subscriber!
W/NetworkIdentity(  882): Active mobile network without subscriber!
W/NetworkIdentity(  882): Active mobile network without subscriber!
W/NetworkIdentity(  882): Active mobile network without subscriber!
W/NetworkIdentity(  882): Active mobile network without subscriber!
W/NetworkIdentity(  882): Active mobile network without subscriber!
W/NetworkIdentity(  882): Active mobile network without subscriber!
W/NetworkIdentity(  882): Active mobile network without subscriber!
W/NetworkIdentity(  882): Active mobile network without subscriber!
W/NetworkIdentity(  882): Active mobile network without subscriber!
D/Mono    ( 9754): DllImport searching in: '__Internal' ('(null)').
D/Mono    ( 9754): Searching for 'java_interop_jnienv_get_object_array_element'.
D/Mono    ( 9754): Probing 'java_interop_jnienv_get_object_array_element'.
D/Mono    ( 9754): Found as 'java_interop_jnienv_get_object_array_element'.
D/Mono    ( 9754): DllImport searching in: '__Internal' ('(null)').
D/Mono    ( 9754): Searching for 'java_interop_jnienv_call_boolean_method_a'.
D/Mono    ( 9754): Probing 'java_interop_jnienv_call_boolean_method_a'.
D/Mono    ( 9754): Found as 'java_interop_jnienv_call_boolean_method_a'.
D/Mono    ( 9754): DllImport searching in: '__Internal' ('(null)').
D/Mono    ( 9754): Searching for 'java_interop_jnienv_call_int_method_a'.
D/Mono    ( 9754): Probing 'java_interop_jnienv_call_int_method_a'.
D/Mono    ( 9754): Found as 'java_interop_jnienv_call_int_method_a'.
W/NetworkIdentity(  882): Active mobile network without subscriber!
W/NetworkIdentity(  882): Active mobile network without subscriber!
W/NetworkIdentity(  882): Active mobile network without subscriber!
W/NetworkIdentity(  882): Active mobile network without subscriber!
W/NetworkIdentity(  882): Active mobile network without subscriber!
W/NetworkIdentity(  882): Active mobile network without subscriber!
W/NetworkIdentity(  882): Active mobile network without subscriber!
W/NetworkIdentity(  882): Active mobile network without subscriber!
W/NetworkIdentity(  882): Active mobile network without subscriber!
W/NetworkIdentity(  882): Active mobile network without subscriber!
D/Mono    ( 9754): DllImport searching in: '__Internal' ('(null)').
D/Mono    ( 9754): Searching for 'java_interop_jnienv_get_field_id'.
D/Mono    ( 9754): Probing 'java_interop_jnienv_get_field_id'.
D/Mono    ( 9754): Found as 'java_interop_jnienv_get_field_id'.
D/Mono    ( 9754): DllImport searching in: '__Internal' ('(null)').
D/Mono    ( 9754): Searching for 'java_interop_jnienv_get_object_field'.
D/Mono    ( 9754): Probing 'java_interop_jnienv_get_object_field'.
D/Mono    ( 9754): Found as 'java_interop_jnienv_get_object_field'.
I/System.out( 9754): URI: /map
I/System.out( 9754): params: {json={"query":"* id:'agreeAndContinueButton'","operation":{"method_name":"query","arguments":[]}}
I/System.out( 9754): }
W/ResourceType( 9754): No known package when getting name for resource number 0xffffffff
W/ResourceType( 9754): No known package when getting name for resource number 0xffffffff
W/ResourceType( 9754): No known package when getting name for resource number 0xffffffff
D/Mono    ( 9754): DllImport searching in: '__Internal' ('(null)').
D/Mono    ( 9754): Searching for 'java_interop_jnienv_call_static_int_method_a'.
D/Mono    ( 9754): Probing 'java_interop_jnienv_call_static_int_method_a'.
D/Mono    ( 9754): Found as 'java_interop_jnienv_call_static_int_method_a'.
W/Xamarin.Insights( 9754): Warning: Insights data communication has been manually enabled
D/Mono    ( 9754): DllImport searching in: '__Internal' ('(null)').
D/Mono    ( 9754): Searching for 'java_interop_jnienv_get_static_object_field'.
D/Mono    ( 9754): Probing 'java_interop_jnienv_get_static_object_field'.
D/Mono    ( 9754): Found as 'java_interop_jnienv_get_static_object_field'.
D/Mono    ( 9754): DllImport searching in: '__Internal' ('(null)').
D/Mono    ( 9754): Searching for 'java_interop_jnienv_call_static_void_method'.
D/Mono    ( 9754): Probing 'java_interop_jnienv_call_static_void_method'.
D/Mono    ( 9754): Found as 'java_interop_jnienv_call_static_void_method'.
I/AppsFlyer_3.01( 9754): Start tracking package: com.careerbuilder.SugarDrone
I/AppsFlyer_3.01( 9754): AsendTrackingWithEvent from activity: md537fd6201b6818e2e180d2f7606e21a83.MainApplication
I/AppsFlyer_3.01-663376551( 9754): ******* sendTrackingWithEvent: Launch
E/ActivityThread( 9754): Failed to find provider info for com.facebook.katana.provider.AttributionIdProvider
I/GAv4    ( 9754): Google Analytics 8.4.87 is starting up. To enable debug logging on a device run:
I/GAv4    ( 9754):   adb shell setprop log.tag.GAv4 DEBUG
I/GAv4    ( 9754):   adb logcat -s GAv4
I/AppsFlyer_3.01( 9754): WARNING:READ_PHONE_STATE is missing
W/GAv4    ( 9754): AnalyticsReceiver is not registered or is disabled. Register the receiver for reliable dispatching on non-Google Play devices. See http://goo.gl/8Rd3yj for instructions.
W/GAv4    ( 9754): CampaignTrackingReceiver is not registered, not exported or is disabled. Installation campaign tracking is not possible. See http://goo.gl/8Rd3yj for instructions.
D/Mono    ( 9754): DllImport searching in: '__Internal' ('(null)').
D/Mono    ( 9754): Searching for 'java_interop_jnienv_call_void_method_a'.
D/Mono    ( 9754): Probing 'java_interop_jnienv_call_void_method_a'.
D/Mono    ( 9754): Found as 'java_interop_jnienv_call_void_method_a'.
I/GAv4    ( 9754): Logger is deprecated. To enable debug logging, please run:
I/GAv4    ( 9754): adb shell setprop log.tag.GAv4 DEBUG
I/ActivityManager(  882): Killing 7388:com.google.android.gms.unstable/u0a18 (adj 906): empty #17
D/AppsFlyer_3.01( 9754): AppsFlyer: first launch detected
I/AppsFlyer_3.01( 9754): AppsFlyer: first launch date: 2017-03-16_1222+0100
I/System.out( 9754): AppsFlyerLib.sendTrackingWithEvent
W/GAv4    ( 9754): AnalyticsService not registered in the app manifest. Hits might not be delivered reliably. See http://goo.gl/8Rd3yj for instructions.
D/Mono    ( 9754): DllImport searching in: '__Internal' ('(null)').
D/Mono    ( 9754): Searching for 'java_interop_jnienv_new_local_ref'.
