<![CDATA[
]]><xtc-scenario name="[0-1067]CareerBuilder_Search.DroidFeatureTests.SearchDialogueTests.CanCloseDialogueWithBackButton" id="[0-1067]CareerBuilder_Search.DroidFeatureTests.SearchDialogueTests.CanCloseDialogueWithBackButton"><![CDATA[

]]><xtc-step name="[0-1067]CareerBuilder_Search.DroidFeatureTests.SearchDialogueTests.CanCloseDialogueWithBackButton-CanCloseDialogueWithBackButton" id="[0-1067]CareerBuilder_Search.DroidFeatureTests.SearchDialogueTests.CanCloseDialogueWithBackButton-CanCloseDialogueWithBackButton"><![CDATA[
D/AndroidRuntime( 7980): >>>>>> START com.android.internal.os.RuntimeInit uid 2000 <<<<<<
D/AndroidRuntime( 7980): CheckJNI is OFF
D/ICU     ( 7980): No timezone override file found: /data/misc/zoneinfo/current/icu/icu_tzdata.dat
I/Radio-JNI( 7980): register_android_hardware_Radio DONE
D/AndroidRuntime( 7980): Calling main entry com.android.commands.pm.Pm
I/art     ( 7980): System.exit called, status: 0
I/AndroidRuntime( 7980): VM exiting with result code 0.
W/MessageQueue( 7980): Handler (android.os.Handler) {e7ccc87} sending message to a Handler on a dead thread
W/MessageQueue( 7980): java.lang.IllegalStateException: Handler (android.os.Handler) {e7ccc87} sending message to a Handler on a dead thread
W/MessageQueue( 7980): 	at android.os.MessageQueue.enqueueMessage(MessageQueue.java:543)
W/MessageQueue( 7980): 	at android.os.Handler.enqueueMessage(Handler.java:643)
W/MessageQueue( 7980): 	at android.os.Handler.sendMessageAtTime(Handler.java:612)
W/MessageQueue( 7980): 	at android.os.Handler.sendMessageDelayed(Handler.java:582)
W/MessageQueue( 7980): 	at android.os.Handler.post(Handler.java:338)
W/MessageQueue( 7980): 	at android.os.ResultReceiver$MyResultReceiver.send(ResultReceiver.java:57)
W/MessageQueue( 7980): 	at com.android.internal.os.IResultReceiver$Stub.onTransact(IResultReceiver.java:58)
W/MessageQueue( 7980): 	at android.os.Binder.execTransact(Binder.java:565)
--------- beginning of system
I/ActivityManager(  933): Killing 5704:com.android.musicfx/u0a29 (adj 906): empty #17
I/ActivityManager(  933): Killing 6832:com.google.process.gapps/u0a56 (adj 906): empty #18
D/AndroidRuntime( 8120): >>>>>> START com.android.internal.os.RuntimeInit uid 2000 <<<<<<
D/AndroidRuntime( 8120): CheckJNI is OFF
D/ICU     ( 8120): No timezone override file found: /data/misc/zoneinfo/current/icu/icu_tzdata.dat
I/Radio-JNI( 8120): register_android_hardware_Radio DONE
D/AndroidRuntime( 8120): Calling main entry com.android.commands.am.Am
W/ActivityManager(  933): Invalid packageName: com.careerbuilder.SugarDrone
D/AndroidRuntime( 8120): Shutting down VM
I/ActivityManager(  933): Killing 5722:com.google.android.apps.docs/u0a52 (adj 906): empty #17
D/AndroidRuntime( 8576): >>>>>> START com.android.internal.os.RuntimeInit uid 2000 <<<<<<
D/AndroidRuntime( 8576): CheckJNI is OFF
D/ICU     ( 8576): No timezone override file found: /data/misc/zoneinfo/current/icu/icu_tzdata.dat
I/Radio-JNI( 8576): register_android_hardware_Radio DONE
D/AndroidRuntime( 8576): Calling main entry com.android.commands.pm.Pm
I/        (  512): free_cache(71725114) avail 10791460864
D/SntpClient(  933): round trip: 7ms, clock offset: 412ms
D/AlarmManagerService(  933): Setting time of day to sec=1489668717
W/AlarmManagerService(  933): Unable to set rtc to 1489668717: Invalid argument
I/PackageManager.DexOptimizer(  933): Running dexopt (dex2oat) on: /data/app/vmdl1939710012.tmp/base.apk pkg=com.careerbuilder.SugarDrone isa=arm vmSafeMode=false debuggable=true target-filter=interpret-only oatDir = /data/app/vmdl1939710012.tmp/oat sharedLibraries=null
I/dex2oat ( 8631): /system/bin/dex2oat --compiler-filter=interpret-only -j4 --debuggable
W/dex2oat ( 8631): Before Android 4.1, method android.graphics.PorterDuffColorFilter android.support.graphics.drawable.VectorDrawableCompat.updateTintFilter(android.graphics.PorterDuffColorFilter, android.content.res.ColorStateList, android.graphics.PorterDuff$Mode) would have incorrectly overridden the package-private method in android.graphics.drawable.Drawable
W/dex2oat ( 8631): Before Android 4.1, method int android.support.v7.widget.ListViewCompat.lookForSelectablePosition(int, boolean) would have incorrectly overridden the package-private method in android.widget.ListView
I/dex2oat ( 8631): dex2oat took 2.000s (threads: 4) arena alloc=3KB (3944B) java alloc=4MB (5053200B) native alloc=6MB (7299360B) free=2MB (2137824B)
W/PackageManager(  933): Not granting permission android.permission.MANAGE_DOCUMENTS to package com.careerbuilder.SugarDrone (protectionLevel=2 flags=0x3808be46)
W/PackageManager(  933): Not granting permission android.permission.MOUNT_UNMOUNT_FILESYSTEMS to package com.careerbuilder.SugarDrone (protectionLevel=18 flags=0x3808be46)
V/BackupManagerService(  933): restoreAtInstall pkg=com.careerbuilder.SugarDrone token=5 restoreSet=0
V/BackupManagerService(  933): Finishing install immediately
I/art     (  933): Starting a blocking GC Explicit
I/art     (  933): Explicit concurrent mark sweep GC freed 103832(6MB) AllocSpace objects, 17(852KB) LOS objects, 33% free, 15MB/23MB, paused 1.640ms total 106.345ms
E/        (  512): Couldn't opendir /data/app/vmdl1939710012.tmp: No such file or directory
I/ActivityManager(  933): Start proc 8679:com.android.musicfx/u0a29 for broadcast com.android.musicfx/.Compatibility$Receiver
W/ActivityManager(  933): Permission Denial: Accessing service ComponentInfo{com.google.android.music/com.google.android.music.dial.DialMediaRouteProviderService} from pid=5271, uid=10085 that is not exported from uid 10071
I/InputReader(  933): Reconfiguring input devices.  changes=0x00000010
I/art     ( 8576): System.exit called, status: 0
I/AndroidRuntime( 8576): VM exiting with result code 0.
D/CarrierSvcBindHelper( 3196): No carrier app for: 0
D/CarrierConfigLoader( 3196): mHandler: 9 phoneId: 0
D/RegisteredNfcFServicesCache( 4125): Service unchanged, not updating
W/System  ( 8679): ClassLoader referenced unknown path: /system/priv-app/MusicFX/lib/arm64
I/ActivityManager(  933): Start proc 8699:com.android.vending/u0a30 for broadcast com.android.vending/com.google.android.finsky.receivers.PackageMonitorReceiver$RegisteredReceiver
W/System  ( 8699): ClassLoader referenced unknown path: /system/priv-app/Phonesky/lib/arm64
W/Finsky  ( 8699): [1] com.google.android.finsky.FinskyApp.i(1468): No account configured on this device.
W/Finsky  ( 8699): [1] com.google.android.finsky.FinskyApp.i(1468): No account configured on this device.
W/Finsky  ( 8699): [1] com.google.android.finsky.FinskyApp.i(1468): No account configured on this device.
W/Finsky  ( 8699): [1] com.google.android.finsky.FinskyApp.i(1468): No account configured on this device.
I/Finsky  ( 8699): [1] com.google.android.finsky.FinskyApp.onCreate(430): Initializing network with DFE https://android.clients.google.com/fdfe/
W/Finsky  ( 8699): [1] com.google.android.finsky.FinskyApp.i(1468): No account configured on this device.
W/Finsky  ( 8699): [1] com.google.android.finsky.FinskyApp.i(1468): No account configured on this device.
W/Finsky  ( 8699): [1] com.google.android.finsky.FinskyApp.i(1468): No account configured on this device.
W/Finsky  ( 8699): [1] com.google.android.finsky.FinskyApp.i(1468): No account configured on this device.
W/Finsky  ( 8699): [1] com.google.android.finsky.FinskyApp.i(1468): No account configured on this device.
W/Finsky  ( 8699): [1] com.google.android.finsky.FinskyApp.i(1468): No account configured on this device.
W/Finsky  ( 8699): [1] com.google.android.finsky.FinskyApp.i(1468): No account configured on this device.
W/Finsky  ( 8699): [1] com.google.android.finsky.FinskyApp.i(1468): No account configured on this device.
W/Finsky  ( 8699): [1] com.google.android.finsky.FinskyApp.i(1468): No account configured on this device.
I/Finsky  ( 8699): [1] com.google.android.finsky.services.DailyHygiene.a(171): No need to run daily hygiene.
W/Finsky  ( 8699): [1] com.google.android.finsky.FinskyApp.i(1468): No account configured on this device.
W/Settings( 8699): Setting download_manager_max_bytes_over_mobile has moved from android.provider.Settings.Secure to android.provider.Settings.Global.
W/Settings( 8699): Setting download_manager_recommended_max_bytes_over_mobile has moved from android.provider.Settings.Secure to android.provider.Settings.Global.
W/Finsky  ( 8699): [1] com.google.android.finsky.FinskyApp.i(1468): No account configured on this device.
W/Finsky  ( 8699): [1] com.google.android.finsky.FinskyApp.i(1468): No account configured on this device.
W/Finsky  ( 8699): [1] com.google.android.finsky.FinskyApp.i(1468): No account configured on this device.
W/Finsky  ( 8699): [1] com.google.android.finsky.FinskyApp.i(1468): No account configured on this device.
W/Finsky  ( 8699): [1] com.google.android.finsky.FinskyApp.i(1468): No account configured on this device.
W/Finsky  ( 8699): [1] com.google.android.finsky.FinskyApp.b(1150): No account configured on this device.
W/Finsky  ( 8699): [1] com.google.android.finsky.FinskyApp.i(1468): No account configured on this device.
W/Finsky  ( 8699): [376] com.google.android.finsky.FinskyApp.i(1468): No account configured on this device.
I/ActivityManager(  933): Start proc 8756:com.google.android.apps.docs/u0a52 for broadcast com.google.android.apps.docs/.receivers.AppPackageAddRemoveReceiver
I/Finsky  ( 8699): [1] com.google.android.finsky.receivers.j.a(1226): Installer kick - no action, not running yet
I/Finsky  ( 8699): [1] com.google.android.finsky.utils.PermissionPolicies$PermissionPolicyService.onStartCommand(117): post-install permissions check for com.careerbuilder.SugarDrone
W/Finsky  ( 8699): [1] com.google.android.finsky.FinskyApp.i(1468): No account configured on this device.
I/Finsky  ( 8699): [1] com.google.android.finsky.utils.bh.run(2302): Package state data is missing for com.careerbuilder.SugarDrone
W/Finsky  ( 8699): [1] com.google.android.finsky.FinskyApp.i(1468): No account configured on this device.
W/System  ( 8756): ClassLoader referenced unknown path: /system/app/Drive/lib/arm64
D/AndroidRuntime( 8717): >>>>>> START com.android.internal.os.RuntimeInit uid 2000 <<<<<<
I/Finsky  ( 8699): [1] com.google.android.finsky.c.l.a(270): result=false type=4
D/AndroidRuntime( 8717): CheckJNI is OFF
I/Finsky  ( 8699): [1] com.google.android.finsky.services.bc.a(1050): Restore complete with 0 success and 0 failed.
D/ICU     ( 8717): No timezone override file found: /data/misc/zoneinfo/current/icu/icu_tzdata.dat
I/Radio-JNI( 8717): register_android_hardware_Radio DONE
D/AndroidRuntime( 8717): Calling main entry com.android.commands.settings.SettingsCmd
W/Finsky  ( 8699): [376] com.google.android.finsky.FinskyApp.i(1468): No account configured on this device.
D/AndroidRuntime( 8717): Shutting down VM
I/GAv4    ( 8756): Google Analytics 8.4.87 is starting up. To enable debug logging on a device run:
I/GAv4    ( 8756):   adb shell setprop log.tag.GAv4 DEBUG
I/GAv4    ( 8756):   adb logcat -s GAv4
W/GAv4    ( 8756): AnalyticsReceiver is not registered or is disabled. Register the receiver for reliable dispatching on non-Google Play devices. See http://goo.gl/8Rd3yj for instructions.
W/GAv4    ( 8756): CampaignTrackingReceiver is not registered, not exported or is disabled. Installation campaign tracking is not possible. See http://goo.gl/8Rd3yj for instructions.
W/GAv4    ( 8756): AnalyticsService not registered in the app manifest. Hits might not be delivered reliably. See http://goo.gl/8Rd3yj for instructions.
I/ActivityManager(  933): Killing 4326:com.google.android.partnersetup/u0a25 (adj 906): empty #17
I/ActivityManager(  933): Start proc 8812:com.google.android.partnersetup/u0a25 for broadcast com.google.android.partnersetup/.RlzPingBroadcastReceiver
I/UpdateIcingCorporaServi( 5771): Updating corpora: APPS=com.careerbuilder.SugarDrone, CONTACTS=MAYBE
D/Wear_Controller( 4402): Received broadcast action=android.intent.action.PACKAGE_ADDED and uri=com.careerbuilder.SugarDrone
W/System  ( 8812): ClassLoader referenced unknown path: /system/priv-app/GooglePartnerSetup/lib/arm64
I/PeopleContactsSync( 4402): triggerPendingContactsCleanup: no accounts
W/IcingInternalCorpora( 4402): getNumBytesRead when not calculated.
D/AndroidRuntime( 8790): >>>>>> START com.android.internal.os.RuntimeInit uid 2000 <<<<<<
D/AndroidRuntime( 8790): CheckJNI is OFF
D/ICU     ( 8790): No timezone override file found: /data/misc/zoneinfo/current/icu/icu_tzdata.dat
I/UpdateIcingCorporaServi( 5771): UpdateCorporaTask done [took 389 ms] updated apps [took 389 ms] 
I/Radio-JNI( 8790): register_android_hardware_Radio DONE
I/Icing   ( 4402): Usage reports 0 indexed 0 rejected 0 imm upload false
D/AndroidRuntime( 8790): Calling main entry com.android.commands.settings.SettingsCmd
D/AndroidRuntime( 8790): Shutting down VM
I/Icing   ( 4402): Usage reports 0 indexed 0 rejected 0 imm upload true
I/Icing   ( 4402): Usage reports 0 indexed 0 rejected 0 imm upload false
D/AndroidRuntime( 8855): >>>>>> START com.android.internal.os.RuntimeInit uid 2000 <<<<<<
D/AndroidRuntime( 8855): CheckJNI is OFF
D/ICU     ( 8855): No timezone override file found: /data/misc/zoneinfo/current/icu/icu_tzdata.dat
I/Radio-JNI( 8855): register_android_hardware_Radio DONE
D/AndroidRuntime( 8855): Calling main entry com.android.commands.settings.SettingsCmd
D/AndroidRuntime( 8855): Shutting down VM
I/Icing   ( 4402): Indexing C2CE3B9D8B360B0C5A25C2BEF223F6CB5449AD6A from com.google.android.googlequicksearchbox
I/Icing   ( 4402): Indexing done C2CE3B9D8B360B0C5A25C2BEF223F6CB5449AD6A
I/Icing   ( 4402): Indexing AB6E3D00885C5CBD00E6A1959F599F05594069D7 from com.google.android.gms
I/Icing   ( 4402): Indexing done AB6E3D00885C5CBD00E6A1959F599F05594069D7
D/AndroidRuntime( 8883): >>>>>> START com.android.internal.os.RuntimeInit uid 2000 <<<<<<
D/AndroidRuntime( 8883): CheckJNI is OFF
D/ICU     ( 8883): No timezone override file found: /data/misc/zoneinfo/current/icu/icu_tzdata.dat
I/Radio-JNI( 8883): register_android_hardware_Radio DONE
D/AndroidRuntime( 8883): Calling main entry com.android.commands.settings.SettingsCmd
D/AndroidRuntime( 8883): Shutting down VM
W/art     ( 8883): Thread attaching while runtime is shutting down: Binder:8883_2
I/AndroidRuntime( 8883): NOTE: attach of thread 'Binder:8883_2' failed
D/AndroidRuntime( 8908): >>>>>> START com.android.internal.os.RuntimeInit uid 2000 <<<<<<
D/AndroidRuntime( 8908): CheckJNI is OFF
D/ICU     ( 8908): No timezone override file found: /data/misc/zoneinfo/current/icu/icu_tzdata.dat
I/Radio-JNI( 8908): register_android_hardware_Radio DONE
D/AndroidRuntime( 8908): Calling main entry com.android.commands.settings.SettingsCmd
D/AndroidRuntime( 8908): Shutting down VM
D/AndroidRuntime( 8940): >>>>>> START com.android.internal.os.RuntimeInit uid 2000 <<<<<<
D/AndroidRuntime( 8940): CheckJNI is OFF
D/ICU     ( 8940): No timezone override file found: /data/misc/zoneinfo/current/icu/icu_tzdata.dat
I/Radio-JNI( 8940): register_android_hardware_Radio DONE
D/AndroidRuntime( 8940): Calling main entry com.android.commands.pm.Pm
W/MessageQueue( 8940): Handler (android.os.Handler) {9d67f40} sending message to a Handler on a dead thread
W/MessageQueue( 8940): java.lang.IllegalStateException: Handler (android.os.Handler) {9d67f40} sending message to a Handler on a dead thread
W/MessageQueue( 8940): 	at android.os.MessageQueue.enqueueMessage(MessageQueue.java:543)
W/MessageQueue( 8940): 	at android.os.Handler.enqueueMessage(Handler.java:643)
W/MessageQueue( 8940): 	at android.os.Handler.sendMessageAtTime(Handler.java:612)
W/MessageQueue( 8940): 	at android.os.Handler.sendMessageDelayed(Handler.java:582)
W/MessageQueue( 8940): 	at android.os.Handler.post(Handler.java:338)
W/MessageQueue( 8940): 	at android.os.ResultReceiver$MyResultReceiver.send(ResultReceiver.java:57)
W/MessageQueue( 8940): 	at com.android.internal.os.IResultReceiver$Stub.onTransact(IResultReceiver.java:58)
W/MessageQueue( 8940): 	at android.os.Binder.execTransact(Binder.java:565)
I/art     ( 8940): System.exit called, status: 0
I/AndroidRuntime( 8940): VM exiting with result code 0.
D/AndroidRuntime( 8998): >>>>>> START com.android.internal.os.RuntimeInit uid 2000 <<<<<<
D/AndroidRuntime( 8998): CheckJNI is OFF
D/ICU     ( 8998): No timezone override file found: /data/misc/zoneinfo/current/icu/icu_tzdata.dat
I/Radio-JNI( 8998): register_android_hardware_Radio DONE
D/AndroidRuntime( 8998): Calling main entry com.android.commands.pm.Pm
I/art     ( 8998): System.exit called, status: 0
I/AndroidRuntime( 8998): VM exiting with result code 0.
W/MessageQueue( 8998): Handler (android.os.Handler) {cba57f7} sending message to a Handler on a dead thread
W/MessageQueue( 8998): java.lang.IllegalStateException: Handler (android.os.Handler) {cba57f7} sending message to a Handler on a dead thread
W/MessageQueue( 8998): 	at android.os.MessageQueue.enqueueMessage(MessageQueue.java:543)
W/MessageQueue( 8998): 	at android.os.Handler.enqueueMessage(Handler.java:643)
W/MessageQueue( 8998): 	at android.os.Handler.sendMessageAtTime(Handler.java:612)
W/MessageQueue( 8998): 	at android.os.Handler.sendMessageDelayed(Handler.java:582)
W/MessageQueue( 8998): 	at android.os.Handler.post(Handler.java:338)
W/MessageQueue( 8998): 	at android.os.ResultReceiver$MyResultReceiver.send(ResultReceiver.java:57)
W/MessageQueue( 8998): 	at com.android.internal.os.IResultReceiver$Stub.onTransact(IResultReceiver.java:58)
W/MessageQueue( 8998): 	at android.os.Binder.execTransact(Binder.java:565)
D/AndroidRuntime( 9082): >>>>>> START com.android.internal.os.RuntimeInit uid 2000 <<<<<<
D/AndroidRuntime( 9082): CheckJNI is OFF
D/ICU     ( 9082): No timezone override file found: /data/misc/zoneinfo/current/icu/icu_tzdata.dat
I/Radio-JNI( 9082): register_android_hardware_Radio DONE
D/AndroidRuntime( 9082): Calling main entry com.android.commands.am.Am
W/ActivityManager(  933): Invalid packageName: com.careerbuilder.SugarDrone.test
D/AndroidRuntime( 9082): Shutting down VM
D/AndroidRuntime( 9114): >>>>>> START com.android.internal.os.RuntimeInit uid 2000 <<<<<<
D/AndroidRuntime( 9114): CheckJNI is OFF
D/ICU     ( 9114): No timezone override file found: /data/misc/zoneinfo/current/icu/icu_tzdata.dat
I/Radio-JNI( 9114): register_android_hardware_Radio DONE
D/AndroidRuntime( 9114): Calling main entry com.android.commands.pm.Pm
I/        (  512): free_cache(609973) avail 10779541504
I/rmt_storage(  394): rmt_storage_connect_cb: clnt_h=0xc conn_h=0x77e222a000
I/rmt_storage(  394): rmt_storage_rw_iovec_cb: /boot/modem_fs1: clnt_h=0xc: req_h=0xc msg_id=3: R/W request received
I/rmt_storage(  394): wakelock acquired: 1, error no: 42
I/rmt_storage(  394): rmt_storage_client_thread: /boot/modem_fs1: clnt_h=0xc Unblock worker thread (th_id: 514893149264)
I/rmt_storage(  394): rmt_storage_client_thread: /boot/modem_fs1: clnt_h=0xc: req_h=0xc msg_id=3: Bytes written = 1572864
I/rmt_storage(  394): rmt_storage_client_thread: /boot/modem_fs1: clnt_h=0xc: req_h=0xc msg_id=3: Send response: res=0 err=0
I/rmt_storage(  394): rmt_storage_client_thread: /boot/modem_fs1: clnt_h=0xc About to block rmt_storage client thread (th_id: 514893149264) wakelock released: 1, error no: 0
I/rmt_storage(  394): 
I/rmt_storage(  394): rmt_storage_disconnect_cb: clnt_h=0xc conn_h=0x77e222a000
I/PackageManager.DexOptimizer(  933): Running dexopt (dex2oat) on: /data/app/vmdl814931583.tmp/base.apk pkg=com.careerbuilder.SugarDrone.test isa=arm64 vmSafeMode=false debuggable=false target-filter=interpret-only oatDir = /data/app/vmdl814931583.tmp/oat sharedLibraries=/system/framework/android.test.runner.jar:/system/framework/com.google.android.maps.jar
I/dex2oat ( 9143): /system/bin/dex2oat --compiler-filter=interpret-only -j4
I/dex2oat ( 9143): dex2oat took 603.358ms (threads: 4) arena alloc=184KB (188728B) java alloc=2MB (2266072B) native alloc=2MB (2693824B) free=2MB (2549056B)
W/PackageManager(  933): Not granting permission android.permission.ACCESS_MOCK_LOCATION to package com.careerbuilder.SugarDrone.test (protectionLevel=2 flags=0x1800be44)
V/BackupManagerService(  933): restoreAtInstall pkg=com.careerbuilder.SugarDrone.test token=6 restoreSet=0
V/BackupManagerService(  933): Finishing install immediately
I/art     (  933): Starting a blocking GC Explicit
I/art     (  933): Explicit concurrent mark sweep GC freed 33942(2015KB) AllocSpace objects, 9(276KB) LOS objects, 33% free, 15MB/23MB, paused 1.527ms total 99.243ms
E/        (  512): Couldn't opendir /data/app/vmdl814931583.tmp: No such file or directory
I/InputReader(  933): Reconfiguring input devices.  changes=0x00000010
I/art     ( 9114): System.exit called, status: 0
I/AndroidRuntime( 9114): VM exiting with result code 0.
W/ActivityManager(  933): Permission Denial: Accessing service ComponentInfo{com.google.android.music/com.google.android.music.dial.DialMediaRouteProviderService} from pid=5271, uid=10085 that is not exported from uid 10071
D/CarrierSvcBindHelper( 3196): No carrier app for: 0
D/CarrierConfigLoader( 3196): mHandler: 9 phoneId: 0
D/RegisteredNfcFServicesCache( 4125): Service unchanged, not updating
I/Finsky  ( 8699): [1] com.google.android.finsky.utils.PermissionPolicies$PermissionPolicyService.onStartCommand(117): post-install permissions check for com.careerbuilder.SugarDrone.test
W/Finsky  ( 8699): [1] com.google.android.finsky.FinskyApp.i(1468): No account configured on this device.
I/Finsky  ( 8699): [1] com.google.android.finsky.utils.bh.run(2302): Package state data is missing for com.careerbuilder.SugarDrone.test
W/Finsky  ( 8699): [1] com.google.android.finsky.FinskyApp.i(1468): No account configured on this device.
I/UpdateIcingCorporaServi( 5771): Updating corpora: APPS=com.careerbuilder.SugarDrone.test, CONTACTS=MAYBE
I/UpdateIcingCorporaServi( 5771): UpdateCorporaTask done [took 63 ms] updated apps [took 63 ms] 
I/PeopleContactsSync( 4402): triggerPendingContactsCleanup: no accounts
D/Wear_Controller( 4402): Received broadcast action=android.intent.action.PACKAGE_ADDED and uri=com.careerbuilder.SugarDrone.test
W/IcingInternalCorpora( 4402): getNumBytesRead when not calculated.
I/Icing   ( 4402): Usage reports 0 indexed 0 rejected 0 imm upload false
I/Icing   ( 4402): Usage reports 0 indexed 0 rejected 0 imm upload false
V/JNIHelp ( 8756): Registering com/google/android/gms/org/conscrypt/NativeCrypto's 242 native methods...
D/NetworkSecurityConfig( 8756): No Network Security Config specified, using platform default
I/ProviderInstaller( 8756): Installed default security provider GmsCore_OpenSSL
D/AndroidRuntime( 9186): >>>>>> START com.android.internal.os.RuntimeInit uid 2000 <<<<<<
D/AndroidRuntime( 9186): CheckJNI is OFF
D/ICU     ( 9186): No timezone override file found: /data/misc/zoneinfo/current/icu/icu_tzdata.dat
I/Radio-JNI( 9186): register_android_hardware_Radio DONE
D/AndroidRuntime( 9186): Calling main entry com.android.commands.settings.SettingsCmd
D/AndroidRuntime( 9186): Shutting down VM
I/Icing   ( 4402): Indexing AB6E3D00885C5CBD00E6A1959F599F05594069D7 from com.google.android.gms
I/Icing   ( 4402): Indexing done AB6E3D00885C5CBD00E6A1959F599F05594069D7
D/AndroidRuntime( 9219): >>>>>> START com.android.internal.os.RuntimeInit uid 2000 <<<<<<
D/AndroidRuntime( 9219): CheckJNI is OFF
D/ICU     ( 9219): No timezone override file found: /data/misc/zoneinfo/current/icu/icu_tzdata.dat
I/Radio-JNI( 9219): register_android_hardware_Radio DONE
D/AndroidRuntime( 9219): Calling main entry com.android.commands.settings.SettingsCmd
D/AndroidRuntime( 9219): Shutting down VM
D/AndroidRuntime( 9249): >>>>>> START com.android.internal.os.RuntimeInit uid 2000 <<<<<<
D/AndroidRuntime( 9249): CheckJNI is OFF
D/ICU     ( 9249): No timezone override file found: /data/misc/zoneinfo/current/icu/icu_tzdata.dat
I/Radio-JNI( 9249): register_android_hardware_Radio DONE
D/AndroidRuntime( 9249): Calling main entry com.android.commands.settings.SettingsCmd
D/AndroidRuntime( 9249): Shutting down VM
D/AndroidRuntime( 9275): >>>>>> START com.android.internal.os.RuntimeInit uid 2000 <<<<<<
D/AndroidRuntime( 9275): CheckJNI is OFF
D/ICU     ( 9275): No timezone override file found: /data/misc/zoneinfo/current/icu/icu_tzdata.dat
I/Radio-JNI( 9275): register_android_hardware_Radio DONE
D/AndroidRuntime( 9275): Calling main entry com.android.commands.settings.SettingsCmd
D/AndroidRuntime( 9275): Shutting down VM
D/AndroidRuntime( 9299): >>>>>> START com.android.internal.os.RuntimeInit uid 2000 <<<<<<
D/AndroidRuntime( 9299): CheckJNI is OFF
D/ICU     ( 9299): No timezone override file found: /data/misc/zoneinfo/current/icu/icu_tzdata.dat
I/Radio-JNI( 9299): register_android_hardware_Radio DONE
D/AndroidRuntime( 9299): Calling main entry com.android.commands.settings.SettingsCmd
D/AndroidRuntime( 9299): Shutting down VM
D/AndroidRuntime( 9331): >>>>>> START com.android.internal.os.RuntimeInit uid 2000 <<<<<<
D/AndroidRuntime( 9331): CheckJNI is OFF
D/ICU     ( 9331): No timezone override file found: /data/misc/zoneinfo/current/icu/icu_tzdata.dat
I/Radio-JNI( 9331): register_android_hardware_Radio DONE
D/AndroidRuntime( 9331): Calling main entry com.android.commands.pm.Pm
I/art     ( 9331): System.exit called, status: 0
I/AndroidRuntime( 9331): VM exiting with result code 0.
W/MessageQueue( 9331): Handler (android.os.Handler) {1072a59} sending message to a Handler on a dead thread
W/MessageQueue( 9331): java.lang.IllegalStateException: Handler (android.os.Handler) {1072a59} sending message to a Handler on a dead thread
W/MessageQueue( 9331): 	at android.os.MessageQueue.enqueueMessage(MessageQueue.java:543)
W/MessageQueue( 9331): 	at android.os.Handler.enqueueMessage(Handler.java:643)
W/MessageQueue( 9331): 	at android.os.Handler.sendMessageAtTime(Handler.java:612)
W/MessageQueue( 9331): 	at android.os.Handler.sendMessageDelayed(Handler.java:582)
W/MessageQueue( 9331): 	at android.os.Handler.post(Handler.java:338)
W/MessageQueue( 9331): 	at android.os.ResultReceiver$MyResultReceiver.send(ResultReceiver.java:57)
W/MessageQueue( 9331): 	at com.android.internal.os.IResultReceiver$Stub.onTransact(IResultReceiver.java:58)
W/MessageQueue( 9331): 	at android.os.Binder.execTransact(Binder.java:565)
E/NetdConnector(  933): NDC event {613 IfaceClass idle 1 248800099420} took too long: 584ms
D/AndroidRuntime( 9399): >>>>>> START com.android.internal.os.RuntimeInit uid 2000 <<<<<<
D/AndroidRuntime( 9399): CheckJNI is OFF
D/ICU     ( 9399): No timezone override file found: /data/misc/zoneinfo/current/icu/icu_tzdata.dat
I/Radio-JNI( 9399): register_android_hardware_Radio DONE
D/AndroidRuntime( 9399): Calling main entry com.android.commands.pm.Pm
W/MessageQueue( 9399): Handler (android.os.Handler) {3eb0310} sending message to a Handler on a dead thread
W/MessageQueue( 9399): java.lang.IllegalStateException: Handler (android.os.Handler) {3eb0310} sending message to a Handler on a dead thread
W/MessageQueue( 9399): 	at android.os.MessageQueue.enqueueMessage(MessageQueue.java:543)
W/MessageQueue( 9399): 	at android.os.Handler.enqueueMessage(Handler.java:643)
W/MessageQueue( 9399): 	at android.os.Handler.sendMessageAtTime(Handler.java:612)
W/MessageQueue( 9399): 	at android.os.Handler.sendMessageDelayed(Handler.java:582)
W/MessageQueue( 9399): 	at android.os.Handler.post(Handler.java:338)
W/MessageQueue( 9399): 	at android.os.ResultReceiver$MyResultReceiver.send(ResultReceiver.java:57)
W/MessageQueue( 9399): 	at com.android.internal.os.IResultReceiver$Stub.onTransact(IResultReceiver.java:58)
W/MessageQueue( 9399): 	at android.os.Binder.execTransact(Binder.java:565)
I/art     ( 9399): System.exit called, status: 0
I/AndroidRuntime( 9399): VM exiting with result code 0.
I/ActivityManager(  933): Killing 7356:com.google.android.gms.unstable/u0a18 (adj 906): empty #17
I/ActivityManager(  933): Killing 5583:com.android.printspooler/u0a80 (adj 906): empty #17
D/AndroidRuntime( 9496): >>>>>> START com.android.internal.os.RuntimeInit uid 2000 <<<<<<
D/AndroidRuntime( 9496): CheckJNI is OFF
D/ICU     ( 9496): No timezone override file found: /data/misc/zoneinfo/current/icu/icu_tzdata.dat
I/Radio-JNI( 9496): register_android_hardware_Radio DONE
D/AndroidRuntime( 9496): Calling main entry com.android.commands.input.Input
I/Input   ( 9496): injectKeyEvent: KeyEvent { action=ACTION_DOWN, keyCode=KEYCODE_BACK, scanCode=0, metaState=0, flags=0x0, repeatCount=0, eventTime=255836, downTime=255836, deviceId=-1, source=0x101 }
I/Input   ( 9496): injectKeyEvent: KeyEvent { action=ACTION_UP, keyCode=KEYCODE_BACK, scanCode=0, metaState=0, flags=0x0, repeatCount=0, eventTime=255836, downTime=255836, deviceId=-1, source=0x101 }
D/AndroidRuntime( 9496): Shutting down VM
D/AndroidRuntime( 9556): >>>>>> START com.android.internal.os.RuntimeInit uid 2000 <<<<<<
D/AndroidRuntime( 9556): CheckJNI is OFF
D/ICU     ( 9556): No timezone override file found: /data/misc/zoneinfo/current/icu/icu_tzdata.dat
I/Radio-JNI( 9556): register_android_hardware_Radio DONE
D/AndroidRuntime( 9556): Calling main entry com.android.commands.input.Input
I/Input   ( 9556): injectKeyEvent: KeyEvent { action=ACTION_DOWN, keyCode=KEYCODE_HOME, scanCode=0, metaState=0, flags=0x0, repeatCount=0, eventTime=257729, downTime=257729, deviceId=-1, source=0x101 }
I/Input   ( 9556): injectKeyEvent: KeyEvent { action=ACTION_UP, keyCode=KEYCODE_HOME, scanCode=0, metaState=0, flags=0x0, repeatCount=0, eventTime=257729, downTime=257729, deviceId=-1, source=0x101 }
I/ActivityManager(  933): START u0 {act=android.intent.action.MAIN cat=[android.intent.category.HOME] flg=0x10200000 cmp=com.google.android.googlequicksearchbox/com.google.android.launcher.GEL (has extras)} from uid 1000 on display 0
I/GEL     ( 4174): handleIntent(Intent { act=android.intent.action.MAIN cat=[android.intent.category.HOME] flg=0x10200000 cmp=com.google.android.googlequicksearchbox/com.google.android.launcher.GEL (has extras) })
D/AndroidRuntime( 9556): Shutting down VM
W/Finsky  ( 8699): [374] com.google.android.finsky.FinskyApp.i(1468): No account configured on this device.
I/Finsky  ( 8699): [374] com.google.android.finsky.c.e.run(1151): Replicating app states via AMAS.
I/Finsky  ( 8699): [374] com.google.android.finsky.c.c.a(311): Completed 0 account content syncs with 0 successful.
I/Finsky  ( 8699): [1] com.google.android.finsky.services.j.a(149): Installation state replication succeeded.
D/AndroidRuntime( 9597): >>>>>> START com.android.internal.os.RuntimeInit uid 2000 <<<<<<
D/AndroidRuntime( 9597): CheckJNI is OFF
D/ICU     ( 9597): No timezone override file found: /data/misc/zoneinfo/current/icu/icu_tzdata.dat
I/Radio-JNI( 9597): register_android_hardware_Radio DONE
D/AndroidRuntime( 9597): Calling main entry com.android.commands.input.Input
I/Input   ( 9597): injectKeyEvent: KeyEvent { action=ACTION_DOWN, keyCode=KEYCODE_BACK, scanCode=0, metaState=0, flags=0x0, repeatCount=0, eventTime=259154, downTime=259154, deviceId=-1, source=0x101 }
I/Input   ( 9597): injectKeyEvent: KeyEvent { action=ACTION_UP, keyCode=KEYCODE_BACK, scanCode=0, metaState=0, flags=0x0, repeatCount=0, eventTime=259154, downTime=259154, deviceId=-1, source=0x101 }
D/AndroidRuntime( 9597): Shutting down VM
D/AndroidRuntime( 9629): >>>>>> START com.android.internal.os.RuntimeInit uid 2000 <<<<<<
D/AndroidRuntime( 9629): CheckJNI is OFF
D/ICU     ( 9629): No timezone override file found: /data/misc/zoneinfo/current/icu/icu_tzdata.dat
I/Radio-JNI( 9629): register_android_hardware_Radio DONE
D/AndroidRuntime( 9629): Calling main entry com.android.commands.am.Am
I/ActivityManager(  933): Force stopping com.careerbuilder.SugarDrone appid=19023 user=0: start instr
I/ActivityManager(  933): Start proc 9657:com.careerbuilder.SugarDrone/u0a9023 for added application com.careerbuilder.SugarDrone
I/art     ( 9657): Late-enabling -Xcheck:jni
W/System  ( 9657): ClassLoader referenced unknown path: /data/app/com.careerbuilder.SugarDrone.test-1/lib/arm64
W/System  ( 9657): ClassLoader referenced unknown path: 
W/monodroid( 9657): Using override path: /data/user/0/com.careerbuilder.SugarDrone/files/.__override__
W/monodroid( 9657): Trying to load sgen from: /data/user/0/com.careerbuilder.SugarDrone/files/.__override__/libmonosgen-2.0.so
W/monodroid( 9657): Trying to load sgen from: /storage/emulated/0/Android/data/com.careerbuilder.SugarDrone/files/.__override__/libmonosgen-2.0.so
W/monodroid( 9657): Trying to load sgen from: /data/app/com.careerbuilder.SugarDrone-1/lib/arm/libmonosgen-2.0.so
D/Mono    ( 9657): Image addref mscorlib[0xddc18380] -> mscorlib.dll[0xe03f7900]: 2
D/Mono    ( 9657): Prepared to set up assembly 'mscorlib' (mscorlib.dll)
D/Mono    ( 9657): AOT module 'mscorlib.dll.so' not found: dlopen failed: library "/data/app/com.careerbuilder.SugarDrone-1/lib/arm/libaot-mscorlib.dll.so" not found
D/Mono    ( 9657): AOT module '/Users/builder/data/lanes/4009/3a62f1ea/source/monodroid/builds/install/mono-armv6/lib/mono/aot-cache/arm/mscorlib.dll.so' not found: dlopen failed: library "/data/app/com.careerbuilder.SugarDrone-1/lib/arm/libaot-mscorlib.dll.so" not found
D/Mono    ( 9657): Config attempting to parse: 'mscorlib.dll.config'.
D/Mono    ( 9657): Config attempting to parse: '/Users/builder/data/lanes/4009/3a62f1ea/source/monodroid/builds/install/mono-armv6/etc/mono/assemblies/mscorlib/mscorlib.config'.
D/Mono    ( 9657): Assembly mscorlib[0xddc18380] added to domain RootDomain, ref_count=1
D/Mono    ( 9657): Image addref CareerBuilder_Search.Droid[0xddc183e0] -> CareerBuilder_Search.Droid.dll[0xe03f8800]: 2
D/Mono    ( 9657): Prepared to set up assembly 'CareerBuilder_Search.Droid' (CareerBuilder_Search.Droid.dll)
D/Mono    ( 9657): Assembly CareerBuilder_Search.Droid[0xddc183e0] added to domain RootDomain, ref_count=1
D/Mono    ( 9657): AOT module 'CareerBuilder_Search.Droid.dll.so' not found: dlopen failed: library "/data/app/com.careerbuilder.SugarDrone-1/lib/arm/libaot-CareerBuilder_Search.Droid.dll.so" not found
D/Mono    ( 9657): AOT module '/Users/builder/data/lanes/4009/3a62f1ea/source/monodroid/builds/install/mono-armv6/lib/mono/aot-cache/arm/CareerBuilder_Search.Droid.dll.so' not found: dlopen failed: library "/data/app/com.careerbuilder.SugarDrone-1/lib/arm/libaot-CareerBuilder_Search.Droid.dll.so" not found
D/Mono    ( 9657): Config attempting to parse: 'CareerBuilder_Search.Droid.dll.config'.
D/Mono    ( 9657): Config attempting to parse: '/Users/builder/data/lanes/4009/3a62f1ea/source/monodroid/builds/install/mono-armv6/etc/mono/assemblies/CareerBuilder_Search.Droid/CareerBuilder_Search.Droid.config'.
D/Mono    ( 9657): Image addref AppsFlyerXamarinBindingAndroid[0xddc18440] -> AppsFlyerXamarinBindingAndroid.dll[0xe03fa100]: 2
D/Mono    ( 9657): Prepared to set up assembly 'AppsFlyerXamarinBindingAndroid' (AppsFlyerXamarinBindingAndroid.dll)
D/Mono    ( 9657): Assembly AppsFlyerXamarinBindingAndroid[0xddc18440] added to domain RootDomain, ref_count=1
D/Mono    ( 9657): AOT module 'AppsFlyerXamarinBindingAndroid.dll.so' not found: dlopen failed: library "/data/app/com.careerbuilder.SugarDrone-1/lib/arm/libaot-AppsFlyerXamarinBindingAndroid.dll.so" not found
D/Mono    ( 9657): AOT module '/Users/builder/data/lanes/4009/3a62f1ea/source/monodroid/builds/install/mono-armv6/lib/mono/aot-cache/arm/AppsFlyerXamarinBindingAndroid.dll.so' not found: dlopen failed: library "/data/app/com.careerbuilder.SugarDrone-1/lib/arm/libaot-AppsFlyerXamarinBindingAndroid.dll.so" not found
D/Mono    ( 9657): Config attempting to parse: 'AppsFlyerXamarinBindingAndroid.dll.config'.
D/Mono    ( 9657): Config attempting to parse: '/Users/builder/data/lanes/4009/3a62f1ea/source/monodroid/builds/install/mono-armv6/etc/mono/assemblies/AppsFlyerXamarinBindingAndroid/AppsFlyerXamarinBindingAndroid.config'.
D/Mono    ( 9657): Image addref HockeySDK[0xddc184a0] -> HockeySDK.dll[0xe03fa600]: 2
D/Mono    ( 9657): Prepared to set up assembly 'HockeySDK' (HockeySDK.dll)
D/Mono    ( 9657): Assembly HockeySDK[0xddc184a0] added to domain RootDomain, ref_count=1
D/Mono    ( 9657): AOT module 'HockeySDK.dll.so' not found: dlopen failed: library "/data/app/com.careerbuilder.SugarDrone-1/lib/arm/libaot-HockeySDK.dll.so" not found
D/Mono    ( 9657): AOT module '/Users/builder/data/lanes/4009/3a62f1ea/source/monodroid/builds/install/mono-armv6/lib/mono/aot-cache/arm/HockeySDK.dll.so' not found: dlopen failed: library "/data/app/com.careerbuilder.SugarDrone-1/lib/arm/libaot-HockeySDK.dll.so" not found
D/Mono    ( 9657): Config attempting to parse: 'HockeySDK.dll.config'.
D/Mono    ( 9657): Config attempting to parse: '/Users/builder/data/lanes/4009/3a62f1ea/source/monodroid/builds/install/mono-armv6/etc/mono/assemblies/HockeySDK/HockeySDK.config'.
D/Mono    ( 9657): Image addref Akavache[0xddc18500] -> Akavache.dll[0xe03fab00]: 2
D/Mono    ( 9657): Prepared to set up assembly 'Akavache' (Akavache.dll)
D/Mono    ( 9657): Assembly Akavache[0xddc18500] added to domain RootDomain, ref_count=1
D/Mono    ( 9657): AOT module 'Akavache.dll.so' not found: dlopen failed: library "/data/app/com.careerbuilder.SugarDrone-1/lib/arm/libaot-Akavache.dll.so" not found
D/Mono    ( 9657): AOT module '/Users/builder/data/lanes/4009/3a62f1ea/source/monodroid/builds/install/mono-armv6/lib/mono/aot-cache/arm/Akavache.dll.so' not found: dlopen failed: library "/data/app/com.careerbuilder.SugarDrone-1/lib/arm/libaot-Akavache.dll.so" not found
D/Mono    ( 9657): Config attempting to parse: 'Akavache.dll.config'.
D/Mono    ( 9657): Config attempting to parse: '/Users/builder/data/lanes/4009/3a62f1ea/source/monodroid/builds/install/mono-armv6/etc/mono/assemblies/Akavache/Akavache.config'.
D/Mono    ( 9657): Image addref Akavache.Sqlite3[0xddc18560] -> Akavache.Sqlite3.dll[0xddc35000]: 2
D/Mono    ( 9657): Prepared to set up assembly 'Akavache.Sqlite3' (Akavache.Sqlite3.dll)
D/Mono    ( 9657): Assembly Akavache.Sqlite3[0xddc18560] added to domain RootDomain, ref_count=1
D/Mono    ( 9657): AOT module 'Akavache.Sqlite3.dll.so' not found: dlopen failed: library "/data/app/com.careerbuilder.SugarDrone-1/lib/arm/libaot-Akavache.Sqlite3.dll.so" not found
D/Mono    ( 9657): AOT module '/Users/builder/data/lanes/4009/3a62f1ea/source/monodroid/builds/install/mono-armv6/lib/mono/aot-cache/arm/Akavache.Sqlite3.dll.so' not found: dlopen failed: library "/data/app/com.careerbuilder.SugarDrone-1/lib/arm/libaot-Akavache.Sqlite3.dll.so" not found
W/        ( 9657): Symbol file LoadedFromMemory doesn't match image Akavache.Sqlite3.dll
D/Mono    ( 9657): Config attempting to parse: 'Akavache.Sqlite3.dll.config'.
D/Mono    ( 9657): Config attempting to parse: '/Users/builder/data/lanes/4009/3a62f1ea/source/monodroid/builds/install/mono-armv6/etc/mono/assemblies/Akavache.Sqlite3/Akavache.Sqlite3.config'.
D/Mono    ( 9657): Image addref Splat[0xddc185c0] -> Splat.dll[0xddc35500]: 2
D/Mono    ( 9657): Prepared to set up assembly 'Splat' (Splat.dll)
D/Mono    ( 9657): Assembly Splat[0xddc185c0] added to domain RootDomain, ref_count=1
D/Mono    ( 9657): AOT module 'Splat.dll.so' not found: dlopen failed: library "/data/app/com.careerbuilder.SugarDrone-1/lib/arm/libaot-Splat.dll.so" not found
D/Mono    ( 9657): AOT module '/Users/builder/data/lanes/4009/3a62f1ea/source/monodroid/builds/install/mono-armv6/lib/mono/aot-cache/arm/Splat.dll.so' not found: dlopen failed: library "/data/app/com.careerbuilder.SugarDrone-1/lib/arm/libaot-Splat.dll.so" not found
D/Mono    ( 9657): Config attempting to parse: 'Splat.dll.config'.
D/Mono    ( 9657): Config attempting to parse: '/Users/builder/data/lanes/4009/3a62f1ea/source/monodroid/builds/install/mono-armv6/etc/mono/assemblies/Splat/Splat.config'.
D/Mono    ( 9657): Image addref Microsoft.Practices.ServiceLocation[0xddc18620] -> Microsoft.Practices.ServiceLocation.dll[0xddc35a00]: 2
D/Mono    ( 9657): Prepared to set up assembly 'Microsoft.Practices.ServiceLocation' (Microsoft.Practices.ServiceLocation.dll)
D/Mono    ( 9657): Assembly Microsoft.Practices.ServiceLocation[0xddc18620] added to domain RootDomain, ref_count=1
D/Mono    ( 9657): AOT module 'Microsoft.Practices.ServiceLocation.dll.so' not found: dlopen failed: library "/data/app/com.careerbuilder.SugarDrone-1/lib/arm/libaot-Microsoft.Practices.ServiceLocation.dll.so" not found
D/Mono    ( 9657): AOT module '/Users/builder/data/lanes/4009/3a62f1ea/source/monodroid/builds/install/mono-armv6/lib/mono/aot-cache/arm/Microsoft.Practices.ServiceLocation.dll.so' not found: dlopen failed: library "/data/app/com.careerbuilder.SugarDrone-1/lib/arm/libaot-Microsoft.Practices.ServiceLocation.dll.so" not found
D/Mono    ( 9657): Config attempting to parse: 'Microsoft.Practices.ServiceLocation.dll.config'.
D/Mono    ( 9657): Config attempting to parse: '/Users/builder/data/lanes/4009/3a62f1ea/source/monodroid/builds/install/mono-armv6/etc/mono/assemblies/Microsoft.Practices.ServiceLocation/Microsoft.Practices.ServiceLocation.config'.
D/Mono    ( 9657): Image addref Microsoft.Practices.Unity[0xddc18680] -> Microsoft.Practices.Unity.dll[0xddc35f00]: 2
D/Mono    ( 9657): Prepared to set up assembly 'Microsoft.Practices.Unity' (Microsoft.Practices.Unity.dll)
D/Mono    ( 9657): Assembly Microsoft.Practices.Unity[0xddc18680] added to domain RootDomain, ref_count=1
D/Mono    ( 9657): AOT module 'Microsoft.Practices.Unity.dll.so' not found: dlopen failed: library "/data/app/com.careerbuilder.SugarDrone-1/lib/arm/libaot-Microsoft.Practices.Unity.dll.so" not found
D/Mono    ( 9657): AOT module '/Users/builder/data/lanes/4009/3a62f1ea/source/monodroid/builds/install/mono-armv6/lib/mono/aot-cache/arm/Microsoft.Practices.Unity.dll.so' not found: dlopen failed: library "/data/app/com.careerbuilder.SugarDrone-1/lib/arm/libaot-Microsoft.Practices.Unity.dll.so" not found
D/Mono    ( 9657): Config attempting to parse: 'Microsoft.Practices.Unity.dll.config'.
D/Mono    ( 9657): Config attempting to parse: '/Users/builder/data/lanes/4009/3a62f1ea/source/monodroid/builds/install/mono-armv6/etc/mono/assemblies/Microsoft.Practices.Unity/Microsoft.Practices.Unity.config'.
D/Mono    ( 9657): Image addref Plugin.CurrentActivity[0xddc186e0] -> Plugin.CurrentActivity.dll[0xddc36400]: 2
D/Mono    ( 9657): Prepared to set up assembly 'Plugin.CurrentActivity' (Plugin.CurrentActivity.dll)
D/Mono    ( 9657): Assembly Plugin.CurrentActivity[0xddc186e0] added to domain RootDomain, ref_count=1
D/Mono    ( 9657): AOT module 'Plugin.CurrentActivity.dll.so' not found: dlopen failed: library "/data/app/com.careerbuilder.SugarDrone-1/lib/arm/libaot-Plugin.CurrentActivity.dll.so" not found
D/Mono    ( 9657): AOT module '/Users/builder/data/lanes/4009/3a62f1ea/source/monodroid/builds/install/mono-armv6/lib/mono/aot-cache/arm/Plugin.CurrentActivity.dll.so' not found: dlopen failed: library "/data/app/com.careerbuilder.SugarDrone-1/lib/arm/libaot-Plugin.CurrentActivity.dll.so" not found
D/Mono    ( 9657): Config attempting to parse: 'Plugin.CurrentActivity.dll.config'.
D/Mono    ( 9657): Config attempting to parse: '/Users/builder/data/lanes/4009/3a62f1ea/source/monodroid/builds/install/mono-armv6/etc/mono/assemblies/Plugin.CurrentActivity/Plugin.CurrentActivity.config'.
D/Mono    ( 9657): Image addref Plugin.Permissions[0xddc18740] -> Plugin.Permissions.dll[0xddc36900]: 2
D/Mono    ( 9657): Prepared to set up assembly 'Plugin.Permissions' (Plugin.Permissions.dll)
D/Mono    ( 9657): Assembly Plugin.Permissions[0xddc18740] added to domain RootDomain, ref_count=1
D/Mono    ( 9657): AOT module 'Plugin.Permissions.dll.so' not found: dlopen failed: library "/data/app/com.careerbuilder.SugarDrone-1/lib/arm/libaot-Plugin.Permissions.dll.so" not found
D/Mono    ( 9657): AOT module '/Users/builder/data/lanes/4009/3a62f1ea/source/monodroid/builds/install/mono-armv6/lib/mono/aot-cache/arm/Plugin.Permissions.dll.so' not found: dlopen failed: library "/data/app/com.careerbuilder.SugarDrone-1/lib/arm/libaot-Plugin.Permissions.dll.so" not found
D/Mono    ( 9657): Config attempting to parse: 'Plugin.Permissions.dll.config'.
D/Mono    ( 9657): Config attempting to parse: '/Users/builder/data/lanes/4009/3a62f1ea/source/monodroid/builds/install/mono-armv6/etc/mono/assemblies/Plugin.Permissions/Plugin.Permissions.config'.
D/Mono    ( 9657): Image addref Plugin.Permissions.Abstractions[0xddc187a0] -> Plugin.Permissions.Abstractions.dll[0xddc36e00]: 2
D/Mono    ( 9657): Prepared to set up assembly 'Plugin.Permissions.Abstractions' (Plugin.Permissions.Abstractions.dll)
D/Mono    ( 9657): Assembly Plugin.Permissions.Abstractions[0xddc187a0] added to domain RootDomain, ref_count=1
D/Mono    ( 9657): AOT module 'Plugin.Permissions.Abstractions.dll.so' not found: dlopen failed: library "/data/app/com.careerbuilder.SugarDrone-1/lib/arm/libaot-Plugin.Permissions.Abstractions.dll.so" not found
D/Mono    ( 9657): AOT module '/Users/builder/data/lanes/4009/3a62f1ea/source/monodroid/builds/install/mono-armv6/lib/mono/aot-cache/arm/Plugin.Permissions.Abstractions.dll.so' not found: dlopen failed: library "/data/app/com.careerbuilder.SugarDrone-1/lib/arm/libaot-Plugin.Permissions.Abstractions.dll.so" not found
D/Mono    ( 9657): Config attempting to parse: 'Plugin.Permissions.Abstractions.dll.config'.
D/Mono    ( 9657): Config attempting to parse: '/Users/builder/data/lanes/4009/3a62f1ea/source/monodroid/builds/install/mono-armv6/etc/mono/assemblies/Plugin.Permissions.Abstractions/Plugin.Permissions.Abstractions.config'.
D/Mono    ( 9657): Image addref Plugin.Geolocator[0xddc18800] -> Plugin.Geolocator.dll[0xddc37300]: 2
D/Mono    ( 9657): Prepared to set up assembly 'Plugin.Geolocator' (Plugin.Geolocator.dll)
D/Mono    ( 9657): Assembly Plugin.Geolocator[0xddc18800] added to domain RootDomain, ref_count=1
D/Mono    ( 9657): AOT module 'Plugin.Geolocator.dll.so' not found: dlopen failed: library "/data/app/com.careerbuilder.SugarDrone-1/lib/arm/libaot-Plugin.Geolocator.dll.so" not found
D/Mono    ( 9657): AOT module '/Users/builder/data/lanes/4009/3a62f1ea/source/monodroid/builds/install/mono-armv6/lib/mono/aot-cache/arm/Plugin.Geolocator.dll.so' not found: dlopen failed: library "/data/app/com.careerbuilder.SugarDrone-1/lib/arm/libaot-Plugin.Geolocator.dll.so" not found
D/Mono    ( 9657): Config attempting to parse: 'Plugin.Geolocator.dll.config'.
D/Mono    ( 9657): Config attempting to parse: '/Users/builder/data/lanes/4009/3a62f1ea/source/monodroid/builds/install/mono-armv6/etc/mono/assemblies/Plugin.Geolocator/Plugin.Geolocator.config'.
D/Mono    ( 9657): Image addref Plugin.Geolocator.Abstractions[0xddc18860] -> Plugin.Geolocator.Abstractions.dll[0xddc37800]: 2
D/Mono    ( 9657): Prepared to set up assembly 'Plugin.Geolocator.Abstractions' (Plugin.Geolocator.Abstractions.dll)
D/Mono    ( 9657): Assembly Plugin.Geolocator.Abstractions[0xddc18860] added to domain RootDomain, ref_count=1
D/Mono    ( 9657): AOT module 'Plugin.Geolocator.Abstractions.dll.so' not found: dlopen failed: library "/data/app/com.careerbuilder.SugarDrone-1/lib/arm/libaot-Plugin.Geolocator.Abstractions.dll.so" not found
D/Mono    ( 9657): AOT module '/Users/builder/data/lanes/4009/3a62f1ea/source/monodroid/builds/install/mono-armv6/lib/mono/aot-cache/arm/Plugin.Geolocator.Abstractions.dll.so' not found: dlopen failed: library "/data/app/com.careerbuilder.SugarDrone-1/lib/arm/libaot-Plugin.Geolocator.Abstractions.dll.so" not found
D/Mono    ( 9657): Config attempting to parse: 'Plugin.Geolocator.Abstractions.dll.config'.
D/Mono    ( 9657): Config attempting to parse: '/Users/builder/data/lanes/4009/3a62f1ea/source/monodroid/builds/install/mono-armv6/etc/mono/assemblies/Plugin.Geolocator.Abstractions/Plugin.Geolocator.Abstractions.config'.
D/Mono    ( 9657): Image addref Plugin.DeviceInfo[0xddc188c0] -> Plugin.DeviceInfo.dll[0xddc37d00]: 2
D/Mono    ( 9657): Prepared to set up assembly 'Plugin.DeviceInfo' (Plugin.DeviceInfo.dll)
D/Mono    ( 9657): Assembly Plugin.DeviceInfo[0xddc188c0] added to domain RootDomain, ref_count=1
D/Mono    ( 9657): AOT module 'Plugin.DeviceInfo.dll.so' not found: dlopen failed: library "/data/app/com.careerbuilder.SugarDrone-1/lib/arm/libaot-Plugin.DeviceInfo.dll.so" not found
D/Mono    ( 9657): AOT module '/Users/builder/data/lanes/4009/3a62f1ea/source/monodroid/builds/install/mono-armv6/lib/mono/aot-cache/arm/Plugin.DeviceInfo.dll.so' not found: dlopen failed: library "/data/app/com.careerbuilder.SugarDrone-1/lib/arm/libaot-Plugin.DeviceInfo.dll.so" not found
D/Mono    ( 9657): Config attempting to parse: 'Plugin.DeviceInfo.dll.config'.
D/Mono    ( 9657): Config attempting to parse: '/Users/builder/data/lanes/4009/3a62f1ea/source/monodroid/builds/install/mono-armv6/etc/mono/assemblies/Plugin.DeviceInfo/Plugin.DeviceInfo.config'.
D/Mono    ( 9657): Image addref Plugin.DeviceInfo.Abstractions[0xddc18920] -> Plugin.DeviceInfo.Abstractions.dll[0xddc38200]: 2
D/Mono    ( 9657): Prepared to set up assembly 'Plugin.DeviceInfo.Abstractions' (Plugin.DeviceInfo.Abstractions.dll)
D/Mono    ( 9657): Assembly Plugin.DeviceInfo.Abstractions[0xddc18920] added to domain RootDomain, ref_count=1
D/Mono    ( 9657): AOT module 'Plugin.DeviceInfo.Abstractions.dll.so' not found: dlopen failed: library "/data/app/com.careerbuilder.SugarDrone-1/lib/arm/libaot-Plugin.DeviceInfo.Abstractions.dll.so" not found
D/Mono    ( 9657): AOT module '/Users/builder/data/lanes/4009/3a62f1ea/source/monodroid/builds/install/mono-armv6/lib/mono/aot-cache/arm/Plugin.DeviceInfo.Abstractions.dll.so' not found: dlopen failed: library "/data/app/com.careerbuilder.SugarDrone-1/lib/arm/libaot-Plugin.DeviceInfo.Abstractions.dll.so" not found
D/Mono    ( 9657): Config attempting to parse: 'Plugin.DeviceInfo.Abstractions.dll.config'.
D/Mono    ( 9657): Config attempting to parse: '/Users/builder/data/lanes/4009/3a62f1ea/source/monodroid/builds/install/mono-armv6/etc/mono/assemblies/Plugin.DeviceInfo.Abstractions/Plugin.DeviceInfo.Abstractions.config'.
