<![CDATA[
]]><xtc-scenario name="[0-1068]CareerBuilder_Search.DroidFeatureTests.SearchDialogueTests.CanFillOutKeywords" id="[0-1068]CareerBuilder_Search.DroidFeatureTests.SearchDialogueTests.CanFillOutKeywords"><![CDATA[
I/ThermalEngine(  502): ACTION: Hotplugged ON CPU[5]
I/ThermalEngine(  502): ACTION: Hotplugged ON CPU[4]

]]><xtc-step name="[0-1068]CareerBuilder_Search.DroidFeatureTests.SearchDialogueTests.CanFillOutKeywords-CanFillOutKeywords" id="[0-1068]CareerBuilder_Search.DroidFeatureTests.SearchDialogueTests.CanFillOutKeywords-CanFillOutKeywords"><![CDATA[
D/AndroidRuntime( 8052): >>>>>> START com.android.internal.os.RuntimeInit uid 2000 <<<<<<
D/AndroidRuntime( 8052): CheckJNI is OFF
D/ICU     ( 8052): No timezone override file found: /data/misc/zoneinfo/current/icu/icu_tzdata.dat
I/Radio-JNI( 8052): register_android_hardware_Radio DONE
D/AndroidRuntime( 8052): Calling main entry com.android.commands.pm.Pm
W/MessageQueue( 8052): Handler (android.os.Handler) {7cf8343} sending message to a Handler on a dead thread
W/MessageQueue( 8052): java.lang.IllegalStateException: Handler (android.os.Handler) {7cf8343} sending message to a Handler on a dead thread
W/MessageQueue( 8052): 	at android.os.MessageQueue.enqueueMessage(MessageQueue.java:543)
W/MessageQueue( 8052): 	at android.os.Handler.enqueueMessage(Handler.java:643)
W/MessageQueue( 8052): 	at android.os.Handler.sendMessageAtTime(Handler.java:612)
W/MessageQueue( 8052): 	at android.os.Handler.sendMessageDelayed(Handler.java:582)
W/MessageQueue( 8052): 	at android.os.Handler.post(Handler.java:338)
W/MessageQueue( 8052): 	at android.os.ResultReceiver$MyResultReceiver.send(ResultReceiver.java:57)
W/MessageQueue( 8052): 	at com.android.internal.os.IResultReceiver$Stub.onTransact(IResultReceiver.java:58)
W/MessageQueue( 8052): 	at android.os.Binder.execTransact(Binder.java:565)
I/art     ( 8052): System.exit called, status: 0
I/AndroidRuntime( 8052): VM exiting with result code 0.
I/ActivityManager(  873): Killing 6912:com.google.process.gapps/u0a56 (adj 906): empty #17
I/ActivityManager(  873): Killing 5807:com.google.android.apps.docs/u0a52 (adj 906): empty #17
I/ActivityManager(  873): Killing 5768:com.android.musicfx/u0a29 (adj 906): empty #18
D/AndroidRuntime( 8711): >>>>>> START com.android.internal.os.RuntimeInit uid 2000 <<<<<<
D/AndroidRuntime( 8711): CheckJNI is OFF
D/ICU     ( 8711): No timezone override file found: /data/misc/zoneinfo/current/icu/icu_tzdata.dat
I/Radio-JNI( 8711): register_android_hardware_Radio DONE
D/AndroidRuntime( 8711): Calling main entry com.android.commands.am.Am
W/ActivityManager(  873): Invalid packageName: com.careerbuilder.SugarDrone
D/AndroidRuntime( 8711): Shutting down VM
I/ThermalEngine(  502): ACTION: Hotplugged OFF CPU[5]
I/ThermalEngine(  502): ACTION: Hotplugged OFF CPU[4]
I/rmt_storage(  395): rmt_storage_connect_cb: clnt_h=0xc conn_h=0x7b0202a210
I/rmt_storage(  395): rmt_storage_rw_iovec_cb: /boot/modem_fs1: clnt_h=0x6: req_h=0xc msg_id=3: R/W request received
I/rmt_storage(  395): wakelock acquired: 1, error no: 42
I/rmt_storage(  395): rmt_storage_client_thread: /boot/modem_fs1: clnt_h=0x6 Unblock worker thread (th_id: 528312955984)
I/rmt_storage(  395): rmt_storage_client_thread: /boot/modem_fs1: clnt_h=0x6: req_h=0xc msg_id=3: Bytes written = 1572864
I/rmt_storage(  395): rmt_storage_client_thread: /boot/modem_fs1: clnt_h=0x6: req_h=0xc msg_id=3: Send response: res=0 err=0
I/rmt_storage(  395): rmt_storage_client_thread: /boot/modem_fs1: clnt_h=0x6 About to block rmt_storage client thread (th_id: 528312955984) wakelock released: 1, error no: 22
I/rmt_storage(  395): 
I/rmt_storage(  395): rmt_storage_disconnect_cb: clnt_h=0xc conn_h=0x7b0202a210
D/AndroidRuntime( 9171): >>>>>> START com.android.internal.os.RuntimeInit uid 2000 <<<<<<
D/AndroidRuntime( 9171): CheckJNI is OFF
D/ICU     ( 9171): No timezone override file found: /data/misc/zoneinfo/current/icu/icu_tzdata.dat
I/Radio-JNI( 9171): register_android_hardware_Radio DONE
D/AndroidRuntime( 9171): Calling main entry com.android.commands.pm.Pm
I/        (  509): free_cache(71725114) avail 10808057856
I/PackageManager.DexOptimizer(  873): Running dexopt (dex2oat) on: /data/app/vmdl1637821639.tmp/base.apk pkg=com.careerbuilder.SugarDrone isa=arm vmSafeMode=false debuggable=true target-filter=interpret-only oatDir = /data/app/vmdl1637821639.tmp/oat sharedLibraries=null
I/dex2oat ( 9222): /system/bin/dex2oat --compiler-filter=interpret-only -j4 --debuggable
W/dex2oat ( 9222): Before Android 4.1, method android.graphics.PorterDuffColorFilter android.support.graphics.drawable.VectorDrawableCompat.updateTintFilter(android.graphics.PorterDuffColorFilter, android.content.res.ColorStateList, android.graphics.PorterDuff$Mode) would have incorrectly overridden the package-private method in android.graphics.drawable.Drawable
W/dex2oat ( 9222): Before Android 4.1, method int android.support.v7.widget.ListViewCompat.lookForSelectablePosition(int, boolean) would have incorrectly overridden the package-private method in android.widget.ListView
I/dex2oat ( 9222): dex2oat took 1.973s (threads: 4) arena alloc=3KB (3944B) java alloc=4MB (5077008B) native alloc=6MB (7311744B) free=2MB (2649728B)
W/PackageManager(  873): Not granting permission android.permission.MANAGE_DOCUMENTS to package com.careerbuilder.SugarDrone (protectionLevel=2 flags=0x3808be46)
W/PackageManager(  873): Not granting permission android.permission.MOUNT_UNMOUNT_FILESYSTEMS to package com.careerbuilder.SugarDrone (protectionLevel=18 flags=0x3808be46)
V/BackupManagerService(  873): restoreAtInstall pkg=com.careerbuilder.SugarDrone token=5 restoreSet=0
V/BackupManagerService(  873): Finishing install immediately
I/art     (  873): Starting a blocking GC Explicit
I/art     (  873): Explicit concurrent mark sweep GC freed 120227(6MB) AllocSpace objects, 20(1152KB) LOS objects, 33% free, 16MB/24MB, paused 1.525ms total 118.734ms
E/        (  509): Couldn't opendir /data/app/vmdl1637821639.tmp: No such file or directory
I/art     ( 9171): System.exit called, status: 0
I/AndroidRuntime( 9171): VM exiting with result code 0.
I/ActivityManager(  873): Start proc 9268:com.android.musicfx/u0a29 for broadcast com.android.musicfx/.Compatibility$Receiver
W/ActivityManager(  873): Permission Denial: Accessing service ComponentInfo{com.google.android.music/com.google.android.music.dial.DialMediaRouteProviderService} from pid=5303, uid=10085 that is not exported from uid 10071
I/InputReader(  873): Reconfiguring input devices.  changes=0x00000010
D/RegisteredNfcFServicesCache( 4135): Service unchanged, not updating
D/CarrierSvcBindHelper( 3200): No carrier app for: 0
D/CarrierConfigLoader( 3200): mHandler: 9 phoneId: 0
W/System  ( 9268): ClassLoader referenced unknown path: /system/priv-app/MusicFX/lib/arm64
I/ActivityManager(  873): Start proc 9288:com.android.vending/u0a30 for broadcast com.android.vending/com.google.android.finsky.receivers.PackageMonitorReceiver$RegisteredReceiver
W/System  ( 9288): ClassLoader referenced unknown path: /system/priv-app/Phonesky/lib/arm64
W/Finsky  ( 9288): [1] com.google.android.finsky.FinskyApp.i(1468): No account configured on this device.
W/Finsky  ( 9288): [1] com.google.android.finsky.FinskyApp.i(1468): No account configured on this device.
W/Finsky  ( 9288): [1] com.google.android.finsky.FinskyApp.i(1468): No account configured on this device.
W/Finsky  ( 9288): [1] com.google.android.finsky.FinskyApp.i(1468): No account configured on this device.
I/Finsky  ( 9288): [1] com.google.android.finsky.FinskyApp.onCreate(430): Initializing network with DFE https://android.clients.google.com/fdfe/
W/Finsky  ( 9288): [1] com.google.android.finsky.FinskyApp.i(1468): No account configured on this device.
W/Finsky  ( 9288): [1] com.google.android.finsky.FinskyApp.i(1468): No account configured on this device.
W/Finsky  ( 9288): [1] com.google.android.finsky.FinskyApp.i(1468): No account configured on this device.
W/Finsky  ( 9288): [1] com.google.android.finsky.FinskyApp.i(1468): No account configured on this device.
W/Finsky  ( 9288): [1] com.google.android.finsky.FinskyApp.i(1468): No account configured on this device.
W/Finsky  ( 9288): [1] com.google.android.finsky.FinskyApp.i(1468): No account configured on this device.
W/Finsky  ( 9288): [1] com.google.android.finsky.FinskyApp.i(1468): No account configured on this device.
W/Finsky  ( 9288): [1] com.google.android.finsky.FinskyApp.i(1468): No account configured on this device.
W/Finsky  ( 9288): [1] com.google.android.finsky.FinskyApp.i(1468): No account configured on this device.
I/Finsky  ( 9288): [1] com.google.android.finsky.services.DailyHygiene.a(171): No need to run daily hygiene.
W/Finsky  ( 9288): [1] com.google.android.finsky.FinskyApp.i(1468): No account configured on this device.
W/Settings( 9288): Setting download_manager_max_bytes_over_mobile has moved from android.provider.Settings.Secure to android.provider.Settings.Global.
W/Settings( 9288): Setting download_manager_recommended_max_bytes_over_mobile has moved from android.provider.Settings.Secure to android.provider.Settings.Global.
W/Finsky  ( 9288): [1] com.google.android.finsky.FinskyApp.i(1468): No account configured on this device.
W/Finsky  ( 9288): [1] com.google.android.finsky.FinskyApp.i(1468): No account configured on this device.
W/Finsky  ( 9288): [1] com.google.android.finsky.FinskyApp.i(1468): No account configured on this device.
W/Finsky  ( 9288): [1] com.google.android.finsky.FinskyApp.i(1468): No account configured on this device.
W/Finsky  ( 9288): [1] com.google.android.finsky.FinskyApp.i(1468): No account configured on this device.
W/Finsky  ( 9288): [1] com.google.android.finsky.FinskyApp.b(1150): No account configured on this device.
W/Finsky  ( 9288): [1] com.google.android.finsky.FinskyApp.i(1468): No account configured on this device.
W/Finsky  ( 9288): [384] com.google.android.finsky.FinskyApp.i(1468): No account configured on this device.
I/ActivityManager(  873): Start proc 9344:com.google.android.apps.docs/u0a52 for broadcast com.google.android.apps.docs/.receivers.AppPackageAddRemoveReceiver
I/Finsky  ( 9288): [1] com.google.android.finsky.receivers.j.a(1226): Installer kick - no action, not running yet
D/AndroidRuntime( 9306): >>>>>> START com.android.internal.os.RuntimeInit uid 2000 <<<<<<
D/AndroidRuntime( 9306): CheckJNI is OFF
I/Finsky  ( 9288): [1] com.google.android.finsky.utils.PermissionPolicies$PermissionPolicyService.onStartCommand(117): post-install permissions check for com.careerbuilder.SugarDrone
W/Finsky  ( 9288): [1] com.google.android.finsky.FinskyApp.i(1468): No account configured on this device.
W/System  ( 9344): ClassLoader referenced unknown path: /system/app/Drive/lib/arm64
D/ICU     ( 9306): No timezone override file found: /data/misc/zoneinfo/current/icu/icu_tzdata.dat
I/Finsky  ( 9288): [1] com.google.android.finsky.utils.bh.run(2302): Package state data is missing for com.careerbuilder.SugarDrone
W/Finsky  ( 9288): [1] com.google.android.finsky.FinskyApp.i(1468): No account configured on this device.
I/Radio-JNI( 9306): register_android_hardware_Radio DONE
D/AndroidRuntime( 9306): Calling main entry com.android.commands.settings.SettingsCmd
D/AndroidRuntime( 9306): Shutting down VM
W/art     ( 9306): Thread attaching while runtime is shutting down: Binder:9306_1
I/AndroidRuntime( 9306): NOTE: attach of thread 'Binder:9306_1' failed
I/Finsky  ( 9288): [1] com.google.android.finsky.c.l.a(270): result=false type=4
I/Finsky  ( 9288): [1] com.google.android.finsky.services.bc.a(1050): Restore complete with 0 success and 0 failed.
W/Finsky  ( 9288): [384] com.google.android.finsky.FinskyApp.i(1468): No account configured on this device.
I/GAv4    ( 9344): Google Analytics 8.4.87 is starting up. To enable debug logging on a device run:
I/GAv4    ( 9344):   adb shell setprop log.tag.GAv4 DEBUG
I/GAv4    ( 9344):   adb logcat -s GAv4
W/GAv4    ( 9344): AnalyticsReceiver is not registered or is disabled. Register the receiver for reliable dispatching on non-Google Play devices. See http://goo.gl/8Rd3yj for instructions.
W/GAv4    ( 9344): CampaignTrackingReceiver is not registered, not exported or is disabled. Installation campaign tracking is not possible. See http://goo.gl/8Rd3yj for instructions.
W/GAv4    ( 9344): AnalyticsService not registered in the app manifest. Hits might not be delivered reliably. See http://goo.gl/8Rd3yj for instructions.
I/ActivityManager(  873): Killing 5857:com.google.android.partnersetup/u0a25 (adj 906): empty #17
I/ActivityManager(  873): Start proc 9403:com.google.android.partnersetup/u0a25 for broadcast com.google.android.partnersetup/.RlzPingBroadcastReceiver
I/UpdateIcingCorporaServi( 4269): Updating corpora: APPS=com.careerbuilder.SugarDrone, CONTACTS=MAYBE
I/PeopleContactsSync( 4191): triggerPendingContactsCleanup: no accounts
D/Wear_Controller( 4191): Received broadcast action=android.intent.action.PACKAGE_ADDED and uri=com.careerbuilder.SugarDrone
I/art     ( 4191): Background sticky concurrent mark sweep GC freed 24789(2MB) AllocSpace objects, 0(0B) LOS objects, 14% free, 13MB/15MB, paused 5.069ms total 75.823ms
W/System  ( 9403): ClassLoader referenced unknown path: /system/priv-app/GooglePartnerSetup/lib/arm64
W/IcingInternalCorpora( 4191): getNumBytesRead when not calculated.
D/AndroidRuntime( 9371): >>>>>> START com.android.internal.os.RuntimeInit uid 2000 <<<<<<
D/AndroidRuntime( 9371): CheckJNI is OFF
I/Icing   ( 4191): Usage reports 0 indexed 0 rejected 0 imm upload true
I/UpdateIcingCorporaServi( 4269): UpdateCorporaTask done [took 262 ms] updated apps [took 262 ms] 
D/ICU     ( 9371): No timezone override file found: /data/misc/zoneinfo/current/icu/icu_tzdata.dat
I/Icing   ( 4191): Usage reports 0 indexed 0 rejected 0 imm upload false
I/Radio-JNI( 9371): register_android_hardware_Radio DONE
D/AndroidRuntime( 9371): Calling main entry com.android.commands.settings.SettingsCmd
D/AndroidRuntime( 9371): Shutting down VM
I/Icing   ( 4191): Usage reports 0 indexed 0 rejected 0 imm upload false
D/AndroidRuntime( 9441): >>>>>> START com.android.internal.os.RuntimeInit uid 2000 <<<<<<
D/AndroidRuntime( 9441): CheckJNI is OFF
D/ICU     ( 9441): No timezone override file found: /data/misc/zoneinfo/current/icu/icu_tzdata.dat
I/Radio-JNI( 9441): register_android_hardware_Radio DONE
D/AndroidRuntime( 9441): Calling main entry com.android.commands.settings.SettingsCmd
D/AndroidRuntime( 9441): Shutting down VM
I/Icing   ( 4191): Indexing D83460F403678292F2C56FDD13241BD166E4E3FA from com.google.android.googlequicksearchbox
I/Icing   ( 4191): Indexing done D83460F403678292F2C56FDD13241BD166E4E3FA
I/Icing   ( 4191): Indexing CFF8FE80ED56E42D4CB52230EC16365D73D1C21A from com.google.android.gms
I/Icing   ( 4191): Indexing done CFF8FE80ED56E42D4CB52230EC16365D73D1C21A
D/AndroidRuntime( 9467): >>>>>> START com.android.internal.os.RuntimeInit uid 2000 <<<<<<
D/AndroidRuntime( 9467): CheckJNI is OFF
D/ICU     ( 9467): No timezone override file found: /data/misc/zoneinfo/current/icu/icu_tzdata.dat
I/Radio-JNI( 9467): register_android_hardware_Radio DONE
D/AndroidRuntime( 9467): Calling main entry com.android.commands.settings.SettingsCmd
D/AndroidRuntime( 9467): Shutting down VM
D/AndroidRuntime( 9491): >>>>>> START com.android.internal.os.RuntimeInit uid 2000 <<<<<<
D/AndroidRuntime( 9491): CheckJNI is OFF
D/ICU     ( 9491): No timezone override file found: /data/misc/zoneinfo/current/icu/icu_tzdata.dat
I/Radio-JNI( 9491): register_android_hardware_Radio DONE
D/AndroidRuntime( 9491): Calling main entry com.android.commands.settings.SettingsCmd
D/AndroidRuntime( 9491): Shutting down VM
D/AndroidRuntime( 9523): >>>>>> START com.android.internal.os.RuntimeInit uid 2000 <<<<<<
D/AndroidRuntime( 9523): CheckJNI is OFF
D/ICU     ( 9523): No timezone override file found: /data/misc/zoneinfo/current/icu/icu_tzdata.dat
I/Radio-JNI( 9523): register_android_hardware_Radio DONE
D/AndroidRuntime( 9523): Calling main entry com.android.commands.pm.Pm
W/MessageQueue( 9523): Handler (android.os.Handler) {fad22} sending message to a Handler on a dead thread
W/MessageQueue( 9523): java.lang.IllegalStateException: Handler (android.os.Handler) {fad22} sending message to a Handler on a dead thread
W/MessageQueue( 9523): 	at android.os.MessageQueue.enqueueMessage(MessageQueue.java:543)
W/MessageQueue( 9523): 	at android.os.Handler.enqueueMessage(Handler.java:643)
W/MessageQueue( 9523): 	at android.os.Handler.sendMessageAtTime(Handler.java:612)
W/MessageQueue( 9523): 	at android.os.Handler.sendMessageDelayed(Handler.java:582)
W/MessageQueue( 9523): 	at android.os.Handler.post(Handler.java:338)
W/MessageQueue( 9523): 	at android.os.ResultReceiver$MyResultReceiver.send(ResultReceiver.java:57)
W/MessageQueue( 9523): 	at com.android.internal.os.IResultReceiver$Stub.onTransact(IResultReceiver.java:58)
W/MessageQueue( 9523): 	at android.os.Binder.execTransact(Binder.java:565)
I/art     ( 9523): System.exit called, status: 0
I/AndroidRuntime( 9523): VM exiting with result code 0.
I/ActivityManager(  873): Killing 6478:com.google.android.apps.gcs/u0a17 (adj 906): empty #17
D/AndroidRuntime( 9579): >>>>>> START com.android.internal.os.RuntimeInit uid 2000 <<<<<<
D/AndroidRuntime( 9579): CheckJNI is OFF
D/ICU     ( 9579): No timezone override file found: /data/misc/zoneinfo/current/icu/icu_tzdata.dat
I/Radio-JNI( 9579): register_android_hardware_Radio DONE
D/AndroidRuntime( 9579): Calling main entry com.android.commands.pm.Pm
I/art     ( 9579): System.exit called, status: 0
W/MessageQueue( 9579): Handler (android.os.Handler) {7523d9c} sending message to a Handler on a dead thread
W/MessageQueue( 9579): java.lang.IllegalStateException: Handler (android.os.Handler) {7523d9c} sending message to a Handler on a dead thread
W/MessageQueue( 9579): 	at android.os.MessageQueue.enqueueMessage(MessageQueue.java:543)
W/MessageQueue( 9579): 	at android.os.Handler.enqueueMessage(Handler.java:643)
W/MessageQueue( 9579): 	at android.os.Handler.sendMessageAtTime(Handler.java:612)
W/MessageQueue( 9579): 	at android.os.Handler.sendMessageDelayed(Handler.java:582)
W/MessageQueue( 9579): 	at android.os.Handler.post(Handler.java:338)
W/MessageQueue( 9579): 	at android.os.ResultReceiver$MyResultReceiver.send(ResultReceiver.java:57)
W/MessageQueue( 9579): 	at com.android.internal.os.IResultReceiver$Stub.onTransact(IResultReceiver.java:58)
W/MessageQueue( 9579): 	at android.os.Binder.execTransact(Binder.java:565)
I/AndroidRuntime( 9579): VM exiting with result code 0.
D/AndroidRuntime( 9665): >>>>>> START com.android.internal.os.RuntimeInit uid 2000 <<<<<<
D/AndroidRuntime( 9665): CheckJNI is OFF
D/ICU     ( 9665): No timezone override file found: /data/misc/zoneinfo/current/icu/icu_tzdata.dat
I/Radio-JNI( 9665): register_android_hardware_Radio DONE
D/AndroidRuntime( 9665): Calling main entry com.android.commands.am.Am
W/ActivityManager(  873): Invalid packageName: com.careerbuilder.SugarDrone.test
D/AndroidRuntime( 9665): Shutting down VM
D/AndroidRuntime( 9695): >>>>>> START com.android.internal.os.RuntimeInit uid 2000 <<<<<<
D/AndroidRuntime( 9695): CheckJNI is OFF
D/ICU     ( 9695): No timezone override file found: /data/misc/zoneinfo/current/icu/icu_tzdata.dat
I/Radio-JNI( 9695): register_android_hardware_Radio DONE
D/AndroidRuntime( 9695): Calling main entry com.android.commands.pm.Pm
I/        (  509): free_cache(609973) avail 10796138496
I/PackageManager.DexOptimizer(  873): Running dexopt (dex2oat) on: /data/app/vmdl104248780.tmp/base.apk pkg=com.careerbuilder.SugarDrone.test isa=arm64 vmSafeMode=false debuggable=false target-filter=interpret-only oatDir = /data/app/vmdl104248780.tmp/oat sharedLibraries=/system/framework/android.test.runner.jar:/system/framework/com.google.android.maps.jar
I/dex2oat ( 9725): /system/bin/dex2oat --compiler-filter=interpret-only -j4
I/dex2oat ( 9725): dex2oat took 610.415ms (threads: 4) arena alloc=60KB (61952B) java alloc=2MB (2258040B) native alloc=2MB (2694256B) free=1976KB (2024336B)
W/PackageManager(  873): Not granting permission android.permission.ACCESS_MOCK_LOCATION to package com.careerbuilder.SugarDrone.test (protectionLevel=2 flags=0x1800be44)
V/BackupManagerService(  873): restoreAtInstall pkg=com.careerbuilder.SugarDrone.test token=6 restoreSet=0
V/BackupManagerService(  873): Finishing install immediately
I/art     (  873): Starting a blocking GC Explicit
I/art     (  873): Explicit concurrent mark sweep GC freed 66181(4MB) AllocSpace objects, 65(3MB) LOS objects, 33% free, 16MB/24MB, paused 1.506ms total 102.120ms
E/        (  509): Couldn't opendir /data/app/vmdl104248780.tmp: No such file or directory
W/ActivityManager(  873): Permission Denial: Accessing service ComponentInfo{com.google.android.music/com.google.android.music.dial.DialMediaRouteProviderService} from pid=5303, uid=10085 that is not exported from uid 10071
I/art     ( 9695): System.exit called, status: 0
I/AndroidRuntime( 9695): VM exiting with result code 0.
I/InputReader(  873): Reconfiguring input devices.  changes=0x00000010
D/CarrierSvcBindHelper( 3200): No carrier app for: 0
D/CarrierConfigLoader( 3200): mHandler: 9 phoneId: 0
D/RegisteredNfcFServicesCache( 4135): Service unchanged, not updating
I/Finsky  ( 9288): [1] com.google.android.finsky.utils.PermissionPolicies$PermissionPolicyService.onStartCommand(117): post-install permissions check for com.careerbuilder.SugarDrone.test
W/Finsky  ( 9288): [1] com.google.android.finsky.FinskyApp.i(1468): No account configured on this device.
I/Finsky  ( 9288): [1] com.google.android.finsky.utils.bh.run(2302): Package state data is missing for com.careerbuilder.SugarDrone.test
W/Finsky  ( 9288): [1] com.google.android.finsky.FinskyApp.i(1468): No account configured on this device.
I/UpdateIcingCorporaServi( 4269): Updating corpora: APPS=com.careerbuilder.SugarDrone.test, CONTACTS=MAYBE
I/UpdateIcingCorporaServi( 4269): UpdateCorporaTask done [took 31 ms] updated apps [took 31 ms] 
D/Wear_Controller( 4191): Received broadcast action=android.intent.action.PACKAGE_ADDED and uri=com.careerbuilder.SugarDrone.test
I/PeopleContactsSync( 4191): triggerPendingContactsCleanup: no accounts
W/IcingInternalCorpora( 4191): getNumBytesRead when not calculated.
I/Icing   ( 4191): Usage reports 0 indexed 0 rejected 0 imm upload false
I/Icing   ( 4191): Usage reports 0 indexed 0 rejected 0 imm upload false
V/JNIHelp ( 9344): Registering com/google/android/gms/org/conscrypt/NativeCrypto's 242 native methods...
D/NetworkSecurityConfig( 9344): No Network Security Config specified, using platform default
I/ProviderInstaller( 9344): Installed default security provider GmsCore_OpenSSL
D/AndroidRuntime( 9774): >>>>>> START com.android.internal.os.RuntimeInit uid 2000 <<<<<<
D/AndroidRuntime( 9774): CheckJNI is OFF
D/ICU     ( 9774): No timezone override file found: /data/misc/zoneinfo/current/icu/icu_tzdata.dat
I/Radio-JNI( 9774): register_android_hardware_Radio DONE
D/AndroidRuntime( 9774): Calling main entry com.android.commands.settings.SettingsCmd
D/AndroidRuntime( 9774): Shutting down VM
I/Icing   ( 4191): Indexing CFF8FE80ED56E42D4CB52230EC16365D73D1C21A from com.google.android.gms
I/Icing   ( 4191): Indexing done CFF8FE80ED56E42D4CB52230EC16365D73D1C21A
D/AndroidRuntime( 9808): >>>>>> START com.android.internal.os.RuntimeInit uid 2000 <<<<<<
D/AndroidRuntime( 9808): CheckJNI is OFF
D/ICU     ( 9808): No timezone override file found: /data/misc/zoneinfo/current/icu/icu_tzdata.dat
I/Radio-JNI( 9808): register_android_hardware_Radio DONE
D/AndroidRuntime( 9808): Calling main entry com.android.commands.settings.SettingsCmd
D/AndroidRuntime( 9808): Shutting down VM
D/AndroidRuntime( 9836): >>>>>> START com.android.internal.os.RuntimeInit uid 2000 <<<<<<
D/AndroidRuntime( 9836): CheckJNI is OFF
D/ICU     ( 9836): No timezone override file found: /data/misc/zoneinfo/current/icu/icu_tzdata.dat
I/Radio-JNI( 9836): register_android_hardware_Radio DONE
D/AndroidRuntime( 9836): Calling main entry com.android.commands.settings.SettingsCmd
D/AndroidRuntime( 9836): Shutting down VM
D/AndroidRuntime( 9862): >>>>>> START com.android.internal.os.RuntimeInit uid 2000 <<<<<<
D/AndroidRuntime( 9862): CheckJNI is OFF
D/ICU     ( 9862): No timezone override file found: /data/misc/zoneinfo/current/icu/icu_tzdata.dat
I/Radio-JNI( 9862): register_android_hardware_Radio DONE
D/AndroidRuntime( 9862): Calling main entry com.android.commands.settings.SettingsCmd
D/AndroidRuntime( 9862): Shutting down VM
D/AndroidRuntime( 9888): >>>>>> START com.android.internal.os.RuntimeInit uid 2000 <<<<<<
D/AndroidRuntime( 9888): CheckJNI is OFF
D/ICU     ( 9888): No timezone override file found: /data/misc/zoneinfo/current/icu/icu_tzdata.dat
I/Radio-JNI( 9888): register_android_hardware_Radio DONE
D/AndroidRuntime( 9888): Calling main entry com.android.commands.settings.SettingsCmd
D/AndroidRuntime( 9888): Shutting down VM
D/AndroidRuntime( 9919): >>>>>> START com.android.internal.os.RuntimeInit uid 2000 <<<<<<
D/AndroidRuntime( 9919): CheckJNI is OFF
D/ICU     ( 9919): No timezone override file found: /data/misc/zoneinfo/current/icu/icu_tzdata.dat
I/Radio-JNI( 9919): register_android_hardware_Radio DONE
D/AndroidRuntime( 9919): Calling main entry com.android.commands.pm.Pm
I/art     ( 9919): System.exit called, status: 0
I/AndroidRuntime( 9919): VM exiting with result code 0.
W/MessageQueue( 9919): Handler (android.os.Handler) {b9f0ffe} sending message to a Handler on a dead thread
W/MessageQueue( 9919): java.lang.IllegalStateException: Handler (android.os.Handler) {b9f0ffe} sending message to a Handler on a dead thread
W/MessageQueue( 9919): 	at android.os.MessageQueue.enqueueMessage(MessageQueue.java:543)
W/MessageQueue( 9919): 	at android.os.Handler.enqueueMessage(Handler.java:643)
W/MessageQueue( 9919): 	at android.os.Handler.sendMessageAtTime(Handler.java:612)
W/MessageQueue( 9919): 	at android.os.Handler.sendMessageDelayed(Handler.java:582)
W/MessageQueue( 9919): 	at android.os.Handler.post(Handler.java:338)
W/MessageQueue( 9919): 	at android.os.ResultReceiver$MyResultReceiver.send(ResultReceiver.java:57)
W/MessageQueue( 9919): 	at com.android.internal.os.IResultReceiver$Stub.onTransact(IResultReceiver.java:58)
W/MessageQueue( 9919): 	at android.os.Binder.execTransact(Binder.java:565)
D/AndroidRuntime( 9976): >>>>>> START com.android.internal.os.RuntimeInit uid 2000 <<<<<<
D/AndroidRuntime( 9976): CheckJNI is OFF
D/ICU     ( 9976): No timezone override file found: /data/misc/zoneinfo/current/icu/icu_tzdata.dat
I/Radio-JNI( 9976): register_android_hardware_Radio DONE
D/AndroidRuntime( 9976): Calling main entry com.android.commands.pm.Pm
W/MessageQueue( 9976): Handler (android.os.Handler) {e82e8b5} sending message to a Handler on a dead thread
W/MessageQueue( 9976): java.lang.IllegalStateException: Handler (android.os.Handler) {e82e8b5} sending message to a Handler on a dead thread
W/MessageQueue( 9976): 	at android.os.MessageQueue.enqueueMessage(MessageQueue.java:543)
W/MessageQueue( 9976): 	at android.os.Handler.enqueueMessage(Handler.java:643)
W/MessageQueue( 9976): 	at android.os.Handler.sendMessageAtTime(Handler.java:612)
W/MessageQueue( 9976): 	at android.os.Handler.sendMessageDelayed(Handler.java:582)
W/MessageQueue( 9976): 	at android.os.Handler.post(Handler.java:338)
W/MessageQueue( 9976): 	at android.os.ResultReceiver$MyResultReceiver.send(ResultReceiver.java:57)
W/MessageQueue( 9976): 	at com.android.internal.os.IResultReceiver$Stub.onTransact(IResultReceiver.java:58)
W/MessageQueue( 9976): 	at android.os.Binder.execTransact(Binder.java:565)
I/art     ( 9976): System.exit called, status: 0
I/AndroidRuntime( 9976): VM exiting with result code 0.
I/ActivityManager(  873): Killing 7456:com.google.android.gms.unstable/u0a18 (adj 906): empty #17
D/AndroidRuntime(10052): >>>>>> START com.android.internal.os.RuntimeInit uid 2000 <<<<<<
D/AndroidRuntime(10052): CheckJNI is OFF
D/ICU     (10052): No timezone override file found: /data/misc/zoneinfo/current/icu/icu_tzdata.dat
I/Radio-JNI(10052): register_android_hardware_Radio DONE
D/AndroidRuntime(10052): Calling main entry com.android.commands.input.Input
I/Input   (10052): injectKeyEvent: KeyEvent { action=ACTION_DOWN, keyCode=KEYCODE_BACK, scanCode=0, metaState=0, flags=0x0, repeatCount=0, eventTime=284237, downTime=284237, deviceId=-1, source=0x101 }
I/Input   (10052): injectKeyEvent: KeyEvent { action=ACTION_UP, keyCode=KEYCODE_BACK, scanCode=0, metaState=0, flags=0x0, repeatCount=0, eventTime=284237, downTime=284237, deviceId=-1, source=0x101 }
D/AndroidRuntime(10052): Shutting down VM
D/AndroidRuntime(10110): >>>>>> START com.android.internal.os.RuntimeInit uid 2000 <<<<<<
D/AndroidRuntime(10110): CheckJNI is OFF
D/ICU     (10110): No timezone override file found: /data/misc/zoneinfo/current/icu/icu_tzdata.dat
I/Radio-JNI(10110): register_android_hardware_Radio DONE
D/AndroidRuntime(10110): Calling main entry com.android.commands.input.Input
I/Input   (10110): injectKeyEvent: KeyEvent { action=ACTION_DOWN, keyCode=KEYCODE_HOME, scanCode=0, metaState=0, flags=0x0, repeatCount=0, eventTime=286090, downTime=286090, deviceId=-1, source=0x101 }
I/Input   (10110): injectKeyEvent: KeyEvent { action=ACTION_UP, keyCode=KEYCODE_HOME, scanCode=0, metaState=0, flags=0x0, repeatCount=0, eventTime=286090, downTime=286090, deviceId=-1, source=0x101 }
I/ActivityManager(  873): START u0 {act=android.intent.action.MAIN cat=[android.intent.category.HOME] flg=0x10200000 cmp=com.google.android.googlequicksearchbox/com.google.android.launcher.GEL (has extras)} from uid 1000 on display 0
W/SearchService( 4269): Abort, client detached.
D/AndroidRuntime(10110): Shutting down VM
I/GEL     ( 4202): handleIntent(Intent { act=android.intent.action.MAIN cat=[android.intent.category.HOME] flg=0x10200000 cmp=com.google.android.googlequicksearchbox/com.google.android.launcher.GEL (has extras) })
I/MicroDetector( 4269): Keeping mic open: false
I/DeviceStateChecker( 4269): DeviceStateChecker cancelled
I/MicrophoneInputStream( 4269): mic_close com.google.android.apps.gsa.speech.audio.ah@724ffdd
E/AudioRecord-JNI( 4269): Error -4 during AudioRecord native read
D/sound_trigger_platform(  506): platform_stdev_check_and_update_concurrency: concurrency active 0, tx 0, rx 0, concurrency session_allowed 1
I/SoundTriggerHwService::Module(  506): void android::SoundTriggerHwService::Module::onCallbackEvent(const sp<android::SoundTriggerHwService::CallbackEvent> &) mClient == 0
I/MicroRecognitionRunner( 4269): Detection finished
I/MicroRecognitionRunner( 4269): Stopping hotword detection.
I/MicroDetectionWorker( 4269): Micro detection mode: [mDetectionMode: [1]].
I/MicroRecognitionRunner( 4269): Starting detection.
I/MicrophoneInputStream( 4269): mic_starting com.google.android.apps.gsa.speech.audio.ah@5353a75
I/AudioFlinger(  506): AudioFlinger's thread 0xf4003bc0 ready to run
I/SoundTriggerHwService::Module(  506): void android::SoundTriggerHwService::Module::onCallbackEvent(const sp<android::SoundTriggerHwService::CallbackEvent> &) mClient == 0
I/MicrophoneInputStream( 4269): mic_started com.google.android.apps.gsa.speech.audio.ah@5353a75
E/audio_route(  506): unable to find path 'set-capture-format-default'
D/sound_trigger_platform(  506): platform_stdev_check_and_update_concurrency: concurrency active 0, tx 1, rx 0, concurrency session_allowed 0
I/MicroDetectionWorker( 4269): onReady
D/AndroidRuntime(10152): >>>>>> START com.android.internal.os.RuntimeInit uid 2000 <<<<<<
D/AndroidRuntime(10152): CheckJNI is OFF
D/ICU     (10152): No timezone override file found: /data/misc/zoneinfo/current/icu/icu_tzdata.dat
I/Radio-JNI(10152): register_android_hardware_Radio DONE
D/AndroidRuntime(10152): Calling main entry com.android.commands.input.Input
I/Input   (10152): injectKeyEvent: KeyEvent { action=ACTION_DOWN, keyCode=KEYCODE_BACK, scanCode=0, metaState=0, flags=0x0, repeatCount=0, eventTime=287515, downTime=287515, deviceId=-1, source=0x101 }
I/Input   (10152): injectKeyEvent: KeyEvent { action=ACTION_UP, keyCode=KEYCODE_BACK, scanCode=0, metaState=0, flags=0x0, repeatCount=0, eventTime=287515, downTime=287515, deviceId=-1, source=0x101 }
D/AndroidRuntime(10152): Shutting down VM
D/AndroidRuntime(10193): >>>>>> START com.android.internal.os.RuntimeInit uid 2000 <<<<<<
D/AndroidRuntime(10193): CheckJNI is OFF
D/ICU     (10193): No timezone override file found: /data/misc/zoneinfo/current/icu/icu_tzdata.dat
I/Radio-JNI(10193): register_android_hardware_Radio DONE
D/AndroidRuntime(10193): Calling main entry com.android.commands.am.Am
I/ActivityManager(  873): Force stopping com.careerbuilder.SugarDrone appid=15254 user=0: start instr
I/ActivityManager(  873): Start proc 10218:com.careerbuilder.SugarDrone/u0a5254 for added application com.careerbuilder.SugarDrone
I/art     (10218): Late-enabling -Xcheck:jni
W/System  (10218): ClassLoader referenced unknown path: /data/app/com.careerbuilder.SugarDrone.test-1/lib/arm64
W/System  (10218): ClassLoader referenced unknown path: 
W/monodroid(10218): Using override path: /data/user/0/com.careerbuilder.SugarDrone/files/.__override__
W/monodroid(10218): Trying to load sgen from: /data/user/0/com.careerbuilder.SugarDrone/files/.__override__/libmonosgen-2.0.so
W/monodroid(10218): Trying to load sgen from: /storage/emulated/0/Android/data/com.careerbuilder.SugarDrone/files/.__override__/libmonosgen-2.0.so
W/monodroid(10218): Trying to load sgen from: /data/app/com.careerbuilder.SugarDrone-1/lib/arm/libmonosgen-2.0.so
D/Mono    (10218): Image addref mscorlib[0xe0c738a0] -> mscorlib.dll[0xe0c4e400]: 2
D/Mono    (10218): Prepared to set up assembly 'mscorlib' (mscorlib.dll)
D/Mono    (10218): AOT module 'mscorlib.dll.so' not found: dlopen failed: library "/data/app/com.careerbuilder.SugarDrone-1/lib/arm/libaot-mscorlib.dll.so" not found
D/Mono    (10218): AOT module '/Users/builder/data/lanes/4009/3a62f1ea/source/monodroid/builds/install/mono-armv6/lib/mono/aot-cache/arm/mscorlib.dll.so' not found: dlopen failed: library "/data/app/com.careerbuilder.SugarDrone-1/lib/arm/libaot-mscorlib.dll.so" not found
D/Mono    (10218): Config attempting to parse: 'mscorlib.dll.config'.
D/Mono    (10218): Config attempting to parse: '/Users/builder/data/lanes/4009/3a62f1ea/source/monodroid/builds/install/mono-armv6/etc/mono/assemblies/mscorlib/mscorlib.config'.
D/Mono    (10218): Assembly mscorlib[0xe0c738a0] added to domain RootDomain, ref_count=1
D/Mono    (10218): Image addref CareerBuilder_Search.Droid[0xe0c73b40] -> CareerBuilder_Search.Droid.dll[0xe0c4f300]: 2
D/Mono    (10218): Prepared to set up assembly 'CareerBuilder_Search.Droid' (CareerBuilder_Search.Droid.dll)
D/Mono    (10218): Assembly CareerBuilder_Search.Droid[0xe0c73b40] added to domain RootDomain, ref_count=1
D/Mono    (10218): AOT module 'CareerBuilder_Search.Droid.dll.so' not found: dlopen failed: library "/data/app/com.careerbuilder.SugarDrone-1/lib/arm/libaot-CareerBuilder_Search.Droid.dll.so" not found
D/Mono    (10218): AOT module '/Users/builder/data/lanes/4009/3a62f1ea/source/monodroid/builds/install/mono-armv6/lib/mono/aot-cache/arm/CareerBuilder_Search.Droid.dll.so' not found: dlopen failed: library "/data/app/com.careerbuilder.SugarDrone-1/lib/arm/libaot-CareerBuilder_Search.Droid.dll.so" not found
D/Mono    (10218): Config attempting to parse: 'CareerBuilder_Search.Droid.dll.config'.
D/Mono    (10218): Config attempting to parse: '/Users/builder/data/lanes/4009/3a62f1ea/source/monodroid/builds/install/mono-armv6/etc/mono/assemblies/CareerBuilder_Search.Droid/CareerBuilder_Search.Droid.config'.
D/Mono    (10218): Image addref AppsFlyerXamarinBindingAndroid[0xe0c73d80] -> AppsFlyerXamarinBindingAndroid.dll[0xe0c50c00]: 2
D/Mono    (10218): Prepared to set up assembly 'AppsFlyerXamarinBindingAndroid' (AppsFlyerXamarinBindingAndroid.dll)
D/Mono    (10218): Assembly AppsFlyerXamarinBindingAndroid[0xe0c73d80] added to domain RootDomain, ref_count=1
D/Mono    (10218): AOT module 'AppsFlyerXamarinBindingAndroid.dll.so' not found: dlopen failed: library "/data/app/com.careerbuilder.SugarDrone-1/lib/arm/libaot-AppsFlyerXamarinBindingAndroid.dll.so" not found
D/Mono    (10218): AOT module '/Users/builder/data/lanes/4009/3a62f1ea/source/monodroid/builds/install/mono-armv6/lib/mono/aot-cache/arm/AppsFlyerXamarinBindingAndroid.dll.so' not found: dlopen failed: library "/data/app/com.careerbuilder.SugarDrone-1/lib/arm/libaot-AppsFlyerXamarinBindingAndroid.dll.so" not found
D/Mono    (10218): Config attempting to parse: 'AppsFlyerXamarinBindingAndroid.dll.config'.
D/Mono    (10218): Config attempting to parse: '/Users/builder/data/lanes/4009/3a62f1ea/source/monodroid/builds/install/mono-armv6/etc/mono/assemblies/AppsFlyerXamarinBindingAndroid/AppsFlyerXamarinBindingAndroid.config'.
D/Mono    (10218): Image addref HockeySDK[0xe0c74020] -> HockeySDK.dll[0xe0c51100]: 2
D/Mono    (10218): Prepared to set up assembly 'HockeySDK' (HockeySDK.dll)
D/Mono    (10218): Assembly HockeySDK[0xe0c74020] added to domain RootDomain, ref_count=1
D/Mono    (10218): AOT module 'HockeySDK.dll.so' not found: dlopen failed: library "/data/app/com.careerbuilder.SugarDrone-1/lib/arm/libaot-HockeySDK.dll.so" not found
D/Mono    (10218): AOT module '/Users/builder/data/lanes/4009/3a62f1ea/source/monodroid/builds/install/mono-armv6/lib/mono/aot-cache/arm/HockeySDK.dll.so' not found: dlopen failed: library "/data/app/com.careerbuilder.SugarDrone-1/lib/arm/libaot-HockeySDK.dll.so" not found
D/Mono    (10218): Config attempting to parse: 'HockeySDK.dll.config'.
D/Mono    (10218): Config attempting to parse: '/Users/builder/data/lanes/4009/3a62f1ea/source/monodroid/builds/install/mono-armv6/etc/mono/assemblies/HockeySDK/HockeySDK.config'.
D/Mono    (10218): Image addref Akavache[0xe0c74080] -> Akavache.dll[0xe0c51600]: 2
D/Mono    (10218): Prepared to set up assembly 'Akavache' (Akavache.dll)
D/Mono    (10218): Assembly Akavache[0xe0c74080] added to domain RootDomain, ref_count=1
D/Mono    (10218): AOT module 'Akavache.dll.so' not found: dlopen failed: library "/data/app/com.careerbuilder.SugarDrone-1/lib/arm/libaot-Akavache.dll.so" not found
D/Mono    (10218): AOT module '/Users/builder/data/lanes/4009/3a62f1ea/source/monodroid/builds/install/mono-armv6/lib/mono/aot-cache/arm/Akavache.dll.so' not found: dlopen failed: library "/data/app/com.careerbuilder.SugarDrone-1/lib/arm/libaot-Akavache.dll.so" not found
D/Mono    (10218): Config attempting to parse: 'Akavache.dll.config'.
D/Mono    (10218): Config attempting to parse: '/Users/builder/data/lanes/4009/3a62f1ea/source/monodroid/builds/install/mono-armv6/etc/mono/assemblies/Akavache/Akavache.config'.
D/Mono    (10218): Image addref Akavache.Sqlite3[0xe0c740e0] -> Akavache.Sqlite3.dll[0xe0c51b00]: 2
D/Mono    (10218): Prepared to set up assembly 'Akavache.Sqlite3' (Akavache.Sqlite3.dll)
D/Mono    (10218): Assembly Akavache.Sqlite3[0xe0c740e0] added to domain RootDomain, ref_count=1
D/Mono    (10218): AOT module 'Akavache.Sqlite3.dll.so' not found: dlopen failed: library "/data/app/com.careerbuilder.SugarDrone-1/lib/arm/libaot-Akavache.Sqlite3.dll.so" not found
D/Mono    (10218): AOT module '/Users/builder/data/lanes/4009/3a62f1ea/source/monodroid/builds/install/mono-armv6/lib/mono/aot-cache/arm/Akavache.Sqlite3.dll.so' not found: dlopen failed: library "/data/app/com.careerbuilder.SugarDrone-1/lib/arm/libaot-Akavache.Sqlite3.dll.so" not found
W/        (10218): Symbol file LoadedFromMemory doesn't match image Akavache.Sqlite3.dll
D/Mono    (10218): Config attempting to parse: 'Akavache.Sqlite3.dll.config'.
D/Mono    (10218): Config attempting to parse: '/Users/builder/data/lanes/4009/3a62f1ea/source/monodroid/builds/install/mono-armv6/etc/mono/assemblies/Akavache.Sqlite3/Akavache.Sqlite3.config'.
D/Mono    (10218): Image addref Splat[0xe0c74140] -> Splat.dll[0xde394000]: 2
D/Mono    (10218): Prepared to set up assembly 'Splat' (Splat.dll)
D/Mono    (10218): Assembly Splat[0xe0c74140] added to domain RootDomain, ref_count=1
D/Mono    (10218): AOT module 'Splat.dll.so' not found: dlopen failed: library "/data/app/com.careerbuilder.SugarDrone-1/lib/arm/libaot-Splat.dll.so" not found
D/Mono    (10218): AOT module '/Users/builder/data/lanes/4009/3a62f1ea/source/monodroid/builds/install/mono-armv6/lib/mono/aot-cache/arm/Splat.dll.so' not found: dlopen failed: library "/data/app/com.careerbuilder.SugarDrone-1/lib/arm/libaot-Splat.dll.so" not found
D/Mono    (10218): Config attempting to parse: 'Splat.dll.config'.
D/Mono    (10218): Config attempting to parse: '/Users/builder/data/lanes/4009/3a62f1ea/source/monodroid/builds/install/mono-armv6/etc/mono/assemblies/Splat/Splat.config'.
D/Mono    (10218): Image addref Microsoft.Practices.ServiceLocation[0xe0c741a0] -> Microsoft.Practices.ServiceLocation.dll[0xde394500]: 2
D/Mono    (10218): Prepared to set up assembly 'Microsoft.Practices.ServiceLocation' (Microsoft.Practices.ServiceLocation.dll)
D/Mono    (10218): Assembly Microsoft.Practices.ServiceLocation[0xe0c741a0] added to domain RootDomain, ref_count=1
D/Mono    (10218): AOT module 'Microsoft.Practices.ServiceLocation.dll.so' not found: dlopen failed: library "/data/app/com.careerbuilder.SugarDrone-1/lib/arm/libaot-Microsoft.Practices.ServiceLocation.dll.so" not found
D/Mono    (10218): AOT module '/Users/builder/data/lanes/4009/3a62f1ea/source/monodroid/builds/install/mono-armv6/lib/mono/aot-cache/arm/Microsoft.Practices.ServiceLocation.dll.so' not found: dlopen failed: library "/data/app/com.careerbuilder.SugarDrone-1/lib/arm/libaot-Microsoft.Practices.ServiceLocation.dll.so" not found
D/Mono    (10218): Config attempting to parse: 'Microsoft.Practices.ServiceLocation.dll.config'.
D/Mono    (10218): Config attempting to parse: '/Users/builder/data/lanes/4009/3a62f1ea/source/monodroid/builds/install/mono-armv6/etc/mono/assemblies/Microsoft.Practices.ServiceLocation/Microsoft.Practices.ServiceLocation.config'.
D/Mono    (10218): Image addref Microsoft.Practices.Unity[0xe0c74200] -> Microsoft.Practices.Unity.dll[0xde394a00]: 2
D/Mono    (10218): Prepared to set up assembly 'Microsoft.Practices.Unity' (Microsoft.Practices.Unity.dll)
D/Mono    (10218): Assembly Microsoft.Practices.Unity[0xe0c74200] added to domain RootDomain, ref_count=1
D/Mono    (10218): AOT module 'Microsoft.Practices.Unity.dll.so' not found: dlopen failed: library "/data/app/com.careerbuilder.SugarDrone-1/lib/arm/libaot-Microsoft.Practices.Unity.dll.so" not found
D/Mono    (10218): AOT module '/Users/builder/data/lanes/4009/3a62f1ea/source/monodroid/builds/install/mono-armv6/lib/mono/aot-cache/arm/Microsoft.Practices.Unity.dll.so' not found: dlopen failed: library "/data/app/com.careerbuilder.SugarDrone-1/lib/arm/libaot-Microsoft.Practices.Unity.dll.so" not found
D/Mono    (10218): Config attempting to parse: 'Microsoft.Practices.Unity.dll.config'.
D/Mono    (10218): Config attempting to parse: '/Users/builder/data/lanes/4009/3a62f1ea/source/monodroid/builds/install/mono-armv6/etc/mono/assemblies/Microsoft.Practices.Unity/Microsoft.Practices.Unity.config'.
D/Mono    (10218): Image addref Plugin.CurrentActivity[0xe0c74260] -> Plugin.CurrentActivity.dll[0xde394f00]: 2
D/Mono    (10218): Prepared to set up assembly 'Plugin.CurrentActivity' (Plugin.CurrentActivity.dll)
D/Mono    (10218): Assembly Plugin.CurrentActivity[0xe0c74260] added to domain RootDomain, ref_count=1
D/Mono    (10218): AOT module 'Plugin.CurrentActivity.dll.so' not found: dlopen failed: library "/data/app/com.careerbuilder.SugarDrone-1/lib/arm/libaot-Plugin.CurrentActivity.dll.so" not found
D/Mono    (10218): AOT module '/Users/builder/data/lanes/4009/3a62f1ea/source/monodroid/builds/install/mono-armv6/lib/mono/aot-cache/arm/Plugin.CurrentActivity.dll.so' not found: dlopen failed: library "/data/app/com.careerbuilder.SugarDrone-1/lib/arm/libaot-Plugin.CurrentActivity.dll.so" not found
D/Mono    (10218): Config attempting to parse: 'Plugin.CurrentActivity.dll.config'.
D/Mono    (10218): Config attempting to parse: '/Users/builder/data/lanes/4009/3a62f1ea/source/monodroid/builds/install/mono-armv6/etc/mono/assemblies/Plugin.CurrentActivity/Plugin.CurrentActivity.config'.
D/Mono    (10218): Image addref Plugin.Permissions[0xe0c742c0] -> Plugin.Permissions.dll[0xde395400]: 2
D/Mono    (10218): Prepared to set up assembly 'Plugin.Permissions' (Plugin.Permissions.dll)
D/Mono    (10218): Assembly Plugin.Permissions[0xe0c742c0] added to domain RootDomain, ref_count=1
D/Mono    (10218): AOT module 'Plugin.Permissions.dll.so' not found: dlopen failed: library "/data/app/com.careerbuilder.SugarDrone-1/lib/arm/libaot-Plugin.Permissions.dll.so" not found
D/Mono    (10218): AOT module '/Users/builder/data/lanes/4009/3a62f1ea/source/monodroid/builds/install/mono-armv6/lib/mono/aot-cache/arm/Plugin.Permissions.dll.so' not found: dlopen failed: library "/data/app/com.careerbuilder.SugarDrone-1/lib/arm/libaot-Plugin.Permissions.dll.so" not found
D/Mono    (10218): Config attempting to parse: 'Plugin.Permissions.dll.config'.
D/Mono    (10218): Config attempting to parse: '/Users/builder/data/lanes/4009/3a62f1ea/source/monodroid/builds/install/mono-armv6/etc/mono/assemblies/Plugin.Permissions/Plugin.Permissions.config'.
D/Mono    (10218): Image addref Plugin.Permissions.Abstractions[0xe0c74320] -> Plugin.Permissions.Abstractions.dll[0xde395900]: 2
D/Mono    (10218): Prepared to set up assembly 'Plugin.Permissions.Abstractions' (Plugin.Permissions.Abstractions.dll)
D/Mono    (10218): Assembly Plugin.Permissions.Abstractions[0xe0c74320] added to domain RootDomain, ref_count=1
D/Mono    (10218): AOT module 'Plugin.Permissions.Abstractions.dll.so' not found: dlopen failed: library "/data/app/com.careerbuilder.SugarDrone-1/lib/arm/libaot-Plugin.Permissions.Abstractions.dll.so" not found
D/Mono    (10218): AOT module '/Users/builder/data/lanes/4009/3a62f1ea/source/monodroid/builds/install/mono-armv6/lib/mono/aot-cache/arm/Plugin.Permissions.Abstractions.dll.so' not found: dlopen failed: library "/data/app/com.careerbuilder.SugarDrone-1/lib/arm/libaot-Plugin.Permissions.Abstractions.dll.so" not found
D/Mono    (10218): Config attempting to parse: 'Plugin.Permissions.Abstractions.dll.config'.
D/Mono    (10218): Config attempting to parse: '/Users/builder/data/lanes/4009/3a62f1ea/source/monodroid/builds/install/mono-armv6/etc/mono/assemblies/Plugin.Permissions.Abstractions/Plugin.Permissions.Abstractions.config'.
D/Mono    (10218): Image addref Plugin.Geolocator[0xe0c74380] -> Plugin.Geolocator.dll[0xde395e00]: 2
D/Mono    (10218): Prepared to set up assembly 'Plugin.Geolocator' (Plugin.Geolocator.dll)
D/Mono    (10218): Assembly Plugin.Geolocator[0xe0c74380] added to domain RootDomain, ref_count=1
D/Mono    (10218): AOT module 'Plugin.Geolocator.dll.so' not found: dlopen failed: library "/data/app/com.careerbuilder.SugarDrone-1/lib/arm/libaot-Plugin.Geolocator.dll.so" not found
D/Mono    (10218): AOT module '/Users/builder/data/lanes/4009/3a62f1ea/source/monodroid/builds/install/mono-armv6/lib/mono/aot-cache/arm/Plugin.Geolocator.dll.so' not found: dlopen failed: library "/data/app/com.careerbuilder.SugarDrone-1/lib/arm/libaot-Plugin.Geolocator.dll.so" not found
D/Mono    (10218): Config attempting to parse: 'Plugin.Geolocator.dll.config'.
D/Mono    (10218): Config attempting to parse: '/Users/builder/data/lanes/4009/3a62f1ea/source/monodroid/builds/install/mono-armv6/etc/mono/assemblies/Plugin.Geolocator/Plugin.Geolocator.config'.
D/Mono    (10218): Image addref Plugin.Geolocator.Abstractions[0xe0c743e0] -> Plugin.Geolocator.Abstractions.dll[0xde396300]: 2
D/Mono    (10218): Prepared to set up assembly 'Plugin.Geolocator.Abstractions' (Plugin.Geolocator.Abstractions.dll)
D/Mono    (10218): Assembly Plugin.Geolocator.Abstractions[0xe0c743e0] added to domain RootDomain, ref_count=1
D/Mono    (10218): AOT module 'Plugin.Geolocator.Abstractions.dll.so' not found: dlopen failed: library "/data/app/com.careerbuilder.SugarDrone-1/lib/arm/libaot-Plugin.Geolocator.Abstractions.dll.so" not found
D/Mono    (10218): AOT module '/Users/builder/data/lanes/4009/3a62f1ea/source/monodroid/builds/install/mono-armv6/lib/mono/aot-cache/arm/Plugin.Geolocator.Abstractions.dll.so' not found: dlopen failed: library "/data/app/com.careerbuilder.SugarDrone-1/lib/arm/libaot-Plugin.Geolocator.Abstractions.dll.so" not found
D/Mono    (10218): Config attempting to parse: 'Plugin.Geolocator.Abstractions.dll.config'.
D/Mono    (10218): Config attempting to parse: '/Users/builder/data/lanes/4009/3a62f1ea/source/monodroid/builds/install/mono-armv6/etc/mono/assemblies/Plugin.Geolocator.Abstractions/Plugin.Geolocator.Abstractions.config'.
D/Mono    (10218): Image addref Plugin.DeviceInfo[0xe0c74440] -> Plugin.DeviceInfo.dll[0xde396800]: 2
D/Mono    (10218): Prepared to set up assembly 'Plugin.DeviceInfo' (Plugin.DeviceInfo.dll)
D/Mono    (10218): Assembly Plugin.DeviceInfo[0xe0c74440] added to domain RootDomain, ref_count=1
D/Mono    (10218): AOT module 'Plugin.DeviceInfo.dll.so' not found: dlopen failed: library "/data/app/com.careerbuilder.SugarDrone-1/lib/arm/libaot-Plugin.DeviceInfo.dll.so" not found
D/Mono    (10218): AOT module '/Users/builder/data/lanes/4009/3a62f1ea/source/monodroid/builds/install/mono-armv6/lib/mono/aot-cache/arm/Plugin.DeviceInfo.dll.so' not found: dlopen failed: library "/data/app/com.careerbuilder.SugarDrone-1/lib/arm/libaot-Plugin.DeviceInfo.dll.so" not found
D/Mono    (10218): Config attempting to parse: 'Plugin.DeviceInfo.dll.config'.
D/Mono    (10218): Config attempting to parse: '/Users/builder/data/lanes/4009/3a62f1ea/source/monodroid/builds/install/mono-armv6/etc/mono/assemblies/Plugin.DeviceInfo/Plugin.DeviceInfo.config'.
D/Mono    (10218): Image addref Plugin.DeviceInfo.Abstractions[0xe0c744a0] -> Plugin.DeviceInfo.Abstractions.dll[0xde396d00]: 2
