D/Mono    (10396): Searching for 'java_interop_jnienv_get_superclass'.
D/Mono    (10396): Probing 'java_interop_jnienv_get_superclass'.
D/Mono    (10396): Found as 'java_interop_jnienv_get_superclass'.
D/Mono    (10396): DllImport searching in: '__Internal' ('(null)').
D/Mono    (10396): Searching for 'java_interop_jnienv_is_instance_of'.
D/Mono    (10396): Probing 'java_interop_jnienv_is_instance_of'.
D/Mono    (10396): Found as 'java_interop_jnienv_is_instance_of'.
D/Mono    (10396): DllImport searching in: '__Internal' ('(null)').
D/Mono    (10396): Searching for '_monodroid_gref_log'.
D/Mono    (10396): Probing '_monodroid_gref_log'.
D/Mono    (10396): Found as '_monodroid_gref_log'.
D/Mono    (10396): Image addref System.Linq[0xe924df20] -> System.Linq.dll[0xc9bb0500]: 2
D/Mono    (10396): Prepared to set up assembly 'System.Linq' (System.Linq.dll)
D/Mono    (10396): Assembly System.Linq[0xe924df20] added to domain RootDomain, ref_count=1
D/Mono    (10396): AOT module 'System.Linq.dll.so' not found: dlopen failed: library "/data/app/com.careerbuilder.SugarDrone-1/lib/arm/libaot-System.Linq.dll.so" not found
D/Mono    (10396): AOT module '/Users/builder/data/lanes/4009/3a62f1ea/source/monodroid/builds/install/mono-armv6/lib/mono/aot-cache/arm/System.Linq.dll.so' not found: dlopen failed: library "/data/app/com.careerbuilder.SugarDrone-1/lib/arm/libaot-System.Linq.dll.so" not found
D/Mono    (10396): Config attempting to parse: 'System.Linq.dll.config'.
D/Mono    (10396): Config attempting to parse: '/Users/builder/data/lanes/4009/3a62f1ea/source/monodroid/builds/install/mono-armv6/etc/mono/assemblies/System.Linq/System.Linq.config'.
D/Mono    (10396): Assembly Ref addref Java.Interop[0xe924db00] -> System.Linq[0xe924df20]: 2
D/Mono    (10396): Image addref System.Core[0xe924e0a0] -> System.Core.dll[0xe2131700]: 2
D/Mono    (10396): Prepared to set up assembly 'System.Core' (System.Core.dll)
D/Mono    (10396): Assembly System.Core[0xe924e0a0] added to domain RootDomain, ref_count=1
D/Mono    (10396): AOT module 'System.Core.dll.so' not found: dlopen failed: library "/data/app/com.careerbuilder.SugarDrone-1/lib/arm/libaot-System.Core.dll.so" not found
D/Mono    (10396): AOT module '/Users/builder/data/lanes/4009/3a62f1ea/source/monodroid/builds/install/mono-armv6/lib/mono/aot-cache/arm/System.Core.dll.so' not found: dlopen failed: library "/data/app/com.careerbuilder.SugarDrone-1/lib/arm/libaot-System.Core.dll.so" not found
D/Mono    (10396): Config attempting to parse: 'System.Core.dll.config'.
D/Mono    (10396): Config attempting to parse: '/Users/builder/data/lanes/4009/3a62f1ea/source/monodroid/builds/install/mono-armv6/etc/mono/assemblies/System.Core/System.Core.config'.
D/Mono    (10396): Assembly Ref addref System.Linq[0xe924df20] -> System.Core[0xe924e0a0]: 2
D/Mono    (10396): Assembly Ref addref System.Core[0xe924e0a0] -> mscorlib[0xe074de60]: 10
D/Mono    (10396): Image addref System.Reflection.Extensions[0xe924e1c0] -> System.Reflection.Extensions.dll[0xc9bb0a00]: 2
D/Mono    (10396): Prepared to set up assembly 'System.Reflection.Extensions' (System.Reflection.Extensions.dll)
D/Mono    (10396): Assembly System.Reflection.Extensions[0xe924e1c0] added to domain RootDomain, ref_count=1
D/Mono    (10396): AOT module 'System.Reflection.Extensions.dll.so' not found: dlopen failed: library "/data/app/com.careerbuilder.SugarDrone-1/lib/arm/libaot-System.Reflection.Extensions.dll.so" not found
D/Mono    (10396): AOT module '/Users/builder/data/lanes/4009/3a62f1ea/source/monodroid/builds/install/mono-armv6/lib/mono/aot-cache/arm/System.Reflection.Extensions.dll.so' not found: dlopen failed: library "/data/app/com.careerbuilder.SugarDrone-1/lib/arm/libaot-System.Reflection.Extensions.dll.so" not found
D/Mono    (10396): Config attempting to parse: 'System.Reflection.Extensions.dll.config'.
D/Mono    (10396): Config attempting to parse: '/Users/builder/data/lanes/4009/3a62f1ea/source/monodroid/builds/install/mono-armv6/etc/mono/assemblies/System.Reflection.Extensions/System.Reflection.Extensions.config'.
D/Mono    (10396): Assembly Ref addref Java.Interop[0xe924db00] -> System.Reflection.Extensions[0xe924e1c0]: 2
D/Mono    (10396): Assembly Ref addref System.Reflection.Extensions[0xe924e1c0] -> mscorlib[0xe074de60]: 11
D/Mono    (10396): Assembly Ref addref Mono.Android[0xe924daa0] -> System.Core[0xe924e0a0]: 3
D/Mono    (10396): DllImport searching in: '__Internal' ('(null)').
D/Mono    (10396): Searching for 'monodroid_typemap_managed_to_java'.
D/Mono    (10396): Probing 'monodroid_typemap_managed_to_java'.
D/Mono    (10396): Found as 'monodroid_typemap_managed_to_java'.
D/Mono    (10396): DllImport searching in: '__Internal' ('(null)').
D/Mono    (10396): Searching for 'java_interop_jnienv_alloc_object'.
D/Mono    (10396): Probing 'java_interop_jnienv_alloc_object'.
D/Mono    (10396): Found as 'java_interop_jnienv_alloc_object'.
D/Mono    (10396): DllImport searching in: '__Internal' ('(null)').
D/Mono    (10396): Searching for '_monodroid_gc_wait_for_bridge_processing'.
D/Mono    (10396): Probing '_monodroid_gc_wait_for_bridge_processing'.
D/Mono    (10396): Found as '_monodroid_gc_wait_for_bridge_processing'.
D/Mono    (10396): DllImport searching in: '__Internal' ('(null)').
D/Mono    (10396): Searching for 'java_interop_jnienv_register_natives'.
D/Mono    (10396): Probing 'java_interop_jnienv_register_natives'.
D/Mono    (10396): Found as 'java_interop_jnienv_register_natives'.
D/Mono    (10396): DllImport searching in: '__Internal' ('(null)').
D/Mono    (10396): Searching for 'java_interop_jnienv_call_nonvirtual_void_method_a'.
D/Mono    (10396): Probing 'java_interop_jnienv_call_nonvirtual_void_method_a'.
D/Mono    (10396): Found as 'java_interop_jnienv_call_nonvirtual_void_method_a'.
D/Mono    (10396): DllImport searching in: '__Internal' ('(null)').
D/Mono    (10396): Searching for 'java_interop_jnienv_is_same_object'.
D/Mono    (10396): Probing 'java_interop_jnienv_is_same_object'.
D/Mono    (10396): Found as 'java_interop_jnienv_is_same_object'.
D/Mono    (10396): DllImport searching in: '__Internal' ('(null)').
D/Mono    (10396): Searching for 'java_interop_jnienv_call_static_void_method_a'.
D/Mono    (10396): Probing 'java_interop_jnienv_call_static_void_method_a'.
D/Mono    (10396): Found as 'java_interop_jnienv_call_static_void_method_a'.
D/Mono    (10396): Assembly Ref addref AppsFlyerXamarinBindingAndroid[0xe074e0a0] -> mscorlib[0xe074de60]: 12
D/Mono    (10396): Assembly Ref addref AppsFlyerXamarinBindingAndroid[0xe074e0a0] -> Mono.Android[0xe924daa0]: 2
D/Mono    (10396): Assembly Ref addref HockeySDK[0xe074e160] -> mscorlib[0xe074de60]: 13
D/Mono    (10396): Assembly Ref addref HockeySDK[0xe074e160] -> Mono.Android[0xe924daa0]: 3
D/Mono    (10396): Assembly Ref addref Xamarin.GooglePlayServices.Analytics[0xe924d080] -> mscorlib[0xe074de60]: 14
D/Mono    (10396): Assembly Ref addref Xamarin.GooglePlayServices.Analytics[0xe924d080] -> Mono.Android[0xe924daa0]: 4
D/Mono    (10396): Assembly Ref addref Xamarin.GooglePlayServices.Base[0xe924d1a0] -> mscorlib[0xe074de60]: 15
D/Mono    (10396): Assembly Ref addref Xamarin.GooglePlayServices.Base[0xe924d1a0] -> Mono.Android[0xe924daa0]: 5
D/Mono    (10396): Assembly Ref addref Xamarin.GooglePlayServices.Basement[0xe924d200] -> mscorlib[0xe074de60]: 16
D/Mono    (10396): Assembly Ref addref Xamarin.GooglePlayServices.Basement[0xe924d200] -> Mono.Android[0xe924daa0]: 6
D/Mono    (10396): Assembly Ref addref FloatingActionButton-Xamarin[0xe924d380] -> mscorlib[0xe074de60]: 17
D/Mono    (10396): Assembly Ref addref FloatingActionButton-Xamarin[0xe924d380] -> Mono.Android[0xe924daa0]: 7
D/Mono    (10396): Assembly Ref addref Xamarin.Android.Support.v4[0xe924d3e0] -> mscorlib[0xe074de60]: 18
D/Mono    (10396): Assembly Ref addref Xamarin.Android.Support.v4[0xe924d3e0] -> Mono.Android[0xe924daa0]: 8
D/Mono    (10396): Assembly Ref addref Xamarin.Android.Support.v7.RecyclerView[0xe924d440] -> mscorlib[0xe074de60]: 19
D/Mono    (10396): Assembly Ref addref Xamarin.Android.Support.v7.RecyclerView[0xe924d440] -> Mono.Android[0xe924daa0]: 9
D/Mono    (10396): Assembly Ref addref Xamarin.Android.Support.Vector.Drawable[0xe924d4a0] -> mscorlib[0xe074de60]: 20
D/Mono    (10396): Assembly Ref addref Xamarin.Android.Support.Vector.Drawable[0xe924d4a0] -> Mono.Android[0xe924daa0]: 10
D/Mono    (10396): Assembly Ref addref Xamarin.Android.Support.Animated.Vector.Drawable[0xe924d500] -> mscorlib[0xe074de60]: 21
D/Mono    (10396): Assembly Ref addref Xamarin.Android.Support.Animated.Vector.Drawable[0xe924d500] -> Mono.Android[0xe924daa0]: 11
D/Mono    (10396): Assembly Ref addref Xamarin.Android.Support.v7.AppCompat[0xe924d560] -> mscorlib[0xe074de60]: 22
D/Mono    (10396): Assembly Ref addref Xamarin.Android.Support.v7.AppCompat[0xe924d560] -> Mono.Android[0xe924daa0]: 12
D/Mono    (10396): Assembly Ref addref Xamarin.Android.Support.Design[0xe924d5c0] -> mscorlib[0xe074de60]: 23
D/Mono    (10396): Assembly Ref addref Xamarin.Android.Support.Design[0xe924d5c0] -> Mono.Android[0xe924daa0]: 13
D/Mono    (10396): Assembly Ref addref Xamarin.Android.Support.v7.CardView[0xe924d620] -> mscorlib[0xe074de60]: 24
D/Mono    (10396): Assembly Ref addref Xamarin.Android.Support.v7.CardView[0xe924d620] -> Mono.Android[0xe924daa0]: 14
D/Mono    (10396): Assembly Ref addref FlexboxLayoutXamarinBindingAndroid[0xe924d980] -> mscorlib[0xe074de60]: 25
D/Mono    (10396): Assembly Ref addref FlexboxLayoutXamarinBindingAndroid[0xe924d980] -> Mono.Android[0xe924daa0]: 15
D/Mono    (10396): Assembly Ref addref CareerBuilder_Search.Droid[0xe074dfe0] -> Mono.Android[0xe924daa0]: 16
D/Mono    (10396): Assembly Ref addref CareerBuilder_Search.Droid[0xe074dfe0] -> mscorlib[0xe074de60]: 26
D/Mono    (10396): Image addref Mono.Android.Export[0xe924e700] -> Mono.Android.Export.dll[0xc9bb1900]: 2
D/Mono    (10396): Prepared to set up assembly 'Mono.Android.Export' (Mono.Android.Export.dll)
D/Mono    (10396): Assembly Mono.Android.Export[0xe924e700] added to domain RootDomain, ref_count=1
D/Mono    (10396): AOT module 'Mono.Android.Export.dll.so' not found: dlopen failed: library "/data/app/com.careerbuilder.SugarDrone-1/lib/arm/libaot-Mono.Android.Export.dll.so" not found
D/Mono    (10396): AOT module '/Users/builder/data/lanes/4009/3a62f1ea/source/monodroid/builds/install/mono-armv6/lib/mono/aot-cache/arm/Mono.Android.Export.dll.so' not found: dlopen failed: library "/data/app/com.careerbuilder.SugarDrone-1/lib/arm/libaot-Mono.Android.Export.dll.so" not found
D/Mono    (10396): Config attempting to parse: 'Mono.Android.Export.dll.config'.
D/Mono    (10396): Config attempting to parse: '/Users/builder/data/lanes/4009/3a62f1ea/source/monodroid/builds/install/mono-armv6/etc/mono/assemblies/Mono.Android.Export/Mono.Android.Export.config'.
D/Mono    (10396): Assembly Ref addref Mono.Android.Export[0xe924e700] -> mscorlib[0xe074de60]: 27
D/Mono    (10396): Assembly Ref addref Mono.Android.Export[0xe924e700] -> Mono.Android[0xe924daa0]: 17
D/Mono    (10396): Image addref System.Xml[0xe924e640] -> System.Xml.dll[0xc9bb2800]: 2
D/Mono    (10396): Prepared to set up assembly 'System.Xml' (System.Xml.dll)
D/Mono    (10396): Assembly System.Xml[0xe924e640] added to domain RootDomain, ref_count=1
D/Mono    (10396): AOT module 'System.Xml.dll.so' not found: dlopen failed: library "/data/app/com.careerbuilder.SugarDrone-1/lib/arm/libaot-System.Xml.dll.so" not found
D/Mono    (10396): AOT module '/Users/builder/data/lanes/4009/3a62f1ea/source/monodroid/builds/install/mono-armv6/lib/mono/aot-cache/arm/System.Xml.dll.so' not found: dlopen failed: library "/data/app/com.careerbuilder.SugarDrone-1/lib/arm/libaot-System.Xml.dll.so" not found
D/Mono    (10396): Config attempting to parse: 'System.Xml.dll.config'.
D/Mono    (10396): Config attempting to parse: '/Users/builder/data/lanes/4009/3a62f1ea/source/monodroid/builds/install/mono-armv6/etc/mono/assemblies/System.Xml/System.Xml.config'.
D/Mono    (10396): Assembly Ref addref Mono.Android.Export[0xe924e700] -> System.Xml[0xe924e640]: 2
D/Mono    (10396): Assembly Ref addref System.Xml[0xe924e640] -> mscorlib[0xe074de60]: 28
D/Mono    (10396): Assembly Ref addref Mono.Android[0xe924daa0] -> System.Xml[0xe924e640]: 3
D/Mono    (10396): Assembly Ref addref Mono.Android.Export[0xe924e700] -> System.Core[0xe924e0a0]: 4
D/Mono    (10396): Image addref System.Net.Http[0xe924e8e0] -> System.Net.Http.dll[0xe2131c00]: 2
D/Mono    (10396): Prepared to set up assembly 'System.Net.Http' (System.Net.Http.dll)
D/Mono    (10396): Assembly System.Net.Http[0xe924e8e0] added to domain RootDomain, ref_count=1
D/Mono    (10396): AOT module 'System.Net.Http.dll.so' not found: dlopen failed: library "/data/app/com.careerbuilder.SugarDrone-1/lib/arm/libaot-System.Net.Http.dll.so" not found
D/Mono    (10396): AOT module '/Users/builder/data/lanes/4009/3a62f1ea/source/monodroid/builds/install/mono-armv6/lib/mono/aot-cache/arm/System.Net.Http.dll.so' not found: dlopen failed: library "/data/app/com.careerbuilder.SugarDrone-1/lib/arm/libaot-System.Net.Http.dll.so" not found
D/Mono    (10396): Config attempting to parse: 'System.Net.Http.dll.config'.
D/Mono    (10396): Config attempting to parse: '/Users/builder/data/lanes/4009/3a62f1ea/source/monodroid/builds/install/mono-armv6/etc/mono/assemblies/System.Net.Http/System.Net.Http.config'.
D/Mono    (10396): Assembly Ref addref CareerBuilder_Search.Droid[0xe074dfe0] -> System.Net.Http[0xe924e8e0]: 2
D/Mono    (10396): Assembly Ref addref System.Net.Http[0xe924e8e0] -> mscorlib[0xe074de60]: 29
I/System.out(10396): Calabash loaded Mono
I/calabash(10396): Test server port: 7102
I/InstrumentationBackend(10396): Added:'NullAction', with key:'nullAction'
I/InstrumentationBackend(10396): Added:'GetActivityOrientation', with key:'get_activity_orientation'
I/InstrumentationBackend(10396): Added:'SetActivityOrientation', with key:'set_activity_orientation'
I/InstrumentationBackend(10396): Added:'DpToDevicePixel', with key:'dp_to_device_pixel'
I/InstrumentationBackend(10396): Added:'ClickOnScreen', with key:'click_on_screen'
I/InstrumentationBackend(10396): Added:'DoubleTapCoordinate', with key:'double_tap_coordinate'
I/InstrumentationBackend(10396): Added:'Drag', with key:'drag'
I/InstrumentationBackend(10396): Added:'DragCoordinates', with key:'drag_coordinates'
I/InstrumentationBackend(10396): Added:'LongPressCoordinate', with key:'long_press_coordinate'
I/InstrumentationBackend(10396): Added:'ResumeApplication', with key:'resume_application'
I/InstrumentationBackend(10396): Added:'Swipe', with key:'swipe'
I/InstrumentationBackend(10396): Added:'TouchCoordinates', with key:'touch_coordinate'
I/InstrumentationBackend(10396): Added:'ListActions', with key:'list_actions'
I/InstrumentationBackend(10396): Added:'SendTcp', with key:'send_tcp'
I/InstrumentationBackend(10396): Added:'PressElement', with key:'press_l10n_element'
I/InstrumentationBackend(10396): Added:'WaitForElement', with key:'wait_for_l10n_element'
I/InstrumentationBackend(10396): Added:'FakeGPSLocation', with key:'set_gps_coordinates'
I/InstrumentationBackend(10396): Added:'GetMapBounds', with key:'get_map_bounds'
I/InstrumentationBackend(10396): Added:'GetMapCenter', with key:'get_map_center'
I/InstrumentationBackend(10396): Added:'GetMapMarker', with key:'get_map_marker'
I/InstrumentationBackend(10396): Added:'GetMapMarkers', with key:'get_map_markers'
I/InstrumentationBackend(10396): Added:'GetMapZoom', with key:'get_map_zoom'
I/InstrumentationBackend(10396): Added:'PanMapTo', with key:'pan_map_to'
I/InstrumentationBackend(10396): Added:'SetMapCenter', with key:'set_map_center'
I/InstrumentationBackend(10396): Added:'SetMapZoom', with key:'set_map_zoom'
I/InstrumentationBackend(10396): Added:'TapAwayFromMarkers', with key:'tap_map_away_from_markers'
I/InstrumentationBackend(10396): Added:'TapMapMarker', with key:'tap_map_marker_by_title'
I/InstrumentationBackend(10396): Added:'ClearPreferences', with key:'clear_preferences'
I/InstrumentationBackend(10396): Added:'GetPreferences', with key:'get_preferences'
I/InstrumentationBackend(10396): Added:'SetPreferences', with key:'set_preferences'
I/InstrumentationBackend(10396): Added:'PressKey', with key:'press_key'
I/InstrumentationBackend(10396): Added:'DeleteSurroundingText', with key:'delete_surrounding_text'
I/InstrumentationBackend(10396): Added:'HideSoftKeyboard', with key:'hide_soft_keyboard'
I/InstrumentationBackend(10396): Added:'KeyboardEnterText', with key:'keyboard_enter_text'
I/InstrumentationBackend(10396): Added:'KeyboardKeyEvent', with key:'keyboard_key_event'
I/InstrumentationBackend(10396): Added:'PressUserActionButton', with key:'press_user_action_button'
I/InstrumentationBackend(10396): Added:'SetComposingRegion', with key:'set_composing_region'
I/InstrumentationBackend(10396): Added:'SetSelection', with key:'set_selection'
I/InstrumentationBackend(10396): Added:'AndroidSDKVersion', with key:'android_sdk_version'
I/InstrumentationBackend(10396): Added:'Version', with key:'version'
I/InstrumentationBackend(10396): Added:'GetActivityName', with key:'get_activity_name'
I/InstrumentationBackend(10396): Added:'IsCurrentActivityFocused', with key:'is_current_activity_focused'
I/InstrumentationBackend(10396): Added:'ScrollToView', with key:'scroll_to_view'
I/InstrumentationBackend(10396): Added:'ViewConfiguration', with key:'view_configuration'
I/InstrumentationBackend(10396): Added:'DumpBodyHtml', with key:'dump_body_html'
I/InstrumentationBackend(10396): Added:'DumpHtml', with key:'dump_html'
I/InstrumentationBackend(10396): Added:'EnterTextByCssSelector', with key:'enter_text_by_selector'
I/InstrumentationBackend(10396): Added:'GetLoadProgress', with key:'get_load_progress'
I/InstrumentationBackend(10396): Added:'GetUrl', with key:'get_url'
I/InstrumentationBackend(10396): Added:'ScrollTo', with key:'scroll_to'
I/InstrumentationBackend(10396): Added:'SetPropertyByCssSelector', with key:'set_property_by_css_selector'
I/calabash(10396): Instantiating http server at 7102
I/System.out(10396): HTTP Daemon listening on: 7102
I/System.out(10396): URI: /ready
I/System.out(10396): params: {}
I/System.out(10396): URI: /ready
I/System.out(10396): params: {}
I/art     (10396): Starting a blocking GC Explicit
I/art     (10396): Explicit concurrent mark sweep GC freed 3237(429KB) AllocSpace objects, 7(140KB) LOS objects, 39% free, 4MB/7MB, paused 364us total 30.433ms
I/System.out(10396): URI: /ping
I/System.out(10396): params: {json={"intent":null }
I/System.out(10396): }
I/System.out(10396): URI: /ready
I/System.out(10396): params: {json={"intent":null }
I/System.out(10396): }
I/System.out(10396): URI: /start-application
I/System.out(10396): params: {json={"intent":null }
I/System.out(10396): }
I/calabash(10396): execStartActivity 4
I/ActivityManager(  868): START u0 {act=android.intent.action.MAIN cat=[android.intent.category.LAUNCHER] flg=0x10200000 cmp=com.careerbuilder.SugarDrone/md537fd6201b6818e2e180d2f7606e21a83.AppMainActivity (has extras)} from uid 15224 on display 0
W/SearchService( 6824): Abort, client detached.
I/MicroDetector( 6824): Keeping mic open: false
I/DeviceStateChecker( 6824): DeviceStateChecker cancelled
I/MicrophoneInputStream( 6824): mic_close com.google.android.apps.gsa.speech.audio.ah@aff4ccd
E/AudioRecord-JNI( 6824): Error -4 during AudioRecord native read
I/calabash(10396): newActivity1
D/Mono    (10396): Assembly Ref addref CareerBuilder_Search.Droid[0xe074dfe0] -> Xamarin.Android.Support.v7.AppCompat[0xe924d560]: 2
D/Mono    (10396): Assembly Ref addref Xamarin.Android.Support.v7.AppCompat[0xe924d560] -> Xamarin.Android.Support.v4[0xe924d3e0]: 2
D/Mono    (10396): DllImport searching in: '__Internal' ('(null)').
D/Mono    (10396): Searching for 'java_interop_jnienv_get_array_length'.
D/Mono    (10396): Probing 'java_interop_jnienv_get_array_length'.
D/Mono    (10396): Found as 'java_interop_jnienv_get_array_length'.
D/sound_trigger_platform(  505): platform_stdev_check_and_update_concurrency: concurrency active 0, tx 0, rx 0, concurrency session_allowed 1
I/SoundTriggerHwService::Module(  505): void android::SoundTriggerHwService::Module::onCallbackEvent(const sp<android::SoundTriggerHwService::CallbackEvent> &) mClient == 0
I/MicroRecognitionRunner( 6824): Stopping hotword detection.
I/MicroRecognitionRunner( 6824): Detection finished
D/Mono    (10396): Assembly Ref addref CareerBuilder_Search.Droid[0xe074dfe0] -> CareerBuilder_Search[0xe924da40]: 2
D/Mono    (10396): Assembly Ref addref CareerBuilder_Search.Droid[0xe074dfe0] -> Xamarin.Android.Support.v4[0xe924d3e0]: 3
D/Mono    (10396): DllImport searching in: '__Internal' ('(null)').
D/Mono    (10396): Searching for 'java_interop_jnienv_new_string'.
D/Mono    (10396): Probing 'java_interop_jnienv_new_string'.
D/Mono    (10396): Found as 'java_interop_jnienv_new_string'.
D/Mono    (10396): Assembly Ref addref CareerBuilder_Search.Droid[0xe074dfe0] -> Plugin.CurrentActivity[0xe924c540]: 2
D/Mono    (10396): Assembly Ref addref Plugin.CurrentActivity[0xe924c540] -> mscorlib[0xe074de60]: 30
D/Mono    (10396): Assembly Ref addref Plugin.CurrentActivity[0xe924c540] -> Mono.Android[0xe924daa0]: 18
D/Mono    (10396): [0xc8ff4920] worker starting
D/Mono    (10396): [0xc8ef3920] worker starting
D/Mono    (10396): Unloading image System.Runtime.dll [0xc99e8e00].
D/Mono    (10396): Image addref System.Runtime[0xe924ef40] -> System.Runtime.dll[0xe212e500]: 5
D/Mono    (10396): Config attempting to parse: 'System.Runtime.dll.config'.
D/Mono    (10396): Config attempting to parse: '/Users/builder/data/lanes/4009/3a62f1ea/source/monodroid/builds/install/mono-armv6/etc/mono/assemblies/System.Runtime/System.Runtime.config'.
D/Mono    (10396): Assembly Ref addref CareerBuilder_Search[0xe924da40] -> System.Runtime[0xe924db60]: 3
D/Mono    (10396): Assembly Ref addref CareerBuilder_Search[0xe924da40] -> Plugin.DeviceInfo.Abstractions[0xe924ce40]: 2
D/Mono    (10396): Unloading image System.Runtime.dll [0xc99e9300].
D/Mono    (10396): Image addref System.Runtime[0xe924ef40] -> System.Runtime.dll[0xe212e500]: 6
D/Mono    (10396): Config attempting to parse: 'System.Runtime.dll.config'.
D/Mono    (10396): Config attempting to parse: '/Users/builder/data/lanes/4009/3a62f1ea/source/monodroid/builds/install/mono-armv6/etc/mono/assemblies/System.Runtime/System.Runtime.config'.
D/Mono    (10396): Assembly Ref addref Plugin.DeviceInfo.Abstractions[0xe924ce40] -> System.Runtime[0xe924db60]: 4
D/Mono    (10396): Assembly Ref addref CareerBuilder_Search.Droid[0xe074dfe0] -> Akavache[0xe074e880]: 2
D/Mono    (10396): Assembly Ref addref Akavache[0xe074e880] -> mscorlib[0xe074de60]: 31
D/Mono    (10396): Assembly Ref addref Akavache[0xe074e880] -> System.Reactive.Interfaces[0xe924d7a0]: 2
D/Mono    (10396): Assembly Ref addref Akavache[0xe074e880] -> System.Reactive.Core[0xe924d740]: 2
D/Mono    (10396): Unloading image System.Runtime.dll [0xc99e9300].
D/Mono    (10396): Image addref System.Runtime[0xe924ef40] -> System.Runtime.dll[0xe212e500]: 7
D/Mono    (10396): Config attempting to parse: 'System.Runtime.dll.config'.
D/Mono    (10396): Config attempting to parse: '/Users/builder/data/lanes/4009/3a62f1ea/source/monodroid/builds/install/mono-armv6/etc/mono/assemblies/System.Runtime/System.Runtime.config'.
D/Mono    (10396): Assembly Ref addref System.Reactive.Core[0xe924d740] -> System.Runtime[0xe924db60]: 5
D/Mono    (10396): DllImport searching in: '__Internal' ('(null)').
D/Mono    (10396): Searching for 'java_interop_jnienv_call_nonvirtual_object_method_a'.
D/Mono    (10396): Probing 'java_interop_jnienv_call_nonvirtual_object_method_a'.
D/Mono    (10396): Found as 'java_interop_jnienv_call_nonvirtual_object_method_a'.
D/Mono    (10396): Assembly Ref addref CareerBuilder_Search.Droid[0xe074dfe0] -> Microsoft.Practices.Unity[0xe924c4e0]: 2
D/Mono    (10396): Unloading image System.Runtime.dll [0xc99e9300].
D/Mono    (10396): Image addref System.Runtime[0xe924ef40] -> System.Runtime.dll[0xe212e500]: 8
D/Mono    (10396): Config attempting to parse: 'System.Runtime.dll.config'.
D/Mono    (10396): Config attempting to parse: '/Users/builder/data/lanes/4009/3a62f1ea/source/monodroid/builds/install/mono-armv6/etc/mono/assemblies/System.Runtime/System.Runtime.config'.
D/Mono    (10396): Assembly Ref addref Microsoft.Practices.Unity[0xe924c4e0] -> System.Runtime[0xe924db60]: 6
D/Mono    (10396): Unloading image System.Collections.dll [0xc99eac00].
D/Mono    (10396): Image addref System.Collections[0xe924ef40] -> System.Collections.dll[0xe2131200]: 5
D/Mono    (10396): Config attempting to parse: 'System.Collections.dll.config'.
D/Mono    (10396): Config attempting to parse: '/Users/builder/data/lanes/4009/3a62f1ea/source/monodroid/builds/install/mono-armv6/etc/mono/assemblies/System.Collections/System.Collections.config'.
D/Mono    (10396): Assembly Ref addref Microsoft.Practices.Unity[0xe924c4e0] -> System.Collections[0xe924de00]: 3
D/Mono    (10396): Assembly Ref addref CareerBuilder_Search[0xe924da40] -> Microsoft.Practices.Unity[0xe924c4e0]: 3
D/Mono    (10396): Assembly Ref addref CareerBuilder_Search.Droid[0xe074dfe0] -> Plugin.DeviceInfo.Abstractions[0xe924ce40]: 3
D/Mono    (10396): Unloading image System.Diagnostics.Debug.dll [0xc99eac00].
D/Mono    (10396): Image addref System.Diagnostics.Debug[0xe924ef40] -> System.Diagnostics.Debug.dll[0xe2130300]: 5
D/Mono    (10396): Config attempting to parse: 'System.Diagnostics.Debug.dll.config'.
D/Mono    (10396): Config attempting to parse: '/Users/builder/data/lanes/4009/3a62f1ea/source/monodroid/builds/install/mono-armv6/etc/mono/assemblies/System.Diagnostics.Debug/System.Diagnostics.Debug.config'.
D/Mono    (10396): Assembly Ref addref CareerBuilder_Search[0xe924da40] -> System.Diagnostics.Debug[0xe924dce0]: 3
D/Mono    (10396): Assembly Ref addref System.Diagnostics.Debug[0xe924dce0] -> mscorlib[0xe074de60]: 32
D/Mono    (10396): Image addref System.Diagnostics.Tools[0xe924ef40] -> System.Diagnostics.Tools.dll[0xc99eac00]: 2
D/Mono    (10396): Prepared to set up assembly 'System.Diagnostics.Tools' (System.Diagnostics.Tools.dll)
D/Mono    (10396): Assembly System.Diagnostics.Tools[0xe924ef40] added to domain RootDomain, ref_count=1
D/Mono    (10396): AOT module 'System.Diagnostics.Tools.dll.so' not found: dlopen failed: library "/data/app/com.careerbuilder.SugarDrone-1/lib/arm/libaot-System.Diagnostics.Tools.dll.so" not found
D/Mono    (10396): AOT module '/Users/builder/data/lanes/4009/3a62f1ea/source/monodroid/builds/install/mono-armv6/lib/mono/aot-cache/arm/System.Diagnostics.Tools.dll.so' not found: dlopen failed: library "/data/app/com.careerbuilder.SugarDrone-1/lib/arm/libaot-System.Diagnostics.Tools.dll.so" not found
D/Mono    (10396): Config attempting to parse: 'System.Diagnostics.Tools.dll.config'.
D/Mono    (10396): Config attempting to parse: '/Users/builder/data/lanes/4009/3a62f1ea/source/monodroid/builds/install/mono-armv6/etc/mono/assemblies/System.Diagnostics.Tools/System.Diagnostics.Tools.config'.
D/Mono    (10396): Assembly Ref addref Microsoft.Practices.Unity[0xe924c4e0] -> System.Diagnostics.Tools[0xe924ef40]: 2
D/Mono    (10396): Assembly Ref addref System.Diagnostics.Tools[0xe924ef40] -> mscorlib[0xe074de60]: 33
D/Mono    (10396): Image addref System.Resources.ResourceManager[0xe924efa0] -> System.Resources.ResourceManager.dll[0xc99eb100]: 2
D/Mono    (10396): Prepared to set up assembly 'System.Resources.ResourceManager' (System.Resources.ResourceManager.dll)
D/Mono    (10396): Assembly System.Resources.ResourceManager[0xe924efa0] added to domain RootDomain, ref_count=1
D/Mono    (10396): AOT module 'System.Resources.ResourceManager.dll.so' not found: dlopen failed: library "/data/app/com.careerbuilder.SugarDrone-1/lib/arm/libaot-System.Resources.ResourceManager.dll.so" not found
D/Mono    (10396): AOT module '/Users/builder/data/lanes/4009/3a62f1ea/source/monodroid/builds/install/mono-armv6/lib/mono/aot-cache/arm/System.Resources.ResourceManager.dll.so' not found: dlopen failed: library "/data/app/com.careerbuilder.SugarDrone-1/lib/arm/libaot-System.Resources.ResourceManager.dll.so" not found
D/Mono    (10396): Config attempting to parse: 'System.Resources.ResourceManager.dll.config'.
D/Mono    (10396): Config attempting to parse: '/Users/builder/data/lanes/4009/3a62f1ea/source/monodroid/builds/install/mono-armv6/etc/mono/assemblies/System.Resources.ResourceManager/System.Resources.ResourceManager.config'.
D/Mono    (10396): Assembly Ref addref Microsoft.Practices.Unity[0xe924c4e0] -> System.Resources.ResourceManager[0xe924efa0]: 2
D/Mono    (10396): Assembly Ref addref System.Resources.ResourceManager[0xe924efa0] -> mscorlib[0xe074de60]: 34
D/Mono    (10396): Unloading image System.Reflection.dll [0xc99eb600].
D/Mono    (10396): Image addref System.Reflection[0xc90c1000] -> System.Reflection.dll[0xe212f900]: 5
D/Mono    (10396): Config attempting to parse: 'System.Reflection.dll.config'.
D/Mono    (10396): Config attempting to parse: '/Users/builder/data/lanes/4009/3a62f1ea/source/monodroid/builds/install/mono-armv6/etc/mono/assemblies/System.Reflection/System.Reflection.config'.
D/Mono    (10396): Assembly Ref addref Microsoft.Practices.Unity[0xe924c4e0] -> System.Reflection[0xe924dc20]: 3
D/Mono    (10396): Unloading image System.Linq.dll [0xc99eb600].
D/Mono    (10396): Image addref System.Linq[0xc90c11e0] -> System.Linq.dll[0xc9bb0500]: 5
D/Mono    (10396): Config attempting to parse: 'System.Linq.dll.config'.
D/Mono    (10396): Config attempting to parse: '/Users/builder/data/lanes/4009/3a62f1ea/source/monodroid/builds/install/mono-armv6/etc/mono/assemblies/System.Linq/System.Linq.config'.
D/Mono    (10396): Assembly Ref addref Microsoft.Practices.Unity[0xe924c4e0] -> System.Linq[0xe924df20]: 3
I/Adreno  (10396): QUALCOMM build                   : 74df444, I409c65498b
I/Adreno  (10396): Build Date                       : 06/22/16
I/Adreno  (10396): OpenGL ES Shader Compiler Version: XE031.08.00.02
I/Adreno  (10396): Local Branch                     : N16
I/Adreno  (10396): Remote Branch                    : 
I/Adreno  (10396): Remote Branch                    : 
I/Adreno  (10396): Reconstruct Branch               : 
W/IInputConnectionWrapper( 4215): reportFullscreenMode on inexistent InputConnection
D/Mono    (10396): Unloading image System.Threading.dll [0xc99eb600].
D/Mono    (10396): Image addref System.Threading[0xc90c11e0] -> System.Threading.dll[0xe212fe00]: 5
D/Mono    (10396): Config attempting to parse: 'System.Threading.dll.config'.
D/Mono    (10396): Config attempting to parse: '/Users/builder/data/lanes/4009/3a62f1ea/source/monodroid/builds/install/mono-armv6/etc/mono/assemblies/System.Threading/System.Threading.config'.
D/Mono    (10396): Assembly Ref addref Microsoft.Practices.Unity[0xe924c4e0] -> System.Threading[0xe924dc80]: 3
I/OpenGLRenderer(10396): Initialized EGL, version 1.4
D/OpenGLRenderer(10396): Swap behavior 1
D/Mono    (10396): Image addref System.Globalization[0xc90c1120] -> System.Globalization.dll[0xc8ab3500]: 2
D/Mono    (10396): Prepared to set up assembly 'System.Globalization' (System.Globalization.dll)
D/Mono    (10396): Assembly System.Globalization[0xc90c1120] added to domain RootDomain, ref_count=1
D/Mono    (10396): AOT module 'System.Globalization.dll.so' not found: dlopen failed: library "/data/app/com.careerbuilder.SugarDrone-1/lib/arm/libaot-System.Globalization.dll.so" not found
D/Mono    (10396): AOT module '/Users/builder/data/lanes/4009/3a62f1ea/source/monodroid/builds/install/mono-armv6/lib/mono/aot-cache/arm/System.Globalization.dll.so' not found: dlopen failed: library "/data/app/com.careerbuilder.SugarDrone-1/lib/arm/libaot-System.Globalization.dll.so" not found
D/Mono    (10396): Config attempting to parse: 'System.Globalization.dll.config'.
D/Mono    (10396): Config attempting to parse: '/Users/builder/data/lanes/4009/3a62f1ea/source/monodroid/builds/install/mono-armv6/etc/mono/assemblies/System.Globalization/System.Globalization.config'.
D/Mono    (10396): Assembly Ref addref Microsoft.Practices.Unity[0xe924c4e0] -> System.Globalization[0xc90c1120]: 2
D/Mono    (10396): Assembly Ref addref System.Globalization[0xc90c1120] -> mscorlib[0xe074de60]: 35
D/Mono    (10396): Image addref System.Runtime.Extensions[0xc90c21a0] -> System.Runtime.Extensions.dll[0xc8ab3f00]: 2
D/Mono    (10396): Prepared to set up assembly 'System.Runtime.Extensions' (System.Runtime.Extensions.dll)
D/Mono    (10396): Assembly System.Runtime.Extensions[0xc90c21a0] added to domain RootDomain, ref_count=1
D/Mono    (10396): AOT module 'System.Runtime.Extensions.dll.so' not found: dlopen failed: library "/data/app/com.careerbuilder.SugarDrone-1/lib/arm/libaot-System.Runtime.Extensions.dll.so" not found
D/Mono    (10396): AOT module '/Users/builder/data/lanes/4009/3a62f1ea/source/monodroid/builds/install/mono-armv6/lib/mono/aot-cache/arm/System.Runtime.Extensions.dll.so' not found: dlopen failed: library "/data/app/com.careerbuilder.SugarDrone-1/lib/arm/libaot-System.Runtime.Extensions.dll.so" not found
D/Mono    (10396): Config attempting to parse: 'System.Runtime.Extensions.dll.config'.
D/Mono    (10396): Config attempting to parse: '/Users/builder/data/lanes/4009/3a62f1ea/source/monodroid/builds/install/mono-armv6/etc/mono/assemblies/System.Runtime.Extensions/System.Runtime.Extensions.config'.
D/Mono    (10396): Assembly Ref addref Microsoft.Practices.Unity[0xe924c4e0] -> System.Runtime.Extensions[0xc90c21a0]: 2
D/Mono    (10396): Assembly Ref addref System.Runtime.Extensions[0xc90c21a0] -> mscorlib[0xe074de60]: 36
D/Mono    (10396): Image addref System.Linq.Expressions[0xc90c2440] -> System.Linq.Expressions.dll[0xc99ebb00]: 2
D/Mono    (10396): Prepared to set up assembly 'System.Linq.Expressions' (System.Linq.Expressions.dll)
D/Mono    (10396): Assembly System.Linq.Expressions[0xc90c2440] added to domain RootDomain, ref_count=1
D/Mono    (10396): AOT module 'System.Linq.Expressions.dll.so' not found: dlopen failed: library "/data/app/com.careerbuilder.SugarDrone-1/lib/arm/libaot-System.Linq.Expressions.dll.so" not found
D/Mono    (10396): AOT module '/Users/builder/data/lanes/4009/3a62f1ea/source/monodroid/builds/install/mono-armv6/lib/mono/aot-cache/arm/System.Linq.Expressions.dll.so' not found: dlopen failed: library "/data/app/com.careerbuilder.SugarDrone-1/lib/arm/libaot-System.Linq.Expressions.dll.so" not found
D/Mono    (10396): Config attempting to parse: 'System.Linq.Expressions.dll.config'.
D/Mono    (10396): Config attempting to parse: '/Users/builder/data/lanes/4009/3a62f1ea/source/monodroid/builds/install/mono-armv6/etc/mono/assemblies/System.Linq.Expressions/System.Linq.Expressions.config'.
D/Mono    (10396): Assembly Ref addref Microsoft.Practices.Unity[0xe924c4e0] -> System.Linq.Expressions[0xc90c2440]: 2
D/Mono    (10396): Assembly Ref addref System.Linq.Expressions[0xc90c2440] -> System.Core[0xe924e0a0]: 5
D/Mono    (10396): Assembly Ref addref System.Core[0xe924e0a0] -> System[0xe924dd40]: 3
I/ActivityManager(  868): Displayed com.careerbuilder.SugarDrone/md537fd6201b6818e2e180d2f7606e21a83.AppMainActivity: +745ms
D/Mono    (10396): Assembly Ref addref CareerBuilder_Search.Droid[0xe074dfe0] -> Xamarin.GooglePlayServices.Analytics[0xe924d080]: 2
D/Mono    (10396): Assembly Ref addref CareerBuilder_Search.Droid[0xe074dfe0] -> Plugin.Geolocator.Abstractions[0xe924cae0]: 2
D/Mono    (10396): Assembly Ref addref CareerBuilder_Search[0xe924da40] -> System.Net.Http[0xe924e8e0]: 3
D/Mono    (10396): Assembly Ref addref CareerBuilder_Search[0xe924da40] -> Plugin.DeviceInfo[0xe924cba0]: 2
D/Mono    (10396): Assembly Ref addref Plugin.DeviceInfo[0xe924cba0] -> mscorlib[0xe074de60]: 37
D/Mono    (10396): Assembly Ref addref Plugin.DeviceInfo[0xe924cba0] -> Plugin.DeviceInfo.Abstractions[0xe924ce40]: 4
D/Mono    (10396): Image addref System.Threading.Tasks[0xc8089120] -> System.Threading.Tasks.dll[0xc8ab7100]: 2
D/Mono    (10396): Prepared to set up assembly 'System.Threading.Tasks' (System.Threading.Tasks.dll)
D/Mono    (10396): Assembly System.Threading.Tasks[0xc8089120] added to domain RootDomain, ref_count=1
D/Mono    (10396): AOT module 'System.Threading.Tasks.dll.so' not found: dlopen failed: library "/data/app/com.careerbuilder.SugarDrone-1/lib/arm/libaot-System.Threading.Tasks.dll.so" not found
D/Mono    (10396): AOT module '/Users/builder/data/lanes/4009/3a62f1ea/source/monodroid/builds/install/mono-armv6/lib/mono/aot-cache/arm/System.Threading.Tasks.dll.so' not found: dlopen failed: library "/data/app/com.careerbuilder.SugarDrone-1/lib/arm/libaot-System.Threading.Tasks.dll.so" not found
D/Mono    (10396): Config attempting to parse: 'System.Threading.Tasks.dll.config'.
D/Mono    (10396): Config attempting to parse: '/Users/builder/data/lanes/4009/3a62f1ea/source/monodroid/builds/install/mono-armv6/etc/mono/assemblies/System.Threading.Tasks/System.Threading.Tasks.config'.
D/Mono    (10396): Assembly Ref addref CareerBuilder_Search[0xe924da40] -> System.Threading.Tasks[0xc8089120]: 2
D/Mono    (10396): Assembly Ref addref System.Threading.Tasks[0xc8089120] -> mscorlib[0xe074de60]: 38
D/Mono    (10396): Unloading image System.Collections.dll [0xc8ab7600].
D/Mono    (10396): Image addref System.Collections[0xc90c2140] -> System.Collections.dll[0xe2131200]: 6
D/Mono    (10396): Config attempting to parse: 'System.Collections.dll.config'.
D/Mono    (10396): Config attempting to parse: '/Users/builder/data/lanes/4009/3a62f1ea/source/monodroid/builds/install/mono-armv6/etc/mono/assemblies/System.Collections/System.Collections.config'.
D/Mono    (10396): Assembly Ref addref CareerBuilder_Search[0xe924da40] -> System.Collections[0xe924de00]: 4
D/Mono    (10396): Assembly Ref addref System.Collections[0xe924de00] -> System[0xe924dd40]: 4
D/Mono    (10396): Assembly Ref addref System.Net.Http[0xe924e8e0] -> System[0xe924dd40]: 5
I/WindowManager(  868): Destroying surface Surface(name=com.google.android.googlequicksearchbox/com.google.android.launcher.GEL) called by com.android.server.wm.WindowStateAnimator.destroySurface:2014 com.android.server.wm.WindowStateAnimator.destroySurfaceLocked:881 com.android.server.wm.WindowState.destroyOrSaveSurface:2073 com.android.server.wm.AppWindowToken.destroySurfaces:363 com.android.server.wm.AppWindowToken.notifyAppStopped:389 com.android.server.wm.WindowManagerService.notifyAppStopped:4456 com.android.server.am.ActivityStack.activityStoppedLocked:1252 com.android.server.am.ActivityManagerService.activityStopped:6873 
I/ActivityManager(  868): Killing 5701:com.android.printspooler/u0a80 (adj 906): empty #17
I/WindowManager(  868): Destroying surface Surface(name=Starting com.careerbuilder.SugarDrone) called by com.android.server.wm.WindowStateAnimator.destroySurface:2014 com.android.server.wm.WindowStateAnimator.destroySurfaceLocked:881 com.android.server.wm.WindowState.destroyOrSaveSurface:2073 com.android.server.wm.AppWindowToken.destroySurfaces:363 com.android.server.wm.WindowStateAnimator.finishExit:565 com.android.server.wm.WindowStateAnimator.stepAnimationLocked:491 com.android.server.wm.WindowAnimator.updateWindowsLocked:303 com.android.server.wm.WindowAnimator.animateLocked:704 
D/Mono    (10396): Assembly Ref addref Microsoft.Practices.Unity[0xe924c4e0] -> System.Reflection.Extensions[0xe924e1c0]: 3
I/System.out(10396): URI: /map
I/System.out(10396): params: {json={"query":"*","operation":{"method_name":"query","arguments":[]}}
I/System.out(10396): }
W/ResourceType(10396): No known package when getting name for resource number 0xffffffff
W/ResourceType(10396): No known package when getting name for resource number 0xffffffff
W/ResourceType(10396): No known package when getting name for resource number 0xffffffff
D/Mono    (10396): Unloading image System.Threading.dll [0xc7d90500].
D/Mono    (10396): Image addref System.Threading[0xc8089000] -> System.Threading.dll[0xe212fe00]: 6
D/Mono    (10396): Config attempting to parse: 'System.Threading.dll.config'.
D/Mono    (10396): Config attempting to parse: '/Users/builder/data/lanes/4009/3a62f1ea/source/monodroid/builds/install/mono-armv6/etc/mono/assemblies/System.Threading/System.Threading.config'.
D/Mono    (10396): Assembly Ref addref CareerBuilder_Search[0xe924da40] -> System.Threading[0xe924dc80]: 4
D/Mono    (10396): Assembly Ref addref System.Threading[0xe924dc80] -> System.Core[0xe924e0a0]: 6
D/Mono    (10396): Assembly Ref addref System.Runtime[0xe924db60] -> System[0xe924dd40]: 6
D/Mono    (10396): Assembly Ref addref CareerBuilder_Search[0xe924da40] -> Newtonsoft.Json[0xe924d680]: 2
D/Mono    (10396): Unloading image System.Runtime.dll [0xc7d90a00].
D/Mono    (10396): Image addref System.Runtime[0xc808ae00] -> System.Runtime.dll[0xe212e500]: 9
D/Mono    (10396): Config attempting to parse: 'System.Runtime.dll.config'.
D/Mono    (10396): Config attempting to parse: '/Users/builder/data/lanes/4009/3a62f1ea/source/monodroid/builds/install/mono-armv6/etc/mono/assemblies/System.Runtime/System.Runtime.config'.
D/Mono    (10396): Assembly Ref addref Newtonsoft.Json[0xe924d680] -> System.Runtime[0xe924db60]: 7
D/Mono    (10396): Image addref System.Dynamic.Runtime[0xc808ae00] -> System.Dynamic.Runtime.dll[0xc7d90a00]: 2
D/Mono    (10396): Prepared to set up assembly 'System.Dynamic.Runtime' (System.Dynamic.Runtime.dll)
D/Mono    (10396): Assembly System.Dynamic.Runtime[0xc808ae00] added to domain RootDomain, ref_count=1
D/Mono    (10396): AOT module 'System.Dynamic.Runtime.dll.so' not found: dlopen failed: library "/data/app/com.careerbuilder.SugarDrone-1/lib/arm/libaot-System.Dynamic.Runtime.dll.so" not found
D/Mono    (10396): AOT module '/Users/builder/data/lanes/4009/3a62f1ea/source/monodroid/builds/install/mono-armv6/lib/mono/aot-cache/arm/System.Dynamic.Runtime.dll.so' not found: dlopen failed: library "/data/app/com.careerbuilder.SugarDrone-1/lib/arm/libaot-System.Dynamic.Runtime.dll.so" not found
D/Mono    (10396): Config attempting to parse: 'System.Dynamic.Runtime.dll.config'.
D/Mono    (10396): Config attempting to parse: '/Users/builder/data/lanes/4009/3a62f1ea/source/monodroid/builds/install/mono-armv6/etc/mono/assemblies/System.Dynamic.Runtime/System.Dynamic.Runtime.config'.
D/Mono    (10396): Assembly Ref addref Newtonsoft.Json[0xe924d680] -> System.Dynamic.Runtime[0xc808ae00]: 2
D/Mono    (10396): Assembly Ref addref System.Dynamic.Runtime[0xc808ae00] -> System.Core[0xe924e0a0]: 7
D/Mono    (10396): Image addref System.ObjectModel[0xc808ae60] -> System.ObjectModel.dll[0xc7d90000]: 2
D/Mono    (10396): Prepared to set up assembly 'System.ObjectModel' (System.ObjectModel.dll)
D/Mono    (10396): Assembly System.ObjectModel[0xc808ae60] added to domain RootDomain, ref_count=1
D/Mono    (10396): AOT module 'System.ObjectModel.dll.so' not found: dlopen failed: library "/data/app/com.careerbuilder.SugarDrone-1/lib/arm/libaot-System.ObjectModel.dll.so" not found
D/Mono    (10396): AOT module '/Users/builder/data/lanes/4009/3a62f1ea/source/monodroid/builds/install/mono-armv6/lib/mono/aot-cache/arm/System.ObjectModel.dll.so' not found: dlopen failed: library "/data/app/com.careerbuilder.SugarDrone-1/lib/arm/libaot-System.ObjectModel.dll.so" not found
D/Mono    (10396): Config attempting to parse: 'System.ObjectModel.dll.config'.
D/Mono    (10396): Config attempting to parse: '/Users/builder/data/lanes/4009/3a62f1ea/source/monodroid/builds/install/mono-armv6/etc/mono/assemblies/System.ObjectModel/System.ObjectModel.config'.
D/Mono    (10396): Assembly Ref addref Newtonsoft.Json[0xe924d680] -> System.ObjectModel[0xc808ae60]: 2
D/Mono    (10396): Assembly Ref addref System.ObjectModel[0xc808ae60] -> System[0xe924dd40]: 7
D/Mono    (10396): Assembly Ref addref CareerBuilder_Search[0xe924da40] -> System.Reactive.Core[0xe924d740]: 3
D/Mono    (10396): DllImport attempting to load: '__Internal'.
D/Mono    (10396): DllImport loaded library '(null)'.
D/Mono    (10396): DllImport searching in: '__Internal' ('(null)').
D/Mono    (10396): Searching for 'monodroid_get_system_property'.
D/Mono    (10396): Probing 'monodroid_get_system_property'.
D/Mono    (10396): Found as 'monodroid_get_system_property'.
D/Mono    (10396): DllImport searching in: '__Internal' ('(null)').
D/Mono    (10396): Searching for 'monodroid_free'.
D/Mono    (10396): Probing 'monodroid_free'.
D/Mono    (10396): Found as 'monodroid_free'.
I/System.out(10396): URI: /map
I/System.out(10396): params: {json={"query":"* id:'agreeAndContinueButton'","operation":{"method_name":"query","arguments":[]}}
I/System.out(10396): }
W/ResourceType(10396): No known package when getting name for resource number 0xffffffff
W/ResourceType(10396): No known package when getting name for resource number 0xffffffff
W/ResourceType(10396): No known package when getting name for resource number 0xffffffff
D/Mono    (10396): Assembly Ref addref CareerBuilder_Search.Droid[0xe074dfe0] -> Xamarin.Insights[0xe924d260]: 2
D/Mono    (10396): Assembly Ref addref Xamarin.Insights[0xe924d260] -> mscorlib[0xe074de60]: 39
D/Mono    (10396): Assembly Ref addref Xamarin.Insights[0xe924d260] -> Mono.Android[0xe924daa0]: 19
D/Mono    (10396): Assembly Ref addref CareerBuilder_Search.Droid[0xe074dfe0] -> HockeySDK[0xe074e160]: 2
D/Mono    (10396): Assembly Ref addref CareerBuilder_Search.Droid[0xe074dfe0] -> AppsFlyerXamarinBindingAndroid[0xe074e0a0]: 2
D/Mono    (10396): DllImport searching in: '__Internal' ('(null)').
D/Mono    (10396): Searching for 'java_interop_jnienv_get_static_field_id'.
D/Mono    (10396): Probing 'java_interop_jnienv_get_static_field_id'.
D/Mono    (10396): Found as 'java_interop_jnienv_get_static_field_id'.
D/Mono    (10396): DllImport searching in: '__Internal' ('(null)').
D/Mono    (10396): Searching for 'java_interop_jnienv_get_static_int_field'.
D/Mono    (10396): Probing 'java_interop_jnienv_get_static_int_field'.
D/Mono    (10396): Found as 'java_interop_jnienv_get_static_int_field'.
D/Mono    (10396): Assembly Ref addref Xamarin.Insights[0xe924d260] -> System.Core[0xe924e0a0]: 8
D/Mono    (10396): DllImport searching in: '__Internal' ('(null)').
D/Mono    (10396): Searching for 'java_interop_jnienv_call_static_long_method_a'.
D/Mono    (10396): Probing 'java_interop_jnienv_call_static_long_method_a'.
D/Mono    (10396): Found as 'java_interop_jnienv_call_static_long_method_a'.
D/Mono    (10396): Assembly Ref addref Xamarin.Insights[0xe924d260] -> System[0xe924dd40]: 8
D/Mono    (10396): Assembly Ref addref Xamarin.Insights[0xe924d260] -> System.Net.Http[0xe924e8e0]: 4
I/System.out(10396): URI: /map
I/System.out(10396): params: {json={"query":"* id:'agreeAndContinueButton'","operation":{"method_name":"query","arguments":[]}}
I/System.out(10396): }
W/ResourceType(10396): No known package when getting name for resource number 0xffffffff
W/ResourceType(10396): No known package when getting name for resource number 0xffffffff
W/ResourceType(10396): No known package when getting name for resource number 0xffffffff
W/NetworkIdentity(  868): Active mobile network without subscriber!
W/NetworkIdentity(  868): Active mobile network without subscriber!
W/NetworkIdentity(  868): Active mobile network without subscriber!
W/NetworkIdentity(  868): Active mobile network without subscriber!
W/NetworkIdentity(  868): Active mobile network without subscriber!
W/NetworkIdentity(  868): Active mobile network without subscriber!
W/NetworkIdentity(  868): Active mobile network without subscriber!
W/NetworkIdentity(  868): Active mobile network without subscriber!
W/NetworkIdentity(  868): Active mobile network without subscriber!
W/NetworkIdentity(  868): Active mobile network without subscriber!
D/Mono    (10396): DllImport searching in: '__Internal' ('(null)').
D/Mono    (10396): Searching for 'java_interop_jnienv_get_object_array_element'.
D/Mono    (10396): Probing 'java_interop_jnienv_get_object_array_element'.
D/Mono    (10396): Found as 'java_interop_jnienv_get_object_array_element'.
D/Mono    (10396): DllImport searching in: '__Internal' ('(null)').
D/Mono    (10396): Searching for 'java_interop_jnienv_call_boolean_method_a'.
D/Mono    (10396): Probing 'java_interop_jnienv_call_boolean_method_a'.
D/Mono    (10396): Found as 'java_interop_jnienv_call_boolean_method_a'.
D/Mono    (10396): DllImport searching in: '__Internal' ('(null)').
D/Mono    (10396): Searching for 'java_interop_jnienv_call_int_method_a'.
D/Mono    (10396): Probing 'java_interop_jnienv_call_int_method_a'.
D/Mono    (10396): Found as 'java_interop_jnienv_call_int_method_a'.
W/NetworkIdentity(  868): Active mobile network without subscriber!
W/NetworkIdentity(  868): Active mobile network without subscriber!
W/NetworkIdentity(  868): Active mobile network without subscriber!
W/NetworkIdentity(  868): Active mobile network without subscriber!
W/NetworkIdentity(  868): Active mobile network without subscriber!
W/NetworkIdentity(  868): Active mobile network without subscriber!
W/NetworkIdentity(  868): Active mobile network without subscriber!
W/NetworkIdentity(  868): Active mobile network without subscriber!
W/NetworkIdentity(  868): Active mobile network without subscriber!
W/NetworkIdentity(  868): Active mobile network without subscriber!
D/Mono    (10396): DllImport searching in: '__Internal' ('(null)').
D/Mono    (10396): Searching for 'java_interop_jnienv_get_field_id'.
D/Mono    (10396): Probing 'java_interop_jnienv_get_field_id'.
D/Mono    (10396): Found as 'java_interop_jnienv_get_field_id'.
D/Mono    (10396): DllImport searching in: '__Internal' ('(null)').
D/Mono    (10396): Searching for 'java_interop_jnienv_get_object_field'.
D/Mono    (10396): Probing 'java_interop_jnienv_get_object_field'.
D/Mono    (10396): Found as 'java_interop_jnienv_get_object_field'.
D/Mono    (10396): DllImport searching in: '__Internal' ('(null)').
