D/Mono    (10470): AOT module 'System.Core.dll.so' not found: dlopen failed: library "/data/app/com.careerbuilder.SugarDrone-1/lib/arm/libaot-System.Core.dll.so" not found
D/Mono    (10470): AOT module '/Users/builder/data/lanes/4009/3a62f1ea/source/monodroid/builds/install/mono-armv6/lib/mono/aot-cache/arm/System.Core.dll.so' not found: dlopen failed: library "/data/app/com.careerbuilder.SugarDrone-1/lib/arm/libaot-System.Core.dll.so" not found
D/Mono    (10470): Config attempting to parse: 'System.Core.dll.config'.
D/Mono    (10470): Config attempting to parse: '/Users/builder/data/lanes/4009/3a62f1ea/source/monodroid/builds/install/mono-armv6/etc/mono/assemblies/System.Core/System.Core.config'.
D/Mono    (10470): Assembly Ref addref System.Linq[0xe51d50a0] -> System.Core[0xe51d5220]: 2
D/Mono    (10470): Assembly Ref addref System.Core[0xe51d5220] -> mscorlib[0xe5198fe0]: 10
D/Mono    (10470): Image addref System.Reflection.Extensions[0xe51d5340] -> System.Reflection.Extensions.dll[0xc703cf00]: 2
D/Mono    (10470): Prepared to set up assembly 'System.Reflection.Extensions' (System.Reflection.Extensions.dll)
D/Mono    (10470): Assembly System.Reflection.Extensions[0xe51d5340] added to domain RootDomain, ref_count=1
D/Mono    (10470): AOT module 'System.Reflection.Extensions.dll.so' not found: dlopen failed: library "/data/app/com.careerbuilder.SugarDrone-1/lib/arm/libaot-System.Reflection.Extensions.dll.so" not found
D/Mono    (10470): AOT module '/Users/builder/data/lanes/4009/3a62f1ea/source/monodroid/builds/install/mono-armv6/lib/mono/aot-cache/arm/System.Reflection.Extensions.dll.so' not found: dlopen failed: library "/data/app/com.careerbuilder.SugarDrone-1/lib/arm/libaot-System.Reflection.Extensions.dll.so" not found
D/Mono    (10470): Config attempting to parse: 'System.Reflection.Extensions.dll.config'.
D/Mono    (10470): Config attempting to parse: '/Users/builder/data/lanes/4009/3a62f1ea/source/monodroid/builds/install/mono-armv6/etc/mono/assemblies/System.Reflection.Extensions/System.Reflection.Extensions.config'.
D/Mono    (10470): Assembly Ref addref Java.Interop[0xe51d4c80] -> System.Reflection.Extensions[0xe51d5340]: 2
D/Mono    (10470): Assembly Ref addref System.Reflection.Extensions[0xe51d5340] -> mscorlib[0xe5198fe0]: 11
D/Mono    (10470): Assembly Ref addref Mono.Android[0xe51d4c20] -> System.Core[0xe51d5220]: 3
D/Mono    (10470): DllImport searching in: '__Internal' ('(null)').
D/Mono    (10470): Searching for 'monodroid_typemap_managed_to_java'.
D/Mono    (10470): Probing 'monodroid_typemap_managed_to_java'.
D/Mono    (10470): Found as 'monodroid_typemap_managed_to_java'.
D/Mono    (10470): DllImport searching in: '__Internal' ('(null)').
D/Mono    (10470): Searching for 'java_interop_jnienv_alloc_object'.
D/Mono    (10470): Probing 'java_interop_jnienv_alloc_object'.
D/Mono    (10470): Found as 'java_interop_jnienv_alloc_object'.
D/Mono    (10470): DllImport searching in: '__Internal' ('(null)').
D/Mono    (10470): Searching for '_monodroid_gc_wait_for_bridge_processing'.
D/Mono    (10470): Probing '_monodroid_gc_wait_for_bridge_processing'.
D/Mono    (10470): Found as '_monodroid_gc_wait_for_bridge_processing'.
D/Mono    (10470): DllImport searching in: '__Internal' ('(null)').
D/Mono    (10470): Searching for 'java_interop_jnienv_register_natives'.
D/Mono    (10470): Probing 'java_interop_jnienv_register_natives'.
D/Mono    (10470): Found as 'java_interop_jnienv_register_natives'.
D/Mono    (10470): DllImport searching in: '__Internal' ('(null)').
D/Mono    (10470): Searching for 'java_interop_jnienv_call_nonvirtual_void_method_a'.
D/Mono    (10470): Probing 'java_interop_jnienv_call_nonvirtual_void_method_a'.
D/Mono    (10470): Found as 'java_interop_jnienv_call_nonvirtual_void_method_a'.
D/Mono    (10470): DllImport searching in: '__Internal' ('(null)').
D/Mono    (10470): Searching for 'java_interop_jnienv_is_same_object'.
D/Mono    (10470): Probing 'java_interop_jnienv_is_same_object'.
D/Mono    (10470): Found as 'java_interop_jnienv_is_same_object'.
D/Mono    (10470): DllImport searching in: '__Internal' ('(null)').
D/Mono    (10470): Searching for 'java_interop_jnienv_call_static_void_method_a'.
D/Mono    (10470): Probing 'java_interop_jnienv_call_static_void_method_a'.
D/Mono    (10470): Found as 'java_interop_jnienv_call_static_void_method_a'.
D/Mono    (10470): Assembly Ref addref AppsFlyerXamarinBindingAndroid[0xe5199220] -> mscorlib[0xe5198fe0]: 12
D/Mono    (10470): Assembly Ref addref AppsFlyerXamarinBindingAndroid[0xe5199220] -> Mono.Android[0xe51d4c20]: 2
D/Mono    (10470): Assembly Ref addref HockeySDK[0xe51992e0] -> mscorlib[0xe5198fe0]: 13
D/Mono    (10470): Assembly Ref addref HockeySDK[0xe51992e0] -> Mono.Android[0xe51d4c20]: 3
D/Mono    (10470): Assembly Ref addref Xamarin.GooglePlayServices.Analytics[0xe51d4080] -> mscorlib[0xe5198fe0]: 14
D/Mono    (10470): Assembly Ref addref Xamarin.GooglePlayServices.Analytics[0xe51d4080] -> Mono.Android[0xe51d4c20]: 4
D/Mono    (10470): Assembly Ref addref Xamarin.GooglePlayServices.Base[0xe51d4320] -> mscorlib[0xe5198fe0]: 15
D/Mono    (10470): Assembly Ref addref Xamarin.GooglePlayServices.Base[0xe51d4320] -> Mono.Android[0xe51d4c20]: 5
D/Mono    (10470): Assembly Ref addref Xamarin.GooglePlayServices.Basement[0xe51d4380] -> mscorlib[0xe5198fe0]: 16
D/Mono    (10470): Assembly Ref addref Xamarin.GooglePlayServices.Basement[0xe51d4380] -> Mono.Android[0xe51d4c20]: 6
D/Mono    (10470): Assembly Ref addref FloatingActionButton-Xamarin[0xe51d4500] -> mscorlib[0xe5198fe0]: 17
D/Mono    (10470): Assembly Ref addref FloatingActionButton-Xamarin[0xe51d4500] -> Mono.Android[0xe51d4c20]: 7
D/Mono    (10470): Assembly Ref addref Xamarin.Android.Support.v4[0xe51d4560] -> mscorlib[0xe5198fe0]: 18
D/Mono    (10470): Assembly Ref addref Xamarin.Android.Support.v4[0xe51d4560] -> Mono.Android[0xe51d4c20]: 8
D/Mono    (10470): Assembly Ref addref Xamarin.Android.Support.v7.RecyclerView[0xe51d45c0] -> mscorlib[0xe5198fe0]: 19
D/Mono    (10470): Assembly Ref addref Xamarin.Android.Support.v7.RecyclerView[0xe51d45c0] -> Mono.Android[0xe51d4c20]: 9
D/Mono    (10470): Assembly Ref addref Xamarin.Android.Support.Vector.Drawable[0xe51d4620] -> mscorlib[0xe5198fe0]: 20
D/Mono    (10470): Assembly Ref addref Xamarin.Android.Support.Vector.Drawable[0xe51d4620] -> Mono.Android[0xe51d4c20]: 10
D/Mono    (10470): Assembly Ref addref Xamarin.Android.Support.Animated.Vector.Drawable[0xe51d4680] -> mscorlib[0xe5198fe0]: 21
D/Mono    (10470): Assembly Ref addref Xamarin.Android.Support.Animated.Vector.Drawable[0xe51d4680] -> Mono.Android[0xe51d4c20]: 11
D/Mono    (10470): Assembly Ref addref Xamarin.Android.Support.v7.AppCompat[0xe51d46e0] -> mscorlib[0xe5198fe0]: 22
D/Mono    (10470): Assembly Ref addref Xamarin.Android.Support.v7.AppCompat[0xe51d46e0] -> Mono.Android[0xe51d4c20]: 12
D/Mono    (10470): Assembly Ref addref Xamarin.Android.Support.Design[0xe51d4740] -> mscorlib[0xe5198fe0]: 23
D/Mono    (10470): Assembly Ref addref Xamarin.Android.Support.Design[0xe51d4740] -> Mono.Android[0xe51d4c20]: 13
D/Mono    (10470): Assembly Ref addref Xamarin.Android.Support.v7.CardView[0xe51d47a0] -> mscorlib[0xe5198fe0]: 24
D/Mono    (10470): Assembly Ref addref Xamarin.Android.Support.v7.CardView[0xe51d47a0] -> Mono.Android[0xe51d4c20]: 14
D/Mono    (10470): Assembly Ref addref FlexboxLayoutXamarinBindingAndroid[0xe51d4b00] -> mscorlib[0xe5198fe0]: 25
D/Mono    (10470): Assembly Ref addref FlexboxLayoutXamarinBindingAndroid[0xe51d4b00] -> Mono.Android[0xe51d4c20]: 15
D/Mono    (10470): Assembly Ref addref CareerBuilder_Search.Droid[0xe5199160] -> Mono.Android[0xe51d4c20]: 16
D/Mono    (10470): Assembly Ref addref CareerBuilder_Search.Droid[0xe5199160] -> mscorlib[0xe5198fe0]: 26
D/Mono    (10470): Image addref Mono.Android.Export[0xe51d5880] -> Mono.Android.Export.dll[0xc703de00]: 2
D/Mono    (10470): Prepared to set up assembly 'Mono.Android.Export' (Mono.Android.Export.dll)
D/Mono    (10470): Assembly Mono.Android.Export[0xe51d5880] added to domain RootDomain, ref_count=1
D/Mono    (10470): AOT module 'Mono.Android.Export.dll.so' not found: dlopen failed: library "/data/app/com.careerbuilder.SugarDrone-1/lib/arm/libaot-Mono.Android.Export.dll.so" not found
D/Mono    (10470): AOT module '/Users/builder/data/lanes/4009/3a62f1ea/source/monodroid/builds/install/mono-armv6/lib/mono/aot-cache/arm/Mono.Android.Export.dll.so' not found: dlopen failed: library "/data/app/com.careerbuilder.SugarDrone-1/lib/arm/libaot-Mono.Android.Export.dll.so" not found
D/Mono    (10470): Config attempting to parse: 'Mono.Android.Export.dll.config'.
D/Mono    (10470): Config attempting to parse: '/Users/builder/data/lanes/4009/3a62f1ea/source/monodroid/builds/install/mono-armv6/etc/mono/assemblies/Mono.Android.Export/Mono.Android.Export.config'.
D/Mono    (10470): Assembly Ref addref Mono.Android.Export[0xe51d5880] -> mscorlib[0xe5198fe0]: 27
D/Mono    (10470): Assembly Ref addref Mono.Android.Export[0xe51d5880] -> Mono.Android[0xe51d4c20]: 17
D/Mono    (10470): Image addref System.Xml[0xe51d57c0] -> System.Xml.dll[0xc703ed00]: 2
D/Mono    (10470): Prepared to set up assembly 'System.Xml' (System.Xml.dll)
D/Mono    (10470): Assembly System.Xml[0xe51d57c0] added to domain RootDomain, ref_count=1
D/Mono    (10470): AOT module 'System.Xml.dll.so' not found: dlopen failed: library "/data/app/com.careerbuilder.SugarDrone-1/lib/arm/libaot-System.Xml.dll.so" not found
D/Mono    (10470): AOT module '/Users/builder/data/lanes/4009/3a62f1ea/source/monodroid/builds/install/mono-armv6/lib/mono/aot-cache/arm/System.Xml.dll.so' not found: dlopen failed: library "/data/app/com.careerbuilder.SugarDrone-1/lib/arm/libaot-System.Xml.dll.so" not found
D/Mono    (10470): Config attempting to parse: 'System.Xml.dll.config'.
D/Mono    (10470): Config attempting to parse: '/Users/builder/data/lanes/4009/3a62f1ea/source/monodroid/builds/install/mono-armv6/etc/mono/assemblies/System.Xml/System.Xml.config'.
D/Mono    (10470): Assembly Ref addref Mono.Android.Export[0xe51d5880] -> System.Xml[0xe51d57c0]: 2
D/Mono    (10470): Assembly Ref addref System.Xml[0xe51d57c0] -> mscorlib[0xe5198fe0]: 28
D/Mono    (10470): Assembly Ref addref Mono.Android[0xe51d4c20] -> System.Xml[0xe51d57c0]: 3
D/Mono    (10470): Assembly Ref addref Mono.Android.Export[0xe51d5880] -> System.Core[0xe51d5220]: 4
D/Mono    (10470): Image addref System.Net.Http[0xe51d5a60] -> System.Net.Http.dll[0xc57e6000]: 2
D/Mono    (10470): Prepared to set up assembly 'System.Net.Http' (System.Net.Http.dll)
D/Mono    (10470): Assembly System.Net.Http[0xe51d5a60] added to domain RootDomain, ref_count=1
D/Mono    (10470): AOT module 'System.Net.Http.dll.so' not found: dlopen failed: library "/data/app/com.careerbuilder.SugarDrone-1/lib/arm/libaot-System.Net.Http.dll.so" not found
D/Mono    (10470): AOT module '/Users/builder/data/lanes/4009/3a62f1ea/source/monodroid/builds/install/mono-armv6/lib/mono/aot-cache/arm/System.Net.Http.dll.so' not found: dlopen failed: library "/data/app/com.careerbuilder.SugarDrone-1/lib/arm/libaot-System.Net.Http.dll.so" not found
D/Mono    (10470): Config attempting to parse: 'System.Net.Http.dll.config'.
D/Mono    (10470): Config attempting to parse: '/Users/builder/data/lanes/4009/3a62f1ea/source/monodroid/builds/install/mono-armv6/etc/mono/assemblies/System.Net.Http/System.Net.Http.config'.
D/Mono    (10470): Assembly Ref addref CareerBuilder_Search.Droid[0xe5199160] -> System.Net.Http[0xe51d5a60]: 2
D/Mono    (10470): Assembly Ref addref System.Net.Http[0xe51d5a60] -> mscorlib[0xe5198fe0]: 29
I/System.out(10470): Calabash loaded Mono
I/calabash(10470): Test server port: 7102
I/InstrumentationBackend(10470): Added:'NullAction', with key:'nullAction'
I/InstrumentationBackend(10470): Added:'GetActivityOrientation', with key:'get_activity_orientation'
I/InstrumentationBackend(10470): Added:'SetActivityOrientation', with key:'set_activity_orientation'
I/InstrumentationBackend(10470): Added:'DpToDevicePixel', with key:'dp_to_device_pixel'
I/InstrumentationBackend(10470): Added:'ClickOnScreen', with key:'click_on_screen'
I/InstrumentationBackend(10470): Added:'DoubleTapCoordinate', with key:'double_tap_coordinate'
I/InstrumentationBackend(10470): Added:'Drag', with key:'drag'
I/InstrumentationBackend(10470): Added:'DragCoordinates', with key:'drag_coordinates'
I/InstrumentationBackend(10470): Added:'LongPressCoordinate', with key:'long_press_coordinate'
I/InstrumentationBackend(10470): Added:'ResumeApplication', with key:'resume_application'
I/InstrumentationBackend(10470): Added:'Swipe', with key:'swipe'
I/InstrumentationBackend(10470): Added:'TouchCoordinates', with key:'touch_coordinate'
I/InstrumentationBackend(10470): Added:'ListActions', with key:'list_actions'
I/InstrumentationBackend(10470): Added:'SendTcp', with key:'send_tcp'
I/InstrumentationBackend(10470): Added:'PressElement', with key:'press_l10n_element'
I/InstrumentationBackend(10470): Added:'WaitForElement', with key:'wait_for_l10n_element'
I/InstrumentationBackend(10470): Added:'FakeGPSLocation', with key:'set_gps_coordinates'
I/InstrumentationBackend(10470): Added:'GetMapBounds', with key:'get_map_bounds'
I/InstrumentationBackend(10470): Added:'GetMapCenter', with key:'get_map_center'
I/InstrumentationBackend(10470): Added:'GetMapMarker', with key:'get_map_marker'
I/InstrumentationBackend(10470): Added:'GetMapMarkers', with key:'get_map_markers'
I/InstrumentationBackend(10470): Added:'GetMapZoom', with key:'get_map_zoom'
I/InstrumentationBackend(10470): Added:'PanMapTo', with key:'pan_map_to'
I/InstrumentationBackend(10470): Added:'SetMapCenter', with key:'set_map_center'
I/InstrumentationBackend(10470): Added:'SetMapZoom', with key:'set_map_zoom'
I/InstrumentationBackend(10470): Added:'TapAwayFromMarkers', with key:'tap_map_away_from_markers'
I/InstrumentationBackend(10470): Added:'TapMapMarker', with key:'tap_map_marker_by_title'
I/InstrumentationBackend(10470): Added:'ClearPreferences', with key:'clear_preferences'
I/InstrumentationBackend(10470): Added:'GetPreferences', with key:'get_preferences'
I/InstrumentationBackend(10470): Added:'SetPreferences', with key:'set_preferences'
I/InstrumentationBackend(10470): Added:'PressKey', with key:'press_key'
I/InstrumentationBackend(10470): Added:'DeleteSurroundingText', with key:'delete_surrounding_text'
I/InstrumentationBackend(10470): Added:'HideSoftKeyboard', with key:'hide_soft_keyboard'
I/InstrumentationBackend(10470): Added:'KeyboardEnterText', with key:'keyboard_enter_text'
I/InstrumentationBackend(10470): Added:'KeyboardKeyEvent', with key:'keyboard_key_event'
I/InstrumentationBackend(10470): Added:'PressUserActionButton', with key:'press_user_action_button'
I/InstrumentationBackend(10470): Added:'SetComposingRegion', with key:'set_composing_region'
I/InstrumentationBackend(10470): Added:'SetSelection', with key:'set_selection'
I/InstrumentationBackend(10470): Added:'AndroidSDKVersion', with key:'android_sdk_version'
I/InstrumentationBackend(10470): Added:'Version', with key:'version'
I/InstrumentationBackend(10470): Added:'GetActivityName', with key:'get_activity_name'
I/InstrumentationBackend(10470): Added:'IsCurrentActivityFocused', with key:'is_current_activity_focused'
I/InstrumentationBackend(10470): Added:'ScrollToView', with key:'scroll_to_view'
I/InstrumentationBackend(10470): Added:'ViewConfiguration', with key:'view_configuration'
I/InstrumentationBackend(10470): Added:'DumpBodyHtml', with key:'dump_body_html'
I/InstrumentationBackend(10470): Added:'DumpHtml', with key:'dump_html'
I/InstrumentationBackend(10470): Added:'EnterTextByCssSelector', with key:'enter_text_by_selector'
I/InstrumentationBackend(10470): Added:'GetLoadProgress', with key:'get_load_progress'
I/InstrumentationBackend(10470): Added:'GetUrl', with key:'get_url'
I/InstrumentationBackend(10470): Added:'ScrollTo', with key:'scroll_to'
I/InstrumentationBackend(10470): Added:'SetPropertyByCssSelector', with key:'set_property_by_css_selector'
I/calabash(10470): Instantiating http server at 7102
I/System.out(10470): HTTP Daemon listening on: 7102
I/System.out(10470): URI: /ready
I/System.out(10470): params: {}
I/System.out(10470): URI: /ready
I/System.out(10470): params: {}
I/System.out(10470): URI: /ping
I/System.out(10470): params: {json={"intent":null }
I/System.out(10470): }
I/System.out(10470): URI: /ready
I/System.out(10470): params: {json={"intent":null }
I/System.out(10470): }
I/System.out(10470): URI: /start-application
I/System.out(10470): params: {json={"intent":null }
I/System.out(10470): }
I/calabash(10470): execStartActivity 4
I/ActivityManager(  874): START u0 {act=android.intent.action.MAIN cat=[android.intent.category.LAUNCHER] flg=0x10200000 cmp=com.careerbuilder.SugarDrone/md537fd6201b6818e2e180d2f7606e21a83.AppMainActivity (has extras)} from uid 15200 on display 0
W/SearchService( 4294): Abort, client detached.
I/MicroDetector( 4294): Keeping mic open: false
I/DeviceStateChecker( 4294): DeviceStateChecker cancelled
I/MicrophoneInputStream( 4294): mic_close com.google.android.apps.gsa.speech.audio.ah@4ad7373
E/AudioRecord-JNI( 4294): Error -4 during AudioRecord native read
I/calabash(10470): newActivity1
D/Mono    (10470): Assembly Ref addref CareerBuilder_Search.Droid[0xe5199160] -> Xamarin.Android.Support.v7.AppCompat[0xe51d46e0]: 2
D/Mono    (10470): Assembly Ref addref Xamarin.Android.Support.v7.AppCompat[0xe51d46e0] -> Xamarin.Android.Support.v4[0xe51d4560]: 2
D/Mono    (10470): DllImport searching in: '__Internal' ('(null)').
D/Mono    (10470): Searching for 'java_interop_jnienv_get_array_length'.
D/Mono    (10470): Probing 'java_interop_jnienv_get_array_length'.
D/Mono    (10470): Found as 'java_interop_jnienv_get_array_length'.
D/sound_trigger_platform(  509): platform_stdev_check_and_update_concurrency: concurrency active 0, tx 0, rx 0, concurrency session_allowed 1
I/SoundTriggerHwService::Module(  509): void android::SoundTriggerHwService::Module::onCallbackEvent(const sp<android::SoundTriggerHwService::CallbackEvent> &) mClient == 0
I/MicroRecognitionRunner( 4294): Detection finished
I/MicroRecognitionRunner( 4294): Stopping hotword detection.
D/Mono    (10470): Assembly Ref addref CareerBuilder_Search.Droid[0xe5199160] -> CareerBuilder_Search[0xe51d4bc0]: 2
D/Mono    (10470): Assembly Ref addref CareerBuilder_Search.Droid[0xe5199160] -> Xamarin.Android.Support.v4[0xe51d4560]: 3
D/Mono    (10470): DllImport searching in: '__Internal' ('(null)').
D/Mono    (10470): Searching for 'java_interop_jnienv_new_string'.
D/Mono    (10470): Probing 'java_interop_jnienv_new_string'.
D/Mono    (10470): Found as 'java_interop_jnienv_new_string'.
D/Mono    (10470): Assembly Ref addref CareerBuilder_Search.Droid[0xe5199160] -> Plugin.CurrentActivity[0xe51d3540]: 2
D/Mono    (10470): Assembly Ref addref Plugin.CurrentActivity[0xe51d3540] -> mscorlib[0xe5198fe0]: 30
D/Mono    (10470): Assembly Ref addref Plugin.CurrentActivity[0xe51d3540] -> Mono.Android[0xe51d4c20]: 18
D/Mono    (10470): [0xc4e53920] worker starting
D/Mono    (10470): [0xc4c7f920] worker starting
D/Mono    (10470): Unloading image System.Runtime.dll [0xddeb8700].
D/Mono    (10470): Image addref System.Runtime[0xddecf300] -> System.Runtime.dll[0xd8f7ba00]: 5
D/Mono    (10470): Config attempting to parse: 'System.Runtime.dll.config'.
D/Mono    (10470): Config attempting to parse: '/Users/builder/data/lanes/4009/3a62f1ea/source/monodroid/builds/install/mono-armv6/etc/mono/assemblies/System.Runtime/System.Runtime.config'.
D/Mono    (10470): Assembly Ref addref CareerBuilder_Search[0xe51d4bc0] -> System.Runtime[0xe51d4ce0]: 3
D/Mono    (10470): Assembly Ref addref CareerBuilder_Search[0xe51d4bc0] -> Plugin.DeviceInfo.Abstractions[0xe51d3e40]: 2
D/Mono    (10470): Unloading image System.Runtime.dll [0xddeb8c00].
D/Mono    (10470): Image addref System.Runtime[0xddecf300] -> System.Runtime.dll[0xd8f7ba00]: 6
D/Mono    (10470): Config attempting to parse: 'System.Runtime.dll.config'.
D/Mono    (10470): Config attempting to parse: '/Users/builder/data/lanes/4009/3a62f1ea/source/monodroid/builds/install/mono-armv6/etc/mono/assemblies/System.Runtime/System.Runtime.config'.
D/Mono    (10470): Assembly Ref addref Plugin.DeviceInfo.Abstractions[0xe51d3e40] -> System.Runtime[0xe51d4ce0]: 4
I/art     (10470): Starting a blocking GC Explicit
D/Mono    (10470): Assembly Ref addref CareerBuilder_Search.Droid[0xe5199160] -> Akavache[0xe5199880]: 2
D/Mono    (10470): Assembly Ref addref Akavache[0xe5199880] -> mscorlib[0xe5198fe0]: 31
D/Mono    (10470): Assembly Ref addref Akavache[0xe5199880] -> System.Reactive.Interfaces[0xe51d4920]: 2
D/Mono    (10470): Assembly Ref addref Akavache[0xe5199880] -> System.Reactive.Core[0xe51d48c0]: 2
I/Adreno  (10470): QUALCOMM build                   : 74df444, I409c65498b
I/Adreno  (10470): Build Date                       : 06/22/16
I/Adreno  (10470): OpenGL ES Shader Compiler Version: XE031.08.00.02
I/Adreno  (10470): Local Branch                     : N16
I/Adreno  (10470): Remote Branch                    : 
I/Adreno  (10470): Remote Branch                    : 
I/Adreno  (10470): Reconstruct Branch               : 
D/Mono    (10470): Unloading image System.Runtime.dll [0xddeb8c00].
D/Mono    (10470): Image addref System.Runtime[0xddecf300] -> System.Runtime.dll[0xd8f7ba00]: 7
D/Mono    (10470): Config attempting to parse: 'System.Runtime.dll.config'.
D/Mono    (10470): Config attempting to parse: '/Users/builder/data/lanes/4009/3a62f1ea/source/monodroid/builds/install/mono-armv6/etc/mono/assemblies/System.Runtime/System.Runtime.config'.
D/Mono    (10470): Assembly Ref addref System.Reactive.Core[0xe51d48c0] -> System.Runtime[0xe51d4ce0]: 5
D/Mono    (10470): DllImport searching in: '__Internal' ('(null)').
D/Mono    (10470): Searching for 'java_interop_jnienv_call_nonvirtual_object_method_a'.
D/Mono    (10470): Probing 'java_interop_jnienv_call_nonvirtual_object_method_a'.
D/Mono    (10470): Found as 'java_interop_jnienv_call_nonvirtual_object_method_a'.
D/Mono    (10470): Assembly Ref addref CareerBuilder_Search.Droid[0xe5199160] -> Microsoft.Practices.Unity[0xe51d34e0]: 2
W/IInputConnectionWrapper( 4228): reportFullscreenMode on inexistent InputConnection
D/Mono    (10470): Unloading image System.Runtime.dll [0xddeb8c00].
D/Mono    (10470): Image addref System.Runtime[0xddecf300] -> System.Runtime.dll[0xd8f7ba00]: 8
D/Mono    (10470): Config attempting to parse: 'System.Runtime.dll.config'.
D/Mono    (10470): Config attempting to parse: '/Users/builder/data/lanes/4009/3a62f1ea/source/monodroid/builds/install/mono-armv6/etc/mono/assemblies/System.Runtime/System.Runtime.config'.
D/Mono    (10470): Assembly Ref addref Microsoft.Practices.Unity[0xe51d34e0] -> System.Runtime[0xe51d4ce0]: 6
D/Mono    (10470): Unloading image System.Collections.dll [0xc4c93c00].
D/Mono    (10470): Image addref System.Collections[0xddecf300] -> System.Collections.dll[0xd8f7e700]: 5
D/Mono    (10470): Config attempting to parse: 'System.Collections.dll.config'.
D/Mono    (10470): Config attempting to parse: '/Users/builder/data/lanes/4009/3a62f1ea/source/monodroid/builds/install/mono-armv6/etc/mono/assemblies/System.Collections/System.Collections.config'.
D/Mono    (10470): Assembly Ref addref Microsoft.Practices.Unity[0xe51d34e0] -> System.Collections[0xe51d4f80]: 3
I/OpenGLRenderer(10470): Initialized EGL, version 1.4
D/OpenGLRenderer(10470): Swap behavior 1
D/Mono    (10470): Assembly Ref addref CareerBuilder_Search[0xe51d4bc0] -> Microsoft.Practices.Unity[0xe51d34e0]: 3
D/Mono    (10470): Assembly Ref addref CareerBuilder_Search.Droid[0xe5199160] -> Plugin.DeviceInfo.Abstractions[0xe51d3e40]: 3
I/art     (10470): Explicit concurrent mark sweep GC freed 16051(1094KB) AllocSpace objects, 16(320KB) LOS objects, 39% free, 5MB/9MB, paused 1.276ms total 56.277ms
D/Mono    (10470): Unloading image System.Diagnostics.Debug.dll [0xc4c93c00].
D/Mono    (10470): Image addref System.Diagnostics.Debug[0xddecf300] -> System.Diagnostics.Debug.dll[0xd8f7d800]: 5
D/Mono    (10470): Config attempting to parse: 'System.Diagnostics.Debug.dll.config'.
D/Mono    (10470): Config attempting to parse: '/Users/builder/data/lanes/4009/3a62f1ea/source/monodroid/builds/install/mono-armv6/etc/mono/assemblies/System.Diagnostics.Debug/System.Diagnostics.Debug.config'.
D/Mono    (10470): Assembly Ref addref CareerBuilder_Search[0xe51d4bc0] -> System.Diagnostics.Debug[0xe51d4e60]: 3
D/Mono    (10470): Assembly Ref addref System.Diagnostics.Debug[0xe51d4e60] -> mscorlib[0xe5198fe0]: 32
D/Mono    (10470): Image addref System.Diagnostics.Tools[0xddecf300] -> System.Diagnostics.Tools.dll[0xc4c93c00]: 2
D/Mono    (10470): Prepared to set up assembly 'System.Diagnostics.Tools' (System.Diagnostics.Tools.dll)
D/Mono    (10470): Assembly System.Diagnostics.Tools[0xddecf300] added to domain RootDomain, ref_count=1
D/Mono    (10470): AOT module 'System.Diagnostics.Tools.dll.so' not found: dlopen failed: library "/data/app/com.careerbuilder.SugarDrone-1/lib/arm/libaot-System.Diagnostics.Tools.dll.so" not found
D/Mono    (10470): AOT module '/Users/builder/data/lanes/4009/3a62f1ea/source/monodroid/builds/install/mono-armv6/lib/mono/aot-cache/arm/System.Diagnostics.Tools.dll.so' not found: dlopen failed: library "/data/app/com.careerbuilder.SugarDrone-1/lib/arm/libaot-System.Diagnostics.Tools.dll.so" not found
D/Mono    (10470): Config attempting to parse: 'System.Diagnostics.Tools.dll.config'.
D/Mono    (10470): Config attempting to parse: '/Users/builder/data/lanes/4009/3a62f1ea/source/monodroid/builds/install/mono-armv6/etc/mono/assemblies/System.Diagnostics.Tools/System.Diagnostics.Tools.config'.
D/Mono    (10470): Assembly Ref addref Microsoft.Practices.Unity[0xe51d34e0] -> System.Diagnostics.Tools[0xddecf300]: 2
D/Mono    (10470): Assembly Ref addref System.Diagnostics.Tools[0xddecf300] -> mscorlib[0xe5198fe0]: 33
D/Mono    (10470): Image addref System.Resources.ResourceManager[0xddecf360] -> System.Resources.ResourceManager.dll[0xc4c94100]: 2
D/Mono    (10470): Prepared to set up assembly 'System.Resources.ResourceManager' (System.Resources.ResourceManager.dll)
D/Mono    (10470): Assembly System.Resources.ResourceManager[0xddecf360] added to domain RootDomain, ref_count=1
D/Mono    (10470): AOT module 'System.Resources.ResourceManager.dll.so' not found: dlopen failed: library "/data/app/com.careerbuilder.SugarDrone-1/lib/arm/libaot-System.Resources.ResourceManager.dll.so" not found
D/Mono    (10470): AOT module '/Users/builder/data/lanes/4009/3a62f1ea/source/monodroid/builds/install/mono-armv6/lib/mono/aot-cache/arm/System.Resources.ResourceManager.dll.so' not found: dlopen failed: library "/data/app/com.careerbuilder.SugarDrone-1/lib/arm/libaot-System.Resources.ResourceManager.dll.so" not found
D/Mono    (10470): Config attempting to parse: 'System.Resources.ResourceManager.dll.config'.
D/Mono    (10470): Config attempting to parse: '/Users/builder/data/lanes/4009/3a62f1ea/source/monodroid/builds/install/mono-armv6/etc/mono/assemblies/System.Resources.ResourceManager/System.Resources.ResourceManager.config'.
D/Mono    (10470): Assembly Ref addref Microsoft.Practices.Unity[0xe51d34e0] -> System.Resources.ResourceManager[0xddecf360]: 2
D/Mono    (10470): Assembly Ref addref System.Resources.ResourceManager[0xddecf360] -> mscorlib[0xe5198fe0]: 34
D/Mono    (10470): Unloading image System.Reflection.dll [0xc49b0300].
D/Mono    (10470): Image addref System.Reflection[0xddecf3c0] -> System.Reflection.dll[0xd8f7ce00]: 5
D/Mono    (10470): Config attempting to parse: 'System.Reflection.dll.config'.
D/Mono    (10470): Config attempting to parse: '/Users/builder/data/lanes/4009/3a62f1ea/source/monodroid/builds/install/mono-armv6/etc/mono/assemblies/System.Reflection/System.Reflection.config'.
D/Mono    (10470): Assembly Ref addref Microsoft.Practices.Unity[0xe51d34e0] -> System.Reflection[0xe51d4da0]: 3
D/Mono    (10470): Unloading image System.Linq.dll [0xc49b0300].
D/Mono    (10470): Image addref System.Linq[0xddecf720] -> System.Linq.dll[0xc703ca00]: 5
D/Mono    (10470): Config attempting to parse: 'System.Linq.dll.config'.
D/Mono    (10470): Config attempting to parse: '/Users/builder/data/lanes/4009/3a62f1ea/source/monodroid/builds/install/mono-armv6/etc/mono/assemblies/System.Linq/System.Linq.config'.
D/Mono    (10470): Assembly Ref addref Microsoft.Practices.Unity[0xe51d34e0] -> System.Linq[0xe51d50a0]: 3
D/Mono    (10470): Unloading image System.Threading.dll [0xc49b0300].
D/Mono    (10470): Image addref System.Threading[0xddecf720] -> System.Threading.dll[0xd8f7d300]: 5
D/Mono    (10470): Config attempting to parse: 'System.Threading.dll.config'.
D/Mono    (10470): Config attempting to parse: '/Users/builder/data/lanes/4009/3a62f1ea/source/monodroid/builds/install/mono-armv6/etc/mono/assemblies/System.Threading/System.Threading.config'.
D/Mono    (10470): Assembly Ref addref Microsoft.Practices.Unity[0xe51d34e0] -> System.Threading[0xe51d4e00]: 3
D/Mono    (10470): Image addref System.Globalization[0xddecf660] -> System.Globalization.dll[0xc49b1200]: 2
D/Mono    (10470): Prepared to set up assembly 'System.Globalization' (System.Globalization.dll)
D/Mono    (10470): Assembly System.Globalization[0xddecf660] added to domain RootDomain, ref_count=1
D/Mono    (10470): AOT module 'System.Globalization.dll.so' not found: dlopen failed: library "/data/app/com.careerbuilder.SugarDrone-1/lib/arm/libaot-System.Globalization.dll.so" not found
D/Mono    (10470): AOT module '/Users/builder/data/lanes/4009/3a62f1ea/source/monodroid/builds/install/mono-armv6/lib/mono/aot-cache/arm/System.Globalization.dll.so' not found: dlopen failed: library "/data/app/com.careerbuilder.SugarDrone-1/lib/arm/libaot-System.Globalization.dll.so" not found
D/Mono    (10470): Config attempting to parse: 'System.Globalization.dll.config'.
D/Mono    (10470): Config attempting to parse: '/Users/builder/data/lanes/4009/3a62f1ea/source/monodroid/builds/install/mono-armv6/etc/mono/assemblies/System.Globalization/System.Globalization.config'.
D/Mono    (10470): Assembly Ref addref Microsoft.Practices.Unity[0xe51d34e0] -> System.Globalization[0xddecf660]: 2
D/Mono    (10470): Assembly Ref addref System.Globalization[0xddecf660] -> mscorlib[0xe5198fe0]: 35
D/Mono    (10470): Image addref System.Runtime.Extensions[0xc4cdf660] -> System.Runtime.Extensions.dll[0xc49b2b00]: 2
D/Mono    (10470): Prepared to set up assembly 'System.Runtime.Extensions' (System.Runtime.Extensions.dll)
D/Mono    (10470): Assembly System.Runtime.Extensions[0xc4cdf660] added to domain RootDomain, ref_count=1
D/Mono    (10470): AOT module 'System.Runtime.Extensions.dll.so' not found: dlopen failed: library "/data/app/com.careerbuilder.SugarDrone-1/lib/arm/libaot-System.Runtime.Extensions.dll.so" not found
D/Mono    (10470): AOT module '/Users/builder/data/lanes/4009/3a62f1ea/source/monodroid/builds/install/mono-armv6/lib/mono/aot-cache/arm/System.Runtime.Extensions.dll.so' not found: dlopen failed: library "/data/app/com.careerbuilder.SugarDrone-1/lib/arm/libaot-System.Runtime.Extensions.dll.so" not found
D/Mono    (10470): Config attempting to parse: 'System.Runtime.Extensions.dll.config'.
D/Mono    (10470): Config attempting to parse: '/Users/builder/data/lanes/4009/3a62f1ea/source/monodroid/builds/install/mono-armv6/etc/mono/assemblies/System.Runtime.Extensions/System.Runtime.Extensions.config'.
D/Mono    (10470): Assembly Ref addref Microsoft.Practices.Unity[0xe51d34e0] -> System.Runtime.Extensions[0xc4cdf660]: 2
D/Mono    (10470): Assembly Ref addref System.Runtime.Extensions[0xc4cdf660] -> mscorlib[0xe5198fe0]: 36
I/ActivityManager(  874): Displayed com.careerbuilder.SugarDrone/md537fd6201b6818e2e180d2f7606e21a83.AppMainActivity: +749ms
D/Mono    (10470): Image addref System.Linq.Expressions[0xc4ce0aa0] -> System.Linq.Expressions.dll[0xc49b0800]: 2
D/Mono    (10470): Prepared to set up assembly 'System.Linq.Expressions' (System.Linq.Expressions.dll)
D/Mono    (10470): Assembly System.Linq.Expressions[0xc4ce0aa0] added to domain RootDomain, ref_count=1
D/Mono    (10470): AOT module 'System.Linq.Expressions.dll.so' not found: dlopen failed: library "/data/app/com.careerbuilder.SugarDrone-1/lib/arm/libaot-System.Linq.Expressions.dll.so" not found
D/Mono    (10470): AOT module '/Users/builder/data/lanes/4009/3a62f1ea/source/monodroid/builds/install/mono-armv6/lib/mono/aot-cache/arm/System.Linq.Expressions.dll.so' not found: dlopen failed: library "/data/app/com.careerbuilder.SugarDrone-1/lib/arm/libaot-System.Linq.Expressions.dll.so" not found
D/Mono    (10470): Config attempting to parse: 'System.Linq.Expressions.dll.config'.
D/Mono    (10470): Config attempting to parse: '/Users/builder/data/lanes/4009/3a62f1ea/source/monodroid/builds/install/mono-armv6/etc/mono/assemblies/System.Linq.Expressions/System.Linq.Expressions.config'.
D/Mono    (10470): Assembly Ref addref Microsoft.Practices.Unity[0xe51d34e0] -> System.Linq.Expressions[0xc4ce0aa0]: 2
D/Mono    (10470): Assembly Ref addref System.Linq.Expressions[0xc4ce0aa0] -> System.Core[0xe51d5220]: 5
D/Mono    (10470): Assembly Ref addref System.Core[0xe51d5220] -> System[0xe51d4ec0]: 3
D/Mono    (10470): Assembly Ref addref CareerBuilder_Search.Droid[0xe5199160] -> Xamarin.GooglePlayServices.Analytics[0xe51d4080]: 2
D/Mono    (10470): Assembly Ref addref CareerBuilder_Search.Droid[0xe5199160] -> Plugin.Geolocator.Abstractions[0xe51d3ae0]: 2
D/Mono    (10470): Assembly Ref addref CareerBuilder_Search[0xe51d4bc0] -> System.Net.Http[0xe51d5a60]: 3
I/ActivityManager(  874): Killing 5724:com.android.printspooler/u0a80 (adj 906): empty #17
D/Mono    (10470): Assembly Ref addref CareerBuilder_Search[0xe51d4bc0] -> Plugin.DeviceInfo[0xe51d3ba0]: 2
D/Mono    (10470): Assembly Ref addref Plugin.DeviceInfo[0xe51d3ba0] -> mscorlib[0xe5198fe0]: 37
D/Mono    (10470): Assembly Ref addref Plugin.DeviceInfo[0xe51d3ba0] -> Plugin.DeviceInfo.Abstractions[0xe51d3e40]: 4
I/WindowManager(  874): Destroying surface Surface(name=com.google.android.googlequicksearchbox/com.google.android.launcher.GEL) called by com.android.server.wm.WindowStateAnimator.destroySurface:2014 com.android.server.wm.WindowStateAnimator.destroySurfaceLocked:881 com.android.server.wm.WindowState.destroyOrSaveSurface:2073 com.android.server.wm.AppWindowToken.destroySurfaces:363 com.android.server.wm.AppWindowToken.notifyAppStopped:389 com.android.server.wm.WindowManagerService.notifyAppStopped:4456 com.android.server.am.ActivityStack.activityStoppedLocked:1252 com.android.server.am.ActivityManagerService.activityStopped:6873 
D/Mono    (10470): Image addref System.Threading.Tasks[0xc4cdf120] -> System.Threading.Tasks.dll[0xc3e1e500]: 2
D/Mono    (10470): Prepared to set up assembly 'System.Threading.Tasks' (System.Threading.Tasks.dll)
D/Mono    (10470): Assembly System.Threading.Tasks[0xc4cdf120] added to domain RootDomain, ref_count=1
D/Mono    (10470): AOT module 'System.Threading.Tasks.dll.so' not found: dlopen failed: library "/data/app/com.careerbuilder.SugarDrone-1/lib/arm/libaot-System.Threading.Tasks.dll.so" not found
D/Mono    (10470): AOT module '/Users/builder/data/lanes/4009/3a62f1ea/source/monodroid/builds/install/mono-armv6/lib/mono/aot-cache/arm/System.Threading.Tasks.dll.so' not found: dlopen failed: library "/data/app/com.careerbuilder.SugarDrone-1/lib/arm/libaot-System.Threading.Tasks.dll.so" not found
D/Mono    (10470): Config attempting to parse: 'System.Threading.Tasks.dll.config'.
D/Mono    (10470): Config attempting to parse: '/Users/builder/data/lanes/4009/3a62f1ea/source/monodroid/builds/install/mono-armv6/etc/mono/assemblies/System.Threading.Tasks/System.Threading.Tasks.config'.
D/Mono    (10470): Assembly Ref addref CareerBuilder_Search[0xe51d4bc0] -> System.Threading.Tasks[0xc4cdf120]: 2
D/Mono    (10470): Assembly Ref addref System.Threading.Tasks[0xc4cdf120] -> mscorlib[0xe5198fe0]: 38
D/Mono    (10470): Unloading image System.Collections.dll [0xc3e1ea00].
D/Mono    (10470): Image addref System.Collections[0xc4cdf600] -> System.Collections.dll[0xd8f7e700]: 6
D/Mono    (10470): Config attempting to parse: 'System.Collections.dll.config'.
D/Mono    (10470): Config attempting to parse: '/Users/builder/data/lanes/4009/3a62f1ea/source/monodroid/builds/install/mono-armv6/etc/mono/assemblies/System.Collections/System.Collections.config'.
D/Mono    (10470): Assembly Ref addref CareerBuilder_Search[0xe51d4bc0] -> System.Collections[0xe51d4f80]: 4
D/Mono    (10470): Assembly Ref addref System.Collections[0xe51d4f80] -> System[0xe51d4ec0]: 4
D/Mono    (10470): Assembly Ref addref System.Net.Http[0xe51d5a60] -> System[0xe51d4ec0]: 5
I/WindowManager(  874): Destroying surface Surface(name=Starting com.careerbuilder.SugarDrone) called by com.android.server.wm.WindowStateAnimator.destroySurface:2014 com.android.server.wm.WindowStateAnimator.destroySurfaceLocked:881 com.android.server.wm.WindowState.destroyOrSaveSurface:2073 com.android.server.wm.AppWindowToken.destroySurfaces:363 com.android.server.wm.WindowStateAnimator.finishExit:565 com.android.server.wm.WindowStateAnimator.stepAnimationLocked:491 com.android.server.wm.WindowAnimator.updateWindowsLocked:303 com.android.server.wm.WindowAnimator.animateLocked:704 
I/System.out(10470): URI: /map
I/System.out(10470): params: {json={"query":"*","operation":{"method_name":"query","arguments":[]}}
I/System.out(10470): }
W/ResourceType(10470): No known package when getting name for resource number 0xffffffff
W/ResourceType(10470): No known package when getting name for resource number 0xffffffff
W/ResourceType(10470): No known package when getting name for resource number 0xffffffff
D/Mono    (10470): Assembly Ref addref Microsoft.Practices.Unity[0xe51d34e0] -> System.Reflection.Extensions[0xe51d5340]: 3
D/Mono    (10470): Unloading image System.Threading.dll [0xc3e21700].
D/Mono    (10470): Image addref System.Threading[0xc4cdf000] -> System.Threading.dll[0xd8f7d300]: 6
D/Mono    (10470): Config attempting to parse: 'System.Threading.dll.config'.
D/Mono    (10470): Config attempting to parse: '/Users/builder/data/lanes/4009/3a62f1ea/source/monodroid/builds/install/mono-armv6/etc/mono/assemblies/System.Threading/System.Threading.config'.
D/Mono    (10470): Assembly Ref addref CareerBuilder_Search[0xe51d4bc0] -> System.Threading[0xe51d4e00]: 4
D/Mono    (10470): Assembly Ref addref System.Threading[0xe51d4e00] -> System.Core[0xe51d5220]: 6
D/Mono    (10470): Assembly Ref addref System.Runtime[0xe51d4ce0] -> System[0xe51d4ec0]: 6
D/Mono    (10470): Assembly Ref addref CareerBuilder_Search[0xe51d4bc0] -> Newtonsoft.Json[0xe51d4800]: 2
D/Mono    (10470): Unloading image System.Runtime.dll [0xc3e21c00].
D/Mono    (10470): Image addref System.Runtime[0xc4ce0f80] -> System.Runtime.dll[0xd8f7ba00]: 9
D/Mono    (10470): Config attempting to parse: 'System.Runtime.dll.config'.
D/Mono    (10470): Config attempting to parse: '/Users/builder/data/lanes/4009/3a62f1ea/source/monodroid/builds/install/mono-armv6/etc/mono/assemblies/System.Runtime/System.Runtime.config'.
D/Mono    (10470): Assembly Ref addref Newtonsoft.Json[0xe51d4800] -> System.Runtime[0xe51d4ce0]: 7
D/Mono    (10470): Image addref System.Dynamic.Runtime[0xc4ce0f80] -> System.Dynamic.Runtime.dll[0xc3e21c00]: 2
D/Mono    (10470): Prepared to set up assembly 'System.Dynamic.Runtime' (System.Dynamic.Runtime.dll)
D/Mono    (10470): Assembly System.Dynamic.Runtime[0xc4ce0f80] added to domain RootDomain, ref_count=1
D/Mono    (10470): AOT module 'System.Dynamic.Runtime.dll.so' not found: dlopen failed: library "/data/app/com.careerbuilder.SugarDrone-1/lib/arm/libaot-System.Dynamic.Runtime.dll.so" not found
D/Mono    (10470): AOT module '/Users/builder/data/lanes/4009/3a62f1ea/source/monodroid/builds/install/mono-armv6/lib/mono/aot-cache/arm/System.Dynamic.Runtime.dll.so' not found: dlopen failed: library "/data/app/com.careerbuilder.SugarDrone-1/lib/arm/libaot-System.Dynamic.Runtime.dll.so" not found
D/Mono    (10470): Config attempting to parse: 'System.Dynamic.Runtime.dll.config'.
D/Mono    (10470): Config attempting to parse: '/Users/builder/data/lanes/4009/3a62f1ea/source/monodroid/builds/install/mono-armv6/etc/mono/assemblies/System.Dynamic.Runtime/System.Dynamic.Runtime.config'.
D/Mono    (10470): Assembly Ref addref Newtonsoft.Json[0xe51d4800] -> System.Dynamic.Runtime[0xc4ce0f80]: 2
D/Mono    (10470): Assembly Ref addref System.Dynamic.Runtime[0xc4ce0f80] -> System.Core[0xe51d5220]: 7
D/Mono    (10470): Image addref System.ObjectModel[0xc4ce0fe0] -> System.ObjectModel.dll[0xc3e21200]: 2
D/Mono    (10470): Prepared to set up assembly 'System.ObjectModel' (System.ObjectModel.dll)
D/Mono    (10470): Assembly System.ObjectModel[0xc4ce0fe0] added to domain RootDomain, ref_count=1
D/Mono    (10470): AOT module 'System.ObjectModel.dll.so' not found: dlopen failed: library "/data/app/com.careerbuilder.SugarDrone-1/lib/arm/libaot-System.ObjectModel.dll.so" not found
D/Mono    (10470): AOT module '/Users/builder/data/lanes/4009/3a62f1ea/source/monodroid/builds/install/mono-armv6/lib/mono/aot-cache/arm/System.ObjectModel.dll.so' not found: dlopen failed: library "/data/app/com.careerbuilder.SugarDrone-1/lib/arm/libaot-System.ObjectModel.dll.so" not found
D/Mono    (10470): Config attempting to parse: 'System.ObjectModel.dll.config'.
D/Mono    (10470): Config attempting to parse: '/Users/builder/data/lanes/4009/3a62f1ea/source/monodroid/builds/install/mono-armv6/etc/mono/assemblies/System.ObjectModel/System.ObjectModel.config'.
D/Mono    (10470): Assembly Ref addref Newtonsoft.Json[0xe51d4800] -> System.ObjectModel[0xc4ce0fe0]: 2
D/Mono    (10470): Assembly Ref addref System.ObjectModel[0xc4ce0fe0] -> System[0xe51d4ec0]: 7
D/Mono    (10470): Assembly Ref addref CareerBuilder_Search[0xe51d4bc0] -> System.Reactive.Core[0xe51d48c0]: 3
D/Mono    (10470): DllImport attempting to load: '__Internal'.
D/Mono    (10470): DllImport loaded library '(null)'.
D/Mono    (10470): DllImport searching in: '__Internal' ('(null)').
D/Mono    (10470): Searching for 'monodroid_get_system_property'.
D/Mono    (10470): Probing 'monodroid_get_system_property'.
D/Mono    (10470): Found as 'monodroid_get_system_property'.
D/Mono    (10470): DllImport searching in: '__Internal' ('(null)').
D/Mono    (10470): Searching for 'monodroid_free'.
D/Mono    (10470): Probing 'monodroid_free'.
D/Mono    (10470): Found as 'monodroid_free'.
I/System.out(10470): URI: /map
I/System.out(10470): params: {json={"query":"* id:'agreeAndContinueButton'","operation":{"method_name":"query","arguments":[]}}
I/System.out(10470): }
W/ResourceType(10470): No known package when getting name for resource number 0xffffffff
W/ResourceType(10470): No known package when getting name for resource number 0xffffffff
W/ResourceType(10470): No known package when getting name for resource number 0xffffffff
D/Mono    (10470): Assembly Ref addref CareerBuilder_Search.Droid[0xe5199160] -> Xamarin.Insights[0xe51d43e0]: 2
D/Mono    (10470): Assembly Ref addref Xamarin.Insights[0xe51d43e0] -> mscorlib[0xe5198fe0]: 39
D/Mono    (10470): Assembly Ref addref Xamarin.Insights[0xe51d43e0] -> Mono.Android[0xe51d4c20]: 19
D/Mono    (10470): Assembly Ref addref CareerBuilder_Search.Droid[0xe5199160] -> HockeySDK[0xe51992e0]: 2
D/Mono    (10470): Assembly Ref addref CareerBuilder_Search.Droid[0xe5199160] -> AppsFlyerXamarinBindingAndroid[0xe5199220]: 2
D/Mono    (10470): DllImport searching in: '__Internal' ('(null)').
D/Mono    (10470): Searching for 'java_interop_jnienv_get_static_field_id'.
D/Mono    (10470): Probing 'java_interop_jnienv_get_static_field_id'.
D/Mono    (10470): Found as 'java_interop_jnienv_get_static_field_id'.
D/Mono    (10470): DllImport searching in: '__Internal' ('(null)').
D/Mono    (10470): Searching for 'java_interop_jnienv_get_static_int_field'.
D/Mono    (10470): Probing 'java_interop_jnienv_get_static_int_field'.
D/Mono    (10470): Found as 'java_interop_jnienv_get_static_int_field'.
D/Mono    (10470): Assembly Ref addref Xamarin.Insights[0xe51d43e0] -> System.Core[0xe51d5220]: 8
D/Mono    (10470): DllImport searching in: '__Internal' ('(null)').
D/Mono    (10470): Searching for 'java_interop_jnienv_call_static_long_method_a'.
D/Mono    (10470): Probing 'java_interop_jnienv_call_static_long_method_a'.
D/Mono    (10470): Found as 'java_interop_jnienv_call_static_long_method_a'.
D/Mono    (10470): Assembly Ref addref Xamarin.Insights[0xe51d43e0] -> System[0xe51d4ec0]: 8
D/Mono    (10470): Assembly Ref addref Xamarin.Insights[0xe51d43e0] -> System.Net.Http[0xe51d5a60]: 4
W/NetworkIdentity(  874): Active mobile network without subscriber!
W/NetworkIdentity(  874): Active mobile network without subscriber!
W/NetworkIdentity(  874): Active mobile network without subscriber!
W/NetworkIdentity(  874): Active mobile network without subscriber!
W/NetworkIdentity(  874): Active mobile network without subscriber!
W/NetworkIdentity(  874): Active mobile network without subscriber!
W/NetworkIdentity(  874): Active mobile network without subscriber!
W/NetworkIdentity(  874): Active mobile network without subscriber!
W/NetworkIdentity(  874): Active mobile network without subscriber!
W/NetworkIdentity(  874): Active mobile network without subscriber!
I/System.out(10470): URI: /map
I/System.out(10470): params: {json={"query":"* id:'agreeAndContinueButton'","operation":{"method_name":"query","arguments":[]}}
I/System.out(10470): }
D/Mono    (10470): DllImport searching in: '__Internal' ('(null)').
D/Mono    (10470): Searching for 'java_interop_jnienv_get_object_array_element'.
D/Mono    (10470): Probing 'java_interop_jnienv_get_object_array_element'.
D/Mono    (10470): Found as 'java_interop_jnienv_get_object_array_element'.
D/Mono    (10470): DllImport searching in: '__Internal' ('(null)').
D/Mono    (10470): Searching for 'java_interop_jnienv_call_boolean_method_a'.
D/Mono    (10470): Probing 'java_interop_jnienv_call_boolean_method_a'.
D/Mono    (10470): Found as 'java_interop_jnienv_call_boolean_method_a'.
D/Mono    (10470): DllImport searching in: '__Internal' ('(null)').
D/Mono    (10470): Searching for 'java_interop_jnienv_call_int_method_a'.
D/Mono    (10470): Probing 'java_interop_jnienv_call_int_method_a'.
D/Mono    (10470): Found as 'java_interop_jnienv_call_int_method_a'.
W/NetworkIdentity(  874): Active mobile network without subscriber!
W/NetworkIdentity(  874): Active mobile network without subscriber!
W/NetworkIdentity(  874): Active mobile network without subscriber!
W/NetworkIdentity(  874): Active mobile network without subscriber!
W/NetworkIdentity(  874): Active mobile network without subscriber!
W/NetworkIdentity(  874): Active mobile network without subscriber!
W/NetworkIdentity(  874): Active mobile network without subscriber!
W/NetworkIdentity(  874): Active mobile network without subscriber!
W/NetworkIdentity(  874): Active mobile network without subscriber!
W/NetworkIdentity(  874): Active mobile network without subscriber!
W/ResourceType(10470): No known package when getting name for resource number 0xffffffff
W/ResourceType(10470): No known package when getting name for resource number 0xffffffff
W/ResourceType(10470): No known package when getting name for resource number 0xffffffff
D/Mono    (10470): DllImport searching in: '__Internal' ('(null)').
D/Mono    (10470): Searching for 'java_interop_jnienv_get_field_id'.
D/Mono    (10470): Probing 'java_interop_jnienv_get_field_id'.
D/Mono    (10470): Found as 'java_interop_jnienv_get_field_id'.
D/Mono    (10470): DllImport searching in: '__Internal' ('(null)').
D/Mono    (10470): Searching for 'java_interop_jnienv_get_object_field'.
D/Mono    (10470): Probing 'java_interop_jnienv_get_object_field'.
D/Mono    (10470): Found as 'java_interop_jnienv_get_object_field'.
D/Mono    (10470): DllImport searching in: '__Internal' ('(null)').
D/Mono    (10470): Searching for 'java_interop_jnienv_call_static_int_method_a'.
D/Mono    (10470): Probing 'java_interop_jnienv_call_static_int_method_a'.
D/Mono    (10470): Found as 'java_interop_jnienv_call_static_int_method_a'.
W/Xamarin.Insights(10470): Warning: Insights data communication has been manually enabled
D/Mono    (10470): DllImport searching in: '__Internal' ('(null)').
D/Mono    (10470): Searching for 'java_interop_jnienv_get_static_object_field'.
D/Mono    (10470): Probing 'java_interop_jnienv_get_static_object_field'.
D/Mono    (10470): Found as 'java_interop_jnienv_get_static_object_field'.
D/Mono    (10470): DllImport searching in: '__Internal' ('(null)').
D/Mono    (10470): Searching for 'java_interop_jnienv_call_static_void_method'.
D/Mono    (10470): Probing 'java_interop_jnienv_call_static_void_method'.
D/Mono    (10470): Found as 'java_interop_jnienv_call_static_void_method'.
I/AppsFlyer_3.01(10470): Start tracking package: com.careerbuilder.SugarDrone
I/AppsFlyer_3.01(10470): AsendTrackingWithEvent from activity: md537fd6201b6818e2e180d2f7606e21a83.MainApplication
I/AppsFlyer_3.01-665443481(10470): ******* sendTrackingWithEvent: Launch
E/ActivityThread(10470): Failed to find provider info for com.facebook.katana.provider.AttributionIdProvider
I/GAv4    (10470): Google Analytics 8.4.87 is starting up. To enable debug logging on a device run:
I/GAv4    (10470):   adb shell setprop log.tag.GAv4 DEBUG
I/GAv4    (10470):   adb logcat -s GAv4
I/AppsFlyer_3.01(10470): WARNING:READ_PHONE_STATE is missing
W/GAv4    (10470): AnalyticsReceiver is not registered or is disabled. Register the receiver for reliable dispatching on non-Google Play devices. See http://goo.gl/8Rd3yj for instructions.
W/GAv4    (10470): CampaignTrackingReceiver is not registered, not exported or is disabled. Installation campaign tracking is not possible. See http://goo.gl/8Rd3yj for instructions.
I/ActivityManager(  874): Killing 6811:com.google.android.apps.photos/u0a74 (adj 906): empty #17
