D/Mono    ( 9783): Assembly Ref addref Java.Interop[0xedbd4c80] -> System.Reflection.Extensions[0xedbd5340]: 2
D/Mono    ( 9783): Assembly Ref addref System.Reflection.Extensions[0xedbd5340] -> mscorlib[0xedb98fe0]: 11
D/Mono    ( 9783): Assembly Ref addref Mono.Android[0xedbd4c20] -> System.Core[0xedbd5220]: 3
D/Mono    ( 9783): DllImport searching in: '__Internal' ('(null)').
D/Mono    ( 9783): Searching for 'monodroid_typemap_managed_to_java'.
D/Mono    ( 9783): Probing 'monodroid_typemap_managed_to_java'.
D/Mono    ( 9783): Found as 'monodroid_typemap_managed_to_java'.
D/Mono    ( 9783): DllImport searching in: '__Internal' ('(null)').
D/Mono    ( 9783): Searching for 'java_interop_jnienv_alloc_object'.
D/Mono    ( 9783): Probing 'java_interop_jnienv_alloc_object'.
D/Mono    ( 9783): Found as 'java_interop_jnienv_alloc_object'.
D/Mono    ( 9783): DllImport searching in: '__Internal' ('(null)').
D/Mono    ( 9783): Searching for '_monodroid_gc_wait_for_bridge_processing'.
D/Mono    ( 9783): Probing '_monodroid_gc_wait_for_bridge_processing'.
D/Mono    ( 9783): Found as '_monodroid_gc_wait_for_bridge_processing'.
D/Mono    ( 9783): DllImport searching in: '__Internal' ('(null)').
D/Mono    ( 9783): Searching for 'java_interop_jnienv_register_natives'.
D/Mono    ( 9783): Probing 'java_interop_jnienv_register_natives'.
D/Mono    ( 9783): Found as 'java_interop_jnienv_register_natives'.
D/Mono    ( 9783): DllImport searching in: '__Internal' ('(null)').
D/Mono    ( 9783): Searching for 'java_interop_jnienv_call_nonvirtual_void_method_a'.
D/Mono    ( 9783): Probing 'java_interop_jnienv_call_nonvirtual_void_method_a'.
D/Mono    ( 9783): Found as 'java_interop_jnienv_call_nonvirtual_void_method_a'.
D/Mono    ( 9783): DllImport searching in: '__Internal' ('(null)').
D/Mono    ( 9783): Searching for 'java_interop_jnienv_is_same_object'.
D/Mono    ( 9783): Probing 'java_interop_jnienv_is_same_object'.
D/Mono    ( 9783): Found as 'java_interop_jnienv_is_same_object'.
D/Mono    ( 9783): DllImport searching in: '__Internal' ('(null)').
D/Mono    ( 9783): Searching for 'java_interop_jnienv_call_static_void_method_a'.
D/Mono    ( 9783): Probing 'java_interop_jnienv_call_static_void_method_a'.
D/Mono    ( 9783): Found as 'java_interop_jnienv_call_static_void_method_a'.
D/Mono    ( 9783): Assembly Ref addref AppsFlyerXamarinBindingAndroid[0xedb99220] -> mscorlib[0xedb98fe0]: 12
D/Mono    ( 9783): Assembly Ref addref AppsFlyerXamarinBindingAndroid[0xedb99220] -> Mono.Android[0xedbd4c20]: 2
D/Mono    ( 9783): Assembly Ref addref HockeySDK[0xedb992e0] -> mscorlib[0xedb98fe0]: 13
D/Mono    ( 9783): Assembly Ref addref HockeySDK[0xedb992e0] -> Mono.Android[0xedbd4c20]: 3
D/Mono    ( 9783): Assembly Ref addref Xamarin.GooglePlayServices.Analytics[0xedbd4080] -> mscorlib[0xedb98fe0]: 14
D/Mono    ( 9783): Assembly Ref addref Xamarin.GooglePlayServices.Analytics[0xedbd4080] -> Mono.Android[0xedbd4c20]: 4
D/Mono    ( 9783): Assembly Ref addref Xamarin.GooglePlayServices.Base[0xedbd4320] -> mscorlib[0xedb98fe0]: 15
D/Mono    ( 9783): Assembly Ref addref Xamarin.GooglePlayServices.Base[0xedbd4320] -> Mono.Android[0xedbd4c20]: 5
D/Mono    ( 9783): Assembly Ref addref Xamarin.GooglePlayServices.Basement[0xedbd4380] -> mscorlib[0xedb98fe0]: 16
D/Mono    ( 9783): Assembly Ref addref Xamarin.GooglePlayServices.Basement[0xedbd4380] -> Mono.Android[0xedbd4c20]: 6
D/Mono    ( 9783): Assembly Ref addref FloatingActionButton-Xamarin[0xedbd4500] -> mscorlib[0xedb98fe0]: 17
D/Mono    ( 9783): Assembly Ref addref FloatingActionButton-Xamarin[0xedbd4500] -> Mono.Android[0xedbd4c20]: 7
D/Mono    ( 9783): Assembly Ref addref Xamarin.Android.Support.v4[0xedbd4560] -> mscorlib[0xedb98fe0]: 18
D/Mono    ( 9783): Assembly Ref addref Xamarin.Android.Support.v4[0xedbd4560] -> Mono.Android[0xedbd4c20]: 8
D/Mono    ( 9783): Assembly Ref addref Xamarin.Android.Support.v7.RecyclerView[0xedbd45c0] -> mscorlib[0xedb98fe0]: 19
D/Mono    ( 9783): Assembly Ref addref Xamarin.Android.Support.v7.RecyclerView[0xedbd45c0] -> Mono.Android[0xedbd4c20]: 9
D/Mono    ( 9783): Assembly Ref addref Xamarin.Android.Support.Vector.Drawable[0xedbd4620] -> mscorlib[0xedb98fe0]: 20
D/Mono    ( 9783): Assembly Ref addref Xamarin.Android.Support.Vector.Drawable[0xedbd4620] -> Mono.Android[0xedbd4c20]: 10
D/Mono    ( 9783): Assembly Ref addref Xamarin.Android.Support.Animated.Vector.Drawable[0xedbd4680] -> mscorlib[0xedb98fe0]: 21
D/Mono    ( 9783): Assembly Ref addref Xamarin.Android.Support.Animated.Vector.Drawable[0xedbd4680] -> Mono.Android[0xedbd4c20]: 11
D/Mono    ( 9783): Assembly Ref addref Xamarin.Android.Support.v7.AppCompat[0xedbd46e0] -> mscorlib[0xedb98fe0]: 22
D/Mono    ( 9783): Assembly Ref addref Xamarin.Android.Support.v7.AppCompat[0xedbd46e0] -> Mono.Android[0xedbd4c20]: 12
D/Mono    ( 9783): Assembly Ref addref Xamarin.Android.Support.Design[0xedbd4740] -> mscorlib[0xedb98fe0]: 23
D/Mono    ( 9783): Assembly Ref addref Xamarin.Android.Support.Design[0xedbd4740] -> Mono.Android[0xedbd4c20]: 13
D/Mono    ( 9783): Assembly Ref addref Xamarin.Android.Support.v7.CardView[0xedbd47a0] -> mscorlib[0xedb98fe0]: 24
D/Mono    ( 9783): Assembly Ref addref Xamarin.Android.Support.v7.CardView[0xedbd47a0] -> Mono.Android[0xedbd4c20]: 14
D/Mono    ( 9783): Assembly Ref addref FlexboxLayoutXamarinBindingAndroid[0xedbd4b00] -> mscorlib[0xedb98fe0]: 25
D/Mono    ( 9783): Assembly Ref addref FlexboxLayoutXamarinBindingAndroid[0xedbd4b00] -> Mono.Android[0xedbd4c20]: 15
D/Mono    ( 9783): Assembly Ref addref CareerBuilder_Search.Droid[0xedb99160] -> Mono.Android[0xedbd4c20]: 16
D/Mono    ( 9783): Assembly Ref addref CareerBuilder_Search.Droid[0xedb99160] -> mscorlib[0xedb98fe0]: 26
D/Mono    ( 9783): Image addref Mono.Android.Export[0xedbd5880] -> Mono.Android.Export.dll[0xce4c2e00]: 2
D/Mono    ( 9783): Prepared to set up assembly 'Mono.Android.Export' (Mono.Android.Export.dll)
D/Mono    ( 9783): Assembly Mono.Android.Export[0xedbd5880] added to domain RootDomain, ref_count=1
D/Mono    ( 9783): AOT module 'Mono.Android.Export.dll.so' not found: dlopen failed: library "/data/app/com.careerbuilder.SugarDrone-1/lib/arm/libaot-Mono.Android.Export.dll.so" not found
D/Mono    ( 9783): AOT module '/Users/builder/data/lanes/4009/3a62f1ea/source/monodroid/builds/install/mono-armv6/lib/mono/aot-cache/arm/Mono.Android.Export.dll.so' not found: dlopen failed: library "/data/app/com.careerbuilder.SugarDrone-1/lib/arm/libaot-Mono.Android.Export.dll.so" not found
D/Mono    ( 9783): Config attempting to parse: 'Mono.Android.Export.dll.config'.
D/Mono    ( 9783): Config attempting to parse: '/Users/builder/data/lanes/4009/3a62f1ea/source/monodroid/builds/install/mono-armv6/etc/mono/assemblies/Mono.Android.Export/Mono.Android.Export.config'.
D/Mono    ( 9783): Assembly Ref addref Mono.Android.Export[0xedbd5880] -> mscorlib[0xedb98fe0]: 27
D/Mono    ( 9783): Assembly Ref addref Mono.Android.Export[0xedbd5880] -> Mono.Android[0xedbd4c20]: 17
D/Mono    ( 9783): Image addref System.Xml[0xedbd57c0] -> System.Xml.dll[0xce4c3d00]: 2
D/Mono    ( 9783): Prepared to set up assembly 'System.Xml' (System.Xml.dll)
D/Mono    ( 9783): Assembly System.Xml[0xedbd57c0] added to domain RootDomain, ref_count=1
D/Mono    ( 9783): AOT module 'System.Xml.dll.so' not found: dlopen failed: library "/data/app/com.careerbuilder.SugarDrone-1/lib/arm/libaot-System.Xml.dll.so" not found
D/Mono    ( 9783): AOT module '/Users/builder/data/lanes/4009/3a62f1ea/source/monodroid/builds/install/mono-armv6/lib/mono/aot-cache/arm/System.Xml.dll.so' not found: dlopen failed: library "/data/app/com.careerbuilder.SugarDrone-1/lib/arm/libaot-System.Xml.dll.so" not found
D/Mono    ( 9783): Config attempting to parse: 'System.Xml.dll.config'.
D/Mono    ( 9783): Config attempting to parse: '/Users/builder/data/lanes/4009/3a62f1ea/source/monodroid/builds/install/mono-armv6/etc/mono/assemblies/System.Xml/System.Xml.config'.
D/Mono    ( 9783): Assembly Ref addref Mono.Android.Export[0xedbd5880] -> System.Xml[0xedbd57c0]: 2
D/Mono    ( 9783): Assembly Ref addref System.Xml[0xedbd57c0] -> mscorlib[0xedb98fe0]: 28
D/Mono    ( 9783): Assembly Ref addref Mono.Android[0xedbd4c20] -> System.Xml[0xedbd57c0]: 3
D/Mono    ( 9783): Assembly Ref addref Mono.Android.Export[0xedbd5880] -> System.Core[0xedbd5220]: 4
D/Mono    ( 9783): Image addref System.Net.Http[0xedbd5a60] -> System.Net.Http.dll[0xce303000]: 2
D/Mono    ( 9783): Prepared to set up assembly 'System.Net.Http' (System.Net.Http.dll)
D/Mono    ( 9783): Assembly System.Net.Http[0xedbd5a60] added to domain RootDomain, ref_count=1
D/Mono    ( 9783): AOT module 'System.Net.Http.dll.so' not found: dlopen failed: library "/data/app/com.careerbuilder.SugarDrone-1/lib/arm/libaot-System.Net.Http.dll.so" not found
D/Mono    ( 9783): AOT module '/Users/builder/data/lanes/4009/3a62f1ea/source/monodroid/builds/install/mono-armv6/lib/mono/aot-cache/arm/System.Net.Http.dll.so' not found: dlopen failed: library "/data/app/com.careerbuilder.SugarDrone-1/lib/arm/libaot-System.Net.Http.dll.so" not found
D/Mono    ( 9783): Config attempting to parse: 'System.Net.Http.dll.config'.
D/Mono    ( 9783): Config attempting to parse: '/Users/builder/data/lanes/4009/3a62f1ea/source/monodroid/builds/install/mono-armv6/etc/mono/assemblies/System.Net.Http/System.Net.Http.config'.
D/Mono    ( 9783): Assembly Ref addref CareerBuilder_Search.Droid[0xedb99160] -> System.Net.Http[0xedbd5a60]: 2
D/Mono    ( 9783): Assembly Ref addref System.Net.Http[0xedbd5a60] -> mscorlib[0xedb98fe0]: 29
I/System.out( 9783): Calabash loaded Mono
I/calabash( 9783): Test server port: 7102
I/InstrumentationBackend( 9783): Added:'NullAction', with key:'nullAction'
I/InstrumentationBackend( 9783): Added:'GetActivityOrientation', with key:'get_activity_orientation'
I/InstrumentationBackend( 9783): Added:'SetActivityOrientation', with key:'set_activity_orientation'
I/InstrumentationBackend( 9783): Added:'DpToDevicePixel', with key:'dp_to_device_pixel'
I/InstrumentationBackend( 9783): Added:'ClickOnScreen', with key:'click_on_screen'
I/InstrumentationBackend( 9783): Added:'DoubleTapCoordinate', with key:'double_tap_coordinate'
I/InstrumentationBackend( 9783): Added:'Drag', with key:'drag'
I/InstrumentationBackend( 9783): Added:'DragCoordinates', with key:'drag_coordinates'
I/InstrumentationBackend( 9783): Added:'LongPressCoordinate', with key:'long_press_coordinate'
I/InstrumentationBackend( 9783): Added:'ResumeApplication', with key:'resume_application'
I/InstrumentationBackend( 9783): Added:'Swipe', with key:'swipe'
I/InstrumentationBackend( 9783): Added:'TouchCoordinates', with key:'touch_coordinate'
I/InstrumentationBackend( 9783): Added:'ListActions', with key:'list_actions'
I/InstrumentationBackend( 9783): Added:'SendTcp', with key:'send_tcp'
I/InstrumentationBackend( 9783): Added:'PressElement', with key:'press_l10n_element'
I/InstrumentationBackend( 9783): Added:'WaitForElement', with key:'wait_for_l10n_element'
I/InstrumentationBackend( 9783): Added:'FakeGPSLocation', with key:'set_gps_coordinates'
I/InstrumentationBackend( 9783): Added:'GetMapBounds', with key:'get_map_bounds'
I/InstrumentationBackend( 9783): Added:'GetMapCenter', with key:'get_map_center'
I/InstrumentationBackend( 9783): Added:'GetMapMarker', with key:'get_map_marker'
I/InstrumentationBackend( 9783): Added:'GetMapMarkers', with key:'get_map_markers'
I/InstrumentationBackend( 9783): Added:'GetMapZoom', with key:'get_map_zoom'
I/InstrumentationBackend( 9783): Added:'PanMapTo', with key:'pan_map_to'
I/InstrumentationBackend( 9783): Added:'SetMapCenter', with key:'set_map_center'
I/InstrumentationBackend( 9783): Added:'SetMapZoom', with key:'set_map_zoom'
I/InstrumentationBackend( 9783): Added:'TapAwayFromMarkers', with key:'tap_map_away_from_markers'
I/InstrumentationBackend( 9783): Added:'TapMapMarker', with key:'tap_map_marker_by_title'
I/InstrumentationBackend( 9783): Added:'ClearPreferences', with key:'clear_preferences'
I/InstrumentationBackend( 9783): Added:'GetPreferences', with key:'get_preferences'
I/ThermalEngine(  504): ACTION: BATTERY - Setting battery charging mitigation to 3
I/InstrumentationBackend( 9783): Added:'SetPreferences', with key:'set_preferences'
I/InstrumentationBackend( 9783): Added:'PressKey', with key:'press_key'
I/InstrumentationBackend( 9783): Added:'DeleteSurroundingText', with key:'delete_surrounding_text'
I/InstrumentationBackend( 9783): Added:'HideSoftKeyboard', with key:'hide_soft_keyboard'
I/InstrumentationBackend( 9783): Added:'KeyboardEnterText', with key:'keyboard_enter_text'
I/InstrumentationBackend( 9783): Added:'KeyboardKeyEvent', with key:'keyboard_key_event'
I/InstrumentationBackend( 9783): Added:'PressUserActionButton', with key:'press_user_action_button'
I/InstrumentationBackend( 9783): Added:'SetComposingRegion', with key:'set_composing_region'
I/InstrumentationBackend( 9783): Added:'SetSelection', with key:'set_selection'
I/InstrumentationBackend( 9783): Added:'AndroidSDKVersion', with key:'android_sdk_version'
I/InstrumentationBackend( 9783): Added:'Version', with key:'version'
I/InstrumentationBackend( 9783): Added:'GetActivityName', with key:'get_activity_name'
I/InstrumentationBackend( 9783): Added:'IsCurrentActivityFocused', with key:'is_current_activity_focused'
I/InstrumentationBackend( 9783): Added:'ScrollToView', with key:'scroll_to_view'
I/InstrumentationBackend( 9783): Added:'ViewConfiguration', with key:'view_configuration'
I/InstrumentationBackend( 9783): Added:'DumpBodyHtml', with key:'dump_body_html'
I/InstrumentationBackend( 9783): Added:'DumpHtml', with key:'dump_html'
I/InstrumentationBackend( 9783): Added:'EnterTextByCssSelector', with key:'enter_text_by_selector'
I/InstrumentationBackend( 9783): Added:'GetLoadProgress', with key:'get_load_progress'
I/InstrumentationBackend( 9783): Added:'GetUrl', with key:'get_url'
I/InstrumentationBackend( 9783): Added:'ScrollTo', with key:'scroll_to'
I/InstrumentationBackend( 9783): Added:'SetPropertyByCssSelector', with key:'set_property_by_css_selector'
I/calabash( 9783): Instantiating http server at 7102
I/System.out( 9783): HTTP Daemon listening on: 7102
I/System.out( 9783): URI: /ready
I/System.out( 9783): params: {}
I/System.out( 9783): URI: /ready
I/System.out( 9783): params: {}
I/System.out( 9783): URI: /ping
I/System.out( 9783): params: {json={"intent":null }
I/System.out( 9783): }
I/System.out( 9783): URI: /ready
I/System.out( 9783): params: {json={"intent":null }
I/System.out( 9783): }
I/System.out( 9783): URI: /start-application
I/System.out( 9783): params: {json={"intent":null }
I/System.out( 9783): }
I/calabash( 9783): execStartActivity 4
I/ActivityManager(  872): START u0 {act=android.intent.action.MAIN cat=[android.intent.category.LAUNCHER] flg=0x10200000 cmp=com.careerbuilder.SugarDrone/md537fd6201b6818e2e180d2f7606e21a83.AppMainActivity (has extras)} from uid 15625 on display 0
W/SearchService( 4284): Abort, client detached.
I/MicroDetector( 4284): Keeping mic open: false
I/MicrophoneInputStream( 4284): mic_close com.google.android.apps.gsa.speech.audio.ah@829435
I/DeviceStateChecker( 4284): DeviceStateChecker cancelled
I/calabash( 9783): newActivity1
E/AudioRecord-JNI( 4284): Error -4 during AudioRecord native read
D/Mono    ( 9783): Assembly Ref addref CareerBuilder_Search.Droid[0xedb99160] -> Xamarin.Android.Support.v7.AppCompat[0xedbd46e0]: 2
D/Mono    ( 9783): Assembly Ref addref Xamarin.Android.Support.v7.AppCompat[0xedbd46e0] -> Xamarin.Android.Support.v4[0xedbd4560]: 2
D/Mono    ( 9783): DllImport searching in: '__Internal' ('(null)').
D/Mono    ( 9783): Searching for 'java_interop_jnienv_get_array_length'.
D/Mono    ( 9783): Probing 'java_interop_jnienv_get_array_length'.
D/Mono    ( 9783): Found as 'java_interop_jnienv_get_array_length'.
D/Mono    ( 9783): Assembly Ref addref CareerBuilder_Search.Droid[0xedb99160] -> CareerBuilder_Search[0xedbd4bc0]: 2
D/sound_trigger_platform(  509): platform_stdev_check_and_update_concurrency: concurrency active 0, tx 0, rx 0, concurrency session_allowed 1
I/SoundTriggerHwService::Module(  509): void android::SoundTriggerHwService::Module::onCallbackEvent(const sp<android::SoundTriggerHwService::CallbackEvent> &) mClient == 0
I/MicroRecognitionRunner( 4284): Detection finished
I/MicroRecognitionRunner( 4284): Stopping hotword detection.
D/Mono    ( 9783): Assembly Ref addref CareerBuilder_Search.Droid[0xedb99160] -> Xamarin.Android.Support.v4[0xedbd4560]: 3
D/Mono    ( 9783): DllImport searching in: '__Internal' ('(null)').
D/Mono    ( 9783): Searching for 'java_interop_jnienv_new_string'.
D/Mono    ( 9783): Probing 'java_interop_jnienv_new_string'.
D/Mono    ( 9783): Found as 'java_interop_jnienv_new_string'.
D/Mono    ( 9783): Assembly Ref addref CareerBuilder_Search.Droid[0xedb99160] -> Plugin.CurrentActivity[0xedbd3540]: 2
D/Mono    ( 9783): Assembly Ref addref Plugin.CurrentActivity[0xedbd3540] -> mscorlib[0xedb98fe0]: 30
D/Mono    ( 9783): Assembly Ref addref Plugin.CurrentActivity[0xedbd3540] -> Mono.Android[0xedbd4c20]: 18
D/Mono    ( 9783): [0xcd9f4920] worker starting
D/Mono    ( 9783): [0xcd8f3920] worker starting
D/Mono    ( 9783): Unloading image System.Runtime.dll [0xce2f7300].
D/Mono    ( 9783): Image addref System.Runtime[0xce2fa120] -> System.Runtime.dll[0xe6a88a00]: 5
D/Mono    ( 9783): Config attempting to parse: 'System.Runtime.dll.config'.
D/Mono    ( 9783): Config attempting to parse: '/Users/builder/data/lanes/4009/3a62f1ea/source/monodroid/builds/install/mono-armv6/etc/mono/assemblies/System.Runtime/System.Runtime.config'.
D/Mono    ( 9783): Assembly Ref addref CareerBuilder_Search[0xedbd4bc0] -> System.Runtime[0xedbd4ce0]: 3
D/Mono    ( 9783): Assembly Ref addref CareerBuilder_Search[0xedbd4bc0] -> Plugin.DeviceInfo.Abstractions[0xedbd3e40]: 2
D/Mono    ( 9783): Unloading image System.Runtime.dll [0xce2f7800].
D/Mono    ( 9783): Image addref System.Runtime[0xce2fa120] -> System.Runtime.dll[0xe6a88a00]: 6
D/Mono    ( 9783): Config attempting to parse: 'System.Runtime.dll.config'.
D/Mono    ( 9783): Config attempting to parse: '/Users/builder/data/lanes/4009/3a62f1ea/source/monodroid/builds/install/mono-armv6/etc/mono/assemblies/System.Runtime/System.Runtime.config'.
D/Mono    ( 9783): Assembly Ref addref Plugin.DeviceInfo.Abstractions[0xedbd3e40] -> System.Runtime[0xedbd4ce0]: 4
D/Mono    ( 9783): Assembly Ref addref CareerBuilder_Search.Droid[0xedb99160] -> Akavache[0xedb99880]: 2
D/Mono    ( 9783): Assembly Ref addref Akavache[0xedb99880] -> mscorlib[0xedb98fe0]: 31
D/Mono    ( 9783): Assembly Ref addref Akavache[0xedb99880] -> System.Reactive.Interfaces[0xedbd4920]: 2
D/Mono    ( 9783): Assembly Ref addref Akavache[0xedb99880] -> System.Reactive.Core[0xedbd48c0]: 2
D/Mono    ( 9783): Unloading image System.Runtime.dll [0xce2f7800].
D/Mono    ( 9783): Image addref System.Runtime[0xce2fa120] -> System.Runtime.dll[0xe6a88a00]: 7
D/Mono    ( 9783): Config attempting to parse: 'System.Runtime.dll.config'.
D/Mono    ( 9783): Config attempting to parse: '/Users/builder/data/lanes/4009/3a62f1ea/source/monodroid/builds/install/mono-armv6/etc/mono/assemblies/System.Runtime/System.Runtime.config'.
D/Mono    ( 9783): Assembly Ref addref System.Reactive.Core[0xedbd48c0] -> System.Runtime[0xedbd4ce0]: 5
D/Mono    ( 9783): DllImport searching in: '__Internal' ('(null)').
D/Mono    ( 9783): Searching for 'java_interop_jnienv_call_nonvirtual_object_method_a'.
D/Mono    ( 9783): Probing 'java_interop_jnienv_call_nonvirtual_object_method_a'.
D/Mono    ( 9783): Found as 'java_interop_jnienv_call_nonvirtual_object_method_a'.
D/Mono    ( 9783): Assembly Ref addref CareerBuilder_Search.Droid[0xedb99160] -> Microsoft.Practices.Unity[0xedbd34e0]: 2
D/Mono    ( 9783): Unloading image System.Runtime.dll [0xce2f7800].
D/Mono    ( 9783): Image addref System.Runtime[0xce2fa120] -> System.Runtime.dll[0xe6a88a00]: 8
D/Mono    ( 9783): Config attempting to parse: 'System.Runtime.dll.config'.
D/Mono    ( 9783): Config attempting to parse: '/Users/builder/data/lanes/4009/3a62f1ea/source/monodroid/builds/install/mono-armv6/etc/mono/assemblies/System.Runtime/System.Runtime.config'.
D/Mono    ( 9783): Assembly Ref addref Microsoft.Practices.Unity[0xedbd34e0] -> System.Runtime[0xedbd4ce0]: 6
D/Mono    ( 9783): Unloading image System.Collections.dll [0xce2f7d00].
D/Mono    ( 9783): Image addref System.Collections[0xce2fa120] -> System.Collections.dll[0xe6a8b700]: 5
D/Mono    ( 9783): Config attempting to parse: 'System.Collections.dll.config'.
D/Mono    ( 9783): Config attempting to parse: '/Users/builder/data/lanes/4009/3a62f1ea/source/monodroid/builds/install/mono-armv6/etc/mono/assemblies/System.Collections/System.Collections.config'.
D/Mono    ( 9783): Assembly Ref addref Microsoft.Practices.Unity[0xedbd34e0] -> System.Collections[0xedbd4f80]: 3
D/Mono    ( 9783): Assembly Ref addref CareerBuilder_Search[0xedbd4bc0] -> Microsoft.Practices.Unity[0xedbd34e0]: 3
D/Mono    ( 9783): Assembly Ref addref CareerBuilder_Search.Droid[0xedb99160] -> Plugin.DeviceInfo.Abstractions[0xedbd3e40]: 3
D/Mono    ( 9783): Unloading image System.Diagnostics.Debug.dll [0xce2f7d00].
D/Mono    ( 9783): Image addref System.Diagnostics.Debug[0xce2fa120] -> System.Diagnostics.Debug.dll[0xe6a8a800]: 5
D/Mono    ( 9783): Config attempting to parse: 'System.Diagnostics.Debug.dll.config'.
D/Mono    ( 9783): Config attempting to parse: '/Users/builder/data/lanes/4009/3a62f1ea/source/monodroid/builds/install/mono-armv6/etc/mono/assemblies/System.Diagnostics.Debug/System.Diagnostics.Debug.config'.
D/Mono    ( 9783): Assembly Ref addref CareerBuilder_Search[0xedbd4bc0] -> System.Diagnostics.Debug[0xedbd4e60]: 3
D/Mono    ( 9783): Assembly Ref addref System.Diagnostics.Debug[0xedbd4e60] -> mscorlib[0xedb98fe0]: 32
D/Mono    ( 9783): Image addref System.Diagnostics.Tools[0xce2fa120] -> System.Diagnostics.Tools.dll[0xce2f7d00]: 2
D/Mono    ( 9783): Prepared to set up assembly 'System.Diagnostics.Tools' (System.Diagnostics.Tools.dll)
D/Mono    ( 9783): Assembly System.Diagnostics.Tools[0xce2fa120] added to domain RootDomain, ref_count=1
D/Mono    ( 9783): AOT module 'System.Diagnostics.Tools.dll.so' not found: dlopen failed: library "/data/app/com.careerbuilder.SugarDrone-1/lib/arm/libaot-System.Diagnostics.Tools.dll.so" not found
D/Mono    ( 9783): AOT module '/Users/builder/data/lanes/4009/3a62f1ea/source/monodroid/builds/install/mono-armv6/lib/mono/aot-cache/arm/System.Diagnostics.Tools.dll.so' not found: dlopen failed: library "/data/app/com.careerbuilder.SugarDrone-1/lib/arm/libaot-System.Diagnostics.Tools.dll.so" not found
D/Mono    ( 9783): Config attempting to parse: 'System.Diagnostics.Tools.dll.config'.
D/Mono    ( 9783): Config attempting to parse: '/Users/builder/data/lanes/4009/3a62f1ea/source/monodroid/builds/install/mono-armv6/etc/mono/assemblies/System.Diagnostics.Tools/System.Diagnostics.Tools.config'.
D/Mono    ( 9783): Assembly Ref addref Microsoft.Practices.Unity[0xedbd34e0] -> System.Diagnostics.Tools[0xce2fa120]: 2
D/Mono    ( 9783): Assembly Ref addref System.Diagnostics.Tools[0xce2fa120] -> mscorlib[0xedb98fe0]: 33
D/Mono    ( 9783): Image addref System.Resources.ResourceManager[0xce2fa180] -> System.Resources.ResourceManager.dll[0xce2f8200]: 2
D/Mono    ( 9783): Prepared to set up assembly 'System.Resources.ResourceManager' (System.Resources.ResourceManager.dll)
D/Mono    ( 9783): Assembly System.Resources.ResourceManager[0xce2fa180] added to domain RootDomain, ref_count=1
D/Mono    ( 9783): AOT module 'System.Resources.ResourceManager.dll.so' not found: dlopen failed: library "/data/app/com.careerbuilder.SugarDrone-1/lib/arm/libaot-System.Resources.ResourceManager.dll.so" not found
D/Mono    ( 9783): AOT module '/Users/builder/data/lanes/4009/3a62f1ea/source/monodroid/builds/install/mono-armv6/lib/mono/aot-cache/arm/System.Resources.ResourceManager.dll.so' not found: dlopen failed: library "/data/app/com.careerbuilder.SugarDrone-1/lib/arm/libaot-System.Resources.ResourceManager.dll.so" not found
D/Mono    ( 9783): Config attempting to parse: 'System.Resources.ResourceManager.dll.config'.
D/Mono    ( 9783): Config attempting to parse: '/Users/builder/data/lanes/4009/3a62f1ea/source/monodroid/builds/install/mono-armv6/etc/mono/assemblies/System.Resources.ResourceManager/System.Resources.ResourceManager.config'.
D/Mono    ( 9783): Assembly Ref addref Microsoft.Practices.Unity[0xedbd34e0] -> System.Resources.ResourceManager[0xce2fa180]: 2
D/Mono    ( 9783): Assembly Ref addref System.Resources.ResourceManager[0xce2fa180] -> mscorlib[0xedb98fe0]: 34
D/Mono    ( 9783): Unloading image System.Reflection.dll [0xce2f8700].
D/Mono    ( 9783): Image addref System.Reflection[0xce2fa1e0] -> System.Reflection.dll[0xe6a89e00]: 5
D/Mono    ( 9783): Config attempting to parse: 'System.Reflection.dll.config'.
D/Mono    ( 9783): Config attempting to parse: '/Users/builder/data/lanes/4009/3a62f1ea/source/monodroid/builds/install/mono-armv6/etc/mono/assemblies/System.Reflection/System.Reflection.config'.
D/Mono    ( 9783): Assembly Ref addref Microsoft.Practices.Unity[0xedbd34e0] -> System.Reflection[0xedbd4da0]: 3
D/Mono    ( 9783): Unloading image System.Linq.dll [0xce2f8700].
D/Mono    ( 9783): Image addref System.Linq[0xce2fa3c0] -> System.Linq.dll[0xce4c1a00]: 5
D/Mono    ( 9783): Config attempting to parse: 'System.Linq.dll.config'.
D/Mono    ( 9783): Config attempting to parse: '/Users/builder/data/lanes/4009/3a62f1ea/source/monodroid/builds/install/mono-armv6/etc/mono/assemblies/System.Linq/System.Linq.config'.
D/Mono    ( 9783): Assembly Ref addref Microsoft.Practices.Unity[0xedbd34e0] -> System.Linq[0xedbd50a0]: 3
D/Mono    ( 9783): Unloading image System.Threading.dll [0xce2f8700].
D/Mono    ( 9783): Image addref System.Threading[0xce2fa3c0] -> System.Threading.dll[0xe6a8a300]: 5
D/Mono    ( 9783): Config attempting to parse: 'System.Threading.dll.config'.
D/Mono    ( 9783): Config attempting to parse: '/Users/builder/data/lanes/4009/3a62f1ea/source/monodroid/builds/install/mono-armv6/etc/mono/assemblies/System.Threading/System.Threading.config'.
D/Mono    ( 9783): Assembly Ref addref Microsoft.Practices.Unity[0xedbd34e0] -> System.Threading[0xedbd4e00]: 3
I/Adreno  ( 9783): QUALCOMM build                   : 74df444, I409c65498b
I/Adreno  ( 9783): Build Date                       : 06/22/16
I/Adreno  ( 9783): OpenGL ES Shader Compiler Version: XE031.08.00.02
I/Adreno  ( 9783): Local Branch                     : N16
I/Adreno  ( 9783): Remote Branch                    : 
I/Adreno  ( 9783): Remote Branch                    : 
I/Adreno  ( 9783): Reconstruct Branch               : 
D/Mono    ( 9783): Image addref System.Globalization[0xce2fa300] -> System.Globalization.dll[0xcdae3a00]: 2
D/Mono    ( 9783): Prepared to set up assembly 'System.Globalization' (System.Globalization.dll)
D/Mono    ( 9783): Assembly System.Globalization[0xce2fa300] added to domain RootDomain, ref_count=1
W/IInputConnectionWrapper( 4201): reportFullscreenMode on inexistent InputConnection
D/Mono    ( 9783): AOT module 'System.Globalization.dll.so' not found: dlopen failed: library "/data/app/com.careerbuilder.SugarDrone-1/lib/arm/libaot-System.Globalization.dll.so" not found
D/Mono    ( 9783): AOT module '/Users/builder/data/lanes/4009/3a62f1ea/source/monodroid/builds/install/mono-armv6/lib/mono/aot-cache/arm/System.Globalization.dll.so' not found: dlopen failed: library "/data/app/com.careerbuilder.SugarDrone-1/lib/arm/libaot-System.Globalization.dll.so" not found
D/Mono    ( 9783): Config attempting to parse: 'System.Globalization.dll.config'.
D/Mono    ( 9783): Config attempting to parse: '/Users/builder/data/lanes/4009/3a62f1ea/source/monodroid/builds/install/mono-armv6/etc/mono/assemblies/System.Globalization/System.Globalization.config'.
D/Mono    ( 9783): Assembly Ref addref Microsoft.Practices.Unity[0xedbd34e0] -> System.Globalization[0xce2fa300]: 2
D/Mono    ( 9783): Assembly Ref addref System.Globalization[0xce2fa300] -> mscorlib[0xedb98fe0]: 35
I/OpenGLRenderer( 9783): Initialized EGL, version 1.4
D/OpenGLRenderer( 9783): Swap behavior 1
D/Mono    ( 9783): Image addref System.Runtime.Extensions[0xce2fa600] -> System.Runtime.Extensions.dll[0xcdae6c00]: 2
D/Mono    ( 9783): Prepared to set up assembly 'System.Runtime.Extensions' (System.Runtime.Extensions.dll)
D/Mono    ( 9783): Assembly System.Runtime.Extensions[0xce2fa600] added to domain RootDomain, ref_count=1
D/Mono    ( 9783): AOT module 'System.Runtime.Extensions.dll.so' not found: dlopen failed: library "/data/app/com.careerbuilder.SugarDrone-1/lib/arm/libaot-System.Runtime.Extensions.dll.so" not found
D/Mono    ( 9783): AOT module '/Users/builder/data/lanes/4009/3a62f1ea/source/monodroid/builds/install/mono-armv6/lib/mono/aot-cache/arm/System.Runtime.Extensions.dll.so' not found: dlopen failed: library "/data/app/com.careerbuilder.SugarDrone-1/lib/arm/libaot-System.Runtime.Extensions.dll.so" not found
D/Mono    ( 9783): Config attempting to parse: 'System.Runtime.Extensions.dll.config'.
D/Mono    ( 9783): Config attempting to parse: '/Users/builder/data/lanes/4009/3a62f1ea/source/monodroid/builds/install/mono-armv6/etc/mono/assemblies/System.Runtime.Extensions/System.Runtime.Extensions.config'.
D/Mono    ( 9783): Assembly Ref addref Microsoft.Practices.Unity[0xedbd34e0] -> System.Runtime.Extensions[0xce2fa600]: 2
D/Mono    ( 9783): Assembly Ref addref System.Runtime.Extensions[0xce2fa600] -> mscorlib[0xedb98fe0]: 36
D/Mono    ( 9783): Image addref System.Linq.Expressions[0xce2fb3e0] -> System.Linq.Expressions.dll[0xcdae3000]: 2
D/Mono    ( 9783): Prepared to set up assembly 'System.Linq.Expressions' (System.Linq.Expressions.dll)
D/Mono    ( 9783): Assembly System.Linq.Expressions[0xce2fb3e0] added to domain RootDomain, ref_count=1
D/Mono    ( 9783): AOT module 'System.Linq.Expressions.dll.so' not found: dlopen failed: library "/data/app/com.careerbuilder.SugarDrone-1/lib/arm/libaot-System.Linq.Expressions.dll.so" not found
D/Mono    ( 9783): AOT module '/Users/builder/data/lanes/4009/3a62f1ea/source/monodroid/builds/install/mono-armv6/lib/mono/aot-cache/arm/System.Linq.Expressions.dll.so' not found: dlopen failed: library "/data/app/com.careerbuilder.SugarDrone-1/lib/arm/libaot-System.Linq.Expressions.dll.so" not found
D/Mono    ( 9783): Config attempting to parse: 'System.Linq.Expressions.dll.config'.
D/Mono    ( 9783): Config attempting to parse: '/Users/builder/data/lanes/4009/3a62f1ea/source/monodroid/builds/install/mono-armv6/etc/mono/assemblies/System.Linq.Expressions/System.Linq.Expressions.config'.
D/Mono    ( 9783): Assembly Ref addref Microsoft.Practices.Unity[0xedbd34e0] -> System.Linq.Expressions[0xce2fb3e0]: 2
D/Mono    ( 9783): Assembly Ref addref System.Linq.Expressions[0xce2fb3e0] -> System.Core[0xedbd5220]: 5
D/Mono    ( 9783): Assembly Ref addref System.Core[0xedbd5220] -> System[0xedbd4ec0]: 3
D/Mono    ( 9783): Assembly Ref addref CareerBuilder_Search.Droid[0xedb99160] -> Xamarin.GooglePlayServices.Analytics[0xedbd4080]: 2
D/Mono    ( 9783): Assembly Ref addref CareerBuilder_Search.Droid[0xedb99160] -> Plugin.Geolocator.Abstractions[0xedbd3ae0]: 2
D/Mono    ( 9783): Assembly Ref addref CareerBuilder_Search[0xedbd4bc0] -> System.Net.Http[0xedbd5a60]: 3
D/Mono    ( 9783): Assembly Ref addref CareerBuilder_Search[0xedbd4bc0] -> Plugin.DeviceInfo[0xedbd3ba0]: 2
D/Mono    ( 9783): Assembly Ref addref Plugin.DeviceInfo[0xedbd3ba0] -> mscorlib[0xedb98fe0]: 37
D/Mono    ( 9783): Assembly Ref addref Plugin.DeviceInfo[0xedbd3ba0] -> Plugin.DeviceInfo.Abstractions[0xedbd3e40]: 4
D/Mono    ( 9783): Image addref System.Threading.Tasks[0xce2fb6e0] -> System.Threading.Tasks.dll[0xcd521d00]: 2
D/Mono    ( 9783): Prepared to set up assembly 'System.Threading.Tasks' (System.Threading.Tasks.dll)
D/Mono    ( 9783): Assembly System.Threading.Tasks[0xce2fb6e0] added to domain RootDomain, ref_count=1
D/Mono    ( 9783): AOT module 'System.Threading.Tasks.dll.so' not found: dlopen failed: library "/data/app/com.careerbuilder.SugarDrone-1/lib/arm/libaot-System.Threading.Tasks.dll.so" not found
D/Mono    ( 9783): AOT module '/Users/builder/data/lanes/4009/3a62f1ea/source/monodroid/builds/install/mono-armv6/lib/mono/aot-cache/arm/System.Threading.Tasks.dll.so' not found: dlopen failed: library "/data/app/com.careerbuilder.SugarDrone-1/lib/arm/libaot-System.Threading.Tasks.dll.so" not found
D/Mono    ( 9783): Config attempting to parse: 'System.Threading.Tasks.dll.config'.
D/Mono    ( 9783): Config attempting to parse: '/Users/builder/data/lanes/4009/3a62f1ea/source/monodroid/builds/install/mono-armv6/etc/mono/assemblies/System.Threading.Tasks/System.Threading.Tasks.config'.
D/Mono    ( 9783): Assembly Ref addref CareerBuilder_Search[0xedbd4bc0] -> System.Threading.Tasks[0xce2fb6e0]: 2
D/Mono    ( 9783): Assembly Ref addref System.Threading.Tasks[0xce2fb6e0] -> mscorlib[0xedb98fe0]: 38
D/Mono    ( 9783): Unloading image System.Collections.dll [0xcd522200].
D/Mono    ( 9783): Image addref System.Collections[0xce2fa5a0] -> System.Collections.dll[0xe6a8b700]: 6
D/Mono    ( 9783): Config attempting to parse: 'System.Collections.dll.config'.
D/Mono    ( 9783): Config attempting to parse: '/Users/builder/data/lanes/4009/3a62f1ea/source/monodroid/builds/install/mono-armv6/etc/mono/assemblies/System.Collections/System.Collections.config'.
D/Mono    ( 9783): Assembly Ref addref CareerBuilder_Search[0xedbd4bc0] -> System.Collections[0xedbd4f80]: 4
D/Mono    ( 9783): Assembly Ref addref System.Collections[0xedbd4f80] -> System[0xedbd4ec0]: 4
D/Mono    ( 9783): Assembly Ref addref System.Net.Http[0xedbd5a60] -> System[0xedbd4ec0]: 5
I/ActivityManager(  872): Displayed com.careerbuilder.SugarDrone/md537fd6201b6818e2e180d2f7606e21a83.AppMainActivity: +500ms
D/Mono    ( 9783): Assembly Ref addref Microsoft.Practices.Unity[0xedbd34e0] -> System.Reflection.Extensions[0xedbd5340]: 3
I/rmt_storage(  395): rmt_storage_connect_cb: clnt_h=0xd conn_h=0x70be22a000
I/rmt_storage(  395): rmt_storage_rw_iovec_cb: /boot/modem_fs2: clnt_h=0x2: req_h=0xd msg_id=3: R/W request received
I/rmt_storage(  395): wakelock acquired: 1, error no: 42
I/rmt_storage(  395): rmt_storage_client_thread: /boot/modem_fs2: clnt_h=0x2 Unblock worker thread (th_id: 484224934992)
I/rmt_storage(  395): rmt_storage_client_thread: /boot/modem_fs2: clnt_h=0x2: req_h=0xd msg_id=3: Bytes written = 1572864
I/rmt_storage(  395): rmt_storage_client_thread: /boot/modem_fs2: clnt_h=0x2: req_h=0xd msg_id=3: Send response: res=0 err=0
I/rmt_storage(  395): rmt_storage_client_thread: /boot/modem_fs2: clnt_h=0x2 About to block rmt_storage client thread (th_id: 484224934992) wakelock released: 1, error no: 22
I/rmt_storage(  395): 
I/System.out( 9783): URI: /map
I/System.out( 9783): params: {json={"query":"*","operation":{"method_name":"query","arguments":[]}}
I/System.out( 9783): }
I/rmt_storage(  395): rmt_storage_disconnect_cb: clnt_h=0xd conn_h=0x70be22a000
I/WindowManager(  872): Destroying surface Surface(name=Starting com.careerbuilder.SugarDrone) called by com.android.server.wm.WindowStateAnimator.destroySurface:2014 com.android.server.wm.WindowStateAnimator.destroySurfaceLocked:881 com.android.server.wm.WindowState.destroyOrSaveSurface:2073 com.android.server.wm.AppWindowToken.destroySurfaces:363 com.android.server.wm.WindowStateAnimator.finishExit:565 com.android.server.wm.WindowStateAnimator.stepAnimationLocked:491 com.android.server.wm.WindowAnimator.updateWindowsLocked:303 com.android.server.wm.WindowAnimator.animateLocked:704 
W/ResourceType( 9783): No known package when getting name for resource number 0xffffffff
W/ResourceType( 9783): No known package when getting name for resource number 0xffffffff
W/ResourceType( 9783): No known package when getting name for resource number 0xffffffff
D/Mono    ( 9783): Unloading image System.Threading.dll [0xcd510200].
D/Mono    ( 9783): Image addref System.Threading[0xccb7c540] -> System.Threading.dll[0xe6a8a300]: 6
D/Mono    ( 9783): Config attempting to parse: 'System.Threading.dll.config'.
D/Mono    ( 9783): Config attempting to parse: '/Users/builder/data/lanes/4009/3a62f1ea/source/monodroid/builds/install/mono-armv6/etc/mono/assemblies/System.Threading/System.Threading.config'.
D/Mono    ( 9783): Assembly Ref addref CareerBuilder_Search[0xedbd4bc0] -> System.Threading[0xedbd4e00]: 4
D/Mono    ( 9783): Assembly Ref addref System.Threading[0xedbd4e00] -> System.Core[0xedbd5220]: 6
I/ActivityManager(  872): Killing 7893:com.qualcomm.timeservice/1000 (adj 906): empty #17
D/Mono    ( 9783): Assembly Ref addref System.Runtime[0xedbd4ce0] -> System[0xedbd4ec0]: 6
D/Mono    ( 9783): Assembly Ref addref CareerBuilder_Search[0xedbd4bc0] -> Newtonsoft.Json[0xedbd4800]: 2
D/Mono    ( 9783): Unloading image System.Runtime.dll [0xcd510700].
D/Mono    ( 9783): Image addref System.Runtime[0xccb7daa0] -> System.Runtime.dll[0xe6a88a00]: 9
D/Mono    ( 9783): Config attempting to parse: 'System.Runtime.dll.config'.
D/Mono    ( 9783): Config attempting to parse: '/Users/builder/data/lanes/4009/3a62f1ea/source/monodroid/builds/install/mono-armv6/etc/mono/assemblies/System.Runtime/System.Runtime.config'.
D/Mono    ( 9783): Assembly Ref addref Newtonsoft.Json[0xedbd4800] -> System.Runtime[0xedbd4ce0]: 7
D/Mono    ( 9783): Image addref System.Dynamic.Runtime[0xccb7daa0] -> System.Dynamic.Runtime.dll[0xcd510700]: 2
D/Mono    ( 9783): Prepared to set up assembly 'System.Dynamic.Runtime' (System.Dynamic.Runtime.dll)
D/Mono    ( 9783): Assembly System.Dynamic.Runtime[0xccb7daa0] added to domain RootDomain, ref_count=1
D/Mono    ( 9783): AOT module 'System.Dynamic.Runtime.dll.so' not found: dlopen failed: library "/data/app/com.careerbuilder.SugarDrone-1/lib/arm/libaot-System.Dynamic.Runtime.dll.so" not found
I/WindowManager(  872): Destroying surface Surface(name=com.google.android.googlequicksearchbox/com.google.android.launcher.GEL) called by com.android.server.wm.WindowStateAnimator.destroySurface:2014 com.android.server.wm.WindowStateAnimator.destroySurfaceLocked:881 com.android.server.wm.WindowState.destroyOrSaveSurface:2073 com.android.server.wm.AppWindowToken.destroySurfaces:363 com.android.server.wm.AppWindowToken.notifyAppStopped:389 com.android.server.wm.WindowManagerService.notifyAppStopped:4456 com.android.server.am.ActivityStack.activityStoppedLocked:1252 com.android.server.am.ActivityManagerService.activityStopped:6873 
D/Mono    ( 9783): AOT module '/Users/builder/data/lanes/4009/3a62f1ea/source/monodroid/builds/install/mono-armv6/lib/mono/aot-cache/arm/System.Dynamic.Runtime.dll.so' not found: dlopen failed: library "/data/app/com.careerbuilder.SugarDrone-1/lib/arm/libaot-System.Dynamic.Runtime.dll.so" not found
D/Mono    ( 9783): Config attempting to parse: 'System.Dynamic.Runtime.dll.config'.
D/Mono    ( 9783): Config attempting to parse: '/Users/builder/data/lanes/4009/3a62f1ea/source/monodroid/builds/install/mono-armv6/etc/mono/assemblies/System.Dynamic.Runtime/System.Dynamic.Runtime.config'.
D/Mono    ( 9783): Assembly Ref addref Newtonsoft.Json[0xedbd4800] -> System.Dynamic.Runtime[0xccb7daa0]: 2
D/Mono    ( 9783): Assembly Ref addref System.Dynamic.Runtime[0xccb7daa0] -> System.Core[0xedbd5220]: 7
D/Mono    ( 9783): Image addref System.ObjectModel[0xccb7db00] -> System.ObjectModel.dll[0xcd50fd00]: 2
D/Mono    ( 9783): Prepared to set up assembly 'System.ObjectModel' (System.ObjectModel.dll)
D/Mono    ( 9783): Assembly System.ObjectModel[0xccb7db00] added to domain RootDomain, ref_count=1
D/Mono    ( 9783): AOT module 'System.ObjectModel.dll.so' not found: dlopen failed: library "/data/app/com.careerbuilder.SugarDrone-1/lib/arm/libaot-System.ObjectModel.dll.so" not found
D/Mono    ( 9783): AOT module '/Users/builder/data/lanes/4009/3a62f1ea/source/monodroid/builds/install/mono-armv6/lib/mono/aot-cache/arm/System.ObjectModel.dll.so' not found: dlopen failed: library "/data/app/com.careerbuilder.SugarDrone-1/lib/arm/libaot-System.ObjectModel.dll.so" not found
D/Mono    ( 9783): Config attempting to parse: 'System.ObjectModel.dll.config'.
D/Mono    ( 9783): Config attempting to parse: '/Users/builder/data/lanes/4009/3a62f1ea/source/monodroid/builds/install/mono-armv6/etc/mono/assemblies/System.ObjectModel/System.ObjectModel.config'.
D/Mono    ( 9783): Assembly Ref addref Newtonsoft.Json[0xedbd4800] -> System.ObjectModel[0xccb7db00]: 2
D/Mono    ( 9783): Assembly Ref addref System.ObjectModel[0xccb7db00] -> System[0xedbd4ec0]: 7
D/Mono    ( 9783): Assembly Ref addref CareerBuilder_Search[0xedbd4bc0] -> System.Reactive.Core[0xedbd48c0]: 3
D/Mono    ( 9783): DllImport attempting to load: '__Internal'.
D/Mono    ( 9783): DllImport loaded library '(null)'.
D/Mono    ( 9783): DllImport searching in: '__Internal' ('(null)').
D/Mono    ( 9783): Searching for 'monodroid_get_system_property'.
D/Mono    ( 9783): Probing 'monodroid_get_system_property'.
D/Mono    ( 9783): Found as 'monodroid_get_system_property'.
D/Mono    ( 9783): DllImport searching in: '__Internal' ('(null)').
D/Mono    ( 9783): Searching for 'monodroid_free'.
D/Mono    ( 9783): Probing 'monodroid_free'.
D/Mono    ( 9783): Found as 'monodroid_free'.
D/Mono    ( 9783): Assembly Ref addref CareerBuilder_Search.Droid[0xedb99160] -> Xamarin.Insights[0xedbd43e0]: 2
D/Mono    ( 9783): Assembly Ref addref Xamarin.Insights[0xedbd43e0] -> mscorlib[0xedb98fe0]: 39
D/Mono    ( 9783): Assembly Ref addref Xamarin.Insights[0xedbd43e0] -> Mono.Android[0xedbd4c20]: 19
D/Mono    ( 9783): Assembly Ref addref CareerBuilder_Search.Droid[0xedb99160] -> HockeySDK[0xedb992e0]: 2
D/Mono    ( 9783): Assembly Ref addref CareerBuilder_Search.Droid[0xedb99160] -> AppsFlyerXamarinBindingAndroid[0xedb99220]: 2
D/Mono    ( 9783): DllImport searching in: '__Internal' ('(null)').
D/Mono    ( 9783): Searching for 'java_interop_jnienv_get_static_field_id'.
D/Mono    ( 9783): Probing 'java_interop_jnienv_get_static_field_id'.
D/Mono    ( 9783): Found as 'java_interop_jnienv_get_static_field_id'.
D/Mono    ( 9783): DllImport searching in: '__Internal' ('(null)').
D/Mono    ( 9783): Searching for 'java_interop_jnienv_get_static_int_field'.
D/Mono    ( 9783): Probing 'java_interop_jnienv_get_static_int_field'.
D/Mono    ( 9783): Found as 'java_interop_jnienv_get_static_int_field'.
D/Mono    ( 9783): Assembly Ref addref Xamarin.Insights[0xedbd43e0] -> System.Core[0xedbd5220]: 8
D/Mono    ( 9783): DllImport searching in: '__Internal' ('(null)').
D/Mono    ( 9783): Searching for 'java_interop_jnienv_call_static_long_method_a'.
D/Mono    ( 9783): Probing 'java_interop_jnienv_call_static_long_method_a'.
D/Mono    ( 9783): Found as 'java_interop_jnienv_call_static_long_method_a'.
D/Mono    ( 9783): Assembly Ref addref Xamarin.Insights[0xedbd43e0] -> System[0xedbd4ec0]: 8
D/Mono    ( 9783): Assembly Ref addref Xamarin.Insights[0xedbd43e0] -> System.Net.Http[0xedbd5a60]: 4
I/System.out( 9783): URI: /map
I/System.out( 9783): params: {json={"query":"* id:'agreeAndContinueButton'","operation":{"method_name":"query","arguments":[]}}
I/System.out( 9783): }
W/ResourceType( 9783): No known package when getting name for resource number 0xffffffff
W/ResourceType( 9783): No known package when getting name for resource number 0xffffffff
W/ResourceType( 9783): No known package when getting name for resource number 0xffffffff
I/art     ( 9783): Starting a blocking GC Explicit
I/art     ( 9783): Explicit concurrent mark sweep GC freed 40481(1411KB) AllocSpace objects, 7(140KB) LOS objects, 40% free, 5MB/9MB, paused 345us total 31.874ms
W/NetworkIdentity(  872): Active mobile network without subscriber!
W/NetworkIdentity(  872): Active mobile network without subscriber!
W/NetworkIdentity(  872): Active mobile network without subscriber!
W/NetworkIdentity(  872): Active mobile network without subscriber!
W/NetworkIdentity(  872): Active mobile network without subscriber!
W/NetworkIdentity(  872): Active mobile network without subscriber!
W/NetworkIdentity(  872): Active mobile network without subscriber!
W/NetworkIdentity(  872): Active mobile network without subscriber!
W/NetworkIdentity(  872): Active mobile network without subscriber!
W/NetworkIdentity(  872): Active mobile network without subscriber!
D/Mono    ( 9783): DllImport searching in: '__Internal' ('(null)').
D/Mono    ( 9783): Searching for 'java_interop_jnienv_get_object_array_element'.
D/Mono    ( 9783): Probing 'java_interop_jnienv_get_object_array_element'.
D/Mono    ( 9783): Found as 'java_interop_jnienv_get_object_array_element'.
D/Mono    ( 9783): DllImport searching in: '__Internal' ('(null)').
D/Mono    ( 9783): Searching for 'java_interop_jnienv_call_boolean_method_a'.
D/Mono    ( 9783): Probing 'java_interop_jnienv_call_boolean_method_a'.
D/Mono    ( 9783): Found as 'java_interop_jnienv_call_boolean_method_a'.
D/Mono    ( 9783): DllImport searching in: '__Internal' ('(null)').
D/Mono    ( 9783): Searching for 'java_interop_jnienv_call_int_method_a'.
D/Mono    ( 9783): Probing 'java_interop_jnienv_call_int_method_a'.
D/Mono    ( 9783): Found as 'java_interop_jnienv_call_int_method_a'.
W/NetworkIdentity(  872): Active mobile network without subscriber!
W/NetworkIdentity(  872): Active mobile network without subscriber!
W/NetworkIdentity(  872): Active mobile network without subscriber!
W/NetworkIdentity(  872): Active mobile network without subscriber!
W/NetworkIdentity(  872): Active mobile network without subscriber!
W/NetworkIdentity(  872): Active mobile network without subscriber!
W/NetworkIdentity(  872): Active mobile network without subscriber!
W/NetworkIdentity(  872): Active mobile network without subscriber!
W/NetworkIdentity(  872): Active mobile network without subscriber!
W/NetworkIdentity(  872): Active mobile network without subscriber!
D/Mono    ( 9783): DllImport searching in: '__Internal' ('(null)').
D/Mono    ( 9783): Searching for 'java_interop_jnienv_get_field_id'.
D/Mono    ( 9783): Probing 'java_interop_jnienv_get_field_id'.
D/Mono    ( 9783): Found as 'java_interop_jnienv_get_field_id'.
D/Mono    ( 9783): DllImport searching in: '__Internal' ('(null)').
D/Mono    ( 9783): Searching for 'java_interop_jnienv_get_object_field'.
D/Mono    ( 9783): Probing 'java_interop_jnienv_get_object_field'.
D/Mono    ( 9783): Found as 'java_interop_jnienv_get_object_field'.
D/Mono    ( 9783): DllImport searching in: '__Internal' ('(null)').
D/Mono    ( 9783): Searching for 'java_interop_jnienv_call_static_int_method_a'.
D/Mono    ( 9783): Probing 'java_interop_jnienv_call_static_int_method_a'.
D/Mono    ( 9783): Found as 'java_interop_jnienv_call_static_int_method_a'.
W/Xamarin.Insights( 9783): Warning: Insights data communication has been manually enabled
D/Mono    ( 9783): DllImport searching in: '__Internal' ('(null)').
D/Mono    ( 9783): Searching for 'java_interop_jnienv_get_static_object_field'.
D/Mono    ( 9783): Probing 'java_interop_jnienv_get_static_object_field'.
D/Mono    ( 9783): Found as 'java_interop_jnienv_get_static_object_field'.
I/System.out( 9783): URI: /map
I/System.out( 9783): params: {json={"query":"* id:'agreeAndContinueButton'","operation":{"method_name":"query","arguments":[]}}
I/System.out( 9783): }
D/Mono    ( 9783): DllImport searching in: '__Internal' ('(null)').
D/Mono    ( 9783): Searching for 'java_interop_jnienv_call_static_void_method'.
D/Mono    ( 9783): Probing 'java_interop_jnienv_call_static_void_method'.
D/Mono    ( 9783): Found as 'java_interop_jnienv_call_static_void_method'.
I/AppsFlyer_3.01( 9783): Start tracking package: com.careerbuilder.SugarDrone
I/AppsFlyer_3.01( 9783): AsendTrackingWithEvent from activity: md537fd6201b6818e2e180d2f7606e21a83.MainApplication
I/AppsFlyer_3.01-663275685( 9783): ******* sendTrackingWithEvent: Launch
I/GAv4    ( 9783): Google Analytics 8.4.87 is starting up. To enable debug logging on a device run:
I/GAv4    ( 9783):   adb shell setprop log.tag.GAv4 DEBUG
I/GAv4    ( 9783):   adb logcat -s GAv4
E/ActivityThread( 9783): Failed to find provider info for com.facebook.katana.provider.AttributionIdProvider
W/GAv4    ( 9783): AnalyticsReceiver is not registered or is disabled. Register the receiver for reliable dispatching on non-Google Play devices. See http://goo.gl/8Rd3yj for instructions.
W/ResourceType( 9783): No known package when getting name for resource number 0xffffffff
W/ResourceType( 9783): No known package when getting name for resource number 0xffffffff
W/ResourceType( 9783): No known package when getting name for resource number 0xffffffff
W/GAv4    ( 9783): CampaignTrackingReceiver is not registered, not exported or is disabled. Installation campaign tracking is not possible. See http://goo.gl/8Rd3yj for instructions.
I/AppsFlyer_3.01( 9783): WARNING:READ_PHONE_STATE is missing
D/Mono    ( 9783): DllImport searching in: '__Internal' ('(null)').
D/Mono    ( 9783): Searching for 'java_interop_jnienv_call_void_method_a'.
D/Mono    ( 9783): Probing 'java_interop_jnienv_call_void_method_a'.
D/Mono    ( 9783): Found as 'java_interop_jnienv_call_void_method_a'.
I/GAv4    ( 9783): Logger is deprecated. To enable debug logging, please run:
I/GAv4    ( 9783): adb shell setprop log.tag.GAv4 DEBUG
D/Mono    ( 9783): DllImport searching in: '__Internal' ('(null)').
D/Mono    ( 9783): Searching for 'java_interop_jnienv_new_local_ref'.
D/Mono    ( 9783): Probing 'java_interop_jnienv_new_local_ref'.
D/Mono    ( 9783): Found as 'java_interop_jnienv_new_local_ref'.
D/Mono    ( 9783): Assembly Ref addref Plugin.DeviceInfo[0xedbd3ba0] -> Mono.Android[0xedbd4c20]: 20
W/Xamarin.Insights( 9783): Warning: Insights data communication has been manually enabled
W/GAv4    ( 9783): AnalyticsService not registered in the app manifest. Hits might not be delivered reliably. See http://goo.gl/8Rd3yj for instructions.
I/AppsFlyer_3.01( 9783): Start tracking package: com.careerbuilder.SugarDrone
I/AppsFlyer_3.01( 9783): AsendTrackingWithEvent from activity: md537fd6201b6818e2e180d2f7606e21a83.MainApplication
