<![CDATA[
]]><xtc-scenario name="[0-1034]CareerBuilder_Search.DroidFeatureTests.JDPTests.ExternalApplyButtonOpensDialogueWithTitle" id="[0-1034]CareerBuilder_Search.DroidFeatureTests.JDPTests.ExternalApplyButtonOpensDialogueWithTitle"><![CDATA[

]]><xtc-step name="[0-1034]CareerBuilder_Search.DroidFeatureTests.JDPTests.ExternalApplyButtonOpensDialogueWithTitle-ExternalApplyButtonOpensDialogueWithTitle" id="[0-1034]CareerBuilder_Search.DroidFeatureTests.JDPTests.ExternalApplyButtonOpensDialogueWithTitle-ExternalApplyButtonOpensDialogueWithTitle"><![CDATA[
D/AndroidRuntime( 8034): >>>>>> START com.android.internal.os.RuntimeInit uid 2000 <<<<<<
D/AndroidRuntime( 8034): CheckJNI is OFF
D/ICU     ( 8034): No timezone override file found: /data/misc/zoneinfo/current/icu/icu_tzdata.dat
I/Radio-JNI( 8034): register_android_hardware_Radio DONE
D/AndroidRuntime( 8034): Calling main entry com.android.commands.pm.Pm
I/art     ( 8034): System.exit called, status: 0
I/AndroidRuntime( 8034): VM exiting with result code 0.
W/MessageQueue( 8034): Handler (android.os.Handler) {96c706d} sending message to a Handler on a dead thread
W/MessageQueue( 8034): java.lang.IllegalStateException: Handler (android.os.Handler) {96c706d} sending message to a Handler on a dead thread
W/MessageQueue( 8034): 	at android.os.MessageQueue.enqueueMessage(MessageQueue.java:543)
W/MessageQueue( 8034): 	at android.os.Handler.enqueueMessage(Handler.java:643)
W/MessageQueue( 8034): 	at android.os.Handler.sendMessageAtTime(Handler.java:612)
W/MessageQueue( 8034): 	at android.os.Handler.sendMessageDelayed(Handler.java:582)
W/MessageQueue( 8034): 	at android.os.Handler.post(Handler.java:338)
W/MessageQueue( 8034): 	at android.os.ResultReceiver$MyResultReceiver.send(ResultReceiver.java:57)
W/MessageQueue( 8034): 	at com.android.internal.os.IResultReceiver$Stub.onTransact(IResultReceiver.java:58)
W/MessageQueue( 8034): 	at android.os.Binder.execTransact(Binder.java:565)
D/AndroidRuntime( 8154): >>>>>> START com.android.internal.os.RuntimeInit uid 2000 <<<<<<
D/AndroidRuntime( 8154): CheckJNI is OFF
D/ICU     ( 8154): No timezone override file found: /data/misc/zoneinfo/current/icu/icu_tzdata.dat
I/Radio-JNI( 8154): register_android_hardware_Radio DONE
D/AndroidRuntime( 8154): Calling main entry com.android.commands.am.Am
--------- beginning of system
W/ActivityManager(  870): Invalid packageName: com.careerbuilder.SugarDrone
D/AndroidRuntime( 8154): Shutting down VM
I/ActivityManager(  870): Killing 5729:com.android.defcontainer/u0a11 (adj 906): empty #17
I/ActivityManager(  870): Killing 6843:com.google.process.gapps/u0a56 (adj 906): empty #18
I/ActivityManager(  870): Killing 6739:com.android.chrome/u0a48 (adj 906): empty #19
D/AndroidRuntime( 8583): >>>>>> START com.android.internal.os.RuntimeInit uid 2000 <<<<<<
D/AndroidRuntime( 8583): CheckJNI is OFF
D/ICU     ( 8583): No timezone override file found: /data/misc/zoneinfo/current/icu/icu_tzdata.dat
I/Radio-JNI( 8583): register_android_hardware_Radio DONE
D/AndroidRuntime( 8583): Calling main entry com.android.commands.pm.Pm
I/        (  508): free_cache(71725114) avail 10848448512
I/ActivityManager(  870): Start proc 8633:com.android.defcontainer/u0a11 for service com.android.defcontainer/.DefaultContainerService
I/ActivityManager(  870): Start proc 8648:com.android.vending/u0a30 for broadcast com.android.vending/com.google.android.vending.verifier.PackageVerificationReceiver
W/System  ( 8648): ClassLoader referenced unknown path: /system/priv-app/Phonesky/lib/arm64
W/Finsky  ( 8648): [1] com.google.android.finsky.FinskyApp.i(1468): No account configured on this device.
W/Finsky  ( 8648): [1] com.google.android.finsky.FinskyApp.i(1468): No account configured on this device.
W/Finsky  ( 8648): [1] com.google.android.finsky.FinskyApp.i(1468): No account configured on this device.
W/Finsky  ( 8648): [1] com.google.android.finsky.FinskyApp.i(1468): No account configured on this device.
I/Finsky  ( 8648): [1] com.google.android.finsky.FinskyApp.onCreate(430): Initializing network with DFE https://android.clients.google.com/fdfe/
W/Finsky  ( 8648): [1] com.google.android.finsky.FinskyApp.i(1468): No account configured on this device.
W/Finsky  ( 8648): [1] com.google.android.finsky.FinskyApp.i(1468): No account configured on this device.
W/Finsky  ( 8648): [1] com.google.android.finsky.FinskyApp.i(1468): No account configured on this device.
W/Finsky  ( 8648): [1] com.google.android.finsky.FinskyApp.i(1468): No account configured on this device.
W/Finsky  ( 8648): [1] com.google.android.finsky.FinskyApp.i(1468): No account configured on this device.
W/Finsky  ( 8648): [1] com.google.android.finsky.FinskyApp.i(1468): No account configured on this device.
W/Finsky  ( 8648): [1] com.google.android.finsky.FinskyApp.i(1468): No account configured on this device.
W/Finsky  ( 8648): [1] com.google.android.finsky.FinskyApp.i(1468): No account configured on this device.
W/Finsky  ( 8648): [1] com.google.android.finsky.FinskyApp.i(1468): No account configured on this device.
I/Finsky  ( 8648): [1] com.google.android.finsky.services.DailyHygiene.a(171): No need to run daily hygiene.
W/Finsky  ( 8648): [1] com.google.android.finsky.FinskyApp.i(1468): No account configured on this device.
W/Settings( 8648): Setting download_manager_max_bytes_over_mobile has moved from android.provider.Settings.Secure to android.provider.Settings.Global.
W/Settings( 8648): Setting download_manager_recommended_max_bytes_over_mobile has moved from android.provider.Settings.Secure to android.provider.Settings.Global.
W/Finsky  ( 8648): [1] com.google.android.finsky.FinskyApp.i(1468): No account configured on this device.
W/Finsky  ( 8648): [1] com.google.android.finsky.FinskyApp.i(1468): No account configured on this device.
W/Finsky  ( 8648): [1] com.google.android.finsky.FinskyApp.i(1468): No account configured on this device.
W/Finsky  ( 8648): [1] com.google.android.finsky.FinskyApp.i(1468): No account configured on this device.
W/Finsky  ( 8648): [1] com.google.android.finsky.FinskyApp.i(1468): No account configured on this device.
W/Finsky  ( 8648): [1] com.google.android.finsky.FinskyApp.b(1150): No account configured on this device.
W/Finsky  ( 8648): [1] com.google.android.finsky.FinskyApp.i(1468): No account configured on this device.
I/Finsky  ( 8648): [1] com.google.android.vending.verifier.PackageVerificationReceiver.onReceive(2107): Skipping verification. Disabled by user setting
W/Finsky  ( 8648): [377] com.google.android.finsky.FinskyApp.i(1468): No account configured on this device.
I/ActivityManager(  870): Killing 5753:com.android.musicfx/u0a29 (adj 906): empty #17
I/Finsky  ( 8648): [1] com.google.android.finsky.receivers.j.a(1226): Installer kick - no action, not running yet
I/Finsky  ( 8648): [1] com.google.android.finsky.c.l.a(270): result=false type=4
I/PackageManager.DexOptimizer(  870): Running dexopt (dex2oat) on: /data/app/vmdl1755162163.tmp/base.apk pkg=com.careerbuilder.SugarDrone isa=arm vmSafeMode=false debuggable=true target-filter=interpret-only oatDir = /data/app/vmdl1755162163.tmp/oat sharedLibraries=null
I/Finsky  ( 8648): [1] com.google.android.finsky.services.bc.a(1050): Restore complete with 0 success and 0 failed.
W/Finsky  ( 8648): [377] com.google.android.finsky.FinskyApp.i(1468): No account configured on this device.
I/dex2oat ( 8698): /system/bin/dex2oat --compiler-filter=interpret-only -j4 --debuggable
W/dex2oat ( 8698): Before Android 4.1, method android.graphics.PorterDuffColorFilter android.support.graphics.drawable.VectorDrawableCompat.updateTintFilter(android.graphics.PorterDuffColorFilter, android.content.res.ColorStateList, android.graphics.PorterDuff$Mode) would have incorrectly overridden the package-private method in android.graphics.drawable.Drawable
W/dex2oat ( 8698): Before Android 4.1, method int android.support.v7.widget.ListViewCompat.lookForSelectablePosition(int, boolean) would have incorrectly overridden the package-private method in android.widget.ListView
I/dex2oat ( 8698): dex2oat took 2.003s (threads: 4) arena alloc=12KB (13024B) java alloc=4MB (5077184B) native alloc=6MB (7320640B) free=2MB (2640832B)
W/PackageManager(  870): Not granting permission android.permission.MANAGE_DOCUMENTS to package com.careerbuilder.SugarDrone (protectionLevel=2 flags=0x3808be46)
W/PackageManager(  870): Not granting permission android.permission.MOUNT_UNMOUNT_FILESYSTEMS to package com.careerbuilder.SugarDrone (protectionLevel=18 flags=0x3808be46)
V/BackupManagerService(  870): restoreAtInstall pkg=com.careerbuilder.SugarDrone token=5 restoreSet=0
V/BackupManagerService(  870): Finishing install immediately
I/art     (  870): Starting a blocking GC Explicit
I/ActivityManager(  870): Killing 5791:com.google.android.apps.docs/u0a52 (adj 906): empty #17
I/art     (  870): Explicit concurrent mark sweep GC freed 111205(6MB) AllocSpace objects, 12(512KB) LOS objects, 33% free, 16MB/24MB, paused 1.684ms total 128.439ms
E/        (  508): Couldn't opendir /data/app/vmdl1755162163.tmp: No such file or directory
I/InputReader(  870): Reconfiguring input devices.  changes=0x00000010
I/art     ( 8583): System.exit called, status: 0
I/AndroidRuntime( 8583): VM exiting with result code 0.
I/ActivityManager(  870): Start proc 8746:com.android.musicfx/u0a29 for broadcast com.android.musicfx/.Compatibility$Receiver
W/ActivityManager(  870): Permission Denial: Accessing service ComponentInfo{com.google.android.music/com.google.android.music.dial.DialMediaRouteProviderService} from pid=5205, uid=10085 that is not exported from uid 10071
D/CarrierSvcBindHelper( 3118): No carrier app for: 0
D/CarrierConfigLoader( 3118): mHandler: 9 phoneId: 0
W/System  ( 8746): ClassLoader referenced unknown path: /system/priv-app/MusicFX/lib/arm64
D/RegisteredNfcFServicesCache( 4052): Service unchanged, not updating
I/Finsky  ( 8648): [1] com.google.android.finsky.utils.PermissionPolicies$PermissionPolicyService.onStartCommand(117): post-install permissions check for com.careerbuilder.SugarDrone
W/Finsky  ( 8648): [1] com.google.android.finsky.FinskyApp.i(1468): No account configured on this device.
I/ActivityManager(  870): Start proc 8767:com.google.android.apps.docs/u0a52 for broadcast com.google.android.apps.docs/.receivers.AppPackageAddRemoveReceiver
I/Finsky  ( 8648): [1] com.google.android.finsky.utils.bh.run(2302): Package state data is missing for com.careerbuilder.SugarDrone
W/Finsky  ( 8648): [1] com.google.android.finsky.FinskyApp.i(1468): No account configured on this device.
I/ActivityManager(  870): Killing 5841:com.google.android.partnersetup/u0a25 (adj 906): empty #17
W/System  ( 8767): ClassLoader referenced unknown path: /system/app/Drive/lib/arm64
I/GAv4    ( 8767): Google Analytics 8.4.87 is starting up. To enable debug logging on a device run:
I/GAv4    ( 8767):   adb shell setprop log.tag.GAv4 DEBUG
I/GAv4    ( 8767):   adb logcat -s GAv4
W/GAv4    ( 8767): AnalyticsReceiver is not registered or is disabled. Register the receiver for reliable dispatching on non-Google Play devices. See http://goo.gl/8Rd3yj for instructions.
W/GAv4    ( 8767): CampaignTrackingReceiver is not registered, not exported or is disabled. Installation campaign tracking is not possible. See http://goo.gl/8Rd3yj for instructions.
W/GAv4    ( 8767): AnalyticsService not registered in the app manifest. Hits might not be delivered reliably. See http://goo.gl/8Rd3yj for instructions.
I/ActivityManager(  870): Killing 7416:com.google.android.gms.unstable/u0a18 (adj 906): empty #17
I/UpdateIcingCorporaServi( 4160): Updating corpora: APPS=com.careerbuilder.SugarDrone, CONTACTS=MAYBE
I/ActivityManager(  870): Start proc 8818:com.google.android.partnersetup/u0a25 for broadcast com.google.android.partnersetup/.RlzPingBroadcastReceiver
D/Wear_Controller( 4309): Received broadcast action=android.intent.action.PACKAGE_ADDED and uri=com.careerbuilder.SugarDrone
I/PeopleContactsSync( 4309): triggerPendingContactsCleanup: no accounts
W/System  ( 8818): ClassLoader referenced unknown path: /system/priv-app/GooglePartnerSetup/lib/arm64
W/IcingInternalCorpora( 4309): getNumBytesRead when not calculated.
I/Icing   ( 4309): Usage reports 0 indexed 0 rejected 0 imm upload false
I/Icing   ( 4309): Usage reports 0 indexed 0 rejected 0 imm upload true
I/Icing   ( 4309): Usage reports 0 indexed 0 rejected 0 imm upload false
I/UpdateIcingCorporaServi( 4160): UpdateCorporaTask done [took 201 ms] updated apps [took 201 ms] 
D/AndroidRuntime( 8788): >>>>>> START com.android.internal.os.RuntimeInit uid 2000 <<<<<<
D/AndroidRuntime( 8788): CheckJNI is OFF
D/ICU     ( 8788): No timezone override file found: /data/misc/zoneinfo/current/icu/icu_tzdata.dat
I/Radio-JNI( 8788): register_android_hardware_Radio DONE
D/AndroidRuntime( 8788): Calling main entry com.android.commands.settings.SettingsCmd
D/AndroidRuntime( 8788): Shutting down VM
D/AndroidRuntime( 8855): >>>>>> START com.android.internal.os.RuntimeInit uid 2000 <<<<<<
D/AndroidRuntime( 8855): CheckJNI is OFF
D/ICU     ( 8855): No timezone override file found: /data/misc/zoneinfo/current/icu/icu_tzdata.dat
I/Icing   ( 4309): Indexing 9DCF3645595342548DD84D636A590C4D536A835D from com.google.android.googlequicksearchbox
I/Radio-JNI( 8855): register_android_hardware_Radio DONE
D/AndroidRuntime( 8855): Calling main entry com.android.commands.settings.SettingsCmd
I/Icing   ( 4309): Indexing A2F718106598400F6D2BFCAAC5AAD1AFFDB81829 from com.google.android.gms
D/AndroidRuntime( 8855): Shutting down VM
I/Icing   ( 4309): Indexing done 9DCF3645595342548DD84D636A590C4D536A835D
I/Icing   ( 4309): Indexing done A2F718106598400F6D2BFCAAC5AAD1AFFDB81829
D/AndroidRuntime( 8882): >>>>>> START com.android.internal.os.RuntimeInit uid 2000 <<<<<<
D/AndroidRuntime( 8882): CheckJNI is OFF
D/ICU     ( 8882): No timezone override file found: /data/misc/zoneinfo/current/icu/icu_tzdata.dat
I/Radio-JNI( 8882): register_android_hardware_Radio DONE
D/AndroidRuntime( 8882): Calling main entry com.android.commands.settings.SettingsCmd
D/AndroidRuntime( 8882): Shutting down VM
D/AndroidRuntime( 8910): >>>>>> START com.android.internal.os.RuntimeInit uid 2000 <<<<<<
D/AndroidRuntime( 8910): CheckJNI is OFF
D/ICU     ( 8910): No timezone override file found: /data/misc/zoneinfo/current/icu/icu_tzdata.dat
I/Radio-JNI( 8910): register_android_hardware_Radio DONE
D/AndroidRuntime( 8910): Calling main entry com.android.commands.settings.SettingsCmd
D/AndroidRuntime( 8910): Shutting down VM
D/AndroidRuntime( 8934): >>>>>> START com.android.internal.os.RuntimeInit uid 2000 <<<<<<
D/AndroidRuntime( 8934): CheckJNI is OFF
D/ICU     ( 8934): No timezone override file found: /data/misc/zoneinfo/current/icu/icu_tzdata.dat
I/Radio-JNI( 8934): register_android_hardware_Radio DONE
D/AndroidRuntime( 8934): Calling main entry com.android.commands.settings.SettingsCmd
D/AndroidRuntime( 8934): Shutting down VM
D/AndroidRuntime( 8965): >>>>>> START com.android.internal.os.RuntimeInit uid 2000 <<<<<<
D/AndroidRuntime( 8965): CheckJNI is OFF
D/ICU     ( 8965): No timezone override file found: /data/misc/zoneinfo/current/icu/icu_tzdata.dat
I/Radio-JNI( 8965): register_android_hardware_Radio DONE
D/AndroidRuntime( 8965): Calling main entry com.android.commands.pm.Pm
I/art     ( 8965): System.exit called, status: 0
I/AndroidRuntime( 8965): VM exiting with result code 0.
W/MessageQueue( 8965): Handler (android.os.Handler) {676b63} sending message to a Handler on a dead thread
W/MessageQueue( 8965): java.lang.IllegalStateException: Handler (android.os.Handler) {676b63} sending message to a Handler on a dead thread
W/MessageQueue( 8965): 	at android.os.MessageQueue.enqueueMessage(MessageQueue.java:543)
W/MessageQueue( 8965): 	at android.os.Handler.enqueueMessage(Handler.java:643)
W/MessageQueue( 8965): 	at android.os.Handler.sendMessageAtTime(Handler.java:612)
W/MessageQueue( 8965): 	at android.os.Handler.sendMessageDelayed(Handler.java:582)
W/MessageQueue( 8965): 	at android.os.Handler.post(Handler.java:338)
W/MessageQueue( 8965): 	at android.os.ResultReceiver$MyResultReceiver.send(ResultReceiver.java:57)
W/MessageQueue( 8965): 	at com.android.internal.os.IResultReceiver$Stub.onTransact(IResultReceiver.java:58)
W/MessageQueue( 8965): 	at android.os.Binder.execTransact(Binder.java:565)
D/AndroidRuntime( 9024): >>>>>> START com.android.internal.os.RuntimeInit uid 2000 <<<<<<
D/AndroidRuntime( 9024): CheckJNI is OFF
D/ICU     ( 9024): No timezone override file found: /data/misc/zoneinfo/current/icu/icu_tzdata.dat
I/Radio-JNI( 9024): register_android_hardware_Radio DONE
D/AndroidRuntime( 9024): Calling main entry com.android.commands.pm.Pm
W/MessageQueue( 9024): Handler (android.os.Handler) {34b441a} sending message to a Handler on a dead thread
W/MessageQueue( 9024): java.lang.IllegalStateException: Handler (android.os.Handler) {34b441a} sending message to a Handler on a dead thread
W/MessageQueue( 9024): 	at android.os.MessageQueue.enqueueMessage(MessageQueue.java:543)
W/MessageQueue( 9024): 	at android.os.Handler.enqueueMessage(Handler.java:643)
W/MessageQueue( 9024): 	at android.os.Handler.sendMessageAtTime(Handler.java:612)
W/MessageQueue( 9024): 	at android.os.Handler.sendMessageDelayed(Handler.java:582)
W/MessageQueue( 9024): 	at android.os.Handler.post(Handler.java:338)
W/MessageQueue( 9024): 	at android.os.ResultReceiver$MyResultReceiver.send(ResultReceiver.java:57)
W/MessageQueue( 9024): 	at com.android.internal.os.IResultReceiver$Stub.onTransact(IResultReceiver.java:58)
W/MessageQueue( 9024): 	at android.os.Binder.execTransact(Binder.java:565)
I/art     ( 9024): System.exit called, status: 0
I/AndroidRuntime( 9024): VM exiting with result code 0.
I/rmt_storage(  396): rmt_storage_connect_cb: clnt_h=0xc conn_h=0x7a53c2a000
I/rmt_storage(  396): rmt_storage_rw_iovec_cb: /boot/modem_fs1: clnt_h=0xc: req_h=0xc msg_id=3: R/W request received
I/rmt_storage(  396): wakelock acquired: 1, error no: 42
I/rmt_storage(  396): rmt_storage_client_thread: /boot/modem_fs1: clnt_h=0xc Unblock worker thread (th_id: 525390836816)
I/rmt_storage(  396): rmt_storage_client_thread: /boot/modem_fs1: clnt_h=0xc: req_h=0xc msg_id=3: Bytes written = 1572864
I/rmt_storage(  396): rmt_storage_client_thread: /boot/modem_fs1: clnt_h=0xc: req_h=0xc msg_id=3: Send response: res=0 err=0
I/rmt_storage(  396): rmt_storage_client_thread: /boot/modem_fs1: clnt_h=0xc About to block rmt_storage client thread (th_id: 525390836816) wakelock released: 1, error no: 22
I/rmt_storage(  396): 
I/rmt_storage(  396): rmt_storage_disconnect_cb: clnt_h=0xc conn_h=0x7a53c2a000
D/AndroidRuntime( 9105): >>>>>> START com.android.internal.os.RuntimeInit uid 2000 <<<<<<
D/AndroidRuntime( 9105): CheckJNI is OFF
D/ICU     ( 9105): No timezone override file found: /data/misc/zoneinfo/current/icu/icu_tzdata.dat
I/Radio-JNI( 9105): register_android_hardware_Radio DONE
D/AndroidRuntime( 9105): Calling main entry com.android.commands.am.Am
W/ActivityManager(  870): Invalid packageName: com.careerbuilder.SugarDrone.test
D/AndroidRuntime( 9105): Shutting down VM
D/AndroidRuntime( 9137): >>>>>> START com.android.internal.os.RuntimeInit uid 2000 <<<<<<
D/AndroidRuntime( 9137): CheckJNI is OFF
D/ICU     ( 9137): No timezone override file found: /data/misc/zoneinfo/current/icu/icu_tzdata.dat
I/Radio-JNI( 9137): register_android_hardware_Radio DONE
D/AndroidRuntime( 9137): Calling main entry com.android.commands.pm.Pm
I/        (  508): free_cache(609973) avail 10836594688
I/Finsky  ( 8648): [1] com.google.android.vending.verifier.PackageVerificationReceiver.onReceive(2107): Skipping verification. Disabled by user setting
I/PackageManager.DexOptimizer(  870): Running dexopt (dex2oat) on: /data/app/vmdl374187776.tmp/base.apk pkg=com.careerbuilder.SugarDrone.test isa=arm64 vmSafeMode=false debuggable=false target-filter=interpret-only oatDir = /data/app/vmdl374187776.tmp/oat sharedLibraries=/system/framework/android.test.runner.jar:/system/framework/com.google.android.maps.jar
I/dex2oat ( 9165): /system/bin/dex2oat --compiler-filter=interpret-only -j4
V/JNIHelp ( 8767): Registering com/google/android/gms/org/conscrypt/NativeCrypto's 242 native methods...
D/NetworkSecurityConfig( 8767): No Network Security Config specified, using platform default
I/ProviderInstaller( 8767): Installed default security provider GmsCore_OpenSSL
I/dex2oat ( 9165): dex2oat took 675.138ms (threads: 4) arena alloc=184KB (188728B) java alloc=2MB (2273200B) native alloc=2MB (2698168B) free=2MB (2544712B)
W/PackageManager(  870): Not granting permission android.permission.ACCESS_MOCK_LOCATION to package com.careerbuilder.SugarDrone.test (protectionLevel=2 flags=0x1800be44)
V/BackupManagerService(  870): restoreAtInstall pkg=com.careerbuilder.SugarDrone.test token=6 restoreSet=0
V/BackupManagerService(  870): Finishing install immediately
I/art     (  870): Starting a blocking GC Explicit
I/art     (  870): Explicit concurrent mark sweep GC freed 66113(4MB) AllocSpace objects, 57(2MB) LOS objects, 33% free, 15MB/23MB, paused 1.691ms total 118.528ms
E/        (  508): Couldn't opendir /data/app/vmdl374187776.tmp: No such file or directory
I/art     ( 9137): System.exit called, status: 0
I/AndroidRuntime( 9137): VM exiting with result code 0.
W/ActivityManager(  870): Permission Denial: Accessing service ComponentInfo{com.google.android.music/com.google.android.music.dial.DialMediaRouteProviderService} from pid=5205, uid=10085 that is not exported from uid 10071
I/InputReader(  870): Reconfiguring input devices.  changes=0x00000010
D/CarrierSvcBindHelper( 3118): No carrier app for: 0
D/CarrierConfigLoader( 3118): mHandler: 9 phoneId: 0
D/RegisteredNfcFServicesCache( 4052): Service unchanged, not updating
I/Finsky  ( 8648): [1] com.google.android.finsky.utils.PermissionPolicies$PermissionPolicyService.onStartCommand(117): post-install permissions check for com.careerbuilder.SugarDrone.test
W/Finsky  ( 8648): [1] com.google.android.finsky.FinskyApp.i(1468): No account configured on this device.
I/UpdateIcingCorporaServi( 4160): Updating corpora: APPS=com.careerbuilder.SugarDrone.test, CONTACTS=MAYBE
I/Finsky  ( 8648): [1] com.google.android.finsky.utils.bh.run(2302): Package state data is missing for com.careerbuilder.SugarDrone.test
W/Finsky  ( 8648): [1] com.google.android.finsky.FinskyApp.i(1468): No account configured on this device.
I/UpdateIcingCorporaServi( 4160): UpdateCorporaTask done [took 38 ms] updated apps [took 38 ms] 
D/Wear_Controller( 4309): Received broadcast action=android.intent.action.PACKAGE_ADDED and uri=com.careerbuilder.SugarDrone.test
I/PeopleContactsSync( 4309): triggerPendingContactsCleanup: no accounts
W/IcingInternalCorpora( 4309): getNumBytesRead when not calculated.
I/Icing   ( 4309): Usage reports 0 indexed 0 rejected 0 imm upload false
I/Icing   ( 4309): Usage reports 0 indexed 0 rejected 0 imm upload false
D/AndroidRuntime( 9215): >>>>>> START com.android.internal.os.RuntimeInit uid 2000 <<<<<<
D/AndroidRuntime( 9215): CheckJNI is OFF
D/ICU     ( 9215): No timezone override file found: /data/misc/zoneinfo/current/icu/icu_tzdata.dat
I/Radio-JNI( 9215): register_android_hardware_Radio DONE
D/AndroidRuntime( 9215): Calling main entry com.android.commands.settings.SettingsCmd
D/AndroidRuntime( 9215): Shutting down VM
I/Icing   ( 4309): Indexing A2F718106598400F6D2BFCAAC5AAD1AFFDB81829 from com.google.android.gms
I/Icing   ( 4309): Indexing done A2F718106598400F6D2BFCAAC5AAD1AFFDB81829
D/AndroidRuntime( 9240): >>>>>> START com.android.internal.os.RuntimeInit uid 2000 <<<<<<
D/AndroidRuntime( 9240): CheckJNI is OFF
D/ICU     ( 9240): No timezone override file found: /data/misc/zoneinfo/current/icu/icu_tzdata.dat
I/Radio-JNI( 9240): register_android_hardware_Radio DONE
D/AndroidRuntime( 9240): Calling main entry com.android.commands.settings.SettingsCmd
D/AndroidRuntime( 9240): Shutting down VM
D/AndroidRuntime( 9268): >>>>>> START com.android.internal.os.RuntimeInit uid 2000 <<<<<<
D/AndroidRuntime( 9268): CheckJNI is OFF
D/ICU     ( 9268): No timezone override file found: /data/misc/zoneinfo/current/icu/icu_tzdata.dat
I/Radio-JNI( 9268): register_android_hardware_Radio DONE
D/AndroidRuntime( 9268): Calling main entry com.android.commands.settings.SettingsCmd
D/AndroidRuntime( 9268): Shutting down VM
D/AndroidRuntime( 9294): >>>>>> START com.android.internal.os.RuntimeInit uid 2000 <<<<<<
D/AndroidRuntime( 9294): CheckJNI is OFF
D/ICU     ( 9294): No timezone override file found: /data/misc/zoneinfo/current/icu/icu_tzdata.dat
I/Radio-JNI( 9294): register_android_hardware_Radio DONE
D/AndroidRuntime( 9294): Calling main entry com.android.commands.settings.SettingsCmd
D/AndroidRuntime( 9294): Shutting down VM
D/AndroidRuntime( 9318): >>>>>> START com.android.internal.os.RuntimeInit uid 2000 <<<<<<
D/AndroidRuntime( 9318): CheckJNI is OFF
D/ICU     ( 9318): No timezone override file found: /data/misc/zoneinfo/current/icu/icu_tzdata.dat
I/Radio-JNI( 9318): register_android_hardware_Radio DONE
D/AndroidRuntime( 9318): Calling main entry com.android.commands.settings.SettingsCmd
D/AndroidRuntime( 9318): Shutting down VM
D/AndroidRuntime( 9351): >>>>>> START com.android.internal.os.RuntimeInit uid 2000 <<<<<<
D/AndroidRuntime( 9351): CheckJNI is OFF
D/ICU     ( 9351): No timezone override file found: /data/misc/zoneinfo/current/icu/icu_tzdata.dat
I/Radio-JNI( 9351): register_android_hardware_Radio DONE
D/AndroidRuntime( 9351): Calling main entry com.android.commands.pm.Pm
I/art     ( 9351): System.exit called, status: 0
I/AndroidRuntime( 9351): VM exiting with result code 0.
W/MessageQueue( 9351): Handler (android.os.Handler) {798167c} sending message to a Handler on a dead thread
W/MessageQueue( 9351): java.lang.IllegalStateException: Handler (android.os.Handler) {798167c} sending message to a Handler on a dead thread
W/MessageQueue( 9351): 	at android.os.MessageQueue.enqueueMessage(MessageQueue.java:543)
W/MessageQueue( 9351): 	at android.os.Handler.enqueueMessage(Handler.java:643)
W/MessageQueue( 9351): 	at android.os.Handler.sendMessageAtTime(Handler.java:612)
W/MessageQueue( 9351): 	at android.os.Handler.sendMessageDelayed(Handler.java:582)
W/MessageQueue( 9351): 	at android.os.Handler.post(Handler.java:338)
W/MessageQueue( 9351): 	at android.os.ResultReceiver$MyResultReceiver.send(ResultReceiver.java:57)
W/MessageQueue( 9351): 	at com.android.internal.os.IResultReceiver$Stub.onTransact(IResultReceiver.java:58)
W/MessageQueue( 9351): 	at android.os.Binder.execTransact(Binder.java:565)
D/AndroidRuntime( 9407): >>>>>> START com.android.internal.os.RuntimeInit uid 2000 <<<<<<
D/AndroidRuntime( 9407): CheckJNI is OFF
D/ICU     ( 9407): No timezone override file found: /data/misc/zoneinfo/current/icu/icu_tzdata.dat
I/Radio-JNI( 9407): register_android_hardware_Radio DONE
D/AndroidRuntime( 9407): Calling main entry com.android.commands.pm.Pm
I/art     ( 9407): System.exit called, status: 0
I/AndroidRuntime( 9407): VM exiting with result code 0.
W/MessageQueue( 9407): Handler (android.os.Handler) {a7bef33} sending message to a Handler on a dead thread
W/MessageQueue( 9407): java.lang.IllegalStateException: Handler (android.os.Handler) {a7bef33} sending message to a Handler on a dead thread
W/MessageQueue( 9407): 	at android.os.MessageQueue.enqueueMessage(MessageQueue.java:543)
W/MessageQueue( 9407): 	at android.os.Handler.enqueueMessage(Handler.java:643)
W/MessageQueue( 9407): 	at android.os.Handler.sendMessageAtTime(Handler.java:612)
W/MessageQueue( 9407): 	at android.os.Handler.sendMessageDelayed(Handler.java:582)
W/MessageQueue( 9407): 	at android.os.Handler.post(Handler.java:338)
W/MessageQueue( 9407): 	at android.os.ResultReceiver$MyResultReceiver.send(ResultReceiver.java:57)
W/MessageQueue( 9407): 	at com.android.internal.os.IResultReceiver$Stub.onTransact(IResultReceiver.java:58)
W/MessageQueue( 9407): 	at android.os.Binder.execTransact(Binder.java:565)
I/ThermalEngine(  501): ACTION: Hotplugged OFF CPU[5]
I/ThermalEngine(  501): ACTION: Hotplugged OFF CPU[4]
D/AndroidRuntime( 9482): >>>>>> START com.android.internal.os.RuntimeInit uid 2000 <<<<<<
D/AndroidRuntime( 9482): CheckJNI is OFF
D/ICU     ( 9482): No timezone override file found: /data/misc/zoneinfo/current/icu/icu_tzdata.dat
I/Radio-JNI( 9482): register_android_hardware_Radio DONE
D/AndroidRuntime( 9482): Calling main entry com.android.commands.input.Input
I/Input   ( 9482): injectKeyEvent: KeyEvent { action=ACTION_DOWN, keyCode=KEYCODE_BACK, scanCode=0, metaState=0, flags=0x0, repeatCount=0, eventTime=454978, downTime=454978, deviceId=-1, source=0x101 }
I/Input   ( 9482): injectKeyEvent: KeyEvent { action=ACTION_UP, keyCode=KEYCODE_BACK, scanCode=0, metaState=0, flags=0x0, repeatCount=0, eventTime=454978, downTime=454978, deviceId=-1, source=0x101 }
D/AndroidRuntime( 9482): Shutting down VM
D/AndroidRuntime( 9539): >>>>>> START com.android.internal.os.RuntimeInit uid 2000 <<<<<<
D/AndroidRuntime( 9539): CheckJNI is OFF
D/ICU     ( 9539): No timezone override file found: /data/misc/zoneinfo/current/icu/icu_tzdata.dat
I/Radio-JNI( 9539): register_android_hardware_Radio DONE
D/AndroidRuntime( 9539): Calling main entry com.android.commands.input.Input
I/Input   ( 9539): injectKeyEvent: KeyEvent { action=ACTION_DOWN, keyCode=KEYCODE_HOME, scanCode=0, metaState=0, flags=0x0, repeatCount=0, eventTime=456842, downTime=456842, deviceId=-1, source=0x101 }
I/Input   ( 9539): injectKeyEvent: KeyEvent { action=ACTION_UP, keyCode=KEYCODE_HOME, scanCode=0, metaState=0, flags=0x0, repeatCount=0, eventTime=456842, downTime=456842, deviceId=-1, source=0x101 }
I/ActivityManager(  870): START u0 {act=android.intent.action.MAIN cat=[android.intent.category.HOME] flg=0x10200000 cmp=com.google.android.googlequicksearchbox/com.google.android.launcher.GEL (has extras)} from uid 1000 on display 0
D/AndroidRuntime( 9539): Shutting down VM
W/SearchService( 4160): Abort, client detached.
I/GEL     ( 4093): handleIntent(Intent { act=android.intent.action.MAIN cat=[android.intent.category.HOME] flg=0x10200000 cmp=com.google.android.googlequicksearchbox/com.google.android.launcher.GEL (has extras) })
I/DeviceStateChecker( 4160): DeviceStateChecker cancelled
I/MicroDetector( 4160): Keeping mic open: false
I/MicrophoneInputStream( 4160): mic_close com.google.android.apps.gsa.speech.audio.ah@abbc823
E/AudioRecord-JNI( 4160): Error -4 during AudioRecord native read
D/sound_trigger_platform(  505): platform_stdev_check_and_update_concurrency: concurrency active 0, tx 0, rx 0, concurrency session_allowed 1
I/SoundTriggerHwService::Module(  505): void android::SoundTriggerHwService::Module::onCallbackEvent(const sp<android::SoundTriggerHwService::CallbackEvent> &) mClient == 0
I/MicroRecognitionRunner( 4160): Detection finished
I/MicroRecognitionRunner( 4160): Stopping hotword detection.
W/LocationOracle( 4160): Best location was null
I/MicroDetectionWorker( 4160): Micro detection mode: [mDetectionMode: [1]].
I/MicroRecognitionRunner( 4160): Starting detection.
I/MicrophoneInputStream( 4160): mic_starting com.google.android.apps.gsa.speech.audio.ah@f0a46f1
I/AudioFlinger(  505): AudioFlinger's thread 0xf2d83a00 ready to run
I/SoundTriggerHwService::Module(  505): void android::SoundTriggerHwService::Module::onCallbackEvent(const sp<android::SoundTriggerHwService::CallbackEvent> &) mClient == 0
I/MicrophoneInputStream( 4160): mic_started com.google.android.apps.gsa.speech.audio.ah@f0a46f1
E/audio_route(  505): unable to find path 'set-capture-format-default'
D/sound_trigger_platform(  505): platform_stdev_check_and_update_concurrency: concurrency active 0, tx 1, rx 0, concurrency session_allowed 0
I/MicroDetectionWorker( 4160): onReady
D/WifiService(  870): acquireWifiLockLocked: WifiLock{NlpWifiLock type=2 uid=10018}
D/AndroidRuntime( 9584): >>>>>> START com.android.internal.os.RuntimeInit uid 2000 <<<<<<
D/AndroidRuntime( 9584): CheckJNI is OFF
D/ICU     ( 9584): No timezone override file found: /data/misc/zoneinfo/current/icu/icu_tzdata.dat
I/Radio-JNI( 9584): register_android_hardware_Radio DONE
D/AndroidRuntime( 9584): Calling main entry com.android.commands.input.Input
I/Input   ( 9584): injectKeyEvent: KeyEvent { action=ACTION_DOWN, keyCode=KEYCODE_BACK, scanCode=0, metaState=0, flags=0x0, repeatCount=0, eventTime=458286, downTime=458286, deviceId=-1, source=0x101 }
I/Input   ( 9584): injectKeyEvent: KeyEvent { action=ACTION_UP, keyCode=KEYCODE_BACK, scanCode=0, metaState=0, flags=0x0, repeatCount=0, eventTime=458286, downTime=458286, deviceId=-1, source=0x101 }
D/AndroidRuntime( 9584): Shutting down VM
D/WifiService(  870): releaseWifiLockLocked: WifiLock{NlpWifiLock type=2 uid=10018}
D/AndroidRuntime( 9620): >>>>>> START com.android.internal.os.RuntimeInit uid 2000 <<<<<<
D/AndroidRuntime( 9620): CheckJNI is OFF
D/ICU     ( 9620): No timezone override file found: /data/misc/zoneinfo/current/icu/icu_tzdata.dat
I/Radio-JNI( 9620): register_android_hardware_Radio DONE
D/AndroidRuntime( 9620): Calling main entry com.android.commands.am.Am
I/ActivityManager(  870): Force stopping com.careerbuilder.SugarDrone appid=19488 user=0: start instr
I/ActivityManager(  870): Start proc 9647:com.careerbuilder.SugarDrone/u0a9488 for added application com.careerbuilder.SugarDrone
I/art     ( 9647): Late-enabling -Xcheck:jni
W/System  ( 9647): ClassLoader referenced unknown path: /data/app/com.careerbuilder.SugarDrone.test-1/lib/arm64
W/System  ( 9647): ClassLoader referenced unknown path: 
W/monodroid( 9647): Using override path: /data/user/0/com.careerbuilder.SugarDrone/files/.__override__
W/monodroid( 9647): Trying to load sgen from: /data/user/0/com.careerbuilder.SugarDrone/files/.__override__/libmonosgen-2.0.so
W/monodroid( 9647): Trying to load sgen from: /storage/emulated/0/Android/data/com.careerbuilder.SugarDrone/files/.__override__/libmonosgen-2.0.so
W/monodroid( 9647): Trying to load sgen from: /data/app/com.careerbuilder.SugarDrone-1/lib/arm/libmonosgen-2.0.so
D/Mono    ( 9647): Image addref mscorlib[0xdd904da0] -> mscorlib.dll[0xdd977400]: 2
D/Mono    ( 9647): Prepared to set up assembly 'mscorlib' (mscorlib.dll)
D/Mono    ( 9647): AOT module 'mscorlib.dll.so' not found: dlopen failed: library "/data/app/com.careerbuilder.SugarDrone-1/lib/arm/libaot-mscorlib.dll.so" not found
D/Mono    ( 9647): AOT module '/Users/builder/data/lanes/4009/3a62f1ea/source/monodroid/builds/install/mono-armv6/lib/mono/aot-cache/arm/mscorlib.dll.so' not found: dlopen failed: library "/data/app/com.careerbuilder.SugarDrone-1/lib/arm/libaot-mscorlib.dll.so" not found
D/Mono    ( 9647): Config attempting to parse: 'mscorlib.dll.config'.
D/Mono    ( 9647): Config attempting to parse: '/Users/builder/data/lanes/4009/3a62f1ea/source/monodroid/builds/install/mono-armv6/etc/mono/assemblies/mscorlib/mscorlib.config'.
D/Mono    ( 9647): Assembly mscorlib[0xdd904da0] added to domain RootDomain, ref_count=1
D/Mono    ( 9647): Image addref CareerBuilder_Search.Droid[0xdd904e60] -> CareerBuilder_Search.Droid.dll[0xdd978300]: 2
D/Mono    ( 9647): Prepared to set up assembly 'CareerBuilder_Search.Droid' (CareerBuilder_Search.Droid.dll)
D/Mono    ( 9647): Assembly CareerBuilder_Search.Droid[0xdd904e60] added to domain RootDomain, ref_count=1
D/Mono    ( 9647): AOT module 'CareerBuilder_Search.Droid.dll.so' not found: dlopen failed: library "/data/app/com.careerbuilder.SugarDrone-1/lib/arm/libaot-CareerBuilder_Search.Droid.dll.so" not found
D/Mono    ( 9647): AOT module '/Users/builder/data/lanes/4009/3a62f1ea/source/monodroid/builds/install/mono-armv6/lib/mono/aot-cache/arm/CareerBuilder_Search.Droid.dll.so' not found: dlopen failed: library "/data/app/com.careerbuilder.SugarDrone-1/lib/arm/libaot-CareerBuilder_Search.Droid.dll.so" not found
D/Mono    ( 9647): Config attempting to parse: 'CareerBuilder_Search.Droid.dll.config'.
D/Mono    ( 9647): Config attempting to parse: '/Users/builder/data/lanes/4009/3a62f1ea/source/monodroid/builds/install/mono-armv6/etc/mono/assemblies/CareerBuilder_Search.Droid/CareerBuilder_Search.Droid.config'.
D/Mono    ( 9647): Image addref AppsFlyerXamarinBindingAndroid[0xdd904fe0] -> AppsFlyerXamarinBindingAndroid.dll[0xdd978800]: 2
D/Mono    ( 9647): Prepared to set up assembly 'AppsFlyerXamarinBindingAndroid' (AppsFlyerXamarinBindingAndroid.dll)
D/Mono    ( 9647): Assembly AppsFlyerXamarinBindingAndroid[0xdd904fe0] added to domain RootDomain, ref_count=1
D/Mono    ( 9647): AOT module 'AppsFlyerXamarinBindingAndroid.dll.so' not found: dlopen failed: library "/data/app/com.careerbuilder.SugarDrone-1/lib/arm/libaot-AppsFlyerXamarinBindingAndroid.dll.so" not found
D/Mono    ( 9647): AOT module '/Users/builder/data/lanes/4009/3a62f1ea/source/monodroid/builds/install/mono-armv6/lib/mono/aot-cache/arm/AppsFlyerXamarinBindingAndroid.dll.so' not found: dlopen failed: library "/data/app/com.careerbuilder.SugarDrone-1/lib/arm/libaot-AppsFlyerXamarinBindingAndroid.dll.so" not found
D/Mono    ( 9647): Config attempting to parse: 'AppsFlyerXamarinBindingAndroid.dll.config'.
D/Mono    ( 9647): Config attempting to parse: '/Users/builder/data/lanes/4009/3a62f1ea/source/monodroid/builds/install/mono-armv6/etc/mono/assemblies/AppsFlyerXamarinBindingAndroid/AppsFlyerXamarinBindingAndroid.config'.
D/Mono    ( 9647): Image addref HockeySDK[0xdd9050a0] -> HockeySDK.dll[0xdd978d00]: 2
D/Mono    ( 9647): Prepared to set up assembly 'HockeySDK' (HockeySDK.dll)
D/Mono    ( 9647): Assembly HockeySDK[0xdd9050a0] added to domain RootDomain, ref_count=1
D/Mono    ( 9647): AOT module 'HockeySDK.dll.so' not found: dlopen failed: library "/data/app/com.careerbuilder.SugarDrone-1/lib/arm/libaot-HockeySDK.dll.so" not found
D/Mono    ( 9647): AOT module '/Users/builder/data/lanes/4009/3a62f1ea/source/monodroid/builds/install/mono-armv6/lib/mono/aot-cache/arm/HockeySDK.dll.so' not found: dlopen failed: library "/data/app/com.careerbuilder.SugarDrone-1/lib/arm/libaot-HockeySDK.dll.so" not found
D/Mono    ( 9647): Config attempting to parse: 'HockeySDK.dll.config'.
D/Mono    ( 9647): Config attempting to parse: '/Users/builder/data/lanes/4009/3a62f1ea/source/monodroid/builds/install/mono-armv6/etc/mono/assemblies/HockeySDK/HockeySDK.config'.
D/Mono    ( 9647): Image addref Akavache[0xdd905160] -> Akavache.dll[0xdd979200]: 2
D/Mono    ( 9647): Prepared to set up assembly 'Akavache' (Akavache.dll)
D/Mono    ( 9647): Assembly Akavache[0xdd905160] added to domain RootDomain, ref_count=1
D/Mono    ( 9647): AOT module 'Akavache.dll.so' not found: dlopen failed: library "/data/app/com.careerbuilder.SugarDrone-1/lib/arm/libaot-Akavache.dll.so" not found
D/Mono    ( 9647): AOT module '/Users/builder/data/lanes/4009/3a62f1ea/source/monodroid/builds/install/mono-armv6/lib/mono/aot-cache/arm/Akavache.dll.so' not found: dlopen failed: library "/data/app/com.careerbuilder.SugarDrone-1/lib/arm/libaot-Akavache.dll.so" not found
D/Mono    ( 9647): Config attempting to parse: 'Akavache.dll.config'.
D/Mono    ( 9647): Config attempting to parse: '/Users/builder/data/lanes/4009/3a62f1ea/source/monodroid/builds/install/mono-armv6/etc/mono/assemblies/Akavache/Akavache.config'.
D/Mono    ( 9647): Image addref Akavache.Sqlite3[0xdd905880] -> Akavache.Sqlite3.dll[0xdd979700]: 2
D/Mono    ( 9647): Prepared to set up assembly 'Akavache.Sqlite3' (Akavache.Sqlite3.dll)
D/Mono    ( 9647): Assembly Akavache.Sqlite3[0xdd905880] added to domain RootDomain, ref_count=1
D/Mono    ( 9647): AOT module 'Akavache.Sqlite3.dll.so' not found: dlopen failed: library "/data/app/com.careerbuilder.SugarDrone-1/lib/arm/libaot-Akavache.Sqlite3.dll.so" not found
D/Mono    ( 9647): AOT module '/Users/builder/data/lanes/4009/3a62f1ea/source/monodroid/builds/install/mono-armv6/lib/mono/aot-cache/arm/Akavache.Sqlite3.dll.so' not found: dlopen failed: library "/data/app/com.careerbuilder.SugarDrone-1/lib/arm/libaot-Akavache.Sqlite3.dll.so" not found
W/        ( 9647): Symbol file LoadedFromMemory doesn't match image Akavache.Sqlite3.dll
D/Mono    ( 9647): Config attempting to parse: 'Akavache.Sqlite3.dll.config'.
D/Mono    ( 9647): Config attempting to parse: '/Users/builder/data/lanes/4009/3a62f1ea/source/monodroid/builds/install/mono-armv6/etc/mono/assemblies/Akavache.Sqlite3/Akavache.Sqlite3.config'.
D/Mono    ( 9647): Image addref Splat[0xdd9059a0] -> Splat.dll[0xdd979c00]: 2
D/Mono    ( 9647): Prepared to set up assembly 'Splat' (Splat.dll)
D/Mono    ( 9647): Assembly Splat[0xdd9059a0] added to domain RootDomain, ref_count=1
D/Mono    ( 9647): AOT module 'Splat.dll.so' not found: dlopen failed: library "/data/app/com.careerbuilder.SugarDrone-1/lib/arm/libaot-Splat.dll.so" not found
D/Mono    ( 9647): AOT module '/Users/builder/data/lanes/4009/3a62f1ea/source/monodroid/builds/install/mono-armv6/lib/mono/aot-cache/arm/Splat.dll.so' not found: dlopen failed: library "/data/app/com.careerbuilder.SugarDrone-1/lib/arm/libaot-Splat.dll.so" not found
D/Mono    ( 9647): Config attempting to parse: 'Splat.dll.config'.
D/Mono    ( 9647): Config attempting to parse: '/Users/builder/data/lanes/4009/3a62f1ea/source/monodroid/builds/install/mono-armv6/etc/mono/assemblies/Splat/Splat.config'.
D/Mono    ( 9647): Image addref Microsoft.Practices.ServiceLocation[0xdd905a00] -> Microsoft.Practices.ServiceLocation.dll[0xdd97a100]: 2
D/Mono    ( 9647): Prepared to set up assembly 'Microsoft.Practices.ServiceLocation' (Microsoft.Practices.ServiceLocation.dll)
D/Mono    ( 9647): Assembly Microsoft.Practices.ServiceLocation[0xdd905a00] added to domain RootDomain, ref_count=1
D/Mono    ( 9647): AOT module 'Microsoft.Practices.ServiceLocation.dll.so' not found: dlopen failed: library "/data/app/com.careerbuilder.SugarDrone-1/lib/arm/libaot-Microsoft.Practices.ServiceLocation.dll.so" not found
D/Mono    ( 9647): AOT module '/Users/builder/data/lanes/4009/3a62f1ea/source/monodroid/builds/install/mono-armv6/lib/mono/aot-cache/arm/Microsoft.Practices.ServiceLocation.dll.so' not found: dlopen failed: library "/data/app/com.careerbuilder.SugarDrone-1/lib/arm/libaot-Microsoft.Practices.ServiceLocation.dll.so" not found
D/Mono    ( 9647): Config attempting to parse: 'Microsoft.Practices.ServiceLocation.dll.config'.
D/Mono    ( 9647): Config attempting to parse: '/Users/builder/data/lanes/4009/3a62f1ea/source/monodroid/builds/install/mono-armv6/etc/mono/assemblies/Microsoft.Practices.ServiceLocation/Microsoft.Practices.ServiceLocation.config'.
D/Mono    ( 9647): Image addref Microsoft.Practices.Unity[0xdd973480] -> Microsoft.Practices.Unity.dll[0xdd97a600]: 2
D/Mono    ( 9647): Prepared to set up assembly 'Microsoft.Practices.Unity' (Microsoft.Practices.Unity.dll)
D/Mono    ( 9647): Assembly Microsoft.Practices.Unity[0xdd973480] added to domain RootDomain, ref_count=1
D/Mono    ( 9647): AOT module 'Microsoft.Practices.Unity.dll.so' not found: dlopen failed: library "/data/app/com.careerbuilder.SugarDrone-1/lib/arm/libaot-Microsoft.Practices.Unity.dll.so" not found
D/Mono    ( 9647): AOT module '/Users/builder/data/lanes/4009/3a62f1ea/source/monodroid/builds/install/mono-armv6/lib/mono/aot-cache/arm/Microsoft.Practices.Unity.dll.so' not found: dlopen failed: library "/data/app/com.careerbuilder.SugarDrone-1/lib/arm/libaot-Microsoft.Practices.Unity.dll.so" not found
D/Mono    ( 9647): Config attempting to parse: 'Microsoft.Practices.Unity.dll.config'.
D/Mono    ( 9647): Config attempting to parse: '/Users/builder/data/lanes/4009/3a62f1ea/source/monodroid/builds/install/mono-armv6/etc/mono/assemblies/Microsoft.Practices.Unity/Microsoft.Practices.Unity.config'.
D/Mono    ( 9647): Image addref Plugin.CurrentActivity[0xdd9734e0] -> Plugin.CurrentActivity.dll[0xdd97ab00]: 2
D/Mono    ( 9647): Prepared to set up assembly 'Plugin.CurrentActivity' (Plugin.CurrentActivity.dll)
D/Mono    ( 9647): Assembly Plugin.CurrentActivity[0xdd9734e0] added to domain RootDomain, ref_count=1
D/Mono    ( 9647): AOT module 'Plugin.CurrentActivity.dll.so' not found: dlopen failed: library "/data/app/com.careerbuilder.SugarDrone-1/lib/arm/libaot-Plugin.CurrentActivity.dll.so" not found
D/Mono    ( 9647): AOT module '/Users/builder/data/lanes/4009/3a62f1ea/source/monodroid/builds/install/mono-armv6/lib/mono/aot-cache/arm/Plugin.CurrentActivity.dll.so' not found: dlopen failed: library "/data/app/com.careerbuilder.SugarDrone-1/lib/arm/libaot-Plugin.CurrentActivity.dll.so" not found
D/Mono    ( 9647): Config attempting to parse: 'Plugin.CurrentActivity.dll.config'.
D/Mono    ( 9647): Config attempting to parse: '/Users/builder/data/lanes/4009/3a62f1ea/source/monodroid/builds/install/mono-armv6/etc/mono/assemblies/Plugin.CurrentActivity/Plugin.CurrentActivity.config'.
D/Mono    ( 9647): Image addref Plugin.Permissions[0xdd973540] -> Plugin.Permissions.dll[0xdb093000]: 2
D/Mono    ( 9647): Prepared to set up assembly 'Plugin.Permissions' (Plugin.Permissions.dll)
D/Mono    ( 9647): Assembly Plugin.Permissions[0xdd973540] added to domain RootDomain, ref_count=1
D/Mono    ( 9647): AOT module 'Plugin.Permissions.dll.so' not found: dlopen failed: library "/data/app/com.careerbuilder.SugarDrone-1/lib/arm/libaot-Plugin.Permissions.dll.so" not found
D/Mono    ( 9647): AOT module '/Users/builder/data/lanes/4009/3a62f1ea/source/monodroid/builds/install/mono-armv6/lib/mono/aot-cache/arm/Plugin.Permissions.dll.so' not found: dlopen failed: library "/data/app/com.careerbuilder.SugarDrone-1/lib/arm/libaot-Plugin.Permissions.dll.so" not found
D/Mono    ( 9647): Config attempting to parse: 'Plugin.Permissions.dll.config'.
D/Mono    ( 9647): Config attempting to parse: '/Users/builder/data/lanes/4009/3a62f1ea/source/monodroid/builds/install/mono-armv6/etc/mono/assemblies/Plugin.Permissions/Plugin.Permissions.config'.
D/Mono    ( 9647): Image addref Plugin.Permissions.Abstractions[0xdd9735a0] -> Plugin.Permissions.Abstractions.dll[0xdb093500]: 2
D/Mono    ( 9647): Prepared to set up assembly 'Plugin.Permissions.Abstractions' (Plugin.Permissions.Abstractions.dll)
D/Mono    ( 9647): Assembly Plugin.Permissions.Abstractions[0xdd9735a0] added to domain RootDomain, ref_count=1
D/Mono    ( 9647): AOT module 'Plugin.Permissions.Abstractions.dll.so' not found: dlopen failed: library "/data/app/com.careerbuilder.SugarDrone-1/lib/arm/libaot-Plugin.Permissions.Abstractions.dll.so" not found
D/Mono    ( 9647): AOT module '/Users/builder/data/lanes/4009/3a62f1ea/source/monodroid/builds/install/mono-armv6/lib/mono/aot-cache/arm/Plugin.Permissions.Abstractions.dll.so' not found: dlopen failed: library "/data/app/com.careerbuilder.SugarDrone-1/lib/arm/libaot-Plugin.Permissions.Abstractions.dll.so" not found
D/Mono    ( 9647): Config attempting to parse: 'Plugin.Permissions.Abstractions.dll.config'.
D/Mono    ( 9647): Config attempting to parse: '/Users/builder/data/lanes/4009/3a62f1ea/source/monodroid/builds/install/mono-armv6/etc/mono/assemblies/Plugin.Permissions.Abstractions/Plugin.Permissions.Abstractions.config'.
D/Mono    ( 9647): Image addref Plugin.Geolocator[0xdd973780] -> Plugin.Geolocator.dll[0xdb093a00]: 2
D/Mono    ( 9647): Prepared to set up assembly 'Plugin.Geolocator' (Plugin.Geolocator.dll)
D/Mono    ( 9647): Assembly Plugin.Geolocator[0xdd973780] added to domain RootDomain, ref_count=1
D/Mono    ( 9647): AOT module 'Plugin.Geolocator.dll.so' not found: dlopen failed: library "/data/app/com.careerbuilder.SugarDrone-1/lib/arm/libaot-Plugin.Geolocator.dll.so" not found
D/Mono    ( 9647): AOT module '/Users/builder/data/lanes/4009/3a62f1ea/source/monodroid/builds/install/mono-armv6/lib/mono/aot-cache/arm/Plugin.Geolocator.dll.so' not found: dlopen failed: library "/data/app/com.careerbuilder.SugarDrone-1/lib/arm/libaot-Plugin.Geolocator.dll.so" not found
D/Mono    ( 9647): Config attempting to parse: 'Plugin.Geolocator.dll.config'.
D/Mono    ( 9647): Config attempting to parse: '/Users/builder/data/lanes/4009/3a62f1ea/source/monodroid/builds/install/mono-armv6/etc/mono/assemblies/Plugin.Geolocator/Plugin.Geolocator.config'.
D/Mono    ( 9647): Image addref Plugin.Geolocator.Abstractions[0xdd973840] -> Plugin.Geolocator.Abstractions.dll[0xdb093f00]: 2
D/Mono    ( 9647): Prepared to set up assembly 'Plugin.Geolocator.Abstractions' (Plugin.Geolocator.Abstractions.dll)
D/Mono    ( 9647): Assembly Plugin.Geolocator.Abstractions[0xdd973840] added to domain RootDomain, ref_count=1
D/Mono    ( 9647): AOT module 'Plugin.Geolocator.Abstractions.dll.so' not found: dlopen failed: library "/data/app/com.careerbuilder.SugarDrone-1/lib/arm/libaot-Plugin.Geolocator.Abstractions.dll.so" not found
D/Mono    ( 9647): AOT module '/Users/builder/data/lanes/4009/3a62f1ea/source/monodroid/builds/install/mono-armv6/lib/mono/aot-cache/arm/Plugin.Geolocator.Abstractions.dll.so' not found: dlopen failed: library "/data/app/com.careerbuilder.SugarDrone-1/lib/arm/libaot-Plugin.Geolocator.Abstractions.dll.so" not found
D/Mono    ( 9647): Config attempting to parse: 'Plugin.Geolocator.Abstractions.dll.config'.
D/Mono    ( 9647): Config attempting to parse: '/Users/builder/data/lanes/4009/3a62f1ea/source/monodroid/builds/install/mono-armv6/etc/mono/assemblies/Plugin.Geolocator.Abstractions/Plugin.Geolocator.Abstractions.config'.
D/Mono    ( 9647): Image addref Plugin.DeviceInfo[0xdd973ae0] -> Plugin.DeviceInfo.dll[0xdb094400]: 2
D/Mono    ( 9647): Prepared to set up assembly 'Plugin.DeviceInfo' (Plugin.DeviceInfo.dll)
D/Mono    ( 9647): Assembly Plugin.DeviceInfo[0xdd973ae0] added to domain RootDomain, ref_count=1
D/Mono    ( 9647): AOT module 'Plugin.DeviceInfo.dll.so' not found: dlopen failed: library "/data/app/com.careerbuilder.SugarDrone-1/lib/arm/libaot-Plugin.DeviceInfo.dll.so" not found
D/Mono    ( 9647): AOT module '/Users/builder/data/lanes/4009/3a62f1ea/source/monodroid/builds/install/mono-armv6/lib/mono/aot-cache/arm/Plugin.DeviceInfo.dll.so' not found: dlopen failed: library "/data/app/com.careerbuilder.SugarDrone-1/lib/arm/libaot-Plugin.DeviceInfo.dll.so" not found
