D/Mono    (10261): DllImport searching in: '__Internal' ('(null)').
D/Mono    (10261): Searching for 'java_interop_jnienv_call_void_method_a'.
D/Mono    (10261): Probing 'java_interop_jnienv_call_void_method_a'.
D/Mono    (10261): Found as 'java_interop_jnienv_call_void_method_a'.
I/GAv4    (10261): Logger is deprecated. To enable debug logging, please run:
I/GAv4    (10261): adb shell setprop log.tag.GAv4 DEBUG
D/AppsFlyer_3.01(10261): AppsFlyer: first launch detected
I/AppsFlyer_3.01(10261): AppsFlyer: first launch date: 2017-03-16_1154+0100
I/System.out(10261): AppsFlyerLib.sendTrackingWithEvent
W/GAv4    (10261): AnalyticsService not registered in the app manifest. Hits might not be delivered reliably. See http://goo.gl/8Rd3yj for instructions.
D/Mono    (10261): DllImport searching in: '__Internal' ('(null)').
D/Mono    (10261): Searching for 'java_interop_jnienv_new_local_ref'.
D/Mono    (10261): Probing 'java_interop_jnienv_new_local_ref'.
D/Mono    (10261): Found as 'java_interop_jnienv_new_local_ref'.
D/Mono    (10261): Assembly Ref addref Plugin.DeviceInfo[0xe483f5c0] -> Mono.Android[0xe483ffe0]: 20
W/Xamarin.Insights(10261): Warning: Insights data communication has been manually enabled
I/AppsFlyer_3.01-661688275(10261): url: https://t.appsflyer.com/api/v3/androidevent?buildnumber=3.01&app_id=com.careerbuilder.SugarDrone
I/AppsFlyer_3.01(10261): Start tracking package: com.careerbuilder.SugarDrone
I/AppsFlyer_(10261): data: device=bullhead&firstLaunchDate=2017-03-16_1154%2B0100&installDate=2017-03-16_1154%2B0100&sdk=24&carrier=&date1=2017-03-16_1154%2B0100&af_preinstalled=false&advertiserIdEnabled=true&iaecounter=0&appsflyerKey=WV****************HFK5&lang_code=en&lang=English&app_version_name=3.1.7&timepassedsincelastlaunch=0&dkh=WVGo7sxf&android_id=11dd2ad097a8cedd&advertiserId=a7c58656-5daa-411d-a4a9-c56af37a5f20&deviceType=user&af_v=f0825dd9188ac4c9904886d34ebf113e355fd9f8&app_version_code=30011&network=WIFI&platformextension=android_native&operator=2TELL&country=US&date2=2017-03-16_1154%2B0100&brand=google&af_timestamp=1489661688275&uid=1489661652564-6839626457112226317&isFirstCall=true&counter=1&product=bullhead&model=Nexus+5X
I/AppsFlyer_3.01(10261): AsendTrackingWithEvent from activity: md537fd6201b6818e2e180d2f7606e21a83.MainApplication
I/AppsFlyer_3.01-661688442(10261): ******* sendTrackingWithEvent: Launch
D/NetworkSecurityConfig(10261): No Network Security Config specified, using platform default
D/Mono    (10261): DllImport searching in: '__Internal' ('(null)').
D/Mono    (10261): Searching for 'java_interop_jnienv_get_int_field'.
D/Mono    (10261): Probing 'java_interop_jnienv_get_int_field'.
D/Mono    (10261): Found as 'java_interop_jnienv_get_int_field'.
E/ActivityThread(10261): Failed to find provider info for com.facebook.katana.provider.AttributionIdProvider
I/AppsFlyer_3.01(10261): WARNING:READ_PHONE_STATE is missing
D/Mono    (10261): Unloading image Splat.dll [0xcbc5bb00].
D/Mono    (10261): Image addref Splat[0xcda7b4a0] -> Splat.dll[0xed311100]: 5
D/Mono    (10261): Config attempting to parse: 'Splat.dll.config'.
D/Mono    (10261): Config attempting to parse: '/Users/builder/data/lanes/4009/3a62f1ea/source/monodroid/builds/install/mono-armv6/etc/mono/assemblies/Splat/Splat.config'.
D/Mono    (10261): Assembly Ref addref Akavache[0xe483f200] -> Splat[0xe483f2c0]: 2
D/Mono    (10261): Assembly Ref addref Splat[0xe483f2c0] -> mscorlib[0xe483ea20]: 40
D/Mono    (10261): Assembly Ref addref System.Reactive.Core[0xe483fc80] -> System.Reactive.Interfaces[0xe483fce0]: 3
D/Mono    (10261): Image addref System.ComponentModel[0xcda7b4a0] -> System.ComponentModel.dll[0xcbc5bb00]: 2
D/Mono    (10261): Prepared to set up assembly 'System.ComponentModel' (System.ComponentModel.dll)
D/Mono    (10261): Assembly System.ComponentModel[0xcda7b4a0] added to domain RootDomain, ref_count=1
D/Mono    (10261): AOT module 'System.ComponentModel.dll.so' not found: dlopen failed: library "/data/app/com.careerbuilder.SugarDrone-1/lib/arm/libaot-System.ComponentModel.dll.so" not found
D/Mono    (10261): AOT module '/Users/builder/data/lanes/4009/3a62f1ea/source/monodroid/builds/install/mono-armv6/lib/mono/aot-cache/arm/System.ComponentModel.dll.so' not found: dlopen failed: library "/data/app/com.careerbuilder.SugarDrone-1/lib/arm/libaot-System.ComponentModel.dll.so" not found
D/Mono    (10261): Config attempting to parse: 'System.ComponentModel.dll.config'.
D/Mono    (10261): Config attempting to parse: '/Users/builder/data/lanes/4009/3a62f1ea/source/monodroid/builds/install/mono-armv6/etc/mono/assemblies/System.ComponentModel/System.ComponentModel.config'.
D/Mono    (10261): Assembly Ref addref System.Reactive.Core[0xe483fc80] -> System.ComponentModel[0xcda7b4a0]: 2
D/Mono    (10261): Assembly Ref addref System.ComponentModel[0xcda7b4a0] -> mscorlib[0xe483ea20]: 41
D/Mono    (10261): Unloading image System.Runtime.dll [0xcda85d00].
D/Mono    (10261): Image addref System.Runtime[0xcda7b560] -> System.Runtime.dll[0xe6208a00]: 10
D/Mono    (10261): Config attempting to parse: 'System.Runtime.dll.config'.
D/Mono    (10261): Config attempting to parse: '/Users/builder/data/lanes/4009/3a62f1ea/source/monodroid/builds/install/mono-armv6/etc/mono/assemblies/System.Runtime/System.Runtime.config'.
D/Mono    (10261): Assembly Ref addref System.Reactive.Interfaces[0xe483fce0] -> System.Runtime[0xe48400a0]: 8
D/Mono    (10261): Assembly Ref addref Akavache[0xe483f200] -> System.Reactive.Linq[0xe483fd40]: 2
D/Mono    (10261): Unloading image System.Runtime.dll [0xcda86200].
D/Mono    (10261): Image addref System.Runtime[0xcda7b560] -> System.Runtime.dll[0xe6208a00]: 11
D/Mono    (10261): Config attempting to parse: 'System.Runtime.dll.config'.
D/Mono    (10261): Config attempting to parse: '/Users/builder/data/lanes/4009/3a62f1ea/source/monodroid/builds/install/mono-armv6/etc/mono/assemblies/System.Runtime/System.Runtime.config'.
D/Mono    (10261): Assembly Ref addref System.Reactive.Linq[0xe483fd40] -> System.Runtime[0xe48400a0]: 9
D/Mono    (10261): Assembly Ref addref System.Reactive.Linq[0xe483fd40] -> System.Reactive.Interfaces[0xe483fce0]: 4
D/Mono    (10261): Unloading image System.Threading.Tasks.dll [0xcba34000].
D/Mono    (10261): Image addref System.Threading.Tasks[0xcda7b560] -> System.Threading.Tasks.dll[0xccc9de00]: 5
D/Mono    (10261): Config attempting to parse: 'System.Threading.Tasks.dll.config'.
D/Mono    (10261): Config attempting to parse: '/Users/builder/data/lanes/4009/3a62f1ea/source/monodroid/builds/install/mono-armv6/etc/mono/assemblies/System.Threading.Tasks/System.Threading.Tasks.config'.
D/Mono    (10261): Assembly Ref addref System.Reactive.Linq[0xe483fd40] -> System.Threading.Tasks[0xcc183120]: 3
D/Mono    (10261): Assembly Ref addref Splat[0xe483f2c0] -> Mono.Android[0xe483ffe0]: 21
I/AppsFlyer_3.01(10261): AppsFlyer: first launch date: 2017-03-16_1154+0100
I/System.out(10261): AppsFlyerLib.sendTrackingWithEvent
D/Mono    (10261): Assembly Ref addref Splat[0xe483f2c0] -> System.Core[0xe48405e0]: 9
I/AppsFlyer_3.01-661688442(10261): url: https://t.appsflyer.com/api/v3/androidevent?buildnumber=3.01&app_id=com.careerbuilder.SugarDrone
I/AppsFlyer_(10261): data: device=bullhead&firstLaunchDate=2017-03-16_1154%2B0100&installDate=2017-03-16_1154%2B0100&sdk=24&carrier=&date1=2017-03-16_1154%2B0100&af_preinstalled=false&advertiserIdEnabled=true&iaecounter=0&appsflyerKey=WV****************HFK5&lang_code=en&lang=English&app_version_name=3.1.7&timepassedsincelastlaunch=0&dkh=WVGo7sxf&android_id=11dd2ad097a8cedd&advertiserId=a7c58656-5daa-411d-a4a9-c56af37a5f20&deviceType=user&af_v=0f43c2b224411b63cf1587b471184847325cc499&app_version_code=30011&network=WIFI&platformextension=android_native&operator=2TELL&country=US&date2=2017-03-16_1154%2B0100&brand=google&af_timestamp=1489661688442&uid=1489661652564-6839626457112226317&isFirstCall=true&counter=2&product=bullhead&model=Nexus+5X
D/Mono    (10261): Assembly Ref addref Akavache[0xe483f200] -> Mono.Android[0xe483ffe0]: 22
D/Mono    (10261): Assembly Loader probing location: '/Akavache.Mac.dll'.
D/Mono    (10261): Assembly Loader probing location: '/Users/builder/data/lanes/4009/3a62f1ea/source/monodroid/builds/install/mono-armv6/lib/Akavache.Mac.dll'.
D/Mono    (10261): Assembly Loader probing location: '/Akavache.Mac.exe'.
D/Mono    (10261): Assembly Loader probing location: '/Users/builder/data/lanes/4009/3a62f1ea/source/monodroid/builds/install/mono-armv6/lib/Akavache.Mac.exe'.
D/Mono    (10261): Assembly Loader probing location: '/Akavache.Deprecated.dll'.
D/Mono    (10261): Assembly Loader probing location: '/Users/builder/data/lanes/4009/3a62f1ea/source/monodroid/builds/install/mono-armv6/lib/Akavache.Deprecated.dll'.
D/Mono    (10261): Assembly Loader probing location: '/Akavache.Deprecated.exe'.
D/Mono    (10261): Assembly Loader probing location: '/Users/builder/data/lanes/4009/3a62f1ea/source/monodroid/builds/install/mono-armv6/lib/Akavache.Deprecated.exe'.
D/Mono    (10261): Assembly Loader probing location: '/Akavache.Mobile.dll'.
D/Mono    (10261): Assembly Loader probing location: '/Users/builder/data/lanes/4009/3a62f1ea/source/monodroid/builds/install/mono-armv6/lib/Akavache.Mobile.dll'.
D/Mono    (10261): Assembly Loader probing location: '/Akavache.Mobile.exe'.
D/Mono    (10261): Assembly Loader probing location: '/Users/builder/data/lanes/4009/3a62f1ea/source/monodroid/builds/install/mono-armv6/lib/Akavache.Mobile.exe'.
D/Mono    (10261): Unloading image System.Runtime.dll [0xcba34500].
D/Mono    (10261): Image addref System.Runtime[0xcda7c1c0] -> System.Runtime.dll[0xe6208a00]: 12
D/Mono    (10261): Config attempting to parse: 'System.Runtime.dll.config'.
D/Mono    (10261): Config attempting to parse: '/Users/builder/data/lanes/4009/3a62f1ea/source/monodroid/builds/install/mono-armv6/etc/mono/assemblies/System.Runtime/System.Runtime.config'.
D/Mono    (10261): Assembly Ref addref Akavache.Sqlite3[0xe483f260] -> System.Runtime[0xe48400a0]: 10
D/Mono    (10261): Assembly Ref addref Akavache.Sqlite3[0xe483f260] -> Akavache[0xe483f200]: 3
D/Mono    (10261): Unloading image Splat.dll [0xcba34500].
D/Mono    (10261): Image addref Splat[0xcda7c1c0] -> Splat.dll[0xed311100]: 6
D/Mono    (10261): Config attempting to parse: 'Splat.dll.config'.
D/Mono    (10261): Config attempting to parse: '/Users/builder/data/lanes/4009/3a62f1ea/source/monodroid/builds/install/mono-armv6/etc/mono/assemblies/Splat/Splat.config'.
D/Mono    (10261): Assembly Ref addref Akavache.Sqlite3[0xe483f260] -> Splat[0xe483f2c0]: 3
D/Mono    (10261): Assembly Ref addref System.Reactive.Core[0xe483fc80] -> System.Resources.ResourceManager[0xcda7a0c0]: 3
D/Mono    (10261): Unloading image System.Collections.dll [0xcba34a00].
D/Mono    (10261): Image addref System.Collections[0xcda7c1c0] -> System.Collections.dll[0xe620b700]: 7
D/Mono    (10261): Config attempting to parse: 'System.Collections.dll.config'.
D/Mono    (10261): Config attempting to parse: '/Users/builder/data/lanes/4009/3a62f1ea/source/monodroid/builds/install/mono-armv6/etc/mono/assemblies/System.Collections/System.Collections.config'.
D/Mono    (10261): Assembly Ref addref System.Reactive.Core[0xe483fc80] -> System.Collections[0xe4840340]: 5
D/Mono    (10261): Assembly Ref addref System.Collections[0xe4840340] -> System.Core[0xe48405e0]: 10
D/Mono    (10261): Unloading image System.Threading.dll [0xcba34a00].
D/Mono    (10261): Image addref System.Threading[0xcda7cb80] -> System.Threading.dll[0xe620a300]: 7
D/Mono    (10261): Config attempting to parse: 'System.Threading.dll.config'.
D/Mono    (10261): Config attempting to parse: '/Users/builder/data/lanes/4009/3a62f1ea/source/monodroid/builds/install/mono-armv6/etc/mono/assemblies/System.Threading/System.Threading.config'.
D/Mono    (10261): Assembly Ref addref System.Reactive.Core[0xe483fc80] -> System.Threading[0xe48401c0]: 5
D/Mono    (10261): Unloading image System.Reflection.dll [0xcba34a00].
D/Mono    (10261): Image addref System.Reflection[0xcda7cc40] -> System.Reflection.dll[0xe6209e00]: 6
D/Mono    (10261): Config attempting to parse: 'System.Reflection.dll.config'.
D/Mono    (10261): Config attempting to parse: '/Users/builder/data/lanes/4009/3a62f1ea/source/monodroid/builds/install/mono-armv6/etc/mono/assemblies/System.Reflection/System.Reflection.config'.
D/Mono    (10261): Assembly Ref addref System.Reactive.Core[0xe483fc80] -> System.Reflection[0xe4840160]: 4
D/Mono    (10261): Unloading image System.Runtime.dll [0xcba34a00].
D/Mono    (10261): Image addref System.Runtime[0xcda7cb80] -> System.Runtime.dll[0xe6208a00]: 13
D/Mono    (10261): Config attempting to parse: 'System.Runtime.dll.config'.
D/Mono    (10261): Config attempting to parse: '/Users/builder/data/lanes/4009/3a62f1ea/source/monodroid/builds/install/mono-armv6/etc/mono/assemblies/System.Runtime/System.Runtime.config'.
D/Mono    (10261): Assembly Ref addref System.Reactive.PlatformServices[0xe483fda0] -> System.Runtime[0xe48400a0]: 11
D/Mono    (10261): Assembly Ref addref System.Reactive.PlatformServices[0xe483fda0] -> System.Reactive.Core[0xe483fc80]: 4
D/Mono    (10261): Assembly Ref addref System.Reactive.PlatformServices[0xe483fda0] -> System.Resources.ResourceManager[0xcda7a0c0]: 4
D/Mono    (10261): Unloading image System.Reflection.dll [0xcba34a00].
D/Mono    (10261): Image addref System.Reflection[0xcda7cb80] -> System.Reflection.dll[0xe6209e00]: 7
D/Mono    (10261): Config attempting to parse: 'System.Reflection.dll.config'.
D/Mono    (10261): Config attempting to parse: '/Users/builder/data/lanes/4009/3a62f1ea/source/monodroid/builds/install/mono-armv6/etc/mono/assemblies/System.Reflection/System.Reflection.config'.
D/Mono    (10261): Assembly Ref addref System.Reactive.PlatformServices[0xe483fda0] -> System.Reflection[0xe4840160]: 5
D/Mono    (10261): Assembly Ref addref System.Reactive.PlatformServices[0xe483fda0] -> System.Reactive.Interfaces[0xe483fce0]: 5
D/Mono    (10261): Unloading image System.Threading.Tasks.dll [0xcba34f00].
D/Mono    (10261): Image addref System.Threading.Tasks[0xcda7cb80] -> System.Threading.Tasks.dll[0xccc9de00]: 6
D/Mono    (10261): Config attempting to parse: 'System.Threading.Tasks.dll.config'.
D/Mono    (10261): Config attempting to parse: '/Users/builder/data/lanes/4009/3a62f1ea/source/monodroid/builds/install/mono-armv6/etc/mono/assemblies/System.Threading.Tasks/System.Threading.Tasks.config'.
D/Mono    (10261): Assembly Ref addref System.Reactive.PlatformServices[0xe483fda0] -> System.Threading.Tasks[0xcc183120]: 4
D/Mono    (10261): Assembly Ref addref System.Reactive.PlatformServices[0xe483fda0] -> System.Reactive.Linq[0xe483fd40]: 3
D/Mono    (10261): Unloading image System.Diagnostics.Debug.dll [0xcba34f00].
D/Mono    (10261): Image addref System.Diagnostics.Debug[0xcda7cb80] -> System.Diagnostics.Debug.dll[0xe620a800]: 6
D/Mono    (10261): Config attempting to parse: 'System.Diagnostics.Debug.dll.config'.
D/Mono    (10261): Config attempting to parse: '/Users/builder/data/lanes/4009/3a62f1ea/source/monodroid/builds/install/mono-armv6/etc/mono/assemblies/System.Diagnostics.Debug/System.Diagnostics.Debug.config'.
D/Mono    (10261): Assembly Ref addref System.Reactive.PlatformServices[0xe483fda0] -> System.Diagnostics.Debug[0xe4840220]: 4
D/Mono    (10261): Assembly Ref addref System.Reactive.Linq[0xe483fd40] -> System.Reactive.Core[0xe483fc80]: 5
D/Mono    (10261): Assembly Ref addref Akavache[0xe483f200] -> System.Core[0xe48405e0]: 11
D/Mono    (10261): Assembly Ref addref System.Reactive.Linq[0xe483fd40] -> System.Resources.ResourceManager[0xcda7a0c0]: 5
D/Mono    (10261): [0xcd174920] hill climbing, change max number of threads 6
D/Mono    (10261): Assembly Ref addref CareerBuilder_Search[0xe483ff80] -> System.Reactive.Linq[0xe483fd40]: 4
D/Mono    (10261): Assembly Ref addref CareerBuilder_Search[0xe483ff80] -> Akavache[0xe483f200]: 4
I/System.out(10261): URI: /map
I/System.out(10261): params: {json={"query":"* id:'agreeAndContinueButton'","operation":{"method_name":"query","arguments":[]}}
I/System.out(10261): }
D/Mono    (10261): Assembly Ref addref Akavache.Sqlite3[0xe483f260] -> System.Reactive.Core[0xe483fc80]: 6
D/Mono    (10261): Assembly Ref addref Akavache.Sqlite3[0xe483f260] -> System.Reactive.Interfaces[0xe483fce0]: 6
D/Mono    (10261): Assembly Ref addref Akavache.Sqlite3[0xe483f260] -> System.Reactive.Linq[0xe483fd40]: 5
D/Mono    (10261): Unloading image System.Runtime.Extensions.dll [0xcba36d00].
D/Mono    (10261): Image addref System.Runtime.Extensions[0xcda7cb80] -> System.Runtime.Extensions.dll[0xccc9e800]: 5
D/Mono    (10261): Config attempting to parse: 'System.Runtime.Extensions.dll.config'.
D/Mono    (10261): Config attempting to parse: '/Users/builder/data/lanes/4009/3a62f1ea/source/monodroid/builds/install/mono-armv6/etc/mono/assemblies/System.Runtime.Extensions/System.Runtime.Extensions.config'.
D/Mono    (10261): Assembly Ref addref Akavache.Sqlite3[0xe483f260] -> System.Runtime.Extensions[0xcda7b2c0]: 3
D/Mono    (10261): Unloading image System.Linq.dll [0xcba36d00].
D/Mono    (10261): Image addref System.Linq[0xcda7cb80] -> System.Linq.dll[0xcdc41a00]: 6
D/Mono    (10261): Config attempting to parse: 'System.Linq.dll.config'.
D/Mono    (10261): Config attempting to parse: '/Users/builder/data/lanes/4009/3a62f1ea/source/monodroid/builds/install/mono-armv6/etc/mono/assemblies/System.Linq/System.Linq.config'.
D/Mono    (10261): Assembly Ref addref System.Reactive.Linq[0xe483fd40] -> System.Linq[0xe4840460]: 4
D/Mono    (10261): Assembly Ref addref System.Runtime[0xe48400a0] -> System.Core[0xe48405e0]: 12
I/AppsFlyer_3.01-661688275(10261): response code: 200
I/AppsFlyer_3.01-661688442(10261): response code: 200
D/Mono    (10261): Unloading image System.Threading.dll [0xcba36d00].
D/Mono    (10261): Image addref System.Threading[0xcda7cb80] -> System.Threading.dll[0xe620a300]: 8
D/Mono    (10261): Config attempting to parse: 'System.Threading.dll.config'.
D/Mono    (10261): Config attempting to parse: '/Users/builder/data/lanes/4009/3a62f1ea/source/monodroid/builds/install/mono-armv6/etc/mono/assemblies/System.Threading/System.Threading.config'.
D/Mono    (10261): Assembly Ref addref System.Reactive.Linq[0xe483fd40] -> System.Threading[0xe48401c0]: 6
D/Mono    (10261): Assembly Ref addref Akavache[0xe483f200] -> System.Reactive.PlatformServices[0xe483fda0]: 2
D/Mono    (10261): Unloading image System.Globalization.dll [0xcba35900].
D/Mono    (10261): Image addref System.Globalization[0xcbae4060] -> System.Globalization.dll[0xccc9ca00]: 5
D/Mono    (10261): Config attempting to parse: 'System.Globalization.dll.config'.
D/Mono    (10261): Config attempting to parse: '/Users/builder/data/lanes/4009/3a62f1ea/source/monodroid/builds/install/mono-armv6/etc/mono/assemblies/System.Globalization/System.Globalization.config'.
D/Mono    (10261): Assembly Ref addref System.Reactive.Linq[0xe483fd40] -> System.Globalization[0xcda7a240]: 3
D/Mono    (10261): Unloading image System.Runtime.Extensions.dll [0xcba35900].
D/Mono    (10261): Image addref System.Runtime.Extensions[0xcbae4060] -> System.Runtime.Extensions.dll[0xccc9e800]: 6
D/Mono    (10261): Config attempting to parse: 'System.Runtime.Extensions.dll.config'.
D/Mono    (10261): Config attempting to parse: '/Users/builder/data/lanes/4009/3a62f1ea/source/monodroid/builds/install/mono-armv6/etc/mono/assemblies/System.Runtime.Extensions/System.Runtime.Extensions.config'.
D/Mono    (10261): Assembly Ref addref System.Reactive.Core[0xe483fc80] -> System.Runtime.Extensions[0xcda7b2c0]: 4
D/Mono    (10261): Assembly Ref addref System.Runtime.Extensions[0xcda7b2c0] -> System[0xe4840280]: 9
D/Mono    (10261): Unloading image System.Globalization.dll [0xcba35900].
D/Mono    (10261): Image addref System.Globalization[0xcbae4060] -> System.Globalization.dll[0xccc9ca00]: 6
D/Mono    (10261): Config attempting to parse: 'System.Globalization.dll.config'.
D/Mono    (10261): Config attempting to parse: '/Users/builder/data/lanes/4009/3a62f1ea/source/monodroid/builds/install/mono-armv6/etc/mono/assemblies/System.Globalization/System.Globalization.config'.
D/Mono    (10261): Assembly Ref addref System.Reactive.Core[0xe483fc80] -> System.Globalization[0xcda7a240]: 4
D/Mono    (10261): Unloading image System.Threading.Tasks.dll [0xcba35900].
D/Mono    (10261): Image addref System.Threading.Tasks[0xcbae4060] -> System.Threading.Tasks.dll[0xccc9de00]: 7
D/Mono    (10261): Config attempting to parse: 'System.Threading.Tasks.dll.config'.
D/Mono    (10261): Config attempting to parse: '/Users/builder/data/lanes/4009/3a62f1ea/source/monodroid/builds/install/mono-armv6/etc/mono/assemblies/System.Threading.Tasks/System.Threading.Tasks.config'.
D/Mono    (10261): Assembly Ref addref System.Reactive.Core[0xe483fc80] -> System.Threading.Tasks[0xcc183120]: 5
D/Mono    (10261): [0xcb6ff920] worker starting
D/Mono    (10261): Unloading image System.Collections.dll [0xcba35900].
D/Mono    (10261): Image addref System.Collections[0xcbae4180] -> System.Collections.dll[0xe620b700]: 8
D/Mono    (10261): Config attempting to parse: 'System.Collections.dll.config'.
D/Mono    (10261): Config attempting to parse: '/Users/builder/data/lanes/4009/3a62f1ea/source/monodroid/builds/install/mono-armv6/etc/mono/assemblies/System.Collections/System.Collections.config'.
D/Mono    (10261): Assembly Ref addref Akavache.Sqlite3[0xe483f260] -> System.Collections[0xe4840340]: 6
D/Mono    (10261): Unloading image SQLitePCL.raw.dll [0xcba35900].
D/Mono    (10261): Image addref SQLitePCL.raw[0xcbae4180] -> SQLitePCL.raw.dll[0xe6207600]: 5
D/Mono    (10261): Config attempting to parse: 'SQLitePCL.raw.dll.config'.
D/Mono    (10261): Config attempting to parse: '/Users/builder/data/lanes/4009/3a62f1ea/source/monodroid/builds/install/mono-armv6/etc/mono/assemblies/SQLitePCL.raw/SQLitePCL.raw.config'.
D/Mono    (10261): Assembly Ref addref Akavache.Sqlite3[0xe483f260] -> SQLitePCL.raw[0xe483ff20]: 2
D/Mono    (10261): Assembly Ref addref SQLitePCL.raw[0xe483ff20] -> mscorlib[0xe483ea20]: 42
D/Mono    (10261): [0xcb5fe920] worker starting
D/Mono    (10261): Assembly Ref addref Splat[0xe483f2c0] -> System[0xe4840280]: 10
D/Mono    (10261): DllImport attempting to load: '/system/lib/libsqlite.so'.
W/linker  (10261): library "/system/lib/libsqlite.so" ("/system/lib/libsqlite.so") needed or dlopened by "/data/app/com.careerbuilder.SugarDrone-1/lib/arm/libmonosgen-2.0.so" is not accessible for the namespace "classloader-namespace" - the access is temporarily granted as a workaround for http://b/26394120, note that the access will be removed in future releases of Android.
D/Mono    (10261): DllImport loaded library '/system/lib/libsqlite.so'.
D/Mono    (10261): DllImport searching in: '/system/lib/libsqlite.so' ('/system/lib/libsqlite.so').
D/Mono    (10261): Searching for 'sqlite3_open_v2'.
D/Mono    (10261): Probing 'sqlite3_open_v2'.
D/Mono    (10261): Found as 'sqlite3_open_v2'.
D/Mono    (10261): DllImport searching in: '/system/lib/libsqlite.so' ('/system/lib/libsqlite.so').
D/Mono    (10261): Searching for 'sqlite3_busy_timeout'.
D/Mono    (10261): Probing 'sqlite3_busy_timeout'.
D/Mono    (10261): Found as 'sqlite3_busy_timeout'.
D/Mono    (10261): Unloading image System.Threading.Tasks.dll [0xcba37c00].
D/Mono    (10261): Image addref System.Threading.Tasks[0xcbae44e0] -> System.Threading.Tasks.dll[0xccc9de00]: 8
D/Mono    (10261): Config attempting to parse: 'System.Threading.Tasks.dll.config'.
D/Mono    (10261): Config attempting to parse: '/Users/builder/data/lanes/4009/3a62f1ea/source/monodroid/builds/install/mono-armv6/etc/mono/assemblies/System.Threading.Tasks/System.Threading.Tasks.config'.
D/Mono    (10261): Assembly Ref addref Akavache.Sqlite3[0xe483f260] -> System.Threading.Tasks[0xcc183120]: 6
D/Mono    (10261): Unloading image System.Linq.dll [0xcba37c00].
D/Mono    (10261): Image addref System.Linq[0xcbae44e0] -> System.Linq.dll[0xcdc41a00]: 7
D/Mono    (10261): Config attempting to parse: 'System.Linq.dll.config'.
D/Mono    (10261): Config attempting to parse: '/Users/builder/data/lanes/4009/3a62f1ea/source/monodroid/builds/install/mono-armv6/etc/mono/assemblies/System.Linq/System.Linq.config'.
D/Mono    (10261): Assembly Ref addref Akavache.Sqlite3[0xe483f260] -> System.Linq[0xe4840460]: 5
D/Mono    (10261): DllImport searching in: '/system/lib/libsqlite.so' ('/system/lib/libsqlite.so').
D/Mono    (10261): Searching for 'sqlite3_prepare_v2'.
D/Mono    (10261): Probing 'sqlite3_prepare_v2'.
D/Mono    (10261): Found as 'sqlite3_prepare_v2'.
D/Mono    (10261): DllImport searching in: '/system/lib/libsqlite.so' ('/system/lib/libsqlite.so').
D/Mono    (10261): Searching for 'sqlite3_step'.
D/Mono    (10261): Probing 'sqlite3_step'.
D/Mono    (10261): Found as 'sqlite3_step'.
D/Mono    (10261): DllImport searching in: '/system/lib/libsqlite.so' ('/system/lib/libsqlite.so').
D/Mono    (10261): Searching for 'sqlite3_column_type'.
D/Mono    (10261): Probing 'sqlite3_column_type'.
D/Mono    (10261): Found as 'sqlite3_column_type'.
D/Mono    (10261): Unloading image System.Reflection.dll [0xcba35900].
D/Mono    (10261): Image addref System.Reflection[0xcbae44e0] -> System.Reflection.dll[0xe6209e00]: 8
D/Mono    (10261): Config attempting to parse: 'System.Reflection.dll.config'.
D/Mono    (10261): Config attempting to parse: '/Users/builder/data/lanes/4009/3a62f1ea/source/monodroid/builds/install/mono-armv6/etc/mono/assemblies/System.Reflection/System.Reflection.config'.
D/Mono    (10261): Assembly Ref addref Akavache.Sqlite3[0xe483f260] -> System.Reflection[0xe4840160]: 6
D/Mono    (10261): DllImport searching in: '/system/lib/libsqlite.so' ('/system/lib/libsqlite.so').
D/Mono    (10261): Searching for 'sqlite3_column_int'.
D/Mono    (10261): Probing 'sqlite3_column_int'.
D/Mono    (10261): Found as 'sqlite3_column_int'.
D/Mono    (10261): DllImport searching in: '/system/lib/libsqlite.so' ('/system/lib/libsqlite.so').
D/Mono    (10261): Searching for 'sqlite3_finalize'.
D/Mono    (10261): Probing 'sqlite3_finalize'.
D/Mono    (10261): Found as 'sqlite3_finalize'.
D/Mono    (10261): DllImport searching in: '/system/lib/libsqlite.so' ('/system/lib/libsqlite.so').
D/Mono    (10261): Searching for 'sqlite3_changes'.
D/Mono    (10261): Probing 'sqlite3_changes'.
D/Mono    (10261): Found as 'sqlite3_changes'.
D/Mono    (10261): Assembly Ref addref Akavache.Sqlite3[0xe483f260] -> System.Reflection.Extensions[0xe4840700]: 4
D/Mono    (10261): DllImport searching in: '/system/lib/libsqlite.so' ('/system/lib/libsqlite.so').
D/Mono    (10261): Searching for 'sqlite3_column_count'.
D/Mono    (10261): Probing 'sqlite3_column_count'.
D/Mono    (10261): Found as 'sqlite3_column_count'.
D/Mono    (10261): DllImport searching in: '/system/lib/libsqlite.so' ('/system/lib/libsqlite.so').
D/Mono    (10261): Searching for 'sqlite3_column_name'.
D/Mono    (10261): Probing 'sqlite3_column_name'.
D/Mono    (10261): Found as 'sqlite3_column_name'.
D/Mono    (10261): DllImport searching in: '/system/lib/libsqlite.so' ('/system/lib/libsqlite.so').
D/Mono    (10261): Searching for 'sqlite3_column_text'.
D/Mono    (10261): Probing 'sqlite3_column_text'.
D/Mono    (10261): Found as 'sqlite3_column_text'.
D/Mono    (10261): DllImport searching in: '/system/lib/libsqlite.so' ('/system/lib/libsqlite.so').
D/Mono    (10261): Searching for 'sqlite3_errmsg'.
D/Mono    (10261): Probing 'sqlite3_errmsg'.
D/Mono    (10261): Found as 'sqlite3_errmsg'.
W/Finsky  ( 9317): [386] com.google.android.finsky.FinskyApp.i(1468): No account configured on this device.
D/Mono    (10261): DllImport searching in: '/system/lib/libsqlite.so' ('/system/lib/libsqlite.so').
D/Mono    (10261): Searching for 'sqlite3_bind_int'.
D/Mono    (10261): Probing 'sqlite3_bind_int'.
D/Mono    (10261): Found as 'sqlite3_bind_int'.
D/Mono    (10261): DllImport searching in: '/system/lib/libsqlite.so' ('/system/lib/libsqlite.so').
D/Mono    (10261): Searching for 'sqlite3_reset'.
D/Mono    (10261): Probing 'sqlite3_reset'.
D/Mono    (10261): Found as 'sqlite3_reset'.
I/Finsky  ( 9317): [386] com.google.android.finsky.c.e.run(1151): Replicating app states via AMAS.
D/Mono    (10261): Unloading image System.Threading.dll [0xcadde000].
D/Mono    (10261): Image addref System.Threading[0xcbae4660] -> System.Threading.dll[0xe620a300]: 9
D/Mono    (10261): Config attempting to parse: 'System.Threading.dll.config'.
D/Mono    (10261): Config attempting to parse: '/Users/builder/data/lanes/4009/3a62f1ea/source/monodroid/builds/install/mono-armv6/etc/mono/assemblies/System.Threading/System.Threading.config'.
D/Mono    (10261): Assembly Ref addref Akavache.Sqlite3[0xe483f260] -> System.Threading[0xe48401c0]: 7
I/Finsky  ( 9317): [386] com.google.android.finsky.c.c.a(311): Completed 0 account content syncs with 0 successful.
I/Finsky  ( 9317): [1] com.google.android.finsky.services.j.a(149): Installation state replication succeeded.
D/Mono    (10261): DllImport searching in: '/system/lib/libsqlite.so' ('/system/lib/libsqlite.so').
D/Mono    (10261): Searching for 'sqlite3_bind_text'.
D/Mono    (10261): Probing 'sqlite3_bind_text'.
D/Mono    (10261): Found as 'sqlite3_bind_text'.
D/Mono    (10261): Unloading image Newtonsoft.Json.dll [0xcda75f00].
D/Mono    (10261): Image addref Newtonsoft.Json[0xed35f580] -> Newtonsoft.Json.dll[0xe6204900]: 5
D/Mono    (10261): Config attempting to parse: 'Newtonsoft.Json.dll.config'.
D/Mono    (10261): Config attempting to parse: '/Users/builder/data/lanes/4009/3a62f1ea/source/monodroid/builds/install/mono-armv6/etc/mono/assemblies/Newtonsoft.Json/Newtonsoft.Json.config'.
D/Mono    (10261): Assembly Ref addref Akavache.Sqlite3[0xe483f260] -> Newtonsoft.Json[0xe483fbc0]: 3
D/Mono    (10261): Image addref System.IO[0xed35f580] -> System.IO.dll[0xcda75f00]: 2
D/Mono    (10261): Prepared to set up assembly 'System.IO' (System.IO.dll)
D/Mono    (10261): Assembly System.IO[0xed35f580] added to domain RootDomain, ref_count=1
D/Mono    (10261): AOT module 'System.IO.dll.so' not found: dlopen failed: library "/data/app/com.careerbuilder.SugarDrone-1/lib/arm/libaot-System.IO.dll.so" not found
D/Mono    (10261): AOT module '/Users/builder/data/lanes/4009/3a62f1ea/source/monodroid/builds/install/mono-armv6/lib/mono/aot-cache/arm/System.IO.dll.so' not found: dlopen failed: library "/data/app/com.careerbuilder.SugarDrone-1/lib/arm/libaot-System.IO.dll.so" not found
D/Mono    (10261): Config attempting to parse: 'System.IO.dll.config'.
D/Mono    (10261): Config attempting to parse: '/Users/builder/data/lanes/4009/3a62f1ea/source/monodroid/builds/install/mono-armv6/etc/mono/assemblies/System.IO/System.IO.config'.
D/Mono    (10261): Assembly Ref addref Akavache.Sqlite3[0xe483f260] -> System.IO[0xed35f580]: 2
D/Mono    (10261): Assembly Ref addref System.IO[0xed35f580] -> mscorlib[0xe483ea20]: 43
D/Mono    (10261): Image addref System.Runtime.Serialization.Primitives[0xed319880] -> System.Runtime.Serialization.Primitives.dll[0xcda75a00]: 2
D/Mono    (10261): Prepared to set up assembly 'System.Runtime.Serialization.Primitives' (System.Runtime.Serialization.Primitives.dll)
D/Mono    (10261): Assembly System.Runtime.Serialization.Primitives[0xed319880] added to domain RootDomain, ref_count=1
D/Mono    (10261): AOT module 'System.Runtime.Serialization.Primitives.dll.so' not found: dlopen failed: library "/data/app/com.careerbuilder.SugarDrone-1/lib/arm/libaot-System.Runtime.Serialization.Primitives.dll.so" not found
D/Mono    (10261): AOT module '/Users/builder/data/lanes/4009/3a62f1ea/source/monodroid/builds/install/mono-armv6/lib/mono/aot-cache/arm/System.Runtime.Serialization.Primitives.dll.so' not found: dlopen failed: library "/data/app/com.careerbuilder.SugarDrone-1/lib/arm/libaot-System.Runtime.Serialization.Primitives.dll.so" not found
D/Mono    (10261): Config attempting to parse: 'System.Runtime.Serialization.Primitives.dll.config'.
D/Mono    (10261): Config attempting to parse: '/Users/builder/data/lanes/4009/3a62f1ea/source/monodroid/builds/install/mono-armv6/etc/mono/assemblies/System.Runtime.Serialization.Primitives/System.Runtime.Serialization.Primitives.config'.
D/Mono    (10261): Assembly Ref addref Newtonsoft.Json[0xe483fbc0] -> System.Runtime.Serialization.Primitives[0xed319880]: 2
D/Mono    (10261): Assembly Ref addref System.Runtime.Serialization.Primitives[0xed319880] -> mscorlib[0xe483ea20]: 44
D/Mono    (10261): Unloading image System.Globalization.dll [0xcda75000].
D/Mono    (10261): Image addref System.Globalization[0xed3184a0] -> System.Globalization.dll[0xccc9ca00]: 7
D/Mono    (10261): Config attempting to parse: 'System.Globalization.dll.config'.
D/Mono    (10261): Config attempting to parse: '/Users/builder/data/lanes/4009/3a62f1ea/source/monodroid/builds/install/mono-armv6/etc/mono/assemblies/System.Globalization/System.Globalization.config'.
D/Mono    (10261): Assembly Ref addref Newtonsoft.Json[0xe483fbc0] -> System.Globalization[0xcda7a240]: 5
D/Mono    (10261): Unloading image System.Collections.dll [0xcda75000].
D/Mono    (10261): Image addref System.Collections[0xed3184a0] -> System.Collections.dll[0xe620b700]: 9
D/Mono    (10261): Config attempting to parse: 'System.Collections.dll.config'.
D/Mono    (10261): Config attempting to parse: '/Users/builder/data/lanes/4009/3a62f1ea/source/monodroid/builds/install/mono-armv6/etc/mono/assemblies/System.Collections/System.Collections.config'.
D/Mono    (10261): Assembly Ref addref Newtonsoft.Json[0xe483fbc0] -> System.Collections[0xe4840340]: 7
D/Mono    (10261): Unloading image System.IO.dll [0xcda75000].
D/Mono    (10261): Image addref System.IO[0xed3184a0] -> System.IO.dll[0xcda75f00]: 5
D/Mono    (10261): Config attempting to parse: 'System.IO.dll.config'.
D/Mono    (10261): Config attempting to parse: '/Users/builder/data/lanes/4009/3a62f1ea/source/monodroid/builds/install/mono-armv6/etc/mono/assemblies/System.IO/System.IO.config'.
D/Mono    (10261): Assembly Ref addref Newtonsoft.Json[0xe483fbc0] -> System.IO[0xed35f580]: 3
D/Mono    (10261): Unloading image System.Runtime.Extensions.dll [0xcda75000].
D/Mono    (10261): Image addref System.Runtime.Extensions[0xed3184a0] -> System.Runtime.Extensions.dll[0xccc9e800]: 7
D/Mono    (10261): Config attempting to parse: 'System.Runtime.Extensions.dll.config'.
D/Mono    (10261): Config attempting to parse: '/Users/builder/data/lanes/4009/3a62f1ea/source/monodroid/builds/install/mono-armv6/etc/mono/assemblies/System.Runtime.Extensions/System.Runtime.Extensions.config'.
D/Mono    (10261): Assembly Ref addref Newtonsoft.Json[0xe483fbc0] -> System.Runtime.Extensions[0xcda7b2c0]: 5
D/Mono    (10261): Image addref System.Text.Encoding[0xed3184a0] -> System.Text.Encoding.dll[0xcda75000]: 2
D/Mono    (10261): Prepared to set up assembly 'System.Text.Encoding' (System.Text.Encoding.dll)
D/Mono    (10261): Assembly System.Text.Encoding[0xed3184a0] added to domain RootDomain, ref_count=1
D/Mono    (10261): AOT module 'System.Text.Encoding.dll.so' not found: dlopen failed: library "/data/app/com.careerbuilder.SugarDrone-1/lib/arm/libaot-System.Text.Encoding.dll.so" not found
D/Mono    (10261): AOT module '/Users/builder/data/lanes/4009/3a62f1ea/source/monodroid/builds/install/mono-armv6/lib/mono/aot-cache/arm/System.Text.Encoding.dll.so' not found: dlopen failed: library "/data/app/com.careerbuilder.SugarDrone-1/lib/arm/libaot-System.Text.Encoding.dll.so" not found
D/Mono    (10261): Config attempting to parse: 'System.Text.Encoding.dll.config'.
D/Mono    (10261): Config attempting to parse: '/Users/builder/data/lanes/4009/3a62f1ea/source/monodroid/builds/install/mono-armv6/etc/mono/assemblies/System.Text.Encoding/System.Text.Encoding.config'.
D/Mono    (10261): Assembly Ref addref Newtonsoft.Json[0xe483fbc0] -> System.Text.Encoding[0xed3184a0]: 2
D/Mono    (10261): Assembly Ref addref System.Text.Encoding[0xed3184a0] -> mscorlib[0xe483ea20]: 45
D/Mono    (10261): Unloading image System.Linq.dll [0xcade2100].
D/Mono    (10261): Image addref System.Linq[0xe4840fa0] -> System.Linq.dll[0xcdc41a00]: 8
D/Mono    (10261): Config attempting to parse: 'System.Linq.dll.config'.
D/Mono    (10261): Config attempting to parse: '/Users/builder/data/lanes/4009/3a62f1ea/source/monodroid/builds/install/mono-armv6/etc/mono/assemblies/System.Linq/System.Linq.config'.
D/Mono    (10261): Assembly Ref addref Newtonsoft.Json[0xe483fbc0] -> System.Linq[0xe4840460]: 6
D/Mono    (10261): Unloading image System.Reflection.dll [0xcade2100].
D/Mono    (10261): Image addref System.Reflection[0xcbae4de0] -> System.Reflection.dll[0xe6209e00]: 9
D/Mono    (10261): Config attempting to parse: 'System.Reflection.dll.config'.
D/Mono    (10261): Config attempting to parse: '/Users/builder/data/lanes/4009/3a62f1ea/source/monodroid/builds/install/mono-armv6/etc/mono/assemblies/System.Reflection/System.Reflection.config'.
D/Mono    (10261): Assembly Ref addref Newtonsoft.Json[0xe483fbc0] -> System.Reflection[0xe4840160]: 7
D/Mono    (10261): Image addref System.Runtime.Serialization[0xcbae4de0] -> System.Runtime.Serialization.dll[0xcade2100]: 2
D/Mono    (10261): Prepared to set up assembly 'System.Runtime.Serialization' (System.Runtime.Serialization.dll)
D/Mono    (10261): Assembly System.Runtime.Serialization[0xcbae4de0] added to domain RootDomain, ref_count=1
D/Mono    (10261): AOT module 'System.Runtime.Serialization.dll.so' not found: dlopen failed: library "/data/app/com.careerbuilder.SugarDrone-1/lib/arm/libaot-System.Runtime.Serialization.dll.so" not found
D/Mono    (10261): AOT module '/Users/builder/data/lanes/4009/3a62f1ea/source/monodroid/builds/install/mono-armv6/lib/mono/aot-cache/arm/System.Runtime.Serialization.dll.so' not found: dlopen failed: library "/data/app/com.careerbuilder.SugarDrone-1/lib/arm/libaot-System.Runtime.Serialization.dll.so" not found
D/Mono    (10261): Config attempting to parse: 'System.Runtime.Serialization.dll.config'.
D/Mono    (10261): Config attempting to parse: '/Users/builder/data/lanes/4009/3a62f1ea/source/monodroid/builds/install/mono-armv6/etc/mono/assemblies/System.Runtime.Serialization/System.Runtime.Serialization.config'.
D/Mono    (10261): Assembly Ref addref System.Runtime.Serialization.Primitives[0xed319880] -> System.Runtime.Serialization[0xcbae4de0]: 2
D/Mono    (10261): Assembly Ref addref System.Runtime.Serialization[0xcbae4de0] -> mscorlib[0xe483ea20]: 46
D/Mono    (10261): Image addref System.Text.Encoding.Extensions[0xe4840fa0] -> System.Text.Encoding.Extensions.dll[0xcade2600]: 2
D/Mono    (10261): Prepared to set up assembly 'System.Text.Encoding.Extensions' (System.Text.Encoding.Extensions.dll)
D/Mono    (10261): Assembly System.Text.Encoding.Extensions[0xe4840fa0] added to domain RootDomain, ref_count=1
D/Mono    (10261): AOT module 'System.Text.Encoding.Extensions.dll.so' not found: dlopen failed: library "/data/app/com.careerbuilder.SugarDrone-1/lib/arm/libaot-System.Text.Encoding.Extensions.dll.so" not found
D/Mono    (10261): AOT module '/Users/builder/data/lanes/4009/3a62f1ea/source/monodroid/builds/install/mono-armv6/lib/mono/aot-cache/arm/System.Text.Encoding.Extensions.dll.so' not found: dlopen failed: library "/data/app/com.careerbuilder.SugarDrone-1/lib/arm/libaot-System.Text.Encoding.Extensions.dll.so" not found
D/Mono    (10261): Config attempting to parse: 'System.Text.Encoding.Extensions.dll.config'.
D/Mono    (10261): Config attempting to parse: '/Users/builder/data/lanes/4009/3a62f1ea/source/monodroid/builds/install/mono-armv6/etc/mono/assemblies/System.Text.Encoding.Extensions/System.Text.Encoding.Extensions.config'.
D/Mono    (10261): Assembly Ref addref Newtonsoft.Json[0xe483fbc0] -> System.Text.Encoding.Extensions[0xe4840fa0]: 2
D/Mono    (10261): Assembly Ref addref System.Text.Encoding.Extensions[0xe4840fa0] -> mscorlib[0xe483ea20]: 47
D/Mono    (10261): Unloading image System.Threading.dll [0xcade2b00].
D/Mono    (10261): Image addref System.Threading[0xcbae4f00] -> System.Threading.dll[0xe620a300]: 10
D/Mono    (10261): Config attempting to parse: 'System.Threading.dll.config'.
D/Mono    (10261): Config attempting to parse: '/Users/builder/data/lanes/4009/3a62f1ea/source/monodroid/builds/install/mono-armv6/etc/mono/assemblies/System.Threading/System.Threading.config'.
D/Mono    (10261): Assembly Ref addref Newtonsoft.Json[0xe483fbc0] -> System.Threading[0xe48401c0]: 8
D/Mono    (10261): Assembly Ref addref Newtonsoft.Json[0xe483fbc0] -> System.Reflection.Extensions[0xe4840700]: 5
D/Mono    (10261): Assembly Ref addref System.ObjectModel[0xcc184f20] -> mscorlib[0xe483ea20]: 48
D/Mono    (10261): Image addref System.Xml.XDocument[0xcbae5140] -> System.Xml.XDocument.dll[0xcb023000]: 2
D/Mono    (10261): Prepared to set up assembly 'System.Xml.XDocument' (System.Xml.XDocument.dll)
D/Mono    (10261): Assembly System.Xml.XDocument[0xcbae5140] added to domain RootDomain, ref_count=1
D/Mono    (10261): AOT module 'System.Xml.XDocument.dll.so' not found: dlopen failed: library "/data/app/com.careerbuilder.SugarDrone-1/lib/arm/libaot-System.Xml.XDocument.dll.so" not found
D/Mono    (10261): AOT module '/Users/builder/data/lanes/4009/3a62f1ea/source/monodroid/builds/install/mono-armv6/lib/mono/aot-cache/arm/System.Xml.XDocument.dll.so' not found: dlopen failed: library "/data/app/com.careerbuilder.SugarDrone-1/lib/arm/libaot-System.Xml.XDocument.dll.so" not found
D/Mono    (10261): Config attempting to parse: 'System.Xml.XDocument.dll.config'.
D/Mono    (10261): Config attempting to parse: '/Users/builder/data/lanes/4009/3a62f1ea/source/monodroid/builds/install/mono-armv6/etc/mono/assemblies/System.Xml.XDocument/System.Xml.XDocument.config'.
D/Mono    (10261): Assembly Ref addref Newtonsoft.Json[0xe483fbc0] -> System.Xml.XDocument[0xcbae5140]: 2
D/Mono    (10261): Image addref System.Xml.Linq[0xcbae50e0] -> System.Xml.Linq.dll[0xcb023500]: 2
D/Mono    (10261): Prepared to set up assembly 'System.Xml.Linq' (System.Xml.Linq.dll)
D/Mono    (10261): Assembly System.Xml.Linq[0xcbae50e0] added to domain RootDomain, ref_count=1
D/Mono    (10261): AOT module 'System.Xml.Linq.dll.so' not found: dlopen failed: library "/data/app/com.careerbuilder.SugarDrone-1/lib/arm/libaot-System.Xml.Linq.dll.so" not found
D/Mono    (10261): AOT module '/Users/builder/data/lanes/4009/3a62f1ea/source/monodroid/builds/install/mono-armv6/lib/mono/aot-cache/arm/System.Xml.Linq.dll.so' not found: dlopen failed: library "/data/app/com.careerbuilder.SugarDrone-1/lib/arm/libaot-System.Xml.Linq.dll.so" not found
D/Mono    (10261): Config attempting to parse: 'System.Xml.Linq.dll.config'.
D/Mono    (10261): Config attempting to parse: '/Users/builder/data/lanes/4009/3a62f1ea/source/monodroid/builds/install/mono-armv6/etc/mono/assemblies/System.Xml.Linq/System.Xml.Linq.config'.
D/Mono    (10261): Assembly Ref addref System.Xml.XDocument[0xcbae5140] -> System.Xml.Linq[0xcbae50e0]: 2
D/Mono    (10261): Assembly Ref addref System.Xml.Linq[0xcbae50e0] -> mscorlib[0xe483ea20]: 49
D/Mono    (10261): Assembly Ref addref System.Xml.Linq[0xcbae50e0] -> System.Xml[0xe4840b80]: 4
D/Mono    (10261): Image addref System.Text.RegularExpressions[0xcbae5200] -> System.Text.RegularExpressions.dll[0xcb023a00]: 2
D/Mono    (10261): Prepared to set up assembly 'System.Text.RegularExpressions' (System.Text.RegularExpressions.dll)
D/Mono    (10261): Assembly System.Text.RegularExpressions[0xcbae5200] added to domain RootDomain, ref_count=1
D/Mono    (10261): AOT module 'System.Text.RegularExpressions.dll.so' not found: dlopen failed: library "/data/app/com.careerbuilder.SugarDrone-1/lib/arm/libaot-System.Text.RegularExpressions.dll.so" not found
D/Mono    (10261): AOT module '/Users/builder/data/lanes/4009/3a62f1ea/source/monodroid/builds/install/mono-armv6/lib/mono/aot-cache/arm/System.Text.RegularExpressions.dll.so' not found: dlopen failed: library "/data/app/com.careerbuilder.SugarDrone-1/lib/arm/libaot-System.Text.RegularExpressions.dll.so" not found
D/Mono    (10261): Config attempting to parse: 'System.Text.RegularExpressions.dll.config'.
D/Mono    (10261): Config attempting to parse: '/Users/builder/data/lanes/4009/3a62f1ea/source/monodroid/builds/install/mono-armv6/etc/mono/assemblies/System.Text.RegularExpressions/System.Text.RegularExpressions.config'.
D/Mono    (10261): Assembly Ref addref Newtonsoft.Json[0xe483fbc0] -> System.Text.RegularExpressions[0xcbae5200]: 2
D/Mono    (10261): Assembly Ref addref System.Text.RegularExpressions[0xcbae5200] -> System[0xe4840280]: 11
D/Mono    (10261): Unloading image System.Linq.Expressions.dll [0xcb023f00].
D/Mono    (10261): Image addref System.Linq.Expressions[0xcbae51a0] -> System.Linq.Expressions.dll[0xcd2d8000]: 5
D/Mono    (10261): Config attempting to parse: 'System.Linq.Expressions.dll.config'.
D/Mono    (10261): Config attempting to parse: '/Users/builder/data/lanes/4009/3a62f1ea/source/monodroid/builds/install/mono-armv6/etc/mono/assemblies/System.Linq.Expressions/System.Linq.Expressions.config'.
D/Mono    (10261): Assembly Ref addref Newtonsoft.Json[0xe483fbc0] -> System.Linq.Expressions[0xcc1834e0]: 3
D/Mono    (10261): DllImport searching in: '/system/lib/libsqlite.so' ('/system/lib/libsqlite.so').
D/Mono    (10261): Searching for 'sqlite3_bind_blob'.
D/Mono    (10261): Probing 'sqlite3_bind_blob'.
D/Mono    (10261): Found as 'sqlite3_bind_blob'.
D/Mono    (10261): DllImport searching in: '/system/lib/libsqlite.so' ('/system/lib/libsqlite.so').
D/Mono    (10261): Searching for 'sqlite3_bind_int64'.
D/Mono    (10261): Probing 'sqlite3_bind_int64'.
D/Mono    (10261): Found as 'sqlite3_bind_int64'.
D/Mono    (10261): DllImport searching in: '__Internal' ('(null)').
D/Mono    (10261): Searching for 'java_interop_jnienv_call_nonvirtual_boolean_method_a'.
D/Mono    (10261): Probing 'java_interop_jnienv_call_nonvirtual_boolean_method_a'.
D/Mono    (10261): Found as 'java_interop_jnienv_call_nonvirtual_boolean_method_a'.
I/calabash(10261): execStartActivity 4
I/ActivityManager(  874): START u0 {cmp=com.careerbuilder.SugarDrone/md5a4824aa66c0dc4d104077b72c1916a44.TermsAndConditionsActivity} from uid 15146 on display 0
W/ResourceType(10261): No known package when getting name for resource number 0xffffffff
W/ResourceType(10261): No known package when getting name for resource number 0xffffffff
W/ResourceType(10261): No known package when getting name for resource number 0xffffffff
I/calabash(10261): newActivity1
I/System.out(10261): URI: /map
I/System.out(10261): params: {json={"query":"* id:'agreeAndContinueButton'","operation":{"method_name":"query","arguments":[]}}
I/System.out(10261): }
I/ActivityManager(  874): Displayed com.careerbuilder.SugarDrone/md5a4824aa66c0dc4d104077b72c1916a44.TermsAndConditionsActivity: +511ms
W/ResourceType(10261): No known package when getting name for resource number 0xffffffff
W/ResourceType(10261): No known package when getting name for resource number 0xffffffff
W/ResourceType(10261): No known package when getting name for resource number 0xffffffff
W/ResourceType(10261): No known package when getting name for resource number 0xffffffff
W/ResourceType(10261): No known package when getting name for resource number 0xffffffff
W/ResourceType(10261): No known package when getting name for resource number 0xffffffff
W/ResourceType(10261): No known package when getting name for resource number 0xffffffff
W/ResourceType(10261): No known package when getting name for resource number 0xffffffff
W/ResourceType(10261): No known package when getting name for resource number 0xffffffff
W/ResourceType(10261): No known package when getting name for resource number 0xffffffff
W/ResourceType(10261): No known package when getting name for resource number 0xffffffff
W/ResourceType(10261): No known package when getting name for resource number 0xffffffff
W/ResourceType(10261): No known package when getting name for resource number 0xffffffff
W/ResourceType(10261): No known package when getting name for resource number 0xffffffff
I/art     (10261): Do partial code cache collection, code=21KB, data=29KB
I/art     (10261): After code cache collection, code=20KB, data=29KB
I/art     (10261): Increasing code cache capacity to 128KB
I/System.out(10261): URI: /map
I/System.out(10261): params: {json={"query":"* id:'agreeAndContinueButton'","operation":{"method_name":"query","arguments":[]}}
I/System.out(10261): }
I/WindowManager(  874): Destroying surface Surface(name=com.careerbuilder.SugarDrone/md537fd6201b6818e2e180d2f7606e21a83.AppMainActivity) called by com.android.server.wm.WindowStateAnimator.destroySurface:2014 com.android.server.wm.WindowStateAnimator.destroySurfaceLocked:881 com.android.server.wm.WindowState.removeLocked:1449 com.android.server.wm.WindowManagerService.removeWindowInnerLocked:2478 com.android.server.wm.WindowManagerService.removeWindowLocked:2436 com.android.server.wm.WindowManagerService.removeWindowLocked:2305 com.android.server.wm.WindowManagerService.removeWindow:2300 com.android.server.wm.Session.remove:193 
W/ResourceType(10261): No known package when getting name for resource number 0xffffffff
W/ResourceType(10261): No known package when getting name for resource number 0xffffffff
I/art     (10261): Background sticky concurrent mark sweep GC freed 73741(2MB) AllocSpace objects, 11(220KB) LOS objects, 31% free, 6MB/10MB, paused 5.096ms total 36.703ms
W/ResourceType(10261): No known package when getting name for resource number 0xffffffff
I/art     (10261): Starting a blocking GC Explicit
W/ResourceType(10261): No known package when getting name for resource number 0xffffffff
W/ResourceType(10261): No known package when getting name for resource number 0xffffffff
W/ResourceType(10261): No known package when getting name for resource number 0xffffffff
W/ResourceType(10261): No known package when getting name for resource number 0xffffffff
