<![CDATA[
]]><xtc-scenario name="[0-1071]CareerBuilder_Search.DroidFeatureTests.SearchDialogueTests.LocationGetAutoComplete" id="[0-1071]CareerBuilder_Search.DroidFeatureTests.SearchDialogueTests.LocationGetAutoComplete"><![CDATA[

]]><xtc-step name="[0-1071]CareerBuilder_Search.DroidFeatureTests.SearchDialogueTests.LocationGetAutoComplete-LocationGetAutoComplete" id="[0-1071]CareerBuilder_Search.DroidFeatureTests.SearchDialogueTests.LocationGetAutoComplete-LocationGetAutoComplete"><![CDATA[
D/AndroidRuntime( 8089): >>>>>> START com.android.internal.os.RuntimeInit uid 2000 <<<<<<
D/AndroidRuntime( 8089): CheckJNI is OFF
D/ICU     ( 8089): No timezone override file found: /data/misc/zoneinfo/current/icu/icu_tzdata.dat
I/Radio-JNI( 8089): register_android_hardware_Radio DONE
D/AndroidRuntime( 8089): Calling main entry com.android.commands.pm.Pm
I/art     ( 8089): System.exit called, status: 0
I/AndroidRuntime( 8089): VM exiting with result code 0.
W/MessageQueue( 8089): Handler (android.os.Handler) {1017d54} sending message to a Handler on a dead thread
W/MessageQueue( 8089): java.lang.IllegalStateException: Handler (android.os.Handler) {1017d54} sending message to a Handler on a dead thread
W/MessageQueue( 8089): 	at android.os.MessageQueue.enqueueMessage(MessageQueue.java:543)
W/MessageQueue( 8089): 	at android.os.Handler.enqueueMessage(Handler.java:643)
W/MessageQueue( 8089): 	at android.os.Handler.sendMessageAtTime(Handler.java:612)
W/MessageQueue( 8089): 	at android.os.Handler.sendMessageDelayed(Handler.java:582)
W/MessageQueue( 8089): 	at android.os.Handler.post(Handler.java:338)
W/MessageQueue( 8089): 	at android.os.ResultReceiver$MyResultReceiver.send(ResultReceiver.java:57)
W/MessageQueue( 8089): 	at com.android.internal.os.IResultReceiver$Stub.onTransact(IResultReceiver.java:58)
W/MessageQueue( 8089): 	at android.os.Binder.execTransact(Binder.java:565)
--------- beginning of system
I/ActivityManager(  873): Killing 5777:com.android.defcontainer/u0a11 (adj 906): empty #17
I/ActivityManager(  873): Killing 6931:com.google.process.gapps/u0a56 (adj 906): empty #18
D/AndroidRuntime( 8244): >>>>>> START com.android.internal.os.RuntimeInit uid 2000 <<<<<<
D/AndroidRuntime( 8244): CheckJNI is OFF
D/ICU     ( 8244): No timezone override file found: /data/misc/zoneinfo/current/icu/icu_tzdata.dat
I/Radio-JNI( 8244): register_android_hardware_Radio DONE
D/AndroidRuntime( 8244): Calling main entry com.android.commands.am.Am
W/ActivityManager(  873): Invalid packageName: com.careerbuilder.SugarDrone
D/AndroidRuntime( 8244): Shutting down VM
I/ActivityManager(  873): Killing 5800:com.android.musicfx/u0a29 (adj 906): empty #17
I/ThermalEngine(  503): ACTION: Hotplugged OFF CPU[5]
I/ThermalEngine(  503): ACTION: Hotplugged OFF CPU[4]
D/AndroidRuntime( 8723): >>>>>> START com.android.internal.os.RuntimeInit uid 2000 <<<<<<
D/AndroidRuntime( 8723): CheckJNI is OFF
D/ICU     ( 8723): No timezone override file found: /data/misc/zoneinfo/current/icu/icu_tzdata.dat
I/Radio-JNI( 8723): register_android_hardware_Radio DONE
D/AndroidRuntime( 8723): Calling main entry com.android.commands.pm.Pm
I/        (  511): free_cache(71725114) avail 10847182848
I/ActivityManager(  873): Start proc 8773:com.android.defcontainer/u0a11 for service com.android.defcontainer/.DefaultContainerService
I/ActivityManager(  873): Start proc 8789:com.android.vending/u0a30 for broadcast com.android.vending/com.google.android.vending.verifier.PackageVerificationReceiver
W/System  ( 8789): ClassLoader referenced unknown path: /system/priv-app/Phonesky/lib/arm64
W/Finsky  ( 8789): [1] com.google.android.finsky.FinskyApp.i(1468): No account configured on this device.
W/Finsky  ( 8789): [1] com.google.android.finsky.FinskyApp.i(1468): No account configured on this device.
W/Finsky  ( 8789): [1] com.google.android.finsky.FinskyApp.i(1468): No account configured on this device.
W/Finsky  ( 8789): [1] com.google.android.finsky.FinskyApp.i(1468): No account configured on this device.
I/Finsky  ( 8789): [1] com.google.android.finsky.FinskyApp.onCreate(430): Initializing network with DFE https://android.clients.google.com/fdfe/
W/Finsky  ( 8789): [1] com.google.android.finsky.FinskyApp.i(1468): No account configured on this device.
W/Finsky  ( 8789): [1] com.google.android.finsky.FinskyApp.i(1468): No account configured on this device.
W/Finsky  ( 8789): [1] com.google.android.finsky.FinskyApp.i(1468): No account configured on this device.
W/Finsky  ( 8789): [1] com.google.android.finsky.FinskyApp.i(1468): No account configured on this device.
W/Finsky  ( 8789): [1] com.google.android.finsky.FinskyApp.i(1468): No account configured on this device.
W/Finsky  ( 8789): [1] com.google.android.finsky.FinskyApp.i(1468): No account configured on this device.
W/Finsky  ( 8789): [1] com.google.android.finsky.FinskyApp.i(1468): No account configured on this device.
W/Finsky  ( 8789): [1] com.google.android.finsky.FinskyApp.i(1468): No account configured on this device.
W/Finsky  ( 8789): [1] com.google.android.finsky.FinskyApp.i(1468): No account configured on this device.
I/Finsky  ( 8789): [1] com.google.android.finsky.services.DailyHygiene.a(171): No need to run daily hygiene.
W/Finsky  ( 8789): [1] com.google.android.finsky.FinskyApp.i(1468): No account configured on this device.
W/Settings( 8789): Setting download_manager_max_bytes_over_mobile has moved from android.provider.Settings.Secure to android.provider.Settings.Global.
W/Settings( 8789): Setting download_manager_recommended_max_bytes_over_mobile has moved from android.provider.Settings.Secure to android.provider.Settings.Global.
W/Finsky  ( 8789): [1] com.google.android.finsky.FinskyApp.i(1468): No account configured on this device.
W/Finsky  ( 8789): [1] com.google.android.finsky.FinskyApp.i(1468): No account configured on this device.
W/Finsky  ( 8789): [1] com.google.android.finsky.FinskyApp.i(1468): No account configured on this device.
W/Finsky  ( 8789): [1] com.google.android.finsky.FinskyApp.i(1468): No account configured on this device.
W/Finsky  ( 8789): [1] com.google.android.finsky.FinskyApp.i(1468): No account configured on this device.
W/Finsky  ( 8789): [1] com.google.android.finsky.FinskyApp.b(1150): No account configured on this device.
W/Finsky  ( 8789): [1] com.google.android.finsky.FinskyApp.i(1468): No account configured on this device.
I/Finsky  ( 8789): [1] com.google.android.vending.verifier.PackageVerificationReceiver.onReceive(2107): Skipping verification. Disabled by user setting
I/ActivityManager(  873): Killing 5819:com.google.android.apps.docs/u0a52 (adj 906): empty #17
I/Finsky  ( 8789): [1] com.google.android.finsky.receivers.j.a(1226): Installer kick - no action, not running yet
I/PackageManager.DexOptimizer(  873): Running dexopt (dex2oat) on: /data/app/vmdl1664118071.tmp/base.apk pkg=com.careerbuilder.SugarDrone isa=arm vmSafeMode=false debuggable=true target-filter=interpret-only oatDir = /data/app/vmdl1664118071.tmp/oat sharedLibraries=null
W/Finsky  ( 8789): [373] com.google.android.finsky.FinskyApp.i(1468): No account configured on this device.
I/Finsky  ( 8789): [1] com.google.android.finsky.c.l.a(270): result=false type=4
I/Finsky  ( 8789): [1] com.google.android.finsky.services.bc.a(1050): Restore complete with 0 success and 0 failed.
I/dex2oat ( 8840): /system/bin/dex2oat --compiler-filter=interpret-only -j4 --debuggable
W/Finsky  ( 8789): [373] com.google.android.finsky.FinskyApp.i(1468): No account configured on this device.
W/dex2oat ( 8840): Before Android 4.1, method android.graphics.PorterDuffColorFilter android.support.graphics.drawable.VectorDrawableCompat.updateTintFilter(android.graphics.PorterDuffColorFilter, android.content.res.ColorStateList, android.graphics.PorterDuff$Mode) would have incorrectly overridden the package-private method in android.graphics.drawable.Drawable
W/dex2oat ( 8840): Before Android 4.1, method int android.support.v7.widget.ListViewCompat.lookForSelectablePosition(int, boolean) would have incorrectly overridden the package-private method in android.widget.ListView
I/rmt_storage(  397): rmt_storage_connect_cb: clnt_h=0xc conn_h=0x72afa2a210
I/rmt_storage(  397): rmt_storage_rw_iovec_cb: /boot/modem_fs1: clnt_h=0x6: req_h=0xc msg_id=3: R/W request received
I/rmt_storage(  397): wakelock acquired: 1, error no: 42
I/rmt_storage(  397): rmt_storage_client_thread: /boot/modem_fs1: clnt_h=0x6 Unblock worker thread (th_id: 492571194448)
I/rmt_storage(  397): rmt_storage_client_thread: /boot/modem_fs1: clnt_h=0x6: req_h=0xc msg_id=3: Bytes written = 1572864
I/rmt_storage(  397): rmt_storage_client_thread: /boot/modem_fs1: clnt_h=0x6: req_h=0xc msg_id=3: Send response: res=0 err=0
I/rmt_storage(  397): rmt_storage_client_thread: /boot/modem_fs1: clnt_h=0x6 About to block rmt_storage client thread (th_id: 492571194448) wakelock released: 1, error no: 22
I/rmt_storage(  397): 
I/rmt_storage(  397): rmt_storage_disconnect_cb: clnt_h=0xc conn_h=0x72afa2a210
I/dex2oat ( 8840): dex2oat took 2.008s (threads: 4) arena alloc=8KB (9064B) java alloc=4MB (5065544B) native alloc=6MB (7314824B) free=2MB (2646648B)
W/PackageManager(  873): Not granting permission android.permission.MANAGE_DOCUMENTS to package com.careerbuilder.SugarDrone (protectionLevel=2 flags=0x3808be46)
W/PackageManager(  873): Not granting permission android.permission.MOUNT_UNMOUNT_FILESYSTEMS to package com.careerbuilder.SugarDrone (protectionLevel=18 flags=0x3808be46)
V/BackupManagerService(  873): restoreAtInstall pkg=com.careerbuilder.SugarDrone token=5 restoreSet=0
V/BackupManagerService(  873): Finishing install immediately
I/ActivityManager(  873): Killing 5869:com.google.android.partnersetup/u0a25 (adj 906): empty #17
I/art     (  873): Starting a blocking GC Explicit
I/art     (  873): Explicit concurrent mark sweep GC freed 112829(6MB) AllocSpace objects, 12(512KB) LOS objects, 33% free, 16MB/24MB, paused 1.614ms total 110.441ms
E/        (  511): Couldn't opendir /data/app/vmdl1664118071.tmp: No such file or directory
I/InputReader(  873): Reconfiguring input devices.  changes=0x00000010
I/ActivityManager(  873): Start proc 8885:com.android.musicfx/u0a29 for broadcast com.android.musicfx/.Compatibility$Receiver
W/ActivityManager(  873): Permission Denial: Accessing service ComponentInfo{com.google.android.music/com.google.android.music.dial.DialMediaRouteProviderService} from pid=5339, uid=10085 that is not exported from uid 10071
D/CarrierSvcBindHelper( 3257): No carrier app for: 0
D/CarrierConfigLoader( 3257): mHandler: 9 phoneId: 0
W/System  ( 8885): ClassLoader referenced unknown path: /system/priv-app/MusicFX/lib/arm64
I/art     ( 8723): System.exit called, status: 0
I/AndroidRuntime( 8723): VM exiting with result code 0.
D/RegisteredNfcFServicesCache( 4186): Service unchanged, not updating
I/Finsky  ( 8789): [1] com.google.android.finsky.utils.PermissionPolicies$PermissionPolicyService.onStartCommand(117): post-install permissions check for com.careerbuilder.SugarDrone
I/ActivityManager(  873): Start proc 8901:com.google.android.apps.docs/u0a52 for broadcast com.google.android.apps.docs/.receivers.AppPackageAddRemoveReceiver
W/Finsky  ( 8789): [1] com.google.android.finsky.FinskyApp.i(1468): No account configured on this device.
I/Finsky  ( 8789): [1] com.google.android.finsky.utils.bh.run(2302): Package state data is missing for com.careerbuilder.SugarDrone
W/Finsky  ( 8789): [1] com.google.android.finsky.FinskyApp.i(1468): No account configured on this device.
W/System  ( 8901): ClassLoader referenced unknown path: /system/app/Drive/lib/arm64
I/ActivityManager(  873): Killing 6492:com.google.android.apps.gcs/u0a17 (adj 906): empty #17
I/GAv4    ( 8901): Google Analytics 8.4.87 is starting up. To enable debug logging on a device run:
I/GAv4    ( 8901):   adb shell setprop log.tag.GAv4 DEBUG
I/GAv4    ( 8901):   adb logcat -s GAv4
W/GAv4    ( 8901): AnalyticsReceiver is not registered or is disabled. Register the receiver for reliable dispatching on non-Google Play devices. See http://goo.gl/8Rd3yj for instructions.
W/GAv4    ( 8901): CampaignTrackingReceiver is not registered, not exported or is disabled. Installation campaign tracking is not possible. See http://goo.gl/8Rd3yj for instructions.
W/GAv4    ( 8901): AnalyticsService not registered in the app manifest. Hits might not be delivered reliably. See http://goo.gl/8Rd3yj for instructions.
I/ActivityManager(  873): Killing 7464:com.google.android.gms.unstable/u0a18 (adj 906): empty #17
I/ActivityManager(  873): Start proc 8957:com.google.android.partnersetup/u0a25 for broadcast com.google.android.partnersetup/.RlzPingBroadcastReceiver
I/UpdateIcingCorporaServi( 4293): Updating corpora: APPS=com.careerbuilder.SugarDrone, CONTACTS=MAYBE
I/PeopleContactsSync( 4474): triggerPendingContactsCleanup: no accounts
D/Wear_Controller( 4474): Received broadcast action=android.intent.action.PACKAGE_ADDED and uri=com.careerbuilder.SugarDrone
W/System  ( 8957): ClassLoader referenced unknown path: /system/priv-app/GooglePartnerSetup/lib/arm64
W/IcingInternalCorpora( 4474): getNumBytesRead when not calculated.
D/AndroidRuntime( 8936): >>>>>> START com.android.internal.os.RuntimeInit uid 2000 <<<<<<
D/AndroidRuntime( 8936): CheckJNI is OFF
I/Icing   ( 4474): Usage reports 0 indexed 0 rejected 0 imm upload true
I/UpdateIcingCorporaServi( 4293): UpdateCorporaTask done [took 399 ms] updated apps [took 399 ms] 
I/Icing   ( 4474): Usage reports 0 indexed 0 rejected 0 imm upload false
I/Icing   ( 4474): Usage reports 0 indexed 0 rejected 0 imm upload false
D/ICU     ( 8936): No timezone override file found: /data/misc/zoneinfo/current/icu/icu_tzdata.dat
I/Radio-JNI( 8936): register_android_hardware_Radio DONE
D/AndroidRuntime( 8936): Calling main entry com.android.commands.settings.SettingsCmd
D/AndroidRuntime( 8936): Shutting down VM
D/AndroidRuntime( 8995): >>>>>> START com.android.internal.os.RuntimeInit uid 2000 <<<<<<
D/AndroidRuntime( 8995): CheckJNI is OFF
D/ICU     ( 8995): No timezone override file found: /data/misc/zoneinfo/current/icu/icu_tzdata.dat
I/Radio-JNI( 8995): register_android_hardware_Radio DONE
D/AndroidRuntime( 8995): Calling main entry com.android.commands.settings.SettingsCmd
D/AndroidRuntime( 8995): Shutting down VM
I/Icing   ( 4474): Indexing 9DCF3645595342548DD84D636A590C4D536A835D from com.google.android.googlequicksearchbox
I/Icing   ( 4474): Indexing done 9DCF3645595342548DD84D636A590C4D536A835D
I/Icing   ( 4474): Indexing A2F718106598400F6D2BFCAAC5AAD1AFFDB81829 from com.google.android.gms
I/Icing   ( 4474): Indexing done A2F718106598400F6D2BFCAAC5AAD1AFFDB81829
D/AndroidRuntime( 9023): >>>>>> START com.android.internal.os.RuntimeInit uid 2000 <<<<<<
D/AndroidRuntime( 9023): CheckJNI is OFF
D/ICU     ( 9023): No timezone override file found: /data/misc/zoneinfo/current/icu/icu_tzdata.dat
I/Radio-JNI( 9023): register_android_hardware_Radio DONE
D/AndroidRuntime( 9023): Calling main entry com.android.commands.settings.SettingsCmd
D/AndroidRuntime( 9023): Shutting down VM
D/AndroidRuntime( 9049): >>>>>> START com.android.internal.os.RuntimeInit uid 2000 <<<<<<
D/AndroidRuntime( 9049): CheckJNI is OFF
D/ICU     ( 9049): No timezone override file found: /data/misc/zoneinfo/current/icu/icu_tzdata.dat
I/Radio-JNI( 9049): register_android_hardware_Radio DONE
D/AndroidRuntime( 9049): Calling main entry com.android.commands.settings.SettingsCmd
D/AndroidRuntime( 9049): Shutting down VM
D/AndroidRuntime( 9073): >>>>>> START com.android.internal.os.RuntimeInit uid 2000 <<<<<<
D/AndroidRuntime( 9073): CheckJNI is OFF
D/ICU     ( 9073): No timezone override file found: /data/misc/zoneinfo/current/icu/icu_tzdata.dat
I/Radio-JNI( 9073): register_android_hardware_Radio DONE
D/AndroidRuntime( 9073): Calling main entry com.android.commands.settings.SettingsCmd
D/AndroidRuntime( 9073): Shutting down VM
D/AndroidRuntime( 9106): >>>>>> START com.android.internal.os.RuntimeInit uid 2000 <<<<<<
D/AndroidRuntime( 9106): CheckJNI is OFF
D/ICU     ( 9106): No timezone override file found: /data/misc/zoneinfo/current/icu/icu_tzdata.dat
I/Radio-JNI( 9106): register_android_hardware_Radio DONE
D/AndroidRuntime( 9106): Calling main entry com.android.commands.pm.Pm
I/art     ( 9106): System.exit called, status: 0
I/AndroidRuntime( 9106): VM exiting with result code 0.
W/MessageQueue( 9106): Handler (android.os.Handler) {39dc087} sending message to a Handler on a dead thread
W/MessageQueue( 9106): java.lang.IllegalStateException: Handler (android.os.Handler) {39dc087} sending message to a Handler on a dead thread
W/MessageQueue( 9106): 	at android.os.MessageQueue.enqueueMessage(MessageQueue.java:543)
W/MessageQueue( 9106): 	at android.os.Handler.enqueueMessage(Handler.java:643)
W/MessageQueue( 9106): 	at android.os.Handler.sendMessageAtTime(Handler.java:612)
W/MessageQueue( 9106): 	at android.os.Handler.sendMessageDelayed(Handler.java:582)
W/MessageQueue( 9106): 	at android.os.Handler.post(Handler.java:338)
W/MessageQueue( 9106): 	at android.os.ResultReceiver$MyResultReceiver.send(ResultReceiver.java:57)
W/MessageQueue( 9106): 	at com.android.internal.os.IResultReceiver$Stub.onTransact(IResultReceiver.java:58)
W/MessageQueue( 9106): 	at android.os.Binder.execTransact(Binder.java:565)
D/AndroidRuntime( 9171): >>>>>> START com.android.internal.os.RuntimeInit uid 2000 <<<<<<
D/AndroidRuntime( 9171): CheckJNI is OFF
D/ICU     ( 9171): No timezone override file found: /data/misc/zoneinfo/current/icu/icu_tzdata.dat
I/Radio-JNI( 9171): register_android_hardware_Radio DONE
D/AndroidRuntime( 9171): Calling main entry com.android.commands.pm.Pm
W/MessageQueue( 9171): Handler (android.os.Handler) {681993e} sending message to a Handler on a dead thread
W/MessageQueue( 9171): java.lang.IllegalStateException: Handler (android.os.Handler) {681993e} sending message to a Handler on a dead thread
W/MessageQueue( 9171): 	at android.os.MessageQueue.enqueueMessage(MessageQueue.java:543)
W/MessageQueue( 9171): 	at android.os.Handler.enqueueMessage(Handler.java:643)
W/MessageQueue( 9171): 	at android.os.Handler.sendMessageAtTime(Handler.java:612)
W/MessageQueue( 9171): 	at android.os.Handler.sendMessageDelayed(Handler.java:582)
W/MessageQueue( 9171): 	at android.os.Handler.post(Handler.java:338)
W/MessageQueue( 9171): 	at android.os.ResultReceiver$MyResultReceiver.send(ResultReceiver.java:57)
W/MessageQueue( 9171): 	at com.android.internal.os.IResultReceiver$Stub.onTransact(IResultReceiver.java:58)
W/MessageQueue( 9171): 	at android.os.Binder.execTransact(Binder.java:565)
I/art     ( 9171): System.exit called, status: 0
I/AndroidRuntime( 9171): VM exiting with result code 0.
D/AndroidRuntime( 9255): >>>>>> START com.android.internal.os.RuntimeInit uid 2000 <<<<<<
D/AndroidRuntime( 9255): CheckJNI is OFF
D/ICU     ( 9255): No timezone override file found: /data/misc/zoneinfo/current/icu/icu_tzdata.dat
I/Radio-JNI( 9255): register_android_hardware_Radio DONE
D/AndroidRuntime( 9255): Calling main entry com.android.commands.am.Am
W/ActivityManager(  873): Invalid packageName: com.careerbuilder.SugarDrone.test
D/AndroidRuntime( 9255): Shutting down VM
D/AndroidRuntime( 9287): >>>>>> START com.android.internal.os.RuntimeInit uid 2000 <<<<<<
D/AndroidRuntime( 9287): CheckJNI is OFF
D/ICU     ( 9287): No timezone override file found: /data/misc/zoneinfo/current/icu/icu_tzdata.dat
I/Radio-JNI( 9287): register_android_hardware_Radio DONE
D/AndroidRuntime( 9287): Calling main entry com.android.commands.pm.Pm
I/        (  511): free_cache(609973) avail 10835324928
I/Finsky  ( 8789): [1] com.google.android.vending.verifier.PackageVerificationReceiver.onReceive(2107): Skipping verification. Disabled by user setting
I/PackageManager.DexOptimizer(  873): Running dexopt (dex2oat) on: /data/app/vmdl1062770248.tmp/base.apk pkg=com.careerbuilder.SugarDrone.test isa=arm64 vmSafeMode=false debuggable=false target-filter=interpret-only oatDir = /data/app/vmdl1062770248.tmp/oat sharedLibraries=/system/framework/android.test.runner.jar:/system/framework/com.google.android.maps.jar
V/JNIHelp ( 8901): Registering com/google/android/gms/org/conscrypt/NativeCrypto's 242 native methods...
I/dex2oat ( 9315): /system/bin/dex2oat --compiler-filter=interpret-only -j4
D/NetworkSecurityConfig( 8901): No Network Security Config specified, using platform default
I/ProviderInstaller( 8901): Installed default security provider GmsCore_OpenSSL
I/dex2oat ( 9315): dex2oat took 648.983ms (threads: 4) arena alloc=8KB (9192B) java alloc=2MB (2263024B) native alloc=2MB (2697840B) free=1973KB (2020752B)
W/PackageManager(  873): Not granting permission android.permission.ACCESS_MOCK_LOCATION to package com.careerbuilder.SugarDrone.test (protectionLevel=2 flags=0x1800be44)
V/BackupManagerService(  873): restoreAtInstall pkg=com.careerbuilder.SugarDrone.test token=6 restoreSet=0
V/BackupManagerService(  873): Finishing install immediately
I/art     (  873): Starting a blocking GC Explicit
I/art     (  873): Explicit concurrent mark sweep GC freed 67136(4MB) AllocSpace objects, 58(2MB) LOS objects, 33% free, 16MB/24MB, paused 1.543ms total 101.608ms
E/        (  511): Couldn't opendir /data/app/vmdl1062770248.tmp: No such file or directory
I/art     ( 9287): System.exit called, status: 0
I/AndroidRuntime( 9287): VM exiting with result code 0.
W/ActivityManager(  873): Permission Denial: Accessing service ComponentInfo{com.google.android.music/com.google.android.music.dial.DialMediaRouteProviderService} from pid=5339, uid=10085 that is not exported from uid 10071
I/InputReader(  873): Reconfiguring input devices.  changes=0x00000010
D/CarrierSvcBindHelper( 3257): No carrier app for: 0
D/CarrierConfigLoader( 3257): mHandler: 9 phoneId: 0
D/RegisteredNfcFServicesCache( 4186): Service unchanged, not updating
I/Finsky  ( 8789): [1] com.google.android.finsky.utils.PermissionPolicies$PermissionPolicyService.onStartCommand(117): post-install permissions check for com.careerbuilder.SugarDrone.test
W/Finsky  ( 8789): [1] com.google.android.finsky.FinskyApp.i(1468): No account configured on this device.
I/Finsky  ( 8789): [1] com.google.android.finsky.utils.bh.run(2302): Package state data is missing for com.careerbuilder.SugarDrone.test
W/Finsky  ( 8789): [1] com.google.android.finsky.FinskyApp.i(1468): No account configured on this device.
I/UpdateIcingCorporaServi( 4293): Updating corpora: APPS=com.careerbuilder.SugarDrone.test, CONTACTS=MAYBE
I/UpdateIcingCorporaServi( 4293): UpdateCorporaTask done [took 42 ms] updated apps [took 42 ms] 
D/Wear_Controller( 4474): Received broadcast action=android.intent.action.PACKAGE_ADDED and uri=com.careerbuilder.SugarDrone.test
I/PeopleContactsSync( 4474): triggerPendingContactsCleanup: no accounts
W/IcingInternalCorpora( 4474): getNumBytesRead when not calculated.
I/Icing   ( 4474): Usage reports 0 indexed 0 rejected 0 imm upload false
I/Icing   ( 4474): Usage reports 0 indexed 0 rejected 0 imm upload false
D/AndroidRuntime( 9364): >>>>>> START com.android.internal.os.RuntimeInit uid 2000 <<<<<<
D/AndroidRuntime( 9364): CheckJNI is OFF
D/ICU     ( 9364): No timezone override file found: /data/misc/zoneinfo/current/icu/icu_tzdata.dat
I/Radio-JNI( 9364): register_android_hardware_Radio DONE
D/AndroidRuntime( 9364): Calling main entry com.android.commands.settings.SettingsCmd
D/AndroidRuntime( 9364): Shutting down VM
I/Icing   ( 4474): Indexing A2F718106598400F6D2BFCAAC5AAD1AFFDB81829 from com.google.android.gms
I/Icing   ( 4474): Indexing done A2F718106598400F6D2BFCAAC5AAD1AFFDB81829
D/AndroidRuntime( 9393): >>>>>> START com.android.internal.os.RuntimeInit uid 2000 <<<<<<
D/AndroidRuntime( 9393): CheckJNI is OFF
D/ICU     ( 9393): No timezone override file found: /data/misc/zoneinfo/current/icu/icu_tzdata.dat
I/Radio-JNI( 9393): register_android_hardware_Radio DONE
D/AndroidRuntime( 9393): Calling main entry com.android.commands.settings.SettingsCmd
D/AndroidRuntime( 9393): Shutting down VM
D/AndroidRuntime( 9421): >>>>>> START com.android.internal.os.RuntimeInit uid 2000 <<<<<<
D/AndroidRuntime( 9421): CheckJNI is OFF
D/ICU     ( 9421): No timezone override file found: /data/misc/zoneinfo/current/icu/icu_tzdata.dat
I/Radio-JNI( 9421): register_android_hardware_Radio DONE
D/AndroidRuntime( 9421): Calling main entry com.android.commands.settings.SettingsCmd
D/AndroidRuntime( 9421): Shutting down VM
D/AndroidRuntime( 9447): >>>>>> START com.android.internal.os.RuntimeInit uid 2000 <<<<<<
D/AndroidRuntime( 9447): CheckJNI is OFF
D/ICU     ( 9447): No timezone override file found: /data/misc/zoneinfo/current/icu/icu_tzdata.dat
I/Radio-JNI( 9447): register_android_hardware_Radio DONE
D/AndroidRuntime( 9447): Calling main entry com.android.commands.settings.SettingsCmd
D/AndroidRuntime( 9447): Shutting down VM
D/AndroidRuntime( 9472): >>>>>> START com.android.internal.os.RuntimeInit uid 2000 <<<<<<
D/AndroidRuntime( 9472): CheckJNI is OFF
D/ICU     ( 9472): No timezone override file found: /data/misc/zoneinfo/current/icu/icu_tzdata.dat
I/Radio-JNI( 9472): register_android_hardware_Radio DONE
D/AndroidRuntime( 9472): Calling main entry com.android.commands.settings.SettingsCmd
D/AndroidRuntime( 9472): Shutting down VM
D/AndroidRuntime( 9505): >>>>>> START com.android.internal.os.RuntimeInit uid 2000 <<<<<<
D/AndroidRuntime( 9505): CheckJNI is OFF
D/ICU     ( 9505): No timezone override file found: /data/misc/zoneinfo/current/icu/icu_tzdata.dat
I/Radio-JNI( 9505): register_android_hardware_Radio DONE
D/AndroidRuntime( 9505): Calling main entry com.android.commands.pm.Pm
I/art     ( 9505): System.exit called, status: 0
I/AndroidRuntime( 9505): VM exiting with result code 0.
W/MessageQueue( 9505): Handler (android.os.Handler) {ace6ba0} sending message to a Handler on a dead thread
W/MessageQueue( 9505): java.lang.IllegalStateException: Handler (android.os.Handler) {ace6ba0} sending message to a Handler on a dead thread
W/MessageQueue( 9505): 	at android.os.MessageQueue.enqueueMessage(MessageQueue.java:543)
W/MessageQueue( 9505): 	at android.os.Handler.enqueueMessage(Handler.java:643)
W/MessageQueue( 9505): 	at android.os.Handler.sendMessageAtTime(Handler.java:612)
W/MessageQueue( 9505): 	at android.os.Handler.sendMessageDelayed(Handler.java:582)
W/MessageQueue( 9505): 	at android.os.Handler.post(Handler.java:338)
W/MessageQueue( 9505): 	at android.os.ResultReceiver$MyResultReceiver.send(ResultReceiver.java:57)
W/MessageQueue( 9505): 	at com.android.internal.os.IResultReceiver$Stub.onTransact(IResultReceiver.java:58)
W/MessageQueue( 9505): 	at android.os.Binder.execTransact(Binder.java:565)
D/AndroidRuntime( 9568): >>>>>> START com.android.internal.os.RuntimeInit uid 2000 <<<<<<
D/AndroidRuntime( 9568): CheckJNI is OFF
D/ICU     ( 9568): No timezone override file found: /data/misc/zoneinfo/current/icu/icu_tzdata.dat
I/Radio-JNI( 9568): register_android_hardware_Radio DONE
D/AndroidRuntime( 9568): Calling main entry com.android.commands.pm.Pm
I/art     ( 9568): System.exit called, status: 0
I/AndroidRuntime( 9568): VM exiting with result code 0.
W/MessageQueue( 9568): Handler (android.os.Handler) {db24457} sending message to a Handler on a dead thread
W/MessageQueue( 9568): java.lang.IllegalStateException: Handler (android.os.Handler) {db24457} sending message to a Handler on a dead thread
W/MessageQueue( 9568): 	at android.os.MessageQueue.enqueueMessage(MessageQueue.java:543)
W/MessageQueue( 9568): 	at android.os.Handler.enqueueMessage(Handler.java:643)
W/MessageQueue( 9568): 	at android.os.Handler.sendMessageAtTime(Handler.java:612)
W/MessageQueue( 9568): 	at android.os.Handler.sendMessageDelayed(Handler.java:582)
W/MessageQueue( 9568): 	at android.os.Handler.post(Handler.java:338)
W/MessageQueue( 9568): 	at android.os.ResultReceiver$MyResultReceiver.send(ResultReceiver.java:57)
W/MessageQueue( 9568): 	at com.android.internal.os.IResultReceiver$Stub.onTransact(IResultReceiver.java:58)
W/MessageQueue( 9568): 	at android.os.Binder.execTransact(Binder.java:565)
D/AndroidRuntime( 9668): >>>>>> START com.android.internal.os.RuntimeInit uid 2000 <<<<<<
D/AndroidRuntime( 9668): CheckJNI is OFF
D/ICU     ( 9668): No timezone override file found: /data/misc/zoneinfo/current/icu/icu_tzdata.dat
I/Radio-JNI( 9668): register_android_hardware_Radio DONE
D/AndroidRuntime( 9668): Calling main entry com.android.commands.input.Input
I/Input   ( 9668): injectKeyEvent: KeyEvent { action=ACTION_DOWN, keyCode=KEYCODE_BACK, scanCode=0, metaState=0, flags=0x0, repeatCount=0, eventTime=270400, downTime=270400, deviceId=-1, source=0x101 }
I/Input   ( 9668): injectKeyEvent: KeyEvent { action=ACTION_UP, keyCode=KEYCODE_BACK, scanCode=0, metaState=0, flags=0x0, repeatCount=0, eventTime=270400, downTime=270400, deviceId=-1, source=0x101 }
D/AndroidRuntime( 9668): Shutting down VM
D/AndroidRuntime( 9727): >>>>>> START com.android.internal.os.RuntimeInit uid 2000 <<<<<<
D/AndroidRuntime( 9727): CheckJNI is OFF
D/ICU     ( 9727): No timezone override file found: /data/misc/zoneinfo/current/icu/icu_tzdata.dat
I/Radio-JNI( 9727): register_android_hardware_Radio DONE
D/AndroidRuntime( 9727): Calling main entry com.android.commands.input.Input
I/Input   ( 9727): injectKeyEvent: KeyEvent { action=ACTION_DOWN, keyCode=KEYCODE_HOME, scanCode=0, metaState=0, flags=0x0, repeatCount=0, eventTime=272281, downTime=272281, deviceId=-1, source=0x101 }
I/Input   ( 9727): injectKeyEvent: KeyEvent { action=ACTION_UP, keyCode=KEYCODE_HOME, scanCode=0, metaState=0, flags=0x0, repeatCount=0, eventTime=272281, downTime=272281, deviceId=-1, source=0x101 }
I/ActivityManager(  873): START u0 {act=android.intent.action.MAIN cat=[android.intent.category.HOME] flg=0x10200000 cmp=com.google.android.googlequicksearchbox/com.google.android.launcher.GEL (has extras)} from uid 1000 on display 0
W/SearchService( 4293): Abort, client detached.
D/AndroidRuntime( 9727): Shutting down VM
I/GEL     ( 4234): handleIntent(Intent { act=android.intent.action.MAIN cat=[android.intent.category.HOME] flg=0x10200000 cmp=com.google.android.googlequicksearchbox/com.google.android.launcher.GEL (has extras) })
I/MicroDetector( 4293): Keeping mic open: false
I/MicrophoneInputStream( 4293): mic_close com.google.android.apps.gsa.speech.audio.ah@6fcff9b
I/DeviceStateChecker( 4293): DeviceStateChecker cancelled
E/AudioRecord-JNI( 4293): Error -4 during AudioRecord native read
D/sound_trigger_platform(  508): platform_stdev_check_and_update_concurrency: concurrency active 0, tx 0, rx 0, concurrency session_allowed 1
I/SoundTriggerHwService::Module(  508): void android::SoundTriggerHwService::Module::onCallbackEvent(const sp<android::SoundTriggerHwService::CallbackEvent> &) mClient == 0
I/MicroRecognitionRunner( 4293): Detection finished
I/MicroRecognitionRunner( 4293): Stopping hotword detection.
W/LocationOracle( 4293): Best location was null
I/MicroDetectionWorker( 4293): Micro detection mode: [mDetectionMode: [1]].
I/MicroRecognitionRunner( 4293): Starting detection.
I/MicrophoneInputStream( 4293): mic_starting com.google.android.apps.gsa.speech.audio.ah@7c7b998
I/AudioFlinger(  508): AudioFlinger's thread 0xe9683740 ready to run
I/SoundTriggerHwService::Module(  508): void android::SoundTriggerHwService::Module::onCallbackEvent(const sp<android::SoundTriggerHwService::CallbackEvent> &) mClient == 0
I/MicrophoneInputStream( 4293): mic_started com.google.android.apps.gsa.speech.audio.ah@7c7b998
E/audio_route(  508): unable to find path 'set-capture-format-default'
D/sound_trigger_platform(  508): platform_stdev_check_and_update_concurrency: concurrency active 0, tx 1, rx 0, concurrency session_allowed 0
I/MicroDetectionWorker( 4293): onReady
D/AndroidRuntime( 9770): >>>>>> START com.android.internal.os.RuntimeInit uid 2000 <<<<<<
D/AndroidRuntime( 9770): CheckJNI is OFF
D/ICU     ( 9770): No timezone override file found: /data/misc/zoneinfo/current/icu/icu_tzdata.dat
I/Radio-JNI( 9770): register_android_hardware_Radio DONE
D/AndroidRuntime( 9770): Calling main entry com.android.commands.input.Input
I/Input   ( 9770): injectKeyEvent: KeyEvent { action=ACTION_DOWN, keyCode=KEYCODE_BACK, scanCode=0, metaState=0, flags=0x0, repeatCount=0, eventTime=273700, downTime=273700, deviceId=-1, source=0x101 }
I/Input   ( 9770): injectKeyEvent: KeyEvent { action=ACTION_UP, keyCode=KEYCODE_BACK, scanCode=0, metaState=0, flags=0x0, repeatCount=0, eventTime=273700, downTime=273700, deviceId=-1, source=0x101 }
D/AndroidRuntime( 9770): Shutting down VM
D/AndroidRuntime( 9811): >>>>>> START com.android.internal.os.RuntimeInit uid 2000 <<<<<<
D/AndroidRuntime( 9811): CheckJNI is OFF
D/ICU     ( 9811): No timezone override file found: /data/misc/zoneinfo/current/icu/icu_tzdata.dat
I/Radio-JNI( 9811): register_android_hardware_Radio DONE
D/AndroidRuntime( 9811): Calling main entry com.android.commands.am.Am
I/ActivityManager(  873): Force stopping com.careerbuilder.SugarDrone appid=19584 user=0: start instr
I/ActivityManager(  873): Start proc 9835:com.careerbuilder.SugarDrone/u0a9584 for added application com.careerbuilder.SugarDrone
I/art     ( 9835): Late-enabling -Xcheck:jni
W/System  ( 9835): ClassLoader referenced unknown path: /data/app/com.careerbuilder.SugarDrone.test-1/lib/arm64
W/System  ( 9835): ClassLoader referenced unknown path: 
W/monodroid( 9835): Using override path: /data/user/0/com.careerbuilder.SugarDrone/files/.__override__
W/monodroid( 9835): Trying to load sgen from: /data/user/0/com.careerbuilder.SugarDrone/files/.__override__/libmonosgen-2.0.so
W/monodroid( 9835): Trying to load sgen from: /storage/emulated/0/Android/data/com.careerbuilder.SugarDrone/files/.__override__/libmonosgen-2.0.so
W/monodroid( 9835): Trying to load sgen from: /data/app/com.careerbuilder.SugarDrone-1/lib/arm/libmonosgen-2.0.so
D/Mono    ( 9835): Image addref mscorlib[0xde11a380] -> mscorlib.dll[0xea38e900]: 2
D/Mono    ( 9835): Prepared to set up assembly 'mscorlib' (mscorlib.dll)
D/Mono    ( 9835): AOT module 'mscorlib.dll.so' not found: dlopen failed: library "/data/app/com.careerbuilder.SugarDrone-1/lib/arm/libaot-mscorlib.dll.so" not found
D/Mono    ( 9835): AOT module '/Users/builder/data/lanes/4009/3a62f1ea/source/monodroid/builds/install/mono-armv6/lib/mono/aot-cache/arm/mscorlib.dll.so' not found: dlopen failed: library "/data/app/com.careerbuilder.SugarDrone-1/lib/arm/libaot-mscorlib.dll.so" not found
D/Mono    ( 9835): Config attempting to parse: 'mscorlib.dll.config'.
D/Mono    ( 9835): Config attempting to parse: '/Users/builder/data/lanes/4009/3a62f1ea/source/monodroid/builds/install/mono-armv6/etc/mono/assemblies/mscorlib/mscorlib.config'.
D/Mono    ( 9835): Assembly mscorlib[0xde11a380] added to domain RootDomain, ref_count=1
D/Mono    ( 9835): Image addref CareerBuilder_Search.Droid[0xde11a3e0] -> CareerBuilder_Search.Droid.dll[0xea38f800]: 2
D/Mono    ( 9835): Prepared to set up assembly 'CareerBuilder_Search.Droid' (CareerBuilder_Search.Droid.dll)
D/Mono    ( 9835): Assembly CareerBuilder_Search.Droid[0xde11a3e0] added to domain RootDomain, ref_count=1
D/Mono    ( 9835): AOT module 'CareerBuilder_Search.Droid.dll.so' not found: dlopen failed: library "/data/app/com.careerbuilder.SugarDrone-1/lib/arm/libaot-CareerBuilder_Search.Droid.dll.so" not found
D/Mono    ( 9835): AOT module '/Users/builder/data/lanes/4009/3a62f1ea/source/monodroid/builds/install/mono-armv6/lib/mono/aot-cache/arm/CareerBuilder_Search.Droid.dll.so' not found: dlopen failed: library "/data/app/com.careerbuilder.SugarDrone-1/lib/arm/libaot-CareerBuilder_Search.Droid.dll.so" not found
D/Mono    ( 9835): Config attempting to parse: 'CareerBuilder_Search.Droid.dll.config'.
D/Mono    ( 9835): Config attempting to parse: '/Users/builder/data/lanes/4009/3a62f1ea/source/monodroid/builds/install/mono-armv6/etc/mono/assemblies/CareerBuilder_Search.Droid/CareerBuilder_Search.Droid.config'.
D/Mono    ( 9835): Image addref AppsFlyerXamarinBindingAndroid[0xde11a440] -> AppsFlyerXamarinBindingAndroid.dll[0xea38fd00]: 2
D/Mono    ( 9835): Prepared to set up assembly 'AppsFlyerXamarinBindingAndroid' (AppsFlyerXamarinBindingAndroid.dll)
D/Mono    ( 9835): Assembly AppsFlyerXamarinBindingAndroid[0xde11a440] added to domain RootDomain, ref_count=1
D/Mono    ( 9835): AOT module 'AppsFlyerXamarinBindingAndroid.dll.so' not found: dlopen failed: library "/data/app/com.careerbuilder.SugarDrone-1/lib/arm/libaot-AppsFlyerXamarinBindingAndroid.dll.so" not found
D/Mono    ( 9835): AOT module '/Users/builder/data/lanes/4009/3a62f1ea/source/monodroid/builds/install/mono-armv6/lib/mono/aot-cache/arm/AppsFlyerXamarinBindingAndroid.dll.so' not found: dlopen failed: library "/data/app/com.careerbuilder.SugarDrone-1/lib/arm/libaot-AppsFlyerXamarinBindingAndroid.dll.so" not found
D/Mono    ( 9835): Config attempting to parse: 'AppsFlyerXamarinBindingAndroid.dll.config'.
D/Mono    ( 9835): Config attempting to parse: '/Users/builder/data/lanes/4009/3a62f1ea/source/monodroid/builds/install/mono-armv6/etc/mono/assemblies/AppsFlyerXamarinBindingAndroid/AppsFlyerXamarinBindingAndroid.config'.
D/Mono    ( 9835): Image addref HockeySDK[0xde11a4a0] -> HockeySDK.dll[0xea390200]: 2
D/Mono    ( 9835): Prepared to set up assembly 'HockeySDK' (HockeySDK.dll)
D/Mono    ( 9835): Assembly HockeySDK[0xde11a4a0] added to domain RootDomain, ref_count=1
D/Mono    ( 9835): AOT module 'HockeySDK.dll.so' not found: dlopen failed: library "/data/app/com.careerbuilder.SugarDrone-1/lib/arm/libaot-HockeySDK.dll.so" not found
D/Mono    ( 9835): AOT module '/Users/builder/data/lanes/4009/3a62f1ea/source/monodroid/builds/install/mono-armv6/lib/mono/aot-cache/arm/HockeySDK.dll.so' not found: dlopen failed: library "/data/app/com.careerbuilder.SugarDrone-1/lib/arm/libaot-HockeySDK.dll.so" not found
D/Mono    ( 9835): Config attempting to parse: 'HockeySDK.dll.config'.
D/Mono    ( 9835): Config attempting to parse: '/Users/builder/data/lanes/4009/3a62f1ea/source/monodroid/builds/install/mono-armv6/etc/mono/assemblies/HockeySDK/HockeySDK.config'.
D/Mono    ( 9835): Image addref Akavache[0xde11a500] -> Akavache.dll[0xea390700]: 2
D/Mono    ( 9835): Prepared to set up assembly 'Akavache' (Akavache.dll)
D/Mono    ( 9835): Assembly Akavache[0xde11a500] added to domain RootDomain, ref_count=1
D/Mono    ( 9835): AOT module 'Akavache.dll.so' not found: dlopen failed: library "/data/app/com.careerbuilder.SugarDrone-1/lib/arm/libaot-Akavache.dll.so" not found
D/Mono    ( 9835): AOT module '/Users/builder/data/lanes/4009/3a62f1ea/source/monodroid/builds/install/mono-armv6/lib/mono/aot-cache/arm/Akavache.dll.so' not found: dlopen failed: library "/data/app/com.careerbuilder.SugarDrone-1/lib/arm/libaot-Akavache.dll.so" not found
D/Mono    ( 9835): Config attempting to parse: 'Akavache.dll.config'.
D/Mono    ( 9835): Config attempting to parse: '/Users/builder/data/lanes/4009/3a62f1ea/source/monodroid/builds/install/mono-armv6/etc/mono/assemblies/Akavache/Akavache.config'.
D/Mono    ( 9835): Image addref Akavache.Sqlite3[0xde11a560] -> Akavache.Sqlite3.dll[0xea390c00]: 2
D/Mono    ( 9835): Prepared to set up assembly 'Akavache.Sqlite3' (Akavache.Sqlite3.dll)
D/Mono    ( 9835): Assembly Akavache.Sqlite3[0xde11a560] added to domain RootDomain, ref_count=1
D/Mono    ( 9835): AOT module 'Akavache.Sqlite3.dll.so' not found: dlopen failed: library "/data/app/com.careerbuilder.SugarDrone-1/lib/arm/libaot-Akavache.Sqlite3.dll.so" not found
D/Mono    ( 9835): AOT module '/Users/builder/data/lanes/4009/3a62f1ea/source/monodroid/builds/install/mono-armv6/lib/mono/aot-cache/arm/Akavache.Sqlite3.dll.so' not found: dlopen failed: library "/data/app/com.careerbuilder.SugarDrone-1/lib/arm/libaot-Akavache.Sqlite3.dll.so" not found
W/        ( 9835): Symbol file LoadedFromMemory doesn't match image Akavache.Sqlite3.dll
D/Mono    ( 9835): Config attempting to parse: 'Akavache.Sqlite3.dll.config'.
D/Mono    ( 9835): Config attempting to parse: '/Users/builder/data/lanes/4009/3a62f1ea/source/monodroid/builds/install/mono-armv6/etc/mono/assemblies/Akavache.Sqlite3/Akavache.Sqlite3.config'.
D/Mono    ( 9835): Image addref Splat[0xde11a5c0] -> Splat.dll[0xea391100]: 2
D/Mono    ( 9835): Prepared to set up assembly 'Splat' (Splat.dll)
D/Mono    ( 9835): Assembly Splat[0xde11a5c0] added to domain RootDomain, ref_count=1
D/Mono    ( 9835): AOT module 'Splat.dll.so' not found: dlopen failed: library "/data/app/com.careerbuilder.SugarDrone-1/lib/arm/libaot-Splat.dll.so" not found
D/Mono    ( 9835): AOT module '/Users/builder/data/lanes/4009/3a62f1ea/source/monodroid/builds/install/mono-armv6/lib/mono/aot-cache/arm/Splat.dll.so' not found: dlopen failed: library "/data/app/com.careerbuilder.SugarDrone-1/lib/arm/libaot-Splat.dll.so" not found
D/Mono    ( 9835): Config attempting to parse: 'Splat.dll.config'.
D/Mono    ( 9835): Config attempting to parse: '/Users/builder/data/lanes/4009/3a62f1ea/source/monodroid/builds/install/mono-armv6/etc/mono/assemblies/Splat/Splat.config'.
D/Mono    ( 9835): Image addref Microsoft.Practices.ServiceLocation[0xde11a620] -> Microsoft.Practices.ServiceLocation.dll[0xea391600]: 2
D/Mono    ( 9835): Prepared to set up assembly 'Microsoft.Practices.ServiceLocation' (Microsoft.Practices.ServiceLocation.dll)
D/Mono    ( 9835): Assembly Microsoft.Practices.ServiceLocation[0xde11a620] added to domain RootDomain, ref_count=1
D/Mono    ( 9835): AOT module 'Microsoft.Practices.ServiceLocation.dll.so' not found: dlopen failed: library "/data/app/com.careerbuilder.SugarDrone-1/lib/arm/libaot-Microsoft.Practices.ServiceLocation.dll.so" not found
D/Mono    ( 9835): AOT module '/Users/builder/data/lanes/4009/3a62f1ea/source/monodroid/builds/install/mono-armv6/lib/mono/aot-cache/arm/Microsoft.Practices.ServiceLocation.dll.so' not found: dlopen failed: library "/data/app/com.careerbuilder.SugarDrone-1/lib/arm/libaot-Microsoft.Practices.ServiceLocation.dll.so" not found
D/Mono    ( 9835): Config attempting to parse: 'Microsoft.Practices.ServiceLocation.dll.config'.
D/Mono    ( 9835): Config attempting to parse: '/Users/builder/data/lanes/4009/3a62f1ea/source/monodroid/builds/install/mono-armv6/etc/mono/assemblies/Microsoft.Practices.ServiceLocation/Microsoft.Practices.ServiceLocation.config'.
D/Mono    ( 9835): Image addref Microsoft.Practices.Unity[0xde11a680] -> Microsoft.Practices.Unity.dll[0xea391b00]: 2
D/Mono    ( 9835): Prepared to set up assembly 'Microsoft.Practices.Unity' (Microsoft.Practices.Unity.dll)
D/Mono    ( 9835): Assembly Microsoft.Practices.Unity[0xde11a680] added to domain RootDomain, ref_count=1
D/Mono    ( 9835): AOT module 'Microsoft.Practices.Unity.dll.so' not found: dlopen failed: library "/data/app/com.careerbuilder.SugarDrone-1/lib/arm/libaot-Microsoft.Practices.Unity.dll.so" not found
D/Mono    ( 9835): AOT module '/Users/builder/data/lanes/4009/3a62f1ea/source/monodroid/builds/install/mono-armv6/lib/mono/aot-cache/arm/Microsoft.Practices.Unity.dll.so' not found: dlopen failed: library "/data/app/com.careerbuilder.SugarDrone-1/lib/arm/libaot-Microsoft.Practices.Unity.dll.so" not found
D/Mono    ( 9835): Config attempting to parse: 'Microsoft.Practices.Unity.dll.config'.
D/Mono    ( 9835): Config attempting to parse: '/Users/builder/data/lanes/4009/3a62f1ea/source/monodroid/builds/install/mono-armv6/etc/mono/assemblies/Microsoft.Practices.Unity/Microsoft.Practices.Unity.config'.
D/Mono    ( 9835): Image addref Plugin.CurrentActivity[0xde11a6e0] -> Plugin.CurrentActivity.dll[0xde134000]: 2
D/Mono    ( 9835): Prepared to set up assembly 'Plugin.CurrentActivity' (Plugin.CurrentActivity.dll)
D/Mono    ( 9835): Assembly Plugin.CurrentActivity[0xde11a6e0] added to domain RootDomain, ref_count=1
D/Mono    ( 9835): AOT module 'Plugin.CurrentActivity.dll.so' not found: dlopen failed: library "/data/app/com.careerbuilder.SugarDrone-1/lib/arm/libaot-Plugin.CurrentActivity.dll.so" not found
D/Mono    ( 9835): AOT module '/Users/builder/data/lanes/4009/3a62f1ea/source/monodroid/builds/install/mono-armv6/lib/mono/aot-cache/arm/Plugin.CurrentActivity.dll.so' not found: dlopen failed: library "/data/app/com.careerbuilder.SugarDrone-1/lib/arm/libaot-Plugin.CurrentActivity.dll.so" not found
D/Mono    ( 9835): Config attempting to parse: 'Plugin.CurrentActivity.dll.config'.
D/Mono    ( 9835): Config attempting to parse: '/Users/builder/data/lanes/4009/3a62f1ea/source/monodroid/builds/install/mono-armv6/etc/mono/assemblies/Plugin.CurrentActivity/Plugin.CurrentActivity.config'.
D/Mono    ( 9835): Image addref Plugin.Permissions[0xde11a740] -> Plugin.Permissions.dll[0xde134500]: 2
D/Mono    ( 9835): Prepared to set up assembly 'Plugin.Permissions' (Plugin.Permissions.dll)
D/Mono    ( 9835): Assembly Plugin.Permissions[0xde11a740] added to domain RootDomain, ref_count=1
D/Mono    ( 9835): AOT module 'Plugin.Permissions.dll.so' not found: dlopen failed: library "/data/app/com.careerbuilder.SugarDrone-1/lib/arm/libaot-Plugin.Permissions.dll.so" not found
D/Mono    ( 9835): AOT module '/Users/builder/data/lanes/4009/3a62f1ea/source/monodroid/builds/install/mono-armv6/lib/mono/aot-cache/arm/Plugin.Permissions.dll.so' not found: dlopen failed: library "/data/app/com.careerbuilder.SugarDrone-1/lib/arm/libaot-Plugin.Permissions.dll.so" not found
D/Mono    ( 9835): Config attempting to parse: 'Plugin.Permissions.dll.config'.
D/Mono    ( 9835): Config attempting to parse: '/Users/builder/data/lanes/4009/3a62f1ea/source/monodroid/builds/install/mono-armv6/etc/mono/assemblies/Plugin.Permissions/Plugin.Permissions.config'.
D/Mono    ( 9835): Image addref Plugin.Permissions.Abstractions[0xde11a7a0] -> Plugin.Permissions.Abstractions.dll[0xde134a00]: 2
D/Mono    ( 9835): Prepared to set up assembly 'Plugin.Permissions.Abstractions' (Plugin.Permissions.Abstractions.dll)
D/Mono    ( 9835): Assembly Plugin.Permissions.Abstractions[0xde11a7a0] added to domain RootDomain, ref_count=1
D/Mono    ( 9835): AOT module 'Plugin.Permissions.Abstractions.dll.so' not found: dlopen failed: library "/data/app/com.careerbuilder.SugarDrone-1/lib/arm/libaot-Plugin.Permissions.Abstractions.dll.so" not found
D/Mono    ( 9835): AOT module '/Users/builder/data/lanes/4009/3a62f1ea/source/monodroid/builds/install/mono-armv6/lib/mono/aot-cache/arm/Plugin.Permissions.Abstractions.dll.so' not found: dlopen failed: library "/data/app/com.careerbuilder.SugarDrone-1/lib/arm/libaot-Plugin.Permissions.Abstractions.dll.so" not found
D/Mono    ( 9835): Config attempting to parse: 'Plugin.Permissions.Abstractions.dll.config'.
D/Mono    ( 9835): Config attempting to parse: '/Users/builder/data/lanes/4009/3a62f1ea/source/monodroid/builds/install/mono-armv6/etc/mono/assemblies/Plugin.Permissions.Abstractions/Plugin.Permissions.Abstractions.config'.
D/Mono    ( 9835): Image addref Plugin.Geolocator[0xde11a800] -> Plugin.Geolocator.dll[0xde134f00]: 2
D/Mono    ( 9835): Prepared to set up assembly 'Plugin.Geolocator' (Plugin.Geolocator.dll)
D/Mono    ( 9835): Assembly Plugin.Geolocator[0xde11a800] added to domain RootDomain, ref_count=1
D/Mono    ( 9835): AOT module 'Plugin.Geolocator.dll.so' not found: dlopen failed: library "/data/app/com.careerbuilder.SugarDrone-1/lib/arm/libaot-Plugin.Geolocator.dll.so" not found
D/Mono    ( 9835): AOT module '/Users/builder/data/lanes/4009/3a62f1ea/source/monodroid/builds/install/mono-armv6/lib/mono/aot-cache/arm/Plugin.Geolocator.dll.so' not found: dlopen failed: library "/data/app/com.careerbuilder.SugarDrone-1/lib/arm/libaot-Plugin.Geolocator.dll.so" not found
D/Mono    ( 9835): Config attempting to parse: 'Plugin.Geolocator.dll.config'.
D/Mono    ( 9835): Config attempting to parse: '/Users/builder/data/lanes/4009/3a62f1ea/source/monodroid/builds/install/mono-armv6/etc/mono/assemblies/Plugin.Geolocator/Plugin.Geolocator.config'.
D/Mono    ( 9835): Image addref Plugin.Geolocator.Abstractions[0xde11a860] -> Plugin.Geolocator.Abstractions.dll[0xde135400]: 2
D/Mono    ( 9835): Prepared to set up assembly 'Plugin.Geolocator.Abstractions' (Plugin.Geolocator.Abstractions.dll)
D/Mono    ( 9835): Assembly Plugin.Geolocator.Abstractions[0xde11a860] added to domain RootDomain, ref_count=1
D/Mono    ( 9835): AOT module 'Plugin.Geolocator.Abstractions.dll.so' not found: dlopen failed: library "/data/app/com.careerbuilder.SugarDrone-1/lib/arm/libaot-Plugin.Geolocator.Abstractions.dll.so" not found
D/Mono    ( 9835): AOT module '/Users/builder/data/lanes/4009/3a62f1ea/source/monodroid/builds/install/mono-armv6/lib/mono/aot-cache/arm/Plugin.Geolocator.Abstractions.dll.so' not found: dlopen failed: library "/data/app/com.careerbuilder.SugarDrone-1/lib/arm/libaot-Plugin.Geolocator.Abstractions.dll.so" not found
D/Mono    ( 9835): Config attempting to parse: 'Plugin.Geolocator.Abstractions.dll.config'.
D/Mono    ( 9835): Config attempting to parse: '/Users/builder/data/lanes/4009/3a62f1ea/source/monodroid/builds/install/mono-armv6/etc/mono/assemblies/Plugin.Geolocator.Abstractions/Plugin.Geolocator.Abstractions.config'.
D/Mono    ( 9835): Image addref Plugin.DeviceInfo[0xde11a8c0] -> Plugin.DeviceInfo.dll[0xde135900]: 2
D/Mono    ( 9835): Prepared to set up assembly 'Plugin.DeviceInfo' (Plugin.DeviceInfo.dll)
D/Mono    ( 9835): Assembly Plugin.DeviceInfo[0xde11a8c0] added to domain RootDomain, ref_count=1
D/Mono    ( 9835): AOT module 'Plugin.DeviceInfo.dll.so' not found: dlopen failed: library "/data/app/com.careerbuilder.SugarDrone-1/lib/arm/libaot-Plugin.DeviceInfo.dll.so" not found
D/Mono    ( 9835): AOT module '/Users/builder/data/lanes/4009/3a62f1ea/source/monodroid/builds/install/mono-armv6/lib/mono/aot-cache/arm/Plugin.DeviceInfo.dll.so' not found: dlopen failed: library "/data/app/com.careerbuilder.SugarDrone-1/lib/arm/libaot-Plugin.DeviceInfo.dll.so" not found
D/Mono    ( 9835): Config attempting to parse: 'Plugin.DeviceInfo.dll.config'.
D/Mono    ( 9835): Config attempting to parse: '/Users/builder/data/lanes/4009/3a62f1ea/source/monodroid/builds/install/mono-armv6/etc/mono/assemblies/Plugin.DeviceInfo/Plugin.DeviceInfo.config'.
