I/WindowManager(  873): Destroying surface Surface(name=com.careerbuilder.SugarDrone/md537fd6201b6818e2e180d2f7606e21a83.AppMainActivity) called by com.android.server.wm.WindowStateAnimator.destroySurface:2014 com.android.server.wm.WindowStateAnimator.destroySurfaceLocked:881 com.android.server.wm.WindowState.removeLocked:1449 com.android.server.wm.WindowManagerService.removeWindowInnerLocked:2478 com.android.server.wm.WindowManagerService.removeWindowLocked:2436 com.android.server.wm.WindowManagerService.removeWindowLocked:2305 com.android.server.wm.WindowManagerService.removeWindow:2300 com.android.server.wm.Session.remove:193 
W/ResourceType( 9835): No known package when getting name for resource number 0xffffffff
W/ResourceType( 9835): No known package when getting name for resource number 0xffffffff
W/ResourceType( 9835): No known package when getting name for resource number 0xffffffff
W/ResourceType( 9835): No known package when getting name for resource number 0xffffffff
W/ResourceType( 9835): No known package when getting name for resource number 0xffffffff
W/ResourceType( 9835): No known package when getting name for resource number 0xffffffff
W/ResourceType( 9835): No known package when getting name for resource number 0xffffffff
W/ResourceType( 9835): No known package when getting name for resource number 0xffffffff
W/ResourceType( 9835): No known package when getting name for resource number 0xffffffff
W/ResourceType( 9835): No known package when getting name for resource number 0xffffffff
W/ResourceType( 9835): No known package when getting name for resource number 0xffffffff
I/art     ( 9835): Do partial code cache collection, code=20KB, data=29KB
I/art     ( 9835): After code cache collection, code=20KB, data=29KB
I/art     ( 9835): Increasing code cache capacity to 128KB
I/System.out( 9835): URI: /map
I/System.out( 9835): params: {json={"query":"* id:'agreeAndContinueButton'","operation":{"method_name":"query","arguments":[]}}
I/System.out( 9835): }
W/ResourceType( 9835): No known package when getting name for resource number 0xffffffff
W/ResourceType( 9835): No known package when getting name for resource number 0xffffffff
W/ResourceType( 9835): No known package when getting name for resource number 0xffffffff
W/ResourceType( 9835): No known package when getting name for resource number 0xffffffff
W/ResourceType( 9835): No known package when getting name for resource number 0xffffffff
W/ResourceType( 9835): No known package when getting name for resource number 0xffffffff
W/ResourceType( 9835): No known package when getting name for resource number 0xffffffff
W/ResourceType( 9835): No known package when getting name for resource number 0xffffffff
W/ResourceType( 9835): No known package when getting name for resource number 0xffffffff
W/ResourceType( 9835): No known package when getting name for resource number 0xffffffff
W/ResourceType( 9835): No known package when getting name for resource number 0xffffffff
I/System.out( 9835): URI: /map
I/System.out( 9835): params: {json={"query":"* id:'agreeAndContinueButton'","operation":{"method_name":"query","arguments":[]}}
I/System.out( 9835): }
W/ResourceType( 9835): No known package when getting name for resource number 0xffffffff
W/ResourceType( 9835): No known package when getting name for resource number 0xffffffff
W/ResourceType( 9835): No known package when getting name for resource number 0xffffffff
W/ResourceType( 9835): No known package when getting name for resource number 0xffffffff
W/ResourceType( 9835): No known package when getting name for resource number 0xffffffff
W/ResourceType( 9835): No known package when getting name for resource number 0xffffffff
W/ResourceType( 9835): No known package when getting name for resource number 0xffffffff
W/ResourceType( 9835): No known package when getting name for resource number 0xffffffff
W/ResourceType( 9835): No known package when getting name for resource number 0xffffffff
W/ResourceType( 9835): No known package when getting name for resource number 0xffffffff
W/ResourceType( 9835): No known package when getting name for resource number 0xffffffff
I/System.out( 9835): URI: /map
I/System.out( 9835): params: {json={"query":"* id:'agreeAndContinueButton'","operation":{"method_name":"query","arguments":[]}}
I/System.out( 9835): }
W/ResourceType( 9835): No known package when getting name for resource number 0xffffffff
W/ResourceType( 9835): No known package when getting name for resource number 0xffffffff
W/ResourceType( 9835): No known package when getting name for resource number 0xffffffff
W/ResourceType( 9835): No known package when getting name for resource number 0xffffffff
W/ResourceType( 9835): No known package when getting name for resource number 0xffffffff
W/ResourceType( 9835): No known package when getting name for resource number 0xffffffff
W/ResourceType( 9835): No known package when getting name for resource number 0xffffffff
W/ResourceType( 9835): No known package when getting name for resource number 0xffffffff
W/ResourceType( 9835): No known package when getting name for resource number 0xffffffff
W/ResourceType( 9835): No known package when getting name for resource number 0xffffffff
W/ResourceType( 9835): No known package when getting name for resource number 0xffffffff
D/Mono    ( 9835): [0xc97de920] worker starting
D/Mono    ( 9835): Assembly Ref addref System.Net.Http[0xea398560] -> System.Core[0xde11b8e0]: 13
D/Mono    ( 9835): Assembly Ref addref Mono.Android[0xde11b2e0] -> System[0xde11b580]: 12
D/Mono    ( 9835): DllImport searching in: '__Internal' ('(null)').
D/Mono    ( 9835): Searching for 'java_interop_jnienv_call_nonvirtual_int_method_a'.
D/Mono    ( 9835): Probing 'java_interop_jnienv_call_nonvirtual_int_method_a'.
D/Mono    ( 9835): Found as 'java_interop_jnienv_call_nonvirtual_int_method_a'.
D/Mono    ( 9835): DllImport searching in: '__Internal' ('(null)').
D/Mono    ( 9835): Searching for 'java_interop_jnienv_get_float_field'.
D/Mono    ( 9835): Probing 'java_interop_jnienv_get_float_field'.
D/Mono    ( 9835): Found as 'java_interop_jnienv_get_float_field'.
D/Mono    ( 9835): DllImport searching in: '__Internal' ('(null)').
D/Mono    ( 9835): Searching for 'java_interop_jnienv_new_object_array'.
D/Mono    ( 9835): Probing 'java_interop_jnienv_new_object_array'.
D/Mono    ( 9835): Found as 'java_interop_jnienv_new_object_array'.
D/Mono    ( 9835): DllImport searching in: '__Internal' ('(null)').
D/Mono    ( 9835): Searching for 'java_interop_jnienv_set_object_array_element'.
D/Mono    ( 9835): Probing 'java_interop_jnienv_set_object_array_element'.
D/Mono    ( 9835): Found as 'java_interop_jnienv_set_object_array_element'.
I/System.out( 9835): URI: /map
I/System.out( 9835): params: {json={"query":"* id:'agreeAndContinueButton'","operation":{"method_name":"query","arguments":[]}}
I/System.out( 9835): }
W/ResourceType( 9835): No known package when getting name for resource number 0xffffffff
W/ResourceType( 9835): No known package when getting name for resource number 0xffffffff
W/ResourceType( 9835): No known package when getting name for resource number 0xffffffff
W/ResourceType( 9835): No known package when getting name for resource number 0xffffffff
W/ResourceType( 9835): No known package when getting name for resource number 0xffffffff
W/ResourceType( 9835): No known package when getting name for resource number 0xffffffff
W/ResourceType( 9835): No known package when getting name for resource number 0xffffffff
W/ResourceType( 9835): No known package when getting name for resource number 0xffffffff
W/ResourceType( 9835): No known package when getting name for resource number 0xffffffff
W/ResourceType( 9835): No known package when getting name for resource number 0xffffffff
W/ResourceType( 9835): No known package when getting name for resource number 0xffffffff
D/Mono    ( 9835): [0xc6fff920] worker starting
I/System.out( 9835): URI: /map
I/System.out( 9835): params: {json={"query":"* id:'agreeAndContinueButton'","operation":{"method_name":"query","arguments":[]}}
I/System.out( 9835): }
W/ResourceType( 9835): No known package when getting name for resource number 0xffffffff
W/ResourceType( 9835): No known package when getting name for resource number 0xffffffff
W/ResourceType( 9835): No known package when getting name for resource number 0xffffffff
W/ResourceType( 9835): No known package when getting name for resource number 0xffffffff
W/ResourceType( 9835): No known package when getting name for resource number 0xffffffff
W/ResourceType( 9835): No known package when getting name for resource number 0xffffffff
W/ResourceType( 9835): No known package when getting name for resource number 0xffffffff
W/ResourceType( 9835): No known package when getting name for resource number 0xffffffff
W/ResourceType( 9835): No known package when getting name for resource number 0xffffffff
W/ResourceType( 9835): No known package when getting name for resource number 0xffffffff
W/ResourceType( 9835): No known package when getting name for resource number 0xffffffff
D/Mono    ( 9835): Unloading image System.dll [0xc7f51e00].
D/Mono    ( 9835): Image addref System[0xe30d9320] -> System.dll[0xe8d8ad00]: 5
D/Mono    ( 9835): Config attempting to parse: 'System.dll.config'.
D/Mono    ( 9835): Config attempting to parse: '/Users/builder/data/lanes/4009/3a62f1ea/source/monodroid/builds/install/mono-armv6/etc/mono/assemblies/System/System.config'.
D/Mono    ( 9835): Unloading image System.dll [0xc7f51e00].
D/Mono    ( 9835): Image addref System[0xe30d8c60] -> System.dll[0xe8d8ad00]: 6
D/Mono    ( 9835): Config attempting to parse: 'System.dll.config'.
D/Mono    ( 9835): Config attempting to parse: '/Users/builder/data/lanes/4009/3a62f1ea/source/monodroid/builds/install/mono-armv6/etc/mono/assemblies/System/System.config'.
D/Mono    ( 9835): Unloading image System.dll [0xc7f51e00].
D/Mono    ( 9835): Image addref System[0xe30d8c60] -> System.dll[0xe8d8ad00]: 7
D/Mono    ( 9835): Config attempting to parse: 'System.dll.config'.
D/Mono    ( 9835): Config attempting to parse: '/Users/builder/data/lanes/4009/3a62f1ea/source/monodroid/builds/install/mono-armv6/etc/mono/assemblies/System/System.config'.
D/Mono    ( 9835): Unloading image System.dll [0xc7f51e00].
D/Mono    ( 9835): Image addref System[0xe30d8c60] -> System.dll[0xe8d8ad00]: 8
D/Mono    ( 9835): Config attempting to parse: 'System.dll.config'.
D/Mono    ( 9835): Config attempting to parse: '/Users/builder/data/lanes/4009/3a62f1ea/source/monodroid/builds/install/mono-armv6/etc/mono/assemblies/System/System.config'.
D/Mono    ( 9835): DllImport searching in: '__Internal' ('(null)').
D/Mono    ( 9835): Searching for 'java_interop_jnienv_is_assignable_from'.
D/Mono    ( 9835): Probing 'java_interop_jnienv_is_assignable_from'.
D/Mono    ( 9835): Found as 'java_interop_jnienv_is_assignable_from'.
D/Mono    ( 9835): DllImport searching in: '__Internal' ('(null)').
D/Mono    ( 9835): Searching for 'java_interop_jnienv_get_byte_array_region'.
D/Mono    ( 9835): Probing 'java_interop_jnienv_get_byte_array_region'.
D/Mono    ( 9835): Found as 'java_interop_jnienv_get_byte_array_region'.
D/Mono    ( 9835): DllImport searching in: '__Internal' ('(null)').
D/Mono    ( 9835): Searching for 'java_interop_jnienv_set_byte_array_region'.
D/Mono    ( 9835): Probing 'java_interop_jnienv_set_byte_array_region'.
D/Mono    ( 9835): Found as 'java_interop_jnienv_set_byte_array_region'.
W/Mono    ( 9835): The request to load the assembly System.Core v4.0.0.0 was remapped to v2.0.5.0
D/Mono    ( 9835): Unloading image System.Core.dll [0xc7961200].
D/Mono    ( 9835): Image addref System.Core[0xc7947fa0] -> System.Core.dll[0xe8d8bc00]: 5
D/Mono    ( 9835): Config attempting to parse: 'System.Core.dll.config'.
D/Mono    ( 9835): Config attempting to parse: '/Users/builder/data/lanes/4009/3a62f1ea/source/monodroid/builds/install/mono-armv6/etc/mono/assemblies/System.Core/System.Core.config'.
W/Mono    ( 9835): The request to load the assembly System.Core v4.0.0.0 was remapped to v2.0.5.0
D/Mono    ( 9835): Unloading image System.Core.dll [0xc7961200].
D/Mono    ( 9835): Image addref System.Core[0xc8aee180] -> System.Core.dll[0xe8d8bc00]: 6
D/Mono    ( 9835): Config attempting to parse: 'System.Core.dll.config'.
D/Mono    ( 9835): Config attempting to parse: '/Users/builder/data/lanes/4009/3a62f1ea/source/monodroid/builds/install/mono-armv6/etc/mono/assemblies/System.Core/System.Core.config'.
I/System.out( 9835): URI: /
I/System.out( 9835): params: {json={"command":"touch_coordinate","arguments":[540.0,1705.0]}
I/System.out( 9835): }
I/System.out( 9835): header: {content-type=application/json; charset=utf-8, connection=close, host=devicehost18.prod, x-session-token=token-token-f194fcec-51e0-48ae-8652-8e11919995f5, content-length=57, x-forwarded-for=10.222.150.14}
I/System.out( 9835): params: {json={"command":"touch_coordinate","arguments":[540.0,1705.0]}
I/System.out( 9835): }
I/System.out( 9835): ProP json = {"command":"touch_coordinate","arguments":[540.0,1705.0]}
I/System.out( 9835): files: {}
I/System.out( 9835): command: {"command":"touch_coordinate","arguments":[540.0,1705.0]}
I/InstrumentationBackend( 9835): Got command:'Command:'Line:null,touch_coordinate', arguments:'[540.0, 1705.0]'
D/Mono    ( 9835): [0xc6fff920] hill climbing, change max number of threads 7
D/Mono    ( 9835): DllImport searching in: '__Internal' ('(null)').
D/Mono    ( 9835): Searching for 'java_interop_jnienv_new_byte_array'.
D/Mono    ( 9835): Probing 'java_interop_jnienv_new_byte_array'.
D/Mono    ( 9835): Found as 'java_interop_jnienv_new_byte_array'.
I/System.out( 9835): result:{"bonusInformation":[],"message":"","success":true}
I/System.out( 9835): URI: /backdoor
I/System.out( 9835): params: {json={"method_name":"APISetup","arguments":[200]}
I/System.out( 9835): }
I/System.out( 9835): URI: /backdoor
I/System.out( 9835): params: {json={"method_name":"MyCBBackdoor","arguments":[]}
I/System.out( 9835): }
D/Mono    ( 9835): Assembly Ref addref CareerBuilder_Search.Droid[0xde11a3e0] -> Xamarin.Android.Support.Design[0xde11ae00]: 2
I/calabash( 9835): execStartActivity 4
I/ActivityManager(  873): START u0 {cmp=com.careerbuilder.SugarDrone/md5a4824aa66c0dc4d104077b72c1916a44.MasterNavActivity} from uid 19584 on display 0
I/calabash( 9835): newActivity1
I/ThermalEngine(  503): ACTION: LCD - Setting max LCD brightness to 208
I/System.out( 9835): URI: /map
I/System.out( 9835): params: {json={"query":"* marked:'Search'","operation":{"method_name":"query","arguments":[]}}
I/System.out( 9835): }
D/Mono    ( 9835): DllImport searching in: '__Internal' ('(null)').
D/Mono    ( 9835): Searching for 'java_interop_jnienv_call_nonvirtual_object_method'.
D/Mono    ( 9835): Probing 'java_interop_jnienv_call_nonvirtual_object_method'.
D/Mono    ( 9835): Found as 'java_interop_jnienv_call_nonvirtual_object_method'.
I/art     ( 9835): Do partial code cache collection, code=43KB, data=62KB
I/art     ( 9835): After code cache collection, code=43KB, data=62KB
I/art     ( 9835): Increasing code cache capacity to 256KB
D/Mono    ( 9835): DllImport searching in: '__Internal' ('(null)').
D/Mono    ( 9835): Searching for 'java_interop_jnienv_call_int_method'.
D/Mono    ( 9835): Probing 'java_interop_jnienv_call_int_method'.
D/Mono    ( 9835): Found as 'java_interop_jnienv_call_int_method'.
I/art     ( 9835): Starting a blocking GC Explicit
D/Mono    ( 9835): Assembly Ref addref Xamarin.Android.Support.Design[0xde11ae00] -> Xamarin.Android.Support.v4[0xde11ac20]: 4
I/art     ( 9835): Explicit concurrent mark sweep GC freed 59154(2MB) AllocSpace objects, 17(340KB) LOS objects, 39% free, 7MB/12MB, paused 5.455ms total 61.577ms
D/Mono    ( 9835): Assembly Ref addref CareerBuilder_Search.Droid[0xde11a3e0] -> Xamarin.Android.Support.v7.RecyclerView[0xde11ac80]: 2
D/Mono    ( 9835): Assembly Ref addref Xamarin.Android.Support.v7.RecyclerView[0xde11ac80] -> Xamarin.Android.Support.v4[0xde11ac20]: 5
D/Mono    ( 9835): Assembly Ref addref CareerBuilder_Search.Droid[0xde11a3e0] -> FloatingActionButton-Xamarin[0xde11abc0]: 2
D/Mono    ( 9835): Unloading image System.IO.dll [0xc6168a00].
D/Mono    ( 9835): Image addref System.IO[0xc712dd40] -> System.IO.dll[0xcaaf2f00]: 6
D/Mono    ( 9835): Config attempting to parse: 'System.IO.dll.config'.
D/Mono    ( 9835): Config attempting to parse: '/Users/builder/data/lanes/4009/3a62f1ea/source/monodroid/builds/install/mono-armv6/etc/mono/assemblies/System.IO/System.IO.config'.
D/Mono    ( 9835): Assembly Ref addref CareerBuilder_Search[0xde11b280] -> System.IO[0xea3df580]: 4
W/FragmentManager( 9835): moveToState: Fragment state for SavedJobsFragment{5dede9d #0 id=0x7f0a0148 android:switcher:2131362120:1} not updated inline; expected state 3 found 2
D/Mono    ( 9835): Assembly Ref addref CareerBuilder_Search.Droid[0xde11a3e0] -> System[0xde11b580]: 13
W/FragmentManager( 9835): moveToState: Fragment state for ResumeManagementFragment{226cf12 #1 id=0x7f0a0148 android:switcher:2131362120:2} not updated inline; expected state 3 found 2
D/Mono    ( 9835): Unloading image System.Linq.dll [0xc7ebce00].
D/Mono    ( 9835): Image addref System.Linq[0xe30d99e0] -> System.Linq.dll[0xcacc1a00]: 9
D/Mono    ( 9835): Config attempting to parse: 'System.Linq.dll.config'.
D/Mono    ( 9835): Config attempting to parse: '/Users/builder/data/lanes/4009/3a62f1ea/source/monodroid/builds/install/mono-armv6/etc/mono/assemblies/System.Linq/System.Linq.config'.
D/Mono    ( 9835): Assembly Ref addref CareerBuilder_Search[0xde11b280] -> System.Linq[0xde11b760]: 7
D/Mono    ( 9835): Assembly Ref addref CareerBuilder_Search.Droid[0xde11a3e0] -> System.Core[0xde11b8e0]: 14
D/Mono    ( 9835): DllImport attempting to load: '/system/lib/liblog.so'.
D/Mono    ( 9835): DllImport loaded library '/system/lib/liblog.so'.
D/Mono    ( 9835): DllImport searching in: '/system/lib/liblog.so' ('/system/lib/liblog.so').
D/Mono    ( 9835): Searching for '__android_log_print'.
D/Mono    ( 9835): Probing '__android_log_print'.
D/Mono    ( 9835): Found as '__android_log_print'.
I/mono-stdout( 9835): uri is: https://api.careerbuilder.com/consumer/resumes?OAuthToken=&HostSite=US&DeveloperKey=WDHR8FC6P2JZ1Y61KLM5
D/Mono    ( 9835): DllImport searching in: '__Internal' ('(null)').
D/Mono    ( 9835): Searching for 'java_interop_jnienv_call_nonvirtual_void_method'.
D/Mono    ( 9835): Probing 'java_interop_jnienv_call_nonvirtual_void_method'.
D/Mono    ( 9835): Found as 'java_interop_jnienv_call_nonvirtual_void_method'.
I/mono-stdout( 9835): uri is: https://api.careerbuilder.com/consumer/saved-jobs/?DeveloperKey=WDHR8FC6P2JZ1Y61KLM5
I/mono-stdout( 9835): uri is: https://api.careerbuilder.com/consumer/jobs/search/?Keywords=&Location=&UseFacets=true&PageNumber=1&ExcludeNational=true&DeveloperKey=WDHR8FC6P2JZ1Y61KLM5
I/mono-stdout( 9835): uri is: https://api.careerbuilder.com/consumer/resumes?OAuthToken=&HostSite=US&DeveloperKey=WDHR8FC6P2JZ1Y61KLM5
D/Mono    ( 9835): Unloading image System.Collections.dll [0xc7f50f00].
D/Mono    ( 9835): Image addref System.Collections[0xe30d9c20] -> System.Collections.dll[0xe8d8b700]: 10
D/Mono    ( 9835): Config attempting to parse: 'System.Collections.dll.config'.
D/Mono    ( 9835): Config attempting to parse: '/Users/builder/data/lanes/4009/3a62f1ea/source/monodroid/builds/install/mono-armv6/etc/mono/assemblies/System.Collections/System.Collections.config'.
D/Mono    ( 9835): Assembly Ref addref System.Reactive.Linq[0xde11b040] -> System.Collections[0xde11b640]: 8
D/Mono    ( 9835): Image addref System.Net.Primitives[0xe30d9980] -> System.Net.Primitives.dll[0xc5e83000]: 2
D/Mono    ( 9835): Prepared to set up assembly 'System.Net.Primitives' (System.Net.Primitives.dll)
D/Mono    ( 9835): Assembly System.Net.Primitives[0xe30d9980] added to domain RootDomain, ref_count=1
D/Mono    ( 9835): Unloading image System.Net.Primitives.dll [0xc5e83a00].
D/Mono    ( 9835): Unloading image System.Net.Primitives.dll [0xc616b700].
D/Mono    ( 9835): Image addref System.Net.Primitives[0xe30d8d20] -> System.Net.Primitives.dll[0xc5e83000]: 5
D/Mono    ( 9835): Config attempting to parse: 'System.Net.Primitives.dll.config'.
D/Mono    ( 9835): Config attempting to parse: '/Users/builder/data/lanes/4009/3a62f1ea/source/monodroid/builds/install/mono-armv6/etc/mono/assemblies/System.Net.Primitives/System.Net.Primitives.config'.
D/Mono    ( 9835): Assembly Ref addref CareerBuilder_Search[0xde11b280] -> System.Net.Primitives[0xe30d9980]: 2
D/Mono    ( 9835): Assembly Ref addref System.Net.Primitives[0xe30d9980] -> System[0xde11b580]: 14
D/Mono    ( 9835): Image addref System.Net.Primitives[0xc5e0ea20] -> System.Net.Primitives.dll[0xc5e83000]: 5
D/Mono    ( 9835): Config attempting to parse: 'System.Net.Primitives.dll.config'.
D/Mono    ( 9835): Config attempting to parse: '/Users/builder/data/lanes/4009/3a62f1ea/source/monodroid/builds/install/mono-armv6/etc/mono/assemblies/System.Net.Primitives/System.Net.Primitives.config'.
D/Mono    ( 9835): AOT module 'System.Net.Primitives.dll.so' not found: dlopen failed: library "/data/app/com.careerbuilder.SugarDrone-1/lib/arm/libaot-System.Net.Primitives.dll.so" not found
D/Mono    ( 9835): Unloading image System.Net.Primitives.dll [0xc616a300].
D/Mono    ( 9835): Image addref System.Net.Primitives[0xe30d9c20] -> System.Net.Primitives.dll[0xc5e83000]: 6
D/Mono    ( 9835): Config attempting to parse: 'System.Net.Primitives.dll.config'.
D/Mono    ( 9835): AOT module '/Users/builder/data/lanes/4009/3a62f1ea/source/monodroid/builds/install/mono-armv6/lib/mono/aot-cache/arm/System.Net.Primitives.dll.so' not found: dlopen failed: library "/data/app/com.careerbuilder.SugarDrone-1/lib/arm/libaot-System.Net.Primitives.dll.so" not found
D/Mono    ( 9835): Config attempting to parse: '/Users/builder/data/lanes/4009/3a62f1ea/source/monodroid/builds/install/mono-armv6/etc/mono/assemblies/System.Net.Primitives/System.Net.Primitives.config'.
D/Mono    ( 9835): Config attempting to parse: 'System.Net.Primitives.dll.config'.
D/Mono    ( 9835): Config attempting to parse: '/Users/builder/data/lanes/4009/3a62f1ea/source/monodroid/builds/install/mono-armv6/etc/mono/assemblies/System.Net.Primitives/System.Net.Primitives.config'.
D/Mono    ( 9835): Unloading image System.Text.Encoding.dll [0xc616a300].
D/Mono    ( 9835): Image addref System.Text.Encoding[0xe30d9bc0] -> System.Text.Encoding.dll[0xcaaf2000]: 5
D/Mono    ( 9835): Config attempting to parse: 'System.Text.Encoding.dll.config'.
D/Mono    ( 9835): Config attempting to parse: '/Users/builder/data/lanes/4009/3a62f1ea/source/monodroid/builds/install/mono-armv6/etc/mono/assemblies/System.Text.Encoding/System.Text.Encoding.config'.
D/Mono    ( 9835): Assembly Ref addref CareerBuilder_Search[0xde11b280] -> System.Text.Encoding[0xea399160]: 3
D/Mono    ( 9835): Unloading image System.Text.Encoding.dll [0xca106300].
D/Mono    ( 9835): Image addref System.Text.Encoding[0xe30d9a40] -> System.Text.Encoding.dll[0xcaaf2000]: 6
D/Mono    ( 9835): Unloading image System.Text.Encoding.dll [0xc5e83a00].
D/Mono    ( 9835): Config attempting to parse: 'System.Text.Encoding.dll.config'.
D/Mono    ( 9835): Config attempting to parse: '/Users/builder/data/lanes/4009/3a62f1ea/source/monodroid/builds/install/mono-armv6/etc/mono/assemblies/System.Text.Encoding/System.Text.Encoding.config'.
D/Mono    ( 9835): Unloading image System.Text.Encoding.dll [0xc616b700].
D/Mono    ( 9835): Image addref System.Text.Encoding[0xc5e0ea80] -> System.Text.Encoding.dll[0xcaaf2000]: 9
D/Mono    ( 9835): Config attempting to parse: 'System.Text.Encoding.dll.config'.
D/Mono    ( 9835): Config attempting to parse: '/Users/builder/data/lanes/4009/3a62f1ea/source/monodroid/builds/install/mono-armv6/etc/mono/assemblies/System.Text.Encoding/System.Text.Encoding.config'.
D/Mono    ( 9835): Image addref System.Text.Encoding[0xe30d90e0] -> System.Text.Encoding.dll[0xcaaf2000]: 7
D/Mono    ( 9835): Config attempting to parse: 'System.Text.Encoding.dll.config'.
D/Mono    ( 9835): Config attempting to parse: '/Users/builder/data/lanes/4009/3a62f1ea/source/monodroid/builds/install/mono-armv6/etc/mono/assemblies/System.Text.Encoding/System.Text.Encoding.config'.
I/mono-stdout( 9835): making api call to: /consumer/resumes?OAuthToken=&HostSite=US&DeveloperKey=WDHR8FC6P2JZ1Y61KLM5
I/mono-stdout( 9835): making api call to: /consumer/resumes?OAuthToken=&HostSite=US&DeveloperKey=WDHR8FC6P2JZ1Y61KLM5
I/mono-stdout( 9835): making api call to: /consumer/saved-jobs/?DeveloperKey=WDHR8FC6P2JZ1Y61KLM5
I/mono-stdout( 9835): making api call to: /consumer/jobs/search/?Keywords=&Location=&UseFacets=true&PageNumber=1&ExcludeNational=true&DeveloperKey=WDHR8FC6P2JZ1Y61KLM5
D/Mono    ( 9835): Assembly Ref addref CareerBuilder_Search.Droid[0xde11a3e0] -> Newtonsoft.Json[0xde11aec0]: 4
I/mono-stdout( 9835): Method: GET, RequestUri: 'https://api.careerbuilder.com/consumer/saved-jobs/?DeveloperKey=WDHR8FC6P2JZ1Y61KLM5', Version: 1.1, Content: <null>, Headers:
I/mono-stdout( 9835): {
I/mono-stdout( 9835): DeveloperKey: WDHR8FC6P2JZ1Y61KLM5
I/mono-stdout( 9835): Accept: application/json
I/mono-stdout( 9835): Authorization: Bearer test
I/mono-stdout( 9835): HostSite: US
I/mono-stdout( 9835): }
I/mono-stdout( 9835): Current State = 1,2,6,7
I/mono-stdout( 9835): applied jobs = 6
I/mono-stdout( 9835): expired jobs = 7
I/mono-stdout( 9835): saved jobs = Saved,Saved,Applied,Saved
I/mono-stdout( 9835): done making call to: /consumer/resumes?OAuthToken=&HostSite=US&DeveloperKey=WDHR8FC6P2JZ1Y61KLM5
I/mono-stdout( 9835): done making call to: /consumer/resumes?OAuthToken=&HostSite=US&DeveloperKey=WDHR8FC6P2JZ1Y61KLM5
I/mono-stdout( 9835): The resume  with hash has been set as latest
I/mono-stdout( 9835): The resume  with hash has been set as latest
I/art     ( 9835): Starting a blocking GC Explicit
I/art     ( 9835): Explicit concurrent mark sweep GC freed 7250(410KB) AllocSpace objects, 1(20KB) LOS objects, 40% free, 10MB/18MB, paused 1.027ms total 40.515ms
D/Mono    ( 9835): GC_TAR_BRIDGE bridges 146 objects 328 opaque 104 colors 146 colors-bridged 146 colors-visible 146 xref 2 cache-hit 0 cache-semihit 0 cache-miss 0 setup 0.05ms tarjan 0.33ms scc-setup 0.10ms gather-xref 0.01ms xref-setup 0.00ms cleanup 0.05ms
D/Mono    ( 9835): GC_BRIDGE: Complete, was running for 44.32ms
D/Mono    ( 9835): GC_MINOR: (Nursery full) time 20.63ms, stw 21.38ms promoted 873K major size: 1888K in use: 1146K los size: 1024K in use: 367K
I/mono-stdout( 9835): done making call to: /consumer/saved-jobs/?DeveloperKey=WDHR8FC6P2JZ1Y61KLM5
I/mono-stdout( 9835): done making call to: /consumer/jobs/search/?Keywords=&Location=&UseFacets=true&PageNumber=1&ExcludeNational=true&DeveloperKey=WDHR8FC6P2JZ1Y61KLM5
I/mono-stdout( 9835): uri is: https://api.careerbuilder.com/consumer/saved-jobs/?DeveloperKey=WDHR8FC6P2JZ1Y61KLM5
I/mono-stdout( 9835): making api call to: /consumer/saved-jobs/?DeveloperKey=WDHR8FC6P2JZ1Y61KLM5
I/mono-stdout( 9835): Method: GET, RequestUri: 'https://api.careerbuilder.com/consumer/saved-jobs/?DeveloperKey=WDHR8FC6P2JZ1Y61KLM5', Version: 1.1, Content: <null>, Headers:
I/mono-stdout( 9835): {
I/mono-stdout( 9835): DeveloperKey: WDHR8FC6P2JZ1Y61KLM5
I/mono-stdout( 9835): Accept: application/json
I/mono-stdout( 9835): Authorization: Bearer test
I/mono-stdout( 9835): HostSite: US
I/mono-stdout( 9835): }
I/mono-stdout( 9835): Current State = 1,2,6,7
I/mono-stdout( 9835): applied jobs = 6
I/mono-stdout( 9835): expired jobs = 7
I/mono-stdout( 9835): saved jobs = Saved,Saved,Applied,Saved
E/RecyclerView( 9835): No adapter attached; skipping layout
W/art     ( 9835): JNI RegisterNativeMethods: attempt to register 0 native methods for md539c3d548fb000cea9f34163fa7e112ea.ProgressListItemViewHolder
W/ResourceType( 9835): No known package when getting name for resource number 0xffffffff
W/ResourceType( 9835): No known package when getting name for resource number 0xffffffff
W/ResourceType( 9835): No known package when getting name for resource number 0xffffffff
W/ResourceType( 9835): No known package when getting name for resource number 0xffffffff
W/ResourceType( 9835): No known package when getting name for resource number 0xffffffff
W/ResourceType( 9835): No known package when getting name for resource number 0xffffffff
W/ResourceType( 9835): No known package when getting name for resource number 0xffffffff
W/ResourceType( 9835): No known package when getting name for resource number 0xffffffff
W/ResourceType( 9835): No known package when getting name for resource number 0xffffffff
W/ResourceType( 9835): No known package when getting name for resource number 0xffffffff
W/ResourceType( 9835): No known package when getting name for resource number 0xffffffff
D/Mono    ( 9835): Assembly Ref addref Xamarin.Android.Support.v7.AppCompat[0xde11ada0] -> System.Core[0xde11b8e0]: 15
I/Choreographer( 9835): Skipped 133 frames!  The application may be doing too much work on its main thread.
E/RecyclerView( 9835): No adapter attached; skipping layout
D/Mono    ( 9835): DllImport searching in: '__Internal' ('(null)').
D/Mono    ( 9835): Searching for 'java_interop_jnienv_call_void_method'.
D/Mono    ( 9835): Probing 'java_interop_jnienv_call_void_method'.
D/Mono    ( 9835): Found as 'java_interop_jnienv_call_void_method'.
I/ActivityManager(  873): Killing 6776:com.google.android.apps.photos/u0a74 (adj 906): empty #17
I/System.out( 9835): URI: /map
I/System.out( 9835): params: {json={"query":"* marked:'search_anywhere'","operation":{"method_name":"query","arguments":[]}}
I/System.out( 9835): }
I/ActivityManager(  873): Displayed com.careerbuilder.SugarDrone/md5a4824aa66c0dc4d104077b72c1916a44.MasterNavActivity: +3s268ms
I/mono-stdout( 9835): done making call to: /consumer/saved-jobs/?DeveloperKey=WDHR8FC6P2JZ1Y61KLM5
E/RecyclerView( 9835): No adapter attached; skipping layout
D/Mono    ( 9835): DllImport searching in: '__Internal' ('(null)').
D/Mono    ( 9835): Searching for 'java_interop_jnienv_set_int_field'.
D/Mono    ( 9835): Probing 'java_interop_jnienv_set_int_field'.
D/Mono    ( 9835): Found as 'java_interop_jnienv_set_int_field'.
E/RecyclerView( 9835): No adapter attached; skipping layout
W/art     ( 9835): JNI RegisterNativeMethods: attempt to register 0 native methods for md539c3d548fb000cea9f34163fa7e112ea.JobResultViewHolder
W/art     ( 9835): JNI RegisterNativeMethods: attempt to register 0 native methods for md543b91ad655f5c020e54c78f692da973f.SnapshotView
W/ResourceType( 9835): No known package when getting name for resource number 0xffffffff
W/ResourceType( 9835): No known package when getting name for resource number 0xffffffff
W/ResourceType( 9835): No known package when getting name for resource number 0xffffffff
W/ResourceType( 9835): No known package when getting name for resource number 0xffffffff
W/ResourceType( 9835): No known package when getting name for resource number 0xffffffff
W/ResourceType( 9835): No known package when getting name for resource number 0xffffffff
W/ResourceType( 9835): No known package when getting name for resource number 0xffffffff
W/ResourceType( 9835): No known package when getting name for resource number 0xffffffff
W/ResourceType( 9835): No known package when getting name for resource number 0xffffffff
W/ResourceType( 9835): No known package when getting name for resource number 0xffffffff
W/ResourceType( 9835): No known package when getting name for resource number 0xffffffff
W/ResourceType( 9835): No known package when getting name for resource number 0xffffffff
W/ResourceType( 9835): No known package when getting name for resource number 0xffffffff
W/ResourceType( 9835): No known package when getting name for resource number 0xffffffff
W/ResourceType( 9835): No known package when getting name for resource number 0xffffffff
W/ResourceType( 9835): No known package when getting name for resource number 0xffffffff
W/ResourceType( 9835): No known package when getting name for resource number 0xffffffff
W/ResourceType( 9835): No known package when getting name for resource number 0xffffffff
W/ResourceType( 9835): No known package when getting name for resource number 0xffffffff
W/ResourceType( 9835): No known package when getting name for resource number 0xffffffff
W/ResourceType( 9835): No known package when getting name for resource number 0xffffffff
W/ResourceType( 9835): No known package when getting name for resource number 0xffffffff
W/ResourceType( 9835): No known package when getting name for resource number 0xffffffff
W/ResourceType( 9835): No known package when getting name for resource number 0xffffffff
W/ResourceType( 9835): No known package when getting name for resource number 0xffffffff
W/ResourceType( 9835): No known package when getting name for resource number 0xffffffff
W/ResourceType( 9835): No known package when getting name for resource number 0xffffffff
W/ResourceType( 9835): No known package when getting name for resource number 0xffffffff
W/ResourceType( 9835): No known package when getting name for resource number 0xffffffff
W/ResourceType( 9835): No known package when getting name for resource number 0xffffffff
W/ResourceType( 9835): No known package when getting name for resource number 0xffffffff
W/ResourceType( 9835): No known package when getting name for resource number 0xffffffff
W/ResourceType( 9835): No known package when getting name for resource number 0xffffffff
W/ResourceType( 9835): No known package when getting name for resource number 0xffffffff
W/ResourceType( 9835): No known package when getting name for resource number 0xffffffff
W/ResourceType( 9835): No known package when getting name for resource number 0xffffffff
W/ResourceType( 9835): No known package when getting name for resource number 0xffffffff
W/ResourceType( 9835): No known package when getting name for resource number 0xffffffff
W/ResourceType( 9835): No known package when getting name for resource number 0xffffffff
W/ResourceType( 9835): No known package when getting name for resource number 0xffffffff
W/ResourceType( 9835): No known package when getting name for resource number 0xffffffff
W/ResourceType( 9835): No known package when getting name for resource number 0xffffffff
W/ResourceType( 9835): No known package when getting name for resource number 0xffffffff
W/ResourceType( 9835): No known package when getting name for resource number 0xffffffff
W/ResourceType( 9835): No known package when getting name for resource number 0xffffffff
W/ResourceType( 9835): No known package when getting name for resource number 0xffffffff
I/Choreographer( 9835): Skipped 31 frames!  The application may be doing too much work on its main thread.
I/WindowManager(  873): Destroying surface Surface(name=com.careerbuilder.SugarDrone/md5a4824aa66c0dc4d104077b72c1916a44.TermsAndConditionsActivity) called by com.android.server.wm.WindowStateAnimator.destroySurface:2014 com.android.server.wm.WindowStateAnimator.destroySurfaceLocked:881 com.android.server.wm.WindowState.destroyOrSaveSurface:2073 com.android.server.wm.AppWindowToken.destroySurfaces:363 com.android.server.wm.AppWindowToken.notifyAppStopped:389 com.android.server.wm.WindowManagerService.notifyAppStopped:4456 com.android.server.am.ActivityStack.activityStoppedLocked:1252 com.android.server.am.ActivityManagerService.activityStopped:6873 
I/WindowManager(  873): Destroying surface Surface(name=com.careerbuilder.SugarDrone/md5a4824aa66c0dc4d104077b72c1916a44.TermsAndConditionsActivity) called by com.android.server.wm.WindowStateAnimator.destroySurface:2014 com.android.server.wm.WindowStateAnimator.destroySurfaceLocked:881 com.android.server.wm.WindowState.destroyOrSaveSurface:2073 com.android.server.wm.AppWindowToken.destroySurfaces:363 com.android.server.wm.AppWindowToken.notifyAppStopped:389 com.android.server.wm.WindowManagerService.notifyAppStopped:4456 com.android.server.am.ActivityStack.activityStoppedLocked:1252 com.android.server.am.ActivityManagerService.activityStopped:6873 
W/SurfaceFlinger(  402): couldn't log to binary event log: overflow.
I/System.out( 9835): URI: /map
I/System.out( 9835): params: {json={"query":"* marked:'search_anywhere'","operation":{"method_name":"query","arguments":[]}}
I/System.out( 9835): }
W/ResourceType( 9835): No known package when getting name for resource number 0xffffffff
W/ResourceType( 9835): No known package when getting name for resource number 0xffffffff
W/ResourceType( 9835): No known package when getting name for resource number 0xffffffff
W/ResourceType( 9835): No known package when getting name for resource number 0xffffffff
W/ResourceType( 9835): No known package when getting name for resource number 0xffffffff
W/ResourceType( 9835): No known package when getting name for resource number 0xffffffff
W/ResourceType( 9835): No known package when getting name for resource number 0xffffffff
W/ResourceType( 9835): No known package when getting name for resource number 0xffffffff
W/ResourceType( 9835): No known package when getting name for resource number 0xffffffff
W/ResourceType( 9835): No known package when getting name for resource number 0xffffffff
W/ResourceType( 9835): No known package when getting name for resource number 0xffffffff
W/ResourceType( 9835): No known package when getting name for resource number 0xffffffff
W/ResourceType( 9835): No known package when getting name for resource number 0xffffffff
W/ResourceType( 9835): No known package when getting name for resource number 0xffffffff
W/ResourceType( 9835): No known package when getting name for resource number 0xffffffff
W/ResourceType( 9835): No known package when getting name for resource number 0xffffffff
W/ResourceType( 9835): No known package when getting name for resource number 0xffffffff
W/ResourceType( 9835): No known package when getting name for resource number 0xffffffff
W/ResourceType( 9835): No known package when getting name for resource number 0xffffffff
W/ResourceType( 9835): No known package when getting name for resource number 0xffffffff
W/ResourceType( 9835): No known package when getting name for resource number 0xffffffff
W/ResourceType( 9835): No known package when getting name for resource number 0xffffffff
W/ResourceType( 9835): No known package when getting name for resource number 0xffffffff
W/ResourceType( 9835): No known package when getting name for resource number 0xffffffff
W/ResourceType( 9835): No known package when getting name for resource number 0xffffffff
W/ResourceType( 9835): No known package when getting name for resource number 0xffffffff
W/ResourceType( 9835): No known package when getting name for resource number 0xffffffff
W/ResourceType( 9835): No known package when getting name for resource number 0xffffffff
W/ResourceType( 9835): No known package when getting name for resource number 0xffffffff
W/ResourceType( 9835): No known package when getting name for resource number 0xffffffff
W/ResourceType( 9835): No known package when getting name for resource number 0xffffffff
W/ResourceType( 9835): No known package when getting name for resource number 0xffffffff
W/ResourceType( 9835): No known package when getting name for resource number 0xffffffff
W/ResourceType( 9835): No known package when getting name for resource number 0xffffffff
W/ResourceType( 9835): No known package when getting name for resource number 0xffffffff
W/ResourceType( 9835): No known package when getting name for resource number 0xffffffff
W/ResourceType( 9835): No known package when getting name for resource number 0xffffffff
W/ResourceType( 9835): No known package when getting name for resource number 0xffffffff
W/ResourceType( 9835): No known package when getting name for resource number 0xffffffff
W/ResourceType( 9835): No known package when getting name for resource number 0xffffffff
W/ResourceType( 9835): No known package when getting name for resource number 0xffffffff
W/ResourceType( 9835): No known package when getting name for resource number 0xffffffff
W/ResourceType( 9835): No known package when getting name for resource number 0xffffffff
W/ResourceType( 9835): No known package when getting name for resource number 0xffffffff
W/ResourceType( 9835): No known package when getting name for resource number 0xffffffff
W/ResourceType( 9835): No known package when getting name for resource number 0xffffffff
W/ResourceType( 9835): No known package when getting name for resource number 0xffffffff
W/ResourceType( 9835): No known package when getting name for resource number 0xffffffff
W/ResourceType( 9835): No known package when getting name for resource number 0xffffffff
W/ResourceType( 9835): No known package when getting name for resource number 0xffffffff
W/ResourceType( 9835): No known package when getting name for resource number 0xffffffff
W/ResourceType( 9835): No known package when getting name for resource number 0xffffffff
W/ResourceType( 9835): No known package when getting name for resource number 0xffffffff
W/ResourceType( 9835): No known package when getting name for resource number 0xffffffff
W/ResourceType( 9835): No known package when getting name for resource number 0xffffffff
W/ResourceType( 9835): No known package when getting name for resource number 0xffffffff
E/KernelCpuSpeedReader(  873): Failed to read cpu-freq: /sys/devices/system/cpu/cpu4/cpufreq/stats/time_in_state (No such file or directory)
E/BatteryStatsService(  873): no controller energy info supplied
E/KernelCpuSpeedReader(  873): Failed to read cpu-freq: /sys/devices/system/cpu/cpu4/cpufreq/stats/time_in_state (No such file or directory)
W/ResourceType( 9835): No known package when getting name for resource number 0xffffffff
W/ResourceType( 9835): No known package when getting name for resource number 0xffffffff
W/ResourceType( 9835): No known package when getting name for resource number 0xffffffff
W/ResourceType( 9835): No known package when getting name for resource number 0xffffffff
W/ResourceType( 9835): No known package when getting name for resource number 0xffffffff
W/ResourceType( 9835): No known package when getting name for resource number 0xffffffff
W/ResourceType( 9835): No known package when getting name for resource number 0xffffffff
W/ResourceType( 9835): No known package when getting name for resource number 0xffffffff
W/ResourceType( 9835): No known package when getting name for resource number 0xffffffff
W/ResourceType( 9835): No known package when getting name for resource number 0xffffffff
W/ResourceType( 9835): No known package when getting name for resource number 0xffffffff
I/System.out( 9835): URI: /
I/System.out( 9835): params: {json={"command":"touch_coordinate","arguments":[1017.0,136.0]}
I/System.out( 9835): }
I/System.out( 9835): header: {content-type=application/json; charset=utf-8, connection=close, host=devicehost18.prod, x-session-token=token-token-f194fcec-51e0-48ae-8652-8e11919995f5, content-length=57, x-forwarded-for=10.222.150.14}
I/System.out( 9835): params: {json={"command":"touch_coordinate","arguments":[1017.0,136.0]}
I/System.out( 9835): }
I/System.out( 9835): ProP json = {"command":"touch_coordinate","arguments":[1017.0,136.0]}
I/System.out( 9835): files: {}
I/System.out( 9835): command: {"command":"touch_coordinate","arguments":[1017.0,136.0]}
I/InstrumentationBackend( 9835): Got command:'Command:'Line:null,touch_coordinate', arguments:'[1017.0, 136.0]'
I/art     ( 9835): Starting a blocking GC Explicit
I/art     ( 9835): Explicit concurrent mark sweep GC freed 4332(251KB) AllocSpace objects, 1(20KB) LOS objects, 40% free, 12MB/20MB, paused 2.717ms total 54.277ms
D/audio_hw_primary(  508): select_devices: changing use case low-latency-playback output device from(0: none, acdb -1) to (2: speaker, acdb 14)
I/TextInputLayout( 9835): EditText added is not a TextInputEditText. Please switch to using that class instead.
I/TextInputLayout( 9835): EditText added is not a TextInputEditText. Please switch to using that class instead.
I/System.out( 9835): result:{"bonusInformation":[],"message":"","success":true}
D/Mono    ( 9835): Assembly Ref addref CareerBuilder_Search.Droid[0xde11a3e0] -> Plugin.Geolocator[0xde11a800]: 2
D/Mono    ( 9835): Assembly Ref addref Plugin.Geolocator[0xde11a800] -> mscorlib[0xde11a380]: 50
D/Mono    ( 9835): Assembly Ref addref Plugin.Geolocator[0xde11a800] -> Plugin.Geolocator.Abstractions[0xde11a860]: 3
D/Mono    ( 9835): Assembly Ref addref Plugin.Geolocator[0xde11a800] -> Mono.Android[0xde11b2e0]: 23
D/Mono    ( 9835): Unloading image System.Runtime.dll [0xc616ad00].
D/Mono    ( 9835): Image addref System.Runtime[0xc712e220] -> System.Runtime.dll[0xe8d88a00]: 14
D/Mono    ( 9835): Config attempting to parse: 'System.Runtime.dll.config'.
D/Mono    ( 9835): Config attempting to parse: '/Users/builder/data/lanes/4009/3a62f1ea/source/monodroid/builds/install/mono-armv6/etc/mono/assemblies/System.Runtime/System.Runtime.config'.
D/Mono    ( 9835): Assembly Ref addref Plugin.Geolocator.Abstractions[0xde11a860] -> System.Runtime[0xde11b3a0]: 12
D/Mono    ( 9835): Unloading image System.Threading.Tasks.dll [0xc58cb000].
D/Mono    ( 9835): Image addref System.Threading.Tasks[0xc712e220] -> System.Threading.Tasks.dll[0xc9c98400]: 9
D/Mono    ( 9835): Config attempting to parse: 'System.Threading.Tasks.dll.config'.
D/Mono    ( 9835): Config attempting to parse: '/Users/builder/data/lanes/4009/3a62f1ea/source/monodroid/builds/install/mono-armv6/etc/mono/assemblies/System.Threading.Tasks/System.Threading.Tasks.config'.
D/Mono    ( 9835): Assembly Ref addref Plugin.Geolocator.Abstractions[0xde11a860] -> System.Threading.Tasks[0xc9378120]: 7
D/Mono    ( 9835): Assembly Ref addref Plugin.Geolocator[0xde11a800] -> System.Core[0xde11b8e0]: 16
D/Mono    ( 9835): DllImport searching in: '__Internal' ('(null)').
D/Mono    ( 9835): Searching for 'java_interop_jnienv_call_boolean_method'.
D/Mono    ( 9835): Probing 'java_interop_jnienv_call_boolean_method'.
D/Mono    ( 9835): Found as 'java_interop_jnienv_call_boolean_method'.
I/System.out( 9835): URI: /map
I/System.out( 9835): params: {json={"query":"* marked:'searchQueryField'","operation":{"method_name":"query","arguments":[]}}
I/System.out( 9835): }
W/ResourceType( 9835): No known package when getting name for resource number 0xffffffff
W/ResourceType( 9835): No known package when getting name for resource number 0xffffffff
W/ResourceType( 9835): No known package when getting name for resource number 0xffffffff
W/ResourceType( 9835): No known package when getting name for resource number 0xffffffff
W/ResourceType( 9835): No known package when getting name for resource number 0xffffffff
W/ResourceType( 9835): No known package when getting name for resource number 0xffffffff
W/ResourceType( 9835): No known package when getting name for resource number 0xffffffff
W/ResourceType( 9835): No known package when getting name for resource number 0xffffffff
W/ResourceType( 9835): No known package when getting name for resource number 0xffffffff
W/ResourceType( 9835): No known package when getting name for resource number 0xffffffff
W/ResourceType( 9835): No known package when getting name for resource number 0xffffffff
W/ResourceType( 9835): No known package when getting name for resource number 0xffffffff
W/ResourceType( 9835): No known package when getting name for resource number 0xffffffff
W/ResourceType( 9835): No known package when getting name for resource number 0xffffffff
W/ResourceType( 9835): No known package when getting name for resource number 0xffffffff
W/ResourceType( 9835): No known package when getting name for resource number 0xffffffff
W/ResourceType( 9835): No known package when getting name for resource number 0xffffffff
W/ResourceType( 9835): No known package when getting name for resource number 0xffffffff
W/ResourceType( 9835): No known package when getting name for resource number 0xffffffff
W/ResourceType( 9835): No known package when getting name for resource number 0xffffffff
W/ResourceType( 9835): No known package when getting name for resource number 0xffffffff
W/ResourceType( 9835): No known package when getting name for resource number 0xffffffff
W/ResourceType( 9835): No known package when getting name for resource number 0xffffffff
W/ResourceType( 9835): No known package when getting name for resource number 0xffffffff
W/ResourceType( 9835): No known package when getting name for resource number 0xffffffff
W/ResourceType( 9835): No known package when getting name for resource number 0xffffffff
W/ResourceType( 9835): No known package when getting name for resource number 0xffffffff
W/ResourceType( 9835): No known package when getting name for resource number 0xffffffff
W/ResourceType( 9835): No known package when getting name for resource number 0xffffffff
W/ResourceType( 9835): No known package when getting name for resource number 0xffffffff
W/ResourceType( 9835): No known package when getting name for resource number 0xffffffff
W/ResourceType( 9835): No known package when getting name for resource number 0xffffffff
W/ResourceType( 9835): No known package when getting name for resource number 0xffffffff
W/ResourceType( 9835): No known package when getting name for resource number 0xffffffff
W/ResourceType( 9835): No known package when getting name for resource number 0xffffffff
W/ResourceType( 9835): No known package when getting name for resource number 0xffffffff
W/ResourceType( 9835): No known package when getting name for resource number 0xffffffff
W/ResourceType( 9835): No known package when getting name for resource number 0xffffffff
W/ResourceType( 9835): No known package when getting name for resource number 0xffffffff
W/ResourceType( 9835): No known package when getting name for resource number 0xffffffff
W/ResourceType( 9835): No known package when getting name for resource number 0xffffffff
W/ResourceType( 9835): No known package when getting name for resource number 0xffffffff
