<![CDATA[
]]><xtc-scenario name="[0-1039]CareerBuilder_Search.DroidFeatureTests.JDPTests.RequirementsCardShouldBeVisible" id="[0-1039]CareerBuilder_Search.DroidFeatureTests.JDPTests.RequirementsCardShouldBeVisible"><![CDATA[

]]><xtc-step name="[0-1039]CareerBuilder_Search.DroidFeatureTests.JDPTests.RequirementsCardShouldBeVisible-RequirementsCardShouldBeVisible" id="[0-1039]CareerBuilder_Search.DroidFeatureTests.JDPTests.RequirementsCardShouldBeVisible-RequirementsCardShouldBeVisible"><![CDATA[
D/AndroidRuntime( 7967): >>>>>> START com.android.internal.os.RuntimeInit uid 2000 <<<<<<
D/AndroidRuntime( 7967): CheckJNI is OFF
D/ICU     ( 7967): No timezone override file found: /data/misc/zoneinfo/current/icu/icu_tzdata.dat
I/Radio-JNI( 7967): register_android_hardware_Radio DONE
D/AndroidRuntime( 7967): Calling main entry com.android.commands.pm.Pm
I/art     ( 7967): System.exit called, status: 0
I/AndroidRuntime( 7967): VM exiting with result code 0.
W/MessageQueue( 7967): Handler (android.os.Handler) {4cc3f54} sending message to a Handler on a dead thread
W/MessageQueue( 7967): java.lang.IllegalStateException: Handler (android.os.Handler) {4cc3f54} sending message to a Handler on a dead thread
W/MessageQueue( 7967): 	at android.os.MessageQueue.enqueueMessage(MessageQueue.java:543)
W/MessageQueue( 7967): 	at android.os.Handler.enqueueMessage(Handler.java:643)
W/MessageQueue( 7967): 	at android.os.Handler.sendMessageAtTime(Handler.java:612)
W/MessageQueue( 7967): 	at android.os.Handler.sendMessageDelayed(Handler.java:582)
W/MessageQueue( 7967): 	at android.os.Handler.post(Handler.java:338)
W/MessageQueue( 7967): 	at android.os.ResultReceiver$MyResultReceiver.send(ResultReceiver.java:57)
W/MessageQueue( 7967): 	at com.android.internal.os.IResultReceiver$Stub.onTransact(IResultReceiver.java:58)
W/MessageQueue( 7967): 	at android.os.Binder.execTransact(Binder.java:565)
D/AndroidRuntime( 8084): >>>>>> START com.android.internal.os.RuntimeInit uid 2000 <<<<<<
D/AndroidRuntime( 8084): CheckJNI is OFF
D/ICU     ( 8084): No timezone override file found: /data/misc/zoneinfo/current/icu/icu_tzdata.dat
I/Radio-JNI( 8084): register_android_hardware_Radio DONE
D/AndroidRuntime( 8084): Calling main entry com.android.commands.am.Am
--------- beginning of system
W/ActivityManager(  887): Invalid packageName: com.careerbuilder.SugarDrone
D/AndroidRuntime( 8084): Shutting down VM
I/ActivityManager(  887): Killing 6870:com.google.process.gapps/u0a56 (adj 906): empty #17
D/AndroidRuntime( 8540): >>>>>> START com.android.internal.os.RuntimeInit uid 2000 <<<<<<
D/AndroidRuntime( 8540): CheckJNI is OFF
D/ICU     ( 8540): No timezone override file found: /data/misc/zoneinfo/current/icu/icu_tzdata.dat
I/Radio-JNI( 8540): register_android_hardware_Radio DONE
D/AndroidRuntime( 8540): Calling main entry com.android.commands.pm.Pm
I/        (  511): free_cache(71725114) avail 10792210432
I/PackageManager.DexOptimizer(  887): Running dexopt (dex2oat) on: /data/app/vmdl1791616395.tmp/base.apk pkg=com.careerbuilder.SugarDrone isa=arm vmSafeMode=false debuggable=true target-filter=interpret-only oatDir = /data/app/vmdl1791616395.tmp/oat sharedLibraries=null
I/dex2oat ( 8592): /system/bin/dex2oat --compiler-filter=interpret-only -j4 --debuggable
W/dex2oat ( 8592): Before Android 4.1, method android.graphics.PorterDuffColorFilter android.support.graphics.drawable.VectorDrawableCompat.updateTintFilter(android.graphics.PorterDuffColorFilter, android.content.res.ColorStateList, android.graphics.PorterDuff$Mode) would have incorrectly overridden the package-private method in android.graphics.drawable.Drawable
W/dex2oat ( 8592): Before Android 4.1, method int android.support.v7.widget.ListViewCompat.lookForSelectablePosition(int, boolean) would have incorrectly overridden the package-private method in android.widget.ListView
I/dex2oat ( 8592): dex2oat took 2.000s (threads: 4) arena alloc=5KB (5168B) java alloc=4MB (5058056B) native alloc=6MB (7300144B) free=2MB (2661328B)
W/PackageManager(  887): Not granting permission android.permission.MANAGE_DOCUMENTS to package com.careerbuilder.SugarDrone (protectionLevel=2 flags=0x3808be46)
W/PackageManager(  887): Not granting permission android.permission.MOUNT_UNMOUNT_FILESYSTEMS to package com.careerbuilder.SugarDrone (protectionLevel=18 flags=0x3808be46)
V/BackupManagerService(  887): restoreAtInstall pkg=com.careerbuilder.SugarDrone token=5 restoreSet=0
V/BackupManagerService(  887): Finishing install immediately
I/art     (  887): Starting a blocking GC Explicit
I/art     (  887): Explicit concurrent mark sweep GC freed 94217(5MB) AllocSpace objects, 12(512KB) LOS objects, 33% free, 16MB/24MB, paused 2.150ms total 104.804ms
E/        (  511): Couldn't opendir /data/app/vmdl1791616395.tmp: No such file or directory
W/ActivityManager(  887): Permission Denial: Accessing service ComponentInfo{com.google.android.music/com.google.android.music.dial.DialMediaRouteProviderService} from pid=5291, uid=10085 that is not exported from uid 10071
I/art     ( 8540): System.exit called, status: 0
I/AndroidRuntime( 8540): VM exiting with result code 0.
I/InputReader(  887): Reconfiguring input devices.  changes=0x00000010
D/CarrierSvcBindHelper( 3185): No carrier app for: 0
D/CarrierConfigLoader( 3185): mHandler: 9 phoneId: 0
D/RegisteredNfcFServicesCache( 4105): Service unchanged, not updating
I/ActivityManager(  887): Start proc 8643:com.android.vending/u0a30 for broadcast com.android.vending/com.google.android.finsky.receivers.PackageMonitorReceiver$RegisteredReceiver
W/System  ( 8643): ClassLoader referenced unknown path: /system/priv-app/Phonesky/lib/arm64
W/Finsky  ( 8643): [1] com.google.android.finsky.FinskyApp.i(1468): No account configured on this device.
W/Finsky  ( 8643): [1] com.google.android.finsky.FinskyApp.i(1468): No account configured on this device.
W/Finsky  ( 8643): [1] com.google.android.finsky.FinskyApp.i(1468): No account configured on this device.
W/Finsky  ( 8643): [1] com.google.android.finsky.FinskyApp.i(1468): No account configured on this device.
I/Finsky  ( 8643): [1] com.google.android.finsky.FinskyApp.onCreate(430): Initializing network with DFE https://android.clients.google.com/fdfe/
W/Finsky  ( 8643): [1] com.google.android.finsky.FinskyApp.i(1468): No account configured on this device.
W/Finsky  ( 8643): [1] com.google.android.finsky.FinskyApp.i(1468): No account configured on this device.
W/Finsky  ( 8643): [1] com.google.android.finsky.FinskyApp.i(1468): No account configured on this device.
W/Finsky  ( 8643): [1] com.google.android.finsky.FinskyApp.i(1468): No account configured on this device.
W/Finsky  ( 8643): [1] com.google.android.finsky.FinskyApp.i(1468): No account configured on this device.
W/Finsky  ( 8643): [1] com.google.android.finsky.FinskyApp.i(1468): No account configured on this device.
W/Finsky  ( 8643): [1] com.google.android.finsky.FinskyApp.i(1468): No account configured on this device.
W/Finsky  ( 8643): [1] com.google.android.finsky.FinskyApp.i(1468): No account configured on this device.
W/Finsky  ( 8643): [1] com.google.android.finsky.FinskyApp.i(1468): No account configured on this device.
I/Finsky  ( 8643): [1] com.google.android.finsky.services.DailyHygiene.a(171): No need to run daily hygiene.
W/Finsky  ( 8643): [1] com.google.android.finsky.FinskyApp.i(1468): No account configured on this device.
W/Settings( 8643): Setting download_manager_max_bytes_over_mobile has moved from android.provider.Settings.Secure to android.provider.Settings.Global.
W/Settings( 8643): Setting download_manager_recommended_max_bytes_over_mobile has moved from android.provider.Settings.Secure to android.provider.Settings.Global.
W/Finsky  ( 8643): [1] com.google.android.finsky.FinskyApp.i(1468): No account configured on this device.
W/Finsky  ( 8643): [1] com.google.android.finsky.FinskyApp.i(1468): No account configured on this device.
W/Finsky  ( 8643): [1] com.google.android.finsky.FinskyApp.i(1468): No account configured on this device.
W/Finsky  ( 8643): [1] com.google.android.finsky.FinskyApp.i(1468): No account configured on this device.
W/Finsky  ( 8643): [1] com.google.android.finsky.FinskyApp.i(1468): No account configured on this device.
W/Finsky  ( 8643): [1] com.google.android.finsky.FinskyApp.b(1150): No account configured on this device.
W/Finsky  ( 8643): [1] com.google.android.finsky.FinskyApp.i(1468): No account configured on this device.
I/Finsky  ( 8643): [1] com.google.android.finsky.receivers.j.a(1226): Installer kick - no action, not running yet
I/Finsky  ( 8643): [1] com.google.android.finsky.utils.PermissionPolicies$PermissionPolicyService.onStartCommand(117): post-install permissions check for com.careerbuilder.SugarDrone
W/Finsky  ( 8643): [1] com.google.android.finsky.FinskyApp.i(1468): No account configured on this device.
W/Finsky  ( 8643): [372] com.google.android.finsky.FinskyApp.i(1468): No account configured on this device.
I/UpdateIcingCorporaServi( 5808): Updating corpora: APPS=com.careerbuilder.SugarDrone, CONTACTS=MAYBE
D/AndroidRuntime( 8662): >>>>>> START com.android.internal.os.RuntimeInit uid 2000 <<<<<<
D/AndroidRuntime( 8662): CheckJNI is OFF
I/Finsky  ( 8643): [1] com.google.android.finsky.utils.bh.run(2302): Package state data is missing for com.careerbuilder.SugarDrone
W/Finsky  ( 8643): [1] com.google.android.finsky.FinskyApp.i(1468): No account configured on this device.
D/ICU     ( 8662): No timezone override file found: /data/misc/zoneinfo/current/icu/icu_tzdata.dat
I/PeopleContactsSync( 4380): triggerPendingContactsCleanup: no accounts
D/Wear_Controller( 4380): Received broadcast action=android.intent.action.PACKAGE_ADDED and uri=com.careerbuilder.SugarDrone
I/Radio-JNI( 8662): register_android_hardware_Radio DONE
D/AndroidRuntime( 8662): Calling main entry com.android.commands.settings.SettingsCmd
D/AndroidRuntime( 8662): Shutting down VM
W/IcingInternalCorpora( 4380): getNumBytesRead when not calculated.
I/Icing   ( 4380): Usage reports 0 indexed 0 rejected 0 imm upload true
I/Icing   ( 4380): Usage reports 0 indexed 0 rejected 0 imm upload false
I/Finsky  ( 8643): [1] com.google.android.finsky.c.l.a(270): result=false type=4
I/Icing   ( 4380): Usage reports 0 indexed 0 rejected 0 imm upload false
I/Finsky  ( 8643): [1] com.google.android.finsky.services.bc.a(1050): Restore complete with 0 success and 0 failed.
I/UpdateIcingCorporaServi( 5808): UpdateCorporaTask done [took 470 ms] updated apps [took 470 ms] 
W/Finsky  ( 8643): [372] com.google.android.finsky.FinskyApp.i(1468): No account configured on this device.
D/AndroidRuntime( 8730): >>>>>> START com.android.internal.os.RuntimeInit uid 2000 <<<<<<
D/AndroidRuntime( 8730): CheckJNI is OFF
D/ICU     ( 8730): No timezone override file found: /data/misc/zoneinfo/current/icu/icu_tzdata.dat
I/Radio-JNI( 8730): register_android_hardware_Radio DONE
D/AndroidRuntime( 8730): Calling main entry com.android.commands.settings.SettingsCmd
D/AndroidRuntime( 8730): Shutting down VM
I/Icing   ( 4380): Indexing C2CE3B9D8B360B0C5A25C2BEF223F6CB5449AD6A from com.google.android.googlequicksearchbox
I/Icing   ( 4380): Indexing AB6E3D00885C5CBD00E6A1959F599F05594069D7 from com.google.android.gms
I/Icing   ( 4380): Indexing done C2CE3B9D8B360B0C5A25C2BEF223F6CB5449AD6A
I/Icing   ( 4380): Indexing done AB6E3D00885C5CBD00E6A1959F599F05594069D7
D/AndroidRuntime( 8759): >>>>>> START com.android.internal.os.RuntimeInit uid 2000 <<<<<<
D/AndroidRuntime( 8759): CheckJNI is OFF
D/ICU     ( 8759): No timezone override file found: /data/misc/zoneinfo/current/icu/icu_tzdata.dat
I/Radio-JNI( 8759): register_android_hardware_Radio DONE
D/AndroidRuntime( 8759): Calling main entry com.android.commands.settings.SettingsCmd
D/AndroidRuntime( 8759): Shutting down VM
D/AndroidRuntime( 8789): >>>>>> START com.android.internal.os.RuntimeInit uid 2000 <<<<<<
D/AndroidRuntime( 8789): CheckJNI is OFF
D/ICU     ( 8789): No timezone override file found: /data/misc/zoneinfo/current/icu/icu_tzdata.dat
I/Radio-JNI( 8789): register_android_hardware_Radio DONE
D/AndroidRuntime( 8789): Calling main entry com.android.commands.settings.SettingsCmd
D/AndroidRuntime( 8789): Shutting down VM
D/AndroidRuntime( 8813): >>>>>> START com.android.internal.os.RuntimeInit uid 2000 <<<<<<
D/AndroidRuntime( 8813): CheckJNI is OFF
D/ICU     ( 8813): No timezone override file found: /data/misc/zoneinfo/current/icu/icu_tzdata.dat
I/Radio-JNI( 8813): register_android_hardware_Radio DONE
D/AndroidRuntime( 8813): Calling main entry com.android.commands.settings.SettingsCmd
D/AndroidRuntime( 8813): Shutting down VM
D/AndroidRuntime( 8846): >>>>>> START com.android.internal.os.RuntimeInit uid 2000 <<<<<<
D/AndroidRuntime( 8846): CheckJNI is OFF
D/ICU     ( 8846): No timezone override file found: /data/misc/zoneinfo/current/icu/icu_tzdata.dat
I/Radio-JNI( 8846): register_android_hardware_Radio DONE
D/AndroidRuntime( 8846): Calling main entry com.android.commands.pm.Pm
W/MessageQueue( 8846): Handler (android.os.Handler) {8e36193} sending message to a Handler on a dead thread
W/MessageQueue( 8846): java.lang.IllegalStateException: Handler (android.os.Handler) {8e36193} sending message to a Handler on a dead thread
W/MessageQueue( 8846): 	at android.os.MessageQueue.enqueueMessage(MessageQueue.java:543)
W/MessageQueue( 8846): 	at android.os.Handler.enqueueMessage(Handler.java:643)
W/MessageQueue( 8846): 	at android.os.Handler.sendMessageAtTime(Handler.java:612)
W/MessageQueue( 8846): 	at android.os.Handler.sendMessageDelayed(Handler.java:582)
W/MessageQueue( 8846): 	at android.os.Handler.post(Handler.java:338)
W/MessageQueue( 8846): 	at android.os.ResultReceiver$MyResultReceiver.send(ResultReceiver.java:57)
W/MessageQueue( 8846): 	at com.android.internal.os.IResultReceiver$Stub.onTransact(IResultReceiver.java:58)
W/MessageQueue( 8846): 	at android.os.Binder.execTransact(Binder.java:565)
I/art     ( 8846): System.exit called, status: 0
I/AndroidRuntime( 8846): VM exiting with result code 0.
D/AndroidRuntime( 8898): >>>>>> START com.android.internal.os.RuntimeInit uid 2000 <<<<<<
D/AndroidRuntime( 8898): CheckJNI is OFF
D/ICU     ( 8898): No timezone override file found: /data/misc/zoneinfo/current/icu/icu_tzdata.dat
I/Radio-JNI( 8898): register_android_hardware_Radio DONE
D/AndroidRuntime( 8898): Calling main entry com.android.commands.pm.Pm
W/MessageQueue( 8898): Handler (android.os.Handler) {25f20d} sending message to a Handler on a dead thread
W/MessageQueue( 8898): java.lang.IllegalStateException: Handler (android.os.Handler) {25f20d} sending message to a Handler on a dead thread
W/MessageQueue( 8898): 	at android.os.MessageQueue.enqueueMessage(MessageQueue.java:543)
W/MessageQueue( 8898): 	at android.os.Handler.enqueueMessage(Handler.java:643)
W/MessageQueue( 8898): 	at android.os.Handler.sendMessageAtTime(Handler.java:612)
W/MessageQueue( 8898): 	at android.os.Handler.sendMessageDelayed(Handler.java:582)
W/MessageQueue( 8898): 	at android.os.Handler.post(Handler.java:338)
W/MessageQueue( 8898): 	at android.os.ResultReceiver$MyResultReceiver.send(ResultReceiver.java:57)
W/MessageQueue( 8898): 	at com.android.internal.os.IResultReceiver$Stub.onTransact(IResultReceiver.java:58)
W/MessageQueue( 8898): 	at android.os.Binder.execTransact(Binder.java:565)
I/art     ( 8898): System.exit called, status: 0
I/AndroidRuntime( 8898): VM exiting with result code 0.
D/AndroidRuntime( 8986): >>>>>> START com.android.internal.os.RuntimeInit uid 2000 <<<<<<
D/AndroidRuntime( 8986): CheckJNI is OFF
D/ICU     ( 8986): No timezone override file found: /data/misc/zoneinfo/current/icu/icu_tzdata.dat
I/Radio-JNI( 8986): register_android_hardware_Radio DONE
D/AndroidRuntime( 8986): Calling main entry com.android.commands.am.Am
W/ActivityManager(  887): Invalid packageName: com.careerbuilder.SugarDrone.test
D/AndroidRuntime( 8986): Shutting down VM
D/AndroidRuntime( 9016): >>>>>> START com.android.internal.os.RuntimeInit uid 2000 <<<<<<
D/AndroidRuntime( 9016): CheckJNI is OFF
D/ICU     ( 9016): No timezone override file found: /data/misc/zoneinfo/current/icu/icu_tzdata.dat
I/Radio-JNI( 9016): register_android_hardware_Radio DONE
D/AndroidRuntime( 9016): Calling main entry com.android.commands.pm.Pm
I/        (  511): free_cache(609973) avail 10780286976
I/PackageManager.DexOptimizer(  887): Running dexopt (dex2oat) on: /data/app/vmdl1549567029.tmp/base.apk pkg=com.careerbuilder.SugarDrone.test isa=arm64 vmSafeMode=false debuggable=false target-filter=interpret-only oatDir = /data/app/vmdl1549567029.tmp/oat sharedLibraries=/system/framework/android.test.runner.jar:/system/framework/com.google.android.maps.jar
I/dex2oat ( 9045): /system/bin/dex2oat --compiler-filter=interpret-only -j4
I/dex2oat ( 9045): dex2oat took 632.174ms (threads: 4) arena alloc=185KB (189608B) java alloc=2MB (2264936B) native alloc=2MB (2695248B) free=1975KB (2023344B)
W/PackageManager(  887): Not granting permission android.permission.ACCESS_MOCK_LOCATION to package com.careerbuilder.SugarDrone.test (protectionLevel=2 flags=0x1800be44)
V/BackupManagerService(  887): restoreAtInstall pkg=com.careerbuilder.SugarDrone.test token=6 restoreSet=0
V/BackupManagerService(  887): Finishing install immediately
I/art     (  887): Starting a blocking GC Explicit
I/art     (  887): Explicit concurrent mark sweep GC freed 28039(1719KB) AllocSpace objects, 5(148KB) LOS objects, 33% free, 15MB/23MB, paused 1.500ms total 92.098ms
E/        (  511): Couldn't opendir /data/app/vmdl1549567029.tmp: No such file or directory
I/art     ( 9016): System.exit called, status: 0
I/AndroidRuntime( 9016): VM exiting with result code 0.
W/ActivityManager(  887): Permission Denial: Accessing service ComponentInfo{com.google.android.music/com.google.android.music.dial.DialMediaRouteProviderService} from pid=5291, uid=10085 that is not exported from uid 10071
I/InputReader(  887): Reconfiguring input devices.  changes=0x00000010
D/RegisteredNfcFServicesCache( 4105): Service unchanged, not updating
D/CarrierSvcBindHelper( 3185): No carrier app for: 0
D/CarrierConfigLoader( 3185): mHandler: 9 phoneId: 0
I/Finsky  ( 8643): [1] com.google.android.finsky.utils.PermissionPolicies$PermissionPolicyService.onStartCommand(117): post-install permissions check for com.careerbuilder.SugarDrone.test
W/Finsky  ( 8643): [1] com.google.android.finsky.FinskyApp.i(1468): No account configured on this device.
I/Finsky  ( 8643): [1] com.google.android.finsky.utils.bh.run(2302): Package state data is missing for com.careerbuilder.SugarDrone.test
W/Finsky  ( 8643): [1] com.google.android.finsky.FinskyApp.i(1468): No account configured on this device.
I/UpdateIcingCorporaServi( 5808): Updating corpora: APPS=com.careerbuilder.SugarDrone.test, CONTACTS=MAYBE
D/Wear_Controller( 4380): Received broadcast action=android.intent.action.PACKAGE_ADDED and uri=com.careerbuilder.SugarDrone.test
I/PeopleContactsSync( 4380): triggerPendingContactsCleanup: no accounts
I/UpdateIcingCorporaServi( 5808): UpdateCorporaTask done [took 103 ms] updated apps [took 103 ms] 
W/IcingInternalCorpora( 4380): getNumBytesRead when not calculated.
I/Icing   ( 4380): Usage reports 0 indexed 0 rejected 0 imm upload false
I/Icing   ( 4380): Usage reports 0 indexed 0 rejected 0 imm upload false
D/AndroidRuntime( 9082): >>>>>> START com.android.internal.os.RuntimeInit uid 2000 <<<<<<
D/AndroidRuntime( 9082): CheckJNI is OFF
D/ICU     ( 9082): No timezone override file found: /data/misc/zoneinfo/current/icu/icu_tzdata.dat
I/Radio-JNI( 9082): register_android_hardware_Radio DONE
D/AndroidRuntime( 9082): Calling main entry com.android.commands.settings.SettingsCmd
D/AndroidRuntime( 9082): Shutting down VM
I/Icing   ( 4380): Indexing AB6E3D00885C5CBD00E6A1959F599F05594069D7 from com.google.android.gms
I/Icing   ( 4380): Indexing done AB6E3D00885C5CBD00E6A1959F599F05594069D7
D/AndroidRuntime( 9120): >>>>>> START com.android.internal.os.RuntimeInit uid 2000 <<<<<<
D/AndroidRuntime( 9120): CheckJNI is OFF
D/ICU     ( 9120): No timezone override file found: /data/misc/zoneinfo/current/icu/icu_tzdata.dat
I/Radio-JNI( 9120): register_android_hardware_Radio DONE
D/AndroidRuntime( 9120): Calling main entry com.android.commands.settings.SettingsCmd
D/AndroidRuntime( 9120): Shutting down VM
D/AndroidRuntime( 9150): >>>>>> START com.android.internal.os.RuntimeInit uid 2000 <<<<<<
D/AndroidRuntime( 9150): CheckJNI is OFF
D/ICU     ( 9150): No timezone override file found: /data/misc/zoneinfo/current/icu/icu_tzdata.dat
I/Radio-JNI( 9150): register_android_hardware_Radio DONE
D/AndroidRuntime( 9150): Calling main entry com.android.commands.settings.SettingsCmd
D/AndroidRuntime( 9150): Shutting down VM
W/art     ( 9150): Thread attaching while runtime is shutting down: Binder:9150_2
I/AndroidRuntime( 9150): NOTE: attach of thread 'Binder:9150_2' failed
I/rmt_storage(  396): rmt_storage_connect_cb: clnt_h=0xc conn_h=0x7aa0e2a000
I/rmt_storage(  396): rmt_storage_rw_iovec_cb: /boot/modem_fs1: clnt_h=0xc: req_h=0xc msg_id=3: R/W request received
I/rmt_storage(  396): wakelock acquired: 1, error no: 42
I/rmt_storage(  396): rmt_storage_client_thread: /boot/modem_fs1: clnt_h=0xc Unblock worker thread (th_id: 526690391120)
I/rmt_storage(  396): rmt_storage_client_thread: /boot/modem_fs1: clnt_h=0xc: req_h=0xc msg_id=3: Bytes written = 1572864
I/rmt_storage(  396): rmt_storage_client_thread: /boot/modem_fs1: clnt_h=0xc: req_h=0xc msg_id=3: Send response: res=0 err=0
I/rmt_storage(  396): rmt_storage_client_thread: /boot/modem_fs1: clnt_h=0xc About to block rmt_storage client thread (th_id: 526690391120) wakelock released: 1, error no: 22
I/rmt_storage(  396): 
I/rmt_storage(  396): rmt_storage_disconnect_cb: clnt_h=0xc conn_h=0x7aa0e2a000
D/AndroidRuntime( 9176): >>>>>> START com.android.internal.os.RuntimeInit uid 2000 <<<<<<
D/AndroidRuntime( 9176): CheckJNI is OFF
D/ICU     ( 9176): No timezone override file found: /data/misc/zoneinfo/current/icu/icu_tzdata.dat
I/Radio-JNI( 9176): register_android_hardware_Radio DONE
D/AndroidRuntime( 9176): Calling main entry com.android.commands.settings.SettingsCmd
D/AndroidRuntime( 9176): Shutting down VM
D/AndroidRuntime( 9199): >>>>>> START com.android.internal.os.RuntimeInit uid 2000 <<<<<<
D/AndroidRuntime( 9199): CheckJNI is OFF
D/ICU     ( 9199): No timezone override file found: /data/misc/zoneinfo/current/icu/icu_tzdata.dat
I/Radio-JNI( 9199): register_android_hardware_Radio DONE
D/AndroidRuntime( 9199): Calling main entry com.android.commands.settings.SettingsCmd
D/AndroidRuntime( 9199): Shutting down VM
D/AndroidRuntime( 9232): >>>>>> START com.android.internal.os.RuntimeInit uid 2000 <<<<<<
D/AndroidRuntime( 9232): CheckJNI is OFF
D/ICU     ( 9232): No timezone override file found: /data/misc/zoneinfo/current/icu/icu_tzdata.dat
I/Radio-JNI( 9232): register_android_hardware_Radio DONE
D/AndroidRuntime( 9232): Calling main entry com.android.commands.pm.Pm
W/MessageQueue( 9232): Handler (android.os.Handler) {140cac} sending message to a Handler on a dead thread
W/MessageQueue( 9232): java.lang.IllegalStateException: Handler (android.os.Handler) {140cac} sending message to a Handler on a dead thread
W/MessageQueue( 9232): 	at android.os.MessageQueue.enqueueMessage(MessageQueue.java:543)
W/MessageQueue( 9232): 	at android.os.Handler.enqueueMessage(Handler.java:643)
W/MessageQueue( 9232): 	at android.os.Handler.sendMessageAtTime(Handler.java:612)
W/MessageQueue( 9232): 	at android.os.Handler.sendMessageDelayed(Handler.java:582)
W/MessageQueue( 9232): 	at android.os.Handler.post(Handler.java:338)
W/MessageQueue( 9232): 	at android.os.ResultReceiver$MyResultReceiver.send(ResultReceiver.java:57)
W/MessageQueue( 9232): 	at com.android.internal.os.IResultReceiver$Stub.onTransact(IResultReceiver.java:58)
W/MessageQueue( 9232): 	at android.os.Binder.execTransact(Binder.java:565)
I/art     ( 9232): System.exit called, status: 0
I/AndroidRuntime( 9232): VM exiting with result code 0.
D/AndroidRuntime( 9287): >>>>>> START com.android.internal.os.RuntimeInit uid 2000 <<<<<<
D/AndroidRuntime( 9287): CheckJNI is OFF
D/ICU     ( 9287): No timezone override file found: /data/misc/zoneinfo/current/icu/icu_tzdata.dat
I/Radio-JNI( 9287): register_android_hardware_Radio DONE
D/AndroidRuntime( 9287): Calling main entry com.android.commands.pm.Pm
I/art     ( 9287): System.exit called, status: 0
I/AndroidRuntime( 9287): VM exiting with result code 0.
W/MessageQueue( 9287): Handler (android.os.Handler) {7569d26} sending message to a Handler on a dead thread
W/MessageQueue( 9287): java.lang.IllegalStateException: Handler (android.os.Handler) {7569d26} sending message to a Handler on a dead thread
W/MessageQueue( 9287): 	at android.os.MessageQueue.enqueueMessage(MessageQueue.java:543)
W/MessageQueue( 9287): 	at android.os.Handler.enqueueMessage(Handler.java:643)
W/MessageQueue( 9287): 	at android.os.Handler.sendMessageAtTime(Handler.java:612)
W/MessageQueue( 9287): 	at android.os.Handler.sendMessageDelayed(Handler.java:582)
W/MessageQueue( 9287): 	at android.os.Handler.post(Handler.java:338)
W/MessageQueue( 9287): 	at android.os.ResultReceiver$MyResultReceiver.send(ResultReceiver.java:57)
W/MessageQueue( 9287): 	at com.android.internal.os.IResultReceiver$Stub.onTransact(IResultReceiver.java:58)
W/MessageQueue( 9287): 	at android.os.Binder.execTransact(Binder.java:565)
D/AndroidRuntime( 9356): >>>>>> START com.android.internal.os.RuntimeInit uid 2000 <<<<<<
D/AndroidRuntime( 9356): CheckJNI is OFF
D/ICU     ( 9356): No timezone override file found: /data/misc/zoneinfo/current/icu/icu_tzdata.dat
I/Radio-JNI( 9356): register_android_hardware_Radio DONE
D/AndroidRuntime( 9356): Calling main entry com.android.commands.input.Input
I/Input   ( 9356): injectKeyEvent: KeyEvent { action=ACTION_DOWN, keyCode=KEYCODE_BACK, scanCode=0, metaState=0, flags=0x0, repeatCount=0, eventTime=250140, downTime=250140, deviceId=-1, source=0x101 }
I/Input   ( 9356): injectKeyEvent: KeyEvent { action=ACTION_UP, keyCode=KEYCODE_BACK, scanCode=0, metaState=0, flags=0x0, repeatCount=0, eventTime=250140, downTime=250140, deviceId=-1, source=0x101 }
D/AndroidRuntime( 9356): Shutting down VM
D/AndroidRuntime( 9416): >>>>>> START com.android.internal.os.RuntimeInit uid 2000 <<<<<<
D/AndroidRuntime( 9416): CheckJNI is OFF
D/ICU     ( 9416): No timezone override file found: /data/misc/zoneinfo/current/icu/icu_tzdata.dat
I/Radio-JNI( 9416): register_android_hardware_Radio DONE
D/AndroidRuntime( 9416): Calling main entry com.android.commands.input.Input
I/Input   ( 9416): injectKeyEvent: KeyEvent { action=ACTION_DOWN, keyCode=KEYCODE_HOME, scanCode=0, metaState=0, flags=0x0, repeatCount=0, eventTime=252010, downTime=252010, deviceId=-1, source=0x101 }
I/Input   ( 9416): injectKeyEvent: KeyEvent { action=ACTION_UP, keyCode=KEYCODE_HOME, scanCode=0, metaState=0, flags=0x0, repeatCount=0, eventTime=252010, downTime=252010, deviceId=-1, source=0x101 }
I/ActivityManager(  887): START u0 {act=android.intent.action.MAIN cat=[android.intent.category.HOME] flg=0x10200000 cmp=com.google.android.googlequicksearchbox/com.google.android.launcher.GEL (has extras)} from uid 1000 on display 0
I/GEL     ( 4147): handleIntent(Intent { act=android.intent.action.MAIN cat=[android.intent.category.HOME] flg=0x10200000 cmp=com.google.android.googlequicksearchbox/com.google.android.launcher.GEL (has extras) })
D/AndroidRuntime( 9416): Shutting down VM
D/AndroidRuntime( 9455): >>>>>> START com.android.internal.os.RuntimeInit uid 2000 <<<<<<
D/AndroidRuntime( 9455): CheckJNI is OFF
D/ICU     ( 9455): No timezone override file found: /data/misc/zoneinfo/current/icu/icu_tzdata.dat
I/Radio-JNI( 9455): register_android_hardware_Radio DONE
D/AndroidRuntime( 9455): Calling main entry com.android.commands.input.Input
I/Input   ( 9455): injectKeyEvent: KeyEvent { action=ACTION_DOWN, keyCode=KEYCODE_BACK, scanCode=0, metaState=0, flags=0x0, repeatCount=0, eventTime=253438, downTime=253438, deviceId=-1, source=0x101 }
I/Input   ( 9455): injectKeyEvent: KeyEvent { action=ACTION_UP, keyCode=KEYCODE_BACK, scanCode=0, metaState=0, flags=0x0, repeatCount=0, eventTime=253438, downTime=253438, deviceId=-1, source=0x101 }
D/AndroidRuntime( 9455): Shutting down VM
D/AndroidRuntime( 9490): >>>>>> START com.android.internal.os.RuntimeInit uid 2000 <<<<<<
D/AndroidRuntime( 9490): CheckJNI is OFF
D/ICU     ( 9490): No timezone override file found: /data/misc/zoneinfo/current/icu/icu_tzdata.dat
I/Radio-JNI( 9490): register_android_hardware_Radio DONE
D/AndroidRuntime( 9490): Calling main entry com.android.commands.am.Am
I/ActivityManager(  887): Force stopping com.careerbuilder.SugarDrone appid=18951 user=0: start instr
I/ActivityManager(  887): Start proc 9515:com.careerbuilder.SugarDrone/u0a8951 for added application com.careerbuilder.SugarDrone
I/art     ( 9515): Late-enabling -Xcheck:jni
W/System  ( 9515): ClassLoader referenced unknown path: /data/app/com.careerbuilder.SugarDrone.test-1/lib/arm64
W/System  ( 9515): ClassLoader referenced unknown path: 
W/monodroid( 9515): Using override path: /data/user/0/com.careerbuilder.SugarDrone/files/.__override__
W/monodroid( 9515): Trying to load sgen from: /data/user/0/com.careerbuilder.SugarDrone/files/.__override__/libmonosgen-2.0.so
W/monodroid( 9515): Trying to load sgen from: /storage/emulated/0/Android/data/com.careerbuilder.SugarDrone/files/.__override__/libmonosgen-2.0.so
W/monodroid( 9515): Trying to load sgen from: /data/app/com.careerbuilder.SugarDrone-1/lib/arm/libmonosgen-2.0.so
D/Mono    ( 9515): Image addref mscorlib[0xe633eba0] -> mscorlib.dll[0xe53f7900]: 2
D/Mono    ( 9515): Prepared to set up assembly 'mscorlib' (mscorlib.dll)
D/Mono    ( 9515): AOT module 'mscorlib.dll.so' not found: dlopen failed: library "/data/app/com.careerbuilder.SugarDrone-1/lib/arm/libaot-mscorlib.dll.so" not found
D/Mono    ( 9515): AOT module '/Users/builder/data/lanes/4009/3a62f1ea/source/monodroid/builds/install/mono-armv6/lib/mono/aot-cache/arm/mscorlib.dll.so' not found: dlopen failed: library "/data/app/com.careerbuilder.SugarDrone-1/lib/arm/libaot-mscorlib.dll.so" not found
D/Mono    ( 9515): Config attempting to parse: 'mscorlib.dll.config'.
D/Mono    ( 9515): Config attempting to parse: '/Users/builder/data/lanes/4009/3a62f1ea/source/monodroid/builds/install/mono-armv6/etc/mono/assemblies/mscorlib/mscorlib.config'.
D/Mono    ( 9515): Assembly mscorlib[0xe633eba0] added to domain RootDomain, ref_count=1
D/Mono    ( 9515): Image addref CareerBuilder_Search.Droid[0xe633ee40] -> CareerBuilder_Search.Droid.dll[0xe53f8800]: 2
D/Mono    ( 9515): Prepared to set up assembly 'CareerBuilder_Search.Droid' (CareerBuilder_Search.Droid.dll)
D/Mono    ( 9515): Assembly CareerBuilder_Search.Droid[0xe633ee40] added to domain RootDomain, ref_count=1
D/Mono    ( 9515): AOT module 'CareerBuilder_Search.Droid.dll.so' not found: dlopen failed: library "/data/app/com.careerbuilder.SugarDrone-1/lib/arm/libaot-CareerBuilder_Search.Droid.dll.so" not found
D/Mono    ( 9515): AOT module '/Users/builder/data/lanes/4009/3a62f1ea/source/monodroid/builds/install/mono-armv6/lib/mono/aot-cache/arm/CareerBuilder_Search.Droid.dll.so' not found: dlopen failed: library "/data/app/com.careerbuilder.SugarDrone-1/lib/arm/libaot-CareerBuilder_Search.Droid.dll.so" not found
D/Mono    ( 9515): Config attempting to parse: 'CareerBuilder_Search.Droid.dll.config'.
D/Mono    ( 9515): Config attempting to parse: '/Users/builder/data/lanes/4009/3a62f1ea/source/monodroid/builds/install/mono-armv6/etc/mono/assemblies/CareerBuilder_Search.Droid/CareerBuilder_Search.Droid.config'.
D/Mono    ( 9515): Image addref AppsFlyerXamarinBindingAndroid[0xe633f080] -> AppsFlyerXamarinBindingAndroid.dll[0xe53f8d00]: 2
D/Mono    ( 9515): Prepared to set up assembly 'AppsFlyerXamarinBindingAndroid' (AppsFlyerXamarinBindingAndroid.dll)
D/Mono    ( 9515): Assembly AppsFlyerXamarinBindingAndroid[0xe633f080] added to domain RootDomain, ref_count=1
D/Mono    ( 9515): AOT module 'AppsFlyerXamarinBindingAndroid.dll.so' not found: dlopen failed: library "/data/app/com.careerbuilder.SugarDrone-1/lib/arm/libaot-AppsFlyerXamarinBindingAndroid.dll.so" not found
D/Mono    ( 9515): AOT module '/Users/builder/data/lanes/4009/3a62f1ea/source/monodroid/builds/install/mono-armv6/lib/mono/aot-cache/arm/AppsFlyerXamarinBindingAndroid.dll.so' not found: dlopen failed: library "/data/app/com.careerbuilder.SugarDrone-1/lib/arm/libaot-AppsFlyerXamarinBindingAndroid.dll.so" not found
D/Mono    ( 9515): Config attempting to parse: 'AppsFlyerXamarinBindingAndroid.dll.config'.
D/Mono    ( 9515): Config attempting to parse: '/Users/builder/data/lanes/4009/3a62f1ea/source/monodroid/builds/install/mono-armv6/etc/mono/assemblies/AppsFlyerXamarinBindingAndroid/AppsFlyerXamarinBindingAndroid.config'.
D/Mono    ( 9515): Image addref HockeySDK[0xe633f320] -> HockeySDK.dll[0xe53f9200]: 2
D/Mono    ( 9515): Prepared to set up assembly 'HockeySDK' (HockeySDK.dll)
D/Mono    ( 9515): Assembly HockeySDK[0xe633f320] added to domain RootDomain, ref_count=1
D/Mono    ( 9515): AOT module 'HockeySDK.dll.so' not found: dlopen failed: library "/data/app/com.careerbuilder.SugarDrone-1/lib/arm/libaot-HockeySDK.dll.so" not found
D/Mono    ( 9515): AOT module '/Users/builder/data/lanes/4009/3a62f1ea/source/monodroid/builds/install/mono-armv6/lib/mono/aot-cache/arm/HockeySDK.dll.so' not found: dlopen failed: library "/data/app/com.careerbuilder.SugarDrone-1/lib/arm/libaot-HockeySDK.dll.so" not found
D/Mono    ( 9515): Config attempting to parse: 'HockeySDK.dll.config'.
D/Mono    ( 9515): Config attempting to parse: '/Users/builder/data/lanes/4009/3a62f1ea/source/monodroid/builds/install/mono-armv6/etc/mono/assemblies/HockeySDK/HockeySDK.config'.
D/Mono    ( 9515): Image addref Akavache[0xe633f380] -> Akavache.dll[0xe53f9700]: 2
D/Mono    ( 9515): Prepared to set up assembly 'Akavache' (Akavache.dll)
D/Mono    ( 9515): Assembly Akavache[0xe633f380] added to domain RootDomain, ref_count=1
D/Mono    ( 9515): AOT module 'Akavache.dll.so' not found: dlopen failed: library "/data/app/com.careerbuilder.SugarDrone-1/lib/arm/libaot-Akavache.dll.so" not found
D/Mono    ( 9515): AOT module '/Users/builder/data/lanes/4009/3a62f1ea/source/monodroid/builds/install/mono-armv6/lib/mono/aot-cache/arm/Akavache.dll.so' not found: dlopen failed: library "/data/app/com.careerbuilder.SugarDrone-1/lib/arm/libaot-Akavache.dll.so" not found
D/Mono    ( 9515): Config attempting to parse: 'Akavache.dll.config'.
D/Mono    ( 9515): Config attempting to parse: '/Users/builder/data/lanes/4009/3a62f1ea/source/monodroid/builds/install/mono-armv6/etc/mono/assemblies/Akavache/Akavache.config'.
D/Mono    ( 9515): Image addref Akavache.Sqlite3[0xe633f3e0] -> Akavache.Sqlite3.dll[0xe53f9c00]: 2
D/Mono    ( 9515): Prepared to set up assembly 'Akavache.Sqlite3' (Akavache.Sqlite3.dll)
D/Mono    ( 9515): Assembly Akavache.Sqlite3[0xe633f3e0] added to domain RootDomain, ref_count=1
D/Mono    ( 9515): AOT module 'Akavache.Sqlite3.dll.so' not found: dlopen failed: library "/data/app/com.careerbuilder.SugarDrone-1/lib/arm/libaot-Akavache.Sqlite3.dll.so" not found
D/Mono    ( 9515): AOT module '/Users/builder/data/lanes/4009/3a62f1ea/source/monodroid/builds/install/mono-armv6/lib/mono/aot-cache/arm/Akavache.Sqlite3.dll.so' not found: dlopen failed: library "/data/app/com.careerbuilder.SugarDrone-1/lib/arm/libaot-Akavache.Sqlite3.dll.so" not found
W/        ( 9515): Symbol file LoadedFromMemory doesn't match image Akavache.Sqlite3.dll
D/Mono    ( 9515): Config attempting to parse: 'Akavache.Sqlite3.dll.config'.
D/Mono    ( 9515): Config attempting to parse: '/Users/builder/data/lanes/4009/3a62f1ea/source/monodroid/builds/install/mono-armv6/etc/mono/assemblies/Akavache.Sqlite3/Akavache.Sqlite3.config'.
D/Mono    ( 9515): Image addref Splat[0xe633f440] -> Splat.dll[0xe53fa100]: 2
D/Mono    ( 9515): Prepared to set up assembly 'Splat' (Splat.dll)
D/Mono    ( 9515): Assembly Splat[0xe633f440] added to domain RootDomain, ref_count=1
D/Mono    ( 9515): AOT module 'Splat.dll.so' not found: dlopen failed: library "/data/app/com.careerbuilder.SugarDrone-1/lib/arm/libaot-Splat.dll.so" not found
D/Mono    ( 9515): AOT module '/Users/builder/data/lanes/4009/3a62f1ea/source/monodroid/builds/install/mono-armv6/lib/mono/aot-cache/arm/Splat.dll.so' not found: dlopen failed: library "/data/app/com.careerbuilder.SugarDrone-1/lib/arm/libaot-Splat.dll.so" not found
D/Mono    ( 9515): Config attempting to parse: 'Splat.dll.config'.
D/Mono    ( 9515): Config attempting to parse: '/Users/builder/data/lanes/4009/3a62f1ea/source/monodroid/builds/install/mono-armv6/etc/mono/assemblies/Splat/Splat.config'.
D/Mono    ( 9515): Image addref Microsoft.Practices.ServiceLocation[0xe633f4a0] -> Microsoft.Practices.ServiceLocation.dll[0xe53fa600]: 2
D/Mono    ( 9515): Prepared to set up assembly 'Microsoft.Practices.ServiceLocation' (Microsoft.Practices.ServiceLocation.dll)
D/Mono    ( 9515): Assembly Microsoft.Practices.ServiceLocation[0xe633f4a0] added to domain RootDomain, ref_count=1
D/Mono    ( 9515): AOT module 'Microsoft.Practices.ServiceLocation.dll.so' not found: dlopen failed: library "/data/app/com.careerbuilder.SugarDrone-1/lib/arm/libaot-Microsoft.Practices.ServiceLocation.dll.so" not found
D/Mono    ( 9515): AOT module '/Users/builder/data/lanes/4009/3a62f1ea/source/monodroid/builds/install/mono-armv6/lib/mono/aot-cache/arm/Microsoft.Practices.ServiceLocation.dll.so' not found: dlopen failed: library "/data/app/com.careerbuilder.SugarDrone-1/lib/arm/libaot-Microsoft.Practices.ServiceLocation.dll.so" not found
D/Mono    ( 9515): Config attempting to parse: 'Microsoft.Practices.ServiceLocation.dll.config'.
D/Mono    ( 9515): Config attempting to parse: '/Users/builder/data/lanes/4009/3a62f1ea/source/monodroid/builds/install/mono-armv6/etc/mono/assemblies/Microsoft.Practices.ServiceLocation/Microsoft.Practices.ServiceLocation.config'.
D/Mono    ( 9515): Image addref Microsoft.Practices.Unity[0xe633f500] -> Microsoft.Practices.Unity.dll[0xe53fab00]: 2
D/Mono    ( 9515): Prepared to set up assembly 'Microsoft.Practices.Unity' (Microsoft.Practices.Unity.dll)
D/Mono    ( 9515): Assembly Microsoft.Practices.Unity[0xe633f500] added to domain RootDomain, ref_count=1
D/Mono    ( 9515): AOT module 'Microsoft.Practices.Unity.dll.so' not found: dlopen failed: library "/data/app/com.careerbuilder.SugarDrone-1/lib/arm/libaot-Microsoft.Practices.Unity.dll.so" not found
D/Mono    ( 9515): AOT module '/Users/builder/data/lanes/4009/3a62f1ea/source/monodroid/builds/install/mono-armv6/lib/mono/aot-cache/arm/Microsoft.Practices.Unity.dll.so' not found: dlopen failed: library "/data/app/com.careerbuilder.SugarDrone-1/lib/arm/libaot-Microsoft.Practices.Unity.dll.so" not found
D/Mono    ( 9515): Config attempting to parse: 'Microsoft.Practices.Unity.dll.config'.
D/Mono    ( 9515): Config attempting to parse: '/Users/builder/data/lanes/4009/3a62f1ea/source/monodroid/builds/install/mono-armv6/etc/mono/assemblies/Microsoft.Practices.Unity/Microsoft.Practices.Unity.config'.
D/Mono    ( 9515): Image addref Plugin.CurrentActivity[0xe633f560] -> Plugin.CurrentActivity.dll[0xe2c1f000]: 2
D/Mono    ( 9515): Prepared to set up assembly 'Plugin.CurrentActivity' (Plugin.CurrentActivity.dll)
D/Mono    ( 9515): Assembly Plugin.CurrentActivity[0xe633f560] added to domain RootDomain, ref_count=1
D/Mono    ( 9515): AOT module 'Plugin.CurrentActivity.dll.so' not found: dlopen failed: library "/data/app/com.careerbuilder.SugarDrone-1/lib/arm/libaot-Plugin.CurrentActivity.dll.so" not found
D/Mono    ( 9515): AOT module '/Users/builder/data/lanes/4009/3a62f1ea/source/monodroid/builds/install/mono-armv6/lib/mono/aot-cache/arm/Plugin.CurrentActivity.dll.so' not found: dlopen failed: library "/data/app/com.careerbuilder.SugarDrone-1/lib/arm/libaot-Plugin.CurrentActivity.dll.so" not found
D/Mono    ( 9515): Config attempting to parse: 'Plugin.CurrentActivity.dll.config'.
D/Mono    ( 9515): Config attempting to parse: '/Users/builder/data/lanes/4009/3a62f1ea/source/monodroid/builds/install/mono-armv6/etc/mono/assemblies/Plugin.CurrentActivity/Plugin.CurrentActivity.config'.
D/Mono    ( 9515): Image addref Plugin.Permissions[0xe633f5c0] -> Plugin.Permissions.dll[0xe2c1f500]: 2
D/Mono    ( 9515): Prepared to set up assembly 'Plugin.Permissions' (Plugin.Permissions.dll)
D/Mono    ( 9515): Assembly Plugin.Permissions[0xe633f5c0] added to domain RootDomain, ref_count=1
D/Mono    ( 9515): AOT module 'Plugin.Permissions.dll.so' not found: dlopen failed: library "/data/app/com.careerbuilder.SugarDrone-1/lib/arm/libaot-Plugin.Permissions.dll.so" not found
D/Mono    ( 9515): AOT module '/Users/builder/data/lanes/4009/3a62f1ea/source/monodroid/builds/install/mono-armv6/lib/mono/aot-cache/arm/Plugin.Permissions.dll.so' not found: dlopen failed: library "/data/app/com.careerbuilder.SugarDrone-1/lib/arm/libaot-Plugin.Permissions.dll.so" not found
D/Mono    ( 9515): Config attempting to parse: 'Plugin.Permissions.dll.config'.
D/Mono    ( 9515): Config attempting to parse: '/Users/builder/data/lanes/4009/3a62f1ea/source/monodroid/builds/install/mono-armv6/etc/mono/assemblies/Plugin.Permissions/Plugin.Permissions.config'.
D/Mono    ( 9515): Image addref Plugin.Permissions.Abstractions[0xe633f620] -> Plugin.Permissions.Abstractions.dll[0xe2c1fa00]: 2
D/Mono    ( 9515): Prepared to set up assembly 'Plugin.Permissions.Abstractions' (Plugin.Permissions.Abstractions.dll)
D/Mono    ( 9515): Assembly Plugin.Permissions.Abstractions[0xe633f620] added to domain RootDomain, ref_count=1
D/Mono    ( 9515): AOT module 'Plugin.Permissions.Abstractions.dll.so' not found: dlopen failed: library "/data/app/com.careerbuilder.SugarDrone-1/lib/arm/libaot-Plugin.Permissions.Abstractions.dll.so" not found
D/Mono    ( 9515): AOT module '/Users/builder/data/lanes/4009/3a62f1ea/source/monodroid/builds/install/mono-armv6/lib/mono/aot-cache/arm/Plugin.Permissions.Abstractions.dll.so' not found: dlopen failed: library "/data/app/com.careerbuilder.SugarDrone-1/lib/arm/libaot-Plugin.Permissions.Abstractions.dll.so" not found
D/Mono    ( 9515): Config attempting to parse: 'Plugin.Permissions.Abstractions.dll.config'.
D/Mono    ( 9515): Config attempting to parse: '/Users/builder/data/lanes/4009/3a62f1ea/source/monodroid/builds/install/mono-armv6/etc/mono/assemblies/Plugin.Permissions.Abstractions/Plugin.Permissions.Abstractions.config'.
D/Mono    ( 9515): Image addref Plugin.Geolocator[0xe633f680] -> Plugin.Geolocator.dll[0xe2c1ff00]: 2
D/Mono    ( 9515): Prepared to set up assembly 'Plugin.Geolocator' (Plugin.Geolocator.dll)
D/Mono    ( 9515): Assembly Plugin.Geolocator[0xe633f680] added to domain RootDomain, ref_count=1
D/Mono    ( 9515): AOT module 'Plugin.Geolocator.dll.so' not found: dlopen failed: library "/data/app/com.careerbuilder.SugarDrone-1/lib/arm/libaot-Plugin.Geolocator.dll.so" not found
D/Mono    ( 9515): AOT module '/Users/builder/data/lanes/4009/3a62f1ea/source/monodroid/builds/install/mono-armv6/lib/mono/aot-cache/arm/Plugin.Geolocator.dll.so' not found: dlopen failed: library "/data/app/com.careerbuilder.SugarDrone-1/lib/arm/libaot-Plugin.Geolocator.dll.so" not found
D/Mono    ( 9515): Config attempting to parse: 'Plugin.Geolocator.dll.config'.
D/Mono    ( 9515): Config attempting to parse: '/Users/builder/data/lanes/4009/3a62f1ea/source/monodroid/builds/install/mono-armv6/etc/mono/assemblies/Plugin.Geolocator/Plugin.Geolocator.config'.
D/Mono    ( 9515): Image addref Plugin.Geolocator.Abstractions[0xe633f6e0] -> Plugin.Geolocator.Abstractions.dll[0xe2c20400]: 2
D/Mono    ( 9515): Prepared to set up assembly 'Plugin.Geolocator.Abstractions' (Plugin.Geolocator.Abstractions.dll)
D/Mono    ( 9515): Assembly Plugin.Geolocator.Abstractions[0xe633f6e0] added to domain RootDomain, ref_count=1
D/Mono    ( 9515): AOT module 'Plugin.Geolocator.Abstractions.dll.so' not found: dlopen failed: library "/data/app/com.careerbuilder.SugarDrone-1/lib/arm/libaot-Plugin.Geolocator.Abstractions.dll.so" not found
D/Mono    ( 9515): AOT module '/Users/builder/data/lanes/4009/3a62f1ea/source/monodroid/builds/install/mono-armv6/lib/mono/aot-cache/arm/Plugin.Geolocator.Abstractions.dll.so' not found: dlopen failed: library "/data/app/com.careerbuilder.SugarDrone-1/lib/arm/libaot-Plugin.Geolocator.Abstractions.dll.so" not found
D/Mono    ( 9515): Config attempting to parse: 'Plugin.Geolocator.Abstractions.dll.config'.
D/Mono    ( 9515): Config attempting to parse: '/Users/builder/data/lanes/4009/3a62f1ea/source/monodroid/builds/install/mono-armv6/etc/mono/assemblies/Plugin.Geolocator.Abstractions/Plugin.Geolocator.Abstractions.config'.
D/Mono    ( 9515): Image addref Plugin.DeviceInfo[0xe633f740] -> Plugin.DeviceInfo.dll[0xe2c20900]: 2
D/Mono    ( 9515): Prepared to set up assembly 'Plugin.DeviceInfo' (Plugin.DeviceInfo.dll)
D/Mono    ( 9515): Assembly Plugin.DeviceInfo[0xe633f740] added to domain RootDomain, ref_count=1
W/Finsky  ( 8643): [370] com.google.android.finsky.FinskyApp.i(1468): No account configured on this device.
D/Mono    ( 9515): AOT module 'Plugin.DeviceInfo.dll.so' not found: dlopen failed: library "/data/app/com.careerbuilder.SugarDrone-1/lib/arm/libaot-Plugin.DeviceInfo.dll.so" not found
D/Mono    ( 9515): AOT module '/Users/builder/data/lanes/4009/3a62f1ea/source/monodroid/builds/install/mono-armv6/lib/mono/aot-cache/arm/Plugin.DeviceInfo.dll.so' not found: dlopen failed: library "/data/app/com.careerbuilder.SugarDrone-1/lib/arm/libaot-Plugin.DeviceInfo.dll.so" not found
D/Mono    ( 9515): Config attempting to parse: 'Plugin.DeviceInfo.dll.config'.
I/Finsky  ( 8643): [370] com.google.android.finsky.c.e.run(1151): Replicating app states via AMAS.
D/Mono    ( 9515): Config attempting to parse: '/Users/builder/data/lanes/4009/3a62f1ea/source/monodroid/builds/install/mono-armv6/etc/mono/assemblies/Plugin.DeviceInfo/Plugin.DeviceInfo.config'.
D/Mono    ( 9515): Image addref Plugin.DeviceInfo.Abstractions[0xe633f7a0] -> Plugin.DeviceInfo.Abstractions.dll[0xe2c20e00]: 2
D/Mono    ( 9515): Prepared to set up assembly 'Plugin.DeviceInfo.Abstractions' (Plugin.DeviceInfo.Abstractions.dll)
D/Mono    ( 9515): Assembly Plugin.DeviceInfo.Abstractions[0xe633f7a0] added to domain RootDomain, ref_count=1
D/Mono    ( 9515): AOT module 'Plugin.DeviceInfo.Abstractions.dll.so' not found: dlopen failed: library "/data/app/com.careerbuilder.SugarDrone-1/lib/arm/libaot-Plugin.DeviceInfo.Abstractions.dll.so" not found
D/Mono    ( 9515): AOT module '/Users/builder/data/lanes/4009/3a62f1ea/source/monodroid/builds/install/mono-armv6/lib/mono/aot-cache/arm/Plugin.DeviceInfo.Abstractions.dll.so' not found: dlopen failed: library "/data/app/com.careerbuilder.SugarDrone-1/lib/arm/libaot-Plugin.DeviceInfo.Abstractions.dll.so" not found
D/Mono    ( 9515): Config attempting to parse: 'Plugin.DeviceInfo.Abstractions.dll.config'.
D/Mono    ( 9515): Config attempting to parse: '/Users/builder/data/lanes/4009/3a62f1ea/source/monodroid/builds/install/mono-armv6/etc/mono/assemblies/Plugin.DeviceInfo.Abstractions/Plugin.DeviceInfo.Abstractions.config'.
D/Mono    ( 9515): Image addref Xamarin.GooglePlayServices.Analytics[0xe633f800] -> Xamarin.GooglePlayServices.Analytics.dll[0xe2c21300]: 2
D/Mono    ( 9515): Prepared to set up assembly 'Xamarin.GooglePlayServices.Analytics' (Xamarin.GooglePlayServices.Analytics.dll)
D/Mono    ( 9515): Assembly Xamarin.GooglePlayServices.Analytics[0xe633f800] added to domain RootDomain, ref_count=1
D/Mono    ( 9515): AOT module 'Xamarin.GooglePlayServices.Analytics.dll.so' not found: dlopen failed: library "/data/app/com.careerbuilder.SugarDrone-1/lib/arm/libaot-Xamarin.GooglePlayServices.Analytics.dll.so" not found
D/Mono    ( 9515): AOT module '/Users/builder/data/lanes/4009/3a62f1ea/source/monodroid/builds/install/mono-armv6/lib/mono/aot-cache/arm/Xamarin.GooglePlayServices.Analytics.dll.so' not found: dlopen failed: library "/data/app/com.careerbuilder.SugarDrone-1/lib/arm/libaot-Xamarin.GooglePlayServices.Analytics.dll.so" not found
D/Mono    ( 9515): Config attempting to parse: 'Xamarin.GooglePlayServices.Analytics.dll.config'.
D/Mono    ( 9515): Config attempting to parse: '/Users/builder/data/lanes/4009/3a62f1ea/source/monodroid/builds/install/mono-armv6/etc/mono/assemblies/Xamarin.GooglePlayServices.Analytics/Xamarin.GooglePlayServices.Analytics.config'.
D/Mono    ( 9515): Image addref Xamarin.GooglePlayServices.Base[0xe633f860] -> Xamarin.GooglePlayServices.Base.dll[0xe2c21800]: 2
D/Mono    ( 9515): Prepared to set up assembly 'Xamarin.GooglePlayServices.Base' (Xamarin.GooglePlayServices.Base.dll)
D/Mono    ( 9515): Assembly Xamarin.GooglePlayServices.Base[0xe633f860] added to domain RootDomain, ref_count=1
D/Mono    ( 9515): AOT module 'Xamarin.GooglePlayServices.Base.dll.so' not found: dlopen failed: library "/data/app/com.careerbuilder.SugarDrone-1/lib/arm/libaot-Xamarin.GooglePlayServices.Base.dll.so" not found
D/Mono    ( 9515): AOT module '/Users/builder/data/lanes/4009/3a62f1ea/source/monodroid/builds/install/mono-armv6/lib/mono/aot-cache/arm/Xamarin.GooglePlayServices.Base.dll.so' not found: dlopen failed: library "/data/app/com.careerbuilder.SugarDrone-1/lib/arm/libaot-Xamarin.GooglePlayServices.Base.dll.so" not found
D/Mono    ( 9515): Config attempting to parse: 'Xamarin.GooglePlayServices.Base.dll.config'.
D/Mono    ( 9515): Config attempting to parse: '/Users/builder/data/lanes/4009/3a62f1ea/source/monodroid/builds/install/mono-armv6/etc/mono/assemblies/Xamarin.GooglePlayServices.Base/Xamarin.GooglePlayServices.Base.config'.
D/Mono    ( 9515): Image addref Xamarin.GooglePlayServices.Basement[0xe633f8c0] -> Xamarin.GooglePlayServices.Basement.dll[0xe2c21d00]: 2
D/Mono    ( 9515): Prepared to set up assembly 'Xamarin.GooglePlayServices.Basement' (Xamarin.GooglePlayServices.Basement.dll)
D/Mono    ( 9515): Assembly Xamarin.GooglePlayServices.Basement[0xe633f8c0] added to domain RootDomain, ref_count=1
