W/ResourceType( 9622): No known package when getting name for resource number 0xffffffff
W/ResourceType( 9622): No known package when getting name for resource number 0xffffffff
W/ResourceType( 9622): No known package when getting name for resource number 0xffffffff
W/ResourceType( 9622): No known package when getting name for resource number 0xffffffff
W/ResourceType( 9622): No known package when getting name for resource number 0xffffffff
W/ResourceType( 9622): No known package when getting name for resource number 0xffffffff
W/ResourceType( 9622): No known package when getting name for resource number 0xffffffff
W/ResourceType( 9622): No known package when getting name for resource number 0xffffffff
W/ResourceType( 9622): No known package when getting name for resource number 0xffffffff
W/ResourceType( 9622): No known package when getting name for resource number 0xffffffff
W/ResourceType( 9622): No known package when getting name for resource number 0xffffffff
W/ResourceType( 9622): No known package when getting name for resource number 0xffffffff
W/ResourceType( 9622): No known package when getting name for resource number 0xffffffff
W/ResourceType( 9622): No known package when getting name for resource number 0xffffffff
I/WindowManager(  869): Destroying surface Surface(name=com.careerbuilder.SugarDrone/md537fd6201b6818e2e180d2f7606e21a83.AppMainActivity) called by com.android.server.wm.WindowStateAnimator.destroySurface:2014 com.android.server.wm.WindowStateAnimator.destroySurfaceLocked:881 com.android.server.wm.WindowState.removeLocked:1449 com.android.server.wm.WindowManagerService.removeWindowInnerLocked:2478 com.android.server.wm.WindowManagerService.removeWindowLocked:2436 com.android.server.wm.WindowManagerService.removeWindowLocked:2305 com.android.server.wm.WindowManagerService.removeWindow:2300 com.android.server.wm.Session.remove:193 
I/art     ( 9622): Starting a blocking GC Explicit
I/art     ( 9622): Explicit concurrent mark sweep GC freed 36383(1365KB) AllocSpace objects, 7(140KB) LOS objects, 40% free, 6MB/11MB, paused 635us total 38.310ms
I/System.out( 9622): URI: /map
I/System.out( 9622): params: {json={"query":"* id:'agreeAndContinueButton'","operation":{"method_name":"query","arguments":[]}}
I/System.out( 9622): }
W/ResourceType( 9622): No known package when getting name for resource number 0xffffffff
W/ResourceType( 9622): No known package when getting name for resource number 0xffffffff
W/ResourceType( 9622): No known package when getting name for resource number 0xffffffff
W/ResourceType( 9622): No known package when getting name for resource number 0xffffffff
W/ResourceType( 9622): No known package when getting name for resource number 0xffffffff
W/ResourceType( 9622): No known package when getting name for resource number 0xffffffff
W/ResourceType( 9622): No known package when getting name for resource number 0xffffffff
W/ResourceType( 9622): No known package when getting name for resource number 0xffffffff
W/ResourceType( 9622): No known package when getting name for resource number 0xffffffff
W/ResourceType( 9622): No known package when getting name for resource number 0xffffffff
W/ResourceType( 9622): No known package when getting name for resource number 0xffffffff
I/System.out( 9622): URI: /map
I/System.out( 9622): params: {json={"query":"* id:'agreeAndContinueButton'","operation":{"method_name":"query","arguments":[]}}
I/System.out( 9622): }
W/ResourceType( 9622): No known package when getting name for resource number 0xffffffff
W/ResourceType( 9622): No known package when getting name for resource number 0xffffffff
W/ResourceType( 9622): No known package when getting name for resource number 0xffffffff
W/ResourceType( 9622): No known package when getting name for resource number 0xffffffff
W/ResourceType( 9622): No known package when getting name for resource number 0xffffffff
W/ResourceType( 9622): No known package when getting name for resource number 0xffffffff
W/ResourceType( 9622): No known package when getting name for resource number 0xffffffff
W/ResourceType( 9622): No known package when getting name for resource number 0xffffffff
W/ResourceType( 9622): No known package when getting name for resource number 0xffffffff
W/ResourceType( 9622): No known package when getting name for resource number 0xffffffff
W/ResourceType( 9622): No known package when getting name for resource number 0xffffffff
I/System.out( 9622): URI: /map
I/System.out( 9622): params: {json={"query":"* id:'agreeAndContinueButton'","operation":{"method_name":"query","arguments":[]}}
I/System.out( 9622): }
W/ResourceType( 9622): No known package when getting name for resource number 0xffffffff
W/ResourceType( 9622): No known package when getting name for resource number 0xffffffff
W/ResourceType( 9622): No known package when getting name for resource number 0xffffffff
W/ResourceType( 9622): No known package when getting name for resource number 0xffffffff
W/ResourceType( 9622): No known package when getting name for resource number 0xffffffff
W/ResourceType( 9622): No known package when getting name for resource number 0xffffffff
W/ResourceType( 9622): No known package when getting name for resource number 0xffffffff
W/ResourceType( 9622): No known package when getting name for resource number 0xffffffff
W/ResourceType( 9622): No known package when getting name for resource number 0xffffffff
W/ResourceType( 9622): No known package when getting name for resource number 0xffffffff
W/ResourceType( 9622): No known package when getting name for resource number 0xffffffff
I/System.out( 9622): URI: /map
I/System.out( 9622): params: {json={"query":"* id:'agreeAndContinueButton'","operation":{"method_name":"query","arguments":[]}}
I/System.out( 9622): }
W/ResourceType( 9622): No known package when getting name for resource number 0xffffffff
W/ResourceType( 9622): No known package when getting name for resource number 0xffffffff
W/ResourceType( 9622): No known package when getting name for resource number 0xffffffff
W/ResourceType( 9622): No known package when getting name for resource number 0xffffffff
W/ResourceType( 9622): No known package when getting name for resource number 0xffffffff
W/ResourceType( 9622): No known package when getting name for resource number 0xffffffff
W/ResourceType( 9622): No known package when getting name for resource number 0xffffffff
W/ResourceType( 9622): No known package when getting name for resource number 0xffffffff
W/ResourceType( 9622): No known package when getting name for resource number 0xffffffff
W/ResourceType( 9622): No known package when getting name for resource number 0xffffffff
W/ResourceType( 9622): No known package when getting name for resource number 0xffffffff
D/Mono    ( 9622): [0xd3f7f920] worker starting
I/System.out( 9622): URI: /map
I/System.out( 9622): params: {json={"query":"* id:'agreeAndContinueButton'","operation":{"method_name":"query","arguments":[]}}
I/System.out( 9622): }
W/ResourceType( 9622): No known package when getting name for resource number 0xffffffff
W/ResourceType( 9622): No known package when getting name for resource number 0xffffffff
D/Mono    ( 9622): Assembly Ref addref System.Net.Http[0xe8599fa0] -> System.Core[0xe8599760]: 13
W/ResourceType( 9622): No known package when getting name for resource number 0xffffffff
W/ResourceType( 9622): No known package when getting name for resource number 0xffffffff
W/ResourceType( 9622): No known package when getting name for resource number 0xffffffff
W/ResourceType( 9622): No known package when getting name for resource number 0xffffffff
W/ResourceType( 9622): No known package when getting name for resource number 0xffffffff
W/ResourceType( 9622): No known package when getting name for resource number 0xffffffff
W/ResourceType( 9622): No known package when getting name for resource number 0xffffffff
W/ResourceType( 9622): No known package when getting name for resource number 0xffffffff
W/ResourceType( 9622): No known package when getting name for resource number 0xffffffff
D/Mono    ( 9622): Assembly Ref addref Mono.Android[0xe8599160] -> System[0xe8599400]: 12
D/Mono    ( 9622): DllImport searching in: '__Internal' ('(null)').
D/Mono    ( 9622): Searching for 'java_interop_jnienv_call_nonvirtual_int_method_a'.
D/Mono    ( 9622): Probing 'java_interop_jnienv_call_nonvirtual_int_method_a'.
D/Mono    ( 9622): Found as 'java_interop_jnienv_call_nonvirtual_int_method_a'.
D/Mono    ( 9622): DllImport searching in: '__Internal' ('(null)').
D/Mono    ( 9622): Searching for 'java_interop_jnienv_get_float_field'.
D/Mono    ( 9622): Probing 'java_interop_jnienv_get_float_field'.
D/Mono    ( 9622): Found as 'java_interop_jnienv_get_float_field'.
D/Mono    ( 9622): DllImport searching in: '__Internal' ('(null)').
D/Mono    ( 9622): Searching for 'java_interop_jnienv_new_object_array'.
D/Mono    ( 9622): Probing 'java_interop_jnienv_new_object_array'.
D/Mono    ( 9622): Found as 'java_interop_jnienv_new_object_array'.
D/Mono    ( 9622): DllImport searching in: '__Internal' ('(null)').
D/Mono    ( 9622): Searching for 'java_interop_jnienv_set_object_array_element'.
D/Mono    ( 9622): Probing 'java_interop_jnienv_set_object_array_element'.
D/Mono    ( 9622): Found as 'java_interop_jnienv_set_object_array_element'.
I/System.out( 9622): URI: /
I/System.out( 9622): params: {json={"command":"touch_coordinate","arguments":[540.0,1705.0]}
I/System.out( 9622): }
I/System.out( 9622): header: {content-type=application/json; charset=utf-8, connection=close, host=devicehost18.prod, x-session-token=token-token-ebf7e3e9-f520-4606-84ee-5abef3c2d8b6, content-length=57, x-forwarded-for=10.222.150.11}
I/System.out( 9622): params: {json={"command":"touch_coordinate","arguments":[540.0,1705.0]}
I/System.out( 9622): }
I/System.out( 9622): ProP json = {"command":"touch_coordinate","arguments":[540.0,1705.0]}
I/System.out( 9622): files: {}
I/System.out( 9622): command: {"command":"touch_coordinate","arguments":[540.0,1705.0]}
I/InstrumentationBackend( 9622): Got command:'Command:'Line:null,touch_coordinate', arguments:'[540.0, 1705.0]'
I/System.out( 9622): result:{"bonusInformation":[],"message":"","success":true}
I/System.out( 9622): URI: /backdoor
I/System.out( 9622): params: {json={"method_name":"APISetup","arguments":[200]}
I/System.out( 9622): }
I/System.out( 9622): URI: /backdoor
I/System.out( 9622): params: {json={"method_name":"MyCBBackdoor","arguments":[]}
I/System.out( 9622): }
D/Mono    ( 9622): Unloading image System.dll [0xd1bd8b00].
D/Mono    ( 9622): Image addref System[0xd1c7d420] -> System.dll[0xed70ad00]: 5
D/Mono    ( 9622): Config attempting to parse: 'System.dll.config'.
D/Mono    ( 9622): Config attempting to parse: '/Users/builder/data/lanes/4009/3a62f1ea/source/monodroid/builds/install/mono-armv6/etc/mono/assemblies/System/System.config'.
D/Mono    ( 9622): Unloading image System.dll [0xd1bd8b00].
D/Mono    ( 9622): Image addref System[0xd1c7d060] -> System.dll[0xed70ad00]: 6
D/Mono    ( 9622): Config attempting to parse: 'System.dll.config'.
D/Mono    ( 9622): Config attempting to parse: '/Users/builder/data/lanes/4009/3a62f1ea/source/monodroid/builds/install/mono-armv6/etc/mono/assemblies/System/System.config'.
D/Mono    ( 9622): Unloading image System.dll [0xd1bd8b00].
D/Mono    ( 9622): Image addref System[0xd1c7d060] -> System.dll[0xed70ad00]: 7
D/Mono    ( 9622): Config attempting to parse: 'System.dll.config'.
D/Mono    ( 9622): Config attempting to parse: '/Users/builder/data/lanes/4009/3a62f1ea/source/monodroid/builds/install/mono-armv6/etc/mono/assemblies/System/System.config'.
D/Mono    ( 9622): Assembly Ref addref CareerBuilder_Search.Droid[0xe8598260] -> Xamarin.Android.Support.Design[0xe8598c80]: 2
D/Mono    ( 9622): Unloading image System.dll [0xd1bd8b00].
D/Mono    ( 9622): Image addref System[0xd1c7d060] -> System.dll[0xed70ad00]: 8
D/Mono    ( 9622): Config attempting to parse: 'System.dll.config'.
D/Mono    ( 9622): Config attempting to parse: '/Users/builder/data/lanes/4009/3a62f1ea/source/monodroid/builds/install/mono-armv6/etc/mono/assemblies/System/System.config'.
I/calabash( 9622): execStartActivity 4
I/ActivityManager(  869): START u0 {cmp=com.careerbuilder.SugarDrone/md5a4824aa66c0dc4d104077b72c1916a44.MasterNavActivity} from uid 19608 on display 0
I/calabash( 9622): newActivity1
D/Mono    ( 9622): DllImport searching in: '__Internal' ('(null)').
D/Mono    ( 9622): Searching for 'java_interop_jnienv_is_assignable_from'.
D/Mono    ( 9622): Probing 'java_interop_jnienv_is_assignable_from'.
D/Mono    ( 9622): Found as 'java_interop_jnienv_is_assignable_from'.
D/Mono    ( 9622): DllImport searching in: '__Internal' ('(null)').
D/Mono    ( 9622): Searching for 'java_interop_jnienv_get_byte_array_region'.
D/Mono    ( 9622): Probing 'java_interop_jnienv_get_byte_array_region'.
D/Mono    ( 9622): Found as 'java_interop_jnienv_get_byte_array_region'.
D/Mono    ( 9622): DllImport searching in: '__Internal' ('(null)').
D/Mono    ( 9622): Searching for 'java_interop_jnienv_set_byte_array_region'.
D/Mono    ( 9622): Probing 'java_interop_jnienv_set_byte_array_region'.
D/Mono    ( 9622): Found as 'java_interop_jnienv_set_byte_array_region'.
I/System.out( 9622): URI: /map
I/System.out( 9622): params: {json={"query":"* marked:'Skip'","operation":{"method_name":"query","arguments":[]}}
I/System.out( 9622): }
I/art     ( 9622): Do partial code cache collection, code=42KB, data=62KB
I/art     ( 9622): After code cache collection, code=42KB, data=62KB
I/art     ( 9622): Increasing code cache capacity to 256KB
W/Mono    ( 9622): The request to load the assembly System.Core v4.0.0.0 was remapped to v2.0.5.0
D/Mono    ( 9622): Unloading image System.Core.dll [0xd12ef700].
D/Mono    ( 9622): Image addref System.Core[0xd1bfef40] -> System.Core.dll[0xed70bc00]: 5
D/Mono    ( 9622): Config attempting to parse: 'System.Core.dll.config'.
D/Mono    ( 9622): Config attempting to parse: '/Users/builder/data/lanes/4009/3a62f1ea/source/monodroid/builds/install/mono-armv6/etc/mono/assemblies/System.Core/System.Core.config'.
W/Mono    ( 9622): The request to load the assembly System.Core v4.0.0.0 was remapped to v2.0.5.0
D/Mono    ( 9622): Unloading image System.Core.dll [0xd12ef700].
D/Mono    ( 9622): Image addref System.Core[0xd39c3140] -> System.Core.dll[0xed70bc00]: 6
D/Mono    ( 9622): Config attempting to parse: 'System.Core.dll.config'.
D/Mono    ( 9622): Config attempting to parse: '/Users/builder/data/lanes/4009/3a62f1ea/source/monodroid/builds/install/mono-armv6/etc/mono/assemblies/System.Core/System.Core.config'.
D/Mono    ( 9622): DllImport searching in: '__Internal' ('(null)').
D/Mono    ( 9622): Searching for 'java_interop_jnienv_call_nonvirtual_object_method'.
D/Mono    ( 9622): Probing 'java_interop_jnienv_call_nonvirtual_object_method'.
D/Mono    ( 9622): Found as 'java_interop_jnienv_call_nonvirtual_object_method'.
D/Mono    ( 9622): DllImport searching in: '__Internal' ('(null)').
D/Mono    ( 9622): Searching for 'java_interop_jnienv_call_int_method'.
D/Mono    ( 9622): Probing 'java_interop_jnienv_call_int_method'.
D/Mono    ( 9622): Found as 'java_interop_jnienv_call_int_method'.
D/Mono    ( 9622): Assembly Ref addref Xamarin.Android.Support.Design[0xe8598c80] -> Xamarin.Android.Support.v4[0xe8598aa0]: 4
D/Mono    ( 9622): Assembly Ref addref CareerBuilder_Search.Droid[0xe8598260] -> Xamarin.Android.Support.v7.RecyclerView[0xe8598b00]: 2
D/Mono    ( 9622): Assembly Ref addref Xamarin.Android.Support.v7.RecyclerView[0xe8598b00] -> Xamarin.Android.Support.v4[0xe8598aa0]: 5
D/Mono    ( 9622): Assembly Ref addref CareerBuilder_Search.Droid[0xe8598260] -> FloatingActionButton-Xamarin[0xe8598a40]: 2
D/Mono    ( 9622): [0xd2a7f920] hill climbing, change max number of threads 7
D/Mono    ( 9622): Unloading image System.IO.dll [0xd0530800].
D/Mono    ( 9622): Image addref System.IO[0xd39c4280] -> System.IO.dll[0xd2d37600]: 6
D/Mono    ( 9622): Config attempting to parse: 'System.IO.dll.config'.
D/Mono    ( 9622): Config attempting to parse: '/Users/builder/data/lanes/4009/3a62f1ea/source/monodroid/builds/install/mono-armv6/etc/mono/assemblies/System.IO/System.IO.config'.
D/Mono    ( 9622): Assembly Ref addref CareerBuilder_Search[0xe8599100] -> System.IO[0xf485f580]: 4
W/FragmentManager( 9622): moveToState: Fragment state for SavedJobsFragment{2c9eea5 #0 id=0x7f0a0148 android:switcher:2131362120:1} not updated inline; expected state 3 found 2
D/Mono    ( 9622): Assembly Ref addref CareerBuilder_Search.Droid[0xe8598260] -> System[0xe8599400]: 13
W/FragmentManager( 9622): moveToState: Fragment state for ResumeManagementFragment{f4f127a #1 id=0x7f0a0148 android:switcher:2131362120:2} not updated inline; expected state 3 found 2
D/Mono    ( 9622): Unloading image System.Linq.dll [0xd052fe00].
D/Mono    ( 9622): Image addref System.Linq[0xd1bfebe0] -> System.Linq.dll[0xd50bea00]: 9
D/Mono    ( 9622): Config attempting to parse: 'System.Linq.dll.config'.
D/Mono    ( 9622): Config attempting to parse: '/Users/builder/data/lanes/4009/3a62f1ea/source/monodroid/builds/install/mono-armv6/etc/mono/assemblies/System.Linq/System.Linq.config'.
D/Mono    ( 9622): Assembly Ref addref CareerBuilder_Search[0xe8599100] -> System.Linq[0xe85996a0]: 7
D/Mono    ( 9622): Assembly Ref addref CareerBuilder_Search.Droid[0xe8598260] -> System.Core[0xe8599760]: 14
D/Mono    ( 9622): DllImport searching in: '__Internal' ('(null)').
D/Mono    ( 9622): Searching for 'java_interop_jnienv_call_nonvirtual_void_method'.
D/Mono    ( 9622): Probing 'java_interop_jnienv_call_nonvirtual_void_method'.
D/Mono    ( 9622): Found as 'java_interop_jnienv_call_nonvirtual_void_method'.
D/Mono    ( 9622): DllImport attempting to load: '/system/lib/liblog.so'.
D/Mono    ( 9622): DllImport loaded library '/system/lib/liblog.so'.
D/Mono    ( 9622): DllImport searching in: '/system/lib/liblog.so' ('/system/lib/liblog.so').
D/Mono    ( 9622): Searching for '__android_log_print'.
D/Mono    ( 9622): Probing '__android_log_print'.
D/Mono    ( 9622): Found as '__android_log_print'.
I/mono-stdout( 9622): uri is: https://api.careerbuilder.com/consumer/resumes?OAuthToken=&HostSite=US&DeveloperKey=WDHR8FC6P2JZ1Y61KLM5
I/mono-stdout( 9622): uri is: https://api.careerbuilder.com/consumer/saved-jobs/?DeveloperKey=WDHR8FC6P2JZ1Y61KLM5
I/mono-stdout( 9622): uri is: https://api.careerbuilder.com/consumer/jobs/search/?Keywords=&Location=&UseFacets=true&PageNumber=1&ExcludeNational=true&DeveloperKey=WDHR8FC6P2JZ1Y61KLM5
I/mono-stdout( 9622): uri is: https://api.careerbuilder.com/consumer/resumes?OAuthToken=&HostSite=US&DeveloperKey=WDHR8FC6P2JZ1Y61KLM5
D/Mono    ( 9622): Unloading image System.Collections.dll [0xd12eca00].
D/Mono    ( 9622): Image addref System.Collections[0xd1c7e200] -> System.Collections.dll[0xed70b700]: 10
D/Mono    ( 9622): Config attempting to parse: 'System.Collections.dll.config'.
D/Mono    ( 9622): Config attempting to parse: '/Users/builder/data/lanes/4009/3a62f1ea/source/monodroid/builds/install/mono-armv6/etc/mono/assemblies/System.Collections/System.Collections.config'.
D/Mono    ( 9622): Assembly Ref addref System.Reactive.Linq[0xe8598ec0] -> System.Collections[0xe85994c0]: 8
D/Mono    ( 9622): Image addref System.Net.Primitives[0xed47b360] -> System.Net.Primitives.dll[0xcfe85000]: 2
D/Mono    ( 9622): Prepared to set up assembly 'System.Net.Primitives' (System.Net.Primitives.dll)
D/Mono    ( 9622): Assembly System.Net.Primitives[0xed47b360] added to domain RootDomain, ref_count=1
D/Mono    ( 9622): AOT module 'System.Net.Primitives.dll.so' not found: dlopen failed: library "/data/app/com.careerbuilder.SugarDrone-1/lib/arm/libaot-System.Net.Primitives.dll.so" not found
D/Mono    ( 9622): Unloading image System.Net.Primitives.dll [0xd052ef00].
D/Mono    ( 9622): Image addref System.Net.Primitives[0xd1c7e200] -> System.Net.Primitives.dll[0xcfe85000]: 4
D/Mono    ( 9622): Config attempting to parse: 'System.Net.Primitives.dll.config'.
D/Mono    ( 9622): Config attempting to parse: '/Users/builder/data/lanes/4009/3a62f1ea/source/monodroid/builds/install/mono-armv6/etc/mono/assemblies/System.Net.Primitives/System.Net.Primitives.config'.
D/Mono    ( 9622): Assembly Ref addref CareerBuilder_Search[0xe8599100] -> System.Net.Primitives[0xed47b360]: 2
D/Mono    ( 9622): Assembly Ref addref System.Net.Primitives[0xed47b360] -> System[0xe8599400]: 14
D/Mono    ( 9622): Unloading image System.Net.Primitives.dll [0xd041a200].
D/Mono    ( 9622): Unloading image System.Net.Primitives.dll [0xd0532b00].
D/Mono    ( 9622): Image addref System.Net.Primitives[0xd1bfebe0] -> System.Net.Primitives.dll[0xcfe85000]: 6
D/Mono    ( 9622): Image addref System.Net.Primitives[0xd1428720] -> System.Net.Primitives.dll[0xcfe85000]: 7
D/Mono    ( 9622): Config attempting to parse: 'System.Net.Primitives.dll.config'.
D/Mono    ( 9622): Config attempting to parse: 'System.Net.Primitives.dll.config'.
D/Mono    ( 9622): Config attempting to parse: '/Users/builder/data/lanes/4009/3a62f1ea/source/monodroid/builds/install/mono-armv6/etc/mono/assemblies/System.Net.Primitives/System.Net.Primitives.config'.
D/Mono    ( 9622): Config attempting to parse: '/Users/builder/data/lanes/4009/3a62f1ea/source/monodroid/builds/install/mono-armv6/etc/mono/assemblies/System.Net.Primitives/System.Net.Primitives.config'.
D/Mono    ( 9622): Unloading image System.Text.Encoding.dll [0xd041a200].
D/Mono    ( 9622): AOT module '/Users/builder/data/lanes/4009/3a62f1ea/source/monodroid/builds/install/mono-armv6/lib/mono/aot-cache/arm/System.Net.Primitives.dll.so' not found: dlopen failed: library "/data/app/com.careerbuilder.SugarDrone-1/lib/arm/libaot-System.Net.Primitives.dll.so" not found
D/Mono    ( 9622): Config attempting to parse: 'System.Net.Primitives.dll.config'.
D/Mono    ( 9622): Config attempting to parse: '/Users/builder/data/lanes/4009/3a62f1ea/source/monodroid/builds/install/mono-armv6/etc/mono/assemblies/System.Net.Primitives/System.Net.Primitives.config'.
D/Mono    ( 9622): Image addref System.Text.Encoding[0xd39c44c0] -> System.Text.Encoding.dll[0xd4ef3000]: 5
D/Mono    ( 9622): Config attempting to parse: 'System.Text.Encoding.dll.config'.
D/Mono    ( 9622): Config attempting to parse: '/Users/builder/data/lanes/4009/3a62f1ea/source/monodroid/builds/install/mono-armv6/etc/mono/assemblies/System.Text.Encoding/System.Text.Encoding.config'.
D/Mono    ( 9622): Assembly Ref addref CareerBuilder_Search[0xe8599100] -> System.Text.Encoding[0xf48199a0]: 3
I/mono-stdout( 9622): making api call to: /consumer/resumes?OAuthToken=&HostSite=US&DeveloperKey=WDHR8FC6P2JZ1Y61KLM5
I/mono-stdout( 9622): making api call to: /consumer/saved-jobs/?DeveloperKey=WDHR8FC6P2JZ1Y61KLM5
D/Mono    ( 9622): Unloading image System.Text.Encoding.dll [0xd052ef00].
D/Mono    ( 9622): Image addref System.Text.Encoding[0xd1c7e260] -> System.Text.Encoding.dll[0xd4ef3000]: 6
D/Mono    ( 9622): Config attempting to parse: 'System.Text.Encoding.dll.config'.
D/Mono    ( 9622): Config attempting to parse: '/Users/builder/data/lanes/4009/3a62f1ea/source/monodroid/builds/install/mono-armv6/etc/mono/assemblies/System.Text.Encoding/System.Text.Encoding.config'.
D/Mono    ( 9622): Unloading image System.Text.Encoding.dll [0xd0532b00].
I/mono-stdout( 9622): making api call to: /consumer/jobs/search/?Keywords=&Location=&UseFacets=true&PageNumber=1&ExcludeNational=true&DeveloperKey=WDHR8FC6P2JZ1Y61KLM5
D/Mono    ( 9622): Image addref System.Text.Encoding[0xd14287e0] -> System.Text.Encoding.dll[0xd4ef3000]: 7
D/Mono    ( 9622): Config attempting to parse: 'System.Text.Encoding.dll.config'.
D/Mono    ( 9622): Config attempting to parse: '/Users/builder/data/lanes/4009/3a62f1ea/source/monodroid/builds/install/mono-armv6/etc/mono/assemblies/System.Text.Encoding/System.Text.Encoding.config'.
D/Mono    ( 9622): DllImport searching in: '__Internal' ('(null)').
D/Mono    ( 9622): Searching for 'java_interop_jnienv_new_byte_array'.
D/Mono    ( 9622): Probing 'java_interop_jnienv_new_byte_array'.
D/Mono    ( 9622): Found as 'java_interop_jnienv_new_byte_array'.
I/mono-stdout( 9622): making api call to: /consumer/resumes?OAuthToken=&HostSite=US&DeveloperKey=WDHR8FC6P2JZ1Y61KLM5
D/Mono    ( 9622): Assembly Ref addref CareerBuilder_Search.Droid[0xe8598260] -> Newtonsoft.Json[0xe8598d40]: 4
D/Mono    ( 9622): [0xd4d6f920] hill climbing, change max number of threads 8
D/Mono    ( 9622): [0xcfb7f920] worker starting
D/Mono    ( 9622): [0xcfa7e920] worker starting
I/mono-stdout( 9622): Method: GET, RequestUri: 'https://api.careerbuilder.com/consumer/saved-jobs/?DeveloperKey=WDHR8FC6P2JZ1Y61KLM5', Version: 1.1, Content: <null>, Headers:
I/mono-stdout( 9622): {
I/mono-stdout( 9622): DeveloperKey: WDHR8FC6P2JZ1Y61KLM5
I/mono-stdout( 9622): Accept: application/json
I/mono-stdout( 9622): Authorization: Bearer test
I/mono-stdout( 9622): HostSite: US
I/mono-stdout( 9622): }
I/mono-stdout( 9622): Current State = 1,2,6,7
I/mono-stdout( 9622): applied jobs = 6
I/mono-stdout( 9622): expired jobs = 7
I/mono-stdout( 9622): saved jobs = Saved,Saved,Applied,Saved
I/mono-stdout( 9622): done making call to: /consumer/resumes?OAuthToken=&HostSite=US&DeveloperKey=WDHR8FC6P2JZ1Y61KLM5
I/mono-stdout( 9622): done making call to: /consumer/resumes?OAuthToken=&HostSite=US&DeveloperKey=WDHR8FC6P2JZ1Y61KLM5
I/mono-stdout( 9622): The resume  with hash has been set as latest
I/mono-stdout( 9622): The resume  with hash has been set as latest
I/art     ( 9622): Starting a blocking GC Explicit
I/art     ( 9622): Waiting for a blocking GC Explicit
I/art     ( 9622): Explicit concurrent mark sweep GC freed 1415(78KB) AllocSpace objects, 0(0B) LOS objects, 39% free, 10MB/18MB, paused 871us total 40.283ms
I/art     ( 9622): Starting a blocking GC Explicit
I/mono-stdout( 9622): done making call to: /consumer/saved-jobs/?DeveloperKey=WDHR8FC6P2JZ1Y61KLM5
I/art     ( 9622): Explicit concurrent mark sweep GC freed 930(45KB) AllocSpace objects, 0(0B) LOS objects, 40% free, 10MB/18MB, paused 3.600ms total 142.317ms
D/Mono    ( 9622): GC_TAR_BRIDGE bridges 146 objects 328 opaque 104 colors 146 colors-bridged 146 colors-visible 146 xref 2 cache-hit 0 cache-semihit 0 cache-miss 0 setup 0.07ms tarjan 0.84ms scc-setup 0.08ms gather-xref 0.01ms xref-setup 0.00ms cleanup 0.05ms
D/Mono    ( 9622): GC_BRIDGE: Complete, was running for 152.76ms
D/Mono    ( 9622): GC_MINOR: (Nursery full) time 28.44ms, stw 28.93ms promoted 879K major size: 1920K in use: 1153K los size: 1024K in use: 367K
I/mono-stdout( 9622): done making call to: /consumer/jobs/search/?Keywords=&Location=&UseFacets=true&PageNumber=1&ExcludeNational=true&DeveloperKey=WDHR8FC6P2JZ1Y61KLM5
I/mono-stdout( 9622): uri is: https://api.careerbuilder.com/consumer/saved-jobs/?DeveloperKey=WDHR8FC6P2JZ1Y61KLM5
I/mono-stdout( 9622): making api call to: /consumer/saved-jobs/?DeveloperKey=WDHR8FC6P2JZ1Y61KLM5
I/mono-stdout( 9622): Method: GET, RequestUri: 'https://api.careerbuilder.com/consumer/saved-jobs/?DeveloperKey=WDHR8FC6P2JZ1Y61KLM5', Version: 1.1, Content: <null>, Headers:
I/mono-stdout( 9622): {
I/mono-stdout( 9622): DeveloperKey: WDHR8FC6P2JZ1Y61KLM5
I/mono-stdout( 9622): Accept: application/json
I/mono-stdout( 9622): Authorization: Bearer test
I/mono-stdout( 9622): HostSite: US
I/mono-stdout( 9622): }
I/mono-stdout( 9622): Current State = 1,2,6,7
I/mono-stdout( 9622): applied jobs = 6
I/mono-stdout( 9622): expired jobs = 7
I/mono-stdout( 9622): saved jobs = Saved,Saved,Applied,Saved
E/RecyclerView( 9622): No adapter attached; skipping layout
W/art     ( 9622): JNI RegisterNativeMethods: attempt to register 0 native methods for md539c3d548fb000cea9f34163fa7e112ea.ProgressListItemViewHolder
W/ResourceType( 9622): No known package when getting name for resource number 0xffffffff
W/ResourceType( 9622): No known package when getting name for resource number 0xffffffff
W/ResourceType( 9622): No known package when getting name for resource number 0xffffffff
W/ResourceType( 9622): No known package when getting name for resource number 0xffffffff
W/ResourceType( 9622): No known package when getting name for resource number 0xffffffff
W/ResourceType( 9622): No known package when getting name for resource number 0xffffffff
W/ResourceType( 9622): No known package when getting name for resource number 0xffffffff
W/ResourceType( 9622): No known package when getting name for resource number 0xffffffff
W/ResourceType( 9622): No known package when getting name for resource number 0xffffffff
W/ResourceType( 9622): No known package when getting name for resource number 0xffffffff
W/ResourceType( 9622): No known package when getting name for resource number 0xffffffff
D/Mono    ( 9622): Assembly Ref addref Xamarin.Android.Support.v7.AppCompat[0xe8598c20] -> System.Core[0xe8599760]: 15
I/Choreographer( 9622): Skipped 160 frames!  The application may be doing too much work on its main thread.
E/RecyclerView( 9622): No adapter attached; skipping layout
I/mono-stdout( 9622): done making call to: /consumer/saved-jobs/?DeveloperKey=WDHR8FC6P2JZ1Y61KLM5
D/Mono    ( 9622): DllImport searching in: '__Internal' ('(null)').
D/Mono    ( 9622): Searching for 'java_interop_jnienv_call_void_method'.
D/Mono    ( 9622): Probing 'java_interop_jnienv_call_void_method'.
D/Mono    ( 9622): Found as 'java_interop_jnienv_call_void_method'.
I/System.out( 9622): URI: /map
I/System.out( 9622): params: {json={"query":"* marked:'Job 1'","operation":{"method_name":"query","arguments":[]}}
I/System.out( 9622): }
I/ActivityManager(  869): Displayed com.careerbuilder.SugarDrone/md5a4824aa66c0dc4d104077b72c1916a44.MasterNavActivity: +3s716ms
E/RecyclerView( 9622): No adapter attached; skipping layout
D/Mono    ( 9622): DllImport searching in: '__Internal' ('(null)').
D/Mono    ( 9622): Searching for 'java_interop_jnienv_set_int_field'.
D/Mono    ( 9622): Probing 'java_interop_jnienv_set_int_field'.
D/Mono    ( 9622): Found as 'java_interop_jnienv_set_int_field'.
E/RecyclerView( 9622): No adapter attached; skipping layout
W/art     ( 9622): JNI RegisterNativeMethods: attempt to register 0 native methods for md539c3d548fb000cea9f34163fa7e112ea.JobResultViewHolder
W/art     ( 9622): JNI RegisterNativeMethods: attempt to register 0 native methods for md543b91ad655f5c020e54c78f692da973f.SnapshotView
I/WindowManager(  869): Destroying surface Surface(name=com.careerbuilder.SugarDrone/md5a4824aa66c0dc4d104077b72c1916a44.TermsAndConditionsActivity) called by com.android.server.wm.WindowStateAnimator.destroySurface:2014 com.android.server.wm.WindowStateAnimator.destroySurfaceLocked:881 com.android.server.wm.WindowState.destroyOrSaveSurface:2073 com.android.server.wm.WindowManagerService.tryStartExitingAnimation:3017 com.android.server.wm.WindowManagerService.relayoutWindow:2897 com.android.server.wm.Session.relayout:215 android.view.IWindowSession$Stub.onTransact:286 com.android.server.wm.Session.onTransact:136 
W/SurfaceFlinger(  401): couldn't log to binary event log: overflow.
I/WindowManager(  869): Destroying surface Surface(name=com.careerbuilder.SugarDrone/md5a4824aa66c0dc4d104077b72c1916a44.TermsAndConditionsActivity) called by com.android.server.wm.WindowStateAnimator.destroySurface:2014 com.android.server.wm.WindowStateAnimator.destroySurfaceLocked:881 com.android.server.wm.WindowState.destroyOrSaveSurface:2073 com.android.server.wm.WindowManagerService.tryStartExitingAnimation:3017 com.android.server.wm.WindowManagerService.relayoutWindow:2897 com.android.server.wm.Session.relayout:215 android.view.IWindowSession$Stub.onTransact:286 com.android.server.wm.Session.onTransact:136 
W/ResourceType( 9622): No known package when getting name for resource number 0xffffffff
W/ResourceType( 9622): No known package when getting name for resource number 0xffffffff
W/ResourceType( 9622): No known package when getting name for resource number 0xffffffff
W/ResourceType( 9622): No known package when getting name for resource number 0xffffffff
W/ResourceType( 9622): No known package when getting name for resource number 0xffffffff
W/ResourceType( 9622): No known package when getting name for resource number 0xffffffff
W/ResourceType( 9622): No known package when getting name for resource number 0xffffffff
W/ResourceType( 9622): No known package when getting name for resource number 0xffffffff
W/ResourceType( 9622): No known package when getting name for resource number 0xffffffff
W/ResourceType( 9622): No known package when getting name for resource number 0xffffffff
W/ResourceType( 9622): No known package when getting name for resource number 0xffffffff
W/ResourceType( 9622): No known package when getting name for resource number 0xffffffff
W/ResourceType( 9622): No known package when getting name for resource number 0xffffffff
W/ResourceType( 9622): No known package when getting name for resource number 0xffffffff
W/ResourceType( 9622): No known package when getting name for resource number 0xffffffff
W/ResourceType( 9622): No known package when getting name for resource number 0xffffffff
W/ResourceType( 9622): No known package when getting name for resource number 0xffffffff
W/ResourceType( 9622): No known package when getting name for resource number 0xffffffff
W/ResourceType( 9622): No known package when getting name for resource number 0xffffffff
W/ResourceType( 9622): No known package when getting name for resource number 0xffffffff
W/ResourceType( 9622): No known package when getting name for resource number 0xffffffff
W/ResourceType( 9622): No known package when getting name for resource number 0xffffffff
W/ResourceType( 9622): No known package when getting name for resource number 0xffffffff
W/ResourceType( 9622): No known package when getting name for resource number 0xffffffff
W/ResourceType( 9622): No known package when getting name for resource number 0xffffffff
W/ResourceType( 9622): No known package when getting name for resource number 0xffffffff
W/ResourceType( 9622): No known package when getting name for resource number 0xffffffff
W/ResourceType( 9622): No known package when getting name for resource number 0xffffffff
W/ResourceType( 9622): No known package when getting name for resource number 0xffffffff
W/ResourceType( 9622): No known package when getting name for resource number 0xffffffff
W/ResourceType( 9622): No known package when getting name for resource number 0xffffffff
W/ResourceType( 9622): No known package when getting name for resource number 0xffffffff
W/ResourceType( 9622): No known package when getting name for resource number 0xffffffff
W/ResourceType( 9622): No known package when getting name for resource number 0xffffffff
W/ResourceType( 9622): No known package when getting name for resource number 0xffffffff
W/ResourceType( 9622): No known package when getting name for resource number 0xffffffff
W/ResourceType( 9622): No known package when getting name for resource number 0xffffffff
W/ResourceType( 9622): No known package when getting name for resource number 0xffffffff
W/ResourceType( 9622): No known package when getting name for resource number 0xffffffff
W/ResourceType( 9622): No known package when getting name for resource number 0xffffffff
W/ResourceType( 9622): No known package when getting name for resource number 0xffffffff
W/ResourceType( 9622): No known package when getting name for resource number 0xffffffff
W/ResourceType( 9622): No known package when getting name for resource number 0xffffffff
W/ResourceType( 9622): No known package when getting name for resource number 0xffffffff
W/ResourceType( 9622): No known package when getting name for resource number 0xffffffff
W/ResourceType( 9622): No known package when getting name for resource number 0xffffffff
I/Choreographer( 9622): Skipped 43 frames!  The application may be doing too much work on its main thread.
I/System.out( 9622): URI: /map
I/System.out( 9622): params: {json={"query":"* marked:'Job 1'","operation":{"method_name":"query","arguments":[]}}
I/System.out( 9622): }
W/ResourceType( 9622): No known package when getting name for resource number 0xffffffff
W/ResourceType( 9622): No known package when getting name for resource number 0xffffffff
W/ResourceType( 9622): No known package when getting name for resource number 0xffffffff
W/ResourceType( 9622): No known package when getting name for resource number 0xffffffff
W/ResourceType( 9622): No known package when getting name for resource number 0xffffffff
W/ResourceType( 9622): No known package when getting name for resource number 0xffffffff
W/ResourceType( 9622): No known package when getting name for resource number 0xffffffff
W/ResourceType( 9622): No known package when getting name for resource number 0xffffffff
W/ResourceType( 9622): No known package when getting name for resource number 0xffffffff
W/ResourceType( 9622): No known package when getting name for resource number 0xffffffff
W/ResourceType( 9622): No known package when getting name for resource number 0xffffffff
W/ResourceType( 9622): No known package when getting name for resource number 0xffffffff
W/ResourceType( 9622): No known package when getting name for resource number 0xffffffff
W/ResourceType( 9622): No known package when getting name for resource number 0xffffffff
W/ResourceType( 9622): No known package when getting name for resource number 0xffffffff
W/ResourceType( 9622): No known package when getting name for resource number 0xffffffff
W/ResourceType( 9622): No known package when getting name for resource number 0xffffffff
W/ResourceType( 9622): No known package when getting name for resource number 0xffffffff
W/ResourceType( 9622): No known package when getting name for resource number 0xffffffff
W/ResourceType( 9622): No known package when getting name for resource number 0xffffffff
W/ResourceType( 9622): No known package when getting name for resource number 0xffffffff
W/ResourceType( 9622): No known package when getting name for resource number 0xffffffff
W/ResourceType( 9622): No known package when getting name for resource number 0xffffffff
W/ResourceType( 9622): No known package when getting name for resource number 0xffffffff
W/ResourceType( 9622): No known package when getting name for resource number 0xffffffff
W/ResourceType( 9622): No known package when getting name for resource number 0xffffffff
W/ResourceType( 9622): No known package when getting name for resource number 0xffffffff
W/ResourceType( 9622): No known package when getting name for resource number 0xffffffff
W/ResourceType( 9622): No known package when getting name for resource number 0xffffffff
W/ResourceType( 9622): No known package when getting name for resource number 0xffffffff
W/ResourceType( 9622): No known package when getting name for resource number 0xffffffff
W/ResourceType( 9622): No known package when getting name for resource number 0xffffffff
W/ResourceType( 9622): No known package when getting name for resource number 0xffffffff
W/ResourceType( 9622): No known package when getting name for resource number 0xffffffff
W/ResourceType( 9622): No known package when getting name for resource number 0xffffffff
W/ResourceType( 9622): No known package when getting name for resource number 0xffffffff
W/ResourceType( 9622): No known package when getting name for resource number 0xffffffff
W/ResourceType( 9622): No known package when getting name for resource number 0xffffffff
W/ResourceType( 9622): No known package when getting name for resource number 0xffffffff
W/ResourceType( 9622): No known package when getting name for resource number 0xffffffff
W/ResourceType( 9622): No known package when getting name for resource number 0xffffffff
W/ResourceType( 9622): No known package when getting name for resource number 0xffffffff
W/ResourceType( 9622): No known package when getting name for resource number 0xffffffff
W/ResourceType( 9622): No known package when getting name for resource number 0xffffffff
W/ResourceType( 9622): No known package when getting name for resource number 0xffffffff
W/ResourceType( 9622): No known package when getting name for resource number 0xffffffff
W/ResourceType( 9622): No known package when getting name for resource number 0xffffffff
W/ResourceType( 9622): No known package when getting name for resource number 0xffffffff
W/ResourceType( 9622): No known package when getting name for resource number 0xffffffff
W/ResourceType( 9622): No known package when getting name for resource number 0xffffffff
W/ResourceType( 9622): No known package when getting name for resource number 0xffffffff
W/ResourceType( 9622): No known package when getting name for resource number 0xffffffff
W/ResourceType( 9622): No known package when getting name for resource number 0xffffffff
W/ResourceType( 9622): No known package when getting name for resource number 0xffffffff
W/ResourceType( 9622): No known package when getting name for resource number 0xffffffff
W/ResourceType( 9622): No known package when getting name for resource number 0xffffffff
W/ResourceType( 9622): No known package when getting name for resource number 0xffffffff
W/ResourceType( 9622): No known package when getting name for resource number 0xffffffff
W/ResourceType( 9622): No known package when getting name for resource number 0xffffffff
W/ResourceType( 9622): No known package when getting name for resource number 0xffffffff
W/ResourceType( 9622): No known package when getting name for resource number 0xffffffff
W/ResourceType( 9622): No known package when getting name for resource number 0xffffffff
W/ResourceType( 9622): No known package when getting name for resource number 0xffffffff
W/ResourceType( 9622): No known package when getting name for resource number 0xffffffff
W/ResourceType( 9622): No known package when getting name for resource number 0xffffffff
W/ResourceType( 9622): No known package when getting name for resource number 0xffffffff
W/ResourceType( 9622): No known package when getting name for resource number 0xffffffff
I/System.out( 9622): URI: /map
I/System.out( 9622): params: {json={"query":"* marked:'Job 1'","operation":{"method_name":"query","arguments":[]}}
I/System.out( 9622): }
W/ResourceType( 9622): No known package when getting name for resource number 0xffffffff
W/ResourceType( 9622): No known package when getting name for resource number 0xffffffff
W/ResourceType( 9622): No known package when getting name for resource number 0xffffffff
W/ResourceType( 9622): No known package when getting name for resource number 0xffffffff
W/ResourceType( 9622): No known package when getting name for resource number 0xffffffff
W/ResourceType( 9622): No known package when getting name for resource number 0xffffffff
W/ResourceType( 9622): No known package when getting name for resource number 0xffffffff
W/ResourceType( 9622): No known package when getting name for resource number 0xffffffff
W/ResourceType( 9622): No known package when getting name for resource number 0xffffffff
W/ResourceType( 9622): No known package when getting name for resource number 0xffffffff
W/ResourceType( 9622): No known package when getting name for resource number 0xffffffff
W/ResourceType( 9622): No known package when getting name for resource number 0xffffffff
W/ResourceType( 9622): No known package when getting name for resource number 0xffffffff
W/ResourceType( 9622): No known package when getting name for resource number 0xffffffff
W/ResourceType( 9622): No known package when getting name for resource number 0xffffffff
W/ResourceType( 9622): No known package when getting name for resource number 0xffffffff
W/ResourceType( 9622): No known package when getting name for resource number 0xffffffff
W/ResourceType( 9622): No known package when getting name for resource number 0xffffffff
W/ResourceType( 9622): No known package when getting name for resource number 0xffffffff
W/ResourceType( 9622): No known package when getting name for resource number 0xffffffff
W/ResourceType( 9622): No known package when getting name for resource number 0xffffffff
W/ResourceType( 9622): No known package when getting name for resource number 0xffffffff
W/ResourceType( 9622): No known package when getting name for resource number 0xffffffff
W/ResourceType( 9622): No known package when getting name for resource number 0xffffffff
W/ResourceType( 9622): No known package when getting name for resource number 0xffffffff
W/ResourceType( 9622): No known package when getting name for resource number 0xffffffff
W/ResourceType( 9622): No known package when getting name for resource number 0xffffffff
W/ResourceType( 9622): No known package when getting name for resource number 0xffffffff
W/ResourceType( 9622): No known package when getting name for resource number 0xffffffff
W/ResourceType( 9622): No known package when getting name for resource number 0xffffffff
W/ResourceType( 9622): No known package when getting name for resource number 0xffffffff
W/ResourceType( 9622): No known package when getting name for resource number 0xffffffff
W/ResourceType( 9622): No known package when getting name for resource number 0xffffffff
W/ResourceType( 9622): No known package when getting name for resource number 0xffffffff
W/ResourceType( 9622): No known package when getting name for resource number 0xffffffff
W/ResourceType( 9622): No known package when getting name for resource number 0xffffffff
W/ResourceType( 9622): No known package when getting name for resource number 0xffffffff
W/ResourceType( 9622): No known package when getting name for resource number 0xffffffff
W/ResourceType( 9622): No known package when getting name for resource number 0xffffffff
W/ResourceType( 9622): No known package when getting name for resource number 0xffffffff
W/ResourceType( 9622): No known package when getting name for resource number 0xffffffff
W/ResourceType( 9622): No known package when getting name for resource number 0xffffffff
W/ResourceType( 9622): No known package when getting name for resource number 0xffffffff
W/ResourceType( 9622): No known package when getting name for resource number 0xffffffff
W/ResourceType( 9622): No known package when getting name for resource number 0xffffffff
W/ResourceType( 9622): No known package when getting name for resource number 0xffffffff
W/ResourceType( 9622): No known package when getting name for resource number 0xffffffff
W/ResourceType( 9622): No known package when getting name for resource number 0xffffffff
W/ResourceType( 9622): No known package when getting name for resource number 0xffffffff
W/ResourceType( 9622): No known package when getting name for resource number 0xffffffff
W/ResourceType( 9622): No known package when getting name for resource number 0xffffffff
W/ResourceType( 9622): No known package when getting name for resource number 0xffffffff
W/ResourceType( 9622): No known package when getting name for resource number 0xffffffff
W/ResourceType( 9622): No known package when getting name for resource number 0xffffffff
W/ResourceType( 9622): No known package when getting name for resource number 0xffffffff
W/ResourceType( 9622): No known package when getting name for resource number 0xffffffff
W/ResourceType( 9622): No known package when getting name for resource number 0xffffffff
W/ResourceType( 9622): No known package when getting name for resource number 0xffffffff
W/ResourceType( 9622): No known package when getting name for resource number 0xffffffff
W/ResourceType( 9622): No known package when getting name for resource number 0xffffffff
W/ResourceType( 9622): No known package when getting name for resource number 0xffffffff
W/ResourceType( 9622): No known package when getting name for resource number 0xffffffff
W/ResourceType( 9622): No known package when getting name for resource number 0xffffffff
W/ResourceType( 9622): No known package when getting name for resource number 0xffffffff
W/ResourceType( 9622): No known package when getting name for resource number 0xffffffff
W/ResourceType( 9622): No known package when getting name for resource number 0xffffffff
W/ResourceType( 9622): No known package when getting name for resource number 0xffffffff
I/System.out( 9622): URI: /
I/System.out( 9622): params: {json={"command":"touch_coordinate","arguments":[512.0,583.0]}
I/System.out( 9622): }
I/System.out( 9622): header: {content-type=application/json; charset=utf-8, connection=close, host=devicehost18.prod, x-session-token=token-token-ebf7e3e9-f520-4606-84ee-5abef3c2d8b6, content-length=56, x-forwarded-for=10.222.150.11}
I/System.out( 9622): params: {json={"command":"touch_coordinate","arguments":[512.0,583.0]}
I/System.out( 9622): }
I/System.out( 9622): ProP json = {"command":"touch_coordinate","arguments":[512.0,583.0]}
I/System.out( 9622): files: {}
I/System.out( 9622): command: {"command":"touch_coordinate","arguments":[512.0,583.0]}
I/InstrumentationBackend( 9622): Got command:'Command:'Line:null,touch_coordinate', arguments:'[512.0, 583.0]'
D/Mono    ( 9622): Assembly Ref addref CareerBuilder_Search.Droid[0xe8598260] -> Xamarin.Android.Support.v7.CardView[0xe8598ce0]: 2
D/audio_hw_primary(  505): select_devices: changing use case low-latency-playback output device from(0: none, acdb -1) to (2: speaker, acdb 14)
I/calabash( 9622): execStartActivity 4
I/ActivityManager(  869): START u0 {cmp=com.careerbuilder.SugarDrone/md5a4824aa66c0dc4d104077b72c1916a44.JobDisplayPageActivity (has extras)} from uid 19608 on display 0
I/calabash( 9622): newActivity1
I/System.out( 9622): result:{"bonusInformation":[],"message":"","success":true}
W/System  ( 9622): ClassLoader referenced unknown path: /system/app/Chrome/lib/arm
I/WebViewFactory( 9622): Loading com.android.chrome version 51.0.2704.90 (code 275509052)
I/cr_LibraryLoader( 9622): Time to load native libraries: 22 ms (timestamps 9502-9524)
I/cr_LibraryLoader( 9622): Expected native library version number "51.0.2704.90", actual native library version number "51.0.2704.90"
V/WebViewChromiumFactoryProvider( 9622): Binding Chromium to main looper Looper (main, tid 1) {395dc00}
