<![CDATA[
]]><xtc-scenario name="[0-1027]CareerBuilder_Search.DroidFeatureTests.JDPTests.ShareButtonShouldBeVisible" id="[0-1027]CareerBuilder_Search.DroidFeatureTests.JDPTests.ShareButtonShouldBeVisible"><![CDATA[

]]><xtc-step name="[0-1027]CareerBuilder_Search.DroidFeatureTests.JDPTests.ShareButtonShouldBeVisible-ShareButtonShouldBeVisible" id="[0-1027]CareerBuilder_Search.DroidFeatureTests.JDPTests.ShareButtonShouldBeVisible-ShareButtonShouldBeVisible"><![CDATA[
D/AndroidRuntime( 7993): >>>>>> START com.android.internal.os.RuntimeInit uid 2000 <<<<<<
D/AndroidRuntime( 7993): CheckJNI is OFF
D/ICU     ( 7993): No timezone override file found: /data/misc/zoneinfo/current/icu/icu_tzdata.dat
I/Radio-JNI( 7993): register_android_hardware_Radio DONE
D/AndroidRuntime( 7993): Calling main entry com.android.commands.pm.Pm
I/art     ( 7993): System.exit called, status: 0
I/AndroidRuntime( 7993): VM exiting with result code 0.
W/MessageQueue( 7993): Handler (android.os.Handler) {1ff85e2} sending message to a Handler on a dead thread
W/MessageQueue( 7993): java.lang.IllegalStateException: Handler (android.os.Handler) {1ff85e2} sending message to a Handler on a dead thread
W/MessageQueue( 7993): 	at android.os.MessageQueue.enqueueMessage(MessageQueue.java:543)
W/MessageQueue( 7993): 	at android.os.Handler.enqueueMessage(Handler.java:643)
W/MessageQueue( 7993): 	at android.os.Handler.sendMessageAtTime(Handler.java:612)
W/MessageQueue( 7993): 	at android.os.Handler.sendMessageDelayed(Handler.java:582)
W/MessageQueue( 7993): 	at android.os.Handler.post(Handler.java:338)
W/MessageQueue( 7993): 	at android.os.ResultReceiver$MyResultReceiver.send(ResultReceiver.java:57)
W/MessageQueue( 7993): 	at com.android.internal.os.IResultReceiver$Stub.onTransact(IResultReceiver.java:58)
W/MessageQueue( 7993): 	at android.os.Binder.execTransact(Binder.java:565)
I/ActivityManager(  875): Killing 6829:com.google.process.gapps/u0a56 (adj 906): empty #17
I/ActivityManager(  875): Killing 5706:com.google.android.apps.docs/u0a52 (adj 906): empty #17
I/ActivityManager(  875): Killing 5668:com.android.musicfx/u0a29 (adj 906): empty #18
D/AndroidRuntime( 8700): >>>>>> START com.android.internal.os.RuntimeInit uid 2000 <<<<<<
D/AndroidRuntime( 8700): CheckJNI is OFF
D/ICU     ( 8700): No timezone override file found: /data/misc/zoneinfo/current/icu/icu_tzdata.dat
I/Radio-JNI( 8700): register_android_hardware_Radio DONE
D/AndroidRuntime( 8700): Calling main entry com.android.commands.am.Am
W/ActivityManager(  875): Invalid packageName: com.careerbuilder.SugarDrone
D/AndroidRuntime( 8700): Shutting down VM
I/rmt_storage(  395): rmt_storage_connect_cb: clnt_h=0xc conn_h=0x75fca2a000
I/rmt_storage(  395): rmt_storage_rw_iovec_cb: /boot/modem_fs1: clnt_h=0xc: req_h=0xc msg_id=3: R/W request received
I/rmt_storage(  395): wakelock acquired: 1, error no: 42
I/rmt_storage(  395): rmt_storage_client_thread: /boot/modem_fs1: clnt_h=0xc Unblock worker thread (th_id: 506747679824)
I/rmt_storage(  395): rmt_storage_client_thread: /boot/modem_fs1: clnt_h=0xc: req_h=0xc msg_id=3: Bytes written = 1572864
I/rmt_storage(  395): rmt_storage_client_thread: /boot/modem_fs1: clnt_h=0xc: req_h=0xc msg_id=3: Send response: res=0 err=0
I/rmt_storage(  395): rmt_storage_client_thread: /boot/modem_fs1: clnt_h=0xc About to block rmt_storage client thread (th_id: 506747679824) wakelock released: 1, error no: 22
I/rmt_storage(  395): 
I/rmt_storage(  395): rmt_storage_disconnect_cb: clnt_h=0xc conn_h=0x75fca2a000
D/AndroidRuntime( 9171): >>>>>> START com.android.internal.os.RuntimeInit uid 2000 <<<<<<
D/AndroidRuntime( 9171): CheckJNI is OFF
D/ICU     ( 9171): No timezone override file found: /data/misc/zoneinfo/current/icu/icu_tzdata.dat
I/Radio-JNI( 9171): register_android_hardware_Radio DONE
D/AndroidRuntime( 9171): Calling main entry com.android.commands.pm.Pm
I/        (  512): free_cache(71725114) avail 10807386112
I/PackageManager.DexOptimizer(  875): Running dexopt (dex2oat) on: /data/app/vmdl911338522.tmp/base.apk pkg=com.careerbuilder.SugarDrone isa=arm vmSafeMode=false debuggable=true target-filter=interpret-only oatDir = /data/app/vmdl911338522.tmp/oat sharedLibraries=null
I/dex2oat ( 9221): /system/bin/dex2oat --compiler-filter=interpret-only -j4 --debuggable
W/dex2oat ( 9221): Before Android 4.1, method android.graphics.PorterDuffColorFilter android.support.graphics.drawable.VectorDrawableCompat.updateTintFilter(android.graphics.PorterDuffColorFilter, android.content.res.ColorStateList, android.graphics.PorterDuff$Mode) would have incorrectly overridden the package-private method in android.graphics.drawable.Drawable
W/dex2oat ( 9221): Before Android 4.1, method int android.support.v7.widget.ListViewCompat.lookForSelectablePosition(int, boolean) would have incorrectly overridden the package-private method in android.widget.ListView
I/dex2oat ( 9221): dex2oat took 1.977s (threads: 4) arena alloc=3KB (3712B) java alloc=4MB (5065800B) native alloc=6MB (7302752B) free=2MB (2658720B)
W/PackageManager(  875): Not granting permission android.permission.MANAGE_DOCUMENTS to package com.careerbuilder.SugarDrone (protectionLevel=2 flags=0x3808be46)
W/PackageManager(  875): Not granting permission android.permission.MOUNT_UNMOUNT_FILESYSTEMS to package com.careerbuilder.SugarDrone (protectionLevel=18 flags=0x3808be46)
V/BackupManagerService(  875): restoreAtInstall pkg=com.careerbuilder.SugarDrone token=5 restoreSet=0
V/BackupManagerService(  875): Finishing install immediately
I/art     (  875): Starting a blocking GC Explicit
I/art     (  875): Explicit concurrent mark sweep GC freed 121957(6MB) AllocSpace objects, 18(952KB) LOS objects, 33% free, 16MB/24MB, paused 1.550ms total 110.355ms
E/        (  512): Couldn't opendir /data/app/vmdl911338522.tmp: No such file or directory
I/ActivityManager(  875): Start proc 9267:com.android.musicfx/u0a29 for broadcast com.android.musicfx/.Compatibility$Receiver
I/art     ( 9171): System.exit called, status: 0
I/AndroidRuntime( 9171): VM exiting with result code 0.
W/ActivityManager(  875): Permission Denial: Accessing service ComponentInfo{com.google.android.music/com.google.android.music.dial.DialMediaRouteProviderService} from pid=5205, uid=10085 that is not exported from uid 10071
I/InputReader(  875): Reconfiguring input devices.  changes=0x00000010
D/CarrierSvcBindHelper( 3096): No carrier app for: 0
D/CarrierConfigLoader( 3096): mHandler: 9 phoneId: 0
D/RegisteredNfcFServicesCache( 4029): Service unchanged, not updating
W/System  ( 9267): ClassLoader referenced unknown path: /system/priv-app/MusicFX/lib/arm64
I/ActivityManager(  875): Start proc 9288:com.android.vending/u0a30 for broadcast com.android.vending/com.google.android.finsky.receivers.PackageMonitorReceiver$RegisteredReceiver
W/System  ( 9288): ClassLoader referenced unknown path: /system/priv-app/Phonesky/lib/arm64
W/Finsky  ( 9288): [1] com.google.android.finsky.FinskyApp.i(1468): No account configured on this device.
W/Finsky  ( 9288): [1] com.google.android.finsky.FinskyApp.i(1468): No account configured on this device.
W/Finsky  ( 9288): [1] com.google.android.finsky.FinskyApp.i(1468): No account configured on this device.
W/Finsky  ( 9288): [1] com.google.android.finsky.FinskyApp.i(1468): No account configured on this device.
I/Finsky  ( 9288): [1] com.google.android.finsky.FinskyApp.onCreate(430): Initializing network with DFE https://android.clients.google.com/fdfe/
W/Finsky  ( 9288): [1] com.google.android.finsky.FinskyApp.i(1468): No account configured on this device.
W/Finsky  ( 9288): [1] com.google.android.finsky.FinskyApp.i(1468): No account configured on this device.
W/Finsky  ( 9288): [1] com.google.android.finsky.FinskyApp.i(1468): No account configured on this device.
W/Finsky  ( 9288): [1] com.google.android.finsky.FinskyApp.i(1468): No account configured on this device.
W/Finsky  ( 9288): [1] com.google.android.finsky.FinskyApp.i(1468): No account configured on this device.
W/Finsky  ( 9288): [1] com.google.android.finsky.FinskyApp.i(1468): No account configured on this device.
W/Finsky  ( 9288): [1] com.google.android.finsky.FinskyApp.i(1468): No account configured on this device.
W/Finsky  ( 9288): [1] com.google.android.finsky.FinskyApp.i(1468): No account configured on this device.
W/Finsky  ( 9288): [1] com.google.android.finsky.FinskyApp.i(1468): No account configured on this device.
I/Finsky  ( 9288): [1] com.google.android.finsky.services.DailyHygiene.a(171): No need to run daily hygiene.
W/Finsky  ( 9288): [1] com.google.android.finsky.FinskyApp.i(1468): No account configured on this device.
W/Settings( 9288): Setting download_manager_max_bytes_over_mobile has moved from android.provider.Settings.Secure to android.provider.Settings.Global.
W/Settings( 9288): Setting download_manager_recommended_max_bytes_over_mobile has moved from android.provider.Settings.Secure to android.provider.Settings.Global.
W/Finsky  ( 9288): [1] com.google.android.finsky.FinskyApp.i(1468): No account configured on this device.
W/Finsky  ( 9288): [1] com.google.android.finsky.FinskyApp.i(1468): No account configured on this device.
W/Finsky  ( 9288): [1] com.google.android.finsky.FinskyApp.i(1468): No account configured on this device.
W/Finsky  ( 9288): [1] com.google.android.finsky.FinskyApp.i(1468): No account configured on this device.
W/Finsky  ( 9288): [1] com.google.android.finsky.FinskyApp.i(1468): No account configured on this device.
W/Finsky  ( 9288): [1] com.google.android.finsky.FinskyApp.b(1150): No account configured on this device.
W/Finsky  ( 9288): [1] com.google.android.finsky.FinskyApp.i(1468): No account configured on this device.
W/Finsky  ( 9288): [384] com.google.android.finsky.FinskyApp.i(1468): No account configured on this device.
I/ActivityManager(  875): Start proc 9344:com.google.android.apps.docs/u0a52 for broadcast com.google.android.apps.docs/.receivers.AppPackageAddRemoveReceiver
I/Finsky  ( 9288): [1] com.google.android.finsky.receivers.j.a(1226): Installer kick - no action, not running yet
I/Finsky  ( 9288): [1] com.google.android.finsky.utils.PermissionPolicies$PermissionPolicyService.onStartCommand(117): post-install permissions check for com.careerbuilder.SugarDrone
W/Finsky  ( 9288): [1] com.google.android.finsky.FinskyApp.i(1468): No account configured on this device.
I/Finsky  ( 9288): [1] com.google.android.finsky.utils.bh.run(2302): Package state data is missing for com.careerbuilder.SugarDrone
W/Finsky  ( 9288): [1] com.google.android.finsky.FinskyApp.i(1468): No account configured on this device.
W/System  ( 9344): ClassLoader referenced unknown path: /system/app/Drive/lib/arm64
D/AndroidRuntime( 9305): >>>>>> START com.android.internal.os.RuntimeInit uid 2000 <<<<<<
D/AndroidRuntime( 9305): CheckJNI is OFF
I/Finsky  ( 9288): [1] com.google.android.finsky.c.l.a(270): result=false type=4
D/ICU     ( 9305): No timezone override file found: /data/misc/zoneinfo/current/icu/icu_tzdata.dat
I/Finsky  ( 9288): [1] com.google.android.finsky.services.bc.a(1050): Restore complete with 0 success and 0 failed.
I/Radio-JNI( 9305): register_android_hardware_Radio DONE
W/Finsky  ( 9288): [384] com.google.android.finsky.FinskyApp.i(1468): No account configured on this device.
D/AndroidRuntime( 9305): Calling main entry com.android.commands.settings.SettingsCmd
D/AndroidRuntime( 9305): Shutting down VM
I/GAv4    ( 9344): Google Analytics 8.4.87 is starting up. To enable debug logging on a device run:
I/GAv4    ( 9344):   adb shell setprop log.tag.GAv4 DEBUG
I/GAv4    ( 9344):   adb logcat -s GAv4
W/GAv4    ( 9344): AnalyticsReceiver is not registered or is disabled. Register the receiver for reliable dispatching on non-Google Play devices. See http://goo.gl/8Rd3yj for instructions.
W/GAv4    ( 9344): CampaignTrackingReceiver is not registered, not exported or is disabled. Installation campaign tracking is not possible. See http://goo.gl/8Rd3yj for instructions.
W/GAv4    ( 9344): AnalyticsService not registered in the app manifest. Hits might not be delivered reliably. See http://goo.gl/8Rd3yj for instructions.
I/ActivityManager(  875): Killing 5757:com.google.android.partnersetup/u0a25 (adj 906): empty #17
I/UpdateIcingCorporaServi( 4136): Updating corpora: APPS=com.careerbuilder.SugarDrone, CONTACTS=MAYBE
I/ActivityManager(  875): Start proc 9396:com.google.android.partnersetup/u0a25 for broadcast com.google.android.partnersetup/.RlzPingBroadcastReceiver
D/Wear_Controller( 4312): Received broadcast action=android.intent.action.PACKAGE_ADDED and uri=com.careerbuilder.SugarDrone
I/PeopleContactsSync( 4312): triggerPendingContactsCleanup: no accounts
W/IcingInternalCorpora( 4312): getNumBytesRead when not calculated.
W/System  ( 9396): ClassLoader referenced unknown path: /system/priv-app/GooglePartnerSetup/lib/arm64
I/Icing   ( 4312): Usage reports 0 indexed 0 rejected 0 imm upload true
I/UpdateIcingCorporaServi( 4136): UpdateCorporaTask done [took 301 ms] updated apps [took 301 ms] 
D/AndroidRuntime( 9374): >>>>>> START com.android.internal.os.RuntimeInit uid 2000 <<<<<<
D/AndroidRuntime( 9374): CheckJNI is OFF
I/Icing   ( 4312): Usage reports 0 indexed 0 rejected 0 imm upload false
I/Icing   ( 4312): Usage reports 0 indexed 0 rejected 0 imm upload false
D/ICU     ( 9374): No timezone override file found: /data/misc/zoneinfo/current/icu/icu_tzdata.dat
I/Radio-JNI( 9374): register_android_hardware_Radio DONE
D/AndroidRuntime( 9374): Calling main entry com.android.commands.settings.SettingsCmd
D/AndroidRuntime( 9374): Shutting down VM
D/AndroidRuntime( 9441): >>>>>> START com.android.internal.os.RuntimeInit uid 2000 <<<<<<
D/AndroidRuntime( 9441): CheckJNI is OFF
D/ICU     ( 9441): No timezone override file found: /data/misc/zoneinfo/current/icu/icu_tzdata.dat
I/Icing   ( 4312): Indexing D83460F403678292F2C56FDD13241BD166E4E3FA from com.google.android.googlequicksearchbox
I/Radio-JNI( 9441): register_android_hardware_Radio DONE
D/AndroidRuntime( 9441): Calling main entry com.android.commands.settings.SettingsCmd
D/AndroidRuntime( 9441): Shutting down VM
W/art     ( 9441): Thread attaching while runtime is shutting down: Binder:9441_1
I/AndroidRuntime( 9441): NOTE: attach of thread 'Binder:9441_1' failed
I/Icing   ( 4312): Indexing done D83460F403678292F2C56FDD13241BD166E4E3FA
I/Icing   ( 4312): Indexing CFF8FE80ED56E42D4CB52230EC16365D73D1C21A from com.google.android.gms
I/Icing   ( 4312): Indexing done CFF8FE80ED56E42D4CB52230EC16365D73D1C21A
D/AndroidRuntime( 9466): >>>>>> START com.android.internal.os.RuntimeInit uid 2000 <<<<<<
D/AndroidRuntime( 9466): CheckJNI is OFF
D/ICU     ( 9466): No timezone override file found: /data/misc/zoneinfo/current/icu/icu_tzdata.dat
I/Radio-JNI( 9466): register_android_hardware_Radio DONE
D/AndroidRuntime( 9466): Calling main entry com.android.commands.settings.SettingsCmd
D/AndroidRuntime( 9466): Shutting down VM
D/AndroidRuntime( 9490): >>>>>> START com.android.internal.os.RuntimeInit uid 2000 <<<<<<
D/AndroidRuntime( 9490): CheckJNI is OFF
D/ICU     ( 9490): No timezone override file found: /data/misc/zoneinfo/current/icu/icu_tzdata.dat
I/Radio-JNI( 9490): register_android_hardware_Radio DONE
D/AndroidRuntime( 9490): Calling main entry com.android.commands.settings.SettingsCmd
D/AndroidRuntime( 9490): Shutting down VM
D/AndroidRuntime( 9521): >>>>>> START com.android.internal.os.RuntimeInit uid 2000 <<<<<<
D/AndroidRuntime( 9521): CheckJNI is OFF
D/ICU     ( 9521): No timezone override file found: /data/misc/zoneinfo/current/icu/icu_tzdata.dat
I/Radio-JNI( 9521): register_android_hardware_Radio DONE
D/AndroidRuntime( 9521): Calling main entry com.android.commands.pm.Pm
W/MessageQueue( 9521): Handler (android.os.Handler) {d238878} sending message to a Handler on a dead thread
W/MessageQueue( 9521): java.lang.IllegalStateException: Handler (android.os.Handler) {d238878} sending message to a Handler on a dead thread
W/MessageQueue( 9521): 	at android.os.MessageQueue.enqueueMessage(MessageQueue.java:543)
W/MessageQueue( 9521): 	at android.os.Handler.enqueueMessage(Handler.java:643)
W/MessageQueue( 9521): 	at android.os.Handler.sendMessageAtTime(Handler.java:612)
W/MessageQueue( 9521): 	at android.os.Handler.sendMessageDelayed(Handler.java:582)
W/MessageQueue( 9521): 	at android.os.Handler.post(Handler.java:338)
W/MessageQueue( 9521): 	at android.os.ResultReceiver$MyResultReceiver.send(ResultReceiver.java:57)
W/MessageQueue( 9521): 	at com.android.internal.os.IResultReceiver$Stub.onTransact(IResultReceiver.java:58)
W/MessageQueue( 9521): 	at android.os.Binder.execTransact(Binder.java:565)
I/art     ( 9521): System.exit called, status: 0
I/AndroidRuntime( 9521): VM exiting with result code 0.
I/ActivityManager(  875): Killing 6382:com.google.android.apps.gcs/u0a17 (adj 906): empty #17
D/AndroidRuntime( 9581): >>>>>> START com.android.internal.os.RuntimeInit uid 2000 <<<<<<
D/AndroidRuntime( 9581): CheckJNI is OFF
D/ICU     ( 9581): No timezone override file found: /data/misc/zoneinfo/current/icu/icu_tzdata.dat
I/Radio-JNI( 9581): register_android_hardware_Radio DONE
D/AndroidRuntime( 9581): Calling main entry com.android.commands.pm.Pm
I/art     ( 9581): System.exit called, status: 0
I/AndroidRuntime( 9581): VM exiting with result code 0.
W/MessageQueue( 9581): Handler (android.os.Handler) {46618f2} sending message to a Handler on a dead thread
W/MessageQueue( 9581): java.lang.IllegalStateException: Handler (android.os.Handler) {46618f2} sending message to a Handler on a dead thread
W/MessageQueue( 9581): 	at android.os.MessageQueue.enqueueMessage(MessageQueue.java:543)
W/MessageQueue( 9581): 	at android.os.Handler.enqueueMessage(Handler.java:643)
W/MessageQueue( 9581): 	at android.os.Handler.sendMessageAtTime(Handler.java:612)
W/MessageQueue( 9581): 	at android.os.Handler.sendMessageDelayed(Handler.java:582)
W/MessageQueue( 9581): 	at android.os.Handler.post(Handler.java:338)
W/MessageQueue( 9581): 	at android.os.ResultReceiver$MyResultReceiver.send(ResultReceiver.java:57)
W/MessageQueue( 9581): 	at com.android.internal.os.IResultReceiver$Stub.onTransact(IResultReceiver.java:58)
W/MessageQueue( 9581): 	at android.os.Binder.execTransact(Binder.java:565)
D/AndroidRuntime( 9676): >>>>>> START com.android.internal.os.RuntimeInit uid 2000 <<<<<<
D/AndroidRuntime( 9676): CheckJNI is OFF
D/ICU     ( 9676): No timezone override file found: /data/misc/zoneinfo/current/icu/icu_tzdata.dat
I/Radio-JNI( 9676): register_android_hardware_Radio DONE
D/AndroidRuntime( 9676): Calling main entry com.android.commands.am.Am
W/ActivityManager(  875): Invalid packageName: com.careerbuilder.SugarDrone.test
D/AndroidRuntime( 9676): Shutting down VM
D/AndroidRuntime( 9708): >>>>>> START com.android.internal.os.RuntimeInit uid 2000 <<<<<<
D/AndroidRuntime( 9708): CheckJNI is OFF
D/ICU     ( 9708): No timezone override file found: /data/misc/zoneinfo/current/icu/icu_tzdata.dat
I/Radio-JNI( 9708): register_android_hardware_Radio DONE
D/AndroidRuntime( 9708): Calling main entry com.android.commands.pm.Pm
I/        (  512): free_cache(609973) avail 10795507712
I/PackageManager.DexOptimizer(  875): Running dexopt (dex2oat) on: /data/app/vmdl830154576.tmp/base.apk pkg=com.careerbuilder.SugarDrone.test isa=arm64 vmSafeMode=false debuggable=false target-filter=interpret-only oatDir = /data/app/vmdl830154576.tmp/oat sharedLibraries=/system/framework/android.test.runner.jar:/system/framework/com.google.android.maps.jar
I/dex2oat ( 9735): /system/bin/dex2oat --compiler-filter=interpret-only -j4
V/JNIHelp ( 9344): Registering com/google/android/gms/org/conscrypt/NativeCrypto's 242 native methods...
D/NetworkSecurityConfig( 9344): No Network Security Config specified, using platform default
I/ProviderInstaller( 9344): Installed default security provider GmsCore_OpenSSL
I/dex2oat ( 9735): dex2oat took 689.220ms (threads: 4) arena alloc=55KB (56496B) java alloc=2MB (2257160B) native alloc=2MB (2693888B) free=1977KB (2024704B)
W/PackageManager(  875): Not granting permission android.permission.ACCESS_MOCK_LOCATION to package com.careerbuilder.SugarDrone.test (protectionLevel=2 flags=0x1800be44)
V/BackupManagerService(  875): restoreAtInstall pkg=com.careerbuilder.SugarDrone.test token=6 restoreSet=0
V/BackupManagerService(  875): Finishing install immediately
I/art     (  875): Starting a blocking GC Explicit
I/art     (  875): Explicit concurrent mark sweep GC freed 66253(4MB) AllocSpace objects, 58(2MB) LOS objects, 33% free, 16MB/24MB, paused 1.745ms total 107.269ms
E/        (  512): Couldn't opendir /data/app/vmdl830154576.tmp: No such file or directory
I/art     ( 9708): System.exit called, status: 0
I/AndroidRuntime( 9708): VM exiting with result code 0.
W/ActivityManager(  875): Permission Denial: Accessing service ComponentInfo{com.google.android.music/com.google.android.music.dial.DialMediaRouteProviderService} from pid=5205, uid=10085 that is not exported from uid 10071
I/InputReader(  875): Reconfiguring input devices.  changes=0x00000010
D/CarrierSvcBindHelper( 3096): No carrier app for: 0
D/CarrierConfigLoader( 3096): mHandler: 9 phoneId: 0
D/RegisteredNfcFServicesCache( 4029): Service unchanged, not updating
I/Finsky  ( 9288): [1] com.google.android.finsky.utils.PermissionPolicies$PermissionPolicyService.onStartCommand(117): post-install permissions check for com.careerbuilder.SugarDrone.test
W/Finsky  ( 9288): [1] com.google.android.finsky.FinskyApp.i(1468): No account configured on this device.
I/Finsky  ( 9288): [1] com.google.android.finsky.utils.bh.run(2302): Package state data is missing for com.careerbuilder.SugarDrone.test
W/Finsky  ( 9288): [1] com.google.android.finsky.FinskyApp.i(1468): No account configured on this device.
I/UpdateIcingCorporaServi( 4136): Updating corpora: APPS=com.careerbuilder.SugarDrone.test, CONTACTS=MAYBE
I/UpdateIcingCorporaServi( 4136): UpdateCorporaTask done [took 32 ms] updated apps [took 32 ms] 
D/Wear_Controller( 4312): Received broadcast action=android.intent.action.PACKAGE_ADDED and uri=com.careerbuilder.SugarDrone.test
I/PeopleContactsSync( 4312): triggerPendingContactsCleanup: no accounts
W/IcingInternalCorpora( 4312): getNumBytesRead when not calculated.
I/Icing   ( 4312): Usage reports 0 indexed 0 rejected 0 imm upload false
I/Icing   ( 4312): Usage reports 0 indexed 0 rejected 0 imm upload false
D/AndroidRuntime( 9782): >>>>>> START com.android.internal.os.RuntimeInit uid 2000 <<<<<<
D/AndroidRuntime( 9782): CheckJNI is OFF
D/ICU     ( 9782): No timezone override file found: /data/misc/zoneinfo/current/icu/icu_tzdata.dat
I/Radio-JNI( 9782): register_android_hardware_Radio DONE
D/AndroidRuntime( 9782): Calling main entry com.android.commands.settings.SettingsCmd
D/AndroidRuntime( 9782): Shutting down VM
I/Icing   ( 4312): Indexing CFF8FE80ED56E42D4CB52230EC16365D73D1C21A from com.google.android.gms
I/Icing   ( 4312): Indexing done CFF8FE80ED56E42D4CB52230EC16365D73D1C21A
D/AndroidRuntime( 9814): >>>>>> START com.android.internal.os.RuntimeInit uid 2000 <<<<<<
D/AndroidRuntime( 9814): CheckJNI is OFF
D/ICU     ( 9814): No timezone override file found: /data/misc/zoneinfo/current/icu/icu_tzdata.dat
I/Radio-JNI( 9814): register_android_hardware_Radio DONE
D/AndroidRuntime( 9814): Calling main entry com.android.commands.settings.SettingsCmd
D/AndroidRuntime( 9814): Shutting down VM
D/AndroidRuntime( 9841): >>>>>> START com.android.internal.os.RuntimeInit uid 2000 <<<<<<
D/AndroidRuntime( 9841): CheckJNI is OFF
D/ICU     ( 9841): No timezone override file found: /data/misc/zoneinfo/current/icu/icu_tzdata.dat
I/Radio-JNI( 9841): register_android_hardware_Radio DONE
D/AndroidRuntime( 9841): Calling main entry com.android.commands.settings.SettingsCmd
D/AndroidRuntime( 9841): Shutting down VM
D/AndroidRuntime( 9868): >>>>>> START com.android.internal.os.RuntimeInit uid 2000 <<<<<<
D/AndroidRuntime( 9868): CheckJNI is OFF
D/ICU     ( 9868): No timezone override file found: /data/misc/zoneinfo/current/icu/icu_tzdata.dat
I/Radio-JNI( 9868): register_android_hardware_Radio DONE
D/AndroidRuntime( 9868): Calling main entry com.android.commands.settings.SettingsCmd
D/AndroidRuntime( 9868): Shutting down VM
D/AndroidRuntime( 9892): >>>>>> START com.android.internal.os.RuntimeInit uid 2000 <<<<<<
D/AndroidRuntime( 9892): CheckJNI is OFF
D/ICU     ( 9892): No timezone override file found: /data/misc/zoneinfo/current/icu/icu_tzdata.dat
I/Radio-JNI( 9892): register_android_hardware_Radio DONE
D/AndroidRuntime( 9892): Calling main entry com.android.commands.settings.SettingsCmd
D/AndroidRuntime( 9892): Shutting down VM
D/AndroidRuntime( 9924): >>>>>> START com.android.internal.os.RuntimeInit uid 2000 <<<<<<
D/AndroidRuntime( 9924): CheckJNI is OFF
D/ICU     ( 9924): No timezone override file found: /data/misc/zoneinfo/current/icu/icu_tzdata.dat
I/Radio-JNI( 9924): register_android_hardware_Radio DONE
D/AndroidRuntime( 9924): Calling main entry com.android.commands.pm.Pm
I/art     ( 9924): System.exit called, status: 0
I/AndroidRuntime( 9924): VM exiting with result code 0.
W/MessageQueue( 9924): Handler (android.os.Handler) {ff57bce} sending message to a Handler on a dead thread
W/MessageQueue( 9924): java.lang.IllegalStateException: Handler (android.os.Handler) {ff57bce} sending message to a Handler on a dead thread
W/MessageQueue( 9924): 	at android.os.MessageQueue.enqueueMessage(MessageQueue.java:543)
W/MessageQueue( 9924): 	at android.os.Handler.enqueueMessage(Handler.java:643)
W/MessageQueue( 9924): 	at android.os.Handler.sendMessageAtTime(Handler.java:612)
W/MessageQueue( 9924): 	at android.os.Handler.sendMessageDelayed(Handler.java:582)
W/MessageQueue( 9924): 	at android.os.Handler.post(Handler.java:338)
W/MessageQueue( 9924): 	at android.os.ResultReceiver$MyResultReceiver.send(ResultReceiver.java:57)
W/MessageQueue( 9924): 	at com.android.internal.os.IResultReceiver$Stub.onTransact(IResultReceiver.java:58)
W/MessageQueue( 9924): 	at android.os.Binder.execTransact(Binder.java:565)
D/AndroidRuntime( 9985): >>>>>> START com.android.internal.os.RuntimeInit uid 2000 <<<<<<
D/AndroidRuntime( 9985): CheckJNI is OFF
D/ICU     ( 9985): No timezone override file found: /data/misc/zoneinfo/current/icu/icu_tzdata.dat
I/Radio-JNI( 9985): register_android_hardware_Radio DONE
D/AndroidRuntime( 9985): Calling main entry com.android.commands.pm.Pm
W/MessageQueue( 9985): Handler (android.os.Handler) {7380c48} sending message to a Handler on a dead thread
W/MessageQueue( 9985): java.lang.IllegalStateException: Handler (android.os.Handler) {7380c48} sending message to a Handler on a dead thread
W/MessageQueue( 9985): 	at android.os.MessageQueue.enqueueMessage(MessageQueue.java:543)
W/MessageQueue( 9985): 	at android.os.Handler.enqueueMessage(Handler.java:643)
W/MessageQueue( 9985): 	at android.os.Handler.sendMessageAtTime(Handler.java:612)
W/MessageQueue( 9985): 	at android.os.Handler.sendMessageDelayed(Handler.java:582)
W/MessageQueue( 9985): 	at android.os.Handler.post(Handler.java:338)
W/MessageQueue( 9985): 	at android.os.ResultReceiver$MyResultReceiver.send(ResultReceiver.java:57)
W/MessageQueue( 9985): 	at com.android.internal.os.IResultReceiver$Stub.onTransact(IResultReceiver.java:58)
W/MessageQueue( 9985): 	at android.os.Binder.execTransact(Binder.java:565)
I/art     ( 9985): System.exit called, status: 0
I/AndroidRuntime( 9985): VM exiting with result code 0.
I/ActivityManager(  875): Killing 7370:com.google.android.gms.unstable/u0a18 (adj 906): empty #17
D/AndroidRuntime(10067): >>>>>> START com.android.internal.os.RuntimeInit uid 2000 <<<<<<
D/AndroidRuntime(10067): CheckJNI is OFF
D/ICU     (10067): No timezone override file found: /data/misc/zoneinfo/current/icu/icu_tzdata.dat
I/Radio-JNI(10067): register_android_hardware_Radio DONE
D/AndroidRuntime(10067): Calling main entry com.android.commands.input.Input
I/Input   (10067): injectKeyEvent: KeyEvent { action=ACTION_DOWN, keyCode=KEYCODE_BACK, scanCode=0, metaState=0, flags=0x0, repeatCount=0, eventTime=295365, downTime=295365, deviceId=-1, source=0x101 }
I/Input   (10067): injectKeyEvent: KeyEvent { action=ACTION_UP, keyCode=KEYCODE_BACK, scanCode=0, metaState=0, flags=0x0, repeatCount=0, eventTime=295365, downTime=295365, deviceId=-1, source=0x101 }
D/AndroidRuntime(10067): Shutting down VM
D/AndroidRuntime(10129): >>>>>> START com.android.internal.os.RuntimeInit uid 2000 <<<<<<
D/AndroidRuntime(10129): CheckJNI is OFF
D/ICU     (10129): No timezone override file found: /data/misc/zoneinfo/current/icu/icu_tzdata.dat
I/Radio-JNI(10129): register_android_hardware_Radio DONE
D/AndroidRuntime(10129): Calling main entry com.android.commands.input.Input
I/Input   (10129): injectKeyEvent: KeyEvent { action=ACTION_DOWN, keyCode=KEYCODE_HOME, scanCode=0, metaState=0, flags=0x0, repeatCount=0, eventTime=297239, downTime=297239, deviceId=-1, source=0x101 }
I/Input   (10129): injectKeyEvent: KeyEvent { action=ACTION_UP, keyCode=KEYCODE_HOME, scanCode=0, metaState=0, flags=0x0, repeatCount=0, eventTime=297239, downTime=297239, deviceId=-1, source=0x101 }
I/ActivityManager(  875): START u0 {act=android.intent.action.MAIN cat=[android.intent.category.HOME] flg=0x10200000 cmp=com.google.android.googlequicksearchbox/com.google.android.launcher.GEL (has extras)} from uid 1000 on display 0
D/AndroidRuntime(10129): Shutting down VM
W/SearchService( 4136): Abort, client detached.
I/GEL     ( 4072): handleIntent(Intent { act=android.intent.action.MAIN cat=[android.intent.category.HOME] flg=0x10200000 cmp=com.google.android.googlequicksearchbox/com.google.android.launcher.GEL (has extras) })
I/MicroDetector( 4136): Keeping mic open: false
I/MicrophoneInputStream( 4136): mic_close com.google.android.apps.gsa.speech.audio.ah@b0f262e
I/DeviceStateChecker( 4136): DeviceStateChecker cancelled
E/AudioRecord-JNI( 4136): Error -4 during AudioRecord native read
D/sound_trigger_platform(  509): platform_stdev_check_and_update_concurrency: concurrency active 0, tx 0, rx 0, concurrency session_allowed 1
I/SoundTriggerHwService::Module(  509): void android::SoundTriggerHwService::Module::onCallbackEvent(const sp<android::SoundTriggerHwService::CallbackEvent> &) mClient == 0
I/MicroRecognitionRunner( 4136): Detection finished
I/MicroRecognitionRunner( 4136): Stopping hotword detection.
I/MicroDetectionWorker( 4136): Micro detection mode: [mDetectionMode: [1]].
I/MicroRecognitionRunner( 4136): Starting detection.
I/MicrophoneInputStream( 4136): mic_starting com.google.android.apps.gsa.speech.audio.ah@2228345
I/AudioFlinger(  509): AudioFlinger's thread 0xed6830c0 ready to run
I/SoundTriggerHwService::Module(  509): void android::SoundTriggerHwService::Module::onCallbackEvent(const sp<android::SoundTriggerHwService::CallbackEvent> &) mClient == 0
I/MicrophoneInputStream( 4136): mic_started com.google.android.apps.gsa.speech.audio.ah@2228345
E/audio_route(  509): unable to find path 'set-capture-format-default'
D/sound_trigger_platform(  509): platform_stdev_check_and_update_concurrency: concurrency active 0, tx 1, rx 0, concurrency session_allowed 0
I/MicroDetectionWorker( 4136): onReady
D/WifiService(  875): acquireWifiLockLocked: WifiLock{NlpWifiLock type=2 uid=10018}
D/AndroidRuntime(10173): >>>>>> START com.android.internal.os.RuntimeInit uid 2000 <<<<<<
D/AndroidRuntime(10173): CheckJNI is OFF
D/ICU     (10173): No timezone override file found: /data/misc/zoneinfo/current/icu/icu_tzdata.dat
I/Radio-JNI(10173): register_android_hardware_Radio DONE
D/AndroidRuntime(10173): Calling main entry com.android.commands.input.Input
I/Input   (10173): injectKeyEvent: KeyEvent { action=ACTION_DOWN, keyCode=KEYCODE_BACK, scanCode=0, metaState=0, flags=0x0, repeatCount=0, eventTime=298667, downTime=298667, deviceId=-1, source=0x101 }
I/Input   (10173): injectKeyEvent: KeyEvent { action=ACTION_UP, keyCode=KEYCODE_BACK, scanCode=0, metaState=0, flags=0x0, repeatCount=0, eventTime=298667, downTime=298667, deviceId=-1, source=0x101 }
D/AndroidRuntime(10173): Shutting down VM
D/WifiService(  875): releaseWifiLockLocked: WifiLock{NlpWifiLock type=2 uid=10018}
D/AndroidRuntime(10215): >>>>>> START com.android.internal.os.RuntimeInit uid 2000 <<<<<<
D/AndroidRuntime(10215): CheckJNI is OFF
D/ICU     (10215): No timezone override file found: /data/misc/zoneinfo/current/icu/icu_tzdata.dat
I/Radio-JNI(10215): register_android_hardware_Radio DONE
D/AndroidRuntime(10215): Calling main entry com.android.commands.am.Am
I/ActivityManager(  875): Force stopping com.careerbuilder.SugarDrone appid=15284 user=0: start instr
I/ActivityManager(  875): Start proc 10239:com.careerbuilder.SugarDrone/u0a5284 for added application com.careerbuilder.SugarDrone
I/art     (10239): Late-enabling -Xcheck:jni
W/System  (10239): ClassLoader referenced unknown path: /data/app/com.careerbuilder.SugarDrone.test-1/lib/arm64
W/System  (10239): ClassLoader referenced unknown path: 
W/monodroid(10239): Using override path: /data/user/0/com.careerbuilder.SugarDrone/files/.__override__
W/monodroid(10239): Trying to load sgen from: /data/user/0/com.careerbuilder.SugarDrone/files/.__override__/libmonosgen-2.0.so
W/monodroid(10239): Trying to load sgen from: /storage/emulated/0/Android/data/com.careerbuilder.SugarDrone/files/.__override__/libmonosgen-2.0.so
W/monodroid(10239): Trying to load sgen from: /data/app/com.careerbuilder.SugarDrone-1/lib/arm/libmonosgen-2.0.so
D/Mono    (10239): Image addref mscorlib[0xf3119700] -> mscorlib.dll[0xf310e900]: 2
D/Mono    (10239): Prepared to set up assembly 'mscorlib' (mscorlib.dll)
D/Mono    (10239): AOT module 'mscorlib.dll.so' not found: dlopen failed: library "/data/app/com.careerbuilder.SugarDrone-1/lib/arm/libaot-mscorlib.dll.so" not found
D/Mono    (10239): AOT module '/Users/builder/data/lanes/4009/3a62f1ea/source/monodroid/builds/install/mono-armv6/lib/mono/aot-cache/arm/mscorlib.dll.so' not found: dlopen failed: library "/data/app/com.careerbuilder.SugarDrone-1/lib/arm/libaot-mscorlib.dll.so" not found
D/Mono    (10239): Config attempting to parse: 'mscorlib.dll.config'.
D/Mono    (10239): Config attempting to parse: '/Users/builder/data/lanes/4009/3a62f1ea/source/monodroid/builds/install/mono-armv6/etc/mono/assemblies/mscorlib/mscorlib.config'.
D/Mono    (10239): Assembly mscorlib[0xf3119700] added to domain RootDomain, ref_count=1
D/Mono    (10239): Image addref CareerBuilder_Search.Droid[0xf3119820] -> CareerBuilder_Search.Droid.dll[0xf310f800]: 2
D/Mono    (10239): Prepared to set up assembly 'CareerBuilder_Search.Droid' (CareerBuilder_Search.Droid.dll)
D/Mono    (10239): Assembly CareerBuilder_Search.Droid[0xf3119820] added to domain RootDomain, ref_count=1
D/Mono    (10239): AOT module 'CareerBuilder_Search.Droid.dll.so' not found: dlopen failed: library "/data/app/com.careerbuilder.SugarDrone-1/lib/arm/libaot-CareerBuilder_Search.Droid.dll.so" not found
D/Mono    (10239): AOT module '/Users/builder/data/lanes/4009/3a62f1ea/source/monodroid/builds/install/mono-armv6/lib/mono/aot-cache/arm/CareerBuilder_Search.Droid.dll.so' not found: dlopen failed: library "/data/app/com.careerbuilder.SugarDrone-1/lib/arm/libaot-CareerBuilder_Search.Droid.dll.so" not found
D/Mono    (10239): Config attempting to parse: 'CareerBuilder_Search.Droid.dll.config'.
D/Mono    (10239): Config attempting to parse: '/Users/builder/data/lanes/4009/3a62f1ea/source/monodroid/builds/install/mono-armv6/etc/mono/assemblies/CareerBuilder_Search.Droid/CareerBuilder_Search.Droid.config'.
D/Mono    (10239): Image addref AppsFlyerXamarinBindingAndroid[0xf3119880] -> AppsFlyerXamarinBindingAndroid.dll[0xf310fd00]: 2
D/Mono    (10239): Prepared to set up assembly 'AppsFlyerXamarinBindingAndroid' (AppsFlyerXamarinBindingAndroid.dll)
D/Mono    (10239): Assembly AppsFlyerXamarinBindingAndroid[0xf3119880] added to domain RootDomain, ref_count=1
D/Mono    (10239): AOT module 'AppsFlyerXamarinBindingAndroid.dll.so' not found: dlopen failed: library "/data/app/com.careerbuilder.SugarDrone-1/lib/arm/libaot-AppsFlyerXamarinBindingAndroid.dll.so" not found
D/Mono    (10239): AOT module '/Users/builder/data/lanes/4009/3a62f1ea/source/monodroid/builds/install/mono-armv6/lib/mono/aot-cache/arm/AppsFlyerXamarinBindingAndroid.dll.so' not found: dlopen failed: library "/data/app/com.careerbuilder.SugarDrone-1/lib/arm/libaot-AppsFlyerXamarinBindingAndroid.dll.so" not found
D/Mono    (10239): Config attempting to parse: 'AppsFlyerXamarinBindingAndroid.dll.config'.
D/Mono    (10239): Config attempting to parse: '/Users/builder/data/lanes/4009/3a62f1ea/source/monodroid/builds/install/mono-armv6/etc/mono/assemblies/AppsFlyerXamarinBindingAndroid/AppsFlyerXamarinBindingAndroid.config'.
D/Mono    (10239): Image addref HockeySDK[0xf3153300] -> HockeySDK.dll[0xf3110200]: 2
D/Mono    (10239): Prepared to set up assembly 'HockeySDK' (HockeySDK.dll)
D/Mono    (10239): Assembly HockeySDK[0xf3153300] added to domain RootDomain, ref_count=1
D/Mono    (10239): AOT module 'HockeySDK.dll.so' not found: dlopen failed: library "/data/app/com.careerbuilder.SugarDrone-1/lib/arm/libaot-HockeySDK.dll.so" not found
D/Mono    (10239): AOT module '/Users/builder/data/lanes/4009/3a62f1ea/source/monodroid/builds/install/mono-armv6/lib/mono/aot-cache/arm/HockeySDK.dll.so' not found: dlopen failed: library "/data/app/com.careerbuilder.SugarDrone-1/lib/arm/libaot-HockeySDK.dll.so" not found
D/Mono    (10239): Config attempting to parse: 'HockeySDK.dll.config'.
D/Mono    (10239): Config attempting to parse: '/Users/builder/data/lanes/4009/3a62f1ea/source/monodroid/builds/install/mono-armv6/etc/mono/assemblies/HockeySDK/HockeySDK.config'.
D/Mono    (10239): Image addref Akavache[0xf3153360] -> Akavache.dll[0xf3110700]: 2
D/Mono    (10239): Prepared to set up assembly 'Akavache' (Akavache.dll)
D/Mono    (10239): Assembly Akavache[0xf3153360] added to domain RootDomain, ref_count=1
D/Mono    (10239): AOT module 'Akavache.dll.so' not found: dlopen failed: library "/data/app/com.careerbuilder.SugarDrone-1/lib/arm/libaot-Akavache.dll.so" not found
D/Mono    (10239): AOT module '/Users/builder/data/lanes/4009/3a62f1ea/source/monodroid/builds/install/mono-armv6/lib/mono/aot-cache/arm/Akavache.dll.so' not found: dlopen failed: library "/data/app/com.careerbuilder.SugarDrone-1/lib/arm/libaot-Akavache.dll.so" not found
D/Mono    (10239): Config attempting to parse: 'Akavache.dll.config'.
D/Mono    (10239): Config attempting to parse: '/Users/builder/data/lanes/4009/3a62f1ea/source/monodroid/builds/install/mono-armv6/etc/mono/assemblies/Akavache/Akavache.config'.
D/Mono    (10239): Image addref Akavache.Sqlite3[0xf31533c0] -> Akavache.Sqlite3.dll[0xf3110c00]: 2
D/Mono    (10239): Prepared to set up assembly 'Akavache.Sqlite3' (Akavache.Sqlite3.dll)
D/Mono    (10239): Assembly Akavache.Sqlite3[0xf31533c0] added to domain RootDomain, ref_count=1
D/Mono    (10239): AOT module 'Akavache.Sqlite3.dll.so' not found: dlopen failed: library "/data/app/com.careerbuilder.SugarDrone-1/lib/arm/libaot-Akavache.Sqlite3.dll.so" not found
D/Mono    (10239): AOT module '/Users/builder/data/lanes/4009/3a62f1ea/source/monodroid/builds/install/mono-armv6/lib/mono/aot-cache/arm/Akavache.Sqlite3.dll.so' not found: dlopen failed: library "/data/app/com.careerbuilder.SugarDrone-1/lib/arm/libaot-Akavache.Sqlite3.dll.so" not found
W/        (10239): Symbol file LoadedFromMemory doesn't match image Akavache.Sqlite3.dll
D/Mono    (10239): Config attempting to parse: 'Akavache.Sqlite3.dll.config'.
D/Mono    (10239): Config attempting to parse: '/Users/builder/data/lanes/4009/3a62f1ea/source/monodroid/builds/install/mono-armv6/etc/mono/assemblies/Akavache.Sqlite3/Akavache.Sqlite3.config'.
D/Mono    (10239): Image addref Splat[0xf3153420] -> Splat.dll[0xf3111100]: 2
D/Mono    (10239): Prepared to set up assembly 'Splat' (Splat.dll)
D/Mono    (10239): Assembly Splat[0xf3153420] added to domain RootDomain, ref_count=1
D/Mono    (10239): AOT module 'Splat.dll.so' not found: dlopen failed: library "/data/app/com.careerbuilder.SugarDrone-1/lib/arm/libaot-Splat.dll.so" not found
D/Mono    (10239): AOT module '/Users/builder/data/lanes/4009/3a62f1ea/source/monodroid/builds/install/mono-armv6/lib/mono/aot-cache/arm/Splat.dll.so' not found: dlopen failed: library "/data/app/com.careerbuilder.SugarDrone-1/lib/arm/libaot-Splat.dll.so" not found
D/Mono    (10239): Config attempting to parse: 'Splat.dll.config'.
D/Mono    (10239): Config attempting to parse: '/Users/builder/data/lanes/4009/3a62f1ea/source/monodroid/builds/install/mono-armv6/etc/mono/assemblies/Splat/Splat.config'.
D/Mono    (10239): Image addref Microsoft.Practices.ServiceLocation[0xf3153600] -> Microsoft.Practices.ServiceLocation.dll[0xf3111600]: 2
D/Mono    (10239): Prepared to set up assembly 'Microsoft.Practices.ServiceLocation' (Microsoft.Practices.ServiceLocation.dll)
D/Mono    (10239): Assembly Microsoft.Practices.ServiceLocation[0xf3153600] added to domain RootDomain, ref_count=1
D/Mono    (10239): AOT module 'Microsoft.Practices.ServiceLocation.dll.so' not found: dlopen failed: library "/data/app/com.careerbuilder.SugarDrone-1/lib/arm/libaot-Microsoft.Practices.ServiceLocation.dll.so" not found
D/Mono    (10239): AOT module '/Users/builder/data/lanes/4009/3a62f1ea/source/monodroid/builds/install/mono-armv6/lib/mono/aot-cache/arm/Microsoft.Practices.ServiceLocation.dll.so' not found: dlopen failed: library "/data/app/com.careerbuilder.SugarDrone-1/lib/arm/libaot-Microsoft.Practices.ServiceLocation.dll.so" not found
D/Mono    (10239): Config attempting to parse: 'Microsoft.Practices.ServiceLocation.dll.config'.
D/Mono    (10239): Config attempting to parse: '/Users/builder/data/lanes/4009/3a62f1ea/source/monodroid/builds/install/mono-armv6/etc/mono/assemblies/Microsoft.Practices.ServiceLocation/Microsoft.Practices.ServiceLocation.config'.
D/Mono    (10239): Image addref Microsoft.Practices.Unity[0xf31536c0] -> Microsoft.Practices.Unity.dll[0xf3111b00]: 2
D/Mono    (10239): Prepared to set up assembly 'Microsoft.Practices.Unity' (Microsoft.Practices.Unity.dll)
D/Mono    (10239): Assembly Microsoft.Practices.Unity[0xf31536c0] added to domain RootDomain, ref_count=1
D/Mono    (10239): AOT module 'Microsoft.Practices.Unity.dll.so' not found: dlopen failed: library "/data/app/com.careerbuilder.SugarDrone-1/lib/arm/libaot-Microsoft.Practices.Unity.dll.so" not found
D/Mono    (10239): AOT module '/Users/builder/data/lanes/4009/3a62f1ea/source/monodroid/builds/install/mono-armv6/lib/mono/aot-cache/arm/Microsoft.Practices.Unity.dll.so' not found: dlopen failed: library "/data/app/com.careerbuilder.SugarDrone-1/lib/arm/libaot-Microsoft.Practices.Unity.dll.so" not found
D/Mono    (10239): Config attempting to parse: 'Microsoft.Practices.Unity.dll.config'.
D/Mono    (10239): Config attempting to parse: '/Users/builder/data/lanes/4009/3a62f1ea/source/monodroid/builds/install/mono-armv6/etc/mono/assemblies/Microsoft.Practices.Unity/Microsoft.Practices.Unity.config'.
D/Mono    (10239): Image addref Plugin.CurrentActivity[0xf3153960] -> Plugin.CurrentActivity.dll[0xe6efb000]: 2
D/Mono    (10239): Prepared to set up assembly 'Plugin.CurrentActivity' (Plugin.CurrentActivity.dll)
D/Mono    (10239): Assembly Plugin.CurrentActivity[0xf3153960] added to domain RootDomain, ref_count=1
D/Mono    (10239): AOT module 'Plugin.CurrentActivity.dll.so' not found: dlopen failed: library "/data/app/com.careerbuilder.SugarDrone-1/lib/arm/libaot-Plugin.CurrentActivity.dll.so" not found
D/Mono    (10239): AOT module '/Users/builder/data/lanes/4009/3a62f1ea/source/monodroid/builds/install/mono-armv6/lib/mono/aot-cache/arm/Plugin.CurrentActivity.dll.so' not found: dlopen failed: library "/data/app/com.careerbuilder.SugarDrone-1/lib/arm/libaot-Plugin.CurrentActivity.dll.so" not found
D/Mono    (10239): Config attempting to parse: 'Plugin.CurrentActivity.dll.config'.
D/Mono    (10239): Config attempting to parse: '/Users/builder/data/lanes/4009/3a62f1ea/source/monodroid/builds/install/mono-armv6/etc/mono/assemblies/Plugin.CurrentActivity/Plugin.CurrentActivity.config'.
D/Mono    (10239): Image addref Plugin.Permissions[0xf3153a20] -> Plugin.Permissions.dll[0xe6efb500]: 2
D/Mono    (10239): Prepared to set up assembly 'Plugin.Permissions' (Plugin.Permissions.dll)
D/Mono    (10239): Assembly Plugin.Permissions[0xf3153a20] added to domain RootDomain, ref_count=1
D/Mono    (10239): AOT module 'Plugin.Permissions.dll.so' not found: dlopen failed: library "/data/app/com.careerbuilder.SugarDrone-1/lib/arm/libaot-Plugin.Permissions.dll.so" not found
D/Mono    (10239): AOT module '/Users/builder/data/lanes/4009/3a62f1ea/source/monodroid/builds/install/mono-armv6/lib/mono/aot-cache/arm/Plugin.Permissions.dll.so' not found: dlopen failed: library "/data/app/com.careerbuilder.SugarDrone-1/lib/arm/libaot-Plugin.Permissions.dll.so" not found
D/Mono    (10239): Config attempting to parse: 'Plugin.Permissions.dll.config'.
D/Mono    (10239): Config attempting to parse: '/Users/builder/data/lanes/4009/3a62f1ea/source/monodroid/builds/install/mono-armv6/etc/mono/assemblies/Plugin.Permissions/Plugin.Permissions.config'.
D/Mono    (10239): Image addref Plugin.Permissions.Abstractions[0xf3153cc0] -> Plugin.Permissions.Abstractions.dll[0xe6efba00]: 2
D/Mono    (10239): Prepared to set up assembly 'Plugin.Permissions.Abstractions' (Plugin.Permissions.Abstractions.dll)
D/Mono    (10239): Assembly Plugin.Permissions.Abstractions[0xf3153cc0] added to domain RootDomain, ref_count=1
D/Mono    (10239): AOT module 'Plugin.Permissions.Abstractions.dll.so' not found: dlopen failed: library "/data/app/com.careerbuilder.SugarDrone-1/lib/arm/libaot-Plugin.Permissions.Abstractions.dll.so" not found
D/Mono    (10239): AOT module '/Users/builder/data/lanes/4009/3a62f1ea/source/monodroid/builds/install/mono-armv6/lib/mono/aot-cache/arm/Plugin.Permissions.Abstractions.dll.so' not found: dlopen failed: library "/data/app/com.careerbuilder.SugarDrone-1/lib/arm/libaot-Plugin.Permissions.Abstractions.dll.so" not found
D/Mono    (10239): Config attempting to parse: 'Plugin.Permissions.Abstractions.dll.config'.
D/Mono    (10239): Config attempting to parse: '/Users/builder/data/lanes/4009/3a62f1ea/source/monodroid/builds/install/mono-armv6/etc/mono/assemblies/Plugin.Permissions.Abstractions/Plugin.Permissions.Abstractions.config'.
D/Mono    (10239): Image addref Plugin.Geolocator[0xf3153f00] -> Plugin.Geolocator.dll[0xe6efbf00]: 2
D/Mono    (10239): Prepared to set up assembly 'Plugin.Geolocator' (Plugin.Geolocator.dll)
D/Mono    (10239): Assembly Plugin.Geolocator[0xf3153f00] added to domain RootDomain, ref_count=1
D/Mono    (10239): AOT module 'Plugin.Geolocator.dll.so' not found: dlopen failed: library "/data/app/com.careerbuilder.SugarDrone-1/lib/arm/libaot-Plugin.Geolocator.dll.so" not found
D/Mono    (10239): AOT module '/Users/builder/data/lanes/4009/3a62f1ea/source/monodroid/builds/install/mono-armv6/lib/mono/aot-cache/arm/Plugin.Geolocator.dll.so' not found: dlopen failed: library "/data/app/com.careerbuilder.SugarDrone-1/lib/arm/libaot-Plugin.Geolocator.dll.so" not found
D/Mono    (10239): Config attempting to parse: 'Plugin.Geolocator.dll.config'.
D/Mono    (10239): Config attempting to parse: '/Users/builder/data/lanes/4009/3a62f1ea/source/monodroid/builds/install/mono-armv6/etc/mono/assemblies/Plugin.Geolocator/Plugin.Geolocator.config'.
D/Mono    (10239): Image addref Plugin.Geolocator.Abstractions[0xf31541a0] -> Plugin.Geolocator.Abstractions.dll[0xe6efc400]: 2
D/Mono    (10239): Prepared to set up assembly 'Plugin.Geolocator.Abstractions' (Plugin.Geolocator.Abstractions.dll)
D/Mono    (10239): Assembly Plugin.Geolocator.Abstractions[0xf31541a0] added to domain RootDomain, ref_count=1
D/Mono    (10239): AOT module 'Plugin.Geolocator.Abstractions.dll.so' not found: dlopen failed: library "/data/app/com.careerbuilder.SugarDrone-1/lib/arm/libaot-Plugin.Geolocator.Abstractions.dll.so" not found
D/Mono    (10239): AOT module '/Users/builder/data/lanes/4009/3a62f1ea/source/monodroid/builds/install/mono-armv6/lib/mono/aot-cache/arm/Plugin.Geolocator.Abstractions.dll.so' not found: dlopen failed: library "/data/app/com.careerbuilder.SugarDrone-1/lib/arm/libaot-Plugin.Geolocator.Abstractions.dll.so" not found
D/Mono    (10239): Config attempting to parse: 'Plugin.Geolocator.Abstractions.dll.config'.
D/Mono    (10239): Config attempting to parse: '/Users/builder/data/lanes/4009/3a62f1ea/source/monodroid/builds/install/mono-armv6/etc/mono/assemblies/Plugin.Geolocator.Abstractions/Plugin.Geolocator.Abstractions.config'.
D/Mono    (10239): Image addref Plugin.DeviceInfo[0xf3154200] -> Plugin.DeviceInfo.dll[0xe6efc900]: 2
D/Mono    (10239): Prepared to set up assembly 'Plugin.DeviceInfo' (Plugin.DeviceInfo.dll)
D/Mono    (10239): Assembly Plugin.DeviceInfo[0xf3154200] added to domain RootDomain, ref_count=1
D/Mono    (10239): AOT module 'Plugin.DeviceInfo.dll.so' not found: dlopen failed: library "/data/app/com.careerbuilder.SugarDrone-1/lib/arm/libaot-Plugin.DeviceInfo.dll.so" not found
D/Mono    (10239): AOT module '/Users/builder/data/lanes/4009/3a62f1ea/source/monodroid/builds/install/mono-armv6/lib/mono/aot-cache/arm/Plugin.DeviceInfo.dll.so' not found: dlopen failed: library "/data/app/com.careerbuilder.SugarDrone-1/lib/arm/libaot-Plugin.DeviceInfo.dll.so" not found
D/Mono    (10239): Config attempting to parse: 'Plugin.DeviceInfo.dll.config'.
D/Mono    (10239): Config attempting to parse: '/Users/builder/data/lanes/4009/3a62f1ea/source/monodroid/builds/install/mono-armv6/etc/mono/assemblies/Plugin.DeviceInfo/Plugin.DeviceInfo.config'.
D/Mono    (10239): Image addref Plugin.DeviceInfo.Abstractions[0xf3154260] -> Plugin.DeviceInfo.Abstractions.dll[0xe6efce00]: 2
D/Mono    (10239): Prepared to set up assembly 'Plugin.DeviceInfo.Abstractions' (Plugin.DeviceInfo.Abstractions.dll)
D/Mono    (10239): Assembly Plugin.DeviceInfo.Abstractions[0xf3154260] added to domain RootDomain, ref_count=1
