D/Mono    ( 9721): Config attempting to parse: '/Users/builder/data/lanes/4009/3a62f1ea/source/monodroid/builds/install/mono-armv6/etc/mono/assemblies/System.Core/System.Core.config'.
D/Mono    ( 9721): Assembly Ref addref System.Linq[0xe62405e0] -> System.Core[0xe6240760]: 2
D/Mono    ( 9721): Assembly Ref addref System.Core[0xe6240760] -> mscorlib[0xe623eba0]: 10
D/Mono    ( 9721): Image addref System.Reflection.Extensions[0xe6240880] -> System.Reflection.Extensions.dll[0xd0c41f00]: 2
D/Mono    ( 9721): Prepared to set up assembly 'System.Reflection.Extensions' (System.Reflection.Extensions.dll)
D/Mono    ( 9721): Assembly System.Reflection.Extensions[0xe6240880] added to domain RootDomain, ref_count=1
D/Mono    ( 9721): AOT module 'System.Reflection.Extensions.dll.so' not found: dlopen failed: library "/data/app/com.careerbuilder.SugarDrone-1/lib/arm/libaot-System.Reflection.Extensions.dll.so" not found
D/Mono    ( 9721): AOT module '/Users/builder/data/lanes/4009/3a62f1ea/source/monodroid/builds/install/mono-armv6/lib/mono/aot-cache/arm/System.Reflection.Extensions.dll.so' not found: dlopen failed: library "/data/app/com.careerbuilder.SugarDrone-1/lib/arm/libaot-System.Reflection.Extensions.dll.so" not found
D/Mono    ( 9721): Config attempting to parse: 'System.Reflection.Extensions.dll.config'.
D/Mono    ( 9721): Config attempting to parse: '/Users/builder/data/lanes/4009/3a62f1ea/source/monodroid/builds/install/mono-armv6/etc/mono/assemblies/System.Reflection.Extensions/System.Reflection.Extensions.config'.
D/Mono    ( 9721): Assembly Ref addref Java.Interop[0xe62401c0] -> System.Reflection.Extensions[0xe6240880]: 2
D/Mono    ( 9721): Assembly Ref addref System.Reflection.Extensions[0xe6240880] -> mscorlib[0xe623eba0]: 11
D/Mono    ( 9721): Assembly Ref addref Mono.Android[0xe6240160] -> System.Core[0xe6240760]: 3
D/Mono    ( 9721): DllImport searching in: '__Internal' ('(null)').
D/Mono    ( 9721): Searching for 'monodroid_typemap_managed_to_java'.
D/Mono    ( 9721): Probing 'monodroid_typemap_managed_to_java'.
D/Mono    ( 9721): Found as 'monodroid_typemap_managed_to_java'.
D/Mono    ( 9721): DllImport searching in: '__Internal' ('(null)').
D/Mono    ( 9721): Searching for 'java_interop_jnienv_alloc_object'.
D/Mono    ( 9721): Probing 'java_interop_jnienv_alloc_object'.
D/Mono    ( 9721): Found as 'java_interop_jnienv_alloc_object'.
D/Mono    ( 9721): DllImport searching in: '__Internal' ('(null)').
D/Mono    ( 9721): Searching for '_monodroid_gc_wait_for_bridge_processing'.
D/Mono    ( 9721): Probing '_monodroid_gc_wait_for_bridge_processing'.
D/Mono    ( 9721): Found as '_monodroid_gc_wait_for_bridge_processing'.
D/Mono    ( 9721): DllImport searching in: '__Internal' ('(null)').
D/Mono    ( 9721): Searching for 'java_interop_jnienv_register_natives'.
D/Mono    ( 9721): Probing 'java_interop_jnienv_register_natives'.
D/Mono    ( 9721): Found as 'java_interop_jnienv_register_natives'.
D/Mono    ( 9721): DllImport searching in: '__Internal' ('(null)').
D/Mono    ( 9721): Searching for 'java_interop_jnienv_call_nonvirtual_void_method_a'.
D/Mono    ( 9721): Probing 'java_interop_jnienv_call_nonvirtual_void_method_a'.
D/Mono    ( 9721): Found as 'java_interop_jnienv_call_nonvirtual_void_method_a'.
D/Mono    ( 9721): DllImport searching in: '__Internal' ('(null)').
D/Mono    ( 9721): Searching for 'java_interop_jnienv_is_same_object'.
D/Mono    ( 9721): Probing 'java_interop_jnienv_is_same_object'.
D/Mono    ( 9721): Found as 'java_interop_jnienv_is_same_object'.
D/Mono    ( 9721): DllImport searching in: '__Internal' ('(null)').
D/Mono    ( 9721): Searching for 'java_interop_jnienv_call_static_void_method_a'.
D/Mono    ( 9721): Probing 'java_interop_jnienv_call_static_void_method_a'.
D/Mono    ( 9721): Found as 'java_interop_jnienv_call_static_void_method_a'.
D/Mono    ( 9721): Assembly Ref addref AppsFlyerXamarinBindingAndroid[0xe623f080] -> mscorlib[0xe623eba0]: 12
D/Mono    ( 9721): Assembly Ref addref AppsFlyerXamarinBindingAndroid[0xe623f080] -> Mono.Android[0xe6240160]: 2
D/Mono    ( 9721): Assembly Ref addref HockeySDK[0xe623f320] -> mscorlib[0xe623eba0]: 13
D/Mono    ( 9721): Assembly Ref addref HockeySDK[0xe623f320] -> Mono.Android[0xe6240160]: 3
D/Mono    ( 9721): Assembly Ref addref Xamarin.GooglePlayServices.Analytics[0xe623f800] -> mscorlib[0xe623eba0]: 14
D/Mono    ( 9721): Assembly Ref addref Xamarin.GooglePlayServices.Analytics[0xe623f800] -> Mono.Android[0xe6240160]: 4
D/Mono    ( 9721): Assembly Ref addref Xamarin.GooglePlayServices.Base[0xe623f860] -> mscorlib[0xe623eba0]: 15
D/Mono    ( 9721): Assembly Ref addref Xamarin.GooglePlayServices.Base[0xe623f860] -> Mono.Android[0xe6240160]: 5
D/Mono    ( 9721): Assembly Ref addref Xamarin.GooglePlayServices.Basement[0xe623f8c0] -> mscorlib[0xe623eba0]: 16
D/Mono    ( 9721): Assembly Ref addref Xamarin.GooglePlayServices.Basement[0xe623f8c0] -> Mono.Android[0xe6240160]: 6
D/Mono    ( 9721): Assembly Ref addref FloatingActionButton-Xamarin[0xe623fa40] -> mscorlib[0xe623eba0]: 17
D/Mono    ( 9721): Assembly Ref addref FloatingActionButton-Xamarin[0xe623fa40] -> Mono.Android[0xe6240160]: 7
D/Mono    ( 9721): Assembly Ref addref Xamarin.Android.Support.v4[0xe623faa0] -> mscorlib[0xe623eba0]: 18
D/Mono    ( 9721): Assembly Ref addref Xamarin.Android.Support.v4[0xe623faa0] -> Mono.Android[0xe6240160]: 8
D/Mono    ( 9721): Assembly Ref addref Xamarin.Android.Support.v7.RecyclerView[0xe623fb00] -> mscorlib[0xe623eba0]: 19
D/Mono    ( 9721): Assembly Ref addref Xamarin.Android.Support.v7.RecyclerView[0xe623fb00] -> Mono.Android[0xe6240160]: 9
D/Mono    ( 9721): Assembly Ref addref Xamarin.Android.Support.Vector.Drawable[0xe623fb60] -> mscorlib[0xe623eba0]: 20
D/Mono    ( 9721): Assembly Ref addref Xamarin.Android.Support.Vector.Drawable[0xe623fb60] -> Mono.Android[0xe6240160]: 10
D/Mono    ( 9721): Assembly Ref addref Xamarin.Android.Support.Animated.Vector.Drawable[0xe623fbc0] -> mscorlib[0xe623eba0]: 21
D/Mono    ( 9721): Assembly Ref addref Xamarin.Android.Support.Animated.Vector.Drawable[0xe623fbc0] -> Mono.Android[0xe6240160]: 11
D/Mono    ( 9721): Assembly Ref addref Xamarin.Android.Support.v7.AppCompat[0xe623fc20] -> mscorlib[0xe623eba0]: 22
D/Mono    ( 9721): Assembly Ref addref Xamarin.Android.Support.v7.AppCompat[0xe623fc20] -> Mono.Android[0xe6240160]: 12
D/Mono    ( 9721): Assembly Ref addref Xamarin.Android.Support.Design[0xe623fc80] -> mscorlib[0xe623eba0]: 23
D/Mono    ( 9721): Assembly Ref addref Xamarin.Android.Support.Design[0xe623fc80] -> Mono.Android[0xe6240160]: 13
D/Mono    ( 9721): Assembly Ref addref Xamarin.Android.Support.v7.CardView[0xe623fce0] -> mscorlib[0xe623eba0]: 24
D/Mono    ( 9721): Assembly Ref addref Xamarin.Android.Support.v7.CardView[0xe623fce0] -> Mono.Android[0xe6240160]: 14
D/Mono    ( 9721): Assembly Ref addref FlexboxLayoutXamarinBindingAndroid[0xe6240040] -> mscorlib[0xe623eba0]: 25
D/Mono    ( 9721): Assembly Ref addref FlexboxLayoutXamarinBindingAndroid[0xe6240040] -> Mono.Android[0xe6240160]: 15
D/Mono    ( 9721): Assembly Ref addref CareerBuilder_Search.Droid[0xe623ee40] -> Mono.Android[0xe6240160]: 16
D/Mono    ( 9721): Assembly Ref addref CareerBuilder_Search.Droid[0xe623ee40] -> mscorlib[0xe623eba0]: 26
D/Mono    ( 9721): Image addref Mono.Android.Export[0xe6240dc0] -> Mono.Android.Export.dll[0xd0c42e00]: 2
D/Mono    ( 9721): Prepared to set up assembly 'Mono.Android.Export' (Mono.Android.Export.dll)
D/Mono    ( 9721): Assembly Mono.Android.Export[0xe6240dc0] added to domain RootDomain, ref_count=1
D/Mono    ( 9721): AOT module 'Mono.Android.Export.dll.so' not found: dlopen failed: library "/data/app/com.careerbuilder.SugarDrone-1/lib/arm/libaot-Mono.Android.Export.dll.so" not found
D/Mono    ( 9721): AOT module '/Users/builder/data/lanes/4009/3a62f1ea/source/monodroid/builds/install/mono-armv6/lib/mono/aot-cache/arm/Mono.Android.Export.dll.so' not found: dlopen failed: library "/data/app/com.careerbuilder.SugarDrone-1/lib/arm/libaot-Mono.Android.Export.dll.so" not found
D/Mono    ( 9721): Config attempting to parse: 'Mono.Android.Export.dll.config'.
D/Mono    ( 9721): Config attempting to parse: '/Users/builder/data/lanes/4009/3a62f1ea/source/monodroid/builds/install/mono-armv6/etc/mono/assemblies/Mono.Android.Export/Mono.Android.Export.config'.
D/Mono    ( 9721): Assembly Ref addref Mono.Android.Export[0xe6240dc0] -> mscorlib[0xe623eba0]: 27
D/Mono    ( 9721): Assembly Ref addref Mono.Android.Export[0xe6240dc0] -> Mono.Android[0xe6240160]: 17
D/Mono    ( 9721): Image addref System.Xml[0xe6240d00] -> System.Xml.dll[0xd0c43d00]: 2
D/Mono    ( 9721): Prepared to set up assembly 'System.Xml' (System.Xml.dll)
D/Mono    ( 9721): Assembly System.Xml[0xe6240d00] added to domain RootDomain, ref_count=1
D/Mono    ( 9721): AOT module 'System.Xml.dll.so' not found: dlopen failed: library "/data/app/com.careerbuilder.SugarDrone-1/lib/arm/libaot-System.Xml.dll.so" not found
D/Mono    ( 9721): AOT module '/Users/builder/data/lanes/4009/3a62f1ea/source/monodroid/builds/install/mono-armv6/lib/mono/aot-cache/arm/System.Xml.dll.so' not found: dlopen failed: library "/data/app/com.careerbuilder.SugarDrone-1/lib/arm/libaot-System.Xml.dll.so" not found
D/Mono    ( 9721): Config attempting to parse: 'System.Xml.dll.config'.
D/Mono    ( 9721): Config attempting to parse: '/Users/builder/data/lanes/4009/3a62f1ea/source/monodroid/builds/install/mono-armv6/etc/mono/assemblies/System.Xml/System.Xml.config'.
D/Mono    ( 9721): Assembly Ref addref Mono.Android.Export[0xe6240dc0] -> System.Xml[0xe6240d00]: 2
D/Mono    ( 9721): Assembly Ref addref System.Xml[0xe6240d00] -> mscorlib[0xe623eba0]: 28
D/Mono    ( 9721): Assembly Ref addref Mono.Android[0xe6240160] -> System.Xml[0xe6240d00]: 3
D/Mono    ( 9721): Assembly Ref addref Mono.Android.Export[0xe6240dc0] -> System.Core[0xe6240760]: 4
D/Mono    ( 9721): Image addref System.Net.Http[0xe6240fa0] -> System.Net.Http.dll[0xcf503000]: 2
D/Mono    ( 9721): Prepared to set up assembly 'System.Net.Http' (System.Net.Http.dll)
D/Mono    ( 9721): Assembly System.Net.Http[0xe6240fa0] added to domain RootDomain, ref_count=1
D/Mono    ( 9721): AOT module 'System.Net.Http.dll.so' not found: dlopen failed: library "/data/app/com.careerbuilder.SugarDrone-1/lib/arm/libaot-System.Net.Http.dll.so" not found
D/Mono    ( 9721): AOT module '/Users/builder/data/lanes/4009/3a62f1ea/source/monodroid/builds/install/mono-armv6/lib/mono/aot-cache/arm/System.Net.Http.dll.so' not found: dlopen failed: library "/data/app/com.careerbuilder.SugarDrone-1/lib/arm/libaot-System.Net.Http.dll.so" not found
D/Mono    ( 9721): Config attempting to parse: 'System.Net.Http.dll.config'.
D/Mono    ( 9721): Config attempting to parse: '/Users/builder/data/lanes/4009/3a62f1ea/source/monodroid/builds/install/mono-armv6/etc/mono/assemblies/System.Net.Http/System.Net.Http.config'.
D/Mono    ( 9721): Assembly Ref addref CareerBuilder_Search.Droid[0xe623ee40] -> System.Net.Http[0xe6240fa0]: 2
D/Mono    ( 9721): Assembly Ref addref System.Net.Http[0xe6240fa0] -> mscorlib[0xe623eba0]: 29
I/System.out( 9721): Calabash loaded Mono
I/calabash( 9721): Test server port: 7102
I/InstrumentationBackend( 9721): Added:'NullAction', with key:'nullAction'
I/InstrumentationBackend( 9721): Added:'GetActivityOrientation', with key:'get_activity_orientation'
I/InstrumentationBackend( 9721): Added:'SetActivityOrientation', with key:'set_activity_orientation'
I/InstrumentationBackend( 9721): Added:'DpToDevicePixel', with key:'dp_to_device_pixel'
I/InstrumentationBackend( 9721): Added:'ClickOnScreen', with key:'click_on_screen'
I/InstrumentationBackend( 9721): Added:'DoubleTapCoordinate', with key:'double_tap_coordinate'
I/InstrumentationBackend( 9721): Added:'Drag', with key:'drag'
I/InstrumentationBackend( 9721): Added:'DragCoordinates', with key:'drag_coordinates'
I/InstrumentationBackend( 9721): Added:'LongPressCoordinate', with key:'long_press_coordinate'
I/InstrumentationBackend( 9721): Added:'ResumeApplication', with key:'resume_application'
I/InstrumentationBackend( 9721): Added:'Swipe', with key:'swipe'
I/InstrumentationBackend( 9721): Added:'TouchCoordinates', with key:'touch_coordinate'
I/InstrumentationBackend( 9721): Added:'ListActions', with key:'list_actions'
I/InstrumentationBackend( 9721): Added:'SendTcp', with key:'send_tcp'
I/InstrumentationBackend( 9721): Added:'PressElement', with key:'press_l10n_element'
I/InstrumentationBackend( 9721): Added:'WaitForElement', with key:'wait_for_l10n_element'
I/InstrumentationBackend( 9721): Added:'FakeGPSLocation', with key:'set_gps_coordinates'
I/InstrumentationBackend( 9721): Added:'GetMapBounds', with key:'get_map_bounds'
I/InstrumentationBackend( 9721): Added:'GetMapCenter', with key:'get_map_center'
I/InstrumentationBackend( 9721): Added:'GetMapMarker', with key:'get_map_marker'
I/InstrumentationBackend( 9721): Added:'GetMapMarkers', with key:'get_map_markers'
I/InstrumentationBackend( 9721): Added:'GetMapZoom', with key:'get_map_zoom'
I/InstrumentationBackend( 9721): Added:'PanMapTo', with key:'pan_map_to'
I/InstrumentationBackend( 9721): Added:'SetMapCenter', with key:'set_map_center'
I/InstrumentationBackend( 9721): Added:'SetMapZoom', with key:'set_map_zoom'
I/InstrumentationBackend( 9721): Added:'TapAwayFromMarkers', with key:'tap_map_away_from_markers'
I/InstrumentationBackend( 9721): Added:'TapMapMarker', with key:'tap_map_marker_by_title'
I/InstrumentationBackend( 9721): Added:'ClearPreferences', with key:'clear_preferences'
I/InstrumentationBackend( 9721): Added:'GetPreferences', with key:'get_preferences'
I/InstrumentationBackend( 9721): Added:'SetPreferences', with key:'set_preferences'
I/InstrumentationBackend( 9721): Added:'PressKey', with key:'press_key'
I/InstrumentationBackend( 9721): Added:'DeleteSurroundingText', with key:'delete_surrounding_text'
I/InstrumentationBackend( 9721): Added:'HideSoftKeyboard', with key:'hide_soft_keyboard'
I/InstrumentationBackend( 9721): Added:'KeyboardEnterText', with key:'keyboard_enter_text'
I/InstrumentationBackend( 9721): Added:'KeyboardKeyEvent', with key:'keyboard_key_event'
I/InstrumentationBackend( 9721): Added:'PressUserActionButton', with key:'press_user_action_button'
I/InstrumentationBackend( 9721): Added:'SetComposingRegion', with key:'set_composing_region'
I/InstrumentationBackend( 9721): Added:'SetSelection', with key:'set_selection'
I/InstrumentationBackend( 9721): Added:'AndroidSDKVersion', with key:'android_sdk_version'
I/InstrumentationBackend( 9721): Added:'Version', with key:'version'
I/InstrumentationBackend( 9721): Added:'GetActivityName', with key:'get_activity_name'
I/InstrumentationBackend( 9721): Added:'IsCurrentActivityFocused', with key:'is_current_activity_focused'
I/InstrumentationBackend( 9721): Added:'ScrollToView', with key:'scroll_to_view'
I/InstrumentationBackend( 9721): Added:'ViewConfiguration', with key:'view_configuration'
I/InstrumentationBackend( 9721): Added:'DumpBodyHtml', with key:'dump_body_html'
I/InstrumentationBackend( 9721): Added:'DumpHtml', with key:'dump_html'
I/InstrumentationBackend( 9721): Added:'EnterTextByCssSelector', with key:'enter_text_by_selector'
I/InstrumentationBackend( 9721): Added:'GetLoadProgress', with key:'get_load_progress'
I/InstrumentationBackend( 9721): Added:'GetUrl', with key:'get_url'
I/InstrumentationBackend( 9721): Added:'ScrollTo', with key:'scroll_to'
I/InstrumentationBackend( 9721): Added:'SetPropertyByCssSelector', with key:'set_property_by_css_selector'
I/calabash( 9721): Instantiating http server at 7102
I/System.out( 9721): HTTP Daemon listening on: 7102
I/System.out( 9721): URI: /ready
I/System.out( 9721): params: {}
I/System.out( 9721): URI: /ready
I/System.out( 9721): params: {}
I/System.out( 9721): URI: /ping
I/System.out( 9721): params: {json={"intent":null }
I/System.out( 9721): }
I/System.out( 9721): URI: /ready
I/System.out( 9721): params: {json={"intent":null }
I/System.out( 9721): }
I/System.out( 9721): URI: /start-application
I/System.out( 9721): params: {json={"intent":null }
I/System.out( 9721): }
I/calabash( 9721): execStartActivity 4
I/ActivityManager( 1099): START u0 {act=android.intent.action.MAIN cat=[android.intent.category.LAUNCHER] flg=0x10200000 cmp=com.careerbuilder.SugarDrone/md537fd6201b6818e2e180d2f7606e21a83.AppMainActivity (has extras)} from uid 18981 on display 0
I/calabash( 9721): newActivity1
D/Mono    ( 9721): Assembly Ref addref CareerBuilder_Search.Droid[0xe623ee40] -> Xamarin.Android.Support.v7.AppCompat[0xe623fc20]: 2
D/Mono    ( 9721): Assembly Ref addref Xamarin.Android.Support.v7.AppCompat[0xe623fc20] -> Xamarin.Android.Support.v4[0xe623faa0]: 2
I/art     ( 9721): Starting a blocking GC Explicit
D/Mono    ( 9721): DllImport searching in: '__Internal' ('(null)').
D/Mono    ( 9721): Searching for 'java_interop_jnienv_get_array_length'.
D/Mono    ( 9721): Probing 'java_interop_jnienv_get_array_length'.
D/Mono    ( 9721): Found as 'java_interop_jnienv_get_array_length'.
I/art     ( 9721): Explicit concurrent mark sweep GC freed 15364(945KB) AllocSpace objects, 16(320KB) LOS objects, 39% free, 4MB/8MB, paused 623us total 57.480ms
D/Mono    ( 9721): Assembly Ref addref CareerBuilder_Search.Droid[0xe623ee40] -> CareerBuilder_Search[0xe6240100]: 2
D/Mono    ( 9721): Assembly Ref addref CareerBuilder_Search.Droid[0xe623ee40] -> Xamarin.Android.Support.v4[0xe623faa0]: 3
D/Mono    ( 9721): DllImport searching in: '__Internal' ('(null)').
D/Mono    ( 9721): Searching for 'java_interop_jnienv_new_string'.
D/Mono    ( 9721): Probing 'java_interop_jnienv_new_string'.
D/Mono    ( 9721): Found as 'java_interop_jnienv_new_string'.
D/Mono    ( 9721): Assembly Ref addref CareerBuilder_Search.Droid[0xe623ee40] -> Plugin.CurrentActivity[0xe623f560]: 2
D/Mono    ( 9721): Assembly Ref addref Plugin.CurrentActivity[0xe623f560] -> mscorlib[0xe623eba0]: 30
D/Mono    ( 9721): Assembly Ref addref Plugin.CurrentActivity[0xe623f560] -> Mono.Android[0xe6240160]: 18
D/Mono    ( 9721): [0xceaf4920] worker starting
D/Mono    ( 9721): [0xce9f3920] worker starting
D/Mono    ( 9721): Unloading image System.Runtime.dll [0xcecbdf00].
D/Mono    ( 9721): Image addref System.Runtime[0xcf4e32a0] -> System.Runtime.dll[0xe7a88a00]: 5
D/Mono    ( 9721): Config attempting to parse: 'System.Runtime.dll.config'.
D/Mono    ( 9721): Config attempting to parse: '/Users/builder/data/lanes/4009/3a62f1ea/source/monodroid/builds/install/mono-armv6/etc/mono/assemblies/System.Runtime/System.Runtime.config'.
D/Mono    ( 9721): Assembly Ref addref CareerBuilder_Search[0xe6240100] -> System.Runtime[0xe6240220]: 3
D/Mono    ( 9721): Assembly Ref addref CareerBuilder_Search[0xe6240100] -> Plugin.DeviceInfo.Abstractions[0xe623f7a0]: 2
D/Mono    ( 9721): Unloading image System.Runtime.dll [0xcecbe400].
D/Mono    ( 9721): Image addref System.Runtime[0xcf4e32a0] -> System.Runtime.dll[0xe7a88a00]: 6
D/Mono    ( 9721): Config attempting to parse: 'System.Runtime.dll.config'.
D/Mono    ( 9721): Config attempting to parse: '/Users/builder/data/lanes/4009/3a62f1ea/source/monodroid/builds/install/mono-armv6/etc/mono/assemblies/System.Runtime/System.Runtime.config'.
D/Mono    ( 9721): Assembly Ref addref Plugin.DeviceInfo.Abstractions[0xe623f7a0] -> System.Runtime[0xe6240220]: 4
D/Mono    ( 9721): Assembly Ref addref CareerBuilder_Search.Droid[0xe623ee40] -> Akavache[0xe623f380]: 2
D/Mono    ( 9721): Assembly Ref addref Akavache[0xe623f380] -> mscorlib[0xe623eba0]: 31
D/Mono    ( 9721): Assembly Ref addref Akavache[0xe623f380] -> System.Reactive.Interfaces[0xe623fe60]: 2
D/Mono    ( 9721): Assembly Ref addref Akavache[0xe623f380] -> System.Reactive.Core[0xe623fe00]: 2
D/Mono    ( 9721): Unloading image System.Runtime.dll [0xcecbe400].
D/Mono    ( 9721): Image addref System.Runtime[0xcf4e32a0] -> System.Runtime.dll[0xe7a88a00]: 7
D/Mono    ( 9721): Config attempting to parse: 'System.Runtime.dll.config'.
D/Mono    ( 9721): Config attempting to parse: '/Users/builder/data/lanes/4009/3a62f1ea/source/monodroid/builds/install/mono-armv6/etc/mono/assemblies/System.Runtime/System.Runtime.config'.
D/Mono    ( 9721): Assembly Ref addref System.Reactive.Core[0xe623fe00] -> System.Runtime[0xe6240220]: 5
D/Mono    ( 9721): DllImport searching in: '__Internal' ('(null)').
D/Mono    ( 9721): Searching for 'java_interop_jnienv_call_nonvirtual_object_method_a'.
D/Mono    ( 9721): Probing 'java_interop_jnienv_call_nonvirtual_object_method_a'.
D/Mono    ( 9721): Found as 'java_interop_jnienv_call_nonvirtual_object_method_a'.
D/Mono    ( 9721): Assembly Ref addref CareerBuilder_Search.Droid[0xe623ee40] -> Microsoft.Practices.Unity[0xe623f500]: 2
D/Mono    ( 9721): Unloading image System.Runtime.dll [0xcecbe400].
D/Mono    ( 9721): Image addref System.Runtime[0xcf4e32a0] -> System.Runtime.dll[0xe7a88a00]: 8
D/Mono    ( 9721): Config attempting to parse: 'System.Runtime.dll.config'.
D/Mono    ( 9721): Config attempting to parse: '/Users/builder/data/lanes/4009/3a62f1ea/source/monodroid/builds/install/mono-armv6/etc/mono/assemblies/System.Runtime/System.Runtime.config'.
D/Mono    ( 9721): Assembly Ref addref Microsoft.Practices.Unity[0xe623f500] -> System.Runtime[0xe6240220]: 6
D/Mono    ( 9721): Unloading image System.Collections.dll [0xcecbe900].
D/Mono    ( 9721): Image addref System.Collections[0xcf4e32a0] -> System.Collections.dll[0xe7a8b700]: 5
D/Mono    ( 9721): Config attempting to parse: 'System.Collections.dll.config'.
D/Mono    ( 9721): Config attempting to parse: '/Users/builder/data/lanes/4009/3a62f1ea/source/monodroid/builds/install/mono-armv6/etc/mono/assemblies/System.Collections/System.Collections.config'.
D/Mono    ( 9721): Assembly Ref addref Microsoft.Practices.Unity[0xe623f500] -> System.Collections[0xe62404c0]: 3
D/Mono    ( 9721): Assembly Ref addref CareerBuilder_Search[0xe6240100] -> Microsoft.Practices.Unity[0xe623f500]: 3
D/Mono    ( 9721): Assembly Ref addref CareerBuilder_Search.Droid[0xe623ee40] -> Plugin.DeviceInfo.Abstractions[0xe623f7a0]: 3
D/Mono    ( 9721): Unloading image System.Diagnostics.Debug.dll [0xcecbe900].
D/Mono    ( 9721): Image addref System.Diagnostics.Debug[0xcf4e32a0] -> System.Diagnostics.Debug.dll[0xe7a8a800]: 5
D/Mono    ( 9721): Config attempting to parse: 'System.Diagnostics.Debug.dll.config'.
D/Mono    ( 9721): Config attempting to parse: '/Users/builder/data/lanes/4009/3a62f1ea/source/monodroid/builds/install/mono-armv6/etc/mono/assemblies/System.Diagnostics.Debug/System.Diagnostics.Debug.config'.
D/Mono    ( 9721): Assembly Ref addref CareerBuilder_Search[0xe6240100] -> System.Diagnostics.Debug[0xe62403a0]: 3
D/Mono    ( 9721): Assembly Ref addref System.Diagnostics.Debug[0xe62403a0] -> mscorlib[0xe623eba0]: 32
D/Mono    ( 9721): Image addref System.Diagnostics.Tools[0xcf4e32a0] -> System.Diagnostics.Tools.dll[0xcecbe900]: 2
D/Mono    ( 9721): Prepared to set up assembly 'System.Diagnostics.Tools' (System.Diagnostics.Tools.dll)
D/Mono    ( 9721): Assembly System.Diagnostics.Tools[0xcf4e32a0] added to domain RootDomain, ref_count=1
D/Mono    ( 9721): AOT module 'System.Diagnostics.Tools.dll.so' not found: dlopen failed: library "/data/app/com.careerbuilder.SugarDrone-1/lib/arm/libaot-System.Diagnostics.Tools.dll.so" not found
D/Mono    ( 9721): AOT module '/Users/builder/data/lanes/4009/3a62f1ea/source/monodroid/builds/install/mono-armv6/lib/mono/aot-cache/arm/System.Diagnostics.Tools.dll.so' not found: dlopen failed: library "/data/app/com.careerbuilder.SugarDrone-1/lib/arm/libaot-System.Diagnostics.Tools.dll.so" not found
D/Mono    ( 9721): Config attempting to parse: 'System.Diagnostics.Tools.dll.config'.
D/Mono    ( 9721): Config attempting to parse: '/Users/builder/data/lanes/4009/3a62f1ea/source/monodroid/builds/install/mono-armv6/etc/mono/assemblies/System.Diagnostics.Tools/System.Diagnostics.Tools.config'.
D/Mono    ( 9721): Assembly Ref addref Microsoft.Practices.Unity[0xe623f500] -> System.Diagnostics.Tools[0xcf4e32a0]: 2
D/Mono    ( 9721): Assembly Ref addref System.Diagnostics.Tools[0xcf4e32a0] -> mscorlib[0xe623eba0]: 33
D/Mono    ( 9721): Image addref System.Resources.ResourceManager[0xcf4e3300] -> System.Resources.ResourceManager.dll[0xcecbee00]: 2
D/Mono    ( 9721): Prepared to set up assembly 'System.Resources.ResourceManager' (System.Resources.ResourceManager.dll)
D/Mono    ( 9721): Assembly System.Resources.ResourceManager[0xcf4e3300] added to domain RootDomain, ref_count=1
D/Mono    ( 9721): AOT module 'System.Resources.ResourceManager.dll.so' not found: dlopen failed: library "/data/app/com.careerbuilder.SugarDrone-1/lib/arm/libaot-System.Resources.ResourceManager.dll.so" not found
D/Mono    ( 9721): AOT module '/Users/builder/data/lanes/4009/3a62f1ea/source/monodroid/builds/install/mono-armv6/lib/mono/aot-cache/arm/System.Resources.ResourceManager.dll.so' not found: dlopen failed: library "/data/app/com.careerbuilder.SugarDrone-1/lib/arm/libaot-System.Resources.ResourceManager.dll.so" not found
D/Mono    ( 9721): Config attempting to parse: 'System.Resources.ResourceManager.dll.config'.
D/Mono    ( 9721): Config attempting to parse: '/Users/builder/data/lanes/4009/3a62f1ea/source/monodroid/builds/install/mono-armv6/etc/mono/assemblies/System.Resources.ResourceManager/System.Resources.ResourceManager.config'.
D/Mono    ( 9721): Assembly Ref addref Microsoft.Practices.Unity[0xe623f500] -> System.Resources.ResourceManager[0xcf4e3300]: 2
D/Mono    ( 9721): Assembly Ref addref System.Resources.ResourceManager[0xcf4e3300] -> mscorlib[0xe623eba0]: 34
D/Mono    ( 9721): Unloading image System.Reflection.dll [0xcecbf300].
D/Mono    ( 9721): Image addref System.Reflection[0xcf4e3360] -> System.Reflection.dll[0xe7a89e00]: 5
D/Mono    ( 9721): Config attempting to parse: 'System.Reflection.dll.config'.
D/Mono    ( 9721): Config attempting to parse: '/Users/builder/data/lanes/4009/3a62f1ea/source/monodroid/builds/install/mono-armv6/etc/mono/assemblies/System.Reflection/System.Reflection.config'.
D/Mono    ( 9721): Assembly Ref addref Microsoft.Practices.Unity[0xe623f500] -> System.Reflection[0xe62402e0]: 3
D/Mono    ( 9721): Unloading image System.Linq.dll [0xcecbf300].
D/Mono    ( 9721): Image addref System.Linq[0xcf4e3540] -> System.Linq.dll[0xd0c41a00]: 5
D/Mono    ( 9721): Config attempting to parse: 'System.Linq.dll.config'.
D/Mono    ( 9721): Config attempting to parse: '/Users/builder/data/lanes/4009/3a62f1ea/source/monodroid/builds/install/mono-armv6/etc/mono/assemblies/System.Linq/System.Linq.config'.
D/Mono    ( 9721): Assembly Ref addref Microsoft.Practices.Unity[0xe623f500] -> System.Linq[0xe62405e0]: 3
W/IInputConnectionWrapper( 4215): reportFullscreenMode on inexistent InputConnection
I/Adreno  ( 9721): QUALCOMM build                   : 74df444, I409c65498b
I/Adreno  ( 9721): Build Date                       : 06/22/16
I/Adreno  ( 9721): OpenGL ES Shader Compiler Version: XE031.08.00.02
I/Adreno  ( 9721): Local Branch                     : N16
I/Adreno  ( 9721): Remote Branch                    : 
I/Adreno  ( 9721): Remote Branch                    : 
I/Adreno  ( 9721): Reconstruct Branch               : 
D/Mono    ( 9721): Unloading image System.Threading.dll [0xcecbf300].
D/Mono    ( 9721): Image addref System.Threading[0xcf4e3540] -> System.Threading.dll[0xe7a8a300]: 5
D/Mono    ( 9721): Config attempting to parse: 'System.Threading.dll.config'.
D/Mono    ( 9721): Config attempting to parse: '/Users/builder/data/lanes/4009/3a62f1ea/source/monodroid/builds/install/mono-armv6/etc/mono/assemblies/System.Threading/System.Threading.config'.
D/Mono    ( 9721): Assembly Ref addref Microsoft.Practices.Unity[0xe623f500] -> System.Threading[0xe6240340]: 3
I/OpenGLRenderer( 9721): Initialized EGL, version 1.4
D/OpenGLRenderer( 9721): Swap behavior 1
D/Mono    ( 9721): Image addref System.Globalization[0xcf4e3480] -> System.Globalization.dll[0xcec3de00]: 2
D/Mono    ( 9721): Prepared to set up assembly 'System.Globalization' (System.Globalization.dll)
D/Mono    ( 9721): Assembly System.Globalization[0xcf4e3480] added to domain RootDomain, ref_count=1
D/Mono    ( 9721): AOT module 'System.Globalization.dll.so' not found: dlopen failed: library "/data/app/com.careerbuilder.SugarDrone-1/lib/arm/libaot-System.Globalization.dll.so" not found
D/Mono    ( 9721): AOT module '/Users/builder/data/lanes/4009/3a62f1ea/source/monodroid/builds/install/mono-armv6/lib/mono/aot-cache/arm/System.Globalization.dll.so' not found: dlopen failed: library "/data/app/com.careerbuilder.SugarDrone-1/lib/arm/libaot-System.Globalization.dll.so" not found
D/Mono    ( 9721): Config attempting to parse: 'System.Globalization.dll.config'.
D/Mono    ( 9721): Config attempting to parse: '/Users/builder/data/lanes/4009/3a62f1ea/source/monodroid/builds/install/mono-armv6/etc/mono/assemblies/System.Globalization/System.Globalization.config'.
D/Mono    ( 9721): Assembly Ref addref Microsoft.Practices.Unity[0xe623f500] -> System.Globalization[0xcf4e3480]: 2
D/Mono    ( 9721): Assembly Ref addref System.Globalization[0xcf4e3480] -> mscorlib[0xe623eba0]: 35
D/Mono    ( 9721): Image addref System.Runtime.Extensions[0xcf4e3900] -> System.Runtime.Extensions.dll[0xce6a5e00]: 2
D/Mono    ( 9721): Prepared to set up assembly 'System.Runtime.Extensions' (System.Runtime.Extensions.dll)
D/Mono    ( 9721): Assembly System.Runtime.Extensions[0xcf4e3900] added to domain RootDomain, ref_count=1
D/Mono    ( 9721): AOT module 'System.Runtime.Extensions.dll.so' not found: dlopen failed: library "/data/app/com.careerbuilder.SugarDrone-1/lib/arm/libaot-System.Runtime.Extensions.dll.so" not found
D/Mono    ( 9721): AOT module '/Users/builder/data/lanes/4009/3a62f1ea/source/monodroid/builds/install/mono-armv6/lib/mono/aot-cache/arm/System.Runtime.Extensions.dll.so' not found: dlopen failed: library "/data/app/com.careerbuilder.SugarDrone-1/lib/arm/libaot-System.Runtime.Extensions.dll.so" not found
D/Mono    ( 9721): Config attempting to parse: 'System.Runtime.Extensions.dll.config'.
D/Mono    ( 9721): Config attempting to parse: '/Users/builder/data/lanes/4009/3a62f1ea/source/monodroid/builds/install/mono-armv6/etc/mono/assemblies/System.Runtime.Extensions/System.Runtime.Extensions.config'.
D/Mono    ( 9721): Assembly Ref addref Microsoft.Practices.Unity[0xe623f500] -> System.Runtime.Extensions[0xcf4e3900]: 2
D/Mono    ( 9721): Assembly Ref addref System.Runtime.Extensions[0xcf4e3900] -> mscorlib[0xe623eba0]: 36
D/Mono    ( 9721): Image addref System.Linq.Expressions[0xcf4e5d60] -> System.Linq.Expressions.dll[0xcecc0c00]: 2
D/Mono    ( 9721): Prepared to set up assembly 'System.Linq.Expressions' (System.Linq.Expressions.dll)
D/Mono    ( 9721): Assembly System.Linq.Expressions[0xcf4e5d60] added to domain RootDomain, ref_count=1
D/Mono    ( 9721): AOT module 'System.Linq.Expressions.dll.so' not found: dlopen failed: library "/data/app/com.careerbuilder.SugarDrone-1/lib/arm/libaot-System.Linq.Expressions.dll.so" not found
D/Mono    ( 9721): AOT module '/Users/builder/data/lanes/4009/3a62f1ea/source/monodroid/builds/install/mono-armv6/lib/mono/aot-cache/arm/System.Linq.Expressions.dll.so' not found: dlopen failed: library "/data/app/com.careerbuilder.SugarDrone-1/lib/arm/libaot-System.Linq.Expressions.dll.so" not found
D/Mono    ( 9721): Config attempting to parse: 'System.Linq.Expressions.dll.config'.
D/Mono    ( 9721): Config attempting to parse: '/Users/builder/data/lanes/4009/3a62f1ea/source/monodroid/builds/install/mono-armv6/etc/mono/assemblies/System.Linq.Expressions/System.Linq.Expressions.config'.
D/Mono    ( 9721): Assembly Ref addref Microsoft.Practices.Unity[0xe623f500] -> System.Linq.Expressions[0xcf4e5d60]: 2
D/Mono    ( 9721): Assembly Ref addref System.Linq.Expressions[0xcf4e5d60] -> System.Core[0xe6240760]: 5
D/Mono    ( 9721): Assembly Ref addref System.Core[0xe6240760] -> System[0xe6240400]: 3
I/ActivityManager( 1099): Displayed com.careerbuilder.SugarDrone/md537fd6201b6818e2e180d2f7606e21a83.AppMainActivity: +792ms
D/Mono    ( 9721): Assembly Ref addref CareerBuilder_Search.Droid[0xe623ee40] -> Xamarin.GooglePlayServices.Analytics[0xe623f800]: 2
D/Mono    ( 9721): Assembly Ref addref CareerBuilder_Search.Droid[0xe623ee40] -> Plugin.Geolocator.Abstractions[0xe623f6e0]: 2
D/Mono    ( 9721): Assembly Ref addref CareerBuilder_Search[0xe6240100] -> System.Net.Http[0xe6240fa0]: 3
D/Mono    ( 9721): Assembly Ref addref CareerBuilder_Search[0xe6240100] -> Plugin.DeviceInfo[0xe623f740]: 2
D/Mono    ( 9721): Assembly Ref addref Plugin.DeviceInfo[0xe623f740] -> mscorlib[0xe623eba0]: 37
D/Mono    ( 9721): Assembly Ref addref Plugin.DeviceInfo[0xe623f740] -> Plugin.DeviceInfo.Abstractions[0xe623f7a0]: 4
D/Mono    ( 9721): Image addref System.Threading.Tasks[0xcdcb3920] -> System.Threading.Tasks.dll[0xce6a6800]: 2
D/Mono    ( 9721): Prepared to set up assembly 'System.Threading.Tasks' (System.Threading.Tasks.dll)
D/Mono    ( 9721): Assembly System.Threading.Tasks[0xcdcb3920] added to domain RootDomain, ref_count=1
D/Mono    ( 9721): AOT module 'System.Threading.Tasks.dll.so' not found: dlopen failed: library "/data/app/com.careerbuilder.SugarDrone-1/lib/arm/libaot-System.Threading.Tasks.dll.so" not found
D/Mono    ( 9721): AOT module '/Users/builder/data/lanes/4009/3a62f1ea/source/monodroid/builds/install/mono-armv6/lib/mono/aot-cache/arm/System.Threading.Tasks.dll.so' not found: dlopen failed: library "/data/app/com.careerbuilder.SugarDrone-1/lib/arm/libaot-System.Threading.Tasks.dll.so" not found
D/Mono    ( 9721): Config attempting to parse: 'System.Threading.Tasks.dll.config'.
D/Mono    ( 9721): Config attempting to parse: '/Users/builder/data/lanes/4009/3a62f1ea/source/monodroid/builds/install/mono-armv6/etc/mono/assemblies/System.Threading.Tasks/System.Threading.Tasks.config'.
D/Mono    ( 9721): Assembly Ref addref CareerBuilder_Search[0xe6240100] -> System.Threading.Tasks[0xcdcb3920]: 2
D/Mono    ( 9721): Assembly Ref addref System.Threading.Tasks[0xcdcb3920] -> mscorlib[0xe623eba0]: 38
D/Mono    ( 9721): Unloading image System.Collections.dll [0xce6a6d00].
D/Mono    ( 9721): Image addref System.Collections[0xcf4e38a0] -> System.Collections.dll[0xe7a8b700]: 6
D/Mono    ( 9721): Config attempting to parse: 'System.Collections.dll.config'.
D/Mono    ( 9721): Config attempting to parse: '/Users/builder/data/lanes/4009/3a62f1ea/source/monodroid/builds/install/mono-armv6/etc/mono/assemblies/System.Collections/System.Collections.config'.
D/Mono    ( 9721): Assembly Ref addref CareerBuilder_Search[0xe6240100] -> System.Collections[0xe62404c0]: 4
D/Mono    ( 9721): Assembly Ref addref System.Collections[0xe62404c0] -> System[0xe6240400]: 4
D/Mono    ( 9721): Assembly Ref addref System.Net.Http[0xe6240fa0] -> System[0xe6240400]: 5
I/WindowManager( 1099): Destroying surface Surface(name=com.google.android.googlequicksearchbox/com.google.android.launcher.GEL) called by com.android.server.wm.WindowStateAnimator.destroySurface:2014 com.android.server.wm.WindowStateAnimator.destroySurfaceLocked:881 com.android.server.wm.WindowState.destroyOrSaveSurface:2073 com.android.server.wm.AppWindowToken.destroySurfaces:363 com.android.server.wm.AppWindowToken.notifyAppStopped:389 com.android.server.wm.WindowManagerService.notifyAppStopped:4456 com.android.server.am.ActivityStack.activityStoppedLocked:1252 com.android.server.am.ActivityManagerService.activityStopped:6873 
I/WindowManager( 1099): Destroying surface Surface(name=Starting com.careerbuilder.SugarDrone) called by com.android.server.wm.WindowStateAnimator.destroySurface:2014 com.android.server.wm.WindowStateAnimator.destroySurfaceLocked:881 com.android.server.wm.WindowState.destroyOrSaveSurface:2073 com.android.server.wm.AppWindowToken.destroySurfaces:363 com.android.server.wm.WindowStateAnimator.finishExit:565 com.android.server.wm.WindowStateAnimator.stepAnimationLocked:491 com.android.server.wm.WindowAnimator.updateWindowsLocked:303 com.android.server.wm.WindowAnimator.animateLocked:704 
I/System.out( 9721): URI: /map
I/System.out( 9721): params: {json={"query":"*","operation":{"method_name":"query","arguments":[]}}
I/System.out( 9721): }
D/Mono    ( 9721): Assembly Ref addref Microsoft.Practices.Unity[0xe623f500] -> System.Reflection.Extensions[0xe6240880]: 3
W/ResourceType( 9721): No known package when getting name for resource number 0xffffffff
W/ResourceType( 9721): No known package when getting name for resource number 0xffffffff
W/ResourceType( 9721): No known package when getting name for resource number 0xffffffff
D/Mono    ( 9721): Unloading image System.Threading.dll [0xcd7e7000].
D/Mono    ( 9721): Image addref System.Threading[0xcdcb2000] -> System.Threading.dll[0xe7a8a300]: 6
D/Mono    ( 9721): Config attempting to parse: 'System.Threading.dll.config'.
D/Mono    ( 9721): Config attempting to parse: '/Users/builder/data/lanes/4009/3a62f1ea/source/monodroid/builds/install/mono-armv6/etc/mono/assemblies/System.Threading/System.Threading.config'.
D/Mono    ( 9721): Assembly Ref addref CareerBuilder_Search[0xe6240100] -> System.Threading[0xe6240340]: 4
D/Mono    ( 9721): Assembly Ref addref System.Threading[0xe6240340] -> System.Core[0xe6240760]: 6
D/Mono    ( 9721): Assembly Ref addref System.Runtime[0xe6240220] -> System[0xe6240400]: 6
D/Mono    ( 9721): Assembly Ref addref CareerBuilder_Search[0xe6240100] -> Newtonsoft.Json[0xe623fd40]: 2
D/Mono    ( 9721): Unloading image System.Runtime.dll [0xcd7e7500].
D/Mono    ( 9721): Image addref System.Runtime[0xcdcb3e00] -> System.Runtime.dll[0xe7a88a00]: 9
D/Mono    ( 9721): Config attempting to parse: 'System.Runtime.dll.config'.
D/Mono    ( 9721): Config attempting to parse: '/Users/builder/data/lanes/4009/3a62f1ea/source/monodroid/builds/install/mono-armv6/etc/mono/assemblies/System.Runtime/System.Runtime.config'.
D/Mono    ( 9721): Assembly Ref addref Newtonsoft.Json[0xe623fd40] -> System.Runtime[0xe6240220]: 7
D/Mono    ( 9721): Image addref System.Dynamic.Runtime[0xcdcb3e00] -> System.Dynamic.Runtime.dll[0xcd7e7500]: 2
D/Mono    ( 9721): Prepared to set up assembly 'System.Dynamic.Runtime' (System.Dynamic.Runtime.dll)
D/Mono    ( 9721): Assembly System.Dynamic.Runtime[0xcdcb3e00] added to domain RootDomain, ref_count=1
D/Mono    ( 9721): AOT module 'System.Dynamic.Runtime.dll.so' not found: dlopen failed: library "/data/app/com.careerbuilder.SugarDrone-1/lib/arm/libaot-System.Dynamic.Runtime.dll.so" not found
D/Mono    ( 9721): AOT module '/Users/builder/data/lanes/4009/3a62f1ea/source/monodroid/builds/install/mono-armv6/lib/mono/aot-cache/arm/System.Dynamic.Runtime.dll.so' not found: dlopen failed: library "/data/app/com.careerbuilder.SugarDrone-1/lib/arm/libaot-System.Dynamic.Runtime.dll.so" not found
D/Mono    ( 9721): Config attempting to parse: 'System.Dynamic.Runtime.dll.config'.
D/Mono    ( 9721): Config attempting to parse: '/Users/builder/data/lanes/4009/3a62f1ea/source/monodroid/builds/install/mono-armv6/etc/mono/assemblies/System.Dynamic.Runtime/System.Dynamic.Runtime.config'.
D/Mono    ( 9721): Assembly Ref addref Newtonsoft.Json[0xe623fd40] -> System.Dynamic.Runtime[0xcdcb3e00]: 2
D/Mono    ( 9721): Assembly Ref addref System.Dynamic.Runtime[0xcdcb3e00] -> System.Core[0xe6240760]: 7
D/Mono    ( 9721): Image addref System.ObjectModel[0xcdcb3e60] -> System.ObjectModel.dll[0xcecbf300]: 2
D/Mono    ( 9721): Prepared to set up assembly 'System.ObjectModel' (System.ObjectModel.dll)
D/Mono    ( 9721): Assembly System.ObjectModel[0xcdcb3e60] added to domain RootDomain, ref_count=1
D/Mono    ( 9721): AOT module 'System.ObjectModel.dll.so' not found: dlopen failed: library "/data/app/com.careerbuilder.SugarDrone-1/lib/arm/libaot-System.ObjectModel.dll.so" not found
D/Mono    ( 9721): AOT module '/Users/builder/data/lanes/4009/3a62f1ea/source/monodroid/builds/install/mono-armv6/lib/mono/aot-cache/arm/System.ObjectModel.dll.so' not found: dlopen failed: library "/data/app/com.careerbuilder.SugarDrone-1/lib/arm/libaot-System.ObjectModel.dll.so" not found
D/Mono    ( 9721): Config attempting to parse: 'System.ObjectModel.dll.config'.
D/Mono    ( 9721): Config attempting to parse: '/Users/builder/data/lanes/4009/3a62f1ea/source/monodroid/builds/install/mono-armv6/etc/mono/assemblies/System.ObjectModel/System.ObjectModel.config'.
D/Mono    ( 9721): Assembly Ref addref Newtonsoft.Json[0xe623fd40] -> System.ObjectModel[0xcdcb3e60]: 2
D/Mono    ( 9721): Assembly Ref addref System.ObjectModel[0xcdcb3e60] -> System[0xe6240400]: 7
D/Mono    ( 9721): Assembly Ref addref CareerBuilder_Search[0xe6240100] -> System.Reactive.Core[0xe623fe00]: 3
D/Mono    ( 9721): DllImport attempting to load: '__Internal'.
D/Mono    ( 9721): DllImport loaded library '(null)'.
D/Mono    ( 9721): DllImport searching in: '__Internal' ('(null)').
D/Mono    ( 9721): Searching for 'monodroid_get_system_property'.
D/Mono    ( 9721): Probing 'monodroid_get_system_property'.
D/Mono    ( 9721): Found as 'monodroid_get_system_property'.
D/Mono    ( 9721): DllImport searching in: '__Internal' ('(null)').
D/Mono    ( 9721): Searching for 'monodroid_free'.
D/Mono    ( 9721): Probing 'monodroid_free'.
D/Mono    ( 9721): Found as 'monodroid_free'.
I/System.out( 9721): URI: /map
I/System.out( 9721): params: {json={"query":"* id:'agreeAndContinueButton'","operation":{"method_name":"query","arguments":[]}}
I/System.out( 9721): }
W/ResourceType( 9721): No known package when getting name for resource number 0xffffffff
W/ResourceType( 9721): No known package when getting name for resource number 0xffffffff
W/ResourceType( 9721): No known package when getting name for resource number 0xffffffff
D/Mono    ( 9721): Assembly Ref addref CareerBuilder_Search.Droid[0xe623ee40] -> Xamarin.Insights[0xe623f920]: 2
D/Mono    ( 9721): Assembly Ref addref Xamarin.Insights[0xe623f920] -> mscorlib[0xe623eba0]: 39
D/Mono    ( 9721): Assembly Ref addref Xamarin.Insights[0xe623f920] -> Mono.Android[0xe6240160]: 19
D/Mono    ( 9721): Assembly Ref addref CareerBuilder_Search.Droid[0xe623ee40] -> HockeySDK[0xe623f320]: 2
D/Mono    ( 9721): Assembly Ref addref CareerBuilder_Search.Droid[0xe623ee40] -> AppsFlyerXamarinBindingAndroid[0xe623f080]: 2
D/Mono    ( 9721): DllImport searching in: '__Internal' ('(null)').
D/Mono    ( 9721): Searching for 'java_interop_jnienv_get_static_field_id'.
D/Mono    ( 9721): Probing 'java_interop_jnienv_get_static_field_id'.
D/Mono    ( 9721): Found as 'java_interop_jnienv_get_static_field_id'.
D/Mono    ( 9721): DllImport searching in: '__Internal' ('(null)').
D/Mono    ( 9721): Searching for 'java_interop_jnienv_get_static_int_field'.
D/Mono    ( 9721): Probing 'java_interop_jnienv_get_static_int_field'.
D/Mono    ( 9721): Found as 'java_interop_jnienv_get_static_int_field'.
D/Mono    ( 9721): Assembly Ref addref Xamarin.Insights[0xe623f920] -> System.Core[0xe6240760]: 8
D/Mono    ( 9721): DllImport searching in: '__Internal' ('(null)').
D/Mono    ( 9721): Searching for 'java_interop_jnienv_call_static_long_method_a'.
D/Mono    ( 9721): Probing 'java_interop_jnienv_call_static_long_method_a'.
D/Mono    ( 9721): Found as 'java_interop_jnienv_call_static_long_method_a'.
D/Mono    ( 9721): Assembly Ref addref Xamarin.Insights[0xe623f920] -> System[0xe6240400]: 8
D/Mono    ( 9721): Assembly Ref addref Xamarin.Insights[0xe623f920] -> System.Net.Http[0xe6240fa0]: 4
I/System.out( 9721): URI: /map
I/System.out( 9721): params: {json={"query":"* id:'agreeAndContinueButton'","operation":{"method_name":"query","arguments":[]}}
I/System.out( 9721): }
W/ResourceType( 9721): No known package when getting name for resource number 0xffffffff
W/ResourceType( 9721): No known package when getting name for resource number 0xffffffff
W/ResourceType( 9721): No known package when getting name for resource number 0xffffffff
W/NetworkIdentity( 1099): Active mobile network without subscriber!
W/NetworkIdentity( 1099): Active mobile network without subscriber!
W/NetworkIdentity( 1099): Active mobile network without subscriber!
W/NetworkIdentity( 1099): Active mobile network without subscriber!
W/NetworkIdentity( 1099): Active mobile network without subscriber!
W/NetworkIdentity( 1099): Active mobile network without subscriber!
W/NetworkIdentity( 1099): Active mobile network without subscriber!
W/NetworkIdentity( 1099): Active mobile network without subscriber!
W/NetworkIdentity( 1099): Active mobile network without subscriber!
W/NetworkIdentity( 1099): Active mobile network without subscriber!
D/Mono    ( 9721): DllImport searching in: '__Internal' ('(null)').
D/Mono    ( 9721): Searching for 'java_interop_jnienv_get_object_array_element'.
D/Mono    ( 9721): Probing 'java_interop_jnienv_get_object_array_element'.
D/Mono    ( 9721): Found as 'java_interop_jnienv_get_object_array_element'.
D/Mono    ( 9721): DllImport searching in: '__Internal' ('(null)').
D/Mono    ( 9721): Searching for 'java_interop_jnienv_call_boolean_method_a'.
D/Mono    ( 9721): Probing 'java_interop_jnienv_call_boolean_method_a'.
D/Mono    ( 9721): Found as 'java_interop_jnienv_call_boolean_method_a'.
D/Mono    ( 9721): DllImport searching in: '__Internal' ('(null)').
D/Mono    ( 9721): Searching for 'java_interop_jnienv_call_int_method_a'.
D/Mono    ( 9721): Probing 'java_interop_jnienv_call_int_method_a'.
D/Mono    ( 9721): Found as 'java_interop_jnienv_call_int_method_a'.
W/NetworkIdentity( 1099): Active mobile network without subscriber!
W/NetworkIdentity( 1099): Active mobile network without subscriber!
W/NetworkIdentity( 1099): Active mobile network without subscriber!
W/NetworkIdentity( 1099): Active mobile network without subscriber!
W/NetworkIdentity( 1099): Active mobile network without subscriber!
W/NetworkIdentity( 1099): Active mobile network without subscriber!
W/NetworkIdentity( 1099): Active mobile network without subscriber!
W/NetworkIdentity( 1099): Active mobile network without subscriber!
W/NetworkIdentity( 1099): Active mobile network without subscriber!
W/NetworkIdentity( 1099): Active mobile network without subscriber!
D/Mono    ( 9721): DllImport searching in: '__Internal' ('(null)').
D/Mono    ( 9721): Searching for 'java_interop_jnienv_get_field_id'.
D/Mono    ( 9721): Probing 'java_interop_jnienv_get_field_id'.
D/Mono    ( 9721): Found as 'java_interop_jnienv_get_field_id'.
D/Mono    ( 9721): DllImport searching in: '__Internal' ('(null)').
D/Mono    ( 9721): Searching for 'java_interop_jnienv_get_object_field'.
D/Mono    ( 9721): Probing 'java_interop_jnienv_get_object_field'.
D/Mono    ( 9721): Found as 'java_interop_jnienv_get_object_field'.
I/System.out( 9721): URI: /map
I/System.out( 9721): params: {json={"query":"* id:'agreeAndContinueButton'","operation":{"method_name":"query","arguments":[]}}
I/System.out( 9721): }
D/Mono    ( 9721): DllImport searching in: '__Internal' ('(null)').
D/Mono    ( 9721): Searching for 'java_interop_jnienv_call_static_int_method_a'.
D/Mono    ( 9721): Probing 'java_interop_jnienv_call_static_int_method_a'.
D/Mono    ( 9721): Found as 'java_interop_jnienv_call_static_int_method_a'.
W/Xamarin.Insights( 9721): Warning: Insights data communication has been manually enabled
W/ResourceType( 9721): No known package when getting name for resource number 0xffffffff
W/ResourceType( 9721): No known package when getting name for resource number 0xffffffff
W/ResourceType( 9721): No known package when getting name for resource number 0xffffffff
D/Mono    ( 9721): DllImport searching in: '__Internal' ('(null)').
D/Mono    ( 9721): Searching for 'java_interop_jnienv_get_static_object_field'.
D/Mono    ( 9721): Probing 'java_interop_jnienv_get_static_object_field'.
D/Mono    ( 9721): Found as 'java_interop_jnienv_get_static_object_field'.
I/ActivityManager( 1099): Killing 6718:com.google.android.apps.photos/u0a74 (adj 906): empty #17
D/Mono    ( 9721): DllImport searching in: '__Internal' ('(null)').
D/Mono    ( 9721): Searching for 'java_interop_jnienv_call_static_void_method'.
D/Mono    ( 9721): Probing 'java_interop_jnienv_call_static_void_method'.
D/Mono    ( 9721): Found as 'java_interop_jnienv_call_static_void_method'.
I/AppsFlyer_3.01( 9721): Start tracking package: com.careerbuilder.SugarDrone
I/AppsFlyer_3.01( 9721): AsendTrackingWithEvent from activity: md537fd6201b6818e2e180d2f7606e21a83.MainApplication
I/AppsFlyer_3.01-665926080( 9721): ******* sendTrackingWithEvent: Launch
I/GAv4    ( 9721): Google Analytics 8.4.87 is starting up. To enable debug logging on a device run:
I/GAv4    ( 9721):   adb shell setprop log.tag.GAv4 DEBUG
I/GAv4    ( 9721):   adb logcat -s GAv4
E/ActivityThread( 9721): Failed to find provider info for com.facebook.katana.provider.AttributionIdProvider
W/GAv4    ( 9721): AnalyticsReceiver is not registered or is disabled. Register the receiver for reliable dispatching on non-Google Play devices. See http://goo.gl/8Rd3yj for instructions.
I/AppsFlyer_3.01( 9721): WARNING:READ_PHONE_STATE is missing
W/GAv4    ( 9721): CampaignTrackingReceiver is not registered, not exported or is disabled. Installation campaign tracking is not possible. See http://goo.gl/8Rd3yj for instructions.
D/Mono    ( 9721): DllImport searching in: '__Internal' ('(null)').
D/Mono    ( 9721): Searching for 'java_interop_jnienv_call_void_method_a'.
D/Mono    ( 9721): Probing 'java_interop_jnienv_call_void_method_a'.
D/Mono    ( 9721): Found as 'java_interop_jnienv_call_void_method_a'.
I/GAv4    ( 9721): Logger is deprecated. To enable debug logging, please run:
I/GAv4    ( 9721): adb shell setprop log.tag.GAv4 DEBUG
W/GAv4    ( 9721): AnalyticsService not registered in the app manifest. Hits might not be delivered reliably. See http://goo.gl/8Rd3yj for instructions.
D/AppsFlyer_3.01( 9721): AppsFlyer: first launch detected
I/AppsFlyer_3.01( 9721): AppsFlyer: first launch date: 2017-03-16_0105+0100
I/System.out( 9721): AppsFlyerLib.sendTrackingWithEvent
D/Mono    ( 9721): DllImport searching in: '__Internal' ('(null)').
D/Mono    ( 9721): Searching for 'java_interop_jnienv_new_local_ref'.
D/Mono    ( 9721): Probing 'java_interop_jnienv_new_local_ref'.
