<![CDATA[
]]><xtc-scenario name="[0-1060]CareerBuilder_Search.DroidFeatureTests.MyCBNavigationTests.TitleShowsNumberOfSavedJobsOnSavedJobsTab" id="[0-1060]CareerBuilder_Search.DroidFeatureTests.MyCBNavigationTests.TitleShowsNumberOfSavedJobsOnSavedJobsTab"><![CDATA[

]]><xtc-step name="[0-1060]CareerBuilder_Search.DroidFeatureTests.MyCBNavigationTests.TitleShowsNumberOfSavedJobsOnSavedJobsTab-TitleShowsNumberOfSavedJobsOnSavedJobsTab" id="[0-1060]CareerBuilder_Search.DroidFeatureTests.MyCBNavigationTests.TitleShowsNumberOfSavedJobsOnSavedJobsTab-TitleShowsNumberOfSavedJobsOnSavedJobsTab"><![CDATA[
D/AndroidRuntime( 8102): >>>>>> START com.android.internal.os.RuntimeInit uid 2000 <<<<<<
D/AndroidRuntime( 8102): CheckJNI is OFF
D/ICU     ( 8102): No timezone override file found: /data/misc/zoneinfo/current/icu/icu_tzdata.dat
I/Radio-JNI( 8102): register_android_hardware_Radio DONE
D/AndroidRuntime( 8102): Calling main entry com.android.commands.pm.Pm
W/MessageQueue( 8102): Handler (android.os.Handler) {4d2caab} sending message to a Handler on a dead thread
W/MessageQueue( 8102): java.lang.IllegalStateException: Handler (android.os.Handler) {4d2caab} sending message to a Handler on a dead thread
W/MessageQueue( 8102): 	at android.os.MessageQueue.enqueueMessage(MessageQueue.java:543)
W/MessageQueue( 8102): 	at android.os.Handler.enqueueMessage(Handler.java:643)
W/MessageQueue( 8102): 	at android.os.Handler.sendMessageAtTime(Handler.java:612)
W/MessageQueue( 8102): 	at android.os.Handler.sendMessageDelayed(Handler.java:582)
W/MessageQueue( 8102): 	at android.os.Handler.post(Handler.java:338)
W/MessageQueue( 8102): 	at android.os.ResultReceiver$MyResultReceiver.send(ResultReceiver.java:57)
W/MessageQueue( 8102): 	at com.android.internal.os.IResultReceiver$Stub.onTransact(IResultReceiver.java:58)
W/MessageQueue( 8102): 	at android.os.Binder.execTransact(Binder.java:565)
I/art     ( 8102): System.exit called, status: 0
I/AndroidRuntime( 8102): VM exiting with result code 0.
D/AndroidRuntime( 8237): >>>>>> START com.android.internal.os.RuntimeInit uid 2000 <<<<<<
D/AndroidRuntime( 8237): CheckJNI is OFF
D/ICU     ( 8237): No timezone override file found: /data/misc/zoneinfo/current/icu/icu_tzdata.dat
I/Radio-JNI( 8237): register_android_hardware_Radio DONE
D/AndroidRuntime( 8237): Calling main entry com.android.commands.am.Am
W/ActivityManager( 1099): Invalid packageName: com.careerbuilder.SugarDrone
D/AndroidRuntime( 8237): Shutting down VM
I/ActivityManager( 1099): Killing 4363:com.google.android.partnersetup/u0a25 (adj 906): empty #17
I/ActivityManager( 1099): Killing 5752:com.google.android.apps.docs/u0a52 (adj 906): empty #18
I/ActivityManager( 1099): Killing 5735:com.android.musicfx/u0a29 (adj 906): empty #19
D/AndroidRuntime( 8699): >>>>>> START com.android.internal.os.RuntimeInit uid 2000 <<<<<<
D/AndroidRuntime( 8699): CheckJNI is OFF
D/ICU     ( 8699): No timezone override file found: /data/misc/zoneinfo/current/icu/icu_tzdata.dat
I/Radio-JNI( 8699): register_android_hardware_Radio DONE
D/AndroidRuntime( 8699): Calling main entry com.android.commands.pm.Pm
I/        (  511): free_cache(71725114) avail 10791890944
I/PackageManager.DexOptimizer( 1099): Running dexopt (dex2oat) on: /data/app/vmdl1365333911.tmp/base.apk pkg=com.careerbuilder.SugarDrone isa=arm vmSafeMode=false debuggable=true target-filter=interpret-only oatDir = /data/app/vmdl1365333911.tmp/oat sharedLibraries=null
I/dex2oat ( 8750): /system/bin/dex2oat --compiler-filter=interpret-only -j4 --debuggable
W/dex2oat ( 8750): Before Android 4.1, method android.graphics.PorterDuffColorFilter android.support.graphics.drawable.VectorDrawableCompat.updateTintFilter(android.graphics.PorterDuffColorFilter, android.content.res.ColorStateList, android.graphics.PorterDuff$Mode) would have incorrectly overridden the package-private method in android.graphics.drawable.Drawable
W/dex2oat ( 8750): Before Android 4.1, method int android.support.v7.widget.ListViewCompat.lookForSelectablePosition(int, boolean) would have incorrectly overridden the package-private method in android.widget.ListView
I/dex2oat ( 8750): dex2oat took 1.981s (threads: 4) arena alloc=29KB (30408B) java alloc=4MB (5053248B) native alloc=6MB (7301160B) free=2MB (2660312B)
W/PackageManager( 1099): Not granting permission android.permission.MANAGE_DOCUMENTS to package com.careerbuilder.SugarDrone (protectionLevel=2 flags=0x3808be46)
W/PackageManager( 1099): Not granting permission android.permission.MOUNT_UNMOUNT_FILESYSTEMS to package com.careerbuilder.SugarDrone (protectionLevel=18 flags=0x3808be46)
V/BackupManagerService( 1099): restoreAtInstall pkg=com.careerbuilder.SugarDrone token=5 restoreSet=0
V/BackupManagerService( 1099): Finishing install immediately
I/art     ( 1099): Starting a blocking GC Explicit
I/art     ( 1099): Explicit concurrent mark sweep GC freed 118157(6MB) AllocSpace objects, 20(1152KB) LOS objects, 33% free, 15MB/23MB, paused 1.733ms total 112.225ms
E/        (  511): Couldn't opendir /data/app/vmdl1365333911.tmp: No such file or directory
I/ActivityManager( 1099): Start proc 8795:com.android.musicfx/u0a29 for broadcast com.android.musicfx/.Compatibility$Receiver
W/ActivityManager( 1099): Permission Denial: Accessing service ComponentInfo{com.google.android.music/com.google.android.music.dial.DialMediaRouteProviderService} from pid=5293, uid=10085 that is not exported from uid 10071
I/art     ( 8699): System.exit called, status: 0
I/AndroidRuntime( 8699): VM exiting with result code 0.
I/InputReader( 1099): Reconfiguring input devices.  changes=0x00000010
D/CarrierSvcBindHelper( 3233): No carrier app for: 0
D/CarrierConfigLoader( 3233): mHandler: 9 phoneId: 0
D/RegisteredNfcFServicesCache( 4172): Service unchanged, not updating
W/System  ( 8795): ClassLoader referenced unknown path: /system/priv-app/MusicFX/lib/arm64
I/ActivityManager( 1099): Start proc 8814:com.android.vending/u0a30 for broadcast com.android.vending/com.google.android.finsky.receivers.PackageMonitorReceiver$RegisteredReceiver
W/System  ( 8814): ClassLoader referenced unknown path: /system/priv-app/Phonesky/lib/arm64
W/Finsky  ( 8814): [1] com.google.android.finsky.FinskyApp.i(1468): No account configured on this device.
W/Finsky  ( 8814): [1] com.google.android.finsky.FinskyApp.i(1468): No account configured on this device.
W/Finsky  ( 8814): [1] com.google.android.finsky.FinskyApp.i(1468): No account configured on this device.
W/Finsky  ( 8814): [1] com.google.android.finsky.FinskyApp.i(1468): No account configured on this device.
I/Finsky  ( 8814): [1] com.google.android.finsky.FinskyApp.onCreate(430): Initializing network with DFE https://android.clients.google.com/fdfe/
W/Finsky  ( 8814): [1] com.google.android.finsky.FinskyApp.i(1468): No account configured on this device.
W/Finsky  ( 8814): [1] com.google.android.finsky.FinskyApp.i(1468): No account configured on this device.
W/Finsky  ( 8814): [1] com.google.android.finsky.FinskyApp.i(1468): No account configured on this device.
W/Finsky  ( 8814): [1] com.google.android.finsky.FinskyApp.i(1468): No account configured on this device.
W/Finsky  ( 8814): [1] com.google.android.finsky.FinskyApp.i(1468): No account configured on this device.
W/Finsky  ( 8814): [1] com.google.android.finsky.FinskyApp.i(1468): No account configured on this device.
W/Finsky  ( 8814): [1] com.google.android.finsky.FinskyApp.i(1468): No account configured on this device.
W/Finsky  ( 8814): [1] com.google.android.finsky.FinskyApp.i(1468): No account configured on this device.
W/Finsky  ( 8814): [1] com.google.android.finsky.FinskyApp.i(1468): No account configured on this device.
I/Finsky  ( 8814): [1] com.google.android.finsky.services.DailyHygiene.a(171): No need to run daily hygiene.
W/Finsky  ( 8814): [1] com.google.android.finsky.FinskyApp.i(1468): No account configured on this device.
W/Settings( 8814): Setting download_manager_max_bytes_over_mobile has moved from android.provider.Settings.Secure to android.provider.Settings.Global.
W/Settings( 8814): Setting download_manager_recommended_max_bytes_over_mobile has moved from android.provider.Settings.Secure to android.provider.Settings.Global.
W/Finsky  ( 8814): [1] com.google.android.finsky.FinskyApp.i(1468): No account configured on this device.
W/Finsky  ( 8814): [1] com.google.android.finsky.FinskyApp.i(1468): No account configured on this device.
W/Finsky  ( 8814): [1] com.google.android.finsky.FinskyApp.i(1468): No account configured on this device.
W/Finsky  ( 8814): [1] com.google.android.finsky.FinskyApp.i(1468): No account configured on this device.
W/Finsky  ( 8814): [1] com.google.android.finsky.FinskyApp.i(1468): No account configured on this device.
W/Finsky  ( 8814): [1] com.google.android.finsky.FinskyApp.b(1150): No account configured on this device.
W/Finsky  ( 8814): [1] com.google.android.finsky.FinskyApp.i(1468): No account configured on this device.
W/Finsky  ( 8814): [384] com.google.android.finsky.FinskyApp.i(1468): No account configured on this device.
I/ActivityManager( 1099): Start proc 8869:com.google.android.apps.docs/u0a52 for broadcast com.google.android.apps.docs/.receivers.AppPackageAddRemoveReceiver
I/Finsky  ( 8814): [1] com.google.android.finsky.receivers.j.a(1226): Installer kick - no action, not running yet
I/Finsky  ( 8814): [1] com.google.android.finsky.utils.PermissionPolicies$PermissionPolicyService.onStartCommand(117): post-install permissions check for com.careerbuilder.SugarDrone
W/Finsky  ( 8814): [1] com.google.android.finsky.FinskyApp.i(1468): No account configured on this device.
I/Finsky  ( 8814): [1] com.google.android.finsky.utils.bh.run(2302): Package state data is missing for com.careerbuilder.SugarDrone
W/System  ( 8869): ClassLoader referenced unknown path: /system/app/Drive/lib/arm64
W/Finsky  ( 8814): [1] com.google.android.finsky.FinskyApp.i(1468): No account configured on this device.
I/Finsky  ( 8814): [1] com.google.android.finsky.c.l.a(270): result=false type=4
I/Finsky  ( 8814): [1] com.google.android.finsky.services.bc.a(1050): Restore complete with 0 success and 0 failed.
W/Finsky  ( 8814): [384] com.google.android.finsky.FinskyApp.i(1468): No account configured on this device.
D/AndroidRuntime( 8835): >>>>>> START com.android.internal.os.RuntimeInit uid 2000 <<<<<<
D/AndroidRuntime( 8835): CheckJNI is OFF
I/GAv4    ( 8869): Google Analytics 8.4.87 is starting up. To enable debug logging on a device run:
I/GAv4    ( 8869):   adb shell setprop log.tag.GAv4 DEBUG
I/GAv4    ( 8869):   adb logcat -s GAv4
W/GAv4    ( 8869): AnalyticsReceiver is not registered or is disabled. Register the receiver for reliable dispatching on non-Google Play devices. See http://goo.gl/8Rd3yj for instructions.
W/GAv4    ( 8869): CampaignTrackingReceiver is not registered, not exported or is disabled. Installation campaign tracking is not possible. See http://goo.gl/8Rd3yj for instructions.
D/ICU     ( 8835): No timezone override file found: /data/misc/zoneinfo/current/icu/icu_tzdata.dat
W/GAv4    ( 8869): AnalyticsService not registered in the app manifest. Hits might not be delivered reliably. See http://goo.gl/8Rd3yj for instructions.
I/Radio-JNI( 8835): register_android_hardware_Radio DONE
D/AndroidRuntime( 8835): Calling main entry com.android.commands.settings.SettingsCmd
D/AndroidRuntime( 8835): Shutting down VM
I/ActivityManager( 1099): Killing 7463:com.google.android.gms.unstable/u0a18 (adj 906): empty #17
I/ActivityManager( 1099): Start proc 8934:com.google.android.partnersetup/u0a25 for broadcast com.google.android.partnersetup/.RlzPingBroadcastReceiver
I/UpdateIcingCorporaServi( 5803): Updating corpora: APPS=com.careerbuilder.SugarDrone, CONTACTS=MAYBE
D/Wear_Controller( 4458): Received broadcast action=android.intent.action.PACKAGE_ADDED and uri=com.careerbuilder.SugarDrone
I/PeopleContactsSync( 4458): triggerPendingContactsCleanup: no accounts
W/System  ( 8934): ClassLoader referenced unknown path: /system/priv-app/GooglePartnerSetup/lib/arm64
W/IcingInternalCorpora( 4458): getNumBytesRead when not calculated.
I/UpdateIcingCorporaServi( 5803): UpdateCorporaTask done [took 277 ms] updated apps [took 277 ms] 
I/Icing   ( 4458): Usage reports 0 indexed 0 rejected 0 imm upload true
I/Icing   ( 4458): Usage reports 0 indexed 0 rejected 0 imm upload false
I/Icing   ( 4458): Usage reports 0 indexed 0 rejected 0 imm upload false
D/AndroidRuntime( 8914): >>>>>> START com.android.internal.os.RuntimeInit uid 2000 <<<<<<
D/AndroidRuntime( 8914): CheckJNI is OFF
D/ICU     ( 8914): No timezone override file found: /data/misc/zoneinfo/current/icu/icu_tzdata.dat
I/Radio-JNI( 8914): register_android_hardware_Radio DONE
D/AndroidRuntime( 8914): Calling main entry com.android.commands.settings.SettingsCmd
D/AndroidRuntime( 8914): Shutting down VM
I/Icing   ( 4458): Indexing C2CE3B9D8B360B0C5A25C2BEF223F6CB5449AD6A from com.google.android.googlequicksearchbox
D/AndroidRuntime( 8975): >>>>>> START com.android.internal.os.RuntimeInit uid 2000 <<<<<<
D/AndroidRuntime( 8975): CheckJNI is OFF
D/ICU     ( 8975): No timezone override file found: /data/misc/zoneinfo/current/icu/icu_tzdata.dat
I/Icing   ( 4458): Indexing done C2CE3B9D8B360B0C5A25C2BEF223F6CB5449AD6A
I/Radio-JNI( 8975): register_android_hardware_Radio DONE
D/AndroidRuntime( 8975): Calling main entry com.android.commands.settings.SettingsCmd
D/AndroidRuntime( 8975): Shutting down VM
I/Icing   ( 4458): Indexing AB6E3D00885C5CBD00E6A1959F599F05594069D7 from com.google.android.gms
I/Icing   ( 4458): Indexing done AB6E3D00885C5CBD00E6A1959F599F05594069D7
D/AndroidRuntime( 9001): >>>>>> START com.android.internal.os.RuntimeInit uid 2000 <<<<<<
D/AndroidRuntime( 9001): CheckJNI is OFF
D/ICU     ( 9001): No timezone override file found: /data/misc/zoneinfo/current/icu/icu_tzdata.dat
I/Radio-JNI( 9001): register_android_hardware_Radio DONE
D/AndroidRuntime( 9001): Calling main entry com.android.commands.settings.SettingsCmd
D/AndroidRuntime( 9001): Shutting down VM
D/AndroidRuntime( 9026): >>>>>> START com.android.internal.os.RuntimeInit uid 2000 <<<<<<
D/AndroidRuntime( 9026): CheckJNI is OFF
D/ICU     ( 9026): No timezone override file found: /data/misc/zoneinfo/current/icu/icu_tzdata.dat
I/Radio-JNI( 9026): register_android_hardware_Radio DONE
D/AndroidRuntime( 9026): Calling main entry com.android.commands.settings.SettingsCmd
D/AndroidRuntime( 9026): Shutting down VM
D/AndroidRuntime( 9057): >>>>>> START com.android.internal.os.RuntimeInit uid 2000 <<<<<<
D/AndroidRuntime( 9057): CheckJNI is OFF
D/ICU     ( 9057): No timezone override file found: /data/misc/zoneinfo/current/icu/icu_tzdata.dat
I/Radio-JNI( 9057): register_android_hardware_Radio DONE
D/AndroidRuntime( 9057): Calling main entry com.android.commands.pm.Pm
W/MessageQueue( 9057): Handler (android.os.Handler) {48b3527} sending message to a Handler on a dead thread
W/MessageQueue( 9057): java.lang.IllegalStateException: Handler (android.os.Handler) {48b3527} sending message to a Handler on a dead thread
W/MessageQueue( 9057): 	at android.os.MessageQueue.enqueueMessage(MessageQueue.java:543)
W/MessageQueue( 9057): 	at android.os.Handler.enqueueMessage(Handler.java:643)
W/MessageQueue( 9057): 	at android.os.Handler.sendMessageAtTime(Handler.java:612)
W/MessageQueue( 9057): 	at android.os.Handler.sendMessageDelayed(Handler.java:582)
W/MessageQueue( 9057): 	at android.os.Handler.post(Handler.java:338)
W/MessageQueue( 9057): 	at android.os.ResultReceiver$MyResultReceiver.send(ResultReceiver.java:57)
W/MessageQueue( 9057): 	at com.android.internal.os.IResultReceiver$Stub.onTransact(IResultReceiver.java:58)
W/MessageQueue( 9057): 	at android.os.Binder.execTransact(Binder.java:565)
I/art     ( 9057): System.exit called, status: 0
I/AndroidRuntime( 9057): VM exiting with result code 0.
I/rmt_storage(  395): rmt_storage_connect_cb: clnt_h=0xc conn_h=0x7f2ca2a000
I/rmt_storage(  395): rmt_storage_rw_iovec_cb: /boot/modem_fs2: clnt_h=0xc: req_h=0xc msg_id=3: R/W request received
I/rmt_storage(  395): wakelock acquired: 1, error no: 42
I/rmt_storage(  395): rmt_storage_client_thread: /boot/modem_fs2: clnt_h=0xc Unblock worker thread (th_id: 546206786640)
I/rmt_storage(  395): rmt_storage_client_thread: /boot/modem_fs2: clnt_h=0xc: req_h=0xc msg_id=3: Bytes written = 1572864
I/rmt_storage(  395): rmt_storage_client_thread: /boot/modem_fs2: clnt_h=0xc: req_h=0xc msg_id=3: Send response: res=0 err=0
I/rmt_storage(  395): rmt_storage_client_thread: /boot/modem_fs2: clnt_h=0xc About to block rmt_storage client thread (th_id: 546206786640) wakelock released: 1, error no: 0
I/rmt_storage(  395): 
I/rmt_storage(  395): rmt_storage_disconnect_cb: clnt_h=0xc conn_h=0x7f2ca2a000
D/AndroidRuntime( 9113): >>>>>> START com.android.internal.os.RuntimeInit uid 2000 <<<<<<
D/AndroidRuntime( 9113): CheckJNI is OFF
D/ICU     ( 9113): No timezone override file found: /data/misc/zoneinfo/current/icu/icu_tzdata.dat
I/Radio-JNI( 9113): register_android_hardware_Radio DONE
D/AndroidRuntime( 9113): Calling main entry com.android.commands.pm.Pm
W/MessageQueue( 9113): Handler (android.os.Handler) {bcdc5a1} sending message to a Handler on a dead thread
W/MessageQueue( 9113): java.lang.IllegalStateException: Handler (android.os.Handler) {bcdc5a1} sending message to a Handler on a dead thread
W/MessageQueue( 9113): 	at android.os.MessageQueue.enqueueMessage(MessageQueue.java:543)
W/MessageQueue( 9113): 	at android.os.Handler.enqueueMessage(Handler.java:643)
W/MessageQueue( 9113): 	at android.os.Handler.sendMessageAtTime(Handler.java:612)
W/MessageQueue( 9113): 	at android.os.Handler.sendMessageDelayed(Handler.java:582)
W/MessageQueue( 9113): 	at android.os.Handler.post(Handler.java:338)
W/MessageQueue( 9113): 	at android.os.ResultReceiver$MyResultReceiver.send(ResultReceiver.java:57)
W/MessageQueue( 9113): 	at com.android.internal.os.IResultReceiver$Stub.onTransact(IResultReceiver.java:58)
W/MessageQueue( 9113): 	at android.os.Binder.execTransact(Binder.java:565)
I/art     ( 9113): System.exit called, status: 0
I/AndroidRuntime( 9113): VM exiting with result code 0.
D/AndroidRuntime( 9192): >>>>>> START com.android.internal.os.RuntimeInit uid 2000 <<<<<<
D/AndroidRuntime( 9192): CheckJNI is OFF
D/ICU     ( 9192): No timezone override file found: /data/misc/zoneinfo/current/icu/icu_tzdata.dat
I/Radio-JNI( 9192): register_android_hardware_Radio DONE
D/AndroidRuntime( 9192): Calling main entry com.android.commands.am.Am
W/ActivityManager( 1099): Invalid packageName: com.careerbuilder.SugarDrone.test
D/AndroidRuntime( 9192): Shutting down VM
D/AndroidRuntime( 9223): >>>>>> START com.android.internal.os.RuntimeInit uid 2000 <<<<<<
D/AndroidRuntime( 9223): CheckJNI is OFF
D/ICU     ( 9223): No timezone override file found: /data/misc/zoneinfo/current/icu/icu_tzdata.dat
I/Radio-JNI( 9223): register_android_hardware_Radio DONE
D/AndroidRuntime( 9223): Calling main entry com.android.commands.pm.Pm
I/        (  511): free_cache(609973) avail 10780078080
I/PackageManager.DexOptimizer( 1099): Running dexopt (dex2oat) on: /data/app/vmdl939891417.tmp/base.apk pkg=com.careerbuilder.SugarDrone.test isa=arm64 vmSafeMode=false debuggable=false target-filter=interpret-only oatDir = /data/app/vmdl939891417.tmp/oat sharedLibraries=/system/framework/android.test.runner.jar:/system/framework/com.google.android.maps.jar
I/dex2oat ( 9250): /system/bin/dex2oat --compiler-filter=interpret-only -j4
I/dex2oat ( 9250): dex2oat took 612.415ms (threads: 4) arena alloc=184KB (188728B) java alloc=2MB (2263072B) native alloc=2MB (2694984B) free=2MB (2547896B)
W/PackageManager( 1099): Not granting permission android.permission.ACCESS_MOCK_LOCATION to package com.careerbuilder.SugarDrone.test (protectionLevel=2 flags=0x1800be44)
V/BackupManagerService( 1099): restoreAtInstall pkg=com.careerbuilder.SugarDrone.test token=6 restoreSet=0
V/BackupManagerService( 1099): Finishing install immediately
I/art     ( 1099): Waiting for a blocking GC Explicit
I/art     ( 1099): Starting a blocking GC Explicit
I/art     ( 1099): Explicit concurrent mark sweep GC freed 10264(821KB) AllocSpace objects, 4(128KB) LOS objects, 33% free, 15MB/23MB, paused 1.547ms total 90.587ms
E/        (  511): Couldn't opendir /data/app/vmdl939891417.tmp: No such file or directory
W/ActivityManager( 1099): Permission Denial: Accessing service ComponentInfo{com.google.android.music/com.google.android.music.dial.DialMediaRouteProviderService} from pid=5293, uid=10085 that is not exported from uid 10071
I/InputReader( 1099): Reconfiguring input devices.  changes=0x00000010
I/art     ( 9223): System.exit called, status: 0
I/AndroidRuntime( 9223): VM exiting with result code 0.
D/RegisteredNfcFServicesCache( 4172): Service unchanged, not updating
D/CarrierSvcBindHelper( 3233): No carrier app for: 0
D/CarrierConfigLoader( 3233): mHandler: 9 phoneId: 0
I/Finsky  ( 8814): [1] com.google.android.finsky.utils.PermissionPolicies$PermissionPolicyService.onStartCommand(117): post-install permissions check for com.careerbuilder.SugarDrone.test
W/Finsky  ( 8814): [1] com.google.android.finsky.FinskyApp.i(1468): No account configured on this device.
I/UpdateIcingCorporaServi( 5803): Updating corpora: APPS=com.careerbuilder.SugarDrone.test, CONTACTS=MAYBE
I/Finsky  ( 8814): [1] com.google.android.finsky.utils.bh.run(2302): Package state data is missing for com.careerbuilder.SugarDrone.test
W/Finsky  ( 8814): [1] com.google.android.finsky.FinskyApp.i(1468): No account configured on this device.
I/UpdateIcingCorporaServi( 5803): UpdateCorporaTask done [took 89 ms] updated apps [took 89 ms] 
I/PeopleContactsSync( 4458): triggerPendingContactsCleanup: no accounts
D/Wear_Controller( 4458): Received broadcast action=android.intent.action.PACKAGE_ADDED and uri=com.careerbuilder.SugarDrone.test
W/IcingInternalCorpora( 4458): getNumBytesRead when not calculated.
I/Icing   ( 4458): Usage reports 0 indexed 0 rejected 0 imm upload false
I/Icing   ( 4458): Usage reports 0 indexed 0 rejected 0 imm upload false
V/JNIHelp ( 8869): Registering com/google/android/gms/org/conscrypt/NativeCrypto's 242 native methods...
D/NetworkSecurityConfig( 8869): No Network Security Config specified, using platform default
I/ProviderInstaller( 8869): Installed default security provider GmsCore_OpenSSL
D/AndroidRuntime( 9291): >>>>>> START com.android.internal.os.RuntimeInit uid 2000 <<<<<<
D/AndroidRuntime( 9291): CheckJNI is OFF
D/ICU     ( 9291): No timezone override file found: /data/misc/zoneinfo/current/icu/icu_tzdata.dat
I/Radio-JNI( 9291): register_android_hardware_Radio DONE
D/AndroidRuntime( 9291): Calling main entry com.android.commands.settings.SettingsCmd
D/AndroidRuntime( 9291): Shutting down VM
I/Icing   ( 4458): Indexing AB6E3D00885C5CBD00E6A1959F599F05594069D7 from com.google.android.gms
I/Icing   ( 4458): Indexing done AB6E3D00885C5CBD00E6A1959F599F05594069D7
D/AndroidRuntime( 9326): >>>>>> START com.android.internal.os.RuntimeInit uid 2000 <<<<<<
D/AndroidRuntime( 9326): CheckJNI is OFF
D/ICU     ( 9326): No timezone override file found: /data/misc/zoneinfo/current/icu/icu_tzdata.dat
I/Radio-JNI( 9326): register_android_hardware_Radio DONE
D/AndroidRuntime( 9326): Calling main entry com.android.commands.settings.SettingsCmd
D/AndroidRuntime( 9326): Shutting down VM
D/AndroidRuntime( 9354): >>>>>> START com.android.internal.os.RuntimeInit uid 2000 <<<<<<
D/AndroidRuntime( 9354): CheckJNI is OFF
D/ICU     ( 9354): No timezone override file found: /data/misc/zoneinfo/current/icu/icu_tzdata.dat
I/Radio-JNI( 9354): register_android_hardware_Radio DONE
D/AndroidRuntime( 9354): Calling main entry com.android.commands.settings.SettingsCmd
D/AndroidRuntime( 9354): Shutting down VM
D/AndroidRuntime( 9381): >>>>>> START com.android.internal.os.RuntimeInit uid 2000 <<<<<<
D/AndroidRuntime( 9381): CheckJNI is OFF
D/ICU     ( 9381): No timezone override file found: /data/misc/zoneinfo/current/icu/icu_tzdata.dat
I/Radio-JNI( 9381): register_android_hardware_Radio DONE
D/AndroidRuntime( 9381): Calling main entry com.android.commands.settings.SettingsCmd
D/AndroidRuntime( 9381): Shutting down VM
D/AndroidRuntime( 9405): >>>>>> START com.android.internal.os.RuntimeInit uid 2000 <<<<<<
D/AndroidRuntime( 9405): CheckJNI is OFF
D/ICU     ( 9405): No timezone override file found: /data/misc/zoneinfo/current/icu/icu_tzdata.dat
I/Radio-JNI( 9405): register_android_hardware_Radio DONE
D/AndroidRuntime( 9405): Calling main entry com.android.commands.settings.SettingsCmd
D/AndroidRuntime( 9405): Shutting down VM
D/AndroidRuntime( 9437): >>>>>> START com.android.internal.os.RuntimeInit uid 2000 <<<<<<
D/AndroidRuntime( 9437): CheckJNI is OFF
D/ICU     ( 9437): No timezone override file found: /data/misc/zoneinfo/current/icu/icu_tzdata.dat
I/Radio-JNI( 9437): register_android_hardware_Radio DONE
D/AndroidRuntime( 9437): Calling main entry com.android.commands.pm.Pm
I/art     ( 9437): System.exit called, status: 0
I/AndroidRuntime( 9437): VM exiting with result code 0.
W/MessageQueue( 9437): Handler (android.os.Handler) {1a9803} sending message to a Handler on a dead thread
W/MessageQueue( 9437): java.lang.IllegalStateException: Handler (android.os.Handler) {1a9803} sending message to a Handler on a dead thread
W/MessageQueue( 9437): 	at android.os.MessageQueue.enqueueMessage(MessageQueue.java:543)
W/MessageQueue( 9437): 	at android.os.Handler.enqueueMessage(Handler.java:643)
W/MessageQueue( 9437): 	at android.os.Handler.sendMessageAtTime(Handler.java:612)
W/MessageQueue( 9437): 	at android.os.Handler.sendMessageDelayed(Handler.java:582)
W/MessageQueue( 9437): 	at android.os.Handler.post(Handler.java:338)
W/MessageQueue( 9437): 	at android.os.ResultReceiver$MyResultReceiver.send(ResultReceiver.java:57)
W/MessageQueue( 9437): 	at com.android.internal.os.IResultReceiver$Stub.onTransact(IResultReceiver.java:58)
W/MessageQueue( 9437): 	at android.os.Binder.execTransact(Binder.java:565)
D/AndroidRuntime( 9491): >>>>>> START com.android.internal.os.RuntimeInit uid 2000 <<<<<<
D/AndroidRuntime( 9491): CheckJNI is OFF
D/ICU     ( 9491): No timezone override file found: /data/misc/zoneinfo/current/icu/icu_tzdata.dat
I/Radio-JNI( 9491): register_android_hardware_Radio DONE
D/AndroidRuntime( 9491): Calling main entry com.android.commands.pm.Pm
W/MessageQueue( 9491): Handler (android.os.Handler) {2fe70ba} sending message to a Handler on a dead thread
W/MessageQueue( 9491): java.lang.IllegalStateException: Handler (android.os.Handler) {2fe70ba} sending message to a Handler on a dead thread
W/MessageQueue( 9491): 	at android.os.MessageQueue.enqueueMessage(MessageQueue.java:543)
W/MessageQueue( 9491): 	at android.os.Handler.enqueueMessage(Handler.java:643)
W/MessageQueue( 9491): 	at android.os.Handler.sendMessageAtTime(Handler.java:612)
W/MessageQueue( 9491): 	at android.os.Handler.sendMessageDelayed(Handler.java:582)
W/MessageQueue( 9491): 	at android.os.Handler.post(Handler.java:338)
W/MessageQueue( 9491): 	at android.os.ResultReceiver$MyResultReceiver.send(ResultReceiver.java:57)
W/MessageQueue( 9491): 	at com.android.internal.os.IResultReceiver$Stub.onTransact(IResultReceiver.java:58)
W/MessageQueue( 9491): 	at android.os.Binder.execTransact(Binder.java:565)
I/art     ( 9491): System.exit called, status: 0
I/AndroidRuntime( 9491): VM exiting with result code 0.
I/ActivityManager( 1099): Killing 5624:com.android.printspooler/u0a80 (adj 906): empty #17
D/AndroidRuntime( 9561): >>>>>> START com.android.internal.os.RuntimeInit uid 2000 <<<<<<
D/AndroidRuntime( 9561): CheckJNI is OFF
D/ICU     ( 9561): No timezone override file found: /data/misc/zoneinfo/current/icu/icu_tzdata.dat
I/Radio-JNI( 9561): register_android_hardware_Radio DONE
D/AndroidRuntime( 9561): Calling main entry com.android.commands.input.Input
I/Input   ( 9561): injectKeyEvent: KeyEvent { action=ACTION_DOWN, keyCode=KEYCODE_BACK, scanCode=0, metaState=0, flags=0x0, repeatCount=0, eventTime=260034, downTime=260034, deviceId=-1, source=0x101 }
I/Input   ( 9561): injectKeyEvent: KeyEvent { action=ACTION_UP, keyCode=KEYCODE_BACK, scanCode=0, metaState=0, flags=0x0, repeatCount=0, eventTime=260034, downTime=260034, deviceId=-1, source=0x101 }
D/AndroidRuntime( 9561): Shutting down VM
D/AndroidRuntime( 9623): >>>>>> START com.android.internal.os.RuntimeInit uid 2000 <<<<<<
D/AndroidRuntime( 9623): CheckJNI is OFF
D/ICU     ( 9623): No timezone override file found: /data/misc/zoneinfo/current/icu/icu_tzdata.dat
I/Radio-JNI( 9623): register_android_hardware_Radio DONE
D/AndroidRuntime( 9623): Calling main entry com.android.commands.input.Input
I/Input   ( 9623): injectKeyEvent: KeyEvent { action=ACTION_DOWN, keyCode=KEYCODE_HOME, scanCode=0, metaState=0, flags=0x0, repeatCount=0, eventTime=261917, downTime=261917, deviceId=-1, source=0x101 }
I/Input   ( 9623): injectKeyEvent: KeyEvent { action=ACTION_UP, keyCode=KEYCODE_HOME, scanCode=0, metaState=0, flags=0x0, repeatCount=0, eventTime=261917, downTime=261917, deviceId=-1, source=0x101 }
I/ActivityManager( 1099): START u0 {act=android.intent.action.MAIN cat=[android.intent.category.HOME] flg=0x10200000 cmp=com.google.android.googlequicksearchbox/com.google.android.launcher.GEL (has extras)} from uid 1000 on display 0
D/AndroidRuntime( 9623): Shutting down VM
I/GEL     ( 4215): handleIntent(Intent { act=android.intent.action.MAIN cat=[android.intent.category.HOME] flg=0x10200000 cmp=com.google.android.googlequicksearchbox/com.google.android.launcher.GEL (has extras) })
I/ActivityManager( 1099): Killing 7673:com.google.android.talk:matchstick/u0a66 (adj 906): empty #17
D/AndroidRuntime( 9661): >>>>>> START com.android.internal.os.RuntimeInit uid 2000 <<<<<<
D/AndroidRuntime( 9661): CheckJNI is OFF
D/ICU     ( 9661): No timezone override file found: /data/misc/zoneinfo/current/icu/icu_tzdata.dat
I/Radio-JNI( 9661): register_android_hardware_Radio DONE
D/AndroidRuntime( 9661): Calling main entry com.android.commands.input.Input
I/Input   ( 9661): injectKeyEvent: KeyEvent { action=ACTION_DOWN, keyCode=KEYCODE_BACK, scanCode=0, metaState=0, flags=0x0, repeatCount=0, eventTime=263345, downTime=263345, deviceId=-1, source=0x101 }
I/Input   ( 9661): injectKeyEvent: KeyEvent { action=ACTION_UP, keyCode=KEYCODE_BACK, scanCode=0, metaState=0, flags=0x0, repeatCount=0, eventTime=263345, downTime=263345, deviceId=-1, source=0x101 }
D/AndroidRuntime( 9661): Shutting down VM
D/AndroidRuntime( 9693): >>>>>> START com.android.internal.os.RuntimeInit uid 2000 <<<<<<
D/AndroidRuntime( 9693): CheckJNI is OFF
D/ICU     ( 9693): No timezone override file found: /data/misc/zoneinfo/current/icu/icu_tzdata.dat
I/Radio-JNI( 9693): register_android_hardware_Radio DONE
D/AndroidRuntime( 9693): Calling main entry com.android.commands.am.Am
I/ActivityManager( 1099): Force stopping com.careerbuilder.SugarDrone appid=18981 user=0: start instr
I/ActivityManager( 1099): Start proc 9721:com.careerbuilder.SugarDrone/u0a8981 for added application com.careerbuilder.SugarDrone
I/art     ( 9721): Late-enabling -Xcheck:jni
W/System  ( 9721): ClassLoader referenced unknown path: /data/app/com.careerbuilder.SugarDrone.test-1/lib/arm64
W/System  ( 9721): ClassLoader referenced unknown path: 
W/monodroid( 9721): Using override path: /data/user/0/com.careerbuilder.SugarDrone/files/.__override__
W/monodroid( 9721): Trying to load sgen from: /data/user/0/com.careerbuilder.SugarDrone/files/.__override__/libmonosgen-2.0.so
W/monodroid( 9721): Trying to load sgen from: /storage/emulated/0/Android/data/com.careerbuilder.SugarDrone/files/.__override__/libmonosgen-2.0.so
W/monodroid( 9721): Trying to load sgen from: /data/app/com.careerbuilder.SugarDrone-1/lib/arm/libmonosgen-2.0.so
D/Mono    ( 9721): Image addref mscorlib[0xe623eba0] -> mscorlib.dll[0xe52f6900]: 2
D/Mono    ( 9721): Prepared to set up assembly 'mscorlib' (mscorlib.dll)
D/Mono    ( 9721): AOT module 'mscorlib.dll.so' not found: dlopen failed: library "/data/app/com.careerbuilder.SugarDrone-1/lib/arm/libaot-mscorlib.dll.so" not found
D/Mono    ( 9721): AOT module '/Users/builder/data/lanes/4009/3a62f1ea/source/monodroid/builds/install/mono-armv6/lib/mono/aot-cache/arm/mscorlib.dll.so' not found: dlopen failed: library "/data/app/com.careerbuilder.SugarDrone-1/lib/arm/libaot-mscorlib.dll.so" not found
D/Mono    ( 9721): Config attempting to parse: 'mscorlib.dll.config'.
D/Mono    ( 9721): Config attempting to parse: '/Users/builder/data/lanes/4009/3a62f1ea/source/monodroid/builds/install/mono-armv6/etc/mono/assemblies/mscorlib/mscorlib.config'.
D/Mono    ( 9721): Assembly mscorlib[0xe623eba0] added to domain RootDomain, ref_count=1
D/Mono    ( 9721): Image addref CareerBuilder_Search.Droid[0xe623ee40] -> CareerBuilder_Search.Droid.dll[0xe52f7800]: 2
D/Mono    ( 9721): Prepared to set up assembly 'CareerBuilder_Search.Droid' (CareerBuilder_Search.Droid.dll)
D/Mono    ( 9721): Assembly CareerBuilder_Search.Droid[0xe623ee40] added to domain RootDomain, ref_count=1
D/Mono    ( 9721): AOT module 'CareerBuilder_Search.Droid.dll.so' not found: dlopen failed: library "/data/app/com.careerbuilder.SugarDrone-1/lib/arm/libaot-CareerBuilder_Search.Droid.dll.so" not found
D/Mono    ( 9721): AOT module '/Users/builder/data/lanes/4009/3a62f1ea/source/monodroid/builds/install/mono-armv6/lib/mono/aot-cache/arm/CareerBuilder_Search.Droid.dll.so' not found: dlopen failed: library "/data/app/com.careerbuilder.SugarDrone-1/lib/arm/libaot-CareerBuilder_Search.Droid.dll.so" not found
D/Mono    ( 9721): Config attempting to parse: 'CareerBuilder_Search.Droid.dll.config'.
D/Mono    ( 9721): Config attempting to parse: '/Users/builder/data/lanes/4009/3a62f1ea/source/monodroid/builds/install/mono-armv6/etc/mono/assemblies/CareerBuilder_Search.Droid/CareerBuilder_Search.Droid.config'.
D/Mono    ( 9721): Image addref AppsFlyerXamarinBindingAndroid[0xe623f080] -> AppsFlyerXamarinBindingAndroid.dll[0xe52f7d00]: 2
D/Mono    ( 9721): Prepared to set up assembly 'AppsFlyerXamarinBindingAndroid' (AppsFlyerXamarinBindingAndroid.dll)
D/Mono    ( 9721): Assembly AppsFlyerXamarinBindingAndroid[0xe623f080] added to domain RootDomain, ref_count=1
D/Mono    ( 9721): AOT module 'AppsFlyerXamarinBindingAndroid.dll.so' not found: dlopen failed: library "/data/app/com.careerbuilder.SugarDrone-1/lib/arm/libaot-AppsFlyerXamarinBindingAndroid.dll.so" not found
D/Mono    ( 9721): AOT module '/Users/builder/data/lanes/4009/3a62f1ea/source/monodroid/builds/install/mono-armv6/lib/mono/aot-cache/arm/AppsFlyerXamarinBindingAndroid.dll.so' not found: dlopen failed: library "/data/app/com.careerbuilder.SugarDrone-1/lib/arm/libaot-AppsFlyerXamarinBindingAndroid.dll.so" not found
D/Mono    ( 9721): Config attempting to parse: 'AppsFlyerXamarinBindingAndroid.dll.config'.
D/Mono    ( 9721): Config attempting to parse: '/Users/builder/data/lanes/4009/3a62f1ea/source/monodroid/builds/install/mono-armv6/etc/mono/assemblies/AppsFlyerXamarinBindingAndroid/AppsFlyerXamarinBindingAndroid.config'.
D/Mono    ( 9721): Image addref HockeySDK[0xe623f320] -> HockeySDK.dll[0xe52f8200]: 2
D/Mono    ( 9721): Prepared to set up assembly 'HockeySDK' (HockeySDK.dll)
D/Mono    ( 9721): Assembly HockeySDK[0xe623f320] added to domain RootDomain, ref_count=1
D/Mono    ( 9721): AOT module 'HockeySDK.dll.so' not found: dlopen failed: library "/data/app/com.careerbuilder.SugarDrone-1/lib/arm/libaot-HockeySDK.dll.so" not found
D/Mono    ( 9721): AOT module '/Users/builder/data/lanes/4009/3a62f1ea/source/monodroid/builds/install/mono-armv6/lib/mono/aot-cache/arm/HockeySDK.dll.so' not found: dlopen failed: library "/data/app/com.careerbuilder.SugarDrone-1/lib/arm/libaot-HockeySDK.dll.so" not found
D/Mono    ( 9721): Config attempting to parse: 'HockeySDK.dll.config'.
D/Mono    ( 9721): Config attempting to parse: '/Users/builder/data/lanes/4009/3a62f1ea/source/monodroid/builds/install/mono-armv6/etc/mono/assemblies/HockeySDK/HockeySDK.config'.
D/Mono    ( 9721): Image addref Akavache[0xe623f380] -> Akavache.dll[0xe52f8700]: 2
D/Mono    ( 9721): Prepared to set up assembly 'Akavache' (Akavache.dll)
D/Mono    ( 9721): Assembly Akavache[0xe623f380] added to domain RootDomain, ref_count=1
D/Mono    ( 9721): AOT module 'Akavache.dll.so' not found: dlopen failed: library "/data/app/com.careerbuilder.SugarDrone-1/lib/arm/libaot-Akavache.dll.so" not found
D/Mono    ( 9721): AOT module '/Users/builder/data/lanes/4009/3a62f1ea/source/monodroid/builds/install/mono-armv6/lib/mono/aot-cache/arm/Akavache.dll.so' not found: dlopen failed: library "/data/app/com.careerbuilder.SugarDrone-1/lib/arm/libaot-Akavache.dll.so" not found
D/Mono    ( 9721): Config attempting to parse: 'Akavache.dll.config'.
D/Mono    ( 9721): Config attempting to parse: '/Users/builder/data/lanes/4009/3a62f1ea/source/monodroid/builds/install/mono-armv6/etc/mono/assemblies/Akavache/Akavache.config'.
D/Mono    ( 9721): Image addref Akavache.Sqlite3[0xe623f3e0] -> Akavache.Sqlite3.dll[0xe52f8c00]: 2
D/Mono    ( 9721): Prepared to set up assembly 'Akavache.Sqlite3' (Akavache.Sqlite3.dll)
D/Mono    ( 9721): Assembly Akavache.Sqlite3[0xe623f3e0] added to domain RootDomain, ref_count=1
D/Mono    ( 9721): AOT module 'Akavache.Sqlite3.dll.so' not found: dlopen failed: library "/data/app/com.careerbuilder.SugarDrone-1/lib/arm/libaot-Akavache.Sqlite3.dll.so" not found
D/Mono    ( 9721): AOT module '/Users/builder/data/lanes/4009/3a62f1ea/source/monodroid/builds/install/mono-armv6/lib/mono/aot-cache/arm/Akavache.Sqlite3.dll.so' not found: dlopen failed: library "/data/app/com.careerbuilder.SugarDrone-1/lib/arm/libaot-Akavache.Sqlite3.dll.so" not found
W/        ( 9721): Symbol file LoadedFromMemory doesn't match image Akavache.Sqlite3.dll
D/Mono    ( 9721): Config attempting to parse: 'Akavache.Sqlite3.dll.config'.
D/Mono    ( 9721): Config attempting to parse: '/Users/builder/data/lanes/4009/3a62f1ea/source/monodroid/builds/install/mono-armv6/etc/mono/assemblies/Akavache.Sqlite3/Akavache.Sqlite3.config'.
D/Mono    ( 9721): Image addref Splat[0xe623f440] -> Splat.dll[0xe52f9100]: 2
D/Mono    ( 9721): Prepared to set up assembly 'Splat' (Splat.dll)
D/Mono    ( 9721): Assembly Splat[0xe623f440] added to domain RootDomain, ref_count=1
D/Mono    ( 9721): AOT module 'Splat.dll.so' not found: dlopen failed: library "/data/app/com.careerbuilder.SugarDrone-1/lib/arm/libaot-Splat.dll.so" not found
D/Mono    ( 9721): AOT module '/Users/builder/data/lanes/4009/3a62f1ea/source/monodroid/builds/install/mono-armv6/lib/mono/aot-cache/arm/Splat.dll.so' not found: dlopen failed: library "/data/app/com.careerbuilder.SugarDrone-1/lib/arm/libaot-Splat.dll.so" not found
D/Mono    ( 9721): Config attempting to parse: 'Splat.dll.config'.
D/Mono    ( 9721): Config attempting to parse: '/Users/builder/data/lanes/4009/3a62f1ea/source/monodroid/builds/install/mono-armv6/etc/mono/assemblies/Splat/Splat.config'.
D/Mono    ( 9721): Image addref Microsoft.Practices.ServiceLocation[0xe623f4a0] -> Microsoft.Practices.ServiceLocation.dll[0xe52f9600]: 2
D/Mono    ( 9721): Prepared to set up assembly 'Microsoft.Practices.ServiceLocation' (Microsoft.Practices.ServiceLocation.dll)
D/Mono    ( 9721): Assembly Microsoft.Practices.ServiceLocation[0xe623f4a0] added to domain RootDomain, ref_count=1
D/Mono    ( 9721): AOT module 'Microsoft.Practices.ServiceLocation.dll.so' not found: dlopen failed: library "/data/app/com.careerbuilder.SugarDrone-1/lib/arm/libaot-Microsoft.Practices.ServiceLocation.dll.so" not found
D/Mono    ( 9721): AOT module '/Users/builder/data/lanes/4009/3a62f1ea/source/monodroid/builds/install/mono-armv6/lib/mono/aot-cache/arm/Microsoft.Practices.ServiceLocation.dll.so' not found: dlopen failed: library "/data/app/com.careerbuilder.SugarDrone-1/lib/arm/libaot-Microsoft.Practices.ServiceLocation.dll.so" not found
D/Mono    ( 9721): Config attempting to parse: 'Microsoft.Practices.ServiceLocation.dll.config'.
D/Mono    ( 9721): Config attempting to parse: '/Users/builder/data/lanes/4009/3a62f1ea/source/monodroid/builds/install/mono-armv6/etc/mono/assemblies/Microsoft.Practices.ServiceLocation/Microsoft.Practices.ServiceLocation.config'.
D/Mono    ( 9721): Image addref Microsoft.Practices.Unity[0xe623f500] -> Microsoft.Practices.Unity.dll[0xe52f9b00]: 2
D/Mono    ( 9721): Prepared to set up assembly 'Microsoft.Practices.Unity' (Microsoft.Practices.Unity.dll)
D/Mono    ( 9721): Assembly Microsoft.Practices.Unity[0xe623f500] added to domain RootDomain, ref_count=1
D/Mono    ( 9721): AOT module 'Microsoft.Practices.Unity.dll.so' not found: dlopen failed: library "/data/app/com.careerbuilder.SugarDrone-1/lib/arm/libaot-Microsoft.Practices.Unity.dll.so" not found
D/Mono    ( 9721): AOT module '/Users/builder/data/lanes/4009/3a62f1ea/source/monodroid/builds/install/mono-armv6/lib/mono/aot-cache/arm/Microsoft.Practices.Unity.dll.so' not found: dlopen failed: library "/data/app/com.careerbuilder.SugarDrone-1/lib/arm/libaot-Microsoft.Practices.Unity.dll.so" not found
D/Mono    ( 9721): Config attempting to parse: 'Microsoft.Practices.Unity.dll.config'.
D/Mono    ( 9721): Config attempting to parse: '/Users/builder/data/lanes/4009/3a62f1ea/source/monodroid/builds/install/mono-armv6/etc/mono/assemblies/Microsoft.Practices.Unity/Microsoft.Practices.Unity.config'.
D/Mono    ( 9721): Image addref Plugin.CurrentActivity[0xe623f560] -> Plugin.CurrentActivity.dll[0xe2b38000]: 2
D/Mono    ( 9721): Prepared to set up assembly 'Plugin.CurrentActivity' (Plugin.CurrentActivity.dll)
D/Mono    ( 9721): Assembly Plugin.CurrentActivity[0xe623f560] added to domain RootDomain, ref_count=1
D/Mono    ( 9721): AOT module 'Plugin.CurrentActivity.dll.so' not found: dlopen failed: library "/data/app/com.careerbuilder.SugarDrone-1/lib/arm/libaot-Plugin.CurrentActivity.dll.so" not found
D/Mono    ( 9721): AOT module '/Users/builder/data/lanes/4009/3a62f1ea/source/monodroid/builds/install/mono-armv6/lib/mono/aot-cache/arm/Plugin.CurrentActivity.dll.so' not found: dlopen failed: library "/data/app/com.careerbuilder.SugarDrone-1/lib/arm/libaot-Plugin.CurrentActivity.dll.so" not found
D/Mono    ( 9721): Config attempting to parse: 'Plugin.CurrentActivity.dll.config'.
D/Mono    ( 9721): Config attempting to parse: '/Users/builder/data/lanes/4009/3a62f1ea/source/monodroid/builds/install/mono-armv6/etc/mono/assemblies/Plugin.CurrentActivity/Plugin.CurrentActivity.config'.
D/Mono    ( 9721): Image addref Plugin.Permissions[0xe623f5c0] -> Plugin.Permissions.dll[0xe2b38500]: 2
D/Mono    ( 9721): Prepared to set up assembly 'Plugin.Permissions' (Plugin.Permissions.dll)
D/Mono    ( 9721): Assembly Plugin.Permissions[0xe623f5c0] added to domain RootDomain, ref_count=1
D/Mono    ( 9721): AOT module 'Plugin.Permissions.dll.so' not found: dlopen failed: library "/data/app/com.careerbuilder.SugarDrone-1/lib/arm/libaot-Plugin.Permissions.dll.so" not found
D/Mono    ( 9721): AOT module '/Users/builder/data/lanes/4009/3a62f1ea/source/monodroid/builds/install/mono-armv6/lib/mono/aot-cache/arm/Plugin.Permissions.dll.so' not found: dlopen failed: library "/data/app/com.careerbuilder.SugarDrone-1/lib/arm/libaot-Plugin.Permissions.dll.so" not found
D/Mono    ( 9721): Config attempting to parse: 'Plugin.Permissions.dll.config'.
D/Mono    ( 9721): Config attempting to parse: '/Users/builder/data/lanes/4009/3a62f1ea/source/monodroid/builds/install/mono-armv6/etc/mono/assemblies/Plugin.Permissions/Plugin.Permissions.config'.
D/Mono    ( 9721): Image addref Plugin.Permissions.Abstractions[0xe623f620] -> Plugin.Permissions.Abstractions.dll[0xe2b38a00]: 2
D/Mono    ( 9721): Prepared to set up assembly 'Plugin.Permissions.Abstractions' (Plugin.Permissions.Abstractions.dll)
D/Mono    ( 9721): Assembly Plugin.Permissions.Abstractions[0xe623f620] added to domain RootDomain, ref_count=1
D/Mono    ( 9721): AOT module 'Plugin.Permissions.Abstractions.dll.so' not found: dlopen failed: library "/data/app/com.careerbuilder.SugarDrone-1/lib/arm/libaot-Plugin.Permissions.Abstractions.dll.so" not found
D/Mono    ( 9721): AOT module '/Users/builder/data/lanes/4009/3a62f1ea/source/monodroid/builds/install/mono-armv6/lib/mono/aot-cache/arm/Plugin.Permissions.Abstractions.dll.so' not found: dlopen failed: library "/data/app/com.careerbuilder.SugarDrone-1/lib/arm/libaot-Plugin.Permissions.Abstractions.dll.so" not found
D/Mono    ( 9721): Config attempting to parse: 'Plugin.Permissions.Abstractions.dll.config'.
D/Mono    ( 9721): Config attempting to parse: '/Users/builder/data/lanes/4009/3a62f1ea/source/monodroid/builds/install/mono-armv6/etc/mono/assemblies/Plugin.Permissions.Abstractions/Plugin.Permissions.Abstractions.config'.
D/Mono    ( 9721): Image addref Plugin.Geolocator[0xe623f680] -> Plugin.Geolocator.dll[0xe2b38f00]: 2
D/Mono    ( 9721): Prepared to set up assembly 'Plugin.Geolocator' (Plugin.Geolocator.dll)
D/Mono    ( 9721): Assembly Plugin.Geolocator[0xe623f680] added to domain RootDomain, ref_count=1
D/Mono    ( 9721): AOT module 'Plugin.Geolocator.dll.so' not found: dlopen failed: library "/data/app/com.careerbuilder.SugarDrone-1/lib/arm/libaot-Plugin.Geolocator.dll.so" not found
D/Mono    ( 9721): AOT module '/Users/builder/data/lanes/4009/3a62f1ea/source/monodroid/builds/install/mono-armv6/lib/mono/aot-cache/arm/Plugin.Geolocator.dll.so' not found: dlopen failed: library "/data/app/com.careerbuilder.SugarDrone-1/lib/arm/libaot-Plugin.Geolocator.dll.so" not found
D/Mono    ( 9721): Config attempting to parse: 'Plugin.Geolocator.dll.config'.
D/Mono    ( 9721): Config attempting to parse: '/Users/builder/data/lanes/4009/3a62f1ea/source/monodroid/builds/install/mono-armv6/etc/mono/assemblies/Plugin.Geolocator/Plugin.Geolocator.config'.
W/Finsky  ( 8814): [382] com.google.android.finsky.FinskyApp.i(1468): No account configured on this device.
D/Mono    ( 9721): Image addref Plugin.Geolocator.Abstractions[0xe623f6e0] -> Plugin.Geolocator.Abstractions.dll[0xe2b39400]: 2
D/Mono    ( 9721): Prepared to set up assembly 'Plugin.Geolocator.Abstractions' (Plugin.Geolocator.Abstractions.dll)
D/Mono    ( 9721): Assembly Plugin.Geolocator.Abstractions[0xe623f6e0] added to domain RootDomain, ref_count=1
D/Mono    ( 9721): AOT module 'Plugin.Geolocator.Abstractions.dll.so' not found: dlopen failed: library "/data/app/com.careerbuilder.SugarDrone-1/lib/arm/libaot-Plugin.Geolocator.Abstractions.dll.so" not found
D/Mono    ( 9721): AOT module '/Users/builder/data/lanes/4009/3a62f1ea/source/monodroid/builds/install/mono-armv6/lib/mono/aot-cache/arm/Plugin.Geolocator.Abstractions.dll.so' not found: dlopen failed: library "/data/app/com.careerbuilder.SugarDrone-1/lib/arm/libaot-Plugin.Geolocator.Abstractions.dll.so" not found
D/Mono    ( 9721): Config attempting to parse: 'Plugin.Geolocator.Abstractions.dll.config'.
D/Mono    ( 9721): Config attempting to parse: '/Users/builder/data/lanes/4009/3a62f1ea/source/monodroid/builds/install/mono-armv6/etc/mono/assemblies/Plugin.Geolocator.Abstractions/Plugin.Geolocator.Abstractions.config'.
D/Mono    ( 9721): Image addref Plugin.DeviceInfo[0xe623f740] -> Plugin.DeviceInfo.dll[0xe2b39900]: 2
D/Mono    ( 9721): Prepared to set up assembly 'Plugin.DeviceInfo' (Plugin.DeviceInfo.dll)
D/Mono    ( 9721): Assembly Plugin.DeviceInfo[0xe623f740] added to domain RootDomain, ref_count=1
D/Mono    ( 9721): AOT module 'Plugin.DeviceInfo.dll.so' not found: dlopen failed: library "/data/app/com.careerbuilder.SugarDrone-1/lib/arm/libaot-Plugin.DeviceInfo.dll.so" not found
D/Mono    ( 9721): AOT module '/Users/builder/data/lanes/4009/3a62f1ea/source/monodroid/builds/install/mono-armv6/lib/mono/aot-cache/arm/Plugin.DeviceInfo.dll.so' not found: dlopen failed: library "/data/app/com.careerbuilder.SugarDrone-1/lib/arm/libaot-Plugin.DeviceInfo.dll.so" not found
I/Finsky  ( 8814): [382] com.google.android.finsky.c.e.run(1151): Replicating app states via AMAS.
D/Mono    ( 9721): Config attempting to parse: 'Plugin.DeviceInfo.dll.config'.
D/Mono    ( 9721): Config attempting to parse: '/Users/builder/data/lanes/4009/3a62f1ea/source/monodroid/builds/install/mono-armv6/etc/mono/assemblies/Plugin.DeviceInfo/Plugin.DeviceInfo.config'.
D/Mono    ( 9721): Image addref Plugin.DeviceInfo.Abstractions[0xe623f7a0] -> Plugin.DeviceInfo.Abstractions.dll[0xe2b39e00]: 2
D/Mono    ( 9721): Prepared to set up assembly 'Plugin.DeviceInfo.Abstractions' (Plugin.DeviceInfo.Abstractions.dll)
D/Mono    ( 9721): Assembly Plugin.DeviceInfo.Abstractions[0xe623f7a0] added to domain RootDomain, ref_count=1
D/Mono    ( 9721): AOT module 'Plugin.DeviceInfo.Abstractions.dll.so' not found: dlopen failed: library "/data/app/com.careerbuilder.SugarDrone-1/lib/arm/libaot-Plugin.DeviceInfo.Abstractions.dll.so" not found
D/Mono    ( 9721): AOT module '/Users/builder/data/lanes/4009/3a62f1ea/source/monodroid/builds/install/mono-armv6/lib/mono/aot-cache/arm/Plugin.DeviceInfo.Abstractions.dll.so' not found: dlopen failed: library "/data/app/com.careerbuilder.SugarDrone-1/lib/arm/libaot-Plugin.DeviceInfo.Abstractions.dll.so" not found
D/Mono    ( 9721): Config attempting to parse: 'Plugin.DeviceInfo.Abstractions.dll.config'.
D/Mono    ( 9721): Config attempting to parse: '/Users/builder/data/lanes/4009/3a62f1ea/source/monodroid/builds/install/mono-armv6/etc/mono/assemblies/Plugin.DeviceInfo.Abstractions/Plugin.DeviceInfo.Abstractions.config'.
D/Mono    ( 9721): Image addref Xamarin.GooglePlayServices.Analytics[0xe623f800] -> Xamarin.GooglePlayServices.Analytics.dll[0xe2b3a300]: 2
D/Mono    ( 9721): Prepared to set up assembly 'Xamarin.GooglePlayServices.Analytics' (Xamarin.GooglePlayServices.Analytics.dll)
D/Mono    ( 9721): Assembly Xamarin.GooglePlayServices.Analytics[0xe623f800] added to domain RootDomain, ref_count=1
D/Mono    ( 9721): AOT module 'Xamarin.GooglePlayServices.Analytics.dll.so' not found: dlopen failed: library "/data/app/com.careerbuilder.SugarDrone-1/lib/arm/libaot-Xamarin.GooglePlayServices.Analytics.dll.so" not found
