I/ActivityManager(  925): Displayed com.careerbuilder.SugarDrone/md537fd6201b6818e2e180d2f7606e21a83.ValuePropActivity: +577ms
I/Keyboard.Facilitator( 3411): onFinishInput()
D/Mono    ( 9893): Assembly Ref addref System.Net.Http[0xef66af40] -> System.Core[0xef66a700]: 14
D/Mono    ( 9893): DllImport searching in: '__Internal' ('(null)').
D/Mono    ( 9893): Searching for 'java_interop_jnienv_call_nonvirtual_int_method_a'.
D/Mono    ( 9893): Probing 'java_interop_jnienv_call_nonvirtual_int_method_a'.
D/Mono    ( 9893): Found as 'java_interop_jnienv_call_nonvirtual_int_method_a'.
D/Mono    ( 9893): Assembly Ref addref Mono.Android[0xef66a100] -> System[0xef66a3a0]: 12
D/Mono    ( 9893): DllImport searching in: '__Internal' ('(null)').
D/Mono    ( 9893): Searching for 'java_interop_jnienv_new_object_array'.
D/Mono    ( 9893): Probing 'java_interop_jnienv_new_object_array'.
D/Mono    ( 9893): Found as 'java_interop_jnienv_new_object_array'.
D/Mono    ( 9893): DllImport searching in: '__Internal' ('(null)').
D/Mono    ( 9893): Searching for 'java_interop_jnienv_set_object_array_element'.
D/Mono    ( 9893): Probing 'java_interop_jnienv_set_object_array_element'.
D/Mono    ( 9893): Found as 'java_interop_jnienv_set_object_array_element'.
W/SurfaceFlinger(  382): couldn't log to binary event log: overflow.
I/System.out( 9893): URI: /backdoor
I/System.out( 9893): params: {json={"method_name":"OpenResumeConfirmationBackdoor","arguments":["pdf"]}
I/System.out( 9893): }
D/Mono    ( 9893): Unloading image System.IO.dll [0xd9626500].
D/Mono    ( 9893): Image addref System.IO[0xd74faf00] -> System.IO.dll[0xda11cf00]: 6
D/Mono    ( 9893): Config attempting to parse: 'System.IO.dll.config'.
D/Mono    ( 9893): Config attempting to parse: '/Users/builder/data/lanes/4009/f3074d2c/source/monodroid/builds/install/mono-armv6/etc/mono/assemblies/System.IO/System.IO.config'.
D/Mono    ( 9893): Assembly Ref addref CareerBuilder_Search[0xef66a0a0] -> System.IO[0xdababd80]: 4
D/Mono    ( 9893): DllImport searching in: '__Internal' ('(null)').
D/Mono    ( 9893): Searching for 'java_interop_jnienv_call_boolean_method'.
D/Mono    ( 9893): Probing 'java_interop_jnienv_call_boolean_method'.
D/Mono    ( 9893): Found as 'java_interop_jnienv_call_boolean_method'.
I/System.out( 9893): URI: /
I/System.out( 9893): params: {json={"command":"press_key","arguments":["KEYCODE_BACK"]}
I/System.out( 9893): }
I/System.out( 9893): header: {content-length=52, host=devicehost26.prod, x-session-token=token-token-3d4dedb8-54f4-4630-ba88-6d8c22be9142, x-forwarded-for=10.222.150.36, content-type=application/json; charset=utf-8, connection=close}
I/System.out( 9893): params: {json={"command":"press_key","arguments":["KEYCODE_BACK"]}
I/System.out( 9893): }
I/System.out( 9893): ProP json = {"command":"press_key","arguments":["KEYCODE_BACK"]}
I/System.out( 9893): files: {}
I/System.out( 9893): command: {"command":"press_key","arguments":["KEYCODE_BACK"]}
I/InstrumentationBackend( 9893): Got command:'Command:'Line:null,press_key', arguments:'[KEYCODE_BACK]'
D/Mono    ( 9893): DllImport searching in: '__Internal' ('(null)').
D/Mono    ( 9893): Searching for 'java_interop_jnienv_call_nonvirtual_void_method'.
D/Mono    ( 9893): Probing 'java_interop_jnienv_call_nonvirtual_void_method'.
D/Mono    ( 9893): Found as 'java_interop_jnienv_call_nonvirtual_void_method'.
D/EmojiAltPhysicalKeyDetector( 3411): onKeyUp() : KeyEvent { action=ACTION_UP, keyCode=KEYCODE_BACK, scanCode=0, metaState=0, flags=0x28, repeatCount=0, eventTime=652110, downTime=652104, deviceId=-1, source=0x101 }
D/EmojiAltPhysicalKeyDetector( 3411): onKeyUp() : Disabled
D/Mono    ( 9893): Unloading image System.Linq.dll [0xd6306b00].
D/Mono    ( 9893): Image addref System.Linq[0xd9b750c0] -> System.Linq.dll[0xdc4aae00]: 9
D/Mono    ( 9893): Config attempting to parse: 'System.Linq.dll.config'.
D/Mono    ( 9893): Config attempting to parse: '/Users/builder/data/lanes/4009/f3074d2c/source/monodroid/builds/install/mono-armv6/etc/mono/assemblies/System.Linq/System.Linq.config'.
D/Mono    ( 9893): Assembly Ref addref CareerBuilder_Search[0xef66a0a0] -> System.Linq[0xef66a580]: 7
W/ViewRootImpl( 9893): Cancelling event due to no window focus: KeyEvent { action=ACTION_UP, keyCode=KEYCODE_BACK, scanCode=0, metaState=0, flags=0x28, repeatCount=0, eventTime=652139, downTime=652139, deviceId=-1, source=0x101 }
W/ViewRootImpl( 9893): Cancelling event due to no window focus: KeyEvent { action=ACTION_UP, keyCode=KEYCODE_BACK, scanCode=0, metaState=0, flags=0x28, repeatCount=0, eventTime=652139, downTime=652139, deviceId=-1, source=0x101 }
W/ViewRootImpl( 9893): Cancelling event due to no window focus: KeyEvent { action=ACTION_UP, keyCode=KEYCODE_BACK, scanCode=0, metaState=0, flags=0x28, repeatCount=0, eventTime=652139, downTime=652139, deviceId=-1, source=0x101 }
W/ViewRootImpl( 9893): Cancelling event due to no window focus: KeyEvent { action=ACTION_UP, keyCode=KEYCODE_BACK, scanCode=0, metaState=0, flags=0x28, repeatCount=0, eventTime=652139, downTime=652139, deviceId=-1, source=0x101 }
W/ViewRootImpl( 9893): Cancelling event due to no window focus: KeyEvent { action=ACTION_UP, keyCode=KEYCODE_BACK, scanCode=0, metaState=0, flags=0x28, repeatCount=0, eventTime=652139, downTime=652139, deviceId=-1, source=0x101 }
W/ViewRootImpl( 9893): Cancelling event due to no window focus: KeyEvent { action=ACTION_UP, keyCode=KEYCODE_BACK, scanCode=0, metaState=0, flags=0x28, repeatCount=0, eventTime=652139, downTime=652139, deviceId=-1, source=0x101 }
W/ViewRootImpl( 9893): Cancelling event due to no window focus: KeyEvent { action=ACTION_UP, keyCode=KEYCODE_BACK, scanCode=0, metaState=0, flags=0x28, repeatCount=0, eventTime=652139, downTime=652139, deviceId=-1, source=0x101 }
W/ViewRootImpl( 9893): Cancelling event due to no window focus: KeyEvent { action=ACTION_UP, keyCode=KEYCODE_BACK, scanCode=0, metaState=0, flags=0x28, repeatCount=0, eventTime=652139, downTime=652139, deviceId=-1, source=0x101 }
W/ViewRootImpl( 9893): Cancelling event due to no window focus: KeyEvent { action=ACTION_UP, keyCode=KEYCODE_BACK, scanCode=0, metaState=0, flags=0x28, repeatCount=0, eventTime=652139, downTime=652139, deviceId=-1, source=0x101 }
I/Keyboard.Facilitator( 3411): onFinishInput()
I/System.out( 9893): result:{"bonusInformation":[],"message":"","success":true}
D/Mono    ( 9893): [0xd8eb9930] worker starting
I/art     ( 9893): Starting a blocking GC Explicit
I/art     ( 9893): Explicit concurrent mark sweep GC freed 39848(1948KB) AllocSpace objects, 8(160KB) LOS objects, 33% free, 31MB/47MB, paused 645us total 26.716ms
I/art     ( 9893): Starting a blocking GC Explicit
I/art     ( 9893): Explicit concurrent mark sweep GC freed 453(20KB) AllocSpace objects, 0(0B) LOS objects, 33% free, 31MB/47MB, paused 350us total 12.874ms
I/art     ( 9893): Starting a blocking GC Explicit
I/art     ( 9893): Explicit concurrent mark sweep GC freed 17(1408B) AllocSpace objects, 0(0B) LOS objects, 33% free, 31MB/47MB, paused 463us total 13.346ms
I/art     ( 9893): Starting a blocking GC Explicit
I/art     ( 9893): Explicit concurrent mark sweep GC freed 3(96B) AllocSpace objects, 0(0B) LOS objects, 33% free, 31MB/47MB, paused 386us total 13.299ms
I/System.out( 9893): URI: /backdoor
I/System.out( 9893): params: {json={"method_name":"OpenResumeConfirmationBackdoor","arguments":["doc"]}
I/System.out( 9893): }
I/art     ( 9893): Starting a blocking GC Explicit
I/art     ( 9893): Explicit concurrent mark sweep GC freed 5543(204KB) AllocSpace objects, 1(20KB) LOS objects, 33% free, 31MB/47MB, paused 492us total 14.798ms
I/Keyboard.Facilitator( 3411): onFinishInput()
I/System.out( 9893): URI: /map
I/System.out( 9893): params: {json={"query":"* marked:'SAVE'","operation":{"method_name":"query","arguments":[]}}
I/System.out( 9893): }
W/ResourceType( 9893): No known package when getting name for resource number 0xffffffff
W/ResourceType( 9893): No known package when getting name for resource number 0xffffffff
W/ResourceType( 9893): No known package when getting name for resource number 0xffffffff
W/ResourceType( 9893): No known package when getting name for resource number 0xffffffff
W/ResourceType( 9893): No known package when getting name for resource number 0xffffffff
W/ResourceType( 9893): No known package when getting name for resource number 0xffffffff
W/ResourceType( 9893): No known package when getting name for resource number 0xffffffff
W/ResourceType( 9893): No known package when getting name for resource number 0xffffffff
W/ResourceType( 9893): No known package when getting name for resource number 0xffffffff
W/ResourceType( 9893): No known package when getting name for resource number 0xffffffff
D/Mono    ( 9893): Unloading image System.dll [0xd9b0ed00].
D/Mono    ( 9893): Image addref System[0xd9b42ba0] -> System.dll[0xea81b100]: 5
D/Mono    ( 9893): Config attempting to parse: 'System.dll.config'.
D/Mono    ( 9893): Config attempting to parse: '/Users/builder/data/lanes/4009/f3074d2c/source/monodroid/builds/install/mono-armv6/etc/mono/assemblies/System/System.config'.
W/ResourceType( 9893): No known package when getting name for resource number 0xffffffff
W/ResourceType( 9893): No known package when getting name for resource number 0xffffffff
W/ResourceType( 9893): No known package when getting name for resource number 0xffffffff
W/ResourceType( 9893): No known package when getting name for resource number 0xffffffff
W/ResourceType( 9893): No known package when getting name for resource number 0xffffffff
D/Mono    ( 9893): Unloading image System.dll [0xd9b0ed00].
D/Mono    ( 9893): Image addref System[0xd9b427e0] -> System.dll[0xea81b100]: 6
D/Mono    ( 9893): Config attempting to parse: 'System.dll.config'.
D/Mono    ( 9893): Config attempting to parse: '/Users/builder/data/lanes/4009/f3074d2c/source/monodroid/builds/install/mono-armv6/etc/mono/assemblies/System/System.config'.
W/ResourceType( 9893): No known package when getting name for resource number 0xffffffff
W/ResourceType( 9893): No known package when getting name for resource number 0xffffffff
D/Mono    ( 9893): Unloading image System.dll [0xd9b0ed00].
D/Mono    ( 9893): Image addref System[0xd9b427e0] -> System.dll[0xea81b100]: 7
D/Mono    ( 9893): Config attempting to parse: 'System.dll.config'.
D/Mono    ( 9893): Config attempting to parse: '/Users/builder/data/lanes/4009/f3074d2c/source/monodroid/builds/install/mono-armv6/etc/mono/assemblies/System/System.config'.
W/ResourceType( 9893): No known package when getting name for resource number 0xffffffff
W/ResourceType( 9893): No known package when getting name for resource number 0xffffffff
D/Mono    ( 9893): Unloading image System.dll [0xd9b0ed00].
D/Mono    ( 9893): Image addref System[0xd9b427e0] -> System.dll[0xea81b100]: 8
D/Mono    ( 9893): Config attempting to parse: 'System.dll.config'.
D/Mono    ( 9893): Config attempting to parse: '/Users/builder/data/lanes/4009/f3074d2c/source/monodroid/builds/install/mono-armv6/etc/mono/assemblies/System/System.config'.
W/ResourceType( 9893): No known package when getting name for resource number 0xffffffff
W/ResourceType( 9893): No known package when getting name for resource number 0xffffffff
W/ResourceType( 9893): No known package when getting name for resource number 0xffffffff
W/ResourceType( 9893): No known package when getting name for resource number 0xffffffff
W/ResourceType( 9893): No known package when getting name for resource number 0xffffffff
W/ResourceType( 9893): No known package when getting name for resource number 0xffffffff
W/ResourceType( 9893): No known package when getting name for resource number 0xffffffff
W/ResourceType( 9893): No known package when getting name for resource number 0xffffffff
W/ResourceType( 9893): No known package when getting name for resource number 0xffffffff
W/ResourceType( 9893): No known package when getting name for resource number 0xffffffff
W/ResourceType( 9893): No known package when getting name for resource number 0xffffffff
D/Mono    ( 9893): DllImport searching in: '__Internal' ('(null)').
D/Mono    ( 9893): Searching for 'java_interop_jnienv_is_assignable_from'.
D/Mono    ( 9893): Probing 'java_interop_jnienv_is_assignable_from'.
D/Mono    ( 9893): Found as 'java_interop_jnienv_is_assignable_from'.
D/Mono    ( 9893): DllImport searching in: '__Internal' ('(null)').
D/Mono    ( 9893): Searching for 'java_interop_jnienv_get_byte_array_region'.
D/Mono    ( 9893): Probing 'java_interop_jnienv_get_byte_array_region'.
D/Mono    ( 9893): Found as 'java_interop_jnienv_get_byte_array_region'.
D/Mono    ( 9893): DllImport searching in: '__Internal' ('(null)').
D/Mono    ( 9893): Searching for 'java_interop_jnienv_set_byte_array_region'.
D/Mono    ( 9893): Probing 'java_interop_jnienv_set_byte_array_region'.
D/Mono    ( 9893): Found as 'java_interop_jnienv_set_byte_array_region'.
I/System.out( 9893): URI: /map
I/System.out( 9893): params: {json={"query":"* marked:'SAVE'","operation":{"method_name":"query","arguments":[]}}
I/System.out( 9893): }
W/Mono    ( 9893): The request to load the assembly System.Core v4.0.0.0 was remapped to v2.0.5.0
D/Mono    ( 9893): Unloading image System.Core.dll [0xd83b0f00].
D/Mono    ( 9893): Image addref System.Core[0xd9b75060] -> System.Core.dll[0xdc4a9000]: 5
D/Mono    ( 9893): Config attempting to parse: 'System.Core.dll.config'.
D/Mono    ( 9893): Config attempting to parse: '/Users/builder/data/lanes/4009/f3074d2c/source/monodroid/builds/install/mono-armv6/etc/mono/assemblies/System.Core/System.Core.config'.
W/Mono    ( 9893): The request to load the assembly System.Core v4.0.0.0 was remapped to v2.0.5.0
D/Mono    ( 9893): Unloading image System.Core.dll [0xd83b0f00].
D/Mono    ( 9893): Image addref System.Core[0xd9b43f80] -> System.Core.dll[0xdc4a9000]: 6
D/Mono    ( 9893): Config attempting to parse: 'System.Core.dll.config'.
D/Mono    ( 9893): Config attempting to parse: '/Users/builder/data/lanes/4009/f3074d2c/source/monodroid/builds/install/mono-armv6/etc/mono/assemblies/System.Core/System.Core.config'.
W/ResourceType( 9893): No known package when getting name for resource number 0xffffffff
W/ResourceType( 9893): No known package when getting name for resource number 0xffffffff
W/ResourceType( 9893): No known package when getting name for resource number 0xffffffff
W/ResourceType( 9893): No known package when getting name for resource number 0xffffffff
W/ResourceType( 9893): No known package when getting name for resource number 0xffffffff
W/ResourceType( 9893): No known package when getting name for resource number 0xffffffff
W/ResourceType( 9893): No known package when getting name for resource number 0xffffffff
W/ResourceType( 9893): No known package when getting name for resource number 0xffffffff
W/ResourceType( 9893): No known package when getting name for resource number 0xffffffff
W/ResourceType( 9893): No known package when getting name for resource number 0xffffffff
W/ResourceType( 9893): No known package when getting name for resource number 0xffffffff
W/ResourceType( 9893): No known package when getting name for resource number 0xffffffff
W/ResourceType( 9893): No known package when getting name for resource number 0xffffffff
W/ResourceType( 9893): No known package when getting name for resource number 0xffffffff
W/ResourceType( 9893): No known package when getting name for resource number 0xffffffff
W/ResourceType( 9893): No known package when getting name for resource number 0xffffffff
W/ResourceType( 9893): No known package when getting name for resource number 0xffffffff
W/ResourceType( 9893): No known package when getting name for resource number 0xffffffff
W/ResourceType( 9893): No known package when getting name for resource number 0xffffffff
W/ResourceType( 9893): No known package when getting name for resource number 0xffffffff
W/ResourceType( 9893): No known package when getting name for resource number 0xffffffff
W/ResourceType( 9893): No known package when getting name for resource number 0xffffffff
W/ResourceType( 9893): No known package when getting name for resource number 0xffffffff
W/ResourceType( 9893): No known package when getting name for resource number 0xffffffff
W/ResourceType( 9893): No known package when getting name for resource number 0xffffffff
W/ResourceType( 9893): No known package when getting name for resource number 0xffffffff
W/ResourceType( 9893): No known package when getting name for resource number 0xffffffff
W/ResourceType( 9893): No known package when getting name for resource number 0xffffffff
W/ResourceType( 9893): No known package when getting name for resource number 0xffffffff
W/ResourceType( 9893): No known package when getting name for resource number 0xffffffff
I/System.out( 9893): URI: /
I/System.out( 9893): params: {json={"command":"press_key","arguments":["KEYCODE_BACK"]}
I/System.out( 9893): }
I/System.out( 9893): header: {content-length=52, host=devicehost26.prod, x-session-token=token-token-3d4dedb8-54f4-4630-ba88-6d8c22be9142, x-forwarded-for=10.222.150.36, content-type=application/json; charset=utf-8, connection=close}
I/System.out( 9893): params: {json={"command":"press_key","arguments":["KEYCODE_BACK"]}
I/System.out( 9893): }
I/System.out( 9893): ProP json = {"command":"press_key","arguments":["KEYCODE_BACK"]}
I/System.out( 9893): files: {}
I/System.out( 9893): command: {"command":"press_key","arguments":["KEYCODE_BACK"]}
I/InstrumentationBackend( 9893): Got command:'Command:'Line:null,press_key', arguments:'[KEYCODE_BACK]'
D/EmojiAltPhysicalKeyDetector( 3411): onKeyUp() : KeyEvent { action=ACTION_UP, keyCode=KEYCODE_BACK, scanCode=0, metaState=0, flags=0x8, repeatCount=0, eventTime=653108, downTime=653108, deviceId=-1, source=0x101 }
D/EmojiAltPhysicalKeyDetector( 3411): onKeyUp() : Disabled
W/InputEventReceiver( 9893): Attempted to finish an input event but the input event receiver has already been disposed.
I/Keyboard.Facilitator( 3411): onFinishInput()
I/System.out( 9893): result:{"bonusInformation":[],"message":"","success":true}
D/Mono    ( 9893): DllImport searching in: '__Internal' ('(null)').
D/Mono    ( 9893): Searching for 'java_interop_jnienv_new_byte_array'.
D/Mono    ( 9893): Probing 'java_interop_jnienv_new_byte_array'.
D/Mono    ( 9893): Found as 'java_interop_jnienv_new_byte_array'.
D/Mono    ( 9893): [0xd7ff0930] hill climbing, change max number of threads 9
I/System.out( 9893): URI: /map
I/System.out( 9893): params: {json={"query":"* id:'skipButton'","operation":{"method_name":"query","arguments":[]}}
I/System.out( 9893): }
W/ResourceType( 9893): No known package when getting name for resource number 0xffffffff
W/ResourceType( 9893): No known package when getting name for resource number 0xffffffff
W/ResourceType( 9893): No known package when getting name for resource number 0xffffffff
W/ResourceType( 9893): No known package when getting name for resource number 0xffffffff
W/ResourceType( 9893): No known package when getting name for resource number 0xffffffff
W/ResourceType( 9893): No known package when getting name for resource number 0xffffffff
W/ResourceType( 9893): No known package when getting name for resource number 0xffffffff
W/ResourceType( 9893): No known package when getting name for resource number 0xffffffff
W/ResourceType( 9893): No known package when getting name for resource number 0xffffffff
W/ResourceType( 9893): No known package when getting name for resource number 0xffffffff
W/ResourceType( 9893): No known package when getting name for resource number 0xffffffff
W/ResourceType( 9893): No known package when getting name for resource number 0xffffffff
W/ResourceType( 9893): No known package when getting name for resource number 0xffffffff
W/ResourceType( 9893): No known package when getting name for resource number 0xffffffff
W/ResourceType( 9893): No known package when getting name for resource number 0xffffffff
W/ResourceType( 9893): No known package when getting name for resource number 0xffffffff
W/ResourceType( 9893): No known package when getting name for resource number 0xffffffff
W/ResourceType( 9893): No known package when getting name for resource number 0xffffffff
W/ResourceType( 9893): No known package when getting name for resource number 0xffffffff
W/ResourceType( 9893): No known package when getting name for resource number 0xffffffff
I/System.out( 9893): URI: /backdoor
I/System.out( 9893): params: {json={"method_name":"OpenResumeConfirmationBackdoor","arguments":["docx"]}
I/System.out( 9893): }
I/Keyboard.Facilitator( 3411): onFinishInput()
I/System.out( 9893): URI: /map
I/System.out( 9893): params: {json={"query":"* marked:'SAVE'","operation":{"method_name":"query","arguments":[]}}
I/System.out( 9893): }
W/ResourceType( 9893): No known package when getting name for resource number 0xffffffff
W/ResourceType( 9893): No known package when getting name for resource number 0xffffffff
W/ResourceType( 9893): No known package when getting name for resource number 0xffffffff
W/ResourceType( 9893): No known package when getting name for resource number 0xffffffff
W/ResourceType( 9893): No known package when getting name for resource number 0xffffffff
W/ResourceType( 9893): No known package when getting name for resource number 0xffffffff
W/ResourceType( 9893): No known package when getting name for resource number 0xffffffff
W/ResourceType( 9893): No known package when getting name for resource number 0xffffffff
W/ResourceType( 9893): No known package when getting name for resource number 0xffffffff
W/ResourceType( 9893): No known package when getting name for resource number 0xffffffff
W/ResourceType( 9893): No known package when getting name for resource number 0xffffffff
W/ResourceType( 9893): No known package when getting name for resource number 0xffffffff
W/ResourceType( 9893): No known package when getting name for resource number 0xffffffff
W/ResourceType( 9893): No known package when getting name for resource number 0xffffffff
W/ResourceType( 9893): No known package when getting name for resource number 0xffffffff
W/ResourceType( 9893): No known package when getting name for resource number 0xffffffff
W/ResourceType( 9893): No known package when getting name for resource number 0xffffffff
W/ResourceType( 9893): No known package when getting name for resource number 0xffffffff
W/ResourceType( 9893): No known package when getting name for resource number 0xffffffff
W/ResourceType( 9893): No known package when getting name for resource number 0xffffffff
W/ResourceType( 9893): No known package when getting name for resource number 0xffffffff
W/ResourceType( 9893): No known package when getting name for resource number 0xffffffff
W/ResourceType( 9893): No known package when getting name for resource number 0xffffffff
W/ResourceType( 9893): No known package when getting name for resource number 0xffffffff
W/ResourceType( 9893): No known package when getting name for resource number 0xffffffff
W/ResourceType( 9893): No known package when getting name for resource number 0xffffffff
W/ResourceType( 9893): No known package when getting name for resource number 0xffffffff
W/ResourceType( 9893): No known package when getting name for resource number 0xffffffff
W/ResourceType( 9893): No known package when getting name for resource number 0xffffffff
W/ResourceType( 9893): No known package when getting name for resource number 0xffffffff
I/System.out( 9893): URI: /map
I/System.out( 9893): params: {json={"query":"* marked:'SAVE'","operation":{"method_name":"query","arguments":[]}}
I/System.out( 9893): }
W/ResourceType( 9893): No known package when getting name for resource number 0xffffffff
W/ResourceType( 9893): No known package when getting name for resource number 0xffffffff
W/ResourceType( 9893): No known package when getting name for resource number 0xffffffff
W/ResourceType( 9893): No known package when getting name for resource number 0xffffffff
W/ResourceType( 9893): No known package when getting name for resource number 0xffffffff
W/ResourceType( 9893): No known package when getting name for resource number 0xffffffff
W/ResourceType( 9893): No known package when getting name for resource number 0xffffffff
W/ResourceType( 9893): No known package when getting name for resource number 0xffffffff
W/ResourceType( 9893): No known package when getting name for resource number 0xffffffff
W/ResourceType( 9893): No known package when getting name for resource number 0xffffffff
W/ResourceType( 9893): No known package when getting name for resource number 0xffffffff
W/ResourceType( 9893): No known package when getting name for resource number 0xffffffff
W/ResourceType( 9893): No known package when getting name for resource number 0xffffffff
W/ResourceType( 9893): No known package when getting name for resource number 0xffffffff
W/ResourceType( 9893): No known package when getting name for resource number 0xffffffff
W/ResourceType( 9893): No known package when getting name for resource number 0xffffffff
W/ResourceType( 9893): No known package when getting name for resource number 0xffffffff
W/ResourceType( 9893): No known package when getting name for resource number 0xffffffff
W/ResourceType( 9893): No known package when getting name for resource number 0xffffffff
W/ResourceType( 9893): No known package when getting name for resource number 0xffffffff
W/ResourceType( 9893): No known package when getting name for resource number 0xffffffff
W/ResourceType( 9893): No known package when getting name for resource number 0xffffffff
W/ResourceType( 9893): No known package when getting name for resource number 0xffffffff
W/ResourceType( 9893): No known package when getting name for resource number 0xffffffff
W/ResourceType( 9893): No known package when getting name for resource number 0xffffffff
W/ResourceType( 9893): No known package when getting name for resource number 0xffffffff
W/ResourceType( 9893): No known package when getting name for resource number 0xffffffff
W/ResourceType( 9893): No known package when getting name for resource number 0xffffffff
W/ResourceType( 9893): No known package when getting name for resource number 0xffffffff
W/ResourceType( 9893): No known package when getting name for resource number 0xffffffff
I/System.out( 9893): URI: /
I/System.out( 9893): params: {json={"command":"press_key","arguments":["KEYCODE_BACK"]}
I/System.out( 9893): }
I/System.out( 9893): header: {content-length=52, host=devicehost26.prod, x-session-token=token-token-3d4dedb8-54f4-4630-ba88-6d8c22be9142, x-forwarded-for=10.222.150.36, content-type=application/json; charset=utf-8, connection=close}
I/System.out( 9893): params: {json={"command":"press_key","arguments":["KEYCODE_BACK"]}
I/System.out( 9893): }
I/System.out( 9893): ProP json = {"command":"press_key","arguments":["KEYCODE_BACK"]}
I/System.out( 9893): files: {}
I/System.out( 9893): command: {"command":"press_key","arguments":["KEYCODE_BACK"]}
I/InstrumentationBackend( 9893): Got command:'Command:'Line:null,press_key', arguments:'[KEYCODE_BACK]'
D/EmojiAltPhysicalKeyDetector( 3411): onKeyUp() : KeyEvent { action=ACTION_UP, keyCode=KEYCODE_BACK, scanCode=0, metaState=0, flags=0x8, repeatCount=0, eventTime=655409, downTime=655409, deviceId=-1, source=0x101 }
D/EmojiAltPhysicalKeyDetector( 3411): onKeyUp() : Disabled
W/InputEventReceiver( 9893): Attempted to finish an input event but the input event receiver has already been disposed.
I/Keyboard.Facilitator( 3411): onFinishInput()
I/System.out( 9893): result:{"bonusInformation":[],"message":"","success":true}
I/System.out( 9893): URI: /map
I/System.out( 9893): params: {json={"query":"* id:'skipButton'","operation":{"method_name":"query","arguments":[]}}
I/System.out( 9893): }
W/ResourceType( 9893): No known package when getting name for resource number 0xffffffff
W/ResourceType( 9893): No known package when getting name for resource number 0xffffffff
W/ResourceType( 9893): No known package when getting name for resource number 0xffffffff
W/ResourceType( 9893): No known package when getting name for resource number 0xffffffff
W/ResourceType( 9893): No known package when getting name for resource number 0xffffffff
W/ResourceType( 9893): No known package when getting name for resource number 0xffffffff
W/ResourceType( 9893): No known package when getting name for resource number 0xffffffff
W/ResourceType( 9893): No known package when getting name for resource number 0xffffffff
W/ResourceType( 9893): No known package when getting name for resource number 0xffffffff
W/ResourceType( 9893): No known package when getting name for resource number 0xffffffff
W/ResourceType( 9893): No known package when getting name for resource number 0xffffffff
W/ResourceType( 9893): No known package when getting name for resource number 0xffffffff
W/ResourceType( 9893): No known package when getting name for resource number 0xffffffff
W/ResourceType( 9893): No known package when getting name for resource number 0xffffffff
W/ResourceType( 9893): No known package when getting name for resource number 0xffffffff
W/ResourceType( 9893): No known package when getting name for resource number 0xffffffff
W/ResourceType( 9893): No known package when getting name for resource number 0xffffffff
W/ResourceType( 9893): No known package when getting name for resource number 0xffffffff
W/ResourceType( 9893): No known package when getting name for resource number 0xffffffff
W/ResourceType( 9893): No known package when getting name for resource number 0xffffffff
I/System.out( 9893): URI: /backdoor
I/System.out( 9893): params: {json={"method_name":"OpenResumeConfirmationBackdoor","arguments":["odt"]}
I/System.out( 9893): }
I/System.out( 9893): URI: /map
I/System.out( 9893): params: {json={"query":"* marked:'SAVE'","operation":{"method_name":"query","arguments":[]}}
I/System.out( 9893): }
I/Keyboard.Facilitator( 3411): onFinishInput()
W/ResourceType( 9893): No known package when getting name for resource number 0xffffffff
W/ResourceType( 9893): No known package when getting name for resource number 0xffffffff
W/ResourceType( 9893): No known package when getting name for resource number 0xffffffff
W/ResourceType( 9893): No known package when getting name for resource number 0xffffffff
W/ResourceType( 9893): No known package when getting name for resource number 0xffffffff
W/ResourceType( 9893): No known package when getting name for resource number 0xffffffff
W/ResourceType( 9893): No known package when getting name for resource number 0xffffffff
W/ResourceType( 9893): No known package when getting name for resource number 0xffffffff
W/ResourceType( 9893): No known package when getting name for resource number 0xffffffff
W/ResourceType( 9893): No known package when getting name for resource number 0xffffffff
W/ResourceType( 9893): No known package when getting name for resource number 0xffffffff
W/ResourceType( 9893): No known package when getting name for resource number 0xffffffff
W/ResourceType( 9893): No known package when getting name for resource number 0xffffffff
W/ResourceType( 9893): No known package when getting name for resource number 0xffffffff
W/ResourceType( 9893): No known package when getting name for resource number 0xffffffff
W/ResourceType( 9893): No known package when getting name for resource number 0xffffffff
W/ResourceType( 9893): No known package when getting name for resource number 0xffffffff
W/ResourceType( 9893): No known package when getting name for resource number 0xffffffff
W/ResourceType( 9893): No known package when getting name for resource number 0xffffffff
W/ResourceType( 9893): No known package when getting name for resource number 0xffffffff
W/ResourceType( 9893): No known package when getting name for resource number 0xffffffff
W/ResourceType( 9893): No known package when getting name for resource number 0xffffffff
W/ResourceType( 9893): No known package when getting name for resource number 0xffffffff
W/ResourceType( 9893): No known package when getting name for resource number 0xffffffff
W/ResourceType( 9893): No known package when getting name for resource number 0xffffffff
W/ResourceType( 9893): No known package when getting name for resource number 0xffffffff
W/ResourceType( 9893): No known package when getting name for resource number 0xffffffff
W/ResourceType( 9893): No known package when getting name for resource number 0xffffffff
W/ResourceType( 9893): No known package when getting name for resource number 0xffffffff
W/ResourceType( 9893): No known package when getting name for resource number 0xffffffff
I/System.out( 9893): URI: /map
I/System.out( 9893): params: {json={"query":"* marked:'SAVE'","operation":{"method_name":"query","arguments":[]}}
I/System.out( 9893): }
W/ResourceType( 9893): No known package when getting name for resource number 0xffffffff
W/ResourceType( 9893): No known package when getting name for resource number 0xffffffff
W/ResourceType( 9893): No known package when getting name for resource number 0xffffffff
W/ResourceType( 9893): No known package when getting name for resource number 0xffffffff
W/ResourceType( 9893): No known package when getting name for resource number 0xffffffff
W/ResourceType( 9893): No known package when getting name for resource number 0xffffffff
W/ResourceType( 9893): No known package when getting name for resource number 0xffffffff
W/ResourceType( 9893): No known package when getting name for resource number 0xffffffff
W/ResourceType( 9893): No known package when getting name for resource number 0xffffffff
W/ResourceType( 9893): No known package when getting name for resource number 0xffffffff
W/ResourceType( 9893): No known package when getting name for resource number 0xffffffff
W/ResourceType( 9893): No known package when getting name for resource number 0xffffffff
W/ResourceType( 9893): No known package when getting name for resource number 0xffffffff
W/ResourceType( 9893): No known package when getting name for resource number 0xffffffff
W/ResourceType( 9893): No known package when getting name for resource number 0xffffffff
W/ResourceType( 9893): No known package when getting name for resource number 0xffffffff
W/ResourceType( 9893): No known package when getting name for resource number 0xffffffff
W/ResourceType( 9893): No known package when getting name for resource number 0xffffffff
W/ResourceType( 9893): No known package when getting name for resource number 0xffffffff
W/ResourceType( 9893): No known package when getting name for resource number 0xffffffff
W/ResourceType( 9893): No known package when getting name for resource number 0xffffffff
W/ResourceType( 9893): No known package when getting name for resource number 0xffffffff
W/ResourceType( 9893): No known package when getting name for resource number 0xffffffff
W/ResourceType( 9893): No known package when getting name for resource number 0xffffffff
W/ResourceType( 9893): No known package when getting name for resource number 0xffffffff
W/ResourceType( 9893): No known package when getting name for resource number 0xffffffff
W/ResourceType( 9893): No known package when getting name for resource number 0xffffffff
W/ResourceType( 9893): No known package when getting name for resource number 0xffffffff
W/ResourceType( 9893): No known package when getting name for resource number 0xffffffff
W/ResourceType( 9893): No known package when getting name for resource number 0xffffffff
I/System.out( 9893): URI: /
I/System.out( 9893): params: {json={"command":"press_key","arguments":["KEYCODE_BACK"]}
I/System.out( 9893): }
I/System.out( 9893): header: {content-length=52, host=devicehost26.prod, x-session-token=token-token-3d4dedb8-54f4-4630-ba88-6d8c22be9142, x-forwarded-for=10.222.150.36, content-type=application/json; charset=utf-8, connection=close}
I/System.out( 9893): params: {json={"command":"press_key","arguments":["KEYCODE_BACK"]}
I/System.out( 9893): }
I/System.out( 9893): ProP json = {"command":"press_key","arguments":["KEYCODE_BACK"]}
I/System.out( 9893): files: {}
I/System.out( 9893): command: {"command":"press_key","arguments":["KEYCODE_BACK"]}
I/InstrumentationBackend( 9893): Got command:'Command:'Line:null,press_key', arguments:'[KEYCODE_BACK]'
D/EmojiAltPhysicalKeyDetector( 3411): onKeyUp() : KeyEvent { action=ACTION_UP, keyCode=KEYCODE_BACK, scanCode=0, metaState=0, flags=0x8, repeatCount=0, eventTime=657064, downTime=657064, deviceId=-1, source=0x101 }
D/EmojiAltPhysicalKeyDetector( 3411): onKeyUp() : Disabled
W/InputEventReceiver( 9893): Attempted to finish an input event but the input event receiver has already been disposed.
I/Keyboard.Facilitator( 3411): onFinishInput()
I/System.out( 9893): result:{"bonusInformation":[],"message":"","success":true}
I/System.out( 9893): URI: /map
I/System.out( 9893): params: {json={"query":"* id:'skipButton'","operation":{"method_name":"query","arguments":[]}}
I/System.out( 9893): }
W/ResourceType( 9893): No known package when getting name for resource number 0xffffffff
W/ResourceType( 9893): No known package when getting name for resource number 0xffffffff
W/ResourceType( 9893): No known package when getting name for resource number 0xffffffff
W/ResourceType( 9893): No known package when getting name for resource number 0xffffffff
W/ResourceType( 9893): No known package when getting name for resource number 0xffffffff
W/ResourceType( 9893): No known package when getting name for resource number 0xffffffff
W/ResourceType( 9893): No known package when getting name for resource number 0xffffffff
W/ResourceType( 9893): No known package when getting name for resource number 0xffffffff
W/ResourceType( 9893): No known package when getting name for resource number 0xffffffff
W/ResourceType( 9893): No known package when getting name for resource number 0xffffffff
W/ResourceType( 9893): No known package when getting name for resource number 0xffffffff
W/ResourceType( 9893): No known package when getting name for resource number 0xffffffff
W/ResourceType( 9893): No known package when getting name for resource number 0xffffffff
W/ResourceType( 9893): No known package when getting name for resource number 0xffffffff
W/ResourceType( 9893): No known package when getting name for resource number 0xffffffff
W/ResourceType( 9893): No known package when getting name for resource number 0xffffffff
W/ResourceType( 9893): No known package when getting name for resource number 0xffffffff
W/ResourceType( 9893): No known package when getting name for resource number 0xffffffff
W/ResourceType( 9893): No known package when getting name for resource number 0xffffffff
W/ResourceType( 9893): No known package when getting name for resource number 0xffffffff
I/System.out( 9893): URI: /backdoor
I/System.out( 9893): params: {json={"method_name":"OpenResumeConfirmationBackdoor","arguments":["pdf"]}
I/System.out( 9893): }
I/Keyboard.Facilitator( 3411): onFinishInput()
I/System.out( 9893): URI: /map
I/System.out( 9893): params: {json={"query":"* marked:'SAVE'","operation":{"method_name":"query","arguments":[]}}
I/System.out( 9893): }
W/ResourceType( 9893): No known package when getting name for resource number 0xffffffff
W/ResourceType( 9893): No known package when getting name for resource number 0xffffffff
W/ResourceType( 9893): No known package when getting name for resource number 0xffffffff
W/ResourceType( 9893): No known package when getting name for resource number 0xffffffff
W/ResourceType( 9893): No known package when getting name for resource number 0xffffffff
W/ResourceType( 9893): No known package when getting name for resource number 0xffffffff
W/ResourceType( 9893): No known package when getting name for resource number 0xffffffff
W/ResourceType( 9893): No known package when getting name for resource number 0xffffffff
W/ResourceType( 9893): No known package when getting name for resource number 0xffffffff
W/ResourceType( 9893): No known package when getting name for resource number 0xffffffff
W/ResourceType( 9893): No known package when getting name for resource number 0xffffffff
W/ResourceType( 9893): No known package when getting name for resource number 0xffffffff
W/ResourceType( 9893): No known package when getting name for resource number 0xffffffff
W/ResourceType( 9893): No known package when getting name for resource number 0xffffffff
W/ResourceType( 9893): No known package when getting name for resource number 0xffffffff
W/ResourceType( 9893): No known package when getting name for resource number 0xffffffff
W/ResourceType( 9893): No known package when getting name for resource number 0xffffffff
W/ResourceType( 9893): No known package when getting name for resource number 0xffffffff
W/ResourceType( 9893): No known package when getting name for resource number 0xffffffff
W/ResourceType( 9893): No known package when getting name for resource number 0xffffffff
W/ResourceType( 9893): No known package when getting name for resource number 0xffffffff
W/ResourceType( 9893): No known package when getting name for resource number 0xffffffff
W/ResourceType( 9893): No known package when getting name for resource number 0xffffffff
W/ResourceType( 9893): No known package when getting name for resource number 0xffffffff
W/ResourceType( 9893): No known package when getting name for resource number 0xffffffff
W/ResourceType( 9893): No known package when getting name for resource number 0xffffffff
W/ResourceType( 9893): No known package when getting name for resource number 0xffffffff
W/ResourceType( 9893): No known package when getting name for resource number 0xffffffff
W/ResourceType( 9893): No known package when getting name for resource number 0xffffffff
W/ResourceType( 9893): No known package when getting name for resource number 0xffffffff
I/art     ( 9893): Starting a blocking GC Explicit
I/art     ( 9893): Explicit concurrent mark sweep GC freed 240513(10MB) AllocSpace objects, 22(440KB) LOS objects, 32% free, 32MB/48MB, paused 691us total 36.506ms
I/art     ( 9893): Starting a blocking GC Explicit
I/art     ( 9893): Explicit concurrent mark sweep GC freed 8950(473KB) AllocSpace objects, 2(40KB) LOS objects, 33% free, 32MB/48MB, paused 1.040ms total 16.932ms
I/art     ( 9893): Starting a blocking GC Explicit
I/art     ( 9893): Explicit concurrent mark sweep GC freed 29(1912B) AllocSpace objects, 0(0B) LOS objects, 33% free, 32MB/48MB, paused 509us total 14.980ms
I/art     ( 9893): Starting a blocking GC Explicit
I/art     ( 9893): Explicit concurrent mark sweep GC freed 3(96B) AllocSpace objects, 0(0B) LOS objects, 33% free, 32MB/48MB, paused 514us total 15.633ms
I/art     ( 9893): Starting a blocking GC Explicit
I/art     ( 9893): Explicit concurrent mark sweep GC freed 17(1408B) AllocSpace objects, 0(0B) LOS objects, 33% free, 32MB/48MB, paused 437us total 14.555ms
I/System.out( 9893): URI: /map
I/System.out( 9893): params: {json={"query":"* marked:'SAVE'","operation":{"method_name":"query","arguments":[]}}
I/System.out( 9893): }
W/ResourceType( 9893): No known package when getting name for resource number 0xffffffff
W/ResourceType( 9893): No known package when getting name for resource number 0xffffffff
W/ResourceType( 9893): No known package when getting name for resource number 0xffffffff
W/ResourceType( 9893): No known package when getting name for resource number 0xffffffff
W/ResourceType( 9893): No known package when getting name for resource number 0xffffffff
W/ResourceType( 9893): No known package when getting name for resource number 0xffffffff
W/ResourceType( 9893): No known package when getting name for resource number 0xffffffff
W/ResourceType( 9893): No known package when getting name for resource number 0xffffffff
W/ResourceType( 9893): No known package when getting name for resource number 0xffffffff
W/ResourceType( 9893): No known package when getting name for resource number 0xffffffff
W/ResourceType( 9893): No known package when getting name for resource number 0xffffffff
W/ResourceType( 9893): No known package when getting name for resource number 0xffffffff
W/ResourceType( 9893): No known package when getting name for resource number 0xffffffff
W/ResourceType( 9893): No known package when getting name for resource number 0xffffffff
W/ResourceType( 9893): No known package when getting name for resource number 0xffffffff
W/ResourceType( 9893): No known package when getting name for resource number 0xffffffff
W/ResourceType( 9893): No known package when getting name for resource number 0xffffffff
W/ResourceType( 9893): No known package when getting name for resource number 0xffffffff
W/ResourceType( 9893): No known package when getting name for resource number 0xffffffff
W/ResourceType( 9893): No known package when getting name for resource number 0xffffffff
W/ResourceType( 9893): No known package when getting name for resource number 0xffffffff
W/ResourceType( 9893): No known package when getting name for resource number 0xffffffff
W/ResourceType( 9893): No known package when getting name for resource number 0xffffffff
W/ResourceType( 9893): No known package when getting name for resource number 0xffffffff
W/ResourceType( 9893): No known package when getting name for resource number 0xffffffff
W/ResourceType( 9893): No known package when getting name for resource number 0xffffffff
W/ResourceType( 9893): No known package when getting name for resource number 0xffffffff
W/ResourceType( 9893): No known package when getting name for resource number 0xffffffff
W/ResourceType( 9893): No known package when getting name for resource number 0xffffffff
W/ResourceType( 9893): No known package when getting name for resource number 0xffffffff
I/System.out( 9893): URI: /
I/System.out( 9893): params: {json={"command":"press_key","arguments":["KEYCODE_BACK"]}
I/System.out( 9893): }
I/System.out( 9893): header: {content-length=52, host=devicehost26.prod, x-session-token=token-token-3d4dedb8-54f4-4630-ba88-6d8c22be9142, x-forwarded-for=10.222.150.36, content-type=application/json; charset=utf-8, connection=close}
I/System.out( 9893): params: {json={"command":"press_key","arguments":["KEYCODE_BACK"]}
I/System.out( 9893): }
I/System.out( 9893): ProP json = {"command":"press_key","arguments":["KEYCODE_BACK"]}
I/System.out( 9893): files: {}
I/System.out( 9893): command: {"command":"press_key","arguments":["KEYCODE_BACK"]}
I/InstrumentationBackend( 9893): Got command:'Command:'Line:null,press_key', arguments:'[KEYCODE_BACK]'
D/EmojiAltPhysicalKeyDetector( 3411): onKeyUp() : KeyEvent { action=ACTION_UP, keyCode=KEYCODE_BACK, scanCode=0, metaState=0, flags=0x8, repeatCount=0, eventTime=658366, downTime=658366, deviceId=-1, source=0x101 }
D/EmojiAltPhysicalKeyDetector( 3411): onKeyUp() : Disabled
W/InputEventReceiver( 9893): Attempted to finish an input event but the input event receiver has already been disposed.
I/Keyboard.Facilitator( 3411): onFinishInput()
I/System.out( 9893): result:{"bonusInformation":[],"message":"","success":true}
I/System.out( 9893): URI: /map
I/System.out( 9893): params: {json={"query":"* id:'skipButton'","operation":{"method_name":"query","arguments":[]}}
I/System.out( 9893): }
W/ResourceType( 9893): No known package when getting name for resource number 0xffffffff
W/ResourceType( 9893): No known package when getting name for resource number 0xffffffff
W/ResourceType( 9893): No known package when getting name for resource number 0xffffffff
W/ResourceType( 9893): No known package when getting name for resource number 0xffffffff
W/ResourceType( 9893): No known package when getting name for resource number 0xffffffff
W/ResourceType( 9893): No known package when getting name for resource number 0xffffffff
W/ResourceType( 9893): No known package when getting name for resource number 0xffffffff
W/ResourceType( 9893): No known package when getting name for resource number 0xffffffff
W/ResourceType( 9893): No known package when getting name for resource number 0xffffffff
W/ResourceType( 9893): No known package when getting name for resource number 0xffffffff
W/ResourceType( 9893): No known package when getting name for resource number 0xffffffff
W/ResourceType( 9893): No known package when getting name for resource number 0xffffffff
W/ResourceType( 9893): No known package when getting name for resource number 0xffffffff
W/ResourceType( 9893): No known package when getting name for resource number 0xffffffff
W/ResourceType( 9893): No known package when getting name for resource number 0xffffffff
W/ResourceType( 9893): No known package when getting name for resource number 0xffffffff
W/ResourceType( 9893): No known package when getting name for resource number 0xffffffff
W/ResourceType( 9893): No known package when getting name for resource number 0xffffffff
W/ResourceType( 9893): No known package when getting name for resource number 0xffffffff
W/ResourceType( 9893): No known package when getting name for resource number 0xffffffff
I/ServiceManager( 8506): Waiting for service AtCmdFwd...
I/System.out( 9893): URI: /backdoor
I/System.out( 9893): params: {json={"method_name":"OpenResumeConfirmationBackdoor","arguments":["rtf"]}
I/System.out( 9893): }
I/Keyboard.Facilitator( 3411): onFinishInput()
I/System.out( 9893): URI: /map
I/System.out( 9893): params: {json={"query":"* marked:'SAVE'","operation":{"method_name":"query","arguments":[]}}
I/System.out( 9893): }
W/ResourceType( 9893): No known package when getting name for resource number 0xffffffff
W/ResourceType( 9893): No known package when getting name for resource number 0xffffffff
W/ResourceType( 9893): No known package when getting name for resource number 0xffffffff
W/ResourceType( 9893): No known package when getting name for resource number 0xffffffff
W/ResourceType( 9893): No known package when getting name for resource number 0xffffffff
W/ResourceType( 9893): No known package when getting name for resource number 0xffffffff
W/ResourceType( 9893): No known package when getting name for resource number 0xffffffff
W/ResourceType( 9893): No known package when getting name for resource number 0xffffffff
