W/ResourceType(10383): No known package when getting name for resource number 0xffffffff
W/ResourceType(10383): No known package when getting name for resource number 0xffffffff
W/ResourceType(10383): No known package when getting name for resource number 0xffffffff
W/ResourceType(10383): No known package when getting name for resource number 0xffffffff
W/ResourceType(10383): No known package when getting name for resource number 0xffffffff
W/ResourceType(10383): No known package when getting name for resource number 0xffffffff
W/ResourceType(10383): No known package when getting name for resource number 0xffffffff
W/ResourceType(10383): No known package when getting name for resource number 0xffffffff
W/ResourceType(10383): No known package when getting name for resource number 0xffffffff
W/ResourceType(10383): No known package when getting name for resource number 0xffffffff
W/ResourceType(10383): No known package when getting name for resource number 0xffffffff
W/ResourceType(10383): No known package when getting name for resource number 0xffffffff
W/ResourceType(10383): No known package when getting name for resource number 0xffffffff
W/ResourceType(10383): No known package when getting name for resource number 0xffffffff
W/ResourceType(10383): No known package when getting name for resource number 0xffffffff
W/ResourceType(10383): No known package when getting name for resource number 0xffffffff
W/ResourceType(10383): No known package when getting name for resource number 0xffffffff
W/ResourceType(10383): No known package when getting name for resource number 0xffffffff
W/ResourceType(10383): No known package when getting name for resource number 0xffffffff
W/ResourceType(10383): No known package when getting name for resource number 0xffffffff
W/ResourceType(10383): No known package when getting name for resource number 0xffffffff
W/ResourceType(10383): No known package when getting name for resource number 0xffffffff
W/ResourceType(10383): No known package when getting name for resource number 0xffffffff
W/ResourceType(10383): No known package when getting name for resource number 0xffffffff
W/ResourceType(10383): No known package when getting name for resource number 0xffffffff
W/ResourceType(10383): No known package when getting name for resource number 0xffffffff
W/ResourceType(10383): No known package when getting name for resource number 0xffffffff
W/ResourceType(10383): No known package when getting name for resource number 0xffffffff
W/ResourceType(10383): No known package when getting name for resource number 0xffffffff
W/ResourceType(10383): No known package when getting name for resource number 0xffffffff
W/ResourceType(10383): No known package when getting name for resource number 0xffffffff
W/ResourceType(10383): No known package when getting name for resource number 0xffffffff
W/ResourceType(10383): No known package when getting name for resource number 0xffffffff
W/ResourceType(10383): No known package when getting name for resource number 0xffffffff
W/ResourceType(10383): No known package when getting name for resource number 0xffffffff
W/ResourceType(10383): No known package when getting name for resource number 0xffffffff
W/ResourceType(10383): No known package when getting name for resource number 0xffffffff
W/ResourceType(10383): No known package when getting name for resource number 0xffffffff
W/ResourceType(10383): No known package when getting name for resource number 0xffffffff
W/ResourceType(10383): No known package when getting name for resource number 0xffffffff
W/ResourceType(10383): No known package when getting name for resource number 0xffffffff
W/ResourceType(10383): No known package when getting name for resource number 0xffffffff
W/ResourceType(10383): No known package when getting name for resource number 0xffffffff
W/ResourceType(10383): No known package when getting name for resource number 0xffffffff
W/ResourceType(10383): No known package when getting name for resource number 0xffffffff
W/ResourceType(10383): No known package when getting name for resource number 0xffffffff
W/ResourceType(10383): No known package when getting name for resource number 0xffffffff
W/ResourceType(10383): No known package when getting name for resource number 0xffffffff
W/ResourceType(10383): No known package when getting name for resource number 0xffffffff
W/ResourceType(10383): No known package when getting name for resource number 0xffffffff
W/ResourceType(10383): No known package when getting name for resource number 0xffffffff
W/ResourceType(10383): No known package when getting name for resource number 0xffffffff
W/ResourceType(10383): No known package when getting name for resource number 0xffffffff
W/ResourceType(10383): No known package when getting name for resource number 0xffffffff
I/ServiceManager(  536): Waiting for service AtCmdFwd...
I/System.out(10383): URI: /map
I/System.out(10383): params: {json={"query":"all * index:0","operation":{"method_name":"query","arguments":[]}}
I/System.out(10383): }
W/ResourceType(10383): No known package when getting name for resource number 0xffffffff
I/System.out(10383): URI: /map
I/System.out(10383): params: {json={"query":"all * index:0","operation":{"method_name":"query","arguments":[]}}
I/System.out(10383): }
W/Atfwd_Sendcmd(  536): AtCmdFwd service not published, waiting... retryCnt : 2
W/ResourceType(10383): No known package when getting name for resource number 0xffffffff
I/System.out(10383): URI: /gesture
I/System.out(10383): params: {json={"gestures":[{"touches":[{"query_string":null,"offset_x":1332,"offset_y":1196,"wait":0.0,"time":0.244,"x":0,"y":0,"release":false},{"query_string":null,"offset_x":108,"offset_y":1196,"wait":0.0,"time":0.0,"x":0,"y":0,"release":false}]}],"query_timeout":5.0}
I/System.out(10383): }
I/mono-stdout(10383): uri is: https://api.careerbuilder.com/consumer/resumes?OAuthToken=&HostSite=US&DeveloperKey=WDHR8FC6P2JZ1Y61KLM5
I/mono-stdout(10383): making api call to: /consumer/resumes?OAuthToken=&HostSite=US&DeveloperKey=WDHR8FC6P2JZ1Y61KLM5
I/Keyboard.Facilitator( 3434): onFinishInput()
I/System.out(10383): URI: /map
I/System.out(10383): params: {json={"query":"*","operation":{"method_name":"query","arguments":[]}}
I/System.out(10383): }
I/mono-stdout(10383): done making call to: /consumer/resumes?OAuthToken=&HostSite=US&DeveloperKey=WDHR8FC6P2JZ1Y61KLM5
I/mono-stdout(10383): The resume  with hash has been set as latest
W/ResourceType(10383): No known package when getting name for resource number 0xffffffff
W/ResourceType(10383): No known package when getting name for resource number 0xffffffff
W/ResourceType(10383): No known package when getting name for resource number 0xffffffff
W/ResourceType(10383): No known package when getting name for resource number 0xffffffff
W/ResourceType(10383): No known package when getting name for resource number 0xffffffff
W/ResourceType(10383): No known package when getting name for resource number 0xffffffff
W/ResourceType(10383): No known package when getting name for resource number 0xffffffff
W/ResourceType(10383): No known package when getting name for resource number 0xffffffff
W/ResourceType(10383): No known package when getting name for resource number 0xffffffff
W/ResourceType(10383): No known package when getting name for resource number 0xffffffff
W/ResourceType(10383): No known package when getting name for resource number 0xffffffff
W/ResourceType(10383): No known package when getting name for resource number 0xffffffff
W/ResourceType(10383): No known package when getting name for resource number 0xffffffff
W/ResourceType(10383): No known package when getting name for resource number 0xffffffff
W/ResourceType(10383): No known package when getting name for resource number 0xffffffff
W/ResourceType(10383): No known package when getting name for resource number 0xffffffff
W/ResourceType(10383): No known package when getting name for resource number 0xffffffff
I/art     (10383): Starting a blocking GC Explicit
I/art     (10383): Explicit concurrent mark sweep GC freed 69043(2MB) AllocSpace objects, 6(128KB) LOS objects, 28% free, 40MB/56MB, paused 1.039ms total 39.373ms
I/art     (10383): Starting a blocking GC Explicit
I/System.out(10383): URI: /map
I/System.out(10383): params: {json={"query":"*","operation":{"method_name":"query","arguments":[]}}
I/System.out(10383): }
I/art     (10383): Explicit concurrent mark sweep GC freed 1362(54KB) AllocSpace objects, 1(20KB) LOS objects, 28% free, 40MB/56MB, paused 1.238ms total 29.483ms
I/art     (10383): Starting a blocking GC Explicit
I/art     (10383): Explicit concurrent mark sweep GC freed 10820(438KB) AllocSpace objects, 0(0B) LOS objects, 28% free, 40MB/56MB, paused 1.218ms total 29.286ms
I/art     (10383): Starting a blocking GC Explicit
I/art     (10383): Explicit concurrent mark sweep GC freed 2917(126KB) AllocSpace objects, 0(0B) LOS objects, 28% free, 40MB/56MB, paused 1.229ms total 27.546ms
I/art     (10383): Starting a blocking GC Explicit
I/art     (10383): Explicit concurrent mark sweep GC freed 4888(178KB) AllocSpace objects, 0(0B) LOS objects, 28% free, 40MB/56MB, paused 1.029ms total 26.908ms
W/ResourceType(10383): No known package when getting name for resource number 0xffffffff
W/ResourceType(10383): No known package when getting name for resource number 0xffffffff
W/ResourceType(10383): No known package when getting name for resource number 0xffffffff
W/ResourceType(10383): No known package when getting name for resource number 0xffffffff
W/ResourceType(10383): No known package when getting name for resource number 0xffffffff
W/ResourceType(10383): No known package when getting name for resource number 0xffffffff
W/ResourceType(10383): No known package when getting name for resource number 0xffffffff
W/ResourceType(10383): No known package when getting name for resource number 0xffffffff
W/ResourceType(10383): No known package when getting name for resource number 0xffffffff
W/ResourceType(10383): No known package when getting name for resource number 0xffffffff
W/ResourceType(10383): No known package when getting name for resource number 0xffffffff
W/ResourceType(10383): No known package when getting name for resource number 0xffffffff
W/ResourceType(10383): No known package when getting name for resource number 0xffffffff
W/ResourceType(10383): No known package when getting name for resource number 0xffffffff
W/ResourceType(10383): No known package when getting name for resource number 0xffffffff
W/ResourceType(10383): No known package when getting name for resource number 0xffffffff
W/ResourceType(10383): No known package when getting name for resource number 0xffffffff
I/System.out(10383): URI: /map
I/System.out(10383): params: {json={"query":"*","operation":{"method_name":"query","arguments":[]}}
I/System.out(10383): }
W/ip      (11189): type=1400 audit(0.0:77): avc: denied { search } for name="net" dev="dm-2" ino=3440648 scontext=u:r:shell:s0 tcontext=u:object_r:net_data_file:s0 tclass=dir permissive=0
W/ResourceType(10383): No known package when getting name for resource number 0xffffffff
W/ResourceType(10383): No known package when getting name for resource number 0xffffffff
W/ResourceType(10383): No known package when getting name for resource number 0xffffffff
W/ResourceType(10383): No known package when getting name for resource number 0xffffffff
W/ResourceType(10383): No known package when getting name for resource number 0xffffffff
W/ResourceType(10383): No known package when getting name for resource number 0xffffffff
W/ResourceType(10383): No known package when getting name for resource number 0xffffffff
W/ResourceType(10383): No known package when getting name for resource number 0xffffffff
W/ResourceType(10383): No known package when getting name for resource number 0xffffffff
W/ResourceType(10383): No known package when getting name for resource number 0xffffffff
I/ThermalEngine(  519): ACTION: GPU - Setting GPU[0] to 450000000
W/ResourceType(10383): No known package when getting name for resource number 0xffffffff
W/ResourceType(10383): No known package when getting name for resource number 0xffffffff
W/ResourceType(10383): No known package when getting name for resource number 0xffffffff
W/ResourceType(10383): No known package when getting name for resource number 0xffffffff
W/ResourceType(10383): No known package when getting name for resource number 0xffffffff
W/ResourceType(10383): No known package when getting name for resource number 0xffffffff
W/ResourceType(10383): No known package when getting name for resource number 0xffffffff
I/ThermalEngine(  519): ACTION: GPU - Setting GPU[0] to 390000000
I/art     (10383): Starting a blocking GC Explicit
I/art     (10383): Explicit concurrent mark sweep GC freed 344412(11MB) AllocSpace objects, 10(216KB) LOS objects, 28% free, 40MB/56MB, paused 932us total 68.686ms
I/art     (10383): Starting a blocking GC Explicit
I/art     (10383): Explicit concurrent mark sweep GC freed 64(3KB) AllocSpace objects, 0(0B) LOS objects, 28% free, 39MB/55MB, paused 1.014ms total 27.680ms
I/art     (10383): Starting a blocking GC Explicit
I/art     (10383): Explicit concurrent mark sweep GC freed 17(1408B) AllocSpace objects, 0(0B) LOS objects, 28% free, 39MB/55MB, paused 983us total 26.980ms
I/art     (10383): Starting a blocking GC Explicit
I/art     (10383): Explicit concurrent mark sweep GC freed 17(1408B) AllocSpace objects, 0(0B) LOS objects, 28% free, 39MB/55MB, paused 1.171ms total 28.204ms
I/art     (10383): Starting a blocking GC Explicit
I/art     (10383): Explicit concurrent mark sweep GC freed 17(1408B) AllocSpace objects, 0(0B) LOS objects, 28% free, 39MB/55MB, paused 940us total 26.382ms
I/ServiceManager(  536): Waiting for service AtCmdFwd...
I/ServiceManager(  536): Waiting for service AtCmdFwd...
I/ServiceManager(  536): Waiting for service AtCmdFwd...
I/ThermalEngine(  519): ACTION: GPU - Setting GPU[0] to 450000000
I/ServiceManager(  536): Waiting for service AtCmdFwd...

]]><xtc-duration value="170.1958745"/></xtc-step><!-- name: "undefined", id: "undefined" --><![CDATA[
I/art     (10383): Starting a blocking GC Explicit
I/art     (10383): Explicit concurrent mark sweep GC freed 2806(212KB) AllocSpace objects, 1(20KB) LOS objects, 28% free, 40MB/56MB, paused 644us total 23.504ms
I/art     (10383): Starting a blocking GC Explicit
I/art     (10383): Explicit concurrent mark sweep GC freed 62(2896B) AllocSpace objects, 0(0B) LOS objects, 28% free, 40MB/56MB, paused 717us total 22.940ms
I/art     (10383): Starting a blocking GC Explicit
I/art     (10383): Explicit concurrent mark sweep GC freed 3(96B) AllocSpace objects, 0(0B) LOS objects, 28% free, 39MB/55MB, paused 607us total 22.533ms
I/art     (10383): Starting a blocking GC Explicit
I/art     (10383): Explicit concurrent mark sweep GC freed 17(1408B) AllocSpace objects, 0(0B) LOS objects, 28% free, 39MB/55MB, paused 597us total 22.293ms
I/art     (10383): Starting a blocking GC Explicit
I/art     (10383): Explicit concurrent mark sweep GC freed 17(1408B) AllocSpace objects, 0(0B) LOS objects, 28% free, 40MB/56MB, paused 615us total 23.392ms
I/ServiceManager(  536): Waiting for service AtCmdFwd...

]]><xtc-step name="[0-1116]CareerBuilder_Search.DroidFeatureTests.SavedJobsTests.AllFitlerShowsOnlyAllAndSticksBetweenTabs-0-7EA587ADDF68305A2CC6FE8E3A181974734340B6-SwipeRightToLeft - swipe to Resume" id="[0-1116]CareerBuilder_Search.DroidFeatureTests.SavedJobsTests.AllFitlerShowsOnlyAllAndSticksBetweenTabs-0-7EA587ADDF68305A2CC6FE8E3A181974734340B6-SwipeRightToLeft - swipe to Resume"><![CDATA[
W/Atfwd_Sendcmd(  536): AtCmdFwd service not published, waiting... retryCnt : 3
I/System.out(10383): URI: /map
I/System.out(10383): params: {json={"query":"all * index:0","operation":{"method_name":"query","arguments":[]}}
I/System.out(10383): }
W/ResourceType(10383): No known package when getting name for resource number 0xffffffff
I/ThermalEngine(  519): ACTION: GPU - Setting GPU[0] to 390000000
I/System.out(10383): URI: /map
I/System.out(10383): params: {json={"query":"all * index:0","operation":{"method_name":"query","arguments":[]}}
I/System.out(10383): }
W/ResourceType(10383): No known package when getting name for resource number 0xffffffff
I/System.out(10383): URI: /gesture
I/System.out(10383): params: {json={"gestures":[{"touches":[{"query_string":null,"offset_x":108,"offset_y":1196,"wait":0.0,"time":0.244,"x":0,"y":0,"release":false},{"query_string":null,"offset_x":1332,"offset_y":1196,"wait":0.0,"time":0.0,"x":0,"y":0,"release":false}]}],"query_timeout":5.0}
I/System.out(10383): }
I/mono-stdout(10383): uri is: https://api.careerbuilder.com/consumer/saved-jobs/?DeveloperKey=WDHR8FC6P2JZ1Y61KLM5
I/mono-stdout(10383): making api call to: /consumer/saved-jobs/?DeveloperKey=WDHR8FC6P2JZ1Y61KLM5
I/mono-stdout(10383): Method: GET, RequestUri: 'https://api.careerbuilder.com/consumer/saved-jobs/?DeveloperKey=WDHR8FC6P2JZ1Y61KLM5', Version: 1.1, Content: <null>, Headers:

I/mono-stdout(10383): {

I/mono-stdout(10383): DeveloperKey: WDHR8FC6P2JZ1Y61KLM5

I/mono-stdout(10383): Accept: application/json

I/mono-stdout(10383): Authorization: Bearer test

I/mono-stdout(10383): HostSite: US

I/mono-stdout(10383): }
I/mono-stdout(10383): Current State = 1,2,6,7
I/mono-stdout(10383): applied jobs = 6
I/mono-stdout(10383): expired jobs = 7
I/mono-stdout(10383): saved jobs = Saved,Saved,Applied,Saved
I/System.out(10383): URI: /map
I/System.out(10383): params: {json={"query":"*","operation":{"method_name":"query","arguments":[]}}
I/System.out(10383): }
I/mono-stdout(10383): done making call to: /consumer/saved-jobs/?DeveloperKey=WDHR8FC6P2JZ1Y61KLM5
D/Mono    (10383): [0xd90bf930] hill climbing, change max number of threads 8
I/Keyboard.Facilitator( 3434): onFinishInput()
W/ResourceType(10383): No known package when getting name for resource number 0xffffffff
W/ResourceType(10383): No known package when getting name for resource number 0xffffffff
W/ResourceType(10383): No known package when getting name for resource number 0xffffffff
W/ResourceType(10383): No known package when getting name for resource number 0xffffffff
W/ResourceType(10383): No known package when getting name for resource number 0xffffffff
W/ResourceType(10383): No known package when getting name for resource number 0xffffffff
W/ResourceType(10383): No known package when getting name for resource number 0xffffffff
W/ResourceType(10383): No known package when getting name for resource number 0xffffffff
W/ResourceType(10383): No known package when getting name for resource number 0xffffffff
W/ResourceType(10383): No known package when getting name for resource number 0xffffffff
W/ResourceType(10383): No known package when getting name for resource number 0xffffffff
W/ResourceType(10383): No known package when getting name for resource number 0xffffffff
W/ResourceType(10383): No known package when getting name for resource number 0xffffffff
W/ResourceType(10383): No known package when getting name for resource number 0xffffffff
W/ResourceType(10383): No known package when getting name for resource number 0xffffffff
W/ResourceType(10383): No known package when getting name for resource number 0xffffffff
W/ResourceType(10383): No known package when getting name for resource number 0xffffffff
I/System.out(10383): URI: /map
I/System.out(10383): params: {json={"query":"*","operation":{"method_name":"query","arguments":[]}}
I/System.out(10383): }
I/art     (10383): Starting a blocking GC Explicit
I/art     (10383): Explicit concurrent mark sweep GC freed 379805(14MB) AllocSpace objects, 19(392KB) LOS objects, 28% free, 40MB/56MB, paused 1.140ms total 79.337ms
I/art     (10383): Starting a blocking GC Explicit
I/art     (10383): Explicit concurrent mark sweep GC freed 10372(304KB) AllocSpace objects, 0(0B) LOS objects, 28% free, 40MB/56MB, paused 1.035ms total 28.720ms
I/art     (10383): Starting a blocking GC Explicit
I/art     (10383): Explicit concurrent mark sweep GC freed 4922(143KB) AllocSpace objects, 0(0B) LOS objects, 28% free, 40MB/56MB, paused 1.046ms total 29.173ms
I/art     (10383): Starting a blocking GC Explicit
I/art     (10383): Explicit concurrent mark sweep GC freed 4508(131KB) AllocSpace objects, 0(0B) LOS objects, 28% free, 40MB/56MB, paused 1.059ms total 29.250ms
I/art     (10383): Starting a blocking GC Explicit
I/art     (10383): Explicit concurrent mark sweep GC freed 4267(124KB) AllocSpace objects, 0(0B) LOS objects, 28% free, 40MB/56MB, paused 1.018ms total 28.727ms
W/ResourceType(10383): No known package when getting name for resource number 0xffffffff
W/ResourceType(10383): No known package when getting name for resource number 0xffffffff
W/ResourceType(10383): No known package when getting name for resource number 0xffffffff
W/ResourceType(10383): No known package when getting name for resource number 0xffffffff
W/ResourceType(10383): No known package when getting name for resource number 0xffffffff
W/ResourceType(10383): No known package when getting name for resource number 0xffffffff
W/ResourceType(10383): No known package when getting name for resource number 0xffffffff
W/ResourceType(10383): No known package when getting name for resource number 0xffffffff
W/ResourceType(10383): No known package when getting name for resource number 0xffffffff
W/ResourceType(10383): No known package when getting name for resource number 0xffffffff
W/ResourceType(10383): No known package when getting name for resource number 0xffffffff
W/ResourceType(10383): No known package when getting name for resource number 0xffffffff
W/ResourceType(10383): No known package when getting name for resource number 0xffffffff
W/ResourceType(10383): No known package when getting name for resource number 0xffffffff
W/ResourceType(10383): No known package when getting name for resource number 0xffffffff
W/ResourceType(10383): No known package when getting name for resource number 0xffffffff
W/ResourceType(10383): No known package when getting name for resource number 0xffffffff
I/System.out(10383): URI: /map
I/System.out(10383): params: {json={"query":"*","operation":{"method_name":"query","arguments":[]}}
I/System.out(10383): }
W/ResourceType(10383): No known package when getting name for resource number 0xffffffff
W/ResourceType(10383): No known package when getting name for resource number 0xffffffff
W/ResourceType(10383): No known package when getting name for resource number 0xffffffff
W/ResourceType(10383): No known package when getting name for resource number 0xffffffff
W/ResourceType(10383): No known package when getting name for resource number 0xffffffff
W/ResourceType(10383): No known package when getting name for resource number 0xffffffff
W/ResourceType(10383): No known package when getting name for resource number 0xffffffff
W/ResourceType(10383): No known package when getting name for resource number 0xffffffff
W/ResourceType(10383): No known package when getting name for resource number 0xffffffff
W/ResourceType(10383): No known package when getting name for resource number 0xffffffff
W/ResourceType(10383): No known package when getting name for resource number 0xffffffff
W/ResourceType(10383): No known package when getting name for resource number 0xffffffff
W/ResourceType(10383): No known package when getting name for resource number 0xffffffff
W/ResourceType(10383): No known package when getting name for resource number 0xffffffff
W/ResourceType(10383): No known package when getting name for resource number 0xffffffff
W/ResourceType(10383): No known package when getting name for resource number 0xffffffff
W/ResourceType(10383): No known package when getting name for resource number 0xffffffff
I/ThermalEngine(  519): ACTION: GPU - Setting GPU[0] to 450000000
I/art     (10383): Starting a blocking GC Explicit
I/art     (10383): Explicit concurrent mark sweep GC freed 388763(12MB) AllocSpace objects, 14(344KB) LOS objects, 28% free, 40MB/56MB, paused 608us total 59.216ms
D/WifiStateMachine(  926): starting scan for "xtc-ag"WPA_PSK with 5240,5180,5220,5200
I/art     (10383): Starting a blocking GC Explicit
I/art     (10383): Explicit concurrent mark sweep GC freed 78(4KB) AllocSpace objects, 0(0B) LOS objects, 28% free, 40MB/56MB, paused 624us total 23.626ms
I/art     (10383): Starting a blocking GC Explicit
I/art     (10383): Explicit concurrent mark sweep GC freed 17(1408B) AllocSpace objects, 0(0B) LOS objects, 28% free, 40MB/56MB, paused 665us total 23.445ms
I/art     (10383): Starting a blocking GC Explicit
I/art     (10383): Explicit concurrent mark sweep GC freed 3(96B) AllocSpace objects, 0(0B) LOS objects, 28% free, 40MB/56MB, paused 729us total 24.206ms
I/art     (10383): Starting a blocking GC Explicit
I/art     (10383): Explicit concurrent mark sweep GC freed 17(1408B) AllocSpace objects, 0(0B) LOS objects, 28% free, 40MB/56MB, paused 610us total 22.832ms
D/ConnectivityService(  926): notifyType CAP_CHANGED for NetworkAgentInfo [WIFI () - 100]
I/ThermalEngine(  519): ACTION: GPU - Setting GPU[0] to 390000000
D/ConnectivityService(  926): notifyType CAP_CHANGED for NetworkAgentInfo [WIFI () - 100]

]]><xtc-duration value="14.530814399999999"/></xtc-step><!-- name: "undefined", id: "undefined" --><![CDATA[
D/Mono    (10383): [0xd9341930] worker finishing
I/ServiceManager(  536): Waiting for service AtCmdFwd...
I/art     (10383): Starting a blocking GC Explicit
I/art     (10383): Explicit concurrent mark sweep GC freed 2835(214KB) AllocSpace objects, 1(20KB) LOS objects, 28% free, 40MB/56MB, paused 896us total 29.474ms
I/art     (10383): Starting a blocking GC Explicit
I/art     (10383): Explicit concurrent mark sweep GC freed 62(2896B) AllocSpace objects, 0(0B) LOS objects, 28% free, 40MB/56MB, paused 920us total 26.866ms
I/art     (10383): Starting a blocking GC Explicit
I/art     (10383): Explicit concurrent mark sweep GC freed 3(96B) AllocSpace objects, 0(0B) LOS objects, 28% free, 40MB/56MB, paused 988us total 28.011ms
I/art     (10383): Starting a blocking GC Explicit
I/art     (10383): Explicit concurrent mark sweep GC freed 17(1408B) AllocSpace objects, 0(0B) LOS objects, 28% free, 40MB/56MB, paused 1.001ms total 28.454ms
I/art     (10383): Starting a blocking GC Explicit
I/art     (10383): Explicit concurrent mark sweep GC freed 17(1408B) AllocSpace objects, 0(0B) LOS objects, 28% free, 40MB/56MB, paused 881us total 26.872ms
I/ThermalEngine(  519): ACTION: GPU - Setting GPU[0] to 450000000

]]><xtc-step name="[0-1116]CareerBuilder_Search.DroidFeatureTests.SavedJobsTests.AllFitlerShowsOnlyAllAndSticksBetweenTabs-1-92C0BDDA90A28A2968CE16BC365A91191D63873C-SwipeLeftToRight - swipe back to My Jobs" id="[0-1116]CareerBuilder_Search.DroidFeatureTests.SavedJobsTests.AllFitlerShowsOnlyAllAndSticksBetweenTabs-1-92C0BDDA90A28A2968CE16BC365A91191D63873C-SwipeLeftToRight - swipe back to My Jobs"><![CDATA[
I/ServiceManager(  536): Waiting for service AtCmdFwd...
I/System.out(10383): URI: /map
I/System.out(10383): params: {json={"query":"* marked:'All (4)'","operation":{"method_name":"query","arguments":[]}}
I/System.out(10383): }
W/ResourceType(10383): No known package when getting name for resource number 0xffffffff
W/ResourceType(10383): No known package when getting name for resource number 0xffffffff
W/ResourceType(10383): No known package when getting name for resource number 0xffffffff
W/ResourceType(10383): No known package when getting name for resource number 0xffffffff
W/ResourceType(10383): No known package when getting name for resource number 0xffffffff
W/ResourceType(10383): No known package when getting name for resource number 0xffffffff
W/ResourceType(10383): No known package when getting name for resource number 0xffffffff
W/ResourceType(10383): No known package when getting name for resource number 0xffffffff
W/ResourceType(10383): No known package when getting name for resource number 0xffffffff
W/ResourceType(10383): No known package when getting name for resource number 0xffffffff
W/ResourceType(10383): No known package when getting name for resource number 0xffffffff
W/ResourceType(10383): No known package when getting name for resource number 0xffffffff
W/ResourceType(10383): No known package when getting name for resource number 0xffffffff
W/ResourceType(10383): No known package when getting name for resource number 0xffffffff
W/ResourceType(10383): No known package when getting name for resource number 0xffffffff
W/ResourceType(10383): No known package when getting name for resource number 0xffffffff
W/ResourceType(10383): No known package when getting name for resource number 0xffffffff
W/ResourceType(10383): No known package when getting name for resource number 0xffffffff
W/ResourceType(10383): No known package when getting name for resource number 0xffffffff
W/ResourceType(10383): No known package when getting name for resource number 0xffffffff
W/ResourceType(10383): No known package when getting name for resource number 0xffffffff
W/ResourceType(10383): No known package when getting name for resource number 0xffffffff
W/ResourceType(10383): No known package when getting name for resource number 0xffffffff
W/ResourceType(10383): No known package when getting name for resource number 0xffffffff
W/ResourceType(10383): No known package when getting name for resource number 0xffffffff
W/ResourceType(10383): No known package when getting name for resource number 0xffffffff
W/ResourceType(10383): No known package when getting name for resource number 0xffffffff
W/ResourceType(10383): No known package when getting name for resource number 0xffffffff
W/ResourceType(10383): No known package when getting name for resource number 0xffffffff
W/ResourceType(10383): No known package when getting name for resource number 0xffffffff
W/ResourceType(10383): No known package when getting name for resource number 0xffffffff
W/ResourceType(10383): No known package when getting name for resource number 0xffffffff
W/ResourceType(10383): No known package when getting name for resource number 0xffffffff
W/ResourceType(10383): No known package when getting name for resource number 0xffffffff
W/ResourceType(10383): No known package when getting name for resource number 0xffffffff
W/ResourceType(10383): No known package when getting name for resource number 0xffffffff
W/ResourceType(10383): No known package when getting name for resource number 0xffffffff
W/ResourceType(10383): No known package when getting name for resource number 0xffffffff
W/ResourceType(10383): No known package when getting name for resource number 0xffffffff
W/ResourceType(10383): No known package when getting name for resource number 0xffffffff
W/ResourceType(10383): No known package when getting name for resource number 0xffffffff
W/ResourceType(10383): No known package when getting name for resource number 0xffffffff
W/ResourceType(10383): No known package when getting name for resource number 0xffffffff
W/ResourceType(10383): No known package when getting name for resource number 0xffffffff
W/ResourceType(10383): No known package when getting name for resource number 0xffffffff
W/ResourceType(10383): No known package when getting name for resource number 0xffffffff
W/ResourceType(10383): No known package when getting name for resource number 0xffffffff
W/ResourceType(10383): No known package when getting name for resource number 0xffffffff
W/ResourceType(10383): No known package when getting name for resource number 0xffffffff
W/ResourceType(10383): No known package when getting name for resource number 0xffffffff
W/ResourceType(10383): No known package when getting name for resource number 0xffffffff
W/ResourceType(10383): No known package when getting name for resource number 0xffffffff
W/ResourceType(10383): No known package when getting name for resource number 0xffffffff
W/ResourceType(10383): No known package when getting name for resource number 0xffffffff
W/ResourceType(10383): No known package when getting name for resource number 0xffffffff
W/ResourceType(10383): No known package when getting name for resource number 0xffffffff
W/ResourceType(10383): No known package when getting name for resource number 0xffffffff
W/ResourceType(10383): No known package when getting name for resource number 0xffffffff
W/ResourceType(10383): No known package when getting name for resource number 0xffffffff
W/ResourceType(10383): No known package when getting name for resource number 0xffffffff
W/ResourceType(10383): No known package when getting name for resource number 0xffffffff
W/ResourceType(10383): No known package when getting name for resource number 0xffffffff
W/ResourceType(10383): No known package when getting name for resource number 0xffffffff
W/ResourceType(10383): No known package when getting name for resource number 0xffffffff
W/ResourceType(10383): No known package when getting name for resource number 0xffffffff
W/ResourceType(10383): No known package when getting name for resource number 0xffffffff
I/ServiceManager(  536): Waiting for service AtCmdFwd...
I/System.out(10383): URI: /map
I/System.out(10383): params: {json={"query":"* marked:'All (4)'","operation":{"method_name":"query","arguments":[]}}
I/System.out(10383): }
W/ResourceType(10383): No known package when getting name for resource number 0xffffffff
W/ResourceType(10383): No known package when getting name for resource number 0xffffffff
W/ResourceType(10383): No known package when getting name for resource number 0xffffffff
W/ResourceType(10383): No known package when getting name for resource number 0xffffffff
W/ResourceType(10383): No known package when getting name for resource number 0xffffffff
W/ResourceType(10383): No known package when getting name for resource number 0xffffffff
W/ResourceType(10383): No known package when getting name for resource number 0xffffffff
W/ResourceType(10383): No known package when getting name for resource number 0xffffffff
W/ResourceType(10383): No known package when getting name for resource number 0xffffffff
W/ResourceType(10383): No known package when getting name for resource number 0xffffffff
W/ResourceType(10383): No known package when getting name for resource number 0xffffffff
W/ResourceType(10383): No known package when getting name for resource number 0xffffffff
W/ResourceType(10383): No known package when getting name for resource number 0xffffffff
W/ResourceType(10383): No known package when getting name for resource number 0xffffffff
W/ResourceType(10383): No known package when getting name for resource number 0xffffffff
W/ResourceType(10383): No known package when getting name for resource number 0xffffffff
W/ResourceType(10383): No known package when getting name for resource number 0xffffffff
W/ResourceType(10383): No known package when getting name for resource number 0xffffffff
W/ResourceType(10383): No known package when getting name for resource number 0xffffffff
W/ResourceType(10383): No known package when getting name for resource number 0xffffffff
W/ResourceType(10383): No known package when getting name for resource number 0xffffffff
W/ResourceType(10383): No known package when getting name for resource number 0xffffffff
W/ResourceType(10383): No known package when getting name for resource number 0xffffffff
W/ResourceType(10383): No known package when getting name for resource number 0xffffffff
W/ResourceType(10383): No known package when getting name for resource number 0xffffffff
W/ResourceType(10383): No known package when getting name for resource number 0xffffffff
W/ResourceType(10383): No known package when getting name for resource number 0xffffffff
W/ResourceType(10383): No known package when getting name for resource number 0xffffffff
W/ResourceType(10383): No known package when getting name for resource number 0xffffffff
W/ResourceType(10383): No known package when getting name for resource number 0xffffffff
W/ResourceType(10383): No known package when getting name for resource number 0xffffffff
W/ResourceType(10383): No known package when getting name for resource number 0xffffffff
W/ResourceType(10383): No known package when getting name for resource number 0xffffffff
W/ResourceType(10383): No known package when getting name for resource number 0xffffffff
W/ResourceType(10383): No known package when getting name for resource number 0xffffffff
W/ResourceType(10383): No known package when getting name for resource number 0xffffffff
W/ResourceType(10383): No known package when getting name for resource number 0xffffffff
W/ResourceType(10383): No known package when getting name for resource number 0xffffffff
W/ResourceType(10383): No known package when getting name for resource number 0xffffffff
W/ResourceType(10383): No known package when getting name for resource number 0xffffffff
W/ResourceType(10383): No known package when getting name for resource number 0xffffffff
W/ResourceType(10383): No known package when getting name for resource number 0xffffffff
W/ResourceType(10383): No known package when getting name for resource number 0xffffffff
W/ResourceType(10383): No known package when getting name for resource number 0xffffffff
W/ResourceType(10383): No known package when getting name for resource number 0xffffffff
W/ResourceType(10383): No known package when getting name for resource number 0xffffffff
W/ResourceType(10383): No known package when getting name for resource number 0xffffffff
W/ResourceType(10383): No known package when getting name for resource number 0xffffffff
W/ResourceType(10383): No known package when getting name for resource number 0xffffffff
W/ResourceType(10383): No known package when getting name for resource number 0xffffffff
W/ResourceType(10383): No known package when getting name for resource number 0xffffffff
W/ResourceType(10383): No known package when getting name for resource number 0xffffffff
W/ResourceType(10383): No known package when getting name for resource number 0xffffffff
W/ResourceType(10383): No known package when getting name for resource number 0xffffffff
W/ResourceType(10383): No known package when getting name for resource number 0xffffffff
W/ResourceType(10383): No known package when getting name for resource number 0xffffffff
W/ResourceType(10383): No known package when getting name for resource number 0xffffffff
W/ResourceType(10383): No known package when getting name for resource number 0xffffffff
W/ResourceType(10383): No known package when getting name for resource number 0xffffffff
W/ResourceType(10383): No known package when getting name for resource number 0xffffffff
W/ResourceType(10383): No known package when getting name for resource number 0xffffffff
W/ResourceType(10383): No known package when getting name for resource number 0xffffffff
W/ResourceType(10383): No known package when getting name for resource number 0xffffffff
W/ResourceType(10383): No known package when getting name for resource number 0xffffffff
W/ResourceType(10383): No known package when getting name for resource number 0xffffffff
W/ResourceType(10383): No known package when getting name for resource number 0xffffffff
I/System.out(10383): URI: /map
I/System.out(10383): params: {json={"query":"* marked:'JobTitle1' parent * child * {text BEGINSWITH 'SAVED:'}","operation":{"method_name":"query","arguments":[]}}
I/System.out(10383): }
W/ResourceType(10383): No known package when getting name for resource number 0xffffffff
W/ResourceType(10383): No known package when getting name for resource number 0xffffffff
W/ResourceType(10383): No known package when getting name for resource number 0xffffffff
W/ResourceType(10383): No known package when getting name for resource number 0xffffffff
W/ResourceType(10383): No known package when getting name for resource number 0xffffffff
W/ResourceType(10383): No known package when getting name for resource number 0xffffffff
W/ResourceType(10383): No known package when getting name for resource number 0xffffffff
W/ResourceType(10383): No known package when getting name for resource number 0xffffffff
W/ResourceType(10383): No known package when getting name for resource number 0xffffffff
W/ResourceType(10383): No known package when getting name for resource number 0xffffffff
W/ResourceType(10383): No known package when getting name for resource number 0xffffffff
W/ResourceType(10383): No known package when getting name for resource number 0xffffffff
W/ResourceType(10383): No known package when getting name for resource number 0xffffffff
W/ResourceType(10383): No known package when getting name for resource number 0xffffffff
W/ResourceType(10383): No known package when getting name for resource number 0xffffffff
W/ResourceType(10383): No known package when getting name for resource number 0xffffffff
W/ResourceType(10383): No known package when getting name for resource number 0xffffffff
W/ResourceType(10383): No known package when getting name for resource number 0xffffffff
W/ResourceType(10383): No known package when getting name for resource number 0xffffffff
W/ResourceType(10383): No known package when getting name for resource number 0xffffffff
W/ResourceType(10383): No known package when getting name for resource number 0xffffffff
W/ResourceType(10383): No known package when getting name for resource number 0xffffffff
W/ResourceType(10383): No known package when getting name for resource number 0xffffffff
W/ResourceType(10383): No known package when getting name for resource number 0xffffffff
W/ResourceType(10383): No known package when getting name for resource number 0xffffffff
W/ResourceType(10383): No known package when getting name for resource number 0xffffffff
W/ResourceType(10383): No known package when getting name for resource number 0xffffffff
W/ResourceType(10383): No known package when getting name for resource number 0xffffffff
W/ResourceType(10383): No known package when getting name for resource number 0xffffffff
W/ResourceType(10383): No known package when getting name for resource number 0xffffffff
W/ResourceType(10383): No known package when getting name for resource number 0xffffffff
W/ResourceType(10383): No known package when getting name for resource number 0xffffffff
W/ResourceType(10383): No known package when getting name for resource number 0xffffffff
W/ResourceType(10383): No known package when getting name for resource number 0xffffffff
W/ResourceType(10383): No known package when getting name for resource number 0xffffffff
W/ResourceType(10383): No known package when getting name for resource number 0xffffffff
W/ResourceType(10383): No known package when getting name for resource number 0xffffffff
W/ResourceType(10383): No known package when getting name for resource number 0xffffffff
W/ResourceType(10383): No known package when getting name for resource number 0xffffffff
W/ResourceType(10383): No known package when getting name for resource number 0xffffffff
W/ResourceType(10383): No known package when getting name for resource number 0xffffffff
W/ResourceType(10383): No known package when getting name for resource number 0xffffffff
W/ResourceType(10383): No known package when getting name for resource number 0xffffffff
W/ResourceType(10383): No known package when getting name for resource number 0xffffffff
W/ResourceType(10383): No known package when getting name for resource number 0xffffffff
W/ResourceType(10383): No known package when getting name for resource number 0xffffffff
W/ResourceType(10383): No known package when getting name for resource number 0xffffffff
W/ResourceType(10383): No known package when getting name for resource number 0xffffffff
W/ResourceType(10383): No known package when getting name for resource number 0xffffffff
W/ResourceType(10383): No known package when getting name for resource number 0xffffffff
W/ResourceType(10383): No known package when getting name for resource number 0xffffffff
W/ResourceType(10383): No known package when getting name for resource number 0xffffffff
W/ResourceType(10383): No known package when getting name for resource number 0xffffffff
W/ResourceType(10383): No known package when getting name for resource number 0xffffffff
W/ResourceType(10383): No known package when getting name for resource number 0xffffffff
W/ResourceType(10383): No known package when getting name for resource number 0xffffffff
W/ResourceType(10383): No known package when getting name for resource number 0xffffffff
W/ResourceType(10383): No known package when getting name for resource number 0xffffffff
W/ResourceType(10383): No known package when getting name for resource number 0xffffffff
I/ServiceManager(  536): Waiting for service AtCmdFwd...
W/ResourceType(10383): No known package when getting name for resource number 0xffffffff
W/ResourceType(10383): No known package when getting name for resource number 0xffffffff
W/ResourceType(10383): No known package when getting name for resource number 0xffffffff
W/ResourceType(10383): No known package when getting name for resource number 0xffffffff
W/ResourceType(10383): No known package when getting name for resource number 0xffffffff
W/ResourceType(10383): No known package when getting name for resource number 0xffffffff
W/ResourceType(10383): No known package when getting name for resource number 0xffffffff
D/Mono    (10383): [0xd90bf930] worker finishing
I/System.out(10383): URI: /map
I/System.out(10383): params: {json={"query":"* marked:'JobTitle1' parent * child * {text BEGINSWITH 'SAVED:'}","operation":{"method_name":"query","arguments":[]}}
I/System.out(10383): }
W/ResourceType(10383): No known package when getting name for resource number 0xffffffff
W/ResourceType(10383): No known package when getting name for resource number 0xffffffff
W/ResourceType(10383): No known package when getting name for resource number 0xffffffff
W/ResourceType(10383): No known package when getting name for resource number 0xffffffff
W/ResourceType(10383): No known package when getting name for resource number 0xffffffff
W/ResourceType(10383): No known package when getting name for resource number 0xffffffff
W/ResourceType(10383): No known package when getting name for resource number 0xffffffff
W/ResourceType(10383): No known package when getting name for resource number 0xffffffff
W/ResourceType(10383): No known package when getting name for resource number 0xffffffff
W/ResourceType(10383): No known package when getting name for resource number 0xffffffff
W/ResourceType(10383): No known package when getting name for resource number 0xffffffff
W/ResourceType(10383): No known package when getting name for resource number 0xffffffff
W/ResourceType(10383): No known package when getting name for resource number 0xffffffff
W/ResourceType(10383): No known package when getting name for resource number 0xffffffff
W/ResourceType(10383): No known package when getting name for resource number 0xffffffff
W/ResourceType(10383): No known package when getting name for resource number 0xffffffff
W/ResourceType(10383): No known package when getting name for resource number 0xffffffff
W/ResourceType(10383): No known package when getting name for resource number 0xffffffff
W/ResourceType(10383): No known package when getting name for resource number 0xffffffff
W/ResourceType(10383): No known package when getting name for resource number 0xffffffff
W/ResourceType(10383): No known package when getting name for resource number 0xffffffff
W/ResourceType(10383): No known package when getting name for resource number 0xffffffff
W/ResourceType(10383): No known package when getting name for resource number 0xffffffff
W/ResourceType(10383): No known package when getting name for resource number 0xffffffff
W/ResourceType(10383): No known package when getting name for resource number 0xffffffff
W/ResourceType(10383): No known package when getting name for resource number 0xffffffff
W/ResourceType(10383): No known package when getting name for resource number 0xffffffff
W/ResourceType(10383): No known package when getting name for resource number 0xffffffff
W/ResourceType(10383): No known package when getting name for resource number 0xffffffff
W/ResourceType(10383): No known package when getting name for resource number 0xffffffff
W/ResourceType(10383): No known package when getting name for resource number 0xffffffff
W/ResourceType(10383): No known package when getting name for resource number 0xffffffff
W/ResourceType(10383): No known package when getting name for resource number 0xffffffff
W/ResourceType(10383): No known package when getting name for resource number 0xffffffff
W/ResourceType(10383): No known package when getting name for resource number 0xffffffff
W/ResourceType(10383): No known package when getting name for resource number 0xffffffff
W/ResourceType(10383): No known package when getting name for resource number 0xffffffff
W/ResourceType(10383): No known package when getting name for resource number 0xffffffff
W/ResourceType(10383): No known package when getting name for resource number 0xffffffff
W/ResourceType(10383): No known package when getting name for resource number 0xffffffff
W/ResourceType(10383): No known package when getting name for resource number 0xffffffff
W/ResourceType(10383): No known package when getting name for resource number 0xffffffff
W/ResourceType(10383): No known package when getting name for resource number 0xffffffff
W/ResourceType(10383): No known package when getting name for resource number 0xffffffff
W/ResourceType(10383): No known package when getting name for resource number 0xffffffff
W/ResourceType(10383): No known package when getting name for resource number 0xffffffff
W/ResourceType(10383): No known package when getting name for resource number 0xffffffff
W/ResourceType(10383): No known package when getting name for resource number 0xffffffff
W/ResourceType(10383): No known package when getting name for resource number 0xffffffff
W/ResourceType(10383): No known package when getting name for resource number 0xffffffff
