W/ResourceType(10383): No known package when getting name for resource number 0xffffffff
W/ResourceType(10383): No known package when getting name for resource number 0xffffffff
W/ResourceType(10383): No known package when getting name for resource number 0xffffffff
W/ResourceType(10383): No known package when getting name for resource number 0xffffffff
W/ResourceType(10383): No known package when getting name for resource number 0xffffffff
W/ResourceType(10383): No known package when getting name for resource number 0xffffffff
W/ResourceType(10383): No known package when getting name for resource number 0xffffffff
W/ResourceType(10383): No known package when getting name for resource number 0xffffffff
W/ResourceType(10383): No known package when getting name for resource number 0xffffffff
W/ResourceType(10383): No known package when getting name for resource number 0xffffffff
W/ResourceType(10383): No known package when getting name for resource number 0xffffffff
W/ResourceType(10383): No known package when getting name for resource number 0xffffffff
W/ResourceType(10383): No known package when getting name for resource number 0xffffffff
W/ResourceType(10383): No known package when getting name for resource number 0xffffffff
W/ResourceType(10383): No known package when getting name for resource number 0xffffffff
W/ResourceType(10383): No known package when getting name for resource number 0xffffffff
I/ThermalEngine(  519): ACTION: GPU - Setting GPU[0] to 390000000
I/ServiceManager(  536): Waiting for service AtCmdFwd...
I/System.out(10383): URI: /map
I/System.out(10383): params: {json={"query":"* marked:'JobTitle2' parent * child * {text BEGINSWITH 'SAVED:'}","operation":{"method_name":"query","arguments":[]}}
I/System.out(10383): }
W/ResourceType(10383): No known package when getting name for resource number 0xffffffff
W/ResourceType(10383): No known package when getting name for resource number 0xffffffff
W/ResourceType(10383): No known package when getting name for resource number 0xffffffff
W/ResourceType(10383): No known package when getting name for resource number 0xffffffff
W/ResourceType(10383): No known package when getting name for resource number 0xffffffff
W/ResourceType(10383): No known package when getting name for resource number 0xffffffff
W/ResourceType(10383): No known package when getting name for resource number 0xffffffff
W/ResourceType(10383): No known package when getting name for resource number 0xffffffff
W/ResourceType(10383): No known package when getting name for resource number 0xffffffff
W/ResourceType(10383): No known package when getting name for resource number 0xffffffff
W/ResourceType(10383): No known package when getting name for resource number 0xffffffff
W/ResourceType(10383): No known package when getting name for resource number 0xffffffff
W/ResourceType(10383): No known package when getting name for resource number 0xffffffff
W/ResourceType(10383): No known package when getting name for resource number 0xffffffff
W/ResourceType(10383): No known package when getting name for resource number 0xffffffff
W/ResourceType(10383): No known package when getting name for resource number 0xffffffff
W/ResourceType(10383): No known package when getting name for resource number 0xffffffff
W/ResourceType(10383): No known package when getting name for resource number 0xffffffff
W/ResourceType(10383): No known package when getting name for resource number 0xffffffff
W/ResourceType(10383): No known package when getting name for resource number 0xffffffff
W/ResourceType(10383): No known package when getting name for resource number 0xffffffff
W/ResourceType(10383): No known package when getting name for resource number 0xffffffff
W/ResourceType(10383): No known package when getting name for resource number 0xffffffff
W/ResourceType(10383): No known package when getting name for resource number 0xffffffff
W/ResourceType(10383): No known package when getting name for resource number 0xffffffff
W/ResourceType(10383): No known package when getting name for resource number 0xffffffff
W/ResourceType(10383): No known package when getting name for resource number 0xffffffff
W/ResourceType(10383): No known package when getting name for resource number 0xffffffff
W/ResourceType(10383): No known package when getting name for resource number 0xffffffff
W/ResourceType(10383): No known package when getting name for resource number 0xffffffff
W/ResourceType(10383): No known package when getting name for resource number 0xffffffff
W/ResourceType(10383): No known package when getting name for resource number 0xffffffff
W/ResourceType(10383): No known package when getting name for resource number 0xffffffff
W/ResourceType(10383): No known package when getting name for resource number 0xffffffff
W/ResourceType(10383): No known package when getting name for resource number 0xffffffff
W/ResourceType(10383): No known package when getting name for resource number 0xffffffff
W/ResourceType(10383): No known package when getting name for resource number 0xffffffff
W/ResourceType(10383): No known package when getting name for resource number 0xffffffff
W/ResourceType(10383): No known package when getting name for resource number 0xffffffff
W/ResourceType(10383): No known package when getting name for resource number 0xffffffff
W/ResourceType(10383): No known package when getting name for resource number 0xffffffff
W/ResourceType(10383): No known package when getting name for resource number 0xffffffff
W/ResourceType(10383): No known package when getting name for resource number 0xffffffff
W/ResourceType(10383): No known package when getting name for resource number 0xffffffff
W/ResourceType(10383): No known package when getting name for resource number 0xffffffff
W/ResourceType(10383): No known package when getting name for resource number 0xffffffff
W/ResourceType(10383): No known package when getting name for resource number 0xffffffff
W/ResourceType(10383): No known package when getting name for resource number 0xffffffff
W/ResourceType(10383): No known package when getting name for resource number 0xffffffff
W/ResourceType(10383): No known package when getting name for resource number 0xffffffff
W/ResourceType(10383): No known package when getting name for resource number 0xffffffff
W/ResourceType(10383): No known package when getting name for resource number 0xffffffff
W/ResourceType(10383): No known package when getting name for resource number 0xffffffff
W/ResourceType(10383): No known package when getting name for resource number 0xffffffff
W/ResourceType(10383): No known package when getting name for resource number 0xffffffff
W/ResourceType(10383): No known package when getting name for resource number 0xffffffff
W/ResourceType(10383): No known package when getting name for resource number 0xffffffff
W/ResourceType(10383): No known package when getting name for resource number 0xffffffff
W/ResourceType(10383): No known package when getting name for resource number 0xffffffff
W/ResourceType(10383): No known package when getting name for resource number 0xffffffff
W/ResourceType(10383): No known package when getting name for resource number 0xffffffff
W/ResourceType(10383): No known package when getting name for resource number 0xffffffff
W/ResourceType(10383): No known package when getting name for resource number 0xffffffff
W/ResourceType(10383): No known package when getting name for resource number 0xffffffff
W/ResourceType(10383): No known package when getting name for resource number 0xffffffff
W/ResourceType(10383): No known package when getting name for resource number 0xffffffff
W/Atfwd_Sendcmd(  536): AtCmdFwd service not published, waiting... retryCnt : 4
I/System.out(10383): URI: /map
I/System.out(10383): params: {json={"query":"* marked:'JobTitle2' parent * child * {text BEGINSWITH 'SAVED:'}","operation":{"method_name":"query","arguments":[]}}
I/System.out(10383): }
W/ResourceType(10383): No known package when getting name for resource number 0xffffffff
W/ResourceType(10383): No known package when getting name for resource number 0xffffffff
W/ResourceType(10383): No known package when getting name for resource number 0xffffffff
W/ResourceType(10383): No known package when getting name for resource number 0xffffffff
W/ResourceType(10383): No known package when getting name for resource number 0xffffffff
W/ResourceType(10383): No known package when getting name for resource number 0xffffffff
W/ResourceType(10383): No known package when getting name for resource number 0xffffffff
W/ResourceType(10383): No known package when getting name for resource number 0xffffffff
W/ResourceType(10383): No known package when getting name for resource number 0xffffffff
W/ResourceType(10383): No known package when getting name for resource number 0xffffffff
W/ResourceType(10383): No known package when getting name for resource number 0xffffffff
W/ResourceType(10383): No known package when getting name for resource number 0xffffffff
W/ResourceType(10383): No known package when getting name for resource number 0xffffffff
W/ResourceType(10383): No known package when getting name for resource number 0xffffffff
W/ResourceType(10383): No known package when getting name for resource number 0xffffffff
W/ResourceType(10383): No known package when getting name for resource number 0xffffffff
W/ResourceType(10383): No known package when getting name for resource number 0xffffffff
W/ResourceType(10383): No known package when getting name for resource number 0xffffffff
W/ResourceType(10383): No known package when getting name for resource number 0xffffffff
W/ResourceType(10383): No known package when getting name for resource number 0xffffffff
W/ResourceType(10383): No known package when getting name for resource number 0xffffffff
W/ResourceType(10383): No known package when getting name for resource number 0xffffffff
W/ResourceType(10383): No known package when getting name for resource number 0xffffffff
W/ResourceType(10383): No known package when getting name for resource number 0xffffffff
W/ResourceType(10383): No known package when getting name for resource number 0xffffffff
W/ResourceType(10383): No known package when getting name for resource number 0xffffffff
W/ResourceType(10383): No known package when getting name for resource number 0xffffffff
W/ResourceType(10383): No known package when getting name for resource number 0xffffffff
W/ResourceType(10383): No known package when getting name for resource number 0xffffffff
W/ResourceType(10383): No known package when getting name for resource number 0xffffffff
W/ResourceType(10383): No known package when getting name for resource number 0xffffffff
W/ResourceType(10383): No known package when getting name for resource number 0xffffffff
I/art     (10383): Starting a blocking GC Explicit
W/ResourceType(10383): No known package when getting name for resource number 0xffffffff
W/ResourceType(10383): No known package when getting name for resource number 0xffffffff
W/ResourceType(10383): No known package when getting name for resource number 0xffffffff
W/ResourceType(10383): No known package when getting name for resource number 0xffffffff
W/ResourceType(10383): No known package when getting name for resource number 0xffffffff
W/ResourceType(10383): No known package when getting name for resource number 0xffffffff
W/ResourceType(10383): No known package when getting name for resource number 0xffffffff
W/ResourceType(10383): No known package when getting name for resource number 0xffffffff
W/ResourceType(10383): No known package when getting name for resource number 0xffffffff
I/art     (10383): Explicit concurrent mark sweep GC freed 11135(539KB) AllocSpace objects, 1(20KB) LOS objects, 28% free, 40MB/56MB, paused 1.144ms total 31.955ms
W/ResourceType(10383): No known package when getting name for resource number 0xffffffff
W/ResourceType(10383): No known package when getting name for resource number 0xffffffff
W/ResourceType(10383): No known package when getting name for resource number 0xffffffff
I/art     (10383): Starting a blocking GC Explicit
W/ResourceType(10383): No known package when getting name for resource number 0xffffffff
W/ResourceType(10383): No known package when getting name for resource number 0xffffffff
W/ResourceType(10383): No known package when getting name for resource number 0xffffffff
W/ResourceType(10383): No known package when getting name for resource number 0xffffffff
W/ResourceType(10383): No known package when getting name for resource number 0xffffffff
I/art     (10383): Explicit concurrent mark sweep GC freed 1879(84KB) AllocSpace objects, 0(0B) LOS objects, 28% free, 40MB/56MB, paused 1.126ms total 32.273ms
W/ResourceType(10383): No known package when getting name for resource number 0xffffffff
W/ResourceType(10383): No known package when getting name for resource number 0xffffffff
W/ResourceType(10383): No known package when getting name for resource number 0xffffffff
I/art     (10383): Starting a blocking GC Explicit
W/ResourceType(10383): No known package when getting name for resource number 0xffffffff
W/ResourceType(10383): No known package when getting name for resource number 0xffffffff
W/ResourceType(10383): No known package when getting name for resource number 0xffffffff
W/ResourceType(10383): No known package when getting name for resource number 0xffffffff
I/art     (10383): Explicit concurrent mark sweep GC freed 1298(60KB) AllocSpace objects, 0(0B) LOS objects, 28% free, 40MB/56MB, paused 1.067ms total 29.128ms
I/art     (10383): Starting a blocking GC Explicit
I/art     (10383): Explicit concurrent mark sweep GC freed 1358(59KB) AllocSpace objects, 0(0B) LOS objects, 28% free, 40MB/56MB, paused 1.388ms total 29.366ms
I/art     (10383): Starting a blocking GC Explicit
W/ResourceType(10383): No known package when getting name for resource number 0xffffffff
W/ResourceType(10383): No known package when getting name for resource number 0xffffffff
W/ResourceType(10383): No known package when getting name for resource number 0xffffffff
W/ResourceType(10383): No known package when getting name for resource number 0xffffffff
W/ResourceType(10383): No known package when getting name for resource number 0xffffffff
W/ResourceType(10383): No known package when getting name for resource number 0xffffffff
W/ResourceType(10383): No known package when getting name for resource number 0xffffffff
I/art     (10383): Explicit concurrent mark sweep GC freed 1905(86KB) AllocSpace objects, 0(0B) LOS objects, 28% free, 40MB/56MB, paused 1.175ms total 29.253ms
W/ResourceType(10383): No known package when getting name for resource number 0xffffffff
W/ResourceType(10383): No known package when getting name for resource number 0xffffffff
W/ResourceType(10383): No known package when getting name for resource number 0xffffffff
I/System.out(10383): URI: /map
I/System.out(10383): params: {json={"query":"* marked:'JobTitle7'","operation":{"method_name":"query","arguments":[]}}
I/System.out(10383): }
W/ResourceType(10383): No known package when getting name for resource number 0xffffffff
W/ResourceType(10383): No known package when getting name for resource number 0xffffffff
W/ResourceType(10383): No known package when getting name for resource number 0xffffffff
W/ResourceType(10383): No known package when getting name for resource number 0xffffffff
W/ResourceType(10383): No known package when getting name for resource number 0xffffffff
W/ResourceType(10383): No known package when getting name for resource number 0xffffffff
W/ResourceType(10383): No known package when getting name for resource number 0xffffffff
W/ResourceType(10383): No known package when getting name for resource number 0xffffffff
W/ResourceType(10383): No known package when getting name for resource number 0xffffffff
W/ResourceType(10383): No known package when getting name for resource number 0xffffffff
W/ResourceType(10383): No known package when getting name for resource number 0xffffffff
W/ResourceType(10383): No known package when getting name for resource number 0xffffffff
W/ResourceType(10383): No known package when getting name for resource number 0xffffffff
W/ResourceType(10383): No known package when getting name for resource number 0xffffffff
W/ResourceType(10383): No known package when getting name for resource number 0xffffffff
W/ResourceType(10383): No known package when getting name for resource number 0xffffffff
W/ResourceType(10383): No known package when getting name for resource number 0xffffffff
W/ResourceType(10383): No known package when getting name for resource number 0xffffffff
W/ResourceType(10383): No known package when getting name for resource number 0xffffffff
W/ResourceType(10383): No known package when getting name for resource number 0xffffffff
W/ResourceType(10383): No known package when getting name for resource number 0xffffffff
W/ResourceType(10383): No known package when getting name for resource number 0xffffffff
W/ResourceType(10383): No known package when getting name for resource number 0xffffffff
W/ResourceType(10383): No known package when getting name for resource number 0xffffffff
W/ResourceType(10383): No known package when getting name for resource number 0xffffffff
W/ResourceType(10383): No known package when getting name for resource number 0xffffffff
W/ResourceType(10383): No known package when getting name for resource number 0xffffffff
W/ResourceType(10383): No known package when getting name for resource number 0xffffffff
W/ResourceType(10383): No known package when getting name for resource number 0xffffffff
W/ResourceType(10383): No known package when getting name for resource number 0xffffffff
W/ResourceType(10383): No known package when getting name for resource number 0xffffffff
W/ResourceType(10383): No known package when getting name for resource number 0xffffffff
W/ResourceType(10383): No known package when getting name for resource number 0xffffffff
W/ResourceType(10383): No known package when getting name for resource number 0xffffffff
W/ResourceType(10383): No known package when getting name for resource number 0xffffffff
W/ResourceType(10383): No known package when getting name for resource number 0xffffffff
W/ResourceType(10383): No known package when getting name for resource number 0xffffffff
W/ResourceType(10383): No known package when getting name for resource number 0xffffffff
W/ResourceType(10383): No known package when getting name for resource number 0xffffffff
W/ResourceType(10383): No known package when getting name for resource number 0xffffffff
W/ResourceType(10383): No known package when getting name for resource number 0xffffffff
W/ResourceType(10383): No known package when getting name for resource number 0xffffffff
W/ResourceType(10383): No known package when getting name for resource number 0xffffffff
W/ResourceType(10383): No known package when getting name for resource number 0xffffffff
W/ResourceType(10383): No known package when getting name for resource number 0xffffffff
W/ResourceType(10383): No known package when getting name for resource number 0xffffffff
W/ResourceType(10383): No known package when getting name for resource number 0xffffffff
W/ResourceType(10383): No known package when getting name for resource number 0xffffffff
W/ResourceType(10383): No known package when getting name for resource number 0xffffffff
W/ResourceType(10383): No known package when getting name for resource number 0xffffffff
W/ResourceType(10383): No known package when getting name for resource number 0xffffffff
W/ResourceType(10383): No known package when getting name for resource number 0xffffffff
W/ResourceType(10383): No known package when getting name for resource number 0xffffffff
W/ResourceType(10383): No known package when getting name for resource number 0xffffffff
W/ResourceType(10383): No known package when getting name for resource number 0xffffffff
W/ResourceType(10383): No known package when getting name for resource number 0xffffffff
W/ResourceType(10383): No known package when getting name for resource number 0xffffffff
W/ResourceType(10383): No known package when getting name for resource number 0xffffffff
W/ResourceType(10383): No known package when getting name for resource number 0xffffffff
W/ResourceType(10383): No known package when getting name for resource number 0xffffffff
W/ResourceType(10383): No known package when getting name for resource number 0xffffffff
W/ResourceType(10383): No known package when getting name for resource number 0xffffffff
W/ResourceType(10383): No known package when getting name for resource number 0xffffffff
W/ResourceType(10383): No known package when getting name for resource number 0xffffffff
W/ResourceType(10383): No known package when getting name for resource number 0xffffffff
W/ResourceType(10383): No known package when getting name for resource number 0xffffffff
I/System.out(10383): URI: /map
I/System.out(10383): params: {json={"query":"* marked:'JobTitle6' parent * child * {text BEGINSWITH 'APPLIED:'}","operation":{"method_name":"query","arguments":[]}}
I/System.out(10383): }
W/ResourceType(10383): No known package when getting name for resource number 0xffffffff
W/ResourceType(10383): No known package when getting name for resource number 0xffffffff
W/ResourceType(10383): No known package when getting name for resource number 0xffffffff
W/ResourceType(10383): No known package when getting name for resource number 0xffffffff
W/ResourceType(10383): No known package when getting name for resource number 0xffffffff
W/ResourceType(10383): No known package when getting name for resource number 0xffffffff
W/ResourceType(10383): No known package when getting name for resource number 0xffffffff
W/ResourceType(10383): No known package when getting name for resource number 0xffffffff
W/ResourceType(10383): No known package when getting name for resource number 0xffffffff
W/ResourceType(10383): No known package when getting name for resource number 0xffffffff
W/ResourceType(10383): No known package when getting name for resource number 0xffffffff
W/ResourceType(10383): No known package when getting name for resource number 0xffffffff
W/ResourceType(10383): No known package when getting name for resource number 0xffffffff
W/ResourceType(10383): No known package when getting name for resource number 0xffffffff
W/ResourceType(10383): No known package when getting name for resource number 0xffffffff
W/ResourceType(10383): No known package when getting name for resource number 0xffffffff
W/ResourceType(10383): No known package when getting name for resource number 0xffffffff
W/ResourceType(10383): No known package when getting name for resource number 0xffffffff
W/ResourceType(10383): No known package when getting name for resource number 0xffffffff
W/ResourceType(10383): No known package when getting name for resource number 0xffffffff
W/ResourceType(10383): No known package when getting name for resource number 0xffffffff
W/ResourceType(10383): No known package when getting name for resource number 0xffffffff
W/ResourceType(10383): No known package when getting name for resource number 0xffffffff
W/ResourceType(10383): No known package when getting name for resource number 0xffffffff
W/ResourceType(10383): No known package when getting name for resource number 0xffffffff
W/ResourceType(10383): No known package when getting name for resource number 0xffffffff
W/ResourceType(10383): No known package when getting name for resource number 0xffffffff
W/ResourceType(10383): No known package when getting name for resource number 0xffffffff
W/ResourceType(10383): No known package when getting name for resource number 0xffffffff
W/ResourceType(10383): No known package when getting name for resource number 0xffffffff
W/ResourceType(10383): No known package when getting name for resource number 0xffffffff
W/ResourceType(10383): No known package when getting name for resource number 0xffffffff
W/ResourceType(10383): No known package when getting name for resource number 0xffffffff
W/ResourceType(10383): No known package when getting name for resource number 0xffffffff
W/ResourceType(10383): No known package when getting name for resource number 0xffffffff
W/ResourceType(10383): No known package when getting name for resource number 0xffffffff
W/ResourceType(10383): No known package when getting name for resource number 0xffffffff
W/ResourceType(10383): No known package when getting name for resource number 0xffffffff
W/ResourceType(10383): No known package when getting name for resource number 0xffffffff
W/ResourceType(10383): No known package when getting name for resource number 0xffffffff
W/ResourceType(10383): No known package when getting name for resource number 0xffffffff
W/ResourceType(10383): No known package when getting name for resource number 0xffffffff
W/ResourceType(10383): No known package when getting name for resource number 0xffffffff
W/ResourceType(10383): No known package when getting name for resource number 0xffffffff
W/ResourceType(10383): No known package when getting name for resource number 0xffffffff
W/ResourceType(10383): No known package when getting name for resource number 0xffffffff
W/ResourceType(10383): No known package when getting name for resource number 0xffffffff
W/ResourceType(10383): No known package when getting name for resource number 0xffffffff
W/ResourceType(10383): No known package when getting name for resource number 0xffffffff
W/ResourceType(10383): No known package when getting name for resource number 0xffffffff
W/ResourceType(10383): No known package when getting name for resource number 0xffffffff
W/ResourceType(10383): No known package when getting name for resource number 0xffffffff
W/ResourceType(10383): No known package when getting name for resource number 0xffffffff
W/ResourceType(10383): No known package when getting name for resource number 0xffffffff
W/ResourceType(10383): No known package when getting name for resource number 0xffffffff
W/ResourceType(10383): No known package when getting name for resource number 0xffffffff
W/ResourceType(10383): No known package when getting name for resource number 0xffffffff
W/ResourceType(10383): No known package when getting name for resource number 0xffffffff
W/ResourceType(10383): No known package when getting name for resource number 0xffffffff
W/ResourceType(10383): No known package when getting name for resource number 0xffffffff
W/ResourceType(10383): No known package when getting name for resource number 0xffffffff
W/ResourceType(10383): No known package when getting name for resource number 0xffffffff
W/ResourceType(10383): No known package when getting name for resource number 0xffffffff
W/ResourceType(10383): No known package when getting name for resource number 0xffffffff
W/ResourceType(10383): No known package when getting name for resource number 0xffffffff
W/ResourceType(10383): No known package when getting name for resource number 0xffffffff
I/System.out(10383): URI: /map
I/System.out(10383): params: {json={"query":"* marked:'JobTitle6' parent * child * {text BEGINSWITH 'APPLIED:'}","operation":{"method_name":"query","arguments":[]}}
I/System.out(10383): }
W/ResourceType(10383): No known package when getting name for resource number 0xffffffff
W/ResourceType(10383): No known package when getting name for resource number 0xffffffff
W/ResourceType(10383): No known package when getting name for resource number 0xffffffff
W/ResourceType(10383): No known package when getting name for resource number 0xffffffff
W/ResourceType(10383): No known package when getting name for resource number 0xffffffff
W/ResourceType(10383): No known package when getting name for resource number 0xffffffff
W/ResourceType(10383): No known package when getting name for resource number 0xffffffff
W/ResourceType(10383): No known package when getting name for resource number 0xffffffff
W/ResourceType(10383): No known package when getting name for resource number 0xffffffff
W/ResourceType(10383): No known package when getting name for resource number 0xffffffff
W/ResourceType(10383): No known package when getting name for resource number 0xffffffff
W/ResourceType(10383): No known package when getting name for resource number 0xffffffff
W/ResourceType(10383): No known package when getting name for resource number 0xffffffff
W/ResourceType(10383): No known package when getting name for resource number 0xffffffff
W/ResourceType(10383): No known package when getting name for resource number 0xffffffff
W/ResourceType(10383): No known package when getting name for resource number 0xffffffff
W/ResourceType(10383): No known package when getting name for resource number 0xffffffff
W/ResourceType(10383): No known package when getting name for resource number 0xffffffff
W/ResourceType(10383): No known package when getting name for resource number 0xffffffff
W/ResourceType(10383): No known package when getting name for resource number 0xffffffff
W/ResourceType(10383): No known package when getting name for resource number 0xffffffff
W/ResourceType(10383): No known package when getting name for resource number 0xffffffff
W/ResourceType(10383): No known package when getting name for resource number 0xffffffff
W/ResourceType(10383): No known package when getting name for resource number 0xffffffff
W/ResourceType(10383): No known package when getting name for resource number 0xffffffff
W/ResourceType(10383): No known package when getting name for resource number 0xffffffff
W/ResourceType(10383): No known package when getting name for resource number 0xffffffff
W/ResourceType(10383): No known package when getting name for resource number 0xffffffff
W/ResourceType(10383): No known package when getting name for resource number 0xffffffff
W/ResourceType(10383): No known package when getting name for resource number 0xffffffff
W/ResourceType(10383): No known package when getting name for resource number 0xffffffff
W/ResourceType(10383): No known package when getting name for resource number 0xffffffff
W/ResourceType(10383): No known package when getting name for resource number 0xffffffff
W/ResourceType(10383): No known package when getting name for resource number 0xffffffff
W/ResourceType(10383): No known package when getting name for resource number 0xffffffff
W/ResourceType(10383): No known package when getting name for resource number 0xffffffff
W/ResourceType(10383): No known package when getting name for resource number 0xffffffff
W/ResourceType(10383): No known package when getting name for resource number 0xffffffff
W/ResourceType(10383): No known package when getting name for resource number 0xffffffff
W/ResourceType(10383): No known package when getting name for resource number 0xffffffff
W/ResourceType(10383): No known package when getting name for resource number 0xffffffff
W/ResourceType(10383): No known package when getting name for resource number 0xffffffff
W/ResourceType(10383): No known package when getting name for resource number 0xffffffff
W/ResourceType(10383): No known package when getting name for resource number 0xffffffff
W/ResourceType(10383): No known package when getting name for resource number 0xffffffff
W/ResourceType(10383): No known package when getting name for resource number 0xffffffff
W/ResourceType(10383): No known package when getting name for resource number 0xffffffff
W/ResourceType(10383): No known package when getting name for resource number 0xffffffff
W/ResourceType(10383): No known package when getting name for resource number 0xffffffff
W/ResourceType(10383): No known package when getting name for resource number 0xffffffff
W/ResourceType(10383): No known package when getting name for resource number 0xffffffff
W/ResourceType(10383): No known package when getting name for resource number 0xffffffff
W/ResourceType(10383): No known package when getting name for resource number 0xffffffff
W/ResourceType(10383): No known package when getting name for resource number 0xffffffff
W/ResourceType(10383): No known package when getting name for resource number 0xffffffff
W/ResourceType(10383): No known package when getting name for resource number 0xffffffff
W/ResourceType(10383): No known package when getting name for resource number 0xffffffff
W/ResourceType(10383): No known package when getting name for resource number 0xffffffff
W/ResourceType(10383): No known package when getting name for resource number 0xffffffff
W/ResourceType(10383): No known package when getting name for resource number 0xffffffff
W/ResourceType(10383): No known package when getting name for resource number 0xffffffff
W/ResourceType(10383): No known package when getting name for resource number 0xffffffff
W/ResourceType(10383): No known package when getting name for resource number 0xffffffff
W/ResourceType(10383): No known package when getting name for resource number 0xffffffff
W/ResourceType(10383): No known package when getting name for resource number 0xffffffff
W/ResourceType(10383): No known package when getting name for resource number 0xffffffff
I/System.out(10383): URI: /map
I/System.out(10383): params: {json={"query":"* marked:'JobTitle7' parent * child * {text BEGINSWITH 'EXPIRED:'}","operation":{"method_name":"query","arguments":[]}}
I/System.out(10383): }
W/ResourceType(10383): No known package when getting name for resource number 0xffffffff
W/ResourceType(10383): No known package when getting name for resource number 0xffffffff
W/ResourceType(10383): No known package when getting name for resource number 0xffffffff
W/ResourceType(10383): No known package when getting name for resource number 0xffffffff
W/ResourceType(10383): No known package when getting name for resource number 0xffffffff
W/ResourceType(10383): No known package when getting name for resource number 0xffffffff
W/ResourceType(10383): No known package when getting name for resource number 0xffffffff
W/ResourceType(10383): No known package when getting name for resource number 0xffffffff
W/ResourceType(10383): No known package when getting name for resource number 0xffffffff
W/ResourceType(10383): No known package when getting name for resource number 0xffffffff
W/ResourceType(10383): No known package when getting name for resource number 0xffffffff
W/ResourceType(10383): No known package when getting name for resource number 0xffffffff
W/ResourceType(10383): No known package when getting name for resource number 0xffffffff
W/ResourceType(10383): No known package when getting name for resource number 0xffffffff
W/ResourceType(10383): No known package when getting name for resource number 0xffffffff
W/ResourceType(10383): No known package when getting name for resource number 0xffffffff
W/ResourceType(10383): No known package when getting name for resource number 0xffffffff
W/ResourceType(10383): No known package when getting name for resource number 0xffffffff
W/ResourceType(10383): No known package when getting name for resource number 0xffffffff
W/ResourceType(10383): No known package when getting name for resource number 0xffffffff
W/ResourceType(10383): No known package when getting name for resource number 0xffffffff
W/ResourceType(10383): No known package when getting name for resource number 0xffffffff
W/ResourceType(10383): No known package when getting name for resource number 0xffffffff
W/ResourceType(10383): No known package when getting name for resource number 0xffffffff
W/ResourceType(10383): No known package when getting name for resource number 0xffffffff
W/ResourceType(10383): No known package when getting name for resource number 0xffffffff
W/ResourceType(10383): No known package when getting name for resource number 0xffffffff
W/ResourceType(10383): No known package when getting name for resource number 0xffffffff
W/ResourceType(10383): No known package when getting name for resource number 0xffffffff
W/ResourceType(10383): No known package when getting name for resource number 0xffffffff
W/ResourceType(10383): No known package when getting name for resource number 0xffffffff
W/ResourceType(10383): No known package when getting name for resource number 0xffffffff
W/ResourceType(10383): No known package when getting name for resource number 0xffffffff
W/ResourceType(10383): No known package when getting name for resource number 0xffffffff
W/ResourceType(10383): No known package when getting name for resource number 0xffffffff
W/ResourceType(10383): No known package when getting name for resource number 0xffffffff
W/ResourceType(10383): No known package when getting name for resource number 0xffffffff
W/ResourceType(10383): No known package when getting name for resource number 0xffffffff
W/ResourceType(10383): No known package when getting name for resource number 0xffffffff
W/ResourceType(10383): No known package when getting name for resource number 0xffffffff
W/ResourceType(10383): No known package when getting name for resource number 0xffffffff
W/ResourceType(10383): No known package when getting name for resource number 0xffffffff
W/ResourceType(10383): No known package when getting name for resource number 0xffffffff
W/ResourceType(10383): No known package when getting name for resource number 0xffffffff
W/ResourceType(10383): No known package when getting name for resource number 0xffffffff
W/ResourceType(10383): No known package when getting name for resource number 0xffffffff
W/ResourceType(10383): No known package when getting name for resource number 0xffffffff
W/ResourceType(10383): No known package when getting name for resource number 0xffffffff
W/ResourceType(10383): No known package when getting name for resource number 0xffffffff
W/ResourceType(10383): No known package when getting name for resource number 0xffffffff
W/ResourceType(10383): No known package when getting name for resource number 0xffffffff
W/ResourceType(10383): No known package when getting name for resource number 0xffffffff
W/ResourceType(10383): No known package when getting name for resource number 0xffffffff
W/ResourceType(10383): No known package when getting name for resource number 0xffffffff
W/ResourceType(10383): No known package when getting name for resource number 0xffffffff
W/ResourceType(10383): No known package when getting name for resource number 0xffffffff
W/ResourceType(10383): No known package when getting name for resource number 0xffffffff
W/ResourceType(10383): No known package when getting name for resource number 0xffffffff
W/ResourceType(10383): No known package when getting name for resource number 0xffffffff
W/ResourceType(10383): No known package when getting name for resource number 0xffffffff
W/ResourceType(10383): No known package when getting name for resource number 0xffffffff
W/ResourceType(10383): No known package when getting name for resource number 0xffffffff
W/ResourceType(10383): No known package when getting name for resource number 0xffffffff
W/ResourceType(10383): No known package when getting name for resource number 0xffffffff
W/ResourceType(10383): No known package when getting name for resource number 0xffffffff
W/ResourceType(10383): No known package when getting name for resource number 0xffffffff
I/System.out(10383): URI: /map
I/System.out(10383): params: {json={"query":"* marked:'JobTitle7' parent * child * {text BEGINSWITH 'EXPIRED:'}","operation":{"method_name":"query","arguments":[]}}
I/System.out(10383): }
W/ResourceType(10383): No known package when getting name for resource number 0xffffffff
W/ResourceType(10383): No known package when getting name for resource number 0xffffffff
W/ResourceType(10383): No known package when getting name for resource number 0xffffffff
W/ResourceType(10383): No known package when getting name for resource number 0xffffffff
W/ResourceType(10383): No known package when getting name for resource number 0xffffffff
W/ResourceType(10383): No known package when getting name for resource number 0xffffffff
W/ResourceType(10383): No known package when getting name for resource number 0xffffffff
W/ResourceType(10383): No known package when getting name for resource number 0xffffffff
W/ResourceType(10383): No known package when getting name for resource number 0xffffffff
W/ResourceType(10383): No known package when getting name for resource number 0xffffffff
W/ResourceType(10383): No known package when getting name for resource number 0xffffffff
W/ResourceType(10383): No known package when getting name for resource number 0xffffffff
W/ResourceType(10383): No known package when getting name for resource number 0xffffffff
W/ResourceType(10383): No known package when getting name for resource number 0xffffffff
W/ResourceType(10383): No known package when getting name for resource number 0xffffffff
W/ResourceType(10383): No known package when getting name for resource number 0xffffffff
W/ResourceType(10383): No known package when getting name for resource number 0xffffffff
W/ResourceType(10383): No known package when getting name for resource number 0xffffffff
W/ResourceType(10383): No known package when getting name for resource number 0xffffffff
W/ResourceType(10383): No known package when getting name for resource number 0xffffffff
W/ResourceType(10383): No known package when getting name for resource number 0xffffffff
W/ResourceType(10383): No known package when getting name for resource number 0xffffffff
W/ResourceType(10383): No known package when getting name for resource number 0xffffffff
W/ResourceType(10383): No known package when getting name for resource number 0xffffffff
W/ResourceType(10383): No known package when getting name for resource number 0xffffffff
W/ResourceType(10383): No known package when getting name for resource number 0xffffffff
W/ResourceType(10383): No known package when getting name for resource number 0xffffffff
W/ResourceType(10383): No known package when getting name for resource number 0xffffffff
W/ResourceType(10383): No known package when getting name for resource number 0xffffffff
W/ResourceType(10383): No known package when getting name for resource number 0xffffffff
W/ResourceType(10383): No known package when getting name for resource number 0xffffffff
W/ResourceType(10383): No known package when getting name for resource number 0xffffffff
W/ResourceType(10383): No known package when getting name for resource number 0xffffffff
W/ResourceType(10383): No known package when getting name for resource number 0xffffffff
W/ResourceType(10383): No known package when getting name for resource number 0xffffffff
W/ResourceType(10383): No known package when getting name for resource number 0xffffffff
W/ResourceType(10383): No known package when getting name for resource number 0xffffffff
W/ResourceType(10383): No known package when getting name for resource number 0xffffffff
W/ResourceType(10383): No known package when getting name for resource number 0xffffffff
W/ResourceType(10383): No known package when getting name for resource number 0xffffffff
W/ResourceType(10383): No known package when getting name for resource number 0xffffffff
W/ResourceType(10383): No known package when getting name for resource number 0xffffffff
W/ResourceType(10383): No known package when getting name for resource number 0xffffffff
W/ResourceType(10383): No known package when getting name for resource number 0xffffffff
W/ResourceType(10383): No known package when getting name for resource number 0xffffffff
W/ResourceType(10383): No known package when getting name for resource number 0xffffffff
W/ResourceType(10383): No known package when getting name for resource number 0xffffffff
W/ResourceType(10383): No known package when getting name for resource number 0xffffffff
W/ResourceType(10383): No known package when getting name for resource number 0xffffffff
W/ResourceType(10383): No known package when getting name for resource number 0xffffffff
W/ResourceType(10383): No known package when getting name for resource number 0xffffffff
W/ResourceType(10383): No known package when getting name for resource number 0xffffffff
W/ResourceType(10383): No known package when getting name for resource number 0xffffffff
W/ResourceType(10383): No known package when getting name for resource number 0xffffffff
W/ResourceType(10383): No known package when getting name for resource number 0xffffffff
W/ResourceType(10383): No known package when getting name for resource number 0xffffffff
W/ResourceType(10383): No known package when getting name for resource number 0xffffffff
W/ResourceType(10383): No known package when getting name for resource number 0xffffffff
W/ResourceType(10383): No known package when getting name for resource number 0xffffffff
W/ResourceType(10383): No known package when getting name for resource number 0xffffffff
W/ResourceType(10383): No known package when getting name for resource number 0xffffffff
W/ResourceType(10383): No known package when getting name for resource number 0xffffffff
W/ResourceType(10383): No known package when getting name for resource number 0xffffffff
W/ResourceType(10383): No known package when getting name for resource number 0xffffffff
W/ResourceType(10383): No known package when getting name for resource number 0xffffffff
W/ResourceType(10383): No known package when getting name for resource number 0xffffffff
I/art     (10383): Starting a blocking GC Explicit
I/art     (10383): Explicit concurrent mark sweep GC freed 35739(1610KB) AllocSpace objects, 4(80KB) LOS objects, 28% free, 40MB/56MB, paused 1.171ms total 35.750ms
I/art     (10383): Starting a blocking GC Explicit
I/art     (10383): Explicit concurrent mark sweep GC freed 57(2920B) AllocSpace objects, 0(0B) LOS objects, 28% free, 40MB/56MB, paused 963us total 28.371ms
I/art     (10383): Starting a blocking GC Explicit
I/art     (10383): Explicit concurrent mark sweep GC freed 17(1408B) AllocSpace objects, 0(0B) LOS objects, 28% free, 40MB/56MB, paused 1.012ms total 27.794ms
I/art     (10383): Starting a blocking GC Explicit
I/art     (10383): Explicit concurrent mark sweep GC freed 3(96B) AllocSpace objects, 0(0B) LOS objects, 28% free, 40MB/56MB, paused 933us total 26.280ms
I/art     (10383): Starting a blocking GC Explicit
I/art     (10383): Explicit concurrent mark sweep GC freed 17(1408B) AllocSpace objects, 0(0B) LOS objects, 28% free, 40MB/56MB, paused 1.047ms total 27.504ms
D/ConnectivityService(  926): notifyType CAP_CHANGED for NetworkAgentInfo [WIFI () - 100]
D/WifiStateMachine(  926): starting scan for "xtc-ag"WPA_PSK with 5240,5180,5220,5200
I/ThermalEngine(  519): ACTION: GPU - Setting GPU[0] to 450000000
D/ConnectivityService(  926): notifyType CAP_CHANGED for NetworkAgentInfo [WIFI () - 100]
I/art     (10383): Starting a blocking GC Explicit
I/art     (10383): Explicit concurrent mark sweep GC freed 2803(212KB) AllocSpace objects, 1(20KB) LOS objects, 28% free, 40MB/56MB, paused 1.150ms total 23.875ms
I/art     (10383): Starting a blocking GC Explicit
I/art     (10383): Explicit concurrent mark sweep GC freed 45(1464B) AllocSpace objects, 0(0B) LOS objects, 28% free, 40MB/56MB, paused 632us total 23.111ms
I/art     (10383): Starting a blocking GC Explicit
I/art     (10383): Explicit concurrent mark sweep GC freed 17(1408B) AllocSpace objects, 0(0B) LOS objects, 28% free, 40MB/56MB, paused 614us total 22.929ms
I/art     (10383): Starting a blocking GC Explicit
I/art     (10383): Explicit concurrent mark sweep GC freed 17(1408B) AllocSpace objects, 0(0B) LOS objects, 28% free, 40MB/56MB, paused 615us total 23.463ms
I/art     (10383): Starting a blocking GC Explicit
I/art     (10383): Explicit concurrent mark sweep GC freed 17(1408B) AllocSpace objects, 0(0B) LOS objects, 28% free, 40MB/56MB, paused 609us total 24.345ms
I/ThermalEngine(  519): ACTION: GPU - Setting GPU[0] to 390000000

]]><xtc-duration value="15.9872752"/></xtc-step><!-- name: "undefined", id: "undefined" --><![CDATA[

]]><xtc-step name="[0-1116]CareerBuilder_Search.DroidFeatureTests.SavedJobsTests.AllFitlerShowsOnlyAllAndSticksBetweenTabs-2-NA-FinalScreenShot" id="[0-1116]CareerBuilder_Search.DroidFeatureTests.SavedJobsTests.AllFitlerShowsOnlyAllAndSticksBetweenTabs-2-NA-FinalScreenShot"><![CDATA[
I/ThermalEngine(  519): ACTION: GPU - Setting GPU[0] to 450000000
I/art     (10383): Starting a blocking GC Explicit
I/art     (10383): Explicit concurrent mark sweep GC freed 2789(211KB) AllocSpace objects, 1(20KB) LOS objects, 28% free, 40MB/56MB, paused 681us total 23.389ms
I/art     (10383): Starting a blocking GC Explicit
I/art     (10383): Explicit concurrent mark sweep GC freed 34(2008B) AllocSpace objects, 0(0B) LOS objects, 28% free, 40MB/56MB, paused 625us total 23.446ms
I/art     (10383): Starting a blocking GC Explicit
I/art     (10383): Explicit concurrent mark sweep GC freed 17(1408B) AllocSpace objects, 0(0B) LOS objects, 28% free, 40MB/56MB, paused 734us total 24.573ms
I/art     (10383): Starting a blocking GC Explicit
I/art     (10383): Explicit concurrent mark sweep GC freed 3(96B) AllocSpace objects, 0(0B) LOS objects, 28% free, 40MB/56MB, paused 618us total 22.819ms
I/art     (10383): Starting a blocking GC Explicit
I/art     (10383): Explicit concurrent mark sweep GC freed 17(1408B) AllocSpace objects, 0(0B) LOS objects, 28% free, 40MB/56MB, paused 630us total 23.868ms

]]><xtc-duration value="3.1748118"/></xtc-step><!-- name: "undefined", id: "undefined" --><![CDATA[

]]><xtc-duration value="216.40361829999998" skip="false"/></xtc-scenario><!-- name: "undefined", id: "undefined" --><![CDATA[
I/ServiceManager(  536): Waiting for service AtCmdFwd...
D/ConnectivityService(  926): notifyType CAP_CHANGED for NetworkAgentInfo [WIFI () - 100]
I/ServiceManager(  536): Waiting for service AtCmdFwd...
I/ThermalEngine(  519): ACTION: GPU - Setting GPU[0] to 390000000
I/ServiceManager(  536): Waiting for service AtCmdFwd...
I/art     (10383): Starting a blocking GC Explicit
