I/System.out( 9744): header: {content-length=57, host=devicehost47.prod, x-session-token=token-token-9b804a2f-4ed7-4a18-a857-ff6ac962a06b, x-forwarded-for=10.222.150.29, content-type=application/json; charset=utf-8, connection=close}
I/System.out( 9744): params: {json={"command":"touch_coordinate","arguments":[720.0,2273.0]}
I/System.out( 9744): }
I/System.out( 9744): ProP json = {"command":"touch_coordinate","arguments":[720.0,2273.0]}
I/System.out( 9744): files: {}
I/System.out( 9744): command: {"command":"touch_coordinate","arguments":[720.0,2273.0]}
I/InstrumentationBackend( 9744): Got command:'Command:'Line:null,touch_coordinate', arguments:'[720.0, 2273.0]'
D/Mono    ( 9744): [0xd96d5930] worker starting
D/audio_hw_primary(  512): out_set_parameters: enter: usecase(1: low-latency-playback) kvpairs: routing=2
I/calabash( 9744): execStartActivity 4
I/ActivityManager(  929): START u0 {cmp=com.careerbuilder.SugarDrone/md537fd6201b6818e2e180d2f7606e21a83.ValuePropActivity} from uid 17821 on display 0
D/audio_hw_primary(  512): select_devices: out_snd_device(2: speaker) in_snd_device(0: none)
D/msm8974_platform(  512): platform_send_audio_calibration: sending audio calibration for snd_device(2) acdb_id(15)
I/soundtrigger(  512): audio_extn_sound_trigger_update_device_status: device 0x2 of type 0 for Event 1
D/audio_hw_primary(  512): enable_snd_device: snd_device(2: speaker)
D/audio_hw_primary(  512): enable_audio_route: apply and update mixer path: low-latency-playback speaker
I/calabash( 9744): newActivity1
D/Mono    ( 9744): Assembly Ref addref CareerBuilder_Search.Droid[0xef3e9080] -> System.Core[0xef3ea580]: 14
D/Mono    ( 9744): DllImport searching in: '__Internal' ('(null)').
D/Mono    ( 9744): Searching for 'java_interop_jnienv_call_nonvirtual_object_method'.
D/Mono    ( 9744): Probing 'java_interop_jnienv_call_nonvirtual_object_method'.
D/Mono    ( 9744): Found as 'java_interop_jnienv_call_nonvirtual_object_method'.
I/System.out( 9744): result:{"bonusInformation":[],"message":"","success":true}
D/Mono    ( 9744): Assembly Ref addref CareerBuilder_Search.Droid[0xef3e9080] -> Newtonsoft.Json[0xef3e9b60]: 4
D/Mono    ( 9744): Unloading image System.dll [0xd7219c00].
D/Mono    ( 9744): Image addref System[0xd7245fc0] -> System.dll[0xeaa36d00]: 5
D/Mono    ( 9744): Config attempting to parse: 'System.dll.config'.
D/Mono    ( 9744): Config attempting to parse: '/Users/builder/data/lanes/4009/f3074d2c/source/monodroid/builds/install/mono-armv6/etc/mono/assemblies/System/System.config'.
D/Mono    ( 9744): Unloading image System.dll [0xd7219c00].
D/Mono    ( 9744): Image addref System[0xd7245de0] -> System.dll[0xeaa36d00]: 6
D/Mono    ( 9744): Config attempting to parse: 'System.dll.config'.
D/Mono    ( 9744): Config attempting to parse: '/Users/builder/data/lanes/4009/f3074d2c/source/monodroid/builds/install/mono-armv6/etc/mono/assemblies/System/System.config'.
D/Mono    ( 9744): Unloading image System.dll [0xd7219c00].
D/Mono    ( 9744): Image addref System[0xd7245de0] -> System.dll[0xeaa36d00]: 7
D/Mono    ( 9744): Config attempting to parse: 'System.dll.config'.
D/Mono    ( 9744): Config attempting to parse: '/Users/builder/data/lanes/4009/f3074d2c/source/monodroid/builds/install/mono-armv6/etc/mono/assemblies/System/System.config'.
D/Mono    ( 9744): Unloading image System.dll [0xd7219c00].
D/Mono    ( 9744): Image addref System[0xd7245de0] -> System.dll[0xeaa36d00]: 8
D/Mono    ( 9744): Config attempting to parse: 'System.dll.config'.
D/Mono    ( 9744): Config attempting to parse: '/Users/builder/data/lanes/4009/f3074d2c/source/monodroid/builds/install/mono-armv6/etc/mono/assemblies/System/System.config'.
I/System.out( 9744): URI: /backdoor
I/System.out( 9744): params: {json={"method_name":"APISetup","arguments":[200]}
I/System.out( 9744): }
D/Mono    ( 9744): DllImport searching in: '__Internal' ('(null)').
D/Mono    ( 9744): Searching for 'java_interop_jnienv_is_assignable_from'.
D/Mono    ( 9744): Probing 'java_interop_jnienv_is_assignable_from'.
D/Mono    ( 9744): Found as 'java_interop_jnienv_is_assignable_from'.
D/Mono    ( 9744): DllImport searching in: '__Internal' ('(null)').
D/Mono    ( 9744): Searching for 'java_interop_jnienv_get_byte_array_region'.
D/Mono    ( 9744): Probing 'java_interop_jnienv_get_byte_array_region'.
D/Mono    ( 9744): Found as 'java_interop_jnienv_get_byte_array_region'.
D/Mono    ( 9744): DllImport searching in: '__Internal' ('(null)').
D/Mono    ( 9744): Searching for 'java_interop_jnienv_set_byte_array_region'.
D/Mono    ( 9744): Probing 'java_interop_jnienv_set_byte_array_region'.
D/Mono    ( 9744): Found as 'java_interop_jnienv_set_byte_array_region'.
D/audio_hw_primary(  512): disable_audio_route: reset and update mixer path: low-latency-playback speaker
D/audio_hw_primary(  512): disable_snd_device: snd_device(2: speaker)
I/soundtrigger(  512): audio_extn_sound_trigger_update_device_status: device 0x2 of type 0 for Event 0
W/Mono    ( 9744): The request to load the assembly System.Core v4.0.0.0 was remapped to v2.0.5.0
D/Mono    ( 9744): Unloading image System.Core.dll [0xd7891b00].
D/Mono    ( 9744): Image addref System.Core[0xd8852ea0] -> System.Core.dll[0xdabd7000]: 5
D/Mono    ( 9744): Config attempting to parse: 'System.Core.dll.config'.
D/Mono    ( 9744): Config attempting to parse: '/Users/builder/data/lanes/4009/f3074d2c/source/monodroid/builds/install/mono-armv6/etc/mono/assemblies/System.Core/System.Core.config'.
W/FragmentManager( 9744): moveToState: Fragment state for ValuePropFragment{4801806 #0 id=0x7f0a0148 android:switcher:2131362120:1} not updated inline; expected state 3 found 2
W/Mono    ( 9744): The request to load the assembly System.Core v4.0.0.0 was remapped to v2.0.5.0
D/Mono    ( 9744): Unloading image System.Core.dll [0xd7891b00].
D/Mono    ( 9744): Image addref System.Core[0xd7246440] -> System.Core.dll[0xdabd7000]: 6
D/Mono    ( 9744): Config attempting to parse: 'System.Core.dll.config'.
D/Mono    ( 9744): Config attempting to parse: '/Users/builder/data/lanes/4009/f3074d2c/source/monodroid/builds/install/mono-armv6/etc/mono/assemblies/System.Core/System.Core.config'.
D/Mono    ( 9744): [0xd8e7f930] worker starting
I/Choreographer( 9744): Skipped 42 frames!  The application may be doing too much work on its main thread.
I/ActivityManager(  929): Displayed com.careerbuilder.SugarDrone/md537fd6201b6818e2e180d2f7606e21a83.ValuePropActivity: +999ms
I/Keyboard.Facilitator( 3495): onFinishInput()
I/System.out( 9744): URI: /backdoor
I/System.out( 9744): params: {json={"method_name":"MyCBBackdoor","arguments":[]}
I/System.out( 9744): }
D/Mono    ( 9744): Assembly Ref addref CareerBuilder_Search.Droid[0xef3e9080] -> Xamarin.Android.Support.Design[0xef3e9aa0]: 2
I/calabash( 9744): execStartActivity 4
I/ActivityManager(  929): START u0 {cmp=com.careerbuilder.SugarDrone/md5a4824aa66c0dc4d104077b72c1916a44.MasterNavActivity} from uid 17821 on display 0
I/calabash( 9744): newActivity1
W/SurfaceFlinger(  381): couldn't log to binary event log: overflow.
D/Mono    ( 9744): DllImport searching in: '__Internal' ('(null)').
D/Mono    ( 9744): Searching for 'java_interop_jnienv_new_byte_array'.
D/Mono    ( 9744): Probing 'java_interop_jnienv_new_byte_array'.
D/Mono    ( 9744): Found as 'java_interop_jnienv_new_byte_array'.
D/Mono    ( 9744): DllImport searching in: '__Internal' ('(null)').
D/Mono    ( 9744): Searching for 'java_interop_jnienv_call_int_method'.
D/Mono    ( 9744): Probing 'java_interop_jnienv_call_int_method'.
D/Mono    ( 9744): Found as 'java_interop_jnienv_call_int_method'.
I/System.out( 9744): URI: /map
I/System.out( 9744): params: {json={"query":"* marked:'Job 1'","operation":{"method_name":"query","arguments":[]}}
I/System.out( 9744): }
D/Mono    ( 9744): [0xd96d5930] hill climbing, change max number of threads 9
D/Mono    ( 9744): Assembly Ref addref Xamarin.Android.Support.Design[0xef3e9aa0] -> Xamarin.Android.Support.v4[0xef3e98c0]: 4
D/Mono    ( 9744): Assembly Ref addref CareerBuilder_Search.Droid[0xef3e9080] -> Xamarin.Android.Support.v7.RecyclerView[0xef3e9920]: 2
D/Mono    ( 9744): Assembly Ref addref Xamarin.Android.Support.v7.RecyclerView[0xef3e9920] -> Xamarin.Android.Support.v4[0xef3e98c0]: 5
D/Mono    ( 9744): Assembly Ref addref CareerBuilder_Search.Droid[0xef3e9080] -> FloatingActionButton-Xamarin[0xef3e9860]: 2
D/Mono    ( 9744): Unloading image System.IO.dll [0xd83d0c00].
D/Mono    ( 9744): Image addref System.IO[0xd7246860] -> System.IO.dll[0xd83cfd00]: 6
D/Mono    ( 9744): Config attempting to parse: 'System.IO.dll.config'.
D/Mono    ( 9744): Config attempting to parse: '/Users/builder/data/lanes/4009/f3074d2c/source/monodroid/builds/install/mono-armv6/etc/mono/assemblies/System.IO/System.IO.config'.
D/Mono    ( 9744): Assembly Ref addref CareerBuilder_Search[0xef3e9f20] -> System.IO[0xd8853da0]: 4
W/FragmentManager( 9744): moveToState: Fragment state for SavedJobsFragment{4286358 #0 id=0x7f0a0148 android:switcher:2131362120:1} not updated inline; expected state 3 found 2
D/Mono    ( 9744): Assembly Ref addref CareerBuilder_Search.Droid[0xef3e9080] -> System[0xef3ea220]: 13
W/FragmentManager( 9744): moveToState: Fragment state for ResumeManagementFragment{1874cb1 #1 id=0x7f0a0148 android:switcher:2131362120:2} not updated inline; expected state 3 found 2
D/Mono    ( 9744): Unloading image System.Linq.dll [0xd788f800].
D/Mono    ( 9744): Image addref System.Linq[0xd7245300] -> System.Linq.dll[0xdabd8900]: 9
D/Mono    ( 9744): Config attempting to parse: 'System.Linq.dll.config'.
D/Mono    ( 9744): Config attempting to parse: '/Users/builder/data/lanes/4009/f3074d2c/source/monodroid/builds/install/mono-armv6/etc/mono/assemblies/System.Linq/System.Linq.config'.
D/Mono    ( 9744): Assembly Ref addref CareerBuilder_Search[0xef3e9f20] -> System.Linq[0xef3ea400]: 7
D/Mono    ( 9744): DllImport attempting to load: '/system/lib/liblog.so'.
D/Mono    ( 9744): DllImport loaded library '/system/lib/liblog.so'.
D/Mono    ( 9744): DllImport searching in: '/system/lib/liblog.so' ('/system/lib/liblog.so').
D/Mono    ( 9744): Searching for '__android_log_print'.
D/Mono    ( 9744): Probing '__android_log_print'.
D/Mono    ( 9744): Found as '__android_log_print'.
I/mono-stdout( 9744): uri is: https://api.careerbuilder.com/consumer/resumes?OAuthToken=&HostSite=US&DeveloperKey=WDHR8FC6P2JZ1Y61KLM5
D/Mono    ( 9744): DllImport searching in: '__Internal' ('(null)').
D/Mono    ( 9744): Searching for 'java_interop_jnienv_call_nonvirtual_void_method'.
D/Mono    ( 9744): Probing 'java_interop_jnienv_call_nonvirtual_void_method'.
D/Mono    ( 9744): Found as 'java_interop_jnienv_call_nonvirtual_void_method'.
D/Mono    ( 9744): Unloading image System.Collections.dll [0xd8fe3900].
D/Mono    ( 9744): Image addref System.Collections[0xd8853c20] -> System.Collections.dll[0xeaa37700]: 10
I/mono-stdout( 9744): uri is: https://api.careerbuilder.com/consumer/saved-jobs/?DeveloperKey=WDHR8FC6P2JZ1Y61KLM5
D/Mono    ( 9744): Config attempting to parse: 'System.Collections.dll.config'.
D/Mono    ( 9744): Config attempting to parse: '/Users/builder/data/lanes/4009/f3074d2c/source/monodroid/builds/install/mono-armv6/etc/mono/assemblies/System.Collections/System.Collections.config'.
D/Mono    ( 9744): Assembly Ref addref System.Reactive.Linq[0xef3e9ce0] -> System.Collections[0xef3ea2e0]: 8
I/mono-stdout( 9744): uri is: https://api.careerbuilder.com/consumer/resumes?OAuthToken=&HostSite=US&DeveloperKey=WDHR8FC6P2JZ1Y61KLM5
I/mono-stdout( 9744): uri is: https://api.careerbuilder.com/consumer/jobs/search/?Keywords=&Location=&UseFacets=true&PageNumber=1&ExcludeNational=true&DeveloperKey=WDHR8FC6P2JZ1Y61KLM5
D/Mono    ( 9744): Image addref System.Net.Primitives[0xd7246da0] -> System.Net.Primitives.dll[0xd8fe4d00]: 2
D/Mono    ( 9744): Prepared to set up assembly 'System.Net.Primitives' (System.Net.Primitives.dll)
D/Mono    ( 9744): Assembly System.Net.Primitives[0xd7246da0] added to domain RootDomain, ref_count=1
D/Mono    ( 9744): Unloading image System.Net.Primitives.dll [0xd94a9e00].
D/Mono    ( 9744): AOT module 'System.Net.Primitives.dll.so' not found: dlopen failed: library "/data/app/com.careerbuilder.SugarDrone-1/lib/arm/libaot-System.Net.Primitives.dll.so" not found
D/Mono    ( 9744): Image addref System.Net.Primitives[0xd76a9ba0] -> System.Net.Primitives.dll[0xd8fe4d00]: 4
D/Mono    ( 9744): Config attempting to parse: 'System.Net.Primitives.dll.config'.
D/Mono    ( 9744): AOT module '/Users/builder/data/lanes/4009/f3074d2c/source/monodroid/builds/install/mono-armv6/lib/mono/aot-cache/arm/System.Net.Primitives.dll.so' not found: dlopen failed: library "/data/app/com.careerbuilder.SugarDrone-1/lib/arm/libaot-System.Net.Primitives.dll.so" not found
D/Mono    ( 9744): Config attempting to parse: '/Users/builder/data/lanes/4009/f3074d2c/source/monodroid/builds/install/mono-armv6/etc/mono/assemblies/System.Net.Primitives/System.Net.Primitives.config'.
D/Mono    ( 9744): Config attempting to parse: 'System.Net.Primitives.dll.config'.
D/Mono    ( 9744): Assembly Ref addref CareerBuilder_Search[0xef3e9f20] -> System.Net.Primitives[0xd7246da0]: 2
D/Mono    ( 9744): Config attempting to parse: '/Users/builder/data/lanes/4009/f3074d2c/source/monodroid/builds/install/mono-armv6/etc/mono/assemblies/System.Net.Primitives/System.Net.Primitives.config'.
D/Mono    ( 9744): Assembly Ref addref System.Net.Primitives[0xd7246da0] -> System[0xef3ea220]: 14
D/Mono    ( 9744): Unloading image System.Net.Primitives.dll [0xd463a500].
D/Mono    ( 9744): Image addref System.Net.Primitives[0xd7246080] -> System.Net.Primitives.dll[0xd8fe4d00]: 6
D/Mono    ( 9744): Config attempting to parse: 'System.Net.Primitives.dll.config'.
D/Mono    ( 9744): Config attempting to parse: '/Users/builder/data/lanes/4009/f3074d2c/source/monodroid/builds/install/mono-armv6/etc/mono/assemblies/System.Net.Primitives/System.Net.Primitives.config'.
D/Mono    ( 9744): Unloading image System.Net.Primitives.dll [0xd8fe3e00].
D/Mono    ( 9744): Image addref System.Net.Primitives[0xd7246440] -> System.Net.Primitives.dll[0xd8fe4d00]: 7
D/Mono    ( 9744): Config attempting to parse: 'System.Net.Primitives.dll.config'.
D/Mono    ( 9744): Config attempting to parse: '/Users/builder/data/lanes/4009/f3074d2c/source/monodroid/builds/install/mono-armv6/etc/mono/assemblies/System.Net.Primitives/System.Net.Primitives.config'.
D/Mono    ( 9744): Unloading image System.Text.Encoding.dll [0xd463a500].
D/Mono    ( 9744): Image addref System.Text.Encoding[0xd7245360] -> System.Text.Encoding.dll[0xd83cf300]: 5
D/Mono    ( 9744): Config attempting to parse: 'System.Text.Encoding.dll.config'.
D/Mono    ( 9744): Config attempting to parse: '/Users/builder/data/lanes/4009/f3074d2c/source/monodroid/builds/install/mono-armv6/etc/mono/assemblies/System.Text.Encoding/System.Text.Encoding.config'.
D/Mono    ( 9744): Assembly Ref addref CareerBuilder_Search[0xef3e9f20] -> System.Text.Encoding[0xd8ab4600]: 3
D/Mono    ( 9744): Unloading image System.Text.Encoding.dll [0xd8fe3e00].
D/Mono    ( 9744): Image addref System.Text.Encoding[0xd72463e0] -> System.Text.Encoding.dll[0xd83cf300]: 6
D/Mono    ( 9744): Config attempting to parse: 'System.Text.Encoding.dll.config'.
D/Mono    ( 9744): Config attempting to parse: '/Users/builder/data/lanes/4009/f3074d2c/source/monodroid/builds/install/mono-armv6/etc/mono/assemblies/System.Text.Encoding/System.Text.Encoding.config'.
D/Mono    ( 9744): Unloading image System.Text.Encoding.dll [0xd8fe4800].
D/Mono    ( 9744): Image addref System.Text.Encoding[0xd7245ea0] -> System.Text.Encoding.dll[0xd83cf300]: 7
D/Mono    ( 9744): Config attempting to parse: 'System.Text.Encoding.dll.config'.
D/Mono    ( 9744): Config attempting to parse: '/Users/builder/data/lanes/4009/f3074d2c/source/monodroid/builds/install/mono-armv6/etc/mono/assemblies/System.Text.Encoding/System.Text.Encoding.config'.
I/mono-stdout( 9744): making api call to: /consumer/resumes?OAuthToken=&HostSite=US&DeveloperKey=WDHR8FC6P2JZ1Y61KLM5
I/mono-stdout( 9744): making api call to: /consumer/saved-jobs/?DeveloperKey=WDHR8FC6P2JZ1Y61KLM5
I/mono-stdout( 9744): making api call to: /consumer/resumes?OAuthToken=&HostSite=US&DeveloperKey=WDHR8FC6P2JZ1Y61KLM5
I/mono-stdout( 9744): making api call to: /consumer/jobs/search/?Keywords=&Location=&UseFacets=true&PageNumber=1&ExcludeNational=true&DeveloperKey=WDHR8FC6P2JZ1Y61KLM5
I/mono-stdout( 9744): Method: GET, RequestUri: 'https://api.careerbuilder.com/consumer/saved-jobs/?DeveloperKey=WDHR8FC6P2JZ1Y61KLM5', Version: 1.1, Content: <null>, Headers:

I/mono-stdout( 9744): {

I/mono-stdout( 9744): DeveloperKey: WDHR8FC6P2JZ1Y61KLM5

I/mono-stdout( 9744): Accept: application/json

I/mono-stdout( 9744): Authorization: Bearer test

I/mono-stdout( 9744): HostSite: US

I/mono-stdout( 9744): }
I/mono-stdout( 9744): Current State = 1,2,6,7
I/mono-stdout( 9744): applied jobs = 6
I/mono-stdout( 9744): expired jobs = 7
I/mono-stdout( 9744): saved jobs = Saved,Saved,Applied,Saved
I/mono-stdout( 9744): done making call to: /consumer/resumes?OAuthToken=&HostSite=US&DeveloperKey=WDHR8FC6P2JZ1Y61KLM5
I/mono-stdout( 9744): done making call to: /consumer/resumes?OAuthToken=&HostSite=US&DeveloperKey=WDHR8FC6P2JZ1Y61KLM5
I/mono-stdout( 9744): The resume  with hash has been set as latest
I/mono-stdout( 9744): The resume  with hash has been set as latest
I/art     ( 9744): Starting a blocking GC Explicit
I/art     ( 9744): Explicit concurrent mark sweep GC freed 2086(145KB) AllocSpace objects, 0(0B) LOS objects, 29% free, 38MB/54MB, paused 836us total 24.952ms
D/Mono    ( 9744): GC_TAR_BRIDGE bridges 173 objects 371 opaque 122 colors 173 colors-bridged 173 colors-visible 173 xref 5 cache-hit 0 cache-semihit 0 cache-miss 0 setup 0.10ms tarjan 0.44ms scc-setup 0.15ms gather-xref 0.01ms xref-setup 0.02ms cleanup 0.06ms
D/Mono    ( 9744): GC_BRIDGE: Complete, was running for 28.73ms
D/Mono    ( 9744): GC_MINOR: (Nursery full) time 21.96ms, stw 28.98ms promoted 899K major size: 1856K in use: 1180K los size: 1024K in use: 370K
I/mono-stdout( 9744): done making call to: /consumer/saved-jobs/?DeveloperKey=WDHR8FC6P2JZ1Y61KLM5
I/mono-stdout( 9744): done making call to: /consumer/jobs/search/?Keywords=&Location=&UseFacets=true&PageNumber=1&ExcludeNational=true&DeveloperKey=WDHR8FC6P2JZ1Y61KLM5
I/art     ( 9744): Starting a blocking GC Explicit
E/RecyclerView( 9744): No adapter attached; skipping layout
I/art     ( 9744): Explicit concurrent mark sweep GC freed 1999(101KB) AllocSpace objects, 0(0B) LOS objects, 29% free, 38MB/54MB, paused 1.671ms total 29.014ms
W/art     ( 9744): JNI RegisterNativeMethods: attempt to register 0 native methods for md539c3d548fb000cea9f34163fa7e112ea.ProgressListItemViewHolder
I/art     ( 9744): Starting a blocking GC Explicit
I/mono-stdout( 9744): uri is: https://api.careerbuilder.com/consumer/saved-jobs/?DeveloperKey=WDHR8FC6P2JZ1Y61KLM5
I/mono-stdout( 9744): making api call to: /consumer/saved-jobs/?DeveloperKey=WDHR8FC6P2JZ1Y61KLM5
I/mono-stdout( 9744): Method: GET, RequestUri: 'https://api.careerbuilder.com/consumer/saved-jobs/?DeveloperKey=WDHR8FC6P2JZ1Y61KLM5', Version: 1.1, Content: <null>, Headers:

I/mono-stdout( 9744): {

I/mono-stdout( 9744): DeveloperKey: WDHR8FC6P2JZ1Y61KLM5

I/mono-stdout( 9744): Accept: application/json

I/mono-stdout( 9744): Authorization: Bearer test

I/mono-stdout( 9744): HostSite: US

I/mono-stdout( 9744): }
I/mono-stdout( 9744): Current State = 1,2,6,7
I/mono-stdout( 9744): applied jobs = 6
I/mono-stdout( 9744): expired jobs = 7
I/mono-stdout( 9744): saved jobs = Saved,Saved,Applied,Saved
I/art     ( 9744): Explicit concurrent mark sweep GC freed 328(16KB) AllocSpace objects, 0(0B) LOS objects, 29% free, 38MB/54MB, paused 1.415ms total 29.638ms
I/art     ( 9744): Starting a blocking GC Explicit
W/ResourceType( 9744): No known package when getting name for resource number 0xffffffff
W/ResourceType( 9744): No known package when getting name for resource number 0xffffffff
I/art     ( 9744): Explicit concurrent mark sweep GC freed 541(111KB) AllocSpace objects, 0(0B) LOS objects, 29% free, 38MB/54MB, paused 788us total 28.500ms
W/ResourceType( 9744): No known package when getting name for resource number 0xffffffff
W/ResourceType( 9744): No known package when getting name for resource number 0xffffffff
I/art     ( 9744): Starting a blocking GC Explicit
W/ResourceType( 9744): No known package when getting name for resource number 0xffffffff
W/ResourceType( 9744): No known package when getting name for resource number 0xffffffff
W/ResourceType( 9744): No known package when getting name for resource number 0xffffffff
I/art     ( 9744): Explicit concurrent mark sweep GC freed 1018(47KB) AllocSpace objects, 0(0B) LOS objects, 29% free, 38MB/54MB, paused 1.086ms total 24.480ms
W/ResourceType( 9744): No known package when getting name for resource number 0xffffffff
W/ResourceType( 9744): No known package when getting name for resource number 0xffffffff
W/ResourceType( 9744): No known package when getting name for resource number 0xffffffff
W/ResourceType( 9744): No known package when getting name for resource number 0xffffffff
W/ResourceType( 9744): No known package when getting name for resource number 0xffffffff
W/ResourceType( 9744): No known package when getting name for resource number 0xffffffff
I/art     ( 9744): Starting a blocking GC Explicit
W/ResourceType( 9744): No known package when getting name for resource number 0xffffffff
W/ResourceType( 9744): No known package when getting name for resource number 0xffffffff
W/ResourceType( 9744): No known package when getting name for resource number 0xffffffff
W/ResourceType( 9744): No known package when getting name for resource number 0xffffffff
D/Mono    ( 9744): Assembly Ref addref Xamarin.Android.Support.v7.AppCompat[0xef3e9a40] -> System.Core[0xef3ea580]: 15
I/art     ( 9744): Explicit concurrent mark sweep GC freed 6626(279KB) AllocSpace objects, 0(0B) LOS objects, 29% free, 38MB/54MB, paused 1.141ms total 37.131ms
I/Choreographer( 9744): Skipped 116 frames!  The application may be doing too much work on its main thread.
E/RecyclerView( 9744): No adapter attached; skipping layout
I/Keyboard.Facilitator( 3495): onFinishInput()
I/ActivityManager(  929): Displayed com.careerbuilder.SugarDrone/md5a4824aa66c0dc4d104077b72c1916a44.MasterNavActivity: +2s704ms
D/Mono    ( 9744): DllImport searching in: '__Internal' ('(null)').
D/Mono    ( 9744): Searching for 'java_interop_jnienv_call_void_method'.
D/Mono    ( 9744): Probing 'java_interop_jnienv_call_void_method'.
D/Mono    ( 9744): Found as 'java_interop_jnienv_call_void_method'.
E/RecyclerView( 9744): No adapter attached; skipping layout
I/System.out( 9744): URI: /map
I/System.out( 9744): params: {json={"query":"* marked:'My Jobs'","operation":{"method_name":"query","arguments":[]}}
I/System.out( 9744): }
I/mono-stdout( 9744): done making call to: /consumer/saved-jobs/?DeveloperKey=WDHR8FC6P2JZ1Y61KLM5
W/ResourceType( 9744): No known package when getting name for resource number 0xffffffff
W/ResourceType( 9744): No known package when getting name for resource number 0xffffffff
W/ResourceType( 9744): No known package when getting name for resource number 0xffffffff
W/ResourceType( 9744): No known package when getting name for resource number 0xffffffff
W/ResourceType( 9744): No known package when getting name for resource number 0xffffffff
W/ResourceType( 9744): No known package when getting name for resource number 0xffffffff
W/ResourceType( 9744): No known package when getting name for resource number 0xffffffff
W/ResourceType( 9744): No known package when getting name for resource number 0xffffffff
W/ResourceType( 9744): No known package when getting name for resource number 0xffffffff
W/ResourceType( 9744): No known package when getting name for resource number 0xffffffff
W/ResourceType( 9744): No known package when getting name for resource number 0xffffffff
W/ResourceType( 9744): No known package when getting name for resource number 0xffffffff
W/ResourceType( 9744): No known package when getting name for resource number 0xffffffff
W/ResourceType( 9744): No known package when getting name for resource number 0xffffffff
E/RecyclerView( 9744): No adapter attached; skipping layout
W/ResourceType( 9744): No known package when getting name for resource number 0xffffffff
W/ResourceType( 9744): No known package when getting name for resource number 0xffffffff
W/ResourceType( 9744): No known package when getting name for resource number 0xffffffff
W/ResourceType( 9744): No known package when getting name for resource number 0xffffffff
W/ResourceType( 9744): No known package when getting name for resource number 0xffffffff
W/ResourceType( 9744): No known package when getting name for resource number 0xffffffff
W/ResourceType( 9744): No known package when getting name for resource number 0xffffffff
W/ResourceType( 9744): No known package when getting name for resource number 0xffffffff
W/ResourceType( 9744): No known package when getting name for resource number 0xffffffff
W/ResourceType( 9744): No known package when getting name for resource number 0xffffffff
W/ResourceType( 9744): No known package when getting name for resource number 0xffffffff
W/ResourceType( 9744): No known package when getting name for resource number 0xffffffff
W/ResourceType( 9744): No known package when getting name for resource number 0xffffffff
W/ResourceType( 9744): No known package when getting name for resource number 0xffffffff
W/ResourceType( 9744): No known package when getting name for resource number 0xffffffff
W/ResourceType( 9744): No known package when getting name for resource number 0xffffffff
W/ResourceType( 9744): No known package when getting name for resource number 0xffffffff
W/ResourceType( 9744): No known package when getting name for resource number 0xffffffff
W/ResourceType( 9744): No known package when getting name for resource number 0xffffffff
W/ResourceType( 9744): No known package when getting name for resource number 0xffffffff
W/ResourceType( 9744): No known package when getting name for resource number 0xffffffff
W/ResourceType( 9744): No known package when getting name for resource number 0xffffffff
W/ResourceType( 9744): No known package when getting name for resource number 0xffffffff
W/ResourceType( 9744): No known package when getting name for resource number 0xffffffff
W/ResourceType( 9744): No known package when getting name for resource number 0xffffffff
W/ResourceType( 9744): No known package when getting name for resource number 0xffffffff
W/ResourceType( 9744): No known package when getting name for resource number 0xffffffff
W/ResourceType( 9744): No known package when getting name for resource number 0xffffffff
W/ResourceType( 9744): No known package when getting name for resource number 0xffffffff
W/ResourceType( 9744): No known package when getting name for resource number 0xffffffff
W/ResourceType( 9744): No known package when getting name for resource number 0xffffffff
W/ResourceType( 9744): No known package when getting name for resource number 0xffffffff
W/ResourceType( 9744): No known package when getting name for resource number 0xffffffff
W/ResourceType( 9744): No known package when getting name for resource number 0xffffffff
W/ResourceType( 9744): No known package when getting name for resource number 0xffffffff
W/ResourceType( 9744): No known package when getting name for resource number 0xffffffff
W/ResourceType( 9744): No known package when getting name for resource number 0xffffffff
W/ResourceType( 9744): No known package when getting name for resource number 0xffffffff
W/ResourceType( 9744): No known package when getting name for resource number 0xffffffff
W/ResourceType( 9744): No known package when getting name for resource number 0xffffffff
D/Mono    ( 9744): DllImport searching in: '__Internal' ('(null)').
D/Mono    ( 9744): Searching for 'java_interop_jnienv_set_int_field'.
D/Mono    ( 9744): Probing 'java_interop_jnienv_set_int_field'.
D/Mono    ( 9744): Found as 'java_interop_jnienv_set_int_field'.
I/System.out( 9744): URI: /map
I/System.out( 9744): params: {json={"query":"* marked:'My Jobs'","operation":{"method_name":"query","arguments":[]}}
I/System.out( 9744): }
E/RecyclerView( 9744): No adapter attached; skipping layout
W/art     ( 9744): JNI RegisterNativeMethods: attempt to register 0 native methods for md539c3d548fb000cea9f34163fa7e112ea.JobResultViewHolder
W/art     ( 9744): JNI RegisterNativeMethods: attempt to register 0 native methods for md543b91ad655f5c020e54c78f692da973f.SnapshotView
W/ResourceType( 9744): No known package when getting name for resource number 0xffffffff
W/ResourceType( 9744): No known package when getting name for resource number 0xffffffff
W/ResourceType( 9744): No known package when getting name for resource number 0xffffffff
W/ResourceType( 9744): No known package when getting name for resource number 0xffffffff
W/ResourceType( 9744): No known package when getting name for resource number 0xffffffff
W/ResourceType( 9744): No known package when getting name for resource number 0xffffffff
W/ResourceType( 9744): No known package when getting name for resource number 0xffffffff
W/ResourceType( 9744): No known package when getting name for resource number 0xffffffff
W/ResourceType( 9744): No known package when getting name for resource number 0xffffffff
W/ResourceType( 9744): No known package when getting name for resource number 0xffffffff
W/ResourceType( 9744): No known package when getting name for resource number 0xffffffff
W/ResourceType( 9744): No known package when getting name for resource number 0xffffffff
W/ResourceType( 9744): No known package when getting name for resource number 0xffffffff
W/ResourceType( 9744): No known package when getting name for resource number 0xffffffff
W/ResourceType( 9744): No known package when getting name for resource number 0xffffffff
W/ResourceType( 9744): No known package when getting name for resource number 0xffffffff
W/ResourceType( 9744): No known package when getting name for resource number 0xffffffff
W/ResourceType( 9744): No known package when getting name for resource number 0xffffffff
W/ResourceType( 9744): No known package when getting name for resource number 0xffffffff
W/ResourceType( 9744): No known package when getting name for resource number 0xffffffff
W/ResourceType( 9744): No known package when getting name for resource number 0xffffffff
W/ResourceType( 9744): No known package when getting name for resource number 0xffffffff
W/ResourceType( 9744): No known package when getting name for resource number 0xffffffff
W/ResourceType( 9744): No known package when getting name for resource number 0xffffffff
W/ResourceType( 9744): No known package when getting name for resource number 0xffffffff
W/ResourceType( 9744): No known package when getting name for resource number 0xffffffff
W/ResourceType( 9744): No known package when getting name for resource number 0xffffffff
W/ResourceType( 9744): No known package when getting name for resource number 0xffffffff
W/ResourceType( 9744): No known package when getting name for resource number 0xffffffff
W/ResourceType( 9744): No known package when getting name for resource number 0xffffffff
W/ResourceType( 9744): No known package when getting name for resource number 0xffffffff
W/ResourceType( 9744): No known package when getting name for resource number 0xffffffff
W/ResourceType( 9744): No known package when getting name for resource number 0xffffffff
W/ResourceType( 9744): No known package when getting name for resource number 0xffffffff
W/ResourceType( 9744): No known package when getting name for resource number 0xffffffff
W/ResourceType( 9744): No known package when getting name for resource number 0xffffffff
W/ResourceType( 9744): No known package when getting name for resource number 0xffffffff
W/ResourceType( 9744): No known package when getting name for resource number 0xffffffff
W/ResourceType( 9744): No known package when getting name for resource number 0xffffffff
W/ResourceType( 9744): No known package when getting name for resource number 0xffffffff
W/ResourceType( 9744): No known package when getting name for resource number 0xffffffff
W/ResourceType( 9744): No known package when getting name for resource number 0xffffffff
W/ResourceType( 9744): No known package when getting name for resource number 0xffffffff
W/ResourceType( 9744): No known package when getting name for resource number 0xffffffff
W/ResourceType( 9744): No known package when getting name for resource number 0xffffffff
W/ResourceType( 9744): No known package when getting name for resource number 0xffffffff
W/ResourceType( 9744): No known package when getting name for resource number 0xffffffff
W/ResourceType( 9744): No known package when getting name for resource number 0xffffffff
W/ResourceType( 9744): No known package when getting name for resource number 0xffffffff
W/ResourceType( 9744): No known package when getting name for resource number 0xffffffff
W/ResourceType( 9744): No known package when getting name for resource number 0xffffffff
W/ResourceType( 9744): No known package when getting name for resource number 0xffffffff
W/ResourceType( 9744): No known package when getting name for resource number 0xffffffff
W/ResourceType( 9744): No known package when getting name for resource number 0xffffffff
W/ResourceType( 9744): No known package when getting name for resource number 0xffffffff
W/ResourceType( 9744): No known package when getting name for resource number 0xffffffff
W/ResourceType( 9744): No known package when getting name for resource number 0xffffffff
W/ResourceType( 9744): No known package when getting name for resource number 0xffffffff
W/ResourceType( 9744): No known package when getting name for resource number 0xffffffff
W/ResourceType( 9744): No known package when getting name for resource number 0xffffffff
W/ResourceType( 9744): No known package when getting name for resource number 0xffffffff
W/ResourceType( 9744): No known package when getting name for resource number 0xffffffff
W/ResourceType( 9744): No known package when getting name for resource number 0xffffffff
W/ResourceType( 9744): No known package when getting name for resource number 0xffffffff
W/ResourceType( 9744): No known package when getting name for resource number 0xffffffff
W/ResourceType( 9744): No known package when getting name for resource number 0xffffffff
W/ResourceType( 9744): No known package when getting name for resource number 0xffffffff
W/ResourceType( 9744): No known package when getting name for resource number 0xffffffff
W/ResourceType( 9744): No known package when getting name for resource number 0xffffffff
W/ResourceType( 9744): No known package when getting name for resource number 0xffffffff
W/ResourceType( 9744): No known package when getting name for resource number 0xffffffff
W/ResourceType( 9744): No known package when getting name for resource number 0xffffffff
W/ResourceType( 9744): No known package when getting name for resource number 0xffffffff
I/Choreographer( 9744): Skipped 30 frames!  The application may be doing too much work on its main thread.
W/ResourceType( 9744): No known package when getting name for resource number 0xffffffff
I/System.out( 9744): URI: /
I/System.out( 9744): params: {json={"command":"touch_coordinate","arguments":[720.0,364.0]}
I/System.out( 9744): }
I/System.out( 9744): header: {content-length=56, host=devicehost47.prod, x-session-token=token-token-9b804a2f-4ed7-4a18-a857-ff6ac962a06b, x-forwarded-for=10.222.150.29, content-type=application/json; charset=utf-8, connection=close}
I/System.out( 9744): params: {json={"command":"touch_coordinate","arguments":[720.0,364.0]}
I/System.out( 9744): }
I/System.out( 9744): ProP json = {"command":"touch_coordinate","arguments":[720.0,364.0]}
I/System.out( 9744): files: {}
I/System.out( 9744): command: {"command":"touch_coordinate","arguments":[720.0,364.0]}
I/InstrumentationBackend( 9744): Got command:'Command:'Line:null,touch_coordinate', arguments:'[720.0, 364.0]'
I/mono-stdout( 9744): uri is: https://api.careerbuilder.com/consumer/saved-jobs/?DeveloperKey=WDHR8FC6P2JZ1Y61KLM5
I/mono-stdout( 9744): making api call to: /consumer/saved-jobs/?DeveloperKey=WDHR8FC6P2JZ1Y61KLM5
I/mono-stdout( 9744): Method: GET, RequestUri: 'https://api.careerbuilder.com/consumer/saved-jobs/?DeveloperKey=WDHR8FC6P2JZ1Y61KLM5', Version: 1.1, Content: <null>, Headers:

I/mono-stdout( 9744): {

I/mono-stdout( 9744): DeveloperKey: WDHR8FC6P2JZ1Y61KLM5

I/mono-stdout( 9744): Accept: application/json

I/mono-stdout( 9744): Authorization: Bearer test

I/mono-stdout( 9744): HostSite: US

I/mono-stdout( 9744): }
I/mono-stdout( 9744): Current State = 1,2,6,7
I/mono-stdout( 9744): applied jobs = 6
I/mono-stdout( 9744): expired jobs = 7
I/mono-stdout( 9744): saved jobs = Saved,Saved,Applied,Saved
E/RecyclerView( 9744): No adapter attached; skipping layout
I/Keyboard.Facilitator( 3495): onFinishInput()
I/System.out( 9744): result:{"bonusInformation":[],"message":"","success":true}
I/System.out( 9744): URI: /map
I/System.out( 9744): params: {json={"query":"FloatingActionMenu child *","operation":{"method_name":"query","arguments":[]}}
I/System.out( 9744): }
W/ResourceType( 9744): No known package when getting name for resource number 0xffffffff
W/ResourceType( 9744): No known package when getting name for resource number 0xffffffff
I/mono-stdout( 9744): done making call to: /consumer/saved-jobs/?DeveloperKey=WDHR8FC6P2JZ1Y61KLM5
W/art     ( 9744): JNI RegisterNativeMethods: attempt to register 0 native methods for md539c3d548fb000cea9f34163fa7e112ea.SavedJobViewHolder
I/System.out( 9744): URI: /
I/System.out( 9744): params: {json={"command":"touch_coordinate","arguments":[1296.0,2241.0]}
I/System.out( 9744): }
I/System.out( 9744): header: {content-length=58, host=devicehost47.prod, x-session-token=token-token-9b804a2f-4ed7-4a18-a857-ff6ac962a06b, x-forwarded-for=10.222.150.29, content-type=application/json; charset=utf-8, connection=close}
I/System.out( 9744): params: {json={"command":"touch_coordinate","arguments":[1296.0,2241.0]}
I/System.out( 9744): }
I/System.out( 9744): ProP json = {"command":"touch_coordinate","arguments":[1296.0,2241.0]}
I/System.out( 9744): files: {}
I/System.out( 9744): command: {"command":"touch_coordinate","arguments":[1296.0,2241.0]}
I/InstrumentationBackend( 9744): Got command:'Command:'Line:null,touch_coordinate', arguments:'[1296.0, 2241.0]'
D/audio_hw_primary(  512): out_set_parameters: enter: usecase(1: low-latency-playback) kvpairs: routing=2
D/audio_hw_primary(  512): select_devices: out_snd_device(2: speaker) in_snd_device(0: none)
D/msm8974_platform(  512): platform_send_audio_calibration: sending audio calibration for snd_device(2) acdb_id(15)
I/soundtrigger(  512): audio_extn_sound_trigger_update_device_status: device 0x2 of type 0 for Event 1
D/audio_hw_primary(  512): enable_snd_device: snd_device(2: speaker)
D/audio_hw_primary(  512): enable_audio_route: apply and update mixer path: low-latency-playback speaker
I/System.out( 9744): result:{"bonusInformation":[],"message":"","success":true}
I/System.out( 9744): URI: /map
I/System.out( 9744): params: {json={"query":"* marked:'filterApplied'","operation":{"method_name":"query","arguments":[]}}
I/System.out( 9744): }
W/ResourceType( 9744): No known package when getting name for resource number 0xffffffff
W/ResourceType( 9744): No known package when getting name for resource number 0xffffffff
W/ResourceType( 9744): No known package when getting name for resource number 0xffffffff
W/ResourceType( 9744): No known package when getting name for resource number 0xffffffff
W/ResourceType( 9744): No known package when getting name for resource number 0xffffffff
W/ResourceType( 9744): No known package when getting name for resource number 0xffffffff
W/ResourceType( 9744): No known package when getting name for resource number 0xffffffff
W/ResourceType( 9744): No known package when getting name for resource number 0xffffffff
W/ResourceType( 9744): No known package when getting name for resource number 0xffffffff
W/ResourceType( 9744): No known package when getting name for resource number 0xffffffff
W/ResourceType( 9744): No known package when getting name for resource number 0xffffffff
W/ResourceType( 9744): No known package when getting name for resource number 0xffffffff
W/ResourceType( 9744): No known package when getting name for resource number 0xffffffff
W/ResourceType( 9744): No known package when getting name for resource number 0xffffffff
W/ResourceType( 9744): No known package when getting name for resource number 0xffffffff
W/ResourceType( 9744): No known package when getting name for resource number 0xffffffff
W/ResourceType( 9744): No known package when getting name for resource number 0xffffffff
W/ResourceType( 9744): No known package when getting name for resource number 0xffffffff
W/ResourceType( 9744): No known package when getting name for resource number 0xffffffff
W/ResourceType( 9744): No known package when getting name for resource number 0xffffffff
W/ResourceType( 9744): No known package when getting name for resource number 0xffffffff
W/ResourceType( 9744): No known package when getting name for resource number 0xffffffff
W/ResourceType( 9744): No known package when getting name for resource number 0xffffffff
W/ResourceType( 9744): No known package when getting name for resource number 0xffffffff
W/ResourceType( 9744): No known package when getting name for resource number 0xffffffff
W/ResourceType( 9744): No known package when getting name for resource number 0xffffffff
D/audio_hw_primary(  512): disable_audio_route: reset and update mixer path: low-latency-playback speaker
D/audio_hw_primary(  512): disable_snd_device: snd_device(2: speaker)
I/ThermalEngine(  518): ACTION: GPU - Setting GPU[0] to 450000000
W/ResourceType( 9744): No known package when getting name for resource number 0xffffffff
I/soundtrigger(  512): audio_extn_sound_trigger_update_device_status: device 0x2 of type 0 for Event 0
W/ResourceType( 9744): No known package when getting name for resource number 0xffffffff
W/ResourceType( 9744): No known package when getting name for resource number 0xffffffff
W/ResourceType( 9744): No known package when getting name for resource number 0xffffffff
W/ResourceType( 9744): No known package when getting name for resource number 0xffffffff
W/ResourceType( 9744): No known package when getting name for resource number 0xffffffff
W/ResourceType( 9744): No known package when getting name for resource number 0xffffffff
W/ResourceType( 9744): No known package when getting name for resource number 0xffffffff
W/ResourceType( 9744): No known package when getting name for resource number 0xffffffff
W/ResourceType( 9744): No known package when getting name for resource number 0xffffffff
W/ResourceType( 9744): No known package when getting name for resource number 0xffffffff
W/ResourceType( 9744): No known package when getting name for resource number 0xffffffff
W/ResourceType( 9744): No known package when getting name for resource number 0xffffffff
W/ResourceType( 9744): No known package when getting name for resource number 0xffffffff
W/ResourceType( 9744): No known package when getting name for resource number 0xffffffff
W/ResourceType( 9744): No known package when getting name for resource number 0xffffffff
W/ResourceType( 9744): No known package when getting name for resource number 0xffffffff
W/ResourceType( 9744): No known package when getting name for resource number 0xffffffff
W/ResourceType( 9744): No known package when getting name for resource number 0xffffffff
W/ResourceType( 9744): No known package when getting name for resource number 0xffffffff
W/ResourceType( 9744): No known package when getting name for resource number 0xffffffff
W/ResourceType( 9744): No known package when getting name for resource number 0xffffffff
W/ResourceType( 9744): No known package when getting name for resource number 0xffffffff
W/ResourceType( 9744): No known package when getting name for resource number 0xffffffff
W/ResourceType( 9744): No known package when getting name for resource number 0xffffffff
W/ResourceType( 9744): No known package when getting name for resource number 0xffffffff
W/ResourceType( 9744): No known package when getting name for resource number 0xffffffff
W/ResourceType( 9744): No known package when getting name for resource number 0xffffffff
W/ResourceType( 9744): No known package when getting name for resource number 0xffffffff
W/ResourceType( 9744): No known package when getting name for resource number 0xffffffff
W/ResourceType( 9744): No known package when getting name for resource number 0xffffffff
W/ResourceType( 9744): No known package when getting name for resource number 0xffffffff
W/ResourceType( 9744): No known package when getting name for resource number 0xffffffff
W/ResourceType( 9744): No known package when getting name for resource number 0xffffffff
W/ResourceType( 9744): No known package when getting name for resource number 0xffffffff
W/ResourceType( 9744): No known package when getting name for resource number 0xffffffff
W/ResourceType( 9744): No known package when getting name for resource number 0xffffffff
W/ResourceType( 9744): No known package when getting name for resource number 0xffffffff
W/ResourceType( 9744): No known package when getting name for resource number 0xffffffff
W/ResourceType( 9744): No known package when getting name for resource number 0xffffffff
I/System.out( 9744): URI: /map
I/System.out( 9744): params: {json={"query":"* marked:'filterApplied'","operation":{"method_name":"query","arguments":[]}}
I/System.out( 9744): }
W/ResourceType( 9744): No known package when getting name for resource number 0xffffffff
W/ResourceType( 9744): No known package when getting name for resource number 0xffffffff
W/ResourceType( 9744): No known package when getting name for resource number 0xffffffff
W/ResourceType( 9744): No known package when getting name for resource number 0xffffffff
W/ResourceType( 9744): No known package when getting name for resource number 0xffffffff
W/ResourceType( 9744): No known package when getting name for resource number 0xffffffff
W/ResourceType( 9744): No known package when getting name for resource number 0xffffffff
W/ResourceType( 9744): No known package when getting name for resource number 0xffffffff
W/ResourceType( 9744): No known package when getting name for resource number 0xffffffff
W/ResourceType( 9744): No known package when getting name for resource number 0xffffffff
W/ResourceType( 9744): No known package when getting name for resource number 0xffffffff
W/ResourceType( 9744): No known package when getting name for resource number 0xffffffff
W/ResourceType( 9744): No known package when getting name for resource number 0xffffffff
W/ResourceType( 9744): No known package when getting name for resource number 0xffffffff
W/ResourceType( 9744): No known package when getting name for resource number 0xffffffff
W/ResourceType( 9744): No known package when getting name for resource number 0xffffffff
W/ResourceType( 9744): No known package when getting name for resource number 0xffffffff
W/ResourceType( 9744): No known package when getting name for resource number 0xffffffff
W/ResourceType( 9744): No known package when getting name for resource number 0xffffffff
W/ResourceType( 9744): No known package when getting name for resource number 0xffffffff
W/ResourceType( 9744): No known package when getting name for resource number 0xffffffff
W/ResourceType( 9744): No known package when getting name for resource number 0xffffffff
W/ResourceType( 9744): No known package when getting name for resource number 0xffffffff
W/ResourceType( 9744): No known package when getting name for resource number 0xffffffff
W/ResourceType( 9744): No known package when getting name for resource number 0xffffffff
W/ResourceType( 9744): No known package when getting name for resource number 0xffffffff
W/ResourceType( 9744): No known package when getting name for resource number 0xffffffff
W/ResourceType( 9744): No known package when getting name for resource number 0xffffffff
W/ResourceType( 9744): No known package when getting name for resource number 0xffffffff
W/ResourceType( 9744): No known package when getting name for resource number 0xffffffff
W/ResourceType( 9744): No known package when getting name for resource number 0xffffffff
W/ResourceType( 9744): No known package when getting name for resource number 0xffffffff
W/ResourceType( 9744): No known package when getting name for resource number 0xffffffff
W/ResourceType( 9744): No known package when getting name for resource number 0xffffffff
W/ResourceType( 9744): No known package when getting name for resource number 0xffffffff
W/ResourceType( 9744): No known package when getting name for resource number 0xffffffff
W/ResourceType( 9744): No known package when getting name for resource number 0xffffffff
W/ResourceType( 9744): No known package when getting name for resource number 0xffffffff
W/ResourceType( 9744): No known package when getting name for resource number 0xffffffff
W/ResourceType( 9744): No known package when getting name for resource number 0xffffffff
W/ResourceType( 9744): No known package when getting name for resource number 0xffffffff
W/ResourceType( 9744): No known package when getting name for resource number 0xffffffff
W/ResourceType( 9744): No known package when getting name for resource number 0xffffffff
W/ResourceType( 9744): No known package when getting name for resource number 0xffffffff
W/ResourceType( 9744): No known package when getting name for resource number 0xffffffff
W/ResourceType( 9744): No known package when getting name for resource number 0xffffffff
W/ResourceType( 9744): No known package when getting name for resource number 0xffffffff
