D/Mono    ( 9819): Config attempting to parse: '/Users/builder/data/lanes/4009/f3074d2c/source/monodroid/builds/install/mono-armv6/etc/mono/assemblies/System.ComponentModel/System.ComponentModel.config'.
D/Mono    ( 9819): Assembly Ref addref System.Reactive.Core[0xebc6dda0] -> System.ComponentModel[0xef4d8880]: 2
D/Mono    ( 9819): Assembly Ref addref System.ComponentModel[0xef4d8880] -> mscorlib[0xebc6d020]: 41
D/Mono    ( 9819): Unloading image System.Runtime.dll [0xd8851000].
D/Mono    ( 9819): Image addref System.Runtime[0xef4d7b60] -> System.Runtime.dll[0xea8ede00]: 10
D/Mono    ( 9819): Config attempting to parse: 'System.Runtime.dll.config'.
D/Mono    ( 9819): Config attempting to parse: '/Users/builder/data/lanes/4009/f3074d2c/source/monodroid/builds/install/mono-armv6/etc/mono/assemblies/System.Runtime/System.Runtime.config'.
D/Mono    ( 9819): Assembly Ref addref System.Reactive.Interfaces[0xebc6de00] -> System.Runtime[0xebc6e1c0]: 8
D/Mono    ( 9819): Assembly Ref addref Akavache[0xebc6d1a0] -> System.Reactive.Linq[0xebc6de60]: 2
D/Mono    ( 9819): Unloading image System.Runtime.dll [0xd8851500].
D/Mono    ( 9819): Image addref System.Runtime[0xef4d7b60] -> System.Runtime.dll[0xea8ede00]: 11
D/Mono    ( 9819): Config attempting to parse: 'System.Runtime.dll.config'.
D/Mono    ( 9819): Config attempting to parse: '/Users/builder/data/lanes/4009/f3074d2c/source/monodroid/builds/install/mono-armv6/etc/mono/assemblies/System.Runtime/System.Runtime.config'.
D/Mono    ( 9819): Assembly Ref addref System.Reactive.Linq[0xebc6de60] -> System.Runtime[0xebc6e1c0]: 9
D/Mono    ( 9819): Assembly Ref addref System.Reactive.Linq[0xebc6de60] -> System.Reactive.Interfaces[0xebc6de00]: 4
D/Mono    ( 9819): Unloading image System.Threading.Tasks.dll [0xd8851a00].
D/Mono    ( 9819): Image addref System.Threading.Tasks[0xef4d7b60] -> System.Threading.Tasks.dll[0xd9ee6500]: 5
D/Mono    ( 9819): Config attempting to parse: 'System.Threading.Tasks.dll.config'.
D/Mono    ( 9819): Config attempting to parse: '/Users/builder/data/lanes/4009/f3074d2c/source/monodroid/builds/install/mono-armv6/etc/mono/assemblies/System.Threading.Tasks/System.Threading.Tasks.config'.
D/Mono    ( 9819): Assembly Ref addref System.Reactive.Linq[0xebc6de60] -> System.Threading.Tasks[0xd8eca1e0]: 3
D/Mono    ( 9819): Assembly Ref addref Splat[0xebc6d3e0] -> Mono.Android[0xebc6e100]: 21
D/Mono    ( 9819): Assembly Ref addref Splat[0xebc6d3e0] -> System.Core[0xebc6e700]: 9
I/AppsFlyer_3.01( 9819): AppsFlyer: first launch date: 2017-03-15_1018-1100
I/System.out( 9819): AppsFlyerLib.sendTrackingWithEvent
I/AppsFlyer_3.01-612727277( 9819): url: https://t.appsflyer.com/api/v3/androidevent?buildnumber=3.01&app_id=com.careerbuilder.SugarDrone
I/AppsFlyer_( 9819): data: device=angler&firstLaunchDate=2017-03-15_1018-1100&installDate=2017-03-15_1018-1100&sdk=23&carrier=&date1=2017-03-15_1018-1100&af_preinstalled=false&advertiserIdEnabled=true&iaecounter=0&lang_code=en&appsflyerKey=WV****************HFK5&app_version_name=3.1.7&lang=English&timepassedsincelastlaunch=0&dkh=WVGo7sxf&android_id=fe16ed78ef2e3295&advertiserId=9a4af62c-7d78-489c-a863-2bfd33974ec1&deviceType=user&af_v=08b23f5f02e8ceb5e3efbf84b26e74514de6a591&app_version_code=30011&platformextension=android_native&network=WIFI&operator=2TELL&country=US&date2=2017-03-15_1018-1100&brand=google&af_timestamp=1489612727277&uid=1489612688518-6034065131276087110&isFirstCall=true&counter=2&model=Nexus+6P&product=angler
D/Mono    ( 9819): Assembly Ref addref Akavache[0xebc6d1a0] -> Mono.Android[0xebc6e100]: 22
D/Mono    ( 9819): Assembly Loader probing location: '/Akavache.Mac.dll'.
D/Mono    ( 9819): Assembly Loader probing location: '/Users/builder/data/lanes/4009/f3074d2c/source/monodroid/builds/install/mono-armv6/lib/Akavache.Mac.dll'.
D/Mono    ( 9819): Assembly Loader probing location: '/Akavache.Mac.exe'.
D/Mono    ( 9819): Assembly Loader probing location: '/Users/builder/data/lanes/4009/f3074d2c/source/monodroid/builds/install/mono-armv6/lib/Akavache.Mac.exe'.
D/Mono    ( 9819): Assembly Loader probing location: '/Akavache.Deprecated.dll'.
D/Mono    ( 9819): Assembly Loader probing location: '/Users/builder/data/lanes/4009/f3074d2c/source/monodroid/builds/install/mono-armv6/lib/Akavache.Deprecated.dll'.
D/Mono    ( 9819): Assembly Loader probing location: '/Akavache.Deprecated.exe'.
D/Mono    ( 9819): Assembly Loader probing location: '/Users/builder/data/lanes/4009/f3074d2c/source/monodroid/builds/install/mono-armv6/lib/Akavache.Deprecated.exe'.
D/Mono    ( 9819): Assembly Loader probing location: '/Akavache.Mobile.dll'.
D/Mono    ( 9819): Assembly Loader probing location: '/Users/builder/data/lanes/4009/f3074d2c/source/monodroid/builds/install/mono-armv6/lib/Akavache.Mobile.dll'.
D/Mono    ( 9819): Assembly Loader probing location: '/Akavache.Mobile.exe'.
D/Mono    ( 9819): Assembly Loader probing location: '/Users/builder/data/lanes/4009/f3074d2c/source/monodroid/builds/install/mono-armv6/lib/Akavache.Mobile.exe'.
D/Mono    ( 9819): Unloading image System.Runtime.dll [0xd8851f00].
D/Mono    ( 9819): Image addref System.Runtime[0xef4d83a0] -> System.Runtime.dll[0xea8ede00]: 12
D/Mono    ( 9819): Config attempting to parse: 'System.Runtime.dll.config'.
D/Mono    ( 9819): Config attempting to parse: '/Users/builder/data/lanes/4009/f3074d2c/source/monodroid/builds/install/mono-armv6/etc/mono/assemblies/System.Runtime/System.Runtime.config'.
D/Mono    ( 9819): Assembly Ref addref Akavache.Sqlite3[0xebc6d200] -> System.Runtime[0xebc6e1c0]: 10
D/Mono    ( 9819): Assembly Ref addref Akavache.Sqlite3[0xebc6d200] -> Akavache[0xebc6d1a0]: 3
D/Mono    ( 9819): Unloading image Splat.dll [0xd8851f00].
D/Mono    ( 9819): Image addref Splat[0xef4d83a0] -> Splat.dll[0xeaea3500]: 6
D/Mono    ( 9819): Config attempting to parse: 'Splat.dll.config'.
D/Mono    ( 9819): Config attempting to parse: '/Users/builder/data/lanes/4009/f3074d2c/source/monodroid/builds/install/mono-armv6/etc/mono/assemblies/Splat/Splat.config'.
D/Mono    ( 9819): Assembly Ref addref Akavache.Sqlite3[0xebc6d200] -> Splat[0xebc6d3e0]: 3
D/Mono    ( 9819): Assembly Ref addref System.Reactive.Core[0xebc6dda0] -> System.Resources.ResourceManager[0xef4d6600]: 3
D/Mono    ( 9819): Unloading image System.Collections.dll [0xd8852400].
D/Mono    ( 9819): Image addref System.Collections[0xef4d83a0] -> System.Collections.dll[0xea8f0b00]: 7
D/Mono    ( 9819): Config attempting to parse: 'System.Collections.dll.config'.
D/Mono    ( 9819): Config attempting to parse: '/Users/builder/data/lanes/4009/f3074d2c/source/monodroid/builds/install/mono-armv6/etc/mono/assemblies/System.Collections/System.Collections.config'.
D/Mono    ( 9819): Assembly Ref addref System.Reactive.Core[0xebc6dda0] -> System.Collections[0xebc6e460]: 5
D/Mono    ( 9819): Assembly Ref addref System.Collections[0xebc6e460] -> System.Core[0xebc6e700]: 10
D/Mono    ( 9819): Unloading image System.Threading.dll [0xd8852400].
D/Mono    ( 9819): Image addref System.Threading[0xef4d8940] -> System.Threading.dll[0xea8ef700]: 7
D/Mono    ( 9819): Config attempting to parse: 'System.Threading.dll.config'.
D/Mono    ( 9819): Config attempting to parse: '/Users/builder/data/lanes/4009/f3074d2c/source/monodroid/builds/install/mono-armv6/etc/mono/assemblies/System.Threading/System.Threading.config'.
D/Mono    ( 9819): Assembly Ref addref System.Reactive.Core[0xebc6dda0] -> System.Threading[0xebc6e2e0]: 5
D/Mono    ( 9819): Unloading image System.Reflection.dll [0xd8852400].
D/Mono    ( 9819): Image addref System.Reflection[0xef4d8c40] -> System.Reflection.dll[0xea8ef200]: 6
D/Mono    ( 9819): Config attempting to parse: 'System.Reflection.dll.config'.
D/Mono    ( 9819): Config attempting to parse: '/Users/builder/data/lanes/4009/f3074d2c/source/monodroid/builds/install/mono-armv6/etc/mono/assemblies/System.Reflection/System.Reflection.config'.
D/Mono    ( 9819): Assembly Ref addref System.Reactive.Core[0xebc6dda0] -> System.Reflection[0xebc6e280]: 4
D/Mono    ( 9819): Unloading image System.Runtime.dll [0xd8852400].
D/Mono    ( 9819): Image addref System.Runtime[0xef4d8940] -> System.Runtime.dll[0xea8ede00]: 13
D/Mono    ( 9819): Config attempting to parse: 'System.Runtime.dll.config'.
D/Mono    ( 9819): Config attempting to parse: '/Users/builder/data/lanes/4009/f3074d2c/source/monodroid/builds/install/mono-armv6/etc/mono/assemblies/System.Runtime/System.Runtime.config'.
D/Mono    ( 9819): Assembly Ref addref System.Reactive.PlatformServices[0xebc6dec0] -> System.Runtime[0xebc6e1c0]: 11
D/Mono    ( 9819): Assembly Ref addref System.Reactive.PlatformServices[0xebc6dec0] -> System.Reactive.Core[0xebc6dda0]: 4
D/Mono    ( 9819): Assembly Ref addref System.Reactive.PlatformServices[0xebc6dec0] -> System.Resources.ResourceManager[0xef4d6600]: 4
D/Mono    ( 9819): Unloading image System.Reflection.dll [0xd8852400].
D/Mono    ( 9819): Image addref System.Reflection[0xef4d8940] -> System.Reflection.dll[0xea8ef200]: 7
D/Mono    ( 9819): Config attempting to parse: 'System.Reflection.dll.config'.
D/Mono    ( 9819): Config attempting to parse: '/Users/builder/data/lanes/4009/f3074d2c/source/monodroid/builds/install/mono-armv6/etc/mono/assemblies/System.Reflection/System.Reflection.config'.
D/Mono    ( 9819): Assembly Ref addref System.Reactive.PlatformServices[0xebc6dec0] -> System.Reflection[0xebc6e280]: 5
D/Mono    ( 9819): Assembly Ref addref System.Reactive.PlatformServices[0xebc6dec0] -> System.Reactive.Interfaces[0xebc6de00]: 5
D/Mono    ( 9819): Unloading image System.Threading.Tasks.dll [0xd8852900].
D/Mono    ( 9819): Image addref System.Threading.Tasks[0xef4d8940] -> System.Threading.Tasks.dll[0xd9ee6500]: 6
D/Mono    ( 9819): Config attempting to parse: 'System.Threading.Tasks.dll.config'.
D/Mono    ( 9819): Config attempting to parse: '/Users/builder/data/lanes/4009/f3074d2c/source/monodroid/builds/install/mono-armv6/etc/mono/assemblies/System.Threading.Tasks/System.Threading.Tasks.config'.
D/Mono    ( 9819): Assembly Ref addref System.Reactive.PlatformServices[0xebc6dec0] -> System.Threading.Tasks[0xd8eca1e0]: 4
D/Mono    ( 9819): Assembly Ref addref System.Reactive.PlatformServices[0xebc6dec0] -> System.Reactive.Linq[0xebc6de60]: 3
D/Mono    ( 9819): Unloading image System.Diagnostics.Debug.dll [0xd8852900].
D/Mono    ( 9819): Image addref System.Diagnostics.Debug[0xef4d8940] -> System.Diagnostics.Debug.dll[0xea8efc00]: 6
D/Mono    ( 9819): Config attempting to parse: 'System.Diagnostics.Debug.dll.config'.
D/Mono    ( 9819): Config attempting to parse: '/Users/builder/data/lanes/4009/f3074d2c/source/monodroid/builds/install/mono-armv6/etc/mono/assemblies/System.Diagnostics.Debug/System.Diagnostics.Debug.config'.
D/Mono    ( 9819): Assembly Ref addref System.Reactive.PlatformServices[0xebc6dec0] -> System.Diagnostics.Debug[0xebc6e340]: 4
D/Mono    ( 9819): Assembly Ref addref System.Reactive.Linq[0xebc6de60] -> System.Reactive.Core[0xebc6dda0]: 5
D/Mono    ( 9819): Assembly Ref addref Akavache[0xebc6d1a0] -> System.Core[0xebc6e700]: 11
D/Mono    ( 9819): Assembly Ref addref System.Reactive.Linq[0xebc6de60] -> System.Resources.ResourceManager[0xef4d6600]: 5
D/Mono    ( 9819): [0xda67f930] hill climbing, change max number of threads 8
D/Mono    ( 9819): Assembly Ref addref CareerBuilder_Search[0xebc6e0a0] -> System.Reactive.Linq[0xebc6de60]: 4
D/Mono    ( 9819): Assembly Ref addref CareerBuilder_Search[0xebc6e0a0] -> Akavache[0xebc6d1a0]: 4
D/Mono    ( 9819): Assembly Ref addref Akavache.Sqlite3[0xebc6d200] -> System.Reactive.Core[0xebc6dda0]: 6
D/Mono    ( 9819): Assembly Ref addref Akavache.Sqlite3[0xebc6d200] -> System.Reactive.Interfaces[0xebc6de00]: 6
D/Mono    ( 9819): Assembly Ref addref Akavache.Sqlite3[0xebc6d200] -> System.Reactive.Linq[0xebc6de60]: 5
D/Mono    ( 9819): Unloading image System.Runtime.Extensions.dll [0xd8853300].
D/Mono    ( 9819): Image addref System.Runtime.Extensions[0xef4d8940] -> System.Runtime.Extensions.dll[0xda687b00]: 5
D/Mono    ( 9819): Config attempting to parse: 'System.Runtime.Extensions.dll.config'.
D/Mono    ( 9819): Config attempting to parse: '/Users/builder/data/lanes/4009/f3074d2c/source/monodroid/builds/install/mono-armv6/etc/mono/assemblies/System.Runtime.Extensions/System.Runtime.Extensions.config'.
D/Mono    ( 9819): Assembly Ref addref Akavache.Sqlite3[0xebc6d200] -> System.Runtime.Extensions[0xef4d6900]: 3
D/Mono    ( 9819): Unloading image System.Linq.dll [0xd8853300].
D/Mono    ( 9819): Image addref System.Linq[0xef4d8940] -> System.Linq.dll[0xef5dbe00]: 6
D/Mono    ( 9819): Config attempting to parse: 'System.Linq.dll.config'.
D/Mono    ( 9819): Config attempting to parse: '/Users/builder/data/lanes/4009/f3074d2c/source/monodroid/builds/install/mono-armv6/etc/mono/assemblies/System.Linq/System.Linq.config'.
D/Mono    ( 9819): Assembly Ref addref System.Reactive.Linq[0xebc6de60] -> System.Linq[0xebc6e580]: 4
D/Mono    ( 9819): Assembly Ref addref System.Runtime[0xebc6e1c0] -> System.Core[0xebc6e700]: 12
D/Mono    ( 9819): Unloading image System.Threading.dll [0xd8853300].
D/Mono    ( 9819): Image addref System.Threading[0xef4d8940] -> System.Threading.dll[0xea8ef700]: 8
D/Mono    ( 9819): Config attempting to parse: 'System.Threading.dll.config'.
D/Mono    ( 9819): Config attempting to parse: '/Users/builder/data/lanes/4009/f3074d2c/source/monodroid/builds/install/mono-armv6/etc/mono/assemblies/System.Threading/System.Threading.config'.
D/Mono    ( 9819): Assembly Ref addref System.Reactive.Linq[0xebc6de60] -> System.Threading[0xebc6e2e0]: 6
D/Mono    ( 9819): Assembly Ref addref Akavache[0xebc6d1a0] -> System.Reactive.PlatformServices[0xebc6dec0]: 2
D/Mono    ( 9819): Unloading image System.Globalization.dll [0xd8853300].
D/Mono    ( 9819): Image addref System.Globalization[0xd87380a0] -> System.Globalization.dll[0xda687600]: 5
D/Mono    ( 9819): Config attempting to parse: 'System.Globalization.dll.config'.
D/Mono    ( 9819): Config attempting to parse: '/Users/builder/data/lanes/4009/f3074d2c/source/monodroid/builds/install/mono-armv6/etc/mono/assemblies/System.Globalization/System.Globalization.config'.
D/Mono    ( 9819): Assembly Ref addref System.Reactive.Linq[0xebc6de60] -> System.Globalization[0xef4d6780]: 3
D/Mono    ( 9819): Unloading image System.Runtime.Extensions.dll [0xd8853300].
D/Mono    ( 9819): Image addref System.Runtime.Extensions[0xd87380a0] -> System.Runtime.Extensions.dll[0xda687b00]: 6
D/Mono    ( 9819): Config attempting to parse: 'System.Runtime.Extensions.dll.config'.
D/Mono    ( 9819): Config attempting to parse: '/Users/builder/data/lanes/4009/f3074d2c/source/monodroid/builds/install/mono-armv6/etc/mono/assemblies/System.Runtime.Extensions/System.Runtime.Extensions.config'.
D/Mono    ( 9819): Assembly Ref addref System.Reactive.Core[0xebc6dda0] -> System.Runtime.Extensions[0xef4d6900]: 4
D/Mono    ( 9819): Assembly Ref addref System.Runtime.Extensions[0xef4d6900] -> System[0xebc6e3a0]: 9
I/AppsFlyer_3.01-612727208( 9819): response code: 200
I/AppsFlyer_3.01-612727277( 9819): response code: 200
D/Mono    ( 9819): Unloading image System.Globalization.dll [0xd8853300].
D/Mono    ( 9819): Image addref System.Globalization[0xd87380a0] -> System.Globalization.dll[0xda687600]: 6
D/Mono    ( 9819): Config attempting to parse: 'System.Globalization.dll.config'.
D/Mono    ( 9819): Config attempting to parse: '/Users/builder/data/lanes/4009/f3074d2c/source/monodroid/builds/install/mono-armv6/etc/mono/assemblies/System.Globalization/System.Globalization.config'.
D/Mono    ( 9819): Assembly Ref addref System.Reactive.Core[0xebc6dda0] -> System.Globalization[0xef4d6780]: 4
D/Mono    ( 9819): Unloading image System.Threading.Tasks.dll [0xd8853300].
D/Mono    ( 9819): Image addref System.Threading.Tasks[0xd87380a0] -> System.Threading.Tasks.dll[0xd9ee6500]: 7
D/Mono    ( 9819): Config attempting to parse: 'System.Threading.Tasks.dll.config'.
D/Mono    ( 9819): Config attempting to parse: '/Users/builder/data/lanes/4009/f3074d2c/source/monodroid/builds/install/mono-armv6/etc/mono/assemblies/System.Threading.Tasks/System.Threading.Tasks.config'.
D/Mono    ( 9819): Assembly Ref addref System.Reactive.Core[0xebc6dda0] -> System.Threading.Tasks[0xd8eca1e0]: 5
I/System.out( 9819): URI: /map
D/Mono    ( 9819): [0xd83f5930] worker starting
I/System.out( 9819): params: {json={"query":"* id:'agreeAndContinueButton'","operation":{"method_name":"query","arguments":[]}}
I/System.out( 9819): }
D/Mono    ( 9819): [0xd7efa930] worker starting
D/Mono    ( 9819): Unloading image System.Collections.dll [0xd8853300].
D/Mono    ( 9819): Image addref System.Collections[0xd87381c0] -> System.Collections.dll[0xea8f0b00]: 8
D/Mono    ( 9819): Config attempting to parse: 'System.Collections.dll.config'.
D/Mono    ( 9819): Config attempting to parse: '/Users/builder/data/lanes/4009/f3074d2c/source/monodroid/builds/install/mono-armv6/etc/mono/assemblies/System.Collections/System.Collections.config'.
D/Mono    ( 9819): Assembly Ref addref Akavache.Sqlite3[0xebc6d200] -> System.Collections[0xebc6e460]: 6
D/Mono    ( 9819): Unloading image SQLitePCL.raw.dll [0xd8853300].
D/Mono    ( 9819): Image addref SQLitePCL.raw[0xd87381c0] -> SQLitePCL.raw.dll[0xea8eca00]: 5
D/Mono    ( 9819): Config attempting to parse: 'SQLitePCL.raw.dll.config'.
D/Mono    ( 9819): Config attempting to parse: '/Users/builder/data/lanes/4009/f3074d2c/source/monodroid/builds/install/mono-armv6/etc/mono/assemblies/SQLitePCL.raw/SQLitePCL.raw.config'.
D/Mono    ( 9819): Assembly Ref addref Akavache.Sqlite3[0xebc6d200] -> SQLitePCL.raw[0xebc6e040]: 2
D/Mono    ( 9819): Assembly Ref addref SQLitePCL.raw[0xebc6e040] -> mscorlib[0xebc6d020]: 42
D/Mono    ( 9819): Assembly Ref addref Splat[0xebc6d3e0] -> System[0xebc6e3a0]: 10
D/Mono    ( 9819): DllImport attempting to load: '/system/lib/libsqlite.so'.
D/Mono    ( 9819): DllImport loaded library '/system/lib/libsqlite.so'.
D/Mono    ( 9819): DllImport searching in: '/system/lib/libsqlite.so' ('/system/lib/libsqlite.so').
D/Mono    ( 9819): Searching for 'sqlite3_open_v2'.
D/Mono    ( 9819): Probing 'sqlite3_open_v2'.
D/Mono    ( 9819): Found as 'sqlite3_open_v2'.
D/Mono    ( 9819): DllImport searching in: '/system/lib/libsqlite.so' ('/system/lib/libsqlite.so').
D/Mono    ( 9819): Searching for 'sqlite3_busy_timeout'.
D/Mono    ( 9819): Probing 'sqlite3_busy_timeout'.
D/Mono    ( 9819): Found as 'sqlite3_busy_timeout'.
D/Mono    ( 9819): Unloading image System.Threading.Tasks.dll [0xd8ad9200].
D/Mono    ( 9819): Image addref System.Threading.Tasks[0xd8738700] -> System.Threading.Tasks.dll[0xd9ee6500]: 8
D/Mono    ( 9819): Config attempting to parse: 'System.Threading.Tasks.dll.config'.
D/Mono    ( 9819): Config attempting to parse: '/Users/builder/data/lanes/4009/f3074d2c/source/monodroid/builds/install/mono-armv6/etc/mono/assemblies/System.Threading.Tasks/System.Threading.Tasks.config'.
D/Mono    ( 9819): Assembly Ref addref Akavache.Sqlite3[0xebc6d200] -> System.Threading.Tasks[0xd8eca1e0]: 6
D/Mono    ( 9819): Unloading image System.Linq.dll [0xd8ad9200].
D/Mono    ( 9819): Image addref System.Linq[0xd8738700] -> System.Linq.dll[0xef5dbe00]: 7
D/Mono    ( 9819): Config attempting to parse: 'System.Linq.dll.config'.
D/Mono    ( 9819): Config attempting to parse: '/Users/builder/data/lanes/4009/f3074d2c/source/monodroid/builds/install/mono-armv6/etc/mono/assemblies/System.Linq/System.Linq.config'.
D/Mono    ( 9819): Assembly Ref addref Akavache.Sqlite3[0xebc6d200] -> System.Linq[0xebc6e580]: 5
D/Mono    ( 9819): DllImport searching in: '/system/lib/libsqlite.so' ('/system/lib/libsqlite.so').
D/Mono    ( 9819): Searching for 'sqlite3_prepare_v2'.
D/Mono    ( 9819): Probing 'sqlite3_prepare_v2'.
D/Mono    ( 9819): Found as 'sqlite3_prepare_v2'.
D/Mono    ( 9819): DllImport searching in: '/system/lib/libsqlite.so' ('/system/lib/libsqlite.so').
D/Mono    ( 9819): Searching for 'sqlite3_step'.
D/Mono    ( 9819): Probing 'sqlite3_step'.
D/Mono    ( 9819): Found as 'sqlite3_step'.
D/Mono    ( 9819): DllImport searching in: '/system/lib/libsqlite.so' ('/system/lib/libsqlite.so').
D/Mono    ( 9819): Searching for 'sqlite3_column_type'.
D/Mono    ( 9819): Probing 'sqlite3_column_type'.
D/Mono    ( 9819): Found as 'sqlite3_column_type'.
D/Mono    ( 9819): Unloading image System.Reflection.dll [0xd8853300].
D/Mono    ( 9819): Image addref System.Reflection[0xd8738700] -> System.Reflection.dll[0xea8ef200]: 8
D/Mono    ( 9819): Config attempting to parse: 'System.Reflection.dll.config'.
D/Mono    ( 9819): Config attempting to parse: '/Users/builder/data/lanes/4009/f3074d2c/source/monodroid/builds/install/mono-armv6/etc/mono/assemblies/System.Reflection/System.Reflection.config'.
D/Mono    ( 9819): Assembly Ref addref Akavache.Sqlite3[0xebc6d200] -> System.Reflection[0xebc6e280]: 6
D/Mono    ( 9819): DllImport searching in: '/system/lib/libsqlite.so' ('/system/lib/libsqlite.so').
D/Mono    ( 9819): Searching for 'sqlite3_column_int'.
D/Mono    ( 9819): Probing 'sqlite3_column_int'.
D/Mono    ( 9819): Found as 'sqlite3_column_int'.
D/Mono    ( 9819): DllImport searching in: '/system/lib/libsqlite.so' ('/system/lib/libsqlite.so').
D/Mono    ( 9819): Searching for 'sqlite3_finalize'.
D/Mono    ( 9819): Probing 'sqlite3_finalize'.
D/Mono    ( 9819): Found as 'sqlite3_finalize'.
D/Mono    ( 9819): DllImport searching in: '/system/lib/libsqlite.so' ('/system/lib/libsqlite.so').
D/Mono    ( 9819): Searching for 'sqlite3_changes'.
D/Mono    ( 9819): Probing 'sqlite3_changes'.
D/Mono    ( 9819): Found as 'sqlite3_changes'.
D/Mono    ( 9819): Assembly Ref addref Akavache.Sqlite3[0xebc6d200] -> System.Reflection.Extensions[0xebc6e820]: 4
D/Mono    ( 9819): DllImport searching in: '/system/lib/libsqlite.so' ('/system/lib/libsqlite.so').
D/Mono    ( 9819): Searching for 'sqlite3_column_count'.
D/Mono    ( 9819): Probing 'sqlite3_column_count'.
D/Mono    ( 9819): Found as 'sqlite3_column_count'.
D/Mono    ( 9819): DllImport searching in: '/system/lib/libsqlite.so' ('/system/lib/libsqlite.so').
D/Mono    ( 9819): Searching for 'sqlite3_column_name'.
D/Mono    ( 9819): Probing 'sqlite3_column_name'.
D/Mono    ( 9819): Found as 'sqlite3_column_name'.
D/Mono    ( 9819): DllImport searching in: '/system/lib/libsqlite.so' ('/system/lib/libsqlite.so').
D/Mono    ( 9819): Searching for 'sqlite3_column_text'.
D/Mono    ( 9819): Probing 'sqlite3_column_text'.
D/Mono    ( 9819): Found as 'sqlite3_column_text'.
E/SQLiteLog( 9819): (1) no such table: SchemaInfo
D/Mono    ( 9819): DllImport searching in: '/system/lib/libsqlite.so' ('/system/lib/libsqlite.so').
D/Mono    ( 9819): Searching for 'sqlite3_errmsg'.
D/Mono    ( 9819): Probing 'sqlite3_errmsg'.
D/Mono    ( 9819): Found as 'sqlite3_errmsg'.
D/Mono    ( 9819): DllImport searching in: '/system/lib/libsqlite.so' ('/system/lib/libsqlite.so').
D/Mono    ( 9819): Searching for 'sqlite3_bind_int'.
D/Mono    ( 9819): Probing 'sqlite3_bind_int'.
D/Mono    ( 9819): Found as 'sqlite3_bind_int'.
D/Mono    ( 9819): DllImport searching in: '/system/lib/libsqlite.so' ('/system/lib/libsqlite.so').
D/Mono    ( 9819): Searching for 'sqlite3_reset'.
D/Mono    ( 9819): Probing 'sqlite3_reset'.
D/Mono    ( 9819): Found as 'sqlite3_reset'.
D/Mono    ( 9819): Unloading image System.Threading.dll [0xd7d0fe00].
D/Mono    ( 9819): Image addref System.Threading[0xd8738880] -> System.Threading.dll[0xea8ef700]: 9
D/Mono    ( 9819): Config attempting to parse: 'System.Threading.dll.config'.
D/Mono    ( 9819): Config attempting to parse: '/Users/builder/data/lanes/4009/f3074d2c/source/monodroid/builds/install/mono-armv6/etc/mono/assemblies/System.Threading/System.Threading.config'.
D/Mono    ( 9819): Assembly Ref addref Akavache.Sqlite3[0xebc6d200] -> System.Threading[0xebc6e2e0]: 7
D/Mono    ( 9819): DllImport searching in: '/system/lib/libsqlite.so' ('/system/lib/libsqlite.so').
D/Mono    ( 9819): Searching for 'sqlite3_bind_text'.
D/Mono    ( 9819): Probing 'sqlite3_bind_text'.
D/Mono    ( 9819): Found as 'sqlite3_bind_text'.
D/Mono    ( 9819): Unloading image Newtonsoft.Json.dll [0xdad11200].
D/Mono    ( 9819): Image addref Newtonsoft.Json[0xdaeb07e0] -> Newtonsoft.Json.dll[0xea8c4d00]: 5
D/Mono    ( 9819): Config attempting to parse: 'Newtonsoft.Json.dll.config'.
D/Mono    ( 9819): Config attempting to parse: '/Users/builder/data/lanes/4009/f3074d2c/source/monodroid/builds/install/mono-armv6/etc/mono/assemblies/Newtonsoft.Json/Newtonsoft.Json.config'.
D/Mono    ( 9819): Assembly Ref addref Akavache.Sqlite3[0xebc6d200] -> Newtonsoft.Json[0xebc6dce0]: 3
D/Mono    ( 9819): Image addref System.IO[0xdaeb07e0] -> System.IO.dll[0xdad11200]: 2
D/Mono    ( 9819): Prepared to set up assembly 'System.IO' (System.IO.dll)
D/Mono    ( 9819): Assembly System.IO[0xdaeb07e0] added to domain RootDomain, ref_count=1
D/Mono    ( 9819): AOT module 'System.IO.dll.so' not found: dlopen failed: library "/data/app/com.careerbuilder.SugarDrone-1/lib/arm/libaot-System.IO.dll.so" not found
D/Mono    ( 9819): AOT module '/Users/builder/data/lanes/4009/f3074d2c/source/monodroid/builds/install/mono-armv6/lib/mono/aot-cache/arm/System.IO.dll.so' not found: dlopen failed: library "/data/app/com.careerbuilder.SugarDrone-1/lib/arm/libaot-System.IO.dll.so" not found
D/Mono    ( 9819): Config attempting to parse: 'System.IO.dll.config'.
D/Mono    ( 9819): Config attempting to parse: '/Users/builder/data/lanes/4009/f3074d2c/source/monodroid/builds/install/mono-armv6/etc/mono/assemblies/System.IO/System.IO.config'.
D/Mono    ( 9819): Assembly Ref addref Akavache.Sqlite3[0xebc6d200] -> System.IO[0xdaeb07e0]: 2
D/Mono    ( 9819): Assembly Ref addref System.IO[0xdaeb07e0] -> mscorlib[0xebc6d020]: 43
D/Mono    ( 9819): Image addref System.Runtime.Serialization.Primitives[0xdaeb0780] -> System.Runtime.Serialization.Primitives.dll[0xdad10d00]: 2
D/Mono    ( 9819): Prepared to set up assembly 'System.Runtime.Serialization.Primitives' (System.Runtime.Serialization.Primitives.dll)
D/Mono    ( 9819): Assembly System.Runtime.Serialization.Primitives[0xdaeb0780] added to domain RootDomain, ref_count=1
D/Mono    ( 9819): AOT module 'System.Runtime.Serialization.Primitives.dll.so' not found: dlopen failed: library "/data/app/com.careerbuilder.SugarDrone-1/lib/arm/libaot-System.Runtime.Serialization.Primitives.dll.so" not found
D/Mono    ( 9819): AOT module '/Users/builder/data/lanes/4009/f3074d2c/source/monodroid/builds/install/mono-armv6/lib/mono/aot-cache/arm/System.Runtime.Serialization.Primitives.dll.so' not found: dlopen failed: library "/data/app/com.careerbuilder.SugarDrone-1/lib/arm/libaot-System.Runtime.Serialization.Primitives.dll.so" not found
D/Mono    ( 9819): Config attempting to parse: 'System.Runtime.Serialization.Primitives.dll.config'.
D/Mono    ( 9819): Config attempting to parse: '/Users/builder/data/lanes/4009/f3074d2c/source/monodroid/builds/install/mono-armv6/etc/mono/assemblies/System.Runtime.Serialization.Primitives/System.Runtime.Serialization.Primitives.config'.
D/Mono    ( 9819): Assembly Ref addref Newtonsoft.Json[0xebc6dce0] -> System.Runtime.Serialization.Primitives[0xdaeb0780]: 2
D/Mono    ( 9819): Assembly Ref addref System.Runtime.Serialization.Primitives[0xdaeb0780] -> mscorlib[0xebc6d020]: 44
D/Mono    ( 9819): Unloading image System.Globalization.dll [0xdad10800].
D/Mono    ( 9819): Image addref System.Globalization[0xdaeb0720] -> System.Globalization.dll[0xda687600]: 7
D/Mono    ( 9819): Config attempting to parse: 'System.Globalization.dll.config'.
D/Mono    ( 9819): Config attempting to parse: '/Users/builder/data/lanes/4009/f3074d2c/source/monodroid/builds/install/mono-armv6/etc/mono/assemblies/System.Globalization/System.Globalization.config'.
D/Mono    ( 9819): Assembly Ref addref Newtonsoft.Json[0xebc6dce0] -> System.Globalization[0xef4d6780]: 5
D/Mono    ( 9819): Unloading image System.Collections.dll [0xdad10800].
D/Mono    ( 9819): Image addref System.Collections[0xdaeb0720] -> System.Collections.dll[0xea8f0b00]: 9
D/Mono    ( 9819): Config attempting to parse: 'System.Collections.dll.config'.
D/Mono    ( 9819): Config attempting to parse: '/Users/builder/data/lanes/4009/f3074d2c/source/monodroid/builds/install/mono-armv6/etc/mono/assemblies/System.Collections/System.Collections.config'.
D/Mono    ( 9819): Assembly Ref addref Newtonsoft.Json[0xebc6dce0] -> System.Collections[0xebc6e460]: 7
D/Mono    ( 9819): Unloading image System.IO.dll [0xdad10800].
D/Mono    ( 9819): Image addref System.IO[0xdaeb0720] -> System.IO.dll[0xdad11200]: 5
D/Mono    ( 9819): Config attempting to parse: 'System.IO.dll.config'.
D/Mono    ( 9819): Config attempting to parse: '/Users/builder/data/lanes/4009/f3074d2c/source/monodroid/builds/install/mono-armv6/etc/mono/assemblies/System.IO/System.IO.config'.
D/Mono    ( 9819): Assembly Ref addref Newtonsoft.Json[0xebc6dce0] -> System.IO[0xdaeb07e0]: 3
D/Mono    ( 9819): Unloading image System.Runtime.Extensions.dll [0xdad10800].
D/Mono    ( 9819): Image addref System.Runtime.Extensions[0xdaeb0720] -> System.Runtime.Extensions.dll[0xda687b00]: 7
D/Mono    ( 9819): Config attempting to parse: 'System.Runtime.Extensions.dll.config'.
D/Mono    ( 9819): Config attempting to parse: '/Users/builder/data/lanes/4009/f3074d2c/source/monodroid/builds/install/mono-armv6/etc/mono/assemblies/System.Runtime.Extensions/System.Runtime.Extensions.config'.
D/Mono    ( 9819): Assembly Ref addref Newtonsoft.Json[0xebc6dce0] -> System.Runtime.Extensions[0xef4d6900]: 5
D/Mono    ( 9819): Image addref System.Text.Encoding[0xdaeb0720] -> System.Text.Encoding.dll[0xdad10800]: 2
D/Mono    ( 9819): Prepared to set up assembly 'System.Text.Encoding' (System.Text.Encoding.dll)
D/Mono    ( 9819): Assembly System.Text.Encoding[0xdaeb0720] added to domain RootDomain, ref_count=1
D/Mono    ( 9819): AOT module 'System.Text.Encoding.dll.so' not found: dlopen failed: library "/data/app/com.careerbuilder.SugarDrone-1/lib/arm/libaot-System.Text.Encoding.dll.so" not found
D/Mono    ( 9819): AOT module '/Users/builder/data/lanes/4009/f3074d2c/source/monodroid/builds/install/mono-armv6/lib/mono/aot-cache/arm/System.Text.Encoding.dll.so' not found: dlopen failed: library "/data/app/com.careerbuilder.SugarDrone-1/lib/arm/libaot-System.Text.Encoding.dll.so" not found
D/Mono    ( 9819): Config attempting to parse: 'System.Text.Encoding.dll.config'.
D/Mono    ( 9819): Config attempting to parse: '/Users/builder/data/lanes/4009/f3074d2c/source/monodroid/builds/install/mono-armv6/etc/mono/assemblies/System.Text.Encoding/System.Text.Encoding.config'.
D/Mono    ( 9819): Assembly Ref addref Newtonsoft.Json[0xebc6dce0] -> System.Text.Encoding[0xdaeb0720]: 2
D/Mono    ( 9819): Assembly Ref addref System.Text.Encoding[0xdaeb0720] -> mscorlib[0xebc6d020]: 45
D/Mono    ( 9819): Unloading image System.Linq.dll [0xdad11700].
D/Mono    ( 9819): Image addref System.Linq[0xdaeb06c0] -> System.Linq.dll[0xef5dbe00]: 8
D/Mono    ( 9819): Config attempting to parse: 'System.Linq.dll.config'.
D/Mono    ( 9819): Config attempting to parse: '/Users/builder/data/lanes/4009/f3074d2c/source/monodroid/builds/install/mono-armv6/etc/mono/assemblies/System.Linq/System.Linq.config'.
D/Mono    ( 9819): Assembly Ref addref Newtonsoft.Json[0xebc6dce0] -> System.Linq[0xebc6e580]: 6
D/Mono    ( 9819): Unloading image System.Reflection.dll [0xdad11700].
D/Mono    ( 9819): Image addref System.Reflection[0xdaeb0ba0] -> System.Reflection.dll[0xea8ef200]: 9
D/Mono    ( 9819): Config attempting to parse: 'System.Reflection.dll.config'.
D/Mono    ( 9819): Config attempting to parse: '/Users/builder/data/lanes/4009/f3074d2c/source/monodroid/builds/install/mono-armv6/etc/mono/assemblies/System.Reflection/System.Reflection.config'.
D/Mono    ( 9819): Assembly Ref addref Newtonsoft.Json[0xebc6dce0] -> System.Reflection[0xebc6e280]: 7
D/Mono    ( 9819): Image addref System.Runtime.Serialization[0xdaeb0ba0] -> System.Runtime.Serialization.dll[0xdad11700]: 2
D/Mono    ( 9819): Prepared to set up assembly 'System.Runtime.Serialization' (System.Runtime.Serialization.dll)
D/Mono    ( 9819): Assembly System.Runtime.Serialization[0xdaeb0ba0] added to domain RootDomain, ref_count=1
D/Mono    ( 9819): AOT module 'System.Runtime.Serialization.dll.so' not found: dlopen failed: library "/data/app/com.careerbuilder.SugarDrone-1/lib/arm/libaot-System.Runtime.Serialization.dll.so" not found
D/Mono    ( 9819): AOT module '/Users/builder/data/lanes/4009/f3074d2c/source/monodroid/builds/install/mono-armv6/lib/mono/aot-cache/arm/System.Runtime.Serialization.dll.so' not found: dlopen failed: library "/data/app/com.careerbuilder.SugarDrone-1/lib/arm/libaot-System.Runtime.Serialization.dll.so" not found
D/Mono    ( 9819): Config attempting to parse: 'System.Runtime.Serialization.dll.config'.
D/Mono    ( 9819): Config attempting to parse: '/Users/builder/data/lanes/4009/f3074d2c/source/monodroid/builds/install/mono-armv6/etc/mono/assemblies/System.Runtime.Serialization/System.Runtime.Serialization.config'.
D/Mono    ( 9819): Assembly Ref addref System.Runtime.Serialization.Primitives[0xdaeb0780] -> System.Runtime.Serialization[0xdaeb0ba0]: 2
D/Mono    ( 9819): Assembly Ref addref System.Runtime.Serialization[0xdaeb0ba0] -> mscorlib[0xebc6d020]: 46
D/Mono    ( 9819): Image addref System.Text.Encoding.Extensions[0xdaeb06c0] -> System.Text.Encoding.Extensions.dll[0xdad12600]: 2
D/Mono    ( 9819): Prepared to set up assembly 'System.Text.Encoding.Extensions' (System.Text.Encoding.Extensions.dll)
D/Mono    ( 9819): Assembly System.Text.Encoding.Extensions[0xdaeb06c0] added to domain RootDomain, ref_count=1
D/Mono    ( 9819): AOT module 'System.Text.Encoding.Extensions.dll.so' not found: dlopen failed: library "/data/app/com.careerbuilder.SugarDrone-1/lib/arm/libaot-System.Text.Encoding.Extensions.dll.so" not found
D/Mono    ( 9819): AOT module '/Users/builder/data/lanes/4009/f3074d2c/source/monodroid/builds/install/mono-armv6/lib/mono/aot-cache/arm/System.Text.Encoding.Extensions.dll.so' not found: dlopen failed: library "/data/app/com.careerbuilder.SugarDrone-1/lib/arm/libaot-System.Text.Encoding.Extensions.dll.so" not found
D/Mono    ( 9819): Config attempting to parse: 'System.Text.Encoding.Extensions.dll.config'.
D/Mono    ( 9819): Config attempting to parse: '/Users/builder/data/lanes/4009/f3074d2c/source/monodroid/builds/install/mono-armv6/etc/mono/assemblies/System.Text.Encoding.Extensions/System.Text.Encoding.Extensions.config'.
D/Mono    ( 9819): Assembly Ref addref Newtonsoft.Json[0xebc6dce0] -> System.Text.Encoding.Extensions[0xdaeb06c0]: 2
D/Mono    ( 9819): Assembly Ref addref System.Text.Encoding.Extensions[0xdaeb06c0] -> mscorlib[0xebc6d020]: 47
D/Mono    ( 9819): Unloading image System.Threading.dll [0xdad12b00].
D/Mono    ( 9819): Image addref System.Threading[0xdaeb0cc0] -> System.Threading.dll[0xea8ef700]: 10
D/Mono    ( 9819): Config attempting to parse: 'System.Threading.dll.config'.
D/Mono    ( 9819): Config attempting to parse: '/Users/builder/data/lanes/4009/f3074d2c/source/monodroid/builds/install/mono-armv6/etc/mono/assemblies/System.Threading/System.Threading.config'.
D/Mono    ( 9819): Assembly Ref addref Newtonsoft.Json[0xebc6dce0] -> System.Threading[0xebc6e2e0]: 8
D/Mono    ( 9819): Assembly Ref addref Newtonsoft.Json[0xebc6dce0] -> System.Reflection.Extensions[0xebc6e820]: 5
D/Mono    ( 9819): Assembly Ref addref System.ObjectModel[0xd8ecba40] -> mscorlib[0xebc6d020]: 48
D/Mono    ( 9819): Image addref System.Xml.XDocument[0xdaeb0f00] -> System.Xml.XDocument.dll[0xd792c000]: 2
D/Mono    ( 9819): Prepared to set up assembly 'System.Xml.XDocument' (System.Xml.XDocument.dll)
D/Mono    ( 9819): Assembly System.Xml.XDocument[0xdaeb0f00] added to domain RootDomain, ref_count=1
D/Mono    ( 9819): AOT module 'System.Xml.XDocument.dll.so' not found: dlopen failed: library "/data/app/com.careerbuilder.SugarDrone-1/lib/arm/libaot-System.Xml.XDocument.dll.so" not found
D/Mono    ( 9819): AOT module '/Users/builder/data/lanes/4009/f3074d2c/source/monodroid/builds/install/mono-armv6/lib/mono/aot-cache/arm/System.Xml.XDocument.dll.so' not found: dlopen failed: library "/data/app/com.careerbuilder.SugarDrone-1/lib/arm/libaot-System.Xml.XDocument.dll.so" not found
D/Mono    ( 9819): Config attempting to parse: 'System.Xml.XDocument.dll.config'.
D/Mono    ( 9819): Config attempting to parse: '/Users/builder/data/lanes/4009/f3074d2c/source/monodroid/builds/install/mono-armv6/etc/mono/assemblies/System.Xml.XDocument/System.Xml.XDocument.config'.
D/Mono    ( 9819): Assembly Ref addref Newtonsoft.Json[0xebc6dce0] -> System.Xml.XDocument[0xdaeb0f00]: 2
D/Mono    ( 9819): Image addref System.Xml.Linq[0xdaeb0ea0] -> System.Xml.Linq.dll[0xd792c500]: 2
D/Mono    ( 9819): Prepared to set up assembly 'System.Xml.Linq' (System.Xml.Linq.dll)
D/Mono    ( 9819): Assembly System.Xml.Linq[0xdaeb0ea0] added to domain RootDomain, ref_count=1
D/Mono    ( 9819): AOT module 'System.Xml.Linq.dll.so' not found: dlopen failed: library "/data/app/com.careerbuilder.SugarDrone-1/lib/arm/libaot-System.Xml.Linq.dll.so" not found
D/Mono    ( 9819): AOT module '/Users/builder/data/lanes/4009/f3074d2c/source/monodroid/builds/install/mono-armv6/lib/mono/aot-cache/arm/System.Xml.Linq.dll.so' not found: dlopen failed: library "/data/app/com.careerbuilder.SugarDrone-1/lib/arm/libaot-System.Xml.Linq.dll.so" not found
D/Mono    ( 9819): Config attempting to parse: 'System.Xml.Linq.dll.config'.
D/Mono    ( 9819): Config attempting to parse: '/Users/builder/data/lanes/4009/f3074d2c/source/monodroid/builds/install/mono-armv6/etc/mono/assemblies/System.Xml.Linq/System.Xml.Linq.config'.
D/Mono    ( 9819): Assembly Ref addref System.Xml.XDocument[0xdaeb0f00] -> System.Xml.Linq[0xdaeb0ea0]: 2
D/Mono    ( 9819): Assembly Ref addref System.Xml.Linq[0xdaeb0ea0] -> mscorlib[0xebc6d020]: 49
D/Mono    ( 9819): Assembly Ref addref System.Xml.Linq[0xdaeb0ea0] -> System.Xml[0xebc6ea60]: 4
D/Mono    ( 9819): Image addref System.Text.RegularExpressions[0xdaeb0fc0] -> System.Text.RegularExpressions.dll[0xd792ca00]: 2
D/Mono    ( 9819): Prepared to set up assembly 'System.Text.RegularExpressions' (System.Text.RegularExpressions.dll)
D/Mono    ( 9819): Assembly System.Text.RegularExpressions[0xdaeb0fc0] added to domain RootDomain, ref_count=1
D/Mono    ( 9819): AOT module 'System.Text.RegularExpressions.dll.so' not found: dlopen failed: library "/data/app/com.careerbuilder.SugarDrone-1/lib/arm/libaot-System.Text.RegularExpressions.dll.so" not found
D/Mono    ( 9819): AOT module '/Users/builder/data/lanes/4009/f3074d2c/source/monodroid/builds/install/mono-armv6/lib/mono/aot-cache/arm/System.Text.RegularExpressions.dll.so' not found: dlopen failed: library "/data/app/com.careerbuilder.SugarDrone-1/lib/arm/libaot-System.Text.RegularExpressions.dll.so" not found
D/Mono    ( 9819): Config attempting to parse: 'System.Text.RegularExpressions.dll.config'.
D/Mono    ( 9819): Config attempting to parse: '/Users/builder/data/lanes/4009/f3074d2c/source/monodroid/builds/install/mono-armv6/etc/mono/assemblies/System.Text.RegularExpressions/System.Text.RegularExpressions.config'.
D/Mono    ( 9819): Assembly Ref addref Newtonsoft.Json[0xebc6dce0] -> System.Text.RegularExpressions[0xdaeb0fc0]: 2
D/Mono    ( 9819): Assembly Ref addref System.Text.RegularExpressions[0xdaeb0fc0] -> System[0xebc6e3a0]: 11
D/Mono    ( 9819): Unloading image System.Linq.Expressions.dll [0xd792cf00].
D/Mono    ( 9819): Image addref System.Linq.Expressions[0xdaeb0f60] -> System.Linq.Expressions.dll[0xda685300]: 5
D/Mono    ( 9819): Config attempting to parse: 'System.Linq.Expressions.dll.config'.
D/Mono    ( 9819): Config attempting to parse: '/Users/builder/data/lanes/4009/f3074d2c/source/monodroid/builds/install/mono-armv6/etc/mono/assemblies/System.Linq.Expressions/System.Linq.Expressions.config'.
D/Mono    ( 9819): Assembly Ref addref Newtonsoft.Json[0xebc6dce0] -> System.Linq.Expressions[0xef4d6c60]: 3
D/Mono    ( 9819): DllImport searching in: '/system/lib/libsqlite.so' ('/system/lib/libsqlite.so').
D/Mono    ( 9819): Searching for 'sqlite3_bind_blob'.
D/Mono    ( 9819): Probing 'sqlite3_bind_blob'.
D/Mono    ( 9819): Found as 'sqlite3_bind_blob'.
D/Mono    ( 9819): DllImport searching in: '/system/lib/libsqlite.so' ('/system/lib/libsqlite.so').
D/Mono    ( 9819): Searching for 'sqlite3_bind_int64'.
D/Mono    ( 9819): Probing 'sqlite3_bind_int64'.
D/Mono    ( 9819): Found as 'sqlite3_bind_int64'.
D/Mono    ( 9819): DllImport searching in: '__Internal' ('(null)').
D/Mono    ( 9819): Searching for 'java_interop_jnienv_call_nonvirtual_boolean_method_a'.
D/Mono    ( 9819): Probing 'java_interop_jnienv_call_nonvirtual_boolean_method_a'.
D/Mono    ( 9819): Found as 'java_interop_jnienv_call_nonvirtual_boolean_method_a'.
I/calabash( 9819): execStartActivity 4
I/ActivityManager(  927): START u0 {cmp=com.careerbuilder.SugarDrone/md5a4824aa66c0dc4d104077b72c1916a44.TermsAndConditionsActivity} from uid 14291 on display 0
W/ResourceType( 9819): No known package when getting name for resource number 0xffffffff
W/ResourceType( 9819): No known package when getting name for resource number 0xffffffff
W/ResourceType( 9819): No known package when getting name for resource number 0xffffffff
I/calabash( 9819): newActivity1
I/Keyboard.Facilitator( 3432): onFinishInput()
I/ActivityManager(  927): Displayed com.careerbuilder.SugarDrone/md5a4824aa66c0dc4d104077b72c1916a44.TermsAndConditionsActivity: +319ms
I/System.out( 9819): URI: /map
I/System.out( 9819): params: {json={"query":"* id:'agreeAndContinueButton'","operation":{"method_name":"query","arguments":[]}}
I/System.out( 9819): }
I/ThermalEngine(  520): ACTION: GPU - Setting GPU[0] to 450000000
W/ResourceType( 9819): No known package when getting name for resource number 0xffffffff
W/ResourceType( 9819): No known package when getting name for resource number 0xffffffff
W/ResourceType( 9819): No known package when getting name for resource number 0xffffffff
W/ResourceType( 9819): No known package when getting name for resource number 0xffffffff
W/ResourceType( 9819): No known package when getting name for resource number 0xffffffff
W/ResourceType( 9819): No known package when getting name for resource number 0xffffffff
W/ResourceType( 9819): No known package when getting name for resource number 0xffffffff
W/ResourceType( 9819): No known package when getting name for resource number 0xffffffff
W/ResourceType( 9819): No known package when getting name for resource number 0xffffffff
W/ResourceType( 9819): No known package when getting name for resource number 0xffffffff
I/System.out( 9819): URI: /map
I/System.out( 9819): params: {json={"query":"* id:'agreeAndContinueButton'","operation":{"method_name":"query","arguments":[]}}
I/System.out( 9819): }
W/ResourceType( 9819): No known package when getting name for resource number 0xffffffff
W/ResourceType( 9819): No known package when getting name for resource number 0xffffffff
W/ResourceType( 9819): No known package when getting name for resource number 0xffffffff
W/ResourceType( 9819): No known package when getting name for resource number 0xffffffff
W/ResourceType( 9819): No known package when getting name for resource number 0xffffffff
W/ResourceType( 9819): No known package when getting name for resource number 0xffffffff
W/ResourceType( 9819): No known package when getting name for resource number 0xffffffff
I/System.out( 9819): URI: /map
I/System.out( 9819): params: {json={"query":"* id:'agreeAndContinueButton'","operation":{"method_name":"query","arguments":[]}}
I/System.out( 9819): }
W/ResourceType( 9819): No known package when getting name for resource number 0xffffffff
W/ResourceType( 9819): No known package when getting name for resource number 0xffffffff
W/ResourceType( 9819): No known package when getting name for resource number 0xffffffff
W/ResourceType( 9819): No known package when getting name for resource number 0xffffffff
W/ResourceType( 9819): No known package when getting name for resource number 0xffffffff
W/ResourceType( 9819): No known package when getting name for resource number 0xffffffff
W/ResourceType( 9819): No known package when getting name for resource number 0xffffffff
D/WifiStateMachine(  927): starting scan for "xtc-ag"WPA_PSK with 5240,5180,5220,5200
I/System.out( 9819): URI: /map
I/System.out( 9819): params: {json={"query":"* id:'agreeAndContinueButton'","operation":{"method_name":"query","arguments":[]}}
I/System.out( 9819): }
W/ResourceType( 9819): No known package when getting name for resource number 0xffffffff
W/ResourceType( 9819): No known package when getting name for resource number 0xffffffff
W/ResourceType( 9819): No known package when getting name for resource number 0xffffffff
W/ResourceType( 9819): No known package when getting name for resource number 0xffffffff
W/ResourceType( 9819): No known package when getting name for resource number 0xffffffff
W/ResourceType( 9819): No known package when getting name for resource number 0xffffffff
W/ResourceType( 9819): No known package when getting name for resource number 0xffffffff
I/System.out( 9819): URI: /map
I/System.out( 9819): params: {json={"query":"* id:'agreeAndContinueButton'","operation":{"method_name":"query","arguments":[]}}
I/System.out( 9819): }
W/ResourceType( 9819): No known package when getting name for resource number 0xffffffff
W/ResourceType( 9819): No known package when getting name for resource number 0xffffffff
W/ResourceType( 9819): No known package when getting name for resource number 0xffffffff
W/ResourceType( 9819): No known package when getting name for resource number 0xffffffff
W/ResourceType( 9819): No known package when getting name for resource number 0xffffffff
W/ResourceType( 9819): No known package when getting name for resource number 0xffffffff
W/ResourceType( 9819): No known package when getting name for resource number 0xffffffff
I/System.out( 9819): URI: /map
I/System.out( 9819): params: {json={"query":"* id:'agreeAndContinueButton'","operation":{"method_name":"query","arguments":[]}}
I/System.out( 9819): }
I/ServiceManager(  593): Waiting for service AtCmdFwd...
W/ResourceType( 9819): No known package when getting name for resource number 0xffffffff
W/ResourceType( 9819): No known package when getting name for resource number 0xffffffff
W/ResourceType( 9819): No known package when getting name for resource number 0xffffffff
W/ResourceType( 9819): No known package when getting name for resource number 0xffffffff
W/ResourceType( 9819): No known package when getting name for resource number 0xffffffff
W/ResourceType( 9819): No known package when getting name for resource number 0xffffffff
W/ResourceType( 9819): No known package when getting name for resource number 0xffffffff
I/System.out( 9819): URI: /map
I/System.out( 9819): params: {json={"query":"* id:'agreeAndContinueButton'","operation":{"method_name":"query","arguments":[]}}
I/System.out( 9819): }
W/ResourceType( 9819): No known package when getting name for resource number 0xffffffff
W/ResourceType( 9819): No known package when getting name for resource number 0xffffffff
W/ResourceType( 9819): No known package when getting name for resource number 0xffffffff
W/ResourceType( 9819): No known package when getting name for resource number 0xffffffff
W/ResourceType( 9819): No known package when getting name for resource number 0xffffffff
W/ResourceType( 9819): No known package when getting name for resource number 0xffffffff
W/ResourceType( 9819): No known package when getting name for resource number 0xffffffff
I/System.out( 9819): URI: /
I/System.out( 9819): params: {json={"command":"touch_coordinate","arguments":[720.0,2273.0]}
I/System.out( 9819): }
I/System.out( 9819): header: {content-length=57, host=devicehost5.prod, x-session-token=token-token-64ec6061-d257-4f3b-9ffa-96e6d913b219, x-forwarded-for=10.222.150.15, content-type=application/json; charset=utf-8, connection=close}
I/System.out( 9819): params: {json={"command":"touch_coordinate","arguments":[720.0,2273.0]}
I/System.out( 9819): }
I/System.out( 9819): ProP json = {"command":"touch_coordinate","arguments":[720.0,2273.0]}
I/System.out( 9819): files: {}
I/System.out( 9819): command: {"command":"touch_coordinate","arguments":[720.0,2273.0]}
I/InstrumentationBackend( 9819): Got command:'Command:'Line:null,touch_coordinate', arguments:'[720.0, 2273.0]'
I/ServiceManager(  593): Waiting for service AtCmdFwd...
I/art     ( 9819): Starting a blocking GC Explicit
I/art     ( 9819): Explicit concurrent mark sweep GC freed 151089(6MB) AllocSpace objects, 13(260KB) LOS objects, 40% free, 22MB/37MB, paused 420us total 39.263ms
I/art     ( 9819): Starting a blocking GC Explicit
I/art     ( 9819): Explicit concurrent mark sweep GC freed 268(12KB) AllocSpace objects, 0(0B) LOS objects, 40% free, 22MB/37MB, paused 399us total 15.815ms
I/art     ( 9819): Starting a blocking GC Explicit
I/art     ( 9819): Explicit concurrent mark sweep GC freed 17(1280B) AllocSpace objects, 0(0B) LOS objects, 40% free, 22MB/37MB, paused 402us total 16.810ms
I/art     ( 9819): Starting a blocking GC Explicit
I/art     ( 9819): Explicit concurrent mark sweep GC freed 17(1280B) AllocSpace objects, 0(0B) LOS objects, 40% free, 22MB/37MB, paused 397us total 16.457ms
I/art     ( 9819): Starting a blocking GC Explicit
I/art     ( 9819): Explicit concurrent mark sweep GC freed 3(96B) AllocSpace objects, 0(0B) LOS objects, 40% free, 22MB/37MB, paused 403us total 16.688ms
I/calabash( 9819): execStartActivity 4
I/ActivityManager(  927): START u0 {cmp=com.careerbuilder.SugarDrone/md537fd6201b6818e2e180d2f7606e21a83.ValuePropActivity} from uid 14291 on display 0
D/audio_hw_primary(  514): out_set_parameters: enter: usecase(1: low-latency-playback) kvpairs: routing=2
I/calabash( 9819): newActivity1
D/audio_hw_primary(  514): select_devices: out_snd_device(2: speaker) in_snd_device(0: none)
