I/art     ( 9193): Explicit concurrent mark sweep GC freed 3(96B) AllocSpace objects, 0(0B) LOS objects, 28% free, 39MB/55MB, paused 550us total 23.947ms
I/ThermalEngine(  520): ACTION: GPU - Setting GPU[0] to 510000000
I/art     ( 9193): Starting a blocking GC Explicit
I/art     ( 9193): Explicit concurrent mark sweep GC freed 2916(219KB) AllocSpace objects, 1(20KB) LOS objects, 28% free, 39MB/55MB, paused 484us total 25.569ms
I/art     ( 9193): Starting a blocking GC Explicit
I/art     ( 9193): Explicit concurrent mark sweep GC freed 57(6KB) AllocSpace objects, 0(0B) LOS objects, 28% free, 39MB/55MB, paused 439us total 18.758ms
I/art     ( 9193): Starting a blocking GC Explicit
I/art     ( 9193): Explicit concurrent mark sweep GC freed 3(96B) AllocSpace objects, 0(0B) LOS objects, 28% free, 39MB/55MB, paused 454us total 18.853ms
I/art     ( 9193): Starting a blocking GC Explicit
I/art     ( 9193): Explicit concurrent mark sweep GC freed 17(1408B) AllocSpace objects, 0(0B) LOS objects, 28% free, 39MB/55MB, paused 458us total 18.835ms
I/art     ( 9193): Starting a blocking GC Explicit
I/art     ( 9193): Explicit concurrent mark sweep GC freed 3(96B) AllocSpace objects, 0(0B) LOS objects, 28% free, 39MB/55MB, paused 430us total 18.902ms
I/ThermalEngine(  520): ACTION: GPU - Setting GPU[0] to 600000000

]]><xtc-duration value="95.4667082"/></xtc-step><!-- name: "undefined", id: "undefined" --><![CDATA[
D/Mono    ( 9193): [0xd7feb930] worker finishing

]]><xtc-step name="[0-1067]CareerBuilder_Search.DroidFeatureTests.SearchDialogueTests.CanCloseDialogueWithBackButton-0-NA-FinalScreenShot" id="[0-1067]CareerBuilder_Search.DroidFeatureTests.SearchDialogueTests.CanCloseDialogueWithBackButton-0-NA-FinalScreenShot"><![CDATA[
I/ServiceManager(  539): Waiting for service AtCmdFwd...

]]><xtc-duration value="1.2103028"/></xtc-step><!-- name: "undefined", id: "undefined" --><![CDATA[
I/ServiceManager(  539): Waiting for service AtCmdFwd...
I/art     ( 9193): Starting a blocking GC Explicit
I/art     ( 9193): Explicit concurrent mark sweep GC freed 9872(624KB) AllocSpace objects, 2(40KB) LOS objects, 28% free, 39MB/55MB, paused 504us total 25.755ms
I/art     ( 9193): Starting a blocking GC Explicit
I/art     ( 9193): Explicit concurrent mark sweep GC freed 128(5KB) AllocSpace objects, 0(0B) LOS objects, 28% free, 39MB/55MB, paused 335us total 15.145ms
I/art     ( 9193): Starting a blocking GC Explicit
I/art     ( 9193): Explicit concurrent mark sweep GC freed 3(96B) AllocSpace objects, 0(0B) LOS objects, 28% free, 39MB/55MB, paused 394us total 14.543ms
I/art     ( 9193): Starting a blocking GC Explicit
I/art     ( 9193): Explicit concurrent mark sweep GC freed 3(96B) AllocSpace objects, 0(0B) LOS objects, 28% free, 39MB/55MB, paused 333us total 14.492ms
I/art     ( 9193): Starting a blocking GC Explicit
I/art     ( 9193): Explicit concurrent mark sweep GC freed 17(1408B) AllocSpace objects, 0(0B) LOS objects, 28% free, 39MB/55MB, paused 324us total 14.516ms

]]><xtc-duration value="103.56109529999999" skip="false"/></xtc-scenario><!-- name: "undefined", id: "undefined" --><![CDATA[
I/ServiceManager(  539): Waiting for service AtCmdFwd...
I/ServiceManager(  539): Waiting for service AtCmdFwd...
I/ServiceManager(  539): Waiting for service AtCmdFwd...
W/SQLiteConnectionPool( 4384): A SQLiteConnection object for database '/data/user/0/com.google.android.gms/databases/networkstatistics.sqlite' was leaked!  Please fix your application to end transactions in progress properly and to close the database when it is no longer needed.
W/ip      ( 9359): type=1400 audit(0.0:70): avc: denied { search } for name="net" dev="dm-2" ino=4079624 scontext=u:r:shell:s0 tcontext=u:object_r:net_data_file:s0 tclass=dir permissive=0
--------- beginning of crash
F/libc    ( 8771): Fatal signal 13 (SIGPIPE), code 0 in tid 8771 (screencap)
W/Atfwd_Sendcmd(  539): AtCmdFwd service not published, waiting... retryCnt : 4
I/SELinux (  511): SELinux: Loaded file_contexts contexts from /file_contexts.
W/NativeCrashListener(  925): Couldn't find ProcessRecord for pid 8771
F/DEBUG   (  511): *** *** *** *** *** *** *** *** *** *** *** *** *** *** *** ***
E/DEBUG   (  511): AM write failed: Broken pipe
F/DEBUG   (  511): Build fingerprint: 'google/angler/angler:6.0.1/MMB29P/2473553:user/release-keys'
F/DEBUG   (  511): Revision: '0'
F/DEBUG   (  511): ABI: 'arm64'
F/DEBUG   (  511): pid: 8771, tid: 8771, name: screencap  >>> screencap <<<
F/DEBUG   (  511): signal 13 (SIGPIPE), code 0 (SI_USER), fault addr --------
F/DEBUG   (  511):     x0   0000000000000680  x1   0000007f8cc30400  x2   0000000000001680  x3   0000007f8e211220
F/DEBUG   (  511):     x4   0000007fdf8798b8  x5   0000000000000001  x6   0000000000000000  x7   0000007f8ec2f000
F/DEBUG   (  511):     x8   0000000000000040  x9   0000007f8edfea60  x10  ffffffffffffffff  x11  0000000000001340
F/DEBUG   (  511):     x12  ffffffffffffffff  x13  0000007fdf8798b8  x14  0000007fdf8798bc  x15  0000000000000680
F/DEBUG   (  511):     x16  0000005584515f40  x17  0000007f8ebf428c  x18  00000000000005a0  x19  0000007fdf8798d8
F/DEBUG   (  511):     x20  0000007fdf8798c0  x21  0000007f8cc31e00  x22  0000005584515000  x23  000000000000000b
F/DEBUG   (  511):     x24  0000000000001a00  x25  0000000000000004  x26  0000007fdf8798b4  x27  0000007fdf879900
F/DEBUG   (  511):     x28  0000000000000004  x29  0000007fdf879820  x30  0000005584504ea0
F/DEBUG   (  511):     sp   0000007fdf879810  pc   0000007f8ebf4294  pstate 0000000080000000
F/DEBUG   (  511): 
F/DEBUG   (  511): backtrace:
F/DEBUG   (  511):     #00 pc 000000000006a294  /system/lib64/libc.so (write+8)
F/DEBUG   (  511):     #01 pc 0000000000001e9c  /system/bin/screencap (main+1388)
F/DEBUG   (  511):     #02 pc 000000000001bc98  /system/lib64/libc.so (__libc_init+100)
F/DEBUG   (  511):     #03 pc 0000000000002080  /system/bin/screencap
F/DEBUG   (  511): 
F/DEBUG   (  511): Tombstone written to: /data/tombstones/tombstone_02
I/BootReceiver(  925): Copying /data/tombstones/tombstone_02 to DropBox (SYSTEM_TOMBSTONE)
I/art     ( 9193): Starting a blocking GC Explicit
I/art     ( 9193): Explicit concurrent mark sweep GC freed 2790(211KB) AllocSpace objects, 1(20KB) LOS objects, 28% free, 39MB/55MB, paused 396us total 20.107ms
I/art     ( 9193): Starting a blocking GC Explicit
I/art     ( 9193): Explicit concurrent mark sweep GC freed 59(2776B) AllocSpace objects, 0(0B) LOS objects, 28% free, 39MB/55MB, paused 331us total 15.556ms
I/art     ( 9193): Starting a blocking GC Explicit
I/art     ( 9193): Explicit concurrent mark sweep GC freed 3(96B) AllocSpace objects, 0(0B) LOS objects, 28% free, 39MB/55MB, paused 326us total 14.542ms
I/art     ( 9193): Starting a blocking GC Explicit
I/art     ( 9193): Explicit concurrent mark sweep GC freed 17(1408B) AllocSpace objects, 0(0B) LOS objects, 28% free, 39MB/55MB, paused 330us total 14.489ms
I/art     ( 9193): Starting a blocking GC Explicit
I/art     ( 9193): Explicit concurrent mark sweep GC freed 3(96B) AllocSpace objects, 0(0B) LOS objects, 28% free, 39MB/55MB, paused 331us total 14.437ms
W/PlatformStatsUtil( 4384): Could not retrieve Usage & Diagnostics setting. Giving up.
I/art     ( 9193): Starting a blocking GC Explicit
I/art     ( 9193): Explicit concurrent mark sweep GC freed 2803(212KB) AllocSpace objects, 1(20KB) LOS objects, 28% free, 39MB/55MB, paused 399us total 21.164ms
I/art     ( 9193): Starting a blocking GC Explicit
I/art     ( 9193): Explicit concurrent mark sweep GC freed 34(2008B) AllocSpace objects, 0(0B) LOS objects, 28% free, 39MB/55MB, paused 332us total 14.945ms
I/art     ( 9193): Starting a blocking GC Explicit
I/art     ( 9193): Explicit concurrent mark sweep GC freed 3(96B) AllocSpace objects, 0(0B) LOS objects, 28% free, 39MB/55MB, paused 333us total 14.828ms
I/art     ( 9193): Starting a blocking GC Explicit
I/art     ( 9193): Explicit concurrent mark sweep GC freed 17(1408B) AllocSpace objects, 0(0B) LOS objects, 28% free, 39MB/55MB, paused 327us total 14.399ms
I/art     ( 9193): Starting a blocking GC Explicit
I/art     ( 9193): Explicit concurrent mark sweep GC freed 3(96B) AllocSpace objects, 0(0B) LOS objects, 28% free, 39MB/55MB, paused 324us total 14.373ms
