D/Mono    (10696): Searching for 'java_interop_jnienv_set_object_array_element'.
D/Mono    (10696): Probing 'java_interop_jnienv_set_object_array_element'.
D/Mono    (10696): Found as 'java_interop_jnienv_set_object_array_element'.
I/System.out(10696): URI: /map
I/System.out(10696): params: {json={"query":"* id:'agreeAndContinueButton'","operation":{"method_name":"query","arguments":[]}}
I/System.out(10696): }
W/ResourceType(10696): No known package when getting name for resource number 0xffffffff
W/ResourceType(10696): No known package when getting name for resource number 0xffffffff
W/ResourceType(10696): No known package when getting name for resource number 0xffffffff
W/ResourceType(10696): No known package when getting name for resource number 0xffffffff
W/ResourceType(10696): No known package when getting name for resource number 0xffffffff
W/ResourceType(10696): No known package when getting name for resource number 0xffffffff
W/ResourceType(10696): No known package when getting name for resource number 0xffffffff
I/System.out(10696): URI: /map
I/System.out(10696): params: {json={"query":"* id:'agreeAndContinueButton'","operation":{"method_name":"query","arguments":[]}}
I/System.out(10696): }
W/ResourceType(10696): No known package when getting name for resource number 0xffffffff
W/ResourceType(10696): No known package when getting name for resource number 0xffffffff
W/ResourceType(10696): No known package when getting name for resource number 0xffffffff
W/ResourceType(10696): No known package when getting name for resource number 0xffffffff
W/ResourceType(10696): No known package when getting name for resource number 0xffffffff
W/ResourceType(10696): No known package when getting name for resource number 0xffffffff
W/ResourceType(10696): No known package when getting name for resource number 0xffffffff
D/Mono    (10696): [0xd9b25930] worker starting
I/System.out(10696): URI: /
I/System.out(10696): params: {json={"command":"touch_coordinate","arguments":[720.0,2273.0]}
I/System.out(10696): }
I/System.out(10696): header: {content-length=57, host=devicehost61.prod, x-session-token=token-token-b9fe430d-2795-49ef-b7d6-3280f5424537, x-forwarded-for=10.222.150.35, content-type=application/json; charset=utf-8, connection=close}
I/System.out(10696): params: {json={"command":"touch_coordinate","arguments":[720.0,2273.0]}
I/System.out(10696): }
I/System.out(10696): ProP json = {"command":"touch_coordinate","arguments":[720.0,2273.0]}
I/System.out(10696): files: {}
I/System.out(10696): command: {"command":"touch_coordinate","arguments":[720.0,2273.0]}
I/InstrumentationBackend(10696): Got command:'Command:'Line:null,touch_coordinate', arguments:'[720.0, 2273.0]'
D/Mono    (10696): Unloading image System.dll [0xd89b9800].
D/Mono    (10696): Image addref System[0xd897d540] -> System.dll[0xeab14d00]: 5
D/Mono    (10696): Config attempting to parse: 'System.dll.config'.
D/Mono    (10696): Config attempting to parse: '/Users/builder/data/lanes/4009/f3074d2c/source/monodroid/builds/install/mono-armv6/etc/mono/assemblies/System/System.config'.
D/Mono    (10696): Unloading image System.dll [0xd89b9800].
D/Mono    (10696): Image addref System[0xd897d480] -> System.dll[0xeab14d00]: 6
D/Mono    (10696): Config attempting to parse: 'System.dll.config'.
D/Mono    (10696): Config attempting to parse: '/Users/builder/data/lanes/4009/f3074d2c/source/monodroid/builds/install/mono-armv6/etc/mono/assemblies/System/System.config'.
D/Mono    (10696): Unloading image System.dll [0xd89b9800].
D/Mono    (10696): Image addref System[0xd897d480] -> System.dll[0xeab14d00]: 7
D/Mono    (10696): Config attempting to parse: 'System.dll.config'.
D/Mono    (10696): Config attempting to parse: '/Users/builder/data/lanes/4009/f3074d2c/source/monodroid/builds/install/mono-armv6/etc/mono/assemblies/System/System.config'.
D/Mono    (10696): Unloading image System.dll [0xd89b9800].
D/Mono    (10696): Image addref System[0xd897d480] -> System.dll[0xeab14d00]: 8
D/Mono    (10696): Config attempting to parse: 'System.dll.config'.
D/Mono    (10696): Config attempting to parse: '/Users/builder/data/lanes/4009/f3074d2c/source/monodroid/builds/install/mono-armv6/etc/mono/assemblies/System/System.config'.
D/Mono    (10696): DllImport searching in: '__Internal' ('(null)').
D/Mono    (10696): Searching for 'java_interop_jnienv_is_assignable_from'.
D/Mono    (10696): Probing 'java_interop_jnienv_is_assignable_from'.
D/Mono    (10696): Found as 'java_interop_jnienv_is_assignable_from'.
D/Mono    (10696): DllImport searching in: '__Internal' ('(null)').
D/Mono    (10696): Searching for 'java_interop_jnienv_get_byte_array_region'.
D/Mono    (10696): Probing 'java_interop_jnienv_get_byte_array_region'.
D/Mono    (10696): Found as 'java_interop_jnienv_get_byte_array_region'.
D/Mono    (10696): DllImport searching in: '__Internal' ('(null)').
D/Mono    (10696): Searching for 'java_interop_jnienv_set_byte_array_region'.
D/Mono    (10696): Probing 'java_interop_jnienv_set_byte_array_region'.
D/Mono    (10696): Found as 'java_interop_jnienv_set_byte_array_region'.
W/Mono    (10696): The request to load the assembly System.Core v4.0.0.0 was remapped to v2.0.5.0
D/Mono    (10696): Unloading image System.Core.dll [0xd8b5cd00].
D/Mono    (10696): Image addref System.Core[0xef6da040] -> System.Core.dll[0xdc59a000]: 5
D/Mono    (10696): Config attempting to parse: 'System.Core.dll.config'.
D/Mono    (10696): Config attempting to parse: '/Users/builder/data/lanes/4009/f3074d2c/source/monodroid/builds/install/mono-armv6/etc/mono/assemblies/System.Core/System.Core.config'.
W/Mono    (10696): The request to load the assembly System.Core v4.0.0.0 was remapped to v2.0.5.0
D/Mono    (10696): Unloading image System.Core.dll [0xd8b5cd00].
D/Mono    (10696): Image addref System.Core[0xd897d060] -> System.Core.dll[0xdc59a000]: 6
D/Mono    (10696): Config attempting to parse: 'System.Core.dll.config'.
D/Mono    (10696): Config attempting to parse: '/Users/builder/data/lanes/4009/f3074d2c/source/monodroid/builds/install/mono-armv6/etc/mono/assemblies/System.Core/System.Core.config'.
D/audio_hw_primary(  512): out_set_parameters: enter: usecase(1: low-latency-playback) kvpairs: routing=2
I/calabash(10696): execStartActivity 4
I/ActivityManager(  928): START u0 {cmp=com.careerbuilder.SugarDrone/md537fd6201b6818e2e180d2f7606e21a83.ValuePropActivity} from uid 19020 on display 0
D/audio_hw_primary(  512): select_devices: out_snd_device(2: speaker) in_snd_device(0: none)
D/msm8974_platform(  512): platform_send_audio_calibration: sending audio calibration for snd_device(2) acdb_id(15)
I/soundtrigger(  512): audio_extn_sound_trigger_update_device_status: device 0x2 of type 0 for Event 1
D/audio_hw_primary(  512): enable_snd_device: snd_device(2: speaker)
D/audio_hw_primary(  512): enable_audio_route: apply and update mixer path: low-latency-playback speaker
I/calabash(10696): newActivity1
D/Mono    (10696): Assembly Ref addref CareerBuilder_Search.Droid[0xef969080] -> System.Core[0xef96a580]: 14
D/Mono    (10696): DllImport searching in: '__Internal' ('(null)').
D/Mono    (10696): Searching for 'java_interop_jnienv_call_nonvirtual_object_method'.
D/Mono    (10696): Probing 'java_interop_jnienv_call_nonvirtual_object_method'.
D/Mono    (10696): Found as 'java_interop_jnienv_call_nonvirtual_object_method'.
I/System.out(10696): result:{"bonusInformation":[],"message":"","success":true}
D/Mono    (10696): Assembly Ref addref CareerBuilder_Search.Droid[0xef969080] -> Newtonsoft.Json[0xef969b60]: 4
I/System.out(10696): URI: /backdoor
I/System.out(10696): params: {json={"method_name":"APISetup","arguments":[200]}
I/System.out(10696): }
D/Mono    (10696): DllImport searching in: '__Internal' ('(null)').
D/Mono    (10696): Searching for 'java_interop_jnienv_new_byte_array'.
D/Mono    (10696): Probing 'java_interop_jnienv_new_byte_array'.
D/Mono    (10696): Found as 'java_interop_jnienv_new_byte_array'.
D/audio_hw_primary(  512): disable_audio_route: reset and update mixer path: low-latency-playback speaker
D/audio_hw_primary(  512): disable_snd_device: snd_device(2: speaker)
I/soundtrigger(  512): audio_extn_sound_trigger_update_device_status: device 0x2 of type 0 for Event 0
D/Mono    (10696): [0xd9b25930] hill climbing, change max number of threads 9
W/FragmentManager(10696): moveToState: Fragment state for ValuePropFragment{376b296 #0 id=0x7f0a0148 android:switcher:2131362120:1} not updated inline; expected state 3 found 2
I/Choreographer(10696): Skipped 45 frames!  The application may be doing too much work on its main thread.
I/ActivityManager(  928): Displayed com.careerbuilder.SugarDrone/md537fd6201b6818e2e180d2f7606e21a83.ValuePropActivity: +1s47ms
I/Keyboard.Facilitator( 3409): onFinishInput()
W/SurfaceFlinger(  382): couldn't log to binary event log: overflow.
I/System.out(10696): URI: /backdoor
I/System.out(10696): params: {json={"method_name":"MyCBBackdoor","arguments":[]}
I/System.out(10696): }
D/Mono    (10696): Assembly Ref addref CareerBuilder_Search.Droid[0xef969080] -> Xamarin.Android.Support.Design[0xef969aa0]: 2
I/calabash(10696): execStartActivity 4
I/ActivityManager(  928): START u0 {cmp=com.careerbuilder.SugarDrone/md5a4824aa66c0dc4d104077b72c1916a44.MasterNavActivity} from uid 19020 on display 0
I/calabash(10696): newActivity1
D/Mono    (10696): DllImport searching in: '__Internal' ('(null)').
D/Mono    (10696): Searching for 'java_interop_jnienv_call_int_method'.
D/Mono    (10696): Probing 'java_interop_jnienv_call_int_method'.
D/Mono    (10696): Found as 'java_interop_jnienv_call_int_method'.
W/ip      (10982): type=1400 audit(0.0:75): avc: denied { search } for name="net" dev="dm-2" ino=3440648 scontext=u:r:shell:s0 tcontext=u:object_r:net_data_file:s0 tclass=dir permissive=0
I/art     (10696): Starting a blocking GC Explicit
I/art     (10696): Explicit concurrent mark sweep GC freed 40544(2047KB) AllocSpace objects, 7(140KB) LOS objects, 33% free, 32MB/48MB, paused 901us total 33.803ms
I/art     (10696): Starting a blocking GC Explicit
I/System.out(10696): URI: /map
I/System.out(10696): params: {json={"query":"* marked:'Search'","operation":{"method_name":"query","arguments":[]}}
I/System.out(10696): }
I/art     (10696): Explicit concurrent mark sweep GC freed 2079(87KB) AllocSpace objects, 1(20KB) LOS objects, 33% free, 32MB/48MB, paused 810us total 24.194ms
I/art     (10696): Starting a blocking GC Explicit
I/art     (10696): Explicit concurrent mark sweep GC freed 10536(429KB) AllocSpace objects, 0(0B) LOS objects, 33% free, 32MB/48MB, paused 885us total 29.769ms
I/art     (10696): Starting a blocking GC Explicit
I/art     (10696): Explicit concurrent mark sweep GC freed 398(20KB) AllocSpace objects, 0(0B) LOS objects, 33% free, 32MB/48MB, paused 1.547ms total 23.030ms
D/Mono    (10696): Assembly Ref addref Xamarin.Android.Support.Design[0xef969aa0] -> Xamarin.Android.Support.v4[0xef9698c0]: 4
D/Mono    (10696): Assembly Ref addref CareerBuilder_Search.Droid[0xef969080] -> Xamarin.Android.Support.v7.RecyclerView[0xef969920]: 2
D/Mono    (10696): Assembly Ref addref Xamarin.Android.Support.v7.RecyclerView[0xef969920] -> Xamarin.Android.Support.v4[0xef9698c0]: 5
D/Mono    (10696): Assembly Ref addref CareerBuilder_Search.Droid[0xef969080] -> FloatingActionButton-Xamarin[0xef969860]: 2
I/art     (10696): Starting a blocking GC Explicit
I/art     (10696): Explicit concurrent mark sweep GC freed 45(18KB) AllocSpace objects, 0(0B) LOS objects, 33% free, 32MB/48MB, paused 791us total 21.776ms
D/Mono    (10696): Unloading image System.IO.dll [0xd90be700].
D/Mono    (10696): Image addref System.IO[0xd8ef1fe0] -> System.IO.dll[0xda4c9b00]: 6
D/Mono    (10696): Config attempting to parse: 'System.IO.dll.config'.
D/Mono    (10696): Config attempting to parse: '/Users/builder/data/lanes/4009/f3074d2c/source/monodroid/builds/install/mono-armv6/etc/mono/assemblies/System.IO/System.IO.config'.
D/Mono    (10696): Assembly Ref addref CareerBuilder_Search[0xef969f20] -> System.IO[0xd8d446a0]: 4
W/FragmentManager(10696): moveToState: Fragment state for SavedJobsFragment{772d813 #0 id=0x7f0a0148 android:switcher:2131362120:1} not updated inline; expected state 3 found 2
D/Mono    (10696): Assembly Ref addref CareerBuilder_Search.Droid[0xef969080] -> System[0xef96a220]: 13
W/FragmentManager(10696): moveToState: Fragment state for ResumeManagementFragment{b6dfa50 #1 id=0x7f0a0148 android:switcher:2131362120:2} not updated inline; expected state 3 found 2
D/Mono    (10696): Unloading image System.Linq.dll [0xd9e87000].
D/Mono    (10696): Image addref System.Linq[0xd8e3a0c0] -> System.Linq.dll[0xdc59b900]: 9
D/Mono    (10696): Config attempting to parse: 'System.Linq.dll.config'.
D/Mono    (10696): Config attempting to parse: '/Users/builder/data/lanes/4009/f3074d2c/source/monodroid/builds/install/mono-armv6/etc/mono/assemblies/System.Linq/System.Linq.config'.
D/Mono    (10696): Assembly Ref addref CareerBuilder_Search[0xef969f20] -> System.Linq[0xef96a400]: 7
D/Mono    (10696): DllImport attempting to load: '/system/lib/liblog.so'.
D/Mono    (10696): DllImport loaded library '/system/lib/liblog.so'.
D/Mono    (10696): DllImport searching in: '/system/lib/liblog.so' ('/system/lib/liblog.so').
D/Mono    (10696): Searching for '__android_log_print'.
D/Mono    (10696): Probing '__android_log_print'.
D/Mono    (10696): Found as '__android_log_print'.
I/mono-stdout(10696): uri is: https://api.careerbuilder.com/consumer/resumes?OAuthToken=&HostSite=US&DeveloperKey=WDHR8FC6P2JZ1Y61KLM5
D/Mono    (10696): DllImport searching in: '__Internal' ('(null)').
D/Mono    (10696): Searching for 'java_interop_jnienv_call_nonvirtual_void_method'.
D/Mono    (10696): Probing 'java_interop_jnienv_call_nonvirtual_void_method'.
D/Mono    (10696): Found as 'java_interop_jnienv_call_nonvirtual_void_method'.
D/Mono    (10696): Unloading image System.Collections.dll [0xd9d77400].
D/Mono    (10696): Image addref System.Collections[0xd8ef1f80] -> System.Collections.dll[0xeab15700]: 10
D/Mono    (10696): Config attempting to parse: 'System.Collections.dll.config'.
D/Mono    (10696): Config attempting to parse: '/Users/builder/data/lanes/4009/f3074d2c/source/monodroid/builds/install/mono-armv6/etc/mono/assemblies/System.Collections/System.Collections.config'.
D/Mono    (10696): Assembly Ref addref System.Reactive.Linq[0xef969ce0] -> System.Collections[0xef96a2e0]: 8
I/mono-stdout(10696): uri is: https://api.careerbuilder.com/consumer/saved-jobs/?DeveloperKey=WDHR8FC6P2JZ1Y61KLM5
I/mono-stdout(10696): uri is: https://api.careerbuilder.com/consumer/jobs/search/?Keywords=&Location=&UseFacets=true&PageNumber=1&ExcludeNational=true&DeveloperKey=WDHR8FC6P2JZ1Y61KLM5
I/mono-stdout(10696): uri is: https://api.careerbuilder.com/consumer/resumes?OAuthToken=&HostSite=US&DeveloperKey=WDHR8FC6P2JZ1Y61KLM5
D/Mono    (10696): Image addref System.Net.Primitives[0xd897d180] -> System.Net.Primitives.dll[0xd89b8900]: 2
D/Mono    (10696): Prepared to set up assembly 'System.Net.Primitives' (System.Net.Primitives.dll)
D/Mono    (10696): Assembly System.Net.Primitives[0xd897d180] added to domain RootDomain, ref_count=1
D/Mono    (10696): Unloading image System.Net.Primitives.dll [0xd90bfb00].
D/Mono    (10696): Image addref System.Net.Primitives[0xd8e3a0c0] -> System.Net.Primitives.dll[0xd89b8900]: 4
D/Mono    (10696): Config attempting to parse: 'System.Net.Primitives.dll.config'.
D/Mono    (10696): Config attempting to parse: '/Users/builder/data/lanes/4009/f3074d2c/source/monodroid/builds/install/mono-armv6/etc/mono/assemblies/System.Net.Primitives/System.Net.Primitives.config'.
D/Mono    (10696): Assembly Ref addref CareerBuilder_Search[0xef969f20] -> System.Net.Primitives[0xd897d180]: 2
D/Mono    (10696): Assembly Ref addref System.Net.Primitives[0xd897d180] -> System[0xef96a220]: 14
D/Mono    (10696): AOT module 'System.Net.Primitives.dll.so' not found: dlopen failed: library "/data/app/com.careerbuilder.SugarDrone-1/lib/arm/libaot-System.Net.Primitives.dll.so" not found
D/Mono    (10696): AOT module '/Users/builder/data/lanes/4009/f3074d2c/source/monodroid/builds/install/mono-armv6/lib/mono/aot-cache/arm/System.Net.Primitives.dll.so' not found: dlopen failed: library "/data/app/com.careerbuilder.SugarDrone-1/lib/arm/libaot-System.Net.Primitives.dll.so" not found
D/Mono    (10696): Config attempting to parse: 'System.Net.Primitives.dll.config'.
D/Mono    (10696): Config attempting to parse: '/Users/builder/data/lanes/4009/f3074d2c/source/monodroid/builds/install/mono-armv6/etc/mono/assemblies/System.Net.Primitives/System.Net.Primitives.config'.
D/Mono    (10696): Unloading image System.Net.Primitives.dll [0xd9d7ab00].
D/Mono    (10696): Unloading image System.Net.Primitives.dll [0xd9d7a100].
D/Mono    (10696): Image addref System.Net.Primitives[0xd8ef0600] -> System.Net.Primitives.dll[0xd89b8900]: 7
D/Mono    (10696): Config attempting to parse: 'System.Net.Primitives.dll.config'.
D/Mono    (10696): Config attempting to parse: '/Users/builder/data/lanes/4009/f3074d2c/source/monodroid/builds/install/mono-armv6/etc/mono/assemblies/System.Net.Primitives/System.Net.Primitives.config'.
D/Mono    (10696): Image addref System.Net.Primitives[0xd8d42f60] -> System.Net.Primitives.dll[0xd89b8900]: 7
D/Mono    (10696): Config attempting to parse: 'System.Net.Primitives.dll.config'.
D/Mono    (10696): Config attempting to parse: '/Users/builder/data/lanes/4009/f3074d2c/source/monodroid/builds/install/mono-armv6/etc/mono/assemblies/System.Net.Primitives/System.Net.Primitives.config'.
D/Mono    (10696): Unloading image System.Text.Encoding.dll [0xd9d7a100].
D/Mono    (10696): Image addref System.Text.Encoding[0xd8ef1fe0] -> System.Text.Encoding.dll[0xd8f36600]: 5
D/Mono    (10696): Config attempting to parse: 'System.Text.Encoding.dll.config'.
D/Mono    (10696): Config attempting to parse: '/Users/builder/data/lanes/4009/f3074d2c/source/monodroid/builds/install/mono-armv6/etc/mono/assemblies/System.Text.Encoding/System.Text.Encoding.config'.
D/Mono    (10696): Assembly Ref addref CareerBuilder_Search[0xef969f20] -> System.Text.Encoding[0xd8d424e0]: 3
D/Mono    (10696): Unloading image System.Text.Encoding.dll [0xd9d7ab00].
D/Mono    (10696): Image addref System.Text.Encoding[0xd8d42fc0] -> System.Text.Encoding.dll[0xd8f36600]: 6
D/Mono    (10696): Config attempting to parse: 'System.Text.Encoding.dll.config'.
D/Mono    (10696): Config attempting to parse: '/Users/builder/data/lanes/4009/f3074d2c/source/monodroid/builds/install/mono-armv6/etc/mono/assemblies/System.Text.Encoding/System.Text.Encoding.config'.
I/mono-stdout(10696): making api call to: /consumer/resumes?OAuthToken=&HostSite=US&DeveloperKey=WDHR8FC6P2JZ1Y61KLM5
D/Mono    (10696): Unloading image System.Text.Encoding.dll [0xd89b8400].
D/Mono    (10696): Image addref System.Text.Encoding[0xd897d300] -> System.Text.Encoding.dll[0xd8f36600]: 7
D/Mono    (10696): Config attempting to parse: 'System.Text.Encoding.dll.config'.
D/Mono    (10696): Config attempting to parse: '/Users/builder/data/lanes/4009/f3074d2c/source/monodroid/builds/install/mono-armv6/etc/mono/assemblies/System.Text.Encoding/System.Text.Encoding.config'.
I/mono-stdout(10696): making api call to: /consumer/saved-jobs/?DeveloperKey=WDHR8FC6P2JZ1Y61KLM5
I/mono-stdout(10696): making api call to: /consumer/jobs/search/?Keywords=&Location=&UseFacets=true&PageNumber=1&ExcludeNational=true&DeveloperKey=WDHR8FC6P2JZ1Y61KLM5
D/Mono    (10696): Unloading image System.Text.Encoding.dll [0xd90bfb00].
D/Mono    (10696): Image addref System.Text.Encoding[0xd8e3a060] -> System.Text.Encoding.dll[0xd8f36600]: 8
D/Mono    (10696): Config attempting to parse: 'System.Text.Encoding.dll.config'.
D/Mono    (10696): Config attempting to parse: '/Users/builder/data/lanes/4009/f3074d2c/source/monodroid/builds/install/mono-armv6/etc/mono/assemblies/System.Text.Encoding/System.Text.Encoding.config'.
I/mono-stdout(10696): making api call to: /consumer/resumes?OAuthToken=&HostSite=US&DeveloperKey=WDHR8FC6P2JZ1Y61KLM5
I/mono-stdout(10696): Method: GET, RequestUri: 'https://api.careerbuilder.com/consumer/saved-jobs/?DeveloperKey=WDHR8FC6P2JZ1Y61KLM5', Version: 1.1, Content: <null>, Headers:

I/mono-stdout(10696): {

I/mono-stdout(10696): DeveloperKey: WDHR8FC6P2JZ1Y61KLM5

I/mono-stdout(10696): Accept: application/json

I/mono-stdout(10696): Authorization: Bearer test

I/mono-stdout(10696): HostSite: US

I/mono-stdout(10696): }
D/Mono    (10696): [0xd6de5930] worker starting
I/mono-stdout(10696): Current State = 1,2,6,7
I/mono-stdout(10696): applied jobs = 6
I/mono-stdout(10696): expired jobs = 7
I/mono-stdout(10696): saved jobs = Saved,Saved,Applied,Saved
I/ServiceManager(  592): Waiting for service AtCmdFwd...
I/mono-stdout(10696): done making call to: /consumer/resumes?OAuthToken=&HostSite=US&DeveloperKey=WDHR8FC6P2JZ1Y61KLM5
I/mono-stdout(10696): done making call to: /consumer/resumes?OAuthToken=&HostSite=US&DeveloperKey=WDHR8FC6P2JZ1Y61KLM5
I/mono-stdout(10696): The resume  with hash has been set as latest
I/mono-stdout(10696): The resume  with hash has been set as latest
I/art     (10696): Starting a blocking GC Explicit
I/art     (10696): Explicit concurrent mark sweep GC freed 3906(293KB) AllocSpace objects, 1(20KB) LOS objects, 29% free, 38MB/54MB, paused 898us total 25.593ms
D/Mono    (10696): GC_TAR_BRIDGE bridges 173 objects 371 opaque 122 colors 173 colors-bridged 173 colors-visible 173 xref 5 cache-hit 0 cache-semihit 0 cache-miss 0 setup 0.06ms tarjan 0.39ms scc-setup 0.12ms gather-xref 0.01ms xref-setup 0.02ms cleanup 0.08ms
D/Mono    (10696): GC_BRIDGE: Complete, was running for 31.09ms
D/Mono    (10696): GC_MINOR: (Nursery full) time 22.36ms, stw 23.67ms promoted 901K major size: 1888K in use: 1183K los size: 1024K in use: 370K
I/mono-stdout(10696): done making call to: /consumer/saved-jobs/?DeveloperKey=WDHR8FC6P2JZ1Y61KLM5
I/mono-stdout(10696): done making call to: /consumer/jobs/search/?Keywords=&Location=&UseFacets=true&PageNumber=1&ExcludeNational=true&DeveloperKey=WDHR8FC6P2JZ1Y61KLM5
E/RecyclerView(10696): No adapter attached; skipping layout
W/art     (10696): JNI RegisterNativeMethods: attempt to register 0 native methods for md539c3d548fb000cea9f34163fa7e112ea.ProgressListItemViewHolder
I/mono-stdout(10696): uri is: https://api.careerbuilder.com/consumer/saved-jobs/?DeveloperKey=WDHR8FC6P2JZ1Y61KLM5
I/mono-stdout(10696): making api call to: /consumer/saved-jobs/?DeveloperKey=WDHR8FC6P2JZ1Y61KLM5
I/mono-stdout(10696): Method: GET, RequestUri: 'https://api.careerbuilder.com/consumer/saved-jobs/?DeveloperKey=WDHR8FC6P2JZ1Y61KLM5', Version: 1.1, Content: <null>, Headers:

I/mono-stdout(10696): {

I/mono-stdout(10696): DeveloperKey: WDHR8FC6P2JZ1Y61KLM5

I/mono-stdout(10696): Accept: application/json

I/mono-stdout(10696): Authorization: Bearer test

I/mono-stdout(10696): HostSite: US

I/mono-stdout(10696): }
I/mono-stdout(10696): Current State = 1,2,6,7
I/mono-stdout(10696): applied jobs = 6
I/mono-stdout(10696): expired jobs = 7
I/mono-stdout(10696): saved jobs = Saved,Saved,Applied,Saved
W/ResourceType(10696): No known package when getting name for resource number 0xffffffff
W/ResourceType(10696): No known package when getting name for resource number 0xffffffff
W/ResourceType(10696): No known package when getting name for resource number 0xffffffff
W/ResourceType(10696): No known package when getting name for resource number 0xffffffff
W/ResourceType(10696): No known package when getting name for resource number 0xffffffff
W/ResourceType(10696): No known package when getting name for resource number 0xffffffff
W/ResourceType(10696): No known package when getting name for resource number 0xffffffff
W/ResourceType(10696): No known package when getting name for resource number 0xffffffff
W/ResourceType(10696): No known package when getting name for resource number 0xffffffff
W/ResourceType(10696): No known package when getting name for resource number 0xffffffff
W/ResourceType(10696): No known package when getting name for resource number 0xffffffff
W/ResourceType(10696): No known package when getting name for resource number 0xffffffff
W/ResourceType(10696): No known package when getting name for resource number 0xffffffff
W/ResourceType(10696): No known package when getting name for resource number 0xffffffff
W/ResourceType(10696): No known package when getting name for resource number 0xffffffff
W/ResourceType(10696): No known package when getting name for resource number 0xffffffff
W/ResourceType(10696): No known package when getting name for resource number 0xffffffff
D/Mono    (10696): Assembly Ref addref Xamarin.Android.Support.v7.AppCompat[0xef969a40] -> System.Core[0xef96a580]: 15
I/Choreographer(10696): Skipped 108 frames!  The application may be doing too much work on its main thread.
E/RecyclerView(10696): No adapter attached; skipping layout
I/ActivityManager(  928): Displayed com.careerbuilder.SugarDrone/md5a4824aa66c0dc4d104077b72c1916a44.MasterNavActivity: +2s471ms
D/Mono    (10696): DllImport searching in: '__Internal' ('(null)').
D/Mono    (10696): Searching for 'java_interop_jnienv_call_void_method'.
D/Mono    (10696): Probing 'java_interop_jnienv_call_void_method'.
D/Mono    (10696): Found as 'java_interop_jnienv_call_void_method'.
I/Keyboard.Facilitator( 3409): onFinishInput()
E/RecyclerView(10696): No adapter attached; skipping layout
I/ServiceManager(  592): Waiting for service AtCmdFwd...
I/System.out(10696): URI: /map
I/System.out(10696): params: {json={"query":"* marked:'Resumes'","operation":{"method_name":"query","arguments":[]}}
I/System.out(10696): }
I/mono-stdout(10696): done making call to: /consumer/saved-jobs/?DeveloperKey=WDHR8FC6P2JZ1Y61KLM5
E/RecyclerView(10696): No adapter attached; skipping layout
D/Mono    (10696): DllImport searching in: '__Internal' ('(null)').
D/Mono    (10696): Searching for 'java_interop_jnienv_set_int_field'.
D/Mono    (10696): Probing 'java_interop_jnienv_set_int_field'.
D/Mono    (10696): Found as 'java_interop_jnienv_set_int_field'.
E/RecyclerView(10696): No adapter attached; skipping layout
W/art     (10696): JNI RegisterNativeMethods: attempt to register 0 native methods for md539c3d548fb000cea9f34163fa7e112ea.JobResultViewHolder
W/art     (10696): JNI RegisterNativeMethods: attempt to register 0 native methods for md543b91ad655f5c020e54c78f692da973f.SnapshotView
W/ResourceType(10696): No known package when getting name for resource number 0xffffffff
W/ResourceType(10696): No known package when getting name for resource number 0xffffffff
W/ResourceType(10696): No known package when getting name for resource number 0xffffffff
W/ResourceType(10696): No known package when getting name for resource number 0xffffffff
W/ResourceType(10696): No known package when getting name for resource number 0xffffffff
W/ResourceType(10696): No known package when getting name for resource number 0xffffffff
W/ResourceType(10696): No known package when getting name for resource number 0xffffffff
W/ResourceType(10696): No known package when getting name for resource number 0xffffffff
W/ResourceType(10696): No known package when getting name for resource number 0xffffffff
W/ResourceType(10696): No known package when getting name for resource number 0xffffffff
W/ResourceType(10696): No known package when getting name for resource number 0xffffffff
W/ResourceType(10696): No known package when getting name for resource number 0xffffffff
W/ResourceType(10696): No known package when getting name for resource number 0xffffffff
W/ResourceType(10696): No known package when getting name for resource number 0xffffffff
W/ResourceType(10696): No known package when getting name for resource number 0xffffffff
W/ResourceType(10696): No known package when getting name for resource number 0xffffffff
W/ResourceType(10696): No known package when getting name for resource number 0xffffffff
W/ResourceType(10696): No known package when getting name for resource number 0xffffffff
W/ResourceType(10696): No known package when getting name for resource number 0xffffffff
W/ResourceType(10696): No known package when getting name for resource number 0xffffffff
W/ResourceType(10696): No known package when getting name for resource number 0xffffffff
W/ResourceType(10696): No known package when getting name for resource number 0xffffffff
W/ResourceType(10696): No known package when getting name for resource number 0xffffffff
W/ResourceType(10696): No known package when getting name for resource number 0xffffffff
W/ResourceType(10696): No known package when getting name for resource number 0xffffffff
W/ResourceType(10696): No known package when getting name for resource number 0xffffffff
W/ResourceType(10696): No known package when getting name for resource number 0xffffffff
W/ResourceType(10696): No known package when getting name for resource number 0xffffffff
W/ResourceType(10696): No known package when getting name for resource number 0xffffffff
W/ResourceType(10696): No known package when getting name for resource number 0xffffffff
W/ResourceType(10696): No known package when getting name for resource number 0xffffffff
W/ResourceType(10696): No known package when getting name for resource number 0xffffffff
W/ResourceType(10696): No known package when getting name for resource number 0xffffffff
W/ResourceType(10696): No known package when getting name for resource number 0xffffffff
W/ResourceType(10696): No known package when getting name for resource number 0xffffffff
W/ResourceType(10696): No known package when getting name for resource number 0xffffffff
W/ResourceType(10696): No known package when getting name for resource number 0xffffffff
W/ResourceType(10696): No known package when getting name for resource number 0xffffffff
W/ResourceType(10696): No known package when getting name for resource number 0xffffffff
W/ResourceType(10696): No known package when getting name for resource number 0xffffffff
W/ResourceType(10696): No known package when getting name for resource number 0xffffffff
W/ResourceType(10696): No known package when getting name for resource number 0xffffffff
W/ResourceType(10696): No known package when getting name for resource number 0xffffffff
W/ResourceType(10696): No known package when getting name for resource number 0xffffffff
W/ResourceType(10696): No known package when getting name for resource number 0xffffffff
W/ResourceType(10696): No known package when getting name for resource number 0xffffffff
W/ResourceType(10696): No known package when getting name for resource number 0xffffffff
W/ResourceType(10696): No known package when getting name for resource number 0xffffffff
W/ResourceType(10696): No known package when getting name for resource number 0xffffffff
W/ResourceType(10696): No known package when getting name for resource number 0xffffffff
W/ResourceType(10696): No known package when getting name for resource number 0xffffffff
W/ResourceType(10696): No known package when getting name for resource number 0xffffffff
W/ResourceType(10696): No known package when getting name for resource number 0xffffffff
I/ServiceManager(  592): Waiting for service AtCmdFwd...
I/System.out(10696): URI: /map
I/System.out(10696): params: {json={"query":"* marked:'Resumes'","operation":{"method_name":"query","arguments":[]}}
I/System.out(10696): }
W/ResourceType(10696): No known package when getting name for resource number 0xffffffff
W/ResourceType(10696): No known package when getting name for resource number 0xffffffff
W/ResourceType(10696): No known package when getting name for resource number 0xffffffff
W/ResourceType(10696): No known package when getting name for resource number 0xffffffff
W/ResourceType(10696): No known package when getting name for resource number 0xffffffff
W/ResourceType(10696): No known package when getting name for resource number 0xffffffff
W/ResourceType(10696): No known package when getting name for resource number 0xffffffff
W/ResourceType(10696): No known package when getting name for resource number 0xffffffff
W/ResourceType(10696): No known package when getting name for resource number 0xffffffff
W/ResourceType(10696): No known package when getting name for resource number 0xffffffff
W/ResourceType(10696): No known package when getting name for resource number 0xffffffff
W/ResourceType(10696): No known package when getting name for resource number 0xffffffff
W/ResourceType(10696): No known package when getting name for resource number 0xffffffff
W/ResourceType(10696): No known package when getting name for resource number 0xffffffff
W/ResourceType(10696): No known package when getting name for resource number 0xffffffff
W/ResourceType(10696): No known package when getting name for resource number 0xffffffff
W/ResourceType(10696): No known package when getting name for resource number 0xffffffff
W/ResourceType(10696): No known package when getting name for resource number 0xffffffff
W/ResourceType(10696): No known package when getting name for resource number 0xffffffff
W/ResourceType(10696): No known package when getting name for resource number 0xffffffff
W/ResourceType(10696): No known package when getting name for resource number 0xffffffff
W/ResourceType(10696): No known package when getting name for resource number 0xffffffff
W/ResourceType(10696): No known package when getting name for resource number 0xffffffff
W/ResourceType(10696): No known package when getting name for resource number 0xffffffff
W/ResourceType(10696): No known package when getting name for resource number 0xffffffff
W/ResourceType(10696): No known package when getting name for resource number 0xffffffff
W/ResourceType(10696): No known package when getting name for resource number 0xffffffff
W/ResourceType(10696): No known package when getting name for resource number 0xffffffff
W/ResourceType(10696): No known package when getting name for resource number 0xffffffff
W/ResourceType(10696): No known package when getting name for resource number 0xffffffff
W/ResourceType(10696): No known package when getting name for resource number 0xffffffff
W/ResourceType(10696): No known package when getting name for resource number 0xffffffff
W/ResourceType(10696): No known package when getting name for resource number 0xffffffff
W/ResourceType(10696): No known package when getting name for resource number 0xffffffff
W/ResourceType(10696): No known package when getting name for resource number 0xffffffff
W/ResourceType(10696): No known package when getting name for resource number 0xffffffff
W/ResourceType(10696): No known package when getting name for resource number 0xffffffff
W/ResourceType(10696): No known package when getting name for resource number 0xffffffff
W/ResourceType(10696): No known package when getting name for resource number 0xffffffff
W/ResourceType(10696): No known package when getting name for resource number 0xffffffff
W/ResourceType(10696): No known package when getting name for resource number 0xffffffff
W/ResourceType(10696): No known package when getting name for resource number 0xffffffff
W/ResourceType(10696): No known package when getting name for resource number 0xffffffff
W/ResourceType(10696): No known package when getting name for resource number 0xffffffff
W/ResourceType(10696): No known package when getting name for resource number 0xffffffff
W/ResourceType(10696): No known package when getting name for resource number 0xffffffff
W/ResourceType(10696): No known package when getting name for resource number 0xffffffff
W/ResourceType(10696): No known package when getting name for resource number 0xffffffff
W/ResourceType(10696): No known package when getting name for resource number 0xffffffff
W/ResourceType(10696): No known package when getting name for resource number 0xffffffff
W/ResourceType(10696): No known package when getting name for resource number 0xffffffff
W/ResourceType(10696): No known package when getting name for resource number 0xffffffff
W/ResourceType(10696): No known package when getting name for resource number 0xffffffff
W/ResourceType(10696): No known package when getting name for resource number 0xffffffff
W/ResourceType(10696): No known package when getting name for resource number 0xffffffff
W/ResourceType(10696): No known package when getting name for resource number 0xffffffff
W/ResourceType(10696): No known package when getting name for resource number 0xffffffff
W/ResourceType(10696): No known package when getting name for resource number 0xffffffff
W/ResourceType(10696): No known package when getting name for resource number 0xffffffff
W/ResourceType(10696): No known package when getting name for resource number 0xffffffff
W/ResourceType(10696): No known package when getting name for resource number 0xffffffff
W/ResourceType(10696): No known package when getting name for resource number 0xffffffff
W/ResourceType(10696): No known package when getting name for resource number 0xffffffff
W/ResourceType(10696): No known package when getting name for resource number 0xffffffff
W/ResourceType(10696): No known package when getting name for resource number 0xffffffff
W/ResourceType(10696): No known package when getting name for resource number 0xffffffff
W/ResourceType(10696): No known package when getting name for resource number 0xffffffff
I/System.out(10696): URI: /map
I/System.out(10696): params: {json={"query":"* marked:'Resumes'","operation":{"method_name":"query","arguments":[]}}
I/System.out(10696): }
W/ResourceType(10696): No known package when getting name for resource number 0xffffffff
W/ResourceType(10696): No known package when getting name for resource number 0xffffffff
W/ResourceType(10696): No known package when getting name for resource number 0xffffffff
W/ResourceType(10696): No known package when getting name for resource number 0xffffffff
W/ResourceType(10696): No known package when getting name for resource number 0xffffffff
W/ResourceType(10696): No known package when getting name for resource number 0xffffffff
W/ResourceType(10696): No known package when getting name for resource number 0xffffffff
W/ResourceType(10696): No known package when getting name for resource number 0xffffffff
W/ResourceType(10696): No known package when getting name for resource number 0xffffffff
W/ResourceType(10696): No known package when getting name for resource number 0xffffffff
W/ResourceType(10696): No known package when getting name for resource number 0xffffffff
W/ResourceType(10696): No known package when getting name for resource number 0xffffffff
W/ResourceType(10696): No known package when getting name for resource number 0xffffffff
W/ResourceType(10696): No known package when getting name for resource number 0xffffffff
W/ResourceType(10696): No known package when getting name for resource number 0xffffffff
W/ResourceType(10696): No known package when getting name for resource number 0xffffffff
W/ResourceType(10696): No known package when getting name for resource number 0xffffffff
W/ResourceType(10696): No known package when getting name for resource number 0xffffffff
W/ResourceType(10696): No known package when getting name for resource number 0xffffffff
W/ResourceType(10696): No known package when getting name for resource number 0xffffffff
W/ResourceType(10696): No known package when getting name for resource number 0xffffffff
W/ResourceType(10696): No known package when getting name for resource number 0xffffffff
W/ResourceType(10696): No known package when getting name for resource number 0xffffffff
W/ResourceType(10696): No known package when getting name for resource number 0xffffffff
W/ResourceType(10696): No known package when getting name for resource number 0xffffffff
W/ResourceType(10696): No known package when getting name for resource number 0xffffffff
W/ResourceType(10696): No known package when getting name for resource number 0xffffffff
W/ResourceType(10696): No known package when getting name for resource number 0xffffffff
W/ResourceType(10696): No known package when getting name for resource number 0xffffffff
W/ResourceType(10696): No known package when getting name for resource number 0xffffffff
W/ResourceType(10696): No known package when getting name for resource number 0xffffffff
W/ResourceType(10696): No known package when getting name for resource number 0xffffffff
W/ResourceType(10696): No known package when getting name for resource number 0xffffffff
W/ResourceType(10696): No known package when getting name for resource number 0xffffffff
W/ResourceType(10696): No known package when getting name for resource number 0xffffffff
W/ResourceType(10696): No known package when getting name for resource number 0xffffffff
W/ResourceType(10696): No known package when getting name for resource number 0xffffffff
W/ResourceType(10696): No known package when getting name for resource number 0xffffffff
W/ResourceType(10696): No known package when getting name for resource number 0xffffffff
W/ResourceType(10696): No known package when getting name for resource number 0xffffffff
W/ResourceType(10696): No known package when getting name for resource number 0xffffffff
W/ResourceType(10696): No known package when getting name for resource number 0xffffffff
W/ResourceType(10696): No known package when getting name for resource number 0xffffffff
W/ResourceType(10696): No known package when getting name for resource number 0xffffffff
W/ResourceType(10696): No known package when getting name for resource number 0xffffffff
I/ServiceManager(  592): Waiting for service AtCmdFwd...
W/ResourceType(10696): No known package when getting name for resource number 0xffffffff
W/ResourceType(10696): No known package when getting name for resource number 0xffffffff
W/ResourceType(10696): No known package when getting name for resource number 0xffffffff
W/ResourceType(10696): No known package when getting name for resource number 0xffffffff
W/ResourceType(10696): No known package when getting name for resource number 0xffffffff
W/ResourceType(10696): No known package when getting name for resource number 0xffffffff
W/ResourceType(10696): No known package when getting name for resource number 0xffffffff
W/ResourceType(10696): No known package when getting name for resource number 0xffffffff
W/ResourceType(10696): No known package when getting name for resource number 0xffffffff
W/ResourceType(10696): No known package when getting name for resource number 0xffffffff
W/ResourceType(10696): No known package when getting name for resource number 0xffffffff
W/ResourceType(10696): No known package when getting name for resource number 0xffffffff
W/ResourceType(10696): No known package when getting name for resource number 0xffffffff
W/ResourceType(10696): No known package when getting name for resource number 0xffffffff
W/ResourceType(10696): No known package when getting name for resource number 0xffffffff
W/ResourceType(10696): No known package when getting name for resource number 0xffffffff
W/ResourceType(10696): No known package when getting name for resource number 0xffffffff
W/ResourceType(10696): No known package when getting name for resource number 0xffffffff
W/ResourceType(10696): No known package when getting name for resource number 0xffffffff
W/ResourceType(10696): No known package when getting name for resource number 0xffffffff
W/ResourceType(10696): No known package when getting name for resource number 0xffffffff
W/ResourceType(10696): No known package when getting name for resource number 0xffffffff
I/System.out(10696): URI: /map
I/System.out(10696): params: {json={"query":"* marked:'Resumes'","operation":{"method_name":"query","arguments":[]}}
I/System.out(10696): }
W/ResourceType(10696): No known package when getting name for resource number 0xffffffff
W/ResourceType(10696): No known package when getting name for resource number 0xffffffff
W/ResourceType(10696): No known package when getting name for resource number 0xffffffff
W/ResourceType(10696): No known package when getting name for resource number 0xffffffff
W/ResourceType(10696): No known package when getting name for resource number 0xffffffff
W/ResourceType(10696): No known package when getting name for resource number 0xffffffff
W/ResourceType(10696): No known package when getting name for resource number 0xffffffff
W/ResourceType(10696): No known package when getting name for resource number 0xffffffff
W/ResourceType(10696): No known package when getting name for resource number 0xffffffff
W/ResourceType(10696): No known package when getting name for resource number 0xffffffff
W/ResourceType(10696): No known package when getting name for resource number 0xffffffff
W/ResourceType(10696): No known package when getting name for resource number 0xffffffff
W/ResourceType(10696): No known package when getting name for resource number 0xffffffff
W/ResourceType(10696): No known package when getting name for resource number 0xffffffff
W/ResourceType(10696): No known package when getting name for resource number 0xffffffff
W/ResourceType(10696): No known package when getting name for resource number 0xffffffff
W/ResourceType(10696): No known package when getting name for resource number 0xffffffff
W/ResourceType(10696): No known package when getting name for resource number 0xffffffff
W/ResourceType(10696): No known package when getting name for resource number 0xffffffff
W/ResourceType(10696): No known package when getting name for resource number 0xffffffff
W/ResourceType(10696): No known package when getting name for resource number 0xffffffff
W/ResourceType(10696): No known package when getting name for resource number 0xffffffff
W/ResourceType(10696): No known package when getting name for resource number 0xffffffff
W/ResourceType(10696): No known package when getting name for resource number 0xffffffff
W/ResourceType(10696): No known package when getting name for resource number 0xffffffff
W/ResourceType(10696): No known package when getting name for resource number 0xffffffff
W/ResourceType(10696): No known package when getting name for resource number 0xffffffff
W/ResourceType(10696): No known package when getting name for resource number 0xffffffff
W/ResourceType(10696): No known package when getting name for resource number 0xffffffff
W/ResourceType(10696): No known package when getting name for resource number 0xffffffff
W/ResourceType(10696): No known package when getting name for resource number 0xffffffff
W/ResourceType(10696): No known package when getting name for resource number 0xffffffff
W/ResourceType(10696): No known package when getting name for resource number 0xffffffff
W/ResourceType(10696): No known package when getting name for resource number 0xffffffff
W/ResourceType(10696): No known package when getting name for resource number 0xffffffff
W/ResourceType(10696): No known package when getting name for resource number 0xffffffff
W/ResourceType(10696): No known package when getting name for resource number 0xffffffff
W/ResourceType(10696): No known package when getting name for resource number 0xffffffff
W/ResourceType(10696): No known package when getting name for resource number 0xffffffff
W/ResourceType(10696): No known package when getting name for resource number 0xffffffff
W/ResourceType(10696): No known package when getting name for resource number 0xffffffff
W/ResourceType(10696): No known package when getting name for resource number 0xffffffff
W/ResourceType(10696): No known package when getting name for resource number 0xffffffff
W/ResourceType(10696): No known package when getting name for resource number 0xffffffff
W/ResourceType(10696): No known package when getting name for resource number 0xffffffff
W/ResourceType(10696): No known package when getting name for resource number 0xffffffff
W/ResourceType(10696): No known package when getting name for resource number 0xffffffff
W/ResourceType(10696): No known package when getting name for resource number 0xffffffff
W/ResourceType(10696): No known package when getting name for resource number 0xffffffff
W/ResourceType(10696): No known package when getting name for resource number 0xffffffff
W/ResourceType(10696): No known package when getting name for resource number 0xffffffff
W/ResourceType(10696): No known package when getting name for resource number 0xffffffff
W/ResourceType(10696): No known package when getting name for resource number 0xffffffff
W/ResourceType(10696): No known package when getting name for resource number 0xffffffff
W/ResourceType(10696): No known package when getting name for resource number 0xffffffff
W/ResourceType(10696): No known package when getting name for resource number 0xffffffff
W/ResourceType(10696): No known package when getting name for resource number 0xffffffff
W/ResourceType(10696): No known package when getting name for resource number 0xffffffff
W/ResourceType(10696): No known package when getting name for resource number 0xffffffff
W/ResourceType(10696): No known package when getting name for resource number 0xffffffff
W/ResourceType(10696): No known package when getting name for resource number 0xffffffff
W/ResourceType(10696): No known package when getting name for resource number 0xffffffff
W/ResourceType(10696): No known package when getting name for resource number 0xffffffff
W/ResourceType(10696): No known package when getting name for resource number 0xffffffff
W/ResourceType(10696): No known package when getting name for resource number 0xffffffff
W/ResourceType(10696): No known package when getting name for resource number 0xffffffff
I/ServiceManager(  592): Waiting for service AtCmdFwd...
W/ResourceType(10696): No known package when getting name for resource number 0xffffffff
I/art     (10696): Starting a blocking GC Explicit
I/art     (10696): Explicit concurrent mark sweep GC freed 265374(11MB) AllocSpace objects, 12(240KB) LOS objects, 28% free, 39MB/55MB, paused 945us total 67.666ms
I/art     (10696): Starting a blocking GC Explicit
