D/Mono    ( 9201): Probing 'java_interop_jnienv_new_object_array'.
D/Mono    ( 9201): Found as 'java_interop_jnienv_new_object_array'.
D/Mono    ( 9201): DllImport searching in: '__Internal' ('(null)').
D/Mono    ( 9201): Searching for 'java_interop_jnienv_set_object_array_element'.
D/Mono    ( 9201): Probing 'java_interop_jnienv_set_object_array_element'.
D/Mono    ( 9201): Found as 'java_interop_jnienv_set_object_array_element'.
I/System.out( 9201): URI: /backdoor
I/System.out( 9201): params: {json={"method_name":"MyCBBackdoor","arguments":[]}
I/System.out( 9201): }
D/Mono    ( 9201): Assembly Ref addref CareerBuilder_Search.Droid[0xebcd1f00] -> Xamarin.Android.Support.Design[0xebcd2920]: 2
I/calabash( 9201): execStartActivity 4
I/ActivityManager(  928): START u0 {cmp=com.careerbuilder.SugarDrone/md5a4824aa66c0dc4d104077b72c1916a44.MasterNavActivity} from uid 17803 on display 0
I/calabash( 9201): newActivity1
W/SurfaceFlinger(  381): couldn't log to binary event log: overflow.
I/System.out( 9201): URI: /map
I/System.out( 9201): params: {json={"query":"* marked:'Skip'","operation":{"method_name":"query","arguments":[]}}
I/System.out( 9201): }
D/Mono    ( 9201): DllImport searching in: '__Internal' ('(null)').
D/Mono    ( 9201): Searching for 'java_interop_jnienv_call_int_method'.
D/Mono    ( 9201): Probing 'java_interop_jnienv_call_int_method'.
D/Mono    ( 9201): Found as 'java_interop_jnienv_call_int_method'.
D/Mono    ( 9201): Assembly Ref addref Xamarin.Android.Support.Design[0xebcd2920] -> Xamarin.Android.Support.v4[0xebcd2740]: 4
D/Mono    ( 9201): Assembly Ref addref CareerBuilder_Search.Droid[0xebcd1f00] -> Xamarin.Android.Support.v7.RecyclerView[0xebcd27a0]: 2
D/Mono    ( 9201): Assembly Ref addref Xamarin.Android.Support.v7.RecyclerView[0xebcd27a0] -> Xamarin.Android.Support.v4[0xebcd2740]: 5
D/Mono    ( 9201): Assembly Ref addref CareerBuilder_Search.Droid[0xebcd1f00] -> FloatingActionButton-Xamarin[0xebcd26e0]: 2
D/Mono    ( 9201): Unloading image System.IO.dll [0xd9a38300].
D/Mono    ( 9201): Image addref System.IO[0xd76b8920] -> System.IO.dll[0xd877e600]: 6
D/Mono    ( 9201): Config attempting to parse: 'System.IO.dll.config'.
D/Mono    ( 9201): Config attempting to parse: '/Users/builder/data/lanes/4009/f3074d2c/source/monodroid/builds/install/mono-armv6/etc/mono/assemblies/System.IO/System.IO.config'.
D/Mono    ( 9201): Assembly Ref addref CareerBuilder_Search[0xebcd2da0] -> System.IO[0xd8c16740]: 4
D/Mono    ( 9201): [0xd721a930] worker starting
I/art     ( 9201): Starting a blocking GC Explicit
W/FragmentManager( 9201): moveToState: Fragment state for SavedJobsFragment{78dd904 #0 id=0x7f0a0148 android:switcher:2131362120:1} not updated inline; expected state 3 found 2
I/art     ( 9201): Explicit concurrent mark sweep GC freed 53903(2MB) AllocSpace objects, 7(140KB) LOS objects, 31% free, 34MB/50MB, paused 583us total 23.173ms
I/art     ( 9201): Starting a blocking GC Explicit
I/art     ( 9201): Explicit concurrent mark sweep GC freed 1003(46KB) AllocSpace objects, 0(0B) LOS objects, 30% free, 36MB/52MB, paused 500us total 15.958ms
I/art     ( 9201): Starting a blocking GC Explicit
D/Mono    ( 9201): Assembly Ref addref CareerBuilder_Search.Droid[0xebcd1f00] -> System[0xebcd30a0]: 13
I/art     ( 9201): Explicit concurrent mark sweep GC freed 235(28KB) AllocSpace objects, 0(0B) LOS objects, 30% free, 36MB/52MB, paused 511us total 16.785ms
I/art     ( 9201): Starting a blocking GC Explicit
W/FragmentManager( 9201): moveToState: Fragment state for ResumeManagementFragment{c9cceed #1 id=0x7f0a0148 android:switcher:2131362120:2} not updated inline; expected state 3 found 2
D/Mono    ( 9201): Unloading image System.Linq.dll [0xd9fd8f00].
D/Mono    ( 9201): Image addref System.Linq[0xd76b8aa0] -> System.Linq.dll[0xdb1ac500]: 9
D/Mono    ( 9201): Config attempting to parse: 'System.Linq.dll.config'.
D/Mono    ( 9201): Config attempting to parse: '/Users/builder/data/lanes/4009/f3074d2c/source/monodroid/builds/install/mono-armv6/etc/mono/assemblies/System.Linq/System.Linq.config'.
D/Mono    ( 9201): Assembly Ref addref CareerBuilder_Search[0xebcd2da0] -> System.Linq[0xebcd3280]: 7
I/art     ( 9201): Explicit concurrent mark sweep GC freed 178(13KB) AllocSpace objects, 0(0B) LOS objects, 30% free, 36MB/52MB, paused 529us total 15.777ms
I/art     ( 9201): Starting a blocking GC Explicit
D/WifiStateMachine(  928): starting scan for "xtc-ag"WPA_PSK with 5240,5200,5180
I/art     ( 9201): Explicit concurrent mark sweep GC freed 40(1872B) AllocSpace objects, 0(0B) LOS objects, 30% free, 36MB/52MB, paused 541us total 15.817ms
D/Mono    ( 9201): DllImport attempting to load: '/system/lib/liblog.so'.
D/Mono    ( 9201): DllImport loaded library '/system/lib/liblog.so'.
D/Mono    ( 9201): DllImport searching in: '/system/lib/liblog.so' ('/system/lib/liblog.so').
D/Mono    ( 9201): Searching for '__android_log_print'.
D/Mono    ( 9201): Probing '__android_log_print'.
D/Mono    ( 9201): Found as '__android_log_print'.
I/mono-stdout( 9201): uri is: https://api.careerbuilder.com/consumer/resumes?OAuthToken=&HostSite=US&DeveloperKey=WDHR8FC6P2JZ1Y61KLM5
D/Mono    ( 9201): Unloading image System.Collections.dll [0xd9a3a600].
D/Mono    ( 9201): Image addref System.Collections[0xd76b8b60] -> System.Collections.dll[0xebcf1200]: 10
D/Mono    ( 9201): Config attempting to parse: 'System.Collections.dll.config'.
D/Mono    ( 9201): Config attempting to parse: '/Users/builder/data/lanes/4009/f3074d2c/source/monodroid/builds/install/mono-armv6/etc/mono/assemblies/System.Collections/System.Collections.config'.
D/Mono    ( 9201): Assembly Ref addref System.Reactive.Linq[0xebcd2b60] -> System.Collections[0xebcd3160]: 8
D/Mono    ( 9201): [0xd6d5a930] worker starting
D/Mono    ( 9201): DllImport searching in: '__Internal' ('(null)').
D/Mono    ( 9201): Searching for 'java_interop_jnienv_call_nonvirtual_void_method'.
D/Mono    ( 9201): Probing 'java_interop_jnienv_call_nonvirtual_void_method'.
D/Mono    ( 9201): Found as 'java_interop_jnienv_call_nonvirtual_void_method'.
D/Mono    ( 9201): [0xd6c59930] worker starting
D/Mono    ( 9201): Unloading image System.dll [0xef4bc100].
D/Mono    ( 9201): Image addref System[0xef4be9e0] -> System.dll[0xebcf0800]: 5
D/Mono    ( 9201): Config attempting to parse: 'System.dll.config'.
D/Mono    ( 9201): Config attempting to parse: '/Users/builder/data/lanes/4009/f3074d2c/source/monodroid/builds/install/mono-armv6/etc/mono/assemblies/System/System.config'.
D/Mono    ( 9201): Unloading image System.dll [0xd9183400].
D/Mono    ( 9201): Image addref System[0xef4be6e0] -> System.dll[0xebcf0800]: 6
D/Mono    ( 9201): Config attempting to parse: 'System.dll.config'.
I/mono-stdout( 9201): uri is: https://api.careerbuilder.com/consumer/saved-jobs/?DeveloperKey=WDHR8FC6P2JZ1Y61KLM5
D/Mono    ( 9201): Config attempting to parse: '/Users/builder/data/lanes/4009/f3074d2c/source/monodroid/builds/install/mono-armv6/etc/mono/assemblies/System/System.config'.
I/mono-stdout( 9201): uri is: https://api.careerbuilder.com/consumer/resumes?OAuthToken=&HostSite=US&DeveloperKey=WDHR8FC6P2JZ1Y61KLM5
D/Mono    ( 9201): Unloading image System.dll [0xd9183400].
D/Mono    ( 9201): Image addref System[0xef4be6e0] -> System.dll[0xebcf0800]: 7
D/Mono    ( 9201): Config attempting to parse: 'System.dll.config'.
D/Mono    ( 9201): Config attempting to parse: '/Users/builder/data/lanes/4009/f3074d2c/source/monodroid/builds/install/mono-armv6/etc/mono/assemblies/System/System.config'.
I/mono-stdout( 9201): uri is: https://api.careerbuilder.com/consumer/jobs/search/?Keywords=&Location=&UseFacets=true&PageNumber=1&ExcludeNational=true&DeveloperKey=WDHR8FC6P2JZ1Y61KLM5
D/Mono    ( 9201): Unloading image System.dll [0xd9183400].
D/Mono    ( 9201): Image addref System[0xef4be6e0] -> System.dll[0xebcf0800]: 8
D/Mono    ( 9201): Config attempting to parse: 'System.dll.config'.
D/Mono    ( 9201): Config attempting to parse: '/Users/builder/data/lanes/4009/f3074d2c/source/monodroid/builds/install/mono-armv6/etc/mono/assemblies/System/System.config'.
D/Mono    ( 9201): Image addref System.Net.Primitives[0xd8c17d60] -> System.Net.Primitives.dll[0xdaf77f00]: 2
D/Mono    ( 9201): Prepared to set up assembly 'System.Net.Primitives' (System.Net.Primitives.dll)
D/Mono    ( 9201): Unloading image System.Net.Primitives.dll [0xef4bc100].
D/Mono    ( 9201): Assembly System.Net.Primitives[0xd8c17d60] added to domain RootDomain, ref_count=1
D/Mono    ( 9201): Unloading image System.Net.Primitives.dll [0xd9183e00].
D/Mono    ( 9201): Image addref System.Net.Primitives[0xd8f066e0] -> System.Net.Primitives.dll[0xdaf77f00]: 5
D/Mono    ( 9201): Config attempting to parse: 'System.Net.Primitives.dll.config'.
D/Mono    ( 9201): Unloading image System.Net.Primitives.dll [0xd9a39c00].
D/Mono    ( 9201): Config attempting to parse: '/Users/builder/data/lanes/4009/f3074d2c/source/monodroid/builds/install/mono-armv6/etc/mono/assemblies/System.Net.Primitives/System.Net.Primitives.config'.
D/Mono    ( 9201): Assembly Ref addref CareerBuilder_Search[0xebcd2da0] -> System.Net.Primitives[0xd8c17d60]: 2
D/Mono    ( 9201): Assembly Ref addref System.Net.Primitives[0xd8c17d60] -> System[0xebcd30a0]: 14
D/Mono    ( 9201): Image addref System.Net.Primitives[0xef4be980] -> System.Net.Primitives.dll[0xdaf77f00]: 6
D/Mono    ( 9201): Image addref System.Net.Primitives[0xd8c164a0] -> System.Net.Primitives.dll[0xdaf77f00]: 7
D/Mono    ( 9201): Config attempting to parse: 'System.Net.Primitives.dll.config'.
D/Mono    ( 9201): Config attempting to parse: 'System.Net.Primitives.dll.config'.
D/Mono    ( 9201): Config attempting to parse: '/Users/builder/data/lanes/4009/f3074d2c/source/monodroid/builds/install/mono-armv6/etc/mono/assemblies/System.Net.Primitives/System.Net.Primitives.config'.
D/Mono    ( 9201): Config attempting to parse: '/Users/builder/data/lanes/4009/f3074d2c/source/monodroid/builds/install/mono-armv6/etc/mono/assemblies/System.Net.Primitives/System.Net.Primitives.config'.
D/Mono    ( 9201): AOT module 'System.Net.Primitives.dll.so' not found: dlopen failed: library "/data/app/com.careerbuilder.SugarDrone-1/lib/arm/libaot-System.Net.Primitives.dll.so" not found
D/Mono    ( 9201): AOT module '/Users/builder/data/lanes/4009/f3074d2c/source/monodroid/builds/install/mono-armv6/lib/mono/aot-cache/arm/System.Net.Primitives.dll.so' not found: dlopen failed: library "/data/app/com.careerbuilder.SugarDrone-1/lib/arm/libaot-System.Net.Primitives.dll.so" not found
D/Mono    ( 9201): Config attempting to parse: 'System.Net.Primitives.dll.config'.
D/Mono    ( 9201): Config attempting to parse: '/Users/builder/data/lanes/4009/f3074d2c/source/monodroid/builds/install/mono-armv6/etc/mono/assemblies/System.Net.Primitives/System.Net.Primitives.config'.
D/Mono    ( 9201): Unloading image System.Text.Encoding.dll [0xef4bc100].
D/Mono    ( 9201): Image addref System.Text.Encoding[0xd76b8aa0] -> System.Text.Encoding.dll[0xd877dc00]: 5
D/Mono    ( 9201): Unloading image System.Text.Encoding.dll [0xd9a39c00].
D/Mono    ( 9201): Config attempting to parse: 'System.Text.Encoding.dll.config'.
D/Mono    ( 9201): Config attempting to parse: '/Users/builder/data/lanes/4009/f3074d2c/source/monodroid/builds/install/mono-armv6/etc/mono/assemblies/System.Text.Encoding/System.Text.Encoding.config'.
D/Mono    ( 9201): Assembly Ref addref CareerBuilder_Search[0xebcd2da0] -> System.Text.Encoding[0xd8c16680]: 3
D/Mono    ( 9201): Image addref System.Text.Encoding[0xd76b7300] -> System.Text.Encoding.dll[0xd877dc00]: 6
D/Mono    ( 9201): Config attempting to parse: 'System.Text.Encoding.dll.config'.
D/Mono    ( 9201): Unloading image System.Text.Encoding.dll [0xd9183e00].
D/Mono    ( 9201): Config attempting to parse: '/Users/builder/data/lanes/4009/f3074d2c/source/monodroid/builds/install/mono-armv6/etc/mono/assemblies/System.Text.Encoding/System.Text.Encoding.config'.
D/Mono    ( 9201): Image addref System.Text.Encoding[0xef4be920] -> System.Text.Encoding.dll[0xd877dc00]: 7
D/Mono    ( 9201): Config attempting to parse: 'System.Text.Encoding.dll.config'.
D/Mono    ( 9201): Config attempting to parse: '/Users/builder/data/lanes/4009/f3074d2c/source/monodroid/builds/install/mono-armv6/etc/mono/assemblies/System.Text.Encoding/System.Text.Encoding.config'.
I/mono-stdout( 9201): making api call to: /consumer/resumes?OAuthToken=&HostSite=US&DeveloperKey=WDHR8FC6P2JZ1Y61KLM5
I/mono-stdout( 9201): making api call to: /consumer/resumes?OAuthToken=&HostSite=US&DeveloperKey=WDHR8FC6P2JZ1Y61KLM5
I/mono-stdout( 9201): making api call to: /consumer/saved-jobs/?DeveloperKey=WDHR8FC6P2JZ1Y61KLM5
I/mono-stdout( 9201): making api call to: /consumer/jobs/search/?Keywords=&Location=&UseFacets=true&PageNumber=1&ExcludeNational=true&DeveloperKey=WDHR8FC6P2JZ1Y61KLM5
D/Mono    ( 9201): DllImport searching in: '__Internal' ('(null)').
D/Mono    ( 9201): Searching for 'java_interop_jnienv_is_assignable_from'.
D/Mono    ( 9201): Probing 'java_interop_jnienv_is_assignable_from'.
D/Mono    ( 9201): Found as 'java_interop_jnienv_is_assignable_from'.
D/Mono    ( 9201): DllImport searching in: '__Internal' ('(null)').
D/Mono    ( 9201): Searching for 'java_interop_jnienv_get_byte_array_region'.
D/Mono    ( 9201): Probing 'java_interop_jnienv_get_byte_array_region'.
D/Mono    ( 9201): Found as 'java_interop_jnienv_get_byte_array_region'.
D/Mono    ( 9201): DllImport searching in: '__Internal' ('(null)').
D/Mono    ( 9201): Searching for 'java_interop_jnienv_set_byte_array_region'.
D/Mono    ( 9201): Probing 'java_interop_jnienv_set_byte_array_region'.
D/Mono    ( 9201): Found as 'java_interop_jnienv_set_byte_array_region'.
I/mono-stdout( 9201): Method: GET, RequestUri: 'https://api.careerbuilder.com/consumer/saved-jobs/?DeveloperKey=WDHR8FC6P2JZ1Y61KLM5', Version: 1.1, Content: <null>, Headers:

I/mono-stdout( 9201): {

I/mono-stdout( 9201): DeveloperKey: WDHR8FC6P2JZ1Y61KLM5

I/mono-stdout( 9201): Accept: application/json

I/mono-stdout( 9201): Authorization: Bearer test

I/mono-stdout( 9201): HostSite: US

I/mono-stdout( 9201): }
I/mono-stdout( 9201): Current State = 1,2,6,7
I/mono-stdout( 9201): applied jobs = 6
I/mono-stdout( 9201): expired jobs = 7
I/mono-stdout( 9201): saved jobs = Saved,Saved,Applied,Saved
D/Mono    ( 9201): [0xd6b58930] worker starting
W/Mono    ( 9201): The request to load the assembly System.Core v4.0.0.0 was remapped to v2.0.5.0
D/Mono    ( 9201): Unloading image System.Core.dll [0xd9fdb700].
D/Mono    ( 9201): Image addref System.Core[0xd8f17ee0] -> System.Core.dll[0xdb1ac000]: 5
D/Mono    ( 9201): Config attempting to parse: 'System.Core.dll.config'.
D/Mono    ( 9201): Config attempting to parse: '/Users/builder/data/lanes/4009/f3074d2c/source/monodroid/builds/install/mono-armv6/etc/mono/assemblies/System.Core/System.Core.config'.
W/Mono    ( 9201): The request to load the assembly System.Core v4.0.0.0 was remapped to v2.0.5.0
D/Mono    ( 9201): Unloading image System.Core.dll [0xda72c100].
D/Mono    ( 9201): Image addref System.Core[0xd9c02120] -> System.Core.dll[0xdb1ac000]: 6
D/Mono    ( 9201): Config attempting to parse: 'System.Core.dll.config'.
D/Mono    ( 9201): Config attempting to parse: '/Users/builder/data/lanes/4009/f3074d2c/source/monodroid/builds/install/mono-armv6/etc/mono/assemblies/System.Core/System.Core.config'.
I/mono-stdout( 9201): done making call to: /consumer/resumes?OAuthToken=&HostSite=US&DeveloperKey=WDHR8FC6P2JZ1Y61KLM5
I/mono-stdout( 9201): done making call to: /consumer/resumes?OAuthToken=&HostSite=US&DeveloperKey=WDHR8FC6P2JZ1Y61KLM5
I/mono-stdout( 9201): The resume  with hash has been set as latest
I/mono-stdout( 9201): The resume  with hash has been set as latest
I/art     ( 9201): Starting a blocking GC Explicit
D/Mono    ( 9201): GC_BRIDGE waiting for bridge processing to finish
I/art     ( 9201): Explicit concurrent mark sweep GC freed 7833(385KB) AllocSpace objects, 1(20KB) LOS objects, 29% free, 38MB/54MB, paused 428us total 17.254ms
D/Mono    ( 9201): GC_TAR_BRIDGE bridges 186 objects 383 opaque 121 colors 186 colors-bridged 186 colors-visible 186 xref 5 cache-hit 0 cache-semihit 0 cache-miss 0 setup 0.05ms tarjan 0.37ms scc-setup 0.09ms gather-xref 0.01ms xref-setup 0.01ms cleanup 0.06ms
D/Mono    ( 9201): GC_BRIDGE: Complete, was running for 19.93ms
D/Mono    ( 9201): GC_MINOR: (Nursery full) time 14.65ms, stw 15.46ms promoted 894K major size: 1904K in use: 1175K los size: 1024K in use: 354K
I/mono-stdout( 9201): done making call to: /consumer/saved-jobs/?DeveloperKey=WDHR8FC6P2JZ1Y61KLM5
D/Mono    ( 9201): DllImport searching in: '__Internal' ('(null)').
D/Mono    ( 9201): Searching for 'java_interop_jnienv_new_byte_array'.
D/Mono    ( 9201): Probing 'java_interop_jnienv_new_byte_array'.
D/Mono    ( 9201): Found as 'java_interop_jnienv_new_byte_array'.
I/mono-stdout( 9201): done making call to: /consumer/jobs/search/?Keywords=&Location=&UseFacets=true&PageNumber=1&ExcludeNational=true&DeveloperKey=WDHR8FC6P2JZ1Y61KLM5
D/Mono    ( 9201): [0xda84b930] hill climbing, change max number of threads 9
I/mono-stdout( 9201): uri is: https://api.careerbuilder.com/consumer/saved-jobs/?DeveloperKey=WDHR8FC6P2JZ1Y61KLM5
I/mono-stdout( 9201): making api call to: /consumer/saved-jobs/?DeveloperKey=WDHR8FC6P2JZ1Y61KLM5
I/mono-stdout( 9201): Method: GET, RequestUri: 'https://api.careerbuilder.com/consumer/saved-jobs/?DeveloperKey=WDHR8FC6P2JZ1Y61KLM5', Version: 1.1, Content: <null>, Headers:

I/mono-stdout( 9201): {

I/mono-stdout( 9201): DeveloperKey: WDHR8FC6P2JZ1Y61KLM5

I/mono-stdout( 9201): Accept: application/json

I/mono-stdout( 9201): Authorization: Bearer test

I/mono-stdout( 9201): HostSite: US

I/mono-stdout( 9201): }
I/mono-stdout( 9201): Current State = 1,2,6,7
I/mono-stdout( 9201): applied jobs = 6
I/mono-stdout( 9201): expired jobs = 7
I/mono-stdout( 9201): saved jobs = Saved,Saved,Applied,Saved
E/RecyclerView( 9201): No adapter attached; skipping layout
W/art     ( 9201): JNI RegisterNativeMethods: attempt to register 0 native methods for md539c3d548fb000cea9f34163fa7e112ea.ProgressListItemViewHolder
W/ResourceType( 9201): No known package when getting name for resource number 0xffffffff
W/ResourceType( 9201): No known package when getting name for resource number 0xffffffff
W/ResourceType( 9201): No known package when getting name for resource number 0xffffffff
W/ResourceType( 9201): No known package when getting name for resource number 0xffffffff
W/ResourceType( 9201): No known package when getting name for resource number 0xffffffff
W/ResourceType( 9201): No known package when getting name for resource number 0xffffffff
W/ResourceType( 9201): No known package when getting name for resource number 0xffffffff
W/ResourceType( 9201): No known package when getting name for resource number 0xffffffff
W/ResourceType( 9201): No known package when getting name for resource number 0xffffffff
W/ResourceType( 9201): No known package when getting name for resource number 0xffffffff
W/ResourceType( 9201): No known package when getting name for resource number 0xffffffff
W/ResourceType( 9201): No known package when getting name for resource number 0xffffffff
W/ResourceType( 9201): No known package when getting name for resource number 0xffffffff
W/ResourceType( 9201): No known package when getting name for resource number 0xffffffff
W/ResourceType( 9201): No known package when getting name for resource number 0xffffffff
W/ResourceType( 9201): No known package when getting name for resource number 0xffffffff
W/ResourceType( 9201): No known package when getting name for resource number 0xffffffff
D/Mono    ( 9201): Assembly Ref addref Xamarin.Android.Support.v7.AppCompat[0xebcd28c0] -> System.Core[0xebcd3400]: 15
I/Choreographer( 9201): Skipped 76 frames!  The application may be doing too much work on its main thread.
E/RecyclerView( 9201): No adapter attached; skipping layout
D/Mono    ( 9201): DllImport searching in: '__Internal' ('(null)').
D/Mono    ( 9201): Searching for 'java_interop_jnienv_call_void_method'.
D/Mono    ( 9201): Probing 'java_interop_jnienv_call_void_method'.
D/Mono    ( 9201): Found as 'java_interop_jnienv_call_void_method'.
I/Keyboard.Facilitator( 3427): onFinishInput()
I/ActivityManager(  928): Displayed com.careerbuilder.SugarDrone/md5a4824aa66c0dc4d104077b72c1916a44.MasterNavActivity: +1s648ms
E/RecyclerView( 9201): No adapter attached; skipping layout
I/System.out( 9201): URI: /map
I/System.out( 9201): params: {json={"query":"* marked:'Job 1'","operation":{"method_name":"query","arguments":[]}}
I/System.out( 9201): }
W/ResourceType( 9201): No known package when getting name for resource number 0xffffffff
W/ResourceType( 9201): No known package when getting name for resource number 0xffffffff
W/ResourceType( 9201): No known package when getting name for resource number 0xffffffff
W/ResourceType( 9201): No known package when getting name for resource number 0xffffffff
W/ResourceType( 9201): No known package when getting name for resource number 0xffffffff
W/ResourceType( 9201): No known package when getting name for resource number 0xffffffff
W/ResourceType( 9201): No known package when getting name for resource number 0xffffffff
W/ResourceType( 9201): No known package when getting name for resource number 0xffffffff
W/ResourceType( 9201): No known package when getting name for resource number 0xffffffff
W/ResourceType( 9201): No known package when getting name for resource number 0xffffffff
W/ResourceType( 9201): No known package when getting name for resource number 0xffffffff
W/ResourceType( 9201): No known package when getting name for resource number 0xffffffff
W/ResourceType( 9201): No known package when getting name for resource number 0xffffffff
W/ResourceType( 9201): No known package when getting name for resource number 0xffffffff
W/ResourceType( 9201): No known package when getting name for resource number 0xffffffff
W/ResourceType( 9201): No known package when getting name for resource number 0xffffffff
W/ResourceType( 9201): No known package when getting name for resource number 0xffffffff
W/ResourceType( 9201): No known package when getting name for resource number 0xffffffff
W/ResourceType( 9201): No known package when getting name for resource number 0xffffffff
W/ResourceType( 9201): No known package when getting name for resource number 0xffffffff
W/ResourceType( 9201): No known package when getting name for resource number 0xffffffff
W/ResourceType( 9201): No known package when getting name for resource number 0xffffffff
W/ResourceType( 9201): No known package when getting name for resource number 0xffffffff
W/ResourceType( 9201): No known package when getting name for resource number 0xffffffff
W/ResourceType( 9201): No known package when getting name for resource number 0xffffffff
W/ResourceType( 9201): No known package when getting name for resource number 0xffffffff
W/ResourceType( 9201): No known package when getting name for resource number 0xffffffff
W/ResourceType( 9201): No known package when getting name for resource number 0xffffffff
W/ResourceType( 9201): No known package when getting name for resource number 0xffffffff
W/ResourceType( 9201): No known package when getting name for resource number 0xffffffff
W/ResourceType( 9201): No known package when getting name for resource number 0xffffffff
W/ResourceType( 9201): No known package when getting name for resource number 0xffffffff
W/ResourceType( 9201): No known package when getting name for resource number 0xffffffff
W/ResourceType( 9201): No known package when getting name for resource number 0xffffffff
W/ResourceType( 9201): No known package when getting name for resource number 0xffffffff
W/ResourceType( 9201): No known package when getting name for resource number 0xffffffff
W/ResourceType( 9201): No known package when getting name for resource number 0xffffffff
W/ResourceType( 9201): No known package when getting name for resource number 0xffffffff
W/ResourceType( 9201): No known package when getting name for resource number 0xffffffff
W/ResourceType( 9201): No known package when getting name for resource number 0xffffffff
W/ResourceType( 9201): No known package when getting name for resource number 0xffffffff
W/ResourceType( 9201): No known package when getting name for resource number 0xffffffff
W/ResourceType( 9201): No known package when getting name for resource number 0xffffffff
W/ResourceType( 9201): No known package when getting name for resource number 0xffffffff
W/ResourceType( 9201): No known package when getting name for resource number 0xffffffff
W/ResourceType( 9201): No known package when getting name for resource number 0xffffffff
W/ResourceType( 9201): No known package when getting name for resource number 0xffffffff
W/ResourceType( 9201): No known package when getting name for resource number 0xffffffff
W/ResourceType( 9201): No known package when getting name for resource number 0xffffffff
W/ResourceType( 9201): No known package when getting name for resource number 0xffffffff
W/ResourceType( 9201): No known package when getting name for resource number 0xffffffff
W/ResourceType( 9201): No known package when getting name for resource number 0xffffffff
W/ResourceType( 9201): No known package when getting name for resource number 0xffffffff
I/mono-stdout( 9201): done making call to: /consumer/saved-jobs/?DeveloperKey=WDHR8FC6P2JZ1Y61KLM5
E/RecyclerView( 9201): No adapter attached; skipping layout
E/RecyclerView( 9201): No adapter attached; skipping layout
W/art     ( 9201): JNI RegisterNativeMethods: attempt to register 0 native methods for md539c3d548fb000cea9f34163fa7e112ea.JobResultViewHolder
W/art     ( 9201): JNI RegisterNativeMethods: attempt to register 0 native methods for md543b91ad655f5c020e54c78f692da973f.SnapshotView
I/System.out( 9201): URI: /map
I/System.out( 9201): params: {json={"query":"* marked:'Job 1'","operation":{"method_name":"query","arguments":[]}}
I/System.out( 9201): }
D/Mono    ( 9201): DllImport searching in: '__Internal' ('(null)').
D/Mono    ( 9201): Searching for 'java_interop_jnienv_set_int_field'.
D/Mono    ( 9201): Probing 'java_interop_jnienv_set_int_field'.
D/Mono    ( 9201): Found as 'java_interop_jnienv_set_int_field'.
W/ResourceType( 9201): No known package when getting name for resource number 0xffffffff
W/ResourceType( 9201): No known package when getting name for resource number 0xffffffff
W/ResourceType( 9201): No known package when getting name for resource number 0xffffffff
W/ResourceType( 9201): No known package when getting name for resource number 0xffffffff
W/ResourceType( 9201): No known package when getting name for resource number 0xffffffff
W/ResourceType( 9201): No known package when getting name for resource number 0xffffffff
W/ResourceType( 9201): No known package when getting name for resource number 0xffffffff
W/ResourceType( 9201): No known package when getting name for resource number 0xffffffff
W/ResourceType( 9201): No known package when getting name for resource number 0xffffffff
W/ResourceType( 9201): No known package when getting name for resource number 0xffffffff
W/ResourceType( 9201): No known package when getting name for resource number 0xffffffff
W/ResourceType( 9201): No known package when getting name for resource number 0xffffffff
W/ResourceType( 9201): No known package when getting name for resource number 0xffffffff
W/ResourceType( 9201): No known package when getting name for resource number 0xffffffff
W/ResourceType( 9201): No known package when getting name for resource number 0xffffffff
W/ResourceType( 9201): No known package when getting name for resource number 0xffffffff
W/ResourceType( 9201): No known package when getting name for resource number 0xffffffff
W/ResourceType( 9201): No known package when getting name for resource number 0xffffffff
W/ResourceType( 9201): No known package when getting name for resource number 0xffffffff
W/ResourceType( 9201): No known package when getting name for resource number 0xffffffff
W/ResourceType( 9201): No known package when getting name for resource number 0xffffffff
W/ResourceType( 9201): No known package when getting name for resource number 0xffffffff
W/ResourceType( 9201): No known package when getting name for resource number 0xffffffff
W/ResourceType( 9201): No known package when getting name for resource number 0xffffffff
W/ResourceType( 9201): No known package when getting name for resource number 0xffffffff
W/ResourceType( 9201): No known package when getting name for resource number 0xffffffff
W/ResourceType( 9201): No known package when getting name for resource number 0xffffffff
W/ResourceType( 9201): No known package when getting name for resource number 0xffffffff
W/ResourceType( 9201): No known package when getting name for resource number 0xffffffff
W/ResourceType( 9201): No known package when getting name for resource number 0xffffffff
W/ResourceType( 9201): No known package when getting name for resource number 0xffffffff
W/ResourceType( 9201): No known package when getting name for resource number 0xffffffff
W/ResourceType( 9201): No known package when getting name for resource number 0xffffffff
W/ResourceType( 9201): No known package when getting name for resource number 0xffffffff
W/ResourceType( 9201): No known package when getting name for resource number 0xffffffff
W/ResourceType( 9201): No known package when getting name for resource number 0xffffffff
W/ResourceType( 9201): No known package when getting name for resource number 0xffffffff
W/ResourceType( 9201): No known package when getting name for resource number 0xffffffff
W/ResourceType( 9201): No known package when getting name for resource number 0xffffffff
W/ResourceType( 9201): No known package when getting name for resource number 0xffffffff
W/ResourceType( 9201): No known package when getting name for resource number 0xffffffff
W/ResourceType( 9201): No known package when getting name for resource number 0xffffffff
W/ResourceType( 9201): No known package when getting name for resource number 0xffffffff
W/ResourceType( 9201): No known package when getting name for resource number 0xffffffff
W/ResourceType( 9201): No known package when getting name for resource number 0xffffffff
W/ResourceType( 9201): No known package when getting name for resource number 0xffffffff
W/ResourceType( 9201): No known package when getting name for resource number 0xffffffff
W/ResourceType( 9201): No known package when getting name for resource number 0xffffffff
W/ResourceType( 9201): No known package when getting name for resource number 0xffffffff
W/ResourceType( 9201): No known package when getting name for resource number 0xffffffff
W/ResourceType( 9201): No known package when getting name for resource number 0xffffffff
W/ResourceType( 9201): No known package when getting name for resource number 0xffffffff
W/ResourceType( 9201): No known package when getting name for resource number 0xffffffff
W/ResourceType( 9201): No known package when getting name for resource number 0xffffffff
W/ResourceType( 9201): No known package when getting name for resource number 0xffffffff
W/ResourceType( 9201): No known package when getting name for resource number 0xffffffff
W/ResourceType( 9201): No known package when getting name for resource number 0xffffffff
W/ResourceType( 9201): No known package when getting name for resource number 0xffffffff
W/ResourceType( 9201): No known package when getting name for resource number 0xffffffff
W/ResourceType( 9201): No known package when getting name for resource number 0xffffffff
W/ResourceType( 9201): No known package when getting name for resource number 0xffffffff
W/ResourceType( 9201): No known package when getting name for resource number 0xffffffff
W/ResourceType( 9201): No known package when getting name for resource number 0xffffffff
W/ResourceType( 9201): No known package when getting name for resource number 0xffffffff
W/ResourceType( 9201): No known package when getting name for resource number 0xffffffff
W/ResourceType( 9201): No known package when getting name for resource number 0xffffffff
W/ResourceType( 9201): No known package when getting name for resource number 0xffffffff
W/ResourceType( 9201): No known package when getting name for resource number 0xffffffff
W/ResourceType( 9201): No known package when getting name for resource number 0xffffffff
W/ResourceType( 9201): No known package when getting name for resource number 0xffffffff
W/ResourceType( 9201): No known package when getting name for resource number 0xffffffff
W/ResourceType( 9201): No known package when getting name for resource number 0xffffffff
W/ResourceType( 9201): No known package when getting name for resource number 0xffffffff
I/System.out( 9201): URI: /map
I/System.out( 9201): params: {json={"query":"* marked:'Job 1'","operation":{"method_name":"query","arguments":[]}}
I/System.out( 9201): }
W/ResourceType( 9201): No known package when getting name for resource number 0xffffffff
W/ResourceType( 9201): No known package when getting name for resource number 0xffffffff
W/ResourceType( 9201): No known package when getting name for resource number 0xffffffff
W/ResourceType( 9201): No known package when getting name for resource number 0xffffffff
W/ResourceType( 9201): No known package when getting name for resource number 0xffffffff
W/ResourceType( 9201): No known package when getting name for resource number 0xffffffff
W/ResourceType( 9201): No known package when getting name for resource number 0xffffffff
W/ResourceType( 9201): No known package when getting name for resource number 0xffffffff
W/ResourceType( 9201): No known package when getting name for resource number 0xffffffff
W/ResourceType( 9201): No known package when getting name for resource number 0xffffffff
W/ResourceType( 9201): No known package when getting name for resource number 0xffffffff
W/ResourceType( 9201): No known package when getting name for resource number 0xffffffff
W/ResourceType( 9201): No known package when getting name for resource number 0xffffffff
W/ResourceType( 9201): No known package when getting name for resource number 0xffffffff
W/ResourceType( 9201): No known package when getting name for resource number 0xffffffff
W/ResourceType( 9201): No known package when getting name for resource number 0xffffffff
W/ResourceType( 9201): No known package when getting name for resource number 0xffffffff
W/ResourceType( 9201): No known package when getting name for resource number 0xffffffff
W/ResourceType( 9201): No known package when getting name for resource number 0xffffffff
W/ResourceType( 9201): No known package when getting name for resource number 0xffffffff
W/ResourceType( 9201): No known package when getting name for resource number 0xffffffff
W/ResourceType( 9201): No known package when getting name for resource number 0xffffffff
W/ResourceType( 9201): No known package when getting name for resource number 0xffffffff
W/ResourceType( 9201): No known package when getting name for resource number 0xffffffff
W/ResourceType( 9201): No known package when getting name for resource number 0xffffffff
W/ResourceType( 9201): No known package when getting name for resource number 0xffffffff
W/ResourceType( 9201): No known package when getting name for resource number 0xffffffff
W/ResourceType( 9201): No known package when getting name for resource number 0xffffffff
W/ResourceType( 9201): No known package when getting name for resource number 0xffffffff
W/ResourceType( 9201): No known package when getting name for resource number 0xffffffff
W/ResourceType( 9201): No known package when getting name for resource number 0xffffffff
W/ResourceType( 9201): No known package when getting name for resource number 0xffffffff
W/ResourceType( 9201): No known package when getting name for resource number 0xffffffff
W/ResourceType( 9201): No known package when getting name for resource number 0xffffffff
W/ResourceType( 9201): No known package when getting name for resource number 0xffffffff
W/ResourceType( 9201): No known package when getting name for resource number 0xffffffff
W/ResourceType( 9201): No known package when getting name for resource number 0xffffffff
W/ResourceType( 9201): No known package when getting name for resource number 0xffffffff
W/ResourceType( 9201): No known package when getting name for resource number 0xffffffff
W/ResourceType( 9201): No known package when getting name for resource number 0xffffffff
W/ResourceType( 9201): No known package when getting name for resource number 0xffffffff
W/ResourceType( 9201): No known package when getting name for resource number 0xffffffff
W/ResourceType( 9201): No known package when getting name for resource number 0xffffffff
W/ResourceType( 9201): No known package when getting name for resource number 0xffffffff
W/ResourceType( 9201): No known package when getting name for resource number 0xffffffff
W/ResourceType( 9201): No known package when getting name for resource number 0xffffffff
W/ResourceType( 9201): No known package when getting name for resource number 0xffffffff
W/ResourceType( 9201): No known package when getting name for resource number 0xffffffff
W/ResourceType( 9201): No known package when getting name for resource number 0xffffffff
W/ResourceType( 9201): No known package when getting name for resource number 0xffffffff
W/ResourceType( 9201): No known package when getting name for resource number 0xffffffff
W/ResourceType( 9201): No known package when getting name for resource number 0xffffffff
W/ResourceType( 9201): No known package when getting name for resource number 0xffffffff
W/ResourceType( 9201): No known package when getting name for resource number 0xffffffff
W/ResourceType( 9201): No known package when getting name for resource number 0xffffffff
W/ResourceType( 9201): No known package when getting name for resource number 0xffffffff
W/ResourceType( 9201): No known package when getting name for resource number 0xffffffff
W/ResourceType( 9201): No known package when getting name for resource number 0xffffffff
W/ResourceType( 9201): No known package when getting name for resource number 0xffffffff
W/ResourceType( 9201): No known package when getting name for resource number 0xffffffff
W/ResourceType( 9201): No known package when getting name for resource number 0xffffffff
W/ResourceType( 9201): No known package when getting name for resource number 0xffffffff
W/ResourceType( 9201): No known package when getting name for resource number 0xffffffff
W/ResourceType( 9201): No known package when getting name for resource number 0xffffffff
W/ResourceType( 9201): No known package when getting name for resource number 0xffffffff
W/ResourceType( 9201): No known package when getting name for resource number 0xffffffff
I/System.out( 9201): URI: /
I/System.out( 9201): params: {json={"command":"touch_coordinate","arguments":[683.0,777.0]}
I/System.out( 9201): }
I/System.out( 9201): header: {content-length=56, host=devicehost47.prod, x-session-token=token-token-9a507770-c31e-4030-9f87-6c373ddfe871, x-forwarded-for=10.222.150.31, content-type=application/json; charset=utf-8, connection=close}
I/System.out( 9201): params: {json={"command":"touch_coordinate","arguments":[683.0,777.0]}
I/System.out( 9201): }
I/System.out( 9201): ProP json = {"command":"touch_coordinate","arguments":[683.0,777.0]}
I/System.out( 9201): files: {}
I/System.out( 9201): command: {"command":"touch_coordinate","arguments":[683.0,777.0]}
I/InstrumentationBackend( 9201): Got command:'Command:'Line:null,touch_coordinate', arguments:'[683.0, 777.0]'
D/audio_hw_primary(  515): out_set_parameters: enter: usecase(1: low-latency-playback) kvpairs: routing=2
D/audio_hw_primary(  515): select_devices: out_snd_device(2: speaker) in_snd_device(0: none)
D/msm8974_platform(  515): platform_send_audio_calibration: sending audio calibration for snd_device(2) acdb_id(15)
I/soundtrigger(  515): audio_extn_sound_trigger_update_device_status: device 0x2 of type 0 for Event 1
D/Mono    ( 9201): Assembly Ref addref CareerBuilder_Search.Droid[0xebcd1f00] -> Xamarin.Android.Support.v7.CardView[0xebcd2980]: 2
D/audio_hw_primary(  515): enable_snd_device: snd_device(2: speaker)
I/calabash( 9201): execStartActivity 4
I/ActivityManager(  928): START u0 {cmp=com.careerbuilder.SugarDrone/md5a4824aa66c0dc4d104077b72c1916a44.JobDisplayPageActivity (has extras)} from uid 17803 on display 0
D/audio_hw_primary(  515): enable_audio_route: apply and update mixer path: low-latency-playback speaker
I/calabash( 9201): newActivity1
I/WebViewFactory( 9201): Loading com.google.android.webview version 44.0.2403.117 (code 246011750)
W/System  ( 9201): ClassLoader referenced unknown path: /system/app/WebViewGoogle/lib/arm
I/System.out( 9201): result:{"bonusInformation":[],"message":"","success":true}
I/LibraryLoader( 9201): Time to load native libraries: 50 ms (timestamps 8418-8468)
I/LibraryLoader( 9201): Expected native library version number "",actual native library version number ""
V/WebViewChromiumFactoryProvider( 9201): Binding Chromium to main looper Looper (main, tid 1) {427ed1c}
I/LibraryLoader( 9201): Expected native library version number "",actual native library version number ""
I/chromium( 9201): [INFO:library_loader_hooks.cc(120)] Chromium logging enabled: level = 0, default verbosity = 0
I/BrowserStartupController( 9201): Initializing chromium process, singleProcess=true
W/art     ( 9201): Attempt to remove non-JNI local reference, dumping thread
E/SysUtils( 9201): ApplicationContext is null in ApplicationStatus
W/chromium( 9201): [WARNING:resource_bundle.cc(285)] locale_file_path.empty()
E/libEGL  ( 9201): validate_display:255 error 3008 (EGL_BAD_DISPLAY)
E/libEGL  ( 9201): validate_display:255 error 3008 (EGL_BAD_DISPLAY)
W/AudioManagerAndroid( 9201): Requires BLUETOOTH permission
D/Mono    ( 9201): Unloading image System.Runtime.Extensions.dll [0xd9b53700].
D/Mono    ( 9201): Image addref System.Runtime.Extensions[0xef4be800] -> System.Runtime.Extensions.dll[0xda082500]: 8
D/Mono    ( 9201): Config attempting to parse: 'System.Runtime.Extensions.dll.config'.
D/Mono    ( 9201): Config attempting to parse: '/Users/builder/data/lanes/4009/f3074d2c/source/monodroid/builds/install/mono-armv6/etc/mono/assemblies/System.Runtime.Extensions/System.Runtime.Extensions.config'.
D/Mono    ( 9201): Assembly Ref addref CareerBuilder_Search[0xebcd2da0] -> System.Runtime.Extensions[0xdaf7c5a0]: 6
I/mono-stdout( 9201): uri is: https://api.careerbuilder.com/v3/job?DID=job1&outputjson=true&ShowApplyRequirements=true&DeveloperKey=WDHR8FC6P2JZ1Y61KLM5
I/mono-stdout( 9201): making api call to: /v3/job?DID=job1&outputjson=true&ShowApplyRequirements=true&DeveloperKey=WDHR8FC6P2JZ1Y61KLM5
I/System.out( 9201): URI: /map
I/System.out( 9201): params: {json={"query":"* marked:'www.google.com'","operation":{"method_name":"query","arguments":[]}}
I/System.out( 9201): }
I/mono-stdout( 9201): uri is: https://api.careerbuilder.com/consumer/saved-jobs/?DeveloperKey=WDHR8FC6P2JZ1Y61KLM5
I/mono-stdout( 9201): making api call to: /consumer/saved-jobs/?DeveloperKey=WDHR8FC6P2JZ1Y61KLM5
I/mono-stdout( 9201): Method: GET, RequestUri: 'https://api.careerbuilder.com/consumer/saved-jobs/?DeveloperKey=WDHR8FC6P2JZ1Y61KLM5', Version: 1.1, Content: <null>, Headers:

I/mono-stdout( 9201): {

I/mono-stdout( 9201): DeveloperKey: WDHR8FC6P2JZ1Y61KLM5

I/mono-stdout( 9201): Accept: application/json

I/mono-stdout( 9201): Authorization: Bearer test

I/mono-stdout( 9201): HostSite: US

I/mono-stdout( 9201): }
I/mono-stdout( 9201): Current State = 1,2,6,7
I/mono-stdout( 9201): applied jobs = 6
I/mono-stdout( 9201): expired jobs = 7
I/mono-stdout( 9201): saved jobs = Saved,Saved,Applied,Saved
I/ActivityManager(  928): Displayed com.careerbuilder.SugarDrone/md5a4824aa66c0dc4d104077b72c1916a44.JobDisplayPageActivity: +338ms
I/Keyboard.Facilitator( 3427): onFinishInput()
D/OpenGLRenderer( 9201): endAllStagingAnimators on 0xd9bf3c80 (CardView) with handle 0xd4e4bbc0
W/ResourceType( 9201): No known package when getting name for resource number 0xffffffff
W/ResourceType( 9201): No known package when getting name for resource number 0xffffffff
W/ResourceType( 9201): No known package when getting name for resource number 0xffffffff
W/ResourceType( 9201): No known package when getting name for resource number 0xffffffff
W/ResourceType( 9201): No known package when getting name for resource number 0xffffffff
W/ResourceType( 9201): No known package when getting name for resource number 0xffffffff
W/ResourceType( 9201): No known package when getting name for resource number 0xffffffff
W/ResourceType( 9201): No known package when getting name for resource number 0xffffffff
W/ResourceType( 9201): No known package when getting name for resource number 0xffffffff
W/ResourceType( 9201): No known package when getting name for resource number 0xffffffff
W/ResourceType( 9201): No known package when getting name for resource number 0xffffffff
W/ResourceType( 9201): No known package when getting name for resource number 0xffffffff
W/ResourceType( 9201): No known package when getting name for resource number 0xffffffff
W/ResourceType( 9201): No known package when getting name for resource number 0xffffffff
W/ResourceType( 9201): No known package when getting name for resource number 0xffffffff
W/ResourceType( 9201): No known package when getting name for resource number 0xffffffff
W/ResourceType( 9201): No known package when getting name for resource number 0xffffffff
W/ResourceType( 9201): No known package when getting name for resource number 0xffffffff
W/ResourceType( 9201): No known package when getting name for resource number 0xffffffff
W/ResourceType( 9201): No known package when getting name for resource number 0xffffffff
W/ResourceType( 9201): No known package when getting name for resource number 0xffffffff
W/ResourceType( 9201): No known package when getting name for resource number 0xffffffff
W/ResourceType( 9201): No known package when getting name for resource number 0xffffffff
W/ResourceType( 9201): No known package when getting name for resource number 0xffffffff
W/ResourceType( 9201): No known package when getting name for resource number 0xffffffff
W/ResourceType( 9201): No known package when getting name for resource number 0xffffffff
W/ResourceType( 9201): No known package when getting name for resource number 0xffffffff
W/ResourceType( 9201): No known package when getting name for resource number 0xffffffff
W/ResourceType( 9201): No known package when getting name for resource number 0xffffffff
W/ResourceType( 9201): No known package when getting name for resource number 0xffffffff
W/ResourceType( 9201): No known package when getting name for resource number 0xffffffff
W/ResourceType( 9201): No known package when getting name for resource number 0xffffffff
W/ResourceType( 9201): No known package when getting name for resource number 0xffffffff
W/ResourceType( 9201): No known package when getting name for resource number 0xffffffff
W/ResourceType( 9201): No known package when getting name for resource number 0xffffffff
W/ResourceType( 9201): No known package when getting name for resource number 0xffffffff
W/ResourceType( 9201): No known package when getting name for resource number 0xffffffff
W/ResourceType( 9201): No known package when getting name for resource number 0xffffffff
W/ResourceType( 9201): No known package when getting name for resource number 0xffffffff
W/ResourceType( 9201): No known package when getting name for resource number 0xffffffff
W/ResourceType( 9201): No known package when getting name for resource number 0xffffffff
W/ResourceType( 9201): No known package when getting name for resource number 0xffffffff
W/ResourceType( 9201): No known package when getting name for resource number 0xffffffff
W/ResourceType( 9201): No known package when getting name for resource number 0xffffffff
W/ResourceType( 9201): No known package when getting name for resource number 0xffffffff
W/ResourceType( 9201): No known package when getting name for resource number 0xffffffff
W/ResourceType( 9201): No known package when getting name for resource number 0xffffffff
W/ResourceType( 9201): No known package when getting name for resource number 0xffffffff
W/ResourceType( 9201): No known package when getting name for resource number 0xffffffff
W/ResourceType( 9201): No known package when getting name for resource number 0xffffffff
W/ResourceType( 9201): No known package when getting name for resource number 0xffffffff
W/ResourceType( 9201): No known package when getting name for resource number 0xffffffff
W/ResourceType( 9201): No known package when getting name for resource number 0xffffffff
W/ResourceType( 9201): No known package when getting name for resource number 0xffffffff
W/ResourceType( 9201): No known package when getting name for resource number 0xffffffff
W/ResourceType( 9201): No known package when getting name for resource number 0xffffffff
W/ResourceType( 9201): No known package when getting name for resource number 0xffffffff
W/ResourceType( 9201): No known package when getting name for resource number 0xffffffff
W/ResourceType( 9201): No known package when getting name for resource number 0xffffffff
W/ResourceType( 9201): No known package when getting name for resource number 0xffffffff
W/ResourceType( 9201): No known package when getting name for resource number 0xffffffff
W/ResourceType( 9201): No known package when getting name for resource number 0xffffffff
W/ResourceType( 9201): No known package when getting name for resource number 0xffffffff
W/ResourceType( 9201): No known package when getting name for resource number 0xffffffff
W/ResourceType( 9201): No known package when getting name for resource number 0xffffffff
W/ResourceType( 9201): No known package when getting name for resource number 0xffffffff
W/ResourceType( 9201): No known package when getting name for resource number 0xffffffff
