I/ActivityManager(  927): START u0 {cmp=com.careerbuilder.SugarDrone/md5a4824aa66c0dc4d104077b72c1916a44.JobDisplayPageActivity (has extras)} from uid 14333 on display 0
I/calabash(10254): newActivity1
I/WebViewFactory(10254): Loading com.google.android.webview version 44.0.2403.117 (code 246011750)
I/System.out(10254): result:{"bonusInformation":[],"message":"","success":true}
W/System  (10254): ClassLoader referenced unknown path: /system/app/WebViewGoogle/lib/arm
I/LibraryLoader(10254): Time to load native libraries: 63 ms (timestamps 5747-5810)
I/LibraryLoader(10254): Expected native library version number "",actual native library version number ""
I/System.out(10254): URI: /map
I/System.out(10254): params: {json={"query":"* marked:'contactCard'","operation":{"method_name":"query","arguments":[]}}
I/System.out(10254): }
V/WebViewChromiumFactoryProvider(10254): Binding Chromium to main looper Looper (main, tid 1) {f957ac3}
I/LibraryLoader(10254): Expected native library version number "",actual native library version number ""
I/chromium(10254): [INFO:library_loader_hooks.cc(120)] Chromium logging enabled: level = 0, default verbosity = 0
I/BrowserStartupController(10254): Initializing chromium process, singleProcess=true
W/art     (10254): Attempt to remove non-JNI local reference, dumping thread
E/SysUtils(10254): ApplicationContext is null in ApplicationStatus
W/chromium(10254): [WARNING:resource_bundle.cc(285)] locale_file_path.empty()
E/libEGL  (10254): validate_display:255 error 3008 (EGL_BAD_DISPLAY)
E/libEGL  (10254): validate_display:255 error 3008 (EGL_BAD_DISPLAY)
W/AudioManagerAndroid(10254): Requires BLUETOOTH permission
D/Mono    (10254): Unloading image System.Runtime.Extensions.dll [0xd9011e00].
D/Mono    (10254): Image addref System.Runtime.Extensions[0xd688b000] -> System.Runtime.Extensions.dll[0xd9c1fd00]: 8
D/Mono    (10254): Config attempting to parse: 'System.Runtime.Extensions.dll.config'.
D/Mono    (10254): Config attempting to parse: '/Users/builder/data/lanes/4009/f3074d2c/source/monodroid/builds/install/mono-armv6/etc/mono/assemblies/System.Runtime.Extensions/System.Runtime.Extensions.config'.
D/Mono    (10254): Assembly Ref addref CareerBuilder_Search[0xeb96df20] -> System.Runtime.Extensions[0xef2d8b40]: 6
I/mono-stdout(10254): uri is: https://api.careerbuilder.com/v3/job?DID=job2&outputjson=true&ShowApplyRequirements=true&DeveloperKey=WDHR8FC6P2JZ1Y61KLM5
I/mono-stdout(10254): making api call to: /v3/job?DID=job2&outputjson=true&ShowApplyRequirements=true&DeveloperKey=WDHR8FC6P2JZ1Y61KLM5
D/audio_hw_primary(  511): disable_audio_route: reset and update mixer path: low-latency-playback speaker
D/audio_hw_primary(  511): disable_snd_device: snd_device(2: speaker)
I/soundtrigger(  511): audio_extn_sound_trigger_update_device_status: device 0x2 of type 0 for Event 0
I/mono-stdout(10254): uri is: https://api.careerbuilder.com/consumer/saved-jobs/?DeveloperKey=WDHR8FC6P2JZ1Y61KLM5
I/mono-stdout(10254): making api call to: /consumer/saved-jobs/?DeveloperKey=WDHR8FC6P2JZ1Y61KLM5
I/mono-stdout(10254): Method: GET, RequestUri: 'https://api.careerbuilder.com/consumer/saved-jobs/?DeveloperKey=WDHR8FC6P2JZ1Y61KLM5', Version: 1.1, Content: <null>, Headers:

I/mono-stdout(10254): {

I/mono-stdout(10254): DeveloperKey: WDHR8FC6P2JZ1Y61KLM5

I/mono-stdout(10254): Accept: application/json

I/mono-stdout(10254): Authorization: Bearer test

I/mono-stdout(10254): HostSite: US

I/mono-stdout(10254): }
I/mono-stdout(10254): Current State = 1,2,6,7
I/mono-stdout(10254): applied jobs = 6
I/mono-stdout(10254): expired jobs = 7
I/mono-stdout(10254): saved jobs = Saved,Saved,Applied,Saved
I/art     (10254): Starting a blocking GC Explicit
I/ActivityManager(  927): Displayed com.careerbuilder.SugarDrone/md5a4824aa66c0dc4d104077b72c1916a44.JobDisplayPageActivity: +645ms
W/ResourceType(10254): No known package when getting name for resource number 0xffffffff
W/ResourceType(10254): No known package when getting name for resource number 0xffffffff
W/ResourceType(10254): No known package when getting name for resource number 0xffffffff
W/ResourceType(10254): No known package when getting name for resource number 0xffffffff
W/ResourceType(10254): No known package when getting name for resource number 0xffffffff
W/ResourceType(10254): No known package when getting name for resource number 0xffffffff
W/ResourceType(10254): No known package when getting name for resource number 0xffffffff
W/ResourceType(10254): No known package when getting name for resource number 0xffffffff
I/Keyboard.Facilitator( 3428): onFinishInput()
W/ResourceType(10254): No known package when getting name for resource number 0xffffffff
W/ResourceType(10254): No known package when getting name for resource number 0xffffffff
W/ResourceType(10254): No known package when getting name for resource number 0xffffffff
W/ResourceType(10254): No known package when getting name for resource number 0xffffffff
W/ResourceType(10254): No known package when getting name for resource number 0xffffffff
W/ResourceType(10254): No known package when getting name for resource number 0xffffffff
W/ResourceType(10254): No known package when getting name for resource number 0xffffffff
W/ResourceType(10254): No known package when getting name for resource number 0xffffffff
W/ResourceType(10254): No known package when getting name for resource number 0xffffffff
I/art     (10254): Explicit concurrent mark sweep GC freed 9953(589KB) AllocSpace objects, 1(20KB) LOS objects, 28% free, 39MB/55MB, paused 1.105ms total 77.621ms
W/ResourceType(10254): No known package when getting name for resource number 0xffffffff
W/ResourceType(10254): No known package when getting name for resource number 0xffffffff
I/art     (10254): Starting a blocking GC Explicit
W/ResourceType(10254): No known package when getting name for resource number 0xffffffff
W/ResourceType(10254): No known package when getting name for resource number 0xffffffff
W/ResourceType(10254): No known package when getting name for resource number 0xffffffff
W/ResourceType(10254): No known package when getting name for resource number 0xffffffff
W/ResourceType(10254): No known package when getting name for resource number 0xffffffff
W/ResourceType(10254): No known package when getting name for resource number 0xffffffff
W/ResourceType(10254): No known package when getting name for resource number 0xffffffff
W/ResourceType(10254): No known package when getting name for resource number 0xffffffff
W/ResourceType(10254): No known package when getting name for resource number 0xffffffff
I/art     (10254): Explicit concurrent mark sweep GC freed 2937(136KB) AllocSpace objects, 0(0B) LOS objects, 28% free, 39MB/55MB, paused 978us total 56.784ms
W/ResourceType(10254): No known package when getting name for resource number 0xffffffff
W/ResourceType(10254): No known package when getting name for resource number 0xffffffff
W/ResourceType(10254): No known package when getting name for resource number 0xffffffff
W/ResourceType(10254): No known package when getting name for resource number 0xffffffff
W/ResourceType(10254): No known package when getting name for resource number 0xffffffff
I/art     (10254): Starting a blocking GC Explicit
W/ResourceType(10254): No known package when getting name for resource number 0xffffffff
W/ResourceType(10254): No known package when getting name for resource number 0xffffffff
W/ResourceType(10254): No known package when getting name for resource number 0xffffffff
W/ResourceType(10254): No known package when getting name for resource number 0xffffffff
W/ResourceType(10254): No known package when getting name for resource number 0xffffffff
W/ResourceType(10254): No known package when getting name for resource number 0xffffffff
W/ResourceType(10254): No known package when getting name for resource number 0xffffffff
W/ResourceType(10254): No known package when getting name for resource number 0xffffffff
W/ResourceType(10254): No known package when getting name for resource number 0xffffffff
I/art     (10254): Explicit concurrent mark sweep GC freed 1940(88KB) AllocSpace objects, 0(0B) LOS objects, 28% free, 39MB/55MB, paused 980us total 39.727ms
W/ResourceType(10254): No known package when getting name for resource number 0xffffffff
I/art     (10254): Starting a blocking GC Explicit
W/ResourceType(10254): No known package when getting name for resource number 0xffffffff
W/ResourceType(10254): No known package when getting name for resource number 0xffffffff
W/ResourceType(10254): No known package when getting name for resource number 0xffffffff
I/art     (10254): Explicit concurrent mark sweep GC freed 930(41KB) AllocSpace objects, 0(0B) LOS objects, 28% free, 39MB/55MB, paused 1.096ms total 34.980ms
W/ResourceType(10254): No known package when getting name for resource number 0xffffffff
W/ResourceType(10254): No known package when getting name for resource number 0xffffffff
W/ResourceType(10254): No known package when getting name for resource number 0xffffffff
I/art     (10254): Starting a blocking GC Explicit
W/ResourceType(10254): No known package when getting name for resource number 0xffffffff
I/art     (10254): Explicit concurrent mark sweep GC freed 912(41KB) AllocSpace objects, 0(0B) LOS objects, 28% free, 39MB/55MB, paused 934us total 41.982ms
W/ResourceType(10254): No known package when getting name for resource number 0xffffffff
W/ResourceType(10254): No known package when getting name for resource number 0xffffffff
W/ResourceType(10254): No known package when getting name for resource number 0xffffffff
W/ResourceType(10254): No known package when getting name for resource number 0xffffffff
W/ResourceType(10254): No known package when getting name for resource number 0xffffffff
W/ResourceType(10254): No known package when getting name for resource number 0xffffffff
W/ResourceType(10254): No known package when getting name for resource number 0xffffffff
W/ResourceType(10254): No known package when getting name for resource number 0xffffffff
W/ResourceType(10254): No known package when getting name for resource number 0xffffffff
W/ResourceType(10254): No known package when getting name for resource number 0xffffffff
W/ResourceType(10254): No known package when getting name for resource number 0xffffffff
W/ResourceType(10254): No known package when getting name for resource number 0xffffffff
W/ResourceType(10254): No known package when getting name for resource number 0xffffffff
W/ResourceType(10254): No known package when getting name for resource number 0xffffffff
W/ResourceType(10254): No known package when getting name for resource number 0xffffffff
W/ResourceType(10254): No known package when getting name for resource number 0xffffffff
D/OpenGLRenderer(10254): endAllStagingAnimators on 0xd90dd300 (CardView) with handle 0xd699eb60
I/mono-stdout(10254): done making call to: /consumer/saved-jobs/?DeveloperKey=WDHR8FC6P2JZ1Y61KLM5
I/mono-stdout(10254): done making call to: /v3/job?DID=job2&outputjson=true&ShowApplyRequirements=true&DeveloperKey=WDHR8FC6P2JZ1Y61KLM5
W/google-breakpad(10656): -----BEGIN BREAKPAD MICRODUMP-----
W/google-breakpad(10656): O A arm 08 armv8l 3.10.73-g9741316 #1 SMP PREEMPT Thu Nov 5 02:17:00 UTC 2015
W/google-breakpad(10656): S 0 DA2F0F38 DA2F0000 00002000
W/google-breakpad(10656): S DA2F0000 64B4B7E000400000385B39D8DA040002DA04000240AC0BEDE03C19D848859AE0DA04000240AC0BED5AAD0BEDDA040000C0002FDA081F96E0000000000C00000088B989D600A9004000000000E03C19D800A90BEDDA04000288B989D6D8F332DD00000000EDCD32DD98002FDAE02597E0D8F332DD00000000DA040000004BBBEADA040000004BBBEA00A90BED88B989D6D8F332DDEDCD32DDE8042FDA3C3297E000000000E03C19D800A90BEDDA04000288B989D6D8F332DD00000000EDCD32DD78A9BDF0E02597E0D8F332DD00000000945518F77B7016F7DA040000004BBBEA00A90BED88B989D6D8F332DDEDCD32DD40052FDA3C3297E0005325F547B616F700000000000000009C000000D15E16F748BEBDDA0040000078A9BDF0DA040002DA04000240AC0BED04000000F85625F504000000A05725F504000000A05725F56020B3DAD9A315F7201919F76020B3DA030000006020B3DA404BA2DA0020B3DA945518F7484BA2DA2000000003000000005325F547B616F700000000B06B85D6
W/google-breakpad(10656): S DA2F0180 4820B3DA40928ED60300000010000000000000002000000064B4B7E000400000484BA2DAB06B85D60020B3DA000000000C2319F7404BA2DA945518F7484BA2DAB06B85D67F7616F700200000D15E16F700000000A06B85D600200000CA07000260B989D610000000000000000DF432DD64B4B7E040000000B06B85D640928ED6FBA891DF00000000484BA2DAA06B85D60020B3DA906B85D60C2319F7404BA2DA945518F7484BA2DAA06B85D67F7616F740928ED6003A19D800000000F4E09CD998022FDAEC799AE000200000B8000000487DB6E00200000068B00BED05000000BD010000AC3B19D8003A19D8906B85D6103C19D8003A19D840928ED630B18AD80000000030B18AD898022FDA6457ADE02C3C19D830B18AD890042FDAC8E787E0684ED9D8A02C85E000000000302C04EF10032FDA40042FDA0100000040042FDAB8998BD600000000F0E993D6282C04EF385B39D8282C04EF00032FDA10379DE060FDC3DE40042FDAF4E09CD90000000001000000ECE09CD90000000000000000
W/google-breakpad(10656): S DA2F0300 FF35AEE0FAA891DF000000001736AEE096B2B7E00000000040928ED6DA35AEE001000000103C19D840928ED6F0E0004018E09CD9604ED9D830B18AD8E0FAFFFF88300000000CC2D900EC89D6FEF632DD000CC2D90000000030042FDA99F214F7E0FAFFFF883000000000000028B295E0303A19D801000000000000000000000000000000B04CD9D848E39CD9FBA891DF30B18AD800000000DA35AEE000000000AC3B19D8F0E09CD9FAA891DF206E87D600000000F83BD9D810042FDA002D94E05A10C2D90C82B7E00C82B7E00C82B7E0000000000C00000000EC89D6000C0040000000000100000000000000F4C98EE0004BBBEA000CC2D900EC89D6FEF632DD1CE7ACE010D3A6D8FEF632DD9C1EADAD9C1EADAD00000000004BBBEA000CC2D900EC89D6FEF632DD000000000DF432DD80082FDAC43097E0E03C19D87C4CD9D8D84ED9D800002000000000009C0200006D01000005000000385B39D8003A19D868B00BED784CD9D830B18AD8684DD9D890042FDA14D884E0003A19D8F8E39CD9
W/google-breakpad(10656): S DA2F0480 003A19D8204ED9D8904BD9D8684DD9D840052FDAEC0485E0784CD9D8904BD9D85A00000000000000F0042FDA1008024000000000DCA891DFE6A891DF10000000484BA2DA906B85D60020B3DA806B85D60C2319F7404BA2DA945518F7484BA2DA906B85D67F7616F720928ED6003A19D800000000944BD9D850052FDAEC799AE0D1C3F6FF003A19D8487DB6E002000000A8EA97D608000000003A19D801000000D86D87D6806B85D6103C19D8003A19D820928ED6084789D802000000084789D850052FDA6457ADE02C3C19D8084789D848072FDAC8E787E0E848D9D8A02C85E000000000302C04EFC8052FDAF8062FDA0000000000000000000000000000000000000000280000000100000000000000000000000100000001000000944BD9D830B18AD800000000010000008C4BD9D80000000000000000FF35AEE0EBA891DF000000001736AEE0010000000200000020928ED6DA35AEE001000000103C19D8945518F77B7016F7104AD9D8E048D9D8084789D80100000000A90BED58052FDA
W/google-breakpad(10656): S DA2F0600 E03C19D8000000002C3C19D80000000000000000003A19D8E047D9D8000000000100000000000000303A19D8010000000000000000000000000000002847D9D808000000D15E16F7084789D8000000000800000000000000AC3B19D8904BD9D80000000018EA97D610BABDDA00A90BED00000000080000000000080000A90BEDD8062FDA2000000000000000E06B85D600000000C0918ED604000000100000003020B3DA20000000201919F73020B3DA484BA2DAE06B85D60020B3DA000000000C2319F7404BA2DA945518F7484BA2DA01000000A30000040000000000000000C0082FDA40AF69EB18072FDA2845ACE00C0000001790B6113003BAF301000000004BBBEA000000000C000000D15E16F70020B3DA0000000010000000406A85D60020B3DA106C85D60C2319F7404BA2DA945518F7484BA2DA406A85D67F7616F7C0918ED6003A19D8000000005C4DD9D8A8072FDAEC799AE068072FDA78F690E0087EB6E00E000000F8E997D600000000607092D6003A19D8C0918ED6106C85D6
W/google-breakpad(10656): S DA2F0780 103C19D80C000000F82D6BEB18082AD700000000A08046D90000000073180000B0072FDA1C09ADE05CD6ACE073180000E0072FDAC4D7ACE018082AD7C07B57EF0B0000004501000018082AD7A08046D94B000000E0FAFFFF4501000018082AD7A08046D9A09B9DE0F82D6BEB00082AD745010000603809ED47082FDA1084011B001001100114071808180D2C0D300D340D3C123C123C13C00014CC0019D00019D40019D80019E0001EE0001EE0001FE40020F00025F40025F80025FC002584012A84012B840100D8D81516D901000000004BBBEAB0072FDAE03C19D8000000002C3C19D80000000000000000003A19D8F848D9D8000000000100000000000000303A19D8010000000000000000000000000000004048D9D8C04ED9D89AFD30DD30ADBEF018000000B8E595EB0000000000000000C4E595EBC8082FDA78F690E000000000004194D720092FDA002D94E0C0000000D15E16F70C82B7E00C82B7E0C00000000C82B7E00C82B7E0C4E595EB0000000038E19CD9484BA2DA804294D7
W/google-breakpad(10656): S DA2F0900 0020B3DAC04194D70C2319F7404BA2DA945518F7484BA2DA804294D77F7616F770092FDA684794E000000000010000000C82B7E0402369EBA43BB9E00C82B7E0C0E09CD9C000000001000000C0000000810100006831D9D8C89DB7E0C04194D720000000FFFF000000000000003A19D800000000C04194D7500C2FDAACAE89E0106C85D63020B3DA04000000005325F50400000000000000783DAEE030FFB0E0140A2FDA7B3CAEE0E33BAEE0A707AEE07B3CAEE01809B1E0713CAEE0003A19D8C03B94D7480D2FDAC04194D730FFB0E0A8E99CD90000000018300000D15E16F7FFFFFFFF0000000000380000A9FFB0E000040000D15E16F7004194D73000000000040000AC3B19D840E29CD97F7616F7FFFFFFFFFFFFFFFFFFFFFFFF000000000000000018FA9CD94000000001000000680A2FDA18FA9CD9280258D9FFFFFFFF1407A4D801000000B808D8D838FB9CD903000000003A19D80000000003000000150000000839D9D8980A2FDA34F38FE000000000F40B2FDA8034D9D801000000
W/google-breakpad(10656): S DA2F0A80 00B67DD70000000000000000804294D7945518F77B7016F7945518F77B7016F715000000F40B2FDA0839D9D800000000000000000C36D9D80100000000000000141CB1E0141CB1E0141CB1E0141CB1E0141CB1E0141CB1E0141CB1E0141CB1E0781CB1E0D01CB1E0D01CB1E0E00B2FDA40010000D15E16F7141CB1E0141CB1E040010000141CB1E0781CB1E0AC000000010000000200000000000000206B85D60C000000D15E16F7000000001000000010000000206E87D6804294D71800000000000000404D9BD700000000C0DD62D90C82B7E0A00000000000000040000000484BA2DAC06B85D60020B3DA000000000C2319F7404BA2DA945518F7484BA2DAC06B85D67F7616F70C2319F7404BA2DA945518F710000000A0918ED60C00000078A921F518082AD700000000206B85D60000000032000000C80B2FDA1C09ADE05CD6ACE000000000C06B85D6B84D9BD7484BA2DA506C85D600DA8ED62A000000550000002B000000A48E5CD937000000400C2FDA14369AE0500C2FDAC8CC84E0
W/google-breakpad(10656): S DA2F0C00 300C2FDA10000000C07B57EFEC299AE0C07B57EF507C57EFD87F34D4C07B57EF04988AD6C07B57EFD87F34D4C8E9D5D8506C85D6003A19D8C8E9D5D81D0000002C0388D6005325F5C008D8D881A615F701000000781F19F70090D9D8D022B3DA00000000005325F50100000000000000D022B3DA00000000005325F559B716F73106AEE0010000001D00000008130000B0150000E82219F70C82B7E01D0000000020B3DA800024F500000000484BA2DA007001DC01000000484BA2DA204C89D60020B3DA98BB98D90C2319F7404BA2DA945518F7484BA2DA484BA2DA98BB98D90020B3DA003A19D8484BA2DA003A19D80020B3DA18082AD70C2319F7404BA2DA945518F72C0D2FDAC07B57EF507E34D4220000000B0000000B000000BC9314D9809314D9E806DBD7500D2FDA482D9AE000988AD6010000003003BAF3E806DBD7990000002A0000002A000000B8DA8ED600DA8ED6308E5CD9800D2FDA482D9AE000988AD6010000003003BAF3308E5CD9903CB9E00000000000000000C07B57EF
W/google-breakpad(10656): S DA2F0D80 A80D2FDA302B9AE040B021D900000000C07B57EF00000000E806DBD700000000000341EF2C8E5CD9308E5CD9D87F34D4E806DBD700000000E806DBD700000000D00D2FDA884D95E0308E5CD9602268D9300E2FDAE806DBD7188E5CD900000000F00D2FDA884D95E0388B5CD90000000000000000300F2FDA00000000308E5CD9280E2FDA302B9AE00000000000000000E806DBD7400E2FDA40B021D9308E5CD9400E2FDAE806DBD7308E5CD9300F2FDA900E2FDAB86B90E000000000400E2FDA00000000188E5CD9388B5CD9500F2FDAB00E2FDAB86B90E000000000600E2FDA00000000C07B57EF900E2FDA0000000000000000B00F2FDA980E2FDA40B021D9980E2FDA1C859FE0900E2FDA4C478BE0880F2FDA8400BDF30027FCF30804FFF340B021D9680F2FDA308E5CD9880F2FDA880F2FDA8400BDF30027FCF30804FFF318082AD7880F2FDA388B5CD9880F2FDAC07B57EF000000000000000018102FDA0000000024855CD914815CD9607C34D40000000000000000180F2FDA00082AD7
W/google-breakpad(10656): S DA2F0F00 180F2FDA1C859FE0100F2FDA4C478BE0E80F2FDA8400BDF30027FCF30804FFF300082AD7E80F2FDA60875CD9E80F2FDA4813DADB98E4EDDBF8FFFFFF30192FDAB0C140EF88EDDEDB4813DADB98E4EDDB089EADDAE0FAFFFFE4172FDA98E4EDDB089EADDA308E5CD928EDDEDB00000000089EADDAE0FAFFFF28EDDEDB00000000089EADDA388B5CD9804C89D60000000024855CD9A8102FDA00000000000000006F03000000000000089EADDAF8A633EF50102FDA6F030000E80F2FDA30192FDAB0C140EF88EDDEDB50102FDA4813DADB98E4EDDBE0FAFFFF00000000089EADDAE80F2FDA60875CD9000000000000000000000000B0C140EF0000000000000000000000000000000028102FDAE0042AD728102FDA98E4EDDB00000000000000009090DFDB000000000000000000000000000000000000000060102FDA50102FDAE4172FDA089EADDAA8102FDA24855CD998E4EDDB00000000000000009090DFDB000000000000000000000000FFFFFFFF00000000000000000000000000000000
W/google-breakpad(10656): S DA2F1080 9090DFDB98E4EDDB60102FDA0000000064102FDA0000000060102FDA00000000089EADDA14815CD900000000000000006F030000D8102FDA089EADDAF8A633EF58112FDA00000000F8102FDA30192FDA58112FDA88EDDEDB28EDDEDB58112FDA089EADDA9090DFDBC0EDDEDB089EADDAF8102FDA8C795CD9000000000000000000000000B0C140EF000000000000000000000000000000007AA0B7E0302B9AE060112FDA28EDDEDB9090DFDB000000000000000000000000000000000000000060112FDA58112FDAE4172FDA089EADDAD0112FDAE4755CD928EDDEDB9090DFDB000000000000000000000000FFFFFFFF000000000000000000000000000000009090DFDB28EDDEDB60112FDA0000000064112FDA0000000060112FDA00000000089EADDA88984DD8C0EDDEDBC0EDDEDB88EDDEDBC0EDDEDB089EADDAC0EDDEDB8058CFDBC0EDDEDB089EADDAD07FE1D70000000000000000A872E1D760122FDAF8122FDAD8C446D9FDFFFFFFCCC446D9E0FAFFFFB4FA37EF58122FDA248590E0
W/google-breakpad(10656): S DA2F1200 CCC446D908122FDA6F03000080F737EF089EADDAC0EDDEDB00000000089EADDA40122FDA687FE1D7C0EDDEDB0000000098C6C3DBC0EDDEDB089EADDAF4A333EF000000000100000000000000B0C140EF00000000000000000000000000000000000000000104FFF30000000030132FDAB4FA37EF30132FDA6F03000004000000C0EDDEDB01B333EF000000000101CFDB1E0000008058CFDB98C6C3DB089EADDAC0122FDACCA133EF98C6C3DB8058CFDBC0EDDEDB01000000089EADDA207BE1D700000000B0B033EF005676D63C132FDA6828FDF3F0208BE0000000004C9A33EF0000000000000000C0EDDEDB089EADDA30132FDA3C74E1D7C0EDDEDB00000000E9C9AFE000FEFFFF00020302000000000000000000000000089EADDAC072E1D7C0EDDEDB30132FDA089EADDAB4FA37EFA8C1C3DB57D604000176ADDAC0EDDEDB88CB82D6000100EB000000006076ADDA00000000F025A3DAA8132FDA90F937EF0000000064A1FCF380F737EF100000000000000004FA37EFE4172FDA00000000
W/google-breakpad(10656): S DA2F1380 483D95E00000000020182FDA80F737EF0000000000000000A8132FDA50F737EF00000000F0F737EF0000000000000000E0132FDA2845ACE0000000007C39F3C2000000000000000020182FDA48F737EF0000000040F85FEA80F737EF0000000030172FDA24AD84E06076ADDA0000000070B32DEFA06E22F558F85FEA20182FDAC07B57EF0000000000000000980E24717C142FDA9C1EADAD00000000B01B0000F0B428710009FFF300862DEF010010004300000014152FDA0100000028152FDA010010001F07FAF4980E2471C3260000A0170871C09E18F70500000000000000A4142FDAA8142FDA030000007820B3DAD0152FDA402213F501000000DA5092710A0000000100000028C917F50009FFF300862DEF00C01FF50009FFF343000000000043000300000000000000D505FAF454152FDA0100000000862DEF14152FDA0100000028152FDA010010001564E4F400000000C09E18F78C152FDA0000000044152FDA304416F5C09E18F71C152FDA7CDE17F5008003000020B3DA945518F7
W/google-breakpad(10656): S DA2F1500 1D00000000000000484BA2DA00000000602F14DC2DBD15F700000000000057008000000000000000000000002000000000862DEF1C000000800000001D000000484BA2DA20000000404BA2DA80182DEFC0F217F7AD6E16F71D0000000000000000000000000000000020B3DA00152FDA00000000742D13F52C2213F5402213F500005700F4152FDA0100000002000000C09E18F780192FDAC09E18F730192FDA0000000000C01FF50009FFF3884C16F5000000000000000001862DEF0009FFF300862DEF00000000F4152FDAC09E18F7C09E18F7809E18F760162FDA00000000C09E18F7C09E18F7C09E18F7809E18F700000000A4162FDAC09E18F78D8A12F7C0DFC3DB9852A8E00000000030000000001000003020B8E048162FDA0000000040162FDAC09E18F7C09E18F7809E18F7B8162FDA00000000C09E18F7C09E18F7C09E18F7809E18F700000000FC162FDAC09E18F78D8A12F7A8A36BEB9C1EADAD9CA79FDAA4162FDA00000000098C12F79CA79FDA0000000000000000183BB1D9
W/google-breakpad(10656): S DA2F1680 000000007F7616F7020000000800000000000000FFFF0000280000009C1EADAD20182FDA0000000080192FDA02000000810000009CA79FDA000000000000000000000000020000000000000002000000DC730C0055F314F7484BA2DA183BB1D90020B3DA80A79FDA0C2319F7404BA2DA945518F7484BA2DA183BB1D97F7616F7000000000C82B7E0000000009C1EADAD0000000040F85FEA00000000D8A284E000000000E4172FDAAC36000020182FDA58172FDAEC94A1E0E4172FDA4435000000000000E4172FDA0000000000000000000341EF305CA1DA70182FDAA0F59FE0E4172FDA00000000404BA2DA0020B3DA945518F70C82B7E0A43BB9E00C82B7E00C82B7E071CDAFE0D9C5AFE00C82B7E00C82B7E00C82B7E09CFE9FE00C82B7E00C82B7E00C82B7E00C82B7E00C82B7E00C82B7E04BCEAFE0C51EAFE00C82B7E00C82B7E013CEAFE00C82B7E00C82B7E0000341EF0C82B7E01062B1DA0C82B7E00C82B7E00000000018182FDA28182FDA000000005C182FDA00000000A4ED9FE0
W/google-breakpad(10656): S DA2F1800 70182FDA5702E3F428182FDA484BA2DA000000007F7616F700000000BFB3000000000000010341EF00C01FF5000000005C182FDA00000000000000000000000030192FDA00CC6BEB30192FDA7C2F14DC280341EF000341EF602F14DC30192FDA7C2F14DC280341EF00000000A4ED9FE0E0182FDA70969FE0945518F7484BA2DA0000000000000000C0182FDA01ED14F70200000080192FDA00000000A1FA14F702000000009EFCF330192FDA0000000000000000D8975EEA80192FDA0000000000000000C8975EEA602F14DCD8975EEA30192FDA3C959FE02C64E0FF00101FDA10192FDA94EEABE030192FDA78000000539317F70000000030192FDA70192FDA30192FDA7800000084CB3DF700101FDA04EDABE085E814F765E814F738192FDA65E814F7778F12F778192FDA0000000030592BDC30F903DA5F2800000E2800000000000000101FDA30091000001000000000000000000000000000000000000004EDABE0C8975EEA0000000000B034EF010000000010100078192FDA30192FDA
W/google-breakpad(10656): S DA2F1980 1600000000000000000000009C1EADAD000000000000000000000000000000000000000000000000000000000000000000000000000000000000000000000000000000000000000000000000000000000000000000000000000000000000000000000000000000000000000001000000404BA2DA00000000000000000000000000000000010000000009FFF30000000000000000000000000000000000000000000000000000000000000000000000000000000000000000000000000100000000092EEF00000000000000000000000000000000010000000004FFF3010000000804FFF3010000000004FFF301000000009EFCF30000000000000000010000004500000001000000009EFCF301000000C07B57EF01000000C07B57EF0000000000000000010000000000000001000000000341EF01000000000341EF0100000000000000000000000000000000000000000000000000000000000000000000000000000000000000000000000000000000000000000000000000000000000000
W/google-breakpad(10656): S DA2F1B00 000000000000000000000000000000000000000000000000000000000000000000000000000000000000000000000000000000000000000000000000000000000000000000000000000000000000000000000000000000000000000000000000000000000000000000000000000000000000000000000000000000000000000000000000000000000000000000000000000000000000000000000000000000000000000000000000000000000000000000000000000000000000000000000000000000000000000000000000000000000000000000000000000000000000000000000000000000000000000000000000000000000000000000000000000000000000000000000000000000000000000000000000000000000000000000000000000000000000000000000000000000000000000000000000000000000000000000000000000000000000000000000000000000000000000000000000000000000000000000000000000000000000000000000000000000000000000000000000
W/google-breakpad(10656): S DA2F1C80 000000000000000000000000000000000000000000000000000000000000000000000000000000000000000000000000000000000000000000000000000000000000000000000000000000000000000000000000000000000000000000000000000000000000000000000000000000000000000000000000000000000000000000000000000000000000000000000000000000000000000000000000000000000000000000000000000000000000000000000000000000000000000000000000000000000000000000000000000000000000000000000000000000000000000000000000000000000000000000000000000000000000000000000000000000000000000000000000000000000000000000000000000000000000000000000000000000000000000000000000000000000000000000000000000000000000000000000000000000000000000000000000000000000000000000000000000000000000000000000000000000000000000000000000646C6F70656E206661696C65
W/google-breakpad(10656): S DA2F1E00 643A206C69627261727920222F646174612F6170702F636F6D2E6361726565726275696C6465722E537567617244726F6E652D312F6C69622F61726D2F6C6962616F742D53797374656D2E436F6D706F6E656E744D6F64656C2E646C6C2E736F22206E6F7420666F756E64006F22206E6F7420666F756E64006C64732F696E7374616C6C2F6D6F6E6F2D61726D76362F6C69622F6D6F6E6F2F616F742D63616368652F61726D2F53797374656D2E436F6D706F6E656E744D6F64656C2E646C6C2E736F22206E6F7420666F756E64000000640020666F756E640000000000000000000000000000000000000000000000000000000000000000000000000000000000000000000000000000000000000000000000000000000000000000000000000000000000000000000000000000000000000000000000000000000000000000000000000000000000000000000000000000000000000000000000000000000000000000000000000000000000000000000000000000000000000000000000
W/google-breakpad(10656): S DA2F1F80 0000000000000000000000000000000000000000000000000000000000000000000000000000000000000000000000000000000000000000000000000000000000000000000000000000000000000000000000000000000000000000000000000000000000000000000000000000000000000000000000000000000000000000
W/google-breakpad(10656): C 060000400000000000000000F8FFFFFF30192FDAB0C140EF88EDDEDB4813DADB4813DADB089EADDAE0FAFFFFE4172FDA880F2FDAE806DBD7380F2FDAA00000001007DBD710000F600000000000000000000000000000000000000000000000000000000000000000000000000000000000000000000000000000000000000000000000000000000000000000000000000000000000000000000000000000000000000000000000000000000000000000000000000000000000000000000000000000000000000000000000000000000000000000000000000000000000000000000000000000000000000000000000000000000000000000000000000000000000000000000000000000000000000000000000000000000000000000000000000000000000000000000000000000000000000000000000000000000000000000000000000000000000000000000000000000000000000000000000000000000000000000000000000000000000000000
W/google-breakpad(10656): M AB268000 00000000 00005000 B11131ACAEA04730E8812A7546019DD70 app_process32
W/google-breakpad(10656): M D8902000 00000000 00006000 6C110E4E29910EB42E10D6F6540BB0DA0 libwebviewchromium_plat_support.so
W/google-breakpad(10656): M E0821000 00000000 00359000 A5DB79F75FCBC557F610019CD92408C50 libmonosgen-2.0.so
W/google-breakpad(10656): M E29A5000 03716000 01AE1000 488126E5C3908224A6BF664CC97A94320 libwebviewchromium.so
W/google-breakpad(10656): M E8DA5000 00000000 00006000 FEC9541933ACE52D7B868116F343FB2B0 libwebviewchromium_loader.so
W/google-breakpad(10656): M E8E49000 00000000 00005000 6CB98C1690A536CF6709829EEDA3C7A70 libjnigraphics.so
W/google-breakpad(10656): M E8E4E000 00000000 0000A000 59CFF69D627F008A007192B16466AFF20 libcompiler_rt.so
W/google-breakpad(10656): M E8E58000 00000000 00011000 9A97D038612E9C34781A7B2797F8DC040 libandroid.so
W/google-breakpad(10656): M E8E69000 00000000 0000A000 9FD41AAD1026C5EDC817406470FD22400 libqservice.so
W/google-breakpad(10656): M E8E73000 00000000 0000C000 54B36755664D2E98999B9CCFC164B8510 libqdutils.so
W/google-breakpad(10656): M E8E7F000 00000000 00005000 6CB97ED331F2ED33C7B85EBC9C19BDDD0 libqdMetaData.so
W/google-breakpad(10656): M E8E84000 00000000 00008000 47F8C17875F2C87E91D7EA98F2504D150 libmemalloc.so
W/google-breakpad(10656): M E8E8C000 00000000 00009000 C7194598E9A901A2A84BF14BE67228000 gralloc.msm8994.so
W/google-breakpad(10656): M E8E95000 00000000 0000C000 2A67CCECB355562E420451AD4B9811A90 eglSubDriverAndroid.so
W/google-breakpad(10656): M E8EA1000 00000000 00026000 9F49D01DD4FBB5FFCF3613150881B4500 libGLESv1_CM_adreno.so
W/google-breakpad(10656): M E8EC7000 00000000 0073D000 2076F62BFFE762262BDB09FC9D5564F90 libllvm-glnext.so
W/google-breakpad(10656): M E9615000 00000000 00495000 5E66A8AF513BAEC4DDD22A5E486CA5740 libGLESv2_adreno.so
W/google-breakpad(10656): M E9AAC000 00000000 0003D000 93AC4CD274A1E3BCEBF3CE5F949EB5780 libgsl.so
W/google-breakpad(10656): M E9AE9000 00000000 00007000 970ACFD9475F636B156547BA7CB914970 libadreno_utils.so
W/google-breakpad(10656): M E9AF2000 00000000 00012000 2E578A88F58C311E721035666D5653FF0 libEGL_adreno.so
W/google-breakpad(10656): M EB640000 00000000 0001B000 E439051B61677F9DFD3F42CE220CD6BF0 libkeymaster1.so
W/google-breakpad(10656): M EB65B000 00000000 00017000 F3F4C2846FFCEA7E1B78D3FBE0572CAD0 libsoftkeymasterdevice.so
W/google-breakpad(10656): M EB672000 00000000 0000E000 AAC8B8364869B51CC4A97DD5C714EC090 libkeystore_binder.so
W/google-breakpad(10656): M EB6C1000 00000000 0000B000 E8088E2F98915A39B7E6BB1A2AE039FC0 libkeymaster_messages.so
W/google-breakpad(10656): M EB6CC000 00000000 00006000 7124D8564C80C3094310ABA6614DAB910 libkeystore-engine.so
W/google-breakpad(10656): M EB6D2000 00000000 00018000 3CCB59EE449CD322CE049700F2B8049C0 libjavacrypto.so
W/google-breakpad(10656): M EB6EA000 00000000 00010000 A30E9C5A862E832BBFAF3B434C76D0E60 libstagefright_amrnb_common.so
W/google-breakpad(10656): M EB6FA000 00000000 0002C000 F966FB2BA53F2EA33FE2DC60D471CD690 libexif.so
W/google-breakpad(10656): M EB726000 00000000 0000D000 BAB9BA33093729141580198BE09073330 libjhead.so
W/google-breakpad(10656): M EB734000 00000000 00018000 854FF85550BC71CA99F164BBFC01DAF70 libmtp.so
W/google-breakpad(10656): M EB74C000 00000000 00048000 CD50661D5ACE524DD138D26D5DE4D2760 libmedia_jni.so
W/google-breakpad(10656): M EF331000 00000000 00006000 B3BD34962FE5C029C66D802FC7AB87920 memtrack.msm8994.so
W/google-breakpad(10656): M F0B8A000 00000000 00036000 0943706BF440F1591EF6BCFC7A4032A70 libjavacore.so
W/google-breakpad(10656): M F3BE0000 00000000 00026000 27D56D65054B7003753F260049FAA5080 libmonodroid.so
W/google-breakpad(10656): M F4D40000 00000000 0043E000 090628FEE177915F7F9AA98533485BCF0 libart.so
W/google-breakpad(10656): M F52A2000 00000000 00005000 3C93548437F51636C41BEFEC179BC4710 libsigchain.so
W/google-breakpad(10656): M F52CA000 00000000 00A5C000 DAB3693CB3D62A215B4DF68A97016FE10 libLLVM.so
W/google-breakpad(10656): M F5D2F000 00000000 00038000 40CAD887423CB4B9F2FCBD2F28DA0F9C0 libbcinfo.so
W/google-breakpad(10656): M F5D67000 00000000 0005B000 E3C922410FBE6C53FB58D9CC11445D590 libbcc.so
W/google-breakpad(10656): M F5DC2000 00000000 0000E000 0A07F40D33AB1AB4FE7F49FCEF1123210 libcommon_time_client.so
W/google-breakpad(10656): M F5DD1000 00000000 0001A000 6E54DD91A07BB3BA2B3A1101AA80A6CA0 libprotobuf-cpp-lite.so
W/google-breakpad(10656): M F5DEB000 00000000 00009000 2B5487ACE2353DD06BBCE0A5EDD1743B0 libstagefright_avc_common.so
W/google-breakpad(10656): M F5DF4000 00000000 00005000 BF77B7B0D8CB1C05D4D9E3FCCB1170B80 libstagefright_enc_common.so
W/google-breakpad(10656): M F5DF9000 00000000 00007000 64ADBA13487D816709EFE00E09533FE90 libpowermanager.so
W/google-breakpad(10656): M F5E00000 00000000 0001F000 72CCF35699CA1CC490534D0E5A15916D0 libvorbisidec.so
W/google-breakpad(10656): M F5E1F000 00000000 00007000 D691E3BDC885CAD2755A032365DBA9F60 libstagefright_yuv.so
W/google-breakpad(10656): M F5E27000 00000000 00031000 FB9D7DEA0FD7FF5CBDC2193B99563E240 libstagefright_omx.so
W/google-breakpad(10656): M F5E58000 00000000 0003B000 8BEDD672CFE24C6501C062987355048F0 libopus.so
W/google-breakpad(10656): M F5E93000 00000000 0000A000 243D48365B04A9984861FE1070F7D5EA0 libmediautils.so
W/google-breakpad(10656): M F5E9D000 00000000 0001A000 E926DAA402C222B9E7583FE91626B9910 libdrmframework.so
W/google-breakpad(10656): M F5EB7000 00000000 00021000 DDFFAC3DD86DC2CDE3524D60A3B79A770 libRScpp.so
W/google-breakpad(10656): M F5ED8000 00000000 00042000 D90EEEDFE3F8583A86C02981AA29AC740 libRS.so
W/google-breakpad(10656): M F5F1A000 00000000 00009000 B86B8D56E3DAFE2157FD5DABA96EECD80 libspeexresampler.so
W/google-breakpad(10656): M F5F23000 00000000 0000B000 2F133C88A93CB2F0DE77E2B7DE1536B00 libnbaio.so
W/google-breakpad(10656): M F5F2E000 00000000 00014000 CC12E7EDBFEC6E454AE9494ABEE9EFDA0 libpcre.so
W/google-breakpad(10656): M F5F44000 00000000 00007000 EC71E0A1B0B0C3D56D0E65A52AC0DF840 libwpa_client.so
W/google-breakpad(10656): M F5F4B000 00000000 00070000 E287C2E859528ABFED0B89978D77CF7D0 libGLES_trace.so
W/google-breakpad(10656): M F5FBB000 00000000 00060000 417F31D47E493B04948253130232ECE40 libft2.so
W/google-breakpad(10656): M F601B000 00000000 00029000 ABE88CF058C41846BB868531DE4AE9270 libpng.so
W/google-breakpad(10656): M F6044000 00000000 00005000 90A76BCD4129921E4880632A938BE52A0 libsync.so
W/google-breakpad(10656): M F6049000 00000000 00007000 5BA2119D7F6CE5C6D136A605F8A56A760 libstdc++.so
W/google-breakpad(10656): M F6050000 00000000 00012000 EFE46990D315C91EA8CE5B49CBA412590 libunwind.so
W/google-breakpad(10656): M F60A8000 00000000 0000B000 BDD7C4B3703B0E96EF1B23C1665DEDA40 libbase.so
W/google-breakpad(10656): M F60B3000 00000000 00007000 590072798B82D2C632B663BC840870A40 libeffects.so
W/google-breakpad(10656): M F60BB000 00000000 00006000 9D67808340C0D180BDA4867A48D94B2D0 libstagefright_http_support.so
W/google-breakpad(10656): M F60C1000 00000000 0001B000 663413A116109C22EE8494845825536F0 libstagefright_foundation.so
W/google-breakpad(10656): M F60DC000 00000000 0015E000 A5EE56A98E44C772CFBBAA4A6B7185880 libstagefright.so
W/google-breakpad(10656): M F623A000 00000000 0006B000 EA65315B1758C6F7ECD15D7982D1FD680 libhwui.so
W/google-breakpad(10656): M F62A5000 00000000 00005000 1C55C2519DE085BB2728F75F1C3ACAB20 libradio_metadata.so
W/google-breakpad(10656): M F62AA000 00000000 00006000 AF5858CBEC9B09943448E62C99E3FA9C0 libnativebridge.so
W/google-breakpad(10656): M F62B0000 00000000 00006000 A46E22B63BC6E7EB16DB65E6F7060EDD0 libprocessgroup.so
W/google-breakpad(10656): M F62B6000 00000000 00010000 E4A17B336766BF93D6BBE39AF38AEC620 libminikin.so
W/google-breakpad(10656): M F62C6000 00000000 0000E000 26EDA16D972D3FDC0D0364150028368F0 libsoundtrigger.so
W/google-breakpad(10656): M F62D5000 00000000 0000E000 A086A6E27F856978984805A3AFAEB7F50 libradio.so
W/google-breakpad(10656): M F62E3000 00000000 00006000 DE9A49AB4F78A68C19AB05800ED168E50 libnetd_client.so
W/google-breakpad(10656): M F62E9000 00000000 00010000 FBBC6410F14F06C0823D44428DC1900E0 libimg_utils.so
W/google-breakpad(10656): M F62F9000 00000000 00409000 F680938ABD551E5D7E41D6701CEED06F0 libpdfium.so
W/google-breakpad(10656): M F6703000 00000000 00009000 3725DB0D6CA8B7874343971EB9ED487E0 libaudioutils.so
W/google-breakpad(10656): M F670C000 00000000 0001C000 8B733D3C558331A0B76E1467AD5AA35B0 libz.so
W/google-breakpad(10656): M F6729000 00000000 0004B000 0A6EC0834FC5D471152B11EA5E634B4A0 libharfbuzz_ng.so
W/google-breakpad(10656): M F6774000 00000000 00007000 CD1C791909DD4926B8BA079AD31C4A700 libusbhost.so
W/google-breakpad(10656): M F677B000 00000000 00037000 C51C43C302671B6EE317F355493C6DAD0 libjpeg.so
W/google-breakpad(10656): M F67B3000 00000000 000AD000 B8DC39B4673BFD20555C95A00834F3E90 libmedia.so
W/google-breakpad(10656): M F6860000 00000000 00170000 AA15D547E8579895F3DDC3800384EBD20 libicui18n.so
W/google-breakpad(10656): M F69D0000 00000000 0011A000 B5A7AC2059E716204605A25A1BC628A50 libicuuc.so
W/google-breakpad(10656): M F6AEE000 00000000 00026000 2AA07E155C9E8E7BF9F2CA2B81E068620 libssl.so
W/google-breakpad(10656): M F6B14000 00000000 0009D000 723D1653E2ACC92122DED61EEE06856D0 libcrypto.so
W/google-breakpad(10656): M F6BB1000 00000000 00054000 B57AE8285AF41584C7E0DC597498D0A10 libsonivox.so
W/google-breakpad(10656): M F6C0A000 00000000 00011000 FEB82A497A5E321840DFBAB8BDD430000 libselinux.so
W/google-breakpad(10656): M F6C1B000 00000000 00008000 27D78EE89B6E79C9D6D6257953AE026C0 libhardware_legacy.so
W/google-breakpad(10656): M F6C24000 00000000 00005000 E6C2C99F72B5E5958A42FEBEB06F31170 libhardware.so
W/google-breakpad(10656): M F6C29000 00000000 00006000 C64AEDD38F51FD36501D25CD0BFDE6720 libETC1.so
W/google-breakpad(10656): M F6C2F000 00000000 0000F000 C42685E5A1F9AB31F90772E6DB8720610 libGLESv2.so
W/google-breakpad(10656): M F6C3E000 00000000 0000A000 E8739084961F72CD83CED9F365AB20590 libGLESv1_CM.so
W/google-breakpad(10656): M F6C48000 00000000 00068000 DE0DC45A2E4287CCFA86E5AE61ECC9D90 libEGL.so
W/google-breakpad(10656): M F6CB3000 00000000 00065000 93B128A79633CA0AFB09F0F89E927A090 libsqlite.so
W/google-breakpad(10656): M F6D19000 00000000 0026E000 43B0613854F666DC29EC0BA3BBB9F5F80 libskia.so
W/google-breakpad(10656): M F6F8B000 00000000 0000A000 382464CA4109AEB111F792003DC3F3550 libcamera_metadata.so
W/google-breakpad(10656): M F6F95000 00000000 0002D000 7E6E915F8253B61FF8C812F873A2DA560 libcamera_client.so
W/google-breakpad(10656): M F6FC2000 00000000 0003F000 16839353F26F89566485AD01979566880 libinputflinger.so
W/google-breakpad(10656): M F7001000 00000000 0001F000 2A72DD76A34AE82BAB02C7E8DF67A2F30 libinput.so
W/google-breakpad(10656): M F7020000 00000000 0005A000 8F0C986C217D3D2C0158FDB14E0C60670 libgui.so
W/google-breakpad(10656): M F707A000 00000000 00010000 EA05E3FC7057E2C072FF1B3027067F090 libui.so
W/google-breakpad(10656): M F708A000 00000000 00009000 214A3A38E289ED4F1F9CEE388493A7B90 libnetutils.so
W/google-breakpad(10656): M F7093000 00000000 00009000 C42A93B52E8D95A537AF1C6D3744F84B0 libnativehelper.so
W/google-breakpad(10656): M F709C000 00000000 00017000 DC0DA3BACECC3083775C728D9B8614B50 libexpat.so
W/google-breakpad(10656): M F70B3000 00000000 0002A000 21EC4C7DC288CD45D2FF5FBC1F4C56BC0 libandroidfw.so
W/google-breakpad(10656): M F70DD000 00000000 00005000 643BA116A83C0A166C61B94D49CC532A0 libmemtrack.so
W/google-breakpad(10656): M F70E2000 00000000 0000B000 8363CC7E15FC7500AB86936D968BFFE30 libbacktrace.so
W/google-breakpad(10656): M F70ED000 00000000 00022000 6D303961A1FAFDA6B15029FAC5AB18480 libm.so
W/google-breakpad(10656): M F710F000 00000000 0007A000 0F8B5F2ADE384B2AFE6CE1AF2F492B450 libc.so
W/google-breakpad(10656): M F7193000 00000000 0008E000 CDB486C99025F7F8D15E2F0F1A2F89C30 libc++.so
W/google-breakpad(10656): M F7222000 00000000 0002D000 644EA213657A15F3888273CB9AD221360 libwilhelm.so
W/google-breakpad(10656): M F724F000 00000000 000DA000 72BEC38440F152CC2C75A27D8ABDB1FA0 libandroid_runtime.so
W/google-breakpad(10656): M F732E000 00000000 0002E000 2B598DF067AB86C77B5A75C56A36665E0 libbinder.so
W/google-breakpad(10656): M F735C000 00000000 0000A000 E228CADAD40DF03451BD6187E1D8602C0 liblog.so
W/google-breakpad(10656): M F7366000 00000000 0001B000 CE0B322AF9DA5065B2550F65897133970 libutils.so
W/google-breakpad(10656): M F7381000 00000000 00011000 1A5E9ECEF29DA3D4375CD8A46575511E0 libcutils.so
W/google-breakpad(10656): M F73BD000 00000000 00020000 D8A6768FAFA6637EDC0F2D11976AF2560 linker
W/google-breakpad(10656): -----END BREAKPAD MICRODUMP-----
W/google-breakpad(10254): ### ### ### ### ### ### ### ### ### ### ### ### ###
W/google-breakpad(10254): Chrome build fingerprint:
W/google-breakpad(10254): 3.1.7
W/google-breakpad(10254): 30011
W/google-breakpad(10254): 0ac25ff3-fa94-4ee3-b183-8999384c3b93
W/google-breakpad(10254): ### ### ### ### ### ### ### ### ### ### ### ### ###
E/chromium(10254): ### WebView Version 44.0.2403.117 (code 246011750)
D/WifiStateMachine(  927): starting scan for "xtc-ag"WPA_PSK with 5240,5180,5220,5200
I/art     (10254): Starting a blocking GC Explicit
I/art     (10254): Explicit concurrent mark sweep GC freed 39699(1924KB) AllocSpace objects, 7(140KB) LOS objects, 28% free, 39MB/55MB, paused 1.075ms total 38.403ms
I/art     (10254): Starting a blocking GC Explicit
I/art     (10254): Explicit concurrent mark sweep GC freed 235(10KB) AllocSpace objects, 0(0B) LOS objects, 28% free, 39MB/55MB, paused 960us total 29.123ms
I/art     (10254): Starting a blocking GC Explicit
I/art     (10254): Explicit concurrent mark sweep GC freed 3(96B) AllocSpace objects, 0(0B) LOS objects, 28% free, 39MB/55MB, paused 978us total 29.288ms
I/art     (10254): Starting a blocking GC Explicit
I/art     (10254): Explicit concurrent mark sweep GC freed 10(720B) AllocSpace objects, 0(0B) LOS objects, 28% free, 39MB/55MB, paused 875us total 27.505ms
I/art     (10254): Starting a blocking GC Explicit
I/art     (10254): Explicit concurrent mark sweep GC freed 10(720B) AllocSpace objects, 0(0B) LOS objects, 28% free, 39MB/55MB, paused 930us total 28.393ms

]]><xtc-duration value="146.8930057"/></xtc-step><!-- name: "undefined", id: "undefined" --><![CDATA[

]]><xtc-step name="[0-1038]CareerBuilder_Search.DroidFeatureTests.JDPTests.ContactCardShouldNotVisible-0-NA-FinalScreenShot" id="[0-1038]CareerBuilder_Search.DroidFeatureTests.JDPTests.ContactCardShouldNotVisible-0-NA-FinalScreenShot"><![CDATA[
I/art     (10254): Starting a blocking GC Explicit

]]><xtc-duration value="1.4983088999999998"/></xtc-step><!-- name: "undefined", id: "undefined" --><![CDATA[
I/art     (10254): Explicit concurrent mark sweep GC freed 2095(143KB) AllocSpace objects, 1(20KB) LOS objects, 28% free, 39MB/55MB, paused 928us total 29.468ms
I/art     (10254): Starting a blocking GC Explicit
I/art     (10254): Explicit concurrent mark sweep GC freed 30(1432B) AllocSpace objects, 0(0B) LOS objects, 28% free, 39MB/55MB, paused 884us total 27.961ms
I/art     (10254): Starting a blocking GC Explicit
I/art     (10254): Explicit concurrent mark sweep GC freed 10(720B) AllocSpace objects, 0(0B) LOS objects, 28% free, 39MB/55MB, paused 980us total 27.919ms
I/art     (10254): Starting a blocking GC Explicit
I/art     (10254): Explicit concurrent mark sweep GC freed 10(720B) AllocSpace objects, 0(0B) LOS objects, 28% free, 39MB/55MB, paused 969us total 27.758ms
I/art     (10254): Starting a blocking GC Explicit
I/art     (10254): Explicit concurrent mark sweep GC freed 10(720B) AllocSpace objects, 0(0B) LOS objects, 28% free, 39MB/55MB, paused 895us total 28.744ms

]]><xtc-duration value="155.46190339999998" skip="false"/></xtc-scenario><!-- name: "undefined", id: "undefined" --><![CDATA[
I/Atfwd_Sendcmd(  535): AtCmdFwd service not ready - Exhausted retry attempts - :6
I/Atfwd_Daemon(  535): result : -1 	 ,Init step :2 	 ,qmiErrorCode: 0
W/SQLiteConnectionPool( 4343): A SQLiteConnection object for database '/data/user/0/com.google.android.gms/databases/networkstatistics.sqlite' was leaked!  Please fix your application to end transactions in progress properly and to close the database when it is no longer needed.
I/art     (10254): Starting a blocking GC Explicit
I/art     (10254): Explicit concurrent mark sweep GC freed 2077(142KB) AllocSpace objects, 1(20KB) LOS objects, 28% free, 39MB/55MB, paused 965us total 36.086ms
I/art     (10254): Starting a blocking GC Explicit
I/art     (10254): Explicit concurrent mark sweep GC freed 52(2096B) AllocSpace objects, 0(0B) LOS objects, 28% free, 39MB/55MB, paused 832us total 29.359ms
I/art     (10254): Starting a blocking GC Explicit
I/art     (10254): Explicit concurrent mark sweep GC freed 10(720B) AllocSpace objects, 0(0B) LOS objects, 28% free, 39MB/55MB, paused 854us total 29.046ms
I/art     (10254): Starting a blocking GC Explicit
I/art     (10254): Explicit concurrent mark sweep GC freed 10(720B) AllocSpace objects, 0(0B) LOS objects, 28% free, 39MB/55MB, paused 909us total 29.862ms
I/art     (10254): Starting a blocking GC Explicit
I/art     (10254): Explicit concurrent mark sweep GC freed 10(720B) AllocSpace objects, 0(0B) LOS objects, 28% free, 39MB/55MB, paused 860us total 29.456ms
I/ThermalEngine(  517): ACTION: GPU - Setting GPU[0] to 450000000
I/art     (10254): Starting a blocking GC Explicit
I/art     (10254): Explicit concurrent mark sweep GC freed 2077(142KB) AllocSpace objects, 1(20KB) LOS objects, 28% free, 39MB/55MB, paused 649us total 29.185ms
I/art     (10254): Starting a blocking GC Explicit
I/art     (10254): Explicit concurrent mark sweep GC freed 20(696B) AllocSpace objects, 0(0B) LOS objects, 28% free, 39MB/55MB, paused 620us total 27.155ms
I/art     (10254): Starting a blocking GC Explicit
I/art     (10254): Explicit concurrent mark sweep GC freed 10(720B) AllocSpace objects, 0(0B) LOS objects, 28% free, 39MB/55MB, paused 628us total 27.051ms
I/art     (10254): Starting a blocking GC Explicit
I/art     (10254): Explicit concurrent mark sweep GC freed 10(720B) AllocSpace objects, 0(0B) LOS objects, 28% free, 39MB/55MB, paused 643us total 27.038ms
I/art     (10254): Starting a blocking GC Explicit
I/art     (10254): Explicit concurrent mark sweep GC freed 10(720B) AllocSpace objects, 0(0B) LOS objects, 28% free, 39MB/55MB, paused 661us total 27.135ms
I/ThermalEngine(  517): ACTION: GPU - Setting GPU[0] to 510000000
W/ip      (10935): type=1400 audit(0.0:75): avc: denied { search } for name="net" dev="dm-2" ino=3440648 scontext=u:r:shell:s0 tcontext=u:object_r:net_data_file:s0 tclass=dir permissive=0
I/art     (10254): Starting a blocking GC Explicit
I/art     (10254): Explicit concurrent mark sweep GC freed 2077(142KB) AllocSpace objects, 1(20KB) LOS objects, 28% free, 39MB/55MB, paused 588us total 27.936ms
I/art     (10254): Starting a blocking GC Explicit
I/art     (10254): Explicit concurrent mark sweep GC freed 27(1328B) AllocSpace objects, 0(0B) LOS objects, 28% free, 39MB/55MB, paused 469us total 20.477ms
I/art     (10254): Starting a blocking GC Explicit
I/art     (10254): Explicit concurrent mark sweep GC freed 3(96B) AllocSpace objects, 0(0B) LOS objects, 28% free, 39MB/55MB, paused 461us total 20.074ms
I/art     (10254): Starting a blocking GC Explicit
I/art     (10254): Explicit concurrent mark sweep GC freed 10(720B) AllocSpace objects, 0(0B) LOS objects, 28% free, 39MB/55MB, paused 464us total 20.181ms
I/art     (10254): Starting a blocking GC Explicit
I/art     (10254): Explicit concurrent mark sweep GC freed 10(720B) AllocSpace objects, 0(0B) LOS objects, 28% free, 39MB/55MB, paused 456us total 20.117ms
I/ServiceManager(  535): Waiting for service AtCmdFwd...
I/ServiceManager(  535): Waiting for service AtCmdFwd...
I/ServiceManager(  535): Waiting for service AtCmdFwd...
I/ServiceManager(  535): Waiting for service AtCmdFwd...
I/art     (10254): Starting a blocking GC Explicit
I/art     (10254): Explicit concurrent mark sweep GC freed 2068(141KB) AllocSpace objects, 1(20KB) LOS objects, 28% free, 39MB/55MB, paused 443us total 25.380ms
I/art     (10254): Starting a blocking GC Explicit
I/art     (10254): Explicit concurrent mark sweep GC freed 27(1320B) AllocSpace objects, 0(0B) LOS objects, 28% free, 39MB/55MB, paused 431us total 18.465ms
I/art     (10254): Starting a blocking GC Explicit
I/art     (10254): Explicit concurrent mark sweep GC freed 9(560B) AllocSpace objects, 0(0B) LOS objects, 28% free, 39MB/55MB, paused 427us total 18.836ms
I/art     (10254): Starting a blocking GC Explicit
I/art     (10254): Explicit concurrent mark sweep GC freed 4(256B) AllocSpace objects, 0(0B) LOS objects, 28% free, 39MB/55MB, paused 498us total 19.531ms
