D/Mono    ( 9763): Config attempting to parse: '/Users/builder/data/lanes/4009/f3074d2c/source/monodroid/builds/install/mono-armv6/etc/mono/assemblies/System.Runtime/System.Runtime.config'.
D/Mono    ( 9763): Assembly Ref addref System.Reactive.Interfaces[0xea7dec80] -> System.Runtime[0xea7df040]: 8
D/Mono    ( 9763): Assembly Ref addref Akavache[0xea7de020] -> System.Reactive.Linq[0xea7dece0]: 2
D/Mono    ( 9763): Unloading image System.Runtime.dll [0xd8720100].
D/Mono    ( 9763): Image addref System.Runtime[0xef33e200] -> System.Runtime.dll[0xeb961900]: 11
D/Mono    ( 9763): Config attempting to parse: 'System.Runtime.dll.config'.
D/Mono    ( 9763): Config attempting to parse: '/Users/builder/data/lanes/4009/f3074d2c/source/monodroid/builds/install/mono-armv6/etc/mono/assemblies/System.Runtime/System.Runtime.config'.
D/Mono    ( 9763): Assembly Ref addref System.Reactive.Linq[0xea7dece0] -> System.Runtime[0xea7df040]: 9
D/Mono    ( 9763): Assembly Ref addref System.Reactive.Linq[0xea7dece0] -> System.Reactive.Interfaces[0xea7dec80]: 4
D/Mono    ( 9763): Unloading image System.Threading.Tasks.dll [0xd8720600].
D/Mono    ( 9763): Image addref System.Threading.Tasks[0xef33e200] -> System.Threading.Tasks.dll[0xd9cb7f00]: 5
D/Mono    ( 9763): Config attempting to parse: 'System.Threading.Tasks.dll.config'.
D/Mono    ( 9763): Config attempting to parse: '/Users/builder/data/lanes/4009/f3074d2c/source/monodroid/builds/install/mono-armv6/etc/mono/assemblies/System.Threading.Tasks/System.Threading.Tasks.config'.
D/Mono    ( 9763): Assembly Ref addref System.Reactive.Linq[0xea7dece0] -> System.Threading.Tasks[0xef33dfc0]: 3
D/Mono    ( 9763): Assembly Ref addref Splat[0xea7de260] -> Mono.Android[0xea7def80]: 21
D/Mono    ( 9763): Assembly Ref addref Splat[0xea7de260] -> System.Core[0xea7df580]: 9
I/AppsFlyer_3.01( 9763): AppsFlyer: first launch date: 2017-03-15_0945-1100
I/System.out( 9763): AppsFlyerLib.sendTrackingWithEvent
I/AppsFlyer_3.01-610706787( 9763): url: https://t.appsflyer.com/api/v3/androidevent?buildnumber=3.01&app_id=com.careerbuilder.SugarDrone
I/AppsFlyer_( 9763): data: device=angler&firstLaunchDate=2017-03-15_0945-1100&installDate=2017-03-15_0944-1100&sdk=23&carrier=&date1=2017-03-15_0944-1100&af_preinstalled=false&advertiserIdEnabled=true&iaecounter=0&lang_code=en&appsflyerKey=WV****************HFK5&app_version_name=3.1.7&lang=English&timepassedsincelastlaunch=0&dkh=WVGo7sxf&android_id=fe16ed78ef2e3295&advertiserId=9a4af62c-7d78-489c-a863-2bfd33974ec1&deviceType=user&af_v=adff26f8bfee6afbb12edd0f5aae61aae27d01b2&app_version_code=30011&platformextension=android_native&network=WIFI&operator=2TELL&country=US&date2=2017-03-15_0944-1100&brand=google&af_timestamp=1489610706787&uid=1489610667418-179317863728410348&isFirstCall=true&counter=1&model=Nexus+6P&product=angler
D/Mono    ( 9763): Assembly Ref addref Akavache[0xea7de020] -> Mono.Android[0xea7def80]: 22
I/AppsFlyer_3.01-610706862( 9763): url: https://t.appsflyer.com/api/v3/androidevent?buildnumber=3.01&app_id=com.careerbuilder.SugarDrone
I/AppsFlyer_( 9763): data: device=angler&firstLaunchDate=2017-03-15_0945-1100&installDate=2017-03-15_0944-1100&sdk=23&carrier=&date1=2017-03-15_0944-1100&af_preinstalled=false&advertiserIdEnabled=true&iaecounter=0&lang_code=en&appsflyerKey=WV****************HFK5&app_version_name=3.1.7&lang=English&timepassedsincelastlaunch=0&dkh=WVGo7sxf&android_id=fe16ed78ef2e3295&advertiserId=9a4af62c-7d78-489c-a863-2bfd33974ec1&deviceType=user&af_v=8d694671e05e58dfe60e9f75fcdd2778cd7b481e&app_version_code=30011&platformextension=android_native&network=WIFI&operator=2TELL&country=US&date2=2017-03-15_0944-1100&brand=google&af_timestamp=1489610706862&uid=1489610667418-179317863728410348&isFirstCall=true&counter=2&model=Nexus+6P&product=angler
D/Mono    ( 9763): Assembly Loader probing location: '/Akavache.Mac.dll'.
D/Mono    ( 9763): Assembly Loader probing location: '/Users/builder/data/lanes/4009/f3074d2c/source/monodroid/builds/install/mono-armv6/lib/Akavache.Mac.dll'.
D/Mono    ( 9763): Assembly Loader probing location: '/Akavache.Mac.exe'.
D/Mono    ( 9763): Assembly Loader probing location: '/Users/builder/data/lanes/4009/f3074d2c/source/monodroid/builds/install/mono-armv6/lib/Akavache.Mac.exe'.
D/Mono    ( 9763): Assembly Loader probing location: '/Akavache.Deprecated.dll'.
D/Mono    ( 9763): Assembly Loader probing location: '/Users/builder/data/lanes/4009/f3074d2c/source/monodroid/builds/install/mono-armv6/lib/Akavache.Deprecated.dll'.
D/Mono    ( 9763): Assembly Loader probing location: '/Akavache.Deprecated.exe'.
D/Mono    ( 9763): Assembly Loader probing location: '/Users/builder/data/lanes/4009/f3074d2c/source/monodroid/builds/install/mono-armv6/lib/Akavache.Deprecated.exe'.
D/Mono    ( 9763): Assembly Loader probing location: '/Akavache.Mobile.dll'.
D/Mono    ( 9763): Assembly Loader probing location: '/Users/builder/data/lanes/4009/f3074d2c/source/monodroid/builds/install/mono-armv6/lib/Akavache.Mobile.dll'.
D/Mono    ( 9763): Assembly Loader probing location: '/Akavache.Mobile.exe'.
D/Mono    ( 9763): Assembly Loader probing location: '/Users/builder/data/lanes/4009/f3074d2c/source/monodroid/builds/install/mono-armv6/lib/Akavache.Mobile.exe'.
D/Mono    ( 9763): Unloading image System.Runtime.dll [0xd8720b00].
D/Mono    ( 9763): Image addref System.Runtime[0xef33e0e0] -> System.Runtime.dll[0xeb961900]: 12
D/Mono    ( 9763): Config attempting to parse: 'System.Runtime.dll.config'.
D/Mono    ( 9763): Config attempting to parse: '/Users/builder/data/lanes/4009/f3074d2c/source/monodroid/builds/install/mono-armv6/etc/mono/assemblies/System.Runtime/System.Runtime.config'.
D/Mono    ( 9763): Assembly Ref addref Akavache.Sqlite3[0xea7de080] -> System.Runtime[0xea7df040]: 10
D/Mono    ( 9763): Assembly Ref addref Akavache.Sqlite3[0xea7de080] -> Akavache[0xea7de020]: 3
D/Mono    ( 9763): Unloading image Splat.dll [0xd8720b00].
D/Mono    ( 9763): Image addref Splat[0xef33e0e0] -> Splat.dll[0xea687000]: 6
D/Mono    ( 9763): Config attempting to parse: 'Splat.dll.config'.
D/Mono    ( 9763): Config attempting to parse: '/Users/builder/data/lanes/4009/f3074d2c/source/monodroid/builds/install/mono-armv6/etc/mono/assemblies/Splat/Splat.config'.
D/Mono    ( 9763): Assembly Ref addref Akavache.Sqlite3[0xea7de080] -> Splat[0xea7de260]: 3
D/Mono    ( 9763): Assembly Ref addref System.Reactive.Core[0xea7dec20] -> System.Resources.ResourceManager[0xef33d660]: 3
D/Mono    ( 9763): Unloading image System.Collections.dll [0xd8bcac00].
D/Mono    ( 9763): Image addref System.Collections[0xef33e0e0] -> System.Collections.dll[0xeb964600]: 7
D/Mono    ( 9763): Config attempting to parse: 'System.Collections.dll.config'.
D/Mono    ( 9763): Config attempting to parse: '/Users/builder/data/lanes/4009/f3074d2c/source/monodroid/builds/install/mono-armv6/etc/mono/assemblies/System.Collections/System.Collections.config'.
D/Mono    ( 9763): Assembly Ref addref System.Reactive.Core[0xea7dec20] -> System.Collections[0xea7df2e0]: 5
D/Mono    ( 9763): Assembly Ref addref System.Collections[0xea7df2e0] -> System.Core[0xea7df580]: 10
D/Mono    ( 9763): Unloading image System.Threading.dll [0xd8bcac00].
D/Mono    ( 9763): Image addref System.Threading[0xef33eec0] -> System.Threading.dll[0xeb963200]: 7
D/Mono    ( 9763): Config attempting to parse: 'System.Threading.dll.config'.
D/Mono    ( 9763): Config attempting to parse: '/Users/builder/data/lanes/4009/f3074d2c/source/monodroid/builds/install/mono-armv6/etc/mono/assemblies/System.Threading/System.Threading.config'.
D/Mono    ( 9763): Assembly Ref addref System.Reactive.Core[0xea7dec20] -> System.Threading[0xea7df160]: 5
D/Mono    ( 9763): Unloading image System.Reflection.dll [0xd8bcac00].
D/Mono    ( 9763): Image addref System.Reflection[0xef33f520] -> System.Reflection.dll[0xeb962d00]: 6
D/Mono    ( 9763): Config attempting to parse: 'System.Reflection.dll.config'.
D/Mono    ( 9763): Config attempting to parse: '/Users/builder/data/lanes/4009/f3074d2c/source/monodroid/builds/install/mono-armv6/etc/mono/assemblies/System.Reflection/System.Reflection.config'.
D/Mono    ( 9763): Assembly Ref addref System.Reactive.Core[0xea7dec20] -> System.Reflection[0xea7df100]: 4
D/Mono    ( 9763): Unloading image System.Runtime.dll [0xd8bcac00].
D/Mono    ( 9763): Image addref System.Runtime[0xef33eec0] -> System.Runtime.dll[0xeb961900]: 13
D/Mono    ( 9763): Config attempting to parse: 'System.Runtime.dll.config'.
D/Mono    ( 9763): Config attempting to parse: '/Users/builder/data/lanes/4009/f3074d2c/source/monodroid/builds/install/mono-armv6/etc/mono/assemblies/System.Runtime/System.Runtime.config'.
D/Mono    ( 9763): Assembly Ref addref System.Reactive.PlatformServices[0xea7ded40] -> System.Runtime[0xea7df040]: 11
D/Mono    ( 9763): Assembly Ref addref System.Reactive.PlatformServices[0xea7ded40] -> System.Reactive.Core[0xea7dec20]: 4
D/Mono    ( 9763): Assembly Ref addref System.Reactive.PlatformServices[0xea7ded40] -> System.Resources.ResourceManager[0xef33d660]: 4
D/Mono    ( 9763): Unloading image System.Reflection.dll [0xd8bcac00].
D/Mono    ( 9763): Image addref System.Reflection[0xef33eec0] -> System.Reflection.dll[0xeb962d00]: 7
D/Mono    ( 9763): Config attempting to parse: 'System.Reflection.dll.config'.
D/Mono    ( 9763): Config attempting to parse: '/Users/builder/data/lanes/4009/f3074d2c/source/monodroid/builds/install/mono-armv6/etc/mono/assemblies/System.Reflection/System.Reflection.config'.
D/Mono    ( 9763): Assembly Ref addref System.Reactive.PlatformServices[0xea7ded40] -> System.Reflection[0xea7df100]: 5
D/Mono    ( 9763): Assembly Ref addref System.Reactive.PlatformServices[0xea7ded40] -> System.Reactive.Interfaces[0xea7dec80]: 5
D/Mono    ( 9763): Unloading image System.Threading.Tasks.dll [0xef32a600].
D/Mono    ( 9763): Image addref System.Threading.Tasks[0xef33eec0] -> System.Threading.Tasks.dll[0xd9cb7f00]: 6
D/Mono    ( 9763): Config attempting to parse: 'System.Threading.Tasks.dll.config'.
D/Mono    ( 9763): Config attempting to parse: '/Users/builder/data/lanes/4009/f3074d2c/source/monodroid/builds/install/mono-armv6/etc/mono/assemblies/System.Threading.Tasks/System.Threading.Tasks.config'.
D/Mono    ( 9763): Assembly Ref addref System.Reactive.PlatformServices[0xea7ded40] -> System.Threading.Tasks[0xef33dfc0]: 4
D/Mono    ( 9763): Assembly Ref addref System.Reactive.PlatformServices[0xea7ded40] -> System.Reactive.Linq[0xea7dece0]: 3
D/Mono    ( 9763): Unloading image System.Diagnostics.Debug.dll [0xef32a600].
D/Mono    ( 9763): Image addref System.Diagnostics.Debug[0xef33eec0] -> System.Diagnostics.Debug.dll[0xeb963700]: 6
D/Mono    ( 9763): Config attempting to parse: 'System.Diagnostics.Debug.dll.config'.
D/Mono    ( 9763): Config attempting to parse: '/Users/builder/data/lanes/4009/f3074d2c/source/monodroid/builds/install/mono-armv6/etc/mono/assemblies/System.Diagnostics.Debug/System.Diagnostics.Debug.config'.
D/Mono    ( 9763): Assembly Ref addref System.Reactive.PlatformServices[0xea7ded40] -> System.Diagnostics.Debug[0xea7df1c0]: 4
D/Mono    ( 9763): Assembly Ref addref System.Reactive.Linq[0xea7dece0] -> System.Reactive.Core[0xea7dec20]: 5
D/Mono    ( 9763): Assembly Ref addref Akavache[0xea7de020] -> System.Core[0xea7df580]: 11
D/Mono    ( 9763): Assembly Ref addref System.Reactive.Linq[0xea7dece0] -> System.Resources.ResourceManager[0xef33d660]: 5
D/Mono    ( 9763): [0xda3cf930] hill climbing, change max number of threads 8
D/Mono    ( 9763): Assembly Ref addref CareerBuilder_Search[0xea7def20] -> System.Reactive.Linq[0xea7dece0]: 4
D/Mono    ( 9763): Assembly Ref addref CareerBuilder_Search[0xea7def20] -> Akavache[0xea7de020]: 4
D/Mono    ( 9763): Assembly Ref addref Akavache.Sqlite3[0xea7de080] -> System.Reactive.Core[0xea7dec20]: 6
D/Mono    ( 9763): Assembly Ref addref Akavache.Sqlite3[0xea7de080] -> System.Reactive.Interfaces[0xea7dec80]: 6
D/Mono    ( 9763): Assembly Ref addref Akavache.Sqlite3[0xea7de080] -> System.Reactive.Linq[0xea7dece0]: 5
D/Mono    ( 9763): Unloading image System.Runtime.Extensions.dll [0xd880d500].
D/Mono    ( 9763): Image addref System.Runtime.Extensions[0xef33eec0] -> System.Runtime.Extensions.dll[0xd9d11000]: 5
D/Mono    ( 9763): Config attempting to parse: 'System.Runtime.Extensions.dll.config'.
D/Mono    ( 9763): Config attempting to parse: '/Users/builder/data/lanes/4009/f3074d2c/source/monodroid/builds/install/mono-armv6/etc/mono/assemblies/System.Runtime.Extensions/System.Runtime.Extensions.config'.
D/Mono    ( 9763): Assembly Ref addref Akavache.Sqlite3[0xea7de080] -> System.Runtime.Extensions[0xef33d960]: 3
D/Mono    ( 9763): Unloading image System.Linq.dll [0xd880d500].
D/Mono    ( 9763): Image addref System.Linq[0xef33eec0] -> System.Linq.dll[0xef120900]: 6
D/Mono    ( 9763): Config attempting to parse: 'System.Linq.dll.config'.
D/Mono    ( 9763): Config attempting to parse: '/Users/builder/data/lanes/4009/f3074d2c/source/monodroid/builds/install/mono-armv6/etc/mono/assemblies/System.Linq/System.Linq.config'.
D/Mono    ( 9763): Assembly Ref addref System.Reactive.Linq[0xea7dece0] -> System.Linq[0xea7df400]: 4
D/Mono    ( 9763): Assembly Ref addref System.Runtime[0xea7df040] -> System.Core[0xea7df580]: 12
D/Mono    ( 9763): Unloading image System.Threading.dll [0xd880d500].
D/Mono    ( 9763): Image addref System.Threading[0xef33eec0] -> System.Threading.dll[0xeb963200]: 8
D/Mono    ( 9763): Config attempting to parse: 'System.Threading.dll.config'.
D/Mono    ( 9763): Config attempting to parse: '/Users/builder/data/lanes/4009/f3074d2c/source/monodroid/builds/install/mono-armv6/etc/mono/assemblies/System.Threading/System.Threading.config'.
D/Mono    ( 9763): Assembly Ref addref System.Reactive.Linq[0xea7dece0] -> System.Threading[0xea7df160]: 6
I/System.out( 9763): URI: /map
I/System.out( 9763): params: {json={"query":"* id:'agreeAndContinueButton'","operation":{"method_name":"query","arguments":[]}}
I/System.out( 9763): }
D/Mono    ( 9763): Assembly Ref addref Akavache[0xea7de020] -> System.Reactive.PlatformServices[0xea7ded40]: 2
D/Mono    ( 9763): Unloading image System.Globalization.dll [0xd880d500].
D/Mono    ( 9763): Image addref System.Globalization[0xef33e0e0] -> System.Globalization.dll[0xef337b00]: 5
D/Mono    ( 9763): Config attempting to parse: 'System.Globalization.dll.config'.
D/Mono    ( 9763): Config attempting to parse: '/Users/builder/data/lanes/4009/f3074d2c/source/monodroid/builds/install/mono-armv6/etc/mono/assemblies/System.Globalization/System.Globalization.config'.
D/Mono    ( 9763): Assembly Ref addref System.Reactive.Linq[0xea7dece0] -> System.Globalization[0xef33d7e0]: 3
D/Mono    ( 9763): Unloading image System.Runtime.Extensions.dll [0xd880d500].
D/Mono    ( 9763): Image addref System.Runtime.Extensions[0xef33e0e0] -> System.Runtime.Extensions.dll[0xd9d11000]: 6
D/Mono    ( 9763): Config attempting to parse: 'System.Runtime.Extensions.dll.config'.
D/Mono    ( 9763): Config attempting to parse: '/Users/builder/data/lanes/4009/f3074d2c/source/monodroid/builds/install/mono-armv6/etc/mono/assemblies/System.Runtime.Extensions/System.Runtime.Extensions.config'.
D/Mono    ( 9763): Assembly Ref addref System.Reactive.Core[0xea7dec20] -> System.Runtime.Extensions[0xef33d960]: 4
D/Mono    ( 9763): Assembly Ref addref System.Runtime.Extensions[0xef33d960] -> System[0xea7df220]: 9
D/Mono    ( 9763): Unloading image System.Globalization.dll [0xd880d500].
D/Mono    ( 9763): Image addref System.Globalization[0xef33e0e0] -> System.Globalization.dll[0xef337b00]: 6
D/Mono    ( 9763): Config attempting to parse: 'System.Globalization.dll.config'.
D/Mono    ( 9763): Config attempting to parse: '/Users/builder/data/lanes/4009/f3074d2c/source/monodroid/builds/install/mono-armv6/etc/mono/assemblies/System.Globalization/System.Globalization.config'.
D/Mono    ( 9763): Assembly Ref addref System.Reactive.Core[0xea7dec20] -> System.Globalization[0xef33d7e0]: 4
D/Mono    ( 9763): Unloading image System.Threading.Tasks.dll [0xd880d500].
D/Mono    ( 9763): Image addref System.Threading.Tasks[0xef33e0e0] -> System.Threading.Tasks.dll[0xd9cb7f00]: 7
D/Mono    ( 9763): Config attempting to parse: 'System.Threading.Tasks.dll.config'.
D/Mono    ( 9763): Config attempting to parse: '/Users/builder/data/lanes/4009/f3074d2c/source/monodroid/builds/install/mono-armv6/etc/mono/assemblies/System.Threading.Tasks/System.Threading.Tasks.config'.
D/Mono    ( 9763): Assembly Ref addref System.Reactive.Core[0xea7dec20] -> System.Threading.Tasks[0xef33dfc0]: 5
D/Mono    ( 9763): [0xd7cff930] worker starting
D/Mono    ( 9763): [0xd7bfe930] worker starting
D/Mono    ( 9763): Unloading image System.Collections.dll [0xd880d500].
D/Mono    ( 9763): Image addref System.Collections[0xef33f520] -> System.Collections.dll[0xeb964600]: 8
D/Mono    ( 9763): Config attempting to parse: 'System.Collections.dll.config'.
D/Mono    ( 9763): Config attempting to parse: '/Users/builder/data/lanes/4009/f3074d2c/source/monodroid/builds/install/mono-armv6/etc/mono/assemblies/System.Collections/System.Collections.config'.
D/Mono    ( 9763): Assembly Ref addref Akavache.Sqlite3[0xea7de080] -> System.Collections[0xea7df2e0]: 6
D/Mono    ( 9763): Unloading image SQLitePCL.raw.dll [0xd880d500].
D/Mono    ( 9763): Image addref SQLitePCL.raw[0xef33f520] -> SQLitePCL.raw.dll[0xeb960500]: 5
D/Mono    ( 9763): Config attempting to parse: 'SQLitePCL.raw.dll.config'.
D/Mono    ( 9763): Config attempting to parse: '/Users/builder/data/lanes/4009/f3074d2c/source/monodroid/builds/install/mono-armv6/etc/mono/assemblies/SQLitePCL.raw/SQLitePCL.raw.config'.
D/Mono    ( 9763): Assembly Ref addref Akavache.Sqlite3[0xea7de080] -> SQLitePCL.raw[0xea7deec0]: 2
D/Mono    ( 9763): Assembly Ref addref SQLitePCL.raw[0xea7deec0] -> mscorlib[0xea7ddea0]: 42
D/Mono    ( 9763): Assembly Ref addref Splat[0xea7de260] -> System[0xea7df220]: 10
D/Mono    ( 9763): DllImport attempting to load: '/system/lib/libsqlite.so'.
D/Mono    ( 9763): DllImport loaded library '/system/lib/libsqlite.so'.
D/Mono    ( 9763): DllImport searching in: '/system/lib/libsqlite.so' ('/system/lib/libsqlite.so').
D/Mono    ( 9763): Searching for 'sqlite3_open_v2'.
D/Mono    ( 9763): Probing 'sqlite3_open_v2'.
D/Mono    ( 9763): Found as 'sqlite3_open_v2'.
D/Mono    ( 9763): DllImport searching in: '/system/lib/libsqlite.so' ('/system/lib/libsqlite.so').
D/Mono    ( 9763): Searching for 'sqlite3_busy_timeout'.
D/Mono    ( 9763): Probing 'sqlite3_busy_timeout'.
D/Mono    ( 9763): Found as 'sqlite3_busy_timeout'.
D/Mono    ( 9763): Unloading image System.Threading.Tasks.dll [0xd880f800].
D/Mono    ( 9763): Image addref System.Threading.Tasks[0xef33fb20] -> System.Threading.Tasks.dll[0xd9cb7f00]: 8
D/Mono    ( 9763): Config attempting to parse: 'System.Threading.Tasks.dll.config'.
D/Mono    ( 9763): Config attempting to parse: '/Users/builder/data/lanes/4009/f3074d2c/source/monodroid/builds/install/mono-armv6/etc/mono/assemblies/System.Threading.Tasks/System.Threading.Tasks.config'.
D/Mono    ( 9763): Assembly Ref addref Akavache.Sqlite3[0xea7de080] -> System.Threading.Tasks[0xef33dfc0]: 6
D/Mono    ( 9763): Unloading image System.Linq.dll [0xd880f800].
D/Mono    ( 9763): Image addref System.Linq[0xef33fb20] -> System.Linq.dll[0xef120900]: 7
D/Mono    ( 9763): Config attempting to parse: 'System.Linq.dll.config'.
D/Mono    ( 9763): Config attempting to parse: '/Users/builder/data/lanes/4009/f3074d2c/source/monodroid/builds/install/mono-armv6/etc/mono/assemblies/System.Linq/System.Linq.config'.
D/Mono    ( 9763): Assembly Ref addref Akavache.Sqlite3[0xea7de080] -> System.Linq[0xea7df400]: 5
D/Mono    ( 9763): DllImport searching in: '/system/lib/libsqlite.so' ('/system/lib/libsqlite.so').
D/Mono    ( 9763): Searching for 'sqlite3_prepare_v2'.
D/Mono    ( 9763): Probing 'sqlite3_prepare_v2'.
D/Mono    ( 9763): Found as 'sqlite3_prepare_v2'.
D/Mono    ( 9763): DllImport searching in: '/system/lib/libsqlite.so' ('/system/lib/libsqlite.so').
D/Mono    ( 9763): Searching for 'sqlite3_step'.
D/Mono    ( 9763): Probing 'sqlite3_step'.
D/Mono    ( 9763): Found as 'sqlite3_step'.
D/Mono    ( 9763): DllImport searching in: '/system/lib/libsqlite.so' ('/system/lib/libsqlite.so').
D/Mono    ( 9763): Searching for 'sqlite3_column_type'.
D/Mono    ( 9763): Probing 'sqlite3_column_type'.
D/Mono    ( 9763): Found as 'sqlite3_column_type'.
D/Mono    ( 9763): Unloading image System.Reflection.dll [0xd880d500].
D/Mono    ( 9763): Image addref System.Reflection[0xef33fb20] -> System.Reflection.dll[0xeb962d00]: 8
D/Mono    ( 9763): Config attempting to parse: 'System.Reflection.dll.config'.
D/Mono    ( 9763): Config attempting to parse: '/Users/builder/data/lanes/4009/f3074d2c/source/monodroid/builds/install/mono-armv6/etc/mono/assemblies/System.Reflection/System.Reflection.config'.
D/Mono    ( 9763): Assembly Ref addref Akavache.Sqlite3[0xea7de080] -> System.Reflection[0xea7df100]: 6
D/Mono    ( 9763): DllImport searching in: '/system/lib/libsqlite.so' ('/system/lib/libsqlite.so').
D/Mono    ( 9763): Searching for 'sqlite3_column_int'.
D/Mono    ( 9763): Probing 'sqlite3_column_int'.
D/Mono    ( 9763): Found as 'sqlite3_column_int'.
D/Mono    ( 9763): DllImport searching in: '/system/lib/libsqlite.so' ('/system/lib/libsqlite.so').
D/Mono    ( 9763): Searching for 'sqlite3_finalize'.
D/Mono    ( 9763): Probing 'sqlite3_finalize'.
D/Mono    ( 9763): Found as 'sqlite3_finalize'.
D/Mono    ( 9763): DllImport searching in: '/system/lib/libsqlite.so' ('/system/lib/libsqlite.so').
D/Mono    ( 9763): Searching for 'sqlite3_changes'.
D/Mono    ( 9763): Probing 'sqlite3_changes'.
D/Mono    ( 9763): Found as 'sqlite3_changes'.
D/Mono    ( 9763): Assembly Ref addref Akavache.Sqlite3[0xea7de080] -> System.Reflection.Extensions[0xea7df6a0]: 4
D/Mono    ( 9763): DllImport searching in: '/system/lib/libsqlite.so' ('/system/lib/libsqlite.so').
D/Mono    ( 9763): Searching for 'sqlite3_column_count'.
D/Mono    ( 9763): Probing 'sqlite3_column_count'.
D/Mono    ( 9763): Found as 'sqlite3_column_count'.
D/Mono    ( 9763): DllImport searching in: '/system/lib/libsqlite.so' ('/system/lib/libsqlite.so').
D/Mono    ( 9763): Searching for 'sqlite3_column_name'.
D/Mono    ( 9763): Probing 'sqlite3_column_name'.
D/Mono    ( 9763): Found as 'sqlite3_column_name'.
D/Mono    ( 9763): DllImport searching in: '/system/lib/libsqlite.so' ('/system/lib/libsqlite.so').
D/Mono    ( 9763): Searching for 'sqlite3_column_text'.
D/Mono    ( 9763): Probing 'sqlite3_column_text'.
D/Mono    ( 9763): Found as 'sqlite3_column_text'.
E/SQLiteLog( 9763): (1) no such table: SchemaInfo
D/Mono    ( 9763): DllImport searching in: '/system/lib/libsqlite.so' ('/system/lib/libsqlite.so').
D/Mono    ( 9763): Searching for 'sqlite3_errmsg'.
D/Mono    ( 9763): Probing 'sqlite3_errmsg'.
D/Mono    ( 9763): Found as 'sqlite3_errmsg'.
D/Mono    ( 9763): DllImport searching in: '/system/lib/libsqlite.so' ('/system/lib/libsqlite.so').
D/Mono    ( 9763): Searching for 'sqlite3_bind_int'.
D/Mono    ( 9763): Probing 'sqlite3_bind_int'.
D/Mono    ( 9763): Found as 'sqlite3_bind_int'.
D/Mono    ( 9763): DllImport searching in: '/system/lib/libsqlite.so' ('/system/lib/libsqlite.so').
D/Mono    ( 9763): Searching for 'sqlite3_reset'.
D/Mono    ( 9763): Probing 'sqlite3_reset'.
D/Mono    ( 9763): Found as 'sqlite3_reset'.
D/Mono    ( 9763): Unloading image System.Threading.dll [0xd8811600].
D/Mono    ( 9763): Image addref System.Threading[0xef33fd60] -> System.Threading.dll[0xeb963200]: 9
D/Mono    ( 9763): Config attempting to parse: 'System.Threading.dll.config'.
D/Mono    ( 9763): Config attempting to parse: '/Users/builder/data/lanes/4009/f3074d2c/source/monodroid/builds/install/mono-armv6/etc/mono/assemblies/System.Threading/System.Threading.config'.
D/Mono    ( 9763): Assembly Ref addref Akavache.Sqlite3[0xea7de080] -> System.Threading[0xea7df160]: 7
I/ServiceManager(  540): Waiting for service AtCmdFwd...
D/Mono    ( 9763): DllImport searching in: '/system/lib/libsqlite.so' ('/system/lib/libsqlite.so').
D/Mono    ( 9763): Searching for 'sqlite3_bind_text'.
D/Mono    ( 9763): Probing 'sqlite3_bind_text'.
D/Mono    ( 9763): Found as 'sqlite3_bind_text'.
D/Mono    ( 9763): Unloading image Newtonsoft.Json.dll [0xda0da500].
D/Mono    ( 9763): Image addref Newtonsoft.Json[0xdabe3de0] -> Newtonsoft.Json.dll[0xeb95d800]: 5
D/Mono    ( 9763): Config attempting to parse: 'Newtonsoft.Json.dll.config'.
D/Mono    ( 9763): Config attempting to parse: '/Users/builder/data/lanes/4009/f3074d2c/source/monodroid/builds/install/mono-armv6/etc/mono/assemblies/Newtonsoft.Json/Newtonsoft.Json.config'.
D/Mono    ( 9763): Assembly Ref addref Akavache.Sqlite3[0xea7de080] -> Newtonsoft.Json[0xea7deb60]: 3
D/Mono    ( 9763): Image addref System.IO[0xdabe3de0] -> System.IO.dll[0xda0da500]: 2
D/Mono    ( 9763): Prepared to set up assembly 'System.IO' (System.IO.dll)
D/Mono    ( 9763): Assembly System.IO[0xdabe3de0] added to domain RootDomain, ref_count=1
D/Mono    ( 9763): AOT module 'System.IO.dll.so' not found: dlopen failed: library "/data/app/com.careerbuilder.SugarDrone-1/lib/arm/libaot-System.IO.dll.so" not found
D/Mono    ( 9763): AOT module '/Users/builder/data/lanes/4009/f3074d2c/source/monodroid/builds/install/mono-armv6/lib/mono/aot-cache/arm/System.IO.dll.so' not found: dlopen failed: library "/data/app/com.careerbuilder.SugarDrone-1/lib/arm/libaot-System.IO.dll.so" not found
D/Mono    ( 9763): Config attempting to parse: 'System.IO.dll.config'.
D/Mono    ( 9763): Config attempting to parse: '/Users/builder/data/lanes/4009/f3074d2c/source/monodroid/builds/install/mono-armv6/etc/mono/assemblies/System.IO/System.IO.config'.
D/Mono    ( 9763): Assembly Ref addref Akavache.Sqlite3[0xea7de080] -> System.IO[0xdabe3de0]: 2
D/Mono    ( 9763): Assembly Ref addref System.IO[0xdabe3de0] -> mscorlib[0xea7ddea0]: 43
D/Mono    ( 9763): Image addref System.Runtime.Serialization.Primitives[0xdabe3d80] -> System.Runtime.Serialization.Primitives.dll[0xda0da000]: 2
D/Mono    ( 9763): Prepared to set up assembly 'System.Runtime.Serialization.Primitives' (System.Runtime.Serialization.Primitives.dll)
D/Mono    ( 9763): Assembly System.Runtime.Serialization.Primitives[0xdabe3d80] added to domain RootDomain, ref_count=1
D/Mono    ( 9763): AOT module 'System.Runtime.Serialization.Primitives.dll.so' not found: dlopen failed: library "/data/app/com.careerbuilder.SugarDrone-1/lib/arm/libaot-System.Runtime.Serialization.Primitives.dll.so" not found
D/Mono    ( 9763): AOT module '/Users/builder/data/lanes/4009/f3074d2c/source/monodroid/builds/install/mono-armv6/lib/mono/aot-cache/arm/System.Runtime.Serialization.Primitives.dll.so' not found: dlopen failed: library "/data/app/com.careerbuilder.SugarDrone-1/lib/arm/libaot-System.Runtime.Serialization.Primitives.dll.so" not found
D/Mono    ( 9763): Config attempting to parse: 'System.Runtime.Serialization.Primitives.dll.config'.
D/Mono    ( 9763): Config attempting to parse: '/Users/builder/data/lanes/4009/f3074d2c/source/monodroid/builds/install/mono-armv6/etc/mono/assemblies/System.Runtime.Serialization.Primitives/System.Runtime.Serialization.Primitives.config'.
D/Mono    ( 9763): Assembly Ref addref Newtonsoft.Json[0xea7deb60] -> System.Runtime.Serialization.Primitives[0xdabe3d80]: 2
D/Mono    ( 9763): Assembly Ref addref System.Runtime.Serialization.Primitives[0xdabe3d80] -> mscorlib[0xea7ddea0]: 44
D/Mono    ( 9763): Unloading image System.Globalization.dll [0xef123b00].
D/Mono    ( 9763): Image addref System.Globalization[0xdabe3d20] -> System.Globalization.dll[0xef337b00]: 7
D/Mono    ( 9763): Config attempting to parse: 'System.Globalization.dll.config'.
D/Mono    ( 9763): Config attempting to parse: '/Users/builder/data/lanes/4009/f3074d2c/source/monodroid/builds/install/mono-armv6/etc/mono/assemblies/System.Globalization/System.Globalization.config'.
D/Mono    ( 9763): Assembly Ref addref Newtonsoft.Json[0xea7deb60] -> System.Globalization[0xef33d7e0]: 5
D/Mono    ( 9763): Unloading image System.Collections.dll [0xef123b00].
D/Mono    ( 9763): Image addref System.Collections[0xdabe3d20] -> System.Collections.dll[0xeb964600]: 9
D/Mono    ( 9763): Config attempting to parse: 'System.Collections.dll.config'.
D/Mono    ( 9763): Config attempting to parse: '/Users/builder/data/lanes/4009/f3074d2c/source/monodroid/builds/install/mono-armv6/etc/mono/assemblies/System.Collections/System.Collections.config'.
D/Mono    ( 9763): Assembly Ref addref Newtonsoft.Json[0xea7deb60] -> System.Collections[0xea7df2e0]: 7
D/Mono    ( 9763): Unloading image System.IO.dll [0xef123b00].
D/Mono    ( 9763): Image addref System.IO[0xdabe3d20] -> System.IO.dll[0xda0da500]: 5
D/Mono    ( 9763): Config attempting to parse: 'System.IO.dll.config'.
D/Mono    ( 9763): Config attempting to parse: '/Users/builder/data/lanes/4009/f3074d2c/source/monodroid/builds/install/mono-armv6/etc/mono/assemblies/System.IO/System.IO.config'.
D/Mono    ( 9763): Assembly Ref addref Newtonsoft.Json[0xea7deb60] -> System.IO[0xdabe3de0]: 3
D/Mono    ( 9763): Unloading image System.Runtime.Extensions.dll [0xef123b00].
D/Mono    ( 9763): Image addref System.Runtime.Extensions[0xdabe3d20] -> System.Runtime.Extensions.dll[0xd9d11000]: 7
D/Mono    ( 9763): Config attempting to parse: 'System.Runtime.Extensions.dll.config'.
D/Mono    ( 9763): Config attempting to parse: '/Users/builder/data/lanes/4009/f3074d2c/source/monodroid/builds/install/mono-armv6/etc/mono/assemblies/System.Runtime.Extensions/System.Runtime.Extensions.config'.
D/Mono    ( 9763): Assembly Ref addref Newtonsoft.Json[0xea7deb60] -> System.Runtime.Extensions[0xef33d960]: 5
D/Mono    ( 9763): Image addref System.Text.Encoding[0xdabe3d20] -> System.Text.Encoding.dll[0xef123b00]: 2
D/Mono    ( 9763): Prepared to set up assembly 'System.Text.Encoding' (System.Text.Encoding.dll)
D/Mono    ( 9763): Assembly System.Text.Encoding[0xdabe3d20] added to domain RootDomain, ref_count=1
D/Mono    ( 9763): AOT module 'System.Text.Encoding.dll.so' not found: dlopen failed: library "/data/app/com.careerbuilder.SugarDrone-1/lib/arm/libaot-System.Text.Encoding.dll.so" not found
D/Mono    ( 9763): AOT module '/Users/builder/data/lanes/4009/f3074d2c/source/monodroid/builds/install/mono-armv6/lib/mono/aot-cache/arm/System.Text.Encoding.dll.so' not found: dlopen failed: library "/data/app/com.careerbuilder.SugarDrone-1/lib/arm/libaot-System.Text.Encoding.dll.so" not found
D/Mono    ( 9763): Config attempting to parse: 'System.Text.Encoding.dll.config'.
D/Mono    ( 9763): Config attempting to parse: '/Users/builder/data/lanes/4009/f3074d2c/source/monodroid/builds/install/mono-armv6/etc/mono/assemblies/System.Text.Encoding/System.Text.Encoding.config'.
D/Mono    ( 9763): Assembly Ref addref Newtonsoft.Json[0xea7deb60] -> System.Text.Encoding[0xdabe3d20]: 2
D/Mono    ( 9763): Assembly Ref addref System.Text.Encoding[0xdabe3d20] -> mscorlib[0xea7ddea0]: 45
D/Mono    ( 9763): Unloading image System.Linq.dll [0xda0daa00].
D/Mono    ( 9763): Image addref System.Linq[0xdabe36c0] -> System.Linq.dll[0xef120900]: 8
D/Mono    ( 9763): Config attempting to parse: 'System.Linq.dll.config'.
D/Mono    ( 9763): Config attempting to parse: '/Users/builder/data/lanes/4009/f3074d2c/source/monodroid/builds/install/mono-armv6/etc/mono/assemblies/System.Linq/System.Linq.config'.
D/Mono    ( 9763): Assembly Ref addref Newtonsoft.Json[0xea7deb60] -> System.Linq[0xea7df400]: 6
D/Mono    ( 9763): Unloading image System.Reflection.dll [0xda0daa00].
D/Mono    ( 9763): Image addref System.Reflection[0xdabe41a0] -> System.Reflection.dll[0xeb962d00]: 9
D/Mono    ( 9763): Config attempting to parse: 'System.Reflection.dll.config'.
D/Mono    ( 9763): Config attempting to parse: '/Users/builder/data/lanes/4009/f3074d2c/source/monodroid/builds/install/mono-armv6/etc/mono/assemblies/System.Reflection/System.Reflection.config'.
D/Mono    ( 9763): Assembly Ref addref Newtonsoft.Json[0xea7deb60] -> System.Reflection[0xea7df100]: 7
D/Mono    ( 9763): Image addref System.Runtime.Serialization[0xdabe41a0] -> System.Runtime.Serialization.dll[0xda0daa00]: 2
D/Mono    ( 9763): Prepared to set up assembly 'System.Runtime.Serialization' (System.Runtime.Serialization.dll)
D/Mono    ( 9763): Assembly System.Runtime.Serialization[0xdabe41a0] added to domain RootDomain, ref_count=1
D/Mono    ( 9763): AOT module 'System.Runtime.Serialization.dll.so' not found: dlopen failed: library "/data/app/com.careerbuilder.SugarDrone-1/lib/arm/libaot-System.Runtime.Serialization.dll.so" not found
D/Mono    ( 9763): AOT module '/Users/builder/data/lanes/4009/f3074d2c/source/monodroid/builds/install/mono-armv6/lib/mono/aot-cache/arm/System.Runtime.Serialization.dll.so' not found: dlopen failed: library "/data/app/com.careerbuilder.SugarDrone-1/lib/arm/libaot-System.Runtime.Serialization.dll.so" not found
D/Mono    ( 9763): Config attempting to parse: 'System.Runtime.Serialization.dll.config'.
D/Mono    ( 9763): Config attempting to parse: '/Users/builder/data/lanes/4009/f3074d2c/source/monodroid/builds/install/mono-armv6/etc/mono/assemblies/System.Runtime.Serialization/System.Runtime.Serialization.config'.
D/Mono    ( 9763): Assembly Ref addref System.Runtime.Serialization.Primitives[0xdabe3d80] -> System.Runtime.Serialization[0xdabe41a0]: 2
D/Mono    ( 9763): Assembly Ref addref System.Runtime.Serialization[0xdabe41a0] -> mscorlib[0xea7ddea0]: 46
D/Mono    ( 9763): Image addref System.Text.Encoding.Extensions[0xdabe36c0] -> System.Text.Encoding.Extensions.dll[0xda0dc300]: 2
D/Mono    ( 9763): Prepared to set up assembly 'System.Text.Encoding.Extensions' (System.Text.Encoding.Extensions.dll)
D/Mono    ( 9763): Assembly System.Text.Encoding.Extensions[0xdabe36c0] added to domain RootDomain, ref_count=1
D/Mono    ( 9763): AOT module 'System.Text.Encoding.Extensions.dll.so' not found: dlopen failed: library "/data/app/com.careerbuilder.SugarDrone-1/lib/arm/libaot-System.Text.Encoding.Extensions.dll.so" not found
D/Mono    ( 9763): AOT module '/Users/builder/data/lanes/4009/f3074d2c/source/monodroid/builds/install/mono-armv6/lib/mono/aot-cache/arm/System.Text.Encoding.Extensions.dll.so' not found: dlopen failed: library "/data/app/com.careerbuilder.SugarDrone-1/lib/arm/libaot-System.Text.Encoding.Extensions.dll.so" not found
D/Mono    ( 9763): Config attempting to parse: 'System.Text.Encoding.Extensions.dll.config'.
D/Mono    ( 9763): Config attempting to parse: '/Users/builder/data/lanes/4009/f3074d2c/source/monodroid/builds/install/mono-armv6/etc/mono/assemblies/System.Text.Encoding.Extensions/System.Text.Encoding.Extensions.config'.
D/Mono    ( 9763): Assembly Ref addref Newtonsoft.Json[0xea7deb60] -> System.Text.Encoding.Extensions[0xdabe36c0]: 2
D/Mono    ( 9763): Assembly Ref addref System.Text.Encoding.Extensions[0xdabe36c0] -> mscorlib[0xea7ddea0]: 47
D/Mono    ( 9763): Unloading image System.Threading.dll [0xda0dc800].
D/Mono    ( 9763): Image addref System.Threading[0xdabe42c0] -> System.Threading.dll[0xeb963200]: 10
D/Mono    ( 9763): Config attempting to parse: 'System.Threading.dll.config'.
D/Mono    ( 9763): Config attempting to parse: '/Users/builder/data/lanes/4009/f3074d2c/source/monodroid/builds/install/mono-armv6/etc/mono/assemblies/System.Threading/System.Threading.config'.
D/Mono    ( 9763): Assembly Ref addref Newtonsoft.Json[0xea7deb60] -> System.Threading[0xea7df160]: 8
D/Mono    ( 9763): Assembly Ref addref Newtonsoft.Json[0xea7deb60] -> System.Reflection.Extensions[0xea7df6a0]: 5
D/Mono    ( 9763): Assembly Ref addref System.ObjectModel[0xd8be69e0] -> mscorlib[0xea7ddea0]: 48
D/Mono    ( 9763): Image addref System.Xml.XDocument[0xdabe4500] -> System.Xml.XDocument.dll[0xda0dd200]: 2
D/Mono    ( 9763): Prepared to set up assembly 'System.Xml.XDocument' (System.Xml.XDocument.dll)
D/Mono    ( 9763): Assembly System.Xml.XDocument[0xdabe4500] added to domain RootDomain, ref_count=1
D/Mono    ( 9763): AOT module 'System.Xml.XDocument.dll.so' not found: dlopen failed: library "/data/app/com.careerbuilder.SugarDrone-1/lib/arm/libaot-System.Xml.XDocument.dll.so" not found
D/Mono    ( 9763): AOT module '/Users/builder/data/lanes/4009/f3074d2c/source/monodroid/builds/install/mono-armv6/lib/mono/aot-cache/arm/System.Xml.XDocument.dll.so' not found: dlopen failed: library "/data/app/com.careerbuilder.SugarDrone-1/lib/arm/libaot-System.Xml.XDocument.dll.so" not found
D/Mono    ( 9763): Config attempting to parse: 'System.Xml.XDocument.dll.config'.
D/Mono    ( 9763): Config attempting to parse: '/Users/builder/data/lanes/4009/f3074d2c/source/monodroid/builds/install/mono-armv6/etc/mono/assemblies/System.Xml.XDocument/System.Xml.XDocument.config'.
D/Mono    ( 9763): Assembly Ref addref Newtonsoft.Json[0xea7deb60] -> System.Xml.XDocument[0xdabe4500]: 2
D/Mono    ( 9763): Image addref System.Xml.Linq[0xdabe44a0] -> System.Xml.Linq.dll[0xda0dd700]: 2
D/Mono    ( 9763): Prepared to set up assembly 'System.Xml.Linq' (System.Xml.Linq.dll)
D/Mono    ( 9763): Assembly System.Xml.Linq[0xdabe44a0] added to domain RootDomain, ref_count=1
D/Mono    ( 9763): AOT module 'System.Xml.Linq.dll.so' not found: dlopen failed: library "/data/app/com.careerbuilder.SugarDrone-1/lib/arm/libaot-System.Xml.Linq.dll.so" not found
D/Mono    ( 9763): AOT module '/Users/builder/data/lanes/4009/f3074d2c/source/monodroid/builds/install/mono-armv6/lib/mono/aot-cache/arm/System.Xml.Linq.dll.so' not found: dlopen failed: library "/data/app/com.careerbuilder.SugarDrone-1/lib/arm/libaot-System.Xml.Linq.dll.so" not found
D/Mono    ( 9763): Config attempting to parse: 'System.Xml.Linq.dll.config'.
D/Mono    ( 9763): Config attempting to parse: '/Users/builder/data/lanes/4009/f3074d2c/source/monodroid/builds/install/mono-armv6/etc/mono/assemblies/System.Xml.Linq/System.Xml.Linq.config'.
D/Mono    ( 9763): Assembly Ref addref System.Xml.XDocument[0xdabe4500] -> System.Xml.Linq[0xdabe44a0]: 2
D/Mono    ( 9763): Assembly Ref addref System.Xml.Linq[0xdabe44a0] -> mscorlib[0xea7ddea0]: 49
D/Mono    ( 9763): Assembly Ref addref System.Xml.Linq[0xdabe44a0] -> System.Xml[0xea7df8e0]: 4
D/Mono    ( 9763): Image addref System.Text.RegularExpressions[0xdabe45c0] -> System.Text.RegularExpressions.dll[0xda0ddc00]: 2
D/Mono    ( 9763): Prepared to set up assembly 'System.Text.RegularExpressions' (System.Text.RegularExpressions.dll)
D/Mono    ( 9763): Assembly System.Text.RegularExpressions[0xdabe45c0] added to domain RootDomain, ref_count=1
D/Mono    ( 9763): AOT module 'System.Text.RegularExpressions.dll.so' not found: dlopen failed: library "/data/app/com.careerbuilder.SugarDrone-1/lib/arm/libaot-System.Text.RegularExpressions.dll.so" not found
D/Mono    ( 9763): AOT module '/Users/builder/data/lanes/4009/f3074d2c/source/monodroid/builds/install/mono-armv6/lib/mono/aot-cache/arm/System.Text.RegularExpressions.dll.so' not found: dlopen failed: library "/data/app/com.careerbuilder.SugarDrone-1/lib/arm/libaot-System.Text.RegularExpressions.dll.so" not found
D/Mono    ( 9763): Config attempting to parse: 'System.Text.RegularExpressions.dll.config'.
D/Mono    ( 9763): Config attempting to parse: '/Users/builder/data/lanes/4009/f3074d2c/source/monodroid/builds/install/mono-armv6/etc/mono/assemblies/System.Text.RegularExpressions/System.Text.RegularExpressions.config'.
D/Mono    ( 9763): Assembly Ref addref Newtonsoft.Json[0xea7deb60] -> System.Text.RegularExpressions[0xdabe45c0]: 2
D/Mono    ( 9763): Assembly Ref addref System.Text.RegularExpressions[0xdabe45c0] -> System[0xea7df220]: 11
D/Mono    ( 9763): Unloading image System.Linq.Expressions.dll [0xda0de100].
D/Mono    ( 9763): Image addref System.Linq.Expressions[0xdabe4560] -> System.Linq.Expressions.dll[0xef335800]: 5
D/Mono    ( 9763): Config attempting to parse: 'System.Linq.Expressions.dll.config'.
D/Mono    ( 9763): Config attempting to parse: '/Users/builder/data/lanes/4009/f3074d2c/source/monodroid/builds/install/mono-armv6/etc/mono/assemblies/System.Linq.Expressions/System.Linq.Expressions.config'.
D/Mono    ( 9763): Assembly Ref addref Newtonsoft.Json[0xea7deb60] -> System.Linq.Expressions[0xef33d9c0]: 3
D/Mono    ( 9763): DllImport searching in: '/system/lib/libsqlite.so' ('/system/lib/libsqlite.so').
D/Mono    ( 9763): Searching for 'sqlite3_bind_blob'.
D/Mono    ( 9763): Probing 'sqlite3_bind_blob'.
D/Mono    ( 9763): Found as 'sqlite3_bind_blob'.
D/Mono    ( 9763): DllImport searching in: '/system/lib/libsqlite.so' ('/system/lib/libsqlite.so').
D/Mono    ( 9763): Searching for 'sqlite3_bind_int64'.
D/Mono    ( 9763): Probing 'sqlite3_bind_int64'.
D/Mono    ( 9763): Found as 'sqlite3_bind_int64'.
D/Mono    ( 9763): DllImport searching in: '__Internal' ('(null)').
D/Mono    ( 9763): Searching for 'java_interop_jnienv_call_nonvirtual_boolean_method_a'.
D/Mono    ( 9763): Probing 'java_interop_jnienv_call_nonvirtual_boolean_method_a'.
D/Mono    ( 9763): Found as 'java_interop_jnienv_call_nonvirtual_boolean_method_a'.
I/calabash( 9763): execStartActivity 4
I/ActivityManager(  929): START u0 {cmp=com.careerbuilder.SugarDrone/md5a4824aa66c0dc4d104077b72c1916a44.TermsAndConditionsActivity} from uid 14261 on display 0
W/ResourceType( 9763): No known package when getting name for resource number 0xffffffff
W/ResourceType( 9763): No known package when getting name for resource number 0xffffffff
W/ResourceType( 9763): No known package when getting name for resource number 0xffffffff
I/calabash( 9763): newActivity1
I/ServiceManager(  540): Waiting for service AtCmdFwd...
I/ActivityManager(  929): Displayed com.careerbuilder.SugarDrone/md5a4824aa66c0dc4d104077b72c1916a44.TermsAndConditionsActivity: +284ms
I/Keyboard.Facilitator( 3462): onFinishInput()
I/System.out( 9763): URI: /map
I/System.out( 9763): params: {json={"query":"* id:'agreeAndContinueButton'","operation":{"method_name":"query","arguments":[]}}
I/System.out( 9763): }
W/ResourceType( 9763): No known package when getting name for resource number 0xffffffff
W/ResourceType( 9763): No known package when getting name for resource number 0xffffffff
W/ResourceType( 9763): No known package when getting name for resource number 0xffffffff
W/ResourceType( 9763): No known package when getting name for resource number 0xffffffff
W/ResourceType( 9763): No known package when getting name for resource number 0xffffffff
W/ResourceType( 9763): No known package when getting name for resource number 0xffffffff
W/ResourceType( 9763): No known package when getting name for resource number 0xffffffff
W/ResourceType( 9763): No known package when getting name for resource number 0xffffffff
W/ResourceType( 9763): No known package when getting name for resource number 0xffffffff
W/ResourceType( 9763): No known package when getting name for resource number 0xffffffff
I/System.out( 9763): URI: /map
I/System.out( 9763): params: {json={"query":"* id:'agreeAndContinueButton'","operation":{"method_name":"query","arguments":[]}}
I/System.out( 9763): }
W/ResourceType( 9763): No known package when getting name for resource number 0xffffffff
W/ResourceType( 9763): No known package when getting name for resource number 0xffffffff
W/ResourceType( 9763): No known package when getting name for resource number 0xffffffff
W/ResourceType( 9763): No known package when getting name for resource number 0xffffffff
W/ResourceType( 9763): No known package when getting name for resource number 0xffffffff
W/ResourceType( 9763): No known package when getting name for resource number 0xffffffff
W/ResourceType( 9763): No known package when getting name for resource number 0xffffffff
I/ThermalEngine(  518): ACTION: GPU - Setting GPU[0] to 450000000
I/System.out( 9763): URI: /map
I/System.out( 9763): params: {json={"query":"* id:'agreeAndContinueButton'","operation":{"method_name":"query","arguments":[]}}
I/System.out( 9763): }
I/ServiceManager(  540): Waiting for service AtCmdFwd...
W/ResourceType( 9763): No known package when getting name for resource number 0xffffffff
W/ResourceType( 9763): No known package when getting name for resource number 0xffffffff
W/ResourceType( 9763): No known package when getting name for resource number 0xffffffff
W/ResourceType( 9763): No known package when getting name for resource number 0xffffffff
W/ResourceType( 9763): No known package when getting name for resource number 0xffffffff
W/ResourceType( 9763): No known package when getting name for resource number 0xffffffff
W/ResourceType( 9763): No known package when getting name for resource number 0xffffffff
I/System.out( 9763): URI: /map
I/System.out( 9763): params: {json={"query":"* id:'agreeAndContinueButton'","operation":{"method_name":"query","arguments":[]}}
I/System.out( 9763): }
W/ResourceType( 9763): No known package when getting name for resource number 0xffffffff
W/ResourceType( 9763): No known package when getting name for resource number 0xffffffff
W/ResourceType( 9763): No known package when getting name for resource number 0xffffffff
W/ResourceType( 9763): No known package when getting name for resource number 0xffffffff
W/ResourceType( 9763): No known package when getting name for resource number 0xffffffff
W/ResourceType( 9763): No known package when getting name for resource number 0xffffffff
W/ResourceType( 9763): No known package when getting name for resource number 0xffffffff
I/System.out( 9763): URI: /map
I/System.out( 9763): params: {json={"query":"* id:'agreeAndContinueButton'","operation":{"method_name":"query","arguments":[]}}
I/System.out( 9763): }
W/ResourceType( 9763): No known package when getting name for resource number 0xffffffff
W/ResourceType( 9763): No known package when getting name for resource number 0xffffffff
W/ResourceType( 9763): No known package when getting name for resource number 0xffffffff
W/ResourceType( 9763): No known package when getting name for resource number 0xffffffff
W/ResourceType( 9763): No known package when getting name for resource number 0xffffffff
W/ResourceType( 9763): No known package when getting name for resource number 0xffffffff
W/ResourceType( 9763): No known package when getting name for resource number 0xffffffff
I/ServiceManager(  540): Waiting for service AtCmdFwd...
I/System.out( 9763): URI: /map
I/System.out( 9763): params: {json={"query":"* id:'agreeAndContinueButton'","operation":{"method_name":"query","arguments":[]}}
I/System.out( 9763): }
W/ResourceType( 9763): No known package when getting name for resource number 0xffffffff
W/ResourceType( 9763): No known package when getting name for resource number 0xffffffff
W/ResourceType( 9763): No known package when getting name for resource number 0xffffffff
W/ResourceType( 9763): No known package when getting name for resource number 0xffffffff
W/ResourceType( 9763): No known package when getting name for resource number 0xffffffff
W/ResourceType( 9763): No known package when getting name for resource number 0xffffffff
W/ResourceType( 9763): No known package when getting name for resource number 0xffffffff
I/System.out( 9763): URI: /map
I/System.out( 9763): params: {json={"query":"* id:'agreeAndContinueButton'","operation":{"method_name":"query","arguments":[]}}
I/System.out( 9763): }
W/ResourceType( 9763): No known package when getting name for resource number 0xffffffff
W/ResourceType( 9763): No known package when getting name for resource number 0xffffffff
W/ResourceType( 9763): No known package when getting name for resource number 0xffffffff
W/ResourceType( 9763): No known package when getting name for resource number 0xffffffff
W/ResourceType( 9763): No known package when getting name for resource number 0xffffffff
W/ResourceType( 9763): No known package when getting name for resource number 0xffffffff
W/ResourceType( 9763): No known package when getting name for resource number 0xffffffff
I/art     ( 9763): Starting a blocking GC Explicit
I/art     ( 9763): Explicit concurrent mark sweep GC freed 163657(6MB) AllocSpace objects, 12(240KB) LOS objects, 40% free, 22MB/37MB, paused 515us total 39.729ms
I/art     ( 9763): Starting a blocking GC Explicit
I/art     ( 9763): Explicit concurrent mark sweep GC freed 748(84KB) AllocSpace objects, 1(20KB) LOS objects, 39% free, 22MB/37MB, paused 481us total 16.797ms
I/art     ( 9763): Starting a blocking GC Explicit
I/art     ( 9763): Explicit concurrent mark sweep GC freed 11(416B) AllocSpace objects, 0(0B) LOS objects, 39% free, 22MB/37MB, paused 563us total 16.892ms
I/art     ( 9763): Starting a blocking GC Explicit
I/art     ( 9763): Explicit concurrent mark sweep GC freed 17(1280B) AllocSpace objects, 0(0B) LOS objects, 39% free, 22MB/37MB, paused 499us total 16.897ms
I/art     ( 9763): Starting a blocking GC Explicit
I/art     ( 9763): Explicit concurrent mark sweep GC freed 17(1280B) AllocSpace objects, 0(0B) LOS objects, 40% free, 22MB/37MB, paused 486us total 16.946ms
I/System.out( 9763): URI: /
I/System.out( 9763): params: {json={"command":"touch_coordinate","arguments":[720.0,2273.0]}
I/System.out( 9763): }
I/System.out( 9763): header: {content-length=57, host=devicehost5.prod, x-session-token=token-token-a4285587-fa5b-4190-97c0-ac6dc0860766, x-forwarded-for=10.222.150.14, content-type=application/json; charset=utf-8, connection=close}
I/System.out( 9763): params: {json={"command":"touch_coordinate","arguments":[720.0,2273.0]}
I/System.out( 9763): }
I/System.out( 9763): ProP json = {"command":"touch_coordinate","arguments":[720.0,2273.0]}
I/System.out( 9763): files: {}
I/System.out( 9763): command: {"command":"touch_coordinate","arguments":[720.0,2273.0]}
I/InstrumentationBackend( 9763): Got command:'Command:'Line:null,touch_coordinate', arguments:'[720.0, 2273.0]'
W/Atfwd_Sendcmd(  540): AtCmdFwd service not published, waiting... retryCnt : 5
D/Mono    ( 9763): [0xd9a3f930] worker starting
D/Mono    ( 9763): DllImport searching in: '__Internal' ('(null)').
D/Mono    ( 9763): Searching for 'java_interop_jnienv_call_nonvirtual_int_method_a'.
D/Mono    ( 9763): Probing 'java_interop_jnienv_call_nonvirtual_int_method_a'.
