W/ResourceType(10324): No known package when getting name for resource number 0xffffffff
W/ResourceType(10324): No known package when getting name for resource number 0xffffffff
W/ResourceType(10324): No known package when getting name for resource number 0xffffffff
W/ResourceType(10324): No known package when getting name for resource number 0xffffffff
W/ResourceType(10324): No known package when getting name for resource number 0xffffffff
W/ResourceType(10324): No known package when getting name for resource number 0xffffffff
W/ResourceType(10324): No known package when getting name for resource number 0xffffffff
W/ResourceType(10324): No known package when getting name for resource number 0xffffffff
W/ResourceType(10324): No known package when getting name for resource number 0xffffffff
W/ResourceType(10324): No known package when getting name for resource number 0xffffffff
W/ResourceType(10324): No known package when getting name for resource number 0xffffffff
W/ResourceType(10324): No known package when getting name for resource number 0xffffffff
W/ResourceType(10324): No known package when getting name for resource number 0xffffffff
W/ResourceType(10324): No known package when getting name for resource number 0xffffffff
W/ResourceType(10324): No known package when getting name for resource number 0xffffffff
W/ResourceType(10324): No known package when getting name for resource number 0xffffffff
W/ResourceType(10324): No known package when getting name for resource number 0xffffffff
W/ResourceType(10324): No known package when getting name for resource number 0xffffffff
W/ResourceType(10324): No known package when getting name for resource number 0xffffffff
W/ResourceType(10324): No known package when getting name for resource number 0xffffffff
W/ResourceType(10324): No known package when getting name for resource number 0xffffffff
W/ResourceType(10324): No known package when getting name for resource number 0xffffffff
W/ResourceType(10324): No known package when getting name for resource number 0xffffffff
W/ResourceType(10324): No known package when getting name for resource number 0xffffffff
W/ResourceType(10324): No known package when getting name for resource number 0xffffffff
W/ResourceType(10324): No known package when getting name for resource number 0xffffffff
W/ResourceType(10324): No known package when getting name for resource number 0xffffffff
W/ResourceType(10324): No known package when getting name for resource number 0xffffffff
W/ResourceType(10324): No known package when getting name for resource number 0xffffffff
W/ResourceType(10324): No known package when getting name for resource number 0xffffffff
W/ResourceType(10324): No known package when getting name for resource number 0xffffffff
W/ResourceType(10324): No known package when getting name for resource number 0xffffffff
W/ResourceType(10324): No known package when getting name for resource number 0xffffffff
W/ResourceType(10324): No known package when getting name for resource number 0xffffffff
W/ResourceType(10324): No known package when getting name for resource number 0xffffffff
W/ResourceType(10324): No known package when getting name for resource number 0xffffffff
W/ResourceType(10324): No known package when getting name for resource number 0xffffffff
W/ResourceType(10324): No known package when getting name for resource number 0xffffffff
W/ResourceType(10324): No known package when getting name for resource number 0xffffffff
W/ResourceType(10324): No known package when getting name for resource number 0xffffffff
W/ResourceType(10324): No known package when getting name for resource number 0xffffffff
W/ResourceType(10324): No known package when getting name for resource number 0xffffffff
W/ResourceType(10324): No known package when getting name for resource number 0xffffffff
W/ResourceType(10324): No known package when getting name for resource number 0xffffffff
W/ResourceType(10324): No known package when getting name for resource number 0xffffffff
W/ResourceType(10324): No known package when getting name for resource number 0xffffffff
W/ResourceType(10324): No known package when getting name for resource number 0xffffffff
W/ResourceType(10324): No known package when getting name for resource number 0xffffffff
W/ResourceType(10324): No known package when getting name for resource number 0xffffffff
W/ResourceType(10324): No known package when getting name for resource number 0xffffffff
W/ResourceType(10324): No known package when getting name for resource number 0xffffffff
W/ResourceType(10324): No known package when getting name for resource number 0xffffffff
W/ResourceType(10324): No known package when getting name for resource number 0xffffffff
W/ResourceType(10324): No known package when getting name for resource number 0xffffffff
W/ResourceType(10324): No known package when getting name for resource number 0xffffffff
W/ResourceType(10324): No known package when getting name for resource number 0xffffffff
W/ResourceType(10324): No known package when getting name for resource number 0xffffffff
W/ResourceType(10324): No known package when getting name for resource number 0xffffffff
W/ResourceType(10324): No known package when getting name for resource number 0xffffffff
W/ResourceType(10324): No known package when getting name for resource number 0xffffffff
W/ResourceType(10324): No known package when getting name for resource number 0xffffffff
W/ResourceType(10324): No known package when getting name for resource number 0xffffffff
W/ResourceType(10324): No known package when getting name for resource number 0xffffffff
W/ResourceType(10324): No known package when getting name for resource number 0xffffffff
W/ResourceType(10324): No known package when getting name for resource number 0xffffffff
W/ResourceType(10324): No known package when getting name for resource number 0xffffffff
W/ResourceType(10324): No known package when getting name for resource number 0xffffffff
W/ResourceType(10324): No known package when getting name for resource number 0xffffffff
W/ResourceType(10324): No known package when getting name for resource number 0xffffffff
I/System.out(10324): URI: /map
I/System.out(10324): params: {json={"query":"* marked:'descriptionCard'","operation":{"method_name":"query","arguments":[]}}
I/System.out(10324): }
W/ResourceType(10324): No known package when getting name for resource number 0xffffffff
W/ResourceType(10324): No known package when getting name for resource number 0xffffffff
W/ResourceType(10324): No known package when getting name for resource number 0xffffffff
W/ResourceType(10324): No known package when getting name for resource number 0xffffffff
W/ResourceType(10324): No known package when getting name for resource number 0xffffffff
W/ResourceType(10324): No known package when getting name for resource number 0xffffffff
W/ResourceType(10324): No known package when getting name for resource number 0xffffffff
W/ResourceType(10324): No known package when getting name for resource number 0xffffffff
W/ResourceType(10324): No known package when getting name for resource number 0xffffffff
W/ResourceType(10324): No known package when getting name for resource number 0xffffffff
W/ResourceType(10324): No known package when getting name for resource number 0xffffffff
W/ResourceType(10324): No known package when getting name for resource number 0xffffffff
W/ResourceType(10324): No known package when getting name for resource number 0xffffffff
W/ResourceType(10324): No known package when getting name for resource number 0xffffffff
W/ResourceType(10324): No known package when getting name for resource number 0xffffffff
W/ResourceType(10324): No known package when getting name for resource number 0xffffffff
W/ResourceType(10324): No known package when getting name for resource number 0xffffffff
W/ResourceType(10324): No known package when getting name for resource number 0xffffffff
W/ResourceType(10324): No known package when getting name for resource number 0xffffffff
W/ResourceType(10324): No known package when getting name for resource number 0xffffffff
W/ResourceType(10324): No known package when getting name for resource number 0xffffffff
W/ResourceType(10324): No known package when getting name for resource number 0xffffffff
W/ResourceType(10324): No known package when getting name for resource number 0xffffffff
W/ResourceType(10324): No known package when getting name for resource number 0xffffffff
W/ResourceType(10324): No known package when getting name for resource number 0xffffffff
W/ResourceType(10324): No known package when getting name for resource number 0xffffffff
W/ResourceType(10324): No known package when getting name for resource number 0xffffffff
W/ResourceType(10324): No known package when getting name for resource number 0xffffffff
W/ResourceType(10324): No known package when getting name for resource number 0xffffffff
W/ResourceType(10324): No known package when getting name for resource number 0xffffffff
W/ResourceType(10324): No known package when getting name for resource number 0xffffffff
W/ResourceType(10324): No known package when getting name for resource number 0xffffffff
W/ResourceType(10324): No known package when getting name for resource number 0xffffffff
W/ResourceType(10324): No known package when getting name for resource number 0xffffffff
W/ResourceType(10324): No known package when getting name for resource number 0xffffffff
W/ResourceType(10324): No known package when getting name for resource number 0xffffffff
W/ResourceType(10324): No known package when getting name for resource number 0xffffffff
W/ResourceType(10324): No known package when getting name for resource number 0xffffffff
W/ResourceType(10324): No known package when getting name for resource number 0xffffffff
W/ResourceType(10324): No known package when getting name for resource number 0xffffffff
W/ResourceType(10324): No known package when getting name for resource number 0xffffffff
W/ResourceType(10324): No known package when getting name for resource number 0xffffffff
W/ResourceType(10324): No known package when getting name for resource number 0xffffffff
W/ResourceType(10324): No known package when getting name for resource number 0xffffffff
W/ResourceType(10324): No known package when getting name for resource number 0xffffffff
W/ResourceType(10324): No known package when getting name for resource number 0xffffffff
W/ResourceType(10324): No known package when getting name for resource number 0xffffffff
W/ResourceType(10324): No known package when getting name for resource number 0xffffffff
W/ResourceType(10324): No known package when getting name for resource number 0xffffffff
W/ResourceType(10324): No known package when getting name for resource number 0xffffffff
W/ResourceType(10324): No known package when getting name for resource number 0xffffffff
W/ResourceType(10324): No known package when getting name for resource number 0xffffffff
W/ResourceType(10324): No known package when getting name for resource number 0xffffffff
W/ResourceType(10324): No known package when getting name for resource number 0xffffffff
W/ResourceType(10324): No known package when getting name for resource number 0xffffffff
W/ResourceType(10324): No known package when getting name for resource number 0xffffffff
W/ResourceType(10324): No known package when getting name for resource number 0xffffffff
W/ResourceType(10324): No known package when getting name for resource number 0xffffffff
W/ResourceType(10324): No known package when getting name for resource number 0xffffffff
W/ResourceType(10324): No known package when getting name for resource number 0xffffffff
W/ResourceType(10324): No known package when getting name for resource number 0xffffffff
W/ResourceType(10324): No known package when getting name for resource number 0xffffffff
W/ResourceType(10324): No known package when getting name for resource number 0xffffffff
W/ResourceType(10324): No known package when getting name for resource number 0xffffffff
W/ResourceType(10324): No known package when getting name for resource number 0xffffffff
W/ResourceType(10324): No known package when getting name for resource number 0xffffffff
W/ResourceType(10324): No known package when getting name for resource number 0xffffffff
W/ResourceType(10324): No known package when getting name for resource number 0xffffffff
W/ResourceType(10324): No known package when getting name for resource number 0xffffffff
W/ResourceType(10324): No known package when getting name for resource number 0xffffffff
W/ResourceType(10324): No known package when getting name for resource number 0xffffffff
W/ResourceType(10324): No known package when getting name for resource number 0xffffffff
W/ResourceType(10324): No known package when getting name for resource number 0xffffffff
W/ResourceType(10324): No known package when getting name for resource number 0xffffffff
W/ResourceType(10324): No known package when getting name for resource number 0xffffffff
W/ResourceType(10324): No known package when getting name for resource number 0xffffffff
I/art     (10324): Starting a blocking GC Explicit
I/art     (10324): Explicit concurrent mark sweep GC freed 202808(8MB) AllocSpace objects, 11(220KB) LOS objects, 28% free, 39MB/55MB, paused 968us total 57.277ms
I/art     (10324): Starting a blocking GC Explicit
I/art     (10324): Explicit concurrent mark sweep GC freed 197(8KB) AllocSpace objects, 0(0B) LOS objects, 28% free, 39MB/55MB, paused 1.066ms total 29.756ms
I/art     (10324): Starting a blocking GC Explicit
I/art     (10324): Explicit concurrent mark sweep GC freed 10(720B) AllocSpace objects, 0(0B) LOS objects, 28% free, 39MB/55MB, paused 919us total 28.233ms
I/art     (10324): Starting a blocking GC Explicit
I/art     (10324): Explicit concurrent mark sweep GC freed 10(720B) AllocSpace objects, 0(0B) LOS objects, 28% free, 39MB/55MB, paused 878us total 27.339ms
I/art     (10324): Starting a blocking GC Explicit
I/art     (10324): Explicit concurrent mark sweep GC freed 10(720B) AllocSpace objects, 0(0B) LOS objects, 28% free, 39MB/55MB, paused 972us total 28.464ms
I/Atfwd_Sendcmd(  543): AtCmdFwd service not ready - Exhausted retry attempts - :6
I/Atfwd_Daemon(  543): result : -1 	 ,Init step :2 	 ,qmiErrorCode: 0

]]><xtc-duration value="154.46661039999998"/></xtc-step><!-- name: "undefined", id: "undefined" --><![CDATA[
I/art     (10324): Starting a blocking GC Explicit
I/art     (10324): Explicit concurrent mark sweep GC freed 2094(143KB) AllocSpace objects, 1(20KB) LOS objects, 28% free, 39MB/55MB, paused 2.186ms total 31.721ms
I/art     (10324): Starting a blocking GC Explicit
I/art     (10324): Explicit concurrent mark sweep GC freed 30(1432B) AllocSpace objects, 0(0B) LOS objects, 28% free, 39MB/55MB, paused 908us total 27.883ms
I/art     (10324): Starting a blocking GC Explicit
I/art     (10324): Explicit concurrent mark sweep GC freed 10(720B) AllocSpace objects, 0(0B) LOS objects, 28% free, 39MB/55MB, paused 940us total 28.313ms
I/art     (10324): Starting a blocking GC Explicit
I/art     (10324): Explicit concurrent mark sweep GC freed 10(720B) AllocSpace objects, 0(0B) LOS objects, 28% free, 39MB/55MB, paused 851us total 27.830ms
I/art     (10324): Starting a blocking GC Explicit
I/art     (10324): Explicit concurrent mark sweep GC freed 10(720B) AllocSpace objects, 0(0B) LOS objects, 28% free, 39MB/55MB, paused 975us total 28.245ms

]]><xtc-step name="[0-1041]CareerBuilder_Search.DroidFeatureTests.JDPTests.DescriptionCardShouldBeVisible-0-NA-FinalScreenShot" id="[0-1041]CareerBuilder_Search.DroidFeatureTests.JDPTests.DescriptionCardShouldBeVisible-0-NA-FinalScreenShot"><![CDATA[

]]><xtc-duration value="1.5599318"/></xtc-step><!-- name: "undefined", id: "undefined" --><![CDATA[

]]><xtc-duration value="164.8871376" skip="false"/></xtc-scenario><!-- name: "undefined", id: "undefined" --><![CDATA[
I/art     (10324): Starting a blocking GC Explicit
I/art     (10324): Explicit concurrent mark sweep GC freed 2078(142KB) AllocSpace objects, 1(20KB) LOS objects, 28% free, 39MB/55MB, paused 990us total 35.309ms
I/art     (10324): Starting a blocking GC Explicit
I/art     (10324): Explicit concurrent mark sweep GC freed 52(2088B) AllocSpace objects, 0(0B) LOS objects, 28% free, 39MB/55MB, paused 883us total 29.663ms
I/art     (10324): Starting a blocking GC Explicit
I/art     (10324): Explicit concurrent mark sweep GC freed 10(720B) AllocSpace objects, 0(0B) LOS objects, 28% free, 39MB/55MB, paused 871us total 29.399ms
I/art     (10324): Starting a blocking GC Explicit
I/art     (10324): Explicit concurrent mark sweep GC freed 10(720B) AllocSpace objects, 0(0B) LOS objects, 28% free, 39MB/55MB, paused 866us total 29.635ms
I/art     (10324): Starting a blocking GC Explicit
I/art     (10324): Explicit concurrent mark sweep GC freed 10(720B) AllocSpace objects, 0(0B) LOS objects, 28% free, 39MB/55MB, paused 863us total 29.489ms
W/ip      (11018): type=1400 audit(0.0:75): avc: denied { search } for name="net" dev="dm-2" ino=3440648 scontext=u:r:shell:s0 tcontext=u:object_r:net_data_file:s0 tclass=dir permissive=0
D/Mono    (10324): [0xda3f0930] worker finishing
D/Mono    (10324): [0xd95f5930] worker finishing
I/ThermalEngine(  517): ACTION: GPU - Setting GPU[0] to 450000000
I/art     (10324): Starting a blocking GC Explicit
I/art     (10324): Explicit concurrent mark sweep GC freed 2097(143KB) AllocSpace objects, 1(20KB) LOS objects, 28% free, 39MB/55MB, paused 759us total 31.765ms
I/art     (10324): Starting a blocking GC Explicit
I/art     (10324): Explicit concurrent mark sweep GC freed 27(1320B) AllocSpace objects, 0(0B) LOS objects, 28% free, 39MB/55MB, paused 612us total 26.919ms
I/art     (10324): Starting a blocking GC Explicit
I/art     (10324): Explicit concurrent mark sweep GC freed 10(720B) AllocSpace objects, 0(0B) LOS objects, 28% free, 39MB/55MB, paused 580us total 26.952ms
I/art     (10324): Starting a blocking GC Explicit
I/art     (10324): Explicit concurrent mark sweep GC freed 10(720B) AllocSpace objects, 0(0B) LOS objects, 28% free, 39MB/55MB, paused 627us total 26.887ms
I/art     (10324): Starting a blocking GC Explicit
I/art     (10324): Explicit concurrent mark sweep GC freed 10(720B) AllocSpace objects, 0(0B) LOS objects, 28% free, 39MB/55MB, paused 603us total 27.027ms
I/ServiceManager(  543): Waiting for service AtCmdFwd...
I/ServiceManager(  543): Waiting for service AtCmdFwd...
I/ServiceManager(  543): Waiting for service AtCmdFwd...
I/ServiceManager(  543): Waiting for service AtCmdFwd...
I/ThermalEngine(  517): ACTION: GPU - Setting GPU[0] to 510000000
I/ServiceManager(  543): Waiting for service AtCmdFwd...
W/Atfwd_Sendcmd(  543): AtCmdFwd service not published, waiting... retryCnt : 1
I/art     (10324): Starting a blocking GC Explicit
I/art     (10324): Explicit concurrent mark sweep GC freed 2078(142KB) AllocSpace objects, 1(20KB) LOS objects, 28% free, 39MB/55MB, paused 541us total 28.841ms
I/art     (10324): Starting a blocking GC Explicit
I/art     (10324): Explicit concurrent mark sweep GC freed 20(696B) AllocSpace objects, 0(0B) LOS objects, 28% free, 39MB/55MB, paused 483us total 20.299ms
I/art     (10324): Starting a blocking GC Explicit
I/art     (10324): Explicit concurrent mark sweep GC freed 10(720B) AllocSpace objects, 0(0B) LOS objects, 28% free, 39MB/55MB, paused 454us total 20.010ms
I/art     (10324): Starting a blocking GC Explicit
I/art     (10324): Explicit concurrent mark sweep GC freed 10(720B) AllocSpace objects, 0(0B) LOS objects, 28% free, 39MB/55MB, paused 442us total 20.136ms
I/art     (10324): Starting a blocking GC Explicit
I/art     (10324): Explicit concurrent mark sweep GC freed 3(96B) AllocSpace objects, 0(0B) LOS objects, 28% free, 39MB/55MB, paused 441us total 20.014ms
D/Mono    (10324): [0xda0bf930] worker finishing
I/ServiceManager(  543): Waiting for service AtCmdFwd...
I/art     (10324): Starting a blocking GC Explicit
I/art     (10324): Explicit concurrent mark sweep GC freed 2091(143KB) AllocSpace objects, 1(20KB) LOS objects, 28% free, 39MB/55MB, paused 605us total 29.179ms
I/art     (10324): Starting a blocking GC Explicit
I/art     (10324): Explicit concurrent mark sweep GC freed 27(1320B) AllocSpace objects, 0(0B) LOS objects, 28% free, 39MB/55MB, paused 451us total 20.007ms
I/art     (10324): Starting a blocking GC Explicit
I/art     (10324): Explicit concurrent mark sweep GC freed 3(96B) AllocSpace objects, 0(0B) LOS objects, 28% free, 39MB/55MB, paused 450us total 19.685ms
I/art     (10324): Starting a blocking GC Explicit
I/art     (10324): Explicit concurrent mark sweep GC freed 10(720B) AllocSpace objects, 0(0B) LOS objects, 28% free, 39MB/55MB, paused 449us total 19.792ms
I/art     (10324): Starting a blocking GC Explicit
I/art     (10324): Explicit concurrent mark sweep GC freed 3(96B) AllocSpace objects, 0(0B) LOS objects, 28% free, 39MB/55MB, paused 471us total 19.807ms
I/ServiceManager(  543): Waiting for service AtCmdFwd...
I/ServiceManager(  543): Waiting for service AtCmdFwd...
I/ServiceManager(  543): Waiting for service AtCmdFwd...
D/WifiStateMachine(  922): starting scan for "xtc-ag"WPA_PSK with 5240,5180,5220,5200
I/ServiceManager(  543): Waiting for service AtCmdFwd...
