D/Mono    ( 9651): Found as 'java_interop_jnienv_is_assignable_from'.
D/Mono    ( 9651): DllImport searching in: '__Internal' ('(null)').
D/Mono    ( 9651): Searching for 'java_interop_jnienv_get_byte_array_region'.
D/Mono    ( 9651): Probing 'java_interop_jnienv_get_byte_array_region'.
D/Mono    ( 9651): Found as 'java_interop_jnienv_get_byte_array_region'.
I/System.out( 9651): URI: /map
I/System.out( 9651): params: {json={"query":"* id:'agreeAndContinueButton'","operation":{"method_name":"query","arguments":[]}}
I/System.out( 9651): }
D/Mono    ( 9651): DllImport searching in: '__Internal' ('(null)').
D/Mono    ( 9651): Searching for 'java_interop_jnienv_set_byte_array_region'.
D/Mono    ( 9651): Probing 'java_interop_jnienv_set_byte_array_region'.
D/Mono    ( 9651): Found as 'java_interop_jnienv_set_byte_array_region'.
W/ResourceType( 9651): No known package when getting name for resource number 0xffffffff
W/ResourceType( 9651): No known package when getting name for resource number 0xffffffff
W/ResourceType( 9651): No known package when getting name for resource number 0xffffffff
W/ResourceType( 9651): No known package when getting name for resource number 0xffffffff
W/ResourceType( 9651): No known package when getting name for resource number 0xffffffff
W/ResourceType( 9651): No known package when getting name for resource number 0xffffffff
W/ResourceType( 9651): No known package when getting name for resource number 0xffffffff
W/Mono    ( 9651): The request to load the assembly System.Core v4.0.0.0 was remapped to v2.0.5.0
D/Mono    ( 9651): Unloading image System.Core.dll [0xd9a20600].
D/Mono    ( 9651): Image addref System.Core[0xef119320] -> System.Core.dll[0xdc0df000]: 5
D/Mono    ( 9651): Config attempting to parse: 'System.Core.dll.config'.
D/Mono    ( 9651): Config attempting to parse: '/Users/builder/data/lanes/4009/f3074d2c/source/monodroid/builds/install/mono-armv6/etc/mono/assemblies/System.Core/System.Core.config'.
W/Mono    ( 9651): The request to load the assembly System.Core v4.0.0.0 was remapped to v2.0.5.0
D/Mono    ( 9651): Unloading image System.Core.dll [0xd9a20600].
D/Mono    ( 9651): Image addref System.Core[0xef119560] -> System.Core.dll[0xdc0df000]: 6
D/Mono    ( 9651): Config attempting to parse: 'System.Core.dll.config'.
D/Mono    ( 9651): Config attempting to parse: '/Users/builder/data/lanes/4009/f3074d2c/source/monodroid/builds/install/mono-armv6/etc/mono/assemblies/System.Core/System.Core.config'.
I/System.out( 9651): URI: /
I/System.out( 9651): params: {json={"command":"touch_coordinate","arguments":[720.0,2273.0]}
I/System.out( 9651): }
I/System.out( 9651): header: {content-length=57, host=devicehost47.prod, x-session-token=token-token-db110f5c-2cda-4148-895d-a48e4054da81, x-forwarded-for=10.222.150.22, content-type=application/json; charset=utf-8, connection=close}
I/System.out( 9651): params: {json={"command":"touch_coordinate","arguments":[720.0,2273.0]}
I/System.out( 9651): }
I/System.out( 9651): ProP json = {"command":"touch_coordinate","arguments":[720.0,2273.0]}
I/System.out( 9651): files: {}
I/System.out( 9651): command: {"command":"touch_coordinate","arguments":[720.0,2273.0]}
I/InstrumentationBackend( 9651): Got command:'Command:'Line:null,touch_coordinate', arguments:'[720.0, 2273.0]'
D/Mono    ( 9651): DllImport searching in: '__Internal' ('(null)').
D/Mono    ( 9651): Searching for 'java_interop_jnienv_new_byte_array'.
D/Mono    ( 9651): Probing 'java_interop_jnienv_new_byte_array'.
D/Mono    ( 9651): Found as 'java_interop_jnienv_new_byte_array'.
D/Mono    ( 9651): [0xd971e930] hill climbing, change max number of threads 9
D/audio_hw_primary(  515): out_set_parameters: enter: usecase(1: low-latency-playback) kvpairs: routing=2
I/calabash( 9651): execStartActivity 4
I/ActivityManager(  928): START u0 {cmp=com.careerbuilder.SugarDrone/md537fd6201b6818e2e180d2f7606e21a83.ValuePropActivity} from uid 17953 on display 0
D/audio_hw_primary(  515): select_devices: out_snd_device(2: speaker) in_snd_device(0: none)
D/msm8974_platform(  515): platform_send_audio_calibration: sending audio calibration for snd_device(2) acdb_id(15)
I/soundtrigger(  515): audio_extn_sound_trigger_update_device_status: device 0x2 of type 0 for Event 1
I/calabash( 9651): newActivity1
D/audio_hw_primary(  515): enable_snd_device: snd_device(2: speaker)
D/audio_hw_primary(  515): enable_audio_route: apply and update mixer path: low-latency-playback speaker
D/Mono    ( 9651): Assembly Ref addref CareerBuilder_Search.Droid[0xef3a9080] -> System.Core[0xef3aa580]: 14
D/Mono    ( 9651): DllImport searching in: '__Internal' ('(null)').
D/Mono    ( 9651): Searching for 'java_interop_jnienv_call_nonvirtual_object_method'.
D/Mono    ( 9651): Probing 'java_interop_jnienv_call_nonvirtual_object_method'.
D/Mono    ( 9651): Found as 'java_interop_jnienv_call_nonvirtual_object_method'.
I/System.out( 9651): result:{"bonusInformation":[],"message":"","success":true}
D/Mono    ( 9651): Assembly Ref addref CareerBuilder_Search.Droid[0xef3a9080] -> Newtonsoft.Json[0xef3a9b60]: 4
I/System.out( 9651): URI: /backdoor
I/System.out( 9651): params: {json={"method_name":"APISetup","arguments":[200]}
I/System.out( 9651): }
I/ThermalEngine(  521): ACTION: GPU - Setting GPU[0] to 450000000
D/audio_hw_primary(  515): disable_audio_route: reset and update mixer path: low-latency-playback speaker
D/audio_hw_primary(  515): disable_snd_device: snd_device(2: speaker)
I/soundtrigger(  515): audio_extn_sound_trigger_update_device_status: device 0x2 of type 0 for Event 0
W/FragmentManager( 9651): moveToState: Fragment state for ValuePropFragment{daa9c4f #0 id=0x7f0a0148 android:switcher:2131362120:1} not updated inline; expected state 3 found 2
I/art     ( 9651): Starting a blocking GC Explicit
I/art     ( 9651): Explicit concurrent mark sweep GC freed 13341(582KB) AllocSpace objects, 2(40KB) LOS objects, 33% free, 31MB/47MB, paused 591us total 22.385ms
I/art     ( 9651): Starting a blocking GC Explicit
I/art     ( 9651): Explicit concurrent mark sweep GC freed 261(12KB) AllocSpace objects, 0(0B) LOS objects, 33% free, 31MB/47MB, paused 453us total 16.207ms
I/art     ( 9651): Starting a blocking GC Explicit
I/Choreographer( 9651): Skipped 37 frames!  The application may be doing too much work on its main thread.
I/art     ( 9651): Explicit concurrent mark sweep GC freed 58(2352B) AllocSpace objects, 0(0B) LOS objects, 33% free, 31MB/47MB, paused 460us total 17.508ms
I/art     ( 9651): Starting a blocking GC Explicit
I/art     ( 9651): Explicit concurrent mark sweep GC freed 12(896B) AllocSpace objects, 0(0B) LOS objects, 33% free, 31MB/47MB, paused 444us total 16.363ms
I/art     ( 9651): Starting a blocking GC Explicit
I/ActivityManager(  928): Displayed com.careerbuilder.SugarDrone/md537fd6201b6818e2e180d2f7606e21a83.ValuePropActivity: +903ms
I/art     ( 9651): Explicit concurrent mark sweep GC freed 119(11KB) AllocSpace objects, 0(0B) LOS objects, 33% free, 31MB/47MB, paused 1.895ms total 19.284ms
I/Keyboard.Facilitator( 3441): onFinishInput()
W/SurfaceFlinger(  381): couldn't log to binary event log: overflow.
I/ThermalEngine(  521): ACTION: GPU - Setting GPU[0] to 390000000
I/System.out( 9651): URI: /backdoor
I/System.out( 9651): params: {json={"method_name":"MyCBBackdoor","arguments":[]}
I/System.out( 9651): }
D/Mono    ( 9651): Assembly Ref addref CareerBuilder_Search.Droid[0xef3a9080] -> Xamarin.Android.Support.Design[0xef3a9aa0]: 2
I/calabash( 9651): execStartActivity 4
I/ActivityManager(  928): START u0 {cmp=com.careerbuilder.SugarDrone/md5a4824aa66c0dc4d104077b72c1916a44.MasterNavActivity} from uid 17953 on display 0
I/calabash( 9651): newActivity1
D/Mono    ( 9651): DllImport searching in: '__Internal' ('(null)').
D/Mono    ( 9651): Searching for 'java_interop_jnienv_call_int_method'.
D/Mono    ( 9651): Probing 'java_interop_jnienv_call_int_method'.
D/Mono    ( 9651): Found as 'java_interop_jnienv_call_int_method'.
I/System.out( 9651): URI: /map
I/System.out( 9651): params: {json={"query":"* marked:'Skip'","operation":{"method_name":"query","arguments":[]}}
I/System.out( 9651): }
D/Mono    ( 9651): Assembly Ref addref Xamarin.Android.Support.Design[0xef3a9aa0] -> Xamarin.Android.Support.v4[0xef3a98c0]: 4
D/Mono    ( 9651): Assembly Ref addref CareerBuilder_Search.Droid[0xef3a9080] -> Xamarin.Android.Support.v7.RecyclerView[0xef3a9920]: 2
D/Mono    ( 9651): Assembly Ref addref Xamarin.Android.Support.v7.RecyclerView[0xef3a9920] -> Xamarin.Android.Support.v4[0xef3a98c0]: 5
D/Mono    ( 9651): Assembly Ref addref CareerBuilder_Search.Droid[0xef3a9080] -> FloatingActionButton-Xamarin[0xef3a9860]: 2
D/Mono    ( 9651): Unloading image System.IO.dll [0xd92f0700].
D/Mono    ( 9651): Image addref System.IO[0xd89eaf60] -> System.IO.dll[0xd834a300]: 6
D/Mono    ( 9651): Config attempting to parse: 'System.IO.dll.config'.
D/Mono    ( 9651): Config attempting to parse: '/Users/builder/data/lanes/4009/f3074d2c/source/monodroid/builds/install/mono-armv6/etc/mono/assemblies/System.IO/System.IO.config'.
D/Mono    ( 9651): Assembly Ref addref CareerBuilder_Search[0xef3a9f20] -> System.IO[0xd8703620]: 4
W/FragmentManager( 9651): moveToState: Fragment state for SavedJobsFragment{3224145 #0 id=0x7f0a0148 android:switcher:2131362120:1} not updated inline; expected state 3 found 2
D/Mono    ( 9651): Assembly Ref addref CareerBuilder_Search.Droid[0xef3a9080] -> System[0xef3aa220]: 13
W/FragmentManager( 9651): moveToState: Fragment state for ResumeManagementFragment{5d7009a #1 id=0x7f0a0148 android:switcher:2131362120:2} not updated inline; expected state 3 found 2
D/Mono    ( 9651): Unloading image System.Linq.dll [0xd92f1100].
D/Mono    ( 9651): Image addref System.Linq[0xd89eb380] -> System.Linq.dll[0xdc0e0900]: 9
D/Mono    ( 9651): Config attempting to parse: 'System.Linq.dll.config'.
D/Mono    ( 9651): Config attempting to parse: '/Users/builder/data/lanes/4009/f3074d2c/source/monodroid/builds/install/mono-armv6/etc/mono/assemblies/System.Linq/System.Linq.config'.
D/Mono    ( 9651): Assembly Ref addref CareerBuilder_Search[0xef3a9f20] -> System.Linq[0xef3aa400]: 7
D/Mono    ( 9651): DllImport attempting to load: '/system/lib/liblog.so'.
D/Mono    ( 9651): DllImport loaded library '/system/lib/liblog.so'.
D/Mono    ( 9651): DllImport searching in: '/system/lib/liblog.so' ('/system/lib/liblog.so').
D/Mono    ( 9651): Searching for '__android_log_print'.
D/Mono    ( 9651): Probing '__android_log_print'.
D/Mono    ( 9651): Found as '__android_log_print'.
I/mono-stdout( 9651): uri is: https://api.careerbuilder.com/consumer/resumes?OAuthToken=&HostSite=US&DeveloperKey=WDHR8FC6P2JZ1Y61KLM5
D/Mono    ( 9651): DllImport searching in: '__Internal' ('(null)').
D/Mono    ( 9651): Searching for 'java_interop_jnienv_call_nonvirtual_void_method'.
D/Mono    ( 9651): Probing 'java_interop_jnienv_call_nonvirtual_void_method'.
D/Mono    ( 9651): Found as 'java_interop_jnienv_call_nonvirtual_void_method'.
I/mono-stdout( 9651): uri is: https://api.careerbuilder.com/consumer/saved-jobs/?DeveloperKey=WDHR8FC6P2JZ1Y61KLM5
D/Mono    ( 9651): Unloading image System.Collections.dll [0xd8e35000].
D/Mono    ( 9651): Image addref System.Collections[0xd89eb320] -> System.Collections.dll[0xea9f0700]: 10
D/Mono    ( 9651): Config attempting to parse: 'System.Collections.dll.config'.
D/Mono    ( 9651): Config attempting to parse: '/Users/builder/data/lanes/4009/f3074d2c/source/monodroid/builds/install/mono-armv6/etc/mono/assemblies/System.Collections/System.Collections.config'.
D/Mono    ( 9651): Assembly Ref addref System.Reactive.Linq[0xef3a9ce0] -> System.Collections[0xef3aa2e0]: 8
I/mono-stdout( 9651): uri is: https://api.careerbuilder.com/consumer/jobs/search/?Keywords=&Location=&UseFacets=true&PageNumber=1&ExcludeNational=true&DeveloperKey=WDHR8FC6P2JZ1Y61KLM5
I/mono-stdout( 9651): uri is: https://api.careerbuilder.com/consumer/resumes?OAuthToken=&HostSite=US&DeveloperKey=WDHR8FC6P2JZ1Y61KLM5
D/Mono    ( 9651): Image addref System.Net.Primitives[0xef119440] -> System.Net.Primitives.dll[0xd9979f00]: 2
D/Mono    ( 9651): Prepared to set up assembly 'System.Net.Primitives' (System.Net.Primitives.dll)
D/Mono    ( 9651): Assembly System.Net.Primitives[0xef119440] added to domain RootDomain, ref_count=1
D/Mono    ( 9651): Unloading image System.Net.Primitives.dll [0xd8e37300].
D/Mono    ( 9651): Image addref System.Net.Primitives[0xd89eb680] -> System.Net.Primitives.dll[0xd9979f00]: 4
D/Mono    ( 9651): Config attempting to parse: 'System.Net.Primitives.dll.config'.
D/Mono    ( 9651): Config attempting to parse: '/Users/builder/data/lanes/4009/f3074d2c/source/monodroid/builds/install/mono-armv6/etc/mono/assemblies/System.Net.Primitives/System.Net.Primitives.config'.
D/Mono    ( 9651): Assembly Ref addref CareerBuilder_Search[0xef3a9f20] -> System.Net.Primitives[0xef119440]: 2
D/Mono    ( 9651): Assembly Ref addref System.Net.Primitives[0xef119440] -> System[0xef3aa220]: 14
D/Mono    ( 9651): AOT module 'System.Net.Primitives.dll.so' not found: dlopen failed: library "/data/app/com.careerbuilder.SugarDrone-1/lib/arm/libaot-System.Net.Primitives.dll.so" not found
D/Mono    ( 9651): AOT module '/Users/builder/data/lanes/4009/f3074d2c/source/monodroid/builds/install/mono-armv6/lib/mono/aot-cache/arm/System.Net.Primitives.dll.so' not found: dlopen failed: library "/data/app/com.careerbuilder.SugarDrone-1/lib/arm/libaot-System.Net.Primitives.dll.so" not found
D/Mono    ( 9651): Config attempting to parse: 'System.Net.Primitives.dll.config'.
D/Mono    ( 9651): Config attempting to parse: '/Users/builder/data/lanes/4009/f3074d2c/source/monodroid/builds/install/mono-armv6/etc/mono/assemblies/System.Net.Primitives/System.Net.Primitives.config'.
D/Mono    ( 9651): Unloading image System.Net.Primitives.dll [0xd997b300].
D/Mono    ( 9651): Image addref System.Net.Primitives[0xef119260] -> System.Net.Primitives.dll[0xd9979f00]: 6
D/Mono    ( 9651): Unloading image System.Net.Primitives.dll [0xd8e36900].
D/Mono    ( 9651): Config attempting to parse: 'System.Net.Primitives.dll.config'.
D/Mono    ( 9651): Config attempting to parse: '/Users/builder/data/lanes/4009/f3074d2c/source/monodroid/builds/install/mono-armv6/etc/mono/assemblies/System.Net.Primitives/System.Net.Primitives.config'.
D/Mono    ( 9651): Image addref System.Net.Primitives[0xd89eb320] -> System.Net.Primitives.dll[0xd9979f00]: 7
D/Mono    ( 9651): Config attempting to parse: 'System.Net.Primitives.dll.config'.
D/Mono    ( 9651): Config attempting to parse: '/Users/builder/data/lanes/4009/f3074d2c/source/monodroid/builds/install/mono-armv6/etc/mono/assemblies/System.Net.Primitives/System.Net.Primitives.config'.
D/Mono    ( 9651): Unloading image System.Text.Encoding.dll [0xd997b300].
D/Mono    ( 9651): Unloading image System.Text.Encoding.dll [0xd997b800].
D/Mono    ( 9651): Image addref System.Text.Encoding[0xef1192c0] -> System.Text.Encoding.dll[0xd8349900]: 6
D/Mono    ( 9651): Config attempting to parse: 'System.Text.Encoding.dll.config'.
D/Mono    ( 9651): Image addref System.Text.Encoding[0xef1197a0] -> System.Text.Encoding.dll[0xd8349900]: 6
D/Mono    ( 9651): Config attempting to parse: '/Users/builder/data/lanes/4009/f3074d2c/source/monodroid/builds/install/mono-armv6/etc/mono/assemblies/System.Text.Encoding/System.Text.Encoding.config'.
D/Mono    ( 9651): Config attempting to parse: 'System.Text.Encoding.dll.config'.
D/Mono    ( 9651): Assembly Ref addref CareerBuilder_Search[0xef3a9f20] -> System.Text.Encoding[0xd8a2c540]: 3
D/Mono    ( 9651): Config attempting to parse: '/Users/builder/data/lanes/4009/f3074d2c/source/monodroid/builds/install/mono-armv6/etc/mono/assemblies/System.Text.Encoding/System.Text.Encoding.config'.
I/mono-stdout( 9651): making api call to: /consumer/saved-jobs/?DeveloperKey=WDHR8FC6P2JZ1Y61KLM5
I/mono-stdout( 9651): making api call to: /consumer/jobs/search/?Keywords=&Location=&UseFacets=true&PageNumber=1&ExcludeNational=true&DeveloperKey=WDHR8FC6P2JZ1Y61KLM5
I/mono-stdout( 9651): making api call to: /consumer/resumes?OAuthToken=&HostSite=US&DeveloperKey=WDHR8FC6P2JZ1Y61KLM5
I/mono-stdout( 9651): making api call to: /consumer/resumes?OAuthToken=&HostSite=US&DeveloperKey=WDHR8FC6P2JZ1Y61KLM5
I/mono-stdout( 9651): Method: GET, RequestUri: 'https://api.careerbuilder.com/consumer/saved-jobs/?DeveloperKey=WDHR8FC6P2JZ1Y61KLM5', Version: 1.1, Content: <null>, Headers:

I/mono-stdout( 9651): {

I/mono-stdout( 9651): DeveloperKey: WDHR8FC6P2JZ1Y61KLM5

I/mono-stdout( 9651): Accept: application/json

I/mono-stdout( 9651): Authorization: Bearer test

I/mono-stdout( 9651): HostSite: US

I/mono-stdout( 9651): }
I/mono-stdout( 9651): Current State = 1,2,6,7
I/mono-stdout( 9651): applied jobs = 6
I/mono-stdout( 9651): expired jobs = 7
I/mono-stdout( 9651): saved jobs = Saved,Saved,Applied,Saved
I/mono-stdout( 9651): done making call to: /consumer/resumes?OAuthToken=&HostSite=US&DeveloperKey=WDHR8FC6P2JZ1Y61KLM5
I/mono-stdout( 9651): done making call to: /consumer/resumes?OAuthToken=&HostSite=US&DeveloperKey=WDHR8FC6P2JZ1Y61KLM5
I/mono-stdout( 9651): The resume  with hash has been set as latest
I/mono-stdout( 9651): The resume  with hash has been set as latest
I/art     ( 9651): Starting a blocking GC Explicit
I/art     ( 9651): Explicit concurrent mark sweep GC freed 55455(2MB) AllocSpace objects, 7(140KB) LOS objects, 29% free, 38MB/54MB, paused 859us total 32.729ms
D/Mono    ( 9651): GC_TAR_BRIDGE bridges 173 objects 371 opaque 122 colors 173 colors-bridged 173 colors-visible 173 xref 5 cache-hit 0 cache-semihit 0 cache-miss 0 setup 0.05ms tarjan 0.38ms scc-setup 0.12ms gather-xref 0.01ms xref-setup 0.01ms cleanup 0.06ms
D/Mono    ( 9651): GC_BRIDGE: Complete, was running for 35.98ms
D/Mono    ( 9651): GC_MINOR: (Nursery full) time 19.97ms, stw 20.99ms promoted 897K major size: 1872K in use: 1177K los size: 1024K in use: 370K
I/mono-stdout( 9651): done making call to: /consumer/saved-jobs/?DeveloperKey=WDHR8FC6P2JZ1Y61KLM5
I/mono-stdout( 9651): done making call to: /consumer/jobs/search/?Keywords=&Location=&UseFacets=true&PageNumber=1&ExcludeNational=true&DeveloperKey=WDHR8FC6P2JZ1Y61KLM5
I/mono-stdout( 9651): uri is: https://api.careerbuilder.com/consumer/saved-jobs/?DeveloperKey=WDHR8FC6P2JZ1Y61KLM5
I/mono-stdout( 9651): making api call to: /consumer/saved-jobs/?DeveloperKey=WDHR8FC6P2JZ1Y61KLM5
I/mono-stdout( 9651): Method: GET, RequestUri: 'https://api.careerbuilder.com/consumer/saved-jobs/?DeveloperKey=WDHR8FC6P2JZ1Y61KLM5', Version: 1.1, Content: <null>, Headers:

I/mono-stdout( 9651): {

I/mono-stdout( 9651): DeveloperKey: WDHR8FC6P2JZ1Y61KLM5

I/mono-stdout( 9651): Accept: application/json

I/mono-stdout( 9651): Authorization: Bearer test

I/mono-stdout( 9651): HostSite: US

I/mono-stdout( 9651): }
I/mono-stdout( 9651): Current State = 1,2,6,7
I/mono-stdout( 9651): applied jobs = 6
I/mono-stdout( 9651): expired jobs = 7
I/mono-stdout( 9651): saved jobs = Saved,Saved,Applied,Saved
E/RecyclerView( 9651): No adapter attached; skipping layout
W/art     ( 9651): JNI RegisterNativeMethods: attempt to register 0 native methods for md539c3d548fb000cea9f34163fa7e112ea.ProgressListItemViewHolder
W/ResourceType( 9651): No known package when getting name for resource number 0xffffffff
W/ResourceType( 9651): No known package when getting name for resource number 0xffffffff
W/ResourceType( 9651): No known package when getting name for resource number 0xffffffff
W/ResourceType( 9651): No known package when getting name for resource number 0xffffffff
W/ResourceType( 9651): No known package when getting name for resource number 0xffffffff
W/ResourceType( 9651): No known package when getting name for resource number 0xffffffff
W/ResourceType( 9651): No known package when getting name for resource number 0xffffffff
W/ResourceType( 9651): No known package when getting name for resource number 0xffffffff
W/ResourceType( 9651): No known package when getting name for resource number 0xffffffff
W/ResourceType( 9651): No known package when getting name for resource number 0xffffffff
D/Mono    ( 9651): Assembly Ref addref Xamarin.Android.Support.v7.AppCompat[0xef3a9a40] -> System.Core[0xef3aa580]: 15
I/Choreographer( 9651): Skipped 108 frames!  The application may be doing too much work on its main thread.
E/RecyclerView( 9651): No adapter attached; skipping layout
D/Mono    ( 9651): DllImport searching in: '__Internal' ('(null)').
D/Mono    ( 9651): Searching for 'java_interop_jnienv_call_void_method'.
D/Mono    ( 9651): Probing 'java_interop_jnienv_call_void_method'.
D/Mono    ( 9651): Found as 'java_interop_jnienv_call_void_method'.
I/ActivityManager(  928): Displayed com.careerbuilder.SugarDrone/md5a4824aa66c0dc4d104077b72c1916a44.MasterNavActivity: +2s440ms
I/Keyboard.Facilitator( 3441): onFinishInput()
E/RecyclerView( 9651): No adapter attached; skipping layout
I/mono-stdout( 9651): done making call to: /consumer/saved-jobs/?DeveloperKey=WDHR8FC6P2JZ1Y61KLM5
E/RecyclerView( 9651): No adapter attached; skipping layout
E/RecyclerView( 9651): No adapter attached; skipping layout
I/System.out( 9651): URI: /map
I/System.out( 9651): params: {json={"query":"* marked:'Job 1'","operation":{"method_name":"query","arguments":[]}}
I/System.out( 9651): }
W/art     ( 9651): JNI RegisterNativeMethods: attempt to register 0 native methods for md539c3d548fb000cea9f34163fa7e112ea.JobResultViewHolder
W/art     ( 9651): JNI RegisterNativeMethods: attempt to register 0 native methods for md543b91ad655f5c020e54c78f692da973f.SnapshotView
D/Mono    ( 9651): DllImport searching in: '__Internal' ('(null)').
D/Mono    ( 9651): Searching for 'java_interop_jnienv_set_int_field'.
D/Mono    ( 9651): Probing 'java_interop_jnienv_set_int_field'.
D/Mono    ( 9651): Found as 'java_interop_jnienv_set_int_field'.
W/ResourceType( 9651): No known package when getting name for resource number 0xffffffff
W/ResourceType( 9651): No known package when getting name for resource number 0xffffffff
W/ResourceType( 9651): No known package when getting name for resource number 0xffffffff
W/ResourceType( 9651): No known package when getting name for resource number 0xffffffff
W/ResourceType( 9651): No known package when getting name for resource number 0xffffffff
W/ResourceType( 9651): No known package when getting name for resource number 0xffffffff
W/ResourceType( 9651): No known package when getting name for resource number 0xffffffff
W/ResourceType( 9651): No known package when getting name for resource number 0xffffffff
W/ResourceType( 9651): No known package when getting name for resource number 0xffffffff
W/ResourceType( 9651): No known package when getting name for resource number 0xffffffff
W/ResourceType( 9651): No known package when getting name for resource number 0xffffffff
W/ResourceType( 9651): No known package when getting name for resource number 0xffffffff
W/ResourceType( 9651): No known package when getting name for resource number 0xffffffff
W/ResourceType( 9651): No known package when getting name for resource number 0xffffffff
W/ResourceType( 9651): No known package when getting name for resource number 0xffffffff
W/ResourceType( 9651): No known package when getting name for resource number 0xffffffff
W/ResourceType( 9651): No known package when getting name for resource number 0xffffffff
W/ResourceType( 9651): No known package when getting name for resource number 0xffffffff
W/ResourceType( 9651): No known package when getting name for resource number 0xffffffff
W/ResourceType( 9651): No known package when getting name for resource number 0xffffffff
W/ResourceType( 9651): No known package when getting name for resource number 0xffffffff
W/ResourceType( 9651): No known package when getting name for resource number 0xffffffff
W/ResourceType( 9651): No known package when getting name for resource number 0xffffffff
W/ResourceType( 9651): No known package when getting name for resource number 0xffffffff
W/ResourceType( 9651): No known package when getting name for resource number 0xffffffff
W/ResourceType( 9651): No known package when getting name for resource number 0xffffffff
W/ResourceType( 9651): No known package when getting name for resource number 0xffffffff
W/ResourceType( 9651): No known package when getting name for resource number 0xffffffff
W/ResourceType( 9651): No known package when getting name for resource number 0xffffffff
W/ResourceType( 9651): No known package when getting name for resource number 0xffffffff
W/ResourceType( 9651): No known package when getting name for resource number 0xffffffff
W/ResourceType( 9651): No known package when getting name for resource number 0xffffffff
W/ResourceType( 9651): No known package when getting name for resource number 0xffffffff
W/ResourceType( 9651): No known package when getting name for resource number 0xffffffff
W/ResourceType( 9651): No known package when getting name for resource number 0xffffffff
W/ResourceType( 9651): No known package when getting name for resource number 0xffffffff
W/ResourceType( 9651): No known package when getting name for resource number 0xffffffff
W/ResourceType( 9651): No known package when getting name for resource number 0xffffffff
W/ResourceType( 9651): No known package when getting name for resource number 0xffffffff
W/ResourceType( 9651): No known package when getting name for resource number 0xffffffff
W/ResourceType( 9651): No known package when getting name for resource number 0xffffffff
W/ResourceType( 9651): No known package when getting name for resource number 0xffffffff
W/ResourceType( 9651): No known package when getting name for resource number 0xffffffff
W/ResourceType( 9651): No known package when getting name for resource number 0xffffffff
W/ResourceType( 9651): No known package when getting name for resource number 0xffffffff
W/ResourceType( 9651): No known package when getting name for resource number 0xffffffff
W/ResourceType( 9651): No known package when getting name for resource number 0xffffffff
W/ResourceType( 9651): No known package when getting name for resource number 0xffffffff
W/ResourceType( 9651): No known package when getting name for resource number 0xffffffff
W/ResourceType( 9651): No known package when getting name for resource number 0xffffffff
W/ResourceType( 9651): No known package when getting name for resource number 0xffffffff
W/ResourceType( 9651): No known package when getting name for resource number 0xffffffff
W/ResourceType( 9651): No known package when getting name for resource number 0xffffffff
W/ResourceType( 9651): No known package when getting name for resource number 0xffffffff
W/ResourceType( 9651): No known package when getting name for resource number 0xffffffff
W/ResourceType( 9651): No known package when getting name for resource number 0xffffffff
W/ResourceType( 9651): No known package when getting name for resource number 0xffffffff
W/ResourceType( 9651): No known package when getting name for resource number 0xffffffff
W/ResourceType( 9651): No known package when getting name for resource number 0xffffffff
W/ResourceType( 9651): No known package when getting name for resource number 0xffffffff
W/ResourceType( 9651): No known package when getting name for resource number 0xffffffff
W/ResourceType( 9651): No known package when getting name for resource number 0xffffffff
W/ResourceType( 9651): No known package when getting name for resource number 0xffffffff
W/ResourceType( 9651): No known package when getting name for resource number 0xffffffff
W/ResourceType( 9651): No known package when getting name for resource number 0xffffffff
W/ResourceType( 9651): No known package when getting name for resource number 0xffffffff
I/System.out( 9651): URI: /map
I/System.out( 9651): params: {json={"query":"* marked:'Job 1'","operation":{"method_name":"query","arguments":[]}}
I/System.out( 9651): }
W/ResourceType( 9651): No known package when getting name for resource number 0xffffffff
W/ResourceType( 9651): No known package when getting name for resource number 0xffffffff
W/ResourceType( 9651): No known package when getting name for resource number 0xffffffff
W/ResourceType( 9651): No known package when getting name for resource number 0xffffffff
W/ResourceType( 9651): No known package when getting name for resource number 0xffffffff
W/ResourceType( 9651): No known package when getting name for resource number 0xffffffff
W/ResourceType( 9651): No known package when getting name for resource number 0xffffffff
W/ResourceType( 9651): No known package when getting name for resource number 0xffffffff
W/ResourceType( 9651): No known package when getting name for resource number 0xffffffff
W/ResourceType( 9651): No known package when getting name for resource number 0xffffffff
W/ResourceType( 9651): No known package when getting name for resource number 0xffffffff
W/ResourceType( 9651): No known package when getting name for resource number 0xffffffff
W/ResourceType( 9651): No known package when getting name for resource number 0xffffffff
W/ResourceType( 9651): No known package when getting name for resource number 0xffffffff
W/ResourceType( 9651): No known package when getting name for resource number 0xffffffff
W/ResourceType( 9651): No known package when getting name for resource number 0xffffffff
W/ResourceType( 9651): No known package when getting name for resource number 0xffffffff
W/ResourceType( 9651): No known package when getting name for resource number 0xffffffff
W/ResourceType( 9651): No known package when getting name for resource number 0xffffffff
W/ResourceType( 9651): No known package when getting name for resource number 0xffffffff
W/ResourceType( 9651): No known package when getting name for resource number 0xffffffff
W/ResourceType( 9651): No known package when getting name for resource number 0xffffffff
W/ResourceType( 9651): No known package when getting name for resource number 0xffffffff
W/ResourceType( 9651): No known package when getting name for resource number 0xffffffff
W/ResourceType( 9651): No known package when getting name for resource number 0xffffffff
W/ResourceType( 9651): No known package when getting name for resource number 0xffffffff
W/ResourceType( 9651): No known package when getting name for resource number 0xffffffff
W/ResourceType( 9651): No known package when getting name for resource number 0xffffffff
W/ResourceType( 9651): No known package when getting name for resource number 0xffffffff
W/ResourceType( 9651): No known package when getting name for resource number 0xffffffff
W/ResourceType( 9651): No known package when getting name for resource number 0xffffffff
W/ResourceType( 9651): No known package when getting name for resource number 0xffffffff
W/ResourceType( 9651): No known package when getting name for resource number 0xffffffff
W/ResourceType( 9651): No known package when getting name for resource number 0xffffffff
W/ResourceType( 9651): No known package when getting name for resource number 0xffffffff
W/ResourceType( 9651): No known package when getting name for resource number 0xffffffff
W/ResourceType( 9651): No known package when getting name for resource number 0xffffffff
W/ResourceType( 9651): No known package when getting name for resource number 0xffffffff
W/ResourceType( 9651): No known package when getting name for resource number 0xffffffff
W/ResourceType( 9651): No known package when getting name for resource number 0xffffffff
W/ResourceType( 9651): No known package when getting name for resource number 0xffffffff
W/ResourceType( 9651): No known package when getting name for resource number 0xffffffff
W/ResourceType( 9651): No known package when getting name for resource number 0xffffffff
W/ResourceType( 9651): No known package when getting name for resource number 0xffffffff
W/ResourceType( 9651): No known package when getting name for resource number 0xffffffff
W/ResourceType( 9651): No known package when getting name for resource number 0xffffffff
W/ResourceType( 9651): No known package when getting name for resource number 0xffffffff
W/ResourceType( 9651): No known package when getting name for resource number 0xffffffff
W/ResourceType( 9651): No known package when getting name for resource number 0xffffffff
W/ResourceType( 9651): No known package when getting name for resource number 0xffffffff
W/ResourceType( 9651): No known package when getting name for resource number 0xffffffff
W/ResourceType( 9651): No known package when getting name for resource number 0xffffffff
W/ResourceType( 9651): No known package when getting name for resource number 0xffffffff
W/ResourceType( 9651): No known package when getting name for resource number 0xffffffff
W/ResourceType( 9651): No known package when getting name for resource number 0xffffffff
W/ResourceType( 9651): No known package when getting name for resource number 0xffffffff
W/ResourceType( 9651): No known package when getting name for resource number 0xffffffff
W/ResourceType( 9651): No known package when getting name for resource number 0xffffffff
W/ResourceType( 9651): No known package when getting name for resource number 0xffffffff
W/ResourceType( 9651): No known package when getting name for resource number 0xffffffff
W/ResourceType( 9651): No known package when getting name for resource number 0xffffffff
W/ResourceType( 9651): No known package when getting name for resource number 0xffffffff
W/ResourceType( 9651): No known package when getting name for resource number 0xffffffff
W/ResourceType( 9651): No known package when getting name for resource number 0xffffffff
W/ResourceType( 9651): No known package when getting name for resource number 0xffffffff
W/ResourceType( 9651): No known package when getting name for resource number 0xffffffff
I/art     ( 9651): Starting a blocking GC Explicit
I/art     ( 9651): Explicit concurrent mark sweep GC freed 170975(7MB) AllocSpace objects, 8(160KB) LOS objects, 28% free, 39MB/55MB, paused 968us total 55.238ms
I/art     ( 9651): Starting a blocking GC Explicit
I/art     ( 9651): Explicit concurrent mark sweep GC freed 1156(65KB) AllocSpace objects, 0(0B) LOS objects, 28% free, 39MB/55MB, paused 821us total 26.991ms
I/art     ( 9651): Starting a blocking GC Explicit
I/art     ( 9651): Explicit concurrent mark sweep GC freed 10(688B) AllocSpace objects, 0(0B) LOS objects, 28% free, 39MB/55MB, paused 676us total 24.837ms
I/art     ( 9651): Starting a blocking GC Explicit
I/art     ( 9651): Explicit concurrent mark sweep GC freed 10(688B) AllocSpace objects, 0(0B) LOS objects, 28% free, 39MB/55MB, paused 688us total 25.162ms
I/art     ( 9651): Starting a blocking GC Explicit
I/art     ( 9651): Explicit concurrent mark sweep GC freed 10(688B) AllocSpace objects, 0(0B) LOS objects, 28% free, 39MB/55MB, paused 771us total 26.407ms
I/System.out( 9651): URI: /map
I/System.out( 9651): params: {json={"query":"* marked:'Job 1'","operation":{"method_name":"query","arguments":[]}}
I/System.out( 9651): }
W/ResourceType( 9651): No known package when getting name for resource number 0xffffffff
W/ResourceType( 9651): No known package when getting name for resource number 0xffffffff
W/ResourceType( 9651): No known package when getting name for resource number 0xffffffff
W/ResourceType( 9651): No known package when getting name for resource number 0xffffffff
W/ResourceType( 9651): No known package when getting name for resource number 0xffffffff
W/ResourceType( 9651): No known package when getting name for resource number 0xffffffff
W/ResourceType( 9651): No known package when getting name for resource number 0xffffffff
W/ResourceType( 9651): No known package when getting name for resource number 0xffffffff
W/ResourceType( 9651): No known package when getting name for resource number 0xffffffff
W/ResourceType( 9651): No known package when getting name for resource number 0xffffffff
W/ResourceType( 9651): No known package when getting name for resource number 0xffffffff
W/ResourceType( 9651): No known package when getting name for resource number 0xffffffff
W/ResourceType( 9651): No known package when getting name for resource number 0xffffffff
W/ResourceType( 9651): No known package when getting name for resource number 0xffffffff
W/ResourceType( 9651): No known package when getting name for resource number 0xffffffff
W/ResourceType( 9651): No known package when getting name for resource number 0xffffffff
W/ResourceType( 9651): No known package when getting name for resource number 0xffffffff
W/ResourceType( 9651): No known package when getting name for resource number 0xffffffff
W/ResourceType( 9651): No known package when getting name for resource number 0xffffffff
W/ResourceType( 9651): No known package when getting name for resource number 0xffffffff
W/ResourceType( 9651): No known package when getting name for resource number 0xffffffff
W/ResourceType( 9651): No known package when getting name for resource number 0xffffffff
W/ResourceType( 9651): No known package when getting name for resource number 0xffffffff
W/ResourceType( 9651): No known package when getting name for resource number 0xffffffff
W/ResourceType( 9651): No known package when getting name for resource number 0xffffffff
W/ResourceType( 9651): No known package when getting name for resource number 0xffffffff
W/ResourceType( 9651): No known package when getting name for resource number 0xffffffff
W/ResourceType( 9651): No known package when getting name for resource number 0xffffffff
W/ResourceType( 9651): No known package when getting name for resource number 0xffffffff
W/ResourceType( 9651): No known package when getting name for resource number 0xffffffff
W/ResourceType( 9651): No known package when getting name for resource number 0xffffffff
W/ResourceType( 9651): No known package when getting name for resource number 0xffffffff
W/ResourceType( 9651): No known package when getting name for resource number 0xffffffff
W/ResourceType( 9651): No known package when getting name for resource number 0xffffffff
W/ResourceType( 9651): No known package when getting name for resource number 0xffffffff
W/ResourceType( 9651): No known package when getting name for resource number 0xffffffff
W/ResourceType( 9651): No known package when getting name for resource number 0xffffffff
W/ResourceType( 9651): No known package when getting name for resource number 0xffffffff
W/ResourceType( 9651): No known package when getting name for resource number 0xffffffff
W/ResourceType( 9651): No known package when getting name for resource number 0xffffffff
W/ResourceType( 9651): No known package when getting name for resource number 0xffffffff
W/ResourceType( 9651): No known package when getting name for resource number 0xffffffff
W/ResourceType( 9651): No known package when getting name for resource number 0xffffffff
W/ResourceType( 9651): No known package when getting name for resource number 0xffffffff
W/ResourceType( 9651): No known package when getting name for resource number 0xffffffff
W/ResourceType( 9651): No known package when getting name for resource number 0xffffffff
W/ResourceType( 9651): No known package when getting name for resource number 0xffffffff
W/ResourceType( 9651): No known package when getting name for resource number 0xffffffff
W/ResourceType( 9651): No known package when getting name for resource number 0xffffffff
W/ResourceType( 9651): No known package when getting name for resource number 0xffffffff
W/ResourceType( 9651): No known package when getting name for resource number 0xffffffff
W/ResourceType( 9651): No known package when getting name for resource number 0xffffffff
W/ResourceType( 9651): No known package when getting name for resource number 0xffffffff
W/ResourceType( 9651): No known package when getting name for resource number 0xffffffff
W/ResourceType( 9651): No known package when getting name for resource number 0xffffffff
W/ResourceType( 9651): No known package when getting name for resource number 0xffffffff
W/ResourceType( 9651): No known package when getting name for resource number 0xffffffff
W/ResourceType( 9651): No known package when getting name for resource number 0xffffffff
W/ResourceType( 9651): No known package when getting name for resource number 0xffffffff
W/ResourceType( 9651): No known package when getting name for resource number 0xffffffff
W/ResourceType( 9651): No known package when getting name for resource number 0xffffffff
W/ResourceType( 9651): No known package when getting name for resource number 0xffffffff
W/ResourceType( 9651): No known package when getting name for resource number 0xffffffff
W/ResourceType( 9651): No known package when getting name for resource number 0xffffffff
W/ResourceType( 9651): No known package when getting name for resource number 0xffffffff
W/ResourceType( 9651): No known package when getting name for resource number 0xffffffff
I/System.out( 9651): URI: /map
I/System.out( 9651): params: {json={"query":"* marked:'Job 1'","operation":{"method_name":"query","arguments":[]}}
I/System.out( 9651): }
W/ResourceType( 9651): No known package when getting name for resource number 0xffffffff
W/ResourceType( 9651): No known package when getting name for resource number 0xffffffff
W/ResourceType( 9651): No known package when getting name for resource number 0xffffffff
W/ResourceType( 9651): No known package when getting name for resource number 0xffffffff
W/ResourceType( 9651): No known package when getting name for resource number 0xffffffff
W/ResourceType( 9651): No known package when getting name for resource number 0xffffffff
W/ResourceType( 9651): No known package when getting name for resource number 0xffffffff
W/ResourceType( 9651): No known package when getting name for resource number 0xffffffff
W/ResourceType( 9651): No known package when getting name for resource number 0xffffffff
W/ResourceType( 9651): No known package when getting name for resource number 0xffffffff
W/ResourceType( 9651): No known package when getting name for resource number 0xffffffff
W/ResourceType( 9651): No known package when getting name for resource number 0xffffffff
W/ResourceType( 9651): No known package when getting name for resource number 0xffffffff
W/ResourceType( 9651): No known package when getting name for resource number 0xffffffff
W/ResourceType( 9651): No known package when getting name for resource number 0xffffffff
W/ResourceType( 9651): No known package when getting name for resource number 0xffffffff
W/ResourceType( 9651): No known package when getting name for resource number 0xffffffff
W/ResourceType( 9651): No known package when getting name for resource number 0xffffffff
W/ResourceType( 9651): No known package when getting name for resource number 0xffffffff
W/ResourceType( 9651): No known package when getting name for resource number 0xffffffff
W/ResourceType( 9651): No known package when getting name for resource number 0xffffffff
W/ResourceType( 9651): No known package when getting name for resource number 0xffffffff
W/ResourceType( 9651): No known package when getting name for resource number 0xffffffff
W/ResourceType( 9651): No known package when getting name for resource number 0xffffffff
W/ResourceType( 9651): No known package when getting name for resource number 0xffffffff
W/ResourceType( 9651): No known package when getting name for resource number 0xffffffff
W/ResourceType( 9651): No known package when getting name for resource number 0xffffffff
W/ResourceType( 9651): No known package when getting name for resource number 0xffffffff
W/ResourceType( 9651): No known package when getting name for resource number 0xffffffff
W/ResourceType( 9651): No known package when getting name for resource number 0xffffffff
W/ResourceType( 9651): No known package when getting name for resource number 0xffffffff
W/ResourceType( 9651): No known package when getting name for resource number 0xffffffff
W/ResourceType( 9651): No known package when getting name for resource number 0xffffffff
W/ResourceType( 9651): No known package when getting name for resource number 0xffffffff
W/ResourceType( 9651): No known package when getting name for resource number 0xffffffff
W/ResourceType( 9651): No known package when getting name for resource number 0xffffffff
W/ResourceType( 9651): No known package when getting name for resource number 0xffffffff
W/ResourceType( 9651): No known package when getting name for resource number 0xffffffff
W/ResourceType( 9651): No known package when getting name for resource number 0xffffffff
W/ResourceType( 9651): No known package when getting name for resource number 0xffffffff
W/ResourceType( 9651): No known package when getting name for resource number 0xffffffff
W/ResourceType( 9651): No known package when getting name for resource number 0xffffffff
W/ResourceType( 9651): No known package when getting name for resource number 0xffffffff
W/ResourceType( 9651): No known package when getting name for resource number 0xffffffff
W/ResourceType( 9651): No known package when getting name for resource number 0xffffffff
W/ResourceType( 9651): No known package when getting name for resource number 0xffffffff
W/ResourceType( 9651): No known package when getting name for resource number 0xffffffff
W/ResourceType( 9651): No known package when getting name for resource number 0xffffffff
W/ResourceType( 9651): No known package when getting name for resource number 0xffffffff
W/ResourceType( 9651): No known package when getting name for resource number 0xffffffff
W/ResourceType( 9651): No known package when getting name for resource number 0xffffffff
W/ResourceType( 9651): No known package when getting name for resource number 0xffffffff
W/ResourceType( 9651): No known package when getting name for resource number 0xffffffff
W/ResourceType( 9651): No known package when getting name for resource number 0xffffffff
W/ResourceType( 9651): No known package when getting name for resource number 0xffffffff
W/ResourceType( 9651): No known package when getting name for resource number 0xffffffff
W/ResourceType( 9651): No known package when getting name for resource number 0xffffffff
W/ResourceType( 9651): No known package when getting name for resource number 0xffffffff
W/ResourceType( 9651): No known package when getting name for resource number 0xffffffff
W/ResourceType( 9651): No known package when getting name for resource number 0xffffffff
W/ResourceType( 9651): No known package when getting name for resource number 0xffffffff
W/ResourceType( 9651): No known package when getting name for resource number 0xffffffff
W/ResourceType( 9651): No known package when getting name for resource number 0xffffffff
W/ResourceType( 9651): No known package when getting name for resource number 0xffffffff
W/ResourceType( 9651): No known package when getting name for resource number 0xffffffff
W/ResourceType( 9651): No known package when getting name for resource number 0xffffffff
I/System.out( 9651): URI: /map
I/System.out( 9651): params: {json={"query":"* marked:'Job 1'","operation":{"method_name":"query","arguments":[]}}
I/System.out( 9651): }
W/ResourceType( 9651): No known package when getting name for resource number 0xffffffff
W/ResourceType( 9651): No known package when getting name for resource number 0xffffffff
W/ResourceType( 9651): No known package when getting name for resource number 0xffffffff
W/ResourceType( 9651): No known package when getting name for resource number 0xffffffff
W/ResourceType( 9651): No known package when getting name for resource number 0xffffffff
W/ResourceType( 9651): No known package when getting name for resource number 0xffffffff
W/ResourceType( 9651): No known package when getting name for resource number 0xffffffff
W/ResourceType( 9651): No known package when getting name for resource number 0xffffffff
W/ResourceType( 9651): No known package when getting name for resource number 0xffffffff
W/ResourceType( 9651): No known package when getting name for resource number 0xffffffff
W/ResourceType( 9651): No known package when getting name for resource number 0xffffffff
W/ResourceType( 9651): No known package when getting name for resource number 0xffffffff
W/ResourceType( 9651): No known package when getting name for resource number 0xffffffff
W/ResourceType( 9651): No known package when getting name for resource number 0xffffffff
W/ResourceType( 9651): No known package when getting name for resource number 0xffffffff
W/ResourceType( 9651): No known package when getting name for resource number 0xffffffff
W/ResourceType( 9651): No known package when getting name for resource number 0xffffffff
W/ResourceType( 9651): No known package when getting name for resource number 0xffffffff
W/ResourceType( 9651): No known package when getting name for resource number 0xffffffff
W/ResourceType( 9651): No known package when getting name for resource number 0xffffffff
W/ResourceType( 9651): No known package when getting name for resource number 0xffffffff
W/ResourceType( 9651): No known package when getting name for resource number 0xffffffff
W/ResourceType( 9651): No known package when getting name for resource number 0xffffffff
W/ResourceType( 9651): No known package when getting name for resource number 0xffffffff
W/ResourceType( 9651): No known package when getting name for resource number 0xffffffff
W/ResourceType( 9651): No known package when getting name for resource number 0xffffffff
W/ResourceType( 9651): No known package when getting name for resource number 0xffffffff
W/ResourceType( 9651): No known package when getting name for resource number 0xffffffff
W/ResourceType( 9651): No known package when getting name for resource number 0xffffffff
W/ResourceType( 9651): No known package when getting name for resource number 0xffffffff
W/ResourceType( 9651): No known package when getting name for resource number 0xffffffff
W/ResourceType( 9651): No known package when getting name for resource number 0xffffffff
W/ResourceType( 9651): No known package when getting name for resource number 0xffffffff
