W/ResourceType( 9651): No known package when getting name for resource number 0xffffffff
W/ResourceType( 9651): No known package when getting name for resource number 0xffffffff
W/ResourceType( 9651): No known package when getting name for resource number 0xffffffff
W/ResourceType( 9651): No known package when getting name for resource number 0xffffffff
W/ResourceType( 9651): No known package when getting name for resource number 0xffffffff
W/ResourceType( 9651): No known package when getting name for resource number 0xffffffff
W/ResourceType( 9651): No known package when getting name for resource number 0xffffffff
W/ResourceType( 9651): No known package when getting name for resource number 0xffffffff
W/ResourceType( 9651): No known package when getting name for resource number 0xffffffff
W/ResourceType( 9651): No known package when getting name for resource number 0xffffffff
W/ResourceType( 9651): No known package when getting name for resource number 0xffffffff
W/ResourceType( 9651): No known package when getting name for resource number 0xffffffff
W/ResourceType( 9651): No known package when getting name for resource number 0xffffffff
W/ResourceType( 9651): No known package when getting name for resource number 0xffffffff
W/ResourceType( 9651): No known package when getting name for resource number 0xffffffff
W/ResourceType( 9651): No known package when getting name for resource number 0xffffffff
W/ResourceType( 9651): No known package when getting name for resource number 0xffffffff
W/ResourceType( 9651): No known package when getting name for resource number 0xffffffff
W/ResourceType( 9651): No known package when getting name for resource number 0xffffffff
W/ResourceType( 9651): No known package when getting name for resource number 0xffffffff
W/ResourceType( 9651): No known package when getting name for resource number 0xffffffff
W/ResourceType( 9651): No known package when getting name for resource number 0xffffffff
W/ResourceType( 9651): No known package when getting name for resource number 0xffffffff
W/ResourceType( 9651): No known package when getting name for resource number 0xffffffff
W/ResourceType( 9651): No known package when getting name for resource number 0xffffffff
W/ResourceType( 9651): No known package when getting name for resource number 0xffffffff
W/ResourceType( 9651): No known package when getting name for resource number 0xffffffff
W/ResourceType( 9651): No known package when getting name for resource number 0xffffffff
W/ResourceType( 9651): No known package when getting name for resource number 0xffffffff
W/ResourceType( 9651): No known package when getting name for resource number 0xffffffff
W/ResourceType( 9651): No known package when getting name for resource number 0xffffffff
W/ResourceType( 9651): No known package when getting name for resource number 0xffffffff
W/ResourceType( 9651): No known package when getting name for resource number 0xffffffff
I/System.out( 9651): URI: /
I/System.out( 9651): params: {json={"command":"touch_coordinate","arguments":[683.0,777.0]}
I/System.out( 9651): }
I/System.out( 9651): header: {content-length=56, host=devicehost47.prod, x-session-token=token-token-db110f5c-2cda-4148-895d-a48e4054da81, x-forwarded-for=10.222.150.22, content-type=application/json; charset=utf-8, connection=close}
I/System.out( 9651): params: {json={"command":"touch_coordinate","arguments":[683.0,777.0]}
I/System.out( 9651): }
I/System.out( 9651): ProP json = {"command":"touch_coordinate","arguments":[683.0,777.0]}
I/System.out( 9651): files: {}
I/System.out( 9651): command: {"command":"touch_coordinate","arguments":[683.0,777.0]}
I/InstrumentationBackend( 9651): Got command:'Command:'Line:null,touch_coordinate', arguments:'[683.0, 777.0]'
I/ThermalEngine(  521): ACTION: GPU - Setting GPU[0] to 450000000
D/audio_hw_primary(  515): out_set_parameters: enter: usecase(1: low-latency-playback) kvpairs: routing=2
D/audio_hw_primary(  515): select_devices: out_snd_device(2: speaker) in_snd_device(0: none)
D/msm8974_platform(  515): platform_send_audio_calibration: sending audio calibration for snd_device(2) acdb_id(15)
I/soundtrigger(  515): audio_extn_sound_trigger_update_device_status: device 0x2 of type 0 for Event 1
D/Mono    ( 9651): Assembly Ref addref CareerBuilder_Search.Droid[0xef3a9080] -> Xamarin.Android.Support.v7.CardView[0xef3a9b00]: 2
D/audio_hw_primary(  515): enable_snd_device: snd_device(2: speaker)
I/calabash( 9651): execStartActivity 4
I/ActivityManager(  928): START u0 {cmp=com.careerbuilder.SugarDrone/md5a4824aa66c0dc4d104077b72c1916a44.JobDisplayPageActivity (has extras)} from uid 17953 on display 0
D/audio_hw_primary(  515): enable_audio_route: apply and update mixer path: low-latency-playback speaker
I/calabash( 9651): newActivity1
I/WebViewFactory( 9651): Loading com.google.android.webview version 44.0.2403.117 (code 246011750)
I/System.out( 9651): result:{"bonusInformation":[],"message":"","success":true}
W/System  ( 9651): ClassLoader referenced unknown path: /system/app/WebViewGoogle/lib/arm
I/LibraryLoader( 9651): Time to load native libraries: 63 ms (timestamps 4304-4367)
I/LibraryLoader( 9651): Expected native library version number "",actual native library version number ""
V/WebViewChromiumFactoryProvider( 9651): Binding Chromium to main looper Looper (main, tid 1) {20cf70}
I/LibraryLoader( 9651): Expected native library version number "",actual native library version number ""
I/chromium( 9651): [INFO:library_loader_hooks.cc(120)] Chromium logging enabled: level = 0, default verbosity = 0
I/BrowserStartupController( 9651): Initializing chromium process, singleProcess=true
W/art     ( 9651): Attempt to remove non-JNI local reference, dumping thread
E/SysUtils( 9651): ApplicationContext is null in ApplicationStatus
I/System.out( 9651): URI: /map
I/System.out( 9651): params: {json={"query":"* marked:'descriptionCard'","operation":{"method_name":"query","arguments":[]}}
I/System.out( 9651): }
W/chromium( 9651): [WARNING:resource_bundle.cc(285)] locale_file_path.empty()
E/libEGL  ( 9651): validate_display:255 error 3008 (EGL_BAD_DISPLAY)
E/libEGL  ( 9651): validate_display:255 error 3008 (EGL_BAD_DISPLAY)
W/AudioManagerAndroid( 9651): Requires BLUETOOTH permission
D/Mono    ( 9651): Unloading image System.Runtime.Extensions.dll [0xd9a1d900].
D/Mono    ( 9651): Image addref System.Runtime.Extensions[0xef119c80] -> System.Runtime.Extensions.dll[0xd9fd4a00]: 8
D/Mono    ( 9651): Config attempting to parse: 'System.Runtime.Extensions.dll.config'.
D/Mono    ( 9651): Config attempting to parse: '/Users/builder/data/lanes/4009/f3074d2c/source/monodroid/builds/install/mono-armv6/etc/mono/assemblies/System.Runtime.Extensions/System.Runtime.Extensions.config'.
D/Mono    ( 9651): Assembly Ref addref CareerBuilder_Search[0xef3a9f20] -> System.Runtime.Extensions[0xdaa68720]: 6
I/mono-stdout( 9651): uri is: https://api.careerbuilder.com/v3/job?DID=job1&outputjson=true&ShowApplyRequirements=true&DeveloperKey=WDHR8FC6P2JZ1Y61KLM5
I/mono-stdout( 9651): making api call to: /v3/job?DID=job1&outputjson=true&ShowApplyRequirements=true&DeveloperKey=WDHR8FC6P2JZ1Y61KLM5
I/mono-stdout( 9651): uri is: https://api.careerbuilder.com/consumer/saved-jobs/?DeveloperKey=WDHR8FC6P2JZ1Y61KLM5
I/mono-stdout( 9651): making api call to: /consumer/saved-jobs/?DeveloperKey=WDHR8FC6P2JZ1Y61KLM5
I/mono-stdout( 9651): Method: GET, RequestUri: 'https://api.careerbuilder.com/consumer/saved-jobs/?DeveloperKey=WDHR8FC6P2JZ1Y61KLM5', Version: 1.1, Content: <null>, Headers:

I/mono-stdout( 9651): {

I/mono-stdout( 9651): DeveloperKey: WDHR8FC6P2JZ1Y61KLM5

I/mono-stdout( 9651): Accept: application/json

I/mono-stdout( 9651): Authorization: Bearer test

I/mono-stdout( 9651): HostSite: US

I/mono-stdout( 9651): }
I/mono-stdout( 9651): Current State = 1,2,6,7
I/mono-stdout( 9651): applied jobs = 6
I/mono-stdout( 9651): expired jobs = 7
I/mono-stdout( 9651): saved jobs = Saved,Saved,Applied,Saved
I/Keyboard.Facilitator( 3441): onFinishInput()
W/ResourceType( 9651): No known package when getting name for resource number 0xffffffff
W/ResourceType( 9651): No known package when getting name for resource number 0xffffffff
W/ResourceType( 9651): No known package when getting name for resource number 0xffffffff
W/ResourceType( 9651): No known package when getting name for resource number 0xffffffff
I/ActivityManager(  928): Displayed com.careerbuilder.SugarDrone/md5a4824aa66c0dc4d104077b72c1916a44.JobDisplayPageActivity: +519ms
W/ResourceType( 9651): No known package when getting name for resource number 0xffffffff
W/ResourceType( 9651): No known package when getting name for resource number 0xffffffff
W/ResourceType( 9651): No known package when getting name for resource number 0xffffffff
W/ResourceType( 9651): No known package when getting name for resource number 0xffffffff
W/ResourceType( 9651): No known package when getting name for resource number 0xffffffff
W/ResourceType( 9651): No known package when getting name for resource number 0xffffffff
W/ResourceType( 9651): No known package when getting name for resource number 0xffffffff
D/audio_hw_primary(  515): disable_audio_route: reset and update mixer path: low-latency-playback speaker
W/ResourceType( 9651): No known package when getting name for resource number 0xffffffff
D/audio_hw_primary(  515): disable_snd_device: snd_device(2: speaker)
W/ResourceType( 9651): No known package when getting name for resource number 0xffffffff
W/ResourceType( 9651): No known package when getting name for resource number 0xffffffff
W/ResourceType( 9651): No known package when getting name for resource number 0xffffffff
W/ResourceType( 9651): No known package when getting name for resource number 0xffffffff
W/ResourceType( 9651): No known package when getting name for resource number 0xffffffff
W/ResourceType( 9651): No known package when getting name for resource number 0xffffffff
I/soundtrigger(  515): audio_extn_sound_trigger_update_device_status: device 0x2 of type 0 for Event 0
W/ResourceType( 9651): No known package when getting name for resource number 0xffffffff
W/ResourceType( 9651): No known package when getting name for resource number 0xffffffff
W/ResourceType( 9651): No known package when getting name for resource number 0xffffffff
W/ResourceType( 9651): No known package when getting name for resource number 0xffffffff
W/ResourceType( 9651): No known package when getting name for resource number 0xffffffff
W/ResourceType( 9651): No known package when getting name for resource number 0xffffffff
W/ResourceType( 9651): No known package when getting name for resource number 0xffffffff
W/ResourceType( 9651): No known package when getting name for resource number 0xffffffff
W/ResourceType( 9651): No known package when getting name for resource number 0xffffffff
W/ResourceType( 9651): No known package when getting name for resource number 0xffffffff
W/ResourceType( 9651): No known package when getting name for resource number 0xffffffff
W/ResourceType( 9651): No known package when getting name for resource number 0xffffffff
W/ResourceType( 9651): No known package when getting name for resource number 0xffffffff
W/ResourceType( 9651): No known package when getting name for resource number 0xffffffff
W/ResourceType( 9651): No known package when getting name for resource number 0xffffffff
W/ResourceType( 9651): No known package when getting name for resource number 0xffffffff
W/ResourceType( 9651): No known package when getting name for resource number 0xffffffff
W/ResourceType( 9651): No known package when getting name for resource number 0xffffffff
W/ResourceType( 9651): No known package when getting name for resource number 0xffffffff
W/ResourceType( 9651): No known package when getting name for resource number 0xffffffff
W/ResourceType( 9651): No known package when getting name for resource number 0xffffffff
W/ResourceType( 9651): No known package when getting name for resource number 0xffffffff
W/ResourceType( 9651): No known package when getting name for resource number 0xffffffff
W/ResourceType( 9651): No known package when getting name for resource number 0xffffffff
W/ResourceType( 9651): No known package when getting name for resource number 0xffffffff
W/ResourceType( 9651): No known package when getting name for resource number 0xffffffff
W/ResourceType( 9651): No known package when getting name for resource number 0xffffffff
W/ResourceType( 9651): No known package when getting name for resource number 0xffffffff
W/ResourceType( 9651): No known package when getting name for resource number 0xffffffff
W/ResourceType( 9651): No known package when getting name for resource number 0xffffffff
W/ResourceType( 9651): No known package when getting name for resource number 0xffffffff
W/ResourceType( 9651): No known package when getting name for resource number 0xffffffff
W/ResourceType( 9651): No known package when getting name for resource number 0xffffffff
W/ResourceType( 9651): No known package when getting name for resource number 0xffffffff
W/ResourceType( 9651): No known package when getting name for resource number 0xffffffff
W/ResourceType( 9651): No known package when getting name for resource number 0xffffffff
W/ResourceType( 9651): No known package when getting name for resource number 0xffffffff
W/ResourceType( 9651): No known package when getting name for resource number 0xffffffff
W/ResourceType( 9651): No known package when getting name for resource number 0xffffffff
W/ResourceType( 9651): No known package when getting name for resource number 0xffffffff
W/ResourceType( 9651): No known package when getting name for resource number 0xffffffff
W/ResourceType( 9651): No known package when getting name for resource number 0xffffffff
W/ResourceType( 9651): No known package when getting name for resource number 0xffffffff
W/ResourceType( 9651): No known package when getting name for resource number 0xffffffff
W/ResourceType( 9651): No known package when getting name for resource number 0xffffffff
W/ResourceType( 9651): No known package when getting name for resource number 0xffffffff
W/ResourceType( 9651): No known package when getting name for resource number 0xffffffff
W/ResourceType( 9651): No known package when getting name for resource number 0xffffffff
D/OpenGLRenderer( 9651): endAllStagingAnimators on 0xd8e42a80 (CardView) with handle 0xd8ba08a0
I/mono-stdout( 9651): done making call to: /v3/job?DID=job1&outputjson=true&ShowApplyRequirements=true&DeveloperKey=WDHR8FC6P2JZ1Y61KLM5
I/mono-stdout( 9651): done making call to: /consumer/saved-jobs/?DeveloperKey=WDHR8FC6P2JZ1Y61KLM5
W/google-breakpad(10128): -----BEGIN BREAKPAD MICRODUMP-----
W/google-breakpad(10128): O A arm 08 armv8l 3.10.73-g9741316 #1 SMP PREEMPT Thu Nov 5 02:17:00 UTC 2015
W/google-breakpad(10128): S 0 D7BB9F38 D7BB9000 00002000
W/google-breakpad(10128): S D7BB9000 64F49EE000400000A88E51D8DA040002DA04000240C0F3EC604453D848C581E0DA04000240C0F3EC5AC1F3ECDA040000C090BBD7085F7DE0000000000C00000018264ED800BD004000000000604453D800BDF3ECDA04000218264ED8D8331ADD00000000ED0D1ADD9890BBD7E0657EE0D8331ADD00000000DA04000000CB54EADA04000000CB54EA00BDF3EC18264ED8D8331ADDED0D1ADDE894BBD73C727EE000000000604453D800BDF3ECDA04000218264ED8D8331ADD00000000ED0D1ADD7831F1ECE0657EE0D8331ADD000000009455FDF67B70FBF6DA04000000CB54EA00BDF3EC18264ED8D8331ADDED0D1ADD4095BBD73C727EE0D0CC4ED97F76FBF6608F74D9804153D8000000002C1231D7483E0ADC004000007831F1ECDA040002DA04000240C0F3EC604453D848C581E064F49EE001400000604453D8CA070002CA07000240C0F3EC604453D848C581E0CA07000240C0F3ECCA070002CA070000F091BBD7085F7DE018264ED8D8331ADD00000000ED0D1ADD0000000000EEF7D8
W/google-breakpad(10128): S D7BB9180 0000000000F84CD4DA04000010000000000000002000000064F49EE00040000088F62FD800EEF7D800704AD8000000000C23FEF680F62FD89455FDF688F62FD800EEF7D87F76FBF600200000D15EFBF600000000F0EDF7D800200000CA070002F8213ED81000000000000000C09EFDF6C09EFDF64000000000EEF7D800F84CD4FBE878DF0000000088F62FD8F0EDF7D800704AD8E0EDF7D80C23FEF680F62FD89455FDF688F62FD8F0EDF7D87F76FBF600F84CD4804153D800000000F4A09FD99892BBD7ECB981E000200000B800000048BD9DE00200000068C4F3EC05000000BD0100002C4353D8804153D8E0EDF7D8904353D8804153D800F84CD4E8D47FD800000000E8D47FD89892BBD7649794E0AC4353D8E8D47FD89094BBD7C8276FE068FE49D9A06C6CE000000000098CF7F628459CEA4094BBD7010000004094BBD7C0079AD90000000040676CD8282C49EBA88E51D8282C49EB0093BBD7107784E060FDC3DE4094BBD7F4A09FD90000000001000000ECA09FD90000000000000000
W/google-breakpad(10128): S D7BB9300 FF7595E0FAE878DF00000000177695E096F29EE00000000000F84CD4DA7595E001000000904353D800F84CD4F0A0004018A09FD960FE49D9E8D47FD8E0FAFFFF883000000068FDD9A8274ED8FE361ADD0068FDD9000000003094BBD799F2F9F6E0FAFFFF883000000000000028F27CE0B04153D801000000000000000000000000000000B0FC49D948A39FD9FBE878DFE8D47FD800000000DA7595E0000000002C4353D8F0A09FD9FAE878DFD89A2ED700000000F8EB49D91094BBD7006D7BE05A6CFDD90CC29EE00CC29EE00CC29EE0000000000C000000A8274ED800680040000000000100000000000000F40976E000CB54EA0068FDD9A8274ED8FE361ADD1C2794E04030A0D8441024D9FFFFFFFF941100D9FFFFFFFF9C0408F5010000009C0408F5FE361ADD000000000D341ADD8098BBD7C4707EE0604453D87CFC49D9D8FE49D900002000000000009C0200006D01000005000000A88E51D8804153D868C4F3EC78FC49D9E8D47FD868FD49D99094BBD714186CE0804153D8F8A39FD9
W/google-breakpad(10128): S D7BB9480 804153D820FE49D990FB49D968FD49D94095BBD7EC446CE078FC49D990FB49D95A00000000000000F094BBD71008024000000000DCE878DFE6E878DF1000000088F62FD8E0EDF7D800704AD850EDF7D80C23FEF680F62FD89455FDF688F62FD8E0EDF7D87F76FBF6A0F74CD4804153D80000000094FB49D95095BBD7ECB981E0D1C3F6FF804153D848BD9DE002000000B0AD2ED708000000804153D801000000789A2ED750EDF7D8904353D8804153D8A0F74CD4B0A97CD802000000B0A97CD85095BBD7649794E0AC4353D8B0A97CD84897BBD7C8276FE0E8F849D9A06C6CE000000000302C49EBC895BBD7F896BBD7000000000000000000000000000000000000000028000000010000000000000000000000010000000100000094FB49D9E8D47FD800000000010000008CFB49D90000000000000000FF7595E0EBE878DF00000000177695E00100000002000000A0F74CD4DA7595E001000000904353D89455FDF67B70FBF610FA49D9E0F849D9B0A97CD80100000000BDF3EC5895BBD7
W/google-breakpad(10128): S D7BB9600 604453D800000000AC4353D8900408F5500FF8D8400108F501000000FB82FAF61500000000000000900408F52DA1FAF604000000900408F504000000380508F508000000D15EFBF648704AD8D9A3FAF60800000048704AD80200000048704AD800000000D8AD2ED79455FDF688F62FD80000000008000000400108F547B6FBF6000000002000000000000000E0EFF7D80000000020F74CD40000000010000000ECE878DF20000000000000000000080088F62FD8E0EFF7D800704AD8000000000C23FEF680F62FD89455FDF688F62FD801000000A30000040000000000000000C098BBD7E09E57EA1897BBD7288593E00C0000001790B61154C39EF30100000000CB54EA000000000C000000D15EFBF600704AD80000000010000000A0EFF7D800704AD8D0E9F7D80C23FEF680F62FD89455FDF688F62FD8A0EFF7D87F76FBF620F74CD4804153D8000000005CFD49D9A897BBD7ECB981E06897BBD7783678E0441024D9FFFFFFFF901210D9FFFFFFFF941100D9804153D820F74CD4D0E9F7D8
W/google-breakpad(10128): S D7BB9780 904353D80C000000002B4BEB58EFE4D800000000E08512D900000000F5030000B097BBD71C4994E05C1694E0F5030000E097BBD7C41794E058EFE4D840793BEF0B0000004501000058EFE4D8E08512D94B000000E0FAFFFF4501000058EFE4D8E08512D9A0DB84E0002B4BEB40EFE4D845010000A0E8F0EC4798BBD71084011B001001100114071808180D2C0D300D340D3C123C123C13C00014CC0019D00019D40019D80019E0001EE0001EE0001FE40020F00025F40025F80025FC002584012A84012B840100D9D8DDE4D80100000000CB54EAB097BBD7604453D800000000AC4353D80000000000000000804153D801000000700C08F501000000700C08F501000000700C08F501000000700C08F550714AD8D9A3FAF62019FEF650714AD80D00000050714AD880F62FD800704AD888F62FD8C00000009455FDF60D000000400108F547B6FBF60000000000000000170000005561FBF60D0000000CC29EE0C00000000CC29EE00CC29EE0C4154AEB0000000038A19FD988F62FD84043FCD8
W/google-breakpad(10128): S D7BB9900 00704AD8403D30D70C23FEF680F62FD89455FDF688F62FD84043FCD87F76FBF67099BBD768877BE000000000010000000CC29EE04065EEECA47BA0E00CC29EE0C0A09FD9C000000001000000C00000008101000068E149D9C8DD9EE0403D30D720000000FFFF000000000000804153D800000000403D30D7509CBBD7ACEE70E0F0EFF7D830704AD804000000400108F50400000000000000787D95E0303F98E0149ABBD77B7C95E0E37B95E0A74795E07B7C95E0184998E0717C95E0804153D88042FCD8489DBBD7403D30D7303F98E0A8A99FD90000000018300000D15EFBF6FFFFFFFF0000000000380000A93F98E000040000D15EFBF6C041FCD830000000000400002C4353D840A29FD97F76FBF6FFFFFFFFFFFFFFFFFFFFFFFF000000000000000018BA9FD94000000001000000689ABBD718BA9FD900000000000000009455FDF67B70FBF62C4253D838BB9FD903000000804153D800000000030000001500000008E949D9989ABBD7343377E000000000F49BBBD780E449D901000000
W/google-breakpad(10128): S D7BB9A80 00D155D800000000000000004043FCD89455FDF67B70FBF69455FDF60000000015000000C09EFDF6C09EFDF6809EFDF6389BBBD700000000C09EFDF6C09EFDF6C09EFDF6809EFDF6000000004A260000C09EFDF68D8AF7F6145C98E0145C98E0785C98E0D05C98E0D05C98E0E09BBBD740010000D15EFBF6145C98E0145C98E040010000145C98E0785C98E0AC000000010000000200000000000000F0ECF7D80C000000D15EFBF6000000001000000010000000909EFB3740793BEF1800000000000000407649D940793BEF0000000000000000A0000000000000004000000088F62FD810EEF7D800704AD8000000000C23FEF680F62FD89455FDF688F62FD810EEF7D87F76FBF60C23FEF680F62FD89455FDF610000000A0F54CD40C000000802D4BEB58EFE4D800000000F0ECF7D80000000010060000C89BBBD71C4994E05C1694E00000000010EEF7D8B87649D988F62FD8904803D9C00F4ED41200000026000000140000005C988CD734000000409CBBD7147681E0509CBBD7C80C6CE0
W/google-breakpad(10128): S D7BB9C00 309CBBD71000000040793BEFEC6981E040793BEFD0793BEFB048CAD840793BEF0496CBD840793BEFB048CAD83831EFD8904803D9804153D83831EFD8C81A88E0509CBBD7046F81E0904803D9B03600002B00000064416BE000000000000000000000000000000000400108F500002CD720982ED748704AD804000000400108F5040000000000000048704AD804000000D8744AD8B3B7FBF60CC29EE0010000000200000050010000F8030000E822FEF688F62FD80200000088F62FD8501E77D900704AD8C0183ED80C23FEF680F62FD89455FDF688F62FD888F62FD8C0183ED800704AD8804153D888F62FD8804153D800704AD858EFE4D80C23FEF680F62FD89455FDF62C9DBBD740793BEF1046CAD85A0000000B0000000B0000007C8FFBD8408FFBD84018B7D8509DBBD7486D81E00096CBD80100000054C39EF34018B7D802000000140000001400000020104ED4C00F4ED4E8978CD7809DBBD7486D81E00096CBD80100000054C39EF3E8978CD7907CA0E0000000000000000040793BEF
W/google-breakpad(10128): S D7BB9D80 A89DBBD7306B81E0C00A76D90000000040793BEF000000004018B7D800000000E00425EFE4978CD7E8978CD7B048CAD84018B7D8000000004018B7D800000000D09DBBD7888D7CE0E8978CD7A81ECAD8309EBBD74018B7D8D0978CD700000000F09DBBD7888D7CE010958CD70000000000000000309FBBD700000000E8978CD7289EBBD7306B81E000000000000000004018B7D8409EBBD7C00A76D9E8978CD7409EBBD74018B7D8E8978CD7309FBBD7909EBBD7B8AB77E000000000409EBBD700000000D0978CD710958CD7509FBBD7B09EBBD7B8AB77E000000000609EBBD70000000040793BEF909EBBD70000000000000000B09FBBD7989EBBD7C00A76D9989EBBD71CC586E0909EBBD74C8772E0889FBBD784C0A1F360BD06F5089434D8C00A76D9689FBBD7E8978CD7889FBBD7889FBBD784C0A1F360BD06F5089434D858EFE4D8889FBBD710958CD7889FBBD740793BEF000000000000000018A0BBD700000000CC8C8CD71C8A8CD79044CAD80000000000000000189FBBD740EFE4D8
W/google-breakpad(10128): S D7BB9F00 189FBBD71CC586E0109FBBD74C8772E0E89FBBD784C0A1F360BD06F5089434D840EFE4D8E89FBBD7A8928CD7E89FBBD718D6DCDBD060ECDBF8FFFFFF30A9BBD710C224EF28C2D8DB18D6DCDBD060ECDB08EE9DDAE0FAFFFFE4A7BBD7D060ECDB08EE9DDAE8978CD7C8C1D8DB0000000008EE9DDAE0FAFFFFC8C1D8DB0000000008EE9DDA10958CD7C0604AD900000000CC8C8CD7A8A0BBD700000000000000006F0300000000000008EE9DDAC01381DA50A0BBD76F030000E89FBBD730A9BBD710C224EF28C2D8DB50A0BBD718D6DCDBD060ECDBE0FAFFFF0000000008EE9DDAE89FBBD7A8928CD700000000000000000000000010C224EF0000000000000000000000000000000028A0BBD720ECE4D828A0BBD7D060ECDB00000000000000007896DEDB000000000000000000000000000000000000000060A0BBD750A0BBD7E4A7BBD708EE9DDAA8A0BBD7CC8C8CD7D060ECDB00000000000000007896DEDB000000000000000000000000FFFFFFFF00000000000000000000000000000000
W/google-breakpad(10128): S D7BBA080 7896DEDBD060ECDB60A0BBD70000000064A0BBD70000000060A0BBD70000000008EE9DDA1C8A8CD700000000000000006F030000D8A0BBD708EE9DDAC01381DA58A1BBD700000000F8A0BBD730A9BBD758A1BBD728C2D8DBC8C1D8DB58A1BBD708EE9DDA7896DEDB60C2D8DB08EE9DDAF8A0BBD754888CD700000000000000000000000010C224EF000000000000000000000000000000007AE09EE0306B81E060A1BBD7C8C1D8DB7896DEDB000000000000000000000000000000000000000060A1BBD758A1BBD7E4A7BBD708EE9DDAD0A1BBD7AC848CD7C8C1D8DB7896DEDB000000000000000000000000FFFFFFFF000000000000000000000000000000007896DEDBC8C1D8DB60A1BBD70000000064A1BBD70000000060A1BBD70000000008EE9DDA5009B7D860C2D8DB60C2D8DB28C2D8DB60C2D8DB08EE9DDA60C2D8DB0085CFDB60C2D8DB08EE9DDA40E55BD8000000000000000050C65BD860A2BBD7F8A2BBD778ACFDD8FDFFFFFF6CACFDD8E0FAFFFFBCF180DA58A2BBD724C577E0
W/google-breakpad(10128): S D7BBA200 6CACFDD808A2BBD76F03000040ED18EF08EE9DDA60C2D8DB0000000008EE9DDA40A2BBD738DC5BD860C2D8DB0000000098C6C3DB60C2D8DB08EE9DDA940C81DA00000000010000000000000010C224EF0000000000000000000000000000000000000000019434D80000000030A3BBD7BCF180DA30A3BBD76F0300000200000060C2D8DB011281DA00000000010100001E0000000085CFDB98C6C3DB08EE9DDAC0A2BBD7DC0881DA98C6C3DB0085CFDB60C2D8DB0100000008EE9DDAC8CE5BD800000000F80E81DAC0B585D63CA3BBD768204CD8F06072E0000000005C0181DA000000000000000060C2D8DB08EE9DDA30A3BBD70CC95BD860C2D8DB00000000E90997E000FEFFFF0002030200000000000000000000000008EE9DDA68C65BD860C2D8DB30A3BBD708EE9DDABCF180DAA8C1C3DB2633040001A3BBD760C2D8DB104B85D6000100130000000000000000000000000200000088F62FD898F080DA00000000644153D840ED18EF10000000000000000CF180DAE4A7BBD700000000
W/google-breakpad(10128): S D7BBA380 487D7CE00000000020A8BBD740ED18EF0000000000000000A8A3BBD710ED18EF00000000B0ED18EF0000000000000000E0A3BBD7288593E034A4BBD783B44876000000000000000020A8BBD708ED18EF00000000406857EA40ED18EF0000000030A7BBD724ED6BE00A000000B301E1F4FC4E3770010000000038F7F40C38F7F440793BEF0000000000000000984E37707CA4BBD7909EFB3700000000B01B0000F0F43B7000AD34D8003870D8010010004300000014A5BBD70100000028A5BBD7010010001F07DEF4984E3770C3260000A0571B70C09EFDF60500000000000000A4A4BBD7A8A4BBD70300000078704AD8D0A5BBD74022F7F401000000DA90A5700A0000000100000028C9FBF400AD34D8003870D800C003F500AD34D843000000000043000100000000000000D505DEF454A5BBD701000000003870D814A5BBD70100000028A5BBD7010010001564C8F400000000C09EFDF68CA5BBD70000000044A5BBD73044FAF4C09EFDF61CA5BBD77CDEFBF40080030000704AD89455FDF6
W/google-breakpad(10128): S D7BBA500 1D0000000000000088F62FD800000000C00D11EF2DBDFAF6000000000000570080000000000000000000000020000000003870D81C000000800000001D00000088F62FD82000000080F62FD8002C33D8C0F2FCF6AD6EFBF61D00000000000000000000000000000000704AD800A5BBD700000000742DF7F42C22F7F44022F7F400005700F4A5BBD70100000000000000C09EFDF680A9BBD7C09EFDF630A9BBD70000000000C003F500AD34D8884CFAF40000000000000000013870D800AD34D8003870D800000000F4A5BBD7C09EFDF6C09EFDF6809EFDF660A6BBD700000000C09EFDF6C09EFDF6C09EFDF6809EFDF600000000A4A6BBD7C09EFDF68D8AF7F670BBCFDB98928FE000000000300000000010000030609FE048A6BBD70000000040A6BBD7C09EFDF6C09EFDF6809EFDF6B8A6BBD700000000C09EFDF6C09EFDF6C09EFDF6809EFDF600000000FCA6BBD7C09EFDF68D8AF7F6A89355EA909EFB375C85A2DAA4A6BBD700000000098CF7F65C85A2DA0000000000000000589834D7
W/google-breakpad(10128): S D7BBA680 000000007F76FBF6000000000800000000000000FFFF000028000000909EFB3720A8BBD70000000080A9BBD700000000810000005C85A2DA000000000000000000000000020000000000000002000000DADC070055F3F9F688F62FD8589834D700704AD84085A2DA0C23FEF680F62FD89455FDF688F62FD8589834D77F76FBF6000000000CC29EE000000000909EFB3700000000406857EA00000000D8E26BE000000000E4A7BBD7AC36000020A8BBD758A7BBD7ECD488E0E4A7BBD74435000000000000E4A7BBD70000000000000000E00425EFC83B88DA70A8BBD7A03587E0E4A7BBD70000000080F62FD800704AD89455FDF60CC29EE0A47BA0E00CC29EE00CC29EE0710D97E0D90597E00CC29EE00CC29EE00CC29EE09C3E87E00CC29EE00CC29EE00CC29EE00CC29EE00CC29EE00CC29EE04B0E97E0C55E96E00CC29EE00CC29EE0130E97E00CC29EE00CC29EE0E00425EF0CC29EE050F18BDA0CC29EE00CC29EE00000000018A8BBD728A8BBD7000000005CA8BBD700000000A42D87E0
W/google-breakpad(10128): S D7BBA800 70A8BBD75702C7F428A8BBD788F62FD8000000007F76FBF6000000005FB3000000000000010525EF00C003F5000000005CA8BBD700000000000000000000000030A9BBD700CB7DEB30A9BBD7DC0D11EF080525EFE00425EFC00D11EF30A9BBD7DC0D11EF080525EF00000000A42D87E0E0A8BBD770D686E09455FDF688F62FD80000000000000000C0A8BBD701EDF9F60200000080A9BBD700000000A1FAF9F602000000003E53D830A9BBD70000000000000000982511EF80A9BBD70000000000000000882511EFC00D11EF982511EF30A9BBD73CD586E064F017DA00A0ABD710A9BBD7942E93E030A9BBD7780000005393FCF60000000030A9BBD770A9BBD730A9BBD77800000080F917DA00A0ABD7042D93E085E8F9F665E8F9F638A9BBD765E8F9F6778FF7F678A9BBD70000000030F92BD830F99FD74A260000B32500000000000000A0ABD7300910000010000000000000000000000000000000000000042D93E0882511EF00000000006058D8010000000010100078A9BBD730A9BBD7
W/google-breakpad(10128): S D7BBA980 160000000000000000000000909EFB3700000000000000000000000000000000000000000000000000000000000000000000000000000000000000000000000000000000000000000000000000000000000000000000000000000000000000000000000000000000000000000100000080F62FD8000000000000000000000000000000000100000000AD34D800000000000000000000000000000000000000000000000000000000000000000000000000000000000000000000000000000000000000000000000000000000000000000000000001000000009434D801000000089434D801000000009434D801000000003E53D80000000000000000010000004800000001000000003E53D80100000040793BEF0100000040793BEF0000000000000000000000000000000001000000E00425EF01000000E00425EF0100000000000000000000000000000000000000000000000000000000000000000000000000000000000000000000000000000000000000000000000000000000000000
W/google-breakpad(10128): S D7BBAB00 000000000000000000000000000000000000000000000000000000000000000000000000000000000000000000000000000000000000000000000000000000000000000000000000000000000000000000000000000000000000000000000000000000000000000000000000000000000000000000000000000000000000000000000000000000000000000000000000000000000000000000000000000000000000000000000000000000000000000000000000000000000000000000000000000000000000000000000000000000000000000000000000000000000000000000000000000000000000000000000000000000000000000000000000000000000000000000000000000000000000000000000000000000000000000000000000000000000000000000000000000000000000000000000000000000000000000000000000000000000000000000000000000000000000000000000000000000000000000000000000000000000000000000000000000000000000000000000000
W/google-breakpad(10128): S D7BBAC80 000000000000000000000000000000000000000000000000000000000000000000000000000000000000000000000000000000000000000000000000000000000000000000000000000000000000000000000000000000000000000000000000000000000000000000000000000000000000000000000000000000000000000000000000000000000000000000000000000000000000000000000000000000000000000000000000000000000000000000000000000000000000000000000000000000000000000000000000000000000000000000000000000000000000000000000000000000000000000000000000000000000000000000000000000000000000000000000000000000000000000000000000000000000000000000000000000000000000000000000000000000000000000000000000000000000000000000000000000000000000000000000000000000000000000000000000000000000000000000000000000000000000000000000000000000000000000000000000
W/google-breakpad(10128): S D7BBAE00 000000000000000000000000000000000000000000000000000000000000000000000000000000000000000000000000000000000000000000000000000000000000000000000000000000000000000000000000000000000000000000000000000000000000000000000000000000000000000000000000000000000000000000000000000000000000000000000000000000000000000000000000000000000000000000000000000000000000000000000000000000000000000000000000000000000000000000000000000000000000000000000000000000000000000000000000000000000000000000000000000000000000000000000000000000000000000000000000000000000000000000000000000000000000000000000000000000000000000000000000000000000000000000000000000000000000000000000000000000000000000000000000000000000000000000000000000000000000000000000000000000000000000000000000000000000000000000000000
W/google-breakpad(10128): S D7BBAF80 0000000000000000000000000000000000000000000000000000000000000000000000000000000000000000000000000000000000000000000000000000000000000000000000000000000000000000000000000000000000000000000000000000000000000000000000000000000000000000000000000000000000000000
W/google-breakpad(10128): C 060000400000000000000000F8FFFFFF30A9BBD710C224EF28C2D8DB18D6DCDB18D6DCDB08EE9DDAE0FAFFFFE4A7BBD7889FBBD74018B7D8389FBBD7A00000006818B7D810000F600000000000000000000000000000000000000000000000000000000000000000000000000000000000000000000000000000000000000000000000000000000000000000000000000000000000000000000000000000000000000000000000000000000000000000000000000000000000000000000000000000000000000000000000000000000000000000000000000000000000000000000000000000000000000000000000000000000000000000000000000000000000000000000000000000000000000000000000000000000000000000000000000000000000000000000000000000000000000000000000000000000000000000000000000000000000000000000000000000000000000000000000000000000000000000000000000000000000000000
W/google-breakpad(10128): M AABC5000 00000000 00005000 B11131ACAEA04730E8812A7546019DD70 app_process32
W/google-breakpad(10128): M D93F2000 00000000 00007000 6C110E4E29910EB42E10D6F6540BB0DA0 libwebviewchromium_plat_support.so
W/google-breakpad(10128): M E0695000 00000000 00359000 A5DB79F75FCBC557F610019CD92408C50 libmonosgen-2.0.so
W/google-breakpad(10128): M E2819000 03716000 01AE1000 488126E5C3908224A6BF664CC97A94320 libwebviewchromium.so
W/google-breakpad(10128): M E8C19000 00000000 00006000 FEC9541933ACE52D7B868116F343FB2B0 libwebviewchromium_loader.so
W/google-breakpad(10128): M E8CBD000 00000000 00005000 6CB98C1690A536CF6709829EEDA3C7A70 libjnigraphics.so
W/google-breakpad(10128): M E8CC2000 00000000 0000A000 59CFF69D627F008A007192B16466AFF20 libcompiler_rt.so
W/google-breakpad(10128): M E8CCC000 00000000 00011000 9A97D038612E9C34781A7B2797F8DC040 libandroid.so
W/google-breakpad(10128): M E8CDD000 00000000 0000A000 9FD41AAD1026C5EDC817406470FD22400 libqservice.so
W/google-breakpad(10128): M E8CE7000 00000000 0000C000 54B36755664D2E98999B9CCFC164B8510 libqdutils.so
W/google-breakpad(10128): M E8CF3000 00000000 00005000 6CB97ED331F2ED33C7B85EBC9C19BDDD0 libqdMetaData.so
W/google-breakpad(10128): M E8CF8000 00000000 00008000 47F8C17875F2C87E91D7EA98F2504D150 libmemalloc.so
W/google-breakpad(10128): M E8D00000 00000000 00009000 C7194598E9A901A2A84BF14BE67228000 gralloc.msm8994.so
W/google-breakpad(10128): M E8D09000 00000000 0000C000 2A67CCECB355562E420451AD4B9811A90 eglSubDriverAndroid.so
W/google-breakpad(10128): M E8D15000 00000000 00026000 9F49D01DD4FBB5FFCF3613150881B4500 libGLESv1_CM_adreno.so
W/google-breakpad(10128): M E8D3B000 00000000 0073D000 2076F62BFFE762262BDB09FC9D5564F90 libllvm-glnext.so
W/google-breakpad(10128): M E9489000 00000000 00495000 5E66A8AF513BAEC4DDD22A5E486CA5740 libGLESv2_adreno.so
W/google-breakpad(10128): M E9920000 00000000 0003D000 93AC4CD274A1E3BCEBF3CE5F949EB5780 libgsl.so
W/google-breakpad(10128): M E995D000 00000000 00007000 970ACFD9475F636B156547BA7CB914970 libadreno_utils.so
W/google-breakpad(10128): M E9966000 00000000 00012000 2E578A88F58C311E721035666D5653FF0 libEGL_adreno.so
W/google-breakpad(10128): M EB4F2000 00000000 0001B000 E439051B61677F9DFD3F42CE220CD6BF0 libkeymaster1.so
W/google-breakpad(10128): M EB50D000 00000000 0000B000 E8088E2F98915A39B7E6BB1A2AE039FC0 libkeymaster_messages.so
W/google-breakpad(10128): M EB518000 00000000 00017000 F3F4C2846FFCEA7E1B78D3FBE0572CAD0 libsoftkeymasterdevice.so
W/google-breakpad(10128): M EB52F000 00000000 0000E000 AAC8B8364869B51CC4A97DD5C714EC090 libkeystore_binder.so
W/google-breakpad(10128): M EB53D000 00000000 00006000 7124D8564C80C3094310ABA6614DAB910 libkeystore-engine.so
W/google-breakpad(10128): M EB543000 00000000 00018000 3CCB59EE449CD322CE049700F2B8049C0 libjavacrypto.so
W/google-breakpad(10128): M EB55C000 00000000 00010000 A30E9C5A862E832BBFAF3B434C76D0E60 libstagefright_amrnb_common.so
W/google-breakpad(10128): M EB56C000 00000000 0002C000 F966FB2BA53F2EA33FE2DC60D471CD690 libexif.so
W/google-breakpad(10128): M EB599000 00000000 0000D000 BAB9BA33093729141580198BE09073330 libjhead.so
W/google-breakpad(10128): M EB5A7000 00000000 00018000 854FF85550BC71CA99F164BBFC01DAF70 libmtp.so
W/google-breakpad(10128): M EB5BF000 00000000 00048000 CD50661D5ACE524DD138D26D5DE4D2760 libmedia_jni.so
W/google-breakpad(10128): M F0A0A000 00000000 00036000 0943706BF440F1591EF6BCFC7A4032A70 libjavacore.so
W/google-breakpad(10128): M F0A82000 00000000 00005000 B3BD34962FE5C029C66D802FC7AB87920 memtrack.msm8994.so
W/google-breakpad(10128): M F3A2C000 00000000 00026000 27D56D65054B7003753F260049FAA5080 libmonodroid.so
W/google-breakpad(10128): M F4B80000 00000000 0043E000 090628FEE177915F7F9AA98533485BCF0 libart.so
W/google-breakpad(10128): M F50F2000 00000000 00005000 3C93548437F51636C41BEFEC179BC4710 libsigchain.so
W/google-breakpad(10128): M F511A000 00000000 00A5C000 DAB3693CB3D62A215B4DF68A97016FE10 libLLVM.so
W/google-breakpad(10128): M F5B7F000 00000000 00038000 40CAD887423CB4B9F2FCBD2F28DA0F9C0 libbcinfo.so
W/google-breakpad(10128): M F5BB7000 00000000 0005B000 E3C922410FBE6C53FB58D9CC11445D590 libbcc.so
W/google-breakpad(10128): M F5C12000 00000000 0000E000 0A07F40D33AB1AB4FE7F49FCEF1123210 libcommon_time_client.so
W/google-breakpad(10128): M F5C21000 00000000 0001A000 6E54DD91A07BB3BA2B3A1101AA80A6CA0 libprotobuf-cpp-lite.so
W/google-breakpad(10128): M F5C3B000 00000000 00009000 2B5487ACE2353DD06BBCE0A5EDD1743B0 libstagefright_avc_common.so
W/google-breakpad(10128): M F5C44000 00000000 00005000 BF77B7B0D8CB1C05D4D9E3FCCB1170B80 libstagefright_enc_common.so
W/google-breakpad(10128): M F5C49000 00000000 00007000 64ADBA13487D816709EFE00E09533FE90 libpowermanager.so
W/google-breakpad(10128): M F5C50000 00000000 0001F000 72CCF35699CA1CC490534D0E5A15916D0 libvorbisidec.so
W/google-breakpad(10128): M F5C6F000 00000000 00007000 D691E3BDC885CAD2755A032365DBA9F60 libstagefright_yuv.so
W/google-breakpad(10128): M F5C77000 00000000 00031000 FB9D7DEA0FD7FF5CBDC2193B99563E240 libstagefright_omx.so
W/google-breakpad(10128): M F5CA8000 00000000 0003B000 8BEDD672CFE24C6501C062987355048F0 libopus.so
W/google-breakpad(10128): M F5CE3000 00000000 0000A000 243D48365B04A9984861FE1070F7D5EA0 libmediautils.so
W/google-breakpad(10128): M F5CED000 00000000 0001A000 E926DAA402C222B9E7583FE91626B9910 libdrmframework.so
W/google-breakpad(10128): M F5D07000 00000000 00021000 DDFFAC3DD86DC2CDE3524D60A3B79A770 libRScpp.so
W/google-breakpad(10128): M F5D28000 00000000 00042000 D90EEEDFE3F8583A86C02981AA29AC740 libRS.so
W/google-breakpad(10128): M F5D6A000 00000000 00009000 B86B8D56E3DAFE2157FD5DABA96EECD80 libspeexresampler.so
W/google-breakpad(10128): M F5D73000 00000000 0000B000 2F133C88A93CB2F0DE77E2B7DE1536B00 libnbaio.so
W/google-breakpad(10128): M F5D7E000 00000000 00014000 CC12E7EDBFEC6E454AE9494ABEE9EFDA0 libpcre.so
W/google-breakpad(10128): M F5D94000 00000000 00007000 EC71E0A1B0B0C3D56D0E65A52AC0DF840 libwpa_client.so
W/google-breakpad(10128): M F5D9B000 00000000 00070000 E287C2E859528ABFED0B89978D77CF7D0 libGLES_trace.so
W/google-breakpad(10128): M F5E0B000 00000000 00060000 417F31D47E493B04948253130232ECE40 libft2.so
W/google-breakpad(10128): M F5E6B000 00000000 00029000 ABE88CF058C41846BB868531DE4AE9270 libpng.so
W/google-breakpad(10128): M F5E94000 00000000 00005000 90A76BCD4129921E4880632A938BE52A0 libsync.so
W/google-breakpad(10128): M F5E99000 00000000 00007000 5BA2119D7F6CE5C6D136A605F8A56A760 libstdc++.so
W/google-breakpad(10128): M F5EA0000 00000000 00012000 EFE46990D315C91EA8CE5B49CBA412590 libunwind.so
W/google-breakpad(10128): M F5EF8000 00000000 0000B000 BDD7C4B3703B0E96EF1B23C1665DEDA40 libbase.so
W/google-breakpad(10128): M F5F03000 00000000 00007000 590072798B82D2C632B663BC840870A40 libeffects.so
W/google-breakpad(10128): M F5F0B000 00000000 00006000 9D67808340C0D180BDA4867A48D94B2D0 libstagefright_http_support.so
W/google-breakpad(10128): M F5F11000 00000000 0001B000 663413A116109C22EE8494845825536F0 libstagefright_foundation.so
W/google-breakpad(10128): M F5F2C000 00000000 0015E000 A5EE56A98E44C772CFBBAA4A6B7185880 libstagefright.so
W/google-breakpad(10128): M F608A000 00000000 0006B000 EA65315B1758C6F7ECD15D7982D1FD680 libhwui.so
W/google-breakpad(10128): M F60F5000 00000000 00005000 1C55C2519DE085BB2728F75F1C3ACAB20 libradio_metadata.so
W/google-breakpad(10128): M F60FA000 00000000 00006000 AF5858CBEC9B09943448E62C99E3FA9C0 libnativebridge.so
W/google-breakpad(10128): M F6100000 00000000 00006000 A46E22B63BC6E7EB16DB65E6F7060EDD0 libprocessgroup.so
W/google-breakpad(10128): M F6106000 00000000 00010000 E4A17B336766BF93D6BBE39AF38AEC620 libminikin.so
W/google-breakpad(10128): M F6116000 00000000 0000E000 26EDA16D972D3FDC0D0364150028368F0 libsoundtrigger.so
W/google-breakpad(10128): M F6125000 00000000 0000E000 A086A6E27F856978984805A3AFAEB7F50 libradio.so
W/google-breakpad(10128): M F6133000 00000000 00006000 DE9A49AB4F78A68C19AB05800ED168E50 libnetd_client.so
W/google-breakpad(10128): M F6139000 00000000 00010000 FBBC6410F14F06C0823D44428DC1900E0 libimg_utils.so
W/google-breakpad(10128): M F6149000 00000000 00409000 F680938ABD551E5D7E41D6701CEED06F0 libpdfium.so
W/google-breakpad(10128): M F6553000 00000000 00009000 3725DB0D6CA8B7874343971EB9ED487E0 libaudioutils.so
W/google-breakpad(10128): M F655C000 00000000 0001C000 8B733D3C558331A0B76E1467AD5AA35B0 libz.so
W/google-breakpad(10128): M F6579000 00000000 0004B000 0A6EC0834FC5D471152B11EA5E634B4A0 libharfbuzz_ng.so
W/google-breakpad(10128): M F65C4000 00000000 00007000 CD1C791909DD4926B8BA079AD31C4A700 libusbhost.so
W/google-breakpad(10128): M F65CB000 00000000 00037000 C51C43C302671B6EE317F355493C6DAD0 libjpeg.so
W/google-breakpad(10128): M F6603000 00000000 000AD000 B8DC39B4673BFD20555C95A00834F3E90 libmedia.so
W/google-breakpad(10128): M F66B0000 00000000 00170000 AA15D547E8579895F3DDC3800384EBD20 libicui18n.so
W/google-breakpad(10128): M F6820000 00000000 0011A000 B5A7AC2059E716204605A25A1BC628A50 libicuuc.so
W/google-breakpad(10128): M F693E000 00000000 00026000 2AA07E155C9E8E7BF9F2CA2B81E068620 libssl.so
W/google-breakpad(10128): M F6964000 00000000 0009D000 723D1653E2ACC92122DED61EEE06856D0 libcrypto.so
W/google-breakpad(10128): M F6A01000 00000000 00054000 B57AE8285AF41584C7E0DC597498D0A10 libsonivox.so
W/google-breakpad(10128): M F6A5A000 00000000 00011000 FEB82A497A5E321840DFBAB8BDD430000 libselinux.so
W/google-breakpad(10128): M F6A6B000 00000000 00008000 27D78EE89B6E79C9D6D6257953AE026C0 libhardware_legacy.so
W/google-breakpad(10128): M F6A74000 00000000 00005000 E6C2C99F72B5E5958A42FEBEB06F31170 libhardware.so
W/google-breakpad(10128): M F6A79000 00000000 00006000 C64AEDD38F51FD36501D25CD0BFDE6720 libETC1.so
W/google-breakpad(10128): M F6A7F000 00000000 0000F000 C42685E5A1F9AB31F90772E6DB8720610 libGLESv2.so
W/google-breakpad(10128): M F6A8E000 00000000 0000A000 E8739084961F72CD83CED9F365AB20590 libGLESv1_CM.so
W/google-breakpad(10128): M F6A98000 00000000 00068000 DE0DC45A2E4287CCFA86E5AE61ECC9D90 libEGL.so
W/google-breakpad(10128): M F6B03000 00000000 00065000 93B128A79633CA0AFB09F0F89E927A090 libsqlite.so
W/google-breakpad(10128): M F6B69000 00000000 0026E000 43B0613854F666DC29EC0BA3BBB9F5F80 libskia.so
W/google-breakpad(10128): M F6DDB000 00000000 0000A000 382464CA4109AEB111F792003DC3F3550 libcamera_metadata.so
W/google-breakpad(10128): M F6DE5000 00000000 0002D000 7E6E915F8253B61FF8C812F873A2DA560 libcamera_client.so
W/google-breakpad(10128): M F6E12000 00000000 0003F000 16839353F26F89566485AD01979566880 libinputflinger.so
W/google-breakpad(10128): M F6E51000 00000000 0001F000 2A72DD76A34AE82BAB02C7E8DF67A2F30 libinput.so
W/google-breakpad(10128): M F6E70000 00000000 0005A000 8F0C986C217D3D2C0158FDB14E0C60670 libgui.so
W/google-breakpad(10128): M F6ECA000 00000000 00010000 EA05E3FC7057E2C072FF1B3027067F090 libui.so
W/google-breakpad(10128): M F6EDA000 00000000 00009000 214A3A38E289ED4F1F9CEE388493A7B90 libnetutils.so
W/google-breakpad(10128): M F6EE3000 00000000 00009000 C42A93B52E8D95A537AF1C6D3744F84B0 libnativehelper.so
W/google-breakpad(10128): M F6EEC000 00000000 00017000 DC0DA3BACECC3083775C728D9B8614B50 libexpat.so
W/google-breakpad(10128): M F6F03000 00000000 0002A000 21EC4C7DC288CD45D2FF5FBC1F4C56BC0 libandroidfw.so
W/google-breakpad(10128): M F6F2D000 00000000 00005000 643BA116A83C0A166C61B94D49CC532A0 libmemtrack.so
W/google-breakpad(10128): M F6F32000 00000000 0000B000 8363CC7E15FC7500AB86936D968BFFE30 libbacktrace.so
W/google-breakpad(10128): M F6F3D000 00000000 00022000 6D303961A1FAFDA6B15029FAC5AB18480 libm.so
W/google-breakpad(10128): M F6F5F000 00000000 0007A000 0F8B5F2ADE384B2AFE6CE1AF2F492B450 libc.so
W/google-breakpad(10128): M F6FE3000 00000000 0008E000 CDB486C99025F7F8D15E2F0F1A2F89C30 libc++.so
W/google-breakpad(10128): M F7072000 00000000 0002D000 644EA213657A15F3888273CB9AD221360 libwilhelm.so
W/google-breakpad(10128): M F709F000 00000000 000DA000 72BEC38440F152CC2C75A27D8ABDB1FA0 libandroid_runtime.so
W/google-breakpad(10128): M F717E000 00000000 0002E000 2B598DF067AB86C77B5A75C56A36665E0 libbinder.so
W/google-breakpad(10128): M F71AC000 00000000 0000A000 E228CADAD40DF03451BD6187E1D8602C0 liblog.so
W/google-breakpad(10128): M F71B6000 00000000 0001B000 CE0B322AF9DA5065B2550F65897133970 libutils.so
W/google-breakpad(10128): M F71D1000 00000000 00011000 1A5E9ECEF29DA3D4375CD8A46575511E0 libcutils.so
W/google-breakpad(10128): M F720D000 00000000 00020000 D8A6768FAFA6637EDC0F2D11976AF2560 linker
W/google-breakpad(10128): -----END BREAKPAD MICRODUMP-----
W/google-breakpad( 9651): ### ### ### ### ### ### ### ### ### ### ### ### ###
W/google-breakpad( 9651): Chrome build fingerprint:
W/google-breakpad( 9651): 3.1.7
W/google-breakpad( 9651): 30011
W/google-breakpad( 9651): 0ac25ff3-fa94-4ee3-b183-8999384c3b93
W/google-breakpad( 9651): ### ### ### ### ### ### ### ### ### ### ### ### ###
E/chromium( 9651): ### WebView Version 44.0.2403.117 (code 246011750)
I/ThermalEngine(  521): ACTION: GPU - Setting GPU[0] to 390000000
I/art     ( 9651): Starting a blocking GC Explicit
I/art     ( 9651): Explicit concurrent mark sweep GC freed 268780(11MB) AllocSpace objects, 22(440KB) LOS objects, 28% free, 40MB/56MB, paused 946us total 78.587ms
I/art     ( 9651): Starting a blocking GC Explicit
I/art     ( 9651): Explicit concurrent mark sweep GC freed 1750(93KB) AllocSpace objects, 0(0B) LOS objects, 28% free, 39MB/55MB, paused 898us total 28.926ms
I/art     ( 9651): Starting a blocking GC Explicit
I/art     ( 9651): Explicit concurrent mark sweep GC freed 10(720B) AllocSpace objects, 0(0B) LOS objects, 28% free, 39MB/55MB, paused 908us total 27.769ms
I/art     ( 9651): Starting a blocking GC Explicit
I/art     ( 9651): Explicit concurrent mark sweep GC freed 10(720B) AllocSpace objects, 0(0B) LOS objects, 28% free, 39MB/55MB, paused 948us total 32.417ms
I/art     ( 9651): Starting a blocking GC Explicit
I/art     ( 9651): Explicit concurrent mark sweep GC freed 10(720B) AllocSpace objects, 0(0B) LOS objects, 28% free, 39MB/55MB, paused 885us total 29.042ms
I/ServiceManager(  594): Waiting for service AtCmdFwd...
I/ServiceManager(  594): Waiting for service AtCmdFwd...
E/KernelCpuSpeedReader(  928): Failed to read cpu-freq: /sys/devices/system/cpu/cpu4/cpufreq/stats/time_in_state: open failed: ENOENT (No such file or directory)
E/KernelCpuSpeedReader(  928): Failed to read cpu-freq: /sys/devices/system/cpu/cpu4/cpufreq/stats/time_in_state: open failed: ENOENT (No such file or directory)
I/ServiceManager(  594): Waiting for service AtCmdFwd...
I/ServiceManager(  594): Waiting for service AtCmdFwd...
W/ip      (10215): type=1400 audit(0.0:74): avc: denied { search } for name="net" dev="dm-2" ino=4079624 scontext=u:r:shell:s0 tcontext=u:object_r:net_data_file:s0 tclass=dir permissive=0
I/ServiceManager(  594): Waiting for service AtCmdFwd...
I/art     ( 9651): Starting a blocking GC Explicit
I/art     ( 9651): Explicit concurrent mark sweep GC freed 2082(143KB) AllocSpace objects, 1(20KB) LOS objects, 28% free, 39MB/55MB, paused 993us total 28.274ms
I/art     ( 9651): Starting a blocking GC Explicit
I/art     ( 9651): Explicit concurrent mark sweep GC freed 35(2600B) AllocSpace objects, 0(0B) LOS objects, 28% free, 39MB/55MB, paused 918us total 29.115ms
W/Atfwd_Sendcmd(  594): AtCmdFwd service not published, waiting... retryCnt : 4
I/art     ( 9651): Starting a blocking GC Explicit
I/art     ( 9651): Explicit concurrent mark sweep GC freed 10(720B) AllocSpace objects, 0(0B) LOS objects, 28% free, 39MB/55MB, paused 912us total 31.702ms
I/art     ( 9651): Starting a blocking GC Explicit
I/art     ( 9651): Explicit concurrent mark sweep GC freed 10(720B) AllocSpace objects, 0(0B) LOS objects, 28% free, 39MB/55MB, paused 1.136ms total 28.598ms
I/art     ( 9651): Starting a blocking GC Explicit
I/art     ( 9651): Explicit concurrent mark sweep GC freed 10(720B) AllocSpace objects, 0(0B) LOS objects, 28% free, 39MB/55MB, paused 849us total 27.531ms

]]><xtc-duration value="105.7534101"/></xtc-step><!-- name: "undefined", id: "undefined" --><![CDATA[
I/ThermalEngine(  521): ACTION: GPU - Setting GPU[0] to 450000000

]]><xtc-step name="[0-1042]CareerBuilder_Search.DroidFeatureTests.JDPTests.DescriptionCardShouldNotVisible-0-NA-FinalScreenShot" id="[0-1042]CareerBuilder_Search.DroidFeatureTests.JDPTests.DescriptionCardShouldNotVisible-0-NA-FinalScreenShot"><![CDATA[

]]><xtc-duration value="2.3830799"/></xtc-step><!-- name: "undefined", id: "undefined" --><![CDATA[
I/art     ( 9651): Starting a blocking GC Explicit
I/art     ( 9651): Explicit concurrent mark sweep GC freed 2088(142KB) AllocSpace objects, 1(20KB) LOS objects, 28% free, 39MB/55MB, paused 571us total 25.245ms
I/art     ( 9651): Starting a blocking GC Explicit
I/art     ( 9651): Explicit concurrent mark sweep GC freed 55(2200B) AllocSpace objects, 0(0B) LOS objects, 28% free, 39MB/55MB, paused 574us total 23.262ms
I/art     ( 9651): Starting a blocking GC Explicit
I/art     ( 9651): Explicit concurrent mark sweep GC freed 10(720B) AllocSpace objects, 0(0B) LOS objects, 28% free, 39MB/55MB, paused 569us total 24.085ms
