W/ResourceType(10132): No known package when getting name for resource number 0xffffffff
W/ResourceType(10132): No known package when getting name for resource number 0xffffffff
W/ResourceType(10132): No known package when getting name for resource number 0xffffffff
W/ResourceType(10132): No known package when getting name for resource number 0xffffffff
W/ResourceType(10132): No known package when getting name for resource number 0xffffffff
W/ResourceType(10132): No known package when getting name for resource number 0xffffffff
W/ResourceType(10132): No known package when getting name for resource number 0xffffffff
W/ResourceType(10132): No known package when getting name for resource number 0xffffffff
W/ResourceType(10132): No known package when getting name for resource number 0xffffffff
W/ResourceType(10132): No known package when getting name for resource number 0xffffffff
W/ResourceType(10132): No known package when getting name for resource number 0xffffffff
W/ResourceType(10132): No known package when getting name for resource number 0xffffffff
W/ResourceType(10132): No known package when getting name for resource number 0xffffffff
W/ResourceType(10132): No known package when getting name for resource number 0xffffffff
W/ResourceType(10132): No known package when getting name for resource number 0xffffffff
W/ResourceType(10132): No known package when getting name for resource number 0xffffffff
W/ResourceType(10132): No known package when getting name for resource number 0xffffffff
W/ResourceType(10132): No known package when getting name for resource number 0xffffffff
W/ResourceType(10132): No known package when getting name for resource number 0xffffffff
W/ResourceType(10132): No known package when getting name for resource number 0xffffffff
W/ResourceType(10132): No known package when getting name for resource number 0xffffffff
W/ResourceType(10132): No known package when getting name for resource number 0xffffffff
W/ResourceType(10132): No known package when getting name for resource number 0xffffffff
W/ResourceType(10132): No known package when getting name for resource number 0xffffffff
W/ResourceType(10132): No known package when getting name for resource number 0xffffffff
W/ResourceType(10132): No known package when getting name for resource number 0xffffffff
W/ResourceType(10132): No known package when getting name for resource number 0xffffffff
W/ResourceType(10132): No known package when getting name for resource number 0xffffffff
W/ResourceType(10132): No known package when getting name for resource number 0xffffffff
W/ResourceType(10132): No known package when getting name for resource number 0xffffffff
W/ResourceType(10132): No known package when getting name for resource number 0xffffffff
W/ResourceType(10132): No known package when getting name for resource number 0xffffffff
W/ResourceType(10132): No known package when getting name for resource number 0xffffffff
W/ResourceType(10132): No known package when getting name for resource number 0xffffffff
D/Mono    (10132): [0xd2a23930] worker starting
D/Mono    (10132): [0xd2922930] worker starting
I/mono-stdout(10132): done making call to: /consumer/saved-jobs/?DeveloperKey=WDHR8FC6P2JZ1Y61KLM5
I/mono-stdout(10132): done making call to: /v3/job?DID=job1&outputjson=true&ShowApplyRequirements=true&DeveloperKey=WDHR8FC6P2JZ1Y61KLM5
W/google-breakpad(10522): -----BEGIN BREAKPAD MICRODUMP-----
W/google-breakpad(10522): O A arm 08 armv8l 3.10.73-g9741316 #1 SMP PREEMPT Thu Nov 5 02:17:00 UTC 2015
W/google-breakpad(10522): S 0 D2921F38 D2921000 00002000
W/google-breakpad(10522): S D2921000 642498E000400000B8A046D8DA040002DA04000240ACEBEC6084FBD748F57AE0DA04000240ACEBEC5AADEBECDA040000C01092D2088F76E0000000000C000000C8CECCD800A90040000000006084FBD700A9EBECDA040002C8CECCD8D86313DD00000000ED3D13DD981092D2E09577E0D86313DD00000000DA04000000CB50EADA04000000CB50EA00A9EBECC8CECCD8D86313DDED3D13DDE81492D23CA277E0000000006084FBD700A9EBECDA040002C8CECCD8D86313DD00000000ED3D13DD7831E9ECE09577E0D86313DD0000000094D5F7F67BF0F5F6DA04000000CB50EA00A9EBECC8CECCD8D86313DDED3D13DD401592D23CA277E0801192D200000000C01EF8F6C01EF8F6C01EF8F6801EF8F600000000102900007831E9EC8D0AF2F6DA04000240ACEBEC04000000505605F504000000505605F530706BD4D923F5F62099F8F630706BD40100000030706BD4807BC3D800706BD494D5F7F6887BC3D81000000001000000005305F54736F6F6000000000000000018706BD430D33CD7
W/google-breakpad(10522): S D2921180 01000000E07D9CD9A85305F510000000A85305F520000000642498E000400000887BC3D830D33CD700706BD4000000000CA3F8F6807BC3D894D5F7F6887BC3D830D33CD77FF6F5F600200000D1DEF5F60000000020D33CD700200000642498E000000000100000000240000000000000004000004000000030D33CD7E07D9CD9FB1872DF00000000887BC3D820D33CD7887BC3D800706BD40800000010D33CD70CA3F8F6807BC3D894D5F7F67FF6F5F6E07D9CD98081FBD700000000F450D7D8981292D2ECE97AE000200000B800000048ED96E00200000068B0EBEC05000000BD0100002C83FBD78081FBD710D33CD79083FBD78081FBD7E07D9CD988066DD80000000088066DD8981292D264C78DE0AC83FBD788066DD8901492D2C85768E068EED4D8A09C65E000000000302C45EB101392D2401492D201000000401492D248FC35D900000000D054C9D8282C45EBB8A046D8282C45EB001392D210A77DE060FDC3DE401492D2F450D7D80000000001000000EC50D7D80000000000000000
W/google-breakpad(10522): S D2921300 FFA58EE0FA1872DF0000000017A68EE0962298E000000000E07D9CD9DAA58EE0010000009083FBD7E07D9CD9F05000401850D7D860EED4D888066DD8E0FAFFFF883000000052FAD918CFCCD8FE6613DD0052FAD900000000301492D29972F4F6E0FAFFFF8830000000000000282276E0B081FBD701000000000000000000000000000000B0ECD4D84853D7D8FB1872DF88066DD800000000DAA58EE0000000002C83FBD7F050D7D8FA1872DFF0A93CD700000000F8DBD4D8101492D2009D74E05A56FAD90CF297E00CF297E00CF297E0000000000C00000018CFCCD800520040000000000100000000000000F4396FE000CB50EA0052FAD918CFCCD8FE6613DD1C578DE0102EB1D8FE6613DD971A29AB971A29AB0000000000CB50EA0052FAD918CFCCD8FE6613DD000000000D6413DD801892D2C4A077E06084FBD77CECD4D8D8EED4D800002000000000009C0200006D01000005000000B8A046D88081FBD768B0EBEC78ECD4D888066DD868EDD4D8901492D2144865E08081FBD7F853D7D8
W/google-breakpad(10522): S D2921480 8081FBD720EED4D890EBD4D868EDD4D8401592D2EC7465E078ECD4D890EBD4D85A00000000000000F01492D21008024000000000DC1872DFE61872DF10000000887BC3D810D33CD700706BD400D33CD70CA3F8F6807BC3D894D5F7F6887BC3D810D33CD77FF6F5F6C07D9CD98081FBD70000000094EBD4D8501592D2ECE97AE0D1C3F6FF8081FBD748ED96E002000000C86AC9D8080000008081FBD701000000A8A93CD700D33CD79083FBD78081FBD7C07D9CD928EC6BD80200000028EC6BD8501592D264C78DE0AC83FBD728EC6BD8481792D2C85768E0E8E8D4D8A09C65E000000000302C45EBC81592D2F81692D2000000000000000000000000000000000000000028000000010000000000000000000000010000000100000094EBD4D888066DD800000000010000008CEBD4D80000000000000000FFA58EE0EB1872DF0000000017A68EE00100000002000000C07D9CD9DAA58EE0010000009083FBD794D5F7F67BF0F5F610EAD4D8E0E8D4D828EC6BD80100000000A9EBEC581592D2
W/google-breakpad(10522): S D2921600 6084FBD700000000AC83FBD700000000000000008081FBD7E0E7D4D8000000000100000000000000B081FBD70100000000000000000000000000000028E7D4D808000000D1DEF5F628EC6BD80000000008000000000000002C83FBD790EBD4D800000000486AC9D8101AA2DA00A9EBEC00000000080000000000080000A9EBECD81692D2200000000000000080D33CD700000000E0EFAFD86400CCD81000000000000000200000006400CCD83813D4D8887BC3D880D33CD700706BD4000000000CA3F8F6807BC3D894D5F7F6887BC3D801000000A30000040000000000000000C01892D2E0DE9AEA181792D228B58CE00C0000001790B611A85399F30100000000CB50EA000000000C000000D1DEF5F600706BD4000000001000000060D33CD700706BD490D33CD70CA3F8F6807BC3D894D5F7F6887BC3D860D33CD77FF6F5F6E0EFAFD88081FBD7000000005CEDD4D8A81792D2ECE97AE0681792D2786671E008EE96E00E000000106AC9D800000000C0EFAFD88081FBD7E0EFAFD890D33CD7
W/google-breakpad(10522): S D2921780 9083FBD70C00000038B201F528E267D900000000209771D400000000C4200000B01792D21C798DE05C468DE0C4200000E01792D2C4478DE028E267D9407937EF0B0000004501000028E267D9209771D44B000000E0FAFFFF4501000028E267D9209771D4A00B7EE038B201F510E267D945010000B0E8E8EC471892D21084011B001001100114071808180D2C0D300D340D3C123C123C13C00014CC0019D00019D40019D80019E0001EE0001EE0001FE40020F00025F40025F80025FC002584012A84012B840100D880B064D40100000000CB50EAB01792D26084FBD700000000AC83FBD700000000000000008081FBD7F8E8D4D800000000010000000000000004000000305E05F504000000305E05F550716BD4D923F5F62099F8F650716BD40D00000050716BD4807BC3D800706BD4887BC3D8C000000094D5F7F60D000000005305F54736F6F600000000000000001700000055E1F5F60D0000000CF297E0C00000000CF297E00CF297E0C41546EB000000003851D7D8887BC3D8C0E585D9
W/google-breakpad(10522): S D2921900 00706BD480E385D90CA3F8F6807BC3D894D5F7F6887BC3D8C0E585D97FF6F5F6701992D268B774E000000000010000000CF297E04065E6ECA4AB99E00CF297E0C050D7D8C000000001000000C00000008101000068D1D4D8C80D98E080E385D920000000FFFF0000000000008081FBD70000000080E385D9501C92D2AC1E6AE0250200006084FBD700CB50EA0100000000CB50EA0000000078AD8EE0306F91E0141A92D27BAC8EE0E3AB8EE0A7778EE07BAC8EE0187991E071AC8EE08081FBD700E585D9481D92D280E385D9306F91E0A859D7D80000000018300000D1DEF5F6FFFFFFFF0000000000380000A96F91E000040000D1DEF5F640E485D930000000000400002C83FBD74052D7D87FF6F5F6FFFFFFFFFFFFFFFFFFFFFFFF0000000000000000186AD7D84000000001000000681A92D2186AD7D8000000000000000094D5F7F67BF0F5F62C82FBD7386BD7D8030000008081FBD700000000030000001500000008D9D4D8981A92D2346370E000000000F41B92D280D4D4D800000000
W/google-breakpad(10522): S D2921A80 C0E285D9C01EF8F6C01EF8F6801EF8F694D5F7F67BF0F5F6C01EF8F6C01EF8F6C01EF8F6801EF8F60000000000000000C01EF8F6C01EF8F6C01EF8F6801EF8F6481B92D200000000C01EF8F6C01EF8F6C01EF8F6801EF8F60000000010290000C01EF8F68D0AF2F6807BC3D800706BD4887BC3D893E2F5F6148C91E0971A29AB101B92D2004000005814F7F69F0BF2F601000000971A29AB00000000A0D23CD70C000000D1DEF5F6000000001000000010000000004000005814F7F61800000000000000405C43D78C1798E08C1B92D200000000A00000008C1798E000000000887BC3D840D33CD700706BD4000000000CA3F8F6807BC3D894D5F7F6887BC3D840D33CD77FF6F5F60CA3F8F6807BC3D894D5F7F610000000207D9CD90C000000E0B401F528E267D900000000A0D23CD70000000038090000C81B92D21C798DE05C468DE00000000040D33CD7B85C43D7887BC3D8D0D33CD7002ABDD81B000000380000001D00000024AFE3D829000000401C92D214A67AE0501C92D2C83C65E0
W/google-breakpad(10522): S D2921C00 301C92D210000000407937EFEC997AE0407937EFD07937EF3824D4D8407937EF048C6DD4407937EF3824D4D898DCCED8D0D33CD78081FBD798DCCED8C84A81E0501C92D2049F7AE0D0D33CD7B03600002B000000647164E000000000000000000000000000000000C08351EA18000000C08351EA996F8EE0A4AB99E03C768EE031768EE061768EE050768EE022768EE0BF6F8EE00CF297E00CF297E00000000011708EE0D36F8EE0EF6F8EE00CF297E0887BC3D8306AC9D8887BC3D81049ADD800706BD4D8C3CCD80CA3F8F6807BC3D894D5F7F6887BC3D8887BC3D8D8C3CCD800706BD48081FBD7887BC3D88081FBD700706BD428E267D90CA3F8F6807BC3D894D5F7F62C1D92D2407937EF5822D4D85D0000001A0000001A00000038B531D9C0B431D998DDA0D8501D92D2489D7AE0008C6DD401000000A85399F398DDA0D89B0000001D0000001D000000842ABDD8002ABDD8B0AEE3D8801D92D2489D7AE0008C6DD401000000A85399F3B0AEE3D890AC99E00000000000000000407937EF
W/google-breakpad(10522): S D2921D80 A81D92D2309B7AE0B8CD31D900000000407937EF0000000098DDA0D800000000A0088FD6ACAEE3D8B0AEE3D83824D4D898DDA0D80000000098DDA0D800000000D01D92D288BD75E0B0AEE3D860F537D9301E92D298DDA0D898AEE3D800000000F01D92D288BD75E0C0AAE3D80000000000000000301F92D200000000B0AEE3D8281E92D2309B7AE0000000000000000098DDA0D8401E92D2B8CD31D9B0AEE3D8401E92D298DDA0D8B0AEE3D8301F92D2901E92D2B8DB70E000000000401E92D20000000098AEE3D8C0AAE3D8501F92D2B01E92D2B8DB70E000000000601E92D200000000407937EF901E92D20000000000000000B01F92D2981E92D2B8CD31D9981E92D21CF57FE0901E92D24CB76BE0881F92D284509CF3E06685D9088AC9D8B8CD31D9681F92D2B0AEE3D8881F92D2881F92D284509CF3E06685D9088AC9D828E267D9881F92D2C0AAE3D8881F92D2407937EF0000000000000000182092D20000000094A6E3D86C9FE3D8380F69D40000000000000000181F92D210E267D9
W/google-breakpad(10522): S D2921F00 181F92D21CF57FE0101F92D24CB76BE0E81F92D284509CF3E06685D9088AC9D810E267D9E81F92D2F8A7E3D8E81F92D2487DE9DB289CEBDBF8FFFFFF302992D230438DD62030DCDB487DE9DB289CEBDB08CE96DAE0FAFFFFE42792D2289CEBDB08CE96DAB0AEE3D8C02FDCDB0000000008CE96DAE0FAFFFFC02FDCDB0000000008CE96DAC0AAE3D8704CADD80000000094A6E3D8A82092D200000000000000006F0300000000000008CE96DA400401DC502092D26F030000E81F92D2302992D230438DD62030DCDB502092D2487DE9DB289CEBDBE0FAFFFF0000000008CE96DAE81F92D2F8A7E3D800000000000000000000000030438DD600000000000000000000000000000000282092D2C8BE64D4282092D2289CEBDB0000000000000000F8BDDBDB0000000000000000000000000000000000000000602092D2502092D2E42792D208CE96DAA82092D294A6E3D8289CEBDB0000000000000000F8BDDBDB000000000000000000000000FFFFFFFF00000000000000000000000000000000
W/google-breakpad(10522): S D2922080 F8BDDBDB289CEBDB602092D200000000642092D200000000602092D20000000008CE96DA6C9FE3D800000000000000006F030000D82092D208CE96DA400401DC582192D200000000F82092D2302992D2582192D22030DCDBC02FDCDB582192D208CE96DAF8BDDBDB5830DCDB08CE96DAF82092D2A49DE3D800000000000000000000000030438DD6000000000000000000000000000000007A1098E0309B7AE0602192D2C02FDCDBF8BDDBDB0000000000000000000000000000000000000000602192D2582192D2E42792D208CE96DAD02192D2FC99E3D8C02FDCDBF8BDDBDB000000000000000000000000FFFFFFFF00000000000000000000000000000000F8BDDBDBC02FDCDB602192D200000000642192D200000000602192D20000000008CE96DAA8CEA0D85830DCDB5830DCDB2030DCDB5830DCDB08CE96DA5830DCDBD0E1C3DB5830DCDB08CE96DA909F0DD80000000000000000D0910DD8602292D2F82292D248F568D4FDFFFFFF3CF568D4E0FAFFFF04F118EF582292D224F570E0
W/google-breakpad(10522): S D2922200 3CF568D4082292D26F030000D0ED18EF08CE96DA5830DCDB0000000008CE96DA402292D2289F0DD85830DCDB0000000098C6C3DB5830DCDB08CE96DA3C0101DC00000000010000000000000030438DD60000000000000000000000000000000000000000018AC9D800000000302392D204F118EF302392D26F030000040000005830DCDB01FE00DC00000000010100001E000000D0E1C3DB98C6C3DB08CE96DAC02292D2ECFB00DC98C6C3DBD0E1C3DB5830DCDB0100000008CE96DA489A0DD80000000040FC00DC00B494D63C2392D268603DD7F0906BE000000000DCF100DC00000000000000005830DCDB08CE96DA302392D28C940DD85830DCDB00000000E93990E000FEFFFF0002030200000000000000000000000008CE96DAE8910DD85830DCDB302392D208CE96DA04F118EFA8C1C3DB48150400012392D25830DCDB8073E9DB000100130000000000000000A45305F502000000887BC3D8E0EF18EF00706BD4010000000CA3F8F60100000094D5F7F654F018EF186A22D700000000
W/google-breakpad(10522): S D2922380 48AD75E000000000202892D2D0ED18EF0000000000000000A82392D2A0ED18EF0000000040EE18EF0000000000000000E02392D228B58CE0342492D2E82893BE0000000000000000202892D298ED18EF00000000407875EBD0ED18EF00000000302792D2241D65E00A000000B301DDF4FC9EAA70010000000038F3F40C38F3F4407937EF0000000000000000989EAA707C2492D2971A29AB00000000B01B0000F044AF700063CBD8E0AE0DEF0100100043000000142592D201000000282592D2010010001F07DAF4989EAA70C3260000A0A78E70C01EF8F60500000000000000A42492D2A82492D20400000078706BD4D02592D24022F3F401000000DAE018710A0000000100000028C9F7F40063CBD8E0AE0DEF00C0FFF40063CBD843000000000043000200000000000000D505DAF4542592D201000000E0AE0DEF142592D201000000282592D2010010001564C4F400000000C01EF8F68C2592D200000000442592D23044F6F4C01EF8F61C2592D27CDEF7F40080030000706BD494D5F7F6
W/google-breakpad(10522): S D2922500 1D00000000000000887BC3D80000000000E0AFD82D3DF5F6000000000000570080000000000000000000000020000000E0AE0DEF1C000000800000001D000000887BC3D820000000807BC3D880F0AFD8C072F7F6ADEEF5F61D00000000000000000000000000000000706BD4002592D200000000742DF3F42C22F3F44022F3F400005700F42592D20100000001000000C01EF8F6802992D2C01EF8F6302992D20000000000C0FFF40063CBD8884CF6F4000000000000000001AE0DEF0063CBD8E0AE0DEF00000000F42592D2C01EF8F6C01EF8F6801EF8F6602692D200000000C01EF8F6C01EF8F6C01EF8F6801EF8F600000000A42692D2C01EF8F68D0AF2F65083E9DB98C288E098ACECEE3000000000100000309098E0482692D200000000402692D2C01EF8F6C01EF8F6801EF8F6B82692D200000000C01EF8F6C01EF8F6C01EF8F6971A29AB582692D2000000005814F7F69F0BF2F6A89351EA971A29AB1C4E93DAA42692D200000000090CF2F61C4E93DA00000000000000000066C9D8
W/google-breakpad(10522): S D2922680 000000007FF6F5F6000000000800000000000000FFFF000028000000971A29AB202892D200000100010092D2000000008100000001000000802992D21C4E93DA000000001403000080000000102792D2582792D29972F4F6887BC3D80066C9D800706BD4004E93DA0CA3F8F6807BC3D894D5F7F6887BC3D80066C9D87FF6F5F6000000000CF297E000000000971A29AB00000000407875EB00000000D81265E000000000E42792D2AC360000202892D2582792D2EC0482E0E42792D24435000000000000E42792D20000000000000000A0088FD6C84B80DA702892D2A06580E0E42792D200000000807BC3D800706BD494D5F7F60CF297E0A4AB99E00CF297E00CF297E0713D90E0D93590E00CF297E00CF297E00CF297E09C6E80E00CF297E00CF297E00CF297E00CF297E00CF297E00CF297E04B3E90E0C58E8FE00CF297E00CF297E0133E90E00CF297E00CF297E0A0088FD60CF297E090F383DA0CF297E00CF297E000000000182892D2282892D2000000005C2892D200000000A45D80E0
W/google-breakpad(10522): S D2922800 702892D25702C3F4282892D2407937EF00000000D0000000000000007CC800000000000001088FD600C0FFF4000000005C2892D2000000000000000000000000302992D200CB75EB302992D2FC6330D9C8088FD6A0088FD6E06330D9302992D2FC6330D9C8088FD600000000A45D80E0E02892D2700680E0A00FFFFF007EFBD70000000000000000C02892D2016DF4F602000000802992D200000000A17AF4F602000000007EFBD7302992D2000000000000000058275FD4802992D2000000000000000048275FD4E06330D958275FD4302992D23C0580E064609DD7002082D2102992D2945E8CE0302992D2780000005313F7F600000000302992D2702992D2302992D27800000080699DD7002082D2045D8CE08568F4F66568F4F6382992D26568F4F6770FF2F6782992D2000000003039A2D200000000102900009427000000000000002082D2300910000010000000000000000000000000000000000000045D8CE048275FD4000000000090E6D80100000000101000782992D2302992D2
W/google-breakpad(10522): S D2922980 160000000000000000000000971A29AB000000000000000000000000000000000000000000000000000000000000000000000000000000000000000000000000000000000000000000000000000000000000000000000000000000000000000000000000000000000000000001000000807BC3D800000000000000000000000000000000010000000063CBD800000000000000000000000000000000000000000000000000000000000000000000000000000000000000000000000000000000000000000000000000000000000000000000000001000000008AC9D801000000088AC9D801000000008AC9D801000000007EFBD70000000000000000010000004F00000001000000007EFBD701000000407937EF01000000407937EF0000000000000000000000000000000001000000A0088FD601000000A0088FD60000000000000000000000000000000000000000000000000000000000000000000000000000000000000000000000000000000000000000000000000000000000000000
W/google-breakpad(10522): S D2922B00 000000000000000000000000000000000000000000000000000000000000000000000000000000000000000000000000000000000000000000000000000000000000000000000000000000000000000000000000000000000000000000000000000000000000000000000000000000000000000000000000000000000000000000000000000000000000000000000000000000000000000000000000000000000000000000000000000000000000000000000000000000000000000000000000000000000000000000000000000000000000000000000000000000000000000000000000000000000000000000000000000000000000000000000000000000000000000000000000000000000000000000000000000000000000000000000000000000000000000000000000000000000000000000000000000000000000000000000000000000000000000000000000000000000000000000000000000000000000000000000000000000000000000000000000000000000000000000000000
W/google-breakpad(10522): S D2922C80 000000000000000000000000000000000000000000000000000000000000000000000000000000000000000000000000000000000000000000000000000000000000000000000000000000000000000000000000000000000000000000000000000000000000000000000000000000000000000000000000000000000000000000000000000000000000000000000000000000000000000000000000000000000000000000000000000000000000000000000000000000000000000000000000000000000000000000000000000000000000000000000000000000000000000000000000000000000000000000000000000000000000000000000000000000000000000000000000000000000000000000000000000000000000000000000000000000000000000000000000000000000000000000000000000000000000000000000000000000000000000000000000000000000000000000000000000000000000000000000000000000000000000000000000000000000000000000000000
W/google-breakpad(10522): S D2922E00 000000000000000000000000000000000000000000000000000000000000000000000000000000000000000000000000000000000000000000000000000000000000000000000000000000000000000000000000000000000000000000000000000000000000000000000000000000000000000000000000000000000000000000000000000000000000000000000000000000000000000000000000000000000000000000000000000000000000000000000000000000000000000000000000000000000000000000000000000000000000000000000000000000000000000000000000000000000000000000000000000000000000000000000000000000000000000000000000000000000000000000000000000000000000000000000000000000000000000000000000000000000000000000000000000000000000000000000000000000000000000000000000000000000000000000000000000000000000000000000000000000000000000000000000000000000000000000000000
W/google-breakpad(10522): S D2922F80 0000000000000000000000000000000000000000000000000000000000000000000000000000000000000000000000000000000000000000000000000000000000000000000000000000000000000000000000000000000000000000000000000000000000000000000000000000000000000000000000000000000000000000
W/google-breakpad(10522): C 060000400000000000000000F8FFFFFF302992D230438DD62030DCDB487DE9DB487DE9DB08CE96DAE0FAFFFFE42792D2881F92D298DDA0D8381F92D2A0000000C0DDA0D810000F600000000000000000000000000000000000000000000000000000000000000000000000000000000000000000000000000000000000000000000000000000000000000000000000000000000000000000000000000000000000000000000000000000000000000000000000000000000000000000000000000000000000000000000000000000000000000000000000000000000000000000000000000000000000000000000000000000000000000000000000000000000000000000000000000000000000000000000000000000000000000000000000000000000000000000000000000000000000000000000000000000000000000000000000000000000000000000000000000000000000000000000000000000000000000000000000000000000000000000
W/google-breakpad(10522): M AB26F000 00000000 00005000 B11131ACAEA04730E8812A7546019DD70 app_process32
W/google-breakpad(10522): M D95CF000 00000000 00007000 6C110E4E29910EB42E10D6F6540BB0DA0 libwebviewchromium_plat_support.so
W/google-breakpad(10522): M E0628000 00000000 00359000 A5DB79F75FCBC557F610019CD92408C50 libmonosgen-2.0.so
W/google-breakpad(10522): M E27AC000 03716000 01AE1000 488126E5C3908224A6BF664CC97A94320 libwebviewchromium.so
W/google-breakpad(10522): M E8BAC000 00000000 00006000 FEC9541933ACE52D7B868116F343FB2B0 libwebviewchromium_loader.so
W/google-breakpad(10522): M E8C50000 00000000 00005000 6CB98C1690A536CF6709829EEDA3C7A70 libjnigraphics.so
W/google-breakpad(10522): M E8C55000 00000000 0000A000 59CFF69D627F008A007192B16466AFF20 libcompiler_rt.so
W/google-breakpad(10522): M E8C5F000 00000000 00011000 9A97D038612E9C34781A7B2797F8DC040 libandroid.so
W/google-breakpad(10522): M E8C70000 00000000 0000A000 9FD41AAD1026C5EDC817406470FD22400 libqservice.so
W/google-breakpad(10522): M E8C7A000 00000000 0000C000 54B36755664D2E98999B9CCFC164B8510 libqdutils.so
W/google-breakpad(10522): M E8C86000 00000000 00005000 6CB97ED331F2ED33C7B85EBC9C19BDDD0 libqdMetaData.so
W/google-breakpad(10522): M E8C8B000 00000000 00008000 47F8C17875F2C87E91D7EA98F2504D150 libmemalloc.so
W/google-breakpad(10522): M E8C93000 00000000 00009000 C7194598E9A901A2A84BF14BE67228000 gralloc.msm8994.so
W/google-breakpad(10522): M E8C9C000 00000000 0000C000 2A67CCECB355562E420451AD4B9811A90 eglSubDriverAndroid.so
W/google-breakpad(10522): M E8CA8000 00000000 00026000 9F49D01DD4FBB5FFCF3613150881B4500 libGLESv1_CM_adreno.so
W/google-breakpad(10522): M E8CCE000 00000000 0073D000 2076F62BFFE762262BDB09FC9D5564F90 libllvm-glnext.so
W/google-breakpad(10522): M E941C000 00000000 00495000 5E66A8AF513BAEC4DDD22A5E486CA5740 libGLESv2_adreno.so
W/google-breakpad(10522): M E98B3000 00000000 0003D000 93AC4CD274A1E3BCEBF3CE5F949EB5780 libgsl.so
W/google-breakpad(10522): M E98F0000 00000000 00007000 970ACFD9475F636B156547BA7CB914970 libadreno_utils.so
W/google-breakpad(10522): M E98F9000 00000000 00012000 2E578A88F58C311E721035666D5653FF0 libEGL_adreno.so
W/google-breakpad(10522): M EB48B000 00000000 0001B000 E439051B61677F9DFD3F42CE220CD6BF0 libkeymaster1.so
W/google-breakpad(10522): M EB4A6000 00000000 0000B000 E8088E2F98915A39B7E6BB1A2AE039FC0 libkeymaster_messages.so
W/google-breakpad(10522): M EB4B1000 00000000 00017000 F3F4C2846FFCEA7E1B78D3FBE0572CAD0 libsoftkeymasterdevice.so
W/google-breakpad(10522): M EB4C8000 00000000 0000E000 AAC8B8364869B51CC4A97DD5C714EC090 libkeystore_binder.so
W/google-breakpad(10522): M EB4D6000 00000000 00006000 7124D8564C80C3094310ABA6614DAB910 libkeystore-engine.so
W/google-breakpad(10522): M EB4DC000 00000000 00018000 3CCB59EE449CD322CE049700F2B8049C0 libjavacrypto.so
W/google-breakpad(10522): M EB4F4000 00000000 00010000 A30E9C5A862E832BBFAF3B434C76D0E60 libstagefright_amrnb_common.so
W/google-breakpad(10522): M EB504000 00000000 0002C000 F966FB2BA53F2EA33FE2DC60D471CD690 libexif.so
W/google-breakpad(10522): M EB530000 00000000 0000D000 BAB9BA33093729141580198BE09073330 libjhead.so
W/google-breakpad(10522): M EB53E000 00000000 00018000 854FF85550BC71CA99F164BBFC01DAF70 libmtp.so
W/google-breakpad(10522): M EB556000 00000000 00048000 CD50661D5ACE524DD138D26D5DE4D2760 libmedia_jni.so
W/google-breakpad(10522): M EF384000 00000000 00005000 B3BD34962FE5C029C66D802FC7AB87920 memtrack.msm8994.so
W/google-breakpad(10522): M F098A000 00000000 00036000 0943706BF440F1591EF6BCFC7A4032A70 libjavacore.so
W/google-breakpad(10522): M F39D5000 00000000 00026000 27D56D65054B7003753F260049FAA5080 libmonodroid.so
W/google-breakpad(10522): M F4B40000 00000000 0043E000 090628FEE177915F7F9AA98533485BCF0 libart.so
W/google-breakpad(10522): M F509A000 00000000 00005000 3C93548437F51636C41BEFEC179BC4710 libsigchain.so
W/google-breakpad(10522): M F50C2000 00000000 00A5C000 DAB3693CB3D62A215B4DF68A97016FE10 libLLVM.so
W/google-breakpad(10522): M F5B27000 00000000 00038000 40CAD887423CB4B9F2FCBD2F28DA0F9C0 libbcinfo.so
W/google-breakpad(10522): M F5B5F000 00000000 0005B000 E3C922410FBE6C53FB58D9CC11445D590 libbcc.so
W/google-breakpad(10522): M F5BBA000 00000000 0000E000 0A07F40D33AB1AB4FE7F49FCEF1123210 libcommon_time_client.so
W/google-breakpad(10522): M F5BC9000 00000000 0001A000 6E54DD91A07BB3BA2B3A1101AA80A6CA0 libprotobuf-cpp-lite.so
W/google-breakpad(10522): M F5BE3000 00000000 00009000 2B5487ACE2353DD06BBCE0A5EDD1743B0 libstagefright_avc_common.so
W/google-breakpad(10522): M F5BEC000 00000000 00005000 BF77B7B0D8CB1C05D4D9E3FCCB1170B80 libstagefright_enc_common.so
W/google-breakpad(10522): M F5BF1000 00000000 00007000 64ADBA13487D816709EFE00E09533FE90 libpowermanager.so
W/google-breakpad(10522): M F5BF8000 00000000 0001F000 72CCF35699CA1CC490534D0E5A15916D0 libvorbisidec.so
W/google-breakpad(10522): M F5C17000 00000000 00007000 D691E3BDC885CAD2755A032365DBA9F60 libstagefright_yuv.so
W/google-breakpad(10522): M F5C1F000 00000000 00031000 FB9D7DEA0FD7FF5CBDC2193B99563E240 libstagefright_omx.so
W/google-breakpad(10522): M F5C50000 00000000 0003B000 8BEDD672CFE24C6501C062987355048F0 libopus.so
W/google-breakpad(10522): M F5C8B000 00000000 0000A000 243D48365B04A9984861FE1070F7D5EA0 libmediautils.so
W/google-breakpad(10522): M F5C95000 00000000 0001A000 E926DAA402C222B9E7583FE91626B9910 libdrmframework.so
W/google-breakpad(10522): M F5CAF000 00000000 00021000 DDFFAC3DD86DC2CDE3524D60A3B79A770 libRScpp.so
W/google-breakpad(10522): M F5CD0000 00000000 00042000 D90EEEDFE3F8583A86C02981AA29AC740 libRS.so
W/google-breakpad(10522): M F5D12000 00000000 00009000 B86B8D56E3DAFE2157FD5DABA96EECD80 libspeexresampler.so
W/google-breakpad(10522): M F5D1B000 00000000 0000B000 2F133C88A93CB2F0DE77E2B7DE1536B00 libnbaio.so
W/google-breakpad(10522): M F5D26000 00000000 00014000 CC12E7EDBFEC6E454AE9494ABEE9EFDA0 libpcre.so
W/google-breakpad(10522): M F5D3C000 00000000 00007000 EC71E0A1B0B0C3D56D0E65A52AC0DF840 libwpa_client.so
W/google-breakpad(10522): M F5D43000 00000000 00070000 E287C2E859528ABFED0B89978D77CF7D0 libGLES_trace.so
W/google-breakpad(10522): M F5DB3000 00000000 00060000 417F31D47E493B04948253130232ECE40 libft2.so
W/google-breakpad(10522): M F5E13000 00000000 00029000 ABE88CF058C41846BB868531DE4AE9270 libpng.so
W/google-breakpad(10522): M F5E3C000 00000000 00005000 90A76BCD4129921E4880632A938BE52A0 libsync.so
W/google-breakpad(10522): M F5E41000 00000000 00007000 5BA2119D7F6CE5C6D136A605F8A56A760 libstdc++.so
W/google-breakpad(10522): M F5E48000 00000000 00012000 EFE46990D315C91EA8CE5B49CBA412590 libunwind.so
W/google-breakpad(10522): M F5EA0000 00000000 0000B000 BDD7C4B3703B0E96EF1B23C1665DEDA40 libbase.so
W/google-breakpad(10522): M F5EAB000 00000000 00007000 590072798B82D2C632B663BC840870A40 libeffects.so
W/google-breakpad(10522): M F5EB3000 00000000 00006000 9D67808340C0D180BDA4867A48D94B2D0 libstagefright_http_support.so
W/google-breakpad(10522): M F5EB9000 00000000 0001B000 663413A116109C22EE8494845825536F0 libstagefright_foundation.so
W/google-breakpad(10522): M F5ED4000 00000000 0015E000 A5EE56A98E44C772CFBBAA4A6B7185880 libstagefright.so
W/google-breakpad(10522): M F6032000 00000000 0006B000 EA65315B1758C6F7ECD15D7982D1FD680 libhwui.so
W/google-breakpad(10522): M F609D000 00000000 00005000 1C55C2519DE085BB2728F75F1C3ACAB20 libradio_metadata.so
W/google-breakpad(10522): M F60A2000 00000000 00006000 AF5858CBEC9B09943448E62C99E3FA9C0 libnativebridge.so
W/google-breakpad(10522): M F60A8000 00000000 00006000 A46E22B63BC6E7EB16DB65E6F7060EDD0 libprocessgroup.so
W/google-breakpad(10522): M F60AE000 00000000 00010000 E4A17B336766BF93D6BBE39AF38AEC620 libminikin.so
W/google-breakpad(10522): M F60BE000 00000000 0000E000 26EDA16D972D3FDC0D0364150028368F0 libsoundtrigger.so
W/google-breakpad(10522): M F60CD000 00000000 0000E000 A086A6E27F856978984805A3AFAEB7F50 libradio.so
W/google-breakpad(10522): M F60DB000 00000000 00006000 DE9A49AB4F78A68C19AB05800ED168E50 libnetd_client.so
W/google-breakpad(10522): M F60E1000 00000000 00010000 FBBC6410F14F06C0823D44428DC1900E0 libimg_utils.so
W/google-breakpad(10522): M F60F1000 00000000 00409000 F680938ABD551E5D7E41D6701CEED06F0 libpdfium.so
W/google-breakpad(10522): M F64FB000 00000000 00009000 3725DB0D6CA8B7874343971EB9ED487E0 libaudioutils.so
W/google-breakpad(10522): M F6504000 00000000 0001C000 8B733D3C558331A0B76E1467AD5AA35B0 libz.so
W/google-breakpad(10522): M F6521000 00000000 0004B000 0A6EC0834FC5D471152B11EA5E634B4A0 libharfbuzz_ng.so
W/google-breakpad(10522): M F656C000 00000000 00007000 CD1C791909DD4926B8BA079AD31C4A700 libusbhost.so
W/google-breakpad(10522): M F6573000 00000000 00037000 C51C43C302671B6EE317F355493C6DAD0 libjpeg.so
W/google-breakpad(10522): M F65AB000 00000000 000AD000 B8DC39B4673BFD20555C95A00834F3E90 libmedia.so
W/google-breakpad(10522): M F6658000 00000000 00170000 AA15D547E8579895F3DDC3800384EBD20 libicui18n.so
W/google-breakpad(10522): M F67C8000 00000000 0011A000 B5A7AC2059E716204605A25A1BC628A50 libicuuc.so
W/google-breakpad(10522): M F68E6000 00000000 00026000 2AA07E155C9E8E7BF9F2CA2B81E068620 libssl.so
W/google-breakpad(10522): M F690C000 00000000 0009D000 723D1653E2ACC92122DED61EEE06856D0 libcrypto.so
W/google-breakpad(10522): M F69A9000 00000000 00054000 B57AE8285AF41584C7E0DC597498D0A10 libsonivox.so
W/google-breakpad(10522): M F6A02000 00000000 00011000 FEB82A497A5E321840DFBAB8BDD430000 libselinux.so
W/google-breakpad(10522): M F6A13000 00000000 00008000 27D78EE89B6E79C9D6D6257953AE026C0 libhardware_legacy.so
W/google-breakpad(10522): M F6A1C000 00000000 00005000 E6C2C99F72B5E5958A42FEBEB06F31170 libhardware.so
W/google-breakpad(10522): M F6A21000 00000000 00006000 C64AEDD38F51FD36501D25CD0BFDE6720 libETC1.so
W/google-breakpad(10522): M F6A27000 00000000 0000F000 C42685E5A1F9AB31F90772E6DB8720610 libGLESv2.so
W/google-breakpad(10522): M F6A36000 00000000 0000A000 E8739084961F72CD83CED9F365AB20590 libGLESv1_CM.so
W/google-breakpad(10522): M F6A40000 00000000 00068000 DE0DC45A2E4287CCFA86E5AE61ECC9D90 libEGL.so
W/google-breakpad(10522): M F6AAB000 00000000 00065000 93B128A79633CA0AFB09F0F89E927A090 libsqlite.so
W/google-breakpad(10522): M F6B11000 00000000 0026E000 43B0613854F666DC29EC0BA3BBB9F5F80 libskia.so
W/google-breakpad(10522): M F6D83000 00000000 0000A000 382464CA4109AEB111F792003DC3F3550 libcamera_metadata.so
W/google-breakpad(10522): M F6D8D000 00000000 0002D000 7E6E915F8253B61FF8C812F873A2DA560 libcamera_client.so
W/google-breakpad(10522): M F6DBA000 00000000 0003F000 16839353F26F89566485AD01979566880 libinputflinger.so
W/google-breakpad(10522): M F6DF9000 00000000 0001F000 2A72DD76A34AE82BAB02C7E8DF67A2F30 libinput.so
W/google-breakpad(10522): M F6E18000 00000000 0005A000 8F0C986C217D3D2C0158FDB14E0C60670 libgui.so
W/google-breakpad(10522): M F6E72000 00000000 00010000 EA05E3FC7057E2C072FF1B3027067F090 libui.so
W/google-breakpad(10522): M F6E82000 00000000 00009000 214A3A38E289ED4F1F9CEE388493A7B90 libnetutils.so
W/google-breakpad(10522): M F6E8B000 00000000 00009000 C42A93B52E8D95A537AF1C6D3744F84B0 libnativehelper.so
W/google-breakpad(10522): M F6E94000 00000000 00017000 DC0DA3BACECC3083775C728D9B8614B50 libexpat.so
W/google-breakpad(10522): M F6EAB000 00000000 0002A000 21EC4C7DC288CD45D2FF5FBC1F4C56BC0 libandroidfw.so
W/google-breakpad(10522): M F6ED5000 00000000 00005000 643BA116A83C0A166C61B94D49CC532A0 libmemtrack.so
W/google-breakpad(10522): M F6EDA000 00000000 0000B000 8363CC7E15FC7500AB86936D968BFFE30 libbacktrace.so
W/google-breakpad(10522): M F6EE5000 00000000 00022000 6D303961A1FAFDA6B15029FAC5AB18480 libm.so
W/google-breakpad(10522): M F6F07000 00000000 0007A000 0F8B5F2ADE384B2AFE6CE1AF2F492B450 libc.so
W/google-breakpad(10522): M F6F8B000 00000000 0008E000 CDB486C99025F7F8D15E2F0F1A2F89C30 libc++.so
W/google-breakpad(10522): M F701A000 00000000 0002D000 644EA213657A15F3888273CB9AD221360 libwilhelm.so
W/google-breakpad(10522): M F7047000 00000000 000DA000 72BEC38440F152CC2C75A27D8ABDB1FA0 libandroid_runtime.so
W/google-breakpad(10522): M F7126000 00000000 0002E000 2B598DF067AB86C77B5A75C56A36665E0 libbinder.so
W/google-breakpad(10522): M F7154000 00000000 0000A000 E228CADAD40DF03451BD6187E1D8602C0 liblog.so
W/google-breakpad(10522): M F715E000 00000000 0001B000 CE0B322AF9DA5065B2550F65897133970 libutils.so
W/google-breakpad(10522): M F7179000 00000000 00011000 1A5E9ECEF29DA3D4375CD8A46575511E0 libcutils.so
W/google-breakpad(10522): M F71B5000 00000000 00020000 D8A6768FAFA6637EDC0F2D11976AF2560 linker
W/google-breakpad(10522): -----END BREAKPAD MICRODUMP-----
W/google-breakpad(10132): ### ### ### ### ### ### ### ### ### ### ### ### ###
W/google-breakpad(10132): Chrome build fingerprint:
W/google-breakpad(10132): 3.1.7
W/google-breakpad(10132): 30011
W/google-breakpad(10132): 0ac25ff3-fa94-4ee3-b183-8999384c3b93
W/google-breakpad(10132): ### ### ### ### ### ### ### ### ### ### ### ### ###
E/chromium(10132): ### WebView Version 44.0.2403.117 (code 246011750)
I/ThermalEngine(  518): ACTION: GPU - Setting GPU[0] to 390000000
I/ThermalEngine(  518): ACTION: GPU - Setting GPU[0] to 450000000
I/art     (10132): Starting a blocking GC Explicit
W/ip      (10561): type=1400 audit(0.0:70): avc: denied { search } for name="net" dev="dm-2" ino=719496 scontext=u:r:shell:s0 tcontext=u:object_r:net_data_file:s0 tclass=dir permissive=0
I/art     (10132): Explicit concurrent mark sweep GC freed 175667(7MB) AllocSpace objects, 17(340KB) LOS objects, 28% free, 40MB/56MB, paused 535us total 51.785ms
I/art     (10132): Starting a blocking GC Explicit
I/art     (10132): Explicit concurrent mark sweep GC freed 1630(92KB) AllocSpace objects, 0(0B) LOS objects, 28% free, 39MB/55MB, paused 522us total 23.711ms
I/art     (10132): Starting a blocking GC Explicit
I/art     (10132): Explicit concurrent mark sweep GC freed 10(720B) AllocSpace objects, 0(0B) LOS objects, 28% free, 39MB/55MB, paused 511us total 23.923ms
I/art     (10132): Starting a blocking GC Explicit
I/art     (10132): Explicit concurrent mark sweep GC freed 3(96B) AllocSpace objects, 0(0B) LOS objects, 28% free, 39MB/55MB, paused 513us total 23.192ms
I/art     (10132): Starting a blocking GC Explicit
I/art     (10132): Explicit concurrent mark sweep GC freed 10(720B) AllocSpace objects, 0(0B) LOS objects, 28% free, 39MB/55MB, paused 501us total 24.135ms

]]><xtc-duration value="109.3133582"/></xtc-step><!-- name: "undefined", id: "undefined" --><![CDATA[
I/art     (10132): Starting a blocking GC Explicit
I/art     (10132): Explicit concurrent mark sweep GC freed 9116(552KB) AllocSpace objects, 2(40KB) LOS objects, 28% free, 39MB/55MB, paused 644us total 26.885ms
I/art     (10132): Starting a blocking GC Explicit
I/art     (10132): Explicit concurrent mark sweep GC freed 123(4KB) AllocSpace objects, 0(0B) LOS objects, 28% free, 39MB/55MB, paused 658us total 26.075ms
I/art     (10132): Starting a blocking GC Explicit
I/art     (10132): Explicit concurrent mark sweep GC freed 10(720B) AllocSpace objects, 0(0B) LOS objects, 28% free, 39MB/55MB, paused 537us total 23.264ms
I/art     (10132): Starting a blocking GC Explicit
I/art     (10132): Explicit concurrent mark sweep GC freed 10(720B) AllocSpace objects, 0(0B) LOS objects, 28% free, 39MB/55MB, paused 539us total 23.527ms
I/art     (10132): Starting a blocking GC Explicit
I/art     (10132): Explicit concurrent mark sweep GC freed 3(96B) AllocSpace objects, 0(0B) LOS objects, 28% free, 39MB/55MB, paused 535us total 23.619ms
I/ServiceManager(  536): Waiting for service AtCmdFwd...

]]><xtc-step name="[0-1043]CareerBuilder_Search.DroidFeatureTests.JDPTests.EmploymentTypeShouldNotVisible-0-NA-FinalScreenShot" id="[0-1043]CareerBuilder_Search.DroidFeatureTests.JDPTests.EmploymentTypeShouldNotVisible-0-NA-FinalScreenShot"><![CDATA[
I/ServiceManager(  536): Waiting for service AtCmdFwd...

]]><xtc-duration value="1.4012267999999999"/></xtc-step><!-- name: "undefined", id: "undefined" --><![CDATA[
I/ServiceManager(  536): Waiting for service AtCmdFwd...

]]><xtc-duration value="116.83129749999999" skip="false"/></xtc-scenario><!-- name: "undefined", id: "undefined" --><![CDATA[
D/Mono    (10132): [0xd79d6930] worker finishing
I/ServiceManager(  536): Waiting for service AtCmdFwd...
D/ConnectivityService(  925): updateNetworkScore for NetworkAgentInfo [WIFI () - 100] to 56
I/ServiceManager(  536): Waiting for service AtCmdFwd...
I/art     (10132): Starting a blocking GC Explicit
I/art     (10132): Explicit concurrent mark sweep GC freed 2102(143KB) AllocSpace objects, 1(20KB) LOS objects, 28% free, 39MB/55MB, paused 587us total 29.021ms
I/art     (10132): Starting a blocking GC Explicit
W/Atfwd_Sendcmd(  536): AtCmdFwd service not published, waiting... retryCnt : 4
I/art     (10132): Explicit concurrent mark sweep GC freed 30(1432B) AllocSpace objects, 0(0B) LOS objects, 28% free, 39MB/55MB, paused 683us total 26.523ms
I/art     (10132): Starting a blocking GC Explicit
I/art     (10132): Explicit concurrent mark sweep GC freed 10(720B) AllocSpace objects, 0(0B) LOS objects, 28% free, 39MB/55MB, paused 578us total 26.764ms
I/art     (10132): Starting a blocking GC Explicit
I/art     (10132): Explicit concurrent mark sweep GC freed 10(720B) AllocSpace objects, 0(0B) LOS objects, 28% free, 39MB/55MB, paused 574us total 26.614ms
I/art     (10132): Starting a blocking GC Explicit
I/art     (10132): Explicit concurrent mark sweep GC freed 10(720B) AllocSpace objects, 0(0B) LOS objects, 28% free, 39MB/55MB, paused 574us total 26.669ms
I/ThermalEngine(  518): ACTION: GPU - Setting GPU[0] to 510000000
I/art     (10132): Starting a blocking GC Explicit
I/art     (10132): Explicit concurrent mark sweep GC freed 2078(142KB) AllocSpace objects, 1(20KB) LOS objects, 28% free, 39MB/55MB, paused 558us total 24.179ms
I/art     (10132): Starting a blocking GC Explicit
I/art     (10132): Explicit concurrent mark sweep GC freed 45(1464B) AllocSpace objects, 0(0B) LOS objects, 28% free, 39MB/55MB, paused 459us total 17.897ms
I/art     (10132): Starting a blocking GC Explicit
I/art     (10132): Explicit concurrent mark sweep GC freed 10(720B) AllocSpace objects, 0(0B) LOS objects, 28% free, 39MB/55MB, paused 396us total 18.132ms
I/art     (10132): Starting a blocking GC Explicit
I/art     (10132): Explicit concurrent mark sweep GC freed 3(96B) AllocSpace objects, 0(0B) LOS objects, 28% free, 39MB/55MB, paused 402us total 18.151ms
I/art     (10132): Starting a blocking GC Explicit
I/art     (10132): Explicit concurrent mark sweep GC freed 10(720B) AllocSpace objects, 0(0B) LOS objects, 28% free, 39MB/55MB, paused 410us total 19.128ms
D/WifiStateMachine(  925): starting scan for "xtc-ag"WPA_PSK with 5240,5180,5220,5200
I/ThermalEngine(  518): ACTION: GPU - Setting GPU[0] to 600000000
D/ConnectivityService(  925): updateNetworkScore for NetworkAgentInfo [WIFI () - 100] to 60
I/art     (10132): Starting a blocking GC Explicit
I/art     (10132): Explicit concurrent mark sweep GC freed 2077(142KB) AllocSpace objects, 1(20KB) LOS objects, 28% free, 39MB/55MB, paused 416us total 24.820ms
I/art     (10132): Starting a blocking GC Explicit
I/art     (10132): Explicit concurrent mark sweep GC freed 20(696B) AllocSpace objects, 0(0B) LOS objects, 28% free, 39MB/55MB, paused 308us total 15.534ms
I/art     (10132): Starting a blocking GC Explicit
I/art     (10132): Explicit concurrent mark sweep GC freed 10(720B) AllocSpace objects, 0(0B) LOS objects, 28% free, 39MB/55MB, paused 312us total 14.912ms
I/art     (10132): Starting a blocking GC Explicit
I/art     (10132): Explicit concurrent mark sweep GC freed 3(96B) AllocSpace objects, 0(0B) LOS objects, 28% free, 39MB/55MB, paused 298us total 14.798ms
I/art     (10132): Starting a blocking GC Explicit
I/art     (10132): Explicit concurrent mark sweep GC freed 10(720B) AllocSpace objects, 0(0B) LOS objects, 28% free, 39MB/55MB, paused 306us total 14.483ms
D/ConnectivityService(  925): updateNetworkScore for NetworkAgentInfo [WIFI () - 100] to 56
