<![CDATA[I/ThermalEngine(  517): ACTION: GPU - Setting GPU[0] to 600000000

]]><xtc-scenario name="[0-1151]CareerBuilder_Search.DroidFeatureTests.ApplyTests.EOEInformationIsNotVisible" id="[0-1151]CareerBuilder_Search.DroidFeatureTests.ApplyTests.EOEInformationIsNotVisible"><![CDATA[
I/ActivityManager(  925): Killing 7523:com.android.chrome/u0a39 (adj 15): empty #17

]]><xtc-step name="[0-1151]CareerBuilder_Search.DroidFeatureTests.ApplyTests.EOEInformationIsNotVisible-EOEInformationIsNotVisible" id="[0-1151]CareerBuilder_Search.DroidFeatureTests.ApplyTests.EOEInformationIsNotVisible-EOEInformationIsNotVisible"><![CDATA[
I/ThermalEngine(  517): ACTION: GPU - Setting GPU[0] to 510000000
I/ThermalEngine(  517): ACTION: GPU - Setting GPU[0] to 450000000
D/AndroidRuntime( 8234): >>>>>> START com.android.internal.os.RuntimeInit uid 2000 <<<<<<
D/AndroidRuntime( 8234): CheckJNI is OFF
D/ICU     ( 8234): No timezone override file found: /data/misc/zoneinfo/current/icu/icu_tzdata.dat
I/Radio-JNI( 8234): register_android_hardware_Radio DONE
D/AndroidRuntime( 8234): Calling main entry com.android.commands.pm.Pm
I/art     ( 8234): System.exit called, status: 0
I/AndroidRuntime( 8234): VM exiting with result code 0.
D/NetlinkSocketObserver(  925): NeighborEvent{elapsedMs=187600, 10.22.0.1, [B0FAEB975089], RTM_NEWNEIGH, NUD_STALE}
I/ServiceManager(  544): Waiting for service AtCmdFwd...
I/ThermalEngine(  517): ACTION: GPU - Setting GPU[0] to 390000000
I/ServiceManager(  544): Waiting for service AtCmdFwd...
I/ServiceManager(  544): Waiting for service AtCmdFwd...
I/ThermalEngine(  517): ACTION: GPU - Setting GPU[0] to 450000000
I/ServiceManager(  544): Waiting for service AtCmdFwd...
I/ServiceManager(  544): Waiting for service AtCmdFwd...
W/Atfwd_Sendcmd(  544): AtCmdFwd service not published, waiting... retryCnt : 5
I/ThermalEngine(  517): ACTION: GPU - Setting GPU[0] to 390000000
I/ThermalEngine(  517): ACTION: GPU - Setting GPU[0] to 450000000
D/WifiStateMachine(  925): starting scan for "xtc-ag"WPA_PSK with 5240,5180,5220,5200
I/Keyboard.Facilitator.LanguageModelFlusher( 3491): run()
I/Keyboard.Facilitator( 3491): flushDynamicLanguageModels()
I/ThermalEngine(  517): ACTION: GPU - Setting GPU[0] to 390000000
I/ThermalEngine(  517): ACTION: GPU - Setting GPU[0] to 450000000
I/Atfwd_Sendcmd(  544): AtCmdFwd service not ready - Exhausted retry attempts - :6
I/Atfwd_Daemon(  544): result : -1 	 ,Init step :2 	 ,qmiErrorCode: 0
I/ThermalEngine(  517): ACTION: GPU - Setting GPU[0] to 390000000
I/ThermalEngine(  517): ACTION: GPU - Setting GPU[0] to 450000000
W/ip      ( 8812): type=1400 audit(0.0:69): avc: denied { search } for name="net" dev="dm-2" ino=3440648 scontext=u:r:shell:s0 tcontext=u:object_r:net_data_file:s0 tclass=dir permissive=0
I/ThermalEngine(  517): ACTION: GPU - Setting GPU[0] to 390000000
I/ThermalEngine(  517): ACTION: GPU - Setting GPU[0] to 450000000
I/ServiceManager(  544): Waiting for service AtCmdFwd...
I/ServiceManager(  544): Waiting for service AtCmdFwd...
I/ServiceManager(  544): Waiting for service AtCmdFwd...
I/ThermalEngine(  517): ACTION: GPU - Setting GPU[0] to 390000000
I/ServiceManager(  544): Waiting for service AtCmdFwd...
D/AndroidRuntime( 8949): >>>>>> START com.android.internal.os.RuntimeInit uid 2000 <<<<<<
D/AndroidRuntime( 8949): CheckJNI is OFF
D/ICU     ( 8949): No timezone override file found: /data/misc/zoneinfo/current/icu/icu_tzdata.dat
I/Radio-JNI( 8949): register_android_hardware_Radio DONE
D/AndroidRuntime( 8949): Calling main entry com.android.commands.am.Am
W/ActivityManager(  925): Invalid packageName: com.careerbuilder.SugarDrone
D/AndroidRuntime( 8949): Shutting down VM
I/ServiceManager(  544): Waiting for service AtCmdFwd...
W/Atfwd_Sendcmd(  544): AtCmdFwd service not published, waiting... retryCnt : 1
I/ThermalEngine(  517): ACTION: GPU - Setting GPU[0] to 450000000
I/ThermalEngine(  517): ACTION: GPU - Setting GPU[0] to 390000000
I/ServiceManager(  544): Waiting for service AtCmdFwd...
I/ServiceManager(  544): Waiting for service AtCmdFwd...
I/ServiceManager(  544): Waiting for service AtCmdFwd...
I/ServiceManager(  544): Waiting for service AtCmdFwd...
I/ThermalEngine(  517): ACTION: GPU - Setting GPU[0] to 450000000
I/ServiceManager(  544): Waiting for service AtCmdFwd...
W/Atfwd_Sendcmd(  544): AtCmdFwd service not published, waiting... retryCnt : 2
D/WifiStateMachine(  925): starting scan for "xtc-ag"WPA_PSK with 5240,5180,5220,5200
I/ThermalEngine(  517): ACTION: GPU - Setting GPU[0] to 390000000
I/ThermalEngine(  517): ACTION: GPU - Setting GPU[0] to 450000000
I/ThermalEngine(  517): ACTION: GPU - Setting GPU[0] to 390000000
I/ServiceManager(  544): Waiting for service AtCmdFwd...
I/ServiceManager(  544): Waiting for service AtCmdFwd...
I/ServiceManager(  544): Waiting for service AtCmdFwd...
I/ServiceManager(  544): Waiting for service AtCmdFwd...
I/ServiceManager(  544): Waiting for service AtCmdFwd...
W/Atfwd_Sendcmd(  544): AtCmdFwd service not published, waiting... retryCnt : 3
I/ThermalEngine(  517): ACTION: GPU - Setting GPU[0] to 450000000
D/AndroidRuntime( 9335): >>>>>> START com.android.internal.os.RuntimeInit uid 2000 <<<<<<
D/AndroidRuntime( 9335): CheckJNI is OFF
D/ICU     ( 9335): No timezone override file found: /data/misc/zoneinfo/current/icu/icu_tzdata.dat
I/Radio-JNI( 9335): register_android_hardware_Radio DONE
D/AndroidRuntime( 9335): Calling main entry com.android.commands.pm.Pm
I/ActivityManager(  925): Start proc 9354:com.android.defcontainer/u0a7 for service com.android.defcontainer/.DefaultContainerService
D/DefContainer( 9354): Copying /data/local/tmp/0000002484 to base.apk
I/ThermalEngine(  517): ACTION: GPU - Setting GPU[0] to 390000000
I/PackageManager.DexOptimizer(  925): Running dexopt (dex2oat) on: /data/app/vmdl85951775.tmp/base.apk pkg=com.careerbuilder.SugarDrone isa=arm vmSafeMode=false debuggable=true oatDir = /data/app/vmdl85951775.tmp/oat bootComplete=true
I/dex2oat ( 9393): /system/bin/dex2oat -j2 --debuggable
W/dex2oat ( 9393): Before Android 4.1, method android.graphics.PorterDuffColorFilter android.support.graphics.drawable.VectorDrawableCompat.updateTintFilter(android.graphics.PorterDuffColorFilter, android.content.res.ColorStateList, android.graphics.PorterDuff$Mode) would have incorrectly overridden the package-private method in android.graphics.drawable.Drawable
W/dex2oat ( 9393): Before Android 4.1, method int android.support.v7.widget.ListViewCompat.lookForSelectablePosition(int, boolean) would have incorrectly overridden the package-private method in android.widget.ListView
D/WifiStateMachine(  925): starting scan for "xtc-ag"WPA_PSK with 5240,5180,5220,5200
I/dex2oat ( 9393): dex2oat took 5.802s (threads: 2) arena alloc=645KB java alloc=5MB native alloc=20MB free=3MB
W/PackageManager(  925): Not granting permission android.permission.MANAGE_DOCUMENTS to package com.careerbuilder.SugarDrone (protectionLevel=2 flags=0x3808be46)
W/PackageManager(  925): Not granting permission android.permission.MOUNT_UNMOUNT_FILESYSTEMS to package com.careerbuilder.SugarDrone (protectionLevel=18 flags=0x3808be46)
V/BackupManagerService(  925): restoreAtInstall pkg=com.careerbuilder.SugarDrone token=5 restoreSet=0
V/BackupManagerService(  925): Finishing install immediately
W/Settings(  925): Setting install_non_market_apps has moved from android.provider.Settings.Global to android.provider.Settings.Secure, returning read-only value.
I/art     (  925): Starting a blocking GC Explicit
I/art     (  925): Explicit concurrent mark sweep GC freed 185668(11MB) AllocSpace objects, 60(2MB) LOS objects, 33% free, 30MB/46MB, paused 1.743ms total 129.058ms
I/art     ( 9335): System.exit called, status: 0
I/AndroidRuntime( 9335): VM exiting with result code 0.
I/InputReader(  925): Reconfiguring input devices.  changes=0x00000010
D/CarrierServiceBindHelper( 3624): Receive action: android.intent.action.PACKAGE_ADDED
D/CarrierServiceBindHelper( 3624): mHandler: 3
D/CarrierConfigLoader( 3624): mHandler: 9 phoneId: 0
I/ActivityManager(  925): Start proc 9472:com.android.musicfx/u0a21 for broadcast com.android.musicfx/.Compatibility$Receiver
D/NetlinkSocketObserver(  925): NeighborEvent{elapsedMs=272000, 10.22.0.1, [B0FAEB975089], RTM_NEWNEIGH, NUD_PROBE}
W/System  ( 9472): ClassLoader referenced unknown path: /system/priv-app/MusicFX/lib/arm64
I/ActivityManager(  925): Start proc 9491:com.android.vending/u0a22 for broadcast com.android.vending/com.google.android.finsky.receivers.PackageMonitorReceiver$RegisteredReceiver
I/ActivityManager(  925): Killing 7414:com.google.android.music:main/u0a59 (adj 15): empty #17
W/System  ( 9491): ClassLoader referenced unknown path: /system/priv-app/Phonesky/lib/arm64
W/Finsky  ( 9491): [1] FinskyApp.getCurrentAccount: No account configured on this device.
D/Finsky  ( 9491): [1] FinskyApp.onCreate: Initializing network with DFE https://android.clients.google.com/fdfe/
W/Finsky  ( 9491): [1] FinskyApp.getCurrentAccount: No account configured on this device.
W/Finsky  ( 9491): [1] FinskyApp.getCurrentAccount: No account configured on this device.
W/Finsky  ( 9491): [1] FinskyApp.getCurrentAccount: No account configured on this device.
W/Finsky  ( 9491): [1] FinskyApp.getCurrentAccount: No account configured on this device.
W/Finsky  ( 9491): [1] FinskyApp.getCurrentAccount: No account configured on this device.
W/Finsky  ( 9491): [1] FinskyApp.getCurrentAccount: No account configured on this device.
W/Finsky  ( 9491): [1] FinskyApp.getCurrentAccount: No account configured on this device.
D/Finsky  ( 9491): [1] DailyHygiene.goMakeHygieneIfDirty: No need to run daily hygiene.
W/Settings( 9491): Setting download_manager_max_bytes_over_mobile has moved from android.provider.Settings.Secure to android.provider.Settings.Global.
W/Settings( 9491): Setting download_manager_recommended_max_bytes_over_mobile has moved from android.provider.Settings.Secure to android.provider.Settings.Global.
W/Finsky  ( 9491): [1] FinskyApp.getCurrentAccount: No account configured on this device.
W/Finsky  ( 9491): [1] FinskyApp.getCurrentAccount: No account configured on this device.
W/Finsky  ( 9491): [1] FinskyApp.getDfeApi: No account configured on this device.
W/Finsky  ( 9491): [1] FinskyApp.getCurrentAccount: No account configured on this device.
I/ActivityManager(  925): Start proc 9533:com.google.android.apps.docs/u0a43 for broadcast com.google.android.apps.docs/.receivers.AppPackageAddRemoveReceiver
D/Finsky  ( 9491): [1] ExternalReferrer.access$200: Package state data is missing for com.careerbuilder.SugarDrone
W/System  ( 9533): ClassLoader referenced unknown path: /system/app/Drive/lib/arm64
I/UpdateIcingCorporaServi( 7775): Updating corpora: APPS=com.careerbuilder.SugarDrone, CONTACTS=MAYBE
D/Ads     ( 9491): Skipping gmscore version check
D/Finsky  ( 9491): [1] GmsCoreHelper.cleanupNlp: result=false type=4
D/Finsky  ( 9491): [1] RestoreTracker.stopServiceIfDone: Restore complete with 0 success and 0 failed.
W/IcingInternalCorpora( 4413): getNumBytesRead when not calculated.
I/UpdateIcingCorporaServi( 7775): UpdateCorporaTask done [took 298 ms] updated apps [took 298 ms] 
D/AndroidRuntime( 9502): >>>>>> START com.android.internal.os.RuntimeInit uid 2000 <<<<<<
D/AndroidRuntime( 9502): CheckJNI is OFF
I/Icing   ( 4413): Usage reports 0 indexed 0 rejected 0 imm upload true
W/Finsky  ( 9491): [1] FinskyApp.getCurrentAccount: No account configured on this device.
W/Finsky  ( 9491): [1] FinskyApp.getCurrentAccount: No account configured on this device.
D/ICU     ( 9502): No timezone override file found: /data/misc/zoneinfo/current/icu/icu_tzdata.dat
I/Radio-JNI( 9502): register_android_hardware_Radio DONE
D/AndroidRuntime( 9502): Calling main entry com.android.commands.settings.SettingsCmd
D/AndroidRuntime( 9502): Shutting down VM
I/GAv4    ( 9533): Google Analytics 7.8.95 is starting up. To enable debug logging on a device run:
I/GAv4    ( 9533):   adb shell setprop log.tag.GAv4 DEBUG
I/GAv4    ( 9533):   adb logcat -s GAv4
W/GAv4    ( 9533): AnalyticsReceiver is not registered or is disabled. Register the receiver for reliable dispatching on non-Google Play devices. See http://goo.gl/8Rd3yj for instructions.
W/GAv4    ( 9533): CampaignTrackingReceiver is not registered, not exported or is disabled. Installation campaign tracking is not possible. See http://goo.gl/8Rd3yj for instructions.
W/AnalyticsTrackerProxyImpl( 9533): Analytics setup for ID UA-21125203-2, app name Drive, version 2.3.327.05.46
W/GAv4    ( 9533): AnalyticsService not registered in the app manifest. Hits might not be delivered reliably. See http://goo.gl/8Rd3yj for instructions.
I/ActivityManager(  925): Killing 7616:com.google.android.gms.unstable/u0a12 (adj 15): empty #17
D/Wear_Controller( 4413): Received broadcast action=android.intent.action.PACKAGE_ADDED and uri=com.careerbuilder.SugarDrone
I/PeopleContactsSync( 4413): triggerPendingContactsCleanup: no accounts
I/Icing   ( 4413): Usage reports 0 indexed 0 rejected 0 imm upload false
I/Icing   ( 4413): Usage reports 0 indexed 0 rejected 0 imm upload false
I/Icing   ( 4413): Indexing 30F0BE597630D714C34463EDBCB0E07AE3414F19 from com.google.android.googlequicksearchbox
D/AndroidRuntime( 9575): >>>>>> START com.android.internal.os.RuntimeInit uid 2000 <<<<<<
D/AndroidRuntime( 9575): CheckJNI is OFF
I/Icing   ( 4413): Indexing done 30F0BE597630D714C34463EDBCB0E07AE3414F19
D/ICU     ( 9575): No timezone override file found: /data/misc/zoneinfo/current/icu/icu_tzdata.dat
W/linker  ( 9533): /data/app/com.google.android.gms-2/lib/arm64/libconscrypt_gmscore_jni.so: unused DT entry: type 0x1d arg 0x80
V/JNIHelp ( 9533): Registering com/google/android/gms/org/conscrypt/NativeCrypto's 242 native methods...
I/art     ( 9533): Rejecting re-init on previously-failed class java.lang.Class<com.google.android.gms.org.conscrypt.OpenSSLExtendedSessionImpl>
I/art     ( 9533): Rejecting re-init on previously-failed class java.lang.Class<com.google.android.gms.org.conscrypt.OpenSSLExtendedSessionImpl>
I/Radio-JNI( 9575): register_android_hardware_Radio DONE
I/ProviderInstaller( 9533): Installed default security provider GmsCore_OpenSSL
D/AndroidRuntime( 9575): Calling main entry com.android.commands.settings.SettingsCmd
D/AndroidRuntime( 9575): Shutting down VM
I/Icing   ( 4413): Indexing DD3FF9FE5EFE52F3C27F3CC5AE528200DF987AFE from com.google.android.gms
I/ActivityManager(  925): Killing 7905:com.android.providers.calendar/u0a1 (adj 15): empty #17
I/Icing   ( 4413): Indexing done DD3FF9FE5EFE52F3C27F3CC5AE528200DF987AFE
D/AndroidRuntime( 9620): >>>>>> START com.android.internal.os.RuntimeInit uid 2000 <<<<<<
D/AndroidRuntime( 9620): CheckJNI is OFF
D/ICU     ( 9620): No timezone override file found: /data/misc/zoneinfo/current/icu/icu_tzdata.dat
I/Radio-JNI( 9620): register_android_hardware_Radio DONE
D/AndroidRuntime( 9620): Calling main entry com.android.commands.settings.SettingsCmd
D/AndroidRuntime( 9620): Shutting down VM
D/AndroidRuntime( 9647): >>>>>> START com.android.internal.os.RuntimeInit uid 2000 <<<<<<
D/AndroidRuntime( 9647): CheckJNI is OFF
D/ICU     ( 9647): No timezone override file found: /data/misc/zoneinfo/current/icu/icu_tzdata.dat
I/Radio-JNI( 9647): register_android_hardware_Radio DONE
D/AndroidRuntime( 9647): Calling main entry com.android.commands.settings.SettingsCmd
D/AndroidRuntime( 9647): Shutting down VM
I/ServiceManager(  544): Waiting for service AtCmdFwd...
D/AndroidRuntime( 9669): >>>>>> START com.android.internal.os.RuntimeInit uid 2000 <<<<<<
D/AndroidRuntime( 9669): CheckJNI is OFF
D/ICU     ( 9669): No timezone override file found: /data/misc/zoneinfo/current/icu/icu_tzdata.dat
I/Radio-JNI( 9669): register_android_hardware_Radio DONE
D/AndroidRuntime( 9669): Calling main entry com.android.commands.settings.SettingsCmd
D/AndroidRuntime( 9669): Shutting down VM
I/ServiceManager(  544): Waiting for service AtCmdFwd...
D/AndroidRuntime( 9693): >>>>>> START com.android.internal.os.RuntimeInit uid 2000 <<<<<<
D/AndroidRuntime( 9693): CheckJNI is OFF
D/ICU     ( 9693): No timezone override file found: /data/misc/zoneinfo/current/icu/icu_tzdata.dat
I/Radio-JNI( 9693): register_android_hardware_Radio DONE
D/AndroidRuntime( 9693): Calling main entry com.android.commands.appops.AppOpsCommand
D/AndroidRuntime( 9693): Shutting down VM
I/ServiceManager(  544): Waiting for service AtCmdFwd...
D/AndroidRuntime( 9714): >>>>>> START com.android.internal.os.RuntimeInit uid 2000 <<<<<<
D/AndroidRuntime( 9714): CheckJNI is OFF
D/ICU     ( 9714): No timezone override file found: /data/misc/zoneinfo/current/icu/icu_tzdata.dat
I/Radio-JNI( 9714): register_android_hardware_Radio DONE
D/AndroidRuntime( 9714): Calling main entry com.android.commands.pm.Pm
I/art     ( 9714): System.exit called, status: 0
I/AndroidRuntime( 9714): VM exiting with result code 0.
I/ServiceManager(  544): Waiting for service AtCmdFwd...
I/ServiceManager(  544): Waiting for service AtCmdFwd...
I/ActivityManager(  925): Killing 7176:com.google.android.talk/u0a53 (adj 15): empty #17
D/AndroidRuntime( 9757): >>>>>> START com.android.internal.os.RuntimeInit uid 2000 <<<<<<
D/AndroidRuntime( 9757): CheckJNI is OFF
D/ICU     ( 9757): No timezone override file found: /data/misc/zoneinfo/current/icu/icu_tzdata.dat
I/Radio-JNI( 9757): register_android_hardware_Radio DONE
W/Atfwd_Sendcmd(  544): AtCmdFwd service not published, waiting... retryCnt : 4
D/AndroidRuntime( 9757): Calling main entry com.android.commands.pm.Pm
I/art     ( 9757): System.exit called, status: 0
I/AndroidRuntime( 9757): VM exiting with result code 0.
D/AndroidRuntime( 9833): >>>>>> START com.android.internal.os.RuntimeInit uid 2000 <<<<<<
D/AndroidRuntime( 9833): CheckJNI is OFF
D/ICU     ( 9833): No timezone override file found: /data/misc/zoneinfo/current/icu/icu_tzdata.dat
I/Radio-JNI( 9833): register_android_hardware_Radio DONE
D/AndroidRuntime( 9833): Calling main entry com.android.commands.am.Am
W/ActivityManager(  925): Invalid packageName: com.careerbuilder.SugarDrone.test
D/AndroidRuntime( 9833): Shutting down VM
D/AndroidRuntime( 9859): >>>>>> START com.android.internal.os.RuntimeInit uid 2000 <<<<<<
D/AndroidRuntime( 9859): CheckJNI is OFF
W/ip      ( 9870): type=1400 audit(0.0:70): avc: denied { search } for name="net" dev="dm-2" ino=3440648 scontext=u:r:shell:s0 tcontext=u:object_r:net_data_file:s0 tclass=dir permissive=0
D/ICU     ( 9859): No timezone override file found: /data/misc/zoneinfo/current/icu/icu_tzdata.dat
I/Radio-JNI( 9859): register_android_hardware_Radio DONE
D/AndroidRuntime( 9859): Calling main entry com.android.commands.pm.Pm
D/DefContainer( 9354): Copying /data/local/tmp/0000002485 to base.apk
I/PackageManager.DexOptimizer(  925): Running dexopt (dex2oat) on: /data/app/vmdl471366219.tmp/base.apk pkg=com.careerbuilder.SugarDrone.test isa=arm64 vmSafeMode=false debuggable=false oatDir = /data/app/vmdl471366219.tmp/oat bootComplete=true
I/dex2oat ( 9882): /system/bin/dex2oat -j2
W/dex2oat ( 9882): No verified method for method calling String.<init>: java.lang.String android.text.TextUtils.substring(java.lang.CharSequence, int, int)
W/dex2oat ( 9882): No verified method for method calling String.<init>: java.lang.String android.text.TextUtils.substring(java.lang.CharSequence, int, int)
D/Finsky  ( 9491): [400] AppStatesReplicator.handleContentSyncResponse: Completed 0 account content syncs with 0 successful.
D/Finsky  ( 9491): [1] ContentSyncService$5.onFinished: Installation state replication succeeded.
I/dex2oat ( 9882): Skipping compilation of void sh.calaba.org.codehaus.jackson.impl.Utf8StreamParser._skipString(): it contains a non natural loop
I/dex2oat ( 9882): dex2oat took 2.545s (threads: 2) arena alloc=2MB java alloc=2MB native alloc=9MB free=1907KB
W/PackageManager(  925): Not granting permission android.permission.ACCESS_MOCK_LOCATION to package com.careerbuilder.SugarDrone.test (protectionLevel=2 flags=0x1800be44)
V/BackupManagerService(  925): restoreAtInstall pkg=com.careerbuilder.SugarDrone.test token=6 restoreSet=0
V/BackupManagerService(  925): Finishing install immediately
W/Settings(  925): Setting install_non_market_apps has moved from android.provider.Settings.Global to android.provider.Settings.Secure, returning read-only value.
I/art     (  925): Starting a blocking GC Explicit
I/art     (  925): Explicit concurrent mark sweep GC freed 113423(7MB) AllocSpace objects, 15(324KB) LOS objects, 33% free, 30MB/45MB, paused 2.168ms total 113.866ms
I/art     ( 9859): System.exit called, status: 0
I/AndroidRuntime( 9859): VM exiting with result code 0.
I/InputReader(  925): Reconfiguring input devices.  changes=0x00000010
D/CarrierServiceBindHelper( 3624): Receive action: android.intent.action.PACKAGE_ADDED
D/CarrierServiceBindHelper( 3624): mHandler: 3
D/CarrierConfigLoader( 3624): mHandler: 9 phoneId: 0
D/Finsky  ( 9491): [1] ExternalReferrer.access$200: Package state data is missing for com.careerbuilder.SugarDrone.test
I/UpdateIcingCorporaServi( 7775): Updating corpora: APPS=com.careerbuilder.SugarDrone.test, CONTACTS=MAYBE
D/Wear_Controller( 4413): Received broadcast action=android.intent.action.PACKAGE_ADDED and uri=com.careerbuilder.SugarDrone.test
I/UpdateIcingCorporaServi( 7775): UpdateCorporaTask done [took 94 ms] updated apps [took 94 ms] 
I/PeopleContactsSync( 4413): triggerPendingContactsCleanup: no accounts
W/IcingInternalCorpora( 4413): getNumBytesRead when not calculated.
I/Icing   ( 4413): Usage reports 0 indexed 0 rejected 0 imm upload false
I/Icing   ( 4413): Usage reports 0 indexed 0 rejected 0 imm upload false
D/AndroidRuntime( 9943): >>>>>> START com.android.internal.os.RuntimeInit uid 2000 <<<<<<
D/AndroidRuntime( 9943): CheckJNI is OFF
D/ICU     ( 9943): No timezone override file found: /data/misc/zoneinfo/current/icu/icu_tzdata.dat
I/Radio-JNI( 9943): register_android_hardware_Radio DONE
D/AndroidRuntime( 9943): Calling main entry com.android.commands.settings.SettingsCmd
D/AndroidRuntime( 9943): Shutting down VM
I/Icing   ( 4413): Indexing DD3FF9FE5EFE52F3C27F3CC5AE528200DF987AFE from com.google.android.gms
I/Icing   ( 4413): Indexing done DD3FF9FE5EFE52F3C27F3CC5AE528200DF987AFE
D/AndroidRuntime( 9978): >>>>>> START com.android.internal.os.RuntimeInit uid 2000 <<<<<<
D/AndroidRuntime( 9978): CheckJNI is OFF
D/ICU     ( 9978): No timezone override file found: /data/misc/zoneinfo/current/icu/icu_tzdata.dat
I/Radio-JNI( 9978): register_android_hardware_Radio DONE
D/AndroidRuntime( 9978): Calling main entry com.android.commands.settings.SettingsCmd
D/AndroidRuntime( 9978): Shutting down VM
D/AndroidRuntime(10003): >>>>>> START com.android.internal.os.RuntimeInit uid 2000 <<<<<<
D/AndroidRuntime(10003): CheckJNI is OFF
D/ICU     (10003): No timezone override file found: /data/misc/zoneinfo/current/icu/icu_tzdata.dat
I/Radio-JNI(10003): register_android_hardware_Radio DONE
D/AndroidRuntime(10003): Calling main entry com.android.commands.settings.SettingsCmd
D/AndroidRuntime(10003): Shutting down VM
D/AndroidRuntime(10026): >>>>>> START com.android.internal.os.RuntimeInit uid 2000 <<<<<<
D/AndroidRuntime(10026): CheckJNI is OFF
D/ICU     (10026): No timezone override file found: /data/misc/zoneinfo/current/icu/icu_tzdata.dat
I/Radio-JNI(10026): register_android_hardware_Radio DONE
D/AndroidRuntime(10026): Calling main entry com.android.commands.settings.SettingsCmd
D/AndroidRuntime(10026): Shutting down VM
D/AndroidRuntime(10046): >>>>>> START com.android.internal.os.RuntimeInit uid 2000 <<<<<<
D/AndroidRuntime(10046): CheckJNI is OFF
D/ICU     (10046): No timezone override file found: /data/misc/zoneinfo/current/icu/icu_tzdata.dat
I/Radio-JNI(10046): register_android_hardware_Radio DONE
D/AndroidRuntime(10046): Calling main entry com.android.commands.settings.SettingsCmd
D/AndroidRuntime(10046): Shutting down VM
D/AndroidRuntime(10069): >>>>>> START com.android.internal.os.RuntimeInit uid 2000 <<<<<<
D/AndroidRuntime(10069): CheckJNI is OFF
D/ICU     (10069): No timezone override file found: /data/misc/zoneinfo/current/icu/icu_tzdata.dat
I/Radio-JNI(10069): register_android_hardware_Radio DONE
D/AndroidRuntime(10069): Calling main entry com.android.commands.appops.AppOpsCommand
D/AndroidRuntime(10069): Shutting down VM
D/AndroidRuntime(10091): >>>>>> START com.android.internal.os.RuntimeInit uid 2000 <<<<<<
D/AndroidRuntime(10091): CheckJNI is OFF
D/ICU     (10091): No timezone override file found: /data/misc/zoneinfo/current/icu/icu_tzdata.dat
I/Radio-JNI(10091): register_android_hardware_Radio DONE
D/AndroidRuntime(10091): Calling main entry com.android.commands.pm.Pm
I/art     (10091): System.exit called, status: 0
I/AndroidRuntime(10091): VM exiting with result code 0.
D/AndroidRuntime(10138): >>>>>> START com.android.internal.os.RuntimeInit uid 2000 <<<<<<
D/AndroidRuntime(10138): CheckJNI is OFF
D/ICU     (10138): No timezone override file found: /data/misc/zoneinfo/current/icu/icu_tzdata.dat
I/Radio-JNI(10138): register_android_hardware_Radio DONE
D/AndroidRuntime(10138): Calling main entry com.android.commands.pm.Pm
I/art     (10138): System.exit called, status: 0
I/AndroidRuntime(10138): VM exiting with result code 0.
D/NetlinkSocketObserver(  925): NeighborEvent{elapsedMs=299380, 10.22.0.1, [B0FAEB975089], RTM_NEWNEIGH, NUD_STALE}
I/ServiceManager(  544): Waiting for service AtCmdFwd...
D/AndroidRuntime(10202): >>>>>> START com.android.internal.os.RuntimeInit uid 2000 <<<<<<
D/AndroidRuntime(10202): CheckJNI is OFF
D/ICU     (10202): No timezone override file found: /data/misc/zoneinfo/current/icu/icu_tzdata.dat
I/Radio-JNI(10202): register_android_hardware_Radio DONE
D/AndroidRuntime(10202): Calling main entry com.android.commands.input.Input
I/Input   (10202): injectKeyEvent: KeyEvent { action=ACTION_DOWN, keyCode=KEYCODE_BACK, scanCode=0, metaState=0, flags=0x0, repeatCount=0, eventTime=302035, downTime=302035, deviceId=-1, source=0x101 }
I/Input   (10202): injectKeyEvent: KeyEvent { action=ACTION_UP, keyCode=KEYCODE_BACK, scanCode=0, metaState=0, flags=0x0, repeatCount=0, eventTime=302035, downTime=302035, deviceId=-1, source=0x101 }
D/EmojiAltPhysicalKeyDetector( 3491): onKeyUp() : KeyEvent { action=ACTION_UP, keyCode=KEYCODE_BACK, scanCode=0, metaState=0, flags=0x0, repeatCount=0, eventTime=302035, downTime=302035, deviceId=-1, source=0x101 }
D/EmojiAltPhysicalKeyDetector( 3491): onKeyUp() : Disabled
D/AndroidRuntime(10202): Shutting down VM
I/ServiceManager(  544): Waiting for service AtCmdFwd...
I/ServiceManager(  544): Waiting for service AtCmdFwd...
D/AndroidRuntime(10252): >>>>>> START com.android.internal.os.RuntimeInit uid 2000 <<<<<<
D/AndroidRuntime(10252): CheckJNI is OFF
D/ICU     (10252): No timezone override file found: /data/misc/zoneinfo/current/icu/icu_tzdata.dat
I/Radio-JNI(10252): register_android_hardware_Radio DONE
D/AndroidRuntime(10252): Calling main entry com.android.commands.input.Input
I/Input   (10252): injectKeyEvent: KeyEvent { action=ACTION_DOWN, keyCode=KEYCODE_HOME, scanCode=0, metaState=0, flags=0x0, repeatCount=0, eventTime=304053, downTime=304053, deviceId=-1, source=0x101 }
I/Input   (10252): injectKeyEvent: KeyEvent { action=ACTION_UP, keyCode=KEYCODE_HOME, scanCode=0, metaState=0, flags=0x0, repeatCount=0, eventTime=304053, downTime=304053, deviceId=-1, source=0x101 }
I/ActivityManager(  925): START u0 {act=android.intent.action.MAIN cat=[android.intent.category.HOME] flg=0x10200000 cmp=com.google.android.googlequicksearchbox/com.google.android.launcher.GEL (has extras)} from uid 1000 on display 0
D/AndroidRuntime(10252): Shutting down VM
I/GEL     ( 3648): handleIntent(Intent { act=android.intent.action.MAIN cat=[android.intent.category.HOME] flg=0x10200000 cmp=com.google.android.googlequicksearchbox/com.google.android.launcher.GEL (has extras) })
D/Finsky  ( 9491): [400] AppStatesReplicator.handleContentSyncResponse: Completed 0 account content syncs with 0 successful.
D/Finsky  ( 9491): [1] ContentSyncService$5.onFinished: Installation state replication succeeded.
I/ServiceManager(  544): Waiting for service AtCmdFwd...
D/AndroidRuntime(10284): >>>>>> START com.android.internal.os.RuntimeInit uid 2000 <<<<<<
D/AndroidRuntime(10284): CheckJNI is OFF
D/ICU     (10284): No timezone override file found: /data/misc/zoneinfo/current/icu/icu_tzdata.dat
I/Radio-JNI(10284): register_android_hardware_Radio DONE
D/AndroidRuntime(10284): Calling main entry com.android.commands.input.Input
I/Input   (10284): injectKeyEvent: KeyEvent { action=ACTION_DOWN, keyCode=KEYCODE_BACK, scanCode=0, metaState=0, flags=0x0, repeatCount=0, eventTime=305636, downTime=305636, deviceId=-1, source=0x101 }
I/Input   (10284): injectKeyEvent: KeyEvent { action=ACTION_UP, keyCode=KEYCODE_BACK, scanCode=0, metaState=0, flags=0x0, repeatCount=0, eventTime=305636, downTime=305636, deviceId=-1, source=0x101 }
D/EmojiAltPhysicalKeyDetector( 3491): onKeyUp() : KeyEvent { action=ACTION_UP, keyCode=KEYCODE_BACK, scanCode=0, metaState=0, flags=0x0, repeatCount=0, eventTime=305636, downTime=305636, deviceId=-1, source=0x101 }
D/EmojiAltPhysicalKeyDetector( 3491): onKeyUp() : Disabled
D/AndroidRuntime(10284): Shutting down VM
I/ServiceManager(  544): Waiting for service AtCmdFwd...
W/Atfwd_Sendcmd(  544): AtCmdFwd service not published, waiting... retryCnt : 5
D/WifiStateMachine(  925): starting scan for "xtc-ag"WPA_PSK with 5240,5180,5220,5200
D/AndroidRuntime(10321): >>>>>> START com.android.internal.os.RuntimeInit uid 2000 <<<<<<
D/AndroidRuntime(10321): CheckJNI is OFF
D/ICU     (10321): No timezone override file found: /data/misc/zoneinfo/current/icu/icu_tzdata.dat
I/Radio-JNI(10321): register_android_hardware_Radio DONE
D/AndroidRuntime(10321): Calling main entry com.android.commands.am.Am
I/ActivityManager(  925): Force stopping com.careerbuilder.SugarDrone appid=14303 user=0: start instr
I/ActivityManager(  925): Start proc 10342:com.careerbuilder.SugarDrone/u0a4303 for added application com.careerbuilder.SugarDrone
I/art     (10342): Late-enabling -Xcheck:jni
E/dex2oat (10355): Failed to create oat file: /data/dalvik-cache/arm/data@app@com.careerbuilder.SugarDrone.test-1@base.apk@classes.dex: Permission denied
I/dex2oat (10355): dex2oat took 675.104us (threads: 2) 
W/art     (10342): Failed execv(/system/bin/dex2oat --runtime-arg -classpath --runtime-arg  --instruction-set=arm --instruction-set-features=smp,div,-atomic_ldrd_strd --runtime-arg -Xrelocate --boot-image=/system/framework/boot.art --runtime-arg -Xms64m --runtime-arg -Xmx512m -j2 --instruction-set-variant=cortex-a7 --instruction-set-features=default --dex-file=/data/app/com.careerbuilder.SugarDrone.test-1/base.apk --oat-file=/data/dalvik-cache/arm/data@app@com.careerbuilder.SugarDrone.test-1@base.apk@classes.dex) because non-0 exit status
W/System  (10342): ClassLoader referenced unknown path: /data/app/com.careerbuilder.SugarDrone.test-1/lib/arm64
W/monodroid(10342): Using override path: /data/user/0/com.careerbuilder.SugarDrone/files/.__override__
W/monodroid(10342): Trying to load sgen from: /data/user/0/com.careerbuilder.SugarDrone/files/.__override__/libmonosgen-2.0.so
W/monodroid(10342): Trying to load sgen from: /storage/emulated/0/Android/data/com.careerbuilder.SugarDrone/files/.__override__/libmonosgen-2.0.so
W/monodroid(10342): Trying to load sgen from: /data/app/com.careerbuilder.SugarDrone-1/lib/arm/libmonosgen-2.0.so
D/Mono    (10342): Image addref mscorlib[0xeba6d020] -> mscorlib.dll[0xed1ba900]: 2
D/Mono    (10342): Prepared to set up assembly 'mscorlib' (mscorlib.dll)
D/Mono    (10342): AOT module 'mscorlib.dll.so' not found: dlopen failed: library "/data/app/com.careerbuilder.SugarDrone-1/lib/arm/libaot-mscorlib.dll.so" not found
D/Mono    (10342): AOT module '/Users/builder/data/lanes/4009/f3074d2c/source/monodroid/builds/install/mono-armv6/lib/mono/aot-cache/arm/mscorlib.dll.so' not found: dlopen failed: library "/data/app/com.careerbuilder.SugarDrone-1/lib/arm/libaot-mscorlib.dll.so" not found
D/Mono    (10342): Config attempting to parse: 'mscorlib.dll.config'.
D/Mono    (10342): Config attempting to parse: '/Users/builder/data/lanes/4009/f3074d2c/source/monodroid/builds/install/mono-armv6/etc/mono/assemblies/mscorlib/mscorlib.config'.
D/Mono    (10342): Assembly mscorlib[0xeba6d020] added to domain RootDomain, ref_count=1
D/Mono    (10342): Image addref CareerBuilder_Search.Droid[0xeba6d080] -> CareerBuilder_Search.Droid.dll[0xed1bcc00]: 2
D/Mono    (10342): Prepared to set up assembly 'CareerBuilder_Search.Droid' (CareerBuilder_Search.Droid.dll)
D/Mono    (10342): Assembly CareerBuilder_Search.Droid[0xeba6d080] added to domain RootDomain, ref_count=1
D/Mono    (10342): AOT module 'CareerBuilder_Search.Droid.dll.so' not found: dlopen failed: library "/data/app/com.careerbuilder.SugarDrone-1/lib/arm/libaot-CareerBuilder_Search.Droid.dll.so" not found
D/Mono    (10342): AOT module '/Users/builder/data/lanes/4009/f3074d2c/source/monodroid/builds/install/mono-armv6/lib/mono/aot-cache/arm/CareerBuilder_Search.Droid.dll.so' not found: dlopen failed: library "/data/app/com.careerbuilder.SugarDrone-1/lib/arm/libaot-CareerBuilder_Search.Droid.dll.so" not found
D/Mono    (10342): Config attempting to parse: 'CareerBuilder_Search.Droid.dll.config'.
D/Mono    (10342): Config attempting to parse: '/Users/builder/data/lanes/4009/f3074d2c/source/monodroid/builds/install/mono-armv6/etc/mono/assemblies/CareerBuilder_Search.Droid/CareerBuilder_Search.Droid.config'.
D/Mono    (10342): Image addref AppsFlyerXamarinBindingAndroid[0xeba6d0e0] -> AppsFlyerXamarinBindingAndroid.dll[0xed1bd100]: 2
D/Mono    (10342): Prepared to set up assembly 'AppsFlyerXamarinBindingAndroid' (AppsFlyerXamarinBindingAndroid.dll)
D/Mono    (10342): Assembly AppsFlyerXamarinBindingAndroid[0xeba6d0e0] added to domain RootDomain, ref_count=1
D/Mono    (10342): AOT module 'AppsFlyerXamarinBindingAndroid.dll.so' not found: dlopen failed: library "/data/app/com.careerbuilder.SugarDrone-1/lib/arm/libaot-AppsFlyerXamarinBindingAndroid.dll.so" not found
D/Mono    (10342): AOT module '/Users/builder/data/lanes/4009/f3074d2c/source/monodroid/builds/install/mono-armv6/lib/mono/aot-cache/arm/AppsFlyerXamarinBindingAndroid.dll.so' not found: dlopen failed: library "/data/app/com.careerbuilder.SugarDrone-1/lib/arm/libaot-AppsFlyerXamarinBindingAndroid.dll.so" not found
D/Mono    (10342): Config attempting to parse: 'AppsFlyerXamarinBindingAndroid.dll.config'.
D/Mono    (10342): Config attempting to parse: '/Users/builder/data/lanes/4009/f3074d2c/source/monodroid/builds/install/mono-armv6/etc/mono/assemblies/AppsFlyerXamarinBindingAndroid/AppsFlyerXamarinBindingAndroid.config'.
D/Mono    (10342): Image addref HockeySDK[0xeba6d140] -> HockeySDK.dll[0xed1bd600]: 2
D/Mono    (10342): Prepared to set up assembly 'HockeySDK' (HockeySDK.dll)
D/Mono    (10342): Assembly HockeySDK[0xeba6d140] added to domain RootDomain, ref_count=1
D/Mono    (10342): AOT module 'HockeySDK.dll.so' not found: dlopen failed: library "/data/app/com.careerbuilder.SugarDrone-1/lib/arm/libaot-HockeySDK.dll.so" not found
D/Mono    (10342): AOT module '/Users/builder/data/lanes/4009/f3074d2c/source/monodroid/builds/install/mono-armv6/lib/mono/aot-cache/arm/HockeySDK.dll.so' not found: dlopen failed: library "/data/app/com.careerbuilder.SugarDrone-1/lib/arm/libaot-HockeySDK.dll.so" not found
D/Mono    (10342): Config attempting to parse: 'HockeySDK.dll.config'.
D/Mono    (10342): Config attempting to parse: '/Users/builder/data/lanes/4009/f3074d2c/source/monodroid/builds/install/mono-armv6/etc/mono/assemblies/HockeySDK/HockeySDK.config'.
D/Mono    (10342): Image addref Akavache[0xeba6d1a0] -> Akavache.dll[0xed1bdb00]: 2
D/Mono    (10342): Prepared to set up assembly 'Akavache' (Akavache.dll)
D/Mono    (10342): Assembly Akavache[0xeba6d1a0] added to domain RootDomain, ref_count=1
D/Mono    (10342): AOT module 'Akavache.dll.so' not found: dlopen failed: library "/data/app/com.careerbuilder.SugarDrone-1/lib/arm/libaot-Akavache.dll.so" not found
D/Mono    (10342): AOT module '/Users/builder/data/lanes/4009/f3074d2c/source/monodroid/builds/install/mono-armv6/lib/mono/aot-cache/arm/Akavache.dll.so' not found: dlopen failed: library "/data/app/com.careerbuilder.SugarDrone-1/lib/arm/libaot-Akavache.dll.so" not found
D/Mono    (10342): Config attempting to parse: 'Akavache.dll.config'.
D/Mono    (10342): Config attempting to parse: '/Users/builder/data/lanes/4009/f3074d2c/source/monodroid/builds/install/mono-armv6/etc/mono/assemblies/Akavache/Akavache.config'.
D/Mono    (10342): Image addref Akavache.Sqlite3[0xeba6d200] -> Akavache.Sqlite3.dll[0xf5336a00]: 2
D/Mono    (10342): Prepared to set up assembly 'Akavache.Sqlite3' (Akavache.Sqlite3.dll)
D/Mono    (10342): Assembly Akavache.Sqlite3[0xeba6d200] added to domain RootDomain, ref_count=1
D/Mono    (10342): AOT module 'Akavache.Sqlite3.dll.so' not found: dlopen failed: library "/data/app/com.careerbuilder.SugarDrone-1/lib/arm/libaot-Akavache.Sqlite3.dll.so" not found
D/Mono    (10342): AOT module '/Users/builder/data/lanes/4009/f3074d2c/source/monodroid/builds/install/mono-armv6/lib/mono/aot-cache/arm/Akavache.Sqlite3.dll.so' not found: dlopen failed: library "/data/app/com.careerbuilder.SugarDrone-1/lib/arm/libaot-Akavache.Sqlite3.dll.so" not found
W/        (10342): Symbol file LoadedFromMemory doesn't match image Akavache.Sqlite3.dll
D/Mono    (10342): Config attempting to parse: 'Akavache.Sqlite3.dll.config'.
D/Mono    (10342): Config attempting to parse: '/Users/builder/data/lanes/4009/f3074d2c/source/monodroid/builds/install/mono-armv6/etc/mono/assemblies/Akavache.Sqlite3/Akavache.Sqlite3.config'.
D/Mono    (10342): Image addref Splat[0xeba6d260] -> Splat.dll[0xf5336f00]: 2
D/Mono    (10342): Prepared to set up assembly 'Splat' (Splat.dll)
D/Mono    (10342): Assembly Splat[0xeba6d260] added to domain RootDomain, ref_count=1
D/Mono    (10342): AOT module 'Splat.dll.so' not found: dlopen failed: library "/data/app/com.careerbuilder.SugarDrone-1/lib/arm/libaot-Splat.dll.so" not found
D/Mono    (10342): AOT module '/Users/builder/data/lanes/4009/f3074d2c/source/monodroid/builds/install/mono-armv6/lib/mono/aot-cache/arm/Splat.dll.so' not found: dlopen failed: library "/data/app/com.careerbuilder.SugarDrone-1/lib/arm/libaot-Splat.dll.so" not found
D/Mono    (10342): Config attempting to parse: 'Splat.dll.config'.
D/Mono    (10342): Config attempting to parse: '/Users/builder/data/lanes/4009/f3074d2c/source/monodroid/builds/install/mono-armv6/etc/mono/assemblies/Splat/Splat.config'.
D/Mono    (10342): Image addref Microsoft.Practices.ServiceLocation[0xeba6d2c0] -> Microsoft.Practices.ServiceLocation.dll[0xf5337400]: 2
D/Mono    (10342): Prepared to set up assembly 'Microsoft.Practices.ServiceLocation' (Microsoft.Practices.ServiceLocation.dll)
D/Mono    (10342): Assembly Microsoft.Practices.ServiceLocation[0xeba6d2c0] added to domain RootDomain, ref_count=1
D/Mono    (10342): AOT module 'Microsoft.Practices.ServiceLocation.dll.so' not found: dlopen failed: library "/data/app/com.careerbuilder.SugarDrone-1/lib/arm/libaot-Microsoft.Practices.ServiceLocation.dll.so" not found
D/Mono    (10342): AOT module '/Users/builder/data/lanes/4009/f3074d2c/source/monodroid/builds/install/mono-armv6/lib/mono/aot-cache/arm/Microsoft.Practices.ServiceLocation.dll.so' not found: dlopen failed: library "/data/app/com.careerbuilder.SugarDrone-1/lib/arm/libaot-Microsoft.Practices.ServiceLocation.dll.so" not found
D/Mono    (10342): Config attempting to parse: 'Microsoft.Practices.ServiceLocation.dll.config'.
D/Mono    (10342): Config attempting to parse: '/Users/builder/data/lanes/4009/f3074d2c/source/monodroid/builds/install/mono-armv6/etc/mono/assemblies/Microsoft.Practices.ServiceLocation/Microsoft.Practices.ServiceLocation.config'.
D/Mono    (10342): Image addref Microsoft.Practices.Unity[0xeba6d320] -> Microsoft.Practices.Unity.dll[0xf5337900]: 2
D/Mono    (10342): Prepared to set up assembly 'Microsoft.Practices.Unity' (Microsoft.Practices.Unity.dll)
D/Mono    (10342): Assembly Microsoft.Practices.Unity[0xeba6d320] added to domain RootDomain, ref_count=1
D/Mono    (10342): AOT module 'Microsoft.Practices.Unity.dll.so' not found: dlopen failed: library "/data/app/com.careerbuilder.SugarDrone-1/lib/arm/libaot-Microsoft.Practices.Unity.dll.so" not found
D/Mono    (10342): AOT module '/Users/builder/data/lanes/4009/f3074d2c/source/monodroid/builds/install/mono-armv6/lib/mono/aot-cache/arm/Microsoft.Practices.Unity.dll.so' not found: dlopen failed: library "/data/app/com.careerbuilder.SugarDrone-1/lib/arm/libaot-Microsoft.Practices.Unity.dll.so" not found
D/Mono    (10342): Config attempting to parse: 'Microsoft.Practices.Unity.dll.config'.
D/Mono    (10342): Config attempting to parse: '/Users/builder/data/lanes/4009/f3074d2c/source/monodroid/builds/install/mono-armv6/etc/mono/assemblies/Microsoft.Practices.Unity/Microsoft.Practices.Unity.config'.
D/Mono    (10342): Image addref Plugin.CurrentActivity[0xeba6d380] -> Plugin.CurrentActivity.dll[0xea6c2000]: 2
D/Mono    (10342): Prepared to set up assembly 'Plugin.CurrentActivity' (Plugin.CurrentActivity.dll)
D/Mono    (10342): Assembly Plugin.CurrentActivity[0xeba6d380] added to domain RootDomain, ref_count=1
D/Mono    (10342): AOT module 'Plugin.CurrentActivity.dll.so' not found: dlopen failed: library "/data/app/com.careerbuilder.SugarDrone-1/lib/arm/libaot-Plugin.CurrentActivity.dll.so" not found
D/Mono    (10342): AOT module '/Users/builder/data/lanes/4009/f3074d2c/source/monodroid/builds/install/mono-armv6/lib/mono/aot-cache/arm/Plugin.CurrentActivity.dll.so' not found: dlopen failed: library "/data/app/com.careerbuilder.SugarDrone-1/lib/arm/libaot-Plugin.CurrentActivity.dll.so" not found
D/Mono    (10342): Config attempting to parse: 'Plugin.CurrentActivity.dll.config'.
D/Mono    (10342): Config attempting to parse: '/Users/builder/data/lanes/4009/f3074d2c/source/monodroid/builds/install/mono-armv6/etc/mono/assemblies/Plugin.CurrentActivity/Plugin.CurrentActivity.config'.
D/Mono    (10342): Image addref Plugin.Permissions[0xeba6d3e0] -> Plugin.Permissions.dll[0xea6c2500]: 2
D/Mono    (10342): Prepared to set up assembly 'Plugin.Permissions' (Plugin.Permissions.dll)
D/Mono    (10342): Assembly Plugin.Permissions[0xeba6d3e0] added to domain RootDomain, ref_count=1
D/Mono    (10342): AOT module 'Plugin.Permissions.dll.so' not found: dlopen failed: library "/data/app/com.careerbuilder.SugarDrone-1/lib/arm/libaot-Plugin.Permissions.dll.so" not found
D/Mono    (10342): AOT module '/Users/builder/data/lanes/4009/f3074d2c/source/monodroid/builds/install/mono-armv6/lib/mono/aot-cache/arm/Plugin.Permissions.dll.so' not found: dlopen failed: library "/data/app/com.careerbuilder.SugarDrone-1/lib/arm/libaot-Plugin.Permissions.dll.so" not found
D/Mono    (10342): Config attempting to parse: 'Plugin.Permissions.dll.config'.
D/Mono    (10342): Config attempting to parse: '/Users/builder/data/lanes/4009/f3074d2c/source/monodroid/builds/install/mono-armv6/etc/mono/assemblies/Plugin.Permissions/Plugin.Permissions.config'.
D/Mono    (10342): Image addref Plugin.Permissions.Abstractions[0xeba6d440] -> Plugin.Permissions.Abstractions.dll[0xea6c2a00]: 2
D/Mono    (10342): Prepared to set up assembly 'Plugin.Permissions.Abstractions' (Plugin.Permissions.Abstractions.dll)
D/Mono    (10342): Assembly Plugin.Permissions.Abstractions[0xeba6d440] added to domain RootDomain, ref_count=1
D/Mono    (10342): AOT module 'Plugin.Permissions.Abstractions.dll.so' not found: dlopen failed: library "/data/app/com.careerbuilder.SugarDrone-1/lib/arm/libaot-Plugin.Permissions.Abstractions.dll.so" not found
D/Mono    (10342): AOT module '/Users/builder/data/lanes/4009/f3074d2c/source/monodroid/builds/install/mono-armv6/lib/mono/aot-cache/arm/Plugin.Permissions.Abstractions.dll.so' not found: dlopen failed: library "/data/app/com.careerbuilder.SugarDrone-1/lib/arm/libaot-Plugin.Permissions.Abstractions.dll.so" not found
D/Mono    (10342): Config attempting to parse: 'Plugin.Permissions.Abstractions.dll.config'.
D/Mono    (10342): Config attempting to parse: '/Users/builder/data/lanes/4009/f3074d2c/source/monodroid/builds/install/mono-armv6/etc/mono/assemblies/Plugin.Permissions.Abstractions/Plugin.Permissions.Abstractions.config'.
D/Mono    (10342): Image addref Plugin.Geolocator[0xeba6d4a0] -> Plugin.Geolocator.dll[0xea6c2f00]: 2
D/Mono    (10342): Prepared to set up assembly 'Plugin.Geolocator' (Plugin.Geolocator.dll)
D/Mono    (10342): Assembly Plugin.Geolocator[0xeba6d4a0] added to domain RootDomain, ref_count=1
D/Mono    (10342): AOT module 'Plugin.Geolocator.dll.so' not found: dlopen failed: library "/data/app/com.careerbuilder.SugarDrone-1/lib/arm/libaot-Plugin.Geolocator.dll.so" not found
D/Mono    (10342): AOT module '/Users/builder/data/lanes/4009/f3074d2c/source/monodroid/builds/install/mono-armv6/lib/mono/aot-cache/arm/Plugin.Geolocator.dll.so' not found: dlopen failed: library "/data/app/com.careerbuilder.SugarDrone-1/lib/arm/libaot-Plugin.Geolocator.dll.so" not found
D/Mono    (10342): Config attempting to parse: 'Plugin.Geolocator.dll.config'.
D/Mono    (10342): Config attempting to parse: '/Users/builder/data/lanes/4009/f3074d2c/source/monodroid/builds/install/mono-armv6/etc/mono/assemblies/Plugin.Geolocator/Plugin.Geolocator.config'.
D/Mono    (10342): Image addref Plugin.Geolocator.Abstractions[0xeba6d500] -> Plugin.Geolocator.Abstractions.dll[0xea6c3400]: 2
D/Mono    (10342): Prepared to set up assembly 'Plugin.Geolocator.Abstractions' (Plugin.Geolocator.Abstractions.dll)
D/Mono    (10342): Assembly Plugin.Geolocator.Abstractions[0xeba6d500] added to domain RootDomain, ref_count=1
D/Mono    (10342): AOT module 'Plugin.Geolocator.Abstractions.dll.so' not found: dlopen failed: library "/data/app/com.careerbuilder.SugarDrone-1/lib/arm/libaot-Plugin.Geolocator.Abstractions.dll.so" not found
D/Mono    (10342): AOT module '/Users/builder/data/lanes/4009/f3074d2c/source/monodroid/builds/install/mono-armv6/lib/mono/aot-cache/arm/Plugin.Geolocator.Abstractions.dll.so' not found: dlopen failed: library "/data/app/com.careerbuilder.SugarDrone-1/lib/arm/libaot-Plugin.Geolocator.Abstractions.dll.so" not found
D/Mono    (10342): Config attempting to parse: 'Plugin.Geolocator.Abstractions.dll.config'.
D/Mono    (10342): Config attempting to parse: '/Users/builder/data/lanes/4009/f3074d2c/source/monodroid/builds/install/mono-armv6/etc/mono/assemblies/Plugin.Geolocator.Abstractions/Plugin.Geolocator.Abstractions.config'.
D/Mono    (10342): Image addref Plugin.DeviceInfo[0xeba6d560] -> Plugin.DeviceInfo.dll[0xea6c3900]: 2
D/Mono    (10342): Prepared to set up assembly 'Plugin.DeviceInfo' (Plugin.DeviceInfo.dll)
D/Mono    (10342): Assembly Plugin.DeviceInfo[0xeba6d560] added to domain RootDomain, ref_count=1
D/Mono    (10342): AOT module 'Plugin.DeviceInfo.dll.so' not found: dlopen failed: library "/data/app/com.careerbuilder.SugarDrone-1/lib/arm/libaot-Plugin.DeviceInfo.dll.so" not found
D/Mono    (10342): AOT module '/Users/builder/data/lanes/4009/f3074d2c/source/monodroid/builds/install/mono-armv6/lib/mono/aot-cache/arm/Plugin.DeviceInfo.dll.so' not found: dlopen failed: library "/data/app/com.careerbuilder.SugarDrone-1/lib/arm/libaot-Plugin.DeviceInfo.dll.so" not found
D/Mono    (10342): Config attempting to parse: 'Plugin.DeviceInfo.dll.config'.
D/Mono    (10342): Config attempting to parse: '/Users/builder/data/lanes/4009/f3074d2c/source/monodroid/builds/install/mono-armv6/etc/mono/assemblies/Plugin.DeviceInfo/Plugin.DeviceInfo.config'.
D/Mono    (10342): Image addref Plugin.DeviceInfo.Abstractions[0xeba6d5c0] -> Plugin.DeviceInfo.Abstractions.dll[0xea6c3e00]: 2
D/Mono    (10342): Prepared to set up assembly 'Plugin.DeviceInfo.Abstractions' (Plugin.DeviceInfo.Abstractions.dll)
D/Mono    (10342): Assembly Plugin.DeviceInfo.Abstractions[0xeba6d5c0] added to domain RootDomain, ref_count=1
D/Mono    (10342): AOT module 'Plugin.DeviceInfo.Abstractions.dll.so' not found: dlopen failed: library "/data/app/com.careerbuilder.SugarDrone-1/lib/arm/libaot-Plugin.DeviceInfo.Abstractions.dll.so" not found
D/Mono    (10342): AOT module '/Users/builder/data/lanes/4009/f3074d2c/source/monodroid/builds/install/mono-armv6/lib/mono/aot-cache/arm/Plugin.DeviceInfo.Abstractions.dll.so' not found: dlopen failed: library "/data/app/com.careerbuilder.SugarDrone-1/lib/arm/libaot-Plugin.DeviceInfo.Abstractions.dll.so" not found
D/Mono    (10342): Config attempting to parse: 'Plugin.DeviceInfo.Abstractions.dll.config'.
D/Mono    (10342): Config attempting to parse: '/Users/builder/data/lanes/4009/f3074d2c/source/monodroid/builds/install/mono-armv6/etc/mono/assemblies/Plugin.DeviceInfo.Abstractions/Plugin.DeviceInfo.Abstractions.config'.
D/Mono    (10342): Image addref Xamarin.GooglePlayServices.Analytics[0xeba6d620] -> Xamarin.GooglePlayServices.Analytics.dll[0xea6c4300]: 2
D/Mono    (10342): Prepared to set up assembly 'Xamarin.GooglePlayServices.Analytics' (Xamarin.GooglePlayServices.Analytics.dll)
D/Mono    (10342): Assembly Xamarin.GooglePlayServices.Analytics[0xeba6d620] added to domain RootDomain, ref_count=1
D/Mono    (10342): AOT module 'Xamarin.GooglePlayServices.Analytics.dll.so' not found: dlopen failed: library "/data/app/com.careerbuilder.SugarDrone-1/lib/arm/libaot-Xamarin.GooglePlayServices.Analytics.dll.so" not found
D/Mono    (10342): AOT module '/Users/builder/data/lanes/4009/f3074d2c/source/monodroid/builds/install/mono-armv6/lib/mono/aot-cache/arm/Xamarin.GooglePlayServices.Analytics.dll.so' not found: dlopen failed: library "/data/app/com.careerbuilder.SugarDrone-1/lib/arm/libaot-Xamarin.GooglePlayServices.Analytics.dll.so" not found
D/Mono    (10342): Config attempting to parse: 'Xamarin.GooglePlayServices.Analytics.dll.config'.
