W/ResourceType(10086): No known package when getting name for resource number 0xffffffff
W/ResourceType(10086): No known package when getting name for resource number 0xffffffff
W/ResourceType(10086): No known package when getting name for resource number 0xffffffff
W/ResourceType(10086): No known package when getting name for resource number 0xffffffff
W/ResourceType(10086): No known package when getting name for resource number 0xffffffff
W/ResourceType(10086): No known package when getting name for resource number 0xffffffff
W/ResourceType(10086): No known package when getting name for resource number 0xffffffff
W/ResourceType(10086): No known package when getting name for resource number 0xffffffff
W/ResourceType(10086): No known package when getting name for resource number 0xffffffff
W/ResourceType(10086): No known package when getting name for resource number 0xffffffff
W/ResourceType(10086): No known package when getting name for resource number 0xffffffff
W/ResourceType(10086): No known package when getting name for resource number 0xffffffff
W/ResourceType(10086): No known package when getting name for resource number 0xffffffff
W/ResourceType(10086): No known package when getting name for resource number 0xffffffff
W/ResourceType(10086): No known package when getting name for resource number 0xffffffff
W/ResourceType(10086): No known package when getting name for resource number 0xffffffff
W/ResourceType(10086): No known package when getting name for resource number 0xffffffff
I/System.out(10086): URI: /map
I/System.out(10086): params: {json={"query":"* marked:'jdpScrollView'","operation":{"method_name":"query","arguments":[]}}
I/System.out(10086): }
W/ResourceType(10086): No known package when getting name for resource number 0xffffffff
W/ResourceType(10086): No known package when getting name for resource number 0xffffffff
W/ResourceType(10086): No known package when getting name for resource number 0xffffffff
W/ResourceType(10086): No known package when getting name for resource number 0xffffffff
W/ResourceType(10086): No known package when getting name for resource number 0xffffffff
W/ResourceType(10086): No known package when getting name for resource number 0xffffffff
W/ResourceType(10086): No known package when getting name for resource number 0xffffffff
W/ResourceType(10086): No known package when getting name for resource number 0xffffffff
W/ResourceType(10086): No known package when getting name for resource number 0xffffffff
W/ResourceType(10086): No known package when getting name for resource number 0xffffffff
W/ResourceType(10086): No known package when getting name for resource number 0xffffffff
W/ResourceType(10086): No known package when getting name for resource number 0xffffffff
W/ResourceType(10086): No known package when getting name for resource number 0xffffffff
W/ResourceType(10086): No known package when getting name for resource number 0xffffffff
W/ResourceType(10086): No known package when getting name for resource number 0xffffffff
W/ResourceType(10086): No known package when getting name for resource number 0xffffffff
W/ResourceType(10086): No known package when getting name for resource number 0xffffffff
W/ResourceType(10086): No known package when getting name for resource number 0xffffffff
W/ResourceType(10086): No known package when getting name for resource number 0xffffffff
W/ResourceType(10086): No known package when getting name for resource number 0xffffffff
W/ResourceType(10086): No known package when getting name for resource number 0xffffffff
W/ResourceType(10086): No known package when getting name for resource number 0xffffffff
W/ResourceType(10086): No known package when getting name for resource number 0xffffffff
W/ResourceType(10086): No known package when getting name for resource number 0xffffffff
W/ResourceType(10086): No known package when getting name for resource number 0xffffffff
W/ResourceType(10086): No known package when getting name for resource number 0xffffffff
W/ResourceType(10086): No known package when getting name for resource number 0xffffffff
W/ResourceType(10086): No known package when getting name for resource number 0xffffffff
W/ResourceType(10086): No known package when getting name for resource number 0xffffffff
W/ResourceType(10086): No known package when getting name for resource number 0xffffffff
W/ResourceType(10086): No known package when getting name for resource number 0xffffffff
W/ResourceType(10086): No known package when getting name for resource number 0xffffffff
W/ResourceType(10086): No known package when getting name for resource number 0xffffffff
W/ResourceType(10086): No known package when getting name for resource number 0xffffffff
W/ResourceType(10086): No known package when getting name for resource number 0xffffffff
W/ResourceType(10086): No known package when getting name for resource number 0xffffffff
W/ResourceType(10086): No known package when getting name for resource number 0xffffffff
W/ResourceType(10086): No known package when getting name for resource number 0xffffffff
W/ResourceType(10086): No known package when getting name for resource number 0xffffffff
W/ResourceType(10086): No known package when getting name for resource number 0xffffffff
W/ResourceType(10086): No known package when getting name for resource number 0xffffffff
W/ResourceType(10086): No known package when getting name for resource number 0xffffffff
W/ResourceType(10086): No known package when getting name for resource number 0xffffffff
W/ResourceType(10086): No known package when getting name for resource number 0xffffffff
W/ResourceType(10086): No known package when getting name for resource number 0xffffffff
W/ResourceType(10086): No known package when getting name for resource number 0xffffffff
W/ResourceType(10086): No known package when getting name for resource number 0xffffffff
W/ResourceType(10086): No known package when getting name for resource number 0xffffffff
W/ResourceType(10086): No known package when getting name for resource number 0xffffffff
W/ResourceType(10086): No known package when getting name for resource number 0xffffffff
W/ResourceType(10086): No known package when getting name for resource number 0xffffffff
W/ResourceType(10086): No known package when getting name for resource number 0xffffffff
W/ResourceType(10086): No known package when getting name for resource number 0xffffffff
W/ResourceType(10086): No known package when getting name for resource number 0xffffffff
W/ResourceType(10086): No known package when getting name for resource number 0xffffffff
W/ResourceType(10086): No known package when getting name for resource number 0xffffffff
W/ResourceType(10086): No known package when getting name for resource number 0xffffffff
W/ResourceType(10086): No known package when getting name for resource number 0xffffffff
W/ResourceType(10086): No known package when getting name for resource number 0xffffffff
W/ResourceType(10086): No known package when getting name for resource number 0xffffffff
W/ResourceType(10086): No known package when getting name for resource number 0xffffffff
W/ResourceType(10086): No known package when getting name for resource number 0xffffffff
W/ResourceType(10086): No known package when getting name for resource number 0xffffffff
W/ResourceType(10086): No known package when getting name for resource number 0xffffffff
W/ResourceType(10086): No known package when getting name for resource number 0xffffffff
W/ResourceType(10086): No known package when getting name for resource number 0xffffffff
W/ResourceType(10086): No known package when getting name for resource number 0xffffffff
W/ResourceType(10086): No known package when getting name for resource number 0xffffffff
W/ResourceType(10086): No known package when getting name for resource number 0xffffffff
W/ResourceType(10086): No known package when getting name for resource number 0xffffffff
W/ResourceType(10086): No known package when getting name for resource number 0xffffffff
W/ResourceType(10086): No known package when getting name for resource number 0xffffffff
W/ResourceType(10086): No known package when getting name for resource number 0xffffffff
W/ResourceType(10086): No known package when getting name for resource number 0xffffffff
W/ResourceType(10086): No known package when getting name for resource number 0xffffffff
W/ResourceType(10086): No known package when getting name for resource number 0xffffffff
W/ResourceType(10086): No known package when getting name for resource number 0xffffffff
W/ResourceType(10086): No known package when getting name for resource number 0xffffffff
W/ResourceType(10086): No known package when getting name for resource number 0xffffffff
W/ResourceType(10086): No known package when getting name for resource number 0xffffffff
W/ResourceType(10086): No known package when getting name for resource number 0xffffffff
W/ResourceType(10086): No known package when getting name for resource number 0xffffffff
W/ResourceType(10086): No known package when getting name for resource number 0xffffffff
I/ThermalEngine(  517): ACTION: GPU - Setting GPU[0] to 450000000
D/Mono    (10086): [0xd8c6f930] worker finishing
I/ServiceManager(  536): Waiting for service AtCmdFwd...
I/ThermalEngine(  517): ACTION: GPU - Setting GPU[0] to 390000000
I/art     (10086): Starting a blocking GC Explicit
I/ServiceManager(  536): Waiting for service AtCmdFwd...
I/art     (10086): Explicit concurrent mark sweep GC freed 103496(4MB) AllocSpace objects, 6(120KB) LOS objects, 28% free, 40MB/56MB, paused 948us total 44.545ms
I/art     (10086): Starting a blocking GC Explicit
I/art     (10086): Explicit concurrent mark sweep GC freed 92(4KB) AllocSpace objects, 0(0B) LOS objects, 28% free, 40MB/56MB, paused 987us total 29.753ms
I/art     (10086): Starting a blocking GC Explicit
I/art     (10086): Explicit concurrent mark sweep GC freed 10(720B) AllocSpace objects, 0(0B) LOS objects, 28% free, 40MB/56MB, paused 973us total 28.985ms
I/art     (10086): Starting a blocking GC Explicit
I/art     (10086): Explicit concurrent mark sweep GC freed 10(720B) AllocSpace objects, 0(0B) LOS objects, 28% free, 40MB/56MB, paused 991us total 30.491ms
I/art     (10086): Starting a blocking GC Explicit
I/art     (10086): Explicit concurrent mark sweep GC freed 10(720B) AllocSpace objects, 0(0B) LOS objects, 28% free, 40MB/56MB, paused 959us total 29.228ms
I/ServiceManager(  536): Waiting for service AtCmdFwd...
I/ServiceManager(  536): Waiting for service AtCmdFwd...
I/ThermalEngine(  517): ACTION: GPU - Setting GPU[0] to 450000000

]]><xtc-duration value="132.8319876"/></xtc-step><!-- name: "undefined", id: "undefined" --><![CDATA[
I/ServiceManager(  536): Waiting for service AtCmdFwd...
W/Atfwd_Sendcmd(  536): AtCmdFwd service not published, waiting... retryCnt : 5

]]><xtc-step name="[0-1035]CareerBuilder_Search.DroidFeatureTests.JDPTests.ExternalApplyDialogueNegativeButtonDismissesDialogue-0-NA-FinalScreenShot" id="[0-1035]CareerBuilder_Search.DroidFeatureTests.JDPTests.ExternalApplyDialogueNegativeButtonDismissesDialogue-0-NA-FinalScreenShot"><![CDATA[
I/art     (10086): Starting a blocking GC Explicit
I/art     (10086): Explicit concurrent mark sweep GC freed 6045(413KB) AllocSpace objects, 2(40KB) LOS objects, 28% free, 40MB/56MB, paused 637us total 27.118ms
I/art     (10086): Starting a blocking GC Explicit
I/art     (10086): Explicit concurrent mark sweep GC freed 90(3KB) AllocSpace objects, 0(0B) LOS objects, 28% free, 40MB/56MB, paused 692us total 25.752ms
I/art     (10086): Starting a blocking GC Explicit
I/art     (10086): Explicit concurrent mark sweep GC freed 3(96B) AllocSpace objects, 0(0B) LOS objects, 28% free, 40MB/56MB, paused 740us total 27.337ms
I/art     (10086): Starting a blocking GC Explicit
I/art     (10086): Explicit concurrent mark sweep GC freed 10(720B) AllocSpace objects, 0(0B) LOS objects, 28% free, 40MB/56MB, paused 644us total 25.243ms
I/art     (10086): Starting a blocking GC Explicit
I/art     (10086): Explicit concurrent mark sweep GC freed 10(720B) AllocSpace objects, 0(0B) LOS objects, 28% free, 40MB/56MB, paused 646us total 25.256ms

]]><xtc-duration value="2.6126875"/></xtc-step><!-- name: "undefined", id: "undefined" --><![CDATA[
D/WifiStateMachine(  927): starting scan for "xtc-ag"WPA_PSK with 5240,5180,5220,5200
I/art     (10086): Starting a blocking GC Explicit
I/art     (10086): Explicit concurrent mark sweep GC freed 2071(141KB) AllocSpace objects, 1(20KB) LOS objects, 28% free, 40MB/56MB, paused 620us total 25.310ms
I/art     (10086): Starting a blocking GC Explicit
I/art     (10086): Explicit concurrent mark sweep GC freed 20(696B) AllocSpace objects, 0(0B) LOS objects, 28% free, 40MB/56MB, paused 624us total 25.545ms
I/art     (10086): Starting a blocking GC Explicit
I/art     (10086): Explicit concurrent mark sweep GC freed 10(720B) AllocSpace objects, 0(0B) LOS objects, 28% free, 40MB/56MB, paused 672us total 25.513ms
I/art     (10086): Starting a blocking GC Explicit
I/art     (10086): Explicit concurrent mark sweep GC freed 10(720B) AllocSpace objects, 0(0B) LOS objects, 28% free, 40MB/56MB, paused 799us total 27.204ms
I/art     (10086): Starting a blocking GC Explicit
I/art     (10086): Explicit concurrent mark sweep GC freed 10(720B) AllocSpace objects, 0(0B) LOS objects, 28% free, 40MB/56MB, paused 629us total 24.947ms
D/Mono    (10086): [0xd7a21930] worker finishing

]]><xtc-duration value="144.6445871" skip="false"/></xtc-scenario><!-- name: "undefined", id: "undefined" --><![CDATA[
I/ThermalEngine(  517): ACTION: GPU - Setting GPU[0] to 390000000
D/Mono    (10086): [0xda18f930] worker finishing
I/ThermalEngine(  517): ACTION: GPU - Setting GPU[0] to 450000000
I/art     (10086): Starting a blocking GC Explicit
I/art     (10086): Explicit concurrent mark sweep GC freed 2088(142KB) AllocSpace objects, 1(20KB) LOS objects, 28% free, 40MB/56MB, paused 724us total 33.011ms
I/art     (10086): Starting a blocking GC Explicit
I/art     (10086): Explicit concurrent mark sweep GC freed 52(2088B) AllocSpace objects, 0(0B) LOS objects, 28% free, 40MB/56MB, paused 690us total 28.371ms
I/art     (10086): Starting a blocking GC Explicit
I/art     (10086): Explicit concurrent mark sweep GC freed 10(720B) AllocSpace objects, 0(0B) LOS objects, 28% free, 40MB/56MB, paused 734us total 28.169ms
I/art     (10086): Starting a blocking GC Explicit
I/art     (10086): Explicit concurrent mark sweep GC freed 9(560B) AllocSpace objects, 0(0B) LOS objects, 28% free, 40MB/56MB, paused 682us total 28.520ms
I/art     (10086): Starting a blocking GC Explicit
I/art     (10086): Explicit concurrent mark sweep GC freed 11(880B) AllocSpace objects, 0(0B) LOS objects, 28% free, 40MB/56MB, paused 674us total 28.298ms
D/Mono    (10086): [0xd94b5930] worker finishing
D/Mono    (10086): [0xd7920930] worker finishing
D/ConnectivityService(  927): updateNetworkScore for NetworkAgentInfo [WIFI () - 100] to 56
I/ThermalEngine(  517): ACTION: GPU - Setting GPU[0] to 510000000
I/art     (10086): Starting a blocking GC Explicit
I/art     (10086): Explicit concurrent mark sweep GC freed 2096(143KB) AllocSpace objects, 1(20KB) LOS objects, 28% free, 40MB/56MB, paused 508us total 26.673ms
I/art     (10086): Starting a blocking GC Explicit
I/art     (10086): Explicit concurrent mark sweep GC freed 27(1320B) AllocSpace objects, 0(0B) LOS objects, 28% free, 40MB/56MB, paused 484us total 20.973ms
I/art     (10086): Starting a blocking GC Explicit
I/art     (10086): Explicit concurrent mark sweep GC freed 3(96B) AllocSpace objects, 0(0B) LOS objects, 28% free, 40MB/56MB, paused 494us total 20.905ms
I/art     (10086): Starting a blocking GC Explicit
I/art     (10086): Explicit concurrent mark sweep GC freed 10(720B) AllocSpace objects, 0(0B) LOS objects, 28% free, 40MB/56MB, paused 484us total 20.478ms
I/art     (10086): Starting a blocking GC Explicit
I/art     (10086): Explicit concurrent mark sweep GC freed 3(96B) AllocSpace objects, 0(0B) LOS objects, 28% free, 40MB/56MB, paused 482us total 20.624ms
I/art     (10086): Starting a blocking GC Explicit
I/art     (10086): Explicit concurrent mark sweep GC freed 2075(142KB) AllocSpace objects, 1(20KB) LOS objects, 28% free, 40MB/56MB, paused 554us total 25.818ms
I/art     (10086): Starting a blocking GC Explicit
I/art     (10086): Explicit concurrent mark sweep GC freed 27(1320B) AllocSpace objects, 0(0B) LOS objects, 28% free, 40MB/56MB, paused 461us total 20.111ms
I/art     (10086): Starting a blocking GC Explicit
I/art     (10086): Explicit concurrent mark sweep GC freed 3(96B) AllocSpace objects, 0(0B) LOS objects, 28% free, 40MB/56MB, paused 439us total 19.292ms
I/art     (10086): Starting a blocking GC Explicit
I/art     (10086): Explicit concurrent mark sweep GC freed 10(720B) AllocSpace objects, 0(0B) LOS objects, 28% free, 40MB/56MB, paused 477us total 20.467ms
I/art     (10086): Starting a blocking GC Explicit
I/art     (10086): Explicit concurrent mark sweep GC freed 10(720B) AllocSpace objects, 0(0B) LOS objects, 28% free, 40MB/56MB, paused 454us total 20.257ms
