I/art     (10121): Explicit concurrent mark sweep GC freed 63(7KB) AllocSpace objects, 0(0B) LOS objects, 40% free, 22MB/37MB, paused 353us total 11.907ms
I/calabash(10121): newActivity1
I/art     (10121): Starting a blocking GC Explicit
D/audio_hw_primary(  512): select_devices: out_snd_device(2: speaker) in_snd_device(0: none)
D/msm8974_platform(  512): platform_send_audio_calibration: sending audio calibration for snd_device(2) acdb_id(15)
I/art     (10121): Explicit concurrent mark sweep GC freed 125(24KB) AllocSpace objects, 0(0B) LOS objects, 40% free, 22MB/37MB, paused 510us total 12.524ms
D/Mono    (10121): Assembly Ref addref CareerBuilder_Search.Droid[0xef969080] -> System.Core[0xef96a700]: 13
I/art     (10121): Starting a blocking GC Explicit
I/rmt_storage(  383): rmt_storage_client_thread: /boot/modem_fs1: clnt_h=0x9: req_h=0x9 msg_id=3: Bytes written = 1572864
I/rmt_storage(  383): rmt_storage_client_thread: /boot/modem_fs1: clnt_h=0x9: req_h=0x9 msg_id=3: Send response: res=0 err=0
I/rmt_storage(  383): rmt_storage_client_thread: /boot/modem_fs1: clnt_h=0x9 About to block rmt_storage client thread (th_id: 548317164608) wakelock released: 1, error no: 0
I/rmt_storage(  383): 
I/soundtrigger(  512): audio_extn_sound_trigger_update_device_status: device 0x2 of type 0 for Event 1
I/rmt_storage(  383): rmt_storage_disconnect_cb: clnt_h=0x9 conn_h=0x7faa77a000
I/art     (10121): Explicit concurrent mark sweep GC freed 248(17KB) AllocSpace objects, 0(0B) LOS objects, 40% free, 22MB/37MB, paused 342us total 12.170ms
D/Mono    (10121): DllImport searching in: '__Internal' ('(null)').
D/Mono    (10121): Searching for 'java_interop_jnienv_call_nonvirtual_object_method'.
D/Mono    (10121): Probing 'java_interop_jnienv_call_nonvirtual_object_method'.
D/Mono    (10121): Found as 'java_interop_jnienv_call_nonvirtual_object_method'.
D/audio_hw_primary(  512): enable_snd_device: snd_device(2: speaker)
I/art     (10121): Starting a blocking GC Explicit
D/audio_hw_primary(  512): enable_audio_route: apply and update mixer path: low-latency-playback speaker
I/art     (10121): Explicit concurrent mark sweep GC freed 63(3KB) AllocSpace objects, 0(0B) LOS objects, 40% free, 22MB/37MB, paused 577us total 12.519ms
D/Mono    (10121): DllImport searching in: '__Internal' ('(null)').
D/Mono    (10121): Searching for 'java_interop_jnienv_get_float_field'.
D/Mono    (10121): Probing 'java_interop_jnienv_get_float_field'.
D/Mono    (10121): Found as 'java_interop_jnienv_get_float_field'.
I/System.out(10121): result:{"bonusInformation":[],"message":"","success":true}
D/Mono    (10121): Assembly Ref addref CareerBuilder_Search.Droid[0xef969080] -> Newtonsoft.Json[0xef969ce0]: 4
I/System.out(10121): URI: /backdoor
I/System.out(10121): params: {json={"method_name":"APISetup","arguments":[200]}
I/System.out(10121): }
W/FragmentManager(10121): moveToState: Fragment state for ValuePropFragment{5503241 #0 id=0x7f0a0148 android:switcher:2131362120:1} not updated inline; expected state 3 found 2
I/ActivityManager(  925): Displayed com.careerbuilder.SugarDrone/md537fd6201b6818e2e180d2f7606e21a83.ValuePropActivity: +572ms
D/audio_hw_primary(  512): disable_audio_route: reset and update mixer path: low-latency-playback speaker
I/Keyboard.Facilitator( 3464): onFinishInput()
D/audio_hw_primary(  512): disable_snd_device: snd_device(2: speaker)
I/soundtrigger(  512): audio_extn_sound_trigger_update_device_status: device 0x2 of type 0 for Event 0
D/Mono    (10121): DllImport searching in: '__Internal' ('(null)').
D/Mono    (10121): Searching for 'java_interop_jnienv_call_nonvirtual_int_method_a'.
D/Mono    (10121): Probing 'java_interop_jnienv_call_nonvirtual_int_method_a'.
D/Mono    (10121): Found as 'java_interop_jnienv_call_nonvirtual_int_method_a'.
D/Mono    (10121): Assembly Ref addref System.Net.Http[0xef96af40] -> System.Core[0xef96a700]: 14
D/Mono    (10121): DllImport searching in: '__Internal' ('(null)').
D/Mono    (10121): Searching for 'java_interop_jnienv_new_object_array'.
D/Mono    (10121): Probing 'java_interop_jnienv_new_object_array'.
D/Mono    (10121): Found as 'java_interop_jnienv_new_object_array'.
D/Mono    (10121): DllImport searching in: '__Internal' ('(null)').
D/Mono    (10121): Searching for 'java_interop_jnienv_set_object_array_element'.
D/Mono    (10121): Probing 'java_interop_jnienv_set_object_array_element'.
D/Mono    (10121): Found as 'java_interop_jnienv_set_object_array_element'.
I/System.out(10121): URI: /backdoor
I/System.out(10121): params: {json={"method_name":"GoToAfterApply","arguments":[]}
I/System.out(10121): }
D/Mono    (10121): Assembly Ref addref Mono.Android[0xef96a100] -> System[0xef96a3a0]: 12
D/Mono    (10121): Assembly Ref addref CareerBuilder_Search.Droid[0xef969080] -> Xamarin.Android.Support.Design[0xef969c20]: 2
W/SurfaceFlinger(  381): couldn't log to binary event log: overflow.
I/calabash(10121): execStartActivity 4
I/ActivityManager(  925): START u0 {cmp=com.careerbuilder.SugarDrone/md5a4824aa66c0dc4d104077b72c1916a44.RecommendationsActivity (has extras)} from uid 19056 on display 0
I/calabash(10121): newActivity1
D/Mono    (10121): Assembly Ref addref CareerBuilder_Search.Droid[0xef969080] -> Xamarin.Android.Support.v7.RecyclerView[0xef969aa0]: 2
D/Mono    (10121): Assembly Ref addref Xamarin.Android.Support.v7.RecyclerView[0xef969aa0] -> Xamarin.Android.Support.v4[0xef969a40]: 4
D/Mono    (10121): DllImport searching in: '__Internal' ('(null)').
D/Mono    (10121): Searching for 'java_interop_jnienv_call_int_method'.
D/Mono    (10121): Probing 'java_interop_jnienv_call_int_method'.
D/Mono    (10121): Found as 'java_interop_jnienv_call_int_method'.
I/System.out(10121): URI: /map
I/System.out(10121): params: {json={"query":"* marked:'done'","operation":{"method_name":"query","arguments":[]}}
I/System.out(10121): }
D/Mono    (10121): DllImport searching in: '__Internal' ('(null)').
D/Mono    (10121): Searching for 'java_interop_jnienv_call_nonvirtual_void_method'.
D/Mono    (10121): Probing 'java_interop_jnienv_call_nonvirtual_void_method'.
D/Mono    (10121): Found as 'java_interop_jnienv_call_nonvirtual_void_method'.
D/Mono    (10121): [0xd7175930] worker starting
D/Mono    (10121): [0xd7074930] worker starting
D/Mono    (10121): [0xd6f73930] worker starting
D/Mono    (10121): Unloading image System.Linq.dll [0xd766b200].
D/Mono    (10121): Image addref System.Linq[0xdaf27420] -> System.Linq.dll[0xdc6a0e00]: 9
D/Mono    (10121): Config attempting to parse: 'System.Linq.dll.config'.
D/Mono    (10121): Config attempting to parse: '/Users/builder/data/lanes/4009/f3074d2c/source/monodroid/builds/install/mono-armv6/etc/mono/assemblies/System.Linq/System.Linq.config'.
D/Mono    (10121): Assembly Ref addref CareerBuilder_Search[0xef96a0a0] -> System.Linq[0xef96a580]: 7
D/Mono    (10121): DllImport attempting to load: '/system/lib/liblog.so'.
D/Mono    (10121): DllImport loaded library '/system/lib/liblog.so'.
D/Mono    (10121): DllImport searching in: '/system/lib/liblog.so' ('/system/lib/liblog.so').
D/Mono    (10121): Searching for '__android_log_print'.
D/Mono    (10121): Probing '__android_log_print'.
D/Mono    (10121): Found as '__android_log_print'.
I/mono-stdout(10121): uri is: https://api.careerbuilder.com/consumer/jobs/recommendations/id?CountLimit=25&DeveloperKey=WDHR8FC6P2JZ1Y61KLM5
I/mono-stdout(10121): uri is: https://api.careerbuilder.com/consumer/saved-jobs/?DeveloperKey=WDHR8FC6P2JZ1Y61KLM5
D/Mono    (10121): Unloading image System.Collections.dll [0xd9e46600].
D/Mono    (10121): Image addref System.Collections[0xd7399120] -> System.Collections.dll[0xeab17b00]: 10
D/Mono    (10121): Config attempting to parse: 'System.Collections.dll.config'.
D/Mono    (10121): Config attempting to parse: '/Users/builder/data/lanes/4009/f3074d2c/source/monodroid/builds/install/mono-armv6/etc/mono/assemblies/System.Collections/System.Collections.config'.
D/Mono    (10121): Assembly Ref addref System.Reactive.Linq[0xef969e60] -> System.Collections[0xef96a460]: 8
W/art     (10121): JNI RegisterNativeMethods: attempt to register 0 native methods for md539c3d548fb000cea9f34163fa7e112ea.ProgressListItemViewHolder
D/Mono    (10121): Image addref System.Net.Primitives[0xd7748960] -> System.Net.Primitives.dll[0xd9a65a00]: 2
D/Mono    (10121): Unloading image System.Net.Primitives.dll [0xd9050000].
D/Mono    (10121): Prepared to set up assembly 'System.Net.Primitives' (System.Net.Primitives.dll)
D/Mono    (10121): Assembly System.Net.Primitives[0xd7748960] added to domain RootDomain, ref_count=1
D/Mono    (10121): Image addref System.Net.Primitives[0xd7399120] -> System.Net.Primitives.dll[0xd9a65a00]: 4
D/Mono    (10121): Config attempting to parse: 'System.Net.Primitives.dll.config'.
D/Mono    (10121): Config attempting to parse: '/Users/builder/data/lanes/4009/f3074d2c/source/monodroid/builds/install/mono-armv6/etc/mono/assemblies/System.Net.Primitives/System.Net.Primitives.config'.
D/Mono    (10121): Assembly Ref addref CareerBuilder_Search[0xef96a0a0] -> System.Net.Primitives[0xd7748960]: 2
D/Mono    (10121): Assembly Ref addref System.Net.Primitives[0xd7748960] -> System[0xef96a3a0]: 13
D/Mono    (10121): AOT module 'System.Net.Primitives.dll.so' not found: dlopen failed: library "/data/app/com.careerbuilder.SugarDrone-1/lib/arm/libaot-System.Net.Primitives.dll.so" not found
D/Mono    (10121): Unloading image System.Text.Encoding.dll [0xd9050000].
D/Mono    (10121): AOT module '/Users/builder/data/lanes/4009/f3074d2c/source/monodroid/builds/install/mono-armv6/lib/mono/aot-cache/arm/System.Net.Primitives.dll.so' not found: dlopen failed: library "/data/app/com.careerbuilder.SugarDrone-1/lib/arm/libaot-System.Net.Primitives.dll.so" not found
D/Mono    (10121): Config attempting to parse: 'System.Net.Primitives.dll.config'.
D/Mono    (10121): Config attempting to parse: '/Users/builder/data/lanes/4009/f3074d2c/source/monodroid/builds/install/mono-armv6/etc/mono/assemblies/System.Net.Primitives/System.Net.Primitives.config'.
D/Mono    (10121): Image addref System.Text.Encoding[0xd88d2c20] -> System.Text.Encoding.dll[0xda465000]: 5
D/Mono    (10121): Config attempting to parse: 'System.Text.Encoding.dll.config'.
D/Mono    (10121): Config attempting to parse: '/Users/builder/data/lanes/4009/f3074d2c/source/monodroid/builds/install/mono-armv6/etc/mono/assemblies/System.Text.Encoding/System.Text.Encoding.config'.
D/Mono    (10121): Assembly Ref addref CareerBuilder_Search[0xef96a0a0] -> System.Text.Encoding[0xdaf27780]: 3
D/Mono    (10121): Assembly Ref addref Xamarin.Android.Support.v7.AppCompat[0xef969bc0] -> System.Core[0xef96a700]: 15
I/mono-stdout(10121): making api call to: /consumer/jobs/recommendations/id?CountLimit=25&DeveloperKey=WDHR8FC6P2JZ1Y61KLM5
I/mono-stdout(10121): making api call to: /consumer/saved-jobs/?DeveloperKey=WDHR8FC6P2JZ1Y61KLM5
D/Mono    (10121): Assembly Ref addref CareerBuilder_Search.Droid[0xef969080] -> System[0xef96a3a0]: 14
I/mono-stdout(10121): Method: GET, RequestUri: 'https://api.careerbuilder.com/consumer/saved-jobs/?DeveloperKey=WDHR8FC6P2JZ1Y61KLM5', Version: 1.1, Content: <null>, Headers:

I/mono-stdout(10121): {

I/mono-stdout(10121): DeveloperKey: WDHR8FC6P2JZ1Y61KLM5

I/mono-stdout(10121): Accept: application/json

I/mono-stdout(10121): Authorization: Bearer test

I/mono-stdout(10121): HostSite: US

I/mono-stdout(10121): }
I/mono-stdout(10121): Current State = 1,2,6,7
I/mono-stdout(10121): applied jobs = 6
I/mono-stdout(10121): expired jobs = 7
I/ActivityManager(  925): Displayed com.careerbuilder.SugarDrone/md5a4824aa66c0dc4d104077b72c1916a44.RecommendationsActivity: +537ms
W/ResourceType(10121): No known package when getting name for resource number 0xffffffff
W/ResourceType(10121): No known package when getting name for resource number 0xffffffff
W/ResourceType(10121): No known package when getting name for resource number 0xffffffff
I/mono-stdout(10121): saved jobs = Saved,Saved,Applied,Saved
W/ResourceType(10121): No known package when getting name for resource number 0xffffffff
I/Keyboard.Facilitator( 3464): onFinishInput()
W/ResourceType(10121): No known package when getting name for resource number 0xffffffff
W/ResourceType(10121): No known package when getting name for resource number 0xffffffff
W/ResourceType(10121): No known package when getting name for resource number 0xffffffff
W/ResourceType(10121): No known package when getting name for resource number 0xffffffff
W/ResourceType(10121): No known package when getting name for resource number 0xffffffff
W/ResourceType(10121): No known package when getting name for resource number 0xffffffff
W/ResourceType(10121): No known package when getting name for resource number 0xffffffff
W/ResourceType(10121): No known package when getting name for resource number 0xffffffff
W/ResourceType(10121): No known package when getting name for resource number 0xffffffff
W/ResourceType(10121): No known package when getting name for resource number 0xffffffff
W/ResourceType(10121): No known package when getting name for resource number 0xffffffff
W/ResourceType(10121): No known package when getting name for resource number 0xffffffff
W/ResourceType(10121): No known package when getting name for resource number 0xffffffff
W/ResourceType(10121): No known package when getting name for resource number 0xffffffff
W/ResourceType(10121): No known package when getting name for resource number 0xffffffff
W/ResourceType(10121): No known package when getting name for resource number 0xffffffff
W/ResourceType(10121): No known package when getting name for resource number 0xffffffff
W/ResourceType(10121): No known package when getting name for resource number 0xffffffff
W/ResourceType(10121): No known package when getting name for resource number 0xffffffff
W/ResourceType(10121): No known package when getting name for resource number 0xffffffff
W/ResourceType(10121): No known package when getting name for resource number 0xffffffff
W/ResourceType(10121): No known package when getting name for resource number 0xffffffff
D/Mono    (10121): Unloading image System.dll [0xd9a67800].
D/Mono    (10121): Image addref System[0xd774a700] -> System.dll[0xeab17100]: 5
D/Mono    (10121): Config attempting to parse: 'System.dll.config'.
D/Mono    (10121): Config attempting to parse: '/Users/builder/data/lanes/4009/f3074d2c/source/monodroid/builds/install/mono-armv6/etc/mono/assemblies/System/System.config'.
D/Mono    (10121): Unloading image System.dll [0xd9a67800].
D/Mono    (10121): Image addref System[0xd77496e0] -> System.dll[0xeab17100]: 6
D/Mono    (10121): Config attempting to parse: 'System.dll.config'.
D/Mono    (10121): Config attempting to parse: '/Users/builder/data/lanes/4009/f3074d2c/source/monodroid/builds/install/mono-armv6/etc/mono/assemblies/System/System.config'.
D/Mono    (10121): Unloading image System.dll [0xd9a67800].
D/Mono    (10121): Image addref System[0xd77496e0] -> System.dll[0xeab17100]: 7
D/Mono    (10121): Config attempting to parse: 'System.dll.config'.
D/Mono    (10121): Config attempting to parse: '/Users/builder/data/lanes/4009/f3074d2c/source/monodroid/builds/install/mono-armv6/etc/mono/assemblies/System/System.config'.
D/Mono    (10121): Unloading image System.dll [0xd9a67800].
D/Mono    (10121): Image addref System[0xd77496e0] -> System.dll[0xeab17100]: 8
D/Mono    (10121): Config attempting to parse: 'System.dll.config'.
D/Mono    (10121): Config attempting to parse: '/Users/builder/data/lanes/4009/f3074d2c/source/monodroid/builds/install/mono-armv6/etc/mono/assemblies/System/System.config'.
D/Mono    (10121): DllImport searching in: '__Internal' ('(null)').
D/Mono    (10121): Searching for 'java_interop_jnienv_is_assignable_from'.
D/Mono    (10121): Probing 'java_interop_jnienv_is_assignable_from'.
D/Mono    (10121): Found as 'java_interop_jnienv_is_assignable_from'.
D/Mono    (10121): DllImport searching in: '__Internal' ('(null)').
D/Mono    (10121): Searching for 'java_interop_jnienv_get_byte_array_region'.
D/Mono    (10121): Probing 'java_interop_jnienv_get_byte_array_region'.
D/Mono    (10121): Found as 'java_interop_jnienv_get_byte_array_region'.
D/Mono    (10121): DllImport searching in: '__Internal' ('(null)').
D/Mono    (10121): Searching for 'java_interop_jnienv_set_byte_array_region'.
D/Mono    (10121): Probing 'java_interop_jnienv_set_byte_array_region'.
D/Mono    (10121): Found as 'java_interop_jnienv_set_byte_array_region'.
W/Mono    (10121): The request to load the assembly System.Core v4.0.0.0 was remapped to v2.0.5.0
D/Mono    (10121): Unloading image System.Core.dll [0xd9050a00].
D/Mono    (10121): Image addref System.Core[0xd8de4540] -> System.Core.dll[0xdc69f000]: 5
D/Mono    (10121): Config attempting to parse: 'System.Core.dll.config'.
D/Mono    (10121): Config attempting to parse: '/Users/builder/data/lanes/4009/f3074d2c/source/monodroid/builds/install/mono-armv6/etc/mono/assemblies/System.Core/System.Core.config'.
W/Mono    (10121): The request to load the assembly System.Core v4.0.0.0 was remapped to v2.0.5.0
D/Mono    (10121): Unloading image System.Core.dll [0xd9a67d00].
D/Mono    (10121): Image addref System.Core[0xd7399240] -> System.Core.dll[0xdc69f000]: 6
D/Mono    (10121): Config attempting to parse: 'System.Core.dll.config'.
D/Mono    (10121): Config attempting to parse: '/Users/builder/data/lanes/4009/f3074d2c/source/monodroid/builds/install/mono-armv6/etc/mono/assemblies/System.Core/System.Core.config'.
I/System.out(10121): URI: /map
I/System.out(10121): params: {json={"query":"* marked:'done'","operation":{"method_name":"query","arguments":[]}}
I/System.out(10121): }
W/ResourceType(10121): No known package when getting name for resource number 0xffffffff
W/ResourceType(10121): No known package when getting name for resource number 0xffffffff
W/ResourceType(10121): No known package when getting name for resource number 0xffffffff
W/ResourceType(10121): No known package when getting name for resource number 0xffffffff
W/ResourceType(10121): No known package when getting name for resource number 0xffffffff
W/ResourceType(10121): No known package when getting name for resource number 0xffffffff
I/mono-stdout(10121): done making call to: /consumer/saved-jobs/?DeveloperKey=WDHR8FC6P2JZ1Y61KLM5
W/ResourceType(10121): No known package when getting name for resource number 0xffffffff
W/ResourceType(10121): No known package when getting name for resource number 0xffffffff
W/ResourceType(10121): No known package when getting name for resource number 0xffffffff
W/ResourceType(10121): No known package when getting name for resource number 0xffffffff
W/ResourceType(10121): No known package when getting name for resource number 0xffffffff
W/ResourceType(10121): No known package when getting name for resource number 0xffffffff
W/ResourceType(10121): No known package when getting name for resource number 0xffffffff
W/ResourceType(10121): No known package when getting name for resource number 0xffffffff
W/ResourceType(10121): No known package when getting name for resource number 0xffffffff
W/ResourceType(10121): No known package when getting name for resource number 0xffffffff
W/ResourceType(10121): No known package when getting name for resource number 0xffffffff
W/ResourceType(10121): No known package when getting name for resource number 0xffffffff
W/ResourceType(10121): No known package when getting name for resource number 0xffffffff
W/ResourceType(10121): No known package when getting name for resource number 0xffffffff
W/ResourceType(10121): No known package when getting name for resource number 0xffffffff
W/ResourceType(10121): No known package when getting name for resource number 0xffffffff
W/ResourceType(10121): No known package when getting name for resource number 0xffffffff
W/ResourceType(10121): No known package when getting name for resource number 0xffffffff
W/ResourceType(10121): No known package when getting name for resource number 0xffffffff
W/ResourceType(10121): No known package when getting name for resource number 0xffffffff
W/ResourceType(10121): No known package when getting name for resource number 0xffffffff
W/ResourceType(10121): No known package when getting name for resource number 0xffffffff
I/mono-stdout(10121): done making call to: /consumer/jobs/recommendations/id?CountLimit=25&DeveloperKey=WDHR8FC6P2JZ1Y61KLM5
D/Mono    (10121): DllImport searching in: '__Internal' ('(null)').
D/Mono    (10121): Searching for 'java_interop_jnienv_call_void_method'.
D/Mono    (10121): Probing 'java_interop_jnienv_call_void_method'.
D/Mono    (10121): Found as 'java_interop_jnienv_call_void_method'.
I/mono-stdout(10121): uri is: https://api.careerbuilder.com/consumer/saved-jobs/?DeveloperKey=WDHR8FC6P2JZ1Y61KLM5
I/mono-stdout(10121): making api call to: /consumer/saved-jobs/?DeveloperKey=WDHR8FC6P2JZ1Y61KLM5
I/mono-stdout(10121): Method: GET, RequestUri: 'https://api.careerbuilder.com/consumer/saved-jobs/?DeveloperKey=WDHR8FC6P2JZ1Y61KLM5', Version: 1.1, Content: <null>, Headers:

I/mono-stdout(10121): {

I/mono-stdout(10121): DeveloperKey: WDHR8FC6P2JZ1Y61KLM5

I/mono-stdout(10121): Accept: application/json

I/mono-stdout(10121): Authorization: Bearer test

I/mono-stdout(10121): HostSite: US

I/mono-stdout(10121): }
I/mono-stdout(10121): Current State = 1,2,6,7
I/mono-stdout(10121): applied jobs = 6
I/mono-stdout(10121): expired jobs = 7
I/mono-stdout(10121): saved jobs = Saved,Saved,Applied,Saved
D/Mono    (10121): DllImport searching in: '__Internal' ('(null)').
D/Mono    (10121): Searching for 'java_interop_jnienv_new_byte_array'.
D/Mono    (10121): Probing 'java_interop_jnienv_new_byte_array'.
D/Mono    (10121): Found as 'java_interop_jnienv_new_byte_array'.
D/Mono    (10121): [0xda5ff930] hill climbing, change max number of threads 9
I/System.out(10121): URI: /map
I/System.out(10121): params: {json={"query":"* marked:'done'","operation":{"method_name":"query","arguments":[]}}
I/System.out(10121): }
W/ResourceType(10121): No known package when getting name for resource number 0xffffffff
W/ResourceType(10121): No known package when getting name for resource number 0xffffffff
W/ResourceType(10121): No known package when getting name for resource number 0xffffffff
W/ResourceType(10121): No known package when getting name for resource number 0xffffffff
W/ResourceType(10121): No known package when getting name for resource number 0xffffffff
W/ResourceType(10121): No known package when getting name for resource number 0xffffffff
W/ResourceType(10121): No known package when getting name for resource number 0xffffffff
W/ResourceType(10121): No known package when getting name for resource number 0xffffffff
W/ResourceType(10121): No known package when getting name for resource number 0xffffffff
W/ResourceType(10121): No known package when getting name for resource number 0xffffffff
W/ResourceType(10121): No known package when getting name for resource number 0xffffffff
W/ResourceType(10121): No known package when getting name for resource number 0xffffffff
W/ResourceType(10121): No known package when getting name for resource number 0xffffffff
W/ResourceType(10121): No known package when getting name for resource number 0xffffffff
W/ResourceType(10121): No known package when getting name for resource number 0xffffffff
W/ResourceType(10121): No known package when getting name for resource number 0xffffffff
W/ResourceType(10121): No known package when getting name for resource number 0xffffffff
W/ResourceType(10121): No known package when getting name for resource number 0xffffffff
W/ResourceType(10121): No known package when getting name for resource number 0xffffffff
W/ResourceType(10121): No known package when getting name for resource number 0xffffffff
W/ResourceType(10121): No known package when getting name for resource number 0xffffffff
W/ResourceType(10121): No known package when getting name for resource number 0xffffffff
W/ResourceType(10121): No known package when getting name for resource number 0xffffffff
W/ResourceType(10121): No known package when getting name for resource number 0xffffffff
W/ResourceType(10121): No known package when getting name for resource number 0xffffffff
W/ResourceType(10121): No known package when getting name for resource number 0xffffffff
W/ResourceType(10121): No known package when getting name for resource number 0xffffffff
W/ResourceType(10121): No known package when getting name for resource number 0xffffffff
I/mono-stdout(10121): done making call to: /consumer/saved-jobs/?DeveloperKey=WDHR8FC6P2JZ1Y61KLM5
W/art     (10121): JNI RegisterNativeMethods: attempt to register 0 native methods for md539c3d548fb000cea9f34163fa7e112ea.JobResultViewHolder
W/art     (10121): JNI RegisterNativeMethods: attempt to register 0 native methods for md543b91ad655f5c020e54c78f692da973f.SnapshotView
I/art     (10121): Starting a blocking GC Explicit
I/System.out(10121): URI: /map
I/System.out(10121): params: {json={"query":"* marked:'Navigate up'","operation":{"method_name":"query","arguments":[]}}
I/System.out(10121): }
I/art     (10121): Explicit concurrent mark sweep GC freed 95418(4MB) AllocSpace objects, 6(120KB) LOS objects, 31% free, 35MB/51MB, paused 475us total 25.558ms
D/Mono    (10121): GC_TAR_BRIDGE bridges 207 objects 352 opaque 213 colors 207 colors-bridged 207 colors-visible 207 xref 32 cache-hit 0 cache-semihit 0 cache-miss 0 setup 0.04ms tarjan 0.32ms scc-setup 0.08ms gather-xref 0.01ms xref-setup 0.00ms cleanup 0.07ms
D/Mono    (10121): GC_BRIDGE: Complete, was running for 28.89ms
D/Mono    (10121): GC_MINOR: (Nursery full) time 13.96ms, stw 14.31ms promoted 879K major size: 1856K in use: 1159K los size: 1024K in use: 395K
W/ResourceType(10121): No known package when getting name for resource number 0xffffffff
W/ResourceType(10121): No known package when getting name for resource number 0xffffffff
W/ResourceType(10121): No known package when getting name for resource number 0xffffffff
W/ResourceType(10121): No known package when getting name for resource number 0xffffffff
W/ResourceType(10121): No known package when getting name for resource number 0xffffffff
W/ResourceType(10121): No known package when getting name for resource number 0xffffffff
W/ResourceType(10121): No known package when getting name for resource number 0xffffffff
W/ResourceType(10121): No known package when getting name for resource number 0xffffffff
W/ResourceType(10121): No known package when getting name for resource number 0xffffffff
W/ResourceType(10121): No known package when getting name for resource number 0xffffffff
W/ResourceType(10121): No known package when getting name for resource number 0xffffffff
W/ResourceType(10121): No known package when getting name for resource number 0xffffffff
W/ResourceType(10121): No known package when getting name for resource number 0xffffffff
W/ResourceType(10121): No known package when getting name for resource number 0xffffffff
W/ResourceType(10121): No known package when getting name for resource number 0xffffffff
W/ResourceType(10121): No known package when getting name for resource number 0xffffffff
W/ResourceType(10121): No known package when getting name for resource number 0xffffffff
W/ResourceType(10121): No known package when getting name for resource number 0xffffffff
W/ResourceType(10121): No known package when getting name for resource number 0xffffffff
W/ResourceType(10121): No known package when getting name for resource number 0xffffffff
W/ResourceType(10121): No known package when getting name for resource number 0xffffffff
W/ResourceType(10121): No known package when getting name for resource number 0xffffffff
W/ResourceType(10121): No known package when getting name for resource number 0xffffffff
W/ResourceType(10121): No known package when getting name for resource number 0xffffffff
W/ResourceType(10121): No known package when getting name for resource number 0xffffffff
W/ResourceType(10121): No known package when getting name for resource number 0xffffffff
W/ResourceType(10121): No known package when getting name for resource number 0xffffffff
W/ResourceType(10121): No known package when getting name for resource number 0xffffffff
W/ResourceType(10121): No known package when getting name for resource number 0xffffffff
W/ResourceType(10121): No known package when getting name for resource number 0xffffffff
W/ResourceType(10121): No known package when getting name for resource number 0xffffffff
W/ResourceType(10121): No known package when getting name for resource number 0xffffffff
W/ResourceType(10121): No known package when getting name for resource number 0xffffffff
W/ResourceType(10121): No known package when getting name for resource number 0xffffffff
W/ResourceType(10121): No known package when getting name for resource number 0xffffffff
W/ResourceType(10121): No known package when getting name for resource number 0xffffffff
W/ResourceType(10121): No known package when getting name for resource number 0xffffffff
W/ResourceType(10121): No known package when getting name for resource number 0xffffffff
W/ResourceType(10121): No known package when getting name for resource number 0xffffffff
W/ResourceType(10121): No known package when getting name for resource number 0xffffffff
W/ResourceType(10121): No known package when getting name for resource number 0xffffffff
W/ResourceType(10121): No known package when getting name for resource number 0xffffffff
W/ResourceType(10121): No known package when getting name for resource number 0xffffffff
W/ResourceType(10121): No known package when getting name for resource number 0xffffffff
W/ResourceType(10121): No known package when getting name for resource number 0xffffffff
W/ResourceType(10121): No known package when getting name for resource number 0xffffffff
W/ResourceType(10121): No known package when getting name for resource number 0xffffffff
W/ResourceType(10121): No known package when getting name for resource number 0xffffffff
W/ResourceType(10121): No known package when getting name for resource number 0xffffffff
W/ResourceType(10121): No known package when getting name for resource number 0xffffffff
W/ResourceType(10121): No known package when getting name for resource number 0xffffffff
W/ResourceType(10121): No known package when getting name for resource number 0xffffffff
W/ResourceType(10121): No known package when getting name for resource number 0xffffffff
W/ResourceType(10121): No known package when getting name for resource number 0xffffffff
W/ResourceType(10121): No known package when getting name for resource number 0xffffffff
W/ResourceType(10121): No known package when getting name for resource number 0xffffffff
I/System.out(10121): URI: /map
I/System.out(10121): params: {json={"query":"* marked:'Navigate up'","operation":{"method_name":"query","arguments":[]}}
I/System.out(10121): }
W/ResourceType(10121): No known package when getting name for resource number 0xffffffff
W/ResourceType(10121): No known package when getting name for resource number 0xffffffff
W/ResourceType(10121): No known package when getting name for resource number 0xffffffff
W/ResourceType(10121): No known package when getting name for resource number 0xffffffff
W/ResourceType(10121): No known package when getting name for resource number 0xffffffff
W/ResourceType(10121): No known package when getting name for resource number 0xffffffff
W/ResourceType(10121): No known package when getting name for resource number 0xffffffff
W/ResourceType(10121): No known package when getting name for resource number 0xffffffff
W/ResourceType(10121): No known package when getting name for resource number 0xffffffff
W/ResourceType(10121): No known package when getting name for resource number 0xffffffff
W/ResourceType(10121): No known package when getting name for resource number 0xffffffff
W/ResourceType(10121): No known package when getting name for resource number 0xffffffff
W/ResourceType(10121): No known package when getting name for resource number 0xffffffff
W/ResourceType(10121): No known package when getting name for resource number 0xffffffff
W/ResourceType(10121): No known package when getting name for resource number 0xffffffff
W/ResourceType(10121): No known package when getting name for resource number 0xffffffff
W/ResourceType(10121): No known package when getting name for resource number 0xffffffff
W/ResourceType(10121): No known package when getting name for resource number 0xffffffff
W/ResourceType(10121): No known package when getting name for resource number 0xffffffff
W/ResourceType(10121): No known package when getting name for resource number 0xffffffff
W/ResourceType(10121): No known package when getting name for resource number 0xffffffff
W/ResourceType(10121): No known package when getting name for resource number 0xffffffff
W/ResourceType(10121): No known package when getting name for resource number 0xffffffff
W/ResourceType(10121): No known package when getting name for resource number 0xffffffff
W/ResourceType(10121): No known package when getting name for resource number 0xffffffff
W/ResourceType(10121): No known package when getting name for resource number 0xffffffff
W/ResourceType(10121): No known package when getting name for resource number 0xffffffff
W/ResourceType(10121): No known package when getting name for resource number 0xffffffff
W/ResourceType(10121): No known package when getting name for resource number 0xffffffff
W/ResourceType(10121): No known package when getting name for resource number 0xffffffff
W/ResourceType(10121): No known package when getting name for resource number 0xffffffff
W/ResourceType(10121): No known package when getting name for resource number 0xffffffff
W/ResourceType(10121): No known package when getting name for resource number 0xffffffff
W/ResourceType(10121): No known package when getting name for resource number 0xffffffff
W/ResourceType(10121): No known package when getting name for resource number 0xffffffff
W/ResourceType(10121): No known package when getting name for resource number 0xffffffff
W/ResourceType(10121): No known package when getting name for resource number 0xffffffff
W/ResourceType(10121): No known package when getting name for resource number 0xffffffff
W/ResourceType(10121): No known package when getting name for resource number 0xffffffff
W/ResourceType(10121): No known package when getting name for resource number 0xffffffff
W/ResourceType(10121): No known package when getting name for resource number 0xffffffff
W/ResourceType(10121): No known package when getting name for resource number 0xffffffff
W/ResourceType(10121): No known package when getting name for resource number 0xffffffff
W/ResourceType(10121): No known package when getting name for resource number 0xffffffff
W/ResourceType(10121): No known package when getting name for resource number 0xffffffff
W/ResourceType(10121): No known package when getting name for resource number 0xffffffff
W/ResourceType(10121): No known package when getting name for resource number 0xffffffff
W/ResourceType(10121): No known package when getting name for resource number 0xffffffff
W/ResourceType(10121): No known package when getting name for resource number 0xffffffff
W/ResourceType(10121): No known package when getting name for resource number 0xffffffff
W/ResourceType(10121): No known package when getting name for resource number 0xffffffff
W/ResourceType(10121): No known package when getting name for resource number 0xffffffff
W/ResourceType(10121): No known package when getting name for resource number 0xffffffff
W/ResourceType(10121): No known package when getting name for resource number 0xffffffff
W/ResourceType(10121): No known package when getting name for resource number 0xffffffff
W/ResourceType(10121): No known package when getting name for resource number 0xffffffff
I/System.out(10121): URI: /
I/System.out(10121): params: {json={"command":"touch_coordinate","arguments":[98.0,182.0]}
I/System.out(10121): }
I/System.out(10121): header: {content-length=55, host=devicehost61.prod, x-session-token=token-token-5db4ddaa-9256-46b3-9a0e-6840bd2daa6f, x-forwarded-for=10.222.150.14, content-type=application/json; charset=utf-8, connection=close}
I/System.out(10121): params: {json={"command":"touch_coordinate","arguments":[98.0,182.0]}
I/System.out(10121): }
I/System.out(10121): ProP json = {"command":"touch_coordinate","arguments":[98.0,182.0]}
I/System.out(10121): files: {}
I/System.out(10121): command: {"command":"touch_coordinate","arguments":[98.0,182.0]}
I/InstrumentationBackend(10121): Got command:'Command:'Line:null,touch_coordinate', arguments:'[98.0, 182.0]'
D/audio_hw_primary(  512): out_set_parameters: enter: usecase(1: low-latency-playback) kvpairs: routing=2
D/audio_hw_primary(  512): select_devices: out_snd_device(2: speaker) in_snd_device(0: none)
D/msm8974_platform(  512): platform_send_audio_calibration: sending audio calibration for snd_device(2) acdb_id(15)
I/soundtrigger(  512): audio_extn_sound_trigger_update_device_status: device 0x2 of type 0 for Event 1
D/audio_hw_primary(  512): enable_snd_device: snd_device(2: speaker)
D/audio_hw_primary(  512): enable_audio_route: apply and update mixer path: low-latency-playback speaker
D/WifiStateMachine(  925): starting scan for "xtc-ag"WPA_PSK with 5240,5180,5220,5200
I/System.out(10121): result:{"bonusInformation":[],"message":"","success":true}
I/System.out(10121): URI: /map
I/System.out(10121): params: {json={"query":"* marked:'design_menu_item_text'","operation":{"method_name":"query","arguments":[]}}
I/System.out(10121): }
W/ResourceType(10121): No known package when getting name for resource number 0xffffffff
W/ResourceType(10121): No known package when getting name for resource number 0xffffffff
W/ResourceType(10121): No known package when getting name for resource number 0xffffffff
W/ResourceType(10121): No known package when getting name for resource number 0xffffffff
W/ResourceType(10121): No known package when getting name for resource number 0xffffffff
W/ResourceType(10121): No known package when getting name for resource number 0xffffffff
W/ResourceType(10121): No known package when getting name for resource number 0xffffffff
W/ResourceType(10121): No known package when getting name for resource number 0xffffffff
W/ResourceType(10121): No known package when getting name for resource number 0xffffffff
W/ResourceType(10121): No known package when getting name for resource number 0xffffffff
W/ResourceType(10121): No known package when getting name for resource number 0xffffffff
W/ResourceType(10121): No known package when getting name for resource number 0xffffffff
W/ResourceType(10121): No known package when getting name for resource number 0xffffffff
W/ResourceType(10121): No known package when getting name for resource number 0xffffffff
W/ResourceType(10121): No known package when getting name for resource number 0xffffffff
W/ResourceType(10121): No known package when getting name for resource number 0xffffffff
W/ResourceType(10121): No known package when getting name for resource number 0xffffffff
W/ResourceType(10121): No known package when getting name for resource number 0xffffffff
W/ResourceType(10121): No known package when getting name for resource number 0xffffffff
W/ResourceType(10121): No known package when getting name for resource number 0xffffffff
W/ResourceType(10121): No known package when getting name for resource number 0xffffffff
W/ResourceType(10121): No known package when getting name for resource number 0xffffffff
W/ResourceType(10121): No known package when getting name for resource number 0xffffffff
W/ResourceType(10121): No known package when getting name for resource number 0xffffffff
W/ResourceType(10121): No known package when getting name for resource number 0xffffffff
W/ResourceType(10121): No known package when getting name for resource number 0xffffffff
W/ResourceType(10121): No known package when getting name for resource number 0xffffffff
W/ResourceType(10121): No known package when getting name for resource number 0xffffffff
W/ResourceType(10121): No known package when getting name for resource number 0xffffffff
W/ResourceType(10121): No known package when getting name for resource number 0xffffffff
W/ResourceType(10121): No known package when getting name for resource number 0xffffffff
W/ResourceType(10121): No known package when getting name for resource number 0xffffffff
W/ResourceType(10121): No known package when getting name for resource number 0xffffffff
W/ResourceType(10121): No known package when getting name for resource number 0xffffffff
W/ResourceType(10121): No known package when getting name for resource number 0xffffffff
W/ResourceType(10121): No known package when getting name for resource number 0xffffffff
W/ResourceType(10121): No known package when getting name for resource number 0xffffffff
W/ResourceType(10121): No known package when getting name for resource number 0xffffffff
W/ResourceType(10121): No known package when getting name for resource number 0xffffffff
W/ResourceType(10121): No known package when getting name for resource number 0xffffffff
W/ResourceType(10121): No known package when getting name for resource number 0xffffffff
W/ResourceType(10121): No known package when getting name for resource number 0xffffffff
W/ResourceType(10121): No known package when getting name for resource number 0xffffffff
W/ResourceType(10121): No known package when getting name for resource number 0xffffffff
W/ResourceType(10121): No known package when getting name for resource number 0xffffffff
W/ResourceType(10121): No known package when getting name for resource number 0xffffffff
W/ResourceType(10121): No known package when getting name for resource number 0xffffffff
W/ResourceType(10121): No known package when getting name for resource number 0xffffffff
W/ResourceType(10121): No known package when getting name for resource number 0xffffffff
W/ResourceType(10121): No known package when getting name for resource number 0xffffffff
W/ResourceType(10121): No known package when getting name for resource number 0xffffffff
W/ResourceType(10121): No known package when getting name for resource number 0xffffffff
W/ResourceType(10121): No known package when getting name for resource number 0xffffffff
W/ResourceType(10121): No known package when getting name for resource number 0xffffffff
W/ResourceType(10121): No known package when getting name for resource number 0xffffffff
I/Keyboard.Facilitator( 3464): onFinishInput()
D/audio_hw_primary(  512): disable_audio_route: reset and update mixer path: low-latency-playback speaker
D/audio_hw_primary(  512): disable_snd_device: snd_device(2: speaker)
I/soundtrigger(  512): audio_extn_sound_trigger_update_device_status: device 0x2 of type 0 for Event 0
I/System.out(10121): URI: /map
I/System.out(10121): params: {json={"query":"* marked:'design_menu_item_text'","operation":{"method_name":"query","arguments":[]}}
I/System.out(10121): }
W/ResourceType(10121): No known package when getting name for resource number 0xffffffff
W/ResourceType(10121): No known package when getting name for resource number 0xffffffff
W/ResourceType(10121): No known package when getting name for resource number 0xffffffff
W/ResourceType(10121): No known package when getting name for resource number 0xffffffff
W/ResourceType(10121): No known package when getting name for resource number 0xffffffff
W/ResourceType(10121): No known package when getting name for resource number 0xffffffff
W/ResourceType(10121): No known package when getting name for resource number 0xffffffff
W/ResourceType(10121): No known package when getting name for resource number 0xffffffff
W/ResourceType(10121): No known package when getting name for resource number 0xffffffff
W/ResourceType(10121): No known package when getting name for resource number 0xffffffff
W/ResourceType(10121): No known package when getting name for resource number 0xffffffff
W/ResourceType(10121): No known package when getting name for resource number 0xffffffff
W/ResourceType(10121): No known package when getting name for resource number 0xffffffff
W/ResourceType(10121): No known package when getting name for resource number 0xffffffff
W/ResourceType(10121): No known package when getting name for resource number 0xffffffff
W/ResourceType(10121): No known package when getting name for resource number 0xffffffff
W/ResourceType(10121): No known package when getting name for resource number 0xffffffff
W/ResourceType(10121): No known package when getting name for resource number 0xffffffff
W/ResourceType(10121): No known package when getting name for resource number 0xffffffff
W/ResourceType(10121): No known package when getting name for resource number 0xffffffff
W/ResourceType(10121): No known package when getting name for resource number 0xffffffff
W/ResourceType(10121): No known package when getting name for resource number 0xffffffff
W/ResourceType(10121): No known package when getting name for resource number 0xffffffff
W/ResourceType(10121): No known package when getting name for resource number 0xffffffff
W/ResourceType(10121): No known package when getting name for resource number 0xffffffff
W/ResourceType(10121): No known package when getting name for resource number 0xffffffff
W/ResourceType(10121): No known package when getting name for resource number 0xffffffff
W/ResourceType(10121): No known package when getting name for resource number 0xffffffff
W/ResourceType(10121): No known package when getting name for resource number 0xffffffff
W/ResourceType(10121): No known package when getting name for resource number 0xffffffff
W/ResourceType(10121): No known package when getting name for resource number 0xffffffff
W/ResourceType(10121): No known package when getting name for resource number 0xffffffff
W/ResourceType(10121): No known package when getting name for resource number 0xffffffff
W/ResourceType(10121): No known package when getting name for resource number 0xffffffff
W/ResourceType(10121): No known package when getting name for resource number 0xffffffff
W/ResourceType(10121): No known package when getting name for resource number 0xffffffff
W/ResourceType(10121): No known package when getting name for resource number 0xffffffff
W/ResourceType(10121): No known package when getting name for resource number 0xffffffff
W/ResourceType(10121): No known package when getting name for resource number 0xffffffff
W/ResourceType(10121): No known package when getting name for resource number 0xffffffff
W/ResourceType(10121): No known package when getting name for resource number 0xffffffff
W/ResourceType(10121): No known package when getting name for resource number 0xffffffff
W/ResourceType(10121): No known package when getting name for resource number 0xffffffff
W/ResourceType(10121): No known package when getting name for resource number 0xffffffff
W/ResourceType(10121): No known package when getting name for resource number 0xffffffff
W/ResourceType(10121): No known package when getting name for resource number 0xffffffff
W/ResourceType(10121): No known package when getting name for resource number 0xffffffff
W/ResourceType(10121): No known package when getting name for resource number 0xffffffff
W/ResourceType(10121): No known package when getting name for resource number 0xffffffff
W/ResourceType(10121): No known package when getting name for resource number 0xffffffff
W/ResourceType(10121): No known package when getting name for resource number 0xffffffff
W/ResourceType(10121): No known package when getting name for resource number 0xffffffff
W/ResourceType(10121): No known package when getting name for resource number 0xffffffff
W/ResourceType(10121): No known package when getting name for resource number 0xffffffff
W/ResourceType(10121): No known package when getting name for resource number 0xffffffff
I/art     (10121): Starting a blocking GC Explicit
I/art     (10121): Explicit concurrent mark sweep GC freed 246129(10MB) AllocSpace objects, 12(240KB) LOS objects, 31% free, 35MB/51MB, paused 453us total 42.442ms
I/art     (10121): Starting a blocking GC Explicit
I/art     (10121): Explicit concurrent mark sweep GC freed 13466(632KB) AllocSpace objects, 2(40KB) LOS objects, 31% free, 35MB/51MB, paused 319us total 16.349ms
I/art     (10121): Starting a blocking GC Explicit
I/art     (10121): Explicit concurrent mark sweep GC freed 29(1912B) AllocSpace objects, 0(0B) LOS objects, 31% free, 35MB/51MB, paused 332us total 15.130ms
I/art     (10121): Starting a blocking GC Explicit
I/art     (10121): Explicit concurrent mark sweep GC freed 3(96B) AllocSpace objects, 0(0B) LOS objects, 31% free, 35MB/51MB, paused 325us total 15.070ms
I/art     (10121): Starting a blocking GC Explicit
I/art     (10121): Explicit concurrent mark sweep GC freed 17(1408B) AllocSpace objects, 0(0B) LOS objects, 31% free, 35MB/51MB, paused 326us total 15.832ms
I/ServiceManager(10032): Waiting for service AtCmdFwd...
I/System.out(10121): URI: /map
I/System.out(10121): params: {json={"query":"* marked:'My Careerbuilder'","operation":{"method_name":"query","arguments":[]}}
I/System.out(10121): }
W/ResourceType(10121): No known package when getting name for resource number 0xffffffff
W/ResourceType(10121): No known package when getting name for resource number 0xffffffff
W/ResourceType(10121): No known package when getting name for resource number 0xffffffff
W/ResourceType(10121): No known package when getting name for resource number 0xffffffff
W/ResourceType(10121): No known package when getting name for resource number 0xffffffff
W/ResourceType(10121): No known package when getting name for resource number 0xffffffff
W/ResourceType(10121): No known package when getting name for resource number 0xffffffff
W/ResourceType(10121): No known package when getting name for resource number 0xffffffff
W/ResourceType(10121): No known package when getting name for resource number 0xffffffff
