D/Mono    (10121): Config attempting to parse: '/Users/builder/data/lanes/4009/f3074d2c/source/monodroid/builds/install/mono-armv6/etc/mono/assemblies/System.Core/System.Core.config'.
D/Mono    (10121): Assembly Ref addref System.Linq[0xef96a580] -> System.Core[0xef96a700]: 2
D/Mono    (10121): Assembly Ref addref System.Core[0xef96a700] -> mscorlib[0xef969020]: 10
D/Mono    (10121): Image addref System.Reflection.Extensions[0xef96a820] -> System.Reflection.Extensions.dll[0xdc6a0900]: 2
D/Mono    (10121): Prepared to set up assembly 'System.Reflection.Extensions' (System.Reflection.Extensions.dll)
D/Mono    (10121): Assembly System.Reflection.Extensions[0xef96a820] added to domain RootDomain, ref_count=1
D/Mono    (10121): AOT module 'System.Reflection.Extensions.dll.so' not found: dlopen failed: library "/data/app/com.careerbuilder.SugarDrone-1/lib/arm/libaot-System.Reflection.Extensions.dll.so" not found
D/Mono    (10121): AOT module '/Users/builder/data/lanes/4009/f3074d2c/source/monodroid/builds/install/mono-armv6/lib/mono/aot-cache/arm/System.Reflection.Extensions.dll.so' not found: dlopen failed: library "/data/app/com.careerbuilder.SugarDrone-1/lib/arm/libaot-System.Reflection.Extensions.dll.so" not found
D/Mono    (10121): Config attempting to parse: 'System.Reflection.Extensions.dll.config'.
D/Mono    (10121): Config attempting to parse: '/Users/builder/data/lanes/4009/f3074d2c/source/monodroid/builds/install/mono-armv6/etc/mono/assemblies/System.Reflection.Extensions/System.Reflection.Extensions.config'.
D/Mono    (10121): Assembly Ref addref Java.Interop[0xef96a160] -> System.Reflection.Extensions[0xef96a820]: 2
D/Mono    (10121): Assembly Ref addref System.Reflection.Extensions[0xef96a820] -> mscorlib[0xef969020]: 11
D/Mono    (10121): Assembly Ref addref Mono.Android[0xef96a100] -> System.Core[0xef96a700]: 3
D/Mono    (10121): DllImport searching in: '__Internal' ('(null)').
D/Mono    (10121): Searching for 'monodroid_typemap_managed_to_java'.
D/Mono    (10121): Probing 'monodroid_typemap_managed_to_java'.
D/Mono    (10121): Found as 'monodroid_typemap_managed_to_java'.
D/Mono    (10121): DllImport searching in: '__Internal' ('(null)').
D/Mono    (10121): Searching for 'java_interop_jnienv_alloc_object'.
D/Mono    (10121): Probing 'java_interop_jnienv_alloc_object'.
D/Mono    (10121): Found as 'java_interop_jnienv_alloc_object'.
D/Mono    (10121): DllImport searching in: '__Internal' ('(null)').
D/Mono    (10121): Searching for '_monodroid_gc_wait_for_bridge_processing'.
D/Mono    (10121): Probing '_monodroid_gc_wait_for_bridge_processing'.
D/Mono    (10121): Found as '_monodroid_gc_wait_for_bridge_processing'.
D/Mono    (10121): DllImport searching in: '__Internal' ('(null)').
D/Mono    (10121): Searching for 'java_interop_jnienv_register_natives'.
D/Mono    (10121): Probing 'java_interop_jnienv_register_natives'.
D/Mono    (10121): Found as 'java_interop_jnienv_register_natives'.
D/Mono    (10121): DllImport searching in: '__Internal' ('(null)').
D/Mono    (10121): Searching for 'java_interop_jnienv_call_nonvirtual_void_method_a'.
D/Mono    (10121): Probing 'java_interop_jnienv_call_nonvirtual_void_method_a'.
D/Mono    (10121): Found as 'java_interop_jnienv_call_nonvirtual_void_method_a'.
D/Mono    (10121): DllImport searching in: '__Internal' ('(null)').
D/Mono    (10121): Searching for 'java_interop_jnienv_is_same_object'.
D/Mono    (10121): Probing 'java_interop_jnienv_is_same_object'.
D/Mono    (10121): Found as 'java_interop_jnienv_is_same_object'.
D/Mono    (10121): DllImport searching in: '__Internal' ('(null)').
D/Mono    (10121): Searching for 'java_interop_jnienv_call_static_void_method_a'.
D/Mono    (10121): Probing 'java_interop_jnienv_call_static_void_method_a'.
D/Mono    (10121): Found as 'java_interop_jnienv_call_static_void_method_a'.
D/Mono    (10121): Assembly Ref addref AppsFlyerXamarinBindingAndroid[0xef9690e0] -> mscorlib[0xef969020]: 12
D/Mono    (10121): Assembly Ref addref AppsFlyerXamarinBindingAndroid[0xef9690e0] -> Mono.Android[0xef96a100]: 2
D/Mono    (10121): Assembly Ref addref HockeySDK[0xef969140] -> mscorlib[0xef969020]: 13
D/Mono    (10121): Assembly Ref addref HockeySDK[0xef969140] -> Mono.Android[0xef96a100]: 3
D/Mono    (10121): Assembly Ref addref Xamarin.GooglePlayServices.Analytics[0xef9697a0] -> mscorlib[0xef969020]: 14
D/Mono    (10121): Assembly Ref addref Xamarin.GooglePlayServices.Analytics[0xef9697a0] -> Mono.Android[0xef96a100]: 4
D/Mono    (10121): Assembly Ref addref Xamarin.GooglePlayServices.Base[0xef969800] -> mscorlib[0xef969020]: 15
D/Mono    (10121): Assembly Ref addref Xamarin.GooglePlayServices.Base[0xef969800] -> Mono.Android[0xef96a100]: 5
D/Mono    (10121): Assembly Ref addref Xamarin.GooglePlayServices.Basement[0xef969860] -> mscorlib[0xef969020]: 16
D/Mono    (10121): Assembly Ref addref Xamarin.GooglePlayServices.Basement[0xef969860] -> Mono.Android[0xef96a100]: 6
D/Mono    (10121): Assembly Ref addref FloatingActionButton-Xamarin[0xef9699e0] -> mscorlib[0xef969020]: 17
D/Mono    (10121): Assembly Ref addref FloatingActionButton-Xamarin[0xef9699e0] -> Mono.Android[0xef96a100]: 7
D/Mono    (10121): Assembly Ref addref Xamarin.Android.Support.v4[0xef969a40] -> mscorlib[0xef969020]: 18
D/Mono    (10121): Assembly Ref addref Xamarin.Android.Support.v4[0xef969a40] -> Mono.Android[0xef96a100]: 8
D/Mono    (10121): Assembly Ref addref Xamarin.Android.Support.v7.RecyclerView[0xef969aa0] -> mscorlib[0xef969020]: 19
D/Mono    (10121): Assembly Ref addref Xamarin.Android.Support.v7.RecyclerView[0xef969aa0] -> Mono.Android[0xef96a100]: 9
D/Mono    (10121): Assembly Ref addref Xamarin.Android.Support.Vector.Drawable[0xef969b00] -> mscorlib[0xef969020]: 20
D/Mono    (10121): Assembly Ref addref Xamarin.Android.Support.Vector.Drawable[0xef969b00] -> Mono.Android[0xef96a100]: 10
D/Mono    (10121): Assembly Ref addref Xamarin.Android.Support.Animated.Vector.Drawable[0xef969b60] -> mscorlib[0xef969020]: 21
D/Mono    (10121): Assembly Ref addref Xamarin.Android.Support.Animated.Vector.Drawable[0xef969b60] -> Mono.Android[0xef96a100]: 11
D/Mono    (10121): Assembly Ref addref Xamarin.Android.Support.v7.AppCompat[0xef969bc0] -> mscorlib[0xef969020]: 22
D/Mono    (10121): Assembly Ref addref Xamarin.Android.Support.v7.AppCompat[0xef969bc0] -> Mono.Android[0xef96a100]: 12
D/Mono    (10121): Assembly Ref addref Xamarin.Android.Support.Design[0xef969c20] -> mscorlib[0xef969020]: 23
D/Mono    (10121): Assembly Ref addref Xamarin.Android.Support.Design[0xef969c20] -> Mono.Android[0xef96a100]: 13
D/Mono    (10121): Assembly Ref addref Xamarin.Android.Support.v7.CardView[0xef969c80] -> mscorlib[0xef969020]: 24
D/Mono    (10121): Assembly Ref addref Xamarin.Android.Support.v7.CardView[0xef969c80] -> Mono.Android[0xef96a100]: 14
D/Mono    (10121): Assembly Ref addref FlexboxLayoutXamarinBindingAndroid[0xef969fe0] -> mscorlib[0xef969020]: 25
D/Mono    (10121): Assembly Ref addref FlexboxLayoutXamarinBindingAndroid[0xef969fe0] -> Mono.Android[0xef96a100]: 15
D/Mono    (10121): Assembly Ref addref CareerBuilder_Search.Droid[0xef969080] -> Mono.Android[0xef96a100]: 16
D/Mono    (10121): Assembly Ref addref CareerBuilder_Search.Droid[0xef969080] -> mscorlib[0xef969020]: 26
D/Mono    (10121): Image addref Mono.Android.Export[0xef96ad60] -> Mono.Android.Export.dll[0xdc6a1d00]: 2
D/Mono    (10121): Prepared to set up assembly 'Mono.Android.Export' (Mono.Android.Export.dll)
D/Mono    (10121): Assembly Mono.Android.Export[0xef96ad60] added to domain RootDomain, ref_count=1
D/Mono    (10121): AOT module 'Mono.Android.Export.dll.so' not found: dlopen failed: library "/data/app/com.careerbuilder.SugarDrone-1/lib/arm/libaot-Mono.Android.Export.dll.so" not found
D/Mono    (10121): AOT module '/Users/builder/data/lanes/4009/f3074d2c/source/monodroid/builds/install/mono-armv6/lib/mono/aot-cache/arm/Mono.Android.Export.dll.so' not found: dlopen failed: library "/data/app/com.careerbuilder.SugarDrone-1/lib/arm/libaot-Mono.Android.Export.dll.so" not found
D/Mono    (10121): Config attempting to parse: 'Mono.Android.Export.dll.config'.
D/Mono    (10121): Config attempting to parse: '/Users/builder/data/lanes/4009/f3074d2c/source/monodroid/builds/install/mono-armv6/etc/mono/assemblies/Mono.Android.Export/Mono.Android.Export.config'.
D/Mono    (10121): Assembly Ref addref Mono.Android.Export[0xef96ad60] -> mscorlib[0xef969020]: 27
D/Mono    (10121): Assembly Ref addref Mono.Android.Export[0xef96ad60] -> Mono.Android[0xef96a100]: 17
D/Mono    (10121): Image addref System.Xml[0xef96aca0] -> System.Xml.dll[0xdc6a2c00]: 2
D/Mono    (10121): Prepared to set up assembly 'System.Xml' (System.Xml.dll)
D/Mono    (10121): Assembly System.Xml[0xef96aca0] added to domain RootDomain, ref_count=1
D/Mono    (10121): AOT module 'System.Xml.dll.so' not found: dlopen failed: library "/data/app/com.careerbuilder.SugarDrone-1/lib/arm/libaot-System.Xml.dll.so" not found
D/Mono    (10121): AOT module '/Users/builder/data/lanes/4009/f3074d2c/source/monodroid/builds/install/mono-armv6/lib/mono/aot-cache/arm/System.Xml.dll.so' not found: dlopen failed: library "/data/app/com.careerbuilder.SugarDrone-1/lib/arm/libaot-System.Xml.dll.so" not found
D/Mono    (10121): Config attempting to parse: 'System.Xml.dll.config'.
D/Mono    (10121): Config attempting to parse: '/Users/builder/data/lanes/4009/f3074d2c/source/monodroid/builds/install/mono-armv6/etc/mono/assemblies/System.Xml/System.Xml.config'.
D/Mono    (10121): Assembly Ref addref Mono.Android.Export[0xef96ad60] -> System.Xml[0xef96aca0]: 2
D/Mono    (10121): Assembly Ref addref System.Xml[0xef96aca0] -> mscorlib[0xef969020]: 28
D/Mono    (10121): Assembly Ref addref Mono.Android[0xef96a100] -> System.Xml[0xef96aca0]: 3
D/Mono    (10121): Assembly Ref addref Mono.Android.Export[0xef96ad60] -> System.Core[0xef96a700]: 4
D/Mono    (10121): Image addref System.Net.Http[0xef96af40] -> System.Net.Http.dll[0xdae87900]: 2
D/Mono    (10121): Prepared to set up assembly 'System.Net.Http' (System.Net.Http.dll)
D/Mono    (10121): Assembly System.Net.Http[0xef96af40] added to domain RootDomain, ref_count=1
D/Mono    (10121): AOT module 'System.Net.Http.dll.so' not found: dlopen failed: library "/data/app/com.careerbuilder.SugarDrone-1/lib/arm/libaot-System.Net.Http.dll.so" not found
D/Mono    (10121): AOT module '/Users/builder/data/lanes/4009/f3074d2c/source/monodroid/builds/install/mono-armv6/lib/mono/aot-cache/arm/System.Net.Http.dll.so' not found: dlopen failed: library "/data/app/com.careerbuilder.SugarDrone-1/lib/arm/libaot-System.Net.Http.dll.so" not found
D/Mono    (10121): Config attempting to parse: 'System.Net.Http.dll.config'.
D/Mono    (10121): Config attempting to parse: '/Users/builder/data/lanes/4009/f3074d2c/source/monodroid/builds/install/mono-armv6/etc/mono/assemblies/System.Net.Http/System.Net.Http.config'.
D/Mono    (10121): Assembly Ref addref CareerBuilder_Search.Droid[0xef969080] -> System.Net.Http[0xef96af40]: 2
D/Mono    (10121): Assembly Ref addref System.Net.Http[0xef96af40] -> mscorlib[0xef969020]: 29
I/System.out(10121): Calabash loaded Mono
I/calabash(10121): Test server port: 7102
I/InstrumentationBackend(10121): Added:'NullAction', with key:'nullAction'
I/InstrumentationBackend(10121): Added:'GetActivityOrientation', with key:'get_activity_orientation'
I/InstrumentationBackend(10121): Added:'SetActivityOrientation', with key:'set_activity_orientation'
I/InstrumentationBackend(10121): Added:'DpToDevicePixel', with key:'dp_to_device_pixel'
I/InstrumentationBackend(10121): Added:'ClickOnScreen', with key:'click_on_screen'
I/InstrumentationBackend(10121): Added:'DoubleTapCoordinate', with key:'double_tap_coordinate'
I/InstrumentationBackend(10121): Added:'Drag', with key:'drag'
I/InstrumentationBackend(10121): Added:'DragCoordinates', with key:'drag_coordinates'
I/InstrumentationBackend(10121): Added:'LongPressCoordinate', with key:'long_press_coordinate'
I/InstrumentationBackend(10121): Added:'ResumeApplication', with key:'resume_application'
I/InstrumentationBackend(10121): Added:'Swipe', with key:'swipe'
I/InstrumentationBackend(10121): Added:'TouchCoordinates', with key:'touch_coordinate'
I/InstrumentationBackend(10121): Added:'ListActions', with key:'list_actions'
I/InstrumentationBackend(10121): Added:'SendTcp', with key:'send_tcp'
I/InstrumentationBackend(10121): Added:'PressElement', with key:'press_l10n_element'
I/InstrumentationBackend(10121): Added:'WaitForElement', with key:'wait_for_l10n_element'
I/InstrumentationBackend(10121): Added:'FakeGPSLocation', with key:'set_gps_coordinates'
I/InstrumentationBackend(10121): Added:'GetMapBounds', with key:'get_map_bounds'
I/InstrumentationBackend(10121): Added:'GetMapCenter', with key:'get_map_center'
I/InstrumentationBackend(10121): Added:'GetMapMarker', with key:'get_map_marker'
I/InstrumentationBackend(10121): Added:'GetMapMarkers', with key:'get_map_markers'
I/InstrumentationBackend(10121): Added:'GetMapZoom', with key:'get_map_zoom'
I/InstrumentationBackend(10121): Added:'PanMapTo', with key:'pan_map_to'
I/InstrumentationBackend(10121): Added:'SetMapCenter', with key:'set_map_center'
I/InstrumentationBackend(10121): Added:'SetMapZoom', with key:'set_map_zoom'
I/InstrumentationBackend(10121): Added:'TapAwayFromMarkers', with key:'tap_map_away_from_markers'
I/InstrumentationBackend(10121): Added:'TapMapMarker', with key:'tap_map_marker_by_title'
I/InstrumentationBackend(10121): Added:'ClearPreferences', with key:'clear_preferences'
I/InstrumentationBackend(10121): Added:'GetPreferences', with key:'get_preferences'
I/ServiceManager(10032): Waiting for service AtCmdFwd...
I/InstrumentationBackend(10121): Added:'SetPreferences', with key:'set_preferences'
I/InstrumentationBackend(10121): Added:'PressKey', with key:'press_key'
I/InstrumentationBackend(10121): Added:'DeleteSurroundingText', with key:'delete_surrounding_text'
I/InstrumentationBackend(10121): Added:'HideSoftKeyboard', with key:'hide_soft_keyboard'
I/InstrumentationBackend(10121): Added:'KeyboardEnterText', with key:'keyboard_enter_text'
I/InstrumentationBackend(10121): Added:'KeyboardKeyEvent', with key:'keyboard_key_event'
I/InstrumentationBackend(10121): Added:'PressUserActionButton', with key:'press_user_action_button'
I/InstrumentationBackend(10121): Added:'SetComposingRegion', with key:'set_composing_region'
I/InstrumentationBackend(10121): Added:'SetSelection', with key:'set_selection'
I/InstrumentationBackend(10121): Added:'AndroidSDKVersion', with key:'android_sdk_version'
I/InstrumentationBackend(10121): Added:'Version', with key:'version'
I/InstrumentationBackend(10121): Added:'GetActivityName', with key:'get_activity_name'
I/InstrumentationBackend(10121): Added:'IsCurrentActivityFocused', with key:'is_current_activity_focused'
I/InstrumentationBackend(10121): Added:'ScrollToView', with key:'scroll_to_view'
I/InstrumentationBackend(10121): Added:'ViewConfiguration', with key:'view_configuration'
I/InstrumentationBackend(10121): Added:'DumpBodyHtml', with key:'dump_body_html'
I/InstrumentationBackend(10121): Added:'DumpHtml', with key:'dump_html'
I/InstrumentationBackend(10121): Added:'EnterTextByCssSelector', with key:'enter_text_by_selector'
I/InstrumentationBackend(10121): Added:'GetLoadProgress', with key:'get_load_progress'
I/InstrumentationBackend(10121): Added:'GetUrl', with key:'get_url'
I/InstrumentationBackend(10121): Added:'ScrollTo', with key:'scroll_to'
I/InstrumentationBackend(10121): Added:'SetPropertyByCssSelector', with key:'set_property_by_css_selector'
I/calabash(10121): Instantiating http server at 7102
I/System.out(10121): HTTP Daemon listening on: 7102
I/ServiceManager(10032): Waiting for service AtCmdFwd...
I/System.out(10121): URI: /ready
I/System.out(10121): params: {}
I/System.out(10121): URI: /ready
I/System.out(10121): params: {}
I/ServiceManager(10032): Waiting for service AtCmdFwd...
I/System.out(10121): URI: /ping
I/System.out(10121): params: {json={"intent":null }
I/System.out(10121): }
I/System.out(10121): URI: /ready
I/System.out(10121): params: {json={"intent":null }
I/System.out(10121): }
I/System.out(10121): URI: /start-application
I/System.out(10121): params: {json={"intent":null }
I/System.out(10121): }
I/calabash(10121): execStartActivity 4
I/ActivityManager(  925): START u0 {act=android.intent.action.MAIN cat=[android.intent.category.LAUNCHER] flg=0x10200000 cmp=com.careerbuilder.SugarDrone/md537fd6201b6818e2e180d2f7606e21a83.AppMainActivity (has extras)} from uid 19056 on display 0
I/calabash(10121): newActivity1
D/Mono    (10121): Assembly Ref addref CareerBuilder_Search.Droid[0xef969080] -> Xamarin.Android.Support.v7.AppCompat[0xef969bc0]: 2
D/Mono    (10121): Assembly Ref addref Xamarin.Android.Support.v7.AppCompat[0xef969bc0] -> Xamarin.Android.Support.v4[0xef969a40]: 2
I/art     (10121): Starting a blocking GC Explicit
D/Mono    (10121): DllImport searching in: '__Internal' ('(null)').
D/Mono    (10121): Searching for 'java_interop_jnienv_get_array_length'.
D/Mono    (10121): Probing 'java_interop_jnienv_get_array_length'.
D/Mono    (10121): Found as 'java_interop_jnienv_get_array_length'.
I/art     (10121): Explicit concurrent mark sweep GC freed 24171(1511KB) AllocSpace objects, 12(240KB) LOS objects, 40% free, 19MB/32MB, paused 319us total 32.753ms
D/Mono    (10121): Assembly Ref addref CareerBuilder_Search.Droid[0xef969080] -> CareerBuilder_Search[0xef96a0a0]: 2
I/art     (10121): Starting a blocking GC Explicit
I/ServiceManager(10032): Waiting for service AtCmdFwd...
D/Mono    (10121): Assembly Ref addref CareerBuilder_Search.Droid[0xef969080] -> Xamarin.Android.Support.v4[0xef969a40]: 3
I/art     (10121): Explicit concurrent mark sweep GC freed 107(5KB) AllocSpace objects, 0(0B) LOS objects, 40% free, 19MB/32MB, paused 218us total 9.531ms
D/Mono    (10121): DllImport searching in: '__Internal' ('(null)').
D/Mono    (10121): Searching for 'java_interop_jnienv_new_string'.
D/Mono    (10121): Probing 'java_interop_jnienv_new_string'.
D/Mono    (10121): Found as 'java_interop_jnienv_new_string'.
I/art     (10121): Starting a blocking GC Explicit
D/Mono    (10121): Assembly Ref addref CareerBuilder_Search.Droid[0xef969080] -> Plugin.CurrentActivity[0xef969500]: 2
D/Mono    (10121): Assembly Ref addref Plugin.CurrentActivity[0xef969500] -> mscorlib[0xef969020]: 30
D/Mono    (10121): Assembly Ref addref Plugin.CurrentActivity[0xef969500] -> Mono.Android[0xef96a100]: 18
I/art     (10121): Explicit concurrent mark sweep GC freed 81(10KB) AllocSpace objects, 0(0B) LOS objects, 40% free, 19MB/32MB, paused 209us total 9.346ms
I/art     (10121): Starting a blocking GC Explicit
I/art     (10121): Explicit concurrent mark sweep GC freed 26(2528B) AllocSpace objects, 0(0B) LOS objects, 40% free, 19MB/32MB, paused 183us total 8.940ms
D/Mono    (10121): [0xda77f930] worker starting
I/art     (10121): Starting a blocking GC Explicit
D/Mono    (10121): [0xda5ff930] worker starting
I/art     (10121): Explicit concurrent mark sweep GC freed 250(65KB) AllocSpace objects, 0(0B) LOS objects, 40% free, 19MB/33MB, paused 242us total 17.191ms
D/Mono    (10121): Unloading image System.Runtime.dll [0xda7a3f00].
D/Mono    (10121): Image addref System.Runtime[0xef6d8540] -> System.Runtime.dll[0xeab14e00]: 5
D/Mono    (10121): Config attempting to parse: 'System.Runtime.dll.config'.
D/Mono    (10121): Config attempting to parse: '/Users/builder/data/lanes/4009/f3074d2c/source/monodroid/builds/install/mono-armv6/etc/mono/assemblies/System.Runtime/System.Runtime.config'.
D/Mono    (10121): Assembly Ref addref CareerBuilder_Search[0xef96a0a0] -> System.Runtime[0xef96a1c0]: 3
D/Mono    (10121): Assembly Ref addref CareerBuilder_Search[0xef96a0a0] -> Plugin.DeviceInfo.Abstractions[0xef969740]: 2
D/Mono    (10121): Unloading image System.Runtime.dll [0xda7a4400].
D/Mono    (10121): Image addref System.Runtime[0xef6d8540] -> System.Runtime.dll[0xeab14e00]: 6
D/Mono    (10121): Config attempting to parse: 'System.Runtime.dll.config'.
D/Mono    (10121): Config attempting to parse: '/Users/builder/data/lanes/4009/f3074d2c/source/monodroid/builds/install/mono-armv6/etc/mono/assemblies/System.Runtime/System.Runtime.config'.
D/Mono    (10121): Assembly Ref addref Plugin.DeviceInfo.Abstractions[0xef969740] -> System.Runtime[0xef96a1c0]: 4
D/Mono    (10121): Assembly Ref addref CareerBuilder_Search.Droid[0xef969080] -> Akavache[0xef9691a0]: 2
D/Mono    (10121): Assembly Ref addref Akavache[0xef9691a0] -> mscorlib[0xef969020]: 31
D/Mono    (10121): Assembly Ref addref Akavache[0xef9691a0] -> System.Reactive.Interfaces[0xef969e00]: 2
D/Mono    (10121): Assembly Ref addref Akavache[0xef9691a0] -> System.Reactive.Core[0xef969da0]: 2
D/Mono    (10121): Unloading image System.Runtime.dll [0xda7a4400].
D/Mono    (10121): Image addref System.Runtime[0xef6d8540] -> System.Runtime.dll[0xeab14e00]: 7
D/Mono    (10121): Config attempting to parse: 'System.Runtime.dll.config'.
D/Mono    (10121): Config attempting to parse: '/Users/builder/data/lanes/4009/f3074d2c/source/monodroid/builds/install/mono-armv6/etc/mono/assemblies/System.Runtime/System.Runtime.config'.
D/Mono    (10121): Assembly Ref addref System.Reactive.Core[0xef969da0] -> System.Runtime[0xef96a1c0]: 5
D/Mono    (10121): DllImport searching in: '__Internal' ('(null)').
D/Mono    (10121): Searching for 'java_interop_jnienv_call_nonvirtual_object_method_a'.
D/Mono    (10121): Probing 'java_interop_jnienv_call_nonvirtual_object_method_a'.
D/Mono    (10121): Found as 'java_interop_jnienv_call_nonvirtual_object_method_a'.
D/Mono    (10121): Assembly Ref addref CareerBuilder_Search.Droid[0xef969080] -> Microsoft.Practices.Unity[0xef9694a0]: 2
D/Mono    (10121): Unloading image System.Runtime.dll [0xda7a4400].
D/Mono    (10121): Image addref System.Runtime[0xef6d8540] -> System.Runtime.dll[0xeab14e00]: 8
D/Mono    (10121): Config attempting to parse: 'System.Runtime.dll.config'.
D/Mono    (10121): Config attempting to parse: '/Users/builder/data/lanes/4009/f3074d2c/source/monodroid/builds/install/mono-armv6/etc/mono/assemblies/System.Runtime/System.Runtime.config'.
D/Mono    (10121): Assembly Ref addref Microsoft.Practices.Unity[0xef9694a0] -> System.Runtime[0xef96a1c0]: 6
D/Mono    (10121): Unloading image System.Collections.dll [0xda7a4900].
D/Mono    (10121): Image addref System.Collections[0xef6d8540] -> System.Collections.dll[0xeab17b00]: 5
D/Mono    (10121): Config attempting to parse: 'System.Collections.dll.config'.
D/Mono    (10121): Config attempting to parse: '/Users/builder/data/lanes/4009/f3074d2c/source/monodroid/builds/install/mono-armv6/etc/mono/assemblies/System.Collections/System.Collections.config'.
D/Mono    (10121): Assembly Ref addref Microsoft.Practices.Unity[0xef9694a0] -> System.Collections[0xef96a460]: 3
D/Mono    (10121): Assembly Ref addref CareerBuilder_Search[0xef96a0a0] -> Microsoft.Practices.Unity[0xef9694a0]: 3
D/Mono    (10121): Assembly Ref addref CareerBuilder_Search.Droid[0xef969080] -> Plugin.DeviceInfo.Abstractions[0xef969740]: 3
D/Mono    (10121): Unloading image System.Diagnostics.Debug.dll [0xda7a4900].
D/Mono    (10121): Image addref System.Diagnostics.Debug[0xef6d8540] -> System.Diagnostics.Debug.dll[0xeab16c00]: 5
D/Mono    (10121): Config attempting to parse: 'System.Diagnostics.Debug.dll.config'.
D/Mono    (10121): Config attempting to parse: '/Users/builder/data/lanes/4009/f3074d2c/source/monodroid/builds/install/mono-armv6/etc/mono/assemblies/System.Diagnostics.Debug/System.Diagnostics.Debug.config'.
D/Mono    (10121): Assembly Ref addref CareerBuilder_Search[0xef96a0a0] -> System.Diagnostics.Debug[0xef96a340]: 3
D/Mono    (10121): Assembly Ref addref System.Diagnostics.Debug[0xef96a340] -> mscorlib[0xef969020]: 32
D/Mono    (10121): Image addref System.Diagnostics.Tools[0xef6d8540] -> System.Diagnostics.Tools.dll[0xda7a4900]: 2
D/Mono    (10121): Prepared to set up assembly 'System.Diagnostics.Tools' (System.Diagnostics.Tools.dll)
D/Mono    (10121): Assembly System.Diagnostics.Tools[0xef6d8540] added to domain RootDomain, ref_count=1
D/Mono    (10121): AOT module 'System.Diagnostics.Tools.dll.so' not found: dlopen failed: library "/data/app/com.careerbuilder.SugarDrone-1/lib/arm/libaot-System.Diagnostics.Tools.dll.so" not found
D/Mono    (10121): AOT module '/Users/builder/data/lanes/4009/f3074d2c/source/monodroid/builds/install/mono-armv6/lib/mono/aot-cache/arm/System.Diagnostics.Tools.dll.so' not found: dlopen failed: library "/data/app/com.careerbuilder.SugarDrone-1/lib/arm/libaot-System.Diagnostics.Tools.dll.so" not found
D/Mono    (10121): Config attempting to parse: 'System.Diagnostics.Tools.dll.config'.
D/Mono    (10121): Config attempting to parse: '/Users/builder/data/lanes/4009/f3074d2c/source/monodroid/builds/install/mono-armv6/etc/mono/assemblies/System.Diagnostics.Tools/System.Diagnostics.Tools.config'.
D/Mono    (10121): Assembly Ref addref Microsoft.Practices.Unity[0xef9694a0] -> System.Diagnostics.Tools[0xef6d8540]: 2
D/Mono    (10121): Assembly Ref addref System.Diagnostics.Tools[0xef6d8540] -> mscorlib[0xef969020]: 33
D/Mono    (10121): Image addref System.Resources.ResourceManager[0xef6d8600] -> System.Resources.ResourceManager.dll[0xda7a4e00]: 2
D/Mono    (10121): Prepared to set up assembly 'System.Resources.ResourceManager' (System.Resources.ResourceManager.dll)
D/Mono    (10121): Assembly System.Resources.ResourceManager[0xef6d8600] added to domain RootDomain, ref_count=1
D/Mono    (10121): AOT module 'System.Resources.ResourceManager.dll.so' not found: dlopen failed: library "/data/app/com.careerbuilder.SugarDrone-1/lib/arm/libaot-System.Resources.ResourceManager.dll.so" not found
D/Mono    (10121): AOT module '/Users/builder/data/lanes/4009/f3074d2c/source/monodroid/builds/install/mono-armv6/lib/mono/aot-cache/arm/System.Resources.ResourceManager.dll.so' not found: dlopen failed: library "/data/app/com.careerbuilder.SugarDrone-1/lib/arm/libaot-System.Resources.ResourceManager.dll.so" not found
D/Mono    (10121): Config attempting to parse: 'System.Resources.ResourceManager.dll.config'.
D/Mono    (10121): Config attempting to parse: '/Users/builder/data/lanes/4009/f3074d2c/source/monodroid/builds/install/mono-armv6/etc/mono/assemblies/System.Resources.ResourceManager/System.Resources.ResourceManager.config'.
D/Mono    (10121): Assembly Ref addref Microsoft.Practices.Unity[0xef9694a0] -> System.Resources.ResourceManager[0xef6d8600]: 2
D/Mono    (10121): Assembly Ref addref System.Resources.ResourceManager[0xef6d8600] -> mscorlib[0xef969020]: 34
D/OpenGLRenderer(10121): Use EGL_SWAP_BEHAVIOR_PRESERVED: true
D/Mono    (10121): Unloading image System.Reflection.dll [0xda7a6700].
D/Mono    (10121): Image addref System.Reflection[0xef6d8660] -> System.Reflection.dll[0xeab16200]: 5
D/Mono    (10121): Config attempting to parse: 'System.Reflection.dll.config'.
D/Mono    (10121): Config attempting to parse: '/Users/builder/data/lanes/4009/f3074d2c/source/monodroid/builds/install/mono-armv6/etc/mono/assemblies/System.Reflection/System.Reflection.config'.
D/Mono    (10121): Assembly Ref addref Microsoft.Practices.Unity[0xef9694a0] -> System.Reflection[0xef96a280]: 3
D/Mono    (10121): Unloading image System.Linq.dll [0xda7a6700].
D/Mono    (10121): Image addref System.Linq[0xef6d89c0] -> System.Linq.dll[0xdc6a0e00]: 5
D/Mono    (10121): Config attempting to parse: 'System.Linq.dll.config'.
D/Mono    (10121): Config attempting to parse: '/Users/builder/data/lanes/4009/f3074d2c/source/monodroid/builds/install/mono-armv6/etc/mono/assemblies/System.Linq/System.Linq.config'.
D/Mono    (10121): Assembly Ref addref Microsoft.Practices.Unity[0xef9694a0] -> System.Linq[0xef96a580]: 3
D/Mono    (10121): Unloading image System.Threading.dll [0xda7a6700].
D/Mono    (10121): Image addref System.Threading[0xef6d89c0] -> System.Threading.dll[0xeab16700]: 5
D/Mono    (10121): Config attempting to parse: 'System.Threading.dll.config'.
D/Mono    (10121): Config attempting to parse: '/Users/builder/data/lanes/4009/f3074d2c/source/monodroid/builds/install/mono-armv6/etc/mono/assemblies/System.Threading/System.Threading.config'.
D/Mono    (10121): Assembly Ref addref Microsoft.Practices.Unity[0xef9694a0] -> System.Threading[0xef96a2e0]: 3
D/Mono    (10121): Image addref System.Globalization[0xef6d8780] -> System.Globalization.dll[0xda7a7600]: 2
D/Mono    (10121): Prepared to set up assembly 'System.Globalization' (System.Globalization.dll)
D/Mono    (10121): Assembly System.Globalization[0xef6d8780] added to domain RootDomain, ref_count=1
D/Mono    (10121): AOT module 'System.Globalization.dll.so' not found: dlopen failed: library "/data/app/com.careerbuilder.SugarDrone-1/lib/arm/libaot-System.Globalization.dll.so" not found
D/Mono    (10121): AOT module '/Users/builder/data/lanes/4009/f3074d2c/source/monodroid/builds/install/mono-armv6/lib/mono/aot-cache/arm/System.Globalization.dll.so' not found: dlopen failed: library "/data/app/com.careerbuilder.SugarDrone-1/lib/arm/libaot-System.Globalization.dll.so" not found
D/Mono    (10121): Config attempting to parse: 'System.Globalization.dll.config'.
D/Mono    (10121): Config attempting to parse: '/Users/builder/data/lanes/4009/f3074d2c/source/monodroid/builds/install/mono-armv6/etc/mono/assemblies/System.Globalization/System.Globalization.config'.
D/Mono    (10121): Assembly Ref addref Microsoft.Practices.Unity[0xef9694a0] -> System.Globalization[0xef6d8780]: 2
D/Mono    (10121): Assembly Ref addref System.Globalization[0xef6d8780] -> mscorlib[0xef969020]: 35
I/Adreno  (10121): QUALCOMM build                   : 63c06b2, I8366cd0437
I/Adreno  (10121): Build Date                       : 10/21/15
I/Adreno  (10121): OpenGL ES Shader Compiler Version: XE031.05.13.02
I/Adreno  (10121): Local Branch                     : 
I/Adreno  (10121): Remote Branch                    : quic/LA.BF64.1.2.9_v2
I/Adreno  (10121): Remote Branch                    : NONE
I/Adreno  (10121): Reconstruct Branch               : NOTHING
I/OpenGLRenderer(10121): Initialized EGL, version 1.4
D/Mono    (10121): Image addref System.Runtime.Extensions[0xef6d8a80] -> System.Runtime.Extensions.dll[0xda7a7b00]: 2
D/Mono    (10121): Prepared to set up assembly 'System.Runtime.Extensions' (System.Runtime.Extensions.dll)
D/Mono    (10121): Assembly System.Runtime.Extensions[0xef6d8a80] added to domain RootDomain, ref_count=1
D/Mono    (10121): AOT module 'System.Runtime.Extensions.dll.so' not found: dlopen failed: library "/data/app/com.careerbuilder.SugarDrone-1/lib/arm/libaot-System.Runtime.Extensions.dll.so" not found
D/Mono    (10121): AOT module '/Users/builder/data/lanes/4009/f3074d2c/source/monodroid/builds/install/mono-armv6/lib/mono/aot-cache/arm/System.Runtime.Extensions.dll.so' not found: dlopen failed: library "/data/app/com.careerbuilder.SugarDrone-1/lib/arm/libaot-System.Runtime.Extensions.dll.so" not found
D/Mono    (10121): Config attempting to parse: 'System.Runtime.Extensions.dll.config'.
D/Mono    (10121): Config attempting to parse: '/Users/builder/data/lanes/4009/f3074d2c/source/monodroid/builds/install/mono-armv6/etc/mono/assemblies/System.Runtime.Extensions/System.Runtime.Extensions.config'.
D/Mono    (10121): Assembly Ref addref Microsoft.Practices.Unity[0xef9694a0] -> System.Runtime.Extensions[0xef6d8a80]: 2
D/Mono    (10121): Assembly Ref addref System.Runtime.Extensions[0xef6d8a80] -> mscorlib[0xef969020]: 36
D/Mono    (10121): Image addref System.Linq.Expressions[0xef6d8c60] -> System.Linq.Expressions.dll[0xda7a6700]: 2
D/Mono    (10121): Prepared to set up assembly 'System.Linq.Expressions' (System.Linq.Expressions.dll)
D/Mono    (10121): Assembly System.Linq.Expressions[0xef6d8c60] added to domain RootDomain, ref_count=1
D/Mono    (10121): AOT module 'System.Linq.Expressions.dll.so' not found: dlopen failed: library "/data/app/com.careerbuilder.SugarDrone-1/lib/arm/libaot-System.Linq.Expressions.dll.so" not found
D/Mono    (10121): AOT module '/Users/builder/data/lanes/4009/f3074d2c/source/monodroid/builds/install/mono-armv6/lib/mono/aot-cache/arm/System.Linq.Expressions.dll.so' not found: dlopen failed: library "/data/app/com.careerbuilder.SugarDrone-1/lib/arm/libaot-System.Linq.Expressions.dll.so" not found
D/Mono    (10121): Config attempting to parse: 'System.Linq.Expressions.dll.config'.
D/Mono    (10121): Config attempting to parse: '/Users/builder/data/lanes/4009/f3074d2c/source/monodroid/builds/install/mono-armv6/etc/mono/assemblies/System.Linq.Expressions/System.Linq.Expressions.config'.
D/Mono    (10121): Assembly Ref addref Microsoft.Practices.Unity[0xef9694a0] -> System.Linq.Expressions[0xef6d8c60]: 2
D/Mono    (10121): Assembly Ref addref System.Linq.Expressions[0xef6d8c60] -> System.Core[0xef96a700]: 5
D/Mono    (10121): Assembly Ref addref System.Core[0xef96a700] -> System[0xef96a3a0]: 3
I/Keyboard.Facilitator( 3464): onFinishInput()
D/Mono    (10121): Assembly Ref addref CareerBuilder_Search.Droid[0xef969080] -> Xamarin.GooglePlayServices.Analytics[0xef9697a0]: 2
D/Mono    (10121): Assembly Ref addref CareerBuilder_Search.Droid[0xef969080] -> Plugin.Geolocator.Abstractions[0xef969680]: 2
D/Mono    (10121): Assembly Ref addref CareerBuilder_Search[0xef96a0a0] -> System.Net.Http[0xef96af40]: 3
D/Mono    (10121): Assembly Ref addref CareerBuilder_Search[0xef96a0a0] -> Plugin.DeviceInfo[0xef9696e0]: 2
D/Mono    (10121): Assembly Ref addref Plugin.DeviceInfo[0xef9696e0] -> mscorlib[0xef969020]: 37
D/Mono    (10121): Assembly Ref addref Plugin.DeviceInfo[0xef9696e0] -> Plugin.DeviceInfo.Abstractions[0xef969740]: 4
D/Mono    (10121): Image addref System.Threading.Tasks[0xef6d8e40] -> System.Threading.Tasks.dll[0xd9f42500]: 2
D/Mono    (10121): Prepared to set up assembly 'System.Threading.Tasks' (System.Threading.Tasks.dll)
D/Mono    (10121): Assembly System.Threading.Tasks[0xef6d8e40] added to domain RootDomain, ref_count=1
D/Mono    (10121): AOT module 'System.Threading.Tasks.dll.so' not found: dlopen failed: library "/data/app/com.careerbuilder.SugarDrone-1/lib/arm/libaot-System.Threading.Tasks.dll.so" not found
D/Mono    (10121): AOT module '/Users/builder/data/lanes/4009/f3074d2c/source/monodroid/builds/install/mono-armv6/lib/mono/aot-cache/arm/System.Threading.Tasks.dll.so' not found: dlopen failed: library "/data/app/com.careerbuilder.SugarDrone-1/lib/arm/libaot-System.Threading.Tasks.dll.so" not found
D/Mono    (10121): Config attempting to parse: 'System.Threading.Tasks.dll.config'.
D/Mono    (10121): Config attempting to parse: '/Users/builder/data/lanes/4009/f3074d2c/source/monodroid/builds/install/mono-armv6/etc/mono/assemblies/System.Threading.Tasks/System.Threading.Tasks.config'.
D/Mono    (10121): Assembly Ref addref CareerBuilder_Search[0xef96a0a0] -> System.Threading.Tasks[0xef6d8e40]: 2
D/Mono    (10121): Assembly Ref addref System.Threading.Tasks[0xef6d8e40] -> mscorlib[0xef969020]: 38
D/Mono    (10121): Unloading image System.Collections.dll [0xd9f43e00].
D/Mono    (10121): Image addref System.Collections[0xef6d8a20] -> System.Collections.dll[0xeab17b00]: 6
D/Mono    (10121): Config attempting to parse: 'System.Collections.dll.config'.
D/Mono    (10121): Config attempting to parse: '/Users/builder/data/lanes/4009/f3074d2c/source/monodroid/builds/install/mono-armv6/etc/mono/assemblies/System.Collections/System.Collections.config'.
D/Mono    (10121): Assembly Ref addref CareerBuilder_Search[0xef96a0a0] -> System.Collections[0xef96a460]: 4
D/Mono    (10121): Assembly Ref addref System.Collections[0xef96a460] -> System[0xef96a3a0]: 4
D/Mono    (10121): Assembly Ref addref System.Net.Http[0xef96af40] -> System[0xef96a3a0]: 5
I/ThermalEngine(  518): ACTION: GPU - Setting GPU[0] to 600000000
I/ActivityManager(  925): Displayed com.careerbuilder.SugarDrone/md537fd6201b6818e2e180d2f7606e21a83.AppMainActivity: +386ms
D/Mono    (10121): Assembly Ref addref Microsoft.Practices.Unity[0xef9694a0] -> System.Reflection.Extensions[0xef96a820]: 3
I/System.out(10121): URI: /map
I/System.out(10121): params: {json={"query":"*","operation":{"method_name":"query","arguments":[]}}
I/System.out(10121): }
D/Mono    (10121): Unloading image System.Threading.dll [0xd8f50800].
D/Mono    (10121): Image addref System.Threading[0xd8f5e320] -> System.Threading.dll[0xeab16700]: 6
D/Mono    (10121): Config attempting to parse: 'System.Threading.dll.config'.
D/Mono    (10121): Config attempting to parse: '/Users/builder/data/lanes/4009/f3074d2c/source/monodroid/builds/install/mono-armv6/etc/mono/assemblies/System.Threading/System.Threading.config'.
D/Mono    (10121): Assembly Ref addref CareerBuilder_Search[0xef96a0a0] -> System.Threading[0xef96a2e0]: 4
D/Mono    (10121): Assembly Ref addref System.Threading[0xef96a2e0] -> System.Core[0xef96a700]: 6
D/Mono    (10121): Assembly Ref addref System.Runtime[0xef96a1c0] -> System[0xef96a3a0]: 6
D/Mono    (10121): Assembly Ref addref CareerBuilder_Search[0xef96a0a0] -> Newtonsoft.Json[0xef969ce0]: 2
D/Mono    (10121): Unloading image System.Runtime.dll [0xd8f50d00].
D/Mono    (10121): Image addref System.Runtime[0xd8f5ee60] -> System.Runtime.dll[0xeab14e00]: 9
D/Mono    (10121): Config attempting to parse: 'System.Runtime.dll.config'.
D/Mono    (10121): Config attempting to parse: '/Users/builder/data/lanes/4009/f3074d2c/source/monodroid/builds/install/mono-armv6/etc/mono/assemblies/System.Runtime/System.Runtime.config'.
D/Mono    (10121): Assembly Ref addref Newtonsoft.Json[0xef969ce0] -> System.Runtime[0xef96a1c0]: 7
D/Mono    (10121): Image addref System.Dynamic.Runtime[0xd8f5ee60] -> System.Dynamic.Runtime.dll[0xd8f50d00]: 2
D/Mono    (10121): Prepared to set up assembly 'System.Dynamic.Runtime' (System.Dynamic.Runtime.dll)
D/Mono    (10121): Assembly System.Dynamic.Runtime[0xd8f5ee60] added to domain RootDomain, ref_count=1
D/Mono    (10121): AOT module 'System.Dynamic.Runtime.dll.so' not found: dlopen failed: library "/data/app/com.careerbuilder.SugarDrone-1/lib/arm/libaot-System.Dynamic.Runtime.dll.so" not found
D/Mono    (10121): AOT module '/Users/builder/data/lanes/4009/f3074d2c/source/monodroid/builds/install/mono-armv6/lib/mono/aot-cache/arm/System.Dynamic.Runtime.dll.so' not found: dlopen failed: library "/data/app/com.careerbuilder.SugarDrone-1/lib/arm/libaot-System.Dynamic.Runtime.dll.so" not found
D/Mono    (10121): Config attempting to parse: 'System.Dynamic.Runtime.dll.config'.
D/Mono    (10121): Config attempting to parse: '/Users/builder/data/lanes/4009/f3074d2c/source/monodroid/builds/install/mono-armv6/etc/mono/assemblies/System.Dynamic.Runtime/System.Dynamic.Runtime.config'.
D/Mono    (10121): Assembly Ref addref Newtonsoft.Json[0xef969ce0] -> System.Dynamic.Runtime[0xd8f5ee60]: 2
D/Mono    (10121): Assembly Ref addref System.Dynamic.Runtime[0xd8f5ee60] -> System.Core[0xef96a700]: 7
D/Mono    (10121): Image addref System.ObjectModel[0xd8f5eec0] -> System.ObjectModel.dll[0xd8f50300]: 2
D/Mono    (10121): Prepared to set up assembly 'System.ObjectModel' (System.ObjectModel.dll)
D/Mono    (10121): Assembly System.ObjectModel[0xd8f5eec0] added to domain RootDomain, ref_count=1
D/Mono    (10121): AOT module 'System.ObjectModel.dll.so' not found: dlopen failed: library "/data/app/com.careerbuilder.SugarDrone-1/lib/arm/libaot-System.ObjectModel.dll.so" not found
D/Mono    (10121): AOT module '/Users/builder/data/lanes/4009/f3074d2c/source/monodroid/builds/install/mono-armv6/lib/mono/aot-cache/arm/System.ObjectModel.dll.so' not found: dlopen failed: library "/data/app/com.careerbuilder.SugarDrone-1/lib/arm/libaot-System.ObjectModel.dll.so" not found
D/Mono    (10121): Config attempting to parse: 'System.ObjectModel.dll.config'.
D/Mono    (10121): Config attempting to parse: '/Users/builder/data/lanes/4009/f3074d2c/source/monodroid/builds/install/mono-armv6/etc/mono/assemblies/System.ObjectModel/System.ObjectModel.config'.
D/Mono    (10121): Assembly Ref addref Newtonsoft.Json[0xef969ce0] -> System.ObjectModel[0xd8f5eec0]: 2
D/Mono    (10121): Assembly Ref addref System.ObjectModel[0xd8f5eec0] -> System[0xef96a3a0]: 7
D/Mono    (10121): Assembly Ref addref CareerBuilder_Search[0xef96a0a0] -> System.Reactive.Core[0xef969da0]: 3
W/ResourceType(10121): No known package when getting name for resource number 0xffffffff
W/ResourceType(10121): No known package when getting name for resource number 0xffffffff
W/ResourceType(10121): No known package when getting name for resource number 0xffffffff
D/Mono    (10121): DllImport attempting to load: '__Internal'.
D/Mono    (10121): DllImport loaded library '(null)'.
D/Mono    (10121): DllImport searching in: '__Internal' ('(null)').
D/Mono    (10121): Searching for 'monodroid_get_system_property'.
D/Mono    (10121): Probing 'monodroid_get_system_property'.
D/Mono    (10121): Found as 'monodroid_get_system_property'.
D/Mono    (10121): DllImport searching in: '__Internal' ('(null)').
D/Mono    (10121): Searching for 'monodroid_free'.
D/Mono    (10121): Probing 'monodroid_free'.
D/Mono    (10121): Found as 'monodroid_free'.
D/Mono    (10121): Assembly Ref addref CareerBuilder_Search.Droid[0xef969080] -> Xamarin.Insights[0xef9698c0]: 2
D/Mono    (10121): Assembly Ref addref Xamarin.Insights[0xef9698c0] -> mscorlib[0xef969020]: 39
D/Mono    (10121): Assembly Ref addref Xamarin.Insights[0xef9698c0] -> Mono.Android[0xef96a100]: 19
D/Mono    (10121): Assembly Ref addref CareerBuilder_Search.Droid[0xef969080] -> HockeySDK[0xef969140]: 2
D/Mono    (10121): Assembly Ref addref CareerBuilder_Search.Droid[0xef969080] -> AppsFlyerXamarinBindingAndroid[0xef9690e0]: 2
D/Mono    (10121): DllImport searching in: '__Internal' ('(null)').
D/Mono    (10121): Searching for 'java_interop_jnienv_get_static_field_id'.
D/Mono    (10121): Probing 'java_interop_jnienv_get_static_field_id'.
D/Mono    (10121): Found as 'java_interop_jnienv_get_static_field_id'.
D/Mono    (10121): DllImport searching in: '__Internal' ('(null)').
D/Mono    (10121): Searching for 'java_interop_jnienv_get_static_int_field'.
D/Mono    (10121): Probing 'java_interop_jnienv_get_static_int_field'.
D/Mono    (10121): Found as 'java_interop_jnienv_get_static_int_field'.
D/Mono    (10121): DllImport searching in: '__Internal' ('(null)').
D/Mono    (10121): Searching for 'java_interop_jnienv_get_object_array_element'.
D/Mono    (10121): Probing 'java_interop_jnienv_get_object_array_element'.
D/Mono    (10121): Found as 'java_interop_jnienv_get_object_array_element'.
D/Mono    (10121): DllImport searching in: '__Internal' ('(null)').
D/Mono    (10121): Searching for 'java_interop_jnienv_call_boolean_method_a'.
D/Mono    (10121): Probing 'java_interop_jnienv_call_boolean_method_a'.
D/Mono    (10121): Found as 'java_interop_jnienv_call_boolean_method_a'.
D/Mono    (10121): Assembly Ref addref Xamarin.Insights[0xef9698c0] -> System.Core[0xef96a700]: 8
D/Mono    (10121): DllImport searching in: '__Internal' ('(null)').
D/Mono    (10121): Searching for 'java_interop_jnienv_call_static_long_method_a'.
D/Mono    (10121): Probing 'java_interop_jnienv_call_static_long_method_a'.
D/Mono    (10121): Found as 'java_interop_jnienv_call_static_long_method_a'.
D/Mono    (10121): DllImport searching in: '__Internal' ('(null)').
D/Mono    (10121): Searching for 'java_interop_jnienv_call_int_method_a'.
D/Mono    (10121): Probing 'java_interop_jnienv_call_int_method_a'.
D/Mono    (10121): Found as 'java_interop_jnienv_call_int_method_a'.
D/Mono    (10121): Assembly Ref addref Xamarin.Insights[0xef9698c0] -> System[0xef96a3a0]: 8
D/Mono    (10121): Assembly Ref addref Xamarin.Insights[0xef9698c0] -> System.Net.Http[0xef96af40]: 4
D/Mono    (10121): DllImport searching in: '__Internal' ('(null)').
D/Mono    (10121): Searching for 'java_interop_jnienv_get_field_id'.
D/Mono    (10121): Probing 'java_interop_jnienv_get_field_id'.
D/Mono    (10121): Found as 'java_interop_jnienv_get_field_id'.
D/Mono    (10121): DllImport searching in: '__Internal' ('(null)').
D/Mono    (10121): Searching for 'java_interop_jnienv_get_object_field'.
D/Mono    (10121): Probing 'java_interop_jnienv_get_object_field'.
D/Mono    (10121): Found as 'java_interop_jnienv_get_object_field'.
D/Mono    (10121): DllImport searching in: '__Internal' ('(null)').
D/Mono    (10121): Searching for 'java_interop_jnienv_call_static_int_method_a'.
D/Mono    (10121): Probing 'java_interop_jnienv_call_static_int_method_a'.
D/Mono    (10121): Found as 'java_interop_jnienv_call_static_int_method_a'.
W/Xamarin.Insights(10121): Warning: Insights data communication has been manually enabled
W/Atfwd_Sendcmd(10032): AtCmdFwd service not published, waiting... retryCnt : 2
D/Mono    (10121): DllImport searching in: '__Internal' ('(null)').
D/Mono    (10121): Searching for 'java_interop_jnienv_get_static_object_field'.
D/Mono    (10121): Probing 'java_interop_jnienv_get_static_object_field'.
D/Mono    (10121): Found as 'java_interop_jnienv_get_static_object_field'.
D/Mono    (10121): DllImport searching in: '__Internal' ('(null)').
D/Mono    (10121): Searching for 'java_interop_jnienv_call_static_void_method'.
D/Mono    (10121): Probing 'java_interop_jnienv_call_static_void_method'.
D/Mono    (10121): Found as 'java_interop_jnienv_call_static_void_method'.
I/AppsFlyer_3.01(10121): Start tracking package: com.careerbuilder.SugarDrone
I/AppsFlyer_3.01(10121): AsendTrackingWithEvent from activity: md537fd6201b6818e2e180d2f7606e21a83.MainApplication
I/AppsFlyer_3.01-618931171(10121): ******* sendTrackingWithEvent: Launch
I/GAv4    (10121): Google Analytics 8.4.87 is starting up. To enable debug logging on a device run:
I/GAv4    (10121):   adb shell setprop log.tag.GAv4 DEBUG
I/GAv4    (10121):   adb logcat -s GAv4
E/ActivityThread(10121): Failed to find provider info for com.facebook.katana.provider.AttributionIdProvider
I/AppsFlyer_3.01(10121): WARNING:READ_PHONE_STATE is missing
W/GAv4    (10121): AnalyticsReceiver is not registered or is disabled. Register the receiver for reliable dispatching on non-Google Play devices. See http://goo.gl/8Rd3yj for instructions.
W/GAv4    (10121): CampaignTrackingReceiver is not registered, not exported or is disabled. Installation campaign tracking is not possible. See http://goo.gl/8Rd3yj for instructions.
D/Mono    (10121): DllImport searching in: '__Internal' ('(null)').
D/Mono    (10121): Searching for 'java_interop_jnienv_call_void_method_a'.
D/Mono    (10121): Probing 'java_interop_jnienv_call_void_method_a'.
D/Mono    (10121): Found as 'java_interop_jnienv_call_void_method_a'.
I/GAv4    (10121): Logger is deprecated. To enable debug logging, please run:
I/GAv4    (10121): adb shell setprop log.tag.GAv4 DEBUG
D/Mono    (10121): DllImport searching in: '__Internal' ('(null)').
D/Mono    (10121): Searching for 'java_interop_jnienv_new_local_ref'.
D/Mono    (10121): Probing 'java_interop_jnienv_new_local_ref'.
D/Mono    (10121): Found as 'java_interop_jnienv_new_local_ref'.
D/Mono    (10121): Assembly Ref addref Plugin.DeviceInfo[0xef9696e0] -> Mono.Android[0xef96a100]: 20
W/GAv4    (10121): AnalyticsService not registered in the app manifest. Hits might not be delivered reliably. See http://goo.gl/8Rd3yj for instructions.
W/Xamarin.Insights(10121): Warning: Insights data communication has been manually enabled
I/AppsFlyer_3.01(10121): Start tracking package: com.careerbuilder.SugarDrone
D/AppsFlyer_3.01(10121): AppsFlyer: first launch detected
I/AppsFlyer_3.01(10121): AppsFlyer: first launch date: 2017-03-16_1202+0100
I/System.out(10121): AppsFlyerLib.sendTrackingWithEvent
D/Mono    (10121): DllImport searching in: '__Internal' ('(null)').
I/AppsFlyer_3.01(10121): AsendTrackingWithEvent from activity: md537fd6201b6818e2e180d2f7606e21a83.MainApplication
D/Mono    (10121): Searching for 'java_interop_jnienv_get_int_field'.
D/Mono    (10121): Probing 'java_interop_jnienv_get_int_field'.
D/Mono    (10121): Found as 'java_interop_jnienv_get_int_field'.
I/AppsFlyer_3.01-618931237(10121): ******* sendTrackingWithEvent: Launch
D/Mono    (10121): Unloading image Splat.dll [0xd8b9a800].
D/Mono    (10121): Image addref Splat[0xef6d9a40] -> Splat.dll[0xea9c2500]: 5
D/Mono    (10121): Config attempting to parse: 'Splat.dll.config'.
D/Mono    (10121): Config attempting to parse: '/Users/builder/data/lanes/4009/f3074d2c/source/monodroid/builds/install/mono-armv6/etc/mono/assemblies/Splat/Splat.config'.
D/Mono    (10121): Assembly Ref addref Akavache[0xef9691a0] -> Splat[0xef969260]: 2
D/Mono    (10121): Assembly Ref addref Splat[0xef969260] -> mscorlib[0xef969020]: 40
D/Mono    (10121): Assembly Ref addref System.Reactive.Core[0xef969da0] -> System.Reactive.Interfaces[0xef969e00]: 3
D/Mono    (10121): Image addref System.ComponentModel[0xef6d9a40] -> System.ComponentModel.dll[0xd8b9a800]: 2
D/Mono    (10121): Prepared to set up assembly 'System.ComponentModel' (System.ComponentModel.dll)
D/Mono    (10121): Assembly System.ComponentModel[0xef6d9a40] added to domain RootDomain, ref_count=1
E/ActivityThread(10121): Failed to find provider info for com.facebook.katana.provider.AttributionIdProvider
D/Mono    (10121): AOT module 'System.ComponentModel.dll.so' not found: dlopen failed: library "/data/app/com.careerbuilder.SugarDrone-1/lib/arm/libaot-System.ComponentModel.dll.so" not found
D/Mono    (10121): AOT module '/Users/builder/data/lanes/4009/f3074d2c/source/monodroid/builds/install/mono-armv6/lib/mono/aot-cache/arm/System.ComponentModel.dll.so' not found: dlopen failed: library "/data/app/com.careerbuilder.SugarDrone-1/lib/arm/libaot-System.ComponentModel.dll.so" not found
D/Mono    (10121): Config attempting to parse: 'System.ComponentModel.dll.config'.
D/Mono    (10121): Config attempting to parse: '/Users/builder/data/lanes/4009/f3074d2c/source/monodroid/builds/install/mono-armv6/etc/mono/assemblies/System.ComponentModel/System.ComponentModel.config'.
D/Mono    (10121): Assembly Ref addref System.Reactive.Core[0xef969da0] -> System.ComponentModel[0xef6d9a40]: 2
