D/audio_hw_primary(  513): enable_audio_route: apply and update mixer path: low-latency-playback speaker
D/Mono    ( 9835): Assembly Ref addref CareerBuilder_Search.Droid[0xeb9ed080] -> System.Core[0xeb9ee700]: 13
I/art     ( 9835): Explicit concurrent mark sweep GC freed 217319(9MB) AllocSpace objects, 17(340KB) LOS objects, 40% free, 22MB/38MB, paused 554us total 43.650ms
I/art     ( 9835): Starting a blocking GC Explicit
D/Mono    ( 9835): DllImport searching in: '__Internal' ('(null)').
D/Mono    ( 9835): Searching for 'java_interop_jnienv_call_nonvirtual_object_method'.
D/Mono    ( 9835): Probing 'java_interop_jnienv_call_nonvirtual_object_method'.
D/Mono    ( 9835): Found as 'java_interop_jnienv_call_nonvirtual_object_method'.
I/art     ( 9835): Explicit concurrent mark sweep GC freed 527(49KB) AllocSpace objects, 0(0B) LOS objects, 40% free, 22MB/37MB, paused 470us total 16.632ms
I/art     ( 9835): Starting a blocking GC Explicit
I/art     ( 9835): Explicit concurrent mark sweep GC freed 3686(160KB) AllocSpace objects, 0(0B) LOS objects, 40% free, 22MB/37MB, paused 566us total 17.570ms
D/Mono    ( 9835): DllImport searching in: '__Internal' ('(null)').
D/Mono    ( 9835): Searching for 'java_interop_jnienv_get_float_field'.
D/Mono    ( 9835): Probing 'java_interop_jnienv_get_float_field'.
D/Mono    ( 9835): Found as 'java_interop_jnienv_get_float_field'.
I/art     ( 9835): Starting a blocking GC Explicit
I/System.out( 9835): result:{"bonusInformation":[],"message":"","success":true}
I/art     ( 9835): Explicit concurrent mark sweep GC freed 7955(312KB) AllocSpace objects, 0(0B) LOS objects, 40% free, 22MB/38MB, paused 654us total 18.400ms
D/Mono    ( 9835): Assembly Ref addref CareerBuilder_Search.Droid[0xeb9ed080] -> Newtonsoft.Json[0xeb9edce0]: 4
I/art     ( 9835): Starting a blocking GC Explicit
I/art     ( 9835): Explicit concurrent mark sweep GC freed 1122(113KB) AllocSpace objects, 2(40KB) LOS objects, 40% free, 22MB/37MB, paused 486us total 17.343ms
I/System.out( 9835): URI: /backdoor
I/System.out( 9835): params: {json={"method_name":"APISetup","arguments":[200]}
I/System.out( 9835): }
W/FragmentManager( 9835): moveToState: Fragment state for ValuePropFragment{87816c5 #0 id=0x7f0a0148 android:switcher:2131362120:1} not updated inline; expected state 3 found 2
D/audio_hw_primary(  513): disable_audio_route: reset and update mixer path: low-latency-playback speaker
D/audio_hw_primary(  513): disable_snd_device: snd_device(2: speaker)
I/soundtrigger(  513): audio_extn_sound_trigger_update_device_status: device 0x2 of type 0 for Event 0
D/NetlinkSocketObserver(  925): NeighborEvent{elapsedMs=297120, 10.22.0.1, [B0FAEB975089], RTM_NEWNEIGH, NUD_REACHABLE}
D/Mono    ( 9835): DllImport searching in: '__Internal' ('(null)').
D/Mono    ( 9835): Searching for 'java_interop_jnienv_call_nonvirtual_int_method_a'.
D/Mono    ( 9835): Probing 'java_interop_jnienv_call_nonvirtual_int_method_a'.
D/Mono    ( 9835): Found as 'java_interop_jnienv_call_nonvirtual_int_method_a'.
D/Mono    ( 9835): Assembly Ref addref System.Net.Http[0xeb9eef40] -> System.Core[0xeb9ee700]: 14
D/Mono    ( 9835): Assembly Ref addref Mono.Android[0xeb9ee100] -> System[0xeb9ee3a0]: 12
D/Mono    ( 9835): DllImport searching in: '__Internal' ('(null)').
D/Mono    ( 9835): Searching for 'java_interop_jnienv_new_object_array'.
D/Mono    ( 9835): Probing 'java_interop_jnienv_new_object_array'.
D/Mono    ( 9835): Found as 'java_interop_jnienv_new_object_array'.
D/Mono    ( 9835): DllImport searching in: '__Internal' ('(null)').
D/Mono    ( 9835): Searching for 'java_interop_jnienv_set_object_array_element'.
D/Mono    ( 9835): Probing 'java_interop_jnienv_set_object_array_element'.
D/Mono    ( 9835): Found as 'java_interop_jnienv_set_object_array_element'.
I/Choreographer( 9835): Skipped 33 frames!  The application may be doing too much work on its main thread.
I/ActivityManager(  925): Displayed com.careerbuilder.SugarDrone/md537fd6201b6818e2e180d2f7606e21a83.ValuePropActivity: +762ms
I/Keyboard.Facilitator( 3560): onFinishInput()
I/System.out( 9835): URI: /map
I/System.out( 9835): params: {json={"query":"*","operation":{"method_name":"query","arguments":[]}}
I/System.out( 9835): }
W/SurfaceFlinger(  381): couldn't log to binary event log: overflow.
I/ThermalEngine(  519): ACTION: GPU - Setting GPU[0] to 510000000
W/ResourceType( 9835): No known package when getting name for resource number 0xffffffff
W/ResourceType( 9835): No known package when getting name for resource number 0xffffffff
W/ResourceType( 9835): No known package when getting name for resource number 0xffffffff
W/ResourceType( 9835): No known package when getting name for resource number 0xffffffff
W/ResourceType( 9835): No known package when getting name for resource number 0xffffffff
W/ResourceType( 9835): No known package when getting name for resource number 0xffffffff
W/ResourceType( 9835): No known package when getting name for resource number 0xffffffff
W/ResourceType( 9835): No known package when getting name for resource number 0xffffffff
W/ResourceType( 9835): No known package when getting name for resource number 0xffffffff
W/ResourceType( 9835): No known package when getting name for resource number 0xffffffff
W/ResourceType( 9835): No known package when getting name for resource number 0xffffffff
W/ResourceType( 9835): No known package when getting name for resource number 0xffffffff
D/Mono    ( 9835): [0xd70fb930] worker starting
W/ResourceType( 9835): No known package when getting name for resource number 0xffffffff
W/ResourceType( 9835): No known package when getting name for resource number 0xffffffff
W/ResourceType( 9835): No known package when getting name for resource number 0xffffffff
W/ResourceType( 9835): No known package when getting name for resource number 0xffffffff
D/Mono    ( 9835): Unloading image System.dll [0xd9585700].
D/Mono    ( 9835): Image addref System[0xd9b89900] -> System.dll[0xea60b100]: 5
D/Mono    ( 9835): Config attempting to parse: 'System.dll.config'.
D/Mono    ( 9835): Config attempting to parse: '/Users/builder/data/lanes/4009/f3074d2c/source/monodroid/builds/install/mono-armv6/etc/mono/assemblies/System/System.config'.
D/Mono    ( 9835): Unloading image System.dll [0xd9585700].
D/Mono    ( 9835): Image addref System[0xd9b89840] -> System.dll[0xea60b100]: 6
D/Mono    ( 9835): Config attempting to parse: 'System.dll.config'.
D/Mono    ( 9835): Config attempting to parse: '/Users/builder/data/lanes/4009/f3074d2c/source/monodroid/builds/install/mono-armv6/etc/mono/assemblies/System/System.config'.
D/Mono    ( 9835): Unloading image System.dll [0xd9585700].
D/Mono    ( 9835): Image addref System[0xd9b89840] -> System.dll[0xea60b100]: 7
D/Mono    ( 9835): Config attempting to parse: 'System.dll.config'.
D/Mono    ( 9835): Config attempting to parse: '/Users/builder/data/lanes/4009/f3074d2c/source/monodroid/builds/install/mono-armv6/etc/mono/assemblies/System/System.config'.
D/Mono    ( 9835): Unloading image System.dll [0xd9585700].
D/Mono    ( 9835): Image addref System[0xd9b89840] -> System.dll[0xea60b100]: 8
D/Mono    ( 9835): Config attempting to parse: 'System.dll.config'.
D/Mono    ( 9835): Config attempting to parse: '/Users/builder/data/lanes/4009/f3074d2c/source/monodroid/builds/install/mono-armv6/etc/mono/assemblies/System/System.config'.
D/Mono    ( 9835): DllImport searching in: '__Internal' ('(null)').
D/Mono    ( 9835): Searching for 'java_interop_jnienv_is_assignable_from'.
D/Mono    ( 9835): Probing 'java_interop_jnienv_is_assignable_from'.
D/Mono    ( 9835): Found as 'java_interop_jnienv_is_assignable_from'.
D/Mono    ( 9835): DllImport searching in: '__Internal' ('(null)').
D/Mono    ( 9835): Searching for 'java_interop_jnienv_get_byte_array_region'.
D/Mono    ( 9835): Probing 'java_interop_jnienv_get_byte_array_region'.
D/Mono    ( 9835): Found as 'java_interop_jnienv_get_byte_array_region'.
D/Mono    ( 9835): DllImport searching in: '__Internal' ('(null)').
D/Mono    ( 9835): Searching for 'java_interop_jnienv_set_byte_array_region'.
D/Mono    ( 9835): Probing 'java_interop_jnienv_set_byte_array_region'.
D/Mono    ( 9835): Found as 'java_interop_jnienv_set_byte_array_region'.
I/System.out( 9835): URI: /map
I/System.out( 9835): params: {json={"query":"*","operation":{"method_name":"query","arguments":[]}}
I/System.out( 9835): }
W/ResourceType( 9835): No known package when getting name for resource number 0xffffffff
W/ResourceType( 9835): No known package when getting name for resource number 0xffffffff
W/ResourceType( 9835): No known package when getting name for resource number 0xffffffff
W/ResourceType( 9835): No known package when getting name for resource number 0xffffffff
W/Mono    ( 9835): The request to load the assembly System.Core v4.0.0.0 was remapped to v2.0.5.0
D/Mono    ( 9835): Unloading image System.Core.dll [0xd618b900].
D/Mono    ( 9835): Image addref System.Core[0xd85fcb60] -> System.Core.dll[0xdae9f000]: 5
D/Mono    ( 9835): Config attempting to parse: 'System.Core.dll.config'.
D/Mono    ( 9835): Config attempting to parse: '/Users/builder/data/lanes/4009/f3074d2c/source/monodroid/builds/install/mono-armv6/etc/mono/assemblies/System.Core/System.Core.config'.
W/ResourceType( 9835): No known package when getting name for resource number 0xffffffff
W/Mono    ( 9835): The request to load the assembly System.Core v4.0.0.0 was remapped to v2.0.5.0
D/Mono    ( 9835): Unloading image System.Core.dll [0xd618b900].
D/Mono    ( 9835): Image addref System.Core[0xd7d1b000] -> System.Core.dll[0xdae9f000]: 6
D/Mono    ( 9835): Config attempting to parse: 'System.Core.dll.config'.
D/Mono    ( 9835): Config attempting to parse: '/Users/builder/data/lanes/4009/f3074d2c/source/monodroid/builds/install/mono-armv6/etc/mono/assemblies/System.Core/System.Core.config'.
W/ResourceType( 9835): No known package when getting name for resource number 0xffffffff
W/ResourceType( 9835): No known package when getting name for resource number 0xffffffff
W/ResourceType( 9835): No known package when getting name for resource number 0xffffffff
W/ResourceType( 9835): No known package when getting name for resource number 0xffffffff
D/Mono    ( 9835): [0xd6ffa930] worker starting
I/System.out( 9835): URI: /map
I/System.out( 9835): params: {json={"query":"*","operation":{"method_name":"query","arguments":[]}}
I/System.out( 9835): }
W/ResourceType( 9835): No known package when getting name for resource number 0xffffffff
W/ResourceType( 9835): No known package when getting name for resource number 0xffffffff
W/ResourceType( 9835): No known package when getting name for resource number 0xffffffff
W/ResourceType( 9835): No known package when getting name for resource number 0xffffffff
D/Mono    ( 9835): DllImport searching in: '__Internal' ('(null)').
D/Mono    ( 9835): Searching for 'java_interop_jnienv_new_byte_array'.
D/Mono    ( 9835): Probing 'java_interop_jnienv_new_byte_array'.
D/Mono    ( 9835): Found as 'java_interop_jnienv_new_byte_array'.
W/ResourceType( 9835): No known package when getting name for resource number 0xffffffff
W/ResourceType( 9835): No known package when getting name for resource number 0xffffffff
W/ResourceType( 9835): No known package when getting name for resource number 0xffffffff
I/ThermalEngine(  519): ACTION: GPU - Setting GPU[0] to 450000000
W/ResourceType( 9835): No known package when getting name for resource number 0xffffffff
W/ResourceType( 9835): No known package when getting name for resource number 0xffffffff
D/Mono    ( 9835): [0xda3f0930] hill climbing, change max number of threads 9
I/ServiceManager(  557): Waiting for service AtCmdFwd...
I/ServiceManager(  557): Waiting for service AtCmdFwd...
I/ServiceManager(  557): Waiting for service AtCmdFwd...
I/ThermalEngine(  519): ACTION: GPU - Setting GPU[0] to 510000000
I/art     ( 9835): Starting a blocking GC Explicit
I/art     ( 9835): Explicit concurrent mark sweep GC freed 76660(3MB) AllocSpace objects, 10(184KB) LOS objects, 33% free, 31MB/47MB, paused 323us total 25.105ms
I/art     ( 9835): Starting a blocking GC Explicit
I/art     ( 9835): Explicit concurrent mark sweep GC freed 210(11KB) AllocSpace objects, 0(0B) LOS objects, 33% free, 31MB/47MB, paused 306us total 13.482ms
I/art     ( 9835): Starting a blocking GC Explicit
I/art     ( 9835): Explicit concurrent mark sweep GC freed 6(368B) AllocSpace objects, 0(0B) LOS objects, 33% free, 31MB/47MB, paused 320us total 13.040ms
I/art     ( 9835): Starting a blocking GC Explicit
I/art     ( 9835): Explicit concurrent mark sweep GC freed 17(1408B) AllocSpace objects, 0(0B) LOS objects, 33% free, 31MB/47MB, paused 296us total 12.955ms
I/art     ( 9835): Starting a blocking GC Explicit
I/art     ( 9835): Explicit concurrent mark sweep GC freed 3(96B) AllocSpace objects, 0(0B) LOS objects, 33% free, 31MB/47MB, paused 299us total 12.874ms
I/ServiceManager(  557): Waiting for service AtCmdFwd...
I/ServiceManager(  557): Waiting for service AtCmdFwd...
W/Atfwd_Sendcmd(  557): AtCmdFwd service not published, waiting... retryCnt : 5
I/art     ( 9835): Starting a blocking GC Explicit
I/art     ( 9835): Explicit concurrent mark sweep GC freed 2807(213KB) AllocSpace objects, 1(20KB) LOS objects, 33% free, 31MB/47MB, paused 317us total 18.116ms
I/art     ( 9835): Starting a blocking GC Explicit
I/art     ( 9835): Explicit concurrent mark sweep GC freed 40(4KB) AllocSpace objects, 0(0B) LOS objects, 33% free, 31MB/47MB, paused 301us total 13.064ms
I/art     ( 9835): Starting a blocking GC Explicit
I/art     ( 9835): Explicit concurrent mark sweep GC freed 3(96B) AllocSpace objects, 0(0B) LOS objects, 33% free, 31MB/47MB, paused 294us total 13.012ms
I/art     ( 9835): Starting a blocking GC Explicit
I/art     ( 9835): Explicit concurrent mark sweep GC freed 17(1408B) AllocSpace objects, 0(0B) LOS objects, 33% free, 31MB/47MB, paused 298us total 13.200ms
I/art     ( 9835): Starting a blocking GC Explicit
I/art     ( 9835): Explicit concurrent mark sweep GC freed 3(96B) AllocSpace objects, 0(0B) LOS objects, 33% free, 31MB/47MB, paused 293us total 13.583ms

]]><xtc-duration value="136.21984899999998"/></xtc-step><!-- name: "undefined", id: "undefined" --><![CDATA[

]]><xtc-step name="[0-1076]CareerBuilder_Search.DroidFeatureTests.AppStartTests.GoThroughAllValueProps-0-C1F8F3C1498134940F082A0C3201B17FE0E2EF84-Find the Right Job" id="[0-1076]CareerBuilder_Search.DroidFeatureTests.AppStartTests.GoThroughAllValueProps-0-C1F8F3C1498134940F082A0C3201B17FE0E2EF84-Find the Right Job"><![CDATA[
I/ThermalEngine(  519): ACTION: GPU - Setting GPU[0] to 600000000
I/System.out( 9835): URI: /map
I/System.out( 9835): params: {json={"query":"* id:'skipButton'","operation":{"method_name":"query","arguments":[]}}
I/System.out( 9835): }
W/ResourceType( 9835): No known package when getting name for resource number 0xffffffff
W/ResourceType( 9835): No known package when getting name for resource number 0xffffffff
W/ResourceType( 9835): No known package when getting name for resource number 0xffffffff
W/ResourceType( 9835): No known package when getting name for resource number 0xffffffff
W/ResourceType( 9835): No known package when getting name for resource number 0xffffffff
W/ResourceType( 9835): No known package when getting name for resource number 0xffffffff
W/ResourceType( 9835): No known package when getting name for resource number 0xffffffff
W/ResourceType( 9835): No known package when getting name for resource number 0xffffffff
W/ResourceType( 9835): No known package when getting name for resource number 0xffffffff
W/ResourceType( 9835): No known package when getting name for resource number 0xffffffff
I/System.out( 9835): URI: /map
I/System.out( 9835): params: {json={"query":"all * index:0","operation":{"method_name":"query","arguments":[]}}
I/System.out( 9835): }
W/ResourceType( 9835): No known package when getting name for resource number 0xffffffff
I/System.out( 9835): URI: /map
I/System.out( 9835): params: {json={"query":"all * index:0","operation":{"method_name":"query","arguments":[]}}
I/System.out( 9835): }
W/ResourceType( 9835): No known package when getting name for resource number 0xffffffff
I/System.out( 9835): URI: /gesture
I/System.out( 9835): params: {json={"gestures":[{"touches":[{"query_string":null,"offset_x":1202,"offset_y":1196,"wait":0.0,"time":1.928,"x":0,"y":0,"release":false},{"query_string":null,"offset_x":238,"offset_y":1196,"wait":0.0,"time":0.0,"x":0,"y":0,"release":false}]}],"query_timeout":5.0}
I/System.out( 9835): }
I/art     ( 9835): Starting a blocking GC Explicit
I/art     ( 9835): Explicit concurrent mark sweep GC freed 147965(6MB) AllocSpace objects, 12(240KB) LOS objects, 33% free, 31MB/47MB, paused 395us total 36.264ms
I/art     ( 9835): Starting a blocking GC Explicit
I/art     ( 9835): Explicit concurrent mark sweep GC freed 375(13KB) AllocSpace objects, 0(0B) LOS objects, 33% free, 31MB/47MB, paused 256us total 10.032ms
I/art     ( 9835): Starting a blocking GC Explicit
I/art     ( 9835): Explicit concurrent mark sweep GC freed 38(2064B) AllocSpace objects, 0(0B) LOS objects, 33% free, 31MB/47MB, paused 250us total 10.007ms
I/art     ( 9835): Starting a blocking GC Explicit
I/art     ( 9835): Explicit concurrent mark sweep GC freed 20(592B) AllocSpace objects, 0(0B) LOS objects, 33% free, 31MB/47MB, paused 240us total 9.967ms
I/art     ( 9835): Starting a blocking GC Explicit
I/art     ( 9835): Explicit concurrent mark sweep GC freed 20(592B) AllocSpace objects, 0(0B) LOS objects, 33% free, 31MB/47MB, paused 392us total 10.466ms
I/System.out( 9835): URI: /map
I/System.out( 9835): params: {json={"query":"*","operation":{"method_name":"query","arguments":[]}}
I/System.out( 9835): }
W/ResourceType( 9835): No known package when getting name for resource number 0xffffffff
W/ResourceType( 9835): No known package when getting name for resource number 0xffffffff
W/ResourceType( 9835): No known package when getting name for resource number 0xffffffff
W/ResourceType( 9835): No known package when getting name for resource number 0xffffffff
W/ResourceType( 9835): No known package when getting name for resource number 0xffffffff
W/ResourceType( 9835): No known package when getting name for resource number 0xffffffff
W/ResourceType( 9835): No known package when getting name for resource number 0xffffffff
W/ResourceType( 9835): No known package when getting name for resource number 0xffffffff
W/ResourceType( 9835): No known package when getting name for resource number 0xffffffff
W/FragmentManager( 9835): moveToState: Fragment state for ValuePropFragment{65e0207 #2 id=0x7f0a0148 android:switcher:2131362120:2} not updated inline; expected state 3 found 2
I/System.out( 9835): URI: /map
I/System.out( 9835): params: {json={"query":"*","operation":{"method_name":"query","arguments":[]}}
I/System.out( 9835): }
W/ResourceType( 9835): No known package when getting name for resource number 0xffffffff
W/ResourceType( 9835): No known package when getting name for resource number 0xffffffff
W/ResourceType( 9835): No known package when getting name for resource number 0xffffffff
W/ResourceType( 9835): No known package when getting name for resource number 0xffffffff
W/ResourceType( 9835): No known package when getting name for resource number 0xffffffff
W/ResourceType( 9835): No known package when getting name for resource number 0xffffffff
W/ResourceType( 9835): No known package when getting name for resource number 0xffffffff
W/ResourceType( 9835): No known package when getting name for resource number 0xffffffff
W/ResourceType( 9835): No known package when getting name for resource number 0xffffffff
I/ThermalEngine(  519): ACTION: GPU - Setting GPU[0] to 510000000
I/System.out( 9835): URI: /map
I/System.out( 9835): params: {json={"query":"*","operation":{"method_name":"query","arguments":[]}}
I/System.out( 9835): }
W/ResourceType( 9835): No known package when getting name for resource number 0xffffffff
W/ResourceType( 9835): No known package when getting name for resource number 0xffffffff
W/ResourceType( 9835): No known package when getting name for resource number 0xffffffff
W/ResourceType( 9835): No known package when getting name for resource number 0xffffffff
W/ResourceType( 9835): No known package when getting name for resource number 0xffffffff
W/ResourceType( 9835): No known package when getting name for resource number 0xffffffff
W/ResourceType( 9835): No known package when getting name for resource number 0xffffffff
W/ResourceType( 9835): No known package when getting name for resource number 0xffffffff
W/ResourceType( 9835): No known package when getting name for resource number 0xffffffff
D/WifiStateMachine(  925): starting scan for "xtc-ag"WPA_PSK with 5240,5180,5220,5200
D/Mono    ( 9835): [0xd81b5930] worker finishing
I/art     ( 9835): Starting a blocking GC Explicit
I/art     ( 9835): Explicit concurrent mark sweep GC freed 226124(8MB) AllocSpace objects, 18(336KB) LOS objects, 31% free, 34MB/50MB, paused 388us total 36.788ms
I/art     ( 9835): Starting a blocking GC Explicit
I/art     ( 9835): Explicit concurrent mark sweep GC freed 148(7KB) AllocSpace objects, 0(0B) LOS objects, 31% free, 34MB/50MB, paused 325us total 13.454ms
I/art     ( 9835): Starting a blocking GC Explicit
I/art     ( 9835): Explicit concurrent mark sweep GC freed 17(1408B) AllocSpace objects, 0(0B) LOS objects, 31% free, 34MB/50MB, paused 316us total 12.519ms
I/art     ( 9835): Starting a blocking GC Explicit
I/art     ( 9835): Explicit concurrent mark sweep GC freed 3(96B) AllocSpace objects, 0(0B) LOS objects, 31% free, 34MB/50MB, paused 343us total 13.545ms
I/art     ( 9835): Starting a blocking GC Explicit
I/art     ( 9835): Explicit concurrent mark sweep GC freed 17(1408B) AllocSpace objects, 0(0B) LOS objects, 31% free, 34MB/50MB, paused 326us total 13.201ms
I/ThermalEngine(  519): ACTION: GPU - Setting GPU[0] to 600000000
D/Mono    ( 9835): [0xd70fb930] worker finishing

]]><xtc-duration value="13.335738899999999"/></xtc-step><!-- name: "undefined", id: "undefined" --><![CDATA[
I/art     ( 9835): Starting a blocking GC Explicit
I/art     ( 9835): Explicit concurrent mark sweep GC freed 2794(211KB) AllocSpace objects, 1(20KB) LOS objects, 31% free, 34MB/50MB, paused 284us total 14.123ms
I/art     ( 9835): Starting a blocking GC Explicit
I/art     ( 9835): Explicit concurrent mark sweep GC freed 59(2776B) AllocSpace objects, 0(0B) LOS objects, 31% free, 34MB/50MB, paused 235us total 11.103ms
I/art     ( 9835): Starting a blocking GC Explicit
I/art     ( 9835): Explicit concurrent mark sweep GC freed 3(96B) AllocSpace objects, 0(0B) LOS objects, 31% free, 34MB/50MB, paused 239us total 9.974ms
I/art     ( 9835): Starting a blocking GC Explicit
I/art     ( 9835): Explicit concurrent mark sweep GC freed 3(96B) AllocSpace objects, 0(0B) LOS objects, 31% free, 34MB/50MB, paused 240us total 10.127ms
I/art     ( 9835): Starting a blocking GC Explicit
I/art     ( 9835): Explicit concurrent mark sweep GC freed 17(1408B) AllocSpace objects, 0(0B) LOS objects, 31% free, 34MB/50MB, paused 242us total 10.236ms

]]><xtc-step name="[0-1076]CareerBuilder_Search.DroidFeatureTests.AppStartTests.GoThroughAllValueProps-1-BEC9AC7C5D88EFEE23126FF423801895065B85E9-Get Yourself Out There" id="[0-1076]CareerBuilder_Search.DroidFeatureTests.AppStartTests.GoThroughAllValueProps-1-BEC9AC7C5D88EFEE23126FF423801895065B85E9-Get Yourself Out There"><![CDATA[
I/System.out( 9835): URI: /map
I/System.out( 9835): params: {json={"query":"all * index:0","operation":{"method_name":"query","arguments":[]}}
I/System.out( 9835): }
W/ResourceType( 9835): No known package when getting name for resource number 0xffffffff
I/System.out( 9835): URI: /map
I/System.out( 9835): params: {json={"query":"all * index:0","operation":{"method_name":"query","arguments":[]}}
I/System.out( 9835): }
W/ResourceType( 9835): No known package when getting name for resource number 0xffffffff
I/System.out( 9835): URI: /gesture
I/System.out( 9835): params: {json={"gestures":[{"touches":[{"query_string":null,"offset_x":1202,"offset_y":1196,"wait":0.0,"time":1.928,"x":0,"y":0,"release":false},{"query_string":null,"offset_x":238,"offset_y":1196,"wait":0.0,"time":0.0,"x":0,"y":0,"release":false}]}],"query_timeout":5.0}
I/System.out( 9835): }
D/Mono    ( 9835): [0xd7b8c930] worker finishing
I/System.out( 9835): URI: /map
I/System.out( 9835): params: {json={"query":"*","operation":{"method_name":"query","arguments":[]}}
I/System.out( 9835): }
W/ResourceType( 9835): No known package when getting name for resource number 0xffffffff
W/ResourceType( 9835): No known package when getting name for resource number 0xffffffff
W/ResourceType( 9835): No known package when getting name for resource number 0xffffffff
W/ResourceType( 9835): No known package when getting name for resource number 0xffffffff
W/ResourceType( 9835): No known package when getting name for resource number 0xffffffff
W/ResourceType( 9835): No known package when getting name for resource number 0xffffffff
W/ResourceType( 9835): No known package when getting name for resource number 0xffffffff
W/ResourceType( 9835): No known package when getting name for resource number 0xffffffff
W/ResourceType( 9835): No known package when getting name for resource number 0xffffffff
I/System.out( 9835): URI: /map
I/System.out( 9835): params: {json={"query":"*","operation":{"method_name":"query","arguments":[]}}
I/System.out( 9835): }
W/ResourceType( 9835): No known package when getting name for resource number 0xffffffff
W/ResourceType( 9835): No known package when getting name for resource number 0xffffffff
W/ResourceType( 9835): No known package when getting name for resource number 0xffffffff
W/ResourceType( 9835): No known package when getting name for resource number 0xffffffff
W/ResourceType( 9835): No known package when getting name for resource number 0xffffffff
W/ResourceType( 9835): No known package when getting name for resource number 0xffffffff
W/ResourceType( 9835): No known package when getting name for resource number 0xffffffff
W/ResourceType( 9835): No known package when getting name for resource number 0xffffffff
W/ResourceType( 9835): No known package when getting name for resource number 0xffffffff
D/Mono    ( 9835): [0xd6ffa930] worker finishing
I/art     ( 9835): Starting a blocking GC Explicit
I/art     ( 9835): Explicit concurrent mark sweep GC freed 260928(10MB) AllocSpace objects, 20(384KB) LOS objects, 31% free, 34MB/50MB, paused 260us total 29.322ms
I/art     ( 9835): Starting a blocking GC Explicit
I/art     ( 9835): Explicit concurrent mark sweep GC freed 358(15KB) AllocSpace objects, 0(0B) LOS objects, 31% free, 34MB/50MB, paused 238us total 9.727ms
I/art     ( 9835): Starting a blocking GC Explicit
I/art     ( 9835): Explicit concurrent mark sweep GC freed 3(96B) AllocSpace objects, 0(0B) LOS objects, 31% free, 34MB/50MB, paused 231us total 9.271ms
I/art     ( 9835): Starting a blocking GC Explicit
I/art     ( 9835): Explicit concurrent mark sweep GC freed 3(96B) AllocSpace objects, 0(0B) LOS objects, 31% free, 34MB/50MB, paused 232us total 9.453ms
I/art     ( 9835): Starting a blocking GC Explicit
I/art     ( 9835): Explicit concurrent mark sweep GC freed 16(1248B) AllocSpace objects, 0(0B) LOS objects, 31% free, 34MB/50MB, paused 236us total 9.155ms
I/Atfwd_Sendcmd(  557): AtCmdFwd service not ready - Exhausted retry attempts - :6
I/Atfwd_Daemon(  557): result : -1 	 ,Init step :2 	 ,qmiErrorCode: 0
I/art     ( 9835): Starting a blocking GC Explicit
I/art     ( 9835): Explicit concurrent mark sweep GC freed 2784(211KB) AllocSpace objects, 1(20KB) LOS objects, 31% free, 34MB/50MB, paused 280us total 15.537ms
I/art     ( 9835): Starting a blocking GC Explicit
I/art     ( 9835): Explicit concurrent mark sweep GC freed 20(696B) AllocSpace objects, 0(0B) LOS objects, 31% free, 34MB/50MB, paused 239us total 10.553ms
I/art     ( 9835): Starting a blocking GC Explicit
I/art     ( 9835): Explicit concurrent mark sweep GC freed 17(1408B) AllocSpace objects, 0(0B) LOS objects, 31% free, 34MB/50MB, paused 245us total 10.234ms
I/art     ( 9835): Starting a blocking GC Explicit
I/art     ( 9835): Explicit concurrent mark sweep GC freed 3(96B) AllocSpace objects, 0(0B) LOS objects, 31% free, 34MB/50MB, paused 240us total 9.799ms
I/art     ( 9835): Starting a blocking GC Explicit
I/art     ( 9835): Explicit concurrent mark sweep GC freed 17(1408B) AllocSpace objects, 0(0B) LOS objects, 31% free, 34MB/50MB, paused 239us total 9.867ms
W/ip      (10012): type=1400 audit(0.0:71): avc: denied { search } for name="net" dev="dm-2" ino=3440648 scontext=u:r:shell:s0 tcontext=u:object_r:net_data_file:s0 tclass=dir permissive=0
D/Mono    ( 9835): [0xda27f930] worker finishing

]]><xtc-duration value="14.3050403"/></xtc-step><!-- name: "undefined", id: "undefined" --><![CDATA[
I/art     ( 9835): Starting a blocking GC Explicit
I/art     ( 9835): Explicit concurrent mark sweep GC freed 2794(211KB) AllocSpace objects, 1(20KB) LOS objects, 31% free, 34MB/50MB, paused 289us total 16.960ms
I/art     ( 9835): Starting a blocking GC Explicit
I/art     ( 9835): Explicit concurrent mark sweep GC freed 20(696B) AllocSpace objects, 0(0B) LOS objects, 31% free, 34MB/50MB, paused 242us total 10.200ms
I/art     ( 9835): Starting a blocking GC Explicit
I/art     ( 9835): Explicit concurrent mark sweep GC freed 17(1408B) AllocSpace objects, 0(0B) LOS objects, 31% free, 34MB/50MB, paused 240us total 10.158ms
I/art     ( 9835): Starting a blocking GC Explicit
I/art     ( 9835): Explicit concurrent mark sweep GC freed 3(96B) AllocSpace objects, 0(0B) LOS objects, 31% free, 34MB/50MB, paused 240us total 10.175ms
I/art     ( 9835): Starting a blocking GC Explicit
I/art     ( 9835): Explicit concurrent mark sweep GC freed 17(1408B) AllocSpace objects, 0(0B) LOS objects, 31% free, 34MB/50MB, paused 243us total 10.079ms

]]><xtc-step name="[0-1076]CareerBuilder_Search.DroidFeatureTests.AppStartTests.GoThroughAllValueProps-2-179B1346337AF9D0CD9267889C5E31CBB64A37E3-Quick Apply" id="[0-1076]CareerBuilder_Search.DroidFeatureTests.AppStartTests.GoThroughAllValueProps-2-179B1346337AF9D0CD9267889C5E31CBB64A37E3-Quick Apply"><![CDATA[
I/System.out( 9835): URI: /map
I/System.out( 9835): params: {json={"query":"all * index:0","operation":{"method_name":"query","arguments":[]}}
I/System.out( 9835): }
W/ResourceType( 9835): No known package when getting name for resource number 0xffffffff
I/System.out( 9835): URI: /map
I/System.out( 9835): params: {json={"query":"all * index:0","operation":{"method_name":"query","arguments":[]}}
I/System.out( 9835): }
W/ResourceType( 9835): No known package when getting name for resource number 0xffffffff
I/System.out( 9835): URI: /gesture
I/System.out( 9835): params: {json={"gestures":[{"touches":[{"query_string":null,"offset_x":1202,"offset_y":1196,"wait":0.0,"time":1.928,"x":0,"y":0,"release":false},{"query_string":null,"offset_x":238,"offset_y":1196,"wait":0.0,"time":0.0,"x":0,"y":0,"release":false}]}],"query_timeout":5.0}
I/System.out( 9835): }
I/ServiceManager(  557): Waiting for service AtCmdFwd...
I/System.out( 9835): URI: /map
I/System.out( 9835): params: {json={"query":"*","operation":{"method_name":"query","arguments":[]}}
I/System.out( 9835): }
W/ResourceType( 9835): No known package when getting name for resource number 0xffffffff
W/ResourceType( 9835): No known package when getting name for resource number 0xffffffff
W/ResourceType( 9835): No known package when getting name for resource number 0xffffffff
W/ResourceType( 9835): No known package when getting name for resource number 0xffffffff
W/ResourceType( 9835): No known package when getting name for resource number 0xffffffff
W/ResourceType( 9835): No known package when getting name for resource number 0xffffffff
W/ResourceType( 9835): No known package when getting name for resource number 0xffffffff
W/ResourceType( 9835): No known package when getting name for resource number 0xffffffff
W/ResourceType( 9835): No known package when getting name for resource number 0xffffffff
I/art     ( 9835): Starting a blocking GC Explicit
I/art     ( 9835): Explicit concurrent mark sweep GC freed 196955(8MB) AllocSpace objects, 15(292KB) LOS objects, 31% free, 34MB/50MB, paused 250us total 25.366ms
I/art     ( 9835): Starting a blocking GC Explicit
I/art     ( 9835): Explicit concurrent mark sweep GC freed 322(13KB) AllocSpace objects, 0(0B) LOS objects, 31% free, 34MB/50MB, paused 229us total 9.234ms
I/art     ( 9835): Starting a blocking GC Explicit
I/art     ( 9835): Explicit concurrent mark sweep GC freed 3(96B) AllocSpace objects, 0(0B) LOS objects, 31% free, 34MB/50MB, paused 225us total 9.170ms
I/art     ( 9835): Starting a blocking GC Explicit
I/art     ( 9835): Explicit concurrent mark sweep GC freed 3(96B) AllocSpace objects, 0(0B) LOS objects, 31% free, 34MB/50MB, paused 220us total 9.981ms
I/art     ( 9835): Starting a blocking GC Explicit
I/art     ( 9835): Explicit concurrent mark sweep GC freed 17(1408B) AllocSpace objects, 0(0B) LOS objects, 31% free, 34MB/50MB, paused 224us total 9.335ms
I/System.out( 9835): URI: /map
I/System.out( 9835): params: {json={"query":"*","operation":{"method_name":"query","arguments":[]}}
I/System.out( 9835): }
W/ResourceType( 9835): No known package when getting name for resource number 0xffffffff
W/ResourceType( 9835): No known package when getting name for resource number 0xffffffff
W/ResourceType( 9835): No known package when getting name for resource number 0xffffffff
W/ResourceType( 9835): No known package when getting name for resource number 0xffffffff
W/ResourceType( 9835): No known package when getting name for resource number 0xffffffff
W/ResourceType( 9835): No known package when getting name for resource number 0xffffffff
W/ResourceType( 9835): No known package when getting name for resource number 0xffffffff
W/ResourceType( 9835): No known package when getting name for resource number 0xffffffff
W/ResourceType( 9835): No known package when getting name for resource number 0xffffffff
I/ServiceManager(  557): Waiting for service AtCmdFwd...
I/ServiceManager(  557): Waiting for service AtCmdFwd...
D/NetlinkSocketObserver(  925): NeighborEvent{elapsedMs=346560, 10.22.0.1, [B0FAEB975089], RTM_NEWNEIGH, NUD_STALE}
I/ServiceManager(  557): Waiting for service AtCmdFwd...
I/ServiceManager(  557): Waiting for service AtCmdFwd...
W/Atfwd_Sendcmd(  557): AtCmdFwd service not published, waiting... retryCnt : 1
I/art     ( 9835): Starting a blocking GC Explicit
I/art     ( 9835): Explicit concurrent mark sweep GC freed 65685(2MB) AllocSpace objects, 6(112KB) LOS objects, 31% free, 34MB/50MB, paused 308us total 26.043ms
I/art     ( 9835): Starting a blocking GC Explicit
I/art     ( 9835): Explicit concurrent mark sweep GC freed 35(1360B) AllocSpace objects, 0(0B) LOS objects, 31% free, 34MB/50MB, paused 246us total 10.483ms
I/art     ( 9835): Starting a blocking GC Explicit
I/art     ( 9835): Explicit concurrent mark sweep GC freed 3(96B) AllocSpace objects, 0(0B) LOS objects, 31% free, 34MB/50MB, paused 232us total 9.914ms
I/art     ( 9835): Starting a blocking GC Explicit
I/art     ( 9835): Explicit concurrent mark sweep GC freed 17(1408B) AllocSpace objects, 0(0B) LOS objects, 31% free, 34MB/50MB, paused 235us total 9.881ms
I/art     ( 9835): Starting a blocking GC Explicit
I/art     ( 9835): Explicit concurrent mark sweep GC freed 3(96B) AllocSpace objects, 0(0B) LOS objects, 31% free, 34MB/50MB, paused 235us total 9.902ms
D/Mono    ( 9835): [0xda3f0930] worker finishing

]]><xtc-duration value="12.6771423"/></xtc-step><!-- name: "undefined", id: "undefined" --><![CDATA[
I/ServiceManager(  557): Waiting for service AtCmdFwd...
D/WifiStateMachine(  925): starting scan for "xtc-ag"WPA_PSK with 5240,5180,5220,5200

]]><xtc-step name="[0-1076]CareerBuilder_Search.DroidFeatureTests.AppStartTests.GoThroughAllValueProps-3-17D39EB973EF595F137C0124BDF9BC3D4EF5A501-One Account" id="[0-1076]CareerBuilder_Search.DroidFeatureTests.AppStartTests.GoThroughAllValueProps-3-17D39EB973EF595F137C0124BDF9BC3D4EF5A501-One Account"><![CDATA[
I/art     ( 9835): Starting a blocking GC Explicit
I/System.out( 9835): URI: /map
I/System.out( 9835): params: {json={"query":"* id:'signInButton'","operation":{"method_name":"query","arguments":[]}}
I/System.out( 9835): }
I/art     ( 9835): Explicit concurrent mark sweep GC freed 5023(301KB) AllocSpace objects, 2(40KB) LOS objects, 31% free, 34MB/50MB, paused 295us total 16.280ms
I/ServiceManager(  557): Waiting for service AtCmdFwd...
I/art     ( 9835): Starting a blocking GC Explicit
W/ResourceType( 9835): No known package when getting name for resource number 0xffffffff
I/art     ( 9835): Explicit concurrent mark sweep GC freed 9745(396KB) AllocSpace objects, 0(0B) LOS objects, 31% free, 34MB/50MB, paused 277us total 11.780ms
W/ResourceType( 9835): No known package when getting name for resource number 0xffffffff
W/ResourceType( 9835): No known package when getting name for resource number 0xffffffff
W/ResourceType( 9835): No known package when getting name for resource number 0xffffffff
W/ResourceType( 9835): No known package when getting name for resource number 0xffffffff
W/ResourceType( 9835): No known package when getting name for resource number 0xffffffff
I/art     ( 9835): Starting a blocking GC Explicit
W/ResourceType( 9835): No known package when getting name for resource number 0xffffffff
W/ResourceType( 9835): No known package when getting name for resource number 0xffffffff
W/ResourceType( 9835): No known package when getting name for resource number 0xffffffff
W/ResourceType( 9835): No known package when getting name for resource number 0xffffffff
I/art     ( 9835): Explicit concurrent mark sweep GC freed 2370(85KB) AllocSpace objects, 0(0B) LOS objects, 31% free, 34MB/50MB, paused 291us total 10.541ms
I/art     ( 9835): Starting a blocking GC Explicit
I/art     ( 9835): Explicit concurrent mark sweep GC freed 15630(685KB) AllocSpace objects, 0(0B) LOS objects, 31% free, 35MB/51MB, paused 332us total 10.927ms
I/art     ( 9835): Starting a blocking GC Explicit
I/art     ( 9835): Explicit concurrent mark sweep GC freed 11791(469KB) AllocSpace objects, 0(0B) LOS objects, 31% free, 35MB/51MB, paused 380us total 11.004ms
I/ServiceManager(  557): Waiting for service AtCmdFwd...
I/ServiceManager(  557): Waiting for service AtCmdFwd...
I/Keyboard.Facilitator.LanguageModelFlusher( 3560): run()
I/Keyboard.Facilitator( 3560): flushDynamicLanguageModels()
I/ServiceManager(  557): Waiting for service AtCmdFwd...
W/Atfwd_Sendcmd(  557): AtCmdFwd service not published, waiting... retryCnt : 2
I/art     ( 9835): Starting a blocking GC Explicit
I/art     ( 9835): Explicit concurrent mark sweep GC freed 5652(412KB) AllocSpace objects, 3(60KB) LOS objects, 31% free, 34MB/50MB, paused 278us total 17.824ms
I/art     ( 9835): Starting a blocking GC Explicit
I/art     ( 9835): Explicit concurrent mark sweep GC freed 46(2512B) AllocSpace objects, 0(0B) LOS objects, 31% free, 34MB/50MB, paused 236us total 10.965ms
I/art     ( 9835): Starting a blocking GC Explicit
I/art     ( 9835): Explicit concurrent mark sweep GC freed 3(96B) AllocSpace objects, 0(0B) LOS objects, 31% free, 34MB/50MB, paused 232us total 9.974ms
I/art     ( 9835): Starting a blocking GC Explicit
I/art     ( 9835): Explicit concurrent mark sweep GC freed 17(1408B) AllocSpace objects, 0(0B) LOS objects, 31% free, 34MB/50MB, paused 231us total 10.016ms
I/art     ( 9835): Starting a blocking GC Explicit
I/art     ( 9835): Explicit concurrent mark sweep GC freed 3(96B) AllocSpace objects, 0(0B) LOS objects, 31% free, 34MB/50MB, paused 232us total 9.868ms
I/art     ( 9835): Starting a blocking GC Explicit

]]><xtc-duration value="10.8224489"/></xtc-step><!-- name: "undefined", id: "undefined" --><![CDATA[
I/art     ( 9835): Explicit concurrent mark sweep GC freed 2783(211KB) AllocSpace objects, 1(20KB) LOS objects, 31% free, 34MB/50MB, paused 283us total 15.553ms
I/art     ( 9835): Starting a blocking GC Explicit
I/art     ( 9835): Explicit concurrent mark sweep GC freed 34(2008B) AllocSpace objects, 0(0B) LOS objects, 31% free, 34MB/50MB, paused 239us total 10.079ms
I/art     ( 9835): Starting a blocking GC Explicit
I/art     ( 9835): Explicit concurrent mark sweep GC freed 3(96B) AllocSpace objects, 0(0B) LOS objects, 31% free, 34MB/50MB, paused 234us total 10.096ms
I/art     ( 9835): Starting a blocking GC Explicit
I/art     ( 9835): Explicit concurrent mark sweep GC freed 3(96B) AllocSpace objects, 0(0B) LOS objects, 31% free, 34MB/50MB, paused 240us total 10.090ms
I/art     ( 9835): Starting a blocking GC Explicit
I/art     ( 9835): Explicit concurrent mark sweep GC freed 17(1408B) AllocSpace objects, 0(0B) LOS objects, 31% free, 34MB/50MB, paused 241us total 10.081ms

]]><xtc-step name="[0-1076]CareerBuilder_Search.DroidFeatureTests.AppStartTests.GoThroughAllValueProps-4-NA-FinalScreenShot" id="[0-1076]CareerBuilder_Search.DroidFeatureTests.AppStartTests.GoThroughAllValueProps-4-NA-FinalScreenShot"><![CDATA[

]]><xtc-duration value="1.5790016999999998"/></xtc-step><!-- name: "undefined", id: "undefined" --><![CDATA[
I/ServiceManager(  557): Waiting for service AtCmdFwd...
D/NetlinkSocketObserver(  925): NeighborEvent{elapsedMs=369240, 10.22.0.1, [B0FAEB975089], RTM_NEWNEIGH, NUD_PROBE}
I/ServiceManager(  557): Waiting for service AtCmdFwd...

]]><xtc-duration value="202.64673499999998" skip="false"/></xtc-scenario><!-- name: "undefined", id: "undefined" --><![CDATA[
I/art     ( 9835): Starting a blocking GC Explicit
I/art     ( 9835): Explicit concurrent mark sweep GC freed 2783(211KB) AllocSpace objects, 1(20KB) LOS objects, 31% free, 34MB/50MB, paused 279us total 15.929ms
I/art     ( 9835): Starting a blocking GC Explicit
I/art     ( 9835): Explicit concurrent mark sweep GC freed 20(696B) AllocSpace objects, 0(0B) LOS objects, 31% free, 34MB/50MB, paused 237us total 10.684ms
I/art     ( 9835): Starting a blocking GC Explicit
I/art     ( 9835): Explicit concurrent mark sweep GC freed 3(96B) AllocSpace objects, 0(0B) LOS objects, 31% free, 34MB/50MB, paused 239us total 10.125ms
I/art     ( 9835): Starting a blocking GC Explicit
I/art     ( 9835): Explicit concurrent mark sweep GC freed 17(1408B) AllocSpace objects, 0(0B) LOS objects, 31% free, 34MB/50MB, paused 232us total 10.068ms
I/art     ( 9835): Starting a blocking GC Explicit
I/art     ( 9835): Explicit concurrent mark sweep GC freed 3(96B) AllocSpace objects, 0(0B) LOS objects, 31% free, 34MB/50MB, paused 235us total 10.087ms
I/ServiceManager(  557): Waiting for service AtCmdFwd...
I/ServiceManager(  557): Waiting for service AtCmdFwd...
I/ServiceManager(  557): Waiting for service AtCmdFwd...
--------- beginning of crash
F/libc    ( 9416): Fatal signal 13 (SIGPIPE), code 0 in tid 9416 (screencap)
I/SELinux (  510): SELinux: Loaded file_contexts contexts from /file_contexts.
F/DEBUG   (  510): *** *** *** *** *** *** *** *** *** *** *** *** *** *** *** ***
F/DEBUG   (  510): Build fingerprint: 'google/angler/angler:6.0.1/MMB29P/2473553:user/release-keys'
F/DEBUG   (  510): Revision: '0'
F/DEBUG   (  510): ABI: 'arm64'
F/DEBUG   (  510): pid: 9416, tid: 9416, name: screencap  >>> screencap <<<
F/DEBUG   (  510): signal 13 (SIGPIPE), code 0 (SI_USER), fault addr --------
W/NativeCrashListener(  925): Couldn't find ProcessRecord for pid 9416
F/DEBUG   (  510):     x0   0000000000000680  x1   0000007f86bc0400  x2   0000000000001680  x3   0000007f88191200
E/DEBUG   (  510): AM write failed: Broken pipe
F/DEBUG   (  510):     x4   0000007fcdddbfb8  x5   0000000000000001  x6   0000000000000000  x7   0000007f88bc1000
F/DEBUG   (  510):     x8   0000000000000040  x9   0000007f88d90a60  x10  ffffffffffffffff  x11  0000000000001340
F/DEBUG   (  510):     x12  ffffffffffffffff  x13  0000007fcdddbfb8  x14  0000007fcdddbfbc  x15  0000000000000680
F/DEBUG   (  510):     x16  000000557f113f40  x17  0000007f88b8628c  x18  00000000000005a0  x19  0000007fcdddbfd8
F/DEBUG   (  510):     x20  0000007fcdddbfc0  x21  0000007f86bc1e00  x22  000000557f113000  x23  000000000000000b
F/DEBUG   (  510):     x24  0000000000001a00  x25  0000000000000004  x26  0000007fcdddbfb4  x27  0000007fcdddc000
F/DEBUG   (  510):     x28  0000000000000004  x29  0000007fcdddbf20  x30  000000557f102ea0
F/DEBUG   (  510):     sp   0000007fcdddbf10  pc   0000007f88b86294  pstate 0000000080000000
F/DEBUG   (  510): 
F/DEBUG   (  510): backtrace:
F/DEBUG   (  510):     #00 pc 000000000006a294  /system/lib64/libc.so (write+8)
F/DEBUG   (  510):     #01 pc 0000000000001e9c  /system/bin/screencap (main+1388)
F/DEBUG   (  510):     #02 pc 000000000001bc98  /system/lib64/libc.so (__libc_init+100)
F/DEBUG   (  510):     #03 pc 0000000000002080  /system/bin/screencap
F/DEBUG   (  510): 
F/DEBUG   (  510): Tombstone written to: /data/tombstones/tombstone_08
I/BootReceiver(  925): Copying /data/tombstones/tombstone_08 to DropBox (SYSTEM_TOMBSTONE)
W/Atfwd_Sendcmd(  557): AtCmdFwd service not published, waiting... retryCnt : 3
D/WifiStateMachine(  925): starting scan for "xtc-ag"WPA_PSK with 5240,5180,5220,5200
I/art     ( 9835): Starting a blocking GC Explicit
I/art     ( 9835): Explicit concurrent mark sweep GC freed 2784(211KB) AllocSpace objects, 1(20KB) LOS objects, 31% free, 34MB/50MB, paused 276us total 16.251ms
I/art     ( 9835): Starting a blocking GC Explicit
I/art     ( 9835): Explicit concurrent mark sweep GC freed 34(2008B) AllocSpace objects, 0(0B) LOS objects, 31% free, 34MB/50MB, paused 244us total 11.209ms
I/art     ( 9835): Starting a blocking GC Explicit
I/art     ( 9835): Explicit concurrent mark sweep GC freed 3(96B) AllocSpace objects, 0(0B) LOS objects, 31% free, 34MB/50MB, paused 243us total 10.315ms
I/art     ( 9835): Starting a blocking GC Explicit
I/art     ( 9835): Explicit concurrent mark sweep GC freed 17(1408B) AllocSpace objects, 0(0B) LOS objects, 31% free, 34MB/50MB, paused 238us total 10.366ms
I/art     ( 9835): Starting a blocking GC Explicit
I/art     ( 9835): Explicit concurrent mark sweep GC freed 3(96B) AllocSpace objects, 0(0B) LOS objects, 31% free, 34MB/50MB, paused 235us total 10.092ms
W/PlatformStatsUtil( 4455): Could not retrieve Usage & Diagnostics setting. Giving up.
I/art     ( 9835): Starting a blocking GC Explicit
I/art     ( 9835): Explicit concurrent mark sweep GC freed 2797(212KB) AllocSpace objects, 1(20KB) LOS objects, 31% free, 34MB/50MB, paused 285us total 15.736ms
I/art     ( 9835): Starting a blocking GC Explicit
I/art     ( 9835): Explicit concurrent mark sweep GC freed 20(696B) AllocSpace objects, 0(0B) LOS objects, 31% free, 34MB/50MB, paused 240us total 10.757ms
I/art     ( 9835): Starting a blocking GC Explicit
I/art     ( 9835): Explicit concurrent mark sweep GC freed 17(1408B) AllocSpace objects, 0(0B) LOS objects, 31% free, 34MB/50MB, paused 235us total 10.068ms
I/art     ( 9835): Starting a blocking GC Explicit
I/art     ( 9835): Explicit concurrent mark sweep GC freed 3(96B) AllocSpace objects, 0(0B) LOS objects, 31% free, 34MB/50MB, paused 237us total 10.116ms
I/art     ( 9835): Starting a blocking GC Explicit
I/art     ( 9835): Explicit concurrent mark sweep GC freed 3(96B) AllocSpace objects, 0(0B) LOS objects, 31% free, 34MB/50MB, paused 241us total 10.102ms
I/art     ( 9835): Starting a blocking GC Explicit
I/art     ( 9835): Explicit concurrent mark sweep GC freed 2783(211KB) AllocSpace objects, 1(20KB) LOS objects, 31% free, 34MB/50MB, paused 277us total 15.649ms
I/art     ( 9835): Starting a blocking GC Explicit
I/art     ( 9835): Explicit concurrent mark sweep GC freed 34(2008B) AllocSpace objects, 0(0B) LOS objects, 31% free, 34MB/50MB, paused 239us total 10.048ms
I/art     ( 9835): Starting a blocking GC Explicit
I/art     ( 9835): Explicit concurrent mark sweep GC freed 3(96B) AllocSpace objects, 0(0B) LOS objects, 31% free, 34MB/50MB, paused 238us total 10.070ms
I/art     ( 9835): Starting a blocking GC Explicit
I/art     ( 9835): Explicit concurrent mark sweep GC freed 17(1408B) AllocSpace objects, 0(0B) LOS objects, 31% free, 34MB/50MB, paused 233us total 10.123ms
I/art     ( 9835): Starting a blocking GC Explicit
I/art     ( 9835): Explicit concurrent mark sweep GC freed 3(96B) AllocSpace objects, 0(0B) LOS objects, 31% free, 34MB/50MB, paused 232us total 10.116ms
I/ServiceManager(  557): Waiting for service AtCmdFwd...
