D/Mono    ( 9715): Assembly System.Reflection.Extensions[0xeaa9f6a0] added to domain RootDomain, ref_count=1
D/Mono    ( 9715): AOT module 'System.Reflection.Extensions.dll.so' not found: dlopen failed: library "/data/app/com.careerbuilder.SugarDrone-1/lib/arm/libaot-System.Reflection.Extensions.dll.so" not found
D/Mono    ( 9715): AOT module '/Users/builder/data/lanes/4009/f3074d2c/source/monodroid/builds/install/mono-armv6/lib/mono/aot-cache/arm/System.Reflection.Extensions.dll.so' not found: dlopen failed: library "/data/app/com.careerbuilder.SugarDrone-1/lib/arm/libaot-System.Reflection.Extensions.dll.so" not found
D/Mono    ( 9715): Config attempting to parse: 'System.Reflection.Extensions.dll.config'.
D/Mono    ( 9715): Config attempting to parse: '/Users/builder/data/lanes/4009/f3074d2c/source/monodroid/builds/install/mono-armv6/etc/mono/assemblies/System.Reflection.Extensions/System.Reflection.Extensions.config'.
D/Mono    ( 9715): Assembly Ref addref Java.Interop[0xeaa9efe0] -> System.Reflection.Extensions[0xeaa9f6a0]: 2
D/Mono    ( 9715): Assembly Ref addref System.Reflection.Extensions[0xeaa9f6a0] -> mscorlib[0xeaa9dea0]: 11
D/Mono    ( 9715): Assembly Ref addref Mono.Android[0xeaa9ef80] -> System.Core[0xeaa9f580]: 3
D/Mono    ( 9715): DllImport searching in: '__Internal' ('(null)').
D/Mono    ( 9715): Searching for 'monodroid_typemap_managed_to_java'.
D/Mono    ( 9715): Probing 'monodroid_typemap_managed_to_java'.
D/Mono    ( 9715): Found as 'monodroid_typemap_managed_to_java'.
D/Mono    ( 9715): DllImport searching in: '__Internal' ('(null)').
D/Mono    ( 9715): Searching for 'java_interop_jnienv_alloc_object'.
D/Mono    ( 9715): Probing 'java_interop_jnienv_alloc_object'.
D/Mono    ( 9715): Found as 'java_interop_jnienv_alloc_object'.
D/WifiStateMachine(  927): starting scan for "xtc-ag"WPA_PSK with 5240,5180,5220,5200
D/Mono    ( 9715): DllImport searching in: '__Internal' ('(null)').
D/Mono    ( 9715): Searching for '_monodroid_gc_wait_for_bridge_processing'.
D/Mono    ( 9715): Probing '_monodroid_gc_wait_for_bridge_processing'.
D/Mono    ( 9715): Found as '_monodroid_gc_wait_for_bridge_processing'.
D/Mono    ( 9715): DllImport searching in: '__Internal' ('(null)').
D/Mono    ( 9715): Searching for 'java_interop_jnienv_register_natives'.
D/Mono    ( 9715): Probing 'java_interop_jnienv_register_natives'.
D/Mono    ( 9715): Found as 'java_interop_jnienv_register_natives'.
D/Mono    ( 9715): DllImport searching in: '__Internal' ('(null)').
D/Mono    ( 9715): Searching for 'java_interop_jnienv_call_nonvirtual_void_method_a'.
D/Mono    ( 9715): Probing 'java_interop_jnienv_call_nonvirtual_void_method_a'.
D/Mono    ( 9715): Found as 'java_interop_jnienv_call_nonvirtual_void_method_a'.
D/Mono    ( 9715): DllImport searching in: '__Internal' ('(null)').
D/Mono    ( 9715): Searching for 'java_interop_jnienv_is_same_object'.
D/Mono    ( 9715): Probing 'java_interop_jnienv_is_same_object'.
D/Mono    ( 9715): Found as 'java_interop_jnienv_is_same_object'.
D/Mono    ( 9715): DllImport searching in: '__Internal' ('(null)').
D/Mono    ( 9715): Searching for 'java_interop_jnienv_call_static_void_method_a'.
D/Mono    ( 9715): Probing 'java_interop_jnienv_call_static_void_method_a'.
D/Mono    ( 9715): Found as 'java_interop_jnienv_call_static_void_method_a'.
D/Mono    ( 9715): Assembly Ref addref AppsFlyerXamarinBindingAndroid[0xeaa9df60] -> mscorlib[0xeaa9dea0]: 12
D/Mono    ( 9715): Assembly Ref addref AppsFlyerXamarinBindingAndroid[0xeaa9df60] -> Mono.Android[0xeaa9ef80]: 2
D/Mono    ( 9715): Assembly Ref addref HockeySDK[0xeaa9dfc0] -> mscorlib[0xeaa9dea0]: 13
D/Mono    ( 9715): Assembly Ref addref HockeySDK[0xeaa9dfc0] -> Mono.Android[0xeaa9ef80]: 3
D/Mono    ( 9715): Assembly Ref addref Xamarin.GooglePlayServices.Analytics[0xeaa9e620] -> mscorlib[0xeaa9dea0]: 14
D/Mono    ( 9715): Assembly Ref addref Xamarin.GooglePlayServices.Analytics[0xeaa9e620] -> Mono.Android[0xeaa9ef80]: 4
D/Mono    ( 9715): Assembly Ref addref Xamarin.GooglePlayServices.Base[0xeaa9e680] -> mscorlib[0xeaa9dea0]: 15
D/Mono    ( 9715): Assembly Ref addref Xamarin.GooglePlayServices.Base[0xeaa9e680] -> Mono.Android[0xeaa9ef80]: 5
D/Mono    ( 9715): Assembly Ref addref Xamarin.GooglePlayServices.Basement[0xeaa9e6e0] -> mscorlib[0xeaa9dea0]: 16
D/Mono    ( 9715): Assembly Ref addref Xamarin.GooglePlayServices.Basement[0xeaa9e6e0] -> Mono.Android[0xeaa9ef80]: 6
D/Mono    ( 9715): Assembly Ref addref FloatingActionButton-Xamarin[0xeaa9e860] -> mscorlib[0xeaa9dea0]: 17
D/Mono    ( 9715): Assembly Ref addref FloatingActionButton-Xamarin[0xeaa9e860] -> Mono.Android[0xeaa9ef80]: 7
D/Mono    ( 9715): Assembly Ref addref Xamarin.Android.Support.v4[0xeaa9e8c0] -> mscorlib[0xeaa9dea0]: 18
D/Mono    ( 9715): Assembly Ref addref Xamarin.Android.Support.v4[0xeaa9e8c0] -> Mono.Android[0xeaa9ef80]: 8
D/Mono    ( 9715): Assembly Ref addref Xamarin.Android.Support.v7.RecyclerView[0xeaa9e920] -> mscorlib[0xeaa9dea0]: 19
D/Mono    ( 9715): Assembly Ref addref Xamarin.Android.Support.v7.RecyclerView[0xeaa9e920] -> Mono.Android[0xeaa9ef80]: 9
D/Mono    ( 9715): Assembly Ref addref Xamarin.Android.Support.Vector.Drawable[0xeaa9e980] -> mscorlib[0xeaa9dea0]: 20
D/Mono    ( 9715): Assembly Ref addref Xamarin.Android.Support.Vector.Drawable[0xeaa9e980] -> Mono.Android[0xeaa9ef80]: 10
D/Mono    ( 9715): Assembly Ref addref Xamarin.Android.Support.Animated.Vector.Drawable[0xeaa9e9e0] -> mscorlib[0xeaa9dea0]: 21
D/Mono    ( 9715): Assembly Ref addref Xamarin.Android.Support.Animated.Vector.Drawable[0xeaa9e9e0] -> Mono.Android[0xeaa9ef80]: 11
D/Mono    ( 9715): Assembly Ref addref Xamarin.Android.Support.v7.AppCompat[0xeaa9ea40] -> mscorlib[0xeaa9dea0]: 22
D/Mono    ( 9715): Assembly Ref addref Xamarin.Android.Support.v7.AppCompat[0xeaa9ea40] -> Mono.Android[0xeaa9ef80]: 12
D/Mono    ( 9715): Assembly Ref addref Xamarin.Android.Support.Design[0xeaa9eaa0] -> mscorlib[0xeaa9dea0]: 23
D/Mono    ( 9715): Assembly Ref addref Xamarin.Android.Support.Design[0xeaa9eaa0] -> Mono.Android[0xeaa9ef80]: 13
D/Mono    ( 9715): Assembly Ref addref Xamarin.Android.Support.v7.CardView[0xeaa9eb00] -> mscorlib[0xeaa9dea0]: 24
D/Mono    ( 9715): Assembly Ref addref Xamarin.Android.Support.v7.CardView[0xeaa9eb00] -> Mono.Android[0xeaa9ef80]: 14
D/Mono    ( 9715): Assembly Ref addref FlexboxLayoutXamarinBindingAndroid[0xeaa9ee60] -> mscorlib[0xeaa9dea0]: 25
D/Mono    ( 9715): Assembly Ref addref FlexboxLayoutXamarinBindingAndroid[0xeaa9ee60] -> Mono.Android[0xeaa9ef80]: 15
D/Mono    ( 9715): Assembly Ref addref CareerBuilder_Search.Droid[0xeaa9df00] -> Mono.Android[0xeaa9ef80]: 16
D/Mono    ( 9715): Assembly Ref addref CareerBuilder_Search.Droid[0xeaa9df00] -> mscorlib[0xeaa9dea0]: 26
D/Mono    ( 9715): Image addref Mono.Android.Export[0xeaa9fbe0] -> Mono.Android.Export.dll[0xef3e0800]: 2
D/Mono    ( 9715): Prepared to set up assembly 'Mono.Android.Export' (Mono.Android.Export.dll)
D/Mono    ( 9715): Assembly Mono.Android.Export[0xeaa9fbe0] added to domain RootDomain, ref_count=1
D/Mono    ( 9715): AOT module 'Mono.Android.Export.dll.so' not found: dlopen failed: library "/data/app/com.careerbuilder.SugarDrone-1/lib/arm/libaot-Mono.Android.Export.dll.so" not found
D/Mono    ( 9715): AOT module '/Users/builder/data/lanes/4009/f3074d2c/source/monodroid/builds/install/mono-armv6/lib/mono/aot-cache/arm/Mono.Android.Export.dll.so' not found: dlopen failed: library "/data/app/com.careerbuilder.SugarDrone-1/lib/arm/libaot-Mono.Android.Export.dll.so" not found
D/Mono    ( 9715): Config attempting to parse: 'Mono.Android.Export.dll.config'.
D/Mono    ( 9715): Config attempting to parse: '/Users/builder/data/lanes/4009/f3074d2c/source/monodroid/builds/install/mono-armv6/etc/mono/assemblies/Mono.Android.Export/Mono.Android.Export.config'.
D/Mono    ( 9715): Assembly Ref addref Mono.Android.Export[0xeaa9fbe0] -> mscorlib[0xeaa9dea0]: 27
D/Mono    ( 9715): Assembly Ref addref Mono.Android.Export[0xeaa9fbe0] -> Mono.Android[0xeaa9ef80]: 17
D/Mono    ( 9715): Image addref System.Xml[0xeaa9f8e0] -> System.Xml.dll[0xef3e1700]: 2
D/Mono    ( 9715): Prepared to set up assembly 'System.Xml' (System.Xml.dll)
D/Mono    ( 9715): Assembly System.Xml[0xeaa9f8e0] added to domain RootDomain, ref_count=1
D/Mono    ( 9715): AOT module 'System.Xml.dll.so' not found: dlopen failed: library "/data/app/com.careerbuilder.SugarDrone-1/lib/arm/libaot-System.Xml.dll.so" not found
D/Mono    ( 9715): AOT module '/Users/builder/data/lanes/4009/f3074d2c/source/monodroid/builds/install/mono-armv6/lib/mono/aot-cache/arm/System.Xml.dll.so' not found: dlopen failed: library "/data/app/com.careerbuilder.SugarDrone-1/lib/arm/libaot-System.Xml.dll.so" not found
D/Mono    ( 9715): Config attempting to parse: 'System.Xml.dll.config'.
D/Mono    ( 9715): Config attempting to parse: '/Users/builder/data/lanes/4009/f3074d2c/source/monodroid/builds/install/mono-armv6/etc/mono/assemblies/System.Xml/System.Xml.config'.
D/Mono    ( 9715): Assembly Ref addref Mono.Android.Export[0xeaa9fbe0] -> System.Xml[0xeaa9f8e0]: 2
D/Mono    ( 9715): Assembly Ref addref System.Xml[0xeaa9f8e0] -> mscorlib[0xeaa9dea0]: 28
D/Mono    ( 9715): Assembly Ref addref Mono.Android[0xeaa9ef80] -> System.Xml[0xeaa9f8e0]: 3
D/Mono    ( 9715): Assembly Ref addref Mono.Android.Export[0xeaa9fbe0] -> System.Core[0xeaa9f580]: 4
D/Mono    ( 9715): Image addref System.Net.Http[0xeaa9fdc0] -> System.Net.Http.dll[0xdad70900]: 2
D/Mono    ( 9715): Prepared to set up assembly 'System.Net.Http' (System.Net.Http.dll)
D/Mono    ( 9715): Assembly System.Net.Http[0xeaa9fdc0] added to domain RootDomain, ref_count=1
D/Mono    ( 9715): AOT module 'System.Net.Http.dll.so' not found: dlopen failed: library "/data/app/com.careerbuilder.SugarDrone-1/lib/arm/libaot-System.Net.Http.dll.so" not found
D/Mono    ( 9715): AOT module '/Users/builder/data/lanes/4009/f3074d2c/source/monodroid/builds/install/mono-armv6/lib/mono/aot-cache/arm/System.Net.Http.dll.so' not found: dlopen failed: library "/data/app/com.careerbuilder.SugarDrone-1/lib/arm/libaot-System.Net.Http.dll.so" not found
D/Mono    ( 9715): Config attempting to parse: 'System.Net.Http.dll.config'.
D/Mono    ( 9715): Config attempting to parse: '/Users/builder/data/lanes/4009/f3074d2c/source/monodroid/builds/install/mono-armv6/etc/mono/assemblies/System.Net.Http/System.Net.Http.config'.
D/Mono    ( 9715): Assembly Ref addref CareerBuilder_Search.Droid[0xeaa9df00] -> System.Net.Http[0xeaa9fdc0]: 2
D/Mono    ( 9715): Assembly Ref addref System.Net.Http[0xeaa9fdc0] -> mscorlib[0xeaa9dea0]: 29
I/System.out( 9715): Calabash loaded Mono
I/calabash( 9715): Test server port: 7102
I/InstrumentationBackend( 9715): Added:'NullAction', with key:'nullAction'
I/InstrumentationBackend( 9715): Added:'GetActivityOrientation', with key:'get_activity_orientation'
I/InstrumentationBackend( 9715): Added:'SetActivityOrientation', with key:'set_activity_orientation'
I/InstrumentationBackend( 9715): Added:'DpToDevicePixel', with key:'dp_to_device_pixel'
I/InstrumentationBackend( 9715): Added:'ClickOnScreen', with key:'click_on_screen'
I/InstrumentationBackend( 9715): Added:'DoubleTapCoordinate', with key:'double_tap_coordinate'
I/InstrumentationBackend( 9715): Added:'Drag', with key:'drag'
I/InstrumentationBackend( 9715): Added:'DragCoordinates', with key:'drag_coordinates'
I/InstrumentationBackend( 9715): Added:'LongPressCoordinate', with key:'long_press_coordinate'
I/InstrumentationBackend( 9715): Added:'ResumeApplication', with key:'resume_application'
I/InstrumentationBackend( 9715): Added:'Swipe', with key:'swipe'
I/InstrumentationBackend( 9715): Added:'TouchCoordinates', with key:'touch_coordinate'
I/InstrumentationBackend( 9715): Added:'ListActions', with key:'list_actions'
I/InstrumentationBackend( 9715): Added:'SendTcp', with key:'send_tcp'
I/InstrumentationBackend( 9715): Added:'PressElement', with key:'press_l10n_element'
I/InstrumentationBackend( 9715): Added:'WaitForElement', with key:'wait_for_l10n_element'
I/InstrumentationBackend( 9715): Added:'FakeGPSLocation', with key:'set_gps_coordinates'
I/InstrumentationBackend( 9715): Added:'GetMapBounds', with key:'get_map_bounds'
I/InstrumentationBackend( 9715): Added:'GetMapCenter', with key:'get_map_center'
I/InstrumentationBackend( 9715): Added:'GetMapMarker', with key:'get_map_marker'
I/InstrumentationBackend( 9715): Added:'GetMapMarkers', with key:'get_map_markers'
I/InstrumentationBackend( 9715): Added:'GetMapZoom', with key:'get_map_zoom'
I/InstrumentationBackend( 9715): Added:'PanMapTo', with key:'pan_map_to'
I/InstrumentationBackend( 9715): Added:'SetMapCenter', with key:'set_map_center'
I/InstrumentationBackend( 9715): Added:'SetMapZoom', with key:'set_map_zoom'
I/InstrumentationBackend( 9715): Added:'TapAwayFromMarkers', with key:'tap_map_away_from_markers'
I/InstrumentationBackend( 9715): Added:'TapMapMarker', with key:'tap_map_marker_by_title'
I/InstrumentationBackend( 9715): Added:'ClearPreferences', with key:'clear_preferences'
I/InstrumentationBackend( 9715): Added:'GetPreferences', with key:'get_preferences'
I/ServiceManager(  596): Waiting for service AtCmdFwd...
I/InstrumentationBackend( 9715): Added:'SetPreferences', with key:'set_preferences'
I/InstrumentationBackend( 9715): Added:'PressKey', with key:'press_key'
I/InstrumentationBackend( 9715): Added:'DeleteSurroundingText', with key:'delete_surrounding_text'
I/InstrumentationBackend( 9715): Added:'HideSoftKeyboard', with key:'hide_soft_keyboard'
I/InstrumentationBackend( 9715): Added:'KeyboardEnterText', with key:'keyboard_enter_text'
I/InstrumentationBackend( 9715): Added:'KeyboardKeyEvent', with key:'keyboard_key_event'
I/InstrumentationBackend( 9715): Added:'PressUserActionButton', with key:'press_user_action_button'
I/InstrumentationBackend( 9715): Added:'SetComposingRegion', with key:'set_composing_region'
I/InstrumentationBackend( 9715): Added:'SetSelection', with key:'set_selection'
I/InstrumentationBackend( 9715): Added:'AndroidSDKVersion', with key:'android_sdk_version'
I/InstrumentationBackend( 9715): Added:'Version', with key:'version'
I/InstrumentationBackend( 9715): Added:'GetActivityName', with key:'get_activity_name'
I/InstrumentationBackend( 9715): Added:'IsCurrentActivityFocused', with key:'is_current_activity_focused'
I/InstrumentationBackend( 9715): Added:'ScrollToView', with key:'scroll_to_view'
I/InstrumentationBackend( 9715): Added:'ViewConfiguration', with key:'view_configuration'
I/InstrumentationBackend( 9715): Added:'DumpBodyHtml', with key:'dump_body_html'
I/InstrumentationBackend( 9715): Added:'DumpHtml', with key:'dump_html'
I/InstrumentationBackend( 9715): Added:'EnterTextByCssSelector', with key:'enter_text_by_selector'
I/InstrumentationBackend( 9715): Added:'GetLoadProgress', with key:'get_load_progress'
I/InstrumentationBackend( 9715): Added:'GetUrl', with key:'get_url'
I/InstrumentationBackend( 9715): Added:'ScrollTo', with key:'scroll_to'
I/InstrumentationBackend( 9715): Added:'SetPropertyByCssSelector', with key:'set_property_by_css_selector'
I/calabash( 9715): Instantiating http server at 7102
I/System.out( 9715): HTTP Daemon listening on: 7102
I/ThermalEngine(  516): ACTION: GPU - Setting GPU[0] to 510000000
I/System.out( 9715): URI: /ready
I/System.out( 9715): params: {}
I/System.out( 9715): URI: /ready
I/System.out( 9715): params: {}
I/ServiceManager(  596): Waiting for service AtCmdFwd...
I/System.out( 9715): URI: /ping
I/System.out( 9715): params: {json={"intent":null }
I/System.out( 9715): }
I/System.out( 9715): URI: /ready
I/System.out( 9715): params: {json={"intent":null }
I/System.out( 9715): }
I/System.out( 9715): URI: /start-application
I/System.out( 9715): params: {json={"intent":null }
I/System.out( 9715): }
I/calabash( 9715): execStartActivity 4
I/ActivityManager(  927): START u0 {act=android.intent.action.MAIN cat=[android.intent.category.LAUNCHER] flg=0x10200000 cmp=com.careerbuilder.SugarDrone/md537fd6201b6818e2e180d2f7606e21a83.AppMainActivity (has extras)} from uid 18984 on display 0
I/calabash( 9715): newActivity1
D/Mono    ( 9715): Assembly Ref addref CareerBuilder_Search.Droid[0xeaa9df00] -> Xamarin.Android.Support.v7.AppCompat[0xeaa9ea40]: 2
D/Mono    ( 9715): Assembly Ref addref Xamarin.Android.Support.v7.AppCompat[0xeaa9ea40] -> Xamarin.Android.Support.v4[0xeaa9e8c0]: 2
D/Mono    ( 9715): DllImport searching in: '__Internal' ('(null)').
D/Mono    ( 9715): Searching for 'java_interop_jnienv_get_array_length'.
D/Mono    ( 9715): Probing 'java_interop_jnienv_get_array_length'.
D/Mono    ( 9715): Found as 'java_interop_jnienv_get_array_length'.
D/Mono    ( 9715): Assembly Ref addref CareerBuilder_Search.Droid[0xeaa9df00] -> CareerBuilder_Search[0xeaa9ef20]: 2
D/Mono    ( 9715): Assembly Ref addref CareerBuilder_Search.Droid[0xeaa9df00] -> Xamarin.Android.Support.v4[0xeaa9e8c0]: 3
D/Mono    ( 9715): DllImport searching in: '__Internal' ('(null)').
D/Mono    ( 9715): Searching for 'java_interop_jnienv_new_string'.
D/Mono    ( 9715): Probing 'java_interop_jnienv_new_string'.
D/Mono    ( 9715): Found as 'java_interop_jnienv_new_string'.
D/Mono    ( 9715): Assembly Ref addref CareerBuilder_Search.Droid[0xeaa9df00] -> Plugin.CurrentActivity[0xeaa9e380]: 2
D/Mono    ( 9715): Assembly Ref addref Plugin.CurrentActivity[0xeaa9e380] -> mscorlib[0xeaa9dea0]: 30
D/Mono    ( 9715): Assembly Ref addref Plugin.CurrentActivity[0xeaa9e380] -> Mono.Android[0xeaa9ef80]: 18
D/Mono    ( 9715): [0xda699930] worker starting
D/Mono    ( 9715): [0xda53f930] worker starting
D/Mono    ( 9715): Unloading image System.Runtime.dll [0xef5f4400].
D/Mono    ( 9715): Image addref System.Runtime[0xef5fd5a0] -> System.Runtime.dll[0xea91f900]: 5
D/Mono    ( 9715): Config attempting to parse: 'System.Runtime.dll.config'.
D/Mono    ( 9715): Config attempting to parse: '/Users/builder/data/lanes/4009/f3074d2c/source/monodroid/builds/install/mono-armv6/etc/mono/assemblies/System.Runtime/System.Runtime.config'.
D/Mono    ( 9715): Assembly Ref addref CareerBuilder_Search[0xeaa9ef20] -> System.Runtime[0xeaa9f040]: 3
D/Mono    ( 9715): Assembly Ref addref CareerBuilder_Search[0xeaa9ef20] -> Plugin.DeviceInfo.Abstractions[0xeaa9e5c0]: 2
D/Mono    ( 9715): Unloading image System.Runtime.dll [0xef5f4900].
D/Mono    ( 9715): Image addref System.Runtime[0xef5fd5a0] -> System.Runtime.dll[0xea91f900]: 6
D/Mono    ( 9715): Config attempting to parse: 'System.Runtime.dll.config'.
D/Mono    ( 9715): Config attempting to parse: '/Users/builder/data/lanes/4009/f3074d2c/source/monodroid/builds/install/mono-armv6/etc/mono/assemblies/System.Runtime/System.Runtime.config'.
D/Mono    ( 9715): Assembly Ref addref Plugin.DeviceInfo.Abstractions[0xeaa9e5c0] -> System.Runtime[0xeaa9f040]: 4
D/Mono    ( 9715): Assembly Ref addref CareerBuilder_Search.Droid[0xeaa9df00] -> Akavache[0xeaa9e020]: 2
D/Mono    ( 9715): Assembly Ref addref Akavache[0xeaa9e020] -> mscorlib[0xeaa9dea0]: 31
D/Mono    ( 9715): Assembly Ref addref Akavache[0xeaa9e020] -> System.Reactive.Interfaces[0xeaa9ec80]: 2
D/Mono    ( 9715): Assembly Ref addref Akavache[0xeaa9e020] -> System.Reactive.Core[0xeaa9ec20]: 2
D/Mono    ( 9715): Unloading image System.Runtime.dll [0xef5f4900].
D/Mono    ( 9715): Image addref System.Runtime[0xef5fd5a0] -> System.Runtime.dll[0xea91f900]: 7
D/Mono    ( 9715): Config attempting to parse: 'System.Runtime.dll.config'.
D/Mono    ( 9715): Config attempting to parse: '/Users/builder/data/lanes/4009/f3074d2c/source/monodroid/builds/install/mono-armv6/etc/mono/assemblies/System.Runtime/System.Runtime.config'.
D/Mono    ( 9715): Assembly Ref addref System.Reactive.Core[0xeaa9ec20] -> System.Runtime[0xeaa9f040]: 5
D/OpenGLRenderer( 9715): Use EGL_SWAP_BEHAVIOR_PRESERVED: true
D/Mono    ( 9715): DllImport searching in: '__Internal' ('(null)').
D/Mono    ( 9715): Searching for 'java_interop_jnienv_call_nonvirtual_object_method_a'.
D/Mono    ( 9715): Probing 'java_interop_jnienv_call_nonvirtual_object_method_a'.
D/Mono    ( 9715): Found as 'java_interop_jnienv_call_nonvirtual_object_method_a'.
D/Mono    ( 9715): Assembly Ref addref CareerBuilder_Search.Droid[0xeaa9df00] -> Microsoft.Practices.Unity[0xeaa9e320]: 2
D/Mono    ( 9715): Unloading image System.Runtime.dll [0xef5f4900].
D/Mono    ( 9715): Image addref System.Runtime[0xef5fd5a0] -> System.Runtime.dll[0xea91f900]: 8
D/Mono    ( 9715): Config attempting to parse: 'System.Runtime.dll.config'.
D/Mono    ( 9715): Config attempting to parse: '/Users/builder/data/lanes/4009/f3074d2c/source/monodroid/builds/install/mono-armv6/etc/mono/assemblies/System.Runtime/System.Runtime.config'.
D/Mono    ( 9715): Assembly Ref addref Microsoft.Practices.Unity[0xeaa9e320] -> System.Runtime[0xeaa9f040]: 6
D/Mono    ( 9715): Unloading image System.Collections.dll [0xef5f6200].
D/Mono    ( 9715): Image addref System.Collections[0xef5fd5a0] -> System.Collections.dll[0xea922600]: 5
D/Mono    ( 9715): Config attempting to parse: 'System.Collections.dll.config'.
D/Mono    ( 9715): Config attempting to parse: '/Users/builder/data/lanes/4009/f3074d2c/source/monodroid/builds/install/mono-armv6/etc/mono/assemblies/System.Collections/System.Collections.config'.
D/Mono    ( 9715): Assembly Ref addref Microsoft.Practices.Unity[0xeaa9e320] -> System.Collections[0xeaa9f2e0]: 3
D/Mono    ( 9715): Assembly Ref addref CareerBuilder_Search[0xeaa9ef20] -> Microsoft.Practices.Unity[0xeaa9e320]: 3
D/Mono    ( 9715): Assembly Ref addref CareerBuilder_Search.Droid[0xeaa9df00] -> Plugin.DeviceInfo.Abstractions[0xeaa9e5c0]: 3
D/Mono    ( 9715): Unloading image System.Diagnostics.Debug.dll [0xef5f6200].
D/Mono    ( 9715): Image addref System.Diagnostics.Debug[0xef5fd5a0] -> System.Diagnostics.Debug.dll[0xea921700]: 5
D/Mono    ( 9715): Config attempting to parse: 'System.Diagnostics.Debug.dll.config'.
D/Mono    ( 9715): Config attempting to parse: '/Users/builder/data/lanes/4009/f3074d2c/source/monodroid/builds/install/mono-armv6/etc/mono/assemblies/System.Diagnostics.Debug/System.Diagnostics.Debug.config'.
D/Mono    ( 9715): Assembly Ref addref CareerBuilder_Search[0xeaa9ef20] -> System.Diagnostics.Debug[0xeaa9f1c0]: 3
D/Mono    ( 9715): Assembly Ref addref System.Diagnostics.Debug[0xeaa9f1c0] -> mscorlib[0xeaa9dea0]: 32
D/Mono    ( 9715): Image addref System.Diagnostics.Tools[0xef5fd5a0] -> System.Diagnostics.Tools.dll[0xef5f6200]: 2
D/Mono    ( 9715): Prepared to set up assembly 'System.Diagnostics.Tools' (System.Diagnostics.Tools.dll)
D/Mono    ( 9715): Assembly System.Diagnostics.Tools[0xef5fd5a0] added to domain RootDomain, ref_count=1
D/Mono    ( 9715): AOT module 'System.Diagnostics.Tools.dll.so' not found: dlopen failed: library "/data/app/com.careerbuilder.SugarDrone-1/lib/arm/libaot-System.Diagnostics.Tools.dll.so" not found
D/Mono    ( 9715): AOT module '/Users/builder/data/lanes/4009/f3074d2c/source/monodroid/builds/install/mono-armv6/lib/mono/aot-cache/arm/System.Diagnostics.Tools.dll.so' not found: dlopen failed: library "/data/app/com.careerbuilder.SugarDrone-1/lib/arm/libaot-System.Diagnostics.Tools.dll.so" not found
D/Mono    ( 9715): Config attempting to parse: 'System.Diagnostics.Tools.dll.config'.
D/Mono    ( 9715): Config attempting to parse: '/Users/builder/data/lanes/4009/f3074d2c/source/monodroid/builds/install/mono-armv6/etc/mono/assemblies/System.Diagnostics.Tools/System.Diagnostics.Tools.config'.
D/Mono    ( 9715): Assembly Ref addref Microsoft.Practices.Unity[0xeaa9e320] -> System.Diagnostics.Tools[0xef5fd5a0]: 2
D/Mono    ( 9715): Assembly Ref addref System.Diagnostics.Tools[0xef5fd5a0] -> mscorlib[0xeaa9dea0]: 33
D/Mono    ( 9715): Image addref System.Resources.ResourceManager[0xef5fd660] -> System.Resources.ResourceManager.dll[0xef5f6700]: 2
D/Mono    ( 9715): Prepared to set up assembly 'System.Resources.ResourceManager' (System.Resources.ResourceManager.dll)
D/Mono    ( 9715): Assembly System.Resources.ResourceManager[0xef5fd660] added to domain RootDomain, ref_count=1
D/Mono    ( 9715): AOT module 'System.Resources.ResourceManager.dll.so' not found: dlopen failed: library "/data/app/com.careerbuilder.SugarDrone-1/lib/arm/libaot-System.Resources.ResourceManager.dll.so" not found
D/Mono    ( 9715): AOT module '/Users/builder/data/lanes/4009/f3074d2c/source/monodroid/builds/install/mono-armv6/lib/mono/aot-cache/arm/System.Resources.ResourceManager.dll.so' not found: dlopen failed: library "/data/app/com.careerbuilder.SugarDrone-1/lib/arm/libaot-System.Resources.ResourceManager.dll.so" not found
D/Mono    ( 9715): Config attempting to parse: 'System.Resources.ResourceManager.dll.config'.
D/Mono    ( 9715): Config attempting to parse: '/Users/builder/data/lanes/4009/f3074d2c/source/monodroid/builds/install/mono-armv6/etc/mono/assemblies/System.Resources.ResourceManager/System.Resources.ResourceManager.config'.
D/Mono    ( 9715): Assembly Ref addref Microsoft.Practices.Unity[0xeaa9e320] -> System.Resources.ResourceManager[0xef5fd660]: 2
D/Mono    ( 9715): Assembly Ref addref System.Resources.ResourceManager[0xef5fd660] -> mscorlib[0xeaa9dea0]: 34
D/Mono    ( 9715): Unloading image System.Reflection.dll [0xef5f6c00].
D/Mono    ( 9715): Image addref System.Reflection[0xef5fd6c0] -> System.Reflection.dll[0xea920d00]: 5
D/Mono    ( 9715): Config attempting to parse: 'System.Reflection.dll.config'.
D/Mono    ( 9715): Config attempting to parse: '/Users/builder/data/lanes/4009/f3074d2c/source/monodroid/builds/install/mono-armv6/etc/mono/assemblies/System.Reflection/System.Reflection.config'.
D/Mono    ( 9715): Assembly Ref addref Microsoft.Practices.Unity[0xeaa9e320] -> System.Reflection[0xeaa9f100]: 3
D/Mono    ( 9715): Unloading image System.Linq.dll [0xef5f6c00].
D/Mono    ( 9715): Image addref System.Linq[0xef5fda20] -> System.Linq.dll[0xef3df900]: 5
D/Mono    ( 9715): Config attempting to parse: 'System.Linq.dll.config'.
D/Mono    ( 9715): Config attempting to parse: '/Users/builder/data/lanes/4009/f3074d2c/source/monodroid/builds/install/mono-armv6/etc/mono/assemblies/System.Linq/System.Linq.config'.
D/Mono    ( 9715): Assembly Ref addref Microsoft.Practices.Unity[0xeaa9e320] -> System.Linq[0xeaa9f400]: 3
D/Mono    ( 9715): Unloading image System.Threading.dll [0xef5f6c00].
D/Mono    ( 9715): Image addref System.Threading[0xef5fda20] -> System.Threading.dll[0xea921200]: 5
D/Mono    ( 9715): Config attempting to parse: 'System.Threading.dll.config'.
D/Mono    ( 9715): Config attempting to parse: '/Users/builder/data/lanes/4009/f3074d2c/source/monodroid/builds/install/mono-armv6/etc/mono/assemblies/System.Threading/System.Threading.config'.
D/Mono    ( 9715): Assembly Ref addref Microsoft.Practices.Unity[0xeaa9e320] -> System.Threading[0xeaa9f160]: 3
I/Adreno  ( 9715): QUALCOMM build                   : 63c06b2, I8366cd0437
I/Adreno  ( 9715): Build Date                       : 10/21/15
I/Adreno  ( 9715): OpenGL ES Shader Compiler Version: XE031.05.13.02
I/Adreno  ( 9715): Local Branch                     : 
I/Adreno  ( 9715): Remote Branch                    : quic/LA.BF64.1.2.9_v2
I/Adreno  ( 9715): Remote Branch                    : NONE
I/Adreno  ( 9715): Reconstruct Branch               : NOTHING
D/Mono    ( 9715): Image addref System.Globalization[0xef5fd7e0] -> System.Globalization.dll[0xef5f7b00]: 2
D/Mono    ( 9715): Prepared to set up assembly 'System.Globalization' (System.Globalization.dll)
D/Mono    ( 9715): Assembly System.Globalization[0xef5fd7e0] added to domain RootDomain, ref_count=1
D/Mono    ( 9715): AOT module 'System.Globalization.dll.so' not found: dlopen failed: library "/data/app/com.careerbuilder.SugarDrone-1/lib/arm/libaot-System.Globalization.dll.so" not found
I/OpenGLRenderer( 9715): Initialized EGL, version 1.4
D/Mono    ( 9715): AOT module '/Users/builder/data/lanes/4009/f3074d2c/source/monodroid/builds/install/mono-armv6/lib/mono/aot-cache/arm/System.Globalization.dll.so' not found: dlopen failed: library "/data/app/com.careerbuilder.SugarDrone-1/lib/arm/libaot-System.Globalization.dll.so" not found
D/Mono    ( 9715): Config attempting to parse: 'System.Globalization.dll.config'.
D/Mono    ( 9715): Config attempting to parse: '/Users/builder/data/lanes/4009/f3074d2c/source/monodroid/builds/install/mono-armv6/etc/mono/assemblies/System.Globalization/System.Globalization.config'.
D/Mono    ( 9715): Assembly Ref addref Microsoft.Practices.Unity[0xeaa9e320] -> System.Globalization[0xef5fd7e0]: 2
D/Mono    ( 9715): Assembly Ref addref System.Globalization[0xef5fd7e0] -> mscorlib[0xeaa9dea0]: 35
I/ServiceManager(  596): Waiting for service AtCmdFwd...
D/Mono    ( 9715): Image addref System.Runtime.Extensions[0xef5fdae0] -> System.Runtime.Extensions.dll[0xd9f67400]: 2
D/Mono    ( 9715): Prepared to set up assembly 'System.Runtime.Extensions' (System.Runtime.Extensions.dll)
D/Mono    ( 9715): Assembly System.Runtime.Extensions[0xef5fdae0] added to domain RootDomain, ref_count=1
D/Mono    ( 9715): AOT module 'System.Runtime.Extensions.dll.so' not found: dlopen failed: library "/data/app/com.careerbuilder.SugarDrone-1/lib/arm/libaot-System.Runtime.Extensions.dll.so" not found
D/Mono    ( 9715): AOT module '/Users/builder/data/lanes/4009/f3074d2c/source/monodroid/builds/install/mono-armv6/lib/mono/aot-cache/arm/System.Runtime.Extensions.dll.so' not found: dlopen failed: library "/data/app/com.careerbuilder.SugarDrone-1/lib/arm/libaot-System.Runtime.Extensions.dll.so" not found
D/Mono    ( 9715): Config attempting to parse: 'System.Runtime.Extensions.dll.config'.
D/Mono    ( 9715): Config attempting to parse: '/Users/builder/data/lanes/4009/f3074d2c/source/monodroid/builds/install/mono-armv6/etc/mono/assemblies/System.Runtime.Extensions/System.Runtime.Extensions.config'.
D/Mono    ( 9715): Assembly Ref addref Microsoft.Practices.Unity[0xeaa9e320] -> System.Runtime.Extensions[0xef5fdae0]: 2
D/Mono    ( 9715): Assembly Ref addref System.Runtime.Extensions[0xef5fdae0] -> mscorlib[0xeaa9dea0]: 36
I/Keyboard.Facilitator( 3433): onFinishInput()
D/Mono    ( 9715): Image addref System.Linq.Expressions[0xef5fdcc0] -> System.Linq.Expressions.dll[0xd9f66a00]: 2
D/Mono    ( 9715): Prepared to set up assembly 'System.Linq.Expressions' (System.Linq.Expressions.dll)
D/Mono    ( 9715): Assembly System.Linq.Expressions[0xef5fdcc0] added to domain RootDomain, ref_count=1
D/Mono    ( 9715): AOT module 'System.Linq.Expressions.dll.so' not found: dlopen failed: library "/data/app/com.careerbuilder.SugarDrone-1/lib/arm/libaot-System.Linq.Expressions.dll.so" not found
D/Mono    ( 9715): AOT module '/Users/builder/data/lanes/4009/f3074d2c/source/monodroid/builds/install/mono-armv6/lib/mono/aot-cache/arm/System.Linq.Expressions.dll.so' not found: dlopen failed: library "/data/app/com.careerbuilder.SugarDrone-1/lib/arm/libaot-System.Linq.Expressions.dll.so" not found
D/Mono    ( 9715): Config attempting to parse: 'System.Linq.Expressions.dll.config'.
D/Mono    ( 9715): Config attempting to parse: '/Users/builder/data/lanes/4009/f3074d2c/source/monodroid/builds/install/mono-armv6/etc/mono/assemblies/System.Linq.Expressions/System.Linq.Expressions.config'.
D/Mono    ( 9715): Assembly Ref addref Microsoft.Practices.Unity[0xeaa9e320] -> System.Linq.Expressions[0xef5fdcc0]: 2
D/Mono    ( 9715): Assembly Ref addref System.Linq.Expressions[0xef5fdcc0] -> System.Core[0xeaa9f580]: 5
D/Mono    ( 9715): Assembly Ref addref System.Core[0xeaa9f580] -> System[0xeaa9f220]: 3
D/Mono    ( 9715): Assembly Ref addref CareerBuilder_Search.Droid[0xeaa9df00] -> Xamarin.GooglePlayServices.Analytics[0xeaa9e620]: 2
D/Mono    ( 9715): Assembly Ref addref CareerBuilder_Search.Droid[0xeaa9df00] -> Plugin.Geolocator.Abstractions[0xeaa9e500]: 2
D/Mono    ( 9715): Assembly Ref addref CareerBuilder_Search[0xeaa9ef20] -> System.Net.Http[0xeaa9fdc0]: 3
D/Mono    ( 9715): Assembly Ref addref CareerBuilder_Search[0xeaa9ef20] -> Plugin.DeviceInfo[0xeaa9e560]: 2
D/Mono    ( 9715): Assembly Ref addref Plugin.DeviceInfo[0xeaa9e560] -> mscorlib[0xeaa9dea0]: 37
D/Mono    ( 9715): Assembly Ref addref Plugin.DeviceInfo[0xeaa9e560] -> Plugin.DeviceInfo.Abstractions[0xeaa9e5c0]: 4
D/Mono    ( 9715): Image addref System.Threading.Tasks[0xd8efbd20] -> System.Threading.Tasks.dll[0xd9f69200]: 2
D/Mono    ( 9715): Prepared to set up assembly 'System.Threading.Tasks' (System.Threading.Tasks.dll)
D/Mono    ( 9715): Assembly System.Threading.Tasks[0xd8efbd20] added to domain RootDomain, ref_count=1
D/Mono    ( 9715): AOT module 'System.Threading.Tasks.dll.so' not found: dlopen failed: library "/data/app/com.careerbuilder.SugarDrone-1/lib/arm/libaot-System.Threading.Tasks.dll.so" not found
D/Mono    ( 9715): AOT module '/Users/builder/data/lanes/4009/f3074d2c/source/monodroid/builds/install/mono-armv6/lib/mono/aot-cache/arm/System.Threading.Tasks.dll.so' not found: dlopen failed: library "/data/app/com.careerbuilder.SugarDrone-1/lib/arm/libaot-System.Threading.Tasks.dll.so" not found
D/Mono    ( 9715): Config attempting to parse: 'System.Threading.Tasks.dll.config'.
D/Mono    ( 9715): Config attempting to parse: '/Users/builder/data/lanes/4009/f3074d2c/source/monodroid/builds/install/mono-armv6/etc/mono/assemblies/System.Threading.Tasks/System.Threading.Tasks.config'.
D/Mono    ( 9715): Assembly Ref addref CareerBuilder_Search[0xeaa9ef20] -> System.Threading.Tasks[0xd8efbd20]: 2
D/Mono    ( 9715): Assembly Ref addref System.Threading.Tasks[0xd8efbd20] -> mscorlib[0xeaa9dea0]: 38
D/Mono    ( 9715): Unloading image System.Collections.dll [0xd9f69700].
D/Mono    ( 9715): Image addref System.Collections[0xef5fda80] -> System.Collections.dll[0xea922600]: 6
D/Mono    ( 9715): Config attempting to parse: 'System.Collections.dll.config'.
D/Mono    ( 9715): Config attempting to parse: '/Users/builder/data/lanes/4009/f3074d2c/source/monodroid/builds/install/mono-armv6/etc/mono/assemblies/System.Collections/System.Collections.config'.
D/Mono    ( 9715): Assembly Ref addref CareerBuilder_Search[0xeaa9ef20] -> System.Collections[0xeaa9f2e0]: 4
D/Mono    ( 9715): Assembly Ref addref System.Collections[0xeaa9f2e0] -> System[0xeaa9f220]: 4
D/Mono    ( 9715): Assembly Ref addref System.Net.Http[0xeaa9fdc0] -> System[0xeaa9f220]: 5
I/ActivityManager(  927): Displayed com.careerbuilder.SugarDrone/md537fd6201b6818e2e180d2f7606e21a83.AppMainActivity: +357ms
D/Mono    ( 9715): Assembly Ref addref Microsoft.Practices.Unity[0xeaa9e320] -> System.Reflection.Extensions[0xeaa9f6a0]: 3
I/art     ( 9715): Starting a blocking GC Explicit
I/art     ( 9715): Explicit concurrent mark sweep GC freed 37373(2MB) AllocSpace objects, 14(280KB) LOS objects, 40% free, 20MB/34MB, paused 339us total 32.531ms
I/art     ( 9715): Starting a blocking GC Explicit
I/art     ( 9715): Explicit concurrent mark sweep GC freed 163(6KB) AllocSpace objects, 0(0B) LOS objects, 40% free, 20MB/34MB, paused 196us total 9.807ms
I/art     ( 9715): Starting a blocking GC Explicit
I/art     ( 9715): Explicit concurrent mark sweep GC freed 3(96B) AllocSpace objects, 0(0B) LOS objects, 40% free, 20MB/34MB, paused 190us total 10.032ms
I/art     ( 9715): Starting a blocking GC Explicit
I/art     ( 9715): Explicit concurrent mark sweep GC freed 3(96B) AllocSpace objects, 0(0B) LOS objects, 40% free, 20MB/34MB, paused 195us total 9.611ms
I/art     ( 9715): Starting a blocking GC Explicit
I/art     ( 9715): Explicit concurrent mark sweep GC freed 3(96B) AllocSpace objects, 0(0B) LOS objects, 40% free, 20MB/34MB, paused 198us total 9.607ms
I/System.out( 9715): URI: /map
I/System.out( 9715): params: {json={"query":"*","operation":{"method_name":"query","arguments":[]}}
I/System.out( 9715): }
D/Mono    ( 9715): Unloading image System.Threading.dll [0xd8ed3800].
D/Mono    ( 9715): Image addref System.Threading[0xd8edd180] -> System.Threading.dll[0xea921200]: 6
D/Mono    ( 9715): Config attempting to parse: 'System.Threading.dll.config'.
D/Mono    ( 9715): Config attempting to parse: '/Users/builder/data/lanes/4009/f3074d2c/source/monodroid/builds/install/mono-armv6/etc/mono/assemblies/System.Threading/System.Threading.config'.
D/Mono    ( 9715): Assembly Ref addref CareerBuilder_Search[0xeaa9ef20] -> System.Threading[0xeaa9f160]: 4
D/Mono    ( 9715): Assembly Ref addref System.Threading[0xeaa9f160] -> System.Core[0xeaa9f580]: 6
D/Mono    ( 9715): Assembly Ref addref System.Runtime[0xeaa9f040] -> System[0xeaa9f220]: 6
D/Mono    ( 9715): Assembly Ref addref CareerBuilder_Search[0xeaa9ef20] -> Newtonsoft.Json[0xeaa9eb60]: 2
D/Mono    ( 9715): Unloading image System.Runtime.dll [0xd8ed3d00].
D/Mono    ( 9715): Image addref System.Runtime[0xd8edd480] -> System.Runtime.dll[0xea91f900]: 9
D/Mono    ( 9715): Config attempting to parse: 'System.Runtime.dll.config'.
D/Mono    ( 9715): Config attempting to parse: '/Users/builder/data/lanes/4009/f3074d2c/source/monodroid/builds/install/mono-armv6/etc/mono/assemblies/System.Runtime/System.Runtime.config'.
D/Mono    ( 9715): Assembly Ref addref Newtonsoft.Json[0xeaa9eb60] -> System.Runtime[0xeaa9f040]: 7
D/Mono    ( 9715): Image addref System.Dynamic.Runtime[0xd8edd480] -> System.Dynamic.Runtime.dll[0xd8ed3d00]: 2
D/Mono    ( 9715): Prepared to set up assembly 'System.Dynamic.Runtime' (System.Dynamic.Runtime.dll)
D/Mono    ( 9715): Assembly System.Dynamic.Runtime[0xd8edd480] added to domain RootDomain, ref_count=1
D/Mono    ( 9715): AOT module 'System.Dynamic.Runtime.dll.so' not found: dlopen failed: library "/data/app/com.careerbuilder.SugarDrone-1/lib/arm/libaot-System.Dynamic.Runtime.dll.so" not found
D/Mono    ( 9715): AOT module '/Users/builder/data/lanes/4009/f3074d2c/source/monodroid/builds/install/mono-armv6/lib/mono/aot-cache/arm/System.Dynamic.Runtime.dll.so' not found: dlopen failed: library "/data/app/com.careerbuilder.SugarDrone-1/lib/arm/libaot-System.Dynamic.Runtime.dll.so" not found
D/Mono    ( 9715): Config attempting to parse: 'System.Dynamic.Runtime.dll.config'.
D/Mono    ( 9715): Config attempting to parse: '/Users/builder/data/lanes/4009/f3074d2c/source/monodroid/builds/install/mono-armv6/etc/mono/assemblies/System.Dynamic.Runtime/System.Dynamic.Runtime.config'.
D/Mono    ( 9715): Assembly Ref addref Newtonsoft.Json[0xeaa9eb60] -> System.Dynamic.Runtime[0xd8edd480]: 2
D/Mono    ( 9715): Assembly Ref addref System.Dynamic.Runtime[0xd8edd480] -> System.Core[0xeaa9f580]: 7
D/Mono    ( 9715): Image addref System.ObjectModel[0xd8edd300] -> System.ObjectModel.dll[0xd8ed3300]: 2
D/Mono    ( 9715): Prepared to set up assembly 'System.ObjectModel' (System.ObjectModel.dll)
D/Mono    ( 9715): Assembly System.ObjectModel[0xd8edd300] added to domain RootDomain, ref_count=1
D/Mono    ( 9715): AOT module 'System.ObjectModel.dll.so' not found: dlopen failed: library "/data/app/com.careerbuilder.SugarDrone-1/lib/arm/libaot-System.ObjectModel.dll.so" not found
D/Mono    ( 9715): AOT module '/Users/builder/data/lanes/4009/f3074d2c/source/monodroid/builds/install/mono-armv6/lib/mono/aot-cache/arm/System.ObjectModel.dll.so' not found: dlopen failed: library "/data/app/com.careerbuilder.SugarDrone-1/lib/arm/libaot-System.ObjectModel.dll.so" not found
D/Mono    ( 9715): Config attempting to parse: 'System.ObjectModel.dll.config'.
D/Mono    ( 9715): Config attempting to parse: '/Users/builder/data/lanes/4009/f3074d2c/source/monodroid/builds/install/mono-armv6/etc/mono/assemblies/System.ObjectModel/System.ObjectModel.config'.
D/Mono    ( 9715): Assembly Ref addref Newtonsoft.Json[0xeaa9eb60] -> System.ObjectModel[0xd8edd300]: 2
D/Mono    ( 9715): Assembly Ref addref System.ObjectModel[0xd8edd300] -> System[0xeaa9f220]: 7
W/ResourceType( 9715): No known package when getting name for resource number 0xffffffff
W/ResourceType( 9715): No known package when getting name for resource number 0xffffffff
W/ResourceType( 9715): No known package when getting name for resource number 0xffffffff
D/Mono    ( 9715): Assembly Ref addref CareerBuilder_Search[0xeaa9ef20] -> System.Reactive.Core[0xeaa9ec20]: 3
D/Mono    ( 9715): DllImport attempting to load: '__Internal'.
D/Mono    ( 9715): DllImport loaded library '(null)'.
D/Mono    ( 9715): DllImport searching in: '__Internal' ('(null)').
D/Mono    ( 9715): Searching for 'monodroid_get_system_property'.
D/Mono    ( 9715): Probing 'monodroid_get_system_property'.
D/Mono    ( 9715): Found as 'monodroid_get_system_property'.
D/Mono    ( 9715): DllImport searching in: '__Internal' ('(null)').
D/Mono    ( 9715): Searching for 'monodroid_free'.
D/Mono    ( 9715): Probing 'monodroid_free'.
D/Mono    ( 9715): Found as 'monodroid_free'.
D/Mono    ( 9715): Assembly Ref addref CareerBuilder_Search.Droid[0xeaa9df00] -> Xamarin.Insights[0xeaa9e740]: 2
D/Mono    ( 9715): Assembly Ref addref Xamarin.Insights[0xeaa9e740] -> mscorlib[0xeaa9dea0]: 39
D/Mono    ( 9715): Assembly Ref addref Xamarin.Insights[0xeaa9e740] -> Mono.Android[0xeaa9ef80]: 19
D/Mono    ( 9715): Assembly Ref addref CareerBuilder_Search.Droid[0xeaa9df00] -> HockeySDK[0xeaa9dfc0]: 2
D/Mono    ( 9715): Assembly Ref addref CareerBuilder_Search.Droid[0xeaa9df00] -> AppsFlyerXamarinBindingAndroid[0xeaa9df60]: 2
D/Mono    ( 9715): DllImport searching in: '__Internal' ('(null)').
D/Mono    ( 9715): Searching for 'java_interop_jnienv_get_static_field_id'.
D/Mono    ( 9715): Probing 'java_interop_jnienv_get_static_field_id'.
D/Mono    ( 9715): Found as 'java_interop_jnienv_get_static_field_id'.
D/Mono    ( 9715): DllImport searching in: '__Internal' ('(null)').
D/Mono    ( 9715): Searching for 'java_interop_jnienv_get_static_int_field'.
D/Mono    ( 9715): Probing 'java_interop_jnienv_get_static_int_field'.
D/Mono    ( 9715): Found as 'java_interop_jnienv_get_static_int_field'.
D/Mono    ( 9715): DllImport searching in: '__Internal' ('(null)').
D/Mono    ( 9715): Searching for 'java_interop_jnienv_get_object_array_element'.
D/Mono    ( 9715): Probing 'java_interop_jnienv_get_object_array_element'.
D/Mono    ( 9715): Found as 'java_interop_jnienv_get_object_array_element'.
D/Mono    ( 9715): DllImport searching in: '__Internal' ('(null)').
D/Mono    ( 9715): Searching for 'java_interop_jnienv_call_boolean_method_a'.
D/Mono    ( 9715): Probing 'java_interop_jnienv_call_boolean_method_a'.
D/Mono    ( 9715): Found as 'java_interop_jnienv_call_boolean_method_a'.
D/Mono    ( 9715): DllImport searching in: '__Internal' ('(null)').
D/Mono    ( 9715): Searching for 'java_interop_jnienv_call_int_method_a'.
D/Mono    ( 9715): Probing 'java_interop_jnienv_call_int_method_a'.
D/Mono    ( 9715): Found as 'java_interop_jnienv_call_int_method_a'.
D/Mono    ( 9715): Assembly Ref addref Xamarin.Insights[0xeaa9e740] -> System.Core[0xeaa9f580]: 8
D/Mono    ( 9715): DllImport searching in: '__Internal' ('(null)').
D/Mono    ( 9715): Searching for 'java_interop_jnienv_call_static_long_method_a'.
D/Mono    ( 9715): Probing 'java_interop_jnienv_call_static_long_method_a'.
D/Mono    ( 9715): Found as 'java_interop_jnienv_call_static_long_method_a'.
D/Mono    ( 9715): Assembly Ref addref Xamarin.Insights[0xeaa9e740] -> System[0xeaa9f220]: 8
D/Mono    ( 9715): Assembly Ref addref Xamarin.Insights[0xeaa9e740] -> System.Net.Http[0xeaa9fdc0]: 4
I/System.out( 9715): URI: /map
I/System.out( 9715): params: {json={"query":"* id:'agreeAndContinueButton'","operation":{"method_name":"query","arguments":[]}}
I/System.out( 9715): }
D/Mono    ( 9715): DllImport searching in: '__Internal' ('(null)').
D/Mono    ( 9715): Searching for 'java_interop_jnienv_get_field_id'.
D/Mono    ( 9715): Probing 'java_interop_jnienv_get_field_id'.
D/Mono    ( 9715): Found as 'java_interop_jnienv_get_field_id'.
D/Mono    ( 9715): DllImport searching in: '__Internal' ('(null)').
D/Mono    ( 9715): Searching for 'java_interop_jnienv_get_object_field'.
D/Mono    ( 9715): Probing 'java_interop_jnienv_get_object_field'.
D/Mono    ( 9715): Found as 'java_interop_jnienv_get_object_field'.
W/Atfwd_Sendcmd(  596): AtCmdFwd service not published, waiting... retryCnt : 5
W/ResourceType( 9715): No known package when getting name for resource number 0xffffffff
W/ResourceType( 9715): No known package when getting name for resource number 0xffffffff
W/ResourceType( 9715): No known package when getting name for resource number 0xffffffff
D/Mono    ( 9715): DllImport searching in: '__Internal' ('(null)').
D/Mono    ( 9715): Searching for 'java_interop_jnienv_call_static_int_method_a'.
D/Mono    ( 9715): Probing 'java_interop_jnienv_call_static_int_method_a'.
D/Mono    ( 9715): Found as 'java_interop_jnienv_call_static_int_method_a'.
W/Xamarin.Insights( 9715): Warning: Insights data communication has been manually enabled
D/Mono    ( 9715): DllImport searching in: '__Internal' ('(null)').
D/Mono    ( 9715): Searching for 'java_interop_jnienv_get_static_object_field'.
D/Mono    ( 9715): Probing 'java_interop_jnienv_get_static_object_field'.
D/Mono    ( 9715): Found as 'java_interop_jnienv_get_static_object_field'.
D/Mono    ( 9715): DllImport searching in: '__Internal' ('(null)').
D/Mono    ( 9715): Searching for 'java_interop_jnienv_call_static_void_method'.
D/Mono    ( 9715): Probing 'java_interop_jnienv_call_static_void_method'.
D/Mono    ( 9715): Found as 'java_interop_jnienv_call_static_void_method'.
I/AppsFlyer_3.01( 9715): Start tracking package: com.careerbuilder.SugarDrone
I/AppsFlyer_3.01( 9715): AsendTrackingWithEvent from activity: md537fd6201b6818e2e180d2f7606e21a83.MainApplication
I/AppsFlyer_3.01-613363932( 9715): ******* sendTrackingWithEvent: Launch
I/GAv4    ( 9715): Google Analytics 8.4.87 is starting up. To enable debug logging on a device run:
I/GAv4    ( 9715):   adb shell setprop log.tag.GAv4 DEBUG
I/GAv4    ( 9715):   adb logcat -s GAv4
E/ActivityThread( 9715): Failed to find provider info for com.facebook.katana.provider.AttributionIdProvider
I/AppsFlyer_3.01( 9715): WARNING:READ_PHONE_STATE is missing
W/GAv4    ( 9715): AnalyticsReceiver is not registered or is disabled. Register the receiver for reliable dispatching on non-Google Play devices. See http://goo.gl/8Rd3yj for instructions.
W/GAv4    ( 9715): CampaignTrackingReceiver is not registered, not exported or is disabled. Installation campaign tracking is not possible. See http://goo.gl/8Rd3yj for instructions.
D/Mono    ( 9715): DllImport searching in: '__Internal' ('(null)').
D/Mono    ( 9715): Searching for 'java_interop_jnienv_call_void_method_a'.
D/Mono    ( 9715): Probing 'java_interop_jnienv_call_void_method_a'.
D/Mono    ( 9715): Found as 'java_interop_jnienv_call_void_method_a'.
D/AppsFlyer_3.01( 9715): AppsFlyer: first launch detected
I/AppsFlyer_3.01( 9715): AppsFlyer: first launch date: 2017-03-15_1029+0100
I/System.out( 9715): AppsFlyerLib.sendTrackingWithEvent
I/GAv4    ( 9715): Logger is deprecated. To enable debug logging, please run:
I/GAv4    ( 9715): adb shell setprop log.tag.GAv4 DEBUG
W/GAv4    ( 9715): AnalyticsService not registered in the app manifest. Hits might not be delivered reliably. See http://goo.gl/8Rd3yj for instructions.
D/Mono    ( 9715): DllImport searching in: '__Internal' ('(null)').
D/Mono    ( 9715): Searching for 'java_interop_jnienv_new_local_ref'.
D/Mono    ( 9715): Probing 'java_interop_jnienv_new_local_ref'.
D/Mono    ( 9715): Found as 'java_interop_jnienv_new_local_ref'.
D/Mono    ( 9715): Assembly Ref addref Plugin.DeviceInfo[0xeaa9e560] -> Mono.Android[0xeaa9ef80]: 20
W/Xamarin.Insights( 9715): Warning: Insights data communication has been manually enabled
I/AppsFlyer_3.01( 9715): Start tracking package: com.careerbuilder.SugarDrone
I/AppsFlyer_3.01-613363932( 9715): url: https://t.appsflyer.com/api/v3/androidevent?buildnumber=3.01&app_id=com.careerbuilder.SugarDrone
I/AppsFlyer_( 9715): data: device=angler&firstLaunchDate=2017-03-15_1029%2B0100&installDate=2017-03-15_1028%2B0100&sdk=23&carrier=&date1=2017-03-15_1028%2B0100&af_preinstalled=false&advertiserIdEnabled=true&iaecounter=0&lang_code=en&appsflyerKey=WV****************HFK5&app_version_name=3.1.7&lang=English&timepassedsincelastlaunch=0&dkh=WVGo7sxf&android_id=a9a4e37927b1341f&advertiserId=164d5716-3810-4881-8506-28c82c9352bc&deviceType=user&af_v=4d774d091369d71b769e9dc8cce54785de74a0e4&app_version_code=30011&platformextension=android_native&network=WIFI&operator=2TELL&country=US&date2=2017-03-15_1028%2B0100&brand=google&af_timestamp=1489613363932&uid=1489613326391-7464086434315922552&isFirstCall=true&counter=1&model=Nexus+6P&product=angler
I/AppsFlyer_3.01( 9715): AsendTrackingWithEvent from activity: md537fd6201b6818e2e180d2f7606e21a83.MainApplication
I/AppsFlyer_3.01-613364001( 9715): ******* sendTrackingWithEvent: Launch
D/Mono    ( 9715): DllImport searching in: '__Internal' ('(null)').
D/Mono    ( 9715): Searching for 'java_interop_jnienv_get_int_field'.
D/Mono    ( 9715): Probing 'java_interop_jnienv_get_int_field'.
D/Mono    ( 9715): Found as 'java_interop_jnienv_get_int_field'.
E/ActivityThread( 9715): Failed to find provider info for com.facebook.katana.provider.AttributionIdProvider
D/Mono    ( 9715): Unloading image Splat.dll [0xd8a4d100].
D/Mono    ( 9715): Image addref Splat[0xd8ede320] -> Splat.dll[0xeaa82000]: 5
D/Mono    ( 9715): Config attempting to parse: 'Splat.dll.config'.
D/Mono    ( 9715): Config attempting to parse: '/Users/builder/data/lanes/4009/f3074d2c/source/monodroid/builds/install/mono-armv6/etc/mono/assemblies/Splat/Splat.config'.
D/Mono    ( 9715): Assembly Ref addref Akavache[0xeaa9e020] -> Splat[0xeaa9e0e0]: 2
D/Mono    ( 9715): Assembly Ref addref Splat[0xeaa9e0e0] -> mscorlib[0xeaa9dea0]: 40
D/Mono    ( 9715): Assembly Ref addref System.Reactive.Core[0xeaa9ec20] -> System.Reactive.Interfaces[0xeaa9ec80]: 3
I/AppsFlyer_3.01( 9715): WARNING:READ_PHONE_STATE is missing
D/Mono    ( 9715): Image addref System.ComponentModel[0xd8ede320] -> System.ComponentModel.dll[0xd8a4d100]: 2
D/Mono    ( 9715): Prepared to set up assembly 'System.ComponentModel' (System.ComponentModel.dll)
D/Mono    ( 9715): Assembly System.ComponentModel[0xd8ede320] added to domain RootDomain, ref_count=1
