<![CDATA[I/ServiceManager(  535): Waiting for service AtCmdFwd...

]]><xtc-scenario name="[0-1063]CareerBuilder_Search.DroidFeatureTests.MyCBNavigationTests.HomeInFlyoutFromAfterApplySavesPlaceInJRP" id="[0-1063]CareerBuilder_Search.DroidFeatureTests.MyCBNavigationTests.HomeInFlyoutFromAfterApplySavesPlaceInJRP"><![CDATA[
I/ServiceManager(  535): Waiting for service AtCmdFwd...

]]><xtc-step name="[0-1063]CareerBuilder_Search.DroidFeatureTests.MyCBNavigationTests.HomeInFlyoutFromAfterApplySavesPlaceInJRP-HomeInFlyoutFromAfterApplySavesPlaceInJRP" id="[0-1063]CareerBuilder_Search.DroidFeatureTests.MyCBNavigationTests.HomeInFlyoutFromAfterApplySavesPlaceInJRP-HomeInFlyoutFromAfterApplySavesPlaceInJRP"><![CDATA[
I/ServiceManager(  535): Waiting for service AtCmdFwd...
I/ActivityManager(  923): Killing 7235:com.google.android.apps.gcs/u0a11 (adj 15): empty #17
I/ServiceManager(  535): Waiting for service AtCmdFwd...
I/ServiceManager(  535): Waiting for service AtCmdFwd...
W/Atfwd_Sendcmd(  535): AtCmdFwd service not published, waiting... retryCnt : 4
D/AndroidRuntime( 8227): >>>>>> START com.android.internal.os.RuntimeInit uid 2000 <<<<<<
D/AndroidRuntime( 8227): CheckJNI is OFF
D/ICU     ( 8227): No timezone override file found: /data/misc/zoneinfo/current/icu/icu_tzdata.dat
I/Radio-JNI( 8227): register_android_hardware_Radio DONE
D/AndroidRuntime( 8227): Calling main entry com.android.commands.pm.Pm
I/art     ( 8227): System.exit called, status: 0
I/AndroidRuntime( 8227): VM exiting with result code 0.
D/NetlinkSocketObserver(  923): NeighborEvent{elapsedMs=170640, 10.22.0.1, [B0FAEB975089], RTM_NEWNEIGH, NUD_STALE}
W/SQLiteConnectionPool( 4409): A SQLiteConnection object for database '/data/user/0/com.google.android.gms/databases/networkstatistics.sqlite' was leaked!  Please fix your application to end transactions in progress properly and to close the database when it is no longer needed.
D/AndroidRuntime( 8330): >>>>>> START com.android.internal.os.RuntimeInit uid 2000 <<<<<<
D/AndroidRuntime( 8330): CheckJNI is OFF
D/ICU     ( 8330): No timezone override file found: /data/misc/zoneinfo/current/icu/icu_tzdata.dat
I/Radio-JNI( 8330): register_android_hardware_Radio DONE
D/AndroidRuntime( 8330): Calling main entry com.android.commands.am.Am
W/ActivityManager(  923): Invalid packageName: com.careerbuilder.SugarDrone
D/AndroidRuntime( 8330): Shutting down VM
D/WifiStateMachine(  923): starting scan for "xtc-ag"WPA_PSK with 5240,5180,5220,5200
I/ServiceManager(  535): Waiting for service AtCmdFwd...
I/Keyboard.Facilitator.LanguageModelFlusher( 3518): run()
I/Keyboard.Facilitator( 3518): flushDynamicLanguageModels()
D/NetlinkSocketObserver(  923): NeighborEvent{elapsedMs=190010, 10.22.0.1, [B0FAEB975089], RTM_NEWNEIGH, NUD_PROBE}
I/ServiceManager(  535): Waiting for service AtCmdFwd...
I/ServiceManager(  535): Waiting for service AtCmdFwd...
I/ServiceManager(  535): Waiting for service AtCmdFwd...
I/ServiceManager(  535): Waiting for service AtCmdFwd...
W/Atfwd_Sendcmd(  535): AtCmdFwd service not published, waiting... retryCnt : 5
I/ThermalEngine(  516): ACTION: GPU - Setting GPU[0] to 510000000
D/AndroidRuntime( 8760): >>>>>> START com.android.internal.os.RuntimeInit uid 2000 <<<<<<
D/AndroidRuntime( 8760): CheckJNI is OFF
D/ICU     ( 8760): No timezone override file found: /data/misc/zoneinfo/current/icu/icu_tzdata.dat
I/Radio-JNI( 8760): register_android_hardware_Radio DONE
D/AndroidRuntime( 8760): Calling main entry com.android.commands.pm.Pm
I/ActivityManager(  923): Start proc 8778:com.android.defcontainer/u0a7 for service com.android.defcontainer/.DefaultContainerService
D/DefContainer( 8778): Copying /data/local/tmp/0000000876 to base.apk
I/PackageManager.DexOptimizer(  923): Running dexopt (dex2oat) on: /data/app/vmdl1638615119.tmp/base.apk pkg=com.careerbuilder.SugarDrone isa=arm vmSafeMode=false debuggable=true oatDir = /data/app/vmdl1638615119.tmp/oat bootComplete=true
I/dex2oat ( 8819): /system/bin/dex2oat -j2 --debuggable
W/dex2oat ( 8819): Before Android 4.1, method android.graphics.PorterDuffColorFilter android.support.graphics.drawable.VectorDrawableCompat.updateTintFilter(android.graphics.PorterDuffColorFilter, android.content.res.ColorStateList, android.graphics.PorterDuff$Mode) would have incorrectly overridden the package-private method in android.graphics.drawable.Drawable
W/dex2oat ( 8819): Before Android 4.1, method int android.support.v7.widget.ListViewCompat.lookForSelectablePosition(int, boolean) would have incorrectly overridden the package-private method in android.widget.ListView
I/dex2oat ( 8819): dex2oat took 4.609s (threads: 2) arena alloc=520KB java alloc=5MB native alloc=20MB free=3MB
W/PackageManager(  923): Not granting permission android.permission.MANAGE_DOCUMENTS to package com.careerbuilder.SugarDrone (protectionLevel=2 flags=0x3808be46)
W/PackageManager(  923): Not granting permission android.permission.MOUNT_UNMOUNT_FILESYSTEMS to package com.careerbuilder.SugarDrone (protectionLevel=18 flags=0x3808be46)
V/BackupManagerService(  923): restoreAtInstall pkg=com.careerbuilder.SugarDrone token=5 restoreSet=0
V/BackupManagerService(  923): Finishing install immediately
W/Settings(  923): Setting install_non_market_apps has moved from android.provider.Settings.Global to android.provider.Settings.Secure, returning read-only value.
I/art     (  923): Waiting for a blocking GC Explicit
I/art     (  923): WaitForGcToComplete blocked for 26.723ms for cause Explicit
I/art     (  923): Starting a blocking GC Explicit
I/art     (  923): Explicit concurrent mark sweep GC freed 10380(796KB) AllocSpace objects, 0(0B) LOS objects, 33% free, 29MB/44MB, paused 1.451ms total 76.402ms
I/art     ( 8760): System.exit called, status: 0
I/AndroidRuntime( 8760): VM exiting with result code 0.
I/InputReader(  923): Reconfiguring input devices.  changes=0x00000010
I/ActivityManager(  923): Start proc 8905:com.google.android.partnersetup/u0a18 for broadcast com.google.android.partnersetup/.RlzPingBroadcastReceiver
D/CarrierServiceBindHelper( 3663): Receive action: android.intent.action.PACKAGE_ADDED
D/CarrierServiceBindHelper( 3663): mHandler: 3
D/CarrierConfigLoader( 3663): mHandler: 9 phoneId: 0
W/System  ( 8905): ClassLoader referenced unknown path: /system/priv-app/GooglePartnerSetup/lib/arm64
I/ActivityManager(  923): Start proc 8924:com.android.musicfx/u0a21 for broadcast com.android.musicfx/.Compatibility$Receiver
I/ActivityManager(  923): Killing 7421:com.android.sdm.plugins.sprintdm/1001 (adj 15): empty #17
W/System  ( 8924): ClassLoader referenced unknown path: /system/priv-app/MusicFX/lib/arm64
I/ActivityManager(  923): Start proc 8940:com.android.vending/u0a22 for broadcast com.android.vending/com.google.android.finsky.receivers.PackageMonitorReceiver$RegisteredReceiver
I/ActivityManager(  923): Killing 7451:com.android.chrome/u0a39 (adj 15): empty #17
W/System  ( 8940): ClassLoader referenced unknown path: /system/priv-app/Phonesky/lib/arm64
W/Finsky  ( 8940): [1] FinskyApp.getCurrentAccount: No account configured on this device.
D/Finsky  ( 8940): [1] FinskyApp.onCreate: Initializing network with DFE https://android.clients.google.com/fdfe/
W/Finsky  ( 8940): [1] FinskyApp.getCurrentAccount: No account configured on this device.
W/Finsky  ( 8940): [1] FinskyApp.getCurrentAccount: No account configured on this device.
W/Finsky  ( 8940): [1] FinskyApp.getCurrentAccount: No account configured on this device.
W/Finsky  ( 8940): [1] FinskyApp.getCurrentAccount: No account configured on this device.
W/Finsky  ( 8940): [1] FinskyApp.getCurrentAccount: No account configured on this device.
W/Finsky  ( 8940): [1] FinskyApp.getCurrentAccount: No account configured on this device.
W/Finsky  ( 8940): [1] FinskyApp.getCurrentAccount: No account configured on this device.
D/Finsky  ( 8940): [1] DailyHygiene.goMakeHygieneIfDirty: No need to run daily hygiene.
W/Settings( 8940): Setting download_manager_max_bytes_over_mobile has moved from android.provider.Settings.Secure to android.provider.Settings.Global.
W/Settings( 8940): Setting download_manager_recommended_max_bytes_over_mobile has moved from android.provider.Settings.Secure to android.provider.Settings.Global.
W/Finsky  ( 8940): [1] FinskyApp.getCurrentAccount: No account configured on this device.
W/Finsky  ( 8940): [1] FinskyApp.getCurrentAccount: No account configured on this device.
W/Finsky  ( 8940): [1] FinskyApp.getDfeApi: No account configured on this device.
W/Finsky  ( 8940): [1] FinskyApp.getCurrentAccount: No account configured on this device.
D/Ads     ( 8940): Skipping gmscore version check
I/ActivityManager(  923): Start proc 8981:com.google.android.apps.docs/u0a43 for broadcast com.google.android.apps.docs/.receivers.AppPackageAddRemoveReceiver
I/UpdateIcingCorporaServi( 5099): Updating corpora: APPS=com.careerbuilder.SugarDrone, CONTACTS=MAYBE
D/Finsky  ( 8940): [1] ExternalReferrer.access$200: Package state data is missing for com.careerbuilder.SugarDrone
W/System  ( 8981): ClassLoader referenced unknown path: /system/app/Drive/lib/arm64
W/Finsky  ( 8940): [1] FinskyApp.getCurrentAccount: No account configured on this device.
W/Finsky  ( 8940): [1] FinskyApp.getCurrentAccount: No account configured on this device.
D/Finsky  ( 8940): [1] GmsCoreHelper.cleanupNlp: result=false type=4
D/Finsky  ( 8940): [1] RestoreTracker.stopServiceIfDone: Restore complete with 0 success and 0 failed.
W/IcingInternalCorpora( 4409): getNumBytesRead when not calculated.
I/UpdateIcingCorporaServi( 5099): UpdateCorporaTask done [took 192 ms] updated apps [took 192 ms] 
I/Icing   ( 4409): Usage reports 0 indexed 0 rejected 0 imm upload true
D/AndroidRuntime( 8955): >>>>>> START com.android.internal.os.RuntimeInit uid 2000 <<<<<<
D/AndroidRuntime( 8955): CheckJNI is OFF
D/ICU     ( 8955): No timezone override file found: /data/misc/zoneinfo/current/icu/icu_tzdata.dat
I/GAv4    ( 8981): Google Analytics 7.8.95 is starting up. To enable debug logging on a device run:
I/GAv4    ( 8981):   adb shell setprop log.tag.GAv4 DEBUG
I/GAv4    ( 8981):   adb logcat -s GAv4
I/Radio-JNI( 8955): register_android_hardware_Radio DONE
W/GAv4    ( 8981): AnalyticsReceiver is not registered or is disabled. Register the receiver for reliable dispatching on non-Google Play devices. See http://goo.gl/8Rd3yj for instructions.
D/AndroidRuntime( 8955): Calling main entry com.android.commands.settings.SettingsCmd
D/AndroidRuntime( 8955): Shutting down VM
W/GAv4    ( 8981): CampaignTrackingReceiver is not registered, not exported or is disabled. Installation campaign tracking is not possible. See http://goo.gl/8Rd3yj for instructions.
W/AnalyticsTrackerProxyImpl( 8981): Analytics setup for ID UA-21125203-2, app name Drive, version 2.3.327.05.46
W/GAv4    ( 8981): AnalyticsService not registered in the app manifest. Hits might not be delivered reliably. See http://goo.gl/8Rd3yj for instructions.
I/ActivityManager(  923): Killing 7600:com.google.android.gms.unstable/u0a12 (adj 15): empty #17
D/Wear_Controller( 4409): Received broadcast action=android.intent.action.PACKAGE_ADDED and uri=com.careerbuilder.SugarDrone
I/PeopleContactsSync( 4409): triggerPendingContactsCleanup: no accounts
I/Icing   ( 4409): Usage reports 0 indexed 0 rejected 0 imm upload false
I/Icing   ( 4409): Usage reports 0 indexed 0 rejected 0 imm upload false
W/linker  ( 8981): /data/app/com.google.android.gms-2/lib/arm64/libconscrypt_gmscore_jni.so: unused DT entry: type 0x1d arg 0x80
V/JNIHelp ( 8981): Registering com/google/android/gms/org/conscrypt/NativeCrypto's 242 native methods...
I/art     ( 8981): Rejecting re-init on previously-failed class java.lang.Class<com.google.android.gms.org.conscrypt.OpenSSLExtendedSessionImpl>
I/art     ( 8981): Rejecting re-init on previously-failed class java.lang.Class<com.google.android.gms.org.conscrypt.OpenSSLExtendedSessionImpl>
I/ProviderInstaller( 8981): Installed default security provider GmsCore_OpenSSL
D/AndroidRuntime( 9044): >>>>>> START com.android.internal.os.RuntimeInit uid 2000 <<<<<<
D/AndroidRuntime( 9044): CheckJNI is OFF
D/ICU     ( 9044): No timezone override file found: /data/misc/zoneinfo/current/icu/icu_tzdata.dat
I/Radio-JNI( 9044): register_android_hardware_Radio DONE
D/AndroidRuntime( 9044): Calling main entry com.android.commands.settings.SettingsCmd
D/AndroidRuntime( 9044): Shutting down VM
I/Icing   ( 4409): Indexing 3FCB0387B021261076AA1003A8C44DAAF52F9FBC from com.google.android.googlequicksearchbox
I/Icing   ( 4409): Indexing done 3FCB0387B021261076AA1003A8C44DAAF52F9FBC
I/Icing   ( 4409): Indexing FB46D0AD2DBC7133CA905C17E8770F7A64960A9E from com.google.android.gms
I/Icing   ( 4409): Indexing done FB46D0AD2DBC7133CA905C17E8770F7A64960A9E
D/AndroidRuntime( 9069): >>>>>> START com.android.internal.os.RuntimeInit uid 2000 <<<<<<
D/AndroidRuntime( 9069): CheckJNI is OFF
D/ICU     ( 9069): No timezone override file found: /data/misc/zoneinfo/current/icu/icu_tzdata.dat
I/Radio-JNI( 9069): register_android_hardware_Radio DONE
D/AndroidRuntime( 9069): Calling main entry com.android.commands.settings.SettingsCmd
D/AndroidRuntime( 9069): Shutting down VM
D/AndroidRuntime( 9092): >>>>>> START com.android.internal.os.RuntimeInit uid 2000 <<<<<<
D/AndroidRuntime( 9092): CheckJNI is OFF
D/ICU     ( 9092): No timezone override file found: /data/misc/zoneinfo/current/icu/icu_tzdata.dat
I/Radio-JNI( 9092): register_android_hardware_Radio DONE
D/AndroidRuntime( 9092): Calling main entry com.android.commands.settings.SettingsCmd
D/AndroidRuntime( 9092): Shutting down VM
W/ip      ( 9117): type=1400 audit(0.0:69): avc: denied { search } for name="net" dev="dm-2" ino=3440648 scontext=u:r:shell:s0 tcontext=u:object_r:net_data_file:s0 tclass=dir permissive=0
D/NetlinkSocketObserver(  923): NeighborEvent{elapsedMs=208320, 10.22.0.1, [B0FAEB975089], RTM_NEWNEIGH, NUD_STALE}
D/AndroidRuntime( 9114): >>>>>> START com.android.internal.os.RuntimeInit uid 2000 <<<<<<
D/AndroidRuntime( 9114): CheckJNI is OFF
D/ICU     ( 9114): No timezone override file found: /data/misc/zoneinfo/current/icu/icu_tzdata.dat
I/Radio-JNI( 9114): register_android_hardware_Radio DONE
D/AndroidRuntime( 9114): Calling main entry com.android.commands.settings.SettingsCmd
D/AndroidRuntime( 9114): Shutting down VM
I/ActivityManager(  923): Killing 7879:com.android.providers.calendar/u0a1 (adj 15): empty #17
D/AndroidRuntime( 9137): >>>>>> START com.android.internal.os.RuntimeInit uid 2000 <<<<<<
D/AndroidRuntime( 9137): CheckJNI is OFF
D/ICU     ( 9137): No timezone override file found: /data/misc/zoneinfo/current/icu/icu_tzdata.dat
I/Radio-JNI( 9137): register_android_hardware_Radio DONE
D/AndroidRuntime( 9137): Calling main entry com.android.commands.appops.AppOpsCommand
D/AndroidRuntime( 9137): Shutting down VM
D/AndroidRuntime( 9159): >>>>>> START com.android.internal.os.RuntimeInit uid 2000 <<<<<<
D/AndroidRuntime( 9159): CheckJNI is OFF
D/ICU     ( 9159): No timezone override file found: /data/misc/zoneinfo/current/icu/icu_tzdata.dat
I/Radio-JNI( 9159): register_android_hardware_Radio DONE
D/AndroidRuntime( 9159): Calling main entry com.android.commands.pm.Pm
I/art     ( 9159): System.exit called, status: 0
I/AndroidRuntime( 9159): VM exiting with result code 0.
D/AndroidRuntime( 9209): >>>>>> START com.android.internal.os.RuntimeInit uid 2000 <<<<<<
D/AndroidRuntime( 9209): CheckJNI is OFF
D/ICU     ( 9209): No timezone override file found: /data/misc/zoneinfo/current/icu/icu_tzdata.dat
I/Radio-JNI( 9209): register_android_hardware_Radio DONE
D/AndroidRuntime( 9209): Calling main entry com.android.commands.pm.Pm
I/art     ( 9209): System.exit called, status: 0
I/AndroidRuntime( 9209): VM exiting with result code 0.
I/ActivityManager(  923): Killing 7315:com.google.android.talk/u0a53 (adj 15): empty #17
D/AndroidRuntime( 9282): >>>>>> START com.android.internal.os.RuntimeInit uid 2000 <<<<<<
D/AndroidRuntime( 9282): CheckJNI is OFF
D/ICU     ( 9282): No timezone override file found: /data/misc/zoneinfo/current/icu/icu_tzdata.dat
I/Radio-JNI( 9282): register_android_hardware_Radio DONE
D/AndroidRuntime( 9282): Calling main entry com.android.commands.am.Am
W/ActivityManager(  923): Invalid packageName: com.careerbuilder.SugarDrone.test
D/AndroidRuntime( 9282): Shutting down VM
D/AndroidRuntime( 9308): >>>>>> START com.android.internal.os.RuntimeInit uid 2000 <<<<<<
D/AndroidRuntime( 9308): CheckJNI is OFF
D/ICU     ( 9308): No timezone override file found: /data/misc/zoneinfo/current/icu/icu_tzdata.dat
I/Radio-JNI( 9308): register_android_hardware_Radio DONE
D/AndroidRuntime( 9308): Calling main entry com.android.commands.pm.Pm
D/DefContainer( 8778): Copying /data/local/tmp/0000000878 to base.apk
I/PackageManager.DexOptimizer(  923): Running dexopt (dex2oat) on: /data/app/vmdl55107698.tmp/base.apk pkg=com.careerbuilder.SugarDrone.test isa=arm64 vmSafeMode=false debuggable=false oatDir = /data/app/vmdl55107698.tmp/oat bootComplete=true
I/dex2oat ( 9329): /system/bin/dex2oat -j2
W/dex2oat ( 9329): No verified method for method calling String.<init>: java.lang.String android.text.TextUtils.substring(java.lang.CharSequence, int, int)
W/dex2oat ( 9329): No verified method for method calling String.<init>: java.lang.String android.text.TextUtils.substring(java.lang.CharSequence, int, int)
I/dex2oat ( 9329): Skipping compilation of void sh.calaba.org.codehaus.jackson.impl.Utf8StreamParser._skipString(): it contains a non natural loop
I/dex2oat ( 9329): dex2oat took 1.937s (threads: 2) arena alloc=2MB java alloc=2MB native alloc=9MB free=1891KB
W/PackageManager(  923): Not granting permission android.permission.ACCESS_MOCK_LOCATION to package com.careerbuilder.SugarDrone.test (protectionLevel=2 flags=0x1800be44)
V/BackupManagerService(  923): restoreAtInstall pkg=com.careerbuilder.SugarDrone.test token=6 restoreSet=0
V/BackupManagerService(  923): Finishing install immediately
W/Settings(  923): Setting install_non_market_apps has moved from android.provider.Settings.Global to android.provider.Settings.Secure, returning read-only value.
I/art     (  923): Starting a blocking GC Explicit
I/art     (  923): Explicit concurrent mark sweep GC freed 101914(6MB) AllocSpace objects, 17(428KB) LOS objects, 33% free, 29MB/44MB, paused 1.445ms total 89.312ms
I/art     ( 9308): System.exit called, status: 0
I/AndroidRuntime( 9308): VM exiting with result code 0.
I/InputReader(  923): Reconfiguring input devices.  changes=0x00000010
D/CarrierServiceBindHelper( 3663): Receive action: android.intent.action.PACKAGE_ADDED
D/CarrierServiceBindHelper( 3663): mHandler: 3
D/CarrierConfigLoader( 3663): mHandler: 9 phoneId: 0
D/Finsky  ( 8940): [1] ExternalReferrer.access$200: Package state data is missing for com.careerbuilder.SugarDrone.test
I/UpdateIcingCorporaServi( 5099): Updating corpora: APPS=com.careerbuilder.SugarDrone.test, CONTACTS=MAYBE
I/PeopleContactsSync( 4409): triggerPendingContactsCleanup: no accounts
D/Wear_Controller( 4409): Received broadcast action=android.intent.action.PACKAGE_ADDED and uri=com.careerbuilder.SugarDrone.test
I/UpdateIcingCorporaServi( 5099): UpdateCorporaTask done [took 83 ms] updated apps [took 83 ms] 
W/IcingInternalCorpora( 4409): getNumBytesRead when not calculated.
I/Icing   ( 4409): Usage reports 0 indexed 0 rejected 0 imm upload false
I/Icing   ( 4409): Usage reports 0 indexed 0 rejected 0 imm upload false
D/NetlinkSocketObserver(  923): NeighborEvent{elapsedMs=217960, 10.22.0.1, [B0FAEB975089], RTM_NEWNEIGH, NUD_REACHABLE}
D/AndroidRuntime( 9406): >>>>>> START com.android.internal.os.RuntimeInit uid 2000 <<<<<<
D/AndroidRuntime( 9406): CheckJNI is OFF
D/ICU     ( 9406): No timezone override file found: /data/misc/zoneinfo/current/icu/icu_tzdata.dat
I/Radio-JNI( 9406): register_android_hardware_Radio DONE
D/AndroidRuntime( 9406): Calling main entry com.android.commands.settings.SettingsCmd
D/AndroidRuntime( 9406): Shutting down VM
I/ThermalEngine(  516): ACTION: GPU - Setting GPU[0] to 450000000
I/Icing   ( 4409): Indexing FB46D0AD2DBC7133CA905C17E8770F7A64960A9E from com.google.android.gms
I/Icing   ( 4409): Indexing done FB46D0AD2DBC7133CA905C17E8770F7A64960A9E
D/AndroidRuntime( 9427): >>>>>> START com.android.internal.os.RuntimeInit uid 2000 <<<<<<
D/AndroidRuntime( 9427): CheckJNI is OFF
I/Atfwd_Sendcmd(  535): AtCmdFwd service not ready - Exhausted retry attempts - :6
I/Atfwd_Daemon(  535): result : -1 	 ,Init step :2 	 ,qmiErrorCode: 0
D/ICU     ( 9427): No timezone override file found: /data/misc/zoneinfo/current/icu/icu_tzdata.dat
I/Radio-JNI( 9427): register_android_hardware_Radio DONE
D/AndroidRuntime( 9427): Calling main entry com.android.commands.settings.SettingsCmd
D/AndroidRuntime( 9427): Shutting down VM
D/AndroidRuntime( 9453): >>>>>> START com.android.internal.os.RuntimeInit uid 2000 <<<<<<
D/AndroidRuntime( 9453): CheckJNI is OFF
D/ICU     ( 9453): No timezone override file found: /data/misc/zoneinfo/current/icu/icu_tzdata.dat
I/Radio-JNI( 9453): register_android_hardware_Radio DONE
D/AndroidRuntime( 9453): Calling main entry com.android.commands.settings.SettingsCmd
D/AndroidRuntime( 9453): Shutting down VM
D/AndroidRuntime( 9478): >>>>>> START com.android.internal.os.RuntimeInit uid 2000 <<<<<<
D/AndroidRuntime( 9478): CheckJNI is OFF
D/ICU     ( 9478): No timezone override file found: /data/misc/zoneinfo/current/icu/icu_tzdata.dat
I/Radio-JNI( 9478): register_android_hardware_Radio DONE
D/AndroidRuntime( 9478): Calling main entry com.android.commands.settings.SettingsCmd
D/AndroidRuntime( 9478): Shutting down VM
I/ThermalEngine(  516): ACTION: GPU - Setting GPU[0] to 510000000
D/AndroidRuntime( 9499): >>>>>> START com.android.internal.os.RuntimeInit uid 2000 <<<<<<
D/AndroidRuntime( 9499): CheckJNI is OFF
D/ICU     ( 9499): No timezone override file found: /data/misc/zoneinfo/current/icu/icu_tzdata.dat
I/Radio-JNI( 9499): register_android_hardware_Radio DONE
D/AndroidRuntime( 9499): Calling main entry com.android.commands.settings.SettingsCmd
D/AndroidRuntime( 9499): Shutting down VM
D/AndroidRuntime( 9522): >>>>>> START com.android.internal.os.RuntimeInit uid 2000 <<<<<<
D/AndroidRuntime( 9522): CheckJNI is OFF
D/ICU     ( 9522): No timezone override file found: /data/misc/zoneinfo/current/icu/icu_tzdata.dat
I/Radio-JNI( 9522): register_android_hardware_Radio DONE
D/AndroidRuntime( 9522): Calling main entry com.android.commands.appops.AppOpsCommand
D/AndroidRuntime( 9522): Shutting down VM
D/AndroidRuntime( 9544): >>>>>> START com.android.internal.os.RuntimeInit uid 2000 <<<<<<
D/AndroidRuntime( 9544): CheckJNI is OFF
D/ICU     ( 9544): No timezone override file found: /data/misc/zoneinfo/current/icu/icu_tzdata.dat
I/Radio-JNI( 9544): register_android_hardware_Radio DONE
D/AndroidRuntime( 9544): Calling main entry com.android.commands.pm.Pm
I/art     ( 9544): System.exit called, status: 0
I/AndroidRuntime( 9544): VM exiting with result code 0.
D/WifiStateMachine(  923): starting scan for "xtc-ag"WPA_PSK with 5240,5180,5220,5200
D/AndroidRuntime( 9597): >>>>>> START com.android.internal.os.RuntimeInit uid 2000 <<<<<<
D/AndroidRuntime( 9597): CheckJNI is OFF
D/ICU     ( 9597): No timezone override file found: /data/misc/zoneinfo/current/icu/icu_tzdata.dat
I/Radio-JNI( 9597): register_android_hardware_Radio DONE
D/AndroidRuntime( 9597): Calling main entry com.android.commands.pm.Pm
I/art     ( 9597): System.exit called, status: 0
I/AndroidRuntime( 9597): VM exiting with result code 0.
I/ThermalEngine(  516): ACTION: GPU - Setting GPU[0] to 450000000
I/ThermalEngine(  516): ACTION: GPU - Setting GPU[0] to 510000000
D/AndroidRuntime( 9665): >>>>>> START com.android.internal.os.RuntimeInit uid 2000 <<<<<<
D/AndroidRuntime( 9665): CheckJNI is OFF
D/ICU     ( 9665): No timezone override file found: /data/misc/zoneinfo/current/icu/icu_tzdata.dat
I/Radio-JNI( 9665): register_android_hardware_Radio DONE
D/AndroidRuntime( 9665): Calling main entry com.android.commands.input.Input
I/Input   ( 9665): injectKeyEvent: KeyEvent { action=ACTION_DOWN, keyCode=KEYCODE_BACK, scanCode=0, metaState=0, flags=0x0, repeatCount=0, eventTime=228884, downTime=228884, deviceId=-1, source=0x101 }
I/Input   ( 9665): injectKeyEvent: KeyEvent { action=ACTION_UP, keyCode=KEYCODE_BACK, scanCode=0, metaState=0, flags=0x0, repeatCount=0, eventTime=228884, downTime=228884, deviceId=-1, source=0x101 }
D/EmojiAltPhysicalKeyDetector( 3518): onKeyUp() : KeyEvent { action=ACTION_UP, keyCode=KEYCODE_BACK, scanCode=0, metaState=0, flags=0x0, repeatCount=0, eventTime=228884, downTime=228884, deviceId=-1, source=0x101 }
D/EmojiAltPhysicalKeyDetector( 3518): onKeyUp() : Disabled
D/AndroidRuntime( 9665): Shutting down VM
I/ServiceManager(  535): Waiting for service AtCmdFwd...
I/ServiceManager(  535): Waiting for service AtCmdFwd...
D/AndroidRuntime( 9722): >>>>>> START com.android.internal.os.RuntimeInit uid 2000 <<<<<<
D/AndroidRuntime( 9722): CheckJNI is OFF
D/ICU     ( 9722): No timezone override file found: /data/misc/zoneinfo/current/icu/icu_tzdata.dat
I/Radio-JNI( 9722): register_android_hardware_Radio DONE
D/AndroidRuntime( 9722): Calling main entry com.android.commands.input.Input
I/Input   ( 9722): injectKeyEvent: KeyEvent { action=ACTION_DOWN, keyCode=KEYCODE_HOME, scanCode=0, metaState=0, flags=0x0, repeatCount=0, eventTime=230552, downTime=230552, deviceId=-1, source=0x101 }
I/Input   ( 9722): injectKeyEvent: KeyEvent { action=ACTION_UP, keyCode=KEYCODE_HOME, scanCode=0, metaState=0, flags=0x0, repeatCount=0, eventTime=230552, downTime=230552, deviceId=-1, source=0x101 }
I/ActivityManager(  923): START u0 {act=android.intent.action.MAIN cat=[android.intent.category.HOME] flg=0x10200000 cmp=com.google.android.googlequicksearchbox/com.google.android.launcher.GEL (has extras)} from uid 1000 on display 0
D/AndroidRuntime( 9722): Shutting down VM
I/GEL     ( 3697): handleIntent(Intent { act=android.intent.action.MAIN cat=[android.intent.category.HOME] flg=0x10200000 cmp=com.google.android.googlequicksearchbox/com.google.android.launcher.GEL (has extras) })
I/ServiceManager(  535): Waiting for service AtCmdFwd...
D/NetlinkSocketObserver(  923): NeighborEvent{elapsedMs=231280, 10.22.0.1, [B0FAEB975089], RTM_NEWNEIGH, NUD_STALE}
I/ThermalEngine(  516): ACTION: GPU - Setting GPU[0] to 450000000
D/AndroidRuntime( 9757): >>>>>> START com.android.internal.os.RuntimeInit uid 2000 <<<<<<
D/AndroidRuntime( 9757): CheckJNI is OFF
D/ICU     ( 9757): No timezone override file found: /data/misc/zoneinfo/current/icu/icu_tzdata.dat
I/Radio-JNI( 9757): register_android_hardware_Radio DONE
D/AndroidRuntime( 9757): Calling main entry com.android.commands.input.Input
I/Input   ( 9757): injectKeyEvent: KeyEvent { action=ACTION_DOWN, keyCode=KEYCODE_BACK, scanCode=0, metaState=0, flags=0x0, repeatCount=0, eventTime=231899, downTime=231899, deviceId=-1, source=0x101 }
I/Input   ( 9757): injectKeyEvent: KeyEvent { action=ACTION_UP, keyCode=KEYCODE_BACK, scanCode=0, metaState=0, flags=0x0, repeatCount=0, eventTime=231899, downTime=231899, deviceId=-1, source=0x101 }
D/EmojiAltPhysicalKeyDetector( 3518): onKeyUp() : KeyEvent { action=ACTION_UP, keyCode=KEYCODE_BACK, scanCode=0, metaState=0, flags=0x0, repeatCount=0, eventTime=231899, downTime=231899, deviceId=-1, source=0x101 }
D/EmojiAltPhysicalKeyDetector( 3518): onKeyUp() : Disabled
D/AndroidRuntime( 9757): Shutting down VM
I/ServiceManager(  535): Waiting for service AtCmdFwd...
D/Finsky  ( 8940): [384] AppStatesReplicator.handleContentSyncResponse: Completed 0 account content syncs with 0 successful.
D/Finsky  ( 8940): [1] ContentSyncService$5.onFinished: Installation state replication succeeded.
D/AndroidRuntime( 9794): >>>>>> START com.android.internal.os.RuntimeInit uid 2000 <<<<<<
D/AndroidRuntime( 9794): CheckJNI is OFF
D/ICU     ( 9794): No timezone override file found: /data/misc/zoneinfo/current/icu/icu_tzdata.dat
I/ServiceManager(  535): Waiting for service AtCmdFwd...
I/Radio-JNI( 9794): register_android_hardware_Radio DONE
D/AndroidRuntime( 9794): Calling main entry com.android.commands.am.Am
I/ActivityManager(  923): Force stopping com.careerbuilder.SugarDrone appid=18714 user=0: start instr
I/ActivityManager(  923): Start proc 9814:com.careerbuilder.SugarDrone/u0a8714 for added application com.careerbuilder.SugarDrone
I/art     ( 9814): Late-enabling -Xcheck:jni
E/dex2oat ( 9827): Failed to create oat file: /data/dalvik-cache/arm/data@app@com.careerbuilder.SugarDrone.test-1@base.apk@classes.dex: Permission denied
I/dex2oat ( 9827): dex2oat took 7.827ms (threads: 2) 
W/art     ( 9814): Failed execv(/system/bin/dex2oat --runtime-arg -classpath --runtime-arg  --instruction-set=arm --instruction-set-features=smp,div,-atomic_ldrd_strd --runtime-arg -Xrelocate --boot-image=/system/framework/boot.art --runtime-arg -Xms64m --runtime-arg -Xmx512m -j2 --instruction-set-variant=cortex-a7 --instruction-set-features=default --dex-file=/data/app/com.careerbuilder.SugarDrone.test-1/base.apk --oat-file=/data/dalvik-cache/arm/data@app@com.careerbuilder.SugarDrone.test-1@base.apk@classes.dex) because non-0 exit status
W/System  ( 9814): ClassLoader referenced unknown path: /data/app/com.careerbuilder.SugarDrone.test-1/lib/arm64
W/monodroid( 9814): Using override path: /data/user/0/com.careerbuilder.SugarDrone/files/.__override__
W/monodroid( 9814): Trying to load sgen from: /data/user/0/com.careerbuilder.SugarDrone/files/.__override__/libmonosgen-2.0.so
W/monodroid( 9814): Trying to load sgen from: /storage/emulated/0/Android/data/com.careerbuilder.SugarDrone/files/.__override__/libmonosgen-2.0.so
W/monodroid( 9814): Trying to load sgen from: /data/app/com.careerbuilder.SugarDrone-1/lib/arm/libmonosgen-2.0.so
D/Mono    ( 9814): Image addref mscorlib[0xef6a9020] -> mscorlib.dll[0xed23bd00]: 2
D/Mono    ( 9814): Prepared to set up assembly 'mscorlib' (mscorlib.dll)
D/Mono    ( 9814): AOT module 'mscorlib.dll.so' not found: dlopen failed: library "/data/app/com.careerbuilder.SugarDrone-1/lib/arm/libaot-mscorlib.dll.so" not found
D/Mono    ( 9814): AOT module '/Users/builder/data/lanes/4009/f3074d2c/source/monodroid/builds/install/mono-armv6/lib/mono/aot-cache/arm/mscorlib.dll.so' not found: dlopen failed: library "/data/app/com.careerbuilder.SugarDrone-1/lib/arm/libaot-mscorlib.dll.so" not found
D/Mono    ( 9814): Config attempting to parse: 'mscorlib.dll.config'.
D/Mono    ( 9814): Config attempting to parse: '/Users/builder/data/lanes/4009/f3074d2c/source/monodroid/builds/install/mono-armv6/etc/mono/assemblies/mscorlib/mscorlib.config'.
D/Mono    ( 9814): Assembly mscorlib[0xef6a9020] added to domain RootDomain, ref_count=1
D/Mono    ( 9814): Image addref CareerBuilder_Search.Droid[0xef6a9080] -> CareerBuilder_Search.Droid.dll[0xed23cc00]: 2
D/Mono    ( 9814): Prepared to set up assembly 'CareerBuilder_Search.Droid' (CareerBuilder_Search.Droid.dll)
D/Mono    ( 9814): Assembly CareerBuilder_Search.Droid[0xef6a9080] added to domain RootDomain, ref_count=1
D/Mono    ( 9814): AOT module 'CareerBuilder_Search.Droid.dll.so' not found: dlopen failed: library "/data/app/com.careerbuilder.SugarDrone-1/lib/arm/libaot-CareerBuilder_Search.Droid.dll.so" not found
D/Mono    ( 9814): AOT module '/Users/builder/data/lanes/4009/f3074d2c/source/monodroid/builds/install/mono-armv6/lib/mono/aot-cache/arm/CareerBuilder_Search.Droid.dll.so' not found: dlopen failed: library "/data/app/com.careerbuilder.SugarDrone-1/lib/arm/libaot-CareerBuilder_Search.Droid.dll.so" not found
D/Mono    ( 9814): Config attempting to parse: 'CareerBuilder_Search.Droid.dll.config'.
D/Mono    ( 9814): Config attempting to parse: '/Users/builder/data/lanes/4009/f3074d2c/source/monodroid/builds/install/mono-armv6/etc/mono/assemblies/CareerBuilder_Search.Droid/CareerBuilder_Search.Droid.config'.
D/Mono    ( 9814): Image addref AppsFlyerXamarinBindingAndroid[0xef6a90e0] -> AppsFlyerXamarinBindingAndroid.dll[0xf5376f00]: 2
D/Mono    ( 9814): Prepared to set up assembly 'AppsFlyerXamarinBindingAndroid' (AppsFlyerXamarinBindingAndroid.dll)
D/Mono    ( 9814): Assembly AppsFlyerXamarinBindingAndroid[0xef6a90e0] added to domain RootDomain, ref_count=1
D/Mono    ( 9814): AOT module 'AppsFlyerXamarinBindingAndroid.dll.so' not found: dlopen failed: library "/data/app/com.careerbuilder.SugarDrone-1/lib/arm/libaot-AppsFlyerXamarinBindingAndroid.dll.so" not found
D/Mono    ( 9814): AOT module '/Users/builder/data/lanes/4009/f3074d2c/source/monodroid/builds/install/mono-armv6/lib/mono/aot-cache/arm/AppsFlyerXamarinBindingAndroid.dll.so' not found: dlopen failed: library "/data/app/com.careerbuilder.SugarDrone-1/lib/arm/libaot-AppsFlyerXamarinBindingAndroid.dll.so" not found
D/Mono    ( 9814): Config attempting to parse: 'AppsFlyerXamarinBindingAndroid.dll.config'.
D/Mono    ( 9814): Config attempting to parse: '/Users/builder/data/lanes/4009/f3074d2c/source/monodroid/builds/install/mono-armv6/etc/mono/assemblies/AppsFlyerXamarinBindingAndroid/AppsFlyerXamarinBindingAndroid.config'.
D/Mono    ( 9814): Image addref HockeySDK[0xef6a9140] -> HockeySDK.dll[0xf5377400]: 2
D/Mono    ( 9814): Prepared to set up assembly 'HockeySDK' (HockeySDK.dll)
D/Mono    ( 9814): Assembly HockeySDK[0xef6a9140] added to domain RootDomain, ref_count=1
D/Mono    ( 9814): AOT module 'HockeySDK.dll.so' not found: dlopen failed: library "/data/app/com.careerbuilder.SugarDrone-1/lib/arm/libaot-HockeySDK.dll.so" not found
D/Mono    ( 9814): AOT module '/Users/builder/data/lanes/4009/f3074d2c/source/monodroid/builds/install/mono-armv6/lib/mono/aot-cache/arm/HockeySDK.dll.so' not found: dlopen failed: library "/data/app/com.careerbuilder.SugarDrone-1/lib/arm/libaot-HockeySDK.dll.so" not found
D/Mono    ( 9814): Config attempting to parse: 'HockeySDK.dll.config'.
D/Mono    ( 9814): Config attempting to parse: '/Users/builder/data/lanes/4009/f3074d2c/source/monodroid/builds/install/mono-armv6/etc/mono/assemblies/HockeySDK/HockeySDK.config'.
D/Mono    ( 9814): Image addref Akavache[0xef6a91a0] -> Akavache.dll[0xf5377900]: 2
D/Mono    ( 9814): Prepared to set up assembly 'Akavache' (Akavache.dll)
D/Mono    ( 9814): Assembly Akavache[0xef6a91a0] added to domain RootDomain, ref_count=1
D/Mono    ( 9814): AOT module 'Akavache.dll.so' not found: dlopen failed: library "/data/app/com.careerbuilder.SugarDrone-1/lib/arm/libaot-Akavache.dll.so" not found
D/Mono    ( 9814): AOT module '/Users/builder/data/lanes/4009/f3074d2c/source/monodroid/builds/install/mono-armv6/lib/mono/aot-cache/arm/Akavache.dll.so' not found: dlopen failed: library "/data/app/com.careerbuilder.SugarDrone-1/lib/arm/libaot-Akavache.dll.so" not found
D/Mono    ( 9814): Config attempting to parse: 'Akavache.dll.config'.
D/Mono    ( 9814): Config attempting to parse: '/Users/builder/data/lanes/4009/f3074d2c/source/monodroid/builds/install/mono-armv6/etc/mono/assemblies/Akavache/Akavache.config'.
D/Mono    ( 9814): Image addref Akavache.Sqlite3[0xef6a9200] -> Akavache.Sqlite3.dll[0xeaced000]: 2
D/Mono    ( 9814): Prepared to set up assembly 'Akavache.Sqlite3' (Akavache.Sqlite3.dll)
D/Mono    ( 9814): Assembly Akavache.Sqlite3[0xef6a9200] added to domain RootDomain, ref_count=1
D/Mono    ( 9814): AOT module 'Akavache.Sqlite3.dll.so' not found: dlopen failed: library "/data/app/com.careerbuilder.SugarDrone-1/lib/arm/libaot-Akavache.Sqlite3.dll.so" not found
D/Mono    ( 9814): AOT module '/Users/builder/data/lanes/4009/f3074d2c/source/monodroid/builds/install/mono-armv6/lib/mono/aot-cache/arm/Akavache.Sqlite3.dll.so' not found: dlopen failed: library "/data/app/com.careerbuilder.SugarDrone-1/lib/arm/libaot-Akavache.Sqlite3.dll.so" not found
W/        ( 9814): Symbol file LoadedFromMemory doesn't match image Akavache.Sqlite3.dll
D/Mono    ( 9814): Config attempting to parse: 'Akavache.Sqlite3.dll.config'.
D/Mono    ( 9814): Config attempting to parse: '/Users/builder/data/lanes/4009/f3074d2c/source/monodroid/builds/install/mono-armv6/etc/mono/assemblies/Akavache.Sqlite3/Akavache.Sqlite3.config'.
D/Mono    ( 9814): Image addref Splat[0xef6a93e0] -> Splat.dll[0xeaced500]: 2
D/Mono    ( 9814): Prepared to set up assembly 'Splat' (Splat.dll)
D/Mono    ( 9814): Assembly Splat[0xef6a93e0] added to domain RootDomain, ref_count=1
D/Mono    ( 9814): AOT module 'Splat.dll.so' not found: dlopen failed: library "/data/app/com.careerbuilder.SugarDrone-1/lib/arm/libaot-Splat.dll.so" not found
D/Mono    ( 9814): AOT module '/Users/builder/data/lanes/4009/f3074d2c/source/monodroid/builds/install/mono-armv6/lib/mono/aot-cache/arm/Splat.dll.so' not found: dlopen failed: library "/data/app/com.careerbuilder.SugarDrone-1/lib/arm/libaot-Splat.dll.so" not found
D/Mono    ( 9814): Config attempting to parse: 'Splat.dll.config'.
D/Mono    ( 9814): Config attempting to parse: '/Users/builder/data/lanes/4009/f3074d2c/source/monodroid/builds/install/mono-armv6/etc/mono/assemblies/Splat/Splat.config'.
D/Mono    ( 9814): Image addref Microsoft.Practices.ServiceLocation[0xef6a9440] -> Microsoft.Practices.ServiceLocation.dll[0xeaceda00]: 2
D/Mono    ( 9814): Prepared to set up assembly 'Microsoft.Practices.ServiceLocation' (Microsoft.Practices.ServiceLocation.dll)
D/Mono    ( 9814): Assembly Microsoft.Practices.ServiceLocation[0xef6a9440] added to domain RootDomain, ref_count=1
D/Mono    ( 9814): AOT module 'Microsoft.Practices.ServiceLocation.dll.so' not found: dlopen failed: library "/data/app/com.careerbuilder.SugarDrone-1/lib/arm/libaot-Microsoft.Practices.ServiceLocation.dll.so" not found
D/Mono    ( 9814): AOT module '/Users/builder/data/lanes/4009/f3074d2c/source/monodroid/builds/install/mono-armv6/lib/mono/aot-cache/arm/Microsoft.Practices.ServiceLocation.dll.so' not found: dlopen failed: library "/data/app/com.careerbuilder.SugarDrone-1/lib/arm/libaot-Microsoft.Practices.ServiceLocation.dll.so" not found
D/Mono    ( 9814): Config attempting to parse: 'Microsoft.Practices.ServiceLocation.dll.config'.
D/Mono    ( 9814): Config attempting to parse: '/Users/builder/data/lanes/4009/f3074d2c/source/monodroid/builds/install/mono-armv6/etc/mono/assemblies/Microsoft.Practices.ServiceLocation/Microsoft.Practices.ServiceLocation.config'.
D/Mono    ( 9814): Image addref Microsoft.Practices.Unity[0xef6a94a0] -> Microsoft.Practices.Unity.dll[0xeacedf00]: 2
D/Mono    ( 9814): Prepared to set up assembly 'Microsoft.Practices.Unity' (Microsoft.Practices.Unity.dll)
D/Mono    ( 9814): Assembly Microsoft.Practices.Unity[0xef6a94a0] added to domain RootDomain, ref_count=1
D/Mono    ( 9814): AOT module 'Microsoft.Practices.Unity.dll.so' not found: dlopen failed: library "/data/app/com.careerbuilder.SugarDrone-1/lib/arm/libaot-Microsoft.Practices.Unity.dll.so" not found
D/Mono    ( 9814): AOT module '/Users/builder/data/lanes/4009/f3074d2c/source/monodroid/builds/install/mono-armv6/lib/mono/aot-cache/arm/Microsoft.Practices.Unity.dll.so' not found: dlopen failed: library "/data/app/com.careerbuilder.SugarDrone-1/lib/arm/libaot-Microsoft.Practices.Unity.dll.so" not found
D/Mono    ( 9814): Config attempting to parse: 'Microsoft.Practices.Unity.dll.config'.
D/Mono    ( 9814): Config attempting to parse: '/Users/builder/data/lanes/4009/f3074d2c/source/monodroid/builds/install/mono-armv6/etc/mono/assemblies/Microsoft.Practices.Unity/Microsoft.Practices.Unity.config'.
D/Mono    ( 9814): Image addref Plugin.CurrentActivity[0xef6a9500] -> Plugin.CurrentActivity.dll[0xeacee400]: 2
D/Mono    ( 9814): Prepared to set up assembly 'Plugin.CurrentActivity' (Plugin.CurrentActivity.dll)
D/Mono    ( 9814): Assembly Plugin.CurrentActivity[0xef6a9500] added to domain RootDomain, ref_count=1
D/Mono    ( 9814): AOT module 'Plugin.CurrentActivity.dll.so' not found: dlopen failed: library "/data/app/com.careerbuilder.SugarDrone-1/lib/arm/libaot-Plugin.CurrentActivity.dll.so" not found
D/Mono    ( 9814): AOT module '/Users/builder/data/lanes/4009/f3074d2c/source/monodroid/builds/install/mono-armv6/lib/mono/aot-cache/arm/Plugin.CurrentActivity.dll.so' not found: dlopen failed: library "/data/app/com.careerbuilder.SugarDrone-1/lib/arm/libaot-Plugin.CurrentActivity.dll.so" not found
D/Mono    ( 9814): Config attempting to parse: 'Plugin.CurrentActivity.dll.config'.
D/Mono    ( 9814): Config attempting to parse: '/Users/builder/data/lanes/4009/f3074d2c/source/monodroid/builds/install/mono-armv6/etc/mono/assemblies/Plugin.CurrentActivity/Plugin.CurrentActivity.config'.
D/Mono    ( 9814): Image addref Plugin.Permissions[0xef6a9560] -> Plugin.Permissions.dll[0xeacee900]: 2
D/Mono    ( 9814): Prepared to set up assembly 'Plugin.Permissions' (Plugin.Permissions.dll)
D/Mono    ( 9814): Assembly Plugin.Permissions[0xef6a9560] added to domain RootDomain, ref_count=1
D/Mono    ( 9814): AOT module 'Plugin.Permissions.dll.so' not found: dlopen failed: library "/data/app/com.careerbuilder.SugarDrone-1/lib/arm/libaot-Plugin.Permissions.dll.so" not found
D/Mono    ( 9814): AOT module '/Users/builder/data/lanes/4009/f3074d2c/source/monodroid/builds/install/mono-armv6/lib/mono/aot-cache/arm/Plugin.Permissions.dll.so' not found: dlopen failed: library "/data/app/com.careerbuilder.SugarDrone-1/lib/arm/libaot-Plugin.Permissions.dll.so" not found
D/Mono    ( 9814): Config attempting to parse: 'Plugin.Permissions.dll.config'.
D/Mono    ( 9814): Config attempting to parse: '/Users/builder/data/lanes/4009/f3074d2c/source/monodroid/builds/install/mono-armv6/etc/mono/assemblies/Plugin.Permissions/Plugin.Permissions.config'.
D/Mono    ( 9814): Image addref Plugin.Permissions.Abstractions[0xef6a95c0] -> Plugin.Permissions.Abstractions.dll[0xeaceee00]: 2
D/Mono    ( 9814): Prepared to set up assembly 'Plugin.Permissions.Abstractions' (Plugin.Permissions.Abstractions.dll)
D/Mono    ( 9814): Assembly Plugin.Permissions.Abstractions[0xef6a95c0] added to domain RootDomain, ref_count=1
D/Mono    ( 9814): AOT module 'Plugin.Permissions.Abstractions.dll.so' not found: dlopen failed: library "/data/app/com.careerbuilder.SugarDrone-1/lib/arm/libaot-Plugin.Permissions.Abstractions.dll.so" not found
D/Mono    ( 9814): AOT module '/Users/builder/data/lanes/4009/f3074d2c/source/monodroid/builds/install/mono-armv6/lib/mono/aot-cache/arm/Plugin.Permissions.Abstractions.dll.so' not found: dlopen failed: library "/data/app/com.careerbuilder.SugarDrone-1/lib/arm/libaot-Plugin.Permissions.Abstractions.dll.so" not found
D/Mono    ( 9814): Config attempting to parse: 'Plugin.Permissions.Abstractions.dll.config'.
D/Mono    ( 9814): Config attempting to parse: '/Users/builder/data/lanes/4009/f3074d2c/source/monodroid/builds/install/mono-armv6/etc/mono/assemblies/Plugin.Permissions.Abstractions/Plugin.Permissions.Abstractions.config'.
D/Mono    ( 9814): Image addref Plugin.Geolocator[0xef6a9620] -> Plugin.Geolocator.dll[0xeacef300]: 2
D/Mono    ( 9814): Prepared to set up assembly 'Plugin.Geolocator' (Plugin.Geolocator.dll)
D/Mono    ( 9814): Assembly Plugin.Geolocator[0xef6a9620] added to domain RootDomain, ref_count=1
D/Mono    ( 9814): AOT module 'Plugin.Geolocator.dll.so' not found: dlopen failed: library "/data/app/com.careerbuilder.SugarDrone-1/lib/arm/libaot-Plugin.Geolocator.dll.so" not found
D/Mono    ( 9814): AOT module '/Users/builder/data/lanes/4009/f3074d2c/source/monodroid/builds/install/mono-armv6/lib/mono/aot-cache/arm/Plugin.Geolocator.dll.so' not found: dlopen failed: library "/data/app/com.careerbuilder.SugarDrone-1/lib/arm/libaot-Plugin.Geolocator.dll.so" not found
D/Mono    ( 9814): Config attempting to parse: 'Plugin.Geolocator.dll.config'.
D/Mono    ( 9814): Config attempting to parse: '/Users/builder/data/lanes/4009/f3074d2c/source/monodroid/builds/install/mono-armv6/etc/mono/assemblies/Plugin.Geolocator/Plugin.Geolocator.config'.
D/Mono    ( 9814): Image addref Plugin.Geolocator.Abstractions[0xef6a9680] -> Plugin.Geolocator.Abstractions.dll[0xeacef800]: 2
D/Mono    ( 9814): Prepared to set up assembly 'Plugin.Geolocator.Abstractions' (Plugin.Geolocator.Abstractions.dll)
D/Mono    ( 9814): Assembly Plugin.Geolocator.Abstractions[0xef6a9680] added to domain RootDomain, ref_count=1
D/Mono    ( 9814): AOT module 'Plugin.Geolocator.Abstractions.dll.so' not found: dlopen failed: library "/data/app/com.careerbuilder.SugarDrone-1/lib/arm/libaot-Plugin.Geolocator.Abstractions.dll.so" not found
D/Mono    ( 9814): AOT module '/Users/builder/data/lanes/4009/f3074d2c/source/monodroid/builds/install/mono-armv6/lib/mono/aot-cache/arm/Plugin.Geolocator.Abstractions.dll.so' not found: dlopen failed: library "/data/app/com.careerbuilder.SugarDrone-1/lib/arm/libaot-Plugin.Geolocator.Abstractions.dll.so" not found
D/Mono    ( 9814): Config attempting to parse: 'Plugin.Geolocator.Abstractions.dll.config'.
D/Mono    ( 9814): Config attempting to parse: '/Users/builder/data/lanes/4009/f3074d2c/source/monodroid/builds/install/mono-armv6/etc/mono/assemblies/Plugin.Geolocator.Abstractions/Plugin.Geolocator.Abstractions.config'.
D/Mono    ( 9814): Image addref Plugin.DeviceInfo[0xef6a96e0] -> Plugin.DeviceInfo.dll[0xeacefd00]: 2
D/Mono    ( 9814): Prepared to set up assembly 'Plugin.DeviceInfo' (Plugin.DeviceInfo.dll)
D/Mono    ( 9814): Assembly Plugin.DeviceInfo[0xef6a96e0] added to domain RootDomain, ref_count=1
D/Mono    ( 9814): AOT module 'Plugin.DeviceInfo.dll.so' not found: dlopen failed: library "/data/app/com.careerbuilder.SugarDrone-1/lib/arm/libaot-Plugin.DeviceInfo.dll.so" not found
D/Mono    ( 9814): AOT module '/Users/builder/data/lanes/4009/f3074d2c/source/monodroid/builds/install/mono-armv6/lib/mono/aot-cache/arm/Plugin.DeviceInfo.dll.so' not found: dlopen failed: library "/data/app/com.careerbuilder.SugarDrone-1/lib/arm/libaot-Plugin.DeviceInfo.dll.so" not found
D/Mono    ( 9814): Config attempting to parse: 'Plugin.DeviceInfo.dll.config'.
D/Mono    ( 9814): Config attempting to parse: '/Users/builder/data/lanes/4009/f3074d2c/source/monodroid/builds/install/mono-armv6/etc/mono/assemblies/Plugin.DeviceInfo/Plugin.DeviceInfo.config'.
D/Mono    ( 9814): Image addref Plugin.DeviceInfo.Abstractions[0xef6a9740] -> Plugin.DeviceInfo.Abstractions.dll[0xeacf0200]: 2
D/Mono    ( 9814): Prepared to set up assembly 'Plugin.DeviceInfo.Abstractions' (Plugin.DeviceInfo.Abstractions.dll)
D/Mono    ( 9814): Assembly Plugin.DeviceInfo.Abstractions[0xef6a9740] added to domain RootDomain, ref_count=1
D/Mono    ( 9814): AOT module 'Plugin.DeviceInfo.Abstractions.dll.so' not found: dlopen failed: library "/data/app/com.careerbuilder.SugarDrone-1/lib/arm/libaot-Plugin.DeviceInfo.Abstractions.dll.so" not found
D/Mono    ( 9814): AOT module '/Users/builder/data/lanes/4009/f3074d2c/source/monodroid/builds/install/mono-armv6/lib/mono/aot-cache/arm/Plugin.DeviceInfo.Abstractions.dll.so' not found: dlopen failed: library "/data/app/com.careerbuilder.SugarDrone-1/lib/arm/libaot-Plugin.DeviceInfo.Abstractions.dll.so" not found
D/Mono    ( 9814): Config attempting to parse: 'Plugin.DeviceInfo.Abstractions.dll.config'.
D/Mono    ( 9814): Config attempting to parse: '/Users/builder/data/lanes/4009/f3074d2c/source/monodroid/builds/install/mono-armv6/etc/mono/assemblies/Plugin.DeviceInfo.Abstractions/Plugin.DeviceInfo.Abstractions.config'.
D/Mono    ( 9814): Image addref Xamarin.GooglePlayServices.Analytics[0xef6a97a0] -> Xamarin.GooglePlayServices.Analytics.dll[0xeacf0700]: 2
D/Mono    ( 9814): Prepared to set up assembly 'Xamarin.GooglePlayServices.Analytics' (Xamarin.GooglePlayServices.Analytics.dll)
D/Mono    ( 9814): Assembly Xamarin.GooglePlayServices.Analytics[0xef6a97a0] added to domain RootDomain, ref_count=1
D/Mono    ( 9814): AOT module 'Xamarin.GooglePlayServices.Analytics.dll.so' not found: dlopen failed: library "/data/app/com.careerbuilder.SugarDrone-1/lib/arm/libaot-Xamarin.GooglePlayServices.Analytics.dll.so" not found
D/Mono    ( 9814): AOT module '/Users/builder/data/lanes/4009/f3074d2c/source/monodroid/builds/install/mono-armv6/lib/mono/aot-cache/arm/Xamarin.GooglePlayServices.Analytics.dll.so' not found: dlopen failed: library "/data/app/com.careerbuilder.SugarDrone-1/lib/arm/libaot-Xamarin.GooglePlayServices.Analytics.dll.so" not found
D/Mono    ( 9814): Config attempting to parse: 'Xamarin.GooglePlayServices.Analytics.dll.config'.
D/Mono    ( 9814): Config attempting to parse: '/Users/builder/data/lanes/4009/f3074d2c/source/monodroid/builds/install/mono-armv6/etc/mono/assemblies/Xamarin.GooglePlayServices.Analytics/Xamarin.GooglePlayServices.Analytics.config'.
D/Mono    ( 9814): Image addref Xamarin.GooglePlayServices.Base[0xef6a9800] -> Xamarin.GooglePlayServices.Base.dll[0xeacf0c00]: 2
D/Mono    ( 9814): Prepared to set up assembly 'Xamarin.GooglePlayServices.Base' (Xamarin.GooglePlayServices.Base.dll)
D/Mono    ( 9814): Assembly Xamarin.GooglePlayServices.Base[0xef6a9800] added to domain RootDomain, ref_count=1
D/Mono    ( 9814): AOT module 'Xamarin.GooglePlayServices.Base.dll.so' not found: dlopen failed: library "/data/app/com.careerbuilder.SugarDrone-1/lib/arm/libaot-Xamarin.GooglePlayServices.Base.dll.so" not found
D/Mono    ( 9814): AOT module '/Users/builder/data/lanes/4009/f3074d2c/source/monodroid/builds/install/mono-armv6/lib/mono/aot-cache/arm/Xamarin.GooglePlayServices.Base.dll.so' not found: dlopen failed: library "/data/app/com.careerbuilder.SugarDrone-1/lib/arm/libaot-Xamarin.GooglePlayServices.Base.dll.so" not found
D/Mono    ( 9814): Config attempting to parse: 'Xamarin.GooglePlayServices.Base.dll.config'.
D/Mono    ( 9814): Config attempting to parse: '/Users/builder/data/lanes/4009/f3074d2c/source/monodroid/builds/install/mono-armv6/etc/mono/assemblies/Xamarin.GooglePlayServices.Base/Xamarin.GooglePlayServices.Base.config'.
D/Mono    ( 9814): Image addref Xamarin.GooglePlayServices.Basement[0xef6a9860] -> Xamarin.GooglePlayServices.Basement.dll[0xeacf1100]: 2
D/Mono    ( 9814): Prepared to set up assembly 'Xamarin.GooglePlayServices.Basement' (Xamarin.GooglePlayServices.Basement.dll)
D/Mono    ( 9814): Assembly Xamarin.GooglePlayServices.Basement[0xef6a9860] added to domain RootDomain, ref_count=1
