D/Mono    ( 9787): Config attempting to parse: '/Users/builder/data/lanes/4009/f3074d2c/source/monodroid/builds/install/mono-armv6/etc/mono/assemblies/System/System.config'.
D/Mono    ( 9787): DllImport searching in: '__Internal' ('(null)').
D/Mono    ( 9787): Searching for 'java_interop_jnienv_is_assignable_from'.
D/Mono    ( 9787): Probing 'java_interop_jnienv_is_assignable_from'.
D/Mono    ( 9787): Found as 'java_interop_jnienv_is_assignable_from'.
D/Mono    ( 9787): DllImport searching in: '__Internal' ('(null)').
D/Mono    ( 9787): Searching for 'java_interop_jnienv_get_byte_array_region'.
D/Mono    ( 9787): Probing 'java_interop_jnienv_get_byte_array_region'.
D/Mono    ( 9787): Found as 'java_interop_jnienv_get_byte_array_region'.
D/Mono    ( 9787): DllImport searching in: '__Internal' ('(null)').
D/Mono    ( 9787): Searching for 'java_interop_jnienv_set_byte_array_region'.
D/Mono    ( 9787): Probing 'java_interop_jnienv_set_byte_array_region'.
D/Mono    ( 9787): Found as 'java_interop_jnienv_set_byte_array_region'.
D/Mono    ( 9787): [0xd9793930] worker starting
I/System.out( 9787): URI: /
I/System.out( 9787): params: {json={"command":"touch_coordinate","arguments":[720.0,2273.0]}
I/System.out( 9787): }
I/System.out( 9787): header: {content-length=57, host=devicehost47.prod, x-session-token=token-token-007d1a9c-cbf4-4344-9908-107bbd5c00d0, x-forwarded-for=10.222.150.20, content-type=application/json; charset=utf-8, connection=close}
I/System.out( 9787): params: {json={"command":"touch_coordinate","arguments":[720.0,2273.0]}
I/System.out( 9787): }
I/System.out( 9787): ProP json = {"command":"touch_coordinate","arguments":[720.0,2273.0]}
I/System.out( 9787): files: {}
I/System.out( 9787): command: {"command":"touch_coordinate","arguments":[720.0,2273.0]}
I/InstrumentationBackend( 9787): Got command:'Command:'Line:null,touch_coordinate', arguments:'[720.0, 2273.0]'
W/Mono    ( 9787): The request to load the assembly System.Core v4.0.0.0 was remapped to v2.0.5.0
D/Mono    ( 9787): Unloading image System.Core.dll [0xd9a8e900].
D/Mono    ( 9787): Image addref System.Core[0xd8b1b5c0] -> System.Core.dll[0xdc45a000]: 5
D/Mono    ( 9787): Config attempting to parse: 'System.Core.dll.config'.
D/Mono    ( 9787): Config attempting to parse: '/Users/builder/data/lanes/4009/f3074d2c/source/monodroid/builds/install/mono-armv6/etc/mono/assemblies/System.Core/System.Core.config'.
W/Mono    ( 9787): The request to load the assembly System.Core v4.0.0.0 was remapped to v2.0.5.0
D/Mono    ( 9787): Unloading image System.Core.dll [0xd9a8e900].
D/Mono    ( 9787): Image addref System.Core[0xd8b38740] -> System.Core.dll[0xdc45a000]: 6
D/Mono    ( 9787): Config attempting to parse: 'System.Core.dll.config'.
D/Mono    ( 9787): Config attempting to parse: '/Users/builder/data/lanes/4009/f3074d2c/source/monodroid/builds/install/mono-armv6/etc/mono/assemblies/System.Core/System.Core.config'.
D/audio_hw_primary(  512): out_set_parameters: enter: usecase(1: low-latency-playback) kvpairs: routing=2
I/calabash( 9787): execStartActivity 4
I/ActivityManager(  926): START u0 {cmp=com.careerbuilder.SugarDrone/md537fd6201b6818e2e180d2f7606e21a83.ValuePropActivity} from uid 17881 on display 0
D/audio_hw_primary(  512): select_devices: out_snd_device(2: speaker) in_snd_device(0: none)
D/msm8974_platform(  512): platform_send_audio_calibration: sending audio calibration for snd_device(2) acdb_id(15)
I/soundtrigger(  512): audio_extn_sound_trigger_update_device_status: device 0x2 of type 0 for Event 1
D/audio_hw_primary(  512): enable_snd_device: snd_device(2: speaker)
D/audio_hw_primary(  512): enable_audio_route: apply and update mixer path: low-latency-playback speaker
I/calabash( 9787): newActivity1
D/Mono    ( 9787): Assembly Ref addref CareerBuilder_Search.Droid[0xef629080] -> System.Core[0xef62a700]: 14
D/Mono    ( 9787): DllImport searching in: '__Internal' ('(null)').
D/Mono    ( 9787): Searching for 'java_interop_jnienv_call_nonvirtual_object_method'.
D/Mono    ( 9787): Probing 'java_interop_jnienv_call_nonvirtual_object_method'.
D/Mono    ( 9787): Found as 'java_interop_jnienv_call_nonvirtual_object_method'.
I/System.out( 9787): result:{"bonusInformation":[],"message":"","success":true}
D/Mono    ( 9787): Assembly Ref addref CareerBuilder_Search.Droid[0xef629080] -> Newtonsoft.Json[0xef629ce0]: 4
I/System.out( 9787): URI: /backdoor
I/System.out( 9787): params: {json={"method_name":"APISetup","arguments":[200]}
I/System.out( 9787): }
D/Mono    ( 9787): DllImport searching in: '__Internal' ('(null)').
D/Mono    ( 9787): Searching for 'java_interop_jnienv_new_byte_array'.
D/Mono    ( 9787): Probing 'java_interop_jnienv_new_byte_array'.
D/Mono    ( 9787): Found as 'java_interop_jnienv_new_byte_array'.
D/audio_hw_primary(  512): disable_audio_route: reset and update mixer path: low-latency-playback speaker
D/audio_hw_primary(  512): disable_snd_device: snd_device(2: speaker)
I/soundtrigger(  512): audio_extn_sound_trigger_update_device_status: device 0x2 of type 0 for Event 0
D/Mono    ( 9787): [0xd9793930] hill climbing, change max number of threads 9
W/FragmentManager( 9787): moveToState: Fragment state for ValuePropFragment{b998d4e #0 id=0x7f0a0148 android:switcher:2131362120:1} not updated inline; expected state 3 found 2
I/art     ( 9787): Background sticky concurrent mark sweep GC freed 220364(9MB) AllocSpace objects, 18(360KB) LOS objects, 15% free, 31MB/37MB, paused 5.234ms total 49.942ms
I/Choreographer( 9787): Skipped 40 frames!  The application may be doing too much work on its main thread.
I/ActivityManager(  926): Displayed com.careerbuilder.SugarDrone/md537fd6201b6818e2e180d2f7606e21a83.ValuePropActivity: +954ms
I/Keyboard.Facilitator( 3428): onFinishInput()
I/System.out( 9787): URI: /backdoor
I/System.out( 9787): params: {json={"method_name":"MyCBBackdoor","arguments":[]}
I/System.out( 9787): }
D/Mono    ( 9787): Assembly Ref addref CareerBuilder_Search.Droid[0xef629080] -> Xamarin.Android.Support.Design[0xef629c20]: 2
I/ThermalEngine(  518): ACTION: GPU - Setting GPU[0] to 450000000
I/calabash( 9787): execStartActivity 4
I/ActivityManager(  926): START u0 {cmp=com.careerbuilder.SugarDrone/md5a4824aa66c0dc4d104077b72c1916a44.MasterNavActivity} from uid 17881 on display 0
I/calabash( 9787): newActivity1
W/SurfaceFlinger(  383): couldn't log to binary event log: overflow.
D/Mono    ( 9787): DllImport searching in: '__Internal' ('(null)').
D/Mono    ( 9787): Searching for 'java_interop_jnienv_call_int_method'.
D/Mono    ( 9787): Probing 'java_interop_jnienv_call_int_method'.
D/Mono    ( 9787): Found as 'java_interop_jnienv_call_int_method'.
I/System.out( 9787): URI: /map
I/System.out( 9787): params: {json={"query":"* marked:'My Jobs'","operation":{"method_name":"query","arguments":[]}}
I/System.out( 9787): }
D/Mono    ( 9787): Assembly Ref addref Xamarin.Android.Support.Design[0xef629c20] -> Xamarin.Android.Support.v4[0xef629a40]: 4
D/Mono    ( 9787): Assembly Ref addref CareerBuilder_Search.Droid[0xef629080] -> Xamarin.Android.Support.v7.RecyclerView[0xef629aa0]: 2
D/Mono    ( 9787): Assembly Ref addref Xamarin.Android.Support.v7.RecyclerView[0xef629aa0] -> Xamarin.Android.Support.v4[0xef629a40]: 5
D/Mono    ( 9787): Assembly Ref addref CareerBuilder_Search.Droid[0xef629080] -> FloatingActionButton-Xamarin[0xef6299e0]: 2
D/Mono    ( 9787): Unloading image System.IO.dll [0xd73d0700].
D/Mono    ( 9787): Image addref System.IO[0xd77f12e0] -> System.IO.dll[0xdaa91200]: 6
D/Mono    ( 9787): Config attempting to parse: 'System.IO.dll.config'.
D/Mono    ( 9787): Config attempting to parse: '/Users/builder/data/lanes/4009/f3074d2c/source/monodroid/builds/install/mono-armv6/etc/mono/assemblies/System.IO/System.IO.config'.
D/Mono    ( 9787): Assembly Ref addref CareerBuilder_Search[0xef62a0a0] -> System.IO[0xdabb5a60]: 4
W/FragmentManager( 9787): moveToState: Fragment state for SavedJobsFragment{ebbb1eb #0 id=0x7f0a0148 android:switcher:2131362120:1} not updated inline; expected state 3 found 2
D/Mono    ( 9787): Assembly Ref addref CareerBuilder_Search.Droid[0xef629080] -> System[0xef62a3a0]: 13
W/FragmentManager( 9787): moveToState: Fragment state for ResumeManagementFragment{ce28b48 #1 id=0x7f0a0148 android:switcher:2131362120:2} not updated inline; expected state 3 found 2
D/Mono    ( 9787): Unloading image System.Linq.dll [0xd8f93400].
D/Mono    ( 9787): Image addref System.Linq[0xd77f0440] -> System.Linq.dll[0xdc45be00]: 9
D/Mono    ( 9787): Config attempting to parse: 'System.Linq.dll.config'.
D/Mono    ( 9787): Config attempting to parse: '/Users/builder/data/lanes/4009/f3074d2c/source/monodroid/builds/install/mono-armv6/etc/mono/assemblies/System.Linq/System.Linq.config'.
D/Mono    ( 9787): Assembly Ref addref CareerBuilder_Search[0xef62a0a0] -> System.Linq[0xef62a580]: 7
D/Mono    ( 9787): DllImport attempting to load: '/system/lib/liblog.so'.
D/Mono    ( 9787): DllImport loaded library '/system/lib/liblog.so'.
D/Mono    ( 9787): DllImport searching in: '/system/lib/liblog.so' ('/system/lib/liblog.so').
D/Mono    ( 9787): Searching for '__android_log_print'.
D/Mono    ( 9787): Probing '__android_log_print'.
D/Mono    ( 9787): Found as '__android_log_print'.
I/mono-stdout( 9787): uri is: https://api.careerbuilder.com/consumer/resumes?OAuthToken=&HostSite=US&DeveloperKey=WDHR8FC6P2JZ1Y61KLM5
D/Mono    ( 9787): Unloading image System.Collections.dll [0xd73adc00].
D/Mono    ( 9787): Image addref System.Collections[0xd77f0ce0] -> System.Collections.dll[0xeac78b00]: 10
D/Mono    ( 9787): Config attempting to parse: 'System.Collections.dll.config'.
D/Mono    ( 9787): Config attempting to parse: '/Users/builder/data/lanes/4009/f3074d2c/source/monodroid/builds/install/mono-armv6/etc/mono/assemblies/System.Collections/System.Collections.config'.
D/Mono    ( 9787): Assembly Ref addref System.Reactive.Linq[0xef629e60] -> System.Collections[0xef62a460]: 8
D/Mono    ( 9787): DllImport searching in: '__Internal' ('(null)').
D/Mono    ( 9787): Searching for 'java_interop_jnienv_call_nonvirtual_void_method'.
D/Mono    ( 9787): Probing 'java_interop_jnienv_call_nonvirtual_void_method'.
D/Mono    ( 9787): Found as 'java_interop_jnienv_call_nonvirtual_void_method'.
I/mono-stdout( 9787): uri is: https://api.careerbuilder.com/consumer/saved-jobs/?DeveloperKey=WDHR8FC6P2JZ1Y61KLM5
I/mono-stdout( 9787): uri is: https://api.careerbuilder.com/consumer/resumes?OAuthToken=&HostSite=US&DeveloperKey=WDHR8FC6P2JZ1Y61KLM5
I/mono-stdout( 9787): uri is: https://api.careerbuilder.com/consumer/jobs/search/?Keywords=&Location=&UseFacets=true&PageNumber=1&ExcludeNational=true&DeveloperKey=WDHR8FC6P2JZ1Y61KLM5
D/Mono    ( 9787): Image addref System.Net.Primitives[0xd77f1160] -> System.Net.Primitives.dll[0xd8f92500]: 2
D/Mono    ( 9787): Prepared to set up assembly 'System.Net.Primitives' (System.Net.Primitives.dll)
D/Mono    ( 9787): Assembly System.Net.Primitives[0xd77f1160] added to domain RootDomain, ref_count=1
D/Mono    ( 9787): Unloading image System.Net.Primitives.dll [0xd8f94800].
D/Mono    ( 9787): Unloading image System.Net.Primitives.dll [0xd8f95700].
D/Mono    ( 9787): Image addref System.Net.Primitives[0xd77f0c80] -> System.Net.Primitives.dll[0xd8f92500]: 5
D/Mono    ( 9787): Unloading image System.Net.Primitives.dll [0xd8f92a00].
D/Mono    ( 9787): Image addref System.Net.Primitives[0xd77f0c20] -> System.Net.Primitives.dll[0xd8f92500]: 7
D/Mono    ( 9787): Config attempting to parse: 'System.Net.Primitives.dll.config'.
D/Mono    ( 9787): Config attempting to parse: 'System.Net.Primitives.dll.config'.
D/Mono    ( 9787): Config attempting to parse: '/Users/builder/data/lanes/4009/f3074d2c/source/monodroid/builds/install/mono-armv6/etc/mono/assemblies/System.Net.Primitives/System.Net.Primitives.config'.
D/Mono    ( 9787): Config attempting to parse: '/Users/builder/data/lanes/4009/f3074d2c/source/monodroid/builds/install/mono-armv6/etc/mono/assemblies/System.Net.Primitives/System.Net.Primitives.config'.
D/Mono    ( 9787): Image addref System.Net.Primitives[0xd8b38800] -> System.Net.Primitives.dll[0xd8f92500]: 6
D/Mono    ( 9787): Assembly Ref addref CareerBuilder_Search[0xef62a0a0] -> System.Net.Primitives[0xd77f1160]: 2
D/Mono    ( 9787): Config attempting to parse: 'System.Net.Primitives.dll.config'.
D/Mono    ( 9787): Config attempting to parse: '/Users/builder/data/lanes/4009/f3074d2c/source/monodroid/builds/install/mono-armv6/etc/mono/assemblies/System.Net.Primitives/System.Net.Primitives.config'.
D/Mono    ( 9787): Assembly Ref addref System.Net.Primitives[0xd77f1160] -> System[0xef62a3a0]: 14
D/Mono    ( 9787): Unloading image System.Text.Encoding.dll [0xd8f92a00].
D/Mono    ( 9787): Unloading image System.Text.Encoding.dll [0xd8f94800].
D/Mono    ( 9787): Image addref System.Text.Encoding[0xd8b1ca00] -> System.Text.Encoding.dll[0xdaa90800]: 6
D/Mono    ( 9787): Image addref System.Text.Encoding[0xd77f01a0] -> System.Text.Encoding.dll[0xdaa90800]: 7
D/Mono    ( 9787): Config attempting to parse: 'System.Text.Encoding.dll.config'.
D/Mono    ( 9787): Config attempting to parse: 'System.Text.Encoding.dll.config'.
D/Mono    ( 9787): Config attempting to parse: '/Users/builder/data/lanes/4009/f3074d2c/source/monodroid/builds/install/mono-armv6/etc/mono/assemblies/System.Text.Encoding/System.Text.Encoding.config'.
D/Mono    ( 9787): Assembly Ref addref CareerBuilder_Search[0xef62a0a0] -> System.Text.Encoding[0xdabb36c0]: 3
D/Mono    ( 9787): Config attempting to parse: '/Users/builder/data/lanes/4009/f3074d2c/source/monodroid/builds/install/mono-armv6/etc/mono/assemblies/System.Text.Encoding/System.Text.Encoding.config'.
D/Mono    ( 9787): Unloading image System.Text.Encoding.dll [0xd8f95700].
D/Mono    ( 9787): Image addref System.Text.Encoding[0xd77efe40] -> System.Text.Encoding.dll[0xdaa90800]: 7
D/Mono    ( 9787): Config attempting to parse: 'System.Text.Encoding.dll.config'.
D/Mono    ( 9787): Config attempting to parse: '/Users/builder/data/lanes/4009/f3074d2c/source/monodroid/builds/install/mono-armv6/etc/mono/assemblies/System.Text.Encoding/System.Text.Encoding.config'.
I/mono-stdout( 9787): making api call to: /consumer/jobs/search/?Keywords=&Location=&UseFacets=true&PageNumber=1&ExcludeNational=true&DeveloperKey=WDHR8FC6P2JZ1Y61KLM5
I/mono-stdout( 9787): making api call to: /consumer/saved-jobs/?DeveloperKey=WDHR8FC6P2JZ1Y61KLM5
I/mono-stdout( 9787): making api call to: /consumer/resumes?OAuthToken=&HostSite=US&DeveloperKey=WDHR8FC6P2JZ1Y61KLM5
D/Mono    ( 9787): AOT module 'System.Net.Primitives.dll.so' not found: dlopen failed: library "/data/app/com.careerbuilder.SugarDrone-1/lib/arm/libaot-System.Net.Primitives.dll.so" not found
D/Mono    ( 9787): AOT module '/Users/builder/data/lanes/4009/f3074d2c/source/monodroid/builds/install/mono-armv6/lib/mono/aot-cache/arm/System.Net.Primitives.dll.so' not found: dlopen failed: library "/data/app/com.careerbuilder.SugarDrone-1/lib/arm/libaot-System.Net.Primitives.dll.so" not found
D/Mono    ( 9787): Config attempting to parse: 'System.Net.Primitives.dll.config'.
D/Mono    ( 9787): Config attempting to parse: '/Users/builder/data/lanes/4009/f3074d2c/source/monodroid/builds/install/mono-armv6/etc/mono/assemblies/System.Net.Primitives/System.Net.Primitives.config'.
I/mono-stdout( 9787): making api call to: /consumer/resumes?OAuthToken=&HostSite=US&DeveloperKey=WDHR8FC6P2JZ1Y61KLM5
I/mono-stdout( 9787): Method: GET, RequestUri: 'https://api.careerbuilder.com/consumer/saved-jobs/?DeveloperKey=WDHR8FC6P2JZ1Y61KLM5', Version: 1.1, Content: <null>, Headers:

I/mono-stdout( 9787): {

I/mono-stdout( 9787): DeveloperKey: WDHR8FC6P2JZ1Y61KLM5

I/mono-stdout( 9787): Accept: application/json

I/mono-stdout( 9787): Authorization: Bearer test

I/mono-stdout( 9787): HostSite: US

I/mono-stdout( 9787): }
I/mono-stdout( 9787): Current State = 1,2,6,7
I/mono-stdout( 9787): applied jobs = 6
I/mono-stdout( 9787): expired jobs = 7
I/mono-stdout( 9787): saved jobs = Saved,Saved,Applied,Saved
I/ThermalEngine(  518): ACTION: GPU - Setting GPU[0] to 390000000
I/art     ( 9787): Starting a blocking GC Explicit
I/art     ( 9787): Explicit concurrent mark sweep GC freed 1644(116KB) AllocSpace objects, 0(0B) LOS objects, 29% free, 38MB/54MB, paused 966us total 25.752ms
I/art     ( 9787): Starting a blocking GC Explicit
I/art     ( 9787): Explicit concurrent mark sweep GC freed 106(4KB) AllocSpace objects, 0(0B) LOS objects, 29% free, 38MB/54MB, paused 855us total 22.656ms
I/art     ( 9787): Starting a blocking GC Explicit
I/art     ( 9787): Explicit concurrent mark sweep GC freed 10(688B) AllocSpace objects, 0(0B) LOS objects, 29% free, 38MB/54MB, paused 858us total 22.404ms
I/art     ( 9787): Starting a blocking GC Explicit
I/art     ( 9787): Explicit concurrent mark sweep GC freed 3(96B) AllocSpace objects, 0(0B) LOS objects, 29% free, 38MB/54MB, paused 944us total 23.113ms
I/mono-stdout( 9787): done making call to: /consumer/resumes?OAuthToken=&HostSite=US&DeveloperKey=WDHR8FC6P2JZ1Y61KLM5
I/mono-stdout( 9787): done making call to: /consumer/resumes?OAuthToken=&HostSite=US&DeveloperKey=WDHR8FC6P2JZ1Y61KLM5
I/art     ( 9787): Starting a blocking GC Explicit
I/art     ( 9787): Explicit concurrent mark sweep GC freed 10(688B) AllocSpace objects, 0(0B) LOS objects, 29% free, 38MB/54MB, paused 934us total 23.445ms
I/mono-stdout( 9787): The resume  with hash has been set as latest
I/mono-stdout( 9787): The resume  with hash has been set as latest
I/art     ( 9787): Starting a blocking GC Explicit
I/art     ( 9787): Explicit concurrent mark sweep GC freed 1737(101KB) AllocSpace objects, 1(20KB) LOS objects, 29% free, 38MB/54MB, paused 823us total 23.246ms
D/Mono    ( 9787): GC_TAR_BRIDGE bridges 173 objects 371 opaque 122 colors 173 colors-bridged 173 colors-visible 173 xref 5 cache-hit 0 cache-semihit 0 cache-miss 0 setup 0.12ms tarjan 0.50ms scc-setup 0.14ms gather-xref 0.01ms xref-setup 0.02ms cleanup 0.06ms
D/Mono    ( 9787): GC_BRIDGE: Complete, was running for 26.62ms
D/Mono    ( 9787): GC_MINOR: (Nursery full) time 21.53ms, stw 22.27ms promoted 893K major size: 1888K in use: 1173K los size: 1024K in use: 370K
I/mono-stdout( 9787): done making call to: /consumer/saved-jobs/?DeveloperKey=WDHR8FC6P2JZ1Y61KLM5
I/mono-stdout( 9787): done making call to: /consumer/jobs/search/?Keywords=&Location=&UseFacets=true&PageNumber=1&ExcludeNational=true&DeveloperKey=WDHR8FC6P2JZ1Y61KLM5
I/mono-stdout( 9787): uri is: https://api.careerbuilder.com/consumer/saved-jobs/?DeveloperKey=WDHR8FC6P2JZ1Y61KLM5
I/mono-stdout( 9787): making api call to: /consumer/saved-jobs/?DeveloperKey=WDHR8FC6P2JZ1Y61KLM5
I/mono-stdout( 9787): Method: GET, RequestUri: 'https://api.careerbuilder.com/consumer/saved-jobs/?DeveloperKey=WDHR8FC6P2JZ1Y61KLM5', Version: 1.1, Content: <null>, Headers:

I/mono-stdout( 9787): {

I/mono-stdout( 9787): DeveloperKey: WDHR8FC6P2JZ1Y61KLM5

I/mono-stdout( 9787): Accept: application/json

I/mono-stdout( 9787): Authorization: Bearer test

I/mono-stdout( 9787): HostSite: US

I/mono-stdout( 9787): }
I/mono-stdout( 9787): Current State = 1,2,6,7
I/mono-stdout( 9787): applied jobs = 6
I/mono-stdout( 9787): expired jobs = 7
I/mono-stdout( 9787): saved jobs = Saved,Saved,Applied,Saved
E/RecyclerView( 9787): No adapter attached; skipping layout
W/art     ( 9787): JNI RegisterNativeMethods: attempt to register 0 native methods for md539c3d548fb000cea9f34163fa7e112ea.ProgressListItemViewHolder
W/ResourceType( 9787): No known package when getting name for resource number 0xffffffff
W/ResourceType( 9787): No known package when getting name for resource number 0xffffffff
W/ResourceType( 9787): No known package when getting name for resource number 0xffffffff
W/ResourceType( 9787): No known package when getting name for resource number 0xffffffff
W/ResourceType( 9787): No known package when getting name for resource number 0xffffffff
W/ResourceType( 9787): No known package when getting name for resource number 0xffffffff
W/ResourceType( 9787): No known package when getting name for resource number 0xffffffff
W/ResourceType( 9787): No known package when getting name for resource number 0xffffffff
W/ResourceType( 9787): No known package when getting name for resource number 0xffffffff
W/ResourceType( 9787): No known package when getting name for resource number 0xffffffff
W/ResourceType( 9787): No known package when getting name for resource number 0xffffffff
W/ResourceType( 9787): No known package when getting name for resource number 0xffffffff
W/ResourceType( 9787): No known package when getting name for resource number 0xffffffff
W/ResourceType( 9787): No known package when getting name for resource number 0xffffffff
W/ResourceType( 9787): No known package when getting name for resource number 0xffffffff
W/ResourceType( 9787): No known package when getting name for resource number 0xffffffff
W/ResourceType( 9787): No known package when getting name for resource number 0xffffffff
D/Mono    ( 9787): Assembly Ref addref Xamarin.Android.Support.v7.AppCompat[0xef629bc0] -> System.Core[0xef62a700]: 15
I/Choreographer( 9787): Skipped 103 frames!  The application may be doing too much work on its main thread.
E/RecyclerView( 9787): No adapter attached; skipping layout
I/System.out( 9787): URI: /map
I/System.out( 9787): params: {json={"query":"* marked:'JobTitle1'","operation":{"method_name":"query","arguments":[]}}
I/System.out( 9787): }
D/Mono    ( 9787): DllImport searching in: '__Internal' ('(null)').
D/Mono    ( 9787): Searching for 'java_interop_jnienv_call_void_method'.
D/Mono    ( 9787): Probing 'java_interop_jnienv_call_void_method'.
D/Mono    ( 9787): Found as 'java_interop_jnienv_call_void_method'.
I/Keyboard.Facilitator( 3428): onFinishInput()
I/ActivityManager(  926): Displayed com.careerbuilder.SugarDrone/md5a4824aa66c0dc4d104077b72c1916a44.MasterNavActivity: +2s233ms
E/RecyclerView( 9787): No adapter attached; skipping layout
I/mono-stdout( 9787): done making call to: /consumer/saved-jobs/?DeveloperKey=WDHR8FC6P2JZ1Y61KLM5
E/RecyclerView( 9787): No adapter attached; skipping layout
W/ResourceType( 9787): No known package when getting name for resource number 0xffffffff
W/ResourceType( 9787): No known package when getting name for resource number 0xffffffff
W/ResourceType( 9787): No known package when getting name for resource number 0xffffffff
W/ResourceType( 9787): No known package when getting name for resource number 0xffffffff
W/ResourceType( 9787): No known package when getting name for resource number 0xffffffff
W/ResourceType( 9787): No known package when getting name for resource number 0xffffffff
W/ResourceType( 9787): No known package when getting name for resource number 0xffffffff
W/ResourceType( 9787): No known package when getting name for resource number 0xffffffff
W/ResourceType( 9787): No known package when getting name for resource number 0xffffffff
W/ResourceType( 9787): No known package when getting name for resource number 0xffffffff
W/ResourceType( 9787): No known package when getting name for resource number 0xffffffff
W/ResourceType( 9787): No known package when getting name for resource number 0xffffffff
W/ResourceType( 9787): No known package when getting name for resource number 0xffffffff
W/ResourceType( 9787): No known package when getting name for resource number 0xffffffff
W/ResourceType( 9787): No known package when getting name for resource number 0xffffffff
W/ResourceType( 9787): No known package when getting name for resource number 0xffffffff
W/ResourceType( 9787): No known package when getting name for resource number 0xffffffff
W/ResourceType( 9787): No known package when getting name for resource number 0xffffffff
W/ResourceType( 9787): No known package when getting name for resource number 0xffffffff
W/ResourceType( 9787): No known package when getting name for resource number 0xffffffff
W/ResourceType( 9787): No known package when getting name for resource number 0xffffffff
W/ResourceType( 9787): No known package when getting name for resource number 0xffffffff
W/ResourceType( 9787): No known package when getting name for resource number 0xffffffff
W/ResourceType( 9787): No known package when getting name for resource number 0xffffffff
W/ResourceType( 9787): No known package when getting name for resource number 0xffffffff
W/ResourceType( 9787): No known package when getting name for resource number 0xffffffff
W/ResourceType( 9787): No known package when getting name for resource number 0xffffffff
W/ResourceType( 9787): No known package when getting name for resource number 0xffffffff
W/ResourceType( 9787): No known package when getting name for resource number 0xffffffff
W/ResourceType( 9787): No known package when getting name for resource number 0xffffffff
W/ResourceType( 9787): No known package when getting name for resource number 0xffffffff
W/ResourceType( 9787): No known package when getting name for resource number 0xffffffff
W/ResourceType( 9787): No known package when getting name for resource number 0xffffffff
W/ResourceType( 9787): No known package when getting name for resource number 0xffffffff
W/ResourceType( 9787): No known package when getting name for resource number 0xffffffff
W/ResourceType( 9787): No known package when getting name for resource number 0xffffffff
W/ResourceType( 9787): No known package when getting name for resource number 0xffffffff
W/ResourceType( 9787): No known package when getting name for resource number 0xffffffff
W/ResourceType( 9787): No known package when getting name for resource number 0xffffffff
W/ResourceType( 9787): No known package when getting name for resource number 0xffffffff
W/ResourceType( 9787): No known package when getting name for resource number 0xffffffff
W/ResourceType( 9787): No known package when getting name for resource number 0xffffffff
W/ResourceType( 9787): No known package when getting name for resource number 0xffffffff
W/ResourceType( 9787): No known package when getting name for resource number 0xffffffff
W/ResourceType( 9787): No known package when getting name for resource number 0xffffffff
W/ResourceType( 9787): No known package when getting name for resource number 0xffffffff
W/ResourceType( 9787): No known package when getting name for resource number 0xffffffff
W/ResourceType( 9787): No known package when getting name for resource number 0xffffffff
W/ResourceType( 9787): No known package when getting name for resource number 0xffffffff
W/ResourceType( 9787): No known package when getting name for resource number 0xffffffff
W/ResourceType( 9787): No known package when getting name for resource number 0xffffffff
W/ResourceType( 9787): No known package when getting name for resource number 0xffffffff
W/ResourceType( 9787): No known package when getting name for resource number 0xffffffff
D/Mono    ( 9787): DllImport searching in: '__Internal' ('(null)').
D/Mono    ( 9787): Searching for 'java_interop_jnienv_set_int_field'.
D/Mono    ( 9787): Probing 'java_interop_jnienv_set_int_field'.
D/Mono    ( 9787): Found as 'java_interop_jnienv_set_int_field'.
E/RecyclerView( 9787): No adapter attached; skipping layout
W/art     ( 9787): JNI RegisterNativeMethods: attempt to register 0 native methods for md539c3d548fb000cea9f34163fa7e112ea.JobResultViewHolder
I/System.out( 9787): URI: /backdoor
I/System.out( 9787): params: {json={"method_name":"Job1EdgeCaseExpired","arguments":[]}
I/System.out( 9787): }
W/art     ( 9787): JNI RegisterNativeMethods: attempt to register 0 native methods for md543b91ad655f5c020e54c78f692da973f.SnapshotView
I/System.out( 9787): URI: /map
I/System.out( 9787): params: {json={"query":"* marked:'JobTitle1'","operation":{"method_name":"query","arguments":[]}}
I/System.out( 9787): }
W/ResourceType( 9787): No known package when getting name for resource number 0xffffffff
W/ResourceType( 9787): No known package when getting name for resource number 0xffffffff
W/ResourceType( 9787): No known package when getting name for resource number 0xffffffff
W/ResourceType( 9787): No known package when getting name for resource number 0xffffffff
W/ResourceType( 9787): No known package when getting name for resource number 0xffffffff
W/ResourceType( 9787): No known package when getting name for resource number 0xffffffff
W/ResourceType( 9787): No known package when getting name for resource number 0xffffffff
W/ResourceType( 9787): No known package when getting name for resource number 0xffffffff
W/ResourceType( 9787): No known package when getting name for resource number 0xffffffff
W/ResourceType( 9787): No known package when getting name for resource number 0xffffffff
W/ResourceType( 9787): No known package when getting name for resource number 0xffffffff
W/ResourceType( 9787): No known package when getting name for resource number 0xffffffff
W/ResourceType( 9787): No known package when getting name for resource number 0xffffffff
W/ResourceType( 9787): No known package when getting name for resource number 0xffffffff
W/ResourceType( 9787): No known package when getting name for resource number 0xffffffff
W/ResourceType( 9787): No known package when getting name for resource number 0xffffffff
W/ResourceType( 9787): No known package when getting name for resource number 0xffffffff
W/ResourceType( 9787): No known package when getting name for resource number 0xffffffff
W/ResourceType( 9787): No known package when getting name for resource number 0xffffffff
W/ResourceType( 9787): No known package when getting name for resource number 0xffffffff
W/ResourceType( 9787): No known package when getting name for resource number 0xffffffff
W/ResourceType( 9787): No known package when getting name for resource number 0xffffffff
W/ResourceType( 9787): No known package when getting name for resource number 0xffffffff
W/ResourceType( 9787): No known package when getting name for resource number 0xffffffff
W/ResourceType( 9787): No known package when getting name for resource number 0xffffffff
W/ResourceType( 9787): No known package when getting name for resource number 0xffffffff
W/ResourceType( 9787): No known package when getting name for resource number 0xffffffff
W/ResourceType( 9787): No known package when getting name for resource number 0xffffffff
W/ResourceType( 9787): No known package when getting name for resource number 0xffffffff
W/ResourceType( 9787): No known package when getting name for resource number 0xffffffff
W/ResourceType( 9787): No known package when getting name for resource number 0xffffffff
W/ResourceType( 9787): No known package when getting name for resource number 0xffffffff
W/ResourceType( 9787): No known package when getting name for resource number 0xffffffff
W/ResourceType( 9787): No known package when getting name for resource number 0xffffffff
W/ResourceType( 9787): No known package when getting name for resource number 0xffffffff
W/ResourceType( 9787): No known package when getting name for resource number 0xffffffff
W/ResourceType( 9787): No known package when getting name for resource number 0xffffffff
W/ResourceType( 9787): No known package when getting name for resource number 0xffffffff
W/ResourceType( 9787): No known package when getting name for resource number 0xffffffff
W/ResourceType( 9787): No known package when getting name for resource number 0xffffffff
W/ResourceType( 9787): No known package when getting name for resource number 0xffffffff
W/ResourceType( 9787): No known package when getting name for resource number 0xffffffff
W/ResourceType( 9787): No known package when getting name for resource number 0xffffffff
W/ResourceType( 9787): No known package when getting name for resource number 0xffffffff
W/ResourceType( 9787): No known package when getting name for resource number 0xffffffff
W/ResourceType( 9787): No known package when getting name for resource number 0xffffffff
W/ResourceType( 9787): No known package when getting name for resource number 0xffffffff
W/ResourceType( 9787): No known package when getting name for resource number 0xffffffff
W/ResourceType( 9787): No known package when getting name for resource number 0xffffffff
W/ResourceType( 9787): No known package when getting name for resource number 0xffffffff
W/ResourceType( 9787): No known package when getting name for resource number 0xffffffff
W/ResourceType( 9787): No known package when getting name for resource number 0xffffffff
W/ResourceType( 9787): No known package when getting name for resource number 0xffffffff
W/ResourceType( 9787): No known package when getting name for resource number 0xffffffff
W/ResourceType( 9787): No known package when getting name for resource number 0xffffffff
W/ResourceType( 9787): No known package when getting name for resource number 0xffffffff
W/ResourceType( 9787): No known package when getting name for resource number 0xffffffff
W/ResourceType( 9787): No known package when getting name for resource number 0xffffffff
W/ResourceType( 9787): No known package when getting name for resource number 0xffffffff
W/ResourceType( 9787): No known package when getting name for resource number 0xffffffff
W/ResourceType( 9787): No known package when getting name for resource number 0xffffffff
W/ResourceType( 9787): No known package when getting name for resource number 0xffffffff
W/ResourceType( 9787): No known package when getting name for resource number 0xffffffff
W/ResourceType( 9787): No known package when getting name for resource number 0xffffffff
W/ResourceType( 9787): No known package when getting name for resource number 0xffffffff
W/ResourceType( 9787): No known package when getting name for resource number 0xffffffff
I/System.out( 9787): URI: /map
I/System.out( 9787): params: {json={"query":"* marked:'JobTitle1'","operation":{"method_name":"query","arguments":[]}}
I/System.out( 9787): }
W/ResourceType( 9787): No known package when getting name for resource number 0xffffffff
W/ResourceType( 9787): No known package when getting name for resource number 0xffffffff
W/ResourceType( 9787): No known package when getting name for resource number 0xffffffff
W/ResourceType( 9787): No known package when getting name for resource number 0xffffffff
W/ResourceType( 9787): No known package when getting name for resource number 0xffffffff
W/ResourceType( 9787): No known package when getting name for resource number 0xffffffff
W/ResourceType( 9787): No known package when getting name for resource number 0xffffffff
W/ResourceType( 9787): No known package when getting name for resource number 0xffffffff
W/ResourceType( 9787): No known package when getting name for resource number 0xffffffff
W/ResourceType( 9787): No known package when getting name for resource number 0xffffffff
W/ResourceType( 9787): No known package when getting name for resource number 0xffffffff
W/ResourceType( 9787): No known package when getting name for resource number 0xffffffff
W/ResourceType( 9787): No known package when getting name for resource number 0xffffffff
W/ResourceType( 9787): No known package when getting name for resource number 0xffffffff
W/ResourceType( 9787): No known package when getting name for resource number 0xffffffff
W/ResourceType( 9787): No known package when getting name for resource number 0xffffffff
W/ResourceType( 9787): No known package when getting name for resource number 0xffffffff
W/ResourceType( 9787): No known package when getting name for resource number 0xffffffff
W/ResourceType( 9787): No known package when getting name for resource number 0xffffffff
W/ResourceType( 9787): No known package when getting name for resource number 0xffffffff
W/ResourceType( 9787): No known package when getting name for resource number 0xffffffff
W/ResourceType( 9787): No known package when getting name for resource number 0xffffffff
W/ResourceType( 9787): No known package when getting name for resource number 0xffffffff
W/ResourceType( 9787): No known package when getting name for resource number 0xffffffff
W/ResourceType( 9787): No known package when getting name for resource number 0xffffffff
W/ResourceType( 9787): No known package when getting name for resource number 0xffffffff
W/ResourceType( 9787): No known package when getting name for resource number 0xffffffff
W/ResourceType( 9787): No known package when getting name for resource number 0xffffffff
W/ResourceType( 9787): No known package when getting name for resource number 0xffffffff
W/ResourceType( 9787): No known package when getting name for resource number 0xffffffff
W/ResourceType( 9787): No known package when getting name for resource number 0xffffffff
W/ResourceType( 9787): No known package when getting name for resource number 0xffffffff
W/ResourceType( 9787): No known package when getting name for resource number 0xffffffff
W/ResourceType( 9787): No known package when getting name for resource number 0xffffffff
W/ResourceType( 9787): No known package when getting name for resource number 0xffffffff
W/ResourceType( 9787): No known package when getting name for resource number 0xffffffff
W/ResourceType( 9787): No known package when getting name for resource number 0xffffffff
W/ResourceType( 9787): No known package when getting name for resource number 0xffffffff
W/ResourceType( 9787): No known package when getting name for resource number 0xffffffff
W/ResourceType( 9787): No known package when getting name for resource number 0xffffffff
W/ResourceType( 9787): No known package when getting name for resource number 0xffffffff
W/ResourceType( 9787): No known package when getting name for resource number 0xffffffff
W/ResourceType( 9787): No known package when getting name for resource number 0xffffffff
W/ResourceType( 9787): No known package when getting name for resource number 0xffffffff
W/ResourceType( 9787): No known package when getting name for resource number 0xffffffff
W/ResourceType( 9787): No known package when getting name for resource number 0xffffffff
W/ResourceType( 9787): No known package when getting name for resource number 0xffffffff
W/ResourceType( 9787): No known package when getting name for resource number 0xffffffff
W/ResourceType( 9787): No known package when getting name for resource number 0xffffffff
W/ResourceType( 9787): No known package when getting name for resource number 0xffffffff
W/ResourceType( 9787): No known package when getting name for resource number 0xffffffff
W/ResourceType( 9787): No known package when getting name for resource number 0xffffffff
W/ResourceType( 9787): No known package when getting name for resource number 0xffffffff
W/ResourceType( 9787): No known package when getting name for resource number 0xffffffff
W/ResourceType( 9787): No known package when getting name for resource number 0xffffffff
W/ResourceType( 9787): No known package when getting name for resource number 0xffffffff
W/ResourceType( 9787): No known package when getting name for resource number 0xffffffff
W/ResourceType( 9787): No known package when getting name for resource number 0xffffffff
W/ResourceType( 9787): No known package when getting name for resource number 0xffffffff
W/ResourceType( 9787): No known package when getting name for resource number 0xffffffff
W/ResourceType( 9787): No known package when getting name for resource number 0xffffffff
W/ResourceType( 9787): No known package when getting name for resource number 0xffffffff
W/ResourceType( 9787): No known package when getting name for resource number 0xffffffff
W/ResourceType( 9787): No known package when getting name for resource number 0xffffffff
W/ResourceType( 9787): No known package when getting name for resource number 0xffffffff
W/ResourceType( 9787): No known package when getting name for resource number 0xffffffff
I/System.out( 9787): URI: /map
I/System.out( 9787): params: {json={"query":"* marked:'JobTitle1'","operation":{"method_name":"query","arguments":[]}}
I/System.out( 9787): }
W/ResourceType( 9787): No known package when getting name for resource number 0xffffffff
W/ResourceType( 9787): No known package when getting name for resource number 0xffffffff
W/ResourceType( 9787): No known package when getting name for resource number 0xffffffff
W/ResourceType( 9787): No known package when getting name for resource number 0xffffffff
W/ResourceType( 9787): No known package when getting name for resource number 0xffffffff
W/ResourceType( 9787): No known package when getting name for resource number 0xffffffff
W/ResourceType( 9787): No known package when getting name for resource number 0xffffffff
W/ResourceType( 9787): No known package when getting name for resource number 0xffffffff
W/ResourceType( 9787): No known package when getting name for resource number 0xffffffff
W/ResourceType( 9787): No known package when getting name for resource number 0xffffffff
W/ResourceType( 9787): No known package when getting name for resource number 0xffffffff
W/ResourceType( 9787): No known package when getting name for resource number 0xffffffff
W/ResourceType( 9787): No known package when getting name for resource number 0xffffffff
W/ResourceType( 9787): No known package when getting name for resource number 0xffffffff
W/ResourceType( 9787): No known package when getting name for resource number 0xffffffff
W/ResourceType( 9787): No known package when getting name for resource number 0xffffffff
W/ResourceType( 9787): No known package when getting name for resource number 0xffffffff
W/ResourceType( 9787): No known package when getting name for resource number 0xffffffff
W/ResourceType( 9787): No known package when getting name for resource number 0xffffffff
W/ResourceType( 9787): No known package when getting name for resource number 0xffffffff
W/ResourceType( 9787): No known package when getting name for resource number 0xffffffff
W/ResourceType( 9787): No known package when getting name for resource number 0xffffffff
W/ResourceType( 9787): No known package when getting name for resource number 0xffffffff
W/ResourceType( 9787): No known package when getting name for resource number 0xffffffff
W/ResourceType( 9787): No known package when getting name for resource number 0xffffffff
W/ResourceType( 9787): No known package when getting name for resource number 0xffffffff
W/ResourceType( 9787): No known package when getting name for resource number 0xffffffff
W/ResourceType( 9787): No known package when getting name for resource number 0xffffffff
W/ResourceType( 9787): No known package when getting name for resource number 0xffffffff
W/ResourceType( 9787): No known package when getting name for resource number 0xffffffff
W/ResourceType( 9787): No known package when getting name for resource number 0xffffffff
W/ResourceType( 9787): No known package when getting name for resource number 0xffffffff
W/ResourceType( 9787): No known package when getting name for resource number 0xffffffff
W/ResourceType( 9787): No known package when getting name for resource number 0xffffffff
W/ResourceType( 9787): No known package when getting name for resource number 0xffffffff
W/ResourceType( 9787): No known package when getting name for resource number 0xffffffff
W/ResourceType( 9787): No known package when getting name for resource number 0xffffffff
W/ResourceType( 9787): No known package when getting name for resource number 0xffffffff
W/ResourceType( 9787): No known package when getting name for resource number 0xffffffff
W/ResourceType( 9787): No known package when getting name for resource number 0xffffffff
W/ResourceType( 9787): No known package when getting name for resource number 0xffffffff
W/ResourceType( 9787): No known package when getting name for resource number 0xffffffff
W/ResourceType( 9787): No known package when getting name for resource number 0xffffffff
W/ResourceType( 9787): No known package when getting name for resource number 0xffffffff
W/ResourceType( 9787): No known package when getting name for resource number 0xffffffff
W/ResourceType( 9787): No known package when getting name for resource number 0xffffffff
W/ResourceType( 9787): No known package when getting name for resource number 0xffffffff
W/ResourceType( 9787): No known package when getting name for resource number 0xffffffff
W/ResourceType( 9787): No known package when getting name for resource number 0xffffffff
W/ResourceType( 9787): No known package when getting name for resource number 0xffffffff
W/ResourceType( 9787): No known package when getting name for resource number 0xffffffff
W/ResourceType( 9787): No known package when getting name for resource number 0xffffffff
W/ResourceType( 9787): No known package when getting name for resource number 0xffffffff
W/ResourceType( 9787): No known package when getting name for resource number 0xffffffff
W/ResourceType( 9787): No known package when getting name for resource number 0xffffffff
W/ResourceType( 9787): No known package when getting name for resource number 0xffffffff
W/ResourceType( 9787): No known package when getting name for resource number 0xffffffff
W/ResourceType( 9787): No known package when getting name for resource number 0xffffffff
W/ResourceType( 9787): No known package when getting name for resource number 0xffffffff
W/ResourceType( 9787): No known package when getting name for resource number 0xffffffff
W/ResourceType( 9787): No known package when getting name for resource number 0xffffffff
W/ResourceType( 9787): No known package when getting name for resource number 0xffffffff
W/ResourceType( 9787): No known package when getting name for resource number 0xffffffff
W/ResourceType( 9787): No known package when getting name for resource number 0xffffffff
W/ResourceType( 9787): No known package when getting name for resource number 0xffffffff
W/ResourceType( 9787): No known package when getting name for resource number 0xffffffff
I/System.out( 9787): URI: /map
I/System.out( 9787): params: {json={"query":"* marked:'JobTitle1'","operation":{"method_name":"query","arguments":[]}}
I/System.out( 9787): }
W/ResourceType( 9787): No known package when getting name for resource number 0xffffffff
W/ResourceType( 9787): No known package when getting name for resource number 0xffffffff
W/ResourceType( 9787): No known package when getting name for resource number 0xffffffff
W/ResourceType( 9787): No known package when getting name for resource number 0xffffffff
W/ResourceType( 9787): No known package when getting name for resource number 0xffffffff
W/ResourceType( 9787): No known package when getting name for resource number 0xffffffff
W/ResourceType( 9787): No known package when getting name for resource number 0xffffffff
W/ResourceType( 9787): No known package when getting name for resource number 0xffffffff
W/ResourceType( 9787): No known package when getting name for resource number 0xffffffff
W/ResourceType( 9787): No known package when getting name for resource number 0xffffffff
W/ResourceType( 9787): No known package when getting name for resource number 0xffffffff
W/ResourceType( 9787): No known package when getting name for resource number 0xffffffff
W/ResourceType( 9787): No known package when getting name for resource number 0xffffffff
W/ResourceType( 9787): No known package when getting name for resource number 0xffffffff
W/ResourceType( 9787): No known package when getting name for resource number 0xffffffff
W/ResourceType( 9787): No known package when getting name for resource number 0xffffffff
W/ResourceType( 9787): No known package when getting name for resource number 0xffffffff
W/ResourceType( 9787): No known package when getting name for resource number 0xffffffff
W/ResourceType( 9787): No known package when getting name for resource number 0xffffffff
W/ResourceType( 9787): No known package when getting name for resource number 0xffffffff
W/ResourceType( 9787): No known package when getting name for resource number 0xffffffff
W/ResourceType( 9787): No known package when getting name for resource number 0xffffffff
W/ResourceType( 9787): No known package when getting name for resource number 0xffffffff
W/ResourceType( 9787): No known package when getting name for resource number 0xffffffff
W/ResourceType( 9787): No known package when getting name for resource number 0xffffffff
W/ResourceType( 9787): No known package when getting name for resource number 0xffffffff
W/ResourceType( 9787): No known package when getting name for resource number 0xffffffff
W/ResourceType( 9787): No known package when getting name for resource number 0xffffffff
W/ResourceType( 9787): No known package when getting name for resource number 0xffffffff
W/ResourceType( 9787): No known package when getting name for resource number 0xffffffff
W/ResourceType( 9787): No known package when getting name for resource number 0xffffffff
W/ResourceType( 9787): No known package when getting name for resource number 0xffffffff
W/ResourceType( 9787): No known package when getting name for resource number 0xffffffff
W/ResourceType( 9787): No known package when getting name for resource number 0xffffffff
W/ResourceType( 9787): No known package when getting name for resource number 0xffffffff
W/ResourceType( 9787): No known package when getting name for resource number 0xffffffff
W/ResourceType( 9787): No known package when getting name for resource number 0xffffffff
W/ResourceType( 9787): No known package when getting name for resource number 0xffffffff
W/ResourceType( 9787): No known package when getting name for resource number 0xffffffff
W/ResourceType( 9787): No known package when getting name for resource number 0xffffffff
W/ResourceType( 9787): No known package when getting name for resource number 0xffffffff
W/ResourceType( 9787): No known package when getting name for resource number 0xffffffff
W/ResourceType( 9787): No known package when getting name for resource number 0xffffffff
W/ResourceType( 9787): No known package when getting name for resource number 0xffffffff
W/ResourceType( 9787): No known package when getting name for resource number 0xffffffff
W/ResourceType( 9787): No known package when getting name for resource number 0xffffffff
