<![CDATA[I/ThermalEngine(  518): ACTION: GPU - Setting GPU[0] to 600000000
I/ServiceManager(  594): Waiting for service AtCmdFwd...
I/ServiceManager(  594): Waiting for service AtCmdFwd...
I/ServiceManager(  594): Waiting for service AtCmdFwd...

]]><xtc-scenario name="[0-1050]CareerBuilder_Search.DroidFeatureTests.JDPTests.LocationAndPostedDateLabelDisplaysProperly" id="[0-1050]CareerBuilder_Search.DroidFeatureTests.JDPTests.LocationAndPostedDateLabelDisplaysProperly"><![CDATA[
I/ServiceManager(  594): Waiting for service AtCmdFwd...
I/ServiceManager(  594): Waiting for service AtCmdFwd...
I/ThermalEngine(  518): ACTION: GPU - Setting GPU[0] to 510000000

]]><xtc-step name="[0-1050]CareerBuilder_Search.DroidFeatureTests.JDPTests.LocationAndPostedDateLabelDisplaysProperly-LocationAndPostedDateLabelDisplaysProperly" id="[0-1050]CareerBuilder_Search.DroidFeatureTests.JDPTests.LocationAndPostedDateLabelDisplaysProperly-LocationAndPostedDateLabelDisplaysProperly"><![CDATA[
--------- beginning of system
I/ActivityManager(  926): Killing 7506:com.android.chrome/u0a39 (adj 15): empty #17
W/Atfwd_Sendcmd(  594): AtCmdFwd service not published, waiting... retryCnt : 5
I/ThermalEngine(  518): ACTION: GPU - Setting GPU[0] to 450000000
D/AndroidRuntime( 8369): >>>>>> START com.android.internal.os.RuntimeInit uid 2000 <<<<<<
D/AndroidRuntime( 8369): CheckJNI is OFF
D/ICU     ( 8369): No timezone override file found: /data/misc/zoneinfo/current/icu/icu_tzdata.dat
I/Radio-JNI( 8369): register_android_hardware_Radio DONE
D/AndroidRuntime( 8369): Calling main entry com.android.commands.pm.Pm
I/art     ( 8369): System.exit called, status: 0
I/AndroidRuntime( 8369): VM exiting with result code 0.
D/ConnectivityService(  926): notifyType CAP_CHANGED for NetworkAgentInfo [WIFI () - 100]
D/NetlinkSocketObserver(  926): NeighborEvent{elapsedMs=203520, 10.22.0.1, [B0FAEB975089], RTM_NEWNEIGH, NUD_STALE}
D/ConnectivityService(  926): notifyType CAP_CHANGED for NetworkAgentInfo [WIFI () - 100]
D/ConnectivityService(  926): notifyType CAP_CHANGED for NetworkAgentInfo [WIFI () - 100]
D/ConnectivityService(  926): notifyType CAP_CHANGED for NetworkAgentInfo [WIFI () - 100]
D/WifiStateMachine(  926): starting scan for "xtc-ag"WPA_PSK with 5240,5180,5220,5200
I/Keyboard.Facilitator.LanguageModelFlusher( 3504): run()
I/Keyboard.Facilitator( 3504): flushDynamicLanguageModels()
I/Atfwd_Sendcmd(  594): AtCmdFwd service not ready - Exhausted retry attempts - :6
I/Atfwd_Daemon(  594): result : -1 	 ,Init step :2 	 ,qmiErrorCode: 0
I/ThermalEngine(  518): ACTION: GPU - Setting GPU[0] to 390000000
I/ThermalEngine(  518): ACTION: GPU - Setting GPU[0] to 450000000
D/ConnectivityService(  926): notifyType CAP_CHANGED for NetworkAgentInfo [WIFI () - 100]
D/ConnectivityService(  926): notifyType CAP_CHANGED for NetworkAgentInfo [WIFI () - 100]
I/ServiceManager(  594): Waiting for service AtCmdFwd...
I/ServiceManager(  594): Waiting for service AtCmdFwd...
I/ServiceManager(  594): Waiting for service AtCmdFwd...
I/ServiceManager(  594): Waiting for service AtCmdFwd...
I/ServiceManager(  594): Waiting for service AtCmdFwd...
I/ThermalEngine(  518): ACTION: GPU - Setting GPU[0] to 390000000
W/Atfwd_Sendcmd(  594): AtCmdFwd service not published, waiting... retryCnt : 1
I/ThermalEngine(  518): ACTION: GPU - Setting GPU[0] to 450000000
W/ip      ( 8964): type=1400 audit(0.0:75): avc: denied { search } for name="net" dev="dm-2" ino=3440648 scontext=u:r:shell:s0 tcontext=u:object_r:net_data_file:s0 tclass=dir permissive=0
I/ServiceManager(  594): Waiting for service AtCmdFwd...
I/ServiceManager(  594): Waiting for service AtCmdFwd...
I/ServiceManager(  594): Waiting for service AtCmdFwd...
I/ServiceManager(  594): Waiting for service AtCmdFwd...
I/ServiceManager(  594): Waiting for service AtCmdFwd...
I/ThermalEngine(  518): ACTION: GPU - Setting GPU[0] to 390000000
W/Atfwd_Sendcmd(  594): AtCmdFwd service not published, waiting... retryCnt : 2
I/ThermalEngine(  518): ACTION: GPU - Setting GPU[0] to 450000000
I/ThermalEngine(  518): ACTION: GPU - Setting GPU[0] to 390000000
I/ThermalEngine(  518): ACTION: GPU - Setting GPU[0] to 450000000
D/AndroidRuntime( 9193): >>>>>> START com.android.internal.os.RuntimeInit uid 2000 <<<<<<
D/AndroidRuntime( 9193): CheckJNI is OFF
D/ICU     ( 9193): No timezone override file found: /data/misc/zoneinfo/current/icu/icu_tzdata.dat
I/Radio-JNI( 9193): register_android_hardware_Radio DONE
D/AndroidRuntime( 9193): Calling main entry com.android.commands.am.Am
W/ActivityManager(  926): Invalid packageName: com.careerbuilder.SugarDrone
D/AndroidRuntime( 9193): Shutting down VM
I/ServiceManager(  594): Waiting for service AtCmdFwd...
D/WifiStateMachine(  926): starting scan for "xtc-ag"WPA_PSK with 5240,5180,5220,5200
I/ThermalEngine(  518): ACTION: GPU - Setting GPU[0] to 390000000
I/ServiceManager(  594): Waiting for service AtCmdFwd...
I/ServiceManager(  594): Waiting for service AtCmdFwd...
I/ServiceManager(  594): Waiting for service AtCmdFwd...
I/ServiceManager(  594): Waiting for service AtCmdFwd...
W/Atfwd_Sendcmd(  594): AtCmdFwd service not published, waiting... retryCnt : 3
I/ThermalEngine(  518): ACTION: GPU - Setting GPU[0] to 450000000
I/ThermalEngine(  518): ACTION: GPU - Setting GPU[0] to 390000000
I/ThermalEngine(  518): ACTION: GPU - Setting GPU[0] to 450000000
I/ThermalEngine(  518): ACTION: GPU - Setting GPU[0] to 390000000
I/ServiceManager(  594): Waiting for service AtCmdFwd...
D/WifiStateMachine(  926): starting scan for "xtc-ag"WPA_PSK with 5240,5180,5220,5200
I/ServiceManager(  594): Waiting for service AtCmdFwd...
I/ThermalEngine(  518): ACTION: GPU - Setting GPU[0] to 450000000
I/ServiceManager(  594): Waiting for service AtCmdFwd...
I/ServiceManager(  594): Waiting for service AtCmdFwd...
I/ThermalEngine(  518): ACTION: GPU - Setting GPU[0] to 390000000
I/ServiceManager(  594): Waiting for service AtCmdFwd...
W/Atfwd_Sendcmd(  594): AtCmdFwd service not published, waiting... retryCnt : 4
D/AndroidRuntime( 9561): >>>>>> START com.android.internal.os.RuntimeInit uid 2000 <<<<<<
D/AndroidRuntime( 9561): CheckJNI is OFF
D/ICU     ( 9561): No timezone override file found: /data/misc/zoneinfo/current/icu/icu_tzdata.dat
I/Radio-JNI( 9561): register_android_hardware_Radio DONE
D/AndroidRuntime( 9561): Calling main entry com.android.commands.pm.Pm
I/ActivityManager(  926): Start proc 9582:com.android.defcontainer/u0a7 for service com.android.defcontainer/.DefaultContainerService
D/DefContainer( 9582): Copying /data/local/tmp/0000004826 to base.apk
D/NetlinkSocketObserver(  926): NeighborEvent{elapsedMs=280770, 10.22.0.1, [B0FAEB975089], RTM_NEWNEIGH, NUD_PROBE}
I/PackageManager.DexOptimizer(  926): Running dexopt (dex2oat) on: /data/app/vmdl78467171.tmp/base.apk pkg=com.careerbuilder.SugarDrone isa=arm vmSafeMode=false debuggable=true oatDir = /data/app/vmdl78467171.tmp/oat bootComplete=true
I/dex2oat ( 9617): /system/bin/dex2oat -j2 --debuggable
W/dex2oat ( 9617): Before Android 4.1, method android.graphics.PorterDuffColorFilter android.support.graphics.drawable.VectorDrawableCompat.updateTintFilter(android.graphics.PorterDuffColorFilter, android.content.res.ColorStateList, android.graphics.PorterDuff$Mode) would have incorrectly overridden the package-private method in android.graphics.drawable.Drawable
W/dex2oat ( 9617): Before Android 4.1, method int android.support.v7.widget.ListViewCompat.lookForSelectablePosition(int, boolean) would have incorrectly overridden the package-private method in android.widget.ListView
I/dex2oat ( 9617): dex2oat took 5.952s (threads: 2) arena alloc=642KB java alloc=5MB native alloc=20MB free=3MB
W/PackageManager(  926): Not granting permission android.permission.MANAGE_DOCUMENTS to package com.careerbuilder.SugarDrone (protectionLevel=2 flags=0x3808be46)
W/PackageManager(  926): Not granting permission android.permission.MOUNT_UNMOUNT_FILESYSTEMS to package com.careerbuilder.SugarDrone (protectionLevel=18 flags=0x3808be46)
V/BackupManagerService(  926): restoreAtInstall pkg=com.careerbuilder.SugarDrone token=5 restoreSet=0
V/BackupManagerService(  926): Finishing install immediately
W/Settings(  926): Setting install_non_market_apps has moved from android.provider.Settings.Global to android.provider.Settings.Secure, returning read-only value.
I/art     (  926): Starting a blocking GC Explicit
I/art     (  926): Explicit concurrent mark sweep GC freed 15941(1148KB) AllocSpace objects, 2(40KB) LOS objects, 33% free, 30MB/45MB, paused 1.653ms total 99.940ms
I/art     ( 9561): System.exit called, status: 0
I/AndroidRuntime( 9561): VM exiting with result code 0.
I/InputReader(  926): Reconfiguring input devices.  changes=0x00000010
D/CarrierServiceBindHelper( 3619): Receive action: android.intent.action.PACKAGE_ADDED
D/CarrierServiceBindHelper( 3619): mHandler: 3
D/CarrierConfigLoader( 3619): mHandler: 9 phoneId: 0
I/ActivityManager(  926): Start proc 9704:com.android.musicfx/u0a21 for broadcast com.android.musicfx/.Compatibility$Receiver
W/System  ( 9704): ClassLoader referenced unknown path: /system/priv-app/MusicFX/lib/arm64
I/ActivityManager(  926): Start proc 9719:com.android.vending/u0a22 for broadcast com.android.vending/com.google.android.finsky.receivers.PackageMonitorReceiver$RegisteredReceiver
I/ActivityManager(  926): Killing 7671:com.android.providers.calendar/u0a1 (adj 15): empty #17
W/System  ( 9719): ClassLoader referenced unknown path: /system/priv-app/Phonesky/lib/arm64
W/Finsky  ( 9719): [1] FinskyApp.getCurrentAccount: No account configured on this device.
D/Finsky  ( 9719): [1] FinskyApp.onCreate: Initializing network with DFE https://android.clients.google.com/fdfe/
W/Finsky  ( 9719): [1] FinskyApp.getCurrentAccount: No account configured on this device.
W/Finsky  ( 9719): [1] FinskyApp.getCurrentAccount: No account configured on this device.
W/Finsky  ( 9719): [1] FinskyApp.getCurrentAccount: No account configured on this device.
W/Finsky  ( 9719): [1] FinskyApp.getCurrentAccount: No account configured on this device.
W/Finsky  ( 9719): [1] FinskyApp.getCurrentAccount: No account configured on this device.
W/Finsky  ( 9719): [1] FinskyApp.getCurrentAccount: No account configured on this device.
W/Finsky  ( 9719): [1] FinskyApp.getCurrentAccount: No account configured on this device.
D/Finsky  ( 9719): [1] DailyHygiene.goMakeHygieneIfDirty: No need to run daily hygiene.
W/Settings( 9719): Setting download_manager_max_bytes_over_mobile has moved from android.provider.Settings.Secure to android.provider.Settings.Global.
W/Settings( 9719): Setting download_manager_recommended_max_bytes_over_mobile has moved from android.provider.Settings.Secure to android.provider.Settings.Global.
W/Finsky  ( 9719): [1] FinskyApp.getCurrentAccount: No account configured on this device.
W/Finsky  ( 9719): [1] FinskyApp.getCurrentAccount: No account configured on this device.
W/Finsky  ( 9719): [1] FinskyApp.getDfeApi: No account configured on this device.
W/Finsky  ( 9719): [1] FinskyApp.getCurrentAccount: No account configured on this device.
D/Finsky  ( 9719): [1] ExternalReferrer.access$200: Package state data is missing for com.careerbuilder.SugarDrone
D/Ads     ( 9719): Skipping gmscore version check
I/ActivityManager(  926): Start proc 9764:com.google.android.apps.docs/u0a43 for broadcast com.google.android.apps.docs/.receivers.AppPackageAddRemoveReceiver
I/UpdateIcingCorporaServi( 7910): Updating corpora: APPS=com.careerbuilder.SugarDrone, CONTACTS=MAYBE
W/System  ( 9764): ClassLoader referenced unknown path: /system/app/Drive/lib/arm64
W/Finsky  ( 9719): [1] FinskyApp.getCurrentAccount: No account configured on this device.
W/Finsky  ( 9719): [1] FinskyApp.getCurrentAccount: No account configured on this device.
W/IcingInternalCorpora( 4441): getNumBytesRead when not calculated.
D/Finsky  ( 9719): [1] GmsCoreHelper.cleanupNlp: result=false type=4
D/Finsky  ( 9719): [1] RestoreTracker.stopServiceIfDone: Restore complete with 0 success and 0 failed.
I/Icing   ( 4441): Usage reports 0 indexed 0 rejected 0 imm upload true
D/AndroidRuntime( 9738): >>>>>> START com.android.internal.os.RuntimeInit uid 2000 <<<<<<
I/UpdateIcingCorporaServi( 7910): UpdateCorporaTask done [took 543 ms] updated apps [took 543 ms] 
D/AndroidRuntime( 9738): CheckJNI is OFF
D/ICU     ( 9738): No timezone override file found: /data/misc/zoneinfo/current/icu/icu_tzdata.dat
I/Radio-JNI( 9738): register_android_hardware_Radio DONE
D/AndroidRuntime( 9738): Calling main entry com.android.commands.settings.SettingsCmd
D/AndroidRuntime( 9738): Shutting down VM
E/art     ( 9738): Thread attaching while runtime is shutting down: Binder_2
I/AndroidRuntime( 9738): NOTE: attach of thread 'Binder_2' failed
I/GAv4    ( 9764): Google Analytics 7.8.95 is starting up. To enable debug logging on a device run:
I/GAv4    ( 9764):   adb shell setprop log.tag.GAv4 DEBUG
I/GAv4    ( 9764):   adb logcat -s GAv4
W/GAv4    ( 9764): AnalyticsReceiver is not registered or is disabled. Register the receiver for reliable dispatching on non-Google Play devices. See http://goo.gl/8Rd3yj for instructions.
W/GAv4    ( 9764): CampaignTrackingReceiver is not registered, not exported or is disabled. Installation campaign tracking is not possible. See http://goo.gl/8Rd3yj for instructions.
W/AnalyticsTrackerProxyImpl( 9764): Analytics setup for ID UA-21125203-2, app name Drive, version 2.3.327.05.46
W/GAv4    ( 9764): AnalyticsService not registered in the app manifest. Hits might not be delivered reliably. See http://goo.gl/8Rd3yj for instructions.
I/ActivityManager(  926): Killing 7720:com.qualcomm.timeservice/1000 (adj 15): empty #17
D/Wear_Controller( 4441): Received broadcast action=android.intent.action.PACKAGE_ADDED and uri=com.careerbuilder.SugarDrone
I/PeopleContactsSync( 4441): triggerPendingContactsCleanup: no accounts
I/Icing   ( 4441): Usage reports 0 indexed 0 rejected 0 imm upload false
I/Icing   ( 4441): Usage reports 0 indexed 0 rejected 0 imm upload false
I/Icing   ( 4441): Indexing 28F82D1719B878795C499362459A54C53C07CE39 from com.google.android.googlequicksearchbox
I/Icing   ( 4441): Indexing done 28F82D1719B878795C499362459A54C53C07CE39
D/AndroidRuntime( 9814): >>>>>> START com.android.internal.os.RuntimeInit uid 2000 <<<<<<
D/AndroidRuntime( 9814): CheckJNI is OFF
D/ICU     ( 9814): No timezone override file found: /data/misc/zoneinfo/current/icu/icu_tzdata.dat
I/Radio-JNI( 9814): register_android_hardware_Radio DONE
W/linker  ( 9764): /data/app/com.google.android.gms-2/lib/arm64/libconscrypt_gmscore_jni.so: unused DT entry: type 0x1d arg 0x80
V/JNIHelp ( 9764): Registering com/google/android/gms/org/conscrypt/NativeCrypto's 242 native methods...
I/art     ( 9764): Rejecting re-init on previously-failed class java.lang.Class<com.google.android.gms.org.conscrypt.OpenSSLExtendedSessionImpl>
I/art     ( 9764): Rejecting re-init on previously-failed class java.lang.Class<com.google.android.gms.org.conscrypt.OpenSSLExtendedSessionImpl>
D/AndroidRuntime( 9814): Calling main entry com.android.commands.settings.SettingsCmd
D/AndroidRuntime( 9814): Shutting down VM
E/art     ( 9814): Thread attaching while runtime is shutting down: Binder_1
I/AndroidRuntime( 9814): NOTE: attach of thread 'Binder_1' failed
I/ProviderInstaller( 9764): Installed default security provider GmsCore_OpenSSL
I/ActivityManager(  926): Killing 7648:com.google.android.calendar/u0a36 (adj 15): empty #17
I/Icing   ( 4441): Indexing 0469E070D22A38B042E767B0F2FFD16370CACCB7 from com.google.android.gms
I/Icing   ( 4441): Indexing done 0469E070D22A38B042E767B0F2FFD16370CACCB7
D/AndroidRuntime( 9857): >>>>>> START com.android.internal.os.RuntimeInit uid 2000 <<<<<<
D/AndroidRuntime( 9857): CheckJNI is OFF
D/ICU     ( 9857): No timezone override file found: /data/misc/zoneinfo/current/icu/icu_tzdata.dat
I/Radio-JNI( 9857): register_android_hardware_Radio DONE
D/AndroidRuntime( 9857): Calling main entry com.android.commands.settings.SettingsCmd
D/AndroidRuntime( 9857): Shutting down VM
D/AndroidRuntime( 9880): >>>>>> START com.android.internal.os.RuntimeInit uid 2000 <<<<<<
D/AndroidRuntime( 9880): CheckJNI is OFF
D/ICU     ( 9880): No timezone override file found: /data/misc/zoneinfo/current/icu/icu_tzdata.dat
I/Radio-JNI( 9880): register_android_hardware_Radio DONE
D/AndroidRuntime( 9880): Calling main entry com.android.commands.settings.SettingsCmd
D/AndroidRuntime( 9880): Shutting down VM
D/AndroidRuntime( 9902): >>>>>> START com.android.internal.os.RuntimeInit uid 2000 <<<<<<
D/AndroidRuntime( 9902): CheckJNI is OFF
D/ICU     ( 9902): No timezone override file found: /data/misc/zoneinfo/current/icu/icu_tzdata.dat
I/Radio-JNI( 9902): register_android_hardware_Radio DONE
D/AndroidRuntime( 9902): Calling main entry com.android.commands.settings.SettingsCmd
D/AndroidRuntime( 9902): Shutting down VM
D/AndroidRuntime( 9924): >>>>>> START com.android.internal.os.RuntimeInit uid 2000 <<<<<<
D/AndroidRuntime( 9924): CheckJNI is OFF
D/ICU     ( 9924): No timezone override file found: /data/misc/zoneinfo/current/icu/icu_tzdata.dat
I/Radio-JNI( 9924): register_android_hardware_Radio DONE
D/AndroidRuntime( 9924): Calling main entry com.android.commands.appops.AppOpsCommand
D/AndroidRuntime( 9924): Shutting down VM
D/AndroidRuntime( 9947): >>>>>> START com.android.internal.os.RuntimeInit uid 2000 <<<<<<
D/AndroidRuntime( 9947): CheckJNI is OFF
D/ICU     ( 9947): No timezone override file found: /data/misc/zoneinfo/current/icu/icu_tzdata.dat
I/Radio-JNI( 9947): register_android_hardware_Radio DONE
D/AndroidRuntime( 9947): Calling main entry com.android.commands.pm.Pm
I/art     ( 9947): System.exit called, status: 0
I/AndroidRuntime( 9947): VM exiting with result code 0.
W/ip      ( 9989): type=1400 audit(0.0:76): avc: denied { search } for name="net" dev="dm-2" ino=3440648 scontext=u:r:shell:s0 tcontext=u:object_r:net_data_file:s0 tclass=dir permissive=0
I/ActivityManager(  926): Killing 6896:com.google.android.talk/u0a53 (adj 15): empty #17
D/AndroidRuntime( 9994): >>>>>> START com.android.internal.os.RuntimeInit uid 2000 <<<<<<
D/AndroidRuntime( 9994): CheckJNI is OFF
D/ICU     ( 9994): No timezone override file found: /data/misc/zoneinfo/current/icu/icu_tzdata.dat
I/Radio-JNI( 9994): register_android_hardware_Radio DONE
D/AndroidRuntime( 9994): Calling main entry com.android.commands.pm.Pm
I/art     ( 9994): System.exit called, status: 0
I/AndroidRuntime( 9994): VM exiting with result code 0.
I/ServiceManager(  594): Waiting for service AtCmdFwd...
I/ServiceManager(  594): Waiting for service AtCmdFwd...
D/AndroidRuntime(10070): >>>>>> START com.android.internal.os.RuntimeInit uid 2000 <<<<<<
D/AndroidRuntime(10070): CheckJNI is OFF
D/ICU     (10070): No timezone override file found: /data/misc/zoneinfo/current/icu/icu_tzdata.dat
I/Radio-JNI(10070): register_android_hardware_Radio DONE
I/ServiceManager(  594): Waiting for service AtCmdFwd...
D/AndroidRuntime(10070): Calling main entry com.android.commands.am.Am
W/ActivityManager(  926): Invalid packageName: com.careerbuilder.SugarDrone.test
D/AndroidRuntime(10070): Shutting down VM
I/ServiceManager(  594): Waiting for service AtCmdFwd...
D/AndroidRuntime(10098): >>>>>> START com.android.internal.os.RuntimeInit uid 2000 <<<<<<
D/AndroidRuntime(10098): CheckJNI is OFF
D/ICU     (10098): No timezone override file found: /data/misc/zoneinfo/current/icu/icu_tzdata.dat
I/Radio-JNI(10098): register_android_hardware_Radio DONE
D/AndroidRuntime(10098): Calling main entry com.android.commands.pm.Pm
D/DefContainer( 9582): Copying /data/local/tmp/0000004829 to base.apk
I/PackageManager.DexOptimizer(  926): Running dexopt (dex2oat) on: /data/app/vmdl1273153384.tmp/base.apk pkg=com.careerbuilder.SugarDrone.test isa=arm64 vmSafeMode=false debuggable=false oatDir = /data/app/vmdl1273153384.tmp/oat bootComplete=true
I/dex2oat (10118): /system/bin/dex2oat -j2
I/ServiceManager(  594): Waiting for service AtCmdFwd...
D/Finsky  ( 9719): [400] AppStatesReplicator.handleContentSyncResponse: Completed 0 account content syncs with 0 successful.
D/Finsky  ( 9719): [1] ContentSyncService$5.onFinished: Installation state replication succeeded.
W/dex2oat (10118): No verified method for method calling String.<init>: java.lang.String android.text.TextUtils.substring(java.lang.CharSequence, int, int)
W/dex2oat (10118): No verified method for method calling String.<init>: java.lang.String android.text.TextUtils.substring(java.lang.CharSequence, int, int)
I/dex2oat (10118): Skipping compilation of void sh.calaba.org.codehaus.jackson.impl.Utf8StreamParser._skipString(): it contains a non natural loop
W/Atfwd_Sendcmd(  594): AtCmdFwd service not published, waiting... retryCnt : 5
I/dex2oat (10118): dex2oat took 2.531s (threads: 2) arena alloc=2MB java alloc=2MB native alloc=9MB free=2MB
W/PackageManager(  926): Not granting permission android.permission.ACCESS_MOCK_LOCATION to package com.careerbuilder.SugarDrone.test (protectionLevel=2 flags=0x1800be44)
V/BackupManagerService(  926): restoreAtInstall pkg=com.careerbuilder.SugarDrone.test token=6 restoreSet=0
V/BackupManagerService(  926): Finishing install immediately
W/Settings(  926): Setting install_non_market_apps has moved from android.provider.Settings.Global to android.provider.Settings.Secure, returning read-only value.
I/art     (  926): Starting a blocking GC Explicit
I/art     (  926): Explicit concurrent mark sweep GC freed 105982(6MB) AllocSpace objects, 18(440KB) LOS objects, 33% free, 30MB/45MB, paused 1.813ms total 104.395ms
I/art     (10098): System.exit called, status: 0
I/AndroidRuntime(10098): VM exiting with result code 0.
I/InputReader(  926): Reconfiguring input devices.  changes=0x00000010
D/CarrierServiceBindHelper( 3619): Receive action: android.intent.action.PACKAGE_ADDED
D/CarrierServiceBindHelper( 3619): mHandler: 3
D/CarrierConfigLoader( 3619): mHandler: 9 phoneId: 0
D/Finsky  ( 9719): [1] ExternalReferrer.access$200: Package state data is missing for com.careerbuilder.SugarDrone.test
I/UpdateIcingCorporaServi( 7910): Updating corpora: APPS=com.careerbuilder.SugarDrone.test, CONTACTS=MAYBE
I/UpdateIcingCorporaServi( 7910): UpdateCorporaTask done [took 60 ms] updated apps [took 60 ms] 
D/Wear_Controller( 4441): Received broadcast action=android.intent.action.PACKAGE_ADDED and uri=com.careerbuilder.SugarDrone.test
I/PeopleContactsSync( 4441): triggerPendingContactsCleanup: no accounts
W/IcingInternalCorpora( 4441): getNumBytesRead when not calculated.
I/Icing   ( 4441): Usage reports 0 indexed 0 rejected 0 imm upload false
I/Icing   ( 4441): Usage reports 0 indexed 0 rejected 0 imm upload false
D/AndroidRuntime(10170): >>>>>> START com.android.internal.os.RuntimeInit uid 2000 <<<<<<
D/AndroidRuntime(10170): CheckJNI is OFF
D/ICU     (10170): No timezone override file found: /data/misc/zoneinfo/current/icu/icu_tzdata.dat
I/Radio-JNI(10170): register_android_hardware_Radio DONE
D/AndroidRuntime(10170): Calling main entry com.android.commands.settings.SettingsCmd
D/AndroidRuntime(10170): Shutting down VM
I/Icing   ( 4441): Indexing 0469E070D22A38B042E767B0F2FFD16370CACCB7 from com.google.android.gms
I/Icing   ( 4441): Indexing done 0469E070D22A38B042E767B0F2FFD16370CACCB7
D/AndroidRuntime(10211): >>>>>> START com.android.internal.os.RuntimeInit uid 2000 <<<<<<
D/AndroidRuntime(10211): CheckJNI is OFF
D/ICU     (10211): No timezone override file found: /data/misc/zoneinfo/current/icu/icu_tzdata.dat
I/Radio-JNI(10211): register_android_hardware_Radio DONE
D/AndroidRuntime(10211): Calling main entry com.android.commands.settings.SettingsCmd
D/AndroidRuntime(10211): Shutting down VM
D/AndroidRuntime(10235): >>>>>> START com.android.internal.os.RuntimeInit uid 2000 <<<<<<
D/AndroidRuntime(10235): CheckJNI is OFF
D/ICU     (10235): No timezone override file found: /data/misc/zoneinfo/current/icu/icu_tzdata.dat
I/Radio-JNI(10235): register_android_hardware_Radio DONE
D/AndroidRuntime(10235): Calling main entry com.android.commands.settings.SettingsCmd
D/AndroidRuntime(10235): Shutting down VM
D/AndroidRuntime(10259): >>>>>> START com.android.internal.os.RuntimeInit uid 2000 <<<<<<
D/AndroidRuntime(10259): CheckJNI is OFF
D/ICU     (10259): No timezone override file found: /data/misc/zoneinfo/current/icu/icu_tzdata.dat
I/Radio-JNI(10259): register_android_hardware_Radio DONE
D/AndroidRuntime(10259): Calling main entry com.android.commands.settings.SettingsCmd
D/AndroidRuntime(10259): Shutting down VM
D/AndroidRuntime(10282): >>>>>> START com.android.internal.os.RuntimeInit uid 2000 <<<<<<
D/AndroidRuntime(10282): CheckJNI is OFF
D/ICU     (10282): No timezone override file found: /data/misc/zoneinfo/current/icu/icu_tzdata.dat
I/Radio-JNI(10282): register_android_hardware_Radio DONE
D/AndroidRuntime(10282): Calling main entry com.android.commands.settings.SettingsCmd
D/AndroidRuntime(10282): Shutting down VM
D/AndroidRuntime(10303): >>>>>> START com.android.internal.os.RuntimeInit uid 2000 <<<<<<
D/AndroidRuntime(10303): CheckJNI is OFF
D/ICU     (10303): No timezone override file found: /data/misc/zoneinfo/current/icu/icu_tzdata.dat
I/Radio-JNI(10303): register_android_hardware_Radio DONE
D/AndroidRuntime(10303): Calling main entry com.android.commands.appops.AppOpsCommand
D/AndroidRuntime(10303): Shutting down VM
D/AndroidRuntime(10325): >>>>>> START com.android.internal.os.RuntimeInit uid 2000 <<<<<<
D/AndroidRuntime(10325): CheckJNI is OFF
D/ICU     (10325): No timezone override file found: /data/misc/zoneinfo/current/icu/icu_tzdata.dat
I/Radio-JNI(10325): register_android_hardware_Radio DONE
D/AndroidRuntime(10325): Calling main entry com.android.commands.pm.Pm
I/art     (10325): System.exit called, status: 0
I/AndroidRuntime(10325): VM exiting with result code 0.
D/WifiStateMachine(  926): starting scan for "xtc-ag"WPA_PSK with 5240,5180,5220,5200
D/AndroidRuntime(10372): >>>>>> START com.android.internal.os.RuntimeInit uid 2000 <<<<<<
D/AndroidRuntime(10372): CheckJNI is OFF
D/ICU     (10372): No timezone override file found: /data/misc/zoneinfo/current/icu/icu_tzdata.dat
I/Radio-JNI(10372): register_android_hardware_Radio DONE
D/AndroidRuntime(10372): Calling main entry com.android.commands.pm.Pm
I/art     (10372): System.exit called, status: 0
I/AndroidRuntime(10372): VM exiting with result code 0.
D/AndroidRuntime(10444): >>>>>> START com.android.internal.os.RuntimeInit uid 2000 <<<<<<
D/AndroidRuntime(10444): CheckJNI is OFF
D/ICU     (10444): No timezone override file found: /data/misc/zoneinfo/current/icu/icu_tzdata.dat
I/Radio-JNI(10444): register_android_hardware_Radio DONE
D/AndroidRuntime(10444): Calling main entry com.android.commands.input.Input
I/Input   (10444): injectKeyEvent: KeyEvent { action=ACTION_DOWN, keyCode=KEYCODE_BACK, scanCode=0, metaState=0, flags=0x0, repeatCount=0, eventTime=319613, downTime=319613, deviceId=-1, source=0x101 }
I/Input   (10444): injectKeyEvent: KeyEvent { action=ACTION_UP, keyCode=KEYCODE_BACK, scanCode=0, metaState=0, flags=0x0, repeatCount=0, eventTime=319613, downTime=319613, deviceId=-1, source=0x101 }
D/EmojiAltPhysicalKeyDetector( 3504): onKeyUp() : KeyEvent { action=ACTION_UP, keyCode=KEYCODE_BACK, scanCode=0, metaState=0, flags=0x0, repeatCount=0, eventTime=319613, downTime=319613, deviceId=-1, source=0x101 }
D/EmojiAltPhysicalKeyDetector( 3504): onKeyUp() : Disabled
D/AndroidRuntime(10444): Shutting down VM
D/NetlinkSocketObserver(  926): NeighborEvent{elapsedMs=319640, 10.22.0.1, [B0FAEB975089], RTM_NEWNEIGH, NUD_STALE}
D/AndroidRuntime(10494): >>>>>> START com.android.internal.os.RuntimeInit uid 2000 <<<<<<
D/AndroidRuntime(10494): CheckJNI is OFF
D/ICU     (10494): No timezone override file found: /data/misc/zoneinfo/current/icu/icu_tzdata.dat
I/Radio-JNI(10494): register_android_hardware_Radio DONE
D/AndroidRuntime(10494): Calling main entry com.android.commands.input.Input
I/Input   (10494): injectKeyEvent: KeyEvent { action=ACTION_DOWN, keyCode=KEYCODE_HOME, scanCode=0, metaState=0, flags=0x0, repeatCount=0, eventTime=321572, downTime=321572, deviceId=-1, source=0x101 }
I/Input   (10494): injectKeyEvent: KeyEvent { action=ACTION_UP, keyCode=KEYCODE_HOME, scanCode=0, metaState=0, flags=0x0, repeatCount=0, eventTime=321572, downTime=321572, deviceId=-1, source=0x101 }
I/ActivityManager(  926): START u0 {act=android.intent.action.MAIN cat=[android.intent.category.HOME] flg=0x10200000 cmp=com.google.android.googlequicksearchbox/com.google.android.launcher.GEL (has extras)} from uid 1000 on display 0
D/AndroidRuntime(10494): Shutting down VM
I/GEL     ( 3649): handleIntent(Intent { act=android.intent.action.MAIN cat=[android.intent.category.HOME] flg=0x10200000 cmp=com.google.android.googlequicksearchbox/com.google.android.launcher.GEL (has extras) })
D/Finsky  ( 9719): [400] AppStatesReplicator.handleContentSyncResponse: Completed 0 account content syncs with 0 successful.
D/Finsky  ( 9719): [1] ContentSyncService$5.onFinished: Installation state replication succeeded.
D/AndroidRuntime(10527): >>>>>> START com.android.internal.os.RuntimeInit uid 2000 <<<<<<
D/AndroidRuntime(10527): CheckJNI is OFF
D/ICU     (10527): No timezone override file found: /data/misc/zoneinfo/current/icu/icu_tzdata.dat
I/Radio-JNI(10527): register_android_hardware_Radio DONE
D/AndroidRuntime(10527): Calling main entry com.android.commands.input.Input
I/Input   (10527): injectKeyEvent: KeyEvent { action=ACTION_DOWN, keyCode=KEYCODE_BACK, scanCode=0, metaState=0, flags=0x0, repeatCount=0, eventTime=323161, downTime=323161, deviceId=-1, source=0x101 }
I/Input   (10527): injectKeyEvent: KeyEvent { action=ACTION_UP, keyCode=KEYCODE_BACK, scanCode=0, metaState=0, flags=0x0, repeatCount=0, eventTime=323161, downTime=323161, deviceId=-1, source=0x101 }
D/EmojiAltPhysicalKeyDetector( 3504): onKeyUp() : KeyEvent { action=ACTION_UP, keyCode=KEYCODE_BACK, scanCode=0, metaState=0, flags=0x0, repeatCount=0, eventTime=323161, downTime=323161, deviceId=-1, source=0x101 }
D/EmojiAltPhysicalKeyDetector( 3504): onKeyUp() : Disabled
D/AndroidRuntime(10527): Shutting down VM
D/AndroidRuntime(10568): >>>>>> START com.android.internal.os.RuntimeInit uid 2000 <<<<<<
D/AndroidRuntime(10568): CheckJNI is OFF
D/ICU     (10568): No timezone override file found: /data/misc/zoneinfo/current/icu/icu_tzdata.dat
I/Radio-JNI(10568): register_android_hardware_Radio DONE
D/AndroidRuntime(10568): Calling main entry com.android.commands.am.Am
I/ActivityManager(  926): Force stopping com.careerbuilder.SugarDrone appid=18954 user=0: start instr
I/ActivityManager(  926): Start proc 10586:com.careerbuilder.SugarDrone/u0a8954 for added application com.careerbuilder.SugarDrone
I/art     (10586): Late-enabling -Xcheck:jni
E/dex2oat (10600): Failed to create oat file: /data/dalvik-cache/arm/data@app@com.careerbuilder.SugarDrone.test-1@base.apk@classes.dex: Permission denied
I/dex2oat (10600): dex2oat took 602.396us (threads: 2) 
W/art     (10586): Failed execv(/system/bin/dex2oat --runtime-arg -classpath --runtime-arg  --instruction-set=arm --instruction-set-features=smp,div,-atomic_ldrd_strd --runtime-arg -Xrelocate --boot-image=/system/framework/boot.art --runtime-arg -Xms64m --runtime-arg -Xmx512m -j2 --instruction-set-variant=cortex-a7 --instruction-set-features=default --dex-file=/data/app/com.careerbuilder.SugarDrone.test-1/base.apk --oat-file=/data/dalvik-cache/arm/data@app@com.careerbuilder.SugarDrone.test-1@base.apk@classes.dex) because non-0 exit status
W/System  (10586): ClassLoader referenced unknown path: /data/app/com.careerbuilder.SugarDrone.test-1/lib/arm64
W/monodroid(10586): Using override path: /data/user/0/com.careerbuilder.SugarDrone/files/.__override__
W/monodroid(10586): Trying to load sgen from: /data/user/0/com.careerbuilder.SugarDrone/files/.__override__/libmonosgen-2.0.so
W/monodroid(10586): Trying to load sgen from: /storage/emulated/0/Android/data/com.careerbuilder.SugarDrone/files/.__override__/libmonosgen-2.0.so
W/monodroid(10586): Trying to load sgen from: /data/app/com.careerbuilder.SugarDrone-1/lib/arm/libmonosgen-2.0.so
D/Mono    (10586): Image addref mscorlib[0xeaefb020] -> mscorlib.dll[0xed3fa900]: 2
D/Mono    (10586): Prepared to set up assembly 'mscorlib' (mscorlib.dll)
D/Mono    (10586): AOT module 'mscorlib.dll.so' not found: dlopen failed: library "/data/app/com.careerbuilder.SugarDrone-1/lib/arm/libaot-mscorlib.dll.so" not found
D/Mono    (10586): AOT module '/Users/builder/data/lanes/4009/f3074d2c/source/monodroid/builds/install/mono-armv6/lib/mono/aot-cache/arm/mscorlib.dll.so' not found: dlopen failed: library "/data/app/com.careerbuilder.SugarDrone-1/lib/arm/libaot-mscorlib.dll.so" not found
D/Mono    (10586): Config attempting to parse: 'mscorlib.dll.config'.
D/Mono    (10586): Config attempting to parse: '/Users/builder/data/lanes/4009/f3074d2c/source/monodroid/builds/install/mono-armv6/etc/mono/assemblies/mscorlib/mscorlib.config'.
D/Mono    (10586): Assembly mscorlib[0xeaefb020] added to domain RootDomain, ref_count=1
D/Mono    (10586): Image addref CareerBuilder_Search.Droid[0xeaefb080] -> CareerBuilder_Search.Droid.dll[0xed3fcc00]: 2
D/Mono    (10586): Prepared to set up assembly 'CareerBuilder_Search.Droid' (CareerBuilder_Search.Droid.dll)
D/Mono    (10586): Assembly CareerBuilder_Search.Droid[0xeaefb080] added to domain RootDomain, ref_count=1
D/Mono    (10586): AOT module 'CareerBuilder_Search.Droid.dll.so' not found: dlopen failed: library "/data/app/com.careerbuilder.SugarDrone-1/lib/arm/libaot-CareerBuilder_Search.Droid.dll.so" not found
D/Mono    (10586): AOT module '/Users/builder/data/lanes/4009/f3074d2c/source/monodroid/builds/install/mono-armv6/lib/mono/aot-cache/arm/CareerBuilder_Search.Droid.dll.so' not found: dlopen failed: library "/data/app/com.careerbuilder.SugarDrone-1/lib/arm/libaot-CareerBuilder_Search.Droid.dll.so" not found
D/Mono    (10586): Config attempting to parse: 'CareerBuilder_Search.Droid.dll.config'.
D/Mono    (10586): Config attempting to parse: '/Users/builder/data/lanes/4009/f3074d2c/source/monodroid/builds/install/mono-armv6/etc/mono/assemblies/CareerBuilder_Search.Droid/CareerBuilder_Search.Droid.config'.
D/Mono    (10586): Image addref AppsFlyerXamarinBindingAndroid[0xeaefb0e0] -> AppsFlyerXamarinBindingAndroid.dll[0xed3fd100]: 2
D/Mono    (10586): Prepared to set up assembly 'AppsFlyerXamarinBindingAndroid' (AppsFlyerXamarinBindingAndroid.dll)
D/Mono    (10586): Assembly AppsFlyerXamarinBindingAndroid[0xeaefb0e0] added to domain RootDomain, ref_count=1
D/Mono    (10586): AOT module 'AppsFlyerXamarinBindingAndroid.dll.so' not found: dlopen failed: library "/data/app/com.careerbuilder.SugarDrone-1/lib/arm/libaot-AppsFlyerXamarinBindingAndroid.dll.so" not found
D/Mono    (10586): AOT module '/Users/builder/data/lanes/4009/f3074d2c/source/monodroid/builds/install/mono-armv6/lib/mono/aot-cache/arm/AppsFlyerXamarinBindingAndroid.dll.so' not found: dlopen failed: library "/data/app/com.careerbuilder.SugarDrone-1/lib/arm/libaot-AppsFlyerXamarinBindingAndroid.dll.so" not found
D/Mono    (10586): Config attempting to parse: 'AppsFlyerXamarinBindingAndroid.dll.config'.
D/Mono    (10586): Config attempting to parse: '/Users/builder/data/lanes/4009/f3074d2c/source/monodroid/builds/install/mono-armv6/etc/mono/assemblies/AppsFlyerXamarinBindingAndroid/AppsFlyerXamarinBindingAndroid.config'.
D/Mono    (10586): Image addref HockeySDK[0xeaefb140] -> HockeySDK.dll[0xed3fd600]: 2
D/Mono    (10586): Prepared to set up assembly 'HockeySDK' (HockeySDK.dll)
D/Mono    (10586): Assembly HockeySDK[0xeaefb140] added to domain RootDomain, ref_count=1
D/Mono    (10586): AOT module 'HockeySDK.dll.so' not found: dlopen failed: library "/data/app/com.careerbuilder.SugarDrone-1/lib/arm/libaot-HockeySDK.dll.so" not found
D/Mono    (10586): AOT module '/Users/builder/data/lanes/4009/f3074d2c/source/monodroid/builds/install/mono-armv6/lib/mono/aot-cache/arm/HockeySDK.dll.so' not found: dlopen failed: library "/data/app/com.careerbuilder.SugarDrone-1/lib/arm/libaot-HockeySDK.dll.so" not found
D/Mono    (10586): Config attempting to parse: 'HockeySDK.dll.config'.
D/Mono    (10586): Config attempting to parse: '/Users/builder/data/lanes/4009/f3074d2c/source/monodroid/builds/install/mono-armv6/etc/mono/assemblies/HockeySDK/HockeySDK.config'.
D/Mono    (10586): Image addref Akavache[0xeaefb1a0] -> Akavache.dll[0xf5577900]: 2
D/Mono    (10586): Prepared to set up assembly 'Akavache' (Akavache.dll)
D/Mono    (10586): Assembly Akavache[0xeaefb1a0] added to domain RootDomain, ref_count=1
D/Mono    (10586): AOT module 'Akavache.dll.so' not found: dlopen failed: library "/data/app/com.careerbuilder.SugarDrone-1/lib/arm/libaot-Akavache.dll.so" not found
D/Mono    (10586): AOT module '/Users/builder/data/lanes/4009/f3074d2c/source/monodroid/builds/install/mono-armv6/lib/mono/aot-cache/arm/Akavache.dll.so' not found: dlopen failed: library "/data/app/com.careerbuilder.SugarDrone-1/lib/arm/libaot-Akavache.dll.so" not found
D/Mono    (10586): Config attempting to parse: 'Akavache.dll.config'.
D/Mono    (10586): Config attempting to parse: '/Users/builder/data/lanes/4009/f3074d2c/source/monodroid/builds/install/mono-armv6/etc/mono/assemblies/Akavache/Akavache.config'.
D/Mono    (10586): Image addref Akavache.Sqlite3[0xeaefb200] -> Akavache.Sqlite3.dll[0xea911000]: 2
D/Mono    (10586): Prepared to set up assembly 'Akavache.Sqlite3' (Akavache.Sqlite3.dll)
D/Mono    (10586): Assembly Akavache.Sqlite3[0xeaefb200] added to domain RootDomain, ref_count=1
D/Mono    (10586): AOT module 'Akavache.Sqlite3.dll.so' not found: dlopen failed: library "/data/app/com.careerbuilder.SugarDrone-1/lib/arm/libaot-Akavache.Sqlite3.dll.so" not found
D/Mono    (10586): AOT module '/Users/builder/data/lanes/4009/f3074d2c/source/monodroid/builds/install/mono-armv6/lib/mono/aot-cache/arm/Akavache.Sqlite3.dll.so' not found: dlopen failed: library "/data/app/com.careerbuilder.SugarDrone-1/lib/arm/libaot-Akavache.Sqlite3.dll.so" not found
W/        (10586): Symbol file LoadedFromMemory doesn't match image Akavache.Sqlite3.dll
D/Mono    (10586): Config attempting to parse: 'Akavache.Sqlite3.dll.config'.
D/Mono    (10586): Config attempting to parse: '/Users/builder/data/lanes/4009/f3074d2c/source/monodroid/builds/install/mono-armv6/etc/mono/assemblies/Akavache.Sqlite3/Akavache.Sqlite3.config'.
D/Mono    (10586): Image addref Splat[0xeaefb260] -> Splat.dll[0xea911500]: 2
D/Mono    (10586): Prepared to set up assembly 'Splat' (Splat.dll)
D/Mono    (10586): Assembly Splat[0xeaefb260] added to domain RootDomain, ref_count=1
D/Mono    (10586): AOT module 'Splat.dll.so' not found: dlopen failed: library "/data/app/com.careerbuilder.SugarDrone-1/lib/arm/libaot-Splat.dll.so" not found
D/Mono    (10586): AOT module '/Users/builder/data/lanes/4009/f3074d2c/source/monodroid/builds/install/mono-armv6/lib/mono/aot-cache/arm/Splat.dll.so' not found: dlopen failed: library "/data/app/com.careerbuilder.SugarDrone-1/lib/arm/libaot-Splat.dll.so" not found
D/Mono    (10586): Config attempting to parse: 'Splat.dll.config'.
D/Mono    (10586): Config attempting to parse: '/Users/builder/data/lanes/4009/f3074d2c/source/monodroid/builds/install/mono-armv6/etc/mono/assemblies/Splat/Splat.config'.
D/Mono    (10586): Image addref Microsoft.Practices.ServiceLocation[0xeaefb440] -> Microsoft.Practices.ServiceLocation.dll[0xea911a00]: 2
D/Mono    (10586): Prepared to set up assembly 'Microsoft.Practices.ServiceLocation' (Microsoft.Practices.ServiceLocation.dll)
D/Mono    (10586): Assembly Microsoft.Practices.ServiceLocation[0xeaefb440] added to domain RootDomain, ref_count=1
D/Mono    (10586): AOT module 'Microsoft.Practices.ServiceLocation.dll.so' not found: dlopen failed: library "/data/app/com.careerbuilder.SugarDrone-1/lib/arm/libaot-Microsoft.Practices.ServiceLocation.dll.so" not found
D/Mono    (10586): AOT module '/Users/builder/data/lanes/4009/f3074d2c/source/monodroid/builds/install/mono-armv6/lib/mono/aot-cache/arm/Microsoft.Practices.ServiceLocation.dll.so' not found: dlopen failed: library "/data/app/com.careerbuilder.SugarDrone-1/lib/arm/libaot-Microsoft.Practices.ServiceLocation.dll.so" not found
D/Mono    (10586): Config attempting to parse: 'Microsoft.Practices.ServiceLocation.dll.config'.
D/Mono    (10586): Config attempting to parse: '/Users/builder/data/lanes/4009/f3074d2c/source/monodroid/builds/install/mono-armv6/etc/mono/assemblies/Microsoft.Practices.ServiceLocation/Microsoft.Practices.ServiceLocation.config'.
D/Mono    (10586): Image addref Microsoft.Practices.Unity[0xeaefb4a0] -> Microsoft.Practices.Unity.dll[0xea911f00]: 2
D/Mono    (10586): Prepared to set up assembly 'Microsoft.Practices.Unity' (Microsoft.Practices.Unity.dll)
D/Mono    (10586): Assembly Microsoft.Practices.Unity[0xeaefb4a0] added to domain RootDomain, ref_count=1
D/Mono    (10586): AOT module 'Microsoft.Practices.Unity.dll.so' not found: dlopen failed: library "/data/app/com.careerbuilder.SugarDrone-1/lib/arm/libaot-Microsoft.Practices.Unity.dll.so" not found
D/Mono    (10586): AOT module '/Users/builder/data/lanes/4009/f3074d2c/source/monodroid/builds/install/mono-armv6/lib/mono/aot-cache/arm/Microsoft.Practices.Unity.dll.so' not found: dlopen failed: library "/data/app/com.careerbuilder.SugarDrone-1/lib/arm/libaot-Microsoft.Practices.Unity.dll.so" not found
D/Mono    (10586): Config attempting to parse: 'Microsoft.Practices.Unity.dll.config'.
D/Mono    (10586): Config attempting to parse: '/Users/builder/data/lanes/4009/f3074d2c/source/monodroid/builds/install/mono-armv6/etc/mono/assemblies/Microsoft.Practices.Unity/Microsoft.Practices.Unity.config'.
D/Mono    (10586): Image addref Plugin.CurrentActivity[0xeaefb500] -> Plugin.CurrentActivity.dll[0xea912400]: 2
D/Mono    (10586): Prepared to set up assembly 'Plugin.CurrentActivity' (Plugin.CurrentActivity.dll)
D/Mono    (10586): Assembly Plugin.CurrentActivity[0xeaefb500] added to domain RootDomain, ref_count=1
D/Mono    (10586): AOT module 'Plugin.CurrentActivity.dll.so' not found: dlopen failed: library "/data/app/com.careerbuilder.SugarDrone-1/lib/arm/libaot-Plugin.CurrentActivity.dll.so" not found
D/Mono    (10586): AOT module '/Users/builder/data/lanes/4009/f3074d2c/source/monodroid/builds/install/mono-armv6/lib/mono/aot-cache/arm/Plugin.CurrentActivity.dll.so' not found: dlopen failed: library "/data/app/com.careerbuilder.SugarDrone-1/lib/arm/libaot-Plugin.CurrentActivity.dll.so" not found
D/Mono    (10586): Config attempting to parse: 'Plugin.CurrentActivity.dll.config'.
D/Mono    (10586): Config attempting to parse: '/Users/builder/data/lanes/4009/f3074d2c/source/monodroid/builds/install/mono-armv6/etc/mono/assemblies/Plugin.CurrentActivity/Plugin.CurrentActivity.config'.
D/Mono    (10586): Image addref Plugin.Permissions[0xeaefb560] -> Plugin.Permissions.dll[0xea912900]: 2
D/Mono    (10586): Prepared to set up assembly 'Plugin.Permissions' (Plugin.Permissions.dll)
D/Mono    (10586): Assembly Plugin.Permissions[0xeaefb560] added to domain RootDomain, ref_count=1
D/Mono    (10586): AOT module 'Plugin.Permissions.dll.so' not found: dlopen failed: library "/data/app/com.careerbuilder.SugarDrone-1/lib/arm/libaot-Plugin.Permissions.dll.so" not found
D/Mono    (10586): AOT module '/Users/builder/data/lanes/4009/f3074d2c/source/monodroid/builds/install/mono-armv6/lib/mono/aot-cache/arm/Plugin.Permissions.dll.so' not found: dlopen failed: library "/data/app/com.careerbuilder.SugarDrone-1/lib/arm/libaot-Plugin.Permissions.dll.so" not found
D/Mono    (10586): Config attempting to parse: 'Plugin.Permissions.dll.config'.
D/Mono    (10586): Config attempting to parse: '/Users/builder/data/lanes/4009/f3074d2c/source/monodroid/builds/install/mono-armv6/etc/mono/assemblies/Plugin.Permissions/Plugin.Permissions.config'.
D/Mono    (10586): Image addref Plugin.Permissions.Abstractions[0xeaefb5c0] -> Plugin.Permissions.Abstractions.dll[0xea912e00]: 2
D/Mono    (10586): Prepared to set up assembly 'Plugin.Permissions.Abstractions' (Plugin.Permissions.Abstractions.dll)
D/Mono    (10586): Assembly Plugin.Permissions.Abstractions[0xeaefb5c0] added to domain RootDomain, ref_count=1
D/Mono    (10586): AOT module 'Plugin.Permissions.Abstractions.dll.so' not found: dlopen failed: library "/data/app/com.careerbuilder.SugarDrone-1/lib/arm/libaot-Plugin.Permissions.Abstractions.dll.so" not found
D/Mono    (10586): AOT module '/Users/builder/data/lanes/4009/f3074d2c/source/monodroid/builds/install/mono-armv6/lib/mono/aot-cache/arm/Plugin.Permissions.Abstractions.dll.so' not found: dlopen failed: library "/data/app/com.careerbuilder.SugarDrone-1/lib/arm/libaot-Plugin.Permissions.Abstractions.dll.so" not found
D/Mono    (10586): Config attempting to parse: 'Plugin.Permissions.Abstractions.dll.config'.
D/Mono    (10586): Config attempting to parse: '/Users/builder/data/lanes/4009/f3074d2c/source/monodroid/builds/install/mono-armv6/etc/mono/assemblies/Plugin.Permissions.Abstractions/Plugin.Permissions.Abstractions.config'.
D/Mono    (10586): Image addref Plugin.Geolocator[0xeaefb620] -> Plugin.Geolocator.dll[0xea913300]: 2
D/Mono    (10586): Prepared to set up assembly 'Plugin.Geolocator' (Plugin.Geolocator.dll)
D/Mono    (10586): Assembly Plugin.Geolocator[0xeaefb620] added to domain RootDomain, ref_count=1
D/Mono    (10586): AOT module 'Plugin.Geolocator.dll.so' not found: dlopen failed: library "/data/app/com.careerbuilder.SugarDrone-1/lib/arm/libaot-Plugin.Geolocator.dll.so" not found
D/Mono    (10586): AOT module '/Users/builder/data/lanes/4009/f3074d2c/source/monodroid/builds/install/mono-armv6/lib/mono/aot-cache/arm/Plugin.Geolocator.dll.so' not found: dlopen failed: library "/data/app/com.careerbuilder.SugarDrone-1/lib/arm/libaot-Plugin.Geolocator.dll.so" not found
D/Mono    (10586): Config attempting to parse: 'Plugin.Geolocator.dll.config'.
D/Mono    (10586): Config attempting to parse: '/Users/builder/data/lanes/4009/f3074d2c/source/monodroid/builds/install/mono-armv6/etc/mono/assemblies/Plugin.Geolocator/Plugin.Geolocator.config'.
D/Mono    (10586): Image addref Plugin.Geolocator.Abstractions[0xeaefb680] -> Plugin.Geolocator.Abstractions.dll[0xea913800]: 2
D/Mono    (10586): Prepared to set up assembly 'Plugin.Geolocator.Abstractions' (Plugin.Geolocator.Abstractions.dll)
D/Mono    (10586): Assembly Plugin.Geolocator.Abstractions[0xeaefb680] added to domain RootDomain, ref_count=1
D/Mono    (10586): AOT module 'Plugin.Geolocator.Abstractions.dll.so' not found: dlopen failed: library "/data/app/com.careerbuilder.SugarDrone-1/lib/arm/libaot-Plugin.Geolocator.Abstractions.dll.so" not found
D/Mono    (10586): AOT module '/Users/builder/data/lanes/4009/f3074d2c/source/monodroid/builds/install/mono-armv6/lib/mono/aot-cache/arm/Plugin.Geolocator.Abstractions.dll.so' not found: dlopen failed: library "/data/app/com.careerbuilder.SugarDrone-1/lib/arm/libaot-Plugin.Geolocator.Abstractions.dll.so" not found
D/Mono    (10586): Config attempting to parse: 'Plugin.Geolocator.Abstractions.dll.config'.
D/Mono    (10586): Config attempting to parse: '/Users/builder/data/lanes/4009/f3074d2c/source/monodroid/builds/install/mono-armv6/etc/mono/assemblies/Plugin.Geolocator.Abstractions/Plugin.Geolocator.Abstractions.config'.
D/Mono    (10586): Image addref Plugin.DeviceInfo[0xeaefb6e0] -> Plugin.DeviceInfo.dll[0xea913d00]: 2
D/Mono    (10586): Prepared to set up assembly 'Plugin.DeviceInfo' (Plugin.DeviceInfo.dll)
D/Mono    (10586): Assembly Plugin.DeviceInfo[0xeaefb6e0] added to domain RootDomain, ref_count=1
D/Mono    (10586): AOT module 'Plugin.DeviceInfo.dll.so' not found: dlopen failed: library "/data/app/com.careerbuilder.SugarDrone-1/lib/arm/libaot-Plugin.DeviceInfo.dll.so" not found
D/Mono    (10586): AOT module '/Users/builder/data/lanes/4009/f3074d2c/source/monodroid/builds/install/mono-armv6/lib/mono/aot-cache/arm/Plugin.DeviceInfo.dll.so' not found: dlopen failed: library "/data/app/com.careerbuilder.SugarDrone-1/lib/arm/libaot-Plugin.DeviceInfo.dll.so" not found
D/Mono    (10586): Config attempting to parse: 'Plugin.DeviceInfo.dll.config'.
D/Mono    (10586): Config attempting to parse: '/Users/builder/data/lanes/4009/f3074d2c/source/monodroid/builds/install/mono-armv6/etc/mono/assemblies/Plugin.DeviceInfo/Plugin.DeviceInfo.config'.
D/Mono    (10586): Image addref Plugin.DeviceInfo.Abstractions[0xeaefb740] -> Plugin.DeviceInfo.Abstractions.dll[0xea914200]: 2
D/Mono    (10586): Prepared to set up assembly 'Plugin.DeviceInfo.Abstractions' (Plugin.DeviceInfo.Abstractions.dll)
D/Mono    (10586): Assembly Plugin.DeviceInfo.Abstractions[0xeaefb740] added to domain RootDomain, ref_count=1
D/Mono    (10586): AOT module 'Plugin.DeviceInfo.Abstractions.dll.so' not found: dlopen failed: library "/data/app/com.careerbuilder.SugarDrone-1/lib/arm/libaot-Plugin.DeviceInfo.Abstractions.dll.so" not found
D/Mono    (10586): AOT module '/Users/builder/data/lanes/4009/f3074d2c/source/monodroid/builds/install/mono-armv6/lib/mono/aot-cache/arm/Plugin.DeviceInfo.Abstractions.dll.so' not found: dlopen failed: library "/data/app/com.careerbuilder.SugarDrone-1/lib/arm/libaot-Plugin.DeviceInfo.Abstractions.dll.so" not found
D/Mono    (10586): Config attempting to parse: 'Plugin.DeviceInfo.Abstractions.dll.config'.
D/Mono    (10586): Config attempting to parse: '/Users/builder/data/lanes/4009/f3074d2c/source/monodroid/builds/install/mono-armv6/etc/mono/assemblies/Plugin.DeviceInfo.Abstractions/Plugin.DeviceInfo.Abstractions.config'.
D/Mono    (10586): Image addref Xamarin.GooglePlayServices.Analytics[0xeaefb7a0] -> Xamarin.GooglePlayServices.Analytics.dll[0xea914700]: 2
D/Mono    (10586): Prepared to set up assembly 'Xamarin.GooglePlayServices.Analytics' (Xamarin.GooglePlayServices.Analytics.dll)
D/Mono    (10586): Assembly Xamarin.GooglePlayServices.Analytics[0xeaefb7a0] added to domain RootDomain, ref_count=1
