<![CDATA[
]]><xtc-scenario name="[0-1141]CareerBuilder_Search.DroidFeatureTests.ApplyTests.PhoneScreenerRequiredShowsWhenPressingApplyAndFieldIsEmpty" id="[0-1141]CareerBuilder_Search.DroidFeatureTests.ApplyTests.PhoneScreenerRequiredShowsWhenPressingApplyAndFieldIsEmpty"><![CDATA[
I/ThermalEngine(  517): ACTION: GPU - Setting GPU[0] to 510000000

]]><xtc-step name="[0-1141]CareerBuilder_Search.DroidFeatureTests.ApplyTests.PhoneScreenerRequiredShowsWhenPressingApplyAndFieldIsEmpty-PhoneScreenerRequiredShowsWhenPressingApplyAndFieldIsEmpty" id="[0-1141]CareerBuilder_Search.DroidFeatureTests.ApplyTests.PhoneScreenerRequiredShowsWhenPressingApplyAndFieldIsEmpty-PhoneScreenerRequiredShowsWhenPressingApplyAndFieldIsEmpty"><![CDATA[
I/ActivityManager(  924): Killing 7276:com.google.android.apps.gcs/u0a11 (adj 15): empty #17
I/ThermalEngine(  517): ACTION: GPU - Setting GPU[0] to 450000000
D/AndroidRuntime( 8230): >>>>>> START com.android.internal.os.RuntimeInit uid 2000 <<<<<<
D/AndroidRuntime( 8230): CheckJNI is OFF
D/ICU     ( 8230): No timezone override file found: /data/misc/zoneinfo/current/icu/icu_tzdata.dat
I/Radio-JNI( 8230): register_android_hardware_Radio DONE
D/AndroidRuntime( 8230): Calling main entry com.android.commands.pm.Pm
I/art     ( 8230): System.exit called, status: 0
I/AndroidRuntime( 8230): VM exiting with result code 0.
D/NetlinkSocketObserver(  924): NeighborEvent{elapsedMs=185440, 10.22.0.1, [B0FAEB975089], RTM_NEWNEIGH, NUD_STALE}
I/ServiceManager(  563): Waiting for service AtCmdFwd...
I/ServiceManager(  563): Waiting for service AtCmdFwd...
I/ServiceManager(  563): Waiting for service AtCmdFwd...
I/ServiceManager(  563): Waiting for service AtCmdFwd...
I/ServiceManager(  563): Waiting for service AtCmdFwd...
W/Atfwd_Sendcmd(  563): AtCmdFwd service not published, waiting... retryCnt : 5
D/WifiStateMachine(  924): starting scan for "xtc-ag"WPA_PSK with 5240,5180,5220,5200
I/Keyboard.Facilitator.LanguageModelFlusher( 3420): run()
I/Keyboard.Facilitator( 3420): flushDynamicLanguageModels()
I/Atfwd_Sendcmd(  563): AtCmdFwd service not ready - Exhausted retry attempts - :6
I/Atfwd_Daemon(  563): result : -1 	 ,Init step :2 	 ,qmiErrorCode: 0
W/ip      ( 8844): type=1400 audit(0.0:73): avc: denied { search } for name="net" dev="dm-2" ino=3440648 scontext=u:r:shell:s0 tcontext=u:object_r:net_data_file:s0 tclass=dir permissive=0
I/ThermalEngine(  517): ACTION: GPU - Setting GPU[0] to 390000000
I/ServiceManager(  563): Waiting for service AtCmdFwd...
I/ServiceManager(  563): Waiting for service AtCmdFwd...
I/ThermalEngine(  517): ACTION: GPU - Setting GPU[0] to 450000000
I/ServiceManager(  563): Waiting for service AtCmdFwd...
I/ServiceManager(  563): Waiting for service AtCmdFwd...
I/ServiceManager(  563): Waiting for service AtCmdFwd...
W/Atfwd_Sendcmd(  563): AtCmdFwd service not published, waiting... retryCnt : 1
D/AndroidRuntime( 9029): >>>>>> START com.android.internal.os.RuntimeInit uid 2000 <<<<<<
D/AndroidRuntime( 9029): CheckJNI is OFF
D/ICU     ( 9029): No timezone override file found: /data/misc/zoneinfo/current/icu/icu_tzdata.dat
I/Radio-JNI( 9029): register_android_hardware_Radio DONE
D/AndroidRuntime( 9029): Calling main entry com.android.commands.am.Am
W/ActivityManager(  924): Invalid packageName: com.careerbuilder.SugarDrone
D/AndroidRuntime( 9029): Shutting down VM
I/ThermalEngine(  517): ACTION: GPU - Setting GPU[0] to 390000000
D/WifiStateMachine(  924): starting scan for "xtc-ag"WPA_PSK with 5240,5180,5220,5200
I/ServiceManager(  563): Waiting for service AtCmdFwd...
I/ServiceManager(  563): Waiting for service AtCmdFwd...
I/ThermalEngine(  517): ACTION: GPU - Setting GPU[0] to 450000000
I/ServiceManager(  563): Waiting for service AtCmdFwd...
I/ServiceManager(  563): Waiting for service AtCmdFwd...
I/ServiceManager(  563): Waiting for service AtCmdFwd...
I/ThermalEngine(  517): ACTION: GPU - Setting GPU[0] to 390000000
W/Atfwd_Sendcmd(  563): AtCmdFwd service not published, waiting... retryCnt : 2
I/ThermalEngine(  517): ACTION: GPU - Setting GPU[0] to 450000000
I/ThermalEngine(  517): ACTION: GPU - Setting GPU[0] to 390000000
I/ServiceManager(  563): Waiting for service AtCmdFwd...
I/ServiceManager(  563): Waiting for service AtCmdFwd...
I/ThermalEngine(  517): ACTION: GPU - Setting GPU[0] to 450000000
I/ServiceManager(  563): Waiting for service AtCmdFwd...
I/ServiceManager(  563): Waiting for service AtCmdFwd...
D/WifiStateMachine(  924): starting scan for "xtc-ag"WPA_PSK with 5240,5180,5220,5200
I/ServiceManager(  563): Waiting for service AtCmdFwd...
I/ThermalEngine(  517): ACTION: GPU - Setting GPU[0] to 390000000
W/Atfwd_Sendcmd(  563): AtCmdFwd service not published, waiting... retryCnt : 3
D/AndroidRuntime( 9411): >>>>>> START com.android.internal.os.RuntimeInit uid 2000 <<<<<<
D/AndroidRuntime( 9411): CheckJNI is OFF
D/ICU     ( 9411): No timezone override file found: /data/misc/zoneinfo/current/icu/icu_tzdata.dat
I/Radio-JNI( 9411): register_android_hardware_Radio DONE
D/AndroidRuntime( 9411): Calling main entry com.android.commands.pm.Pm
I/ActivityManager(  924): Start proc 9429:com.android.defcontainer/u0a7 for service com.android.defcontainer/.DefaultContainerService
D/DefContainer( 9429): Copying /data/local/tmp/0000004798 to base.apk
D/NetlinkSocketObserver(  924): NeighborEvent{elapsedMs=265170, 10.22.0.1, [B0FAEB975089], RTM_NEWNEIGH, NUD_PROBE}
I/ThermalEngine(  517): ACTION: GPU - Setting GPU[0] to 450000000
I/PackageManager.DexOptimizer(  924): Running dexopt (dex2oat) on: /data/app/vmdl206617548.tmp/base.apk pkg=com.careerbuilder.SugarDrone isa=arm vmSafeMode=false debuggable=true oatDir = /data/app/vmdl206617548.tmp/oat bootComplete=true
I/dex2oat ( 9464): /system/bin/dex2oat -j2 --debuggable
W/dex2oat ( 9464): Before Android 4.1, method android.graphics.PorterDuffColorFilter android.support.graphics.drawable.VectorDrawableCompat.updateTintFilter(android.graphics.PorterDuffColorFilter, android.content.res.ColorStateList, android.graphics.PorterDuff$Mode) would have incorrectly overridden the package-private method in android.graphics.drawable.Drawable
W/dex2oat ( 9464): Before Android 4.1, method int android.support.v7.widget.ListViewCompat.lookForSelectablePosition(int, boolean) would have incorrectly overridden the package-private method in android.widget.ListView
I/ThermalEngine(  517): ACTION: GPU - Setting GPU[0] to 390000000
W/dex2oat ( 9464): Compilation of java.lang.CharSequence android.support.v7.app.AppCompatDelegateImplBase.getTitle() took 107.130ms
I/dex2oat ( 9464): dex2oat took 5.684s (threads: 2) arena alloc=640KB java alloc=5MB native alloc=20MB free=3MB
W/PackageManager(  924): Not granting permission android.permission.MANAGE_DOCUMENTS to package com.careerbuilder.SugarDrone (protectionLevel=2 flags=0x3808be46)
W/PackageManager(  924): Not granting permission android.permission.MOUNT_UNMOUNT_FILESYSTEMS to package com.careerbuilder.SugarDrone (protectionLevel=18 flags=0x3808be46)
V/BackupManagerService(  924): restoreAtInstall pkg=com.careerbuilder.SugarDrone token=5 restoreSet=0
V/BackupManagerService(  924): Finishing install immediately
W/Settings(  924): Setting install_non_market_apps has moved from android.provider.Settings.Global to android.provider.Settings.Secure, returning read-only value.
I/art     (  924): Starting a blocking GC Explicit
I/art     (  924): Explicit concurrent mark sweep GC freed 53546(3MB) AllocSpace objects, 9(420KB) LOS objects, 33% free, 30MB/45MB, paused 1.663ms total 98.091ms
I/art     ( 9411): System.exit called, status: 0
I/AndroidRuntime( 9411): VM exiting with result code 0.
I/InputReader(  924): Reconfiguring input devices.  changes=0x00000010
I/ActivityManager(  924): Start proc 9541:com.google.android.partnersetup/u0a18 for broadcast com.google.android.partnersetup/.RlzPingBroadcastReceiver
D/CarrierServiceBindHelper( 3574): Receive action: android.intent.action.PACKAGE_ADDED
D/CarrierServiceBindHelper( 3574): mHandler: 3
D/CarrierConfigLoader( 3574): mHandler: 9 phoneId: 0
W/System  ( 9541): ClassLoader referenced unknown path: /system/priv-app/GooglePartnerSetup/lib/arm64
I/ActivityManager(  924): Start proc 9559:com.android.musicfx/u0a21 for broadcast com.android.musicfx/.Compatibility$Receiver
I/ActivityManager(  924): Killing 7430:com.android.sdm.plugins.sprintdm/1001 (adj 15): empty #17
W/System  ( 9559): ClassLoader referenced unknown path: /system/priv-app/MusicFX/lib/arm64
I/ActivityManager(  924): Start proc 9579:com.android.vending/u0a22 for broadcast com.android.vending/com.google.android.finsky.receivers.PackageMonitorReceiver$RegisteredReceiver
I/ActivityManager(  924): Killing 7448:com.android.chrome/u0a39 (adj 15): empty #17
W/System  ( 9579): ClassLoader referenced unknown path: /system/priv-app/Phonesky/lib/arm64
W/Finsky  ( 9579): [1] FinskyApp.getCurrentAccount: No account configured on this device.
D/Finsky  ( 9579): [1] FinskyApp.onCreate: Initializing network with DFE https://android.clients.google.com/fdfe/
W/Finsky  ( 9579): [1] FinskyApp.getCurrentAccount: No account configured on this device.
W/Finsky  ( 9579): [1] FinskyApp.getCurrentAccount: No account configured on this device.
W/Finsky  ( 9579): [1] FinskyApp.getCurrentAccount: No account configured on this device.
W/Finsky  ( 9579): [1] FinskyApp.getCurrentAccount: No account configured on this device.
W/Finsky  ( 9579): [1] FinskyApp.getCurrentAccount: No account configured on this device.
W/Finsky  ( 9579): [1] FinskyApp.getCurrentAccount: No account configured on this device.
W/Finsky  ( 9579): [1] FinskyApp.getCurrentAccount: No account configured on this device.
D/Finsky  ( 9579): [1] DailyHygiene.goMakeHygieneIfDirty: No need to run daily hygiene.
W/Settings( 9579): Setting download_manager_max_bytes_over_mobile has moved from android.provider.Settings.Secure to android.provider.Settings.Global.
W/Settings( 9579): Setting download_manager_recommended_max_bytes_over_mobile has moved from android.provider.Settings.Secure to android.provider.Settings.Global.
W/Finsky  ( 9579): [1] FinskyApp.getCurrentAccount: No account configured on this device.
W/Finsky  ( 9579): [1] FinskyApp.getCurrentAccount: No account configured on this device.
W/Finsky  ( 9579): [1] FinskyApp.getDfeApi: No account configured on this device.
W/Finsky  ( 9579): [1] FinskyApp.getCurrentAccount: No account configured on this device.
I/ActivityManager(  924): Start proc 9619:com.google.android.apps.docs/u0a43 for broadcast com.google.android.apps.docs/.receivers.AppPackageAddRemoveReceiver
I/UpdateIcingCorporaServi( 4993): Updating corpora: APPS=com.careerbuilder.SugarDrone, CONTACTS=MAYBE
W/System  ( 9619): ClassLoader referenced unknown path: /system/app/Drive/lib/arm64
D/Ads     ( 9579): Skipping gmscore version check
W/IcingInternalCorpora( 4330): getNumBytesRead when not calculated.
I/Icing   ( 4330): Usage reports 0 indexed 0 rejected 0 imm upload true
I/UpdateIcingCorporaServi( 4993): UpdateCorporaTask done [took 335 ms] updated apps [took 335 ms] 
D/Finsky  ( 9579): [1] ExternalReferrer.access$200: Package state data is missing for com.careerbuilder.SugarDrone
W/Finsky  ( 9579): [1] FinskyApp.getCurrentAccount: No account configured on this device.
W/Finsky  ( 9579): [1] FinskyApp.getCurrentAccount: No account configured on this device.
D/AndroidRuntime( 9576): >>>>>> START com.android.internal.os.RuntimeInit uid 2000 <<<<<<
D/Finsky  ( 9579): [1] GmsCoreHelper.cleanupNlp: result=false type=4
D/AndroidRuntime( 9576): CheckJNI is OFF
D/Finsky  ( 9579): [1] RestoreTracker.stopServiceIfDone: Restore complete with 0 success and 0 failed.
D/ICU     ( 9576): No timezone override file found: /data/misc/zoneinfo/current/icu/icu_tzdata.dat
I/Radio-JNI( 9576): register_android_hardware_Radio DONE
D/AndroidRuntime( 9576): Calling main entry com.android.commands.settings.SettingsCmd
D/AndroidRuntime( 9576): Shutting down VM
I/GAv4    ( 9619): Google Analytics 7.8.95 is starting up. To enable debug logging on a device run:
I/GAv4    ( 9619):   adb shell setprop log.tag.GAv4 DEBUG
I/GAv4    ( 9619):   adb logcat -s GAv4
W/GAv4    ( 9619): AnalyticsReceiver is not registered or is disabled. Register the receiver for reliable dispatching on non-Google Play devices. See http://goo.gl/8Rd3yj for instructions.
W/GAv4    ( 9619): CampaignTrackingReceiver is not registered, not exported or is disabled. Installation campaign tracking is not possible. See http://goo.gl/8Rd3yj for instructions.
W/AnalyticsTrackerProxyImpl( 9619): Analytics setup for ID UA-21125203-2, app name Drive, version 2.3.327.05.46
W/GAv4    ( 9619): AnalyticsService not registered in the app manifest. Hits might not be delivered reliably. See http://goo.gl/8Rd3yj for instructions.
I/ActivityManager(  924): Killing 7889:com.android.providers.calendar/u0a1 (adj 15): empty #17
D/Wear_Controller( 4330): Received broadcast action=android.intent.action.PACKAGE_ADDED and uri=com.careerbuilder.SugarDrone
I/Icing   ( 4330): Usage reports 0 indexed 0 rejected 0 imm upload false
I/Icing   ( 4330): Usage reports 0 indexed 0 rejected 0 imm upload false
I/PeopleContactsSync( 4330): triggerPendingContactsCleanup: no accounts
I/Icing   ( 4330): Indexing 28F82D1719B878795C499362459A54C53C07CE39 from com.google.android.googlequicksearchbox
I/Icing   ( 4330): Indexing done 28F82D1719B878795C499362459A54C53C07CE39
D/AndroidRuntime( 9664): >>>>>> START com.android.internal.os.RuntimeInit uid 2000 <<<<<<
D/AndroidRuntime( 9664): CheckJNI is OFF
W/linker  ( 9619): /data/app/com.google.android.gms-2/lib/arm64/libconscrypt_gmscore_jni.so: unused DT entry: type 0x1d arg 0x80
D/ICU     ( 9664): No timezone override file found: /data/misc/zoneinfo/current/icu/icu_tzdata.dat
V/JNIHelp ( 9619): Registering com/google/android/gms/org/conscrypt/NativeCrypto's 242 native methods...
I/art     ( 9619): Rejecting re-init on previously-failed class java.lang.Class<com.google.android.gms.org.conscrypt.OpenSSLExtendedSessionImpl>
I/art     ( 9619): Rejecting re-init on previously-failed class java.lang.Class<com.google.android.gms.org.conscrypt.OpenSSLExtendedSessionImpl>
I/Radio-JNI( 9664): register_android_hardware_Radio DONE
I/ProviderInstaller( 9619): Installed default security provider GmsCore_OpenSSL
D/AndroidRuntime( 9664): Calling main entry com.android.commands.settings.SettingsCmd
D/AndroidRuntime( 9664): Shutting down VM
I/Icing   ( 4330): Indexing 0469E070D22A38B042E767B0F2FFD16370CACCB7 from com.google.android.gms
I/Icing   ( 4330): Indexing done 0469E070D22A38B042E767B0F2FFD16370CACCB7
I/ActivityManager(  924): Killing 7210:com.google.android.talk/u0a53 (adj 15): empty #17
D/AndroidRuntime( 9707): >>>>>> START com.android.internal.os.RuntimeInit uid 2000 <<<<<<
D/AndroidRuntime( 9707): CheckJNI is OFF
D/ICU     ( 9707): No timezone override file found: /data/misc/zoneinfo/current/icu/icu_tzdata.dat
I/Radio-JNI( 9707): register_android_hardware_Radio DONE
D/AndroidRuntime( 9707): Calling main entry com.android.commands.settings.SettingsCmd
D/AndroidRuntime( 9707): Shutting down VM
I/ServiceManager(  563): Waiting for service AtCmdFwd...
D/AndroidRuntime( 9730): >>>>>> START com.android.internal.os.RuntimeInit uid 2000 <<<<<<
D/AndroidRuntime( 9730): CheckJNI is OFF
D/ICU     ( 9730): No timezone override file found: /data/misc/zoneinfo/current/icu/icu_tzdata.dat
I/Radio-JNI( 9730): register_android_hardware_Radio DONE
D/AndroidRuntime( 9730): Calling main entry com.android.commands.settings.SettingsCmd
D/AndroidRuntime( 9730): Shutting down VM
I/ServiceManager(  563): Waiting for service AtCmdFwd...
D/AndroidRuntime( 9753): >>>>>> START com.android.internal.os.RuntimeInit uid 2000 <<<<<<
D/AndroidRuntime( 9753): CheckJNI is OFF
D/ICU     ( 9753): No timezone override file found: /data/misc/zoneinfo/current/icu/icu_tzdata.dat
I/Radio-JNI( 9753): register_android_hardware_Radio DONE
D/AndroidRuntime( 9753): Calling main entry com.android.commands.settings.SettingsCmd
D/AndroidRuntime( 9753): Shutting down VM
I/ServiceManager(  563): Waiting for service AtCmdFwd...
D/AndroidRuntime( 9776): >>>>>> START com.android.internal.os.RuntimeInit uid 2000 <<<<<<
D/AndroidRuntime( 9776): CheckJNI is OFF
D/ICU     ( 9776): No timezone override file found: /data/misc/zoneinfo/current/icu/icu_tzdata.dat
I/Radio-JNI( 9776): register_android_hardware_Radio DONE
D/AndroidRuntime( 9776): Calling main entry com.android.commands.appops.AppOpsCommand
D/AndroidRuntime( 9776): Shutting down VM
I/ServiceManager(  563): Waiting for service AtCmdFwd...
D/AndroidRuntime( 9798): >>>>>> START com.android.internal.os.RuntimeInit uid 2000 <<<<<<
D/AndroidRuntime( 9798): CheckJNI is OFF
D/ICU     ( 9798): No timezone override file found: /data/misc/zoneinfo/current/icu/icu_tzdata.dat
I/Radio-JNI( 9798): register_android_hardware_Radio DONE
D/AndroidRuntime( 9798): Calling main entry com.android.commands.pm.Pm
I/art     ( 9798): System.exit called, status: 0
I/AndroidRuntime( 9798): VM exiting with result code 0.
I/ServiceManager(  563): Waiting for service AtCmdFwd...
W/Atfwd_Sendcmd(  563): AtCmdFwd service not published, waiting... retryCnt : 4
I/ActivityManager(  924): Killing 7477:com.google.android.apps.photos/u0a62 (adj 15): empty #17
D/AndroidRuntime( 9843): >>>>>> START com.android.internal.os.RuntimeInit uid 2000 <<<<<<
D/AndroidRuntime( 9843): CheckJNI is OFF
D/ICU     ( 9843): No timezone override file found: /data/misc/zoneinfo/current/icu/icu_tzdata.dat
I/Radio-JNI( 9843): register_android_hardware_Radio DONE
D/AndroidRuntime( 9843): Calling main entry com.android.commands.pm.Pm
I/art     ( 9843): System.exit called, status: 0
I/AndroidRuntime( 9843): VM exiting with result code 0.
W/ip      ( 9912): type=1400 audit(0.0:74): avc: denied { search } for name="net" dev="dm-2" ino=3440648 scontext=u:r:shell:s0 tcontext=u:object_r:net_data_file:s0 tclass=dir permissive=0
I/ThermalEngine(  517): ACTION: GPU - Setting GPU[0] to 450000000
D/AndroidRuntime( 9918): >>>>>> START com.android.internal.os.RuntimeInit uid 2000 <<<<<<
D/AndroidRuntime( 9918): CheckJNI is OFF
D/ICU     ( 9918): No timezone override file found: /data/misc/zoneinfo/current/icu/icu_tzdata.dat
I/Radio-JNI( 9918): register_android_hardware_Radio DONE
D/AndroidRuntime( 9918): Calling main entry com.android.commands.am.Am
W/ActivityManager(  924): Invalid packageName: com.careerbuilder.SugarDrone.test
D/AndroidRuntime( 9918): Shutting down VM
D/AndroidRuntime( 9946): >>>>>> START com.android.internal.os.RuntimeInit uid 2000 <<<<<<
D/AndroidRuntime( 9946): CheckJNI is OFF
D/ICU     ( 9946): No timezone override file found: /data/misc/zoneinfo/current/icu/icu_tzdata.dat
I/Radio-JNI( 9946): register_android_hardware_Radio DONE
D/AndroidRuntime( 9946): Calling main entry com.android.commands.pm.Pm
D/DefContainer( 9429): Copying /data/local/tmp/0000004799 to base.apk
I/ThermalEngine(  517): ACTION: GPU - Setting GPU[0] to 390000000
I/PackageManager.DexOptimizer(  924): Running dexopt (dex2oat) on: /data/app/vmdl318506138.tmp/base.apk pkg=com.careerbuilder.SugarDrone.test isa=arm64 vmSafeMode=false debuggable=false oatDir = /data/app/vmdl318506138.tmp/oat bootComplete=true
I/dex2oat ( 9966): /system/bin/dex2oat -j2
W/dex2oat ( 9966): No verified method for method calling String.<init>: java.lang.String android.text.TextUtils.substring(java.lang.CharSequence, int, int)
W/dex2oat ( 9966): No verified method for method calling String.<init>: java.lang.String android.text.TextUtils.substring(java.lang.CharSequence, int, int)
I/dex2oat ( 9966): Skipping compilation of void sh.calaba.org.codehaus.jackson.impl.Utf8StreamParser._skipString(): it contains a non natural loop
D/Finsky  ( 9579): [392] AppStatesReplicator.handleContentSyncResponse: Completed 0 account content syncs with 0 successful.
D/Finsky  ( 9579): [1] ContentSyncService$5.onFinished: Installation state replication succeeded.
I/dex2oat ( 9966): dex2oat took 2.587s (threads: 2) arena alloc=2MB java alloc=2MB native alloc=9MB free=1911KB
W/PackageManager(  924): Not granting permission android.permission.ACCESS_MOCK_LOCATION to package com.careerbuilder.SugarDrone.test (protectionLevel=2 flags=0x1800be44)
V/BackupManagerService(  924): restoreAtInstall pkg=com.careerbuilder.SugarDrone.test token=6 restoreSet=0
V/BackupManagerService(  924): Finishing install immediately
W/Settings(  924): Setting install_non_market_apps has moved from android.provider.Settings.Global to android.provider.Settings.Secure, returning read-only value.
I/art     (  924): Starting a blocking GC Explicit
I/art     (  924): Explicit concurrent mark sweep GC freed 104131(6MB) AllocSpace objects, 18(440KB) LOS objects, 33% free, 30MB/45MB, paused 1.771ms total 107.371ms
I/art     ( 9946): System.exit called, status: 0
I/AndroidRuntime( 9946): VM exiting with result code 0.
D/CarrierServiceBindHelper( 3574): Receive action: android.intent.action.PACKAGE_ADDED
D/CarrierServiceBindHelper( 3574): mHandler: 3
I/InputReader(  924): Reconfiguring input devices.  changes=0x00000010
D/CarrierConfigLoader( 3574): mHandler: 9 phoneId: 0
D/Finsky  ( 9579): [1] ExternalReferrer.access$200: Package state data is missing for com.careerbuilder.SugarDrone.test
I/UpdateIcingCorporaServi( 4993): Updating corpora: APPS=com.careerbuilder.SugarDrone.test, CONTACTS=MAYBE
I/UpdateIcingCorporaServi( 4993): UpdateCorporaTask done [took 87 ms] updated apps [took 87 ms] 
D/Wear_Controller( 4330): Received broadcast action=android.intent.action.PACKAGE_ADDED and uri=com.careerbuilder.SugarDrone.test
I/PeopleContactsSync( 4330): triggerPendingContactsCleanup: no accounts
W/IcingInternalCorpora( 4330): getNumBytesRead when not calculated.
I/Icing   ( 4330): Usage reports 0 indexed 0 rejected 0 imm upload false
I/Icing   ( 4330): Usage reports 0 indexed 0 rejected 0 imm upload false
D/AndroidRuntime(10036): >>>>>> START com.android.internal.os.RuntimeInit uid 2000 <<<<<<
D/AndroidRuntime(10036): CheckJNI is OFF
D/ICU     (10036): No timezone override file found: /data/misc/zoneinfo/current/icu/icu_tzdata.dat
I/Radio-JNI(10036): register_android_hardware_Radio DONE
D/AndroidRuntime(10036): Calling main entry com.android.commands.settings.SettingsCmd
D/AndroidRuntime(10036): Shutting down VM
I/Icing   ( 4330): Indexing 0469E070D22A38B042E767B0F2FFD16370CACCB7 from com.google.android.gms
I/Icing   ( 4330): Indexing done 0469E070D22A38B042E767B0F2FFD16370CACCB7
D/AndroidRuntime(10065): >>>>>> START com.android.internal.os.RuntimeInit uid 2000 <<<<<<
D/AndroidRuntime(10065): CheckJNI is OFF
D/ICU     (10065): No timezone override file found: /data/misc/zoneinfo/current/icu/icu_tzdata.dat
I/Radio-JNI(10065): register_android_hardware_Radio DONE
D/AndroidRuntime(10065): Calling main entry com.android.commands.settings.SettingsCmd
D/AndroidRuntime(10065): Shutting down VM
D/AndroidRuntime(10089): >>>>>> START com.android.internal.os.RuntimeInit uid 2000 <<<<<<
D/AndroidRuntime(10089): CheckJNI is OFF
D/ICU     (10089): No timezone override file found: /data/misc/zoneinfo/current/icu/icu_tzdata.dat
I/Radio-JNI(10089): register_android_hardware_Radio DONE
D/AndroidRuntime(10089): Calling main entry com.android.commands.settings.SettingsCmd
D/AndroidRuntime(10089): Shutting down VM
D/AndroidRuntime(10113): >>>>>> START com.android.internal.os.RuntimeInit uid 2000 <<<<<<
D/NetlinkSocketObserver(  924): NeighborEvent{elapsedMs=293320, 10.22.0.1, [B0FAEB975089], RTM_NEWNEIGH, NUD_STALE}
D/AndroidRuntime(10113): CheckJNI is OFF
D/ICU     (10113): No timezone override file found: /data/misc/zoneinfo/current/icu/icu_tzdata.dat
I/Radio-JNI(10113): register_android_hardware_Radio DONE
D/AndroidRuntime(10113): Calling main entry com.android.commands.settings.SettingsCmd
D/AndroidRuntime(10113): Shutting down VM
D/AndroidRuntime(10133): >>>>>> START com.android.internal.os.RuntimeInit uid 2000 <<<<<<
D/AndroidRuntime(10133): CheckJNI is OFF
D/ICU     (10133): No timezone override file found: /data/misc/zoneinfo/current/icu/icu_tzdata.dat
I/Radio-JNI(10133): register_android_hardware_Radio DONE
D/AndroidRuntime(10133): Calling main entry com.android.commands.settings.SettingsCmd
D/AndroidRuntime(10133): Shutting down VM
D/AndroidRuntime(10155): >>>>>> START com.android.internal.os.RuntimeInit uid 2000 <<<<<<
D/AndroidRuntime(10155): CheckJNI is OFF
D/ICU     (10155): No timezone override file found: /data/misc/zoneinfo/current/icu/icu_tzdata.dat
I/Radio-JNI(10155): register_android_hardware_Radio DONE
D/AndroidRuntime(10155): Calling main entry com.android.commands.appops.AppOpsCommand
D/AndroidRuntime(10155): Shutting down VM
D/AndroidRuntime(10179): >>>>>> START com.android.internal.os.RuntimeInit uid 2000 <<<<<<
D/AndroidRuntime(10179): CheckJNI is OFF
D/ICU     (10179): No timezone override file found: /data/misc/zoneinfo/current/icu/icu_tzdata.dat
I/Radio-JNI(10179): register_android_hardware_Radio DONE
D/AndroidRuntime(10179): Calling main entry com.android.commands.pm.Pm
I/art     (10179): System.exit called, status: 0
I/AndroidRuntime(10179): VM exiting with result code 0.
D/AndroidRuntime(10222): >>>>>> START com.android.internal.os.RuntimeInit uid 2000 <<<<<<
D/AndroidRuntime(10222): CheckJNI is OFF
D/ICU     (10222): No timezone override file found: /data/misc/zoneinfo/current/icu/icu_tzdata.dat
I/Radio-JNI(10222): register_android_hardware_Radio DONE
D/AndroidRuntime(10222): Calling main entry com.android.commands.pm.Pm
I/art     (10222): System.exit called, status: 0
I/AndroidRuntime(10222): VM exiting with result code 0.
D/WifiStateMachine(  924): starting scan for "xtc-ag"WPA_PSK with 5240,5180,5220,5200
I/ServiceManager(  563): Waiting for service AtCmdFwd...
I/ThermalEngine(  517): ACTION: GPU - Setting GPU[0] to 450000000
D/AndroidRuntime(10282): >>>>>> START com.android.internal.os.RuntimeInit uid 2000 <<<<<<
D/AndroidRuntime(10282): CheckJNI is OFF
D/ICU     (10282): No timezone override file found: /data/misc/zoneinfo/current/icu/icu_tzdata.dat
I/Radio-JNI(10282): register_android_hardware_Radio DONE
D/AndroidRuntime(10282): Calling main entry com.android.commands.input.Input
I/Input   (10282): injectKeyEvent: KeyEvent { action=ACTION_DOWN, keyCode=KEYCODE_BACK, scanCode=0, metaState=0, flags=0x0, repeatCount=0, eventTime=301740, downTime=301740, deviceId=-1, source=0x101 }
I/Input   (10282): injectKeyEvent: KeyEvent { action=ACTION_UP, keyCode=KEYCODE_BACK, scanCode=0, metaState=0, flags=0x0, repeatCount=0, eventTime=301740, downTime=301740, deviceId=-1, source=0x101 }
D/EmojiAltPhysicalKeyDetector( 3420): onKeyUp() : KeyEvent { action=ACTION_UP, keyCode=KEYCODE_BACK, scanCode=0, metaState=0, flags=0x0, repeatCount=0, eventTime=301740, downTime=301740, deviceId=-1, source=0x101 }
D/EmojiAltPhysicalKeyDetector( 3420): onKeyUp() : Disabled
D/AndroidRuntime(10282): Shutting down VM
I/ServiceManager(  563): Waiting for service AtCmdFwd...
I/ServiceManager(  563): Waiting for service AtCmdFwd...
I/ThermalEngine(  517): ACTION: GPU - Setting GPU[0] to 390000000
D/AndroidRuntime(10335): >>>>>> START com.android.internal.os.RuntimeInit uid 2000 <<<<<<
D/AndroidRuntime(10335): CheckJNI is OFF
D/ICU     (10335): No timezone override file found: /data/misc/zoneinfo/current/icu/icu_tzdata.dat
I/Radio-JNI(10335): register_android_hardware_Radio DONE
D/AndroidRuntime(10335): Calling main entry com.android.commands.input.Input
I/Input   (10335): injectKeyEvent: KeyEvent { action=ACTION_DOWN, keyCode=KEYCODE_HOME, scanCode=0, metaState=0, flags=0x0, repeatCount=0, eventTime=303651, downTime=303651, deviceId=-1, source=0x101 }
I/Input   (10335): injectKeyEvent: KeyEvent { action=ACTION_UP, keyCode=KEYCODE_HOME, scanCode=0, metaState=0, flags=0x0, repeatCount=0, eventTime=303651, downTime=303651, deviceId=-1, source=0x101 }
I/ActivityManager(  924): START u0 {act=android.intent.action.MAIN cat=[android.intent.category.HOME] flg=0x10200000 cmp=com.google.android.googlequicksearchbox/com.google.android.launcher.GEL (has extras)} from uid 1000 on display 0
D/AndroidRuntime(10335): Shutting down VM
I/GEL     ( 3593): handleIntent(Intent { act=android.intent.action.MAIN cat=[android.intent.category.HOME] flg=0x10200000 cmp=com.google.android.googlequicksearchbox/com.google.android.launcher.GEL (has extras) })
I/ServiceManager(  563): Waiting for service AtCmdFwd...
D/Finsky  ( 9579): [392] AppStatesReplicator.handleContentSyncResponse: Completed 0 account content syncs with 0 successful.
D/Finsky  ( 9579): [1] ContentSyncService$5.onFinished: Installation state replication succeeded.
D/AndroidRuntime(10368): >>>>>> START com.android.internal.os.RuntimeInit uid 2000 <<<<<<
D/AndroidRuntime(10368): CheckJNI is OFF
I/ServiceManager(  563): Waiting for service AtCmdFwd...
D/ICU     (10368): No timezone override file found: /data/misc/zoneinfo/current/icu/icu_tzdata.dat
I/Radio-JNI(10368): register_android_hardware_Radio DONE
D/AndroidRuntime(10368): Calling main entry com.android.commands.input.Input
I/Input   (10368): injectKeyEvent: KeyEvent { action=ACTION_DOWN, keyCode=KEYCODE_BACK, scanCode=0, metaState=0, flags=0x0, repeatCount=0, eventTime=305193, downTime=305193, deviceId=-1, source=0x101 }
I/Input   (10368): injectKeyEvent: KeyEvent { action=ACTION_UP, keyCode=KEYCODE_BACK, scanCode=0, metaState=0, flags=0x0, repeatCount=0, eventTime=305193, downTime=305193, deviceId=-1, source=0x101 }
D/EmojiAltPhysicalKeyDetector( 3420): onKeyUp() : KeyEvent { action=ACTION_UP, keyCode=KEYCODE_BACK, scanCode=0, metaState=0, flags=0x0, repeatCount=0, eventTime=305193, downTime=305193, deviceId=-1, source=0x101 }
D/EmojiAltPhysicalKeyDetector( 3420): onKeyUp() : Disabled
D/AndroidRuntime(10368): Shutting down VM
W/Atfwd_Sendcmd(  563): AtCmdFwd service not published, waiting... retryCnt : 5
D/AndroidRuntime(10403): >>>>>> START com.android.internal.os.RuntimeInit uid 2000 <<<<<<
D/AndroidRuntime(10403): CheckJNI is OFF
D/ICU     (10403): No timezone override file found: /data/misc/zoneinfo/current/icu/icu_tzdata.dat
I/Radio-JNI(10403): register_android_hardware_Radio DONE
D/AndroidRuntime(10403): Calling main entry com.android.commands.am.Am
I/ActivityManager(  924): Force stopping com.careerbuilder.SugarDrone appid=18936 user=0: start instr
I/ActivityManager(  924): Start proc 10421:com.careerbuilder.SugarDrone/u0a8936 for added application com.careerbuilder.SugarDrone
I/art     (10421): Late-enabling -Xcheck:jni
E/dex2oat (10435): Failed to create oat file: /data/dalvik-cache/arm/data@app@com.careerbuilder.SugarDrone.test-1@base.apk@classes.dex: Permission denied
I/dex2oat (10435): dex2oat took 598.438us (threads: 2) 
W/art     (10421): Failed execv(/system/bin/dex2oat --runtime-arg -classpath --runtime-arg  --instruction-set=arm --instruction-set-features=smp,div,-atomic_ldrd_strd --runtime-arg -Xrelocate --boot-image=/system/framework/boot.art --runtime-arg -Xms64m --runtime-arg -Xmx512m -j2 --instruction-set-variant=cortex-a7 --instruction-set-features=default --dex-file=/data/app/com.careerbuilder.SugarDrone.test-1/base.apk --oat-file=/data/dalvik-cache/arm/data@app@com.careerbuilder.SugarDrone.test-1@base.apk@classes.dex) because non-0 exit status
W/System  (10421): ClassLoader referenced unknown path: /data/app/com.careerbuilder.SugarDrone.test-1/lib/arm64
W/monodroid(10421): Using override path: /data/user/0/com.careerbuilder.SugarDrone/files/.__override__
W/monodroid(10421): Trying to load sgen from: /data/user/0/com.careerbuilder.SugarDrone/files/.__override__/libmonosgen-2.0.so
W/monodroid(10421): Trying to load sgen from: /storage/emulated/0/Android/data/com.careerbuilder.SugarDrone/files/.__override__/libmonosgen-2.0.so
W/monodroid(10421): Trying to load sgen from: /data/app/com.careerbuilder.SugarDrone-1/lib/arm/libmonosgen-2.0.so
D/Mono    (10421): Image addref mscorlib[0xef569020] -> mscorlib.dll[0xed0bbd00]: 2
D/Mono    (10421): Prepared to set up assembly 'mscorlib' (mscorlib.dll)
D/Mono    (10421): AOT module 'mscorlib.dll.so' not found: dlopen failed: library "/data/app/com.careerbuilder.SugarDrone-1/lib/arm/libaot-mscorlib.dll.so" not found
D/Mono    (10421): AOT module '/Users/builder/data/lanes/4009/f3074d2c/source/monodroid/builds/install/mono-armv6/lib/mono/aot-cache/arm/mscorlib.dll.so' not found: dlopen failed: library "/data/app/com.careerbuilder.SugarDrone-1/lib/arm/libaot-mscorlib.dll.so" not found
D/Mono    (10421): Config attempting to parse: 'mscorlib.dll.config'.
D/Mono    (10421): Config attempting to parse: '/Users/builder/data/lanes/4009/f3074d2c/source/monodroid/builds/install/mono-armv6/etc/mono/assemblies/mscorlib/mscorlib.config'.
D/Mono    (10421): Assembly mscorlib[0xef569020] added to domain RootDomain, ref_count=1
D/Mono    (10421): Image addref CareerBuilder_Search.Droid[0xef569080] -> CareerBuilder_Search.Droid.dll[0xed0bcc00]: 2
D/Mono    (10421): Prepared to set up assembly 'CareerBuilder_Search.Droid' (CareerBuilder_Search.Droid.dll)
D/Mono    (10421): Assembly CareerBuilder_Search.Droid[0xef569080] added to domain RootDomain, ref_count=1
D/Mono    (10421): AOT module 'CareerBuilder_Search.Droid.dll.so' not found: dlopen failed: library "/data/app/com.careerbuilder.SugarDrone-1/lib/arm/libaot-CareerBuilder_Search.Droid.dll.so" not found
D/Mono    (10421): AOT module '/Users/builder/data/lanes/4009/f3074d2c/source/monodroid/builds/install/mono-armv6/lib/mono/aot-cache/arm/CareerBuilder_Search.Droid.dll.so' not found: dlopen failed: library "/data/app/com.careerbuilder.SugarDrone-1/lib/arm/libaot-CareerBuilder_Search.Droid.dll.so" not found
D/Mono    (10421): Config attempting to parse: 'CareerBuilder_Search.Droid.dll.config'.
D/Mono    (10421): Config attempting to parse: '/Users/builder/data/lanes/4009/f3074d2c/source/monodroid/builds/install/mono-armv6/etc/mono/assemblies/CareerBuilder_Search.Droid/CareerBuilder_Search.Droid.config'.
D/Mono    (10421): Image addref AppsFlyerXamarinBindingAndroid[0xef5690e0] -> AppsFlyerXamarinBindingAndroid.dll[0xf5236f00]: 2
D/Mono    (10421): Prepared to set up assembly 'AppsFlyerXamarinBindingAndroid' (AppsFlyerXamarinBindingAndroid.dll)
D/Mono    (10421): Assembly AppsFlyerXamarinBindingAndroid[0xef5690e0] added to domain RootDomain, ref_count=1
D/Mono    (10421): AOT module 'AppsFlyerXamarinBindingAndroid.dll.so' not found: dlopen failed: library "/data/app/com.careerbuilder.SugarDrone-1/lib/arm/libaot-AppsFlyerXamarinBindingAndroid.dll.so" not found
D/Mono    (10421): AOT module '/Users/builder/data/lanes/4009/f3074d2c/source/monodroid/builds/install/mono-armv6/lib/mono/aot-cache/arm/AppsFlyerXamarinBindingAndroid.dll.so' not found: dlopen failed: library "/data/app/com.careerbuilder.SugarDrone-1/lib/arm/libaot-AppsFlyerXamarinBindingAndroid.dll.so" not found
D/Mono    (10421): Config attempting to parse: 'AppsFlyerXamarinBindingAndroid.dll.config'.
D/Mono    (10421): Config attempting to parse: '/Users/builder/data/lanes/4009/f3074d2c/source/monodroid/builds/install/mono-armv6/etc/mono/assemblies/AppsFlyerXamarinBindingAndroid/AppsFlyerXamarinBindingAndroid.config'.
D/Mono    (10421): Image addref HockeySDK[0xef569140] -> HockeySDK.dll[0xf5237400]: 2
D/Mono    (10421): Prepared to set up assembly 'HockeySDK' (HockeySDK.dll)
D/Mono    (10421): Assembly HockeySDK[0xef569140] added to domain RootDomain, ref_count=1
D/Mono    (10421): AOT module 'HockeySDK.dll.so' not found: dlopen failed: library "/data/app/com.careerbuilder.SugarDrone-1/lib/arm/libaot-HockeySDK.dll.so" not found
D/Mono    (10421): AOT module '/Users/builder/data/lanes/4009/f3074d2c/source/monodroid/builds/install/mono-armv6/lib/mono/aot-cache/arm/HockeySDK.dll.so' not found: dlopen failed: library "/data/app/com.careerbuilder.SugarDrone-1/lib/arm/libaot-HockeySDK.dll.so" not found
D/Mono    (10421): Config attempting to parse: 'HockeySDK.dll.config'.
D/Mono    (10421): Config attempting to parse: '/Users/builder/data/lanes/4009/f3074d2c/source/monodroid/builds/install/mono-armv6/etc/mono/assemblies/HockeySDK/HockeySDK.config'.
D/Mono    (10421): Image addref Akavache[0xef5691a0] -> Akavache.dll[0xf5237900]: 2
D/Mono    (10421): Prepared to set up assembly 'Akavache' (Akavache.dll)
D/Mono    (10421): Assembly Akavache[0xef5691a0] added to domain RootDomain, ref_count=1
D/Mono    (10421): AOT module 'Akavache.dll.so' not found: dlopen failed: library "/data/app/com.careerbuilder.SugarDrone-1/lib/arm/libaot-Akavache.dll.so" not found
D/Mono    (10421): AOT module '/Users/builder/data/lanes/4009/f3074d2c/source/monodroid/builds/install/mono-armv6/lib/mono/aot-cache/arm/Akavache.dll.so' not found: dlopen failed: library "/data/app/com.careerbuilder.SugarDrone-1/lib/arm/libaot-Akavache.dll.so" not found
D/Mono    (10421): Config attempting to parse: 'Akavache.dll.config'.
D/Mono    (10421): Config attempting to parse: '/Users/builder/data/lanes/4009/f3074d2c/source/monodroid/builds/install/mono-armv6/etc/mono/assemblies/Akavache/Akavache.config'.
D/Mono    (10421): Image addref Akavache.Sqlite3[0xef569200] -> Akavache.Sqlite3.dll[0xeb960000]: 2
D/Mono    (10421): Prepared to set up assembly 'Akavache.Sqlite3' (Akavache.Sqlite3.dll)
D/Mono    (10421): Assembly Akavache.Sqlite3[0xef569200] added to domain RootDomain, ref_count=1
D/Mono    (10421): AOT module 'Akavache.Sqlite3.dll.so' not found: dlopen failed: library "/data/app/com.careerbuilder.SugarDrone-1/lib/arm/libaot-Akavache.Sqlite3.dll.so" not found
D/Mono    (10421): AOT module '/Users/builder/data/lanes/4009/f3074d2c/source/monodroid/builds/install/mono-armv6/lib/mono/aot-cache/arm/Akavache.Sqlite3.dll.so' not found: dlopen failed: library "/data/app/com.careerbuilder.SugarDrone-1/lib/arm/libaot-Akavache.Sqlite3.dll.so" not found
W/        (10421): Symbol file LoadedFromMemory doesn't match image Akavache.Sqlite3.dll
D/Mono    (10421): Config attempting to parse: 'Akavache.Sqlite3.dll.config'.
D/Mono    (10421): Config attempting to parse: '/Users/builder/data/lanes/4009/f3074d2c/source/monodroid/builds/install/mono-armv6/etc/mono/assemblies/Akavache.Sqlite3/Akavache.Sqlite3.config'.
D/Mono    (10421): Image addref Splat[0xef569260] -> Splat.dll[0xeb960500]: 2
D/Mono    (10421): Prepared to set up assembly 'Splat' (Splat.dll)
D/Mono    (10421): Assembly Splat[0xef569260] added to domain RootDomain, ref_count=1
D/Mono    (10421): AOT module 'Splat.dll.so' not found: dlopen failed: library "/data/app/com.careerbuilder.SugarDrone-1/lib/arm/libaot-Splat.dll.so" not found
D/Mono    (10421): AOT module '/Users/builder/data/lanes/4009/f3074d2c/source/monodroid/builds/install/mono-armv6/lib/mono/aot-cache/arm/Splat.dll.so' not found: dlopen failed: library "/data/app/com.careerbuilder.SugarDrone-1/lib/arm/libaot-Splat.dll.so" not found
D/Mono    (10421): Config attempting to parse: 'Splat.dll.config'.
D/Mono    (10421): Config attempting to parse: '/Users/builder/data/lanes/4009/f3074d2c/source/monodroid/builds/install/mono-armv6/etc/mono/assemblies/Splat/Splat.config'.
D/Mono    (10421): Image addref Microsoft.Practices.ServiceLocation[0xef569440] -> Microsoft.Practices.ServiceLocation.dll[0xeb960a00]: 2
D/Mono    (10421): Prepared to set up assembly 'Microsoft.Practices.ServiceLocation' (Microsoft.Practices.ServiceLocation.dll)
D/Mono    (10421): Assembly Microsoft.Practices.ServiceLocation[0xef569440] added to domain RootDomain, ref_count=1
D/Mono    (10421): AOT module 'Microsoft.Practices.ServiceLocation.dll.so' not found: dlopen failed: library "/data/app/com.careerbuilder.SugarDrone-1/lib/arm/libaot-Microsoft.Practices.ServiceLocation.dll.so" not found
D/Mono    (10421): AOT module '/Users/builder/data/lanes/4009/f3074d2c/source/monodroid/builds/install/mono-armv6/lib/mono/aot-cache/arm/Microsoft.Practices.ServiceLocation.dll.so' not found: dlopen failed: library "/data/app/com.careerbuilder.SugarDrone-1/lib/arm/libaot-Microsoft.Practices.ServiceLocation.dll.so" not found
D/Mono    (10421): Config attempting to parse: 'Microsoft.Practices.ServiceLocation.dll.config'.
D/Mono    (10421): Config attempting to parse: '/Users/builder/data/lanes/4009/f3074d2c/source/monodroid/builds/install/mono-armv6/etc/mono/assemblies/Microsoft.Practices.ServiceLocation/Microsoft.Practices.ServiceLocation.config'.
D/Mono    (10421): Image addref Microsoft.Practices.Unity[0xef5694a0] -> Microsoft.Practices.Unity.dll[0xeb960f00]: 2
D/Mono    (10421): Prepared to set up assembly 'Microsoft.Practices.Unity' (Microsoft.Practices.Unity.dll)
D/Mono    (10421): Assembly Microsoft.Practices.Unity[0xef5694a0] added to domain RootDomain, ref_count=1
D/Mono    (10421): AOT module 'Microsoft.Practices.Unity.dll.so' not found: dlopen failed: library "/data/app/com.careerbuilder.SugarDrone-1/lib/arm/libaot-Microsoft.Practices.Unity.dll.so" not found
D/Mono    (10421): AOT module '/Users/builder/data/lanes/4009/f3074d2c/source/monodroid/builds/install/mono-armv6/lib/mono/aot-cache/arm/Microsoft.Practices.Unity.dll.so' not found: dlopen failed: library "/data/app/com.careerbuilder.SugarDrone-1/lib/arm/libaot-Microsoft.Practices.Unity.dll.so" not found
D/Mono    (10421): Config attempting to parse: 'Microsoft.Practices.Unity.dll.config'.
D/Mono    (10421): Config attempting to parse: '/Users/builder/data/lanes/4009/f3074d2c/source/monodroid/builds/install/mono-armv6/etc/mono/assemblies/Microsoft.Practices.Unity/Microsoft.Practices.Unity.config'.
D/Mono    (10421): Image addref Plugin.CurrentActivity[0xef569500] -> Plugin.CurrentActivity.dll[0xeb961400]: 2
D/Mono    (10421): Prepared to set up assembly 'Plugin.CurrentActivity' (Plugin.CurrentActivity.dll)
D/Mono    (10421): Assembly Plugin.CurrentActivity[0xef569500] added to domain RootDomain, ref_count=1
D/Mono    (10421): AOT module 'Plugin.CurrentActivity.dll.so' not found: dlopen failed: library "/data/app/com.careerbuilder.SugarDrone-1/lib/arm/libaot-Plugin.CurrentActivity.dll.so" not found
D/Mono    (10421): AOT module '/Users/builder/data/lanes/4009/f3074d2c/source/monodroid/builds/install/mono-armv6/lib/mono/aot-cache/arm/Plugin.CurrentActivity.dll.so' not found: dlopen failed: library "/data/app/com.careerbuilder.SugarDrone-1/lib/arm/libaot-Plugin.CurrentActivity.dll.so" not found
D/Mono    (10421): Config attempting to parse: 'Plugin.CurrentActivity.dll.config'.
D/Mono    (10421): Config attempting to parse: '/Users/builder/data/lanes/4009/f3074d2c/source/monodroid/builds/install/mono-armv6/etc/mono/assemblies/Plugin.CurrentActivity/Plugin.CurrentActivity.config'.
D/Mono    (10421): Image addref Plugin.Permissions[0xef569560] -> Plugin.Permissions.dll[0xeb961900]: 2
D/Mono    (10421): Prepared to set up assembly 'Plugin.Permissions' (Plugin.Permissions.dll)
D/Mono    (10421): Assembly Plugin.Permissions[0xef569560] added to domain RootDomain, ref_count=1
D/Mono    (10421): AOT module 'Plugin.Permissions.dll.so' not found: dlopen failed: library "/data/app/com.careerbuilder.SugarDrone-1/lib/arm/libaot-Plugin.Permissions.dll.so" not found
D/Mono    (10421): AOT module '/Users/builder/data/lanes/4009/f3074d2c/source/monodroid/builds/install/mono-armv6/lib/mono/aot-cache/arm/Plugin.Permissions.dll.so' not found: dlopen failed: library "/data/app/com.careerbuilder.SugarDrone-1/lib/arm/libaot-Plugin.Permissions.dll.so" not found
D/Mono    (10421): Config attempting to parse: 'Plugin.Permissions.dll.config'.
D/Mono    (10421): Config attempting to parse: '/Users/builder/data/lanes/4009/f3074d2c/source/monodroid/builds/install/mono-armv6/etc/mono/assemblies/Plugin.Permissions/Plugin.Permissions.config'.
D/Mono    (10421): Image addref Plugin.Permissions.Abstractions[0xef5695c0] -> Plugin.Permissions.Abstractions.dll[0xeb961e00]: 2
D/Mono    (10421): Prepared to set up assembly 'Plugin.Permissions.Abstractions' (Plugin.Permissions.Abstractions.dll)
D/Mono    (10421): Assembly Plugin.Permissions.Abstractions[0xef5695c0] added to domain RootDomain, ref_count=1
D/Mono    (10421): AOT module 'Plugin.Permissions.Abstractions.dll.so' not found: dlopen failed: library "/data/app/com.careerbuilder.SugarDrone-1/lib/arm/libaot-Plugin.Permissions.Abstractions.dll.so" not found
D/Mono    (10421): AOT module '/Users/builder/data/lanes/4009/f3074d2c/source/monodroid/builds/install/mono-armv6/lib/mono/aot-cache/arm/Plugin.Permissions.Abstractions.dll.so' not found: dlopen failed: library "/data/app/com.careerbuilder.SugarDrone-1/lib/arm/libaot-Plugin.Permissions.Abstractions.dll.so" not found
D/Mono    (10421): Config attempting to parse: 'Plugin.Permissions.Abstractions.dll.config'.
D/Mono    (10421): Config attempting to parse: '/Users/builder/data/lanes/4009/f3074d2c/source/monodroid/builds/install/mono-armv6/etc/mono/assemblies/Plugin.Permissions.Abstractions/Plugin.Permissions.Abstractions.config'.
D/Mono    (10421): Image addref Plugin.Geolocator[0xef569620] -> Plugin.Geolocator.dll[0xeb962300]: 2
D/Mono    (10421): Prepared to set up assembly 'Plugin.Geolocator' (Plugin.Geolocator.dll)
D/Mono    (10421): Assembly Plugin.Geolocator[0xef569620] added to domain RootDomain, ref_count=1
D/Mono    (10421): AOT module 'Plugin.Geolocator.dll.so' not found: dlopen failed: library "/data/app/com.careerbuilder.SugarDrone-1/lib/arm/libaot-Plugin.Geolocator.dll.so" not found
D/Mono    (10421): AOT module '/Users/builder/data/lanes/4009/f3074d2c/source/monodroid/builds/install/mono-armv6/lib/mono/aot-cache/arm/Plugin.Geolocator.dll.so' not found: dlopen failed: library "/data/app/com.careerbuilder.SugarDrone-1/lib/arm/libaot-Plugin.Geolocator.dll.so" not found
D/Mono    (10421): Config attempting to parse: 'Plugin.Geolocator.dll.config'.
D/Mono    (10421): Config attempting to parse: '/Users/builder/data/lanes/4009/f3074d2c/source/monodroid/builds/install/mono-armv6/etc/mono/assemblies/Plugin.Geolocator/Plugin.Geolocator.config'.
D/Mono    (10421): Image addref Plugin.Geolocator.Abstractions[0xef569680] -> Plugin.Geolocator.Abstractions.dll[0xeb962800]: 2
D/Mono    (10421): Prepared to set up assembly 'Plugin.Geolocator.Abstractions' (Plugin.Geolocator.Abstractions.dll)
D/Mono    (10421): Assembly Plugin.Geolocator.Abstractions[0xef569680] added to domain RootDomain, ref_count=1
D/Mono    (10421): AOT module 'Plugin.Geolocator.Abstractions.dll.so' not found: dlopen failed: library "/data/app/com.careerbuilder.SugarDrone-1/lib/arm/libaot-Plugin.Geolocator.Abstractions.dll.so" not found
D/Mono    (10421): AOT module '/Users/builder/data/lanes/4009/f3074d2c/source/monodroid/builds/install/mono-armv6/lib/mono/aot-cache/arm/Plugin.Geolocator.Abstractions.dll.so' not found: dlopen failed: library "/data/app/com.careerbuilder.SugarDrone-1/lib/arm/libaot-Plugin.Geolocator.Abstractions.dll.so" not found
D/Mono    (10421): Config attempting to parse: 'Plugin.Geolocator.Abstractions.dll.config'.
D/Mono    (10421): Config attempting to parse: '/Users/builder/data/lanes/4009/f3074d2c/source/monodroid/builds/install/mono-armv6/etc/mono/assemblies/Plugin.Geolocator.Abstractions/Plugin.Geolocator.Abstractions.config'.
D/Mono    (10421): Image addref Plugin.DeviceInfo[0xef5696e0] -> Plugin.DeviceInfo.dll[0xeb962d00]: 2
D/Mono    (10421): Prepared to set up assembly 'Plugin.DeviceInfo' (Plugin.DeviceInfo.dll)
D/Mono    (10421): Assembly Plugin.DeviceInfo[0xef5696e0] added to domain RootDomain, ref_count=1
D/Mono    (10421): AOT module 'Plugin.DeviceInfo.dll.so' not found: dlopen failed: library "/data/app/com.careerbuilder.SugarDrone-1/lib/arm/libaot-Plugin.DeviceInfo.dll.so" not found
D/Mono    (10421): AOT module '/Users/builder/data/lanes/4009/f3074d2c/source/monodroid/builds/install/mono-armv6/lib/mono/aot-cache/arm/Plugin.DeviceInfo.dll.so' not found: dlopen failed: library "/data/app/com.careerbuilder.SugarDrone-1/lib/arm/libaot-Plugin.DeviceInfo.dll.so" not found
D/Mono    (10421): Config attempting to parse: 'Plugin.DeviceInfo.dll.config'.
D/Mono    (10421): Config attempting to parse: '/Users/builder/data/lanes/4009/f3074d2c/source/monodroid/builds/install/mono-armv6/etc/mono/assemblies/Plugin.DeviceInfo/Plugin.DeviceInfo.config'.
D/Mono    (10421): Image addref Plugin.DeviceInfo.Abstractions[0xef569740] -> Plugin.DeviceInfo.Abstractions.dll[0xeb963200]: 2
D/Mono    (10421): Prepared to set up assembly 'Plugin.DeviceInfo.Abstractions' (Plugin.DeviceInfo.Abstractions.dll)
D/Mono    (10421): Assembly Plugin.DeviceInfo.Abstractions[0xef569740] added to domain RootDomain, ref_count=1
D/Mono    (10421): AOT module 'Plugin.DeviceInfo.Abstractions.dll.so' not found: dlopen failed: library "/data/app/com.careerbuilder.SugarDrone-1/lib/arm/libaot-Plugin.DeviceInfo.Abstractions.dll.so" not found
D/Mono    (10421): AOT module '/Users/builder/data/lanes/4009/f3074d2c/source/monodroid/builds/install/mono-armv6/lib/mono/aot-cache/arm/Plugin.DeviceInfo.Abstractions.dll.so' not found: dlopen failed: library "/data/app/com.careerbuilder.SugarDrone-1/lib/arm/libaot-Plugin.DeviceInfo.Abstractions.dll.so" not found
D/Mono    (10421): Config attempting to parse: 'Plugin.DeviceInfo.Abstractions.dll.config'.
D/Mono    (10421): Config attempting to parse: '/Users/builder/data/lanes/4009/f3074d2c/source/monodroid/builds/install/mono-armv6/etc/mono/assemblies/Plugin.DeviceInfo.Abstractions/Plugin.DeviceInfo.Abstractions.config'.
D/Mono    (10421): Image addref Xamarin.GooglePlayServices.Analytics[0xef5697a0] -> Xamarin.GooglePlayServices.Analytics.dll[0xeb963700]: 2
D/Mono    (10421): Prepared to set up assembly 'Xamarin.GooglePlayServices.Analytics' (Xamarin.GooglePlayServices.Analytics.dll)
D/Mono    (10421): Assembly Xamarin.GooglePlayServices.Analytics[0xef5697a0] added to domain RootDomain, ref_count=1
D/Mono    (10421): AOT module 'Xamarin.GooglePlayServices.Analytics.dll.so' not found: dlopen failed: library "/data/app/com.careerbuilder.SugarDrone-1/lib/arm/libaot-Xamarin.GooglePlayServices.Analytics.dll.so" not found
