<![CDATA[D/ConnectivityService(  924): notifyType CAP_CHANGED for NetworkAgentInfo [WIFI () - 100]

]]><xtc-scenario name="[0-1142]CareerBuilder_Search.DroidFeatureTests.ApplyTests.PhoneScreenerInvalidPhoneShowsWhenPressingApplyAndFieldIsNotAPhone" id="[0-1142]CareerBuilder_Search.DroidFeatureTests.ApplyTests.PhoneScreenerInvalidPhoneShowsWhenPressingApplyAndFieldIsNotAPhone"><![CDATA[
I/ActivityManager(  924): Killing 7398:com.google.android.apps.gcs/u0a11 (adj 15): empty #17

]]><xtc-step name="[0-1142]CareerBuilder_Search.DroidFeatureTests.ApplyTests.PhoneScreenerInvalidPhoneShowsWhenPressingApplyAndFieldIsNotAPhone-PhoneScreenerInvalidPhoneShowsWhenPressingApplyAndFieldIsNotAPhone" id="[0-1142]CareerBuilder_Search.DroidFeatureTests.ApplyTests.PhoneScreenerInvalidPhoneShowsWhenPressingApplyAndFieldIsNotAPhone-PhoneScreenerInvalidPhoneShowsWhenPressingApplyAndFieldIsNotAPhone"><![CDATA[
D/AndroidRuntime( 8379): >>>>>> START com.android.internal.os.RuntimeInit uid 2000 <<<<<<
D/AndroidRuntime( 8379): CheckJNI is OFF
D/ICU     ( 8379): No timezone override file found: /data/misc/zoneinfo/current/icu/icu_tzdata.dat
I/Radio-JNI( 8379): register_android_hardware_Radio DONE
D/AndroidRuntime( 8379): Calling main entry com.android.commands.pm.Pm
I/art     ( 8379): System.exit called, status: 0
I/AndroidRuntime( 8379): VM exiting with result code 0.
W/SQLiteConnectionPool( 4425): A SQLiteConnection object for database '/data/user/0/com.google.android.gms/databases/networkstatistics.sqlite' was leaked!  Please fix your application to end transactions in progress properly and to close the database when it is no longer needed.
I/Atfwd_Sendcmd(  609): AtCmdFwd service not ready - Exhausted retry attempts - :6
I/Atfwd_Daemon(  609): result : -1 	 ,Init step :2 	 ,qmiErrorCode: 0
I/ThermalEngine(  517): ACTION: GPU - Setting GPU[0] to 510000000
I/ServiceManager(  609): Waiting for service AtCmdFwd...
I/ServiceManager(  609): Waiting for service AtCmdFwd...
I/ServiceManager(  609): Waiting for service AtCmdFwd...
D/ConnectivityService(  924): notifyType CAP_CHANGED for NetworkAgentInfo [WIFI () - 100]
D/WifiStateMachine(  924): starting scan for "xtc-ag"WPA_PSK with 5240,5180,5220,5200
I/ServiceManager(  609): Waiting for service AtCmdFwd...
I/ServiceManager(  609): Waiting for service AtCmdFwd...
W/Atfwd_Sendcmd(  609): AtCmdFwd service not published, waiting... retryCnt : 1
D/ConnectivityService(  924): notifyType CAP_CHANGED for NetworkAgentInfo [WIFI () - 100]
D/NetlinkSocketObserver(  924): NeighborEvent{elapsedMs=235840, 10.22.0.1, [B0FAEB975089], RTM_NEWNEIGH, NUD_STALE}
I/Keyboard.Facilitator.LanguageModelFlusher( 3529): run()
I/Keyboard.Facilitator( 3529): flushDynamicLanguageModels()
I/ServiceManager(  609): Waiting for service AtCmdFwd...
I/ServiceManager(  609): Waiting for service AtCmdFwd...
I/ServiceManager(  609): Waiting for service AtCmdFwd...
I/ServiceManager(  609): Waiting for service AtCmdFwd...
I/ServiceManager(  609): Waiting for service AtCmdFwd...
W/Atfwd_Sendcmd(  609): AtCmdFwd service not published, waiting... retryCnt : 2
D/ConnectivityService(  924): notifyType CAP_CHANGED for NetworkAgentInfo [WIFI () - 100]
I/ServiceManager(  609): Waiting for service AtCmdFwd...
I/ServiceManager(  609): Waiting for service AtCmdFwd...
W/ip      ( 9033): type=1400 audit(0.0:75): avc: denied { search } for name="net" dev="dm-2" ino=3440648 scontext=u:r:shell:s0 tcontext=u:object_r:net_data_file:s0 tclass=dir permissive=0
I/ServiceManager(  609): Waiting for service AtCmdFwd...
I/ServiceManager(  609): Waiting for service AtCmdFwd...
I/ThermalEngine(  517): ACTION: GPU - Setting GPU[0] to 450000000
I/ServiceManager(  609): Waiting for service AtCmdFwd...
D/AndroidRuntime( 9093): >>>>>> START com.android.internal.os.RuntimeInit uid 2000 <<<<<<
D/AndroidRuntime( 9093): CheckJNI is OFF
D/ICU     ( 9093): No timezone override file found: /data/misc/zoneinfo/current/icu/icu_tzdata.dat
I/Radio-JNI( 9093): register_android_hardware_Radio DONE
D/AndroidRuntime( 9093): Calling main entry com.android.commands.am.Am
W/ActivityManager(  924): Invalid packageName: com.careerbuilder.SugarDrone
D/AndroidRuntime( 9093): Shutting down VM
W/Atfwd_Sendcmd(  609): AtCmdFwd service not published, waiting... retryCnt : 3
I/ThermalEngine(  517): ACTION: GPU - Setting GPU[0] to 510000000
I/ThermalEngine(  517): ACTION: GPU - Setting GPU[0] to 450000000
D/ConnectivityService(  924): notifyType CAP_CHANGED for NetworkAgentInfo [WIFI () - 100]
D/ConnectivityService(  924): notifyType CAP_CHANGED for NetworkAgentInfo [WIFI () - 100]
D/NetlinkSocketObserver(  924): NeighborEvent{elapsedMs=271150, 10.22.0.1, [B0FAEB975089], RTM_NEWNEIGH, NUD_REACHABLE}
D/WifiStateMachine(  924): starting scan for "xtc-ag"WPA_PSK with 5240,5180,5220,5200
I/ServiceManager(  609): Waiting for service AtCmdFwd...
I/ServiceManager(  609): Waiting for service AtCmdFwd...
I/ServiceManager(  609): Waiting for service AtCmdFwd...
I/ServiceManager(  609): Waiting for service AtCmdFwd...
I/ServiceManager(  609): Waiting for service AtCmdFwd...
W/Atfwd_Sendcmd(  609): AtCmdFwd service not published, waiting... retryCnt : 4
D/AndroidRuntime( 9492): >>>>>> START com.android.internal.os.RuntimeInit uid 2000 <<<<<<
D/AndroidRuntime( 9492): CheckJNI is OFF
D/ICU     ( 9492): No timezone override file found: /data/misc/zoneinfo/current/icu/icu_tzdata.dat
I/Radio-JNI( 9492): register_android_hardware_Radio DONE
D/AndroidRuntime( 9492): Calling main entry com.android.commands.pm.Pm
I/ActivityManager(  924): Start proc 9510:com.android.defcontainer/u0a7 for service com.android.defcontainer/.DefaultContainerService
D/DefContainer( 9510): Copying /data/local/tmp/0000004786 to base.apk
I/PackageManager.DexOptimizer(  924): Running dexopt (dex2oat) on: /data/app/vmdl1511645937.tmp/base.apk pkg=com.careerbuilder.SugarDrone isa=arm vmSafeMode=false debuggable=true oatDir = /data/app/vmdl1511645937.tmp/oat bootComplete=true
I/dex2oat ( 9549): /system/bin/dex2oat -j2 --debuggable
W/dex2oat ( 9549): Before Android 4.1, method android.graphics.PorterDuffColorFilter android.support.graphics.drawable.VectorDrawableCompat.updateTintFilter(android.graphics.PorterDuffColorFilter, android.content.res.ColorStateList, android.graphics.PorterDuff$Mode) would have incorrectly overridden the package-private method in android.graphics.drawable.Drawable
W/dex2oat ( 9549): Before Android 4.1, method int android.support.v7.widget.ListViewCompat.lookForSelectablePosition(int, boolean) would have incorrectly overridden the package-private method in android.widget.ListView
I/dex2oat ( 9549): dex2oat took 4.629s (threads: 2) arena alloc=518KB java alloc=5MB native alloc=20MB free=2MB
W/PackageManager(  924): Not granting permission android.permission.MANAGE_DOCUMENTS to package com.careerbuilder.SugarDrone (protectionLevel=2 flags=0x3808be46)
W/PackageManager(  924): Not granting permission android.permission.MOUNT_UNMOUNT_FILESYSTEMS to package com.careerbuilder.SugarDrone (protectionLevel=18 flags=0x3808be46)
V/BackupManagerService(  924): restoreAtInstall pkg=com.careerbuilder.SugarDrone token=5 restoreSet=0
V/BackupManagerService(  924): Finishing install immediately
I/ThermalEngine(  517): ACTION: GPU - Setting GPU[0] to 390000000
W/Settings(  924): Setting install_non_market_apps has moved from android.provider.Settings.Global to android.provider.Settings.Secure, returning read-only value.
I/art     (  924): Starting a blocking GC Explicit
I/art     (  924): Explicit concurrent mark sweep GC freed 25005(1685KB) AllocSpace objects, 4(80KB) LOS objects, 33% free, 30MB/45MB, paused 1.753ms total 94.920ms
I/art     ( 9492): System.exit called, status: 0
I/AndroidRuntime( 9492): VM exiting with result code 0.
I/InputReader(  924): Reconfiguring input devices.  changes=0x00000010
I/ActivityManager(  924): Start proc 9630:com.google.android.partnersetup/u0a18 for broadcast com.google.android.partnersetup/.RlzPingBroadcastReceiver
D/CarrierServiceBindHelper( 3668): Receive action: android.intent.action.PACKAGE_ADDED
D/CarrierServiceBindHelper( 3668): mHandler: 3
D/CarrierConfigLoader( 3668): mHandler: 9 phoneId: 0
W/System  ( 9630): ClassLoader referenced unknown path: /system/priv-app/GooglePartnerSetup/lib/arm64
I/ActivityManager(  924): Start proc 9648:com.android.musicfx/u0a21 for broadcast com.android.musicfx/.Compatibility$Receiver
W/System  ( 9648): ClassLoader referenced unknown path: /system/priv-app/MusicFX/lib/arm64
I/ActivityManager(  924): Killing 7555:com.android.sdm.plugins.sprintdm/1001 (adj 15): empty #17
I/ActivityManager(  924): Start proc 9670:com.android.vending/u0a22 for broadcast com.android.vending/com.google.android.finsky.receivers.PackageMonitorReceiver$RegisteredReceiver
I/ActivityManager(  924): Killing 7573:com.android.chrome/u0a39 (adj 15): empty #17
W/System  ( 9670): ClassLoader referenced unknown path: /system/priv-app/Phonesky/lib/arm64
W/Finsky  ( 9670): [1] FinskyApp.getCurrentAccount: No account configured on this device.
D/WifiStateMachine(  924): starting scan for "xtc-ag"WPA_PSK with 5240,5180,5220,5200
D/Finsky  ( 9670): [1] FinskyApp.onCreate: Initializing network with DFE https://android.clients.google.com/fdfe/
W/Finsky  ( 9670): [1] FinskyApp.getCurrentAccount: No account configured on this device.
W/Finsky  ( 9670): [1] FinskyApp.getCurrentAccount: No account configured on this device.
W/Finsky  ( 9670): [1] FinskyApp.getCurrentAccount: No account configured on this device.
W/Finsky  ( 9670): [1] FinskyApp.getCurrentAccount: No account configured on this device.
W/Finsky  ( 9670): [1] FinskyApp.getCurrentAccount: No account configured on this device.
W/Finsky  ( 9670): [1] FinskyApp.getCurrentAccount: No account configured on this device.
W/Finsky  ( 9670): [1] FinskyApp.getCurrentAccount: No account configured on this device.
D/Finsky  ( 9670): [1] DailyHygiene.goMakeHygieneIfDirty: No need to run daily hygiene.
W/Settings( 9670): Setting download_manager_max_bytes_over_mobile has moved from android.provider.Settings.Secure to android.provider.Settings.Global.
W/Settings( 9670): Setting download_manager_recommended_max_bytes_over_mobile has moved from android.provider.Settings.Secure to android.provider.Settings.Global.
W/Finsky  ( 9670): [1] FinskyApp.getCurrentAccount: No account configured on this device.
W/Finsky  ( 9670): [1] FinskyApp.getCurrentAccount: No account configured on this device.
W/Finsky  ( 9670): [1] FinskyApp.getDfeApi: No account configured on this device.
W/Finsky  ( 9670): [1] FinskyApp.getCurrentAccount: No account configured on this device.
D/Finsky  ( 9670): [1] ExternalReferrer.access$200: Package state data is missing for com.careerbuilder.SugarDrone
I/ActivityManager(  924): Start proc 9708:com.google.android.apps.docs/u0a43 for broadcast com.google.android.apps.docs/.receivers.AppPackageAddRemoveReceiver
I/UpdateIcingCorporaServi( 5799): Updating corpora: APPS=com.careerbuilder.SugarDrone, CONTACTS=MAYBE
D/Ads     ( 9670): Skipping gmscore version check
W/System  ( 9708): ClassLoader referenced unknown path: /system/app/Drive/lib/arm64
W/IcingInternalCorpora( 4425): getNumBytesRead when not calculated.
D/AndroidRuntime( 9662): >>>>>> START com.android.internal.os.RuntimeInit uid 2000 <<<<<<
D/AndroidRuntime( 9662): CheckJNI is OFF
I/UpdateIcingCorporaServi( 5799): UpdateCorporaTask done [took 247 ms] updated apps [took 247 ms] 
D/ICU     ( 9662): No timezone override file found: /data/misc/zoneinfo/current/icu/icu_tzdata.dat
I/Radio-JNI( 9662): register_android_hardware_Radio DONE
D/Finsky  ( 9670): [1] GmsCoreHelper.cleanupNlp: result=false type=4
I/Icing   ( 4425): Usage reports 0 indexed 0 rejected 0 imm upload true
W/Finsky  ( 9670): [1] FinskyApp.getCurrentAccount: No account configured on this device.
W/Finsky  ( 9670): [1] FinskyApp.getCurrentAccount: No account configured on this device.
D/AndroidRuntime( 9662): Calling main entry com.android.commands.settings.SettingsCmd
D/AndroidRuntime( 9662): Shutting down VM
D/Finsky  ( 9670): [1] RestoreTracker.stopServiceIfDone: Restore complete with 0 success and 0 failed.
I/GAv4    ( 9708): Google Analytics 7.8.95 is starting up. To enable debug logging on a device run:
I/GAv4    ( 9708):   adb shell setprop log.tag.GAv4 DEBUG
I/GAv4    ( 9708):   adb logcat -s GAv4
W/GAv4    ( 9708): AnalyticsReceiver is not registered or is disabled. Register the receiver for reliable dispatching on non-Google Play devices. See http://goo.gl/8Rd3yj for instructions.
W/GAv4    ( 9708): CampaignTrackingReceiver is not registered, not exported or is disabled. Installation campaign tracking is not possible. See http://goo.gl/8Rd3yj for instructions.
W/AnalyticsTrackerProxyImpl( 9708): Analytics setup for ID UA-21125203-2, app name Drive, version 2.3.327.05.46
W/GAv4    ( 9708): AnalyticsService not registered in the app manifest. Hits might not be delivered reliably. See http://goo.gl/8Rd3yj for instructions.
I/ActivityManager(  924): Killing 7718:com.google.android.gms.unstable/u0a12 (adj 15): empty #17
D/Wear_Controller( 4425): Received broadcast action=android.intent.action.PACKAGE_ADDED and uri=com.careerbuilder.SugarDrone
I/PeopleContactsSync( 4425): triggerPendingContactsCleanup: no accounts
I/Icing   ( 4425): Usage reports 0 indexed 0 rejected 0 imm upload false
I/Icing   ( 4425): Usage reports 0 indexed 0 rejected 0 imm upload false
I/Icing   ( 4425): Indexing 28F82D1719B878795C499362459A54C53C07CE39 from com.google.android.googlequicksearchbox
D/AndroidRuntime( 9747): >>>>>> START com.android.internal.os.RuntimeInit uid 2000 <<<<<<
D/AndroidRuntime( 9747): CheckJNI is OFF
D/ICU     ( 9747): No timezone override file found: /data/misc/zoneinfo/current/icu/icu_tzdata.dat
I/Radio-JNI( 9747): register_android_hardware_Radio DONE
D/AndroidRuntime( 9747): Calling main entry com.android.commands.settings.SettingsCmd
D/AndroidRuntime( 9747): Shutting down VM
I/Icing   ( 4425): Indexing done 28F82D1719B878795C499362459A54C53C07CE39
W/linker  ( 9708): /data/app/com.google.android.gms-2/lib/arm64/libconscrypt_gmscore_jni.so: unused DT entry: type 0x1d arg 0x80
V/JNIHelp ( 9708): Registering com/google/android/gms/org/conscrypt/NativeCrypto's 242 native methods...
I/art     ( 9708): Rejecting re-init on previously-failed class java.lang.Class<com.google.android.gms.org.conscrypt.OpenSSLExtendedSessionImpl>
I/art     ( 9708): Rejecting re-init on previously-failed class java.lang.Class<com.google.android.gms.org.conscrypt.OpenSSLExtendedSessionImpl>
I/ProviderInstaller( 9708): Installed default security provider GmsCore_OpenSSL
I/Icing   ( 4425): Indexing 0469E070D22A38B042E767B0F2FFD16370CACCB7 from com.google.android.gms
I/Icing   ( 4425): Indexing done 0469E070D22A38B042E767B0F2FFD16370CACCB7
D/AndroidRuntime( 9793): >>>>>> START com.android.internal.os.RuntimeInit uid 2000 <<<<<<
D/AndroidRuntime( 9793): CheckJNI is OFF
D/ICU     ( 9793): No timezone override file found: /data/misc/zoneinfo/current/icu/icu_tzdata.dat
I/Radio-JNI( 9793): register_android_hardware_Radio DONE
D/AndroidRuntime( 9793): Calling main entry com.android.commands.settings.SettingsCmd
D/AndroidRuntime( 9793): Shutting down VM
I/ThermalEngine(  517): ACTION: GPU - Setting GPU[0] to 450000000
D/AndroidRuntime( 9820): >>>>>> START com.android.internal.os.RuntimeInit uid 2000 <<<<<<
D/AndroidRuntime( 9820): CheckJNI is OFF
I/ActivityManager(  924): Killing 8045:com.android.providers.calendar/u0a1 (adj 15): empty #17
D/ICU     ( 9820): No timezone override file found: /data/misc/zoneinfo/current/icu/icu_tzdata.dat
I/Radio-JNI( 9820): register_android_hardware_Radio DONE
D/AndroidRuntime( 9820): Calling main entry com.android.commands.settings.SettingsCmd
D/AndroidRuntime( 9820): Shutting down VM
D/AndroidRuntime( 9841): >>>>>> START com.android.internal.os.RuntimeInit uid 2000 <<<<<<
D/AndroidRuntime( 9841): CheckJNI is OFF
D/ICU     ( 9841): No timezone override file found: /data/misc/zoneinfo/current/icu/icu_tzdata.dat
I/Radio-JNI( 9841): register_android_hardware_Radio DONE
D/AndroidRuntime( 9841): Calling main entry com.android.commands.settings.SettingsCmd
D/AndroidRuntime( 9841): Shutting down VM
D/AndroidRuntime( 9864): >>>>>> START com.android.internal.os.RuntimeInit uid 2000 <<<<<<
D/AndroidRuntime( 9864): CheckJNI is OFF
D/ICU     ( 9864): No timezone override file found: /data/misc/zoneinfo/current/icu/icu_tzdata.dat
I/Radio-JNI( 9864): register_android_hardware_Radio DONE
D/AndroidRuntime( 9864): Calling main entry com.android.commands.appops.AppOpsCommand
D/AndroidRuntime( 9864): Shutting down VM
D/AndroidRuntime( 9886): >>>>>> START com.android.internal.os.RuntimeInit uid 2000 <<<<<<
D/AndroidRuntime( 9886): CheckJNI is OFF
D/ICU     ( 9886): No timezone override file found: /data/misc/zoneinfo/current/icu/icu_tzdata.dat
I/Radio-JNI( 9886): register_android_hardware_Radio DONE
D/AndroidRuntime( 9886): Calling main entry com.android.commands.pm.Pm
I/art     ( 9886): System.exit called, status: 0
I/AndroidRuntime( 9886): VM exiting with result code 0.
I/ServiceManager(  609): Waiting for service AtCmdFwd...
I/ServiceManager(  609): Waiting for service AtCmdFwd...
D/AndroidRuntime( 9933): >>>>>> START com.android.internal.os.RuntimeInit uid 2000 <<<<<<
D/AndroidRuntime( 9933): CheckJNI is OFF
D/ICU     ( 9933): No timezone override file found: /data/misc/zoneinfo/current/icu/icu_tzdata.dat
I/Radio-JNI( 9933): register_android_hardware_Radio DONE
I/ActivityManager(  924): Killing 7245:com.google.android.talk/u0a53 (adj 15): empty #17
D/AndroidRuntime( 9933): Calling main entry com.android.commands.pm.Pm
I/art     ( 9933): System.exit called, status: 0
I/AndroidRuntime( 9933): VM exiting with result code 0.
I/ServiceManager(  609): Waiting for service AtCmdFwd...
I/ThermalEngine(  517): ACTION: GPU - Setting GPU[0] to 390000000
I/ServiceManager(  609): Waiting for service AtCmdFwd...
I/ServiceManager(  609): Waiting for service AtCmdFwd...
I/ThermalEngine(  517): ACTION: GPU - Setting GPU[0] to 450000000
D/AndroidRuntime(10004): >>>>>> START com.android.internal.os.RuntimeInit uid 2000 <<<<<<
D/AndroidRuntime(10004): CheckJNI is OFF
D/ICU     (10004): No timezone override file found: /data/misc/zoneinfo/current/icu/icu_tzdata.dat
I/Radio-JNI(10004): register_android_hardware_Radio DONE
D/AndroidRuntime(10004): Calling main entry com.android.commands.am.Am
W/ActivityManager(  924): Invalid packageName: com.careerbuilder.SugarDrone.test
D/AndroidRuntime(10004): Shutting down VM
W/Atfwd_Sendcmd(  609): AtCmdFwd service not published, waiting... retryCnt : 5
D/AndroidRuntime(10034): >>>>>> START com.android.internal.os.RuntimeInit uid 2000 <<<<<<
D/AndroidRuntime(10034): CheckJNI is OFF
D/ICU     (10034): No timezone override file found: /data/misc/zoneinfo/current/icu/icu_tzdata.dat
I/Radio-JNI(10034): register_android_hardware_Radio DONE
D/AndroidRuntime(10034): Calling main entry com.android.commands.pm.Pm
D/DefContainer( 9510): Copying /data/local/tmp/0000004787 to base.apk
I/PackageManager.DexOptimizer(  924): Running dexopt (dex2oat) on: /data/app/vmdl1515371249.tmp/base.apk pkg=com.careerbuilder.SugarDrone.test isa=arm64 vmSafeMode=false debuggable=false oatDir = /data/app/vmdl1515371249.tmp/oat bootComplete=true
I/dex2oat (10056): /system/bin/dex2oat -j2
W/dex2oat (10056): No verified method for method calling String.<init>: java.lang.String android.text.TextUtils.substring(java.lang.CharSequence, int, int)
W/dex2oat (10056): No verified method for method calling String.<init>: java.lang.String android.text.TextUtils.substring(java.lang.CharSequence, int, int)
I/dex2oat (10056): Skipping compilation of void sh.calaba.org.codehaus.jackson.impl.Utf8StreamParser._skipString(): it contains a non natural loop
I/dex2oat (10056): dex2oat took 2.174s (threads: 2) arena alloc=2040KB java alloc=2MB native alloc=9MB free=1935KB
W/PackageManager(  924): Not granting permission android.permission.ACCESS_MOCK_LOCATION to package com.careerbuilder.SugarDrone.test (protectionLevel=2 flags=0x1800be44)
V/BackupManagerService(  924): restoreAtInstall pkg=com.careerbuilder.SugarDrone.test token=6 restoreSet=0
V/BackupManagerService(  924): Finishing install immediately
W/Settings(  924): Setting install_non_market_apps has moved from android.provider.Settings.Global to android.provider.Settings.Secure, returning read-only value.
I/art     (  924): Starting a blocking GC Explicit
I/art     (  924): Explicit concurrent mark sweep GC freed 102988(6MB) AllocSpace objects, 16(360KB) LOS objects, 33% free, 30MB/45MB, paused 1.663ms total 108.572ms
I/art     (10034): System.exit called, status: 0
I/AndroidRuntime(10034): VM exiting with result code 0.
I/InputReader(  924): Reconfiguring input devices.  changes=0x00000010
D/CarrierServiceBindHelper( 3668): Receive action: android.intent.action.PACKAGE_ADDED
D/CarrierServiceBindHelper( 3668): mHandler: 3
D/CarrierConfigLoader( 3668): mHandler: 9 phoneId: 0
D/Finsky  ( 9670): [1] ExternalReferrer.access$200: Package state data is missing for com.careerbuilder.SugarDrone.test
I/UpdateIcingCorporaServi( 5799): Updating corpora: APPS=com.careerbuilder.SugarDrone.test, CONTACTS=MAYBE
I/UpdateIcingCorporaServi( 5799): UpdateCorporaTask done [took 52 ms] updated apps [took 52 ms] 
D/Wear_Controller( 4425): Received broadcast action=android.intent.action.PACKAGE_ADDED and uri=com.careerbuilder.SugarDrone.test
I/PeopleContactsSync( 4425): triggerPendingContactsCleanup: no accounts
W/IcingInternalCorpora( 4425): getNumBytesRead when not calculated.
I/Icing   ( 4425): Usage reports 0 indexed 0 rejected 0 imm upload false
I/Icing   ( 4425): Usage reports 0 indexed 0 rejected 0 imm upload false
D/Finsky  ( 9670): [396] AppStatesReplicator.handleContentSyncResponse: Completed 0 account content syncs with 0 successful.
D/Finsky  ( 9670): [1] ContentSyncService$5.onFinished: Installation state replication succeeded.
D/AndroidRuntime(10129): >>>>>> START com.android.internal.os.RuntimeInit uid 2000 <<<<<<
D/AndroidRuntime(10129): CheckJNI is OFF
D/ICU     (10129): No timezone override file found: /data/misc/zoneinfo/current/icu/icu_tzdata.dat
I/Radio-JNI(10129): register_android_hardware_Radio DONE
D/AndroidRuntime(10129): Calling main entry com.android.commands.settings.SettingsCmd
D/AndroidRuntime(10129): Shutting down VM
I/ThermalEngine(  517): ACTION: GPU - Setting GPU[0] to 390000000
I/Icing   ( 4425): Indexing 0469E070D22A38B042E767B0F2FFD16370CACCB7 from com.google.android.gms
I/Icing   ( 4425): Indexing done 0469E070D22A38B042E767B0F2FFD16370CACCB7
D/AndroidRuntime(10155): >>>>>> START com.android.internal.os.RuntimeInit uid 2000 <<<<<<
D/AndroidRuntime(10155): CheckJNI is OFF
D/ICU     (10155): No timezone override file found: /data/misc/zoneinfo/current/icu/icu_tzdata.dat
I/Radio-JNI(10155): register_android_hardware_Radio DONE
D/AndroidRuntime(10155): Calling main entry com.android.commands.settings.SettingsCmd
D/AndroidRuntime(10155): Shutting down VM
D/AndroidRuntime(10181): >>>>>> START com.android.internal.os.RuntimeInit uid 2000 <<<<<<
D/AndroidRuntime(10181): CheckJNI is OFF
D/ICU     (10181): No timezone override file found: /data/misc/zoneinfo/current/icu/icu_tzdata.dat
I/Radio-JNI(10181): register_android_hardware_Radio DONE
D/AndroidRuntime(10181): Calling main entry com.android.commands.settings.SettingsCmd
D/AndroidRuntime(10181): Shutting down VM
D/AndroidRuntime(10206): >>>>>> START com.android.internal.os.RuntimeInit uid 2000 <<<<<<
D/AndroidRuntime(10206): CheckJNI is OFF
D/ICU     (10206): No timezone override file found: /data/misc/zoneinfo/current/icu/icu_tzdata.dat
I/Radio-JNI(10206): register_android_hardware_Radio DONE
D/AndroidRuntime(10206): Calling main entry com.android.commands.settings.SettingsCmd
D/AndroidRuntime(10206): Shutting down VM
D/AndroidRuntime(10228): >>>>>> START com.android.internal.os.RuntimeInit uid 2000 <<<<<<
D/AndroidRuntime(10228): CheckJNI is OFF
D/ICU     (10228): No timezone override file found: /data/misc/zoneinfo/current/icu/icu_tzdata.dat
I/Radio-JNI(10228): register_android_hardware_Radio DONE
D/AndroidRuntime(10228): Calling main entry com.android.commands.settings.SettingsCmd
D/AndroidRuntime(10228): Shutting down VM
I/ThermalEngine(  517): ACTION: GPU - Setting GPU[0] to 450000000
D/AndroidRuntime(10249): >>>>>> START com.android.internal.os.RuntimeInit uid 2000 <<<<<<
D/AndroidRuntime(10249): CheckJNI is OFF
D/ICU     (10249): No timezone override file found: /data/misc/zoneinfo/current/icu/icu_tzdata.dat
I/Radio-JNI(10249): register_android_hardware_Radio DONE
D/AndroidRuntime(10249): Calling main entry com.android.commands.appops.AppOpsCommand
D/AndroidRuntime(10249): Shutting down VM
D/AndroidRuntime(10273): >>>>>> START com.android.internal.os.RuntimeInit uid 2000 <<<<<<
D/AndroidRuntime(10273): CheckJNI is OFF
D/ICU     (10273): No timezone override file found: /data/misc/zoneinfo/current/icu/icu_tzdata.dat
I/Radio-JNI(10273): register_android_hardware_Radio DONE
D/AndroidRuntime(10273): Calling main entry com.android.commands.pm.Pm
I/art     (10273): System.exit called, status: 0
I/AndroidRuntime(10273): VM exiting with result code 0.
W/ip      (10312): type=1400 audit(0.0:76): avc: denied { search } for name="net" dev="dm-2" ino=3440648 scontext=u:r:shell:s0 tcontext=u:object_r:net_data_file:s0 tclass=dir permissive=0
D/AndroidRuntime(10321): >>>>>> START com.android.internal.os.RuntimeInit uid 2000 <<<<<<
D/AndroidRuntime(10321): CheckJNI is OFF
D/ICU     (10321): No timezone override file found: /data/misc/zoneinfo/current/icu/icu_tzdata.dat
I/Radio-JNI(10321): register_android_hardware_Radio DONE
D/AndroidRuntime(10321): Calling main entry com.android.commands.pm.Pm
I/art     (10321): System.exit called, status: 0
I/AndroidRuntime(10321): VM exiting with result code 0.
I/ThermalEngine(  517): ACTION: GPU - Setting GPU[0] to 390000000
I/ThermalEngine(  517): ACTION: GPU - Setting GPU[0] to 450000000
D/AndroidRuntime(10388): >>>>>> START com.android.internal.os.RuntimeInit uid 2000 <<<<<<
D/AndroidRuntime(10388): CheckJNI is OFF
D/ICU     (10388): No timezone override file found: /data/misc/zoneinfo/current/icu/icu_tzdata.dat
I/Radio-JNI(10388): register_android_hardware_Radio DONE
D/AndroidRuntime(10388): Calling main entry com.android.commands.input.Input
I/Input   (10388): injectKeyEvent: KeyEvent { action=ACTION_DOWN, keyCode=KEYCODE_BACK, scanCode=0, metaState=0, flags=0x0, repeatCount=0, eventTime=319901, downTime=319901, deviceId=-1, source=0x101 }
I/Input   (10388): injectKeyEvent: KeyEvent { action=ACTION_UP, keyCode=KEYCODE_BACK, scanCode=0, metaState=0, flags=0x0, repeatCount=0, eventTime=319901, downTime=319901, deviceId=-1, source=0x101 }
D/EmojiAltPhysicalKeyDetector( 3529): onKeyUp() : KeyEvent { action=ACTION_UP, keyCode=KEYCODE_BACK, scanCode=0, metaState=0, flags=0x0, repeatCount=0, eventTime=319901, downTime=319901, deviceId=-1, source=0x101 }
D/EmojiAltPhysicalKeyDetector( 3529): onKeyUp() : Disabled
D/AndroidRuntime(10388): Shutting down VM
D/AndroidRuntime(10442): >>>>>> START com.android.internal.os.RuntimeInit uid 2000 <<<<<<
D/AndroidRuntime(10442): CheckJNI is OFF
D/ICU     (10442): No timezone override file found: /data/misc/zoneinfo/current/icu/icu_tzdata.dat
I/Radio-JNI(10442): register_android_hardware_Radio DONE
D/AndroidRuntime(10442): Calling main entry com.android.commands.input.Input
I/Input   (10442): injectKeyEvent: KeyEvent { action=ACTION_DOWN, keyCode=KEYCODE_HOME, scanCode=0, metaState=0, flags=0x0, repeatCount=0, eventTime=321741, downTime=321741, deviceId=-1, source=0x101 }
I/Input   (10442): injectKeyEvent: KeyEvent { action=ACTION_UP, keyCode=KEYCODE_HOME, scanCode=0, metaState=0, flags=0x0, repeatCount=0, eventTime=321741, downTime=321741, deviceId=-1, source=0x101 }
I/ActivityManager(  924): START u0 {act=android.intent.action.MAIN cat=[android.intent.category.HOME] flg=0x10200000 cmp=com.google.android.googlequicksearchbox/com.google.android.launcher.GEL (has extras)} from uid 1000 on display 0
D/AndroidRuntime(10442): Shutting down VM
I/GEL     ( 3699): handleIntent(Intent { act=android.intent.action.MAIN cat=[android.intent.category.HOME] flg=0x10200000 cmp=com.google.android.googlequicksearchbox/com.google.android.launcher.GEL (has extras) })
I/ThermalEngine(  517): ACTION: GPU - Setting GPU[0] to 390000000
D/Finsky  ( 9670): [396] AppStatesReplicator.handleContentSyncResponse: Completed 0 account content syncs with 0 successful.
D/Finsky  ( 9670): [1] ContentSyncService$5.onFinished: Installation state replication succeeded.
D/AndroidRuntime(10476): >>>>>> START com.android.internal.os.RuntimeInit uid 2000 <<<<<<
D/AndroidRuntime(10476): CheckJNI is OFF
D/ICU     (10476): No timezone override file found: /data/misc/zoneinfo/current/icu/icu_tzdata.dat
I/Radio-JNI(10476): register_android_hardware_Radio DONE
D/AndroidRuntime(10476): Calling main entry com.android.commands.input.Input
I/Input   (10476): injectKeyEvent: KeyEvent { action=ACTION_DOWN, keyCode=KEYCODE_BACK, scanCode=0, metaState=0, flags=0x0, repeatCount=0, eventTime=323274, downTime=323274, deviceId=-1, source=0x101 }
I/Input   (10476): injectKeyEvent: KeyEvent { action=ACTION_UP, keyCode=KEYCODE_BACK, scanCode=0, metaState=0, flags=0x0, repeatCount=0, eventTime=323274, downTime=323274, deviceId=-1, source=0x101 }
D/EmojiAltPhysicalKeyDetector( 3529): onKeyUp() : KeyEvent { action=ACTION_UP, keyCode=KEYCODE_BACK, scanCode=0, metaState=0, flags=0x0, repeatCount=0, eventTime=323274, downTime=323274, deviceId=-1, source=0x101 }
D/EmojiAltPhysicalKeyDetector( 3529): onKeyUp() : Disabled
D/AndroidRuntime(10476): Shutting down VM
D/AndroidRuntime(10512): >>>>>> START com.android.internal.os.RuntimeInit uid 2000 <<<<<<
D/AndroidRuntime(10512): CheckJNI is OFF
D/ICU     (10512): No timezone override file found: /data/misc/zoneinfo/current/icu/icu_tzdata.dat
I/Radio-JNI(10512): register_android_hardware_Radio DONE
D/AndroidRuntime(10512): Calling main entry com.android.commands.am.Am
I/ActivityManager(  924): Force stopping com.careerbuilder.SugarDrone appid=18918 user=0: start instr
I/ActivityManager(  924): Start proc 10532:com.careerbuilder.SugarDrone/u0a8918 for added application com.careerbuilder.SugarDrone
I/art     (10532): Late-enabling -Xcheck:jni
E/dex2oat (10545): Failed to create oat file: /data/dalvik-cache/arm/data@app@com.careerbuilder.SugarDrone.test-1@base.apk@classes.dex: Permission denied
I/dex2oat (10545): dex2oat took 638.021us (threads: 2) 
W/art     (10532): Failed execv(/system/bin/dex2oat --runtime-arg -classpath --runtime-arg  --instruction-set=arm --instruction-set-features=smp,div,-atomic_ldrd_strd --runtime-arg -Xrelocate --boot-image=/system/framework/boot.art --runtime-arg -Xms64m --runtime-arg -Xmx512m -j2 --instruction-set-variant=cortex-a7 --instruction-set-features=default --dex-file=/data/app/com.careerbuilder.SugarDrone.test-1/base.apk --oat-file=/data/dalvik-cache/arm/data@app@com.careerbuilder.SugarDrone.test-1@base.apk@classes.dex) because non-0 exit status
W/System  (10532): ClassLoader referenced unknown path: /data/app/com.careerbuilder.SugarDrone.test-1/lib/arm64
W/monodroid(10532): Using override path: /data/user/0/com.careerbuilder.SugarDrone/files/.__override__
W/monodroid(10532): Trying to load sgen from: /data/user/0/com.careerbuilder.SugarDrone/files/.__override__/libmonosgen-2.0.so
W/monodroid(10532): Trying to load sgen from: /storage/emulated/0/Android/data/com.careerbuilder.SugarDrone/files/.__override__/libmonosgen-2.0.so
W/monodroid(10532): Trying to load sgen from: /data/app/com.careerbuilder.SugarDrone-1/lib/arm/libmonosgen-2.0.so
D/Mono    (10532): Image addref mscorlib[0xea7ddea0] -> mscorlib.dll[0xed139a00]: 2
D/Mono    (10532): Prepared to set up assembly 'mscorlib' (mscorlib.dll)
D/Mono    (10532): AOT module 'mscorlib.dll.so' not found: dlopen failed: library "/data/app/com.careerbuilder.SugarDrone-1/lib/arm/libaot-mscorlib.dll.so" not found
D/Mono    (10532): AOT module '/Users/builder/data/lanes/4009/f3074d2c/source/monodroid/builds/install/mono-armv6/lib/mono/aot-cache/arm/mscorlib.dll.so' not found: dlopen failed: library "/data/app/com.careerbuilder.SugarDrone-1/lib/arm/libaot-mscorlib.dll.so" not found
D/Mono    (10532): Config attempting to parse: 'mscorlib.dll.config'.
D/Mono    (10532): Config attempting to parse: '/Users/builder/data/lanes/4009/f3074d2c/source/monodroid/builds/install/mono-armv6/etc/mono/assemblies/mscorlib/mscorlib.config'.
D/Mono    (10532): Assembly mscorlib[0xea7ddea0] added to domain RootDomain, ref_count=1
D/Mono    (10532): Image addref CareerBuilder_Search.Droid[0xea7ddf00] -> CareerBuilder_Search.Droid.dll[0xed13c700]: 2
D/Mono    (10532): Prepared to set up assembly 'CareerBuilder_Search.Droid' (CareerBuilder_Search.Droid.dll)
D/Mono    (10532): Assembly CareerBuilder_Search.Droid[0xea7ddf00] added to domain RootDomain, ref_count=1
D/Mono    (10532): AOT module 'CareerBuilder_Search.Droid.dll.so' not found: dlopen failed: library "/data/app/com.careerbuilder.SugarDrone-1/lib/arm/libaot-CareerBuilder_Search.Droid.dll.so" not found
D/Mono    (10532): AOT module '/Users/builder/data/lanes/4009/f3074d2c/source/monodroid/builds/install/mono-armv6/lib/mono/aot-cache/arm/CareerBuilder_Search.Droid.dll.so' not found: dlopen failed: library "/data/app/com.careerbuilder.SugarDrone-1/lib/arm/libaot-CareerBuilder_Search.Droid.dll.so" not found
D/Mono    (10532): Config attempting to parse: 'CareerBuilder_Search.Droid.dll.config'.
D/Mono    (10532): Config attempting to parse: '/Users/builder/data/lanes/4009/f3074d2c/source/monodroid/builds/install/mono-armv6/etc/mono/assemblies/CareerBuilder_Search.Droid/CareerBuilder_Search.Droid.config'.
D/Mono    (10532): Image addref AppsFlyerXamarinBindingAndroid[0xea7ddf60] -> AppsFlyerXamarinBindingAndroid.dll[0xed13cc00]: 2
D/Mono    (10532): Prepared to set up assembly 'AppsFlyerXamarinBindingAndroid' (AppsFlyerXamarinBindingAndroid.dll)
D/Mono    (10532): Assembly AppsFlyerXamarinBindingAndroid[0xea7ddf60] added to domain RootDomain, ref_count=1
D/Mono    (10532): AOT module 'AppsFlyerXamarinBindingAndroid.dll.so' not found: dlopen failed: library "/data/app/com.careerbuilder.SugarDrone-1/lib/arm/libaot-AppsFlyerXamarinBindingAndroid.dll.so" not found
D/Mono    (10532): AOT module '/Users/builder/data/lanes/4009/f3074d2c/source/monodroid/builds/install/mono-armv6/lib/mono/aot-cache/arm/AppsFlyerXamarinBindingAndroid.dll.so' not found: dlopen failed: library "/data/app/com.careerbuilder.SugarDrone-1/lib/arm/libaot-AppsFlyerXamarinBindingAndroid.dll.so" not found
D/Mono    (10532): Config attempting to parse: 'AppsFlyerXamarinBindingAndroid.dll.config'.
D/Mono    (10532): Config attempting to parse: '/Users/builder/data/lanes/4009/f3074d2c/source/monodroid/builds/install/mono-armv6/etc/mono/assemblies/AppsFlyerXamarinBindingAndroid/AppsFlyerXamarinBindingAndroid.config'.
D/Mono    (10532): Image addref HockeySDK[0xea7ddfc0] -> HockeySDK.dll[0xed13d100]: 2
D/Mono    (10532): Prepared to set up assembly 'HockeySDK' (HockeySDK.dll)
D/Mono    (10532): Assembly HockeySDK[0xea7ddfc0] added to domain RootDomain, ref_count=1
D/Mono    (10532): AOT module 'HockeySDK.dll.so' not found: dlopen failed: library "/data/app/com.careerbuilder.SugarDrone-1/lib/arm/libaot-HockeySDK.dll.so" not found
D/Mono    (10532): AOT module '/Users/builder/data/lanes/4009/f3074d2c/source/monodroid/builds/install/mono-armv6/lib/mono/aot-cache/arm/HockeySDK.dll.so' not found: dlopen failed: library "/data/app/com.careerbuilder.SugarDrone-1/lib/arm/libaot-HockeySDK.dll.so" not found
D/Mono    (10532): Config attempting to parse: 'HockeySDK.dll.config'.
D/Mono    (10532): Config attempting to parse: '/Users/builder/data/lanes/4009/f3074d2c/source/monodroid/builds/install/mono-armv6/etc/mono/assemblies/HockeySDK/HockeySDK.config'.
D/Mono    (10532): Image addref Akavache[0xea7de020] -> Akavache.dll[0xf5277400]: 2
D/Mono    (10532): Prepared to set up assembly 'Akavache' (Akavache.dll)
D/Mono    (10532): Assembly Akavache[0xea7de020] added to domain RootDomain, ref_count=1
D/Mono    (10532): AOT module 'Akavache.dll.so' not found: dlopen failed: library "/data/app/com.careerbuilder.SugarDrone-1/lib/arm/libaot-Akavache.dll.so" not found
D/Mono    (10532): AOT module '/Users/builder/data/lanes/4009/f3074d2c/source/monodroid/builds/install/mono-armv6/lib/mono/aot-cache/arm/Akavache.dll.so' not found: dlopen failed: library "/data/app/com.careerbuilder.SugarDrone-1/lib/arm/libaot-Akavache.dll.so" not found
D/Mono    (10532): Config attempting to parse: 'Akavache.dll.config'.
D/Mono    (10532): Config attempting to parse: '/Users/builder/data/lanes/4009/f3074d2c/source/monodroid/builds/install/mono-armv6/etc/mono/assemblies/Akavache/Akavache.config'.
D/Mono    (10532): Image addref Akavache.Sqlite3[0xea7de080] -> Akavache.Sqlite3.dll[0xf5277900]: 2
D/Mono    (10532): Prepared to set up assembly 'Akavache.Sqlite3' (Akavache.Sqlite3.dll)
D/Mono    (10532): Assembly Akavache.Sqlite3[0xea7de080] added to domain RootDomain, ref_count=1
D/Mono    (10532): AOT module 'Akavache.Sqlite3.dll.so' not found: dlopen failed: library "/data/app/com.careerbuilder.SugarDrone-1/lib/arm/libaot-Akavache.Sqlite3.dll.so" not found
D/Mono    (10532): AOT module '/Users/builder/data/lanes/4009/f3074d2c/source/monodroid/builds/install/mono-armv6/lib/mono/aot-cache/arm/Akavache.Sqlite3.dll.so' not found: dlopen failed: library "/data/app/com.careerbuilder.SugarDrone-1/lib/arm/libaot-Akavache.Sqlite3.dll.so" not found
W/        (10532): Symbol file LoadedFromMemory doesn't match image Akavache.Sqlite3.dll
D/Mono    (10532): Config attempting to parse: 'Akavache.Sqlite3.dll.config'.
D/Mono    (10532): Config attempting to parse: '/Users/builder/data/lanes/4009/f3074d2c/source/monodroid/builds/install/mono-armv6/etc/mono/assemblies/Akavache.Sqlite3/Akavache.Sqlite3.config'.
D/Mono    (10532): Image addref Splat[0xea7de0e0] -> Splat.dll[0xeb958000]: 2
D/Mono    (10532): Prepared to set up assembly 'Splat' (Splat.dll)
D/Mono    (10532): Assembly Splat[0xea7de0e0] added to domain RootDomain, ref_count=1
D/Mono    (10532): AOT module 'Splat.dll.so' not found: dlopen failed: library "/data/app/com.careerbuilder.SugarDrone-1/lib/arm/libaot-Splat.dll.so" not found
D/Mono    (10532): AOT module '/Users/builder/data/lanes/4009/f3074d2c/source/monodroid/builds/install/mono-armv6/lib/mono/aot-cache/arm/Splat.dll.so' not found: dlopen failed: library "/data/app/com.careerbuilder.SugarDrone-1/lib/arm/libaot-Splat.dll.so" not found
D/Mono    (10532): Config attempting to parse: 'Splat.dll.config'.
D/Mono    (10532): Config attempting to parse: '/Users/builder/data/lanes/4009/f3074d2c/source/monodroid/builds/install/mono-armv6/etc/mono/assemblies/Splat/Splat.config'.
D/Mono    (10532): Image addref Microsoft.Practices.ServiceLocation[0xea7de2c0] -> Microsoft.Practices.ServiceLocation.dll[0xeb958500]: 2
D/Mono    (10532): Prepared to set up assembly 'Microsoft.Practices.ServiceLocation' (Microsoft.Practices.ServiceLocation.dll)
D/Mono    (10532): Assembly Microsoft.Practices.ServiceLocation[0xea7de2c0] added to domain RootDomain, ref_count=1
D/Mono    (10532): AOT module 'Microsoft.Practices.ServiceLocation.dll.so' not found: dlopen failed: library "/data/app/com.careerbuilder.SugarDrone-1/lib/arm/libaot-Microsoft.Practices.ServiceLocation.dll.so" not found
D/Mono    (10532): AOT module '/Users/builder/data/lanes/4009/f3074d2c/source/monodroid/builds/install/mono-armv6/lib/mono/aot-cache/arm/Microsoft.Practices.ServiceLocation.dll.so' not found: dlopen failed: library "/data/app/com.careerbuilder.SugarDrone-1/lib/arm/libaot-Microsoft.Practices.ServiceLocation.dll.so" not found
D/Mono    (10532): Config attempting to parse: 'Microsoft.Practices.ServiceLocation.dll.config'.
D/Mono    (10532): Config attempting to parse: '/Users/builder/data/lanes/4009/f3074d2c/source/monodroid/builds/install/mono-armv6/etc/mono/assemblies/Microsoft.Practices.ServiceLocation/Microsoft.Practices.ServiceLocation.config'.
D/Mono    (10532): Image addref Microsoft.Practices.Unity[0xea7de320] -> Microsoft.Practices.Unity.dll[0xeb958a00]: 2
D/Mono    (10532): Prepared to set up assembly 'Microsoft.Practices.Unity' (Microsoft.Practices.Unity.dll)
D/Mono    (10532): Assembly Microsoft.Practices.Unity[0xea7de320] added to domain RootDomain, ref_count=1
D/Mono    (10532): AOT module 'Microsoft.Practices.Unity.dll.so' not found: dlopen failed: library "/data/app/com.careerbuilder.SugarDrone-1/lib/arm/libaot-Microsoft.Practices.Unity.dll.so" not found
D/Mono    (10532): AOT module '/Users/builder/data/lanes/4009/f3074d2c/source/monodroid/builds/install/mono-armv6/lib/mono/aot-cache/arm/Microsoft.Practices.Unity.dll.so' not found: dlopen failed: library "/data/app/com.careerbuilder.SugarDrone-1/lib/arm/libaot-Microsoft.Practices.Unity.dll.so" not found
D/Mono    (10532): Config attempting to parse: 'Microsoft.Practices.Unity.dll.config'.
D/Mono    (10532): Config attempting to parse: '/Users/builder/data/lanes/4009/f3074d2c/source/monodroid/builds/install/mono-armv6/etc/mono/assemblies/Microsoft.Practices.Unity/Microsoft.Practices.Unity.config'.
D/Mono    (10532): Image addref Plugin.CurrentActivity[0xea7de380] -> Plugin.CurrentActivity.dll[0xeb958f00]: 2
D/Mono    (10532): Prepared to set up assembly 'Plugin.CurrentActivity' (Plugin.CurrentActivity.dll)
D/Mono    (10532): Assembly Plugin.CurrentActivity[0xea7de380] added to domain RootDomain, ref_count=1
D/Mono    (10532): AOT module 'Plugin.CurrentActivity.dll.so' not found: dlopen failed: library "/data/app/com.careerbuilder.SugarDrone-1/lib/arm/libaot-Plugin.CurrentActivity.dll.so" not found
D/Mono    (10532): AOT module '/Users/builder/data/lanes/4009/f3074d2c/source/monodroid/builds/install/mono-armv6/lib/mono/aot-cache/arm/Plugin.CurrentActivity.dll.so' not found: dlopen failed: library "/data/app/com.careerbuilder.SugarDrone-1/lib/arm/libaot-Plugin.CurrentActivity.dll.so" not found
D/Mono    (10532): Config attempting to parse: 'Plugin.CurrentActivity.dll.config'.
D/Mono    (10532): Config attempting to parse: '/Users/builder/data/lanes/4009/f3074d2c/source/monodroid/builds/install/mono-armv6/etc/mono/assemblies/Plugin.CurrentActivity/Plugin.CurrentActivity.config'.
D/Mono    (10532): Image addref Plugin.Permissions[0xea7de3e0] -> Plugin.Permissions.dll[0xeb959400]: 2
D/Mono    (10532): Prepared to set up assembly 'Plugin.Permissions' (Plugin.Permissions.dll)
D/Mono    (10532): Assembly Plugin.Permissions[0xea7de3e0] added to domain RootDomain, ref_count=1
D/Mono    (10532): AOT module 'Plugin.Permissions.dll.so' not found: dlopen failed: library "/data/app/com.careerbuilder.SugarDrone-1/lib/arm/libaot-Plugin.Permissions.dll.so" not found
D/Mono    (10532): AOT module '/Users/builder/data/lanes/4009/f3074d2c/source/monodroid/builds/install/mono-armv6/lib/mono/aot-cache/arm/Plugin.Permissions.dll.so' not found: dlopen failed: library "/data/app/com.careerbuilder.SugarDrone-1/lib/arm/libaot-Plugin.Permissions.dll.so" not found
D/Mono    (10532): Config attempting to parse: 'Plugin.Permissions.dll.config'.
D/Mono    (10532): Config attempting to parse: '/Users/builder/data/lanes/4009/f3074d2c/source/monodroid/builds/install/mono-armv6/etc/mono/assemblies/Plugin.Permissions/Plugin.Permissions.config'.
D/Mono    (10532): Image addref Plugin.Permissions.Abstractions[0xea7de440] -> Plugin.Permissions.Abstractions.dll[0xeb959900]: 2
D/Mono    (10532): Prepared to set up assembly 'Plugin.Permissions.Abstractions' (Plugin.Permissions.Abstractions.dll)
D/Mono    (10532): Assembly Plugin.Permissions.Abstractions[0xea7de440] added to domain RootDomain, ref_count=1
D/Mono    (10532): AOT module 'Plugin.Permissions.Abstractions.dll.so' not found: dlopen failed: library "/data/app/com.careerbuilder.SugarDrone-1/lib/arm/libaot-Plugin.Permissions.Abstractions.dll.so" not found
D/Mono    (10532): AOT module '/Users/builder/data/lanes/4009/f3074d2c/source/monodroid/builds/install/mono-armv6/lib/mono/aot-cache/arm/Plugin.Permissions.Abstractions.dll.so' not found: dlopen failed: library "/data/app/com.careerbuilder.SugarDrone-1/lib/arm/libaot-Plugin.Permissions.Abstractions.dll.so" not found
D/Mono    (10532): Config attempting to parse: 'Plugin.Permissions.Abstractions.dll.config'.
D/Mono    (10532): Config attempting to parse: '/Users/builder/data/lanes/4009/f3074d2c/source/monodroid/builds/install/mono-armv6/etc/mono/assemblies/Plugin.Permissions.Abstractions/Plugin.Permissions.Abstractions.config'.
D/Mono    (10532): Image addref Plugin.Geolocator[0xea7de4a0] -> Plugin.Geolocator.dll[0xeb959e00]: 2
D/Mono    (10532): Prepared to set up assembly 'Plugin.Geolocator' (Plugin.Geolocator.dll)
D/Mono    (10532): Assembly Plugin.Geolocator[0xea7de4a0] added to domain RootDomain, ref_count=1
D/Mono    (10532): AOT module 'Plugin.Geolocator.dll.so' not found: dlopen failed: library "/data/app/com.careerbuilder.SugarDrone-1/lib/arm/libaot-Plugin.Geolocator.dll.so" not found
D/Mono    (10532): AOT module '/Users/builder/data/lanes/4009/f3074d2c/source/monodroid/builds/install/mono-armv6/lib/mono/aot-cache/arm/Plugin.Geolocator.dll.so' not found: dlopen failed: library "/data/app/com.careerbuilder.SugarDrone-1/lib/arm/libaot-Plugin.Geolocator.dll.so" not found
D/Mono    (10532): Config attempting to parse: 'Plugin.Geolocator.dll.config'.
D/Mono    (10532): Config attempting to parse: '/Users/builder/data/lanes/4009/f3074d2c/source/monodroid/builds/install/mono-armv6/etc/mono/assemblies/Plugin.Geolocator/Plugin.Geolocator.config'.
D/Mono    (10532): Image addref Plugin.Geolocator.Abstractions[0xea7de500] -> Plugin.Geolocator.Abstractions.dll[0xeb95a300]: 2
D/Mono    (10532): Prepared to set up assembly 'Plugin.Geolocator.Abstractions' (Plugin.Geolocator.Abstractions.dll)
D/Mono    (10532): Assembly Plugin.Geolocator.Abstractions[0xea7de500] added to domain RootDomain, ref_count=1
D/Mono    (10532): AOT module 'Plugin.Geolocator.Abstractions.dll.so' not found: dlopen failed: library "/data/app/com.careerbuilder.SugarDrone-1/lib/arm/libaot-Plugin.Geolocator.Abstractions.dll.so" not found
D/Mono    (10532): AOT module '/Users/builder/data/lanes/4009/f3074d2c/source/monodroid/builds/install/mono-armv6/lib/mono/aot-cache/arm/Plugin.Geolocator.Abstractions.dll.so' not found: dlopen failed: library "/data/app/com.careerbuilder.SugarDrone-1/lib/arm/libaot-Plugin.Geolocator.Abstractions.dll.so" not found
D/Mono    (10532): Config attempting to parse: 'Plugin.Geolocator.Abstractions.dll.config'.
D/Mono    (10532): Config attempting to parse: '/Users/builder/data/lanes/4009/f3074d2c/source/monodroid/builds/install/mono-armv6/etc/mono/assemblies/Plugin.Geolocator.Abstractions/Plugin.Geolocator.Abstractions.config'.
D/Mono    (10532): Image addref Plugin.DeviceInfo[0xea7de560] -> Plugin.DeviceInfo.dll[0xeb95a800]: 2
D/Mono    (10532): Prepared to set up assembly 'Plugin.DeviceInfo' (Plugin.DeviceInfo.dll)
D/Mono    (10532): Assembly Plugin.DeviceInfo[0xea7de560] added to domain RootDomain, ref_count=1
D/Mono    (10532): AOT module 'Plugin.DeviceInfo.dll.so' not found: dlopen failed: library "/data/app/com.careerbuilder.SugarDrone-1/lib/arm/libaot-Plugin.DeviceInfo.dll.so" not found
D/Mono    (10532): AOT module '/Users/builder/data/lanes/4009/f3074d2c/source/monodroid/builds/install/mono-armv6/lib/mono/aot-cache/arm/Plugin.DeviceInfo.dll.so' not found: dlopen failed: library "/data/app/com.careerbuilder.SugarDrone-1/lib/arm/libaot-Plugin.DeviceInfo.dll.so" not found
D/Mono    (10532): Config attempting to parse: 'Plugin.DeviceInfo.dll.config'.
D/Mono    (10532): Config attempting to parse: '/Users/builder/data/lanes/4009/f3074d2c/source/monodroid/builds/install/mono-armv6/etc/mono/assemblies/Plugin.DeviceInfo/Plugin.DeviceInfo.config'.
D/Mono    (10532): Image addref Plugin.DeviceInfo.Abstractions[0xea7de5c0] -> Plugin.DeviceInfo.Abstractions.dll[0xeb95ad00]: 2
D/Mono    (10532): Prepared to set up assembly 'Plugin.DeviceInfo.Abstractions' (Plugin.DeviceInfo.Abstractions.dll)
D/Mono    (10532): Assembly Plugin.DeviceInfo.Abstractions[0xea7de5c0] added to domain RootDomain, ref_count=1
D/Mono    (10532): AOT module 'Plugin.DeviceInfo.Abstractions.dll.so' not found: dlopen failed: library "/data/app/com.careerbuilder.SugarDrone-1/lib/arm/libaot-Plugin.DeviceInfo.Abstractions.dll.so" not found
D/Mono    (10532): AOT module '/Users/builder/data/lanes/4009/f3074d2c/source/monodroid/builds/install/mono-armv6/lib/mono/aot-cache/arm/Plugin.DeviceInfo.Abstractions.dll.so' not found: dlopen failed: library "/data/app/com.careerbuilder.SugarDrone-1/lib/arm/libaot-Plugin.DeviceInfo.Abstractions.dll.so" not found
D/Mono    (10532): Config attempting to parse: 'Plugin.DeviceInfo.Abstractions.dll.config'.
D/Mono    (10532): Config attempting to parse: '/Users/builder/data/lanes/4009/f3074d2c/source/monodroid/builds/install/mono-armv6/etc/mono/assemblies/Plugin.DeviceInfo.Abstractions/Plugin.DeviceInfo.Abstractions.config'.
D/Mono    (10532): Image addref Xamarin.GooglePlayServices.Analytics[0xea7de620] -> Xamarin.GooglePlayServices.Analytics.dll[0xeb95b200]: 2
D/Mono    (10532): Prepared to set up assembly 'Xamarin.GooglePlayServices.Analytics' (Xamarin.GooglePlayServices.Analytics.dll)
D/Mono    (10532): Assembly Xamarin.GooglePlayServices.Analytics[0xea7de620] added to domain RootDomain, ref_count=1
D/Mono    (10532): AOT module 'Xamarin.GooglePlayServices.Analytics.dll.so' not found: dlopen failed: library "/data/app/com.careerbuilder.SugarDrone-1/lib/arm/libaot-Xamarin.GooglePlayServices.Analytics.dll.so" not found
