W/ResourceType(10532): No known package when getting name for resource number 0xffffffff
W/ResourceType(10532): No known package when getting name for resource number 0xffffffff
W/ResourceType(10532): No known package when getting name for resource number 0xffffffff
W/ResourceType(10532): No known package when getting name for resource number 0xffffffff
W/ResourceType(10532): No known package when getting name for resource number 0xffffffff
W/ResourceType(10532): No known package when getting name for resource number 0xffffffff
W/ResourceType(10532): No known package when getting name for resource number 0xffffffff
W/ResourceType(10532): No known package when getting name for resource number 0xffffffff
W/ResourceType(10532): No known package when getting name for resource number 0xffffffff
W/ResourceType(10532): No known package when getting name for resource number 0xffffffff
W/ResourceType(10532): No known package when getting name for resource number 0xffffffff
W/ResourceType(10532): No known package when getting name for resource number 0xffffffff
W/ResourceType(10532): No known package when getting name for resource number 0xffffffff
W/ResourceType(10532): No known package when getting name for resource number 0xffffffff
W/ResourceType(10532): No known package when getting name for resource number 0xffffffff
W/ResourceType(10532): No known package when getting name for resource number 0xffffffff
W/ResourceType(10532): No known package when getting name for resource number 0xffffffff
W/ResourceType(10532): No known package when getting name for resource number 0xffffffff
I/ServiceManager(  609): Waiting for service AtCmdFwd...
I/System.out(10532): URI: /map
I/System.out(10532): params: {json={"query":"* marked:'Job 5'","operation":{"method_name":"query","arguments":[]}}
I/System.out(10532): }
W/ResourceType(10532): No known package when getting name for resource number 0xffffffff
W/ResourceType(10532): No known package when getting name for resource number 0xffffffff
W/ResourceType(10532): No known package when getting name for resource number 0xffffffff
W/ResourceType(10532): No known package when getting name for resource number 0xffffffff
W/ResourceType(10532): No known package when getting name for resource number 0xffffffff
W/ResourceType(10532): No known package when getting name for resource number 0xffffffff
W/ResourceType(10532): No known package when getting name for resource number 0xffffffff
W/ResourceType(10532): No known package when getting name for resource number 0xffffffff
W/ResourceType(10532): No known package when getting name for resource number 0xffffffff
W/ResourceType(10532): No known package when getting name for resource number 0xffffffff
W/ResourceType(10532): No known package when getting name for resource number 0xffffffff
W/ResourceType(10532): No known package when getting name for resource number 0xffffffff
W/ResourceType(10532): No known package when getting name for resource number 0xffffffff
W/ResourceType(10532): No known package when getting name for resource number 0xffffffff
W/ResourceType(10532): No known package when getting name for resource number 0xffffffff
W/ResourceType(10532): No known package when getting name for resource number 0xffffffff
W/ResourceType(10532): No known package when getting name for resource number 0xffffffff
W/ResourceType(10532): No known package when getting name for resource number 0xffffffff
W/ResourceType(10532): No known package when getting name for resource number 0xffffffff
W/ResourceType(10532): No known package when getting name for resource number 0xffffffff
W/ResourceType(10532): No known package when getting name for resource number 0xffffffff
W/ResourceType(10532): No known package when getting name for resource number 0xffffffff
W/ResourceType(10532): No known package when getting name for resource number 0xffffffff
W/ResourceType(10532): No known package when getting name for resource number 0xffffffff
W/ResourceType(10532): No known package when getting name for resource number 0xffffffff
W/ResourceType(10532): No known package when getting name for resource number 0xffffffff
W/ResourceType(10532): No known package when getting name for resource number 0xffffffff
W/ResourceType(10532): No known package when getting name for resource number 0xffffffff
W/ResourceType(10532): No known package when getting name for resource number 0xffffffff
W/ResourceType(10532): No known package when getting name for resource number 0xffffffff
W/ResourceType(10532): No known package when getting name for resource number 0xffffffff
W/ResourceType(10532): No known package when getting name for resource number 0xffffffff
W/ResourceType(10532): No known package when getting name for resource number 0xffffffff
W/ResourceType(10532): No known package when getting name for resource number 0xffffffff
W/ResourceType(10532): No known package when getting name for resource number 0xffffffff
W/ResourceType(10532): No known package when getting name for resource number 0xffffffff
W/ResourceType(10532): No known package when getting name for resource number 0xffffffff
W/ResourceType(10532): No known package when getting name for resource number 0xffffffff
W/ResourceType(10532): No known package when getting name for resource number 0xffffffff
W/ResourceType(10532): No known package when getting name for resource number 0xffffffff
W/ResourceType(10532): No known package when getting name for resource number 0xffffffff
W/ResourceType(10532): No known package when getting name for resource number 0xffffffff
W/ResourceType(10532): No known package when getting name for resource number 0xffffffff
W/ResourceType(10532): No known package when getting name for resource number 0xffffffff
W/ResourceType(10532): No known package when getting name for resource number 0xffffffff
W/ResourceType(10532): No known package when getting name for resource number 0xffffffff
W/ResourceType(10532): No known package when getting name for resource number 0xffffffff
W/ResourceType(10532): No known package when getting name for resource number 0xffffffff
W/ResourceType(10532): No known package when getting name for resource number 0xffffffff
W/ResourceType(10532): No known package when getting name for resource number 0xffffffff
W/ResourceType(10532): No known package when getting name for resource number 0xffffffff
W/ResourceType(10532): No known package when getting name for resource number 0xffffffff
W/ResourceType(10532): No known package when getting name for resource number 0xffffffff
W/ResourceType(10532): No known package when getting name for resource number 0xffffffff
W/ResourceType(10532): No known package when getting name for resource number 0xffffffff
W/ResourceType(10532): No known package when getting name for resource number 0xffffffff
W/ResourceType(10532): No known package when getting name for resource number 0xffffffff
W/ResourceType(10532): No known package when getting name for resource number 0xffffffff
W/ResourceType(10532): No known package when getting name for resource number 0xffffffff
W/ResourceType(10532): No known package when getting name for resource number 0xffffffff
W/ResourceType(10532): No known package when getting name for resource number 0xffffffff
W/ResourceType(10532): No known package when getting name for resource number 0xffffffff
W/ResourceType(10532): No known package when getting name for resource number 0xffffffff
W/ResourceType(10532): No known package when getting name for resource number 0xffffffff
W/ResourceType(10532): No known package when getting name for resource number 0xffffffff
W/ResourceType(10532): No known package when getting name for resource number 0xffffffff
W/ResourceType(10532): No known package when getting name for resource number 0xffffffff
W/ResourceType(10532): No known package when getting name for resource number 0xffffffff
W/ResourceType(10532): No known package when getting name for resource number 0xffffffff
W/ResourceType(10532): No known package when getting name for resource number 0xffffffff
W/ResourceType(10532): No known package when getting name for resource number 0xffffffff
W/ResourceType(10532): No known package when getting name for resource number 0xffffffff
W/ResourceType(10532): No known package when getting name for resource number 0xffffffff
I/ServiceManager(  609): Waiting for service AtCmdFwd...
I/System.out(10532): URI: /
I/System.out(10532): params: {json={"command":"touch_coordinate","arguments":[683.0,2155.0]}
I/System.out(10532): }
I/System.out(10532): header: {content-length=57, host=devicehost61.prod, x-session-token=token-token-b0116400-a43f-48de-8499-6dba980c0546, x-forwarded-for=10.222.150.17, content-type=application/json; charset=utf-8, connection=close}
I/System.out(10532): params: {json={"command":"touch_coordinate","arguments":[683.0,2155.0]}
I/System.out(10532): }
I/System.out(10532): ProP json = {"command":"touch_coordinate","arguments":[683.0,2155.0]}
I/System.out(10532): files: {}
I/System.out(10532): command: {"command":"touch_coordinate","arguments":[683.0,2155.0]}
I/InstrumentationBackend(10532): Got command:'Command:'Line:null,touch_coordinate', arguments:'[683.0, 2155.0]'
I/ThermalEngine(  517): ACTION: GPU - Setting GPU[0] to 450000000
D/audio_hw_primary(  511): out_set_parameters: enter: usecase(1: low-latency-playback) kvpairs: routing=2
D/audio_hw_primary(  511): select_devices: out_snd_device(2: speaker) in_snd_device(0: none)
D/msm8974_platform(  511): platform_send_audio_calibration: sending audio calibration for snd_device(2) acdb_id(15)
D/Mono    (10532): Assembly Ref addref CareerBuilder_Search.Droid[0xea7ddf00] -> Xamarin.Android.Support.v7.CardView[0xea7deb00]: 2
I/soundtrigger(  511): audio_extn_sound_trigger_update_device_status: device 0x2 of type 0 for Event 1
I/calabash(10532): execStartActivity 4
I/ActivityManager(  924): START u0 {cmp=com.careerbuilder.SugarDrone/md5a4824aa66c0dc4d104077b72c1916a44.JobDisplayPageActivity (has extras)} from uid 18918 on display 0
D/audio_hw_primary(  511): enable_snd_device: snd_device(2: speaker)
D/audio_hw_primary(  511): enable_audio_route: apply and update mixer path: low-latency-playback speaker
I/calabash(10532): newActivity1
I/WebViewFactory(10532): Loading com.google.android.webview version 44.0.2403.117 (code 246011750)
W/System  (10532): ClassLoader referenced unknown path: /system/app/WebViewGoogle/lib/arm
I/System.out(10532): result:{"bonusInformation":[],"message":"","success":true}
I/LibraryLoader(10532): Time to load native libraries: 65 ms (timestamps 8126-8191)
I/LibraryLoader(10532): Expected native library version number "",actual native library version number ""
V/WebViewChromiumFactoryProvider(10532): Binding Chromium to main looper Looper (main, tid 1) {45077d2}
I/LibraryLoader(10532): Expected native library version number "",actual native library version number ""
I/chromium(10532): [INFO:library_loader_hooks.cc(120)] Chromium logging enabled: level = 0, default verbosity = 0
I/BrowserStartupController(10532): Initializing chromium process, singleProcess=true
W/art     (10532): Attempt to remove non-JNI local reference, dumping thread
E/SysUtils(10532): ApplicationContext is null in ApplicationStatus
I/System.out(10532): URI: /map
I/System.out(10532): params: {json={"query":"* marked:'applyButton'","operation":{"method_name":"query","arguments":[]}}
I/System.out(10532): }
W/chromium(10532): [WARNING:resource_bundle.cc(285)] locale_file_path.empty()
E/libEGL  (10532): validate_display:255 error 3008 (EGL_BAD_DISPLAY)
E/libEGL  (10532): validate_display:255 error 3008 (EGL_BAD_DISPLAY)
W/AudioManagerAndroid(10532): Requires BLUETOOTH permission
D/Mono    (10532): Unloading image System.Runtime.Extensions.dll [0xd9782f00].
D/Mono    (10532): Image addref System.Runtime.Extensions[0xd7239d80] -> System.Runtime.Extensions.dll[0xd9c2e400]: 8
D/Mono    (10532): Config attempting to parse: 'System.Runtime.Extensions.dll.config'.
D/Mono    (10532): Config attempting to parse: '/Users/builder/data/lanes/4009/f3074d2c/source/monodroid/builds/install/mono-armv6/etc/mono/assemblies/System.Runtime.Extensions/System.Runtime.Extensions.config'.
D/Mono    (10532): Assembly Ref addref CareerBuilder_Search[0xea7def20] -> System.Runtime.Extensions[0xef13dae0]: 6
I/mono-stdout(10532): uri is: https://api.careerbuilder.com/v3/job?DID=job5&outputjson=true&ShowApplyRequirements=true&DeveloperKey=WDHR8FC6P2JZ1Y61KLM5
I/mono-stdout(10532): making api call to: /v3/job?DID=job5&outputjson=true&ShowApplyRequirements=true&DeveloperKey=WDHR8FC6P2JZ1Y61KLM5
I/ServiceManager(  609): Waiting for service AtCmdFwd...
I/ActivityManager(  924): Displayed com.careerbuilder.SugarDrone/md5a4824aa66c0dc4d104077b72c1916a44.JobDisplayPageActivity: +488ms
W/ResourceType(10532): No known package when getting name for resource number 0xffffffff
I/mono-stdout(10532): uri is: https://api.careerbuilder.com/consumer/saved-jobs/?DeveloperKey=WDHR8FC6P2JZ1Y61KLM5
W/ResourceType(10532): No known package when getting name for resource number 0xffffffff
I/mono-stdout(10532): making api call to: /consumer/saved-jobs/?DeveloperKey=WDHR8FC6P2JZ1Y61KLM5
I/mono-stdout(10532): Method: GET, RequestUri: 'https://api.careerbuilder.com/consumer/saved-jobs/?DeveloperKey=WDHR8FC6P2JZ1Y61KLM5', Version: 1.1, Content: <null>, Headers:

I/mono-stdout(10532): {

I/mono-stdout(10532): DeveloperKey: WDHR8FC6P2JZ1Y61KLM5

I/mono-stdout(10532): Accept: application/json

I/mono-stdout(10532): Authorization: Bearer test

I/mono-stdout(10532): HostSite: US

I/mono-stdout(10532): }
I/mono-stdout(10532): Current State = 1,2,6,7
I/mono-stdout(10532): applied jobs = 6
I/Keyboard.Facilitator( 3529): onFinishInput()
I/mono-stdout(10532): expired jobs = 7
I/mono-stdout(10532): saved jobs = Saved,Saved,Applied,Saved
W/ResourceType(10532): No known package when getting name for resource number 0xffffffff
W/ResourceType(10532): No known package when getting name for resource number 0xffffffff
W/ResourceType(10532): No known package when getting name for resource number 0xffffffff
W/ResourceType(10532): No known package when getting name for resource number 0xffffffff
W/ResourceType(10532): No known package when getting name for resource number 0xffffffff
W/ResourceType(10532): No known package when getting name for resource number 0xffffffff
W/ResourceType(10532): No known package when getting name for resource number 0xffffffff
W/ResourceType(10532): No known package when getting name for resource number 0xffffffff
W/ResourceType(10532): No known package when getting name for resource number 0xffffffff
W/ResourceType(10532): No known package when getting name for resource number 0xffffffff
W/ResourceType(10532): No known package when getting name for resource number 0xffffffff
W/ResourceType(10532): No known package when getting name for resource number 0xffffffff
W/ResourceType(10532): No known package when getting name for resource number 0xffffffff
W/ResourceType(10532): No known package when getting name for resource number 0xffffffff
W/ResourceType(10532): No known package when getting name for resource number 0xffffffff
W/ResourceType(10532): No known package when getting name for resource number 0xffffffff
W/ResourceType(10532): No known package when getting name for resource number 0xffffffff
D/audio_hw_primary(  511): disable_audio_route: reset and update mixer path: low-latency-playback speaker
D/audio_hw_primary(  511): disable_snd_device: snd_device(2: speaker)
W/ResourceType(10532): No known package when getting name for resource number 0xffffffff
W/ResourceType(10532): No known package when getting name for resource number 0xffffffff
W/ResourceType(10532): No known package when getting name for resource number 0xffffffff
W/ResourceType(10532): No known package when getting name for resource number 0xffffffff
W/ResourceType(10532): No known package when getting name for resource number 0xffffffff
W/ResourceType(10532): No known package when getting name for resource number 0xffffffff
W/ResourceType(10532): No known package when getting name for resource number 0xffffffff
I/soundtrigger(  511): audio_extn_sound_trigger_update_device_status: device 0x2 of type 0 for Event 0
W/ResourceType(10532): No known package when getting name for resource number 0xffffffff
W/ResourceType(10532): No known package when getting name for resource number 0xffffffff
W/ResourceType(10532): No known package when getting name for resource number 0xffffffff
W/ResourceType(10532): No known package when getting name for resource number 0xffffffff
W/ResourceType(10532): No known package when getting name for resource number 0xffffffff
W/ResourceType(10532): No known package when getting name for resource number 0xffffffff
W/ResourceType(10532): No known package when getting name for resource number 0xffffffff
W/ResourceType(10532): No known package when getting name for resource number 0xffffffff
W/ResourceType(10532): No known package when getting name for resource number 0xffffffff
W/ResourceType(10532): No known package when getting name for resource number 0xffffffff
W/ResourceType(10532): No known package when getting name for resource number 0xffffffff
W/ResourceType(10532): No known package when getting name for resource number 0xffffffff
W/ResourceType(10532): No known package when getting name for resource number 0xffffffff
W/ResourceType(10532): No known package when getting name for resource number 0xffffffff
W/ResourceType(10532): No known package when getting name for resource number 0xffffffff
W/ResourceType(10532): No known package when getting name for resource number 0xffffffff
W/ResourceType(10532): No known package when getting name for resource number 0xffffffff
W/ResourceType(10532): No known package when getting name for resource number 0xffffffff
W/ResourceType(10532): No known package when getting name for resource number 0xffffffff
W/ResourceType(10532): No known package when getting name for resource number 0xffffffff
W/ResourceType(10532): No known package when getting name for resource number 0xffffffff
W/ResourceType(10532): No known package when getting name for resource number 0xffffffff
W/ResourceType(10532): No known package when getting name for resource number 0xffffffff
W/ResourceType(10532): No known package when getting name for resource number 0xffffffff
W/ResourceType(10532): No known package when getting name for resource number 0xffffffff
W/ResourceType(10532): No known package when getting name for resource number 0xffffffff
W/ResourceType(10532): No known package when getting name for resource number 0xffffffff
W/ResourceType(10532): No known package when getting name for resource number 0xffffffff
W/ResourceType(10532): No known package when getting name for resource number 0xffffffff
W/ResourceType(10532): No known package when getting name for resource number 0xffffffff
W/ResourceType(10532): No known package when getting name for resource number 0xffffffff
W/ResourceType(10532): No known package when getting name for resource number 0xffffffff
W/ResourceType(10532): No known package when getting name for resource number 0xffffffff
W/ResourceType(10532): No known package when getting name for resource number 0xffffffff
W/ResourceType(10532): No known package when getting name for resource number 0xffffffff
W/ResourceType(10532): No known package when getting name for resource number 0xffffffff
W/ResourceType(10532): No known package when getting name for resource number 0xffffffff
W/ResourceType(10532): No known package when getting name for resource number 0xffffffff
W/ResourceType(10532): No known package when getting name for resource number 0xffffffff
W/ResourceType(10532): No known package when getting name for resource number 0xffffffff
W/ResourceType(10532): No known package when getting name for resource number 0xffffffff
W/ResourceType(10532): No known package when getting name for resource number 0xffffffff
W/ResourceType(10532): No known package when getting name for resource number 0xffffffff
W/ResourceType(10532): No known package when getting name for resource number 0xffffffff
W/ResourceType(10532): No known package when getting name for resource number 0xffffffff
W/ResourceType(10532): No known package when getting name for resource number 0xffffffff
W/ResourceType(10532): No known package when getting name for resource number 0xffffffff
D/OpenGLRenderer(10532): endAllStagingAnimators on 0xd4893500 (CardView) with handle 0xda4062b0
I/mono-stdout(10532): done making call to: /v3/job?DID=job5&outputjson=true&ShowApplyRequirements=true&DeveloperKey=WDHR8FC6P2JZ1Y61KLM5
I/mono-stdout(10532): done making call to: /consumer/saved-jobs/?DeveloperKey=WDHR8FC6P2JZ1Y61KLM5
W/google-breakpad(11020): -----BEGIN BREAKPAD MICRODUMP-----
W/google-breakpad(11020): O A arm 08 armv8l 3.10.73-g9741316 #1 SMP PREEMPT Thu Nov 5 02:17:00 UTC 2015
W/google-breakpad(11020): S 0 D9713F38 D9713000 00002000
W/google-breakpad(11020): S D9713000 647454EF00400000B8C07ED8DA040002DA040002409D13EDE0A304DA484537EFDA040002409D13ED5A9E13EDDA040000C03071D908DF32EF000000000C000000106094D9009A004000000000E0A304DA009A13EDDA040002106094D9D8E36FDD00000000EDBD6FDD983071D9E0E533EFD8E36FDD00000000DA04000000FA95EBDA04000000FA95EB009A13ED106094D9D8E36FDDEDBD6FDDE83471D93CF233EF00000000E0A304DA009A13EDDA040002106094D9D8E36FDD00000000EDBD6FDD783111EDE0E533EFD8E36FDD0000000094951BF77BB019F7DA04000000FA95EB009A13ED106094D9D8E36FDDEDBD6FDD403571D93CF233EF10000000000000000000000070000000000000006300000048AEBEDA00400000783111EDDA040002DA040002409D13EDE0A304DA484537EF04000000E00528F504000000E00528F5607042D7D9E318F720591CF7607042D703000000607042D780ED9CDA007042D794951BF788ED9CDA2000000003000000400128F547F619F700000000702DADD4
W/google-breakpad(11020): S D9713180 487042D7C0066BD403000000100000000000000020000000647454EF0040000088ED9CDA702DADD4007042D7000000000C631CF780ED9CDA94951BF788ED9CDA702DADD47FB619F700200000D19E19F700000000602DADD400200000CA070002283994D910000000000000000DE46FDD647454EF40000000702DADD4C0066BD4FB98CEDF0000000088ED9CDA602DADD4007042D7502DADD40C631CF780ED9CDA94951BF788ED9CDA602DADD47FB619F7C0066BD400A104DA00000000F47043D7983271D9EC3937EF00200000B8000000483D53EF0200000068AB13ED05000000BD010000ACA204DA00A104DA502DADD410A304DA00A104DAC0066BD488D680D80000000088D680D8983271D964174AEF2CA304DA88D680D8903471D9C8A724EF682E43D7A0EC21EF0000000030EC6BEB103371D9403471D901000000403471D9C0D731D900000000409073D428EC6BEBB8C07ED828EC6BEB003371D910F739EF60FDC3DE403471D9F47043D70000000001000000EC7043D70000000000000000
W/google-breakpad(11020): S D9713300 FFF54AEFFA98CEDF0000000017F64AEF967254EF00000000C0066BD4DAF54AEF0100000010A304DAC0066BD4F0700040187043D7602E43D788D680D8E0FAFFFF88300000000CC3D9606094D9FEE66FDD000CC3D900000000303471D9993218F7E0FAFFFF8830000000000000287232EF30A104DA01000000000000000000000000000000B02C43D7487343D7FB98CEDF88D680D800000000DAF54AEF00000000ACA204DAF07043D7FA98CEDFA8CB38D700000000F81B43D7103471D900ED30EF5A10C3D90C4254EF0C4254EF0C4254EF000000000C000000606094D9000C0040000000000100000000000000F4892BEF00FA95EB000CC3D9606094D9FEE66FDD1CA749EF3086A5D8FEE66FDD34054D2634054D260000000000FA95EB000CC3D9606094D9FEE66FDD000000000DE46FDD803871D9C4F033EFE0A304DA7C2C43D7D82E43D700002000000000009C0200006D01000005000000B8C07ED800A104DA68AB13ED782C43D788D680D8682D43D7903471D9149821EF00A104DAF87343D7
W/google-breakpad(11020): S D9713480 00A104DA202E43D7902B43D7682D43D7403571D9ECC421EF782C43D7902B43D75A00000000000000F03471D91008024000000000DC98CEDFE698CEDF1000000088ED9CDA502DADD4007042D7402DADD40C631CF780ED9CDA94951BF788ED9CDA502DADD47FB619F740066BD400A104DA00000000942B43D7503571D9EC3937EFD1C3F6FF00A104DA483D53EF0200000080586DD40800000000A104DA0100000088CA38D7402DADD410A304DA00A104DA40066BD4283C77D802000000283C77D8503571D964174AEF2CA304DA283C77D8483771D9C8A724EFAC0B54D9FFFFFFFF780354D7FFFFFFFF500D6CD4010000003C0728F500000000000000000000000000000000280000000100000000000000000000000100000001000000942B43D788D680D800000000010000008C2B43D70000000000000000FFF54AEFEB98CEDF0000000017F64AEF010000000200000040066BD4DAF54AEF0100000010A304DA94951BF77BB019F7102A43D7E02843D7283C77D801000000009A13ED583571D9
W/google-breakpad(11020): S D9713600 E0A304DA000000002CA304DA000000000000000000A104DAE02743D700000000010000000000000030A104DA01000000000000000000000004000000380528F508000000D19E19F7487042D7D9E318F708000000487042D702000000487042D700000000E0566DD494951BF788ED9CDA0000000008000000400128F547F619F7000000002000000000000000902FADD40000000080056BD40400000010000000307042D72000000020591CF7307042D788ED9CDA902FADD4007042D7000000000C631CF780ED9CDA94951BF788ED9CDA01000000A30000040000000000000000C03871D9C07867EA183771D9280549EF0C0000001790B61184D31AEF0100000000FA95EB000000000C000000D19E19F7007042D70000000010000000802FADD4007042D7D02DADD40C631CF780ED9CDA94951BF788ED9CDA802FADD47FB619F780056BD400A104DA000000005C2D43D7A83771D9EC3937EF683771D978B62DEF083E53EF0E000000A8546DD400000000203764D400A104DA80056BD4D02DADD4
W/google-breakpad(11020): S D9713780 10A304DA0C000000385B8BEE580F32D9000000003056ABD8000000009C110000B03771D91CC949EF5C9649EF9C110000E03771D9C49749EF580F32D9407958EF0B00000045010000580F32D93056ABD84B000000E0FAFFFF45010000580F32D93056ABD8A05B3AEF385B8BEE400F32D94501000050E510ED473871D91084011B001001100114071808180D2C0D300D340D3C123C123C13C00014CC0019D00019D40019D80019E0001EE0001EE0001FE40020F00025F40025F80025FC002584012A84012B840100D7D8FD31D90100000000FA95EBB03771D9E0A304DA000000002CA304DA000000000000000000A104DAF82843D700000000900094D4FC0C94D40000000000100000FC0C94D4BFC718F7D83871D9B03871D9FC0C94D4E40128F5E80128F5FC0C94D400000000EBC918F7B80878D4FFFFFFFF6C0674D4FFFFFFFF00000000809C56D7F80D74D9FFFFFFFFC0000000D19E19F7FC0C94D401000000C00000000C4254EF0C4254EFC4B594EB00000000387143D788ED9CDA009E56D7
W/google-breakpad(11020): S D9713900 007042D7C09B56D70C631CF780ED9CDA94951BF788ED9CDA009E56D77FB619F7703971D9680731EF00000000010000000C4254EF40F166EAA4FB55EF0C4254EFC07043D7C000000001000000C000000081010000681143D7C85D54EFC09B56D720000000FFFF00000000000000A104DA00000000C09B56D7503C71D9AC6E26EFD02DADD4307042D704000000400128F5040000000000000078FD4AEF30BF4DEF143A71D97BFC4AEFE3FB4AEFA7C74AEF7BFC4AEF18C94DEF71FC4AEF00A104DA409D56D7483D71D9C09B56D730BF4DEFA87943D70000000018300000D19E19F7FFFFFFFF0000000000380000A9BF4DEF00040000D19E19F7809C56D73000000000040000ACA204DA407243D77FB619F7FFFFFFFFFFFFFFFFFFFFFFFF80DE1BF700000000188A43D74000000001000000683A71D9188A43D7000000000000000094951BF77BB019F7ACA104DA388B43D734147CEAFFFFFFFF34147CEAFFFFFFFF0C0964EAFFFFFFFF0C0964EAFFFFFFFF200438D7F43B71D9801443D700000000
W/google-breakpad(11020): S D9713A80 409A56D7C0DE1BF7C0DE1BF780DE1BF794951BF77BB019F7C0DE1BF7C0DE1BF7C0DE1BF780DE1BF700000000102A0000C0DE1BF78DCA15F7010000000000000014DC4DEFC0DE1BF7C0DE1BF780DE1BF7583B71D900000000C0DE1BF7C0DE1BF7C0DE1BF780DE1BF700000000102A0000C0DE1BF78DCA15F714DC4DEF34054D26103B71D90040000058D41AF79FCB15F70100000034054D2600000000E02CADD40C000000D19E19F7000000001000000010000000033118F700000000180000000000000040534BD7804971D98000000002402429A0000000407958EF9C3B004088ED9CDA802DADD4007042D7000000000C631CF780ED9CDA94951BF788ED9CDA802DADD47FB619F70C631CF780ED9CDA94951BF710000000E08F67D40C000000485F8BEE580F32D900000000E02CADD400000000CC000000C83B71D91CC949EF5C9649EF00000000802DADD4B8534BD788ED9CDA106096D4403C25D9170000002F00000018000000645ACCD836000000403C71D914F636EF503C71D9C88C21EF
W/google-breakpad(11020): S D9713C00 303C71D910000000407958EFECE936EF407958EFD07958EF50EA34D9407958EF04CCA8D8407958EF50EA34D9C04DB1D9106096D400A104DAC04DB1D9C89A3DEF503C71D904EF36EF106096D4B03600002B00000002000000280438D7400128F5240534D75BE618F70200000090591CF7C8F634D7487042D704000000400128F50400000000000000487042D704000000D87442D7B3F719F70C4254EF010000000200000050010000F8030000E8621CF788ED9CDA0200000088ED9CDA90309AD9007042D7386094D90C631CF780ED9CDA94951BF788ED9CDA88ED9CDA386094D9007042D700A104DA88ED9CDA00A104DA007042D7580F32D90C631CF780ED9CDA94951BF72C3D71D9407958EF00E834D951000000200000002000000010E796D980E696D9D89661D8503D71D948ED36EF00CCA8D80100000084D31AEFD89661D8710000001800000018000000B03C25D9403C25D9F059CCD8803D71D948ED36EF00CCA8D80100000084D31AEFF059CCD890FC55EF0000000000000000407958EF
W/google-breakpad(11020): S D9713D80 A83D71D930EB36EFC03A62D400000000407958EF00000000D89661D80000000060C74EDCEC59CCD8F059CCD850EA34D9D89661D800000000D89661D800000000D03D71D9880D32EFF059CCD850E1B1D8303E71D9D89661D8D859CCD800000000F03D71D9880D32EF4856CCD80000000000000000303F71D900000000F059CCD8283E71D930EB36EF0000000000000000D89661D8403E71D9C03A62D4F059CCD8403E71D9D89661D8F059CCD8303F71D9903E71D9B82B2DEF00000000403E71D900000000D859CCD84856CCD8503F71D9B03E71D9B82B2DEF00000000603E71D900000000407958EF903E71D90000000000000000B03F71D9983E71D9C03A62D4983E71D91C453CEF903E71D94C0728EF883F71D984D01DEFA04405DA085841D7C03A62D4683F71D9F059CCD8883F71D9883F71D984D01DEFA04405DA085841D7580F32D9883F71D94856CCD8883F71D9407958EF0000000000000000184071D9000000004C4FCCD82C4CCCD858E634D90000000000000000183F71D9400F32D9
W/google-breakpad(11020): S D9713F00 183F71D91C453CEF103F71D94C0728EFE83F71D984D01DEFA04405DA085841D7400F32D9E83F71D9B050CCD8E83F71D970BE15DC08712DDCF8FFFFFF304971D9A0824EDC30441EDC70BE15DC08712DDC08AEB2DAE0FAFFFFE44771D908712DDC08AEB2DAF059CCD8D0431EDC0000000008AEB2DAE0FAFFFFD0431EDC0000000008AEB2DA4856CCD8C0399AD9000000004C4FCCD8A84071D90000000000000000700300000000000008AEB2DAC0F391DA504071D970030000E83F71D9304971D9A0824EDC30441EDC504071D970BE15DC08712DDCE0FAFFFF0000000008AEB2DAE83F71D9B050CCD8000000000000000000000000A0824EDC00000000000000000000000000000000284071D9200C32D9284071D908712DDC0000000000000000E0941FDC0000000000000000000000000000000000000000604071D9504071D9E44771D908AEB2DAA84071D94C4FCCD808712DDC0000000000000000E0941FDC000000000000000000000000FFFFFFFF00000000000000000000000000000000
W/google-breakpad(11020): S D9714080 E0941FDC08712DDC604071D900000000644071D900000000604071D90000000008AEB2DA2C4CCCD8000000000000000070030000D84071D908AEB2DAC0F391DA584171D900000000F84071D9304971D9584171D930441EDCD0431EDC584171D908AEB2DAE0941FDC68441EDC08AEB2DAF84071D9AC48CCD8000000000000000000000000A0824EDC000000000000000000000000000000007A6054EF30EB36EF604171D9D0431EDCE0941FDC0000000000000000000000000000000000000000604171D9584171D9E44771D908AEB2DAD04171D92C47CCD8D0431EDCE0941FDC000000000000000000000000FFFFFFFF00000000000000000000000000000000E0941FDCD0431EDC604171D900000000644171D900000000604171D90000000008AEB2DA288461D868441EDC68441EDC30441EDC68441EDC08AEB2DA68441EDCF08F0FDC68441EDC08AEB2DA908763D80000000000000000D07963D8604271D9F84271D9407E37D7FDFFFFFF347E37D7E0FAFFFFBCD191DA584271D924452DEF
W/google-breakpad(11020): S D9714200 347E37D7084271D97003000040AD42DC08AEB2DA68441EDC0000000008AEB2DA404271D9288763D868441EDC0000000098C603DC68441EDC08AEB2DABCF091DA000000000100000000000000A0824EDC0000000000000000000000000000000000000000015841D700000000304371D9BCD191DA304371D9700300000000000068441EDC01ED91DA00000000010100001E000000F08F0FDC98C603DC08AEB2DAC04271D9C4EB91DA98C603DCF08F0FDC68441EDC0100000008AEB2DA488263D800000000E8EA91DAC00C81D63C4371D9681C4BD7F0E027EF000000005CE191DA000000000000000068441EDC08AEB2DA304371D98C7C63D868441EDC00000000E9894CEF00FEFFFF0002030200000000000000000000000008AEB2DAE87963D868441EDC304371D908AEB2DABCD191DAA8C103DC8D530500014371D968441EDC00CC8ED6000100130000000000000000000000000200000088ED9CDA98D091DA00000000E48F54D740AD42DC10000000000000000CD191DAE44771D900000000
W/google-breakpad(11020): S D9714380 48FD31EF00000000204871D940AD42DC0000000000000000A84371D910AD42DC00000000B0AD42DC0000000000000000E04371D9280549EF344471D9A62FCB120000000000000000204871D908AD42DC00000000409897EB40AD42DC00000000304771D9246D21EF0A000000B30101F5FC9EE96F01000000003817F50C3817F5407958EF0000000000000000989EE96F7C4471D934054D2600000000B01B0000F044EE6F006241D7608F58D70100100043000000144571D901000000284571D9010010001F07FEF4989EE96FC3260000A0A7CD6FC0DE1BF70500000000000000A44471D9A84471D904000000787042D7D04571D9402217F501000000DAE057700A0000000100000028C91BF5006241D7608F58D700C023F5006241D743000000000043000200000000000000D505FEF4544571D901000000608F58D7144571D901000000284571D9010010001564E8F400000000C0DE1BF78C4571D900000000444571D930441AF5C0DE1BF71C4571D97CDE1BF500800300007042D794951BF7
W/google-breakpad(11020): S D9714500 1D0000000000000088ED9CDA00000000C039B2DA2DFD18F7000000000000570080000000000000000000000020000000608F58D71C000000800000001D00000088ED9CDA2000000080ED9CDA00FD4BD7C0321BF7ADAE19F71D000000000000000000000000000000007042D7004571D900000000742D17F52C2217F5402217F500005700F44571D90100000001000000C0DE1BF7804971D9C0DE1BF7304971D90000000000C023F5006241D7884C1AF50000000000000000018F58D7006241D7608F58D700000000F44571D9C0DE1BF7C0DE1BF780DE1BF7604671D900000000C0DE1BF7C0DE1BF7C0DE1BF780DE1BF700000000A44671D9C0DE1BF78DCA15F7F09918DC981245EF00000000300000000010000030E054EF484671D900000000404671D9C0DE1BF7C0DE1BF780DE1BF7B84671D900000000C0DE1BF7C0DE1BF7C0DE1BF780DE1BF700000000FC4671D9C0DE1BF78DCA15F7A8F397EB34054D26DC73A9DAA44671D90000000009CC15F7DC73A9DA000000000000000040F363D4
W/google-breakpad(11020): S D9714680 000000007FB619F7000000000800000000000000FFFF00002800000034054D26204871D900000000804971D90000000081000000DC73A9DA00000000000000000000000002000000000000000200000033E10600553318F788ED9CDA40F363D4007042D7C073A9DA0C631CF780ED9CDA94951BF788ED9CDA40F363D47FB619F7000000000C4254EF0000000034054D2600000000409897EB00000000D86221EF00000000E44771D9AC360000204871D9584771D9EC543EEFE44771D94435000000000000E44771D9000000000000000060C74EDC0838B1DA704871D9A0B53CEFE44771D90000000080ED9CDA007042D794951BF70C4254EFA4FB55EF0C4254EF0C4254EF718D4CEFD9854CEF0C4254EF0C4254EF0C4254EF9CBE3CEF0C4254EF0C4254EF0C4254EF0C4254EF0C4254EF0C4254EF4B8E4CEFC5DE4BEF0C4254EF0C4254EF138E4CEF0C4254EF0C4254EF60C74EDC0C4254EF60809EDA0C4254EF0C4254EF00000000184871D9284871D9000000005C4871D900000000A4AD3CEF
W/google-breakpad(11020): S D9714800 704871D95702E7F4284871D9407958EF00000000D000000000000000A03500000000000001C74EDC00C023F5000000005C4871D9000000000000000000000000304971D900A31CF5304971D97CB588D788C74EDC60C74EDC60B588D7304971D97CB588D788C74EDC00000000A4AD3CEFE04871D970563CEFA00FFFFF808C54D70000000000000000C04871D9012D18F702000000804971D900000000A13A18F702000000808C54D7304971D90000000000000000B0ED19D8804971D90000000000000000A0ED19D860B588D7B0ED19D8304971D93C553CEF64F02FDA004061D9104971D994AE48EF304971D97800000053D31AF700000000304971D9704971D9304971D97800000080F92FDA004061D904AD48EF852818F7652818F7384971D9652818F777CF15F7784971D900000000305973D930E950D9102A00002429000000000000004061D930091000001000000000000000000000000000000000000004AD48EFA0ED19D80000000000E0A4D90100000000101000784971D9304971D9
W/google-breakpad(11020): S D9714980 16000000000000000000000034054D2600000000000000000000000000000000000000000000000000000000000000000000000000000000000000000000000000000000000000000000000000000000000000000000000000000000000000000000000000000000000000000100000080ED9CDA0000000000000000000000000000000001000000006241D700000000000000000000000000000000000000000000000000000000000000000000000000000000000000000000000000000000000000000000000000000000000000000000000001000000005841D701000000085841D701000000005841D701000000808C54D70000000000000000010000004C00000001000000808C54D701000000407958EF01000000407958EF000000000000000000000000000000000100000060C74EDC0100000060C74EDC0100000000000000000000000000000000000000000000000000000000000000000000000000000000000000000000000000000000000000000000000000000000000000
W/google-breakpad(11020): S D9714B00 000000000000000000000000000000000000000000000000000000000000000000000000000000000000000000000000000000000000000000000000000000000000000000000000000000000000000000000000000000000000000000000000000000000000000000000000000000000000000000000000000000000000000000000000000000000000000000000000000000000000000000000000000000000000000000000000000000000000000000000000000000000000000000000000000000000000000000000000000000000000000000000000000000000000000000000000000000000000000000000000000000000000000000000000000000000000000000000000000000000000000000000000000000000000000000000000000000000000000000000000000000000000000000000000000000000000000000000000000000000000000000000000000000000000000000000000000000000000000000000000000000000000000000000000000000000000000000000000
W/google-breakpad(11020): S D9714C80 000000000000000000000000000000000000000000000000000000000000000000000000000000000000000000000000000000000000000000000000000000000000000000000000000000000000000000000000000000000000000000000000000000000000000000000000000000000000000000000000000000000000000000000000000000000000000000000000000000000000000000000000000000000000000000000000000000000000000000000000000000000000000000000000000000000000000000000000000000000000000000000000000000000000000000000000000000000000000000000000000000000000000000000000000000000000000000000000000000000000000000000000000000000000000000000000000000000000000000000000000000000000000000000000000000000000000000000000000000000000000000000000000000000000000000000000000000000000000000000000000000000000000000000000000000000000000000000000
W/google-breakpad(11020): S D9714E00 000000000000000000000000000000000000000000000000000000000000000000000000000000000000000000000000000000000000000000000000000000000000000000000000000000000000000000000000000000000000000000000000000000000000000000000000000000000000000000000000000000000000000000000000000000000000000000000000000000000000000000000000000000000000000000000000000000000000000000000000000000000000000000000000000000000000000000000000000000000000000000000000000000000000000000000000000000000000000000000000000000000000000000000000000000000000000000000000000000000000000000000000000000000000000000000000000000000000000000000000000000000000000000000000000000000000000000000000000000000000000000000000000000000000000000000000000000000000000000000000000000000000000000000000000000000000000000000000
W/google-breakpad(11020): S D9714F80 0000000000000000000000000000000000000000000000000000000000000000000000000000000000000000000000000000000000000000000000000000000000000000000000000000000000000000000000000000000000000000000000000000000000000000000000000000000000000000000000000000000000000000
W/google-breakpad(11020): C 060000400000000000000000F8FFFFFF304971D9A0824EDC30441EDC70BE15DC70BE15DC08AEB2DAE0FAFFFFE44771D9883F71D9D89661D8383F71D9A0000000009761D810000F600000000000000000000000000000000000000000000000000000000000000000000000000000000000000000000000000000000000000000000000000000000000000000000000000000000000000000000000000000000000000000000000000000000000000000000000000000000000000000000000000000000000000000000000000000000000000000000000000000000000000000000000000000000000000000000000000000000000000000000000000000000000000000000000000000000000000000000000000000000000000000000000000000000000000000000000000000000000000000000000000000000000000000000000000000000000000000000000000000000000000000000000000000000000000000000000000000000000000000
W/google-breakpad(11020): M AAC33000 00000000 00005000 B11131ACAEA04730E8812A7546019DD70 app_process32
W/google-breakpad(11020): M D923A000 00000000 00006000 6C110E4E29910EB42E10D6F6540BB0DA0 libwebviewchromium_plat_support.so
W/google-breakpad(11020): M E2A01000 03716000 01AE1000 488126E5C3908224A6BF664CC97A94320 libwebviewchromium.so
W/google-breakpad(11020): M E8E01000 00000000 00006000 FEC9541933ACE52D7B868116F343FB2B0 libwebviewchromium_loader.so
W/google-breakpad(11020): M E8EA5000 00000000 00005000 6CB98C1690A536CF6709829EEDA3C7A70 libjnigraphics.so
W/google-breakpad(11020): M E8EAA000 00000000 0000A000 59CFF69D627F008A007192B16466AFF20 libcompiler_rt.so
W/google-breakpad(11020): M E8EB4000 00000000 00011000 9A97D038612E9C34781A7B2797F8DC040 libandroid.so
W/google-breakpad(11020): M E8EC5000 00000000 0000A000 9FD41AAD1026C5EDC817406470FD22400 libqservice.so
W/google-breakpad(11020): M E8ECF000 00000000 0000C000 54B36755664D2E98999B9CCFC164B8510 libqdutils.so
W/google-breakpad(11020): M E8EDB000 00000000 00005000 6CB97ED331F2ED33C7B85EBC9C19BDDD0 libqdMetaData.so
W/google-breakpad(11020): M E8EE0000 00000000 00008000 47F8C17875F2C87E91D7EA98F2504D150 libmemalloc.so
W/google-breakpad(11020): M E8EE8000 00000000 00009000 C7194598E9A901A2A84BF14BE67228000 gralloc.msm8994.so
W/google-breakpad(11020): M E8EF1000 00000000 0000C000 2A67CCECB355562E420451AD4B9811A90 eglSubDriverAndroid.so
W/google-breakpad(11020): M E8EFD000 00000000 00026000 9F49D01DD4FBB5FFCF3613150881B4500 libGLESv1_CM_adreno.so
W/google-breakpad(11020): M E8F23000 00000000 0073D000 2076F62BFFE762262BDB09FC9D5564F90 libllvm-glnext.so
W/google-breakpad(11020): M E9671000 00000000 00495000 5E66A8AF513BAEC4DDD22A5E486CA5740 libGLESv2_adreno.so
W/google-breakpad(11020): M E9B08000 00000000 0003D000 93AC4CD274A1E3BCEBF3CE5F949EB5780 libgsl.so
W/google-breakpad(11020): M E9B45000 00000000 00007000 970ACFD9475F636B156547BA7CB914970 libadreno_utils.so
W/google-breakpad(11020): M E9B4E000 00000000 00012000 2E578A88F58C311E721035666D5653FF0 libEGL_adreno.so
W/google-breakpad(11020): M EB6DF000 00000000 0001B000 E439051B61677F9DFD3F42CE220CD6BF0 libkeymaster1.so
W/google-breakpad(11020): M EB6FA000 00000000 0000B000 E8088E2F98915A39B7E6BB1A2AE039FC0 libkeymaster_messages.so
W/google-breakpad(11020): M EB705000 00000000 00017000 F3F4C2846FFCEA7E1B78D3FBE0572CAD0 libsoftkeymasterdevice.so
W/google-breakpad(11020): M EB71C000 00000000 0000E000 AAC8B8364869B51CC4A97DD5C714EC090 libkeystore_binder.so
W/google-breakpad(11020): M EB72A000 00000000 00006000 7124D8564C80C3094310ABA6614DAB910 libkeystore-engine.so
W/google-breakpad(11020): M EB730000 00000000 00018000 3CCB59EE449CD322CE049700F2B8049C0 libjavacrypto.so
W/google-breakpad(11020): M EB749000 00000000 00010000 A30E9C5A862E832BBFAF3B434C76D0E60 libstagefright_amrnb_common.so
W/google-breakpad(11020): M EB759000 00000000 0002C000 F966FB2BA53F2EA33FE2DC60D471CD690 libexif.so
W/google-breakpad(11020): M EB785000 00000000 0000D000 BAB9BA33093729141580198BE09073330 libjhead.so
W/google-breakpad(11020): M EB793000 00000000 00018000 854FF85550BC71CA99F164BBFC01DAF70 libmtp.so
W/google-breakpad(11020): M EB7AB000 00000000 00048000 CD50661D5ACE524DD138D26D5DE4D2760 libmedia_jni.so
W/google-breakpad(11020): M EF1ED000 00000000 00359000 A5DB79F75FCBC557F610019CD92408C50 libmonosgen-2.0.so
W/google-breakpad(11020): M EF5D7000 00000000 00005000 B3BD34962FE5C029C66D802FC7AB87920 memtrack.msm8994.so
W/google-breakpad(11020): M F0C43000 00000000 00036000 0943706BF440F1591EF6BCFC7A4032A70 libjavacore.so
W/google-breakpad(11020): M F3B4F000 00000000 00026000 27D56D65054B7003753F260049FAA5080 libmonodroid.so
W/google-breakpad(11020): M F4D80000 00000000 0043E000 090628FEE177915F7F9AA98533485BCF0 libart.so
W/google-breakpad(11020): M F52D6000 00000000 00005000 3C93548437F51636C41BEFEC179BC4710 libsigchain.so
W/google-breakpad(11020): M F52FE000 00000000 00A5C000 DAB3693CB3D62A215B4DF68A97016FE10 libLLVM.so
W/google-breakpad(11020): M F5D63000 00000000 00038000 40CAD887423CB4B9F2FCBD2F28DA0F9C0 libbcinfo.so
W/google-breakpad(11020): M F5D9B000 00000000 0005B000 E3C922410FBE6C53FB58D9CC11445D590 libbcc.so
W/google-breakpad(11020): M F5DF6000 00000000 0000E000 0A07F40D33AB1AB4FE7F49FCEF1123210 libcommon_time_client.so
W/google-breakpad(11020): M F5E05000 00000000 0001A000 6E54DD91A07BB3BA2B3A1101AA80A6CA0 libprotobuf-cpp-lite.so
W/google-breakpad(11020): M F5E1F000 00000000 00009000 2B5487ACE2353DD06BBCE0A5EDD1743B0 libstagefright_avc_common.so
W/google-breakpad(11020): M F5E28000 00000000 00005000 BF77B7B0D8CB1C05D4D9E3FCCB1170B80 libstagefright_enc_common.so
W/google-breakpad(11020): M F5E2D000 00000000 00007000 64ADBA13487D816709EFE00E09533FE90 libpowermanager.so
W/google-breakpad(11020): M F5E34000 00000000 0001F000 72CCF35699CA1CC490534D0E5A15916D0 libvorbisidec.so
W/google-breakpad(11020): M F5E53000 00000000 00007000 D691E3BDC885CAD2755A032365DBA9F60 libstagefright_yuv.so
W/google-breakpad(11020): M F5E5B000 00000000 00031000 FB9D7DEA0FD7FF5CBDC2193B99563E240 libstagefright_omx.so
W/google-breakpad(11020): M F5E8C000 00000000 0003B000 8BEDD672CFE24C6501C062987355048F0 libopus.so
W/google-breakpad(11020): M F5EC7000 00000000 0000A000 243D48365B04A9984861FE1070F7D5EA0 libmediautils.so
W/google-breakpad(11020): M F5ED1000 00000000 0001A000 E926DAA402C222B9E7583FE91626B9910 libdrmframework.so
W/google-breakpad(11020): M F5EEB000 00000000 00021000 DDFFAC3DD86DC2CDE3524D60A3B79A770 libRScpp.so
W/google-breakpad(11020): M F5F0C000 00000000 00042000 D90EEEDFE3F8583A86C02981AA29AC740 libRS.so
W/google-breakpad(11020): M F5F4E000 00000000 00009000 B86B8D56E3DAFE2157FD5DABA96EECD80 libspeexresampler.so
W/google-breakpad(11020): M F5F57000 00000000 0000B000 2F133C88A93CB2F0DE77E2B7DE1536B00 libnbaio.so
W/google-breakpad(11020): M F5F62000 00000000 00014000 CC12E7EDBFEC6E454AE9494ABEE9EFDA0 libpcre.so
W/google-breakpad(11020): M F5F78000 00000000 00007000 EC71E0A1B0B0C3D56D0E65A52AC0DF840 libwpa_client.so
W/google-breakpad(11020): M F5F7F000 00000000 00070000 E287C2E859528ABFED0B89978D77CF7D0 libGLES_trace.so
W/google-breakpad(11020): M F5FEF000 00000000 00060000 417F31D47E493B04948253130232ECE40 libft2.so
W/google-breakpad(11020): M F604F000 00000000 00029000 ABE88CF058C41846BB868531DE4AE9270 libpng.so
W/google-breakpad(11020): M F6078000 00000000 00005000 90A76BCD4129921E4880632A938BE52A0 libsync.so
W/google-breakpad(11020): M F607D000 00000000 00007000 5BA2119D7F6CE5C6D136A605F8A56A760 libstdc++.so
W/google-breakpad(11020): M F6084000 00000000 00012000 EFE46990D315C91EA8CE5B49CBA412590 libunwind.so
W/google-breakpad(11020): M F60DC000 00000000 0000B000 BDD7C4B3703B0E96EF1B23C1665DEDA40 libbase.so
W/google-breakpad(11020): M F60E7000 00000000 00007000 590072798B82D2C632B663BC840870A40 libeffects.so
W/google-breakpad(11020): M F60EF000 00000000 00006000 9D67808340C0D180BDA4867A48D94B2D0 libstagefright_http_support.so
W/google-breakpad(11020): M F60F5000 00000000 0001B000 663413A116109C22EE8494845825536F0 libstagefright_foundation.so
W/google-breakpad(11020): M F6110000 00000000 0015E000 A5EE56A98E44C772CFBBAA4A6B7185880 libstagefright.so
W/google-breakpad(11020): M F626E000 00000000 0006B000 EA65315B1758C6F7ECD15D7982D1FD680 libhwui.so
W/google-breakpad(11020): M F62D9000 00000000 00005000 1C55C2519DE085BB2728F75F1C3ACAB20 libradio_metadata.so
W/google-breakpad(11020): M F62DE000 00000000 00006000 AF5858CBEC9B09943448E62C99E3FA9C0 libnativebridge.so
W/google-breakpad(11020): M F62E4000 00000000 00006000 A46E22B63BC6E7EB16DB65E6F7060EDD0 libprocessgroup.so
W/google-breakpad(11020): M F62EA000 00000000 00010000 E4A17B336766BF93D6BBE39AF38AEC620 libminikin.so
W/google-breakpad(11020): M F62FA000 00000000 0000E000 26EDA16D972D3FDC0D0364150028368F0 libsoundtrigger.so
W/google-breakpad(11020): M F6309000 00000000 0000E000 A086A6E27F856978984805A3AFAEB7F50 libradio.so
W/google-breakpad(11020): M F6317000 00000000 00006000 DE9A49AB4F78A68C19AB05800ED168E50 libnetd_client.so
W/google-breakpad(11020): M F631D000 00000000 00010000 FBBC6410F14F06C0823D44428DC1900E0 libimg_utils.so
W/google-breakpad(11020): M F632D000 00000000 00409000 F680938ABD551E5D7E41D6701CEED06F0 libpdfium.so
W/google-breakpad(11020): M F6737000 00000000 00009000 3725DB0D6CA8B7874343971EB9ED487E0 libaudioutils.so
W/google-breakpad(11020): M F6740000 00000000 0001C000 8B733D3C558331A0B76E1467AD5AA35B0 libz.so
W/google-breakpad(11020): M F675D000 00000000 0004B000 0A6EC0834FC5D471152B11EA5E634B4A0 libharfbuzz_ng.so
W/google-breakpad(11020): M F67A8000 00000000 00007000 CD1C791909DD4926B8BA079AD31C4A700 libusbhost.so
W/google-breakpad(11020): M F67AF000 00000000 00037000 C51C43C302671B6EE317F355493C6DAD0 libjpeg.so
W/google-breakpad(11020): M F67E7000 00000000 000AD000 B8DC39B4673BFD20555C95A00834F3E90 libmedia.so
W/google-breakpad(11020): M F6894000 00000000 00170000 AA15D547E8579895F3DDC3800384EBD20 libicui18n.so
W/google-breakpad(11020): M F6A04000 00000000 0011A000 B5A7AC2059E716204605A25A1BC628A50 libicuuc.so
W/google-breakpad(11020): M F6B22000 00000000 00026000 2AA07E155C9E8E7BF9F2CA2B81E068620 libssl.so
W/google-breakpad(11020): M F6B48000 00000000 0009D000 723D1653E2ACC92122DED61EEE06856D0 libcrypto.so
W/google-breakpad(11020): M F6BE5000 00000000 00054000 B57AE8285AF41584C7E0DC597498D0A10 libsonivox.so
W/google-breakpad(11020): M F6C3E000 00000000 00011000 FEB82A497A5E321840DFBAB8BDD430000 libselinux.so
W/google-breakpad(11020): M F6C4F000 00000000 00008000 27D78EE89B6E79C9D6D6257953AE026C0 libhardware_legacy.so
W/google-breakpad(11020): M F6C58000 00000000 00005000 E6C2C99F72B5E5958A42FEBEB06F31170 libhardware.so
W/google-breakpad(11020): M F6C5D000 00000000 00006000 C64AEDD38F51FD36501D25CD0BFDE6720 libETC1.so
W/google-breakpad(11020): M F6C63000 00000000 0000F000 C42685E5A1F9AB31F90772E6DB8720610 libGLESv2.so
W/google-breakpad(11020): M F6C72000 00000000 0000A000 E8739084961F72CD83CED9F365AB20590 libGLESv1_CM.so
W/google-breakpad(11020): M F6C7C000 00000000 00068000 DE0DC45A2E4287CCFA86E5AE61ECC9D90 libEGL.so
W/google-breakpad(11020): M F6CE7000 00000000 00065000 93B128A79633CA0AFB09F0F89E927A090 libsqlite.so
W/google-breakpad(11020): M F6D4D000 00000000 0026E000 43B0613854F666DC29EC0BA3BBB9F5F80 libskia.so
W/google-breakpad(11020): M F6FBF000 00000000 0000A000 382464CA4109AEB111F792003DC3F3550 libcamera_metadata.so
W/google-breakpad(11020): M F6FC9000 00000000 0002D000 7E6E915F8253B61FF8C812F873A2DA560 libcamera_client.so
W/google-breakpad(11020): M F6FF6000 00000000 0003F000 16839353F26F89566485AD01979566880 libinputflinger.so
W/google-breakpad(11020): M F7035000 00000000 0001F000 2A72DD76A34AE82BAB02C7E8DF67A2F30 libinput.so
W/google-breakpad(11020): M F7054000 00000000 0005A000 8F0C986C217D3D2C0158FDB14E0C60670 libgui.so
W/google-breakpad(11020): M F70AE000 00000000 00010000 EA05E3FC7057E2C072FF1B3027067F090 libui.so
W/google-breakpad(11020): M F70BE000 00000000 00009000 214A3A38E289ED4F1F9CEE388493A7B90 libnetutils.so
