I/InstrumentationBackend( 9763): Got command:'Command:'Line:null,touch_coordinate', arguments:'[720.0, 2273.0]'
D/Mono    ( 9763): [0xd97c3930] worker starting
D/audio_hw_primary(  511): out_set_parameters: enter: usecase(1: low-latency-playback) kvpairs: routing=2
I/calabash( 9763): execStartActivity 4
I/ActivityManager(  926): START u0 {cmp=com.careerbuilder.SugarDrone/md537fd6201b6818e2e180d2f7606e21a83.ValuePropActivity} from uid 17977 on display 0
D/audio_hw_primary(  511): select_devices: out_snd_device(2: speaker) in_snd_device(0: none)
D/msm8974_platform(  511): platform_send_audio_calibration: sending audio calibration for snd_device(2) acdb_id(15)
I/soundtrigger(  511): audio_extn_sound_trigger_update_device_status: device 0x2 of type 0 for Event 1
D/audio_hw_primary(  511): enable_snd_device: snd_device(2: speaker)
I/calabash( 9763): newActivity1
D/audio_hw_primary(  511): enable_audio_route: apply and update mixer path: low-latency-playback speaker
D/Mono    ( 9763): Unloading image System.dll [0xd7405900].
D/Mono    ( 9763): Image addref System[0xd7c98260] -> System.dll[0xea68e100]: 5
D/Mono    ( 9763): Config attempting to parse: 'System.dll.config'.
D/Mono    ( 9763): Config attempting to parse: '/Users/builder/data/lanes/4009/f3074d2c/source/monodroid/builds/install/mono-armv6/etc/mono/assemblies/System/System.config'.
D/Mono    ( 9763): Unloading image System.dll [0xd7405900].
D/Mono    ( 9763): Image addref System[0xd7c981a0] -> System.dll[0xea68e100]: 6
D/Mono    ( 9763): Config attempting to parse: 'System.dll.config'.
D/Mono    ( 9763): Config attempting to parse: '/Users/builder/data/lanes/4009/f3074d2c/source/monodroid/builds/install/mono-armv6/etc/mono/assemblies/System/System.config'.
D/Mono    ( 9763): Assembly Ref addref CareerBuilder_Search.Droid[0xef629080] -> System.Core[0xef62a700]: 14
D/Mono    ( 9763): Unloading image System.dll [0xd7405900].
D/Mono    ( 9763): Image addref System[0xd7c981a0] -> System.dll[0xea68e100]: 7
D/Mono    ( 9763): Config attempting to parse: 'System.dll.config'.
D/Mono    ( 9763): Config attempting to parse: '/Users/builder/data/lanes/4009/f3074d2c/source/monodroid/builds/install/mono-armv6/etc/mono/assemblies/System/System.config'.
D/Mono    ( 9763): Unloading image System.dll [0xd7405900].
D/Mono    ( 9763): Image addref System[0xd7c981a0] -> System.dll[0xea68e100]: 8
D/Mono    ( 9763): Config attempting to parse: 'System.dll.config'.
D/Mono    ( 9763): Config attempting to parse: '/Users/builder/data/lanes/4009/f3074d2c/source/monodroid/builds/install/mono-armv6/etc/mono/assemblies/System/System.config'.
I/System.out( 9763): result:{"bonusInformation":[],"message":"","success":true}
D/Mono    ( 9763): DllImport searching in: '__Internal' ('(null)').
D/Mono    ( 9763): Searching for 'java_interop_jnienv_call_nonvirtual_object_method'.
D/Mono    ( 9763): Probing 'java_interop_jnienv_call_nonvirtual_object_method'.
D/Mono    ( 9763): Found as 'java_interop_jnienv_call_nonvirtual_object_method'.
D/Mono    ( 9763): DllImport searching in: '__Internal' ('(null)').
D/Mono    ( 9763): Searching for 'java_interop_jnienv_is_assignable_from'.
D/Mono    ( 9763): Probing 'java_interop_jnienv_is_assignable_from'.
D/Mono    ( 9763): Found as 'java_interop_jnienv_is_assignable_from'.
D/Mono    ( 9763): DllImport searching in: '__Internal' ('(null)').
D/Mono    ( 9763): Searching for 'java_interop_jnienv_get_byte_array_region'.
D/Mono    ( 9763): Probing 'java_interop_jnienv_get_byte_array_region'.
D/Mono    ( 9763): Found as 'java_interop_jnienv_get_byte_array_region'.
D/Mono    ( 9763): DllImport searching in: '__Internal' ('(null)').
D/Mono    ( 9763): Searching for 'java_interop_jnienv_set_byte_array_region'.
D/Mono    ( 9763): Probing 'java_interop_jnienv_set_byte_array_region'.
D/Mono    ( 9763): Found as 'java_interop_jnienv_set_byte_array_region'.
D/Mono    ( 9763): Assembly Ref addref CareerBuilder_Search.Droid[0xef629080] -> Newtonsoft.Json[0xef629ce0]: 4
I/System.out( 9763): URI: /backdoor
I/System.out( 9763): params: {json={"method_name":"APISetup","arguments":[200]}
I/System.out( 9763): }
W/Mono    ( 9763): The request to load the assembly System.Core v4.0.0.0 was remapped to v2.0.5.0
D/Mono    ( 9763): Unloading image System.Core.dll [0xd79c6100].
D/Mono    ( 9763): Image addref System.Core[0xd883cbc0] -> System.Core.dll[0xdc469000]: 5
D/Mono    ( 9763): Config attempting to parse: 'System.Core.dll.config'.
D/Mono    ( 9763): Config attempting to parse: '/Users/builder/data/lanes/4009/f3074d2c/source/monodroid/builds/install/mono-armv6/etc/mono/assemblies/System.Core/System.Core.config'.
W/Mono    ( 9763): The request to load the assembly System.Core v4.0.0.0 was remapped to v2.0.5.0
D/Mono    ( 9763): Unloading image System.Core.dll [0xd79c6100].
D/Mono    ( 9763): Image addref System.Core[0xd8b02000] -> System.Core.dll[0xdc469000]: 6
D/Mono    ( 9763): Config attempting to parse: 'System.Core.dll.config'.
D/Mono    ( 9763): Config attempting to parse: '/Users/builder/data/lanes/4009/f3074d2c/source/monodroid/builds/install/mono-armv6/etc/mono/assemblies/System.Core/System.Core.config'.
D/audio_hw_primary(  511): disable_audio_route: reset and update mixer path: low-latency-playback speaker
D/audio_hw_primary(  511): disable_snd_device: snd_device(2: speaker)
I/soundtrigger(  511): audio_extn_sound_trigger_update_device_status: device 0x2 of type 0 for Event 0
W/FragmentManager( 9763): moveToState: Fragment state for ValuePropFragment{135feea #0 id=0x7f0a0148 android:switcher:2131362120:1} not updated inline; expected state 3 found 2
I/art     ( 9763): Background sticky concurrent mark sweep GC freed 297045(12MB) AllocSpace objects, 23(460KB) LOS objects, 30% free, 26MB/37MB, paused 869us total 117.938ms
I/Choreographer( 9763): Skipped 45 frames!  The application may be doing too much work on its main thread.
I/ActivityManager(  926): Displayed com.careerbuilder.SugarDrone/md537fd6201b6818e2e180d2f7606e21a83.ValuePropActivity: +1s106ms
I/Keyboard.Facilitator( 3375): onFinishInput()
D/Mono    ( 9763): DllImport searching in: '__Internal' ('(null)').
D/Mono    ( 9763): Searching for 'java_interop_jnienv_new_byte_array'.
D/Mono    ( 9763): Probing 'java_interop_jnienv_new_byte_array'.
D/Mono    ( 9763): Found as 'java_interop_jnienv_new_byte_array'.
W/SurfaceFlinger(  383): couldn't log to binary event log: overflow.
D/Mono    ( 9763): [0xda41e930] hill climbing, change max number of threads 9
I/System.out( 9763): URI: /backdoor
I/System.out( 9763): params: {json={"method_name":"MyCBBackdoor","arguments":[]}
I/System.out( 9763): }
D/Mono    ( 9763): Assembly Ref addref CareerBuilder_Search.Droid[0xef629080] -> Xamarin.Android.Support.Design[0xef629c20]: 2
I/calabash( 9763): execStartActivity 4
I/ActivityManager(  926): START u0 {cmp=com.careerbuilder.SugarDrone/md5a4824aa66c0dc4d104077b72c1916a44.MasterNavActivity} from uid 17977 on display 0
I/calabash( 9763): newActivity1
D/Mono    ( 9763): DllImport searching in: '__Internal' ('(null)').
D/Mono    ( 9763): Searching for 'java_interop_jnienv_call_int_method'.
D/Mono    ( 9763): Probing 'java_interop_jnienv_call_int_method'.
D/Mono    ( 9763): Found as 'java_interop_jnienv_call_int_method'.
I/System.out( 9763): URI: /map
I/System.out( 9763): params: {json={"query":"* marked:'Skip'","operation":{"method_name":"query","arguments":[]}}
I/System.out( 9763): }
D/Mono    ( 9763): Assembly Ref addref Xamarin.Android.Support.Design[0xef629c20] -> Xamarin.Android.Support.v4[0xef629a40]: 4
D/Mono    ( 9763): Assembly Ref addref CareerBuilder_Search.Droid[0xef629080] -> Xamarin.Android.Support.v7.RecyclerView[0xef629aa0]: 2
D/Mono    ( 9763): Assembly Ref addref Xamarin.Android.Support.v7.RecyclerView[0xef629aa0] -> Xamarin.Android.Support.v4[0xef629a40]: 5
D/Mono    ( 9763): Assembly Ref addref CareerBuilder_Search.Droid[0xef629080] -> FloatingActionButton-Xamarin[0xef6299e0]: 2
W/ResourceType( 9763): No known package when getting name for resource number 0xffffffff
W/ResourceType( 9763): No known package when getting name for resource number 0xffffffff
W/ResourceType( 9763): No known package when getting name for resource number 0xffffffff
D/Mono    ( 9763): Unloading image System.IO.dll [0xd90aba00].
D/Mono    ( 9763): Image addref System.IO[0xd7c985c0] -> System.IO.dll[0xda0dbf00]: 6
D/Mono    ( 9763): Config attempting to parse: 'System.IO.dll.config'.
D/Mono    ( 9763): Config attempting to parse: '/Users/builder/data/lanes/4009/f3074d2c/source/monodroid/builds/install/mono-armv6/etc/mono/assemblies/System.IO/System.IO.config'.
D/Mono    ( 9763): Assembly Ref addref CareerBuilder_Search[0xef62a0a0] -> System.IO[0xdab6c6e0]: 4
W/ResourceType( 9763): No known package when getting name for resource number 0xffffffff
W/ResourceType( 9763): No known package when getting name for resource number 0xffffffff
W/ResourceType( 9763): No known package when getting name for resource number 0xffffffff
W/ResourceType( 9763): No known package when getting name for resource number 0xffffffff
W/FragmentManager( 9763): moveToState: Fragment state for SavedJobsFragment{1df4217 #0 id=0x7f0a0148 android:switcher:2131362120:1} not updated inline; expected state 3 found 2
D/Mono    ( 9763): Assembly Ref addref CareerBuilder_Search.Droid[0xef629080] -> System[0xef62a3a0]: 13
W/FragmentManager( 9763): moveToState: Fragment state for ResumeManagementFragment{6fc5604 #1 id=0x7f0a0148 android:switcher:2131362120:2} not updated inline; expected state 3 found 2
D/Mono    ( 9763): Unloading image System.Linq.dll [0xd90ad300].
D/Mono    ( 9763): Image addref System.Linq[0xd883bc00] -> System.Linq.dll[0xdc46ae00]: 9
D/Mono    ( 9763): Config attempting to parse: 'System.Linq.dll.config'.
D/Mono    ( 9763): Config attempting to parse: '/Users/builder/data/lanes/4009/f3074d2c/source/monodroid/builds/install/mono-armv6/etc/mono/assemblies/System.Linq/System.Linq.config'.
D/Mono    ( 9763): Assembly Ref addref CareerBuilder_Search[0xef62a0a0] -> System.Linq[0xef62a580]: 7
I/art     ( 9763): Starting a blocking GC Explicit
I/art     ( 9763): Explicit concurrent mark sweep GC freed 1579(101KB) AllocSpace objects, 0(0B) LOS objects, 29% free, 38MB/54MB, paused 986us total 26.703ms
I/art     ( 9763): Starting a blocking GC Explicit
I/art     ( 9763): Explicit concurrent mark sweep GC freed 122(6KB) AllocSpace objects, 0(0B) LOS objects, 29% free, 38MB/54MB, paused 1.017ms total 23.307ms
D/Mono    ( 9763): DllImport attempting to load: '/system/lib/liblog.so'.
D/Mono    ( 9763): DllImport loaded library '/system/lib/liblog.so'.
D/Mono    ( 9763): DllImport searching in: '/system/lib/liblog.so' ('/system/lib/liblog.so').
D/Mono    ( 9763): Searching for '__android_log_print'.
D/Mono    ( 9763): Probing '__android_log_print'.
D/Mono    ( 9763): Found as '__android_log_print'.
I/mono-stdout( 9763): uri is: https://api.careerbuilder.com/consumer/resumes?OAuthToken=&HostSite=US&DeveloperKey=WDHR8FC6P2JZ1Y61KLM5
I/art     ( 9763): Starting a blocking GC Explicit
I/art     ( 9763): Explicit concurrent mark sweep GC freed 23(1936B) AllocSpace objects, 0(0B) LOS objects, 29% free, 38MB/54MB, paused 914us total 24.510ms
D/Mono    ( 9763): Unloading image System.Collections.dll [0xd9ab5600].
D/Mono    ( 9763): Image addref System.Collections[0xd883bae0] -> System.Collections.dll[0xea68eb00]: 10
D/Mono    ( 9763): Config attempting to parse: 'System.Collections.dll.config'.
D/Mono    ( 9763): Config attempting to parse: '/Users/builder/data/lanes/4009/f3074d2c/source/monodroid/builds/install/mono-armv6/etc/mono/assemblies/System.Collections/System.Collections.config'.
D/Mono    ( 9763): Assembly Ref addref System.Reactive.Linq[0xef629e60] -> System.Collections[0xef62a460]: 8
D/Mono    ( 9763): DllImport searching in: '__Internal' ('(null)').
D/Mono    ( 9763): Searching for 'java_interop_jnienv_call_nonvirtual_void_method'.
D/Mono    ( 9763): Probing 'java_interop_jnienv_call_nonvirtual_void_method'.
D/Mono    ( 9763): Found as 'java_interop_jnienv_call_nonvirtual_void_method'.
I/art     ( 9763): Starting a blocking GC Explicit
I/mono-stdout( 9763): uri is: https://api.careerbuilder.com/consumer/saved-jobs/?DeveloperKey=WDHR8FC6P2JZ1Y61KLM5
I/art     ( 9763): Explicit concurrent mark sweep GC freed 64(4KB) AllocSpace objects, 0(0B) LOS objects, 29% free, 38MB/54MB, paused 986us total 35.143ms
I/mono-stdout( 9763): uri is: https://api.careerbuilder.com/consumer/resumes?OAuthToken=&HostSite=US&DeveloperKey=WDHR8FC6P2JZ1Y61KLM5
I/mono-stdout( 9763): uri is: https://api.careerbuilder.com/consumer/jobs/search/?Keywords=&Location=&UseFacets=true&PageNumber=1&ExcludeNational=true&DeveloperKey=WDHR8FC6P2JZ1Y61KLM5
I/art     ( 9763): Starting a blocking GC Explicit
D/Mono    ( 9763): Image addref System.Net.Primitives[0xd883ba80] -> System.Net.Primitives.dll[0xef38f600]: 2
D/Mono    ( 9763): Prepared to set up assembly 'System.Net.Primitives' (System.Net.Primitives.dll)
D/Mono    ( 9763): Assembly System.Net.Primitives[0xd883ba80] added to domain RootDomain, ref_count=1
D/Mono    ( 9763): AOT module 'System.Net.Primitives.dll.so' not found: dlopen failed: library "/data/app/com.careerbuilder.SugarDrone-1/lib/arm/libaot-System.Net.Primitives.dll.so" not found
D/Mono    ( 9763): Unloading image System.Net.Primitives.dll [0xd90abf00].
D/Mono    ( 9763): Image addref System.Net.Primitives[0xd7c98e60] -> System.Net.Primitives.dll[0xef38f600]: 4
D/Mono    ( 9763): Config attempting to parse: 'System.Net.Primitives.dll.config'.
D/Mono    ( 9763): AOT module '/Users/builder/data/lanes/4009/f3074d2c/source/monodroid/builds/install/mono-armv6/lib/mono/aot-cache/arm/System.Net.Primitives.dll.so' not found: dlopen failed: library "/data/app/com.careerbuilder.SugarDrone-1/lib/arm/libaot-System.Net.Primitives.dll.so" not found
D/Mono    ( 9763): Config attempting to parse: '/Users/builder/data/lanes/4009/f3074d2c/source/monodroid/builds/install/mono-armv6/etc/mono/assemblies/System.Net.Primitives/System.Net.Primitives.config'.
D/Mono    ( 9763): Config attempting to parse: 'System.Net.Primitives.dll.config'.
D/Mono    ( 9763): Assembly Ref addref CareerBuilder_Search[0xef62a0a0] -> System.Net.Primitives[0xd883ba80]: 2
D/Mono    ( 9763): Config attempting to parse: '/Users/builder/data/lanes/4009/f3074d2c/source/monodroid/builds/install/mono-armv6/etc/mono/assemblies/System.Net.Primitives/System.Net.Primitives.config'.
D/Mono    ( 9763): Unloading image System.Net.Primitives.dll [0xd90afb00].
D/Mono    ( 9763): Assembly Ref addref System.Net.Primitives[0xd883ba80] -> System[0xef62a3a0]: 14
D/Mono    ( 9763): Image addref System.Net.Primitives[0xd7c984a0] -> System.Net.Primitives.dll[0xef38f600]: 6
D/Mono    ( 9763): Config attempting to parse: 'System.Net.Primitives.dll.config'.
D/Mono    ( 9763): Unloading image System.Net.Primitives.dll [0xd9ab1f00].
D/Mono    ( 9763): Config attempting to parse: '/Users/builder/data/lanes/4009/f3074d2c/source/monodroid/builds/install/mono-armv6/etc/mono/assemblies/System.Net.Primitives/System.Net.Primitives.config'.
D/Mono    ( 9763): Image addref System.Net.Primitives[0xd883c740] -> System.Net.Primitives.dll[0xef38f600]: 7
D/Mono    ( 9763): Config attempting to parse: 'System.Net.Primitives.dll.config'.
D/Mono    ( 9763): Config attempting to parse: '/Users/builder/data/lanes/4009/f3074d2c/source/monodroid/builds/install/mono-armv6/etc/mono/assemblies/System.Net.Primitives/System.Net.Primitives.config'.
D/Mono    ( 9763): Unloading image System.Text.Encoding.dll [0xd90afb00].
D/Mono    ( 9763): Image addref System.Text.Encoding[0xd7c98440] -> System.Text.Encoding.dll[0xda0db500]: 5
D/Mono    ( 9763): Config attempting to parse: 'System.Text.Encoding.dll.config'.
D/Mono    ( 9763): Config attempting to parse: '/Users/builder/data/lanes/4009/f3074d2c/source/monodroid/builds/install/mono-armv6/etc/mono/assemblies/System.Text.Encoding/System.Text.Encoding.config'.
D/Mono    ( 9763): Assembly Ref addref CareerBuilder_Search[0xef62a0a0] -> System.Text.Encoding[0xdab6c620]: 3
I/art     ( 9763): Explicit concurrent mark sweep GC freed 96(16KB) AllocSpace objects, 0(0B) LOS objects, 29% free, 38MB/54MB, paused 948us total 27.823ms
D/Mono    ( 9763): Unloading image System.Text.Encoding.dll [0xd9ab1f00].
D/Mono    ( 9763): Image addref System.Text.Encoding[0xd8b02060] -> System.Text.Encoding.dll[0xda0db500]: 6
D/Mono    ( 9763): Config attempting to parse: 'System.Text.Encoding.dll.config'.
D/Mono    ( 9763): Config attempting to parse: '/Users/builder/data/lanes/4009/f3074d2c/source/monodroid/builds/install/mono-armv6/etc/mono/assemblies/System.Text.Encoding/System.Text.Encoding.config'.
I/mono-stdout( 9763): making api call to: /consumer/resumes?OAuthToken=&HostSite=US&DeveloperKey=WDHR8FC6P2JZ1Y61KLM5
I/mono-stdout( 9763): making api call to: /consumer/saved-jobs/?DeveloperKey=WDHR8FC6P2JZ1Y61KLM5
I/mono-stdout( 9763): making api call to: /consumer/jobs/search/?Keywords=&Location=&UseFacets=true&PageNumber=1&ExcludeNational=true&DeveloperKey=WDHR8FC6P2JZ1Y61KLM5
I/mono-stdout( 9763): making api call to: /consumer/resumes?OAuthToken=&HostSite=US&DeveloperKey=WDHR8FC6P2JZ1Y61KLM5
I/mono-stdout( 9763): Method: GET, RequestUri: 'https://api.careerbuilder.com/consumer/saved-jobs/?DeveloperKey=WDHR8FC6P2JZ1Y61KLM5', Version: 1.1, Content: <null>, Headers:

I/mono-stdout( 9763): {

I/mono-stdout( 9763): DeveloperKey: WDHR8FC6P2JZ1Y61KLM5

I/mono-stdout( 9763): Accept: application/json

I/mono-stdout( 9763): Authorization: Bearer test

I/mono-stdout( 9763): HostSite: US

I/mono-stdout( 9763): }
I/mono-stdout( 9763): Current State = 1,2,6,7
I/mono-stdout( 9763): applied jobs = 6
I/mono-stdout( 9763): expired jobs = 7
I/mono-stdout( 9763): saved jobs = Saved,Saved,Applied,Saved
I/mono-stdout( 9763): done making call to: /consumer/resumes?OAuthToken=&HostSite=US&DeveloperKey=WDHR8FC6P2JZ1Y61KLM5
I/mono-stdout( 9763): done making call to: /consumer/resumes?OAuthToken=&HostSite=US&DeveloperKey=WDHR8FC6P2JZ1Y61KLM5
I/mono-stdout( 9763): The resume  with hash has been set as latest
I/mono-stdout( 9763): The resume  with hash has been set as latest
I/art     ( 9763): Starting a blocking GC Explicit
I/art     ( 9763): Explicit concurrent mark sweep GC freed 1934(119KB) AllocSpace objects, 1(20KB) LOS objects, 29% free, 38MB/54MB, paused 863us total 22.912ms
D/Mono    ( 9763): GC_TAR_BRIDGE bridges 173 objects 371 opaque 122 colors 173 colors-bridged 173 colors-visible 173 xref 5 cache-hit 0 cache-semihit 0 cache-miss 0 setup 0.06ms tarjan 0.39ms scc-setup 0.09ms gather-xref 0.01ms xref-setup 0.01ms cleanup 0.06ms
D/Mono    ( 9763): GC_BRIDGE: Complete, was running for 26.02ms
D/Mono    ( 9763): GC_MINOR: (Nursery full) time 23.12ms, stw 23.67ms promoted 889K major size: 1888K in use: 1167K los size: 1024K in use: 370K
I/mono-stdout( 9763): done making call to: /consumer/saved-jobs/?DeveloperKey=WDHR8FC6P2JZ1Y61KLM5
I/mono-stdout( 9763): done making call to: /consumer/jobs/search/?Keywords=&Location=&UseFacets=true&PageNumber=1&ExcludeNational=true&DeveloperKey=WDHR8FC6P2JZ1Y61KLM5
E/RecyclerView( 9763): No adapter attached; skipping layout
I/mono-stdout( 9763): uri is: https://api.careerbuilder.com/consumer/saved-jobs/?DeveloperKey=WDHR8FC6P2JZ1Y61KLM5
I/mono-stdout( 9763): making api call to: /consumer/saved-jobs/?DeveloperKey=WDHR8FC6P2JZ1Y61KLM5
I/mono-stdout( 9763): Method: GET, RequestUri: 'https://api.careerbuilder.com/consumer/saved-jobs/?DeveloperKey=WDHR8FC6P2JZ1Y61KLM5', Version: 1.1, Content: <null>, Headers:

I/mono-stdout( 9763): {

I/mono-stdout( 9763): DeveloperKey: WDHR8FC6P2JZ1Y61KLM5

I/mono-stdout( 9763): Accept: application/json

I/mono-stdout( 9763): Authorization: Bearer test

I/mono-stdout( 9763): HostSite: US

I/mono-stdout( 9763): }
I/mono-stdout( 9763): Current State = 1,2,6,7
I/mono-stdout( 9763): applied jobs = 6
I/mono-stdout( 9763): expired jobs = 7
I/mono-stdout( 9763): saved jobs = Saved,Saved,Applied,Saved
W/art     ( 9763): JNI RegisterNativeMethods: attempt to register 0 native methods for md539c3d548fb000cea9f34163fa7e112ea.ProgressListItemViewHolder
W/ResourceType( 9763): No known package when getting name for resource number 0xffffffff
W/ResourceType( 9763): No known package when getting name for resource number 0xffffffff
W/ResourceType( 9763): No known package when getting name for resource number 0xffffffff
W/ResourceType( 9763): No known package when getting name for resource number 0xffffffff
W/ResourceType( 9763): No known package when getting name for resource number 0xffffffff
W/ResourceType( 9763): No known package when getting name for resource number 0xffffffff
W/ResourceType( 9763): No known package when getting name for resource number 0xffffffff
W/ResourceType( 9763): No known package when getting name for resource number 0xffffffff
W/ResourceType( 9763): No known package when getting name for resource number 0xffffffff
W/ResourceType( 9763): No known package when getting name for resource number 0xffffffff
D/Mono    ( 9763): Assembly Ref addref Xamarin.Android.Support.v7.AppCompat[0xef629bc0] -> System.Core[0xef62a700]: 15
I/Choreographer( 9763): Skipped 112 frames!  The application may be doing too much work on its main thread.
E/RecyclerView( 9763): No adapter attached; skipping layout
I/Keyboard.Facilitator( 3375): onFinishInput()
D/Mono    ( 9763): DllImport searching in: '__Internal' ('(null)').
D/Mono    ( 9763): Searching for 'java_interop_jnienv_call_void_method'.
D/Mono    ( 9763): Probing 'java_interop_jnienv_call_void_method'.
D/Mono    ( 9763): Found as 'java_interop_jnienv_call_void_method'.
E/RecyclerView( 9763): No adapter attached; skipping layout
I/ActivityManager(  926): Displayed com.careerbuilder.SugarDrone/md5a4824aa66c0dc4d104077b72c1916a44.MasterNavActivity: +2s618ms
I/System.out( 9763): URI: /map
I/System.out( 9763): params: {json={"query":"* marked:'Job 1'","operation":{"method_name":"query","arguments":[]}}
I/System.out( 9763): }
I/mono-stdout( 9763): done making call to: /consumer/saved-jobs/?DeveloperKey=WDHR8FC6P2JZ1Y61KLM5
D/Mono    ( 9763): DllImport searching in: '__Internal' ('(null)').
D/Mono    ( 9763): Searching for 'java_interop_jnienv_set_int_field'.
D/Mono    ( 9763): Probing 'java_interop_jnienv_set_int_field'.
D/Mono    ( 9763): Found as 'java_interop_jnienv_set_int_field'.
W/ResourceType( 9763): No known package when getting name for resource number 0xffffffff
W/ResourceType( 9763): No known package when getting name for resource number 0xffffffff
W/ResourceType( 9763): No known package when getting name for resource number 0xffffffff
W/ResourceType( 9763): No known package when getting name for resource number 0xffffffff
W/ResourceType( 9763): No known package when getting name for resource number 0xffffffff
W/ResourceType( 9763): No known package when getting name for resource number 0xffffffff
W/ResourceType( 9763): No known package when getting name for resource number 0xffffffff
W/ResourceType( 9763): No known package when getting name for resource number 0xffffffff
W/ResourceType( 9763): No known package when getting name for resource number 0xffffffff
W/ResourceType( 9763): No known package when getting name for resource number 0xffffffff
W/ResourceType( 9763): No known package when getting name for resource number 0xffffffff
W/ResourceType( 9763): No known package when getting name for resource number 0xffffffff
W/ResourceType( 9763): No known package when getting name for resource number 0xffffffff
W/ResourceType( 9763): No known package when getting name for resource number 0xffffffff
W/ResourceType( 9763): No known package when getting name for resource number 0xffffffff
W/ResourceType( 9763): No known package when getting name for resource number 0xffffffff
W/ResourceType( 9763): No known package when getting name for resource number 0xffffffff
W/ResourceType( 9763): No known package when getting name for resource number 0xffffffff
W/ResourceType( 9763): No known package when getting name for resource number 0xffffffff
E/RecyclerView( 9763): No adapter attached; skipping layout
W/art     ( 9763): JNI RegisterNativeMethods: attempt to register 0 native methods for md539c3d548fb000cea9f34163fa7e112ea.JobResultViewHolder
W/art     ( 9763): JNI RegisterNativeMethods: attempt to register 0 native methods for md543b91ad655f5c020e54c78f692da973f.SnapshotView
W/ResourceType( 9763): No known package when getting name for resource number 0xffffffff
W/ResourceType( 9763): No known package when getting name for resource number 0xffffffff
W/ResourceType( 9763): No known package when getting name for resource number 0xffffffff
W/ResourceType( 9763): No known package when getting name for resource number 0xffffffff
W/ResourceType( 9763): No known package when getting name for resource number 0xffffffff
W/ResourceType( 9763): No known package when getting name for resource number 0xffffffff
W/ResourceType( 9763): No known package when getting name for resource number 0xffffffff
W/ResourceType( 9763): No known package when getting name for resource number 0xffffffff
W/ResourceType( 9763): No known package when getting name for resource number 0xffffffff
W/ResourceType( 9763): No known package when getting name for resource number 0xffffffff
W/ResourceType( 9763): No known package when getting name for resource number 0xffffffff
W/ResourceType( 9763): No known package when getting name for resource number 0xffffffff
W/ResourceType( 9763): No known package when getting name for resource number 0xffffffff
W/ResourceType( 9763): No known package when getting name for resource number 0xffffffff
W/ResourceType( 9763): No known package when getting name for resource number 0xffffffff
W/ResourceType( 9763): No known package when getting name for resource number 0xffffffff
W/ResourceType( 9763): No known package when getting name for resource number 0xffffffff
W/ResourceType( 9763): No known package when getting name for resource number 0xffffffff
W/ResourceType( 9763): No known package when getting name for resource number 0xffffffff
W/ResourceType( 9763): No known package when getting name for resource number 0xffffffff
W/ResourceType( 9763): No known package when getting name for resource number 0xffffffff
W/ResourceType( 9763): No known package when getting name for resource number 0xffffffff
W/ResourceType( 9763): No known package when getting name for resource number 0xffffffff
W/ResourceType( 9763): No known package when getting name for resource number 0xffffffff
W/ResourceType( 9763): No known package when getting name for resource number 0xffffffff
W/ResourceType( 9763): No known package when getting name for resource number 0xffffffff
W/ResourceType( 9763): No known package when getting name for resource number 0xffffffff
I/System.out( 9763): URI: /map
I/System.out( 9763): params: {json={"query":"* marked:'Job 1'","operation":{"method_name":"query","arguments":[]}}
I/System.out( 9763): }
W/ResourceType( 9763): No known package when getting name for resource number 0xffffffff
W/ResourceType( 9763): No known package when getting name for resource number 0xffffffff
W/ResourceType( 9763): No known package when getting name for resource number 0xffffffff
W/ResourceType( 9763): No known package when getting name for resource number 0xffffffff
W/ResourceType( 9763): No known package when getting name for resource number 0xffffffff
W/ResourceType( 9763): No known package when getting name for resource number 0xffffffff
W/ResourceType( 9763): No known package when getting name for resource number 0xffffffff
W/ResourceType( 9763): No known package when getting name for resource number 0xffffffff
W/ResourceType( 9763): No known package when getting name for resource number 0xffffffff
W/ResourceType( 9763): No known package when getting name for resource number 0xffffffff
W/ResourceType( 9763): No known package when getting name for resource number 0xffffffff
W/ResourceType( 9763): No known package when getting name for resource number 0xffffffff
W/ResourceType( 9763): No known package when getting name for resource number 0xffffffff
W/ResourceType( 9763): No known package when getting name for resource number 0xffffffff
W/ResourceType( 9763): No known package when getting name for resource number 0xffffffff
W/ResourceType( 9763): No known package when getting name for resource number 0xffffffff
W/ResourceType( 9763): No known package when getting name for resource number 0xffffffff
W/ResourceType( 9763): No known package when getting name for resource number 0xffffffff
W/ResourceType( 9763): No known package when getting name for resource number 0xffffffff
W/ResourceType( 9763): No known package when getting name for resource number 0xffffffff
W/ResourceType( 9763): No known package when getting name for resource number 0xffffffff
W/ResourceType( 9763): No known package when getting name for resource number 0xffffffff
W/ResourceType( 9763): No known package when getting name for resource number 0xffffffff
W/ResourceType( 9763): No known package when getting name for resource number 0xffffffff
W/ResourceType( 9763): No known package when getting name for resource number 0xffffffff
W/ResourceType( 9763): No known package when getting name for resource number 0xffffffff
W/ResourceType( 9763): No known package when getting name for resource number 0xffffffff
W/ResourceType( 9763): No known package when getting name for resource number 0xffffffff
W/ResourceType( 9763): No known package when getting name for resource number 0xffffffff
W/ResourceType( 9763): No known package when getting name for resource number 0xffffffff
W/ResourceType( 9763): No known package when getting name for resource number 0xffffffff
W/ResourceType( 9763): No known package when getting name for resource number 0xffffffff
W/ResourceType( 9763): No known package when getting name for resource number 0xffffffff
W/ResourceType( 9763): No known package when getting name for resource number 0xffffffff
W/ResourceType( 9763): No known package when getting name for resource number 0xffffffff
W/ResourceType( 9763): No known package when getting name for resource number 0xffffffff
W/ResourceType( 9763): No known package when getting name for resource number 0xffffffff
W/ResourceType( 9763): No known package when getting name for resource number 0xffffffff
W/ResourceType( 9763): No known package when getting name for resource number 0xffffffff
W/ResourceType( 9763): No known package when getting name for resource number 0xffffffff
W/ResourceType( 9763): No known package when getting name for resource number 0xffffffff
W/ResourceType( 9763): No known package when getting name for resource number 0xffffffff
W/ResourceType( 9763): No known package when getting name for resource number 0xffffffff
W/ResourceType( 9763): No known package when getting name for resource number 0xffffffff
W/ResourceType( 9763): No known package when getting name for resource number 0xffffffff
W/ResourceType( 9763): No known package when getting name for resource number 0xffffffff
W/ResourceType( 9763): No known package when getting name for resource number 0xffffffff
W/ResourceType( 9763): No known package when getting name for resource number 0xffffffff
W/ResourceType( 9763): No known package when getting name for resource number 0xffffffff
W/ResourceType( 9763): No known package when getting name for resource number 0xffffffff
W/ResourceType( 9763): No known package when getting name for resource number 0xffffffff
W/ResourceType( 9763): No known package when getting name for resource number 0xffffffff
W/ResourceType( 9763): No known package when getting name for resource number 0xffffffff
W/ResourceType( 9763): No known package when getting name for resource number 0xffffffff
W/ResourceType( 9763): No known package when getting name for resource number 0xffffffff
W/ResourceType( 9763): No known package when getting name for resource number 0xffffffff
W/ResourceType( 9763): No known package when getting name for resource number 0xffffffff
W/ResourceType( 9763): No known package when getting name for resource number 0xffffffff
W/ResourceType( 9763): No known package when getting name for resource number 0xffffffff
W/ResourceType( 9763): No known package when getting name for resource number 0xffffffff
W/ResourceType( 9763): No known package when getting name for resource number 0xffffffff
W/ResourceType( 9763): No known package when getting name for resource number 0xffffffff
W/ResourceType( 9763): No known package when getting name for resource number 0xffffffff
W/ResourceType( 9763): No known package when getting name for resource number 0xffffffff
W/ResourceType( 9763): No known package when getting name for resource number 0xffffffff
W/ResourceType( 9763): No known package when getting name for resource number 0xffffffff
I/System.out( 9763): URI: /map
I/System.out( 9763): params: {json={"query":"* marked:'Job 1'","operation":{"method_name":"query","arguments":[]}}
I/System.out( 9763): }
W/ResourceType( 9763): No known package when getting name for resource number 0xffffffff
W/ResourceType( 9763): No known package when getting name for resource number 0xffffffff
W/ResourceType( 9763): No known package when getting name for resource number 0xffffffff
W/ResourceType( 9763): No known package when getting name for resource number 0xffffffff
W/ResourceType( 9763): No known package when getting name for resource number 0xffffffff
W/ResourceType( 9763): No known package when getting name for resource number 0xffffffff
W/ResourceType( 9763): No known package when getting name for resource number 0xffffffff
W/ResourceType( 9763): No known package when getting name for resource number 0xffffffff
W/ResourceType( 9763): No known package when getting name for resource number 0xffffffff
W/ResourceType( 9763): No known package when getting name for resource number 0xffffffff
W/ResourceType( 9763): No known package when getting name for resource number 0xffffffff
W/ResourceType( 9763): No known package when getting name for resource number 0xffffffff
W/ResourceType( 9763): No known package when getting name for resource number 0xffffffff
W/ResourceType( 9763): No known package when getting name for resource number 0xffffffff
W/ResourceType( 9763): No known package when getting name for resource number 0xffffffff
W/ResourceType( 9763): No known package when getting name for resource number 0xffffffff
W/ResourceType( 9763): No known package when getting name for resource number 0xffffffff
W/ResourceType( 9763): No known package when getting name for resource number 0xffffffff
W/ResourceType( 9763): No known package when getting name for resource number 0xffffffff
W/ResourceType( 9763): No known package when getting name for resource number 0xffffffff
W/ResourceType( 9763): No known package when getting name for resource number 0xffffffff
W/ResourceType( 9763): No known package when getting name for resource number 0xffffffff
W/ResourceType( 9763): No known package when getting name for resource number 0xffffffff
W/ResourceType( 9763): No known package when getting name for resource number 0xffffffff
W/ResourceType( 9763): No known package when getting name for resource number 0xffffffff
W/ResourceType( 9763): No known package when getting name for resource number 0xffffffff
W/ResourceType( 9763): No known package when getting name for resource number 0xffffffff
W/ResourceType( 9763): No known package when getting name for resource number 0xffffffff
W/ResourceType( 9763): No known package when getting name for resource number 0xffffffff
W/ResourceType( 9763): No known package when getting name for resource number 0xffffffff
W/ResourceType( 9763): No known package when getting name for resource number 0xffffffff
W/ResourceType( 9763): No known package when getting name for resource number 0xffffffff
W/ResourceType( 9763): No known package when getting name for resource number 0xffffffff
W/ResourceType( 9763): No known package when getting name for resource number 0xffffffff
W/ResourceType( 9763): No known package when getting name for resource number 0xffffffff
W/ResourceType( 9763): No known package when getting name for resource number 0xffffffff
W/ResourceType( 9763): No known package when getting name for resource number 0xffffffff
W/ResourceType( 9763): No known package when getting name for resource number 0xffffffff
W/ResourceType( 9763): No known package when getting name for resource number 0xffffffff
W/ResourceType( 9763): No known package when getting name for resource number 0xffffffff
W/ResourceType( 9763): No known package when getting name for resource number 0xffffffff
W/ResourceType( 9763): No known package when getting name for resource number 0xffffffff
W/ResourceType( 9763): No known package when getting name for resource number 0xffffffff
W/ResourceType( 9763): No known package when getting name for resource number 0xffffffff
W/ResourceType( 9763): No known package when getting name for resource number 0xffffffff
W/ResourceType( 9763): No known package when getting name for resource number 0xffffffff
W/ResourceType( 9763): No known package when getting name for resource number 0xffffffff
W/ResourceType( 9763): No known package when getting name for resource number 0xffffffff
W/ResourceType( 9763): No known package when getting name for resource number 0xffffffff
W/ResourceType( 9763): No known package when getting name for resource number 0xffffffff
W/ResourceType( 9763): No known package when getting name for resource number 0xffffffff
W/ResourceType( 9763): No known package when getting name for resource number 0xffffffff
W/ResourceType( 9763): No known package when getting name for resource number 0xffffffff
W/ResourceType( 9763): No known package when getting name for resource number 0xffffffff
W/ResourceType( 9763): No known package when getting name for resource number 0xffffffff
W/ResourceType( 9763): No known package when getting name for resource number 0xffffffff
W/ResourceType( 9763): No known package when getting name for resource number 0xffffffff
W/ResourceType( 9763): No known package when getting name for resource number 0xffffffff
W/ResourceType( 9763): No known package when getting name for resource number 0xffffffff
W/ResourceType( 9763): No known package when getting name for resource number 0xffffffff
W/ResourceType( 9763): No known package when getting name for resource number 0xffffffff
W/ResourceType( 9763): No known package when getting name for resource number 0xffffffff
W/ResourceType( 9763): No known package when getting name for resource number 0xffffffff
W/ResourceType( 9763): No known package when getting name for resource number 0xffffffff
W/ResourceType( 9763): No known package when getting name for resource number 0xffffffff
W/ResourceType( 9763): No known package when getting name for resource number 0xffffffff
I/System.out( 9763): URI: /
I/System.out( 9763): params: {json={"command":"touch_coordinate","arguments":[683.0,777.0]}
I/System.out( 9763): }
I/System.out( 9763): header: {content-length=56, host=devicehost47.prod, x-session-token=token-token-088cd88a-2ba8-4c2f-a684-2cd4bbd27d4f, x-forwarded-for=10.222.150.14, content-type=application/json; charset=utf-8, connection=close}
I/System.out( 9763): params: {json={"command":"touch_coordinate","arguments":[683.0,777.0]}
I/System.out( 9763): }
I/System.out( 9763): ProP json = {"command":"touch_coordinate","arguments":[683.0,777.0]}
I/System.out( 9763): files: {}
I/System.out( 9763): command: {"command":"touch_coordinate","arguments":[683.0,777.0]}
I/InstrumentationBackend( 9763): Got command:'Command:'Line:null,touch_coordinate', arguments:'[683.0, 777.0]'
D/audio_hw_primary(  511): out_set_parameters: enter: usecase(1: low-latency-playback) kvpairs: routing=2
D/audio_hw_primary(  511): select_devices: out_snd_device(2: speaker) in_snd_device(0: none)
D/msm8974_platform(  511): platform_send_audio_calibration: sending audio calibration for snd_device(2) acdb_id(15)
I/soundtrigger(  511): audio_extn_sound_trigger_update_device_status: device 0x2 of type 0 for Event 1
D/audio_hw_primary(  511): enable_snd_device: snd_device(2: speaker)
D/Mono    ( 9763): Assembly Ref addref CareerBuilder_Search.Droid[0xef629080] -> Xamarin.Android.Support.v7.CardView[0xef629c80]: 2
D/audio_hw_primary(  511): enable_audio_route: apply and update mixer path: low-latency-playback speaker
I/calabash( 9763): execStartActivity 4
I/ActivityManager(  926): START u0 {cmp=com.careerbuilder.SugarDrone/md5a4824aa66c0dc4d104077b72c1916a44.JobDisplayPageActivity (has extras)} from uid 17977 on display 0
I/calabash( 9763): newActivity1
I/ServiceManager(  537): Waiting for service AtCmdFwd...
I/System.out( 9763): result:{"bonusInformation":[],"message":"","success":true}
I/WebViewFactory( 9763): Loading com.google.android.webview version 44.0.2403.117 (code 246011750)
I/art     ( 9763): Starting a blocking GC Explicit
W/System  ( 9763): ClassLoader referenced unknown path: /system/app/WebViewGoogle/lib/arm
I/art     ( 9763): Explicit concurrent mark sweep GC freed 235771(10MB) AllocSpace objects, 14(280KB) LOS objects, 28% free, 39MB/55MB, paused 1.085ms total 70.462ms
I/LibraryLoader( 9763): Time to load native libraries: 69 ms (timestamps 6278-6347)
I/LibraryLoader( 9763): Expected native library version number "",actual native library version number ""
I/art     ( 9763): Starting a blocking GC Explicit
V/WebViewChromiumFactoryProvider( 9763): Binding Chromium to main looper Looper (main, tid 1) {5d9779e}
I/LibraryLoader( 9763): Expected native library version number "",actual native library version number ""
I/chromium( 9763): [INFO:library_loader_hooks.cc(120)] Chromium logging enabled: level = 0, default verbosity = 0
I/BrowserStartupController( 9763): Initializing chromium process, singleProcess=true
I/art     ( 9763): Explicit concurrent mark sweep GC freed 2575(166KB) AllocSpace objects, 1(20KB) LOS objects, 28% free, 39MB/55MB, paused 1.420ms total 31.411ms
W/art     ( 9763): Attempt to remove non-JNI local reference, dumping thread
E/SysUtils( 9763): ApplicationContext is null in ApplicationStatus
I/art     ( 9763): Starting a blocking GC Explicit
I/art     ( 9763): Explicit concurrent mark sweep GC freed 268(35KB) AllocSpace objects, 1(20KB) LOS objects, 28% free, 39MB/55MB, paused 1.066ms total 28.721ms
I/art     ( 9763): Starting a blocking GC Explicit
W/chromium( 9763): [WARNING:resource_bundle.cc(285)] locale_file_path.empty()
E/libEGL  ( 9763): validate_display:255 error 3008 (EGL_BAD_DISPLAY)
E/libEGL  ( 9763): validate_display:255 error 3008 (EGL_BAD_DISPLAY)
I/art     ( 9763): Explicit concurrent mark sweep GC freed 221(12KB) AllocSpace objects, 0(0B) LOS objects, 28% free, 39MB/55MB, paused 1.038ms total 32.369ms
I/art     ( 9763): Starting a blocking GC Explicit
W/AudioManagerAndroid( 9763): Requires BLUETOOTH permission
I/art     ( 9763): Explicit concurrent mark sweep GC freed 185(13KB) AllocSpace objects, 0(0B) LOS objects, 28% free, 39MB/55MB, paused 4.230ms total 56.183ms
I/System.out( 9763): URI: /map
I/System.out( 9763): params: {json={"query":"* marked:'Navigate up'","operation":{"method_name":"query","arguments":[]}}
I/System.out( 9763): }
D/audio_hw_primary(  511): disable_audio_route: reset and update mixer path: low-latency-playback speaker
I/Choreographer( 9763): Skipped 30 frames!  The application may be doing too much work on its main thread.
D/audio_hw_primary(  511): disable_snd_device: snd_device(2: speaker)
I/soundtrigger(  511): audio_extn_sound_trigger_update_device_status: device 0x2 of type 0 for Event 0
D/Mono    ( 9763): Unloading image System.Runtime.Extensions.dll [0xd90af100].
D/Mono    ( 9763): Image addref System.Runtime.Extensions[0xd8b03620] -> System.Runtime.Extensions.dll[0xd9cc5f00]: 8
D/Mono    ( 9763): Config attempting to parse: 'System.Runtime.Extensions.dll.config'.
D/Mono    ( 9763): Config attempting to parse: '/Users/builder/data/lanes/4009/f3074d2c/source/monodroid/builds/install/mono-armv6/etc/mono/assemblies/System.Runtime.Extensions/System.Runtime.Extensions.config'.
D/Mono    ( 9763): Assembly Ref addref CareerBuilder_Search[0xef62a0a0] -> System.Runtime.Extensions[0xef398a80]: 6
I/mono-stdout( 9763): uri is: https://api.careerbuilder.com/v3/job?DID=job1&outputjson=true&ShowApplyRequirements=true&DeveloperKey=WDHR8FC6P2JZ1Y61KLM5
I/mono-stdout( 9763): making api call to: /v3/job?DID=job1&outputjson=true&ShowApplyRequirements=true&DeveloperKey=WDHR8FC6P2JZ1Y61KLM5
I/mono-stdout( 9763): uri is: https://api.careerbuilder.com/consumer/saved-jobs/?DeveloperKey=WDHR8FC6P2JZ1Y61KLM5
I/mono-stdout( 9763): making api call to: /consumer/saved-jobs/?DeveloperKey=WDHR8FC6P2JZ1Y61KLM5
I/mono-stdout( 9763): Method: GET, RequestUri: 'https://api.careerbuilder.com/consumer/saved-jobs/?DeveloperKey=WDHR8FC6P2JZ1Y61KLM5', Version: 1.1, Content: <null>, Headers:

I/mono-stdout( 9763): {

I/mono-stdout( 9763): DeveloperKey: WDHR8FC6P2JZ1Y61KLM5

I/mono-stdout( 9763): Accept: application/json

I/mono-stdout( 9763): Authorization: Bearer test

I/mono-stdout( 9763): HostSite: US

I/mono-stdout( 9763): }
I/mono-stdout( 9763): Current State = 1,2,6,7
I/mono-stdout( 9763): applied jobs = 6
I/mono-stdout( 9763): expired jobs = 7
I/mono-stdout( 9763): saved jobs = Saved,Saved,Applied,Saved
I/ThermalEngine(  517): ACTION: GPU - Setting GPU[0] to 450000000
I/Keyboard.Facilitator( 3375): onFinishInput()
W/ResourceType( 9763): No known package when getting name for resource number 0xffffffff
I/ActivityManager(  926): Displayed com.careerbuilder.SugarDrone/md5a4824aa66c0dc4d104077b72c1916a44.JobDisplayPageActivity: +757ms
W/ip      (10171): type=1400 audit(0.0:70): avc: denied { search } for name="net" dev="dm-2" ino=4079624 scontext=u:r:shell:s0 tcontext=u:object_r:net_data_file:s0 tclass=dir permissive=0
W/ResourceType( 9763): No known package when getting name for resource number 0xffffffff
W/ResourceType( 9763): No known package when getting name for resource number 0xffffffff
W/ResourceType( 9763): No known package when getting name for resource number 0xffffffff
W/ResourceType( 9763): No known package when getting name for resource number 0xffffffff
W/ResourceType( 9763): No known package when getting name for resource number 0xffffffff
W/ResourceType( 9763): No known package when getting name for resource number 0xffffffff
W/ResourceType( 9763): No known package when getting name for resource number 0xffffffff
W/ResourceType( 9763): No known package when getting name for resource number 0xffffffff
W/ResourceType( 9763): No known package when getting name for resource number 0xffffffff
W/ResourceType( 9763): No known package when getting name for resource number 0xffffffff
W/ResourceType( 9763): No known package when getting name for resource number 0xffffffff
W/ResourceType( 9763): No known package when getting name for resource number 0xffffffff
W/ResourceType( 9763): No known package when getting name for resource number 0xffffffff
W/ResourceType( 9763): No known package when getting name for resource number 0xffffffff
W/ResourceType( 9763): No known package when getting name for resource number 0xffffffff
W/ResourceType( 9763): No known package when getting name for resource number 0xffffffff
W/ResourceType( 9763): No known package when getting name for resource number 0xffffffff
W/ResourceType( 9763): No known package when getting name for resource number 0xffffffff
W/ResourceType( 9763): No known package when getting name for resource number 0xffffffff
W/ResourceType( 9763): No known package when getting name for resource number 0xffffffff
W/ResourceType( 9763): No known package when getting name for resource number 0xffffffff
W/ResourceType( 9763): No known package when getting name for resource number 0xffffffff
W/ResourceType( 9763): No known package when getting name for resource number 0xffffffff
W/ResourceType( 9763): No known package when getting name for resource number 0xffffffff
W/ResourceType( 9763): No known package when getting name for resource number 0xffffffff
W/ResourceType( 9763): No known package when getting name for resource number 0xffffffff
W/ResourceType( 9763): No known package when getting name for resource number 0xffffffff
W/ResourceType( 9763): No known package when getting name for resource number 0xffffffff
W/ResourceType( 9763): No known package when getting name for resource number 0xffffffff
W/ResourceType( 9763): No known package when getting name for resource number 0xffffffff
W/ResourceType( 9763): No known package when getting name for resource number 0xffffffff
W/ResourceType( 9763): No known package when getting name for resource number 0xffffffff
W/ResourceType( 9763): No known package when getting name for resource number 0xffffffff
W/ResourceType( 9763): No known package when getting name for resource number 0xffffffff
W/ResourceType( 9763): No known package when getting name for resource number 0xffffffff
W/ResourceType( 9763): No known package when getting name for resource number 0xffffffff
W/ResourceType( 9763): No known package when getting name for resource number 0xffffffff
W/ResourceType( 9763): No known package when getting name for resource number 0xffffffff
W/ResourceType( 9763): No known package when getting name for resource number 0xffffffff
W/ResourceType( 9763): No known package when getting name for resource number 0xffffffff
W/ResourceType( 9763): No known package when getting name for resource number 0xffffffff
W/ResourceType( 9763): No known package when getting name for resource number 0xffffffff
W/ResourceType( 9763): No known package when getting name for resource number 0xffffffff
W/ResourceType( 9763): No known package when getting name for resource number 0xffffffff
W/ResourceType( 9763): No known package when getting name for resource number 0xffffffff
W/ResourceType( 9763): No known package when getting name for resource number 0xffffffff
