D/Mono    (10144): Probing 'java_interop_jnienv_call_nonvirtual_int_method_a'.
D/Mono    (10144): Found as 'java_interop_jnienv_call_nonvirtual_int_method_a'.
D/Mono    (10144): DllImport searching in: '__Internal' ('(null)').
D/Mono    (10144): Searching for 'java_interop_jnienv_get_float_field'.
D/Mono    (10144): Probing 'java_interop_jnienv_get_float_field'.
D/Mono    (10144): Found as 'java_interop_jnienv_get_float_field'.
D/Mono    (10144): DllImport searching in: '__Internal' ('(null)').
D/Mono    (10144): Searching for 'java_interop_jnienv_new_object_array'.
D/Mono    (10144): Probing 'java_interop_jnienv_new_object_array'.
D/Mono    (10144): Found as 'java_interop_jnienv_new_object_array'.
D/Mono    (10144): DllImport searching in: '__Internal' ('(null)').
D/Mono    (10144): Searching for 'java_interop_jnienv_set_object_array_element'.
D/Mono    (10144): Probing 'java_interop_jnienv_set_object_array_element'.
D/Mono    (10144): Found as 'java_interop_jnienv_set_object_array_element'.
I/System.out(10144): URI: /
I/System.out(10144): params: {json={"command":"touch_coordinate","arguments":[720.0,2273.0]}
I/System.out(10144): }
I/System.out(10144): header: {content-length=57, host=devicehost61.prod, x-session-token=token-token-5e03b648-d1d4-4da7-959b-e48ba1b69a51, x-forwarded-for=10.222.150.12, content-type=application/json; charset=utf-8, connection=close}
I/System.out(10144): params: {json={"command":"touch_coordinate","arguments":[720.0,2273.0]}
I/System.out(10144): }
I/System.out(10144): ProP json = {"command":"touch_coordinate","arguments":[720.0,2273.0]}
I/System.out(10144): files: {}
I/System.out(10144): command: {"command":"touch_coordinate","arguments":[720.0,2273.0]}
I/InstrumentationBackend(10144): Got command:'Command:'Line:null,touch_coordinate', arguments:'[720.0, 2273.0]'
D/Mono    (10144): [0xd92fa930] worker starting
D/audio_hw_primary(  512): out_set_parameters: enter: usecase(1: low-latency-playback) kvpairs: routing=2
I/calabash(10144): execStartActivity 4
I/ActivityManager(  925): START u0 {cmp=com.careerbuilder.SugarDrone/md537fd6201b6818e2e180d2f7606e21a83.ValuePropActivity} from uid 19074 on display 0
D/audio_hw_primary(  512): select_devices: out_snd_device(2: speaker) in_snd_device(0: none)
D/msm8974_platform(  512): platform_send_audio_calibration: sending audio calibration for snd_device(2) acdb_id(15)
I/soundtrigger(  512): audio_extn_sound_trigger_update_device_status: device 0x2 of type 0 for Event 1
D/audio_hw_primary(  512): enable_snd_device: snd_device(2: speaker)
D/audio_hw_primary(  512): enable_audio_route: apply and update mixer path: low-latency-playback speaker
I/calabash(10144): newActivity1
D/Mono    (10144): Assembly Ref addref CareerBuilder_Search.Droid[0xef1a9080] -> System.Core[0xef1aa700]: 14
I/System.out(10144): result:{"bonusInformation":[],"message":"","success":true}
D/Mono    (10144): DllImport searching in: '__Internal' ('(null)').
D/Mono    (10144): Searching for 'java_interop_jnienv_call_nonvirtual_object_method'.
D/Mono    (10144): Probing 'java_interop_jnienv_call_nonvirtual_object_method'.
D/Mono    (10144): Found as 'java_interop_jnienv_call_nonvirtual_object_method'.
D/Mono    (10144): Unloading image System.dll [0xd96fe700].
D/Mono    (10144): Image addref System[0xd82d8e00] -> System.dll[0xea20d100]: 5
D/Mono    (10144): Config attempting to parse: 'System.dll.config'.
D/Mono    (10144): Config attempting to parse: '/Users/builder/data/lanes/4009/f3074d2c/source/monodroid/builds/install/mono-armv6/etc/mono/assemblies/System/System.config'.
D/Mono    (10144): Unloading image System.dll [0xd96fe700].
D/Mono    (10144): Image addref System[0xd82d8920] -> System.dll[0xea20d100]: 6
D/Mono    (10144): Config attempting to parse: 'System.dll.config'.
D/Mono    (10144): Config attempting to parse: '/Users/builder/data/lanes/4009/f3074d2c/source/monodroid/builds/install/mono-armv6/etc/mono/assemblies/System/System.config'.
D/Mono    (10144): Unloading image System.dll [0xd96fe700].
D/Mono    (10144): Image addref System[0xd82d8920] -> System.dll[0xea20d100]: 7
D/Mono    (10144): Config attempting to parse: 'System.dll.config'.
D/Mono    (10144): Config attempting to parse: '/Users/builder/data/lanes/4009/f3074d2c/source/monodroid/builds/install/mono-armv6/etc/mono/assemblies/System/System.config'.
D/Mono    (10144): Unloading image System.dll [0xd96fe700].
D/Mono    (10144): Image addref System[0xd82d8920] -> System.dll[0xea20d100]: 8
D/Mono    (10144): Config attempting to parse: 'System.dll.config'.
D/Mono    (10144): Config attempting to parse: '/Users/builder/data/lanes/4009/f3074d2c/source/monodroid/builds/install/mono-armv6/etc/mono/assemblies/System/System.config'.
I/System.out(10144): URI: /backdoor
I/System.out(10144): params: {json={"method_name":"APISetup","arguments":[200]}
I/System.out(10144): }
D/Mono    (10144): Assembly Ref addref CareerBuilder_Search.Droid[0xef1a9080] -> Newtonsoft.Json[0xef1a9ce0]: 4
D/Mono    (10144): DllImport searching in: '__Internal' ('(null)').
D/Mono    (10144): Searching for 'java_interop_jnienv_is_assignable_from'.
D/Mono    (10144): Probing 'java_interop_jnienv_is_assignable_from'.
D/Mono    (10144): Found as 'java_interop_jnienv_is_assignable_from'.
D/Mono    (10144): DllImport searching in: '__Internal' ('(null)').
D/Mono    (10144): Searching for 'java_interop_jnienv_get_byte_array_region'.
D/Mono    (10144): Probing 'java_interop_jnienv_get_byte_array_region'.
D/Mono    (10144): Found as 'java_interop_jnienv_get_byte_array_region'.
D/Mono    (10144): DllImport searching in: '__Internal' ('(null)').
D/Mono    (10144): Searching for 'java_interop_jnienv_set_byte_array_region'.
D/Mono    (10144): Probing 'java_interop_jnienv_set_byte_array_region'.
D/Mono    (10144): Found as 'java_interop_jnienv_set_byte_array_region'.
W/Mono    (10144): The request to load the assembly System.Core v4.0.0.0 was remapped to v2.0.5.0
D/Mono    (10144): Unloading image System.Core.dll [0xd96fce00].
D/Mono    (10144): Image addref System.Core[0xd82d8ce0] -> System.Core.dll[0xdaaa9000]: 5
D/Mono    (10144): Config attempting to parse: 'System.Core.dll.config'.
D/Mono    (10144): Config attempting to parse: '/Users/builder/data/lanes/4009/f3074d2c/source/monodroid/builds/install/mono-armv6/etc/mono/assemblies/System.Core/System.Core.config'.
D/audio_hw_primary(  512): disable_audio_route: reset and update mixer path: low-latency-playback speaker
D/audio_hw_primary(  512): disable_snd_device: snd_device(2: speaker)
I/soundtrigger(  512): audio_extn_sound_trigger_update_device_status: device 0x2 of type 0 for Event 0
W/Mono    (10144): The request to load the assembly System.Core v4.0.0.0 was remapped to v2.0.5.0
D/Mono    (10144): Unloading image System.Core.dll [0xd96fce00].
D/Mono    (10144): Image addref System.Core[0xd82d9f40] -> System.Core.dll[0xdaaa9000]: 6
D/Mono    (10144): Config attempting to parse: 'System.Core.dll.config'.
D/Mono    (10144): Config attempting to parse: '/Users/builder/data/lanes/4009/f3074d2c/source/monodroid/builds/install/mono-armv6/etc/mono/assemblies/System.Core/System.Core.config'.
W/FragmentManager(10144): moveToState: Fragment state for ValuePropFragment{12acf35 #0 id=0x7f0a0148 android:switcher:2131362120:1} not updated inline; expected state 3 found 2
I/Choreographer(10144): Skipped 43 frames!  The application may be doing too much work on its main thread.
I/ActivityManager(  925): Displayed com.careerbuilder.SugarDrone/md537fd6201b6818e2e180d2f7606e21a83.ValuePropActivity: +1s65ms
I/Keyboard.Facilitator( 3343): onFinishInput()
I/System.out(10144): URI: /backdoor
I/System.out(10144): params: {json={"method_name":"MyCBBackdoor","arguments":[]}
I/System.out(10144): }
D/Mono    (10144): Assembly Ref addref CareerBuilder_Search.Droid[0xef1a9080] -> Xamarin.Android.Support.Design[0xef1a9c20]: 2
I/calabash(10144): execStartActivity 4
I/ActivityManager(  925): START u0 {cmp=com.careerbuilder.SugarDrone/md5a4824aa66c0dc4d104077b72c1916a44.MasterNavActivity} from uid 19074 on display 0
D/Mono    (10144): DllImport searching in: '__Internal' ('(null)').
D/Mono    (10144): Searching for 'java_interop_jnienv_new_byte_array'.
D/Mono    (10144): Probing 'java_interop_jnienv_new_byte_array'.
D/Mono    (10144): Found as 'java_interop_jnienv_new_byte_array'.
I/calabash(10144): newActivity1
D/Mono    (10144): [0xd9f3f930] hill climbing, change max number of threads 9
D/Mono    (10144): DllImport searching in: '__Internal' ('(null)').
D/Mono    (10144): Searching for 'java_interop_jnienv_call_int_method'.
D/Mono    (10144): Probing 'java_interop_jnienv_call_int_method'.
D/Mono    (10144): Found as 'java_interop_jnienv_call_int_method'.
I/System.out(10144): URI: /map
I/System.out(10144): params: {json={"query":"* marked:'Search'","operation":{"method_name":"query","arguments":[]}}
I/System.out(10144): }
D/Mono    (10144): Assembly Ref addref Xamarin.Android.Support.Design[0xef1a9c20] -> Xamarin.Android.Support.v4[0xef1a9a40]: 4
D/Mono    (10144): Assembly Ref addref CareerBuilder_Search.Droid[0xef1a9080] -> Xamarin.Android.Support.v7.RecyclerView[0xef1a9aa0]: 2
D/Mono    (10144): Assembly Ref addref Xamarin.Android.Support.v7.RecyclerView[0xef1a9aa0] -> Xamarin.Android.Support.v4[0xef1a9a40]: 5
D/Mono    (10144): Assembly Ref addref CareerBuilder_Search.Droid[0xef1a9080] -> FloatingActionButton-Xamarin[0xef1a99e0]: 2
D/Mono    (10144): Unloading image System.IO.dll [0xd8b24e00].
D/Mono    (10144): Image addref System.IO[0xd73bb340] -> System.IO.dll[0xd9c1af00]: 6
D/Mono    (10144): Config attempting to parse: 'System.IO.dll.config'.
D/Mono    (10144): Config attempting to parse: '/Users/builder/data/lanes/4009/f3074d2c/source/monodroid/builds/install/mono-armv6/etc/mono/assemblies/System.IO/System.IO.config'.
D/Mono    (10144): Assembly Ref addref CareerBuilder_Search[0xef1aa0a0] -> System.IO[0xda6ec560]: 4
W/FragmentManager(10144): moveToState: Fragment state for SavedJobsFragment{4404576 #0 id=0x7f0a0148 android:switcher:2131362120:1} not updated inline; expected state 3 found 2
D/Mono    (10144): Assembly Ref addref CareerBuilder_Search.Droid[0xef1a9080] -> System[0xef1aa3a0]: 13
I/art     (10144): Starting a blocking GC Explicit
W/FragmentManager(10144): moveToState: Fragment state for ResumeManagementFragment{3cbb777 #1 id=0x7f0a0148 android:switcher:2131362120:2} not updated inline; expected state 3 found 2
D/Mono    (10144): Unloading image System.Linq.dll [0xd96e6300].
D/Mono    (10144): Image addref System.Linq[0xd8fbd180] -> System.Linq.dll[0xdaaaae00]: 9
D/Mono    (10144): Config attempting to parse: 'System.Linq.dll.config'.
D/Mono    (10144): Config attempting to parse: '/Users/builder/data/lanes/4009/f3074d2c/source/monodroid/builds/install/mono-armv6/etc/mono/assemblies/System.Linq/System.Linq.config'.
D/Mono    (10144): Assembly Ref addref CareerBuilder_Search[0xef1aa0a0] -> System.Linq[0xef1aa580]: 7
I/art     (10144): Explicit concurrent mark sweep GC freed 1506(95KB) AllocSpace objects, 0(0B) LOS objects, 30% free, 36MB/52MB, paused 942us total 30.390ms
I/art     (10144): Starting a blocking GC Explicit
I/art     (10144): Explicit concurrent mark sweep GC freed 112(5KB) AllocSpace objects, 0(0B) LOS objects, 29% free, 38MB/54MB, paused 974us total 27.537ms
I/art     (10144): Starting a blocking GC Explicit
I/art     (10144): Explicit concurrent mark sweep GC freed 52(2624B) AllocSpace objects, 0(0B) LOS objects, 29% free, 38MB/54MB, paused 990us total 36.873ms
D/Mono    (10144): DllImport attempting to load: '/system/lib/liblog.so'.
D/Mono    (10144): DllImport loaded library '/system/lib/liblog.so'.
D/Mono    (10144): DllImport searching in: '/system/lib/liblog.so' ('/system/lib/liblog.so').
D/Mono    (10144): Searching for '__android_log_print'.
D/Mono    (10144): Probing '__android_log_print'.
D/Mono    (10144): Found as '__android_log_print'.
I/mono-stdout(10144): uri is: https://api.careerbuilder.com/consumer/resumes?OAuthToken=&HostSite=US&DeveloperKey=WDHR8FC6P2JZ1Y61KLM5
I/art     (10144): Starting a blocking GC Explicit
I/art     (10144): Explicit concurrent mark sweep GC freed 27(1712B) AllocSpace objects, 0(0B) LOS objects, 29% free, 38MB/54MB, paused 949us total 25.089ms
I/art     (10144): Starting a blocking GC Explicit
D/Mono    (10144): DllImport searching in: '__Internal' ('(null)').
D/Mono    (10144): Searching for 'java_interop_jnienv_call_nonvirtual_void_method'.
D/Mono    (10144): Probing 'java_interop_jnienv_call_nonvirtual_void_method'.
D/Mono    (10144): Found as 'java_interop_jnienv_call_nonvirtual_void_method'.
I/mono-stdout(10144): uri is: https://api.careerbuilder.com/consumer/saved-jobs/?DeveloperKey=WDHR8FC6P2JZ1Y61KLM5
I/art     (10144): Explicit concurrent mark sweep GC freed 42(3KB) AllocSpace objects, 0(0B) LOS objects, 29% free, 38MB/54MB, paused 976us total 46.043ms
D/Mono    (10144): Unloading image System.Collections.dll [0xd916cf00].
D/Mono    (10144): Image addref System.Collections[0xd73b9480] -> System.Collections.dll[0xea20db00]: 10
D/Mono    (10144): Config attempting to parse: 'System.Collections.dll.config'.
D/Mono    (10144): Config attempting to parse: '/Users/builder/data/lanes/4009/f3074d2c/source/monodroid/builds/install/mono-armv6/etc/mono/assemblies/System.Collections/System.Collections.config'.
D/Mono    (10144): Assembly Ref addref System.Reactive.Linq[0xef1a9e60] -> System.Collections[0xef1aa460]: 8
I/mono-stdout(10144): uri is: https://api.careerbuilder.com/consumer/jobs/search/?Keywords=&Location=&UseFacets=true&PageNumber=1&ExcludeNational=true&DeveloperKey=WDHR8FC6P2JZ1Y61KLM5
I/mono-stdout(10144): uri is: https://api.careerbuilder.com/consumer/resumes?OAuthToken=&HostSite=US&DeveloperKey=WDHR8FC6P2JZ1Y61KLM5
D/Mono    (10144): Image addref System.Net.Primitives[0xd73b9480] -> System.Net.Primitives.dll[0xd8b27600]: 2
D/Mono    (10144): Prepared to set up assembly 'System.Net.Primitives' (System.Net.Primitives.dll)
D/Mono    (10144): Assembly System.Net.Primitives[0xd73b9480] added to domain RootDomain, ref_count=1
D/Mono    (10144): Unloading image System.Net.Primitives.dll [0xd96e8b00].
D/Mono    (10144): Image addref System.Net.Primitives[0xd8fbd180] -> System.Net.Primitives.dll[0xd8b27600]: 4
D/Mono    (10144): Config attempting to parse: 'System.Net.Primitives.dll.config'.
D/Mono    (10144): Config attempting to parse: '/Users/builder/data/lanes/4009/f3074d2c/source/monodroid/builds/install/mono-armv6/etc/mono/assemblies/System.Net.Primitives/System.Net.Primitives.config'.
D/Mono    (10144): Assembly Ref addref CareerBuilder_Search[0xef1aa0a0] -> System.Net.Primitives[0xd73b9480]: 2
D/Mono    (10144): Assembly Ref addref System.Net.Primitives[0xd73b9480] -> System[0xef1aa3a0]: 14
D/Mono    (10144): Unloading image System.Net.Primitives.dll [0xd8b26c00].
D/Mono    (10144): Image addref System.Net.Primitives[0xd73ba140] -> System.Net.Primitives.dll[0xd8b27600]: 5
D/Mono    (10144): Config attempting to parse: 'System.Net.Primitives.dll.config'.
D/Mono    (10144): Config attempting to parse: '/Users/builder/data/lanes/4009/f3074d2c/source/monodroid/builds/install/mono-armv6/etc/mono/assemblies/System.Net.Primitives/System.Net.Primitives.config'.
D/Mono    (10144): AOT module 'System.Net.Primitives.dll.so' not found: dlopen failed: library "/data/app/com.careerbuilder.SugarDrone-1/lib/arm/libaot-System.Net.Primitives.dll.so" not found
D/Mono    (10144): AOT module '/Users/builder/data/lanes/4009/f3074d2c/source/monodroid/builds/install/mono-armv6/lib/mono/aot-cache/arm/System.Net.Primitives.dll.so' not found: dlopen failed: library "/data/app/com.careerbuilder.SugarDrone-1/lib/arm/libaot-System.Net.Primitives.dll.so" not found
D/Mono    (10144): Config attempting to parse: 'System.Net.Primitives.dll.config'.
D/Mono    (10144): Config attempting to parse: '/Users/builder/data/lanes/4009/f3074d2c/source/monodroid/builds/install/mono-armv6/etc/mono/assemblies/System.Net.Primitives/System.Net.Primitives.config'.
D/Mono    (10144): Unloading image System.Text.Encoding.dll [0xd96e6300].
D/Mono    (10144): Image addref System.Text.Encoding[0xd73bb100] -> System.Text.Encoding.dll[0xd9c1a500]: 5
D/Mono    (10144): Config attempting to parse: 'System.Text.Encoding.dll.config'.
D/Mono    (10144): Config attempting to parse: '/Users/builder/data/lanes/4009/f3074d2c/source/monodroid/builds/install/mono-armv6/etc/mono/assemblies/System.Text.Encoding/System.Text.Encoding.config'.
D/Mono    (10144): Assembly Ref addref CareerBuilder_Search[0xef1aa0a0] -> System.Text.Encoding[0xda6ec4a0]: 3
D/Mono    (10144): Unloading image System.Text.Encoding.dll [0xd96e8b00].
D/Mono    (10144): Image addref System.Text.Encoding[0xd8fbd0c0] -> System.Text.Encoding.dll[0xd9c1a500]: 6
D/Mono    (10144): Config attempting to parse: 'System.Text.Encoding.dll.config'.
D/Mono    (10144): Config attempting to parse: '/Users/builder/data/lanes/4009/f3074d2c/source/monodroid/builds/install/mono-armv6/etc/mono/assemblies/System.Text.Encoding/System.Text.Encoding.config'.
I/mono-stdout(10144): making api call to: /consumer/resumes?OAuthToken=&HostSite=US&DeveloperKey=WDHR8FC6P2JZ1Y61KLM5
D/Mono    (10144): Unloading image System.Text.Encoding.dll [0xd8b26c00].
D/Mono    (10144): Image addref System.Text.Encoding[0xd73ba200] -> System.Text.Encoding.dll[0xd9c1a500]: 7
D/Mono    (10144): Config attempting to parse: 'System.Text.Encoding.dll.config'.
D/Mono    (10144): Config attempting to parse: '/Users/builder/data/lanes/4009/f3074d2c/source/monodroid/builds/install/mono-armv6/etc/mono/assemblies/System.Text.Encoding/System.Text.Encoding.config'.
I/mono-stdout(10144): making api call to: /consumer/jobs/search/?Keywords=&Location=&UseFacets=true&PageNumber=1&ExcludeNational=true&DeveloperKey=WDHR8FC6P2JZ1Y61KLM5
I/mono-stdout(10144): making api call to: /consumer/resumes?OAuthToken=&HostSite=US&DeveloperKey=WDHR8FC6P2JZ1Y61KLM5
I/mono-stdout(10144): making api call to: /consumer/saved-jobs/?DeveloperKey=WDHR8FC6P2JZ1Y61KLM5
I/mono-stdout(10144): Method: GET, RequestUri: 'https://api.careerbuilder.com/consumer/saved-jobs/?DeveloperKey=WDHR8FC6P2JZ1Y61KLM5', Version: 1.1, Content: <null>, Headers:

I/mono-stdout(10144): {

I/mono-stdout(10144): DeveloperKey: WDHR8FC6P2JZ1Y61KLM5

I/mono-stdout(10144): Accept: application/json

I/mono-stdout(10144): Authorization: Bearer test

I/mono-stdout(10144): HostSite: US

I/mono-stdout(10144): }
I/mono-stdout(10144): Current State = 1,2,6,7
I/mono-stdout(10144): applied jobs = 6
I/mono-stdout(10144): expired jobs = 7
I/mono-stdout(10144): saved jobs = Saved,Saved,Applied,Saved
I/mono-stdout(10144): done making call to: /consumer/resumes?OAuthToken=&HostSite=US&DeveloperKey=WDHR8FC6P2JZ1Y61KLM5
I/mono-stdout(10144): done making call to: /consumer/resumes?OAuthToken=&HostSite=US&DeveloperKey=WDHR8FC6P2JZ1Y61KLM5
I/mono-stdout(10144): The resume  with hash has been set as latest
I/mono-stdout(10144): The resume  with hash has been set as latest
I/art     (10144): Starting a blocking GC Explicit
I/art     (10144): Explicit concurrent mark sweep GC freed 1939(125KB) AllocSpace objects, 1(20KB) LOS objects, 29% free, 38MB/54MB, paused 1.022ms total 23.659ms
D/Mono    (10144): GC_TAR_BRIDGE bridges 173 objects 371 opaque 122 colors 173 colors-bridged 173 colors-visible 173 xref 5 cache-hit 0 cache-semihit 0 cache-miss 0 setup 0.05ms tarjan 0.40ms scc-setup 0.10ms gather-xref 0.01ms xref-setup 0.01ms cleanup 0.07ms
D/Mono    (10144): GC_BRIDGE: Complete, was running for 26.89ms
D/Mono    (10144): GC_MINOR: (Nursery full) time 20.10ms, stw 20.71ms promoted 896K major size: 1888K in use: 1177K los size: 1024K in use: 370K
D/Mono    (10144): [0xd6513930] worker starting
D/Mono    (10144): [0xd6412930] worker starting
I/mono-stdout(10144): done making call to: /consumer/saved-jobs/?DeveloperKey=WDHR8FC6P2JZ1Y61KLM5
I/mono-stdout(10144): done making call to: /consumer/jobs/search/?Keywords=&Location=&UseFacets=true&PageNumber=1&ExcludeNational=true&DeveloperKey=WDHR8FC6P2JZ1Y61KLM5
E/RecyclerView(10144): No adapter attached; skipping layout
W/art     (10144): JNI RegisterNativeMethods: attempt to register 0 native methods for md539c3d548fb000cea9f34163fa7e112ea.ProgressListItemViewHolder
I/mono-stdout(10144): uri is: https://api.careerbuilder.com/consumer/saved-jobs/?DeveloperKey=WDHR8FC6P2JZ1Y61KLM5
I/mono-stdout(10144): making api call to: /consumer/saved-jobs/?DeveloperKey=WDHR8FC6P2JZ1Y61KLM5
I/mono-stdout(10144): Method: GET, RequestUri: 'https://api.careerbuilder.com/consumer/saved-jobs/?DeveloperKey=WDHR8FC6P2JZ1Y61KLM5', Version: 1.1, Content: <null>, Headers:

I/mono-stdout(10144): {

I/mono-stdout(10144): DeveloperKey: WDHR8FC6P2JZ1Y61KLM5

I/mono-stdout(10144): Accept: application/json

I/mono-stdout(10144): Authorization: Bearer test

I/mono-stdout(10144): HostSite: US

I/mono-stdout(10144): }
I/mono-stdout(10144): Current State = 1,2,6,7
I/mono-stdout(10144): applied jobs = 6
I/mono-stdout(10144): expired jobs = 7
I/mono-stdout(10144): saved jobs = Saved,Saved,Applied,Saved
W/ResourceType(10144): No known package when getting name for resource number 0xffffffff
W/ResourceType(10144): No known package when getting name for resource number 0xffffffff
W/ResourceType(10144): No known package when getting name for resource number 0xffffffff
W/ResourceType(10144): No known package when getting name for resource number 0xffffffff
W/ResourceType(10144): No known package when getting name for resource number 0xffffffff
W/ResourceType(10144): No known package when getting name for resource number 0xffffffff
W/ResourceType(10144): No known package when getting name for resource number 0xffffffff
W/ResourceType(10144): No known package when getting name for resource number 0xffffffff
W/ResourceType(10144): No known package when getting name for resource number 0xffffffff
W/ResourceType(10144): No known package when getting name for resource number 0xffffffff
W/ResourceType(10144): No known package when getting name for resource number 0xffffffff
W/ResourceType(10144): No known package when getting name for resource number 0xffffffff
W/ResourceType(10144): No known package when getting name for resource number 0xffffffff
W/ResourceType(10144): No known package when getting name for resource number 0xffffffff
W/ResourceType(10144): No known package when getting name for resource number 0xffffffff
W/ResourceType(10144): No known package when getting name for resource number 0xffffffff
W/ResourceType(10144): No known package when getting name for resource number 0xffffffff
D/Mono    (10144): Assembly Ref addref Xamarin.Android.Support.v7.AppCompat[0xef1a9bc0] -> System.Core[0xef1aa700]: 15
I/Choreographer(10144): Skipped 112 frames!  The application may be doing too much work on its main thread.
E/RecyclerView(10144): No adapter attached; skipping layout
I/ActivityManager(  925): Displayed com.careerbuilder.SugarDrone/md5a4824aa66c0dc4d104077b72c1916a44.MasterNavActivity: +2s527ms
I/Keyboard.Facilitator( 3343): onFinishInput()
D/Mono    (10144): DllImport searching in: '__Internal' ('(null)').
D/Mono    (10144): Searching for 'java_interop_jnienv_call_void_method'.
D/Mono    (10144): Probing 'java_interop_jnienv_call_void_method'.
D/Mono    (10144): Found as 'java_interop_jnienv_call_void_method'.
E/RecyclerView(10144): No adapter attached; skipping layout
I/System.out(10144): URI: /backdoor
I/System.out(10144): params: {json={"method_name":"SetResumeHash","arguments":[false]}
I/System.out(10144): }
I/mono-stdout(10144): done making call to: /consumer/saved-jobs/?DeveloperKey=WDHR8FC6P2JZ1Y61KLM5
E/RecyclerView(10144): No adapter attached; skipping layout
D/Mono    (10144): DllImport searching in: '__Internal' ('(null)').
D/Mono    (10144): Searching for 'java_interop_jnienv_set_int_field'.
D/Mono    (10144): Probing 'java_interop_jnienv_set_int_field'.
D/Mono    (10144): Found as 'java_interop_jnienv_set_int_field'.
I/System.out(10144): URI: /map
I/System.out(10144): params: {json={"query":"* marked:'Job 5' parent * child * marked:'quickApplyButton'","operation":{"method_name":"query","arguments":[]}}
I/System.out(10144): }
E/RecyclerView(10144): No adapter attached; skipping layout
W/art     (10144): JNI RegisterNativeMethods: attempt to register 0 native methods for md539c3d548fb000cea9f34163fa7e112ea.JobResultViewHolder
W/art     (10144): JNI RegisterNativeMethods: attempt to register 0 native methods for md543b91ad655f5c020e54c78f692da973f.SnapshotView
W/ResourceType(10144): No known package when getting name for resource number 0xffffffff
W/ResourceType(10144): No known package when getting name for resource number 0xffffffff
W/ResourceType(10144): No known package when getting name for resource number 0xffffffff
W/ResourceType(10144): No known package when getting name for resource number 0xffffffff
W/ResourceType(10144): No known package when getting name for resource number 0xffffffff
W/ResourceType(10144): No known package when getting name for resource number 0xffffffff
W/ResourceType(10144): No known package when getting name for resource number 0xffffffff
W/ResourceType(10144): No known package when getting name for resource number 0xffffffff
W/ResourceType(10144): No known package when getting name for resource number 0xffffffff
W/ResourceType(10144): No known package when getting name for resource number 0xffffffff
W/ResourceType(10144): No known package when getting name for resource number 0xffffffff
W/ResourceType(10144): No known package when getting name for resource number 0xffffffff
W/ResourceType(10144): No known package when getting name for resource number 0xffffffff
W/ResourceType(10144): No known package when getting name for resource number 0xffffffff
W/ResourceType(10144): No known package when getting name for resource number 0xffffffff
W/ResourceType(10144): No known package when getting name for resource number 0xffffffff
W/ResourceType(10144): No known package when getting name for resource number 0xffffffff
W/ResourceType(10144): No known package when getting name for resource number 0xffffffff
W/ResourceType(10144): No known package when getting name for resource number 0xffffffff
W/ResourceType(10144): No known package when getting name for resource number 0xffffffff
W/ResourceType(10144): No known package when getting name for resource number 0xffffffff
W/ResourceType(10144): No known package when getting name for resource number 0xffffffff
W/ResourceType(10144): No known package when getting name for resource number 0xffffffff
W/ResourceType(10144): No known package when getting name for resource number 0xffffffff
W/ResourceType(10144): No known package when getting name for resource number 0xffffffff
W/ResourceType(10144): No known package when getting name for resource number 0xffffffff
W/ResourceType(10144): No known package when getting name for resource number 0xffffffff
W/ResourceType(10144): No known package when getting name for resource number 0xffffffff
W/ResourceType(10144): No known package when getting name for resource number 0xffffffff
W/ResourceType(10144): No known package when getting name for resource number 0xffffffff
W/ResourceType(10144): No known package when getting name for resource number 0xffffffff
W/ResourceType(10144): No known package when getting name for resource number 0xffffffff
W/ResourceType(10144): No known package when getting name for resource number 0xffffffff
W/ResourceType(10144): No known package when getting name for resource number 0xffffffff
W/ResourceType(10144): No known package when getting name for resource number 0xffffffff
W/ResourceType(10144): No known package when getting name for resource number 0xffffffff
W/ResourceType(10144): No known package when getting name for resource number 0xffffffff
W/ResourceType(10144): No known package when getting name for resource number 0xffffffff
W/ResourceType(10144): No known package when getting name for resource number 0xffffffff
W/ResourceType(10144): No known package when getting name for resource number 0xffffffff
W/ResourceType(10144): No known package when getting name for resource number 0xffffffff
W/ResourceType(10144): No known package when getting name for resource number 0xffffffff
W/ResourceType(10144): No known package when getting name for resource number 0xffffffff
W/ResourceType(10144): No known package when getting name for resource number 0xffffffff
W/ResourceType(10144): No known package when getting name for resource number 0xffffffff
W/ResourceType(10144): No known package when getting name for resource number 0xffffffff
W/ResourceType(10144): No known package when getting name for resource number 0xffffffff
W/ResourceType(10144): No known package when getting name for resource number 0xffffffff
W/ResourceType(10144): No known package when getting name for resource number 0xffffffff
W/ResourceType(10144): No known package when getting name for resource number 0xffffffff
W/ResourceType(10144): No known package when getting name for resource number 0xffffffff
W/ResourceType(10144): No known package when getting name for resource number 0xffffffff
W/ResourceType(10144): No known package when getting name for resource number 0xffffffff
W/ResourceType(10144): No known package when getting name for resource number 0xffffffff
W/ResourceType(10144): No known package when getting name for resource number 0xffffffff
W/ResourceType(10144): No known package when getting name for resource number 0xffffffff
W/ResourceType(10144): No known package when getting name for resource number 0xffffffff
W/ResourceType(10144): No known package when getting name for resource number 0xffffffff
W/ResourceType(10144): No known package when getting name for resource number 0xffffffff
W/ResourceType(10144): No known package when getting name for resource number 0xffffffff
W/ResourceType(10144): No known package when getting name for resource number 0xffffffff
W/ResourceType(10144): No known package when getting name for resource number 0xffffffff
W/ResourceType(10144): No known package when getting name for resource number 0xffffffff
W/ResourceType(10144): No known package when getting name for resource number 0xffffffff
W/ResourceType(10144): No known package when getting name for resource number 0xffffffff
W/ResourceType(10144): No known package when getting name for resource number 0xffffffff
W/ResourceType(10144): No known package when getting name for resource number 0xffffffff
W/ResourceType(10144): No known package when getting name for resource number 0xffffffff
W/ResourceType(10144): No known package when getting name for resource number 0xffffffff
W/ResourceType(10144): No known package when getting name for resource number 0xffffffff
W/ResourceType(10144): No known package when getting name for resource number 0xffffffff
W/ResourceType(10144): No known package when getting name for resource number 0xffffffff
W/ResourceType(10144): No known package when getting name for resource number 0xffffffff
I/System.out(10144): URI: /map
I/System.out(10144): params: {json={"query":"all *","operation":{"method_name":"query","arguments":[]}}
I/System.out(10144): }
W/ResourceType(10144): No known package when getting name for resource number 0xffffffff
W/ResourceType(10144): No known package when getting name for resource number 0xffffffff
W/ResourceType(10144): No known package when getting name for resource number 0xffffffff
W/ResourceType(10144): No known package when getting name for resource number 0xffffffff
W/ResourceType(10144): No known package when getting name for resource number 0xffffffff
W/ResourceType(10144): No known package when getting name for resource number 0xffffffff
W/ResourceType(10144): No known package when getting name for resource number 0xffffffff
W/ResourceType(10144): No known package when getting name for resource number 0xffffffff
W/ResourceType(10144): No known package when getting name for resource number 0xffffffff
W/ResourceType(10144): No known package when getting name for resource number 0xffffffff
W/ResourceType(10144): No known package when getting name for resource number 0xffffffff
W/ResourceType(10144): No known package when getting name for resource number 0xffffffff
W/ResourceType(10144): No known package when getting name for resource number 0xffffffff
W/ResourceType(10144): No known package when getting name for resource number 0xffffffff
W/ResourceType(10144): No known package when getting name for resource number 0xffffffff
W/ResourceType(10144): No known package when getting name for resource number 0xffffffff
W/ResourceType(10144): No known package when getting name for resource number 0xffffffff
W/ResourceType(10144): No known package when getting name for resource number 0xffffffff
W/ResourceType(10144): No known package when getting name for resource number 0xffffffff
W/ResourceType(10144): No known package when getting name for resource number 0xffffffff
W/ResourceType(10144): No known package when getting name for resource number 0xffffffff
W/ResourceType(10144): No known package when getting name for resource number 0xffffffff
W/ResourceType(10144): No known package when getting name for resource number 0xffffffff
W/ResourceType(10144): No known package when getting name for resource number 0xffffffff
W/ResourceType(10144): No known package when getting name for resource number 0xffffffff
W/ResourceType(10144): No known package when getting name for resource number 0xffffffff
W/ResourceType(10144): No known package when getting name for resource number 0xffffffff
W/ResourceType(10144): No known package when getting name for resource number 0xffffffff
W/ResourceType(10144): No known package when getting name for resource number 0xffffffff
W/ResourceType(10144): No known package when getting name for resource number 0xffffffff
W/ResourceType(10144): No known package when getting name for resource number 0xffffffff
W/ResourceType(10144): No known package when getting name for resource number 0xffffffff
W/ResourceType(10144): No known package when getting name for resource number 0xffffffff
W/ResourceType(10144): No known package when getting name for resource number 0xffffffff
W/ResourceType(10144): No known package when getting name for resource number 0xffffffff
W/ResourceType(10144): No known package when getting name for resource number 0xffffffff
W/ResourceType(10144): No known package when getting name for resource number 0xffffffff
W/ResourceType(10144): No known package when getting name for resource number 0xffffffff
W/ResourceType(10144): No known package when getting name for resource number 0xffffffff
W/ResourceType(10144): No known package when getting name for resource number 0xffffffff
W/ResourceType(10144): No known package when getting name for resource number 0xffffffff
W/ResourceType(10144): No known package when getting name for resource number 0xffffffff
W/ResourceType(10144): No known package when getting name for resource number 0xffffffff
W/ResourceType(10144): No known package when getting name for resource number 0xffffffff
W/ResourceType(10144): No known package when getting name for resource number 0xffffffff
W/ResourceType(10144): No known package when getting name for resource number 0xffffffff
W/ResourceType(10144): No known package when getting name for resource number 0xffffffff
W/ResourceType(10144): No known package when getting name for resource number 0xffffffff
W/ResourceType(10144): No known package when getting name for resource number 0xffffffff
W/ResourceType(10144): No known package when getting name for resource number 0xffffffff
W/ResourceType(10144): No known package when getting name for resource number 0xffffffff
W/ResourceType(10144): No known package when getting name for resource number 0xffffffff
W/ResourceType(10144): No known package when getting name for resource number 0xffffffff
W/ResourceType(10144): No known package when getting name for resource number 0xffffffff
W/ResourceType(10144): No known package when getting name for resource number 0xffffffff
W/ResourceType(10144): No known package when getting name for resource number 0xffffffff
W/ResourceType(10144): No known package when getting name for resource number 0xffffffff
W/ResourceType(10144): No known package when getting name for resource number 0xffffffff
W/ResourceType(10144): No known package when getting name for resource number 0xffffffff
W/ResourceType(10144): No known package when getting name for resource number 0xffffffff
W/ResourceType(10144): No known package when getting name for resource number 0xffffffff
W/ResourceType(10144): No known package when getting name for resource number 0xffffffff
W/ResourceType(10144): No known package when getting name for resource number 0xffffffff
W/ResourceType(10144): No known package when getting name for resource number 0xffffffff
W/ResourceType(10144): No known package when getting name for resource number 0xffffffff
W/ResourceType(10144): No known package when getting name for resource number 0xffffffff
I/System.out(10144): URI: /
I/System.out(10144): params: {json={"command":"drag_coordinates","arguments":[720.0,1674.4,720.0,717.6]}
I/System.out(10144): }
I/System.out(10144): header: {content-length=69, host=devicehost61.prod, x-session-token=token-token-5e03b648-d1d4-4da7-959b-e48ba1b69a51, x-forwarded-for=10.222.150.12, content-type=application/json; charset=utf-8, connection=close}
I/System.out(10144): params: {json={"command":"drag_coordinates","arguments":[720.0,1674.4,720.0,717.6]}
I/System.out(10144): }
I/System.out(10144): ProP json = {"command":"drag_coordinates","arguments":[720.0,1674.4,720.0,717.6]}
I/System.out(10144): files: {}
I/System.out(10144): command: {"command":"drag_coordinates","arguments":[720.0,1674.4,720.0,717.6]}
I/InstrumentationBackend(10144): Got command:'Command:'Line:null,drag_coordinates', arguments:'[720.0, 1674.4, 720.0, 717.6]'
I/art     (10144): Starting a blocking GC Explicit
I/art     (10144): Explicit concurrent mark sweep GC freed 339289(12MB) AllocSpace objects, 19(768KB) LOS objects, 28% free, 39MB/55MB, paused 835us total 75.393ms
I/art     (10144): Starting a blocking GC Explicit
I/art     (10144): Explicit concurrent mark sweep GC freed 1310(76KB) AllocSpace objects, 0(0B) LOS objects, 28% free, 39MB/55MB, paused 789us total 28.261ms
I/art     (10144): Starting a blocking GC Explicit
I/art     (10144): Explicit concurrent mark sweep GC freed 45(3KB) AllocSpace objects, 0(0B) LOS objects, 28% free, 39MB/55MB, paused 1.192ms total 28.248ms
I/art     (10144): Starting a blocking GC Explicit
I/art     (10144): Explicit concurrent mark sweep GC freed 86(4KB) AllocSpace objects, 0(0B) LOS objects, 28% free, 39MB/55MB, paused 859us total 26.594ms
I/art     (10144): Starting a blocking GC Explicit
I/art     (10144): Explicit concurrent mark sweep GC freed 43(2448B) AllocSpace objects, 0(0B) LOS objects, 28% free, 39MB/55MB, paused 1.792ms total 27.260ms
I/System.out(10144): result:{"bonusInformation":[],"message":"","success":true}
I/System.out(10144): URI: /map
I/System.out(10144): params: {json={"query":"* marked:'Job 5' parent * child * marked:'quickApplyButton'","operation":{"method_name":"query","arguments":[]}}
I/System.out(10144): }
W/ResourceType(10144): No known package when getting name for resource number 0xffffffff
W/ResourceType(10144): No known package when getting name for resource number 0xffffffff
W/ResourceType(10144): No known package when getting name for resource number 0xffffffff
W/ResourceType(10144): No known package when getting name for resource number 0xffffffff
W/ResourceType(10144): No known package when getting name for resource number 0xffffffff
W/ResourceType(10144): No known package when getting name for resource number 0xffffffff
W/ResourceType(10144): No known package when getting name for resource number 0xffffffff
W/ResourceType(10144): No known package when getting name for resource number 0xffffffff
W/ResourceType(10144): No known package when getting name for resource number 0xffffffff
W/ResourceType(10144): No known package when getting name for resource number 0xffffffff
W/ResourceType(10144): No known package when getting name for resource number 0xffffffff
W/ResourceType(10144): No known package when getting name for resource number 0xffffffff
W/ResourceType(10144): No known package when getting name for resource number 0xffffffff
W/ResourceType(10144): No known package when getting name for resource number 0xffffffff
W/ResourceType(10144): No known package when getting name for resource number 0xffffffff
W/ResourceType(10144): No known package when getting name for resource number 0xffffffff
W/ResourceType(10144): No known package when getting name for resource number 0xffffffff
W/ResourceType(10144): No known package when getting name for resource number 0xffffffff
W/ResourceType(10144): No known package when getting name for resource number 0xffffffff
W/ResourceType(10144): No known package when getting name for resource number 0xffffffff
W/ResourceType(10144): No known package when getting name for resource number 0xffffffff
W/ResourceType(10144): No known package when getting name for resource number 0xffffffff
W/ResourceType(10144): No known package when getting name for resource number 0xffffffff
W/ResourceType(10144): No known package when getting name for resource number 0xffffffff
W/ResourceType(10144): No known package when getting name for resource number 0xffffffff
W/ResourceType(10144): No known package when getting name for resource number 0xffffffff
W/ResourceType(10144): No known package when getting name for resource number 0xffffffff
W/ResourceType(10144): No known package when getting name for resource number 0xffffffff
W/ResourceType(10144): No known package when getting name for resource number 0xffffffff
W/ResourceType(10144): No known package when getting name for resource number 0xffffffff
W/ResourceType(10144): No known package when getting name for resource number 0xffffffff
W/ResourceType(10144): No known package when getting name for resource number 0xffffffff
W/ResourceType(10144): No known package when getting name for resource number 0xffffffff
W/ResourceType(10144): No known package when getting name for resource number 0xffffffff
W/ResourceType(10144): No known package when getting name for resource number 0xffffffff
W/ResourceType(10144): No known package when getting name for resource number 0xffffffff
W/ResourceType(10144): No known package when getting name for resource number 0xffffffff
W/ResourceType(10144): No known package when getting name for resource number 0xffffffff
W/ResourceType(10144): No known package when getting name for resource number 0xffffffff
W/ResourceType(10144): No known package when getting name for resource number 0xffffffff
W/ResourceType(10144): No known package when getting name for resource number 0xffffffff
W/ResourceType(10144): No known package when getting name for resource number 0xffffffff
W/ResourceType(10144): No known package when getting name for resource number 0xffffffff
W/ResourceType(10144): No known package when getting name for resource number 0xffffffff
W/ResourceType(10144): No known package when getting name for resource number 0xffffffff
W/ResourceType(10144): No known package when getting name for resource number 0xffffffff
W/ResourceType(10144): No known package when getting name for resource number 0xffffffff
W/ResourceType(10144): No known package when getting name for resource number 0xffffffff
W/ResourceType(10144): No known package when getting name for resource number 0xffffffff
W/ResourceType(10144): No known package when getting name for resource number 0xffffffff
W/ResourceType(10144): No known package when getting name for resource number 0xffffffff
W/ResourceType(10144): No known package when getting name for resource number 0xffffffff
W/ResourceType(10144): No known package when getting name for resource number 0xffffffff
W/ResourceType(10144): No known package when getting name for resource number 0xffffffff
W/ResourceType(10144): No known package when getting name for resource number 0xffffffff
W/ResourceType(10144): No known package when getting name for resource number 0xffffffff
W/ResourceType(10144): No known package when getting name for resource number 0xffffffff
W/ResourceType(10144): No known package when getting name for resource number 0xffffffff
W/ResourceType(10144): No known package when getting name for resource number 0xffffffff
W/ResourceType(10144): No known package when getting name for resource number 0xffffffff
W/ResourceType(10144): No known package when getting name for resource number 0xffffffff
W/ResourceType(10144): No known package when getting name for resource number 0xffffffff
W/ResourceType(10144): No known package when getting name for resource number 0xffffffff
W/ResourceType(10144): No known package when getting name for resource number 0xffffffff
W/ResourceType(10144): No known package when getting name for resource number 0xffffffff
W/ResourceType(10144): No known package when getting name for resource number 0xffffffff
W/ResourceType(10144): No known package when getting name for resource number 0xffffffff
W/ResourceType(10144): No known package when getting name for resource number 0xffffffff
W/ResourceType(10144): No known package when getting name for resource number 0xffffffff
W/ResourceType(10144): No known package when getting name for resource number 0xffffffff
W/ResourceType(10144): No known package when getting name for resource number 0xffffffff
W/ResourceType(10144): No known package when getting name for resource number 0xffffffff
W/ResourceType(10144): No known package when getting name for resource number 0xffffffff
W/ResourceType(10144): No known package when getting name for resource number 0xffffffff
W/ResourceType(10144): No known package when getting name for resource number 0xffffffff
W/ResourceType(10144): No known package when getting name for resource number 0xffffffff
W/ResourceType(10144): No known package when getting name for resource number 0xffffffff
W/ResourceType(10144): No known package when getting name for resource number 0xffffffff
W/ResourceType(10144): No known package when getting name for resource number 0xffffffff
I/System.out(10144): URI: /
I/System.out(10144): params: {json={"command":"drag_coordinates","arguments":[720.0,1674.4,720.0,717.6]}
I/System.out(10144): }
I/System.out(10144): header: {content-length=69, host=devicehost61.prod, x-session-token=token-token-5e03b648-d1d4-4da7-959b-e48ba1b69a51, x-forwarded-for=10.222.150.12, content-type=application/json; charset=utf-8, connection=close}
I/System.out(10144): params: {json={"command":"drag_coordinates","arguments":[720.0,1674.4,720.0,717.6]}
I/System.out(10144): }
I/System.out(10144): ProP json = {"command":"drag_coordinates","arguments":[720.0,1674.4,720.0,717.6]}
I/System.out(10144): files: {}
I/System.out(10144): command: {"command":"drag_coordinates","arguments":[720.0,1674.4,720.0,717.6]}
I/InstrumentationBackend(10144): Got command:'Command:'Line:null,drag_coordinates', arguments:'[720.0, 1674.4, 720.0, 717.6]'
D/WifiStateMachine(  925): starting scan for "xtc-ag"WPA_PSK with 5240,5220,5180
I/System.out(10144): result:{"bonusInformation":[],"message":"","success":true}
I/System.out(10144): URI: /map
I/System.out(10144): params: {json={"query":"* marked:'Job 5' parent * child * marked:'quickApplyButton'","operation":{"method_name":"query","arguments":[]}}
I/System.out(10144): }
W/ResourceType(10144): No known package when getting name for resource number 0xffffffff
W/ResourceType(10144): No known package when getting name for resource number 0xffffffff
W/ResourceType(10144): No known package when getting name for resource number 0xffffffff
W/ResourceType(10144): No known package when getting name for resource number 0xffffffff
W/ResourceType(10144): No known package when getting name for resource number 0xffffffff
W/ResourceType(10144): No known package when getting name for resource number 0xffffffff
W/ResourceType(10144): No known package when getting name for resource number 0xffffffff
W/ResourceType(10144): No known package when getting name for resource number 0xffffffff
W/ResourceType(10144): No known package when getting name for resource number 0xffffffff
W/ResourceType(10144): No known package when getting name for resource number 0xffffffff
W/ResourceType(10144): No known package when getting name for resource number 0xffffffff
W/ResourceType(10144): No known package when getting name for resource number 0xffffffff
W/ResourceType(10144): No known package when getting name for resource number 0xffffffff
W/ResourceType(10144): No known package when getting name for resource number 0xffffffff
W/ResourceType(10144): No known package when getting name for resource number 0xffffffff
W/ResourceType(10144): No known package when getting name for resource number 0xffffffff
W/ResourceType(10144): No known package when getting name for resource number 0xffffffff
W/ResourceType(10144): No known package when getting name for resource number 0xffffffff
W/ResourceType(10144): No known package when getting name for resource number 0xffffffff
W/ResourceType(10144): No known package when getting name for resource number 0xffffffff
W/ResourceType(10144): No known package when getting name for resource number 0xffffffff
W/ResourceType(10144): No known package when getting name for resource number 0xffffffff
W/ResourceType(10144): No known package when getting name for resource number 0xffffffff
W/ResourceType(10144): No known package when getting name for resource number 0xffffffff
W/ResourceType(10144): No known package when getting name for resource number 0xffffffff
W/ResourceType(10144): No known package when getting name for resource number 0xffffffff
W/ResourceType(10144): No known package when getting name for resource number 0xffffffff
