<![CDATA[D/WifiStateMachine(  924): starting scan for "xtc-ag"WPA_PSK with 5240,5200,5180

]]><xtc-scenario name="[0-1103]CareerBuilder_Search.DroidFeatureTests.QuickApplyFailedTests.PromptUserToAddResumeIfTheyDontHaveAnyResumes" id="[0-1103]CareerBuilder_Search.DroidFeatureTests.QuickApplyFailedTests.PromptUserToAddResumeIfTheyDontHaveAnyResumes"><![CDATA[

]]><xtc-step name="[0-1103]CareerBuilder_Search.DroidFeatureTests.QuickApplyFailedTests.PromptUserToAddResumeIfTheyDontHaveAnyResumes-PromptUserToAddResumeIfTheyDontHaveAnyResumes" id="[0-1103]CareerBuilder_Search.DroidFeatureTests.QuickApplyFailedTests.PromptUserToAddResumeIfTheyDontHaveAnyResumes-PromptUserToAddResumeIfTheyDontHaveAnyResumes"><![CDATA[
I/ActivityManager(  924): Killing 7189:com.google.android.apps.gcs/u0a11 (adj 15): empty #17
D/AndroidRuntime( 8146): >>>>>> START com.android.internal.os.RuntimeInit uid 2000 <<<<<<
D/AndroidRuntime( 8146): CheckJNI is OFF
D/ICU     ( 8146): No timezone override file found: /data/misc/zoneinfo/current/icu/icu_tzdata.dat
I/Radio-JNI( 8146): register_android_hardware_Radio DONE
D/AndroidRuntime( 8146): Calling main entry com.android.commands.pm.Pm
I/art     ( 8146): System.exit called, status: 0
I/AndroidRuntime( 8146): VM exiting with result code 0.
D/NetlinkSocketObserver(  924): NeighborEvent{elapsedMs=183520, 10.22.0.1, [B0FAEB975089], RTM_NEWNEIGH, NUD_STALE}
D/AndroidRuntime( 8243): >>>>>> START com.android.internal.os.RuntimeInit uid 2000 <<<<<<
D/AndroidRuntime( 8243): CheckJNI is OFF
D/ICU     ( 8243): No timezone override file found: /data/misc/zoneinfo/current/icu/icu_tzdata.dat
I/Radio-JNI( 8243): register_android_hardware_Radio DONE
D/AndroidRuntime( 8243): Calling main entry com.android.commands.am.Am
W/ActivityManager(  924): Invalid packageName: com.careerbuilder.SugarDrone
D/AndroidRuntime( 8243): Shutting down VM
I/ThermalEngine(  517): ACTION: GPU - Setting GPU[0] to 510000000
I/ServiceManager(  534): Waiting for service AtCmdFwd...
I/ServiceManager(  534): Waiting for service AtCmdFwd...
I/ServiceManager(  534): Waiting for service AtCmdFwd...
I/ServiceManager(  534): Waiting for service AtCmdFwd...
I/ServiceManager(  534): Waiting for service AtCmdFwd...
W/Atfwd_Sendcmd(  534): AtCmdFwd service not published, waiting... retryCnt : 5
I/ThermalEngine(  517): ACTION: GPU - Setting GPU[0] to 450000000
I/Keyboard.Facilitator.LanguageModelFlusher( 3375): run()
I/Keyboard.Facilitator( 3375): flushDynamicLanguageModels()
I/ThermalEngine(  517): ACTION: GPU - Setting GPU[0] to 510000000
I/ThermalEngine(  517): ACTION: GPU - Setting GPU[0] to 450000000
D/WifiStateMachine(  924): starting scan for "xtc-ag"WPA_PSK with 5240,5200,5180
D/AndroidRuntime( 8697): >>>>>> START com.android.internal.os.RuntimeInit uid 2000 <<<<<<
D/AndroidRuntime( 8697): CheckJNI is OFF
D/ICU     ( 8697): No timezone override file found: /data/misc/zoneinfo/current/icu/icu_tzdata.dat
I/Radio-JNI( 8697): register_android_hardware_Radio DONE
D/AndroidRuntime( 8697): Calling main entry com.android.commands.pm.Pm
I/ActivityManager(  924): Start proc 8716:com.android.defcontainer/u0a7 for service com.android.defcontainer/.DefaultContainerService
D/DefContainer( 8716): Copying /data/local/tmp/0000001802 to base.apk
I/PackageManager.DexOptimizer(  924): Running dexopt (dex2oat) on: /data/app/vmdl367644418.tmp/base.apk pkg=com.careerbuilder.SugarDrone isa=arm vmSafeMode=false debuggable=true oatDir = /data/app/vmdl367644418.tmp/oat bootComplete=true
I/dex2oat ( 8754): /system/bin/dex2oat -j2 --debuggable
W/dex2oat ( 8754): Before Android 4.1, method android.graphics.PorterDuffColorFilter android.support.graphics.drawable.VectorDrawableCompat.updateTintFilter(android.graphics.PorterDuffColorFilter, android.content.res.ColorStateList, android.graphics.PorterDuff$Mode) would have incorrectly overridden the package-private method in android.graphics.drawable.Drawable
W/dex2oat ( 8754): Before Android 4.1, method int android.support.v7.widget.ListViewCompat.lookForSelectablePosition(int, boolean) would have incorrectly overridden the package-private method in android.widget.ListView
I/Atfwd_Sendcmd(  534): AtCmdFwd service not ready - Exhausted retry attempts - :6
I/Atfwd_Daemon(  534): result : -1 	 ,Init step :2 	 ,qmiErrorCode: 0
W/ip      ( 8818): type=1400 audit(0.0:73): avc: denied { search } for name="net" dev="dm-2" ino=4079624 scontext=u:r:shell:s0 tcontext=u:object_r:net_data_file:s0 tclass=dir permissive=0
I/dex2oat ( 8754): dex2oat took 4.739s (threads: 2) arena alloc=518KB java alloc=5MB native alloc=20MB free=3MB
W/PackageManager(  924): Not granting permission android.permission.MANAGE_DOCUMENTS to package com.careerbuilder.SugarDrone (protectionLevel=2 flags=0x3808be46)
W/PackageManager(  924): Not granting permission android.permission.MOUNT_UNMOUNT_FILESYSTEMS to package com.careerbuilder.SugarDrone (protectionLevel=18 flags=0x3808be46)
V/BackupManagerService(  924): restoreAtInstall pkg=com.careerbuilder.SugarDrone token=5 restoreSet=0
V/BackupManagerService(  924): Finishing install immediately
W/Settings(  924): Setting install_non_market_apps has moved from android.provider.Settings.Global to android.provider.Settings.Secure, returning read-only value.
I/art     (  924): Starting a blocking GC Explicit
I/art     (  924): Explicit concurrent mark sweep GC freed 54578(3MB) AllocSpace objects, 7(300KB) LOS objects, 33% free, 29MB/44MB, paused 1.430ms total 82.303ms
I/art     (  924): WaitForGcToComplete blocked for 35.564ms for cause HeapTrim
I/art     ( 8697): System.exit called, status: 0
I/AndroidRuntime( 8697): VM exiting with result code 0.
I/InputReader(  924): Reconfiguring input devices.  changes=0x00000010
I/ActivityManager(  924): Start proc 8835:com.google.android.partnersetup/u0a18 for broadcast com.google.android.partnersetup/.RlzPingBroadcastReceiver
D/CarrierServiceBindHelper( 3510): Receive action: android.intent.action.PACKAGE_ADDED
D/CarrierServiceBindHelper( 3510): mHandler: 3
D/CarrierConfigLoader( 3510): mHandler: 9 phoneId: 0
W/System  ( 8835): ClassLoader referenced unknown path: /system/priv-app/GooglePartnerSetup/lib/arm64
I/ActivityManager(  924): Start proc 8853:com.android.musicfx/u0a21 for broadcast com.android.musicfx/.Compatibility$Receiver
I/ActivityManager(  924): Killing 7354:com.android.sdm.plugins.sprintdm/1001 (adj 15): empty #17
W/System  ( 8853): ClassLoader referenced unknown path: /system/priv-app/MusicFX/lib/arm64
I/ActivityManager(  924): Start proc 8872:com.android.vending/u0a22 for broadcast com.android.vending/com.google.android.finsky.receivers.PackageMonitorReceiver$RegisteredReceiver
I/ActivityManager(  924): Killing 7372:com.android.chrome/u0a39 (adj 15): empty #17
W/System  ( 8872): ClassLoader referenced unknown path: /system/priv-app/Phonesky/lib/arm64
W/Finsky  ( 8872): [1] FinskyApp.getCurrentAccount: No account configured on this device.
D/Finsky  ( 8872): [1] FinskyApp.onCreate: Initializing network with DFE https://android.clients.google.com/fdfe/
W/Finsky  ( 8872): [1] FinskyApp.getCurrentAccount: No account configured on this device.
W/Finsky  ( 8872): [1] FinskyApp.getCurrentAccount: No account configured on this device.
W/Finsky  ( 8872): [1] FinskyApp.getCurrentAccount: No account configured on this device.
W/Finsky  ( 8872): [1] FinskyApp.getCurrentAccount: No account configured on this device.
W/Finsky  ( 8872): [1] FinskyApp.getCurrentAccount: No account configured on this device.
W/Finsky  ( 8872): [1] FinskyApp.getCurrentAccount: No account configured on this device.
W/Finsky  ( 8872): [1] FinskyApp.getCurrentAccount: No account configured on this device.
D/Finsky  ( 8872): [1] DailyHygiene.goMakeHygieneIfDirty: No need to run daily hygiene.
W/Settings( 8872): Setting download_manager_max_bytes_over_mobile has moved from android.provider.Settings.Secure to android.provider.Settings.Global.
W/Settings( 8872): Setting download_manager_recommended_max_bytes_over_mobile has moved from android.provider.Settings.Secure to android.provider.Settings.Global.
W/Finsky  ( 8872): [1] FinskyApp.getCurrentAccount: No account configured on this device.
W/Finsky  ( 8872): [1] FinskyApp.getCurrentAccount: No account configured on this device.
W/Finsky  ( 8872): [1] FinskyApp.getDfeApi: No account configured on this device.
W/Finsky  ( 8872): [1] FinskyApp.getCurrentAccount: No account configured on this device.
D/Ads     ( 8872): Skipping gmscore version check
I/ActivityManager(  924): Start proc 8912:com.google.android.apps.docs/u0a43 for broadcast com.google.android.apps.docs/.receivers.AppPackageAddRemoveReceiver
I/UpdateIcingCorporaServi( 4925): Updating corpora: APPS=com.careerbuilder.SugarDrone, CONTACTS=MAYBE
D/Finsky  ( 8872): [1] ExternalReferrer.access$200: Package state data is missing for com.careerbuilder.SugarDrone
W/System  ( 8912): ClassLoader referenced unknown path: /system/app/Drive/lib/arm64
D/Finsky  ( 8872): [1] GmsCoreHelper.cleanupNlp: result=false type=4
W/Finsky  ( 8872): [1] FinskyApp.getCurrentAccount: No account configured on this device.
W/Finsky  ( 8872): [1] FinskyApp.getCurrentAccount: No account configured on this device.
W/IcingInternalCorpora( 4241): getNumBytesRead when not calculated.
D/Finsky  ( 8872): [1] RestoreTracker.stopServiceIfDone: Restore complete with 0 success and 0 failed.
I/Icing   ( 4241): Usage reports 0 indexed 0 rejected 0 imm upload true
I/UpdateIcingCorporaServi( 4925): UpdateCorporaTask done [took 257 ms] updated apps [took 257 ms] 
D/AndroidRuntime( 8884): >>>>>> START com.android.internal.os.RuntimeInit uid 2000 <<<<<<
D/AndroidRuntime( 8884): CheckJNI is OFF
D/ICU     ( 8884): No timezone override file found: /data/misc/zoneinfo/current/icu/icu_tzdata.dat
I/GAv4    ( 8912): Google Analytics 7.8.95 is starting up. To enable debug logging on a device run:
I/GAv4    ( 8912):   adb shell setprop log.tag.GAv4 DEBUG
I/GAv4    ( 8912):   adb logcat -s GAv4
I/Radio-JNI( 8884): register_android_hardware_Radio DONE
W/GAv4    ( 8912): AnalyticsReceiver is not registered or is disabled. Register the receiver for reliable dispatching on non-Google Play devices. See http://goo.gl/8Rd3yj for instructions.
W/GAv4    ( 8912): CampaignTrackingReceiver is not registered, not exported or is disabled. Installation campaign tracking is not possible. See http://goo.gl/8Rd3yj for instructions.
D/AndroidRuntime( 8884): Calling main entry com.android.commands.settings.SettingsCmd
D/AndroidRuntime( 8884): Shutting down VM
W/AnalyticsTrackerProxyImpl( 8912): Analytics setup for ID UA-21125203-2, app name Drive, version 2.3.327.05.46
W/GAv4    ( 8912): AnalyticsService not registered in the app manifest. Hits might not be delivered reliably. See http://goo.gl/8Rd3yj for instructions.
I/ActivityManager(  924): Killing 7808:com.android.providers.calendar/u0a1 (adj 15): empty #17
I/PeopleContactsSync( 4241): triggerPendingContactsCleanup: no accounts
D/Wear_Controller( 4241): Received broadcast action=android.intent.action.PACKAGE_ADDED and uri=com.careerbuilder.SugarDrone
I/Icing   ( 4241): Usage reports 0 indexed 0 rejected 0 imm upload false
I/Icing   ( 4241): Usage reports 0 indexed 0 rejected 0 imm upload false
W/linker  ( 8912): /data/app/com.google.android.gms-2/lib/arm64/libconscrypt_gmscore_jni.so: unused DT entry: type 0x1d arg 0x80
V/JNIHelp ( 8912): Registering com/google/android/gms/org/conscrypt/NativeCrypto's 242 native methods...
I/art     ( 8912): Rejecting re-init on previously-failed class java.lang.Class<com.google.android.gms.org.conscrypt.OpenSSLExtendedSessionImpl>
I/art     ( 8912): Rejecting re-init on previously-failed class java.lang.Class<com.google.android.gms.org.conscrypt.OpenSSLExtendedSessionImpl>
I/ProviderInstaller( 8912): Installed default security provider GmsCore_OpenSSL
D/AndroidRuntime( 8975): >>>>>> START com.android.internal.os.RuntimeInit uid 2000 <<<<<<
D/AndroidRuntime( 8975): CheckJNI is OFF
I/Icing   ( 4241): Indexing D2F44C60488EDF2A00741AA0A7D5530FBE012947 from com.google.android.googlequicksearchbox
D/ICU     ( 8975): No timezone override file found: /data/misc/zoneinfo/current/icu/icu_tzdata.dat
I/Icing   ( 4241): Indexing done D2F44C60488EDF2A00741AA0A7D5530FBE012947
I/Radio-JNI( 8975): register_android_hardware_Radio DONE
D/AndroidRuntime( 8975): Calling main entry com.android.commands.settings.SettingsCmd
D/AndroidRuntime( 8975): Shutting down VM
I/ThermalEngine(  517): ACTION: GPU - Setting GPU[0] to 390000000
I/Icing   ( 4241): Indexing 549E45E51981BEDBC489C5B952C65EDEDC73CE58 from com.google.android.gms
I/Icing   ( 4241): Indexing done 549E45E51981BEDBC489C5B952C65EDEDC73CE58
D/AndroidRuntime( 9000): >>>>>> START com.android.internal.os.RuntimeInit uid 2000 <<<<<<
D/AndroidRuntime( 9000): CheckJNI is OFF
D/ICU     ( 9000): No timezone override file found: /data/misc/zoneinfo/current/icu/icu_tzdata.dat
I/Radio-JNI( 9000): register_android_hardware_Radio DONE
D/AndroidRuntime( 9000): Calling main entry com.android.commands.settings.SettingsCmd
D/AndroidRuntime( 9000): Shutting down VM
D/AndroidRuntime( 9025): >>>>>> START com.android.internal.os.RuntimeInit uid 2000 <<<<<<
D/AndroidRuntime( 9025): CheckJNI is OFF
D/ICU     ( 9025): No timezone override file found: /data/misc/zoneinfo/current/icu/icu_tzdata.dat
I/Radio-JNI( 9025): register_android_hardware_Radio DONE
D/AndroidRuntime( 9025): Calling main entry com.android.commands.settings.SettingsCmd
D/AndroidRuntime( 9025): Shutting down VM
I/ActivityManager(  924): Killing 7140:com.google.android.talk/u0a53 (adj 15): empty #17
D/AndroidRuntime( 9048): >>>>>> START com.android.internal.os.RuntimeInit uid 2000 <<<<<<
D/AndroidRuntime( 9048): CheckJNI is OFF
D/ICU     ( 9048): No timezone override file found: /data/misc/zoneinfo/current/icu/icu_tzdata.dat
I/Radio-JNI( 9048): register_android_hardware_Radio DONE
D/AndroidRuntime( 9048): Calling main entry com.android.commands.settings.SettingsCmd
D/AndroidRuntime( 9048): Shutting down VM
I/ThermalEngine(  517): ACTION: GPU - Setting GPU[0] to 450000000
D/AndroidRuntime( 9070): >>>>>> START com.android.internal.os.RuntimeInit uid 2000 <<<<<<
D/AndroidRuntime( 9070): CheckJNI is OFF
D/ICU     ( 9070): No timezone override file found: /data/misc/zoneinfo/current/icu/icu_tzdata.dat
I/Radio-JNI( 9070): register_android_hardware_Radio DONE
D/AndroidRuntime( 9070): Calling main entry com.android.commands.appops.AppOpsCommand
D/AndroidRuntime( 9070): Shutting down VM
D/AndroidRuntime( 9094): >>>>>> START com.android.internal.os.RuntimeInit uid 2000 <<<<<<
D/AndroidRuntime( 9094): CheckJNI is OFF
D/ICU     ( 9094): No timezone override file found: /data/misc/zoneinfo/current/icu/icu_tzdata.dat
I/Radio-JNI( 9094): register_android_hardware_Radio DONE
D/AndroidRuntime( 9094): Calling main entry com.android.commands.pm.Pm
I/art     ( 9094): System.exit called, status: 0
I/AndroidRuntime( 9094): VM exiting with result code 0.
I/ServiceManager(  534): Waiting for service AtCmdFwd...
I/ServiceManager(  534): Waiting for service AtCmdFwd...
I/ActivityManager(  924): Killing 7401:com.google.android.apps.photos/u0a62 (adj 15): empty #17
I/ServiceManager(  534): Waiting for service AtCmdFwd...
D/AndroidRuntime( 9140): >>>>>> START com.android.internal.os.RuntimeInit uid 2000 <<<<<<
D/AndroidRuntime( 9140): CheckJNI is OFF
D/NetlinkSocketObserver(  924): NeighborEvent{elapsedMs=232840, 10.22.0.1, [B0FAEB975089], RTM_NEWNEIGH, NUD_REACHABLE}
D/ICU     ( 9140): No timezone override file found: /data/misc/zoneinfo/current/icu/icu_tzdata.dat
I/Radio-JNI( 9140): register_android_hardware_Radio DONE
D/AndroidRuntime( 9140): Calling main entry com.android.commands.pm.Pm
I/art     ( 9140): System.exit called, status: 0
I/AndroidRuntime( 9140): VM exiting with result code 0.
I/ServiceManager(  534): Waiting for service AtCmdFwd...
D/WifiStateMachine(  924): starting scan for "xtc-ag"WPA_PSK with 5240,5200,5180
I/ServiceManager(  534): Waiting for service AtCmdFwd...
D/AndroidRuntime( 9215): >>>>>> START com.android.internal.os.RuntimeInit uid 2000 <<<<<<
D/AndroidRuntime( 9215): CheckJNI is OFF
D/ICU     ( 9215): No timezone override file found: /data/misc/zoneinfo/current/icu/icu_tzdata.dat
W/Atfwd_Sendcmd(  534): AtCmdFwd service not published, waiting... retryCnt : 1
I/Radio-JNI( 9215): register_android_hardware_Radio DONE
D/AndroidRuntime( 9215): Calling main entry com.android.commands.am.Am
W/ActivityManager(  924): Invalid packageName: com.careerbuilder.SugarDrone.test
D/AndroidRuntime( 9215): Shutting down VM
D/AndroidRuntime( 9243): >>>>>> START com.android.internal.os.RuntimeInit uid 2000 <<<<<<
D/AndroidRuntime( 9243): CheckJNI is OFF
D/ICU     ( 9243): No timezone override file found: /data/misc/zoneinfo/current/icu/icu_tzdata.dat
I/Radio-JNI( 9243): register_android_hardware_Radio DONE
D/AndroidRuntime( 9243): Calling main entry com.android.commands.pm.Pm
D/DefContainer( 8716): Copying /data/local/tmp/0000001803 to base.apk
I/PackageManager.DexOptimizer(  924): Running dexopt (dex2oat) on: /data/app/vmdl245830590.tmp/base.apk pkg=com.careerbuilder.SugarDrone.test isa=arm64 vmSafeMode=false debuggable=false oatDir = /data/app/vmdl245830590.tmp/oat bootComplete=true
I/dex2oat ( 9263): /system/bin/dex2oat -j2
W/dex2oat ( 9263): No verified method for method calling String.<init>: java.lang.String android.text.TextUtils.substring(java.lang.CharSequence, int, int)
W/dex2oat ( 9263): No verified method for method calling String.<init>: java.lang.String android.text.TextUtils.substring(java.lang.CharSequence, int, int)
I/dex2oat ( 9263): Skipping compilation of void sh.calaba.org.codehaus.jackson.impl.Utf8StreamParser._skipString(): it contains a non natural loop
D/Finsky  ( 8872): [392] AppStatesReplicator.handleContentSyncResponse: Completed 0 account content syncs with 0 successful.
D/Finsky  ( 8872): [1] ContentSyncService$5.onFinished: Installation state replication succeeded.
I/dex2oat ( 9263): dex2oat took 2.238s (threads: 2) arena alloc=2MB java alloc=2MB native alloc=9MB free=1777KB
W/PackageManager(  924): Not granting permission android.permission.ACCESS_MOCK_LOCATION to package com.careerbuilder.SugarDrone.test (protectionLevel=2 flags=0x1800be44)
V/BackupManagerService(  924): restoreAtInstall pkg=com.careerbuilder.SugarDrone.test token=6 restoreSet=0
V/BackupManagerService(  924): Finishing install immediately
W/Settings(  924): Setting install_non_market_apps has moved from android.provider.Settings.Global to android.provider.Settings.Secure, returning read-only value.
I/art     (  924): Starting a blocking GC Explicit
I/art     (  924): Explicit concurrent mark sweep GC freed 103846(6MB) AllocSpace objects, 18(456KB) LOS objects, 33% free, 30MB/45MB, paused 1.616ms total 98.477ms
I/art     ( 9243): System.exit called, status: 0
I/AndroidRuntime( 9243): VM exiting with result code 0.
I/InputReader(  924): Reconfiguring input devices.  changes=0x00000010
D/CarrierServiceBindHelper( 3510): Receive action: android.intent.action.PACKAGE_ADDED
D/CarrierServiceBindHelper( 3510): mHandler: 3
D/CarrierConfigLoader( 3510): mHandler: 9 phoneId: 0
D/Finsky  ( 8872): [1] ExternalReferrer.access$200: Package state data is missing for com.careerbuilder.SugarDrone.test
I/UpdateIcingCorporaServi( 4925): Updating corpora: APPS=com.careerbuilder.SugarDrone.test, CONTACTS=MAYBE
I/ThermalEngine(  517): ACTION: GPU - Setting GPU[0] to 390000000
I/UpdateIcingCorporaServi( 4925): UpdateCorporaTask done [took 126 ms] updated apps [took 126 ms] 
D/Wear_Controller( 4241): Received broadcast action=android.intent.action.PACKAGE_ADDED and uri=com.careerbuilder.SugarDrone.test
E/KernelCpuSpeedReader(  924): Failed to read cpu-freq: /sys/devices/system/cpu/cpu4/cpufreq/stats/time_in_state: open failed: ENOENT (No such file or directory)
E/KernelCpuSpeedReader(  924): Failed to read cpu-freq: /sys/devices/system/cpu/cpu4/cpufreq/stats/time_in_state: open failed: ENOENT (No such file or directory)
I/PeopleContactsSync( 4241): triggerPendingContactsCleanup: no accounts
W/IcingInternalCorpora( 4241): getNumBytesRead when not calculated.
I/Icing   ( 4241): Usage reports 0 indexed 0 rejected 0 imm upload false
I/Icing   ( 4241): Usage reports 0 indexed 0 rejected 0 imm upload false
D/AndroidRuntime( 9335): >>>>>> START com.android.internal.os.RuntimeInit uid 2000 <<<<<<
D/AndroidRuntime( 9335): CheckJNI is OFF
D/ICU     ( 9335): No timezone override file found: /data/misc/zoneinfo/current/icu/icu_tzdata.dat
I/Radio-JNI( 9335): register_android_hardware_Radio DONE
I/ServiceManager(  534): Waiting for service AtCmdFwd...
D/AndroidRuntime( 9335): Calling main entry com.android.commands.settings.SettingsCmd
D/AndroidRuntime( 9335): Shutting down VM
I/Icing   ( 4241): Indexing 549E45E51981BEDBC489C5B952C65EDEDC73CE58 from com.google.android.gms
I/Icing   ( 4241): Indexing done 549E45E51981BEDBC489C5B952C65EDEDC73CE58
D/AndroidRuntime( 9368): >>>>>> START com.android.internal.os.RuntimeInit uid 2000 <<<<<<
D/AndroidRuntime( 9368): CheckJNI is OFF
D/ICU     ( 9368): No timezone override file found: /data/misc/zoneinfo/current/icu/icu_tzdata.dat
I/ServiceManager(  534): Waiting for service AtCmdFwd...
I/Radio-JNI( 9368): register_android_hardware_Radio DONE
D/AndroidRuntime( 9368): Calling main entry com.android.commands.settings.SettingsCmd
D/AndroidRuntime( 9368): Shutting down VM
D/AndroidRuntime( 9393): >>>>>> START com.android.internal.os.RuntimeInit uid 2000 <<<<<<
D/AndroidRuntime( 9393): CheckJNI is OFF
I/ServiceManager(  534): Waiting for service AtCmdFwd...
D/ICU     ( 9393): No timezone override file found: /data/misc/zoneinfo/current/icu/icu_tzdata.dat
I/Radio-JNI( 9393): register_android_hardware_Radio DONE
D/AndroidRuntime( 9393): Calling main entry com.android.commands.settings.SettingsCmd
D/AndroidRuntime( 9393): Shutting down VM
I/ThermalEngine(  517): ACTION: GPU - Setting GPU[0] to 450000000
D/AndroidRuntime( 9418): >>>>>> START com.android.internal.os.RuntimeInit uid 2000 <<<<<<
D/AndroidRuntime( 9418): CheckJNI is OFF
D/ICU     ( 9418): No timezone override file found: /data/misc/zoneinfo/current/icu/icu_tzdata.dat
I/Radio-JNI( 9418): register_android_hardware_Radio DONE
I/ServiceManager(  534): Waiting for service AtCmdFwd...
D/AndroidRuntime( 9418): Calling main entry com.android.commands.settings.SettingsCmd
D/AndroidRuntime( 9418): Shutting down VM
D/NetlinkSocketObserver(  924): NeighborEvent{elapsedMs=244040, 10.22.0.1, [B0FAEB975089], RTM_NEWNEIGH, NUD_STALE}
D/AndroidRuntime( 9439): >>>>>> START com.android.internal.os.RuntimeInit uid 2000 <<<<<<
D/AndroidRuntime( 9439): CheckJNI is OFF
D/ICU     ( 9439): No timezone override file found: /data/misc/zoneinfo/current/icu/icu_tzdata.dat
I/Radio-JNI( 9439): register_android_hardware_Radio DONE
D/AndroidRuntime( 9439): Calling main entry com.android.commands.settings.SettingsCmd
D/AndroidRuntime( 9439): Shutting down VM
I/ServiceManager(  534): Waiting for service AtCmdFwd...
D/AndroidRuntime( 9463): >>>>>> START com.android.internal.os.RuntimeInit uid 2000 <<<<<<
D/AndroidRuntime( 9463): CheckJNI is OFF
D/ICU     ( 9463): No timezone override file found: /data/misc/zoneinfo/current/icu/icu_tzdata.dat
I/Radio-JNI( 9463): register_android_hardware_Radio DONE
D/AndroidRuntime( 9463): Calling main entry com.android.commands.appops.AppOpsCommand
D/AndroidRuntime( 9463): Shutting down VM
W/Atfwd_Sendcmd(  534): AtCmdFwd service not published, waiting... retryCnt : 2
D/AndroidRuntime( 9486): >>>>>> START com.android.internal.os.RuntimeInit uid 2000 <<<<<<
D/AndroidRuntime( 9486): CheckJNI is OFF
D/ICU     ( 9486): No timezone override file found: /data/misc/zoneinfo/current/icu/icu_tzdata.dat
I/Radio-JNI( 9486): register_android_hardware_Radio DONE
D/AndroidRuntime( 9486): Calling main entry com.android.commands.pm.Pm
I/art     ( 9486): System.exit called, status: 0
I/AndroidRuntime( 9486): VM exiting with result code 0.
I/ThermalEngine(  517): ACTION: GPU - Setting GPU[0] to 390000000
D/AndroidRuntime( 9538): >>>>>> START com.android.internal.os.RuntimeInit uid 2000 <<<<<<
D/AndroidRuntime( 9538): CheckJNI is OFF
D/ICU     ( 9538): No timezone override file found: /data/misc/zoneinfo/current/icu/icu_tzdata.dat
I/Radio-JNI( 9538): register_android_hardware_Radio DONE
D/AndroidRuntime( 9538): Calling main entry com.android.commands.pm.Pm
I/art     ( 9538): System.exit called, status: 0
I/AndroidRuntime( 9538): VM exiting with result code 0.
I/ThermalEngine(  517): ACTION: GPU - Setting GPU[0] to 450000000
D/AndroidRuntime( 9602): >>>>>> START com.android.internal.os.RuntimeInit uid 2000 <<<<<<
D/AndroidRuntime( 9602): CheckJNI is OFF
D/ICU     ( 9602): No timezone override file found: /data/misc/zoneinfo/current/icu/icu_tzdata.dat
I/Radio-JNI( 9602): register_android_hardware_Radio DONE
D/AndroidRuntime( 9602): Calling main entry com.android.commands.input.Input
I/Input   ( 9602): injectKeyEvent: KeyEvent { action=ACTION_DOWN, keyCode=KEYCODE_BACK, scanCode=0, metaState=0, flags=0x0, repeatCount=0, eventTime=252141, downTime=252141, deviceId=-1, source=0x101 }
I/Input   ( 9602): injectKeyEvent: KeyEvent { action=ACTION_UP, keyCode=KEYCODE_BACK, scanCode=0, metaState=0, flags=0x0, repeatCount=0, eventTime=252141, downTime=252141, deviceId=-1, source=0x101 }
D/EmojiAltPhysicalKeyDetector( 3375): onKeyUp() : KeyEvent { action=ACTION_UP, keyCode=KEYCODE_BACK, scanCode=0, metaState=0, flags=0x0, repeatCount=0, eventTime=252141, downTime=252141, deviceId=-1, source=0x101 }
D/EmojiAltPhysicalKeyDetector( 3375): onKeyUp() : Disabled
D/AndroidRuntime( 9602): Shutting down VM
I/ThermalEngine(  517): ACTION: GPU - Setting GPU[0] to 390000000
D/AndroidRuntime( 9656): >>>>>> START com.android.internal.os.RuntimeInit uid 2000 <<<<<<
D/AndroidRuntime( 9656): CheckJNI is OFF
D/ICU     ( 9656): No timezone override file found: /data/misc/zoneinfo/current/icu/icu_tzdata.dat
I/Radio-JNI( 9656): register_android_hardware_Radio DONE
D/AndroidRuntime( 9656): Calling main entry com.android.commands.input.Input
I/Input   ( 9656): injectKeyEvent: KeyEvent { action=ACTION_DOWN, keyCode=KEYCODE_HOME, scanCode=0, metaState=0, flags=0x0, repeatCount=0, eventTime=254013, downTime=254013, deviceId=-1, source=0x101 }
I/Input   ( 9656): injectKeyEvent: KeyEvent { action=ACTION_UP, keyCode=KEYCODE_HOME, scanCode=0, metaState=0, flags=0x0, repeatCount=0, eventTime=254013, downTime=254013, deviceId=-1, source=0x101 }
I/ActivityManager(  924): START u0 {act=android.intent.action.MAIN cat=[android.intent.category.HOME] flg=0x10200000 cmp=com.google.android.googlequicksearchbox/com.google.android.launcher.GEL (has extras)} from uid 1000 on display 0
D/AndroidRuntime( 9656): Shutting down VM
I/GEL     ( 3537): handleIntent(Intent { act=android.intent.action.MAIN cat=[android.intent.category.HOME] flg=0x10200000 cmp=com.google.android.googlequicksearchbox/com.google.android.launcher.GEL (has extras) })
D/Finsky  ( 8872): [392] AppStatesReplicator.handleContentSyncResponse: Completed 0 account content syncs with 0 successful.
D/Finsky  ( 8872): [1] ContentSyncService$5.onFinished: Installation state replication succeeded.
D/AndroidRuntime( 9691): >>>>>> START com.android.internal.os.RuntimeInit uid 2000 <<<<<<
D/AndroidRuntime( 9691): CheckJNI is OFF
D/ICU     ( 9691): No timezone override file found: /data/misc/zoneinfo/current/icu/icu_tzdata.dat
I/Radio-JNI( 9691): register_android_hardware_Radio DONE
D/AndroidRuntime( 9691): Calling main entry com.android.commands.input.Input
I/Input   ( 9691): injectKeyEvent: KeyEvent { action=ACTION_DOWN, keyCode=KEYCODE_BACK, scanCode=0, metaState=0, flags=0x0, repeatCount=0, eventTime=255585, downTime=255585, deviceId=-1, source=0x101 }
I/Input   ( 9691): injectKeyEvent: KeyEvent { action=ACTION_UP, keyCode=KEYCODE_BACK, scanCode=0, metaState=0, flags=0x0, repeatCount=0, eventTime=255585, downTime=255585, deviceId=-1, source=0x101 }
I/ServiceManager(  534): Waiting for service AtCmdFwd...
D/EmojiAltPhysicalKeyDetector( 3375): onKeyUp() : KeyEvent { action=ACTION_UP, keyCode=KEYCODE_BACK, scanCode=0, metaState=0, flags=0x0, repeatCount=0, eventTime=255585, downTime=255585, deviceId=-1, source=0x101 }
D/EmojiAltPhysicalKeyDetector( 3375): onKeyUp() : Disabled
D/AndroidRuntime( 9691): Shutting down VM
I/ServiceManager(  534): Waiting for service AtCmdFwd...
D/AndroidRuntime( 9736): >>>>>> START com.android.internal.os.RuntimeInit uid 2000 <<<<<<
D/AndroidRuntime( 9736): CheckJNI is OFF
I/ServiceManager(  534): Waiting for service AtCmdFwd...
D/ICU     ( 9736): No timezone override file found: /data/misc/zoneinfo/current/icu/icu_tzdata.dat
I/Radio-JNI( 9736): register_android_hardware_Radio DONE
D/AndroidRuntime( 9736): Calling main entry com.android.commands.am.Am
I/ActivityManager(  924): Force stopping com.careerbuilder.SugarDrone appid=17869 user=0: start instr
I/art     ( 9758): Late-enabling -Xcheck:jni
I/ActivityManager(  924): Start proc 9758:com.careerbuilder.SugarDrone/u0a7869 for added application com.careerbuilder.SugarDrone
E/dex2oat ( 9771): Failed to create oat file: /data/dalvik-cache/arm/data@app@com.careerbuilder.SugarDrone.test-1@base.apk@classes.dex: Permission denied
I/dex2oat ( 9771): dex2oat took 639.792us (threads: 2) 
W/art     ( 9758): Failed execv(/system/bin/dex2oat --runtime-arg -classpath --runtime-arg  --instruction-set=arm --instruction-set-features=smp,div,-atomic_ldrd_strd --runtime-arg -Xrelocate --boot-image=/system/framework/boot.art --runtime-arg -Xms64m --runtime-arg -Xmx512m -j2 --instruction-set-variant=cortex-a7 --instruction-set-features=default --dex-file=/data/app/com.careerbuilder.SugarDrone.test-1/base.apk --oat-file=/data/dalvik-cache/arm/data@app@com.careerbuilder.SugarDrone.test-1@base.apk@classes.dex) because non-0 exit status
W/System  ( 9758): ClassLoader referenced unknown path: /data/app/com.careerbuilder.SugarDrone.test-1/lib/arm64
W/monodroid( 9758): Using override path: /data/user/0/com.careerbuilder.SugarDrone/files/.__override__
W/monodroid( 9758): Trying to load sgen from: /data/user/0/com.careerbuilder.SugarDrone/files/.__override__/libmonosgen-2.0.so
W/monodroid( 9758): Trying to load sgen from: /storage/emulated/0/Android/data/com.careerbuilder.SugarDrone/files/.__override__/libmonosgen-2.0.so
W/monodroid( 9758): Trying to load sgen from: /data/app/com.careerbuilder.SugarDrone-1/lib/arm/libmonosgen-2.0.so
D/Mono    ( 9758): Image addref mscorlib[0xef669020] -> mscorlib.dll[0xed1fbd00]: 2
D/Mono    ( 9758): Prepared to set up assembly 'mscorlib' (mscorlib.dll)
D/Mono    ( 9758): AOT module 'mscorlib.dll.so' not found: dlopen failed: library "/data/app/com.careerbuilder.SugarDrone-1/lib/arm/libaot-mscorlib.dll.so" not found
D/Mono    ( 9758): AOT module '/Users/builder/data/lanes/4009/f3074d2c/source/monodroid/builds/install/mono-armv6/lib/mono/aot-cache/arm/mscorlib.dll.so' not found: dlopen failed: library "/data/app/com.careerbuilder.SugarDrone-1/lib/arm/libaot-mscorlib.dll.so" not found
D/Mono    ( 9758): Config attempting to parse: 'mscorlib.dll.config'.
D/Mono    ( 9758): Config attempting to parse: '/Users/builder/data/lanes/4009/f3074d2c/source/monodroid/builds/install/mono-armv6/etc/mono/assemblies/mscorlib/mscorlib.config'.
D/Mono    ( 9758): Assembly mscorlib[0xef669020] added to domain RootDomain, ref_count=1
D/Mono    ( 9758): Image addref CareerBuilder_Search.Droid[0xef669080] -> CareerBuilder_Search.Droid.dll[0xed1fcc00]: 2
D/Mono    ( 9758): Prepared to set up assembly 'CareerBuilder_Search.Droid' (CareerBuilder_Search.Droid.dll)
D/Mono    ( 9758): Assembly CareerBuilder_Search.Droid[0xef669080] added to domain RootDomain, ref_count=1
D/Mono    ( 9758): AOT module 'CareerBuilder_Search.Droid.dll.so' not found: dlopen failed: library "/data/app/com.careerbuilder.SugarDrone-1/lib/arm/libaot-CareerBuilder_Search.Droid.dll.so" not found
D/Mono    ( 9758): AOT module '/Users/builder/data/lanes/4009/f3074d2c/source/monodroid/builds/install/mono-armv6/lib/mono/aot-cache/arm/CareerBuilder_Search.Droid.dll.so' not found: dlopen failed: library "/data/app/com.careerbuilder.SugarDrone-1/lib/arm/libaot-CareerBuilder_Search.Droid.dll.so" not found
D/Mono    ( 9758): Config attempting to parse: 'CareerBuilder_Search.Droid.dll.config'.
D/Mono    ( 9758): Config attempting to parse: '/Users/builder/data/lanes/4009/f3074d2c/source/monodroid/builds/install/mono-armv6/etc/mono/assemblies/CareerBuilder_Search.Droid/CareerBuilder_Search.Droid.config'.
D/Mono    ( 9758): Image addref AppsFlyerXamarinBindingAndroid[0xef6690e0] -> AppsFlyerXamarinBindingAndroid.dll[0xf5336f00]: 2
D/Mono    ( 9758): Prepared to set up assembly 'AppsFlyerXamarinBindingAndroid' (AppsFlyerXamarinBindingAndroid.dll)
D/Mono    ( 9758): Assembly AppsFlyerXamarinBindingAndroid[0xef6690e0] added to domain RootDomain, ref_count=1
D/Mono    ( 9758): AOT module 'AppsFlyerXamarinBindingAndroid.dll.so' not found: dlopen failed: library "/data/app/com.careerbuilder.SugarDrone-1/lib/arm/libaot-AppsFlyerXamarinBindingAndroid.dll.so" not found
D/Mono    ( 9758): AOT module '/Users/builder/data/lanes/4009/f3074d2c/source/monodroid/builds/install/mono-armv6/lib/mono/aot-cache/arm/AppsFlyerXamarinBindingAndroid.dll.so' not found: dlopen failed: library "/data/app/com.careerbuilder.SugarDrone-1/lib/arm/libaot-AppsFlyerXamarinBindingAndroid.dll.so" not found
D/Mono    ( 9758): Config attempting to parse: 'AppsFlyerXamarinBindingAndroid.dll.config'.
D/Mono    ( 9758): Config attempting to parse: '/Users/builder/data/lanes/4009/f3074d2c/source/monodroid/builds/install/mono-armv6/etc/mono/assemblies/AppsFlyerXamarinBindingAndroid/AppsFlyerXamarinBindingAndroid.config'.
D/Mono    ( 9758): Image addref HockeySDK[0xef669140] -> HockeySDK.dll[0xf5337400]: 2
D/Mono    ( 9758): Prepared to set up assembly 'HockeySDK' (HockeySDK.dll)
D/Mono    ( 9758): Assembly HockeySDK[0xef669140] added to domain RootDomain, ref_count=1
D/Mono    ( 9758): AOT module 'HockeySDK.dll.so' not found: dlopen failed: library "/data/app/com.careerbuilder.SugarDrone-1/lib/arm/libaot-HockeySDK.dll.so" not found
D/Mono    ( 9758): AOT module '/Users/builder/data/lanes/4009/f3074d2c/source/monodroid/builds/install/mono-armv6/lib/mono/aot-cache/arm/HockeySDK.dll.so' not found: dlopen failed: library "/data/app/com.careerbuilder.SugarDrone-1/lib/arm/libaot-HockeySDK.dll.so" not found
D/Mono    ( 9758): Config attempting to parse: 'HockeySDK.dll.config'.
D/Mono    ( 9758): Config attempting to parse: '/Users/builder/data/lanes/4009/f3074d2c/source/monodroid/builds/install/mono-armv6/etc/mono/assemblies/HockeySDK/HockeySDK.config'.
D/Mono    ( 9758): Image addref Akavache[0xef6691a0] -> Akavache.dll[0xf5337900]: 2
D/Mono    ( 9758): Prepared to set up assembly 'Akavache' (Akavache.dll)
D/Mono    ( 9758): Assembly Akavache[0xef6691a0] added to domain RootDomain, ref_count=1
D/Mono    ( 9758): AOT module 'Akavache.dll.so' not found: dlopen failed: library "/data/app/com.careerbuilder.SugarDrone-1/lib/arm/libaot-Akavache.dll.so" not found
D/Mono    ( 9758): AOT module '/Users/builder/data/lanes/4009/f3074d2c/source/monodroid/builds/install/mono-armv6/lib/mono/aot-cache/arm/Akavache.dll.so' not found: dlopen failed: library "/data/app/com.careerbuilder.SugarDrone-1/lib/arm/libaot-Akavache.dll.so" not found
D/Mono    ( 9758): Config attempting to parse: 'Akavache.dll.config'.
D/Mono    ( 9758): Config attempting to parse: '/Users/builder/data/lanes/4009/f3074d2c/source/monodroid/builds/install/mono-armv6/etc/mono/assemblies/Akavache/Akavache.config'.
D/Mono    ( 9758): Image addref Akavache.Sqlite3[0xef669200] -> Akavache.Sqlite3.dll[0xea6c5000]: 2
D/Mono    ( 9758): Prepared to set up assembly 'Akavache.Sqlite3' (Akavache.Sqlite3.dll)
D/Mono    ( 9758): Assembly Akavache.Sqlite3[0xef669200] added to domain RootDomain, ref_count=1
D/Mono    ( 9758): AOT module 'Akavache.Sqlite3.dll.so' not found: dlopen failed: library "/data/app/com.careerbuilder.SugarDrone-1/lib/arm/libaot-Akavache.Sqlite3.dll.so" not found
D/Mono    ( 9758): AOT module '/Users/builder/data/lanes/4009/f3074d2c/source/monodroid/builds/install/mono-armv6/lib/mono/aot-cache/arm/Akavache.Sqlite3.dll.so' not found: dlopen failed: library "/data/app/com.careerbuilder.SugarDrone-1/lib/arm/libaot-Akavache.Sqlite3.dll.so" not found
W/        ( 9758): Symbol file LoadedFromMemory doesn't match image Akavache.Sqlite3.dll
D/Mono    ( 9758): Config attempting to parse: 'Akavache.Sqlite3.dll.config'.
D/Mono    ( 9758): Config attempting to parse: '/Users/builder/data/lanes/4009/f3074d2c/source/monodroid/builds/install/mono-armv6/etc/mono/assemblies/Akavache.Sqlite3/Akavache.Sqlite3.config'.
D/Mono    ( 9758): Image addref Splat[0xef6693e0] -> Splat.dll[0xea6c5500]: 2
D/Mono    ( 9758): Prepared to set up assembly 'Splat' (Splat.dll)
D/Mono    ( 9758): Assembly Splat[0xef6693e0] added to domain RootDomain, ref_count=1
D/Mono    ( 9758): AOT module 'Splat.dll.so' not found: dlopen failed: library "/data/app/com.careerbuilder.SugarDrone-1/lib/arm/libaot-Splat.dll.so" not found
D/Mono    ( 9758): AOT module '/Users/builder/data/lanes/4009/f3074d2c/source/monodroid/builds/install/mono-armv6/lib/mono/aot-cache/arm/Splat.dll.so' not found: dlopen failed: library "/data/app/com.careerbuilder.SugarDrone-1/lib/arm/libaot-Splat.dll.so" not found
D/Mono    ( 9758): Config attempting to parse: 'Splat.dll.config'.
D/Mono    ( 9758): Config attempting to parse: '/Users/builder/data/lanes/4009/f3074d2c/source/monodroid/builds/install/mono-armv6/etc/mono/assemblies/Splat/Splat.config'.
D/Mono    ( 9758): Image addref Microsoft.Practices.ServiceLocation[0xef669440] -> Microsoft.Practices.ServiceLocation.dll[0xea6c5a00]: 2
D/Mono    ( 9758): Prepared to set up assembly 'Microsoft.Practices.ServiceLocation' (Microsoft.Practices.ServiceLocation.dll)
D/Mono    ( 9758): Assembly Microsoft.Practices.ServiceLocation[0xef669440] added to domain RootDomain, ref_count=1
D/Mono    ( 9758): AOT module 'Microsoft.Practices.ServiceLocation.dll.so' not found: dlopen failed: library "/data/app/com.careerbuilder.SugarDrone-1/lib/arm/libaot-Microsoft.Practices.ServiceLocation.dll.so" not found
D/Mono    ( 9758): AOT module '/Users/builder/data/lanes/4009/f3074d2c/source/monodroid/builds/install/mono-armv6/lib/mono/aot-cache/arm/Microsoft.Practices.ServiceLocation.dll.so' not found: dlopen failed: library "/data/app/com.careerbuilder.SugarDrone-1/lib/arm/libaot-Microsoft.Practices.ServiceLocation.dll.so" not found
D/Mono    ( 9758): Config attempting to parse: 'Microsoft.Practices.ServiceLocation.dll.config'.
D/Mono    ( 9758): Config attempting to parse: '/Users/builder/data/lanes/4009/f3074d2c/source/monodroid/builds/install/mono-armv6/etc/mono/assemblies/Microsoft.Practices.ServiceLocation/Microsoft.Practices.ServiceLocation.config'.
D/Mono    ( 9758): Image addref Microsoft.Practices.Unity[0xef6694a0] -> Microsoft.Practices.Unity.dll[0xea6c5f00]: 2
D/Mono    ( 9758): Prepared to set up assembly 'Microsoft.Practices.Unity' (Microsoft.Practices.Unity.dll)
D/Mono    ( 9758): Assembly Microsoft.Practices.Unity[0xef6694a0] added to domain RootDomain, ref_count=1
D/Mono    ( 9758): AOT module 'Microsoft.Practices.Unity.dll.so' not found: dlopen failed: library "/data/app/com.careerbuilder.SugarDrone-1/lib/arm/libaot-Microsoft.Practices.Unity.dll.so" not found
D/Mono    ( 9758): AOT module '/Users/builder/data/lanes/4009/f3074d2c/source/monodroid/builds/install/mono-armv6/lib/mono/aot-cache/arm/Microsoft.Practices.Unity.dll.so' not found: dlopen failed: library "/data/app/com.careerbuilder.SugarDrone-1/lib/arm/libaot-Microsoft.Practices.Unity.dll.so" not found
D/Mono    ( 9758): Config attempting to parse: 'Microsoft.Practices.Unity.dll.config'.
D/Mono    ( 9758): Config attempting to parse: '/Users/builder/data/lanes/4009/f3074d2c/source/monodroid/builds/install/mono-armv6/etc/mono/assemblies/Microsoft.Practices.Unity/Microsoft.Practices.Unity.config'.
D/Mono    ( 9758): Image addref Plugin.CurrentActivity[0xef669500] -> Plugin.CurrentActivity.dll[0xea6c6400]: 2
D/Mono    ( 9758): Prepared to set up assembly 'Plugin.CurrentActivity' (Plugin.CurrentActivity.dll)
D/Mono    ( 9758): Assembly Plugin.CurrentActivity[0xef669500] added to domain RootDomain, ref_count=1
D/Mono    ( 9758): AOT module 'Plugin.CurrentActivity.dll.so' not found: dlopen failed: library "/data/app/com.careerbuilder.SugarDrone-1/lib/arm/libaot-Plugin.CurrentActivity.dll.so" not found
D/Mono    ( 9758): AOT module '/Users/builder/data/lanes/4009/f3074d2c/source/monodroid/builds/install/mono-armv6/lib/mono/aot-cache/arm/Plugin.CurrentActivity.dll.so' not found: dlopen failed: library "/data/app/com.careerbuilder.SugarDrone-1/lib/arm/libaot-Plugin.CurrentActivity.dll.so" not found
D/Mono    ( 9758): Config attempting to parse: 'Plugin.CurrentActivity.dll.config'.
D/Mono    ( 9758): Config attempting to parse: '/Users/builder/data/lanes/4009/f3074d2c/source/monodroid/builds/install/mono-armv6/etc/mono/assemblies/Plugin.CurrentActivity/Plugin.CurrentActivity.config'.
D/Mono    ( 9758): Image addref Plugin.Permissions[0xef669560] -> Plugin.Permissions.dll[0xea6c6900]: 2
D/Mono    ( 9758): Prepared to set up assembly 'Plugin.Permissions' (Plugin.Permissions.dll)
D/Mono    ( 9758): Assembly Plugin.Permissions[0xef669560] added to domain RootDomain, ref_count=1
D/Mono    ( 9758): AOT module 'Plugin.Permissions.dll.so' not found: dlopen failed: library "/data/app/com.careerbuilder.SugarDrone-1/lib/arm/libaot-Plugin.Permissions.dll.so" not found
D/Mono    ( 9758): AOT module '/Users/builder/data/lanes/4009/f3074d2c/source/monodroid/builds/install/mono-armv6/lib/mono/aot-cache/arm/Plugin.Permissions.dll.so' not found: dlopen failed: library "/data/app/com.careerbuilder.SugarDrone-1/lib/arm/libaot-Plugin.Permissions.dll.so" not found
D/Mono    ( 9758): Config attempting to parse: 'Plugin.Permissions.dll.config'.
D/Mono    ( 9758): Config attempting to parse: '/Users/builder/data/lanes/4009/f3074d2c/source/monodroid/builds/install/mono-armv6/etc/mono/assemblies/Plugin.Permissions/Plugin.Permissions.config'.
D/Mono    ( 9758): Image addref Plugin.Permissions.Abstractions[0xef6695c0] -> Plugin.Permissions.Abstractions.dll[0xea6c6e00]: 2
D/Mono    ( 9758): Prepared to set up assembly 'Plugin.Permissions.Abstractions' (Plugin.Permissions.Abstractions.dll)
D/Mono    ( 9758): Assembly Plugin.Permissions.Abstractions[0xef6695c0] added to domain RootDomain, ref_count=1
D/Mono    ( 9758): AOT module 'Plugin.Permissions.Abstractions.dll.so' not found: dlopen failed: library "/data/app/com.careerbuilder.SugarDrone-1/lib/arm/libaot-Plugin.Permissions.Abstractions.dll.so" not found
D/Mono    ( 9758): AOT module '/Users/builder/data/lanes/4009/f3074d2c/source/monodroid/builds/install/mono-armv6/lib/mono/aot-cache/arm/Plugin.Permissions.Abstractions.dll.so' not found: dlopen failed: library "/data/app/com.careerbuilder.SugarDrone-1/lib/arm/libaot-Plugin.Permissions.Abstractions.dll.so" not found
D/Mono    ( 9758): Config attempting to parse: 'Plugin.Permissions.Abstractions.dll.config'.
D/Mono    ( 9758): Config attempting to parse: '/Users/builder/data/lanes/4009/f3074d2c/source/monodroid/builds/install/mono-armv6/etc/mono/assemblies/Plugin.Permissions.Abstractions/Plugin.Permissions.Abstractions.config'.
D/Mono    ( 9758): Image addref Plugin.Geolocator[0xef669620] -> Plugin.Geolocator.dll[0xea6c7300]: 2
D/Mono    ( 9758): Prepared to set up assembly 'Plugin.Geolocator' (Plugin.Geolocator.dll)
D/Mono    ( 9758): Assembly Plugin.Geolocator[0xef669620] added to domain RootDomain, ref_count=1
D/Mono    ( 9758): AOT module 'Plugin.Geolocator.dll.so' not found: dlopen failed: library "/data/app/com.careerbuilder.SugarDrone-1/lib/arm/libaot-Plugin.Geolocator.dll.so" not found
D/Mono    ( 9758): AOT module '/Users/builder/data/lanes/4009/f3074d2c/source/monodroid/builds/install/mono-armv6/lib/mono/aot-cache/arm/Plugin.Geolocator.dll.so' not found: dlopen failed: library "/data/app/com.careerbuilder.SugarDrone-1/lib/arm/libaot-Plugin.Geolocator.dll.so" not found
D/Mono    ( 9758): Config attempting to parse: 'Plugin.Geolocator.dll.config'.
D/Mono    ( 9758): Config attempting to parse: '/Users/builder/data/lanes/4009/f3074d2c/source/monodroid/builds/install/mono-armv6/etc/mono/assemblies/Plugin.Geolocator/Plugin.Geolocator.config'.
D/Mono    ( 9758): Image addref Plugin.Geolocator.Abstractions[0xef669680] -> Plugin.Geolocator.Abstractions.dll[0xea6c7800]: 2
D/Mono    ( 9758): Prepared to set up assembly 'Plugin.Geolocator.Abstractions' (Plugin.Geolocator.Abstractions.dll)
D/Mono    ( 9758): Assembly Plugin.Geolocator.Abstractions[0xef669680] added to domain RootDomain, ref_count=1
D/Mono    ( 9758): AOT module 'Plugin.Geolocator.Abstractions.dll.so' not found: dlopen failed: library "/data/app/com.careerbuilder.SugarDrone-1/lib/arm/libaot-Plugin.Geolocator.Abstractions.dll.so" not found
D/Mono    ( 9758): AOT module '/Users/builder/data/lanes/4009/f3074d2c/source/monodroid/builds/install/mono-armv6/lib/mono/aot-cache/arm/Plugin.Geolocator.Abstractions.dll.so' not found: dlopen failed: library "/data/app/com.careerbuilder.SugarDrone-1/lib/arm/libaot-Plugin.Geolocator.Abstractions.dll.so" not found
D/Mono    ( 9758): Config attempting to parse: 'Plugin.Geolocator.Abstractions.dll.config'.
D/Mono    ( 9758): Config attempting to parse: '/Users/builder/data/lanes/4009/f3074d2c/source/monodroid/builds/install/mono-armv6/etc/mono/assemblies/Plugin.Geolocator.Abstractions/Plugin.Geolocator.Abstractions.config'.
D/Mono    ( 9758): Image addref Plugin.DeviceInfo[0xef6696e0] -> Plugin.DeviceInfo.dll[0xea6c7d00]: 2
D/Mono    ( 9758): Prepared to set up assembly 'Plugin.DeviceInfo' (Plugin.DeviceInfo.dll)
D/Mono    ( 9758): Assembly Plugin.DeviceInfo[0xef6696e0] added to domain RootDomain, ref_count=1
D/Mono    ( 9758): AOT module 'Plugin.DeviceInfo.dll.so' not found: dlopen failed: library "/data/app/com.careerbuilder.SugarDrone-1/lib/arm/libaot-Plugin.DeviceInfo.dll.so" not found
D/Mono    ( 9758): AOT module '/Users/builder/data/lanes/4009/f3074d2c/source/monodroid/builds/install/mono-armv6/lib/mono/aot-cache/arm/Plugin.DeviceInfo.dll.so' not found: dlopen failed: library "/data/app/com.careerbuilder.SugarDrone-1/lib/arm/libaot-Plugin.DeviceInfo.dll.so" not found
D/Mono    ( 9758): Config attempting to parse: 'Plugin.DeviceInfo.dll.config'.
D/Mono    ( 9758): Config attempting to parse: '/Users/builder/data/lanes/4009/f3074d2c/source/monodroid/builds/install/mono-armv6/etc/mono/assemblies/Plugin.DeviceInfo/Plugin.DeviceInfo.config'.
D/Mono    ( 9758): Image addref Plugin.DeviceInfo.Abstractions[0xef669740] -> Plugin.DeviceInfo.Abstractions.dll[0xea6c8200]: 2
D/Mono    ( 9758): Prepared to set up assembly 'Plugin.DeviceInfo.Abstractions' (Plugin.DeviceInfo.Abstractions.dll)
D/Mono    ( 9758): Assembly Plugin.DeviceInfo.Abstractions[0xef669740] added to domain RootDomain, ref_count=1
D/Mono    ( 9758): AOT module 'Plugin.DeviceInfo.Abstractions.dll.so' not found: dlopen failed: library "/data/app/com.careerbuilder.SugarDrone-1/lib/arm/libaot-Plugin.DeviceInfo.Abstractions.dll.so" not found
D/Mono    ( 9758): AOT module '/Users/builder/data/lanes/4009/f3074d2c/source/monodroid/builds/install/mono-armv6/lib/mono/aot-cache/arm/Plugin.DeviceInfo.Abstractions.dll.so' not found: dlopen failed: library "/data/app/com.careerbuilder.SugarDrone-1/lib/arm/libaot-Plugin.DeviceInfo.Abstractions.dll.so" not found
D/Mono    ( 9758): Config attempting to parse: 'Plugin.DeviceInfo.Abstractions.dll.config'.
D/Mono    ( 9758): Config attempting to parse: '/Users/builder/data/lanes/4009/f3074d2c/source/monodroid/builds/install/mono-armv6/etc/mono/assemblies/Plugin.DeviceInfo.Abstractions/Plugin.DeviceInfo.Abstractions.config'.
D/Mono    ( 9758): Image addref Xamarin.GooglePlayServices.Analytics[0xef6697a0] -> Xamarin.GooglePlayServices.Analytics.dll[0xea6c8700]: 2
D/Mono    ( 9758): Prepared to set up assembly 'Xamarin.GooglePlayServices.Analytics' (Xamarin.GooglePlayServices.Analytics.dll)
D/Mono    ( 9758): Assembly Xamarin.GooglePlayServices.Analytics[0xef6697a0] added to domain RootDomain, ref_count=1
D/Mono    ( 9758): AOT module 'Xamarin.GooglePlayServices.Analytics.dll.so' not found: dlopen failed: library "/data/app/com.careerbuilder.SugarDrone-1/lib/arm/libaot-Xamarin.GooglePlayServices.Analytics.dll.so" not found
D/Mono    ( 9758): AOT module '/Users/builder/data/lanes/4009/f3074d2c/source/monodroid/builds/install/mono-armv6/lib/mono/aot-cache/arm/Xamarin.GooglePlayServices.Analytics.dll.so' not found: dlopen failed: library "/data/app/com.careerbuilder.SugarDrone-1/lib/arm/libaot-Xamarin.GooglePlayServices.Analytics.dll.so" not found
D/Mono    ( 9758): Config attempting to parse: 'Xamarin.GooglePlayServices.Analytics.dll.config'.
D/Mono    ( 9758): Config attempting to parse: '/Users/builder/data/lanes/4009/f3074d2c/source/monodroid/builds/install/mono-armv6/etc/mono/assemblies/Xamarin.GooglePlayServices.Analytics/Xamarin.GooglePlayServices.Analytics.config'.
D/Mono    ( 9758): Image addref Xamarin.GooglePlayServices.Base[0xef669800] -> Xamarin.GooglePlayServices.Base.dll[0xea6c8c00]: 2
D/Mono    ( 9758): Prepared to set up assembly 'Xamarin.GooglePlayServices.Base' (Xamarin.GooglePlayServices.Base.dll)
D/Mono    ( 9758): Assembly Xamarin.GooglePlayServices.Base[0xef669800] added to domain RootDomain, ref_count=1
D/Mono    ( 9758): AOT module 'Xamarin.GooglePlayServices.Base.dll.so' not found: dlopen failed: library "/data/app/com.careerbuilder.SugarDrone-1/lib/arm/libaot-Xamarin.GooglePlayServices.Base.dll.so" not found
D/Mono    ( 9758): AOT module '/Users/builder/data/lanes/4009/f3074d2c/source/monodroid/builds/install/mono-armv6/lib/mono/aot-cache/arm/Xamarin.GooglePlayServices.Base.dll.so' not found: dlopen failed: library "/data/app/com.careerbuilder.SugarDrone-1/lib/arm/libaot-Xamarin.GooglePlayServices.Base.dll.so" not found
