<![CDATA[I/ThermalEngine(  518): ACTION: GPU - Setting GPU[0] to 600000000

]]><xtc-scenario name="[0-1101]CareerBuilder_Search.DroidFeatureTests.QuickApplyFailedTests.PromptUserToAddResumeIfTheyDontHaveResumeHash" id="[0-1101]CareerBuilder_Search.DroidFeatureTests.QuickApplyFailedTests.PromptUserToAddResumeIfTheyDontHaveResumeHash"><![CDATA[
I/ThermalEngine(  518): ACTION: GPU - Setting GPU[0] to 510000000

]]><xtc-step name="[0-1101]CareerBuilder_Search.DroidFeatureTests.QuickApplyFailedTests.PromptUserToAddResumeIfTheyDontHaveResumeHash-PromptUserToAddResumeIfTheyDontHaveResumeHash" id="[0-1101]CareerBuilder_Search.DroidFeatureTests.QuickApplyFailedTests.PromptUserToAddResumeIfTheyDontHaveResumeHash-PromptUserToAddResumeIfTheyDontHaveResumeHash"><![CDATA[
I/ActivityManager(  925): Killing 7090:com.google.android.apps.gcs/u0a11 (adj 15): empty #17
I/ThermalEngine(  518): ACTION: GPU - Setting GPU[0] to 450000000
D/WifiStateMachine(  925): starting scan for "xtc-ag"WPA_PSK with 5240,5220,5180
D/AndroidRuntime( 8071): >>>>>> START com.android.internal.os.RuntimeInit uid 2000 <<<<<<
D/AndroidRuntime( 8071): CheckJNI is OFF
D/ICU     ( 8071): No timezone override file found: /data/misc/zoneinfo/current/icu/icu_tzdata.dat
I/Radio-JNI( 8071): register_android_hardware_Radio DONE
D/AndroidRuntime( 8071): Calling main entry com.android.commands.pm.Pm
I/art     ( 8071): System.exit called, status: 0
I/AndroidRuntime( 8071): VM exiting with result code 0.
D/NetlinkSocketObserver(  925): NeighborEvent{elapsedMs=184000, 10.22.0.1, [B0FAEB975089], RTM_NEWNEIGH, NUD_STALE}
I/ServiceManager(  535): Waiting for service AtCmdFwd...
I/ServiceManager(  535): Waiting for service AtCmdFwd...
I/ServiceManager(  535): Waiting for service AtCmdFwd...
I/ServiceManager(  535): Waiting for service AtCmdFwd...
I/ServiceManager(  535): Waiting for service AtCmdFwd...
W/Atfwd_Sendcmd(  535): AtCmdFwd service not published, waiting... retryCnt : 5
I/Keyboard.Facilitator.LanguageModelFlusher( 3343): run()
I/Keyboard.Facilitator( 3343): flushDynamicLanguageModels()
I/Atfwd_Sendcmd(  535): AtCmdFwd service not ready - Exhausted retry attempts - :6
I/Atfwd_Daemon(  535): result : -1 	 ,Init step :2 	 ,qmiErrorCode: 0
D/WifiStateMachine(  925): starting scan for "xtc-ag"WPA_PSK with 5240,5220,5180
W/ip      ( 8650): type=1400 audit(0.0:75): avc: denied { search } for name="net" dev="dm-2" ino=3440648 scontext=u:r:shell:s0 tcontext=u:object_r:net_data_file:s0 tclass=dir permissive=0
I/ThermalEngine(  518): ACTION: GPU - Setting GPU[0] to 390000000
D/AndroidRuntime( 8725): >>>>>> START com.android.internal.os.RuntimeInit uid 2000 <<<<<<
D/AndroidRuntime( 8725): CheckJNI is OFF
I/ThermalEngine(  518): ACTION: GPU - Setting GPU[0] to 450000000
D/ICU     ( 8725): No timezone override file found: /data/misc/zoneinfo/current/icu/icu_tzdata.dat
I/Radio-JNI( 8725): register_android_hardware_Radio DONE
D/AndroidRuntime( 8725): Calling main entry com.android.commands.am.Am
W/ActivityManager(  925): Invalid packageName: com.careerbuilder.SugarDrone
D/AndroidRuntime( 8725): Shutting down VM
I/ThermalEngine(  518): ACTION: GPU - Setting GPU[0] to 390000000
I/ServiceManager(  535): Waiting for service AtCmdFwd...
I/ServiceManager(  535): Waiting for service AtCmdFwd...
I/ServiceManager(  535): Waiting for service AtCmdFwd...
I/ServiceManager(  535): Waiting for service AtCmdFwd...
I/ThermalEngine(  518): ACTION: GPU - Setting GPU[0] to 450000000
I/ServiceManager(  535): Waiting for service AtCmdFwd...
W/Atfwd_Sendcmd(  535): AtCmdFwd service not published, waiting... retryCnt : 1
I/ThermalEngine(  518): ACTION: GPU - Setting GPU[0] to 390000000
I/ServiceManager(  535): Waiting for service AtCmdFwd...
D/WifiStateMachine(  925): starting scan for "xtc-ag"WPA_PSK with 5240,5220,5180
I/ServiceManager(  535): Waiting for service AtCmdFwd...
I/ThermalEngine(  518): ACTION: GPU - Setting GPU[0] to 450000000
I/ServiceManager(  535): Waiting for service AtCmdFwd...
I/ServiceManager(  535): Waiting for service AtCmdFwd...
I/ServiceManager(  535): Waiting for service AtCmdFwd...
I/ThermalEngine(  518): ACTION: GPU - Setting GPU[0] to 390000000
W/Atfwd_Sendcmd(  535): AtCmdFwd service not published, waiting... retryCnt : 2
I/ThermalEngine(  518): ACTION: GPU - Setting GPU[0] to 450000000
I/ThermalEngine(  518): ACTION: GPU - Setting GPU[0] to 390000000
D/AndroidRuntime( 9124): >>>>>> START com.android.internal.os.RuntimeInit uid 2000 <<<<<<
D/AndroidRuntime( 9124): CheckJNI is OFF
D/ICU     ( 9124): No timezone override file found: /data/misc/zoneinfo/current/icu/icu_tzdata.dat
I/Radio-JNI( 9124): register_android_hardware_Radio DONE
D/AndroidRuntime( 9124): Calling main entry com.android.commands.pm.Pm
I/ActivityManager(  925): Start proc 9142:com.android.defcontainer/u0a7 for service com.android.defcontainer/.DefaultContainerService
D/DefContainer( 9142): Copying /data/local/tmp/0000005044 to base.apk
I/ServiceManager(  535): Waiting for service AtCmdFwd...
I/ServiceManager(  535): Waiting for service AtCmdFwd...
I/PackageManager.DexOptimizer(  925): Running dexopt (dex2oat) on: /data/app/vmdl1677097816.tmp/base.apk pkg=com.careerbuilder.SugarDrone isa=arm vmSafeMode=false debuggable=true oatDir = /data/app/vmdl1677097816.tmp/oat bootComplete=true
I/dex2oat ( 9177): /system/bin/dex2oat -j2 --debuggable
I/ThermalEngine(  518): ACTION: GPU - Setting GPU[0] to 450000000
W/dex2oat ( 9177): Before Android 4.1, method android.graphics.PorterDuffColorFilter android.support.graphics.drawable.VectorDrawableCompat.updateTintFilter(android.graphics.PorterDuffColorFilter, android.content.res.ColorStateList, android.graphics.PorterDuff$Mode) would have incorrectly overridden the package-private method in android.graphics.drawable.Drawable
W/dex2oat ( 9177): Before Android 4.1, method int android.support.v7.widget.ListViewCompat.lookForSelectablePosition(int, boolean) would have incorrectly overridden the package-private method in android.widget.ListView
I/ServiceManager(  535): Waiting for service AtCmdFwd...
I/ServiceManager(  535): Waiting for service AtCmdFwd...
I/ThermalEngine(  518): ACTION: GPU - Setting GPU[0] to 390000000
I/ServiceManager(  535): Waiting for service AtCmdFwd...
W/Atfwd_Sendcmd(  535): AtCmdFwd service not published, waiting... retryCnt : 3
I/dex2oat ( 9177): dex2oat took 5.253s (threads: 2) arena alloc=642KB java alloc=5MB native alloc=20MB free=3MB
W/PackageManager(  925): Not granting permission android.permission.MANAGE_DOCUMENTS to package com.careerbuilder.SugarDrone (protectionLevel=2 flags=0x3808be46)
W/PackageManager(  925): Not granting permission android.permission.MOUNT_UNMOUNT_FILESYSTEMS to package com.careerbuilder.SugarDrone (protectionLevel=18 flags=0x3808be46)
V/BackupManagerService(  925): restoreAtInstall pkg=com.careerbuilder.SugarDrone token=5 restoreSet=0
V/BackupManagerService(  925): Finishing install immediately
W/Settings(  925): Setting install_non_market_apps has moved from android.provider.Settings.Global to android.provider.Settings.Secure, returning read-only value.
I/art     (  925): Starting a blocking GC Explicit
I/art     (  925): Explicit concurrent mark sweep GC freed 186679(11MB) AllocSpace objects, 51(2MB) LOS objects, 33% free, 30MB/46MB, paused 1.842ms total 123.964ms
I/art     ( 9124): System.exit called, status: 0
I/AndroidRuntime( 9124): VM exiting with result code 0.
I/ActivityManager(  925): Start proc 9251:com.google.android.partnersetup/u0a18 for broadcast com.google.android.partnersetup/.RlzPingBroadcastReceiver
D/CarrierServiceBindHelper( 3478): Receive action: android.intent.action.PACKAGE_ADDED
D/CarrierServiceBindHelper( 3478): mHandler: 3
D/CarrierConfigLoader( 3478): mHandler: 9 phoneId: 0
I/InputReader(  925): Reconfiguring input devices.  changes=0x00000010
W/System  ( 9251): ClassLoader referenced unknown path: /system/priv-app/GooglePartnerSetup/lib/arm64
I/ActivityManager(  925): Start proc 9268:com.android.musicfx/u0a21 for broadcast com.android.musicfx/.Compatibility$Receiver
I/ActivityManager(  925): Killing 7272:com.android.sdm.plugins.sprintdm/1001 (adj 15): empty #17
W/System  ( 9268): ClassLoader referenced unknown path: /system/priv-app/MusicFX/lib/arm64
I/ActivityManager(  925): Start proc 9287:com.android.vending/u0a22 for broadcast com.android.vending/com.google.android.finsky.receivers.PackageMonitorReceiver$RegisteredReceiver
I/ActivityManager(  925): Killing 7290:com.android.chrome/u0a39 (adj 15): empty #17
W/System  ( 9287): ClassLoader referenced unknown path: /system/priv-app/Phonesky/lib/arm64
W/Finsky  ( 9287): [1] FinskyApp.getCurrentAccount: No account configured on this device.
D/Finsky  ( 9287): [1] FinskyApp.onCreate: Initializing network with DFE https://android.clients.google.com/fdfe/
W/Finsky  ( 9287): [1] FinskyApp.getCurrentAccount: No account configured on this device.
W/Finsky  ( 9287): [1] FinskyApp.getCurrentAccount: No account configured on this device.
W/Finsky  ( 9287): [1] FinskyApp.getCurrentAccount: No account configured on this device.
W/Finsky  ( 9287): [1] FinskyApp.getCurrentAccount: No account configured on this device.
W/Finsky  ( 9287): [1] FinskyApp.getCurrentAccount: No account configured on this device.
W/Finsky  ( 9287): [1] FinskyApp.getCurrentAccount: No account configured on this device.
W/Finsky  ( 9287): [1] FinskyApp.getCurrentAccount: No account configured on this device.
D/Finsky  ( 9287): [1] DailyHygiene.goMakeHygieneIfDirty: No need to run daily hygiene.
W/Settings( 9287): Setting download_manager_max_bytes_over_mobile has moved from android.provider.Settings.Secure to android.provider.Settings.Global.
W/Settings( 9287): Setting download_manager_recommended_max_bytes_over_mobile has moved from android.provider.Settings.Secure to android.provider.Settings.Global.
W/Finsky  ( 9287): [1] FinskyApp.getCurrentAccount: No account configured on this device.
W/Finsky  ( 9287): [1] FinskyApp.getCurrentAccount: No account configured on this device.
W/Finsky  ( 9287): [1] FinskyApp.getDfeApi: No account configured on this device.
W/Finsky  ( 9287): [1] FinskyApp.getCurrentAccount: No account configured on this device.
I/ActivityManager(  925): Start proc 9327:com.google.android.apps.docs/u0a43 for broadcast com.google.android.apps.docs/.receivers.AppPackageAddRemoveReceiver
D/Ads     ( 9287): Skipping gmscore version check
I/UpdateIcingCorporaServi( 4925): Updating corpora: APPS=com.careerbuilder.SugarDrone, CONTACTS=MAYBE
W/System  ( 9327): ClassLoader referenced unknown path: /system/app/Drive/lib/arm64
W/IcingInternalCorpora( 4287): getNumBytesRead when not calculated.
I/Icing   ( 4287): Usage reports 0 indexed 0 rejected 0 imm upload true
D/Finsky  ( 9287): [1] ExternalReferrer.access$200: Package state data is missing for com.careerbuilder.SugarDrone
I/UpdateIcingCorporaServi( 4925): UpdateCorporaTask done [took 281 ms] updated apps [took 281 ms] 
W/Finsky  ( 9287): [1] FinskyApp.getCurrentAccount: No account configured on this device.
W/Finsky  ( 9287): [1] FinskyApp.getCurrentAccount: No account configured on this device.
D/Finsky  ( 9287): [1] GmsCoreHelper.cleanupNlp: result=false type=4
D/Finsky  ( 9287): [1] RestoreTracker.stopServiceIfDone: Restore complete with 0 success and 0 failed.
D/AndroidRuntime( 9300): >>>>>> START com.android.internal.os.RuntimeInit uid 2000 <<<<<<
D/AndroidRuntime( 9300): CheckJNI is OFF
D/ICU     ( 9300): No timezone override file found: /data/misc/zoneinfo/current/icu/icu_tzdata.dat
I/Radio-JNI( 9300): register_android_hardware_Radio DONE
D/AndroidRuntime( 9300): Calling main entry com.android.commands.settings.SettingsCmd
D/AndroidRuntime( 9300): Shutting down VM
I/GAv4    ( 9327): Google Analytics 7.8.95 is starting up. To enable debug logging on a device run:
I/GAv4    ( 9327):   adb shell setprop log.tag.GAv4 DEBUG
I/GAv4    ( 9327):   adb logcat -s GAv4
W/GAv4    ( 9327): AnalyticsReceiver is not registered or is disabled. Register the receiver for reliable dispatching on non-Google Play devices. See http://goo.gl/8Rd3yj for instructions.
W/GAv4    ( 9327): CampaignTrackingReceiver is not registered, not exported or is disabled. Installation campaign tracking is not possible. See http://goo.gl/8Rd3yj for instructions.
W/AnalyticsTrackerProxyImpl( 9327): Analytics setup for ID UA-21125203-2, app name Drive, version 2.3.327.05.46
W/GAv4    ( 9327): AnalyticsService not registered in the app manifest. Hits might not be delivered reliably. See http://goo.gl/8Rd3yj for instructions.
I/ActivityManager(  925): Killing 7708:com.android.providers.calendar/u0a1 (adj 15): empty #17
D/Wear_Controller( 4287): Received broadcast action=android.intent.action.PACKAGE_ADDED and uri=com.careerbuilder.SugarDrone
I/PeopleContactsSync( 4287): triggerPendingContactsCleanup: no accounts
I/Icing   ( 4287): Usage reports 0 indexed 0 rejected 0 imm upload false
I/Icing   ( 4287): Usage reports 0 indexed 0 rejected 0 imm upload false
I/Icing   ( 4287): Indexing 28F82D1719B878795C499362459A54C53C07CE39 from com.google.android.googlequicksearchbox
I/Icing   ( 4287): Indexing done 28F82D1719B878795C499362459A54C53C07CE39
W/linker  ( 9327): /data/app/com.google.android.gms-2/lib/arm64/libconscrypt_gmscore_jni.so: unused DT entry: type 0x1d arg 0x80
V/JNIHelp ( 9327): Registering com/google/android/gms/org/conscrypt/NativeCrypto's 242 native methods...
D/AndroidRuntime( 9371): >>>>>> START com.android.internal.os.RuntimeInit uid 2000 <<<<<<
I/art     ( 9327): Rejecting re-init on previously-failed class java.lang.Class<com.google.android.gms.org.conscrypt.OpenSSLExtendedSessionImpl>
I/art     ( 9327): Rejecting re-init on previously-failed class java.lang.Class<com.google.android.gms.org.conscrypt.OpenSSLExtendedSessionImpl>
D/AndroidRuntime( 9371): CheckJNI is OFF
I/ProviderInstaller( 9327): Installed default security provider GmsCore_OpenSSL
D/ICU     ( 9371): No timezone override file found: /data/misc/zoneinfo/current/icu/icu_tzdata.dat
I/Radio-JNI( 9371): register_android_hardware_Radio DONE
D/AndroidRuntime( 9371): Calling main entry com.android.commands.settings.SettingsCmd
D/AndroidRuntime( 9371): Shutting down VM
I/Icing   ( 4287): Indexing 0469E070D22A38B042E767B0F2FFD16370CACCB7 from com.google.android.gms
I/Icing   ( 4287): Indexing done 0469E070D22A38B042E767B0F2FFD16370CACCB7
D/AndroidRuntime( 9409): >>>>>> START com.android.internal.os.RuntimeInit uid 2000 <<<<<<
D/AndroidRuntime( 9409): CheckJNI is OFF
D/ICU     ( 9409): No timezone override file found: /data/misc/zoneinfo/current/icu/icu_tzdata.dat
I/Radio-JNI( 9409): register_android_hardware_Radio DONE
D/AndroidRuntime( 9409): Calling main entry com.android.commands.settings.SettingsCmd
D/AndroidRuntime( 9409): Shutting down VM
I/ActivityManager(  925): Killing 7035:com.google.android.talk/u0a53 (adj 15): empty #17
D/AndroidRuntime( 9434): >>>>>> START com.android.internal.os.RuntimeInit uid 2000 <<<<<<
D/AndroidRuntime( 9434): CheckJNI is OFF
D/ICU     ( 9434): No timezone override file found: /data/misc/zoneinfo/current/icu/icu_tzdata.dat
I/Radio-JNI( 9434): register_android_hardware_Radio DONE
D/AndroidRuntime( 9434): Calling main entry com.android.commands.settings.SettingsCmd
D/AndroidRuntime( 9434): Shutting down VM
D/NetlinkSocketObserver(  925): NeighborEvent{elapsedMs=267480, 10.22.0.1, [B0FAEB975089], RTM_NEWNEIGH, NUD_REACHABLE}
D/AndroidRuntime( 9456): >>>>>> START com.android.internal.os.RuntimeInit uid 2000 <<<<<<
D/AndroidRuntime( 9456): CheckJNI is OFF
D/ICU     ( 9456): No timezone override file found: /data/misc/zoneinfo/current/icu/icu_tzdata.dat
I/Radio-JNI( 9456): register_android_hardware_Radio DONE
D/AndroidRuntime( 9456): Calling main entry com.android.commands.settings.SettingsCmd
D/AndroidRuntime( 9456): Shutting down VM
D/AndroidRuntime( 9478): >>>>>> START com.android.internal.os.RuntimeInit uid 2000 <<<<<<
D/AndroidRuntime( 9478): CheckJNI is OFF
D/ICU     ( 9478): No timezone override file found: /data/misc/zoneinfo/current/icu/icu_tzdata.dat
I/Radio-JNI( 9478): register_android_hardware_Radio DONE
D/AndroidRuntime( 9478): Calling main entry com.android.commands.appops.AppOpsCommand
D/AndroidRuntime( 9478): Shutting down VM
D/AndroidRuntime( 9501): >>>>>> START com.android.internal.os.RuntimeInit uid 2000 <<<<<<
D/AndroidRuntime( 9501): CheckJNI is OFF
D/ICU     ( 9501): No timezone override file found: /data/misc/zoneinfo/current/icu/icu_tzdata.dat
I/Radio-JNI( 9501): register_android_hardware_Radio DONE
D/AndroidRuntime( 9501): Calling main entry com.android.commands.pm.Pm
I/art     ( 9501): System.exit called, status: 0
I/AndroidRuntime( 9501): VM exiting with result code 0.
I/ActivityManager(  925): Killing 7307:com.google.android.apps.photos/u0a62 (adj 15): empty #17
D/AndroidRuntime( 9546): >>>>>> START com.android.internal.os.RuntimeInit uid 2000 <<<<<<
D/AndroidRuntime( 9546): CheckJNI is OFF
D/ICU     ( 9546): No timezone override file found: /data/misc/zoneinfo/current/icu/icu_tzdata.dat
I/Radio-JNI( 9546): register_android_hardware_Radio DONE
D/AndroidRuntime( 9546): Calling main entry com.android.commands.pm.Pm
I/art     ( 9546): System.exit called, status: 0
I/AndroidRuntime( 9546): VM exiting with result code 0.
D/AndroidRuntime( 9625): >>>>>> START com.android.internal.os.RuntimeInit uid 2000 <<<<<<
D/AndroidRuntime( 9625): CheckJNI is OFF
I/ServiceManager(  535): Waiting for service AtCmdFwd...
D/ICU     ( 9625): No timezone override file found: /data/misc/zoneinfo/current/icu/icu_tzdata.dat
I/Radio-JNI( 9625): register_android_hardware_Radio DONE
D/AndroidRuntime( 9625): Calling main entry com.android.commands.am.Am
W/ActivityManager(  925): Invalid packageName: com.careerbuilder.SugarDrone.test
D/AndroidRuntime( 9625): Shutting down VM
I/ThermalEngine(  518): ACTION: GPU - Setting GPU[0] to 450000000
I/ServiceManager(  535): Waiting for service AtCmdFwd...
D/AndroidRuntime( 9653): >>>>>> START com.android.internal.os.RuntimeInit uid 2000 <<<<<<
D/AndroidRuntime( 9653): CheckJNI is OFF
D/ICU     ( 9653): No timezone override file found: /data/misc/zoneinfo/current/icu/icu_tzdata.dat
I/Radio-JNI( 9653): register_android_hardware_Radio DONE
D/AndroidRuntime( 9653): Calling main entry com.android.commands.pm.Pm
D/DefContainer( 9142): Copying /data/local/tmp/0000005045 to base.apk
I/PackageManager.DexOptimizer(  925): Running dexopt (dex2oat) on: /data/app/vmdl1337205368.tmp/base.apk pkg=com.careerbuilder.SugarDrone.test isa=arm64 vmSafeMode=false debuggable=false oatDir = /data/app/vmdl1337205368.tmp/oat bootComplete=true
I/dex2oat ( 9675): /system/bin/dex2oat -j2
I/ServiceManager(  535): Waiting for service AtCmdFwd...
I/ThermalEngine(  518): ACTION: GPU - Setting GPU[0] to 390000000
W/dex2oat ( 9675): No verified method for method calling String.<init>: java.lang.String android.text.TextUtils.substring(java.lang.CharSequence, int, int)
W/dex2oat ( 9675): No verified method for method calling String.<init>: java.lang.String android.text.TextUtils.substring(java.lang.CharSequence, int, int)
D/Finsky  ( 9287): [384] AppStatesReplicator.handleContentSyncResponse: Completed 0 account content syncs with 0 successful.
D/Finsky  ( 9287): [1] ContentSyncService$5.onFinished: Installation state replication succeeded.
I/dex2oat ( 9675): Skipping compilation of void sh.calaba.org.codehaus.jackson.impl.Utf8StreamParser._skipString(): it contains a non natural loop
I/ServiceManager(  535): Waiting for service AtCmdFwd...
I/dex2oat ( 9675): dex2oat took 2.419s (threads: 2) arena alloc=2MB java alloc=2MB native alloc=9MB free=1904KB
W/PackageManager(  925): Not granting permission android.permission.ACCESS_MOCK_LOCATION to package com.careerbuilder.SugarDrone.test (protectionLevel=2 flags=0x1800be44)
I/ServiceManager(  535): Waiting for service AtCmdFwd...
V/BackupManagerService(  925): restoreAtInstall pkg=com.careerbuilder.SugarDrone.test token=6 restoreSet=0
V/BackupManagerService(  925): Finishing install immediately
W/Settings(  925): Setting install_non_market_apps has moved from android.provider.Settings.Global to android.provider.Settings.Secure, returning read-only value.
I/art     (  925): Starting a blocking GC Explicit
I/art     (  925): Explicit concurrent mark sweep GC freed 112676(7MB) AllocSpace objects, 17(380KB) LOS objects, 33% free, 30MB/45MB, paused 1.716ms total 107.649ms
I/art     ( 9653): System.exit called, status: 0
I/AndroidRuntime( 9653): VM exiting with result code 0.
I/InputReader(  925): Reconfiguring input devices.  changes=0x00000010
D/CarrierServiceBindHelper( 3478): Receive action: android.intent.action.PACKAGE_ADDED
D/CarrierServiceBindHelper( 3478): mHandler: 3
D/CarrierConfigLoader( 3478): mHandler: 9 phoneId: 0
D/Finsky  ( 9287): [1] ExternalReferrer.access$200: Package state data is missing for com.careerbuilder.SugarDrone.test
I/UpdateIcingCorporaServi( 4925): Updating corpora: APPS=com.careerbuilder.SugarDrone.test, CONTACTS=MAYBE
I/UpdateIcingCorporaServi( 4925): UpdateCorporaTask done [took 79 ms] updated apps [took 79 ms] 
D/Wear_Controller( 4287): Received broadcast action=android.intent.action.PACKAGE_ADDED and uri=com.careerbuilder.SugarDrone.test
I/PeopleContactsSync( 4287): triggerPendingContactsCleanup: no accounts
W/IcingInternalCorpora( 4287): getNumBytesRead when not calculated.
I/Icing   ( 4287): Usage reports 0 indexed 0 rejected 0 imm upload false
I/Icing   ( 4287): Usage reports 0 indexed 0 rejected 0 imm upload false
W/Atfwd_Sendcmd(  535): AtCmdFwd service not published, waiting... retryCnt : 4
D/AndroidRuntime( 9740): >>>>>> START com.android.internal.os.RuntimeInit uid 2000 <<<<<<
D/AndroidRuntime( 9740): CheckJNI is OFF
D/ICU     ( 9740): No timezone override file found: /data/misc/zoneinfo/current/icu/icu_tzdata.dat
I/Radio-JNI( 9740): register_android_hardware_Radio DONE
D/AndroidRuntime( 9740): Calling main entry com.android.commands.settings.SettingsCmd
D/AndroidRuntime( 9740): Shutting down VM
I/Icing   ( 4287): Indexing 0469E070D22A38B042E767B0F2FFD16370CACCB7 from com.google.android.gms
D/WifiStateMachine(  925): starting scan for "xtc-ag"WPA_PSK with 5240,5220,5180
I/Icing   ( 4287): Indexing done 0469E070D22A38B042E767B0F2FFD16370CACCB7
D/AndroidRuntime( 9771): >>>>>> START com.android.internal.os.RuntimeInit uid 2000 <<<<<<
D/AndroidRuntime( 9771): CheckJNI is OFF
D/ICU     ( 9771): No timezone override file found: /data/misc/zoneinfo/current/icu/icu_tzdata.dat
I/Radio-JNI( 9771): register_android_hardware_Radio DONE
D/AndroidRuntime( 9771): Calling main entry com.android.commands.settings.SettingsCmd
D/AndroidRuntime( 9771): Shutting down VM
W/ip      ( 9793): type=1400 audit(0.0:76): avc: denied { search } for name="net" dev="dm-2" ino=3440648 scontext=u:r:shell:s0 tcontext=u:object_r:net_data_file:s0 tclass=dir permissive=0
D/AndroidRuntime( 9797): >>>>>> START com.android.internal.os.RuntimeInit uid 2000 <<<<<<
D/AndroidRuntime( 9797): CheckJNI is OFF
D/NetlinkSocketObserver(  925): NeighborEvent{elapsedMs=283480, 10.22.0.1, [B0FAEB975089], RTM_NEWNEIGH, NUD_STALE}
D/ICU     ( 9797): No timezone override file found: /data/misc/zoneinfo/current/icu/icu_tzdata.dat
I/Radio-JNI( 9797): register_android_hardware_Radio DONE
D/AndroidRuntime( 9797): Calling main entry com.android.commands.settings.SettingsCmd
D/AndroidRuntime( 9797): Shutting down VM
D/AndroidRuntime( 9822): >>>>>> START com.android.internal.os.RuntimeInit uid 2000 <<<<<<
D/AndroidRuntime( 9822): CheckJNI is OFF
D/ICU     ( 9822): No timezone override file found: /data/misc/zoneinfo/current/icu/icu_tzdata.dat
I/Radio-JNI( 9822): register_android_hardware_Radio DONE
D/AndroidRuntime( 9822): Calling main entry com.android.commands.settings.SettingsCmd
D/AndroidRuntime( 9822): Shutting down VM
D/AndroidRuntime( 9843): >>>>>> START com.android.internal.os.RuntimeInit uid 2000 <<<<<<
D/AndroidRuntime( 9843): CheckJNI is OFF
D/ICU     ( 9843): No timezone override file found: /data/misc/zoneinfo/current/icu/icu_tzdata.dat
I/Radio-JNI( 9843): register_android_hardware_Radio DONE
D/AndroidRuntime( 9843): Calling main entry com.android.commands.settings.SettingsCmd
D/AndroidRuntime( 9843): Shutting down VM
D/AndroidRuntime( 9866): >>>>>> START com.android.internal.os.RuntimeInit uid 2000 <<<<<<
D/AndroidRuntime( 9866): CheckJNI is OFF
D/ICU     ( 9866): No timezone override file found: /data/misc/zoneinfo/current/icu/icu_tzdata.dat
I/Radio-JNI( 9866): register_android_hardware_Radio DONE
D/AndroidRuntime( 9866): Calling main entry com.android.commands.appops.AppOpsCommand
D/AndroidRuntime( 9866): Shutting down VM
D/AndroidRuntime( 9890): >>>>>> START com.android.internal.os.RuntimeInit uid 2000 <<<<<<
D/AndroidRuntime( 9890): CheckJNI is OFF
D/ICU     ( 9890): No timezone override file found: /data/misc/zoneinfo/current/icu/icu_tzdata.dat
I/Radio-JNI( 9890): register_android_hardware_Radio DONE
D/AndroidRuntime( 9890): Calling main entry com.android.commands.pm.Pm
I/art     ( 9890): System.exit called, status: 0
I/AndroidRuntime( 9890): VM exiting with result code 0.
D/AndroidRuntime( 9935): >>>>>> START com.android.internal.os.RuntimeInit uid 2000 <<<<<<
D/AndroidRuntime( 9935): CheckJNI is OFF
D/ICU     ( 9935): No timezone override file found: /data/misc/zoneinfo/current/icu/icu_tzdata.dat
I/Radio-JNI( 9935): register_android_hardware_Radio DONE
D/AndroidRuntime( 9935): Calling main entry com.android.commands.pm.Pm
I/art     ( 9935): System.exit called, status: 0
I/AndroidRuntime( 9935): VM exiting with result code 0.
D/AndroidRuntime(10004): >>>>>> START com.android.internal.os.RuntimeInit uid 2000 <<<<<<
D/AndroidRuntime(10004): CheckJNI is OFF
D/ICU     (10004): No timezone override file found: /data/misc/zoneinfo/current/icu/icu_tzdata.dat
I/Radio-JNI(10004): register_android_hardware_Radio DONE
D/AndroidRuntime(10004): Calling main entry com.android.commands.input.Input
I/Input   (10004): injectKeyEvent: KeyEvent { action=ACTION_DOWN, keyCode=KEYCODE_BACK, scanCode=0, metaState=0, flags=0x0, repeatCount=0, eventTime=293845, downTime=293845, deviceId=-1, source=0x101 }
I/Input   (10004): injectKeyEvent: KeyEvent { action=ACTION_UP, keyCode=KEYCODE_BACK, scanCode=0, metaState=0, flags=0x0, repeatCount=0, eventTime=293845, downTime=293845, deviceId=-1, source=0x101 }
D/EmojiAltPhysicalKeyDetector( 3343): onKeyUp() : KeyEvent { action=ACTION_UP, keyCode=KEYCODE_BACK, scanCode=0, metaState=0, flags=0x0, repeatCount=0, eventTime=293845, downTime=293845, deviceId=-1, source=0x101 }
D/EmojiAltPhysicalKeyDetector( 3343): onKeyUp() : Disabled
D/AndroidRuntime(10004): Shutting down VM
D/AndroidRuntime(10056): >>>>>> START com.android.internal.os.RuntimeInit uid 2000 <<<<<<
D/AndroidRuntime(10056): CheckJNI is OFF
D/ICU     (10056): No timezone override file found: /data/misc/zoneinfo/current/icu/icu_tzdata.dat
I/Radio-JNI(10056): register_android_hardware_Radio DONE
D/Finsky  ( 9287): [384] AppStatesReplicator.handleContentSyncResponse: Completed 0 account content syncs with 0 successful.
D/Finsky  ( 9287): [1] ContentSyncService$5.onFinished: Installation state replication succeeded.
D/AndroidRuntime(10056): Calling main entry com.android.commands.input.Input
I/Input   (10056): injectKeyEvent: KeyEvent { action=ACTION_DOWN, keyCode=KEYCODE_HOME, scanCode=0, metaState=0, flags=0x0, repeatCount=0, eventTime=295881, downTime=295881, deviceId=-1, source=0x101 }
I/Input   (10056): injectKeyEvent: KeyEvent { action=ACTION_UP, keyCode=KEYCODE_HOME, scanCode=0, metaState=0, flags=0x0, repeatCount=0, eventTime=295881, downTime=295881, deviceId=-1, source=0x101 }
I/ActivityManager(  925): START u0 {act=android.intent.action.MAIN cat=[android.intent.category.HOME] flg=0x10200000 cmp=com.google.android.googlequicksearchbox/com.google.android.launcher.GEL (has extras)} from uid 1000 on display 0
D/AndroidRuntime(10056): Shutting down VM
I/GEL     ( 3516): handleIntent(Intent { act=android.intent.action.MAIN cat=[android.intent.category.HOME] flg=0x10200000 cmp=com.google.android.googlequicksearchbox/com.google.android.launcher.GEL (has extras) })
D/AndroidRuntime(10090): >>>>>> START com.android.internal.os.RuntimeInit uid 2000 <<<<<<
D/AndroidRuntime(10090): CheckJNI is OFF
D/ICU     (10090): No timezone override file found: /data/misc/zoneinfo/current/icu/icu_tzdata.dat
I/Radio-JNI(10090): register_android_hardware_Radio DONE
D/AndroidRuntime(10090): Calling main entry com.android.commands.input.Input
I/Input   (10090): injectKeyEvent: KeyEvent { action=ACTION_DOWN, keyCode=KEYCODE_BACK, scanCode=0, metaState=0, flags=0x0, repeatCount=0, eventTime=297446, downTime=297446, deviceId=-1, source=0x101 }
I/Input   (10090): injectKeyEvent: KeyEvent { action=ACTION_UP, keyCode=KEYCODE_BACK, scanCode=0, metaState=0, flags=0x0, repeatCount=0, eventTime=297446, downTime=297446, deviceId=-1, source=0x101 }
D/EmojiAltPhysicalKeyDetector( 3343): onKeyUp() : KeyEvent { action=ACTION_UP, keyCode=KEYCODE_BACK, scanCode=0, metaState=0, flags=0x0, repeatCount=0, eventTime=297446, downTime=297446, deviceId=-1, source=0x101 }
D/EmojiAltPhysicalKeyDetector( 3343): onKeyUp() : Disabled
D/AndroidRuntime(10090): Shutting down VM
D/AndroidRuntime(10126): >>>>>> START com.android.internal.os.RuntimeInit uid 2000 <<<<<<
D/AndroidRuntime(10126): CheckJNI is OFF
D/ICU     (10126): No timezone override file found: /data/misc/zoneinfo/current/icu/icu_tzdata.dat
I/Radio-JNI(10126): register_android_hardware_Radio DONE
D/AndroidRuntime(10126): Calling main entry com.android.commands.am.Am
I/ActivityManager(  925): Force stopping com.careerbuilder.SugarDrone appid=19074 user=0: start instr
I/ActivityManager(  925): Start proc 10144:com.careerbuilder.SugarDrone/u0a9074 for added application com.careerbuilder.SugarDrone
I/art     (10144): Late-enabling -Xcheck:jni
E/dex2oat (10158): Failed to create oat file: /data/dalvik-cache/arm/data@app@com.careerbuilder.SugarDrone.test-1@base.apk@classes.dex: Permission denied
I/dex2oat (10158): dex2oat took 648.854us (threads: 2) 
W/art     (10144): Failed execv(/system/bin/dex2oat --runtime-arg -classpath --runtime-arg  --instruction-set=arm --instruction-set-features=smp,div,-atomic_ldrd_strd --runtime-arg -Xrelocate --boot-image=/system/framework/boot.art --runtime-arg -Xms64m --runtime-arg -Xmx512m -j2 --instruction-set-variant=cortex-a7 --instruction-set-features=default --dex-file=/data/app/com.careerbuilder.SugarDrone.test-1/base.apk --oat-file=/data/dalvik-cache/arm/data@app@com.careerbuilder.SugarDrone.test-1@base.apk@classes.dex) because non-0 exit status
W/System  (10144): ClassLoader referenced unknown path: /data/app/com.careerbuilder.SugarDrone.test-1/lib/arm64
W/monodroid(10144): Using override path: /data/user/0/com.careerbuilder.SugarDrone/files/.__override__
W/monodroid(10144): Trying to load sgen from: /data/user/0/com.careerbuilder.SugarDrone/files/.__override__/libmonosgen-2.0.so
W/monodroid(10144): Trying to load sgen from: /storage/emulated/0/Android/data/com.careerbuilder.SugarDrone/files/.__override__/libmonosgen-2.0.so
W/monodroid(10144): Trying to load sgen from: /data/app/com.careerbuilder.SugarDrone-1/lib/arm/libmonosgen-2.0.so
D/Mono    (10144): Image addref mscorlib[0xef1a9020] -> mscorlib.dll[0xecd3a900]: 2
D/Mono    (10144): Prepared to set up assembly 'mscorlib' (mscorlib.dll)
D/Mono    (10144): AOT module 'mscorlib.dll.so' not found: dlopen failed: library "/data/app/com.careerbuilder.SugarDrone-1/lib/arm/libaot-mscorlib.dll.so" not found
D/Mono    (10144): AOT module '/Users/builder/data/lanes/4009/f3074d2c/source/monodroid/builds/install/mono-armv6/lib/mono/aot-cache/arm/mscorlib.dll.so' not found: dlopen failed: library "/data/app/com.careerbuilder.SugarDrone-1/lib/arm/libaot-mscorlib.dll.so" not found
D/Mono    (10144): Config attempting to parse: 'mscorlib.dll.config'.
D/Mono    (10144): Config attempting to parse: '/Users/builder/data/lanes/4009/f3074d2c/source/monodroid/builds/install/mono-armv6/etc/mono/assemblies/mscorlib/mscorlib.config'.
D/Mono    (10144): Assembly mscorlib[0xef1a9020] added to domain RootDomain, ref_count=1
D/Mono    (10144): Image addref CareerBuilder_Search.Droid[0xef1a9080] -> CareerBuilder_Search.Droid.dll[0xecd3cc00]: 2
D/Mono    (10144): Prepared to set up assembly 'CareerBuilder_Search.Droid' (CareerBuilder_Search.Droid.dll)
D/Mono    (10144): Assembly CareerBuilder_Search.Droid[0xef1a9080] added to domain RootDomain, ref_count=1
D/Mono    (10144): AOT module 'CareerBuilder_Search.Droid.dll.so' not found: dlopen failed: library "/data/app/com.careerbuilder.SugarDrone-1/lib/arm/libaot-CareerBuilder_Search.Droid.dll.so" not found
D/Mono    (10144): AOT module '/Users/builder/data/lanes/4009/f3074d2c/source/monodroid/builds/install/mono-armv6/lib/mono/aot-cache/arm/CareerBuilder_Search.Droid.dll.so' not found: dlopen failed: library "/data/app/com.careerbuilder.SugarDrone-1/lib/arm/libaot-CareerBuilder_Search.Droid.dll.so" not found
D/Mono    (10144): Config attempting to parse: 'CareerBuilder_Search.Droid.dll.config'.
D/Mono    (10144): Config attempting to parse: '/Users/builder/data/lanes/4009/f3074d2c/source/monodroid/builds/install/mono-armv6/etc/mono/assemblies/CareerBuilder_Search.Droid/CareerBuilder_Search.Droid.config'.
D/Mono    (10144): Image addref AppsFlyerXamarinBindingAndroid[0xef1a90e0] -> AppsFlyerXamarinBindingAndroid.dll[0xecd3d100]: 2
D/Mono    (10144): Prepared to set up assembly 'AppsFlyerXamarinBindingAndroid' (AppsFlyerXamarinBindingAndroid.dll)
D/Mono    (10144): Assembly AppsFlyerXamarinBindingAndroid[0xef1a90e0] added to domain RootDomain, ref_count=1
D/Mono    (10144): AOT module 'AppsFlyerXamarinBindingAndroid.dll.so' not found: dlopen failed: library "/data/app/com.careerbuilder.SugarDrone-1/lib/arm/libaot-AppsFlyerXamarinBindingAndroid.dll.so" not found
D/Mono    (10144): AOT module '/Users/builder/data/lanes/4009/f3074d2c/source/monodroid/builds/install/mono-armv6/lib/mono/aot-cache/arm/AppsFlyerXamarinBindingAndroid.dll.so' not found: dlopen failed: library "/data/app/com.careerbuilder.SugarDrone-1/lib/arm/libaot-AppsFlyerXamarinBindingAndroid.dll.so" not found
D/Mono    (10144): Config attempting to parse: 'AppsFlyerXamarinBindingAndroid.dll.config'.
D/Mono    (10144): Config attempting to parse: '/Users/builder/data/lanes/4009/f3074d2c/source/monodroid/builds/install/mono-armv6/etc/mono/assemblies/AppsFlyerXamarinBindingAndroid/AppsFlyerXamarinBindingAndroid.config'.
D/Mono    (10144): Image addref HockeySDK[0xef1a9140] -> HockeySDK.dll[0xecd3d600]: 2
D/Mono    (10144): Prepared to set up assembly 'HockeySDK' (HockeySDK.dll)
D/Mono    (10144): Assembly HockeySDK[0xef1a9140] added to domain RootDomain, ref_count=1
D/Mono    (10144): AOT module 'HockeySDK.dll.so' not found: dlopen failed: library "/data/app/com.careerbuilder.SugarDrone-1/lib/arm/libaot-HockeySDK.dll.so" not found
D/Mono    (10144): AOT module '/Users/builder/data/lanes/4009/f3074d2c/source/monodroid/builds/install/mono-armv6/lib/mono/aot-cache/arm/HockeySDK.dll.so' not found: dlopen failed: library "/data/app/com.careerbuilder.SugarDrone-1/lib/arm/libaot-HockeySDK.dll.so" not found
D/Mono    (10144): Config attempting to parse: 'HockeySDK.dll.config'.
D/Mono    (10144): Config attempting to parse: '/Users/builder/data/lanes/4009/f3074d2c/source/monodroid/builds/install/mono-armv6/etc/mono/assemblies/HockeySDK/HockeySDK.config'.
D/Mono    (10144): Image addref Akavache[0xef1a91a0] -> Akavache.dll[0xf4e77900]: 2
D/Mono    (10144): Prepared to set up assembly 'Akavache' (Akavache.dll)
D/Mono    (10144): Assembly Akavache[0xef1a91a0] added to domain RootDomain, ref_count=1
D/Mono    (10144): AOT module 'Akavache.dll.so' not found: dlopen failed: library "/data/app/com.careerbuilder.SugarDrone-1/lib/arm/libaot-Akavache.dll.so" not found
D/Mono    (10144): AOT module '/Users/builder/data/lanes/4009/f3074d2c/source/monodroid/builds/install/mono-armv6/lib/mono/aot-cache/arm/Akavache.dll.so' not found: dlopen failed: library "/data/app/com.careerbuilder.SugarDrone-1/lib/arm/libaot-Akavache.dll.so" not found
D/Mono    (10144): Config attempting to parse: 'Akavache.dll.config'.
D/Mono    (10144): Config attempting to parse: '/Users/builder/data/lanes/4009/f3074d2c/source/monodroid/builds/install/mono-armv6/etc/mono/assemblies/Akavache/Akavache.config'.
D/Mono    (10144): Image addref Akavache.Sqlite3[0xef1a9200] -> Akavache.Sqlite3.dll[0xeb5a0000]: 2
D/Mono    (10144): Prepared to set up assembly 'Akavache.Sqlite3' (Akavache.Sqlite3.dll)
D/Mono    (10144): Assembly Akavache.Sqlite3[0xef1a9200] added to domain RootDomain, ref_count=1
D/Mono    (10144): AOT module 'Akavache.Sqlite3.dll.so' not found: dlopen failed: library "/data/app/com.careerbuilder.SugarDrone-1/lib/arm/libaot-Akavache.Sqlite3.dll.so" not found
D/Mono    (10144): AOT module '/Users/builder/data/lanes/4009/f3074d2c/source/monodroid/builds/install/mono-armv6/lib/mono/aot-cache/arm/Akavache.Sqlite3.dll.so' not found: dlopen failed: library "/data/app/com.careerbuilder.SugarDrone-1/lib/arm/libaot-Akavache.Sqlite3.dll.so" not found
W/        (10144): Symbol file LoadedFromMemory doesn't match image Akavache.Sqlite3.dll
D/Mono    (10144): Config attempting to parse: 'Akavache.Sqlite3.dll.config'.
D/Mono    (10144): Config attempting to parse: '/Users/builder/data/lanes/4009/f3074d2c/source/monodroid/builds/install/mono-armv6/etc/mono/assemblies/Akavache.Sqlite3/Akavache.Sqlite3.config'.
D/Mono    (10144): Image addref Splat[0xef1a9260] -> Splat.dll[0xeb5a0500]: 2
D/Mono    (10144): Prepared to set up assembly 'Splat' (Splat.dll)
D/Mono    (10144): Assembly Splat[0xef1a9260] added to domain RootDomain, ref_count=1
D/Mono    (10144): AOT module 'Splat.dll.so' not found: dlopen failed: library "/data/app/com.careerbuilder.SugarDrone-1/lib/arm/libaot-Splat.dll.so" not found
D/Mono    (10144): AOT module '/Users/builder/data/lanes/4009/f3074d2c/source/monodroid/builds/install/mono-armv6/lib/mono/aot-cache/arm/Splat.dll.so' not found: dlopen failed: library "/data/app/com.careerbuilder.SugarDrone-1/lib/arm/libaot-Splat.dll.so" not found
D/Mono    (10144): Config attempting to parse: 'Splat.dll.config'.
D/Mono    (10144): Config attempting to parse: '/Users/builder/data/lanes/4009/f3074d2c/source/monodroid/builds/install/mono-armv6/etc/mono/assemblies/Splat/Splat.config'.
D/Mono    (10144): Image addref Microsoft.Practices.ServiceLocation[0xef1a9440] -> Microsoft.Practices.ServiceLocation.dll[0xeb5a0a00]: 2
D/Mono    (10144): Prepared to set up assembly 'Microsoft.Practices.ServiceLocation' (Microsoft.Practices.ServiceLocation.dll)
D/Mono    (10144): Assembly Microsoft.Practices.ServiceLocation[0xef1a9440] added to domain RootDomain, ref_count=1
D/Mono    (10144): AOT module 'Microsoft.Practices.ServiceLocation.dll.so' not found: dlopen failed: library "/data/app/com.careerbuilder.SugarDrone-1/lib/arm/libaot-Microsoft.Practices.ServiceLocation.dll.so" not found
D/Mono    (10144): AOT module '/Users/builder/data/lanes/4009/f3074d2c/source/monodroid/builds/install/mono-armv6/lib/mono/aot-cache/arm/Microsoft.Practices.ServiceLocation.dll.so' not found: dlopen failed: library "/data/app/com.careerbuilder.SugarDrone-1/lib/arm/libaot-Microsoft.Practices.ServiceLocation.dll.so" not found
D/Mono    (10144): Config attempting to parse: 'Microsoft.Practices.ServiceLocation.dll.config'.
D/Mono    (10144): Config attempting to parse: '/Users/builder/data/lanes/4009/f3074d2c/source/monodroid/builds/install/mono-armv6/etc/mono/assemblies/Microsoft.Practices.ServiceLocation/Microsoft.Practices.ServiceLocation.config'.
D/Mono    (10144): Image addref Microsoft.Practices.Unity[0xef1a94a0] -> Microsoft.Practices.Unity.dll[0xeb5a0f00]: 2
D/Mono    (10144): Prepared to set up assembly 'Microsoft.Practices.Unity' (Microsoft.Practices.Unity.dll)
D/Mono    (10144): Assembly Microsoft.Practices.Unity[0xef1a94a0] added to domain RootDomain, ref_count=1
D/Mono    (10144): AOT module 'Microsoft.Practices.Unity.dll.so' not found: dlopen failed: library "/data/app/com.careerbuilder.SugarDrone-1/lib/arm/libaot-Microsoft.Practices.Unity.dll.so" not found
D/Mono    (10144): AOT module '/Users/builder/data/lanes/4009/f3074d2c/source/monodroid/builds/install/mono-armv6/lib/mono/aot-cache/arm/Microsoft.Practices.Unity.dll.so' not found: dlopen failed: library "/data/app/com.careerbuilder.SugarDrone-1/lib/arm/libaot-Microsoft.Practices.Unity.dll.so" not found
D/Mono    (10144): Config attempting to parse: 'Microsoft.Practices.Unity.dll.config'.
D/Mono    (10144): Config attempting to parse: '/Users/builder/data/lanes/4009/f3074d2c/source/monodroid/builds/install/mono-armv6/etc/mono/assemblies/Microsoft.Practices.Unity/Microsoft.Practices.Unity.config'.
D/Mono    (10144): Image addref Plugin.CurrentActivity[0xef1a9500] -> Plugin.CurrentActivity.dll[0xeb5a1400]: 2
D/Mono    (10144): Prepared to set up assembly 'Plugin.CurrentActivity' (Plugin.CurrentActivity.dll)
D/Mono    (10144): Assembly Plugin.CurrentActivity[0xef1a9500] added to domain RootDomain, ref_count=1
D/Mono    (10144): AOT module 'Plugin.CurrentActivity.dll.so' not found: dlopen failed: library "/data/app/com.careerbuilder.SugarDrone-1/lib/arm/libaot-Plugin.CurrentActivity.dll.so" not found
D/Mono    (10144): AOT module '/Users/builder/data/lanes/4009/f3074d2c/source/monodroid/builds/install/mono-armv6/lib/mono/aot-cache/arm/Plugin.CurrentActivity.dll.so' not found: dlopen failed: library "/data/app/com.careerbuilder.SugarDrone-1/lib/arm/libaot-Plugin.CurrentActivity.dll.so" not found
D/Mono    (10144): Config attempting to parse: 'Plugin.CurrentActivity.dll.config'.
D/Mono    (10144): Config attempting to parse: '/Users/builder/data/lanes/4009/f3074d2c/source/monodroid/builds/install/mono-armv6/etc/mono/assemblies/Plugin.CurrentActivity/Plugin.CurrentActivity.config'.
D/Mono    (10144): Image addref Plugin.Permissions[0xef1a9560] -> Plugin.Permissions.dll[0xeb5a1900]: 2
D/Mono    (10144): Prepared to set up assembly 'Plugin.Permissions' (Plugin.Permissions.dll)
D/Mono    (10144): Assembly Plugin.Permissions[0xef1a9560] added to domain RootDomain, ref_count=1
D/Mono    (10144): AOT module 'Plugin.Permissions.dll.so' not found: dlopen failed: library "/data/app/com.careerbuilder.SugarDrone-1/lib/arm/libaot-Plugin.Permissions.dll.so" not found
D/Mono    (10144): AOT module '/Users/builder/data/lanes/4009/f3074d2c/source/monodroid/builds/install/mono-armv6/lib/mono/aot-cache/arm/Plugin.Permissions.dll.so' not found: dlopen failed: library "/data/app/com.careerbuilder.SugarDrone-1/lib/arm/libaot-Plugin.Permissions.dll.so" not found
D/Mono    (10144): Config attempting to parse: 'Plugin.Permissions.dll.config'.
D/Mono    (10144): Config attempting to parse: '/Users/builder/data/lanes/4009/f3074d2c/source/monodroid/builds/install/mono-armv6/etc/mono/assemblies/Plugin.Permissions/Plugin.Permissions.config'.
D/Mono    (10144): Image addref Plugin.Permissions.Abstractions[0xef1a95c0] -> Plugin.Permissions.Abstractions.dll[0xeb5a1e00]: 2
D/Mono    (10144): Prepared to set up assembly 'Plugin.Permissions.Abstractions' (Plugin.Permissions.Abstractions.dll)
D/Mono    (10144): Assembly Plugin.Permissions.Abstractions[0xef1a95c0] added to domain RootDomain, ref_count=1
D/Mono    (10144): AOT module 'Plugin.Permissions.Abstractions.dll.so' not found: dlopen failed: library "/data/app/com.careerbuilder.SugarDrone-1/lib/arm/libaot-Plugin.Permissions.Abstractions.dll.so" not found
D/Mono    (10144): AOT module '/Users/builder/data/lanes/4009/f3074d2c/source/monodroid/builds/install/mono-armv6/lib/mono/aot-cache/arm/Plugin.Permissions.Abstractions.dll.so' not found: dlopen failed: library "/data/app/com.careerbuilder.SugarDrone-1/lib/arm/libaot-Plugin.Permissions.Abstractions.dll.so" not found
D/Mono    (10144): Config attempting to parse: 'Plugin.Permissions.Abstractions.dll.config'.
D/Mono    (10144): Config attempting to parse: '/Users/builder/data/lanes/4009/f3074d2c/source/monodroid/builds/install/mono-armv6/etc/mono/assemblies/Plugin.Permissions.Abstractions/Plugin.Permissions.Abstractions.config'.
D/Mono    (10144): Image addref Plugin.Geolocator[0xef1a9620] -> Plugin.Geolocator.dll[0xeb5a2300]: 2
D/Mono    (10144): Prepared to set up assembly 'Plugin.Geolocator' (Plugin.Geolocator.dll)
D/Mono    (10144): Assembly Plugin.Geolocator[0xef1a9620] added to domain RootDomain, ref_count=1
D/Mono    (10144): AOT module 'Plugin.Geolocator.dll.so' not found: dlopen failed: library "/data/app/com.careerbuilder.SugarDrone-1/lib/arm/libaot-Plugin.Geolocator.dll.so" not found
D/Mono    (10144): AOT module '/Users/builder/data/lanes/4009/f3074d2c/source/monodroid/builds/install/mono-armv6/lib/mono/aot-cache/arm/Plugin.Geolocator.dll.so' not found: dlopen failed: library "/data/app/com.careerbuilder.SugarDrone-1/lib/arm/libaot-Plugin.Geolocator.dll.so" not found
D/Mono    (10144): Config attempting to parse: 'Plugin.Geolocator.dll.config'.
D/Mono    (10144): Config attempting to parse: '/Users/builder/data/lanes/4009/f3074d2c/source/monodroid/builds/install/mono-armv6/etc/mono/assemblies/Plugin.Geolocator/Plugin.Geolocator.config'.
D/Mono    (10144): Image addref Plugin.Geolocator.Abstractions[0xef1a9680] -> Plugin.Geolocator.Abstractions.dll[0xeb5a2800]: 2
D/Mono    (10144): Prepared to set up assembly 'Plugin.Geolocator.Abstractions' (Plugin.Geolocator.Abstractions.dll)
D/Mono    (10144): Assembly Plugin.Geolocator.Abstractions[0xef1a9680] added to domain RootDomain, ref_count=1
D/Mono    (10144): AOT module 'Plugin.Geolocator.Abstractions.dll.so' not found: dlopen failed: library "/data/app/com.careerbuilder.SugarDrone-1/lib/arm/libaot-Plugin.Geolocator.Abstractions.dll.so" not found
D/Mono    (10144): AOT module '/Users/builder/data/lanes/4009/f3074d2c/source/monodroid/builds/install/mono-armv6/lib/mono/aot-cache/arm/Plugin.Geolocator.Abstractions.dll.so' not found: dlopen failed: library "/data/app/com.careerbuilder.SugarDrone-1/lib/arm/libaot-Plugin.Geolocator.Abstractions.dll.so" not found
D/Mono    (10144): Config attempting to parse: 'Plugin.Geolocator.Abstractions.dll.config'.
D/Mono    (10144): Config attempting to parse: '/Users/builder/data/lanes/4009/f3074d2c/source/monodroid/builds/install/mono-armv6/etc/mono/assemblies/Plugin.Geolocator.Abstractions/Plugin.Geolocator.Abstractions.config'.
D/Mono    (10144): Image addref Plugin.DeviceInfo[0xef1a96e0] -> Plugin.DeviceInfo.dll[0xeb5a2d00]: 2
D/Mono    (10144): Prepared to set up assembly 'Plugin.DeviceInfo' (Plugin.DeviceInfo.dll)
D/Mono    (10144): Assembly Plugin.DeviceInfo[0xef1a96e0] added to domain RootDomain, ref_count=1
D/Mono    (10144): AOT module 'Plugin.DeviceInfo.dll.so' not found: dlopen failed: library "/data/app/com.careerbuilder.SugarDrone-1/lib/arm/libaot-Plugin.DeviceInfo.dll.so" not found
D/Mono    (10144): AOT module '/Users/builder/data/lanes/4009/f3074d2c/source/monodroid/builds/install/mono-armv6/lib/mono/aot-cache/arm/Plugin.DeviceInfo.dll.so' not found: dlopen failed: library "/data/app/com.careerbuilder.SugarDrone-1/lib/arm/libaot-Plugin.DeviceInfo.dll.so" not found
D/Mono    (10144): Config attempting to parse: 'Plugin.DeviceInfo.dll.config'.
D/Mono    (10144): Config attempting to parse: '/Users/builder/data/lanes/4009/f3074d2c/source/monodroid/builds/install/mono-armv6/etc/mono/assemblies/Plugin.DeviceInfo/Plugin.DeviceInfo.config'.
D/Mono    (10144): Image addref Plugin.DeviceInfo.Abstractions[0xef1a9740] -> Plugin.DeviceInfo.Abstractions.dll[0xeb5a3200]: 2
D/Mono    (10144): Prepared to set up assembly 'Plugin.DeviceInfo.Abstractions' (Plugin.DeviceInfo.Abstractions.dll)
D/Mono    (10144): Assembly Plugin.DeviceInfo.Abstractions[0xef1a9740] added to domain RootDomain, ref_count=1
D/Mono    (10144): AOT module 'Plugin.DeviceInfo.Abstractions.dll.so' not found: dlopen failed: library "/data/app/com.careerbuilder.SugarDrone-1/lib/arm/libaot-Plugin.DeviceInfo.Abstractions.dll.so" not found
D/Mono    (10144): AOT module '/Users/builder/data/lanes/4009/f3074d2c/source/monodroid/builds/install/mono-armv6/lib/mono/aot-cache/arm/Plugin.DeviceInfo.Abstractions.dll.so' not found: dlopen failed: library "/data/app/com.careerbuilder.SugarDrone-1/lib/arm/libaot-Plugin.DeviceInfo.Abstractions.dll.so" not found
D/Mono    (10144): Config attempting to parse: 'Plugin.DeviceInfo.Abstractions.dll.config'.
D/Mono    (10144): Config attempting to parse: '/Users/builder/data/lanes/4009/f3074d2c/source/monodroid/builds/install/mono-armv6/etc/mono/assemblies/Plugin.DeviceInfo.Abstractions/Plugin.DeviceInfo.Abstractions.config'.
D/Mono    (10144): Image addref Xamarin.GooglePlayServices.Analytics[0xef1a97a0] -> Xamarin.GooglePlayServices.Analytics.dll[0xeb5a3700]: 2
D/Mono    (10144): Prepared to set up assembly 'Xamarin.GooglePlayServices.Analytics' (Xamarin.GooglePlayServices.Analytics.dll)
D/Mono    (10144): Assembly Xamarin.GooglePlayServices.Analytics[0xef1a97a0] added to domain RootDomain, ref_count=1
D/Mono    (10144): AOT module 'Xamarin.GooglePlayServices.Analytics.dll.so' not found: dlopen failed: library "/data/app/com.careerbuilder.SugarDrone-1/lib/arm/libaot-Xamarin.GooglePlayServices.Analytics.dll.so" not found
D/Mono    (10144): AOT module '/Users/builder/data/lanes/4009/f3074d2c/source/monodroid/builds/install/mono-armv6/lib/mono/aot-cache/arm/Xamarin.GooglePlayServices.Analytics.dll.so' not found: dlopen failed: library "/data/app/com.careerbuilder.SugarDrone-1/lib/arm/libaot-Xamarin.GooglePlayServices.Analytics.dll.so" not found
D/Mono    (10144): Config attempting to parse: 'Xamarin.GooglePlayServices.Analytics.dll.config'.
D/Mono    (10144): Config attempting to parse: '/Users/builder/data/lanes/4009/f3074d2c/source/monodroid/builds/install/mono-armv6/etc/mono/assemblies/Xamarin.GooglePlayServices.Analytics/Xamarin.GooglePlayServices.Analytics.config'.
D/Mono    (10144): Image addref Xamarin.GooglePlayServices.Base[0xef1a9800] -> Xamarin.GooglePlayServices.Base.dll[0xeb5a3c00]: 2
