D/Mono    (10355): Probing 'java_interop_jnienv_call_nonvirtual_int_method_a'.
D/Mono    (10355): Found as 'java_interop_jnienv_call_nonvirtual_int_method_a'.
D/Mono    (10355): DllImport searching in: '__Internal' ('(null)').
D/Mono    (10355): Searching for 'java_interop_jnienv_get_float_field'.
D/Mono    (10355): Probing 'java_interop_jnienv_get_float_field'.
D/Mono    (10355): Found as 'java_interop_jnienv_get_float_field'.
D/Mono    (10355): DllImport searching in: '__Internal' ('(null)').
D/Mono    (10355): Searching for 'java_interop_jnienv_new_object_array'.
D/Mono    (10355): Probing 'java_interop_jnienv_new_object_array'.
D/Mono    (10355): Found as 'java_interop_jnienv_new_object_array'.
D/Mono    (10355): DllImport searching in: '__Internal' ('(null)').
D/Mono    (10355): Searching for 'java_interop_jnienv_set_object_array_element'.
D/Mono    (10355): Probing 'java_interop_jnienv_set_object_array_element'.
D/Mono    (10355): Found as 'java_interop_jnienv_set_object_array_element'.
D/Mono    (10355): Assembly Ref addref System.Net.Http[0xeb82ef40] -> System.Core[0xeb82e700]: 13
D/Mono    (10355): Assembly Ref addref Mono.Android[0xeb82e100] -> System[0xeb82e3a0]: 12
I/System.out(10355): URI: /
I/System.out(10355): params: {json={"command":"touch_coordinate","arguments":[720.0,2273.0]}
I/System.out(10355): }
I/System.out(10355): header: {content-length=57, host=devicehost5.prod, x-session-token=token-token-ee952511-192a-419d-a72f-8e2840fd5f36, x-forwarded-for=10.222.150.15, content-type=application/json; charset=utf-8, connection=close}
I/System.out(10355): params: {json={"command":"touch_coordinate","arguments":[720.0,2273.0]}
I/System.out(10355): }
I/System.out(10355): ProP json = {"command":"touch_coordinate","arguments":[720.0,2273.0]}
I/System.out(10355): files: {}
I/System.out(10355): command: {"command":"touch_coordinate","arguments":[720.0,2273.0]}
I/InstrumentationBackend(10355): Got command:'Command:'Line:null,touch_coordinate', arguments:'[720.0, 2273.0]'
D/audio_hw_primary(  512): out_set_parameters: enter: usecase(1: low-latency-playback) kvpairs: routing=2
I/calabash(10355): execStartActivity 4
I/ActivityManager(  923): START u0 {cmp=com.careerbuilder.SugarDrone/md537fd6201b6818e2e180d2f7606e21a83.ValuePropActivity} from uid 14279 on display 0
D/audio_hw_primary(  512): select_devices: out_snd_device(2: speaker) in_snd_device(0: none)
D/msm8974_platform(  512): platform_send_audio_calibration: sending audio calibration for snd_device(2) acdb_id(15)
I/calabash(10355): newActivity1
I/soundtrigger(  512): audio_extn_sound_trigger_update_device_status: device 0x2 of type 0 for Event 1
D/audio_hw_primary(  512): enable_snd_device: snd_device(2: speaker)
D/audio_hw_primary(  512): enable_audio_route: apply and update mixer path: low-latency-playback speaker
D/Mono    (10355): Assembly Ref addref CareerBuilder_Search.Droid[0xeb82d080] -> System.Core[0xeb82e700]: 14
D/Mono    (10355): DllImport searching in: '__Internal' ('(null)').
D/Mono    (10355): Searching for 'java_interop_jnienv_call_nonvirtual_object_method'.
D/Mono    (10355): Probing 'java_interop_jnienv_call_nonvirtual_object_method'.
D/Mono    (10355): Found as 'java_interop_jnienv_call_nonvirtual_object_method'.
I/System.out(10355): result:{"bonusInformation":[],"message":"","success":true}
D/Mono    (10355): Assembly Ref addref CareerBuilder_Search.Droid[0xeb82d080] -> Newtonsoft.Json[0xeb82dce0]: 4
I/System.out(10355): URI: /backdoor
I/System.out(10355): params: {json={"method_name":"APISetup","arguments":[200]}
I/System.out(10355): }
D/Mono    (10355): Unloading image System.dll [0xd839ed00].
D/Mono    (10355): Image addref System[0xd703bb40] -> System.dll[0xea4b0100]: 5
D/Mono    (10355): Config attempting to parse: 'System.dll.config'.
D/Mono    (10355): Config attempting to parse: '/Users/builder/data/lanes/4009/f3074d2c/source/monodroid/builds/install/mono-armv6/etc/mono/assemblies/System/System.config'.
D/Mono    (10355): Unloading image System.dll [0xd839ed00].
D/Mono    (10355): Image addref System[0xd703b7e0] -> System.dll[0xea4b0100]: 6
D/Mono    (10355): Config attempting to parse: 'System.dll.config'.
D/Mono    (10355): Config attempting to parse: '/Users/builder/data/lanes/4009/f3074d2c/source/monodroid/builds/install/mono-armv6/etc/mono/assemblies/System/System.config'.
D/Mono    (10355): Unloading image System.dll [0xd839ed00].
D/Mono    (10355): Image addref System[0xd703b7e0] -> System.dll[0xea4b0100]: 7
D/Mono    (10355): Config attempting to parse: 'System.dll.config'.
D/Mono    (10355): Config attempting to parse: '/Users/builder/data/lanes/4009/f3074d2c/source/monodroid/builds/install/mono-armv6/etc/mono/assemblies/System/System.config'.
D/Mono    (10355): Unloading image System.dll [0xd839ed00].
D/Mono    (10355): Image addref System[0xd703b7e0] -> System.dll[0xea4b0100]: 8
D/Mono    (10355): Config attempting to parse: 'System.dll.config'.
D/Mono    (10355): Config attempting to parse: '/Users/builder/data/lanes/4009/f3074d2c/source/monodroid/builds/install/mono-armv6/etc/mono/assemblies/System/System.config'.
D/Mono    (10355): DllImport searching in: '__Internal' ('(null)').
D/Mono    (10355): Searching for 'java_interop_jnienv_is_assignable_from'.
D/Mono    (10355): Probing 'java_interop_jnienv_is_assignable_from'.
D/Mono    (10355): Found as 'java_interop_jnienv_is_assignable_from'.
D/Mono    (10355): DllImport searching in: '__Internal' ('(null)').
D/Mono    (10355): Searching for 'java_interop_jnienv_get_byte_array_region'.
D/Mono    (10355): Probing 'java_interop_jnienv_get_byte_array_region'.
D/Mono    (10355): Found as 'java_interop_jnienv_get_byte_array_region'.
D/Mono    (10355): DllImport searching in: '__Internal' ('(null)').
D/Mono    (10355): Searching for 'java_interop_jnienv_set_byte_array_region'.
D/Mono    (10355): Probing 'java_interop_jnienv_set_byte_array_region'.
D/Mono    (10355): Found as 'java_interop_jnienv_set_byte_array_region'.
D/audio_hw_primary(  512): disable_audio_route: reset and update mixer path: low-latency-playback speaker
D/audio_hw_primary(  512): disable_snd_device: snd_device(2: speaker)
I/soundtrigger(  512): audio_extn_sound_trigger_update_device_status: device 0x2 of type 0 for Event 0
W/Mono    (10355): The request to load the assembly System.Core v4.0.0.0 was remapped to v2.0.5.0
D/Mono    (10355): Unloading image System.Core.dll [0xd839c000].
D/Mono    (10355): Image addref System.Core[0xd8929d40] -> System.Core.dll[0xdc163000]: 5
D/Mono    (10355): Config attempting to parse: 'System.Core.dll.config'.
D/Mono    (10355): Config attempting to parse: '/Users/builder/data/lanes/4009/f3074d2c/source/monodroid/builds/install/mono-armv6/etc/mono/assemblies/System.Core/System.Core.config'.
W/FragmentManager(10355): moveToState: Fragment state for ValuePropFragment{120aadd #0 id=0x7f0a0148 android:switcher:2131362120:1} not updated inline; expected state 3 found 2
W/Mono    (10355): The request to load the assembly System.Core v4.0.0.0 was remapped to v2.0.5.0
D/Mono    (10355): Unloading image System.Core.dll [0xd839c000].
D/Mono    (10355): Image addref System.Core[0xd703b960] -> System.Core.dll[0xdc163000]: 6
D/Mono    (10355): Config attempting to parse: 'System.Core.dll.config'.
D/Mono    (10355): Config attempting to parse: '/Users/builder/data/lanes/4009/f3074d2c/source/monodroid/builds/install/mono-armv6/etc/mono/assemblies/System.Core/System.Core.config'.
I/Choreographer(10355): Skipped 44 frames!  The application may be doing too much work on its main thread.
I/ActivityManager(  923): Displayed com.careerbuilder.SugarDrone/md537fd6201b6818e2e180d2f7606e21a83.ValuePropActivity: +1s63ms
I/Keyboard.Facilitator( 3483): onFinishInput()
W/SurfaceFlinger(  381): couldn't log to binary event log: overflow.
I/System.out(10355): URI: /backdoor
I/System.out(10355): params: {json={"method_name":"MyCBBackdoor","arguments":[]}
I/System.out(10355): }
D/Mono    (10355): Assembly Ref addref CareerBuilder_Search.Droid[0xeb82d080] -> Xamarin.Android.Support.Design[0xeb82dc20]: 2
I/calabash(10355): execStartActivity 4
I/ActivityManager(  923): START u0 {cmp=com.careerbuilder.SugarDrone/md5a4824aa66c0dc4d104077b72c1916a44.MasterNavActivity} from uid 14279 on display 0
I/calabash(10355): newActivity1
D/Mono    (10355): DllImport searching in: '__Internal' ('(null)').
D/Mono    (10355): Searching for 'java_interop_jnienv_new_byte_array'.
D/Mono    (10355): Probing 'java_interop_jnienv_new_byte_array'.
D/Mono    (10355): Found as 'java_interop_jnienv_new_byte_array'.
I/System.out(10355): URI: /map
I/System.out(10355): params: {json={"query":"* marked:'Skip'","operation":{"method_name":"query","arguments":[]}}
I/System.out(10355): }
D/Mono    (10355): [0xd9a7f930] hill climbing, change max number of threads 9
D/Mono    (10355): DllImport searching in: '__Internal' ('(null)').
D/Mono    (10355): Searching for 'java_interop_jnienv_call_int_method'.
D/Mono    (10355): Probing 'java_interop_jnienv_call_int_method'.
D/Mono    (10355): Found as 'java_interop_jnienv_call_int_method'.
D/Mono    (10355): Assembly Ref addref Xamarin.Android.Support.Design[0xeb82dc20] -> Xamarin.Android.Support.v4[0xeb82da40]: 4
D/Mono    (10355): Assembly Ref addref CareerBuilder_Search.Droid[0xeb82d080] -> Xamarin.Android.Support.v7.RecyclerView[0xeb82daa0]: 2
D/Mono    (10355): Assembly Ref addref Xamarin.Android.Support.v7.RecyclerView[0xeb82daa0] -> Xamarin.Android.Support.v4[0xeb82da40]: 5
D/Mono    (10355): Assembly Ref addref CareerBuilder_Search.Droid[0xeb82d080] -> FloatingActionButton-Xamarin[0xeb82d9e0]: 2
D/Mono    (10355): Unloading image System.IO.dll [0xd95fcd00].
D/Mono    (10355): Image addref System.IO[0xd89c84a0] -> System.IO.dll[0xda062f00]: 6
D/Mono    (10355): Config attempting to parse: 'System.IO.dll.config'.
D/Mono    (10355): Config attempting to parse: '/Users/builder/data/lanes/4009/f3074d2c/source/monodroid/builds/install/mono-armv6/etc/mono/assemblies/System.IO/System.IO.config'.
D/Mono    (10355): Assembly Ref addref CareerBuilder_Search[0xeb82e0a0] -> System.IO[0xda956880]: 4
W/FragmentManager(10355): moveToState: Fragment state for SavedJobsFragment{7b265d7 #0 id=0x7f0a0148 android:switcher:2131362120:1} not updated inline; expected state 3 found 2
D/Mono    (10355): Assembly Ref addref CareerBuilder_Search.Droid[0xeb82d080] -> System[0xeb82e3a0]: 13
W/FragmentManager(10355): moveToState: Fragment state for ResumeManagementFragment{d470ec4 #1 id=0x7f0a0148 android:switcher:2131362120:2} not updated inline; expected state 3 found 2
D/Mono    (10355): Unloading image System.Linq.dll [0xd8e0d400].
D/Mono    (10355): Image addref System.Linq[0xd703b720] -> System.Linq.dll[0xdc164e00]: 9
D/Mono    (10355): Config attempting to parse: 'System.Linq.dll.config'.
D/Mono    (10355): Config attempting to parse: '/Users/builder/data/lanes/4009/f3074d2c/source/monodroid/builds/install/mono-armv6/etc/mono/assemblies/System.Linq/System.Linq.config'.
D/Mono    (10355): Assembly Ref addref CareerBuilder_Search[0xeb82e0a0] -> System.Linq[0xeb82e580]: 7
D/Mono    (10355): DllImport attempting to load: '/system/lib/liblog.so'.
D/Mono    (10355): DllImport loaded library '/system/lib/liblog.so'.
D/Mono    (10355): DllImport searching in: '/system/lib/liblog.so' ('/system/lib/liblog.so').
D/Mono    (10355): Searching for '__android_log_print'.
D/Mono    (10355): Probing '__android_log_print'.
D/Mono    (10355): Found as '__android_log_print'.
I/mono-stdout(10355): uri is: https://api.careerbuilder.com/consumer/resumes?OAuthToken=&HostSite=US&DeveloperKey=WDHR8FC6P2JZ1Y61KLM5
D/Mono    (10355): DllImport searching in: '__Internal' ('(null)').
D/Mono    (10355): Searching for 'java_interop_jnienv_call_nonvirtual_void_method'.
D/Mono    (10355): Probing 'java_interop_jnienv_call_nonvirtual_void_method'.
D/Mono    (10355): Found as 'java_interop_jnienv_call_nonvirtual_void_method'.
D/Mono    (10355): Unloading image System.Collections.dll [0xd776f900].
D/Mono    (10355): Image addref System.Collections[0xd703b780] -> System.Collections.dll[0xea4b0b00]: 10
D/Mono    (10355): Config attempting to parse: 'System.Collections.dll.config'.
D/Mono    (10355): Config attempting to parse: '/Users/builder/data/lanes/4009/f3074d2c/source/monodroid/builds/install/mono-armv6/etc/mono/assemblies/System.Collections/System.Collections.config'.
D/Mono    (10355): Assembly Ref addref System.Reactive.Linq[0xeb82de60] -> System.Collections[0xeb82e460]: 8
I/mono-stdout(10355): uri is: https://api.careerbuilder.com/consumer/jobs/search/?Keywords=&Location=&UseFacets=true&PageNumber=1&ExcludeNational=true&DeveloperKey=WDHR8FC6P2JZ1Y61KLM5
I/mono-stdout(10355): uri is: https://api.careerbuilder.com/consumer/saved-jobs/?DeveloperKey=WDHR8FC6P2JZ1Y61KLM5
I/mono-stdout(10355): uri is: https://api.careerbuilder.com/consumer/resumes?OAuthToken=&HostSite=US&DeveloperKey=WDHR8FC6P2JZ1Y61KLM5
D/Mono    (10355): Image addref System.Net.Primitives[0xd89c7ba0] -> System.Net.Primitives.dll[0xd95fdc00]: 2
D/Mono    (10355): Unloading image System.Net.Primitives.dll [0xd8e0cf00].
D/Mono    (10355): Prepared to set up assembly 'System.Net.Primitives' (System.Net.Primitives.dll)
D/Mono    (10355): Assembly System.Net.Primitives[0xd89c7ba0] added to domain RootDomain, ref_count=1
D/Mono    (10355): Image addref System.Net.Primitives[0xd703b9c0] -> System.Net.Primitives.dll[0xd95fdc00]: 4
D/Mono    (10355): Config attempting to parse: 'System.Net.Primitives.dll.config'.
D/Mono    (10355): Config attempting to parse: '/Users/builder/data/lanes/4009/f3074d2c/source/monodroid/builds/install/mono-armv6/etc/mono/assemblies/System.Net.Primitives/System.Net.Primitives.config'.
D/Mono    (10355): Assembly Ref addref CareerBuilder_Search[0xeb82e0a0] -> System.Net.Primitives[0xd89c7ba0]: 2
D/Mono    (10355): Assembly Ref addref System.Net.Primitives[0xd89c7ba0] -> System[0xeb82e3a0]: 14
D/Mono    (10355): AOT module 'System.Net.Primitives.dll.so' not found: dlopen failed: library "/data/app/com.careerbuilder.SugarDrone-1/lib/arm/libaot-System.Net.Primitives.dll.so" not found
D/Mono    (10355): AOT module '/Users/builder/data/lanes/4009/f3074d2c/source/monodroid/builds/install/mono-armv6/lib/mono/aot-cache/arm/System.Net.Primitives.dll.so' not found: dlopen failed: library "/data/app/com.careerbuilder.SugarDrone-1/lib/arm/libaot-System.Net.Primitives.dll.so" not found
D/Mono    (10355): Config attempting to parse: 'System.Net.Primitives.dll.config'.
D/Mono    (10355): Config attempting to parse: '/Users/builder/data/lanes/4009/f3074d2c/source/monodroid/builds/install/mono-armv6/etc/mono/assemblies/System.Net.Primitives/System.Net.Primitives.config'.
D/Mono    (10355): Unloading image System.Net.Primitives.dll [0xd8f9df00].
D/Mono    (10355): Image addref System.Net.Primitives[0xd89c82c0] -> System.Net.Primitives.dll[0xd95fdc00]: 6
D/Mono    (10355): Config attempting to parse: 'System.Net.Primitives.dll.config'.
D/Mono    (10355): Config attempting to parse: '/Users/builder/data/lanes/4009/f3074d2c/source/monodroid/builds/install/mono-armv6/etc/mono/assemblies/System.Net.Primitives/System.Net.Primitives.config'.
D/Mono    (10355): Unloading image System.Text.Encoding.dll [0xd8e0cf00].
D/Mono    (10355): Image addref System.Text.Encoding[0xd703cc20] -> System.Text.Encoding.dll[0xda062500]: 5
D/Mono    (10355): Config attempting to parse: 'System.Text.Encoding.dll.config'.
D/Mono    (10355): Config attempting to parse: '/Users/builder/data/lanes/4009/f3074d2c/source/monodroid/builds/install/mono-armv6/etc/mono/assemblies/System.Text.Encoding/System.Text.Encoding.config'.
D/Mono    (10355): Assembly Ref addref CareerBuilder_Search[0xeb82e0a0] -> System.Text.Encoding[0xda9567c0]: 3
D/Mono    (10355): Unloading image System.Text.Encoding.dll [0xd8e0de00].
D/Mono    (10355): Image addref System.Text.Encoding[0xd89c7b40] -> System.Text.Encoding.dll[0xda062500]: 6
D/Mono    (10355): Config attempting to parse: 'System.Text.Encoding.dll.config'.
D/Mono    (10355): Config attempting to parse: '/Users/builder/data/lanes/4009/f3074d2c/source/monodroid/builds/install/mono-armv6/etc/mono/assemblies/System.Text.Encoding/System.Text.Encoding.config'.
I/mono-stdout(10355): making api call to: /consumer/resumes?OAuthToken=&HostSite=US&DeveloperKey=WDHR8FC6P2JZ1Y61KLM5
I/mono-stdout(10355): making api call to: /consumer/saved-jobs/?DeveloperKey=WDHR8FC6P2JZ1Y61KLM5
I/mono-stdout(10355): making api call to: /consumer/jobs/search/?Keywords=&Location=&UseFacets=true&PageNumber=1&ExcludeNational=true&DeveloperKey=WDHR8FC6P2JZ1Y61KLM5
I/mono-stdout(10355): making api call to: /consumer/resumes?OAuthToken=&HostSite=US&DeveloperKey=WDHR8FC6P2JZ1Y61KLM5
I/mono-stdout(10355): Method: GET, RequestUri: 'https://api.careerbuilder.com/consumer/saved-jobs/?DeveloperKey=WDHR8FC6P2JZ1Y61KLM5', Version: 1.1, Content: <null>, Headers:

I/mono-stdout(10355): {

I/mono-stdout(10355): DeveloperKey: WDHR8FC6P2JZ1Y61KLM5

I/mono-stdout(10355): Accept: application/json

I/mono-stdout(10355): Authorization: Bearer test

I/mono-stdout(10355): HostSite: US

I/mono-stdout(10355): }
D/WifiStateMachine(  923): starting scan for "xtc-ag"WPA_PSK with 5240,5180,5220,5200
I/mono-stdout(10355): Current State = 1,2,6,7
I/mono-stdout(10355): applied jobs = 6
I/mono-stdout(10355): expired jobs = 7
I/mono-stdout(10355): saved jobs = Saved,Saved,Applied,Saved
I/art     (10355): Starting a blocking GC Explicit
I/art     (10355): Explicit concurrent mark sweep GC freed 1765(123KB) AllocSpace objects, 0(0B) LOS objects, 29% free, 38MB/54MB, paused 943us total 30.651ms
I/art     (10355): Starting a blocking GC Explicit
I/art     (10355): Explicit concurrent mark sweep GC freed 99(4KB) AllocSpace objects, 0(0B) LOS objects, 29% free, 38MB/54MB, paused 964us total 47.359ms
I/art     (10355): Starting a blocking GC Explicit
I/art     (10355): Explicit concurrent mark sweep GC freed 10(688B) AllocSpace objects, 0(0B) LOS objects, 29% free, 38MB/54MB, paused 1ms total 27.199ms
I/art     (10355): Starting a blocking GC Explicit
I/art     (10355): Explicit concurrent mark sweep GC freed 10(688B) AllocSpace objects, 0(0B) LOS objects, 29% free, 38MB/54MB, paused 931us total 23.391ms
I/art     (10355): Starting a blocking GC Explicit
I/art     (10355): Explicit concurrent mark sweep GC freed 10(688B) AllocSpace objects, 0(0B) LOS objects, 29% free, 38MB/54MB, paused 937us total 25.240ms
I/mono-stdout(10355): done making call to: /consumer/resumes?OAuthToken=&HostSite=US&DeveloperKey=WDHR8FC6P2JZ1Y61KLM5
I/mono-stdout(10355): done making call to: /consumer/resumes?OAuthToken=&HostSite=US&DeveloperKey=WDHR8FC6P2JZ1Y61KLM5
I/mono-stdout(10355): The resume  with hash has been set as latest
I/mono-stdout(10355): The resume  with hash has been set as latest
I/art     (10355): Starting a blocking GC Explicit
I/art     (10355): Explicit concurrent mark sweep GC freed 1763(103KB) AllocSpace objects, 1(20KB) LOS objects, 29% free, 38MB/54MB, paused 899us total 25.502ms
D/Mono    (10355): GC_TAR_BRIDGE bridges 173 objects 371 opaque 122 colors 173 colors-bridged 173 colors-visible 173 xref 5 cache-hit 0 cache-semihit 0 cache-miss 0 setup 0.10ms tarjan 0.44ms scc-setup 0.14ms gather-xref 0.01ms xref-setup 0.02ms cleanup 0.07ms
D/Mono    (10355): GC_BRIDGE: Complete, was running for 29.01ms
D/Mono    (10355): GC_MINOR: (Nursery full) time 20.94ms, stw 22.25ms promoted 884K major size: 1888K in use: 1161K los size: 1024K in use: 370K
D/Mono    (10355): [0xd66b3930] worker starting
I/mono-stdout(10355): done making call to: /consumer/saved-jobs/?DeveloperKey=WDHR8FC6P2JZ1Y61KLM5
I/mono-stdout(10355): done making call to: /consumer/jobs/search/?Keywords=&Location=&UseFacets=true&PageNumber=1&ExcludeNational=true&DeveloperKey=WDHR8FC6P2JZ1Y61KLM5
E/RecyclerView(10355): No adapter attached; skipping layout
W/art     (10355): JNI RegisterNativeMethods: attempt to register 0 native methods for md539c3d548fb000cea9f34163fa7e112ea.ProgressListItemViewHolder
I/mono-stdout(10355): uri is: https://api.careerbuilder.com/consumer/saved-jobs/?DeveloperKey=WDHR8FC6P2JZ1Y61KLM5
I/mono-stdout(10355): making api call to: /consumer/saved-jobs/?DeveloperKey=WDHR8FC6P2JZ1Y61KLM5
I/mono-stdout(10355): Method: GET, RequestUri: 'https://api.careerbuilder.com/consumer/saved-jobs/?DeveloperKey=WDHR8FC6P2JZ1Y61KLM5', Version: 1.1, Content: <null>, Headers:

I/mono-stdout(10355): {

I/mono-stdout(10355): DeveloperKey: WDHR8FC6P2JZ1Y61KLM5

I/mono-stdout(10355): Accept: application/json

I/mono-stdout(10355): Authorization: Bearer test

I/mono-stdout(10355): HostSite: US

I/mono-stdout(10355): }
I/mono-stdout(10355): Current State = 1,2,6,7
I/mono-stdout(10355): applied jobs = 6
I/mono-stdout(10355): expired jobs = 7
I/mono-stdout(10355): saved jobs = Saved,Saved,Applied,Saved
W/ResourceType(10355): No known package when getting name for resource number 0xffffffff
W/ResourceType(10355): No known package when getting name for resource number 0xffffffff
W/ResourceType(10355): No known package when getting name for resource number 0xffffffff
W/ResourceType(10355): No known package when getting name for resource number 0xffffffff
W/ResourceType(10355): No known package when getting name for resource number 0xffffffff
W/ResourceType(10355): No known package when getting name for resource number 0xffffffff
W/ResourceType(10355): No known package when getting name for resource number 0xffffffff
W/ResourceType(10355): No known package when getting name for resource number 0xffffffff
W/ResourceType(10355): No known package when getting name for resource number 0xffffffff
W/ResourceType(10355): No known package when getting name for resource number 0xffffffff
D/Mono    (10355): Assembly Ref addref Xamarin.Android.Support.v7.AppCompat[0xeb82dbc0] -> System.Core[0xeb82e700]: 15
I/Choreographer(10355): Skipped 109 frames!  The application may be doing too much work on its main thread.
E/RecyclerView(10355): No adapter attached; skipping layout
I/System.out(10355): URI: /map
I/System.out(10355): params: {json={"query":"* marked:'Job 1'","operation":{"method_name":"query","arguments":[]}}
I/System.out(10355): }
D/Mono    (10355): DllImport searching in: '__Internal' ('(null)').
D/Mono    (10355): Searching for 'java_interop_jnienv_call_void_method'.
D/Mono    (10355): Probing 'java_interop_jnienv_call_void_method'.
D/Mono    (10355): Found as 'java_interop_jnienv_call_void_method'.
I/Keyboard.Facilitator( 3483): onFinishInput()
I/ActivityManager(  923): Displayed com.careerbuilder.SugarDrone/md5a4824aa66c0dc4d104077b72c1916a44.MasterNavActivity: +2s614ms
E/RecyclerView(10355): No adapter attached; skipping layout
W/ResourceType(10355): No known package when getting name for resource number 0xffffffff
W/ResourceType(10355): No known package when getting name for resource number 0xffffffff
W/ResourceType(10355): No known package when getting name for resource number 0xffffffff
W/ResourceType(10355): No known package when getting name for resource number 0xffffffff
W/ResourceType(10355): No known package when getting name for resource number 0xffffffff
W/ResourceType(10355): No known package when getting name for resource number 0xffffffff
W/ResourceType(10355): No known package when getting name for resource number 0xffffffff
W/ResourceType(10355): No known package when getting name for resource number 0xffffffff
W/ResourceType(10355): No known package when getting name for resource number 0xffffffff
W/ResourceType(10355): No known package when getting name for resource number 0xffffffff
W/ResourceType(10355): No known package when getting name for resource number 0xffffffff
W/ResourceType(10355): No known package when getting name for resource number 0xffffffff
W/ResourceType(10355): No known package when getting name for resource number 0xffffffff
W/ResourceType(10355): No known package when getting name for resource number 0xffffffff
W/ResourceType(10355): No known package when getting name for resource number 0xffffffff
W/ResourceType(10355): No known package when getting name for resource number 0xffffffff
W/ResourceType(10355): No known package when getting name for resource number 0xffffffff
W/ResourceType(10355): No known package when getting name for resource number 0xffffffff
W/ResourceType(10355): No known package when getting name for resource number 0xffffffff
I/mono-stdout(10355): done making call to: /consumer/saved-jobs/?DeveloperKey=WDHR8FC6P2JZ1Y61KLM5
W/ResourceType(10355): No known package when getting name for resource number 0xffffffff
W/ResourceType(10355): No known package when getting name for resource number 0xffffffff
W/ResourceType(10355): No known package when getting name for resource number 0xffffffff
W/ResourceType(10355): No known package when getting name for resource number 0xffffffff
W/ResourceType(10355): No known package when getting name for resource number 0xffffffff
W/ResourceType(10355): No known package when getting name for resource number 0xffffffff
W/ResourceType(10355): No known package when getting name for resource number 0xffffffff
W/ResourceType(10355): No known package when getting name for resource number 0xffffffff
W/ResourceType(10355): No known package when getting name for resource number 0xffffffff
W/ResourceType(10355): No known package when getting name for resource number 0xffffffff
W/ResourceType(10355): No known package when getting name for resource number 0xffffffff
W/ResourceType(10355): No known package when getting name for resource number 0xffffffff
W/ResourceType(10355): No known package when getting name for resource number 0xffffffff
W/ResourceType(10355): No known package when getting name for resource number 0xffffffff
W/ResourceType(10355): No known package when getting name for resource number 0xffffffff
W/ResourceType(10355): No known package when getting name for resource number 0xffffffff
W/ResourceType(10355): No known package when getting name for resource number 0xffffffff
W/ResourceType(10355): No known package when getting name for resource number 0xffffffff
W/ResourceType(10355): No known package when getting name for resource number 0xffffffff
W/ResourceType(10355): No known package when getting name for resource number 0xffffffff
W/ResourceType(10355): No known package when getting name for resource number 0xffffffff
W/ResourceType(10355): No known package when getting name for resource number 0xffffffff
W/ResourceType(10355): No known package when getting name for resource number 0xffffffff
W/ResourceType(10355): No known package when getting name for resource number 0xffffffff
W/ResourceType(10355): No known package when getting name for resource number 0xffffffff
W/ResourceType(10355): No known package when getting name for resource number 0xffffffff
W/ResourceType(10355): No known package when getting name for resource number 0xffffffff
D/Mono    (10355): DllImport searching in: '__Internal' ('(null)').
D/Mono    (10355): Searching for 'java_interop_jnienv_set_int_field'.
D/Mono    (10355): Probing 'java_interop_jnienv_set_int_field'.
D/Mono    (10355): Found as 'java_interop_jnienv_set_int_field'.
I/System.out(10355): URI: /map
I/System.out(10355): params: {json={"query":"* marked:'Job 1'","operation":{"method_name":"query","arguments":[]}}
I/System.out(10355): }
E/RecyclerView(10355): No adapter attached; skipping layout
W/art     (10355): JNI RegisterNativeMethods: attempt to register 0 native methods for md539c3d548fb000cea9f34163fa7e112ea.JobResultViewHolder
W/art     (10355): JNI RegisterNativeMethods: attempt to register 0 native methods for md543b91ad655f5c020e54c78f692da973f.SnapshotView
W/ResourceType(10355): No known package when getting name for resource number 0xffffffff
W/ResourceType(10355): No known package when getting name for resource number 0xffffffff
W/ResourceType(10355): No known package when getting name for resource number 0xffffffff
W/ResourceType(10355): No known package when getting name for resource number 0xffffffff
W/ResourceType(10355): No known package when getting name for resource number 0xffffffff
W/ResourceType(10355): No known package when getting name for resource number 0xffffffff
W/ResourceType(10355): No known package when getting name for resource number 0xffffffff
W/ResourceType(10355): No known package when getting name for resource number 0xffffffff
W/ResourceType(10355): No known package when getting name for resource number 0xffffffff
W/ResourceType(10355): No known package when getting name for resource number 0xffffffff
W/ResourceType(10355): No known package when getting name for resource number 0xffffffff
W/ResourceType(10355): No known package when getting name for resource number 0xffffffff
W/ResourceType(10355): No known package when getting name for resource number 0xffffffff
W/ResourceType(10355): No known package when getting name for resource number 0xffffffff
W/ResourceType(10355): No known package when getting name for resource number 0xffffffff
W/ResourceType(10355): No known package when getting name for resource number 0xffffffff
W/ResourceType(10355): No known package when getting name for resource number 0xffffffff
W/ResourceType(10355): No known package when getting name for resource number 0xffffffff
W/ResourceType(10355): No known package when getting name for resource number 0xffffffff
W/ResourceType(10355): No known package when getting name for resource number 0xffffffff
W/ResourceType(10355): No known package when getting name for resource number 0xffffffff
W/ResourceType(10355): No known package when getting name for resource number 0xffffffff
W/ResourceType(10355): No known package when getting name for resource number 0xffffffff
W/ResourceType(10355): No known package when getting name for resource number 0xffffffff
W/ResourceType(10355): No known package when getting name for resource number 0xffffffff
W/ResourceType(10355): No known package when getting name for resource number 0xffffffff
W/ResourceType(10355): No known package when getting name for resource number 0xffffffff
W/ResourceType(10355): No known package when getting name for resource number 0xffffffff
W/ResourceType(10355): No known package when getting name for resource number 0xffffffff
W/ResourceType(10355): No known package when getting name for resource number 0xffffffff
W/ResourceType(10355): No known package when getting name for resource number 0xffffffff
W/ResourceType(10355): No known package when getting name for resource number 0xffffffff
W/ResourceType(10355): No known package when getting name for resource number 0xffffffff
W/ResourceType(10355): No known package when getting name for resource number 0xffffffff
W/ResourceType(10355): No known package when getting name for resource number 0xffffffff
W/ResourceType(10355): No known package when getting name for resource number 0xffffffff
W/ResourceType(10355): No known package when getting name for resource number 0xffffffff
W/ResourceType(10355): No known package when getting name for resource number 0xffffffff
W/ResourceType(10355): No known package when getting name for resource number 0xffffffff
W/ResourceType(10355): No known package when getting name for resource number 0xffffffff
W/ResourceType(10355): No known package when getting name for resource number 0xffffffff
W/ResourceType(10355): No known package when getting name for resource number 0xffffffff
W/ResourceType(10355): No known package when getting name for resource number 0xffffffff
W/ResourceType(10355): No known package when getting name for resource number 0xffffffff
W/ResourceType(10355): No known package when getting name for resource number 0xffffffff
W/ResourceType(10355): No known package when getting name for resource number 0xffffffff
W/ResourceType(10355): No known package when getting name for resource number 0xffffffff
W/ResourceType(10355): No known package when getting name for resource number 0xffffffff
W/ResourceType(10355): No known package when getting name for resource number 0xffffffff
W/ResourceType(10355): No known package when getting name for resource number 0xffffffff
W/ResourceType(10355): No known package when getting name for resource number 0xffffffff
W/ResourceType(10355): No known package when getting name for resource number 0xffffffff
W/ResourceType(10355): No known package when getting name for resource number 0xffffffff
W/ResourceType(10355): No known package when getting name for resource number 0xffffffff
W/ResourceType(10355): No known package when getting name for resource number 0xffffffff
W/ResourceType(10355): No known package when getting name for resource number 0xffffffff
W/ResourceType(10355): No known package when getting name for resource number 0xffffffff
W/ResourceType(10355): No known package when getting name for resource number 0xffffffff
W/ResourceType(10355): No known package when getting name for resource number 0xffffffff
W/ResourceType(10355): No known package when getting name for resource number 0xffffffff
W/ResourceType(10355): No known package when getting name for resource number 0xffffffff
W/ResourceType(10355): No known package when getting name for resource number 0xffffffff
W/ResourceType(10355): No known package when getting name for resource number 0xffffffff
W/ResourceType(10355): No known package when getting name for resource number 0xffffffff
W/ResourceType(10355): No known package when getting name for resource number 0xffffffff
W/ResourceType(10355): No known package when getting name for resource number 0xffffffff
I/System.out(10355): URI: /map
I/System.out(10355): params: {json={"query":"* marked:'Job 1'","operation":{"method_name":"query","arguments":[]}}
I/System.out(10355): }
W/ResourceType(10355): No known package when getting name for resource number 0xffffffff
W/ResourceType(10355): No known package when getting name for resource number 0xffffffff
W/ResourceType(10355): No known package when getting name for resource number 0xffffffff
W/ResourceType(10355): No known package when getting name for resource number 0xffffffff
W/ResourceType(10355): No known package when getting name for resource number 0xffffffff
W/ResourceType(10355): No known package when getting name for resource number 0xffffffff
W/ResourceType(10355): No known package when getting name for resource number 0xffffffff
W/ResourceType(10355): No known package when getting name for resource number 0xffffffff
W/ResourceType(10355): No known package when getting name for resource number 0xffffffff
W/ResourceType(10355): No known package when getting name for resource number 0xffffffff
W/ResourceType(10355): No known package when getting name for resource number 0xffffffff
W/ResourceType(10355): No known package when getting name for resource number 0xffffffff
W/ResourceType(10355): No known package when getting name for resource number 0xffffffff
W/ResourceType(10355): No known package when getting name for resource number 0xffffffff
W/ResourceType(10355): No known package when getting name for resource number 0xffffffff
W/ResourceType(10355): No known package when getting name for resource number 0xffffffff
W/ResourceType(10355): No known package when getting name for resource number 0xffffffff
W/ResourceType(10355): No known package when getting name for resource number 0xffffffff
W/ResourceType(10355): No known package when getting name for resource number 0xffffffff
W/ResourceType(10355): No known package when getting name for resource number 0xffffffff
W/ResourceType(10355): No known package when getting name for resource number 0xffffffff
W/ResourceType(10355): No known package when getting name for resource number 0xffffffff
W/ResourceType(10355): No known package when getting name for resource number 0xffffffff
W/ResourceType(10355): No known package when getting name for resource number 0xffffffff
W/ResourceType(10355): No known package when getting name for resource number 0xffffffff
W/ResourceType(10355): No known package when getting name for resource number 0xffffffff
W/ResourceType(10355): No known package when getting name for resource number 0xffffffff
W/ResourceType(10355): No known package when getting name for resource number 0xffffffff
W/ResourceType(10355): No known package when getting name for resource number 0xffffffff
W/ResourceType(10355): No known package when getting name for resource number 0xffffffff
W/ResourceType(10355): No known package when getting name for resource number 0xffffffff
W/ResourceType(10355): No known package when getting name for resource number 0xffffffff
W/ResourceType(10355): No known package when getting name for resource number 0xffffffff
W/ResourceType(10355): No known package when getting name for resource number 0xffffffff
W/ResourceType(10355): No known package when getting name for resource number 0xffffffff
W/ResourceType(10355): No known package when getting name for resource number 0xffffffff
W/ResourceType(10355): No known package when getting name for resource number 0xffffffff
W/ResourceType(10355): No known package when getting name for resource number 0xffffffff
W/ResourceType(10355): No known package when getting name for resource number 0xffffffff
W/ResourceType(10355): No known package when getting name for resource number 0xffffffff
W/ResourceType(10355): No known package when getting name for resource number 0xffffffff
W/ResourceType(10355): No known package when getting name for resource number 0xffffffff
W/ResourceType(10355): No known package when getting name for resource number 0xffffffff
W/ResourceType(10355): No known package when getting name for resource number 0xffffffff
W/ResourceType(10355): No known package when getting name for resource number 0xffffffff
W/ResourceType(10355): No known package when getting name for resource number 0xffffffff
W/ResourceType(10355): No known package when getting name for resource number 0xffffffff
W/ResourceType(10355): No known package when getting name for resource number 0xffffffff
W/ResourceType(10355): No known package when getting name for resource number 0xffffffff
W/ResourceType(10355): No known package when getting name for resource number 0xffffffff
W/ResourceType(10355): No known package when getting name for resource number 0xffffffff
W/ResourceType(10355): No known package when getting name for resource number 0xffffffff
W/ResourceType(10355): No known package when getting name for resource number 0xffffffff
W/ResourceType(10355): No known package when getting name for resource number 0xffffffff
W/ResourceType(10355): No known package when getting name for resource number 0xffffffff
W/ResourceType(10355): No known package when getting name for resource number 0xffffffff
W/ResourceType(10355): No known package when getting name for resource number 0xffffffff
W/ResourceType(10355): No known package when getting name for resource number 0xffffffff
W/ResourceType(10355): No known package when getting name for resource number 0xffffffff
W/ResourceType(10355): No known package when getting name for resource number 0xffffffff
W/ResourceType(10355): No known package when getting name for resource number 0xffffffff
W/ResourceType(10355): No known package when getting name for resource number 0xffffffff
W/ResourceType(10355): No known package when getting name for resource number 0xffffffff
W/ResourceType(10355): No known package when getting name for resource number 0xffffffff
W/ResourceType(10355): No known package when getting name for resource number 0xffffffff
W/ResourceType(10355): No known package when getting name for resource number 0xffffffff
I/System.out(10355): URI: /
I/System.out(10355): params: {json={"command":"touch_coordinate","arguments":[683.0,777.0]}
I/System.out(10355): }
I/System.out(10355): header: {content-length=56, host=devicehost5.prod, x-session-token=token-token-ee952511-192a-419d-a72f-8e2840fd5f36, x-forwarded-for=10.222.150.15, content-type=application/json; charset=utf-8, connection=close}
I/System.out(10355): params: {json={"command":"touch_coordinate","arguments":[683.0,777.0]}
I/System.out(10355): }
I/System.out(10355): ProP json = {"command":"touch_coordinate","arguments":[683.0,777.0]}
I/System.out(10355): files: {}
I/System.out(10355): command: {"command":"touch_coordinate","arguments":[683.0,777.0]}
I/InstrumentationBackend(10355): Got command:'Command:'Line:null,touch_coordinate', arguments:'[683.0, 777.0]'
D/audio_hw_primary(  512): out_set_parameters: enter: usecase(1: low-latency-playback) kvpairs: routing=2
D/audio_hw_primary(  512): select_devices: out_snd_device(2: speaker) in_snd_device(0: none)
D/msm8974_platform(  512): platform_send_audio_calibration: sending audio calibration for snd_device(2) acdb_id(15)
I/soundtrigger(  512): audio_extn_sound_trigger_update_device_status: device 0x2 of type 0 for Event 1
D/Mono    (10355): Assembly Ref addref CareerBuilder_Search.Droid[0xeb82d080] -> Xamarin.Android.Support.v7.CardView[0xeb82dc80]: 2
D/audio_hw_primary(  512): enable_snd_device: snd_device(2: speaker)
D/audio_hw_primary(  512): enable_audio_route: apply and update mixer path: low-latency-playback speaker
I/calabash(10355): execStartActivity 4
I/ActivityManager(  923): START u0 {cmp=com.careerbuilder.SugarDrone/md5a4824aa66c0dc4d104077b72c1916a44.JobDisplayPageActivity (has extras)} from uid 14279 on display 0
I/calabash(10355): newActivity1
I/WebViewFactory(10355): Loading com.google.android.webview version 44.0.2403.117 (code 246011750)
I/System.out(10355): result:{"bonusInformation":[],"message":"","success":true}
W/System  (10355): ClassLoader referenced unknown path: /system/app/WebViewGoogle/lib/arm
I/LibraryLoader(10355): Time to load native libraries: 64 ms (timestamps 1402-1466)
I/LibraryLoader(10355): Expected native library version number "",actual native library version number ""
V/WebViewChromiumFactoryProvider(10355): Binding Chromium to main looper Looper (main, tid 1) {bcff2ba}
I/LibraryLoader(10355): Expected native library version number "",actual native library version number ""
I/chromium(10355): [INFO:library_loader_hooks.cc(120)] Chromium logging enabled: level = 0, default verbosity = 0
I/BrowserStartupController(10355): Initializing chromium process, singleProcess=true
W/art     (10355): Attempt to remove non-JNI local reference, dumping thread
E/SysUtils(10355): ApplicationContext is null in ApplicationStatus
I/System.out(10355): URI: /map
I/System.out(10355): params: {json={"query":"* marked:'requirementsCard'","operation":{"method_name":"query","arguments":[]}}
I/System.out(10355): }
W/chromium(10355): [WARNING:resource_bundle.cc(285)] locale_file_path.empty()
E/libEGL  (10355): validate_display:255 error 3008 (EGL_BAD_DISPLAY)
E/libEGL  (10355): validate_display:255 error 3008 (EGL_BAD_DISPLAY)
W/AudioManagerAndroid(10355): Requires BLUETOOTH permission
D/Mono    (10355): Unloading image System.Runtime.Extensions.dll [0xd8f9f800].
D/Mono    (10355): Image addref System.Runtime.Extensions[0xd68a9600] -> System.Runtime.Extensions.dll[0xda2b1f00]: 8
D/Mono    (10355): Config attempting to parse: 'System.Runtime.Extensions.dll.config'.
D/Mono    (10355): Config attempting to parse: '/Users/builder/data/lanes/4009/f3074d2c/source/monodroid/builds/install/mono-armv6/etc/mono/assemblies/System.Runtime.Extensions/System.Runtime.Extensions.config'.
D/Mono    (10355): Assembly Ref addref CareerBuilder_Search[0xeb82e0a0] -> System.Runtime.Extensions[0xef196c00]: 6
I/mono-stdout(10355): uri is: https://api.careerbuilder.com/v3/job?DID=job1&outputjson=true&ShowApplyRequirements=true&DeveloperKey=WDHR8FC6P2JZ1Y61KLM5
I/mono-stdout(10355): making api call to: /v3/job?DID=job1&outputjson=true&ShowApplyRequirements=true&DeveloperKey=WDHR8FC6P2JZ1Y61KLM5
D/audio_hw_primary(  512): disable_audio_route: reset and update mixer path: low-latency-playback speaker
D/audio_hw_primary(  512): disable_snd_device: snd_device(2: speaker)
I/soundtrigger(  512): audio_extn_sound_trigger_update_device_status: device 0x2 of type 0 for Event 0
I/mono-stdout(10355): uri is: https://api.careerbuilder.com/consumer/saved-jobs/?DeveloperKey=WDHR8FC6P2JZ1Y61KLM5
I/mono-stdout(10355): making api call to: /consumer/saved-jobs/?DeveloperKey=WDHR8FC6P2JZ1Y61KLM5
I/mono-stdout(10355): Method: GET, RequestUri: 'https://api.careerbuilder.com/consumer/saved-jobs/?DeveloperKey=WDHR8FC6P2JZ1Y61KLM5', Version: 1.1, Content: <null>, Headers:

I/mono-stdout(10355): {

I/mono-stdout(10355): DeveloperKey: WDHR8FC6P2JZ1Y61KLM5

I/mono-stdout(10355): Accept: application/json

I/mono-stdout(10355): Authorization: Bearer test

I/mono-stdout(10355): HostSite: US

I/mono-stdout(10355): }
I/mono-stdout(10355): Current State = 1,2,6,7
I/mono-stdout(10355): applied jobs = 6
I/mono-stdout(10355): expired jobs = 7
I/mono-stdout(10355): saved jobs = Saved,Saved,Applied,Saved
W/ResourceType(10355): No known package when getting name for resource number 0xffffffff
W/ResourceType(10355): No known package when getting name for resource number 0xffffffff
W/ResourceType(10355): No known package when getting name for resource number 0xffffffff
I/ActivityManager(  923): Displayed com.careerbuilder.SugarDrone/md5a4824aa66c0dc4d104077b72c1916a44.JobDisplayPageActivity: +592ms
W/ResourceType(10355): No known package when getting name for resource number 0xffffffff
I/Keyboard.Facilitator( 3483): onFinishInput()
W/ResourceType(10355): No known package when getting name for resource number 0xffffffff
W/ResourceType(10355): No known package when getting name for resource number 0xffffffff
W/ResourceType(10355): No known package when getting name for resource number 0xffffffff
W/ResourceType(10355): No known package when getting name for resource number 0xffffffff
W/ResourceType(10355): No known package when getting name for resource number 0xffffffff
W/ResourceType(10355): No known package when getting name for resource number 0xffffffff
W/ResourceType(10355): No known package when getting name for resource number 0xffffffff
W/ResourceType(10355): No known package when getting name for resource number 0xffffffff
W/ResourceType(10355): No known package when getting name for resource number 0xffffffff
W/ResourceType(10355): No known package when getting name for resource number 0xffffffff
W/ResourceType(10355): No known package when getting name for resource number 0xffffffff
W/ResourceType(10355): No known package when getting name for resource number 0xffffffff
W/ResourceType(10355): No known package when getting name for resource number 0xffffffff
W/ResourceType(10355): No known package when getting name for resource number 0xffffffff
W/ResourceType(10355): No known package when getting name for resource number 0xffffffff
W/ResourceType(10355): No known package when getting name for resource number 0xffffffff
W/ResourceType(10355): No known package when getting name for resource number 0xffffffff
W/ResourceType(10355): No known package when getting name for resource number 0xffffffff
W/ResourceType(10355): No known package when getting name for resource number 0xffffffff
W/ResourceType(10355): No known package when getting name for resource number 0xffffffff
W/ResourceType(10355): No known package when getting name for resource number 0xffffffff
W/ResourceType(10355): No known package when getting name for resource number 0xffffffff
W/ResourceType(10355): No known package when getting name for resource number 0xffffffff
W/ResourceType(10355): No known package when getting name for resource number 0xffffffff
W/ResourceType(10355): No known package when getting name for resource number 0xffffffff
W/ResourceType(10355): No known package when getting name for resource number 0xffffffff
W/ResourceType(10355): No known package when getting name for resource number 0xffffffff
W/ResourceType(10355): No known package when getting name for resource number 0xffffffff
W/ResourceType(10355): No known package when getting name for resource number 0xffffffff
W/ResourceType(10355): No known package when getting name for resource number 0xffffffff
W/ResourceType(10355): No known package when getting name for resource number 0xffffffff
W/ResourceType(10355): No known package when getting name for resource number 0xffffffff
W/ResourceType(10355): No known package when getting name for resource number 0xffffffff
W/ResourceType(10355): No known package when getting name for resource number 0xffffffff
W/ResourceType(10355): No known package when getting name for resource number 0xffffffff
W/ResourceType(10355): No known package when getting name for resource number 0xffffffff
W/ResourceType(10355): No known package when getting name for resource number 0xffffffff
W/ResourceType(10355): No known package when getting name for resource number 0xffffffff
W/ResourceType(10355): No known package when getting name for resource number 0xffffffff
W/ResourceType(10355): No known package when getting name for resource number 0xffffffff
W/ResourceType(10355): No known package when getting name for resource number 0xffffffff
W/ResourceType(10355): No known package when getting name for resource number 0xffffffff
W/ResourceType(10355): No known package when getting name for resource number 0xffffffff
W/ResourceType(10355): No known package when getting name for resource number 0xffffffff
W/ResourceType(10355): No known package when getting name for resource number 0xffffffff
W/ResourceType(10355): No known package when getting name for resource number 0xffffffff
W/ResourceType(10355): No known package when getting name for resource number 0xffffffff
W/ResourceType(10355): No known package when getting name for resource number 0xffffffff
W/ResourceType(10355): No known package when getting name for resource number 0xffffffff
W/ResourceType(10355): No known package when getting name for resource number 0xffffffff
W/ResourceType(10355): No known package when getting name for resource number 0xffffffff
W/ResourceType(10355): No known package when getting name for resource number 0xffffffff
