D/audio_hw_primary(  512): select_devices: out_snd_device(2: speaker) in_snd_device(0: none)
D/msm8974_platform(  512): platform_send_audio_calibration: sending audio calibration for snd_device(2) acdb_id(15)
I/soundtrigger(  512): audio_extn_sound_trigger_update_device_status: device 0x2 of type 0 for Event 1
I/mono-stdout( 9832): uri is: https://api.careerbuilder.com/consumer/saved-jobs/save1?DeveloperKey=WDHR8FC6P2JZ1Y61KLM5
I/mono-stdout( 9832): making api call to: /consumer/saved-jobs/save1?DeveloperKey=WDHR8FC6P2JZ1Y61KLM5
I/mono-stdout( 9832): Method: DELETE, RequestUri: 'https://api.careerbuilder.com/consumer/saved-jobs/save1?DeveloperKey=WDHR8FC6P2JZ1Y61KLM5', Version: 1.1, Content: <null>, Headers:

I/mono-stdout( 9832): {

I/mono-stdout( 9832): DeveloperKey: WDHR8FC6P2JZ1Y61KLM5

I/mono-stdout( 9832): Accept: application/json

I/mono-stdout( 9832): Authorization: Bearer test

I/mono-stdout( 9832): HostSite: US

I/mono-stdout( 9832): }
I/mono-stdout( 9832): Currently in savejobdelete stub
D/audio_hw_primary(  512): enable_snd_device: snd_device(2: speaker)
D/audio_hw_primary(  512): enable_audio_route: apply and update mixer path: low-latency-playback speaker
I/System.out( 9832): result:{"bonusInformation":[],"message":"","success":true}
I/System.out( 9832): URI: /map
I/System.out( 9832): params: {json={"query":"* marked:'Job is not saved.'","operation":{"method_name":"query","arguments":[]}}
I/System.out( 9832): }
W/ResourceType( 9832): No known package when getting name for resource number 0xffffffff
W/ResourceType( 9832): No known package when getting name for resource number 0xffffffff
W/ResourceType( 9832): No known package when getting name for resource number 0xffffffff
W/ResourceType( 9832): No known package when getting name for resource number 0xffffffff
W/ResourceType( 9832): No known package when getting name for resource number 0xffffffff
W/ResourceType( 9832): No known package when getting name for resource number 0xffffffff
W/ResourceType( 9832): No known package when getting name for resource number 0xffffffff
W/ResourceType( 9832): No known package when getting name for resource number 0xffffffff
W/ResourceType( 9832): No known package when getting name for resource number 0xffffffff
W/ResourceType( 9832): No known package when getting name for resource number 0xffffffff
W/ResourceType( 9832): No known package when getting name for resource number 0xffffffff
W/ResourceType( 9832): No known package when getting name for resource number 0xffffffff
W/ResourceType( 9832): No known package when getting name for resource number 0xffffffff
W/ResourceType( 9832): No known package when getting name for resource number 0xffffffff
W/ResourceType( 9832): No known package when getting name for resource number 0xffffffff
W/ResourceType( 9832): No known package when getting name for resource number 0xffffffff
W/ResourceType( 9832): No known package when getting name for resource number 0xffffffff
W/ResourceType( 9832): No known package when getting name for resource number 0xffffffff
W/ResourceType( 9832): No known package when getting name for resource number 0xffffffff
W/ResourceType( 9832): No known package when getting name for resource number 0xffffffff
W/ResourceType( 9832): No known package when getting name for resource number 0xffffffff
W/ResourceType( 9832): No known package when getting name for resource number 0xffffffff
W/ResourceType( 9832): No known package when getting name for resource number 0xffffffff
W/ResourceType( 9832): No known package when getting name for resource number 0xffffffff
W/ResourceType( 9832): No known package when getting name for resource number 0xffffffff
W/ResourceType( 9832): No known package when getting name for resource number 0xffffffff
W/ResourceType( 9832): No known package when getting name for resource number 0xffffffff
W/ResourceType( 9832): No known package when getting name for resource number 0xffffffff
W/ResourceType( 9832): No known package when getting name for resource number 0xffffffff
W/ResourceType( 9832): No known package when getting name for resource number 0xffffffff
W/ResourceType( 9832): No known package when getting name for resource number 0xffffffff
W/ResourceType( 9832): No known package when getting name for resource number 0xffffffff
W/ResourceType( 9832): No known package when getting name for resource number 0xffffffff
W/ResourceType( 9832): No known package when getting name for resource number 0xffffffff
W/ResourceType( 9832): No known package when getting name for resource number 0xffffffff
W/ResourceType( 9832): No known package when getting name for resource number 0xffffffff
W/ResourceType( 9832): No known package when getting name for resource number 0xffffffff
W/ResourceType( 9832): No known package when getting name for resource number 0xffffffff
W/ResourceType( 9832): No known package when getting name for resource number 0xffffffff
W/ResourceType( 9832): No known package when getting name for resource number 0xffffffff
W/ResourceType( 9832): No known package when getting name for resource number 0xffffffff
W/ResourceType( 9832): No known package when getting name for resource number 0xffffffff
W/ResourceType( 9832): No known package when getting name for resource number 0xffffffff
W/ResourceType( 9832): No known package when getting name for resource number 0xffffffff
W/ResourceType( 9832): No known package when getting name for resource number 0xffffffff
W/ResourceType( 9832): No known package when getting name for resource number 0xffffffff
W/ResourceType( 9832): No known package when getting name for resource number 0xffffffff
W/ResourceType( 9832): No known package when getting name for resource number 0xffffffff
W/ResourceType( 9832): No known package when getting name for resource number 0xffffffff
W/ResourceType( 9832): No known package when getting name for resource number 0xffffffff
W/ResourceType( 9832): No known package when getting name for resource number 0xffffffff
W/ResourceType( 9832): No known package when getting name for resource number 0xffffffff
W/ResourceType( 9832): No known package when getting name for resource number 0xffffffff
W/ResourceType( 9832): No known package when getting name for resource number 0xffffffff
W/ResourceType( 9832): No known package when getting name for resource number 0xffffffff
W/ResourceType( 9832): No known package when getting name for resource number 0xffffffff
W/ResourceType( 9832): No known package when getting name for resource number 0xffffffff
W/ResourceType( 9832): No known package when getting name for resource number 0xffffffff
W/ResourceType( 9832): No known package when getting name for resource number 0xffffffff
W/ResourceType( 9832): No known package when getting name for resource number 0xffffffff
W/ResourceType( 9832): No known package when getting name for resource number 0xffffffff
W/ResourceType( 9832): No known package when getting name for resource number 0xffffffff
W/ResourceType( 9832): No known package when getting name for resource number 0xffffffff
W/ResourceType( 9832): No known package when getting name for resource number 0xffffffff
W/ResourceType( 9832): No known package when getting name for resource number 0xffffffff
W/ResourceType( 9832): No known package when getting name for resource number 0xffffffff
W/ResourceType( 9832): No known package when getting name for resource number 0xffffffff
W/ResourceType( 9832): No known package when getting name for resource number 0xffffffff
W/ResourceType( 9832): No known package when getting name for resource number 0xffffffff
W/ResourceType( 9832): No known package when getting name for resource number 0xffffffff
W/ResourceType( 9832): No known package when getting name for resource number 0xffffffff
W/ResourceType( 9832): No known package when getting name for resource number 0xffffffff
W/ResourceType( 9832): No known package when getting name for resource number 0xffffffff
W/ResourceType( 9832): No known package when getting name for resource number 0xffffffff
W/ResourceType( 9832): No known package when getting name for resource number 0xffffffff
W/ResourceType( 9832): No known package when getting name for resource number 0xffffffff
I/mono-stdout( 9832): done making call to: /consumer/saved-jobs/save1?DeveloperKey=WDHR8FC6P2JZ1Y61KLM5
D/audio_hw_primary(  512): disable_audio_route: reset and update mixer path: low-latency-playback speaker
D/audio_hw_primary(  512): disable_snd_device: snd_device(2: speaker)
I/soundtrigger(  512): audio_extn_sound_trigger_update_device_status: device 0x2 of type 0 for Event 0
I/System.out( 9832): URI: /map
I/System.out( 9832): params: {json={"query":"* marked:'Job is not saved.'","operation":{"method_name":"query","arguments":[]}}
I/System.out( 9832): }
W/ResourceType( 9832): No known package when getting name for resource number 0xffffffff
W/ResourceType( 9832): No known package when getting name for resource number 0xffffffff
W/ResourceType( 9832): No known package when getting name for resource number 0xffffffff
W/ResourceType( 9832): No known package when getting name for resource number 0xffffffff
W/ResourceType( 9832): No known package when getting name for resource number 0xffffffff
W/ResourceType( 9832): No known package when getting name for resource number 0xffffffff
W/ResourceType( 9832): No known package when getting name for resource number 0xffffffff
W/ResourceType( 9832): No known package when getting name for resource number 0xffffffff
W/ResourceType( 9832): No known package when getting name for resource number 0xffffffff
W/ResourceType( 9832): No known package when getting name for resource number 0xffffffff
W/ResourceType( 9832): No known package when getting name for resource number 0xffffffff
W/ResourceType( 9832): No known package when getting name for resource number 0xffffffff
W/ResourceType( 9832): No known package when getting name for resource number 0xffffffff
W/ResourceType( 9832): No known package when getting name for resource number 0xffffffff
W/ResourceType( 9832): No known package when getting name for resource number 0xffffffff
W/ResourceType( 9832): No known package when getting name for resource number 0xffffffff
W/ResourceType( 9832): No known package when getting name for resource number 0xffffffff
W/ResourceType( 9832): No known package when getting name for resource number 0xffffffff
W/ResourceType( 9832): No known package when getting name for resource number 0xffffffff
W/ResourceType( 9832): No known package when getting name for resource number 0xffffffff
W/ResourceType( 9832): No known package when getting name for resource number 0xffffffff
W/ResourceType( 9832): No known package when getting name for resource number 0xffffffff
W/ResourceType( 9832): No known package when getting name for resource number 0xffffffff
W/ResourceType( 9832): No known package when getting name for resource number 0xffffffff
W/ResourceType( 9832): No known package when getting name for resource number 0xffffffff
W/ResourceType( 9832): No known package when getting name for resource number 0xffffffff
W/ResourceType( 9832): No known package when getting name for resource number 0xffffffff
W/ResourceType( 9832): No known package when getting name for resource number 0xffffffff
W/ResourceType( 9832): No known package when getting name for resource number 0xffffffff
W/ResourceType( 9832): No known package when getting name for resource number 0xffffffff
W/ResourceType( 9832): No known package when getting name for resource number 0xffffffff
W/ResourceType( 9832): No known package when getting name for resource number 0xffffffff
W/ResourceType( 9832): No known package when getting name for resource number 0xffffffff
W/ResourceType( 9832): No known package when getting name for resource number 0xffffffff
W/ResourceType( 9832): No known package when getting name for resource number 0xffffffff
W/ResourceType( 9832): No known package when getting name for resource number 0xffffffff
W/ResourceType( 9832): No known package when getting name for resource number 0xffffffff
W/ResourceType( 9832): No known package when getting name for resource number 0xffffffff
W/ResourceType( 9832): No known package when getting name for resource number 0xffffffff
W/ResourceType( 9832): No known package when getting name for resource number 0xffffffff
W/ResourceType( 9832): No known package when getting name for resource number 0xffffffff
W/ResourceType( 9832): No known package when getting name for resource number 0xffffffff
W/ResourceType( 9832): No known package when getting name for resource number 0xffffffff
W/ResourceType( 9832): No known package when getting name for resource number 0xffffffff
W/ResourceType( 9832): No known package when getting name for resource number 0xffffffff
W/ResourceType( 9832): No known package when getting name for resource number 0xffffffff
W/ResourceType( 9832): No known package when getting name for resource number 0xffffffff
W/ResourceType( 9832): No known package when getting name for resource number 0xffffffff
W/ResourceType( 9832): No known package when getting name for resource number 0xffffffff
W/ResourceType( 9832): No known package when getting name for resource number 0xffffffff
W/ResourceType( 9832): No known package when getting name for resource number 0xffffffff
W/ResourceType( 9832): No known package when getting name for resource number 0xffffffff
W/ResourceType( 9832): No known package when getting name for resource number 0xffffffff
W/ResourceType( 9832): No known package when getting name for resource number 0xffffffff
W/ResourceType( 9832): No known package when getting name for resource number 0xffffffff
W/ResourceType( 9832): No known package when getting name for resource number 0xffffffff
W/ResourceType( 9832): No known package when getting name for resource number 0xffffffff
W/ResourceType( 9832): No known package when getting name for resource number 0xffffffff
W/ResourceType( 9832): No known package when getting name for resource number 0xffffffff
W/ResourceType( 9832): No known package when getting name for resource number 0xffffffff
W/ResourceType( 9832): No known package when getting name for resource number 0xffffffff
W/ResourceType( 9832): No known package when getting name for resource number 0xffffffff
W/ResourceType( 9832): No known package when getting name for resource number 0xffffffff
W/ResourceType( 9832): No known package when getting name for resource number 0xffffffff
W/ResourceType( 9832): No known package when getting name for resource number 0xffffffff
W/ResourceType( 9832): No known package when getting name for resource number 0xffffffff
W/ResourceType( 9832): No known package when getting name for resource number 0xffffffff
W/ResourceType( 9832): No known package when getting name for resource number 0xffffffff
W/ResourceType( 9832): No known package when getting name for resource number 0xffffffff
W/ResourceType( 9832): No known package when getting name for resource number 0xffffffff
W/ResourceType( 9832): No known package when getting name for resource number 0xffffffff
W/ResourceType( 9832): No known package when getting name for resource number 0xffffffff
W/ResourceType( 9832): No known package when getting name for resource number 0xffffffff
W/ResourceType( 9832): No known package when getting name for resource number 0xffffffff
W/ResourceType( 9832): No known package when getting name for resource number 0xffffffff
W/ResourceType( 9832): No known package when getting name for resource number 0xffffffff
W/ResourceType( 9832): No known package when getting name for resource number 0xffffffff
I/System.out( 9832): URI: /map
I/System.out( 9832): params: {json={"query":"* marked:'Job is not saved.'","operation":{"method_name":"query","arguments":[]}}
I/System.out( 9832): }
W/ResourceType( 9832): No known package when getting name for resource number 0xffffffff
W/ResourceType( 9832): No known package when getting name for resource number 0xffffffff
W/ResourceType( 9832): No known package when getting name for resource number 0xffffffff
W/ResourceType( 9832): No known package when getting name for resource number 0xffffffff
W/ResourceType( 9832): No known package when getting name for resource number 0xffffffff
W/ResourceType( 9832): No known package when getting name for resource number 0xffffffff
W/ResourceType( 9832): No known package when getting name for resource number 0xffffffff
W/ResourceType( 9832): No known package when getting name for resource number 0xffffffff
W/ResourceType( 9832): No known package when getting name for resource number 0xffffffff
W/ResourceType( 9832): No known package when getting name for resource number 0xffffffff
W/ResourceType( 9832): No known package when getting name for resource number 0xffffffff
W/ResourceType( 9832): No known package when getting name for resource number 0xffffffff
W/ResourceType( 9832): No known package when getting name for resource number 0xffffffff
W/ResourceType( 9832): No known package when getting name for resource number 0xffffffff
W/ResourceType( 9832): No known package when getting name for resource number 0xffffffff
W/ResourceType( 9832): No known package when getting name for resource number 0xffffffff
W/ResourceType( 9832): No known package when getting name for resource number 0xffffffff
W/ResourceType( 9832): No known package when getting name for resource number 0xffffffff
W/ResourceType( 9832): No known package when getting name for resource number 0xffffffff
W/ResourceType( 9832): No known package when getting name for resource number 0xffffffff
W/ResourceType( 9832): No known package when getting name for resource number 0xffffffff
W/ResourceType( 9832): No known package when getting name for resource number 0xffffffff
W/ResourceType( 9832): No known package when getting name for resource number 0xffffffff
W/ResourceType( 9832): No known package when getting name for resource number 0xffffffff
W/ResourceType( 9832): No known package when getting name for resource number 0xffffffff
W/ResourceType( 9832): No known package when getting name for resource number 0xffffffff
W/ResourceType( 9832): No known package when getting name for resource number 0xffffffff
W/ResourceType( 9832): No known package when getting name for resource number 0xffffffff
W/ResourceType( 9832): No known package when getting name for resource number 0xffffffff
W/ResourceType( 9832): No known package when getting name for resource number 0xffffffff
W/ResourceType( 9832): No known package when getting name for resource number 0xffffffff
W/ResourceType( 9832): No known package when getting name for resource number 0xffffffff
W/ResourceType( 9832): No known package when getting name for resource number 0xffffffff
W/ResourceType( 9832): No known package when getting name for resource number 0xffffffff
W/ResourceType( 9832): No known package when getting name for resource number 0xffffffff
W/ResourceType( 9832): No known package when getting name for resource number 0xffffffff
W/ResourceType( 9832): No known package when getting name for resource number 0xffffffff
W/ResourceType( 9832): No known package when getting name for resource number 0xffffffff
W/ResourceType( 9832): No known package when getting name for resource number 0xffffffff
W/ResourceType( 9832): No known package when getting name for resource number 0xffffffff
W/ResourceType( 9832): No known package when getting name for resource number 0xffffffff
W/ResourceType( 9832): No known package when getting name for resource number 0xffffffff
W/ResourceType( 9832): No known package when getting name for resource number 0xffffffff
W/ResourceType( 9832): No known package when getting name for resource number 0xffffffff
W/ResourceType( 9832): No known package when getting name for resource number 0xffffffff
W/ResourceType( 9832): No known package when getting name for resource number 0xffffffff
W/ResourceType( 9832): No known package when getting name for resource number 0xffffffff
W/ResourceType( 9832): No known package when getting name for resource number 0xffffffff
W/ResourceType( 9832): No known package when getting name for resource number 0xffffffff
W/ResourceType( 9832): No known package when getting name for resource number 0xffffffff
W/ResourceType( 9832): No known package when getting name for resource number 0xffffffff
W/ResourceType( 9832): No known package when getting name for resource number 0xffffffff
W/ResourceType( 9832): No known package when getting name for resource number 0xffffffff
W/ResourceType( 9832): No known package when getting name for resource number 0xffffffff
W/ResourceType( 9832): No known package when getting name for resource number 0xffffffff
W/ResourceType( 9832): No known package when getting name for resource number 0xffffffff
W/ResourceType( 9832): No known package when getting name for resource number 0xffffffff
W/ResourceType( 9832): No known package when getting name for resource number 0xffffffff
W/ResourceType( 9832): No known package when getting name for resource number 0xffffffff
W/ResourceType( 9832): No known package when getting name for resource number 0xffffffff
W/ResourceType( 9832): No known package when getting name for resource number 0xffffffff
W/ResourceType( 9832): No known package when getting name for resource number 0xffffffff
W/ResourceType( 9832): No known package when getting name for resource number 0xffffffff
W/ResourceType( 9832): No known package when getting name for resource number 0xffffffff
W/ResourceType( 9832): No known package when getting name for resource number 0xffffffff
W/ResourceType( 9832): No known package when getting name for resource number 0xffffffff
W/ResourceType( 9832): No known package when getting name for resource number 0xffffffff
W/ResourceType( 9832): No known package when getting name for resource number 0xffffffff
W/ResourceType( 9832): No known package when getting name for resource number 0xffffffff
W/ResourceType( 9832): No known package when getting name for resource number 0xffffffff
W/ResourceType( 9832): No known package when getting name for resource number 0xffffffff
W/ResourceType( 9832): No known package when getting name for resource number 0xffffffff
W/ResourceType( 9832): No known package when getting name for resource number 0xffffffff
W/ResourceType( 9832): No known package when getting name for resource number 0xffffffff
W/ResourceType( 9832): No known package when getting name for resource number 0xffffffff
W/ResourceType( 9832): No known package when getting name for resource number 0xffffffff
W/ResourceType( 9832): No known package when getting name for resource number 0xffffffff
I/art     ( 9832): Starting a blocking GC Explicit
I/art     ( 9832): Explicit concurrent mark sweep GC freed 11679(656KB) AllocSpace objects, 4(80KB) LOS objects, 28% free, 39MB/55MB, paused 710us total 33.602ms
I/art     ( 9832): Starting a blocking GC Explicit
I/art     ( 9832): Explicit concurrent mark sweep GC freed 103(3KB) AllocSpace objects, 0(0B) LOS objects, 28% free, 39MB/55MB, paused 631us total 26.726ms
I/art     ( 9832): Starting a blocking GC Explicit
I/art     ( 9832): Explicit concurrent mark sweep GC freed 10(720B) AllocSpace objects, 0(0B) LOS objects, 28% free, 39MB/55MB, paused 625us total 26.823ms
I/art     ( 9832): Starting a blocking GC Explicit
I/art     ( 9832): Explicit concurrent mark sweep GC freed 10(720B) AllocSpace objects, 0(0B) LOS objects, 28% free, 39MB/55MB, paused 691us total 27.052ms
I/art     ( 9832): Starting a blocking GC Explicit
I/art     ( 9832): Explicit concurrent mark sweep GC freed 10(720B) AllocSpace objects, 0(0B) LOS objects, 28% free, 39MB/55MB, paused 616us total 26.861ms
I/ThermalEngine(  518): ACTION: GPU - Setting GPU[0] to 510000000
D/WifiStateMachine(  927): starting scan for "xtc-ag"WPA_PSK with 5240,5180,5220,5200
I/art     ( 9832): Starting a blocking GC Explicit
I/art     ( 9832): Explicit concurrent mark sweep GC freed 9131(594KB) AllocSpace objects, 2(40KB) LOS objects, 28% free, 39MB/55MB, paused 532us total 27.099ms
I/art     ( 9832): Starting a blocking GC Explicit
I/art     ( 9832): Explicit concurrent mark sweep GC freed 121(4KB) AllocSpace objects, 0(0B) LOS objects, 28% free, 39MB/55MB, paused 472us total 20.349ms
I/art     ( 9832): Starting a blocking GC Explicit
I/art     ( 9832): Explicit concurrent mark sweep GC freed 3(96B) AllocSpace objects, 0(0B) LOS objects, 28% free, 39MB/55MB, paused 461us total 20.176ms
I/art     ( 9832): Starting a blocking GC Explicit
I/art     ( 9832): Explicit concurrent mark sweep GC freed 10(720B) AllocSpace objects, 0(0B) LOS objects, 28% free, 39MB/55MB, paused 470us total 20.152ms
I/art     ( 9832): Starting a blocking GC Explicit
I/art     ( 9832): Explicit concurrent mark sweep GC freed 10(720B) AllocSpace objects, 0(0B) LOS objects, 28% free, 39MB/55MB, paused 459us total 20.048ms

]]><xtc-duration value="146.4058085"/></xtc-step><!-- name: "undefined", id: "undefined" --><![CDATA[

]]><xtc-step name="[0-1030]CareerBuilder_Search.DroidFeatureTests.JDPTests.SaveButtonOnTapChangesFromSavedToUnsaved-0-NA-FinalScreenShot" id="[0-1030]CareerBuilder_Search.DroidFeatureTests.JDPTests.SaveButtonOnTapChangesFromSavedToUnsaved-0-NA-FinalScreenShot"><![CDATA[

]]><xtc-duration value="1.3809669"/></xtc-step><!-- name: "undefined", id: "undefined" --><![CDATA[
I/ThermalEngine(  518): ACTION: GPU - Setting GPU[0] to 600000000

]]><xtc-duration value="153.8811962" skip="false"/></xtc-scenario><!-- name: "undefined", id: "undefined" --><![CDATA[
I/art     ( 9832): Starting a blocking GC Explicit
I/art     ( 9832): Explicit concurrent mark sweep GC freed 2095(143KB) AllocSpace objects, 1(20KB) LOS objects, 28% free, 39MB/55MB, paused 433us total 24.415ms
I/art     ( 9832): Starting a blocking GC Explicit
I/art     ( 9832): Explicit concurrent mark sweep GC freed 23(808B) AllocSpace objects, 0(0B) LOS objects, 28% free, 39MB/55MB, paused 351us total 15.915ms
I/art     ( 9832): Starting a blocking GC Explicit
I/art     ( 9832): Explicit concurrent mark sweep GC freed 10(720B) AllocSpace objects, 0(0B) LOS objects, 28% free, 39MB/55MB, paused 345us total 15.530ms
I/art     ( 9832): Starting a blocking GC Explicit
I/art     ( 9832): Explicit concurrent mark sweep GC freed 3(96B) AllocSpace objects, 0(0B) LOS objects, 28% free, 39MB/55MB, paused 339us total 15.345ms
I/art     ( 9832): Starting a blocking GC Explicit
I/art     ( 9832): Explicit concurrent mark sweep GC freed 10(720B) AllocSpace objects, 0(0B) LOS objects, 28% free, 39MB/55MB, paused 336us total 15.455ms
W/SQLiteConnectionPool( 4437): A SQLiteConnection object for database '/data/user/0/com.google.android.gms/databases/networkstatistics.sqlite' was leaked!  Please fix your application to end transactions in progress properly and to close the database when it is no longer needed.
--------- beginning of crash
F/libc    ( 9411): Fatal signal 13 (SIGPIPE), code 0 in tid 9411 (screencap)
I/SELinux (  509): SELinux: Loaded file_contexts contexts from /file_contexts.
F/DEBUG   (  509): *** *** *** *** *** *** *** *** *** *** *** *** *** *** *** ***
F/DEBUG   (  509): Build fingerprint: 'google/angler/angler:6.0.1/MMB29P/2473553:user/release-keys'
F/DEBUG   (  509): Revision: '0'
F/DEBUG   (  509): ABI: 'arm64'
F/DEBUG   (  509): pid: 9411, tid: 9411, name: screencap  >>> screencap <<<
F/DEBUG   (  509): signal 13 (SIGPIPE), code 0 (SI_USER), fault addr --------
W/NativeCrashListener(  927): Couldn't find ProcessRecord for pid 9411
F/DEBUG   (  509):     x0   0000000000000680  x1   0000007f84199400  x2   0000000000001680  x3   0000007f85751220
E/DEBUG   (  509): AM write failed: Broken pipe
F/DEBUG   (  509):     x4   0000007fdb23bbc8  x5   0000000000000001  x6   0000000000000000  x7   0000007f86193000
F/DEBUG   (  509):     x8   0000000000000040  x9   0000007f86362a60  x10  ffffffffffffffff  x11  0000000000001340
F/DEBUG   (  509):     x12  ffffffffffffffff  x13  0000007fdb23bbc8  x14  0000007fdb23bbcc  x15  0000000000000680
F/DEBUG   (  509):     x16  0000005557a21f40  x17  0000007f8615828c  x18  00000000000005a0  x19  0000007fdb23bbe8
F/DEBUG   (  509):     x20  0000007fdb23bbd0  x21  0000007f8419ae00  x22  0000005557a21000  x23  000000000000000b
F/DEBUG   (  509):     x24  0000000000001a00  x25  0000000000000004  x26  0000007fdb23bbc4  x27  0000007fdb23bc10
F/DEBUG   (  509):     x28  0000000000000004  x29  0000007fdb23bb30  x30  0000005557a10ea0
F/DEBUG   (  509):     sp   0000007fdb23bb20  pc   0000007f86158294  pstate 0000000080000000
F/DEBUG   (  509): 
F/DEBUG   (  509): backtrace:
F/DEBUG   (  509):     #00 pc 000000000006a294  /system/lib64/libc.so (write+8)
F/DEBUG   (  509):     #01 pc 0000000000001e9c  /system/bin/screencap (main+1388)
F/DEBUG   (  509):     #02 pc 000000000001bc98  /system/lib64/libc.so (__libc_init+100)
F/DEBUG   (  509):     #03 pc 0000000000002080  /system/bin/screencap
F/DEBUG   (  509): 
F/DEBUG   (  509): Tombstone written to: /data/tombstones/tombstone_07
I/BootReceiver(  927): Copying /data/tombstones/tombstone_07 to DropBox (SYSTEM_TOMBSTONE)
I/art     ( 9832): Starting a blocking GC Explicit
I/art     ( 9832): Explicit concurrent mark sweep GC freed 2079(142KB) AllocSpace objects, 1(20KB) LOS objects, 28% free, 39MB/55MB, paused 355us total 19.653ms
I/art     ( 9832): Starting a blocking GC Explicit
I/art     ( 9832): Explicit concurrent mark sweep GC freed 45(1464B) AllocSpace objects, 0(0B) LOS objects, 28% free, 39MB/55MB, paused 338us total 15.874ms
I/art     ( 9832): Starting a blocking GC Explicit
I/art     ( 9832): Explicit concurrent mark sweep GC freed 10(720B) AllocSpace objects, 0(0B) LOS objects, 28% free, 39MB/55MB, paused 332us total 15.374ms
I/art     ( 9832): Starting a blocking GC Explicit
I/art     ( 9832): Explicit concurrent mark sweep GC freed 3(96B) AllocSpace objects, 0(0B) LOS objects, 28% free, 39MB/55MB, paused 327us total 15.265ms
I/art     ( 9832): Starting a blocking GC Explicit
I/art     ( 9832): Explicit concurrent mark sweep GC freed 10(720B) AllocSpace objects, 0(0B) LOS objects, 28% free, 39MB/55MB, paused 333us total 15.292ms
I/Atfwd_Sendcmd(  538): AtCmdFwd service not ready - Exhausted retry attempts - :6
I/Atfwd_Daemon(  538): result : -1 	 ,Init step :2 	 ,qmiErrorCode: 0
W/PlatformStatsUtil( 4437): Could not retrieve Usage & Diagnostics setting. Giving up.
I/art     ( 9832): Starting a blocking GC Explicit
I/art     ( 9832): Explicit concurrent mark sweep GC freed 2068(141KB) AllocSpace objects, 1(20KB) LOS objects, 28% free, 39MB/55MB, paused 403us total 21.868ms
I/art     ( 9832): Starting a blocking GC Explicit
I/art     ( 9832): Explicit concurrent mark sweep GC freed 20(696B) AllocSpace objects, 0(0B) LOS objects, 28% free, 39MB/55MB, paused 351us total 15.711ms
I/art     ( 9832): Starting a blocking GC Explicit
I/art     ( 9832): Explicit concurrent mark sweep GC freed 10(720B) AllocSpace objects, 0(0B) LOS objects, 28% free, 39MB/55MB, paused 340us total 16.007ms
I/art     ( 9832): Starting a blocking GC Explicit
I/art     ( 9832): Explicit concurrent mark sweep GC freed 3(96B) AllocSpace objects, 0(0B) LOS objects, 28% free, 39MB/55MB, paused 340us total 15.400ms
I/art     ( 9832): Starting a blocking GC Explicit
I/art     ( 9832): Explicit concurrent mark sweep GC freed 10(720B) AllocSpace objects, 0(0B) LOS objects, 28% free, 39MB/55MB, paused 403us total 15.368ms
W/ip      (10059): type=1400 audit(0.0:75): avc: denied { search } for name="net" dev="dm-2" ino=3440648 scontext=u:r:shell:s0 tcontext=u:object_r:net_data_file:s0 tclass=dir permissive=0
I/art     ( 9832): Starting a blocking GC Explicit
I/art     ( 9832): Explicit concurrent mark sweep GC freed 2077(142KB) AllocSpace objects, 1(20KB) LOS objects, 28% free, 39MB/55MB, paused 409us total 21.012ms
I/art     ( 9832): Starting a blocking GC Explicit
I/art     ( 9832): Explicit concurrent mark sweep GC freed 20(696B) AllocSpace objects, 0(0B) LOS objects, 28% free, 39MB/55MB, paused 352us total 16.165ms
I/art     ( 9832): Starting a blocking GC Explicit
I/art     ( 9832): Explicit concurrent mark sweep GC freed 10(720B) AllocSpace objects, 0(0B) LOS objects, 28% free, 39MB/55MB, paused 422us total 15.432ms
I/art     ( 9832): Starting a blocking GC Explicit
I/art     ( 9832): Explicit concurrent mark sweep GC freed 3(96B) AllocSpace objects, 0(0B) LOS objects, 28% free, 39MB/55MB, paused 344us total 15.436ms
I/art     ( 9832): Starting a blocking GC Explicit
I/art     ( 9832): Explicit concurrent mark sweep GC freed 10(720B) AllocSpace objects, 0(0B) LOS objects, 28% free, 39MB/55MB, paused 340us total 15.343ms
