D/Mono    (10343): Assembly Ref addref Java.Interop[0xeabbc160] -> System.Runtime[0xeabbc1c0]: 2
D/Mono    (10343): Assembly Ref addref System.Runtime[0xeabbc1c0] -> mscorlib[0xeabbb020]: 3
W/monodroid(10343): Calling into managed runtime init
D/Mono    (10343): Image addref System.Collections.Concurrent[0xeabbc220] -> System.Collections.Concurrent.dll[0xea734800]: 2
D/Mono    (10343): Prepared to set up assembly 'System.Collections.Concurrent' (System.Collections.Concurrent.dll)
D/Mono    (10343): Assembly System.Collections.Concurrent[0xeabbc220] added to domain RootDomain, ref_count=1
D/Mono    (10343): AOT module 'System.Collections.Concurrent.dll.so' not found: dlopen failed: library "/data/app/com.careerbuilder.SugarDrone-1/lib/arm/libaot-System.Collections.Concurrent.dll.so" not found
D/Mono    (10343): AOT module '/Users/builder/data/lanes/4009/f3074d2c/source/monodroid/builds/install/mono-armv6/lib/mono/aot-cache/arm/System.Collections.Concurrent.dll.so' not found: dlopen failed: library "/data/app/com.careerbuilder.SugarDrone-1/lib/arm/libaot-System.Collections.Concurrent.dll.so" not found
D/Mono    (10343): Config attempting to parse: 'System.Collections.Concurrent.dll.config'.
D/Mono    (10343): Config attempting to parse: '/Users/builder/data/lanes/4009/f3074d2c/source/monodroid/builds/install/mono-armv6/etc/mono/assemblies/System.Collections.Concurrent/System.Collections.Concurrent.config'.
D/Mono    (10343): Assembly Ref addref Java.Interop[0xeabbc160] -> System.Collections.Concurrent[0xeabbc220]: 2
D/Mono    (10343): Assembly Ref addref System.Collections.Concurrent[0xeabbc220] -> mscorlib[0xeabbb020]: 4
D/Mono    (10343): Image addref System.Reflection[0xeabbc280] -> System.Reflection.dll[0xea735200]: 2
D/Mono    (10343): Prepared to set up assembly 'System.Reflection' (System.Reflection.dll)
D/Mono    (10343): Assembly System.Reflection[0xeabbc280] added to domain RootDomain, ref_count=1
D/Mono    (10343): AOT module 'System.Reflection.dll.so' not found: dlopen failed: library "/data/app/com.careerbuilder.SugarDrone-1/lib/arm/libaot-System.Reflection.dll.so" not found
D/Mono    (10343): AOT module '/Users/builder/data/lanes/4009/f3074d2c/source/monodroid/builds/install/mono-armv6/lib/mono/aot-cache/arm/System.Reflection.dll.so' not found: dlopen failed: library "/data/app/com.careerbuilder.SugarDrone-1/lib/arm/libaot-System.Reflection.dll.so" not found
D/Mono    (10343): Config attempting to parse: 'System.Reflection.dll.config'.
D/Mono    (10343): Config attempting to parse: '/Users/builder/data/lanes/4009/f3074d2c/source/monodroid/builds/install/mono-armv6/etc/mono/assemblies/System.Reflection/System.Reflection.config'.
D/Mono    (10343): Assembly Ref addref Java.Interop[0xeabbc160] -> System.Reflection[0xeabbc280]: 2
D/Mono    (10343): Assembly Ref addref System.Reflection[0xeabbc280] -> mscorlib[0xeabbb020]: 5
D/Mono    (10343): Image addref System.Threading[0xeabbc2e0] -> System.Threading.dll[0xea735700]: 2
D/Mono    (10343): Prepared to set up assembly 'System.Threading' (System.Threading.dll)
D/Mono    (10343): Assembly System.Threading[0xeabbc2e0] added to domain RootDomain, ref_count=1
D/Mono    (10343): AOT module 'System.Threading.dll.so' not found: dlopen failed: library "/data/app/com.careerbuilder.SugarDrone-1/lib/arm/libaot-System.Threading.dll.so" not found
D/Mono    (10343): AOT module '/Users/builder/data/lanes/4009/f3074d2c/source/monodroid/builds/install/mono-armv6/lib/mono/aot-cache/arm/System.Threading.dll.so' not found: dlopen failed: library "/data/app/com.careerbuilder.SugarDrone-1/lib/arm/libaot-System.Threading.dll.so" not found
D/Mono    (10343): Config attempting to parse: 'System.Threading.dll.config'.
D/Mono    (10343): Config attempting to parse: '/Users/builder/data/lanes/4009/f3074d2c/source/monodroid/builds/install/mono-armv6/etc/mono/assemblies/System.Threading/System.Threading.config'.
D/Mono    (10343): Assembly Ref addref Java.Interop[0xeabbc160] -> System.Threading[0xeabbc2e0]: 2
D/Mono    (10343): Assembly Ref addref System.Threading[0xeabbc2e0] -> mscorlib[0xeabbb020]: 6
D/Mono    (10343): Image addref System.Diagnostics.Debug[0xeabbc340] -> System.Diagnostics.Debug.dll[0xea735c00]: 2
D/Mono    (10343): Prepared to set up assembly 'System.Diagnostics.Debug' (System.Diagnostics.Debug.dll)
D/Mono    (10343): Assembly System.Diagnostics.Debug[0xeabbc340] added to domain RootDomain, ref_count=1
D/Mono    (10343): AOT module 'System.Diagnostics.Debug.dll.so' not found: dlopen failed: library "/data/app/com.careerbuilder.SugarDrone-1/lib/arm/libaot-System.Diagnostics.Debug.dll.so" not found
D/Mono    (10343): AOT module '/Users/builder/data/lanes/4009/f3074d2c/source/monodroid/builds/install/mono-armv6/lib/mono/aot-cache/arm/System.Diagnostics.Debug.dll.so' not found: dlopen failed: library "/data/app/com.careerbuilder.SugarDrone-1/lib/arm/libaot-System.Diagnostics.Debug.dll.so" not found
D/Mono    (10343): Config attempting to parse: 'System.Diagnostics.Debug.dll.config'.
D/Mono    (10343): Config attempting to parse: '/Users/builder/data/lanes/4009/f3074d2c/source/monodroid/builds/install/mono-armv6/etc/mono/assemblies/System.Diagnostics.Debug/System.Diagnostics.Debug.config'.
D/Mono    (10343): Assembly Ref addref Java.Interop[0xeabbc160] -> System.Diagnostics.Debug[0xeabbc340]: 2
D/Mono    (10343): Image addref System[0xeabbc3a0] -> System.dll[0xea736100]: 2
D/Mono    (10343): Prepared to set up assembly 'System' (System.dll)
D/Mono    (10343): Assembly System[0xeabbc3a0] added to domain RootDomain, ref_count=1
D/Mono    (10343): AOT module 'System.dll.so' not found: dlopen failed: library "/data/app/com.careerbuilder.SugarDrone-1/lib/arm/libaot-System.dll.so" not found
D/Mono    (10343): AOT module '/Users/builder/data/lanes/4009/f3074d2c/source/monodroid/builds/install/mono-armv6/lib/mono/aot-cache/arm/System.dll.so' not found: dlopen failed: library "/data/app/com.careerbuilder.SugarDrone-1/lib/arm/libaot-System.dll.so" not found
D/Mono    (10343): Config attempting to parse: 'System.dll.config'.
D/Mono    (10343): Config attempting to parse: '/Users/builder/data/lanes/4009/f3074d2c/source/monodroid/builds/install/mono-armv6/etc/mono/assemblies/System/System.config'.
D/Mono    (10343): Assembly Ref addref System.Diagnostics.Debug[0xeabbc340] -> System[0xeabbc3a0]: 2
D/Mono    (10343): Assembly Ref addref System[0xeabbc3a0] -> mscorlib[0xeabbb020]: 7
D/Mono    (10343): Image addref System.Runtime.InteropServices[0xeabbc520] -> System.Runtime.InteropServices.dll[0xea736600]: 2
D/Mono    (10343): Prepared to set up assembly 'System.Runtime.InteropServices' (System.Runtime.InteropServices.dll)
D/Mono    (10343): Assembly System.Runtime.InteropServices[0xeabbc520] added to domain RootDomain, ref_count=1
D/Mono    (10343): AOT module 'System.Runtime.InteropServices.dll.so' not found: dlopen failed: library "/data/app/com.careerbuilder.SugarDrone-1/lib/arm/libaot-System.Runtime.InteropServices.dll.so" not found
D/Mono    (10343): AOT module '/Users/builder/data/lanes/4009/f3074d2c/source/monodroid/builds/install/mono-armv6/lib/mono/aot-cache/arm/System.Runtime.InteropServices.dll.so' not found: dlopen failed: library "/data/app/com.careerbuilder.SugarDrone-1/lib/arm/libaot-System.Runtime.InteropServices.dll.so" not found
D/Mono    (10343): Config attempting to parse: 'System.Runtime.InteropServices.dll.config'.
D/Mono    (10343): Config attempting to parse: '/Users/builder/data/lanes/4009/f3074d2c/source/monodroid/builds/install/mono-armv6/etc/mono/assemblies/System.Runtime.InteropServices/System.Runtime.InteropServices.config'.
D/Mono    (10343): Assembly Ref addref Java.Interop[0xeabbc160] -> System.Runtime.InteropServices[0xeabbc520]: 2
D/Mono    (10343): Assembly Ref addref System.Runtime.InteropServices[0xeabbc520] -> mscorlib[0xeabbb020]: 8
D/Mono    (10343): DllImport attempting to load: '__Internal'.
D/Mono    (10343): DllImport loaded library '(null)'.
D/Mono    (10343): DllImport searching in: '__Internal' ('(null)').
D/Mono    (10343): Searching for 'java_interop_jnienv_get_java_vm'.
D/Mono    (10343): Probing 'java_interop_jnienv_get_java_vm'.
D/Mono    (10343): Found as 'java_interop_jnienv_get_java_vm'.
D/Mono    (10343): DllImport attempting to load: '__Internal'.
D/Mono    (10343): DllImport loaded library '(null)'.
D/Mono    (10343): DllImport searching in: '__Internal' ('(null)').
D/Mono    (10343): Searching for '_monodroid_gref_log_new'.
D/Mono    (10343): Probing '_monodroid_gref_log_new'.
D/Mono    (10343): Found as '_monodroid_gref_log_new'.
D/Mono    (10343): DllImport searching in: '__Internal' ('(null)').
D/Mono    (10343): Searching for 'java_interop_jnienv_new_global_ref'.
D/Mono    (10343): Probing 'java_interop_jnienv_new_global_ref'.
D/Mono    (10343): Found as 'java_interop_jnienv_new_global_ref'.
D/Mono    (10343): DllImport searching in: '__Internal' ('(null)').
D/Mono    (10343): Searching for '_monodroid_gref_get'.
D/Mono    (10343): Probing '_monodroid_gref_get'.
D/Mono    (10343): Found as '_monodroid_gref_get'.
D/Mono    (10343): Image addref System.Collections[0xeabbc460] -> System.Collections.dll[0xea736b00]: 2
D/Mono    (10343): Prepared to set up assembly 'System.Collections' (System.Collections.dll)
D/Mono    (10343): Assembly System.Collections[0xeabbc460] added to domain RootDomain, ref_count=1
D/Mono    (10343): AOT module 'System.Collections.dll.so' not found: dlopen failed: library "/data/app/com.careerbuilder.SugarDrone-1/lib/arm/libaot-System.Collections.dll.so" not found
D/Mono    (10343): AOT module '/Users/builder/data/lanes/4009/f3074d2c/source/monodroid/builds/install/mono-armv6/lib/mono/aot-cache/arm/System.Collections.dll.so' not found: dlopen failed: library "/data/app/com.careerbuilder.SugarDrone-1/lib/arm/libaot-System.Collections.dll.so" not found
D/Mono    (10343): Config attempting to parse: 'System.Collections.dll.config'.
D/Mono    (10343): Config attempting to parse: '/Users/builder/data/lanes/4009/f3074d2c/source/monodroid/builds/install/mono-armv6/etc/mono/assemblies/System.Collections/System.Collections.config'.
D/Mono    (10343): Assembly Ref addref Java.Interop[0xeabbc160] -> System.Collections[0xeabbc460]: 2
D/Mono    (10343): Assembly Ref addref System.Collections[0xeabbc460] -> mscorlib[0xeabbb020]: 9
I/ServiceManager(  539): Waiting for service AtCmdFwd...
D/Mono    (10343): DllImport searching in: '__Internal' ('(null)').
D/Mono    (10343): Searching for 'java_interop_jnienv_find_class'.
D/Mono    (10343): Probing 'java_interop_jnienv_find_class'.
D/Mono    (10343): Found as 'java_interop_jnienv_find_class'.
D/Mono    (10343): DllImport searching in: '__Internal' ('(null)').
D/Mono    (10343): Searching for 'java_interop_jnienv_exception_clear'.
D/Mono    (10343): Probing 'java_interop_jnienv_exception_clear'.
D/Mono    (10343): Found as 'java_interop_jnienv_exception_clear'.
D/Mono    (10343): DllImport searching in: '__Internal' ('(null)').
D/Mono    (10343): Searching for 'java_interop_jnienv_call_object_method_a'.
D/Mono    (10343): Probing 'java_interop_jnienv_call_object_method_a'.
D/Mono    (10343): Found as 'java_interop_jnienv_call_object_method_a'.
D/Mono    (10343): DllImport searching in: '__Internal' ('(null)').
D/Mono    (10343): Searching for 'java_interop_jnienv_delete_local_ref'.
D/Mono    (10343): Probing 'java_interop_jnienv_delete_local_ref'.
D/Mono    (10343): Found as 'java_interop_jnienv_delete_local_ref'.
D/Mono    (10343): DllImport searching in: '__Internal' ('(null)').
D/Mono    (10343): Searching for '_monodroid_lref_log_new'.
D/Mono    (10343): Probing '_monodroid_lref_log_new'.
D/Mono    (10343): Found as '_monodroid_lref_log_new'.
D/Mono    (10343): DllImport searching in: '__Internal' ('(null)').
D/Mono    (10343): Searching for '_monodroid_lref_log_delete'.
D/Mono    (10343): Probing '_monodroid_lref_log_delete'.
D/Mono    (10343): Found as '_monodroid_lref_log_delete'.
D/Mono    (10343): DllImport searching in: '__Internal' ('(null)').
D/Mono    (10343): Searching for 'java_interop_jnienv_get_method_id'.
D/Mono    (10343): Probing 'java_interop_jnienv_get_method_id'.
D/Mono    (10343): Found as 'java_interop_jnienv_get_method_id'.
D/Mono    (10343): DllImport searching in: '__Internal' ('(null)').
D/Mono    (10343): Searching for '_monodroid_gref_log_delete'.
D/Mono    (10343): Probing '_monodroid_gref_log_delete'.
D/Mono    (10343): Found as '_monodroid_gref_log_delete'.
D/Mono    (10343): DllImport searching in: '__Internal' ('(null)').
D/Mono    (10343): Searching for 'java_interop_jnienv_delete_global_ref'.
D/Mono    (10343): Probing 'java_interop_jnienv_delete_global_ref'.
D/Mono    (10343): Found as 'java_interop_jnienv_delete_global_ref'.
D/Mono    (10343): DllImport searching in: '__Internal' ('(null)').
D/Mono    (10343): Searching for 'java_interop_jnienv_get_static_method_id'.
D/Mono    (10343): Probing 'java_interop_jnienv_get_static_method_id'.
D/Mono    (10343): Found as 'java_interop_jnienv_get_static_method_id'.
D/Mono    (10343): DllImport searching in: '__Internal' ('(null)').
D/Mono    (10343): Searching for 'java_interop_jnienv_call_static_object_method_a'.
D/Mono    (10343): Probing 'java_interop_jnienv_call_static_object_method_a'.
D/Mono    (10343): Found as 'java_interop_jnienv_call_static_object_method_a'.
D/Mono    (10343): DllImport searching in: '__Internal' ('(null)').
D/Mono    (10343): Searching for '_monodroid_get_identity_hash_code'.
D/Mono    (10343): Probing '_monodroid_get_identity_hash_code'.
D/Mono    (10343): Found as '_monodroid_get_identity_hash_code'.
D/Mono    (10343): DllImport searching in: '__Internal' ('(null)').
D/Mono    (10343): Searching for 'java_interop_jnienv_get_object_class'.
D/Mono    (10343): Probing 'java_interop_jnienv_get_object_class'.
D/Mono    (10343): Found as 'java_interop_jnienv_get_object_class'.
D/Mono    (10343): DllImport searching in: '__Internal' ('(null)').
D/Mono    (10343): Searching for 'java_interop_jnienv_call_object_method'.
D/Mono    (10343): Probing 'java_interop_jnienv_call_object_method'.
D/Mono    (10343): Found as 'java_interop_jnienv_call_object_method'.
D/Mono    (10343): DllImport searching in: '__Internal' ('(null)').
D/Mono    (10343): Searching for 'java_interop_jnienv_get_string_length'.
D/Mono    (10343): Probing 'java_interop_jnienv_get_string_length'.
D/Mono    (10343): Found as 'java_interop_jnienv_get_string_length'.
D/Mono    (10343): DllImport searching in: '__Internal' ('(null)').
D/Mono    (10343): Searching for 'java_interop_jnienv_get_string_chars'.
D/Mono    (10343): Probing 'java_interop_jnienv_get_string_chars'.
D/Mono    (10343): Found as 'java_interop_jnienv_get_string_chars'.
D/Mono    (10343): DllImport searching in: '__Internal' ('(null)').
D/Mono    (10343): Searching for 'java_interop_jnienv_release_string_chars'.
D/Mono    (10343): Probing 'java_interop_jnienv_release_string_chars'.
D/Mono    (10343): Found as 'java_interop_jnienv_release_string_chars'.
D/Mono    (10343): DllImport searching in: '__Internal' ('(null)').
D/Mono    (10343): Searching for 'monodroid_typemap_java_to_managed'.
D/Mono    (10343): Probing 'monodroid_typemap_java_to_managed'.
D/Mono    (10343): Found as 'monodroid_typemap_java_to_managed'.
D/Mono    (10343): DllImport searching in: '__Internal' ('(null)').
D/Mono    (10343): Searching for 'java_interop_jnienv_get_superclass'.
D/Mono    (10343): Probing 'java_interop_jnienv_get_superclass'.
D/Mono    (10343): Found as 'java_interop_jnienv_get_superclass'.
D/Mono    (10343): DllImport searching in: '__Internal' ('(null)').
D/Mono    (10343): Searching for 'java_interop_jnienv_is_instance_of'.
D/Mono    (10343): Probing 'java_interop_jnienv_is_instance_of'.
D/Mono    (10343): Found as 'java_interop_jnienv_is_instance_of'.
D/Mono    (10343): DllImport searching in: '__Internal' ('(null)').
D/Mono    (10343): Searching for '_monodroid_gref_log'.
D/Mono    (10343): Probing '_monodroid_gref_log'.
D/Mono    (10343): Found as '_monodroid_gref_log'.
D/Mono    (10343): Image addref System.Linq[0xeabbc580] -> System.Linq.dll[0xdc295e00]: 2
D/Mono    (10343): Prepared to set up assembly 'System.Linq' (System.Linq.dll)
D/Mono    (10343): Assembly System.Linq[0xeabbc580] added to domain RootDomain, ref_count=1
D/Mono    (10343): AOT module 'System.Linq.dll.so' not found: dlopen failed: library "/data/app/com.careerbuilder.SugarDrone-1/lib/arm/libaot-System.Linq.dll.so" not found
D/Mono    (10343): AOT module '/Users/builder/data/lanes/4009/f3074d2c/source/monodroid/builds/install/mono-armv6/lib/mono/aot-cache/arm/System.Linq.dll.so' not found: dlopen failed: library "/data/app/com.careerbuilder.SugarDrone-1/lib/arm/libaot-System.Linq.dll.so" not found
D/Mono    (10343): Config attempting to parse: 'System.Linq.dll.config'.
D/Mono    (10343): Config attempting to parse: '/Users/builder/data/lanes/4009/f3074d2c/source/monodroid/builds/install/mono-armv6/etc/mono/assemblies/System.Linq/System.Linq.config'.
D/Mono    (10343): Assembly Ref addref Java.Interop[0xeabbc160] -> System.Linq[0xeabbc580]: 2
D/Mono    (10343): Image addref System.Core[0xeabbc700] -> System.Core.dll[0xdc294000]: 2
D/Mono    (10343): Prepared to set up assembly 'System.Core' (System.Core.dll)
D/Mono    (10343): Assembly System.Core[0xeabbc700] added to domain RootDomain, ref_count=1
D/Mono    (10343): AOT module 'System.Core.dll.so' not found: dlopen failed: library "/data/app/com.careerbuilder.SugarDrone-1/lib/arm/libaot-System.Core.dll.so" not found
D/Mono    (10343): AOT module '/Users/builder/data/lanes/4009/f3074d2c/source/monodroid/builds/install/mono-armv6/lib/mono/aot-cache/arm/System.Core.dll.so' not found: dlopen failed: library "/data/app/com.careerbuilder.SugarDrone-1/lib/arm/libaot-System.Core.dll.so" not found
D/Mono    (10343): Config attempting to parse: 'System.Core.dll.config'.
D/Mono    (10343): Config attempting to parse: '/Users/builder/data/lanes/4009/f3074d2c/source/monodroid/builds/install/mono-armv6/etc/mono/assemblies/System.Core/System.Core.config'.
D/Mono    (10343): Assembly Ref addref System.Linq[0xeabbc580] -> System.Core[0xeabbc700]: 2
D/Mono    (10343): Assembly Ref addref System.Core[0xeabbc700] -> mscorlib[0xeabbb020]: 10
D/Mono    (10343): Image addref System.Reflection.Extensions[0xeabbc820] -> System.Reflection.Extensions.dll[0xdc295900]: 2
D/Mono    (10343): Prepared to set up assembly 'System.Reflection.Extensions' (System.Reflection.Extensions.dll)
D/Mono    (10343): Assembly System.Reflection.Extensions[0xeabbc820] added to domain RootDomain, ref_count=1
D/Mono    (10343): AOT module 'System.Reflection.Extensions.dll.so' not found: dlopen failed: library "/data/app/com.careerbuilder.SugarDrone-1/lib/arm/libaot-System.Reflection.Extensions.dll.so" not found
D/Mono    (10343): AOT module '/Users/builder/data/lanes/4009/f3074d2c/source/monodroid/builds/install/mono-armv6/lib/mono/aot-cache/arm/System.Reflection.Extensions.dll.so' not found: dlopen failed: library "/data/app/com.careerbuilder.SugarDrone-1/lib/arm/libaot-System.Reflection.Extensions.dll.so" not found
D/Mono    (10343): Config attempting to parse: 'System.Reflection.Extensions.dll.config'.
D/Mono    (10343): Config attempting to parse: '/Users/builder/data/lanes/4009/f3074d2c/source/monodroid/builds/install/mono-armv6/etc/mono/assemblies/System.Reflection.Extensions/System.Reflection.Extensions.config'.
D/Mono    (10343): Assembly Ref addref Java.Interop[0xeabbc160] -> System.Reflection.Extensions[0xeabbc820]: 2
D/Mono    (10343): Assembly Ref addref System.Reflection.Extensions[0xeabbc820] -> mscorlib[0xeabbb020]: 11
D/Mono    (10343): Assembly Ref addref Mono.Android[0xeabbc100] -> System.Core[0xeabbc700]: 3
D/Mono    (10343): DllImport searching in: '__Internal' ('(null)').
D/Mono    (10343): Searching for 'monodroid_typemap_managed_to_java'.
D/Mono    (10343): Probing 'monodroid_typemap_managed_to_java'.
D/Mono    (10343): Found as 'monodroid_typemap_managed_to_java'.
D/Mono    (10343): DllImport searching in: '__Internal' ('(null)').
D/Mono    (10343): Searching for 'java_interop_jnienv_alloc_object'.
D/Mono    (10343): Probing 'java_interop_jnienv_alloc_object'.
D/Mono    (10343): Found as 'java_interop_jnienv_alloc_object'.
D/Mono    (10343): DllImport searching in: '__Internal' ('(null)').
D/Mono    (10343): Searching for '_monodroid_gc_wait_for_bridge_processing'.
D/Mono    (10343): Probing '_monodroid_gc_wait_for_bridge_processing'.
D/Mono    (10343): Found as '_monodroid_gc_wait_for_bridge_processing'.
D/Mono    (10343): DllImport searching in: '__Internal' ('(null)').
D/Mono    (10343): Searching for 'java_interop_jnienv_register_natives'.
D/Mono    (10343): Probing 'java_interop_jnienv_register_natives'.
D/Mono    (10343): Found as 'java_interop_jnienv_register_natives'.
D/Mono    (10343): DllImport searching in: '__Internal' ('(null)').
D/Mono    (10343): Searching for 'java_interop_jnienv_call_nonvirtual_void_method_a'.
D/Mono    (10343): Probing 'java_interop_jnienv_call_nonvirtual_void_method_a'.
D/Mono    (10343): Found as 'java_interop_jnienv_call_nonvirtual_void_method_a'.
D/Mono    (10343): DllImport searching in: '__Internal' ('(null)').
D/Mono    (10343): Searching for 'java_interop_jnienv_is_same_object'.
D/Mono    (10343): Probing 'java_interop_jnienv_is_same_object'.
D/Mono    (10343): Found as 'java_interop_jnienv_is_same_object'.
D/Mono    (10343): DllImport searching in: '__Internal' ('(null)').
D/Mono    (10343): Searching for 'java_interop_jnienv_call_static_void_method_a'.
D/Mono    (10343): Probing 'java_interop_jnienv_call_static_void_method_a'.
D/Mono    (10343): Found as 'java_interop_jnienv_call_static_void_method_a'.
D/Mono    (10343): Assembly Ref addref AppsFlyerXamarinBindingAndroid[0xeabbb0e0] -> mscorlib[0xeabbb020]: 12
D/Mono    (10343): Assembly Ref addref AppsFlyerXamarinBindingAndroid[0xeabbb0e0] -> Mono.Android[0xeabbc100]: 2
D/Mono    (10343): Assembly Ref addref HockeySDK[0xeabbb140] -> mscorlib[0xeabbb020]: 13
D/Mono    (10343): Assembly Ref addref HockeySDK[0xeabbb140] -> Mono.Android[0xeabbc100]: 3
D/Mono    (10343): Assembly Ref addref Xamarin.GooglePlayServices.Analytics[0xeabbb7a0] -> mscorlib[0xeabbb020]: 14
D/Mono    (10343): Assembly Ref addref Xamarin.GooglePlayServices.Analytics[0xeabbb7a0] -> Mono.Android[0xeabbc100]: 4
D/Mono    (10343): Assembly Ref addref Xamarin.GooglePlayServices.Base[0xeabbb800] -> mscorlib[0xeabbb020]: 15
D/Mono    (10343): Assembly Ref addref Xamarin.GooglePlayServices.Base[0xeabbb800] -> Mono.Android[0xeabbc100]: 5
D/Mono    (10343): Assembly Ref addref Xamarin.GooglePlayServices.Basement[0xeabbb860] -> mscorlib[0xeabbb020]: 16
D/Mono    (10343): Assembly Ref addref Xamarin.GooglePlayServices.Basement[0xeabbb860] -> Mono.Android[0xeabbc100]: 6
D/Mono    (10343): Assembly Ref addref FloatingActionButton-Xamarin[0xeabbb9e0] -> mscorlib[0xeabbb020]: 17
D/Mono    (10343): Assembly Ref addref FloatingActionButton-Xamarin[0xeabbb9e0] -> Mono.Android[0xeabbc100]: 7
D/Mono    (10343): Assembly Ref addref Xamarin.Android.Support.v4[0xeabbba40] -> mscorlib[0xeabbb020]: 18
D/Mono    (10343): Assembly Ref addref Xamarin.Android.Support.v4[0xeabbba40] -> Mono.Android[0xeabbc100]: 8
D/Mono    (10343): Assembly Ref addref Xamarin.Android.Support.v7.RecyclerView[0xeabbbaa0] -> mscorlib[0xeabbb020]: 19
D/Mono    (10343): Assembly Ref addref Xamarin.Android.Support.v7.RecyclerView[0xeabbbaa0] -> Mono.Android[0xeabbc100]: 9
D/Mono    (10343): Assembly Ref addref Xamarin.Android.Support.Vector.Drawable[0xeabbbb00] -> mscorlib[0xeabbb020]: 20
D/Mono    (10343): Assembly Ref addref Xamarin.Android.Support.Vector.Drawable[0xeabbbb00] -> Mono.Android[0xeabbc100]: 10
D/Mono    (10343): Assembly Ref addref Xamarin.Android.Support.Animated.Vector.Drawable[0xeabbbb60] -> mscorlib[0xeabbb020]: 21
D/Mono    (10343): Assembly Ref addref Xamarin.Android.Support.Animated.Vector.Drawable[0xeabbbb60] -> Mono.Android[0xeabbc100]: 11
D/Mono    (10343): Assembly Ref addref Xamarin.Android.Support.v7.AppCompat[0xeabbbbc0] -> mscorlib[0xeabbb020]: 22
D/Mono    (10343): Assembly Ref addref Xamarin.Android.Support.v7.AppCompat[0xeabbbbc0] -> Mono.Android[0xeabbc100]: 12
D/Mono    (10343): Assembly Ref addref Xamarin.Android.Support.Design[0xeabbbc20] -> mscorlib[0xeabbb020]: 23
D/Mono    (10343): Assembly Ref addref Xamarin.Android.Support.Design[0xeabbbc20] -> Mono.Android[0xeabbc100]: 13
D/Mono    (10343): Assembly Ref addref Xamarin.Android.Support.v7.CardView[0xeabbbc80] -> mscorlib[0xeabbb020]: 24
D/Mono    (10343): Assembly Ref addref Xamarin.Android.Support.v7.CardView[0xeabbbc80] -> Mono.Android[0xeabbc100]: 14
D/Mono    (10343): Assembly Ref addref FlexboxLayoutXamarinBindingAndroid[0xeabbbfe0] -> mscorlib[0xeabbb020]: 25
D/Mono    (10343): Assembly Ref addref FlexboxLayoutXamarinBindingAndroid[0xeabbbfe0] -> Mono.Android[0xeabbc100]: 15
D/Mono    (10343): Assembly Ref addref CareerBuilder_Search.Droid[0xeabbb080] -> Mono.Android[0xeabbc100]: 16
D/Mono    (10343): Assembly Ref addref CareerBuilder_Search.Droid[0xeabbb080] -> mscorlib[0xeabbb020]: 26
D/Mono    (10343): Image addref Mono.Android.Export[0xeabbcd60] -> Mono.Android.Export.dll[0xdc296d00]: 2
D/Mono    (10343): Prepared to set up assembly 'Mono.Android.Export' (Mono.Android.Export.dll)
D/Mono    (10343): Assembly Mono.Android.Export[0xeabbcd60] added to domain RootDomain, ref_count=1
D/Mono    (10343): AOT module 'Mono.Android.Export.dll.so' not found: dlopen failed: library "/data/app/com.careerbuilder.SugarDrone-1/lib/arm/libaot-Mono.Android.Export.dll.so" not found
D/Mono    (10343): AOT module '/Users/builder/data/lanes/4009/f3074d2c/source/monodroid/builds/install/mono-armv6/lib/mono/aot-cache/arm/Mono.Android.Export.dll.so' not found: dlopen failed: library "/data/app/com.careerbuilder.SugarDrone-1/lib/arm/libaot-Mono.Android.Export.dll.so" not found
D/Mono    (10343): Config attempting to parse: 'Mono.Android.Export.dll.config'.
D/Mono    (10343): Config attempting to parse: '/Users/builder/data/lanes/4009/f3074d2c/source/monodroid/builds/install/mono-armv6/etc/mono/assemblies/Mono.Android.Export/Mono.Android.Export.config'.
D/Mono    (10343): Assembly Ref addref Mono.Android.Export[0xeabbcd60] -> mscorlib[0xeabbb020]: 27
D/Mono    (10343): Assembly Ref addref Mono.Android.Export[0xeabbcd60] -> Mono.Android[0xeabbc100]: 17
D/Mono    (10343): Image addref System.Xml[0xeabbcca0] -> System.Xml.dll[0xdc297c00]: 2
D/Mono    (10343): Prepared to set up assembly 'System.Xml' (System.Xml.dll)
D/Mono    (10343): Assembly System.Xml[0xeabbcca0] added to domain RootDomain, ref_count=1
D/Mono    (10343): AOT module 'System.Xml.dll.so' not found: dlopen failed: library "/data/app/com.careerbuilder.SugarDrone-1/lib/arm/libaot-System.Xml.dll.so" not found
D/Mono    (10343): AOT module '/Users/builder/data/lanes/4009/f3074d2c/source/monodroid/builds/install/mono-armv6/lib/mono/aot-cache/arm/System.Xml.dll.so' not found: dlopen failed: library "/data/app/com.careerbuilder.SugarDrone-1/lib/arm/libaot-System.Xml.dll.so" not found
D/Mono    (10343): Config attempting to parse: 'System.Xml.dll.config'.
D/Mono    (10343): Config attempting to parse: '/Users/builder/data/lanes/4009/f3074d2c/source/monodroid/builds/install/mono-armv6/etc/mono/assemblies/System.Xml/System.Xml.config'.
D/Mono    (10343): Assembly Ref addref Mono.Android.Export[0xeabbcd60] -> System.Xml[0xeabbcca0]: 2
D/Mono    (10343): Assembly Ref addref System.Xml[0xeabbcca0] -> mscorlib[0xeabbb020]: 28
D/Mono    (10343): Assembly Ref addref Mono.Android[0xeabbc100] -> System.Xml[0xeabbcca0]: 3
I/ServiceManager(  539): Waiting for service AtCmdFwd...
D/Mono    (10343): Assembly Ref addref Mono.Android.Export[0xeabbcd60] -> System.Core[0xeabbc700]: 4
D/Mono    (10343): Image addref System.Net.Http[0xeabbcf40] -> System.Net.Http.dll[0xdab91900]: 2
D/Mono    (10343): Prepared to set up assembly 'System.Net.Http' (System.Net.Http.dll)
D/Mono    (10343): Assembly System.Net.Http[0xeabbcf40] added to domain RootDomain, ref_count=1
D/Mono    (10343): AOT module 'System.Net.Http.dll.so' not found: dlopen failed: library "/data/app/com.careerbuilder.SugarDrone-1/lib/arm/libaot-System.Net.Http.dll.so" not found
D/Mono    (10343): AOT module '/Users/builder/data/lanes/4009/f3074d2c/source/monodroid/builds/install/mono-armv6/lib/mono/aot-cache/arm/System.Net.Http.dll.so' not found: dlopen failed: library "/data/app/com.careerbuilder.SugarDrone-1/lib/arm/libaot-System.Net.Http.dll.so" not found
D/Mono    (10343): Config attempting to parse: 'System.Net.Http.dll.config'.
D/Mono    (10343): Config attempting to parse: '/Users/builder/data/lanes/4009/f3074d2c/source/monodroid/builds/install/mono-armv6/etc/mono/assemblies/System.Net.Http/System.Net.Http.config'.
D/Mono    (10343): Assembly Ref addref CareerBuilder_Search.Droid[0xeabbb080] -> System.Net.Http[0xeabbcf40]: 2
D/Mono    (10343): Assembly Ref addref System.Net.Http[0xeabbcf40] -> mscorlib[0xeabbb020]: 29
I/System.out(10343): Calabash loaded Mono
I/calabash(10343): Test server port: 7102
I/InstrumentationBackend(10343): Added:'NullAction', with key:'nullAction'
I/InstrumentationBackend(10343): Added:'GetActivityOrientation', with key:'get_activity_orientation'
I/InstrumentationBackend(10343): Added:'SetActivityOrientation', with key:'set_activity_orientation'
I/InstrumentationBackend(10343): Added:'DpToDevicePixel', with key:'dp_to_device_pixel'
I/InstrumentationBackend(10343): Added:'ClickOnScreen', with key:'click_on_screen'
I/InstrumentationBackend(10343): Added:'DoubleTapCoordinate', with key:'double_tap_coordinate'
I/InstrumentationBackend(10343): Added:'Drag', with key:'drag'
I/InstrumentationBackend(10343): Added:'DragCoordinates', with key:'drag_coordinates'
I/InstrumentationBackend(10343): Added:'LongPressCoordinate', with key:'long_press_coordinate'
I/InstrumentationBackend(10343): Added:'ResumeApplication', with key:'resume_application'
I/InstrumentationBackend(10343): Added:'Swipe', with key:'swipe'
I/InstrumentationBackend(10343): Added:'TouchCoordinates', with key:'touch_coordinate'
I/InstrumentationBackend(10343): Added:'ListActions', with key:'list_actions'
I/InstrumentationBackend(10343): Added:'SendTcp', with key:'send_tcp'
I/InstrumentationBackend(10343): Added:'PressElement', with key:'press_l10n_element'
I/InstrumentationBackend(10343): Added:'WaitForElement', with key:'wait_for_l10n_element'
I/InstrumentationBackend(10343): Added:'FakeGPSLocation', with key:'set_gps_coordinates'
I/InstrumentationBackend(10343): Added:'GetMapBounds', with key:'get_map_bounds'
I/InstrumentationBackend(10343): Added:'GetMapCenter', with key:'get_map_center'
I/InstrumentationBackend(10343): Added:'GetMapMarker', with key:'get_map_marker'
I/InstrumentationBackend(10343): Added:'GetMapMarkers', with key:'get_map_markers'
I/InstrumentationBackend(10343): Added:'GetMapZoom', with key:'get_map_zoom'
I/InstrumentationBackend(10343): Added:'PanMapTo', with key:'pan_map_to'
I/InstrumentationBackend(10343): Added:'SetMapCenter', with key:'set_map_center'
I/InstrumentationBackend(10343): Added:'SetMapZoom', with key:'set_map_zoom'
I/InstrumentationBackend(10343): Added:'TapAwayFromMarkers', with key:'tap_map_away_from_markers'
I/InstrumentationBackend(10343): Added:'TapMapMarker', with key:'tap_map_marker_by_title'
I/InstrumentationBackend(10343): Added:'ClearPreferences', with key:'clear_preferences'
I/InstrumentationBackend(10343): Added:'GetPreferences', with key:'get_preferences'
I/InstrumentationBackend(10343): Added:'SetPreferences', with key:'set_preferences'
I/InstrumentationBackend(10343): Added:'PressKey', with key:'press_key'
I/InstrumentationBackend(10343): Added:'DeleteSurroundingText', with key:'delete_surrounding_text'
I/InstrumentationBackend(10343): Added:'HideSoftKeyboard', with key:'hide_soft_keyboard'
I/InstrumentationBackend(10343): Added:'KeyboardEnterText', with key:'keyboard_enter_text'
I/InstrumentationBackend(10343): Added:'KeyboardKeyEvent', with key:'keyboard_key_event'
I/InstrumentationBackend(10343): Added:'PressUserActionButton', with key:'press_user_action_button'
I/InstrumentationBackend(10343): Added:'SetComposingRegion', with key:'set_composing_region'
I/InstrumentationBackend(10343): Added:'SetSelection', with key:'set_selection'
I/InstrumentationBackend(10343): Added:'AndroidSDKVersion', with key:'android_sdk_version'
I/InstrumentationBackend(10343): Added:'Version', with key:'version'
I/InstrumentationBackend(10343): Added:'GetActivityName', with key:'get_activity_name'
I/InstrumentationBackend(10343): Added:'IsCurrentActivityFocused', with key:'is_current_activity_focused'
I/InstrumentationBackend(10343): Added:'ScrollToView', with key:'scroll_to_view'
I/InstrumentationBackend(10343): Added:'ViewConfiguration', with key:'view_configuration'
I/InstrumentationBackend(10343): Added:'DumpBodyHtml', with key:'dump_body_html'
I/InstrumentationBackend(10343): Added:'DumpHtml', with key:'dump_html'
I/InstrumentationBackend(10343): Added:'EnterTextByCssSelector', with key:'enter_text_by_selector'
I/InstrumentationBackend(10343): Added:'GetLoadProgress', with key:'get_load_progress'
I/InstrumentationBackend(10343): Added:'GetUrl', with key:'get_url'
I/InstrumentationBackend(10343): Added:'ScrollTo', with key:'scroll_to'
I/InstrumentationBackend(10343): Added:'SetPropertyByCssSelector', with key:'set_property_by_css_selector'
I/calabash(10343): Instantiating http server at 7102
I/System.out(10343): HTTP Daemon listening on: 7102
I/System.out(10343): URI: /ready
I/System.out(10343): params: {}
I/System.out(10343): URI: /ready
I/System.out(10343): params: {}
I/ServiceManager(  539): Waiting for service AtCmdFwd...
I/ServiceManager(  539): Waiting for service AtCmdFwd...
I/System.out(10343): URI: /ping
I/System.out(10343): params: {json={"intent":null }
I/System.out(10343): }
I/art     (10343): Starting a blocking GC Explicit
I/art     (10343): Explicit concurrent mark sweep GC freed 5385(622KB) AllocSpace objects, 8(160KB) LOS objects, 40% free, 19MB/32MB, paused 705us total 33.802ms
I/art     (10343): Starting a blocking GC Explicit
I/art     (10343): Explicit concurrent mark sweep GC freed 71(2912B) AllocSpace objects, 0(0B) LOS objects, 40% free, 19MB/32MB, paused 350us total 13.629ms
I/System.out(10343): URI: /ready
I/System.out(10343): params: {json={"intent":null }
I/System.out(10343): }
I/art     (10343): Starting a blocking GC Explicit
I/art     (10343): Explicit concurrent mark sweep GC freed 202(64KB) AllocSpace objects, 3(60KB) LOS objects, 39% free, 19MB/32MB, paused 359us total 15.625ms
I/art     (10343): Starting a blocking GC Explicit
I/art     (10343): Explicit concurrent mark sweep GC freed 18(760B) AllocSpace objects, 0(0B) LOS objects, 40% free, 19MB/32MB, paused 299us total 13.604ms
I/art     (10343): Starting a blocking GC Explicit
I/art     (10343): Explicit concurrent mark sweep GC freed 3(96B) AllocSpace objects, 0(0B) LOS objects, 40% free, 19MB/32MB, paused 399us total 14.691ms
I/System.out(10343): URI: /start-application
I/System.out(10343): params: {json={"intent":null }
I/System.out(10343): }
I/calabash(10343): execStartActivity 4
I/ActivityManager(  926): START u0 {act=android.intent.action.MAIN cat=[android.intent.category.LAUNCHER] flg=0x10200000 cmp=com.careerbuilder.SugarDrone/md537fd6201b6818e2e180d2f7606e21a83.AppMainActivity (has extras)} from uid 19032 on display 0
I/calabash(10343): newActivity1
D/Mono    (10343): Assembly Ref addref CareerBuilder_Search.Droid[0xeabbb080] -> Xamarin.Android.Support.v7.AppCompat[0xeabbbbc0]: 2
D/Mono    (10343): Assembly Ref addref Xamarin.Android.Support.v7.AppCompat[0xeabbbbc0] -> Xamarin.Android.Support.v4[0xeabbba40]: 2
D/Mono    (10343): DllImport searching in: '__Internal' ('(null)').
D/Mono    (10343): Searching for 'java_interop_jnienv_get_array_length'.
D/Mono    (10343): Probing 'java_interop_jnienv_get_array_length'.
D/Mono    (10343): Found as 'java_interop_jnienv_get_array_length'.
D/Mono    (10343): Assembly Ref addref CareerBuilder_Search.Droid[0xeabbb080] -> CareerBuilder_Search[0xeabbc0a0]: 2
D/Mono    (10343): Assembly Ref addref CareerBuilder_Search.Droid[0xeabbb080] -> Xamarin.Android.Support.v4[0xeabbba40]: 3
D/Mono    (10343): DllImport searching in: '__Internal' ('(null)').
D/Mono    (10343): Searching for 'java_interop_jnienv_new_string'.
D/Mono    (10343): Probing 'java_interop_jnienv_new_string'.
D/Mono    (10343): Found as 'java_interop_jnienv_new_string'.
D/Mono    (10343): Assembly Ref addref CareerBuilder_Search.Droid[0xeabbb080] -> Plugin.CurrentActivity[0xeabbb500]: 2
D/Mono    (10343): Assembly Ref addref Plugin.CurrentActivity[0xeabbb500] -> mscorlib[0xeabbb020]: 30
D/Mono    (10343): Assembly Ref addref Plugin.CurrentActivity[0xeabbb500] -> Mono.Android[0xeabbc100]: 18
I/ServiceManager(  539): Waiting for service AtCmdFwd...
D/Mono    (10343): [0xda3ba930] worker starting
D/Mono    (10343): [0xda23f930] worker starting
D/Mono    (10343): Unloading image System.Runtime.dll [0xda903f00].
D/Mono    (10343): Image addref System.Runtime[0xef2d8540] -> System.Runtime.dll[0xea733e00]: 5
D/Mono    (10343): Config attempting to parse: 'System.Runtime.dll.config'.
D/Mono    (10343): Config attempting to parse: '/Users/builder/data/lanes/4009/f3074d2c/source/monodroid/builds/install/mono-armv6/etc/mono/assemblies/System.Runtime/System.Runtime.config'.
D/Mono    (10343): Assembly Ref addref CareerBuilder_Search[0xeabbc0a0] -> System.Runtime[0xeabbc1c0]: 3
D/Mono    (10343): Assembly Ref addref CareerBuilder_Search[0xeabbc0a0] -> Plugin.DeviceInfo.Abstractions[0xeabbb740]: 2
D/Mono    (10343): Unloading image System.Runtime.dll [0xda904400].
D/Mono    (10343): Image addref System.Runtime[0xef2d8540] -> System.Runtime.dll[0xea733e00]: 6
D/Mono    (10343): Config attempting to parse: 'System.Runtime.dll.config'.
D/Mono    (10343): Config attempting to parse: '/Users/builder/data/lanes/4009/f3074d2c/source/monodroid/builds/install/mono-armv6/etc/mono/assemblies/System.Runtime/System.Runtime.config'.
D/Mono    (10343): Assembly Ref addref Plugin.DeviceInfo.Abstractions[0xeabbb740] -> System.Runtime[0xeabbc1c0]: 4
D/Mono    (10343): Assembly Ref addref CareerBuilder_Search.Droid[0xeabbb080] -> Akavache[0xeabbb1a0]: 2
D/Mono    (10343): Assembly Ref addref Akavache[0xeabbb1a0] -> mscorlib[0xeabbb020]: 31
D/Mono    (10343): Assembly Ref addref Akavache[0xeabbb1a0] -> System.Reactive.Interfaces[0xeabbbe00]: 2
D/Mono    (10343): Assembly Ref addref Akavache[0xeabbb1a0] -> System.Reactive.Core[0xeabbbda0]: 2
D/Mono    (10343): Unloading image System.Runtime.dll [0xda904400].
D/Mono    (10343): Image addref System.Runtime[0xef2d8540] -> System.Runtime.dll[0xea733e00]: 7
D/Mono    (10343): Config attempting to parse: 'System.Runtime.dll.config'.
D/Mono    (10343): Config attempting to parse: '/Users/builder/data/lanes/4009/f3074d2c/source/monodroid/builds/install/mono-armv6/etc/mono/assemblies/System.Runtime/System.Runtime.config'.
D/Mono    (10343): Assembly Ref addref System.Reactive.Core[0xeabbbda0] -> System.Runtime[0xeabbc1c0]: 5
D/Mono    (10343): DllImport searching in: '__Internal' ('(null)').
D/Mono    (10343): Searching for 'java_interop_jnienv_call_nonvirtual_object_method_a'.
D/Mono    (10343): Probing 'java_interop_jnienv_call_nonvirtual_object_method_a'.
D/Mono    (10343): Found as 'java_interop_jnienv_call_nonvirtual_object_method_a'.
D/Mono    (10343): Assembly Ref addref CareerBuilder_Search.Droid[0xeabbb080] -> Microsoft.Practices.Unity[0xeabbb4a0]: 2
D/Mono    (10343): Unloading image System.Runtime.dll [0xda904400].
D/Mono    (10343): Image addref System.Runtime[0xef2d8540] -> System.Runtime.dll[0xea733e00]: 8
D/Mono    (10343): Config attempting to parse: 'System.Runtime.dll.config'.
D/Mono    (10343): Config attempting to parse: '/Users/builder/data/lanes/4009/f3074d2c/source/monodroid/builds/install/mono-armv6/etc/mono/assemblies/System.Runtime/System.Runtime.config'.
D/Mono    (10343): Assembly Ref addref Microsoft.Practices.Unity[0xeabbb4a0] -> System.Runtime[0xeabbc1c0]: 6
D/Mono    (10343): Unloading image System.Collections.dll [0xda904900].
D/Mono    (10343): Image addref System.Collections[0xef2d8540] -> System.Collections.dll[0xea736b00]: 5
D/Mono    (10343): Config attempting to parse: 'System.Collections.dll.config'.
D/Mono    (10343): Config attempting to parse: '/Users/builder/data/lanes/4009/f3074d2c/source/monodroid/builds/install/mono-armv6/etc/mono/assemblies/System.Collections/System.Collections.config'.
D/Mono    (10343): Assembly Ref addref Microsoft.Practices.Unity[0xeabbb4a0] -> System.Collections[0xeabbc460]: 3
D/Mono    (10343): Assembly Ref addref CareerBuilder_Search[0xeabbc0a0] -> Microsoft.Practices.Unity[0xeabbb4a0]: 3
D/Mono    (10343): Assembly Ref addref CareerBuilder_Search.Droid[0xeabbb080] -> Plugin.DeviceInfo.Abstractions[0xeabbb740]: 3
D/Mono    (10343): Unloading image System.Diagnostics.Debug.dll [0xda904900].
D/Mono    (10343): Image addref System.Diagnostics.Debug[0xef2d8540] -> System.Diagnostics.Debug.dll[0xea735c00]: 5
D/Mono    (10343): Config attempting to parse: 'System.Diagnostics.Debug.dll.config'.
D/Mono    (10343): Config attempting to parse: '/Users/builder/data/lanes/4009/f3074d2c/source/monodroid/builds/install/mono-armv6/etc/mono/assemblies/System.Diagnostics.Debug/System.Diagnostics.Debug.config'.
D/Mono    (10343): Assembly Ref addref CareerBuilder_Search[0xeabbc0a0] -> System.Diagnostics.Debug[0xeabbc340]: 3
D/Mono    (10343): Assembly Ref addref System.Diagnostics.Debug[0xeabbc340] -> mscorlib[0xeabbb020]: 32
D/Mono    (10343): Image addref System.Diagnostics.Tools[0xef2d8540] -> System.Diagnostics.Tools.dll[0xda904900]: 2
D/Mono    (10343): Prepared to set up assembly 'System.Diagnostics.Tools' (System.Diagnostics.Tools.dll)
D/Mono    (10343): Assembly System.Diagnostics.Tools[0xef2d8540] added to domain RootDomain, ref_count=1
D/Mono    (10343): AOT module 'System.Diagnostics.Tools.dll.so' not found: dlopen failed: library "/data/app/com.careerbuilder.SugarDrone-1/lib/arm/libaot-System.Diagnostics.Tools.dll.so" not found
D/Mono    (10343): AOT module '/Users/builder/data/lanes/4009/f3074d2c/source/monodroid/builds/install/mono-armv6/lib/mono/aot-cache/arm/System.Diagnostics.Tools.dll.so' not found: dlopen failed: library "/data/app/com.careerbuilder.SugarDrone-1/lib/arm/libaot-System.Diagnostics.Tools.dll.so" not found
D/Mono    (10343): Config attempting to parse: 'System.Diagnostics.Tools.dll.config'.
D/Mono    (10343): Config attempting to parse: '/Users/builder/data/lanes/4009/f3074d2c/source/monodroid/builds/install/mono-armv6/etc/mono/assemblies/System.Diagnostics.Tools/System.Diagnostics.Tools.config'.
D/Mono    (10343): Assembly Ref addref Microsoft.Practices.Unity[0xeabbb4a0] -> System.Diagnostics.Tools[0xef2d8540]: 2
D/Mono    (10343): Assembly Ref addref System.Diagnostics.Tools[0xef2d8540] -> mscorlib[0xeabbb020]: 33
D/Mono    (10343): Image addref System.Resources.ResourceManager[0xef2d8600] -> System.Resources.ResourceManager.dll[0xda904e00]: 2
D/Mono    (10343): Prepared to set up assembly 'System.Resources.ResourceManager' (System.Resources.ResourceManager.dll)
D/Mono    (10343): Assembly System.Resources.ResourceManager[0xef2d8600] added to domain RootDomain, ref_count=1
D/OpenGLRenderer(10343): Use EGL_SWAP_BEHAVIOR_PRESERVED: true
D/Mono    (10343): AOT module 'System.Resources.ResourceManager.dll.so' not found: dlopen failed: library "/data/app/com.careerbuilder.SugarDrone-1/lib/arm/libaot-System.Resources.ResourceManager.dll.so" not found
D/Mono    (10343): AOT module '/Users/builder/data/lanes/4009/f3074d2c/source/monodroid/builds/install/mono-armv6/lib/mono/aot-cache/arm/System.Resources.ResourceManager.dll.so' not found: dlopen failed: library "/data/app/com.careerbuilder.SugarDrone-1/lib/arm/libaot-System.Resources.ResourceManager.dll.so" not found
D/Mono    (10343): Config attempting to parse: 'System.Resources.ResourceManager.dll.config'.
D/Mono    (10343): Config attempting to parse: '/Users/builder/data/lanes/4009/f3074d2c/source/monodroid/builds/install/mono-armv6/etc/mono/assemblies/System.Resources.ResourceManager/System.Resources.ResourceManager.config'.
D/Mono    (10343): Assembly Ref addref Microsoft.Practices.Unity[0xeabbb4a0] -> System.Resources.ResourceManager[0xef2d8600]: 2
D/Mono    (10343): Assembly Ref addref System.Resources.ResourceManager[0xef2d8600] -> mscorlib[0xeabbb020]: 34
D/WifiStateMachine(  926): starting scan for "xtc-ag"WPA_PSK with 5240,5180,5220,5200
D/Mono    (10343): Unloading image System.Reflection.dll [0xda906700].
D/Mono    (10343): Image addref System.Reflection[0xef2d8660] -> System.Reflection.dll[0xea735200]: 5
D/Mono    (10343): Config attempting to parse: 'System.Reflection.dll.config'.
D/Mono    (10343): Config attempting to parse: '/Users/builder/data/lanes/4009/f3074d2c/source/monodroid/builds/install/mono-armv6/etc/mono/assemblies/System.Reflection/System.Reflection.config'.
D/Mono    (10343): Assembly Ref addref Microsoft.Practices.Unity[0xeabbb4a0] -> System.Reflection[0xeabbc280]: 3
D/Mono    (10343): Unloading image System.Linq.dll [0xda906700].
D/Mono    (10343): Image addref System.Linq[0xef2d89c0] -> System.Linq.dll[0xdc295e00]: 5
D/Mono    (10343): Config attempting to parse: 'System.Linq.dll.config'.
D/Mono    (10343): Config attempting to parse: '/Users/builder/data/lanes/4009/f3074d2c/source/monodroid/builds/install/mono-armv6/etc/mono/assemblies/System.Linq/System.Linq.config'.
D/Mono    (10343): Assembly Ref addref Microsoft.Practices.Unity[0xeabbb4a0] -> System.Linq[0xeabbc580]: 3
I/Adreno  (10343): QUALCOMM build                   : 63c06b2, I8366cd0437
I/Adreno  (10343): Build Date                       : 10/21/15
I/Adreno  (10343): OpenGL ES Shader Compiler Version: XE031.05.13.02
I/Adreno  (10343): Local Branch                     : 
I/Adreno  (10343): Remote Branch                    : quic/LA.BF64.1.2.9_v2
I/Adreno  (10343): Remote Branch                    : NONE
I/Adreno  (10343): Reconstruct Branch               : NOTHING
D/Mono    (10343): Unloading image System.Threading.dll [0xda906700].
D/Mono    (10343): Image addref System.Threading[0xef2d89c0] -> System.Threading.dll[0xea735700]: 5
D/Mono    (10343): Config attempting to parse: 'System.Threading.dll.config'.
D/Mono    (10343): Config attempting to parse: '/Users/builder/data/lanes/4009/f3074d2c/source/monodroid/builds/install/mono-armv6/etc/mono/assemblies/System.Threading/System.Threading.config'.
D/Mono    (10343): Assembly Ref addref Microsoft.Practices.Unity[0xeabbb4a0] -> System.Threading[0xeabbc2e0]: 3
I/OpenGLRenderer(10343): Initialized EGL, version 1.4
D/Mono    (10343): Image addref System.Globalization[0xef2d8780] -> System.Globalization.dll[0xd9c49600]: 2
D/Mono    (10343): Prepared to set up assembly 'System.Globalization' (System.Globalization.dll)
D/Mono    (10343): Assembly System.Globalization[0xef2d8780] added to domain RootDomain, ref_count=1
D/Mono    (10343): AOT module 'System.Globalization.dll.so' not found: dlopen failed: library "/data/app/com.careerbuilder.SugarDrone-1/lib/arm/libaot-System.Globalization.dll.so" not found
D/Mono    (10343): AOT module '/Users/builder/data/lanes/4009/f3074d2c/source/monodroid/builds/install/mono-armv6/lib/mono/aot-cache/arm/System.Globalization.dll.so' not found: dlopen failed: library "/data/app/com.careerbuilder.SugarDrone-1/lib/arm/libaot-System.Globalization.dll.so" not found
D/Mono    (10343): Config attempting to parse: 'System.Globalization.dll.config'.
D/Mono    (10343): Config attempting to parse: '/Users/builder/data/lanes/4009/f3074d2c/source/monodroid/builds/install/mono-armv6/etc/mono/assemblies/System.Globalization/System.Globalization.config'.
D/Mono    (10343): Assembly Ref addref Microsoft.Practices.Unity[0xeabbb4a0] -> System.Globalization[0xef2d8780]: 2
D/Mono    (10343): Assembly Ref addref System.Globalization[0xef2d8780] -> mscorlib[0xeabbb020]: 35
I/Keyboard.Facilitator( 3460): onFinishInput()
D/Mono    (10343): Image addref System.Runtime.Extensions[0xef2d8c00] -> System.Runtime.Extensions.dll[0xd9be3e00]: 2
D/Mono    (10343): Prepared to set up assembly 'System.Runtime.Extensions' (System.Runtime.Extensions.dll)
D/Mono    (10343): Assembly System.Runtime.Extensions[0xef2d8c00] added to domain RootDomain, ref_count=1
D/Mono    (10343): AOT module 'System.Runtime.Extensions.dll.so' not found: dlopen failed: library "/data/app/com.careerbuilder.SugarDrone-1/lib/arm/libaot-System.Runtime.Extensions.dll.so" not found
D/Mono    (10343): AOT module '/Users/builder/data/lanes/4009/f3074d2c/source/monodroid/builds/install/mono-armv6/lib/mono/aot-cache/arm/System.Runtime.Extensions.dll.so' not found: dlopen failed: library "/data/app/com.careerbuilder.SugarDrone-1/lib/arm/libaot-System.Runtime.Extensions.dll.so" not found
D/Mono    (10343): Config attempting to parse: 'System.Runtime.Extensions.dll.config'.
D/Mono    (10343): Config attempting to parse: '/Users/builder/data/lanes/4009/f3074d2c/source/monodroid/builds/install/mono-armv6/etc/mono/assemblies/System.Runtime.Extensions/System.Runtime.Extensions.config'.
D/Mono    (10343): Assembly Ref addref Microsoft.Practices.Unity[0xeabbb4a0] -> System.Runtime.Extensions[0xef2d8c00]: 2
D/Mono    (10343): Assembly Ref addref System.Runtime.Extensions[0xef2d8c00] -> mscorlib[0xeabbb020]: 36
D/Mono    (10343): Image addref System.Linq.Expressions[0xef2da460] -> System.Linq.Expressions.dll[0xd9be2000]: 2
D/Mono    (10343): Prepared to set up assembly 'System.Linq.Expressions' (System.Linq.Expressions.dll)
D/Mono    (10343): Assembly System.Linq.Expressions[0xef2da460] added to domain RootDomain, ref_count=1
D/Mono    (10343): AOT module 'System.Linq.Expressions.dll.so' not found: dlopen failed: library "/data/app/com.careerbuilder.SugarDrone-1/lib/arm/libaot-System.Linq.Expressions.dll.so" not found
