<![CDATA[D/ConnectivityService(  925): notifyType CAP_CHANGED for NetworkAgentInfo [WIFI () - 100]
I/ServiceManager(  541): Waiting for service AtCmdFwd...
W/Atfwd_Sendcmd(  541): AtCmdFwd service not published, waiting... retryCnt : 4
I/ThermalEngine(  518): ACTION: GPU - Setting GPU[0] to 600000000
D/ConnectivityService(  925): notifyType CAP_CHANGED for NetworkAgentInfo [WIFI () - 100]
I/ThermalEngine(  518): ACTION: GPU - Setting GPU[0] to 510000000

]]><xtc-scenario name="[0-1029]CareerBuilder_Search.DroidFeatureTests.JDPTests.SaveButtonShouldBeEnabled" id="[0-1029]CareerBuilder_Search.DroidFeatureTests.JDPTests.SaveButtonShouldBeEnabled"><![CDATA[

]]><xtc-step name="[0-1029]CareerBuilder_Search.DroidFeatureTests.JDPTests.SaveButtonShouldBeEnabled-SaveButtonShouldBeEnabled" id="[0-1029]CareerBuilder_Search.DroidFeatureTests.JDPTests.SaveButtonShouldBeEnabled-SaveButtonShouldBeEnabled"><![CDATA[
I/ActivityManager(  925): Killing 7134:com.google.android.apps.gcs/u0a11 (adj 15): empty #17
I/ThermalEngine(  518): ACTION: GPU - Setting GPU[0] to 450000000
D/WifiStateMachine(  925): starting scan for "xtc-ag"WPA_PSK with 5240,5180,5220,5200
D/AndroidRuntime( 8031): >>>>>> START com.android.internal.os.RuntimeInit uid 2000 <<<<<<
D/AndroidRuntime( 8031): CheckJNI is OFF
D/ICU     ( 8031): No timezone override file found: /data/misc/zoneinfo/current/icu/icu_tzdata.dat
I/Radio-JNI( 8031): register_android_hardware_Radio DONE
D/AndroidRuntime( 8031): Calling main entry com.android.commands.pm.Pm
I/art     ( 8031): System.exit called, status: 0
I/AndroidRuntime( 8031): VM exiting with result code 0.
D/ConnectivityService(  925): notifyType CAP_CHANGED for NetworkAgentInfo [WIFI () - 100]
D/ConnectivityService(  925): notifyType CAP_CHANGED for NetworkAgentInfo [WIFI () - 100]
I/ServiceManager(  541): Waiting for service AtCmdFwd...
I/ServiceManager(  541): Waiting for service AtCmdFwd...
I/ServiceManager(  541): Waiting for service AtCmdFwd...
I/ServiceManager(  541): Waiting for service AtCmdFwd...
I/ThermalEngine(  518): ACTION: GPU - Setting GPU[0] to 390000000
I/ServiceManager(  541): Waiting for service AtCmdFwd...
W/Atfwd_Sendcmd(  541): AtCmdFwd service not published, waiting... retryCnt : 5
D/NetlinkSocketObserver(  925): NeighborEvent{elapsedMs=195680, 10.22.0.1, [B0FAEB975089], RTM_NEWNEIGH, NUD_STALE}
I/ThermalEngine(  518): ACTION: GPU - Setting GPU[0] to 450000000
I/Keyboard.Facilitator.LanguageModelFlusher( 3433): run()
I/Keyboard.Facilitator( 3433): flushDynamicLanguageModels()
I/ThermalEngine(  518): ACTION: GPU - Setting GPU[0] to 390000000
I/ThermalEngine(  518): ACTION: GPU - Setting GPU[0] to 450000000
I/ThermalEngine(  518): ACTION: GPU - Setting GPU[0] to 390000000
I/ThermalEngine(  518): ACTION: GPU - Setting GPU[0] to 450000000
D/WifiStateMachine(  925): starting scan for "xtc-ag"WPA_PSK with 5240,5180,5220,5200
I/ThermalEngine(  518): ACTION: GPU - Setting GPU[0] to 390000000
W/ip      ( 8633): type=1400 audit(0.0:73): avc: denied { search } for name="net" dev="dm-2" ino=3440648 scontext=u:r:shell:s0 tcontext=u:object_r:net_data_file:s0 tclass=dir permissive=0
I/ThermalEngine(  518): ACTION: GPU - Setting GPU[0] to 450000000
I/Atfwd_Sendcmd(  541): AtCmdFwd service not ready - Exhausted retry attempts - :6
I/Atfwd_Daemon(  541): result : -1 	 ,Init step :2 	 ,qmiErrorCode: 0
I/ThermalEngine(  518): ACTION: GPU - Setting GPU[0] to 390000000
I/ThermalEngine(  518): ACTION: GPU - Setting GPU[0] to 450000000
D/AndroidRuntime( 8783): >>>>>> START com.android.internal.os.RuntimeInit uid 2000 <<<<<<
D/AndroidRuntime( 8783): CheckJNI is OFF
D/ICU     ( 8783): No timezone override file found: /data/misc/zoneinfo/current/icu/icu_tzdata.dat
I/Radio-JNI( 8783): register_android_hardware_Radio DONE
D/AndroidRuntime( 8783): Calling main entry com.android.commands.am.Am
W/ActivityManager(  925): Invalid packageName: com.careerbuilder.SugarDrone
D/AndroidRuntime( 8783): Shutting down VM
I/ThermalEngine(  518): ACTION: GPU - Setting GPU[0] to 390000000
I/ServiceManager(  541): Waiting for service AtCmdFwd...
I/ServiceManager(  541): Waiting for service AtCmdFwd...
I/ServiceManager(  541): Waiting for service AtCmdFwd...
I/ServiceManager(  541): Waiting for service AtCmdFwd...
I/ServiceManager(  541): Waiting for service AtCmdFwd...
I/ThermalEngine(  518): ACTION: GPU - Setting GPU[0] to 450000000
W/Atfwd_Sendcmd(  541): AtCmdFwd service not published, waiting... retryCnt : 1
I/ThermalEngine(  518): ACTION: GPU - Setting GPU[0] to 390000000
D/WifiStateMachine(  925): starting scan for "xtc-ag"WPA_PSK with 5240,5180,5220,5200
I/ServiceManager(  541): Waiting for service AtCmdFwd...
I/ServiceManager(  541): Waiting for service AtCmdFwd...
I/ServiceManager(  541): Waiting for service AtCmdFwd...
I/ThermalEngine(  518): ACTION: GPU - Setting GPU[0] to 450000000
I/ServiceManager(  541): Waiting for service AtCmdFwd...
I/ServiceManager(  541): Waiting for service AtCmdFwd...
D/ConnectivityService(  925): notifyType CAP_CHANGED for NetworkAgentInfo [WIFI () - 100]
I/ThermalEngine(  518): ACTION: GPU - Setting GPU[0] to 390000000
W/Atfwd_Sendcmd(  541): AtCmdFwd service not published, waiting... retryCnt : 2
D/ConnectivityService(  925): notifyType CAP_CHANGED for NetworkAgentInfo [WIFI () - 100]
I/ThermalEngine(  518): ACTION: GPU - Setting GPU[0] to 450000000
I/ThermalEngine(  518): ACTION: GPU - Setting GPU[0] to 390000000
I/ServiceManager(  541): Waiting for service AtCmdFwd...
D/AndroidRuntime( 9167): >>>>>> START com.android.internal.os.RuntimeInit uid 2000 <<<<<<
D/AndroidRuntime( 9167): CheckJNI is OFF
D/ICU     ( 9167): No timezone override file found: /data/misc/zoneinfo/current/icu/icu_tzdata.dat
I/Radio-JNI( 9167): register_android_hardware_Radio DONE
D/AndroidRuntime( 9167): Calling main entry com.android.commands.pm.Pm
I/ActivityManager(  925): Start proc 9188:com.android.defcontainer/u0a7 for service com.android.defcontainer/.DefaultContainerService
D/DefContainer( 9188): Copying /data/local/tmp/0000005022 to base.apk
I/ServiceManager(  541): Waiting for service AtCmdFwd...
I/ServiceManager(  541): Waiting for service AtCmdFwd...
I/PackageManager.DexOptimizer(  925): Running dexopt (dex2oat) on: /data/app/vmdl638973589.tmp/base.apk pkg=com.careerbuilder.SugarDrone isa=arm vmSafeMode=false debuggable=true oatDir = /data/app/vmdl638973589.tmp/oat bootComplete=true
I/dex2oat ( 9222): /system/bin/dex2oat -j2 --debuggable
W/dex2oat ( 9222): Before Android 4.1, method android.graphics.PorterDuffColorFilter android.support.graphics.drawable.VectorDrawableCompat.updateTintFilter(android.graphics.PorterDuffColorFilter, android.content.res.ColorStateList, android.graphics.PorterDuff$Mode) would have incorrectly overridden the package-private method in android.graphics.drawable.Drawable
W/dex2oat ( 9222): Before Android 4.1, method int android.support.v7.widget.ListViewCompat.lookForSelectablePosition(int, boolean) would have incorrectly overridden the package-private method in android.widget.ListView
I/ServiceManager(  541): Waiting for service AtCmdFwd...
I/ServiceManager(  541): Waiting for service AtCmdFwd...
W/Atfwd_Sendcmd(  541): AtCmdFwd service not published, waiting... retryCnt : 3
W/dex2oat ( 9222): Compilation of void net.hockeyapp.android.CrashManager.registerHandler(java.lang.ref.WeakReference, net.hockeyapp.android.CrashManagerListener, boolean) took 111.084ms
D/NetlinkSocketObserver(  925): NeighborEvent{elapsedMs=262360, 10.22.0.1, [B0FAEB975089], RTM_NEWNEIGH, NUD_PROBE}
I/dex2oat ( 9222): dex2oat took 5.525s (threads: 2) arena alloc=642KB java alloc=5MB native alloc=20MB free=3MB
W/PackageManager(  925): Not granting permission android.permission.MANAGE_DOCUMENTS to package com.careerbuilder.SugarDrone (protectionLevel=2 flags=0x3808be46)
W/PackageManager(  925): Not granting permission android.permission.MOUNT_UNMOUNT_FILESYSTEMS to package com.careerbuilder.SugarDrone (protectionLevel=18 flags=0x3808be46)
V/BackupManagerService(  925): restoreAtInstall pkg=com.careerbuilder.SugarDrone token=5 restoreSet=0
V/BackupManagerService(  925): Finishing install immediately
W/Settings(  925): Setting install_non_market_apps has moved from android.provider.Settings.Global to android.provider.Settings.Secure, returning read-only value.
I/art     (  925): Starting a blocking GC Explicit
I/art     (  925): Explicit concurrent mark sweep GC freed 24414(1544KB) AllocSpace objects, 4(80KB) LOS objects, 33% free, 30MB/45MB, paused 1.917ms total 101.431ms
I/art     ( 9167): System.exit called, status: 0
I/AndroidRuntime( 9167): VM exiting with result code 0.
I/ActivityManager(  925): Start proc 9295:com.google.android.partnersetup/u0a18 for broadcast com.google.android.partnersetup/.RlzPingBroadcastReceiver
D/CarrierServiceBindHelper( 3588): Receive action: android.intent.action.PACKAGE_ADDED
D/CarrierServiceBindHelper( 3588): mHandler: 3
D/CarrierConfigLoader( 3588): mHandler: 9 phoneId: 0
I/InputReader(  925): Reconfiguring input devices.  changes=0x00000010
W/System  ( 9295): ClassLoader referenced unknown path: /system/priv-app/GooglePartnerSetup/lib/arm64
I/ActivityManager(  925): Start proc 9318:com.android.musicfx/u0a21 for broadcast com.android.musicfx/.Compatibility$Receiver
I/ActivityManager(  925): Killing 7260:com.android.sdm.plugins.sprintdm/1001 (adj 15): empty #17
W/System  ( 9318): ClassLoader referenced unknown path: /system/priv-app/MusicFX/lib/arm64
I/ActivityManager(  925): Start proc 9334:com.android.vending/u0a22 for broadcast com.android.vending/com.google.android.finsky.receivers.PackageMonitorReceiver$RegisteredReceiver
I/ActivityManager(  925): Killing 7281:com.android.chrome/u0a39 (adj 15): empty #17
W/System  ( 9334): ClassLoader referenced unknown path: /system/priv-app/Phonesky/lib/arm64
W/Finsky  ( 9334): [1] FinskyApp.getCurrentAccount: No account configured on this device.
D/Finsky  ( 9334): [1] FinskyApp.onCreate: Initializing network with DFE https://android.clients.google.com/fdfe/
W/Finsky  ( 9334): [1] FinskyApp.getCurrentAccount: No account configured on this device.
W/Finsky  ( 9334): [1] FinskyApp.getCurrentAccount: No account configured on this device.
W/Finsky  ( 9334): [1] FinskyApp.getCurrentAccount: No account configured on this device.
W/Finsky  ( 9334): [1] FinskyApp.getCurrentAccount: No account configured on this device.
W/Finsky  ( 9334): [1] FinskyApp.getCurrentAccount: No account configured on this device.
W/Finsky  ( 9334): [1] FinskyApp.getCurrentAccount: No account configured on this device.
W/Finsky  ( 9334): [1] FinskyApp.getCurrentAccount: No account configured on this device.
D/Finsky  ( 9334): [1] DailyHygiene.goMakeHygieneIfDirty: No need to run daily hygiene.
W/Settings( 9334): Setting download_manager_max_bytes_over_mobile has moved from android.provider.Settings.Secure to android.provider.Settings.Global.
W/Settings( 9334): Setting download_manager_recommended_max_bytes_over_mobile has moved from android.provider.Settings.Secure to android.provider.Settings.Global.
W/Finsky  ( 9334): [1] FinskyApp.getCurrentAccount: No account configured on this device.
W/Finsky  ( 9334): [1] FinskyApp.getCurrentAccount: No account configured on this device.
W/Finsky  ( 9334): [1] FinskyApp.getDfeApi: No account configured on this device.
W/Finsky  ( 9334): [1] FinskyApp.getCurrentAccount: No account configured on this device.
I/ActivityManager(  925): Start proc 9374:com.google.android.apps.docs/u0a43 for broadcast com.google.android.apps.docs/.receivers.AppPackageAddRemoveReceiver
I/UpdateIcingCorporaServi( 5001): Updating corpora: APPS=com.careerbuilder.SugarDrone, CONTACTS=MAYBE
D/Ads     ( 9334): Skipping gmscore version check
W/System  ( 9374): ClassLoader referenced unknown path: /system/app/Drive/lib/arm64
W/IcingInternalCorpora( 4359): getNumBytesRead when not calculated.
D/Finsky  ( 9334): [1] ExternalReferrer.access$200: Package state data is missing for com.careerbuilder.SugarDrone
I/Icing   ( 4359): Usage reports 0 indexed 0 rejected 0 imm upload true
I/UpdateIcingCorporaServi( 5001): UpdateCorporaTask done [took 272 ms] updated apps [took 272 ms] 
W/Finsky  ( 9334): [1] FinskyApp.getCurrentAccount: No account configured on this device.
W/Finsky  ( 9334): [1] FinskyApp.getCurrentAccount: No account configured on this device.
D/AndroidRuntime( 9330): >>>>>> START com.android.internal.os.RuntimeInit uid 2000 <<<<<<
D/AndroidRuntime( 9330): CheckJNI is OFF
D/Finsky  ( 9334): [1] GmsCoreHelper.cleanupNlp: result=false type=4
D/Finsky  ( 9334): [1] RestoreTracker.stopServiceIfDone: Restore complete with 0 success and 0 failed.
D/ICU     ( 9330): No timezone override file found: /data/misc/zoneinfo/current/icu/icu_tzdata.dat
I/Radio-JNI( 9330): register_android_hardware_Radio DONE
D/AndroidRuntime( 9330): Calling main entry com.android.commands.settings.SettingsCmd
D/AndroidRuntime( 9330): Shutting down VM
E/art     ( 9330): Thread attaching while runtime is shutting down: Binder_1
I/AndroidRuntime( 9330): NOTE: attach of thread 'Binder_1' failed
I/GAv4    ( 9374): Google Analytics 7.8.95 is starting up. To enable debug logging on a device run:
I/GAv4    ( 9374):   adb shell setprop log.tag.GAv4 DEBUG
I/GAv4    ( 9374):   adb logcat -s GAv4
W/GAv4    ( 9374): AnalyticsReceiver is not registered or is disabled. Register the receiver for reliable dispatching on non-Google Play devices. See http://goo.gl/8Rd3yj for instructions.
W/GAv4    ( 9374): CampaignTrackingReceiver is not registered, not exported or is disabled. Installation campaign tracking is not possible. See http://goo.gl/8Rd3yj for instructions.
W/AnalyticsTrackerProxyImpl( 9374): Analytics setup for ID UA-21125203-2, app name Drive, version 2.3.327.05.46
W/GAv4    ( 9374): AnalyticsService not registered in the app manifest. Hits might not be delivered reliably. See http://goo.gl/8Rd3yj for instructions.
I/ActivityManager(  925): Killing 7068:com.google.android.talk/u0a53 (adj 15): empty #17
D/Wear_Controller( 4359): Received broadcast action=android.intent.action.PACKAGE_ADDED and uri=com.careerbuilder.SugarDrone
I/PeopleContactsSync( 4359): triggerPendingContactsCleanup: no accounts
I/Icing   ( 4359): Usage reports 0 indexed 0 rejected 0 imm upload false
I/Icing   ( 4359): Usage reports 0 indexed 0 rejected 0 imm upload false
I/Icing   ( 4359): Indexing 28F82D1719B878795C499362459A54C53C07CE39 from com.google.android.googlequicksearchbox
I/Icing   ( 4359): Indexing done 28F82D1719B878795C499362459A54C53C07CE39
D/AndroidRuntime( 9416): >>>>>> START com.android.internal.os.RuntimeInit uid 2000 <<<<<<
D/AndroidRuntime( 9416): CheckJNI is OFF
W/linker  ( 9374): /data/app/com.google.android.gms-2/lib/arm64/libconscrypt_gmscore_jni.so: unused DT entry: type 0x1d arg 0x80
V/JNIHelp ( 9374): Registering com/google/android/gms/org/conscrypt/NativeCrypto's 242 native methods...
I/art     ( 9374): Rejecting re-init on previously-failed class java.lang.Class<com.google.android.gms.org.conscrypt.OpenSSLExtendedSessionImpl>
D/ICU     ( 9416): No timezone override file found: /data/misc/zoneinfo/current/icu/icu_tzdata.dat
I/art     ( 9374): Rejecting re-init on previously-failed class java.lang.Class<com.google.android.gms.org.conscrypt.OpenSSLExtendedSessionImpl>
I/ProviderInstaller( 9374): Installed default security provider GmsCore_OpenSSL
I/Radio-JNI( 9416): register_android_hardware_Radio DONE
D/AndroidRuntime( 9416): Calling main entry com.android.commands.settings.SettingsCmd
D/AndroidRuntime( 9416): Shutting down VM
I/Icing   ( 4359): Indexing 0469E070D22A38B042E767B0F2FFD16370CACCB7 from com.google.android.gms
I/Icing   ( 4359): Indexing done 0469E070D22A38B042E767B0F2FFD16370CACCB7
I/ActivityManager(  925): Killing 7308:com.google.android.apps.photos/u0a62 (adj 15): empty #17
D/AndroidRuntime( 9459): >>>>>> START com.android.internal.os.RuntimeInit uid 2000 <<<<<<
D/AndroidRuntime( 9459): CheckJNI is OFF
D/ICU     ( 9459): No timezone override file found: /data/misc/zoneinfo/current/icu/icu_tzdata.dat
I/Radio-JNI( 9459): register_android_hardware_Radio DONE
D/AndroidRuntime( 9459): Calling main entry com.android.commands.settings.SettingsCmd
D/AndroidRuntime( 9459): Shutting down VM
D/AndroidRuntime( 9482): >>>>>> START com.android.internal.os.RuntimeInit uid 2000 <<<<<<
D/AndroidRuntime( 9482): CheckJNI is OFF
D/ICU     ( 9482): No timezone override file found: /data/misc/zoneinfo/current/icu/icu_tzdata.dat
I/Radio-JNI( 9482): register_android_hardware_Radio DONE
D/AndroidRuntime( 9482): Calling main entry com.android.commands.settings.SettingsCmd
D/AndroidRuntime( 9482): Shutting down VM
E/art     ( 9482): Thread attaching while runtime is shutting down: Binder_2
I/AndroidRuntime( 9482): NOTE: attach of thread 'Binder_2' failed
D/AndroidRuntime( 9504): >>>>>> START com.android.internal.os.RuntimeInit uid 2000 <<<<<<
D/AndroidRuntime( 9504): CheckJNI is OFF
D/ICU     ( 9504): No timezone override file found: /data/misc/zoneinfo/current/icu/icu_tzdata.dat
I/Radio-JNI( 9504): register_android_hardware_Radio DONE
D/AndroidRuntime( 9504): Calling main entry com.android.commands.settings.SettingsCmd
D/AndroidRuntime( 9504): Shutting down VM
D/AndroidRuntime( 9528): >>>>>> START com.android.internal.os.RuntimeInit uid 2000 <<<<<<
D/AndroidRuntime( 9528): CheckJNI is OFF
D/ICU     ( 9528): No timezone override file found: /data/misc/zoneinfo/current/icu/icu_tzdata.dat
I/Radio-JNI( 9528): register_android_hardware_Radio DONE
D/AndroidRuntime( 9528): Calling main entry com.android.commands.appops.AppOpsCommand
D/AndroidRuntime( 9528): Shutting down VM
D/AndroidRuntime( 9550): >>>>>> START com.android.internal.os.RuntimeInit uid 2000 <<<<<<
D/AndroidRuntime( 9550): CheckJNI is OFF
D/ICU     ( 9550): No timezone override file found: /data/misc/zoneinfo/current/icu/icu_tzdata.dat
I/Radio-JNI( 9550): register_android_hardware_Radio DONE
D/AndroidRuntime( 9550): Calling main entry com.android.commands.pm.Pm
I/art     ( 9550): System.exit called, status: 0
I/AndroidRuntime( 9550): VM exiting with result code 0.
I/ActivityManager(  925): Killing 7697:com.android.providers.calendar/u0a1 (adj 15): empty #17
D/AndroidRuntime( 9592): >>>>>> START com.android.internal.os.RuntimeInit uid 2000 <<<<<<
D/AndroidRuntime( 9592): CheckJNI is OFF
D/ICU     ( 9592): No timezone override file found: /data/misc/zoneinfo/current/icu/icu_tzdata.dat
I/Radio-JNI( 9592): register_android_hardware_Radio DONE
D/AndroidRuntime( 9592): Calling main entry com.android.commands.pm.Pm
I/art     ( 9592): System.exit called, status: 0
I/AndroidRuntime( 9592): VM exiting with result code 0.
I/ServiceManager(  541): Waiting for service AtCmdFwd...
I/ServiceManager(  541): Waiting for service AtCmdFwd...
D/AndroidRuntime( 9664): >>>>>> START com.android.internal.os.RuntimeInit uid 2000 <<<<<<
D/AndroidRuntime( 9664): CheckJNI is OFF
D/ICU     ( 9664): No timezone override file found: /data/misc/zoneinfo/current/icu/icu_tzdata.dat
I/Radio-JNI( 9664): register_android_hardware_Radio DONE
D/AndroidRuntime( 9664): Calling main entry com.android.commands.am.Am
W/ActivityManager(  925): Invalid packageName: com.careerbuilder.SugarDrone.test
D/AndroidRuntime( 9664): Shutting down VM
D/WifiStateMachine(  925): starting scan for "xtc-ag"WPA_PSK with 5240,5180,5220,5200
I/ServiceManager(  541): Waiting for service AtCmdFwd...
D/AndroidRuntime( 9692): >>>>>> START com.android.internal.os.RuntimeInit uid 2000 <<<<<<
D/AndroidRuntime( 9692): CheckJNI is OFF
D/ICU     ( 9692): No timezone override file found: /data/misc/zoneinfo/current/icu/icu_tzdata.dat
I/Radio-JNI( 9692): register_android_hardware_Radio DONE
D/AndroidRuntime( 9692): Calling main entry com.android.commands.pm.Pm
D/DefContainer( 9188): Copying /data/local/tmp/0000005026 to base.apk
I/PackageManager.DexOptimizer(  925): Running dexopt (dex2oat) on: /data/app/vmdl1339528764.tmp/base.apk pkg=com.careerbuilder.SugarDrone.test isa=arm64 vmSafeMode=false debuggable=false oatDir = /data/app/vmdl1339528764.tmp/oat bootComplete=true
I/dex2oat ( 9714): /system/bin/dex2oat -j2
W/ip      ( 9720): type=1400 audit(0.0:74): avc: denied { search } for name="net" dev="dm-2" ino=3440648 scontext=u:r:shell:s0 tcontext=u:object_r:net_data_file:s0 tclass=dir permissive=0
I/ServiceManager(  541): Waiting for service AtCmdFwd...
W/dex2oat ( 9714): No verified method for method calling String.<init>: java.lang.String android.text.TextUtils.substring(java.lang.CharSequence, int, int)
W/dex2oat ( 9714): No verified method for method calling String.<init>: java.lang.String android.text.TextUtils.substring(java.lang.CharSequence, int, int)
I/ServiceManager(  541): Waiting for service AtCmdFwd...
I/dex2oat ( 9714): Skipping compilation of void sh.calaba.org.codehaus.jackson.impl.Utf8StreamParser._skipString(): it contains a non natural loop
D/Finsky  ( 9334): [384] AppStatesReplicator.handleContentSyncResponse: Completed 0 account content syncs with 0 successful.
D/Finsky  ( 9334): [1] ContentSyncService$5.onFinished: Installation state replication succeeded.
W/Atfwd_Sendcmd(  541): AtCmdFwd service not published, waiting... retryCnt : 4
I/dex2oat ( 9714): dex2oat took 2.601s (threads: 2) arena alloc=2MB java alloc=2MB native alloc=9MB free=1896KB
W/PackageManager(  925): Not granting permission android.permission.ACCESS_MOCK_LOCATION to package com.careerbuilder.SugarDrone.test (protectionLevel=2 flags=0x1800be44)
V/BackupManagerService(  925): restoreAtInstall pkg=com.careerbuilder.SugarDrone.test token=6 restoreSet=0
V/BackupManagerService(  925): Finishing install immediately
W/Settings(  925): Setting install_non_market_apps has moved from android.provider.Settings.Global to android.provider.Settings.Secure, returning read-only value.
I/art     (  925): Starting a blocking GC Explicit
I/art     (  925): Explicit concurrent mark sweep GC freed 104825(6MB) AllocSpace objects, 17(380KB) LOS objects, 33% free, 30MB/45MB, paused 1.649ms total 102.995ms
I/InputReader(  925): Reconfiguring input devices.  changes=0x00000010
I/art     ( 9692): System.exit called, status: 0
I/AndroidRuntime( 9692): VM exiting with result code 0.
D/CarrierServiceBindHelper( 3588): Receive action: android.intent.action.PACKAGE_ADDED
D/CarrierServiceBindHelper( 3588): mHandler: 3
D/CarrierConfigLoader( 3588): mHandler: 9 phoneId: 0
D/Finsky  ( 9334): [1] ExternalReferrer.access$200: Package state data is missing for com.careerbuilder.SugarDrone.test
I/UpdateIcingCorporaServi( 5001): Updating corpora: APPS=com.careerbuilder.SugarDrone.test, CONTACTS=MAYBE
I/UpdateIcingCorporaServi( 5001): UpdateCorporaTask done [took 64 ms] updated apps [took 64 ms] 
D/Wear_Controller( 4359): Received broadcast action=android.intent.action.PACKAGE_ADDED and uri=com.careerbuilder.SugarDrone.test
I/PeopleContactsSync( 4359): triggerPendingContactsCleanup: no accounts
W/IcingInternalCorpora( 4359): getNumBytesRead when not calculated.
I/Icing   ( 4359): Usage reports 0 indexed 0 rejected 0 imm upload false
I/Icing   ( 4359): Usage reports 0 indexed 0 rejected 0 imm upload false
D/AndroidRuntime( 9769): >>>>>> START com.android.internal.os.RuntimeInit uid 2000 <<<<<<
D/AndroidRuntime( 9769): CheckJNI is OFF
D/ICU     ( 9769): No timezone override file found: /data/misc/zoneinfo/current/icu/icu_tzdata.dat
I/Radio-JNI( 9769): register_android_hardware_Radio DONE
D/AndroidRuntime( 9769): Calling main entry com.android.commands.settings.SettingsCmd
D/AndroidRuntime( 9769): Shutting down VM
I/Icing   ( 4359): Indexing 0469E070D22A38B042E767B0F2FFD16370CACCB7 from com.google.android.gms
I/Icing   ( 4359): Indexing done 0469E070D22A38B042E767B0F2FFD16370CACCB7
D/AndroidRuntime( 9809): >>>>>> START com.android.internal.os.RuntimeInit uid 2000 <<<<<<
D/AndroidRuntime( 9809): CheckJNI is OFF
D/ICU     ( 9809): No timezone override file found: /data/misc/zoneinfo/current/icu/icu_tzdata.dat
I/Radio-JNI( 9809): register_android_hardware_Radio DONE
D/AndroidRuntime( 9809): Calling main entry com.android.commands.settings.SettingsCmd
D/AndroidRuntime( 9809): Shutting down VM
D/AndroidRuntime( 9835): >>>>>> START com.android.internal.os.RuntimeInit uid 2000 <<<<<<
D/AndroidRuntime( 9835): CheckJNI is OFF
D/ICU     ( 9835): No timezone override file found: /data/misc/zoneinfo/current/icu/icu_tzdata.dat
I/Radio-JNI( 9835): register_android_hardware_Radio DONE
D/AndroidRuntime( 9835): Calling main entry com.android.commands.settings.SettingsCmd
D/AndroidRuntime( 9835): Shutting down VM
D/AndroidRuntime( 9858): >>>>>> START com.android.internal.os.RuntimeInit uid 2000 <<<<<<
D/AndroidRuntime( 9858): CheckJNI is OFF
D/ICU     ( 9858): No timezone override file found: /data/misc/zoneinfo/current/icu/icu_tzdata.dat
I/Radio-JNI( 9858): register_android_hardware_Radio DONE
D/AndroidRuntime( 9858): Calling main entry com.android.commands.settings.SettingsCmd
D/AndroidRuntime( 9858): Shutting down VM
D/AndroidRuntime( 9880): >>>>>> START com.android.internal.os.RuntimeInit uid 2000 <<<<<<
D/AndroidRuntime( 9880): CheckJNI is OFF
D/ICU     ( 9880): No timezone override file found: /data/misc/zoneinfo/current/icu/icu_tzdata.dat
I/Radio-JNI( 9880): register_android_hardware_Radio DONE
D/AndroidRuntime( 9880): Calling main entry com.android.commands.settings.SettingsCmd
D/AndroidRuntime( 9880): Shutting down VM
D/AndroidRuntime( 9902): >>>>>> START com.android.internal.os.RuntimeInit uid 2000 <<<<<<
D/AndroidRuntime( 9902): CheckJNI is OFF
D/ICU     ( 9902): No timezone override file found: /data/misc/zoneinfo/current/icu/icu_tzdata.dat
I/Radio-JNI( 9902): register_android_hardware_Radio DONE
D/AndroidRuntime( 9902): Calling main entry com.android.commands.appops.AppOpsCommand
D/AndroidRuntime( 9902): Shutting down VM
D/AndroidRuntime( 9925): >>>>>> START com.android.internal.os.RuntimeInit uid 2000 <<<<<<
D/AndroidRuntime( 9925): CheckJNI is OFF
D/ICU     ( 9925): No timezone override file found: /data/misc/zoneinfo/current/icu/icu_tzdata.dat
I/Radio-JNI( 9925): register_android_hardware_Radio DONE
D/AndroidRuntime( 9925): Calling main entry com.android.commands.pm.Pm
I/art     ( 9925): System.exit called, status: 0
I/AndroidRuntime( 9925): VM exiting with result code 0.
D/AndroidRuntime( 9965): >>>>>> START com.android.internal.os.RuntimeInit uid 2000 <<<<<<
D/AndroidRuntime( 9965): CheckJNI is OFF
D/ICU     ( 9965): No timezone override file found: /data/misc/zoneinfo/current/icu/icu_tzdata.dat
I/Radio-JNI( 9965): register_android_hardware_Radio DONE
D/AndroidRuntime( 9965): Calling main entry com.android.commands.pm.Pm
I/art     ( 9965): System.exit called, status: 0
I/AndroidRuntime( 9965): VM exiting with result code 0.
D/AndroidRuntime(10032): >>>>>> START com.android.internal.os.RuntimeInit uid 2000 <<<<<<
D/AndroidRuntime(10032): CheckJNI is OFF
D/ICU     (10032): No timezone override file found: /data/misc/zoneinfo/current/icu/icu_tzdata.dat
I/Radio-JNI(10032): register_android_hardware_Radio DONE
D/AndroidRuntime(10032): Calling main entry com.android.commands.input.Input
I/Input   (10032): injectKeyEvent: KeyEvent { action=ACTION_DOWN, keyCode=KEYCODE_BACK, scanCode=0, metaState=0, flags=0x0, repeatCount=0, eventTime=293948, downTime=293948, deviceId=-1, source=0x101 }
I/Input   (10032): injectKeyEvent: KeyEvent { action=ACTION_UP, keyCode=KEYCODE_BACK, scanCode=0, metaState=0, flags=0x0, repeatCount=0, eventTime=293948, downTime=293948, deviceId=-1, source=0x101 }
D/EmojiAltPhysicalKeyDetector( 3433): onKeyUp() : KeyEvent { action=ACTION_UP, keyCode=KEYCODE_BACK, scanCode=0, metaState=0, flags=0x0, repeatCount=0, eventTime=293948, downTime=293948, deviceId=-1, source=0x101 }
D/EmojiAltPhysicalKeyDetector( 3433): onKeyUp() : Disabled
D/AndroidRuntime(10032): Shutting down VM
D/AndroidRuntime(10084): >>>>>> START com.android.internal.os.RuntimeInit uid 2000 <<<<<<
D/AndroidRuntime(10084): CheckJNI is OFF
D/ICU     (10084): No timezone override file found: /data/misc/zoneinfo/current/icu/icu_tzdata.dat
I/Radio-JNI(10084): register_android_hardware_Radio DONE
D/AndroidRuntime(10084): Calling main entry com.android.commands.input.Input
I/Input   (10084): injectKeyEvent: KeyEvent { action=ACTION_DOWN, keyCode=KEYCODE_HOME, scanCode=0, metaState=0, flags=0x0, repeatCount=0, eventTime=295937, downTime=295937, deviceId=-1, source=0x101 }
I/Input   (10084): injectKeyEvent: KeyEvent { action=ACTION_UP, keyCode=KEYCODE_HOME, scanCode=0, metaState=0, flags=0x0, repeatCount=0, eventTime=295937, downTime=295937, deviceId=-1, source=0x101 }
I/ActivityManager(  925): START u0 {act=android.intent.action.MAIN cat=[android.intent.category.HOME] flg=0x10200000 cmp=com.google.android.googlequicksearchbox/com.google.android.launcher.GEL (has extras)} from uid 1000 on display 0
D/AndroidRuntime(10084): Shutting down VM
I/GEL     ( 3622): handleIntent(Intent { act=android.intent.action.MAIN cat=[android.intent.category.HOME] flg=0x10200000 cmp=com.google.android.googlequicksearchbox/com.google.android.launcher.GEL (has extras) })
D/Finsky  ( 9334): [384] AppStatesReplicator.handleContentSyncResponse: Completed 0 account content syncs with 0 successful.
D/Finsky  ( 9334): [1] ContentSyncService$5.onFinished: Installation state replication succeeded.
D/WifiStateMachine(  925): starting scan for "xtc-ag"WPA_PSK with 5240,5180,5220,5200
D/AndroidRuntime(10118): >>>>>> START com.android.internal.os.RuntimeInit uid 2000 <<<<<<
D/AndroidRuntime(10118): CheckJNI is OFF
D/ICU     (10118): No timezone override file found: /data/misc/zoneinfo/current/icu/icu_tzdata.dat
I/Radio-JNI(10118): register_android_hardware_Radio DONE
D/AndroidRuntime(10118): Calling main entry com.android.commands.input.Input
I/Input   (10118): injectKeyEvent: KeyEvent { action=ACTION_DOWN, keyCode=KEYCODE_BACK, scanCode=0, metaState=0, flags=0x0, repeatCount=0, eventTime=297513, downTime=297513, deviceId=-1, source=0x101 }
I/Input   (10118): injectKeyEvent: KeyEvent { action=ACTION_UP, keyCode=KEYCODE_BACK, scanCode=0, metaState=0, flags=0x0, repeatCount=0, eventTime=297513, downTime=297513, deviceId=-1, source=0x101 }
D/EmojiAltPhysicalKeyDetector( 3433): onKeyUp() : KeyEvent { action=ACTION_UP, keyCode=KEYCODE_BACK, scanCode=0, metaState=0, flags=0x0, repeatCount=0, eventTime=297513, downTime=297513, deviceId=-1, source=0x101 }
D/EmojiAltPhysicalKeyDetector( 3433): onKeyUp() : Disabled
D/AndroidRuntime(10118): Shutting down VM
D/AndroidRuntime(10156): >>>>>> START com.android.internal.os.RuntimeInit uid 2000 <<<<<<
D/AndroidRuntime(10156): CheckJNI is OFF
D/ICU     (10156): No timezone override file found: /data/misc/zoneinfo/current/icu/icu_tzdata.dat
I/Radio-JNI(10156): register_android_hardware_Radio DONE
D/AndroidRuntime(10156): Calling main entry com.android.commands.am.Am
I/ActivityManager(  925): Force stopping com.careerbuilder.SugarDrone appid=19044 user=0: start instr
I/ActivityManager(  925): Start proc 10175:com.careerbuilder.SugarDrone/u0a9044 for added application com.careerbuilder.SugarDrone
I/art     (10175): Late-enabling -Xcheck:jni
E/dex2oat (10190): Failed to create oat file: /data/dalvik-cache/arm/data@app@com.careerbuilder.SugarDrone.test-1@base.apk@classes.dex: Permission denied
I/dex2oat (10190): dex2oat took 899.010us (threads: 2) 
W/art     (10175): Failed execv(/system/bin/dex2oat --runtime-arg -classpath --runtime-arg  --instruction-set=arm --instruction-set-features=smp,div,-atomic_ldrd_strd --runtime-arg -Xrelocate --boot-image=/system/framework/boot.art --runtime-arg -Xms64m --runtime-arg -Xmx512m -j2 --instruction-set-variant=cortex-a7 --instruction-set-features=default --dex-file=/data/app/com.careerbuilder.SugarDrone.test-1/base.apk --oat-file=/data/dalvik-cache/arm/data@app@com.careerbuilder.SugarDrone.test-1@base.apk@classes.dex) because non-0 exit status
W/System  (10175): ClassLoader referenced unknown path: /data/app/com.careerbuilder.SugarDrone.test-1/lib/arm64
W/monodroid(10175): Using override path: /data/user/0/com.careerbuilder.SugarDrone/files/.__override__
W/monodroid(10175): Trying to load sgen from: /data/user/0/com.careerbuilder.SugarDrone/files/.__override__/libmonosgen-2.0.so
W/monodroid(10175): Trying to load sgen from: /storage/emulated/0/Android/data/com.careerbuilder.SugarDrone/files/.__override__/libmonosgen-2.0.so
W/monodroid(10175): Trying to load sgen from: /data/app/com.careerbuilder.SugarDrone-1/lib/arm/libmonosgen-2.0.so
D/Mono    (10175): Image addref mscorlib[0xef429020] -> mscorlib.dll[0xecf7a900]: 2
D/Mono    (10175): Prepared to set up assembly 'mscorlib' (mscorlib.dll)
D/Mono    (10175): AOT module 'mscorlib.dll.so' not found: dlopen failed: library "/data/app/com.careerbuilder.SugarDrone-1/lib/arm/libaot-mscorlib.dll.so" not found
D/Mono    (10175): AOT module '/Users/builder/data/lanes/4009/f3074d2c/source/monodroid/builds/install/mono-armv6/lib/mono/aot-cache/arm/mscorlib.dll.so' not found: dlopen failed: library "/data/app/com.careerbuilder.SugarDrone-1/lib/arm/libaot-mscorlib.dll.so" not found
D/Mono    (10175): Config attempting to parse: 'mscorlib.dll.config'.
D/Mono    (10175): Config attempting to parse: '/Users/builder/data/lanes/4009/f3074d2c/source/monodroid/builds/install/mono-armv6/etc/mono/assemblies/mscorlib/mscorlib.config'.
D/Mono    (10175): Assembly mscorlib[0xef429020] added to domain RootDomain, ref_count=1
D/Mono    (10175): Image addref CareerBuilder_Search.Droid[0xef429080] -> CareerBuilder_Search.Droid.dll[0xecf7cc00]: 2
D/Mono    (10175): Prepared to set up assembly 'CareerBuilder_Search.Droid' (CareerBuilder_Search.Droid.dll)
D/Mono    (10175): Assembly CareerBuilder_Search.Droid[0xef429080] added to domain RootDomain, ref_count=1
D/Mono    (10175): AOT module 'CareerBuilder_Search.Droid.dll.so' not found: dlopen failed: library "/data/app/com.careerbuilder.SugarDrone-1/lib/arm/libaot-CareerBuilder_Search.Droid.dll.so" not found
D/Mono    (10175): AOT module '/Users/builder/data/lanes/4009/f3074d2c/source/monodroid/builds/install/mono-armv6/lib/mono/aot-cache/arm/CareerBuilder_Search.Droid.dll.so' not found: dlopen failed: library "/data/app/com.careerbuilder.SugarDrone-1/lib/arm/libaot-CareerBuilder_Search.Droid.dll.so" not found
D/Mono    (10175): Config attempting to parse: 'CareerBuilder_Search.Droid.dll.config'.
D/Mono    (10175): Config attempting to parse: '/Users/builder/data/lanes/4009/f3074d2c/source/monodroid/builds/install/mono-armv6/etc/mono/assemblies/CareerBuilder_Search.Droid/CareerBuilder_Search.Droid.config'.
D/Mono    (10175): Image addref AppsFlyerXamarinBindingAndroid[0xef4290e0] -> AppsFlyerXamarinBindingAndroid.dll[0xecf7d100]: 2
D/Mono    (10175): Prepared to set up assembly 'AppsFlyerXamarinBindingAndroid' (AppsFlyerXamarinBindingAndroid.dll)
D/Mono    (10175): Assembly AppsFlyerXamarinBindingAndroid[0xef4290e0] added to domain RootDomain, ref_count=1
D/Mono    (10175): AOT module 'AppsFlyerXamarinBindingAndroid.dll.so' not found: dlopen failed: library "/data/app/com.careerbuilder.SugarDrone-1/lib/arm/libaot-AppsFlyerXamarinBindingAndroid.dll.so" not found
D/Mono    (10175): AOT module '/Users/builder/data/lanes/4009/f3074d2c/source/monodroid/builds/install/mono-armv6/lib/mono/aot-cache/arm/AppsFlyerXamarinBindingAndroid.dll.so' not found: dlopen failed: library "/data/app/com.careerbuilder.SugarDrone-1/lib/arm/libaot-AppsFlyerXamarinBindingAndroid.dll.so" not found
D/Mono    (10175): Config attempting to parse: 'AppsFlyerXamarinBindingAndroid.dll.config'.
D/Mono    (10175): Config attempting to parse: '/Users/builder/data/lanes/4009/f3074d2c/source/monodroid/builds/install/mono-armv6/etc/mono/assemblies/AppsFlyerXamarinBindingAndroid/AppsFlyerXamarinBindingAndroid.config'.
D/Mono    (10175): Image addref HockeySDK[0xef429140] -> HockeySDK.dll[0xecf7d600]: 2
D/Mono    (10175): Prepared to set up assembly 'HockeySDK' (HockeySDK.dll)
D/Mono    (10175): Assembly HockeySDK[0xef429140] added to domain RootDomain, ref_count=1
D/Mono    (10175): AOT module 'HockeySDK.dll.so' not found: dlopen failed: library "/data/app/com.careerbuilder.SugarDrone-1/lib/arm/libaot-HockeySDK.dll.so" not found
D/Mono    (10175): AOT module '/Users/builder/data/lanes/4009/f3074d2c/source/monodroid/builds/install/mono-armv6/lib/mono/aot-cache/arm/HockeySDK.dll.so' not found: dlopen failed: library "/data/app/com.careerbuilder.SugarDrone-1/lib/arm/libaot-HockeySDK.dll.so" not found
D/Mono    (10175): Config attempting to parse: 'HockeySDK.dll.config'.
D/Mono    (10175): Config attempting to parse: '/Users/builder/data/lanes/4009/f3074d2c/source/monodroid/builds/install/mono-armv6/etc/mono/assemblies/HockeySDK/HockeySDK.config'.
D/Mono    (10175): Image addref Akavache[0xef4291a0] -> Akavache.dll[0xf50f7900]: 2
D/Mono    (10175): Prepared to set up assembly 'Akavache' (Akavache.dll)
D/Mono    (10175): Assembly Akavache[0xef4291a0] added to domain RootDomain, ref_count=1
D/Mono    (10175): AOT module 'Akavache.dll.so' not found: dlopen failed: library "/data/app/com.careerbuilder.SugarDrone-1/lib/arm/libaot-Akavache.dll.so" not found
D/Mono    (10175): AOT module '/Users/builder/data/lanes/4009/f3074d2c/source/monodroid/builds/install/mono-armv6/lib/mono/aot-cache/arm/Akavache.dll.so' not found: dlopen failed: library "/data/app/com.careerbuilder.SugarDrone-1/lib/arm/libaot-Akavache.dll.so" not found
D/Mono    (10175): Config attempting to parse: 'Akavache.dll.config'.
D/Mono    (10175): Config attempting to parse: '/Users/builder/data/lanes/4009/f3074d2c/source/monodroid/builds/install/mono-armv6/etc/mono/assemblies/Akavache/Akavache.config'.
D/Mono    (10175): Image addref Akavache.Sqlite3[0xef429200] -> Akavache.Sqlite3.dll[0xeb820000]: 2
D/Mono    (10175): Prepared to set up assembly 'Akavache.Sqlite3' (Akavache.Sqlite3.dll)
D/Mono    (10175): Assembly Akavache.Sqlite3[0xef429200] added to domain RootDomain, ref_count=1
D/Mono    (10175): AOT module 'Akavache.Sqlite3.dll.so' not found: dlopen failed: library "/data/app/com.careerbuilder.SugarDrone-1/lib/arm/libaot-Akavache.Sqlite3.dll.so" not found
D/Mono    (10175): AOT module '/Users/builder/data/lanes/4009/f3074d2c/source/monodroid/builds/install/mono-armv6/lib/mono/aot-cache/arm/Akavache.Sqlite3.dll.so' not found: dlopen failed: library "/data/app/com.careerbuilder.SugarDrone-1/lib/arm/libaot-Akavache.Sqlite3.dll.so" not found
W/        (10175): Symbol file LoadedFromMemory doesn't match image Akavache.Sqlite3.dll
D/Mono    (10175): Config attempting to parse: 'Akavache.Sqlite3.dll.config'.
D/Mono    (10175): Config attempting to parse: '/Users/builder/data/lanes/4009/f3074d2c/source/monodroid/builds/install/mono-armv6/etc/mono/assemblies/Akavache.Sqlite3/Akavache.Sqlite3.config'.
D/Mono    (10175): Image addref Splat[0xef429260] -> Splat.dll[0xeb820500]: 2
D/Mono    (10175): Prepared to set up assembly 'Splat' (Splat.dll)
D/Mono    (10175): Assembly Splat[0xef429260] added to domain RootDomain, ref_count=1
D/Mono    (10175): AOT module 'Splat.dll.so' not found: dlopen failed: library "/data/app/com.careerbuilder.SugarDrone-1/lib/arm/libaot-Splat.dll.so" not found
D/Mono    (10175): AOT module '/Users/builder/data/lanes/4009/f3074d2c/source/monodroid/builds/install/mono-armv6/lib/mono/aot-cache/arm/Splat.dll.so' not found: dlopen failed: library "/data/app/com.careerbuilder.SugarDrone-1/lib/arm/libaot-Splat.dll.so" not found
D/Mono    (10175): Config attempting to parse: 'Splat.dll.config'.
D/Mono    (10175): Config attempting to parse: '/Users/builder/data/lanes/4009/f3074d2c/source/monodroid/builds/install/mono-armv6/etc/mono/assemblies/Splat/Splat.config'.
D/Mono    (10175): Image addref Microsoft.Practices.ServiceLocation[0xef429440] -> Microsoft.Practices.ServiceLocation.dll[0xeb820a00]: 2
D/Mono    (10175): Prepared to set up assembly 'Microsoft.Practices.ServiceLocation' (Microsoft.Practices.ServiceLocation.dll)
D/Mono    (10175): Assembly Microsoft.Practices.ServiceLocation[0xef429440] added to domain RootDomain, ref_count=1
D/Mono    (10175): AOT module 'Microsoft.Practices.ServiceLocation.dll.so' not found: dlopen failed: library "/data/app/com.careerbuilder.SugarDrone-1/lib/arm/libaot-Microsoft.Practices.ServiceLocation.dll.so" not found
D/Mono    (10175): AOT module '/Users/builder/data/lanes/4009/f3074d2c/source/monodroid/builds/install/mono-armv6/lib/mono/aot-cache/arm/Microsoft.Practices.ServiceLocation.dll.so' not found: dlopen failed: library "/data/app/com.careerbuilder.SugarDrone-1/lib/arm/libaot-Microsoft.Practices.ServiceLocation.dll.so" not found
D/Mono    (10175): Config attempting to parse: 'Microsoft.Practices.ServiceLocation.dll.config'.
D/Mono    (10175): Config attempting to parse: '/Users/builder/data/lanes/4009/f3074d2c/source/monodroid/builds/install/mono-armv6/etc/mono/assemblies/Microsoft.Practices.ServiceLocation/Microsoft.Practices.ServiceLocation.config'.
D/Mono    (10175): Image addref Microsoft.Practices.Unity[0xef4294a0] -> Microsoft.Practices.Unity.dll[0xeb820f00]: 2
D/Mono    (10175): Prepared to set up assembly 'Microsoft.Practices.Unity' (Microsoft.Practices.Unity.dll)
D/Mono    (10175): Assembly Microsoft.Practices.Unity[0xef4294a0] added to domain RootDomain, ref_count=1
D/Mono    (10175): AOT module 'Microsoft.Practices.Unity.dll.so' not found: dlopen failed: library "/data/app/com.careerbuilder.SugarDrone-1/lib/arm/libaot-Microsoft.Practices.Unity.dll.so" not found
D/Mono    (10175): AOT module '/Users/builder/data/lanes/4009/f3074d2c/source/monodroid/builds/install/mono-armv6/lib/mono/aot-cache/arm/Microsoft.Practices.Unity.dll.so' not found: dlopen failed: library "/data/app/com.careerbuilder.SugarDrone-1/lib/arm/libaot-Microsoft.Practices.Unity.dll.so" not found
D/Mono    (10175): Config attempting to parse: 'Microsoft.Practices.Unity.dll.config'.
D/Mono    (10175): Config attempting to parse: '/Users/builder/data/lanes/4009/f3074d2c/source/monodroid/builds/install/mono-armv6/etc/mono/assemblies/Microsoft.Practices.Unity/Microsoft.Practices.Unity.config'.
D/Mono    (10175): Image addref Plugin.CurrentActivity[0xef429500] -> Plugin.CurrentActivity.dll[0xeb821400]: 2
D/Mono    (10175): Prepared to set up assembly 'Plugin.CurrentActivity' (Plugin.CurrentActivity.dll)
D/Mono    (10175): Assembly Plugin.CurrentActivity[0xef429500] added to domain RootDomain, ref_count=1
D/Mono    (10175): AOT module 'Plugin.CurrentActivity.dll.so' not found: dlopen failed: library "/data/app/com.careerbuilder.SugarDrone-1/lib/arm/libaot-Plugin.CurrentActivity.dll.so" not found
D/Mono    (10175): AOT module '/Users/builder/data/lanes/4009/f3074d2c/source/monodroid/builds/install/mono-armv6/lib/mono/aot-cache/arm/Plugin.CurrentActivity.dll.so' not found: dlopen failed: library "/data/app/com.careerbuilder.SugarDrone-1/lib/arm/libaot-Plugin.CurrentActivity.dll.so" not found
D/Mono    (10175): Config attempting to parse: 'Plugin.CurrentActivity.dll.config'.
D/Mono    (10175): Config attempting to parse: '/Users/builder/data/lanes/4009/f3074d2c/source/monodroid/builds/install/mono-armv6/etc/mono/assemblies/Plugin.CurrentActivity/Plugin.CurrentActivity.config'.
D/Mono    (10175): Image addref Plugin.Permissions[0xef429560] -> Plugin.Permissions.dll[0xeb821900]: 2
D/Mono    (10175): Prepared to set up assembly 'Plugin.Permissions' (Plugin.Permissions.dll)
D/Mono    (10175): Assembly Plugin.Permissions[0xef429560] added to domain RootDomain, ref_count=1
D/Mono    (10175): AOT module 'Plugin.Permissions.dll.so' not found: dlopen failed: library "/data/app/com.careerbuilder.SugarDrone-1/lib/arm/libaot-Plugin.Permissions.dll.so" not found
D/Mono    (10175): AOT module '/Users/builder/data/lanes/4009/f3074d2c/source/monodroid/builds/install/mono-armv6/lib/mono/aot-cache/arm/Plugin.Permissions.dll.so' not found: dlopen failed: library "/data/app/com.careerbuilder.SugarDrone-1/lib/arm/libaot-Plugin.Permissions.dll.so" not found
D/Mono    (10175): Config attempting to parse: 'Plugin.Permissions.dll.config'.
D/Mono    (10175): Config attempting to parse: '/Users/builder/data/lanes/4009/f3074d2c/source/monodroid/builds/install/mono-armv6/etc/mono/assemblies/Plugin.Permissions/Plugin.Permissions.config'.
D/Mono    (10175): Image addref Plugin.Permissions.Abstractions[0xef4295c0] -> Plugin.Permissions.Abstractions.dll[0xeb821e00]: 2
D/Mono    (10175): Prepared to set up assembly 'Plugin.Permissions.Abstractions' (Plugin.Permissions.Abstractions.dll)
D/Mono    (10175): Assembly Plugin.Permissions.Abstractions[0xef4295c0] added to domain RootDomain, ref_count=1
D/Mono    (10175): AOT module 'Plugin.Permissions.Abstractions.dll.so' not found: dlopen failed: library "/data/app/com.careerbuilder.SugarDrone-1/lib/arm/libaot-Plugin.Permissions.Abstractions.dll.so" not found
D/Mono    (10175): AOT module '/Users/builder/data/lanes/4009/f3074d2c/source/monodroid/builds/install/mono-armv6/lib/mono/aot-cache/arm/Plugin.Permissions.Abstractions.dll.so' not found: dlopen failed: library "/data/app/com.careerbuilder.SugarDrone-1/lib/arm/libaot-Plugin.Permissions.Abstractions.dll.so" not found
D/Mono    (10175): Config attempting to parse: 'Plugin.Permissions.Abstractions.dll.config'.
D/Mono    (10175): Config attempting to parse: '/Users/builder/data/lanes/4009/f3074d2c/source/monodroid/builds/install/mono-armv6/etc/mono/assemblies/Plugin.Permissions.Abstractions/Plugin.Permissions.Abstractions.config'.
D/Mono    (10175): Image addref Plugin.Geolocator[0xef429620] -> Plugin.Geolocator.dll[0xeb822300]: 2
D/Mono    (10175): Prepared to set up assembly 'Plugin.Geolocator' (Plugin.Geolocator.dll)
D/Mono    (10175): Assembly Plugin.Geolocator[0xef429620] added to domain RootDomain, ref_count=1
D/Mono    (10175): AOT module 'Plugin.Geolocator.dll.so' not found: dlopen failed: library "/data/app/com.careerbuilder.SugarDrone-1/lib/arm/libaot-Plugin.Geolocator.dll.so" not found
D/Mono    (10175): AOT module '/Users/builder/data/lanes/4009/f3074d2c/source/monodroid/builds/install/mono-armv6/lib/mono/aot-cache/arm/Plugin.Geolocator.dll.so' not found: dlopen failed: library "/data/app/com.careerbuilder.SugarDrone-1/lib/arm/libaot-Plugin.Geolocator.dll.so" not found
D/Mono    (10175): Config attempting to parse: 'Plugin.Geolocator.dll.config'.
D/Mono    (10175): Config attempting to parse: '/Users/builder/data/lanes/4009/f3074d2c/source/monodroid/builds/install/mono-armv6/etc/mono/assemblies/Plugin.Geolocator/Plugin.Geolocator.config'.
D/Mono    (10175): Image addref Plugin.Geolocator.Abstractions[0xef429680] -> Plugin.Geolocator.Abstractions.dll[0xeb822800]: 2
D/Mono    (10175): Prepared to set up assembly 'Plugin.Geolocator.Abstractions' (Plugin.Geolocator.Abstractions.dll)
D/Mono    (10175): Assembly Plugin.Geolocator.Abstractions[0xef429680] added to domain RootDomain, ref_count=1
D/Mono    (10175): AOT module 'Plugin.Geolocator.Abstractions.dll.so' not found: dlopen failed: library "/data/app/com.careerbuilder.SugarDrone-1/lib/arm/libaot-Plugin.Geolocator.Abstractions.dll.so" not found
D/Mono    (10175): AOT module '/Users/builder/data/lanes/4009/f3074d2c/source/monodroid/builds/install/mono-armv6/lib/mono/aot-cache/arm/Plugin.Geolocator.Abstractions.dll.so' not found: dlopen failed: library "/data/app/com.careerbuilder.SugarDrone-1/lib/arm/libaot-Plugin.Geolocator.Abstractions.dll.so" not found
D/Mono    (10175): Config attempting to parse: 'Plugin.Geolocator.Abstractions.dll.config'.
D/Mono    (10175): Config attempting to parse: '/Users/builder/data/lanes/4009/f3074d2c/source/monodroid/builds/install/mono-armv6/etc/mono/assemblies/Plugin.Geolocator.Abstractions/Plugin.Geolocator.Abstractions.config'.
D/Mono    (10175): Image addref Plugin.DeviceInfo[0xef4296e0] -> Plugin.DeviceInfo.dll[0xeb822d00]: 2
D/Mono    (10175): Prepared to set up assembly 'Plugin.DeviceInfo' (Plugin.DeviceInfo.dll)
D/Mono    (10175): Assembly Plugin.DeviceInfo[0xef4296e0] added to domain RootDomain, ref_count=1
D/Mono    (10175): AOT module 'Plugin.DeviceInfo.dll.so' not found: dlopen failed: library "/data/app/com.careerbuilder.SugarDrone-1/lib/arm/libaot-Plugin.DeviceInfo.dll.so" not found
D/Mono    (10175): AOT module '/Users/builder/data/lanes/4009/f3074d2c/source/monodroid/builds/install/mono-armv6/lib/mono/aot-cache/arm/Plugin.DeviceInfo.dll.so' not found: dlopen failed: library "/data/app/com.careerbuilder.SugarDrone-1/lib/arm/libaot-Plugin.DeviceInfo.dll.so" not found
D/Mono    (10175): Config attempting to parse: 'Plugin.DeviceInfo.dll.config'.
D/Mono    (10175): Config attempting to parse: '/Users/builder/data/lanes/4009/f3074d2c/source/monodroid/builds/install/mono-armv6/etc/mono/assemblies/Plugin.DeviceInfo/Plugin.DeviceInfo.config'.
D/Mono    (10175): Image addref Plugin.DeviceInfo.Abstractions[0xef429740] -> Plugin.DeviceInfo.Abstractions.dll[0xeb823200]: 2
D/Mono    (10175): Prepared to set up assembly 'Plugin.DeviceInfo.Abstractions' (Plugin.DeviceInfo.Abstractions.dll)
D/Mono    (10175): Assembly Plugin.DeviceInfo.Abstractions[0xef429740] added to domain RootDomain, ref_count=1
D/Mono    (10175): AOT module 'Plugin.DeviceInfo.Abstractions.dll.so' not found: dlopen failed: library "/data/app/com.careerbuilder.SugarDrone-1/lib/arm/libaot-Plugin.DeviceInfo.Abstractions.dll.so" not found
D/Mono    (10175): AOT module '/Users/builder/data/lanes/4009/f3074d2c/source/monodroid/builds/install/mono-armv6/lib/mono/aot-cache/arm/Plugin.DeviceInfo.Abstractions.dll.so' not found: dlopen failed: library "/data/app/com.careerbuilder.SugarDrone-1/lib/arm/libaot-Plugin.DeviceInfo.Abstractions.dll.so" not found
D/Mono    (10175): Config attempting to parse: 'Plugin.DeviceInfo.Abstractions.dll.config'.
D/Mono    (10175): Config attempting to parse: '/Users/builder/data/lanes/4009/f3074d2c/source/monodroid/builds/install/mono-armv6/etc/mono/assemblies/Plugin.DeviceInfo.Abstractions/Plugin.DeviceInfo.Abstractions.config'.
D/Mono    (10175): Image addref Xamarin.GooglePlayServices.Analytics[0xef4297a0] -> Xamarin.GooglePlayServices.Analytics.dll[0xeb823700]: 2
