D/Mono    (10307): Assembly Ref addref Akavache[0xea99e020] -> Splat[0xea99e0e0]: 2
D/Mono    (10307): Assembly Ref addref Splat[0xea99e0e0] -> mscorlib[0xea99dea0]: 40
D/Mono    (10307): Assembly Ref addref System.Reactive.Core[0xea99eaa0] -> System.Reactive.Interfaces[0xea99eb00]: 3
D/Mono    (10307): Image addref System.ComponentModel[0xd8bfa3e0] -> System.ComponentModel.dll[0xd8786500]: 2
D/Mono    (10307): Prepared to set up assembly 'System.ComponentModel' (System.ComponentModel.dll)
D/Mono    (10307): Assembly System.ComponentModel[0xd8bfa3e0] added to domain RootDomain, ref_count=1
D/Mono    (10307): AOT module 'System.ComponentModel.dll.so' not found: dlopen failed: library "/data/app/com.careerbuilder.SugarDrone-1/lib/arm/libaot-System.ComponentModel.dll.so" not found
D/Mono    (10307): AOT module '/Users/builder/data/lanes/4009/f3074d2c/source/monodroid/builds/install/mono-armv6/lib/mono/aot-cache/arm/System.ComponentModel.dll.so' not found: dlopen failed: library "/data/app/com.careerbuilder.SugarDrone-1/lib/arm/libaot-System.ComponentModel.dll.so" not found
D/Mono    (10307): Config attempting to parse: 'System.ComponentModel.dll.config'.
D/Mono    (10307): Config attempting to parse: '/Users/builder/data/lanes/4009/f3074d2c/source/monodroid/builds/install/mono-armv6/etc/mono/assemblies/System.ComponentModel/System.ComponentModel.config'.
D/Mono    (10307): Assembly Ref addref System.Reactive.Core[0xea99eaa0] -> System.ComponentModel[0xd8bfa3e0]: 2
D/Mono    (10307): Assembly Ref addref System.ComponentModel[0xd8bfa3e0] -> mscorlib[0xea99dea0]: 41
D/Mono    (10307): Unloading image System.Runtime.dll [0xd8786f00].
D/Mono    (10307): Image addref System.Runtime[0xd8bfa140] -> System.Runtime.dll[0xea9a0500]: 10
D/Mono    (10307): Config attempting to parse: 'System.Runtime.dll.config'.
D/Mono    (10307): Config attempting to parse: '/Users/builder/data/lanes/4009/f3074d2c/source/monodroid/builds/install/mono-armv6/etc/mono/assemblies/System.Runtime/System.Runtime.config'.
D/Mono    (10307): Assembly Ref addref System.Reactive.Interfaces[0xea99eb00] -> System.Runtime[0xea99eec0]: 8
D/Mono    (10307): Assembly Ref addref Akavache[0xea99e020] -> System.Reactive.Linq[0xea99eb60]: 2
D/Mono    (10307): Unloading image System.Runtime.dll [0xd8787400].
D/Mono    (10307): Image addref System.Runtime[0xd8bfa140] -> System.Runtime.dll[0xea9a0500]: 11
D/Mono    (10307): Config attempting to parse: 'System.Runtime.dll.config'.
D/Mono    (10307): Config attempting to parse: '/Users/builder/data/lanes/4009/f3074d2c/source/monodroid/builds/install/mono-armv6/etc/mono/assemblies/System.Runtime/System.Runtime.config'.
D/Mono    (10307): Assembly Ref addref System.Reactive.Linq[0xea99eb60] -> System.Runtime[0xea99eec0]: 9
D/Mono    (10307): Assembly Ref addref System.Reactive.Linq[0xea99eb60] -> System.Reactive.Interfaces[0xea99eb00]: 4
D/Mono    (10307): Unloading image System.Threading.Tasks.dll [0xd8787900].
D/Mono    (10307): Image addref System.Threading.Tasks[0xd8bfa140] -> System.Threading.Tasks.dll[0xda352800]: 5
D/Mono    (10307): Config attempting to parse: 'System.Threading.Tasks.dll.config'.
D/Mono    (10307): Config attempting to parse: '/Users/builder/data/lanes/4009/f3074d2c/source/monodroid/builds/install/mono-armv6/etc/mono/assemblies/System.Threading.Tasks/System.Threading.Tasks.config'.
D/Mono    (10307): Assembly Ref addref System.Reactive.Linq[0xea99eb60] -> System.Threading.Tasks[0xd8f064e0]: 3
D/Mono    (10307): Assembly Ref addref Splat[0xea99e0e0] -> Mono.Android[0xea99ee00]: 21
D/Mono    (10307): Assembly Ref addref Splat[0xea99e0e0] -> System.Core[0xea99f400]: 9
I/AppsFlyer_3.01(10307): AppsFlyer: first launch date: 2017-03-15_0938-1100
I/System.out(10307): AppsFlyerLib.sendTrackingWithEvent
I/AppsFlyer_3.01-610299155(10307): url: https://t.appsflyer.com/api/v3/androidevent?buildnumber=3.01&app_id=com.careerbuilder.SugarDrone
I/AppsFlyer_(10307): data: device=angler&firstLaunchDate=2017-03-15_0938-1100&installDate=2017-03-15_0937-1100&sdk=23&carrier=&date1=2017-03-15_0937-1100&af_preinstalled=false&advertiserIdEnabled=true&iaecounter=0&lang_code=en&appsflyerKey=WV****************HFK5&app_version_name=3.1.7&lang=English&timepassedsincelastlaunch=0&dkh=WVGo7sxf&android_id=fe16ed78ef2e3295&advertiserId=9a4af62c-7d78-489c-a863-2bfd33974ec1&deviceType=user&af_v=f5eb4b7ee2333632da335738d29250b1670539f5&app_version_code=30011&platformextension=android_native&network=WIFI&operator=2TELL&country=US&date2=2017-03-15_0937-1100&brand=google&af_timestamp=1489610299155&uid=1489610256950-3795756487514492319&isFirstCall=true&counter=2&model=Nexus+6P&product=angler
D/WifiStateMachine(  928): starting scan for "xtc-ag"WPA_PSK with 5240,5180,5220,5200
D/Mono    (10307): Assembly Ref addref Akavache[0xea99e020] -> Mono.Android[0xea99ee00]: 22
W/GAv4    (10307): AnalyticsService not registered in the app manifest. Hits might not be delivered reliably. See http://goo.gl/8Rd3yj for instructions.
D/Mono    (10307): Assembly Loader probing location: '/Akavache.Mac.dll'.
D/Mono    (10307): Assembly Loader probing location: '/Users/builder/data/lanes/4009/f3074d2c/source/monodroid/builds/install/mono-armv6/lib/Akavache.Mac.dll'.
D/Mono    (10307): Assembly Loader probing location: '/Akavache.Mac.exe'.
D/Mono    (10307): Assembly Loader probing location: '/Users/builder/data/lanes/4009/f3074d2c/source/monodroid/builds/install/mono-armv6/lib/Akavache.Mac.exe'.
D/Mono    (10307): Assembly Loader probing location: '/Akavache.Deprecated.dll'.
D/Mono    (10307): Assembly Loader probing location: '/Users/builder/data/lanes/4009/f3074d2c/source/monodroid/builds/install/mono-armv6/lib/Akavache.Deprecated.dll'.
D/Mono    (10307): Assembly Loader probing location: '/Akavache.Deprecated.exe'.
D/Mono    (10307): Assembly Loader probing location: '/Users/builder/data/lanes/4009/f3074d2c/source/monodroid/builds/install/mono-armv6/lib/Akavache.Deprecated.exe'.
D/Mono    (10307): Assembly Loader probing location: '/Akavache.Mobile.dll'.
D/Mono    (10307): Assembly Loader probing location: '/Users/builder/data/lanes/4009/f3074d2c/source/monodroid/builds/install/mono-armv6/lib/Akavache.Mobile.dll'.
D/Mono    (10307): Assembly Loader probing location: '/Akavache.Mobile.exe'.
D/Mono    (10307): Assembly Loader probing location: '/Users/builder/data/lanes/4009/f3074d2c/source/monodroid/builds/install/mono-armv6/lib/Akavache.Mobile.exe'.
D/Mono    (10307): Unloading image System.Runtime.dll [0xd8787e00].
D/Mono    (10307): Image addref System.Runtime[0xd8bfa1a0] -> System.Runtime.dll[0xea9a0500]: 12
D/Mono    (10307): Config attempting to parse: 'System.Runtime.dll.config'.
D/Mono    (10307): Config attempting to parse: '/Users/builder/data/lanes/4009/f3074d2c/source/monodroid/builds/install/mono-armv6/etc/mono/assemblies/System.Runtime/System.Runtime.config'.
D/Mono    (10307): Assembly Ref addref Akavache.Sqlite3[0xea99e080] -> System.Runtime[0xea99eec0]: 10
D/Mono    (10307): Assembly Ref addref Akavache.Sqlite3[0xea99e080] -> Akavache[0xea99e020]: 3
D/Mono    (10307): Unloading image Splat.dll [0xd8787e00].
D/Mono    (10307): Image addref Splat[0xd8bfa1a0] -> Splat.dll[0xf5476a00]: 6
D/Mono    (10307): Config attempting to parse: 'Splat.dll.config'.
D/Mono    (10307): Config attempting to parse: '/Users/builder/data/lanes/4009/f3074d2c/source/monodroid/builds/install/mono-armv6/etc/mono/assemblies/Splat/Splat.config'.
D/Mono    (10307): Assembly Ref addref Akavache.Sqlite3[0xea99e080] -> Splat[0xea99e0e0]: 3
D/Mono    (10307): Assembly Ref addref System.Reactive.Core[0xea99eaa0] -> System.Resources.ResourceManager[0xdaee82a0]: 3
D/Mono    (10307): Unloading image System.Collections.dll [0xd8788300].
D/Mono    (10307): Image addref System.Collections[0xd8bfa1a0] -> System.Collections.dll[0xea9a3200]: 7
D/Mono    (10307): Config attempting to parse: 'System.Collections.dll.config'.
D/Mono    (10307): Config attempting to parse: '/Users/builder/data/lanes/4009/f3074d2c/source/monodroid/builds/install/mono-armv6/etc/mono/assemblies/System.Collections/System.Collections.config'.
D/Mono    (10307): Assembly Ref addref System.Reactive.Core[0xea99eaa0] -> System.Collections[0xea99f160]: 5
D/Mono    (10307): Assembly Ref addref System.Collections[0xea99f160] -> System.Core[0xea99f400]: 10
D/Mono    (10307): Unloading image System.Threading.dll [0xd8788300].
D/Mono    (10307): Image addref System.Threading[0xd8bfa620] -> System.Threading.dll[0xea9a1e00]: 7
D/Mono    (10307): Config attempting to parse: 'System.Threading.dll.config'.
D/Mono    (10307): Config attempting to parse: '/Users/builder/data/lanes/4009/f3074d2c/source/monodroid/builds/install/mono-armv6/etc/mono/assemblies/System.Threading/System.Threading.config'.
D/Mono    (10307): Assembly Ref addref System.Reactive.Core[0xea99eaa0] -> System.Threading[0xea99efe0]: 5
D/Mono    (10307): Unloading image System.Reflection.dll [0xd8788300].
D/Mono    (10307): Image addref System.Reflection[0xd8f079e0] -> System.Reflection.dll[0xea9a1900]: 6
D/Mono    (10307): Config attempting to parse: 'System.Reflection.dll.config'.
D/Mono    (10307): Config attempting to parse: '/Users/builder/data/lanes/4009/f3074d2c/source/monodroid/builds/install/mono-armv6/etc/mono/assemblies/System.Reflection/System.Reflection.config'.
D/Mono    (10307): Assembly Ref addref System.Reactive.Core[0xea99eaa0] -> System.Reflection[0xea99ef80]: 4
D/Mono    (10307): Unloading image System.Runtime.dll [0xd8788300].
D/Mono    (10307): Image addref System.Runtime[0xd8bfa620] -> System.Runtime.dll[0xea9a0500]: 13
D/Mono    (10307): Config attempting to parse: 'System.Runtime.dll.config'.
D/Mono    (10307): Config attempting to parse: '/Users/builder/data/lanes/4009/f3074d2c/source/monodroid/builds/install/mono-armv6/etc/mono/assemblies/System.Runtime/System.Runtime.config'.
D/Mono    (10307): Assembly Ref addref System.Reactive.PlatformServices[0xea99ebc0] -> System.Runtime[0xea99eec0]: 11
D/Mono    (10307): Assembly Ref addref System.Reactive.PlatformServices[0xea99ebc0] -> System.Reactive.Core[0xea99eaa0]: 4
D/Mono    (10307): Assembly Ref addref System.Reactive.PlatformServices[0xea99ebc0] -> System.Resources.ResourceManager[0xdaee82a0]: 4
D/Mono    (10307): Unloading image System.Reflection.dll [0xd8788300].
D/Mono    (10307): Image addref System.Reflection[0xd8bfa620] -> System.Reflection.dll[0xea9a1900]: 7
D/Mono    (10307): Config attempting to parse: 'System.Reflection.dll.config'.
D/Mono    (10307): Config attempting to parse: '/Users/builder/data/lanes/4009/f3074d2c/source/monodroid/builds/install/mono-armv6/etc/mono/assemblies/System.Reflection/System.Reflection.config'.
D/Mono    (10307): Assembly Ref addref System.Reactive.PlatformServices[0xea99ebc0] -> System.Reflection[0xea99ef80]: 5
D/Mono    (10307): Assembly Ref addref System.Reactive.PlatformServices[0xea99ebc0] -> System.Reactive.Interfaces[0xea99eb00]: 5
D/Mono    (10307): Unloading image System.Threading.Tasks.dll [0xd8788800].
D/Mono    (10307): Image addref System.Threading.Tasks[0xd8bfa620] -> System.Threading.Tasks.dll[0xda352800]: 6
D/Mono    (10307): Config attempting to parse: 'System.Threading.Tasks.dll.config'.
D/Mono    (10307): Config attempting to parse: '/Users/builder/data/lanes/4009/f3074d2c/source/monodroid/builds/install/mono-armv6/etc/mono/assemblies/System.Threading.Tasks/System.Threading.Tasks.config'.
D/Mono    (10307): Assembly Ref addref System.Reactive.PlatformServices[0xea99ebc0] -> System.Threading.Tasks[0xd8f064e0]: 4
D/Mono    (10307): Assembly Ref addref System.Reactive.PlatformServices[0xea99ebc0] -> System.Reactive.Linq[0xea99eb60]: 3
D/Mono    (10307): Unloading image System.Diagnostics.Debug.dll [0xd8788800].
D/Mono    (10307): Image addref System.Diagnostics.Debug[0xd8bfa620] -> System.Diagnostics.Debug.dll[0xea9a2300]: 6
D/Mono    (10307): Config attempting to parse: 'System.Diagnostics.Debug.dll.config'.
D/Mono    (10307): Config attempting to parse: '/Users/builder/data/lanes/4009/f3074d2c/source/monodroid/builds/install/mono-armv6/etc/mono/assemblies/System.Diagnostics.Debug/System.Diagnostics.Debug.config'.
D/Mono    (10307): Assembly Ref addref System.Reactive.PlatformServices[0xea99ebc0] -> System.Diagnostics.Debug[0xea99f040]: 4
D/Mono    (10307): Assembly Ref addref System.Reactive.Linq[0xea99eb60] -> System.Reactive.Core[0xea99eaa0]: 5
D/Mono    (10307): Assembly Ref addref Akavache[0xea99e020] -> System.Core[0xea99f400]: 11
D/Mono    (10307): Assembly Ref addref System.Reactive.Linq[0xea99eb60] -> System.Resources.ResourceManager[0xdaee82a0]: 5
D/Mono    (10307): [0xda68f930] hill climbing, change max number of threads 8
D/Mono    (10307): [0xd7ef2930] worker starting
D/Mono    (10307): Assembly Ref addref CareerBuilder_Search[0xea99eda0] -> System.Reactive.Linq[0xea99eb60]: 4
D/Mono    (10307): [0xd7df1930] worker starting
I/AppsFlyer_3.01-610299001(10307): response code: 200
D/Mono    (10307): Assembly Ref addref CareerBuilder_Search[0xea99eda0] -> Akavache[0xea99e020]: 4
D/Mono    (10307): Assembly Ref addref Akavache.Sqlite3[0xea99e080] -> System.Reactive.Core[0xea99eaa0]: 6
D/Mono    (10307): Assembly Ref addref Akavache.Sqlite3[0xea99e080] -> System.Reactive.Interfaces[0xea99eb00]: 6
D/Mono    (10307): Assembly Ref addref Akavache.Sqlite3[0xea99e080] -> System.Reactive.Linq[0xea99eb60]: 5
D/Mono    (10307): Unloading image System.Runtime.Extensions.dll [0xef4f8f00].
D/Mono    (10307): Image addref System.Runtime.Extensions[0xef4fd6c0] -> System.Runtime.Extensions.dll[0xda350a00]: 5
D/Mono    (10307): Config attempting to parse: 'System.Runtime.Extensions.dll.config'.
D/Mono    (10307): Config attempting to parse: '/Users/builder/data/lanes/4009/f3074d2c/source/monodroid/builds/install/mono-armv6/etc/mono/assemblies/System.Runtime.Extensions/System.Runtime.Extensions.config'.
D/Mono    (10307): Assembly Ref addref Akavache.Sqlite3[0xea99e080] -> System.Runtime.Extensions[0xdaee8720]: 3
I/AppsFlyer_3.01-610299155(10307): response code: 200
D/Mono    (10307): Unloading image System.Linq.dll [0xef4f8f00].
D/Mono    (10307): Image addref System.Linq[0xef4fd6c0] -> System.Linq.dll[0xef32b500]: 6
D/Mono    (10307): Config attempting to parse: 'System.Linq.dll.config'.
D/Mono    (10307): Config attempting to parse: '/Users/builder/data/lanes/4009/f3074d2c/source/monodroid/builds/install/mono-armv6/etc/mono/assemblies/System.Linq/System.Linq.config'.
D/Mono    (10307): Assembly Ref addref System.Reactive.Linq[0xea99eb60] -> System.Linq[0xea99f280]: 4
D/Mono    (10307): Assembly Ref addref System.Runtime[0xea99eec0] -> System.Core[0xea99f400]: 12
D/Mono    (10307): Unloading image System.Threading.dll [0xef4f8f00].
D/Mono    (10307): Image addref System.Threading[0xef4fd6c0] -> System.Threading.dll[0xea9a1e00]: 8
D/Mono    (10307): Config attempting to parse: 'System.Threading.dll.config'.
D/Mono    (10307): Config attempting to parse: '/Users/builder/data/lanes/4009/f3074d2c/source/monodroid/builds/install/mono-armv6/etc/mono/assemblies/System.Threading/System.Threading.config'.
D/Mono    (10307): Assembly Ref addref System.Reactive.Linq[0xea99eb60] -> System.Threading[0xea99efe0]: 6
I/System.out(10307): URI: /map
I/System.out(10307): params: {json={"query":"* id:'agreeAndContinueButton'","operation":{"method_name":"query","arguments":[]}}
I/System.out(10307): }
D/Mono    (10307): Assembly Ref addref Akavache[0xea99e020] -> System.Reactive.PlatformServices[0xea99ebc0]: 2
D/Mono    (10307): Unloading image System.Globalization.dll [0xef4f8f00].
D/Mono    (10307): Image addref System.Globalization[0xef4fd6c0] -> System.Globalization.dll[0xdad61600]: 5
D/Mono    (10307): Config attempting to parse: 'System.Globalization.dll.config'.
D/Mono    (10307): Config attempting to parse: '/Users/builder/data/lanes/4009/f3074d2c/source/monodroid/builds/install/mono-armv6/etc/mono/assemblies/System.Globalization/System.Globalization.config'.
D/Mono    (10307): Assembly Ref addref System.Reactive.Linq[0xea99eb60] -> System.Globalization[0xdaee8420]: 3
D/Mono    (10307): Unloading image System.Runtime.Extensions.dll [0xef4f8f00].
D/Mono    (10307): Image addref System.Runtime.Extensions[0xef4fd6c0] -> System.Runtime.Extensions.dll[0xda350a00]: 6
D/Mono    (10307): Config attempting to parse: 'System.Runtime.Extensions.dll.config'.
D/Mono    (10307): Config attempting to parse: '/Users/builder/data/lanes/4009/f3074d2c/source/monodroid/builds/install/mono-armv6/etc/mono/assemblies/System.Runtime.Extensions/System.Runtime.Extensions.config'.
D/Mono    (10307): Assembly Ref addref System.Reactive.Core[0xea99eaa0] -> System.Runtime.Extensions[0xdaee8720]: 4
D/Mono    (10307): Assembly Ref addref System.Runtime.Extensions[0xdaee8720] -> System[0xea99f0a0]: 9
D/Mono    (10307): Unloading image System.Globalization.dll [0xef4f8f00].
D/Mono    (10307): Image addref System.Globalization[0xef4fd6c0] -> System.Globalization.dll[0xdad61600]: 6
D/Mono    (10307): Config attempting to parse: 'System.Globalization.dll.config'.
D/Mono    (10307): Config attempting to parse: '/Users/builder/data/lanes/4009/f3074d2c/source/monodroid/builds/install/mono-armv6/etc/mono/assemblies/System.Globalization/System.Globalization.config'.
D/Mono    (10307): Assembly Ref addref System.Reactive.Core[0xea99eaa0] -> System.Globalization[0xdaee8420]: 4
D/Mono    (10307): Unloading image System.Threading.Tasks.dll [0xef4f8f00].
D/Mono    (10307): Image addref System.Threading.Tasks[0xef4fd6c0] -> System.Threading.Tasks.dll[0xda352800]: 7
D/Mono    (10307): Config attempting to parse: 'System.Threading.Tasks.dll.config'.
D/Mono    (10307): Config attempting to parse: '/Users/builder/data/lanes/4009/f3074d2c/source/monodroid/builds/install/mono-armv6/etc/mono/assemblies/System.Threading.Tasks/System.Threading.Tasks.config'.
D/Mono    (10307): Assembly Ref addref System.Reactive.Core[0xea99eaa0] -> System.Threading.Tasks[0xd8f064e0]: 5
D/Mono    (10307): Unloading image System.Collections.dll [0xef4f8f00].
D/Mono    (10307): Image addref System.Collections[0xef4fd7e0] -> System.Collections.dll[0xea9a3200]: 8
D/Mono    (10307): Config attempting to parse: 'System.Collections.dll.config'.
D/Mono    (10307): Config attempting to parse: '/Users/builder/data/lanes/4009/f3074d2c/source/monodroid/builds/install/mono-armv6/etc/mono/assemblies/System.Collections/System.Collections.config'.
D/Mono    (10307): Assembly Ref addref Akavache.Sqlite3[0xea99e080] -> System.Collections[0xea99f160]: 6
D/Mono    (10307): Unloading image SQLitePCL.raw.dll [0xef4f8f00].
D/Mono    (10307): Image addref SQLitePCL.raw[0xef4fd7e0] -> SQLitePCL.raw.dll[0xea7e1100]: 5
D/Mono    (10307): Config attempting to parse: 'SQLitePCL.raw.dll.config'.
D/Mono    (10307): Config attempting to parse: '/Users/builder/data/lanes/4009/f3074d2c/source/monodroid/builds/install/mono-armv6/etc/mono/assemblies/SQLitePCL.raw/SQLitePCL.raw.config'.
D/Mono    (10307): Assembly Ref addref Akavache.Sqlite3[0xea99e080] -> SQLitePCL.raw[0xea99ed40]: 2
D/Mono    (10307): Assembly Ref addref SQLitePCL.raw[0xea99ed40] -> mscorlib[0xea99dea0]: 42
D/Mono    (10307): Assembly Ref addref Splat[0xea99e0e0] -> System[0xea99f0a0]: 10
D/Mono    (10307): DllImport attempting to load: '/system/lib/libsqlite.so'.
D/Mono    (10307): DllImport loaded library '/system/lib/libsqlite.so'.
D/Mono    (10307): DllImport searching in: '/system/lib/libsqlite.so' ('/system/lib/libsqlite.so').
D/Mono    (10307): Searching for 'sqlite3_open_v2'.
D/Mono    (10307): Probing 'sqlite3_open_v2'.
D/Mono    (10307): Found as 'sqlite3_open_v2'.
D/Mono    (10307): DllImport searching in: '/system/lib/libsqlite.so' ('/system/lib/libsqlite.so').
D/Mono    (10307): Searching for 'sqlite3_busy_timeout'.
D/Mono    (10307): Probing 'sqlite3_busy_timeout'.
D/Mono    (10307): Found as 'sqlite3_busy_timeout'.
D/Mono    (10307): Unloading image System.Threading.Tasks.dll [0xef4fa800].
D/Mono    (10307): Image addref System.Threading.Tasks[0xef4fde40] -> System.Threading.Tasks.dll[0xda352800]: 8
D/Mono    (10307): Config attempting to parse: 'System.Threading.Tasks.dll.config'.
D/Mono    (10307): Config attempting to parse: '/Users/builder/data/lanes/4009/f3074d2c/source/monodroid/builds/install/mono-armv6/etc/mono/assemblies/System.Threading.Tasks/System.Threading.Tasks.config'.
D/Mono    (10307): Assembly Ref addref Akavache.Sqlite3[0xea99e080] -> System.Threading.Tasks[0xd8f064e0]: 6
D/Mono    (10307): Unloading image System.Linq.dll [0xef4fa800].
D/Mono    (10307): Image addref System.Linq[0xef4fde40] -> System.Linq.dll[0xef32b500]: 7
D/Mono    (10307): Config attempting to parse: 'System.Linq.dll.config'.
D/Mono    (10307): Config attempting to parse: '/Users/builder/data/lanes/4009/f3074d2c/source/monodroid/builds/install/mono-armv6/etc/mono/assemblies/System.Linq/System.Linq.config'.
D/Mono    (10307): Assembly Ref addref Akavache.Sqlite3[0xea99e080] -> System.Linq[0xea99f280]: 5
D/Mono    (10307): DllImport searching in: '/system/lib/libsqlite.so' ('/system/lib/libsqlite.so').
D/Mono    (10307): Searching for 'sqlite3_prepare_v2'.
D/Mono    (10307): Probing 'sqlite3_prepare_v2'.
D/Mono    (10307): Found as 'sqlite3_prepare_v2'.
D/Mono    (10307): DllImport searching in: '/system/lib/libsqlite.so' ('/system/lib/libsqlite.so').
D/Mono    (10307): Searching for 'sqlite3_step'.
D/Mono    (10307): Probing 'sqlite3_step'.
D/Mono    (10307): Found as 'sqlite3_step'.
D/Mono    (10307): DllImport searching in: '/system/lib/libsqlite.so' ('/system/lib/libsqlite.so').
D/Mono    (10307): Searching for 'sqlite3_column_type'.
D/Mono    (10307): Probing 'sqlite3_column_type'.
D/Mono    (10307): Found as 'sqlite3_column_type'.
D/Mono    (10307): Unloading image System.Reflection.dll [0xef4f8f00].
D/Mono    (10307): Image addref System.Reflection[0xef4fde40] -> System.Reflection.dll[0xea9a1900]: 8
D/Mono    (10307): Config attempting to parse: 'System.Reflection.dll.config'.
D/Mono    (10307): Config attempting to parse: '/Users/builder/data/lanes/4009/f3074d2c/source/monodroid/builds/install/mono-armv6/etc/mono/assemblies/System.Reflection/System.Reflection.config'.
D/Mono    (10307): Assembly Ref addref Akavache.Sqlite3[0xea99e080] -> System.Reflection[0xea99ef80]: 6
D/Mono    (10307): DllImport searching in: '/system/lib/libsqlite.so' ('/system/lib/libsqlite.so').
D/Mono    (10307): Searching for 'sqlite3_column_int'.
D/Mono    (10307): Probing 'sqlite3_column_int'.
D/Mono    (10307): Found as 'sqlite3_column_int'.
D/Mono    (10307): DllImport searching in: '/system/lib/libsqlite.so' ('/system/lib/libsqlite.so').
D/Mono    (10307): Searching for 'sqlite3_finalize'.
D/Mono    (10307): Probing 'sqlite3_finalize'.
D/Mono    (10307): Found as 'sqlite3_finalize'.
D/Mono    (10307): DllImport searching in: '/system/lib/libsqlite.so' ('/system/lib/libsqlite.so').
D/Mono    (10307): Searching for 'sqlite3_changes'.
D/Mono    (10307): Probing 'sqlite3_changes'.
D/Mono    (10307): Found as 'sqlite3_changes'.
D/Mono    (10307): Assembly Ref addref Akavache.Sqlite3[0xea99e080] -> System.Reflection.Extensions[0xea99f520]: 4
D/Mono    (10307): DllImport searching in: '/system/lib/libsqlite.so' ('/system/lib/libsqlite.so').
D/Mono    (10307): Searching for 'sqlite3_column_count'.
D/Mono    (10307): Probing 'sqlite3_column_count'.
D/Mono    (10307): Found as 'sqlite3_column_count'.
D/Mono    (10307): DllImport searching in: '/system/lib/libsqlite.so' ('/system/lib/libsqlite.so').
D/Mono    (10307): Searching for 'sqlite3_column_name'.
D/Mono    (10307): Probing 'sqlite3_column_name'.
D/Mono    (10307): Found as 'sqlite3_column_name'.
D/Mono    (10307): DllImport searching in: '/system/lib/libsqlite.so' ('/system/lib/libsqlite.so').
D/Mono    (10307): Searching for 'sqlite3_column_text'.
D/Mono    (10307): Probing 'sqlite3_column_text'.
D/Mono    (10307): Found as 'sqlite3_column_text'.
E/SQLiteLog(10307): (1) no such table: SchemaInfo
D/Mono    (10307): DllImport searching in: '/system/lib/libsqlite.so' ('/system/lib/libsqlite.so').
D/Mono    (10307): Searching for 'sqlite3_errmsg'.
D/Mono    (10307): Probing 'sqlite3_errmsg'.
D/Mono    (10307): Found as 'sqlite3_errmsg'.
D/Mono    (10307): DllImport searching in: '/system/lib/libsqlite.so' ('/system/lib/libsqlite.so').
D/Mono    (10307): Searching for 'sqlite3_bind_int'.
D/Mono    (10307): Probing 'sqlite3_bind_int'.
D/Mono    (10307): Found as 'sqlite3_bind_int'.
D/Mono    (10307): DllImport searching in: '/system/lib/libsqlite.so' ('/system/lib/libsqlite.so').
D/Mono    (10307): Searching for 'sqlite3_reset'.
D/Mono    (10307): Probing 'sqlite3_reset'.
D/Mono    (10307): Found as 'sqlite3_reset'.
D/Mono    (10307): Unloading image System.Threading.dll [0xd7b13e00].
D/Mono    (10307): Image addref System.Threading[0xef4fdfc0] -> System.Threading.dll[0xea9a1e00]: 9
D/Mono    (10307): Config attempting to parse: 'System.Threading.dll.config'.
D/Mono    (10307): Config attempting to parse: '/Users/builder/data/lanes/4009/f3074d2c/source/monodroid/builds/install/mono-armv6/etc/mono/assemblies/System.Threading/System.Threading.config'.
D/Mono    (10307): Assembly Ref addref Akavache.Sqlite3[0xea99e080] -> System.Threading[0xea99efe0]: 7
D/Mono    (10307): DllImport searching in: '/system/lib/libsqlite.so' ('/system/lib/libsqlite.so').
D/Mono    (10307): Searching for 'sqlite3_bind_text'.
D/Mono    (10307): Probing 'sqlite3_bind_text'.
D/Mono    (10307): Found as 'sqlite3_bind_text'.
D/Mono    (10307): Unloading image Newtonsoft.Json.dll [0xd8b5f900].
D/Mono    (10307): Image addref Newtonsoft.Json[0xd8f08820] -> Newtonsoft.Json.dll[0xea7de400]: 5
D/Mono    (10307): Config attempting to parse: 'Newtonsoft.Json.dll.config'.
D/Mono    (10307): Config attempting to parse: '/Users/builder/data/lanes/4009/f3074d2c/source/monodroid/builds/install/mono-armv6/etc/mono/assemblies/Newtonsoft.Json/Newtonsoft.Json.config'.
D/Mono    (10307): Assembly Ref addref Akavache.Sqlite3[0xea99e080] -> Newtonsoft.Json[0xea99e9e0]: 3
D/Mono    (10307): Image addref System.IO[0xd8f08820] -> System.IO.dll[0xd8b5f900]: 2
D/Mono    (10307): Prepared to set up assembly 'System.IO' (System.IO.dll)
D/Mono    (10307): Assembly System.IO[0xd8f08820] added to domain RootDomain, ref_count=1
D/Mono    (10307): AOT module 'System.IO.dll.so' not found: dlopen failed: library "/data/app/com.careerbuilder.SugarDrone-1/lib/arm/libaot-System.IO.dll.so" not found
D/Mono    (10307): AOT module '/Users/builder/data/lanes/4009/f3074d2c/source/monodroid/builds/install/mono-armv6/lib/mono/aot-cache/arm/System.IO.dll.so' not found: dlopen failed: library "/data/app/com.careerbuilder.SugarDrone-1/lib/arm/libaot-System.IO.dll.so" not found
D/Mono    (10307): Config attempting to parse: 'System.IO.dll.config'.
D/Mono    (10307): Config attempting to parse: '/Users/builder/data/lanes/4009/f3074d2c/source/monodroid/builds/install/mono-armv6/etc/mono/assemblies/System.IO/System.IO.config'.
D/Mono    (10307): Assembly Ref addref Akavache.Sqlite3[0xea99e080] -> System.IO[0xd8f08820]: 2
D/Mono    (10307): Assembly Ref addref System.IO[0xd8f08820] -> mscorlib[0xea99dea0]: 43
D/Mono    (10307): Image addref System.Runtime.Serialization.Primitives[0xd8f087c0] -> System.Runtime.Serialization.Primitives.dll[0xd878ab00]: 2
D/Mono    (10307): Prepared to set up assembly 'System.Runtime.Serialization.Primitives' (System.Runtime.Serialization.Primitives.dll)
D/Mono    (10307): Assembly System.Runtime.Serialization.Primitives[0xd8f087c0] added to domain RootDomain, ref_count=1
D/Mono    (10307): AOT module 'System.Runtime.Serialization.Primitives.dll.so' not found: dlopen failed: library "/data/app/com.careerbuilder.SugarDrone-1/lib/arm/libaot-System.Runtime.Serialization.Primitives.dll.so" not found
D/Mono    (10307): AOT module '/Users/builder/data/lanes/4009/f3074d2c/source/monodroid/builds/install/mono-armv6/lib/mono/aot-cache/arm/System.Runtime.Serialization.Primitives.dll.so' not found: dlopen failed: library "/data/app/com.careerbuilder.SugarDrone-1/lib/arm/libaot-System.Runtime.Serialization.Primitives.dll.so" not found
D/Mono    (10307): Config attempting to parse: 'System.Runtime.Serialization.Primitives.dll.config'.
D/Mono    (10307): Config attempting to parse: '/Users/builder/data/lanes/4009/f3074d2c/source/monodroid/builds/install/mono-armv6/etc/mono/assemblies/System.Runtime.Serialization.Primitives/System.Runtime.Serialization.Primitives.config'.
D/Mono    (10307): Assembly Ref addref Newtonsoft.Json[0xea99e9e0] -> System.Runtime.Serialization.Primitives[0xd8f087c0]: 2
D/Mono    (10307): Assembly Ref addref System.Runtime.Serialization.Primitives[0xd8f087c0] -> mscorlib[0xea99dea0]: 44
D/Mono    (10307): Unloading image System.Globalization.dll [0xd878a600].
D/Mono    (10307): Image addref System.Globalization[0xd8f08760] -> System.Globalization.dll[0xdad61600]: 7
D/Mono    (10307): Config attempting to parse: 'System.Globalization.dll.config'.
D/Mono    (10307): Config attempting to parse: '/Users/builder/data/lanes/4009/f3074d2c/source/monodroid/builds/install/mono-armv6/etc/mono/assemblies/System.Globalization/System.Globalization.config'.
D/Mono    (10307): Assembly Ref addref Newtonsoft.Json[0xea99e9e0] -> System.Globalization[0xdaee8420]: 5
D/Mono    (10307): Unloading image System.Collections.dll [0xd878a600].
D/Mono    (10307): Image addref System.Collections[0xd8f08760] -> System.Collections.dll[0xea9a3200]: 9
D/Mono    (10307): Config attempting to parse: 'System.Collections.dll.config'.
D/Mono    (10307): Config attempting to parse: '/Users/builder/data/lanes/4009/f3074d2c/source/monodroid/builds/install/mono-armv6/etc/mono/assemblies/System.Collections/System.Collections.config'.
D/Mono    (10307): Assembly Ref addref Newtonsoft.Json[0xea99e9e0] -> System.Collections[0xea99f160]: 7
D/Mono    (10307): Unloading image System.IO.dll [0xd878a600].
D/Mono    (10307): Image addref System.IO[0xd8f08760] -> System.IO.dll[0xd8b5f900]: 5
D/Mono    (10307): Config attempting to parse: 'System.IO.dll.config'.
D/Mono    (10307): Config attempting to parse: '/Users/builder/data/lanes/4009/f3074d2c/source/monodroid/builds/install/mono-armv6/etc/mono/assemblies/System.IO/System.IO.config'.
D/Mono    (10307): Assembly Ref addref Newtonsoft.Json[0xea99e9e0] -> System.IO[0xd8f08820]: 3
D/Mono    (10307): Unloading image System.Runtime.Extensions.dll [0xd878a600].
D/Mono    (10307): Image addref System.Runtime.Extensions[0xd8f08760] -> System.Runtime.Extensions.dll[0xda350a00]: 7
D/Mono    (10307): Config attempting to parse: 'System.Runtime.Extensions.dll.config'.
D/Mono    (10307): Config attempting to parse: '/Users/builder/data/lanes/4009/f3074d2c/source/monodroid/builds/install/mono-armv6/etc/mono/assemblies/System.Runtime.Extensions/System.Runtime.Extensions.config'.
D/Mono    (10307): Assembly Ref addref Newtonsoft.Json[0xea99e9e0] -> System.Runtime.Extensions[0xdaee8720]: 5
D/Mono    (10307): Image addref System.Text.Encoding[0xd8f08760] -> System.Text.Encoding.dll[0xd878a600]: 2
D/Mono    (10307): Prepared to set up assembly 'System.Text.Encoding' (System.Text.Encoding.dll)
D/Mono    (10307): Assembly System.Text.Encoding[0xd8f08760] added to domain RootDomain, ref_count=1
D/Mono    (10307): AOT module 'System.Text.Encoding.dll.so' not found: dlopen failed: library "/data/app/com.careerbuilder.SugarDrone-1/lib/arm/libaot-System.Text.Encoding.dll.so" not found
D/Mono    (10307): AOT module '/Users/builder/data/lanes/4009/f3074d2c/source/monodroid/builds/install/mono-armv6/lib/mono/aot-cache/arm/System.Text.Encoding.dll.so' not found: dlopen failed: library "/data/app/com.careerbuilder.SugarDrone-1/lib/arm/libaot-System.Text.Encoding.dll.so" not found
D/Mono    (10307): Config attempting to parse: 'System.Text.Encoding.dll.config'.
D/Mono    (10307): Config attempting to parse: '/Users/builder/data/lanes/4009/f3074d2c/source/monodroid/builds/install/mono-armv6/etc/mono/assemblies/System.Text.Encoding/System.Text.Encoding.config'.
D/Mono    (10307): Assembly Ref addref Newtonsoft.Json[0xea99e9e0] -> System.Text.Encoding[0xd8f08760]: 2
D/Mono    (10307): Assembly Ref addref System.Text.Encoding[0xd8f08760] -> mscorlib[0xea99dea0]: 45
D/Mono    (10307): Unloading image System.Linq.dll [0xd8b61200].
D/Mono    (10307): Image addref System.Linq[0xdaee8a20] -> System.Linq.dll[0xef32b500]: 8
D/Mono    (10307): Config attempting to parse: 'System.Linq.dll.config'.
D/Mono    (10307): Config attempting to parse: '/Users/builder/data/lanes/4009/f3074d2c/source/monodroid/builds/install/mono-armv6/etc/mono/assemblies/System.Linq/System.Linq.config'.
D/Mono    (10307): Assembly Ref addref Newtonsoft.Json[0xea99e9e0] -> System.Linq[0xea99f280]: 6
D/Mono    (10307): Unloading image System.Reflection.dll [0xd8b61200].
D/Mono    (10307): Image addref System.Reflection[0xd8f08b20] -> System.Reflection.dll[0xea9a1900]: 9
D/Mono    (10307): Config attempting to parse: 'System.Reflection.dll.config'.
D/Mono    (10307): Config attempting to parse: '/Users/builder/data/lanes/4009/f3074d2c/source/monodroid/builds/install/mono-armv6/etc/mono/assemblies/System.Reflection/System.Reflection.config'.
D/Mono    (10307): Assembly Ref addref Newtonsoft.Json[0xea99e9e0] -> System.Reflection[0xea99ef80]: 7
D/Mono    (10307): Image addref System.Runtime.Serialization[0xd8f08b20] -> System.Runtime.Serialization.dll[0xd8b61200]: 2
D/Mono    (10307): Prepared to set up assembly 'System.Runtime.Serialization' (System.Runtime.Serialization.dll)
D/Mono    (10307): Assembly System.Runtime.Serialization[0xd8f08b20] added to domain RootDomain, ref_count=1
D/Mono    (10307): AOT module 'System.Runtime.Serialization.dll.so' not found: dlopen failed: library "/data/app/com.careerbuilder.SugarDrone-1/lib/arm/libaot-System.Runtime.Serialization.dll.so" not found
D/Mono    (10307): AOT module '/Users/builder/data/lanes/4009/f3074d2c/source/monodroid/builds/install/mono-armv6/lib/mono/aot-cache/arm/System.Runtime.Serialization.dll.so' not found: dlopen failed: library "/data/app/com.careerbuilder.SugarDrone-1/lib/arm/libaot-System.Runtime.Serialization.dll.so" not found
D/Mono    (10307): Config attempting to parse: 'System.Runtime.Serialization.dll.config'.
D/Mono    (10307): Config attempting to parse: '/Users/builder/data/lanes/4009/f3074d2c/source/monodroid/builds/install/mono-armv6/etc/mono/assemblies/System.Runtime.Serialization/System.Runtime.Serialization.config'.
D/Mono    (10307): Assembly Ref addref System.Runtime.Serialization.Primitives[0xd8f087c0] -> System.Runtime.Serialization[0xd8f08b20]: 2
D/Mono    (10307): Assembly Ref addref System.Runtime.Serialization[0xd8f08b20] -> mscorlib[0xea99dea0]: 46
D/Mono    (10307): Image addref System.Text.Encoding.Extensions[0xdaee8a20] -> System.Text.Encoding.Extensions.dll[0xd8b61700]: 2
D/Mono    (10307): Prepared to set up assembly 'System.Text.Encoding.Extensions' (System.Text.Encoding.Extensions.dll)
D/Mono    (10307): Assembly System.Text.Encoding.Extensions[0xdaee8a20] added to domain RootDomain, ref_count=1
D/Mono    (10307): AOT module 'System.Text.Encoding.Extensions.dll.so' not found: dlopen failed: library "/data/app/com.careerbuilder.SugarDrone-1/lib/arm/libaot-System.Text.Encoding.Extensions.dll.so" not found
D/Mono    (10307): AOT module '/Users/builder/data/lanes/4009/f3074d2c/source/monodroid/builds/install/mono-armv6/lib/mono/aot-cache/arm/System.Text.Encoding.Extensions.dll.so' not found: dlopen failed: library "/data/app/com.careerbuilder.SugarDrone-1/lib/arm/libaot-System.Text.Encoding.Extensions.dll.so" not found
D/Mono    (10307): Config attempting to parse: 'System.Text.Encoding.Extensions.dll.config'.
D/Mono    (10307): Config attempting to parse: '/Users/builder/data/lanes/4009/f3074d2c/source/monodroid/builds/install/mono-armv6/etc/mono/assemblies/System.Text.Encoding.Extensions/System.Text.Encoding.Extensions.config'.
D/Mono    (10307): Assembly Ref addref Newtonsoft.Json[0xea99e9e0] -> System.Text.Encoding.Extensions[0xdaee8a20]: 2
D/Mono    (10307): Assembly Ref addref System.Text.Encoding.Extensions[0xdaee8a20] -> mscorlib[0xea99dea0]: 47
D/Mono    (10307): Unloading image System.Threading.dll [0xdae46100].
D/Mono    (10307): Image addref System.Threading[0xd8f08c40] -> System.Threading.dll[0xea9a1e00]: 10
D/Mono    (10307): Config attempting to parse: 'System.Threading.dll.config'.
D/Mono    (10307): Config attempting to parse: '/Users/builder/data/lanes/4009/f3074d2c/source/monodroid/builds/install/mono-armv6/etc/mono/assemblies/System.Threading/System.Threading.config'.
D/Mono    (10307): Assembly Ref addref Newtonsoft.Json[0xea99e9e0] -> System.Threading[0xea99efe0]: 8
D/Mono    (10307): Assembly Ref addref Newtonsoft.Json[0xea99e9e0] -> System.Reflection.Extensions[0xea99f520]: 5
D/Mono    (10307): Assembly Ref addref System.ObjectModel[0xd8bf9240] -> mscorlib[0xea99dea0]: 48
D/Mono    (10307): Image addref System.Xml.XDocument[0xd8f08e80] -> System.Xml.XDocument.dll[0xd8761000]: 2
D/Mono    (10307): Prepared to set up assembly 'System.Xml.XDocument' (System.Xml.XDocument.dll)
D/Mono    (10307): Assembly System.Xml.XDocument[0xd8f08e80] added to domain RootDomain, ref_count=1
D/Mono    (10307): AOT module 'System.Xml.XDocument.dll.so' not found: dlopen failed: library "/data/app/com.careerbuilder.SugarDrone-1/lib/arm/libaot-System.Xml.XDocument.dll.so" not found
D/Mono    (10307): AOT module '/Users/builder/data/lanes/4009/f3074d2c/source/monodroid/builds/install/mono-armv6/lib/mono/aot-cache/arm/System.Xml.XDocument.dll.so' not found: dlopen failed: library "/data/app/com.careerbuilder.SugarDrone-1/lib/arm/libaot-System.Xml.XDocument.dll.so" not found
D/Mono    (10307): Config attempting to parse: 'System.Xml.XDocument.dll.config'.
D/Mono    (10307): Config attempting to parse: '/Users/builder/data/lanes/4009/f3074d2c/source/monodroid/builds/install/mono-armv6/etc/mono/assemblies/System.Xml.XDocument/System.Xml.XDocument.config'.
D/Mono    (10307): Assembly Ref addref Newtonsoft.Json[0xea99e9e0] -> System.Xml.XDocument[0xd8f08e80]: 2
D/Mono    (10307): Image addref System.Xml.Linq[0xd8f08e20] -> System.Xml.Linq.dll[0xd8761500]: 2
D/Mono    (10307): Prepared to set up assembly 'System.Xml.Linq' (System.Xml.Linq.dll)
D/Mono    (10307): Assembly System.Xml.Linq[0xd8f08e20] added to domain RootDomain, ref_count=1
D/Mono    (10307): AOT module 'System.Xml.Linq.dll.so' not found: dlopen failed: library "/data/app/com.careerbuilder.SugarDrone-1/lib/arm/libaot-System.Xml.Linq.dll.so" not found
D/Mono    (10307): AOT module '/Users/builder/data/lanes/4009/f3074d2c/source/monodroid/builds/install/mono-armv6/lib/mono/aot-cache/arm/System.Xml.Linq.dll.so' not found: dlopen failed: library "/data/app/com.careerbuilder.SugarDrone-1/lib/arm/libaot-System.Xml.Linq.dll.so" not found
D/Mono    (10307): Config attempting to parse: 'System.Xml.Linq.dll.config'.
D/Mono    (10307): Config attempting to parse: '/Users/builder/data/lanes/4009/f3074d2c/source/monodroid/builds/install/mono-armv6/etc/mono/assemblies/System.Xml.Linq/System.Xml.Linq.config'.
D/Mono    (10307): Assembly Ref addref System.Xml.XDocument[0xd8f08e80] -> System.Xml.Linq[0xd8f08e20]: 2
D/Mono    (10307): Assembly Ref addref System.Xml.Linq[0xd8f08e20] -> mscorlib[0xea99dea0]: 49
D/Mono    (10307): Assembly Ref addref System.Xml.Linq[0xd8f08e20] -> System.Xml[0xea99f6a0]: 4
D/Mono    (10307): Image addref System.Text.RegularExpressions[0xd8f08f40] -> System.Text.RegularExpressions.dll[0xd8761a00]: 2
D/Mono    (10307): Prepared to set up assembly 'System.Text.RegularExpressions' (System.Text.RegularExpressions.dll)
D/Mono    (10307): Assembly System.Text.RegularExpressions[0xd8f08f40] added to domain RootDomain, ref_count=1
D/Mono    (10307): AOT module 'System.Text.RegularExpressions.dll.so' not found: dlopen failed: library "/data/app/com.careerbuilder.SugarDrone-1/lib/arm/libaot-System.Text.RegularExpressions.dll.so" not found
D/Mono    (10307): AOT module '/Users/builder/data/lanes/4009/f3074d2c/source/monodroid/builds/install/mono-armv6/lib/mono/aot-cache/arm/System.Text.RegularExpressions.dll.so' not found: dlopen failed: library "/data/app/com.careerbuilder.SugarDrone-1/lib/arm/libaot-System.Text.RegularExpressions.dll.so" not found
D/Mono    (10307): Config attempting to parse: 'System.Text.RegularExpressions.dll.config'.
D/Mono    (10307): Config attempting to parse: '/Users/builder/data/lanes/4009/f3074d2c/source/monodroid/builds/install/mono-armv6/etc/mono/assemblies/System.Text.RegularExpressions/System.Text.RegularExpressions.config'.
D/Mono    (10307): Assembly Ref addref Newtonsoft.Json[0xea99e9e0] -> System.Text.RegularExpressions[0xd8f08f40]: 2
D/Mono    (10307): Assembly Ref addref System.Text.RegularExpressions[0xd8f08f40] -> System[0xea99f0a0]: 11
D/Mono    (10307): Unloading image System.Linq.Expressions.dll [0xd8761f00].
D/Mono    (10307): Image addref System.Linq.Expressions[0xd8f08ee0] -> System.Linq.Expressions.dll[0xda231000]: 5
D/Mono    (10307): Config attempting to parse: 'System.Linq.Expressions.dll.config'.
D/Mono    (10307): Config attempting to parse: '/Users/builder/data/lanes/4009/f3074d2c/source/monodroid/builds/install/mono-armv6/etc/mono/assemblies/System.Linq.Expressions/System.Linq.Expressions.config'.
D/Mono    (10307): Assembly Ref addref Newtonsoft.Json[0xea99e9e0] -> System.Linq.Expressions[0xdaee8c00]: 3
I/ServiceManager(  548): Waiting for service AtCmdFwd...
D/Mono    (10307): DllImport searching in: '/system/lib/libsqlite.so' ('/system/lib/libsqlite.so').
D/Mono    (10307): Searching for 'sqlite3_bind_blob'.
D/Mono    (10307): Probing 'sqlite3_bind_blob'.
D/Mono    (10307): Found as 'sqlite3_bind_blob'.
D/Mono    (10307): DllImport searching in: '/system/lib/libsqlite.so' ('/system/lib/libsqlite.so').
D/Mono    (10307): Searching for 'sqlite3_bind_int64'.
D/Mono    (10307): Probing 'sqlite3_bind_int64'.
D/Mono    (10307): Found as 'sqlite3_bind_int64'.
D/Mono    (10307): DllImport searching in: '__Internal' ('(null)').
D/Mono    (10307): Searching for 'java_interop_jnienv_call_nonvirtual_boolean_method_a'.
D/Mono    (10307): Probing 'java_interop_jnienv_call_nonvirtual_boolean_method_a'.
D/Mono    (10307): Found as 'java_interop_jnienv_call_nonvirtual_boolean_method_a'.
I/calabash(10307): execStartActivity 4
I/ActivityManager(  928): START u0 {cmp=com.careerbuilder.SugarDrone/md5a4824aa66c0dc4d104077b72c1916a44.TermsAndConditionsActivity} from uid 14255 on display 0
W/ResourceType(10307): No known package when getting name for resource number 0xffffffff
W/ResourceType(10307): No known package when getting name for resource number 0xffffffff
W/ResourceType(10307): No known package when getting name for resource number 0xffffffff
I/calabash(10307): newActivity1
I/Keyboard.Facilitator( 3444): onFinishInput()
I/ActivityManager(  928): Displayed com.careerbuilder.SugarDrone/md5a4824aa66c0dc4d104077b72c1916a44.TermsAndConditionsActivity: +406ms
I/System.out(10307): URI: /map
I/System.out(10307): params: {json={"query":"* id:'agreeAndContinueButton'","operation":{"method_name":"query","arguments":[]}}
I/System.out(10307): }
W/ResourceType(10307): No known package when getting name for resource number 0xffffffff
W/ResourceType(10307): No known package when getting name for resource number 0xffffffff
W/ResourceType(10307): No known package when getting name for resource number 0xffffffff
W/ResourceType(10307): No known package when getting name for resource number 0xffffffff
W/ResourceType(10307): No known package when getting name for resource number 0xffffffff
W/ResourceType(10307): No known package when getting name for resource number 0xffffffff
W/ResourceType(10307): No known package when getting name for resource number 0xffffffff
W/ResourceType(10307): No known package when getting name for resource number 0xffffffff
W/ResourceType(10307): No known package when getting name for resource number 0xffffffff
W/ResourceType(10307): No known package when getting name for resource number 0xffffffff
I/ServiceManager(  548): Waiting for service AtCmdFwd...
I/System.out(10307): URI: /map
I/System.out(10307): params: {json={"query":"* id:'agreeAndContinueButton'","operation":{"method_name":"query","arguments":[]}}
I/System.out(10307): }
W/ResourceType(10307): No known package when getting name for resource number 0xffffffff
W/ResourceType(10307): No known package when getting name for resource number 0xffffffff
W/ResourceType(10307): No known package when getting name for resource number 0xffffffff
W/ResourceType(10307): No known package when getting name for resource number 0xffffffff
W/ResourceType(10307): No known package when getting name for resource number 0xffffffff
W/ResourceType(10307): No known package when getting name for resource number 0xffffffff
W/ResourceType(10307): No known package when getting name for resource number 0xffffffff
I/art     (10307): Starting a blocking GC Explicit
I/art     (10307): Explicit concurrent mark sweep GC freed 46565(2MB) AllocSpace objects, 6(120KB) LOS objects, 39% free, 22MB/37MB, paused 593us total 26.358ms
I/art     (10307): Starting a blocking GC Explicit
I/art     (10307): Explicit concurrent mark sweep GC freed 229(10KB) AllocSpace objects, 0(0B) LOS objects, 40% free, 22MB/37MB, paused 624us total 18.101ms
I/art     (10307): Starting a blocking GC Explicit
I/art     (10307): Explicit concurrent mark sweep GC freed 17(1280B) AllocSpace objects, 0(0B) LOS objects, 40% free, 22MB/37MB, paused 1.138ms total 17.974ms
I/art     (10307): Starting a blocking GC Explicit
I/art     (10307): Explicit concurrent mark sweep GC freed 3(96B) AllocSpace objects, 0(0B) LOS objects, 40% free, 22MB/37MB, paused 566us total 17.355ms
I/art     (10307): Starting a blocking GC Explicit
I/System.out(10307): URI: /map
I/System.out(10307): params: {json={"query":"* id:'agreeAndContinueButton'","operation":{"method_name":"query","arguments":[]}}
I/System.out(10307): }
I/art     (10307): Explicit concurrent mark sweep GC freed 97(7KB) AllocSpace objects, 1(20KB) LOS objects, 40% free, 22MB/37MB, paused 986us total 18.501ms
W/ResourceType(10307): No known package when getting name for resource number 0xffffffff
W/ResourceType(10307): No known package when getting name for resource number 0xffffffff
W/ResourceType(10307): No known package when getting name for resource number 0xffffffff
W/ResourceType(10307): No known package when getting name for resource number 0xffffffff
W/ResourceType(10307): No known package when getting name for resource number 0xffffffff
W/ResourceType(10307): No known package when getting name for resource number 0xffffffff
W/ResourceType(10307): No known package when getting name for resource number 0xffffffff
I/ServiceManager(  548): Waiting for service AtCmdFwd...
I/System.out(10307): URI: /map
I/System.out(10307): params: {json={"query":"* id:'agreeAndContinueButton'","operation":{"method_name":"query","arguments":[]}}
I/System.out(10307): }
W/ResourceType(10307): No known package when getting name for resource number 0xffffffff
W/ResourceType(10307): No known package when getting name for resource number 0xffffffff
W/ResourceType(10307): No known package when getting name for resource number 0xffffffff
W/ResourceType(10307): No known package when getting name for resource number 0xffffffff
W/ResourceType(10307): No known package when getting name for resource number 0xffffffff
W/ResourceType(10307): No known package when getting name for resource number 0xffffffff
W/ResourceType(10307): No known package when getting name for resource number 0xffffffff
I/System.out(10307): URI: /map
I/System.out(10307): params: {json={"query":"* id:'agreeAndContinueButton'","operation":{"method_name":"query","arguments":[]}}
I/System.out(10307): }
W/ResourceType(10307): No known package when getting name for resource number 0xffffffff
W/ResourceType(10307): No known package when getting name for resource number 0xffffffff
W/ResourceType(10307): No known package when getting name for resource number 0xffffffff
W/ResourceType(10307): No known package when getting name for resource number 0xffffffff
W/ResourceType(10307): No known package when getting name for resource number 0xffffffff
W/ResourceType(10307): No known package when getting name for resource number 0xffffffff
W/ResourceType(10307): No known package when getting name for resource number 0xffffffff
I/System.out(10307): URI: /map
I/System.out(10307): params: {json={"query":"* id:'agreeAndContinueButton'","operation":{"method_name":"query","arguments":[]}}
I/System.out(10307): }
W/ResourceType(10307): No known package when getting name for resource number 0xffffffff
W/ResourceType(10307): No known package when getting name for resource number 0xffffffff
W/ResourceType(10307): No known package when getting name for resource number 0xffffffff
W/ResourceType(10307): No known package when getting name for resource number 0xffffffff
W/ResourceType(10307): No known package when getting name for resource number 0xffffffff
W/ResourceType(10307): No known package when getting name for resource number 0xffffffff
W/ResourceType(10307): No known package when getting name for resource number 0xffffffff
D/Mono    (10307): DllImport searching in: '__Internal' ('(null)').
D/Mono    (10307): Searching for 'java_interop_jnienv_call_nonvirtual_int_method_a'.
D/Mono    (10307): Probing 'java_interop_jnienv_call_nonvirtual_int_method_a'.
D/Mono    (10307): Found as 'java_interop_jnienv_call_nonvirtual_int_method_a'.
D/Mono    (10307): DllImport searching in: '__Internal' ('(null)').
D/Mono    (10307): Searching for 'java_interop_jnienv_get_float_field'.
D/Mono    (10307): Probing 'java_interop_jnienv_get_float_field'.
D/Mono    (10307): Found as 'java_interop_jnienv_get_float_field'.
D/Mono    (10307): Assembly Ref addref System.Net.Http[0xea99fc40] -> System.Core[0xea99f400]: 13
D/Mono    (10307): DllImport searching in: '__Internal' ('(null)').
