D/Mono    (10307): Searching for 'java_interop_jnienv_new_object_array'.
D/Mono    (10307): Probing 'java_interop_jnienv_new_object_array'.
D/Mono    (10307): Found as 'java_interop_jnienv_new_object_array'.
D/Mono    (10307): DllImport searching in: '__Internal' ('(null)').
D/Mono    (10307): Searching for 'java_interop_jnienv_set_object_array_element'.
D/Mono    (10307): Probing 'java_interop_jnienv_set_object_array_element'.
D/Mono    (10307): Found as 'java_interop_jnienv_set_object_array_element'.
D/Mono    (10307): Assembly Ref addref Mono.Android[0xea99ee00] -> System[0xea99f0a0]: 12
I/ServiceManager(  548): Waiting for service AtCmdFwd...
I/System.out(10307): URI: /map
I/System.out(10307): params: {json={"query":"* id:'agreeAndContinueButton'","operation":{"method_name":"query","arguments":[]}}
I/System.out(10307): }
W/ResourceType(10307): No known package when getting name for resource number 0xffffffff
W/ResourceType(10307): No known package when getting name for resource number 0xffffffff
W/ResourceType(10307): No known package when getting name for resource number 0xffffffff
W/ResourceType(10307): No known package when getting name for resource number 0xffffffff
W/ResourceType(10307): No known package when getting name for resource number 0xffffffff
W/ResourceType(10307): No known package when getting name for resource number 0xffffffff
W/ResourceType(10307): No known package when getting name for resource number 0xffffffff
I/System.out(10307): URI: /
I/System.out(10307): params: {json={"command":"touch_coordinate","arguments":[720.0,2273.0]}
I/System.out(10307): }
I/System.out(10307): header: {content-length=57, host=devicehost5.prod, x-session-token=token-token-bc71a649-ddc1-4aee-bc71-33d603151828, x-forwarded-for=10.222.150.38, content-type=application/json; charset=utf-8, connection=close}
I/System.out(10307): params: {json={"command":"touch_coordinate","arguments":[720.0,2273.0]}
I/System.out(10307): }
I/System.out(10307): ProP json = {"command":"touch_coordinate","arguments":[720.0,2273.0]}
I/System.out(10307): files: {}
I/System.out(10307): command: {"command":"touch_coordinate","arguments":[720.0,2273.0]}
I/InstrumentationBackend(10307): Got command:'Command:'Line:null,touch_coordinate', arguments:'[720.0, 2273.0]'
D/Mono    (10307): [0xd997a930] worker starting
D/audio_hw_primary(  517): out_set_parameters: enter: usecase(1: low-latency-playback) kvpairs: routing=2
I/calabash(10307): execStartActivity 4
I/ActivityManager(  928): START u0 {cmp=com.careerbuilder.SugarDrone/md537fd6201b6818e2e180d2f7606e21a83.ValuePropActivity} from uid 14255 on display 0
D/audio_hw_primary(  517): select_devices: out_snd_device(2: speaker) in_snd_device(0: none)
D/msm8974_platform(  517): platform_send_audio_calibration: sending audio calibration for snd_device(2) acdb_id(15)
I/soundtrigger(  517): audio_extn_sound_trigger_update_device_status: device 0x2 of type 0 for Event 1
I/calabash(10307): newActivity1
D/audio_hw_primary(  517): enable_snd_device: snd_device(2: speaker)
D/audio_hw_primary(  517): enable_audio_route: apply and update mixer path: low-latency-playback speaker
I/ServiceManager(  548): Waiting for service AtCmdFwd...
D/Mono    (10307): Unloading image System.dll [0xd8091800].
D/Mono    (10307): Image addref System[0xef4febc0] -> System.dll[0xea9a2800]: 5
D/Mono    (10307): Config attempting to parse: 'System.dll.config'.
D/Mono    (10307): Config attempting to parse: '/Users/builder/data/lanes/4009/f3074d2c/source/monodroid/builds/install/mono-armv6/etc/mono/assemblies/System/System.config'.
D/Mono    (10307): Unloading image System.dll [0xd8091800].
D/Mono    (10307): Image addref System[0xef4feb00] -> System.dll[0xea9a2800]: 6
D/Mono    (10307): Config attempting to parse: 'System.dll.config'.
D/Mono    (10307): Config attempting to parse: '/Users/builder/data/lanes/4009/f3074d2c/source/monodroid/builds/install/mono-armv6/etc/mono/assemblies/System/System.config'.
D/Mono    (10307): Unloading image System.dll [0xd8091800].
D/Mono    (10307): Image addref System[0xef4feb00] -> System.dll[0xea9a2800]: 7
D/Mono    (10307): Config attempting to parse: 'System.dll.config'.
D/Mono    (10307): Config attempting to parse: '/Users/builder/data/lanes/4009/f3074d2c/source/monodroid/builds/install/mono-armv6/etc/mono/assemblies/System/System.config'.
D/Mono    (10307): Unloading image System.dll [0xd8091800].
D/Mono    (10307): Image addref System[0xef4feb00] -> System.dll[0xea9a2800]: 8
D/Mono    (10307): Config attempting to parse: 'System.dll.config'.
D/Mono    (10307): Config attempting to parse: '/Users/builder/data/lanes/4009/f3074d2c/source/monodroid/builds/install/mono-armv6/etc/mono/assemblies/System/System.config'.
D/Mono    (10307): Assembly Ref addref CareerBuilder_Search.Droid[0xea99df00] -> System.Core[0xea99f400]: 14
D/Mono    (10307): DllImport searching in: '__Internal' ('(null)').
D/Mono    (10307): Searching for 'java_interop_jnienv_call_nonvirtual_object_method'.
D/Mono    (10307): Probing 'java_interop_jnienv_call_nonvirtual_object_method'.
D/Mono    (10307): Found as 'java_interop_jnienv_call_nonvirtual_object_method'.
I/System.out(10307): result:{"bonusInformation":[],"message":"","success":true}
D/Mono    (10307): DllImport searching in: '__Internal' ('(null)').
D/Mono    (10307): Searching for 'java_interop_jnienv_is_assignable_from'.
D/Mono    (10307): Probing 'java_interop_jnienv_is_assignable_from'.
D/Mono    (10307): Found as 'java_interop_jnienv_is_assignable_from'.
D/Mono    (10307): DllImport searching in: '__Internal' ('(null)').
D/Mono    (10307): Searching for 'java_interop_jnienv_get_byte_array_region'.
D/Mono    (10307): Probing 'java_interop_jnienv_get_byte_array_region'.
D/Mono    (10307): Found as 'java_interop_jnienv_get_byte_array_region'.
D/Mono    (10307): DllImport searching in: '__Internal' ('(null)').
D/Mono    (10307): Searching for 'java_interop_jnienv_set_byte_array_region'.
D/Mono    (10307): Probing 'java_interop_jnienv_set_byte_array_region'.
D/Mono    (10307): Found as 'java_interop_jnienv_set_byte_array_region'.
D/Mono    (10307): Assembly Ref addref CareerBuilder_Search.Droid[0xea99df00] -> Newtonsoft.Json[0xea99e9e0]: 4
D/Mono    (10307): [0xd9a7f930] worker starting
I/System.out(10307): URI: /backdoor
I/System.out(10307): params: {json={"method_name":"APISetup","arguments":[200]}
I/System.out(10307): }
W/Mono    (10307): The request to load the assembly System.Core v4.0.0.0 was remapped to v2.0.5.0
D/Mono    (10307): Unloading image System.Core.dll [0xd9c03900].
D/Mono    (10307): Image addref System.Core[0xd767c6a0] -> System.Core.dll[0xea9a3700]: 5
D/Mono    (10307): Config attempting to parse: 'System.Core.dll.config'.
D/Mono    (10307): Config attempting to parse: '/Users/builder/data/lanes/4009/f3074d2c/source/monodroid/builds/install/mono-armv6/etc/mono/assemblies/System.Core/System.Core.config'.
W/Mono    (10307): The request to load the assembly System.Core v4.0.0.0 was remapped to v2.0.5.0
D/Mono    (10307): Unloading image System.Core.dll [0xd9c03900].
D/Mono    (10307): Image addref System.Core[0xd767c9a0] -> System.Core.dll[0xea9a3700]: 6
D/Mono    (10307): Config attempting to parse: 'System.Core.dll.config'.
D/Mono    (10307): Config attempting to parse: '/Users/builder/data/lanes/4009/f3074d2c/source/monodroid/builds/install/mono-armv6/etc/mono/assemblies/System.Core/System.Core.config'.
D/audio_hw_primary(  517): disable_audio_route: reset and update mixer path: low-latency-playback speaker
D/audio_hw_primary(  517): disable_snd_device: snd_device(2: speaker)
I/soundtrigger(  517): audio_extn_sound_trigger_update_device_status: device 0x2 of type 0 for Event 0
W/FragmentManager(10307): moveToState: Fragment state for ValuePropFragment{732437d #0 id=0x7f0a0148 android:switcher:2131362120:1} not updated inline; expected state 3 found 2
I/Choreographer(10307): Skipped 42 frames!  The application may be doing too much work on its main thread.
W/Atfwd_Sendcmd(  548): AtCmdFwd service not published, waiting... retryCnt : 5
I/ActivityManager(  928): Displayed com.careerbuilder.SugarDrone/md537fd6201b6818e2e180d2f7606e21a83.ValuePropActivity: +1s33ms
I/Keyboard.Facilitator( 3444): onFinishInput()
D/Mono    (10307): DllImport searching in: '__Internal' ('(null)').
D/Mono    (10307): Searching for 'java_interop_jnienv_new_byte_array'.
D/Mono    (10307): Probing 'java_interop_jnienv_new_byte_array'.
D/Mono    (10307): Found as 'java_interop_jnienv_new_byte_array'.
I/System.out(10307): URI: /backdoor
I/System.out(10307): params: {json={"method_name":"MyCBBackdoor","arguments":[]}
I/System.out(10307): }
W/SurfaceFlinger(  383): couldn't log to binary event log: overflow.
D/Mono    (10307): Assembly Ref addref CareerBuilder_Search.Droid[0xea99df00] -> Xamarin.Android.Support.Design[0xea99e920]: 2
D/Mono    (10307): [0xd997a930] hill climbing, change max number of threads 9
I/calabash(10307): execStartActivity 4
I/ActivityManager(  928): START u0 {cmp=com.careerbuilder.SugarDrone/md5a4824aa66c0dc4d104077b72c1916a44.MasterNavActivity} from uid 14255 on display 0
I/calabash(10307): newActivity1
I/System.out(10307): URI: /map
I/System.out(10307): params: {json={"query":"* marked:'Skip'","operation":{"method_name":"query","arguments":[]}}
I/System.out(10307): }
D/Mono    (10307): DllImport searching in: '__Internal' ('(null)').
D/Mono    (10307): Searching for 'java_interop_jnienv_call_int_method'.
D/Mono    (10307): Probing 'java_interop_jnienv_call_int_method'.
D/Mono    (10307): Found as 'java_interop_jnienv_call_int_method'.
D/Mono    (10307): Assembly Ref addref Xamarin.Android.Support.Design[0xea99e920] -> Xamarin.Android.Support.v4[0xea99e740]: 4
D/Mono    (10307): Assembly Ref addref CareerBuilder_Search.Droid[0xea99df00] -> Xamarin.Android.Support.v7.RecyclerView[0xea99e7a0]: 2
D/Mono    (10307): Assembly Ref addref Xamarin.Android.Support.v7.RecyclerView[0xea99e7a0] -> Xamarin.Android.Support.v4[0xea99e740]: 5
D/Mono    (10307): Assembly Ref addref CareerBuilder_Search.Droid[0xea99df00] -> FloatingActionButton-Xamarin[0xea99e6e0]: 2
D/Mono    (10307): Unloading image System.IO.dll [0xd9133a00].
D/Mono    (10307): Image addref System.IO[0xd8bf9de0] -> System.IO.dll[0xd8b5f900]: 6
D/Mono    (10307): Config attempting to parse: 'System.IO.dll.config'.
D/Mono    (10307): Config attempting to parse: '/Users/builder/data/lanes/4009/f3074d2c/source/monodroid/builds/install/mono-armv6/etc/mono/assemblies/System.IO/System.IO.config'.
D/Mono    (10307): Assembly Ref addref CareerBuilder_Search[0xea99eda0] -> System.IO[0xd8f08820]: 4
W/FragmentManager(10307): moveToState: Fragment state for SavedJobsFragment{e3fbe9e #0 id=0x7f0a0148 android:switcher:2131362120:1} not updated inline; expected state 3 found 2
D/Mono    (10307): Assembly Ref addref CareerBuilder_Search.Droid[0xea99df00] -> System[0xea99f0a0]: 13
W/FragmentManager(10307): moveToState: Fragment state for ResumeManagementFragment{96c7d7f #1 id=0x7f0a0148 android:switcher:2131362120:2} not updated inline; expected state 3 found 2
D/Mono    (10307): Unloading image System.Linq.dll [0xd9137b00].
D/Mono    (10307): Image addref System.Linq[0xef4ff1c0] -> System.Linq.dll[0xef32b500]: 9
D/Mono    (10307): Config attempting to parse: 'System.Linq.dll.config'.
D/Mono    (10307): Config attempting to parse: '/Users/builder/data/lanes/4009/f3074d2c/source/monodroid/builds/install/mono-armv6/etc/mono/assemblies/System.Linq/System.Linq.config'.
D/Mono    (10307): Assembly Ref addref CareerBuilder_Search[0xea99eda0] -> System.Linq[0xea99f280]: 7
D/Mono    (10307): DllImport attempting to load: '/system/lib/liblog.so'.
D/Mono    (10307): DllImport loaded library '/system/lib/liblog.so'.
D/Mono    (10307): DllImport searching in: '/system/lib/liblog.so' ('/system/lib/liblog.so').
D/Mono    (10307): Searching for '__android_log_print'.
D/Mono    (10307): Probing '__android_log_print'.
D/Mono    (10307): Found as '__android_log_print'.
I/mono-stdout(10307): uri is: https://api.careerbuilder.com/consumer/resumes?OAuthToken=&HostSite=US&DeveloperKey=WDHR8FC6P2JZ1Y61KLM5
D/Mono    (10307): Unloading image System.Collections.dll [0xd97f2500].
D/Mono    (10307): Image addref System.Collections[0xef4ff160] -> System.Collections.dll[0xea9a3200]: 10
D/Mono    (10307): Config attempting to parse: 'System.Collections.dll.config'.
D/Mono    (10307): Config attempting to parse: '/Users/builder/data/lanes/4009/f3074d2c/source/monodroid/builds/install/mono-armv6/etc/mono/assemblies/System.Collections/System.Collections.config'.
D/Mono    (10307): Assembly Ref addref System.Reactive.Linq[0xea99eb60] -> System.Collections[0xea99f160]: 8
D/Mono    (10307): DllImport searching in: '__Internal' ('(null)').
D/Mono    (10307): Searching for 'java_interop_jnienv_call_nonvirtual_void_method'.
D/Mono    (10307): Probing 'java_interop_jnienv_call_nonvirtual_void_method'.
D/Mono    (10307): Found as 'java_interop_jnienv_call_nonvirtual_void_method'.
I/mono-stdout(10307): uri is: https://api.careerbuilder.com/consumer/saved-jobs/?DeveloperKey=WDHR8FC6P2JZ1Y61KLM5
I/mono-stdout(10307): uri is: https://api.careerbuilder.com/consumer/jobs/search/?Keywords=&Location=&UseFacets=true&PageNumber=1&ExcludeNational=true&DeveloperKey=WDHR8FC6P2JZ1Y61KLM5
I/mono-stdout(10307): uri is: https://api.careerbuilder.com/consumer/resumes?OAuthToken=&HostSite=US&DeveloperKey=WDHR8FC6P2JZ1Y61KLM5
D/Mono    (10307): Image addref System.Net.Primitives[0xd767cfa0] -> System.Net.Primitives.dll[0xd91d6a00]: 2
D/Mono    (10307): Prepared to set up assembly 'System.Net.Primitives' (System.Net.Primitives.dll)
D/Mono    (10307): Assembly System.Net.Primitives[0xd767cfa0] added to domain RootDomain, ref_count=1
D/Mono    (10307): Unloading image System.Net.Primitives.dll [0xd9c02000].
D/Mono    (10307): Image addref System.Net.Primitives[0xd767c9a0] -> System.Net.Primitives.dll[0xd91d6a00]: 4
D/Mono    (10307): Config attempting to parse: 'System.Net.Primitives.dll.config'.
D/Mono    (10307): Config attempting to parse: '/Users/builder/data/lanes/4009/f3074d2c/source/monodroid/builds/install/mono-armv6/etc/mono/assemblies/System.Net.Primitives/System.Net.Primitives.config'.
D/Mono    (10307): Assembly Ref addref CareerBuilder_Search[0xea99eda0] -> System.Net.Primitives[0xd767cfa0]: 2
D/Mono    (10307): Assembly Ref addref System.Net.Primitives[0xd767cfa0] -> System[0xea99f0a0]: 14
D/Mono    (10307): Unloading image System.Net.Primitives.dll [0xd91d7e00].
D/Mono    (10307): Image addref System.Net.Primitives[0xd8bf96c0] -> System.Net.Primitives.dll[0xd91d6a00]: 5
D/Mono    (10307): Config attempting to parse: 'System.Net.Primitives.dll.config'.
D/Mono    (10307): Config attempting to parse: '/Users/builder/data/lanes/4009/f3074d2c/source/monodroid/builds/install/mono-armv6/etc/mono/assemblies/System.Net.Primitives/System.Net.Primitives.config'.
D/Mono    (10307): Unloading image System.Net.Primitives.dll [0xd7764b00].
D/Mono    (10307): Image addref System.Net.Primitives[0xef4ff280] -> System.Net.Primitives.dll[0xd91d6a00]: 6
D/Mono    (10307): Config attempting to parse: 'System.Net.Primitives.dll.config'.
D/Mono    (10307): Config attempting to parse: '/Users/builder/data/lanes/4009/f3074d2c/source/monodroid/builds/install/mono-armv6/etc/mono/assemblies/System.Net.Primitives/System.Net.Primitives.config'.
D/Mono    (10307): AOT module 'System.Net.Primitives.dll.so' not found: dlopen failed: library "/data/app/com.careerbuilder.SugarDrone-1/lib/arm/libaot-System.Net.Primitives.dll.so" not found
D/Mono    (10307): AOT module '/Users/builder/data/lanes/4009/f3074d2c/source/monodroid/builds/install/mono-armv6/lib/mono/aot-cache/arm/System.Net.Primitives.dll.so' not found: dlopen failed: library "/data/app/com.careerbuilder.SugarDrone-1/lib/arm/libaot-System.Net.Primitives.dll.so" not found
D/Mono    (10307): Config attempting to parse: 'System.Net.Primitives.dll.config'.
D/Mono    (10307): Config attempting to parse: '/Users/builder/data/lanes/4009/f3074d2c/source/monodroid/builds/install/mono-armv6/etc/mono/assemblies/System.Net.Primitives/System.Net.Primitives.config'.
D/Mono    (10307): Unloading image System.Text.Encoding.dll [0xd9c02000].
D/Mono    (10307): Image addref System.Text.Encoding[0xd767bd40] -> System.Text.Encoding.dll[0xd878a600]: 5
D/Mono    (10307): Config attempting to parse: 'System.Text.Encoding.dll.config'.
D/Mono    (10307): Config attempting to parse: '/Users/builder/data/lanes/4009/f3074d2c/source/monodroid/builds/install/mono-armv6/etc/mono/assemblies/System.Text.Encoding/System.Text.Encoding.config'.
D/Mono    (10307): Assembly Ref addref CareerBuilder_Search[0xea99eda0] -> System.Text.Encoding[0xd8f08760]: 3
D/Mono    (10307): Unloading image System.Text.Encoding.dll [0xd91d7e00].
D/Mono    (10307): Unloading image System.Text.Encoding.dll [0xd7764b00].
D/Mono    (10307): Image addref System.Text.Encoding[0xd767cee0] -> System.Text.Encoding.dll[0xd878a600]: 7
D/Mono    (10307): Config attempting to parse: 'System.Text.Encoding.dll.config'.
D/Mono    (10307): Config attempting to parse: '/Users/builder/data/lanes/4009/f3074d2c/source/monodroid/builds/install/mono-armv6/etc/mono/assemblies/System.Text.Encoding/System.Text.Encoding.config'.
D/Mono    (10307): Image addref System.Text.Encoding[0xef4ff220] -> System.Text.Encoding.dll[0xd878a600]: 7
D/Mono    (10307): Config attempting to parse: 'System.Text.Encoding.dll.config'.
D/Mono    (10307): Config attempting to parse: '/Users/builder/data/lanes/4009/f3074d2c/source/monodroid/builds/install/mono-armv6/etc/mono/assemblies/System.Text.Encoding/System.Text.Encoding.config'.
I/mono-stdout(10307): making api call to: /consumer/resumes?OAuthToken=&HostSite=US&DeveloperKey=WDHR8FC6P2JZ1Y61KLM5
I/mono-stdout(10307): making api call to: /consumer/resumes?OAuthToken=&HostSite=US&DeveloperKey=WDHR8FC6P2JZ1Y61KLM5
I/mono-stdout(10307): making api call to: /consumer/jobs/search/?Keywords=&Location=&UseFacets=true&PageNumber=1&ExcludeNational=true&DeveloperKey=WDHR8FC6P2JZ1Y61KLM5
D/Mono    (10307): Unloading image System.Text.Encoding.dll [0xd91d6500].
D/Mono    (10307): Image addref System.Text.Encoding[0xd8bfab00] -> System.Text.Encoding.dll[0xd878a600]: 8
D/Mono    (10307): Config attempting to parse: 'System.Text.Encoding.dll.config'.
D/Mono    (10307): Config attempting to parse: '/Users/builder/data/lanes/4009/f3074d2c/source/monodroid/builds/install/mono-armv6/etc/mono/assemblies/System.Text.Encoding/System.Text.Encoding.config'.
I/mono-stdout(10307): making api call to: /consumer/saved-jobs/?DeveloperKey=WDHR8FC6P2JZ1Y61KLM5
I/mono-stdout(10307): Method: GET, RequestUri: 'https://api.careerbuilder.com/consumer/saved-jobs/?DeveloperKey=WDHR8FC6P2JZ1Y61KLM5', Version: 1.1, Content: <null>, Headers:

I/mono-stdout(10307): {

I/mono-stdout(10307): DeveloperKey: WDHR8FC6P2JZ1Y61KLM5

I/mono-stdout(10307): Accept: application/json

I/mono-stdout(10307): Authorization: Bearer test

I/mono-stdout(10307): HostSite: US

I/mono-stdout(10307): }
I/mono-stdout(10307): Current State = 1,2,6,7
I/mono-stdout(10307): applied jobs = 6
I/mono-stdout(10307): expired jobs = 7
I/mono-stdout(10307): saved jobs = Saved,Saved,Applied,Saved
I/art     (10307): Starting a blocking GC Explicit
I/art     (10307): Explicit concurrent mark sweep GC freed 1676(120KB) AllocSpace objects, 0(0B) LOS objects, 29% free, 38MB/54MB, paused 985us total 25.868ms
I/art     (10307): Starting a blocking GC Explicit
I/mono-stdout(10307): done making call to: /consumer/resumes?OAuthToken=&HostSite=US&DeveloperKey=WDHR8FC6P2JZ1Y61KLM5
I/mono-stdout(10307): done making call to: /consumer/resumes?OAuthToken=&HostSite=US&DeveloperKey=WDHR8FC6P2JZ1Y61KLM5
I/art     (10307): Explicit concurrent mark sweep GC freed 106(4KB) AllocSpace objects, 0(0B) LOS objects, 29% free, 38MB/54MB, paused 5.558ms total 30.445ms
I/art     (10307): Starting a blocking GC Explicit
I/art     (10307): Explicit concurrent mark sweep GC freed 10(688B) AllocSpace objects, 0(0B) LOS objects, 29% free, 38MB/54MB, paused 1.011ms total 24.446ms
I/mono-stdout(10307): The resume  with hash has been set as latest
I/mono-stdout(10307): The resume  with hash has been set as latest
I/art     (10307): Starting a blocking GC Explicit
I/art     (10307): Explicit concurrent mark sweep GC freed 10(688B) AllocSpace objects, 0(0B) LOS objects, 29% free, 38MB/54MB, paused 930us total 27.110ms
I/art     (10307): Starting a blocking GC Explicit
I/art     (10307): Waiting for a blocking GC Explicit
I/art     (10307): Explicit concurrent mark sweep GC freed 401(23KB) AllocSpace objects, 0(0B) LOS objects, 29% free, 38MB/54MB, paused 982us total 39.832ms
I/art     (10307): WaitForGcToComplete blocked for 25.216ms for cause Explicit
I/art     (10307): Starting a blocking GC Explicit
D/Mono    (10307): GC_TAR_BRIDGE bridges 173 objects 371 opaque 122 colors 173 colors-bridged 173 colors-visible 173 xref 5 cache-hit 0 cache-semihit 0 cache-miss 0 setup 0.07ms tarjan 0.40ms scc-setup 0.12ms gather-xref 0.01ms xref-setup 0.01ms cleanup 0.07ms
D/Mono    (10307): GC_BRIDGE: Complete, was running for 47.64ms
D/Mono    (10307): GC_MINOR: (Nursery full) time 22.11ms, stw 22.88ms promoted 896K major size: 1904K in use: 1176K los size: 1024K in use: 370K
I/mono-stdout(10307): done making call to: /consumer/saved-jobs/?DeveloperKey=WDHR8FC6P2JZ1Y61KLM5
I/art     (10307): Explicit concurrent mark sweep GC freed 37(1648B) AllocSpace objects, 0(0B) LOS objects, 29% free, 38MB/54MB, paused 943us total 37.265ms
I/mono-stdout(10307): done making call to: /consumer/jobs/search/?Keywords=&Location=&UseFacets=true&PageNumber=1&ExcludeNational=true&DeveloperKey=WDHR8FC6P2JZ1Y61KLM5
E/RecyclerView(10307): No adapter attached; skipping layout
I/mono-stdout(10307): uri is: https://api.careerbuilder.com/consumer/saved-jobs/?DeveloperKey=WDHR8FC6P2JZ1Y61KLM5
I/mono-stdout(10307): making api call to: /consumer/saved-jobs/?DeveloperKey=WDHR8FC6P2JZ1Y61KLM5
I/mono-stdout(10307): Method: GET, RequestUri: 'https://api.careerbuilder.com/consumer/saved-jobs/?DeveloperKey=WDHR8FC6P2JZ1Y61KLM5', Version: 1.1, Content: <null>, Headers:

I/mono-stdout(10307): {

I/mono-stdout(10307): DeveloperKey: WDHR8FC6P2JZ1Y61KLM5

I/mono-stdout(10307): Accept: application/json

I/mono-stdout(10307): Authorization: Bearer test

I/mono-stdout(10307): HostSite: US

I/mono-stdout(10307): }
I/mono-stdout(10307): Current State = 1,2,6,7
I/mono-stdout(10307): applied jobs = 6
I/mono-stdout(10307): expired jobs = 7
I/mono-stdout(10307): saved jobs = Saved,Saved,Applied,Saved
W/art     (10307): JNI RegisterNativeMethods: attempt to register 0 native methods for md539c3d548fb000cea9f34163fa7e112ea.ProgressListItemViewHolder
W/ResourceType(10307): No known package when getting name for resource number 0xffffffff
W/ResourceType(10307): No known package when getting name for resource number 0xffffffff
W/ResourceType(10307): No known package when getting name for resource number 0xffffffff
W/ResourceType(10307): No known package when getting name for resource number 0xffffffff
W/ResourceType(10307): No known package when getting name for resource number 0xffffffff
W/ResourceType(10307): No known package when getting name for resource number 0xffffffff
W/ResourceType(10307): No known package when getting name for resource number 0xffffffff
W/ResourceType(10307): No known package when getting name for resource number 0xffffffff
W/ResourceType(10307): No known package when getting name for resource number 0xffffffff
W/ResourceType(10307): No known package when getting name for resource number 0xffffffff
W/ResourceType(10307): No known package when getting name for resource number 0xffffffff
W/ResourceType(10307): No known package when getting name for resource number 0xffffffff
W/ResourceType(10307): No known package when getting name for resource number 0xffffffff
W/ResourceType(10307): No known package when getting name for resource number 0xffffffff
W/ResourceType(10307): No known package when getting name for resource number 0xffffffff
W/ResourceType(10307): No known package when getting name for resource number 0xffffffff
W/ResourceType(10307): No known package when getting name for resource number 0xffffffff
D/Mono    (10307): Assembly Ref addref Xamarin.Android.Support.v7.AppCompat[0xea99e8c0] -> System.Core[0xea99f400]: 15
I/Choreographer(10307): Skipped 112 frames!  The application may be doing too much work on its main thread.
E/RecyclerView(10307): No adapter attached; skipping layout
I/System.out(10307): URI: /map
I/System.out(10307): params: {json={"query":"* marked:'Job 1'","operation":{"method_name":"query","arguments":[]}}
I/System.out(10307): }
I/Keyboard.Facilitator( 3444): onFinishInput()
D/Mono    (10307): DllImport searching in: '__Internal' ('(null)').
D/Mono    (10307): Searching for 'java_interop_jnienv_call_void_method'.
D/Mono    (10307): Probing 'java_interop_jnienv_call_void_method'.
D/Mono    (10307): Found as 'java_interop_jnienv_call_void_method'.
I/ActivityManager(  928): Displayed com.careerbuilder.SugarDrone/md5a4824aa66c0dc4d104077b72c1916a44.MasterNavActivity: +2s579ms
E/RecyclerView(10307): No adapter attached; skipping layout
W/ResourceType(10307): No known package when getting name for resource number 0xffffffff
W/ResourceType(10307): No known package when getting name for resource number 0xffffffff
W/ResourceType(10307): No known package when getting name for resource number 0xffffffff
W/ResourceType(10307): No known package when getting name for resource number 0xffffffff
W/ResourceType(10307): No known package when getting name for resource number 0xffffffff
W/ResourceType(10307): No known package when getting name for resource number 0xffffffff
I/mono-stdout(10307): done making call to: /consumer/saved-jobs/?DeveloperKey=WDHR8FC6P2JZ1Y61KLM5
W/ResourceType(10307): No known package when getting name for resource number 0xffffffff
W/ResourceType(10307): No known package when getting name for resource number 0xffffffff
W/ResourceType(10307): No known package when getting name for resource number 0xffffffff
W/ResourceType(10307): No known package when getting name for resource number 0xffffffff
W/ResourceType(10307): No known package when getting name for resource number 0xffffffff
W/ResourceType(10307): No known package when getting name for resource number 0xffffffff
W/ResourceType(10307): No known package when getting name for resource number 0xffffffff
W/ResourceType(10307): No known package when getting name for resource number 0xffffffff
W/ResourceType(10307): No known package when getting name for resource number 0xffffffff
W/ResourceType(10307): No known package when getting name for resource number 0xffffffff
W/ResourceType(10307): No known package when getting name for resource number 0xffffffff
W/ResourceType(10307): No known package when getting name for resource number 0xffffffff
W/ResourceType(10307): No known package when getting name for resource number 0xffffffff
W/ResourceType(10307): No known package when getting name for resource number 0xffffffff
W/ResourceType(10307): No known package when getting name for resource number 0xffffffff
W/ResourceType(10307): No known package when getting name for resource number 0xffffffff
W/ResourceType(10307): No known package when getting name for resource number 0xffffffff
W/ResourceType(10307): No known package when getting name for resource number 0xffffffff
W/ResourceType(10307): No known package when getting name for resource number 0xffffffff
W/ResourceType(10307): No known package when getting name for resource number 0xffffffff
W/ResourceType(10307): No known package when getting name for resource number 0xffffffff
W/ResourceType(10307): No known package when getting name for resource number 0xffffffff
W/ResourceType(10307): No known package when getting name for resource number 0xffffffff
W/ResourceType(10307): No known package when getting name for resource number 0xffffffff
W/ResourceType(10307): No known package when getting name for resource number 0xffffffff
W/ResourceType(10307): No known package when getting name for resource number 0xffffffff
W/ResourceType(10307): No known package when getting name for resource number 0xffffffff
W/ResourceType(10307): No known package when getting name for resource number 0xffffffff
W/ResourceType(10307): No known package when getting name for resource number 0xffffffff
W/ResourceType(10307): No known package when getting name for resource number 0xffffffff
W/ResourceType(10307): No known package when getting name for resource number 0xffffffff
W/ResourceType(10307): No known package when getting name for resource number 0xffffffff
W/ResourceType(10307): No known package when getting name for resource number 0xffffffff
W/ResourceType(10307): No known package when getting name for resource number 0xffffffff
W/ResourceType(10307): No known package when getting name for resource number 0xffffffff
W/ResourceType(10307): No known package when getting name for resource number 0xffffffff
W/ResourceType(10307): No known package when getting name for resource number 0xffffffff
W/ResourceType(10307): No known package when getting name for resource number 0xffffffff
W/ResourceType(10307): No known package when getting name for resource number 0xffffffff
W/ResourceType(10307): No known package when getting name for resource number 0xffffffff
W/ResourceType(10307): No known package when getting name for resource number 0xffffffff
W/ResourceType(10307): No known package when getting name for resource number 0xffffffff
W/ResourceType(10307): No known package when getting name for resource number 0xffffffff
W/ResourceType(10307): No known package when getting name for resource number 0xffffffff
W/ResourceType(10307): No known package when getting name for resource number 0xffffffff
W/ResourceType(10307): No known package when getting name for resource number 0xffffffff
W/ResourceType(10307): No known package when getting name for resource number 0xffffffff
D/Mono    (10307): DllImport searching in: '__Internal' ('(null)').
D/Mono    (10307): Searching for 'java_interop_jnienv_set_int_field'.
D/Mono    (10307): Probing 'java_interop_jnienv_set_int_field'.
D/Mono    (10307): Found as 'java_interop_jnienv_set_int_field'.
E/RecyclerView(10307): No adapter attached; skipping layout
I/System.out(10307): URI: /map
I/System.out(10307): params: {json={"query":"* marked:'Job 1'","operation":{"method_name":"query","arguments":[]}}
I/System.out(10307): }
W/art     (10307): JNI RegisterNativeMethods: attempt to register 0 native methods for md539c3d548fb000cea9f34163fa7e112ea.JobResultViewHolder
W/art     (10307): JNI RegisterNativeMethods: attempt to register 0 native methods for md543b91ad655f5c020e54c78f692da973f.SnapshotView
W/ResourceType(10307): No known package when getting name for resource number 0xffffffff
W/ResourceType(10307): No known package when getting name for resource number 0xffffffff
W/ResourceType(10307): No known package when getting name for resource number 0xffffffff
W/ResourceType(10307): No known package when getting name for resource number 0xffffffff
W/ResourceType(10307): No known package when getting name for resource number 0xffffffff
W/ResourceType(10307): No known package when getting name for resource number 0xffffffff
W/ResourceType(10307): No known package when getting name for resource number 0xffffffff
W/ResourceType(10307): No known package when getting name for resource number 0xffffffff
W/ResourceType(10307): No known package when getting name for resource number 0xffffffff
W/ResourceType(10307): No known package when getting name for resource number 0xffffffff
W/ResourceType(10307): No known package when getting name for resource number 0xffffffff
W/ResourceType(10307): No known package when getting name for resource number 0xffffffff
W/ResourceType(10307): No known package when getting name for resource number 0xffffffff
W/ResourceType(10307): No known package when getting name for resource number 0xffffffff
W/ResourceType(10307): No known package when getting name for resource number 0xffffffff
W/ResourceType(10307): No known package when getting name for resource number 0xffffffff
W/ResourceType(10307): No known package when getting name for resource number 0xffffffff
W/ResourceType(10307): No known package when getting name for resource number 0xffffffff
W/ResourceType(10307): No known package when getting name for resource number 0xffffffff
W/ResourceType(10307): No known package when getting name for resource number 0xffffffff
W/ResourceType(10307): No known package when getting name for resource number 0xffffffff
W/ResourceType(10307): No known package when getting name for resource number 0xffffffff
W/ResourceType(10307): No known package when getting name for resource number 0xffffffff
W/ResourceType(10307): No known package when getting name for resource number 0xffffffff
W/ResourceType(10307): No known package when getting name for resource number 0xffffffff
W/ResourceType(10307): No known package when getting name for resource number 0xffffffff
W/ResourceType(10307): No known package when getting name for resource number 0xffffffff
W/ResourceType(10307): No known package when getting name for resource number 0xffffffff
W/ResourceType(10307): No known package when getting name for resource number 0xffffffff
W/ResourceType(10307): No known package when getting name for resource number 0xffffffff
W/ResourceType(10307): No known package when getting name for resource number 0xffffffff
W/ResourceType(10307): No known package when getting name for resource number 0xffffffff
W/ResourceType(10307): No known package when getting name for resource number 0xffffffff
W/ResourceType(10307): No known package when getting name for resource number 0xffffffff
W/ResourceType(10307): No known package when getting name for resource number 0xffffffff
W/ResourceType(10307): No known package when getting name for resource number 0xffffffff
W/ResourceType(10307): No known package when getting name for resource number 0xffffffff
W/ResourceType(10307): No known package when getting name for resource number 0xffffffff
W/ResourceType(10307): No known package when getting name for resource number 0xffffffff
W/ResourceType(10307): No known package when getting name for resource number 0xffffffff
W/ResourceType(10307): No known package when getting name for resource number 0xffffffff
W/ResourceType(10307): No known package when getting name for resource number 0xffffffff
W/ResourceType(10307): No known package when getting name for resource number 0xffffffff
W/ResourceType(10307): No known package when getting name for resource number 0xffffffff
W/ResourceType(10307): No known package when getting name for resource number 0xffffffff
W/ResourceType(10307): No known package when getting name for resource number 0xffffffff
W/ResourceType(10307): No known package when getting name for resource number 0xffffffff
W/ResourceType(10307): No known package when getting name for resource number 0xffffffff
W/ResourceType(10307): No known package when getting name for resource number 0xffffffff
W/ResourceType(10307): No known package when getting name for resource number 0xffffffff
W/ResourceType(10307): No known package when getting name for resource number 0xffffffff
W/ResourceType(10307): No known package when getting name for resource number 0xffffffff
W/ResourceType(10307): No known package when getting name for resource number 0xffffffff
W/ResourceType(10307): No known package when getting name for resource number 0xffffffff
W/ResourceType(10307): No known package when getting name for resource number 0xffffffff
W/ResourceType(10307): No known package when getting name for resource number 0xffffffff
W/ResourceType(10307): No known package when getting name for resource number 0xffffffff
W/ResourceType(10307): No known package when getting name for resource number 0xffffffff
W/ResourceType(10307): No known package when getting name for resource number 0xffffffff
W/ResourceType(10307): No known package when getting name for resource number 0xffffffff
W/ResourceType(10307): No known package when getting name for resource number 0xffffffff
W/ResourceType(10307): No known package when getting name for resource number 0xffffffff
W/ResourceType(10307): No known package when getting name for resource number 0xffffffff
W/ResourceType(10307): No known package when getting name for resource number 0xffffffff
W/ResourceType(10307): No known package when getting name for resource number 0xffffffff
W/ResourceType(10307): No known package when getting name for resource number 0xffffffff
W/ResourceType(10307): No known package when getting name for resource number 0xffffffff
W/ResourceType(10307): No known package when getting name for resource number 0xffffffff
W/ResourceType(10307): No known package when getting name for resource number 0xffffffff
W/ResourceType(10307): No known package when getting name for resource number 0xffffffff
W/ResourceType(10307): No known package when getting name for resource number 0xffffffff
W/ResourceType(10307): No known package when getting name for resource number 0xffffffff
W/ResourceType(10307): No known package when getting name for resource number 0xffffffff
I/System.out(10307): URI: /map
I/System.out(10307): params: {json={"query":"* marked:'Job 1'","operation":{"method_name":"query","arguments":[]}}
I/System.out(10307): }
W/ResourceType(10307): No known package when getting name for resource number 0xffffffff
W/ResourceType(10307): No known package when getting name for resource number 0xffffffff
W/ResourceType(10307): No known package when getting name for resource number 0xffffffff
W/ResourceType(10307): No known package when getting name for resource number 0xffffffff
W/ResourceType(10307): No known package when getting name for resource number 0xffffffff
W/ResourceType(10307): No known package when getting name for resource number 0xffffffff
W/ResourceType(10307): No known package when getting name for resource number 0xffffffff
W/ResourceType(10307): No known package when getting name for resource number 0xffffffff
W/ResourceType(10307): No known package when getting name for resource number 0xffffffff
W/ResourceType(10307): No known package when getting name for resource number 0xffffffff
W/ResourceType(10307): No known package when getting name for resource number 0xffffffff
W/ResourceType(10307): No known package when getting name for resource number 0xffffffff
W/ResourceType(10307): No known package when getting name for resource number 0xffffffff
W/ResourceType(10307): No known package when getting name for resource number 0xffffffff
W/ResourceType(10307): No known package when getting name for resource number 0xffffffff
W/ResourceType(10307): No known package when getting name for resource number 0xffffffff
W/ResourceType(10307): No known package when getting name for resource number 0xffffffff
W/ResourceType(10307): No known package when getting name for resource number 0xffffffff
W/ResourceType(10307): No known package when getting name for resource number 0xffffffff
W/ResourceType(10307): No known package when getting name for resource number 0xffffffff
W/ResourceType(10307): No known package when getting name for resource number 0xffffffff
W/ResourceType(10307): No known package when getting name for resource number 0xffffffff
W/ResourceType(10307): No known package when getting name for resource number 0xffffffff
W/ResourceType(10307): No known package when getting name for resource number 0xffffffff
W/ResourceType(10307): No known package when getting name for resource number 0xffffffff
W/ResourceType(10307): No known package when getting name for resource number 0xffffffff
W/ResourceType(10307): No known package when getting name for resource number 0xffffffff
W/ResourceType(10307): No known package when getting name for resource number 0xffffffff
W/ResourceType(10307): No known package when getting name for resource number 0xffffffff
W/ResourceType(10307): No known package when getting name for resource number 0xffffffff
W/ResourceType(10307): No known package when getting name for resource number 0xffffffff
W/ResourceType(10307): No known package when getting name for resource number 0xffffffff
W/ResourceType(10307): No known package when getting name for resource number 0xffffffff
W/ResourceType(10307): No known package when getting name for resource number 0xffffffff
W/ResourceType(10307): No known package when getting name for resource number 0xffffffff
W/ResourceType(10307): No known package when getting name for resource number 0xffffffff
W/ResourceType(10307): No known package when getting name for resource number 0xffffffff
W/ResourceType(10307): No known package when getting name for resource number 0xffffffff
W/ResourceType(10307): No known package when getting name for resource number 0xffffffff
W/ResourceType(10307): No known package when getting name for resource number 0xffffffff
W/ResourceType(10307): No known package when getting name for resource number 0xffffffff
W/ResourceType(10307): No known package when getting name for resource number 0xffffffff
W/ResourceType(10307): No known package when getting name for resource number 0xffffffff
W/ResourceType(10307): No known package when getting name for resource number 0xffffffff
W/ResourceType(10307): No known package when getting name for resource number 0xffffffff
W/ResourceType(10307): No known package when getting name for resource number 0xffffffff
W/ResourceType(10307): No known package when getting name for resource number 0xffffffff
W/ResourceType(10307): No known package when getting name for resource number 0xffffffff
W/ResourceType(10307): No known package when getting name for resource number 0xffffffff
W/ResourceType(10307): No known package when getting name for resource number 0xffffffff
W/ResourceType(10307): No known package when getting name for resource number 0xffffffff
W/ResourceType(10307): No known package when getting name for resource number 0xffffffff
W/ResourceType(10307): No known package when getting name for resource number 0xffffffff
W/ResourceType(10307): No known package when getting name for resource number 0xffffffff
W/ResourceType(10307): No known package when getting name for resource number 0xffffffff
W/ResourceType(10307): No known package when getting name for resource number 0xffffffff
W/ResourceType(10307): No known package when getting name for resource number 0xffffffff
W/ResourceType(10307): No known package when getting name for resource number 0xffffffff
W/ResourceType(10307): No known package when getting name for resource number 0xffffffff
W/ResourceType(10307): No known package when getting name for resource number 0xffffffff
W/ResourceType(10307): No known package when getting name for resource number 0xffffffff
W/ResourceType(10307): No known package when getting name for resource number 0xffffffff
W/ResourceType(10307): No known package when getting name for resource number 0xffffffff
W/ResourceType(10307): No known package when getting name for resource number 0xffffffff
W/ResourceType(10307): No known package when getting name for resource number 0xffffffff
W/ResourceType(10307): No known package when getting name for resource number 0xffffffff
I/System.out(10307): URI: /
I/System.out(10307): params: {json={"command":"touch_coordinate","arguments":[683.0,777.0]}
I/System.out(10307): }
I/System.out(10307): header: {content-length=56, host=devicehost5.prod, x-session-token=token-token-bc71a649-ddc1-4aee-bc71-33d603151828, x-forwarded-for=10.222.150.38, content-type=application/json; charset=utf-8, connection=close}
I/System.out(10307): params: {json={"command":"touch_coordinate","arguments":[683.0,777.0]}
I/System.out(10307): }
I/System.out(10307): ProP json = {"command":"touch_coordinate","arguments":[683.0,777.0]}
I/System.out(10307): files: {}
I/System.out(10307): command: {"command":"touch_coordinate","arguments":[683.0,777.0]}
I/InstrumentationBackend(10307): Got command:'Command:'Line:null,touch_coordinate', arguments:'[683.0, 777.0]'
D/audio_hw_primary(  517): out_set_parameters: enter: usecase(1: low-latency-playback) kvpairs: routing=2
D/audio_hw_primary(  517): select_devices: out_snd_device(2: speaker) in_snd_device(0: none)
D/msm8974_platform(  517): platform_send_audio_calibration: sending audio calibration for snd_device(2) acdb_id(15)
I/soundtrigger(  517): audio_extn_sound_trigger_update_device_status: device 0x2 of type 0 for Event 1
D/Mono    (10307): Assembly Ref addref CareerBuilder_Search.Droid[0xea99df00] -> Xamarin.Android.Support.v7.CardView[0xea99e980]: 2
D/audio_hw_primary(  517): enable_snd_device: snd_device(2: speaker)
D/audio_hw_primary(  517): enable_audio_route: apply and update mixer path: low-latency-playback speaker
I/calabash(10307): execStartActivity 4
I/ActivityManager(  928): START u0 {cmp=com.careerbuilder.SugarDrone/md5a4824aa66c0dc4d104077b72c1916a44.JobDisplayPageActivity (has extras)} from uid 14255 on display 0
I/calabash(10307): newActivity1
I/WebViewFactory(10307): Loading com.google.android.webview version 44.0.2403.117 (code 246011750)
I/System.out(10307): result:{"bonusInformation":[],"message":"","success":true}
W/System  (10307): ClassLoader referenced unknown path: /system/app/WebViewGoogle/lib/arm
I/LibraryLoader(10307): Time to load native libraries: 65 ms (timestamps 760-825)
I/LibraryLoader(10307): Expected native library version number "",actual native library version number ""
V/WebViewChromiumFactoryProvider(10307): Binding Chromium to main looper Looper (main, tid 1) {1c9351b}
I/LibraryLoader(10307): Expected native library version number "",actual native library version number ""
I/chromium(10307): [INFO:library_loader_hooks.cc(120)] Chromium logging enabled: level = 0, default verbosity = 0
I/BrowserStartupController(10307): Initializing chromium process, singleProcess=true
W/art     (10307): Attempt to remove non-JNI local reference, dumping thread
E/SysUtils(10307): ApplicationContext is null in ApplicationStatus
W/chromium(10307): [WARNING:resource_bundle.cc(285)] locale_file_path.empty()
E/libEGL  (10307): validate_display:255 error 3008 (EGL_BAD_DISPLAY)
E/libEGL  (10307): validate_display:255 error 3008 (EGL_BAD_DISPLAY)
I/System.out(10307): URI: /map
I/System.out(10307): params: {json={"query":"* marked:'menu_share'","operation":{"method_name":"query","arguments":[]}}
I/System.out(10307): }
W/AudioManagerAndroid(10307): Requires BLUETOOTH permission
D/Mono    (10307): Unloading image System.Runtime.Extensions.dll [0xd8092200].
D/Mono    (10307): Image addref System.Runtime.Extensions[0xef4fef80] -> System.Runtime.Extensions.dll[0xda350a00]: 8
D/Mono    (10307): Config attempting to parse: 'System.Runtime.Extensions.dll.config'.
D/Mono    (10307): Config attempting to parse: '/Users/builder/data/lanes/4009/f3074d2c/source/monodroid/builds/install/mono-armv6/etc/mono/assemblies/System.Runtime.Extensions/System.Runtime.Extensions.config'.
D/Mono    (10307): Assembly Ref addref CareerBuilder_Search[0xea99eda0] -> System.Runtime.Extensions[0xdaee8720]: 6
I/mono-stdout(10307): uri is: https://api.careerbuilder.com/v3/job?DID=job1&outputjson=true&ShowApplyRequirements=true&DeveloperKey=WDHR8FC6P2JZ1Y61KLM5
I/mono-stdout(10307): making api call to: /v3/job?DID=job1&outputjson=true&ShowApplyRequirements=true&DeveloperKey=WDHR8FC6P2JZ1Y61KLM5
D/audio_hw_primary(  517): disable_audio_route: reset and update mixer path: low-latency-playback speaker
D/audio_hw_primary(  517): disable_snd_device: snd_device(2: speaker)
I/soundtrigger(  517): audio_extn_sound_trigger_update_device_status: device 0x2 of type 0 for Event 0
I/mono-stdout(10307): uri is: https://api.careerbuilder.com/consumer/saved-jobs/?DeveloperKey=WDHR8FC6P2JZ1Y61KLM5
I/mono-stdout(10307): making api call to: /consumer/saved-jobs/?DeveloperKey=WDHR8FC6P2JZ1Y61KLM5
I/mono-stdout(10307): Method: GET, RequestUri: 'https://api.careerbuilder.com/consumer/saved-jobs/?DeveloperKey=WDHR8FC6P2JZ1Y61KLM5', Version: 1.1, Content: <null>, Headers:

I/mono-stdout(10307): {

I/mono-stdout(10307): DeveloperKey: WDHR8FC6P2JZ1Y61KLM5

I/mono-stdout(10307): Accept: application/json

I/mono-stdout(10307): Authorization: Bearer test

I/mono-stdout(10307): HostSite: US

I/mono-stdout(10307): }
I/mono-stdout(10307): Current State = 1,2,6,7
I/mono-stdout(10307): applied jobs = 6
I/mono-stdout(10307): expired jobs = 7
I/mono-stdout(10307): saved jobs = Saved,Saved,Applied,Saved
I/ActivityManager(  928): Displayed com.careerbuilder.SugarDrone/md5a4824aa66c0dc4d104077b72c1916a44.JobDisplayPageActivity: +605ms
I/Keyboard.Facilitator( 3444): onFinishInput()
W/ResourceType(10307): No known package when getting name for resource number 0xffffffff
W/ResourceType(10307): No known package when getting name for resource number 0xffffffff
W/ResourceType(10307): No known package when getting name for resource number 0xffffffff
W/ResourceType(10307): No known package when getting name for resource number 0xffffffff
W/ResourceType(10307): No known package when getting name for resource number 0xffffffff
W/ResourceType(10307): No known package when getting name for resource number 0xffffffff
W/ResourceType(10307): No known package when getting name for resource number 0xffffffff
W/ResourceType(10307): No known package when getting name for resource number 0xffffffff
W/ResourceType(10307): No known package when getting name for resource number 0xffffffff
W/ResourceType(10307): No known package when getting name for resource number 0xffffffff
W/ResourceType(10307): No known package when getting name for resource number 0xffffffff
W/ResourceType(10307): No known package when getting name for resource number 0xffffffff
W/ResourceType(10307): No known package when getting name for resource number 0xffffffff
W/ResourceType(10307): No known package when getting name for resource number 0xffffffff
