W/ResourceType(10295): No known package when getting name for resource number 0xffffffff
W/ResourceType(10295): No known package when getting name for resource number 0xffffffff
W/ResourceType(10295): No known package when getting name for resource number 0xffffffff
W/ResourceType(10295): No known package when getting name for resource number 0xffffffff
W/ResourceType(10295): No known package when getting name for resource number 0xffffffff
W/ResourceType(10295): No known package when getting name for resource number 0xffffffff
W/ResourceType(10295): No known package when getting name for resource number 0xffffffff
W/ResourceType(10295): No known package when getting name for resource number 0xffffffff
W/ResourceType(10295): No known package when getting name for resource number 0xffffffff
W/ResourceType(10295): No known package when getting name for resource number 0xffffffff
W/ResourceType(10295): No known package when getting name for resource number 0xffffffff
W/ResourceType(10295): No known package when getting name for resource number 0xffffffff
W/ResourceType(10295): No known package when getting name for resource number 0xffffffff
W/ResourceType(10295): No known package when getting name for resource number 0xffffffff
W/ResourceType(10295): No known package when getting name for resource number 0xffffffff
W/ResourceType(10295): No known package when getting name for resource number 0xffffffff
I/System.out(10295): URI: /
I/System.out(10295): params: {json={"command":"touch_coordinate","arguments":[720.0,364.0]}
I/System.out(10295): }
I/System.out(10295): header: {content-length=56, host=devicehost5.prod, x-session-token=token-token-ceb8e681-90bc-4e23-be45-66521fcf5a20, x-forwarded-for=10.222.150.27, content-type=application/json; charset=utf-8, connection=close}
I/System.out(10295): params: {json={"command":"touch_coordinate","arguments":[720.0,364.0]}
I/System.out(10295): }
I/System.out(10295): ProP json = {"command":"touch_coordinate","arguments":[720.0,364.0]}
I/System.out(10295): files: {}
I/System.out(10295): command: {"command":"touch_coordinate","arguments":[720.0,364.0]}
I/InstrumentationBackend(10295): Got command:'Command:'Line:null,touch_coordinate', arguments:'[720.0, 364.0]'
I/art     (10295): Starting a blocking GC Explicit
I/art     (10295): Explicit concurrent mark sweep GC freed 286598(12MB) AllocSpace objects, 19(380KB) LOS objects, 28% free, 39MB/55MB, paused 881us total 68.913ms
I/art     (10295): Starting a blocking GC Explicit
I/art     (10295): Explicit concurrent mark sweep GC freed 522(25KB) AllocSpace objects, 0(0B) LOS objects, 28% free, 39MB/55MB, paused 1.009ms total 28.108ms
I/art     (10295): Starting a blocking GC Explicit
I/art     (10295): Explicit concurrent mark sweep GC freed 17(1408B) AllocSpace objects, 0(0B) LOS objects, 28% free, 39MB/55MB, paused 917us total 30.735ms
I/art     (10295): Starting a blocking GC Explicit
I/art     (10295): Explicit concurrent mark sweep GC freed 17(1408B) AllocSpace objects, 0(0B) LOS objects, 28% free, 39MB/55MB, paused 806us total 26.015ms
I/art     (10295): Starting a blocking GC Explicit
I/art     (10295): Explicit concurrent mark sweep GC freed 17(1408B) AllocSpace objects, 0(0B) LOS objects, 28% free, 39MB/55MB, paused 914us total 27.905ms
I/mono-stdout(10295): uri is: https://api.careerbuilder.com/consumer/saved-jobs/?DeveloperKey=WDHR8FC6P2JZ1Y61KLM5
I/mono-stdout(10295): making api call to: /consumer/saved-jobs/?DeveloperKey=WDHR8FC6P2JZ1Y61KLM5
I/mono-stdout(10295): Method: GET, RequestUri: 'https://api.careerbuilder.com/consumer/saved-jobs/?DeveloperKey=WDHR8FC6P2JZ1Y61KLM5', Version: 1.1, Content: <null>, Headers:

I/mono-stdout(10295): {

I/mono-stdout(10295): DeveloperKey: WDHR8FC6P2JZ1Y61KLM5

I/mono-stdout(10295): Accept: application/json

I/mono-stdout(10295): Authorization: Bearer test

I/mono-stdout(10295): HostSite: US

I/mono-stdout(10295): }
I/mono-stdout(10295): Current State = 1,2,6,7
I/mono-stdout(10295): applied jobs = 6
I/mono-stdout(10295): expired jobs = 7
I/mono-stdout(10295): saved jobs = Saved,Saved,Applied,Saved
E/RecyclerView(10295): No adapter attached; skipping layout
I/Keyboard.Facilitator( 3462): onFinishInput()
I/System.out(10295): result:{"bonusInformation":[],"message":"","success":true}
I/System.out(10295): URI: /map
I/System.out(10295): params: {json={"query":"* marked:'JobTitle1'","operation":{"method_name":"query","arguments":[]}}
I/System.out(10295): }
W/ResourceType(10295): No known package when getting name for resource number 0xffffffff
W/ResourceType(10295): No known package when getting name for resource number 0xffffffff
W/ResourceType(10295): No known package when getting name for resource number 0xffffffff
W/ResourceType(10295): No known package when getting name for resource number 0xffffffff
W/ResourceType(10295): No known package when getting name for resource number 0xffffffff
W/ResourceType(10295): No known package when getting name for resource number 0xffffffff
W/ResourceType(10295): No known package when getting name for resource number 0xffffffff
W/ResourceType(10295): No known package when getting name for resource number 0xffffffff
W/ResourceType(10295): No known package when getting name for resource number 0xffffffff
W/ResourceType(10295): No known package when getting name for resource number 0xffffffff
W/ResourceType(10295): No known package when getting name for resource number 0xffffffff
W/ResourceType(10295): No known package when getting name for resource number 0xffffffff
W/ResourceType(10295): No known package when getting name for resource number 0xffffffff
W/ResourceType(10295): No known package when getting name for resource number 0xffffffff
W/ResourceType(10295): No known package when getting name for resource number 0xffffffff
W/ResourceType(10295): No known package when getting name for resource number 0xffffffff
W/ResourceType(10295): No known package when getting name for resource number 0xffffffff
W/ResourceType(10295): No known package when getting name for resource number 0xffffffff
W/ResourceType(10295): No known package when getting name for resource number 0xffffffff
W/ResourceType(10295): No known package when getting name for resource number 0xffffffff
W/ResourceType(10295): No known package when getting name for resource number 0xffffffff
W/ResourceType(10295): No known package when getting name for resource number 0xffffffff
W/ResourceType(10295): No known package when getting name for resource number 0xffffffff
W/ResourceType(10295): No known package when getting name for resource number 0xffffffff
W/ResourceType(10295): No known package when getting name for resource number 0xffffffff
W/ResourceType(10295): No known package when getting name for resource number 0xffffffff
W/ResourceType(10295): No known package when getting name for resource number 0xffffffff
W/ResourceType(10295): No known package when getting name for resource number 0xffffffff
W/ResourceType(10295): No known package when getting name for resource number 0xffffffff
W/ResourceType(10295): No known package when getting name for resource number 0xffffffff
W/ResourceType(10295): No known package when getting name for resource number 0xffffffff
W/ResourceType(10295): No known package when getting name for resource number 0xffffffff
W/ResourceType(10295): No known package when getting name for resource number 0xffffffff
W/ResourceType(10295): No known package when getting name for resource number 0xffffffff
W/ResourceType(10295): No known package when getting name for resource number 0xffffffff
W/ResourceType(10295): No known package when getting name for resource number 0xffffffff
W/ResourceType(10295): No known package when getting name for resource number 0xffffffff
W/ResourceType(10295): No known package when getting name for resource number 0xffffffff
W/ResourceType(10295): No known package when getting name for resource number 0xffffffff
W/ResourceType(10295): No known package when getting name for resource number 0xffffffff
W/ResourceType(10295): No known package when getting name for resource number 0xffffffff
W/ResourceType(10295): No known package when getting name for resource number 0xffffffff
W/ResourceType(10295): No known package when getting name for resource number 0xffffffff
W/ResourceType(10295): No known package when getting name for resource number 0xffffffff
W/ResourceType(10295): No known package when getting name for resource number 0xffffffff
W/ResourceType(10295): No known package when getting name for resource number 0xffffffff
W/ResourceType(10295): No known package when getting name for resource number 0xffffffff
W/ResourceType(10295): No known package when getting name for resource number 0xffffffff
W/ResourceType(10295): No known package when getting name for resource number 0xffffffff
W/ResourceType(10295): No known package when getting name for resource number 0xffffffff
W/ResourceType(10295): No known package when getting name for resource number 0xffffffff
I/mono-stdout(10295): done making call to: /consumer/saved-jobs/?DeveloperKey=WDHR8FC6P2JZ1Y61KLM5
W/ResourceType(10295): No known package when getting name for resource number 0xffffffff
W/ResourceType(10295): No known package when getting name for resource number 0xffffffff
W/ResourceType(10295): No known package when getting name for resource number 0xffffffff
W/ResourceType(10295): No known package when getting name for resource number 0xffffffff
W/ResourceType(10295): No known package when getting name for resource number 0xffffffff
W/ResourceType(10295): No known package when getting name for resource number 0xffffffff
W/ResourceType(10295): No known package when getting name for resource number 0xffffffff
W/ResourceType(10295): No known package when getting name for resource number 0xffffffff
W/ResourceType(10295): No known package when getting name for resource number 0xffffffff
W/ResourceType(10295): No known package when getting name for resource number 0xffffffff
W/ResourceType(10295): No known package when getting name for resource number 0xffffffff
W/ResourceType(10295): No known package when getting name for resource number 0xffffffff
W/ResourceType(10295): No known package when getting name for resource number 0xffffffff
W/ResourceType(10295): No known package when getting name for resource number 0xffffffff
W/ResourceType(10295): No known package when getting name for resource number 0xffffffff
W/ResourceType(10295): No known package when getting name for resource number 0xffffffff
W/ResourceType(10295): No known package when getting name for resource number 0xffffffff
W/ResourceType(10295): No known package when getting name for resource number 0xffffffff
W/ResourceType(10295): No known package when getting name for resource number 0xffffffff
W/ResourceType(10295): No known package when getting name for resource number 0xffffffff
W/ResourceType(10295): No known package when getting name for resource number 0xffffffff
W/ResourceType(10295): No known package when getting name for resource number 0xffffffff
W/art     (10295): JNI RegisterNativeMethods: attempt to register 0 native methods for md539c3d548fb000cea9f34163fa7e112ea.SavedJobViewHolder
I/System.out(10295): URI: /map
I/System.out(10295): params: {json={"query":"* marked:'JobTitle1'","operation":{"method_name":"query","arguments":[]}}
I/System.out(10295): }
W/ResourceType(10295): No known package when getting name for resource number 0xffffffff
W/ResourceType(10295): No known package when getting name for resource number 0xffffffff
W/ResourceType(10295): No known package when getting name for resource number 0xffffffff
W/ResourceType(10295): No known package when getting name for resource number 0xffffffff
W/ResourceType(10295): No known package when getting name for resource number 0xffffffff
W/ResourceType(10295): No known package when getting name for resource number 0xffffffff
W/ResourceType(10295): No known package when getting name for resource number 0xffffffff
W/ResourceType(10295): No known package when getting name for resource number 0xffffffff
W/ResourceType(10295): No known package when getting name for resource number 0xffffffff
W/ResourceType(10295): No known package when getting name for resource number 0xffffffff
W/ResourceType(10295): No known package when getting name for resource number 0xffffffff
W/ResourceType(10295): No known package when getting name for resource number 0xffffffff
W/ResourceType(10295): No known package when getting name for resource number 0xffffffff
W/ResourceType(10295): No known package when getting name for resource number 0xffffffff
W/ResourceType(10295): No known package when getting name for resource number 0xffffffff
W/ResourceType(10295): No known package when getting name for resource number 0xffffffff
W/ResourceType(10295): No known package when getting name for resource number 0xffffffff
W/ResourceType(10295): No known package when getting name for resource number 0xffffffff
W/ResourceType(10295): No known package when getting name for resource number 0xffffffff
W/ResourceType(10295): No known package when getting name for resource number 0xffffffff
W/ResourceType(10295): No known package when getting name for resource number 0xffffffff
W/ResourceType(10295): No known package when getting name for resource number 0xffffffff
W/ResourceType(10295): No known package when getting name for resource number 0xffffffff
W/ResourceType(10295): No known package when getting name for resource number 0xffffffff
W/ResourceType(10295): No known package when getting name for resource number 0xffffffff
W/ResourceType(10295): No known package when getting name for resource number 0xffffffff
W/ResourceType(10295): No known package when getting name for resource number 0xffffffff
W/ResourceType(10295): No known package when getting name for resource number 0xffffffff
W/ResourceType(10295): No known package when getting name for resource number 0xffffffff
W/ResourceType(10295): No known package when getting name for resource number 0xffffffff
W/ResourceType(10295): No known package when getting name for resource number 0xffffffff
W/ResourceType(10295): No known package when getting name for resource number 0xffffffff
W/ResourceType(10295): No known package when getting name for resource number 0xffffffff
W/ResourceType(10295): No known package when getting name for resource number 0xffffffff
W/ResourceType(10295): No known package when getting name for resource number 0xffffffff
W/ResourceType(10295): No known package when getting name for resource number 0xffffffff
W/ResourceType(10295): No known package when getting name for resource number 0xffffffff
W/ResourceType(10295): No known package when getting name for resource number 0xffffffff
W/ResourceType(10295): No known package when getting name for resource number 0xffffffff
W/ResourceType(10295): No known package when getting name for resource number 0xffffffff
W/ResourceType(10295): No known package when getting name for resource number 0xffffffff
W/ResourceType(10295): No known package when getting name for resource number 0xffffffff
W/ResourceType(10295): No known package when getting name for resource number 0xffffffff
W/ResourceType(10295): No known package when getting name for resource number 0xffffffff
W/ResourceType(10295): No known package when getting name for resource number 0xffffffff
W/ResourceType(10295): No known package when getting name for resource number 0xffffffff
W/ResourceType(10295): No known package when getting name for resource number 0xffffffff
W/ResourceType(10295): No known package when getting name for resource number 0xffffffff
W/ResourceType(10295): No known package when getting name for resource number 0xffffffff
W/ResourceType(10295): No known package when getting name for resource number 0xffffffff
W/ResourceType(10295): No known package when getting name for resource number 0xffffffff
W/ResourceType(10295): No known package when getting name for resource number 0xffffffff
W/ResourceType(10295): No known package when getting name for resource number 0xffffffff
W/ResourceType(10295): No known package when getting name for resource number 0xffffffff
W/ResourceType(10295): No known package when getting name for resource number 0xffffffff
W/ResourceType(10295): No known package when getting name for resource number 0xffffffff
W/ResourceType(10295): No known package when getting name for resource number 0xffffffff
W/ResourceType(10295): No known package when getting name for resource number 0xffffffff
W/ResourceType(10295): No known package when getting name for resource number 0xffffffff
W/ResourceType(10295): No known package when getting name for resource number 0xffffffff
W/ResourceType(10295): No known package when getting name for resource number 0xffffffff
W/ResourceType(10295): No known package when getting name for resource number 0xffffffff
W/ResourceType(10295): No known package when getting name for resource number 0xffffffff
W/ResourceType(10295): No known package when getting name for resource number 0xffffffff
W/ResourceType(10295): No known package when getting name for resource number 0xffffffff
W/ResourceType(10295): No known package when getting name for resource number 0xffffffff
W/ResourceType(10295): No known package when getting name for resource number 0xffffffff
W/ResourceType(10295): No known package when getting name for resource number 0xffffffff
W/ResourceType(10295): No known package when getting name for resource number 0xffffffff
W/ResourceType(10295): No known package when getting name for resource number 0xffffffff
W/ResourceType(10295): No known package when getting name for resource number 0xffffffff
W/ResourceType(10295): No known package when getting name for resource number 0xffffffff
W/ResourceType(10295): No known package when getting name for resource number 0xffffffff
I/System.out(10295): URI: /map
I/System.out(10295): params: {json={"query":"* marked:'JobTitle1'","operation":{"method_name":"query","arguments":[]}}
I/System.out(10295): }
W/ResourceType(10295): No known package when getting name for resource number 0xffffffff
W/ResourceType(10295): No known package when getting name for resource number 0xffffffff
W/ResourceType(10295): No known package when getting name for resource number 0xffffffff
W/ResourceType(10295): No known package when getting name for resource number 0xffffffff
W/ResourceType(10295): No known package when getting name for resource number 0xffffffff
W/ResourceType(10295): No known package when getting name for resource number 0xffffffff
W/ResourceType(10295): No known package when getting name for resource number 0xffffffff
W/ResourceType(10295): No known package when getting name for resource number 0xffffffff
W/ResourceType(10295): No known package when getting name for resource number 0xffffffff
W/ResourceType(10295): No known package when getting name for resource number 0xffffffff
W/ResourceType(10295): No known package when getting name for resource number 0xffffffff
W/ResourceType(10295): No known package when getting name for resource number 0xffffffff
W/ResourceType(10295): No known package when getting name for resource number 0xffffffff
W/ResourceType(10295): No known package when getting name for resource number 0xffffffff
W/ResourceType(10295): No known package when getting name for resource number 0xffffffff
W/ResourceType(10295): No known package when getting name for resource number 0xffffffff
W/ResourceType(10295): No known package when getting name for resource number 0xffffffff
W/ResourceType(10295): No known package when getting name for resource number 0xffffffff
W/ResourceType(10295): No known package when getting name for resource number 0xffffffff
W/ResourceType(10295): No known package when getting name for resource number 0xffffffff
W/ResourceType(10295): No known package when getting name for resource number 0xffffffff
W/ResourceType(10295): No known package when getting name for resource number 0xffffffff
W/ResourceType(10295): No known package when getting name for resource number 0xffffffff
W/ResourceType(10295): No known package when getting name for resource number 0xffffffff
W/ResourceType(10295): No known package when getting name for resource number 0xffffffff
W/ResourceType(10295): No known package when getting name for resource number 0xffffffff
W/ResourceType(10295): No known package when getting name for resource number 0xffffffff
W/ResourceType(10295): No known package when getting name for resource number 0xffffffff
W/ResourceType(10295): No known package when getting name for resource number 0xffffffff
W/ResourceType(10295): No known package when getting name for resource number 0xffffffff
W/ResourceType(10295): No known package when getting name for resource number 0xffffffff
W/ResourceType(10295): No known package when getting name for resource number 0xffffffff
W/ResourceType(10295): No known package when getting name for resource number 0xffffffff
W/ResourceType(10295): No known package when getting name for resource number 0xffffffff
W/ResourceType(10295): No known package when getting name for resource number 0xffffffff
W/ResourceType(10295): No known package when getting name for resource number 0xffffffff
W/ResourceType(10295): No known package when getting name for resource number 0xffffffff
W/ResourceType(10295): No known package when getting name for resource number 0xffffffff
W/ResourceType(10295): No known package when getting name for resource number 0xffffffff
W/ResourceType(10295): No known package when getting name for resource number 0xffffffff
W/ResourceType(10295): No known package when getting name for resource number 0xffffffff
W/ResourceType(10295): No known package when getting name for resource number 0xffffffff
W/ResourceType(10295): No known package when getting name for resource number 0xffffffff
W/ResourceType(10295): No known package when getting name for resource number 0xffffffff
W/ResourceType(10295): No known package when getting name for resource number 0xffffffff
W/ResourceType(10295): No known package when getting name for resource number 0xffffffff
W/ResourceType(10295): No known package when getting name for resource number 0xffffffff
W/ResourceType(10295): No known package when getting name for resource number 0xffffffff
W/ResourceType(10295): No known package when getting name for resource number 0xffffffff
W/ResourceType(10295): No known package when getting name for resource number 0xffffffff
W/ResourceType(10295): No known package when getting name for resource number 0xffffffff
W/ResourceType(10295): No known package when getting name for resource number 0xffffffff
W/ResourceType(10295): No known package when getting name for resource number 0xffffffff
W/ResourceType(10295): No known package when getting name for resource number 0xffffffff
W/ResourceType(10295): No known package when getting name for resource number 0xffffffff
W/ResourceType(10295): No known package when getting name for resource number 0xffffffff
W/ResourceType(10295): No known package when getting name for resource number 0xffffffff
W/ResourceType(10295): No known package when getting name for resource number 0xffffffff
W/ResourceType(10295): No known package when getting name for resource number 0xffffffff
W/ResourceType(10295): No known package when getting name for resource number 0xffffffff
W/ResourceType(10295): No known package when getting name for resource number 0xffffffff
W/ResourceType(10295): No known package when getting name for resource number 0xffffffff
W/ResourceType(10295): No known package when getting name for resource number 0xffffffff
W/ResourceType(10295): No known package when getting name for resource number 0xffffffff
W/ResourceType(10295): No known package when getting name for resource number 0xffffffff
W/ResourceType(10295): No known package when getting name for resource number 0xffffffff
W/ResourceType(10295): No known package when getting name for resource number 0xffffffff
W/ResourceType(10295): No known package when getting name for resource number 0xffffffff
W/ResourceType(10295): No known package when getting name for resource number 0xffffffff
W/ResourceType(10295): No known package when getting name for resource number 0xffffffff
W/ResourceType(10295): No known package when getting name for resource number 0xffffffff
W/ResourceType(10295): No known package when getting name for resource number 0xffffffff
W/ResourceType(10295): No known package when getting name for resource number 0xffffffff
I/art     (10295): Starting a blocking GC Explicit
I/art     (10295): Explicit concurrent mark sweep GC freed 200235(8MB) AllocSpace objects, 12(240KB) LOS objects, 28% free, 39MB/55MB, paused 837us total 56.478ms
I/art     (10295): Starting a blocking GC Explicit
I/art     (10295): Explicit concurrent mark sweep GC freed 193(8KB) AllocSpace objects, 0(0B) LOS objects, 28% free, 39MB/55MB, paused 878us total 27.567ms
I/art     (10295): Starting a blocking GC Explicit
I/art     (10295): Explicit concurrent mark sweep GC freed 17(1408B) AllocSpace objects, 0(0B) LOS objects, 28% free, 39MB/55MB, paused 867us total 27.149ms
I/art     (10295): Starting a blocking GC Explicit
I/art     (10295): Explicit concurrent mark sweep GC freed 17(1408B) AllocSpace objects, 0(0B) LOS objects, 28% free, 39MB/55MB, paused 925us total 29.627ms
I/art     (10295): Starting a blocking GC Explicit
I/art     (10295): Explicit concurrent mark sweep GC freed 17(1408B) AllocSpace objects, 0(0B) LOS objects, 28% free, 39MB/55MB, paused 880us total 26.938ms
I/ServiceManager(  537): Waiting for service AtCmdFwd...
I/ServiceManager(  537): Waiting for service AtCmdFwd...

]]><xtc-duration value="161.8739723"/></xtc-step><!-- name: "undefined", id: "undefined" --><![CDATA[
I/ServiceManager(  537): Waiting for service AtCmdFwd...
I/art     (10295): Starting a blocking GC Explicit
I/art     (10295): Explicit concurrent mark sweep GC freed 6770(483KB) AllocSpace objects, 2(40KB) LOS objects, 28% free, 39MB/55MB, paused 846us total 29.519ms
I/art     (10295): Starting a blocking GC Explicit
I/ServiceManager(  537): Waiting for service AtCmdFwd...
I/art     (10295): Explicit concurrent mark sweep GC freed 97(4KB) AllocSpace objects, 0(0B) LOS objects, 28% free, 39MB/55MB, paused 930us total 28.914ms
I/art     (10295): Starting a blocking GC Explicit
I/art     (10295): Explicit concurrent mark sweep GC freed 17(1408B) AllocSpace objects, 0(0B) LOS objects, 28% free, 39MB/55MB, paused 862us total 26.521ms
I/art     (10295): Starting a blocking GC Explicit
I/art     (10295): Explicit concurrent mark sweep GC freed 17(1408B) AllocSpace objects, 0(0B) LOS objects, 28% free, 39MB/55MB, paused 1.001ms total 28.220ms
I/art     (10295): Starting a blocking GC Explicit
I/art     (10295): Explicit concurrent mark sweep GC freed 17(1408B) AllocSpace objects, 0(0B) LOS objects, 28% free, 39MB/55MB, paused 885us total 27.654ms

]]><xtc-step name="[0-1104]CareerBuilder_Search.DroidFeatureTests.QuickApplyFailedTests.TappingOutSideTheDialogDismissesResumeDialog-0-NA-FinalScreenShot" id="[0-1104]CareerBuilder_Search.DroidFeatureTests.QuickApplyFailedTests.TappingOutSideTheDialogDismissesResumeDialog-0-NA-FinalScreenShot"><![CDATA[
W/ip      (11084): type=1400 audit(0.0:75): avc: denied { search } for name="net" dev="dm-2" ino=3440648 scontext=u:r:shell:s0 tcontext=u:object_r:net_data_file:s0 tclass=dir permissive=0
I/ServiceManager(  537): Waiting for service AtCmdFwd...

]]><xtc-duration value="1.3483356"/></xtc-step><!-- name: "undefined", id: "undefined" --><![CDATA[
W/Atfwd_Sendcmd(  537): AtCmdFwd service not published, waiting... retryCnt : 1
D/Mono    (10295): [0xda6ff930] worker finishing

]]><xtc-duration value="169.991566" skip="false"/></xtc-scenario><!-- name: "undefined", id: "undefined" --><![CDATA[
I/art     (10295): Starting a blocking GC Explicit
I/art     (10295): Explicit concurrent mark sweep GC freed 2813(213KB) AllocSpace objects, 1(20KB) LOS objects, 28% free, 39MB/55MB, paused 949us total 37.807ms
I/art     (10295): Starting a blocking GC Explicit
I/art     (10295): Explicit concurrent mark sweep GC freed 34(2008B) AllocSpace objects, 0(0B) LOS objects, 28% free, 39MB/55MB, paused 860us total 30.057ms
I/art     (10295): Starting a blocking GC Explicit
I/art     (10295): Explicit concurrent mark sweep GC freed 17(1408B) AllocSpace objects, 0(0B) LOS objects, 28% free, 39MB/55MB, paused 855us total 28.959ms
I/art     (10295): Starting a blocking GC Explicit
I/art     (10295): Explicit concurrent mark sweep GC freed 17(1408B) AllocSpace objects, 0(0B) LOS objects, 28% free, 39MB/55MB, paused 872us total 29.058ms
I/art     (10295): Starting a blocking GC Explicit
I/art     (10295): Explicit concurrent mark sweep GC freed 17(1408B) AllocSpace objects, 0(0B) LOS objects, 28% free, 39MB/55MB, paused 878us total 29.043ms
I/ThermalEngine(  517): ACTION: GPU - Setting GPU[0] to 450000000
I/ServiceManager(  537): Waiting for service AtCmdFwd...
I/ServiceManager(  537): Waiting for service AtCmdFwd...
I/ServiceManager(  537): Waiting for service AtCmdFwd...
I/ServiceManager(  537): Waiting for service AtCmdFwd...
I/art     (10295): Starting a blocking GC Explicit
I/art     (10295): Explicit concurrent mark sweep GC freed 2803(212KB) AllocSpace objects, 1(20KB) LOS objects, 28% free, 39MB/55MB, paused 646us total 32.075ms
I/art     (10295): Starting a blocking GC Explicit
I/art     (10295): Explicit concurrent mark sweep GC freed 59(2776B) AllocSpace objects, 0(0B) LOS objects, 28% free, 39MB/55MB, paused 609us total 26.340ms
I/art     (10295): Starting a blocking GC Explicit
I/art     (10295): Explicit concurrent mark sweep GC freed 17(1408B) AllocSpace objects, 0(0B) LOS objects, 28% free, 39MB/55MB, paused 606us total 26.526ms
I/ServiceManager(  537): Waiting for service AtCmdFwd...
I/art     (10295): Starting a blocking GC Explicit
I/art     (10295): Explicit concurrent mark sweep GC freed 17(1408B) AllocSpace objects, 0(0B) LOS objects, 28% free, 39MB/55MB, paused 601us total 26.088ms
I/art     (10295): Starting a blocking GC Explicit
I/art     (10295): Explicit concurrent mark sweep GC freed 17(1408B) AllocSpace objects, 0(0B) LOS objects, 28% free, 39MB/55MB, paused 609us total 26.377ms
W/Atfwd_Sendcmd(  537): AtCmdFwd service not published, waiting... retryCnt : 2
I/ThermalEngine(  517): ACTION: GPU - Setting GPU[0] to 510000000
I/art     (10295): Starting a blocking GC Explicit
I/art     (10295): Explicit concurrent mark sweep GC freed 2787(211KB) AllocSpace objects, 1(20KB) LOS objects, 28% free, 39MB/55MB, paused 528us total 25.159ms
I/art     (10295): Starting a blocking GC Explicit
I/art     (10295): Explicit concurrent mark sweep GC freed 34(2008B) AllocSpace objects, 0(0B) LOS objects, 28% free, 39MB/55MB, paused 454us total 19.919ms
I/art     (10295): Starting a blocking GC Explicit
I/art     (10295): Explicit concurrent mark sweep GC freed 3(96B) AllocSpace objects, 0(0B) LOS objects, 28% free, 39MB/55MB, paused 435us total 19.667ms
I/art     (10295): Starting a blocking GC Explicit
I/art     (10295): Explicit concurrent mark sweep GC freed 17(1408B) AllocSpace objects, 0(0B) LOS objects, 28% free, 39MB/55MB, paused 436us total 19.679ms
I/art     (10295): Starting a blocking GC Explicit
I/art     (10295): Explicit concurrent mark sweep GC freed 17(1408B) AllocSpace objects, 0(0B) LOS objects, 28% free, 39MB/55MB, paused 434us total 19.594ms
D/WifiStateMachine(  927): starting scan for "xtc-ag"WPA_PSK with 5240,5180,5220,5200
