W/ResourceType( 9629): No known package when getting name for resource number 0xffffffff
W/ResourceType( 9629): No known package when getting name for resource number 0xffffffff
W/ResourceType( 9629): No known package when getting name for resource number 0xffffffff
W/ResourceType( 9629): No known package when getting name for resource number 0xffffffff
W/ResourceType( 9629): No known package when getting name for resource number 0xffffffff
W/ResourceType( 9629): No known package when getting name for resource number 0xffffffff
W/ResourceType( 9629): No known package when getting name for resource number 0xffffffff
W/ResourceType( 9629): No known package when getting name for resource number 0xffffffff
W/ResourceType( 9629): No known package when getting name for resource number 0xffffffff
W/ResourceType( 9629): No known package when getting name for resource number 0xffffffff
W/ResourceType( 9629): No known package when getting name for resource number 0xffffffff
W/ResourceType( 9629): No known package when getting name for resource number 0xffffffff
W/ResourceType( 9629): No known package when getting name for resource number 0xffffffff
W/ResourceType( 9629): No known package when getting name for resource number 0xffffffff
W/ResourceType( 9629): No known package when getting name for resource number 0xffffffff
W/ResourceType( 9629): No known package when getting name for resource number 0xffffffff
W/ResourceType( 9629): No known package when getting name for resource number 0xffffffff
I/System.out( 9629): URI: /
I/System.out( 9629): params: {json={"command":"drag_coordinates","arguments":[720.0,1674.4,720.0,717.6]}
I/System.out( 9629): }
I/System.out( 9629): header: {content-length=69, host=devicehost47.prod, x-session-token=token-token-7d4abfaa-93e2-4743-9bdd-0a70afdfba9f, x-forwarded-for=10.222.150.12, content-type=application/json; charset=utf-8, connection=close}
I/System.out( 9629): params: {json={"command":"drag_coordinates","arguments":[720.0,1674.4,720.0,717.6]}
I/System.out( 9629): }
I/System.out( 9629): ProP json = {"command":"drag_coordinates","arguments":[720.0,1674.4,720.0,717.6]}
I/System.out( 9629): files: {}
I/System.out( 9629): command: {"command":"drag_coordinates","arguments":[720.0,1674.4,720.0,717.6]}
I/InstrumentationBackend( 9629): Got command:'Command:'Line:null,drag_coordinates', arguments:'[720.0, 1674.4, 720.0, 717.6]'
I/System.out( 9629): result:{"bonusInformation":[],"message":"","success":true}
I/mono-stdout( 9629): uri is: https://api.careerbuilder.com/consumer/jobs/search/?Keywords=&Location=&UseFacets=true&PageNumber=2&ExcludeNational=true&DeveloperKey=WDHR8FC6P2JZ1Y61KLM5
I/mono-stdout( 9629): making api call to: /consumer/jobs/search/?Keywords=&Location=&UseFacets=true&PageNumber=2&ExcludeNational=true&DeveloperKey=WDHR8FC6P2JZ1Y61KLM5
I/System.out( 9629): URI: /map
I/System.out( 9629): params: {json={"query":"* marked:'Job 2'","operation":{"method_name":"query","arguments":[]}}
I/System.out( 9629): }
W/ResourceType( 9629): No known package when getting name for resource number 0xffffffff
W/ResourceType( 9629): No known package when getting name for resource number 0xffffffff
W/ResourceType( 9629): No known package when getting name for resource number 0xffffffff
W/ResourceType( 9629): No known package when getting name for resource number 0xffffffff
W/ResourceType( 9629): No known package when getting name for resource number 0xffffffff
W/ResourceType( 9629): No known package when getting name for resource number 0xffffffff
W/ResourceType( 9629): No known package when getting name for resource number 0xffffffff
W/ResourceType( 9629): No known package when getting name for resource number 0xffffffff
W/ResourceType( 9629): No known package when getting name for resource number 0xffffffff
W/ResourceType( 9629): No known package when getting name for resource number 0xffffffff
W/ResourceType( 9629): No known package when getting name for resource number 0xffffffff
W/ResourceType( 9629): No known package when getting name for resource number 0xffffffff
W/ResourceType( 9629): No known package when getting name for resource number 0xffffffff
W/ResourceType( 9629): No known package when getting name for resource number 0xffffffff
W/ResourceType( 9629): No known package when getting name for resource number 0xffffffff
W/ResourceType( 9629): No known package when getting name for resource number 0xffffffff
W/ResourceType( 9629): No known package when getting name for resource number 0xffffffff
W/ResourceType( 9629): No known package when getting name for resource number 0xffffffff
W/ResourceType( 9629): No known package when getting name for resource number 0xffffffff
W/ResourceType( 9629): No known package when getting name for resource number 0xffffffff
W/ResourceType( 9629): No known package when getting name for resource number 0xffffffff
W/ResourceType( 9629): No known package when getting name for resource number 0xffffffff
W/ResourceType( 9629): No known package when getting name for resource number 0xffffffff
W/ResourceType( 9629): No known package when getting name for resource number 0xffffffff
W/ResourceType( 9629): No known package when getting name for resource number 0xffffffff
W/ResourceType( 9629): No known package when getting name for resource number 0xffffffff
W/ResourceType( 9629): No known package when getting name for resource number 0xffffffff
W/ResourceType( 9629): No known package when getting name for resource number 0xffffffff
W/ResourceType( 9629): No known package when getting name for resource number 0xffffffff
W/ResourceType( 9629): No known package when getting name for resource number 0xffffffff
W/ResourceType( 9629): No known package when getting name for resource number 0xffffffff
W/ResourceType( 9629): No known package when getting name for resource number 0xffffffff
W/ResourceType( 9629): No known package when getting name for resource number 0xffffffff
W/ResourceType( 9629): No known package when getting name for resource number 0xffffffff
W/ResourceType( 9629): No known package when getting name for resource number 0xffffffff
W/ResourceType( 9629): No known package when getting name for resource number 0xffffffff
W/ResourceType( 9629): No known package when getting name for resource number 0xffffffff
W/ResourceType( 9629): No known package when getting name for resource number 0xffffffff
W/ResourceType( 9629): No known package when getting name for resource number 0xffffffff
W/ResourceType( 9629): No known package when getting name for resource number 0xffffffff
W/ResourceType( 9629): No known package when getting name for resource number 0xffffffff
W/ResourceType( 9629): No known package when getting name for resource number 0xffffffff
W/ResourceType( 9629): No known package when getting name for resource number 0xffffffff
W/ResourceType( 9629): No known package when getting name for resource number 0xffffffff
W/ResourceType( 9629): No known package when getting name for resource number 0xffffffff
W/ResourceType( 9629): No known package when getting name for resource number 0xffffffff
W/ResourceType( 9629): No known package when getting name for resource number 0xffffffff
W/ResourceType( 9629): No known package when getting name for resource number 0xffffffff
W/ResourceType( 9629): No known package when getting name for resource number 0xffffffff
W/ResourceType( 9629): No known package when getting name for resource number 0xffffffff
W/ResourceType( 9629): No known package when getting name for resource number 0xffffffff
W/ResourceType( 9629): No known package when getting name for resource number 0xffffffff
W/ResourceType( 9629): No known package when getting name for resource number 0xffffffff
W/ResourceType( 9629): No known package when getting name for resource number 0xffffffff
W/ResourceType( 9629): No known package when getting name for resource number 0xffffffff
W/ResourceType( 9629): No known package when getting name for resource number 0xffffffff
W/ResourceType( 9629): No known package when getting name for resource number 0xffffffff
W/ResourceType( 9629): No known package when getting name for resource number 0xffffffff
W/ResourceType( 9629): No known package when getting name for resource number 0xffffffff
W/ResourceType( 9629): No known package when getting name for resource number 0xffffffff
W/ResourceType( 9629): No known package when getting name for resource number 0xffffffff
W/ResourceType( 9629): No known package when getting name for resource number 0xffffffff
W/ResourceType( 9629): No known package when getting name for resource number 0xffffffff
W/ResourceType( 9629): No known package when getting name for resource number 0xffffffff
W/ResourceType( 9629): No known package when getting name for resource number 0xffffffff
I/mono-stdout( 9629): done making call to: /consumer/jobs/search/?Keywords=&Location=&UseFacets=true&PageNumber=2&ExcludeNational=true&DeveloperKey=WDHR8FC6P2JZ1Y61KLM5
W/ResourceType( 9629): No known package when getting name for resource number 0xffffffff
I/mono-stdout( 9629): uri is: https://api.careerbuilder.com/consumer/saved-jobs/?DeveloperKey=WDHR8FC6P2JZ1Y61KLM5
I/mono-stdout( 9629): making api call to: /consumer/saved-jobs/?DeveloperKey=WDHR8FC6P2JZ1Y61KLM5
I/mono-stdout( 9629): Method: GET, RequestUri: 'https://api.careerbuilder.com/consumer/saved-jobs/?DeveloperKey=WDHR8FC6P2JZ1Y61KLM5', Version: 1.1, Content: <null>, Headers:

I/mono-stdout( 9629): {

I/mono-stdout( 9629): DeveloperKey: WDHR8FC6P2JZ1Y61KLM5

I/mono-stdout( 9629): Accept: application/json

I/mono-stdout( 9629): Authorization: Bearer test

I/mono-stdout( 9629): HostSite: US

I/mono-stdout( 9629): }
I/mono-stdout( 9629): Current State = 1,2,6,7
I/mono-stdout( 9629): applied jobs = 6
I/mono-stdout( 9629): expired jobs = 7
I/mono-stdout( 9629): saved jobs = Saved,Saved,Applied,Saved
W/ResourceType( 9629): No known package when getting name for resource number 0xffffffff
W/ResourceType( 9629): No known package when getting name for resource number 0xffffffff
W/ResourceType( 9629): No known package when getting name for resource number 0xffffffff
W/ResourceType( 9629): No known package when getting name for resource number 0xffffffff
W/ResourceType( 9629): No known package when getting name for resource number 0xffffffff
W/ResourceType( 9629): No known package when getting name for resource number 0xffffffff
W/ResourceType( 9629): No known package when getting name for resource number 0xffffffff
I/System.out( 9629): URI: /
I/System.out( 9629): params: {json={"command":"drag_coordinates","arguments":[720.0,1674.4,720.0,717.6]}
I/System.out( 9629): }
I/System.out( 9629): header: {content-length=69, host=devicehost47.prod, x-session-token=token-token-7d4abfaa-93e2-4743-9bdd-0a70afdfba9f, x-forwarded-for=10.222.150.12, content-type=application/json; charset=utf-8, connection=close}
I/System.out( 9629): params: {json={"command":"drag_coordinates","arguments":[720.0,1674.4,720.0,717.6]}
I/System.out( 9629): }
I/System.out( 9629): ProP json = {"command":"drag_coordinates","arguments":[720.0,1674.4,720.0,717.6]}
I/System.out( 9629): files: {}
I/System.out( 9629): command: {"command":"drag_coordinates","arguments":[720.0,1674.4,720.0,717.6]}
I/InstrumentationBackend( 9629): Got command:'Command:'Line:null,drag_coordinates', arguments:'[720.0, 1674.4, 720.0, 717.6]'
I/mono-stdout( 9629): done making call to: /consumer/saved-jobs/?DeveloperKey=WDHR8FC6P2JZ1Y61KLM5
E/RecyclerView( 9629): No adapter attached; skipping layout
I/art     ( 9629): Starting a blocking GC Explicit
I/art     ( 9629): Explicit concurrent mark sweep GC freed 190268(8MB) AllocSpace objects, 17(340KB) LOS objects, 28% free, 39MB/55MB, paused 1.395ms total 65.737ms
I/art     ( 9629): Starting a blocking GC Explicit
I/art     ( 9629): Explicit concurrent mark sweep GC freed 1368(54KB) AllocSpace objects, 0(0B) LOS objects, 28% free, 39MB/55MB, paused 1.190ms total 31.742ms
I/art     ( 9629): Starting a blocking GC Explicit
I/art     ( 9629): Explicit concurrent mark sweep GC freed 36(1664B) AllocSpace objects, 0(0B) LOS objects, 28% free, 39MB/55MB, paused 816us total 32.863ms
I/art     ( 9629): Starting a blocking GC Explicit
I/art     ( 9629): Explicit concurrent mark sweep GC freed 21(1040B) AllocSpace objects, 0(0B) LOS objects, 28% free, 39MB/55MB, paused 822us total 28.119ms
I/art     ( 9629): Starting a blocking GC Explicit
I/art     ( 9629): Explicit concurrent mark sweep GC freed 22(1072B) AllocSpace objects, 0(0B) LOS objects, 28% free, 39MB/55MB, paused 814us total 29.400ms
I/System.out( 9629): result:{"bonusInformation":[],"message":"","success":true}
I/System.out( 9629): URI: /map
I/System.out( 9629): params: {json={"query":"* marked:'Job 2'","operation":{"method_name":"query","arguments":[]}}
I/System.out( 9629): }
W/ResourceType( 9629): No known package when getting name for resource number 0xffffffff
W/ResourceType( 9629): No known package when getting name for resource number 0xffffffff
W/ResourceType( 9629): No known package when getting name for resource number 0xffffffff
W/ResourceType( 9629): No known package when getting name for resource number 0xffffffff
W/ResourceType( 9629): No known package when getting name for resource number 0xffffffff
W/ResourceType( 9629): No known package when getting name for resource number 0xffffffff
W/ResourceType( 9629): No known package when getting name for resource number 0xffffffff
W/ResourceType( 9629): No known package when getting name for resource number 0xffffffff
W/ResourceType( 9629): No known package when getting name for resource number 0xffffffff
W/ResourceType( 9629): No known package when getting name for resource number 0xffffffff
W/ResourceType( 9629): No known package when getting name for resource number 0xffffffff
W/ResourceType( 9629): No known package when getting name for resource number 0xffffffff
W/ResourceType( 9629): No known package when getting name for resource number 0xffffffff
W/ResourceType( 9629): No known package when getting name for resource number 0xffffffff
W/ResourceType( 9629): No known package when getting name for resource number 0xffffffff
W/ResourceType( 9629): No known package when getting name for resource number 0xffffffff
W/ResourceType( 9629): No known package when getting name for resource number 0xffffffff
W/ResourceType( 9629): No known package when getting name for resource number 0xffffffff
W/ResourceType( 9629): No known package when getting name for resource number 0xffffffff
W/ResourceType( 9629): No known package when getting name for resource number 0xffffffff
W/ResourceType( 9629): No known package when getting name for resource number 0xffffffff
W/ResourceType( 9629): No known package when getting name for resource number 0xffffffff
W/ResourceType( 9629): No known package when getting name for resource number 0xffffffff
W/ResourceType( 9629): No known package when getting name for resource number 0xffffffff
W/ResourceType( 9629): No known package when getting name for resource number 0xffffffff
W/ResourceType( 9629): No known package when getting name for resource number 0xffffffff
W/ResourceType( 9629): No known package when getting name for resource number 0xffffffff
W/ResourceType( 9629): No known package when getting name for resource number 0xffffffff
W/ResourceType( 9629): No known package when getting name for resource number 0xffffffff
W/ResourceType( 9629): No known package when getting name for resource number 0xffffffff
W/ResourceType( 9629): No known package when getting name for resource number 0xffffffff
W/ResourceType( 9629): No known package when getting name for resource number 0xffffffff
W/ResourceType( 9629): No known package when getting name for resource number 0xffffffff
W/ResourceType( 9629): No known package when getting name for resource number 0xffffffff
W/ResourceType( 9629): No known package when getting name for resource number 0xffffffff
W/ResourceType( 9629): No known package when getting name for resource number 0xffffffff
W/ResourceType( 9629): No known package when getting name for resource number 0xffffffff
W/ResourceType( 9629): No known package when getting name for resource number 0xffffffff
W/ResourceType( 9629): No known package when getting name for resource number 0xffffffff
W/ResourceType( 9629): No known package when getting name for resource number 0xffffffff
W/ResourceType( 9629): No known package when getting name for resource number 0xffffffff
W/ResourceType( 9629): No known package when getting name for resource number 0xffffffff
W/ResourceType( 9629): No known package when getting name for resource number 0xffffffff
W/ResourceType( 9629): No known package when getting name for resource number 0xffffffff
W/ResourceType( 9629): No known package when getting name for resource number 0xffffffff
W/ResourceType( 9629): No known package when getting name for resource number 0xffffffff
W/ResourceType( 9629): No known package when getting name for resource number 0xffffffff
W/ResourceType( 9629): No known package when getting name for resource number 0xffffffff
W/ResourceType( 9629): No known package when getting name for resource number 0xffffffff
W/ResourceType( 9629): No known package when getting name for resource number 0xffffffff
W/ResourceType( 9629): No known package when getting name for resource number 0xffffffff
W/ResourceType( 9629): No known package when getting name for resource number 0xffffffff
W/ResourceType( 9629): No known package when getting name for resource number 0xffffffff
W/ResourceType( 9629): No known package when getting name for resource number 0xffffffff
W/ResourceType( 9629): No known package when getting name for resource number 0xffffffff
W/ResourceType( 9629): No known package when getting name for resource number 0xffffffff
W/ResourceType( 9629): No known package when getting name for resource number 0xffffffff
W/ResourceType( 9629): No known package when getting name for resource number 0xffffffff
W/ResourceType( 9629): No known package when getting name for resource number 0xffffffff
W/ResourceType( 9629): No known package when getting name for resource number 0xffffffff
W/ResourceType( 9629): No known package when getting name for resource number 0xffffffff
W/ResourceType( 9629): No known package when getting name for resource number 0xffffffff
W/ResourceType( 9629): No known package when getting name for resource number 0xffffffff
W/ResourceType( 9629): No known package when getting name for resource number 0xffffffff
W/ResourceType( 9629): No known package when getting name for resource number 0xffffffff
W/ResourceType( 9629): No known package when getting name for resource number 0xffffffff
W/ResourceType( 9629): No known package when getting name for resource number 0xffffffff
W/ResourceType( 9629): No known package when getting name for resource number 0xffffffff
W/ResourceType( 9629): No known package when getting name for resource number 0xffffffff
W/ResourceType( 9629): No known package when getting name for resource number 0xffffffff
W/ResourceType( 9629): No known package when getting name for resource number 0xffffffff
W/ResourceType( 9629): No known package when getting name for resource number 0xffffffff
W/ResourceType( 9629): No known package when getting name for resource number 0xffffffff
I/System.out( 9629): URI: /
I/System.out( 9629): params: {json={"command":"drag_coordinates","arguments":[720.0,1674.4,720.0,717.6]}
I/System.out( 9629): }
I/System.out( 9629): header: {content-length=69, host=devicehost47.prod, x-session-token=token-token-7d4abfaa-93e2-4743-9bdd-0a70afdfba9f, x-forwarded-for=10.222.150.12, content-type=application/json; charset=utf-8, connection=close}
I/System.out( 9629): params: {json={"command":"drag_coordinates","arguments":[720.0,1674.4,720.0,717.6]}
I/System.out( 9629): }
I/System.out( 9629): ProP json = {"command":"drag_coordinates","arguments":[720.0,1674.4,720.0,717.6]}
I/System.out( 9629): files: {}
I/System.out( 9629): command: {"command":"drag_coordinates","arguments":[720.0,1674.4,720.0,717.6]}
I/InstrumentationBackend( 9629): Got command:'Command:'Line:null,drag_coordinates', arguments:'[720.0, 1674.4, 720.0, 717.6]'
W/ip      (10158): type=1400 audit(0.0:76): avc: denied { search } for name="net" dev="dm-2" ino=4079624 scontext=u:r:shell:s0 tcontext=u:object_r:net_data_file:s0 tclass=dir permissive=0
I/System.out( 9629): result:{"bonusInformation":[],"message":"","success":true}
I/System.out( 9629): URI: /map
I/System.out( 9629): params: {json={"query":"* marked:'Job 2'","operation":{"method_name":"query","arguments":[]}}
I/System.out( 9629): }
W/ResourceType( 9629): No known package when getting name for resource number 0xffffffff
W/ResourceType( 9629): No known package when getting name for resource number 0xffffffff
W/ResourceType( 9629): No known package when getting name for resource number 0xffffffff
W/ResourceType( 9629): No known package when getting name for resource number 0xffffffff
W/ResourceType( 9629): No known package when getting name for resource number 0xffffffff
W/ResourceType( 9629): No known package when getting name for resource number 0xffffffff
W/ResourceType( 9629): No known package when getting name for resource number 0xffffffff
W/ResourceType( 9629): No known package when getting name for resource number 0xffffffff
W/ResourceType( 9629): No known package when getting name for resource number 0xffffffff
W/ResourceType( 9629): No known package when getting name for resource number 0xffffffff
W/ResourceType( 9629): No known package when getting name for resource number 0xffffffff
W/ResourceType( 9629): No known package when getting name for resource number 0xffffffff
W/ResourceType( 9629): No known package when getting name for resource number 0xffffffff
W/ResourceType( 9629): No known package when getting name for resource number 0xffffffff
W/ResourceType( 9629): No known package when getting name for resource number 0xffffffff
W/ResourceType( 9629): No known package when getting name for resource number 0xffffffff
W/ResourceType( 9629): No known package when getting name for resource number 0xffffffff
W/ResourceType( 9629): No known package when getting name for resource number 0xffffffff
W/ResourceType( 9629): No known package when getting name for resource number 0xffffffff
W/ResourceType( 9629): No known package when getting name for resource number 0xffffffff
W/ResourceType( 9629): No known package when getting name for resource number 0xffffffff
W/ResourceType( 9629): No known package when getting name for resource number 0xffffffff
W/ResourceType( 9629): No known package when getting name for resource number 0xffffffff
W/ResourceType( 9629): No known package when getting name for resource number 0xffffffff
W/ResourceType( 9629): No known package when getting name for resource number 0xffffffff
W/ResourceType( 9629): No known package when getting name for resource number 0xffffffff
W/ResourceType( 9629): No known package when getting name for resource number 0xffffffff
W/ResourceType( 9629): No known package when getting name for resource number 0xffffffff
W/ResourceType( 9629): No known package when getting name for resource number 0xffffffff
W/ResourceType( 9629): No known package when getting name for resource number 0xffffffff
W/ResourceType( 9629): No known package when getting name for resource number 0xffffffff
W/ResourceType( 9629): No known package when getting name for resource number 0xffffffff
W/ResourceType( 9629): No known package when getting name for resource number 0xffffffff
W/ResourceType( 9629): No known package when getting name for resource number 0xffffffff
W/ResourceType( 9629): No known package when getting name for resource number 0xffffffff
W/ResourceType( 9629): No known package when getting name for resource number 0xffffffff
W/ResourceType( 9629): No known package when getting name for resource number 0xffffffff
W/ResourceType( 9629): No known package when getting name for resource number 0xffffffff
W/ResourceType( 9629): No known package when getting name for resource number 0xffffffff
W/ResourceType( 9629): No known package when getting name for resource number 0xffffffff
W/ResourceType( 9629): No known package when getting name for resource number 0xffffffff
W/ResourceType( 9629): No known package when getting name for resource number 0xffffffff
W/ResourceType( 9629): No known package when getting name for resource number 0xffffffff
W/ResourceType( 9629): No known package when getting name for resource number 0xffffffff
W/ResourceType( 9629): No known package when getting name for resource number 0xffffffff
W/ResourceType( 9629): No known package when getting name for resource number 0xffffffff
W/ResourceType( 9629): No known package when getting name for resource number 0xffffffff
W/ResourceType( 9629): No known package when getting name for resource number 0xffffffff
W/ResourceType( 9629): No known package when getting name for resource number 0xffffffff
W/ResourceType( 9629): No known package when getting name for resource number 0xffffffff
W/ResourceType( 9629): No known package when getting name for resource number 0xffffffff
W/ResourceType( 9629): No known package when getting name for resource number 0xffffffff
W/ResourceType( 9629): No known package when getting name for resource number 0xffffffff
W/ResourceType( 9629): No known package when getting name for resource number 0xffffffff
W/ResourceType( 9629): No known package when getting name for resource number 0xffffffff
W/ResourceType( 9629): No known package when getting name for resource number 0xffffffff
W/ResourceType( 9629): No known package when getting name for resource number 0xffffffff
W/ResourceType( 9629): No known package when getting name for resource number 0xffffffff
W/ResourceType( 9629): No known package when getting name for resource number 0xffffffff
W/ResourceType( 9629): No known package when getting name for resource number 0xffffffff
W/ResourceType( 9629): No known package when getting name for resource number 0xffffffff
W/ResourceType( 9629): No known package when getting name for resource number 0xffffffff
W/ResourceType( 9629): No known package when getting name for resource number 0xffffffff
W/ResourceType( 9629): No known package when getting name for resource number 0xffffffff
W/ResourceType( 9629): No known package when getting name for resource number 0xffffffff
W/ResourceType( 9629): No known package when getting name for resource number 0xffffffff
W/ResourceType( 9629): No known package when getting name for resource number 0xffffffff
W/ResourceType( 9629): No known package when getting name for resource number 0xffffffff
W/ResourceType( 9629): No known package when getting name for resource number 0xffffffff
W/ResourceType( 9629): No known package when getting name for resource number 0xffffffff
W/ResourceType( 9629): No known package when getting name for resource number 0xffffffff
W/ResourceType( 9629): No known package when getting name for resource number 0xffffffff
W/ResourceType( 9629): No known package when getting name for resource number 0xffffffff
I/System.out( 9629): URI: /map
I/System.out( 9629): params: {json={"query":"* marked:'Job 2'","operation":{"method_name":"query","arguments":[]}}
I/System.out( 9629): }
W/ResourceType( 9629): No known package when getting name for resource number 0xffffffff
W/ResourceType( 9629): No known package when getting name for resource number 0xffffffff
W/ResourceType( 9629): No known package when getting name for resource number 0xffffffff
W/ResourceType( 9629): No known package when getting name for resource number 0xffffffff
W/ResourceType( 9629): No known package when getting name for resource number 0xffffffff
W/ResourceType( 9629): No known package when getting name for resource number 0xffffffff
W/ResourceType( 9629): No known package when getting name for resource number 0xffffffff
W/ResourceType( 9629): No known package when getting name for resource number 0xffffffff
W/ResourceType( 9629): No known package when getting name for resource number 0xffffffff
W/ResourceType( 9629): No known package when getting name for resource number 0xffffffff
W/ResourceType( 9629): No known package when getting name for resource number 0xffffffff
W/ResourceType( 9629): No known package when getting name for resource number 0xffffffff
W/ResourceType( 9629): No known package when getting name for resource number 0xffffffff
W/ResourceType( 9629): No known package when getting name for resource number 0xffffffff
W/ResourceType( 9629): No known package when getting name for resource number 0xffffffff
W/ResourceType( 9629): No known package when getting name for resource number 0xffffffff
W/ResourceType( 9629): No known package when getting name for resource number 0xffffffff
W/ResourceType( 9629): No known package when getting name for resource number 0xffffffff
W/ResourceType( 9629): No known package when getting name for resource number 0xffffffff
W/ResourceType( 9629): No known package when getting name for resource number 0xffffffff
W/ResourceType( 9629): No known package when getting name for resource number 0xffffffff
W/ResourceType( 9629): No known package when getting name for resource number 0xffffffff
W/ResourceType( 9629): No known package when getting name for resource number 0xffffffff
W/ResourceType( 9629): No known package when getting name for resource number 0xffffffff
W/ResourceType( 9629): No known package when getting name for resource number 0xffffffff
W/ResourceType( 9629): No known package when getting name for resource number 0xffffffff
W/ResourceType( 9629): No known package when getting name for resource number 0xffffffff
W/ResourceType( 9629): No known package when getting name for resource number 0xffffffff
W/ResourceType( 9629): No known package when getting name for resource number 0xffffffff
W/ResourceType( 9629): No known package when getting name for resource number 0xffffffff
W/ResourceType( 9629): No known package when getting name for resource number 0xffffffff
W/ResourceType( 9629): No known package when getting name for resource number 0xffffffff
W/ResourceType( 9629): No known package when getting name for resource number 0xffffffff
W/ResourceType( 9629): No known package when getting name for resource number 0xffffffff
W/ResourceType( 9629): No known package when getting name for resource number 0xffffffff
W/ResourceType( 9629): No known package when getting name for resource number 0xffffffff
W/ResourceType( 9629): No known package when getting name for resource number 0xffffffff
W/ResourceType( 9629): No known package when getting name for resource number 0xffffffff
W/ResourceType( 9629): No known package when getting name for resource number 0xffffffff
W/ResourceType( 9629): No known package when getting name for resource number 0xffffffff
W/ResourceType( 9629): No known package when getting name for resource number 0xffffffff
W/ResourceType( 9629): No known package when getting name for resource number 0xffffffff
W/ResourceType( 9629): No known package when getting name for resource number 0xffffffff
W/ResourceType( 9629): No known package when getting name for resource number 0xffffffff
W/ResourceType( 9629): No known package when getting name for resource number 0xffffffff
W/ResourceType( 9629): No known package when getting name for resource number 0xffffffff
W/ResourceType( 9629): No known package when getting name for resource number 0xffffffff
W/ResourceType( 9629): No known package when getting name for resource number 0xffffffff
W/ResourceType( 9629): No known package when getting name for resource number 0xffffffff
W/ResourceType( 9629): No known package when getting name for resource number 0xffffffff
W/ResourceType( 9629): No known package when getting name for resource number 0xffffffff
W/ResourceType( 9629): No known package when getting name for resource number 0xffffffff
W/ResourceType( 9629): No known package when getting name for resource number 0xffffffff
W/ResourceType( 9629): No known package when getting name for resource number 0xffffffff
W/ResourceType( 9629): No known package when getting name for resource number 0xffffffff
W/ResourceType( 9629): No known package when getting name for resource number 0xffffffff
W/ResourceType( 9629): No known package when getting name for resource number 0xffffffff
W/ResourceType( 9629): No known package when getting name for resource number 0xffffffff
W/ResourceType( 9629): No known package when getting name for resource number 0xffffffff
W/ResourceType( 9629): No known package when getting name for resource number 0xffffffff
W/ResourceType( 9629): No known package when getting name for resource number 0xffffffff
W/ResourceType( 9629): No known package when getting name for resource number 0xffffffff
W/ResourceType( 9629): No known package when getting name for resource number 0xffffffff
W/ResourceType( 9629): No known package when getting name for resource number 0xffffffff
W/ResourceType( 9629): No known package when getting name for resource number 0xffffffff
W/ResourceType( 9629): No known package when getting name for resource number 0xffffffff
W/ResourceType( 9629): No known package when getting name for resource number 0xffffffff
W/ResourceType( 9629): No known package when getting name for resource number 0xffffffff
W/ResourceType( 9629): No known package when getting name for resource number 0xffffffff
W/ResourceType( 9629): No known package when getting name for resource number 0xffffffff
W/ResourceType( 9629): No known package when getting name for resource number 0xffffffff
W/ResourceType( 9629): No known package when getting name for resource number 0xffffffff
W/ResourceType( 9629): No known package when getting name for resource number 0xffffffff
I/System.out( 9629): URI: /map
I/System.out( 9629): params: {json={"query":"* marked:'Job 2'","operation":{"method_name":"query","arguments":[]}}
I/System.out( 9629): }
W/ResourceType( 9629): No known package when getting name for resource number 0xffffffff
W/ResourceType( 9629): No known package when getting name for resource number 0xffffffff
W/ResourceType( 9629): No known package when getting name for resource number 0xffffffff
W/ResourceType( 9629): No known package when getting name for resource number 0xffffffff
W/ResourceType( 9629): No known package when getting name for resource number 0xffffffff
W/ResourceType( 9629): No known package when getting name for resource number 0xffffffff
W/ResourceType( 9629): No known package when getting name for resource number 0xffffffff
W/ResourceType( 9629): No known package when getting name for resource number 0xffffffff
W/ResourceType( 9629): No known package when getting name for resource number 0xffffffff
W/ResourceType( 9629): No known package when getting name for resource number 0xffffffff
W/ResourceType( 9629): No known package when getting name for resource number 0xffffffff
W/ResourceType( 9629): No known package when getting name for resource number 0xffffffff
W/ResourceType( 9629): No known package when getting name for resource number 0xffffffff
W/ResourceType( 9629): No known package when getting name for resource number 0xffffffff
W/ResourceType( 9629): No known package when getting name for resource number 0xffffffff
W/ResourceType( 9629): No known package when getting name for resource number 0xffffffff
W/ResourceType( 9629): No known package when getting name for resource number 0xffffffff
W/ResourceType( 9629): No known package when getting name for resource number 0xffffffff
W/ResourceType( 9629): No known package when getting name for resource number 0xffffffff
W/ResourceType( 9629): No known package when getting name for resource number 0xffffffff
W/ResourceType( 9629): No known package when getting name for resource number 0xffffffff
W/ResourceType( 9629): No known package when getting name for resource number 0xffffffff
W/ResourceType( 9629): No known package when getting name for resource number 0xffffffff
W/ResourceType( 9629): No known package when getting name for resource number 0xffffffff
W/ResourceType( 9629): No known package when getting name for resource number 0xffffffff
W/ResourceType( 9629): No known package when getting name for resource number 0xffffffff
W/ResourceType( 9629): No known package when getting name for resource number 0xffffffff
W/ResourceType( 9629): No known package when getting name for resource number 0xffffffff
W/ResourceType( 9629): No known package when getting name for resource number 0xffffffff
W/ResourceType( 9629): No known package when getting name for resource number 0xffffffff
W/ResourceType( 9629): No known package when getting name for resource number 0xffffffff
W/ResourceType( 9629): No known package when getting name for resource number 0xffffffff
W/ResourceType( 9629): No known package when getting name for resource number 0xffffffff
W/ResourceType( 9629): No known package when getting name for resource number 0xffffffff
W/ResourceType( 9629): No known package when getting name for resource number 0xffffffff
W/ResourceType( 9629): No known package when getting name for resource number 0xffffffff
W/ResourceType( 9629): No known package when getting name for resource number 0xffffffff
W/ResourceType( 9629): No known package when getting name for resource number 0xffffffff
W/ResourceType( 9629): No known package when getting name for resource number 0xffffffff
W/ResourceType( 9629): No known package when getting name for resource number 0xffffffff
W/ResourceType( 9629): No known package when getting name for resource number 0xffffffff
W/ResourceType( 9629): No known package when getting name for resource number 0xffffffff
W/ResourceType( 9629): No known package when getting name for resource number 0xffffffff
W/ResourceType( 9629): No known package when getting name for resource number 0xffffffff
W/ResourceType( 9629): No known package when getting name for resource number 0xffffffff
W/ResourceType( 9629): No known package when getting name for resource number 0xffffffff
W/ResourceType( 9629): No known package when getting name for resource number 0xffffffff
W/ResourceType( 9629): No known package when getting name for resource number 0xffffffff
W/ResourceType( 9629): No known package when getting name for resource number 0xffffffff
W/ResourceType( 9629): No known package when getting name for resource number 0xffffffff
W/ResourceType( 9629): No known package when getting name for resource number 0xffffffff
W/ResourceType( 9629): No known package when getting name for resource number 0xffffffff
W/ResourceType( 9629): No known package when getting name for resource number 0xffffffff
W/ResourceType( 9629): No known package when getting name for resource number 0xffffffff
W/ResourceType( 9629): No known package when getting name for resource number 0xffffffff
W/ResourceType( 9629): No known package when getting name for resource number 0xffffffff
W/ResourceType( 9629): No known package when getting name for resource number 0xffffffff
W/ResourceType( 9629): No known package when getting name for resource number 0xffffffff
W/ResourceType( 9629): No known package when getting name for resource number 0xffffffff
W/ResourceType( 9629): No known package when getting name for resource number 0xffffffff
W/ResourceType( 9629): No known package when getting name for resource number 0xffffffff
W/ResourceType( 9629): No known package when getting name for resource number 0xffffffff
W/ResourceType( 9629): No known package when getting name for resource number 0xffffffff
W/ResourceType( 9629): No known package when getting name for resource number 0xffffffff
W/ResourceType( 9629): No known package when getting name for resource number 0xffffffff
W/ResourceType( 9629): No known package when getting name for resource number 0xffffffff
W/ResourceType( 9629): No known package when getting name for resource number 0xffffffff
W/ResourceType( 9629): No known package when getting name for resource number 0xffffffff
W/ResourceType( 9629): No known package when getting name for resource number 0xffffffff
W/ResourceType( 9629): No known package when getting name for resource number 0xffffffff
W/ResourceType( 9629): No known package when getting name for resource number 0xffffffff
W/ResourceType( 9629): No known package when getting name for resource number 0xffffffff
W/ResourceType( 9629): No known package when getting name for resource number 0xffffffff
I/System.out( 9629): URI: /
I/System.out( 9629): params: {json={"command":"touch_coordinate","arguments":[683.0,1543.0]}
I/System.out( 9629): }
I/System.out( 9629): header: {content-length=57, host=devicehost47.prod, x-session-token=token-token-7d4abfaa-93e2-4743-9bdd-0a70afdfba9f, x-forwarded-for=10.222.150.12, content-type=application/json; charset=utf-8, connection=close}
I/System.out( 9629): params: {json={"command":"touch_coordinate","arguments":[683.0,1543.0]}
I/System.out( 9629): }
I/System.out( 9629): ProP json = {"command":"touch_coordinate","arguments":[683.0,1543.0]}
I/System.out( 9629): files: {}
I/System.out( 9629): command: {"command":"touch_coordinate","arguments":[683.0,1543.0]}
I/InstrumentationBackend( 9629): Got command:'Command:'Line:null,touch_coordinate', arguments:'[683.0, 1543.0]'
I/ServiceManager(  536): Waiting for service AtCmdFwd...
I/art     ( 9629): Starting a blocking GC Explicit
I/art     ( 9629): Explicit concurrent mark sweep GC freed 277974(12MB) AllocSpace objects, 19(380KB) LOS objects, 28% free, 39MB/55MB, paused 809us total 66.561ms
I/art     ( 9629): Starting a blocking GC Explicit
I/art     ( 9629): Explicit concurrent mark sweep GC freed 273(11KB) AllocSpace objects, 0(0B) LOS objects, 28% free, 39MB/55MB, paused 1.323ms total 28.350ms
I/art     ( 9629): Starting a blocking GC Explicit
I/art     ( 9629): Explicit concurrent mark sweep GC freed 10(688B) AllocSpace objects, 0(0B) LOS objects, 28% free, 39MB/55MB, paused 856us total 29.894ms
I/art     ( 9629): Starting a blocking GC Explicit
I/art     ( 9629): Explicit concurrent mark sweep GC freed 10(688B) AllocSpace objects, 0(0B) LOS objects, 28% free, 39MB/55MB, paused 818us total 28.190ms
I/art     ( 9629): Starting a blocking GC Explicit
D/audio_hw_primary(  511): out_set_parameters: enter: usecase(1: low-latency-playback) kvpairs: routing=2
D/audio_hw_primary(  511): select_devices: out_snd_device(2: speaker) in_snd_device(0: none)
D/msm8974_platform(  511): platform_send_audio_calibration: sending audio calibration for snd_device(2) acdb_id(15)
I/soundtrigger(  511): audio_extn_sound_trigger_update_device_status: device 0x2 of type 0 for Event 1
D/Mono    ( 9629): Assembly Ref addref CareerBuilder_Search.Droid[0xeb72d080] -> Xamarin.Android.Support.v7.CardView[0xeb72db00]: 2
I/calabash( 9629): execStartActivity 4
I/ActivityManager(  925): START u0 {cmp=com.careerbuilder.SugarDrone/md5a4824aa66c0dc4d104077b72c1916a44.JobDisplayPageActivity (has extras)} from uid 17911 on display 0
D/audio_hw_primary(  511): enable_snd_device: snd_device(2: speaker)
D/audio_hw_primary(  511): enable_audio_route: apply and update mixer path: low-latency-playback speaker
I/art     ( 9629): Explicit concurrent mark sweep GC freed 70(6KB) AllocSpace objects, 0(0B) LOS objects, 28% free, 39MB/55MB, paused 1.201ms total 38.539ms
I/calabash( 9629): newActivity1
I/WebViewFactory( 9629): Loading com.google.android.webview version 44.0.2403.117 (code 246011750)
I/System.out( 9629): result:{"bonusInformation":[],"message":"","success":true}
W/System  ( 9629): ClassLoader referenced unknown path: /system/app/WebViewGoogle/lib/arm
I/LibraryLoader( 9629): Time to load native libraries: 65 ms (timestamps 6362-6427)
I/LibraryLoader( 9629): Expected native library version number "",actual native library version number ""
V/WebViewChromiumFactoryProvider( 9629): Binding Chromium to main looper Looper (main, tid 1) {f707708}
I/LibraryLoader( 9629): Expected native library version number "",actual native library version number ""
I/chromium( 9629): [INFO:library_loader_hooks.cc(120)] Chromium logging enabled: level = 0, default verbosity = 0
I/BrowserStartupController( 9629): Initializing chromium process, singleProcess=true
W/art     ( 9629): Attempt to remove non-JNI local reference, dumping thread
E/SysUtils( 9629): ApplicationContext is null in ApplicationStatus
I/System.out( 9629): URI: /map
I/System.out( 9629): params: {json={"query":"* marked:'applyButton'","operation":{"method_name":"query","arguments":[]}}
I/System.out( 9629): }
W/chromium( 9629): [WARNING:resource_bundle.cc(285)] locale_file_path.empty()
E/libEGL  ( 9629): validate_display:255 error 3008 (EGL_BAD_DISPLAY)
E/libEGL  ( 9629): validate_display:255 error 3008 (EGL_BAD_DISPLAY)
W/AudioManagerAndroid( 9629): Requires BLUETOOTH permission
D/Mono    ( 9629): Unloading image System.Runtime.Extensions.dll [0xd7356e00].
D/Mono    ( 9629): Image addref System.Runtime.Extensions[0xd79ab900] -> System.Runtime.Extensions.dll[0xd9f52500]: 8
D/Mono    ( 9629): Config attempting to parse: 'System.Runtime.Extensions.dll.config'.
D/Mono    ( 9629): Config attempting to parse: '/Users/builder/data/lanes/4009/f3074d2c/source/monodroid/builds/install/mono-armv6/etc/mono/assemblies/System.Runtime.Extensions/System.Runtime.Extensions.config'.
D/Mono    ( 9629): Assembly Ref addref CareerBuilder_Search[0xeb72df20] -> System.Runtime.Extensions[0xda8cf720]: 6
I/mono-stdout( 9629): uri is: https://api.careerbuilder.com/v3/job?DID=job2&outputjson=true&ShowApplyRequirements=true&DeveloperKey=WDHR8FC6P2JZ1Y61KLM5
I/mono-stdout( 9629): making api call to: /v3/job?DID=job2&outputjson=true&ShowApplyRequirements=true&DeveloperKey=WDHR8FC6P2JZ1Y61KLM5
I/ServiceManager(  536): Waiting for service AtCmdFwd...
D/audio_hw_primary(  511): disable_audio_route: reset and update mixer path: low-latency-playback speaker
D/audio_hw_primary(  511): disable_snd_device: snd_device(2: speaker)
I/soundtrigger(  511): audio_extn_sound_trigger_update_device_status: device 0x2 of type 0 for Event 0
I/mono-stdout( 9629): uri is: https://api.careerbuilder.com/consumer/saved-jobs/?DeveloperKey=WDHR8FC6P2JZ1Y61KLM5
I/mono-stdout( 9629): making api call to: /consumer/saved-jobs/?DeveloperKey=WDHR8FC6P2JZ1Y61KLM5
I/mono-stdout( 9629): Method: GET, RequestUri: 'https://api.careerbuilder.com/consumer/saved-jobs/?DeveloperKey=WDHR8FC6P2JZ1Y61KLM5', Version: 1.1, Content: <null>, Headers:

I/mono-stdout( 9629): {

I/mono-stdout( 9629): DeveloperKey: WDHR8FC6P2JZ1Y61KLM5

I/mono-stdout( 9629): Accept: application/json

I/mono-stdout( 9629): Authorization: Bearer test

I/mono-stdout( 9629): HostSite: US

I/mono-stdout( 9629): }
I/mono-stdout( 9629): Current State = 1,2,6,7
I/mono-stdout( 9629): applied jobs = 6
I/mono-stdout( 9629): expired jobs = 7
I/mono-stdout( 9629): saved jobs = Saved,Saved,Applied,Saved
I/ActivityManager(  925): Displayed com.careerbuilder.SugarDrone/md5a4824aa66c0dc4d104077b72c1916a44.JobDisplayPageActivity: +582ms
W/ResourceType( 9629): No known package when getting name for resource number 0xffffffff
W/ResourceType( 9629): No known package when getting name for resource number 0xffffffff
W/ResourceType( 9629): No known package when getting name for resource number 0xffffffff
I/ThermalEngine(  517): ACTION: GPU - Setting GPU[0] to 450000000
I/Keyboard.Facilitator( 3370): onFinishInput()
W/ResourceType( 9629): No known package when getting name for resource number 0xffffffff
W/ResourceType( 9629): No known package when getting name for resource number 0xffffffff
W/ResourceType( 9629): No known package when getting name for resource number 0xffffffff
W/ResourceType( 9629): No known package when getting name for resource number 0xffffffff
W/ResourceType( 9629): No known package when getting name for resource number 0xffffffff
W/ResourceType( 9629): No known package when getting name for resource number 0xffffffff
W/ResourceType( 9629): No known package when getting name for resource number 0xffffffff
W/ResourceType( 9629): No known package when getting name for resource number 0xffffffff
W/ResourceType( 9629): No known package when getting name for resource number 0xffffffff
W/ResourceType( 9629): No known package when getting name for resource number 0xffffffff
W/ResourceType( 9629): No known package when getting name for resource number 0xffffffff
W/ResourceType( 9629): No known package when getting name for resource number 0xffffffff
W/ResourceType( 9629): No known package when getting name for resource number 0xffffffff
W/ResourceType( 9629): No known package when getting name for resource number 0xffffffff
W/ResourceType( 9629): No known package when getting name for resource number 0xffffffff
W/ResourceType( 9629): No known package when getting name for resource number 0xffffffff
W/ResourceType( 9629): No known package when getting name for resource number 0xffffffff
W/ResourceType( 9629): No known package when getting name for resource number 0xffffffff
W/ResourceType( 9629): No known package when getting name for resource number 0xffffffff
W/ResourceType( 9629): No known package when getting name for resource number 0xffffffff
W/ResourceType( 9629): No known package when getting name for resource number 0xffffffff
W/ResourceType( 9629): No known package when getting name for resource number 0xffffffff
W/ResourceType( 9629): No known package when getting name for resource number 0xffffffff
W/ResourceType( 9629): No known package when getting name for resource number 0xffffffff
W/ResourceType( 9629): No known package when getting name for resource number 0xffffffff
W/ResourceType( 9629): No known package when getting name for resource number 0xffffffff
W/ResourceType( 9629): No known package when getting name for resource number 0xffffffff
W/ResourceType( 9629): No known package when getting name for resource number 0xffffffff
W/ResourceType( 9629): No known package when getting name for resource number 0xffffffff
