I/AppsFlyer_( 9279): data: device=angler&firstLaunchDate=2017-03-15_0941%2B0100&installDate=2017-03-15_0940%2B0100&sdk=23&carrier=&date1=2017-03-15_0940%2B0100&af_preinstalled=false&advertiserIdEnabled=true&iaecounter=0&lang_code=en&appsflyerKey=WV****************HFK5&app_version_name=3.1.7&lang=English&timepassedsincelastlaunch=0&dkh=WVGo7sxf&android_id=be074396063ba3be&advertiserId=cc64dda2-fa65-440e-84a6-2b5165337834&deviceType=user&af_v=e478eac329becb9a9ee0df185e5095e3e92eb43c&app_version_code=30011&platformextension=android_native&network=WIFI&operator=2TELL&country=US&date2=2017-03-15_0940%2B0100&brand=google&af_timestamp=1489610494111&uid=1489610459205-5370942360966925982&isFirstCall=true&counter=2&model=Nexus+6P&product=angler
D/Mono    ( 9279): Assembly Loader probing location: '/Akavache.Deprecated.dll'.
D/Mono    ( 9279): Assembly Loader probing location: '/Users/builder/data/lanes/4009/f3074d2c/source/monodroid/builds/install/mono-armv6/lib/Akavache.Deprecated.dll'.
D/Mono    ( 9279): Assembly Loader probing location: '/Akavache.Deprecated.exe'.
D/Mono    ( 9279): Assembly Loader probing location: '/Users/builder/data/lanes/4009/f3074d2c/source/monodroid/builds/install/mono-armv6/lib/Akavache.Deprecated.exe'.
D/Mono    ( 9279): Assembly Loader probing location: '/Akavache.Mobile.dll'.
D/Mono    ( 9279): Assembly Loader probing location: '/Users/builder/data/lanes/4009/f3074d2c/source/monodroid/builds/install/mono-armv6/lib/Akavache.Mobile.dll'.
D/Mono    ( 9279): Assembly Loader probing location: '/Akavache.Mobile.exe'.
D/Mono    ( 9279): Assembly Loader probing location: '/Users/builder/data/lanes/4009/f3074d2c/source/monodroid/builds/install/mono-armv6/lib/Akavache.Mobile.exe'.
D/Mono    ( 9279): Unloading image System.Runtime.dll [0xd8557700].
D/Mono    ( 9279): Image addref System.Runtime[0xd8b57fa0] -> System.Runtime.dll[0xeb94aa00]: 12
D/Mono    ( 9279): Config attempting to parse: 'System.Runtime.dll.config'.
D/Mono    ( 9279): Config attempting to parse: '/Users/builder/data/lanes/4009/f3074d2c/source/monodroid/builds/install/mono-armv6/etc/mono/assemblies/System.Runtime/System.Runtime.config'.
D/Mono    ( 9279): Assembly Ref addref Akavache.Sqlite3[0xef529200] -> System.Runtime[0xef52a040]: 10
D/Mono    ( 9279): Assembly Ref addref Akavache.Sqlite3[0xef529200] -> Akavache[0xef5291a0]: 3
D/Mono    ( 9279): Unloading image Splat.dll [0xd8557700].
D/Mono    ( 9279): Image addref Splat[0xd8b57fa0] -> Splat.dll[0xf51f6f00]: 6
D/Mono    ( 9279): Config attempting to parse: 'Splat.dll.config'.
D/Mono    ( 9279): Config attempting to parse: '/Users/builder/data/lanes/4009/f3074d2c/source/monodroid/builds/install/mono-armv6/etc/mono/assemblies/Splat/Splat.config'.
D/Mono    ( 9279): Assembly Ref addref Akavache.Sqlite3[0xef529200] -> Splat[0xef529260]: 3
D/Mono    ( 9279): Assembly Ref addref System.Reactive.Core[0xef529c20] -> System.Resources.ResourceManager[0xdab771e0]: 3
D/Mono    ( 9279): Unloading image System.Collections.dll [0xd8557c00].
D/Mono    ( 9279): Image addref System.Collections[0xd8b57fa0] -> System.Collections.dll[0xeb94d700]: 7
D/Mono    ( 9279): Config attempting to parse: 'System.Collections.dll.config'.
D/Mono    ( 9279): Config attempting to parse: '/Users/builder/data/lanes/4009/f3074d2c/source/monodroid/builds/install/mono-armv6/etc/mono/assemblies/System.Collections/System.Collections.config'.
D/Mono    ( 9279): Assembly Ref addref System.Reactive.Core[0xef529c20] -> System.Collections[0xef52a2e0]: 5
D/Mono    ( 9279): Assembly Ref addref System.Collections[0xef52a2e0] -> System.Core[0xef52a580]: 10
D/Mono    ( 9279): Unloading image System.Threading.dll [0xd8557c00].
D/Mono    ( 9279): Image addref System.Threading[0xdab794c0] -> System.Threading.dll[0xeb94c300]: 7
D/Mono    ( 9279): Config attempting to parse: 'System.Threading.dll.config'.
D/Mono    ( 9279): Config attempting to parse: '/Users/builder/data/lanes/4009/f3074d2c/source/monodroid/builds/install/mono-armv6/etc/mono/assemblies/System.Threading/System.Threading.config'.
D/Mono    ( 9279): Assembly Ref addref System.Reactive.Core[0xef529c20] -> System.Threading[0xef52a160]: 5
D/Mono    ( 9279): Unloading image System.Reflection.dll [0xd8557c00].
D/Mono    ( 9279): Image addref System.Reflection[0xdab79760] -> System.Reflection.dll[0xeb94be00]: 6
D/Mono    ( 9279): Config attempting to parse: 'System.Reflection.dll.config'.
D/Mono    ( 9279): Config attempting to parse: '/Users/builder/data/lanes/4009/f3074d2c/source/monodroid/builds/install/mono-armv6/etc/mono/assemblies/System.Reflection/System.Reflection.config'.
D/Mono    ( 9279): Assembly Ref addref System.Reactive.Core[0xef529c20] -> System.Reflection[0xef52a100]: 4
D/Mono    ( 9279): Unloading image System.Runtime.dll [0xd8557c00].
D/Mono    ( 9279): Image addref System.Runtime[0xdab794c0] -> System.Runtime.dll[0xeb94aa00]: 13
D/Mono    ( 9279): Config attempting to parse: 'System.Runtime.dll.config'.
D/Mono    ( 9279): Config attempting to parse: '/Users/builder/data/lanes/4009/f3074d2c/source/monodroid/builds/install/mono-armv6/etc/mono/assemblies/System.Runtime/System.Runtime.config'.
D/Mono    ( 9279): Assembly Ref addref System.Reactive.PlatformServices[0xef529d40] -> System.Runtime[0xef52a040]: 11
D/Mono    ( 9279): Assembly Ref addref System.Reactive.PlatformServices[0xef529d40] -> System.Reactive.Core[0xef529c20]: 4
D/Mono    ( 9279): Assembly Ref addref System.Reactive.PlatformServices[0xef529d40] -> System.Resources.ResourceManager[0xdab771e0]: 4
D/Mono    ( 9279): Unloading image System.Reflection.dll [0xd8557c00].
D/Mono    ( 9279): Image addref System.Reflection[0xdab794c0] -> System.Reflection.dll[0xeb94be00]: 7
D/Mono    ( 9279): Config attempting to parse: 'System.Reflection.dll.config'.
D/Mono    ( 9279): Config attempting to parse: '/Users/builder/data/lanes/4009/f3074d2c/source/monodroid/builds/install/mono-armv6/etc/mono/assemblies/System.Reflection/System.Reflection.config'.
D/Mono    ( 9279): Assembly Ref addref System.Reactive.PlatformServices[0xef529d40] -> System.Reflection[0xef52a100]: 5
D/Mono    ( 9279): Assembly Ref addref System.Reactive.PlatformServices[0xef529d40] -> System.Reactive.Interfaces[0xef529c80]: 5
D/Mono    ( 9279): Unloading image System.Threading.Tasks.dll [0xd8558100].
D/Mono    ( 9279): Image addref System.Threading.Tasks[0xdab794c0] -> System.Threading.Tasks.dll[0xda170400]: 6
D/Mono    ( 9279): Config attempting to parse: 'System.Threading.Tasks.dll.config'.
D/Mono    ( 9279): Config attempting to parse: '/Users/builder/data/lanes/4009/f3074d2c/source/monodroid/builds/install/mono-armv6/etc/mono/assemblies/System.Threading.Tasks/System.Threading.Tasks.config'.
D/Mono    ( 9279): Assembly Ref addref System.Reactive.PlatformServices[0xef529d40] -> System.Threading.Tasks[0xdab793a0]: 4
D/Mono    ( 9279): Assembly Ref addref System.Reactive.PlatformServices[0xef529d40] -> System.Reactive.Linq[0xef529ce0]: 3
D/Mono    ( 9279): Unloading image System.Diagnostics.Debug.dll [0xd8558100].
D/Mono    ( 9279): Image addref System.Diagnostics.Debug[0xdab794c0] -> System.Diagnostics.Debug.dll[0xeb94c800]: 6
D/Mono    ( 9279): Config attempting to parse: 'System.Diagnostics.Debug.dll.config'.
D/Mono    ( 9279): Config attempting to parse: '/Users/builder/data/lanes/4009/f3074d2c/source/monodroid/builds/install/mono-armv6/etc/mono/assemblies/System.Diagnostics.Debug/System.Diagnostics.Debug.config'.
D/Mono    ( 9279): Assembly Ref addref System.Reactive.PlatformServices[0xef529d40] -> System.Diagnostics.Debug[0xef52a1c0]: 4
D/Mono    ( 9279): Assembly Ref addref System.Reactive.Linq[0xef529ce0] -> System.Reactive.Core[0xef529c20]: 5
D/Mono    ( 9279): Assembly Ref addref Akavache[0xef5291a0] -> System.Core[0xef52a580]: 11
D/Mono    ( 9279): Assembly Ref addref System.Reactive.Linq[0xef529ce0] -> System.Resources.ResourceManager[0xdab771e0]: 5
D/Mono    ( 9279): [0xda3f0930] hill climbing, change max number of threads 8
D/Mono    ( 9279): Assembly Ref addref CareerBuilder_Search[0xef529f20] -> System.Reactive.Linq[0xef529ce0]: 4
D/Mono    ( 9279): Assembly Ref addref CareerBuilder_Search[0xef529f20] -> Akavache[0xef5291a0]: 4
D/Mono    ( 9279): Assembly Ref addref Akavache.Sqlite3[0xef529200] -> System.Reactive.Core[0xef529c20]: 6
D/Mono    ( 9279): Assembly Ref addref Akavache.Sqlite3[0xef529200] -> System.Reactive.Interfaces[0xef529c80]: 6
D/Mono    ( 9279): Assembly Ref addref Akavache.Sqlite3[0xef529200] -> System.Reactive.Linq[0xef529ce0]: 5
D/Mono    ( 9279): Unloading image System.Runtime.Extensions.dll [0xd8558b00].
D/Mono    ( 9279): Image addref System.Runtime.Extensions[0xdab794c0] -> System.Runtime.Extensions.dll[0xda16fa00]: 5
D/Mono    ( 9279): Config attempting to parse: 'System.Runtime.Extensions.dll.config'.
D/Mono    ( 9279): Config attempting to parse: '/Users/builder/data/lanes/4009/f3074d2c/source/monodroid/builds/install/mono-armv6/etc/mono/assemblies/System.Runtime.Extensions/System.Runtime.Extensions.config'.
D/Mono    ( 9279): Assembly Ref addref Akavache.Sqlite3[0xef529200] -> System.Runtime.Extensions[0xdab77720]: 3
D/Mono    ( 9279): Unloading image System.Linq.dll [0xd83f0400].
D/Mono    ( 9279): Image addref System.Linq[0xdab794c0] -> System.Linq.dll[0xdc151900]: 6
D/Mono    ( 9279): Config attempting to parse: 'System.Linq.dll.config'.
D/Mono    ( 9279): Config attempting to parse: '/Users/builder/data/lanes/4009/f3074d2c/source/monodroid/builds/install/mono-armv6/etc/mono/assemblies/System.Linq/System.Linq.config'.
D/Mono    ( 9279): Assembly Ref addref System.Reactive.Linq[0xef529ce0] -> System.Linq[0xef52a400]: 4
D/Mono    ( 9279): Assembly Ref addref System.Runtime[0xef52a040] -> System.Core[0xef52a580]: 12
D/Mono    ( 9279): Unloading image System.Threading.dll [0xd83f0400].
D/Mono    ( 9279): Image addref System.Threading[0xdab794c0] -> System.Threading.dll[0xeb94c300]: 8
D/Mono    ( 9279): Config attempting to parse: 'System.Threading.dll.config'.
D/Mono    ( 9279): Config attempting to parse: '/Users/builder/data/lanes/4009/f3074d2c/source/monodroid/builds/install/mono-armv6/etc/mono/assemblies/System.Threading/System.Threading.config'.
D/Mono    ( 9279): Assembly Ref addref System.Reactive.Linq[0xef529ce0] -> System.Threading[0xef52a160]: 6
D/Mono    ( 9279): Assembly Ref addref Akavache[0xef5291a0] -> System.Reactive.PlatformServices[0xef529d40]: 2
D/Mono    ( 9279): Unloading image System.Globalization.dll [0xd83f0400].
D/Mono    ( 9279): Image addref System.Globalization[0xd8b57fa0] -> System.Globalization.dll[0xd9fdc500]: 5
D/Mono    ( 9279): Config attempting to parse: 'System.Globalization.dll.config'.
D/Mono    ( 9279): Config attempting to parse: '/Users/builder/data/lanes/4009/f3074d2c/source/monodroid/builds/install/mono-armv6/etc/mono/assemblies/System.Globalization/System.Globalization.config'.
D/Mono    ( 9279): Assembly Ref addref System.Reactive.Linq[0xef529ce0] -> System.Globalization[0xdab77360]: 3
D/Mono    ( 9279): Unloading image System.Runtime.Extensions.dll [0xd83f0400].
D/Mono    ( 9279): Image addref System.Runtime.Extensions[0xd8b57fa0] -> System.Runtime.Extensions.dll[0xda16fa00]: 6
D/Mono    ( 9279): Config attempting to parse: 'System.Runtime.Extensions.dll.config'.
D/Mono    ( 9279): Config attempting to parse: '/Users/builder/data/lanes/4009/f3074d2c/source/monodroid/builds/install/mono-armv6/etc/mono/assemblies/System.Runtime.Extensions/System.Runtime.Extensions.config'.
D/Mono    ( 9279): Assembly Ref addref System.Reactive.Core[0xef529c20] -> System.Runtime.Extensions[0xdab77720]: 4
D/Mono    ( 9279): Assembly Ref addref System.Runtime.Extensions[0xdab77720] -> System[0xef52a220]: 9
D/Mono    ( 9279): Unloading image System.Globalization.dll [0xd83f0400].
D/Mono    ( 9279): Image addref System.Globalization[0xd8b57fa0] -> System.Globalization.dll[0xd9fdc500]: 6
D/Mono    ( 9279): Config attempting to parse: 'System.Globalization.dll.config'.
D/Mono    ( 9279): Config attempting to parse: '/Users/builder/data/lanes/4009/f3074d2c/source/monodroid/builds/install/mono-armv6/etc/mono/assemblies/System.Globalization/System.Globalization.config'.
D/Mono    ( 9279): Assembly Ref addref System.Reactive.Core[0xef529c20] -> System.Globalization[0xdab77360]: 4
I/System.out( 9279): URI: /map
I/System.out( 9279): params: {json={"query":"* id:'agreeAndContinueButton'","operation":{"method_name":"query","arguments":[]}}
I/System.out( 9279): }
D/Mono    ( 9279): Unloading image System.Threading.Tasks.dll [0xd83f0400].
D/Mono    ( 9279): Image addref System.Threading.Tasks[0xd8b57fa0] -> System.Threading.Tasks.dll[0xda170400]: 7
D/Mono    ( 9279): Config attempting to parse: 'System.Threading.Tasks.dll.config'.
D/Mono    ( 9279): Config attempting to parse: '/Users/builder/data/lanes/4009/f3074d2c/source/monodroid/builds/install/mono-armv6/etc/mono/assemblies/System.Threading.Tasks/System.Threading.Tasks.config'.
D/Mono    ( 9279): Assembly Ref addref System.Reactive.Core[0xef529c20] -> System.Threading.Tasks[0xdab793a0]: 5
D/Mono    ( 9279): [0xd7c70930] worker starting
D/Mono    ( 9279): [0xd7a7f930] worker starting
D/Mono    ( 9279): Unloading image System.Collections.dll [0xd83f0400].
D/Mono    ( 9279): Image addref System.Collections[0xdab794c0] -> System.Collections.dll[0xeb94d700]: 8
D/Mono    ( 9279): Config attempting to parse: 'System.Collections.dll.config'.
D/Mono    ( 9279): Config attempting to parse: '/Users/builder/data/lanes/4009/f3074d2c/source/monodroid/builds/install/mono-armv6/etc/mono/assemblies/System.Collections/System.Collections.config'.
D/Mono    ( 9279): Assembly Ref addref Akavache.Sqlite3[0xef529200] -> System.Collections[0xef52a2e0]: 6
D/Mono    ( 9279): Unloading image SQLitePCL.raw.dll [0xd83f0400].
D/Mono    ( 9279): Image addref SQLitePCL.raw[0xdab794c0] -> SQLitePCL.raw.dll[0xea6cc600]: 5
D/Mono    ( 9279): Config attempting to parse: 'SQLitePCL.raw.dll.config'.
D/Mono    ( 9279): Config attempting to parse: '/Users/builder/data/lanes/4009/f3074d2c/source/monodroid/builds/install/mono-armv6/etc/mono/assemblies/SQLitePCL.raw/SQLitePCL.raw.config'.
D/Mono    ( 9279): Assembly Ref addref Akavache.Sqlite3[0xef529200] -> SQLitePCL.raw[0xef529ec0]: 2
D/Mono    ( 9279): Assembly Ref addref SQLitePCL.raw[0xef529ec0] -> mscorlib[0xef529020]: 42
D/Mono    ( 9279): Assembly Ref addref Splat[0xef529260] -> System[0xef52a220]: 10
D/Mono    ( 9279): DllImport attempting to load: '/system/lib/libsqlite.so'.
D/Mono    ( 9279): DllImport loaded library '/system/lib/libsqlite.so'.
D/Mono    ( 9279): DllImport searching in: '/system/lib/libsqlite.so' ('/system/lib/libsqlite.so').
D/Mono    ( 9279): Searching for 'sqlite3_open_v2'.
D/Mono    ( 9279): Probing 'sqlite3_open_v2'.
D/Mono    ( 9279): Found as 'sqlite3_open_v2'.
D/Mono    ( 9279): DllImport searching in: '/system/lib/libsqlite.so' ('/system/lib/libsqlite.so').
D/Mono    ( 9279): Searching for 'sqlite3_busy_timeout'.
D/Mono    ( 9279): Probing 'sqlite3_busy_timeout'.
D/Mono    ( 9279): Found as 'sqlite3_busy_timeout'.
D/Mono    ( 9279): Unloading image System.Threading.Tasks.dll [0xd83f2700].
I/art     ( 9279): Starting a blocking GC Explicit
D/Mono    ( 9279): Image addref System.Threading.Tasks[0xd7a82720] -> System.Threading.Tasks.dll[0xda170400]: 8
D/Mono    ( 9279): Config attempting to parse: 'System.Threading.Tasks.dll.config'.
D/Mono    ( 9279): Config attempting to parse: '/Users/builder/data/lanes/4009/f3074d2c/source/monodroid/builds/install/mono-armv6/etc/mono/assemblies/System.Threading.Tasks/System.Threading.Tasks.config'.
D/Mono    ( 9279): Assembly Ref addref Akavache.Sqlite3[0xef529200] -> System.Threading.Tasks[0xdab793a0]: 6
D/Mono    ( 9279): Unloading image System.Linq.dll [0xd83f2700].
D/Mono    ( 9279): Image addref System.Linq[0xd7a82720] -> System.Linq.dll[0xdc151900]: 7
D/Mono    ( 9279): Config attempting to parse: 'System.Linq.dll.config'.
D/Mono    ( 9279): Config attempting to parse: '/Users/builder/data/lanes/4009/f3074d2c/source/monodroid/builds/install/mono-armv6/etc/mono/assemblies/System.Linq/System.Linq.config'.
D/Mono    ( 9279): Assembly Ref addref Akavache.Sqlite3[0xef529200] -> System.Linq[0xef52a400]: 5
D/Mono    ( 9279): DllImport searching in: '/system/lib/libsqlite.so' ('/system/lib/libsqlite.so').
D/Mono    ( 9279): Searching for 'sqlite3_prepare_v2'.
D/Mono    ( 9279): Probing 'sqlite3_prepare_v2'.
D/Mono    ( 9279): Found as 'sqlite3_prepare_v2'.
D/Mono    ( 9279): DllImport searching in: '/system/lib/libsqlite.so' ('/system/lib/libsqlite.so').
D/Mono    ( 9279): Searching for 'sqlite3_step'.
D/Mono    ( 9279): Probing 'sqlite3_step'.
D/Mono    ( 9279): Found as 'sqlite3_step'.
D/Mono    ( 9279): DllImport searching in: '/system/lib/libsqlite.so' ('/system/lib/libsqlite.so').
D/Mono    ( 9279): Searching for 'sqlite3_column_type'.
D/Mono    ( 9279): Probing 'sqlite3_column_type'.
D/Mono    ( 9279): Found as 'sqlite3_column_type'.
D/Mono    ( 9279): Unloading image System.Reflection.dll [0xd83f0400].
D/Mono    ( 9279): Image addref System.Reflection[0xd7a82720] -> System.Reflection.dll[0xeb94be00]: 8
D/Mono    ( 9279): Config attempting to parse: 'System.Reflection.dll.config'.
D/Mono    ( 9279): Config attempting to parse: '/Users/builder/data/lanes/4009/f3074d2c/source/monodroid/builds/install/mono-armv6/etc/mono/assemblies/System.Reflection/System.Reflection.config'.
D/Mono    ( 9279): Assembly Ref addref Akavache.Sqlite3[0xef529200] -> System.Reflection[0xef52a100]: 6
D/Mono    ( 9279): DllImport searching in: '/system/lib/libsqlite.so' ('/system/lib/libsqlite.so').
D/Mono    ( 9279): Searching for 'sqlite3_column_int'.
D/Mono    ( 9279): Probing 'sqlite3_column_int'.
D/Mono    ( 9279): Found as 'sqlite3_column_int'.
D/Mono    ( 9279): DllImport searching in: '/system/lib/libsqlite.so' ('/system/lib/libsqlite.so').
D/Mono    ( 9279): Searching for 'sqlite3_finalize'.
D/Mono    ( 9279): Probing 'sqlite3_finalize'.
D/Mono    ( 9279): Found as 'sqlite3_finalize'.
I/art     ( 9279): Explicit concurrent mark sweep GC freed 111539(5MB) AllocSpace objects, 35(840KB) LOS objects, 40% free, 21MB/36MB, paused 332us total 37.498ms
I/art     ( 9279): Starting a blocking GC Explicit
D/Mono    ( 9279): DllImport searching in: '/system/lib/libsqlite.so' ('/system/lib/libsqlite.so').
D/Mono    ( 9279): Searching for 'sqlite3_changes'.
D/Mono    ( 9279): Probing 'sqlite3_changes'.
D/Mono    ( 9279): Found as 'sqlite3_changes'.
I/art     ( 9279): Explicit concurrent mark sweep GC freed 1546(139KB) AllocSpace objects, 0(0B) LOS objects, 40% free, 21MB/35MB, paused 258us total 8.550ms
D/Mono    ( 9279): Assembly Ref addref Akavache.Sqlite3[0xef529200] -> System.Reflection.Extensions[0xef52a6a0]: 4
I/art     ( 9279): Starting a blocking GC Explicit
I/art     ( 9279): Explicit concurrent mark sweep GC freed 3(96B) AllocSpace objects, 0(0B) LOS objects, 40% free, 21MB/35MB, paused 260us total 8.268ms
I/AppsFlyer_3.01-610494111( 9279): response code: 200
I/art     ( 9279): Starting a blocking GC Explicit
I/AppsFlyer_3.01-610494041( 9279): response code: 200
I/art     ( 9279): Explicit concurrent mark sweep GC freed 170(20KB) AllocSpace objects, 1(20KB) LOS objects, 40% free, 21MB/35MB, paused 226us total 11.065ms
D/Mono    ( 9279): DllImport searching in: '/system/lib/libsqlite.so' ('/system/lib/libsqlite.so').
D/Mono    ( 9279): Searching for 'sqlite3_column_count'.
D/Mono    ( 9279): Probing 'sqlite3_column_count'.
D/Mono    ( 9279): Found as 'sqlite3_column_count'.
D/Mono    ( 9279): DllImport searching in: '/system/lib/libsqlite.so' ('/system/lib/libsqlite.so').
D/Mono    ( 9279): Searching for 'sqlite3_column_name'.
D/Mono    ( 9279): Probing 'sqlite3_column_name'.
D/Mono    ( 9279): Found as 'sqlite3_column_name'.
I/art     ( 9279): Starting a blocking GC Explicit
D/Mono    ( 9279): DllImport searching in: '/system/lib/libsqlite.so' ('/system/lib/libsqlite.so').
D/Mono    ( 9279): Searching for 'sqlite3_column_text'.
D/Mono    ( 9279): Probing 'sqlite3_column_text'.
D/Mono    ( 9279): Found as 'sqlite3_column_text'.
E/SQLiteLog( 9279): (1) no such table: SchemaInfo
D/Mono    ( 9279): DllImport searching in: '/system/lib/libsqlite.so' ('/system/lib/libsqlite.so').
D/Mono    ( 9279): Searching for 'sqlite3_errmsg'.
D/Mono    ( 9279): Probing 'sqlite3_errmsg'.
D/Mono    ( 9279): Found as 'sqlite3_errmsg'.
I/art     ( 9279): Explicit concurrent mark sweep GC freed 464(72KB) AllocSpace objects, 0(0B) LOS objects, 40% free, 21MB/35MB, paused 216us total 8.392ms
D/Mono    ( 9279): DllImport searching in: '/system/lib/libsqlite.so' ('/system/lib/libsqlite.so').
D/Mono    ( 9279): Searching for 'sqlite3_bind_int'.
D/Mono    ( 9279): Probing 'sqlite3_bind_int'.
D/Mono    ( 9279): Found as 'sqlite3_bind_int'.
D/Mono    ( 9279): DllImport searching in: '/system/lib/libsqlite.so' ('/system/lib/libsqlite.so').
D/Mono    ( 9279): Searching for 'sqlite3_reset'.
D/Mono    ( 9279): Probing 'sqlite3_reset'.
D/Mono    ( 9279): Found as 'sqlite3_reset'.
D/Mono    ( 9279): Unloading image System.Threading.dll [0xd8554500].
D/Mono    ( 9279): Image addref System.Threading[0xd7a82120] -> System.Threading.dll[0xeb94c300]: 9
D/Mono    ( 9279): Config attempting to parse: 'System.Threading.dll.config'.
D/Mono    ( 9279): Config attempting to parse: '/Users/builder/data/lanes/4009/f3074d2c/source/monodroid/builds/install/mono-armv6/etc/mono/assemblies/System.Threading/System.Threading.config'.
D/Mono    ( 9279): Assembly Ref addref Akavache.Sqlite3[0xef529200] -> System.Threading[0xef52a160]: 7
D/Mono    ( 9279): DllImport searching in: '/system/lib/libsqlite.so' ('/system/lib/libsqlite.so').
D/Mono    ( 9279): Searching for 'sqlite3_bind_text'.
D/Mono    ( 9279): Probing 'sqlite3_bind_text'.
D/Mono    ( 9279): Found as 'sqlite3_bind_text'.
D/Mono    ( 9279): Unloading image Newtonsoft.Json.dll [0xd83efa00].
D/Mono    ( 9279): Image addref Newtonsoft.Json[0xdab79880] -> Newtonsoft.Json.dll[0xea6c9900]: 5
D/Mono    ( 9279): Config attempting to parse: 'Newtonsoft.Json.dll.config'.
D/Mono    ( 9279): Config attempting to parse: '/Users/builder/data/lanes/4009/f3074d2c/source/monodroid/builds/install/mono-armv6/etc/mono/assemblies/Newtonsoft.Json/Newtonsoft.Json.config'.
D/Mono    ( 9279): Assembly Ref addref Akavache.Sqlite3[0xef529200] -> Newtonsoft.Json[0xef529b60]: 3
D/Mono    ( 9279): Image addref System.IO[0xdab79880] -> System.IO.dll[0xd83efa00]: 2
D/Mono    ( 9279): Prepared to set up assembly 'System.IO' (System.IO.dll)
D/Mono    ( 9279): Assembly System.IO[0xdab79880] added to domain RootDomain, ref_count=1
D/Mono    ( 9279): AOT module 'System.IO.dll.so' not found: dlopen failed: library "/data/app/com.careerbuilder.SugarDrone-1/lib/arm/libaot-System.IO.dll.so" not found
D/Mono    ( 9279): AOT module '/Users/builder/data/lanes/4009/f3074d2c/source/monodroid/builds/install/mono-armv6/lib/mono/aot-cache/arm/System.IO.dll.so' not found: dlopen failed: library "/data/app/com.careerbuilder.SugarDrone-1/lib/arm/libaot-System.IO.dll.so" not found
D/Mono    ( 9279): Config attempting to parse: 'System.IO.dll.config'.
D/Mono    ( 9279): Config attempting to parse: '/Users/builder/data/lanes/4009/f3074d2c/source/monodroid/builds/install/mono-armv6/etc/mono/assemblies/System.IO/System.IO.config'.
D/Mono    ( 9279): Assembly Ref addref Akavache.Sqlite3[0xef529200] -> System.IO[0xdab79880]: 2
D/Mono    ( 9279): Assembly Ref addref System.IO[0xdab79880] -> mscorlib[0xef529020]: 43
D/Mono    ( 9279): Image addref System.Runtime.Serialization.Primitives[0xdab79820] -> System.Runtime.Serialization.Primitives.dll[0xd83ef500]: 2
D/Mono    ( 9279): Prepared to set up assembly 'System.Runtime.Serialization.Primitives' (System.Runtime.Serialization.Primitives.dll)
D/Mono    ( 9279): Assembly System.Runtime.Serialization.Primitives[0xdab79820] added to domain RootDomain, ref_count=1
D/Mono    ( 9279): AOT module 'System.Runtime.Serialization.Primitives.dll.so' not found: dlopen failed: library "/data/app/com.careerbuilder.SugarDrone-1/lib/arm/libaot-System.Runtime.Serialization.Primitives.dll.so" not found
D/Mono    ( 9279): AOT module '/Users/builder/data/lanes/4009/f3074d2c/source/monodroid/builds/install/mono-armv6/lib/mono/aot-cache/arm/System.Runtime.Serialization.Primitives.dll.so' not found: dlopen failed: library "/data/app/com.careerbuilder.SugarDrone-1/lib/arm/libaot-System.Runtime.Serialization.Primitives.dll.so" not found
D/Mono    ( 9279): Config attempting to parse: 'System.Runtime.Serialization.Primitives.dll.config'.
D/Mono    ( 9279): Config attempting to parse: '/Users/builder/data/lanes/4009/f3074d2c/source/monodroid/builds/install/mono-armv6/etc/mono/assemblies/System.Runtime.Serialization.Primitives/System.Runtime.Serialization.Primitives.config'.
D/Mono    ( 9279): Assembly Ref addref Newtonsoft.Json[0xef529b60] -> System.Runtime.Serialization.Primitives[0xdab79820]: 2
D/Mono    ( 9279): Assembly Ref addref System.Runtime.Serialization.Primitives[0xdab79820] -> mscorlib[0xef529020]: 44
D/Mono    ( 9279): Unloading image System.Globalization.dll [0xd83ef000].
D/Mono    ( 9279): Image addref System.Globalization[0xdab797c0] -> System.Globalization.dll[0xd9fdc500]: 7
D/Mono    ( 9279): Config attempting to parse: 'System.Globalization.dll.config'.
D/Mono    ( 9279): Config attempting to parse: '/Users/builder/data/lanes/4009/f3074d2c/source/monodroid/builds/install/mono-armv6/etc/mono/assemblies/System.Globalization/System.Globalization.config'.
D/Mono    ( 9279): Assembly Ref addref Newtonsoft.Json[0xef529b60] -> System.Globalization[0xdab77360]: 5
D/Mono    ( 9279): Unloading image System.Collections.dll [0xd83ef000].
D/Mono    ( 9279): Image addref System.Collections[0xdab797c0] -> System.Collections.dll[0xeb94d700]: 9
D/Mono    ( 9279): Config attempting to parse: 'System.Collections.dll.config'.
D/Mono    ( 9279): Config attempting to parse: '/Users/builder/data/lanes/4009/f3074d2c/source/monodroid/builds/install/mono-armv6/etc/mono/assemblies/System.Collections/System.Collections.config'.
D/Mono    ( 9279): Assembly Ref addref Newtonsoft.Json[0xef529b60] -> System.Collections[0xef52a2e0]: 7
D/Mono    ( 9279): Unloading image System.IO.dll [0xd83ef000].
D/Mono    ( 9279): Image addref System.IO[0xdab797c0] -> System.IO.dll[0xd83efa00]: 5
D/Mono    ( 9279): Config attempting to parse: 'System.IO.dll.config'.
D/Mono    ( 9279): Config attempting to parse: '/Users/builder/data/lanes/4009/f3074d2c/source/monodroid/builds/install/mono-armv6/etc/mono/assemblies/System.IO/System.IO.config'.
D/Mono    ( 9279): Assembly Ref addref Newtonsoft.Json[0xef529b60] -> System.IO[0xdab79880]: 3
D/Mono    ( 9279): Unloading image System.Runtime.Extensions.dll [0xd83ef000].
D/Mono    ( 9279): Image addref System.Runtime.Extensions[0xdab797c0] -> System.Runtime.Extensions.dll[0xda16fa00]: 7
D/Mono    ( 9279): Config attempting to parse: 'System.Runtime.Extensions.dll.config'.
D/Mono    ( 9279): Config attempting to parse: '/Users/builder/data/lanes/4009/f3074d2c/source/monodroid/builds/install/mono-armv6/etc/mono/assemblies/System.Runtime.Extensions/System.Runtime.Extensions.config'.
D/Mono    ( 9279): Assembly Ref addref Newtonsoft.Json[0xef529b60] -> System.Runtime.Extensions[0xdab77720]: 5
D/Mono    ( 9279): Image addref System.Text.Encoding[0xdab797c0] -> System.Text.Encoding.dll[0xd83ef000]: 2
D/Mono    ( 9279): Prepared to set up assembly 'System.Text.Encoding' (System.Text.Encoding.dll)
D/Mono    ( 9279): Assembly System.Text.Encoding[0xdab797c0] added to domain RootDomain, ref_count=1
D/Mono    ( 9279): AOT module 'System.Text.Encoding.dll.so' not found: dlopen failed: library "/data/app/com.careerbuilder.SugarDrone-1/lib/arm/libaot-System.Text.Encoding.dll.so" not found
D/Mono    ( 9279): AOT module '/Users/builder/data/lanes/4009/f3074d2c/source/monodroid/builds/install/mono-armv6/lib/mono/aot-cache/arm/System.Text.Encoding.dll.so' not found: dlopen failed: library "/data/app/com.careerbuilder.SugarDrone-1/lib/arm/libaot-System.Text.Encoding.dll.so" not found
D/Mono    ( 9279): Config attempting to parse: 'System.Text.Encoding.dll.config'.
D/Mono    ( 9279): Config attempting to parse: '/Users/builder/data/lanes/4009/f3074d2c/source/monodroid/builds/install/mono-armv6/etc/mono/assemblies/System.Text.Encoding/System.Text.Encoding.config'.
D/Mono    ( 9279): Assembly Ref addref Newtonsoft.Json[0xef529b60] -> System.Text.Encoding[0xdab797c0]: 2
D/Mono    ( 9279): Assembly Ref addref System.Text.Encoding[0xdab797c0] -> mscorlib[0xef529020]: 45
D/Mono    ( 9279): Unloading image System.Linq.dll [0xd816a600].
D/Mono    ( 9279): Image addref System.Linq[0xd8b55780] -> System.Linq.dll[0xdc151900]: 8
D/Mono    ( 9279): Config attempting to parse: 'System.Linq.dll.config'.
D/Mono    ( 9279): Config attempting to parse: '/Users/builder/data/lanes/4009/f3074d2c/source/monodroid/builds/install/mono-armv6/etc/mono/assemblies/System.Linq/System.Linq.config'.
D/Mono    ( 9279): Assembly Ref addref Newtonsoft.Json[0xef529b60] -> System.Linq[0xef52a400]: 6
D/Mono    ( 9279): Unloading image System.Reflection.dll [0xd816a600].
D/Mono    ( 9279): Image addref System.Reflection[0xd7a83080] -> System.Reflection.dll[0xeb94be00]: 9
D/Mono    ( 9279): Config attempting to parse: 'System.Reflection.dll.config'.
D/Mono    ( 9279): Config attempting to parse: '/Users/builder/data/lanes/4009/f3074d2c/source/monodroid/builds/install/mono-armv6/etc/mono/assemblies/System.Reflection/System.Reflection.config'.
D/Mono    ( 9279): Assembly Ref addref Newtonsoft.Json[0xef529b60] -> System.Reflection[0xef52a100]: 7
D/Mono    ( 9279): Image addref System.Runtime.Serialization[0xd7a83080] -> System.Runtime.Serialization.dll[0xd816a600]: 2
D/Mono    ( 9279): Prepared to set up assembly 'System.Runtime.Serialization' (System.Runtime.Serialization.dll)
D/Mono    ( 9279): Assembly System.Runtime.Serialization[0xd7a83080] added to domain RootDomain, ref_count=1
D/Mono    ( 9279): AOT module 'System.Runtime.Serialization.dll.so' not found: dlopen failed: library "/data/app/com.careerbuilder.SugarDrone-1/lib/arm/libaot-System.Runtime.Serialization.dll.so" not found
D/Mono    ( 9279): AOT module '/Users/builder/data/lanes/4009/f3074d2c/source/monodroid/builds/install/mono-armv6/lib/mono/aot-cache/arm/System.Runtime.Serialization.dll.so' not found: dlopen failed: library "/data/app/com.careerbuilder.SugarDrone-1/lib/arm/libaot-System.Runtime.Serialization.dll.so" not found
D/Mono    ( 9279): Config attempting to parse: 'System.Runtime.Serialization.dll.config'.
D/Mono    ( 9279): Config attempting to parse: '/Users/builder/data/lanes/4009/f3074d2c/source/monodroid/builds/install/mono-armv6/etc/mono/assemblies/System.Runtime.Serialization/System.Runtime.Serialization.config'.
D/Mono    ( 9279): Assembly Ref addref System.Runtime.Serialization.Primitives[0xdab79820] -> System.Runtime.Serialization[0xd7a83080]: 2
D/Mono    ( 9279): Assembly Ref addref System.Runtime.Serialization[0xd7a83080] -> mscorlib[0xef529020]: 46
D/Mono    ( 9279): Image addref System.Text.Encoding.Extensions[0xd8b55780] -> System.Text.Encoding.Extensions.dll[0xd816ab00]: 2
D/Mono    ( 9279): Prepared to set up assembly 'System.Text.Encoding.Extensions' (System.Text.Encoding.Extensions.dll)
D/Mono    ( 9279): Assembly System.Text.Encoding.Extensions[0xd8b55780] added to domain RootDomain, ref_count=1
D/Mono    ( 9279): AOT module 'System.Text.Encoding.Extensions.dll.so' not found: dlopen failed: library "/data/app/com.careerbuilder.SugarDrone-1/lib/arm/libaot-System.Text.Encoding.Extensions.dll.so" not found
D/Mono    ( 9279): AOT module '/Users/builder/data/lanes/4009/f3074d2c/source/monodroid/builds/install/mono-armv6/lib/mono/aot-cache/arm/System.Text.Encoding.Extensions.dll.so' not found: dlopen failed: library "/data/app/com.careerbuilder.SugarDrone-1/lib/arm/libaot-System.Text.Encoding.Extensions.dll.so" not found
D/Mono    ( 9279): Config attempting to parse: 'System.Text.Encoding.Extensions.dll.config'.
D/Mono    ( 9279): Config attempting to parse: '/Users/builder/data/lanes/4009/f3074d2c/source/monodroid/builds/install/mono-armv6/etc/mono/assemblies/System.Text.Encoding.Extensions/System.Text.Encoding.Extensions.config'.
D/Mono    ( 9279): Assembly Ref addref Newtonsoft.Json[0xef529b60] -> System.Text.Encoding.Extensions[0xd8b55780]: 2
D/Mono    ( 9279): Assembly Ref addref System.Text.Encoding.Extensions[0xd8b55780] -> mscorlib[0xef529020]: 47
D/Mono    ( 9279): Unloading image System.Threading.dll [0xd83eff00].
D/Mono    ( 9279): Image addref System.Threading[0xd7a831a0] -> System.Threading.dll[0xeb94c300]: 10
D/Mono    ( 9279): Config attempting to parse: 'System.Threading.dll.config'.
D/Mono    ( 9279): Config attempting to parse: '/Users/builder/data/lanes/4009/f3074d2c/source/monodroid/builds/install/mono-armv6/etc/mono/assemblies/System.Threading/System.Threading.config'.
D/Mono    ( 9279): Assembly Ref addref Newtonsoft.Json[0xef529b60] -> System.Threading[0xef52a160]: 8
D/Mono    ( 9279): Assembly Ref addref Newtonsoft.Json[0xef529b60] -> System.Reflection.Extensions[0xef52a6a0]: 5
D/Mono    ( 9279): Assembly Ref addref System.ObjectModel[0xd8b56b00] -> mscorlib[0xef529020]: 48
D/Mono    ( 9279): Image addref System.Xml.XDocument[0xd7a833e0] -> System.Xml.XDocument.dll[0xd738a000]: 2
D/Mono    ( 9279): Prepared to set up assembly 'System.Xml.XDocument' (System.Xml.XDocument.dll)
D/Mono    ( 9279): Assembly System.Xml.XDocument[0xd7a833e0] added to domain RootDomain, ref_count=1
D/Mono    ( 9279): AOT module 'System.Xml.XDocument.dll.so' not found: dlopen failed: library "/data/app/com.careerbuilder.SugarDrone-1/lib/arm/libaot-System.Xml.XDocument.dll.so" not found
D/Mono    ( 9279): AOT module '/Users/builder/data/lanes/4009/f3074d2c/source/monodroid/builds/install/mono-armv6/lib/mono/aot-cache/arm/System.Xml.XDocument.dll.so' not found: dlopen failed: library "/data/app/com.careerbuilder.SugarDrone-1/lib/arm/libaot-System.Xml.XDocument.dll.so" not found
D/Mono    ( 9279): Config attempting to parse: 'System.Xml.XDocument.dll.config'.
D/Mono    ( 9279): Config attempting to parse: '/Users/builder/data/lanes/4009/f3074d2c/source/monodroid/builds/install/mono-armv6/etc/mono/assemblies/System.Xml.XDocument/System.Xml.XDocument.config'.
D/Mono    ( 9279): Assembly Ref addref Newtonsoft.Json[0xef529b60] -> System.Xml.XDocument[0xd7a833e0]: 2
D/Mono    ( 9279): Image addref System.Xml.Linq[0xd7a83380] -> System.Xml.Linq.dll[0xd738a500]: 2
D/Mono    ( 9279): Prepared to set up assembly 'System.Xml.Linq' (System.Xml.Linq.dll)
D/Mono    ( 9279): Assembly System.Xml.Linq[0xd7a83380] added to domain RootDomain, ref_count=1
D/Mono    ( 9279): AOT module 'System.Xml.Linq.dll.so' not found: dlopen failed: library "/data/app/com.careerbuilder.SugarDrone-1/lib/arm/libaot-System.Xml.Linq.dll.so" not found
D/Mono    ( 9279): AOT module '/Users/builder/data/lanes/4009/f3074d2c/source/monodroid/builds/install/mono-armv6/lib/mono/aot-cache/arm/System.Xml.Linq.dll.so' not found: dlopen failed: library "/data/app/com.careerbuilder.SugarDrone-1/lib/arm/libaot-System.Xml.Linq.dll.so" not found
D/Mono    ( 9279): Config attempting to parse: 'System.Xml.Linq.dll.config'.
D/Mono    ( 9279): Config attempting to parse: '/Users/builder/data/lanes/4009/f3074d2c/source/monodroid/builds/install/mono-armv6/etc/mono/assemblies/System.Xml.Linq/System.Xml.Linq.config'.
D/Mono    ( 9279): Assembly Ref addref System.Xml.XDocument[0xd7a833e0] -> System.Xml.Linq[0xd7a83380]: 2
D/Mono    ( 9279): Assembly Ref addref System.Xml.Linq[0xd7a83380] -> mscorlib[0xef529020]: 49
D/Mono    ( 9279): Assembly Ref addref System.Xml.Linq[0xd7a83380] -> System.Xml[0xef52a820]: 4
D/Mono    ( 9279): Image addref System.Text.RegularExpressions[0xd7a834a0] -> System.Text.RegularExpressions.dll[0xd738aa00]: 2
D/Mono    ( 9279): Prepared to set up assembly 'System.Text.RegularExpressions' (System.Text.RegularExpressions.dll)
D/Mono    ( 9279): Assembly System.Text.RegularExpressions[0xd7a834a0] added to domain RootDomain, ref_count=1
D/Mono    ( 9279): AOT module 'System.Text.RegularExpressions.dll.so' not found: dlopen failed: library "/data/app/com.careerbuilder.SugarDrone-1/lib/arm/libaot-System.Text.RegularExpressions.dll.so" not found
D/Mono    ( 9279): AOT module '/Users/builder/data/lanes/4009/f3074d2c/source/monodroid/builds/install/mono-armv6/lib/mono/aot-cache/arm/System.Text.RegularExpressions.dll.so' not found: dlopen failed: library "/data/app/com.careerbuilder.SugarDrone-1/lib/arm/libaot-System.Text.RegularExpressions.dll.so" not found
D/Mono    ( 9279): Config attempting to parse: 'System.Text.RegularExpressions.dll.config'.
D/Mono    ( 9279): Config attempting to parse: '/Users/builder/data/lanes/4009/f3074d2c/source/monodroid/builds/install/mono-armv6/etc/mono/assemblies/System.Text.RegularExpressions/System.Text.RegularExpressions.config'.
D/Mono    ( 9279): Assembly Ref addref Newtonsoft.Json[0xef529b60] -> System.Text.RegularExpressions[0xd7a834a0]: 2
D/Mono    ( 9279): Assembly Ref addref System.Text.RegularExpressions[0xd7a834a0] -> System[0xef52a220]: 11
D/Mono    ( 9279): Unloading image System.Linq.Expressions.dll [0xd738af00].
D/Mono    ( 9279): Image addref System.Linq.Expressions[0xd7a83440] -> System.Linq.Expressions.dll[0xda16f000]: 5
D/Mono    ( 9279): Config attempting to parse: 'System.Linq.Expressions.dll.config'.
D/Mono    ( 9279): Config attempting to parse: '/Users/builder/data/lanes/4009/f3074d2c/source/monodroid/builds/install/mono-armv6/etc/mono/assemblies/System.Linq.Expressions/System.Linq.Expressions.config'.
D/Mono    ( 9279): Assembly Ref addref Newtonsoft.Json[0xef529b60] -> System.Linq.Expressions[0xdab77900]: 3
I/ServiceManager(  584): Waiting for service AtCmdFwd...
D/Mono    ( 9279): DllImport searching in: '/system/lib/libsqlite.so' ('/system/lib/libsqlite.so').
D/Mono    ( 9279): Searching for 'sqlite3_bind_blob'.
D/Mono    ( 9279): Probing 'sqlite3_bind_blob'.
D/Mono    ( 9279): Found as 'sqlite3_bind_blob'.
D/Mono    ( 9279): DllImport searching in: '/system/lib/libsqlite.so' ('/system/lib/libsqlite.so').
D/Mono    ( 9279): Searching for 'sqlite3_bind_int64'.
D/Mono    ( 9279): Probing 'sqlite3_bind_int64'.
D/Mono    ( 9279): Found as 'sqlite3_bind_int64'.
D/Mono    ( 9279): DllImport searching in: '__Internal' ('(null)').
D/Mono    ( 9279): Searching for 'java_interop_jnienv_call_nonvirtual_boolean_method_a'.
D/Mono    ( 9279): Probing 'java_interop_jnienv_call_nonvirtual_boolean_method_a'.
D/Mono    ( 9279): Found as 'java_interop_jnienv_call_nonvirtual_boolean_method_a'.
I/calabash( 9279): execStartActivity 4
I/ActivityManager(  922): START u0 {cmp=com.careerbuilder.SugarDrone/md5a4824aa66c0dc4d104077b72c1916a44.TermsAndConditionsActivity} from uid 17845 on display 0
W/ResourceType( 9279): No known package when getting name for resource number 0xffffffff
W/ResourceType( 9279): No known package when getting name for resource number 0xffffffff
W/ResourceType( 9279): No known package when getting name for resource number 0xffffffff
I/calabash( 9279): newActivity1
I/ActivityManager(  922): Displayed com.careerbuilder.SugarDrone/md5a4824aa66c0dc4d104077b72c1916a44.TermsAndConditionsActivity: +279ms
I/Keyboard.Facilitator( 3427): onFinishInput()
I/System.out( 9279): URI: /map
I/System.out( 9279): params: {json={"query":"* id:'agreeAndContinueButton'","operation":{"method_name":"query","arguments":[]}}
I/System.out( 9279): }
W/ResourceType( 9279): No known package when getting name for resource number 0xffffffff
W/ResourceType( 9279): No known package when getting name for resource number 0xffffffff
W/ResourceType( 9279): No known package when getting name for resource number 0xffffffff
W/ResourceType( 9279): No known package when getting name for resource number 0xffffffff
W/ResourceType( 9279): No known package when getting name for resource number 0xffffffff
W/ResourceType( 9279): No known package when getting name for resource number 0xffffffff
W/ResourceType( 9279): No known package when getting name for resource number 0xffffffff
W/ResourceType( 9279): No known package when getting name for resource number 0xffffffff
W/ResourceType( 9279): No known package when getting name for resource number 0xffffffff
W/ResourceType( 9279): No known package when getting name for resource number 0xffffffff
I/ServiceManager(  584): Waiting for service AtCmdFwd...
I/System.out( 9279): URI: /map
I/System.out( 9279): params: {json={"query":"* id:'agreeAndContinueButton'","operation":{"method_name":"query","arguments":[]}}
I/System.out( 9279): }
W/ResourceType( 9279): No known package when getting name for resource number 0xffffffff
W/ResourceType( 9279): No known package when getting name for resource number 0xffffffff
W/ResourceType( 9279): No known package when getting name for resource number 0xffffffff
W/ResourceType( 9279): No known package when getting name for resource number 0xffffffff
W/ResourceType( 9279): No known package when getting name for resource number 0xffffffff
W/ResourceType( 9279): No known package when getting name for resource number 0xffffffff
W/ResourceType( 9279): No known package when getting name for resource number 0xffffffff
I/System.out( 9279): URI: /map
I/System.out( 9279): params: {json={"query":"* id:'agreeAndContinueButton'","operation":{"method_name":"query","arguments":[]}}
I/System.out( 9279): }
W/ResourceType( 9279): No known package when getting name for resource number 0xffffffff
W/ResourceType( 9279): No known package when getting name for resource number 0xffffffff
W/ResourceType( 9279): No known package when getting name for resource number 0xffffffff
W/ResourceType( 9279): No known package when getting name for resource number 0xffffffff
W/ResourceType( 9279): No known package when getting name for resource number 0xffffffff
W/ResourceType( 9279): No known package when getting name for resource number 0xffffffff
W/ResourceType( 9279): No known package when getting name for resource number 0xffffffff
I/System.out( 9279): URI: /map
I/System.out( 9279): params: {json={"query":"* id:'agreeAndContinueButton'","operation":{"method_name":"query","arguments":[]}}
I/System.out( 9279): }
W/ResourceType( 9279): No known package when getting name for resource number 0xffffffff
W/ResourceType( 9279): No known package when getting name for resource number 0xffffffff
W/ResourceType( 9279): No known package when getting name for resource number 0xffffffff
W/ResourceType( 9279): No known package when getting name for resource number 0xffffffff
W/ResourceType( 9279): No known package when getting name for resource number 0xffffffff
W/ResourceType( 9279): No known package when getting name for resource number 0xffffffff
W/ResourceType( 9279): No known package when getting name for resource number 0xffffffff
I/ServiceManager(  584): Waiting for service AtCmdFwd...
I/System.out( 9279): URI: /map
I/System.out( 9279): params: {json={"query":"* id:'agreeAndContinueButton'","operation":{"method_name":"query","arguments":[]}}
I/System.out( 9279): }
W/ResourceType( 9279): No known package when getting name for resource number 0xffffffff
W/ResourceType( 9279): No known package when getting name for resource number 0xffffffff
W/ResourceType( 9279): No known package when getting name for resource number 0xffffffff
W/ResourceType( 9279): No known package when getting name for resource number 0xffffffff
W/ResourceType( 9279): No known package when getting name for resource number 0xffffffff
W/ResourceType( 9279): No known package when getting name for resource number 0xffffffff
W/ResourceType( 9279): No known package when getting name for resource number 0xffffffff
I/System.out( 9279): URI: /map
I/System.out( 9279): params: {json={"query":"* id:'agreeAndContinueButton'","operation":{"method_name":"query","arguments":[]}}
I/System.out( 9279): }
W/ResourceType( 9279): No known package when getting name for resource number 0xffffffff
W/ResourceType( 9279): No known package when getting name for resource number 0xffffffff
W/ResourceType( 9279): No known package when getting name for resource number 0xffffffff
W/ResourceType( 9279): No known package when getting name for resource number 0xffffffff
W/ResourceType( 9279): No known package when getting name for resource number 0xffffffff
W/ResourceType( 9279): No known package when getting name for resource number 0xffffffff
W/ResourceType( 9279): No known package when getting name for resource number 0xffffffff
I/System.out( 9279): URI: /map
I/System.out( 9279): params: {json={"query":"* id:'agreeAndContinueButton'","operation":{"method_name":"query","arguments":[]}}
I/System.out( 9279): }
W/ResourceType( 9279): No known package when getting name for resource number 0xffffffff
W/ResourceType( 9279): No known package when getting name for resource number 0xffffffff
W/ResourceType( 9279): No known package when getting name for resource number 0xffffffff
W/ResourceType( 9279): No known package when getting name for resource number 0xffffffff
W/ResourceType( 9279): No known package when getting name for resource number 0xffffffff
W/ResourceType( 9279): No known package when getting name for resource number 0xffffffff
W/ResourceType( 9279): No known package when getting name for resource number 0xffffffff
W/Atfwd_Sendcmd(  584): AtCmdFwd service not published, waiting... retryCnt : 3
I/System.out( 9279): URI: /
I/System.out( 9279): params: {json={"command":"touch_coordinate","arguments":[720.0,2273.0]}
I/System.out( 9279): }
I/System.out( 9279): header: {content-length=57, host=devicehost47.prod, x-session-token=token-token-141da311-8d59-4acd-9bfa-bf109396ff21, x-forwarded-for=10.222.150.15, content-type=application/json; charset=utf-8, connection=close}
I/System.out( 9279): params: {json={"command":"touch_coordinate","arguments":[720.0,2273.0]}
I/System.out( 9279): }
I/System.out( 9279): ProP json = {"command":"touch_coordinate","arguments":[720.0,2273.0]}
I/System.out( 9279): files: {}
I/System.out( 9279): command: {"command":"touch_coordinate","arguments":[720.0,2273.0]}
I/InstrumentationBackend( 9279): Got command:'Command:'Line:null,touch_coordinate', arguments:'[720.0, 2273.0]'
I/calabash( 9279): execStartActivity 4
I/ActivityManager(  922): START u0 {cmp=com.careerbuilder.SugarDrone/md537fd6201b6818e2e180d2f7606e21a83.ValuePropActivity} from uid 17845 on display 0
D/audio_hw_primary(  510): out_set_parameters: enter: usecase(1: low-latency-playback) kvpairs: routing=2
I/calabash( 9279): newActivity1
D/audio_hw_primary(  510): select_devices: out_snd_device(2: speaker) in_snd_device(0: none)
D/msm8974_platform(  510): platform_send_audio_calibration: sending audio calibration for snd_device(2) acdb_id(15)
I/soundtrigger(  510): audio_extn_sound_trigger_update_device_status: device 0x2 of type 0 for Event 1
D/audio_hw_primary(  510): enable_snd_device: snd_device(2: speaker)
D/Mono    ( 9279): Assembly Ref addref CareerBuilder_Search.Droid[0xef529080] -> System.Core[0xef52a580]: 13
D/audio_hw_primary(  510): enable_audio_route: apply and update mixer path: low-latency-playback speaker
D/Mono    ( 9279): DllImport searching in: '__Internal' ('(null)').
D/Mono    ( 9279): Searching for 'java_interop_jnienv_call_nonvirtual_object_method'.
D/Mono    ( 9279): Probing 'java_interop_jnienv_call_nonvirtual_object_method'.
D/Mono    ( 9279): Found as 'java_interop_jnienv_call_nonvirtual_object_method'.
D/Mono    ( 9279): DllImport searching in: '__Internal' ('(null)').
D/Mono    ( 9279): Searching for 'java_interop_jnienv_get_float_field'.
D/Mono    ( 9279): Probing 'java_interop_jnienv_get_float_field'.
D/Mono    ( 9279): Found as 'java_interop_jnienv_get_float_field'.
D/Mono    ( 9279): Assembly Ref addref CareerBuilder_Search.Droid[0xef529080] -> Newtonsoft.Json[0xef529b60]: 4
I/System.out( 9279): result:{"bonusInformation":[],"message":"","success":true}
I/System.out( 9279): URI: /backdoor
I/System.out( 9279): params: {json={"method_name":"APISetup","arguments":[200]}
I/System.out( 9279): }
W/FragmentManager( 9279): moveToState: Fragment state for ValuePropFragment{c1740a3 #0 id=0x7f0a0148 android:switcher:2131362120:1} not updated inline; expected state 3 found 2
D/Mono    ( 9279): Assembly Ref addref System.Net.Http[0xef52adc0] -> System.Core[0xef52a580]: 14
D/Mono    ( 9279): DllImport searching in: '__Internal' ('(null)').
D/Mono    ( 9279): Searching for 'java_interop_jnienv_call_nonvirtual_int_method_a'.
D/Mono    ( 9279): Probing 'java_interop_jnienv_call_nonvirtual_int_method_a'.
D/Mono    ( 9279): Found as 'java_interop_jnienv_call_nonvirtual_int_method_a'.
D/Mono    ( 9279): Assembly Ref addref Mono.Android[0xef529f80] -> System[0xef52a220]: 12
D/Mono    ( 9279): DllImport searching in: '__Internal' ('(null)').
D/Mono    ( 9279): Searching for 'java_interop_jnienv_new_object_array'.
D/Mono    ( 9279): Probing 'java_interop_jnienv_new_object_array'.
D/Mono    ( 9279): Found as 'java_interop_jnienv_new_object_array'.
D/Mono    ( 9279): DllImport searching in: '__Internal' ('(null)').
D/Mono    ( 9279): Searching for 'java_interop_jnienv_set_object_array_element'.
D/Mono    ( 9279): Probing 'java_interop_jnienv_set_object_array_element'.
D/Mono    ( 9279): Found as 'java_interop_jnienv_set_object_array_element'.
W/ProcessManager( 9279): waitpid on failed exec failed: No child processes
I/ActivityManager(  922): Displayed com.careerbuilder.SugarDrone/md537fd6201b6818e2e180d2f7606e21a83.ValuePropActivity: +514ms
I/Keyboard.Facilitator( 3427): onFinishInput()
D/audio_hw_primary(  510): disable_audio_route: reset and update mixer path: low-latency-playback speaker
D/audio_hw_primary(  510): disable_snd_device: snd_device(2: speaker)
I/soundtrigger(  510): audio_extn_sound_trigger_update_device_status: device 0x2 of type 0 for Event 0
D/Mono    ( 9279): [0xd777f930] worker starting
I/System.out( 9279): URI: /map
I/System.out( 9279): params: {json={"query":"* id:'skipButton'","operation":{"method_name":"query","arguments":[]}}
