W/ResourceType(10386): No known package when getting name for resource number 0xffffffff
W/ResourceType(10386): No known package when getting name for resource number 0xffffffff
D/Mono    (10386): Assembly Ref addref Mono.Android[0xeaa9ef80] -> System[0xeaa9f220]: 12
D/NetlinkSocketObserver(  925): NeighborEvent{elapsedMs=319700, 10.22.0.1, [B0FAEB975089], RTM_NEWNEIGH, NUD_REACHABLE}
D/Mono    (10386): DllImport searching in: '__Internal' ('(null)').
D/Mono    (10386): Searching for 'java_interop_jnienv_call_nonvirtual_int_method_a'.
D/Mono    (10386): Probing 'java_interop_jnienv_call_nonvirtual_int_method_a'.
D/Mono    (10386): Found as 'java_interop_jnienv_call_nonvirtual_int_method_a'.
D/Mono    (10386): DllImport searching in: '__Internal' ('(null)').
D/Mono    (10386): Searching for 'java_interop_jnienv_get_float_field'.
D/Mono    (10386): Probing 'java_interop_jnienv_get_float_field'.
D/Mono    (10386): Found as 'java_interop_jnienv_get_float_field'.
D/Mono    (10386): DllImport searching in: '__Internal' ('(null)').
D/Mono    (10386): Searching for 'java_interop_jnienv_new_object_array'.
D/Mono    (10386): Probing 'java_interop_jnienv_new_object_array'.
D/Mono    (10386): Found as 'java_interop_jnienv_new_object_array'.
D/Mono    (10386): DllImport searching in: '__Internal' ('(null)').
D/Mono    (10386): Searching for 'java_interop_jnienv_set_object_array_element'.
D/Mono    (10386): Probing 'java_interop_jnienv_set_object_array_element'.
D/Mono    (10386): Found as 'java_interop_jnienv_set_object_array_element'.
I/System.out(10386): URI: /
I/System.out(10386): params: {json={"command":"touch_coordinate","arguments":[720.0,2273.0]}
I/System.out(10386): }
I/System.out(10386): header: {content-length=57, host=devicehost5.prod, x-session-token=token-token-ffe7fc1f-0cb8-4aca-9b8f-a3a227ae35fd, x-forwarded-for=10.222.150.33, content-type=application/json; charset=utf-8, connection=close}
I/System.out(10386): params: {json={"command":"touch_coordinate","arguments":[720.0,2273.0]}
I/System.out(10386): }
I/System.out(10386): ProP json = {"command":"touch_coordinate","arguments":[720.0,2273.0]}
I/System.out(10386): files: {}
I/System.out(10386): command: {"command":"touch_coordinate","arguments":[720.0,2273.0]}
I/InstrumentationBackend(10386): Got command:'Command:'Line:null,touch_coordinate', arguments:'[720.0, 2273.0]'
D/audio_hw_primary(  513): out_set_parameters: enter: usecase(1: low-latency-playback) kvpairs: routing=2
I/calabash(10386): execStartActivity 4
I/ActivityManager(  925): START u0 {cmp=com.careerbuilder.SugarDrone/md537fd6201b6818e2e180d2f7606e21a83.ValuePropActivity} from uid 14321 on display 0
D/audio_hw_primary(  513): select_devices: out_snd_device(2: speaker) in_snd_device(0: none)
D/msm8974_platform(  513): platform_send_audio_calibration: sending audio calibration for snd_device(2) acdb_id(15)
I/soundtrigger(  513): audio_extn_sound_trigger_update_device_status: device 0x2 of type 0 for Event 1
D/audio_hw_primary(  513): enable_snd_device: snd_device(2: speaker)
D/audio_hw_primary(  513): enable_audio_route: apply and update mixer path: low-latency-playback speaker
I/calabash(10386): newActivity1
D/Mono    (10386): Assembly Ref addref CareerBuilder_Search.Droid[0xeaa9df00] -> System.Core[0xeaa9f580]: 14
D/Mono    (10386): Unloading image System.dll [0xd7712b00].
D/Mono    (10386): Image addref System[0xd79b8bc0] -> System.dll[0xea8e1c00]: 5
D/Mono    (10386): Config attempting to parse: 'System.dll.config'.
D/Mono    (10386): Config attempting to parse: '/Users/builder/data/lanes/4009/f3074d2c/source/monodroid/builds/install/mono-armv6/etc/mono/assemblies/System/System.config'.
D/Mono    (10386): Unloading image System.dll [0xd7712b00].
D/Mono    (10386): Image addref System[0xd79b8a40] -> System.dll[0xea8e1c00]: 6
D/Mono    (10386): Config attempting to parse: 'System.dll.config'.
D/Mono    (10386): Config attempting to parse: '/Users/builder/data/lanes/4009/f3074d2c/source/monodroid/builds/install/mono-armv6/etc/mono/assemblies/System/System.config'.
D/Mono    (10386): Unloading image System.dll [0xd7712b00].
D/Mono    (10386): Image addref System[0xd79b8a40] -> System.dll[0xea8e1c00]: 7
D/Mono    (10386): Config attempting to parse: 'System.dll.config'.
D/Mono    (10386): Config attempting to parse: '/Users/builder/data/lanes/4009/f3074d2c/source/monodroid/builds/install/mono-armv6/etc/mono/assemblies/System/System.config'.
D/Mono    (10386): Unloading image System.dll [0xd7712b00].
D/Mono    (10386): Image addref System[0xd79b8a40] -> System.dll[0xea8e1c00]: 8
D/Mono    (10386): Config attempting to parse: 'System.dll.config'.
D/Mono    (10386): Config attempting to parse: '/Users/builder/data/lanes/4009/f3074d2c/source/monodroid/builds/install/mono-armv6/etc/mono/assemblies/System/System.config'.
D/Mono    (10386): DllImport searching in: '__Internal' ('(null)').
D/Mono    (10386): Searching for 'java_interop_jnienv_call_nonvirtual_object_method'.
D/Mono    (10386): Probing 'java_interop_jnienv_call_nonvirtual_object_method'.
D/Mono    (10386): Found as 'java_interop_jnienv_call_nonvirtual_object_method'.
I/System.out(10386): result:{"bonusInformation":[],"message":"","success":true}
D/Mono    (10386): DllImport searching in: '__Internal' ('(null)').
D/Mono    (10386): Searching for 'java_interop_jnienv_is_assignable_from'.
D/Mono    (10386): Probing 'java_interop_jnienv_is_assignable_from'.
D/Mono    (10386): Found as 'java_interop_jnienv_is_assignable_from'.
D/Mono    (10386): DllImport searching in: '__Internal' ('(null)').
D/Mono    (10386): Searching for 'java_interop_jnienv_get_byte_array_region'.
D/Mono    (10386): Probing 'java_interop_jnienv_get_byte_array_region'.
D/Mono    (10386): Found as 'java_interop_jnienv_get_byte_array_region'.
D/Mono    (10386): DllImport searching in: '__Internal' ('(null)').
D/Mono    (10386): Searching for 'java_interop_jnienv_set_byte_array_region'.
D/Mono    (10386): Probing 'java_interop_jnienv_set_byte_array_region'.
D/Mono    (10386): Found as 'java_interop_jnienv_set_byte_array_region'.
D/Mono    (10386): Assembly Ref addref CareerBuilder_Search.Droid[0xeaa9df00] -> Newtonsoft.Json[0xeaa9eb60]: 4
I/System.out(10386): URI: /backdoor
I/System.out(10386): params: {json={"method_name":"APISetup","arguments":[200]}
I/System.out(10386): }
I/art     (10386): Background sticky concurrent mark sweep GC freed 328874(14MB) AllocSpace objects, 25(500KB) LOS objects, 38% free, 23MB/37MB, paused 5.895ms total 120.298ms
W/Mono    (10386): The request to load the assembly System.Core v4.0.0.0 was remapped to v2.0.5.0
D/Mono    (10386): Unloading image System.Core.dll [0xd7710800].
D/Mono    (10386): Image addref System.Core[0xd79b9280] -> System.Core.dll[0xea8e2b00]: 5
D/Mono    (10386): Config attempting to parse: 'System.Core.dll.config'.
D/Mono    (10386): Config attempting to parse: '/Users/builder/data/lanes/4009/f3074d2c/source/monodroid/builds/install/mono-armv6/etc/mono/assemblies/System.Core/System.Core.config'.
D/audio_hw_primary(  513): disable_audio_route: reset and update mixer path: low-latency-playback speaker
D/audio_hw_primary(  513): disable_snd_device: snd_device(2: speaker)
W/Mono    (10386): The request to load the assembly System.Core v4.0.0.0 was remapped to v2.0.5.0
D/Mono    (10386): Unloading image System.Core.dll [0xd7710800].
D/Mono    (10386): Image addref System.Core[0xd79b7720] -> System.Core.dll[0xea8e2b00]: 6
D/Mono    (10386): Config attempting to parse: 'System.Core.dll.config'.
D/Mono    (10386): Config attempting to parse: '/Users/builder/data/lanes/4009/f3074d2c/source/monodroid/builds/install/mono-armv6/etc/mono/assemblies/System.Core/System.Core.config'.
I/soundtrigger(  513): audio_extn_sound_trigger_update_device_status: device 0x2 of type 0 for Event 0
W/FragmentManager(10386): moveToState: Fragment state for ValuePropFragment{346050e #0 id=0x7f0a0148 android:switcher:2131362120:1} not updated inline; expected state 3 found 2
I/Choreographer(10386): Skipped 44 frames!  The application may be doing too much work on its main thread.
I/ActivityManager(  925): Displayed com.careerbuilder.SugarDrone/md537fd6201b6818e2e180d2f7606e21a83.ValuePropActivity: +1s50ms
I/Keyboard.Facilitator( 3496): onFinishInput()
D/WifiStateMachine(  925): starting scan for "xtc-ag"WPA_PSK with 5240,5180,5220,5200
I/System.out(10386): URI: /backdoor
I/System.out(10386): params: {json={"method_name":"MyCBBackdoor","arguments":[]}
I/System.out(10386): }
D/Mono    (10386): DllImport searching in: '__Internal' ('(null)').
D/Mono    (10386): Searching for 'java_interop_jnienv_new_byte_array'.
D/Mono    (10386): Probing 'java_interop_jnienv_new_byte_array'.
D/Mono    (10386): Found as 'java_interop_jnienv_new_byte_array'.
W/SurfaceFlinger(  382): couldn't log to binary event log: overflow.
D/Mono    (10386): Assembly Ref addref CareerBuilder_Search.Droid[0xeaa9df00] -> Xamarin.Android.Support.Design[0xeaa9eaa0]: 2
I/calabash(10386): execStartActivity 4
I/ActivityManager(  925): START u0 {cmp=com.careerbuilder.SugarDrone/md5a4824aa66c0dc4d104077b72c1916a44.MasterNavActivity} from uid 14321 on display 0
I/calabash(10386): newActivity1
D/Mono    (10386): [0xd9d52930] hill climbing, change max number of threads 9
I/System.out(10386): URI: /map
I/System.out(10386): params: {json={"query":"* marked:'Search'","operation":{"method_name":"query","arguments":[]}}
I/System.out(10386): }
D/Mono    (10386): DllImport searching in: '__Internal' ('(null)').
D/Mono    (10386): Searching for 'java_interop_jnienv_call_int_method'.
D/Mono    (10386): Probing 'java_interop_jnienv_call_int_method'.
D/Mono    (10386): Found as 'java_interop_jnienv_call_int_method'.
D/Mono    (10386): Assembly Ref addref Xamarin.Android.Support.Design[0xeaa9eaa0] -> Xamarin.Android.Support.v4[0xeaa9e8c0]: 4
D/Mono    (10386): Assembly Ref addref CareerBuilder_Search.Droid[0xeaa9df00] -> Xamarin.Android.Support.v7.RecyclerView[0xeaa9e920]: 2
D/Mono    (10386): Assembly Ref addref Xamarin.Android.Support.v7.RecyclerView[0xeaa9e920] -> Xamarin.Android.Support.v4[0xeaa9e8c0]: 5
D/Mono    (10386): Assembly Ref addref CareerBuilder_Search.Droid[0xeaa9df00] -> FloatingActionButton-Xamarin[0xeaa9e860]: 2
D/Mono    (10386): Unloading image System.IO.dll [0xd4618d00].
D/Mono    (10386): Image addref System.IO[0xd79b9520] -> System.IO.dll[0xef3dab00]: 6
D/Mono    (10386): Config attempting to parse: 'System.IO.dll.config'.
D/Mono    (10386): Config attempting to parse: '/Users/builder/data/lanes/4009/f3074d2c/source/monodroid/builds/install/mono-armv6/etc/mono/assemblies/System.IO/System.IO.config'.
D/Mono    (10386): Assembly Ref addref CareerBuilder_Search[0xeaa9ef20] -> System.IO[0xdadddd00]: 4
I/art     (10386): Waiting for a blocking GC Explicit
I/art     (10386): Background partial concurrent mark sweep GC freed 66005(3MB) AllocSpace objects, 8(160KB) LOS objects, 31% free, 34MB/50MB, paused 12.021ms total 58.703ms
I/art     (10386): WaitForGcToComplete blocked for 13.658ms for cause Explicit
I/art     (10386): Starting a blocking GC Explicit
I/art     (10386): Explicit concurrent mark sweep GC freed 1200(81KB) AllocSpace objects, 0(0B) LOS objects, 31% free, 34MB/50MB, paused 962us total 26.481ms
I/art     (10386): Starting a blocking GC Explicit
I/art     (10386): Explicit concurrent mark sweep GC freed 187(9KB) AllocSpace objects, 0(0B) LOS objects, 31% free, 34MB/50MB, paused 1.184ms total 26.719ms
I/art     (10386): Starting a blocking GC Explicit
W/FragmentManager(10386): moveToState: Fragment state for SavedJobsFragment{2631aab #0 id=0x7f0a0148 android:switcher:2131362120:1} not updated inline; expected state 3 found 2
I/art     (10386): Explicit concurrent mark sweep GC freed 83(5KB) AllocSpace objects, 0(0B) LOS objects, 31% free, 34MB/50MB, paused 1.120ms total 26.893ms
I/art     (10386): Starting a blocking GC Explicit
I/art     (10386): Explicit concurrent mark sweep GC freed 37(1808B) AllocSpace objects, 0(0B) LOS objects, 30% free, 36MB/52MB, paused 1.007ms total 24.270ms
I/art     (10386): Starting a blocking GC Explicit
D/Mono    (10386): Assembly Ref addref CareerBuilder_Search.Droid[0xeaa9df00] -> System[0xeaa9f220]: 13
I/art     (10386): Explicit concurrent mark sweep GC freed 252(26KB) AllocSpace objects, 0(0B) LOS objects, 30% free, 36MB/52MB, paused 939us total 24.392ms
W/FragmentManager(10386): moveToState: Fragment state for ResumeManagementFragment{194a508 #1 id=0x7f0a0148 android:switcher:2131362120:2} not updated inline; expected state 3 found 2
D/Mono    (10386): Unloading image System.Linq.dll [0xd461a600].
D/Mono    (10386): Image addref System.Linq[0xd8ce6c00] -> System.Linq.dll[0xef3d7900]: 9
D/Mono    (10386): Config attempting to parse: 'System.Linq.dll.config'.
D/Mono    (10386): Config attempting to parse: '/Users/builder/data/lanes/4009/f3074d2c/source/monodroid/builds/install/mono-armv6/etc/mono/assemblies/System.Linq/System.Linq.config'.
D/Mono    (10386): Assembly Ref addref CareerBuilder_Search[0xeaa9ef20] -> System.Linq[0xeaa9f400]: 7
D/Mono    (10386): DllImport attempting to load: '/system/lib/liblog.so'.
D/Mono    (10386): DllImport loaded library '/system/lib/liblog.so'.
D/Mono    (10386): DllImport searching in: '/system/lib/liblog.so' ('/system/lib/liblog.so').
D/Mono    (10386): Searching for '__android_log_print'.
D/Mono    (10386): Probing '__android_log_print'.
D/Mono    (10386): Found as '__android_log_print'.
I/mono-stdout(10386): uri is: https://api.careerbuilder.com/consumer/resumes?OAuthToken=&HostSite=US&DeveloperKey=WDHR8FC6P2JZ1Y61KLM5
D/Mono    (10386): DllImport searching in: '__Internal' ('(null)').
D/Mono    (10386): Searching for 'java_interop_jnienv_call_nonvirtual_void_method'.
D/Mono    (10386): Probing 'java_interop_jnienv_call_nonvirtual_void_method'.
D/Mono    (10386): Found as 'java_interop_jnienv_call_nonvirtual_void_method'.
I/mono-stdout(10386): uri is: https://api.careerbuilder.com/consumer/saved-jobs/?DeveloperKey=WDHR8FC6P2JZ1Y61KLM5
I/mono-stdout(10386): uri is: https://api.careerbuilder.com/consumer/jobs/search/?Keywords=&Location=&UseFacets=true&PageNumber=1&ExcludeNational=true&DeveloperKey=WDHR8FC6P2JZ1Y61KLM5
D/Mono    (10386): Unloading image System.Collections.dll [0xd77d1a00].
D/Mono    (10386): Image addref System.Collections[0xd74b6dc0] -> System.Collections.dll[0xea8e2600]: 10
D/Mono    (10386): Config attempting to parse: 'System.Collections.dll.config'.
D/Mono    (10386): Config attempting to parse: '/Users/builder/data/lanes/4009/f3074d2c/source/monodroid/builds/install/mono-armv6/etc/mono/assemblies/System.Collections/System.Collections.config'.
D/Mono    (10386): Assembly Ref addref System.Reactive.Linq[0xeaa9ece0] -> System.Collections[0xeaa9f2e0]: 8
I/mono-stdout(10386): uri is: https://api.careerbuilder.com/consumer/resumes?OAuthToken=&HostSite=US&DeveloperKey=WDHR8FC6P2JZ1Y61KLM5
D/Mono    (10386): Image addref System.Net.Primitives[0xd79b86e0] -> System.Net.Primitives.dll[0xd97c7800]: 2
D/Mono    (10386): Prepared to set up assembly 'System.Net.Primitives' (System.Net.Primitives.dll)
D/Mono    (10386): Assembly System.Net.Primitives[0xd79b86e0] added to domain RootDomain, ref_count=1
D/Mono    (10386): Unloading image System.Net.Primitives.dll [0xd75fe600].
D/Mono    (10386): Unloading image System.Net.Primitives.dll [0xd461ab00].
D/Mono    (10386): Image addref System.Net.Primitives[0xd74b50e0] -> System.Net.Primitives.dll[0xd97c7800]: 5
D/Mono    (10386): Config attempting to parse: 'System.Net.Primitives.dll.config'.
D/Mono    (10386): Config attempting to parse: '/Users/builder/data/lanes/4009/f3074d2c/source/monodroid/builds/install/mono-armv6/etc/mono/assemblies/System.Net.Primitives/System.Net.Primitives.config'.
D/Mono    (10386): Assembly Ref addref CareerBuilder_Search[0xeaa9ef20] -> System.Net.Primitives[0xd79b86e0]: 2
D/Mono    (10386): Image addref System.Net.Primitives[0xd79b8c80] -> System.Net.Primitives.dll[0xd97c7800]: 5
D/Mono    (10386): Config attempting to parse: 'System.Net.Primitives.dll.config'.
D/Mono    (10386): Assembly Ref addref System.Net.Primitives[0xd79b86e0] -> System[0xeaa9f220]: 14
D/Mono    (10386): Config attempting to parse: '/Users/builder/data/lanes/4009/f3074d2c/source/monodroid/builds/install/mono-armv6/etc/mono/assemblies/System.Net.Primitives/System.Net.Primitives.config'.
D/Mono    (10386): Unloading image System.Net.Primitives.dll [0xd77d5b00].
D/Mono    (10386): AOT module 'System.Net.Primitives.dll.so' not found: dlopen failed: library "/data/app/com.careerbuilder.SugarDrone-1/lib/arm/libaot-System.Net.Primitives.dll.so" not found
D/Mono    (10386): Image addref System.Net.Primitives[0xd9899cc0] -> System.Net.Primitives.dll[0xd97c7800]: 6
D/Mono    (10386): Config attempting to parse: 'System.Net.Primitives.dll.config'.
D/Mono    (10386): Config attempting to parse: '/Users/builder/data/lanes/4009/f3074d2c/source/monodroid/builds/install/mono-armv6/etc/mono/assemblies/System.Net.Primitives/System.Net.Primitives.config'.
D/Mono    (10386): AOT module '/Users/builder/data/lanes/4009/f3074d2c/source/monodroid/builds/install/mono-armv6/lib/mono/aot-cache/arm/System.Net.Primitives.dll.so' not found: dlopen failed: library "/data/app/com.careerbuilder.SugarDrone-1/lib/arm/libaot-System.Net.Primitives.dll.so" not found
D/Mono    (10386): Config attempting to parse: 'System.Net.Primitives.dll.config'.
D/Mono    (10386): Config attempting to parse: '/Users/builder/data/lanes/4009/f3074d2c/source/monodroid/builds/install/mono-armv6/etc/mono/assemblies/System.Net.Primitives/System.Net.Primitives.config'.
D/Mono    (10386): Unloading image System.Text.Encoding.dll [0xd461ab00].
D/Mono    (10386): Image addref System.Text.Encoding[0xd79b8c20] -> System.Text.Encoding.dll[0xdae77200]: 5
D/Mono    (10386): Config attempting to parse: 'System.Text.Encoding.dll.config'.
D/Mono    (10386): Config attempting to parse: '/Users/builder/data/lanes/4009/f3074d2c/source/monodroid/builds/install/mono-armv6/etc/mono/assemblies/System.Text.Encoding/System.Text.Encoding.config'.
D/Mono    (10386): Assembly Ref addref CareerBuilder_Search[0xeaa9ef20] -> System.Text.Encoding[0xdaddd7c0]: 3
D/Mono    (10386): Unloading image System.Text.Encoding.dll [0xd75fe600].
D/Mono    (10386): Image addref System.Text.Encoding[0xd74b4e40] -> System.Text.Encoding.dll[0xdae77200]: 6
D/Mono    (10386): Config attempting to parse: 'System.Text.Encoding.dll.config'.
D/Mono    (10386): Config attempting to parse: '/Users/builder/data/lanes/4009/f3074d2c/source/monodroid/builds/install/mono-armv6/etc/mono/assemblies/System.Text.Encoding/System.Text.Encoding.config'.
D/Mono    (10386): Unloading image System.Text.Encoding.dll [0xd77d5b00].
D/Mono    (10386): Image addref System.Text.Encoding[0xd74b6dc0] -> System.Text.Encoding.dll[0xdae77200]: 7
D/Mono    (10386): Config attempting to parse: 'System.Text.Encoding.dll.config'.
D/Mono    (10386): Config attempting to parse: '/Users/builder/data/lanes/4009/f3074d2c/source/monodroid/builds/install/mono-armv6/etc/mono/assemblies/System.Text.Encoding/System.Text.Encoding.config'.
D/Mono    (10386): Unloading image System.Text.Encoding.dll [0xd75fa500].
D/Mono    (10386): Image addref System.Text.Encoding[0xd79b7d20] -> System.Text.Encoding.dll[0xdae77200]: 8
D/Mono    (10386): Config attempting to parse: 'System.Text.Encoding.dll.config'.
D/Mono    (10386): Config attempting to parse: '/Users/builder/data/lanes/4009/f3074d2c/source/monodroid/builds/install/mono-armv6/etc/mono/assemblies/System.Text.Encoding/System.Text.Encoding.config'.
I/mono-stdout(10386): making api call to: /consumer/resumes?OAuthToken=&HostSite=US&DeveloperKey=WDHR8FC6P2JZ1Y61KLM5
I/mono-stdout(10386): making api call to: /consumer/saved-jobs/?DeveloperKey=WDHR8FC6P2JZ1Y61KLM5
I/mono-stdout(10386): making api call to: /consumer/jobs/search/?Keywords=&Location=&UseFacets=true&PageNumber=1&ExcludeNational=true&DeveloperKey=WDHR8FC6P2JZ1Y61KLM5
I/mono-stdout(10386): making api call to: /consumer/resumes?OAuthToken=&HostSite=US&DeveloperKey=WDHR8FC6P2JZ1Y61KLM5
I/mono-stdout(10386): Method: GET, RequestUri: 'https://api.careerbuilder.com/consumer/saved-jobs/?DeveloperKey=WDHR8FC6P2JZ1Y61KLM5', Version: 1.1, Content: <null>, Headers:

I/mono-stdout(10386): {

I/mono-stdout(10386): DeveloperKey: WDHR8FC6P2JZ1Y61KLM5

I/mono-stdout(10386): Accept: application/json

I/mono-stdout(10386): Authorization: Bearer test

I/mono-stdout(10386): HostSite: US

I/mono-stdout(10386): }
I/mono-stdout(10386): Current State = 1,2,6,7
I/mono-stdout(10386): applied jobs = 6
I/mono-stdout(10386): expired jobs = 7
I/mono-stdout(10386): saved jobs = Saved,Saved,Applied,Saved
I/mono-stdout(10386): done making call to: /consumer/resumes?OAuthToken=&HostSite=US&DeveloperKey=WDHR8FC6P2JZ1Y61KLM5
I/mono-stdout(10386): done making call to: /consumer/resumes?OAuthToken=&HostSite=US&DeveloperKey=WDHR8FC6P2JZ1Y61KLM5
I/mono-stdout(10386): The resume  with hash has been set as latest
I/mono-stdout(10386): The resume  with hash has been set as latest
I/art     (10386): Starting a blocking GC Explicit
I/art     (10386): Explicit concurrent mark sweep GC freed 2183(149KB) AllocSpace objects, 1(20KB) LOS objects, 29% free, 38MB/54MB, paused 899us total 23.744ms
D/Mono    (10386): GC_TAR_BRIDGE bridges 173 objects 371 opaque 122 colors 173 colors-bridged 173 colors-visible 173 xref 5 cache-hit 0 cache-semihit 0 cache-miss 0 setup 0.05ms tarjan 0.40ms scc-setup 0.10ms gather-xref 0.01ms xref-setup 0.01ms cleanup 0.07ms
D/Mono    (10386): GC_BRIDGE: Complete, was running for 27.07ms
D/Mono    (10386): GC_MINOR: (Nursery full) time 20.74ms, stw 21.48ms promoted 895K major size: 1904K in use: 1175K los size: 1024K in use: 370K
I/mono-stdout(10386): done making call to: /consumer/saved-jobs/?DeveloperKey=WDHR8FC6P2JZ1Y61KLM5
I/mono-stdout(10386): done making call to: /consumer/jobs/search/?Keywords=&Location=&UseFacets=true&PageNumber=1&ExcludeNational=true&DeveloperKey=WDHR8FC6P2JZ1Y61KLM5
E/RecyclerView(10386): No adapter attached; skipping layout
W/art     (10386): JNI RegisterNativeMethods: attempt to register 0 native methods for md539c3d548fb000cea9f34163fa7e112ea.ProgressListItemViewHolder
I/mono-stdout(10386): uri is: https://api.careerbuilder.com/consumer/saved-jobs/?DeveloperKey=WDHR8FC6P2JZ1Y61KLM5
I/mono-stdout(10386): making api call to: /consumer/saved-jobs/?DeveloperKey=WDHR8FC6P2JZ1Y61KLM5
I/mono-stdout(10386): Method: GET, RequestUri: 'https://api.careerbuilder.com/consumer/saved-jobs/?DeveloperKey=WDHR8FC6P2JZ1Y61KLM5', Version: 1.1, Content: <null>, Headers:

I/mono-stdout(10386): {

I/mono-stdout(10386): DeveloperKey: WDHR8FC6P2JZ1Y61KLM5

I/mono-stdout(10386): Accept: application/json

I/mono-stdout(10386): Authorization: Bearer test

I/mono-stdout(10386): HostSite: US

I/mono-stdout(10386): }
I/mono-stdout(10386): Current State = 1,2,6,7
I/mono-stdout(10386): applied jobs = 6
I/mono-stdout(10386): expired jobs = 7
I/mono-stdout(10386): saved jobs = Saved,Saved,Applied,Saved
W/ResourceType(10386): No known package when getting name for resource number 0xffffffff
W/ResourceType(10386): No known package when getting name for resource number 0xffffffff
W/ResourceType(10386): No known package when getting name for resource number 0xffffffff
W/ResourceType(10386): No known package when getting name for resource number 0xffffffff
W/ResourceType(10386): No known package when getting name for resource number 0xffffffff
W/ResourceType(10386): No known package when getting name for resource number 0xffffffff
W/ResourceType(10386): No known package when getting name for resource number 0xffffffff
W/ResourceType(10386): No known package when getting name for resource number 0xffffffff
W/ResourceType(10386): No known package when getting name for resource number 0xffffffff
W/ResourceType(10386): No known package when getting name for resource number 0xffffffff
W/ResourceType(10386): No known package when getting name for resource number 0xffffffff
W/ResourceType(10386): No known package when getting name for resource number 0xffffffff
W/ResourceType(10386): No known package when getting name for resource number 0xffffffff
W/ResourceType(10386): No known package when getting name for resource number 0xffffffff
W/ResourceType(10386): No known package when getting name for resource number 0xffffffff
W/ResourceType(10386): No known package when getting name for resource number 0xffffffff
W/ResourceType(10386): No known package when getting name for resource number 0xffffffff
D/Mono    (10386): Assembly Ref addref Xamarin.Android.Support.v7.AppCompat[0xeaa9ea40] -> System.Core[0xeaa9f580]: 15
I/Choreographer(10386): Skipped 116 frames!  The application may be doing too much work on its main thread.
E/RecyclerView(10386): No adapter attached; skipping layout
I/ActivityManager(  925): Displayed com.careerbuilder.SugarDrone/md5a4824aa66c0dc4d104077b72c1916a44.MasterNavActivity: +2s558ms
I/Keyboard.Facilitator( 3496): onFinishInput()
D/Mono    (10386): DllImport searching in: '__Internal' ('(null)').
D/Mono    (10386): Searching for 'java_interop_jnienv_call_void_method'.
D/Mono    (10386): Probing 'java_interop_jnienv_call_void_method'.
D/Mono    (10386): Found as 'java_interop_jnienv_call_void_method'.
E/RecyclerView(10386): No adapter attached; skipping layout
I/mono-stdout(10386): done making call to: /consumer/saved-jobs/?DeveloperKey=WDHR8FC6P2JZ1Y61KLM5
E/RecyclerView(10386): No adapter attached; skipping layout
E/RecyclerView(10386): No adapter attached; skipping layout
W/art     (10386): JNI RegisterNativeMethods: attempt to register 0 native methods for md539c3d548fb000cea9f34163fa7e112ea.JobResultViewHolder
W/art     (10386): JNI RegisterNativeMethods: attempt to register 0 native methods for md543b91ad655f5c020e54c78f692da973f.SnapshotView
D/Mono    (10386): DllImport searching in: '__Internal' ('(null)').
D/Mono    (10386): Searching for 'java_interop_jnienv_set_int_field'.
D/Mono    (10386): Probing 'java_interop_jnienv_set_int_field'.
D/Mono    (10386): Found as 'java_interop_jnienv_set_int_field'.
I/art     (10386): Starting a blocking GC Explicit
I/art     (10386): Explicit concurrent mark sweep GC freed 46164(2MB) AllocSpace objects, 2(40KB) LOS objects, 28% free, 39MB/55MB, paused 1.221ms total 34.084ms
I/art     (10386): Starting a blocking GC Explicit
I/art     (10386): Explicit concurrent mark sweep GC freed 1249(71KB) AllocSpace objects, 0(0B) LOS objects, 28% free, 39MB/55MB, paused 760us total 25.421ms
I/art     (10386): Starting a blocking GC Explicit
I/art     (10386): Explicit concurrent mark sweep GC freed 3(96B) AllocSpace objects, 0(0B) LOS objects, 28% free, 39MB/55MB, paused 768us total 24.727ms
I/art     (10386): Starting a blocking GC Explicit
I/art     (10386): Explicit concurrent mark sweep GC freed 17(1408B) AllocSpace objects, 0(0B) LOS objects, 28% free, 39MB/55MB, paused 771us total 28.783ms
I/art     (10386): Starting a blocking GC Explicit
I/art     (10386): Explicit concurrent mark sweep GC freed 17(1408B) AllocSpace objects, 0(0B) LOS objects, 28% free, 39MB/55MB, paused 749us total 25.482ms
I/System.out(10386): URI: /map
I/System.out(10386): params: {json={"query":"* marked:'toolBarTitleTop'","operation":{"method_name":"query","arguments":[]}}
I/System.out(10386): }
W/ResourceType(10386): No known package when getting name for resource number 0xffffffff
W/ResourceType(10386): No known package when getting name for resource number 0xffffffff
W/ResourceType(10386): No known package when getting name for resource number 0xffffffff
W/ResourceType(10386): No known package when getting name for resource number 0xffffffff
W/ResourceType(10386): No known package when getting name for resource number 0xffffffff
W/ResourceType(10386): No known package when getting name for resource number 0xffffffff
W/ResourceType(10386): No known package when getting name for resource number 0xffffffff
W/ResourceType(10386): No known package when getting name for resource number 0xffffffff
W/ResourceType(10386): No known package when getting name for resource number 0xffffffff
W/ResourceType(10386): No known package when getting name for resource number 0xffffffff
W/ResourceType(10386): No known package when getting name for resource number 0xffffffff
W/ResourceType(10386): No known package when getting name for resource number 0xffffffff
W/ResourceType(10386): No known package when getting name for resource number 0xffffffff
W/ResourceType(10386): No known package when getting name for resource number 0xffffffff
W/ResourceType(10386): No known package when getting name for resource number 0xffffffff
W/ResourceType(10386): No known package when getting name for resource number 0xffffffff
W/ResourceType(10386): No known package when getting name for resource number 0xffffffff
W/ResourceType(10386): No known package when getting name for resource number 0xffffffff
W/ResourceType(10386): No known package when getting name for resource number 0xffffffff
W/ResourceType(10386): No known package when getting name for resource number 0xffffffff
W/ResourceType(10386): No known package when getting name for resource number 0xffffffff
W/ResourceType(10386): No known package when getting name for resource number 0xffffffff
W/ResourceType(10386): No known package when getting name for resource number 0xffffffff
W/ResourceType(10386): No known package when getting name for resource number 0xffffffff
W/ResourceType(10386): No known package when getting name for resource number 0xffffffff
W/ResourceType(10386): No known package when getting name for resource number 0xffffffff
W/ResourceType(10386): No known package when getting name for resource number 0xffffffff
W/ResourceType(10386): No known package when getting name for resource number 0xffffffff
W/ResourceType(10386): No known package when getting name for resource number 0xffffffff
W/ResourceType(10386): No known package when getting name for resource number 0xffffffff
W/ResourceType(10386): No known package when getting name for resource number 0xffffffff
W/ResourceType(10386): No known package when getting name for resource number 0xffffffff
W/ResourceType(10386): No known package when getting name for resource number 0xffffffff
W/ResourceType(10386): No known package when getting name for resource number 0xffffffff
W/ResourceType(10386): No known package when getting name for resource number 0xffffffff
W/ResourceType(10386): No known package when getting name for resource number 0xffffffff
W/ResourceType(10386): No known package when getting name for resource number 0xffffffff
W/ResourceType(10386): No known package when getting name for resource number 0xffffffff
W/ResourceType(10386): No known package when getting name for resource number 0xffffffff
W/ResourceType(10386): No known package when getting name for resource number 0xffffffff
W/ResourceType(10386): No known package when getting name for resource number 0xffffffff
W/ResourceType(10386): No known package when getting name for resource number 0xffffffff
W/ResourceType(10386): No known package when getting name for resource number 0xffffffff
W/ResourceType(10386): No known package when getting name for resource number 0xffffffff
W/ResourceType(10386): No known package when getting name for resource number 0xffffffff
W/ResourceType(10386): No known package when getting name for resource number 0xffffffff
W/ResourceType(10386): No known package when getting name for resource number 0xffffffff
W/ResourceType(10386): No known package when getting name for resource number 0xffffffff
W/ResourceType(10386): No known package when getting name for resource number 0xffffffff
W/ResourceType(10386): No known package when getting name for resource number 0xffffffff
W/ResourceType(10386): No known package when getting name for resource number 0xffffffff
I/Atfwd_Sendcmd(  602): AtCmdFwd service not ready - Exhausted retry attempts - :6
I/Atfwd_Daemon(  602): result : -1 	 ,Init step :2 	 ,qmiErrorCode: 0
W/ResourceType(10386): No known package when getting name for resource number 0xffffffff
W/ResourceType(10386): No known package when getting name for resource number 0xffffffff
W/ResourceType(10386): No known package when getting name for resource number 0xffffffff
W/ResourceType(10386): No known package when getting name for resource number 0xffffffff
W/ResourceType(10386): No known package when getting name for resource number 0xffffffff
W/ResourceType(10386): No known package when getting name for resource number 0xffffffff
W/ResourceType(10386): No known package when getting name for resource number 0xffffffff
W/ResourceType(10386): No known package when getting name for resource number 0xffffffff
W/ResourceType(10386): No known package when getting name for resource number 0xffffffff
W/ResourceType(10386): No known package when getting name for resource number 0xffffffff
W/ResourceType(10386): No known package when getting name for resource number 0xffffffff
W/ResourceType(10386): No known package when getting name for resource number 0xffffffff
W/ResourceType(10386): No known package when getting name for resource number 0xffffffff
W/ResourceType(10386): No known package when getting name for resource number 0xffffffff
W/ResourceType(10386): No known package when getting name for resource number 0xffffffff
I/System.out(10386): URI: /map
I/System.out(10386): params: {json={"query":"* marked:'toolBarTitleBottom'","operation":{"method_name":"query","arguments":[]}}
I/System.out(10386): }
W/ResourceType(10386): No known package when getting name for resource number 0xffffffff
W/ResourceType(10386): No known package when getting name for resource number 0xffffffff
W/ResourceType(10386): No known package when getting name for resource number 0xffffffff
W/ResourceType(10386): No known package when getting name for resource number 0xffffffff
W/ResourceType(10386): No known package when getting name for resource number 0xffffffff
W/ResourceType(10386): No known package when getting name for resource number 0xffffffff
W/ResourceType(10386): No known package when getting name for resource number 0xffffffff
W/ResourceType(10386): No known package when getting name for resource number 0xffffffff
W/ResourceType(10386): No known package when getting name for resource number 0xffffffff
W/ResourceType(10386): No known package when getting name for resource number 0xffffffff
W/ResourceType(10386): No known package when getting name for resource number 0xffffffff
W/ResourceType(10386): No known package when getting name for resource number 0xffffffff
W/ResourceType(10386): No known package when getting name for resource number 0xffffffff
W/ResourceType(10386): No known package when getting name for resource number 0xffffffff
W/ResourceType(10386): No known package when getting name for resource number 0xffffffff
W/ResourceType(10386): No known package when getting name for resource number 0xffffffff
W/ResourceType(10386): No known package when getting name for resource number 0xffffffff
W/ResourceType(10386): No known package when getting name for resource number 0xffffffff
W/ResourceType(10386): No known package when getting name for resource number 0xffffffff
W/ResourceType(10386): No known package when getting name for resource number 0xffffffff
W/ResourceType(10386): No known package when getting name for resource number 0xffffffff
W/ResourceType(10386): No known package when getting name for resource number 0xffffffff
W/ResourceType(10386): No known package when getting name for resource number 0xffffffff
W/ResourceType(10386): No known package when getting name for resource number 0xffffffff
W/ResourceType(10386): No known package when getting name for resource number 0xffffffff
W/ResourceType(10386): No known package when getting name for resource number 0xffffffff
W/ResourceType(10386): No known package when getting name for resource number 0xffffffff
W/ResourceType(10386): No known package when getting name for resource number 0xffffffff
W/ResourceType(10386): No known package when getting name for resource number 0xffffffff
W/ResourceType(10386): No known package when getting name for resource number 0xffffffff
W/ResourceType(10386): No known package when getting name for resource number 0xffffffff
W/ResourceType(10386): No known package when getting name for resource number 0xffffffff
W/ResourceType(10386): No known package when getting name for resource number 0xffffffff
W/ResourceType(10386): No known package when getting name for resource number 0xffffffff
W/ResourceType(10386): No known package when getting name for resource number 0xffffffff
W/ResourceType(10386): No known package when getting name for resource number 0xffffffff
W/ResourceType(10386): No known package when getting name for resource number 0xffffffff
W/ResourceType(10386): No known package when getting name for resource number 0xffffffff
W/ResourceType(10386): No known package when getting name for resource number 0xffffffff
W/ResourceType(10386): No known package when getting name for resource number 0xffffffff
W/ResourceType(10386): No known package when getting name for resource number 0xffffffff
W/ResourceType(10386): No known package when getting name for resource number 0xffffffff
W/ResourceType(10386): No known package when getting name for resource number 0xffffffff
W/ResourceType(10386): No known package when getting name for resource number 0xffffffff
W/ResourceType(10386): No known package when getting name for resource number 0xffffffff
W/ResourceType(10386): No known package when getting name for resource number 0xffffffff
W/ResourceType(10386): No known package when getting name for resource number 0xffffffff
W/ResourceType(10386): No known package when getting name for resource number 0xffffffff
W/ResourceType(10386): No known package when getting name for resource number 0xffffffff
W/ResourceType(10386): No known package when getting name for resource number 0xffffffff
W/ResourceType(10386): No known package when getting name for resource number 0xffffffff
W/ResourceType(10386): No known package when getting name for resource number 0xffffffff
W/ResourceType(10386): No known package when getting name for resource number 0xffffffff
W/ResourceType(10386): No known package when getting name for resource number 0xffffffff
W/ResourceType(10386): No known package when getting name for resource number 0xffffffff
W/ResourceType(10386): No known package when getting name for resource number 0xffffffff
W/ResourceType(10386): No known package when getting name for resource number 0xffffffff
W/ResourceType(10386): No known package when getting name for resource number 0xffffffff
W/ResourceType(10386): No known package when getting name for resource number 0xffffffff
W/ResourceType(10386): No known package when getting name for resource number 0xffffffff
W/ResourceType(10386): No known package when getting name for resource number 0xffffffff
W/ResourceType(10386): No known package when getting name for resource number 0xffffffff
W/ResourceType(10386): No known package when getting name for resource number 0xffffffff
W/ResourceType(10386): No known package when getting name for resource number 0xffffffff
W/ResourceType(10386): No known package when getting name for resource number 0xffffffff
W/ResourceType(10386): No known package when getting name for resource number 0xffffffff
I/System.out(10386): URI: /map
I/System.out(10386): params: {json={"query":"* marked:'toolBarTitleBottom'","operation":{"method_name":"query","arguments":[]}}
I/System.out(10386): }
W/ResourceType(10386): No known package when getting name for resource number 0xffffffff
W/ResourceType(10386): No known package when getting name for resource number 0xffffffff
W/ResourceType(10386): No known package when getting name for resource number 0xffffffff
W/ResourceType(10386): No known package when getting name for resource number 0xffffffff
W/ResourceType(10386): No known package when getting name for resource number 0xffffffff
W/ResourceType(10386): No known package when getting name for resource number 0xffffffff
W/ResourceType(10386): No known package when getting name for resource number 0xffffffff
W/ResourceType(10386): No known package when getting name for resource number 0xffffffff
W/ResourceType(10386): No known package when getting name for resource number 0xffffffff
W/ResourceType(10386): No known package when getting name for resource number 0xffffffff
W/ResourceType(10386): No known package when getting name for resource number 0xffffffff
W/ResourceType(10386): No known package when getting name for resource number 0xffffffff
W/ResourceType(10386): No known package when getting name for resource number 0xffffffff
W/ResourceType(10386): No known package when getting name for resource number 0xffffffff
W/ResourceType(10386): No known package when getting name for resource number 0xffffffff
W/ResourceType(10386): No known package when getting name for resource number 0xffffffff
W/ResourceType(10386): No known package when getting name for resource number 0xffffffff
W/ResourceType(10386): No known package when getting name for resource number 0xffffffff
W/ResourceType(10386): No known package when getting name for resource number 0xffffffff
W/ResourceType(10386): No known package when getting name for resource number 0xffffffff
W/ResourceType(10386): No known package when getting name for resource number 0xffffffff
W/ResourceType(10386): No known package when getting name for resource number 0xffffffff
W/ResourceType(10386): No known package when getting name for resource number 0xffffffff
W/ResourceType(10386): No known package when getting name for resource number 0xffffffff
W/ResourceType(10386): No known package when getting name for resource number 0xffffffff
W/ResourceType(10386): No known package when getting name for resource number 0xffffffff
W/ResourceType(10386): No known package when getting name for resource number 0xffffffff
W/ResourceType(10386): No known package when getting name for resource number 0xffffffff
W/ResourceType(10386): No known package when getting name for resource number 0xffffffff
W/ResourceType(10386): No known package when getting name for resource number 0xffffffff
W/ResourceType(10386): No known package when getting name for resource number 0xffffffff
W/ResourceType(10386): No known package when getting name for resource number 0xffffffff
W/ResourceType(10386): No known package when getting name for resource number 0xffffffff
W/ResourceType(10386): No known package when getting name for resource number 0xffffffff
W/ResourceType(10386): No known package when getting name for resource number 0xffffffff
W/ResourceType(10386): No known package when getting name for resource number 0xffffffff
W/ResourceType(10386): No known package when getting name for resource number 0xffffffff
W/ResourceType(10386): No known package when getting name for resource number 0xffffffff
W/ResourceType(10386): No known package when getting name for resource number 0xffffffff
W/ResourceType(10386): No known package when getting name for resource number 0xffffffff
W/ResourceType(10386): No known package when getting name for resource number 0xffffffff
W/ResourceType(10386): No known package when getting name for resource number 0xffffffff
W/ResourceType(10386): No known package when getting name for resource number 0xffffffff
W/ResourceType(10386): No known package when getting name for resource number 0xffffffff
W/ResourceType(10386): No known package when getting name for resource number 0xffffffff
W/ResourceType(10386): No known package when getting name for resource number 0xffffffff
W/ResourceType(10386): No known package when getting name for resource number 0xffffffff
W/ResourceType(10386): No known package when getting name for resource number 0xffffffff
W/ResourceType(10386): No known package when getting name for resource number 0xffffffff
W/ResourceType(10386): No known package when getting name for resource number 0xffffffff
W/ResourceType(10386): No known package when getting name for resource number 0xffffffff
W/ResourceType(10386): No known package when getting name for resource number 0xffffffff
W/ResourceType(10386): No known package when getting name for resource number 0xffffffff
W/ResourceType(10386): No known package when getting name for resource number 0xffffffff
W/ResourceType(10386): No known package when getting name for resource number 0xffffffff
W/ResourceType(10386): No known package when getting name for resource number 0xffffffff
W/ResourceType(10386): No known package when getting name for resource number 0xffffffff
W/ResourceType(10386): No known package when getting name for resource number 0xffffffff
W/ResourceType(10386): No known package when getting name for resource number 0xffffffff
W/ResourceType(10386): No known package when getting name for resource number 0xffffffff
W/ResourceType(10386): No known package when getting name for resource number 0xffffffff
W/ResourceType(10386): No known package when getting name for resource number 0xffffffff
W/ResourceType(10386): No known package when getting name for resource number 0xffffffff
W/ResourceType(10386): No known package when getting name for resource number 0xffffffff
W/ResourceType(10386): No known package when getting name for resource number 0xffffffff
W/ResourceType(10386): No known package when getting name for resource number 0xffffffff
I/System.out(10386): URI: /map
I/System.out(10386): params: {json={"query":"* marked:'My Jobs'","operation":{"method_name":"query","arguments":[]}}
I/System.out(10386): }
W/ResourceType(10386): No known package when getting name for resource number 0xffffffff
W/ResourceType(10386): No known package when getting name for resource number 0xffffffff
W/ResourceType(10386): No known package when getting name for resource number 0xffffffff
W/ResourceType(10386): No known package when getting name for resource number 0xffffffff
W/ResourceType(10386): No known package when getting name for resource number 0xffffffff
W/ResourceType(10386): No known package when getting name for resource number 0xffffffff
W/ResourceType(10386): No known package when getting name for resource number 0xffffffff
W/ResourceType(10386): No known package when getting name for resource number 0xffffffff
W/ResourceType(10386): No known package when getting name for resource number 0xffffffff
W/ResourceType(10386): No known package when getting name for resource number 0xffffffff
W/ResourceType(10386): No known package when getting name for resource number 0xffffffff
W/ResourceType(10386): No known package when getting name for resource number 0xffffffff
W/ResourceType(10386): No known package when getting name for resource number 0xffffffff
W/ResourceType(10386): No known package when getting name for resource number 0xffffffff
W/ResourceType(10386): No known package when getting name for resource number 0xffffffff
W/ResourceType(10386): No known package when getting name for resource number 0xffffffff
W/ResourceType(10386): No known package when getting name for resource number 0xffffffff
W/ResourceType(10386): No known package when getting name for resource number 0xffffffff
W/ResourceType(10386): No known package when getting name for resource number 0xffffffff
W/ResourceType(10386): No known package when getting name for resource number 0xffffffff
W/ResourceType(10386): No known package when getting name for resource number 0xffffffff
W/ResourceType(10386): No known package when getting name for resource number 0xffffffff
W/ResourceType(10386): No known package when getting name for resource number 0xffffffff
W/ResourceType(10386): No known package when getting name for resource number 0xffffffff
W/ResourceType(10386): No known package when getting name for resource number 0xffffffff
W/ResourceType(10386): No known package when getting name for resource number 0xffffffff
W/ResourceType(10386): No known package when getting name for resource number 0xffffffff
W/ResourceType(10386): No known package when getting name for resource number 0xffffffff
W/ResourceType(10386): No known package when getting name for resource number 0xffffffff
W/ResourceType(10386): No known package when getting name for resource number 0xffffffff
W/ResourceType(10386): No known package when getting name for resource number 0xffffffff
W/ResourceType(10386): No known package when getting name for resource number 0xffffffff
W/ResourceType(10386): No known package when getting name for resource number 0xffffffff
W/ResourceType(10386): No known package when getting name for resource number 0xffffffff
W/ResourceType(10386): No known package when getting name for resource number 0xffffffff
W/ResourceType(10386): No known package when getting name for resource number 0xffffffff
W/ResourceType(10386): No known package when getting name for resource number 0xffffffff
W/ResourceType(10386): No known package when getting name for resource number 0xffffffff
W/ResourceType(10386): No known package when getting name for resource number 0xffffffff
W/ResourceType(10386): No known package when getting name for resource number 0xffffffff
W/ResourceType(10386): No known package when getting name for resource number 0xffffffff
W/ResourceType(10386): No known package when getting name for resource number 0xffffffff
W/ResourceType(10386): No known package when getting name for resource number 0xffffffff
W/ResourceType(10386): No known package when getting name for resource number 0xffffffff
W/ResourceType(10386): No known package when getting name for resource number 0xffffffff
W/ResourceType(10386): No known package when getting name for resource number 0xffffffff
W/ResourceType(10386): No known package when getting name for resource number 0xffffffff
W/ResourceType(10386): No known package when getting name for resource number 0xffffffff
W/ResourceType(10386): No known package when getting name for resource number 0xffffffff
