D/Mono    (10405): AOT module '/Users/builder/data/lanes/4009/f3074d2c/source/monodroid/builds/install/mono-armv6/lib/mono/aot-cache/arm/System.Reflection.Extensions.dll.so' not found: dlopen failed: library "/data/app/com.careerbuilder.SugarDrone-1/lib/arm/libaot-System.Reflection.Extensions.dll.so" not found
D/Mono    (10405): Config attempting to parse: 'System.Reflection.Extensions.dll.config'.
D/Mono    (10405): Config attempting to parse: '/Users/builder/data/lanes/4009/f3074d2c/source/monodroid/builds/install/mono-armv6/etc/mono/assemblies/System.Reflection.Extensions/System.Reflection.Extensions.config'.
D/Mono    (10405): Assembly Ref addref Java.Interop[0xef529fe0] -> System.Reflection.Extensions[0xef52a6a0]: 2
D/Mono    (10405): Assembly Ref addref System.Reflection.Extensions[0xef52a6a0] -> mscorlib[0xef529020]: 11
D/Mono    (10405): Assembly Ref addref Mono.Android[0xef529f80] -> System.Core[0xef52a580]: 3
D/Mono    (10405): DllImport searching in: '__Internal' ('(null)').
D/Mono    (10405): Searching for 'monodroid_typemap_managed_to_java'.
D/Mono    (10405): Probing 'monodroid_typemap_managed_to_java'.
D/Mono    (10405): Found as 'monodroid_typemap_managed_to_java'.
D/Mono    (10405): DllImport searching in: '__Internal' ('(null)').
D/Mono    (10405): Searching for 'java_interop_jnienv_alloc_object'.
D/Mono    (10405): Probing 'java_interop_jnienv_alloc_object'.
D/Mono    (10405): Found as 'java_interop_jnienv_alloc_object'.
D/Mono    (10405): DllImport searching in: '__Internal' ('(null)').
D/Mono    (10405): Searching for '_monodroid_gc_wait_for_bridge_processing'.
D/Mono    (10405): Probing '_monodroid_gc_wait_for_bridge_processing'.
D/Mono    (10405): Found as '_monodroid_gc_wait_for_bridge_processing'.
D/Mono    (10405): DllImport searching in: '__Internal' ('(null)').
D/Mono    (10405): Searching for 'java_interop_jnienv_register_natives'.
D/Mono    (10405): Probing 'java_interop_jnienv_register_natives'.
D/Mono    (10405): Found as 'java_interop_jnienv_register_natives'.
D/Mono    (10405): DllImport searching in: '__Internal' ('(null)').
D/Mono    (10405): Searching for 'java_interop_jnienv_call_nonvirtual_void_method_a'.
D/Mono    (10405): Probing 'java_interop_jnienv_call_nonvirtual_void_method_a'.
D/Mono    (10405): Found as 'java_interop_jnienv_call_nonvirtual_void_method_a'.
D/Mono    (10405): DllImport searching in: '__Internal' ('(null)').
D/Mono    (10405): Searching for 'java_interop_jnienv_is_same_object'.
D/Mono    (10405): Probing 'java_interop_jnienv_is_same_object'.
D/Mono    (10405): Found as 'java_interop_jnienv_is_same_object'.
D/Mono    (10405): DllImport searching in: '__Internal' ('(null)').
D/Mono    (10405): Searching for 'java_interop_jnienv_call_static_void_method_a'.
D/Mono    (10405): Probing 'java_interop_jnienv_call_static_void_method_a'.
D/Mono    (10405): Found as 'java_interop_jnienv_call_static_void_method_a'.
D/Mono    (10405): Assembly Ref addref AppsFlyerXamarinBindingAndroid[0xef5290e0] -> mscorlib[0xef529020]: 12
D/Mono    (10405): Assembly Ref addref AppsFlyerXamarinBindingAndroid[0xef5290e0] -> Mono.Android[0xef529f80]: 2
D/Mono    (10405): Assembly Ref addref HockeySDK[0xef529140] -> mscorlib[0xef529020]: 13
D/Mono    (10405): Assembly Ref addref HockeySDK[0xef529140] -> Mono.Android[0xef529f80]: 3
D/Mono    (10405): Assembly Ref addref Xamarin.GooglePlayServices.Analytics[0xef529620] -> mscorlib[0xef529020]: 14
D/Mono    (10405): Assembly Ref addref Xamarin.GooglePlayServices.Analytics[0xef529620] -> Mono.Android[0xef529f80]: 4
D/Mono    (10405): Assembly Ref addref Xamarin.GooglePlayServices.Base[0xef529680] -> mscorlib[0xef529020]: 15
D/Mono    (10405): Assembly Ref addref Xamarin.GooglePlayServices.Base[0xef529680] -> Mono.Android[0xef529f80]: 5
D/Mono    (10405): Assembly Ref addref Xamarin.GooglePlayServices.Basement[0xef5296e0] -> mscorlib[0xef529020]: 16
D/Mono    (10405): Assembly Ref addref Xamarin.GooglePlayServices.Basement[0xef5296e0] -> Mono.Android[0xef529f80]: 6
D/Mono    (10405): Assembly Ref addref FloatingActionButton-Xamarin[0xef529860] -> mscorlib[0xef529020]: 17
D/Mono    (10405): Assembly Ref addref FloatingActionButton-Xamarin[0xef529860] -> Mono.Android[0xef529f80]: 7
D/Mono    (10405): Assembly Ref addref Xamarin.Android.Support.v4[0xef5298c0] -> mscorlib[0xef529020]: 18
D/Mono    (10405): Assembly Ref addref Xamarin.Android.Support.v4[0xef5298c0] -> Mono.Android[0xef529f80]: 8
I/ServiceManager(  603): Waiting for service AtCmdFwd...
D/Mono    (10405): Assembly Ref addref Xamarin.Android.Support.v7.RecyclerView[0xef529920] -> mscorlib[0xef529020]: 19
D/Mono    (10405): Assembly Ref addref Xamarin.Android.Support.v7.RecyclerView[0xef529920] -> Mono.Android[0xef529f80]: 9
D/Mono    (10405): Assembly Ref addref Xamarin.Android.Support.Vector.Drawable[0xef529980] -> mscorlib[0xef529020]: 20
D/Mono    (10405): Assembly Ref addref Xamarin.Android.Support.Vector.Drawable[0xef529980] -> Mono.Android[0xef529f80]: 10
D/Mono    (10405): Assembly Ref addref Xamarin.Android.Support.Animated.Vector.Drawable[0xef5299e0] -> mscorlib[0xef529020]: 21
D/Mono    (10405): Assembly Ref addref Xamarin.Android.Support.Animated.Vector.Drawable[0xef5299e0] -> Mono.Android[0xef529f80]: 11
D/Mono    (10405): Assembly Ref addref Xamarin.Android.Support.v7.AppCompat[0xef529a40] -> mscorlib[0xef529020]: 22
D/Mono    (10405): Assembly Ref addref Xamarin.Android.Support.v7.AppCompat[0xef529a40] -> Mono.Android[0xef529f80]: 12
D/Mono    (10405): Assembly Ref addref Xamarin.Android.Support.Design[0xef529aa0] -> mscorlib[0xef529020]: 23
D/Mono    (10405): Assembly Ref addref Xamarin.Android.Support.Design[0xef529aa0] -> Mono.Android[0xef529f80]: 13
D/Mono    (10405): Assembly Ref addref Xamarin.Android.Support.v7.CardView[0xef529b00] -> mscorlib[0xef529020]: 24
D/Mono    (10405): Assembly Ref addref Xamarin.Android.Support.v7.CardView[0xef529b00] -> Mono.Android[0xef529f80]: 14
D/Mono    (10405): Assembly Ref addref FlexboxLayoutXamarinBindingAndroid[0xef529e60] -> mscorlib[0xef529020]: 25
D/Mono    (10405): Assembly Ref addref FlexboxLayoutXamarinBindingAndroid[0xef529e60] -> Mono.Android[0xef529f80]: 15
D/Mono    (10405): Assembly Ref addref CareerBuilder_Search.Droid[0xef529080] -> Mono.Android[0xef529f80]: 16
D/Mono    (10405): Assembly Ref addref CareerBuilder_Search.Droid[0xef529080] -> mscorlib[0xef529020]: 26
D/Mono    (10405): Image addref Mono.Android.Export[0xef52abe0] -> Mono.Android.Export.dll[0xdc158800]: 2
D/Mono    (10405): Prepared to set up assembly 'Mono.Android.Export' (Mono.Android.Export.dll)
D/Mono    (10405): Assembly Mono.Android.Export[0xef52abe0] added to domain RootDomain, ref_count=1
D/Mono    (10405): AOT module 'Mono.Android.Export.dll.so' not found: dlopen failed: library "/data/app/com.careerbuilder.SugarDrone-1/lib/arm/libaot-Mono.Android.Export.dll.so" not found
D/Mono    (10405): AOT module '/Users/builder/data/lanes/4009/f3074d2c/source/monodroid/builds/install/mono-armv6/lib/mono/aot-cache/arm/Mono.Android.Export.dll.so' not found: dlopen failed: library "/data/app/com.careerbuilder.SugarDrone-1/lib/arm/libaot-Mono.Android.Export.dll.so" not found
D/Mono    (10405): Config attempting to parse: 'Mono.Android.Export.dll.config'.
D/Mono    (10405): Config attempting to parse: '/Users/builder/data/lanes/4009/f3074d2c/source/monodroid/builds/install/mono-armv6/etc/mono/assemblies/Mono.Android.Export/Mono.Android.Export.config'.
D/Mono    (10405): Assembly Ref addref Mono.Android.Export[0xef52abe0] -> mscorlib[0xef529020]: 27
D/Mono    (10405): Assembly Ref addref Mono.Android.Export[0xef52abe0] -> Mono.Android[0xef529f80]: 17
D/Mono    (10405): Image addref System.Xml[0xef52a820] -> System.Xml.dll[0xdc159700]: 2
D/Mono    (10405): Prepared to set up assembly 'System.Xml' (System.Xml.dll)
D/Mono    (10405): Assembly System.Xml[0xef52a820] added to domain RootDomain, ref_count=1
D/Mono    (10405): AOT module 'System.Xml.dll.so' not found: dlopen failed: library "/data/app/com.careerbuilder.SugarDrone-1/lib/arm/libaot-System.Xml.dll.so" not found
D/Mono    (10405): AOT module '/Users/builder/data/lanes/4009/f3074d2c/source/monodroid/builds/install/mono-armv6/lib/mono/aot-cache/arm/System.Xml.dll.so' not found: dlopen failed: library "/data/app/com.careerbuilder.SugarDrone-1/lib/arm/libaot-System.Xml.dll.so" not found
D/Mono    (10405): Config attempting to parse: 'System.Xml.dll.config'.
D/Mono    (10405): Config attempting to parse: '/Users/builder/data/lanes/4009/f3074d2c/source/monodroid/builds/install/mono-armv6/etc/mono/assemblies/System.Xml/System.Xml.config'.
D/Mono    (10405): Assembly Ref addref Mono.Android.Export[0xef52abe0] -> System.Xml[0xef52a820]: 2
D/Mono    (10405): Assembly Ref addref System.Xml[0xef52a820] -> mscorlib[0xef529020]: 28
D/Mono    (10405): Assembly Ref addref Mono.Android[0xef529f80] -> System.Xml[0xef52a820]: 3
D/Mono    (10405): Assembly Ref addref Mono.Android.Export[0xef52abe0] -> System.Core[0xef52a580]: 4
D/Mono    (10405): Image addref System.Net.Http[0xef52adc0] -> System.Net.Http.dll[0xdaad1000]: 2
D/Mono    (10405): Prepared to set up assembly 'System.Net.Http' (System.Net.Http.dll)
D/Mono    (10405): Assembly System.Net.Http[0xef52adc0] added to domain RootDomain, ref_count=1
D/Mono    (10405): AOT module 'System.Net.Http.dll.so' not found: dlopen failed: library "/data/app/com.careerbuilder.SugarDrone-1/lib/arm/libaot-System.Net.Http.dll.so" not found
D/Mono    (10405): AOT module '/Users/builder/data/lanes/4009/f3074d2c/source/monodroid/builds/install/mono-armv6/lib/mono/aot-cache/arm/System.Net.Http.dll.so' not found: dlopen failed: library "/data/app/com.careerbuilder.SugarDrone-1/lib/arm/libaot-System.Net.Http.dll.so" not found
D/Mono    (10405): Config attempting to parse: 'System.Net.Http.dll.config'.
D/Mono    (10405): Config attempting to parse: '/Users/builder/data/lanes/4009/f3074d2c/source/monodroid/builds/install/mono-armv6/etc/mono/assemblies/System.Net.Http/System.Net.Http.config'.
D/Mono    (10405): Assembly Ref addref CareerBuilder_Search.Droid[0xef529080] -> System.Net.Http[0xef52adc0]: 2
D/Mono    (10405): Assembly Ref addref System.Net.Http[0xef52adc0] -> mscorlib[0xef529020]: 29
I/System.out(10405): Calabash loaded Mono
I/calabash(10405): Test server port: 7102
I/InstrumentationBackend(10405): Added:'NullAction', with key:'nullAction'
I/InstrumentationBackend(10405): Added:'GetActivityOrientation', with key:'get_activity_orientation'
I/InstrumentationBackend(10405): Added:'SetActivityOrientation', with key:'set_activity_orientation'
I/InstrumentationBackend(10405): Added:'DpToDevicePixel', with key:'dp_to_device_pixel'
I/InstrumentationBackend(10405): Added:'ClickOnScreen', with key:'click_on_screen'
I/InstrumentationBackend(10405): Added:'DoubleTapCoordinate', with key:'double_tap_coordinate'
I/InstrumentationBackend(10405): Added:'Drag', with key:'drag'
I/InstrumentationBackend(10405): Added:'DragCoordinates', with key:'drag_coordinates'
I/InstrumentationBackend(10405): Added:'LongPressCoordinate', with key:'long_press_coordinate'
I/InstrumentationBackend(10405): Added:'ResumeApplication', with key:'resume_application'
I/InstrumentationBackend(10405): Added:'Swipe', with key:'swipe'
I/InstrumentationBackend(10405): Added:'TouchCoordinates', with key:'touch_coordinate'
I/InstrumentationBackend(10405): Added:'ListActions', with key:'list_actions'
I/InstrumentationBackend(10405): Added:'SendTcp', with key:'send_tcp'
I/InstrumentationBackend(10405): Added:'PressElement', with key:'press_l10n_element'
I/InstrumentationBackend(10405): Added:'WaitForElement', with key:'wait_for_l10n_element'
I/InstrumentationBackend(10405): Added:'FakeGPSLocation', with key:'set_gps_coordinates'
I/InstrumentationBackend(10405): Added:'GetMapBounds', with key:'get_map_bounds'
I/InstrumentationBackend(10405): Added:'GetMapCenter', with key:'get_map_center'
I/InstrumentationBackend(10405): Added:'GetMapMarker', with key:'get_map_marker'
I/InstrumentationBackend(10405): Added:'GetMapMarkers', with key:'get_map_markers'
I/InstrumentationBackend(10405): Added:'GetMapZoom', with key:'get_map_zoom'
I/InstrumentationBackend(10405): Added:'PanMapTo', with key:'pan_map_to'
I/InstrumentationBackend(10405): Added:'SetMapCenter', with key:'set_map_center'
I/InstrumentationBackend(10405): Added:'SetMapZoom', with key:'set_map_zoom'
I/InstrumentationBackend(10405): Added:'TapAwayFromMarkers', with key:'tap_map_away_from_markers'
I/InstrumentationBackend(10405): Added:'TapMapMarker', with key:'tap_map_marker_by_title'
I/InstrumentationBackend(10405): Added:'ClearPreferences', with key:'clear_preferences'
I/InstrumentationBackend(10405): Added:'GetPreferences', with key:'get_preferences'
I/InstrumentationBackend(10405): Added:'SetPreferences', with key:'set_preferences'
I/InstrumentationBackend(10405): Added:'PressKey', with key:'press_key'
I/InstrumentationBackend(10405): Added:'DeleteSurroundingText', with key:'delete_surrounding_text'
I/InstrumentationBackend(10405): Added:'HideSoftKeyboard', with key:'hide_soft_keyboard'
I/InstrumentationBackend(10405): Added:'KeyboardEnterText', with key:'keyboard_enter_text'
I/InstrumentationBackend(10405): Added:'KeyboardKeyEvent', with key:'keyboard_key_event'
I/InstrumentationBackend(10405): Added:'PressUserActionButton', with key:'press_user_action_button'
I/InstrumentationBackend(10405): Added:'SetComposingRegion', with key:'set_composing_region'
I/InstrumentationBackend(10405): Added:'SetSelection', with key:'set_selection'
I/InstrumentationBackend(10405): Added:'AndroidSDKVersion', with key:'android_sdk_version'
I/InstrumentationBackend(10405): Added:'Version', with key:'version'
I/InstrumentationBackend(10405): Added:'GetActivityName', with key:'get_activity_name'
I/InstrumentationBackend(10405): Added:'IsCurrentActivityFocused', with key:'is_current_activity_focused'
I/InstrumentationBackend(10405): Added:'ScrollToView', with key:'scroll_to_view'
I/InstrumentationBackend(10405): Added:'ViewConfiguration', with key:'view_configuration'
I/InstrumentationBackend(10405): Added:'DumpBodyHtml', with key:'dump_body_html'
I/InstrumentationBackend(10405): Added:'DumpHtml', with key:'dump_html'
I/InstrumentationBackend(10405): Added:'EnterTextByCssSelector', with key:'enter_text_by_selector'
I/InstrumentationBackend(10405): Added:'GetLoadProgress', with key:'get_load_progress'
I/InstrumentationBackend(10405): Added:'GetUrl', with key:'get_url'
I/InstrumentationBackend(10405): Added:'ScrollTo', with key:'scroll_to'
I/InstrumentationBackend(10405): Added:'SetPropertyByCssSelector', with key:'set_property_by_css_selector'
I/calabash(10405): Instantiating http server at 7102
I/System.out(10405): HTTP Daemon listening on: 7102
I/System.out(10405): URI: /ready
I/System.out(10405): params: {}
I/System.out(10405): URI: /ready
I/System.out(10405): params: {}
I/ServiceManager(  603): Waiting for service AtCmdFwd...
I/System.out(10405): URI: /ping
I/System.out(10405): params: {json={"intent":null }
I/System.out(10405): }
W/Atfwd_Sendcmd(  603): AtCmdFwd service not published, waiting... retryCnt : 5
I/System.out(10405): URI: /ready
I/System.out(10405): params: {json={"intent":null }
I/System.out(10405): }
I/System.out(10405): URI: /start-application
I/System.out(10405): params: {json={"intent":null }
I/System.out(10405): }
I/ThermalEngine(  519): ACTION: GPU - Setting GPU[0] to 450000000
I/calabash(10405): execStartActivity 4
I/ActivityManager(  927): START u0 {act=android.intent.action.MAIN cat=[android.intent.category.LAUNCHER] flg=0x10200000 cmp=com.careerbuilder.SugarDrone/md537fd6201b6818e2e180d2f7606e21a83.AppMainActivity (has extras)} from uid 18924 on display 0
I/calabash(10405): newActivity1
D/Mono    (10405): Assembly Ref addref CareerBuilder_Search.Droid[0xef529080] -> Xamarin.Android.Support.v7.AppCompat[0xef529a40]: 2
D/Mono    (10405): Assembly Ref addref Xamarin.Android.Support.v7.AppCompat[0xef529a40] -> Xamarin.Android.Support.v4[0xef5298c0]: 2
D/Mono    (10405): DllImport searching in: '__Internal' ('(null)').
D/Mono    (10405): Searching for 'java_interop_jnienv_get_array_length'.
D/Mono    (10405): Probing 'java_interop_jnienv_get_array_length'.
D/Mono    (10405): Found as 'java_interop_jnienv_get_array_length'.
D/Mono    (10405): Assembly Ref addref CareerBuilder_Search.Droid[0xef529080] -> CareerBuilder_Search[0xef529f20]: 2
D/Mono    (10405): Assembly Ref addref CareerBuilder_Search.Droid[0xef529080] -> Xamarin.Android.Support.v4[0xef5298c0]: 3
D/Mono    (10405): DllImport searching in: '__Internal' ('(null)').
D/Mono    (10405): Searching for 'java_interop_jnienv_new_string'.
D/Mono    (10405): Probing 'java_interop_jnienv_new_string'.
D/Mono    (10405): Found as 'java_interop_jnienv_new_string'.
D/Mono    (10405): Assembly Ref addref CareerBuilder_Search.Droid[0xef529080] -> Plugin.CurrentActivity[0xef529380]: 2
D/Mono    (10405): Assembly Ref addref Plugin.CurrentActivity[0xef529380] -> mscorlib[0xef529020]: 30
D/Mono    (10405): Assembly Ref addref Plugin.CurrentActivity[0xef529380] -> Mono.Android[0xef529f80]: 18
D/Mono    (10405): [0xda3f0930] worker starting
D/Mono    (10405): [0xda2ef930] worker starting
D/Mono    (10405): Unloading image System.Runtime.dll [0xda9d4500].
D/Mono    (10405): Image addref System.Runtime[0xdaaa3180] -> System.Runtime.dll[0xea6dda00]: 5
D/Mono    (10405): Config attempting to parse: 'System.Runtime.dll.config'.
D/Mono    (10405): Config attempting to parse: '/Users/builder/data/lanes/4009/f3074d2c/source/monodroid/builds/install/mono-armv6/etc/mono/assemblies/System.Runtime/System.Runtime.config'.
D/Mono    (10405): Assembly Ref addref CareerBuilder_Search[0xef529f20] -> System.Runtime[0xef52a040]: 3
D/Mono    (10405): Assembly Ref addref CareerBuilder_Search[0xef529f20] -> Plugin.DeviceInfo.Abstractions[0xef5295c0]: 2
D/Mono    (10405): Unloading image System.Runtime.dll [0xda9d4a00].
D/Mono    (10405): Image addref System.Runtime[0xdaaa3180] -> System.Runtime.dll[0xea6dda00]: 6
D/Mono    (10405): Config attempting to parse: 'System.Runtime.dll.config'.
D/Mono    (10405): Config attempting to parse: '/Users/builder/data/lanes/4009/f3074d2c/source/monodroid/builds/install/mono-armv6/etc/mono/assemblies/System.Runtime/System.Runtime.config'.
D/Mono    (10405): Assembly Ref addref Plugin.DeviceInfo.Abstractions[0xef5295c0] -> System.Runtime[0xef52a040]: 4
D/Mono    (10405): Assembly Ref addref CareerBuilder_Search.Droid[0xef529080] -> Akavache[0xef5291a0]: 2
D/Mono    (10405): Assembly Ref addref Akavache[0xef5291a0] -> mscorlib[0xef529020]: 31
D/Mono    (10405): Assembly Ref addref Akavache[0xef5291a0] -> System.Reactive.Interfaces[0xef529c80]: 2
D/Mono    (10405): Assembly Ref addref Akavache[0xef5291a0] -> System.Reactive.Core[0xef529c20]: 2
D/Mono    (10405): Unloading image System.Runtime.dll [0xda9d4a00].
D/Mono    (10405): Image addref System.Runtime[0xdaaa3180] -> System.Runtime.dll[0xea6dda00]: 7
D/Mono    (10405): Config attempting to parse: 'System.Runtime.dll.config'.
D/Mono    (10405): Config attempting to parse: '/Users/builder/data/lanes/4009/f3074d2c/source/monodroid/builds/install/mono-armv6/etc/mono/assemblies/System.Runtime/System.Runtime.config'.
D/Mono    (10405): Assembly Ref addref System.Reactive.Core[0xef529c20] -> System.Runtime[0xef52a040]: 5
D/Mono    (10405): DllImport searching in: '__Internal' ('(null)').
D/Mono    (10405): Searching for 'java_interop_jnienv_call_nonvirtual_object_method_a'.
D/Mono    (10405): Probing 'java_interop_jnienv_call_nonvirtual_object_method_a'.
D/Mono    (10405): Found as 'java_interop_jnienv_call_nonvirtual_object_method_a'.
D/Mono    (10405): Assembly Ref addref CareerBuilder_Search.Droid[0xef529080] -> Microsoft.Practices.Unity[0xef529320]: 2
D/Mono    (10405): Unloading image System.Runtime.dll [0xda9d4a00].
D/Mono    (10405): Image addref System.Runtime[0xdaaa3180] -> System.Runtime.dll[0xea6dda00]: 8
D/Mono    (10405): Config attempting to parse: 'System.Runtime.dll.config'.
D/Mono    (10405): Config attempting to parse: '/Users/builder/data/lanes/4009/f3074d2c/source/monodroid/builds/install/mono-armv6/etc/mono/assemblies/System.Runtime/System.Runtime.config'.
D/Mono    (10405): Assembly Ref addref Microsoft.Practices.Unity[0xef529320] -> System.Runtime[0xef52a040]: 6
D/Mono    (10405): Unloading image System.Collections.dll [0xda9d4f00].
D/Mono    (10405): Image addref System.Collections[0xdaaa3180] -> System.Collections.dll[0xea6e0700]: 5
D/Mono    (10405): Config attempting to parse: 'System.Collections.dll.config'.
D/Mono    (10405): Config attempting to parse: '/Users/builder/data/lanes/4009/f3074d2c/source/monodroid/builds/install/mono-armv6/etc/mono/assemblies/System.Collections/System.Collections.config'.
D/Mono    (10405): Assembly Ref addref Microsoft.Practices.Unity[0xef529320] -> System.Collections[0xef52a2e0]: 3
D/Mono    (10405): Assembly Ref addref CareerBuilder_Search[0xef529f20] -> Microsoft.Practices.Unity[0xef529320]: 3
D/Mono    (10405): Assembly Ref addref CareerBuilder_Search.Droid[0xef529080] -> Plugin.DeviceInfo.Abstractions[0xef5295c0]: 3
D/Mono    (10405): Unloading image System.Diagnostics.Debug.dll [0xda9d4f00].
D/Mono    (10405): Image addref System.Diagnostics.Debug[0xdaaa3180] -> System.Diagnostics.Debug.dll[0xea6df800]: 5
D/Mono    (10405): Config attempting to parse: 'System.Diagnostics.Debug.dll.config'.
D/Mono    (10405): Config attempting to parse: '/Users/builder/data/lanes/4009/f3074d2c/source/monodroid/builds/install/mono-armv6/etc/mono/assemblies/System.Diagnostics.Debug/System.Diagnostics.Debug.config'.
D/Mono    (10405): Assembly Ref addref CareerBuilder_Search[0xef529f20] -> System.Diagnostics.Debug[0xef52a1c0]: 3
D/Mono    (10405): Assembly Ref addref System.Diagnostics.Debug[0xef52a1c0] -> mscorlib[0xef529020]: 32
D/OpenGLRenderer(10405): Use EGL_SWAP_BEHAVIOR_PRESERVED: true
D/Mono    (10405): Image addref System.Diagnostics.Tools[0xdaaa3180] -> System.Diagnostics.Tools.dll[0xda9d4f00]: 2
D/Mono    (10405): Prepared to set up assembly 'System.Diagnostics.Tools' (System.Diagnostics.Tools.dll)
D/Mono    (10405): Assembly System.Diagnostics.Tools[0xdaaa3180] added to domain RootDomain, ref_count=1
D/Mono    (10405): AOT module 'System.Diagnostics.Tools.dll.so' not found: dlopen failed: library "/data/app/com.careerbuilder.SugarDrone-1/lib/arm/libaot-System.Diagnostics.Tools.dll.so" not found
D/Mono    (10405): AOT module '/Users/builder/data/lanes/4009/f3074d2c/source/monodroid/builds/install/mono-armv6/lib/mono/aot-cache/arm/System.Diagnostics.Tools.dll.so' not found: dlopen failed: library "/data/app/com.careerbuilder.SugarDrone-1/lib/arm/libaot-System.Diagnostics.Tools.dll.so" not found
D/Mono    (10405): Config attempting to parse: 'System.Diagnostics.Tools.dll.config'.
D/Mono    (10405): Config attempting to parse: '/Users/builder/data/lanes/4009/f3074d2c/source/monodroid/builds/install/mono-armv6/etc/mono/assemblies/System.Diagnostics.Tools/System.Diagnostics.Tools.config'.
D/Mono    (10405): Assembly Ref addref Microsoft.Practices.Unity[0xef529320] -> System.Diagnostics.Tools[0xdaaa3180]: 2
D/Mono    (10405): Assembly Ref addref System.Diagnostics.Tools[0xdaaa3180] -> mscorlib[0xef529020]: 33
D/Mono    (10405): Image addref System.Resources.ResourceManager[0xdaaa31e0] -> System.Resources.ResourceManager.dll[0xda9d5400]: 2
D/Mono    (10405): Prepared to set up assembly 'System.Resources.ResourceManager' (System.Resources.ResourceManager.dll)
D/Mono    (10405): Assembly System.Resources.ResourceManager[0xdaaa31e0] added to domain RootDomain, ref_count=1
D/Mono    (10405): AOT module 'System.Resources.ResourceManager.dll.so' not found: dlopen failed: library "/data/app/com.careerbuilder.SugarDrone-1/lib/arm/libaot-System.Resources.ResourceManager.dll.so" not found
D/Mono    (10405): AOT module '/Users/builder/data/lanes/4009/f3074d2c/source/monodroid/builds/install/mono-armv6/lib/mono/aot-cache/arm/System.Resources.ResourceManager.dll.so' not found: dlopen failed: library "/data/app/com.careerbuilder.SugarDrone-1/lib/arm/libaot-System.Resources.ResourceManager.dll.so" not found
D/Mono    (10405): Config attempting to parse: 'System.Resources.ResourceManager.dll.config'.
D/Mono    (10405): Config attempting to parse: '/Users/builder/data/lanes/4009/f3074d2c/source/monodroid/builds/install/mono-armv6/etc/mono/assemblies/System.Resources.ResourceManager/System.Resources.ResourceManager.config'.
D/Mono    (10405): Assembly Ref addref Microsoft.Practices.Unity[0xef529320] -> System.Resources.ResourceManager[0xdaaa31e0]: 2
D/Mono    (10405): Assembly Ref addref System.Resources.ResourceManager[0xdaaa31e0] -> mscorlib[0xef529020]: 34
D/Mono    (10405): Unloading image System.Reflection.dll [0xda9d7700].
D/Mono    (10405): Image addref System.Reflection[0xdaaa3240] -> System.Reflection.dll[0xea6dee00]: 5
D/Mono    (10405): Config attempting to parse: 'System.Reflection.dll.config'.
D/Mono    (10405): Config attempting to parse: '/Users/builder/data/lanes/4009/f3074d2c/source/monodroid/builds/install/mono-armv6/etc/mono/assemblies/System.Reflection/System.Reflection.config'.
D/Mono    (10405): Assembly Ref addref Microsoft.Practices.Unity[0xef529320] -> System.Reflection[0xef52a100]: 3
D/Mono    (10405): Unloading image System.Linq.dll [0xda9d7700].
D/Mono    (10405): Image addref System.Linq[0xdaaa3660] -> System.Linq.dll[0xdc157900]: 5
D/Mono    (10405): Config attempting to parse: 'System.Linq.dll.config'.
D/Mono    (10405): Config attempting to parse: '/Users/builder/data/lanes/4009/f3074d2c/source/monodroid/builds/install/mono-armv6/etc/mono/assemblies/System.Linq/System.Linq.config'.
D/Mono    (10405): Assembly Ref addref Microsoft.Practices.Unity[0xef529320] -> System.Linq[0xef52a400]: 3
I/Adreno  (10405): QUALCOMM build                   : 63c06b2, I8366cd0437
I/Adreno  (10405): Build Date                       : 10/21/15
I/Adreno  (10405): OpenGL ES Shader Compiler Version: XE031.05.13.02
I/Adreno  (10405): Local Branch                     : 
I/Adreno  (10405): Remote Branch                    : quic/LA.BF64.1.2.9_v2
I/Adreno  (10405): Remote Branch                    : NONE
I/Adreno  (10405): Reconstruct Branch               : NOTHING
D/Mono    (10405): Unloading image System.Threading.dll [0xda9d7700].
D/Mono    (10405): Image addref System.Threading[0xdaaa3660] -> System.Threading.dll[0xea6df300]: 5
D/Mono    (10405): Config attempting to parse: 'System.Threading.dll.config'.
D/Mono    (10405): Config attempting to parse: '/Users/builder/data/lanes/4009/f3074d2c/source/monodroid/builds/install/mono-armv6/etc/mono/assemblies/System.Threading/System.Threading.config'.
D/Mono    (10405): Assembly Ref addref Microsoft.Practices.Unity[0xef529320] -> System.Threading[0xef52a160]: 3
I/OpenGLRenderer(10405): Initialized EGL, version 1.4
D/Mono    (10405): Image addref System.Globalization[0xdaaa3360] -> System.Globalization.dll[0xda0ad600]: 2
D/Mono    (10405): Prepared to set up assembly 'System.Globalization' (System.Globalization.dll)
D/Mono    (10405): Assembly System.Globalization[0xdaaa3360] added to domain RootDomain, ref_count=1
D/Mono    (10405): AOT module 'System.Globalization.dll.so' not found: dlopen failed: library "/data/app/com.careerbuilder.SugarDrone-1/lib/arm/libaot-System.Globalization.dll.so" not found
D/Mono    (10405): AOT module '/Users/builder/data/lanes/4009/f3074d2c/source/monodroid/builds/install/mono-armv6/lib/mono/aot-cache/arm/System.Globalization.dll.so' not found: dlopen failed: library "/data/app/com.careerbuilder.SugarDrone-1/lib/arm/libaot-System.Globalization.dll.so" not found
D/Mono    (10405): Config attempting to parse: 'System.Globalization.dll.config'.
D/Mono    (10405): Config attempting to parse: '/Users/builder/data/lanes/4009/f3074d2c/source/monodroid/builds/install/mono-armv6/etc/mono/assemblies/System.Globalization/System.Globalization.config'.
D/Mono    (10405): Assembly Ref addref Microsoft.Practices.Unity[0xef529320] -> System.Globalization[0xdaaa3360]: 2
D/Mono    (10405): Assembly Ref addref System.Globalization[0xdaaa3360] -> mscorlib[0xef529020]: 35
I/Keyboard.Facilitator( 3495): onFinishInput()
D/Mono    (10405): Image addref System.Runtime.Extensions[0xdaaa38a0] -> System.Runtime.Extensions.dll[0xd8df2f00]: 2
D/Mono    (10405): Prepared to set up assembly 'System.Runtime.Extensions' (System.Runtime.Extensions.dll)
D/Mono    (10405): Assembly System.Runtime.Extensions[0xdaaa38a0] added to domain RootDomain, ref_count=1
D/Mono    (10405): AOT module 'System.Runtime.Extensions.dll.so' not found: dlopen failed: library "/data/app/com.careerbuilder.SugarDrone-1/lib/arm/libaot-System.Runtime.Extensions.dll.so" not found
D/Mono    (10405): AOT module '/Users/builder/data/lanes/4009/f3074d2c/source/monodroid/builds/install/mono-armv6/lib/mono/aot-cache/arm/System.Runtime.Extensions.dll.so' not found: dlopen failed: library "/data/app/com.careerbuilder.SugarDrone-1/lib/arm/libaot-System.Runtime.Extensions.dll.so" not found
D/Mono    (10405): Config attempting to parse: 'System.Runtime.Extensions.dll.config'.
D/Mono    (10405): Config attempting to parse: '/Users/builder/data/lanes/4009/f3074d2c/source/monodroid/builds/install/mono-armv6/etc/mono/assemblies/System.Runtime.Extensions/System.Runtime.Extensions.config'.
D/Mono    (10405): Assembly Ref addref Microsoft.Practices.Unity[0xef529320] -> System.Runtime.Extensions[0xdaaa38a0]: 2
D/Mono    (10405): Assembly Ref addref System.Runtime.Extensions[0xdaaa38a0] -> mscorlib[0xef529020]: 36
D/Mono    (10405): Image addref System.Linq.Expressions[0xdaaa3b40] -> System.Linq.Expressions.dll[0xd8df2500]: 2
D/Mono    (10405): Prepared to set up assembly 'System.Linq.Expressions' (System.Linq.Expressions.dll)
D/Mono    (10405): Assembly System.Linq.Expressions[0xdaaa3b40] added to domain RootDomain, ref_count=1
D/Mono    (10405): AOT module 'System.Linq.Expressions.dll.so' not found: dlopen failed: library "/data/app/com.careerbuilder.SugarDrone-1/lib/arm/libaot-System.Linq.Expressions.dll.so" not found
D/Mono    (10405): AOT module '/Users/builder/data/lanes/4009/f3074d2c/source/monodroid/builds/install/mono-armv6/lib/mono/aot-cache/arm/System.Linq.Expressions.dll.so' not found: dlopen failed: library "/data/app/com.careerbuilder.SugarDrone-1/lib/arm/libaot-System.Linq.Expressions.dll.so" not found
D/Mono    (10405): Config attempting to parse: 'System.Linq.Expressions.dll.config'.
D/Mono    (10405): Config attempting to parse: '/Users/builder/data/lanes/4009/f3074d2c/source/monodroid/builds/install/mono-armv6/etc/mono/assemblies/System.Linq.Expressions/System.Linq.Expressions.config'.
D/Mono    (10405): Assembly Ref addref Microsoft.Practices.Unity[0xef529320] -> System.Linq.Expressions[0xdaaa3b40]: 2
D/Mono    (10405): Assembly Ref addref System.Linq.Expressions[0xdaaa3b40] -> System.Core[0xef52a580]: 5
D/Mono    (10405): Assembly Ref addref System.Core[0xef52a580] -> System[0xef52a220]: 3
I/art     (10405): Starting a blocking GC Explicit
I/ActivityManager(  927): Displayed com.careerbuilder.SugarDrone/md537fd6201b6818e2e180d2f7606e21a83.AppMainActivity: +447ms
D/Mono    (10405): Assembly Ref addref CareerBuilder_Search.Droid[0xef529080] -> Xamarin.GooglePlayServices.Analytics[0xef529620]: 2
D/Mono    (10405): Assembly Ref addref CareerBuilder_Search.Droid[0xef529080] -> Plugin.Geolocator.Abstractions[0xef529500]: 2
D/Mono    (10405): Assembly Ref addref CareerBuilder_Search[0xef529f20] -> System.Net.Http[0xef52adc0]: 3
D/Mono    (10405): Assembly Ref addref CareerBuilder_Search[0xef529f20] -> Plugin.DeviceInfo[0xef529560]: 2
D/Mono    (10405): Assembly Ref addref Plugin.DeviceInfo[0xef529560] -> mscorlib[0xef529020]: 37
D/Mono    (10405): Assembly Ref addref Plugin.DeviceInfo[0xef529560] -> Plugin.DeviceInfo.Abstractions[0xef5295c0]: 4
I/art     (10405): Explicit concurrent mark sweep GC freed 24782(1705KB) AllocSpace objects, 12(240KB) LOS objects, 40% free, 20MB/34MB, paused 812us total 32.213ms
D/Mono    (10405): Image addref System.Threading.Tasks[0xd8c3d020] -> System.Threading.Tasks.dll[0xd8df3900]: 2
D/Mono    (10405): Prepared to set up assembly 'System.Threading.Tasks' (System.Threading.Tasks.dll)
D/Mono    (10405): Assembly System.Threading.Tasks[0xd8c3d020] added to domain RootDomain, ref_count=1
D/Mono    (10405): AOT module 'System.Threading.Tasks.dll.so' not found: dlopen failed: library "/data/app/com.careerbuilder.SugarDrone-1/lib/arm/libaot-System.Threading.Tasks.dll.so" not found
D/Mono    (10405): AOT module '/Users/builder/data/lanes/4009/f3074d2c/source/monodroid/builds/install/mono-armv6/lib/mono/aot-cache/arm/System.Threading.Tasks.dll.so' not found: dlopen failed: library "/data/app/com.careerbuilder.SugarDrone-1/lib/arm/libaot-System.Threading.Tasks.dll.so" not found
D/Mono    (10405): Config attempting to parse: 'System.Threading.Tasks.dll.config'.
D/Mono    (10405): Config attempting to parse: '/Users/builder/data/lanes/4009/f3074d2c/source/monodroid/builds/install/mono-armv6/etc/mono/assemblies/System.Threading.Tasks/System.Threading.Tasks.config'.
D/Mono    (10405): Assembly Ref addref CareerBuilder_Search[0xef529f20] -> System.Threading.Tasks[0xd8c3d020]: 2
D/Mono    (10405): Assembly Ref addref System.Threading.Tasks[0xd8c3d020] -> mscorlib[0xef529020]: 38
D/Mono    (10405): Unloading image System.Collections.dll [0xd8df4300].
D/Mono    (10405): Image addref System.Collections[0xdaaa3840] -> System.Collections.dll[0xea6e0700]: 6
D/Mono    (10405): Config attempting to parse: 'System.Collections.dll.config'.
D/Mono    (10405): Config attempting to parse: '/Users/builder/data/lanes/4009/f3074d2c/source/monodroid/builds/install/mono-armv6/etc/mono/assemblies/System.Collections/System.Collections.config'.
D/Mono    (10405): Assembly Ref addref CareerBuilder_Search[0xef529f20] -> System.Collections[0xef52a2e0]: 4
D/Mono    (10405): Assembly Ref addref System.Collections[0xef52a2e0] -> System[0xef52a220]: 4
D/Mono    (10405): Assembly Ref addref System.Net.Http[0xef52adc0] -> System[0xef52a220]: 5
I/art     (10405): Starting a blocking GC Explicit
I/art     (10405): Explicit concurrent mark sweep GC freed 259(64KB) AllocSpace objects, 0(0B) LOS objects, 40% free, 21MB/35MB, paused 323us total 14.643ms
I/art     (10405): Starting a blocking GC Explicit
I/art     (10405): Explicit concurrent mark sweep GC freed 4903(196KB) AllocSpace objects, 0(0B) LOS objects, 40% free, 21MB/35MB, paused 341us total 18.139ms
I/art     (10405): Starting a blocking GC Explicit
I/art     (10405): Explicit concurrent mark sweep GC freed 7058(322KB) AllocSpace objects, 0(0B) LOS objects, 40% free, 21MB/35MB, paused 498us total 14.321ms
I/art     (10405): Starting a blocking GC Explicit
I/art     (10405): Explicit concurrent mark sweep GC freed 590(83KB) AllocSpace objects, 2(40KB) LOS objects, 39% free, 20MB/34MB, paused 234us total 12.279ms
D/Mono    (10405): Assembly Ref addref Microsoft.Practices.Unity[0xef529320] -> System.Reflection.Extensions[0xef52a6a0]: 3
I/System.out(10405): URI: /map
I/System.out(10405): params: {json={"query":"*","operation":{"method_name":"query","arguments":[]}}
I/System.out(10405): }
W/ResourceType(10405): No known package when getting name for resource number 0xffffffff
W/ResourceType(10405): No known package when getting name for resource number 0xffffffff
W/ResourceType(10405): No known package when getting name for resource number 0xffffffff
D/Mono    (10405): Unloading image System.Threading.dll [0xda450f00].
D/Mono    (10405): Image addref System.Threading[0xd8c3d800] -> System.Threading.dll[0xea6df300]: 6
D/Mono    (10405): Config attempting to parse: 'System.Threading.dll.config'.
D/Mono    (10405): Config attempting to parse: '/Users/builder/data/lanes/4009/f3074d2c/source/monodroid/builds/install/mono-armv6/etc/mono/assemblies/System.Threading/System.Threading.config'.
D/Mono    (10405): Assembly Ref addref CareerBuilder_Search[0xef529f20] -> System.Threading[0xef52a160]: 4
D/Mono    (10405): Assembly Ref addref System.Threading[0xef52a160] -> System.Core[0xef52a580]: 6
D/Mono    (10405): Assembly Ref addref System.Runtime[0xef52a040] -> System[0xef52a220]: 6
D/Mono    (10405): Assembly Ref addref CareerBuilder_Search[0xef529f20] -> Newtonsoft.Json[0xef529b60]: 2
D/Mono    (10405): Unloading image System.Runtime.dll [0xda450a00].
D/Mono    (10405): Image addref System.Runtime[0xd8c3d980] -> System.Runtime.dll[0xea6dda00]: 9
D/Mono    (10405): Config attempting to parse: 'System.Runtime.dll.config'.
D/Mono    (10405): Config attempting to parse: '/Users/builder/data/lanes/4009/f3074d2c/source/monodroid/builds/install/mono-armv6/etc/mono/assemblies/System.Runtime/System.Runtime.config'.
D/Mono    (10405): Assembly Ref addref Newtonsoft.Json[0xef529b60] -> System.Runtime[0xef52a040]: 7
D/Mono    (10405): Image addref System.Dynamic.Runtime[0xd8c3d980] -> System.Dynamic.Runtime.dll[0xda450a00]: 2
D/Mono    (10405): Prepared to set up assembly 'System.Dynamic.Runtime' (System.Dynamic.Runtime.dll)
D/Mono    (10405): Assembly System.Dynamic.Runtime[0xd8c3d980] added to domain RootDomain, ref_count=1
D/Mono    (10405): AOT module 'System.Dynamic.Runtime.dll.so' not found: dlopen failed: library "/data/app/com.careerbuilder.SugarDrone-1/lib/arm/libaot-System.Dynamic.Runtime.dll.so" not found
D/Mono    (10405): AOT module '/Users/builder/data/lanes/4009/f3074d2c/source/monodroid/builds/install/mono-armv6/lib/mono/aot-cache/arm/System.Dynamic.Runtime.dll.so' not found: dlopen failed: library "/data/app/com.careerbuilder.SugarDrone-1/lib/arm/libaot-System.Dynamic.Runtime.dll.so" not found
D/Mono    (10405): Config attempting to parse: 'System.Dynamic.Runtime.dll.config'.
D/Mono    (10405): Config attempting to parse: '/Users/builder/data/lanes/4009/f3074d2c/source/monodroid/builds/install/mono-armv6/etc/mono/assemblies/System.Dynamic.Runtime/System.Dynamic.Runtime.config'.
D/Mono    (10405): Assembly Ref addref Newtonsoft.Json[0xef529b60] -> System.Dynamic.Runtime[0xd8c3d980]: 2
D/Mono    (10405): Assembly Ref addref System.Dynamic.Runtime[0xd8c3d980] -> System.Core[0xef52a580]: 7
D/Mono    (10405): Image addref System.ObjectModel[0xd8c3d9e0] -> System.ObjectModel.dll[0xda450500]: 2
D/Mono    (10405): Prepared to set up assembly 'System.ObjectModel' (System.ObjectModel.dll)
D/Mono    (10405): Assembly System.ObjectModel[0xd8c3d9e0] added to domain RootDomain, ref_count=1
D/Mono    (10405): AOT module 'System.ObjectModel.dll.so' not found: dlopen failed: library "/data/app/com.careerbuilder.SugarDrone-1/lib/arm/libaot-System.ObjectModel.dll.so" not found
D/Mono    (10405): AOT module '/Users/builder/data/lanes/4009/f3074d2c/source/monodroid/builds/install/mono-armv6/lib/mono/aot-cache/arm/System.ObjectModel.dll.so' not found: dlopen failed: library "/data/app/com.careerbuilder.SugarDrone-1/lib/arm/libaot-System.ObjectModel.dll.so" not found
D/Mono    (10405): Config attempting to parse: 'System.ObjectModel.dll.config'.
D/Mono    (10405): Config attempting to parse: '/Users/builder/data/lanes/4009/f3074d2c/source/monodroid/builds/install/mono-armv6/etc/mono/assemblies/System.ObjectModel/System.ObjectModel.config'.
D/Mono    (10405): Assembly Ref addref Newtonsoft.Json[0xef529b60] -> System.ObjectModel[0xd8c3d9e0]: 2
D/Mono    (10405): Assembly Ref addref System.ObjectModel[0xd8c3d9e0] -> System[0xef52a220]: 7
D/Mono    (10405): Assembly Ref addref CareerBuilder_Search[0xef529f20] -> System.Reactive.Core[0xef529c20]: 3
D/Mono    (10405): DllImport attempting to load: '__Internal'.
D/Mono    (10405): DllImport loaded library '(null)'.
D/Mono    (10405): DllImport searching in: '__Internal' ('(null)').
D/Mono    (10405): Searching for 'monodroid_get_system_property'.
D/Mono    (10405): Probing 'monodroid_get_system_property'.
D/Mono    (10405): Found as 'monodroid_get_system_property'.
D/Mono    (10405): DllImport searching in: '__Internal' ('(null)').
D/Mono    (10405): Searching for 'monodroid_free'.
D/Mono    (10405): Probing 'monodroid_free'.
D/Mono    (10405): Found as 'monodroid_free'.
D/Mono    (10405): Assembly Ref addref CareerBuilder_Search.Droid[0xef529080] -> Xamarin.Insights[0xef529740]: 2
D/Mono    (10405): Assembly Ref addref Xamarin.Insights[0xef529740] -> mscorlib[0xef529020]: 39
D/Mono    (10405): Assembly Ref addref Xamarin.Insights[0xef529740] -> Mono.Android[0xef529f80]: 19
D/Mono    (10405): Assembly Ref addref CareerBuilder_Search.Droid[0xef529080] -> HockeySDK[0xef529140]: 2
D/Mono    (10405): Assembly Ref addref CareerBuilder_Search.Droid[0xef529080] -> AppsFlyerXamarinBindingAndroid[0xef5290e0]: 2
D/Mono    (10405): DllImport searching in: '__Internal' ('(null)').
D/Mono    (10405): Searching for 'java_interop_jnienv_get_static_field_id'.
D/Mono    (10405): Probing 'java_interop_jnienv_get_static_field_id'.
D/Mono    (10405): Found as 'java_interop_jnienv_get_static_field_id'.
D/Mono    (10405): DllImport searching in: '__Internal' ('(null)').
D/Mono    (10405): Searching for 'java_interop_jnienv_get_static_int_field'.
D/Mono    (10405): Probing 'java_interop_jnienv_get_static_int_field'.
D/Mono    (10405): Found as 'java_interop_jnienv_get_static_int_field'.
D/Mono    (10405): Assembly Ref addref Xamarin.Insights[0xef529740] -> System.Core[0xef52a580]: 8
D/Mono    (10405): DllImport searching in: '__Internal' ('(null)').
D/Mono    (10405): Searching for 'java_interop_jnienv_call_static_long_method_a'.
D/Mono    (10405): Probing 'java_interop_jnienv_call_static_long_method_a'.
D/Mono    (10405): Found as 'java_interop_jnienv_call_static_long_method_a'.
D/Mono    (10405): Assembly Ref addref Xamarin.Insights[0xef529740] -> System[0xef52a220]: 8
D/Mono    (10405): Assembly Ref addref Xamarin.Insights[0xef529740] -> System.Net.Http[0xef52adc0]: 4
I/System.out(10405): URI: /map
I/System.out(10405): params: {json={"query":"* id:'agreeAndContinueButton'","operation":{"method_name":"query","arguments":[]}}
I/System.out(10405): }
W/ResourceType(10405): No known package when getting name for resource number 0xffffffff
W/ResourceType(10405): No known package when getting name for resource number 0xffffffff
W/ResourceType(10405): No known package when getting name for resource number 0xffffffff
D/Mono    (10405): DllImport searching in: '__Internal' ('(null)').
D/Mono    (10405): Searching for 'java_interop_jnienv_get_object_array_element'.
D/Mono    (10405): Probing 'java_interop_jnienv_get_object_array_element'.
D/Mono    (10405): Found as 'java_interop_jnienv_get_object_array_element'.
D/Mono    (10405): DllImport searching in: '__Internal' ('(null)').
D/Mono    (10405): Searching for 'java_interop_jnienv_call_boolean_method_a'.
D/Mono    (10405): Probing 'java_interop_jnienv_call_boolean_method_a'.
D/Mono    (10405): Found as 'java_interop_jnienv_call_boolean_method_a'.
D/Mono    (10405): DllImport searching in: '__Internal' ('(null)').
D/Mono    (10405): Searching for 'java_interop_jnienv_call_int_method_a'.
D/Mono    (10405): Probing 'java_interop_jnienv_call_int_method_a'.
D/Mono    (10405): Found as 'java_interop_jnienv_call_int_method_a'.
D/Mono    (10405): DllImport searching in: '__Internal' ('(null)').
D/Mono    (10405): Searching for 'java_interop_jnienv_get_field_id'.
D/Mono    (10405): Probing 'java_interop_jnienv_get_field_id'.
D/Mono    (10405): Found as 'java_interop_jnienv_get_field_id'.
D/Mono    (10405): DllImport searching in: '__Internal' ('(null)').
D/Mono    (10405): Searching for 'java_interop_jnienv_get_object_field'.
D/Mono    (10405): Probing 'java_interop_jnienv_get_object_field'.
D/Mono    (10405): Found as 'java_interop_jnienv_get_object_field'.
D/Mono    (10405): DllImport searching in: '__Internal' ('(null)').
D/Mono    (10405): Searching for 'java_interop_jnienv_call_static_int_method_a'.
D/Mono    (10405): Probing 'java_interop_jnienv_call_static_int_method_a'.
D/Mono    (10405): Found as 'java_interop_jnienv_call_static_int_method_a'.
W/Xamarin.Insights(10405): Warning: Insights data communication has been manually enabled
D/Mono    (10405): DllImport searching in: '__Internal' ('(null)').
D/Mono    (10405): Searching for 'java_interop_jnienv_get_static_object_field'.
D/Mono    (10405): Probing 'java_interop_jnienv_get_static_object_field'.
D/Mono    (10405): Found as 'java_interop_jnienv_get_static_object_field'.
D/Mono    (10405): DllImport searching in: '__Internal' ('(null)').
D/Mono    (10405): Searching for 'java_interop_jnienv_call_static_void_method'.
D/Mono    (10405): Probing 'java_interop_jnienv_call_static_void_method'.
D/Mono    (10405): Found as 'java_interop_jnienv_call_static_void_method'.
I/AppsFlyer_3.01(10405): Start tracking package: com.careerbuilder.SugarDrone
I/AppsFlyer_3.01(10405): AsendTrackingWithEvent from activity: md537fd6201b6818e2e180d2f7606e21a83.MainApplication
I/AppsFlyer_3.01-609101149(10405): ******* sendTrackingWithEvent: Launch
I/GAv4    (10405): Google Analytics 8.4.87 is starting up. To enable debug logging on a device run:
I/GAv4    (10405):   adb shell setprop log.tag.GAv4 DEBUG
I/GAv4    (10405):   adb logcat -s GAv4
E/ActivityThread(10405): Failed to find provider info for com.facebook.katana.provider.AttributionIdProvider
I/AppsFlyer_3.01(10405): WARNING:READ_PHONE_STATE is missing
W/GAv4    (10405): AnalyticsReceiver is not registered or is disabled. Register the receiver for reliable dispatching on non-Google Play devices. See http://goo.gl/8Rd3yj for instructions.
W/GAv4    (10405): CampaignTrackingReceiver is not registered, not exported or is disabled. Installation campaign tracking is not possible. See http://goo.gl/8Rd3yj for instructions.
I/ThermalEngine(  519): ACTION: GPU - Setting GPU[0] to 390000000
D/Mono    (10405): DllImport searching in: '__Internal' ('(null)').
D/Mono    (10405): Searching for 'java_interop_jnienv_call_void_method_a'.
D/Mono    (10405): Probing 'java_interop_jnienv_call_void_method_a'.
D/Mono    (10405): Found as 'java_interop_jnienv_call_void_method_a'.
D/AppsFlyer_3.01(10405): AppsFlyer: first launch detected
I/GAv4    (10405): Logger is deprecated. To enable debug logging, please run:
I/GAv4    (10405): adb shell setprop log.tag.GAv4 DEBUG
I/AppsFlyer_3.01(10405): AppsFlyer: first launch date: 2017-03-15_0918+0100
I/System.out(10405): AppsFlyerLib.sendTrackingWithEvent
I/System.out(10405): URI: /map
I/System.out(10405): params: {json={"query":"* id:'agreeAndContinueButton'","operation":{"method_name":"query","arguments":[]}}
I/System.out(10405): }
D/Mono    (10405): DllImport searching in: '__Internal' ('(null)').
D/Mono    (10405): Searching for 'java_interop_jnienv_new_local_ref'.
D/Mono    (10405): Probing 'java_interop_jnienv_new_local_ref'.
D/Mono    (10405): Found as 'java_interop_jnienv_new_local_ref'.
I/AppsFlyer_3.01-609101149(10405): url: https://t.appsflyer.com/api/v3/androidevent?buildnumber=3.01&app_id=com.careerbuilder.SugarDrone
I/AppsFlyer_(10405): data: device=angler&firstLaunchDate=2017-03-15_0918%2B0100&installDate=2017-03-15_0917%2B0100&sdk=23&carrier=&date1=2017-03-15_0917%2B0100&af_preinstalled=false&advertiserIdEnabled=true&iaecounter=0&lang_code=en&appsflyerKey=WV****************HFK5&app_version_name=3.1.7&lang=English&timepassedsincelastlaunch=0&dkh=WVGo7sxf&android_id=a9a4e37927b1341f&advertiserId=164d5716-3810-4881-8506-28c82c9352bc&deviceType=user&af_v=e5788c89d66e62677f0d60099327a632f4d1c87e&app_version_code=30011&platformextension=android_native&network=WIFI&operator=2TELL&country=US&date2=2017-03-15_0917%2B0100&brand=google&af_timestamp=1489609101149&uid=1489609059853-7713105440375943219&isFirstCall=true&counter=1&model=Nexus+6P&product=angler
D/Mono    (10405): Assembly Ref addref Plugin.DeviceInfo[0xef529560] -> Mono.Android[0xef529f80]: 20
W/Xamarin.Insights(10405): Warning: Insights data communication has been manually enabled
I/AppsFlyer_3.01(10405): Start tracking package: com.careerbuilder.SugarDrone
W/ResourceType(10405): No known package when getting name for resource number 0xffffffff
W/GAv4    (10405): AnalyticsService not registered in the app manifest. Hits might not be delivered reliably. See http://goo.gl/8Rd3yj for instructions.
W/ResourceType(10405): No known package when getting name for resource number 0xffffffff
I/AppsFlyer_3.01(10405): AsendTrackingWithEvent from activity: md537fd6201b6818e2e180d2f7606e21a83.MainApplication
I/AppsFlyer_3.01-609101272(10405): ******* sendTrackingWithEvent: Launch
W/ResourceType(10405): No known package when getting name for resource number 0xffffffff
E/ActivityThread(10405): Failed to find provider info for com.facebook.katana.provider.AttributionIdProvider
D/NetlinkSocketObserver(  927): NeighborEvent{elapsedMs=306850, 10.22.0.1, [B0FAEB975089], RTM_NEWNEIGH, NUD_STALE}
I/AppsFlyer_3.01(10405): WARNING:READ_PHONE_STATE is missing
D/Mono    (10405): DllImport searching in: '__Internal' ('(null)').
D/Mono    (10405): Searching for 'java_interop_jnienv_get_int_field'.
D/Mono    (10405): Probing 'java_interop_jnienv_get_int_field'.
D/Mono    (10405): Found as 'java_interop_jnienv_get_int_field'.
D/Mono    (10405): Unloading image Splat.dll [0xd83a9a00].
D/Mono    (10405): Image addref Splat[0xdaaa3e40] -> Splat.dll[0xf51f6f00]: 5
D/Mono    (10405): Config attempting to parse: 'Splat.dll.config'.
D/Mono    (10405): Config attempting to parse: '/Users/builder/data/lanes/4009/f3074d2c/source/monodroid/builds/install/mono-armv6/etc/mono/assemblies/Splat/Splat.config'.
D/Mono    (10405): Assembly Ref addref Akavache[0xef5291a0] -> Splat[0xef529260]: 2
D/Mono    (10405): Assembly Ref addref Splat[0xef529260] -> mscorlib[0xef529020]: 40
D/Mono    (10405): Assembly Ref addref System.Reactive.Core[0xef529c20] -> System.Reactive.Interfaces[0xef529c80]: 3
D/Mono    (10405): Image addref System.ComponentModel[0xdaaa3e40] -> System.ComponentModel.dll[0xd83a9a00]: 2
D/Mono    (10405): Prepared to set up assembly 'System.ComponentModel' (System.ComponentModel.dll)
