<![CDATA[I/ServiceManager(  600): Waiting for service AtCmdFwd...
W/Atfwd_Sendcmd(  600): AtCmdFwd service not published, waiting... retryCnt : 4

]]><xtc-scenario name="[0-1049]CareerBuilder_Search.DroidFeatureTests.JDPTests.TravelCardShouldNotVisible" id="[0-1049]CareerBuilder_Search.DroidFeatureTests.JDPTests.TravelCardShouldNotVisible"><![CDATA[

]]><xtc-step name="[0-1049]CareerBuilder_Search.DroidFeatureTests.JDPTests.TravelCardShouldNotVisible-TravelCardShouldNotVisible" id="[0-1049]CareerBuilder_Search.DroidFeatureTests.JDPTests.TravelCardShouldNotVisible-TravelCardShouldNotVisible"><![CDATA[
--------- beginning of system
I/ActivityManager(  926): Killing 6831:com.android.chrome/u0a39 (adj 15): empty #17
I/ThermalEngine(  521): ACTION: GPU - Setting GPU[0] to 510000000
D/AndroidRuntime( 8336): >>>>>> START com.android.internal.os.RuntimeInit uid 2000 <<<<<<
D/AndroidRuntime( 8336): CheckJNI is OFF
D/ICU     ( 8336): No timezone override file found: /data/misc/zoneinfo/current/icu/icu_tzdata.dat
I/Radio-JNI( 8336): register_android_hardware_Radio DONE
D/AndroidRuntime( 8336): Calling main entry com.android.commands.pm.Pm
I/art     ( 8336): System.exit called, status: 0
I/AndroidRuntime( 8336): VM exiting with result code 0.
I/ThermalEngine(  521): ACTION: GPU - Setting GPU[0] to 450000000
I/ServiceManager(  600): Waiting for service AtCmdFwd...
D/WVCdm   (  515): Instantiating CDM.
I/WVCdm   (  515): CdmEngine::OpenSession
I/WVCdm   (  515): Level3 Library Jun 15 2015 14:09:24
W/WVCdm   (  515): Could not read /data/mediadrm/IDM1013/ay64.dat2: No such file or directory
D/DrmWidevineDash(  515): OEMCrypto_Initialize: starts! g_qsee_apps_version = 0x21
D/DrmWidevineDash(  515): Service_Initialize: starts!
D/QSEECOMAPI: (  515): QSEECom_get_handle sb_length = 0x19000
D/QSEECOMAPI: (  515): App is not loaded in QSEE
D/QSEECOMAPI: (  515): Loaded image: APP id = 7
D/DrmWidevineDash(  515): Service_Initialize: ends! returns 0
D/DrmWidevineDash(  515): Service_Initialize: function time: 34ms (0s 34384583ns)
D/QSAPPSVER(  515): qsapps_get_capabilities: Capability from secure side: 0x0
D/QSAPPSVER(  515): qsapps_get_capabilities: returns 0
D/DrmWidevineDash(  515): OEMCrypto_Initialize sion_buffer g_wv_fhandle->ion_sbuffer  0x0xf2d32000
E/DrmWidevineDash(  515): sion_buffer g_wv_fhandle->ion_sbuffer  0x0xf2d32000
D/DrmLibTime(  393): got the req here! ret=0
D/DrmLibTime(  393): command id, time_cmd_id = 770
D/DrmLibTime(  393): time_getutcsec starts!
D/DrmLibTime(  393): QSEE Time Listener: time_getutcsec
D/DrmLibTime(  393): QSEE Time Listener: get_utc_seconds
D/DrmLibTime(  393): QSEE Time Listener: time_get_modem_time
D/DrmLibTime(  393): QSEE Time Listener: Checking if ATS_MODEM is set or not.
D/QC-time-services(  393): Lib:time_genoff_operation: pargs->base = 13
D/QC-time-services(  393): Lib:time_genoff_operation: pargs->operation = 2
D/QC-time-services(  393): Lib:time_genoff_operation: pargs->ts_val = 0
D/QC-time-services(  393): Lib:time_genoff_operation: Send to server  passed!!
D/QC-time-services(  594): Daemon: Connection accepted:time_genoff
D/QC-time-services(  594): Daemon:Received base = 13, unit = 1, operation = 2,value = 0
D/QC-time-services(  594): Daemon:genoff_opr: Base = 13, val = 0, operation = 2
D/QC-time-services(  594): offset is: 0 for base: 13
E/QC-time-services(  393): Receive Passed == base = 13, unit = 1, operation = 2, result = 0
D/DrmLibTime(  393): QSEE Time Listener: ATS_MODEM is not set. Fallback to Android system time.
D/DrmLibTime(  393): QSEE Time Listener: Retrieved Android system time: 1489620292
D/DrmLibTime(  393): time_getutcsec returns 0, sec = 1489620292; nsec = 0
D/DrmLibTime(  393): time_getutcsec finished! 
D/DrmLibTime(  393): iotcl_continue_command finished! and return 0 
D/DrmLibTime(  393): before calling ioctl to read the next time_cmd
E/QC-time-services(  594): Daemon: Time-services: Waiting to acceptconnection
D/DrmWidevineDash(  515): OEMCrypto_ION_Malloc: function time: 2ms (0s 2961719ns)
D/DrmWidevineDash(  515): OEMCrypto_Initialize: ends! returns 0
D/DrmWidevineDash(  515): _oecc01: function time: 43ms (0s 43855781ns)
D/DrmWidevineDash(  515): OEMCrypto_APIVersion: starts!
D/DrmWidevineDash(  515): hlos api version =  10
D/DrmWidevineDash(  515): tz api version =  10
D/DrmWidevineDash(  515): OEMCrypto_APIVersion: ends! returns version 10
D/DrmWidevineDash(  515): _oecc22: function time: 0ms (0s 674740ns)
D/DrmWidevineDash(  515): OEMCrypto_IsKeyboxValid: starts!
D/DrmWidevineDash(  515): OEMCrypto_IsKeyboxValid: ends! returns 0
D/DrmWidevineDash(  515): _oecc05: function time: 21ms (0s 21135313ns)
D/WVCdm   (  515): OEMCrypto_Initialize Level 1 success. I will use level 1.
D/DrmWidevineDash(  515): OEMCrypto_OpenSession: starts! SID=0xf2fb511c
D/DrmWidevineDash(  515): OEMCrypto_OpenSession Session ID = 0
D/DrmWidevineDash(  515): OEMCrypto_OpenSession SID = 1
D/DrmWidevineDash(  515): OEMCrypto_OpenSession: ends! returns 0
D/DrmWidevineDash(  515): _oecc09: function time: 0ms (0s 785157ns)
D/DrmWidevineDash(  515): OEMCrypto_GetRandom: starts! randomData=0xf634d8d8, dataLength=8
D/DrmWidevineDash(  515): OEMCrypto_GetRandom: ends! returns 0
D/DrmWidevineDash(  515): _oecc06: function time: 1ms (0s 1026771ns)
D/DrmWidevineDash(  515): OEMCrypto_LoadDeviceRSAKey: starts! SID=1, wrapped_rsa_key=0xf2e73400, wrapped_rsa_key_length=1280
D/DrmWidevineDash(  515): OEMCrypto_LoadDeviceRSAKey: ends! returns 0
D/DrmWidevineDash(  515): _oecc19: function time: 4ms (0s 4772864ns)
I/WVCdm   (  515): CdmEngine::QueryKeyControlInfo
W/WVCdm   (  515): BufferReader::Read<T> : Failure during parse: Not enough bytes (4)
W/WVCdm   (  515): CdmEngine::ExtractWidevinePssh: Unable to read atom size.
I/WVCdm   (  515): CdmEngine::GenerateKeyRequest
D/DrmWidevineDash(  515): OEMCrypto_GetDeviceID: starts! deviceID=0xf1c7f100, idLength=0xffe518a4
D/DrmWidevineDash(  515): OEMCrypto_GetDeviceID: ends! returns 0
D/DrmWidevineDash(  515): _oecc07: function time: 18ms (0s 18123073ns)
D/DrmWidevineDash(  515): OEMCrypto_SupportsUsageTable: starts!
D/DrmWidevineDash(  515): OEMCrypto_SupportsUsageTable: is_supported = 1
D/DrmWidevineDash(  515): OEMCrypto_SupportsUsageTable: wv_app_version =0x22
D/DrmWidevineDash(  515): OEMCrypto_SupportsUsageTable: ends! returns 0
D/DrmWidevineDash(  515): _oecc29: function time: 0ms (0s 739687ns)
D/DrmWidevineDash(  515): OEMCrypto_IsAntiRollbackHwPresent: starts!
D/DrmWidevineDash(  515): OEMCrypto_IsAntiRollbackHwPresent ends! ret=0, is_antirb_enabled = 1
D/DrmWidevineDash(  515): _oecc39: function time: 0ms (0s 671094ns)
D/DrmWidevineDash(  515): OEMCrypto_APIVersion: starts!
D/DrmWidevineDash(  515): hlos api version =  10
D/DrmWidevineDash(  515): tz api version =  10
D/DrmWidevineDash(  515): OEMCrypto_APIVersion: ends! returns version 10
D/DrmWidevineDash(  515): _oecc22: function time: 0ms (0s 660417ns)
D/DrmWidevineDash(  515): OEMCrypto_GetHDCPCapability starts!
D/DrmWidevineDash(  515): OEMCrypto_GetHDCPCapability current=255, max=4
D/DrmWidevineDash(  515): OEMCrypto_GetHDCPCapability ends! ret = 0
D/DrmWidevineDash(  515): _oecc44: function time: 0ms (0s 696250ns)
D/DrmWidevineDash(  515): OEMCrypto_GenerateNonce: starts! SID=1, nonce=0xffe519d8
D/DrmWidevineDash(  515): OEMCrypto_GenerateNonce: ends! returns 0
D/DrmWidevineDash(  515): _oecc14: function time: 0ms (0s 781250ns)
D/WVCdm   (  515): PrepareKeyRequest: nonce=249901002
D/DrmWidevineDash(  515): OEMCrypto_GenerateRSASignature starts! SID=1, message=0xf6331800
D/DrmWidevineDash(  515): message_length=1624, signature=0xf2e5ea40, signature_length=0xffe5197c
D/DrmWidevineDash(  515): OEMCrypto_GenerateRSASignature returns 0
D/DrmWidevineDash(  515): _oecc36: function time: 98ms (0s 98581459ns)
I/WVCdm   (  515): CdmEngine::CloseSession
D/DrmWidevineDash(  515): OEMCrypto_CloseSession: starts! SID=1
D/DrmWidevineDash(  515): OEMCrypto_CloseSession: ends! returns 0
D/DrmWidevineDash(  515): _oecc10: function time: 0ms (0s 669896ns)
D/DrmWidevineDash(  515): OEMCrypto_Terminate: starts!
D/DrmWidevineDash(  515): Service_Uninitialize: starts!
D/QSEECOMAPI: (  515): QSEECom_dealloc_memory 
D/QSEECOMAPI: (  515): QSEECom_shutdown_app, app_id = 7
D/DrmWidevineDash(  515): Service_Uninitialize: ends! returns 0x0
D/DrmWidevineDash(  515): Service_Uninitialize: function time: 0ms (0s 708281ns)
D/DrmWidevineDash(  515): OEMCrypto_ION_Free: function time: 0ms (0s 223437ns)
D/DrmWidevineDash(  515): OEMCrypto_Terminate: ends! returns 0
D/DrmWidevineDash(  515): _oecc02: function time: 1ms (0s 1545989ns)
I/Adreno  ( 7719): QUALCOMM build                   : 63c06b2, I8366cd0437
I/Adreno  ( 7719): Build Date                       : 10/21/15
I/Adreno  ( 7719): OpenGL ES Shader Compiler Version: XE031.05.13.02
I/Adreno  ( 7719): Local Branch                     : 
I/Adreno  ( 7719): Remote Branch                    : quic/LA.BF64.1.2.9_v2
I/Adreno  ( 7719): Remote Branch                    : NONE
I/Adreno  ( 7719): Reconstruct Branch               : NOTHING
I/Adreno  ( 7719): QUALCOMM build                   : 63c06b2, I8366cd0437
I/Adreno  ( 7719): Build Date                       : 10/21/15
I/Adreno  ( 7719): OpenGL ES Shader Compiler Version: XE031.05.13.02
I/Adreno  ( 7719): Local Branch                     : 
I/Adreno  ( 7719): Remote Branch                    : quic/LA.BF64.1.2.9_v2
I/Adreno  ( 7719): Remote Branch                    : NONE
I/Adreno  ( 7719): Reconstruct Branch               : NOTHING
I/ServiceManager(  600): Waiting for service AtCmdFwd...
W/Binder_2( 7731): type=1400 audit(0.0:69): avc: denied { search } for name="529" dev="proc" ino=13192 scontext=u:r:untrusted_app:s0:c512,c768 tcontext=u:r:zygote:s0 tclass=dir permissive=0
W/Binder_2( 7731): type=1400 audit(0.0:70): avc: denied { read } for name="/" dev="tmpfs" ino=13415 scontext=u:r:untrusted_app:s0:c512,c768 tcontext=u:object_r:device:s0 tclass=dir permissive=0
W/IntentService[D( 8577): type=1400 audit(0.0:71): avc: denied { search } for name="529" dev="proc" ino=13192 scontext=u:r:untrusted_app:s0:c512,c768 tcontext=u:r:zygote:s0 tclass=dir permissive=0
W/IntentService[D( 8577): type=1400 audit(0.0:72): avc: denied { read } for name="/" dev="tmpfs" ino=13415 scontext=u:r:untrusted_app:s0:c512,c768 tcontext=u:object_r:device:s0 tclass=dir permissive=0
I/MS_ScheduledTaskService( 4432): Executing task with tag:gms:matchstick:register
I/MS_RegisterService( 4432): RegisterService intent:Intent { act=com.google.android.gms.matchstick.register_intent_action cat=[targeted_intent_op_prefix:com.google.android.libraries.matchstick.net.SilentRegisterIntentOperation] cmp=com.google.android.gms/.chimera.GmsIntentOperationService } isPeriodic:false
I/MS_PhoneUtils( 4432): Phone type: 1
I/MS_RegisterService( 4432): Doing full registration.
W/InstanceID/Rpc( 7719): Found 10012
I/MS_RegisterService( 4432): Throttling registration.
I/ServiceManager(  600): Waiting for service AtCmdFwd...
I/ServiceManager(  600): Waiting for service AtCmdFwd...
I/ServiceManager(  600): Waiting for service AtCmdFwd...
D/WifiStateMachine(  926): starting scan for "xtc-ag"WPA_PSK with 5240,5180,5220,5200
W/Atfwd_Sendcmd(  600): AtCmdFwd service not published, waiting... retryCnt : 5
D/AndroidRuntime( 8686): >>>>>> START com.android.internal.os.RuntimeInit uid 2000 <<<<<<
D/AndroidRuntime( 8686): CheckJNI is OFF
D/ICU     ( 8686): No timezone override file found: /data/misc/zoneinfo/current/icu/icu_tzdata.dat
I/Radio-JNI( 8686): register_android_hardware_Radio DONE
D/AndroidRuntime( 8686): Calling main entry com.android.commands.am.Am
W/ActivityManager(  926): Invalid packageName: com.careerbuilder.SugarDrone
D/AndroidRuntime( 8686): Shutting down VM
I/Keyboard.Facilitator.LanguageModelFlusher( 3463): run()
I/Keyboard.Facilitator( 3463): flushDynamicLanguageModels()
W/ip      ( 9018): type=1400 audit(0.0:73): avc: denied { search } for name="net" dev="dm-2" ino=719496 scontext=u:r:shell:s0 tcontext=u:object_r:net_data_file:s0 tclass=dir permissive=0
I/Atfwd_Sendcmd(  600): AtCmdFwd service not ready - Exhausted retry attempts - :6
I/Atfwd_Daemon(  600): result : -1 	 ,Init step :2 	 ,qmiErrorCode: 0
I/ThermalEngine(  521): ACTION: GPU - Setting GPU[0] to 390000000
D/AndroidRuntime( 9080): >>>>>> START com.android.internal.os.RuntimeInit uid 2000 <<<<<<
D/AndroidRuntime( 9080): CheckJNI is OFF
D/ICU     ( 9080): No timezone override file found: /data/misc/zoneinfo/current/icu/icu_tzdata.dat
I/Radio-JNI( 9080): register_android_hardware_Radio DONE
D/AndroidRuntime( 9080): Calling main entry com.android.commands.pm.Pm
I/ActivityManager(  926): Start proc 9099:com.android.defcontainer/u0a7 for service com.android.defcontainer/.DefaultContainerService
D/DefContainer( 9099): Copying /data/local/tmp/0000003930 to base.apk
D/NetlinkSocketObserver(  926): NeighborEvent{elapsedMs=223840, 10.22.0.1, [B0FAEB975089], RTM_NEWNEIGH, NUD_STALE}
I/ThermalEngine(  521): ACTION: GPU - Setting GPU[0] to 450000000
I/PackageManager.DexOptimizer(  926): Running dexopt (dex2oat) on: /data/app/vmdl2068084383.tmp/base.apk pkg=com.careerbuilder.SugarDrone isa=arm vmSafeMode=false debuggable=true oatDir = /data/app/vmdl2068084383.tmp/oat bootComplete=true
I/dex2oat ( 9137): /system/bin/dex2oat -j2 --debuggable
W/dex2oat ( 9137): Before Android 4.1, method android.graphics.PorterDuffColorFilter android.support.graphics.drawable.VectorDrawableCompat.updateTintFilter(android.graphics.PorterDuffColorFilter, android.content.res.ColorStateList, android.graphics.PorterDuff$Mode) would have incorrectly overridden the package-private method in android.graphics.drawable.Drawable
W/dex2oat ( 9137): Before Android 4.1, method int android.support.v7.widget.ListViewCompat.lookForSelectablePosition(int, boolean) would have incorrectly overridden the package-private method in android.widget.ListView
I/ThermalEngine(  521): ACTION: GPU - Setting GPU[0] to 390000000
I/ServiceManager(  600): Waiting for service AtCmdFwd...
I/dex2oat ( 9137): dex2oat took 5.311s (threads: 2) arena alloc=646KB java alloc=5MB native alloc=20MB free=3MB
W/PackageManager(  926): Not granting permission android.permission.MANAGE_DOCUMENTS to package com.careerbuilder.SugarDrone (protectionLevel=2 flags=0x3808be46)
W/PackageManager(  926): Not granting permission android.permission.MOUNT_UNMOUNT_FILESYSTEMS to package com.careerbuilder.SugarDrone (protectionLevel=18 flags=0x3808be46)
V/BackupManagerService(  926): restoreAtInstall pkg=com.careerbuilder.SugarDrone token=5 restoreSet=0
V/BackupManagerService(  926): Finishing install immediately
W/Settings(  926): Setting install_non_market_apps has moved from android.provider.Settings.Global to android.provider.Settings.Secure, returning read-only value.
I/art     (  926): Starting a blocking GC Explicit
I/art     (  926): Explicit concurrent mark sweep GC freed 190186(11MB) AllocSpace objects, 47(2MB) LOS objects, 33% free, 30MB/46MB, paused 1.805ms total 126.578ms
I/art     ( 9080): System.exit called, status: 0
I/AndroidRuntime( 9080): VM exiting with result code 0.
I/InputReader(  926): Reconfiguring input devices.  changes=0x00000010
D/CarrierServiceBindHelper( 3558): Receive action: android.intent.action.PACKAGE_ADDED
D/CarrierServiceBindHelper( 3558): mHandler: 3
D/CarrierConfigLoader( 3558): mHandler: 9 phoneId: 0
I/ActivityManager(  926): Start proc 9215:com.android.musicfx/u0a21 for broadcast com.android.musicfx/.Compatibility$Receiver
W/System  ( 9215): ClassLoader referenced unknown path: /system/priv-app/MusicFX/lib/arm64
I/ActivityManager(  926): Start proc 9236:com.android.vending/u0a22 for broadcast com.android.vending/com.google.android.finsky.receivers.PackageMonitorReceiver$RegisteredReceiver
I/ActivityManager(  926): Killing 7509:com.android.providers.calendar/u0a1 (adj 15): empty #17
W/System  ( 9236): ClassLoader referenced unknown path: /system/priv-app/Phonesky/lib/arm64
W/Finsky  ( 9236): [1] FinskyApp.getCurrentAccount: No account configured on this device.
D/Finsky  ( 9236): [1] FinskyApp.onCreate: Initializing network with DFE https://android.clients.google.com/fdfe/
W/Finsky  ( 9236): [1] FinskyApp.getCurrentAccount: No account configured on this device.
W/Finsky  ( 9236): [1] FinskyApp.getCurrentAccount: No account configured on this device.
W/Finsky  ( 9236): [1] FinskyApp.getCurrentAccount: No account configured on this device.
W/Finsky  ( 9236): [1] FinskyApp.getCurrentAccount: No account configured on this device.
W/Finsky  ( 9236): [1] FinskyApp.getCurrentAccount: No account configured on this device.
W/Finsky  ( 9236): [1] FinskyApp.getCurrentAccount: No account configured on this device.
W/Finsky  ( 9236): [1] FinskyApp.getCurrentAccount: No account configured on this device.
D/Finsky  ( 9236): [1] DailyHygiene.goMakeHygieneIfDirty: No need to run daily hygiene.
I/ServiceManager(  600): Waiting for service AtCmdFwd...
W/Settings( 9236): Setting download_manager_max_bytes_over_mobile has moved from android.provider.Settings.Secure to android.provider.Settings.Global.
W/Settings( 9236): Setting download_manager_recommended_max_bytes_over_mobile has moved from android.provider.Settings.Secure to android.provider.Settings.Global.
W/Finsky  ( 9236): [1] FinskyApp.getCurrentAccount: No account configured on this device.
W/Finsky  ( 9236): [1] FinskyApp.getCurrentAccount: No account configured on this device.
W/Finsky  ( 9236): [1] FinskyApp.getDfeApi: No account configured on this device.
W/Finsky  ( 9236): [1] FinskyApp.getCurrentAccount: No account configured on this device.
D/Ads     ( 9236): Skipping gmscore version check
I/ActivityManager(  926): Start proc 9277:com.google.android.apps.docs/u0a43 for broadcast com.google.android.apps.docs/.receivers.AppPackageAddRemoveReceiver
I/UpdateIcingCorporaServi( 7884): Updating corpora: APPS=com.careerbuilder.SugarDrone, CONTACTS=MAYBE
W/System  ( 9277): ClassLoader referenced unknown path: /system/app/Drive/lib/arm64
W/IcingInternalCorpora( 4432): getNumBytesRead when not calculated.
I/Icing   ( 4432): Usage reports 0 indexed 0 rejected 0 imm upload true
D/Finsky  ( 9236): [1] ExternalReferrer.access$200: Package state data is missing for com.careerbuilder.SugarDrone
I/UpdateIcingCorporaServi( 7884): UpdateCorporaTask done [took 283 ms] updated apps [took 283 ms] 
W/Finsky  ( 9236): [1] FinskyApp.getCurrentAccount: No account configured on this device.
W/Finsky  ( 9236): [1] FinskyApp.getCurrentAccount: No account configured on this device.
D/Finsky  ( 9236): [1] GmsCoreHelper.cleanupNlp: result=false type=4
D/AndroidRuntime( 9247): >>>>>> START com.android.internal.os.RuntimeInit uid 2000 <<<<<<
D/AndroidRuntime( 9247): CheckJNI is OFF
D/Finsky  ( 9236): [1] RestoreTracker.stopServiceIfDone: Restore complete with 0 success and 0 failed.
D/ICU     ( 9247): No timezone override file found: /data/misc/zoneinfo/current/icu/icu_tzdata.dat
I/Radio-JNI( 9247): register_android_hardware_Radio DONE
D/AndroidRuntime( 9247): Calling main entry com.android.commands.settings.SettingsCmd
D/AndroidRuntime( 9247): Shutting down VM
I/GAv4    ( 9277): Google Analytics 7.8.95 is starting up. To enable debug logging on a device run:
I/GAv4    ( 9277):   adb shell setprop log.tag.GAv4 DEBUG
I/GAv4    ( 9277):   adb logcat -s GAv4
W/GAv4    ( 9277): AnalyticsReceiver is not registered or is disabled. Register the receiver for reliable dispatching on non-Google Play devices. See http://goo.gl/8Rd3yj for instructions.
W/GAv4    ( 9277): CampaignTrackingReceiver is not registered, not exported or is disabled. Installation campaign tracking is not possible. See http://goo.gl/8Rd3yj for instructions.
W/AnalyticsTrackerProxyImpl( 9277): Analytics setup for ID UA-21125203-2, app name Drive, version 2.3.327.05.46
W/GAv4    ( 9277): AnalyticsService not registered in the app manifest. Hits might not be delivered reliably. See http://goo.gl/8Rd3yj for instructions.
I/ActivityManager(  926): Killing 7659:com.qualcomm.timeservice/1000 (adj 15): empty #17
I/ServiceManager(  600): Waiting for service AtCmdFwd...
D/Wear_Controller( 4432): Received broadcast action=android.intent.action.PACKAGE_ADDED and uri=com.careerbuilder.SugarDrone
I/PeopleContactsSync( 4432): triggerPendingContactsCleanup: no accounts
I/ThermalEngine(  521): ACTION: GPU - Setting GPU[0] to 450000000
I/Icing   ( 4432): Usage reports 0 indexed 0 rejected 0 imm upload false
I/Icing   ( 4432): Usage reports 0 indexed 0 rejected 0 imm upload false
I/Icing   ( 4432): Indexing E58B09958320B6A0799CC60F59E604FF729F846D from com.google.android.googlequicksearchbox
D/AndroidRuntime( 9322): >>>>>> START com.android.internal.os.RuntimeInit uid 2000 <<<<<<
D/AndroidRuntime( 9322): CheckJNI is OFF
D/ICU     ( 9322): No timezone override file found: /data/misc/zoneinfo/current/icu/icu_tzdata.dat
I/Icing   ( 4432): Indexing done E58B09958320B6A0799CC60F59E604FF729F846D
I/Radio-JNI( 9322): register_android_hardware_Radio DONE
W/linker  ( 9277): /data/app/com.google.android.gms-2/lib/arm64/libconscrypt_gmscore_jni.so: unused DT entry: type 0x1d arg 0x80
V/JNIHelp ( 9277): Registering com/google/android/gms/org/conscrypt/NativeCrypto's 242 native methods...
D/AndroidRuntime( 9322): Calling main entry com.android.commands.settings.SettingsCmd
D/AndroidRuntime( 9322): Shutting down VM
I/art     ( 9277): Rejecting re-init on previously-failed class java.lang.Class<com.google.android.gms.org.conscrypt.OpenSSLExtendedSessionImpl>
I/art     ( 9277): Rejecting re-init on previously-failed class java.lang.Class<com.google.android.gms.org.conscrypt.OpenSSLExtendedSessionImpl>
I/ProviderInstaller( 9277): Installed default security provider GmsCore_OpenSSL
I/ServiceManager(  600): Waiting for service AtCmdFwd...
I/Icing   ( 4432): Indexing 75B7FD9F840F1C7D00F9D2E12E7D163EBD92D69A from com.google.android.gms
I/Icing   ( 4432): Indexing done 75B7FD9F840F1C7D00F9D2E12E7D163EBD92D69A
D/AndroidRuntime( 9368): >>>>>> START com.android.internal.os.RuntimeInit uid 2000 <<<<<<
D/AndroidRuntime( 9368): CheckJNI is OFF
D/ICU     ( 9368): No timezone override file found: /data/misc/zoneinfo/current/icu/icu_tzdata.dat
I/Radio-JNI( 9368): register_android_hardware_Radio DONE
D/AndroidRuntime( 9368): Calling main entry com.android.commands.settings.SettingsCmd
D/AndroidRuntime( 9368): Shutting down VM
I/ActivityManager(  926): Killing 7552:com.google.android.calendar/u0a36 (adj 15): empty #17
I/ServiceManager(  600): Waiting for service AtCmdFwd...
I/ThermalEngine(  521): ACTION: GPU - Setting GPU[0] to 390000000
D/AndroidRuntime( 9393): >>>>>> START com.android.internal.os.RuntimeInit uid 2000 <<<<<<
D/AndroidRuntime( 9393): CheckJNI is OFF
D/ICU     ( 9393): No timezone override file found: /data/misc/zoneinfo/current/icu/icu_tzdata.dat
I/Radio-JNI( 9393): register_android_hardware_Radio DONE
D/AndroidRuntime( 9393): Calling main entry com.android.commands.settings.SettingsCmd
D/AndroidRuntime( 9393): Shutting down VM
D/WifiStateMachine(  926): starting scan for "xtc-ag"WPA_PSK with 5240,5180,5220,5200
W/Atfwd_Sendcmd(  600): AtCmdFwd service not published, waiting... retryCnt : 1
D/AndroidRuntime( 9414): >>>>>> START com.android.internal.os.RuntimeInit uid 2000 <<<<<<
D/AndroidRuntime( 9414): CheckJNI is OFF
D/ICU     ( 9414): No timezone override file found: /data/misc/zoneinfo/current/icu/icu_tzdata.dat
I/Radio-JNI( 9414): register_android_hardware_Radio DONE
D/AndroidRuntime( 9414): Calling main entry com.android.commands.settings.SettingsCmd
D/AndroidRuntime( 9414): Shutting down VM
D/AndroidRuntime( 9438): >>>>>> START com.android.internal.os.RuntimeInit uid 2000 <<<<<<
D/AndroidRuntime( 9438): CheckJNI is OFF
D/ICU     ( 9438): No timezone override file found: /data/misc/zoneinfo/current/icu/icu_tzdata.dat
I/Radio-JNI( 9438): register_android_hardware_Radio DONE
D/AndroidRuntime( 9438): Calling main entry com.android.commands.appops.AppOpsCommand
D/AndroidRuntime( 9438): Shutting down VM
D/AndroidRuntime( 9459): >>>>>> START com.android.internal.os.RuntimeInit uid 2000 <<<<<<
D/AndroidRuntime( 9459): CheckJNI is OFF
D/ICU     ( 9459): No timezone override file found: /data/misc/zoneinfo/current/icu/icu_tzdata.dat
I/Radio-JNI( 9459): register_android_hardware_Radio DONE
D/AndroidRuntime( 9459): Calling main entry com.android.commands.pm.Pm
I/art     ( 9459): System.exit called, status: 0
I/AndroidRuntime( 9459): VM exiting with result code 0.
I/ThermalEngine(  521): ACTION: GPU - Setting GPU[0] to 450000000
I/ActivityManager(  926): Killing 7329:com.google.android.talk/u0a53 (adj 15): empty #17
D/AndroidRuntime( 9504): >>>>>> START com.android.internal.os.RuntimeInit uid 2000 <<<<<<
D/AndroidRuntime( 9504): CheckJNI is OFF
D/ICU     ( 9504): No timezone override file found: /data/misc/zoneinfo/current/icu/icu_tzdata.dat
I/Radio-JNI( 9504): register_android_hardware_Radio DONE
D/AndroidRuntime( 9504): Calling main entry com.android.commands.pm.Pm
I/art     ( 9504): System.exit called, status: 0
I/AndroidRuntime( 9504): VM exiting with result code 0.
I/ServiceManager(  600): Waiting for service AtCmdFwd...
I/ServiceManager(  600): Waiting for service AtCmdFwd...
I/ThermalEngine(  521): ACTION: GPU - Setting GPU[0] to 390000000
I/ServiceManager(  600): Waiting for service AtCmdFwd...
D/AndroidRuntime( 9577): >>>>>> START com.android.internal.os.RuntimeInit uid 2000 <<<<<<
D/AndroidRuntime( 9577): CheckJNI is OFF
D/ICU     ( 9577): No timezone override file found: /data/misc/zoneinfo/current/icu/icu_tzdata.dat
I/Radio-JNI( 9577): register_android_hardware_Radio DONE
D/AndroidRuntime( 9577): Calling main entry com.android.commands.am.Am
W/ActivityManager(  926): Invalid packageName: com.careerbuilder.SugarDrone.test
D/AndroidRuntime( 9577): Shutting down VM
I/ServiceManager(  600): Waiting for service AtCmdFwd...
I/ThermalEngine(  521): ACTION: GPU - Setting GPU[0] to 450000000
D/AndroidRuntime( 9605): >>>>>> START com.android.internal.os.RuntimeInit uid 2000 <<<<<<
D/AndroidRuntime( 9605): CheckJNI is OFF
D/ICU     ( 9605): No timezone override file found: /data/misc/zoneinfo/current/icu/icu_tzdata.dat
I/Radio-JNI( 9605): register_android_hardware_Radio DONE
D/AndroidRuntime( 9605): Calling main entry com.android.commands.pm.Pm
D/DefContainer( 9099): Copying /data/local/tmp/0000003931 to base.apk
I/PackageManager.DexOptimizer(  926): Running dexopt (dex2oat) on: /data/app/vmdl160375760.tmp/base.apk pkg=com.careerbuilder.SugarDrone.test isa=arm64 vmSafeMode=false debuggable=false oatDir = /data/app/vmdl160375760.tmp/oat bootComplete=true
I/dex2oat ( 9626): /system/bin/dex2oat -j2
I/ServiceManager(  600): Waiting for service AtCmdFwd...
D/NetlinkSocketObserver(  926): NeighborEvent{elapsedMs=245030, 10.22.0.1, [B0FAEB975089], RTM_NEWNEIGH, NUD_REACHABLE}
W/dex2oat ( 9626): No verified method for method calling String.<init>: java.lang.String android.text.TextUtils.substring(java.lang.CharSequence, int, int)
W/dex2oat ( 9626): No verified method for method calling String.<init>: java.lang.String android.text.TextUtils.substring(java.lang.CharSequence, int, int)
W/Atfwd_Sendcmd(  600): AtCmdFwd service not published, waiting... retryCnt : 2
I/dex2oat ( 9626): Skipping compilation of void sh.calaba.org.codehaus.jackson.impl.Utf8StreamParser._skipString(): it contains a non natural loop
I/dex2oat ( 9626): dex2oat took 2.215s (threads: 2) arena alloc=2MB java alloc=2MB native alloc=9MB free=2037KB
I/ThermalEngine(  521): ACTION: GPU - Setting GPU[0] to 390000000
W/PackageManager(  926): Not granting permission android.permission.ACCESS_MOCK_LOCATION to package com.careerbuilder.SugarDrone.test (protectionLevel=2 flags=0x1800be44)
V/BackupManagerService(  926): restoreAtInstall pkg=com.careerbuilder.SugarDrone.test token=6 restoreSet=0
V/BackupManagerService(  926): Finishing install immediately
W/Settings(  926): Setting install_non_market_apps has moved from android.provider.Settings.Global to android.provider.Settings.Secure, returning read-only value.
I/art     (  926): Starting a blocking GC Explicit
D/Finsky  ( 9236): [404] AppStatesReplicator.handleContentSyncResponse: Completed 0 account content syncs with 0 successful.
D/Finsky  ( 9236): [1] ContentSyncService$5.onFinished: Installation state replication succeeded.
I/art     (  926): Explicit concurrent mark sweep GC freed 113006(7MB) AllocSpace objects, 16(360KB) LOS objects, 33% free, 30MB/45MB, paused 1.595ms total 106.865ms
I/InputReader(  926): Reconfiguring input devices.  changes=0x00000010
I/art     ( 9605): System.exit called, status: 0
I/AndroidRuntime( 9605): VM exiting with result code 0.
D/CarrierServiceBindHelper( 3558): Receive action: android.intent.action.PACKAGE_ADDED
D/CarrierServiceBindHelper( 3558): mHandler: 3
D/Finsky  ( 9236): [1] ExternalReferrer.access$200: Package state data is missing for com.careerbuilder.SugarDrone.test
D/CarrierConfigLoader( 3558): mHandler: 9 phoneId: 0
I/UpdateIcingCorporaServi( 7884): Updating corpora: APPS=com.careerbuilder.SugarDrone.test, CONTACTS=MAYBE
I/UpdateIcingCorporaServi( 7884): UpdateCorporaTask done [took 87 ms] updated apps [took 87 ms] 
D/Wear_Controller( 4432): Received broadcast action=android.intent.action.PACKAGE_ADDED and uri=com.careerbuilder.SugarDrone.test
I/PeopleContactsSync( 4432): triggerPendingContactsCleanup: no accounts
W/IcingInternalCorpora( 4432): getNumBytesRead when not calculated.
I/Icing   ( 4432): Usage reports 0 indexed 0 rejected 0 imm upload false
I/Icing   ( 4432): Usage reports 0 indexed 0 rejected 0 imm upload false
D/AndroidRuntime( 9694): >>>>>> START com.android.internal.os.RuntimeInit uid 2000 <<<<<<
D/AndroidRuntime( 9694): CheckJNI is OFF
D/ICU     ( 9694): No timezone override file found: /data/misc/zoneinfo/current/icu/icu_tzdata.dat
I/Radio-JNI( 9694): register_android_hardware_Radio DONE
D/AndroidRuntime( 9694): Calling main entry com.android.commands.settings.SettingsCmd
D/AndroidRuntime( 9694): Shutting down VM
I/Icing   ( 4432): Indexing 75B7FD9F840F1C7D00F9D2E12E7D163EBD92D69A from com.google.android.gms
I/Icing   ( 4432): Indexing done 75B7FD9F840F1C7D00F9D2E12E7D163EBD92D69A
D/AndroidRuntime( 9724): >>>>>> START com.android.internal.os.RuntimeInit uid 2000 <<<<<<
D/AndroidRuntime( 9724): CheckJNI is OFF
D/ICU     ( 9724): No timezone override file found: /data/misc/zoneinfo/current/icu/icu_tzdata.dat
I/Radio-JNI( 9724): register_android_hardware_Radio DONE
D/AndroidRuntime( 9724): Calling main entry com.android.commands.settings.SettingsCmd
D/AndroidRuntime( 9724): Shutting down VM
D/AndroidRuntime( 9748): >>>>>> START com.android.internal.os.RuntimeInit uid 2000 <<<<<<
D/AndroidRuntime( 9748): CheckJNI is OFF
D/ICU     ( 9748): No timezone override file found: /data/misc/zoneinfo/current/icu/icu_tzdata.dat
I/Radio-JNI( 9748): register_android_hardware_Radio DONE
D/AndroidRuntime( 9748): Calling main entry com.android.commands.settings.SettingsCmd
D/AndroidRuntime( 9748): Shutting down VM
D/AndroidRuntime( 9772): >>>>>> START com.android.internal.os.RuntimeInit uid 2000 <<<<<<
D/AndroidRuntime( 9772): CheckJNI is OFF
D/ICU     ( 9772): No timezone override file found: /data/misc/zoneinfo/current/icu/icu_tzdata.dat
I/Radio-JNI( 9772): register_android_hardware_Radio DONE
D/AndroidRuntime( 9772): Calling main entry com.android.commands.settings.SettingsCmd
D/AndroidRuntime( 9772): Shutting down VM
D/AndroidRuntime( 9792): >>>>>> START com.android.internal.os.RuntimeInit uid 2000 <<<<<<
D/AndroidRuntime( 9792): CheckJNI is OFF
D/ICU     ( 9792): No timezone override file found: /data/misc/zoneinfo/current/icu/icu_tzdata.dat
I/Radio-JNI( 9792): register_android_hardware_Radio DONE
D/AndroidRuntime( 9792): Calling main entry com.android.commands.settings.SettingsCmd
D/AndroidRuntime( 9792): Shutting down VM
I/ThermalEngine(  521): ACTION: GPU - Setting GPU[0] to 450000000
D/AndroidRuntime( 9813): >>>>>> START com.android.internal.os.RuntimeInit uid 2000 <<<<<<
D/AndroidRuntime( 9813): CheckJNI is OFF
D/ICU     ( 9813): No timezone override file found: /data/misc/zoneinfo/current/icu/icu_tzdata.dat
I/Radio-JNI( 9813): register_android_hardware_Radio DONE
D/AndroidRuntime( 9813): Calling main entry com.android.commands.appops.AppOpsCommand
D/AndroidRuntime( 9813): Shutting down VM
D/AndroidRuntime( 9835): >>>>>> START com.android.internal.os.RuntimeInit uid 2000 <<<<<<
D/AndroidRuntime( 9835): CheckJNI is OFF
D/ICU     ( 9835): No timezone override file found: /data/misc/zoneinfo/current/icu/icu_tzdata.dat
I/Radio-JNI( 9835): register_android_hardware_Radio DONE
D/AndroidRuntime( 9835): Calling main entry com.android.commands.pm.Pm
I/art     ( 9835): System.exit called, status: 0
I/AndroidRuntime( 9835): VM exiting with result code 0.
D/WifiStateMachine(  926): starting scan for "xtc-ag"WPA_PSK with 5240,5180,5220,5200
I/ServiceManager(  600): Waiting for service AtCmdFwd...
I/ThermalEngine(  521): ACTION: GPU - Setting GPU[0] to 390000000
D/AndroidRuntime( 9880): >>>>>> START com.android.internal.os.RuntimeInit uid 2000 <<<<<<
D/AndroidRuntime( 9880): CheckJNI is OFF
D/ICU     ( 9880): No timezone override file found: /data/misc/zoneinfo/current/icu/icu_tzdata.dat
I/Radio-JNI( 9880): register_android_hardware_Radio DONE
D/AndroidRuntime( 9880): Calling main entry com.android.commands.pm.Pm
I/art     ( 9880): System.exit called, status: 0
I/AndroidRuntime( 9880): VM exiting with result code 0.
I/ServiceManager(  600): Waiting for service AtCmdFwd...
I/ServiceManager(  600): Waiting for service AtCmdFwd...
I/ServiceManager(  600): Waiting for service AtCmdFwd...
I/ThermalEngine(  521): ACTION: GPU - Setting GPU[0] to 450000000
D/AndroidRuntime( 9943): >>>>>> START com.android.internal.os.RuntimeInit uid 2000 <<<<<<
D/AndroidRuntime( 9943): CheckJNI is OFF
D/ICU     ( 9943): No timezone override file found: /data/misc/zoneinfo/current/icu/icu_tzdata.dat
I/Radio-JNI( 9943): register_android_hardware_Radio DONE
D/AndroidRuntime( 9943): Calling main entry com.android.commands.input.Input
I/Input   ( 9943): injectKeyEvent: KeyEvent { action=ACTION_DOWN, keyCode=KEYCODE_BACK, scanCode=0, metaState=0, flags=0x0, repeatCount=0, eventTime=259063, downTime=259063, deviceId=-1, source=0x101 }
I/Input   ( 9943): injectKeyEvent: KeyEvent { action=ACTION_UP, keyCode=KEYCODE_BACK, scanCode=0, metaState=0, flags=0x0, repeatCount=0, eventTime=259063, downTime=259063, deviceId=-1, source=0x101 }
D/EmojiAltPhysicalKeyDetector( 3463): onKeyUp() : KeyEvent { action=ACTION_UP, keyCode=KEYCODE_BACK, scanCode=0, metaState=0, flags=0x0, repeatCount=0, eventTime=259063, downTime=259063, deviceId=-1, source=0x101 }
D/EmojiAltPhysicalKeyDetector( 3463): onKeyUp() : Disabled
D/AndroidRuntime( 9943): Shutting down VM
I/ServiceManager(  600): Waiting for service AtCmdFwd...
W/Atfwd_Sendcmd(  600): AtCmdFwd service not published, waiting... retryCnt : 3
I/ThermalEngine(  521): ACTION: GPU - Setting GPU[0] to 390000000
D/AndroidRuntime( 9995): >>>>>> START com.android.internal.os.RuntimeInit uid 2000 <<<<<<
D/AndroidRuntime( 9995): CheckJNI is OFF
D/ICU     ( 9995): No timezone override file found: /data/misc/zoneinfo/current/icu/icu_tzdata.dat
I/Radio-JNI( 9995): register_android_hardware_Radio DONE
D/AndroidRuntime( 9995): Calling main entry com.android.commands.input.Input
I/Input   ( 9995): injectKeyEvent: KeyEvent { action=ACTION_DOWN, keyCode=KEYCODE_HOME, scanCode=0, metaState=0, flags=0x0, repeatCount=0, eventTime=260978, downTime=260978, deviceId=-1, source=0x101 }
I/Input   ( 9995): injectKeyEvent: KeyEvent { action=ACTION_UP, keyCode=KEYCODE_HOME, scanCode=0, metaState=0, flags=0x0, repeatCount=0, eventTime=260978, downTime=260978, deviceId=-1, source=0x101 }
I/ActivityManager(  926): START u0 {act=android.intent.action.MAIN cat=[android.intent.category.HOME] flg=0x10200000 cmp=com.google.android.googlequicksearchbox/com.google.android.launcher.GEL (has extras)} from uid 1000 on display 0
D/AndroidRuntime( 9995): Shutting down VM
I/GEL     ( 3589): handleIntent(Intent { act=android.intent.action.MAIN cat=[android.intent.category.HOME] flg=0x10200000 cmp=com.google.android.googlequicksearchbox/com.google.android.launcher.GEL (has extras) })
D/Finsky  ( 9236): [404] AppStatesReplicator.handleContentSyncResponse: Completed 0 account content syncs with 0 successful.
D/Finsky  ( 9236): [1] ContentSyncService$5.onFinished: Installation state replication succeeded.
D/AndroidRuntime(10031): >>>>>> START com.android.internal.os.RuntimeInit uid 2000 <<<<<<
D/AndroidRuntime(10031): CheckJNI is OFF
D/ICU     (10031): No timezone override file found: /data/misc/zoneinfo/current/icu/icu_tzdata.dat
I/Radio-JNI(10031): register_android_hardware_Radio DONE
D/AndroidRuntime(10031): Calling main entry com.android.commands.input.Input
I/Input   (10031): injectKeyEvent: KeyEvent { action=ACTION_DOWN, keyCode=KEYCODE_BACK, scanCode=0, metaState=0, flags=0x0, repeatCount=0, eventTime=262525, downTime=262525, deviceId=-1, source=0x101 }
I/Input   (10031): injectKeyEvent: KeyEvent { action=ACTION_UP, keyCode=KEYCODE_BACK, scanCode=0, metaState=0, flags=0x0, repeatCount=0, eventTime=262525, downTime=262525, deviceId=-1, source=0x101 }
D/EmojiAltPhysicalKeyDetector( 3463): onKeyUp() : KeyEvent { action=ACTION_UP, keyCode=KEYCODE_BACK, scanCode=0, metaState=0, flags=0x0, repeatCount=0, eventTime=262525, downTime=262525, deviceId=-1, source=0x101 }
D/EmojiAltPhysicalKeyDetector( 3463): onKeyUp() : Disabled
D/AndroidRuntime(10031): Shutting down VM
D/AndroidRuntime(10066): >>>>>> START com.android.internal.os.RuntimeInit uid 2000 <<<<<<
D/AndroidRuntime(10066): CheckJNI is OFF
D/ICU     (10066): No timezone override file found: /data/misc/zoneinfo/current/icu/icu_tzdata.dat
I/Radio-JNI(10066): register_android_hardware_Radio DONE
D/AndroidRuntime(10066): Calling main entry com.android.commands.am.Am
I/ActivityManager(  926): Force stopping com.careerbuilder.SugarDrone appid=15812 user=0: start instr
I/ActivityManager(  926): Start proc 10085:com.careerbuilder.SugarDrone/u0a5812 for added application com.careerbuilder.SugarDrone
I/art     (10085): Late-enabling -Xcheck:jni
E/dex2oat (10100): Failed to create oat file: /data/dalvik-cache/arm/data@app@com.careerbuilder.SugarDrone.test-1@base.apk@classes.dex: Permission denied
I/dex2oat (10100): dex2oat took 1.249ms (threads: 2) 
W/art     (10085): Failed execv(/system/bin/dex2oat --runtime-arg -classpath --runtime-arg  --instruction-set=arm --instruction-set-features=smp,div,-atomic_ldrd_strd --runtime-arg -Xrelocate --boot-image=/system/framework/boot.art --runtime-arg -Xms64m --runtime-arg -Xmx512m -j2 --instruction-set-variant=cortex-a7 --instruction-set-features=default --dex-file=/data/app/com.careerbuilder.SugarDrone.test-1/base.apk --oat-file=/data/dalvik-cache/arm/data@app@com.careerbuilder.SugarDrone.test-1@base.apk@classes.dex) because non-0 exit status
W/System  (10085): ClassLoader referenced unknown path: /data/app/com.careerbuilder.SugarDrone.test-1/lib/arm64
W/monodroid(10085): Using override path: /data/user/0/com.careerbuilder.SugarDrone/files/.__override__
W/monodroid(10085): Trying to load sgen from: /data/user/0/com.careerbuilder.SugarDrone/files/.__override__/libmonosgen-2.0.so
W/monodroid(10085): Trying to load sgen from: /storage/emulated/0/Android/data/com.careerbuilder.SugarDrone/files/.__override__/libmonosgen-2.0.so
W/monodroid(10085): Trying to load sgen from: /data/app/com.careerbuilder.SugarDrone-1/lib/arm/libmonosgen-2.0.so
D/Mono    (10085): Image addref mscorlib[0xef229020] -> mscorlib.dll[0xecdbbd00]: 2
D/Mono    (10085): Prepared to set up assembly 'mscorlib' (mscorlib.dll)
D/Mono    (10085): AOT module 'mscorlib.dll.so' not found: dlopen failed: library "/data/app/com.careerbuilder.SugarDrone-1/lib/arm/libaot-mscorlib.dll.so" not found
D/Mono    (10085): AOT module '/Users/builder/data/lanes/4009/f3074d2c/source/monodroid/builds/install/mono-armv6/lib/mono/aot-cache/arm/mscorlib.dll.so' not found: dlopen failed: library "/data/app/com.careerbuilder.SugarDrone-1/lib/arm/libaot-mscorlib.dll.so" not found
D/Mono    (10085): Config attempting to parse: 'mscorlib.dll.config'.
D/Mono    (10085): Config attempting to parse: '/Users/builder/data/lanes/4009/f3074d2c/source/monodroid/builds/install/mono-armv6/etc/mono/assemblies/mscorlib/mscorlib.config'.
D/Mono    (10085): Assembly mscorlib[0xef229020] added to domain RootDomain, ref_count=1
D/Mono    (10085): Image addref CareerBuilder_Search.Droid[0xef229080] -> CareerBuilder_Search.Droid.dll[0xecdbcc00]: 2
D/Mono    (10085): Prepared to set up assembly 'CareerBuilder_Search.Droid' (CareerBuilder_Search.Droid.dll)
D/Mono    (10085): Assembly CareerBuilder_Search.Droid[0xef229080] added to domain RootDomain, ref_count=1
D/Mono    (10085): AOT module 'CareerBuilder_Search.Droid.dll.so' not found: dlopen failed: library "/data/app/com.careerbuilder.SugarDrone-1/lib/arm/libaot-CareerBuilder_Search.Droid.dll.so" not found
D/Mono    (10085): AOT module '/Users/builder/data/lanes/4009/f3074d2c/source/monodroid/builds/install/mono-armv6/lib/mono/aot-cache/arm/CareerBuilder_Search.Droid.dll.so' not found: dlopen failed: library "/data/app/com.careerbuilder.SugarDrone-1/lib/arm/libaot-CareerBuilder_Search.Droid.dll.so" not found
D/Mono    (10085): Config attempting to parse: 'CareerBuilder_Search.Droid.dll.config'.
D/Mono    (10085): Config attempting to parse: '/Users/builder/data/lanes/4009/f3074d2c/source/monodroid/builds/install/mono-armv6/etc/mono/assemblies/CareerBuilder_Search.Droid/CareerBuilder_Search.Droid.config'.
D/Mono    (10085): Image addref AppsFlyerXamarinBindingAndroid[0xef2290e0] -> AppsFlyerXamarinBindingAndroid.dll[0xf4ef6f00]: 2
D/Mono    (10085): Prepared to set up assembly 'AppsFlyerXamarinBindingAndroid' (AppsFlyerXamarinBindingAndroid.dll)
D/Mono    (10085): Assembly AppsFlyerXamarinBindingAndroid[0xef2290e0] added to domain RootDomain, ref_count=1
D/Mono    (10085): AOT module 'AppsFlyerXamarinBindingAndroid.dll.so' not found: dlopen failed: library "/data/app/com.careerbuilder.SugarDrone-1/lib/arm/libaot-AppsFlyerXamarinBindingAndroid.dll.so" not found
D/Mono    (10085): AOT module '/Users/builder/data/lanes/4009/f3074d2c/source/monodroid/builds/install/mono-armv6/lib/mono/aot-cache/arm/AppsFlyerXamarinBindingAndroid.dll.so' not found: dlopen failed: library "/data/app/com.careerbuilder.SugarDrone-1/lib/arm/libaot-AppsFlyerXamarinBindingAndroid.dll.so" not found
D/Mono    (10085): Config attempting to parse: 'AppsFlyerXamarinBindingAndroid.dll.config'.
D/Mono    (10085): Config attempting to parse: '/Users/builder/data/lanes/4009/f3074d2c/source/monodroid/builds/install/mono-armv6/etc/mono/assemblies/AppsFlyerXamarinBindingAndroid/AppsFlyerXamarinBindingAndroid.config'.
D/Mono    (10085): Image addref HockeySDK[0xef229140] -> HockeySDK.dll[0xf4ef7400]: 2
D/Mono    (10085): Prepared to set up assembly 'HockeySDK' (HockeySDK.dll)
D/Mono    (10085): Assembly HockeySDK[0xef229140] added to domain RootDomain, ref_count=1
D/Mono    (10085): AOT module 'HockeySDK.dll.so' not found: dlopen failed: library "/data/app/com.careerbuilder.SugarDrone-1/lib/arm/libaot-HockeySDK.dll.so" not found
D/Mono    (10085): AOT module '/Users/builder/data/lanes/4009/f3074d2c/source/monodroid/builds/install/mono-armv6/lib/mono/aot-cache/arm/HockeySDK.dll.so' not found: dlopen failed: library "/data/app/com.careerbuilder.SugarDrone-1/lib/arm/libaot-HockeySDK.dll.so" not found
D/Mono    (10085): Config attempting to parse: 'HockeySDK.dll.config'.
D/Mono    (10085): Config attempting to parse: '/Users/builder/data/lanes/4009/f3074d2c/source/monodroid/builds/install/mono-armv6/etc/mono/assemblies/HockeySDK/HockeySDK.config'.
D/Mono    (10085): Image addref Akavache[0xef2291a0] -> Akavache.dll[0xf4ef7900]: 2
D/Mono    (10085): Prepared to set up assembly 'Akavache' (Akavache.dll)
D/Mono    (10085): Assembly Akavache[0xef2291a0] added to domain RootDomain, ref_count=1
D/Mono    (10085): AOT module 'Akavache.dll.so' not found: dlopen failed: library "/data/app/com.careerbuilder.SugarDrone-1/lib/arm/libaot-Akavache.dll.so" not found
D/Mono    (10085): AOT module '/Users/builder/data/lanes/4009/f3074d2c/source/monodroid/builds/install/mono-armv6/lib/mono/aot-cache/arm/Akavache.dll.so' not found: dlopen failed: library "/data/app/com.careerbuilder.SugarDrone-1/lib/arm/libaot-Akavache.dll.so" not found
D/Mono    (10085): Config attempting to parse: 'Akavache.dll.config'.
D/Mono    (10085): Config attempting to parse: '/Users/builder/data/lanes/4009/f3074d2c/source/monodroid/builds/install/mono-armv6/etc/mono/assemblies/Akavache/Akavache.config'.
D/Mono    (10085): Image addref Akavache.Sqlite3[0xef229200] -> Akavache.Sqlite3.dll[0xea289000]: 2
D/Mono    (10085): Prepared to set up assembly 'Akavache.Sqlite3' (Akavache.Sqlite3.dll)
D/Mono    (10085): Assembly Akavache.Sqlite3[0xef229200] added to domain RootDomain, ref_count=1
D/Mono    (10085): AOT module 'Akavache.Sqlite3.dll.so' not found: dlopen failed: library "/data/app/com.careerbuilder.SugarDrone-1/lib/arm/libaot-Akavache.Sqlite3.dll.so" not found
D/Mono    (10085): AOT module '/Users/builder/data/lanes/4009/f3074d2c/source/monodroid/builds/install/mono-armv6/lib/mono/aot-cache/arm/Akavache.Sqlite3.dll.so' not found: dlopen failed: library "/data/app/com.careerbuilder.SugarDrone-1/lib/arm/libaot-Akavache.Sqlite3.dll.so" not found
W/        (10085): Symbol file LoadedFromMemory doesn't match image Akavache.Sqlite3.dll
D/Mono    (10085): Config attempting to parse: 'Akavache.Sqlite3.dll.config'.
D/Mono    (10085): Config attempting to parse: '/Users/builder/data/lanes/4009/f3074d2c/source/monodroid/builds/install/mono-armv6/etc/mono/assemblies/Akavache.Sqlite3/Akavache.Sqlite3.config'.
D/Mono    (10085): Image addref Splat[0xef2293e0] -> Splat.dll[0xea289500]: 2
D/Mono    (10085): Prepared to set up assembly 'Splat' (Splat.dll)
D/Mono    (10085): Assembly Splat[0xef2293e0] added to domain RootDomain, ref_count=1
D/Mono    (10085): AOT module 'Splat.dll.so' not found: dlopen failed: library "/data/app/com.careerbuilder.SugarDrone-1/lib/arm/libaot-Splat.dll.so" not found
D/Mono    (10085): AOT module '/Users/builder/data/lanes/4009/f3074d2c/source/monodroid/builds/install/mono-armv6/lib/mono/aot-cache/arm/Splat.dll.so' not found: dlopen failed: library "/data/app/com.careerbuilder.SugarDrone-1/lib/arm/libaot-Splat.dll.so" not found
D/Mono    (10085): Config attempting to parse: 'Splat.dll.config'.
D/Mono    (10085): Config attempting to parse: '/Users/builder/data/lanes/4009/f3074d2c/source/monodroid/builds/install/mono-armv6/etc/mono/assemblies/Splat/Splat.config'.
D/Mono    (10085): Image addref Microsoft.Practices.ServiceLocation[0xef229440] -> Microsoft.Practices.ServiceLocation.dll[0xea289a00]: 2
D/Mono    (10085): Prepared to set up assembly 'Microsoft.Practices.ServiceLocation' (Microsoft.Practices.ServiceLocation.dll)
D/Mono    (10085): Assembly Microsoft.Practices.ServiceLocation[0xef229440] added to domain RootDomain, ref_count=1
D/Mono    (10085): AOT module 'Microsoft.Practices.ServiceLocation.dll.so' not found: dlopen failed: library "/data/app/com.careerbuilder.SugarDrone-1/lib/arm/libaot-Microsoft.Practices.ServiceLocation.dll.so" not found
D/Mono    (10085): AOT module '/Users/builder/data/lanes/4009/f3074d2c/source/monodroid/builds/install/mono-armv6/lib/mono/aot-cache/arm/Microsoft.Practices.ServiceLocation.dll.so' not found: dlopen failed: library "/data/app/com.careerbuilder.SugarDrone-1/lib/arm/libaot-Microsoft.Practices.ServiceLocation.dll.so" not found
D/Mono    (10085): Config attempting to parse: 'Microsoft.Practices.ServiceLocation.dll.config'.
D/Mono    (10085): Config attempting to parse: '/Users/builder/data/lanes/4009/f3074d2c/source/monodroid/builds/install/mono-armv6/etc/mono/assemblies/Microsoft.Practices.ServiceLocation/Microsoft.Practices.ServiceLocation.config'.
D/Mono    (10085): Image addref Microsoft.Practices.Unity[0xef2294a0] -> Microsoft.Practices.Unity.dll[0xea289f00]: 2
D/Mono    (10085): Prepared to set up assembly 'Microsoft.Practices.Unity' (Microsoft.Practices.Unity.dll)
D/Mono    (10085): Assembly Microsoft.Practices.Unity[0xef2294a0] added to domain RootDomain, ref_count=1
D/Mono    (10085): AOT module 'Microsoft.Practices.Unity.dll.so' not found: dlopen failed: library "/data/app/com.careerbuilder.SugarDrone-1/lib/arm/libaot-Microsoft.Practices.Unity.dll.so" not found
D/Mono    (10085): AOT module '/Users/builder/data/lanes/4009/f3074d2c/source/monodroid/builds/install/mono-armv6/lib/mono/aot-cache/arm/Microsoft.Practices.Unity.dll.so' not found: dlopen failed: library "/data/app/com.careerbuilder.SugarDrone-1/lib/arm/libaot-Microsoft.Practices.Unity.dll.so" not found
D/Mono    (10085): Config attempting to parse: 'Microsoft.Practices.Unity.dll.config'.
D/Mono    (10085): Config attempting to parse: '/Users/builder/data/lanes/4009/f3074d2c/source/monodroid/builds/install/mono-armv6/etc/mono/assemblies/Microsoft.Practices.Unity/Microsoft.Practices.Unity.config'.
D/Mono    (10085): Image addref Plugin.CurrentActivity[0xef229500] -> Plugin.CurrentActivity.dll[0xea28a400]: 2
D/Mono    (10085): Prepared to set up assembly 'Plugin.CurrentActivity' (Plugin.CurrentActivity.dll)
D/Mono    (10085): Assembly Plugin.CurrentActivity[0xef229500] added to domain RootDomain, ref_count=1
D/Mono    (10085): AOT module 'Plugin.CurrentActivity.dll.so' not found: dlopen failed: library "/data/app/com.careerbuilder.SugarDrone-1/lib/arm/libaot-Plugin.CurrentActivity.dll.so" not found
D/Mono    (10085): AOT module '/Users/builder/data/lanes/4009/f3074d2c/source/monodroid/builds/install/mono-armv6/lib/mono/aot-cache/arm/Plugin.CurrentActivity.dll.so' not found: dlopen failed: library "/data/app/com.careerbuilder.SugarDrone-1/lib/arm/libaot-Plugin.CurrentActivity.dll.so" not found
D/Mono    (10085): Config attempting to parse: 'Plugin.CurrentActivity.dll.config'.
