W/ResourceType( 9669): No known package when getting name for resource number 0xffffffff
W/ResourceType( 9669): No known package when getting name for resource number 0xffffffff
W/ResourceType( 9669): No known package when getting name for resource number 0xffffffff
W/ResourceType( 9669): No known package when getting name for resource number 0xffffffff
W/ResourceType( 9669): No known package when getting name for resource number 0xffffffff
W/ResourceType( 9669): No known package when getting name for resource number 0xffffffff
W/ResourceType( 9669): No known package when getting name for resource number 0xffffffff
W/ResourceType( 9669): No known package when getting name for resource number 0xffffffff
W/ResourceType( 9669): No known package when getting name for resource number 0xffffffff
W/ResourceType( 9669): No known package when getting name for resource number 0xffffffff
W/ResourceType( 9669): No known package when getting name for resource number 0xffffffff
W/ResourceType( 9669): No known package when getting name for resource number 0xffffffff
W/ResourceType( 9669): No known package when getting name for resource number 0xffffffff
W/ResourceType( 9669): No known package when getting name for resource number 0xffffffff
W/ResourceType( 9669): No known package when getting name for resource number 0xffffffff
W/ResourceType( 9669): No known package when getting name for resource number 0xffffffff
W/ResourceType( 9669): No known package when getting name for resource number 0xffffffff
W/ResourceType( 9669): No known package when getting name for resource number 0xffffffff
W/ResourceType( 9669): No known package when getting name for resource number 0xffffffff
W/ResourceType( 9669): No known package when getting name for resource number 0xffffffff
W/ResourceType( 9669): No known package when getting name for resource number 0xffffffff
W/ResourceType( 9669): No known package when getting name for resource number 0xffffffff
W/ResourceType( 9669): No known package when getting name for resource number 0xffffffff
W/ResourceType( 9669): No known package when getting name for resource number 0xffffffff
W/ResourceType( 9669): No known package when getting name for resource number 0xffffffff
W/ResourceType( 9669): No known package when getting name for resource number 0xffffffff
W/ResourceType( 9669): No known package when getting name for resource number 0xffffffff
W/ResourceType( 9669): No known package when getting name for resource number 0xffffffff
W/ResourceType( 9669): No known package when getting name for resource number 0xffffffff
W/ResourceType( 9669): No known package when getting name for resource number 0xffffffff
W/ResourceType( 9669): No known package when getting name for resource number 0xffffffff
W/ResourceType( 9669): No known package when getting name for resource number 0xffffffff
W/ResourceType( 9669): No known package when getting name for resource number 0xffffffff
W/ResourceType( 9669): No known package when getting name for resource number 0xffffffff
W/ResourceType( 9669): No known package when getting name for resource number 0xffffffff
W/ResourceType( 9669): No known package when getting name for resource number 0xffffffff
W/ResourceType( 9669): No known package when getting name for resource number 0xffffffff
W/ResourceType( 9669): No known package when getting name for resource number 0xffffffff
W/ResourceType( 9669): No known package when getting name for resource number 0xffffffff
W/ResourceType( 9669): No known package when getting name for resource number 0xffffffff
W/ResourceType( 9669): No known package when getting name for resource number 0xffffffff
W/ResourceType( 9669): No known package when getting name for resource number 0xffffffff
W/ResourceType( 9669): No known package when getting name for resource number 0xffffffff
W/ResourceType( 9669): No known package when getting name for resource number 0xffffffff
W/ResourceType( 9669): No known package when getting name for resource number 0xffffffff
W/ResourceType( 9669): No known package when getting name for resource number 0xffffffff
W/ResourceType( 9669): No known package when getting name for resource number 0xffffffff
W/ResourceType( 9669): No known package when getting name for resource number 0xffffffff
W/ResourceType( 9669): No known package when getting name for resource number 0xffffffff
W/ResourceType( 9669): No known package when getting name for resource number 0xffffffff
W/ResourceType( 9669): No known package when getting name for resource number 0xffffffff
W/ResourceType( 9669): No known package when getting name for resource number 0xffffffff
W/ResourceType( 9669): No known package when getting name for resource number 0xffffffff
W/ResourceType( 9669): No known package when getting name for resource number 0xffffffff
W/ResourceType( 9669): No known package when getting name for resource number 0xffffffff
W/ResourceType( 9669): No known package when getting name for resource number 0xffffffff
W/ResourceType( 9669): No known package when getting name for resource number 0xffffffff
W/ResourceType( 9669): No known package when getting name for resource number 0xffffffff
W/ResourceType( 9669): No known package when getting name for resource number 0xffffffff
W/ResourceType( 9669): No known package when getting name for resource number 0xffffffff
W/ResourceType( 9669): No known package when getting name for resource number 0xffffffff
W/ResourceType( 9669): No known package when getting name for resource number 0xffffffff
W/ResourceType( 9669): No known package when getting name for resource number 0xffffffff
W/ResourceType( 9669): No known package when getting name for resource number 0xffffffff
W/ResourceType( 9669): No known package when getting name for resource number 0xffffffff
W/ResourceType( 9669): No known package when getting name for resource number 0xffffffff
W/ResourceType( 9669): No known package when getting name for resource number 0xffffffff
W/ResourceType( 9669): No known package when getting name for resource number 0xffffffff
W/ResourceType( 9669): No known package when getting name for resource number 0xffffffff
W/ResourceType( 9669): No known package when getting name for resource number 0xffffffff
W/ResourceType( 9669): No known package when getting name for resource number 0xffffffff
W/ResourceType( 9669): No known package when getting name for resource number 0xffffffff
W/ResourceType( 9669): No known package when getting name for resource number 0xffffffff
W/ResourceType( 9669): No known package when getting name for resource number 0xffffffff
W/ResourceType( 9669): No known package when getting name for resource number 0xffffffff
W/ResourceType( 9669): No known package when getting name for resource number 0xffffffff
I/System.out( 9669): URI: /
I/System.out( 9669): params: {json={"command":"touch_coordinate","arguments":[540.0,1705.0]}
I/System.out( 9669): }
I/System.out( 9669): header: {content-type=application/json; charset=utf-8, connection=close, host=devicehost59.prod, x-session-token=token-token-c69f4e47-28fc-4c17-b896-ab2d7836dc8f, content-length=57, x-forwarded-for=10.222.150.30}
I/System.out( 9669): params: {json={"command":"touch_coordinate","arguments":[540.0,1705.0]}
I/System.out( 9669): }
I/System.out( 9669): ProP json = {"command":"touch_coordinate","arguments":[540.0,1705.0]}
I/System.out( 9669): files: {}
I/System.out( 9669): command: {"command":"touch_coordinate","arguments":[540.0,1705.0]}
I/InstrumentationBackend( 9669): Got command:'Command:'Line:null,touch_coordinate', arguments:'[540.0, 1705.0]'
I/calabash( 9669): execStartActivity 4
I/ActivityManager(  871): START u0 {cmp=com.careerbuilder.SugarDrone/md5a4824aa66c0dc4d104077b72c1916a44.ApplyActivity (has extras)} from uid 12226 on display 0
I/calabash( 9669): newActivity1
I/System.out( 9669): result:{"bonusInformation":[],"message":"","success":true}
I/mono-stdout( 9669): uri is: https://api.careerbuilder.com/v3/job?DID=job1&outputjson=true&ShowApplyRequirements=true&DeveloperKey=WDHR8FC6P2JZ1Y61KLM5
I/mono-stdout( 9669): making api call to: /v3/job?DID=job1&outputjson=true&ShowApplyRequirements=true&DeveloperKey=WDHR8FC6P2JZ1Y61KLM5
I/System.out( 9669): URI: /map
I/System.out( 9669): params: {json={"query":"* marked:'Do you meet all of the requirements?'","operation":{"method_name":"query","arguments":[]}}
I/System.out( 9669): }
I/ActivityManager(  871): Displayed com.careerbuilder.SugarDrone/md5a4824aa66c0dc4d104077b72c1916a44.ApplyActivity: +263ms
W/ResourceType( 9669): No known package when getting name for resource number 0xffffffff
W/ResourceType( 9669): No known package when getting name for resource number 0xffffffff
W/ResourceType( 9669): No known package when getting name for resource number 0xffffffff
W/ResourceType( 9669): No known package when getting name for resource number 0xffffffff
W/ResourceType( 9669): No known package when getting name for resource number 0xffffffff
W/ResourceType( 9669): No known package when getting name for resource number 0xffffffff
W/ResourceType( 9669): No known package when getting name for resource number 0xffffffff
W/ResourceType( 9669): No known package when getting name for resource number 0xffffffff
W/ResourceType( 9669): No known package when getting name for resource number 0xffffffff
W/ResourceType( 9669): No known package when getting name for resource number 0xffffffff
W/ResourceType( 9669): No known package when getting name for resource number 0xffffffff
W/ResourceType( 9669): No known package when getting name for resource number 0xffffffff
W/ResourceType( 9669): No known package when getting name for resource number 0xffffffff
W/ResourceType( 9669): No known package when getting name for resource number 0xffffffff
W/ResourceType( 9669): No known package when getting name for resource number 0xffffffff
W/ResourceType( 9669): No known package when getting name for resource number 0xffffffff
W/ResourceType( 9669): No known package when getting name for resource number 0xffffffff
W/ResourceType( 9669): No known package when getting name for resource number 0xffffffff
W/ResourceType( 9669): No known package when getting name for resource number 0xffffffff
W/ResourceType( 9669): No known package when getting name for resource number 0xffffffff
W/ResourceType( 9669): No known package when getting name for resource number 0xffffffff
W/ResourceType( 9669): No known package when getting name for resource number 0xffffffff
W/ResourceType( 9669): No known package when getting name for resource number 0xffffffff
W/ResourceType( 9669): No known package when getting name for resource number 0xffffffff
W/ResourceType( 9669): No known package when getting name for resource number 0xffffffff
W/ResourceType( 9669): No known package when getting name for resource number 0xffffffff
W/ResourceType( 9669): No known package when getting name for resource number 0xffffffff
W/ResourceType( 9669): No known package when getting name for resource number 0xffffffff
W/ResourceType( 9669): No known package when getting name for resource number 0xffffffff
W/ResourceType( 9669): No known package when getting name for resource number 0xffffffff
W/ResourceType( 9669): No known package when getting name for resource number 0xffffffff
W/ResourceType( 9669): No known package when getting name for resource number 0xffffffff
W/ResourceType( 9669): No known package when getting name for resource number 0xffffffff
W/ResourceType( 9669): No known package when getting name for resource number 0xffffffff
W/ResourceType( 9669): No known package when getting name for resource number 0xffffffff
W/ResourceType( 9669): No known package when getting name for resource number 0xffffffff
W/ResourceType( 9669): No known package when getting name for resource number 0xffffffff
I/mono-stdout( 9669): done making call to: /v3/job?DID=job1&outputjson=true&ShowApplyRequirements=true&DeveloperKey=WDHR8FC6P2JZ1Y61KLM5
W/ResourceType( 9669): No known package when getting name for resource number 0xffffffff
W/ResourceType( 9669): No known package when getting name for resource number 0xffffffff
W/ResourceType( 9669): No known package when getting name for resource number 0xffffffff
W/ResourceType( 9669): No known package when getting name for resource number 0xffffffff
W/ResourceType( 9669): No known package when getting name for resource number 0xffffffff
W/ResourceType( 9669): No known package when getting name for resource number 0xffffffff
I/mono-stdout( 9669): uri is: https://api.careerbuilder.com/cbapi/job/job1/applicationform?DeveloperKey=WDHR8FC6P2JZ1Y61KLM5
W/ResourceType( 9669): No known package when getting name for resource number 0xffffffff
I/mono-stdout( 9669): making api call to: /cbapi/job/job1/applicationform?DeveloperKey=WDHR8FC6P2JZ1Y61KLM5
W/ResourceType( 9669): No known package when getting name for resource number 0xffffffff
W/ResourceType( 9669): No known package when getting name for resource number 0xffffffff
W/ResourceType( 9669): No known package when getting name for resource number 0xffffffff
W/ResourceType( 9669): No known package when getting name for resource number 0xffffffff
W/ResourceType( 9669): No known package when getting name for resource number 0xffffffff
W/ResourceType( 9669): No known package when getting name for resource number 0xffffffff
W/ResourceType( 9669): No known package when getting name for resource number 0xffffffff
W/ResourceType( 9669): No known package when getting name for resource number 0xffffffff
W/ResourceType( 9669): No known package when getting name for resource number 0xffffffff
W/ResourceType( 9669): No known package when getting name for resource number 0xffffffff
W/ResourceType( 9669): No known package when getting name for resource number 0xffffffff
W/ResourceType( 9669): No known package when getting name for resource number 0xffffffff
W/ResourceType( 9669): No known package when getting name for resource number 0xffffffff
W/ResourceType( 9669): No known package when getting name for resource number 0xffffffff
W/ResourceType( 9669): No known package when getting name for resource number 0xffffffff
W/ResourceType( 9669): No known package when getting name for resource number 0xffffffff
W/ResourceType( 9669): No known package when getting name for resource number 0xffffffff
W/ResourceType( 9669): No known package when getting name for resource number 0xffffffff
W/ResourceType( 9669): No known package when getting name for resource number 0xffffffff
W/ResourceType( 9669): No known package when getting name for resource number 0xffffffff
W/ResourceType( 9669): No known package when getting name for resource number 0xffffffff
W/ResourceType( 9669): No known package when getting name for resource number 0xffffffff
W/ResourceType( 9669): No known package when getting name for resource number 0xffffffff
I/art     ( 9669): Background sticky concurrent mark sweep GC freed 185187(7MB) AllocSpace objects, 19(380KB) LOS objects, 37% free, 13MB/21MB, paused 6.442ms total 55.913ms
W/ResourceType( 9669): No known package when getting name for resource number 0xffffffff
W/ResourceType( 9669): No known package when getting name for resource number 0xffffffff
W/ResourceType( 9669): No known package when getting name for resource number 0xffffffff
W/ResourceType( 9669): No known package when getting name for resource number 0xffffffff
W/ResourceType( 9669): No known package when getting name for resource number 0xffffffff
W/ResourceType( 9669): No known package when getting name for resource number 0xffffffff
W/ResourceType( 9669): No known package when getting name for resource number 0xffffffff
W/ResourceType( 9669): No known package when getting name for resource number 0xffffffff
W/ResourceType( 9669): No known package when getting name for resource number 0xffffffff
W/ResourceType( 9669): No known package when getting name for resource number 0xffffffff
W/ResourceType( 9669): No known package when getting name for resource number 0xffffffff
W/ResourceType( 9669): No known package when getting name for resource number 0xffffffff
W/ResourceType( 9669): No known package when getting name for resource number 0xffffffff
W/ResourceType( 9669): No known package when getting name for resource number 0xffffffff
W/ResourceType( 9669): No known package when getting name for resource number 0xffffffff
W/ResourceType( 9669): No known package when getting name for resource number 0xffffffff
W/ResourceType( 9669): No known package when getting name for resource number 0xffffffff
W/ResourceType( 9669): No known package when getting name for resource number 0xffffffff
W/ResourceType( 9669): No known package when getting name for resource number 0xffffffff
W/ResourceType( 9669): No known package when getting name for resource number 0xffffffff
W/ResourceType( 9669): No known package when getting name for resource number 0xffffffff
I/Choreographer( 9669): Skipped 46 frames!  The application may be doing too much work on its main thread.
I/WindowManager(  871): Destroying surface Surface(name=com.careerbuilder.SugarDrone/md5a4824aa66c0dc4d104077b72c1916a44.JobDisplayPageActivity) called by com.android.server.wm.WindowStateAnimator.destroySurface:2014 com.android.server.wm.WindowStateAnimator.destroySurfaceLocked:881 com.android.server.wm.WindowState.destroyOrSaveSurface:2073 com.android.server.wm.WindowManagerService.tryStartExitingAnimation:3017 com.android.server.wm.WindowManagerService.relayoutWindow:2897 com.android.server.wm.Session.relayout:215 android.view.IWindowSession$Stub.onTransact:286 com.android.server.wm.Session.onTransact:136 
W/SurfaceFlinger(  402): couldn't log to binary event log: overflow.
I/mono-stdout( 9669): done making call to: /cbapi/job/job1/applicationform?DeveloperKey=WDHR8FC6P2JZ1Y61KLM5
D/Mono    ( 9669): Assembly Ref addref Xamarin.Android.Support.Design[0xe694d5c0] -> Xamarin.Android.Support.v7.AppCompat[0xe694d560]: 3
D/Mono    ( 9669): Assembly Ref addref CareerBuilder_Search.Droid[0xdde4dfe0] -> libphonenumber[0xe694d6e0]: 2
W/Mono    ( 9669): The request to load the assembly mscorlib v4.0.0.0 was remapped to v2.0.5.0
D/Mono    ( 9669): Unloading image mscorlib.dll [0xc1cda500].
D/Mono    ( 9669): Config attempting to parse: 'mscorlib.dll.config'.
D/Mono    ( 9669): Config attempting to parse: '/Users/builder/data/lanes/4009/f3074d2c/source/monodroid/builds/install/mono-armv6/etc/mono/assemblies/mscorlib/mscorlib.config'.
D/Mono    ( 9669): Assembly Ref addref libphonenumber[0xe694d6e0] -> mscorlib[0xdde4de60]: 50
D/Mono    ( 9669): [0xc63ff920] hill climbing, change max number of threads 6
W/Xamarin.Insights( 9669): Warning: Unhandled exception: System.NullReferenceException: Object reference not set to an instance of an object
W/Xamarin.Insights( 9669):   at CareerBuilder_Search.Droid.Activities.ApplyActivity.putScreenerOnPage (CareerBuilder_Search.Models.JobApplicationRequirements application) [0x0011f] in /Users/dev/src/Mobile/MobileApp-JobSearch-X/CareerBuilder-Search/CareerBuilder-Search/CareerBuilder_Search.Droid/Activities/ApplyActivity.cs:129 
W/Xamarin.Insights( 9669):   at CareerBuilder_Search.Droid.Activities.ApplyActivity.getInfoAndFillPage () [0x00069] in /Users/dev/src/Mobile/MobileApp-JobSearch-X/CareerBuilder-Search/CareerBuilder-Search/CareerBuilder_Search.Droid/Activities/ApplyActivity.cs:82 
W/Xamarin.Insights( 9669):   at CareerBuilder_Search.Droid.Activities.ApplyActivity.<setup>m__0 (System.Object x) [0x00001] in /Users/dev/src/Mobile/MobileApp-JobSearch-X/CareerBuilder-Search/CareerBuilder-Search/CareerBuilder_Search.Droid/Activities/ApplyActivity.cs:73 
W/Xamarin.Insights( 9669):   at System.Threading.QueueUserWorkItemCallback.WaitCallback_Context (System.Object state) [0x0000e] in /Users/builder/data/lanes/4009/f3074d2c/source/mono/mcs/class/referencesource/mscorlib/system/threading/threadpool.cs:1304 
W/Xamarin.Insights( 9669):   at System.Threading.ExecutionContext.RunInternal (System.Threading.ExecutionContext executionContext, System.Threading.ContextCallback callback, System.Object state, System.Boolean preserveSyncCtx) [0x0008d] in /Users/builder/data/lanes/4009/f3074d2c/source/mono/mcs/class/referencesource/mscorlib/system/threading/executioncontext.cs:957 
W/Xamarin.Insights( 9669):   at System.Threading.ExecutionContext.Run (System.Threading.ExecutionContext executionContext, System.Threading.ContextCallback callback, System.Object state, System.Boolean preserveSyncCtx) [0x00000] in /Users/builder/data/lanes/4009/f3074d2c/source/mono/mcs/class/referencesource/mscorlib/system/threading/executioncontext.cs:904 
W/Xamarin.Insights( 9669):   at System.Threading.QueueUserWorkItemCallback.System.Threading.IThreadPoolWorkItem.ExecuteWorkItem () [0x0002a] in /Users/builder/data/lanes/4009/f3074d2c/source/mono/mcs/class/referencesource/mscorlib/system/threading/threadpool.cs:1281 
W/Xamarin.Insights( 9669):   at System.Threading.ThreadPoolWorkQueue.Dispatch () [0x00096] in /Users/builder/data/lanes/4009/f3074d2c/source/mono/mcs/class/referencesource/mscorlib/system/threading/threadpool.cs:854 
W/Xamarin.Insights( 9669):   at System.Threading._ThreadPoolWaitCallback.PerformWaitCallback () [0x00000] in /Users/builder/data/lanes/4009/f3074d2c/source/mono/mcs/class/referencesource/mscorlib/system/threading/threadpool.cs:1209 
I/System.out( 9669): URI: /map
I/System.out( 9669): params: {json={"query":"* marked:'Do you meet all of the requirements?'","operation":{"method_name":"query","arguments":[]}}
I/System.out( 9669): }
W/com.careerbuilder.SugarDrone( 9952): type=1400 audit(0.0:78): avc: denied { read } for comm=546872656164706F6F6C20776F726B name="mem" dev="debugfs" ino=94620 scontext=u:r:untrusted_app:s0:c512,c768 tcontext=u:object_r:debugfs:s0 tclass=file permissive=0
W/com.careerbuilder.SugarDrone( 9952): type=1400 audit(0.0:79): avc: denied { read } for comm=546872656164706F6F6C20776F726B name="mem" dev="debugfs" ino=94620 scontext=u:r:untrusted_app:s0:c512,c768 tcontext=u:object_r:debugfs:s0 tclass=file permissive=0
W/NetworkIdentity(  871): Active mobile network without subscriber!
W/NetworkIdentity(  871): Active mobile network without subscriber!
W/NetworkIdentity(  871): Active mobile network without subscriber!
W/NetworkIdentity(  871): Active mobile network without subscriber!
W/NetworkIdentity(  871): Active mobile network without subscriber!
W/NetworkIdentity(  871): Active mobile network without subscriber!
W/NetworkIdentity(  871): Active mobile network without subscriber!
W/NetworkIdentity(  871): Active mobile network without subscriber!
W/NetworkIdentity(  871): Active mobile network without subscriber!
W/NetworkIdentity(  871): Active mobile network without subscriber!
D/Mono    ( 9669): DllImport searching in: '__Internal' ('(null)').
D/Mono    ( 9669): Searching for 'java_interop_jnienv_get_long_field'.
D/Mono    ( 9669): Probing 'java_interop_jnienv_get_long_field'.
D/Mono    ( 9669): Found as 'java_interop_jnienv_get_long_field'.
D/Mono    ( 9669): DllImport searching in: '__Internal' ('(null)').
D/Mono    ( 9669): Searching for 'java_interop_jnienv_call_long_method_a'.
D/Mono    ( 9669): Probing 'java_interop_jnienv_call_long_method_a'.
D/Mono    ( 9669): Found as 'java_interop_jnienv_call_long_method_a'.
W/ResourceType( 9669): No known package when getting name for resource number 0xffffffff
W/ResourceType( 9669): No known package when getting name for resource number 0xffffffff
W/ResourceType( 9669): No known package when getting name for resource number 0xffffffff
W/ResourceType( 9669): No known package when getting name for resource number 0xffffffff
W/ResourceType( 9669): No known package when getting name for resource number 0xffffffff
W/ResourceType( 9669): No known package when getting name for resource number 0xffffffff
W/ResourceType( 9669): No known package when getting name for resource number 0xffffffff
W/ResourceType( 9669): No known package when getting name for resource number 0xffffffff
D/Mono    ( 9669): Assembly Ref addref HockeySDK[0xdde4e160] -> System[0xe694dd40]: 15
W/ResourceType( 9669): No known package when getting name for resource number 0xffffffff
W/ResourceType( 9669): No known package when getting name for resource number 0xffffffff
W/art     ( 9669): JNI RegisterNativeMethods: attempt to register 0 native methods for android.runtime.JavaProxyThrowable
W/ResourceType( 9669): No known package when getting name for resource number 0xffffffff
W/ResourceType( 9669): No known package when getting name for resource number 0xffffffff
W/ResourceType( 9669): No known package when getting name for resource number 0xffffffff
W/ResourceType( 9669): No known package when getting name for resource number 0xffffffff
I/WindowManager(  871): WIN DEATH: Window{c826126 u0 com.careerbuilder.SugarDrone/md5a4824aa66c0dc4d104077b72c1916a44.JobDisplayPageActivity}
D/ConnectivityService(  871): ConnectivityService NetworkRequestInfo binderDied(NetworkRequest [ id=10, legacyType=-1, [ Capabilities: INTERNET&NOT_RESTRICTED&TRUSTED&NOT_VPN] ], android.os.BinderProxy@9d90db0)
D/GraphicsStats(  871): Buffer count: 2
I/ActivityManager(  871): Process com.careerbuilder.SugarDrone (pid 9669) has died
W/ActivityManager(  871): Force removing ActivityRecord{b6a7d0a u0 com.careerbuilder.SugarDrone/md5a4824aa66c0dc4d104077b72c1916a44.ApplyActivity t24}: app died, no saved state
E/ConnectivityService(  871): RemoteException caught trying to send a callback msg for NetworkRequest [ id=10, legacyType=-1, [ Capabilities: INTERNET&NOT_RESTRICTED&TRUSTED&NOT_VPN] ]
I/WindowManager(  871): WIN DEATH: Window{4ffe669 u0 com.careerbuilder.SugarDrone/md5a4824aa66c0dc4d104077b72c1916a44.MasterNavActivity}
I/WindowManager(  871): WIN DEATH: Window{30df29f u0 com.careerbuilder.SugarDrone/md5a4824aa66c0dc4d104077b72c1916a44.TermsAndConditionsActivity}
I/WindowManager(  871): WIN DEATH: Window{f263fb5 u0 com.careerbuilder.SugarDrone/md5a4824aa66c0dc4d104077b72c1916a44.TermsAndConditionsActivity}
I/WindowManager(  871): WIN DEATH: Window{6bb5fd6 u0 com.careerbuilder.SugarDrone/md5a4824aa66c0dc4d104077b72c1916a44.ApplyActivity}
I/WindowManager(  871): Destroying surface Surface(name=com.careerbuilder.SugarDrone/md5a4824aa66c0dc4d104077b72c1916a44.ApplyActivity) called by com.android.server.wm.WindowStateAnimator.destroySurface:2014 com.android.server.wm.WindowStateAnimator.destroySurfaceLocked:881 com.android.server.wm.WindowState.removeLocked:1449 com.android.server.wm.WindowManagerService.removeWindowInnerLocked:2478 com.android.server.wm.WindowManagerService.removeWindowLocked:2436 com.android.server.wm.WindowState$DeathRecipient.binderDied:1780 android.os.BinderProxy.sendDeathNotice:688 <bottom of call stack> 
W/ActivityManager(  871): Crash of app com.careerbuilder.SugarDrone running instrumentation ComponentInfo{com.careerbuilder.SugarDrone.test/sh.calaba.instrumentationbackend.CalabashInstrumentationTestRunner}
I/ActivityManager(  871): Force stopping com.careerbuilder.SugarDrone appid=12226 user=0: finished inst
I/ActivityManager(  871):   Force finishing activity ActivityRecord{d89f5a7 u0 com.careerbuilder.SugarDrone/md5a4824aa66c0dc4d104077b72c1916a44.TermsAndConditionsActivity t24}
D/AndroidRuntime( 9644): Shutting down VM
I/ActivityManager(  871): Start proc 10232:com.careerbuilder.SugarDrone/u0a2226 for activity com.careerbuilder.SugarDrone/md5a4824aa66c0dc4d104077b72c1916a44.JobDisplayPageActivity
I/ActivityManager(  871):   Force finishing activity ActivityRecord{ccbb06d u0 com.careerbuilder.SugarDrone/md5a4824aa66c0dc4d104077b72c1916a44.MasterNavActivity t24}
I/ActivityManager(  871):   Force finishing activity ActivityRecord{2b92c7f u0 com.careerbuilder.SugarDrone/md5a4824aa66c0dc4d104077b72c1916a44.JobDisplayPageActivity t24}
I/ActivityManager(  871):   Force finishing activity ActivityRecord{d89f5a7 u0 com.careerbuilder.SugarDrone/md5a4824aa66c0dc4d104077b72c1916a44.TermsAndConditionsActivity t24 f}
W/ActivityManager(  871): Duplicate finish request for ActivityRecord{d89f5a7 u0 com.careerbuilder.SugarDrone/md5a4824aa66c0dc4d104077b72c1916a44.TermsAndConditionsActivity t24 f}
I/ActivityManager(  871):   Force finishing activity ActivityRecord{ccbb06d u0 com.careerbuilder.SugarDrone/md5a4824aa66c0dc4d104077b72c1916a44.MasterNavActivity t24 f}
W/ActivityManager(  871): Duplicate finish request for ActivityRecord{ccbb06d u0 com.careerbuilder.SugarDrone/md5a4824aa66c0dc4d104077b72c1916a44.MasterNavActivity t24 f}
I/ActivityManager(  871):   Force finishing activity ActivityRecord{2b92c7f u0 com.careerbuilder.SugarDrone/md5a4824aa66c0dc4d104077b72c1916a44.JobDisplayPageActivity t24 f}
W/ActivityManager(  871): Duplicate finish request for ActivityRecord{2b92c7f u0 com.careerbuilder.SugarDrone/md5a4824aa66c0dc4d104077b72c1916a44.JobDisplayPageActivity t24 f}
I/art     (10232): Late-enabling -Xcheck:jni
W/WindowManager(  871): Attempted to add application window with unknown token Token{da0d44c ActivityRecord{2b92c7f u0 com.careerbuilder.SugarDrone/md5a4824aa66c0dc4d104077b72c1916a44.JobDisplayPageActivity t24 f}}.  Aborting.
W/WindowManager(  871): Token{da0d44c ActivityRecord{2b92c7f u0 com.careerbuilder.SugarDrone/md5a4824aa66c0dc4d104077b72c1916a44.JobDisplayPageActivity t24 f}} already running, starting window not displayed. Unable to add window -- token Token{da0d44c ActivityRecord{2b92c7f u0 com.careerbuilder.SugarDrone/md5a4824aa66c0dc4d104077b72c1916a44.JobDisplayPageActivity t24 f}} is not valid; is your activity running?
W/WindowManager(  871): view not successfully added to wm, removing view
W/WindowManager(  871): Exception when adding starting window
W/WindowManager(  871): java.lang.IllegalArgumentException: View=DecorView@4cab76b[SugarDrone] not attached to window manager
W/WindowManager(  871): 	at android.view.WindowManagerGlobal.findViewLocked(WindowManagerGlobal.java:473)
W/WindowManager(  871): 	at android.view.WindowManagerGlobal.removeView(WindowManagerGlobal.java:382)
W/WindowManager(  871): 	at android.view.WindowManagerImpl.removeViewImmediate(WindowManagerImpl.java:124)
W/WindowManager(  871): 	at com.android.server.policy.PhoneWindowManager.addStartingWindow(PhoneWindowManager.java:2669)
W/WindowManager(  871): 	at com.android.server.wm.WindowManagerService$H.handleMessage(WindowManagerService.java:8099)
W/WindowManager(  871): 	at android.os.Handler.dispatchMessage(Handler.java:102)
W/WindowManager(  871): 	at android.os.Looper.loop(Looper.java:154)
W/WindowManager(  871): 	at android.os.HandlerThread.run(HandlerThread.java:61)
W/WindowManager(  871): 	at com.android.server.ServiceThread.run(ServiceThread.java:46)
I/art     (10232): Starting a blocking GC Explicit
I/art     (10232): Explicit concurrent mark sweep GC freed 783(40KB) AllocSpace objects, 0(0B) LOS objects, 24% free, 4MB/5MB, paused 508us total 25.637ms
W/monodroid(10232): Using override path: /data/user/0/com.careerbuilder.SugarDrone/files/.__override__
W/monodroid(10232): Trying to load sgen from: /data/user/0/com.careerbuilder.SugarDrone/files/.__override__/libmonosgen-2.0.so
W/monodroid(10232): Trying to load sgen from: /storage/emulated/0/Android/data/com.careerbuilder.SugarDrone/files/.__override__/libmonosgen-2.0.so
W/monodroid(10232): Trying to load sgen from: /data/app/com.careerbuilder.SugarDrone-1/lib/arm/libmonosgen-2.0.so
D/Mono    (10232): Image addref mscorlib[0xdde4e0a0] -> mscorlib.dll[0xdce55400]: 2
D/Mono    (10232): Prepared to set up assembly 'mscorlib' (mscorlib.dll)
D/Mono    (10232): AOT module 'mscorlib.dll.so' not found: dlopen failed: library "/data/app/com.careerbuilder.SugarDrone-1/lib/arm/libaot-mscorlib.dll.so" not found
D/Mono    (10232): AOT module '/Users/builder/data/lanes/4009/f3074d2c/source/monodroid/builds/install/mono-armv6/lib/mono/aot-cache/arm/mscorlib.dll.so' not found: dlopen failed: library "/data/app/com.careerbuilder.SugarDrone-1/lib/arm/libaot-mscorlib.dll.so" not found
D/Mono    (10232): Config attempting to parse: 'mscorlib.dll.config'.
D/Mono    (10232): Config attempting to parse: '/Users/builder/data/lanes/4009/f3074d2c/source/monodroid/builds/install/mono-armv6/etc/mono/assemblies/mscorlib/mscorlib.config'.
D/Mono    (10232): Assembly mscorlib[0xdde4e0a0] added to domain RootDomain, ref_count=1
D/Mono    (10232): Image addref CareerBuilder_Search.Droid[0xdde4e160] -> CareerBuilder_Search.Droid.dll[0xdce56300]: 2
D/Mono    (10232): Prepared to set up assembly 'CareerBuilder_Search.Droid' (CareerBuilder_Search.Droid.dll)
D/Mono    (10232): Assembly CareerBuilder_Search.Droid[0xdde4e160] added to domain RootDomain, ref_count=1
D/Mono    (10232): AOT module 'CareerBuilder_Search.Droid.dll.so' not found: dlopen failed: library "/data/app/com.careerbuilder.SugarDrone-1/lib/arm/libaot-CareerBuilder_Search.Droid.dll.so" not found
D/Mono    (10232): AOT module '/Users/builder/data/lanes/4009/f3074d2c/source/monodroid/builds/install/mono-armv6/lib/mono/aot-cache/arm/CareerBuilder_Search.Droid.dll.so' not found: dlopen failed: library "/data/app/com.careerbuilder.SugarDrone-1/lib/arm/libaot-CareerBuilder_Search.Droid.dll.so" not found
D/Mono    (10232): Config attempting to parse: 'CareerBuilder_Search.Droid.dll.config'.
D/Mono    (10232): Config attempting to parse: '/Users/builder/data/lanes/4009/f3074d2c/source/monodroid/builds/install/mono-armv6/etc/mono/assemblies/CareerBuilder_Search.Droid/CareerBuilder_Search.Droid.config'.
D/Mono    (10232): Image addref AppsFlyerXamarinBindingAndroid[0xdde4e880] -> AppsFlyerXamarinBindingAndroid.dll[0xdce56800]: 2
D/Mono    (10232): Prepared to set up assembly 'AppsFlyerXamarinBindingAndroid' (AppsFlyerXamarinBindingAndroid.dll)
D/Mono    (10232): Assembly AppsFlyerXamarinBindingAndroid[0xdde4e880] added to domain RootDomain, ref_count=1
D/Mono    (10232): AOT module 'AppsFlyerXamarinBindingAndroid.dll.so' not found: dlopen failed: library "/data/app/com.careerbuilder.SugarDrone-1/lib/arm/libaot-AppsFlyerXamarinBindingAndroid.dll.so" not found
D/Mono    (10232): AOT module '/Users/builder/data/lanes/4009/f3074d2c/source/monodroid/builds/install/mono-armv6/lib/mono/aot-cache/arm/AppsFlyerXamarinBindingAndroid.dll.so' not found: dlopen failed: library "/data/app/com.careerbuilder.SugarDrone-1/lib/arm/libaot-AppsFlyerXamarinBindingAndroid.dll.so" not found
D/Mono    (10232): Config attempting to parse: 'AppsFlyerXamarinBindingAndroid.dll.config'.
D/Mono    (10232): Config attempting to parse: '/Users/builder/data/lanes/4009/f3074d2c/source/monodroid/builds/install/mono-armv6/etc/mono/assemblies/AppsFlyerXamarinBindingAndroid/AppsFlyerXamarinBindingAndroid.config'.
D/Mono    (10232): Image addref HockeySDK[0xdde4e9a0] -> HockeySDK.dll[0xdce56d00]: 2
D/Mono    (10232): Prepared to set up assembly 'HockeySDK' (HockeySDK.dll)
D/Mono    (10232): Assembly HockeySDK[0xdde4e9a0] added to domain RootDomain, ref_count=1
D/Mono    (10232): AOT module 'HockeySDK.dll.so' not found: dlopen failed: library "/data/app/com.careerbuilder.SugarDrone-1/lib/arm/libaot-HockeySDK.dll.so" not found
D/Mono    (10232): AOT module '/Users/builder/data/lanes/4009/f3074d2c/source/monodroid/builds/install/mono-armv6/lib/mono/aot-cache/arm/HockeySDK.dll.so' not found: dlopen failed: library "/data/app/com.careerbuilder.SugarDrone-1/lib/arm/libaot-HockeySDK.dll.so" not found
D/Mono    (10232): Config attempting to parse: 'HockeySDK.dll.config'.
D/Mono    (10232): Config attempting to parse: '/Users/builder/data/lanes/4009/f3074d2c/source/monodroid/builds/install/mono-armv6/etc/mono/assemblies/HockeySDK/HockeySDK.config'.
D/Mono    (10232): Image addref Akavache[0xdde4ea00] -> Akavache.dll[0xdce57200]: 2
D/Mono    (10232): Prepared to set up assembly 'Akavache' (Akavache.dll)
D/Mono    (10232): Assembly Akavache[0xdde4ea00] added to domain RootDomain, ref_count=1
D/Mono    (10232): AOT module 'Akavache.dll.so' not found: dlopen failed: library "/data/app/com.careerbuilder.SugarDrone-1/lib/arm/libaot-Akavache.dll.so" not found
D/Mono    (10232): AOT module '/Users/builder/data/lanes/4009/f3074d2c/source/monodroid/builds/install/mono-armv6/lib/mono/aot-cache/arm/Akavache.dll.so' not found: dlopen failed: library "/data/app/com.careerbuilder.SugarDrone-1/lib/arm/libaot-Akavache.dll.so" not found
D/Mono    (10232): Config attempting to parse: 'Akavache.dll.config'.
D/Mono    (10232): Config attempting to parse: '/Users/builder/data/lanes/4009/f3074d2c/source/monodroid/builds/install/mono-armv6/etc/mono/assemblies/Akavache/Akavache.config'.
D/Mono    (10232): Image addref Akavache.Sqlite3[0xe694c480] -> Akavache.Sqlite3.dll[0xdce57700]: 2
D/Mono    (10232): Prepared to set up assembly 'Akavache.Sqlite3' (Akavache.Sqlite3.dll)
D/Mono    (10232): Assembly Akavache.Sqlite3[0xe694c480] added to domain RootDomain, ref_count=1
D/Mono    (10232): AOT module 'Akavache.Sqlite3.dll.so' not found: dlopen failed: library "/data/app/com.careerbuilder.SugarDrone-1/lib/arm/libaot-Akavache.Sqlite3.dll.so" not found
D/Mono    (10232): AOT module '/Users/builder/data/lanes/4009/f3074d2c/source/monodroid/builds/install/mono-armv6/lib/mono/aot-cache/arm/Akavache.Sqlite3.dll.so' not found: dlopen failed: library "/data/app/com.careerbuilder.SugarDrone-1/lib/arm/libaot-Akavache.Sqlite3.dll.so" not found
W/        (10232): Symbol file LoadedFromMemory doesn't match image Akavache.Sqlite3.dll
D/Mono    (10232): Config attempting to parse: 'Akavache.Sqlite3.dll.config'.
D/Mono    (10232): Config attempting to parse: '/Users/builder/data/lanes/4009/f3074d2c/source/monodroid/builds/install/mono-armv6/etc/mono/assemblies/Akavache.Sqlite3/Akavache.Sqlite3.config'.
W/OpenGLRenderer( 4218): Incorrectly called buildLayer on View: ShortcutAndWidgetContainer, destroying layer...
D/Mono    (10232): Image addref Splat[0xe694c4e0] -> Splat.dll[0xdce57c00]: 2
D/Mono    (10232): Prepared to set up assembly 'Splat' (Splat.dll)
D/Mono    (10232): Assembly Splat[0xe694c4e0] added to domain RootDomain, ref_count=1
D/Mono    (10232): AOT module 'Splat.dll.so' not found: dlopen failed: library "/data/app/com.careerbuilder.SugarDrone-1/lib/arm/libaot-Splat.dll.so" not found
D/Mono    (10232): AOT module '/Users/builder/data/lanes/4009/f3074d2c/source/monodroid/builds/install/mono-armv6/lib/mono/aot-cache/arm/Splat.dll.so' not found: dlopen failed: library "/data/app/com.careerbuilder.SugarDrone-1/lib/arm/libaot-Splat.dll.so" not found
D/Mono    (10232): Config attempting to parse: 'Splat.dll.config'.
D/Mono    (10232): Config attempting to parse: '/Users/builder/data/lanes/4009/f3074d2c/source/monodroid/builds/install/mono-armv6/etc/mono/assemblies/Splat/Splat.config'.
D/Mono    (10232): Image addref Microsoft.Practices.ServiceLocation[0xe694c540] -> Microsoft.Practices.ServiceLocation.dll[0xdce58100]: 2
D/Mono    (10232): Prepared to set up assembly 'Microsoft.Practices.ServiceLocation' (Microsoft.Practices.ServiceLocation.dll)
D/Mono    (10232): Assembly Microsoft.Practices.ServiceLocation[0xe694c540] added to domain RootDomain, ref_count=1
D/Mono    (10232): AOT module 'Microsoft.Practices.ServiceLocation.dll.so' not found: dlopen failed: library "/data/app/com.careerbuilder.SugarDrone-1/lib/arm/libaot-Microsoft.Practices.ServiceLocation.dll.so" not found
D/Mono    (10232): AOT module '/Users/builder/data/lanes/4009/f3074d2c/source/monodroid/builds/install/mono-armv6/lib/mono/aot-cache/arm/Microsoft.Practices.ServiceLocation.dll.so' not found: dlopen failed: library "/data/app/com.careerbuilder.SugarDrone-1/lib/arm/libaot-Microsoft.Practices.ServiceLocation.dll.so" not found
D/Mono    (10232): Config attempting to parse: 'Microsoft.Practices.ServiceLocation.dll.config'.
D/Mono    (10232): Config attempting to parse: '/Users/builder/data/lanes/4009/f3074d2c/source/monodroid/builds/install/mono-armv6/etc/mono/assemblies/Microsoft.Practices.ServiceLocation/Microsoft.Practices.ServiceLocation.config'.
D/Mono    (10232): Image addref Microsoft.Practices.Unity[0xe694c5a0] -> Microsoft.Practices.Unity.dll[0xdce58600]: 2
D/Mono    (10232): Prepared to set up assembly 'Microsoft.Practices.Unity' (Microsoft.Practices.Unity.dll)
D/Mono    (10232): Assembly Microsoft.Practices.Unity[0xe694c5a0] added to domain RootDomain, ref_count=1
D/Mono    (10232): AOT module 'Microsoft.Practices.Unity.dll.so' not found: dlopen failed: library "/data/app/com.careerbuilder.SugarDrone-1/lib/arm/libaot-Microsoft.Practices.Unity.dll.so" not found
D/Mono    (10232): AOT module '/Users/builder/data/lanes/4009/f3074d2c/source/monodroid/builds/install/mono-armv6/lib/mono/aot-cache/arm/Microsoft.Practices.Unity.dll.so' not found: dlopen failed: library "/data/app/com.careerbuilder.SugarDrone-1/lib/arm/libaot-Microsoft.Practices.Unity.dll.so" not found
D/Mono    (10232): Config attempting to parse: 'Microsoft.Practices.Unity.dll.config'.
D/Mono    (10232): Config attempting to parse: '/Users/builder/data/lanes/4009/f3074d2c/source/monodroid/builds/install/mono-armv6/etc/mono/assemblies/Microsoft.Practices.Unity/Microsoft.Practices.Unity.config'.
D/Mono    (10232): Image addref Plugin.CurrentActivity[0xe694c780] -> Plugin.CurrentActivity.dll[0xdce58b00]: 2
D/Mono    (10232): Prepared to set up assembly 'Plugin.CurrentActivity' (Plugin.CurrentActivity.dll)
D/Mono    (10232): Assembly Plugin.CurrentActivity[0xe694c780] added to domain RootDomain, ref_count=1
D/Mono    (10232): AOT module 'Plugin.CurrentActivity.dll.so' not found: dlopen failed: library "/data/app/com.careerbuilder.SugarDrone-1/lib/arm/libaot-Plugin.CurrentActivity.dll.so" not found
D/Mono    (10232): AOT module '/Users/builder/data/lanes/4009/f3074d2c/source/monodroid/builds/install/mono-armv6/lib/mono/aot-cache/arm/Plugin.CurrentActivity.dll.so' not found: dlopen failed: library "/data/app/com.careerbuilder.SugarDrone-1/lib/arm/libaot-Plugin.CurrentActivity.dll.so" not found
D/Mono    (10232): Config attempting to parse: 'Plugin.CurrentActivity.dll.config'.
D/Mono    (10232): Config attempting to parse: '/Users/builder/data/lanes/4009/f3074d2c/source/monodroid/builds/install/mono-armv6/etc/mono/assemblies/Plugin.CurrentActivity/Plugin.CurrentActivity.config'.
D/Mono    (10232): Image addref Plugin.Permissions[0xe694c840] -> Plugin.Permissions.dll[0xda590000]: 2
D/Mono    (10232): Prepared to set up assembly 'Plugin.Permissions' (Plugin.Permissions.dll)
D/Mono    (10232): Assembly Plugin.Permissions[0xe694c840] added to domain RootDomain, ref_count=1
D/Mono    (10232): AOT module 'Plugin.Permissions.dll.so' not found: dlopen failed: library "/data/app/com.careerbuilder.SugarDrone-1/lib/arm/libaot-Plugin.Permissions.dll.so" not found
D/Mono    (10232): AOT module '/Users/builder/data/lanes/4009/f3074d2c/source/monodroid/builds/install/mono-armv6/lib/mono/aot-cache/arm/Plugin.Permissions.dll.so' not found: dlopen failed: library "/data/app/com.careerbuilder.SugarDrone-1/lib/arm/libaot-Plugin.Permissions.dll.so" not found
D/Mono    (10232): Config attempting to parse: 'Plugin.Permissions.dll.config'.
D/Mono    (10232): Config attempting to parse: '/Users/builder/data/lanes/4009/f3074d2c/source/monodroid/builds/install/mono-armv6/etc/mono/assemblies/Plugin.Permissions/Plugin.Permissions.config'.
D/Mono    (10232): Image addref Plugin.Permissions.Abstractions[0xe694cae0] -> Plugin.Permissions.Abstractions.dll[0xda590500]: 2
D/Mono    (10232): Prepared to set up assembly 'Plugin.Permissions.Abstractions' (Plugin.Permissions.Abstractions.dll)
D/Mono    (10232): Assembly Plugin.Permissions.Abstractions[0xe694cae0] added to domain RootDomain, ref_count=1
D/Mono    (10232): AOT module 'Plugin.Permissions.Abstractions.dll.so' not found: dlopen failed: library "/data/app/com.careerbuilder.SugarDrone-1/lib/arm/libaot-Plugin.Permissions.Abstractions.dll.so" not found
D/Mono    (10232): AOT module '/Users/builder/data/lanes/4009/f3074d2c/source/monodroid/builds/install/mono-armv6/lib/mono/aot-cache/arm/Plugin.Permissions.Abstractions.dll.so' not found: dlopen failed: library "/data/app/com.careerbuilder.SugarDrone-1/lib/arm/libaot-Plugin.Permissions.Abstractions.dll.so" not found
D/Mono    (10232): Config attempting to parse: 'Plugin.Permissions.Abstractions.dll.config'.
D/Mono    (10232): Config attempting to parse: '/Users/builder/data/lanes/4009/f3074d2c/source/monodroid/builds/install/mono-armv6/etc/mono/assemblies/Plugin.Permissions.Abstractions/Plugin.Permissions.Abstractions.config'.
D/Mono    (10232): Image addref Plugin.Geolocator[0xe694cba0] -> Plugin.Geolocator.dll[0xda590a00]: 2
D/Mono    (10232): Prepared to set up assembly 'Plugin.Geolocator' (Plugin.Geolocator.dll)
D/Mono    (10232): Assembly Plugin.Geolocator[0xe694cba0] added to domain RootDomain, ref_count=1
D/Mono    (10232): AOT module 'Plugin.Geolocator.dll.so' not found: dlopen failed: library "/data/app/com.careerbuilder.SugarDrone-1/lib/arm/libaot-Plugin.Geolocator.dll.so" not found
D/Mono    (10232): AOT module '/Users/builder/data/lanes/4009/f3074d2c/source/monodroid/builds/install/mono-armv6/lib/mono/aot-cache/arm/Plugin.Geolocator.dll.so' not found: dlopen failed: library "/data/app/com.careerbuilder.SugarDrone-1/lib/arm/libaot-Plugin.Geolocator.dll.so" not found
D/Mono    (10232): Config attempting to parse: 'Plugin.Geolocator.dll.config'.
D/Mono    (10232): Config attempting to parse: '/Users/builder/data/lanes/4009/f3074d2c/source/monodroid/builds/install/mono-armv6/etc/mono/assemblies/Plugin.Geolocator/Plugin.Geolocator.config'.
D/Mono    (10232): Image addref Plugin.Geolocator.Abstractions[0xe694ce40] -> Plugin.Geolocator.Abstractions.dll[0xda590f00]: 2
D/Mono    (10232): Prepared to set up assembly 'Plugin.Geolocator.Abstractions' (Plugin.Geolocator.Abstractions.dll)
D/Mono    (10232): Assembly Plugin.Geolocator.Abstractions[0xe694ce40] added to domain RootDomain, ref_count=1
D/Mono    (10232): AOT module 'Plugin.Geolocator.Abstractions.dll.so' not found: dlopen failed: library "/data/app/com.careerbuilder.SugarDrone-1/lib/arm/libaot-Plugin.Geolocator.Abstractions.dll.so" not found
D/Mono    (10232): AOT module '/Users/builder/data/lanes/4009/f3074d2c/source/monodroid/builds/install/mono-armv6/lib/mono/aot-cache/arm/Plugin.Geolocator.Abstractions.dll.so' not found: dlopen failed: library "/data/app/com.careerbuilder.SugarDrone-1/lib/arm/libaot-Plugin.Geolocator.Abstractions.dll.so" not found
D/Mono    (10232): Config attempting to parse: 'Plugin.Geolocator.Abstractions.dll.config'.
D/Mono    (10232): Config attempting to parse: '/Users/builder/data/lanes/4009/f3074d2c/source/monodroid/builds/install/mono-armv6/etc/mono/assemblies/Plugin.Geolocator.Abstractions/Plugin.Geolocator.Abstractions.config'.
D/Mono    (10232): Image addref Plugin.DeviceInfo[0xe694d080] -> Plugin.DeviceInfo.dll[0xda591400]: 2
D/Mono    (10232): Prepared to set up assembly 'Plugin.DeviceInfo' (Plugin.DeviceInfo.dll)
D/Mono    (10232): Assembly Plugin.DeviceInfo[0xe694d080] added to domain RootDomain, ref_count=1
D/Mono    (10232): AOT module 'Plugin.DeviceInfo.dll.so' not found: dlopen failed: library "/data/app/com.careerbuilder.SugarDrone-1/lib/arm/libaot-Plugin.DeviceInfo.dll.so" not found
D/Mono    (10232): AOT module '/Users/builder/data/lanes/4009/f3074d2c/source/monodroid/builds/install/mono-armv6/lib/mono/aot-cache/arm/Plugin.DeviceInfo.dll.so' not found: dlopen failed: library "/data/app/com.careerbuilder.SugarDrone-1/lib/arm/libaot-Plugin.DeviceInfo.dll.so" not found
D/Mono    (10232): Config attempting to parse: 'Plugin.DeviceInfo.dll.config'.
D/Mono    (10232): Config attempting to parse: '/Users/builder/data/lanes/4009/f3074d2c/source/monodroid/builds/install/mono-armv6/etc/mono/assemblies/Plugin.DeviceInfo/Plugin.DeviceInfo.config'.
D/Mono    (10232): Image addref Plugin.DeviceInfo.Abstractions[0xe694d1a0] -> Plugin.DeviceInfo.Abstractions.dll[0xda591900]: 2
D/Mono    (10232): Prepared to set up assembly 'Plugin.DeviceInfo.Abstractions' (Plugin.DeviceInfo.Abstractions.dll)
D/Mono    (10232): Assembly Plugin.DeviceInfo.Abstractions[0xe694d1a0] added to domain RootDomain, ref_count=1
D/Mono    (10232): AOT module 'Plugin.DeviceInfo.Abstractions.dll.so' not found: dlopen failed: library "/data/app/com.careerbuilder.SugarDrone-1/lib/arm/libaot-Plugin.DeviceInfo.Abstractions.dll.so" not found
D/Mono    (10232): AOT module '/Users/builder/data/lanes/4009/f3074d2c/source/monodroid/builds/install/mono-armv6/lib/mono/aot-cache/arm/Plugin.DeviceInfo.Abstractions.dll.so' not found: dlopen failed: library "/data/app/com.careerbuilder.SugarDrone-1/lib/arm/libaot-Plugin.DeviceInfo.Abstractions.dll.so" not found
D/Mono    (10232): Config attempting to parse: 'Plugin.DeviceInfo.Abstractions.dll.config'.
D/Mono    (10232): Config attempting to parse: '/Users/builder/data/lanes/4009/f3074d2c/source/monodroid/builds/install/mono-armv6/etc/mono/assemblies/Plugin.DeviceInfo.Abstractions/Plugin.DeviceInfo.Abstractions.config'.
D/Mono    (10232): Image addref Xamarin.GooglePlayServices.Analytics[0xe694d200] -> Xamarin.GooglePlayServices.Analytics.dll[0xda591e00]: 2
D/Mono    (10232): Prepared to set up assembly 'Xamarin.GooglePlayServices.Analytics' (Xamarin.GooglePlayServices.Analytics.dll)
D/Mono    (10232): Assembly Xamarin.GooglePlayServices.Analytics[0xe694d200] added to domain RootDomain, ref_count=1
D/Mono    (10232): AOT module 'Xamarin.GooglePlayServices.Analytics.dll.so' not found: dlopen failed: library "/data/app/com.careerbuilder.SugarDrone-1/lib/arm/libaot-Xamarin.GooglePlayServices.Analytics.dll.so" not found
D/Mono    (10232): AOT module '/Users/builder/data/lanes/4009/f3074d2c/source/monodroid/builds/install/mono-armv6/lib/mono/aot-cache/arm/Xamarin.GooglePlayServices.Analytics.dll.so' not found: dlopen failed: library "/data/app/com.careerbuilder.SugarDrone-1/lib/arm/libaot-Xamarin.GooglePlayServices.Analytics.dll.so" not found
D/Mono    (10232): Config attempting to parse: 'Xamarin.GooglePlayServices.Analytics.dll.config'.
