D/Mono    ( 9884): AOT module 'System.Linq.dll.so' not found: dlopen failed: library "/data/app/com.careerbuilder.SugarDrone-1/lib/arm/libaot-System.Linq.dll.so" not found
D/Mono    ( 9884): AOT module '/Users/builder/data/lanes/4009/f3074d2c/source/monodroid/builds/install/mono-armv6/lib/mono/aot-cache/arm/System.Linq.dll.so' not found: dlopen failed: library "/data/app/com.careerbuilder.SugarDrone-1/lib/arm/libaot-System.Linq.dll.so" not found
D/Mono    ( 9884): Config attempting to parse: 'System.Linq.dll.config'.
D/Mono    ( 9884): Config attempting to parse: '/Users/builder/data/lanes/4009/f3074d2c/source/monodroid/builds/install/mono-armv6/etc/mono/assemblies/System.Linq/System.Linq.config'.
D/Mono    ( 9884): Assembly Ref addref Java.Interop[0xe87cdb00] -> System.Linq[0xe87cdf20]: 2
D/Mono    ( 9884): Image addref System.Core[0xe87ce0a0] -> System.Core.dll[0xe16b0700]: 2
D/Mono    ( 9884): Prepared to set up assembly 'System.Core' (System.Core.dll)
D/Mono    ( 9884): Assembly System.Core[0xe87ce0a0] added to domain RootDomain, ref_count=1
D/Mono    ( 9884): AOT module 'System.Core.dll.so' not found: dlopen failed: library "/data/app/com.careerbuilder.SugarDrone-1/lib/arm/libaot-System.Core.dll.so" not found
D/Mono    ( 9884): AOT module '/Users/builder/data/lanes/4009/f3074d2c/source/monodroid/builds/install/mono-armv6/lib/mono/aot-cache/arm/System.Core.dll.so' not found: dlopen failed: library "/data/app/com.careerbuilder.SugarDrone-1/lib/arm/libaot-System.Core.dll.so" not found
D/Mono    ( 9884): Config attempting to parse: 'System.Core.dll.config'.
D/Mono    ( 9884): Config attempting to parse: '/Users/builder/data/lanes/4009/f3074d2c/source/monodroid/builds/install/mono-armv6/etc/mono/assemblies/System.Core/System.Core.config'.
D/Mono    ( 9884): Assembly Ref addref System.Linq[0xe87cdf20] -> System.Core[0xe87ce0a0]: 2
D/Mono    ( 9884): Assembly Ref addref System.Core[0xe87ce0a0] -> mscorlib[0xe87cc480]: 10
D/Mono    ( 9884): Image addref System.Reflection.Extensions[0xe87ce1c0] -> System.Reflection.Extensions.dll[0xc90b0a00]: 2
D/Mono    ( 9884): Prepared to set up assembly 'System.Reflection.Extensions' (System.Reflection.Extensions.dll)
D/Mono    ( 9884): Assembly System.Reflection.Extensions[0xe87ce1c0] added to domain RootDomain, ref_count=1
D/Mono    ( 9884): AOT module 'System.Reflection.Extensions.dll.so' not found: dlopen failed: library "/data/app/com.careerbuilder.SugarDrone-1/lib/arm/libaot-System.Reflection.Extensions.dll.so" not found
D/Mono    ( 9884): AOT module '/Users/builder/data/lanes/4009/f3074d2c/source/monodroid/builds/install/mono-armv6/lib/mono/aot-cache/arm/System.Reflection.Extensions.dll.so' not found: dlopen failed: library "/data/app/com.careerbuilder.SugarDrone-1/lib/arm/libaot-System.Reflection.Extensions.dll.so" not found
D/Mono    ( 9884): Config attempting to parse: 'System.Reflection.Extensions.dll.config'.
D/Mono    ( 9884): Config attempting to parse: '/Users/builder/data/lanes/4009/f3074d2c/source/monodroid/builds/install/mono-armv6/etc/mono/assemblies/System.Reflection.Extensions/System.Reflection.Extensions.config'.
D/Mono    ( 9884): Assembly Ref addref Java.Interop[0xe87cdb00] -> System.Reflection.Extensions[0xe87ce1c0]: 2
D/Mono    ( 9884): Assembly Ref addref System.Reflection.Extensions[0xe87ce1c0] -> mscorlib[0xe87cc480]: 11
D/Mono    ( 9884): Assembly Ref addref Mono.Android[0xe87cdaa0] -> System.Core[0xe87ce0a0]: 3
D/Mono    ( 9884): DllImport searching in: '__Internal' ('(null)').
D/Mono    ( 9884): Searching for 'monodroid_typemap_managed_to_java'.
D/Mono    ( 9884): Probing 'monodroid_typemap_managed_to_java'.
D/Mono    ( 9884): Found as 'monodroid_typemap_managed_to_java'.
D/Mono    ( 9884): DllImport searching in: '__Internal' ('(null)').
D/Mono    ( 9884): Searching for 'java_interop_jnienv_alloc_object'.
D/Mono    ( 9884): Probing 'java_interop_jnienv_alloc_object'.
D/Mono    ( 9884): Found as 'java_interop_jnienv_alloc_object'.
D/Mono    ( 9884): DllImport searching in: '__Internal' ('(null)').
D/Mono    ( 9884): Searching for '_monodroid_gc_wait_for_bridge_processing'.
D/Mono    ( 9884): Probing '_monodroid_gc_wait_for_bridge_processing'.
D/Mono    ( 9884): Found as '_monodroid_gc_wait_for_bridge_processing'.
D/Mono    ( 9884): DllImport searching in: '__Internal' ('(null)').
D/Mono    ( 9884): Searching for 'java_interop_jnienv_register_natives'.
D/Mono    ( 9884): Probing 'java_interop_jnienv_register_natives'.
D/Mono    ( 9884): Found as 'java_interop_jnienv_register_natives'.
D/Mono    ( 9884): DllImport searching in: '__Internal' ('(null)').
D/Mono    ( 9884): Searching for 'java_interop_jnienv_call_nonvirtual_void_method_a'.
D/Mono    ( 9884): Probing 'java_interop_jnienv_call_nonvirtual_void_method_a'.
D/Mono    ( 9884): Found as 'java_interop_jnienv_call_nonvirtual_void_method_a'.
D/Mono    ( 9884): DllImport searching in: '__Internal' ('(null)').
D/Mono    ( 9884): Searching for 'java_interop_jnienv_is_same_object'.
D/Mono    ( 9884): Probing 'java_interop_jnienv_is_same_object'.
D/Mono    ( 9884): Found as 'java_interop_jnienv_is_same_object'.
D/Mono    ( 9884): DllImport searching in: '__Internal' ('(null)').
D/Mono    ( 9884): Searching for 'java_interop_jnienv_call_static_void_method_a'.
D/Mono    ( 9884): Probing 'java_interop_jnienv_call_static_void_method_a'.
D/Mono    ( 9884): Found as 'java_interop_jnienv_call_static_void_method_a'.
D/Mono    ( 9884): Assembly Ref addref AppsFlyerXamarinBindingAndroid[0xe87cc540] -> mscorlib[0xe87cc480]: 12
D/Mono    ( 9884): Assembly Ref addref AppsFlyerXamarinBindingAndroid[0xe87cc540] -> Mono.Android[0xe87cdaa0]: 2
D/Mono    ( 9884): Assembly Ref addref HockeySDK[0xe87cc5a0] -> mscorlib[0xe87cc480]: 13
D/Mono    ( 9884): Assembly Ref addref HockeySDK[0xe87cc5a0] -> Mono.Android[0xe87cdaa0]: 3
D/Mono    ( 9884): Assembly Ref addref Xamarin.GooglePlayServices.Analytics[0xe87cd140] -> mscorlib[0xe87cc480]: 14
D/Mono    ( 9884): Assembly Ref addref Xamarin.GooglePlayServices.Analytics[0xe87cd140] -> Mono.Android[0xe87cdaa0]: 4
D/Mono    ( 9884): Assembly Ref addref Xamarin.GooglePlayServices.Base[0xe87cd1a0] -> mscorlib[0xe87cc480]: 15
D/Mono    ( 9884): Assembly Ref addref Xamarin.GooglePlayServices.Base[0xe87cd1a0] -> Mono.Android[0xe87cdaa0]: 5
D/Mono    ( 9884): Assembly Ref addref Xamarin.GooglePlayServices.Basement[0xe87cd200] -> mscorlib[0xe87cc480]: 16
D/Mono    ( 9884): Assembly Ref addref Xamarin.GooglePlayServices.Basement[0xe87cd200] -> Mono.Android[0xe87cdaa0]: 6
D/Mono    ( 9884): Assembly Ref addref FloatingActionButton-Xamarin[0xe87cd380] -> mscorlib[0xe87cc480]: 17
D/Mono    ( 9884): Assembly Ref addref FloatingActionButton-Xamarin[0xe87cd380] -> Mono.Android[0xe87cdaa0]: 7
D/Mono    ( 9884): Assembly Ref addref Xamarin.Android.Support.v4[0xe87cd3e0] -> mscorlib[0xe87cc480]: 18
D/Mono    ( 9884): Assembly Ref addref Xamarin.Android.Support.v4[0xe87cd3e0] -> Mono.Android[0xe87cdaa0]: 8
D/Mono    ( 9884): Assembly Ref addref Xamarin.Android.Support.v7.RecyclerView[0xe87cd440] -> mscorlib[0xe87cc480]: 19
D/Mono    ( 9884): Assembly Ref addref Xamarin.Android.Support.v7.RecyclerView[0xe87cd440] -> Mono.Android[0xe87cdaa0]: 9
D/Mono    ( 9884): Assembly Ref addref Xamarin.Android.Support.Vector.Drawable[0xe87cd4a0] -> mscorlib[0xe87cc480]: 20
D/Mono    ( 9884): Assembly Ref addref Xamarin.Android.Support.Vector.Drawable[0xe87cd4a0] -> Mono.Android[0xe87cdaa0]: 10
D/Mono    ( 9884): Assembly Ref addref Xamarin.Android.Support.Animated.Vector.Drawable[0xe87cd500] -> mscorlib[0xe87cc480]: 21
D/Mono    ( 9884): Assembly Ref addref Xamarin.Android.Support.Animated.Vector.Drawable[0xe87cd500] -> Mono.Android[0xe87cdaa0]: 11
D/Mono    ( 9884): Assembly Ref addref Xamarin.Android.Support.v7.AppCompat[0xe87cd560] -> mscorlib[0xe87cc480]: 22
D/Mono    ( 9884): Assembly Ref addref Xamarin.Android.Support.v7.AppCompat[0xe87cd560] -> Mono.Android[0xe87cdaa0]: 12
D/Mono    ( 9884): Assembly Ref addref Xamarin.Android.Support.Design[0xe87cd5c0] -> mscorlib[0xe87cc480]: 23
D/Mono    ( 9884): Assembly Ref addref Xamarin.Android.Support.Design[0xe87cd5c0] -> Mono.Android[0xe87cdaa0]: 13
D/Mono    ( 9884): Assembly Ref addref Xamarin.Android.Support.v7.CardView[0xe87cd620] -> mscorlib[0xe87cc480]: 24
D/Mono    ( 9884): Assembly Ref addref Xamarin.Android.Support.v7.CardView[0xe87cd620] -> Mono.Android[0xe87cdaa0]: 14
D/Mono    ( 9884): Assembly Ref addref FlexboxLayoutXamarinBindingAndroid[0xe87cd980] -> mscorlib[0xe87cc480]: 25
D/Mono    ( 9884): Assembly Ref addref FlexboxLayoutXamarinBindingAndroid[0xe87cd980] -> Mono.Android[0xe87cdaa0]: 15
D/Mono    ( 9884): Assembly Ref addref CareerBuilder_Search.Droid[0xe87cc4e0] -> Mono.Android[0xe87cdaa0]: 16
D/Mono    ( 9884): Assembly Ref addref CareerBuilder_Search.Droid[0xe87cc4e0] -> mscorlib[0xe87cc480]: 26
D/Mono    ( 9884): Image addref Mono.Android.Export[0xe87ce700] -> Mono.Android.Export.dll[0xc90b1900]: 2
D/Mono    ( 9884): Prepared to set up assembly 'Mono.Android.Export' (Mono.Android.Export.dll)
D/Mono    ( 9884): Assembly Mono.Android.Export[0xe87ce700] added to domain RootDomain, ref_count=1
D/Mono    ( 9884): AOT module 'Mono.Android.Export.dll.so' not found: dlopen failed: library "/data/app/com.careerbuilder.SugarDrone-1/lib/arm/libaot-Mono.Android.Export.dll.so" not found
D/Mono    ( 9884): AOT module '/Users/builder/data/lanes/4009/f3074d2c/source/monodroid/builds/install/mono-armv6/lib/mono/aot-cache/arm/Mono.Android.Export.dll.so' not found: dlopen failed: library "/data/app/com.careerbuilder.SugarDrone-1/lib/arm/libaot-Mono.Android.Export.dll.so" not found
D/Mono    ( 9884): Config attempting to parse: 'Mono.Android.Export.dll.config'.
D/Mono    ( 9884): Config attempting to parse: '/Users/builder/data/lanes/4009/f3074d2c/source/monodroid/builds/install/mono-armv6/etc/mono/assemblies/Mono.Android.Export/Mono.Android.Export.config'.
D/Mono    ( 9884): Assembly Ref addref Mono.Android.Export[0xe87ce700] -> mscorlib[0xe87cc480]: 27
D/Mono    ( 9884): Assembly Ref addref Mono.Android.Export[0xe87ce700] -> Mono.Android[0xe87cdaa0]: 17
D/Mono    ( 9884): Image addref System.Xml[0xe87ce640] -> System.Xml.dll[0xc90b2800]: 2
D/Mono    ( 9884): Prepared to set up assembly 'System.Xml' (System.Xml.dll)
D/Mono    ( 9884): Assembly System.Xml[0xe87ce640] added to domain RootDomain, ref_count=1
D/Mono    ( 9884): AOT module 'System.Xml.dll.so' not found: dlopen failed: library "/data/app/com.careerbuilder.SugarDrone-1/lib/arm/libaot-System.Xml.dll.so" not found
D/Mono    ( 9884): AOT module '/Users/builder/data/lanes/4009/f3074d2c/source/monodroid/builds/install/mono-armv6/lib/mono/aot-cache/arm/System.Xml.dll.so' not found: dlopen failed: library "/data/app/com.careerbuilder.SugarDrone-1/lib/arm/libaot-System.Xml.dll.so" not found
D/Mono    ( 9884): Config attempting to parse: 'System.Xml.dll.config'.
D/Mono    ( 9884): Config attempting to parse: '/Users/builder/data/lanes/4009/f3074d2c/source/monodroid/builds/install/mono-armv6/etc/mono/assemblies/System.Xml/System.Xml.config'.
D/Mono    ( 9884): Assembly Ref addref Mono.Android.Export[0xe87ce700] -> System.Xml[0xe87ce640]: 2
D/Mono    ( 9884): Assembly Ref addref System.Xml[0xe87ce640] -> mscorlib[0xe87cc480]: 28
D/Mono    ( 9884): Assembly Ref addref Mono.Android[0xe87cdaa0] -> System.Xml[0xe87ce640]: 3
D/Mono    ( 9884): Assembly Ref addref Mono.Android.Export[0xe87ce700] -> System.Core[0xe87ce0a0]: 4
D/Mono    ( 9884): Image addref System.Net.Http[0xe87ce8e0] -> System.Net.Http.dll[0xe16b0c00]: 2
D/Mono    ( 9884): Prepared to set up assembly 'System.Net.Http' (System.Net.Http.dll)
D/Mono    ( 9884): Assembly System.Net.Http[0xe87ce8e0] added to domain RootDomain, ref_count=1
D/Mono    ( 9884): AOT module 'System.Net.Http.dll.so' not found: dlopen failed: library "/data/app/com.careerbuilder.SugarDrone-1/lib/arm/libaot-System.Net.Http.dll.so" not found
D/Mono    ( 9884): AOT module '/Users/builder/data/lanes/4009/f3074d2c/source/monodroid/builds/install/mono-armv6/lib/mono/aot-cache/arm/System.Net.Http.dll.so' not found: dlopen failed: library "/data/app/com.careerbuilder.SugarDrone-1/lib/arm/libaot-System.Net.Http.dll.so" not found
D/Mono    ( 9884): Config attempting to parse: 'System.Net.Http.dll.config'.
D/Mono    ( 9884): Config attempting to parse: '/Users/builder/data/lanes/4009/f3074d2c/source/monodroid/builds/install/mono-armv6/etc/mono/assemblies/System.Net.Http/System.Net.Http.config'.
D/Mono    ( 9884): Assembly Ref addref CareerBuilder_Search.Droid[0xe87cc4e0] -> System.Net.Http[0xe87ce8e0]: 2
D/Mono    ( 9884): Assembly Ref addref System.Net.Http[0xe87ce8e0] -> mscorlib[0xe87cc480]: 29
I/System.out( 9884): Calabash loaded Mono
I/calabash( 9884): Test server port: 7102
I/InstrumentationBackend( 9884): Added:'NullAction', with key:'nullAction'
I/InstrumentationBackend( 9884): Added:'GetActivityOrientation', with key:'get_activity_orientation'
I/InstrumentationBackend( 9884): Added:'SetActivityOrientation', with key:'set_activity_orientation'
I/InstrumentationBackend( 9884): Added:'DpToDevicePixel', with key:'dp_to_device_pixel'
I/InstrumentationBackend( 9884): Added:'ClickOnScreen', with key:'click_on_screen'
I/InstrumentationBackend( 9884): Added:'DoubleTapCoordinate', with key:'double_tap_coordinate'
I/InstrumentationBackend( 9884): Added:'Drag', with key:'drag'
I/InstrumentationBackend( 9884): Added:'DragCoordinates', with key:'drag_coordinates'
I/InstrumentationBackend( 9884): Added:'LongPressCoordinate', with key:'long_press_coordinate'
I/InstrumentationBackend( 9884): Added:'ResumeApplication', with key:'resume_application'
I/InstrumentationBackend( 9884): Added:'Swipe', with key:'swipe'
I/InstrumentationBackend( 9884): Added:'TouchCoordinates', with key:'touch_coordinate'
I/InstrumentationBackend( 9884): Added:'ListActions', with key:'list_actions'
I/InstrumentationBackend( 9884): Added:'SendTcp', with key:'send_tcp'
I/InstrumentationBackend( 9884): Added:'PressElement', with key:'press_l10n_element'
I/InstrumentationBackend( 9884): Added:'WaitForElement', with key:'wait_for_l10n_element'
I/InstrumentationBackend( 9884): Added:'FakeGPSLocation', with key:'set_gps_coordinates'
I/InstrumentationBackend( 9884): Added:'GetMapBounds', with key:'get_map_bounds'
I/InstrumentationBackend( 9884): Added:'GetMapCenter', with key:'get_map_center'
I/InstrumentationBackend( 9884): Added:'GetMapMarker', with key:'get_map_marker'
I/InstrumentationBackend( 9884): Added:'GetMapMarkers', with key:'get_map_markers'
I/InstrumentationBackend( 9884): Added:'GetMapZoom', with key:'get_map_zoom'
I/InstrumentationBackend( 9884): Added:'PanMapTo', with key:'pan_map_to'
I/InstrumentationBackend( 9884): Added:'SetMapCenter', with key:'set_map_center'
I/InstrumentationBackend( 9884): Added:'SetMapZoom', with key:'set_map_zoom'
I/InstrumentationBackend( 9884): Added:'TapAwayFromMarkers', with key:'tap_map_away_from_markers'
I/InstrumentationBackend( 9884): Added:'TapMapMarker', with key:'tap_map_marker_by_title'
I/InstrumentationBackend( 9884): Added:'ClearPreferences', with key:'clear_preferences'
I/InstrumentationBackend( 9884): Added:'GetPreferences', with key:'get_preferences'
I/InstrumentationBackend( 9884): Added:'SetPreferences', with key:'set_preferences'
I/InstrumentationBackend( 9884): Added:'PressKey', with key:'press_key'
I/InstrumentationBackend( 9884): Added:'DeleteSurroundingText', with key:'delete_surrounding_text'
I/InstrumentationBackend( 9884): Added:'HideSoftKeyboard', with key:'hide_soft_keyboard'
I/InstrumentationBackend( 9884): Added:'KeyboardEnterText', with key:'keyboard_enter_text'
I/InstrumentationBackend( 9884): Added:'KeyboardKeyEvent', with key:'keyboard_key_event'
I/InstrumentationBackend( 9884): Added:'PressUserActionButton', with key:'press_user_action_button'
I/InstrumentationBackend( 9884): Added:'SetComposingRegion', with key:'set_composing_region'
I/InstrumentationBackend( 9884): Added:'SetSelection', with key:'set_selection'
I/InstrumentationBackend( 9884): Added:'AndroidSDKVersion', with key:'android_sdk_version'
I/InstrumentationBackend( 9884): Added:'Version', with key:'version'
I/InstrumentationBackend( 9884): Added:'GetActivityName', with key:'get_activity_name'
I/InstrumentationBackend( 9884): Added:'IsCurrentActivityFocused', with key:'is_current_activity_focused'
I/InstrumentationBackend( 9884): Added:'ScrollToView', with key:'scroll_to_view'
I/InstrumentationBackend( 9884): Added:'ViewConfiguration', with key:'view_configuration'
I/InstrumentationBackend( 9884): Added:'DumpBodyHtml', with key:'dump_body_html'
I/InstrumentationBackend( 9884): Added:'DumpHtml', with key:'dump_html'
I/InstrumentationBackend( 9884): Added:'EnterTextByCssSelector', with key:'enter_text_by_selector'
I/InstrumentationBackend( 9884): Added:'GetLoadProgress', with key:'get_load_progress'
I/InstrumentationBackend( 9884): Added:'GetUrl', with key:'get_url'
I/InstrumentationBackend( 9884): Added:'ScrollTo', with key:'scroll_to'
I/InstrumentationBackend( 9884): Added:'SetPropertyByCssSelector', with key:'set_property_by_css_selector'
I/calabash( 9884): Instantiating http server at 7102
I/System.out( 9884): HTTP Daemon listening on: 7102
I/System.out( 9884): URI: /ready
I/System.out( 9884): params: {}
I/System.out( 9884): URI: /ready
I/System.out( 9884): params: {}
I/art     ( 9884): Starting a blocking GC Explicit
I/art     ( 9884): Explicit concurrent mark sweep GC freed 3237(429KB) AllocSpace objects, 7(140KB) LOS objects, 39% free, 4MB/7MB, paused 370us total 33.642ms
I/System.out( 9884): URI: /ping
I/System.out( 9884): params: {json={"intent":null }
I/System.out( 9884): }
I/System.out( 9884): URI: /ready
I/System.out( 9884): params: {json={"intent":null }
I/System.out( 9884): }
I/System.out( 9884): URI: /start-application
I/System.out( 9884): params: {json={"intent":null }
I/System.out( 9884): }
I/calabash( 9884): execStartActivity 4
I/ActivityManager(  873): START u0 {act=android.intent.action.MAIN cat=[android.intent.category.LAUNCHER] flg=0x10200000 cmp=com.careerbuilder.SugarDrone/md537fd6201b6818e2e180d2f7606e21a83.AppMainActivity (has extras)} from uid 15034 on display 0
W/SearchService( 6825): Abort, client detached.
I/MicroDetector( 6825): Keeping mic open: false
I/DeviceStateChecker( 6825): DeviceStateChecker cancelled
I/MicrophoneInputStream( 6825): mic_close com.google.android.apps.gsa.speech.audio.ah@42d30de
E/AudioRecord-JNI( 6825): Error -4 during AudioRecord native read
I/calabash( 9884): newActivity1
D/Mono    ( 9884): Assembly Ref addref CareerBuilder_Search.Droid[0xe87cc4e0] -> Xamarin.Android.Support.v7.AppCompat[0xe87cd560]: 2
D/Mono    ( 9884): Assembly Ref addref Xamarin.Android.Support.v7.AppCompat[0xe87cd560] -> Xamarin.Android.Support.v4[0xe87cd3e0]: 2
D/Mono    ( 9884): DllImport searching in: '__Internal' ('(null)').
D/Mono    ( 9884): Searching for 'java_interop_jnienv_get_array_length'.
D/Mono    ( 9884): Probing 'java_interop_jnienv_get_array_length'.
D/Mono    ( 9884): Found as 'java_interop_jnienv_get_array_length'.
D/sound_trigger_platform(  509): platform_stdev_check_and_update_concurrency: concurrency active 0, tx 0, rx 0, concurrency session_allowed 1
I/SoundTriggerHwService::Module(  509): void android::SoundTriggerHwService::Module::onCallbackEvent(const sp<android::SoundTriggerHwService::CallbackEvent> &) mClient == 0
I/MicroRecognitionRunner( 6825): Detection finished
I/MicroRecognitionRunner( 6825): Stopping hotword detection.
D/Mono    ( 9884): Assembly Ref addref CareerBuilder_Search.Droid[0xe87cc4e0] -> CareerBuilder_Search[0xe87cda40]: 2
D/Mono    ( 9884): Assembly Ref addref CareerBuilder_Search.Droid[0xe87cc4e0] -> Xamarin.Android.Support.v4[0xe87cd3e0]: 3
D/Mono    ( 9884): DllImport searching in: '__Internal' ('(null)').
D/Mono    ( 9884): Searching for 'java_interop_jnienv_new_string'.
D/Mono    ( 9884): Probing 'java_interop_jnienv_new_string'.
D/Mono    ( 9884): Found as 'java_interop_jnienv_new_string'.
D/Mono    ( 9884): Assembly Ref addref CareerBuilder_Search.Droid[0xe87cc4e0] -> Plugin.CurrentActivity[0xe87ccea0]: 2
D/Mono    ( 9884): Assembly Ref addref Plugin.CurrentActivity[0xe87ccea0] -> mscorlib[0xe87cc480]: 30
D/Mono    ( 9884): Assembly Ref addref Plugin.CurrentActivity[0xe87ccea0] -> Mono.Android[0xe87cdaa0]: 18
D/Mono    ( 9884): [0xc84f4920] worker starting
D/Mono    ( 9884): [0xc83f3920] worker starting
D/Mono    ( 9884): Unloading image System.Runtime.dll [0xc8ee8e00].
D/Mono    ( 9884): Image addref System.Runtime[0xc85c1000] -> System.Runtime.dll[0xe16ad500]: 5
D/Mono    ( 9884): Config attempting to parse: 'System.Runtime.dll.config'.
D/Mono    ( 9884): Config attempting to parse: '/Users/builder/data/lanes/4009/f3074d2c/source/monodroid/builds/install/mono-armv6/etc/mono/assemblies/System.Runtime/System.Runtime.config'.
D/Mono    ( 9884): Assembly Ref addref CareerBuilder_Search[0xe87cda40] -> System.Runtime[0xe87cdb60]: 3
D/Mono    ( 9884): Assembly Ref addref CareerBuilder_Search[0xe87cda40] -> Plugin.DeviceInfo.Abstractions[0xe87cd0e0]: 2
D/Mono    ( 9884): Unloading image System.Runtime.dll [0xc8ee9300].
D/Mono    ( 9884): Image addref System.Runtime[0xc85c1000] -> System.Runtime.dll[0xe16ad500]: 6
D/Mono    ( 9884): Config attempting to parse: 'System.Runtime.dll.config'.
D/Mono    ( 9884): Config attempting to parse: '/Users/builder/data/lanes/4009/f3074d2c/source/monodroid/builds/install/mono-armv6/etc/mono/assemblies/System.Runtime/System.Runtime.config'.
D/Mono    ( 9884): Assembly Ref addref Plugin.DeviceInfo.Abstractions[0xe87cd0e0] -> System.Runtime[0xe87cdb60]: 4
D/Mono    ( 9884): Assembly Ref addref CareerBuilder_Search.Droid[0xe87cc4e0] -> Akavache[0xe87cc780]: 2
D/Mono    ( 9884): Assembly Ref addref Akavache[0xe87cc780] -> mscorlib[0xe87cc480]: 31
D/Mono    ( 9884): Assembly Ref addref Akavache[0xe87cc780] -> System.Reactive.Interfaces[0xe87cd7a0]: 2
D/Mono    ( 9884): Assembly Ref addref Akavache[0xe87cc780] -> System.Reactive.Core[0xe87cd740]: 2
D/Mono    ( 9884): Unloading image System.Runtime.dll [0xc8ee9300].
D/Mono    ( 9884): Image addref System.Runtime[0xc85c1000] -> System.Runtime.dll[0xe16ad500]: 7
D/Mono    ( 9884): Config attempting to parse: 'System.Runtime.dll.config'.
D/Mono    ( 9884): Config attempting to parse: '/Users/builder/data/lanes/4009/f3074d2c/source/monodroid/builds/install/mono-armv6/etc/mono/assemblies/System.Runtime/System.Runtime.config'.
D/Mono    ( 9884): Assembly Ref addref System.Reactive.Core[0xe87cd740] -> System.Runtime[0xe87cdb60]: 5
D/Mono    ( 9884): DllImport searching in: '__Internal' ('(null)').
D/Mono    ( 9884): Searching for 'java_interop_jnienv_call_nonvirtual_object_method_a'.
D/Mono    ( 9884): Probing 'java_interop_jnienv_call_nonvirtual_object_method_a'.
D/Mono    ( 9884): Found as 'java_interop_jnienv_call_nonvirtual_object_method_a'.
D/Mono    ( 9884): Assembly Ref addref CareerBuilder_Search.Droid[0xe87cc4e0] -> Microsoft.Practices.Unity[0xe87cce40]: 2
D/Mono    ( 9884): Unloading image System.Runtime.dll [0xc8ee9300].
D/Mono    ( 9884): Image addref System.Runtime[0xc85c1000] -> System.Runtime.dll[0xe16ad500]: 8
D/Mono    ( 9884): Config attempting to parse: 'System.Runtime.dll.config'.
D/Mono    ( 9884): Config attempting to parse: '/Users/builder/data/lanes/4009/f3074d2c/source/monodroid/builds/install/mono-armv6/etc/mono/assemblies/System.Runtime/System.Runtime.config'.
D/Mono    ( 9884): Assembly Ref addref Microsoft.Practices.Unity[0xe87cce40] -> System.Runtime[0xe87cdb60]: 6
D/Mono    ( 9884): Unloading image System.Collections.dll [0xc8eeac00].
D/Mono    ( 9884): Image addref System.Collections[0xc85c1000] -> System.Collections.dll[0xe16b0200]: 5
D/Mono    ( 9884): Config attempting to parse: 'System.Collections.dll.config'.
D/Mono    ( 9884): Config attempting to parse: '/Users/builder/data/lanes/4009/f3074d2c/source/monodroid/builds/install/mono-armv6/etc/mono/assemblies/System.Collections/System.Collections.config'.
D/Mono    ( 9884): Assembly Ref addref Microsoft.Practices.Unity[0xe87cce40] -> System.Collections[0xe87cde00]: 3
D/Mono    ( 9884): Assembly Ref addref CareerBuilder_Search[0xe87cda40] -> Microsoft.Practices.Unity[0xe87cce40]: 3
D/Mono    ( 9884): Assembly Ref addref CareerBuilder_Search.Droid[0xe87cc4e0] -> Plugin.DeviceInfo.Abstractions[0xe87cd0e0]: 3
D/Mono    ( 9884): Unloading image System.Diagnostics.Debug.dll [0xc8eeac00].
D/Mono    ( 9884): Image addref System.Diagnostics.Debug[0xc85c1000] -> System.Diagnostics.Debug.dll[0xe16af300]: 5
D/Mono    ( 9884): Config attempting to parse: 'System.Diagnostics.Debug.dll.config'.
D/Mono    ( 9884): Config attempting to parse: '/Users/builder/data/lanes/4009/f3074d2c/source/monodroid/builds/install/mono-armv6/etc/mono/assemblies/System.Diagnostics.Debug/System.Diagnostics.Debug.config'.
D/Mono    ( 9884): Assembly Ref addref CareerBuilder_Search[0xe87cda40] -> System.Diagnostics.Debug[0xe87cdce0]: 3
D/Mono    ( 9884): Assembly Ref addref System.Diagnostics.Debug[0xe87cdce0] -> mscorlib[0xe87cc480]: 32
D/Mono    ( 9884): Image addref System.Diagnostics.Tools[0xc85c1000] -> System.Diagnostics.Tools.dll[0xc8eeac00]: 2
D/Mono    ( 9884): Prepared to set up assembly 'System.Diagnostics.Tools' (System.Diagnostics.Tools.dll)
D/Mono    ( 9884): Assembly System.Diagnostics.Tools[0xc85c1000] added to domain RootDomain, ref_count=1
D/Mono    ( 9884): AOT module 'System.Diagnostics.Tools.dll.so' not found: dlopen failed: library "/data/app/com.careerbuilder.SugarDrone-1/lib/arm/libaot-System.Diagnostics.Tools.dll.so" not found
D/Mono    ( 9884): AOT module '/Users/builder/data/lanes/4009/f3074d2c/source/monodroid/builds/install/mono-armv6/lib/mono/aot-cache/arm/System.Diagnostics.Tools.dll.so' not found: dlopen failed: library "/data/app/com.careerbuilder.SugarDrone-1/lib/arm/libaot-System.Diagnostics.Tools.dll.so" not found
D/Mono    ( 9884): Config attempting to parse: 'System.Diagnostics.Tools.dll.config'.
D/Mono    ( 9884): Config attempting to parse: '/Users/builder/data/lanes/4009/f3074d2c/source/monodroid/builds/install/mono-armv6/etc/mono/assemblies/System.Diagnostics.Tools/System.Diagnostics.Tools.config'.
D/Mono    ( 9884): Assembly Ref addref Microsoft.Practices.Unity[0xe87cce40] -> System.Diagnostics.Tools[0xc85c1000]: 2
D/Mono    ( 9884): Assembly Ref addref System.Diagnostics.Tools[0xc85c1000] -> mscorlib[0xe87cc480]: 33
D/Mono    ( 9884): Image addref System.Resources.ResourceManager[0xc85c1060] -> System.Resources.ResourceManager.dll[0xc8eeb100]: 2
D/Mono    ( 9884): Prepared to set up assembly 'System.Resources.ResourceManager' (System.Resources.ResourceManager.dll)
D/Mono    ( 9884): Assembly System.Resources.ResourceManager[0xc85c1060] added to domain RootDomain, ref_count=1
D/Mono    ( 9884): AOT module 'System.Resources.ResourceManager.dll.so' not found: dlopen failed: library "/data/app/com.careerbuilder.SugarDrone-1/lib/arm/libaot-System.Resources.ResourceManager.dll.so" not found
D/Mono    ( 9884): AOT module '/Users/builder/data/lanes/4009/f3074d2c/source/monodroid/builds/install/mono-armv6/lib/mono/aot-cache/arm/System.Resources.ResourceManager.dll.so' not found: dlopen failed: library "/data/app/com.careerbuilder.SugarDrone-1/lib/arm/libaot-System.Resources.ResourceManager.dll.so" not found
D/Mono    ( 9884): Config attempting to parse: 'System.Resources.ResourceManager.dll.config'.
D/Mono    ( 9884): Config attempting to parse: '/Users/builder/data/lanes/4009/f3074d2c/source/monodroid/builds/install/mono-armv6/etc/mono/assemblies/System.Resources.ResourceManager/System.Resources.ResourceManager.config'.
D/Mono    ( 9884): Assembly Ref addref Microsoft.Practices.Unity[0xe87cce40] -> System.Resources.ResourceManager[0xc85c1060]: 2
D/Mono    ( 9884): Assembly Ref addref System.Resources.ResourceManager[0xc85c1060] -> mscorlib[0xe87cc480]: 34
D/Mono    ( 9884): Unloading image System.Reflection.dll [0xc8eeb600].
D/Mono    ( 9884): Image addref System.Reflection[0xc85c10c0] -> System.Reflection.dll[0xe16ae900]: 5
D/Mono    ( 9884): Config attempting to parse: 'System.Reflection.dll.config'.
D/Mono    ( 9884): Config attempting to parse: '/Users/builder/data/lanes/4009/f3074d2c/source/monodroid/builds/install/mono-armv6/etc/mono/assemblies/System.Reflection/System.Reflection.config'.
D/Mono    ( 9884): Assembly Ref addref Microsoft.Practices.Unity[0xe87cce40] -> System.Reflection[0xe87cdc20]: 3
D/Mono    ( 9884): Unloading image System.Linq.dll [0xc8eeb600].
D/Mono    ( 9884): Image addref System.Linq[0xc85c12a0] -> System.Linq.dll[0xc90b0500]: 5
D/Mono    ( 9884): Config attempting to parse: 'System.Linq.dll.config'.
D/Mono    ( 9884): Config attempting to parse: '/Users/builder/data/lanes/4009/f3074d2c/source/monodroid/builds/install/mono-armv6/etc/mono/assemblies/System.Linq/System.Linq.config'.
D/Mono    ( 9884): Assembly Ref addref Microsoft.Practices.Unity[0xe87cce40] -> System.Linq[0xe87cdf20]: 3
I/Adreno  ( 9884): QUALCOMM build                   : 74df444, I409c65498b
I/Adreno  ( 9884): Build Date                       : 06/22/16
I/Adreno  ( 9884): OpenGL ES Shader Compiler Version: XE031.08.00.02
I/Adreno  ( 9884): Local Branch                     : N16
I/Adreno  ( 9884): Remote Branch                    : 
I/Adreno  ( 9884): Remote Branch                    : 
I/Adreno  ( 9884): Reconstruct Branch               : 
W/IInputConnectionWrapper( 4191): reportFullscreenMode on inexistent InputConnection
D/Mono    ( 9884): Unloading image System.Threading.dll [0xc8eeb600].
D/Mono    ( 9884): Image addref System.Threading[0xc85c12a0] -> System.Threading.dll[0xe16aee00]: 5
D/Mono    ( 9884): Config attempting to parse: 'System.Threading.dll.config'.
D/Mono    ( 9884): Config attempting to parse: '/Users/builder/data/lanes/4009/f3074d2c/source/monodroid/builds/install/mono-armv6/etc/mono/assemblies/System.Threading/System.Threading.config'.
D/Mono    ( 9884): Assembly Ref addref Microsoft.Practices.Unity[0xe87cce40] -> System.Threading[0xe87cdc80]: 3
I/OpenGLRenderer( 9884): Initialized EGL, version 1.4
D/OpenGLRenderer( 9884): Swap behavior 1
D/Mono    ( 9884): Image addref System.Globalization[0xc85c11e0] -> System.Globalization.dll[0xc811ed00]: 2
D/Mono    ( 9884): Prepared to set up assembly 'System.Globalization' (System.Globalization.dll)
D/Mono    ( 9884): Assembly System.Globalization[0xc85c11e0] added to domain RootDomain, ref_count=1
D/Mono    ( 9884): AOT module 'System.Globalization.dll.so' not found: dlopen failed: library "/data/app/com.careerbuilder.SugarDrone-1/lib/arm/libaot-System.Globalization.dll.so" not found
D/Mono    ( 9884): AOT module '/Users/builder/data/lanes/4009/f3074d2c/source/monodroid/builds/install/mono-armv6/lib/mono/aot-cache/arm/System.Globalization.dll.so' not found: dlopen failed: library "/data/app/com.careerbuilder.SugarDrone-1/lib/arm/libaot-System.Globalization.dll.so" not found
D/Mono    ( 9884): Config attempting to parse: 'System.Globalization.dll.config'.
D/Mono    ( 9884): Config attempting to parse: '/Users/builder/data/lanes/4009/f3074d2c/source/monodroid/builds/install/mono-armv6/etc/mono/assemblies/System.Globalization/System.Globalization.config'.
D/Mono    ( 9884): Assembly Ref addref Microsoft.Practices.Unity[0xe87cce40] -> System.Globalization[0xc85c11e0]: 2
D/Mono    ( 9884): Assembly Ref addref System.Globalization[0xc85c11e0] -> mscorlib[0xe87cc480]: 35
D/Mono    ( 9884): Image addref System.Runtime.Extensions[0xc85c1660] -> System.Runtime.Extensions.dll[0xc7f8dd00]: 2
D/Mono    ( 9884): Prepared to set up assembly 'System.Runtime.Extensions' (System.Runtime.Extensions.dll)
D/Mono    ( 9884): Assembly System.Runtime.Extensions[0xc85c1660] added to domain RootDomain, ref_count=1
D/Mono    ( 9884): AOT module 'System.Runtime.Extensions.dll.so' not found: dlopen failed: library "/data/app/com.careerbuilder.SugarDrone-1/lib/arm/libaot-System.Runtime.Extensions.dll.so" not found
D/Mono    ( 9884): AOT module '/Users/builder/data/lanes/4009/f3074d2c/source/monodroid/builds/install/mono-armv6/lib/mono/aot-cache/arm/System.Runtime.Extensions.dll.so' not found: dlopen failed: library "/data/app/com.careerbuilder.SugarDrone-1/lib/arm/libaot-System.Runtime.Extensions.dll.so" not found
D/Mono    ( 9884): Config attempting to parse: 'System.Runtime.Extensions.dll.config'.
D/Mono    ( 9884): Config attempting to parse: '/Users/builder/data/lanes/4009/f3074d2c/source/monodroid/builds/install/mono-armv6/etc/mono/assemblies/System.Runtime.Extensions/System.Runtime.Extensions.config'.
D/Mono    ( 9884): Assembly Ref addref Microsoft.Practices.Unity[0xe87cce40] -> System.Runtime.Extensions[0xc85c1660]: 2
D/Mono    ( 9884): Assembly Ref addref System.Runtime.Extensions[0xc85c1660] -> mscorlib[0xe87cc480]: 36
D/Mono    ( 9884): Image addref System.Linq.Expressions[0xc85c3940] -> System.Linq.Expressions.dll[0xc8eebb00]: 2
D/Mono    ( 9884): Prepared to set up assembly 'System.Linq.Expressions' (System.Linq.Expressions.dll)
D/Mono    ( 9884): Assembly System.Linq.Expressions[0xc85c3940] added to domain RootDomain, ref_count=1
D/Mono    ( 9884): AOT module 'System.Linq.Expressions.dll.so' not found: dlopen failed: library "/data/app/com.careerbuilder.SugarDrone-1/lib/arm/libaot-System.Linq.Expressions.dll.so" not found
D/Mono    ( 9884): AOT module '/Users/builder/data/lanes/4009/f3074d2c/source/monodroid/builds/install/mono-armv6/lib/mono/aot-cache/arm/System.Linq.Expressions.dll.so' not found: dlopen failed: library "/data/app/com.careerbuilder.SugarDrone-1/lib/arm/libaot-System.Linq.Expressions.dll.so" not found
D/Mono    ( 9884): Config attempting to parse: 'System.Linq.Expressions.dll.config'.
D/Mono    ( 9884): Config attempting to parse: '/Users/builder/data/lanes/4009/f3074d2c/source/monodroid/builds/install/mono-armv6/etc/mono/assemblies/System.Linq.Expressions/System.Linq.Expressions.config'.
D/Mono    ( 9884): Assembly Ref addref Microsoft.Practices.Unity[0xe87cce40] -> System.Linq.Expressions[0xc85c3940]: 2
D/Mono    ( 9884): Assembly Ref addref System.Linq.Expressions[0xc85c3940] -> System.Core[0xe87ce0a0]: 5
D/Mono    ( 9884): Assembly Ref addref System.Core[0xe87ce0a0] -> System[0xe87cdd40]: 3
I/ActivityManager(  873): Displayed com.careerbuilder.SugarDrone/md537fd6201b6818e2e180d2f7606e21a83.AppMainActivity: +641ms
D/Mono    ( 9884): Assembly Ref addref CareerBuilder_Search.Droid[0xe87cc4e0] -> Xamarin.GooglePlayServices.Analytics[0xe87cd140]: 2
D/Mono    ( 9884): Assembly Ref addref CareerBuilder_Search.Droid[0xe87cc4e0] -> Plugin.Geolocator.Abstractions[0xe87cd020]: 2
D/Mono    ( 9884): Assembly Ref addref CareerBuilder_Search[0xe87cda40] -> System.Net.Http[0xe87ce8e0]: 3
D/Mono    ( 9884): Assembly Ref addref CareerBuilder_Search[0xe87cda40] -> Plugin.DeviceInfo[0xe87cd080]: 2
D/Mono    ( 9884): Assembly Ref addref Plugin.DeviceInfo[0xe87cd080] -> mscorlib[0xe87cc480]: 37
D/Mono    ( 9884): Assembly Ref addref Plugin.DeviceInfo[0xe87cd080] -> Plugin.DeviceInfo.Abstractions[0xe87cd0e0]: 4
D/Mono    ( 9884): Image addref System.Threading.Tasks[0xc758de60] -> System.Threading.Tasks.dll[0xc7f8e700]: 2
D/Mono    ( 9884): Prepared to set up assembly 'System.Threading.Tasks' (System.Threading.Tasks.dll)
D/Mono    ( 9884): Assembly System.Threading.Tasks[0xc758de60] added to domain RootDomain, ref_count=1
D/Mono    ( 9884): AOT module 'System.Threading.Tasks.dll.so' not found: dlopen failed: library "/data/app/com.careerbuilder.SugarDrone-1/lib/arm/libaot-System.Threading.Tasks.dll.so" not found
D/Mono    ( 9884): AOT module '/Users/builder/data/lanes/4009/f3074d2c/source/monodroid/builds/install/mono-armv6/lib/mono/aot-cache/arm/System.Threading.Tasks.dll.so' not found: dlopen failed: library "/data/app/com.careerbuilder.SugarDrone-1/lib/arm/libaot-System.Threading.Tasks.dll.so" not found
D/Mono    ( 9884): Config attempting to parse: 'System.Threading.Tasks.dll.config'.
D/Mono    ( 9884): Config attempting to parse: '/Users/builder/data/lanes/4009/f3074d2c/source/monodroid/builds/install/mono-armv6/etc/mono/assemblies/System.Threading.Tasks/System.Threading.Tasks.config'.
D/Mono    ( 9884): Assembly Ref addref CareerBuilder_Search[0xe87cda40] -> System.Threading.Tasks[0xc758de60]: 2
D/Mono    ( 9884): Assembly Ref addref System.Threading.Tasks[0xc758de60] -> mscorlib[0xe87cc480]: 38
D/Mono    ( 9884): Unloading image System.Collections.dll [0xc7f8ec00].
D/Mono    ( 9884): Image addref System.Collections[0xc85c1600] -> System.Collections.dll[0xe16b0200]: 6
D/Mono    ( 9884): Config attempting to parse: 'System.Collections.dll.config'.
D/Mono    ( 9884): Config attempting to parse: '/Users/builder/data/lanes/4009/f3074d2c/source/monodroid/builds/install/mono-armv6/etc/mono/assemblies/System.Collections/System.Collections.config'.
D/Mono    ( 9884): Assembly Ref addref CareerBuilder_Search[0xe87cda40] -> System.Collections[0xe87cde00]: 4
D/Mono    ( 9884): Assembly Ref addref System.Collections[0xe87cde00] -> System[0xe87cdd40]: 4
D/Mono    ( 9884): Assembly Ref addref System.Net.Http[0xe87ce8e0] -> System[0xe87cdd40]: 5
D/Mono    ( 9884): Assembly Ref addref Microsoft.Practices.Unity[0xe87cce40] -> System.Reflection.Extensions[0xe87ce1c0]: 3
I/System.out( 9884): URI: /map
I/System.out( 9884): params: {json={"query":"*","operation":{"method_name":"query","arguments":[]}}
I/System.out( 9884): }
I/WindowManager(  873): Destroying surface Surface(name=Starting com.careerbuilder.SugarDrone) called by com.android.server.wm.WindowStateAnimator.destroySurface:2014 com.android.server.wm.WindowStateAnimator.destroySurfaceLocked:881 com.android.server.wm.WindowState.destroyOrSaveSurface:2073 com.android.server.wm.AppWindowToken.destroySurfaces:363 com.android.server.wm.WindowStateAnimator.finishExit:565 com.android.server.wm.WindowStateAnimator.stepAnimationLocked:491 com.android.server.wm.WindowAnimator.updateWindowsLocked:303 com.android.server.wm.WindowAnimator.animateLocked:704 
I/WindowManager(  873): Destroying surface Surface(name=com.google.android.googlequicksearchbox/com.google.android.launcher.GEL) called by com.android.server.wm.WindowStateAnimator.destroySurface:2014 com.android.server.wm.WindowStateAnimator.destroySurfaceLocked:881 com.android.server.wm.WindowState.destroyOrSaveSurface:2073 com.android.server.wm.AppWindowToken.destroySurfaces:363 com.android.server.wm.AppWindowToken.notifyAppStopped:389 com.android.server.wm.WindowManagerService.notifyAppStopped:4456 com.android.server.am.ActivityStack.activityStoppedLocked:1252 com.android.server.am.ActivityManagerService.activityStopped:6873 
I/ActivityManager(  873): Killing 5685:com.android.printspooler/u0a80 (adj 906): empty #17
W/ResourceType( 9884): No known package when getting name for resource number 0xffffffff
W/ResourceType( 9884): No known package when getting name for resource number 0xffffffff
W/ResourceType( 9884): No known package when getting name for resource number 0xffffffff
D/Mono    ( 9884): Unloading image System.Threading.dll [0xc8791500].
D/Mono    ( 9884): Image addref System.Threading[0xc758d8c0] -> System.Threading.dll[0xe16aee00]: 6
D/Mono    ( 9884): Config attempting to parse: 'System.Threading.dll.config'.
D/Mono    ( 9884): Config attempting to parse: '/Users/builder/data/lanes/4009/f3074d2c/source/monodroid/builds/install/mono-armv6/etc/mono/assemblies/System.Threading/System.Threading.config'.
D/Mono    ( 9884): Assembly Ref addref CareerBuilder_Search[0xe87cda40] -> System.Threading[0xe87cdc80]: 4
D/Mono    ( 9884): Assembly Ref addref System.Threading[0xe87cdc80] -> System.Core[0xe87ce0a0]: 6
D/Mono    ( 9884): Assembly Ref addref System.Runtime[0xe87cdb60] -> System[0xe87cdd40]: 6
D/Mono    ( 9884): Assembly Ref addref CareerBuilder_Search[0xe87cda40] -> Newtonsoft.Json[0xe87cd680]: 2
D/Mono    ( 9884): Unloading image System.Runtime.dll [0xc8791a00].
D/Mono    ( 9884): Image addref System.Runtime[0xc758dda0] -> System.Runtime.dll[0xe16ad500]: 9
D/Mono    ( 9884): Config attempting to parse: 'System.Runtime.dll.config'.
D/Mono    ( 9884): Config attempting to parse: '/Users/builder/data/lanes/4009/f3074d2c/source/monodroid/builds/install/mono-armv6/etc/mono/assemblies/System.Runtime/System.Runtime.config'.
D/Mono    ( 9884): Assembly Ref addref Newtonsoft.Json[0xe87cd680] -> System.Runtime[0xe87cdb60]: 7
D/Mono    ( 9884): Image addref System.Dynamic.Runtime[0xc758dda0] -> System.Dynamic.Runtime.dll[0xc8791a00]: 2
D/Mono    ( 9884): Prepared to set up assembly 'System.Dynamic.Runtime' (System.Dynamic.Runtime.dll)
D/Mono    ( 9884): Assembly System.Dynamic.Runtime[0xc758dda0] added to domain RootDomain, ref_count=1
D/Mono    ( 9884): AOT module 'System.Dynamic.Runtime.dll.so' not found: dlopen failed: library "/data/app/com.careerbuilder.SugarDrone-1/lib/arm/libaot-System.Dynamic.Runtime.dll.so" not found
D/Mono    ( 9884): AOT module '/Users/builder/data/lanes/4009/f3074d2c/source/monodroid/builds/install/mono-armv6/lib/mono/aot-cache/arm/System.Dynamic.Runtime.dll.so' not found: dlopen failed: library "/data/app/com.careerbuilder.SugarDrone-1/lib/arm/libaot-System.Dynamic.Runtime.dll.so" not found
D/Mono    ( 9884): Config attempting to parse: 'System.Dynamic.Runtime.dll.config'.
D/Mono    ( 9884): Config attempting to parse: '/Users/builder/data/lanes/4009/f3074d2c/source/monodroid/builds/install/mono-armv6/etc/mono/assemblies/System.Dynamic.Runtime/System.Dynamic.Runtime.config'.
D/Mono    ( 9884): Assembly Ref addref Newtonsoft.Json[0xe87cd680] -> System.Dynamic.Runtime[0xc758dda0]: 2
D/Mono    ( 9884): Assembly Ref addref System.Dynamic.Runtime[0xc758dda0] -> System.Core[0xe87ce0a0]: 7
D/Mono    ( 9884): Image addref System.ObjectModel[0xc758de00] -> System.ObjectModel.dll[0xc8791000]: 2
D/Mono    ( 9884): Prepared to set up assembly 'System.ObjectModel' (System.ObjectModel.dll)
D/Mono    ( 9884): Assembly System.ObjectModel[0xc758de00] added to domain RootDomain, ref_count=1
D/Mono    ( 9884): AOT module 'System.ObjectModel.dll.so' not found: dlopen failed: library "/data/app/com.careerbuilder.SugarDrone-1/lib/arm/libaot-System.ObjectModel.dll.so" not found
D/Mono    ( 9884): AOT module '/Users/builder/data/lanes/4009/f3074d2c/source/monodroid/builds/install/mono-armv6/lib/mono/aot-cache/arm/System.ObjectModel.dll.so' not found: dlopen failed: library "/data/app/com.careerbuilder.SugarDrone-1/lib/arm/libaot-System.ObjectModel.dll.so" not found
D/Mono    ( 9884): Config attempting to parse: 'System.ObjectModel.dll.config'.
D/Mono    ( 9884): Config attempting to parse: '/Users/builder/data/lanes/4009/f3074d2c/source/monodroid/builds/install/mono-armv6/etc/mono/assemblies/System.ObjectModel/System.ObjectModel.config'.
D/Mono    ( 9884): Assembly Ref addref Newtonsoft.Json[0xe87cd680] -> System.ObjectModel[0xc758de00]: 2
D/Mono    ( 9884): Assembly Ref addref System.ObjectModel[0xc758de00] -> System[0xe87cdd40]: 7
I/ThermalEngine(  504): ACTION: Hotplugged ON CPU[4]
D/Mono    ( 9884): Assembly Ref addref CareerBuilder_Search[0xe87cda40] -> System.Reactive.Core[0xe87cd740]: 3
D/Mono    ( 9884): DllImport attempting to load: '__Internal'.
D/Mono    ( 9884): DllImport loaded library '(null)'.
D/Mono    ( 9884): DllImport searching in: '__Internal' ('(null)').
D/Mono    ( 9884): Searching for 'monodroid_get_system_property'.
D/Mono    ( 9884): Probing 'monodroid_get_system_property'.
D/Mono    ( 9884): Found as 'monodroid_get_system_property'.
D/Mono    ( 9884): DllImport searching in: '__Internal' ('(null)').
D/Mono    ( 9884): Searching for 'monodroid_free'.
D/Mono    ( 9884): Probing 'monodroid_free'.
D/Mono    ( 9884): Found as 'monodroid_free'.
I/System.out( 9884): URI: /map
I/System.out( 9884): params: {json={"query":"* id:'agreeAndContinueButton'","operation":{"method_name":"query","arguments":[]}}
I/System.out( 9884): }
W/ResourceType( 9884): No known package when getting name for resource number 0xffffffff
W/ResourceType( 9884): No known package when getting name for resource number 0xffffffff
W/ResourceType( 9884): No known package when getting name for resource number 0xffffffff
D/Mono    ( 9884): Assembly Ref addref CareerBuilder_Search.Droid[0xe87cc4e0] -> Xamarin.Insights[0xe87cd260]: 2
D/Mono    ( 9884): Assembly Ref addref Xamarin.Insights[0xe87cd260] -> mscorlib[0xe87cc480]: 39
D/Mono    ( 9884): Assembly Ref addref Xamarin.Insights[0xe87cd260] -> Mono.Android[0xe87cdaa0]: 19
D/Mono    ( 9884): Assembly Ref addref CareerBuilder_Search.Droid[0xe87cc4e0] -> HockeySDK[0xe87cc5a0]: 2
D/Mono    ( 9884): Assembly Ref addref CareerBuilder_Search.Droid[0xe87cc4e0] -> AppsFlyerXamarinBindingAndroid[0xe87cc540]: 2
D/Mono    ( 9884): DllImport searching in: '__Internal' ('(null)').
D/Mono    ( 9884): Searching for 'java_interop_jnienv_get_static_field_id'.
D/Mono    ( 9884): Probing 'java_interop_jnienv_get_static_field_id'.
D/Mono    ( 9884): Found as 'java_interop_jnienv_get_static_field_id'.
D/Mono    ( 9884): DllImport searching in: '__Internal' ('(null)').
D/Mono    ( 9884): Searching for 'java_interop_jnienv_get_static_int_field'.
D/Mono    ( 9884): Probing 'java_interop_jnienv_get_static_int_field'.
D/Mono    ( 9884): Found as 'java_interop_jnienv_get_static_int_field'.
D/Mono    ( 9884): Assembly Ref addref Xamarin.Insights[0xe87cd260] -> System.Core[0xe87ce0a0]: 8
D/Mono    ( 9884): DllImport searching in: '__Internal' ('(null)').
D/Mono    ( 9884): Searching for 'java_interop_jnienv_call_static_long_method_a'.
D/Mono    ( 9884): Probing 'java_interop_jnienv_call_static_long_method_a'.
D/Mono    ( 9884): Found as 'java_interop_jnienv_call_static_long_method_a'.
D/Mono    ( 9884): Assembly Ref addref Xamarin.Insights[0xe87cd260] -> System[0xe87cdd40]: 8
D/Mono    ( 9884): Assembly Ref addref Xamarin.Insights[0xe87cd260] -> System.Net.Http[0xe87ce8e0]: 4
I/System.out( 9884): URI: /map
I/System.out( 9884): params: {json={"query":"* id:'agreeAndContinueButton'","operation":{"method_name":"query","arguments":[]}}
I/System.out( 9884): }
W/ResourceType( 9884): No known package when getting name for resource number 0xffffffff
W/ResourceType( 9884): No known package when getting name for resource number 0xffffffff
W/ResourceType( 9884): No known package when getting name for resource number 0xffffffff
W/NetworkIdentity(  873): Active mobile network without subscriber!
W/NetworkIdentity(  873): Active mobile network without subscriber!
W/NetworkIdentity(  873): Active mobile network without subscriber!
W/NetworkIdentity(  873): Active mobile network without subscriber!
W/NetworkIdentity(  873): Active mobile network without subscriber!
W/NetworkIdentity(  873): Active mobile network without subscriber!
W/NetworkIdentity(  873): Active mobile network without subscriber!
W/NetworkIdentity(  873): Active mobile network without subscriber!
W/NetworkIdentity(  873): Active mobile network without subscriber!
W/NetworkIdentity(  873): Active mobile network without subscriber!
D/Mono    ( 9884): DllImport searching in: '__Internal' ('(null)').
D/Mono    ( 9884): Searching for 'java_interop_jnienv_get_object_array_element'.
D/Mono    ( 9884): Probing 'java_interop_jnienv_get_object_array_element'.
D/Mono    ( 9884): Found as 'java_interop_jnienv_get_object_array_element'.
D/Mono    ( 9884): DllImport searching in: '__Internal' ('(null)').
D/Mono    ( 9884): Searching for 'java_interop_jnienv_call_boolean_method_a'.
D/Mono    ( 9884): Probing 'java_interop_jnienv_call_boolean_method_a'.
D/Mono    ( 9884): Found as 'java_interop_jnienv_call_boolean_method_a'.
D/Mono    ( 9884): DllImport searching in: '__Internal' ('(null)').
D/Mono    ( 9884): Searching for 'java_interop_jnienv_call_int_method_a'.
D/Mono    ( 9884): Probing 'java_interop_jnienv_call_int_method_a'.
D/Mono    ( 9884): Found as 'java_interop_jnienv_call_int_method_a'.
W/NetworkIdentity(  873): Active mobile network without subscriber!
W/NetworkIdentity(  873): Active mobile network without subscriber!
W/NetworkIdentity(  873): Active mobile network without subscriber!
W/NetworkIdentity(  873): Active mobile network without subscriber!
W/NetworkIdentity(  873): Active mobile network without subscriber!
W/NetworkIdentity(  873): Active mobile network without subscriber!
W/NetworkIdentity(  873): Active mobile network without subscriber!
W/NetworkIdentity(  873): Active mobile network without subscriber!
W/NetworkIdentity(  873): Active mobile network without subscriber!
W/NetworkIdentity(  873): Active mobile network without subscriber!
D/Mono    ( 9884): DllImport searching in: '__Internal' ('(null)').
D/Mono    ( 9884): Searching for 'java_interop_jnienv_get_field_id'.
D/Mono    ( 9884): Probing 'java_interop_jnienv_get_field_id'.
D/Mono    ( 9884): Found as 'java_interop_jnienv_get_field_id'.
D/Mono    ( 9884): DllImport searching in: '__Internal' ('(null)').
D/Mono    ( 9884): Searching for 'java_interop_jnienv_get_object_field'.
D/Mono    ( 9884): Probing 'java_interop_jnienv_get_object_field'.
D/Mono    ( 9884): Found as 'java_interop_jnienv_get_object_field'.
D/Mono    ( 9884): DllImport searching in: '__Internal' ('(null)').
D/Mono    ( 9884): Searching for 'java_interop_jnienv_call_static_int_method_a'.
D/Mono    ( 9884): Probing 'java_interop_jnienv_call_static_int_method_a'.
D/Mono    ( 9884): Found as 'java_interop_jnienv_call_static_int_method_a'.
W/Xamarin.Insights( 9884): Warning: Insights data communication has been manually enabled
I/System.out( 9884): URI: /map
I/System.out( 9884): params: {json={"query":"* id:'agreeAndContinueButton'","operation":{"method_name":"query","arguments":[]}}
I/System.out( 9884): }
D/Mono    ( 9884): DllImport searching in: '__Internal' ('(null)').
D/Mono    ( 9884): Searching for 'java_interop_jnienv_get_static_object_field'.
D/Mono    ( 9884): Probing 'java_interop_jnienv_get_static_object_field'.
D/Mono    ( 9884): Found as 'java_interop_jnienv_get_static_object_field'.
W/ResourceType( 9884): No known package when getting name for resource number 0xffffffff
