D/Mono    ( 9715): AOT module '/Users/builder/data/lanes/4009/f3074d2c/source/monodroid/builds/install/mono-armv6/lib/mono/aot-cache/arm/System.Core.dll.so' not found: dlopen failed: library "/data/app/com.careerbuilder.SugarDrone-1/lib/arm/libaot-System.Core.dll.so" not found
D/Mono    ( 9715): Config attempting to parse: 'System.Core.dll.config'.
D/Mono    ( 9715): Config attempting to parse: '/Users/builder/data/lanes/4009/f3074d2c/source/monodroid/builds/install/mono-armv6/etc/mono/assemblies/System.Core/System.Core.config'.
D/Mono    ( 9715): Assembly Ref addref System.Linq[0xe0375460] -> System.Core[0xe03755e0]: 2
D/Mono    ( 9715): Assembly Ref addref System.Core[0xe03755e0] -> mscorlib[0xe0373a20]: 10
D/Mono    ( 9715): Image addref System.Reflection.Extensions[0xe0375700] -> System.Reflection.Extensions.dll[0xca7aea00]: 2
D/Mono    ( 9715): Prepared to set up assembly 'System.Reflection.Extensions' (System.Reflection.Extensions.dll)
D/Mono    ( 9715): Assembly System.Reflection.Extensions[0xe0375700] added to domain RootDomain, ref_count=1
D/Mono    ( 9715): AOT module 'System.Reflection.Extensions.dll.so' not found: dlopen failed: library "/data/app/com.careerbuilder.SugarDrone-1/lib/arm/libaot-System.Reflection.Extensions.dll.so" not found
D/Mono    ( 9715): AOT module '/Users/builder/data/lanes/4009/f3074d2c/source/monodroid/builds/install/mono-armv6/lib/mono/aot-cache/arm/System.Reflection.Extensions.dll.so' not found: dlopen failed: library "/data/app/com.careerbuilder.SugarDrone-1/lib/arm/libaot-System.Reflection.Extensions.dll.so" not found
D/Mono    ( 9715): Config attempting to parse: 'System.Reflection.Extensions.dll.config'.
D/Mono    ( 9715): Config attempting to parse: '/Users/builder/data/lanes/4009/f3074d2c/source/monodroid/builds/install/mono-armv6/etc/mono/assemblies/System.Reflection.Extensions/System.Reflection.Extensions.config'.
D/Mono    ( 9715): Assembly Ref addref Java.Interop[0xe0375040] -> System.Reflection.Extensions[0xe0375700]: 2
D/Mono    ( 9715): Assembly Ref addref System.Reflection.Extensions[0xe0375700] -> mscorlib[0xe0373a20]: 11
D/Mono    ( 9715): Assembly Ref addref Mono.Android[0xe0374fe0] -> System.Core[0xe03755e0]: 3
D/Mono    ( 9715): DllImport searching in: '__Internal' ('(null)').
D/Mono    ( 9715): Searching for 'monodroid_typemap_managed_to_java'.
D/Mono    ( 9715): Probing 'monodroid_typemap_managed_to_java'.
D/Mono    ( 9715): Found as 'monodroid_typemap_managed_to_java'.
D/Mono    ( 9715): DllImport searching in: '__Internal' ('(null)').
D/Mono    ( 9715): Searching for 'java_interop_jnienv_alloc_object'.
D/Mono    ( 9715): Probing 'java_interop_jnienv_alloc_object'.
D/Mono    ( 9715): Found as 'java_interop_jnienv_alloc_object'.
D/Mono    ( 9715): DllImport searching in: '__Internal' ('(null)').
D/Mono    ( 9715): Searching for '_monodroid_gc_wait_for_bridge_processing'.
D/Mono    ( 9715): Probing '_monodroid_gc_wait_for_bridge_processing'.
D/Mono    ( 9715): Found as '_monodroid_gc_wait_for_bridge_processing'.
D/Mono    ( 9715): DllImport searching in: '__Internal' ('(null)').
D/Mono    ( 9715): Searching for 'java_interop_jnienv_register_natives'.
D/Mono    ( 9715): Probing 'java_interop_jnienv_register_natives'.
D/Mono    ( 9715): Found as 'java_interop_jnienv_register_natives'.
D/Mono    ( 9715): DllImport searching in: '__Internal' ('(null)').
D/Mono    ( 9715): Searching for 'java_interop_jnienv_call_nonvirtual_void_method_a'.
D/Mono    ( 9715): Probing 'java_interop_jnienv_call_nonvirtual_void_method_a'.
D/Mono    ( 9715): Found as 'java_interop_jnienv_call_nonvirtual_void_method_a'.
D/Mono    ( 9715): DllImport searching in: '__Internal' ('(null)').
D/Mono    ( 9715): Searching for 'java_interop_jnienv_is_same_object'.
D/Mono    ( 9715): Probing 'java_interop_jnienv_is_same_object'.
D/Mono    ( 9715): Found as 'java_interop_jnienv_is_same_object'.
D/Mono    ( 9715): DllImport searching in: '__Internal' ('(null)').
D/Mono    ( 9715): Searching for 'java_interop_jnienv_call_static_void_method_a'.
D/Mono    ( 9715): Probing 'java_interop_jnienv_call_static_void_method_a'.
D/Mono    ( 9715): Found as 'java_interop_jnienv_call_static_void_method_a'.
D/Mono    ( 9715): Assembly Ref addref AppsFlyerXamarinBindingAndroid[0xe0373f00] -> mscorlib[0xe0373a20]: 12
D/Mono    ( 9715): Assembly Ref addref AppsFlyerXamarinBindingAndroid[0xe0373f00] -> Mono.Android[0xe0374fe0]: 2
D/Mono    ( 9715): Assembly Ref addref HockeySDK[0xe03741a0] -> mscorlib[0xe0373a20]: 13
D/Mono    ( 9715): Assembly Ref addref HockeySDK[0xe03741a0] -> Mono.Android[0xe0374fe0]: 3
D/Mono    ( 9715): Assembly Ref addref Xamarin.GooglePlayServices.Analytics[0xe0374680] -> mscorlib[0xe0373a20]: 14
D/Mono    ( 9715): Assembly Ref addref Xamarin.GooglePlayServices.Analytics[0xe0374680] -> Mono.Android[0xe0374fe0]: 4
D/Mono    ( 9715): Assembly Ref addref Xamarin.GooglePlayServices.Base[0xe03746e0] -> mscorlib[0xe0373a20]: 15
D/Mono    ( 9715): Assembly Ref addref Xamarin.GooglePlayServices.Base[0xe03746e0] -> Mono.Android[0xe0374fe0]: 5
D/Mono    ( 9715): Assembly Ref addref Xamarin.GooglePlayServices.Basement[0xe0374740] -> mscorlib[0xe0373a20]: 16
D/Mono    ( 9715): Assembly Ref addref Xamarin.GooglePlayServices.Basement[0xe0374740] -> Mono.Android[0xe0374fe0]: 6
D/Mono    ( 9715): Assembly Ref addref FloatingActionButton-Xamarin[0xe03748c0] -> mscorlib[0xe0373a20]: 17
D/Mono    ( 9715): Assembly Ref addref FloatingActionButton-Xamarin[0xe03748c0] -> Mono.Android[0xe0374fe0]: 7
D/Mono    ( 9715): Assembly Ref addref Xamarin.Android.Support.v4[0xe0374920] -> mscorlib[0xe0373a20]: 18
D/Mono    ( 9715): Assembly Ref addref Xamarin.Android.Support.v4[0xe0374920] -> Mono.Android[0xe0374fe0]: 8
D/Mono    ( 9715): Assembly Ref addref Xamarin.Android.Support.v7.RecyclerView[0xe0374980] -> mscorlib[0xe0373a20]: 19
D/Mono    ( 9715): Assembly Ref addref Xamarin.Android.Support.v7.RecyclerView[0xe0374980] -> Mono.Android[0xe0374fe0]: 9
D/Mono    ( 9715): Assembly Ref addref Xamarin.Android.Support.Vector.Drawable[0xe03749e0] -> mscorlib[0xe0373a20]: 20
D/Mono    ( 9715): Assembly Ref addref Xamarin.Android.Support.Vector.Drawable[0xe03749e0] -> Mono.Android[0xe0374fe0]: 10
D/Mono    ( 9715): Assembly Ref addref Xamarin.Android.Support.Animated.Vector.Drawable[0xe0374a40] -> mscorlib[0xe0373a20]: 21
D/Mono    ( 9715): Assembly Ref addref Xamarin.Android.Support.Animated.Vector.Drawable[0xe0374a40] -> Mono.Android[0xe0374fe0]: 11
D/Mono    ( 9715): Assembly Ref addref Xamarin.Android.Support.v7.AppCompat[0xe0374aa0] -> mscorlib[0xe0373a20]: 22
D/Mono    ( 9715): Assembly Ref addref Xamarin.Android.Support.v7.AppCompat[0xe0374aa0] -> Mono.Android[0xe0374fe0]: 12
D/Mono    ( 9715): Assembly Ref addref Xamarin.Android.Support.Design[0xe0374b00] -> mscorlib[0xe0373a20]: 23
D/Mono    ( 9715): Assembly Ref addref Xamarin.Android.Support.Design[0xe0374b00] -> Mono.Android[0xe0374fe0]: 13
D/Mono    ( 9715): Assembly Ref addref Xamarin.Android.Support.v7.CardView[0xe0374b60] -> mscorlib[0xe0373a20]: 24
D/Mono    ( 9715): Assembly Ref addref Xamarin.Android.Support.v7.CardView[0xe0374b60] -> Mono.Android[0xe0374fe0]: 14
D/Mono    ( 9715): Assembly Ref addref FlexboxLayoutXamarinBindingAndroid[0xe0374ec0] -> mscorlib[0xe0373a20]: 25
D/Mono    ( 9715): Assembly Ref addref FlexboxLayoutXamarinBindingAndroid[0xe0374ec0] -> Mono.Android[0xe0374fe0]: 15
D/Mono    ( 9715): Assembly Ref addref CareerBuilder_Search.Droid[0xe0373cc0] -> Mono.Android[0xe0374fe0]: 16
D/Mono    ( 9715): Assembly Ref addref CareerBuilder_Search.Droid[0xe0373cc0] -> mscorlib[0xe0373a20]: 26
D/Mono    ( 9715): Image addref Mono.Android.Export[0xe0375c40] -> Mono.Android.Export.dll[0xca7af900]: 2
D/Mono    ( 9715): Prepared to set up assembly 'Mono.Android.Export' (Mono.Android.Export.dll)
D/Mono    ( 9715): Assembly Mono.Android.Export[0xe0375c40] added to domain RootDomain, ref_count=1
D/Mono    ( 9715): AOT module 'Mono.Android.Export.dll.so' not found: dlopen failed: library "/data/app/com.careerbuilder.SugarDrone-1/lib/arm/libaot-Mono.Android.Export.dll.so" not found
D/Mono    ( 9715): AOT module '/Users/builder/data/lanes/4009/f3074d2c/source/monodroid/builds/install/mono-armv6/lib/mono/aot-cache/arm/Mono.Android.Export.dll.so' not found: dlopen failed: library "/data/app/com.careerbuilder.SugarDrone-1/lib/arm/libaot-Mono.Android.Export.dll.so" not found
D/Mono    ( 9715): Config attempting to parse: 'Mono.Android.Export.dll.config'.
D/Mono    ( 9715): Config attempting to parse: '/Users/builder/data/lanes/4009/f3074d2c/source/monodroid/builds/install/mono-armv6/etc/mono/assemblies/Mono.Android.Export/Mono.Android.Export.config'.
D/Mono    ( 9715): Assembly Ref addref Mono.Android.Export[0xe0375c40] -> mscorlib[0xe0373a20]: 27
D/Mono    ( 9715): Assembly Ref addref Mono.Android.Export[0xe0375c40] -> Mono.Android[0xe0374fe0]: 17
D/Mono    ( 9715): Image addref System.Xml[0xe0375b80] -> System.Xml.dll[0xca7b0800]: 2
D/Mono    ( 9715): Prepared to set up assembly 'System.Xml' (System.Xml.dll)
D/Mono    ( 9715): Assembly System.Xml[0xe0375b80] added to domain RootDomain, ref_count=1
D/Mono    ( 9715): AOT module 'System.Xml.dll.so' not found: dlopen failed: library "/data/app/com.careerbuilder.SugarDrone-1/lib/arm/libaot-System.Xml.dll.so" not found
D/Mono    ( 9715): AOT module '/Users/builder/data/lanes/4009/f3074d2c/source/monodroid/builds/install/mono-armv6/lib/mono/aot-cache/arm/System.Xml.dll.so' not found: dlopen failed: library "/data/app/com.careerbuilder.SugarDrone-1/lib/arm/libaot-System.Xml.dll.so" not found
D/Mono    ( 9715): Config attempting to parse: 'System.Xml.dll.config'.
D/Mono    ( 9715): Config attempting to parse: '/Users/builder/data/lanes/4009/f3074d2c/source/monodroid/builds/install/mono-armv6/etc/mono/assemblies/System.Xml/System.Xml.config'.
D/Mono    ( 9715): Assembly Ref addref Mono.Android.Export[0xe0375c40] -> System.Xml[0xe0375b80]: 2
D/Mono    ( 9715): Assembly Ref addref System.Xml[0xe0375b80] -> mscorlib[0xe0373a20]: 28
D/Mono    ( 9715): Assembly Ref addref Mono.Android[0xe0374fe0] -> System.Xml[0xe0375b80]: 3
D/Mono    ( 9715): Assembly Ref addref Mono.Android.Export[0xe0375c40] -> System.Core[0xe03755e0]: 4
D/Mono    ( 9715): Image addref System.Net.Http[0xe0375e20] -> System.Net.Http.dll[0xddaf4c00]: 2
D/Mono    ( 9715): Prepared to set up assembly 'System.Net.Http' (System.Net.Http.dll)
D/Mono    ( 9715): Assembly System.Net.Http[0xe0375e20] added to domain RootDomain, ref_count=1
D/Mono    ( 9715): AOT module 'System.Net.Http.dll.so' not found: dlopen failed: library "/data/app/com.careerbuilder.SugarDrone-1/lib/arm/libaot-System.Net.Http.dll.so" not found
D/Mono    ( 9715): AOT module '/Users/builder/data/lanes/4009/f3074d2c/source/monodroid/builds/install/mono-armv6/lib/mono/aot-cache/arm/System.Net.Http.dll.so' not found: dlopen failed: library "/data/app/com.careerbuilder.SugarDrone-1/lib/arm/libaot-System.Net.Http.dll.so" not found
D/Mono    ( 9715): Config attempting to parse: 'System.Net.Http.dll.config'.
D/Mono    ( 9715): Config attempting to parse: '/Users/builder/data/lanes/4009/f3074d2c/source/monodroid/builds/install/mono-armv6/etc/mono/assemblies/System.Net.Http/System.Net.Http.config'.
D/Mono    ( 9715): Assembly Ref addref CareerBuilder_Search.Droid[0xe0373cc0] -> System.Net.Http[0xe0375e20]: 2
D/Mono    ( 9715): Assembly Ref addref System.Net.Http[0xe0375e20] -> mscorlib[0xe0373a20]: 29
I/System.out( 9715): Calabash loaded Mono
I/calabash( 9715): Test server port: 7102
I/InstrumentationBackend( 9715): Added:'NullAction', with key:'nullAction'
I/InstrumentationBackend( 9715): Added:'GetActivityOrientation', with key:'get_activity_orientation'
I/InstrumentationBackend( 9715): Added:'SetActivityOrientation', with key:'set_activity_orientation'
I/InstrumentationBackend( 9715): Added:'DpToDevicePixel', with key:'dp_to_device_pixel'
I/InstrumentationBackend( 9715): Added:'ClickOnScreen', with key:'click_on_screen'
I/InstrumentationBackend( 9715): Added:'DoubleTapCoordinate', with key:'double_tap_coordinate'
I/InstrumentationBackend( 9715): Added:'Drag', with key:'drag'
I/InstrumentationBackend( 9715): Added:'DragCoordinates', with key:'drag_coordinates'
I/InstrumentationBackend( 9715): Added:'LongPressCoordinate', with key:'long_press_coordinate'
I/InstrumentationBackend( 9715): Added:'ResumeApplication', with key:'resume_application'
I/InstrumentationBackend( 9715): Added:'Swipe', with key:'swipe'
I/InstrumentationBackend( 9715): Added:'TouchCoordinates', with key:'touch_coordinate'
I/InstrumentationBackend( 9715): Added:'ListActions', with key:'list_actions'
I/InstrumentationBackend( 9715): Added:'SendTcp', with key:'send_tcp'
I/InstrumentationBackend( 9715): Added:'PressElement', with key:'press_l10n_element'
I/InstrumentationBackend( 9715): Added:'WaitForElement', with key:'wait_for_l10n_element'
I/InstrumentationBackend( 9715): Added:'FakeGPSLocation', with key:'set_gps_coordinates'
I/InstrumentationBackend( 9715): Added:'GetMapBounds', with key:'get_map_bounds'
I/InstrumentationBackend( 9715): Added:'GetMapCenter', with key:'get_map_center'
I/InstrumentationBackend( 9715): Added:'GetMapMarker', with key:'get_map_marker'
I/InstrumentationBackend( 9715): Added:'GetMapMarkers', with key:'get_map_markers'
I/InstrumentationBackend( 9715): Added:'GetMapZoom', with key:'get_map_zoom'
I/InstrumentationBackend( 9715): Added:'PanMapTo', with key:'pan_map_to'
I/InstrumentationBackend( 9715): Added:'SetMapCenter', with key:'set_map_center'
I/InstrumentationBackend( 9715): Added:'SetMapZoom', with key:'set_map_zoom'
I/InstrumentationBackend( 9715): Added:'TapAwayFromMarkers', with key:'tap_map_away_from_markers'
I/InstrumentationBackend( 9715): Added:'TapMapMarker', with key:'tap_map_marker_by_title'
I/InstrumentationBackend( 9715): Added:'ClearPreferences', with key:'clear_preferences'
I/InstrumentationBackend( 9715): Added:'GetPreferences', with key:'get_preferences'
I/InstrumentationBackend( 9715): Added:'SetPreferences', with key:'set_preferences'
I/InstrumentationBackend( 9715): Added:'PressKey', with key:'press_key'
I/InstrumentationBackend( 9715): Added:'DeleteSurroundingText', with key:'delete_surrounding_text'
I/InstrumentationBackend( 9715): Added:'HideSoftKeyboard', with key:'hide_soft_keyboard'
I/InstrumentationBackend( 9715): Added:'KeyboardEnterText', with key:'keyboard_enter_text'
I/InstrumentationBackend( 9715): Added:'KeyboardKeyEvent', with key:'keyboard_key_event'
I/InstrumentationBackend( 9715): Added:'PressUserActionButton', with key:'press_user_action_button'
I/InstrumentationBackend( 9715): Added:'SetComposingRegion', with key:'set_composing_region'
I/InstrumentationBackend( 9715): Added:'SetSelection', with key:'set_selection'
I/InstrumentationBackend( 9715): Added:'AndroidSDKVersion', with key:'android_sdk_version'
I/InstrumentationBackend( 9715): Added:'Version', with key:'version'
I/InstrumentationBackend( 9715): Added:'GetActivityName', with key:'get_activity_name'
I/InstrumentationBackend( 9715): Added:'IsCurrentActivityFocused', with key:'is_current_activity_focused'
I/InstrumentationBackend( 9715): Added:'ScrollToView', with key:'scroll_to_view'
I/InstrumentationBackend( 9715): Added:'ViewConfiguration', with key:'view_configuration'
I/InstrumentationBackend( 9715): Added:'DumpBodyHtml', with key:'dump_body_html'
I/InstrumentationBackend( 9715): Added:'DumpHtml', with key:'dump_html'
I/InstrumentationBackend( 9715): Added:'EnterTextByCssSelector', with key:'enter_text_by_selector'
I/InstrumentationBackend( 9715): Added:'GetLoadProgress', with key:'get_load_progress'
I/InstrumentationBackend( 9715): Added:'GetUrl', with key:'get_url'
I/InstrumentationBackend( 9715): Added:'ScrollTo', with key:'scroll_to'
I/InstrumentationBackend( 9715): Added:'SetPropertyByCssSelector', with key:'set_property_by_css_selector'
I/calabash( 9715): Instantiating http server at 7102
I/System.out( 9715): HTTP Daemon listening on: 7102
I/System.out( 9715): URI: /ready
I/System.out( 9715): params: {}
I/System.out( 9715): URI: /ready
I/System.out( 9715): params: {}
I/System.out( 9715): URI: /ping
I/System.out( 9715): params: {json={"intent":null }
I/System.out( 9715): }
I/System.out( 9715): URI: /ready
I/System.out( 9715): params: {json={"intent":null }
I/System.out( 9715): }
I/System.out( 9715): URI: /start-application
I/System.out( 9715): params: {json={"intent":null }
I/System.out( 9715): }
I/calabash( 9715): execStartActivity 4
I/ActivityManager(  871): START u0 {act=android.intent.action.MAIN cat=[android.intent.category.LAUNCHER] flg=0x10200000 cmp=com.careerbuilder.SugarDrone/md537fd6201b6818e2e180d2f7606e21a83.AppMainActivity (has extras)} from uid 12130 on display 0
I/calabash( 9715): newActivity1
D/Mono    ( 9715): Assembly Ref addref CareerBuilder_Search.Droid[0xe0373cc0] -> Xamarin.Android.Support.v7.AppCompat[0xe0374aa0]: 2
D/Mono    ( 9715): Assembly Ref addref Xamarin.Android.Support.v7.AppCompat[0xe0374aa0] -> Xamarin.Android.Support.v4[0xe0374920]: 2
D/Mono    ( 9715): DllImport searching in: '__Internal' ('(null)').
D/Mono    ( 9715): Searching for 'java_interop_jnienv_get_array_length'.
D/Mono    ( 9715): Probing 'java_interop_jnienv_get_array_length'.
D/Mono    ( 9715): Found as 'java_interop_jnienv_get_array_length'.
D/Mono    ( 9715): Assembly Ref addref CareerBuilder_Search.Droid[0xe0373cc0] -> CareerBuilder_Search[0xe0374f80]: 2
D/Mono    ( 9715): Assembly Ref addref CareerBuilder_Search.Droid[0xe0373cc0] -> Xamarin.Android.Support.v4[0xe0374920]: 3
D/Mono    ( 9715): DllImport searching in: '__Internal' ('(null)').
D/Mono    ( 9715): Searching for 'java_interop_jnienv_new_string'.
D/Mono    ( 9715): Probing 'java_interop_jnienv_new_string'.
D/Mono    ( 9715): Found as 'java_interop_jnienv_new_string'.
D/Mono    ( 9715): Assembly Ref addref CareerBuilder_Search.Droid[0xe0373cc0] -> Plugin.CurrentActivity[0xe03743e0]: 2
D/Mono    ( 9715): Assembly Ref addref Plugin.CurrentActivity[0xe03743e0] -> mscorlib[0xe0373a20]: 30
D/Mono    ( 9715): Assembly Ref addref Plugin.CurrentActivity[0xe03743e0] -> Mono.Android[0xe0374fe0]: 18
D/Mono    ( 9715): [0xc9c74920] worker starting
D/Mono    ( 9715): [0xc9b73920] worker starting
D/Mono    ( 9715): Unloading image System.Runtime.dll [0xca5e7e00].
D/Mono    ( 9715): Image addref System.Runtime[0xe134f820] -> System.Runtime.dll[0xddaf1500]: 5
D/Mono    ( 9715): Config attempting to parse: 'System.Runtime.dll.config'.
D/Mono    ( 9715): Config attempting to parse: '/Users/builder/data/lanes/4009/f3074d2c/source/monodroid/builds/install/mono-armv6/etc/mono/assemblies/System.Runtime/System.Runtime.config'.
D/Mono    ( 9715): Assembly Ref addref CareerBuilder_Search[0xe0374f80] -> System.Runtime[0xe03750a0]: 3
D/Mono    ( 9715): Assembly Ref addref CareerBuilder_Search[0xe0374f80] -> Plugin.DeviceInfo.Abstractions[0xe0374620]: 2
D/Mono    ( 9715): Unloading image System.Runtime.dll [0xca5e8300].
D/Mono    ( 9715): Image addref System.Runtime[0xe134f820] -> System.Runtime.dll[0xddaf1500]: 6
D/Mono    ( 9715): Config attempting to parse: 'System.Runtime.dll.config'.
D/Mono    ( 9715): Config attempting to parse: '/Users/builder/data/lanes/4009/f3074d2c/source/monodroid/builds/install/mono-armv6/etc/mono/assemblies/System.Runtime/System.Runtime.config'.
D/Mono    ( 9715): Assembly Ref addref Plugin.DeviceInfo.Abstractions[0xe0374620] -> System.Runtime[0xe03750a0]: 4
D/Mono    ( 9715): Assembly Ref addref CareerBuilder_Search.Droid[0xe0373cc0] -> Akavache[0xe0374200]: 2
D/Mono    ( 9715): Assembly Ref addref Akavache[0xe0374200] -> mscorlib[0xe0373a20]: 31
D/Mono    ( 9715): Assembly Ref addref Akavache[0xe0374200] -> System.Reactive.Interfaces[0xe0374ce0]: 2
D/Mono    ( 9715): Assembly Ref addref Akavache[0xe0374200] -> System.Reactive.Core[0xe0374c80]: 2
D/Mono    ( 9715): Unloading image System.Runtime.dll [0xca5e8300].
D/Mono    ( 9715): Image addref System.Runtime[0xe134f820] -> System.Runtime.dll[0xddaf1500]: 7
D/Mono    ( 9715): Config attempting to parse: 'System.Runtime.dll.config'.
D/Mono    ( 9715): Config attempting to parse: '/Users/builder/data/lanes/4009/f3074d2c/source/monodroid/builds/install/mono-armv6/etc/mono/assemblies/System.Runtime/System.Runtime.config'.
D/Mono    ( 9715): Assembly Ref addref System.Reactive.Core[0xe0374c80] -> System.Runtime[0xe03750a0]: 5
D/Mono    ( 9715): DllImport searching in: '__Internal' ('(null)').
D/Mono    ( 9715): Searching for 'java_interop_jnienv_call_nonvirtual_object_method_a'.
D/Mono    ( 9715): Probing 'java_interop_jnienv_call_nonvirtual_object_method_a'.
D/Mono    ( 9715): Found as 'java_interop_jnienv_call_nonvirtual_object_method_a'.
D/Mono    ( 9715): Assembly Ref addref CareerBuilder_Search.Droid[0xe0373cc0] -> Microsoft.Practices.Unity[0xe0374380]: 2
D/Mono    ( 9715): Unloading image System.Runtime.dll [0xca5e8300].
D/Mono    ( 9715): Image addref System.Runtime[0xe134f820] -> System.Runtime.dll[0xddaf1500]: 8
D/Mono    ( 9715): Config attempting to parse: 'System.Runtime.dll.config'.
D/Mono    ( 9715): Config attempting to parse: '/Users/builder/data/lanes/4009/f3074d2c/source/monodroid/builds/install/mono-armv6/etc/mono/assemblies/System.Runtime/System.Runtime.config'.
D/Mono    ( 9715): Assembly Ref addref Microsoft.Practices.Unity[0xe0374380] -> System.Runtime[0xe03750a0]: 6
D/Mono    ( 9715): Unloading image System.Collections.dll [0xca5e8800].
D/Mono    ( 9715): Image addref System.Collections[0xe134f820] -> System.Collections.dll[0xddaf4200]: 5
D/Mono    ( 9715): Config attempting to parse: 'System.Collections.dll.config'.
D/Mono    ( 9715): Config attempting to parse: '/Users/builder/data/lanes/4009/f3074d2c/source/monodroid/builds/install/mono-armv6/etc/mono/assemblies/System.Collections/System.Collections.config'.
D/Mono    ( 9715): Assembly Ref addref Microsoft.Practices.Unity[0xe0374380] -> System.Collections[0xe0375340]: 3
D/Mono    ( 9715): Assembly Ref addref CareerBuilder_Search[0xe0374f80] -> Microsoft.Practices.Unity[0xe0374380]: 3
D/Mono    ( 9715): Assembly Ref addref CareerBuilder_Search.Droid[0xe0373cc0] -> Plugin.DeviceInfo.Abstractions[0xe0374620]: 3
D/Mono    ( 9715): Unloading image System.Diagnostics.Debug.dll [0xca5e8800].
D/Mono    ( 9715): Image addref System.Diagnostics.Debug[0xe134f820] -> System.Diagnostics.Debug.dll[0xddaf3300]: 5
D/Mono    ( 9715): Config attempting to parse: 'System.Diagnostics.Debug.dll.config'.
D/Mono    ( 9715): Config attempting to parse: '/Users/builder/data/lanes/4009/f3074d2c/source/monodroid/builds/install/mono-armv6/etc/mono/assemblies/System.Diagnostics.Debug/System.Diagnostics.Debug.config'.
D/Mono    ( 9715): Assembly Ref addref CareerBuilder_Search[0xe0374f80] -> System.Diagnostics.Debug[0xe0375220]: 3
D/Mono    ( 9715): Assembly Ref addref System.Diagnostics.Debug[0xe0375220] -> mscorlib[0xe0373a20]: 32
D/Mono    ( 9715): Image addref System.Diagnostics.Tools[0xe134f820] -> System.Diagnostics.Tools.dll[0xca5e8800]: 2
D/Mono    ( 9715): Prepared to set up assembly 'System.Diagnostics.Tools' (System.Diagnostics.Tools.dll)
D/Mono    ( 9715): Assembly System.Diagnostics.Tools[0xe134f820] added to domain RootDomain, ref_count=1
D/Mono    ( 9715): AOT module 'System.Diagnostics.Tools.dll.so' not found: dlopen failed: library "/data/app/com.careerbuilder.SugarDrone-1/lib/arm/libaot-System.Diagnostics.Tools.dll.so" not found
D/Mono    ( 9715): AOT module '/Users/builder/data/lanes/4009/f3074d2c/source/monodroid/builds/install/mono-armv6/lib/mono/aot-cache/arm/System.Diagnostics.Tools.dll.so' not found: dlopen failed: library "/data/app/com.careerbuilder.SugarDrone-1/lib/arm/libaot-System.Diagnostics.Tools.dll.so" not found
D/Mono    ( 9715): Config attempting to parse: 'System.Diagnostics.Tools.dll.config'.
D/Mono    ( 9715): Config attempting to parse: '/Users/builder/data/lanes/4009/f3074d2c/source/monodroid/builds/install/mono-armv6/etc/mono/assemblies/System.Diagnostics.Tools/System.Diagnostics.Tools.config'.
D/Mono    ( 9715): Assembly Ref addref Microsoft.Practices.Unity[0xe0374380] -> System.Diagnostics.Tools[0xe134f820]: 2
D/Mono    ( 9715): Assembly Ref addref System.Diagnostics.Tools[0xe134f820] -> mscorlib[0xe0373a20]: 33
D/Mono    ( 9715): Image addref System.Resources.ResourceManager[0xe134f880] -> System.Resources.ResourceManager.dll[0xca5e8d00]: 2
D/Mono    ( 9715): Prepared to set up assembly 'System.Resources.ResourceManager' (System.Resources.ResourceManager.dll)
D/Mono    ( 9715): Assembly System.Resources.ResourceManager[0xe134f880] added to domain RootDomain, ref_count=1
D/Mono    ( 9715): AOT module 'System.Resources.ResourceManager.dll.so' not found: dlopen failed: library "/data/app/com.careerbuilder.SugarDrone-1/lib/arm/libaot-System.Resources.ResourceManager.dll.so" not found
D/Mono    ( 9715): AOT module '/Users/builder/data/lanes/4009/f3074d2c/source/monodroid/builds/install/mono-armv6/lib/mono/aot-cache/arm/System.Resources.ResourceManager.dll.so' not found: dlopen failed: library "/data/app/com.careerbuilder.SugarDrone-1/lib/arm/libaot-System.Resources.ResourceManager.dll.so" not found
D/Mono    ( 9715): Config attempting to parse: 'System.Resources.ResourceManager.dll.config'.
D/Mono    ( 9715): Config attempting to parse: '/Users/builder/data/lanes/4009/f3074d2c/source/monodroid/builds/install/mono-armv6/etc/mono/assemblies/System.Resources.ResourceManager/System.Resources.ResourceManager.config'.
D/Mono    ( 9715): Assembly Ref addref Microsoft.Practices.Unity[0xe0374380] -> System.Resources.ResourceManager[0xe134f880]: 2
D/Mono    ( 9715): Assembly Ref addref System.Resources.ResourceManager[0xe134f880] -> mscorlib[0xe0373a20]: 34
D/Mono    ( 9715): Unloading image System.Reflection.dll [0xca5ea600].
D/Mono    ( 9715): Image addref System.Reflection[0xc9d42000] -> System.Reflection.dll[0xddaf2900]: 5
D/Mono    ( 9715): Config attempting to parse: 'System.Reflection.dll.config'.
D/Mono    ( 9715): Config attempting to parse: '/Users/builder/data/lanes/4009/f3074d2c/source/monodroid/builds/install/mono-armv6/etc/mono/assemblies/System.Reflection/System.Reflection.config'.
D/Mono    ( 9715): Assembly Ref addref Microsoft.Practices.Unity[0xe0374380] -> System.Reflection[0xe0375160]: 3
W/IInputConnectionWrapper( 4181): reportFullscreenMode on inexistent InputConnection
I/Adreno  ( 9715): QUALCOMM build                   : 74df444, I409c65498b
I/Adreno  ( 9715): Build Date                       : 06/22/16
I/Adreno  ( 9715): OpenGL ES Shader Compiler Version: XE031.08.00.02
I/Adreno  ( 9715): Local Branch                     : N16
I/Adreno  ( 9715): Remote Branch                    : 
I/Adreno  ( 9715): Remote Branch                    : 
I/Adreno  ( 9715): Reconstruct Branch               : 
D/Mono    ( 9715): Unloading image System.Linq.dll [0xca5ea600].
D/Mono    ( 9715): Image addref System.Linq[0xc9d421e0] -> System.Linq.dll[0xca7ae500]: 5
D/Mono    ( 9715): Config attempting to parse: 'System.Linq.dll.config'.
D/Mono    ( 9715): Config attempting to parse: '/Users/builder/data/lanes/4009/f3074d2c/source/monodroid/builds/install/mono-armv6/etc/mono/assemblies/System.Linq/System.Linq.config'.
D/Mono    ( 9715): Assembly Ref addref Microsoft.Practices.Unity[0xe0374380] -> System.Linq[0xe0375460]: 3
I/art     ( 9715): Starting a blocking GC Explicit
I/OpenGLRenderer( 9715): Initialized EGL, version 1.4
D/OpenGLRenderer( 9715): Swap behavior 1
D/Mono    ( 9715): Unloading image System.Threading.dll [0xca5ea600].
D/Mono    ( 9715): Image addref System.Threading[0xc9d421e0] -> System.Threading.dll[0xddaf2e00]: 5
D/Mono    ( 9715): Config attempting to parse: 'System.Threading.dll.config'.
D/Mono    ( 9715): Config attempting to parse: '/Users/builder/data/lanes/4009/f3074d2c/source/monodroid/builds/install/mono-armv6/etc/mono/assemblies/System.Threading/System.Threading.config'.
D/Mono    ( 9715): Assembly Ref addref Microsoft.Practices.Unity[0xe0374380] -> System.Threading[0xe03751c0]: 3
I/art     ( 9715): Explicit concurrent mark sweep GC freed 16056(1095KB) AllocSpace objects, 16(320KB) LOS objects, 39% free, 5MB/9MB, paused 551us total 50.586ms
D/Mono    ( 9715): Image addref System.Globalization[0xc9d42120] -> System.Globalization.dll[0xc96ce500]: 2
D/Mono    ( 9715): Prepared to set up assembly 'System.Globalization' (System.Globalization.dll)
D/Mono    ( 9715): Assembly System.Globalization[0xc9d42120] added to domain RootDomain, ref_count=1
D/Mono    ( 9715): AOT module 'System.Globalization.dll.so' not found: dlopen failed: library "/data/app/com.careerbuilder.SugarDrone-1/lib/arm/libaot-System.Globalization.dll.so" not found
D/Mono    ( 9715): AOT module '/Users/builder/data/lanes/4009/f3074d2c/source/monodroid/builds/install/mono-armv6/lib/mono/aot-cache/arm/System.Globalization.dll.so' not found: dlopen failed: library "/data/app/com.careerbuilder.SugarDrone-1/lib/arm/libaot-System.Globalization.dll.so" not found
D/Mono    ( 9715): Config attempting to parse: 'System.Globalization.dll.config'.
D/Mono    ( 9715): Config attempting to parse: '/Users/builder/data/lanes/4009/f3074d2c/source/monodroid/builds/install/mono-armv6/etc/mono/assemblies/System.Globalization/System.Globalization.config'.
D/Mono    ( 9715): Assembly Ref addref Microsoft.Practices.Unity[0xe0374380] -> System.Globalization[0xc9d42120]: 2
D/Mono    ( 9715): Assembly Ref addref System.Globalization[0xc9d42120] -> mscorlib[0xe0373a20]: 35
D/Mono    ( 9715): Image addref System.Runtime.Extensions[0xc9d431a0] -> System.Runtime.Extensions.dll[0xc96d1700]: 2
D/Mono    ( 9715): Prepared to set up assembly 'System.Runtime.Extensions' (System.Runtime.Extensions.dll)
D/Mono    ( 9715): Assembly System.Runtime.Extensions[0xc9d431a0] added to domain RootDomain, ref_count=1
D/Mono    ( 9715): AOT module 'System.Runtime.Extensions.dll.so' not found: dlopen failed: library "/data/app/com.careerbuilder.SugarDrone-1/lib/arm/libaot-System.Runtime.Extensions.dll.so" not found
D/Mono    ( 9715): AOT module '/Users/builder/data/lanes/4009/f3074d2c/source/monodroid/builds/install/mono-armv6/lib/mono/aot-cache/arm/System.Runtime.Extensions.dll.so' not found: dlopen failed: library "/data/app/com.careerbuilder.SugarDrone-1/lib/arm/libaot-System.Runtime.Extensions.dll.so" not found
D/Mono    ( 9715): Config attempting to parse: 'System.Runtime.Extensions.dll.config'.
D/Mono    ( 9715): Config attempting to parse: '/Users/builder/data/lanes/4009/f3074d2c/source/monodroid/builds/install/mono-armv6/etc/mono/assemblies/System.Runtime.Extensions/System.Runtime.Extensions.config'.
D/Mono    ( 9715): Assembly Ref addref Microsoft.Practices.Unity[0xe0374380] -> System.Runtime.Extensions[0xc9d431a0]: 2
D/Mono    ( 9715): Assembly Ref addref System.Runtime.Extensions[0xc9d431a0] -> mscorlib[0xe0373a20]: 36
D/Mono    ( 9715): Image addref System.Linq.Expressions[0xc8e78300] -> System.Linq.Expressions.dll[0xca5eab00]: 2
D/Mono    ( 9715): Prepared to set up assembly 'System.Linq.Expressions' (System.Linq.Expressions.dll)
D/Mono    ( 9715): Assembly System.Linq.Expressions[0xc8e78300] added to domain RootDomain, ref_count=1
D/Mono    ( 9715): AOT module 'System.Linq.Expressions.dll.so' not found: dlopen failed: library "/data/app/com.careerbuilder.SugarDrone-1/lib/arm/libaot-System.Linq.Expressions.dll.so" not found
D/Mono    ( 9715): AOT module '/Users/builder/data/lanes/4009/f3074d2c/source/monodroid/builds/install/mono-armv6/lib/mono/aot-cache/arm/System.Linq.Expressions.dll.so' not found: dlopen failed: library "/data/app/com.careerbuilder.SugarDrone-1/lib/arm/libaot-System.Linq.Expressions.dll.so" not found
D/Mono    ( 9715): Config attempting to parse: 'System.Linq.Expressions.dll.config'.
D/Mono    ( 9715): Config attempting to parse: '/Users/builder/data/lanes/4009/f3074d2c/source/monodroid/builds/install/mono-armv6/etc/mono/assemblies/System.Linq.Expressions/System.Linq.Expressions.config'.
D/Mono    ( 9715): Assembly Ref addref Microsoft.Practices.Unity[0xe0374380] -> System.Linq.Expressions[0xc8e78300]: 2
D/Mono    ( 9715): Assembly Ref addref System.Linq.Expressions[0xc8e78300] -> System.Core[0xe03755e0]: 5
D/Mono    ( 9715): Assembly Ref addref System.Core[0xe03755e0] -> System[0xe0375280]: 3
D/Mono    ( 9715): Assembly Ref addref CareerBuilder_Search.Droid[0xe0373cc0] -> Xamarin.GooglePlayServices.Analytics[0xe0374680]: 2
D/Mono    ( 9715): Assembly Ref addref CareerBuilder_Search.Droid[0xe0373cc0] -> Plugin.Geolocator.Abstractions[0xe0374560]: 2
D/Mono    ( 9715): Assembly Ref addref CareerBuilder_Search[0xe0374f80] -> System.Net.Http[0xe0375e20]: 3
D/Mono    ( 9715): Assembly Ref addref CareerBuilder_Search[0xe0374f80] -> Plugin.DeviceInfo[0xe03745c0]: 2
D/Mono    ( 9715): Assembly Ref addref Plugin.DeviceInfo[0xe03745c0] -> mscorlib[0xe0373a20]: 37
D/Mono    ( 9715): Assembly Ref addref Plugin.DeviceInfo[0xe03745c0] -> Plugin.DeviceInfo.Abstractions[0xe0374620]: 4
D/Mono    ( 9715): Image addref System.Threading.Tasks[0xc8e78120] -> System.Threading.Tasks.dll[0xc96d2100]: 2
D/Mono    ( 9715): Prepared to set up assembly 'System.Threading.Tasks' (System.Threading.Tasks.dll)
D/Mono    ( 9715): Assembly System.Threading.Tasks[0xc8e78120] added to domain RootDomain, ref_count=1
D/Mono    ( 9715): AOT module 'System.Threading.Tasks.dll.so' not found: dlopen failed: library "/data/app/com.careerbuilder.SugarDrone-1/lib/arm/libaot-System.Threading.Tasks.dll.so" not found
D/Mono    ( 9715): AOT module '/Users/builder/data/lanes/4009/f3074d2c/source/monodroid/builds/install/mono-armv6/lib/mono/aot-cache/arm/System.Threading.Tasks.dll.so' not found: dlopen failed: library "/data/app/com.careerbuilder.SugarDrone-1/lib/arm/libaot-System.Threading.Tasks.dll.so" not found
D/Mono    ( 9715): Config attempting to parse: 'System.Threading.Tasks.dll.config'.
D/Mono    ( 9715): Config attempting to parse: '/Users/builder/data/lanes/4009/f3074d2c/source/monodroid/builds/install/mono-armv6/etc/mono/assemblies/System.Threading.Tasks/System.Threading.Tasks.config'.
D/Mono    ( 9715): Assembly Ref addref CareerBuilder_Search[0xe0374f80] -> System.Threading.Tasks[0xc8e78120]: 2
D/Mono    ( 9715): Assembly Ref addref System.Threading.Tasks[0xc8e78120] -> mscorlib[0xe0373a20]: 38
I/ActivityManager(  871): Displayed com.careerbuilder.SugarDrone/md537fd6201b6818e2e180d2f7606e21a83.AppMainActivity: +865ms
D/Mono    ( 9715): Unloading image System.Collections.dll [0xc96d2600].
D/Mono    ( 9715): Image addref System.Collections[0xc9d43140] -> System.Collections.dll[0xddaf4200]: 6
D/Mono    ( 9715): Config attempting to parse: 'System.Collections.dll.config'.
D/Mono    ( 9715): Config attempting to parse: '/Users/builder/data/lanes/4009/f3074d2c/source/monodroid/builds/install/mono-armv6/etc/mono/assemblies/System.Collections/System.Collections.config'.
D/Mono    ( 9715): Assembly Ref addref CareerBuilder_Search[0xe0374f80] -> System.Collections[0xe0375340]: 4
D/Mono    ( 9715): Assembly Ref addref System.Collections[0xe0375340] -> System[0xe0375280]: 4
D/Mono    ( 9715): Assembly Ref addref System.Net.Http[0xe0375e20] -> System[0xe0375280]: 5
I/WindowManager(  871): Destroying surface Surface(name=com.google.android.googlequicksearchbox/com.google.android.launcher.GEL) called by com.android.server.wm.WindowStateAnimator.destroySurface:2014 com.android.server.wm.WindowStateAnimator.destroySurfaceLocked:881 com.android.server.wm.WindowState.destroyOrSaveSurface:2073 com.android.server.wm.AppWindowToken.destroySurfaces:363 com.android.server.wm.AppWindowToken.notifyAppStopped:389 com.android.server.wm.WindowManagerService.notifyAppStopped:4456 com.android.server.am.ActivityStack.activityStoppedLocked:1252 com.android.server.am.ActivityManagerService.activityStopped:6873 
D/Mono    ( 9715): Assembly Ref addref Microsoft.Practices.Unity[0xe0374380] -> System.Reflection.Extensions[0xe0375700]: 3
I/WindowManager(  871): Destroying surface Surface(name=Starting com.careerbuilder.SugarDrone) called by com.android.server.wm.WindowStateAnimator.destroySurface:2014 com.android.server.wm.WindowStateAnimator.destroySurfaceLocked:881 com.android.server.wm.WindowState.destroyOrSaveSurface:2073 com.android.server.wm.AppWindowToken.destroySurfaces:363 com.android.server.wm.WindowStateAnimator.finishExit:565 com.android.server.wm.WindowStateAnimator.stepAnimationLocked:491 com.android.server.wm.WindowAnimator.updateWindowsLocked:303 com.android.server.wm.WindowAnimator.animateLocked:704 
I/System.out( 9715): URI: /map
I/System.out( 9715): params: {json={"query":"*","operation":{"method_name":"query","arguments":[]}}
I/System.out( 9715): }
W/ResourceType( 9715): No known package when getting name for resource number 0xffffffff
W/ResourceType( 9715): No known package when getting name for resource number 0xffffffff
W/ResourceType( 9715): No known package when getting name for resource number 0xffffffff
D/Mono    ( 9715): Unloading image System.Threading.dll [0xc8c72800].
D/Mono    ( 9715): Image addref System.Threading[0xc8e78000] -> System.Threading.dll[0xddaf2e00]: 6
D/Mono    ( 9715): Config attempting to parse: 'System.Threading.dll.config'.
D/Mono    ( 9715): Config attempting to parse: '/Users/builder/data/lanes/4009/f3074d2c/source/monodroid/builds/install/mono-armv6/etc/mono/assemblies/System.Threading/System.Threading.config'.
D/Mono    ( 9715): Assembly Ref addref CareerBuilder_Search[0xe0374f80] -> System.Threading[0xe03751c0]: 4
D/Mono    ( 9715): Assembly Ref addref System.Threading[0xe03751c0] -> System.Core[0xe03755e0]: 6
D/Mono    ( 9715): Assembly Ref addref System.Runtime[0xe03750a0] -> System[0xe0375280]: 6
D/Mono    ( 9715): Assembly Ref addref CareerBuilder_Search[0xe0374f80] -> Newtonsoft.Json[0xe0374bc0]: 2
D/Mono    ( 9715): Unloading image System.Runtime.dll [0xc8c72d00].
D/Mono    ( 9715): Image addref System.Runtime[0xc8e79ec0] -> System.Runtime.dll[0xddaf1500]: 9
D/Mono    ( 9715): Config attempting to parse: 'System.Runtime.dll.config'.
D/Mono    ( 9715): Config attempting to parse: '/Users/builder/data/lanes/4009/f3074d2c/source/monodroid/builds/install/mono-armv6/etc/mono/assemblies/System.Runtime/System.Runtime.config'.
D/Mono    ( 9715): Assembly Ref addref Newtonsoft.Json[0xe0374bc0] -> System.Runtime[0xe03750a0]: 7
D/Mono    ( 9715): Image addref System.Dynamic.Runtime[0xc8e79ec0] -> System.Dynamic.Runtime.dll[0xc8c72d00]: 2
D/Mono    ( 9715): Prepared to set up assembly 'System.Dynamic.Runtime' (System.Dynamic.Runtime.dll)
D/Mono    ( 9715): Assembly System.Dynamic.Runtime[0xc8e79ec0] added to domain RootDomain, ref_count=1
D/Mono    ( 9715): AOT module 'System.Dynamic.Runtime.dll.so' not found: dlopen failed: library "/data/app/com.careerbuilder.SugarDrone-1/lib/arm/libaot-System.Dynamic.Runtime.dll.so" not found
D/Mono    ( 9715): AOT module '/Users/builder/data/lanes/4009/f3074d2c/source/monodroid/builds/install/mono-armv6/lib/mono/aot-cache/arm/System.Dynamic.Runtime.dll.so' not found: dlopen failed: library "/data/app/com.careerbuilder.SugarDrone-1/lib/arm/libaot-System.Dynamic.Runtime.dll.so" not found
D/Mono    ( 9715): Config attempting to parse: 'System.Dynamic.Runtime.dll.config'.
D/Mono    ( 9715): Config attempting to parse: '/Users/builder/data/lanes/4009/f3074d2c/source/monodroid/builds/install/mono-armv6/etc/mono/assemblies/System.Dynamic.Runtime/System.Dynamic.Runtime.config'.
D/Mono    ( 9715): Assembly Ref addref Newtonsoft.Json[0xe0374bc0] -> System.Dynamic.Runtime[0xc8e79ec0]: 2
D/Mono    ( 9715): Assembly Ref addref System.Dynamic.Runtime[0xc8e79ec0] -> System.Core[0xe03755e0]: 7
D/Mono    ( 9715): Image addref System.ObjectModel[0xc8e79f20] -> System.ObjectModel.dll[0xc8c72300]: 2
D/Mono    ( 9715): Prepared to set up assembly 'System.ObjectModel' (System.ObjectModel.dll)
D/Mono    ( 9715): Assembly System.ObjectModel[0xc8e79f20] added to domain RootDomain, ref_count=1
D/Mono    ( 9715): AOT module 'System.ObjectModel.dll.so' not found: dlopen failed: library "/data/app/com.careerbuilder.SugarDrone-1/lib/arm/libaot-System.ObjectModel.dll.so" not found
D/Mono    ( 9715): AOT module '/Users/builder/data/lanes/4009/f3074d2c/source/monodroid/builds/install/mono-armv6/lib/mono/aot-cache/arm/System.ObjectModel.dll.so' not found: dlopen failed: library "/data/app/com.careerbuilder.SugarDrone-1/lib/arm/libaot-System.ObjectModel.dll.so" not found
D/Mono    ( 9715): Config attempting to parse: 'System.ObjectModel.dll.config'.
D/Mono    ( 9715): Config attempting to parse: '/Users/builder/data/lanes/4009/f3074d2c/source/monodroid/builds/install/mono-armv6/etc/mono/assemblies/System.ObjectModel/System.ObjectModel.config'.
D/Mono    ( 9715): Assembly Ref addref Newtonsoft.Json[0xe0374bc0] -> System.ObjectModel[0xc8e79f20]: 2
D/Mono    ( 9715): Assembly Ref addref System.ObjectModel[0xc8e79f20] -> System[0xe0375280]: 7
D/Mono    ( 9715): Assembly Ref addref CareerBuilder_Search[0xe0374f80] -> System.Reactive.Core[0xe0374c80]: 3
D/Mono    ( 9715): DllImport attempting to load: '__Internal'.
D/Mono    ( 9715): DllImport loaded library '(null)'.
D/Mono    ( 9715): DllImport searching in: '__Internal' ('(null)').
D/Mono    ( 9715): Searching for 'monodroid_get_system_property'.
D/Mono    ( 9715): Probing 'monodroid_get_system_property'.
D/Mono    ( 9715): Found as 'monodroid_get_system_property'.
D/Mono    ( 9715): DllImport searching in: '__Internal' ('(null)').
D/Mono    ( 9715): Searching for 'monodroid_free'.
D/Mono    ( 9715): Probing 'monodroid_free'.
D/Mono    ( 9715): Found as 'monodroid_free'.
D/Mono    ( 9715): Assembly Ref addref CareerBuilder_Search.Droid[0xe0373cc0] -> Xamarin.Insights[0xe03747a0]: 2
D/Mono    ( 9715): Assembly Ref addref Xamarin.Insights[0xe03747a0] -> mscorlib[0xe0373a20]: 39
D/Mono    ( 9715): Assembly Ref addref Xamarin.Insights[0xe03747a0] -> Mono.Android[0xe0374fe0]: 19
D/Mono    ( 9715): Assembly Ref addref CareerBuilder_Search.Droid[0xe0373cc0] -> HockeySDK[0xe03741a0]: 2
D/Mono    ( 9715): Assembly Ref addref CareerBuilder_Search.Droid[0xe0373cc0] -> AppsFlyerXamarinBindingAndroid[0xe0373f00]: 2
D/Mono    ( 9715): DllImport searching in: '__Internal' ('(null)').
D/Mono    ( 9715): Searching for 'java_interop_jnienv_get_static_field_id'.
D/Mono    ( 9715): Probing 'java_interop_jnienv_get_static_field_id'.
D/Mono    ( 9715): Found as 'java_interop_jnienv_get_static_field_id'.
I/System.out( 9715): URI: /map
I/System.out( 9715): params: {json={"query":"* id:'agreeAndContinueButton'","operation":{"method_name":"query","arguments":[]}}
I/System.out( 9715): }
D/Mono    ( 9715): DllImport searching in: '__Internal' ('(null)').
D/Mono    ( 9715): Searching for 'java_interop_jnienv_get_static_int_field'.
D/Mono    ( 9715): Probing 'java_interop_jnienv_get_static_int_field'.
D/Mono    ( 9715): Found as 'java_interop_jnienv_get_static_int_field'.
W/ResourceType( 9715): No known package when getting name for resource number 0xffffffff
W/ResourceType( 9715): No known package when getting name for resource number 0xffffffff
W/ResourceType( 9715): No known package when getting name for resource number 0xffffffff
D/Mono    ( 9715): Assembly Ref addref Xamarin.Insights[0xe03747a0] -> System.Core[0xe03755e0]: 8
D/Mono    ( 9715): DllImport searching in: '__Internal' ('(null)').
D/Mono    ( 9715): Searching for 'java_interop_jnienv_call_static_long_method_a'.
D/Mono    ( 9715): Probing 'java_interop_jnienv_call_static_long_method_a'.
D/Mono    ( 9715): Found as 'java_interop_jnienv_call_static_long_method_a'.
D/Mono    ( 9715): Assembly Ref addref Xamarin.Insights[0xe03747a0] -> System[0xe0375280]: 8
D/Mono    ( 9715): Assembly Ref addref Xamarin.Insights[0xe03747a0] -> System.Net.Http[0xe0375e20]: 4
W/NetworkIdentity(  871): Active mobile network without subscriber!
W/NetworkIdentity(  871): Active mobile network without subscriber!
W/NetworkIdentity(  871): Active mobile network without subscriber!
W/NetworkIdentity(  871): Active mobile network without subscriber!
W/NetworkIdentity(  871): Active mobile network without subscriber!
W/NetworkIdentity(  871): Active mobile network without subscriber!
W/NetworkIdentity(  871): Active mobile network without subscriber!
W/NetworkIdentity(  871): Active mobile network without subscriber!
W/NetworkIdentity(  871): Active mobile network without subscriber!
W/NetworkIdentity(  871): Active mobile network without subscriber!
D/Mono    ( 9715): DllImport searching in: '__Internal' ('(null)').
D/Mono    ( 9715): Searching for 'java_interop_jnienv_get_object_array_element'.
D/Mono    ( 9715): Probing 'java_interop_jnienv_get_object_array_element'.
D/Mono    ( 9715): Found as 'java_interop_jnienv_get_object_array_element'.
D/Mono    ( 9715): DllImport searching in: '__Internal' ('(null)').
D/Mono    ( 9715): Searching for 'java_interop_jnienv_call_boolean_method_a'.
D/Mono    ( 9715): Probing 'java_interop_jnienv_call_boolean_method_a'.
D/Mono    ( 9715): Found as 'java_interop_jnienv_call_boolean_method_a'.
D/Mono    ( 9715): DllImport searching in: '__Internal' ('(null)').
D/Mono    ( 9715): Searching for 'java_interop_jnienv_call_int_method_a'.
D/Mono    ( 9715): Probing 'java_interop_jnienv_call_int_method_a'.
D/Mono    ( 9715): Found as 'java_interop_jnienv_call_int_method_a'.
W/NetworkIdentity(  871): Active mobile network without subscriber!
W/NetworkIdentity(  871): Active mobile network without subscriber!
W/NetworkIdentity(  871): Active mobile network without subscriber!
W/NetworkIdentity(  871): Active mobile network without subscriber!
W/NetworkIdentity(  871): Active mobile network without subscriber!
W/NetworkIdentity(  871): Active mobile network without subscriber!
W/NetworkIdentity(  871): Active mobile network without subscriber!
W/NetworkIdentity(  871): Active mobile network without subscriber!
W/NetworkIdentity(  871): Active mobile network without subscriber!
W/NetworkIdentity(  871): Active mobile network without subscriber!
D/Mono    ( 9715): DllImport searching in: '__Internal' ('(null)').
D/Mono    ( 9715): Searching for 'java_interop_jnienv_get_field_id'.
D/Mono    ( 9715): Probing 'java_interop_jnienv_get_field_id'.
D/Mono    ( 9715): Found as 'java_interop_jnienv_get_field_id'.
D/Mono    ( 9715): DllImport searching in: '__Internal' ('(null)').
D/Mono    ( 9715): Searching for 'java_interop_jnienv_get_object_field'.
D/Mono    ( 9715): Probing 'java_interop_jnienv_get_object_field'.
D/Mono    ( 9715): Found as 'java_interop_jnienv_get_object_field'.
D/Mono    ( 9715): DllImport searching in: '__Internal' ('(null)').
D/Mono    ( 9715): Searching for 'java_interop_jnienv_call_static_int_method_a'.
D/Mono    ( 9715): Probing 'java_interop_jnienv_call_static_int_method_a'.
D/Mono    ( 9715): Found as 'java_interop_jnienv_call_static_int_method_a'.
W/Xamarin.Insights( 9715): Warning: Insights data communication has been manually enabled
D/Mono    ( 9715): DllImport searching in: '__Internal' ('(null)').
D/Mono    ( 9715): Searching for 'java_interop_jnienv_get_static_object_field'.
D/Mono    ( 9715): Probing 'java_interop_jnienv_get_static_object_field'.
D/Mono    ( 9715): Found as 'java_interop_jnienv_get_static_object_field'.
D/Mono    ( 9715): DllImport searching in: '__Internal' ('(null)').
D/Mono    ( 9715): Searching for 'java_interop_jnienv_call_static_void_method'.
D/Mono    ( 9715): Probing 'java_interop_jnienv_call_static_void_method'.
D/Mono    ( 9715): Found as 'java_interop_jnienv_call_static_void_method'.
I/AppsFlyer_3.01( 9715): Start tracking package: com.careerbuilder.SugarDrone
I/AppsFlyer_3.01( 9715): AsendTrackingWithEvent from activity: md537fd6201b6818e2e180d2f7606e21a83.MainApplication
I/AppsFlyer_3.01-624922428( 9715): ******* sendTrackingWithEvent: Launch
I/GAv4    ( 9715): Google Analytics 8.4.87 is starting up. To enable debug logging on a device run:
I/GAv4    ( 9715):   adb shell setprop log.tag.GAv4 DEBUG
I/GAv4    ( 9715):   adb logcat -s GAv4
E/ActivityThread( 9715): Failed to find provider info for com.facebook.katana.provider.AttributionIdProvider
W/GAv4    ( 9715): AnalyticsReceiver is not registered or is disabled. Register the receiver for reliable dispatching on non-Google Play devices. See http://goo.gl/8Rd3yj for instructions.
I/AppsFlyer_3.01( 9715): WARNING:READ_PHONE_STATE is missing
W/GAv4    ( 9715): CampaignTrackingReceiver is not registered, not exported or is disabled. Installation campaign tracking is not possible. See http://goo.gl/8Rd3yj for instructions.
D/Mono    ( 9715): DllImport searching in: '__Internal' ('(null)').
D/Mono    ( 9715): Searching for 'java_interop_jnienv_call_void_method_a'.
D/Mono    ( 9715): Probing 'java_interop_jnienv_call_void_method_a'.
D/Mono    ( 9715): Found as 'java_interop_jnienv_call_void_method_a'.
I/GAv4    ( 9715): Logger is deprecated. To enable debug logging, please run:
I/GAv4    ( 9715): adb shell setprop log.tag.GAv4 DEBUG
I/ActivityManager(  871): Killing 6689:com.google.android.apps.photos/u0a74 (adj 906): empty #17
I/art     ( 9715): Background sticky concurrent mark sweep GC freed 73431(2MB) AllocSpace objects, 15(300KB) LOS objects, 33% free, 6MB/9MB, paused 5.458ms total 64.653ms
D/AppsFlyer_3.01( 9715): AppsFlyer: first launch detected
I/AppsFlyer_3.01( 9715): AppsFlyer: first launch date: 2017-03-16_0142+0100
I/System.out( 9715): AppsFlyerLib.sendTrackingWithEvent
I/System.out( 9715): URI: /map
I/System.out( 9715): params: {json={"query":"* id:'agreeAndContinueButton'","operation":{"method_name":"query","arguments":[]}}
I/System.out( 9715): }
I/AppsFlyer_3.01-624922428( 9715): url: https://t.appsflyer.com/api/v3/androidevent?buildnumber=3.01&app_id=com.careerbuilder.SugarDrone
