D/Mono    ( 9777): AOT module '/Users/builder/data/lanes/4009/f3074d2c/source/monodroid/builds/install/mono-armv6/lib/mono/aot-cache/arm/System.Xml.Linq.dll.so' not found: dlopen failed: library "/data/app/com.careerbuilder.SugarDrone-1/lib/arm/libaot-System.Xml.Linq.dll.so" not found
D/Mono    ( 9777): Config attempting to parse: 'System.Xml.Linq.dll.config'.
D/Mono    ( 9777): Config attempting to parse: '/Users/builder/data/lanes/4009/f3074d2c/source/monodroid/builds/install/mono-armv6/etc/mono/assemblies/System.Xml.Linq/System.Xml.Linq.config'.
D/Mono    ( 9777): Assembly Ref addref System.Xml.XDocument[0xc5e2d440] -> System.Xml.Linq[0xc5e2d3e0]: 2
D/Mono    ( 9777): Assembly Ref addref System.Xml.Linq[0xc5e2d3e0] -> mscorlib[0xd9e18380]: 49
D/Mono    ( 9777): Assembly Ref addref System.Xml.Linq[0xc5e2d3e0] -> System.Xml[0xd9e19e80]: 4
D/Mono    ( 9777): Image addref System.Text.RegularExpressions[0xc5e2d500] -> System.Text.RegularExpressions.dll[0xc38ecd00]: 2
D/Mono    ( 9777): Prepared to set up assembly 'System.Text.RegularExpressions' (System.Text.RegularExpressions.dll)
D/Mono    ( 9777): Assembly System.Text.RegularExpressions[0xc5e2d500] added to domain RootDomain, ref_count=1
D/Mono    ( 9777): AOT module 'System.Text.RegularExpressions.dll.so' not found: dlopen failed: library "/data/app/com.careerbuilder.SugarDrone-1/lib/arm/libaot-System.Text.RegularExpressions.dll.so" not found
D/Mono    ( 9777): AOT module '/Users/builder/data/lanes/4009/f3074d2c/source/monodroid/builds/install/mono-armv6/lib/mono/aot-cache/arm/System.Text.RegularExpressions.dll.so' not found: dlopen failed: library "/data/app/com.careerbuilder.SugarDrone-1/lib/arm/libaot-System.Text.RegularExpressions.dll.so" not found
D/Mono    ( 9777): Config attempting to parse: 'System.Text.RegularExpressions.dll.config'.
D/Mono    ( 9777): Config attempting to parse: '/Users/builder/data/lanes/4009/f3074d2c/source/monodroid/builds/install/mono-armv6/etc/mono/assemblies/System.Text.RegularExpressions/System.Text.RegularExpressions.config'.
D/Mono    ( 9777): Assembly Ref addref Newtonsoft.Json[0xd9e18ec0] -> System.Text.RegularExpressions[0xc5e2d500]: 2
D/Mono    ( 9777): Assembly Ref addref System.Text.RegularExpressions[0xc5e2d500] -> System[0xd9e19580]: 11
D/Mono    ( 9777): Unloading image System.Linq.Expressions.dll [0xc38ed200].
D/Mono    ( 9777): Image addref System.Linq.Expressions[0xc5e2d4a0] -> System.Linq.Expressions.dll[0xc5f69000]: 5
D/Mono    ( 9777): Config attempting to parse: 'System.Linq.Expressions.dll.config'.
D/Mono    ( 9777): Config attempting to parse: '/Users/builder/data/lanes/4009/f3074d2c/source/monodroid/builds/install/mono-armv6/etc/mono/assemblies/System.Linq.Expressions/System.Linq.Expressions.config'.
D/Mono    ( 9777): Assembly Ref addref Newtonsoft.Json[0xd9e18ec0] -> System.Linq.Expressions[0xdebb9dc0]: 3
D/Mono    ( 9777): DllImport searching in: '/system/lib/libsqlite.so' ('/system/lib/libsqlite.so').
D/Mono    ( 9777): Searching for 'sqlite3_bind_blob'.
D/Mono    ( 9777): Probing 'sqlite3_bind_blob'.
D/Mono    ( 9777): Found as 'sqlite3_bind_blob'.
D/Mono    ( 9777): DllImport searching in: '/system/lib/libsqlite.so' ('/system/lib/libsqlite.so').
D/Mono    ( 9777): Searching for 'sqlite3_bind_int64'.
D/Mono    ( 9777): Probing 'sqlite3_bind_int64'.
D/Mono    ( 9777): Found as 'sqlite3_bind_int64'.
D/Mono    ( 9777): DllImport searching in: '__Internal' ('(null)').
D/Mono    ( 9777): Searching for 'java_interop_jnienv_call_nonvirtual_boolean_method_a'.
D/Mono    ( 9777): Probing 'java_interop_jnienv_call_nonvirtual_boolean_method_a'.
D/Mono    ( 9777): Found as 'java_interop_jnienv_call_nonvirtual_boolean_method_a'.
I/calabash( 9777): execStartActivity 4
I/ActivityManager(  943): START u0 {cmp=com.careerbuilder.SugarDrone/md5a4824aa66c0dc4d104077b72c1916a44.TermsAndConditionsActivity} from uid 18760 on display 0
W/ResourceType( 9777): No known package when getting name for resource number 0xffffffff
W/ResourceType( 9777): No known package when getting name for resource number 0xffffffff
W/ResourceType( 9777): No known package when getting name for resource number 0xffffffff
I/calabash( 9777): newActivity1
I/System.out( 9777): URI: /map
I/System.out( 9777): params: {json={"query":"* id:'agreeAndContinueButton'","operation":{"method_name":"query","arguments":[]}}
I/System.out( 9777): }
I/ActivityManager(  943): Displayed com.careerbuilder.SugarDrone/md5a4824aa66c0dc4d104077b72c1916a44.TermsAndConditionsActivity: +546ms
W/ResourceType( 9777): No known package when getting name for resource number 0xffffffff
W/ResourceType( 9777): No known package when getting name for resource number 0xffffffff
W/ResourceType( 9777): No known package when getting name for resource number 0xffffffff
W/ResourceType( 9777): No known package when getting name for resource number 0xffffffff
W/ResourceType( 9777): No known package when getting name for resource number 0xffffffff
W/ResourceType( 9777): No known package when getting name for resource number 0xffffffff
W/ResourceType( 9777): No known package when getting name for resource number 0xffffffff
W/ResourceType( 9777): No known package when getting name for resource number 0xffffffff
W/ResourceType( 9777): No known package when getting name for resource number 0xffffffff
W/ResourceType( 9777): No known package when getting name for resource number 0xffffffff
W/ResourceType( 9777): No known package when getting name for resource number 0xffffffff
W/ResourceType( 9777): No known package when getting name for resource number 0xffffffff
W/ResourceType( 9777): No known package when getting name for resource number 0xffffffff
W/ResourceType( 9777): No known package when getting name for resource number 0xffffffff
I/art     ( 9777): Do partial code cache collection, code=21KB, data=29KB
I/art     ( 9777): After code cache collection, code=20KB, data=29KB
I/art     ( 9777): Increasing code cache capacity to 128KB
I/art     ( 9777): Starting a blocking GC Explicit
I/art     ( 9777): Explicit concurrent mark sweep GC freed 58638(2MB) AllocSpace objects, 8(160KB) LOS objects, 40% free, 6MB/11MB, paused 572us total 45.594ms
I/WindowManager(  943): Destroying surface Surface(name=com.careerbuilder.SugarDrone/md537fd6201b6818e2e180d2f7606e21a83.AppMainActivity) called by com.android.server.wm.WindowStateAnimator.destroySurface:2014 com.android.server.wm.WindowStateAnimator.destroySurfaceLocked:881 com.android.server.wm.WindowState.removeLocked:1449 com.android.server.wm.WindowManagerService.removeWindowInnerLocked:2478 com.android.server.wm.WindowManagerService.removeWindowLocked:2436 com.android.server.wm.WindowManagerService.removeWindowLocked:2305 com.android.server.wm.WindowManagerService.removeWindow:2300 com.android.server.wm.Session.remove:193 
I/System.out( 9777): URI: /map
I/System.out( 9777): params: {json={"query":"* id:'agreeAndContinueButton'","operation":{"method_name":"query","arguments":[]}}
I/System.out( 9777): }
W/ResourceType( 9777): No known package when getting name for resource number 0xffffffff
W/ResourceType( 9777): No known package when getting name for resource number 0xffffffff
W/ResourceType( 9777): No known package when getting name for resource number 0xffffffff
W/ResourceType( 9777): No known package when getting name for resource number 0xffffffff
W/ResourceType( 9777): No known package when getting name for resource number 0xffffffff
W/ResourceType( 9777): No known package when getting name for resource number 0xffffffff
W/ResourceType( 9777): No known package when getting name for resource number 0xffffffff
W/ResourceType( 9777): No known package when getting name for resource number 0xffffffff
W/ResourceType( 9777): No known package when getting name for resource number 0xffffffff
W/ResourceType( 9777): No known package when getting name for resource number 0xffffffff
W/ResourceType( 9777): No known package when getting name for resource number 0xffffffff
I/System.out( 9777): URI: /map
I/System.out( 9777): params: {json={"query":"* id:'agreeAndContinueButton'","operation":{"method_name":"query","arguments":[]}}
I/System.out( 9777): }
W/ResourceType( 9777): No known package when getting name for resource number 0xffffffff
W/ResourceType( 9777): No known package when getting name for resource number 0xffffffff
W/ResourceType( 9777): No known package when getting name for resource number 0xffffffff
W/ResourceType( 9777): No known package when getting name for resource number 0xffffffff
W/ResourceType( 9777): No known package when getting name for resource number 0xffffffff
W/ResourceType( 9777): No known package when getting name for resource number 0xffffffff
W/ResourceType( 9777): No known package when getting name for resource number 0xffffffff
W/ResourceType( 9777): No known package when getting name for resource number 0xffffffff
W/ResourceType( 9777): No known package when getting name for resource number 0xffffffff
W/ResourceType( 9777): No known package when getting name for resource number 0xffffffff
W/ResourceType( 9777): No known package when getting name for resource number 0xffffffff
I/System.out( 9777): URI: /map
I/System.out( 9777): params: {json={"query":"* id:'agreeAndContinueButton'","operation":{"method_name":"query","arguments":[]}}
I/System.out( 9777): }
W/ResourceType( 9777): No known package when getting name for resource number 0xffffffff
W/ResourceType( 9777): No known package when getting name for resource number 0xffffffff
W/ResourceType( 9777): No known package when getting name for resource number 0xffffffff
W/ResourceType( 9777): No known package when getting name for resource number 0xffffffff
W/ResourceType( 9777): No known package when getting name for resource number 0xffffffff
W/ResourceType( 9777): No known package when getting name for resource number 0xffffffff
W/ResourceType( 9777): No known package when getting name for resource number 0xffffffff
W/ResourceType( 9777): No known package when getting name for resource number 0xffffffff
W/ResourceType( 9777): No known package when getting name for resource number 0xffffffff
W/ResourceType( 9777): No known package when getting name for resource number 0xffffffff
W/ResourceType( 9777): No known package when getting name for resource number 0xffffffff
I/System.out( 9777): URI: /map
I/System.out( 9777): params: {json={"query":"* id:'agreeAndContinueButton'","operation":{"method_name":"query","arguments":[]}}
I/System.out( 9777): }
W/ResourceType( 9777): No known package when getting name for resource number 0xffffffff
W/ResourceType( 9777): No known package when getting name for resource number 0xffffffff
W/ResourceType( 9777): No known package when getting name for resource number 0xffffffff
W/ResourceType( 9777): No known package when getting name for resource number 0xffffffff
W/ResourceType( 9777): No known package when getting name for resource number 0xffffffff
W/ResourceType( 9777): No known package when getting name for resource number 0xffffffff
W/ResourceType( 9777): No known package when getting name for resource number 0xffffffff
W/ResourceType( 9777): No known package when getting name for resource number 0xffffffff
W/ResourceType( 9777): No known package when getting name for resource number 0xffffffff
W/ResourceType( 9777): No known package when getting name for resource number 0xffffffff
W/ResourceType( 9777): No known package when getting name for resource number 0xffffffff
I/System.out( 9777): URI: /map
I/System.out( 9777): params: {json={"query":"* id:'agreeAndContinueButton'","operation":{"method_name":"query","arguments":[]}}
I/System.out( 9777): }
W/ResourceType( 9777): No known package when getting name for resource number 0xffffffff
W/ResourceType( 9777): No known package when getting name for resource number 0xffffffff
W/ResourceType( 9777): No known package when getting name for resource number 0xffffffff
W/ResourceType( 9777): No known package when getting name for resource number 0xffffffff
W/ResourceType( 9777): No known package when getting name for resource number 0xffffffff
W/ResourceType( 9777): No known package when getting name for resource number 0xffffffff
W/ResourceType( 9777): No known package when getting name for resource number 0xffffffff
W/ResourceType( 9777): No known package when getting name for resource number 0xffffffff
W/ResourceType( 9777): No known package when getting name for resource number 0xffffffff
W/ResourceType( 9777): No known package when getting name for resource number 0xffffffff
W/ResourceType( 9777): No known package when getting name for resource number 0xffffffff
I/System.out( 9777): URI: /map
I/System.out( 9777): params: {json={"query":"* id:'agreeAndContinueButton'","operation":{"method_name":"query","arguments":[]}}
I/System.out( 9777): }
D/Mono    ( 9777): Assembly Ref addref System.Net.Http[0xe6098560] -> System.Core[0xd9e198e0]: 13
D/Mono    ( 9777): DllImport searching in: '__Internal' ('(null)').
D/Mono    ( 9777): Searching for 'java_interop_jnienv_call_nonvirtual_int_method_a'.
D/Mono    ( 9777): Probing 'java_interop_jnienv_call_nonvirtual_int_method_a'.
D/Mono    ( 9777): Found as 'java_interop_jnienv_call_nonvirtual_int_method_a'.
D/Mono    ( 9777): Assembly Ref addref Mono.Android[0xd9e192e0] -> System[0xd9e19580]: 12
D/Mono    ( 9777): DllImport searching in: '__Internal' ('(null)').
D/Mono    ( 9777): Searching for 'java_interop_jnienv_get_float_field'.
D/Mono    ( 9777): Probing 'java_interop_jnienv_get_float_field'.
D/Mono    ( 9777): Found as 'java_interop_jnienv_get_float_field'.
W/ResourceType( 9777): No known package when getting name for resource number 0xffffffff
W/ResourceType( 9777): No known package when getting name for resource number 0xffffffff
W/ResourceType( 9777): No known package when getting name for resource number 0xffffffff
W/ResourceType( 9777): No known package when getting name for resource number 0xffffffff
D/Mono    ( 9777): DllImport searching in: '__Internal' ('(null)').
D/Mono    ( 9777): Searching for 'java_interop_jnienv_new_object_array'.
D/Mono    ( 9777): Probing 'java_interop_jnienv_new_object_array'.
D/Mono    ( 9777): Found as 'java_interop_jnienv_new_object_array'.
W/ResourceType( 9777): No known package when getting name for resource number 0xffffffff
D/Mono    ( 9777): DllImport searching in: '__Internal' ('(null)').
D/Mono    ( 9777): Searching for 'java_interop_jnienv_set_object_array_element'.
D/Mono    ( 9777): Probing 'java_interop_jnienv_set_object_array_element'.
W/ResourceType( 9777): No known package when getting name for resource number 0xffffffff
D/Mono    ( 9777): Found as 'java_interop_jnienv_set_object_array_element'.
W/ResourceType( 9777): No known package when getting name for resource number 0xffffffff
W/ResourceType( 9777): No known package when getting name for resource number 0xffffffff
W/ResourceType( 9777): No known package when getting name for resource number 0xffffffff
W/ResourceType( 9777): No known package when getting name for resource number 0xffffffff
W/ResourceType( 9777): No known package when getting name for resource number 0xffffffff
I/System.out( 9777): URI: /
I/System.out( 9777): params: {json={"command":"touch_coordinate","arguments":[540.0,1705.0]}
I/System.out( 9777): }
I/System.out( 9777): header: {content-type=application/json; charset=utf-8, connection=close, host=devicehost156.prod, x-session-token=token-token-6fbb36ef-ba73-47c6-85f9-5be3cffe93d1, content-length=57, x-forwarded-for=10.222.150.26}
I/System.out( 9777): params: {json={"command":"touch_coordinate","arguments":[540.0,1705.0]}
I/System.out( 9777): }
I/System.out( 9777): ProP json = {"command":"touch_coordinate","arguments":[540.0,1705.0]}
I/System.out( 9777): files: {}
I/System.out( 9777): command: {"command":"touch_coordinate","arguments":[540.0,1705.0]}
I/InstrumentationBackend( 9777): Got command:'Command:'Line:null,touch_coordinate', arguments:'[540.0, 1705.0]'
D/Mono    ( 9777): [0xc2c61920] worker starting
D/Mono    ( 9777): Unloading image System.dll [0xc51b5d00].
D/Mono    ( 9777): Image addref System[0xc3bb1680] -> System.dll[0xdef8e100]: 5
D/Mono    ( 9777): Config attempting to parse: 'System.dll.config'.
D/Mono    ( 9777): Config attempting to parse: '/Users/builder/data/lanes/4009/f3074d2c/source/monodroid/builds/install/mono-armv6/etc/mono/assemblies/System/System.config'.
I/System.out( 9777): result:{"bonusInformation":[],"message":"","success":true}
D/Mono    ( 9777): Unloading image System.dll [0xc51b5d00].
D/Mono    ( 9777): Image addref System[0xc3bb13e0] -> System.dll[0xdef8e100]: 6
D/Mono    ( 9777): Config attempting to parse: 'System.dll.config'.
D/Mono    ( 9777): Config attempting to parse: '/Users/builder/data/lanes/4009/f3074d2c/source/monodroid/builds/install/mono-armv6/etc/mono/assemblies/System/System.config'.
D/Mono    ( 9777): Unloading image System.dll [0xc51b5d00].
D/Mono    ( 9777): Image addref System[0xc3bb13e0] -> System.dll[0xdef8e100]: 7
D/Mono    ( 9777): Config attempting to parse: 'System.dll.config'.
D/Mono    ( 9777): Config attempting to parse: '/Users/builder/data/lanes/4009/f3074d2c/source/monodroid/builds/install/mono-armv6/etc/mono/assemblies/System/System.config'.
D/Mono    ( 9777): Unloading image System.dll [0xc51b5d00].
D/Mono    ( 9777): Image addref System[0xc3bb13e0] -> System.dll[0xdef8e100]: 8
D/Mono    ( 9777): Config attempting to parse: 'System.dll.config'.
D/Mono    ( 9777): Config attempting to parse: '/Users/builder/data/lanes/4009/f3074d2c/source/monodroid/builds/install/mono-armv6/etc/mono/assemblies/System/System.config'.
I/System.out( 9777): URI: /backdoor
I/System.out( 9777): params: {json={"method_name":"APISetup","arguments":[200]}
I/System.out( 9777): }
D/Mono    ( 9777): DllImport searching in: '__Internal' ('(null)').
D/Mono    ( 9777): Searching for 'java_interop_jnienv_is_assignable_from'.
D/Mono    ( 9777): Probing 'java_interop_jnienv_is_assignable_from'.
D/Mono    ( 9777): Found as 'java_interop_jnienv_is_assignable_from'.
D/Mono    ( 9777): DllImport searching in: '__Internal' ('(null)').
D/Mono    ( 9777): Searching for 'java_interop_jnienv_get_byte_array_region'.
D/Mono    ( 9777): Probing 'java_interop_jnienv_get_byte_array_region'.
D/Mono    ( 9777): Found as 'java_interop_jnienv_get_byte_array_region'.
D/Mono    ( 9777): DllImport searching in: '__Internal' ('(null)').
D/Mono    ( 9777): Searching for 'java_interop_jnienv_set_byte_array_region'.
D/Mono    ( 9777): Probing 'java_interop_jnienv_set_byte_array_region'.
D/Mono    ( 9777): Found as 'java_interop_jnienv_set_byte_array_region'.
I/System.out( 9777): URI: /backdoor
I/System.out( 9777): params: {json={"method_name":"MyCBBackdoor","arguments":[]}
I/System.out( 9777): }
D/Mono    ( 9777): Assembly Ref addref CareerBuilder_Search.Droid[0xd9e183e0] -> Xamarin.Android.Support.Design[0xd9e18e00]: 2
I/calabash( 9777): execStartActivity 4
I/ActivityManager(  943): START u0 {cmp=com.careerbuilder.SugarDrone/md5a4824aa66c0dc4d104077b72c1916a44.MasterNavActivity} from uid 18760 on display 0
W/Mono    ( 9777): The request to load the assembly System.Core v4.0.0.0 was remapped to v2.0.5.0
D/Mono    ( 9777): Unloading image System.Core.dll [0xc51b4900].
D/Mono    ( 9777): Image addref System.Core[0xc44ec540] -> System.Core.dll[0xc6a4f000]: 5
D/Mono    ( 9777): Config attempting to parse: 'System.Core.dll.config'.
D/Mono    ( 9777): Config attempting to parse: '/Users/builder/data/lanes/4009/f3074d2c/source/monodroid/builds/install/mono-armv6/etc/mono/assemblies/System.Core/System.Core.config'.
I/calabash( 9777): newActivity1
W/Mono    ( 9777): The request to load the assembly System.Core v4.0.0.0 was remapped to v2.0.5.0
D/Mono    ( 9777): Unloading image System.Core.dll [0xc51b4900].
D/Mono    ( 9777): Image addref System.Core[0xc3bb1740] -> System.Core.dll[0xc6a4f000]: 6
D/Mono    ( 9777): Config attempting to parse: 'System.Core.dll.config'.
D/Mono    ( 9777): Config attempting to parse: '/Users/builder/data/lanes/4009/f3074d2c/source/monodroid/builds/install/mono-armv6/etc/mono/assemblies/System.Core/System.Core.config'.
I/art     ( 9777): Do partial code cache collection, code=42KB, data=62KB
I/art     ( 9777): After code cache collection, code=42KB, data=62KB
I/art     ( 9777): Increasing code cache capacity to 256KB
I/System.out( 9777): URI: /map
I/System.out( 9777): params: {json={"query":"* marked:'Search'","operation":{"method_name":"query","arguments":[]}}
I/System.out( 9777): }
D/Mono    ( 9777): DllImport searching in: '__Internal' ('(null)').
D/Mono    ( 9777): Searching for 'java_interop_jnienv_call_nonvirtual_object_method'.
D/Mono    ( 9777): Probing 'java_interop_jnienv_call_nonvirtual_object_method'.
D/Mono    ( 9777): Found as 'java_interop_jnienv_call_nonvirtual_object_method'.
D/Mono    ( 9777): [0xc5b7f920] hill climbing, change max number of threads 7
D/Mono    ( 9777): DllImport searching in: '__Internal' ('(null)').
D/Mono    ( 9777): Searching for 'java_interop_jnienv_call_int_method'.
D/Mono    ( 9777): Probing 'java_interop_jnienv_call_int_method'.
D/Mono    ( 9777): Found as 'java_interop_jnienv_call_int_method'.
D/Mono    ( 9777): Assembly Ref addref Xamarin.Android.Support.Design[0xd9e18e00] -> Xamarin.Android.Support.v4[0xd9e18c20]: 4
D/Mono    ( 9777): Assembly Ref addref CareerBuilder_Search.Droid[0xd9e183e0] -> Xamarin.Android.Support.v7.RecyclerView[0xd9e18c80]: 2
D/Mono    ( 9777): Assembly Ref addref Xamarin.Android.Support.v7.RecyclerView[0xd9e18c80] -> Xamarin.Android.Support.v4[0xd9e18c20]: 5
D/Mono    ( 9777): Assembly Ref addref CareerBuilder_Search.Droid[0xd9e183e0] -> FloatingActionButton-Xamarin[0xd9e18bc0]: 2
D/Mono    ( 9777): Unloading image System.IO.dll [0xc3386800].
D/Mono    ( 9777): Image addref System.IO[0xc1e22fe0] -> System.IO.dll[0xc66c4f00]: 6
D/Mono    ( 9777): Config attempting to parse: 'System.IO.dll.config'.
D/Mono    ( 9777): Config attempting to parse: '/Users/builder/data/lanes/4009/f3074d2c/source/monodroid/builds/install/mono-armv6/etc/mono/assemblies/System.IO/System.IO.config'.
D/Mono    ( 9777): Assembly Ref addref CareerBuilder_Search[0xd9e19280] -> System.IO[0xe6098f20]: 4
D/Mono    ( 9777): DllImport searching in: '__Internal' ('(null)').
D/Mono    ( 9777): Searching for 'java_interop_jnienv_new_byte_array'.
D/Mono    ( 9777): Probing 'java_interop_jnienv_new_byte_array'.
D/Mono    ( 9777): Found as 'java_interop_jnienv_new_byte_array'.
W/FragmentManager( 9777): moveToState: Fragment state for SavedJobsFragment{914f899 #0 id=0x7f0a0148 android:switcher:2131362120:1} not updated inline; expected state 3 found 2
D/Mono    ( 9777): Assembly Ref addref CareerBuilder_Search.Droid[0xd9e183e0] -> System[0xd9e19580]: 13
W/FragmentManager( 9777): moveToState: Fragment state for ResumeManagementFragment{102a75e #1 id=0x7f0a0148 android:switcher:2131362120:2} not updated inline; expected state 3 found 2
D/Mono    ( 9777): Unloading image System.Linq.dll [0xc3334d00].
D/Mono    ( 9777): Image addref System.Linq[0xc5e2ee80] -> System.Linq.dll[0xc6a50e00]: 9
D/Mono    ( 9777): Config attempting to parse: 'System.Linq.dll.config'.
D/Mono    ( 9777): Config attempting to parse: '/Users/builder/data/lanes/4009/f3074d2c/source/monodroid/builds/install/mono-armv6/etc/mono/assemblies/System.Linq/System.Linq.config'.
D/Mono    ( 9777): Assembly Ref addref CareerBuilder_Search[0xd9e19280] -> System.Linq[0xd9e19760]: 7
D/Mono    ( 9777): Assembly Ref addref CareerBuilder_Search.Droid[0xd9e183e0] -> System.Core[0xd9e198e0]: 14
D/Mono    ( 9777): DllImport searching in: '__Internal' ('(null)').
D/Mono    ( 9777): Searching for 'java_interop_jnienv_call_nonvirtual_void_method'.
D/Mono    ( 9777): Probing 'java_interop_jnienv_call_nonvirtual_void_method'.
D/Mono    ( 9777): Found as 'java_interop_jnienv_call_nonvirtual_void_method'.
D/Mono    ( 9777): DllImport attempting to load: '/system/lib/liblog.so'.
D/Mono    ( 9777): DllImport loaded library '/system/lib/liblog.so'.
D/Mono    ( 9777): DllImport searching in: '/system/lib/liblog.so' ('/system/lib/liblog.so').
D/Mono    ( 9777): Searching for '__android_log_print'.
D/Mono    ( 9777): Probing '__android_log_print'.
D/Mono    ( 9777): Found as '__android_log_print'.
I/mono-stdout( 9777): uri is: https://api.careerbuilder.com/consumer/resumes?OAuthToken=&HostSite=US&DeveloperKey=WDHR8FC6P2JZ1Y61KLM5
I/mono-stdout( 9777): uri is: https://api.careerbuilder.com/consumer/saved-jobs/?DeveloperKey=WDHR8FC6P2JZ1Y61KLM5
I/mono-stdout( 9777): uri is: https://api.careerbuilder.com/consumer/resumes?OAuthToken=&HostSite=US&DeveloperKey=WDHR8FC6P2JZ1Y61KLM5
I/mono-stdout( 9777): uri is: https://api.careerbuilder.com/consumer/jobs/search/?Keywords=&Location=&UseFacets=true&PageNumber=1&ExcludeNational=true&DeveloperKey=WDHR8FC6P2JZ1Y61KLM5
D/Mono    ( 9777): Unloading image System.Collections.dll [0xc1f09f00].
D/Mono    ( 9777): Image addref System.Collections[0xc1c6e620] -> System.Collections.dll[0xdef8eb00]: 10
D/Mono    ( 9777): Config attempting to parse: 'System.Collections.dll.config'.
D/Mono    ( 9777): Config attempting to parse: '/Users/builder/data/lanes/4009/f3074d2c/source/monodroid/builds/install/mono-armv6/etc/mono/assemblies/System.Collections/System.Collections.config'.
D/Mono    ( 9777): Assembly Ref addref System.Reactive.Linq[0xd9e19040] -> System.Collections[0xd9e19640]: 8
D/Mono    ( 9777): Image addref System.Net.Primitives[0xc3bb1380] -> System.Net.Primitives.dll[0xc51b5800]: 2
D/Mono    ( 9777): Prepared to set up assembly 'System.Net.Primitives' (System.Net.Primitives.dll)
D/Mono    ( 9777): Unloading image System.Net.Primitives.dll [0xc1f0bd00].
D/Mono    ( 9777): Assembly System.Net.Primitives[0xc3bb1380] added to domain RootDomain, ref_count=1
D/Mono    ( 9777): Unloading image System.Net.Primitives.dll [0xc2ccce00].
D/Mono    ( 9777): Unloading image System.Net.Primitives.dll [0xc2ccc400].
D/Mono    ( 9777): Image addref System.Net.Primitives[0xc1c6e740] -> System.Net.Primitives.dll[0xc51b5800]: 6
D/Mono    ( 9777): Config attempting to parse: 'System.Net.Primitives.dll.config'.
D/Mono    ( 9777): Image addref System.Net.Primitives[0xc3bb1920] -> System.Net.Primitives.dll[0xc51b5800]: 6
D/Mono    ( 9777): Config attempting to parse: '/Users/builder/data/lanes/4009/f3074d2c/source/monodroid/builds/install/mono-armv6/etc/mono/assemblies/System.Net.Primitives/System.Net.Primitives.config'.
D/Mono    ( 9777): Config attempting to parse: 'System.Net.Primitives.dll.config'.
D/Mono    ( 9777): Assembly Ref addref CareerBuilder_Search[0xd9e19280] -> System.Net.Primitives[0xc3bb1380]: 2
D/Mono    ( 9777): Image addref System.Net.Primitives[0xc5e2ee20] -> System.Net.Primitives.dll[0xc51b5800]: 6
D/Mono    ( 9777): Config attempting to parse: '/Users/builder/data/lanes/4009/f3074d2c/source/monodroid/builds/install/mono-armv6/etc/mono/assemblies/System.Net.Primitives/System.Net.Primitives.config'.
D/Mono    ( 9777): Config attempting to parse: 'System.Net.Primitives.dll.config'.
D/Mono    ( 9777): Config attempting to parse: '/Users/builder/data/lanes/4009/f3074d2c/source/monodroid/builds/install/mono-armv6/etc/mono/assemblies/System.Net.Primitives/System.Net.Primitives.config'.
D/Mono    ( 9777): Assembly Ref addref System.Net.Primitives[0xc3bb1380] -> System[0xd9e19580]: 14
D/Mono    ( 9777): AOT module 'System.Net.Primitives.dll.so' not found: dlopen failed: library "/data/app/com.careerbuilder.SugarDrone-1/lib/arm/libaot-System.Net.Primitives.dll.so" not found
D/Mono    ( 9777): AOT module '/Users/builder/data/lanes/4009/f3074d2c/source/monodroid/builds/install/mono-armv6/lib/mono/aot-cache/arm/System.Net.Primitives.dll.so' not found: dlopen failed: library "/data/app/com.careerbuilder.SugarDrone-1/lib/arm/libaot-System.Net.Primitives.dll.so" not found
D/Mono    ( 9777): Config attempting to parse: 'System.Net.Primitives.dll.config'.
D/Mono    ( 9777): Config attempting to parse: '/Users/builder/data/lanes/4009/f3074d2c/source/monodroid/builds/install/mono-armv6/etc/mono/assemblies/System.Net.Primitives/System.Net.Primitives.config'.
D/Mono    ( 9777): Unloading image System.Text.Encoding.dll [0xc2ccce00].
D/Mono    ( 9777): Image addref System.Text.Encoding[0xc3bb18c0] -> System.Text.Encoding.dll[0xc66c4000]: 5
D/Mono    ( 9777): Config attempting to parse: 'System.Text.Encoding.dll.config'.
D/Mono    ( 9777): Config attempting to parse: '/Users/builder/data/lanes/4009/f3074d2c/source/monodroid/builds/install/mono-armv6/etc/mono/assemblies/System.Text.Encoding/System.Text.Encoding.config'.
D/Mono    ( 9777): Assembly Ref addref CareerBuilder_Search[0xd9e19280] -> System.Text.Encoding[0xe6098e00]: 3
D/Mono    ( 9777): Unloading image System.Text.Encoding.dll [0xc2ccc400].
D/Mono    ( 9777): Image addref System.Text.Encoding[0xc5e2ee80] -> System.Text.Encoding.dll[0xc66c4000]: 6
D/Mono    ( 9777): Config attempting to parse: 'System.Text.Encoding.dll.config'.
D/Mono    ( 9777): Config attempting to parse: '/Users/builder/data/lanes/4009/f3074d2c/source/monodroid/builds/install/mono-armv6/etc/mono/assemblies/System.Text.Encoding/System.Text.Encoding.config'.
D/Mono    ( 9777): Unloading image System.Text.Encoding.dll [0xc1f0bd00].
D/Mono    ( 9777): Image addref System.Text.Encoding[0xc1c6e6e0] -> System.Text.Encoding.dll[0xc66c4000]: 7
D/Mono    ( 9777): Config attempting to parse: 'System.Text.Encoding.dll.config'.
D/Mono    ( 9777): Config attempting to parse: '/Users/builder/data/lanes/4009/f3074d2c/source/monodroid/builds/install/mono-armv6/etc/mono/assemblies/System.Text.Encoding/System.Text.Encoding.config'.
I/mono-stdout( 9777): making api call to: /consumer/resumes?OAuthToken=&HostSite=US&DeveloperKey=WDHR8FC6P2JZ1Y61KLM5
I/mono-stdout( 9777): making api call to: /consumer/jobs/search/?Keywords=&Location=&UseFacets=true&PageNumber=1&ExcludeNational=true&DeveloperKey=WDHR8FC6P2JZ1Y61KLM5
D/Mono    ( 9777): Unloading image System.Text.Encoding.dll [0xc2ccbf00].
D/Mono    ( 9777): Image addref System.Text.Encoding[0xc44ec540] -> System.Text.Encoding.dll[0xc66c4000]: 8
D/Mono    ( 9777): Config attempting to parse: 'System.Text.Encoding.dll.config'.
D/Mono    ( 9777): Config attempting to parse: '/Users/builder/data/lanes/4009/f3074d2c/source/monodroid/builds/install/mono-armv6/etc/mono/assemblies/System.Text.Encoding/System.Text.Encoding.config'.
I/mono-stdout( 9777): making api call to: /consumer/resumes?OAuthToken=&HostSite=US&DeveloperKey=WDHR8FC6P2JZ1Y61KLM5
I/mono-stdout( 9777): making api call to: /consumer/saved-jobs/?DeveloperKey=WDHR8FC6P2JZ1Y61KLM5
D/Mono    ( 9777): Assembly Ref addref CareerBuilder_Search.Droid[0xd9e183e0] -> Newtonsoft.Json[0xd9e18ec0]: 4
I/mono-stdout( 9777): Method: GET, RequestUri: 'https://api.careerbuilder.com/consumer/saved-jobs/?DeveloperKey=WDHR8FC6P2JZ1Y61KLM5', Version: 1.1, Content: <null>, Headers:
I/mono-stdout( 9777): {
I/mono-stdout( 9777): DeveloperKey: WDHR8FC6P2JZ1Y61KLM5
I/mono-stdout( 9777): Accept: application/json
I/mono-stdout( 9777): Authorization: Bearer test
I/mono-stdout( 9777): HostSite: US
I/mono-stdout( 9777): }
I/mono-stdout( 9777): Current State = 1,2,6,7
I/mono-stdout( 9777): applied jobs = 6
I/mono-stdout( 9777): expired jobs = 7
I/mono-stdout( 9777): saved jobs = Saved,Saved,Applied,Saved
I/art     ( 9777): Starting a blocking GC Explicit
I/art     ( 9777): Explicit concurrent mark sweep GC freed 635(44KB) AllocSpace objects, 0(0B) LOS objects, 40% free, 10MB/18MB, paused 860us total 47.770ms
I/mono-stdout( 9777): done making call to: /consumer/resumes?OAuthToken=&HostSite=US&DeveloperKey=WDHR8FC6P2JZ1Y61KLM5
I/mono-stdout( 9777): done making call to: /consumer/resumes?OAuthToken=&HostSite=US&DeveloperKey=WDHR8FC6P2JZ1Y61KLM5
I/mono-stdout( 9777): The resume  with hash has been set as latest
I/mono-stdout( 9777): The resume  with hash has been set as latest
I/art     ( 9777): Starting a blocking GC Explicit
I/art     ( 9777): Explicit concurrent mark sweep GC freed 4107(158KB) AllocSpace objects, 1(20KB) LOS objects, 40% free, 10MB/18MB, paused 905us total 35.734ms
D/Mono    ( 9777): GC_TAR_BRIDGE bridges 146 objects 328 opaque 104 colors 146 colors-bridged 146 colors-visible 146 xref 2 cache-hit 0 cache-semihit 0 cache-miss 0 setup 0.09ms tarjan 0.42ms scc-setup 0.13ms gather-xref 0.01ms xref-setup 0.00ms cleanup 0.05ms
D/Mono    ( 9777): GC_BRIDGE: Complete, was running for 39.30ms
D/Mono    ( 9777): GC_MINOR: (Nursery full) time 19.98ms, stw 20.64ms promoted 878K major size: 1888K in use: 1150K los size: 1024K in use: 367K
I/mono-stdout( 9777): done making call to: /consumer/saved-jobs/?DeveloperKey=WDHR8FC6P2JZ1Y61KLM5
I/mono-stdout( 9777): done making call to: /consumer/jobs/search/?Keywords=&Location=&UseFacets=true&PageNumber=1&ExcludeNational=true&DeveloperKey=WDHR8FC6P2JZ1Y61KLM5
E/RecyclerView( 9777): No adapter attached; skipping layout
I/mono-stdout( 9777): uri is: https://api.careerbuilder.com/consumer/saved-jobs/?DeveloperKey=WDHR8FC6P2JZ1Y61KLM5
I/mono-stdout( 9777): making api call to: /consumer/saved-jobs/?DeveloperKey=WDHR8FC6P2JZ1Y61KLM5
I/mono-stdout( 9777): Method: GET, RequestUri: 'https://api.careerbuilder.com/consumer/saved-jobs/?DeveloperKey=WDHR8FC6P2JZ1Y61KLM5', Version: 1.1, Content: <null>, Headers:
I/mono-stdout( 9777): {
I/mono-stdout( 9777): DeveloperKey: WDHR8FC6P2JZ1Y61KLM5
I/mono-stdout( 9777): Accept: application/json
I/mono-stdout( 9777): Authorization: Bearer test
I/mono-stdout( 9777): HostSite: US
I/mono-stdout( 9777): }
I/mono-stdout( 9777): Current State = 1,2,6,7
I/mono-stdout( 9777): applied jobs = 6
I/mono-stdout( 9777): expired jobs = 7
I/mono-stdout( 9777): saved jobs = Saved,Saved,Applied,Saved
W/art     ( 9777): JNI RegisterNativeMethods: attempt to register 0 native methods for md539c3d548fb000cea9f34163fa7e112ea.ProgressListItemViewHolder
W/ResourceType( 9777): No known package when getting name for resource number 0xffffffff
W/ResourceType( 9777): No known package when getting name for resource number 0xffffffff
W/ResourceType( 9777): No known package when getting name for resource number 0xffffffff
W/ResourceType( 9777): No known package when getting name for resource number 0xffffffff
W/ResourceType( 9777): No known package when getting name for resource number 0xffffffff
W/ResourceType( 9777): No known package when getting name for resource number 0xffffffff
W/ResourceType( 9777): No known package when getting name for resource number 0xffffffff
W/ResourceType( 9777): No known package when getting name for resource number 0xffffffff
W/ResourceType( 9777): No known package when getting name for resource number 0xffffffff
W/ResourceType( 9777): No known package when getting name for resource number 0xffffffff
W/ResourceType( 9777): No known package when getting name for resource number 0xffffffff
D/Mono    ( 9777): Assembly Ref addref Xamarin.Android.Support.v7.AppCompat[0xd9e18da0] -> System.Core[0xd9e198e0]: 15
I/Choreographer( 9777): Skipped 133 frames!  The application may be doing too much work on its main thread.
E/RecyclerView( 9777): No adapter attached; skipping layout
I/System.out( 9777): URI: /map
I/System.out( 9777): params: {json={"query":"* marked:'search_anywhere'","operation":{"method_name":"query","arguments":[]}}
I/System.out( 9777): }
D/Mono    ( 9777): DllImport searching in: '__Internal' ('(null)').
D/Mono    ( 9777): Searching for 'java_interop_jnienv_call_void_method'.
D/Mono    ( 9777): Probing 'java_interop_jnienv_call_void_method'.
D/Mono    ( 9777): Found as 'java_interop_jnienv_call_void_method'.
I/ActivityManager(  943): Displayed com.careerbuilder.SugarDrone/md5a4824aa66c0dc4d104077b72c1916a44.MasterNavActivity: +3s216ms
E/RecyclerView( 9777): No adapter attached; skipping layout
I/mono-stdout( 9777): done making call to: /consumer/saved-jobs/?DeveloperKey=WDHR8FC6P2JZ1Y61KLM5
W/ResourceType( 9777): No known package when getting name for resource number 0xffffffff
W/ResourceType( 9777): No known package when getting name for resource number 0xffffffff
W/ResourceType( 9777): No known package when getting name for resource number 0xffffffff
W/ResourceType( 9777): No known package when getting name for resource number 0xffffffff
W/ResourceType( 9777): No known package when getting name for resource number 0xffffffff
W/ResourceType( 9777): No known package when getting name for resource number 0xffffffff
W/ResourceType( 9777): No known package when getting name for resource number 0xffffffff
W/ResourceType( 9777): No known package when getting name for resource number 0xffffffff
W/ResourceType( 9777): No known package when getting name for resource number 0xffffffff
W/ResourceType( 9777): No known package when getting name for resource number 0xffffffff
W/ResourceType( 9777): No known package when getting name for resource number 0xffffffff
W/ResourceType( 9777): No known package when getting name for resource number 0xffffffff
W/ResourceType( 9777): No known package when getting name for resource number 0xffffffff
W/ResourceType( 9777): No known package when getting name for resource number 0xffffffff
W/ResourceType( 9777): No known package when getting name for resource number 0xffffffff
W/ResourceType( 9777): No known package when getting name for resource number 0xffffffff
W/ResourceType( 9777): No known package when getting name for resource number 0xffffffff
W/ResourceType( 9777): No known package when getting name for resource number 0xffffffff
W/ResourceType( 9777): No known package when getting name for resource number 0xffffffff
W/ResourceType( 9777): No known package when getting name for resource number 0xffffffff
W/ResourceType( 9777): No known package when getting name for resource number 0xffffffff
W/ResourceType( 9777): No known package when getting name for resource number 0xffffffff
W/ResourceType( 9777): No known package when getting name for resource number 0xffffffff
W/ResourceType( 9777): No known package when getting name for resource number 0xffffffff
W/ResourceType( 9777): No known package when getting name for resource number 0xffffffff
W/ResourceType( 9777): No known package when getting name for resource number 0xffffffff
W/ResourceType( 9777): No known package when getting name for resource number 0xffffffff
W/ResourceType( 9777): No known package when getting name for resource number 0xffffffff
W/ResourceType( 9777): No known package when getting name for resource number 0xffffffff
W/ResourceType( 9777): No known package when getting name for resource number 0xffffffff
W/ResourceType( 9777): No known package when getting name for resource number 0xffffffff
W/ResourceType( 9777): No known package when getting name for resource number 0xffffffff
W/ResourceType( 9777): No known package when getting name for resource number 0xffffffff
W/ResourceType( 9777): No known package when getting name for resource number 0xffffffff
W/ResourceType( 9777): No known package when getting name for resource number 0xffffffff
W/ResourceType( 9777): No known package when getting name for resource number 0xffffffff
W/ResourceType( 9777): No known package when getting name for resource number 0xffffffff
W/ResourceType( 9777): No known package when getting name for resource number 0xffffffff
W/ResourceType( 9777): No known package when getting name for resource number 0xffffffff
W/ResourceType( 9777): No known package when getting name for resource number 0xffffffff
W/ResourceType( 9777): No known package when getting name for resource number 0xffffffff
W/ResourceType( 9777): No known package when getting name for resource number 0xffffffff
W/ResourceType( 9777): No known package when getting name for resource number 0xffffffff
W/ResourceType( 9777): No known package when getting name for resource number 0xffffffff
W/ResourceType( 9777): No known package when getting name for resource number 0xffffffff
W/ResourceType( 9777): No known package when getting name for resource number 0xffffffff
W/ResourceType( 9777): No known package when getting name for resource number 0xffffffff
I/System.out( 9777): URI: /map
I/System.out( 9777): params: {json={"query":"* marked:'search_anywhere'","operation":{"method_name":"query","arguments":[]}}
I/System.out( 9777): }
D/Mono    ( 9777): DllImport searching in: '__Internal' ('(null)').
D/Mono    ( 9777): Searching for 'java_interop_jnienv_set_int_field'.
D/Mono    ( 9777): Probing 'java_interop_jnienv_set_int_field'.
D/Mono    ( 9777): Found as 'java_interop_jnienv_set_int_field'.
E/RecyclerView( 9777): No adapter attached; skipping layout
W/art     ( 9777): JNI RegisterNativeMethods: attempt to register 0 native methods for md539c3d548fb000cea9f34163fa7e112ea.JobResultViewHolder
W/art     ( 9777): JNI RegisterNativeMethods: attempt to register 0 native methods for md543b91ad655f5c020e54c78f692da973f.SnapshotView
W/ResourceType( 9777): No known package when getting name for resource number 0xffffffff
W/ResourceType( 9777): No known package when getting name for resource number 0xffffffff
W/ResourceType( 9777): No known package when getting name for resource number 0xffffffff
W/ResourceType( 9777): No known package when getting name for resource number 0xffffffff
W/ResourceType( 9777): No known package when getting name for resource number 0xffffffff
W/ResourceType( 9777): No known package when getting name for resource number 0xffffffff
W/ResourceType( 9777): No known package when getting name for resource number 0xffffffff
W/ResourceType( 9777): No known package when getting name for resource number 0xffffffff
W/ResourceType( 9777): No known package when getting name for resource number 0xffffffff
W/ResourceType( 9777): No known package when getting name for resource number 0xffffffff
W/ResourceType( 9777): No known package when getting name for resource number 0xffffffff
W/ResourceType( 9777): No known package when getting name for resource number 0xffffffff
W/ResourceType( 9777): No known package when getting name for resource number 0xffffffff
W/ResourceType( 9777): No known package when getting name for resource number 0xffffffff
W/ResourceType( 9777): No known package when getting name for resource number 0xffffffff
W/ResourceType( 9777): No known package when getting name for resource number 0xffffffff
W/ResourceType( 9777): No known package when getting name for resource number 0xffffffff
W/ResourceType( 9777): No known package when getting name for resource number 0xffffffff
W/ResourceType( 9777): No known package when getting name for resource number 0xffffffff
W/ResourceType( 9777): No known package when getting name for resource number 0xffffffff
W/ResourceType( 9777): No known package when getting name for resource number 0xffffffff
W/ResourceType( 9777): No known package when getting name for resource number 0xffffffff
W/ResourceType( 9777): No known package when getting name for resource number 0xffffffff
W/ResourceType( 9777): No known package when getting name for resource number 0xffffffff
W/ResourceType( 9777): No known package when getting name for resource number 0xffffffff
W/ResourceType( 9777): No known package when getting name for resource number 0xffffffff
W/ResourceType( 9777): No known package when getting name for resource number 0xffffffff
W/ResourceType( 9777): No known package when getting name for resource number 0xffffffff
W/ResourceType( 9777): No known package when getting name for resource number 0xffffffff
W/ResourceType( 9777): No known package when getting name for resource number 0xffffffff
W/ResourceType( 9777): No known package when getting name for resource number 0xffffffff
W/ResourceType( 9777): No known package when getting name for resource number 0xffffffff
W/ResourceType( 9777): No known package when getting name for resource number 0xffffffff
W/ResourceType( 9777): No known package when getting name for resource number 0xffffffff
W/ResourceType( 9777): No known package when getting name for resource number 0xffffffff
W/ResourceType( 9777): No known package when getting name for resource number 0xffffffff
W/ResourceType( 9777): No known package when getting name for resource number 0xffffffff
W/ResourceType( 9777): No known package when getting name for resource number 0xffffffff
W/ResourceType( 9777): No known package when getting name for resource number 0xffffffff
W/ResourceType( 9777): No known package when getting name for resource number 0xffffffff
W/ResourceType( 9777): No known package when getting name for resource number 0xffffffff
W/ResourceType( 9777): No known package when getting name for resource number 0xffffffff
W/ResourceType( 9777): No known package when getting name for resource number 0xffffffff
W/ResourceType( 9777): No known package when getting name for resource number 0xffffffff
W/ResourceType( 9777): No known package when getting name for resource number 0xffffffff
W/ResourceType( 9777): No known package when getting name for resource number 0xffffffff
W/ResourceType( 9777): No known package when getting name for resource number 0xffffffff
W/ResourceType( 9777): No known package when getting name for resource number 0xffffffff
W/ResourceType( 9777): No known package when getting name for resource number 0xffffffff
W/ResourceType( 9777): No known package when getting name for resource number 0xffffffff
W/ResourceType( 9777): No known package when getting name for resource number 0xffffffff
W/ResourceType( 9777): No known package when getting name for resource number 0xffffffff
W/ResourceType( 9777): No known package when getting name for resource number 0xffffffff
W/ResourceType( 9777): No known package when getting name for resource number 0xffffffff
W/ResourceType( 9777): No known package when getting name for resource number 0xffffffff
W/ResourceType( 9777): No known package when getting name for resource number 0xffffffff
W/ResourceType( 9777): No known package when getting name for resource number 0xffffffff
W/ResourceType( 9777): No known package when getting name for resource number 0xffffffff
W/ResourceType( 9777): No known package when getting name for resource number 0xffffffff
W/ResourceType( 9777): No known package when getting name for resource number 0xffffffff
W/ResourceType( 9777): No known package when getting name for resource number 0xffffffff
W/ResourceType( 9777): No known package when getting name for resource number 0xffffffff
W/ResourceType( 9777): No known package when getting name for resource number 0xffffffff
W/ResourceType( 9777): No known package when getting name for resource number 0xffffffff
W/ResourceType( 9777): No known package when getting name for resource number 0xffffffff
W/ResourceType( 9777): No known package when getting name for resource number 0xffffffff
W/ResourceType( 9777): No known package when getting name for resource number 0xffffffff
I/WindowManager(  943): Destroying surface Surface(name=com.careerbuilder.SugarDrone/md5a4824aa66c0dc4d104077b72c1916a44.TermsAndConditionsActivity) called by com.android.server.wm.WindowStateAnimator.destroySurface:2014 com.android.server.wm.WindowStateAnimator.destroySurfaceLocked:881 com.android.server.wm.WindowState.destroyOrSaveSurface:2073 com.android.server.wm.AppWindowToken.destroySurfaces:363 com.android.server.wm.AppWindowToken.notifyAppStopped:389 com.android.server.wm.WindowManagerService.notifyAppStopped:4456 com.android.server.am.ActivityStack.activityStoppedLocked:1252 com.android.server.am.ActivityManagerService.activityStopped:6873 
I/WindowManager(  943): Destroying surface Surface(name=com.careerbuilder.SugarDrone/md5a4824aa66c0dc4d104077b72c1916a44.TermsAndConditionsActivity) called by com.android.server.wm.WindowStateAnimator.destroySurface:2014 com.android.server.wm.WindowStateAnimator.destroySurfaceLocked:881 com.android.server.wm.WindowState.destroyOrSaveSurface:2073 com.android.server.wm.AppWindowToken.destroySurfaces:363 com.android.server.wm.AppWindowToken.notifyAppStopped:389 com.android.server.wm.WindowManagerService.notifyAppStopped:4456 com.android.server.am.ActivityStack.activityStoppedLocked:1252 com.android.server.am.ActivityManagerService.activityStopped:6873 
W/SurfaceFlinger(  401): couldn't log to binary event log: overflow.
I/System.out( 9777): URI: /
I/System.out( 9777): params: {json={"command":"touch_coordinate","arguments":[1017.0,136.0]}
I/System.out( 9777): }
I/System.out( 9777): header: {content-type=application/json; charset=utf-8, connection=close, host=devicehost156.prod, x-session-token=token-token-6fbb36ef-ba73-47c6-85f9-5be3cffe93d1, content-length=57, x-forwarded-for=10.222.150.26}
I/System.out( 9777): params: {json={"command":"touch_coordinate","arguments":[1017.0,136.0]}
I/System.out( 9777): }
I/System.out( 9777): ProP json = {"command":"touch_coordinate","arguments":[1017.0,136.0]}
I/System.out( 9777): files: {}
I/System.out( 9777): command: {"command":"touch_coordinate","arguments":[1017.0,136.0]}
I/InstrumentationBackend( 9777): Got command:'Command:'Line:null,touch_coordinate', arguments:'[1017.0, 136.0]'
D/audio_hw_primary(  505): select_devices: changing use case low-latency-playback output device from(0: none, acdb -1) to (2: speaker, acdb 14)
I/TextInputLayout( 9777): EditText added is not a TextInputEditText. Please switch to using that class instead.
I/TextInputLayout( 9777): EditText added is not a TextInputEditText. Please switch to using that class instead.
I/System.out( 9777): result:{"bonusInformation":[],"message":"","success":true}
D/Mono    ( 9777): Assembly Ref addref CareerBuilder_Search.Droid[0xd9e183e0] -> Plugin.Geolocator[0xd9e18800]: 2
D/Mono    ( 9777): Assembly Ref addref Plugin.Geolocator[0xd9e18800] -> mscorlib[0xd9e18380]: 50
D/Mono    ( 9777): Assembly Ref addref Plugin.Geolocator[0xd9e18800] -> Plugin.Geolocator.Abstractions[0xd9e18860]: 3
D/Mono    ( 9777): Assembly Ref addref Plugin.Geolocator[0xd9e18800] -> Mono.Android[0xd9e192e0]: 23
D/Mono    ( 9777): Unloading image System.Runtime.dll [0xc1b6e700].
D/Mono    ( 9777): Image addref System.Runtime[0xc1e230a0] -> System.Runtime.dll[0xdef8be00]: 14
