<![CDATA[
]]><xtc-scenario name="[0-1057]CareerBuilder_Search.DroidFeatureTests.MyCBNavigationTests.ClickingMyJobsTabShowsMyJobsFragment" id="[0-1057]CareerBuilder_Search.DroidFeatureTests.MyCBNavigationTests.ClickingMyJobsTabShowsMyJobsFragment"><![CDATA[

]]><xtc-step name="[0-1057]CareerBuilder_Search.DroidFeatureTests.MyCBNavigationTests.ClickingMyJobsTabShowsMyJobsFragment-ClickingMyJobsTabShowsMyJobsFragment" id="[0-1057]CareerBuilder_Search.DroidFeatureTests.MyCBNavigationTests.ClickingMyJobsTabShowsMyJobsFragment-ClickingMyJobsTabShowsMyJobsFragment"><![CDATA[
D/AndroidRuntime(18181): >>>>>> START com.android.internal.os.RuntimeInit uid 2000 <<<<<<
D/AndroidRuntime(18181): CheckJNI is OFF
D/ICU     (18181): No timezone override file found: /data/misc/zoneinfo/current/icu/icu_tzdata.dat
I/Radio-JNI(18181): register_android_hardware_Radio DONE
D/AndroidRuntime(18181): Calling main entry com.android.commands.pm.Pm
I/art     (18181): System.exit called, status: 0
I/AndroidRuntime(18181): VM exiting with result code 0.
W/MessageQueue(18181): Handler (android.os.Handler) {8141e88} sending message to a Handler on a dead thread
W/MessageQueue(18181): java.lang.IllegalStateException: Handler (android.os.Handler) {8141e88} sending message to a Handler on a dead thread
W/MessageQueue(18181): 	at android.os.MessageQueue.enqueueMessage(MessageQueue.java:543)
W/MessageQueue(18181): 	at android.os.Handler.enqueueMessage(Handler.java:643)
W/MessageQueue(18181): 	at android.os.Handler.sendMessageAtTime(Handler.java:612)
W/MessageQueue(18181): 	at android.os.Handler.sendMessageDelayed(Handler.java:582)
W/MessageQueue(18181): 	at android.os.Handler.post(Handler.java:338)
W/MessageQueue(18181): 	at android.os.ResultReceiver$MyResultReceiver.send(ResultReceiver.java:57)
W/MessageQueue(18181): 	at com.android.internal.os.IResultReceiver$Stub.onTransact(IResultReceiver.java:58)
W/MessageQueue(18181): 	at android.os.Binder.execTransact(Binder.java:565)
I/DownloadManagerWrapper( 3009): onReceive() : Charging = true
I/DownloadManagerWrapper( 3009): onReceive() : Charging = true
I/ActivityManager(  874): Killing 15540:com.android.musicfx/u0a29 (adj 906): empty #17
I/ActivityManager(  874): Killing 15602:com.google.android.apps.docs/u0a52 (adj 906): empty #17
I/ActivityManager(  874): Killing 15521:com.android.defcontainer/u0a11 (adj 906): empty #17
E/BatteryStatsService(  874): no controller energy info supplied
I/DownloadManagerWrapper( 3009): onReceive() : Charging = true
D/AndroidRuntime(19127): >>>>>> START com.android.internal.os.RuntimeInit uid 2000 <<<<<<
D/AndroidRuntime(19127): CheckJNI is OFF
D/ICU     (19127): No timezone override file found: /data/misc/zoneinfo/current/icu/icu_tzdata.dat
I/Radio-JNI(19127): register_android_hardware_Radio DONE
D/AndroidRuntime(19127): Calling main entry com.android.commands.am.Am
W/ActivityManager(  874): Invalid packageName: com.careerbuilder.SugarDrone
D/AndroidRuntime(19127): Shutting down VM
I/rmt_storage(  396): rmt_storage_connect_cb: clnt_h=0x2a conn_h=0x7017e2a000
I/rmt_storage(  396): rmt_storage_rw_iovec_cb: /boot/modem_fs1: clnt_h=0x2a: req_h=0x2a msg_id=3: R/W request received
I/rmt_storage(  396): wakelock acquired: 1, error no: 42
I/rmt_storage(  396): rmt_storage_client_thread: /boot/modem_fs1: clnt_h=0x2a Unblock worker thread (th_id: 481434924112)
I/rmt_storage(  396): rmt_storage_client_thread: /boot/modem_fs1: clnt_h=0x2a: req_h=0x2a msg_id=3: Bytes written = 1572864
I/rmt_storage(  396): rmt_storage_client_thread: /boot/modem_fs1: clnt_h=0x2a: req_h=0x2a msg_id=3: Send response: res=0 err=0
I/rmt_storage(  396): rmt_storage_client_thread: /boot/modem_fs1: clnt_h=0x2a About to block rmt_storage client thread (th_id: 481434924112) wakelock released: 1, error no: 22
I/rmt_storage(  396): 
I/rmt_storage(  396): rmt_storage_disconnect_cb: clnt_h=0x2a conn_h=0x7017e2a000
D/AndroidRuntime(19627): >>>>>> START com.android.internal.os.RuntimeInit uid 2000 <<<<<<
D/AndroidRuntime(19627): CheckJNI is OFF
D/ICU     (19627): No timezone override file found: /data/misc/zoneinfo/current/icu/icu_tzdata.dat
I/Radio-JNI(19627): register_android_hardware_Radio DONE
D/AndroidRuntime(19627): Calling main entry com.android.commands.pm.Pm
I/        (  513): free_cache(71723834) avail 10836529152
I/ActivityManager(  874): Start proc 19665:com.android.defcontainer/u0a11 for service com.android.defcontainer/.DefaultContainerService
I/PackageManager.DexOptimizer(  874): Running dexopt (dex2oat) on: /data/app/vmdl1616186008.tmp/base.apk pkg=com.careerbuilder.SugarDrone isa=arm vmSafeMode=false debuggable=true target-filter=interpret-only oatDir = /data/app/vmdl1616186008.tmp/oat sharedLibraries=null
I/dex2oat (19681): /system/bin/dex2oat --compiler-filter=interpret-only -j4 --debuggable
W/dex2oat (19681): Before Android 4.1, method android.graphics.PorterDuffColorFilter android.support.graphics.drawable.VectorDrawableCompat.updateTintFilter(android.graphics.PorterDuffColorFilter, android.content.res.ColorStateList, android.graphics.PorterDuff$Mode) would have incorrectly overridden the package-private method in android.graphics.drawable.Drawable
W/dex2oat (19681): Before Android 4.1, method int android.support.v7.widget.ListViewCompat.lookForSelectablePosition(int, boolean) would have incorrectly overridden the package-private method in android.widget.ListView
I/dex2oat (19681): dex2oat took 1.649s (threads: 4) arena alloc=3KB (3712B) java alloc=4MB (5066792B) native alloc=6MB (7310904B) free=3MB (3174856B)
W/PackageManager(  874): Not granting permission android.permission.MANAGE_DOCUMENTS to package com.careerbuilder.SugarDrone (protectionLevel=2 flags=0x3808be46)
W/PackageManager(  874): Not granting permission android.permission.MOUNT_UNMOUNT_FILESYSTEMS to package com.careerbuilder.SugarDrone (protectionLevel=18 flags=0x3808be46)
V/BackupManagerService(  874): restoreAtInstall pkg=com.careerbuilder.SugarDrone token=5 restoreSet=0
V/BackupManagerService(  874): Finishing install immediately
I/art     (  874): Starting a blocking GC Explicit
I/art     (  874): Explicit concurrent mark sweep GC freed 92146(5MB) AllocSpace objects, 9(308KB) LOS objects, 33% free, 16MB/24MB, paused 1.556ms total 102.065ms
E/        (  513): Couldn't opendir /data/app/vmdl1616186008.tmp: No such file or directory
I/art     (19627): System.exit called, status: 0
I/AndroidRuntime(19627): VM exiting with result code 0.
I/InputReader(  874): Reconfiguring input devices.  changes=0x00000010
I/ActivityManager(  874): Start proc 19724:com.android.musicfx/u0a29 for broadcast com.android.musicfx/.Compatibility$Receiver
W/ActivityManager(  874): Permission Denial: Accessing service ComponentInfo{com.google.android.music/com.google.android.music.dial.DialMediaRouteProviderService} from pid=5324, uid=10085 that is not exported from uid 10071
D/CarrierSvcBindHelper( 3237): No carrier app for: 0
D/CarrierConfigLoader( 3237): mHandler: 9 phoneId: 0
D/RegisteredNfcFServicesCache( 4096): Service unchanged, not updating
W/System  (19724): ClassLoader referenced unknown path: /system/priv-app/MusicFX/lib/arm64
I/ActivityManager(  874): Start proc 19745:com.android.vending/u0a30 for broadcast com.android.vending/com.google.android.finsky.receivers.PackageMonitorReceiver$RegisteredReceiver
I/ActivityManager(  874): Killing 17390:com.google.android.gms.ui/u0a18 (adj 906): empty #17
W/System  (19745): ClassLoader referenced unknown path: /system/priv-app/Phonesky/lib/arm64
W/Finsky  (19745): [1] com.google.android.finsky.FinskyApp.i(1468): No account configured on this device.
W/Finsky  (19745): [1] com.google.android.finsky.FinskyApp.i(1468): No account configured on this device.
W/Finsky  (19745): [1] com.google.android.finsky.FinskyApp.i(1468): No account configured on this device.
W/Finsky  (19745): [1] com.google.android.finsky.FinskyApp.i(1468): No account configured on this device.
I/Finsky  (19745): [1] com.google.android.finsky.FinskyApp.onCreate(430): Initializing network with DFE https://android.clients.google.com/fdfe/
W/Finsky  (19745): [1] com.google.android.finsky.FinskyApp.i(1468): No account configured on this device.
W/Finsky  (19745): [1] com.google.android.finsky.FinskyApp.i(1468): No account configured on this device.
W/Finsky  (19745): [1] com.google.android.finsky.FinskyApp.i(1468): No account configured on this device.
W/Finsky  (19745): [1] com.google.android.finsky.FinskyApp.i(1468): No account configured on this device.
W/Finsky  (19745): [1] com.google.android.finsky.FinskyApp.i(1468): No account configured on this device.
W/Finsky  (19745): [1] com.google.android.finsky.FinskyApp.i(1468): No account configured on this device.
W/Finsky  (19745): [1] com.google.android.finsky.FinskyApp.i(1468): No account configured on this device.
W/Finsky  (19745): [1] com.google.android.finsky.FinskyApp.i(1468): No account configured on this device.
W/Finsky  (19745): [1] com.google.android.finsky.FinskyApp.i(1468): No account configured on this device.
I/Finsky  (19745): [1] com.google.android.finsky.services.DailyHygiene.a(171): No need to run daily hygiene.
W/Finsky  (19745): [1] com.google.android.finsky.FinskyApp.i(1468): No account configured on this device.
W/Settings(19745): Setting download_manager_max_bytes_over_mobile has moved from android.provider.Settings.Secure to android.provider.Settings.Global.
W/Settings(19745): Setting download_manager_recommended_max_bytes_over_mobile has moved from android.provider.Settings.Secure to android.provider.Settings.Global.
W/Finsky  (19745): [1] com.google.android.finsky.FinskyApp.i(1468): No account configured on this device.
W/Finsky  (19745): [1] com.google.android.finsky.FinskyApp.i(1468): No account configured on this device.
W/Finsky  (19745): [1] com.google.android.finsky.FinskyApp.i(1468): No account configured on this device.
W/Finsky  (19745): [1] com.google.android.finsky.FinskyApp.i(1468): No account configured on this device.
W/Finsky  (19745): [1] com.google.android.finsky.FinskyApp.i(1468): No account configured on this device.
W/Finsky  (19745): [1] com.google.android.finsky.FinskyApp.b(1150): No account configured on this device.
W/Finsky  (19745): [1] com.google.android.finsky.FinskyApp.i(1468): No account configured on this device.
W/Finsky  (19745): [420] com.google.android.finsky.FinskyApp.i(1468): No account configured on this device.
I/ActivityManager(  874): Start proc 19794:com.google.android.apps.docs/u0a52 for broadcast com.google.android.apps.docs/.receivers.AppPackageAddRemoveReceiver
W/System  (19794): ClassLoader referenced unknown path: /system/app/Drive/lib/arm64
I/Finsky  (19745): [1] com.google.android.finsky.receivers.j.a(1226): Installer kick - no action, not running yet
I/Finsky  (19745): [1] com.google.android.finsky.utils.PermissionPolicies$PermissionPolicyService.onStartCommand(117): post-install permissions check for com.careerbuilder.SugarDrone
W/Finsky  (19745): [1] com.google.android.finsky.FinskyApp.i(1468): No account configured on this device.
I/Finsky  (19745): [1] com.google.android.finsky.c.l.a(270): result=false type=4
I/Finsky  (19745): [1] com.google.android.finsky.utils.bh.run(2302): Package state data is missing for com.careerbuilder.SugarDrone
W/Finsky  (19745): [1] com.google.android.finsky.FinskyApp.i(1468): No account configured on this device.
W/Finsky  (19745): [420] com.google.android.finsky.FinskyApp.i(1468): No account configured on this device.
I/Finsky  (19745): [1] com.google.android.finsky.services.bc.a(1050): Restore complete with 0 success and 0 failed.
I/GAv4    (19794): Google Analytics 8.4.87 is starting up. To enable debug logging on a device run:
I/GAv4    (19794):   adb shell setprop log.tag.GAv4 DEBUG
I/GAv4    (19794):   adb logcat -s GAv4
W/GAv4    (19794): AnalyticsReceiver is not registered or is disabled. Register the receiver for reliable dispatching on non-Google Play devices. See http://goo.gl/8Rd3yj for instructions.
W/GAv4    (19794): CampaignTrackingReceiver is not registered, not exported or is disabled. Installation campaign tracking is not possible. See http://goo.gl/8Rd3yj for instructions.
W/GAv4    (19794): AnalyticsService not registered in the app manifest. Hits might not be delivered reliably. See http://goo.gl/8Rd3yj for instructions.
D/AndroidRuntime(19777): >>>>>> START com.android.internal.os.RuntimeInit uid 2000 <<<<<<
D/AndroidRuntime(19777): CheckJNI is OFF
I/ActivityManager(  874): Killing 17571:com.android.connectivity.metrics/u0a7 (adj 906): empty #17
D/ICU     (19777): No timezone override file found: /data/misc/zoneinfo/current/icu/icu_tzdata.dat
I/Radio-JNI(19777): register_android_hardware_Radio DONE
I/UpdateIcingCorporaServi(15658): Updating corpora: APPS=com.careerbuilder.SugarDrone, CONTACTS=MAYBE
D/AndroidRuntime(19777): Calling main entry com.android.commands.settings.SettingsCmd
D/AndroidRuntime(19777): Shutting down VM
D/Wear_Controller( 4324): Received broadcast action=android.intent.action.PACKAGE_ADDED and uri=com.careerbuilder.SugarDrone
I/PeopleContactsSync( 4324): triggerPendingContactsCleanup: no accounts
I/Icing   ( 4324): Usage reports 0 indexed 0 rejected 0 imm upload true
W/IcingInternalCorpora( 4324): getNumBytesRead when not calculated.
I/Icing   ( 4324): Usage reports 0 indexed 0 rejected 0 imm upload false
I/Icing   ( 4324): Usage reports 0 indexed 0 rejected 0 imm upload false
I/UpdateIcingCorporaServi(15658): UpdateCorporaTask done [took 156 ms] updated apps [took 156 ms] 
D/AndroidRuntime(19862): >>>>>> START com.android.internal.os.RuntimeInit uid 2000 <<<<<<
D/AndroidRuntime(19862): CheckJNI is OFF
D/ICU     (19862): No timezone override file found: /data/misc/zoneinfo/current/icu/icu_tzdata.dat
I/Radio-JNI(19862): register_android_hardware_Radio DONE
D/AndroidRuntime(19862): Calling main entry com.android.commands.settings.SettingsCmd
D/AndroidRuntime(19862): Shutting down VM
I/Icing   ( 4324): Indexing 4014A56CC70DB8E2593A10EDFFF07111EF3E4CE6 from com.google.android.googlequicksearchbox
D/AndroidRuntime(19886): >>>>>> START com.android.internal.os.RuntimeInit uid 2000 <<<<<<
D/AndroidRuntime(19886): CheckJNI is OFF
I/Icing   ( 4324): Indexing done 4014A56CC70DB8E2593A10EDFFF07111EF3E4CE6
I/Icing   ( 4324): Indexing 96DC9E7113325809EBAEED70AB073E932C7E2402 from com.google.android.gms
D/ICU     (19886): No timezone override file found: /data/misc/zoneinfo/current/icu/icu_tzdata.dat
I/Icing   ( 4324): Indexing done 96DC9E7113325809EBAEED70AB073E932C7E2402
I/Radio-JNI(19886): register_android_hardware_Radio DONE
D/AndroidRuntime(19886): Calling main entry com.android.commands.settings.SettingsCmd
D/AndroidRuntime(19886): Shutting down VM
D/AndroidRuntime(19908): >>>>>> START com.android.internal.os.RuntimeInit uid 2000 <<<<<<
D/AndroidRuntime(19908): CheckJNI is OFF
D/ICU     (19908): No timezone override file found: /data/misc/zoneinfo/current/icu/icu_tzdata.dat
I/Radio-JNI(19908): register_android_hardware_Radio DONE
D/AndroidRuntime(19908): Calling main entry com.android.commands.settings.SettingsCmd
D/AndroidRuntime(19908): Shutting down VM
D/AndroidRuntime(19929): >>>>>> START com.android.internal.os.RuntimeInit uid 2000 <<<<<<
D/AndroidRuntime(19929): CheckJNI is OFF
D/ICU     (19929): No timezone override file found: /data/misc/zoneinfo/current/icu/icu_tzdata.dat
I/Radio-JNI(19929): register_android_hardware_Radio DONE
D/AndroidRuntime(19929): Calling main entry com.android.commands.settings.SettingsCmd
D/AndroidRuntime(19929): Shutting down VM
D/AndroidRuntime(19956): >>>>>> START com.android.internal.os.RuntimeInit uid 2000 <<<<<<
D/AndroidRuntime(19956): CheckJNI is OFF
D/ICU     (19956): No timezone override file found: /data/misc/zoneinfo/current/icu/icu_tzdata.dat
I/Radio-JNI(19956): register_android_hardware_Radio DONE
D/AndroidRuntime(19956): Calling main entry com.android.commands.pm.Pm
I/art     (19956): System.exit called, status: 0
I/AndroidRuntime(19956): VM exiting with result code 0.
W/MessageQueue(19956): Handler (android.os.Handler) {ec783fa} sending message to a Handler on a dead thread
W/MessageQueue(19956): java.lang.IllegalStateException: Handler (android.os.Handler) {ec783fa} sending message to a Handler on a dead thread
W/MessageQueue(19956): 	at android.os.MessageQueue.enqueueMessage(MessageQueue.java:543)
W/MessageQueue(19956): 	at android.os.Handler.enqueueMessage(Handler.java:643)
W/MessageQueue(19956): 	at android.os.Handler.sendMessageAtTime(Handler.java:612)
W/MessageQueue(19956): 	at android.os.Handler.sendMessageDelayed(Handler.java:582)
W/MessageQueue(19956): 	at android.os.Handler.post(Handler.java:338)
W/MessageQueue(19956): 	at android.os.ResultReceiver$MyResultReceiver.send(ResultReceiver.java:57)
W/MessageQueue(19956): 	at com.android.internal.os.IResultReceiver$Stub.onTransact(IResultReceiver.java:58)
W/MessageQueue(19956): 	at android.os.Binder.execTransact(Binder.java:565)
D/AndroidRuntime(20011): >>>>>> START com.android.internal.os.RuntimeInit uid 2000 <<<<<<
D/AndroidRuntime(20011): CheckJNI is OFF
D/ICU     (20011): No timezone override file found: /data/misc/zoneinfo/current/icu/icu_tzdata.dat
I/Radio-JNI(20011): register_android_hardware_Radio DONE
D/AndroidRuntime(20011): Calling main entry com.android.commands.pm.Pm
I/art     (20011): System.exit called, status: 0
I/AndroidRuntime(20011): VM exiting with result code 0.
W/MessageQueue(20011): Handler (android.os.Handler) {60a1474} sending message to a Handler on a dead thread
W/MessageQueue(20011): java.lang.IllegalStateException: Handler (android.os.Handler) {60a1474} sending message to a Handler on a dead thread
W/MessageQueue(20011): 	at android.os.MessageQueue.enqueueMessage(MessageQueue.java:543)
W/MessageQueue(20011): 	at android.os.Handler.enqueueMessage(Handler.java:643)
W/MessageQueue(20011): 	at android.os.Handler.sendMessageAtTime(Handler.java:612)
W/MessageQueue(20011): 	at android.os.Handler.sendMessageDelayed(Handler.java:582)
W/MessageQueue(20011): 	at android.os.Handler.post(Handler.java:338)
W/MessageQueue(20011): 	at android.os.ResultReceiver$MyResultReceiver.send(ResultReceiver.java:57)
W/MessageQueue(20011): 	at com.android.internal.os.IResultReceiver$Stub.onTransact(IResultReceiver.java:58)
W/MessageQueue(20011): 	at android.os.Binder.execTransact(Binder.java:565)
E/BatteryStatsService(  874): no controller energy info supplied
I/DownloadManagerWrapper( 3009): onReceive() : Charging = true
D/AndroidRuntime(20092): >>>>>> START com.android.internal.os.RuntimeInit uid 2000 <<<<<<
D/AndroidRuntime(20092): CheckJNI is OFF
D/ICU     (20092): No timezone override file found: /data/misc/zoneinfo/current/icu/icu_tzdata.dat
I/Radio-JNI(20092): register_android_hardware_Radio DONE
D/AndroidRuntime(20092): Calling main entry com.android.commands.am.Am
W/ActivityManager(  874): Invalid packageName: com.careerbuilder.SugarDrone.test
D/AndroidRuntime(20092): Shutting down VM
D/AndroidRuntime(20120): >>>>>> START com.android.internal.os.RuntimeInit uid 2000 <<<<<<
D/AndroidRuntime(20120): CheckJNI is OFF
D/ICU     (20120): No timezone override file found: /data/misc/zoneinfo/current/icu/icu_tzdata.dat
I/Radio-JNI(20120): register_android_hardware_Radio DONE
D/AndroidRuntime(20120): Calling main entry com.android.commands.pm.Pm
I/        (  513): free_cache(609973) avail 10824708096
I/PackageManager.DexOptimizer(  874): Running dexopt (dex2oat) on: /data/app/vmdl947147541.tmp/base.apk pkg=com.careerbuilder.SugarDrone.test isa=arm64 vmSafeMode=false debuggable=false target-filter=interpret-only oatDir = /data/app/vmdl947147541.tmp/oat sharedLibraries=/system/framework/android.test.runner.jar:/system/framework/com.google.android.maps.jar
I/dex2oat (20144): /system/bin/dex2oat --compiler-filter=interpret-only -j4
I/dex2oat (20144): dex2oat took 509.110ms (threads: 4) arena alloc=184KB (188728B) java alloc=2MB (2260984B) native alloc=2MB (2696408B) free=1974KB (2022184B)
W/PackageManager(  874): Not granting permission android.permission.ACCESS_MOCK_LOCATION to package com.careerbuilder.SugarDrone.test (protectionLevel=2 flags=0x1800be44)
V/BackupManagerService(  874): restoreAtInstall pkg=com.careerbuilder.SugarDrone.test token=6 restoreSet=0
V/BackupManagerService(  874): Finishing install immediately
I/art     (  874): Starting a blocking GC Explicit
I/art     (  874): Explicit concurrent mark sweep GC freed 68004(4MB) AllocSpace objects, 67(3MB) LOS objects, 33% free, 16MB/24MB, paused 1.669ms total 100.517ms
E/        (  513): Couldn't opendir /data/app/vmdl947147541.tmp: No such file or directory
I/InputReader(  874): Reconfiguring input devices.  changes=0x00000010
I/art     (20120): System.exit called, status: 0
I/AndroidRuntime(20120): VM exiting with result code 0.
W/ActivityManager(  874): Permission Denial: Accessing service ComponentInfo{com.google.android.music/com.google.android.music.dial.DialMediaRouteProviderService} from pid=5324, uid=10085 that is not exported from uid 10071
D/CarrierSvcBindHelper( 3237): No carrier app for: 0
D/CarrierConfigLoader( 3237): mHandler: 9 phoneId: 0
D/RegisteredNfcFServicesCache( 4096): Service unchanged, not updating
I/Finsky  (19745): [1] com.google.android.finsky.utils.PermissionPolicies$PermissionPolicyService.onStartCommand(117): post-install permissions check for com.careerbuilder.SugarDrone.test
W/Finsky  (19745): [1] com.google.android.finsky.FinskyApp.i(1468): No account configured on this device.
I/Finsky  (19745): [1] com.google.android.finsky.utils.bh.run(2302): Package state data is missing for com.careerbuilder.SugarDrone.test
W/Finsky  (19745): [1] com.google.android.finsky.FinskyApp.i(1468): No account configured on this device.
I/UpdateIcingCorporaServi(15658): Updating corpora: APPS=com.careerbuilder.SugarDrone.test, CONTACTS=MAYBE
I/UpdateIcingCorporaServi(15658): UpdateCorporaTask done [took 29 ms] updated apps [took 29 ms] 
D/Wear_Controller( 4324): Received broadcast action=android.intent.action.PACKAGE_ADDED and uri=com.careerbuilder.SugarDrone.test
I/PeopleContactsSync( 4324): triggerPendingContactsCleanup: no accounts
W/IcingInternalCorpora( 4324): getNumBytesRead when not calculated.
I/art     ( 4324): Waiting for a blocking GC DisableMovingGc
I/art     ( 4324): Waiting for a blocking GC DisableMovingGc
I/art     ( 4324): WaitForGcToComplete blocked for 6.755ms for cause DisableMovingGc
I/art     ( 4324): Starting a blocking GC DisableMovingGc
I/art     ( 4324): WaitForGcToComplete blocked for 7.141ms for cause DisableMovingGc
I/art     ( 4324): Starting a blocking GC DisableMovingGc
I/Icing   ( 4324): Usage reports 0 indexed 0 rejected 0 imm upload false
I/Icing   ( 4324): Usage reports 0 indexed 0 rejected 0 imm upload false
D/AndroidRuntime(20191): >>>>>> START com.android.internal.os.RuntimeInit uid 2000 <<<<<<
D/AndroidRuntime(20191): CheckJNI is OFF
D/ICU     (20191): No timezone override file found: /data/misc/zoneinfo/current/icu/icu_tzdata.dat
I/Radio-JNI(20191): register_android_hardware_Radio DONE
D/AndroidRuntime(20191): Calling main entry com.android.commands.settings.SettingsCmd
D/AndroidRuntime(20191): Shutting down VM
D/AndroidRuntime(20213): >>>>>> START com.android.internal.os.RuntimeInit uid 2000 <<<<<<
D/AndroidRuntime(20213): CheckJNI is OFF
D/ICU     (20213): No timezone override file found: /data/misc/zoneinfo/current/icu/icu_tzdata.dat
I/Icing   ( 4324): Indexing 96DC9E7113325809EBAEED70AB073E932C7E2402 from com.google.android.gms
I/Icing   ( 4324): Indexing done 96DC9E7113325809EBAEED70AB073E932C7E2402
I/Radio-JNI(20213): register_android_hardware_Radio DONE
D/AndroidRuntime(20213): Calling main entry com.android.commands.settings.SettingsCmd
D/AndroidRuntime(20213): Shutting down VM
V/JNIHelp (19794): Registering com/google/android/gms/org/conscrypt/NativeCrypto's 242 native methods...
D/NetworkSecurityConfig(19794): No Network Security Config specified, using platform default
I/ProviderInstaller(19794): Installed default security provider GmsCore_OpenSSL
D/AndroidRuntime(20238): >>>>>> START com.android.internal.os.RuntimeInit uid 2000 <<<<<<
D/AndroidRuntime(20238): CheckJNI is OFF
D/ICU     (20238): No timezone override file found: /data/misc/zoneinfo/current/icu/icu_tzdata.dat
I/Radio-JNI(20238): register_android_hardware_Radio DONE
D/AndroidRuntime(20238): Calling main entry com.android.commands.settings.SettingsCmd
D/AndroidRuntime(20238): Shutting down VM
D/AndroidRuntime(20261): >>>>>> START com.android.internal.os.RuntimeInit uid 2000 <<<<<<
D/AndroidRuntime(20261): CheckJNI is OFF
D/ICU     (20261): No timezone override file found: /data/misc/zoneinfo/current/icu/icu_tzdata.dat
I/Radio-JNI(20261): register_android_hardware_Radio DONE
D/AndroidRuntime(20261): Calling main entry com.android.commands.settings.SettingsCmd
D/AndroidRuntime(20261): Shutting down VM
D/AndroidRuntime(20283): >>>>>> START com.android.internal.os.RuntimeInit uid 2000 <<<<<<
D/AndroidRuntime(20283): CheckJNI is OFF
D/ICU     (20283): No timezone override file found: /data/misc/zoneinfo/current/icu/icu_tzdata.dat
I/Radio-JNI(20283): register_android_hardware_Radio DONE
D/AndroidRuntime(20283): Calling main entry com.android.commands.settings.SettingsCmd
D/AndroidRuntime(20283): Shutting down VM
D/AndroidRuntime(20310): >>>>>> START com.android.internal.os.RuntimeInit uid 2000 <<<<<<
D/AndroidRuntime(20310): CheckJNI is OFF
D/ICU     (20310): No timezone override file found: /data/misc/zoneinfo/current/icu/icu_tzdata.dat
I/Radio-JNI(20310): register_android_hardware_Radio DONE
D/AndroidRuntime(20310): Calling main entry com.android.commands.pm.Pm
I/art     (20310): System.exit called, status: 0
I/AndroidRuntime(20310): VM exiting with result code 0.
W/MessageQueue(20310): Handler (android.os.Handler) {314565c} sending message to a Handler on a dead thread
W/MessageQueue(20310): java.lang.IllegalStateException: Handler (android.os.Handler) {314565c} sending message to a Handler on a dead thread
W/MessageQueue(20310): 	at android.os.MessageQueue.enqueueMessage(MessageQueue.java:543)
W/MessageQueue(20310): 	at android.os.Handler.enqueueMessage(Handler.java:643)
W/MessageQueue(20310): 	at android.os.Handler.sendMessageAtTime(Handler.java:612)
W/MessageQueue(20310): 	at android.os.Handler.sendMessageDelayed(Handler.java:582)
W/MessageQueue(20310): 	at android.os.Handler.post(Handler.java:338)
W/MessageQueue(20310): 	at android.os.ResultReceiver$MyResultReceiver.send(ResultReceiver.java:57)
W/MessageQueue(20310): 	at com.android.internal.os.IResultReceiver$Stub.onTransact(IResultReceiver.java:58)
W/MessageQueue(20310): 	at android.os.Binder.execTransact(Binder.java:565)
D/AndroidRuntime(20364): >>>>>> START com.android.internal.os.RuntimeInit uid 2000 <<<<<<
D/AndroidRuntime(20364): CheckJNI is OFF
D/ICU     (20364): No timezone override file found: /data/misc/zoneinfo/current/icu/icu_tzdata.dat
I/Radio-JNI(20364): register_android_hardware_Radio DONE
D/AndroidRuntime(20364): Calling main entry com.android.commands.pm.Pm
I/art     (20364): System.exit called, status: 0
I/AndroidRuntime(20364): VM exiting with result code 0.
W/MessageQueue(20364): Handler (android.os.Handler) {5f82f13} sending message to a Handler on a dead thread
W/MessageQueue(20364): java.lang.IllegalStateException: Handler (android.os.Handler) {5f82f13} sending message to a Handler on a dead thread
W/MessageQueue(20364): 	at android.os.MessageQueue.enqueueMessage(MessageQueue.java:543)
W/MessageQueue(20364): 	at android.os.Handler.enqueueMessage(Handler.java:643)
W/MessageQueue(20364): 	at android.os.Handler.sendMessageAtTime(Handler.java:612)
W/MessageQueue(20364): 	at android.os.Handler.sendMessageDelayed(Handler.java:582)
W/MessageQueue(20364): 	at android.os.Handler.post(Handler.java:338)
W/MessageQueue(20364): 	at android.os.ResultReceiver$MyResultReceiver.send(ResultReceiver.java:57)
W/MessageQueue(20364): 	at com.android.internal.os.IResultReceiver$Stub.onTransact(IResultReceiver.java:58)
W/MessageQueue(20364): 	at android.os.Binder.execTransact(Binder.java:565)
I/DownloadManagerWrapper( 3009): onReceive() : Charging = true
D/AndroidRuntime(20433): >>>>>> START com.android.internal.os.RuntimeInit uid 2000 <<<<<<
D/AndroidRuntime(20433): CheckJNI is OFF
D/ICU     (20433): No timezone override file found: /data/misc/zoneinfo/current/icu/icu_tzdata.dat
I/Radio-JNI(20433): register_android_hardware_Radio DONE
D/AndroidRuntime(20433): Calling main entry com.android.commands.input.Input
I/Input   (20433): injectKeyEvent: KeyEvent { action=ACTION_DOWN, keyCode=KEYCODE_BACK, scanCode=0, metaState=0, flags=0x0, repeatCount=0, eventTime=154878766, downTime=154878766, deviceId=-1, source=0x101 }
I/Input   (20433): injectKeyEvent: KeyEvent { action=ACTION_UP, keyCode=KEYCODE_BACK, scanCode=0, metaState=0, flags=0x0, repeatCount=0, eventTime=154878766, downTime=154878766, deviceId=-1, source=0x101 }
D/AndroidRuntime(20433): Shutting down VM
D/AndroidRuntime(20488): >>>>>> START com.android.internal.os.RuntimeInit uid 2000 <<<<<<
D/AndroidRuntime(20488): CheckJNI is OFF
D/ICU     (20488): No timezone override file found: /data/misc/zoneinfo/current/icu/icu_tzdata.dat
I/Radio-JNI(20488): register_android_hardware_Radio DONE
D/AndroidRuntime(20488): Calling main entry com.android.commands.input.Input
I/Input   (20488): injectKeyEvent: KeyEvent { action=ACTION_DOWN, keyCode=KEYCODE_HOME, scanCode=0, metaState=0, flags=0x0, repeatCount=0, eventTime=154880409, downTime=154880409, deviceId=-1, source=0x101 }
I/Input   (20488): injectKeyEvent: KeyEvent { action=ACTION_UP, keyCode=KEYCODE_HOME, scanCode=0, metaState=0, flags=0x0, repeatCount=0, eventTime=154880409, downTime=154880409, deviceId=-1, source=0x101 }
I/ActivityManager(  874): START u0 {act=android.intent.action.MAIN cat=[android.intent.category.HOME] flg=0x10200000 cmp=com.google.android.googlequicksearchbox/com.google.android.launcher.GEL (has extras)} from uid 1000 on display 0
D/AndroidRuntime(20488): Shutting down VM
W/SearchService(15658): Abort, client detached.
I/GEL     ( 4139): handleIntent(Intent { act=android.intent.action.MAIN cat=[android.intent.category.HOME] flg=0x10200000 cmp=com.google.android.googlequicksearchbox/com.google.android.launcher.GEL (has extras) })
I/ActivityManager(  874): Killing 17594:com.google.android.configupdater/u0a6 (adj 906): empty #17
I/DeviceStateChecker(15658): DeviceStateChecker cancelled
I/MicroDetector(15658): Keeping mic open: false
I/MicrophoneInputStream(15658): mic_close com.google.android.apps.gsa.speech.audio.ah@34cf924
E/AudioRecord-JNI(15658): Error -4 during AudioRecord native read
D/sound_trigger_platform(  509): platform_stdev_check_and_update_concurrency: concurrency active 0, tx 0, rx 0, concurrency session_allowed 1
I/SoundTriggerHwService::Module(  509): void android::SoundTriggerHwService::Module::onCallbackEvent(const sp<android::SoundTriggerHwService::CallbackEvent> &) mClient == 0
I/MicroRecognitionRunner(15658): Stopping hotword detection.
I/MicroRecognitionRunner(15658): Detection finished
W/LocationOracle(15658): Best location was null
I/MicroDetectionWorker(15658): Micro detection mode: [mDetectionMode: [1]].
I/MicroRecognitionRunner(15658): Starting detection.
I/MicrophoneInputStream(15658): mic_starting com.google.android.apps.gsa.speech.audio.ah@8b1b5a2
I/AudioFlinger(  509): AudioFlinger's thread 0xee89f000 ready to run
I/SoundTriggerHwService::Module(  509): void android::SoundTriggerHwService::Module::onCallbackEvent(const sp<android::SoundTriggerHwService::CallbackEvent> &) mClient == 0
I/MicrophoneInputStream(15658): mic_started com.google.android.apps.gsa.speech.audio.ah@8b1b5a2
E/audio_route(  509): unable to find path 'set-capture-format-default'
D/sound_trigger_platform(  509): platform_stdev_check_and_update_concurrency: concurrency active 0, tx 1, rx 0, concurrency session_allowed 0
I/MicroDetectionWorker(15658): onReady
D/WifiService(  874): acquireWifiLockLocked: WifiLock{NlpWifiLock type=2 uid=10018}
D/AndroidRuntime(20530): >>>>>> START com.android.internal.os.RuntimeInit uid 2000 <<<<<<
D/AndroidRuntime(20530): CheckJNI is OFF
D/ICU     (20530): No timezone override file found: /data/misc/zoneinfo/current/icu/icu_tzdata.dat
I/Radio-JNI(20530): register_android_hardware_Radio DONE
D/AndroidRuntime(20530): Calling main entry com.android.commands.input.Input
I/Input   (20530): injectKeyEvent: KeyEvent { action=ACTION_DOWN, keyCode=KEYCODE_BACK, scanCode=0, metaState=0, flags=0x0, repeatCount=0, eventTime=154881558, downTime=154881558, deviceId=-1, source=0x101 }
I/Input   (20530): injectKeyEvent: KeyEvent { action=ACTION_UP, keyCode=KEYCODE_BACK, scanCode=0, metaState=0, flags=0x0, repeatCount=0, eventTime=154881558, downTime=154881558, deviceId=-1, source=0x101 }
D/AndroidRuntime(20530): Shutting down VM
I/ThermalEngine(  505): ACTION: LCD - Setting max LCD brightness to 232
D/WifiService(  874): releaseWifiLockLocked: WifiLock{NlpWifiLock type=2 uid=10018}
D/AndroidRuntime(20571): >>>>>> START com.android.internal.os.RuntimeInit uid 2000 <<<<<<
D/AndroidRuntime(20571): CheckJNI is OFF
D/ICU     (20571): No timezone override file found: /data/misc/zoneinfo/current/icu/icu_tzdata.dat
I/Radio-JNI(20571): register_android_hardware_Radio DONE
D/AndroidRuntime(20571): Calling main entry com.android.commands.am.Am
I/ActivityManager(  874): Force stopping com.careerbuilder.SugarDrone appid=12874 user=0: start instr
I/art     (20593): Late-enabling -Xcheck:jni
I/ActivityManager(  874): Start proc 20593:com.careerbuilder.SugarDrone/u0a2874 for added application com.careerbuilder.SugarDrone
W/System  (20593): ClassLoader referenced unknown path: /data/app/com.careerbuilder.SugarDrone.test-1/lib/arm64
W/System  (20593): ClassLoader referenced unknown path: 
W/monodroid(20593): Using override path: /data/user/0/com.careerbuilder.SugarDrone/files/.__override__
W/monodroid(20593): Trying to load sgen from: /data/user/0/com.careerbuilder.SugarDrone/files/.__override__/libmonosgen-2.0.so
W/monodroid(20593): Trying to load sgen from: /storage/emulated/0/Android/data/com.careerbuilder.SugarDrone/files/.__override__/libmonosgen-2.0.so
W/monodroid(20593): Trying to load sgen from: /data/app/com.careerbuilder.SugarDrone-1/lib/arm/libmonosgen-2.0.so
D/Mono    (20593): Image addref mscorlib[0xe4773a20] -> mscorlib.dll[0xe4754400]: 2
D/Mono    (20593): Prepared to set up assembly 'mscorlib' (mscorlib.dll)
D/Mono    (20593): AOT module 'mscorlib.dll.so' not found: dlopen failed: library "/data/app/com.careerbuilder.SugarDrone-1/lib/arm/libaot-mscorlib.dll.so" not found
D/Mono    (20593): AOT module '/Users/builder/data/lanes/4009/f3074d2c/source/monodroid/builds/install/mono-armv6/lib/mono/aot-cache/arm/mscorlib.dll.so' not found: dlopen failed: library "/data/app/com.careerbuilder.SugarDrone-1/lib/arm/libaot-mscorlib.dll.so" not found
D/Mono    (20593): Config attempting to parse: 'mscorlib.dll.config'.
D/Mono    (20593): Config attempting to parse: '/Users/builder/data/lanes/4009/f3074d2c/source/monodroid/builds/install/mono-armv6/etc/mono/assemblies/mscorlib/mscorlib.config'.
D/Mono    (20593): Assembly mscorlib[0xe4773a20] added to domain RootDomain, ref_count=1
D/Mono    (20593): Image addref CareerBuilder_Search.Droid[0xe4773cc0] -> CareerBuilder_Search.Droid.dll[0xe4755300]: 2
D/Mono    (20593): Prepared to set up assembly 'CareerBuilder_Search.Droid' (CareerBuilder_Search.Droid.dll)
D/Mono    (20593): Assembly CareerBuilder_Search.Droid[0xe4773cc0] added to domain RootDomain, ref_count=1
D/Mono    (20593): AOT module 'CareerBuilder_Search.Droid.dll.so' not found: dlopen failed: library "/data/app/com.careerbuilder.SugarDrone-1/lib/arm/libaot-CareerBuilder_Search.Droid.dll.so" not found
D/Mono    (20593): AOT module '/Users/builder/data/lanes/4009/f3074d2c/source/monodroid/builds/install/mono-armv6/lib/mono/aot-cache/arm/CareerBuilder_Search.Droid.dll.so' not found: dlopen failed: library "/data/app/com.careerbuilder.SugarDrone-1/lib/arm/libaot-CareerBuilder_Search.Droid.dll.so" not found
D/Mono    (20593): Config attempting to parse: 'CareerBuilder_Search.Droid.dll.config'.
D/Mono    (20593): Config attempting to parse: '/Users/builder/data/lanes/4009/f3074d2c/source/monodroid/builds/install/mono-armv6/etc/mono/assemblies/CareerBuilder_Search.Droid/CareerBuilder_Search.Droid.config'.
D/Mono    (20593): Image addref AppsFlyerXamarinBindingAndroid[0xe4773f00] -> AppsFlyerXamarinBindingAndroid.dll[0xe4755800]: 2
D/Mono    (20593): Prepared to set up assembly 'AppsFlyerXamarinBindingAndroid' (AppsFlyerXamarinBindingAndroid.dll)
D/Mono    (20593): Assembly AppsFlyerXamarinBindingAndroid[0xe4773f00] added to domain RootDomain, ref_count=1
D/Mono    (20593): AOT module 'AppsFlyerXamarinBindingAndroid.dll.so' not found: dlopen failed: library "/data/app/com.careerbuilder.SugarDrone-1/lib/arm/libaot-AppsFlyerXamarinBindingAndroid.dll.so" not found
D/Mono    (20593): AOT module '/Users/builder/data/lanes/4009/f3074d2c/source/monodroid/builds/install/mono-armv6/lib/mono/aot-cache/arm/AppsFlyerXamarinBindingAndroid.dll.so' not found: dlopen failed: library "/data/app/com.careerbuilder.SugarDrone-1/lib/arm/libaot-AppsFlyerXamarinBindingAndroid.dll.so" not found
D/Mono    (20593): Config attempting to parse: 'AppsFlyerXamarinBindingAndroid.dll.config'.
D/Mono    (20593): Config attempting to parse: '/Users/builder/data/lanes/4009/f3074d2c/source/monodroid/builds/install/mono-armv6/etc/mono/assemblies/AppsFlyerXamarinBindingAndroid/AppsFlyerXamarinBindingAndroid.config'.
D/Mono    (20593): Image addref HockeySDK[0xe47741a0] -> HockeySDK.dll[0xe4755d00]: 2
D/Mono    (20593): Prepared to set up assembly 'HockeySDK' (HockeySDK.dll)
D/Mono    (20593): Assembly HockeySDK[0xe47741a0] added to domain RootDomain, ref_count=1
D/Mono    (20593): AOT module 'HockeySDK.dll.so' not found: dlopen failed: library "/data/app/com.careerbuilder.SugarDrone-1/lib/arm/libaot-HockeySDK.dll.so" not found
D/Mono    (20593): AOT module '/Users/builder/data/lanes/4009/f3074d2c/source/monodroid/builds/install/mono-armv6/lib/mono/aot-cache/arm/HockeySDK.dll.so' not found: dlopen failed: library "/data/app/com.careerbuilder.SugarDrone-1/lib/arm/libaot-HockeySDK.dll.so" not found
D/Mono    (20593): Config attempting to parse: 'HockeySDK.dll.config'.
D/Mono    (20593): Config attempting to parse: '/Users/builder/data/lanes/4009/f3074d2c/source/monodroid/builds/install/mono-armv6/etc/mono/assemblies/HockeySDK/HockeySDK.config'.
D/Mono    (20593): Image addref Akavache[0xe4774200] -> Akavache.dll[0xe4756200]: 2
D/Mono    (20593): Prepared to set up assembly 'Akavache' (Akavache.dll)
D/Mono    (20593): Assembly Akavache[0xe4774200] added to domain RootDomain, ref_count=1
D/Mono    (20593): AOT module 'Akavache.dll.so' not found: dlopen failed: library "/data/app/com.careerbuilder.SugarDrone-1/lib/arm/libaot-Akavache.dll.so" not found
D/Mono    (20593): AOT module '/Users/builder/data/lanes/4009/f3074d2c/source/monodroid/builds/install/mono-armv6/lib/mono/aot-cache/arm/Akavache.dll.so' not found: dlopen failed: library "/data/app/com.careerbuilder.SugarDrone-1/lib/arm/libaot-Akavache.dll.so" not found
D/Mono    (20593): Config attempting to parse: 'Akavache.dll.config'.
D/Mono    (20593): Config attempting to parse: '/Users/builder/data/lanes/4009/f3074d2c/source/monodroid/builds/install/mono-armv6/etc/mono/assemblies/Akavache/Akavache.config'.
D/Mono    (20593): Image addref Akavache.Sqlite3[0xe4774260] -> Akavache.Sqlite3.dll[0xe4756700]: 2
D/Mono    (20593): Prepared to set up assembly 'Akavache.Sqlite3' (Akavache.Sqlite3.dll)
D/Mono    (20593): Assembly Akavache.Sqlite3[0xe4774260] added to domain RootDomain, ref_count=1
D/Mono    (20593): AOT module 'Akavache.Sqlite3.dll.so' not found: dlopen failed: library "/data/app/com.careerbuilder.SugarDrone-1/lib/arm/libaot-Akavache.Sqlite3.dll.so" not found
D/Mono    (20593): AOT module '/Users/builder/data/lanes/4009/f3074d2c/source/monodroid/builds/install/mono-armv6/lib/mono/aot-cache/arm/Akavache.Sqlite3.dll.so' not found: dlopen failed: library "/data/app/com.careerbuilder.SugarDrone-1/lib/arm/libaot-Akavache.Sqlite3.dll.so" not found
W/        (20593): Symbol file LoadedFromMemory doesn't match image Akavache.Sqlite3.dll
D/Mono    (20593): Config attempting to parse: 'Akavache.Sqlite3.dll.config'.
D/Mono    (20593): Config attempting to parse: '/Users/builder/data/lanes/4009/f3074d2c/source/monodroid/builds/install/mono-armv6/etc/mono/assemblies/Akavache.Sqlite3/Akavache.Sqlite3.config'.
D/Mono    (20593): Image addref Splat[0xe47742c0] -> Splat.dll[0xe4756c00]: 2
D/Mono    (20593): Prepared to set up assembly 'Splat' (Splat.dll)
D/Mono    (20593): Assembly Splat[0xe47742c0] added to domain RootDomain, ref_count=1
D/Mono    (20593): AOT module 'Splat.dll.so' not found: dlopen failed: library "/data/app/com.careerbuilder.SugarDrone-1/lib/arm/libaot-Splat.dll.so" not found
D/Mono    (20593): AOT module '/Users/builder/data/lanes/4009/f3074d2c/source/monodroid/builds/install/mono-armv6/lib/mono/aot-cache/arm/Splat.dll.so' not found: dlopen failed: library "/data/app/com.careerbuilder.SugarDrone-1/lib/arm/libaot-Splat.dll.so" not found
D/Mono    (20593): Config attempting to parse: 'Splat.dll.config'.
D/Mono    (20593): Config attempting to parse: '/Users/builder/data/lanes/4009/f3074d2c/source/monodroid/builds/install/mono-armv6/etc/mono/assemblies/Splat/Splat.config'.
D/Mono    (20593): Image addref Microsoft.Practices.ServiceLocation[0xe4774320] -> Microsoft.Practices.ServiceLocation.dll[0xe4757100]: 2
D/Mono    (20593): Prepared to set up assembly 'Microsoft.Practices.ServiceLocation' (Microsoft.Practices.ServiceLocation.dll)
D/Mono    (20593): Assembly Microsoft.Practices.ServiceLocation[0xe4774320] added to domain RootDomain, ref_count=1
D/Mono    (20593): AOT module 'Microsoft.Practices.ServiceLocation.dll.so' not found: dlopen failed: library "/data/app/com.careerbuilder.SugarDrone-1/lib/arm/libaot-Microsoft.Practices.ServiceLocation.dll.so" not found
D/Mono    (20593): AOT module '/Users/builder/data/lanes/4009/f3074d2c/source/monodroid/builds/install/mono-armv6/lib/mono/aot-cache/arm/Microsoft.Practices.ServiceLocation.dll.so' not found: dlopen failed: library "/data/app/com.careerbuilder.SugarDrone-1/lib/arm/libaot-Microsoft.Practices.ServiceLocation.dll.so" not found
D/Mono    (20593): Config attempting to parse: 'Microsoft.Practices.ServiceLocation.dll.config'.
D/Mono    (20593): Config attempting to parse: '/Users/builder/data/lanes/4009/f3074d2c/source/monodroid/builds/install/mono-armv6/etc/mono/assemblies/Microsoft.Practices.ServiceLocation/Microsoft.Practices.ServiceLocation.config'.
D/Mono    (20593): Image addref Microsoft.Practices.Unity[0xe4774380] -> Microsoft.Practices.Unity.dll[0xe4757600]: 2
D/Mono    (20593): Prepared to set up assembly 'Microsoft.Practices.Unity' (Microsoft.Practices.Unity.dll)
D/Mono    (20593): Assembly Microsoft.Practices.Unity[0xe4774380] added to domain RootDomain, ref_count=1
D/Mono    (20593): AOT module 'Microsoft.Practices.Unity.dll.so' not found: dlopen failed: library "/data/app/com.careerbuilder.SugarDrone-1/lib/arm/libaot-Microsoft.Practices.Unity.dll.so" not found
D/Mono    (20593): AOT module '/Users/builder/data/lanes/4009/f3074d2c/source/monodroid/builds/install/mono-armv6/lib/mono/aot-cache/arm/Microsoft.Practices.Unity.dll.so' not found: dlopen failed: library "/data/app/com.careerbuilder.SugarDrone-1/lib/arm/libaot-Microsoft.Practices.Unity.dll.so" not found
D/Mono    (20593): Config attempting to parse: 'Microsoft.Practices.Unity.dll.config'.
D/Mono    (20593): Config attempting to parse: '/Users/builder/data/lanes/4009/f3074d2c/source/monodroid/builds/install/mono-armv6/etc/mono/assemblies/Microsoft.Practices.Unity/Microsoft.Practices.Unity.config'.
D/Mono    (20593): Image addref Plugin.CurrentActivity[0xe47743e0] -> Plugin.CurrentActivity.dll[0xe4757b00]: 2
D/Mono    (20593): Prepared to set up assembly 'Plugin.CurrentActivity' (Plugin.CurrentActivity.dll)
D/Mono    (20593): Assembly Plugin.CurrentActivity[0xe47743e0] added to domain RootDomain, ref_count=1
D/Mono    (20593): AOT module 'Plugin.CurrentActivity.dll.so' not found: dlopen failed: library "/data/app/com.careerbuilder.SugarDrone-1/lib/arm/libaot-Plugin.CurrentActivity.dll.so" not found
D/Mono    (20593): AOT module '/Users/builder/data/lanes/4009/f3074d2c/source/monodroid/builds/install/mono-armv6/lib/mono/aot-cache/arm/Plugin.CurrentActivity.dll.so' not found: dlopen failed: library "/data/app/com.careerbuilder.SugarDrone-1/lib/arm/libaot-Plugin.CurrentActivity.dll.so" not found
D/Mono    (20593): Config attempting to parse: 'Plugin.CurrentActivity.dll.config'.
D/Mono    (20593): Config attempting to parse: '/Users/builder/data/lanes/4009/f3074d2c/source/monodroid/builds/install/mono-armv6/etc/mono/assemblies/Plugin.CurrentActivity/Plugin.CurrentActivity.config'.
D/Mono    (20593): Image addref Plugin.Permissions[0xe4774440] -> Plugin.Permissions.dll[0xe1e93000]: 2
D/Mono    (20593): Prepared to set up assembly 'Plugin.Permissions' (Plugin.Permissions.dll)
D/Mono    (20593): Assembly Plugin.Permissions[0xe4774440] added to domain RootDomain, ref_count=1
D/Mono    (20593): AOT module 'Plugin.Permissions.dll.so' not found: dlopen failed: library "/data/app/com.careerbuilder.SugarDrone-1/lib/arm/libaot-Plugin.Permissions.dll.so" not found
D/Mono    (20593): AOT module '/Users/builder/data/lanes/4009/f3074d2c/source/monodroid/builds/install/mono-armv6/lib/mono/aot-cache/arm/Plugin.Permissions.dll.so' not found: dlopen failed: library "/data/app/com.careerbuilder.SugarDrone-1/lib/arm/libaot-Plugin.Permissions.dll.so" not found
D/Mono    (20593): Config attempting to parse: 'Plugin.Permissions.dll.config'.
D/Mono    (20593): Config attempting to parse: '/Users/builder/data/lanes/4009/f3074d2c/source/monodroid/builds/install/mono-armv6/etc/mono/assemblies/Plugin.Permissions/Plugin.Permissions.config'.
D/Mono    (20593): Image addref Plugin.Permissions.Abstractions[0xe47744a0] -> Plugin.Permissions.Abstractions.dll[0xe1e93500]: 2
D/Mono    (20593): Prepared to set up assembly 'Plugin.Permissions.Abstractions' (Plugin.Permissions.Abstractions.dll)
D/Mono    (20593): Assembly Plugin.Permissions.Abstractions[0xe47744a0] added to domain RootDomain, ref_count=1
D/Mono    (20593): AOT module 'Plugin.Permissions.Abstractions.dll.so' not found: dlopen failed: library "/data/app/com.careerbuilder.SugarDrone-1/lib/arm/libaot-Plugin.Permissions.Abstractions.dll.so" not found
D/Mono    (20593): AOT module '/Users/builder/data/lanes/4009/f3074d2c/source/monodroid/builds/install/mono-armv6/lib/mono/aot-cache/arm/Plugin.Permissions.Abstractions.dll.so' not found: dlopen failed: library "/data/app/com.careerbuilder.SugarDrone-1/lib/arm/libaot-Plugin.Permissions.Abstractions.dll.so" not found
D/Mono    (20593): Config attempting to parse: 'Plugin.Permissions.Abstractions.dll.config'.
D/Mono    (20593): Config attempting to parse: '/Users/builder/data/lanes/4009/f3074d2c/source/monodroid/builds/install/mono-armv6/etc/mono/assemblies/Plugin.Permissions.Abstractions/Plugin.Permissions.Abstractions.config'.
D/Mono    (20593): Image addref Plugin.Geolocator[0xe4774500] -> Plugin.Geolocator.dll[0xe1e93a00]: 2
D/Mono    (20593): Prepared to set up assembly 'Plugin.Geolocator' (Plugin.Geolocator.dll)
D/Mono    (20593): Assembly Plugin.Geolocator[0xe4774500] added to domain RootDomain, ref_count=1
D/Mono    (20593): AOT module 'Plugin.Geolocator.dll.so' not found: dlopen failed: library "/data/app/com.careerbuilder.SugarDrone-1/lib/arm/libaot-Plugin.Geolocator.dll.so" not found
D/Mono    (20593): AOT module '/Users/builder/data/lanes/4009/f3074d2c/source/monodroid/builds/install/mono-armv6/lib/mono/aot-cache/arm/Plugin.Geolocator.dll.so' not found: dlopen failed: library "/data/app/com.careerbuilder.SugarDrone-1/lib/arm/libaot-Plugin.Geolocator.dll.so" not found
D/Mono    (20593): Config attempting to parse: 'Plugin.Geolocator.dll.config'.
D/Mono    (20593): Config attempting to parse: '/Users/builder/data/lanes/4009/f3074d2c/source/monodroid/builds/install/mono-armv6/etc/mono/assemblies/Plugin.Geolocator/Plugin.Geolocator.config'.
D/Mono    (20593): Image addref Plugin.Geolocator.Abstractions[0xe4774560] -> Plugin.Geolocator.Abstractions.dll[0xe1e93f00]: 2
D/Mono    (20593): Prepared to set up assembly 'Plugin.Geolocator.Abstractions' (Plugin.Geolocator.Abstractions.dll)
D/Mono    (20593): Assembly Plugin.Geolocator.Abstractions[0xe4774560] added to domain RootDomain, ref_count=1
D/Mono    (20593): AOT module 'Plugin.Geolocator.Abstractions.dll.so' not found: dlopen failed: library "/data/app/com.careerbuilder.SugarDrone-1/lib/arm/libaot-Plugin.Geolocator.Abstractions.dll.so" not found
D/Mono    (20593): AOT module '/Users/builder/data/lanes/4009/f3074d2c/source/monodroid/builds/install/mono-armv6/lib/mono/aot-cache/arm/Plugin.Geolocator.Abstractions.dll.so' not found: dlopen failed: library "/data/app/com.careerbuilder.SugarDrone-1/lib/arm/libaot-Plugin.Geolocator.Abstractions.dll.so" not found
D/Mono    (20593): Config attempting to parse: 'Plugin.Geolocator.Abstractions.dll.config'.
D/Mono    (20593): Config attempting to parse: '/Users/builder/data/lanes/4009/f3074d2c/source/monodroid/builds/install/mono-armv6/etc/mono/assemblies/Plugin.Geolocator.Abstractions/Plugin.Geolocator.Abstractions.config'.
D/Mono    (20593): Image addref Plugin.DeviceInfo[0xe47745c0] -> Plugin.DeviceInfo.dll[0xe1e94400]: 2
D/Mono    (20593): Prepared to set up assembly 'Plugin.DeviceInfo' (Plugin.DeviceInfo.dll)
D/Mono    (20593): Assembly Plugin.DeviceInfo[0xe47745c0] added to domain RootDomain, ref_count=1
D/Mono    (20593): AOT module 'Plugin.DeviceInfo.dll.so' not found: dlopen failed: library "/data/app/com.careerbuilder.SugarDrone-1/lib/arm/libaot-Plugin.DeviceInfo.dll.so" not found
