D/Mono    ( 9656): Assembly Ref addref System.Core[0xe6dce0a0] -> mscorlib[0xe6dcc5a0]: 10
D/Mono    ( 9656): Image addref System.Reflection.Extensions[0xe6dce1c0] -> System.Reflection.Extensions.dll[0xc8cb1a00]: 2
D/Mono    ( 9656): Prepared to set up assembly 'System.Reflection.Extensions' (System.Reflection.Extensions.dll)
D/Mono    ( 9656): Assembly System.Reflection.Extensions[0xe6dce1c0] added to domain RootDomain, ref_count=1
D/Mono    ( 9656): AOT module 'System.Reflection.Extensions.dll.so' not found: dlopen failed: library "/data/app/com.careerbuilder.SugarDrone-1/lib/arm/libaot-System.Reflection.Extensions.dll.so" not found
D/Mono    ( 9656): AOT module '/Users/builder/data/lanes/4009/f3074d2c/source/monodroid/builds/install/mono-armv6/lib/mono/aot-cache/arm/System.Reflection.Extensions.dll.so' not found: dlopen failed: library "/data/app/com.careerbuilder.SugarDrone-1/lib/arm/libaot-System.Reflection.Extensions.dll.so" not found
D/Mono    ( 9656): Config attempting to parse: 'System.Reflection.Extensions.dll.config'.
D/Mono    ( 9656): Config attempting to parse: '/Users/builder/data/lanes/4009/f3074d2c/source/monodroid/builds/install/mono-armv6/etc/mono/assemblies/System.Reflection.Extensions/System.Reflection.Extensions.config'.
D/Mono    ( 9656): Assembly Ref addref Java.Interop[0xe6dcdb00] -> System.Reflection.Extensions[0xe6dce1c0]: 2
D/Mono    ( 9656): Assembly Ref addref System.Reflection.Extensions[0xe6dce1c0] -> mscorlib[0xe6dcc5a0]: 11
D/Mono    ( 9656): Assembly Ref addref Mono.Android[0xe6dcdaa0] -> System.Core[0xe6dce0a0]: 3
D/Mono    ( 9656): DllImport searching in: '__Internal' ('(null)').
D/Mono    ( 9656): Searching for 'monodroid_typemap_managed_to_java'.
D/Mono    ( 9656): Probing 'monodroid_typemap_managed_to_java'.
D/Mono    ( 9656): Found as 'monodroid_typemap_managed_to_java'.
D/Mono    ( 9656): DllImport searching in: '__Internal' ('(null)').
D/Mono    ( 9656): Searching for 'java_interop_jnienv_alloc_object'.
D/Mono    ( 9656): Probing 'java_interop_jnienv_alloc_object'.
D/Mono    ( 9656): Found as 'java_interop_jnienv_alloc_object'.
D/Mono    ( 9656): DllImport searching in: '__Internal' ('(null)').
D/Mono    ( 9656): Searching for '_monodroid_gc_wait_for_bridge_processing'.
D/Mono    ( 9656): Probing '_monodroid_gc_wait_for_bridge_processing'.
D/Mono    ( 9656): Found as '_monodroid_gc_wait_for_bridge_processing'.
D/Mono    ( 9656): DllImport searching in: '__Internal' ('(null)').
D/Mono    ( 9656): Searching for 'java_interop_jnienv_register_natives'.
D/Mono    ( 9656): Probing 'java_interop_jnienv_register_natives'.
D/Mono    ( 9656): Found as 'java_interop_jnienv_register_natives'.
D/Mono    ( 9656): DllImport searching in: '__Internal' ('(null)').
D/Mono    ( 9656): Searching for 'java_interop_jnienv_call_nonvirtual_void_method_a'.
D/Mono    ( 9656): Probing 'java_interop_jnienv_call_nonvirtual_void_method_a'.
D/Mono    ( 9656): Found as 'java_interop_jnienv_call_nonvirtual_void_method_a'.
D/Mono    ( 9656): DllImport searching in: '__Internal' ('(null)').
D/Mono    ( 9656): Searching for 'java_interop_jnienv_is_same_object'.
D/Mono    ( 9656): Probing 'java_interop_jnienv_is_same_object'.
D/Mono    ( 9656): Found as 'java_interop_jnienv_is_same_object'.
D/Mono    ( 9656): DllImport searching in: '__Internal' ('(null)').
D/Mono    ( 9656): Searching for 'java_interop_jnienv_call_static_void_method_a'.
D/Mono    ( 9656): Probing 'java_interop_jnienv_call_static_void_method_a'.
D/Mono    ( 9656): Found as 'java_interop_jnienv_call_static_void_method_a'.
D/Mono    ( 9656): Assembly Ref addref AppsFlyerXamarinBindingAndroid[0xe6dcc840] -> mscorlib[0xe6dcc5a0]: 12
D/Mono    ( 9656): Assembly Ref addref AppsFlyerXamarinBindingAndroid[0xe6dcc840] -> Mono.Android[0xe6dcdaa0]: 2
D/Mono    ( 9656): Assembly Ref addref HockeySDK[0xe6dccae0] -> mscorlib[0xe6dcc5a0]: 13
D/Mono    ( 9656): Assembly Ref addref HockeySDK[0xe6dccae0] -> Mono.Android[0xe6dcdaa0]: 3
D/Mono    ( 9656): Assembly Ref addref Xamarin.GooglePlayServices.Analytics[0xe6dcd140] -> mscorlib[0xe6dcc5a0]: 14
D/Mono    ( 9656): Assembly Ref addref Xamarin.GooglePlayServices.Analytics[0xe6dcd140] -> Mono.Android[0xe6dcdaa0]: 4
D/Mono    ( 9656): Assembly Ref addref Xamarin.GooglePlayServices.Base[0xe6dcd1a0] -> mscorlib[0xe6dcc5a0]: 15
D/Mono    ( 9656): Assembly Ref addref Xamarin.GooglePlayServices.Base[0xe6dcd1a0] -> Mono.Android[0xe6dcdaa0]: 5
D/Mono    ( 9656): Assembly Ref addref Xamarin.GooglePlayServices.Basement[0xe6dcd200] -> mscorlib[0xe6dcc5a0]: 16
D/Mono    ( 9656): Assembly Ref addref Xamarin.GooglePlayServices.Basement[0xe6dcd200] -> Mono.Android[0xe6dcdaa0]: 6
D/Mono    ( 9656): Assembly Ref addref FloatingActionButton-Xamarin[0xe6dcd380] -> mscorlib[0xe6dcc5a0]: 17
D/Mono    ( 9656): Assembly Ref addref FloatingActionButton-Xamarin[0xe6dcd380] -> Mono.Android[0xe6dcdaa0]: 7
D/Mono    ( 9656): Assembly Ref addref Xamarin.Android.Support.v4[0xe6dcd3e0] -> mscorlib[0xe6dcc5a0]: 18
D/Mono    ( 9656): Assembly Ref addref Xamarin.Android.Support.v4[0xe6dcd3e0] -> Mono.Android[0xe6dcdaa0]: 8
D/Mono    ( 9656): Assembly Ref addref Xamarin.Android.Support.v7.RecyclerView[0xe6dcd440] -> mscorlib[0xe6dcc5a0]: 19
D/Mono    ( 9656): Assembly Ref addref Xamarin.Android.Support.v7.RecyclerView[0xe6dcd440] -> Mono.Android[0xe6dcdaa0]: 9
D/Mono    ( 9656): Assembly Ref addref Xamarin.Android.Support.Vector.Drawable[0xe6dcd4a0] -> mscorlib[0xe6dcc5a0]: 20
D/Mono    ( 9656): Assembly Ref addref Xamarin.Android.Support.Vector.Drawable[0xe6dcd4a0] -> Mono.Android[0xe6dcdaa0]: 10
D/Mono    ( 9656): Assembly Ref addref Xamarin.Android.Support.Animated.Vector.Drawable[0xe6dcd500] -> mscorlib[0xe6dcc5a0]: 21
D/Mono    ( 9656): Assembly Ref addref Xamarin.Android.Support.Animated.Vector.Drawable[0xe6dcd500] -> Mono.Android[0xe6dcdaa0]: 11
D/Mono    ( 9656): Assembly Ref addref Xamarin.Android.Support.v7.AppCompat[0xe6dcd560] -> mscorlib[0xe6dcc5a0]: 22
D/Mono    ( 9656): Assembly Ref addref Xamarin.Android.Support.v7.AppCompat[0xe6dcd560] -> Mono.Android[0xe6dcdaa0]: 12
D/Mono    ( 9656): Assembly Ref addref Xamarin.Android.Support.Design[0xe6dcd5c0] -> mscorlib[0xe6dcc5a0]: 23
D/Mono    ( 9656): Assembly Ref addref Xamarin.Android.Support.Design[0xe6dcd5c0] -> Mono.Android[0xe6dcdaa0]: 13
D/Mono    ( 9656): Assembly Ref addref Xamarin.Android.Support.v7.CardView[0xe6dcd620] -> mscorlib[0xe6dcc5a0]: 24
D/Mono    ( 9656): Assembly Ref addref Xamarin.Android.Support.v7.CardView[0xe6dcd620] -> Mono.Android[0xe6dcdaa0]: 14
D/Mono    ( 9656): Assembly Ref addref FlexboxLayoutXamarinBindingAndroid[0xe6dcd980] -> mscorlib[0xe6dcc5a0]: 25
D/Mono    ( 9656): Assembly Ref addref FlexboxLayoutXamarinBindingAndroid[0xe6dcd980] -> Mono.Android[0xe6dcdaa0]: 15
D/Mono    ( 9656): Assembly Ref addref CareerBuilder_Search.Droid[0xe6dcc780] -> Mono.Android[0xe6dcdaa0]: 16
D/Mono    ( 9656): Assembly Ref addref CareerBuilder_Search.Droid[0xe6dcc780] -> mscorlib[0xe6dcc5a0]: 26
D/Mono    ( 9656): Image addref Mono.Android.Export[0xe6dce700] -> Mono.Android.Export.dll[0xc8cb2900]: 2
D/Mono    ( 9656): Prepared to set up assembly 'Mono.Android.Export' (Mono.Android.Export.dll)
D/Mono    ( 9656): Assembly Mono.Android.Export[0xe6dce700] added to domain RootDomain, ref_count=1
D/Mono    ( 9656): AOT module 'Mono.Android.Export.dll.so' not found: dlopen failed: library "/data/app/com.careerbuilder.SugarDrone-1/lib/arm/libaot-Mono.Android.Export.dll.so" not found
D/Mono    ( 9656): AOT module '/Users/builder/data/lanes/4009/f3074d2c/source/monodroid/builds/install/mono-armv6/lib/mono/aot-cache/arm/Mono.Android.Export.dll.so' not found: dlopen failed: library "/data/app/com.careerbuilder.SugarDrone-1/lib/arm/libaot-Mono.Android.Export.dll.so" not found
D/Mono    ( 9656): Config attempting to parse: 'Mono.Android.Export.dll.config'.
D/Mono    ( 9656): Config attempting to parse: '/Users/builder/data/lanes/4009/f3074d2c/source/monodroid/builds/install/mono-armv6/etc/mono/assemblies/Mono.Android.Export/Mono.Android.Export.config'.
D/Mono    ( 9656): Assembly Ref addref Mono.Android.Export[0xe6dce700] -> mscorlib[0xe6dcc5a0]: 27
D/Mono    ( 9656): Assembly Ref addref Mono.Android.Export[0xe6dce700] -> Mono.Android[0xe6dcdaa0]: 17
D/Mono    ( 9656): Image addref System.Xml[0xe6dce640] -> System.Xml.dll[0xc8cb3800]: 2
D/Mono    ( 9656): Prepared to set up assembly 'System.Xml' (System.Xml.dll)
D/Mono    ( 9656): Assembly System.Xml[0xe6dce640] added to domain RootDomain, ref_count=1
D/Mono    ( 9656): AOT module 'System.Xml.dll.so' not found: dlopen failed: library "/data/app/com.careerbuilder.SugarDrone-1/lib/arm/libaot-System.Xml.dll.so" not found
D/Mono    ( 9656): AOT module '/Users/builder/data/lanes/4009/f3074d2c/source/monodroid/builds/install/mono-armv6/lib/mono/aot-cache/arm/System.Xml.dll.so' not found: dlopen failed: library "/data/app/com.careerbuilder.SugarDrone-1/lib/arm/libaot-System.Xml.dll.so" not found
D/Mono    ( 9656): Config attempting to parse: 'System.Xml.dll.config'.
D/Mono    ( 9656): Config attempting to parse: '/Users/builder/data/lanes/4009/f3074d2c/source/monodroid/builds/install/mono-armv6/etc/mono/assemblies/System.Xml/System.Xml.config'.
D/Mono    ( 9656): Assembly Ref addref Mono.Android.Export[0xe6dce700] -> System.Xml[0xe6dce640]: 2
D/Mono    ( 9656): Assembly Ref addref System.Xml[0xe6dce640] -> mscorlib[0xe6dcc5a0]: 28
D/Mono    ( 9656): Assembly Ref addref Mono.Android[0xe6dcdaa0] -> System.Xml[0xe6dce640]: 3
D/Mono    ( 9656): Assembly Ref addref Mono.Android.Export[0xe6dce700] -> System.Core[0xe6dce0a0]: 4
D/Mono    ( 9656): Image addref System.Net.Http[0xe6dce8e0] -> System.Net.Http.dll[0xdfcaec00]: 2
D/Mono    ( 9656): Prepared to set up assembly 'System.Net.Http' (System.Net.Http.dll)
D/Mono    ( 9656): Assembly System.Net.Http[0xe6dce8e0] added to domain RootDomain, ref_count=1
D/Mono    ( 9656): AOT module 'System.Net.Http.dll.so' not found: dlopen failed: library "/data/app/com.careerbuilder.SugarDrone-1/lib/arm/libaot-System.Net.Http.dll.so" not found
D/Mono    ( 9656): AOT module '/Users/builder/data/lanes/4009/f3074d2c/source/monodroid/builds/install/mono-armv6/lib/mono/aot-cache/arm/System.Net.Http.dll.so' not found: dlopen failed: library "/data/app/com.careerbuilder.SugarDrone-1/lib/arm/libaot-System.Net.Http.dll.so" not found
D/Mono    ( 9656): Config attempting to parse: 'System.Net.Http.dll.config'.
D/Mono    ( 9656): Config attempting to parse: '/Users/builder/data/lanes/4009/f3074d2c/source/monodroid/builds/install/mono-armv6/etc/mono/assemblies/System.Net.Http/System.Net.Http.config'.
D/Mono    ( 9656): Assembly Ref addref CareerBuilder_Search.Droid[0xe6dcc780] -> System.Net.Http[0xe6dce8e0]: 2
D/Mono    ( 9656): Assembly Ref addref System.Net.Http[0xe6dce8e0] -> mscorlib[0xe6dcc5a0]: 29
I/System.out( 9656): Calabash loaded Mono
I/calabash( 9656): Test server port: 7102
I/InstrumentationBackend( 9656): Added:'NullAction', with key:'nullAction'
I/InstrumentationBackend( 9656): Added:'GetActivityOrientation', with key:'get_activity_orientation'
I/InstrumentationBackend( 9656): Added:'SetActivityOrientation', with key:'set_activity_orientation'
I/InstrumentationBackend( 9656): Added:'DpToDevicePixel', with key:'dp_to_device_pixel'
I/InstrumentationBackend( 9656): Added:'ClickOnScreen', with key:'click_on_screen'
I/InstrumentationBackend( 9656): Added:'DoubleTapCoordinate', with key:'double_tap_coordinate'
I/InstrumentationBackend( 9656): Added:'Drag', with key:'drag'
I/InstrumentationBackend( 9656): Added:'DragCoordinates', with key:'drag_coordinates'
I/InstrumentationBackend( 9656): Added:'LongPressCoordinate', with key:'long_press_coordinate'
I/InstrumentationBackend( 9656): Added:'ResumeApplication', with key:'resume_application'
I/InstrumentationBackend( 9656): Added:'Swipe', with key:'swipe'
I/InstrumentationBackend( 9656): Added:'TouchCoordinates', with key:'touch_coordinate'
I/InstrumentationBackend( 9656): Added:'ListActions', with key:'list_actions'
I/InstrumentationBackend( 9656): Added:'SendTcp', with key:'send_tcp'
I/InstrumentationBackend( 9656): Added:'PressElement', with key:'press_l10n_element'
I/InstrumentationBackend( 9656): Added:'WaitForElement', with key:'wait_for_l10n_element'
I/InstrumentationBackend( 9656): Added:'FakeGPSLocation', with key:'set_gps_coordinates'
I/InstrumentationBackend( 9656): Added:'GetMapBounds', with key:'get_map_bounds'
I/InstrumentationBackend( 9656): Added:'GetMapCenter', with key:'get_map_center'
I/InstrumentationBackend( 9656): Added:'GetMapMarker', with key:'get_map_marker'
I/InstrumentationBackend( 9656): Added:'GetMapMarkers', with key:'get_map_markers'
I/InstrumentationBackend( 9656): Added:'GetMapZoom', with key:'get_map_zoom'
I/InstrumentationBackend( 9656): Added:'PanMapTo', with key:'pan_map_to'
I/InstrumentationBackend( 9656): Added:'SetMapCenter', with key:'set_map_center'
I/InstrumentationBackend( 9656): Added:'SetMapZoom', with key:'set_map_zoom'
I/InstrumentationBackend( 9656): Added:'TapAwayFromMarkers', with key:'tap_map_away_from_markers'
I/InstrumentationBackend( 9656): Added:'TapMapMarker', with key:'tap_map_marker_by_title'
I/InstrumentationBackend( 9656): Added:'ClearPreferences', with key:'clear_preferences'
I/InstrumentationBackend( 9656): Added:'GetPreferences', with key:'get_preferences'
I/InstrumentationBackend( 9656): Added:'SetPreferences', with key:'set_preferences'
I/InstrumentationBackend( 9656): Added:'PressKey', with key:'press_key'
I/InstrumentationBackend( 9656): Added:'DeleteSurroundingText', with key:'delete_surrounding_text'
I/InstrumentationBackend( 9656): Added:'HideSoftKeyboard', with key:'hide_soft_keyboard'
I/InstrumentationBackend( 9656): Added:'KeyboardEnterText', with key:'keyboard_enter_text'
I/InstrumentationBackend( 9656): Added:'KeyboardKeyEvent', with key:'keyboard_key_event'
I/InstrumentationBackend( 9656): Added:'PressUserActionButton', with key:'press_user_action_button'
I/InstrumentationBackend( 9656): Added:'SetComposingRegion', with key:'set_composing_region'
I/InstrumentationBackend( 9656): Added:'SetSelection', with key:'set_selection'
I/InstrumentationBackend( 9656): Added:'AndroidSDKVersion', with key:'android_sdk_version'
I/InstrumentationBackend( 9656): Added:'Version', with key:'version'
I/InstrumentationBackend( 9656): Added:'GetActivityName', with key:'get_activity_name'
I/InstrumentationBackend( 9656): Added:'IsCurrentActivityFocused', with key:'is_current_activity_focused'
I/InstrumentationBackend( 9656): Added:'ScrollToView', with key:'scroll_to_view'
I/InstrumentationBackend( 9656): Added:'ViewConfiguration', with key:'view_configuration'
I/InstrumentationBackend( 9656): Added:'DumpBodyHtml', with key:'dump_body_html'
I/InstrumentationBackend( 9656): Added:'DumpHtml', with key:'dump_html'
I/InstrumentationBackend( 9656): Added:'EnterTextByCssSelector', with key:'enter_text_by_selector'
I/InstrumentationBackend( 9656): Added:'GetLoadProgress', with key:'get_load_progress'
I/InstrumentationBackend( 9656): Added:'GetUrl', with key:'get_url'
I/InstrumentationBackend( 9656): Added:'ScrollTo', with key:'scroll_to'
I/InstrumentationBackend( 9656): Added:'SetPropertyByCssSelector', with key:'set_property_by_css_selector'
I/calabash( 9656): Instantiating http server at 7102
I/System.out( 9656): HTTP Daemon listening on: 7102
I/System.out( 9656): URI: /ready
I/System.out( 9656): params: {}
I/System.out( 9656): URI: /ready
I/System.out( 9656): params: {}
I/System.out( 9656): URI: /ping
I/System.out( 9656): params: {json={"intent":null }
I/System.out( 9656): }
I/art     ( 9656): Starting a blocking GC Explicit
I/art     ( 9656): Explicit concurrent mark sweep GC freed 3423(492KB) AllocSpace objects, 11(220KB) LOS objects, 39% free, 4MB/7MB, paused 342us total 27.098ms
I/System.out( 9656): URI: /ready
I/System.out( 9656): params: {json={"intent":null }
I/System.out( 9656): }
I/System.out( 9656): URI: /start-application
I/System.out( 9656): params: {json={"intent":null }
I/System.out( 9656): }
I/calabash( 9656): execStartActivity 4
I/ActivityManager(  881): START u0 {act=android.intent.action.MAIN cat=[android.intent.category.LAUNCHER] flg=0x10200000 cmp=com.careerbuilder.SugarDrone/md537fd6201b6818e2e180d2f7606e21a83.AppMainActivity (has extras)} from uid 18772 on display 0
I/calabash( 9656): newActivity1
D/Mono    ( 9656): Assembly Ref addref CareerBuilder_Search.Droid[0xe6dcc780] -> Xamarin.Android.Support.v7.AppCompat[0xe6dcd560]: 2
D/Mono    ( 9656): Assembly Ref addref Xamarin.Android.Support.v7.AppCompat[0xe6dcd560] -> Xamarin.Android.Support.v4[0xe6dcd3e0]: 2
D/Mono    ( 9656): DllImport searching in: '__Internal' ('(null)').
D/Mono    ( 9656): Searching for 'java_interop_jnienv_get_array_length'.
D/Mono    ( 9656): Probing 'java_interop_jnienv_get_array_length'.
D/Mono    ( 9656): Found as 'java_interop_jnienv_get_array_length'.
D/Mono    ( 9656): Assembly Ref addref CareerBuilder_Search.Droid[0xe6dcc780] -> CareerBuilder_Search[0xe6dcda40]: 2
D/Mono    ( 9656): Assembly Ref addref CareerBuilder_Search.Droid[0xe6dcc780] -> Xamarin.Android.Support.v4[0xe6dcd3e0]: 3
D/Mono    ( 9656): DllImport searching in: '__Internal' ('(null)').
D/Mono    ( 9656): Searching for 'java_interop_jnienv_new_string'.
D/Mono    ( 9656): Probing 'java_interop_jnienv_new_string'.
D/Mono    ( 9656): Found as 'java_interop_jnienv_new_string'.
D/Mono    ( 9656): Assembly Ref addref CareerBuilder_Search.Droid[0xe6dcc780] -> Plugin.CurrentActivity[0xe6dccea0]: 2
D/Mono    ( 9656): Assembly Ref addref Plugin.CurrentActivity[0xe6dccea0] -> mscorlib[0xe6dcc5a0]: 30
D/Mono    ( 9656): Assembly Ref addref Plugin.CurrentActivity[0xe6dccea0] -> Mono.Android[0xe6dcdaa0]: 18
D/Mono    ( 9656): [0xc6b74920] worker starting
D/Mono    ( 9656): [0xc6a73920] worker starting
D/Mono    ( 9656): Unloading image System.Runtime.dll [0xc7468e00].
D/Mono    ( 9656): Image addref System.Runtime[0xc6c41000] -> System.Runtime.dll[0xdfcab500]: 5
D/Mono    ( 9656): Config attempting to parse: 'System.Runtime.dll.config'.
D/Mono    ( 9656): Config attempting to parse: '/Users/builder/data/lanes/4009/f3074d2c/source/monodroid/builds/install/mono-armv6/etc/mono/assemblies/System.Runtime/System.Runtime.config'.
D/Mono    ( 9656): Assembly Ref addref CareerBuilder_Search[0xe6dcda40] -> System.Runtime[0xe6dcdb60]: 3
D/Mono    ( 9656): Assembly Ref addref CareerBuilder_Search[0xe6dcda40] -> Plugin.DeviceInfo.Abstractions[0xe6dcd0e0]: 2
D/Mono    ( 9656): Unloading image System.Runtime.dll [0xc7469300].
D/Mono    ( 9656): Image addref System.Runtime[0xc6c41000] -> System.Runtime.dll[0xdfcab500]: 6
D/Mono    ( 9656): Config attempting to parse: 'System.Runtime.dll.config'.
D/Mono    ( 9656): Config attempting to parse: '/Users/builder/data/lanes/4009/f3074d2c/source/monodroid/builds/install/mono-armv6/etc/mono/assemblies/System.Runtime/System.Runtime.config'.
D/Mono    ( 9656): Assembly Ref addref Plugin.DeviceInfo.Abstractions[0xe6dcd0e0] -> System.Runtime[0xe6dcdb60]: 4
D/Mono    ( 9656): Assembly Ref addref CareerBuilder_Search.Droid[0xe6dcc780] -> Akavache[0xe6dccba0]: 2
D/Mono    ( 9656): Assembly Ref addref Akavache[0xe6dccba0] -> mscorlib[0xe6dcc5a0]: 31
D/Mono    ( 9656): Assembly Ref addref Akavache[0xe6dccba0] -> System.Reactive.Interfaces[0xe6dcd7a0]: 2
D/Mono    ( 9656): Assembly Ref addref Akavache[0xe6dccba0] -> System.Reactive.Core[0xe6dcd740]: 2
D/Mono    ( 9656): Unloading image System.Runtime.dll [0xc7469300].
D/Mono    ( 9656): Image addref System.Runtime[0xc6c41000] -> System.Runtime.dll[0xdfcab500]: 7
D/Mono    ( 9656): Config attempting to parse: 'System.Runtime.dll.config'.
D/Mono    ( 9656): Config attempting to parse: '/Users/builder/data/lanes/4009/f3074d2c/source/monodroid/builds/install/mono-armv6/etc/mono/assemblies/System.Runtime/System.Runtime.config'.
D/Mono    ( 9656): Assembly Ref addref System.Reactive.Core[0xe6dcd740] -> System.Runtime[0xe6dcdb60]: 5
I/Adreno  ( 9656): QUALCOMM build                   : 74df444, I409c65498b
I/Adreno  ( 9656): Build Date                       : 06/22/16
I/Adreno  ( 9656): OpenGL ES Shader Compiler Version: XE031.08.00.02
I/Adreno  ( 9656): Local Branch                     : N16
I/Adreno  ( 9656): Remote Branch                    : 
I/Adreno  ( 9656): Remote Branch                    : 
I/Adreno  ( 9656): Reconstruct Branch               : 
D/Mono    ( 9656): DllImport searching in: '__Internal' ('(null)').
D/Mono    ( 9656): Searching for 'java_interop_jnienv_call_nonvirtual_object_method_a'.
D/Mono    ( 9656): Probing 'java_interop_jnienv_call_nonvirtual_object_method_a'.
D/Mono    ( 9656): Found as 'java_interop_jnienv_call_nonvirtual_object_method_a'.
W/IInputConnectionWrapper( 4163): reportFullscreenMode on inexistent InputConnection
D/Mono    ( 9656): Assembly Ref addref CareerBuilder_Search.Droid[0xe6dcc780] -> Microsoft.Practices.Unity[0xe6dcce40]: 2
D/Mono    ( 9656): Unloading image System.Runtime.dll [0xc7469300].
D/Mono    ( 9656): Image addref System.Runtime[0xc6c41000] -> System.Runtime.dll[0xdfcab500]: 8
D/Mono    ( 9656): Config attempting to parse: 'System.Runtime.dll.config'.
D/Mono    ( 9656): Config attempting to parse: '/Users/builder/data/lanes/4009/f3074d2c/source/monodroid/builds/install/mono-armv6/etc/mono/assemblies/System.Runtime/System.Runtime.config'.
D/Mono    ( 9656): Assembly Ref addref Microsoft.Practices.Unity[0xe6dcce40] -> System.Runtime[0xe6dcdb60]: 6
D/Mono    ( 9656): Unloading image System.Collections.dll [0xc7469800].
D/Mono    ( 9656): Image addref System.Collections[0xc6c41000] -> System.Collections.dll[0xdfcae200]: 5
D/Mono    ( 9656): Config attempting to parse: 'System.Collections.dll.config'.
D/Mono    ( 9656): Config attempting to parse: '/Users/builder/data/lanes/4009/f3074d2c/source/monodroid/builds/install/mono-armv6/etc/mono/assemblies/System.Collections/System.Collections.config'.
D/Mono    ( 9656): Assembly Ref addref Microsoft.Practices.Unity[0xe6dcce40] -> System.Collections[0xe6dcde00]: 3
D/Mono    ( 9656): Assembly Ref addref CareerBuilder_Search[0xe6dcda40] -> Microsoft.Practices.Unity[0xe6dcce40]: 3
D/Mono    ( 9656): Assembly Ref addref CareerBuilder_Search.Droid[0xe6dcc780] -> Plugin.DeviceInfo.Abstractions[0xe6dcd0e0]: 3
D/Mono    ( 9656): Unloading image System.Diagnostics.Debug.dll [0xc7469800].
D/Mono    ( 9656): Image addref System.Diagnostics.Debug[0xc6c41000] -> System.Diagnostics.Debug.dll[0xdfcad300]: 5
D/Mono    ( 9656): Config attempting to parse: 'System.Diagnostics.Debug.dll.config'.
D/Mono    ( 9656): Config attempting to parse: '/Users/builder/data/lanes/4009/f3074d2c/source/monodroid/builds/install/mono-armv6/etc/mono/assemblies/System.Diagnostics.Debug/System.Diagnostics.Debug.config'.
D/Mono    ( 9656): Assembly Ref addref CareerBuilder_Search[0xe6dcda40] -> System.Diagnostics.Debug[0xe6dcdce0]: 3
D/Mono    ( 9656): Assembly Ref addref System.Diagnostics.Debug[0xe6dcdce0] -> mscorlib[0xe6dcc5a0]: 32
I/OpenGLRenderer( 9656): Initialized EGL, version 1.4
D/OpenGLRenderer( 9656): Swap behavior 1
D/Mono    ( 9656): Image addref System.Diagnostics.Tools[0xc6c41000] -> System.Diagnostics.Tools.dll[0xc7469800]: 2
D/Mono    ( 9656): Prepared to set up assembly 'System.Diagnostics.Tools' (System.Diagnostics.Tools.dll)
D/Mono    ( 9656): Assembly System.Diagnostics.Tools[0xc6c41000] added to domain RootDomain, ref_count=1
D/Mono    ( 9656): AOT module 'System.Diagnostics.Tools.dll.so' not found: dlopen failed: library "/data/app/com.careerbuilder.SugarDrone-1/lib/arm/libaot-System.Diagnostics.Tools.dll.so" not found
D/Mono    ( 9656): AOT module '/Users/builder/data/lanes/4009/f3074d2c/source/monodroid/builds/install/mono-armv6/lib/mono/aot-cache/arm/System.Diagnostics.Tools.dll.so' not found: dlopen failed: library "/data/app/com.careerbuilder.SugarDrone-1/lib/arm/libaot-System.Diagnostics.Tools.dll.so" not found
D/Mono    ( 9656): Config attempting to parse: 'System.Diagnostics.Tools.dll.config'.
D/Mono    ( 9656): Config attempting to parse: '/Users/builder/data/lanes/4009/f3074d2c/source/monodroid/builds/install/mono-armv6/etc/mono/assemblies/System.Diagnostics.Tools/System.Diagnostics.Tools.config'.
D/Mono    ( 9656): Assembly Ref addref Microsoft.Practices.Unity[0xe6dcce40] -> System.Diagnostics.Tools[0xc6c41000]: 2
D/Mono    ( 9656): Assembly Ref addref System.Diagnostics.Tools[0xc6c41000] -> mscorlib[0xe6dcc5a0]: 33
D/Mono    ( 9656): Image addref System.Resources.ResourceManager[0xc6c41060] -> System.Resources.ResourceManager.dll[0xc7469d00]: 2
D/Mono    ( 9656): Prepared to set up assembly 'System.Resources.ResourceManager' (System.Resources.ResourceManager.dll)
D/Mono    ( 9656): Assembly System.Resources.ResourceManager[0xc6c41060] added to domain RootDomain, ref_count=1
D/Mono    ( 9656): AOT module 'System.Resources.ResourceManager.dll.so' not found: dlopen failed: library "/data/app/com.careerbuilder.SugarDrone-1/lib/arm/libaot-System.Resources.ResourceManager.dll.so" not found
D/Mono    ( 9656): AOT module '/Users/builder/data/lanes/4009/f3074d2c/source/monodroid/builds/install/mono-armv6/lib/mono/aot-cache/arm/System.Resources.ResourceManager.dll.so' not found: dlopen failed: library "/data/app/com.careerbuilder.SugarDrone-1/lib/arm/libaot-System.Resources.ResourceManager.dll.so" not found
D/Mono    ( 9656): Config attempting to parse: 'System.Resources.ResourceManager.dll.config'.
D/Mono    ( 9656): Config attempting to parse: '/Users/builder/data/lanes/4009/f3074d2c/source/monodroid/builds/install/mono-armv6/etc/mono/assemblies/System.Resources.ResourceManager/System.Resources.ResourceManager.config'.
D/Mono    ( 9656): Assembly Ref addref Microsoft.Practices.Unity[0xe6dcce40] -> System.Resources.ResourceManager[0xc6c41060]: 2
D/Mono    ( 9656): Assembly Ref addref System.Resources.ResourceManager[0xc6c41060] -> mscorlib[0xe6dcc5a0]: 34
D/Mono    ( 9656): Unloading image System.Reflection.dll [0xc67b2600].
D/Mono    ( 9656): Image addref System.Reflection[0xc6c410c0] -> System.Reflection.dll[0xdfcac900]: 5
D/Mono    ( 9656): Config attempting to parse: 'System.Reflection.dll.config'.
D/Mono    ( 9656): Config attempting to parse: '/Users/builder/data/lanes/4009/f3074d2c/source/monodroid/builds/install/mono-armv6/etc/mono/assemblies/System.Reflection/System.Reflection.config'.
D/Mono    ( 9656): Assembly Ref addref Microsoft.Practices.Unity[0xe6dcce40] -> System.Reflection[0xe6dcdc20]: 3
D/Mono    ( 9656): Unloading image System.Linq.dll [0xc67b2600].
D/Mono    ( 9656): Image addref System.Linq[0xc6c41420] -> System.Linq.dll[0xc8cb1500]: 5
D/Mono    ( 9656): Config attempting to parse: 'System.Linq.dll.config'.
D/Mono    ( 9656): Config attempting to parse: '/Users/builder/data/lanes/4009/f3074d2c/source/monodroid/builds/install/mono-armv6/etc/mono/assemblies/System.Linq/System.Linq.config'.
D/Mono    ( 9656): Assembly Ref addref Microsoft.Practices.Unity[0xe6dcce40] -> System.Linq[0xe6dcdf20]: 3
D/Mono    ( 9656): Unloading image System.Threading.dll [0xc67b2600].
D/Mono    ( 9656): Image addref System.Threading[0xc6c41420] -> System.Threading.dll[0xdfcace00]: 5
D/Mono    ( 9656): Config attempting to parse: 'System.Threading.dll.config'.
D/Mono    ( 9656): Config attempting to parse: '/Users/builder/data/lanes/4009/f3074d2c/source/monodroid/builds/install/mono-armv6/etc/mono/assemblies/System.Threading/System.Threading.config'.
D/Mono    ( 9656): Assembly Ref addref Microsoft.Practices.Unity[0xe6dcce40] -> System.Threading[0xe6dcdc80]: 3
D/Mono    ( 9656): Image addref System.Globalization[0xc6c41360] -> System.Globalization.dll[0xc6c26900]: 2
D/Mono    ( 9656): Prepared to set up assembly 'System.Globalization' (System.Globalization.dll)
D/Mono    ( 9656): Assembly System.Globalization[0xc6c41360] added to domain RootDomain, ref_count=1
D/Mono    ( 9656): AOT module 'System.Globalization.dll.so' not found: dlopen failed: library "/data/app/com.careerbuilder.SugarDrone-1/lib/arm/libaot-System.Globalization.dll.so" not found
D/Mono    ( 9656): AOT module '/Users/builder/data/lanes/4009/f3074d2c/source/monodroid/builds/install/mono-armv6/lib/mono/aot-cache/arm/System.Globalization.dll.so' not found: dlopen failed: library "/data/app/com.careerbuilder.SugarDrone-1/lib/arm/libaot-System.Globalization.dll.so" not found
D/Mono    ( 9656): Config attempting to parse: 'System.Globalization.dll.config'.
D/Mono    ( 9656): Config attempting to parse: '/Users/builder/data/lanes/4009/f3074d2c/source/monodroid/builds/install/mono-armv6/etc/mono/assemblies/System.Globalization/System.Globalization.config'.
D/Mono    ( 9656): Assembly Ref addref Microsoft.Practices.Unity[0xe6dcce40] -> System.Globalization[0xc6c41360]: 2
D/Mono    ( 9656): Assembly Ref addref System.Globalization[0xc6c41360] -> mscorlib[0xe6dcc5a0]: 35
D/Mono    ( 9656): Image addref System.Runtime.Extensions[0xc6c438e0] -> System.Runtime.Extensions.dll[0xc6c26e00]: 2
D/Mono    ( 9656): Prepared to set up assembly 'System.Runtime.Extensions' (System.Runtime.Extensions.dll)
D/Mono    ( 9656): Assembly System.Runtime.Extensions[0xc6c438e0] added to domain RootDomain, ref_count=1
D/Mono    ( 9656): AOT module 'System.Runtime.Extensions.dll.so' not found: dlopen failed: library "/data/app/com.careerbuilder.SugarDrone-1/lib/arm/libaot-System.Runtime.Extensions.dll.so" not found
D/Mono    ( 9656): AOT module '/Users/builder/data/lanes/4009/f3074d2c/source/monodroid/builds/install/mono-armv6/lib/mono/aot-cache/arm/System.Runtime.Extensions.dll.so' not found: dlopen failed: library "/data/app/com.careerbuilder.SugarDrone-1/lib/arm/libaot-System.Runtime.Extensions.dll.so" not found
D/Mono    ( 9656): Config attempting to parse: 'System.Runtime.Extensions.dll.config'.
D/Mono    ( 9656): Config attempting to parse: '/Users/builder/data/lanes/4009/f3074d2c/source/monodroid/builds/install/mono-armv6/etc/mono/assemblies/System.Runtime.Extensions/System.Runtime.Extensions.config'.
D/Mono    ( 9656): Assembly Ref addref Microsoft.Practices.Unity[0xe6dcce40] -> System.Runtime.Extensions[0xc6c438e0]: 2
D/Mono    ( 9656): Assembly Ref addref System.Runtime.Extensions[0xc6c438e0] -> mscorlib[0xe6dcc5a0]: 36
D/Mono    ( 9656): Image addref System.Linq.Expressions[0xc5de8900] -> System.Linq.Expressions.dll[0xc67b2b00]: 2
D/Mono    ( 9656): Prepared to set up assembly 'System.Linq.Expressions' (System.Linq.Expressions.dll)
D/Mono    ( 9656): Assembly System.Linq.Expressions[0xc5de8900] added to domain RootDomain, ref_count=1
D/Mono    ( 9656): AOT module 'System.Linq.Expressions.dll.so' not found: dlopen failed: library "/data/app/com.careerbuilder.SugarDrone-1/lib/arm/libaot-System.Linq.Expressions.dll.so" not found
D/Mono    ( 9656): AOT module '/Users/builder/data/lanes/4009/f3074d2c/source/monodroid/builds/install/mono-armv6/lib/mono/aot-cache/arm/System.Linq.Expressions.dll.so' not found: dlopen failed: library "/data/app/com.careerbuilder.SugarDrone-1/lib/arm/libaot-System.Linq.Expressions.dll.so" not found
D/Mono    ( 9656): Config attempting to parse: 'System.Linq.Expressions.dll.config'.
D/Mono    ( 9656): Config attempting to parse: '/Users/builder/data/lanes/4009/f3074d2c/source/monodroid/builds/install/mono-armv6/etc/mono/assemblies/System.Linq.Expressions/System.Linq.Expressions.config'.
D/Mono    ( 9656): Assembly Ref addref Microsoft.Practices.Unity[0xe6dcce40] -> System.Linq.Expressions[0xc5de8900]: 2
D/Mono    ( 9656): Assembly Ref addref System.Linq.Expressions[0xc5de8900] -> System.Core[0xe6dce0a0]: 5
D/Mono    ( 9656): Assembly Ref addref System.Core[0xe6dce0a0] -> System[0xe6dcdd40]: 3
I/ActivityManager(  881): Killing 6685:com.google.android.apps.photos/u0a74 (adj 906): empty #17
I/ActivityManager(  881): Displayed com.careerbuilder.SugarDrone/md537fd6201b6818e2e180d2f7606e21a83.AppMainActivity: +712ms
D/Mono    ( 9656): Assembly Ref addref CareerBuilder_Search.Droid[0xe6dcc780] -> Xamarin.GooglePlayServices.Analytics[0xe6dcd140]: 2
D/Mono    ( 9656): Assembly Ref addref CareerBuilder_Search.Droid[0xe6dcc780] -> Plugin.Geolocator.Abstractions[0xe6dcd020]: 2
D/Mono    ( 9656): Assembly Ref addref CareerBuilder_Search[0xe6dcda40] -> System.Net.Http[0xe6dce8e0]: 3
D/Mono    ( 9656): Assembly Ref addref CareerBuilder_Search[0xe6dcda40] -> Plugin.DeviceInfo[0xe6dcd080]: 2
D/Mono    ( 9656): Assembly Ref addref Plugin.DeviceInfo[0xe6dcd080] -> mscorlib[0xe6dcc5a0]: 37
D/Mono    ( 9656): Assembly Ref addref Plugin.DeviceInfo[0xe6dcd080] -> Plugin.DeviceInfo.Abstractions[0xe6dcd0e0]: 4
I/WindowManager(  881): Destroying surface Surface(name=com.google.android.googlequicksearchbox/com.google.android.launcher.GEL) called by com.android.server.wm.WindowStateAnimator.destroySurface:2014 com.android.server.wm.WindowStateAnimator.destroySurfaceLocked:881 com.android.server.wm.WindowState.destroyOrSaveSurface:2073 com.android.server.wm.AppWindowToken.destroySurfaces:363 com.android.server.wm.AppWindowToken.notifyAppStopped:389 com.android.server.wm.WindowManagerService.notifyAppStopped:4456 com.android.server.am.ActivityStack.activityStoppedLocked:1252 com.android.server.am.ActivityManagerService.activityStopped:6873 
D/Mono    ( 9656): Image addref System.Threading.Tasks[0xc5de8120] -> System.Threading.Tasks.dll[0xc6c27300]: 2
D/Mono    ( 9656): Prepared to set up assembly 'System.Threading.Tasks' (System.Threading.Tasks.dll)
D/Mono    ( 9656): Assembly System.Threading.Tasks[0xc5de8120] added to domain RootDomain, ref_count=1
D/Mono    ( 9656): AOT module 'System.Threading.Tasks.dll.so' not found: dlopen failed: library "/data/app/com.careerbuilder.SugarDrone-1/lib/arm/libaot-System.Threading.Tasks.dll.so" not found
D/Mono    ( 9656): AOT module '/Users/builder/data/lanes/4009/f3074d2c/source/monodroid/builds/install/mono-armv6/lib/mono/aot-cache/arm/System.Threading.Tasks.dll.so' not found: dlopen failed: library "/data/app/com.careerbuilder.SugarDrone-1/lib/arm/libaot-System.Threading.Tasks.dll.so" not found
D/Mono    ( 9656): Config attempting to parse: 'System.Threading.Tasks.dll.config'.
D/Mono    ( 9656): Config attempting to parse: '/Users/builder/data/lanes/4009/f3074d2c/source/monodroid/builds/install/mono-armv6/etc/mono/assemblies/System.Threading.Tasks/System.Threading.Tasks.config'.
D/Mono    ( 9656): Assembly Ref addref CareerBuilder_Search[0xe6dcda40] -> System.Threading.Tasks[0xc5de8120]: 2
D/Mono    ( 9656): Assembly Ref addref System.Threading.Tasks[0xc5de8120] -> mscorlib[0xe6dcc5a0]: 38
D/Mono    ( 9656): Unloading image System.Collections.dll [0xc6c27d00].
D/Mono    ( 9656): Image addref System.Collections[0xc6c43880] -> System.Collections.dll[0xdfcae200]: 6
D/Mono    ( 9656): Config attempting to parse: 'System.Collections.dll.config'.
D/Mono    ( 9656): Config attempting to parse: '/Users/builder/data/lanes/4009/f3074d2c/source/monodroid/builds/install/mono-armv6/etc/mono/assemblies/System.Collections/System.Collections.config'.
D/Mono    ( 9656): Assembly Ref addref CareerBuilder_Search[0xe6dcda40] -> System.Collections[0xe6dcde00]: 4
D/Mono    ( 9656): Assembly Ref addref System.Collections[0xe6dcde00] -> System[0xe6dcdd40]: 4
D/Mono    ( 9656): Assembly Ref addref System.Net.Http[0xe6dce8e0] -> System[0xe6dcdd40]: 5
I/WindowManager(  881): Destroying surface Surface(name=Starting com.careerbuilder.SugarDrone) called by com.android.server.wm.WindowStateAnimator.destroySurface:2014 com.android.server.wm.WindowStateAnimator.destroySurfaceLocked:881 com.android.server.wm.WindowState.destroyOrSaveSurface:2073 com.android.server.wm.AppWindowToken.destroySurfaces:363 com.android.server.wm.WindowStateAnimator.finishExit:565 com.android.server.wm.WindowStateAnimator.stepAnimationLocked:491 com.android.server.wm.WindowAnimator.updateWindowsLocked:303 com.android.server.wm.WindowAnimator.animateLocked:704 
D/Mono    ( 9656): Assembly Ref addref Microsoft.Practices.Unity[0xe6dcce40] -> System.Reflection.Extensions[0xe6dce1c0]: 3
I/System.out( 9656): URI: /map
I/System.out( 9656): params: {json={"query":"*","operation":{"method_name":"query","arguments":[]}}
I/System.out( 9656): }
W/ResourceType( 9656): No known package when getting name for resource number 0xffffffff
W/ResourceType( 9656): No known package when getting name for resource number 0xffffffff
W/ResourceType( 9656): No known package when getting name for resource number 0xffffffff
D/Mono    ( 9656): Unloading image System.Threading.dll [0xc570e500].
D/Mono    ( 9656): Image addref System.Threading[0xc5de8000] -> System.Threading.dll[0xdfcace00]: 6
D/Mono    ( 9656): Config attempting to parse: 'System.Threading.dll.config'.
D/Mono    ( 9656): Config attempting to parse: '/Users/builder/data/lanes/4009/f3074d2c/source/monodroid/builds/install/mono-armv6/etc/mono/assemblies/System.Threading/System.Threading.config'.
D/Mono    ( 9656): Assembly Ref addref CareerBuilder_Search[0xe6dcda40] -> System.Threading[0xe6dcdc80]: 4
D/Mono    ( 9656): Assembly Ref addref System.Threading[0xe6dcdc80] -> System.Core[0xe6dce0a0]: 6
D/Mono    ( 9656): Assembly Ref addref System.Runtime[0xe6dcdb60] -> System[0xe6dcdd40]: 6
D/Mono    ( 9656): Assembly Ref addref CareerBuilder_Search[0xe6dcda40] -> Newtonsoft.Json[0xe6dcd680]: 2
D/Mono    ( 9656): Unloading image System.Runtime.dll [0xc570ea00].
D/Mono    ( 9656): Image addref System.Runtime[0xc5de9ec0] -> System.Runtime.dll[0xdfcab500]: 9
D/Mono    ( 9656): Config attempting to parse: 'System.Runtime.dll.config'.
D/Mono    ( 9656): Config attempting to parse: '/Users/builder/data/lanes/4009/f3074d2c/source/monodroid/builds/install/mono-armv6/etc/mono/assemblies/System.Runtime/System.Runtime.config'.
D/Mono    ( 9656): Assembly Ref addref Newtonsoft.Json[0xe6dcd680] -> System.Runtime[0xe6dcdb60]: 7
D/Mono    ( 9656): Image addref System.Dynamic.Runtime[0xc5de9ec0] -> System.Dynamic.Runtime.dll[0xc570ea00]: 2
D/Mono    ( 9656): Prepared to set up assembly 'System.Dynamic.Runtime' (System.Dynamic.Runtime.dll)
D/Mono    ( 9656): Assembly System.Dynamic.Runtime[0xc5de9ec0] added to domain RootDomain, ref_count=1
D/Mono    ( 9656): AOT module 'System.Dynamic.Runtime.dll.so' not found: dlopen failed: library "/data/app/com.careerbuilder.SugarDrone-1/lib/arm/libaot-System.Dynamic.Runtime.dll.so" not found
D/Mono    ( 9656): AOT module '/Users/builder/data/lanes/4009/f3074d2c/source/monodroid/builds/install/mono-armv6/lib/mono/aot-cache/arm/System.Dynamic.Runtime.dll.so' not found: dlopen failed: library "/data/app/com.careerbuilder.SugarDrone-1/lib/arm/libaot-System.Dynamic.Runtime.dll.so" not found
D/Mono    ( 9656): Config attempting to parse: 'System.Dynamic.Runtime.dll.config'.
D/Mono    ( 9656): Config attempting to parse: '/Users/builder/data/lanes/4009/f3074d2c/source/monodroid/builds/install/mono-armv6/etc/mono/assemblies/System.Dynamic.Runtime/System.Dynamic.Runtime.config'.
D/Mono    ( 9656): Assembly Ref addref Newtonsoft.Json[0xe6dcd680] -> System.Dynamic.Runtime[0xc5de9ec0]: 2
D/Mono    ( 9656): Assembly Ref addref System.Dynamic.Runtime[0xc5de9ec0] -> System.Core[0xe6dce0a0]: 7
D/Mono    ( 9656): Image addref System.ObjectModel[0xc5de9f20] -> System.ObjectModel.dll[0xc570e000]: 2
D/Mono    ( 9656): Prepared to set up assembly 'System.ObjectModel' (System.ObjectModel.dll)
D/Mono    ( 9656): Assembly System.ObjectModel[0xc5de9f20] added to domain RootDomain, ref_count=1
D/Mono    ( 9656): AOT module 'System.ObjectModel.dll.so' not found: dlopen failed: library "/data/app/com.careerbuilder.SugarDrone-1/lib/arm/libaot-System.ObjectModel.dll.so" not found
D/Mono    ( 9656): AOT module '/Users/builder/data/lanes/4009/f3074d2c/source/monodroid/builds/install/mono-armv6/lib/mono/aot-cache/arm/System.ObjectModel.dll.so' not found: dlopen failed: library "/data/app/com.careerbuilder.SugarDrone-1/lib/arm/libaot-System.ObjectModel.dll.so" not found
D/Mono    ( 9656): Config attempting to parse: 'System.ObjectModel.dll.config'.
D/Mono    ( 9656): Config attempting to parse: '/Users/builder/data/lanes/4009/f3074d2c/source/monodroid/builds/install/mono-armv6/etc/mono/assemblies/System.ObjectModel/System.ObjectModel.config'.
D/Mono    ( 9656): Assembly Ref addref Newtonsoft.Json[0xe6dcd680] -> System.ObjectModel[0xc5de9f20]: 2
D/Mono    ( 9656): Assembly Ref addref System.ObjectModel[0xc5de9f20] -> System[0xe6dcdd40]: 7
D/Mono    ( 9656): Assembly Ref addref CareerBuilder_Search[0xe6dcda40] -> System.Reactive.Core[0xe6dcd740]: 3
D/Mono    ( 9656): DllImport attempting to load: '__Internal'.
D/Mono    ( 9656): DllImport loaded library '(null)'.
D/Mono    ( 9656): DllImport searching in: '__Internal' ('(null)').
D/Mono    ( 9656): Searching for 'monodroid_get_system_property'.
D/Mono    ( 9656): Probing 'monodroid_get_system_property'.
D/Mono    ( 9656): Found as 'monodroid_get_system_property'.
D/Mono    ( 9656): DllImport searching in: '__Internal' ('(null)').
D/Mono    ( 9656): Searching for 'monodroid_free'.
D/Mono    ( 9656): Probing 'monodroid_free'.
D/Mono    ( 9656): Found as 'monodroid_free'.
I/System.out( 9656): URI: /map
I/System.out( 9656): params: {json={"query":"* id:'agreeAndContinueButton'","operation":{"method_name":"query","arguments":[]}}
I/System.out( 9656): }
W/ResourceType( 9656): No known package when getting name for resource number 0xffffffff
W/ResourceType( 9656): No known package when getting name for resource number 0xffffffff
W/ResourceType( 9656): No known package when getting name for resource number 0xffffffff
D/Mono    ( 9656): Assembly Ref addref CareerBuilder_Search.Droid[0xe6dcc780] -> Xamarin.Insights[0xe6dcd260]: 2
D/Mono    ( 9656): Assembly Ref addref Xamarin.Insights[0xe6dcd260] -> mscorlib[0xe6dcc5a0]: 39
D/Mono    ( 9656): Assembly Ref addref Xamarin.Insights[0xe6dcd260] -> Mono.Android[0xe6dcdaa0]: 19
D/Mono    ( 9656): Assembly Ref addref CareerBuilder_Search.Droid[0xe6dcc780] -> HockeySDK[0xe6dccae0]: 2
D/Mono    ( 9656): Assembly Ref addref CareerBuilder_Search.Droid[0xe6dcc780] -> AppsFlyerXamarinBindingAndroid[0xe6dcc840]: 2
D/Mono    ( 9656): DllImport searching in: '__Internal' ('(null)').
D/Mono    ( 9656): Searching for 'java_interop_jnienv_get_static_field_id'.
D/Mono    ( 9656): Probing 'java_interop_jnienv_get_static_field_id'.
D/Mono    ( 9656): Found as 'java_interop_jnienv_get_static_field_id'.
D/Mono    ( 9656): DllImport searching in: '__Internal' ('(null)').
D/Mono    ( 9656): Searching for 'java_interop_jnienv_get_static_int_field'.
D/Mono    ( 9656): Probing 'java_interop_jnienv_get_static_int_field'.
D/Mono    ( 9656): Found as 'java_interop_jnienv_get_static_int_field'.
D/Mono    ( 9656): Assembly Ref addref Xamarin.Insights[0xe6dcd260] -> System.Core[0xe6dce0a0]: 8
D/Mono    ( 9656): DllImport searching in: '__Internal' ('(null)').
D/Mono    ( 9656): Searching for 'java_interop_jnienv_call_static_long_method_a'.
D/Mono    ( 9656): Probing 'java_interop_jnienv_call_static_long_method_a'.
D/Mono    ( 9656): Found as 'java_interop_jnienv_call_static_long_method_a'.
D/Mono    ( 9656): Assembly Ref addref Xamarin.Insights[0xe6dcd260] -> System[0xe6dcdd40]: 8
D/Mono    ( 9656): Assembly Ref addref Xamarin.Insights[0xe6dcd260] -> System.Net.Http[0xe6dce8e0]: 4
I/System.out( 9656): URI: /map
I/System.out( 9656): params: {json={"query":"* id:'agreeAndContinueButton'","operation":{"method_name":"query","arguments":[]}}
I/System.out( 9656): }
W/ResourceType( 9656): No known package when getting name for resource number 0xffffffff
W/ResourceType( 9656): No known package when getting name for resource number 0xffffffff
W/ResourceType( 9656): No known package when getting name for resource number 0xffffffff
W/NetworkIdentity(  881): Active mobile network without subscriber!
W/NetworkIdentity(  881): Active mobile network without subscriber!
W/NetworkIdentity(  881): Active mobile network without subscriber!
W/NetworkIdentity(  881): Active mobile network without subscriber!
W/NetworkIdentity(  881): Active mobile network without subscriber!
W/NetworkIdentity(  881): Active mobile network without subscriber!
W/NetworkIdentity(  881): Active mobile network without subscriber!
W/NetworkIdentity(  881): Active mobile network without subscriber!
W/NetworkIdentity(  881): Active mobile network without subscriber!
W/NetworkIdentity(  881): Active mobile network without subscriber!
D/Mono    ( 9656): DllImport searching in: '__Internal' ('(null)').
D/Mono    ( 9656): Searching for 'java_interop_jnienv_get_object_array_element'.
D/Mono    ( 9656): Probing 'java_interop_jnienv_get_object_array_element'.
D/Mono    ( 9656): Found as 'java_interop_jnienv_get_object_array_element'.
D/Mono    ( 9656): DllImport searching in: '__Internal' ('(null)').
D/Mono    ( 9656): Searching for 'java_interop_jnienv_call_boolean_method_a'.
D/Mono    ( 9656): Probing 'java_interop_jnienv_call_boolean_method_a'.
D/Mono    ( 9656): Found as 'java_interop_jnienv_call_boolean_method_a'.
D/Mono    ( 9656): DllImport searching in: '__Internal' ('(null)').
D/Mono    ( 9656): Searching for 'java_interop_jnienv_call_int_method_a'.
D/Mono    ( 9656): Probing 'java_interop_jnienv_call_int_method_a'.
D/Mono    ( 9656): Found as 'java_interop_jnienv_call_int_method_a'.
W/NetworkIdentity(  881): Active mobile network without subscriber!
W/NetworkIdentity(  881): Active mobile network without subscriber!
W/NetworkIdentity(  881): Active mobile network without subscriber!
W/NetworkIdentity(  881): Active mobile network without subscriber!
W/NetworkIdentity(  881): Active mobile network without subscriber!
W/NetworkIdentity(  881): Active mobile network without subscriber!
W/NetworkIdentity(  881): Active mobile network without subscriber!
W/NetworkIdentity(  881): Active mobile network without subscriber!
W/NetworkIdentity(  881): Active mobile network without subscriber!
W/NetworkIdentity(  881): Active mobile network without subscriber!
D/Mono    ( 9656): DllImport searching in: '__Internal' ('(null)').
D/Mono    ( 9656): Searching for 'java_interop_jnienv_get_field_id'.
D/Mono    ( 9656): Probing 'java_interop_jnienv_get_field_id'.
D/Mono    ( 9656): Found as 'java_interop_jnienv_get_field_id'.
D/Mono    ( 9656): DllImport searching in: '__Internal' ('(null)').
D/Mono    ( 9656): Searching for 'java_interop_jnienv_get_object_field'.
D/Mono    ( 9656): Probing 'java_interop_jnienv_get_object_field'.
D/Mono    ( 9656): Found as 'java_interop_jnienv_get_object_field'.
D/Mono    ( 9656): DllImport searching in: '__Internal' ('(null)').
D/Mono    ( 9656): Searching for 'java_interop_jnienv_call_static_int_method_a'.
D/Mono    ( 9656): Probing 'java_interop_jnienv_call_static_int_method_a'.
D/Mono    ( 9656): Found as 'java_interop_jnienv_call_static_int_method_a'.
W/Xamarin.Insights( 9656): Warning: Insights data communication has been manually enabled
D/Mono    ( 9656): DllImport searching in: '__Internal' ('(null)').
D/Mono    ( 9656): Searching for 'java_interop_jnienv_get_static_object_field'.
D/Mono    ( 9656): Probing 'java_interop_jnienv_get_static_object_field'.
D/Mono    ( 9656): Found as 'java_interop_jnienv_get_static_object_field'.
D/Mono    ( 9656): DllImport searching in: '__Internal' ('(null)').
D/Mono    ( 9656): Searching for 'java_interop_jnienv_call_static_void_method'.
D/Mono    ( 9656): Probing 'java_interop_jnienv_call_static_void_method'.
D/Mono    ( 9656): Found as 'java_interop_jnienv_call_static_void_method'.
I/AppsFlyer_3.01( 9656): Start tracking package: com.careerbuilder.SugarDrone
I/AppsFlyer_3.01( 9656): AsendTrackingWithEvent from activity: md537fd6201b6818e2e180d2f7606e21a83.MainApplication
I/AppsFlyer_3.01-633853553( 9656): ******* sendTrackingWithEvent: Launch
I/GAv4    ( 9656): Google Analytics 8.4.87 is starting up. To enable debug logging on a device run:
I/GAv4    ( 9656):   adb shell setprop log.tag.GAv4 DEBUG
I/GAv4    ( 9656):   adb logcat -s GAv4
E/ActivityThread( 9656): Failed to find provider info for com.facebook.katana.provider.AttributionIdProvider
W/GAv4    ( 9656): AnalyticsReceiver is not registered or is disabled. Register the receiver for reliable dispatching on non-Google Play devices. See http://goo.gl/8Rd3yj for instructions.
I/AppsFlyer_3.01( 9656): WARNING:READ_PHONE_STATE is missing
W/GAv4    ( 9656): CampaignTrackingReceiver is not registered, not exported or is disabled. Installation campaign tracking is not possible. See http://goo.gl/8Rd3yj for instructions.
D/Mono    ( 9656): DllImport searching in: '__Internal' ('(null)').
D/Mono    ( 9656): Searching for 'java_interop_jnienv_call_void_method_a'.
D/Mono    ( 9656): Probing 'java_interop_jnienv_call_void_method_a'.
D/Mono    ( 9656): Found as 'java_interop_jnienv_call_void_method_a'.
I/GAv4    ( 9656): Logger is deprecated. To enable debug logging, please run:
I/GAv4    ( 9656): adb shell setprop log.tag.GAv4 DEBUG
W/GAv4    ( 9656): AnalyticsService not registered in the app manifest. Hits might not be delivered reliably. See http://goo.gl/8Rd3yj for instructions.
D/AppsFlyer_3.01( 9656): AppsFlyer: first launch detected
I/AppsFlyer_3.01( 9656): AppsFlyer: first launch date: 2017-03-16_0410+0100
I/System.out( 9656): AppsFlyerLib.sendTrackingWithEvent
D/Mono    ( 9656): DllImport searching in: '__Internal' ('(null)').
D/Mono    ( 9656): Searching for 'java_interop_jnienv_new_local_ref'.
D/Mono    ( 9656): Probing 'java_interop_jnienv_new_local_ref'.
D/Mono    ( 9656): Found as 'java_interop_jnienv_new_local_ref'.
D/Mono    ( 9656): Assembly Ref addref Plugin.DeviceInfo[0xe6dcd080] -> Mono.Android[0xe6dcdaa0]: 20
W/Xamarin.Insights( 9656): Warning: Insights data communication has been manually enabled
I/AppsFlyer_3.01( 9656): Start tracking package: com.careerbuilder.SugarDrone
I/AppsFlyer_3.01( 9656): AsendTrackingWithEvent from activity: md537fd6201b6818e2e180d2f7606e21a83.MainApplication
I/AppsFlyer_3.01-633853684( 9656): ******* sendTrackingWithEvent: Launch
D/Mono    ( 9656): DllImport searching in: '__Internal' ('(null)').
D/Mono    ( 9656): Searching for 'java_interop_jnienv_get_int_field'.
D/Mono    ( 9656): Probing 'java_interop_jnienv_get_int_field'.
