<![CDATA[
]]><xtc-scenario name="[0-1020]CareerBuilder_Search.DroidFeatureTests.JDPTests.ClickingALinkOpensLink" id="[0-1020]CareerBuilder_Search.DroidFeatureTests.JDPTests.ClickingALinkOpensLink"><![CDATA[

]]><xtc-step name="[0-1020]CareerBuilder_Search.DroidFeatureTests.JDPTests.ClickingALinkOpensLink-ClickingALinkOpensLink" id="[0-1020]CareerBuilder_Search.DroidFeatureTests.JDPTests.ClickingALinkOpensLink-ClickingALinkOpensLink"><![CDATA[
D/AndroidRuntime( 7974): >>>>>> START com.android.internal.os.RuntimeInit uid 2000 <<<<<<
D/AndroidRuntime( 7974): CheckJNI is OFF
D/ICU     ( 7974): No timezone override file found: /data/misc/zoneinfo/current/icu/icu_tzdata.dat
I/Radio-JNI( 7974): register_android_hardware_Radio DONE
D/AndroidRuntime( 7974): Calling main entry com.android.commands.pm.Pm
I/art     ( 7974): System.exit called, status: 0
I/AndroidRuntime( 7974): VM exiting with result code 0.
W/MessageQueue( 7974): Handler (android.os.Handler) {2266e9b} sending message to a Handler on a dead thread
W/MessageQueue( 7974): java.lang.IllegalStateException: Handler (android.os.Handler) {2266e9b} sending message to a Handler on a dead thread
W/MessageQueue( 7974): 	at android.os.MessageQueue.enqueueMessage(MessageQueue.java:543)
W/MessageQueue( 7974): 	at android.os.Handler.enqueueMessage(Handler.java:643)
W/MessageQueue( 7974): 	at android.os.Handler.sendMessageAtTime(Handler.java:612)
W/MessageQueue( 7974): 	at android.os.Handler.sendMessageDelayed(Handler.java:582)
W/MessageQueue( 7974): 	at android.os.Handler.post(Handler.java:338)
W/MessageQueue( 7974): 	at android.os.ResultReceiver$MyResultReceiver.send(ResultReceiver.java:57)
W/MessageQueue( 7974): 	at com.android.internal.os.IResultReceiver$Stub.onTransact(IResultReceiver.java:58)
W/MessageQueue( 7974): 	at android.os.Binder.execTransact(Binder.java:565)
I/ActivityManager(  881): Killing 6848:com.google.process.gapps/u0a56 (adj 906): empty #17
I/ActivityManager(  881): Killing 5697:com.android.musicfx/u0a29 (adj 906): empty #17
D/AndroidRuntime( 8180): >>>>>> START com.android.internal.os.RuntimeInit uid 2000 <<<<<<
D/AndroidRuntime( 8180): CheckJNI is OFF
D/ICU     ( 8180): No timezone override file found: /data/misc/zoneinfo/current/icu/icu_tzdata.dat
I/Radio-JNI( 8180): register_android_hardware_Radio DONE
D/AndroidRuntime( 8180): Calling main entry com.android.commands.am.Am
W/ActivityManager(  881): Invalid packageName: com.careerbuilder.SugarDrone
D/AndroidRuntime( 8180): Shutting down VM
I/ActivityManager(  881): Killing 5714:com.google.android.apps.docs/u0a52 (adj 906): empty #17
D/AndroidRuntime( 8616): >>>>>> START com.android.internal.os.RuntimeInit uid 2000 <<<<<<
D/AndroidRuntime( 8616): CheckJNI is OFF
D/ICU     ( 8616): No timezone override file found: /data/misc/zoneinfo/current/icu/icu_tzdata.dat
I/Radio-JNI( 8616): register_android_hardware_Radio DONE
D/AndroidRuntime( 8616): Calling main entry com.android.commands.pm.Pm
I/        (  512): free_cache(71723834) avail 10792165376
I/PackageManager.DexOptimizer(  881): Running dexopt (dex2oat) on: /data/app/vmdl2046696954.tmp/base.apk pkg=com.careerbuilder.SugarDrone isa=arm vmSafeMode=false debuggable=true target-filter=interpret-only oatDir = /data/app/vmdl2046696954.tmp/oat sharedLibraries=null
I/dex2oat ( 8670): /system/bin/dex2oat --compiler-filter=interpret-only -j4 --debuggable
W/dex2oat ( 8670): Before Android 4.1, method android.graphics.PorterDuffColorFilter android.support.graphics.drawable.VectorDrawableCompat.updateTintFilter(android.graphics.PorterDuffColorFilter, android.content.res.ColorStateList, android.graphics.PorterDuff$Mode) would have incorrectly overridden the package-private method in android.graphics.drawable.Drawable
W/dex2oat ( 8670): Before Android 4.1, method int android.support.v7.widget.ListViewCompat.lookForSelectablePosition(int, boolean) would have incorrectly overridden the package-private method in android.widget.ListView
I/dex2oat ( 8670): dex2oat took 2.226s (threads: 4) arena alloc=7KB (8048B) java alloc=4MB (5065712B) native alloc=6MB (7308680B) free=2MB (2652792B)
W/PackageManager(  881): Not granting permission android.permission.MANAGE_DOCUMENTS to package com.careerbuilder.SugarDrone (protectionLevel=2 flags=0x3808be46)
W/PackageManager(  881): Not granting permission android.permission.MOUNT_UNMOUNT_FILESYSTEMS to package com.careerbuilder.SugarDrone (protectionLevel=18 flags=0x3808be46)
V/BackupManagerService(  881): restoreAtInstall pkg=com.careerbuilder.SugarDrone token=5 restoreSet=0
V/BackupManagerService(  881): Finishing install immediately
I/art     (  881): Starting a blocking GC Explicit
I/art     (  881): Explicit concurrent mark sweep GC freed 121500(6MB) AllocSpace objects, 22(1256KB) LOS objects, 33% free, 16MB/24MB, paused 1.626ms total 107.751ms
E/        (  512): Couldn't opendir /data/app/vmdl2046696954.tmp: No such file or directory
D/PackageInstaller(  881): Ignoring abandon after commit relinquished control
I/art     ( 8616): System.exit called, status: 0
I/AndroidRuntime( 8616): VM exiting with result code 0.
I/ActivityManager(  881): Start proc 8720:com.android.musicfx/u0a29 for broadcast com.android.musicfx/.Compatibility$Receiver
W/ActivityManager(  881): Permission Denial: Accessing service ComponentInfo{com.google.android.music/com.google.android.music.dial.DialMediaRouteProviderService} from pid=5257, uid=10085 that is not exported from uid 10071
I/InputReader(  881): Reconfiguring input devices.  changes=0x00000010
D/CarrierSvcBindHelper( 3168): No carrier app for: 0
D/CarrierConfigLoader( 3168): mHandler: 9 phoneId: 0
D/RegisteredNfcFServicesCache( 4101): Service unchanged, not updating
W/System  ( 8720): ClassLoader referenced unknown path: /system/priv-app/MusicFX/lib/arm64
I/ActivityManager(  881): Start proc 8740:com.android.vending/u0a30 for broadcast com.android.vending/com.google.android.finsky.receivers.PackageMonitorReceiver$RegisteredReceiver
W/System  ( 8740): ClassLoader referenced unknown path: /system/priv-app/Phonesky/lib/arm64
W/Finsky  ( 8740): [1] com.google.android.finsky.FinskyApp.i(1468): No account configured on this device.
W/Finsky  ( 8740): [1] com.google.android.finsky.FinskyApp.i(1468): No account configured on this device.
W/Finsky  ( 8740): [1] com.google.android.finsky.FinskyApp.i(1468): No account configured on this device.
W/Finsky  ( 8740): [1] com.google.android.finsky.FinskyApp.i(1468): No account configured on this device.
I/Finsky  ( 8740): [1] com.google.android.finsky.FinskyApp.onCreate(430): Initializing network with DFE https://android.clients.google.com/fdfe/
W/Finsky  ( 8740): [1] com.google.android.finsky.FinskyApp.i(1468): No account configured on this device.
W/Finsky  ( 8740): [1] com.google.android.finsky.FinskyApp.i(1468): No account configured on this device.
W/Finsky  ( 8740): [1] com.google.android.finsky.FinskyApp.i(1468): No account configured on this device.
W/Finsky  ( 8740): [1] com.google.android.finsky.FinskyApp.i(1468): No account configured on this device.
W/Finsky  ( 8740): [1] com.google.android.finsky.FinskyApp.i(1468): No account configured on this device.
W/Finsky  ( 8740): [1] com.google.android.finsky.FinskyApp.i(1468): No account configured on this device.
W/Finsky  ( 8740): [1] com.google.android.finsky.FinskyApp.i(1468): No account configured on this device.
W/Finsky  ( 8740): [1] com.google.android.finsky.FinskyApp.i(1468): No account configured on this device.
W/Finsky  ( 8740): [1] com.google.android.finsky.FinskyApp.i(1468): No account configured on this device.
I/Finsky  ( 8740): [1] com.google.android.finsky.services.DailyHygiene.a(171): No need to run daily hygiene.
W/Finsky  ( 8740): [1] com.google.android.finsky.FinskyApp.i(1468): No account configured on this device.
W/Settings( 8740): Setting download_manager_max_bytes_over_mobile has moved from android.provider.Settings.Secure to android.provider.Settings.Global.
W/Settings( 8740): Setting download_manager_recommended_max_bytes_over_mobile has moved from android.provider.Settings.Secure to android.provider.Settings.Global.
W/Finsky  ( 8740): [1] com.google.android.finsky.FinskyApp.i(1468): No account configured on this device.
W/Finsky  ( 8740): [1] com.google.android.finsky.FinskyApp.i(1468): No account configured on this device.
W/Finsky  ( 8740): [1] com.google.android.finsky.FinskyApp.i(1468): No account configured on this device.
W/Finsky  ( 8740): [1] com.google.android.finsky.FinskyApp.i(1468): No account configured on this device.
W/Finsky  ( 8740): [1] com.google.android.finsky.FinskyApp.i(1468): No account configured on this device.
W/Finsky  ( 8740): [1] com.google.android.finsky.FinskyApp.b(1150): No account configured on this device.
W/Finsky  ( 8740): [1] com.google.android.finsky.FinskyApp.i(1468): No account configured on this device.
I/ActivityManager(  881): Start proc 8793:com.google.android.apps.docs/u0a52 for broadcast com.google.android.apps.docs/.receivers.AppPackageAddRemoveReceiver
W/Finsky  ( 8740): [384] com.google.android.finsky.FinskyApp.i(1468): No account configured on this device.
W/System  ( 8793): ClassLoader referenced unknown path: /system/app/Drive/lib/arm64
I/Finsky  ( 8740): [1] com.google.android.finsky.receivers.j.a(1226): Installer kick - no action, not running yet
I/Finsky  ( 8740): [1] com.google.android.finsky.utils.PermissionPolicies$PermissionPolicyService.onStartCommand(117): post-install permissions check for com.careerbuilder.SugarDrone
W/Finsky  ( 8740): [1] com.google.android.finsky.FinskyApp.i(1468): No account configured on this device.
I/Finsky  ( 8740): [1] com.google.android.finsky.utils.bh.run(2302): Package state data is missing for com.careerbuilder.SugarDrone
W/Finsky  ( 8740): [1] com.google.android.finsky.FinskyApp.i(1468): No account configured on this device.
D/AndroidRuntime( 8757): >>>>>> START com.android.internal.os.RuntimeInit uid 2000 <<<<<<
D/AndroidRuntime( 8757): CheckJNI is OFF
I/Finsky  ( 8740): [1] com.google.android.finsky.c.l.a(270): result=false type=4
I/GAv4    ( 8793): Google Analytics 8.4.87 is starting up. To enable debug logging on a device run:
I/GAv4    ( 8793):   adb shell setprop log.tag.GAv4 DEBUG
I/GAv4    ( 8793):   adb logcat -s GAv4
I/Finsky  ( 8740): [1] com.google.android.finsky.services.bc.a(1050): Restore complete with 0 success and 0 failed.
D/ICU     ( 8757): No timezone override file found: /data/misc/zoneinfo/current/icu/icu_tzdata.dat
W/GAv4    ( 8793): AnalyticsReceiver is not registered or is disabled. Register the receiver for reliable dispatching on non-Google Play devices. See http://goo.gl/8Rd3yj for instructions.
W/Finsky  ( 8740): [384] com.google.android.finsky.FinskyApp.i(1468): No account configured on this device.
I/Radio-JNI( 8757): register_android_hardware_Radio DONE
W/GAv4    ( 8793): CampaignTrackingReceiver is not registered, not exported or is disabled. Installation campaign tracking is not possible. See http://goo.gl/8Rd3yj for instructions.
D/AndroidRuntime( 8757): Calling main entry com.android.commands.settings.SettingsCmd
D/AndroidRuntime( 8757): Shutting down VM
W/GAv4    ( 8793): AnalyticsService not registered in the app manifest. Hits might not be delivered reliably. See http://goo.gl/8Rd3yj for instructions.
I/ActivityManager(  881): Killing 5782:com.google.android.partnersetup/u0a25 (adj 906): empty #17
I/ActivityManager(  881): Start proc 8856:com.google.android.partnersetup/u0a25 for broadcast com.google.android.partnersetup/.RlzPingBroadcastReceiver
I/UpdateIcingCorporaServi( 5763): Updating corpora: APPS=com.careerbuilder.SugarDrone, CONTACTS=MAYBE
W/System  ( 8856): ClassLoader referenced unknown path: /system/priv-app/GooglePartnerSetup/lib/arm64
D/Wear_Controller( 4381): Received broadcast action=android.intent.action.PACKAGE_ADDED and uri=com.careerbuilder.SugarDrone
I/PeopleContactsSync( 4381): triggerPendingContactsCleanup: no accounts
W/IcingInternalCorpora( 4381): getNumBytesRead when not calculated.
I/Icing   ( 4381): Usage reports 0 indexed 0 rejected 0 imm upload true
I/UpdateIcingCorporaServi( 5763): UpdateCorporaTask done [took 415 ms] updated apps [took 415 ms] 
D/AndroidRuntime( 8836): >>>>>> START com.android.internal.os.RuntimeInit uid 2000 <<<<<<
D/AndroidRuntime( 8836): CheckJNI is OFF
I/Icing   ( 4381): Usage reports 0 indexed 0 rejected 0 imm upload false
I/Icing   ( 4381): Usage reports 0 indexed 0 rejected 0 imm upload false
D/ICU     ( 8836): No timezone override file found: /data/misc/zoneinfo/current/icu/icu_tzdata.dat
I/Radio-JNI( 8836): register_android_hardware_Radio DONE
D/AndroidRuntime( 8836): Calling main entry com.android.commands.settings.SettingsCmd
D/AndroidRuntime( 8836): Shutting down VM
D/AndroidRuntime( 8900): >>>>>> START com.android.internal.os.RuntimeInit uid 2000 <<<<<<
D/AndroidRuntime( 8900): CheckJNI is OFF
D/ICU     ( 8900): No timezone override file found: /data/misc/zoneinfo/current/icu/icu_tzdata.dat
I/Radio-JNI( 8900): register_android_hardware_Radio DONE
D/AndroidRuntime( 8900): Calling main entry com.android.commands.settings.SettingsCmd
D/AndroidRuntime( 8900): Shutting down VM
I/Icing   ( 4381): Indexing C2CE3B9D8B360B0C5A25C2BEF223F6CB5449AD6A from com.google.android.googlequicksearchbox
I/Icing   ( 4381): Indexing done C2CE3B9D8B360B0C5A25C2BEF223F6CB5449AD6A
I/Icing   ( 4381): Indexing AB6E3D00885C5CBD00E6A1959F599F05594069D7 from com.google.android.gms
I/Icing   ( 4381): Indexing done AB6E3D00885C5CBD00E6A1959F599F05594069D7
D/AndroidRuntime( 8926): >>>>>> START com.android.internal.os.RuntimeInit uid 2000 <<<<<<
D/AndroidRuntime( 8926): CheckJNI is OFF
D/ICU     ( 8926): No timezone override file found: /data/misc/zoneinfo/current/icu/icu_tzdata.dat
I/Radio-JNI( 8926): register_android_hardware_Radio DONE
D/AndroidRuntime( 8926): Calling main entry com.android.commands.settings.SettingsCmd
D/AndroidRuntime( 8926): Shutting down VM
D/AndroidRuntime( 8947): >>>>>> START com.android.internal.os.RuntimeInit uid 2000 <<<<<<
D/AndroidRuntime( 8947): CheckJNI is OFF
D/ICU     ( 8947): No timezone override file found: /data/misc/zoneinfo/current/icu/icu_tzdata.dat
I/Radio-JNI( 8947): register_android_hardware_Radio DONE
D/AndroidRuntime( 8947): Calling main entry com.android.commands.settings.SettingsCmd
D/AndroidRuntime( 8947): Shutting down VM
D/AndroidRuntime( 8979): >>>>>> START com.android.internal.os.RuntimeInit uid 2000 <<<<<<
D/AndroidRuntime( 8979): CheckJNI is OFF
D/ICU     ( 8979): No timezone override file found: /data/misc/zoneinfo/current/icu/icu_tzdata.dat
I/Radio-JNI( 8979): register_android_hardware_Radio DONE
D/AndroidRuntime( 8979): Calling main entry com.android.commands.pm.Pm
W/MessageQueue( 8979): Handler (android.os.Handler) {c054248} sending message to a Handler on a dead thread
W/MessageQueue( 8979): java.lang.IllegalStateException: Handler (android.os.Handler) {c054248} sending message to a Handler on a dead thread
W/MessageQueue( 8979): 	at android.os.MessageQueue.enqueueMessage(MessageQueue.java:543)
W/MessageQueue( 8979): 	at android.os.Handler.enqueueMessage(Handler.java:643)
W/MessageQueue( 8979): 	at android.os.Handler.sendMessageAtTime(Handler.java:612)
W/MessageQueue( 8979): 	at android.os.Handler.sendMessageDelayed(Handler.java:582)
W/MessageQueue( 8979): 	at android.os.Handler.post(Handler.java:338)
W/MessageQueue( 8979): 	at android.os.ResultReceiver$MyResultReceiver.send(ResultReceiver.java:57)
W/MessageQueue( 8979): 	at com.android.internal.os.IResultReceiver$Stub.onTransact(IResultReceiver.java:58)
W/MessageQueue( 8979): 	at android.os.Binder.execTransact(Binder.java:565)
I/art     ( 8979): System.exit called, status: 0
I/AndroidRuntime( 8979): VM exiting with result code 0.
I/rmt_storage(  395): rmt_storage_connect_cb: clnt_h=0xc conn_h=0x728a42a210
I/rmt_storage(  395): rmt_storage_rw_iovec_cb: /boot/modem_fs2: clnt_h=0x6: req_h=0xc msg_id=3: R/W request received
I/rmt_storage(  395): wakelock acquired: 1, error no: 42
I/rmt_storage(  395): rmt_storage_client_thread: /boot/modem_fs2: clnt_h=0x6 Unblock worker thread (th_id: 491943109712)
I/rmt_storage(  395): rmt_storage_client_thread: /boot/modem_fs2: clnt_h=0x6: req_h=0xc msg_id=3: Bytes written = 1572864
I/rmt_storage(  395): rmt_storage_client_thread: /boot/modem_fs2: clnt_h=0x6: req_h=0xc msg_id=3: Send response: res=0 err=0
I/rmt_storage(  395): rmt_storage_client_thread: /boot/modem_fs2: clnt_h=0x6 About to block rmt_storage client thread (th_id: 491943109712) wakelock released: 1, error no: 0
I/rmt_storage(  395): 
I/rmt_storage(  395): rmt_storage_disconnect_cb: clnt_h=0xc conn_h=0x728a42a210
D/AndroidRuntime( 9037): >>>>>> START com.android.internal.os.RuntimeInit uid 2000 <<<<<<
D/AndroidRuntime( 9037): CheckJNI is OFF
D/ICU     ( 9037): No timezone override file found: /data/misc/zoneinfo/current/icu/icu_tzdata.dat
I/Radio-JNI( 9037): register_android_hardware_Radio DONE
D/AndroidRuntime( 9037): Calling main entry com.android.commands.pm.Pm
W/MessageQueue( 9037): Handler (android.os.Handler) {ee91aff} sending message to a Handler on a dead thread
W/MessageQueue( 9037): java.lang.IllegalStateException: Handler (android.os.Handler) {ee91aff} sending message to a Handler on a dead thread
W/MessageQueue( 9037): 	at android.os.MessageQueue.enqueueMessage(MessageQueue.java:543)
W/MessageQueue( 9037): 	at android.os.Handler.enqueueMessage(Handler.java:643)
W/MessageQueue( 9037): 	at android.os.Handler.sendMessageAtTime(Handler.java:612)
W/MessageQueue( 9037): 	at android.os.Handler.sendMessageDelayed(Handler.java:582)
W/MessageQueue( 9037): 	at android.os.Handler.post(Handler.java:338)
W/MessageQueue( 9037): 	at android.os.ResultReceiver$MyResultReceiver.send(ResultReceiver.java:57)
W/MessageQueue( 9037): 	at com.android.internal.os.IResultReceiver$Stub.onTransact(IResultReceiver.java:58)
W/MessageQueue( 9037): 	at android.os.Binder.execTransact(Binder.java:565)
I/art     ( 9037): System.exit called, status: 0
I/AndroidRuntime( 9037): VM exiting with result code 0.
D/AndroidRuntime( 9122): >>>>>> START com.android.internal.os.RuntimeInit uid 2000 <<<<<<
D/AndroidRuntime( 9122): CheckJNI is OFF
D/ICU     ( 9122): No timezone override file found: /data/misc/zoneinfo/current/icu/icu_tzdata.dat
I/Radio-JNI( 9122): register_android_hardware_Radio DONE
D/AndroidRuntime( 9122): Calling main entry com.android.commands.am.Am
W/ActivityManager(  881): Invalid packageName: com.careerbuilder.SugarDrone.test
D/AndroidRuntime( 9122): Shutting down VM
D/AndroidRuntime( 9153): >>>>>> START com.android.internal.os.RuntimeInit uid 2000 <<<<<<
D/AndroidRuntime( 9153): CheckJNI is OFF
D/ICU     ( 9153): No timezone override file found: /data/misc/zoneinfo/current/icu/icu_tzdata.dat
I/Radio-JNI( 9153): register_android_hardware_Radio DONE
D/AndroidRuntime( 9153): Calling main entry com.android.commands.pm.Pm
I/        (  512): free_cache(609973) avail 10780291072
I/PackageManager.DexOptimizer(  881): Running dexopt (dex2oat) on: /data/app/vmdl1438950421.tmp/base.apk pkg=com.careerbuilder.SugarDrone.test isa=arm64 vmSafeMode=false debuggable=false target-filter=interpret-only oatDir = /data/app/vmdl1438950421.tmp/oat sharedLibraries=/system/framework/android.test.runner.jar:/system/framework/com.google.android.maps.jar
I/dex2oat ( 9181): /system/bin/dex2oat --compiler-filter=interpret-only -j4
I/dex2oat ( 9181): dex2oat took 721.299ms (threads: 4) arena alloc=185KB (189480B) java alloc=2MB (2265920B) native alloc=2MB (2696248B) free=2MB (2546632B)
W/PackageManager(  881): Not granting permission android.permission.ACCESS_MOCK_LOCATION to package com.careerbuilder.SugarDrone.test (protectionLevel=2 flags=0x1800be44)
V/BackupManagerService(  881): restoreAtInstall pkg=com.careerbuilder.SugarDrone.test token=6 restoreSet=0
V/BackupManagerService(  881): Finishing install immediately
I/art     (  881): Starting a blocking GC Explicit
I/art     (  881): Explicit concurrent mark sweep GC freed 11734(858KB) AllocSpace objects, 4(80KB) LOS objects, 33% free, 15MB/23MB, paused 1.603ms total 111.364ms
V/JNIHelp ( 8793): Registering com/google/android/gms/org/conscrypt/NativeCrypto's 242 native methods...
E/        (  512): Couldn't opendir /data/app/vmdl1438950421.tmp: No such file or directory
W/ActivityManager(  881): Permission Denial: Accessing service ComponentInfo{com.google.android.music/com.google.android.music.dial.DialMediaRouteProviderService} from pid=5257, uid=10085 that is not exported from uid 10071
I/InputReader(  881): Reconfiguring input devices.  changes=0x00000010
I/art     ( 9153): System.exit called, status: 0
I/AndroidRuntime( 9153): VM exiting with result code 0.
D/RegisteredNfcFServicesCache( 4101): Service unchanged, not updating
D/CarrierSvcBindHelper( 3168): No carrier app for: 0
D/CarrierConfigLoader( 3168): mHandler: 9 phoneId: 0
I/Finsky  ( 8740): [1] com.google.android.finsky.utils.PermissionPolicies$PermissionPolicyService.onStartCommand(117): post-install permissions check for com.careerbuilder.SugarDrone.test
W/Finsky  ( 8740): [1] com.google.android.finsky.FinskyApp.i(1468): No account configured on this device.
I/Finsky  ( 8740): [1] com.google.android.finsky.utils.bh.run(2302): Package state data is missing for com.careerbuilder.SugarDrone.test
W/Finsky  ( 8740): [1] com.google.android.finsky.FinskyApp.i(1468): No account configured on this device.
I/UpdateIcingCorporaServi( 5763): Updating corpora: APPS=com.careerbuilder.SugarDrone.test, CONTACTS=MAYBE
I/PeopleContactsSync( 4381): triggerPendingContactsCleanup: no accounts
D/Wear_Controller( 4381): Received broadcast action=android.intent.action.PACKAGE_ADDED and uri=com.careerbuilder.SugarDrone.test
I/UpdateIcingCorporaServi( 5763): UpdateCorporaTask done [took 99 ms] updated apps [took 99 ms] 
W/IcingInternalCorpora( 4381): getNumBytesRead when not calculated.
D/NetworkSecurityConfig( 8793): No Network Security Config specified, using platform default
I/ProviderInstaller( 8793): Installed default security provider GmsCore_OpenSSL
I/Icing   ( 4381): Usage reports 0 indexed 0 rejected 0 imm upload false
I/Icing   ( 4381): Usage reports 0 indexed 0 rejected 0 imm upload false
D/AndroidRuntime( 9231): >>>>>> START com.android.internal.os.RuntimeInit uid 2000 <<<<<<
D/AndroidRuntime( 9231): CheckJNI is OFF
D/ICU     ( 9231): No timezone override file found: /data/misc/zoneinfo/current/icu/icu_tzdata.dat
I/Radio-JNI( 9231): register_android_hardware_Radio DONE
D/AndroidRuntime( 9231): Calling main entry com.android.commands.settings.SettingsCmd
D/AndroidRuntime( 9231): Shutting down VM
I/Icing   ( 4381): Indexing AB6E3D00885C5CBD00E6A1959F599F05594069D7 from com.google.android.gms
I/Icing   ( 4381): Indexing done AB6E3D00885C5CBD00E6A1959F599F05594069D7
D/AndroidRuntime( 9258): >>>>>> START com.android.internal.os.RuntimeInit uid 2000 <<<<<<
D/AndroidRuntime( 9258): CheckJNI is OFF
D/ICU     ( 9258): No timezone override file found: /data/misc/zoneinfo/current/icu/icu_tzdata.dat
I/Radio-JNI( 9258): register_android_hardware_Radio DONE
D/AndroidRuntime( 9258): Calling main entry com.android.commands.settings.SettingsCmd
D/AndroidRuntime( 9258): Shutting down VM
D/AndroidRuntime( 9286): >>>>>> START com.android.internal.os.RuntimeInit uid 2000 <<<<<<
D/AndroidRuntime( 9286): CheckJNI is OFF
D/ICU     ( 9286): No timezone override file found: /data/misc/zoneinfo/current/icu/icu_tzdata.dat
I/Radio-JNI( 9286): register_android_hardware_Radio DONE
D/AndroidRuntime( 9286): Calling main entry com.android.commands.settings.SettingsCmd
D/AndroidRuntime( 9286): Shutting down VM
D/AndroidRuntime( 9313): >>>>>> START com.android.internal.os.RuntimeInit uid 2000 <<<<<<
D/AndroidRuntime( 9313): CheckJNI is OFF
D/ICU     ( 9313): No timezone override file found: /data/misc/zoneinfo/current/icu/icu_tzdata.dat
I/Radio-JNI( 9313): register_android_hardware_Radio DONE
D/AndroidRuntime( 9313): Calling main entry com.android.commands.settings.SettingsCmd
D/AndroidRuntime( 9313): Shutting down VM
D/AndroidRuntime( 9337): >>>>>> START com.android.internal.os.RuntimeInit uid 2000 <<<<<<
D/AndroidRuntime( 9337): CheckJNI is OFF
D/ICU     ( 9337): No timezone override file found: /data/misc/zoneinfo/current/icu/icu_tzdata.dat
I/Radio-JNI( 9337): register_android_hardware_Radio DONE
D/AndroidRuntime( 9337): Calling main entry com.android.commands.settings.SettingsCmd
D/AndroidRuntime( 9337): Shutting down VM
D/AndroidRuntime( 9367): >>>>>> START com.android.internal.os.RuntimeInit uid 2000 <<<<<<
D/AndroidRuntime( 9367): CheckJNI is OFF
D/ICU     ( 9367): No timezone override file found: /data/misc/zoneinfo/current/icu/icu_tzdata.dat
I/Radio-JNI( 9367): register_android_hardware_Radio DONE
D/AndroidRuntime( 9367): Calling main entry com.android.commands.pm.Pm
I/art     ( 9367): System.exit called, status: 0
I/AndroidRuntime( 9367): VM exiting with result code 0.
W/MessageQueue( 9367): Handler (android.os.Handler) {ed7359e} sending message to a Handler on a dead thread
W/MessageQueue( 9367): java.lang.IllegalStateException: Handler (android.os.Handler) {ed7359e} sending message to a Handler on a dead thread
W/MessageQueue( 9367): 	at android.os.MessageQueue.enqueueMessage(MessageQueue.java:543)
W/MessageQueue( 9367): 	at android.os.Handler.enqueueMessage(Handler.java:643)
W/MessageQueue( 9367): 	at android.os.Handler.sendMessageAtTime(Handler.java:612)
W/MessageQueue( 9367): 	at android.os.Handler.sendMessageDelayed(Handler.java:582)
W/MessageQueue( 9367): 	at android.os.Handler.post(Handler.java:338)
W/MessageQueue( 9367): 	at android.os.ResultReceiver$MyResultReceiver.send(ResultReceiver.java:57)
W/MessageQueue( 9367): 	at com.android.internal.os.IResultReceiver$Stub.onTransact(IResultReceiver.java:58)
W/MessageQueue( 9367): 	at android.os.Binder.execTransact(Binder.java:565)
D/AndroidRuntime( 9424): >>>>>> START com.android.internal.os.RuntimeInit uid 2000 <<<<<<
D/AndroidRuntime( 9424): CheckJNI is OFF
D/ICU     ( 9424): No timezone override file found: /data/misc/zoneinfo/current/icu/icu_tzdata.dat
I/Radio-JNI( 9424): register_android_hardware_Radio DONE
D/AndroidRuntime( 9424): Calling main entry com.android.commands.pm.Pm
W/MessageQueue( 9424): Handler (android.os.Handler) {619c618} sending message to a Handler on a dead thread
W/MessageQueue( 9424): java.lang.IllegalStateException: Handler (android.os.Handler) {619c618} sending message to a Handler on a dead thread
W/MessageQueue( 9424): 	at android.os.MessageQueue.enqueueMessage(MessageQueue.java:543)
W/MessageQueue( 9424): 	at android.os.Handler.enqueueMessage(Handler.java:643)
W/MessageQueue( 9424): 	at android.os.Handler.sendMessageAtTime(Handler.java:612)
W/MessageQueue( 9424): 	at android.os.Handler.sendMessageDelayed(Handler.java:582)
W/MessageQueue( 9424): 	at android.os.Handler.post(Handler.java:338)
W/MessageQueue( 9424): 	at android.os.ResultReceiver$MyResultReceiver.send(ResultReceiver.java:57)
W/MessageQueue( 9424): 	at com.android.internal.os.IResultReceiver$Stub.onTransact(IResultReceiver.java:58)
W/MessageQueue( 9424): 	at android.os.Binder.execTransact(Binder.java:565)
I/art     ( 9424): System.exit called, status: 0
I/AndroidRuntime( 9424): VM exiting with result code 0.
I/ActivityManager(  881): Killing 7371:com.google.android.gms.unstable/u0a18 (adj 906): empty #17
I/ActivityManager(  881): Killing 5576:com.android.printspooler/u0a80 (adj 906): empty #17
D/AndroidRuntime( 9495): >>>>>> START com.android.internal.os.RuntimeInit uid 2000 <<<<<<
D/AndroidRuntime( 9495): CheckJNI is OFF
D/ICU     ( 9495): No timezone override file found: /data/misc/zoneinfo/current/icu/icu_tzdata.dat
I/Radio-JNI( 9495): register_android_hardware_Radio DONE
D/AndroidRuntime( 9495): Calling main entry com.android.commands.input.Input
I/Input   ( 9495): injectKeyEvent: KeyEvent { action=ACTION_DOWN, keyCode=KEYCODE_BACK, scanCode=0, metaState=0, flags=0x0, repeatCount=0, eventTime=261225, downTime=261225, deviceId=-1, source=0x101 }
I/Input   ( 9495): injectKeyEvent: KeyEvent { action=ACTION_UP, keyCode=KEYCODE_BACK, scanCode=0, metaState=0, flags=0x0, repeatCount=0, eventTime=261225, downTime=261225, deviceId=-1, source=0x101 }
D/AndroidRuntime( 9495): Shutting down VM
D/AndroidRuntime( 9554): >>>>>> START com.android.internal.os.RuntimeInit uid 2000 <<<<<<
D/AndroidRuntime( 9554): CheckJNI is OFF
D/ICU     ( 9554): No timezone override file found: /data/misc/zoneinfo/current/icu/icu_tzdata.dat
I/Radio-JNI( 9554): register_android_hardware_Radio DONE
D/AndroidRuntime( 9554): Calling main entry com.android.commands.input.Input
I/Input   ( 9554): injectKeyEvent: KeyEvent { action=ACTION_DOWN, keyCode=KEYCODE_HOME, scanCode=0, metaState=0, flags=0x0, repeatCount=0, eventTime=263119, downTime=263119, deviceId=-1, source=0x101 }
I/Input   ( 9554): injectKeyEvent: KeyEvent { action=ACTION_UP, keyCode=KEYCODE_HOME, scanCode=0, metaState=0, flags=0x0, repeatCount=0, eventTime=263119, downTime=263119, deviceId=-1, source=0x101 }
I/ActivityManager(  881): START u0 {act=android.intent.action.MAIN cat=[android.intent.category.HOME] flg=0x10200000 cmp=com.google.android.googlequicksearchbox/com.google.android.launcher.GEL (has extras)} from uid 1000 on display 0
D/AndroidRuntime( 9554): Shutting down VM
I/GEL     ( 4163): handleIntent(Intent { act=android.intent.action.MAIN cat=[android.intent.category.HOME] flg=0x10200000 cmp=com.google.android.googlequicksearchbox/com.google.android.launcher.GEL (has extras) })
D/AndroidRuntime( 9592): >>>>>> START com.android.internal.os.RuntimeInit uid 2000 <<<<<<
D/AndroidRuntime( 9592): CheckJNI is OFF
D/ICU     ( 9592): No timezone override file found: /data/misc/zoneinfo/current/icu/icu_tzdata.dat
I/Radio-JNI( 9592): register_android_hardware_Radio DONE
D/AndroidRuntime( 9592): Calling main entry com.android.commands.input.Input
I/Input   ( 9592): injectKeyEvent: KeyEvent { action=ACTION_DOWN, keyCode=KEYCODE_BACK, scanCode=0, metaState=0, flags=0x0, repeatCount=0, eventTime=264549, downTime=264549, deviceId=-1, source=0x101 }
I/Input   ( 9592): injectKeyEvent: KeyEvent { action=ACTION_UP, keyCode=KEYCODE_BACK, scanCode=0, metaState=0, flags=0x0, repeatCount=0, eventTime=264549, downTime=264549, deviceId=-1, source=0x101 }
D/AndroidRuntime( 9592): Shutting down VM
D/AndroidRuntime( 9629): >>>>>> START com.android.internal.os.RuntimeInit uid 2000 <<<<<<
D/AndroidRuntime( 9629): CheckJNI is OFF
D/ICU     ( 9629): No timezone override file found: /data/misc/zoneinfo/current/icu/icu_tzdata.dat
I/Radio-JNI( 9629): register_android_hardware_Radio DONE
D/AndroidRuntime( 9629): Calling main entry com.android.commands.am.Am
I/ActivityManager(  881): Force stopping com.careerbuilder.SugarDrone appid=18772 user=0: start instr
I/ActivityManager(  881): Start proc 9656:com.careerbuilder.SugarDrone/u0a8772 for added application com.careerbuilder.SugarDrone
I/art     ( 9656): Late-enabling -Xcheck:jni
W/Finsky  ( 8740): [382] com.google.android.finsky.FinskyApp.i(1468): No account configured on this device.
W/System  ( 9656): ClassLoader referenced unknown path: /data/app/com.careerbuilder.SugarDrone.test-1/lib/arm64
W/System  ( 9656): ClassLoader referenced unknown path: 
I/Finsky  ( 8740): [382] com.google.android.finsky.c.e.run(1151): Replicating app states via AMAS.
W/monodroid( 9656): Using override path: /data/user/0/com.careerbuilder.SugarDrone/files/.__override__
W/monodroid( 9656): Trying to load sgen from: /data/user/0/com.careerbuilder.SugarDrone/files/.__override__/libmonosgen-2.0.so
W/monodroid( 9656): Trying to load sgen from: /storage/emulated/0/Android/data/com.careerbuilder.SugarDrone/files/.__override__/libmonosgen-2.0.so
W/monodroid( 9656): Trying to load sgen from: /data/app/com.careerbuilder.SugarDrone-1/lib/arm/libmonosgen-2.0.so
I/Finsky  ( 8740): [382] com.google.android.finsky.c.c.a(311): Completed 0 account content syncs with 0 successful.
I/Finsky  ( 8740): [1] com.google.android.finsky.services.j.a(149): Installation state replication succeeded.
D/Mono    ( 9656): Image addref mscorlib[0xe6dcc5a0] -> mscorlib.dll[0xdd375400]: 2
D/Mono    ( 9656): Prepared to set up assembly 'mscorlib' (mscorlib.dll)
D/Mono    ( 9656): AOT module 'mscorlib.dll.so' not found: dlopen failed: library "/data/app/com.careerbuilder.SugarDrone-1/lib/arm/libaot-mscorlib.dll.so" not found
D/Mono    ( 9656): AOT module '/Users/builder/data/lanes/4009/f3074d2c/source/monodroid/builds/install/mono-armv6/lib/mono/aot-cache/arm/mscorlib.dll.so' not found: dlopen failed: library "/data/app/com.careerbuilder.SugarDrone-1/lib/arm/libaot-mscorlib.dll.so" not found
D/Mono    ( 9656): Config attempting to parse: 'mscorlib.dll.config'.
D/Mono    ( 9656): Config attempting to parse: '/Users/builder/data/lanes/4009/f3074d2c/source/monodroid/builds/install/mono-armv6/etc/mono/assemblies/mscorlib/mscorlib.config'.
D/Mono    ( 9656): Assembly mscorlib[0xe6dcc5a0] added to domain RootDomain, ref_count=1
D/Mono    ( 9656): Image addref CareerBuilder_Search.Droid[0xe6dcc780] -> CareerBuilder_Search.Droid.dll[0xdd376300]: 2
D/Mono    ( 9656): Prepared to set up assembly 'CareerBuilder_Search.Droid' (CareerBuilder_Search.Droid.dll)
D/Mono    ( 9656): Assembly CareerBuilder_Search.Droid[0xe6dcc780] added to domain RootDomain, ref_count=1
D/Mono    ( 9656): AOT module 'CareerBuilder_Search.Droid.dll.so' not found: dlopen failed: library "/data/app/com.careerbuilder.SugarDrone-1/lib/arm/libaot-CareerBuilder_Search.Droid.dll.so" not found
D/Mono    ( 9656): AOT module '/Users/builder/data/lanes/4009/f3074d2c/source/monodroid/builds/install/mono-armv6/lib/mono/aot-cache/arm/CareerBuilder_Search.Droid.dll.so' not found: dlopen failed: library "/data/app/com.careerbuilder.SugarDrone-1/lib/arm/libaot-CareerBuilder_Search.Droid.dll.so" not found
D/Mono    ( 9656): Config attempting to parse: 'CareerBuilder_Search.Droid.dll.config'.
D/Mono    ( 9656): Config attempting to parse: '/Users/builder/data/lanes/4009/f3074d2c/source/monodroid/builds/install/mono-armv6/etc/mono/assemblies/CareerBuilder_Search.Droid/CareerBuilder_Search.Droid.config'.
D/Mono    ( 9656): Image addref AppsFlyerXamarinBindingAndroid[0xe6dcc840] -> AppsFlyerXamarinBindingAndroid.dll[0xdd376800]: 2
D/Mono    ( 9656): Prepared to set up assembly 'AppsFlyerXamarinBindingAndroid' (AppsFlyerXamarinBindingAndroid.dll)
D/Mono    ( 9656): Assembly AppsFlyerXamarinBindingAndroid[0xe6dcc840] added to domain RootDomain, ref_count=1
D/Mono    ( 9656): AOT module 'AppsFlyerXamarinBindingAndroid.dll.so' not found: dlopen failed: library "/data/app/com.careerbuilder.SugarDrone-1/lib/arm/libaot-AppsFlyerXamarinBindingAndroid.dll.so" not found
D/Mono    ( 9656): AOT module '/Users/builder/data/lanes/4009/f3074d2c/source/monodroid/builds/install/mono-armv6/lib/mono/aot-cache/arm/AppsFlyerXamarinBindingAndroid.dll.so' not found: dlopen failed: library "/data/app/com.careerbuilder.SugarDrone-1/lib/arm/libaot-AppsFlyerXamarinBindingAndroid.dll.so" not found
D/Mono    ( 9656): Config attempting to parse: 'AppsFlyerXamarinBindingAndroid.dll.config'.
D/Mono    ( 9656): Config attempting to parse: '/Users/builder/data/lanes/4009/f3074d2c/source/monodroid/builds/install/mono-armv6/etc/mono/assemblies/AppsFlyerXamarinBindingAndroid/AppsFlyerXamarinBindingAndroid.config'.
D/Mono    ( 9656): Image addref HockeySDK[0xe6dccae0] -> HockeySDK.dll[0xdd376d00]: 2
D/Mono    ( 9656): Prepared to set up assembly 'HockeySDK' (HockeySDK.dll)
D/Mono    ( 9656): Assembly HockeySDK[0xe6dccae0] added to domain RootDomain, ref_count=1
D/Mono    ( 9656): AOT module 'HockeySDK.dll.so' not found: dlopen failed: library "/data/app/com.careerbuilder.SugarDrone-1/lib/arm/libaot-HockeySDK.dll.so" not found
D/Mono    ( 9656): AOT module '/Users/builder/data/lanes/4009/f3074d2c/source/monodroid/builds/install/mono-armv6/lib/mono/aot-cache/arm/HockeySDK.dll.so' not found: dlopen failed: library "/data/app/com.careerbuilder.SugarDrone-1/lib/arm/libaot-HockeySDK.dll.so" not found
D/Mono    ( 9656): Config attempting to parse: 'HockeySDK.dll.config'.
D/Mono    ( 9656): Config attempting to parse: '/Users/builder/data/lanes/4009/f3074d2c/source/monodroid/builds/install/mono-armv6/etc/mono/assemblies/HockeySDK/HockeySDK.config'.
D/Mono    ( 9656): Image addref Akavache[0xe6dccba0] -> Akavache.dll[0xdd377200]: 2
D/Mono    ( 9656): Prepared to set up assembly 'Akavache' (Akavache.dll)
D/Mono    ( 9656): Assembly Akavache[0xe6dccba0] added to domain RootDomain, ref_count=1
D/Mono    ( 9656): AOT module 'Akavache.dll.so' not found: dlopen failed: library "/data/app/com.careerbuilder.SugarDrone-1/lib/arm/libaot-Akavache.dll.so" not found
D/Mono    ( 9656): AOT module '/Users/builder/data/lanes/4009/f3074d2c/source/monodroid/builds/install/mono-armv6/lib/mono/aot-cache/arm/Akavache.dll.so' not found: dlopen failed: library "/data/app/com.careerbuilder.SugarDrone-1/lib/arm/libaot-Akavache.dll.so" not found
D/Mono    ( 9656): Config attempting to parse: 'Akavache.dll.config'.
D/Mono    ( 9656): Config attempting to parse: '/Users/builder/data/lanes/4009/f3074d2c/source/monodroid/builds/install/mono-armv6/etc/mono/assemblies/Akavache/Akavache.config'.
D/Mono    ( 9656): Image addref Akavache.Sqlite3[0xe6dccd20] -> Akavache.Sqlite3.dll[0xdd377700]: 2
D/Mono    ( 9656): Prepared to set up assembly 'Akavache.Sqlite3' (Akavache.Sqlite3.dll)
D/Mono    ( 9656): Assembly Akavache.Sqlite3[0xe6dccd20] added to domain RootDomain, ref_count=1
D/Mono    ( 9656): AOT module 'Akavache.Sqlite3.dll.so' not found: dlopen failed: library "/data/app/com.careerbuilder.SugarDrone-1/lib/arm/libaot-Akavache.Sqlite3.dll.so" not found
D/Mono    ( 9656): AOT module '/Users/builder/data/lanes/4009/f3074d2c/source/monodroid/builds/install/mono-armv6/lib/mono/aot-cache/arm/Akavache.Sqlite3.dll.so' not found: dlopen failed: library "/data/app/com.careerbuilder.SugarDrone-1/lib/arm/libaot-Akavache.Sqlite3.dll.so" not found
W/        ( 9656): Symbol file LoadedFromMemory doesn't match image Akavache.Sqlite3.dll
D/Mono    ( 9656): Config attempting to parse: 'Akavache.Sqlite3.dll.config'.
D/Mono    ( 9656): Config attempting to parse: '/Users/builder/data/lanes/4009/f3074d2c/source/monodroid/builds/install/mono-armv6/etc/mono/assemblies/Akavache.Sqlite3/Akavache.Sqlite3.config'.
D/Mono    ( 9656): Image addref Splat[0xe6dccd80] -> Splat.dll[0xdd377c00]: 2
D/Mono    ( 9656): Prepared to set up assembly 'Splat' (Splat.dll)
D/Mono    ( 9656): Assembly Splat[0xe6dccd80] added to domain RootDomain, ref_count=1
D/Mono    ( 9656): AOT module 'Splat.dll.so' not found: dlopen failed: library "/data/app/com.careerbuilder.SugarDrone-1/lib/arm/libaot-Splat.dll.so" not found
D/Mono    ( 9656): AOT module '/Users/builder/data/lanes/4009/f3074d2c/source/monodroid/builds/install/mono-armv6/lib/mono/aot-cache/arm/Splat.dll.so' not found: dlopen failed: library "/data/app/com.careerbuilder.SugarDrone-1/lib/arm/libaot-Splat.dll.so" not found
D/Mono    ( 9656): Config attempting to parse: 'Splat.dll.config'.
D/Mono    ( 9656): Config attempting to parse: '/Users/builder/data/lanes/4009/f3074d2c/source/monodroid/builds/install/mono-armv6/etc/mono/assemblies/Splat/Splat.config'.
D/Mono    ( 9656): Image addref Microsoft.Practices.ServiceLocation[0xe6dccde0] -> Microsoft.Practices.ServiceLocation.dll[0xdd378100]: 2
D/Mono    ( 9656): Prepared to set up assembly 'Microsoft.Practices.ServiceLocation' (Microsoft.Practices.ServiceLocation.dll)
D/Mono    ( 9656): Assembly Microsoft.Practices.ServiceLocation[0xe6dccde0] added to domain RootDomain, ref_count=1
D/Mono    ( 9656): AOT module 'Microsoft.Practices.ServiceLocation.dll.so' not found: dlopen failed: library "/data/app/com.careerbuilder.SugarDrone-1/lib/arm/libaot-Microsoft.Practices.ServiceLocation.dll.so" not found
D/Mono    ( 9656): AOT module '/Users/builder/data/lanes/4009/f3074d2c/source/monodroid/builds/install/mono-armv6/lib/mono/aot-cache/arm/Microsoft.Practices.ServiceLocation.dll.so' not found: dlopen failed: library "/data/app/com.careerbuilder.SugarDrone-1/lib/arm/libaot-Microsoft.Practices.ServiceLocation.dll.so" not found
D/Mono    ( 9656): Config attempting to parse: 'Microsoft.Practices.ServiceLocation.dll.config'.
D/Mono    ( 9656): Config attempting to parse: '/Users/builder/data/lanes/4009/f3074d2c/source/monodroid/builds/install/mono-armv6/etc/mono/assemblies/Microsoft.Practices.ServiceLocation/Microsoft.Practices.ServiceLocation.config'.
D/Mono    ( 9656): Image addref Microsoft.Practices.Unity[0xe6dcce40] -> Microsoft.Practices.Unity.dll[0xdd378600]: 2
D/Mono    ( 9656): Prepared to set up assembly 'Microsoft.Practices.Unity' (Microsoft.Practices.Unity.dll)
D/Mono    ( 9656): Assembly Microsoft.Practices.Unity[0xe6dcce40] added to domain RootDomain, ref_count=1
D/Mono    ( 9656): AOT module 'Microsoft.Practices.Unity.dll.so' not found: dlopen failed: library "/data/app/com.careerbuilder.SugarDrone-1/lib/arm/libaot-Microsoft.Practices.Unity.dll.so" not found
D/Mono    ( 9656): AOT module '/Users/builder/data/lanes/4009/f3074d2c/source/monodroid/builds/install/mono-armv6/lib/mono/aot-cache/arm/Microsoft.Practices.Unity.dll.so' not found: dlopen failed: library "/data/app/com.careerbuilder.SugarDrone-1/lib/arm/libaot-Microsoft.Practices.Unity.dll.so" not found
D/Mono    ( 9656): Config attempting to parse: 'Microsoft.Practices.Unity.dll.config'.
D/Mono    ( 9656): Config attempting to parse: '/Users/builder/data/lanes/4009/f3074d2c/source/monodroid/builds/install/mono-armv6/etc/mono/assemblies/Microsoft.Practices.Unity/Microsoft.Practices.Unity.config'.
D/Mono    ( 9656): Image addref Plugin.CurrentActivity[0xe6dccea0] -> Plugin.CurrentActivity.dll[0xdd378b00]: 2
D/Mono    ( 9656): Prepared to set up assembly 'Plugin.CurrentActivity' (Plugin.CurrentActivity.dll)
D/Mono    ( 9656): Assembly Plugin.CurrentActivity[0xe6dccea0] added to domain RootDomain, ref_count=1
D/Mono    ( 9656): AOT module 'Plugin.CurrentActivity.dll.so' not found: dlopen failed: library "/data/app/com.careerbuilder.SugarDrone-1/lib/arm/libaot-Plugin.CurrentActivity.dll.so" not found
D/Mono    ( 9656): AOT module '/Users/builder/data/lanes/4009/f3074d2c/source/monodroid/builds/install/mono-armv6/lib/mono/aot-cache/arm/Plugin.CurrentActivity.dll.so' not found: dlopen failed: library "/data/app/com.careerbuilder.SugarDrone-1/lib/arm/libaot-Plugin.CurrentActivity.dll.so" not found
D/Mono    ( 9656): Config attempting to parse: 'Plugin.CurrentActivity.dll.config'.
D/Mono    ( 9656): Config attempting to parse: '/Users/builder/data/lanes/4009/f3074d2c/source/monodroid/builds/install/mono-armv6/etc/mono/assemblies/Plugin.CurrentActivity/Plugin.CurrentActivity.config'.
D/Mono    ( 9656): Image addref Plugin.Permissions[0xe6dccf00] -> Plugin.Permissions.dll[0xdab61000]: 2
D/Mono    ( 9656): Prepared to set up assembly 'Plugin.Permissions' (Plugin.Permissions.dll)
D/Mono    ( 9656): Assembly Plugin.Permissions[0xe6dccf00] added to domain RootDomain, ref_count=1
D/Mono    ( 9656): AOT module 'Plugin.Permissions.dll.so' not found: dlopen failed: library "/data/app/com.careerbuilder.SugarDrone-1/lib/arm/libaot-Plugin.Permissions.dll.so" not found
D/Mono    ( 9656): AOT module '/Users/builder/data/lanes/4009/f3074d2c/source/monodroid/builds/install/mono-armv6/lib/mono/aot-cache/arm/Plugin.Permissions.dll.so' not found: dlopen failed: library "/data/app/com.careerbuilder.SugarDrone-1/lib/arm/libaot-Plugin.Permissions.dll.so" not found
D/Mono    ( 9656): Config attempting to parse: 'Plugin.Permissions.dll.config'.
D/Mono    ( 9656): Config attempting to parse: '/Users/builder/data/lanes/4009/f3074d2c/source/monodroid/builds/install/mono-armv6/etc/mono/assemblies/Plugin.Permissions/Plugin.Permissions.config'.
D/Mono    ( 9656): Image addref Plugin.Permissions.Abstractions[0xe6dccf60] -> Plugin.Permissions.Abstractions.dll[0xdab61500]: 2
D/Mono    ( 9656): Prepared to set up assembly 'Plugin.Permissions.Abstractions' (Plugin.Permissions.Abstractions.dll)
D/Mono    ( 9656): Assembly Plugin.Permissions.Abstractions[0xe6dccf60] added to domain RootDomain, ref_count=1
D/Mono    ( 9656): AOT module 'Plugin.Permissions.Abstractions.dll.so' not found: dlopen failed: library "/data/app/com.careerbuilder.SugarDrone-1/lib/arm/libaot-Plugin.Permissions.Abstractions.dll.so" not found
D/Mono    ( 9656): AOT module '/Users/builder/data/lanes/4009/f3074d2c/source/monodroid/builds/install/mono-armv6/lib/mono/aot-cache/arm/Plugin.Permissions.Abstractions.dll.so' not found: dlopen failed: library "/data/app/com.careerbuilder.SugarDrone-1/lib/arm/libaot-Plugin.Permissions.Abstractions.dll.so" not found
D/Mono    ( 9656): Config attempting to parse: 'Plugin.Permissions.Abstractions.dll.config'.
D/Mono    ( 9656): Config attempting to parse: '/Users/builder/data/lanes/4009/f3074d2c/source/monodroid/builds/install/mono-armv6/etc/mono/assemblies/Plugin.Permissions.Abstractions/Plugin.Permissions.Abstractions.config'.
D/Mono    ( 9656): Image addref Plugin.Geolocator[0xe6dccfc0] -> Plugin.Geolocator.dll[0xdab61a00]: 2
D/Mono    ( 9656): Prepared to set up assembly 'Plugin.Geolocator' (Plugin.Geolocator.dll)
D/Mono    ( 9656): Assembly Plugin.Geolocator[0xe6dccfc0] added to domain RootDomain, ref_count=1
D/Mono    ( 9656): AOT module 'Plugin.Geolocator.dll.so' not found: dlopen failed: library "/data/app/com.careerbuilder.SugarDrone-1/lib/arm/libaot-Plugin.Geolocator.dll.so" not found
D/Mono    ( 9656): AOT module '/Users/builder/data/lanes/4009/f3074d2c/source/monodroid/builds/install/mono-armv6/lib/mono/aot-cache/arm/Plugin.Geolocator.dll.so' not found: dlopen failed: library "/data/app/com.careerbuilder.SugarDrone-1/lib/arm/libaot-Plugin.Geolocator.dll.so" not found
D/Mono    ( 9656): Config attempting to parse: 'Plugin.Geolocator.dll.config'.
D/Mono    ( 9656): Config attempting to parse: '/Users/builder/data/lanes/4009/f3074d2c/source/monodroid/builds/install/mono-armv6/etc/mono/assemblies/Plugin.Geolocator/Plugin.Geolocator.config'.
D/Mono    ( 9656): Image addref Plugin.Geolocator.Abstractions[0xe6dcd020] -> Plugin.Geolocator.Abstractions.dll[0xdab61f00]: 2
D/Mono    ( 9656): Prepared to set up assembly 'Plugin.Geolocator.Abstractions' (Plugin.Geolocator.Abstractions.dll)
D/Mono    ( 9656): Assembly Plugin.Geolocator.Abstractions[0xe6dcd020] added to domain RootDomain, ref_count=1
D/Mono    ( 9656): AOT module 'Plugin.Geolocator.Abstractions.dll.so' not found: dlopen failed: library "/data/app/com.careerbuilder.SugarDrone-1/lib/arm/libaot-Plugin.Geolocator.Abstractions.dll.so" not found
D/Mono    ( 9656): AOT module '/Users/builder/data/lanes/4009/f3074d2c/source/monodroid/builds/install/mono-armv6/lib/mono/aot-cache/arm/Plugin.Geolocator.Abstractions.dll.so' not found: dlopen failed: library "/data/app/com.careerbuilder.SugarDrone-1/lib/arm/libaot-Plugin.Geolocator.Abstractions.dll.so" not found
D/Mono    ( 9656): Config attempting to parse: 'Plugin.Geolocator.Abstractions.dll.config'.
D/Mono    ( 9656): Config attempting to parse: '/Users/builder/data/lanes/4009/f3074d2c/source/monodroid/builds/install/mono-armv6/etc/mono/assemblies/Plugin.Geolocator.Abstractions/Plugin.Geolocator.Abstractions.config'.
D/Mono    ( 9656): Image addref Plugin.DeviceInfo[0xe6dcd080] -> Plugin.DeviceInfo.dll[0xdab62400]: 2
D/Mono    ( 9656): Prepared to set up assembly 'Plugin.DeviceInfo' (Plugin.DeviceInfo.dll)
D/Mono    ( 9656): Assembly Plugin.DeviceInfo[0xe6dcd080] added to domain RootDomain, ref_count=1
D/Mono    ( 9656): AOT module 'Plugin.DeviceInfo.dll.so' not found: dlopen failed: library "/data/app/com.careerbuilder.SugarDrone-1/lib/arm/libaot-Plugin.DeviceInfo.dll.so" not found
D/Mono    ( 9656): AOT module '/Users/builder/data/lanes/4009/f3074d2c/source/monodroid/builds/install/mono-armv6/lib/mono/aot-cache/arm/Plugin.DeviceInfo.dll.so' not found: dlopen failed: library "/data/app/com.careerbuilder.SugarDrone-1/lib/arm/libaot-Plugin.DeviceInfo.dll.so" not found
D/Mono    ( 9656): Config attempting to parse: 'Plugin.DeviceInfo.dll.config'.
D/Mono    ( 9656): Config attempting to parse: '/Users/builder/data/lanes/4009/f3074d2c/source/monodroid/builds/install/mono-armv6/etc/mono/assemblies/Plugin.DeviceInfo/Plugin.DeviceInfo.config'.
D/Mono    ( 9656): Image addref Plugin.DeviceInfo.Abstractions[0xe6dcd0e0] -> Plugin.DeviceInfo.Abstractions.dll[0xdab62900]: 2
D/Mono    ( 9656): Prepared to set up assembly 'Plugin.DeviceInfo.Abstractions' (Plugin.DeviceInfo.Abstractions.dll)
D/Mono    ( 9656): Assembly Plugin.DeviceInfo.Abstractions[0xe6dcd0e0] added to domain RootDomain, ref_count=1
D/Mono    ( 9656): AOT module 'Plugin.DeviceInfo.Abstractions.dll.so' not found: dlopen failed: library "/data/app/com.careerbuilder.SugarDrone-1/lib/arm/libaot-Plugin.DeviceInfo.Abstractions.dll.so" not found
D/Mono    ( 9656): AOT module '/Users/builder/data/lanes/4009/f3074d2c/source/monodroid/builds/install/mono-armv6/lib/mono/aot-cache/arm/Plugin.DeviceInfo.Abstractions.dll.so' not found: dlopen failed: library "/data/app/com.careerbuilder.SugarDrone-1/lib/arm/libaot-Plugin.DeviceInfo.Abstractions.dll.so" not found
D/Mono    ( 9656): Config attempting to parse: 'Plugin.DeviceInfo.Abstractions.dll.config'.
D/Mono    ( 9656): Config attempting to parse: '/Users/builder/data/lanes/4009/f3074d2c/source/monodroid/builds/install/mono-armv6/etc/mono/assemblies/Plugin.DeviceInfo.Abstractions/Plugin.DeviceInfo.Abstractions.config'.
D/Mono    ( 9656): Image addref Xamarin.GooglePlayServices.Analytics[0xe6dcd140] -> Xamarin.GooglePlayServices.Analytics.dll[0xdab62e00]: 2
D/Mono    ( 9656): Prepared to set up assembly 'Xamarin.GooglePlayServices.Analytics' (Xamarin.GooglePlayServices.Analytics.dll)
D/Mono    ( 9656): Assembly Xamarin.GooglePlayServices.Analytics[0xe6dcd140] added to domain RootDomain, ref_count=1
D/Mono    ( 9656): AOT module 'Xamarin.GooglePlayServices.Analytics.dll.so' not found: dlopen failed: library "/data/app/com.careerbuilder.SugarDrone-1/lib/arm/libaot-Xamarin.GooglePlayServices.Analytics.dll.so" not found
