D/Mono    (10789): Config attempting to parse: 'System.Linq.dll.config'.
D/Mono    (10789): Config attempting to parse: '/Users/builder/data/lanes/4009/f3074d2c/source/monodroid/builds/install/mono-armv6/etc/mono/assemblies/System.Linq/System.Linq.config'.
D/Mono    (10789): Assembly Ref addref Java.Interop[0xe72f5040] -> System.Linq[0xe72f5460]: 2
D/Mono    (10789): Image addref System.Core[0xe72f55e0] -> System.Core.dll[0xe9c31700]: 2
D/Mono    (10789): Prepared to set up assembly 'System.Core' (System.Core.dll)
D/Mono    (10789): Assembly System.Core[0xe72f55e0] added to domain RootDomain, ref_count=1
D/Mono    (10789): AOT module 'System.Core.dll.so' not found: dlopen failed: library "/data/app/com.careerbuilder.SugarDrone-1/lib/arm/libaot-System.Core.dll.so" not found
D/Mono    (10789): AOT module '/Users/builder/data/lanes/4009/f3074d2c/source/monodroid/builds/install/mono-armv6/lib/mono/aot-cache/arm/System.Core.dll.so' not found: dlopen failed: library "/data/app/com.careerbuilder.SugarDrone-1/lib/arm/libaot-System.Core.dll.so" not found
D/Mono    (10789): Config attempting to parse: 'System.Core.dll.config'.
D/Mono    (10789): Config attempting to parse: '/Users/builder/data/lanes/4009/f3074d2c/source/monodroid/builds/install/mono-armv6/etc/mono/assemblies/System.Core/System.Core.config'.
D/Mono    (10789): Assembly Ref addref System.Linq[0xe72f5460] -> System.Core[0xe72f55e0]: 2
D/Mono    (10789): Assembly Ref addref System.Core[0xe72f55e0] -> mscorlib[0xe72f3a20]: 10
D/Mono    (10789): Image addref System.Reflection.Extensions[0xe72f5700] -> System.Reflection.Extensions.dll[0xd2c2fa00]: 2
D/Mono    (10789): Prepared to set up assembly 'System.Reflection.Extensions' (System.Reflection.Extensions.dll)
D/Mono    (10789): Assembly System.Reflection.Extensions[0xe72f5700] added to domain RootDomain, ref_count=1
D/Mono    (10789): AOT module 'System.Reflection.Extensions.dll.so' not found: dlopen failed: library "/data/app/com.careerbuilder.SugarDrone-1/lib/arm/libaot-System.Reflection.Extensions.dll.so" not found
D/Mono    (10789): AOT module '/Users/builder/data/lanes/4009/f3074d2c/source/monodroid/builds/install/mono-armv6/lib/mono/aot-cache/arm/System.Reflection.Extensions.dll.so' not found: dlopen failed: library "/data/app/com.careerbuilder.SugarDrone-1/lib/arm/libaot-System.Reflection.Extensions.dll.so" not found
D/Mono    (10789): Config attempting to parse: 'System.Reflection.Extensions.dll.config'.
D/Mono    (10789): Config attempting to parse: '/Users/builder/data/lanes/4009/f3074d2c/source/monodroid/builds/install/mono-armv6/etc/mono/assemblies/System.Reflection.Extensions/System.Reflection.Extensions.config'.
D/Mono    (10789): Assembly Ref addref Java.Interop[0xe72f5040] -> System.Reflection.Extensions[0xe72f5700]: 2
D/Mono    (10789): Assembly Ref addref System.Reflection.Extensions[0xe72f5700] -> mscorlib[0xe72f3a20]: 11
D/Mono    (10789): Assembly Ref addref Mono.Android[0xe72f4fe0] -> System.Core[0xe72f55e0]: 3
D/Mono    (10789): DllImport searching in: '__Internal' ('(null)').
D/Mono    (10789): Searching for 'monodroid_typemap_managed_to_java'.
D/Mono    (10789): Probing 'monodroid_typemap_managed_to_java'.
D/Mono    (10789): Found as 'monodroid_typemap_managed_to_java'.
D/Mono    (10789): DllImport searching in: '__Internal' ('(null)').
D/Mono    (10789): Searching for 'java_interop_jnienv_alloc_object'.
D/Mono    (10789): Probing 'java_interop_jnienv_alloc_object'.
D/Mono    (10789): Found as 'java_interop_jnienv_alloc_object'.
D/Mono    (10789): DllImport searching in: '__Internal' ('(null)').
D/Mono    (10789): Searching for '_monodroid_gc_wait_for_bridge_processing'.
D/Mono    (10789): Probing '_monodroid_gc_wait_for_bridge_processing'.
D/Mono    (10789): Found as '_monodroid_gc_wait_for_bridge_processing'.
D/Mono    (10789): DllImport searching in: '__Internal' ('(null)').
D/Mono    (10789): Searching for 'java_interop_jnienv_register_natives'.
D/Mono    (10789): Probing 'java_interop_jnienv_register_natives'.
D/Mono    (10789): Found as 'java_interop_jnienv_register_natives'.
D/Mono    (10789): DllImport searching in: '__Internal' ('(null)').
D/Mono    (10789): Searching for 'java_interop_jnienv_call_nonvirtual_void_method_a'.
D/Mono    (10789): Probing 'java_interop_jnienv_call_nonvirtual_void_method_a'.
D/Mono    (10789): Found as 'java_interop_jnienv_call_nonvirtual_void_method_a'.
D/Mono    (10789): DllImport searching in: '__Internal' ('(null)').
D/Mono    (10789): Searching for 'java_interop_jnienv_is_same_object'.
D/Mono    (10789): Probing 'java_interop_jnienv_is_same_object'.
D/Mono    (10789): Found as 'java_interop_jnienv_is_same_object'.
D/Mono    (10789): DllImport searching in: '__Internal' ('(null)').
D/Mono    (10789): Searching for 'java_interop_jnienv_call_static_void_method_a'.
D/Mono    (10789): Probing 'java_interop_jnienv_call_static_void_method_a'.
D/Mono    (10789): Found as 'java_interop_jnienv_call_static_void_method_a'.
D/Mono    (10789): Assembly Ref addref AppsFlyerXamarinBindingAndroid[0xe72f3f00] -> mscorlib[0xe72f3a20]: 12
D/Mono    (10789): Assembly Ref addref AppsFlyerXamarinBindingAndroid[0xe72f3f00] -> Mono.Android[0xe72f4fe0]: 2
D/Mono    (10789): Assembly Ref addref HockeySDK[0xe72f41a0] -> mscorlib[0xe72f3a20]: 13
D/Mono    (10789): Assembly Ref addref HockeySDK[0xe72f41a0] -> Mono.Android[0xe72f4fe0]: 3
D/Mono    (10789): Assembly Ref addref Xamarin.GooglePlayServices.Analytics[0xe72f4680] -> mscorlib[0xe72f3a20]: 14
D/Mono    (10789): Assembly Ref addref Xamarin.GooglePlayServices.Analytics[0xe72f4680] -> Mono.Android[0xe72f4fe0]: 4
D/Mono    (10789): Assembly Ref addref Xamarin.GooglePlayServices.Base[0xe72f46e0] -> mscorlib[0xe72f3a20]: 15
D/Mono    (10789): Assembly Ref addref Xamarin.GooglePlayServices.Base[0xe72f46e0] -> Mono.Android[0xe72f4fe0]: 5
D/Mono    (10789): Assembly Ref addref Xamarin.GooglePlayServices.Basement[0xe72f4740] -> mscorlib[0xe72f3a20]: 16
D/Mono    (10789): Assembly Ref addref Xamarin.GooglePlayServices.Basement[0xe72f4740] -> Mono.Android[0xe72f4fe0]: 6
D/Mono    (10789): Assembly Ref addref FloatingActionButton-Xamarin[0xe72f48c0] -> mscorlib[0xe72f3a20]: 17
D/Mono    (10789): Assembly Ref addref FloatingActionButton-Xamarin[0xe72f48c0] -> Mono.Android[0xe72f4fe0]: 7
D/Mono    (10789): Assembly Ref addref Xamarin.Android.Support.v4[0xe72f4920] -> mscorlib[0xe72f3a20]: 18
D/Mono    (10789): Assembly Ref addref Xamarin.Android.Support.v4[0xe72f4920] -> Mono.Android[0xe72f4fe0]: 8
D/Mono    (10789): Assembly Ref addref Xamarin.Android.Support.v7.RecyclerView[0xe72f4980] -> mscorlib[0xe72f3a20]: 19
D/Mono    (10789): Assembly Ref addref Xamarin.Android.Support.v7.RecyclerView[0xe72f4980] -> Mono.Android[0xe72f4fe0]: 9
D/Mono    (10789): Assembly Ref addref Xamarin.Android.Support.Vector.Drawable[0xe72f49e0] -> mscorlib[0xe72f3a20]: 20
D/Mono    (10789): Assembly Ref addref Xamarin.Android.Support.Vector.Drawable[0xe72f49e0] -> Mono.Android[0xe72f4fe0]: 10
D/Mono    (10789): Assembly Ref addref Xamarin.Android.Support.Animated.Vector.Drawable[0xe72f4a40] -> mscorlib[0xe72f3a20]: 21
D/Mono    (10789): Assembly Ref addref Xamarin.Android.Support.Animated.Vector.Drawable[0xe72f4a40] -> Mono.Android[0xe72f4fe0]: 11
D/Mono    (10789): Assembly Ref addref Xamarin.Android.Support.v7.AppCompat[0xe72f4aa0] -> mscorlib[0xe72f3a20]: 22
D/Mono    (10789): Assembly Ref addref Xamarin.Android.Support.v7.AppCompat[0xe72f4aa0] -> Mono.Android[0xe72f4fe0]: 12
D/Mono    (10789): Assembly Ref addref Xamarin.Android.Support.Design[0xe72f4b00] -> mscorlib[0xe72f3a20]: 23
D/Mono    (10789): Assembly Ref addref Xamarin.Android.Support.Design[0xe72f4b00] -> Mono.Android[0xe72f4fe0]: 13
D/Mono    (10789): Assembly Ref addref Xamarin.Android.Support.v7.CardView[0xe72f4b60] -> mscorlib[0xe72f3a20]: 24
D/Mono    (10789): Assembly Ref addref Xamarin.Android.Support.v7.CardView[0xe72f4b60] -> Mono.Android[0xe72f4fe0]: 14
D/Mono    (10789): Assembly Ref addref FlexboxLayoutXamarinBindingAndroid[0xe72f4ec0] -> mscorlib[0xe72f3a20]: 25
D/Mono    (10789): Assembly Ref addref FlexboxLayoutXamarinBindingAndroid[0xe72f4ec0] -> Mono.Android[0xe72f4fe0]: 15
D/Mono    (10789): Assembly Ref addref CareerBuilder_Search.Droid[0xe72f3cc0] -> Mono.Android[0xe72f4fe0]: 16
D/Mono    (10789): Assembly Ref addref CareerBuilder_Search.Droid[0xe72f3cc0] -> mscorlib[0xe72f3a20]: 26
D/Mono    (10789): Image addref Mono.Android.Export[0xe72f5c40] -> Mono.Android.Export.dll[0xd2c30900]: 2
D/Mono    (10789): Prepared to set up assembly 'Mono.Android.Export' (Mono.Android.Export.dll)
D/Mono    (10789): Assembly Mono.Android.Export[0xe72f5c40] added to domain RootDomain, ref_count=1
D/Mono    (10789): AOT module 'Mono.Android.Export.dll.so' not found: dlopen failed: library "/data/app/com.careerbuilder.SugarDrone-1/lib/arm/libaot-Mono.Android.Export.dll.so" not found
D/Mono    (10789): AOT module '/Users/builder/data/lanes/4009/f3074d2c/source/monodroid/builds/install/mono-armv6/lib/mono/aot-cache/arm/Mono.Android.Export.dll.so' not found: dlopen failed: library "/data/app/com.careerbuilder.SugarDrone-1/lib/arm/libaot-Mono.Android.Export.dll.so" not found
D/Mono    (10789): Config attempting to parse: 'Mono.Android.Export.dll.config'.
D/Mono    (10789): Config attempting to parse: '/Users/builder/data/lanes/4009/f3074d2c/source/monodroid/builds/install/mono-armv6/etc/mono/assemblies/Mono.Android.Export/Mono.Android.Export.config'.
D/Mono    (10789): Assembly Ref addref Mono.Android.Export[0xe72f5c40] -> mscorlib[0xe72f3a20]: 27
D/Mono    (10789): Assembly Ref addref Mono.Android.Export[0xe72f5c40] -> Mono.Android[0xe72f4fe0]: 17
D/Mono    (10789): Image addref System.Xml[0xe72f5b80] -> System.Xml.dll[0xd2c31800]: 2
D/Mono    (10789): Prepared to set up assembly 'System.Xml' (System.Xml.dll)
D/Mono    (10789): Assembly System.Xml[0xe72f5b80] added to domain RootDomain, ref_count=1
D/Mono    (10789): AOT module 'System.Xml.dll.so' not found: dlopen failed: library "/data/app/com.careerbuilder.SugarDrone-1/lib/arm/libaot-System.Xml.dll.so" not found
D/Mono    (10789): AOT module '/Users/builder/data/lanes/4009/f3074d2c/source/monodroid/builds/install/mono-armv6/lib/mono/aot-cache/arm/System.Xml.dll.so' not found: dlopen failed: library "/data/app/com.careerbuilder.SugarDrone-1/lib/arm/libaot-System.Xml.dll.so" not found
D/Mono    (10789): Config attempting to parse: 'System.Xml.dll.config'.
D/Mono    (10789): Config attempting to parse: '/Users/builder/data/lanes/4009/f3074d2c/source/monodroid/builds/install/mono-armv6/etc/mono/assemblies/System.Xml/System.Xml.config'.
D/Mono    (10789): Assembly Ref addref Mono.Android.Export[0xe72f5c40] -> System.Xml[0xe72f5b80]: 2
D/Mono    (10789): Assembly Ref addref System.Xml[0xe72f5b80] -> mscorlib[0xe72f3a20]: 28
D/Mono    (10789): Assembly Ref addref Mono.Android[0xe72f4fe0] -> System.Xml[0xe72f5b80]: 3
D/Mono    (10789): Assembly Ref addref Mono.Android.Export[0xe72f5c40] -> System.Core[0xe72f55e0]: 4
D/Mono    (10789): Image addref System.Net.Http[0xe72f5e20] -> System.Net.Http.dll[0xe9c31c00]: 2
D/Mono    (10789): Prepared to set up assembly 'System.Net.Http' (System.Net.Http.dll)
D/Mono    (10789): Assembly System.Net.Http[0xe72f5e20] added to domain RootDomain, ref_count=1
D/Mono    (10789): AOT module 'System.Net.Http.dll.so' not found: dlopen failed: library "/data/app/com.careerbuilder.SugarDrone-1/lib/arm/libaot-System.Net.Http.dll.so" not found
D/Mono    (10789): AOT module '/Users/builder/data/lanes/4009/f3074d2c/source/monodroid/builds/install/mono-armv6/lib/mono/aot-cache/arm/System.Net.Http.dll.so' not found: dlopen failed: library "/data/app/com.careerbuilder.SugarDrone-1/lib/arm/libaot-System.Net.Http.dll.so" not found
D/Mono    (10789): Config attempting to parse: 'System.Net.Http.dll.config'.
D/Mono    (10789): Config attempting to parse: '/Users/builder/data/lanes/4009/f3074d2c/source/monodroid/builds/install/mono-armv6/etc/mono/assemblies/System.Net.Http/System.Net.Http.config'.
D/Mono    (10789): Assembly Ref addref CareerBuilder_Search.Droid[0xe72f3cc0] -> System.Net.Http[0xe72f5e20]: 2
D/Mono    (10789): Assembly Ref addref System.Net.Http[0xe72f5e20] -> mscorlib[0xe72f3a20]: 29
I/System.out(10789): Calabash loaded Mono
I/calabash(10789): Test server port: 7102
I/InstrumentationBackend(10789): Added:'NullAction', with key:'nullAction'
I/InstrumentationBackend(10789): Added:'GetActivityOrientation', with key:'get_activity_orientation'
I/InstrumentationBackend(10789): Added:'SetActivityOrientation', with key:'set_activity_orientation'
I/InstrumentationBackend(10789): Added:'DpToDevicePixel', with key:'dp_to_device_pixel'
I/InstrumentationBackend(10789): Added:'ClickOnScreen', with key:'click_on_screen'
I/InstrumentationBackend(10789): Added:'DoubleTapCoordinate', with key:'double_tap_coordinate'
I/InstrumentationBackend(10789): Added:'Drag', with key:'drag'
I/InstrumentationBackend(10789): Added:'DragCoordinates', with key:'drag_coordinates'
I/InstrumentationBackend(10789): Added:'LongPressCoordinate', with key:'long_press_coordinate'
I/InstrumentationBackend(10789): Added:'ResumeApplication', with key:'resume_application'
I/InstrumentationBackend(10789): Added:'Swipe', with key:'swipe'
I/InstrumentationBackend(10789): Added:'TouchCoordinates', with key:'touch_coordinate'
I/InstrumentationBackend(10789): Added:'ListActions', with key:'list_actions'
I/InstrumentationBackend(10789): Added:'SendTcp', with key:'send_tcp'
I/InstrumentationBackend(10789): Added:'PressElement', with key:'press_l10n_element'
I/InstrumentationBackend(10789): Added:'WaitForElement', with key:'wait_for_l10n_element'
I/InstrumentationBackend(10789): Added:'FakeGPSLocation', with key:'set_gps_coordinates'
I/InstrumentationBackend(10789): Added:'GetMapBounds', with key:'get_map_bounds'
I/InstrumentationBackend(10789): Added:'GetMapCenter', with key:'get_map_center'
I/InstrumentationBackend(10789): Added:'GetMapMarker', with key:'get_map_marker'
I/InstrumentationBackend(10789): Added:'GetMapMarkers', with key:'get_map_markers'
I/InstrumentationBackend(10789): Added:'GetMapZoom', with key:'get_map_zoom'
I/InstrumentationBackend(10789): Added:'PanMapTo', with key:'pan_map_to'
I/InstrumentationBackend(10789): Added:'SetMapCenter', with key:'set_map_center'
I/InstrumentationBackend(10789): Added:'SetMapZoom', with key:'set_map_zoom'
I/InstrumentationBackend(10789): Added:'TapAwayFromMarkers', with key:'tap_map_away_from_markers'
I/InstrumentationBackend(10789): Added:'TapMapMarker', with key:'tap_map_marker_by_title'
I/InstrumentationBackend(10789): Added:'ClearPreferences', with key:'clear_preferences'
I/InstrumentationBackend(10789): Added:'GetPreferences', with key:'get_preferences'
I/InstrumentationBackend(10789): Added:'SetPreferences', with key:'set_preferences'
I/InstrumentationBackend(10789): Added:'PressKey', with key:'press_key'
I/InstrumentationBackend(10789): Added:'DeleteSurroundingText', with key:'delete_surrounding_text'
I/InstrumentationBackend(10789): Added:'HideSoftKeyboard', with key:'hide_soft_keyboard'
I/InstrumentationBackend(10789): Added:'KeyboardEnterText', with key:'keyboard_enter_text'
I/InstrumentationBackend(10789): Added:'KeyboardKeyEvent', with key:'keyboard_key_event'
I/InstrumentationBackend(10789): Added:'PressUserActionButton', with key:'press_user_action_button'
I/InstrumentationBackend(10789): Added:'SetComposingRegion', with key:'set_composing_region'
I/InstrumentationBackend(10789): Added:'SetSelection', with key:'set_selection'
I/InstrumentationBackend(10789): Added:'AndroidSDKVersion', with key:'android_sdk_version'
I/InstrumentationBackend(10789): Added:'Version', with key:'version'
I/InstrumentationBackend(10789): Added:'GetActivityName', with key:'get_activity_name'
I/InstrumentationBackend(10789): Added:'IsCurrentActivityFocused', with key:'is_current_activity_focused'
I/InstrumentationBackend(10789): Added:'ScrollToView', with key:'scroll_to_view'
I/InstrumentationBackend(10789): Added:'ViewConfiguration', with key:'view_configuration'
I/InstrumentationBackend(10789): Added:'DumpBodyHtml', with key:'dump_body_html'
I/InstrumentationBackend(10789): Added:'DumpHtml', with key:'dump_html'
I/InstrumentationBackend(10789): Added:'EnterTextByCssSelector', with key:'enter_text_by_selector'
I/InstrumentationBackend(10789): Added:'GetLoadProgress', with key:'get_load_progress'
I/InstrumentationBackend(10789): Added:'GetUrl', with key:'get_url'
I/InstrumentationBackend(10789): Added:'ScrollTo', with key:'scroll_to'
I/InstrumentationBackend(10789): Added:'SetPropertyByCssSelector', with key:'set_property_by_css_selector'
I/calabash(10789): Instantiating http server at 7102
I/System.out(10789): HTTP Daemon listening on: 7102
I/System.out(10789): URI: /ready
I/System.out(10789): params: {}
I/System.out(10789): URI: /ready
I/System.out(10789): params: {}
I/art     (10789): Starting a blocking GC Explicit
I/art     (10789): Explicit concurrent mark sweep GC freed 3236(428KB) AllocSpace objects, 7(140KB) LOS objects, 39% free, 4MB/7MB, paused 411us total 28.136ms
I/System.out(10789): URI: /ping
I/System.out(10789): params: {json={"intent":null }
I/System.out(10789): }
W/Finsky  ( 9818): [382] com.google.android.finsky.FinskyApp.i(1468): No account configured on this device.
I/Finsky  ( 9818): [382] com.google.android.finsky.c.e.run(1151): Replicating app states via AMAS.
I/Finsky  ( 9818): [382] com.google.android.finsky.c.c.a(311): Completed 0 account content syncs with 0 successful.
I/Finsky  ( 9818): [1] com.google.android.finsky.services.j.a(149): Installation state replication succeeded.
I/ActivityManager(  872): Killing 5618:com.android.printspooler/u0a80 (adj 906): empty #17
I/System.out(10789): URI: /ready
I/System.out(10789): params: {json={"intent":null }
I/System.out(10789): }
I/System.out(10789): URI: /start-application
I/System.out(10789): params: {json={"intent":null }
I/System.out(10789): }
I/calabash(10789): execStartActivity 4
I/ActivityManager(  872): START u0 {act=android.intent.action.MAIN cat=[android.intent.category.LAUNCHER] flg=0x10200000 cmp=com.careerbuilder.SugarDrone/md537fd6201b6818e2e180d2f7606e21a83.AppMainActivity (has extras)} from uid 14932 on display 0
W/SearchService( 4188): Abort, client detached.
I/DeviceStateChecker( 4188): DeviceStateChecker cancelled
I/MicroDetector( 4188): Keeping mic open: false
I/MicrophoneInputStream( 4188): mic_close com.google.android.apps.gsa.speech.audio.ah@be17363
E/AudioRecord-JNI( 4188): Error -4 during AudioRecord native read
I/calabash(10789): newActivity1
D/Mono    (10789): Assembly Ref addref CareerBuilder_Search.Droid[0xe72f3cc0] -> Xamarin.Android.Support.v7.AppCompat[0xe72f4aa0]: 2
D/Mono    (10789): Assembly Ref addref Xamarin.Android.Support.v7.AppCompat[0xe72f4aa0] -> Xamarin.Android.Support.v4[0xe72f4920]: 2
D/Mono    (10789): DllImport searching in: '__Internal' ('(null)').
D/Mono    (10789): Searching for 'java_interop_jnienv_get_array_length'.
D/Mono    (10789): Probing 'java_interop_jnienv_get_array_length'.
D/Mono    (10789): Found as 'java_interop_jnienv_get_array_length'.
D/sound_trigger_platform(  506): platform_stdev_check_and_update_concurrency: concurrency active 0, tx 0, rx 0, concurrency session_allowed 1
I/SoundTriggerHwService::Module(  506): void android::SoundTriggerHwService::Module::onCallbackEvent(const sp<android::SoundTriggerHwService::CallbackEvent> &) mClient == 0
I/MicroRecognitionRunner( 4188): Detection finished
I/MicroRecognitionRunner( 4188): Stopping hotword detection.
D/Mono    (10789): Assembly Ref addref CareerBuilder_Search.Droid[0xe72f3cc0] -> CareerBuilder_Search[0xe72f4f80]: 2
D/Mono    (10789): Assembly Ref addref CareerBuilder_Search.Droid[0xe72f3cc0] -> Xamarin.Android.Support.v4[0xe72f4920]: 3
D/Mono    (10789): DllImport searching in: '__Internal' ('(null)').
D/Mono    (10789): Searching for 'java_interop_jnienv_new_string'.
D/Mono    (10789): Probing 'java_interop_jnienv_new_string'.
D/Mono    (10789): Found as 'java_interop_jnienv_new_string'.
D/Mono    (10789): Assembly Ref addref CareerBuilder_Search.Droid[0xe72f3cc0] -> Plugin.CurrentActivity[0xe72f43e0]: 2
D/Mono    (10789): Assembly Ref addref Plugin.CurrentActivity[0xe72f43e0] -> mscorlib[0xe72f3a20]: 30
D/Mono    (10789): Assembly Ref addref Plugin.CurrentActivity[0xe72f43e0] -> Mono.Android[0xe72f4fe0]: 18
D/Mono    (10789): [0xd0a74920] worker starting
D/Mono    (10789): [0xd0973920] worker starting
D/Mono    (10789): Unloading image System.Runtime.dll [0xd1465e00].
D/Mono    (10789): Image addref System.Runtime[0xe824f820] -> System.Runtime.dll[0xe9c2e500]: 5
D/Mono    (10789): Config attempting to parse: 'System.Runtime.dll.config'.
D/Mono    (10789): Config attempting to parse: '/Users/builder/data/lanes/4009/f3074d2c/source/monodroid/builds/install/mono-armv6/etc/mono/assemblies/System.Runtime/System.Runtime.config'.
D/Mono    (10789): Assembly Ref addref CareerBuilder_Search[0xe72f4f80] -> System.Runtime[0xe72f50a0]: 3
D/Mono    (10789): Assembly Ref addref CareerBuilder_Search[0xe72f4f80] -> Plugin.DeviceInfo.Abstractions[0xe72f4620]: 2
D/Mono    (10789): Unloading image System.Runtime.dll [0xd1466300].
D/Mono    (10789): Image addref System.Runtime[0xe824f820] -> System.Runtime.dll[0xe9c2e500]: 6
D/Mono    (10789): Config attempting to parse: 'System.Runtime.dll.config'.
D/Mono    (10789): Config attempting to parse: '/Users/builder/data/lanes/4009/f3074d2c/source/monodroid/builds/install/mono-armv6/etc/mono/assemblies/System.Runtime/System.Runtime.config'.
D/Mono    (10789): Assembly Ref addref Plugin.DeviceInfo.Abstractions[0xe72f4620] -> System.Runtime[0xe72f50a0]: 4
D/Mono    (10789): Assembly Ref addref CareerBuilder_Search.Droid[0xe72f3cc0] -> Akavache[0xe72f4200]: 2
D/Mono    (10789): Assembly Ref addref Akavache[0xe72f4200] -> mscorlib[0xe72f3a20]: 31
D/Mono    (10789): Assembly Ref addref Akavache[0xe72f4200] -> System.Reactive.Interfaces[0xe72f4ce0]: 2
D/Mono    (10789): Assembly Ref addref Akavache[0xe72f4200] -> System.Reactive.Core[0xe72f4c80]: 2
D/Mono    (10789): Unloading image System.Runtime.dll [0xd1466300].
D/Mono    (10789): Image addref System.Runtime[0xe824f820] -> System.Runtime.dll[0xe9c2e500]: 7
D/Mono    (10789): Config attempting to parse: 'System.Runtime.dll.config'.
D/Mono    (10789): Config attempting to parse: '/Users/builder/data/lanes/4009/f3074d2c/source/monodroid/builds/install/mono-armv6/etc/mono/assemblies/System.Runtime/System.Runtime.config'.
D/Mono    (10789): Assembly Ref addref System.Reactive.Core[0xe72f4c80] -> System.Runtime[0xe72f50a0]: 5
D/Mono    (10789): DllImport searching in: '__Internal' ('(null)').
D/Mono    (10789): Searching for 'java_interop_jnienv_call_nonvirtual_object_method_a'.
D/Mono    (10789): Probing 'java_interop_jnienv_call_nonvirtual_object_method_a'.
D/Mono    (10789): Found as 'java_interop_jnienv_call_nonvirtual_object_method_a'.
D/Mono    (10789): Assembly Ref addref CareerBuilder_Search.Droid[0xe72f3cc0] -> Microsoft.Practices.Unity[0xe72f4380]: 2
D/Mono    (10789): Unloading image System.Runtime.dll [0xd1466300].
D/Mono    (10789): Image addref System.Runtime[0xe824f820] -> System.Runtime.dll[0xe9c2e500]: 8
D/Mono    (10789): Config attempting to parse: 'System.Runtime.dll.config'.
D/Mono    (10789): Config attempting to parse: '/Users/builder/data/lanes/4009/f3074d2c/source/monodroid/builds/install/mono-armv6/etc/mono/assemblies/System.Runtime/System.Runtime.config'.
D/Mono    (10789): Assembly Ref addref Microsoft.Practices.Unity[0xe72f4380] -> System.Runtime[0xe72f50a0]: 6
D/Mono    (10789): Unloading image System.Collections.dll [0xd1467c00].
D/Mono    (10789): Image addref System.Collections[0xe824f820] -> System.Collections.dll[0xe9c31200]: 5
D/Mono    (10789): Config attempting to parse: 'System.Collections.dll.config'.
D/Mono    (10789): Config attempting to parse: '/Users/builder/data/lanes/4009/f3074d2c/source/monodroid/builds/install/mono-armv6/etc/mono/assemblies/System.Collections/System.Collections.config'.
D/Mono    (10789): Assembly Ref addref Microsoft.Practices.Unity[0xe72f4380] -> System.Collections[0xe72f5340]: 3
D/Mono    (10789): Assembly Ref addref CareerBuilder_Search[0xe72f4f80] -> Microsoft.Practices.Unity[0xe72f4380]: 3
D/Mono    (10789): Assembly Ref addref CareerBuilder_Search.Droid[0xe72f3cc0] -> Plugin.DeviceInfo.Abstractions[0xe72f4620]: 3
D/Mono    (10789): Unloading image System.Diagnostics.Debug.dll [0xd1467c00].
D/Mono    (10789): Image addref System.Diagnostics.Debug[0xe824f820] -> System.Diagnostics.Debug.dll[0xe9c30300]: 5
D/Mono    (10789): Config attempting to parse: 'System.Diagnostics.Debug.dll.config'.
D/Mono    (10789): Config attempting to parse: '/Users/builder/data/lanes/4009/f3074d2c/source/monodroid/builds/install/mono-armv6/etc/mono/assemblies/System.Diagnostics.Debug/System.Diagnostics.Debug.config'.
D/Mono    (10789): Assembly Ref addref CareerBuilder_Search[0xe72f4f80] -> System.Diagnostics.Debug[0xe72f5220]: 3
D/Mono    (10789): Assembly Ref addref System.Diagnostics.Debug[0xe72f5220] -> mscorlib[0xe72f3a20]: 32
D/Mono    (10789): Image addref System.Diagnostics.Tools[0xe824f820] -> System.Diagnostics.Tools.dll[0xd1467c00]: 2
D/Mono    (10789): Prepared to set up assembly 'System.Diagnostics.Tools' (System.Diagnostics.Tools.dll)
D/Mono    (10789): Assembly System.Diagnostics.Tools[0xe824f820] added to domain RootDomain, ref_count=1
D/Mono    (10789): AOT module 'System.Diagnostics.Tools.dll.so' not found: dlopen failed: library "/data/app/com.careerbuilder.SugarDrone-1/lib/arm/libaot-System.Diagnostics.Tools.dll.so" not found
D/Mono    (10789): AOT module '/Users/builder/data/lanes/4009/f3074d2c/source/monodroid/builds/install/mono-armv6/lib/mono/aot-cache/arm/System.Diagnostics.Tools.dll.so' not found: dlopen failed: library "/data/app/com.careerbuilder.SugarDrone-1/lib/arm/libaot-System.Diagnostics.Tools.dll.so" not found
D/Mono    (10789): Config attempting to parse: 'System.Diagnostics.Tools.dll.config'.
D/Mono    (10789): Config attempting to parse: '/Users/builder/data/lanes/4009/f3074d2c/source/monodroid/builds/install/mono-armv6/etc/mono/assemblies/System.Diagnostics.Tools/System.Diagnostics.Tools.config'.
D/Mono    (10789): Assembly Ref addref Microsoft.Practices.Unity[0xe72f4380] -> System.Diagnostics.Tools[0xe824f820]: 2
D/Mono    (10789): Assembly Ref addref System.Diagnostics.Tools[0xe824f820] -> mscorlib[0xe72f3a20]: 33
D/Mono    (10789): Image addref System.Resources.ResourceManager[0xe824f880] -> System.Resources.ResourceManager.dll[0xd1468100]: 2
D/Mono    (10789): Prepared to set up assembly 'System.Resources.ResourceManager' (System.Resources.ResourceManager.dll)
D/Mono    (10789): Assembly System.Resources.ResourceManager[0xe824f880] added to domain RootDomain, ref_count=1
D/Mono    (10789): AOT module 'System.Resources.ResourceManager.dll.so' not found: dlopen failed: library "/data/app/com.careerbuilder.SugarDrone-1/lib/arm/libaot-System.Resources.ResourceManager.dll.so" not found
D/Mono    (10789): AOT module '/Users/builder/data/lanes/4009/f3074d2c/source/monodroid/builds/install/mono-armv6/lib/mono/aot-cache/arm/System.Resources.ResourceManager.dll.so' not found: dlopen failed: library "/data/app/com.careerbuilder.SugarDrone-1/lib/arm/libaot-System.Resources.ResourceManager.dll.so" not found
D/Mono    (10789): Config attempting to parse: 'System.Resources.ResourceManager.dll.config'.
D/Mono    (10789): Config attempting to parse: '/Users/builder/data/lanes/4009/f3074d2c/source/monodroid/builds/install/mono-armv6/etc/mono/assemblies/System.Resources.ResourceManager/System.Resources.ResourceManager.config'.
D/Mono    (10789): Assembly Ref addref Microsoft.Practices.Unity[0xe72f4380] -> System.Resources.ResourceManager[0xe824f880]: 2
D/Mono    (10789): Assembly Ref addref System.Resources.ResourceManager[0xe824f880] -> mscorlib[0xe72f3a20]: 34
D/Mono    (10789): Unloading image System.Reflection.dll [0xd1468600].
D/Mono    (10789): Image addref System.Reflection[0xd0b3e000] -> System.Reflection.dll[0xe9c2f900]: 5
D/Mono    (10789): Config attempting to parse: 'System.Reflection.dll.config'.
D/Mono    (10789): Config attempting to parse: '/Users/builder/data/lanes/4009/f3074d2c/source/monodroid/builds/install/mono-armv6/etc/mono/assemblies/System.Reflection/System.Reflection.config'.
D/Mono    (10789): Assembly Ref addref Microsoft.Practices.Unity[0xe72f4380] -> System.Reflection[0xe72f5160]: 3
D/Mono    (10789): Unloading image System.Linq.dll [0xd1468600].
D/Mono    (10789): Image addref System.Linq[0xd0b3e1e0] -> System.Linq.dll[0xd2c2f500]: 5
D/Mono    (10789): Config attempting to parse: 'System.Linq.dll.config'.
D/Mono    (10789): Config attempting to parse: '/Users/builder/data/lanes/4009/f3074d2c/source/monodroid/builds/install/mono-armv6/etc/mono/assemblies/System.Linq/System.Linq.config'.
D/Mono    (10789): Assembly Ref addref Microsoft.Practices.Unity[0xe72f4380] -> System.Linq[0xe72f5460]: 3
I/Adreno  (10789): QUALCOMM build                   : 74df444, I409c65498b
I/Adreno  (10789): Build Date                       : 06/22/16
I/Adreno  (10789): OpenGL ES Shader Compiler Version: XE031.08.00.02
I/Adreno  (10789): Local Branch                     : N16
I/Adreno  (10789): Remote Branch                    : 
I/Adreno  (10789): Remote Branch                    : 
I/Adreno  (10789): Reconstruct Branch               : 
W/IInputConnectionWrapper( 4135): reportFullscreenMode on inexistent InputConnection
D/Mono    (10789): Unloading image System.Threading.dll [0xd1468600].
D/Mono    (10789): Image addref System.Threading[0xd0b3e1e0] -> System.Threading.dll[0xe9c2fe00]: 5
D/Mono    (10789): Config attempting to parse: 'System.Threading.dll.config'.
D/Mono    (10789): Config attempting to parse: '/Users/builder/data/lanes/4009/f3074d2c/source/monodroid/builds/install/mono-armv6/etc/mono/assemblies/System.Threading/System.Threading.config'.
D/Mono    (10789): Assembly Ref addref Microsoft.Practices.Unity[0xe72f4380] -> System.Threading[0xe72f51c0]: 3
I/OpenGLRenderer(10789): Initialized EGL, version 1.4
D/OpenGLRenderer(10789): Swap behavior 1
D/Mono    (10789): Image addref System.Globalization[0xd0b3e120] -> System.Globalization.dll[0xd069ed00]: 2
D/Mono    (10789): Prepared to set up assembly 'System.Globalization' (System.Globalization.dll)
D/Mono    (10789): Assembly System.Globalization[0xd0b3e120] added to domain RootDomain, ref_count=1
D/Mono    (10789): AOT module 'System.Globalization.dll.so' not found: dlopen failed: library "/data/app/com.careerbuilder.SugarDrone-1/lib/arm/libaot-System.Globalization.dll.so" not found
D/Mono    (10789): AOT module '/Users/builder/data/lanes/4009/f3074d2c/source/monodroid/builds/install/mono-armv6/lib/mono/aot-cache/arm/System.Globalization.dll.so' not found: dlopen failed: library "/data/app/com.careerbuilder.SugarDrone-1/lib/arm/libaot-System.Globalization.dll.so" not found
D/Mono    (10789): Config attempting to parse: 'System.Globalization.dll.config'.
D/Mono    (10789): Config attempting to parse: '/Users/builder/data/lanes/4009/f3074d2c/source/monodroid/builds/install/mono-armv6/etc/mono/assemblies/System.Globalization/System.Globalization.config'.
D/Mono    (10789): Assembly Ref addref Microsoft.Practices.Unity[0xe72f4380] -> System.Globalization[0xd0b3e120]: 2
D/Mono    (10789): Assembly Ref addref System.Globalization[0xd0b3e120] -> mscorlib[0xe72f3a20]: 35
D/Mono    (10789): Image addref System.Runtime.Extensions[0xd0b3e5a0] -> System.Runtime.Extensions.dll[0xd050c100]: 2
D/Mono    (10789): Prepared to set up assembly 'System.Runtime.Extensions' (System.Runtime.Extensions.dll)
D/Mono    (10789): Assembly System.Runtime.Extensions[0xd0b3e5a0] added to domain RootDomain, ref_count=1
D/Mono    (10789): AOT module 'System.Runtime.Extensions.dll.so' not found: dlopen failed: library "/data/app/com.careerbuilder.SugarDrone-1/lib/arm/libaot-System.Runtime.Extensions.dll.so" not found
D/Mono    (10789): AOT module '/Users/builder/data/lanes/4009/f3074d2c/source/monodroid/builds/install/mono-armv6/lib/mono/aot-cache/arm/System.Runtime.Extensions.dll.so' not found: dlopen failed: library "/data/app/com.careerbuilder.SugarDrone-1/lib/arm/libaot-System.Runtime.Extensions.dll.so" not found
D/Mono    (10789): Config attempting to parse: 'System.Runtime.Extensions.dll.config'.
D/Mono    (10789): Config attempting to parse: '/Users/builder/data/lanes/4009/f3074d2c/source/monodroid/builds/install/mono-armv6/etc/mono/assemblies/System.Runtime.Extensions/System.Runtime.Extensions.config'.
D/Mono    (10789): Assembly Ref addref Microsoft.Practices.Unity[0xe72f4380] -> System.Runtime.Extensions[0xd0b3e5a0]: 2
D/Mono    (10789): Assembly Ref addref System.Runtime.Extensions[0xd0b3e5a0] -> mscorlib[0xe72f3a20]: 36
D/Mono    (10789): Image addref System.Linq.Expressions[0xd0b40a00] -> System.Linq.Expressions.dll[0xd1468b00]: 2
D/Mono    (10789): Prepared to set up assembly 'System.Linq.Expressions' (System.Linq.Expressions.dll)
D/Mono    (10789): Assembly System.Linq.Expressions[0xd0b40a00] added to domain RootDomain, ref_count=1
D/Mono    (10789): AOT module 'System.Linq.Expressions.dll.so' not found: dlopen failed: library "/data/app/com.careerbuilder.SugarDrone-1/lib/arm/libaot-System.Linq.Expressions.dll.so" not found
D/Mono    (10789): AOT module '/Users/builder/data/lanes/4009/f3074d2c/source/monodroid/builds/install/mono-armv6/lib/mono/aot-cache/arm/System.Linq.Expressions.dll.so' not found: dlopen failed: library "/data/app/com.careerbuilder.SugarDrone-1/lib/arm/libaot-System.Linq.Expressions.dll.so" not found
D/Mono    (10789): Config attempting to parse: 'System.Linq.Expressions.dll.config'.
D/Mono    (10789): Config attempting to parse: '/Users/builder/data/lanes/4009/f3074d2c/source/monodroid/builds/install/mono-armv6/etc/mono/assemblies/System.Linq.Expressions/System.Linq.Expressions.config'.
D/Mono    (10789): Assembly Ref addref Microsoft.Practices.Unity[0xe72f4380] -> System.Linq.Expressions[0xd0b40a00]: 2
D/Mono    (10789): Assembly Ref addref System.Linq.Expressions[0xd0b40a00] -> System.Core[0xe72f55e0]: 5
D/Mono    (10789): Assembly Ref addref System.Core[0xe72f55e0] -> System[0xe72f5280]: 3
I/art     (10789): Starting a blocking GC Explicit
I/ActivityManager(  872): Displayed com.careerbuilder.SugarDrone/md537fd6201b6818e2e180d2f7606e21a83.AppMainActivity: +781ms
I/art     (10789): Explicit concurrent mark sweep GC freed 15895(777KB) AllocSpace objects, 10(200KB) LOS objects, 40% free, 5MB/9MB, paused 578us total 37.402ms
D/Mono    (10789): Assembly Ref addref CareerBuilder_Search.Droid[0xe72f3cc0] -> Xamarin.GooglePlayServices.Analytics[0xe72f4680]: 2
D/Mono    (10789): Assembly Ref addref CareerBuilder_Search.Droid[0xe72f3cc0] -> Plugin.Geolocator.Abstractions[0xe72f4560]: 2
D/Mono    (10789): Assembly Ref addref CareerBuilder_Search[0xe72f4f80] -> System.Net.Http[0xe72f5e20]: 3
I/WindowManager(  872): Destroying surface Surface(name=com.google.android.googlequicksearchbox/com.google.android.launcher.GEL) called by com.android.server.wm.WindowStateAnimator.destroySurface:2014 com.android.server.wm.WindowStateAnimator.destroySurfaceLocked:881 com.android.server.wm.WindowState.destroyOrSaveSurface:2073 com.android.server.wm.AppWindowToken.destroySurfaces:363 com.android.server.wm.AppWindowToken.notifyAppStopped:389 com.android.server.wm.WindowManagerService.notifyAppStopped:4456 com.android.server.am.ActivityStack.activityStoppedLocked:1252 com.android.server.am.ActivityManagerService.activityStopped:6873 
D/Mono    (10789): Assembly Ref addref CareerBuilder_Search[0xe72f4f80] -> Plugin.DeviceInfo[0xe72f45c0]: 2
D/Mono    (10789): Assembly Ref addref Plugin.DeviceInfo[0xe72f45c0] -> mscorlib[0xe72f3a20]: 37
D/Mono    (10789): Assembly Ref addref Plugin.DeviceInfo[0xe72f45c0] -> Plugin.DeviceInfo.Abstractions[0xe72f4620]: 4
I/ActivityManager(  872): Killing 6703:com.google.android.apps.photos/u0a74 (adj 906): empty #17
D/Mono    (10789): Image addref System.Threading.Tasks[0xcfb07120] -> System.Threading.Tasks.dll[0xd050cb00]: 2
D/Mono    (10789): Prepared to set up assembly 'System.Threading.Tasks' (System.Threading.Tasks.dll)
D/Mono    (10789): Assembly System.Threading.Tasks[0xcfb07120] added to domain RootDomain, ref_count=1
D/Mono    (10789): AOT module 'System.Threading.Tasks.dll.so' not found: dlopen failed: library "/data/app/com.careerbuilder.SugarDrone-1/lib/arm/libaot-System.Threading.Tasks.dll.so" not found
D/Mono    (10789): AOT module '/Users/builder/data/lanes/4009/f3074d2c/source/monodroid/builds/install/mono-armv6/lib/mono/aot-cache/arm/System.Threading.Tasks.dll.so' not found: dlopen failed: library "/data/app/com.careerbuilder.SugarDrone-1/lib/arm/libaot-System.Threading.Tasks.dll.so" not found
D/Mono    (10789): Config attempting to parse: 'System.Threading.Tasks.dll.config'.
D/Mono    (10789): Config attempting to parse: '/Users/builder/data/lanes/4009/f3074d2c/source/monodroid/builds/install/mono-armv6/etc/mono/assemblies/System.Threading.Tasks/System.Threading.Tasks.config'.
D/Mono    (10789): Assembly Ref addref CareerBuilder_Search[0xe72f4f80] -> System.Threading.Tasks[0xcfb07120]: 2
D/Mono    (10789): Assembly Ref addref System.Threading.Tasks[0xcfb07120] -> mscorlib[0xe72f3a20]: 38
D/Mono    (10789): Unloading image System.Collections.dll [0xd069f200].
D/Mono    (10789): Image addref System.Collections[0xd0b3e540] -> System.Collections.dll[0xe9c31200]: 6
D/Mono    (10789): Config attempting to parse: 'System.Collections.dll.config'.
D/Mono    (10789): Config attempting to parse: '/Users/builder/data/lanes/4009/f3074d2c/source/monodroid/builds/install/mono-armv6/etc/mono/assemblies/System.Collections/System.Collections.config'.
D/Mono    (10789): Assembly Ref addref CareerBuilder_Search[0xe72f4f80] -> System.Collections[0xe72f5340]: 4
D/Mono    (10789): Assembly Ref addref System.Collections[0xe72f5340] -> System[0xe72f5280]: 4
D/Mono    (10789): Assembly Ref addref System.Net.Http[0xe72f5e20] -> System[0xe72f5280]: 5
I/WindowManager(  872): Destroying surface Surface(name=Starting com.careerbuilder.SugarDrone) called by com.android.server.wm.WindowStateAnimator.destroySurface:2014 com.android.server.wm.WindowStateAnimator.destroySurfaceLocked:881 com.android.server.wm.WindowState.destroyOrSaveSurface:2073 com.android.server.wm.AppWindowToken.destroySurfaces:363 com.android.server.wm.WindowStateAnimator.finishExit:565 com.android.server.wm.WindowStateAnimator.stepAnimationLocked:491 com.android.server.wm.WindowAnimator.updateWindowsLocked:303 com.android.server.wm.WindowAnimator.animateLocked:704 
D/Mono    (10789): Assembly Ref addref Microsoft.Practices.Unity[0xe72f4380] -> System.Reflection.Extensions[0xe72f5700]: 3
I/System.out(10789): URI: /map
I/System.out(10789): params: {json={"query":"*","operation":{"method_name":"query","arguments":[]}}
I/System.out(10789): }
W/ResourceType(10789): No known package when getting name for resource number 0xffffffff
W/ResourceType(10789): No known package when getting name for resource number 0xffffffff
W/ResourceType(10789): No known package when getting name for resource number 0xffffffff
D/Mono    (10789): Unloading image System.Threading.dll [0xcfad7700].
D/Mono    (10789): Image addref System.Threading[0xcfb07000] -> System.Threading.dll[0xe9c2fe00]: 6
D/Mono    (10789): Config attempting to parse: 'System.Threading.dll.config'.
D/Mono    (10789): Config attempting to parse: '/Users/builder/data/lanes/4009/f3074d2c/source/monodroid/builds/install/mono-armv6/etc/mono/assemblies/System.Threading/System.Threading.config'.
D/Mono    (10789): Assembly Ref addref CareerBuilder_Search[0xe72f4f80] -> System.Threading[0xe72f51c0]: 4
D/Mono    (10789): Assembly Ref addref System.Threading[0xe72f51c0] -> System.Core[0xe72f55e0]: 6
D/Mono    (10789): Assembly Ref addref System.Runtime[0xe72f50a0] -> System[0xe72f5280]: 6
D/Mono    (10789): Assembly Ref addref CareerBuilder_Search[0xe72f4f80] -> Newtonsoft.Json[0xe72f4bc0]: 2
D/Mono    (10789): Unloading image System.Runtime.dll [0xcfad7c00].
D/Mono    (10789): Image addref System.Runtime[0xcfb08e00] -> System.Runtime.dll[0xe9c2e500]: 9
D/Mono    (10789): Config attempting to parse: 'System.Runtime.dll.config'.
D/Mono    (10789): Config attempting to parse: '/Users/builder/data/lanes/4009/f3074d2c/source/monodroid/builds/install/mono-armv6/etc/mono/assemblies/System.Runtime/System.Runtime.config'.
D/Mono    (10789): Assembly Ref addref Newtonsoft.Json[0xe72f4bc0] -> System.Runtime[0xe72f50a0]: 7
D/Mono    (10789): Image addref System.Dynamic.Runtime[0xcfb08e00] -> System.Dynamic.Runtime.dll[0xcfad7c00]: 2
D/Mono    (10789): Prepared to set up assembly 'System.Dynamic.Runtime' (System.Dynamic.Runtime.dll)
D/Mono    (10789): Assembly System.Dynamic.Runtime[0xcfb08e00] added to domain RootDomain, ref_count=1
D/Mono    (10789): AOT module 'System.Dynamic.Runtime.dll.so' not found: dlopen failed: library "/data/app/com.careerbuilder.SugarDrone-1/lib/arm/libaot-System.Dynamic.Runtime.dll.so" not found
D/Mono    (10789): AOT module '/Users/builder/data/lanes/4009/f3074d2c/source/monodroid/builds/install/mono-armv6/lib/mono/aot-cache/arm/System.Dynamic.Runtime.dll.so' not found: dlopen failed: library "/data/app/com.careerbuilder.SugarDrone-1/lib/arm/libaot-System.Dynamic.Runtime.dll.so" not found
D/Mono    (10789): Config attempting to parse: 'System.Dynamic.Runtime.dll.config'.
D/Mono    (10789): Config attempting to parse: '/Users/builder/data/lanes/4009/f3074d2c/source/monodroid/builds/install/mono-armv6/etc/mono/assemblies/System.Dynamic.Runtime/System.Dynamic.Runtime.config'.
D/Mono    (10789): Assembly Ref addref Newtonsoft.Json[0xe72f4bc0] -> System.Dynamic.Runtime[0xcfb08e00]: 2
D/Mono    (10789): Assembly Ref addref System.Dynamic.Runtime[0xcfb08e00] -> System.Core[0xe72f55e0]: 7
D/Mono    (10789): Image addref System.ObjectModel[0xcfb08e60] -> System.ObjectModel.dll[0xcfad7200]: 2
D/Mono    (10789): Prepared to set up assembly 'System.ObjectModel' (System.ObjectModel.dll)
D/Mono    (10789): Assembly System.ObjectModel[0xcfb08e60] added to domain RootDomain, ref_count=1
D/Mono    (10789): AOT module 'System.ObjectModel.dll.so' not found: dlopen failed: library "/data/app/com.careerbuilder.SugarDrone-1/lib/arm/libaot-System.ObjectModel.dll.so" not found
D/Mono    (10789): AOT module '/Users/builder/data/lanes/4009/f3074d2c/source/monodroid/builds/install/mono-armv6/lib/mono/aot-cache/arm/System.ObjectModel.dll.so' not found: dlopen failed: library "/data/app/com.careerbuilder.SugarDrone-1/lib/arm/libaot-System.ObjectModel.dll.so" not found
D/Mono    (10789): Config attempting to parse: 'System.ObjectModel.dll.config'.
D/Mono    (10789): Config attempting to parse: '/Users/builder/data/lanes/4009/f3074d2c/source/monodroid/builds/install/mono-armv6/etc/mono/assemblies/System.ObjectModel/System.ObjectModel.config'.
D/Mono    (10789): Assembly Ref addref Newtonsoft.Json[0xe72f4bc0] -> System.ObjectModel[0xcfb08e60]: 2
D/Mono    (10789): Assembly Ref addref System.ObjectModel[0xcfb08e60] -> System[0xe72f5280]: 7
D/Mono    (10789): Assembly Ref addref CareerBuilder_Search[0xe72f4f80] -> System.Reactive.Core[0xe72f4c80]: 3
D/Mono    (10789): DllImport attempting to load: '__Internal'.
D/Mono    (10789): DllImport loaded library '(null)'.
D/Mono    (10789): DllImport searching in: '__Internal' ('(null)').
D/Mono    (10789): Searching for 'monodroid_get_system_property'.
D/Mono    (10789): Probing 'monodroid_get_system_property'.
D/Mono    (10789): Found as 'monodroid_get_system_property'.
D/Mono    (10789): DllImport searching in: '__Internal' ('(null)').
D/Mono    (10789): Searching for 'monodroid_free'.
D/Mono    (10789): Probing 'monodroid_free'.
D/Mono    (10789): Found as 'monodroid_free'.
D/Mono    (10789): Assembly Ref addref CareerBuilder_Search.Droid[0xe72f3cc0] -> Xamarin.Insights[0xe72f47a0]: 2
D/Mono    (10789): Assembly Ref addref Xamarin.Insights[0xe72f47a0] -> mscorlib[0xe72f3a20]: 39
D/Mono    (10789): Assembly Ref addref Xamarin.Insights[0xe72f47a0] -> Mono.Android[0xe72f4fe0]: 19
D/Mono    (10789): Assembly Ref addref CareerBuilder_Search.Droid[0xe72f3cc0] -> HockeySDK[0xe72f41a0]: 2
D/Mono    (10789): Assembly Ref addref CareerBuilder_Search.Droid[0xe72f3cc0] -> AppsFlyerXamarinBindingAndroid[0xe72f3f00]: 2
D/Mono    (10789): DllImport searching in: '__Internal' ('(null)').
D/Mono    (10789): Searching for 'java_interop_jnienv_get_static_field_id'.
D/Mono    (10789): Probing 'java_interop_jnienv_get_static_field_id'.
D/Mono    (10789): Found as 'java_interop_jnienv_get_static_field_id'.
D/Mono    (10789): DllImport searching in: '__Internal' ('(null)').
D/Mono    (10789): Searching for 'java_interop_jnienv_get_static_int_field'.
D/Mono    (10789): Probing 'java_interop_jnienv_get_static_int_field'.
D/Mono    (10789): Found as 'java_interop_jnienv_get_static_int_field'.
D/Mono    (10789): Assembly Ref addref Xamarin.Insights[0xe72f47a0] -> System.Core[0xe72f55e0]: 8
D/Mono    (10789): DllImport searching in: '__Internal' ('(null)').
D/Mono    (10789): Searching for 'java_interop_jnienv_call_static_long_method_a'.
D/Mono    (10789): Probing 'java_interop_jnienv_call_static_long_method_a'.
D/Mono    (10789): Found as 'java_interop_jnienv_call_static_long_method_a'.
D/Mono    (10789): Assembly Ref addref Xamarin.Insights[0xe72f47a0] -> System[0xe72f5280]: 8
D/Mono    (10789): Assembly Ref addref Xamarin.Insights[0xe72f47a0] -> System.Net.Http[0xe72f5e20]: 4
W/NetworkIdentity(  872): Active mobile network without subscriber!
W/NetworkIdentity(  872): Active mobile network without subscriber!
W/NetworkIdentity(  872): Active mobile network without subscriber!
W/NetworkIdentity(  872): Active mobile network without subscriber!
W/NetworkIdentity(  872): Active mobile network without subscriber!
W/NetworkIdentity(  872): Active mobile network without subscriber!
W/NetworkIdentity(  872): Active mobile network without subscriber!
W/NetworkIdentity(  872): Active mobile network without subscriber!
W/NetworkIdentity(  872): Active mobile network without subscriber!
W/NetworkIdentity(  872): Active mobile network without subscriber!
D/Mono    (10789): DllImport searching in: '__Internal' ('(null)').
D/Mono    (10789): Searching for 'java_interop_jnienv_get_object_array_element'.
D/Mono    (10789): Probing 'java_interop_jnienv_get_object_array_element'.
D/Mono    (10789): Found as 'java_interop_jnienv_get_object_array_element'.
D/Mono    (10789): DllImport searching in: '__Internal' ('(null)').
D/Mono    (10789): Searching for 'java_interop_jnienv_call_boolean_method_a'.
D/Mono    (10789): Probing 'java_interop_jnienv_call_boolean_method_a'.
D/Mono    (10789): Found as 'java_interop_jnienv_call_boolean_method_a'.
D/Mono    (10789): DllImport searching in: '__Internal' ('(null)').
D/Mono    (10789): Searching for 'java_interop_jnienv_call_int_method_a'.
D/Mono    (10789): Probing 'java_interop_jnienv_call_int_method_a'.
D/Mono    (10789): Found as 'java_interop_jnienv_call_int_method_a'.
W/NetworkIdentity(  872): Active mobile network without subscriber!
W/NetworkIdentity(  872): Active mobile network without subscriber!
W/NetworkIdentity(  872): Active mobile network without subscriber!
W/NetworkIdentity(  872): Active mobile network without subscriber!
W/NetworkIdentity(  872): Active mobile network without subscriber!
W/NetworkIdentity(  872): Active mobile network without subscriber!
W/NetworkIdentity(  872): Active mobile network without subscriber!
W/NetworkIdentity(  872): Active mobile network without subscriber!
W/NetworkIdentity(  872): Active mobile network without subscriber!
W/NetworkIdentity(  872): Active mobile network without subscriber!
D/Mono    (10789): DllImport searching in: '__Internal' ('(null)').
D/Mono    (10789): Searching for 'java_interop_jnienv_get_field_id'.
D/Mono    (10789): Probing 'java_interop_jnienv_get_field_id'.
D/Mono    (10789): Found as 'java_interop_jnienv_get_field_id'.
D/Mono    (10789): DllImport searching in: '__Internal' ('(null)').
D/Mono    (10789): Searching for 'java_interop_jnienv_get_object_field'.
D/Mono    (10789): Probing 'java_interop_jnienv_get_object_field'.
D/Mono    (10789): Found as 'java_interop_jnienv_get_object_field'.
I/System.out(10789): URI: /map
I/System.out(10789): params: {json={"query":"* id:'agreeAndContinueButton'","operation":{"method_name":"query","arguments":[]}}
I/System.out(10789): }
W/ResourceType(10789): No known package when getting name for resource number 0xffffffff
W/ResourceType(10789): No known package when getting name for resource number 0xffffffff
W/ResourceType(10789): No known package when getting name for resource number 0xffffffff
D/Mono    (10789): DllImport searching in: '__Internal' ('(null)').
D/Mono    (10789): Searching for 'java_interop_jnienv_call_static_int_method_a'.
D/Mono    (10789): Probing 'java_interop_jnienv_call_static_int_method_a'.
D/Mono    (10789): Found as 'java_interop_jnienv_call_static_int_method_a'.
W/Xamarin.Insights(10789): Warning: Insights data communication has been manually enabled
D/Mono    (10789): DllImport searching in: '__Internal' ('(null)').
D/Mono    (10789): Searching for 'java_interop_jnienv_get_static_object_field'.
D/Mono    (10789): Probing 'java_interop_jnienv_get_static_object_field'.
D/Mono    (10789): Found as 'java_interop_jnienv_get_static_object_field'.
D/Mono    (10789): DllImport searching in: '__Internal' ('(null)').
D/Mono    (10789): Searching for 'java_interop_jnienv_call_static_void_method'.
D/Mono    (10789): Probing 'java_interop_jnienv_call_static_void_method'.
D/Mono    (10789): Found as 'java_interop_jnienv_call_static_void_method'.
I/AppsFlyer_3.01(10789): Start tracking package: com.careerbuilder.SugarDrone
I/AppsFlyer_3.01(10789): AsendTrackingWithEvent from activity: md537fd6201b6818e2e180d2f7606e21a83.MainApplication
