D/Mono    (10350): Assembly Ref addref System.Core[0xe0440760] -> mscorlib[0xe043eba0]: 10
D/Mono    (10350): Image addref System.Reflection.Extensions[0xe0440880] -> System.Reflection.Extensions.dll[0xc9823f00]: 2
D/Mono    (10350): Prepared to set up assembly 'System.Reflection.Extensions' (System.Reflection.Extensions.dll)
D/Mono    (10350): Assembly System.Reflection.Extensions[0xe0440880] added to domain RootDomain, ref_count=1
D/Mono    (10350): AOT module 'System.Reflection.Extensions.dll.so' not found: dlopen failed: library "/data/app/com.careerbuilder.SugarDrone-1/lib/arm/libaot-System.Reflection.Extensions.dll.so" not found
D/Mono    (10350): AOT module '/Users/builder/data/lanes/4009/f3074d2c/source/monodroid/builds/install/mono-armv6/lib/mono/aot-cache/arm/System.Reflection.Extensions.dll.so' not found: dlopen failed: library "/data/app/com.careerbuilder.SugarDrone-1/lib/arm/libaot-System.Reflection.Extensions.dll.so" not found
D/Mono    (10350): Config attempting to parse: 'System.Reflection.Extensions.dll.config'.
D/Mono    (10350): Config attempting to parse: '/Users/builder/data/lanes/4009/f3074d2c/source/monodroid/builds/install/mono-armv6/etc/mono/assemblies/System.Reflection.Extensions/System.Reflection.Extensions.config'.
D/Mono    (10350): Assembly Ref addref Java.Interop[0xe04401c0] -> System.Reflection.Extensions[0xe0440880]: 2
D/Mono    (10350): Assembly Ref addref System.Reflection.Extensions[0xe0440880] -> mscorlib[0xe043eba0]: 11
D/Mono    (10350): Assembly Ref addref Mono.Android[0xe0440160] -> System.Core[0xe0440760]: 3
D/Mono    (10350): DllImport searching in: '__Internal' ('(null)').
D/Mono    (10350): Searching for 'monodroid_typemap_managed_to_java'.
D/Mono    (10350): Probing 'monodroid_typemap_managed_to_java'.
D/Mono    (10350): Found as 'monodroid_typemap_managed_to_java'.
D/Mono    (10350): DllImport searching in: '__Internal' ('(null)').
D/Mono    (10350): Searching for 'java_interop_jnienv_alloc_object'.
D/Mono    (10350): Probing 'java_interop_jnienv_alloc_object'.
D/Mono    (10350): Found as 'java_interop_jnienv_alloc_object'.
D/Mono    (10350): DllImport searching in: '__Internal' ('(null)').
D/Mono    (10350): Searching for '_monodroid_gc_wait_for_bridge_processing'.
D/Mono    (10350): Probing '_monodroid_gc_wait_for_bridge_processing'.
D/Mono    (10350): Found as '_monodroid_gc_wait_for_bridge_processing'.
D/Mono    (10350): DllImport searching in: '__Internal' ('(null)').
D/Mono    (10350): Searching for 'java_interop_jnienv_register_natives'.
D/Mono    (10350): Probing 'java_interop_jnienv_register_natives'.
D/Mono    (10350): Found as 'java_interop_jnienv_register_natives'.
D/Mono    (10350): DllImport searching in: '__Internal' ('(null)').
D/Mono    (10350): Searching for 'java_interop_jnienv_call_nonvirtual_void_method_a'.
D/Mono    (10350): Probing 'java_interop_jnienv_call_nonvirtual_void_method_a'.
D/Mono    (10350): Found as 'java_interop_jnienv_call_nonvirtual_void_method_a'.
D/Mono    (10350): DllImport searching in: '__Internal' ('(null)').
D/Mono    (10350): Searching for 'java_interop_jnienv_is_same_object'.
D/Mono    (10350): Probing 'java_interop_jnienv_is_same_object'.
D/Mono    (10350): Found as 'java_interop_jnienv_is_same_object'.
D/Mono    (10350): DllImport searching in: '__Internal' ('(null)').
D/Mono    (10350): Searching for 'java_interop_jnienv_call_static_void_method_a'.
D/Mono    (10350): Probing 'java_interop_jnienv_call_static_void_method_a'.
D/Mono    (10350): Found as 'java_interop_jnienv_call_static_void_method_a'.
D/Mono    (10350): Assembly Ref addref AppsFlyerXamarinBindingAndroid[0xe043f080] -> mscorlib[0xe043eba0]: 12
D/Mono    (10350): Assembly Ref addref AppsFlyerXamarinBindingAndroid[0xe043f080] -> Mono.Android[0xe0440160]: 2
D/Mono    (10350): Assembly Ref addref HockeySDK[0xe043f320] -> mscorlib[0xe043eba0]: 13
D/Mono    (10350): Assembly Ref addref HockeySDK[0xe043f320] -> Mono.Android[0xe0440160]: 3
D/Mono    (10350): Assembly Ref addref Xamarin.GooglePlayServices.Analytics[0xe043f800] -> mscorlib[0xe043eba0]: 14
D/Mono    (10350): Assembly Ref addref Xamarin.GooglePlayServices.Analytics[0xe043f800] -> Mono.Android[0xe0440160]: 4
D/Mono    (10350): Assembly Ref addref Xamarin.GooglePlayServices.Base[0xe043f860] -> mscorlib[0xe043eba0]: 15
D/Mono    (10350): Assembly Ref addref Xamarin.GooglePlayServices.Base[0xe043f860] -> Mono.Android[0xe0440160]: 5
D/Mono    (10350): Assembly Ref addref Xamarin.GooglePlayServices.Basement[0xe043f8c0] -> mscorlib[0xe043eba0]: 16
D/Mono    (10350): Assembly Ref addref Xamarin.GooglePlayServices.Basement[0xe043f8c0] -> Mono.Android[0xe0440160]: 6
D/Mono    (10350): Assembly Ref addref FloatingActionButton-Xamarin[0xe043fa40] -> mscorlib[0xe043eba0]: 17
D/Mono    (10350): Assembly Ref addref FloatingActionButton-Xamarin[0xe043fa40] -> Mono.Android[0xe0440160]: 7
D/Mono    (10350): Assembly Ref addref Xamarin.Android.Support.v4[0xe043faa0] -> mscorlib[0xe043eba0]: 18
D/Mono    (10350): Assembly Ref addref Xamarin.Android.Support.v4[0xe043faa0] -> Mono.Android[0xe0440160]: 8
D/Mono    (10350): Assembly Ref addref Xamarin.Android.Support.v7.RecyclerView[0xe043fb00] -> mscorlib[0xe043eba0]: 19
D/Mono    (10350): Assembly Ref addref Xamarin.Android.Support.v7.RecyclerView[0xe043fb00] -> Mono.Android[0xe0440160]: 9
D/Mono    (10350): Assembly Ref addref Xamarin.Android.Support.Vector.Drawable[0xe043fb60] -> mscorlib[0xe043eba0]: 20
D/Mono    (10350): Assembly Ref addref Xamarin.Android.Support.Vector.Drawable[0xe043fb60] -> Mono.Android[0xe0440160]: 10
D/Mono    (10350): Assembly Ref addref Xamarin.Android.Support.Animated.Vector.Drawable[0xe043fbc0] -> mscorlib[0xe043eba0]: 21
D/Mono    (10350): Assembly Ref addref Xamarin.Android.Support.Animated.Vector.Drawable[0xe043fbc0] -> Mono.Android[0xe0440160]: 11
D/Mono    (10350): Assembly Ref addref Xamarin.Android.Support.v7.AppCompat[0xe043fc20] -> mscorlib[0xe043eba0]: 22
D/Mono    (10350): Assembly Ref addref Xamarin.Android.Support.v7.AppCompat[0xe043fc20] -> Mono.Android[0xe0440160]: 12
D/Mono    (10350): Assembly Ref addref Xamarin.Android.Support.Design[0xe043fc80] -> mscorlib[0xe043eba0]: 23
D/Mono    (10350): Assembly Ref addref Xamarin.Android.Support.Design[0xe043fc80] -> Mono.Android[0xe0440160]: 13
D/Mono    (10350): Assembly Ref addref Xamarin.Android.Support.v7.CardView[0xe043fce0] -> mscorlib[0xe043eba0]: 24
D/Mono    (10350): Assembly Ref addref Xamarin.Android.Support.v7.CardView[0xe043fce0] -> Mono.Android[0xe0440160]: 14
D/Mono    (10350): Assembly Ref addref FlexboxLayoutXamarinBindingAndroid[0xe0440040] -> mscorlib[0xe043eba0]: 25
D/Mono    (10350): Assembly Ref addref FlexboxLayoutXamarinBindingAndroid[0xe0440040] -> Mono.Android[0xe0440160]: 15
D/Mono    (10350): Assembly Ref addref CareerBuilder_Search.Droid[0xe043ee40] -> Mono.Android[0xe0440160]: 16
D/Mono    (10350): Assembly Ref addref CareerBuilder_Search.Droid[0xe043ee40] -> mscorlib[0xe043eba0]: 26
D/Mono    (10350): Image addref Mono.Android.Export[0xe0440dc0] -> Mono.Android.Export.dll[0xc9824e00]: 2
D/Mono    (10350): Prepared to set up assembly 'Mono.Android.Export' (Mono.Android.Export.dll)
D/Mono    (10350): Assembly Mono.Android.Export[0xe0440dc0] added to domain RootDomain, ref_count=1
D/Mono    (10350): AOT module 'Mono.Android.Export.dll.so' not found: dlopen failed: library "/data/app/com.careerbuilder.SugarDrone-1/lib/arm/libaot-Mono.Android.Export.dll.so" not found
D/Mono    (10350): AOT module '/Users/builder/data/lanes/4009/f3074d2c/source/monodroid/builds/install/mono-armv6/lib/mono/aot-cache/arm/Mono.Android.Export.dll.so' not found: dlopen failed: library "/data/app/com.careerbuilder.SugarDrone-1/lib/arm/libaot-Mono.Android.Export.dll.so" not found
D/Mono    (10350): Config attempting to parse: 'Mono.Android.Export.dll.config'.
D/Mono    (10350): Config attempting to parse: '/Users/builder/data/lanes/4009/f3074d2c/source/monodroid/builds/install/mono-armv6/etc/mono/assemblies/Mono.Android.Export/Mono.Android.Export.config'.
D/Mono    (10350): Assembly Ref addref Mono.Android.Export[0xe0440dc0] -> mscorlib[0xe043eba0]: 27
D/Mono    (10350): Assembly Ref addref Mono.Android.Export[0xe0440dc0] -> Mono.Android[0xe0440160]: 17
D/Mono    (10350): Image addref System.Xml[0xe0440d00] -> System.Xml.dll[0xc9825d00]: 2
D/Mono    (10350): Prepared to set up assembly 'System.Xml' (System.Xml.dll)
D/Mono    (10350): Assembly System.Xml[0xe0440d00] added to domain RootDomain, ref_count=1
D/Mono    (10350): AOT module 'System.Xml.dll.so' not found: dlopen failed: library "/data/app/com.careerbuilder.SugarDrone-1/lib/arm/libaot-System.Xml.dll.so" not found
D/Mono    (10350): AOT module '/Users/builder/data/lanes/4009/f3074d2c/source/monodroid/builds/install/mono-armv6/lib/mono/aot-cache/arm/System.Xml.dll.so' not found: dlopen failed: library "/data/app/com.careerbuilder.SugarDrone-1/lib/arm/libaot-System.Xml.dll.so" not found
D/Mono    (10350): Config attempting to parse: 'System.Xml.dll.config'.
D/Mono    (10350): Config attempting to parse: '/Users/builder/data/lanes/4009/f3074d2c/source/monodroid/builds/install/mono-armv6/etc/mono/assemblies/System.Xml/System.Xml.config'.
D/Mono    (10350): Assembly Ref addref Mono.Android.Export[0xe0440dc0] -> System.Xml[0xe0440d00]: 2
D/Mono    (10350): Assembly Ref addref System.Xml[0xe0440d00] -> mscorlib[0xe043eba0]: 28
D/Mono    (10350): Assembly Ref addref Mono.Android[0xe0440160] -> System.Xml[0xe0440d00]: 3
D/Mono    (10350): Assembly Ref addref Mono.Android.Export[0xe0440dc0] -> System.Core[0xe0440760]: 4
D/Mono    (10350): Image addref System.Net.Http[0xe0440fa0] -> System.Net.Http.dll[0xc9683000]: 2
D/Mono    (10350): Prepared to set up assembly 'System.Net.Http' (System.Net.Http.dll)
D/Mono    (10350): Assembly System.Net.Http[0xe0440fa0] added to domain RootDomain, ref_count=1
D/Mono    (10350): AOT module 'System.Net.Http.dll.so' not found: dlopen failed: library "/data/app/com.careerbuilder.SugarDrone-1/lib/arm/libaot-System.Net.Http.dll.so" not found
D/Mono    (10350): AOT module '/Users/builder/data/lanes/4009/f3074d2c/source/monodroid/builds/install/mono-armv6/lib/mono/aot-cache/arm/System.Net.Http.dll.so' not found: dlopen failed: library "/data/app/com.careerbuilder.SugarDrone-1/lib/arm/libaot-System.Net.Http.dll.so" not found
D/Mono    (10350): Config attempting to parse: 'System.Net.Http.dll.config'.
D/Mono    (10350): Config attempting to parse: '/Users/builder/data/lanes/4009/f3074d2c/source/monodroid/builds/install/mono-armv6/etc/mono/assemblies/System.Net.Http/System.Net.Http.config'.
D/Mono    (10350): Assembly Ref addref CareerBuilder_Search.Droid[0xe043ee40] -> System.Net.Http[0xe0440fa0]: 2
D/Mono    (10350): Assembly Ref addref System.Net.Http[0xe0440fa0] -> mscorlib[0xe043eba0]: 29
I/System.out(10350): Calabash loaded Mono
I/calabash(10350): Test server port: 7102
I/InstrumentationBackend(10350): Added:'NullAction', with key:'nullAction'
I/InstrumentationBackend(10350): Added:'GetActivityOrientation', with key:'get_activity_orientation'
I/InstrumentationBackend(10350): Added:'SetActivityOrientation', with key:'set_activity_orientation'
I/InstrumentationBackend(10350): Added:'DpToDevicePixel', with key:'dp_to_device_pixel'
I/InstrumentationBackend(10350): Added:'ClickOnScreen', with key:'click_on_screen'
I/InstrumentationBackend(10350): Added:'DoubleTapCoordinate', with key:'double_tap_coordinate'
I/InstrumentationBackend(10350): Added:'Drag', with key:'drag'
I/InstrumentationBackend(10350): Added:'DragCoordinates', with key:'drag_coordinates'
I/InstrumentationBackend(10350): Added:'LongPressCoordinate', with key:'long_press_coordinate'
I/InstrumentationBackend(10350): Added:'ResumeApplication', with key:'resume_application'
I/InstrumentationBackend(10350): Added:'Swipe', with key:'swipe'
I/InstrumentationBackend(10350): Added:'TouchCoordinates', with key:'touch_coordinate'
I/InstrumentationBackend(10350): Added:'ListActions', with key:'list_actions'
I/InstrumentationBackend(10350): Added:'SendTcp', with key:'send_tcp'
I/InstrumentationBackend(10350): Added:'PressElement', with key:'press_l10n_element'
I/InstrumentationBackend(10350): Added:'WaitForElement', with key:'wait_for_l10n_element'
I/InstrumentationBackend(10350): Added:'FakeGPSLocation', with key:'set_gps_coordinates'
I/InstrumentationBackend(10350): Added:'GetMapBounds', with key:'get_map_bounds'
I/InstrumentationBackend(10350): Added:'GetMapCenter', with key:'get_map_center'
I/InstrumentationBackend(10350): Added:'GetMapMarker', with key:'get_map_marker'
I/InstrumentationBackend(10350): Added:'GetMapMarkers', with key:'get_map_markers'
I/InstrumentationBackend(10350): Added:'GetMapZoom', with key:'get_map_zoom'
I/InstrumentationBackend(10350): Added:'PanMapTo', with key:'pan_map_to'
I/InstrumentationBackend(10350): Added:'SetMapCenter', with key:'set_map_center'
I/InstrumentationBackend(10350): Added:'SetMapZoom', with key:'set_map_zoom'
I/InstrumentationBackend(10350): Added:'TapAwayFromMarkers', with key:'tap_map_away_from_markers'
I/InstrumentationBackend(10350): Added:'TapMapMarker', with key:'tap_map_marker_by_title'
I/InstrumentationBackend(10350): Added:'ClearPreferences', with key:'clear_preferences'
I/InstrumentationBackend(10350): Added:'GetPreferences', with key:'get_preferences'
I/InstrumentationBackend(10350): Added:'SetPreferences', with key:'set_preferences'
I/InstrumentationBackend(10350): Added:'PressKey', with key:'press_key'
I/InstrumentationBackend(10350): Added:'DeleteSurroundingText', with key:'delete_surrounding_text'
I/InstrumentationBackend(10350): Added:'HideSoftKeyboard', with key:'hide_soft_keyboard'
I/InstrumentationBackend(10350): Added:'KeyboardEnterText', with key:'keyboard_enter_text'
I/InstrumentationBackend(10350): Added:'KeyboardKeyEvent', with key:'keyboard_key_event'
I/InstrumentationBackend(10350): Added:'PressUserActionButton', with key:'press_user_action_button'
I/InstrumentationBackend(10350): Added:'SetComposingRegion', with key:'set_composing_region'
I/InstrumentationBackend(10350): Added:'SetSelection', with key:'set_selection'
I/InstrumentationBackend(10350): Added:'AndroidSDKVersion', with key:'android_sdk_version'
I/InstrumentationBackend(10350): Added:'Version', with key:'version'
I/InstrumentationBackend(10350): Added:'GetActivityName', with key:'get_activity_name'
I/InstrumentationBackend(10350): Added:'IsCurrentActivityFocused', with key:'is_current_activity_focused'
I/InstrumentationBackend(10350): Added:'ScrollToView', with key:'scroll_to_view'
I/InstrumentationBackend(10350): Added:'ViewConfiguration', with key:'view_configuration'
I/InstrumentationBackend(10350): Added:'DumpBodyHtml', with key:'dump_body_html'
I/InstrumentationBackend(10350): Added:'DumpHtml', with key:'dump_html'
I/InstrumentationBackend(10350): Added:'EnterTextByCssSelector', with key:'enter_text_by_selector'
I/InstrumentationBackend(10350): Added:'GetLoadProgress', with key:'get_load_progress'
I/InstrumentationBackend(10350): Added:'GetUrl', with key:'get_url'
I/InstrumentationBackend(10350): Added:'ScrollTo', with key:'scroll_to'
I/InstrumentationBackend(10350): Added:'SetPropertyByCssSelector', with key:'set_property_by_css_selector'
I/calabash(10350): Instantiating http server at 7102
I/System.out(10350): HTTP Daemon listening on: 7102
I/System.out(10350): URI: /ready
I/System.out(10350): params: {}
I/System.out(10350): URI: /ready
I/System.out(10350): params: {}
I/System.out(10350): URI: /ping
I/System.out(10350): params: {json={"intent":null }
I/System.out(10350): }
I/System.out(10350): URI: /ready
I/System.out(10350): params: {json={"intent":null }
I/System.out(10350): }
I/System.out(10350): URI: /start-application
I/System.out(10350): params: {json={"intent":null }
I/System.out(10350): }
I/calabash(10350): execStartActivity 4
I/ActivityManager(  873): START u0 {act=android.intent.action.MAIN cat=[android.intent.category.LAUNCHER] flg=0x10200000 cmp=com.careerbuilder.SugarDrone/md537fd6201b6818e2e180d2f7606e21a83.AppMainActivity (has extras)} from uid 15040 on display 0
W/SearchService( 4395): Abort, client detached.
I/MicroDetector( 4395): Keeping mic open: false
I/DeviceStateChecker( 4395): DeviceStateChecker cancelled
I/MicrophoneInputStream( 4395): mic_close com.google.android.apps.gsa.speech.audio.ah@676fbac
E/AudioRecord-JNI( 4395): Error -4 during AudioRecord native read
I/calabash(10350): newActivity1
D/Mono    (10350): Assembly Ref addref CareerBuilder_Search.Droid[0xe043ee40] -> Xamarin.Android.Support.v7.AppCompat[0xe043fc20]: 2
D/Mono    (10350): Assembly Ref addref Xamarin.Android.Support.v7.AppCompat[0xe043fc20] -> Xamarin.Android.Support.v4[0xe043faa0]: 2
D/Mono    (10350): DllImport searching in: '__Internal' ('(null)').
D/Mono    (10350): Searching for 'java_interop_jnienv_get_array_length'.
D/Mono    (10350): Probing 'java_interop_jnienv_get_array_length'.
D/Mono    (10350): Found as 'java_interop_jnienv_get_array_length'.
D/sound_trigger_platform(  509): platform_stdev_check_and_update_concurrency: concurrency active 0, tx 0, rx 0, concurrency session_allowed 1
I/SoundTriggerHwService::Module(  509): void android::SoundTriggerHwService::Module::onCallbackEvent(const sp<android::SoundTriggerHwService::CallbackEvent> &) mClient == 0
I/MicroRecognitionRunner( 4395): Detection finished
I/MicroRecognitionRunner( 4395): Stopping hotword detection.
D/Mono    (10350): Assembly Ref addref CareerBuilder_Search.Droid[0xe043ee40] -> CareerBuilder_Search[0xe0440100]: 2
D/Mono    (10350): Assembly Ref addref CareerBuilder_Search.Droid[0xe043ee40] -> Xamarin.Android.Support.v4[0xe043faa0]: 3
D/Mono    (10350): DllImport searching in: '__Internal' ('(null)').
D/Mono    (10350): Searching for 'java_interop_jnienv_new_string'.
D/Mono    (10350): Probing 'java_interop_jnienv_new_string'.
D/Mono    (10350): Found as 'java_interop_jnienv_new_string'.
D/Mono    (10350): Assembly Ref addref CareerBuilder_Search.Droid[0xe043ee40] -> Plugin.CurrentActivity[0xe043f560]: 2
D/Mono    (10350): Assembly Ref addref Plugin.CurrentActivity[0xe043f560] -> mscorlib[0xe043eba0]: 30
D/Mono    (10350): Assembly Ref addref Plugin.CurrentActivity[0xe043f560] -> Mono.Android[0xe0440160]: 18
D/Mono    (10350): [0xc8d74920] worker starting
D/Mono    (10350): [0xc8c73920] worker starting
D/Mono    (10350): Unloading image System.Runtime.dll [0xc9677300].
D/Mono    (10350): Image addref System.Runtime[0xc967a060] -> System.Runtime.dll[0xe1e08a00]: 5
D/Mono    (10350): Config attempting to parse: 'System.Runtime.dll.config'.
D/Mono    (10350): Config attempting to parse: '/Users/builder/data/lanes/4009/f3074d2c/source/monodroid/builds/install/mono-armv6/etc/mono/assemblies/System.Runtime/System.Runtime.config'.
D/Mono    (10350): Assembly Ref addref CareerBuilder_Search[0xe0440100] -> System.Runtime[0xe0440220]: 3
D/Mono    (10350): Assembly Ref addref CareerBuilder_Search[0xe0440100] -> Plugin.DeviceInfo.Abstractions[0xe043f7a0]: 2
D/Mono    (10350): Unloading image System.Runtime.dll [0xc9677800].
D/Mono    (10350): Image addref System.Runtime[0xc967a060] -> System.Runtime.dll[0xe1e08a00]: 6
D/Mono    (10350): Config attempting to parse: 'System.Runtime.dll.config'.
D/Mono    (10350): Config attempting to parse: '/Users/builder/data/lanes/4009/f3074d2c/source/monodroid/builds/install/mono-armv6/etc/mono/assemblies/System.Runtime/System.Runtime.config'.
D/Mono    (10350): Assembly Ref addref Plugin.DeviceInfo.Abstractions[0xe043f7a0] -> System.Runtime[0xe0440220]: 4
D/Mono    (10350): Assembly Ref addref CareerBuilder_Search.Droid[0xe043ee40] -> Akavache[0xe043f380]: 2
D/Mono    (10350): Assembly Ref addref Akavache[0xe043f380] -> mscorlib[0xe043eba0]: 31
D/Mono    (10350): Assembly Ref addref Akavache[0xe043f380] -> System.Reactive.Interfaces[0xe043fe60]: 2
D/Mono    (10350): Assembly Ref addref Akavache[0xe043f380] -> System.Reactive.Core[0xe043fe00]: 2
D/Mono    (10350): Unloading image System.Runtime.dll [0xc9677800].
D/Mono    (10350): Image addref System.Runtime[0xc967a060] -> System.Runtime.dll[0xe1e08a00]: 7
D/Mono    (10350): Config attempting to parse: 'System.Runtime.dll.config'.
D/Mono    (10350): Config attempting to parse: '/Users/builder/data/lanes/4009/f3074d2c/source/monodroid/builds/install/mono-armv6/etc/mono/assemblies/System.Runtime/System.Runtime.config'.
D/Mono    (10350): Assembly Ref addref System.Reactive.Core[0xe043fe00] -> System.Runtime[0xe0440220]: 5
D/Mono    (10350): DllImport searching in: '__Internal' ('(null)').
D/Mono    (10350): Searching for 'java_interop_jnienv_call_nonvirtual_object_method_a'.
D/Mono    (10350): Probing 'java_interop_jnienv_call_nonvirtual_object_method_a'.
D/Mono    (10350): Found as 'java_interop_jnienv_call_nonvirtual_object_method_a'.
D/Mono    (10350): Assembly Ref addref CareerBuilder_Search.Droid[0xe043ee40] -> Microsoft.Practices.Unity[0xe043f500]: 2
D/Mono    (10350): Unloading image System.Runtime.dll [0xc9677800].
D/Mono    (10350): Image addref System.Runtime[0xc967a060] -> System.Runtime.dll[0xe1e08a00]: 8
D/Mono    (10350): Config attempting to parse: 'System.Runtime.dll.config'.
D/Mono    (10350): Config attempting to parse: '/Users/builder/data/lanes/4009/f3074d2c/source/monodroid/builds/install/mono-armv6/etc/mono/assemblies/System.Runtime/System.Runtime.config'.
D/Mono    (10350): Assembly Ref addref Microsoft.Practices.Unity[0xe043f500] -> System.Runtime[0xe0440220]: 6
D/Mono    (10350): Unloading image System.Collections.dll [0xc9677d00].
D/Mono    (10350): Image addref System.Collections[0xc967a060] -> System.Collections.dll[0xe1e0b700]: 5
D/Mono    (10350): Config attempting to parse: 'System.Collections.dll.config'.
D/Mono    (10350): Config attempting to parse: '/Users/builder/data/lanes/4009/f3074d2c/source/monodroid/builds/install/mono-armv6/etc/mono/assemblies/System.Collections/System.Collections.config'.
D/Mono    (10350): Assembly Ref addref Microsoft.Practices.Unity[0xe043f500] -> System.Collections[0xe04404c0]: 3
I/Adreno  (10350): QUALCOMM build                   : 74df444, I409c65498b
I/Adreno  (10350): Build Date                       : 06/22/16
I/Adreno  (10350): OpenGL ES Shader Compiler Version: XE031.08.00.02
I/Adreno  (10350): Local Branch                     : N16
I/Adreno  (10350): Remote Branch                    : 
I/Adreno  (10350): Remote Branch                    : 
I/Adreno  (10350): Reconstruct Branch               : 
D/Mono    (10350): Assembly Ref addref CareerBuilder_Search[0xe0440100] -> Microsoft.Practices.Unity[0xe043f500]: 3
D/Mono    (10350): Assembly Ref addref CareerBuilder_Search.Droid[0xe043ee40] -> Plugin.DeviceInfo.Abstractions[0xe043f7a0]: 3
D/Mono    (10350): Unloading image System.Diagnostics.Debug.dll [0xc9677d00].
D/Mono    (10350): Image addref System.Diagnostics.Debug[0xc967a060] -> System.Diagnostics.Debug.dll[0xe1e0a800]: 5
D/Mono    (10350): Config attempting to parse: 'System.Diagnostics.Debug.dll.config'.
D/Mono    (10350): Config attempting to parse: '/Users/builder/data/lanes/4009/f3074d2c/source/monodroid/builds/install/mono-armv6/etc/mono/assemblies/System.Diagnostics.Debug/System.Diagnostics.Debug.config'.
D/Mono    (10350): Assembly Ref addref CareerBuilder_Search[0xe0440100] -> System.Diagnostics.Debug[0xe04403a0]: 3
D/Mono    (10350): Assembly Ref addref System.Diagnostics.Debug[0xe04403a0] -> mscorlib[0xe043eba0]: 32
W/IInputConnectionWrapper( 4317): reportFullscreenMode on inexistent InputConnection
D/Mono    (10350): Image addref System.Diagnostics.Tools[0xc967a060] -> System.Diagnostics.Tools.dll[0xc9677d00]: 2
D/Mono    (10350): Prepared to set up assembly 'System.Diagnostics.Tools' (System.Diagnostics.Tools.dll)
D/Mono    (10350): Assembly System.Diagnostics.Tools[0xc967a060] added to domain RootDomain, ref_count=1
D/Mono    (10350): AOT module 'System.Diagnostics.Tools.dll.so' not found: dlopen failed: library "/data/app/com.careerbuilder.SugarDrone-1/lib/arm/libaot-System.Diagnostics.Tools.dll.so" not found
D/Mono    (10350): AOT module '/Users/builder/data/lanes/4009/f3074d2c/source/monodroid/builds/install/mono-armv6/lib/mono/aot-cache/arm/System.Diagnostics.Tools.dll.so' not found: dlopen failed: library "/data/app/com.careerbuilder.SugarDrone-1/lib/arm/libaot-System.Diagnostics.Tools.dll.so" not found
D/Mono    (10350): Config attempting to parse: 'System.Diagnostics.Tools.dll.config'.
D/Mono    (10350): Config attempting to parse: '/Users/builder/data/lanes/4009/f3074d2c/source/monodroid/builds/install/mono-armv6/etc/mono/assemblies/System.Diagnostics.Tools/System.Diagnostics.Tools.config'.
D/Mono    (10350): Assembly Ref addref Microsoft.Practices.Unity[0xe043f500] -> System.Diagnostics.Tools[0xc967a060]: 2
D/Mono    (10350): Assembly Ref addref System.Diagnostics.Tools[0xc967a060] -> mscorlib[0xe043eba0]: 33
I/OpenGLRenderer(10350): Initialized EGL, version 1.4
D/OpenGLRenderer(10350): Swap behavior 1
D/Mono    (10350): Image addref System.Resources.ResourceManager[0xc967a0c0] -> System.Resources.ResourceManager.dll[0xc9678200]: 2
D/Mono    (10350): Prepared to set up assembly 'System.Resources.ResourceManager' (System.Resources.ResourceManager.dll)
D/Mono    (10350): Assembly System.Resources.ResourceManager[0xc967a0c0] added to domain RootDomain, ref_count=1
D/Mono    (10350): AOT module 'System.Resources.ResourceManager.dll.so' not found: dlopen failed: library "/data/app/com.careerbuilder.SugarDrone-1/lib/arm/libaot-System.Resources.ResourceManager.dll.so" not found
D/Mono    (10350): AOT module '/Users/builder/data/lanes/4009/f3074d2c/source/monodroid/builds/install/mono-armv6/lib/mono/aot-cache/arm/System.Resources.ResourceManager.dll.so' not found: dlopen failed: library "/data/app/com.careerbuilder.SugarDrone-1/lib/arm/libaot-System.Resources.ResourceManager.dll.so" not found
D/Mono    (10350): Config attempting to parse: 'System.Resources.ResourceManager.dll.config'.
D/Mono    (10350): Config attempting to parse: '/Users/builder/data/lanes/4009/f3074d2c/source/monodroid/builds/install/mono-armv6/etc/mono/assemblies/System.Resources.ResourceManager/System.Resources.ResourceManager.config'.
D/Mono    (10350): Assembly Ref addref Microsoft.Practices.Unity[0xe043f500] -> System.Resources.ResourceManager[0xc967a0c0]: 2
D/Mono    (10350): Assembly Ref addref System.Resources.ResourceManager[0xc967a0c0] -> mscorlib[0xe043eba0]: 34
D/Mono    (10350): Unloading image System.Reflection.dll [0xc892ab00].
D/Mono    (10350): Image addref System.Reflection[0xc967a120] -> System.Reflection.dll[0xe1e09e00]: 5
D/Mono    (10350): Config attempting to parse: 'System.Reflection.dll.config'.
D/Mono    (10350): Config attempting to parse: '/Users/builder/data/lanes/4009/f3074d2c/source/monodroid/builds/install/mono-armv6/etc/mono/assemblies/System.Reflection/System.Reflection.config'.
D/Mono    (10350): Assembly Ref addref Microsoft.Practices.Unity[0xe043f500] -> System.Reflection[0xe04402e0]: 3
I/art     (10350): Starting a blocking GC Explicit
D/Mono    (10350): Unloading image System.Linq.dll [0xc892ab00].
D/Mono    (10350): Image addref System.Linq[0xc967a480] -> System.Linq.dll[0xc9823a00]: 5
D/Mono    (10350): Config attempting to parse: 'System.Linq.dll.config'.
D/Mono    (10350): Config attempting to parse: '/Users/builder/data/lanes/4009/f3074d2c/source/monodroid/builds/install/mono-armv6/etc/mono/assemblies/System.Linq/System.Linq.config'.
D/Mono    (10350): Assembly Ref addref Microsoft.Practices.Unity[0xe043f500] -> System.Linq[0xe04405e0]: 3
I/art     (10350): Explicit concurrent mark sweep GC freed 16053(1095KB) AllocSpace objects, 16(320KB) LOS objects, 39% free, 5MB/9MB, paused 524us total 44.589ms
D/Mono    (10350): Unloading image System.Threading.dll [0xc892ab00].
D/Mono    (10350): Image addref System.Threading[0xc967a480] -> System.Threading.dll[0xe1e0a300]: 5
D/Mono    (10350): Config attempting to parse: 'System.Threading.dll.config'.
D/Mono    (10350): Config attempting to parse: '/Users/builder/data/lanes/4009/f3074d2c/source/monodroid/builds/install/mono-armv6/etc/mono/assemblies/System.Threading/System.Threading.config'.
D/Mono    (10350): Assembly Ref addref Microsoft.Practices.Unity[0xe043f500] -> System.Threading[0xe0440340]: 3
D/Mono    (10350): Image addref System.Globalization[0xc967a3c0] -> System.Globalization.dll[0xc87bee00]: 2
D/Mono    (10350): Prepared to set up assembly 'System.Globalization' (System.Globalization.dll)
D/Mono    (10350): Assembly System.Globalization[0xc967a3c0] added to domain RootDomain, ref_count=1
D/Mono    (10350): AOT module 'System.Globalization.dll.so' not found: dlopen failed: library "/data/app/com.careerbuilder.SugarDrone-1/lib/arm/libaot-System.Globalization.dll.so" not found
D/Mono    (10350): AOT module '/Users/builder/data/lanes/4009/f3074d2c/source/monodroid/builds/install/mono-armv6/lib/mono/aot-cache/arm/System.Globalization.dll.so' not found: dlopen failed: library "/data/app/com.careerbuilder.SugarDrone-1/lib/arm/libaot-System.Globalization.dll.so" not found
D/Mono    (10350): Config attempting to parse: 'System.Globalization.dll.config'.
D/Mono    (10350): Config attempting to parse: '/Users/builder/data/lanes/4009/f3074d2c/source/monodroid/builds/install/mono-armv6/etc/mono/assemblies/System.Globalization/System.Globalization.config'.
D/Mono    (10350): Assembly Ref addref Microsoft.Practices.Unity[0xe043f500] -> System.Globalization[0xc967a3c0]: 2
D/Mono    (10350): Assembly Ref addref System.Globalization[0xc967a3c0] -> mscorlib[0xe043eba0]: 35
D/Mono    (10350): Image addref System.Runtime.Extensions[0xc7d83240] -> System.Runtime.Extensions.dll[0xc87c0c00]: 2
D/Mono    (10350): Prepared to set up assembly 'System.Runtime.Extensions' (System.Runtime.Extensions.dll)
D/Mono    (10350): Assembly System.Runtime.Extensions[0xc7d83240] added to domain RootDomain, ref_count=1
D/Mono    (10350): AOT module 'System.Runtime.Extensions.dll.so' not found: dlopen failed: library "/data/app/com.careerbuilder.SugarDrone-1/lib/arm/libaot-System.Runtime.Extensions.dll.so" not found
D/Mono    (10350): AOT module '/Users/builder/data/lanes/4009/f3074d2c/source/monodroid/builds/install/mono-armv6/lib/mono/aot-cache/arm/System.Runtime.Extensions.dll.so' not found: dlopen failed: library "/data/app/com.careerbuilder.SugarDrone-1/lib/arm/libaot-System.Runtime.Extensions.dll.so" not found
D/Mono    (10350): Config attempting to parse: 'System.Runtime.Extensions.dll.config'.
D/Mono    (10350): Config attempting to parse: '/Users/builder/data/lanes/4009/f3074d2c/source/monodroid/builds/install/mono-armv6/etc/mono/assemblies/System.Runtime.Extensions/System.Runtime.Extensions.config'.
D/Mono    (10350): Assembly Ref addref Microsoft.Practices.Unity[0xe043f500] -> System.Runtime.Extensions[0xc7d83240]: 2
D/Mono    (10350): Assembly Ref addref System.Runtime.Extensions[0xc7d83240] -> mscorlib[0xe043eba0]: 36
D/Mono    (10350): Image addref System.Linq.Expressions[0xc7d830c0] -> System.Linq.Expressions.dll[0xc87bd000]: 2
D/Mono    (10350): Prepared to set up assembly 'System.Linq.Expressions' (System.Linq.Expressions.dll)
D/Mono    (10350): Assembly System.Linq.Expressions[0xc7d830c0] added to domain RootDomain, ref_count=1
D/Mono    (10350): AOT module 'System.Linq.Expressions.dll.so' not found: dlopen failed: library "/data/app/com.careerbuilder.SugarDrone-1/lib/arm/libaot-System.Linq.Expressions.dll.so" not found
D/Mono    (10350): AOT module '/Users/builder/data/lanes/4009/f3074d2c/source/monodroid/builds/install/mono-armv6/lib/mono/aot-cache/arm/System.Linq.Expressions.dll.so' not found: dlopen failed: library "/data/app/com.careerbuilder.SugarDrone-1/lib/arm/libaot-System.Linq.Expressions.dll.so" not found
D/Mono    (10350): Config attempting to parse: 'System.Linq.Expressions.dll.config'.
D/Mono    (10350): Config attempting to parse: '/Users/builder/data/lanes/4009/f3074d2c/source/monodroid/builds/install/mono-armv6/etc/mono/assemblies/System.Linq.Expressions/System.Linq.Expressions.config'.
D/Mono    (10350): Assembly Ref addref Microsoft.Practices.Unity[0xe043f500] -> System.Linq.Expressions[0xc7d830c0]: 2
D/Mono    (10350): Assembly Ref addref System.Linq.Expressions[0xc7d830c0] -> System.Core[0xe0440760]: 5
D/Mono    (10350): Assembly Ref addref System.Core[0xe0440760] -> System[0xe0440400]: 3
I/ActivityManager(  873): Displayed com.careerbuilder.SugarDrone/md537fd6201b6818e2e180d2f7606e21a83.AppMainActivity: +775ms
I/WindowManager(  873): Destroying surface Surface(name=com.google.android.googlequicksearchbox/com.google.android.launcher.GEL) called by com.android.server.wm.WindowStateAnimator.destroySurface:2014 com.android.server.wm.WindowStateAnimator.destroySurfaceLocked:881 com.android.server.wm.WindowState.destroyOrSaveSurface:2073 com.android.server.wm.AppWindowToken.destroySurfaces:363 com.android.server.wm.AppWindowToken.notifyAppStopped:389 com.android.server.wm.WindowManagerService.notifyAppStopped:4456 com.android.server.am.ActivityStack.activityStoppedLocked:1252 com.android.server.am.ActivityManagerService.activityStopped:6873 
D/Mono    (10350): Assembly Ref addref CareerBuilder_Search.Droid[0xe043ee40] -> Xamarin.GooglePlayServices.Analytics[0xe043f800]: 2
D/Mono    (10350): Assembly Ref addref CareerBuilder_Search.Droid[0xe043ee40] -> Plugin.Geolocator.Abstractions[0xe043f6e0]: 2
D/Mono    (10350): Assembly Ref addref CareerBuilder_Search[0xe0440100] -> System.Net.Http[0xe0440fa0]: 3
D/Mono    (10350): Assembly Ref addref CareerBuilder_Search[0xe0440100] -> Plugin.DeviceInfo[0xe043f740]: 2
D/Mono    (10350): Assembly Ref addref Plugin.DeviceInfo[0xe043f740] -> mscorlib[0xe043eba0]: 37
D/Mono    (10350): Assembly Ref addref Plugin.DeviceInfo[0xe043f740] -> Plugin.DeviceInfo.Abstractions[0xe043f7a0]: 4
D/Mono    (10350): Image addref System.Threading.Tasks[0xc7d832a0] -> System.Threading.Tasks.dll[0xc87bf300]: 2
D/Mono    (10350): Prepared to set up assembly 'System.Threading.Tasks' (System.Threading.Tasks.dll)
D/Mono    (10350): Assembly System.Threading.Tasks[0xc7d832a0] added to domain RootDomain, ref_count=1
D/Mono    (10350): AOT module 'System.Threading.Tasks.dll.so' not found: dlopen failed: library "/data/app/com.careerbuilder.SugarDrone-1/lib/arm/libaot-System.Threading.Tasks.dll.so" not found
D/Mono    (10350): AOT module '/Users/builder/data/lanes/4009/f3074d2c/source/monodroid/builds/install/mono-armv6/lib/mono/aot-cache/arm/System.Threading.Tasks.dll.so' not found: dlopen failed: library "/data/app/com.careerbuilder.SugarDrone-1/lib/arm/libaot-System.Threading.Tasks.dll.so" not found
D/Mono    (10350): Config attempting to parse: 'System.Threading.Tasks.dll.config'.
D/Mono    (10350): Config attempting to parse: '/Users/builder/data/lanes/4009/f3074d2c/source/monodroid/builds/install/mono-armv6/etc/mono/assemblies/System.Threading.Tasks/System.Threading.Tasks.config'.
D/Mono    (10350): Assembly Ref addref CareerBuilder_Search[0xe0440100] -> System.Threading.Tasks[0xc7d832a0]: 2
D/Mono    (10350): Assembly Ref addref System.Threading.Tasks[0xc7d832a0] -> mscorlib[0xe043eba0]: 38
D/Mono    (10350): Unloading image System.Collections.dll [0xc87bfd00].
D/Mono    (10350): Image addref System.Collections[0xc7d831e0] -> System.Collections.dll[0xe1e0b700]: 6
D/Mono    (10350): Config attempting to parse: 'System.Collections.dll.config'.
D/Mono    (10350): Config attempting to parse: '/Users/builder/data/lanes/4009/f3074d2c/source/monodroid/builds/install/mono-armv6/etc/mono/assemblies/System.Collections/System.Collections.config'.
D/Mono    (10350): Assembly Ref addref CareerBuilder_Search[0xe0440100] -> System.Collections[0xe04404c0]: 4
D/Mono    (10350): Assembly Ref addref System.Collections[0xe04404c0] -> System[0xe0440400]: 4
D/Mono    (10350): Assembly Ref addref System.Net.Http[0xe0440fa0] -> System[0xe0440400]: 5
I/WindowManager(  873): Destroying surface Surface(name=Starting com.careerbuilder.SugarDrone) called by com.android.server.wm.WindowStateAnimator.destroySurface:2014 com.android.server.wm.WindowStateAnimator.destroySurfaceLocked:881 com.android.server.wm.WindowState.destroyOrSaveSurface:2073 com.android.server.wm.AppWindowToken.destroySurfaces:363 com.android.server.wm.WindowStateAnimator.finishExit:565 com.android.server.wm.WindowStateAnimator.stepAnimationLocked:491 com.android.server.wm.WindowAnimator.updateWindowsLocked:303 com.android.server.wm.WindowAnimator.animateLocked:704 
I/System.out(10350): URI: /map
I/System.out(10350): params: {json={"query":"*","operation":{"method_name":"query","arguments":[]}}
I/System.out(10350): }
D/Mono    (10350): Assembly Ref addref Microsoft.Practices.Unity[0xe043f500] -> System.Reflection.Extensions[0xe0440880]: 3
W/ResourceType(10350): No known package when getting name for resource number 0xffffffff
W/ResourceType(10350): No known package when getting name for resource number 0xffffffff
W/ResourceType(10350): No known package when getting name for resource number 0xffffffff
D/Mono    (10350): Unloading image System.Threading.dll [0xc8fa2a00].
D/Mono    (10350): Image addref System.Threading[0xc7d83000] -> System.Threading.dll[0xe1e0a300]: 6
D/Mono    (10350): Config attempting to parse: 'System.Threading.dll.config'.
D/Mono    (10350): Config attempting to parse: '/Users/builder/data/lanes/4009/f3074d2c/source/monodroid/builds/install/mono-armv6/etc/mono/assemblies/System.Threading/System.Threading.config'.
D/Mono    (10350): Assembly Ref addref CareerBuilder_Search[0xe0440100] -> System.Threading[0xe0440340]: 4
D/Mono    (10350): Assembly Ref addref System.Threading[0xe0440340] -> System.Core[0xe0440760]: 6
D/Mono    (10350): Assembly Ref addref System.Runtime[0xe0440220] -> System[0xe0440400]: 6
D/Mono    (10350): Assembly Ref addref CareerBuilder_Search[0xe0440100] -> Newtonsoft.Json[0xe043fd40]: 2
D/Mono    (10350): Unloading image System.Runtime.dll [0xc8fa2f00].
D/Mono    (10350): Image addref System.Runtime[0xc7d84f80] -> System.Runtime.dll[0xe1e08a00]: 9
D/Mono    (10350): Config attempting to parse: 'System.Runtime.dll.config'.
D/Mono    (10350): Config attempting to parse: '/Users/builder/data/lanes/4009/f3074d2c/source/monodroid/builds/install/mono-armv6/etc/mono/assemblies/System.Runtime/System.Runtime.config'.
D/Mono    (10350): Assembly Ref addref Newtonsoft.Json[0xe043fd40] -> System.Runtime[0xe0440220]: 7
D/Mono    (10350): Image addref System.Dynamic.Runtime[0xc7d84f80] -> System.Dynamic.Runtime.dll[0xc8fa2f00]: 2
D/Mono    (10350): Prepared to set up assembly 'System.Dynamic.Runtime' (System.Dynamic.Runtime.dll)
D/Mono    (10350): Assembly System.Dynamic.Runtime[0xc7d84f80] added to domain RootDomain, ref_count=1
D/Mono    (10350): AOT module 'System.Dynamic.Runtime.dll.so' not found: dlopen failed: library "/data/app/com.careerbuilder.SugarDrone-1/lib/arm/libaot-System.Dynamic.Runtime.dll.so" not found
D/Mono    (10350): AOT module '/Users/builder/data/lanes/4009/f3074d2c/source/monodroid/builds/install/mono-armv6/lib/mono/aot-cache/arm/System.Dynamic.Runtime.dll.so' not found: dlopen failed: library "/data/app/com.careerbuilder.SugarDrone-1/lib/arm/libaot-System.Dynamic.Runtime.dll.so" not found
D/Mono    (10350): Config attempting to parse: 'System.Dynamic.Runtime.dll.config'.
D/Mono    (10350): Config attempting to parse: '/Users/builder/data/lanes/4009/f3074d2c/source/monodroid/builds/install/mono-armv6/etc/mono/assemblies/System.Dynamic.Runtime/System.Dynamic.Runtime.config'.
D/Mono    (10350): Assembly Ref addref Newtonsoft.Json[0xe043fd40] -> System.Dynamic.Runtime[0xc7d84f80]: 2
D/Mono    (10350): Assembly Ref addref System.Dynamic.Runtime[0xc7d84f80] -> System.Core[0xe0440760]: 7
D/Mono    (10350): Image addref System.ObjectModel[0xc7d84fe0] -> System.ObjectModel.dll[0xc8fa2500]: 2
D/Mono    (10350): Prepared to set up assembly 'System.ObjectModel' (System.ObjectModel.dll)
D/Mono    (10350): Assembly System.ObjectModel[0xc7d84fe0] added to domain RootDomain, ref_count=1
D/Mono    (10350): AOT module 'System.ObjectModel.dll.so' not found: dlopen failed: library "/data/app/com.careerbuilder.SugarDrone-1/lib/arm/libaot-System.ObjectModel.dll.so" not found
D/Mono    (10350): AOT module '/Users/builder/data/lanes/4009/f3074d2c/source/monodroid/builds/install/mono-armv6/lib/mono/aot-cache/arm/System.ObjectModel.dll.so' not found: dlopen failed: library "/data/app/com.careerbuilder.SugarDrone-1/lib/arm/libaot-System.ObjectModel.dll.so" not found
D/Mono    (10350): Config attempting to parse: 'System.ObjectModel.dll.config'.
D/Mono    (10350): Config attempting to parse: '/Users/builder/data/lanes/4009/f3074d2c/source/monodroid/builds/install/mono-armv6/etc/mono/assemblies/System.ObjectModel/System.ObjectModel.config'.
D/Mono    (10350): Assembly Ref addref Newtonsoft.Json[0xe043fd40] -> System.ObjectModel[0xc7d84fe0]: 2
D/Mono    (10350): Assembly Ref addref System.ObjectModel[0xc7d84fe0] -> System[0xe0440400]: 7
D/Mono    (10350): Assembly Ref addref CareerBuilder_Search[0xe0440100] -> System.Reactive.Core[0xe043fe00]: 3
D/Mono    (10350): DllImport attempting to load: '__Internal'.
D/Mono    (10350): DllImport loaded library '(null)'.
D/Mono    (10350): DllImport searching in: '__Internal' ('(null)').
D/Mono    (10350): Searching for 'monodroid_get_system_property'.
D/Mono    (10350): Probing 'monodroid_get_system_property'.
D/Mono    (10350): Found as 'monodroid_get_system_property'.
D/Mono    (10350): DllImport searching in: '__Internal' ('(null)').
D/Mono    (10350): Searching for 'monodroid_free'.
D/Mono    (10350): Probing 'monodroid_free'.
D/Mono    (10350): Found as 'monodroid_free'.
I/System.out(10350): URI: /map
I/System.out(10350): params: {json={"query":"* id:'agreeAndContinueButton'","operation":{"method_name":"query","arguments":[]}}
I/System.out(10350): }
D/Mono    (10350): Assembly Ref addref CareerBuilder_Search.Droid[0xe043ee40] -> Xamarin.Insights[0xe043f920]: 2
D/Mono    (10350): Assembly Ref addref Xamarin.Insights[0xe043f920] -> mscorlib[0xe043eba0]: 39
D/Mono    (10350): Assembly Ref addref Xamarin.Insights[0xe043f920] -> Mono.Android[0xe0440160]: 19
D/Mono    (10350): Assembly Ref addref CareerBuilder_Search.Droid[0xe043ee40] -> HockeySDK[0xe043f320]: 2
D/Mono    (10350): Assembly Ref addref CareerBuilder_Search.Droid[0xe043ee40] -> AppsFlyerXamarinBindingAndroid[0xe043f080]: 2
W/ResourceType(10350): No known package when getting name for resource number 0xffffffff
W/ResourceType(10350): No known package when getting name for resource number 0xffffffff
W/ResourceType(10350): No known package when getting name for resource number 0xffffffff
D/Mono    (10350): DllImport searching in: '__Internal' ('(null)').
D/Mono    (10350): Searching for 'java_interop_jnienv_get_static_field_id'.
D/Mono    (10350): Probing 'java_interop_jnienv_get_static_field_id'.
D/Mono    (10350): Found as 'java_interop_jnienv_get_static_field_id'.
D/Mono    (10350): DllImport searching in: '__Internal' ('(null)').
D/Mono    (10350): Searching for 'java_interop_jnienv_get_static_int_field'.
D/Mono    (10350): Probing 'java_interop_jnienv_get_static_int_field'.
D/Mono    (10350): Found as 'java_interop_jnienv_get_static_int_field'.
D/Mono    (10350): Assembly Ref addref Xamarin.Insights[0xe043f920] -> System.Core[0xe0440760]: 8
D/Mono    (10350): DllImport searching in: '__Internal' ('(null)').
D/Mono    (10350): Searching for 'java_interop_jnienv_call_static_long_method_a'.
D/Mono    (10350): Probing 'java_interop_jnienv_call_static_long_method_a'.
D/Mono    (10350): Found as 'java_interop_jnienv_call_static_long_method_a'.
D/Mono    (10350): Assembly Ref addref Xamarin.Insights[0xe043f920] -> System[0xe0440400]: 8
D/Mono    (10350): Assembly Ref addref Xamarin.Insights[0xe043f920] -> System.Net.Http[0xe0440fa0]: 4
I/System.out(10350): URI: /map
I/System.out(10350): params: {json={"query":"* id:'agreeAndContinueButton'","operation":{"method_name":"query","arguments":[]}}
I/System.out(10350): }
W/ResourceType(10350): No known package when getting name for resource number 0xffffffff
W/ResourceType(10350): No known package when getting name for resource number 0xffffffff
W/ResourceType(10350): No known package when getting name for resource number 0xffffffff
W/NetworkIdentity(  873): Active mobile network without subscriber!
W/NetworkIdentity(  873): Active mobile network without subscriber!
W/NetworkIdentity(  873): Active mobile network without subscriber!
W/NetworkIdentity(  873): Active mobile network without subscriber!
W/NetworkIdentity(  873): Active mobile network without subscriber!
W/NetworkIdentity(  873): Active mobile network without subscriber!
W/NetworkIdentity(  873): Active mobile network without subscriber!
W/NetworkIdentity(  873): Active mobile network without subscriber!
W/NetworkIdentity(  873): Active mobile network without subscriber!
W/NetworkIdentity(  873): Active mobile network without subscriber!
D/Mono    (10350): DllImport searching in: '__Internal' ('(null)').
D/Mono    (10350): Searching for 'java_interop_jnienv_get_object_array_element'.
D/Mono    (10350): Probing 'java_interop_jnienv_get_object_array_element'.
D/Mono    (10350): Found as 'java_interop_jnienv_get_object_array_element'.
D/Mono    (10350): DllImport searching in: '__Internal' ('(null)').
D/Mono    (10350): Searching for 'java_interop_jnienv_call_boolean_method_a'.
D/Mono    (10350): Probing 'java_interop_jnienv_call_boolean_method_a'.
D/Mono    (10350): Found as 'java_interop_jnienv_call_boolean_method_a'.
D/Mono    (10350): DllImport searching in: '__Internal' ('(null)').
D/Mono    (10350): Searching for 'java_interop_jnienv_call_int_method_a'.
D/Mono    (10350): Probing 'java_interop_jnienv_call_int_method_a'.
D/Mono    (10350): Found as 'java_interop_jnienv_call_int_method_a'.
W/NetworkIdentity(  873): Active mobile network without subscriber!
W/NetworkIdentity(  873): Active mobile network without subscriber!
W/NetworkIdentity(  873): Active mobile network without subscriber!
W/NetworkIdentity(  873): Active mobile network without subscriber!
W/NetworkIdentity(  873): Active mobile network without subscriber!
W/NetworkIdentity(  873): Active mobile network without subscriber!
W/NetworkIdentity(  873): Active mobile network without subscriber!
W/NetworkIdentity(  873): Active mobile network without subscriber!
W/NetworkIdentity(  873): Active mobile network without subscriber!
W/NetworkIdentity(  873): Active mobile network without subscriber!
D/Mono    (10350): DllImport searching in: '__Internal' ('(null)').
D/Mono    (10350): Searching for 'java_interop_jnienv_get_field_id'.
D/Mono    (10350): Probing 'java_interop_jnienv_get_field_id'.
D/Mono    (10350): Found as 'java_interop_jnienv_get_field_id'.
D/Mono    (10350): DllImport searching in: '__Internal' ('(null)').
D/Mono    (10350): Searching for 'java_interop_jnienv_get_object_field'.
D/Mono    (10350): Probing 'java_interop_jnienv_get_object_field'.
D/Mono    (10350): Found as 'java_interop_jnienv_get_object_field'.
D/Mono    (10350): DllImport searching in: '__Internal' ('(null)').
D/Mono    (10350): Searching for 'java_interop_jnienv_call_static_int_method_a'.
D/Mono    (10350): Probing 'java_interop_jnienv_call_static_int_method_a'.
D/Mono    (10350): Found as 'java_interop_jnienv_call_static_int_method_a'.
W/Xamarin.Insights(10350): Warning: Insights data communication has been manually enabled
D/Mono    (10350): DllImport searching in: '__Internal' ('(null)').
D/Mono    (10350): Searching for 'java_interop_jnienv_get_static_object_field'.
D/Mono    (10350): Probing 'java_interop_jnienv_get_static_object_field'.
D/Mono    (10350): Found as 'java_interop_jnienv_get_static_object_field'.
D/Mono    (10350): DllImport searching in: '__Internal' ('(null)').
D/Mono    (10350): Searching for 'java_interop_jnienv_call_static_void_method'.
D/Mono    (10350): Probing 'java_interop_jnienv_call_static_void_method'.
D/Mono    (10350): Found as 'java_interop_jnienv_call_static_void_method'.
I/AppsFlyer_3.01(10350): Start tracking package: com.careerbuilder.SugarDrone
I/AppsFlyer_3.01(10350): AsendTrackingWithEvent from activity: md537fd6201b6818e2e180d2f7606e21a83.MainApplication
I/AppsFlyer_3.01-633243714(10350): ******* sendTrackingWithEvent: Launch
I/GAv4    (10350): Google Analytics 8.4.87 is starting up. To enable debug logging on a device run:
I/GAv4    (10350):   adb shell setprop log.tag.GAv4 DEBUG
I/GAv4    (10350):   adb logcat -s GAv4
E/ActivityThread(10350): Failed to find provider info for com.facebook.katana.provider.AttributionIdProvider
I/AppsFlyer_3.01(10350): WARNING:READ_PHONE_STATE is missing
W/GAv4    (10350): AnalyticsReceiver is not registered or is disabled. Register the receiver for reliable dispatching on non-Google Play devices. See http://goo.gl/8Rd3yj for instructions.
I/System.out(10350): URI: /map
I/System.out(10350): params: {json={"query":"* id:'agreeAndContinueButton'","operation":{"method_name":"query","arguments":[]}}
I/System.out(10350): }
W/GAv4    (10350): CampaignTrackingReceiver is not registered, not exported or is disabled. Installation campaign tracking is not possible. See http://goo.gl/8Rd3yj for instructions.
I/ActivityManager(  873): Killing 5750:com.android.printspooler/u0a80 (adj 906): empty #17
W/ResourceType(10350): No known package when getting name for resource number 0xffffffff
W/ResourceType(10350): No known package when getting name for resource number 0xffffffff
W/ResourceType(10350): No known package when getting name for resource number 0xffffffff
D/AppsFlyer_3.01(10350): AppsFlyer: first launch detected
I/AppsFlyer_3.01(10350): AppsFlyer: first launch date: 2017-03-16_0400+0100
I/System.out(10350): AppsFlyerLib.sendTrackingWithEvent
D/Mono    (10350): DllImport searching in: '__Internal' ('(null)').
D/Mono    (10350): Searching for 'java_interop_jnienv_call_void_method_a'.
D/Mono    (10350): Probing 'java_interop_jnienv_call_void_method_a'.
D/Mono    (10350): Found as 'java_interop_jnienv_call_void_method_a'.
