<![CDATA[
]]><xtc-scenario name="[0-1076]CareerBuilder_Search.DroidFeatureTests.AppStartTests.GoThroughAllValueProps" id="[0-1076]CareerBuilder_Search.DroidFeatureTests.AppStartTests.GoThroughAllValueProps"><![CDATA[

]]><xtc-step name="[0-1076]CareerBuilder_Search.DroidFeatureTests.AppStartTests.GoThroughAllValueProps-GoThroughAllValueProps" id="[0-1076]CareerBuilder_Search.DroidFeatureTests.AppStartTests.GoThroughAllValueProps-GoThroughAllValueProps"><![CDATA[
D/AndroidRuntime( 8009): >>>>>> START com.android.internal.os.RuntimeInit uid 2000 <<<<<<
D/AndroidRuntime( 8009): CheckJNI is OFF
D/ICU     ( 8009): No timezone override file found: /data/misc/zoneinfo/current/icu/icu_tzdata.dat
I/Radio-JNI( 8009): register_android_hardware_Radio DONE
D/AndroidRuntime( 8009): Calling main entry com.android.commands.pm.Pm
I/art     ( 8009): System.exit called, status: 0
I/AndroidRuntime( 8009): VM exiting with result code 0.
W/MessageQueue( 8009): Handler (android.os.Handler) {bd38286} sending message to a Handler on a dead thread
W/MessageQueue( 8009): java.lang.IllegalStateException: Handler (android.os.Handler) {bd38286} sending message to a Handler on a dead thread
W/MessageQueue( 8009): 	at android.os.MessageQueue.enqueueMessage(MessageQueue.java:543)
W/MessageQueue( 8009): 	at android.os.Handler.enqueueMessage(Handler.java:643)
W/MessageQueue( 8009): 	at android.os.Handler.sendMessageAtTime(Handler.java:612)
W/MessageQueue( 8009): 	at android.os.Handler.sendMessageDelayed(Handler.java:582)
W/MessageQueue( 8009): 	at android.os.Handler.post(Handler.java:338)
W/MessageQueue( 8009): 	at android.os.ResultReceiver$MyResultReceiver.send(ResultReceiver.java:57)
W/MessageQueue( 8009): 	at com.android.internal.os.IResultReceiver$Stub.onTransact(IResultReceiver.java:58)
W/MessageQueue( 8009): 	at android.os.Binder.execTransact(Binder.java:565)
--------- beginning of system
I/ActivityManager(  922): Killing 6864:com.google.process.gapps/u0a56 (adj 906): empty #17
I/EventLogChimeraService( 4428): Aggregate from 1489627404333 (log), 1489625652604 (data)
D/AndroidRuntime( 8225): >>>>>> START com.android.internal.os.RuntimeInit uid 2000 <<<<<<
D/AndroidRuntime( 8225): CheckJNI is OFF
D/ICU     ( 8225): No timezone override file found: /data/misc/zoneinfo/current/icu/icu_tzdata.dat
I/Radio-JNI( 8225): register_android_hardware_Radio DONE
D/AndroidRuntime( 8225): Calling main entry com.android.commands.am.Am
W/ActivityManager(  922): Invalid packageName: com.careerbuilder.SugarDrone
D/AndroidRuntime( 8225): Shutting down VM
W/PlatformStatsUtil( 4428): Could not retrieve Usage & Diagnostics setting. Giving up.
D/AndroidRuntime( 8729): >>>>>> START com.android.internal.os.RuntimeInit uid 2000 <<<<<<
D/AndroidRuntime( 8729): CheckJNI is OFF
D/ICU     ( 8729): No timezone override file found: /data/misc/zoneinfo/current/icu/icu_tzdata.dat
I/Radio-JNI( 8729): register_android_hardware_Radio DONE
D/AndroidRuntime( 8729): Calling main entry com.android.commands.pm.Pm
I/        (  508): free_cache(71723834) avail 10793029632
I/PackageManager.DexOptimizer(  922): Running dexopt (dex2oat) on: /data/app/vmdl1567414948.tmp/base.apk pkg=com.careerbuilder.SugarDrone isa=arm vmSafeMode=false debuggable=true target-filter=interpret-only oatDir = /data/app/vmdl1567414948.tmp/oat sharedLibraries=null
I/dex2oat ( 8781): /system/bin/dex2oat --compiler-filter=interpret-only -j4 --debuggable
W/dex2oat ( 8781): Before Android 4.1, method android.graphics.PorterDuffColorFilter android.support.graphics.drawable.VectorDrawableCompat.updateTintFilter(android.graphics.PorterDuffColorFilter, android.content.res.ColorStateList, android.graphics.PorterDuff$Mode) would have incorrectly overridden the package-private method in android.graphics.drawable.Drawable
W/dex2oat ( 8781): Before Android 4.1, method int android.support.v7.widget.ListViewCompat.lookForSelectablePosition(int, boolean) would have incorrectly overridden the package-private method in android.widget.ListView
I/dex2oat ( 8781): dex2oat took 2.036s (threads: 4) arena alloc=3KB (3544B) java alloc=4MB (5074400B) native alloc=6MB (7298952B) free=2MB (2662520B)
W/PackageManager(  922): Not granting permission android.permission.MANAGE_DOCUMENTS to package com.careerbuilder.SugarDrone (protectionLevel=2 flags=0x3808be46)
W/PackageManager(  922): Not granting permission android.permission.MOUNT_UNMOUNT_FILESYSTEMS to package com.careerbuilder.SugarDrone (protectionLevel=18 flags=0x3808be46)
V/BackupManagerService(  922): restoreAtInstall pkg=com.careerbuilder.SugarDrone token=5 restoreSet=0
V/BackupManagerService(  922): Finishing install immediately
I/art     (  922): Starting a blocking GC Explicit
I/art     (  922): Explicit concurrent mark sweep GC freed 96972(5MB) AllocSpace objects, 13(580KB) LOS objects, 33% free, 16MB/24MB, paused 1.708ms total 101.948ms
E/        (  508): Couldn't opendir /data/app/vmdl1567414948.tmp: No such file or directory
I/art     ( 8729): System.exit called, status: 0
I/AndroidRuntime( 8729): VM exiting with result code 0.
W/ActivityManager(  922): Permission Denial: Accessing service ComponentInfo{com.google.android.music/com.google.android.music.dial.DialMediaRouteProviderService} from pid=5289, uid=10085 that is not exported from uid 10071
I/InputReader(  922): Reconfiguring input devices.  changes=0x00000010
D/CarrierSvcBindHelper( 3216): No carrier app for: 0
D/CarrierConfigLoader( 3216): mHandler: 9 phoneId: 0
I/ActivityManager(  922): Start proc 8831:com.android.vending/u0a30 for broadcast com.android.vending/com.google.android.finsky.receivers.PackageMonitorReceiver$RegisteredReceiver
D/RegisteredNfcFServicesCache( 4139): Service unchanged, not updating
W/System  ( 8831): ClassLoader referenced unknown path: /system/priv-app/Phonesky/lib/arm64
W/Finsky  ( 8831): [1] com.google.android.finsky.FinskyApp.i(1468): No account configured on this device.
W/Finsky  ( 8831): [1] com.google.android.finsky.FinskyApp.i(1468): No account configured on this device.
W/Finsky  ( 8831): [1] com.google.android.finsky.FinskyApp.i(1468): No account configured on this device.
W/Finsky  ( 8831): [1] com.google.android.finsky.FinskyApp.i(1468): No account configured on this device.
I/Finsky  ( 8831): [1] com.google.android.finsky.FinskyApp.onCreate(430): Initializing network with DFE https://android.clients.google.com/fdfe/
W/Finsky  ( 8831): [1] com.google.android.finsky.FinskyApp.i(1468): No account configured on this device.
W/Finsky  ( 8831): [1] com.google.android.finsky.FinskyApp.i(1468): No account configured on this device.
W/Finsky  ( 8831): [1] com.google.android.finsky.FinskyApp.i(1468): No account configured on this device.
W/Finsky  ( 8831): [1] com.google.android.finsky.FinskyApp.i(1468): No account configured on this device.
W/Finsky  ( 8831): [1] com.google.android.finsky.FinskyApp.i(1468): No account configured on this device.
W/Finsky  ( 8831): [1] com.google.android.finsky.FinskyApp.i(1468): No account configured on this device.
W/Finsky  ( 8831): [1] com.google.android.finsky.FinskyApp.i(1468): No account configured on this device.
W/Finsky  ( 8831): [1] com.google.android.finsky.FinskyApp.i(1468): No account configured on this device.
W/Finsky  ( 8831): [1] com.google.android.finsky.FinskyApp.i(1468): No account configured on this device.
I/Finsky  ( 8831): [1] com.google.android.finsky.services.DailyHygiene.a(171): No need to run daily hygiene.
W/Finsky  ( 8831): [1] com.google.android.finsky.FinskyApp.i(1468): No account configured on this device.
W/Settings( 8831): Setting download_manager_max_bytes_over_mobile has moved from android.provider.Settings.Secure to android.provider.Settings.Global.
W/Settings( 8831): Setting download_manager_recommended_max_bytes_over_mobile has moved from android.provider.Settings.Secure to android.provider.Settings.Global.
W/Finsky  ( 8831): [1] com.google.android.finsky.FinskyApp.i(1468): No account configured on this device.
W/Finsky  ( 8831): [1] com.google.android.finsky.FinskyApp.i(1468): No account configured on this device.
W/Finsky  ( 8831): [1] com.google.android.finsky.FinskyApp.i(1468): No account configured on this device.
W/Finsky  ( 8831): [1] com.google.android.finsky.FinskyApp.i(1468): No account configured on this device.
W/Finsky  ( 8831): [1] com.google.android.finsky.FinskyApp.i(1468): No account configured on this device.
W/Finsky  ( 8831): [1] com.google.android.finsky.FinskyApp.b(1150): No account configured on this device.
W/Finsky  ( 8831): [1] com.google.android.finsky.FinskyApp.i(1468): No account configured on this device.
I/Finsky  ( 8831): [1] com.google.android.finsky.receivers.j.a(1226): Installer kick - no action, not running yet
I/Finsky  ( 8831): [1] com.google.android.finsky.utils.PermissionPolicies$PermissionPolicyService.onStartCommand(117): post-install permissions check for com.careerbuilder.SugarDrone
W/Finsky  ( 8831): [1] com.google.android.finsky.FinskyApp.i(1468): No account configured on this device.
W/Finsky  ( 8831): [372] com.google.android.finsky.FinskyApp.i(1468): No account configured on this device.
I/UpdateIcingCorporaServi( 5804): Updating corpora: APPS=com.careerbuilder.SugarDrone, CONTACTS=MAYBE
D/AndroidRuntime( 8854): >>>>>> START com.android.internal.os.RuntimeInit uid 2000 <<<<<<
D/AndroidRuntime( 8854): CheckJNI is OFF
I/PeopleContactsSync( 4428): triggerPendingContactsCleanup: no accounts
D/ICU     ( 8854): No timezone override file found: /data/misc/zoneinfo/current/icu/icu_tzdata.dat
D/Wear_Controller( 4428): Received broadcast action=android.intent.action.PACKAGE_ADDED and uri=com.careerbuilder.SugarDrone
I/Radio-JNI( 8854): register_android_hardware_Radio DONE
D/AndroidRuntime( 8854): Calling main entry com.android.commands.settings.SettingsCmd
D/AndroidRuntime( 8854): Shutting down VM
W/art     ( 8854): Thread attaching while runtime is shutting down: Binder:8854_1
I/AndroidRuntime( 8854): NOTE: attach of thread 'Binder:8854_1' failed
W/IcingInternalCorpora( 4428): getNumBytesRead when not calculated.
I/UpdateIcingCorporaServi( 5804): UpdateCorporaTask done [took 314 ms] updated apps [took 314 ms] 
I/Finsky  ( 8831): [1] com.google.android.finsky.utils.bh.run(2302): Package state data is missing for com.careerbuilder.SugarDrone
W/Finsky  ( 8831): [1] com.google.android.finsky.FinskyApp.i(1468): No account configured on this device.
I/Icing   ( 4428): Usage reports 0 indexed 0 rejected 0 imm upload false
I/Icing   ( 4428): Usage reports 0 indexed 0 rejected 0 imm upload true
I/Finsky  ( 8831): [1] com.google.android.finsky.c.l.a(270): result=false type=4
I/Icing   ( 4428): Usage reports 0 indexed 0 rejected 0 imm upload false
I/Finsky  ( 8831): [1] com.google.android.finsky.services.bc.a(1050): Restore complete with 0 success and 0 failed.
W/Finsky  ( 8831): [372] com.google.android.finsky.FinskyApp.i(1468): No account configured on this device.
D/AndroidRuntime( 8921): >>>>>> START com.android.internal.os.RuntimeInit uid 2000 <<<<<<
D/AndroidRuntime( 8921): CheckJNI is OFF
D/ICU     ( 8921): No timezone override file found: /data/misc/zoneinfo/current/icu/icu_tzdata.dat
I/Radio-JNI( 8921): register_android_hardware_Radio DONE
D/AndroidRuntime( 8921): Calling main entry com.android.commands.settings.SettingsCmd
D/AndroidRuntime( 8921): Shutting down VM
I/Icing   ( 4428): Indexing C2CE3B9D8B360B0C5A25C2BEF223F6CB5449AD6A from com.google.android.googlequicksearchbox
I/Icing   ( 4428): Indexing done C2CE3B9D8B360B0C5A25C2BEF223F6CB5449AD6A
I/Icing   ( 4428): Indexing AB6E3D00885C5CBD00E6A1959F599F05594069D7 from com.google.android.gms
I/Icing   ( 4428): Indexing done AB6E3D00885C5CBD00E6A1959F599F05594069D7
D/AndroidRuntime( 8950): >>>>>> START com.android.internal.os.RuntimeInit uid 2000 <<<<<<
D/AndroidRuntime( 8950): CheckJNI is OFF
D/ICU     ( 8950): No timezone override file found: /data/misc/zoneinfo/current/icu/icu_tzdata.dat
I/Radio-JNI( 8950): register_android_hardware_Radio DONE
D/AndroidRuntime( 8950): Calling main entry com.android.commands.settings.SettingsCmd
D/AndroidRuntime( 8950): Shutting down VM
D/AndroidRuntime( 8978): >>>>>> START com.android.internal.os.RuntimeInit uid 2000 <<<<<<
D/AndroidRuntime( 8978): CheckJNI is OFF
D/ICU     ( 8978): No timezone override file found: /data/misc/zoneinfo/current/icu/icu_tzdata.dat
I/Radio-JNI( 8978): register_android_hardware_Radio DONE
D/AndroidRuntime( 8978): Calling main entry com.android.commands.settings.SettingsCmd
D/AndroidRuntime( 8978): Shutting down VM
I/rmt_storage(  394): rmt_storage_connect_cb: clnt_h=0xc conn_h=0x7042c2a000
I/rmt_storage(  394): rmt_storage_rw_iovec_cb: /boot/modem_fs1: clnt_h=0xc: req_h=0xc msg_id=3: R/W request received
I/rmt_storage(  394): wakelock acquired: 1, error no: 42
I/rmt_storage(  394): rmt_storage_client_thread: /boot/modem_fs1: clnt_h=0xc Unblock worker thread (th_id: 482154640464)
I/rmt_storage(  394): rmt_storage_client_thread: /boot/modem_fs1: clnt_h=0xc: req_h=0xc msg_id=3: Bytes written = 1572864
I/rmt_storage(  394): rmt_storage_client_thread: /boot/modem_fs1: clnt_h=0xc: req_h=0xc msg_id=3: Send response: res=0 err=0
I/rmt_storage(  394): rmt_storage_client_thread: /boot/modem_fs1: clnt_h=0xc About to block rmt_storage client thread (th_id: 482154640464) wakelock released: 1, error no: 22
I/rmt_storage(  394): 
I/rmt_storage(  394): rmt_storage_disconnect_cb: clnt_h=0xc conn_h=0x7042c2a000
D/AndroidRuntime( 9003): >>>>>> START com.android.internal.os.RuntimeInit uid 2000 <<<<<<
D/AndroidRuntime( 9003): CheckJNI is OFF
D/ICU     ( 9003): No timezone override file found: /data/misc/zoneinfo/current/icu/icu_tzdata.dat
I/Radio-JNI( 9003): register_android_hardware_Radio DONE
D/AndroidRuntime( 9003): Calling main entry com.android.commands.settings.SettingsCmd
D/AndroidRuntime( 9003): Shutting down VM
D/AndroidRuntime( 9035): >>>>>> START com.android.internal.os.RuntimeInit uid 2000 <<<<<<
D/AndroidRuntime( 9035): CheckJNI is OFF
D/ICU     ( 9035): No timezone override file found: /data/misc/zoneinfo/current/icu/icu_tzdata.dat
I/Radio-JNI( 9035): register_android_hardware_Radio DONE
D/AndroidRuntime( 9035): Calling main entry com.android.commands.pm.Pm
W/MessageQueue( 9035): Handler (android.os.Handler) {cf4e6ad} sending message to a Handler on a dead thread
W/MessageQueue( 9035): java.lang.IllegalStateException: Handler (android.os.Handler) {cf4e6ad} sending message to a Handler on a dead thread
W/MessageQueue( 9035): 	at android.os.MessageQueue.enqueueMessage(MessageQueue.java:543)
W/MessageQueue( 9035): 	at android.os.Handler.enqueueMessage(Handler.java:643)
W/MessageQueue( 9035): 	at android.os.Handler.sendMessageAtTime(Handler.java:612)
W/MessageQueue( 9035): 	at android.os.Handler.sendMessageDelayed(Handler.java:582)
W/MessageQueue( 9035): 	at android.os.Handler.post(Handler.java:338)
W/MessageQueue( 9035): 	at android.os.ResultReceiver$MyResultReceiver.send(ResultReceiver.java:57)
W/MessageQueue( 9035): 	at com.android.internal.os.IResultReceiver$Stub.onTransact(IResultReceiver.java:58)
W/MessageQueue( 9035): 	at android.os.Binder.execTransact(Binder.java:565)
I/art     ( 9035): System.exit called, status: 0
I/AndroidRuntime( 9035): VM exiting with result code 0.
D/AndroidRuntime( 9090): >>>>>> START com.android.internal.os.RuntimeInit uid 2000 <<<<<<
D/AndroidRuntime( 9090): CheckJNI is OFF
D/ICU     ( 9090): No timezone override file found: /data/misc/zoneinfo/current/icu/icu_tzdata.dat
I/Radio-JNI( 9090): register_android_hardware_Radio DONE
D/AndroidRuntime( 9090): Calling main entry com.android.commands.pm.Pm
I/art     ( 9090): System.exit called, status: 0
I/AndroidRuntime( 9090): VM exiting with result code 0.
W/MessageQueue( 9090): Handler (android.os.Handler) {4377727} sending message to a Handler on a dead thread
W/MessageQueue( 9090): java.lang.IllegalStateException: Handler (android.os.Handler) {4377727} sending message to a Handler on a dead thread
W/MessageQueue( 9090): 	at android.os.MessageQueue.enqueueMessage(MessageQueue.java:543)
W/MessageQueue( 9090): 	at android.os.Handler.enqueueMessage(Handler.java:643)
W/MessageQueue( 9090): 	at android.os.Handler.sendMessageAtTime(Handler.java:612)
W/MessageQueue( 9090): 	at android.os.Handler.sendMessageDelayed(Handler.java:582)
W/MessageQueue( 9090): 	at android.os.Handler.post(Handler.java:338)
W/MessageQueue( 9090): 	at android.os.ResultReceiver$MyResultReceiver.send(ResultReceiver.java:57)
W/MessageQueue( 9090): 	at com.android.internal.os.IResultReceiver$Stub.onTransact(IResultReceiver.java:58)
W/MessageQueue( 9090): 	at android.os.Binder.execTransact(Binder.java:565)
D/AndroidRuntime( 9174): >>>>>> START com.android.internal.os.RuntimeInit uid 2000 <<<<<<
D/AndroidRuntime( 9174): CheckJNI is OFF
D/ICU     ( 9174): No timezone override file found: /data/misc/zoneinfo/current/icu/icu_tzdata.dat
I/Radio-JNI( 9174): register_android_hardware_Radio DONE
D/AndroidRuntime( 9174): Calling main entry com.android.commands.am.Am
W/ActivityManager(  922): Invalid packageName: com.careerbuilder.SugarDrone.test
D/AndroidRuntime( 9174): Shutting down VM
D/AndroidRuntime( 9207): >>>>>> START com.android.internal.os.RuntimeInit uid 2000 <<<<<<
D/AndroidRuntime( 9207): CheckJNI is OFF
D/ICU     ( 9207): No timezone override file found: /data/misc/zoneinfo/current/icu/icu_tzdata.dat
I/Radio-JNI( 9207): register_android_hardware_Radio DONE
D/AndroidRuntime( 9207): Calling main entry com.android.commands.pm.Pm
I/        (  508): free_cache(609973) avail 10781110272
I/PackageManager.DexOptimizer(  922): Running dexopt (dex2oat) on: /data/app/vmdl490818089.tmp/base.apk pkg=com.careerbuilder.SugarDrone.test isa=arm64 vmSafeMode=false debuggable=false target-filter=interpret-only oatDir = /data/app/vmdl490818089.tmp/oat sharedLibraries=/system/framework/android.test.runner.jar:/system/framework/com.google.android.maps.jar
I/dex2oat ( 9234): /system/bin/dex2oat --compiler-filter=interpret-only -j4
I/dex2oat ( 9234): dex2oat took 626.167ms (threads: 4) arena alloc=184KB (188728B) java alloc=2MB (2264856B) native alloc=2MB (2694064B) free=2MB (2548816B)
W/PackageManager(  922): Not granting permission android.permission.ACCESS_MOCK_LOCATION to package com.careerbuilder.SugarDrone.test (protectionLevel=2 flags=0x1800be44)
V/BackupManagerService(  922): restoreAtInstall pkg=com.careerbuilder.SugarDrone.test token=6 restoreSet=0
V/BackupManagerService(  922): Finishing install immediately
I/art     (  922): Starting a blocking GC Explicit
I/art     (  922): Explicit concurrent mark sweep GC freed 65143(4MB) AllocSpace objects, 52(2MB) LOS objects, 33% free, 15MB/23MB, paused 1.751ms total 97.583ms
E/        (  508): Couldn't opendir /data/app/vmdl490818089.tmp: No such file or directory
W/ActivityManager(  922): Permission Denial: Accessing service ComponentInfo{com.google.android.music/com.google.android.music.dial.DialMediaRouteProviderService} from pid=5289, uid=10085 that is not exported from uid 10071
I/art     ( 9207): System.exit called, status: 0
I/AndroidRuntime( 9207): VM exiting with result code 0.
I/InputReader(  922): Reconfiguring input devices.  changes=0x00000010
D/CarrierSvcBindHelper( 3216): No carrier app for: 0
D/CarrierConfigLoader( 3216): mHandler: 9 phoneId: 0
D/RegisteredNfcFServicesCache( 4139): Service unchanged, not updating
I/Finsky  ( 8831): [1] com.google.android.finsky.utils.PermissionPolicies$PermissionPolicyService.onStartCommand(117): post-install permissions check for com.careerbuilder.SugarDrone.test
W/Finsky  ( 8831): [1] com.google.android.finsky.FinskyApp.i(1468): No account configured on this device.
I/Finsky  ( 8831): [1] com.google.android.finsky.utils.bh.run(2302): Package state data is missing for com.careerbuilder.SugarDrone.test
W/Finsky  ( 8831): [1] com.google.android.finsky.FinskyApp.i(1468): No account configured on this device.
I/UpdateIcingCorporaServi( 5804): Updating corpora: APPS=com.careerbuilder.SugarDrone.test, CONTACTS=MAYBE
D/Wear_Controller( 4428): Received broadcast action=android.intent.action.PACKAGE_ADDED and uri=com.careerbuilder.SugarDrone.test
I/UpdateIcingCorporaServi( 5804): UpdateCorporaTask done [took 125 ms] updated apps [took 124 ms] 
I/PeopleContactsSync( 4428): triggerPendingContactsCleanup: no accounts
W/IcingInternalCorpora( 4428): getNumBytesRead when not calculated.
I/Icing   ( 4428): Usage reports 0 indexed 0 rejected 0 imm upload false
I/Icing   ( 4428): Usage reports 0 indexed 0 rejected 0 imm upload false
D/AndroidRuntime( 9272): >>>>>> START com.android.internal.os.RuntimeInit uid 2000 <<<<<<
D/AndroidRuntime( 9272): CheckJNI is OFF
D/ICU     ( 9272): No timezone override file found: /data/misc/zoneinfo/current/icu/icu_tzdata.dat
I/Radio-JNI( 9272): register_android_hardware_Radio DONE
D/AndroidRuntime( 9272): Calling main entry com.android.commands.settings.SettingsCmd
D/AndroidRuntime( 9272): Shutting down VM
I/Icing   ( 4428): Indexing AB6E3D00885C5CBD00E6A1959F599F05594069D7 from com.google.android.gms
I/Icing   ( 4428): Indexing done AB6E3D00885C5CBD00E6A1959F599F05594069D7
D/AndroidRuntime( 9311): >>>>>> START com.android.internal.os.RuntimeInit uid 2000 <<<<<<
D/AndroidRuntime( 9311): CheckJNI is OFF
D/ICU     ( 9311): No timezone override file found: /data/misc/zoneinfo/current/icu/icu_tzdata.dat
I/Radio-JNI( 9311): register_android_hardware_Radio DONE
D/AndroidRuntime( 9311): Calling main entry com.android.commands.settings.SettingsCmd
D/AndroidRuntime( 9311): Shutting down VM
D/AndroidRuntime( 9339): >>>>>> START com.android.internal.os.RuntimeInit uid 2000 <<<<<<
D/AndroidRuntime( 9339): CheckJNI is OFF
D/ICU     ( 9339): No timezone override file found: /data/misc/zoneinfo/current/icu/icu_tzdata.dat
I/Radio-JNI( 9339): register_android_hardware_Radio DONE
D/AndroidRuntime( 9339): Calling main entry com.android.commands.settings.SettingsCmd
D/AndroidRuntime( 9339): Shutting down VM
D/AndroidRuntime( 9365): >>>>>> START com.android.internal.os.RuntimeInit uid 2000 <<<<<<
D/AndroidRuntime( 9365): CheckJNI is OFF
D/ICU     ( 9365): No timezone override file found: /data/misc/zoneinfo/current/icu/icu_tzdata.dat
I/Radio-JNI( 9365): register_android_hardware_Radio DONE
D/AndroidRuntime( 9365): Calling main entry com.android.commands.settings.SettingsCmd
D/AndroidRuntime( 9365): Shutting down VM
D/AndroidRuntime( 9389): >>>>>> START com.android.internal.os.RuntimeInit uid 2000 <<<<<<
D/AndroidRuntime( 9389): CheckJNI is OFF
D/ICU     ( 9389): No timezone override file found: /data/misc/zoneinfo/current/icu/icu_tzdata.dat
I/Radio-JNI( 9389): register_android_hardware_Radio DONE
D/AndroidRuntime( 9389): Calling main entry com.android.commands.settings.SettingsCmd
D/AndroidRuntime( 9389): Shutting down VM
D/AndroidRuntime( 9421): >>>>>> START com.android.internal.os.RuntimeInit uid 2000 <<<<<<
D/AndroidRuntime( 9421): CheckJNI is OFF
D/ICU     ( 9421): No timezone override file found: /data/misc/zoneinfo/current/icu/icu_tzdata.dat
I/Radio-JNI( 9421): register_android_hardware_Radio DONE
D/AndroidRuntime( 9421): Calling main entry com.android.commands.pm.Pm
W/MessageQueue( 9421): Handler (android.os.Handler) {42591c6} sending message to a Handler on a dead thread
W/MessageQueue( 9421): java.lang.IllegalStateException: Handler (android.os.Handler) {42591c6} sending message to a Handler on a dead thread
W/MessageQueue( 9421): 	at android.os.MessageQueue.enqueueMessage(MessageQueue.java:543)
W/MessageQueue( 9421): 	at android.os.Handler.enqueueMessage(Handler.java:643)
W/MessageQueue( 9421): 	at android.os.Handler.sendMessageAtTime(Handler.java:612)
W/MessageQueue( 9421): 	at android.os.Handler.sendMessageDelayed(Handler.java:582)
W/MessageQueue( 9421): 	at android.os.Handler.post(Handler.java:338)
W/MessageQueue( 9421): 	at android.os.ResultReceiver$MyResultReceiver.send(ResultReceiver.java:57)
W/MessageQueue( 9421): 	at com.android.internal.os.IResultReceiver$Stub.onTransact(IResultReceiver.java:58)
W/MessageQueue( 9421): 	at android.os.Binder.execTransact(Binder.java:565)
I/art     ( 9421): System.exit called, status: 0
I/AndroidRuntime( 9421): VM exiting with result code 0.
D/AndroidRuntime( 9475): >>>>>> START com.android.internal.os.RuntimeInit uid 2000 <<<<<<
D/AndroidRuntime( 9475): CheckJNI is OFF
D/ICU     ( 9475): No timezone override file found: /data/misc/zoneinfo/current/icu/icu_tzdata.dat
I/Radio-JNI( 9475): register_android_hardware_Radio DONE
D/AndroidRuntime( 9475): Calling main entry com.android.commands.pm.Pm
W/MessageQueue( 9475): Handler (android.os.Handler) {b682240} sending message to a Handler on a dead thread
W/MessageQueue( 9475): java.lang.IllegalStateException: Handler (android.os.Handler) {b682240} sending message to a Handler on a dead thread
W/MessageQueue( 9475): 	at android.os.MessageQueue.enqueueMessage(MessageQueue.java:543)
W/MessageQueue( 9475): 	at android.os.Handler.enqueueMessage(Handler.java:643)
W/MessageQueue( 9475): 	at android.os.Handler.sendMessageAtTime(Handler.java:612)
W/MessageQueue( 9475): 	at android.os.Handler.sendMessageDelayed(Handler.java:582)
W/MessageQueue( 9475): 	at android.os.Handler.post(Handler.java:338)
W/MessageQueue( 9475): 	at android.os.ResultReceiver$MyResultReceiver.send(ResultReceiver.java:57)
W/MessageQueue( 9475): 	at com.android.internal.os.IResultReceiver$Stub.onTransact(IResultReceiver.java:58)
W/MessageQueue( 9475): 	at android.os.Binder.execTransact(Binder.java:565)
I/art     ( 9475): System.exit called, status: 0
I/AndroidRuntime( 9475): VM exiting with result code 0.
D/AndroidRuntime( 9547): >>>>>> START com.android.internal.os.RuntimeInit uid 2000 <<<<<<
D/AndroidRuntime( 9547): CheckJNI is OFF
D/ICU     ( 9547): No timezone override file found: /data/misc/zoneinfo/current/icu/icu_tzdata.dat
I/Radio-JNI( 9547): register_android_hardware_Radio DONE
D/AndroidRuntime( 9547): Calling main entry com.android.commands.input.Input
I/Input   ( 9547): injectKeyEvent: KeyEvent { action=ACTION_DOWN, keyCode=KEYCODE_BACK, scanCode=0, metaState=0, flags=0x0, repeatCount=0, eventTime=262454, downTime=262454, deviceId=-1, source=0x101 }
I/Input   ( 9547): injectKeyEvent: KeyEvent { action=ACTION_UP, keyCode=KEYCODE_BACK, scanCode=0, metaState=0, flags=0x0, repeatCount=0, eventTime=262454, downTime=262454, deviceId=-1, source=0x101 }
D/AndroidRuntime( 9547): Shutting down VM
D/AndroidRuntime( 9605): >>>>>> START com.android.internal.os.RuntimeInit uid 2000 <<<<<<
D/AndroidRuntime( 9605): CheckJNI is OFF
D/ICU     ( 9605): No timezone override file found: /data/misc/zoneinfo/current/icu/icu_tzdata.dat
I/Radio-JNI( 9605): register_android_hardware_Radio DONE
D/AndroidRuntime( 9605): Calling main entry com.android.commands.input.Input
I/Input   ( 9605): injectKeyEvent: KeyEvent { action=ACTION_DOWN, keyCode=KEYCODE_HOME, scanCode=0, metaState=0, flags=0x0, repeatCount=0, eventTime=264249, downTime=264249, deviceId=-1, source=0x101 }
I/Input   ( 9605): injectKeyEvent: KeyEvent { action=ACTION_UP, keyCode=KEYCODE_HOME, scanCode=0, metaState=0, flags=0x0, repeatCount=0, eventTime=264249, downTime=264249, deviceId=-1, source=0x101 }
I/ActivityManager(  922): START u0 {act=android.intent.action.MAIN cat=[android.intent.category.HOME] flg=0x10200000 cmp=com.google.android.googlequicksearchbox/com.google.android.launcher.GEL (has extras)} from uid 1000 on display 0
D/AndroidRuntime( 9605): Shutting down VM
I/GEL     ( 4204): handleIntent(Intent { act=android.intent.action.MAIN cat=[android.intent.category.HOME] flg=0x10200000 cmp=com.google.android.googlequicksearchbox/com.google.android.launcher.GEL (has extras) })
D/AndroidRuntime( 9643): >>>>>> START com.android.internal.os.RuntimeInit uid 2000 <<<<<<
D/AndroidRuntime( 9643): CheckJNI is OFF
D/ICU     ( 9643): No timezone override file found: /data/misc/zoneinfo/current/icu/icu_tzdata.dat
I/Radio-JNI( 9643): register_android_hardware_Radio DONE
D/AndroidRuntime( 9643): Calling main entry com.android.commands.input.Input
I/Input   ( 9643): injectKeyEvent: KeyEvent { action=ACTION_DOWN, keyCode=KEYCODE_BACK, scanCode=0, metaState=0, flags=0x0, repeatCount=0, eventTime=265675, downTime=265675, deviceId=-1, source=0x101 }
I/Input   ( 9643): injectKeyEvent: KeyEvent { action=ACTION_UP, keyCode=KEYCODE_BACK, scanCode=0, metaState=0, flags=0x0, repeatCount=0, eventTime=265675, downTime=265675, deviceId=-1, source=0x101 }
D/AndroidRuntime( 9643): Shutting down VM
W/ProcessCpuTracker(  922): Skipping unknown process pid 9670
D/AndroidRuntime( 9686): >>>>>> START com.android.internal.os.RuntimeInit uid 2000 <<<<<<
D/AndroidRuntime( 9686): CheckJNI is OFF
D/ICU     ( 9686): No timezone override file found: /data/misc/zoneinfo/current/icu/icu_tzdata.dat
I/Radio-JNI( 9686): register_android_hardware_Radio DONE
D/AndroidRuntime( 9686): Calling main entry com.android.commands.am.Am
I/ActivityManager(  922): Force stopping com.careerbuilder.SugarDrone appid=18670 user=0: start instr
I/art     ( 9712): Late-enabling -Xcheck:jni
I/ActivityManager(  922): Start proc 9712:com.careerbuilder.SugarDrone/u0a8670 for added application com.careerbuilder.SugarDrone
W/Finsky  ( 8831): [370] com.google.android.finsky.FinskyApp.i(1468): No account configured on this device.
I/Finsky  ( 8831): [370] com.google.android.finsky.c.e.run(1151): Replicating app states via AMAS.
W/System  ( 9712): ClassLoader referenced unknown path: /data/app/com.careerbuilder.SugarDrone.test-1/lib/arm64
W/System  ( 9712): ClassLoader referenced unknown path: 
I/Finsky  ( 8831): [370] com.google.android.finsky.c.c.a(311): Completed 0 account content syncs with 0 successful.
I/Finsky  ( 8831): [1] com.google.android.finsky.services.j.a(149): Installation state replication succeeded.
W/monodroid( 9712): Using override path: /data/user/0/com.careerbuilder.SugarDrone/files/.__override__
W/monodroid( 9712): Trying to load sgen from: /data/user/0/com.careerbuilder.SugarDrone/files/.__override__/libmonosgen-2.0.so
W/monodroid( 9712): Trying to load sgen from: /storage/emulated/0/Android/data/com.careerbuilder.SugarDrone/files/.__override__/libmonosgen-2.0.so
W/monodroid( 9712): Trying to load sgen from: /data/app/com.careerbuilder.SugarDrone-1/lib/arm/libmonosgen-2.0.so
D/Mono    ( 9712): Image addref mscorlib[0xe7678200] -> mscorlib.dll[0xe78f5400]: 2
D/Mono    ( 9712): Prepared to set up assembly 'mscorlib' (mscorlib.dll)
D/Mono    ( 9712): AOT module 'mscorlib.dll.so' not found: dlopen failed: library "/data/app/com.careerbuilder.SugarDrone-1/lib/arm/libaot-mscorlib.dll.so" not found
D/Mono    ( 9712): AOT module '/Users/builder/data/lanes/4009/f3074d2c/source/monodroid/builds/install/mono-armv6/lib/mono/aot-cache/arm/mscorlib.dll.so' not found: dlopen failed: library "/data/app/com.careerbuilder.SugarDrone-1/lib/arm/libaot-mscorlib.dll.so" not found
D/Mono    ( 9712): Config attempting to parse: 'mscorlib.dll.config'.
D/Mono    ( 9712): Config attempting to parse: '/Users/builder/data/lanes/4009/f3074d2c/source/monodroid/builds/install/mono-armv6/etc/mono/assemblies/mscorlib/mscorlib.config'.
D/Mono    ( 9712): Assembly mscorlib[0xe7678200] added to domain RootDomain, ref_count=1
D/Mono    ( 9712): Image addref CareerBuilder_Search.Droid[0xe7678260] -> CareerBuilder_Search.Droid.dll[0xe78f6300]: 2
D/Mono    ( 9712): Prepared to set up assembly 'CareerBuilder_Search.Droid' (CareerBuilder_Search.Droid.dll)
D/Mono    ( 9712): Assembly CareerBuilder_Search.Droid[0xe7678260] added to domain RootDomain, ref_count=1
D/Mono    ( 9712): AOT module 'CareerBuilder_Search.Droid.dll.so' not found: dlopen failed: library "/data/app/com.careerbuilder.SugarDrone-1/lib/arm/libaot-CareerBuilder_Search.Droid.dll.so" not found
D/Mono    ( 9712): AOT module '/Users/builder/data/lanes/4009/f3074d2c/source/monodroid/builds/install/mono-armv6/lib/mono/aot-cache/arm/CareerBuilder_Search.Droid.dll.so' not found: dlopen failed: library "/data/app/com.careerbuilder.SugarDrone-1/lib/arm/libaot-CareerBuilder_Search.Droid.dll.so" not found
D/Mono    ( 9712): Config attempting to parse: 'CareerBuilder_Search.Droid.dll.config'.
D/Mono    ( 9712): Config attempting to parse: '/Users/builder/data/lanes/4009/f3074d2c/source/monodroid/builds/install/mono-armv6/etc/mono/assemblies/CareerBuilder_Search.Droid/CareerBuilder_Search.Droid.config'.
D/Mono    ( 9712): Image addref AppsFlyerXamarinBindingAndroid[0xe76782c0] -> AppsFlyerXamarinBindingAndroid.dll[0xe78f6800]: 2
D/Mono    ( 9712): Prepared to set up assembly 'AppsFlyerXamarinBindingAndroid' (AppsFlyerXamarinBindingAndroid.dll)
D/Mono    ( 9712): Assembly AppsFlyerXamarinBindingAndroid[0xe76782c0] added to domain RootDomain, ref_count=1
D/Mono    ( 9712): AOT module 'AppsFlyerXamarinBindingAndroid.dll.so' not found: dlopen failed: library "/data/app/com.careerbuilder.SugarDrone-1/lib/arm/libaot-AppsFlyerXamarinBindingAndroid.dll.so" not found
D/Mono    ( 9712): AOT module '/Users/builder/data/lanes/4009/f3074d2c/source/monodroid/builds/install/mono-armv6/lib/mono/aot-cache/arm/AppsFlyerXamarinBindingAndroid.dll.so' not found: dlopen failed: library "/data/app/com.careerbuilder.SugarDrone-1/lib/arm/libaot-AppsFlyerXamarinBindingAndroid.dll.so" not found
D/Mono    ( 9712): Config attempting to parse: 'AppsFlyerXamarinBindingAndroid.dll.config'.
D/Mono    ( 9712): Config attempting to parse: '/Users/builder/data/lanes/4009/f3074d2c/source/monodroid/builds/install/mono-armv6/etc/mono/assemblies/AppsFlyerXamarinBindingAndroid/AppsFlyerXamarinBindingAndroid.config'.
D/Mono    ( 9712): Image addref HockeySDK[0xe7678320] -> HockeySDK.dll[0xe78f6d00]: 2
D/Mono    ( 9712): Prepared to set up assembly 'HockeySDK' (HockeySDK.dll)
D/Mono    ( 9712): Assembly HockeySDK[0xe7678320] added to domain RootDomain, ref_count=1
D/Mono    ( 9712): AOT module 'HockeySDK.dll.so' not found: dlopen failed: library "/data/app/com.careerbuilder.SugarDrone-1/lib/arm/libaot-HockeySDK.dll.so" not found
D/Mono    ( 9712): AOT module '/Users/builder/data/lanes/4009/f3074d2c/source/monodroid/builds/install/mono-armv6/lib/mono/aot-cache/arm/HockeySDK.dll.so' not found: dlopen failed: library "/data/app/com.careerbuilder.SugarDrone-1/lib/arm/libaot-HockeySDK.dll.so" not found
D/Mono    ( 9712): Config attempting to parse: 'HockeySDK.dll.config'.
D/Mono    ( 9712): Config attempting to parse: '/Users/builder/data/lanes/4009/f3074d2c/source/monodroid/builds/install/mono-armv6/etc/mono/assemblies/HockeySDK/HockeySDK.config'.
D/Mono    ( 9712): Image addref Akavache[0xe7678380] -> Akavache.dll[0xe78f7200]: 2
D/Mono    ( 9712): Prepared to set up assembly 'Akavache' (Akavache.dll)
D/Mono    ( 9712): Assembly Akavache[0xe7678380] added to domain RootDomain, ref_count=1
D/Mono    ( 9712): AOT module 'Akavache.dll.so' not found: dlopen failed: library "/data/app/com.careerbuilder.SugarDrone-1/lib/arm/libaot-Akavache.dll.so" not found
D/Mono    ( 9712): AOT module '/Users/builder/data/lanes/4009/f3074d2c/source/monodroid/builds/install/mono-armv6/lib/mono/aot-cache/arm/Akavache.dll.so' not found: dlopen failed: library "/data/app/com.careerbuilder.SugarDrone-1/lib/arm/libaot-Akavache.dll.so" not found
D/Mono    ( 9712): Config attempting to parse: 'Akavache.dll.config'.
D/Mono    ( 9712): Config attempting to parse: '/Users/builder/data/lanes/4009/f3074d2c/source/monodroid/builds/install/mono-armv6/etc/mono/assemblies/Akavache/Akavache.config'.
D/Mono    ( 9712): Image addref Akavache.Sqlite3[0xe76783e0] -> Akavache.Sqlite3.dll[0xe78f7700]: 2
D/Mono    ( 9712): Prepared to set up assembly 'Akavache.Sqlite3' (Akavache.Sqlite3.dll)
D/Mono    ( 9712): Assembly Akavache.Sqlite3[0xe76783e0] added to domain RootDomain, ref_count=1
D/Mono    ( 9712): AOT module 'Akavache.Sqlite3.dll.so' not found: dlopen failed: library "/data/app/com.careerbuilder.SugarDrone-1/lib/arm/libaot-Akavache.Sqlite3.dll.so" not found
D/Mono    ( 9712): AOT module '/Users/builder/data/lanes/4009/f3074d2c/source/monodroid/builds/install/mono-armv6/lib/mono/aot-cache/arm/Akavache.Sqlite3.dll.so' not found: dlopen failed: library "/data/app/com.careerbuilder.SugarDrone-1/lib/arm/libaot-Akavache.Sqlite3.dll.so" not found
W/        ( 9712): Symbol file LoadedFromMemory doesn't match image Akavache.Sqlite3.dll
D/Mono    ( 9712): Config attempting to parse: 'Akavache.Sqlite3.dll.config'.
D/Mono    ( 9712): Config attempting to parse: '/Users/builder/data/lanes/4009/f3074d2c/source/monodroid/builds/install/mono-armv6/etc/mono/assemblies/Akavache.Sqlite3/Akavache.Sqlite3.config'.
D/Mono    ( 9712): Image addref Splat[0xe7678440] -> Splat.dll[0xe78f7c00]: 2
D/Mono    ( 9712): Prepared to set up assembly 'Splat' (Splat.dll)
D/Mono    ( 9712): Assembly Splat[0xe7678440] added to domain RootDomain, ref_count=1
D/Mono    ( 9712): AOT module 'Splat.dll.so' not found: dlopen failed: library "/data/app/com.careerbuilder.SugarDrone-1/lib/arm/libaot-Splat.dll.so" not found
D/Mono    ( 9712): AOT module '/Users/builder/data/lanes/4009/f3074d2c/source/monodroid/builds/install/mono-armv6/lib/mono/aot-cache/arm/Splat.dll.so' not found: dlopen failed: library "/data/app/com.careerbuilder.SugarDrone-1/lib/arm/libaot-Splat.dll.so" not found
D/Mono    ( 9712): Config attempting to parse: 'Splat.dll.config'.
D/Mono    ( 9712): Config attempting to parse: '/Users/builder/data/lanes/4009/f3074d2c/source/monodroid/builds/install/mono-armv6/etc/mono/assemblies/Splat/Splat.config'.
D/Mono    ( 9712): Image addref Microsoft.Practices.ServiceLocation[0xe76784a0] -> Microsoft.Practices.ServiceLocation.dll[0xe78f8100]: 2
D/Mono    ( 9712): Prepared to set up assembly 'Microsoft.Practices.ServiceLocation' (Microsoft.Practices.ServiceLocation.dll)
D/Mono    ( 9712): Assembly Microsoft.Practices.ServiceLocation[0xe76784a0] added to domain RootDomain, ref_count=1
D/Mono    ( 9712): AOT module 'Microsoft.Practices.ServiceLocation.dll.so' not found: dlopen failed: library "/data/app/com.careerbuilder.SugarDrone-1/lib/arm/libaot-Microsoft.Practices.ServiceLocation.dll.so" not found
D/Mono    ( 9712): AOT module '/Users/builder/data/lanes/4009/f3074d2c/source/monodroid/builds/install/mono-armv6/lib/mono/aot-cache/arm/Microsoft.Practices.ServiceLocation.dll.so' not found: dlopen failed: library "/data/app/com.careerbuilder.SugarDrone-1/lib/arm/libaot-Microsoft.Practices.ServiceLocation.dll.so" not found
D/Mono    ( 9712): Config attempting to parse: 'Microsoft.Practices.ServiceLocation.dll.config'.
D/Mono    ( 9712): Config attempting to parse: '/Users/builder/data/lanes/4009/f3074d2c/source/monodroid/builds/install/mono-armv6/etc/mono/assemblies/Microsoft.Practices.ServiceLocation/Microsoft.Practices.ServiceLocation.config'.
D/Mono    ( 9712): Image addref Microsoft.Practices.Unity[0xe7678500] -> Microsoft.Practices.Unity.dll[0xe78f8600]: 2
D/Mono    ( 9712): Prepared to set up assembly 'Microsoft.Practices.Unity' (Microsoft.Practices.Unity.dll)
D/Mono    ( 9712): Assembly Microsoft.Practices.Unity[0xe7678500] added to domain RootDomain, ref_count=1
D/Mono    ( 9712): AOT module 'Microsoft.Practices.Unity.dll.so' not found: dlopen failed: library "/data/app/com.careerbuilder.SugarDrone-1/lib/arm/libaot-Microsoft.Practices.Unity.dll.so" not found
D/Mono    ( 9712): AOT module '/Users/builder/data/lanes/4009/f3074d2c/source/monodroid/builds/install/mono-armv6/lib/mono/aot-cache/arm/Microsoft.Practices.Unity.dll.so' not found: dlopen failed: library "/data/app/com.careerbuilder.SugarDrone-1/lib/arm/libaot-Microsoft.Practices.Unity.dll.so" not found
D/Mono    ( 9712): Config attempting to parse: 'Microsoft.Practices.Unity.dll.config'.
D/Mono    ( 9712): Config attempting to parse: '/Users/builder/data/lanes/4009/f3074d2c/source/monodroid/builds/install/mono-armv6/etc/mono/assemblies/Microsoft.Practices.Unity/Microsoft.Practices.Unity.config'.
D/Mono    ( 9712): Image addref Plugin.CurrentActivity[0xe7678560] -> Plugin.CurrentActivity.dll[0xe78f8b00]: 2
D/Mono    ( 9712): Prepared to set up assembly 'Plugin.CurrentActivity' (Plugin.CurrentActivity.dll)
D/Mono    ( 9712): Assembly Plugin.CurrentActivity[0xe7678560] added to domain RootDomain, ref_count=1
D/Mono    ( 9712): AOT module 'Plugin.CurrentActivity.dll.so' not found: dlopen failed: library "/data/app/com.careerbuilder.SugarDrone-1/lib/arm/libaot-Plugin.CurrentActivity.dll.so" not found
D/Mono    ( 9712): AOT module '/Users/builder/data/lanes/4009/f3074d2c/source/monodroid/builds/install/mono-armv6/lib/mono/aot-cache/arm/Plugin.CurrentActivity.dll.so' not found: dlopen failed: library "/data/app/com.careerbuilder.SugarDrone-1/lib/arm/libaot-Plugin.CurrentActivity.dll.so" not found
D/Mono    ( 9712): Config attempting to parse: 'Plugin.CurrentActivity.dll.config'.
D/Mono    ( 9712): Config attempting to parse: '/Users/builder/data/lanes/4009/f3074d2c/source/monodroid/builds/install/mono-armv6/etc/mono/assemblies/Plugin.CurrentActivity/Plugin.CurrentActivity.config'.
D/Mono    ( 9712): Image addref Plugin.Permissions[0xe76785c0] -> Plugin.Permissions.dll[0xe5161000]: 2
D/Mono    ( 9712): Prepared to set up assembly 'Plugin.Permissions' (Plugin.Permissions.dll)
D/Mono    ( 9712): Assembly Plugin.Permissions[0xe76785c0] added to domain RootDomain, ref_count=1
D/Mono    ( 9712): AOT module 'Plugin.Permissions.dll.so' not found: dlopen failed: library "/data/app/com.careerbuilder.SugarDrone-1/lib/arm/libaot-Plugin.Permissions.dll.so" not found
D/Mono    ( 9712): AOT module '/Users/builder/data/lanes/4009/f3074d2c/source/monodroid/builds/install/mono-armv6/lib/mono/aot-cache/arm/Plugin.Permissions.dll.so' not found: dlopen failed: library "/data/app/com.careerbuilder.SugarDrone-1/lib/arm/libaot-Plugin.Permissions.dll.so" not found
D/Mono    ( 9712): Config attempting to parse: 'Plugin.Permissions.dll.config'.
D/Mono    ( 9712): Config attempting to parse: '/Users/builder/data/lanes/4009/f3074d2c/source/monodroid/builds/install/mono-armv6/etc/mono/assemblies/Plugin.Permissions/Plugin.Permissions.config'.
D/Mono    ( 9712): Image addref Plugin.Permissions.Abstractions[0xe7678620] -> Plugin.Permissions.Abstractions.dll[0xe5161500]: 2
D/Mono    ( 9712): Prepared to set up assembly 'Plugin.Permissions.Abstractions' (Plugin.Permissions.Abstractions.dll)
D/Mono    ( 9712): Assembly Plugin.Permissions.Abstractions[0xe7678620] added to domain RootDomain, ref_count=1
D/Mono    ( 9712): AOT module 'Plugin.Permissions.Abstractions.dll.so' not found: dlopen failed: library "/data/app/com.careerbuilder.SugarDrone-1/lib/arm/libaot-Plugin.Permissions.Abstractions.dll.so" not found
D/Mono    ( 9712): AOT module '/Users/builder/data/lanes/4009/f3074d2c/source/monodroid/builds/install/mono-armv6/lib/mono/aot-cache/arm/Plugin.Permissions.Abstractions.dll.so' not found: dlopen failed: library "/data/app/com.careerbuilder.SugarDrone-1/lib/arm/libaot-Plugin.Permissions.Abstractions.dll.so" not found
D/Mono    ( 9712): Config attempting to parse: 'Plugin.Permissions.Abstractions.dll.config'.
D/Mono    ( 9712): Config attempting to parse: '/Users/builder/data/lanes/4009/f3074d2c/source/monodroid/builds/install/mono-armv6/etc/mono/assemblies/Plugin.Permissions.Abstractions/Plugin.Permissions.Abstractions.config'.
D/Mono    ( 9712): Image addref Plugin.Geolocator[0xe7678680] -> Plugin.Geolocator.dll[0xe5161a00]: 2
D/Mono    ( 9712): Prepared to set up assembly 'Plugin.Geolocator' (Plugin.Geolocator.dll)
D/Mono    ( 9712): Assembly Plugin.Geolocator[0xe7678680] added to domain RootDomain, ref_count=1
D/Mono    ( 9712): AOT module 'Plugin.Geolocator.dll.so' not found: dlopen failed: library "/data/app/com.careerbuilder.SugarDrone-1/lib/arm/libaot-Plugin.Geolocator.dll.so" not found
D/Mono    ( 9712): AOT module '/Users/builder/data/lanes/4009/f3074d2c/source/monodroid/builds/install/mono-armv6/lib/mono/aot-cache/arm/Plugin.Geolocator.dll.so' not found: dlopen failed: library "/data/app/com.careerbuilder.SugarDrone-1/lib/arm/libaot-Plugin.Geolocator.dll.so" not found
D/Mono    ( 9712): Config attempting to parse: 'Plugin.Geolocator.dll.config'.
D/Mono    ( 9712): Config attempting to parse: '/Users/builder/data/lanes/4009/f3074d2c/source/monodroid/builds/install/mono-armv6/etc/mono/assemblies/Plugin.Geolocator/Plugin.Geolocator.config'.
D/Mono    ( 9712): Image addref Plugin.Geolocator.Abstractions[0xe76786e0] -> Plugin.Geolocator.Abstractions.dll[0xe5161f00]: 2
D/Mono    ( 9712): Prepared to set up assembly 'Plugin.Geolocator.Abstractions' (Plugin.Geolocator.Abstractions.dll)
D/Mono    ( 9712): Assembly Plugin.Geolocator.Abstractions[0xe76786e0] added to domain RootDomain, ref_count=1
D/Mono    ( 9712): AOT module 'Plugin.Geolocator.Abstractions.dll.so' not found: dlopen failed: library "/data/app/com.careerbuilder.SugarDrone-1/lib/arm/libaot-Plugin.Geolocator.Abstractions.dll.so" not found
D/Mono    ( 9712): AOT module '/Users/builder/data/lanes/4009/f3074d2c/source/monodroid/builds/install/mono-armv6/lib/mono/aot-cache/arm/Plugin.Geolocator.Abstractions.dll.so' not found: dlopen failed: library "/data/app/com.careerbuilder.SugarDrone-1/lib/arm/libaot-Plugin.Geolocator.Abstractions.dll.so" not found
D/Mono    ( 9712): Config attempting to parse: 'Plugin.Geolocator.Abstractions.dll.config'.
D/Mono    ( 9712): Config attempting to parse: '/Users/builder/data/lanes/4009/f3074d2c/source/monodroid/builds/install/mono-armv6/etc/mono/assemblies/Plugin.Geolocator.Abstractions/Plugin.Geolocator.Abstractions.config'.
D/Mono    ( 9712): Image addref Plugin.DeviceInfo[0xe7678740] -> Plugin.DeviceInfo.dll[0xe5162400]: 2
D/Mono    ( 9712): Prepared to set up assembly 'Plugin.DeviceInfo' (Plugin.DeviceInfo.dll)
D/Mono    ( 9712): Assembly Plugin.DeviceInfo[0xe7678740] added to domain RootDomain, ref_count=1
D/Mono    ( 9712): AOT module 'Plugin.DeviceInfo.dll.so' not found: dlopen failed: library "/data/app/com.careerbuilder.SugarDrone-1/lib/arm/libaot-Plugin.DeviceInfo.dll.so" not found
D/Mono    ( 9712): AOT module '/Users/builder/data/lanes/4009/f3074d2c/source/monodroid/builds/install/mono-armv6/lib/mono/aot-cache/arm/Plugin.DeviceInfo.dll.so' not found: dlopen failed: library "/data/app/com.careerbuilder.SugarDrone-1/lib/arm/libaot-Plugin.DeviceInfo.dll.so" not found
D/Mono    ( 9712): Config attempting to parse: 'Plugin.DeviceInfo.dll.config'.
D/Mono    ( 9712): Config attempting to parse: '/Users/builder/data/lanes/4009/f3074d2c/source/monodroid/builds/install/mono-armv6/etc/mono/assemblies/Plugin.DeviceInfo/Plugin.DeviceInfo.config'.
D/Mono    ( 9712): Image addref Plugin.DeviceInfo.Abstractions[0xe76787a0] -> Plugin.DeviceInfo.Abstractions.dll[0xe5162900]: 2
D/Mono    ( 9712): Prepared to set up assembly 'Plugin.DeviceInfo.Abstractions' (Plugin.DeviceInfo.Abstractions.dll)
D/Mono    ( 9712): Assembly Plugin.DeviceInfo.Abstractions[0xe76787a0] added to domain RootDomain, ref_count=1
D/Mono    ( 9712): AOT module 'Plugin.DeviceInfo.Abstractions.dll.so' not found: dlopen failed: library "/data/app/com.careerbuilder.SugarDrone-1/lib/arm/libaot-Plugin.DeviceInfo.Abstractions.dll.so" not found
D/Mono    ( 9712): AOT module '/Users/builder/data/lanes/4009/f3074d2c/source/monodroid/builds/install/mono-armv6/lib/mono/aot-cache/arm/Plugin.DeviceInfo.Abstractions.dll.so' not found: dlopen failed: library "/data/app/com.careerbuilder.SugarDrone-1/lib/arm/libaot-Plugin.DeviceInfo.Abstractions.dll.so" not found
D/Mono    ( 9712): Config attempting to parse: 'Plugin.DeviceInfo.Abstractions.dll.config'.
D/Mono    ( 9712): Config attempting to parse: '/Users/builder/data/lanes/4009/f3074d2c/source/monodroid/builds/install/mono-armv6/etc/mono/assemblies/Plugin.DeviceInfo.Abstractions/Plugin.DeviceInfo.Abstractions.config'.
D/Mono    ( 9712): Image addref Xamarin.GooglePlayServices.Analytics[0xe7678800] -> Xamarin.GooglePlayServices.Analytics.dll[0xe5162e00]: 2
D/Mono    ( 9712): Prepared to set up assembly 'Xamarin.GooglePlayServices.Analytics' (Xamarin.GooglePlayServices.Analytics.dll)
D/Mono    ( 9712): Assembly Xamarin.GooglePlayServices.Analytics[0xe7678800] added to domain RootDomain, ref_count=1
D/Mono    ( 9712): AOT module 'Xamarin.GooglePlayServices.Analytics.dll.so' not found: dlopen failed: library "/data/app/com.careerbuilder.SugarDrone-1/lib/arm/libaot-Xamarin.GooglePlayServices.Analytics.dll.so" not found
D/Mono    ( 9712): AOT module '/Users/builder/data/lanes/4009/f3074d2c/source/monodroid/builds/install/mono-armv6/lib/mono/aot-cache/arm/Xamarin.GooglePlayServices.Analytics.dll.so' not found: dlopen failed: library "/data/app/com.careerbuilder.SugarDrone-1/lib/arm/libaot-Xamarin.GooglePlayServices.Analytics.dll.so" not found
D/Mono    ( 9712): Config attempting to parse: 'Xamarin.GooglePlayServices.Analytics.dll.config'.
D/Mono    ( 9712): Config attempting to parse: '/Users/builder/data/lanes/4009/f3074d2c/source/monodroid/builds/install/mono-armv6/etc/mono/assemblies/Xamarin.GooglePlayServices.Analytics/Xamarin.GooglePlayServices.Analytics.config'.
D/Mono    ( 9712): Image addref Xamarin.GooglePlayServices.Base[0xe7678860] -> Xamarin.GooglePlayServices.Base.dll[0xe5163300]: 2
D/Mono    ( 9712): Prepared to set up assembly 'Xamarin.GooglePlayServices.Base' (Xamarin.GooglePlayServices.Base.dll)
D/Mono    ( 9712): Assembly Xamarin.GooglePlayServices.Base[0xe7678860] added to domain RootDomain, ref_count=1
D/Mono    ( 9712): AOT module 'Xamarin.GooglePlayServices.Base.dll.so' not found: dlopen failed: library "/data/app/com.careerbuilder.SugarDrone-1/lib/arm/libaot-Xamarin.GooglePlayServices.Base.dll.so" not found
D/Mono    ( 9712): AOT module '/Users/builder/data/lanes/4009/f3074d2c/source/monodroid/builds/install/mono-armv6/lib/mono/aot-cache/arm/Xamarin.GooglePlayServices.Base.dll.so' not found: dlopen failed: library "/data/app/com.careerbuilder.SugarDrone-1/lib/arm/libaot-Xamarin.GooglePlayServices.Base.dll.so" not found
D/Mono    ( 9712): Config attempting to parse: 'Xamarin.GooglePlayServices.Base.dll.config'.
