<![CDATA[
]]><xtc-scenario name="[0-1026]CareerBuilder_Search.DroidFeatureTests.JDPTests.LocationButtonShouldBeVisible" id="[0-1026]CareerBuilder_Search.DroidFeatureTests.JDPTests.LocationButtonShouldBeVisible"><![CDATA[
I/rmt_storage(  396): rmt_storage_connect_cb: clnt_h=0xc conn_h=0x79fce2a000
I/rmt_storage(  396): rmt_storage_rw_iovec_cb: /boot/modem_fs1: clnt_h=0xc: req_h=0xc msg_id=3: R/W request received
I/rmt_storage(  396): wakelock acquired: 1, error no: 42
I/rmt_storage(  396): rmt_storage_client_thread: /boot/modem_fs1: clnt_h=0xc Unblock worker thread (th_id: 523932005456)
I/rmt_storage(  396): rmt_storage_client_thread: /boot/modem_fs1: clnt_h=0xc: req_h=0xc msg_id=3: Bytes written = 1572864
I/rmt_storage(  396): rmt_storage_client_thread: /boot/modem_fs1: clnt_h=0xc: req_h=0xc msg_id=3: Send response: res=0 err=0
I/rmt_storage(  396): rmt_storage_client_thread: /boot/modem_fs1: clnt_h=0xc About to block rmt_storage client thread (th_id: 523932005456) wakelock released: 1, error no: 22
I/rmt_storage(  396): 
I/rmt_storage(  396): rmt_storage_disconnect_cb: clnt_h=0xc conn_h=0x79fce2a000

]]><xtc-step name="[0-1026]CareerBuilder_Search.DroidFeatureTests.JDPTests.LocationButtonShouldBeVisible-LocationButtonShouldBeVisible" id="[0-1026]CareerBuilder_Search.DroidFeatureTests.JDPTests.LocationButtonShouldBeVisible-LocationButtonShouldBeVisible"><![CDATA[
D/AndroidRuntime( 7872): >>>>>> START com.android.internal.os.RuntimeInit uid 2000 <<<<<<
D/AndroidRuntime( 7872): CheckJNI is OFF
D/ICU     ( 7872): No timezone override file found: /data/misc/zoneinfo/current/icu/icu_tzdata.dat
I/Radio-JNI( 7872): register_android_hardware_Radio DONE
D/AndroidRuntime( 7872): Calling main entry com.android.commands.pm.Pm
I/art     ( 7872): System.exit called, status: 0
I/AndroidRuntime( 7872): VM exiting with result code 0.
W/MessageQueue( 7872): Handler (android.os.Handler) {85a6299} sending message to a Handler on a dead thread
W/MessageQueue( 7872): java.lang.IllegalStateException: Handler (android.os.Handler) {85a6299} sending message to a Handler on a dead thread
W/MessageQueue( 7872): 	at android.os.MessageQueue.enqueueMessage(MessageQueue.java:543)
W/MessageQueue( 7872): 	at android.os.Handler.enqueueMessage(Handler.java:643)
W/MessageQueue( 7872): 	at android.os.Handler.sendMessageAtTime(Handler.java:612)
W/MessageQueue( 7872): 	at android.os.Handler.sendMessageDelayed(Handler.java:582)
W/MessageQueue( 7872): 	at android.os.Handler.post(Handler.java:338)
W/MessageQueue( 7872): 	at android.os.ResultReceiver$MyResultReceiver.send(ResultReceiver.java:57)
W/MessageQueue( 7872): 	at com.android.internal.os.IResultReceiver$Stub.onTransact(IResultReceiver.java:58)
W/MessageQueue( 7872): 	at android.os.Binder.execTransact(Binder.java:565)
I/ActivityManager(  884): Killing 5595:com.android.musicfx/u0a29 (adj 906): empty #17
I/ActivityManager(  884): Killing 6719:com.google.process.gapps/u0a56 (adj 906): empty #18
I/ActivityManager(  884): Killing 5613:com.google.android.apps.docs/u0a52 (adj 906): empty #17
D/AndroidRuntime( 8095): >>>>>> START com.android.internal.os.RuntimeInit uid 2000 <<<<<<
D/AndroidRuntime( 8095): CheckJNI is OFF
D/ICU     ( 8095): No timezone override file found: /data/misc/zoneinfo/current/icu/icu_tzdata.dat
I/Radio-JNI( 8095): register_android_hardware_Radio DONE
D/AndroidRuntime( 8095): Calling main entry com.android.commands.am.Am
W/ActivityManager(  884): Invalid packageName: com.careerbuilder.SugarDrone
D/AndroidRuntime( 8095): Shutting down VM
D/AndroidRuntime( 8549): >>>>>> START com.android.internal.os.RuntimeInit uid 2000 <<<<<<
D/AndroidRuntime( 8549): CheckJNI is OFF
D/ICU     ( 8549): No timezone override file found: /data/misc/zoneinfo/current/icu/icu_tzdata.dat
I/Radio-JNI( 8549): register_android_hardware_Radio DONE
D/AndroidRuntime( 8549): Calling main entry com.android.commands.pm.Pm
I/        (  509): free_cache(71723834) avail 10793148416
I/PackageManager.DexOptimizer(  884): Running dexopt (dex2oat) on: /data/app/vmdl1708887099.tmp/base.apk pkg=com.careerbuilder.SugarDrone isa=arm vmSafeMode=false debuggable=true target-filter=interpret-only oatDir = /data/app/vmdl1708887099.tmp/oat sharedLibraries=null
I/dex2oat ( 8603): /system/bin/dex2oat --compiler-filter=interpret-only -j4 --debuggable
W/dex2oat ( 8603): Before Android 4.1, method android.graphics.PorterDuffColorFilter android.support.graphics.drawable.VectorDrawableCompat.updateTintFilter(android.graphics.PorterDuffColorFilter, android.content.res.ColorStateList, android.graphics.PorterDuff$Mode) would have incorrectly overridden the package-private method in android.graphics.drawable.Drawable
W/dex2oat ( 8603): Before Android 4.1, method int android.support.v7.widget.ListViewCompat.lookForSelectablePosition(int, boolean) would have incorrectly overridden the package-private method in android.widget.ListView
I/dex2oat ( 8603): dex2oat took 1.999s (threads: 4) arena alloc=3KB (3256B) java alloc=4MB (5061680B) native alloc=6MB (7311160B) free=3MB (3174600B)
W/PackageManager(  884): Not granting permission android.permission.MANAGE_DOCUMENTS to package com.careerbuilder.SugarDrone (protectionLevel=2 flags=0x3808be46)
W/PackageManager(  884): Not granting permission android.permission.MOUNT_UNMOUNT_FILESYSTEMS to package com.careerbuilder.SugarDrone (protectionLevel=18 flags=0x3808be46)
V/BackupManagerService(  884): restoreAtInstall pkg=com.careerbuilder.SugarDrone token=5 restoreSet=0
V/BackupManagerService(  884): Finishing install immediately
I/art     (  884): Starting a blocking GC Explicit
I/art     (  884): Explicit concurrent mark sweep GC freed 100600(5MB) AllocSpace objects, 14(648KB) LOS objects, 33% free, 16MB/24MB, paused 1.759ms total 109.703ms
E/        (  509): Couldn't opendir /data/app/vmdl1708887099.tmp: No such file or directory
I/ActivityManager(  884): Start proc 8649:com.android.musicfx/u0a29 for broadcast com.android.musicfx/.Compatibility$Receiver
I/InputReader(  884): Reconfiguring input devices.  changes=0x00000010
W/ActivityManager(  884): Permission Denial: Accessing service ComponentInfo{com.google.android.music/com.google.android.music.dial.DialMediaRouteProviderService} from pid=5173, uid=10085 that is not exported from uid 10071
D/CarrierSvcBindHelper( 3105): No carrier app for: 0
D/CarrierConfigLoader( 3105): mHandler: 9 phoneId: 0
D/RegisteredNfcFServicesCache( 4038): Service unchanged, not updating
W/System  ( 8649): ClassLoader referenced unknown path: /system/priv-app/MusicFX/lib/arm64
I/ActivityManager(  884): Start proc 8664:com.android.vending/u0a30 for broadcast com.android.vending/com.google.android.finsky.receivers.PackageMonitorReceiver$RegisteredReceiver
I/art     ( 8549): System.exit called, status: 0
I/AndroidRuntime( 8549): VM exiting with result code 0.
W/System  ( 8664): ClassLoader referenced unknown path: /system/priv-app/Phonesky/lib/arm64
W/Finsky  ( 8664): [1] com.google.android.finsky.FinskyApp.i(1468): No account configured on this device.
W/Finsky  ( 8664): [1] com.google.android.finsky.FinskyApp.i(1468): No account configured on this device.
W/Finsky  ( 8664): [1] com.google.android.finsky.FinskyApp.i(1468): No account configured on this device.
W/Finsky  ( 8664): [1] com.google.android.finsky.FinskyApp.i(1468): No account configured on this device.
I/Finsky  ( 8664): [1] com.google.android.finsky.FinskyApp.onCreate(430): Initializing network with DFE https://android.clients.google.com/fdfe/
W/Finsky  ( 8664): [1] com.google.android.finsky.FinskyApp.i(1468): No account configured on this device.
W/Finsky  ( 8664): [1] com.google.android.finsky.FinskyApp.i(1468): No account configured on this device.
W/Finsky  ( 8664): [1] com.google.android.finsky.FinskyApp.i(1468): No account configured on this device.
W/Finsky  ( 8664): [1] com.google.android.finsky.FinskyApp.i(1468): No account configured on this device.
W/Finsky  ( 8664): [1] com.google.android.finsky.FinskyApp.i(1468): No account configured on this device.
W/Finsky  ( 8664): [1] com.google.android.finsky.FinskyApp.i(1468): No account configured on this device.
W/Finsky  ( 8664): [1] com.google.android.finsky.FinskyApp.i(1468): No account configured on this device.
W/Finsky  ( 8664): [1] com.google.android.finsky.FinskyApp.i(1468): No account configured on this device.
W/Finsky  ( 8664): [1] com.google.android.finsky.FinskyApp.i(1468): No account configured on this device.
I/Finsky  ( 8664): [1] com.google.android.finsky.services.DailyHygiene.a(171): No need to run daily hygiene.
W/Finsky  ( 8664): [1] com.google.android.finsky.FinskyApp.i(1468): No account configured on this device.
W/Settings( 8664): Setting download_manager_max_bytes_over_mobile has moved from android.provider.Settings.Secure to android.provider.Settings.Global.
W/Settings( 8664): Setting download_manager_recommended_max_bytes_over_mobile has moved from android.provider.Settings.Secure to android.provider.Settings.Global.
W/Finsky  ( 8664): [1] com.google.android.finsky.FinskyApp.i(1468): No account configured on this device.
W/Finsky  ( 8664): [1] com.google.android.finsky.FinskyApp.i(1468): No account configured on this device.
W/Finsky  ( 8664): [1] com.google.android.finsky.FinskyApp.i(1468): No account configured on this device.
W/Finsky  ( 8664): [1] com.google.android.finsky.FinskyApp.i(1468): No account configured on this device.
W/Finsky  ( 8664): [1] com.google.android.finsky.FinskyApp.i(1468): No account configured on this device.
W/Finsky  ( 8664): [1] com.google.android.finsky.FinskyApp.b(1150): No account configured on this device.
W/Finsky  ( 8664): [1] com.google.android.finsky.FinskyApp.i(1468): No account configured on this device.
I/ActivityManager(  884): Start proc 8720:com.google.android.apps.docs/u0a52 for broadcast com.google.android.apps.docs/.receivers.AppPackageAddRemoveReceiver
W/Finsky  ( 8664): [376] com.google.android.finsky.FinskyApp.i(1468): No account configured on this device.
W/System  ( 8720): ClassLoader referenced unknown path: /system/app/Drive/lib/arm64
I/Finsky  ( 8664): [1] com.google.android.finsky.receivers.j.a(1226): Installer kick - no action, not running yet
I/Finsky  ( 8664): [1] com.google.android.finsky.utils.PermissionPolicies$PermissionPolicyService.onStartCommand(117): post-install permissions check for com.careerbuilder.SugarDrone
W/Finsky  ( 8664): [1] com.google.android.finsky.FinskyApp.i(1468): No account configured on this device.
I/Finsky  ( 8664): [1] com.google.android.finsky.c.l.a(270): result=false type=4
I/Finsky  ( 8664): [1] com.google.android.finsky.utils.bh.run(2302): Package state data is missing for com.careerbuilder.SugarDrone
W/Finsky  ( 8664): [1] com.google.android.finsky.FinskyApp.i(1468): No account configured on this device.
I/Finsky  ( 8664): [1] com.google.android.finsky.services.bc.a(1050): Restore complete with 0 success and 0 failed.
W/Finsky  ( 8664): [376] com.google.android.finsky.FinskyApp.i(1468): No account configured on this device.
I/GAv4    ( 8720): Google Analytics 8.4.87 is starting up. To enable debug logging on a device run:
I/GAv4    ( 8720):   adb shell setprop log.tag.GAv4 DEBUG
I/GAv4    ( 8720):   adb logcat -s GAv4
W/GAv4    ( 8720): AnalyticsReceiver is not registered or is disabled. Register the receiver for reliable dispatching on non-Google Play devices. See http://goo.gl/8Rd3yj for instructions.
W/GAv4    ( 8720): CampaignTrackingReceiver is not registered, not exported or is disabled. Installation campaign tracking is not possible. See http://goo.gl/8Rd3yj for instructions.
D/AndroidRuntime( 8693): >>>>>> START com.android.internal.os.RuntimeInit uid 2000 <<<<<<
D/AndroidRuntime( 8693): CheckJNI is OFF
W/GAv4    ( 8720): AnalyticsService not registered in the app manifest. Hits might not be delivered reliably. See http://goo.gl/8Rd3yj for instructions.
D/ICU     ( 8693): No timezone override file found: /data/misc/zoneinfo/current/icu/icu_tzdata.dat
I/Radio-JNI( 8693): register_android_hardware_Radio DONE
D/AndroidRuntime( 8693): Calling main entry com.android.commands.settings.SettingsCmd
D/AndroidRuntime( 8693): Shutting down VM
I/ActivityManager(  884): Killing 4225:com.google.android.partnersetup/u0a25 (adj 906): empty #17
I/ActivityManager(  884): Start proc 8783:com.google.android.partnersetup/u0a25 for broadcast com.google.android.partnersetup/.RlzPingBroadcastReceiver
I/UpdateIcingCorporaServi( 5662): Updating corpora: APPS=com.careerbuilder.SugarDrone, CONTACTS=MAYBE
W/System  ( 8783): ClassLoader referenced unknown path: /system/priv-app/GooglePartnerSetup/lib/arm64
I/PeopleContactsSync( 4307): triggerPendingContactsCleanup: no accounts
D/Wear_Controller( 4307): Received broadcast action=android.intent.action.PACKAGE_ADDED and uri=com.careerbuilder.SugarDrone
W/IcingInternalCorpora( 4307): getNumBytesRead when not calculated.
I/Icing   ( 4307): Usage reports 0 indexed 0 rejected 0 imm upload false
I/Icing   ( 4307): Usage reports 0 indexed 0 rejected 0 imm upload false
I/Icing   ( 4307): Usage reports 0 indexed 0 rejected 0 imm upload true
D/AndroidRuntime( 8768): >>>>>> START com.android.internal.os.RuntimeInit uid 2000 <<<<<<
I/UpdateIcingCorporaServi( 5662): UpdateCorporaTask done [took 601 ms] updated apps [took 601 ms] 
D/AndroidRuntime( 8768): CheckJNI is OFF
D/ICU     ( 8768): No timezone override file found: /data/misc/zoneinfo/current/icu/icu_tzdata.dat
I/Radio-JNI( 8768): register_android_hardware_Radio DONE
D/AndroidRuntime( 8768): Calling main entry com.android.commands.settings.SettingsCmd
D/AndroidRuntime( 8768): Shutting down VM
D/AndroidRuntime( 8829): >>>>>> START com.android.internal.os.RuntimeInit uid 2000 <<<<<<
D/AndroidRuntime( 8829): CheckJNI is OFF
D/ICU     ( 8829): No timezone override file found: /data/misc/zoneinfo/current/icu/icu_tzdata.dat
I/Radio-JNI( 8829): register_android_hardware_Radio DONE
D/AndroidRuntime( 8829): Calling main entry com.android.commands.settings.SettingsCmd
D/AndroidRuntime( 8829): Shutting down VM
I/Icing   ( 4307): Indexing C2CE3B9D8B360B0C5A25C2BEF223F6CB5449AD6A from com.google.android.googlequicksearchbox
I/Icing   ( 4307): Indexing AB6E3D00885C5CBD00E6A1959F599F05594069D7 from com.google.android.gms
I/Icing   ( 4307): Indexing done C2CE3B9D8B360B0C5A25C2BEF223F6CB5449AD6A
I/Icing   ( 4307): Indexing done AB6E3D00885C5CBD00E6A1959F599F05594069D7
D/AndroidRuntime( 8855): >>>>>> START com.android.internal.os.RuntimeInit uid 2000 <<<<<<
D/AndroidRuntime( 8855): CheckJNI is OFF
D/ICU     ( 8855): No timezone override file found: /data/misc/zoneinfo/current/icu/icu_tzdata.dat
I/Radio-JNI( 8855): register_android_hardware_Radio DONE
D/AndroidRuntime( 8855): Calling main entry com.android.commands.settings.SettingsCmd
D/AndroidRuntime( 8855): Shutting down VM
D/AndroidRuntime( 8881): >>>>>> START com.android.internal.os.RuntimeInit uid 2000 <<<<<<
D/AndroidRuntime( 8881): CheckJNI is OFF
D/ICU     ( 8881): No timezone override file found: /data/misc/zoneinfo/current/icu/icu_tzdata.dat
I/Radio-JNI( 8881): register_android_hardware_Radio DONE
D/AndroidRuntime( 8881): Calling main entry com.android.commands.settings.SettingsCmd
D/AndroidRuntime( 8881): Shutting down VM
D/AndroidRuntime( 8913): >>>>>> START com.android.internal.os.RuntimeInit uid 2000 <<<<<<
D/AndroidRuntime( 8913): CheckJNI is OFF
D/ICU     ( 8913): No timezone override file found: /data/misc/zoneinfo/current/icu/icu_tzdata.dat
I/Radio-JNI( 8913): register_android_hardware_Radio DONE
D/AndroidRuntime( 8913): Calling main entry com.android.commands.pm.Pm
I/art     ( 8913): System.exit called, status: 0
I/AndroidRuntime( 8913): VM exiting with result code 0.
W/MessageQueue( 8913): Handler (android.os.Handler) {dda7e83} sending message to a Handler on a dead thread
W/MessageQueue( 8913): java.lang.IllegalStateException: Handler (android.os.Handler) {dda7e83} sending message to a Handler on a dead thread
W/MessageQueue( 8913): 	at android.os.MessageQueue.enqueueMessage(MessageQueue.java:543)
W/MessageQueue( 8913): 	at android.os.Handler.enqueueMessage(Handler.java:643)
W/MessageQueue( 8913): 	at android.os.Handler.sendMessageAtTime(Handler.java:612)
W/MessageQueue( 8913): 	at android.os.Handler.sendMessageDelayed(Handler.java:582)
W/MessageQueue( 8913): 	at android.os.Handler.post(Handler.java:338)
W/MessageQueue( 8913): 	at android.os.ResultReceiver$MyResultReceiver.send(ResultReceiver.java:57)
W/MessageQueue( 8913): 	at com.android.internal.os.IResultReceiver$Stub.onTransact(IResultReceiver.java:58)
W/MessageQueue( 8913): 	at android.os.Binder.execTransact(Binder.java:565)
I/ThermalEngine(  502): ACTION: LCD - Setting max LCD brightness to 208
D/AndroidRuntime( 8972): >>>>>> START com.android.internal.os.RuntimeInit uid 2000 <<<<<<
D/AndroidRuntime( 8972): CheckJNI is OFF
D/ICU     ( 8972): No timezone override file found: /data/misc/zoneinfo/current/icu/icu_tzdata.dat
I/Radio-JNI( 8972): register_android_hardware_Radio DONE
D/AndroidRuntime( 8972): Calling main entry com.android.commands.pm.Pm
W/MessageQueue( 8972): Handler (android.os.Handler) {51d0efd} sending message to a Handler on a dead thread
W/MessageQueue( 8972): java.lang.IllegalStateException: Handler (android.os.Handler) {51d0efd} sending message to a Handler on a dead thread
W/MessageQueue( 8972): 	at android.os.MessageQueue.enqueueMessage(MessageQueue.java:543)
W/MessageQueue( 8972): 	at android.os.Handler.enqueueMessage(Handler.java:643)
W/MessageQueue( 8972): 	at android.os.Handler.sendMessageAtTime(Handler.java:612)
W/MessageQueue( 8972): 	at android.os.Handler.sendMessageDelayed(Handler.java:582)
W/MessageQueue( 8972): 	at android.os.Handler.post(Handler.java:338)
W/MessageQueue( 8972): 	at android.os.ResultReceiver$MyResultReceiver.send(ResultReceiver.java:57)
W/MessageQueue( 8972): 	at com.android.internal.os.IResultReceiver$Stub.onTransact(IResultReceiver.java:58)
W/MessageQueue( 8972): 	at android.os.Binder.execTransact(Binder.java:565)
I/art     ( 8972): System.exit called, status: 0
I/AndroidRuntime( 8972): VM exiting with result code 0.
D/AndroidRuntime( 9064): >>>>>> START com.android.internal.os.RuntimeInit uid 2000 <<<<<<
D/AndroidRuntime( 9064): CheckJNI is OFF
D/ICU     ( 9064): No timezone override file found: /data/misc/zoneinfo/current/icu/icu_tzdata.dat
I/Radio-JNI( 9064): register_android_hardware_Radio DONE
D/AndroidRuntime( 9064): Calling main entry com.android.commands.am.Am
W/ActivityManager(  884): Invalid packageName: com.careerbuilder.SugarDrone.test
D/AndroidRuntime( 9064): Shutting down VM
D/AndroidRuntime( 9095): >>>>>> START com.android.internal.os.RuntimeInit uid 2000 <<<<<<
D/AndroidRuntime( 9095): CheckJNI is OFF
D/ICU     ( 9095): No timezone override file found: /data/misc/zoneinfo/current/icu/icu_tzdata.dat
I/Radio-JNI( 9095): register_android_hardware_Radio DONE
D/AndroidRuntime( 9095): Calling main entry com.android.commands.pm.Pm
I/        (  509): free_cache(609973) avail 10781229056
I/PackageManager.DexOptimizer(  884): Running dexopt (dex2oat) on: /data/app/vmdl1323724461.tmp/base.apk pkg=com.careerbuilder.SugarDrone.test isa=arm64 vmSafeMode=false debuggable=false target-filter=interpret-only oatDir = /data/app/vmdl1323724461.tmp/oat sharedLibraries=/system/framework/android.test.runner.jar:/system/framework/com.google.android.maps.jar
I/dex2oat ( 9123): /system/bin/dex2oat --compiler-filter=interpret-only -j4
V/JNIHelp ( 8720): Registering com/google/android/gms/org/conscrypt/NativeCrypto's 242 native methods...
D/NetworkSecurityConfig( 8720): No Network Security Config specified, using platform default
I/ProviderInstaller( 8720): Installed default security provider GmsCore_OpenSSL
I/dex2oat ( 9123): dex2oat took 712.839ms (threads: 4) arena alloc=186KB (190832B) java alloc=2MB (2270840B) native alloc=2MB (2693704B) free=1977KB (2024888B)
W/PackageManager(  884): Not granting permission android.permission.ACCESS_MOCK_LOCATION to package com.careerbuilder.SugarDrone.test (protectionLevel=2 flags=0x1800be44)
V/BackupManagerService(  884): restoreAtInstall pkg=com.careerbuilder.SugarDrone.test token=6 restoreSet=0
V/BackupManagerService(  884): Finishing install immediately
I/art     (  884): Starting a blocking GC Explicit
I/art     (  884): Explicit concurrent mark sweep GC freed 66309(4MB) AllocSpace objects, 64(3MB) LOS objects, 33% free, 16MB/24MB, paused 1.550ms total 103.599ms
E/        (  509): Couldn't opendir /data/app/vmdl1323724461.tmp: No such file or directory
W/ActivityManager(  884): Permission Denial: Accessing service ComponentInfo{com.google.android.music/com.google.android.music.dial.DialMediaRouteProviderService} from pid=5173, uid=10085 that is not exported from uid 10071
I/art     ( 9095): System.exit called, status: 0
I/AndroidRuntime( 9095): VM exiting with result code 0.
I/InputReader(  884): Reconfiguring input devices.  changes=0x00000010
D/RegisteredNfcFServicesCache( 4038): Service unchanged, not updating
D/CarrierSvcBindHelper( 3105): No carrier app for: 0
D/CarrierConfigLoader( 3105): mHandler: 9 phoneId: 0
I/Finsky  ( 8664): [1] com.google.android.finsky.utils.PermissionPolicies$PermissionPolicyService.onStartCommand(117): post-install permissions check for com.careerbuilder.SugarDrone.test
W/Finsky  ( 8664): [1] com.google.android.finsky.FinskyApp.i(1468): No account configured on this device.
I/Finsky  ( 8664): [1] com.google.android.finsky.utils.bh.run(2302): Package state data is missing for com.careerbuilder.SugarDrone.test
W/Finsky  ( 8664): [1] com.google.android.finsky.FinskyApp.i(1468): No account configured on this device.
I/UpdateIcingCorporaServi( 5662): Updating corpora: APPS=com.careerbuilder.SugarDrone.test, CONTACTS=MAYBE
I/UpdateIcingCorporaServi( 5662): UpdateCorporaTask done [took 75 ms] updated apps [took 75 ms] 
D/Wear_Controller( 4307): Received broadcast action=android.intent.action.PACKAGE_ADDED and uri=com.careerbuilder.SugarDrone.test
I/PeopleContactsSync( 4307): triggerPendingContactsCleanup: no accounts
W/IcingInternalCorpora( 4307): getNumBytesRead when not calculated.
I/Icing   ( 4307): Usage reports 0 indexed 0 rejected 0 imm upload false
I/Icing   ( 4307): Usage reports 0 indexed 0 rejected 0 imm upload false
D/AndroidRuntime( 9169): >>>>>> START com.android.internal.os.RuntimeInit uid 2000 <<<<<<
D/AndroidRuntime( 9169): CheckJNI is OFF
D/ICU     ( 9169): No timezone override file found: /data/misc/zoneinfo/current/icu/icu_tzdata.dat
I/Radio-JNI( 9169): register_android_hardware_Radio DONE
D/AndroidRuntime( 9169): Calling main entry com.android.commands.settings.SettingsCmd
D/AndroidRuntime( 9169): Shutting down VM
I/Icing   ( 4307): Indexing AB6E3D00885C5CBD00E6A1959F599F05594069D7 from com.google.android.gms
I/Icing   ( 4307): Indexing done AB6E3D00885C5CBD00E6A1959F599F05594069D7
D/AndroidRuntime( 9202): >>>>>> START com.android.internal.os.RuntimeInit uid 2000 <<<<<<
D/AndroidRuntime( 9202): CheckJNI is OFF
D/ICU     ( 9202): No timezone override file found: /data/misc/zoneinfo/current/icu/icu_tzdata.dat
I/Radio-JNI( 9202): register_android_hardware_Radio DONE
D/AndroidRuntime( 9202): Calling main entry com.android.commands.settings.SettingsCmd
D/AndroidRuntime( 9202): Shutting down VM
D/AndroidRuntime( 9231): >>>>>> START com.android.internal.os.RuntimeInit uid 2000 <<<<<<
D/AndroidRuntime( 9231): CheckJNI is OFF
D/ICU     ( 9231): No timezone override file found: /data/misc/zoneinfo/current/icu/icu_tzdata.dat
I/Radio-JNI( 9231): register_android_hardware_Radio DONE
D/AndroidRuntime( 9231): Calling main entry com.android.commands.settings.SettingsCmd
D/AndroidRuntime( 9231): Shutting down VM
D/AndroidRuntime( 9257): >>>>>> START com.android.internal.os.RuntimeInit uid 2000 <<<<<<
D/AndroidRuntime( 9257): CheckJNI is OFF
D/ICU     ( 9257): No timezone override file found: /data/misc/zoneinfo/current/icu/icu_tzdata.dat
I/Radio-JNI( 9257): register_android_hardware_Radio DONE
D/AndroidRuntime( 9257): Calling main entry com.android.commands.settings.SettingsCmd
D/AndroidRuntime( 9257): Shutting down VM
D/AndroidRuntime( 9282): >>>>>> START com.android.internal.os.RuntimeInit uid 2000 <<<<<<
D/AndroidRuntime( 9282): CheckJNI is OFF
D/ICU     ( 9282): No timezone override file found: /data/misc/zoneinfo/current/icu/icu_tzdata.dat
I/Radio-JNI( 9282): register_android_hardware_Radio DONE
D/AndroidRuntime( 9282): Calling main entry com.android.commands.settings.SettingsCmd
D/AndroidRuntime( 9282): Shutting down VM
D/AndroidRuntime( 9312): >>>>>> START com.android.internal.os.RuntimeInit uid 2000 <<<<<<
D/AndroidRuntime( 9312): CheckJNI is OFF
D/ICU     ( 9312): No timezone override file found: /data/misc/zoneinfo/current/icu/icu_tzdata.dat
I/Radio-JNI( 9312): register_android_hardware_Radio DONE
D/AndroidRuntime( 9312): Calling main entry com.android.commands.pm.Pm
W/MessageQueue( 9312): Handler (android.os.Handler) {50b299c} sending message to a Handler on a dead thread
W/MessageQueue( 9312): java.lang.IllegalStateException: Handler (android.os.Handler) {50b299c} sending message to a Handler on a dead thread
W/MessageQueue( 9312): 	at android.os.MessageQueue.enqueueMessage(MessageQueue.java:543)
W/MessageQueue( 9312): 	at android.os.Handler.enqueueMessage(Handler.java:643)
W/MessageQueue( 9312): 	at android.os.Handler.sendMessageAtTime(Handler.java:612)
W/MessageQueue( 9312): 	at android.os.Handler.sendMessageDelayed(Handler.java:582)
W/MessageQueue( 9312): 	at android.os.Handler.post(Handler.java:338)
W/MessageQueue( 9312): 	at android.os.ResultReceiver$MyResultReceiver.send(ResultReceiver.java:57)
W/MessageQueue( 9312): 	at com.android.internal.os.IResultReceiver$Stub.onTransact(IResultReceiver.java:58)
W/MessageQueue( 9312): 	at android.os.Binder.execTransact(Binder.java:565)
I/art     ( 9312): System.exit called, status: 0
I/AndroidRuntime( 9312): VM exiting with result code 0.
D/AndroidRuntime( 9371): >>>>>> START com.android.internal.os.RuntimeInit uid 2000 <<<<<<
D/AndroidRuntime( 9371): CheckJNI is OFF
D/ICU     ( 9371): No timezone override file found: /data/misc/zoneinfo/current/icu/icu_tzdata.dat
I/Radio-JNI( 9371): register_android_hardware_Radio DONE
D/AndroidRuntime( 9371): Calling main entry com.android.commands.pm.Pm
W/MessageQueue( 9371): Handler (android.os.Handler) {7ef0253} sending message to a Handler on a dead thread
W/MessageQueue( 9371): java.lang.IllegalStateException: Handler (android.os.Handler) {7ef0253} sending message to a Handler on a dead thread
W/MessageQueue( 9371): 	at android.os.MessageQueue.enqueueMessage(MessageQueue.java:543)
W/MessageQueue( 9371): 	at android.os.Handler.enqueueMessage(Handler.java:643)
W/MessageQueue( 9371): 	at android.os.Handler.sendMessageAtTime(Handler.java:612)
W/MessageQueue( 9371): 	at android.os.Handler.sendMessageDelayed(Handler.java:582)
W/MessageQueue( 9371): 	at android.os.Handler.post(Handler.java:338)
W/MessageQueue( 9371): 	at android.os.ResultReceiver$MyResultReceiver.send(ResultReceiver.java:57)
W/MessageQueue( 9371): 	at com.android.internal.os.IResultReceiver$Stub.onTransact(IResultReceiver.java:58)
W/MessageQueue( 9371): 	at android.os.Binder.execTransact(Binder.java:565)
I/art     ( 9371): System.exit called, status: 0
I/AndroidRuntime( 9371): VM exiting with result code 0.
I/ActivityManager(  884): Killing 7246:com.google.android.gms.unstable/u0a18 (adj 906): empty #17
I/ActivityManager(  884): Killing 5474:com.android.printspooler/u0a80 (adj 906): empty #17
D/AndroidRuntime( 9446): >>>>>> START com.android.internal.os.RuntimeInit uid 2000 <<<<<<
D/AndroidRuntime( 9446): CheckJNI is OFF
D/ICU     ( 9446): No timezone override file found: /data/misc/zoneinfo/current/icu/icu_tzdata.dat
I/Radio-JNI( 9446): register_android_hardware_Radio DONE
D/AndroidRuntime( 9446): Calling main entry com.android.commands.input.Input
I/Input   ( 9446): injectKeyEvent: KeyEvent { action=ACTION_DOWN, keyCode=KEYCODE_BACK, scanCode=0, metaState=0, flags=0x0, repeatCount=0, eventTime=314380, downTime=314380, deviceId=-1, source=0x101 }
I/Input   ( 9446): injectKeyEvent: KeyEvent { action=ACTION_UP, keyCode=KEYCODE_BACK, scanCode=0, metaState=0, flags=0x0, repeatCount=0, eventTime=314380, downTime=314380, deviceId=-1, source=0x101 }
D/AndroidRuntime( 9446): Shutting down VM
D/AndroidRuntime( 9502): >>>>>> START com.android.internal.os.RuntimeInit uid 2000 <<<<<<
D/AndroidRuntime( 9502): CheckJNI is OFF
D/ICU     ( 9502): No timezone override file found: /data/misc/zoneinfo/current/icu/icu_tzdata.dat
I/Radio-JNI( 9502): register_android_hardware_Radio DONE
D/AndroidRuntime( 9502): Calling main entry com.android.commands.input.Input
I/Input   ( 9502): injectKeyEvent: KeyEvent { action=ACTION_DOWN, keyCode=KEYCODE_HOME, scanCode=0, metaState=0, flags=0x0, repeatCount=0, eventTime=316185, downTime=316185, deviceId=-1, source=0x101 }
I/Input   ( 9502): injectKeyEvent: KeyEvent { action=ACTION_UP, keyCode=KEYCODE_HOME, scanCode=0, metaState=0, flags=0x0, repeatCount=0, eventTime=316185, downTime=316185, deviceId=-1, source=0x101 }
I/ActivityManager(  884): START u0 {act=android.intent.action.MAIN cat=[android.intent.category.HOME] flg=0x10200000 cmp=com.google.android.googlequicksearchbox/com.google.android.launcher.GEL (has extras)} from uid 1000 on display 0
D/AndroidRuntime( 9502): Shutting down VM
I/GEL     ( 4078): handleIntent(Intent { act=android.intent.action.MAIN cat=[android.intent.category.HOME] flg=0x10200000 cmp=com.google.android.googlequicksearchbox/com.google.android.launcher.GEL (has extras) })
D/AndroidRuntime( 9540): >>>>>> START com.android.internal.os.RuntimeInit uid 2000 <<<<<<
D/AndroidRuntime( 9540): CheckJNI is OFF
D/ICU     ( 9540): No timezone override file found: /data/misc/zoneinfo/current/icu/icu_tzdata.dat
I/Radio-JNI( 9540): register_android_hardware_Radio DONE
D/AndroidRuntime( 9540): Calling main entry com.android.commands.input.Input
I/Input   ( 9540): injectKeyEvent: KeyEvent { action=ACTION_DOWN, keyCode=KEYCODE_BACK, scanCode=0, metaState=0, flags=0x0, repeatCount=0, eventTime=317600, downTime=317600, deviceId=-1, source=0x101 }
I/Input   ( 9540): injectKeyEvent: KeyEvent { action=ACTION_UP, keyCode=KEYCODE_BACK, scanCode=0, metaState=0, flags=0x0, repeatCount=0, eventTime=317600, downTime=317600, deviceId=-1, source=0x101 }
D/AndroidRuntime( 9540): Shutting down VM
W/Finsky  ( 8664): [374] com.google.android.finsky.FinskyApp.i(1468): No account configured on this device.
I/Finsky  ( 8664): [374] com.google.android.finsky.c.e.run(1151): Replicating app states via AMAS.
D/AndroidRuntime( 9583): >>>>>> START com.android.internal.os.RuntimeInit uid 2000 <<<<<<
D/AndroidRuntime( 9583): CheckJNI is OFF
D/ICU     ( 9583): No timezone override file found: /data/misc/zoneinfo/current/icu/icu_tzdata.dat
I/Finsky  ( 8664): [374] com.google.android.finsky.c.c.a(311): Completed 0 account content syncs with 0 successful.
I/Finsky  ( 8664): [1] com.google.android.finsky.services.j.a(149): Installation state replication succeeded.
I/Radio-JNI( 9583): register_android_hardware_Radio DONE
D/AndroidRuntime( 9583): Calling main entry com.android.commands.am.Am
I/ActivityManager(  884): Force stopping com.careerbuilder.SugarDrone appid=18664 user=0: start instr
I/art     ( 9608): Late-enabling -Xcheck:jni
I/ActivityManager(  884): Start proc 9608:com.careerbuilder.SugarDrone/u0a8664 for added application com.careerbuilder.SugarDrone
W/System  ( 9608): ClassLoader referenced unknown path: /data/app/com.careerbuilder.SugarDrone.test-1/lib/arm64
W/System  ( 9608): ClassLoader referenced unknown path: 
W/monodroid( 9608): Using override path: /data/user/0/com.careerbuilder.SugarDrone/files/.__override__
W/monodroid( 9608): Trying to load sgen from: /data/user/0/com.careerbuilder.SugarDrone/files/.__override__/libmonosgen-2.0.so
W/monodroid( 9608): Trying to load sgen from: /storage/emulated/0/Android/data/com.careerbuilder.SugarDrone/files/.__override__/libmonosgen-2.0.so
W/monodroid( 9608): Trying to load sgen from: /data/app/com.careerbuilder.SugarDrone-1/lib/arm/libmonosgen-2.0.so
D/Mono    ( 9608): Image addref mscorlib[0xe79fb200] -> mscorlib.dll[0xe7c76400]: 2
D/Mono    ( 9608): Prepared to set up assembly 'mscorlib' (mscorlib.dll)
D/Mono    ( 9608): AOT module 'mscorlib.dll.so' not found: dlopen failed: library "/data/app/com.careerbuilder.SugarDrone-1/lib/arm/libaot-mscorlib.dll.so" not found
D/Mono    ( 9608): AOT module '/Users/builder/data/lanes/4009/f3074d2c/source/monodroid/builds/install/mono-armv6/lib/mono/aot-cache/arm/mscorlib.dll.so' not found: dlopen failed: library "/data/app/com.careerbuilder.SugarDrone-1/lib/arm/libaot-mscorlib.dll.so" not found
D/Mono    ( 9608): Config attempting to parse: 'mscorlib.dll.config'.
D/Mono    ( 9608): Config attempting to parse: '/Users/builder/data/lanes/4009/f3074d2c/source/monodroid/builds/install/mono-armv6/etc/mono/assemblies/mscorlib/mscorlib.config'.
D/Mono    ( 9608): Assembly mscorlib[0xe79fb200] added to domain RootDomain, ref_count=1
D/Mono    ( 9608): Image addref CareerBuilder_Search.Droid[0xe79fb260] -> CareerBuilder_Search.Droid.dll[0xe7c77300]: 2
D/Mono    ( 9608): Prepared to set up assembly 'CareerBuilder_Search.Droid' (CareerBuilder_Search.Droid.dll)
D/Mono    ( 9608): Assembly CareerBuilder_Search.Droid[0xe79fb260] added to domain RootDomain, ref_count=1
D/Mono    ( 9608): AOT module 'CareerBuilder_Search.Droid.dll.so' not found: dlopen failed: library "/data/app/com.careerbuilder.SugarDrone-1/lib/arm/libaot-CareerBuilder_Search.Droid.dll.so" not found
D/Mono    ( 9608): AOT module '/Users/builder/data/lanes/4009/f3074d2c/source/monodroid/builds/install/mono-armv6/lib/mono/aot-cache/arm/CareerBuilder_Search.Droid.dll.so' not found: dlopen failed: library "/data/app/com.careerbuilder.SugarDrone-1/lib/arm/libaot-CareerBuilder_Search.Droid.dll.so" not found
D/Mono    ( 9608): Config attempting to parse: 'CareerBuilder_Search.Droid.dll.config'.
D/Mono    ( 9608): Config attempting to parse: '/Users/builder/data/lanes/4009/f3074d2c/source/monodroid/builds/install/mono-armv6/etc/mono/assemblies/CareerBuilder_Search.Droid/CareerBuilder_Search.Droid.config'.
D/Mono    ( 9608): Image addref AppsFlyerXamarinBindingAndroid[0xe79fb2c0] -> AppsFlyerXamarinBindingAndroid.dll[0xe7c77800]: 2
D/Mono    ( 9608): Prepared to set up assembly 'AppsFlyerXamarinBindingAndroid' (AppsFlyerXamarinBindingAndroid.dll)
D/Mono    ( 9608): Assembly AppsFlyerXamarinBindingAndroid[0xe79fb2c0] added to domain RootDomain, ref_count=1
D/Mono    ( 9608): AOT module 'AppsFlyerXamarinBindingAndroid.dll.so' not found: dlopen failed: library "/data/app/com.careerbuilder.SugarDrone-1/lib/arm/libaot-AppsFlyerXamarinBindingAndroid.dll.so" not found
D/Mono    ( 9608): AOT module '/Users/builder/data/lanes/4009/f3074d2c/source/monodroid/builds/install/mono-armv6/lib/mono/aot-cache/arm/AppsFlyerXamarinBindingAndroid.dll.so' not found: dlopen failed: library "/data/app/com.careerbuilder.SugarDrone-1/lib/arm/libaot-AppsFlyerXamarinBindingAndroid.dll.so" not found
D/Mono    ( 9608): Config attempting to parse: 'AppsFlyerXamarinBindingAndroid.dll.config'.
D/Mono    ( 9608): Config attempting to parse: '/Users/builder/data/lanes/4009/f3074d2c/source/monodroid/builds/install/mono-armv6/etc/mono/assemblies/AppsFlyerXamarinBindingAndroid/AppsFlyerXamarinBindingAndroid.config'.
D/Mono    ( 9608): Image addref HockeySDK[0xe79fb320] -> HockeySDK.dll[0xe7c77d00]: 2
D/Mono    ( 9608): Prepared to set up assembly 'HockeySDK' (HockeySDK.dll)
D/Mono    ( 9608): Assembly HockeySDK[0xe79fb320] added to domain RootDomain, ref_count=1
D/Mono    ( 9608): AOT module 'HockeySDK.dll.so' not found: dlopen failed: library "/data/app/com.careerbuilder.SugarDrone-1/lib/arm/libaot-HockeySDK.dll.so" not found
D/Mono    ( 9608): AOT module '/Users/builder/data/lanes/4009/f3074d2c/source/monodroid/builds/install/mono-armv6/lib/mono/aot-cache/arm/HockeySDK.dll.so' not found: dlopen failed: library "/data/app/com.careerbuilder.SugarDrone-1/lib/arm/libaot-HockeySDK.dll.so" not found
D/Mono    ( 9608): Config attempting to parse: 'HockeySDK.dll.config'.
D/Mono    ( 9608): Config attempting to parse: '/Users/builder/data/lanes/4009/f3074d2c/source/monodroid/builds/install/mono-armv6/etc/mono/assemblies/HockeySDK/HockeySDK.config'.
D/Mono    ( 9608): Image addref Akavache[0xe79fb380] -> Akavache.dll[0xe7c78200]: 2
D/Mono    ( 9608): Prepared to set up assembly 'Akavache' (Akavache.dll)
D/Mono    ( 9608): Assembly Akavache[0xe79fb380] added to domain RootDomain, ref_count=1
D/Mono    ( 9608): AOT module 'Akavache.dll.so' not found: dlopen failed: library "/data/app/com.careerbuilder.SugarDrone-1/lib/arm/libaot-Akavache.dll.so" not found
D/Mono    ( 9608): AOT module '/Users/builder/data/lanes/4009/f3074d2c/source/monodroid/builds/install/mono-armv6/lib/mono/aot-cache/arm/Akavache.dll.so' not found: dlopen failed: library "/data/app/com.careerbuilder.SugarDrone-1/lib/arm/libaot-Akavache.dll.so" not found
D/Mono    ( 9608): Config attempting to parse: 'Akavache.dll.config'.
D/Mono    ( 9608): Config attempting to parse: '/Users/builder/data/lanes/4009/f3074d2c/source/monodroid/builds/install/mono-armv6/etc/mono/assemblies/Akavache/Akavache.config'.
D/Mono    ( 9608): Image addref Akavache.Sqlite3[0xe79fb3e0] -> Akavache.Sqlite3.dll[0xe7c78700]: 2
D/Mono    ( 9608): Prepared to set up assembly 'Akavache.Sqlite3' (Akavache.Sqlite3.dll)
D/Mono    ( 9608): Assembly Akavache.Sqlite3[0xe79fb3e0] added to domain RootDomain, ref_count=1
D/Mono    ( 9608): AOT module 'Akavache.Sqlite3.dll.so' not found: dlopen failed: library "/data/app/com.careerbuilder.SugarDrone-1/lib/arm/libaot-Akavache.Sqlite3.dll.so" not found
D/Mono    ( 9608): AOT module '/Users/builder/data/lanes/4009/f3074d2c/source/monodroid/builds/install/mono-armv6/lib/mono/aot-cache/arm/Akavache.Sqlite3.dll.so' not found: dlopen failed: library "/data/app/com.careerbuilder.SugarDrone-1/lib/arm/libaot-Akavache.Sqlite3.dll.so" not found
W/        ( 9608): Symbol file LoadedFromMemory doesn't match image Akavache.Sqlite3.dll
D/Mono    ( 9608): Config attempting to parse: 'Akavache.Sqlite3.dll.config'.
D/Mono    ( 9608): Config attempting to parse: '/Users/builder/data/lanes/4009/f3074d2c/source/monodroid/builds/install/mono-armv6/etc/mono/assemblies/Akavache.Sqlite3/Akavache.Sqlite3.config'.
D/Mono    ( 9608): Image addref Splat[0xe79fb440] -> Splat.dll[0xe7c78c00]: 2
D/Mono    ( 9608): Prepared to set up assembly 'Splat' (Splat.dll)
D/Mono    ( 9608): Assembly Splat[0xe79fb440] added to domain RootDomain, ref_count=1
D/Mono    ( 9608): AOT module 'Splat.dll.so' not found: dlopen failed: library "/data/app/com.careerbuilder.SugarDrone-1/lib/arm/libaot-Splat.dll.so" not found
D/Mono    ( 9608): AOT module '/Users/builder/data/lanes/4009/f3074d2c/source/monodroid/builds/install/mono-armv6/lib/mono/aot-cache/arm/Splat.dll.so' not found: dlopen failed: library "/data/app/com.careerbuilder.SugarDrone-1/lib/arm/libaot-Splat.dll.so" not found
D/Mono    ( 9608): Config attempting to parse: 'Splat.dll.config'.
D/Mono    ( 9608): Config attempting to parse: '/Users/builder/data/lanes/4009/f3074d2c/source/monodroid/builds/install/mono-armv6/etc/mono/assemblies/Splat/Splat.config'.
D/Mono    ( 9608): Image addref Microsoft.Practices.ServiceLocation[0xe79fb4a0] -> Microsoft.Practices.ServiceLocation.dll[0xe7c79100]: 2
D/Mono    ( 9608): Prepared to set up assembly 'Microsoft.Practices.ServiceLocation' (Microsoft.Practices.ServiceLocation.dll)
D/Mono    ( 9608): Assembly Microsoft.Practices.ServiceLocation[0xe79fb4a0] added to domain RootDomain, ref_count=1
D/Mono    ( 9608): AOT module 'Microsoft.Practices.ServiceLocation.dll.so' not found: dlopen failed: library "/data/app/com.careerbuilder.SugarDrone-1/lib/arm/libaot-Microsoft.Practices.ServiceLocation.dll.so" not found
D/Mono    ( 9608): AOT module '/Users/builder/data/lanes/4009/f3074d2c/source/monodroid/builds/install/mono-armv6/lib/mono/aot-cache/arm/Microsoft.Practices.ServiceLocation.dll.so' not found: dlopen failed: library "/data/app/com.careerbuilder.SugarDrone-1/lib/arm/libaot-Microsoft.Practices.ServiceLocation.dll.so" not found
D/Mono    ( 9608): Config attempting to parse: 'Microsoft.Practices.ServiceLocation.dll.config'.
D/Mono    ( 9608): Config attempting to parse: '/Users/builder/data/lanes/4009/f3074d2c/source/monodroid/builds/install/mono-armv6/etc/mono/assemblies/Microsoft.Practices.ServiceLocation/Microsoft.Practices.ServiceLocation.config'.
D/Mono    ( 9608): Image addref Microsoft.Practices.Unity[0xe79fb500] -> Microsoft.Practices.Unity.dll[0xe7c79600]: 2
D/Mono    ( 9608): Prepared to set up assembly 'Microsoft.Practices.Unity' (Microsoft.Practices.Unity.dll)
D/Mono    ( 9608): Assembly Microsoft.Practices.Unity[0xe79fb500] added to domain RootDomain, ref_count=1
D/Mono    ( 9608): AOT module 'Microsoft.Practices.Unity.dll.so' not found: dlopen failed: library "/data/app/com.careerbuilder.SugarDrone-1/lib/arm/libaot-Microsoft.Practices.Unity.dll.so" not found
D/Mono    ( 9608): AOT module '/Users/builder/data/lanes/4009/f3074d2c/source/monodroid/builds/install/mono-armv6/lib/mono/aot-cache/arm/Microsoft.Practices.Unity.dll.so' not found: dlopen failed: library "/data/app/com.careerbuilder.SugarDrone-1/lib/arm/libaot-Microsoft.Practices.Unity.dll.so" not found
D/Mono    ( 9608): Config attempting to parse: 'Microsoft.Practices.Unity.dll.config'.
D/Mono    ( 9608): Config attempting to parse: '/Users/builder/data/lanes/4009/f3074d2c/source/monodroid/builds/install/mono-armv6/etc/mono/assemblies/Microsoft.Practices.Unity/Microsoft.Practices.Unity.config'.
D/Mono    ( 9608): Image addref Plugin.CurrentActivity[0xe79fb560] -> Plugin.CurrentActivity.dll[0xe7c79b00]: 2
D/Mono    ( 9608): Prepared to set up assembly 'Plugin.CurrentActivity' (Plugin.CurrentActivity.dll)
D/Mono    ( 9608): Assembly Plugin.CurrentActivity[0xe79fb560] added to domain RootDomain, ref_count=1
D/Mono    ( 9608): AOT module 'Plugin.CurrentActivity.dll.so' not found: dlopen failed: library "/data/app/com.careerbuilder.SugarDrone-1/lib/arm/libaot-Plugin.CurrentActivity.dll.so" not found
D/Mono    ( 9608): AOT module '/Users/builder/data/lanes/4009/f3074d2c/source/monodroid/builds/install/mono-armv6/lib/mono/aot-cache/arm/Plugin.CurrentActivity.dll.so' not found: dlopen failed: library "/data/app/com.careerbuilder.SugarDrone-1/lib/arm/libaot-Plugin.CurrentActivity.dll.so" not found
D/Mono    ( 9608): Config attempting to parse: 'Plugin.CurrentActivity.dll.config'.
D/Mono    ( 9608): Config attempting to parse: '/Users/builder/data/lanes/4009/f3074d2c/source/monodroid/builds/install/mono-armv6/etc/mono/assemblies/Plugin.CurrentActivity/Plugin.CurrentActivity.config'.
D/Mono    ( 9608): Image addref Plugin.Permissions[0xe79fb5c0] -> Plugin.Permissions.dll[0xe5493000]: 2
D/Mono    ( 9608): Prepared to set up assembly 'Plugin.Permissions' (Plugin.Permissions.dll)
D/Mono    ( 9608): Assembly Plugin.Permissions[0xe79fb5c0] added to domain RootDomain, ref_count=1
D/Mono    ( 9608): AOT module 'Plugin.Permissions.dll.so' not found: dlopen failed: library "/data/app/com.careerbuilder.SugarDrone-1/lib/arm/libaot-Plugin.Permissions.dll.so" not found
D/Mono    ( 9608): AOT module '/Users/builder/data/lanes/4009/f3074d2c/source/monodroid/builds/install/mono-armv6/lib/mono/aot-cache/arm/Plugin.Permissions.dll.so' not found: dlopen failed: library "/data/app/com.careerbuilder.SugarDrone-1/lib/arm/libaot-Plugin.Permissions.dll.so" not found
D/Mono    ( 9608): Config attempting to parse: 'Plugin.Permissions.dll.config'.
D/Mono    ( 9608): Config attempting to parse: '/Users/builder/data/lanes/4009/f3074d2c/source/monodroid/builds/install/mono-armv6/etc/mono/assemblies/Plugin.Permissions/Plugin.Permissions.config'.
D/Mono    ( 9608): Image addref Plugin.Permissions.Abstractions[0xe79fb620] -> Plugin.Permissions.Abstractions.dll[0xe5493500]: 2
D/Mono    ( 9608): Prepared to set up assembly 'Plugin.Permissions.Abstractions' (Plugin.Permissions.Abstractions.dll)
D/Mono    ( 9608): Assembly Plugin.Permissions.Abstractions[0xe79fb620] added to domain RootDomain, ref_count=1
D/Mono    ( 9608): AOT module 'Plugin.Permissions.Abstractions.dll.so' not found: dlopen failed: library "/data/app/com.careerbuilder.SugarDrone-1/lib/arm/libaot-Plugin.Permissions.Abstractions.dll.so" not found
D/Mono    ( 9608): AOT module '/Users/builder/data/lanes/4009/f3074d2c/source/monodroid/builds/install/mono-armv6/lib/mono/aot-cache/arm/Plugin.Permissions.Abstractions.dll.so' not found: dlopen failed: library "/data/app/com.careerbuilder.SugarDrone-1/lib/arm/libaot-Plugin.Permissions.Abstractions.dll.so" not found
D/Mono    ( 9608): Config attempting to parse: 'Plugin.Permissions.Abstractions.dll.config'.
D/Mono    ( 9608): Config attempting to parse: '/Users/builder/data/lanes/4009/f3074d2c/source/monodroid/builds/install/mono-armv6/etc/mono/assemblies/Plugin.Permissions.Abstractions/Plugin.Permissions.Abstractions.config'.
D/Mono    ( 9608): Image addref Plugin.Geolocator[0xe79fb680] -> Plugin.Geolocator.dll[0xe5493a00]: 2
D/Mono    ( 9608): Prepared to set up assembly 'Plugin.Geolocator' (Plugin.Geolocator.dll)
D/Mono    ( 9608): Assembly Plugin.Geolocator[0xe79fb680] added to domain RootDomain, ref_count=1
D/Mono    ( 9608): AOT module 'Plugin.Geolocator.dll.so' not found: dlopen failed: library "/data/app/com.careerbuilder.SugarDrone-1/lib/arm/libaot-Plugin.Geolocator.dll.so" not found
D/Mono    ( 9608): AOT module '/Users/builder/data/lanes/4009/f3074d2c/source/monodroid/builds/install/mono-armv6/lib/mono/aot-cache/arm/Plugin.Geolocator.dll.so' not found: dlopen failed: library "/data/app/com.careerbuilder.SugarDrone-1/lib/arm/libaot-Plugin.Geolocator.dll.so" not found
D/Mono    ( 9608): Config attempting to parse: 'Plugin.Geolocator.dll.config'.
D/Mono    ( 9608): Config attempting to parse: '/Users/builder/data/lanes/4009/f3074d2c/source/monodroid/builds/install/mono-armv6/etc/mono/assemblies/Plugin.Geolocator/Plugin.Geolocator.config'.
D/Mono    ( 9608): Image addref Plugin.Geolocator.Abstractions[0xe79fb6e0] -> Plugin.Geolocator.Abstractions.dll[0xe5493f00]: 2
D/Mono    ( 9608): Prepared to set up assembly 'Plugin.Geolocator.Abstractions' (Plugin.Geolocator.Abstractions.dll)
D/Mono    ( 9608): Assembly Plugin.Geolocator.Abstractions[0xe79fb6e0] added to domain RootDomain, ref_count=1
D/Mono    ( 9608): AOT module 'Plugin.Geolocator.Abstractions.dll.so' not found: dlopen failed: library "/data/app/com.careerbuilder.SugarDrone-1/lib/arm/libaot-Plugin.Geolocator.Abstractions.dll.so" not found
D/Mono    ( 9608): AOT module '/Users/builder/data/lanes/4009/f3074d2c/source/monodroid/builds/install/mono-armv6/lib/mono/aot-cache/arm/Plugin.Geolocator.Abstractions.dll.so' not found: dlopen failed: library "/data/app/com.careerbuilder.SugarDrone-1/lib/arm/libaot-Plugin.Geolocator.Abstractions.dll.so" not found
D/Mono    ( 9608): Config attempting to parse: 'Plugin.Geolocator.Abstractions.dll.config'.
D/Mono    ( 9608): Config attempting to parse: '/Users/builder/data/lanes/4009/f3074d2c/source/monodroid/builds/install/mono-armv6/etc/mono/assemblies/Plugin.Geolocator.Abstractions/Plugin.Geolocator.Abstractions.config'.
D/Mono    ( 9608): Image addref Plugin.DeviceInfo[0xe79fb740] -> Plugin.DeviceInfo.dll[0xe5494400]: 2
D/Mono    ( 9608): Prepared to set up assembly 'Plugin.DeviceInfo' (Plugin.DeviceInfo.dll)
D/Mono    ( 9608): Assembly Plugin.DeviceInfo[0xe79fb740] added to domain RootDomain, ref_count=1
D/Mono    ( 9608): AOT module 'Plugin.DeviceInfo.dll.so' not found: dlopen failed: library "/data/app/com.careerbuilder.SugarDrone-1/lib/arm/libaot-Plugin.DeviceInfo.dll.so" not found
D/Mono    ( 9608): AOT module '/Users/builder/data/lanes/4009/f3074d2c/source/monodroid/builds/install/mono-armv6/lib/mono/aot-cache/arm/Plugin.DeviceInfo.dll.so' not found: dlopen failed: library "/data/app/com.careerbuilder.SugarDrone-1/lib/arm/libaot-Plugin.DeviceInfo.dll.so" not found
D/Mono    ( 9608): Config attempting to parse: 'Plugin.DeviceInfo.dll.config'.
D/Mono    ( 9608): Config attempting to parse: '/Users/builder/data/lanes/4009/f3074d2c/source/monodroid/builds/install/mono-armv6/etc/mono/assemblies/Plugin.DeviceInfo/Plugin.DeviceInfo.config'.
D/Mono    ( 9608): Image addref Plugin.DeviceInfo.Abstractions[0xe79fb7a0] -> Plugin.DeviceInfo.Abstractions.dll[0xe5494900]: 2
D/Mono    ( 9608): Prepared to set up assembly 'Plugin.DeviceInfo.Abstractions' (Plugin.DeviceInfo.Abstractions.dll)
D/Mono    ( 9608): Assembly Plugin.DeviceInfo.Abstractions[0xe79fb7a0] added to domain RootDomain, ref_count=1
D/Mono    ( 9608): AOT module 'Plugin.DeviceInfo.Abstractions.dll.so' not found: dlopen failed: library "/data/app/com.careerbuilder.SugarDrone-1/lib/arm/libaot-Plugin.DeviceInfo.Abstractions.dll.so" not found
D/Mono    ( 9608): AOT module '/Users/builder/data/lanes/4009/f3074d2c/source/monodroid/builds/install/mono-armv6/lib/mono/aot-cache/arm/Plugin.DeviceInfo.Abstractions.dll.so' not found: dlopen failed: library "/data/app/com.careerbuilder.SugarDrone-1/lib/arm/libaot-Plugin.DeviceInfo.Abstractions.dll.so" not found
D/Mono    ( 9608): Config attempting to parse: 'Plugin.DeviceInfo.Abstractions.dll.config'.
D/Mono    ( 9608): Config attempting to parse: '/Users/builder/data/lanes/4009/f3074d2c/source/monodroid/builds/install/mono-armv6/etc/mono/assemblies/Plugin.DeviceInfo.Abstractions/Plugin.DeviceInfo.Abstractions.config'.
D/Mono    ( 9608): Image addref Xamarin.GooglePlayServices.Analytics[0xe79fb800] -> Xamarin.GooglePlayServices.Analytics.dll[0xe5494e00]: 2
D/Mono    ( 9608): Prepared to set up assembly 'Xamarin.GooglePlayServices.Analytics' (Xamarin.GooglePlayServices.Analytics.dll)
D/Mono    ( 9608): Assembly Xamarin.GooglePlayServices.Analytics[0xe79fb800] added to domain RootDomain, ref_count=1
