<![CDATA[
]]><xtc-scenario name="[0-1013]CareerBuilder_Search.DroidFeatureTests.ExpiredJobPageTests.MenuBackButtonGoesBackToSavedJobs" id="[0-1013]CareerBuilder_Search.DroidFeatureTests.ExpiredJobPageTests.MenuBackButtonGoesBackToSavedJobs"><![CDATA[

]]><xtc-step name="[0-1013]CareerBuilder_Search.DroidFeatureTests.ExpiredJobPageTests.MenuBackButtonGoesBackToSavedJobs-MenuBackButtonGoesBackToSavedJobs" id="[0-1013]CareerBuilder_Search.DroidFeatureTests.ExpiredJobPageTests.MenuBackButtonGoesBackToSavedJobs-MenuBackButtonGoesBackToSavedJobs"><![CDATA[
D/AndroidRuntime( 8096): >>>>>> START com.android.internal.os.RuntimeInit uid 2000 <<<<<<
D/AndroidRuntime( 8096): CheckJNI is OFF
D/ICU     ( 8096): No timezone override file found: /data/misc/zoneinfo/current/icu/icu_tzdata.dat
I/Radio-JNI( 8096): register_android_hardware_Radio DONE
D/AndroidRuntime( 8096): Calling main entry com.android.commands.pm.Pm
I/art     ( 8096): System.exit called, status: 0
I/AndroidRuntime( 8096): VM exiting with result code 0.
W/MessageQueue( 8096): Handler (android.os.Handler) {de3a8c8} sending message to a Handler on a dead thread
W/MessageQueue( 8096): java.lang.IllegalStateException: Handler (android.os.Handler) {de3a8c8} sending message to a Handler on a dead thread
W/MessageQueue( 8096): 	at android.os.MessageQueue.enqueueMessage(MessageQueue.java:543)
W/MessageQueue( 8096): 	at android.os.Handler.enqueueMessage(Handler.java:643)
W/MessageQueue( 8096): 	at android.os.Handler.sendMessageAtTime(Handler.java:612)
W/MessageQueue( 8096): 	at android.os.Handler.sendMessageDelayed(Handler.java:582)
W/MessageQueue( 8096): 	at android.os.Handler.post(Handler.java:338)
W/MessageQueue( 8096): 	at android.os.ResultReceiver$MyResultReceiver.send(ResultReceiver.java:57)
W/MessageQueue( 8096): 	at com.android.internal.os.IResultReceiver$Stub.onTransact(IResultReceiver.java:58)
W/MessageQueue( 8096): 	at android.os.Binder.execTransact(Binder.java:565)
--------- beginning of system
I/ActivityManager(  872): Killing 5674:com.android.musicfx/u0a29 (adj 906): empty #17
I/ActivityManager(  872): Killing 6856:com.google.process.gapps/u0a56 (adj 906): empty #18
I/rmt_storage(  395): rmt_storage_connect_cb: clnt_h=0xc conn_h=0x733962a000
I/rmt_storage(  395): rmt_storage_rw_iovec_cb: /boot/modem_fs1: clnt_h=0xc: req_h=0xc msg_id=3: R/W request received
I/rmt_storage(  395): wakelock acquired: 1, error no: 42
I/rmt_storage(  395): rmt_storage_client_thread: /boot/modem_fs1: clnt_h=0xc Unblock worker thread (th_id: 494883697744)
I/rmt_storage(  395): rmt_storage_client_thread: /boot/modem_fs1: clnt_h=0xc: req_h=0xc msg_id=3: Bytes written = 1572864
I/rmt_storage(  395): rmt_storage_client_thread: /boot/modem_fs1: clnt_h=0xc: req_h=0xc msg_id=3: Send response: res=0 err=0
I/rmt_storage(  395): rmt_storage_client_thread: /boot/modem_fs1: clnt_h=0xc About to block rmt_storage client thread (th_id: 494883697744) wakelock released: 1, error no: 22
I/rmt_storage(  395): 
I/rmt_storage(  395): rmt_storage_disconnect_cb: clnt_h=0xc conn_h=0x733962a000
D/AndroidRuntime( 9770): >>>>>> START com.android.internal.os.RuntimeInit uid 2000 <<<<<<
D/AndroidRuntime( 9770): CheckJNI is OFF
D/ICU     ( 9770): No timezone override file found: /data/misc/zoneinfo/current/icu/icu_tzdata.dat
I/Radio-JNI( 9770): register_android_hardware_Radio DONE
D/AndroidRuntime( 9770): Calling main entry com.android.commands.am.Am
W/ActivityManager(  872): Invalid packageName: com.careerbuilder.SugarDrone
D/AndroidRuntime( 9770): Shutting down VM
I/ThermalEngine(  501): ACTION: Hotplugged OFF CPU[5]
I/ThermalEngine(  501): ACTION: Hotplugged OFF CPU[4]
D/AndroidRuntime(10178): >>>>>> START com.android.internal.os.RuntimeInit uid 2000 <<<<<<
D/AndroidRuntime(10178): CheckJNI is OFF
D/ICU     (10178): No timezone override file found: /data/misc/zoneinfo/current/icu/icu_tzdata.dat
I/Radio-JNI(10178): register_android_hardware_Radio DONE
D/AndroidRuntime(10178): Calling main entry com.android.commands.pm.Pm
I/        (  509): free_cache(71723834) avail 10801278976
I/PackageManager.DexOptimizer(  872): Running dexopt (dex2oat) on: /data/app/vmdl355871504.tmp/base.apk pkg=com.careerbuilder.SugarDrone isa=arm vmSafeMode=false debuggable=true target-filter=interpret-only oatDir = /data/app/vmdl355871504.tmp/oat sharedLibraries=null
I/dex2oat (10229): /system/bin/dex2oat --compiler-filter=interpret-only -j4 --debuggable
W/dex2oat (10229): Before Android 4.1, method android.graphics.PorterDuffColorFilter android.support.graphics.drawable.VectorDrawableCompat.updateTintFilter(android.graphics.PorterDuffColorFilter, android.content.res.ColorStateList, android.graphics.PorterDuff$Mode) would have incorrectly overridden the package-private method in android.graphics.drawable.Drawable
W/dex2oat (10229): Before Android 4.1, method int android.support.v7.widget.ListViewCompat.lookForSelectablePosition(int, boolean) would have incorrectly overridden the package-private method in android.widget.ListView
I/dex2oat (10229): dex2oat took 2.154s (threads: 4) arena alloc=3KB (3712B) java alloc=4MB (5073640B) native alloc=6MB (7312424B) free=2MB (2649048B)
W/PackageManager(  872): Not granting permission android.permission.MANAGE_DOCUMENTS to package com.careerbuilder.SugarDrone (protectionLevel=2 flags=0x3808be46)
W/PackageManager(  872): Not granting permission android.permission.MOUNT_UNMOUNT_FILESYSTEMS to package com.careerbuilder.SugarDrone (protectionLevel=18 flags=0x3808be46)
V/BackupManagerService(  872): restoreAtInstall pkg=com.careerbuilder.SugarDrone token=5 restoreSet=0
V/BackupManagerService(  872): Finishing install immediately
I/art     (  872): Starting a blocking GC Explicit
I/art     (  872): Explicit concurrent mark sweep GC freed 39728(2MB) AllocSpace objects, 6(120KB) LOS objects, 33% free, 16MB/24MB, paused 1.499ms total 100.874ms
E/        (  509): Couldn't opendir /data/app/vmdl355871504.tmp: No such file or directory
I/art     (10178): System.exit called, status: 0
I/AndroidRuntime(10178): VM exiting with result code 0.
I/ActivityManager(  872): Start proc 10277:com.android.musicfx/u0a29 for broadcast com.android.musicfx/.Compatibility$Receiver
I/InputReader(  872): Reconfiguring input devices.  changes=0x00000010
W/ActivityManager(  872): Permission Denial: Accessing service ComponentInfo{com.google.android.music/com.google.android.music.dial.DialMediaRouteProviderService} from pid=5206, uid=10085 that is not exported from uid 10071
D/CarrierSvcBindHelper( 3139): No carrier app for: 0
D/CarrierConfigLoader( 3139): mHandler: 9 phoneId: 0
D/RegisteredNfcFServicesCache( 4025): Service unchanged, not updating
W/System  (10277): ClassLoader referenced unknown path: /system/priv-app/MusicFX/lib/arm64
I/ActivityManager(  872): Start proc 10299:com.android.vending/u0a30 for broadcast com.android.vending/com.google.android.finsky.receivers.PackageMonitorReceiver$RegisteredReceiver
W/System  (10299): ClassLoader referenced unknown path: /system/priv-app/Phonesky/lib/arm64
W/Finsky  (10299): [1] com.google.android.finsky.FinskyApp.i(1468): No account configured on this device.
W/Finsky  (10299): [1] com.google.android.finsky.FinskyApp.i(1468): No account configured on this device.
W/Finsky  (10299): [1] com.google.android.finsky.FinskyApp.i(1468): No account configured on this device.
W/Finsky  (10299): [1] com.google.android.finsky.FinskyApp.i(1468): No account configured on this device.
I/Finsky  (10299): [1] com.google.android.finsky.FinskyApp.onCreate(430): Initializing network with DFE https://android.clients.google.com/fdfe/
W/Finsky  (10299): [1] com.google.android.finsky.FinskyApp.i(1468): No account configured on this device.
W/Finsky  (10299): [1] com.google.android.finsky.FinskyApp.i(1468): No account configured on this device.
W/Finsky  (10299): [1] com.google.android.finsky.FinskyApp.i(1468): No account configured on this device.
W/Finsky  (10299): [1] com.google.android.finsky.FinskyApp.i(1468): No account configured on this device.
W/Finsky  (10299): [1] com.google.android.finsky.FinskyApp.i(1468): No account configured on this device.
W/Finsky  (10299): [1] com.google.android.finsky.FinskyApp.i(1468): No account configured on this device.
W/Finsky  (10299): [1] com.google.android.finsky.FinskyApp.i(1468): No account configured on this device.
W/Finsky  (10299): [1] com.google.android.finsky.FinskyApp.i(1468): No account configured on this device.
W/Finsky  (10299): [1] com.google.android.finsky.FinskyApp.i(1468): No account configured on this device.
I/Finsky  (10299): [1] com.google.android.finsky.services.DailyHygiene.a(168): Dirty, need more hygiene.
W/Finsky  (10299): [1] com.google.android.finsky.FinskyApp.i(1468): No account configured on this device.
W/Settings(10299): Setting download_manager_max_bytes_over_mobile has moved from android.provider.Settings.Secure to android.provider.Settings.Global.
W/Settings(10299): Setting download_manager_recommended_max_bytes_over_mobile has moved from android.provider.Settings.Secure to android.provider.Settings.Global.
W/Finsky  (10299): [1] com.google.android.finsky.FinskyApp.i(1468): No account configured on this device.
W/Finsky  (10299): [1] com.google.android.finsky.FinskyApp.i(1468): No account configured on this device.
W/Finsky  (10299): [1] com.google.android.finsky.FinskyApp.i(1468): No account configured on this device.
W/Finsky  (10299): [1] com.google.android.finsky.FinskyApp.i(1468): No account configured on this device.
W/Finsky  (10299): [1] com.google.android.finsky.FinskyApp.i(1468): No account configured on this device.
W/Finsky  (10299): [1] com.google.android.finsky.FinskyApp.b(1150): No account configured on this device.
W/Finsky  (10299): [1] com.google.android.finsky.FinskyApp.i(1468): No account configured on this device.
I/Finsky  (10299): [1] com.google.android.finsky.receivers.j.a(1226): Installer kick - no action, not running yet
I/Finsky  (10299): [1] com.google.android.finsky.utils.PermissionPolicies$PermissionPolicyService.onStartCommand(117): post-install permissions check for com.careerbuilder.SugarDrone
W/Finsky  (10299): [1] com.google.android.finsky.FinskyApp.i(1468): No account configured on this device.
W/Finsky  (10299): [388] com.google.android.finsky.FinskyApp.i(1468): No account configured on this device.
I/UpdateIcingCorporaServi( 4160): Updating corpora: APPS=com.careerbuilder.SugarDrone, CONTACTS=MAYBE
I/Finsky  (10299): [1] com.google.android.finsky.utils.bh.run(2302): Package state data is missing for com.careerbuilder.SugarDrone
W/Finsky  (10299): [1] com.google.android.finsky.FinskyApp.i(1468): No account configured on this device.
D/Wear_Controller( 4143): Received broadcast action=android.intent.action.PACKAGE_ADDED and uri=com.careerbuilder.SugarDrone
I/PeopleContactsSync( 4143): triggerPendingContactsCleanup: no accounts
I/Icing   ( 4143): Usage reports 0 indexed 0 rejected 0 imm upload true
I/UpdateIcingCorporaServi( 4160): UpdateCorporaTask done [took 209 ms] updated apps [took 209 ms] 
W/IcingInternalCorpora( 4143): getNumBytesRead when not calculated.
D/AndroidRuntime(10315): >>>>>> START com.android.internal.os.RuntimeInit uid 2000 <<<<<<
D/AndroidRuntime(10315): CheckJNI is OFF
D/ICU     (10315): No timezone override file found: /data/misc/zoneinfo/current/icu/icu_tzdata.dat
I/Icing   ( 4143): Usage reports 0 indexed 0 rejected 0 imm upload false
I/Icing   ( 4143): Usage reports 0 indexed 0 rejected 0 imm upload false
I/Radio-JNI(10315): register_android_hardware_Radio DONE
D/AndroidRuntime(10315): Calling main entry com.android.commands.settings.SettingsCmd
I/Finsky  (10299): [1] com.google.android.finsky.c.l.a(270): result=false type=4
D/AndroidRuntime(10315): Shutting down VM
I/Finsky  (10299): [1] com.google.android.finsky.services.bc.a(1050): Restore complete with 0 success and 0 failed.
W/Finsky  (10299): [388] com.google.android.finsky.FinskyApp.i(1468): No account configured on this device.
I/Icing   ( 4143): Indexing D83460F403678292F2C56FDD13241BD166E4E3FA from com.google.android.googlequicksearchbox
D/AndroidRuntime(10388): >>>>>> START com.android.internal.os.RuntimeInit uid 2000 <<<<<<
D/AndroidRuntime(10388): CheckJNI is OFF
I/Icing   ( 4143): Indexing done D83460F403678292F2C56FDD13241BD166E4E3FA
D/ICU     (10388): No timezone override file found: /data/misc/zoneinfo/current/icu/icu_tzdata.dat
I/Radio-JNI(10388): register_android_hardware_Radio DONE
D/AndroidRuntime(10388): Calling main entry com.android.commands.settings.SettingsCmd
D/AndroidRuntime(10388): Shutting down VM
I/Icing   ( 4143): Indexing CFF8FE80ED56E42D4CB52230EC16365D73D1C21A from com.google.android.gms
I/Icing   ( 4143): Indexing done CFF8FE80ED56E42D4CB52230EC16365D73D1C21A
D/AndroidRuntime(10415): >>>>>> START com.android.internal.os.RuntimeInit uid 2000 <<<<<<
D/AndroidRuntime(10415): CheckJNI is OFF
D/ICU     (10415): No timezone override file found: /data/misc/zoneinfo/current/icu/icu_tzdata.dat
I/Radio-JNI(10415): register_android_hardware_Radio DONE
D/AndroidRuntime(10415): Calling main entry com.android.commands.settings.SettingsCmd
D/AndroidRuntime(10415): Shutting down VM
D/AndroidRuntime(10441): >>>>>> START com.android.internal.os.RuntimeInit uid 2000 <<<<<<
D/AndroidRuntime(10441): CheckJNI is OFF
D/ICU     (10441): No timezone override file found: /data/misc/zoneinfo/current/icu/icu_tzdata.dat
I/Radio-JNI(10441): register_android_hardware_Radio DONE
D/AndroidRuntime(10441): Calling main entry com.android.commands.settings.SettingsCmd
D/AndroidRuntime(10441): Shutting down VM
D/AndroidRuntime(10465): >>>>>> START com.android.internal.os.RuntimeInit uid 2000 <<<<<<
D/AndroidRuntime(10465): CheckJNI is OFF
D/ICU     (10465): No timezone override file found: /data/misc/zoneinfo/current/icu/icu_tzdata.dat
I/Radio-JNI(10465): register_android_hardware_Radio DONE
D/AndroidRuntime(10465): Calling main entry com.android.commands.settings.SettingsCmd
D/AndroidRuntime(10465): Shutting down VM
W/Finsky  (10299): [1] com.google.android.finsky.FinskyApp.i(1468): No account configured on this device.
W/Finsky  (10299): [1] com.google.android.finsky.FinskyApp.i(1468): No account configured on this device.
W/Finsky  (10299): [1] com.google.android.finsky.FinskyApp.i(1468): No account configured on this device.
I/Finsky  (10299): [1] com.google.android.finsky.services.DailyHygiene.a(17227): Beginning daily hygiene, foreground = false
D/AndroidRuntime(10498): >>>>>> START com.android.internal.os.RuntimeInit uid 2000 <<<<<<
D/AndroidRuntime(10498): CheckJNI is OFF
W/Finsky  (10299): [1] com.google.android.finsky.FinskyApp.i(1468): No account configured on this device.
W/Finsky  (10299): [1] com.google.android.finsky.FinskyApp.b(1150): No account configured on this device.
D/ICU     (10498): No timezone override file found: /data/misc/zoneinfo/current/icu/icu_tzdata.dat
I/Radio-JNI(10498): register_android_hardware_Radio DONE
I/ActivityManager(  872): Start proc 10520:com.google.android.gms:car/u0a18 for service com.google.android.gms/.car.CarService
D/AndroidRuntime(10498): Calling main entry com.android.commands.pm.Pm
W/MessageQueue(10498): Handler (android.os.Handler) {8ae3079} sending message to a Handler on a dead thread
W/MessageQueue(10498): java.lang.IllegalStateException: Handler (android.os.Handler) {8ae3079} sending message to a Handler on a dead thread
W/MessageQueue(10498): 	at android.os.MessageQueue.enqueueMessage(MessageQueue.java:543)
W/MessageQueue(10498): 	at android.os.Handler.enqueueMessage(Handler.java:643)
W/MessageQueue(10498): 	at android.os.Handler.sendMessageAtTime(Handler.java:612)
W/MessageQueue(10498): 	at android.os.Handler.sendMessageDelayed(Handler.java:582)
W/MessageQueue(10498): 	at android.os.Handler.post(Handler.java:338)
W/MessageQueue(10498): 	at android.os.ResultReceiver$MyResultReceiver.send(ResultReceiver.java:57)
W/MessageQueue(10498): 	at com.android.internal.os.IResultReceiver$Stub.onTransact(IResultReceiver.java:58)
W/MessageQueue(10498): 	at android.os.Binder.execTransact(Binder.java:565)
I/art     (10498): System.exit called, status: 0
I/AndroidRuntime(10498): VM exiting with result code 0.
I/LoadedApk(10520): No resource references to update in package FFFFFFFFFFFFFFFFFFFFFF
V/JNIHelp (10520): Registering com/google/android/gms/org/conscrypt/NativeCrypto's 242 native methods...
D/NetworkSecurityConfig(10520): No Network Security Config specified, using platform default
I/ProviderInstaller(10520): Installed default security provider GmsCore_OpenSSL
W/ActivityManager(  872): Unable to start service Intent { act=local_action cmp=com.google.android.gms/.car.InCallService2 } U=0: not found
E/CAR.TEL.Service(10520): Failed to bind to InCallService
W/System  (10520): ClassLoader referenced unknown path: 
I/DynamiteModule(10520): Considering local module com.google.android.gms.googlecertificates:2 and remote module com.google.android.gms.googlecertificates:2
I/DynamiteModule(10520): Selected remote version of com.google.android.gms.googlecertificates, version >= 2
W/Finsky  (10299): [1] com.google.android.finsky.FinskyApp.i(1468): No account configured on this device.
W/Finsky  (10299): [1] com.google.android.finsky.FinskyApp.i(1468): No account configured on this device.
W/Finsky  (10299): [1] com.google.android.finsky.FinskyApp.i(1468): No account configured on this device.
W/Finsky  (10299): [1] com.google.android.finsky.FinskyApp.i(1468): No account configured on this device.
W/Finsky  (10299): [1] com.google.android.finsky.FinskyApp.i(1468): No account configured on this device.
I/Finsky  (10299): [1] com.google.android.finsky.wear.WearSupportService.a(161): disabled
W/Finsky  (10299): [1] com.google.android.finsky.FinskyApp.i(1468): No account configured on this device.
I/Finsky  (10299): [1] com.google.android.finsky.services.DailyHygiene.d(590): Logging device features
W/Finsky  (10299): [1] com.google.android.finsky.FinskyApp.i(1468): No account configured on this device.
W/Finsky  (10299): [1] com.google.android.finsky.FinskyApp.i(1468): No account configured on this device.
W/Finsky  (10299): [1] com.google.android.finsky.FinskyApp.i(1468): No account configured on this device.
W/Finsky  (10299): [1] com.google.android.finsky.FinskyApp.i(1468): No account configured on this device.
I/Finsky  (10299): [1] com.google.android.finsky.selfupdate.SelfUpdateCheckerScheduler.a(57): Cancelling accelerated self-Update check
W/InstanceID/Rpc(10299): Found 10018
W/Finsky  (10299): [1] com.google.android.finsky.FinskyApp.i(1468): No account configured on this device.
I/Finsky  (10299): [1] com.google.android.vending.verifier.VerifyInstalledPackagesReceiver.onReceive(42): Verify installed apps requested
I/Finsky  (10299): [393] com.google.android.vending.verifier.ac.a(103): Verifying installed packages
I/Finsky  (10299): [1] com.google.android.vending.verifier.ac.b(136): Done verifying installed packages
I/ActivityManager(  872): Killing 7400:com.google.android.gms.unstable/u0a18 (adj 906): empty #17
D/AndroidRuntime(10592): >>>>>> START com.android.internal.os.RuntimeInit uid 2000 <<<<<<
D/AndroidRuntime(10592): CheckJNI is OFF
D/ICU     (10592): No timezone override file found: /data/misc/zoneinfo/current/icu/icu_tzdata.dat
I/Radio-JNI(10592): register_android_hardware_Radio DONE
D/AndroidRuntime(10592): Calling main entry com.android.commands.pm.Pm
W/MessageQueue(10592): Handler (android.os.Handler) {ff0c0f3} sending message to a Handler on a dead thread
W/MessageQueue(10592): java.lang.IllegalStateException: Handler (android.os.Handler) {ff0c0f3} sending message to a Handler on a dead thread
W/MessageQueue(10592): 	at android.os.MessageQueue.enqueueMessage(MessageQueue.java:543)
W/MessageQueue(10592): 	at android.os.Handler.enqueueMessage(Handler.java:643)
W/MessageQueue(10592): 	at android.os.Handler.sendMessageAtTime(Handler.java:612)
W/MessageQueue(10592): 	at android.os.Handler.sendMessageDelayed(Handler.java:582)
W/MessageQueue(10592): 	at android.os.Handler.post(Handler.java:338)
W/MessageQueue(10592): 	at android.os.ResultReceiver$MyResultReceiver.send(ResultReceiver.java:57)
W/MessageQueue(10592): 	at com.android.internal.os.IResultReceiver$Stub.onTransact(IResultReceiver.java:58)
W/MessageQueue(10592): 	at android.os.Binder.execTransact(Binder.java:565)
I/art     (10592): System.exit called, status: 0
I/AndroidRuntime(10592): VM exiting with result code 0.
W/ActivityManager(  872): Unbind failed: could not find connection for android.os.BinderProxy@48ced33
D/AndroidRuntime(10711): >>>>>> START com.android.internal.os.RuntimeInit uid 2000 <<<<<<
D/AndroidRuntime(10711): CheckJNI is OFF
D/ICU     (10711): No timezone override file found: /data/misc/zoneinfo/current/icu/icu_tzdata.dat
I/Radio-JNI(10711): register_android_hardware_Radio DONE
D/AndroidRuntime(10711): Calling main entry com.android.commands.am.Am
W/ActivityManager(  872): Invalid packageName: com.careerbuilder.SugarDrone.test
D/AndroidRuntime(10711): Shutting down VM
D/AndroidRuntime(10741): >>>>>> START com.android.internal.os.RuntimeInit uid 2000 <<<<<<
D/AndroidRuntime(10741): CheckJNI is OFF
D/ICU     (10741): No timezone override file found: /data/misc/zoneinfo/current/icu/icu_tzdata.dat
I/Radio-JNI(10741): register_android_hardware_Radio DONE
D/AndroidRuntime(10741): Calling main entry com.android.commands.pm.Pm
I/        (  509): free_cache(609973) avail 10789380096
I/PackageManager.DexOptimizer(  872): Running dexopt (dex2oat) on: /data/app/vmdl1988035058.tmp/base.apk pkg=com.careerbuilder.SugarDrone.test isa=arm64 vmSafeMode=false debuggable=false target-filter=interpret-only oatDir = /data/app/vmdl1988035058.tmp/oat sharedLibraries=/system/framework/android.test.runner.jar:/system/framework/com.google.android.maps.jar
I/dex2oat (10770): /system/bin/dex2oat --compiler-filter=interpret-only -j4
I/dex2oat (10770): dex2oat took 635.581ms (threads: 4) arena alloc=57KB (58376B) java alloc=2MB (2262544B) native alloc=2MB (2696728B) free=1974KB (2021864B)
W/PackageManager(  872): Not granting permission android.permission.ACCESS_MOCK_LOCATION to package com.careerbuilder.SugarDrone.test (protectionLevel=2 flags=0x1800be44)
V/BackupManagerService(  872): restoreAtInstall pkg=com.careerbuilder.SugarDrone.test token=6 restoreSet=0
V/BackupManagerService(  872): Finishing install immediately
I/art     (  872): Starting a blocking GC Explicit
I/art     (  872): Explicit concurrent mark sweep GC freed 69446(4MB) AllocSpace objects, 59(3MB) LOS objects, 33% free, 16MB/24MB, paused 1.590ms total 100.994ms
E/        (  509): Couldn't opendir /data/app/vmdl1988035058.tmp: No such file or directory
I/art     (10741): System.exit called, status: 0
I/AndroidRuntime(10741): VM exiting with result code 0.
I/InputReader(  872): Reconfiguring input devices.  changes=0x00000010
W/ActivityManager(  872): Permission Denial: Accessing service ComponentInfo{com.google.android.music/com.google.android.music.dial.DialMediaRouteProviderService} from pid=5206, uid=10085 that is not exported from uid 10071
D/CarrierSvcBindHelper( 3139): No carrier app for: 0
D/CarrierConfigLoader( 3139): mHandler: 9 phoneId: 0
D/RegisteredNfcFServicesCache( 4025): Service unchanged, not updating
I/Finsky  (10299): [1] com.google.android.finsky.utils.PermissionPolicies$PermissionPolicyService.onStartCommand(117): post-install permissions check for com.careerbuilder.SugarDrone.test
W/Finsky  (10299): [1] com.google.android.finsky.FinskyApp.i(1468): No account configured on this device.
I/Finsky  (10299): [1] com.google.android.finsky.utils.bh.run(2302): Package state data is missing for com.careerbuilder.SugarDrone.test
W/Finsky  (10299): [1] com.google.android.finsky.FinskyApp.i(1468): No account configured on this device.
I/UpdateIcingCorporaServi( 4160): Updating corpora: APPS=com.careerbuilder.SugarDrone.test, CONTACTS=MAYBE
I/UpdateIcingCorporaServi( 4160): UpdateCorporaTask done [took 29 ms] updated apps [took 29 ms] 
D/Wear_Controller( 4143): Received broadcast action=android.intent.action.PACKAGE_ADDED and uri=com.careerbuilder.SugarDrone.test
I/PeopleContactsSync( 4143): triggerPendingContactsCleanup: no accounts
W/IcingInternalCorpora( 4143): getNumBytesRead when not calculated.
I/Icing   ( 4143): Usage reports 0 indexed 0 rejected 0 imm upload false
I/Icing   ( 4143): Usage reports 0 indexed 0 rejected 0 imm upload false
D/AndroidRuntime(10824): >>>>>> START com.android.internal.os.RuntimeInit uid 2000 <<<<<<
D/AndroidRuntime(10824): CheckJNI is OFF
D/ICU     (10824): No timezone override file found: /data/misc/zoneinfo/current/icu/icu_tzdata.dat
I/Radio-JNI(10824): register_android_hardware_Radio DONE
D/AndroidRuntime(10824): Calling main entry com.android.commands.settings.SettingsCmd
D/AndroidRuntime(10824): Shutting down VM
I/Icing   ( 4143): Indexing CFF8FE80ED56E42D4CB52230EC16365D73D1C21A from com.google.android.gms
I/Icing   ( 4143): Indexing done CFF8FE80ED56E42D4CB52230EC16365D73D1C21A
D/AndroidRuntime(10853): >>>>>> START com.android.internal.os.RuntimeInit uid 2000 <<<<<<
D/AndroidRuntime(10853): CheckJNI is OFF
D/ICU     (10853): No timezone override file found: /data/misc/zoneinfo/current/icu/icu_tzdata.dat
I/Radio-JNI(10853): register_android_hardware_Radio DONE
D/AndroidRuntime(10853): Calling main entry com.android.commands.settings.SettingsCmd
D/AndroidRuntime(10853): Shutting down VM
D/AndroidRuntime(10880): >>>>>> START com.android.internal.os.RuntimeInit uid 2000 <<<<<<
D/AndroidRuntime(10880): CheckJNI is OFF
D/ICU     (10880): No timezone override file found: /data/misc/zoneinfo/current/icu/icu_tzdata.dat
I/Radio-JNI(10880): register_android_hardware_Radio DONE
D/AndroidRuntime(10880): Calling main entry com.android.commands.settings.SettingsCmd
D/AndroidRuntime(10880): Shutting down VM
D/AndroidRuntime(10906): >>>>>> START com.android.internal.os.RuntimeInit uid 2000 <<<<<<
D/AndroidRuntime(10906): CheckJNI is OFF
D/ICU     (10906): No timezone override file found: /data/misc/zoneinfo/current/icu/icu_tzdata.dat
I/Radio-JNI(10906): register_android_hardware_Radio DONE
D/AndroidRuntime(10906): Calling main entry com.android.commands.settings.SettingsCmd
D/AndroidRuntime(10906): Shutting down VM
D/AndroidRuntime(10930): >>>>>> START com.android.internal.os.RuntimeInit uid 2000 <<<<<<
D/AndroidRuntime(10930): CheckJNI is OFF
D/ICU     (10930): No timezone override file found: /data/misc/zoneinfo/current/icu/icu_tzdata.dat
I/Radio-JNI(10930): register_android_hardware_Radio DONE
D/AndroidRuntime(10930): Calling main entry com.android.commands.settings.SettingsCmd
D/AndroidRuntime(10930): Shutting down VM
D/AndroidRuntime(10963): >>>>>> START com.android.internal.os.RuntimeInit uid 2000 <<<<<<
D/AndroidRuntime(10963): CheckJNI is OFF
D/ICU     (10963): No timezone override file found: /data/misc/zoneinfo/current/icu/icu_tzdata.dat
I/Radio-JNI(10963): register_android_hardware_Radio DONE
D/AndroidRuntime(10963): Calling main entry com.android.commands.pm.Pm
I/art     (10963): System.exit called, status: 0
I/AndroidRuntime(10963): VM exiting with result code 0.
W/MessageQueue(10963): Handler (android.os.Handler) {7216c0c} sending message to a Handler on a dead thread
W/MessageQueue(10963): java.lang.IllegalStateException: Handler (android.os.Handler) {7216c0c} sending message to a Handler on a dead thread
W/MessageQueue(10963): 	at android.os.MessageQueue.enqueueMessage(MessageQueue.java:543)
W/MessageQueue(10963): 	at android.os.Handler.enqueueMessage(Handler.java:643)
W/MessageQueue(10963): 	at android.os.Handler.sendMessageAtTime(Handler.java:612)
W/MessageQueue(10963): 	at android.os.Handler.sendMessageDelayed(Handler.java:582)
W/MessageQueue(10963): 	at android.os.Handler.post(Handler.java:338)
W/MessageQueue(10963): 	at android.os.ResultReceiver$MyResultReceiver.send(ResultReceiver.java:57)
W/MessageQueue(10963): 	at com.android.internal.os.IResultReceiver$Stub.onTransact(IResultReceiver.java:58)
W/MessageQueue(10963): 	at android.os.Binder.execTransact(Binder.java:565)
D/AndroidRuntime(11029): >>>>>> START com.android.internal.os.RuntimeInit uid 2000 <<<<<<
D/AndroidRuntime(11029): CheckJNI is OFF
D/ICU     (11029): No timezone override file found: /data/misc/zoneinfo/current/icu/icu_tzdata.dat
I/Radio-JNI(11029): register_android_hardware_Radio DONE
D/AndroidRuntime(11029): Calling main entry com.android.commands.pm.Pm
I/art     (11029): System.exit called, status: 0
I/AndroidRuntime(11029): VM exiting with result code 0.
W/MessageQueue(11029): Handler (android.os.Handler) {a0544c3} sending message to a Handler on a dead thread
W/MessageQueue(11029): java.lang.IllegalStateException: Handler (android.os.Handler) {a0544c3} sending message to a Handler on a dead thread
W/MessageQueue(11029): 	at android.os.MessageQueue.enqueueMessage(MessageQueue.java:543)
W/MessageQueue(11029): 	at android.os.Handler.enqueueMessage(Handler.java:643)
W/MessageQueue(11029): 	at android.os.Handler.sendMessageAtTime(Handler.java:612)
W/MessageQueue(11029): 	at android.os.Handler.sendMessageDelayed(Handler.java:582)
W/MessageQueue(11029): 	at android.os.Handler.post(Handler.java:338)
W/MessageQueue(11029): 	at android.os.ResultReceiver$MyResultReceiver.send(ResultReceiver.java:57)
W/MessageQueue(11029): 	at com.android.internal.os.IResultReceiver$Stub.onTransact(IResultReceiver.java:58)
W/MessageQueue(11029): 	at android.os.Binder.execTransact(Binder.java:565)
I/ActivityManager(  872): Killing 5506:com.android.printspooler/u0a80 (adj 906): empty #17
D/AndroidRuntime(11141): >>>>>> START com.android.internal.os.RuntimeInit uid 2000 <<<<<<
D/AndroidRuntime(11141): CheckJNI is OFF
D/ICU     (11141): No timezone override file found: /data/misc/zoneinfo/current/icu/icu_tzdata.dat
I/Radio-JNI(11141): register_android_hardware_Radio DONE
D/AndroidRuntime(11141): Calling main entry com.android.commands.input.Input
I/Input   (11141): injectKeyEvent: KeyEvent { action=ACTION_DOWN, keyCode=KEYCODE_BACK, scanCode=0, metaState=0, flags=0x0, repeatCount=0, eventTime=368507, downTime=368507, deviceId=-1, source=0x101 }
I/Input   (11141): injectKeyEvent: KeyEvent { action=ACTION_UP, keyCode=KEYCODE_BACK, scanCode=0, metaState=0, flags=0x0, repeatCount=0, eventTime=368507, downTime=368507, deviceId=-1, source=0x101 }
D/AndroidRuntime(11141): Shutting down VM
D/AndroidRuntime(11198): >>>>>> START com.android.internal.os.RuntimeInit uid 2000 <<<<<<
D/AndroidRuntime(11198): CheckJNI is OFF
D/ICU     (11198): No timezone override file found: /data/misc/zoneinfo/current/icu/icu_tzdata.dat
I/DeviceStateChecker( 4160): screenOn: true, isCharging: true
I/Radio-JNI(11198): register_android_hardware_Radio DONE
W/Finsky  (10299): [386] com.google.android.finsky.FinskyApp.i(1468): No account configured on this device.
I/Finsky  (10299): [386] com.google.android.finsky.c.e.run(1151): Replicating app states via AMAS.
D/AndroidRuntime(11198): Calling main entry com.android.commands.input.Input
I/Input   (11198): injectKeyEvent: KeyEvent { action=ACTION_DOWN, keyCode=KEYCODE_HOME, scanCode=0, metaState=0, flags=0x0, repeatCount=0, eventTime=370305, downTime=370305, deviceId=-1, source=0x101 }
I/Input   (11198): injectKeyEvent: KeyEvent { action=ACTION_UP, keyCode=KEYCODE_HOME, scanCode=0, metaState=0, flags=0x0, repeatCount=0, eventTime=370305, downTime=370305, deviceId=-1, source=0x101 }
I/ActivityManager(  872): START u0 {act=android.intent.action.MAIN cat=[android.intent.category.HOME] flg=0x10200000 cmp=com.google.android.googlequicksearchbox/com.google.android.launcher.GEL (has extras)} from uid 1000 on display 0
D/AndroidRuntime(11198): Shutting down VM
W/SearchService( 4160): Abort, client detached.
I/GEL     ( 4067): handleIntent(Intent { act=android.intent.action.MAIN cat=[android.intent.category.HOME] flg=0x10200000 cmp=com.google.android.googlequicksearchbox/com.google.android.launcher.GEL (has extras) })
I/DeviceStateChecker( 4160): DeviceStateChecker cancelled
I/MicroDetector( 4160): Keeping mic open: false
I/MicrophoneInputStream( 4160): mic_close com.google.android.apps.gsa.speech.audio.ah@8359e3c
E/AudioRecord-JNI( 4160): Error -4 during AudioRecord native read
D/sound_trigger_platform(  505): platform_stdev_check_and_update_concurrency: concurrency active 0, tx 0, rx 0, concurrency session_allowed 1
I/SoundTriggerHwService::Module(  505): void android::SoundTriggerHwService::Module::onCallbackEvent(const sp<android::SoundTriggerHwService::CallbackEvent> &) mClient == 0
I/MicroRecognitionRunner( 4160): Stopping hotword detection.
I/MicroRecognitionRunner( 4160): Detection finished
I/MicroDetectionWorker( 4160): Micro detection mode: [mDetectionMode: [1]].
I/MicroRecognitionRunner( 4160): Starting detection.
I/MicrophoneInputStream( 4160): mic_starting com.google.android.apps.gsa.speech.audio.ah@e141488
I/SoundTriggerHwService::Module(  505): void android::SoundTriggerHwService::Module::onCallbackEvent(const sp<android::SoundTriggerHwService::CallbackEvent> &) mClient == 0
I/AudioFlinger(  505): AudioFlinger's thread 0xf3703680 ready to run
I/MicrophoneInputStream( 4160): mic_started com.google.android.apps.gsa.speech.audio.ah@e141488
E/audio_route(  505): unable to find path 'set-capture-format-default'
D/sound_trigger_platform(  505): platform_stdev_check_and_update_concurrency: concurrency active 0, tx 1, rx 0, concurrency session_allowed 0
I/MicroDetectionWorker( 4160): onReady
I/Finsky  (10299): [386] com.google.android.finsky.c.c.a(311): Completed 0 account content syncs with 0 successful.
I/Finsky  (10299): [1] com.google.android.finsky.services.j.a(149): Installation state replication succeeded.
D/AndroidRuntime(11242): >>>>>> START com.android.internal.os.RuntimeInit uid 2000 <<<<<<
D/AndroidRuntime(11242): CheckJNI is OFF
D/ICU     (11242): No timezone override file found: /data/misc/zoneinfo/current/icu/icu_tzdata.dat
I/Radio-JNI(11242): register_android_hardware_Radio DONE
D/AndroidRuntime(11242): Calling main entry com.android.commands.input.Input
I/Input   (11242): injectKeyEvent: KeyEvent { action=ACTION_DOWN, keyCode=KEYCODE_BACK, scanCode=0, metaState=0, flags=0x0, repeatCount=0, eventTime=371712, downTime=371712, deviceId=-1, source=0x101 }
I/Input   (11242): injectKeyEvent: KeyEvent { action=ACTION_UP, keyCode=KEYCODE_BACK, scanCode=0, metaState=0, flags=0x0, repeatCount=0, eventTime=371712, downTime=371712, deviceId=-1, source=0x101 }
D/AndroidRuntime(11242): Shutting down VM
D/AndroidRuntime(11304): >>>>>> START com.android.internal.os.RuntimeInit uid 2000 <<<<<<
D/AndroidRuntime(11304): CheckJNI is OFF
D/ICU     (11304): No timezone override file found: /data/misc/zoneinfo/current/icu/icu_tzdata.dat
I/Radio-JNI(11304): register_android_hardware_Radio DONE
D/AndroidRuntime(11304): Calling main entry com.android.commands.am.Am
I/ActivityManager(  872): Force stopping com.careerbuilder.SugarDrone appid=14968 user=0: start instr
I/ActivityManager(  872): Start proc 11328:com.careerbuilder.SugarDrone/u0a4968 for added application com.careerbuilder.SugarDrone
I/art     (11328): Late-enabling -Xcheck:jni
W/System  (11328): ClassLoader referenced unknown path: /data/app/com.careerbuilder.SugarDrone.test-1/lib/arm64
W/System  (11328): ClassLoader referenced unknown path: 
W/monodroid(11328): Using override path: /data/user/0/com.careerbuilder.SugarDrone/files/.__override__
W/monodroid(11328): Trying to load sgen from: /data/user/0/com.careerbuilder.SugarDrone/files/.__override__/libmonosgen-2.0.so
W/monodroid(11328): Trying to load sgen from: /storage/emulated/0/Android/data/com.careerbuilder.SugarDrone/files/.__override__/libmonosgen-2.0.so
W/monodroid(11328): Trying to load sgen from: /data/app/com.careerbuilder.SugarDrone-1/lib/arm/libmonosgen-2.0.so
D/Mono    (11328): Image addref mscorlib[0xe5e99220] -> mscorlib.dll[0xe5e8e900]: 2
D/Mono    (11328): Prepared to set up assembly 'mscorlib' (mscorlib.dll)
D/Mono    (11328): AOT module 'mscorlib.dll.so' not found: dlopen failed: library "/data/app/com.careerbuilder.SugarDrone-1/lib/arm/libaot-mscorlib.dll.so" not found
D/Mono    (11328): AOT module '/Users/builder/data/lanes/4009/f3074d2c/source/monodroid/builds/install/mono-armv6/lib/mono/aot-cache/arm/mscorlib.dll.so' not found: dlopen failed: library "/data/app/com.careerbuilder.SugarDrone-1/lib/arm/libaot-mscorlib.dll.so" not found
D/Mono    (11328): Config attempting to parse: 'mscorlib.dll.config'.
D/Mono    (11328): Config attempting to parse: '/Users/builder/data/lanes/4009/f3074d2c/source/monodroid/builds/install/mono-armv6/etc/mono/assemblies/mscorlib/mscorlib.config'.
D/Mono    (11328): Assembly mscorlib[0xe5e99220] added to domain RootDomain, ref_count=1
D/Mono    (11328): Image addref CareerBuilder_Search.Droid[0xe5e992e0] -> CareerBuilder_Search.Droid.dll[0xe5e8f800]: 2
D/Mono    (11328): Prepared to set up assembly 'CareerBuilder_Search.Droid' (CareerBuilder_Search.Droid.dll)
D/Mono    (11328): Assembly CareerBuilder_Search.Droid[0xe5e992e0] added to domain RootDomain, ref_count=1
D/Mono    (11328): AOT module 'CareerBuilder_Search.Droid.dll.so' not found: dlopen failed: library "/data/app/com.careerbuilder.SugarDrone-1/lib/arm/libaot-CareerBuilder_Search.Droid.dll.so" not found
D/Mono    (11328): AOT module '/Users/builder/data/lanes/4009/f3074d2c/source/monodroid/builds/install/mono-armv6/lib/mono/aot-cache/arm/CareerBuilder_Search.Droid.dll.so' not found: dlopen failed: library "/data/app/com.careerbuilder.SugarDrone-1/lib/arm/libaot-CareerBuilder_Search.Droid.dll.so" not found
D/Mono    (11328): Config attempting to parse: 'CareerBuilder_Search.Droid.dll.config'.
D/Mono    (11328): Config attempting to parse: '/Users/builder/data/lanes/4009/f3074d2c/source/monodroid/builds/install/mono-armv6/etc/mono/assemblies/CareerBuilder_Search.Droid/CareerBuilder_Search.Droid.config'.
D/Mono    (11328): Image addref AppsFlyerXamarinBindingAndroid[0xe5e99880] -> AppsFlyerXamarinBindingAndroid.dll[0xe5e8fd00]: 2
D/Mono    (11328): Prepared to set up assembly 'AppsFlyerXamarinBindingAndroid' (AppsFlyerXamarinBindingAndroid.dll)
D/Mono    (11328): Assembly AppsFlyerXamarinBindingAndroid[0xe5e99880] added to domain RootDomain, ref_count=1
D/Mono    (11328): AOT module 'AppsFlyerXamarinBindingAndroid.dll.so' not found: dlopen failed: library "/data/app/com.careerbuilder.SugarDrone-1/lib/arm/libaot-AppsFlyerXamarinBindingAndroid.dll.so" not found
D/Mono    (11328): AOT module '/Users/builder/data/lanes/4009/f3074d2c/source/monodroid/builds/install/mono-armv6/lib/mono/aot-cache/arm/AppsFlyerXamarinBindingAndroid.dll.so' not found: dlopen failed: library "/data/app/com.careerbuilder.SugarDrone-1/lib/arm/libaot-AppsFlyerXamarinBindingAndroid.dll.so" not found
D/Mono    (11328): Config attempting to parse: 'AppsFlyerXamarinBindingAndroid.dll.config'.
D/Mono    (11328): Config attempting to parse: '/Users/builder/data/lanes/4009/f3074d2c/source/monodroid/builds/install/mono-armv6/etc/mono/assemblies/AppsFlyerXamarinBindingAndroid/AppsFlyerXamarinBindingAndroid.config'.
D/Mono    (11328): Image addref HockeySDK[0xe5ed3300] -> HockeySDK.dll[0xe5e90200]: 2
D/Mono    (11328): Prepared to set up assembly 'HockeySDK' (HockeySDK.dll)
D/Mono    (11328): Assembly HockeySDK[0xe5ed3300] added to domain RootDomain, ref_count=1
D/Mono    (11328): AOT module 'HockeySDK.dll.so' not found: dlopen failed: library "/data/app/com.careerbuilder.SugarDrone-1/lib/arm/libaot-HockeySDK.dll.so" not found
D/Mono    (11328): AOT module '/Users/builder/data/lanes/4009/f3074d2c/source/monodroid/builds/install/mono-armv6/lib/mono/aot-cache/arm/HockeySDK.dll.so' not found: dlopen failed: library "/data/app/com.careerbuilder.SugarDrone-1/lib/arm/libaot-HockeySDK.dll.so" not found
D/Mono    (11328): Config attempting to parse: 'HockeySDK.dll.config'.
D/Mono    (11328): Config attempting to parse: '/Users/builder/data/lanes/4009/f3074d2c/source/monodroid/builds/install/mono-armv6/etc/mono/assemblies/HockeySDK/HockeySDK.config'.
D/Mono    (11328): Image addref Akavache[0xe5ed3360] -> Akavache.dll[0xe5e90700]: 2
D/Mono    (11328): Prepared to set up assembly 'Akavache' (Akavache.dll)
D/Mono    (11328): Assembly Akavache[0xe5ed3360] added to domain RootDomain, ref_count=1
D/Mono    (11328): AOT module 'Akavache.dll.so' not found: dlopen failed: library "/data/app/com.careerbuilder.SugarDrone-1/lib/arm/libaot-Akavache.dll.so" not found
D/Mono    (11328): AOT module '/Users/builder/data/lanes/4009/f3074d2c/source/monodroid/builds/install/mono-armv6/lib/mono/aot-cache/arm/Akavache.dll.so' not found: dlopen failed: library "/data/app/com.careerbuilder.SugarDrone-1/lib/arm/libaot-Akavache.dll.so" not found
D/Mono    (11328): Config attempting to parse: 'Akavache.dll.config'.
D/Mono    (11328): Config attempting to parse: '/Users/builder/data/lanes/4009/f3074d2c/source/monodroid/builds/install/mono-armv6/etc/mono/assemblies/Akavache/Akavache.config'.
D/Mono    (11328): Image addref Akavache.Sqlite3[0xe5ed33c0] -> Akavache.Sqlite3.dll[0xe5e90c00]: 2
D/Mono    (11328): Prepared to set up assembly 'Akavache.Sqlite3' (Akavache.Sqlite3.dll)
D/Mono    (11328): Assembly Akavache.Sqlite3[0xe5ed33c0] added to domain RootDomain, ref_count=1
D/Mono    (11328): AOT module 'Akavache.Sqlite3.dll.so' not found: dlopen failed: library "/data/app/com.careerbuilder.SugarDrone-1/lib/arm/libaot-Akavache.Sqlite3.dll.so" not found
D/Mono    (11328): AOT module '/Users/builder/data/lanes/4009/f3074d2c/source/monodroid/builds/install/mono-armv6/lib/mono/aot-cache/arm/Akavache.Sqlite3.dll.so' not found: dlopen failed: library "/data/app/com.careerbuilder.SugarDrone-1/lib/arm/libaot-Akavache.Sqlite3.dll.so" not found
W/        (11328): Symbol file LoadedFromMemory doesn't match image Akavache.Sqlite3.dll
D/Mono    (11328): Config attempting to parse: 'Akavache.Sqlite3.dll.config'.
D/Mono    (11328): Config attempting to parse: '/Users/builder/data/lanes/4009/f3074d2c/source/monodroid/builds/install/mono-armv6/etc/mono/assemblies/Akavache.Sqlite3/Akavache.Sqlite3.config'.
D/Mono    (11328): Image addref Splat[0xe5ed3420] -> Splat.dll[0xe5e91100]: 2
D/Mono    (11328): Prepared to set up assembly 'Splat' (Splat.dll)
D/Mono    (11328): Assembly Splat[0xe5ed3420] added to domain RootDomain, ref_count=1
D/Mono    (11328): AOT module 'Splat.dll.so' not found: dlopen failed: library "/data/app/com.careerbuilder.SugarDrone-1/lib/arm/libaot-Splat.dll.so" not found
D/Mono    (11328): AOT module '/Users/builder/data/lanes/4009/f3074d2c/source/monodroid/builds/install/mono-armv6/lib/mono/aot-cache/arm/Splat.dll.so' not found: dlopen failed: library "/data/app/com.careerbuilder.SugarDrone-1/lib/arm/libaot-Splat.dll.so" not found
D/Mono    (11328): Config attempting to parse: 'Splat.dll.config'.
D/Mono    (11328): Config attempting to parse: '/Users/builder/data/lanes/4009/f3074d2c/source/monodroid/builds/install/mono-armv6/etc/mono/assemblies/Splat/Splat.config'.
D/Mono    (11328): Image addref Microsoft.Practices.ServiceLocation[0xe5ed3600] -> Microsoft.Practices.ServiceLocation.dll[0xe5e91600]: 2
D/Mono    (11328): Prepared to set up assembly 'Microsoft.Practices.ServiceLocation' (Microsoft.Practices.ServiceLocation.dll)
D/Mono    (11328): Assembly Microsoft.Practices.ServiceLocation[0xe5ed3600] added to domain RootDomain, ref_count=1
D/Mono    (11328): AOT module 'Microsoft.Practices.ServiceLocation.dll.so' not found: dlopen failed: library "/data/app/com.careerbuilder.SugarDrone-1/lib/arm/libaot-Microsoft.Practices.ServiceLocation.dll.so" not found
D/Mono    (11328): AOT module '/Users/builder/data/lanes/4009/f3074d2c/source/monodroid/builds/install/mono-armv6/lib/mono/aot-cache/arm/Microsoft.Practices.ServiceLocation.dll.so' not found: dlopen failed: library "/data/app/com.careerbuilder.SugarDrone-1/lib/arm/libaot-Microsoft.Practices.ServiceLocation.dll.so" not found
D/Mono    (11328): Config attempting to parse: 'Microsoft.Practices.ServiceLocation.dll.config'.
D/Mono    (11328): Config attempting to parse: '/Users/builder/data/lanes/4009/f3074d2c/source/monodroid/builds/install/mono-armv6/etc/mono/assemblies/Microsoft.Practices.ServiceLocation/Microsoft.Practices.ServiceLocation.config'.
D/Mono    (11328): Image addref Microsoft.Practices.Unity[0xe5ed36c0] -> Microsoft.Practices.Unity.dll[0xe5e91b00]: 2
D/Mono    (11328): Prepared to set up assembly 'Microsoft.Practices.Unity' (Microsoft.Practices.Unity.dll)
D/Mono    (11328): Assembly Microsoft.Practices.Unity[0xe5ed36c0] added to domain RootDomain, ref_count=1
D/Mono    (11328): AOT module 'Microsoft.Practices.Unity.dll.so' not found: dlopen failed: library "/data/app/com.careerbuilder.SugarDrone-1/lib/arm/libaot-Microsoft.Practices.Unity.dll.so" not found
D/Mono    (11328): AOT module '/Users/builder/data/lanes/4009/f3074d2c/source/monodroid/builds/install/mono-armv6/lib/mono/aot-cache/arm/Microsoft.Practices.Unity.dll.so' not found: dlopen failed: library "/data/app/com.careerbuilder.SugarDrone-1/lib/arm/libaot-Microsoft.Practices.Unity.dll.so" not found
D/Mono    (11328): Config attempting to parse: 'Microsoft.Practices.Unity.dll.config'.
D/Mono    (11328): Config attempting to parse: '/Users/builder/data/lanes/4009/f3074d2c/source/monodroid/builds/install/mono-armv6/etc/mono/assemblies/Microsoft.Practices.Unity/Microsoft.Practices.Unity.config'.
D/Mono    (11328): Image addref Plugin.CurrentActivity[0xe5ed3960] -> Plugin.CurrentActivity.dll[0xded83000]: 2
D/Mono    (11328): Prepared to set up assembly 'Plugin.CurrentActivity' (Plugin.CurrentActivity.dll)
D/Mono    (11328): Assembly Plugin.CurrentActivity[0xe5ed3960] added to domain RootDomain, ref_count=1
D/Mono    (11328): AOT module 'Plugin.CurrentActivity.dll.so' not found: dlopen failed: library "/data/app/com.careerbuilder.SugarDrone-1/lib/arm/libaot-Plugin.CurrentActivity.dll.so" not found
D/Mono    (11328): AOT module '/Users/builder/data/lanes/4009/f3074d2c/source/monodroid/builds/install/mono-armv6/lib/mono/aot-cache/arm/Plugin.CurrentActivity.dll.so' not found: dlopen failed: library "/data/app/com.careerbuilder.SugarDrone-1/lib/arm/libaot-Plugin.CurrentActivity.dll.so" not found
D/Mono    (11328): Config attempting to parse: 'Plugin.CurrentActivity.dll.config'.
D/Mono    (11328): Config attempting to parse: '/Users/builder/data/lanes/4009/f3074d2c/source/monodroid/builds/install/mono-armv6/etc/mono/assemblies/Plugin.CurrentActivity/Plugin.CurrentActivity.config'.
D/Mono    (11328): Image addref Plugin.Permissions[0xe5ed3a20] -> Plugin.Permissions.dll[0xded83500]: 2
D/Mono    (11328): Prepared to set up assembly 'Plugin.Permissions' (Plugin.Permissions.dll)
D/Mono    (11328): Assembly Plugin.Permissions[0xe5ed3a20] added to domain RootDomain, ref_count=1
D/Mono    (11328): AOT module 'Plugin.Permissions.dll.so' not found: dlopen failed: library "/data/app/com.careerbuilder.SugarDrone-1/lib/arm/libaot-Plugin.Permissions.dll.so" not found
D/Mono    (11328): AOT module '/Users/builder/data/lanes/4009/f3074d2c/source/monodroid/builds/install/mono-armv6/lib/mono/aot-cache/arm/Plugin.Permissions.dll.so' not found: dlopen failed: library "/data/app/com.careerbuilder.SugarDrone-1/lib/arm/libaot-Plugin.Permissions.dll.so" not found
D/Mono    (11328): Config attempting to parse: 'Plugin.Permissions.dll.config'.
D/Mono    (11328): Config attempting to parse: '/Users/builder/data/lanes/4009/f3074d2c/source/monodroid/builds/install/mono-armv6/etc/mono/assemblies/Plugin.Permissions/Plugin.Permissions.config'.
D/Mono    (11328): Image addref Plugin.Permissions.Abstractions[0xe5ed3cc0] -> Plugin.Permissions.Abstractions.dll[0xded83a00]: 2
D/Mono    (11328): Prepared to set up assembly 'Plugin.Permissions.Abstractions' (Plugin.Permissions.Abstractions.dll)
D/Mono    (11328): Assembly Plugin.Permissions.Abstractions[0xe5ed3cc0] added to domain RootDomain, ref_count=1
D/Mono    (11328): AOT module 'Plugin.Permissions.Abstractions.dll.so' not found: dlopen failed: library "/data/app/com.careerbuilder.SugarDrone-1/lib/arm/libaot-Plugin.Permissions.Abstractions.dll.so" not found
D/Mono    (11328): AOT module '/Users/builder/data/lanes/4009/f3074d2c/source/monodroid/builds/install/mono-armv6/lib/mono/aot-cache/arm/Plugin.Permissions.Abstractions.dll.so' not found: dlopen failed: library "/data/app/com.careerbuilder.SugarDrone-1/lib/arm/libaot-Plugin.Permissions.Abstractions.dll.so" not found
D/Mono    (11328): Config attempting to parse: 'Plugin.Permissions.Abstractions.dll.config'.
D/Mono    (11328): Config attempting to parse: '/Users/builder/data/lanes/4009/f3074d2c/source/monodroid/builds/install/mono-armv6/etc/mono/assemblies/Plugin.Permissions.Abstractions/Plugin.Permissions.Abstractions.config'.
D/Mono    (11328): Image addref Plugin.Geolocator[0xe5ed3f00] -> Plugin.Geolocator.dll[0xded83f00]: 2
D/Mono    (11328): Prepared to set up assembly 'Plugin.Geolocator' (Plugin.Geolocator.dll)
D/Mono    (11328): Assembly Plugin.Geolocator[0xe5ed3f00] added to domain RootDomain, ref_count=1
D/Mono    (11328): AOT module 'Plugin.Geolocator.dll.so' not found: dlopen failed: library "/data/app/com.careerbuilder.SugarDrone-1/lib/arm/libaot-Plugin.Geolocator.dll.so" not found
D/Mono    (11328): AOT module '/Users/builder/data/lanes/4009/f3074d2c/source/monodroid/builds/install/mono-armv6/lib/mono/aot-cache/arm/Plugin.Geolocator.dll.so' not found: dlopen failed: library "/data/app/com.careerbuilder.SugarDrone-1/lib/arm/libaot-Plugin.Geolocator.dll.so" not found
D/Mono    (11328): Config attempting to parse: 'Plugin.Geolocator.dll.config'.
D/Mono    (11328): Config attempting to parse: '/Users/builder/data/lanes/4009/f3074d2c/source/monodroid/builds/install/mono-armv6/etc/mono/assemblies/Plugin.Geolocator/Plugin.Geolocator.config'.
D/Mono    (11328): Image addref Plugin.Geolocator.Abstractions[0xe5ed41a0] -> Plugin.Geolocator.Abstractions.dll[0xded84400]: 2
D/Mono    (11328): Prepared to set up assembly 'Plugin.Geolocator.Abstractions' (Plugin.Geolocator.Abstractions.dll)
