<![CDATA[
]]><xtc-scenario name="[0-1145]CareerBuilder_Search.DroidFeatureTests.ApplyTests.MultipleChoiceRequiredScreenerShowsWhenPressingApplyAndFieldIsEmpty" id="[0-1145]CareerBuilder_Search.DroidFeatureTests.ApplyTests.MultipleChoiceRequiredScreenerShowsWhenPressingApplyAndFieldIsEmpty"><![CDATA[

]]><xtc-step name="[0-1145]CareerBuilder_Search.DroidFeatureTests.ApplyTests.MultipleChoiceRequiredScreenerShowsWhenPressingApplyAndFieldIsEmpty-MultipleChoiceRequiredScreenerShowsWhenPressingApplyAndFieldIsEmpty" id="[0-1145]CareerBuilder_Search.DroidFeatureTests.ApplyTests.MultipleChoiceRequiredScreenerShowsWhenPressingApplyAndFieldIsEmpty-MultipleChoiceRequiredScreenerShowsWhenPressingApplyAndFieldIsEmpty"><![CDATA[
D/AndroidRuntime( 7982): >>>>>> START com.android.internal.os.RuntimeInit uid 2000 <<<<<<
D/AndroidRuntime( 7982): CheckJNI is OFF
D/ICU     ( 7982): No timezone override file found: /data/misc/zoneinfo/current/icu/icu_tzdata.dat
I/Radio-JNI( 7982): register_android_hardware_Radio DONE
D/AndroidRuntime( 7982): Calling main entry com.android.commands.pm.Pm
I/art     ( 7982): System.exit called, status: 0
I/AndroidRuntime( 7982): VM exiting with result code 0.
W/MessageQueue( 7982): Handler (android.os.Handler) {ea810d2} sending message to a Handler on a dead thread
W/MessageQueue( 7982): java.lang.IllegalStateException: Handler (android.os.Handler) {ea810d2} sending message to a Handler on a dead thread
W/MessageQueue( 7982): 	at android.os.MessageQueue.enqueueMessage(MessageQueue.java:543)
W/MessageQueue( 7982): 	at android.os.Handler.enqueueMessage(Handler.java:643)
W/MessageQueue( 7982): 	at android.os.Handler.sendMessageAtTime(Handler.java:612)
W/MessageQueue( 7982): 	at android.os.Handler.sendMessageDelayed(Handler.java:582)
W/MessageQueue( 7982): 	at android.os.Handler.post(Handler.java:338)
W/MessageQueue( 7982): 	at android.os.ResultReceiver$MyResultReceiver.send(ResultReceiver.java:57)
W/MessageQueue( 7982): 	at com.android.internal.os.IResultReceiver$Stub.onTransact(IResultReceiver.java:58)
W/MessageQueue( 7982): 	at android.os.Binder.execTransact(Binder.java:565)
I/ActivityManager(  875): Killing 6858:com.google.process.gapps/u0a56 (adj 906): empty #17
I/ActivityManager(  875): Killing 5743:com.android.musicfx/u0a29 (adj 906): empty #17
D/AndroidRuntime( 8114): >>>>>> START com.android.internal.os.RuntimeInit uid 2000 <<<<<<
D/AndroidRuntime( 8114): CheckJNI is OFF
D/ICU     ( 8114): No timezone override file found: /data/misc/zoneinfo/current/icu/icu_tzdata.dat
I/Radio-JNI( 8114): register_android_hardware_Radio DONE
D/AndroidRuntime( 8114): Calling main entry com.android.commands.am.Am
W/ActivityManager(  875): Invalid packageName: com.careerbuilder.SugarDrone
D/AndroidRuntime( 8114): Shutting down VM
I/ActivityManager(  875): Killing 5763:com.google.android.apps.docs/u0a52 (adj 906): empty #17
D/AndroidRuntime( 8521): >>>>>> START com.android.internal.os.RuntimeInit uid 2000 <<<<<<
D/AndroidRuntime( 8521): CheckJNI is OFF
D/ICU     ( 8521): No timezone override file found: /data/misc/zoneinfo/current/icu/icu_tzdata.dat
I/Radio-JNI( 8521): register_android_hardware_Radio DONE
D/AndroidRuntime( 8521): Calling main entry com.android.commands.pm.Pm
I/        (  515): free_cache(71723834) avail 11018547200
I/PackageManager.DexOptimizer(  875): Running dexopt (dex2oat) on: /data/app/vmdl1615716585.tmp/base.apk pkg=com.careerbuilder.SugarDrone isa=arm vmSafeMode=false debuggable=true target-filter=interpret-only oatDir = /data/app/vmdl1615716585.tmp/oat sharedLibraries=null
I/dex2oat ( 8572): /system/bin/dex2oat --compiler-filter=interpret-only -j4 --debuggable
W/dex2oat ( 8572): Before Android 4.1, method android.graphics.PorterDuffColorFilter android.support.graphics.drawable.VectorDrawableCompat.updateTintFilter(android.graphics.PorterDuffColorFilter, android.content.res.ColorStateList, android.graphics.PorterDuff$Mode) would have incorrectly overridden the package-private method in android.graphics.drawable.Drawable
W/dex2oat ( 8572): Before Android 4.1, method int android.support.v7.widget.ListViewCompat.lookForSelectablePosition(int, boolean) would have incorrectly overridden the package-private method in android.widget.ListView
I/dex2oat ( 8572): dex2oat took 1.972s (threads: 4) arena alloc=3KB (3792B) java alloc=4MB (5069648B) native alloc=6MB (7315136B) free=2MB (2646336B)
W/PackageManager(  875): Not granting permission android.permission.MANAGE_DOCUMENTS to package com.careerbuilder.SugarDrone (protectionLevel=2 flags=0x3808be46)
W/PackageManager(  875): Not granting permission android.permission.MOUNT_UNMOUNT_FILESYSTEMS to package com.careerbuilder.SugarDrone (protectionLevel=18 flags=0x3808be46)
V/BackupManagerService(  875): restoreAtInstall pkg=com.careerbuilder.SugarDrone token=5 restoreSet=0
V/BackupManagerService(  875): Finishing install immediately
I/art     (  875): Starting a blocking GC Explicit
I/EventLogChimeraService( 4394): Aggregate from 1489635657866 (log), 1489633927320 (data)
I/art     (  875): Explicit concurrent mark sweep GC freed 113871(6MB) AllocSpace objects, 18(952KB) LOS objects, 33% free, 16MB/24MB, paused 1.691ms total 136.444ms
E/        (  515): Couldn't opendir /data/app/vmdl1615716585.tmp: No such file or directory
I/ActivityManager(  875): Start proc 8621:com.android.musicfx/u0a29 for broadcast com.android.musicfx/.Compatibility$Receiver
I/InputReader(  875): Reconfiguring input devices.  changes=0x00000010
W/ActivityManager(  875): Permission Denial: Accessing service ComponentInfo{com.google.android.music/com.google.android.music.dial.DialMediaRouteProviderService} from pid=5294, uid=10085 that is not exported from uid 10071
I/art     ( 8521): System.exit called, status: 0
I/AndroidRuntime( 8521): VM exiting with result code 0.
D/CarrierSvcBindHelper( 3183): No carrier app for: 0
D/CarrierConfigLoader( 3183): mHandler: 9 phoneId: 0
D/RegisteredNfcFServicesCache( 4113): Service unchanged, not updating
W/System  ( 8621): ClassLoader referenced unknown path: /system/priv-app/MusicFX/lib/arm64
I/ActivityManager(  875): Start proc 8645:com.android.vending/u0a30 for broadcast com.android.vending/com.google.android.finsky.receivers.PackageMonitorReceiver$RegisteredReceiver
W/System  ( 8645): ClassLoader referenced unknown path: /system/priv-app/Phonesky/lib/arm64
W/Finsky  ( 8645): [1] com.google.android.finsky.FinskyApp.i(1468): No account configured on this device.
W/Finsky  ( 8645): [1] com.google.android.finsky.FinskyApp.i(1468): No account configured on this device.
W/Finsky  ( 8645): [1] com.google.android.finsky.FinskyApp.i(1468): No account configured on this device.
W/Finsky  ( 8645): [1] com.google.android.finsky.FinskyApp.i(1468): No account configured on this device.
I/Finsky  ( 8645): [1] com.google.android.finsky.FinskyApp.onCreate(430): Initializing network with DFE https://android.clients.google.com/fdfe/
W/Finsky  ( 8645): [1] com.google.android.finsky.FinskyApp.i(1468): No account configured on this device.
W/Finsky  ( 8645): [1] com.google.android.finsky.FinskyApp.i(1468): No account configured on this device.
W/Finsky  ( 8645): [1] com.google.android.finsky.FinskyApp.i(1468): No account configured on this device.
W/Finsky  ( 8645): [1] com.google.android.finsky.FinskyApp.i(1468): No account configured on this device.
W/Finsky  ( 8645): [1] com.google.android.finsky.FinskyApp.i(1468): No account configured on this device.
W/Finsky  ( 8645): [1] com.google.android.finsky.FinskyApp.i(1468): No account configured on this device.
W/Finsky  ( 8645): [1] com.google.android.finsky.FinskyApp.i(1468): No account configured on this device.
W/Finsky  ( 8645): [1] com.google.android.finsky.FinskyApp.i(1468): No account configured on this device.
W/Finsky  ( 8645): [1] com.google.android.finsky.FinskyApp.i(1468): No account configured on this device.
I/Finsky  ( 8645): [1] com.google.android.finsky.services.DailyHygiene.a(171): No need to run daily hygiene.
W/Finsky  ( 8645): [1] com.google.android.finsky.FinskyApp.i(1468): No account configured on this device.
W/Settings( 8645): Setting download_manager_max_bytes_over_mobile has moved from android.provider.Settings.Secure to android.provider.Settings.Global.
W/Settings( 8645): Setting download_manager_recommended_max_bytes_over_mobile has moved from android.provider.Settings.Secure to android.provider.Settings.Global.
W/Finsky  ( 8645): [1] com.google.android.finsky.FinskyApp.i(1468): No account configured on this device.
W/Finsky  ( 8645): [1] com.google.android.finsky.FinskyApp.i(1468): No account configured on this device.
W/Finsky  ( 8645): [1] com.google.android.finsky.FinskyApp.i(1468): No account configured on this device.
W/Finsky  ( 8645): [1] com.google.android.finsky.FinskyApp.i(1468): No account configured on this device.
W/Finsky  ( 8645): [1] com.google.android.finsky.FinskyApp.i(1468): No account configured on this device.
W/Finsky  ( 8645): [1] com.google.android.finsky.FinskyApp.b(1150): No account configured on this device.
W/Finsky  ( 8645): [1] com.google.android.finsky.FinskyApp.i(1468): No account configured on this device.
I/ActivityManager(  875): Start proc 8696:com.google.android.apps.docs/u0a52 for broadcast com.google.android.apps.docs/.receivers.AppPackageAddRemoveReceiver
W/Finsky  ( 8645): [376] com.google.android.finsky.FinskyApp.i(1468): No account configured on this device.
W/System  ( 8696): ClassLoader referenced unknown path: /system/app/Drive/lib/arm64
I/Finsky  ( 8645): [1] com.google.android.finsky.receivers.j.a(1226): Installer kick - no action, not running yet
I/Finsky  ( 8645): [1] com.google.android.finsky.utils.PermissionPolicies$PermissionPolicyService.onStartCommand(117): post-install permissions check for com.careerbuilder.SugarDrone
W/Finsky  ( 8645): [1] com.google.android.finsky.FinskyApp.i(1468): No account configured on this device.
D/AndroidRuntime( 8650): >>>>>> START com.android.internal.os.RuntimeInit uid 2000 <<<<<<
D/AndroidRuntime( 8650): CheckJNI is OFF
I/Finsky  ( 8645): [1] com.google.android.finsky.utils.bh.run(2302): Package state data is missing for com.careerbuilder.SugarDrone
W/Finsky  ( 8645): [1] com.google.android.finsky.FinskyApp.i(1468): No account configured on this device.
D/ICU     ( 8650): No timezone override file found: /data/misc/zoneinfo/current/icu/icu_tzdata.dat
I/Radio-JNI( 8650): register_android_hardware_Radio DONE
I/Finsky  ( 8645): [1] com.google.android.finsky.c.l.a(270): result=false type=4
D/AndroidRuntime( 8650): Calling main entry com.android.commands.settings.SettingsCmd
D/AndroidRuntime( 8650): Shutting down VM
I/Finsky  ( 8645): [1] com.google.android.finsky.services.bc.a(1050): Restore complete with 0 success and 0 failed.
W/Finsky  ( 8645): [376] com.google.android.finsky.FinskyApp.i(1468): No account configured on this device.
I/GAv4    ( 8696): Google Analytics 8.4.87 is starting up. To enable debug logging on a device run:
I/GAv4    ( 8696):   adb shell setprop log.tag.GAv4 DEBUG
I/GAv4    ( 8696):   adb logcat -s GAv4
W/GAv4    ( 8696): AnalyticsReceiver is not registered or is disabled. Register the receiver for reliable dispatching on non-Google Play devices. See http://goo.gl/8Rd3yj for instructions.
W/GAv4    ( 8696): CampaignTrackingReceiver is not registered, not exported or is disabled. Installation campaign tracking is not possible. See http://goo.gl/8Rd3yj for instructions.
W/GAv4    ( 8696): AnalyticsService not registered in the app manifest. Hits might not be delivered reliably. See http://goo.gl/8Rd3yj for instructions.
I/ActivityManager(  875): Killing 5812:com.google.android.partnersetup/u0a25 (adj 906): empty #17
I/ActivityManager(  875): Start proc 8758:com.google.android.partnersetup/u0a25 for broadcast com.google.android.partnersetup/.RlzPingBroadcastReceiver
I/UpdateIcingCorporaServi( 4223): Updating corpora: APPS=com.careerbuilder.SugarDrone, CONTACTS=MAYBE
D/Wear_Controller( 4394): Received broadcast action=android.intent.action.PACKAGE_ADDED and uri=com.careerbuilder.SugarDrone
I/PeopleContactsSync( 4394): triggerPendingContactsCleanup: no accounts
W/System  ( 8758): ClassLoader referenced unknown path: /system/priv-app/GooglePartnerSetup/lib/arm64
D/AndroidRuntime( 8734): >>>>>> START com.android.internal.os.RuntimeInit uid 2000 <<<<<<
D/AndroidRuntime( 8734): CheckJNI is OFF
W/IcingInternalCorpora( 4394): getNumBytesRead when not calculated.
D/ICU     ( 8734): No timezone override file found: /data/misc/zoneinfo/current/icu/icu_tzdata.dat
I/Radio-JNI( 8734): register_android_hardware_Radio DONE
D/AndroidRuntime( 8734): Calling main entry com.android.commands.settings.SettingsCmd
D/AndroidRuntime( 8734): Shutting down VM
I/UpdateIcingCorporaServi( 4223): UpdateCorporaTask done [took 414 ms] updated apps [took 414 ms] 
I/Icing   ( 4394): Usage reports 0 indexed 0 rejected 0 imm upload false
I/Icing   ( 4394): Usage reports 0 indexed 0 rejected 0 imm upload false
I/Icing   ( 4394): Usage reports 0 indexed 0 rejected 0 imm upload true
D/AndroidRuntime( 8794): >>>>>> START com.android.internal.os.RuntimeInit uid 2000 <<<<<<
D/AndroidRuntime( 8794): CheckJNI is OFF
D/ICU     ( 8794): No timezone override file found: /data/misc/zoneinfo/current/icu/icu_tzdata.dat
I/Radio-JNI( 8794): register_android_hardware_Radio DONE
D/AndroidRuntime( 8794): Calling main entry com.android.commands.settings.SettingsCmd
D/AndroidRuntime( 8794): Shutting down VM
I/Icing   ( 4394): Indexing A93BC204CED97BC56E369B60E2D6070ECCBD7CF0 from com.google.android.googlequicksearchbox
I/Icing   ( 4394): Indexing done A93BC204CED97BC56E369B60E2D6070ECCBD7CF0
I/Icing   ( 4394): Indexing 421037E7A4D9C32E439F55E76E0A1D6E234EA9D9 from com.google.android.gms
I/Icing   ( 4394): Indexing done 421037E7A4D9C32E439F55E76E0A1D6E234EA9D9
D/AndroidRuntime( 8824): >>>>>> START com.android.internal.os.RuntimeInit uid 2000 <<<<<<
D/AndroidRuntime( 8824): CheckJNI is OFF
D/ICU     ( 8824): No timezone override file found: /data/misc/zoneinfo/current/icu/icu_tzdata.dat
I/Radio-JNI( 8824): register_android_hardware_Radio DONE
D/AndroidRuntime( 8824): Calling main entry com.android.commands.settings.SettingsCmd
D/AndroidRuntime( 8824): Shutting down VM
D/AndroidRuntime( 8848): >>>>>> START com.android.internal.os.RuntimeInit uid 2000 <<<<<<
D/AndroidRuntime( 8848): CheckJNI is OFF
D/ICU     ( 8848): No timezone override file found: /data/misc/zoneinfo/current/icu/icu_tzdata.dat
I/Radio-JNI( 8848): register_android_hardware_Radio DONE
D/AndroidRuntime( 8848): Calling main entry com.android.commands.settings.SettingsCmd
D/AndroidRuntime( 8848): Shutting down VM
W/PlatformStatsUtil( 4394): Could not retrieve Usage & Diagnostics setting. Giving up.
D/AndroidRuntime( 8879): >>>>>> START com.android.internal.os.RuntimeInit uid 2000 <<<<<<
D/AndroidRuntime( 8879): CheckJNI is OFF
D/ICU     ( 8879): No timezone override file found: /data/misc/zoneinfo/current/icu/icu_tzdata.dat
I/Radio-JNI( 8879): register_android_hardware_Radio DONE
D/AndroidRuntime( 8879): Calling main entry com.android.commands.pm.Pm
W/MessageQueue( 8879): Handler (android.os.Handler) {b7ca297} sending message to a Handler on a dead thread
W/MessageQueue( 8879): java.lang.IllegalStateException: Handler (android.os.Handler) {b7ca297} sending message to a Handler on a dead thread
W/MessageQueue( 8879): 	at android.os.MessageQueue.enqueueMessage(MessageQueue.java:543)
W/MessageQueue( 8879): 	at android.os.Handler.enqueueMessage(Handler.java:643)
W/MessageQueue( 8879): 	at android.os.Handler.sendMessageAtTime(Handler.java:612)
W/MessageQueue( 8879): 	at android.os.Handler.sendMessageDelayed(Handler.java:582)
W/MessageQueue( 8879): 	at android.os.Handler.post(Handler.java:338)
W/MessageQueue( 8879): 	at android.os.ResultReceiver$MyResultReceiver.send(ResultReceiver.java:57)
W/MessageQueue( 8879): 	at com.android.internal.os.IResultReceiver$Stub.onTransact(IResultReceiver.java:58)
W/MessageQueue( 8879): 	at android.os.Binder.execTransact(Binder.java:565)
I/art     ( 8879): System.exit called, status: 0
I/AndroidRuntime( 8879): VM exiting with result code 0.
D/AndroidRuntime( 8939): >>>>>> START com.android.internal.os.RuntimeInit uid 2000 <<<<<<
D/AndroidRuntime( 8939): CheckJNI is OFF
D/ICU     ( 8939): No timezone override file found: /data/misc/zoneinfo/current/icu/icu_tzdata.dat
I/Radio-JNI( 8939): register_android_hardware_Radio DONE
D/AndroidRuntime( 8939): Calling main entry com.android.commands.pm.Pm
W/MessageQueue( 8939): Handler (android.os.Handler) {e607b4e} sending message to a Handler on a dead thread
W/MessageQueue( 8939): java.lang.IllegalStateException: Handler (android.os.Handler) {e607b4e} sending message to a Handler on a dead thread
W/MessageQueue( 8939): 	at android.os.MessageQueue.enqueueMessage(MessageQueue.java:543)
W/MessageQueue( 8939): 	at android.os.Handler.enqueueMessage(Handler.java:643)
W/MessageQueue( 8939): 	at android.os.Handler.sendMessageAtTime(Handler.java:612)
W/MessageQueue( 8939): 	at android.os.Handler.sendMessageDelayed(Handler.java:582)
W/MessageQueue( 8939): 	at android.os.Handler.post(Handler.java:338)
W/MessageQueue( 8939): 	at android.os.ResultReceiver$MyResultReceiver.send(ResultReceiver.java:57)
W/MessageQueue( 8939): 	at com.android.internal.os.IResultReceiver$Stub.onTransact(IResultReceiver.java:58)
W/MessageQueue( 8939): 	at android.os.Binder.execTransact(Binder.java:565)
I/art     ( 8939): System.exit called, status: 0
I/AndroidRuntime( 8939): VM exiting with result code 0.
D/AndroidRuntime( 9023): >>>>>> START com.android.internal.os.RuntimeInit uid 2000 <<<<<<
D/AndroidRuntime( 9023): CheckJNI is OFF
D/ICU     ( 9023): No timezone override file found: /data/misc/zoneinfo/current/icu/icu_tzdata.dat
I/Radio-JNI( 9023): register_android_hardware_Radio DONE
D/AndroidRuntime( 9023): Calling main entry com.android.commands.am.Am
W/ActivityManager(  875): Invalid packageName: com.careerbuilder.SugarDrone.test
D/AndroidRuntime( 9023): Shutting down VM
D/AndroidRuntime( 9054): >>>>>> START com.android.internal.os.RuntimeInit uid 2000 <<<<<<
D/AndroidRuntime( 9054): CheckJNI is OFF
D/ICU     ( 9054): No timezone override file found: /data/misc/zoneinfo/current/icu/icu_tzdata.dat
I/Radio-JNI( 9054): register_android_hardware_Radio DONE
D/AndroidRuntime( 9054): Calling main entry com.android.commands.pm.Pm
I/        (  515): free_cache(609973) avail 11006636032
I/PackageManager.DexOptimizer(  875): Running dexopt (dex2oat) on: /data/app/vmdl753983576.tmp/base.apk pkg=com.careerbuilder.SugarDrone.test isa=arm64 vmSafeMode=false debuggable=false target-filter=interpret-only oatDir = /data/app/vmdl753983576.tmp/oat sharedLibraries=/system/framework/android.test.runner.jar:/system/framework/com.google.android.maps.jar
I/dex2oat ( 9081): /system/bin/dex2oat --compiler-filter=interpret-only -j4
I/dex2oat ( 9081): dex2oat took 628.842ms (threads: 4) arena alloc=62KB (64416B) java alloc=2MB (2257080B) native alloc=2MB (2694960B) free=2MB (2547920B)
W/PackageManager(  875): Not granting permission android.permission.ACCESS_MOCK_LOCATION to package com.careerbuilder.SugarDrone.test (protectionLevel=2 flags=0x1800be44)
V/BackupManagerService(  875): restoreAtInstall pkg=com.careerbuilder.SugarDrone.test token=6 restoreSet=0
V/BackupManagerService(  875): Finishing install immediately
I/art     (  875): Starting a blocking GC Explicit
I/art     (  875): Explicit concurrent mark sweep GC freed 18876(1334KB) AllocSpace objects, 4(80KB) LOS objects, 33% free, 15MB/23MB, paused 1.738ms total 94.014ms
E/        (  515): Couldn't opendir /data/app/vmdl753983576.tmp: No such file or directory
I/art     ( 9054): System.exit called, status: 0
I/AndroidRuntime( 9054): VM exiting with result code 0.
I/InputReader(  875): Reconfiguring input devices.  changes=0x00000010
W/ActivityManager(  875): Permission Denial: Accessing service ComponentInfo{com.google.android.music/com.google.android.music.dial.DialMediaRouteProviderService} from pid=5294, uid=10085 that is not exported from uid 10071
D/CarrierSvcBindHelper( 3183): No carrier app for: 0
D/CarrierConfigLoader( 3183): mHandler: 9 phoneId: 0
D/RegisteredNfcFServicesCache( 4113): Service unchanged, not updating
I/Finsky  ( 8645): [1] com.google.android.finsky.utils.PermissionPolicies$PermissionPolicyService.onStartCommand(117): post-install permissions check for com.careerbuilder.SugarDrone.test
W/Finsky  ( 8645): [1] com.google.android.finsky.FinskyApp.i(1468): No account configured on this device.
I/Finsky  ( 8645): [1] com.google.android.finsky.utils.bh.run(2302): Package state data is missing for com.careerbuilder.SugarDrone.test
W/Finsky  ( 8645): [1] com.google.android.finsky.FinskyApp.i(1468): No account configured on this device.
I/UpdateIcingCorporaServi( 4223): Updating corpora: APPS=com.careerbuilder.SugarDrone.test, CONTACTS=MAYBE
I/UpdateIcingCorporaServi( 4223): UpdateCorporaTask done [took 100 ms] updated apps [took 100 ms] 
I/PeopleContactsSync( 4394): triggerPendingContactsCleanup: no accounts
D/Wear_Controller( 4394): Received broadcast action=android.intent.action.PACKAGE_ADDED and uri=com.careerbuilder.SugarDrone.test
W/IcingInternalCorpora( 4394): getNumBytesRead when not calculated.
I/Icing   ( 4394): Usage reports 0 indexed 0 rejected 0 imm upload false
I/Icing   ( 4394): Usage reports 0 indexed 0 rejected 0 imm upload false
V/JNIHelp ( 8696): Registering com/google/android/gms/org/conscrypt/NativeCrypto's 242 native methods...
D/NetworkSecurityConfig( 8696): No Network Security Config specified, using platform default
I/ProviderInstaller( 8696): Installed default security provider GmsCore_OpenSSL
D/AndroidRuntime( 9119): >>>>>> START com.android.internal.os.RuntimeInit uid 2000 <<<<<<
D/AndroidRuntime( 9119): CheckJNI is OFF
D/ICU     ( 9119): No timezone override file found: /data/misc/zoneinfo/current/icu/icu_tzdata.dat
I/Radio-JNI( 9119): register_android_hardware_Radio DONE
D/AndroidRuntime( 9119): Calling main entry com.android.commands.settings.SettingsCmd
D/AndroidRuntime( 9119): Shutting down VM
I/Icing   ( 4394): Indexing 421037E7A4D9C32E439F55E76E0A1D6E234EA9D9 from com.google.android.gms
I/Icing   ( 4394): Indexing done 421037E7A4D9C32E439F55E76E0A1D6E234EA9D9
D/AndroidRuntime( 9153): >>>>>> START com.android.internal.os.RuntimeInit uid 2000 <<<<<<
D/AndroidRuntime( 9153): CheckJNI is OFF
D/ICU     ( 9153): No timezone override file found: /data/misc/zoneinfo/current/icu/icu_tzdata.dat
I/Radio-JNI( 9153): register_android_hardware_Radio DONE
D/AndroidRuntime( 9153): Calling main entry com.android.commands.settings.SettingsCmd
D/AndroidRuntime( 9153): Shutting down VM
D/AndroidRuntime( 9181): >>>>>> START com.android.internal.os.RuntimeInit uid 2000 <<<<<<
D/AndroidRuntime( 9181): CheckJNI is OFF
I/rmt_storage(  400): rmt_storage_connect_cb: clnt_h=0xc conn_h=0x7eb0c2a210
I/rmt_storage(  400): rmt_storage_rw_iovec_cb: /boot/modem_fs1: clnt_h=0x3: req_h=0xc msg_id=3: R/W request received
I/rmt_storage(  400): wakelock acquired: 1, error no: 42
I/rmt_storage(  400): rmt_storage_client_thread: /boot/modem_fs1: clnt_h=0x3 Unblock worker thread (th_id: 544129283152)
D/ICU     ( 9181): No timezone override file found: /data/misc/zoneinfo/current/icu/icu_tzdata.dat
I/Radio-JNI( 9181): register_android_hardware_Radio DONE
D/AndroidRuntime( 9181): Calling main entry com.android.commands.settings.SettingsCmd
I/rmt_storage(  400): rmt_storage_client_thread: /boot/modem_fs1: clnt_h=0x3: req_h=0xc msg_id=3: Bytes written = 1572864
I/rmt_storage(  400): rmt_storage_client_thread: /boot/modem_fs1: clnt_h=0x3: req_h=0xc msg_id=3: Send response: res=0 err=0
I/rmt_storage(  400): rmt_storage_client_thread: /boot/modem_fs1: clnt_h=0x3 About to block rmt_storage client thread (th_id: 544129283152) wakelock released: 1, error no: 0
I/rmt_storage(  400): 
D/AndroidRuntime( 9181): Shutting down VM
I/rmt_storage(  400): rmt_storage_disconnect_cb: clnt_h=0xc conn_h=0x7eb0c2a210
D/AndroidRuntime( 9207): >>>>>> START com.android.internal.os.RuntimeInit uid 2000 <<<<<<
D/AndroidRuntime( 9207): CheckJNI is OFF
D/ICU     ( 9207): No timezone override file found: /data/misc/zoneinfo/current/icu/icu_tzdata.dat
I/Radio-JNI( 9207): register_android_hardware_Radio DONE
D/AndroidRuntime( 9207): Calling main entry com.android.commands.settings.SettingsCmd
D/AndroidRuntime( 9207): Shutting down VM
D/AndroidRuntime( 9231): >>>>>> START com.android.internal.os.RuntimeInit uid 2000 <<<<<<
D/AndroidRuntime( 9231): CheckJNI is OFF
D/ICU     ( 9231): No timezone override file found: /data/misc/zoneinfo/current/icu/icu_tzdata.dat
I/Radio-JNI( 9231): register_android_hardware_Radio DONE
D/AndroidRuntime( 9231): Calling main entry com.android.commands.settings.SettingsCmd
D/AndroidRuntime( 9231): Shutting down VM
D/AndroidRuntime( 9264): >>>>>> START com.android.internal.os.RuntimeInit uid 2000 <<<<<<
D/AndroidRuntime( 9264): CheckJNI is OFF
D/ICU     ( 9264): No timezone override file found: /data/misc/zoneinfo/current/icu/icu_tzdata.dat
I/Radio-JNI( 9264): register_android_hardware_Radio DONE
D/AndroidRuntime( 9264): Calling main entry com.android.commands.pm.Pm
I/art     ( 9264): System.exit called, status: 0
I/AndroidRuntime( 9264): VM exiting with result code 0.
W/MessageQueue( 9264): Handler (android.os.Handler) {2ad4db0} sending message to a Handler on a dead thread
W/MessageQueue( 9264): java.lang.IllegalStateException: Handler (android.os.Handler) {2ad4db0} sending message to a Handler on a dead thread
W/MessageQueue( 9264): 	at android.os.MessageQueue.enqueueMessage(MessageQueue.java:543)
W/MessageQueue( 9264): 	at android.os.Handler.enqueueMessage(Handler.java:643)
W/MessageQueue( 9264): 	at android.os.Handler.sendMessageAtTime(Handler.java:612)
W/MessageQueue( 9264): 	at android.os.Handler.sendMessageDelayed(Handler.java:582)
W/MessageQueue( 9264): 	at android.os.Handler.post(Handler.java:338)
W/MessageQueue( 9264): 	at android.os.ResultReceiver$MyResultReceiver.send(ResultReceiver.java:57)
W/MessageQueue( 9264): 	at com.android.internal.os.IResultReceiver$Stub.onTransact(IResultReceiver.java:58)
W/MessageQueue( 9264): 	at android.os.Binder.execTransact(Binder.java:565)
D/AndroidRuntime( 9324): >>>>>> START com.android.internal.os.RuntimeInit uid 2000 <<<<<<
D/AndroidRuntime( 9324): CheckJNI is OFF
D/ICU     ( 9324): No timezone override file found: /data/misc/zoneinfo/current/icu/icu_tzdata.dat
I/Radio-JNI( 9324): register_android_hardware_Radio DONE
D/AndroidRuntime( 9324): Calling main entry com.android.commands.pm.Pm
I/art     ( 9324): System.exit called, status: 0
I/AndroidRuntime( 9324): VM exiting with result code 0.
W/MessageQueue( 9324): Handler (android.os.Handler) {5912667} sending message to a Handler on a dead thread
W/MessageQueue( 9324): java.lang.IllegalStateException: Handler (android.os.Handler) {5912667} sending message to a Handler on a dead thread
W/MessageQueue( 9324): 	at android.os.MessageQueue.enqueueMessage(MessageQueue.java:543)
W/MessageQueue( 9324): 	at android.os.Handler.enqueueMessage(Handler.java:643)
W/MessageQueue( 9324): 	at android.os.Handler.sendMessageAtTime(Handler.java:612)
W/MessageQueue( 9324): 	at android.os.Handler.sendMessageDelayed(Handler.java:582)
W/MessageQueue( 9324): 	at android.os.Handler.post(Handler.java:338)
W/MessageQueue( 9324): 	at android.os.ResultReceiver$MyResultReceiver.send(ResultReceiver.java:57)
W/MessageQueue( 9324): 	at com.android.internal.os.IResultReceiver$Stub.onTransact(IResultReceiver.java:58)
W/MessageQueue( 9324): 	at android.os.Binder.execTransact(Binder.java:565)
I/ActivityManager(  875): Killing 7370:com.google.android.gms.unstable/u0a18 (adj 906): empty #17
I/ActivityManager(  875): Killing 5614:com.android.printspooler/u0a80 (adj 906): empty #17
D/AndroidRuntime( 9408): >>>>>> START com.android.internal.os.RuntimeInit uid 2000 <<<<<<
D/AndroidRuntime( 9408): CheckJNI is OFF
D/ICU     ( 9408): No timezone override file found: /data/misc/zoneinfo/current/icu/icu_tzdata.dat
I/Radio-JNI( 9408): register_android_hardware_Radio DONE
D/AndroidRuntime( 9408): Calling main entry com.android.commands.input.Input
I/Input   ( 9408): injectKeyEvent: KeyEvent { action=ACTION_DOWN, keyCode=KEYCODE_BACK, scanCode=0, metaState=0, flags=0x0, repeatCount=0, eventTime=249059, downTime=249059, deviceId=-1, source=0x101 }
I/Input   ( 9408): injectKeyEvent: KeyEvent { action=ACTION_UP, keyCode=KEYCODE_BACK, scanCode=0, metaState=0, flags=0x0, repeatCount=0, eventTime=249059, downTime=249059, deviceId=-1, source=0x101 }
D/AndroidRuntime( 9408): Shutting down VM
D/AndroidRuntime( 9467): >>>>>> START com.android.internal.os.RuntimeInit uid 2000 <<<<<<
D/AndroidRuntime( 9467): CheckJNI is OFF
D/ICU     ( 9467): No timezone override file found: /data/misc/zoneinfo/current/icu/icu_tzdata.dat
I/Radio-JNI( 9467): register_android_hardware_Radio DONE
D/AndroidRuntime( 9467): Calling main entry com.android.commands.input.Input
I/Input   ( 9467): injectKeyEvent: KeyEvent { action=ACTION_DOWN, keyCode=KEYCODE_HOME, scanCode=0, metaState=0, flags=0x0, repeatCount=0, eventTime=250890, downTime=250890, deviceId=-1, source=0x101 }
I/Input   ( 9467): injectKeyEvent: KeyEvent { action=ACTION_UP, keyCode=KEYCODE_HOME, scanCode=0, metaState=0, flags=0x0, repeatCount=0, eventTime=250890, downTime=250890, deviceId=-1, source=0x101 }
I/ActivityManager(  875): START u0 {act=android.intent.action.MAIN cat=[android.intent.category.HOME] flg=0x10200000 cmp=com.google.android.googlequicksearchbox/com.google.android.launcher.GEL (has extras)} from uid 1000 on display 0
D/AndroidRuntime( 9467): Shutting down VM
I/GEL     ( 4169): handleIntent(Intent { act=android.intent.action.MAIN cat=[android.intent.category.HOME] flg=0x10200000 cmp=com.google.android.googlequicksearchbox/com.google.android.launcher.GEL (has extras) })
D/AndroidRuntime( 9505): >>>>>> START com.android.internal.os.RuntimeInit uid 2000 <<<<<<
D/AndroidRuntime( 9505): CheckJNI is OFF
D/ICU     ( 9505): No timezone override file found: /data/misc/zoneinfo/current/icu/icu_tzdata.dat
I/Radio-JNI( 9505): register_android_hardware_Radio DONE
D/AndroidRuntime( 9505): Calling main entry com.android.commands.input.Input
I/Input   ( 9505): injectKeyEvent: KeyEvent { action=ACTION_DOWN, keyCode=KEYCODE_BACK, scanCode=0, metaState=0, flags=0x0, repeatCount=0, eventTime=252281, downTime=252281, deviceId=-1, source=0x101 }
I/Input   ( 9505): injectKeyEvent: KeyEvent { action=ACTION_UP, keyCode=KEYCODE_BACK, scanCode=0, metaState=0, flags=0x0, repeatCount=0, eventTime=252281, downTime=252281, deviceId=-1, source=0x101 }
D/AndroidRuntime( 9505): Shutting down VM
W/Finsky  ( 8645): [374] com.google.android.finsky.FinskyApp.i(1468): No account configured on this device.
I/Finsky  ( 8645): [374] com.google.android.finsky.c.e.run(1151): Replicating app states via AMAS.
I/Finsky  ( 8645): [374] com.google.android.finsky.c.c.a(311): Completed 0 account content syncs with 0 successful.
I/Finsky  ( 8645): [1] com.google.android.finsky.services.j.a(149): Installation state replication succeeded.
D/AndroidRuntime( 9546): >>>>>> START com.android.internal.os.RuntimeInit uid 2000 <<<<<<
D/AndroidRuntime( 9546): CheckJNI is OFF
D/ICU     ( 9546): No timezone override file found: /data/misc/zoneinfo/current/icu/icu_tzdata.dat
I/Radio-JNI( 9546): register_android_hardware_Radio DONE
D/AndroidRuntime( 9546): Calling main entry com.android.commands.am.Am
I/ActivityManager(  875): Force stopping com.careerbuilder.SugarDrone appid=12304 user=0: start instr
I/ActivityManager(  875): Start proc 9571:com.careerbuilder.SugarDrone/u0a2304 for added application com.careerbuilder.SugarDrone
I/art     ( 9571): Late-enabling -Xcheck:jni
W/System  ( 9571): ClassLoader referenced unknown path: /data/app/com.careerbuilder.SugarDrone.test-1/lib/arm64
W/System  ( 9571): ClassLoader referenced unknown path: 
W/monodroid( 9571): Using override path: /data/user/0/com.careerbuilder.SugarDrone/files/.__override__
W/monodroid( 9571): Trying to load sgen from: /data/user/0/com.careerbuilder.SugarDrone/files/.__override__/libmonosgen-2.0.so
W/monodroid( 9571): Trying to load sgen from: /storage/emulated/0/Android/data/com.careerbuilder.SugarDrone/files/.__override__/libmonosgen-2.0.so
W/monodroid( 9571): Trying to load sgen from: /data/app/com.careerbuilder.SugarDrone-1/lib/arm/libmonosgen-2.0.so
D/Mono    ( 9571): Image addref mscorlib[0xe239a380] -> mscorlib.dll[0xee60e900]: 2
D/Mono    ( 9571): Prepared to set up assembly 'mscorlib' (mscorlib.dll)
D/Mono    ( 9571): AOT module 'mscorlib.dll.so' not found: dlopen failed: library "/data/app/com.careerbuilder.SugarDrone-1/lib/arm/libaot-mscorlib.dll.so" not found
D/Mono    ( 9571): AOT module '/Users/builder/data/lanes/4009/f3074d2c/source/monodroid/builds/install/mono-armv6/lib/mono/aot-cache/arm/mscorlib.dll.so' not found: dlopen failed: library "/data/app/com.careerbuilder.SugarDrone-1/lib/arm/libaot-mscorlib.dll.so" not found
D/Mono    ( 9571): Config attempting to parse: 'mscorlib.dll.config'.
D/Mono    ( 9571): Config attempting to parse: '/Users/builder/data/lanes/4009/f3074d2c/source/monodroid/builds/install/mono-armv6/etc/mono/assemblies/mscorlib/mscorlib.config'.
D/Mono    ( 9571): Assembly mscorlib[0xe239a380] added to domain RootDomain, ref_count=1
D/Mono    ( 9571): Image addref CareerBuilder_Search.Droid[0xe239a3e0] -> CareerBuilder_Search.Droid.dll[0xee60f800]: 2
D/Mono    ( 9571): Prepared to set up assembly 'CareerBuilder_Search.Droid' (CareerBuilder_Search.Droid.dll)
D/Mono    ( 9571): Assembly CareerBuilder_Search.Droid[0xe239a3e0] added to domain RootDomain, ref_count=1
D/Mono    ( 9571): AOT module 'CareerBuilder_Search.Droid.dll.so' not found: dlopen failed: library "/data/app/com.careerbuilder.SugarDrone-1/lib/arm/libaot-CareerBuilder_Search.Droid.dll.so" not found
D/Mono    ( 9571): AOT module '/Users/builder/data/lanes/4009/f3074d2c/source/monodroid/builds/install/mono-armv6/lib/mono/aot-cache/arm/CareerBuilder_Search.Droid.dll.so' not found: dlopen failed: library "/data/app/com.careerbuilder.SugarDrone-1/lib/arm/libaot-CareerBuilder_Search.Droid.dll.so" not found
D/Mono    ( 9571): Config attempting to parse: 'CareerBuilder_Search.Droid.dll.config'.
D/Mono    ( 9571): Config attempting to parse: '/Users/builder/data/lanes/4009/f3074d2c/source/monodroid/builds/install/mono-armv6/etc/mono/assemblies/CareerBuilder_Search.Droid/CareerBuilder_Search.Droid.config'.
D/Mono    ( 9571): Image addref AppsFlyerXamarinBindingAndroid[0xe239a440] -> AppsFlyerXamarinBindingAndroid.dll[0xee60fd00]: 2
D/Mono    ( 9571): Prepared to set up assembly 'AppsFlyerXamarinBindingAndroid' (AppsFlyerXamarinBindingAndroid.dll)
D/Mono    ( 9571): Assembly AppsFlyerXamarinBindingAndroid[0xe239a440] added to domain RootDomain, ref_count=1
D/Mono    ( 9571): AOT module 'AppsFlyerXamarinBindingAndroid.dll.so' not found: dlopen failed: library "/data/app/com.careerbuilder.SugarDrone-1/lib/arm/libaot-AppsFlyerXamarinBindingAndroid.dll.so" not found
D/Mono    ( 9571): AOT module '/Users/builder/data/lanes/4009/f3074d2c/source/monodroid/builds/install/mono-armv6/lib/mono/aot-cache/arm/AppsFlyerXamarinBindingAndroid.dll.so' not found: dlopen failed: library "/data/app/com.careerbuilder.SugarDrone-1/lib/arm/libaot-AppsFlyerXamarinBindingAndroid.dll.so" not found
D/Mono    ( 9571): Config attempting to parse: 'AppsFlyerXamarinBindingAndroid.dll.config'.
D/Mono    ( 9571): Config attempting to parse: '/Users/builder/data/lanes/4009/f3074d2c/source/monodroid/builds/install/mono-armv6/etc/mono/assemblies/AppsFlyerXamarinBindingAndroid/AppsFlyerXamarinBindingAndroid.config'.
D/Mono    ( 9571): Image addref HockeySDK[0xe239a4a0] -> HockeySDK.dll[0xee610200]: 2
D/Mono    ( 9571): Prepared to set up assembly 'HockeySDK' (HockeySDK.dll)
D/Mono    ( 9571): Assembly HockeySDK[0xe239a4a0] added to domain RootDomain, ref_count=1
D/Mono    ( 9571): AOT module 'HockeySDK.dll.so' not found: dlopen failed: library "/data/app/com.careerbuilder.SugarDrone-1/lib/arm/libaot-HockeySDK.dll.so" not found
D/Mono    ( 9571): AOT module '/Users/builder/data/lanes/4009/f3074d2c/source/monodroid/builds/install/mono-armv6/lib/mono/aot-cache/arm/HockeySDK.dll.so' not found: dlopen failed: library "/data/app/com.careerbuilder.SugarDrone-1/lib/arm/libaot-HockeySDK.dll.so" not found
D/Mono    ( 9571): Config attempting to parse: 'HockeySDK.dll.config'.
D/Mono    ( 9571): Config attempting to parse: '/Users/builder/data/lanes/4009/f3074d2c/source/monodroid/builds/install/mono-armv6/etc/mono/assemblies/HockeySDK/HockeySDK.config'.
D/Mono    ( 9571): Image addref Akavache[0xe239a500] -> Akavache.dll[0xee610700]: 2
D/Mono    ( 9571): Prepared to set up assembly 'Akavache' (Akavache.dll)
D/Mono    ( 9571): Assembly Akavache[0xe239a500] added to domain RootDomain, ref_count=1
D/Mono    ( 9571): AOT module 'Akavache.dll.so' not found: dlopen failed: library "/data/app/com.careerbuilder.SugarDrone-1/lib/arm/libaot-Akavache.dll.so" not found
D/Mono    ( 9571): AOT module '/Users/builder/data/lanes/4009/f3074d2c/source/monodroid/builds/install/mono-armv6/lib/mono/aot-cache/arm/Akavache.dll.so' not found: dlopen failed: library "/data/app/com.careerbuilder.SugarDrone-1/lib/arm/libaot-Akavache.dll.so" not found
D/Mono    ( 9571): Config attempting to parse: 'Akavache.dll.config'.
D/Mono    ( 9571): Config attempting to parse: '/Users/builder/data/lanes/4009/f3074d2c/source/monodroid/builds/install/mono-armv6/etc/mono/assemblies/Akavache/Akavache.config'.
D/Mono    ( 9571): Image addref Akavache.Sqlite3[0xe239a560] -> Akavache.Sqlite3.dll[0xee610c00]: 2
D/Mono    ( 9571): Prepared to set up assembly 'Akavache.Sqlite3' (Akavache.Sqlite3.dll)
D/Mono    ( 9571): Assembly Akavache.Sqlite3[0xe239a560] added to domain RootDomain, ref_count=1
D/Mono    ( 9571): AOT module 'Akavache.Sqlite3.dll.so' not found: dlopen failed: library "/data/app/com.careerbuilder.SugarDrone-1/lib/arm/libaot-Akavache.Sqlite3.dll.so" not found
D/Mono    ( 9571): AOT module '/Users/builder/data/lanes/4009/f3074d2c/source/monodroid/builds/install/mono-armv6/lib/mono/aot-cache/arm/Akavache.Sqlite3.dll.so' not found: dlopen failed: library "/data/app/com.careerbuilder.SugarDrone-1/lib/arm/libaot-Akavache.Sqlite3.dll.so" not found
W/        ( 9571): Symbol file LoadedFromMemory doesn't match image Akavache.Sqlite3.dll
D/Mono    ( 9571): Config attempting to parse: 'Akavache.Sqlite3.dll.config'.
D/Mono    ( 9571): Config attempting to parse: '/Users/builder/data/lanes/4009/f3074d2c/source/monodroid/builds/install/mono-armv6/etc/mono/assemblies/Akavache.Sqlite3/Akavache.Sqlite3.config'.
D/Mono    ( 9571): Image addref Splat[0xe239a5c0] -> Splat.dll[0xee611100]: 2
D/Mono    ( 9571): Prepared to set up assembly 'Splat' (Splat.dll)
D/Mono    ( 9571): Assembly Splat[0xe239a5c0] added to domain RootDomain, ref_count=1
D/Mono    ( 9571): AOT module 'Splat.dll.so' not found: dlopen failed: library "/data/app/com.careerbuilder.SugarDrone-1/lib/arm/libaot-Splat.dll.so" not found
D/Mono    ( 9571): AOT module '/Users/builder/data/lanes/4009/f3074d2c/source/monodroid/builds/install/mono-armv6/lib/mono/aot-cache/arm/Splat.dll.so' not found: dlopen failed: library "/data/app/com.careerbuilder.SugarDrone-1/lib/arm/libaot-Splat.dll.so" not found
D/Mono    ( 9571): Config attempting to parse: 'Splat.dll.config'.
D/Mono    ( 9571): Config attempting to parse: '/Users/builder/data/lanes/4009/f3074d2c/source/monodroid/builds/install/mono-armv6/etc/mono/assemblies/Splat/Splat.config'.
D/Mono    ( 9571): Image addref Microsoft.Practices.ServiceLocation[0xe239a620] -> Microsoft.Practices.ServiceLocation.dll[0xee611600]: 2
D/Mono    ( 9571): Prepared to set up assembly 'Microsoft.Practices.ServiceLocation' (Microsoft.Practices.ServiceLocation.dll)
D/Mono    ( 9571): Assembly Microsoft.Practices.ServiceLocation[0xe239a620] added to domain RootDomain, ref_count=1
D/Mono    ( 9571): AOT module 'Microsoft.Practices.ServiceLocation.dll.so' not found: dlopen failed: library "/data/app/com.careerbuilder.SugarDrone-1/lib/arm/libaot-Microsoft.Practices.ServiceLocation.dll.so" not found
D/Mono    ( 9571): AOT module '/Users/builder/data/lanes/4009/f3074d2c/source/monodroid/builds/install/mono-armv6/lib/mono/aot-cache/arm/Microsoft.Practices.ServiceLocation.dll.so' not found: dlopen failed: library "/data/app/com.careerbuilder.SugarDrone-1/lib/arm/libaot-Microsoft.Practices.ServiceLocation.dll.so" not found
D/Mono    ( 9571): Config attempting to parse: 'Microsoft.Practices.ServiceLocation.dll.config'.
D/Mono    ( 9571): Config attempting to parse: '/Users/builder/data/lanes/4009/f3074d2c/source/monodroid/builds/install/mono-armv6/etc/mono/assemblies/Microsoft.Practices.ServiceLocation/Microsoft.Practices.ServiceLocation.config'.
D/Mono    ( 9571): Image addref Microsoft.Practices.Unity[0xe239a680] -> Microsoft.Practices.Unity.dll[0xee611b00]: 2
D/Mono    ( 9571): Prepared to set up assembly 'Microsoft.Practices.Unity' (Microsoft.Practices.Unity.dll)
D/Mono    ( 9571): Assembly Microsoft.Practices.Unity[0xe239a680] added to domain RootDomain, ref_count=1
D/Mono    ( 9571): AOT module 'Microsoft.Practices.Unity.dll.so' not found: dlopen failed: library "/data/app/com.careerbuilder.SugarDrone-1/lib/arm/libaot-Microsoft.Practices.Unity.dll.so" not found
D/Mono    ( 9571): AOT module '/Users/builder/data/lanes/4009/f3074d2c/source/monodroid/builds/install/mono-armv6/lib/mono/aot-cache/arm/Microsoft.Practices.Unity.dll.so' not found: dlopen failed: library "/data/app/com.careerbuilder.SugarDrone-1/lib/arm/libaot-Microsoft.Practices.Unity.dll.so" not found
D/Mono    ( 9571): Config attempting to parse: 'Microsoft.Practices.Unity.dll.config'.
D/Mono    ( 9571): Config attempting to parse: '/Users/builder/data/lanes/4009/f3074d2c/source/monodroid/builds/install/mono-armv6/etc/mono/assemblies/Microsoft.Practices.Unity/Microsoft.Practices.Unity.config'.
D/Mono    ( 9571): Image addref Plugin.CurrentActivity[0xe239a6e0] -> Plugin.CurrentActivity.dll[0xe23f8000]: 2
D/Mono    ( 9571): Prepared to set up assembly 'Plugin.CurrentActivity' (Plugin.CurrentActivity.dll)
D/Mono    ( 9571): Assembly Plugin.CurrentActivity[0xe239a6e0] added to domain RootDomain, ref_count=1
D/Mono    ( 9571): AOT module 'Plugin.CurrentActivity.dll.so' not found: dlopen failed: library "/data/app/com.careerbuilder.SugarDrone-1/lib/arm/libaot-Plugin.CurrentActivity.dll.so" not found
D/Mono    ( 9571): AOT module '/Users/builder/data/lanes/4009/f3074d2c/source/monodroid/builds/install/mono-armv6/lib/mono/aot-cache/arm/Plugin.CurrentActivity.dll.so' not found: dlopen failed: library "/data/app/com.careerbuilder.SugarDrone-1/lib/arm/libaot-Plugin.CurrentActivity.dll.so" not found
D/Mono    ( 9571): Config attempting to parse: 'Plugin.CurrentActivity.dll.config'.
D/Mono    ( 9571): Config attempting to parse: '/Users/builder/data/lanes/4009/f3074d2c/source/monodroid/builds/install/mono-armv6/etc/mono/assemblies/Plugin.CurrentActivity/Plugin.CurrentActivity.config'.
D/Mono    ( 9571): Image addref Plugin.Permissions[0xe239a740] -> Plugin.Permissions.dll[0xe23f8500]: 2
D/Mono    ( 9571): Prepared to set up assembly 'Plugin.Permissions' (Plugin.Permissions.dll)
D/Mono    ( 9571): Assembly Plugin.Permissions[0xe239a740] added to domain RootDomain, ref_count=1
D/Mono    ( 9571): AOT module 'Plugin.Permissions.dll.so' not found: dlopen failed: library "/data/app/com.careerbuilder.SugarDrone-1/lib/arm/libaot-Plugin.Permissions.dll.so" not found
D/Mono    ( 9571): AOT module '/Users/builder/data/lanes/4009/f3074d2c/source/monodroid/builds/install/mono-armv6/lib/mono/aot-cache/arm/Plugin.Permissions.dll.so' not found: dlopen failed: library "/data/app/com.careerbuilder.SugarDrone-1/lib/arm/libaot-Plugin.Permissions.dll.so" not found
D/Mono    ( 9571): Config attempting to parse: 'Plugin.Permissions.dll.config'.
D/Mono    ( 9571): Config attempting to parse: '/Users/builder/data/lanes/4009/f3074d2c/source/monodroid/builds/install/mono-armv6/etc/mono/assemblies/Plugin.Permissions/Plugin.Permissions.config'.
D/Mono    ( 9571): Image addref Plugin.Permissions.Abstractions[0xe239a7a0] -> Plugin.Permissions.Abstractions.dll[0xe23f8a00]: 2
D/Mono    ( 9571): Prepared to set up assembly 'Plugin.Permissions.Abstractions' (Plugin.Permissions.Abstractions.dll)
D/Mono    ( 9571): Assembly Plugin.Permissions.Abstractions[0xe239a7a0] added to domain RootDomain, ref_count=1
D/Mono    ( 9571): AOT module 'Plugin.Permissions.Abstractions.dll.so' not found: dlopen failed: library "/data/app/com.careerbuilder.SugarDrone-1/lib/arm/libaot-Plugin.Permissions.Abstractions.dll.so" not found
D/Mono    ( 9571): AOT module '/Users/builder/data/lanes/4009/f3074d2c/source/monodroid/builds/install/mono-armv6/lib/mono/aot-cache/arm/Plugin.Permissions.Abstractions.dll.so' not found: dlopen failed: library "/data/app/com.careerbuilder.SugarDrone-1/lib/arm/libaot-Plugin.Permissions.Abstractions.dll.so" not found
D/Mono    ( 9571): Config attempting to parse: 'Plugin.Permissions.Abstractions.dll.config'.
D/Mono    ( 9571): Config attempting to parse: '/Users/builder/data/lanes/4009/f3074d2c/source/monodroid/builds/install/mono-armv6/etc/mono/assemblies/Plugin.Permissions.Abstractions/Plugin.Permissions.Abstractions.config'.
D/Mono    ( 9571): Image addref Plugin.Geolocator[0xe239a800] -> Plugin.Geolocator.dll[0xe23f8f00]: 2
D/Mono    ( 9571): Prepared to set up assembly 'Plugin.Geolocator' (Plugin.Geolocator.dll)
D/Mono    ( 9571): Assembly Plugin.Geolocator[0xe239a800] added to domain RootDomain, ref_count=1
D/Mono    ( 9571): AOT module 'Plugin.Geolocator.dll.so' not found: dlopen failed: library "/data/app/com.careerbuilder.SugarDrone-1/lib/arm/libaot-Plugin.Geolocator.dll.so" not found
D/Mono    ( 9571): AOT module '/Users/builder/data/lanes/4009/f3074d2c/source/monodroid/builds/install/mono-armv6/lib/mono/aot-cache/arm/Plugin.Geolocator.dll.so' not found: dlopen failed: library "/data/app/com.careerbuilder.SugarDrone-1/lib/arm/libaot-Plugin.Geolocator.dll.so" not found
D/Mono    ( 9571): Config attempting to parse: 'Plugin.Geolocator.dll.config'.
D/Mono    ( 9571): Config attempting to parse: '/Users/builder/data/lanes/4009/f3074d2c/source/monodroid/builds/install/mono-armv6/etc/mono/assemblies/Plugin.Geolocator/Plugin.Geolocator.config'.
D/Mono    ( 9571): Image addref Plugin.Geolocator.Abstractions[0xe239a860] -> Plugin.Geolocator.Abstractions.dll[0xe23f9400]: 2
D/Mono    ( 9571): Prepared to set up assembly 'Plugin.Geolocator.Abstractions' (Plugin.Geolocator.Abstractions.dll)
D/Mono    ( 9571): Assembly Plugin.Geolocator.Abstractions[0xe239a860] added to domain RootDomain, ref_count=1
D/Mono    ( 9571): AOT module 'Plugin.Geolocator.Abstractions.dll.so' not found: dlopen failed: library "/data/app/com.careerbuilder.SugarDrone-1/lib/arm/libaot-Plugin.Geolocator.Abstractions.dll.so" not found
D/Mono    ( 9571): AOT module '/Users/builder/data/lanes/4009/f3074d2c/source/monodroid/builds/install/mono-armv6/lib/mono/aot-cache/arm/Plugin.Geolocator.Abstractions.dll.so' not found: dlopen failed: library "/data/app/com.careerbuilder.SugarDrone-1/lib/arm/libaot-Plugin.Geolocator.Abstractions.dll.so" not found
D/Mono    ( 9571): Config attempting to parse: 'Plugin.Geolocator.Abstractions.dll.config'.
D/Mono    ( 9571): Config attempting to parse: '/Users/builder/data/lanes/4009/f3074d2c/source/monodroid/builds/install/mono-armv6/etc/mono/assemblies/Plugin.Geolocator.Abstractions/Plugin.Geolocator.Abstractions.config'.
D/Mono    ( 9571): Image addref Plugin.DeviceInfo[0xe239a8c0] -> Plugin.DeviceInfo.dll[0xe23f9900]: 2
D/Mono    ( 9571): Prepared to set up assembly 'Plugin.DeviceInfo' (Plugin.DeviceInfo.dll)
D/Mono    ( 9571): Assembly Plugin.DeviceInfo[0xe239a8c0] added to domain RootDomain, ref_count=1
D/Mono    ( 9571): AOT module 'Plugin.DeviceInfo.dll.so' not found: dlopen failed: library "/data/app/com.careerbuilder.SugarDrone-1/lib/arm/libaot-Plugin.DeviceInfo.dll.so" not found
D/Mono    ( 9571): AOT module '/Users/builder/data/lanes/4009/f3074d2c/source/monodroid/builds/install/mono-armv6/lib/mono/aot-cache/arm/Plugin.DeviceInfo.dll.so' not found: dlopen failed: library "/data/app/com.careerbuilder.SugarDrone-1/lib/arm/libaot-Plugin.DeviceInfo.dll.so" not found
D/Mono    ( 9571): Config attempting to parse: 'Plugin.DeviceInfo.dll.config'.
D/Mono    ( 9571): Config attempting to parse: '/Users/builder/data/lanes/4009/f3074d2c/source/monodroid/builds/install/mono-armv6/etc/mono/assemblies/Plugin.DeviceInfo/Plugin.DeviceInfo.config'.
D/Mono    ( 9571): Image addref Plugin.DeviceInfo.Abstractions[0xe239a920] -> Plugin.DeviceInfo.Abstractions.dll[0xe23f9e00]: 2
D/Mono    ( 9571): Prepared to set up assembly 'Plugin.DeviceInfo.Abstractions' (Plugin.DeviceInfo.Abstractions.dll)
D/Mono    ( 9571): Assembly Plugin.DeviceInfo.Abstractions[0xe239a920] added to domain RootDomain, ref_count=1
D/Mono    ( 9571): AOT module 'Plugin.DeviceInfo.Abstractions.dll.so' not found: dlopen failed: library "/data/app/com.careerbuilder.SugarDrone-1/lib/arm/libaot-Plugin.DeviceInfo.Abstractions.dll.so" not found
D/Mono    ( 9571): AOT module '/Users/builder/data/lanes/4009/f3074d2c/source/monodroid/builds/install/mono-armv6/lib/mono/aot-cache/arm/Plugin.DeviceInfo.Abstractions.dll.so' not found: dlopen failed: library "/data/app/com.careerbuilder.SugarDrone-1/lib/arm/libaot-Plugin.DeviceInfo.Abstractions.dll.so" not found
D/Mono    ( 9571): Config attempting to parse: 'Plugin.DeviceInfo.Abstractions.dll.config'.
D/Mono    ( 9571): Config attempting to parse: '/Users/builder/data/lanes/4009/f3074d2c/source/monodroid/builds/install/mono-armv6/etc/mono/assemblies/Plugin.DeviceInfo.Abstractions/Plugin.DeviceInfo.Abstractions.config'.
D/Mono    ( 9571): Image addref Xamarin.GooglePlayServices.Analytics[0xe239a980] -> Xamarin.GooglePlayServices.Analytics.dll[0xe23fa300]: 2
