<![CDATA[
]]><xtc-scenario name="[0-1143]CareerBuilder_Search.DroidFeatureTests.ApplyTests.NumberScreenerRequiredShowsWhenPressingApplyAndFieldIsEmpty" id="[0-1143]CareerBuilder_Search.DroidFeatureTests.ApplyTests.NumberScreenerRequiredShowsWhenPressingApplyAndFieldIsEmpty"><![CDATA[

]]><xtc-step name="[0-1143]CareerBuilder_Search.DroidFeatureTests.ApplyTests.NumberScreenerRequiredShowsWhenPressingApplyAndFieldIsEmpty-NumberScreenerRequiredShowsWhenPressingApplyAndFieldIsEmpty" id="[0-1143]CareerBuilder_Search.DroidFeatureTests.ApplyTests.NumberScreenerRequiredShowsWhenPressingApplyAndFieldIsEmpty-NumberScreenerRequiredShowsWhenPressingApplyAndFieldIsEmpty"><![CDATA[
D/AndroidRuntime( 8048): >>>>>> START com.android.internal.os.RuntimeInit uid 2000 <<<<<<
D/AndroidRuntime( 8048): CheckJNI is OFF
D/ICU     ( 8048): No timezone override file found: /data/misc/zoneinfo/current/icu/icu_tzdata.dat
I/Radio-JNI( 8048): register_android_hardware_Radio DONE
D/AndroidRuntime( 8048): Calling main entry com.android.commands.pm.Pm
W/MessageQueue( 8048): Handler (android.os.Handler) {3b0941a} sending message to a Handler on a dead thread
W/MessageQueue( 8048): java.lang.IllegalStateException: Handler (android.os.Handler) {3b0941a} sending message to a Handler on a dead thread
W/MessageQueue( 8048): 	at android.os.MessageQueue.enqueueMessage(MessageQueue.java:543)
W/MessageQueue( 8048): 	at android.os.Handler.enqueueMessage(Handler.java:643)
W/MessageQueue( 8048): 	at android.os.Handler.sendMessageAtTime(Handler.java:612)
W/MessageQueue( 8048): 	at android.os.Handler.sendMessageDelayed(Handler.java:582)
W/MessageQueue( 8048): 	at android.os.Handler.post(Handler.java:338)
W/MessageQueue( 8048): 	at android.os.ResultReceiver$MyResultReceiver.send(ResultReceiver.java:57)
W/MessageQueue( 8048): 	at com.android.internal.os.IResultReceiver$Stub.onTransact(IResultReceiver.java:58)
W/MessageQueue( 8048): 	at android.os.Binder.execTransact(Binder.java:565)
I/art     ( 8048): System.exit called, status: 0
I/AndroidRuntime( 8048): VM exiting with result code 0.
I/ActivityManager(  957): Killing 5808:com.android.musicfx/u0a29 (adj 906): empty #17
I/ActivityManager(  957): Killing 6940:com.google.process.gapps/u0a56 (adj 906): empty #18
D/AndroidRuntime( 8236): >>>>>> START com.android.internal.os.RuntimeInit uid 2000 <<<<<<
D/AndroidRuntime( 8236): CheckJNI is OFF
D/ICU     ( 8236): No timezone override file found: /data/misc/zoneinfo/current/icu/icu_tzdata.dat
I/Radio-JNI( 8236): register_android_hardware_Radio DONE
D/AndroidRuntime( 8236): Calling main entry com.android.commands.am.Am
W/ActivityManager(  957): Invalid packageName: com.careerbuilder.SugarDrone
D/AndroidRuntime( 8236): Shutting down VM
I/ActivityManager(  957): Killing 5829:com.google.android.apps.docs/u0a52 (adj 906): empty #17
D/AndroidRuntime( 8698): >>>>>> START com.android.internal.os.RuntimeInit uid 2000 <<<<<<
D/AndroidRuntime( 8698): CheckJNI is OFF
D/ICU     ( 8698): No timezone override file found: /data/misc/zoneinfo/current/icu/icu_tzdata.dat
I/Radio-JNI( 8698): register_android_hardware_Radio DONE
D/AndroidRuntime( 8698): Calling main entry com.android.commands.pm.Pm
I/        (  510): free_cache(71723834) avail 10792284160
I/PackageManager.DexOptimizer(  957): Running dexopt (dex2oat) on: /data/app/vmdl1385023093.tmp/base.apk pkg=com.careerbuilder.SugarDrone isa=arm vmSafeMode=false debuggable=true target-filter=interpret-only oatDir = /data/app/vmdl1385023093.tmp/oat sharedLibraries=null
I/dex2oat ( 8752): /system/bin/dex2oat --compiler-filter=interpret-only -j4 --debuggable
W/dex2oat ( 8752): Before Android 4.1, method android.graphics.PorterDuffColorFilter android.support.graphics.drawable.VectorDrawableCompat.updateTintFilter(android.graphics.PorterDuffColorFilter, android.content.res.ColorStateList, android.graphics.PorterDuff$Mode) would have incorrectly overridden the package-private method in android.graphics.drawable.Drawable
W/dex2oat ( 8752): Before Android 4.1, method int android.support.v7.widget.ListViewCompat.lookForSelectablePosition(int, boolean) would have incorrectly overridden the package-private method in android.widget.ListView
I/dex2oat ( 8752): dex2oat took 1.976s (threads: 4) arena alloc=29KB (29984B) java alloc=4MB (5073712B) native alloc=6MB (7312768B) free=3MB (3172992B)
W/PackageManager(  957): Not granting permission android.permission.MANAGE_DOCUMENTS to package com.careerbuilder.SugarDrone (protectionLevel=2 flags=0x3808be46)
W/PackageManager(  957): Not granting permission android.permission.MOUNT_UNMOUNT_FILESYSTEMS to package com.careerbuilder.SugarDrone (protectionLevel=18 flags=0x3808be46)
V/BackupManagerService(  957): restoreAtInstall pkg=com.careerbuilder.SugarDrone token=5 restoreSet=0
V/BackupManagerService(  957): Finishing install immediately
I/art     (  957): Starting a blocking GC Explicit
I/art     (  957): Explicit concurrent mark sweep GC freed 37476(2MB) AllocSpace objects, 5(260KB) LOS objects, 33% free, 16MB/24MB, paused 1.635ms total 99.070ms
E/        (  510): Couldn't opendir /data/app/vmdl1385023093.tmp: No such file or directory
D/PackageInstaller(  957): Ignoring abandon after commit relinquished control
I/art     ( 8698): System.exit called, status: 0
I/AndroidRuntime( 8698): VM exiting with result code 0.
I/ActivityManager(  957): Start proc 8799:com.android.musicfx/u0a29 for broadcast com.android.musicfx/.Compatibility$Receiver
W/ActivityManager(  957): Permission Denial: Accessing service ComponentInfo{com.google.android.music/com.google.android.music.dial.DialMediaRouteProviderService} from pid=5371, uid=10085 that is not exported from uid 10071
I/InputReader(  957): Reconfiguring input devices.  changes=0x00000010
D/CarrierSvcBindHelper( 3283): No carrier app for: 0
D/CarrierConfigLoader( 3283): mHandler: 9 phoneId: 0
D/RegisteredNfcFServicesCache( 4230): Service unchanged, not updating
W/System  ( 8799): ClassLoader referenced unknown path: /system/priv-app/MusicFX/lib/arm64
I/ActivityManager(  957): Start proc 8821:com.android.vending/u0a30 for broadcast com.android.vending/com.google.android.finsky.receivers.PackageMonitorReceiver$RegisteredReceiver
W/System  ( 8821): ClassLoader referenced unknown path: /system/priv-app/Phonesky/lib/arm64
W/Finsky  ( 8821): [1] com.google.android.finsky.FinskyApp.i(1468): No account configured on this device.
W/Finsky  ( 8821): [1] com.google.android.finsky.FinskyApp.i(1468): No account configured on this device.
W/Finsky  ( 8821): [1] com.google.android.finsky.FinskyApp.i(1468): No account configured on this device.
W/Finsky  ( 8821): [1] com.google.android.finsky.FinskyApp.i(1468): No account configured on this device.
I/Finsky  ( 8821): [1] com.google.android.finsky.FinskyApp.onCreate(430): Initializing network with DFE https://android.clients.google.com/fdfe/
W/Finsky  ( 8821): [1] com.google.android.finsky.FinskyApp.i(1468): No account configured on this device.
W/Finsky  ( 8821): [1] com.google.android.finsky.FinskyApp.i(1468): No account configured on this device.
W/Finsky  ( 8821): [1] com.google.android.finsky.FinskyApp.i(1468): No account configured on this device.
W/Finsky  ( 8821): [1] com.google.android.finsky.FinskyApp.i(1468): No account configured on this device.
W/Finsky  ( 8821): [1] com.google.android.finsky.FinskyApp.i(1468): No account configured on this device.
W/Finsky  ( 8821): [1] com.google.android.finsky.FinskyApp.i(1468): No account configured on this device.
W/Finsky  ( 8821): [1] com.google.android.finsky.FinskyApp.i(1468): No account configured on this device.
W/Finsky  ( 8821): [1] com.google.android.finsky.FinskyApp.i(1468): No account configured on this device.
W/Finsky  ( 8821): [1] com.google.android.finsky.FinskyApp.i(1468): No account configured on this device.
I/Finsky  ( 8821): [1] com.google.android.finsky.services.DailyHygiene.a(171): No need to run daily hygiene.
W/Finsky  ( 8821): [1] com.google.android.finsky.FinskyApp.i(1468): No account configured on this device.
W/Settings( 8821): Setting download_manager_max_bytes_over_mobile has moved from android.provider.Settings.Secure to android.provider.Settings.Global.
W/Settings( 8821): Setting download_manager_recommended_max_bytes_over_mobile has moved from android.provider.Settings.Secure to android.provider.Settings.Global.
W/Finsky  ( 8821): [1] com.google.android.finsky.FinskyApp.i(1468): No account configured on this device.
W/Finsky  ( 8821): [1] com.google.android.finsky.FinskyApp.i(1468): No account configured on this device.
W/Finsky  ( 8821): [1] com.google.android.finsky.FinskyApp.i(1468): No account configured on this device.
W/Finsky  ( 8821): [1] com.google.android.finsky.FinskyApp.i(1468): No account configured on this device.
W/Finsky  ( 8821): [1] com.google.android.finsky.FinskyApp.i(1468): No account configured on this device.
W/Finsky  ( 8821): [1] com.google.android.finsky.FinskyApp.b(1150): No account configured on this device.
W/Finsky  ( 8821): [1] com.google.android.finsky.FinskyApp.i(1468): No account configured on this device.
W/Finsky  ( 8821): [376] com.google.android.finsky.FinskyApp.i(1468): No account configured on this device.
I/ActivityManager(  957): Start proc 8875:com.google.android.apps.docs/u0a52 for broadcast com.google.android.apps.docs/.receivers.AppPackageAddRemoveReceiver
I/Finsky  ( 8821): [1] com.google.android.finsky.receivers.j.a(1226): Installer kick - no action, not running yet
I/Finsky  ( 8821): [1] com.google.android.finsky.utils.PermissionPolicies$PermissionPolicyService.onStartCommand(117): post-install permissions check for com.careerbuilder.SugarDrone
W/Finsky  ( 8821): [1] com.google.android.finsky.FinskyApp.i(1468): No account configured on this device.
D/AndroidRuntime( 8836): >>>>>> START com.android.internal.os.RuntimeInit uid 2000 <<<<<<
I/Finsky  ( 8821): [1] com.google.android.finsky.utils.bh.run(2302): Package state data is missing for com.careerbuilder.SugarDrone
W/Finsky  ( 8821): [1] com.google.android.finsky.FinskyApp.i(1468): No account configured on this device.
D/AndroidRuntime( 8836): CheckJNI is OFF
W/System  ( 8875): ClassLoader referenced unknown path: /system/app/Drive/lib/arm64
D/ICU     ( 8836): No timezone override file found: /data/misc/zoneinfo/current/icu/icu_tzdata.dat
I/Finsky  ( 8821): [1] com.google.android.finsky.c.l.a(270): result=false type=4
I/Finsky  ( 8821): [1] com.google.android.finsky.services.bc.a(1050): Restore complete with 0 success and 0 failed.
I/Radio-JNI( 8836): register_android_hardware_Radio DONE
D/AndroidRuntime( 8836): Calling main entry com.android.commands.settings.SettingsCmd
D/AndroidRuntime( 8836): Shutting down VM
W/Finsky  ( 8821): [376] com.google.android.finsky.FinskyApp.i(1468): No account configured on this device.
I/GAv4    ( 8875): Google Analytics 8.4.87 is starting up. To enable debug logging on a device run:
I/GAv4    ( 8875):   adb shell setprop log.tag.GAv4 DEBUG
I/GAv4    ( 8875):   adb logcat -s GAv4
W/GAv4    ( 8875): AnalyticsReceiver is not registered or is disabled. Register the receiver for reliable dispatching on non-Google Play devices. See http://goo.gl/8Rd3yj for instructions.
W/GAv4    ( 8875): CampaignTrackingReceiver is not registered, not exported or is disabled. Installation campaign tracking is not possible. See http://goo.gl/8Rd3yj for instructions.
W/GAv4    ( 8875): AnalyticsService not registered in the app manifest. Hits might not be delivered reliably. See http://goo.gl/8Rd3yj for instructions.
I/ActivityManager(  957): Killing 4461:com.google.android.partnersetup/u0a25 (adj 906): empty #17
I/ActivityManager(  957): Start proc 8928:com.google.android.partnersetup/u0a25 for broadcast com.google.android.partnersetup/.RlzPingBroadcastReceiver
I/UpdateIcingCorporaServi( 5875): Updating corpora: APPS=com.careerbuilder.SugarDrone, CONTACTS=MAYBE
W/System  ( 8928): ClassLoader referenced unknown path: /system/priv-app/GooglePartnerSetup/lib/arm64
I/PeopleContactsSync( 4543): triggerPendingContactsCleanup: no accounts
D/Wear_Controller( 4543): Received broadcast action=android.intent.action.PACKAGE_ADDED and uri=com.careerbuilder.SugarDrone
W/IcingInternalCorpora( 4543): getNumBytesRead when not calculated.
D/AndroidRuntime( 8906): >>>>>> START com.android.internal.os.RuntimeInit uid 2000 <<<<<<
D/AndroidRuntime( 8906): CheckJNI is OFF
D/ICU     ( 8906): No timezone override file found: /data/misc/zoneinfo/current/icu/icu_tzdata.dat
I/Radio-JNI( 8906): register_android_hardware_Radio DONE
I/Icing   ( 4543): Usage reports 0 indexed 0 rejected 0 imm upload true
D/AndroidRuntime( 8906): Calling main entry com.android.commands.settings.SettingsCmd
D/AndroidRuntime( 8906): Shutting down VM
I/UpdateIcingCorporaServi( 5875): UpdateCorporaTask done [took 417 ms] updated apps [took 417 ms] 
I/Icing   ( 4543): Usage reports 0 indexed 0 rejected 0 imm upload false
I/Icing   ( 4543): Usage reports 0 indexed 0 rejected 0 imm upload false
D/AndroidRuntime( 8974): >>>>>> START com.android.internal.os.RuntimeInit uid 2000 <<<<<<
D/AndroidRuntime( 8974): CheckJNI is OFF
D/ICU     ( 8974): No timezone override file found: /data/misc/zoneinfo/current/icu/icu_tzdata.dat
I/Radio-JNI( 8974): register_android_hardware_Radio DONE
D/AndroidRuntime( 8974): Calling main entry com.android.commands.settings.SettingsCmd
D/AndroidRuntime( 8974): Shutting down VM
I/Icing   ( 4543): Indexing C2CE3B9D8B360B0C5A25C2BEF223F6CB5449AD6A from com.google.android.googlequicksearchbox
I/Icing   ( 4543): Indexing done C2CE3B9D8B360B0C5A25C2BEF223F6CB5449AD6A
I/Icing   ( 4543): Indexing AB6E3D00885C5CBD00E6A1959F599F05594069D7 from com.google.android.gms
I/Icing   ( 4543): Indexing done AB6E3D00885C5CBD00E6A1959F599F05594069D7
D/AndroidRuntime( 9000): >>>>>> START com.android.internal.os.RuntimeInit uid 2000 <<<<<<
D/AndroidRuntime( 9000): CheckJNI is OFF
D/ICU     ( 9000): No timezone override file found: /data/misc/zoneinfo/current/icu/icu_tzdata.dat
I/Radio-JNI( 9000): register_android_hardware_Radio DONE
D/AndroidRuntime( 9000): Calling main entry com.android.commands.settings.SettingsCmd
D/AndroidRuntime( 9000): Shutting down VM
D/AndroidRuntime( 9026): >>>>>> START com.android.internal.os.RuntimeInit uid 2000 <<<<<<
D/AndroidRuntime( 9026): CheckJNI is OFF
D/ICU     ( 9026): No timezone override file found: /data/misc/zoneinfo/current/icu/icu_tzdata.dat
I/Radio-JNI( 9026): register_android_hardware_Radio DONE
D/AndroidRuntime( 9026): Calling main entry com.android.commands.settings.SettingsCmd
D/AndroidRuntime( 9026): Shutting down VM
D/AndroidRuntime( 9057): >>>>>> START com.android.internal.os.RuntimeInit uid 2000 <<<<<<
D/AndroidRuntime( 9057): CheckJNI is OFF
D/ICU     ( 9057): No timezone override file found: /data/misc/zoneinfo/current/icu/icu_tzdata.dat
I/Radio-JNI( 9057): register_android_hardware_Radio DONE
D/AndroidRuntime( 9057): Calling main entry com.android.commands.pm.Pm
I/art     ( 9057): System.exit called, status: 0
I/AndroidRuntime( 9057): VM exiting with result code 0.
W/MessageQueue( 9057): Handler (android.os.Handler) {64cd74d} sending message to a Handler on a dead thread
W/MessageQueue( 9057): java.lang.IllegalStateException: Handler (android.os.Handler) {64cd74d} sending message to a Handler on a dead thread
W/MessageQueue( 9057): 	at android.os.MessageQueue.enqueueMessage(MessageQueue.java:543)
W/MessageQueue( 9057): 	at android.os.Handler.enqueueMessage(Handler.java:643)
W/MessageQueue( 9057): 	at android.os.Handler.sendMessageAtTime(Handler.java:612)
W/MessageQueue( 9057): 	at android.os.Handler.sendMessageDelayed(Handler.java:582)
W/MessageQueue( 9057): 	at android.os.Handler.post(Handler.java:338)
W/MessageQueue( 9057): 	at android.os.ResultReceiver$MyResultReceiver.send(ResultReceiver.java:57)
W/MessageQueue( 9057): 	at com.android.internal.os.IResultReceiver$Stub.onTransact(IResultReceiver.java:58)
W/MessageQueue( 9057): 	at android.os.Binder.execTransact(Binder.java:565)
D/AndroidRuntime( 9119): >>>>>> START com.android.internal.os.RuntimeInit uid 2000 <<<<<<
D/AndroidRuntime( 9119): CheckJNI is OFF
D/ICU     ( 9119): No timezone override file found: /data/misc/zoneinfo/current/icu/icu_tzdata.dat
I/Radio-JNI( 9119): register_android_hardware_Radio DONE
D/AndroidRuntime( 9119): Calling main entry com.android.commands.pm.Pm
W/MessageQueue( 9119): Handler (android.os.Handler) {930b004} sending message to a Handler on a dead thread
W/MessageQueue( 9119): java.lang.IllegalStateException: Handler (android.os.Handler) {930b004} sending message to a Handler on a dead thread
W/MessageQueue( 9119): 	at android.os.MessageQueue.enqueueMessage(MessageQueue.java:543)
W/MessageQueue( 9119): 	at android.os.Handler.enqueueMessage(Handler.java:643)
W/MessageQueue( 9119): 	at android.os.Handler.sendMessageAtTime(Handler.java:612)
W/MessageQueue( 9119): 	at android.os.Handler.sendMessageDelayed(Handler.java:582)
W/MessageQueue( 9119): 	at android.os.Handler.post(Handler.java:338)
W/MessageQueue( 9119): 	at android.os.ResultReceiver$MyResultReceiver.send(ResultReceiver.java:57)
W/MessageQueue( 9119): 	at com.android.internal.os.IResultReceiver$Stub.onTransact(IResultReceiver.java:58)
W/MessageQueue( 9119): 	at android.os.Binder.execTransact(Binder.java:565)
I/art     ( 9119): System.exit called, status: 0
I/AndroidRuntime( 9119): VM exiting with result code 0.
I/rmt_storage(  394): rmt_storage_connect_cb: clnt_h=0xc conn_h=0x7595e2a000
I/rmt_storage(  394): rmt_storage_rw_iovec_cb: /boot/modem_fs1: clnt_h=0xc: req_h=0xc msg_id=3: R/W request received
I/rmt_storage(  394): wakelock acquired: 1, error no: 42
I/rmt_storage(  394): rmt_storage_client_thread: /boot/modem_fs1: clnt_h=0xc Unblock worker thread (th_id: 505024083024)
I/rmt_storage(  394): rmt_storage_client_thread: /boot/modem_fs1: clnt_h=0xc: req_h=0xc msg_id=3: Bytes written = 1572864
I/rmt_storage(  394): rmt_storage_client_thread: /boot/modem_fs1: clnt_h=0xc: req_h=0xc msg_id=3: Send response: res=0 err=0
I/rmt_storage(  394): rmt_storage_client_thread: /boot/modem_fs1: clnt_h=0xc About to block rmt_storage client thread (th_id: 505024083024) wakelock released: 1, error no: 22
I/rmt_storage(  394): 
I/rmt_storage(  394): rmt_storage_disconnect_cb: clnt_h=0xc conn_h=0x7595e2a000
D/AndroidRuntime( 9198): >>>>>> START com.android.internal.os.RuntimeInit uid 2000 <<<<<<
D/AndroidRuntime( 9198): CheckJNI is OFF
D/ICU     ( 9198): No timezone override file found: /data/misc/zoneinfo/current/icu/icu_tzdata.dat
I/Radio-JNI( 9198): register_android_hardware_Radio DONE
D/AndroidRuntime( 9198): Calling main entry com.android.commands.am.Am
W/ActivityManager(  957): Invalid packageName: com.careerbuilder.SugarDrone.test
D/AndroidRuntime( 9198): Shutting down VM
D/AndroidRuntime( 9230): >>>>>> START com.android.internal.os.RuntimeInit uid 2000 <<<<<<
D/AndroidRuntime( 9230): CheckJNI is OFF
D/ICU     ( 9230): No timezone override file found: /data/misc/zoneinfo/current/icu/icu_tzdata.dat
I/Radio-JNI( 9230): register_android_hardware_Radio DONE
D/AndroidRuntime( 9230): Calling main entry com.android.commands.pm.Pm
I/        (  510): free_cache(609973) avail 10780409856
I/PackageManager.DexOptimizer(  957): Running dexopt (dex2oat) on: /data/app/vmdl2060795243.tmp/base.apk pkg=com.careerbuilder.SugarDrone.test isa=arm64 vmSafeMode=false debuggable=false target-filter=interpret-only oatDir = /data/app/vmdl2060795243.tmp/oat sharedLibraries=/system/framework/android.test.runner.jar:/system/framework/com.google.android.maps.jar
I/dex2oat ( 9259): /system/bin/dex2oat --compiler-filter=interpret-only -j4
I/dex2oat ( 9259): dex2oat took 627.976ms (threads: 4) arena alloc=64KB (65624B) java alloc=2MB (2249992B) native alloc=2MB (2693768B) free=2MB (2549112B)
W/PackageManager(  957): Not granting permission android.permission.ACCESS_MOCK_LOCATION to package com.careerbuilder.SugarDrone.test (protectionLevel=2 flags=0x1800be44)
V/BackupManagerService(  957): restoreAtInstall pkg=com.careerbuilder.SugarDrone.test token=6 restoreSet=0
V/BackupManagerService(  957): Finishing install immediately
I/art     (  957): Starting a blocking GC Explicit
I/art     (  957): Explicit concurrent mark sweep GC freed 63431(4MB) AllocSpace objects, 61(3MB) LOS objects, 33% free, 16MB/24MB, paused 1.584ms total 102.351ms
E/        (  510): Couldn't opendir /data/app/vmdl2060795243.tmp: No such file or directory
I/art     ( 9230): System.exit called, status: 0
I/AndroidRuntime( 9230): VM exiting with result code 0.
W/ActivityManager(  957): Permission Denial: Accessing service ComponentInfo{com.google.android.music/com.google.android.music.dial.DialMediaRouteProviderService} from pid=5371, uid=10085 that is not exported from uid 10071
I/InputReader(  957): Reconfiguring input devices.  changes=0x00000010
D/CarrierSvcBindHelper( 3283): No carrier app for: 0
D/CarrierConfigLoader( 3283): mHandler: 9 phoneId: 0
D/RegisteredNfcFServicesCache( 4230): Service unchanged, not updating
I/Finsky  ( 8821): [1] com.google.android.finsky.utils.PermissionPolicies$PermissionPolicyService.onStartCommand(117): post-install permissions check for com.careerbuilder.SugarDrone.test
W/Finsky  ( 8821): [1] com.google.android.finsky.FinskyApp.i(1468): No account configured on this device.
I/Finsky  ( 8821): [1] com.google.android.finsky.utils.bh.run(2302): Package state data is missing for com.careerbuilder.SugarDrone.test
W/Finsky  ( 8821): [1] com.google.android.finsky.FinskyApp.i(1468): No account configured on this device.
I/UpdateIcingCorporaServi( 5875): Updating corpora: APPS=com.careerbuilder.SugarDrone.test, CONTACTS=MAYBE
I/UpdateIcingCorporaServi( 5875): UpdateCorporaTask done [took 89 ms] updated apps [took 89 ms] 
I/PeopleContactsSync( 4543): triggerPendingContactsCleanup: no accounts
D/Wear_Controller( 4543): Received broadcast action=android.intent.action.PACKAGE_ADDED and uri=com.careerbuilder.SugarDrone.test
W/IcingInternalCorpora( 4543): getNumBytesRead when not calculated.
I/Icing   ( 4543): Usage reports 0 indexed 0 rejected 0 imm upload false
I/Icing   ( 4543): Usage reports 0 indexed 0 rejected 0 imm upload false
V/JNIHelp ( 8875): Registering com/google/android/gms/org/conscrypt/NativeCrypto's 242 native methods...
D/NetworkSecurityConfig( 8875): No Network Security Config specified, using platform default
I/ProviderInstaller( 8875): Installed default security provider GmsCore_OpenSSL
D/AndroidRuntime( 9303): >>>>>> START com.android.internal.os.RuntimeInit uid 2000 <<<<<<
D/AndroidRuntime( 9303): CheckJNI is OFF
D/ICU     ( 9303): No timezone override file found: /data/misc/zoneinfo/current/icu/icu_tzdata.dat
I/Radio-JNI( 9303): register_android_hardware_Radio DONE
D/AndroidRuntime( 9303): Calling main entry com.android.commands.settings.SettingsCmd
D/AndroidRuntime( 9303): Shutting down VM
I/Icing   ( 4543): Indexing AB6E3D00885C5CBD00E6A1959F599F05594069D7 from com.google.android.gms
I/Icing   ( 4543): Indexing done AB6E3D00885C5CBD00E6A1959F599F05594069D7
D/AndroidRuntime( 9334): >>>>>> START com.android.internal.os.RuntimeInit uid 2000 <<<<<<
D/AndroidRuntime( 9334): CheckJNI is OFF
D/ICU     ( 9334): No timezone override file found: /data/misc/zoneinfo/current/icu/icu_tzdata.dat
I/Radio-JNI( 9334): register_android_hardware_Radio DONE
D/AndroidRuntime( 9334): Calling main entry com.android.commands.settings.SettingsCmd
D/AndroidRuntime( 9334): Shutting down VM
D/AndroidRuntime( 9363): >>>>>> START com.android.internal.os.RuntimeInit uid 2000 <<<<<<
D/AndroidRuntime( 9363): CheckJNI is OFF
D/ICU     ( 9363): No timezone override file found: /data/misc/zoneinfo/current/icu/icu_tzdata.dat
I/Radio-JNI( 9363): register_android_hardware_Radio DONE
D/AndroidRuntime( 9363): Calling main entry com.android.commands.settings.SettingsCmd
D/AndroidRuntime( 9363): Shutting down VM
D/AndroidRuntime( 9390): >>>>>> START com.android.internal.os.RuntimeInit uid 2000 <<<<<<
D/AndroidRuntime( 9390): CheckJNI is OFF
D/ICU     ( 9390): No timezone override file found: /data/misc/zoneinfo/current/icu/icu_tzdata.dat
I/Radio-JNI( 9390): register_android_hardware_Radio DONE
D/AndroidRuntime( 9390): Calling main entry com.android.commands.settings.SettingsCmd
D/AndroidRuntime( 9390): Shutting down VM
D/AndroidRuntime( 9414): >>>>>> START com.android.internal.os.RuntimeInit uid 2000 <<<<<<
D/AndroidRuntime( 9414): CheckJNI is OFF
D/ICU     ( 9414): No timezone override file found: /data/misc/zoneinfo/current/icu/icu_tzdata.dat
I/Radio-JNI( 9414): register_android_hardware_Radio DONE
D/AndroidRuntime( 9414): Calling main entry com.android.commands.settings.SettingsCmd
D/AndroidRuntime( 9414): Shutting down VM
D/AndroidRuntime( 9446): >>>>>> START com.android.internal.os.RuntimeInit uid 2000 <<<<<<
D/AndroidRuntime( 9446): CheckJNI is OFF
D/ICU     ( 9446): No timezone override file found: /data/misc/zoneinfo/current/icu/icu_tzdata.dat
I/Radio-JNI( 9446): register_android_hardware_Radio DONE
D/AndroidRuntime( 9446): Calling main entry com.android.commands.pm.Pm
W/MessageQueue( 9446): Handler (android.os.Handler) {d7d8266} sending message to a Handler on a dead thread
W/MessageQueue( 9446): java.lang.IllegalStateException: Handler (android.os.Handler) {d7d8266} sending message to a Handler on a dead thread
W/MessageQueue( 9446): 	at android.os.MessageQueue.enqueueMessage(MessageQueue.java:543)
W/MessageQueue( 9446): 	at android.os.Handler.enqueueMessage(Handler.java:643)
W/MessageQueue( 9446): 	at android.os.Handler.sendMessageAtTime(Handler.java:612)
W/MessageQueue( 9446): 	at android.os.Handler.sendMessageDelayed(Handler.java:582)
W/MessageQueue( 9446): 	at android.os.Handler.post(Handler.java:338)
W/MessageQueue( 9446): 	at android.os.ResultReceiver$MyResultReceiver.send(ResultReceiver.java:57)
W/MessageQueue( 9446): 	at com.android.internal.os.IResultReceiver$Stub.onTransact(IResultReceiver.java:58)
W/MessageQueue( 9446): 	at android.os.Binder.execTransact(Binder.java:565)
I/art     ( 9446): System.exit called, status: 0
I/AndroidRuntime( 9446): VM exiting with result code 0.
D/AndroidRuntime( 9501): >>>>>> START com.android.internal.os.RuntimeInit uid 2000 <<<<<<
D/AndroidRuntime( 9501): CheckJNI is OFF
D/ICU     ( 9501): No timezone override file found: /data/misc/zoneinfo/current/icu/icu_tzdata.dat
I/Radio-JNI( 9501): register_android_hardware_Radio DONE
D/AndroidRuntime( 9501): Calling main entry com.android.commands.pm.Pm
I/art     ( 9501): System.exit called, status: 0
I/AndroidRuntime( 9501): VM exiting with result code 0.
W/MessageQueue( 9501): Handler (android.os.Handler) {4c012e0} sending message to a Handler on a dead thread
W/MessageQueue( 9501): java.lang.IllegalStateException: Handler (android.os.Handler) {4c012e0} sending message to a Handler on a dead thread
W/MessageQueue( 9501): 	at android.os.MessageQueue.enqueueMessage(MessageQueue.java:543)
W/MessageQueue( 9501): 	at android.os.Handler.enqueueMessage(Handler.java:643)
W/MessageQueue( 9501): 	at android.os.Handler.sendMessageAtTime(Handler.java:612)
W/MessageQueue( 9501): 	at android.os.Handler.sendMessageDelayed(Handler.java:582)
W/MessageQueue( 9501): 	at android.os.Handler.post(Handler.java:338)
W/MessageQueue( 9501): 	at android.os.ResultReceiver$MyResultReceiver.send(ResultReceiver.java:57)
W/MessageQueue( 9501): 	at com.android.internal.os.IResultReceiver$Stub.onTransact(IResultReceiver.java:58)
W/MessageQueue( 9501): 	at android.os.Binder.execTransact(Binder.java:565)
I/ActivityManager(  957): Killing 7453:com.google.android.gms.unstable/u0a18 (adj 906): empty #17
D/AndroidRuntime( 9572): >>>>>> START com.android.internal.os.RuntimeInit uid 2000 <<<<<<
D/AndroidRuntime( 9572): CheckJNI is OFF
I/ActivityManager(  957): Killing 5689:com.android.printspooler/u0a80 (adj 906): empty #17
D/ICU     ( 9572): No timezone override file found: /data/misc/zoneinfo/current/icu/icu_tzdata.dat
I/Radio-JNI( 9572): register_android_hardware_Radio DONE
D/AndroidRuntime( 9572): Calling main entry com.android.commands.input.Input
I/Input   ( 9572): injectKeyEvent: KeyEvent { action=ACTION_DOWN, keyCode=KEYCODE_BACK, scanCode=0, metaState=0, flags=0x0, repeatCount=0, eventTime=257006, downTime=257006, deviceId=-1, source=0x101 }
I/Input   ( 9572): injectKeyEvent: KeyEvent { action=ACTION_UP, keyCode=KEYCODE_BACK, scanCode=0, metaState=0, flags=0x0, repeatCount=0, eventTime=257006, downTime=257006, deviceId=-1, source=0x101 }
D/AndroidRuntime( 9572): Shutting down VM
D/AndroidRuntime( 9632): >>>>>> START com.android.internal.os.RuntimeInit uid 2000 <<<<<<
D/AndroidRuntime( 9632): CheckJNI is OFF
D/ICU     ( 9632): No timezone override file found: /data/misc/zoneinfo/current/icu/icu_tzdata.dat
I/Radio-JNI( 9632): register_android_hardware_Radio DONE
D/AndroidRuntime( 9632): Calling main entry com.android.commands.input.Input
I/Input   ( 9632): injectKeyEvent: KeyEvent { action=ACTION_DOWN, keyCode=KEYCODE_HOME, scanCode=0, metaState=0, flags=0x0, repeatCount=0, eventTime=258884, downTime=258884, deviceId=-1, source=0x101 }
I/Input   ( 9632): injectKeyEvent: KeyEvent { action=ACTION_UP, keyCode=KEYCODE_HOME, scanCode=0, metaState=0, flags=0x0, repeatCount=0, eventTime=258884, downTime=258884, deviceId=-1, source=0x101 }
I/ActivityManager(  957): START u0 {act=android.intent.action.MAIN cat=[android.intent.category.HOME] flg=0x10200000 cmp=com.google.android.googlequicksearchbox/com.google.android.launcher.GEL (has extras)} from uid 1000 on display 0
D/AndroidRuntime( 9632): Shutting down VM
I/GEL     ( 4272): handleIntent(Intent { act=android.intent.action.MAIN cat=[android.intent.category.HOME] flg=0x10200000 cmp=com.google.android.googlequicksearchbox/com.google.android.launcher.GEL (has extras) })
D/AndroidRuntime( 9670): >>>>>> START com.android.internal.os.RuntimeInit uid 2000 <<<<<<
D/AndroidRuntime( 9670): CheckJNI is OFF
D/ICU     ( 9670): No timezone override file found: /data/misc/zoneinfo/current/icu/icu_tzdata.dat
I/Radio-JNI( 9670): register_android_hardware_Radio DONE
D/AndroidRuntime( 9670): Calling main entry com.android.commands.input.Input
I/Input   ( 9670): injectKeyEvent: KeyEvent { action=ACTION_DOWN, keyCode=KEYCODE_BACK, scanCode=0, metaState=0, flags=0x0, repeatCount=0, eventTime=260305, downTime=260305, deviceId=-1, source=0x101 }
I/Input   ( 9670): injectKeyEvent: KeyEvent { action=ACTION_UP, keyCode=KEYCODE_BACK, scanCode=0, metaState=0, flags=0x0, repeatCount=0, eventTime=260305, downTime=260305, deviceId=-1, source=0x101 }
D/AndroidRuntime( 9670): Shutting down VM
D/AndroidRuntime( 9704): >>>>>> START com.android.internal.os.RuntimeInit uid 2000 <<<<<<
D/AndroidRuntime( 9704): CheckJNI is OFF
D/ICU     ( 9704): No timezone override file found: /data/misc/zoneinfo/current/icu/icu_tzdata.dat
I/Radio-JNI( 9704): register_android_hardware_Radio DONE
D/AndroidRuntime( 9704): Calling main entry com.android.commands.am.Am
I/ActivityManager(  957): Force stopping com.careerbuilder.SugarDrone appid=18790 user=0: start instr
I/ActivityManager(  957): Start proc 9733:com.careerbuilder.SugarDrone/u0a8790 for added application com.careerbuilder.SugarDrone
I/art     ( 9733): Late-enabling -Xcheck:jni
W/System  ( 9733): ClassLoader referenced unknown path: /data/app/com.careerbuilder.SugarDrone.test-1/lib/arm64
W/System  ( 9733): ClassLoader referenced unknown path: 
W/Finsky  ( 8821): [374] com.google.android.finsky.FinskyApp.i(1468): No account configured on this device.
I/Finsky  ( 8821): [374] com.google.android.finsky.c.e.run(1151): Replicating app states via AMAS.
W/monodroid( 9733): Using override path: /data/user/0/com.careerbuilder.SugarDrone/files/.__override__
W/monodroid( 9733): Trying to load sgen from: /data/user/0/com.careerbuilder.SugarDrone/files/.__override__/libmonosgen-2.0.so
W/monodroid( 9733): Trying to load sgen from: /storage/emulated/0/Android/data/com.careerbuilder.SugarDrone/files/.__override__/libmonosgen-2.0.so
W/monodroid( 9733): Trying to load sgen from: /data/app/com.careerbuilder.SugarDrone-1/lib/arm/libmonosgen-2.0.so
D/Mono    ( 9733): Image addref mscorlib[0xe6b57e60] -> mscorlib.dll[0xe6e75400]: 2
D/Mono    ( 9733): Prepared to set up assembly 'mscorlib' (mscorlib.dll)
D/Mono    ( 9733): AOT module 'mscorlib.dll.so' not found: dlopen failed: library "/data/app/com.careerbuilder.SugarDrone-1/lib/arm/libaot-mscorlib.dll.so" not found
D/Mono    ( 9733): AOT module '/Users/builder/data/lanes/4009/f3074d2c/source/monodroid/builds/install/mono-armv6/lib/mono/aot-cache/arm/mscorlib.dll.so' not found: dlopen failed: library "/data/app/com.careerbuilder.SugarDrone-1/lib/arm/libaot-mscorlib.dll.so" not found
D/Mono    ( 9733): Config attempting to parse: 'mscorlib.dll.config'.
D/Mono    ( 9733): Config attempting to parse: '/Users/builder/data/lanes/4009/f3074d2c/source/monodroid/builds/install/mono-armv6/etc/mono/assemblies/mscorlib/mscorlib.config'.
D/Mono    ( 9733): Assembly mscorlib[0xe6b57e60] added to domain RootDomain, ref_count=1
D/Mono    ( 9733): Image addref CareerBuilder_Search.Droid[0xe6b57fe0] -> CareerBuilder_Search.Droid.dll[0xe6e76300]: 2
D/Mono    ( 9733): Prepared to set up assembly 'CareerBuilder_Search.Droid' (CareerBuilder_Search.Droid.dll)
D/Mono    ( 9733): Assembly CareerBuilder_Search.Droid[0xe6b57fe0] added to domain RootDomain, ref_count=1
D/Mono    ( 9733): AOT module 'CareerBuilder_Search.Droid.dll.so' not found: dlopen failed: library "/data/app/com.careerbuilder.SugarDrone-1/lib/arm/libaot-CareerBuilder_Search.Droid.dll.so" not found
D/Mono    ( 9733): AOT module '/Users/builder/data/lanes/4009/f3074d2c/source/monodroid/builds/install/mono-armv6/lib/mono/aot-cache/arm/CareerBuilder_Search.Droid.dll.so' not found: dlopen failed: library "/data/app/com.careerbuilder.SugarDrone-1/lib/arm/libaot-CareerBuilder_Search.Droid.dll.so" not found
D/Mono    ( 9733): Config attempting to parse: 'CareerBuilder_Search.Droid.dll.config'.
D/Mono    ( 9733): Config attempting to parse: '/Users/builder/data/lanes/4009/f3074d2c/source/monodroid/builds/install/mono-armv6/etc/mono/assemblies/CareerBuilder_Search.Droid/CareerBuilder_Search.Droid.config'.
D/Mono    ( 9733): Image addref AppsFlyerXamarinBindingAndroid[0xe6b580a0] -> AppsFlyerXamarinBindingAndroid.dll[0xe6e76800]: 2
D/Mono    ( 9733): Prepared to set up assembly 'AppsFlyerXamarinBindingAndroid' (AppsFlyerXamarinBindingAndroid.dll)
D/Mono    ( 9733): Assembly AppsFlyerXamarinBindingAndroid[0xe6b580a0] added to domain RootDomain, ref_count=1
D/Mono    ( 9733): AOT module 'AppsFlyerXamarinBindingAndroid.dll.so' not found: dlopen failed: library "/data/app/com.careerbuilder.SugarDrone-1/lib/arm/libaot-AppsFlyerXamarinBindingAndroid.dll.so" not found
D/Mono    ( 9733): AOT module '/Users/builder/data/lanes/4009/f3074d2c/source/monodroid/builds/install/mono-armv6/lib/mono/aot-cache/arm/AppsFlyerXamarinBindingAndroid.dll.so' not found: dlopen failed: library "/data/app/com.careerbuilder.SugarDrone-1/lib/arm/libaot-AppsFlyerXamarinBindingAndroid.dll.so" not found
D/Mono    ( 9733): Config attempting to parse: 'AppsFlyerXamarinBindingAndroid.dll.config'.
D/Mono    ( 9733): Config attempting to parse: '/Users/builder/data/lanes/4009/f3074d2c/source/monodroid/builds/install/mono-armv6/etc/mono/assemblies/AppsFlyerXamarinBindingAndroid/AppsFlyerXamarinBindingAndroid.config'.
D/Mono    ( 9733): Image addref HockeySDK[0xe6b58160] -> HockeySDK.dll[0xe6e76d00]: 2
D/Mono    ( 9733): Prepared to set up assembly 'HockeySDK' (HockeySDK.dll)
D/Mono    ( 9733): Assembly HockeySDK[0xe6b58160] added to domain RootDomain, ref_count=1
D/Mono    ( 9733): AOT module 'HockeySDK.dll.so' not found: dlopen failed: library "/data/app/com.careerbuilder.SugarDrone-1/lib/arm/libaot-HockeySDK.dll.so" not found
D/Mono    ( 9733): AOT module '/Users/builder/data/lanes/4009/f3074d2c/source/monodroid/builds/install/mono-armv6/lib/mono/aot-cache/arm/HockeySDK.dll.so' not found: dlopen failed: library "/data/app/com.careerbuilder.SugarDrone-1/lib/arm/libaot-HockeySDK.dll.so" not found
D/Mono    ( 9733): Config attempting to parse: 'HockeySDK.dll.config'.
D/Mono    ( 9733): Config attempting to parse: '/Users/builder/data/lanes/4009/f3074d2c/source/monodroid/builds/install/mono-armv6/etc/mono/assemblies/HockeySDK/HockeySDK.config'.
D/Mono    ( 9733): Image addref Akavache[0xe6b58880] -> Akavache.dll[0xe6e77200]: 2
D/Mono    ( 9733): Prepared to set up assembly 'Akavache' (Akavache.dll)
D/Mono    ( 9733): Assembly Akavache[0xe6b58880] added to domain RootDomain, ref_count=1
D/Mono    ( 9733): AOT module 'Akavache.dll.so' not found: dlopen failed: library "/data/app/com.careerbuilder.SugarDrone-1/lib/arm/libaot-Akavache.dll.so" not found
D/Mono    ( 9733): AOT module '/Users/builder/data/lanes/4009/f3074d2c/source/monodroid/builds/install/mono-armv6/lib/mono/aot-cache/arm/Akavache.dll.so' not found: dlopen failed: library "/data/app/com.careerbuilder.SugarDrone-1/lib/arm/libaot-Akavache.dll.so" not found
D/Mono    ( 9733): Config attempting to parse: 'Akavache.dll.config'.
D/Mono    ( 9733): Config attempting to parse: '/Users/builder/data/lanes/4009/f3074d2c/source/monodroid/builds/install/mono-armv6/etc/mono/assemblies/Akavache/Akavache.config'.
D/Mono    ( 9733): Image addref Akavache.Sqlite3[0xe6b589a0] -> Akavache.Sqlite3.dll[0xe6e77700]: 2
D/Mono    ( 9733): Prepared to set up assembly 'Akavache.Sqlite3' (Akavache.Sqlite3.dll)
D/Mono    ( 9733): Assembly Akavache.Sqlite3[0xe6b589a0] added to domain RootDomain, ref_count=1
D/Mono    ( 9733): AOT module 'Akavache.Sqlite3.dll.so' not found: dlopen failed: library "/data/app/com.careerbuilder.SugarDrone-1/lib/arm/libaot-Akavache.Sqlite3.dll.so" not found
D/Mono    ( 9733): AOT module '/Users/builder/data/lanes/4009/f3074d2c/source/monodroid/builds/install/mono-armv6/lib/mono/aot-cache/arm/Akavache.Sqlite3.dll.so' not found: dlopen failed: library "/data/app/com.careerbuilder.SugarDrone-1/lib/arm/libaot-Akavache.Sqlite3.dll.so" not found
W/        ( 9733): Symbol file LoadedFromMemory doesn't match image Akavache.Sqlite3.dll
D/Mono    ( 9733): Config attempting to parse: 'Akavache.Sqlite3.dll.config'.
D/Mono    ( 9733): Config attempting to parse: '/Users/builder/data/lanes/4009/f3074d2c/source/monodroid/builds/install/mono-armv6/etc/mono/assemblies/Akavache.Sqlite3/Akavache.Sqlite3.config'.
D/Mono    ( 9733): Image addref Splat[0xe6b58a00] -> Splat.dll[0xe6e77c00]: 2
D/Mono    ( 9733): Prepared to set up assembly 'Splat' (Splat.dll)
D/Mono    ( 9733): Assembly Splat[0xe6b58a00] added to domain RootDomain, ref_count=1
D/Mono    ( 9733): AOT module 'Splat.dll.so' not found: dlopen failed: library "/data/app/com.careerbuilder.SugarDrone-1/lib/arm/libaot-Splat.dll.so" not found
D/Mono    ( 9733): AOT module '/Users/builder/data/lanes/4009/f3074d2c/source/monodroid/builds/install/mono-armv6/lib/mono/aot-cache/arm/Splat.dll.so' not found: dlopen failed: library "/data/app/com.careerbuilder.SugarDrone-1/lib/arm/libaot-Splat.dll.so" not found
D/Mono    ( 9733): Config attempting to parse: 'Splat.dll.config'.
D/Mono    ( 9733): Config attempting to parse: '/Users/builder/data/lanes/4009/f3074d2c/source/monodroid/builds/install/mono-armv6/etc/mono/assemblies/Splat/Splat.config'.
D/Mono    ( 9733): Image addref Microsoft.Practices.ServiceLocation[0xf08cc480] -> Microsoft.Practices.ServiceLocation.dll[0xe6e78100]: 2
D/Mono    ( 9733): Prepared to set up assembly 'Microsoft.Practices.ServiceLocation' (Microsoft.Practices.ServiceLocation.dll)
D/Mono    ( 9733): Assembly Microsoft.Practices.ServiceLocation[0xf08cc480] added to domain RootDomain, ref_count=1
D/Mono    ( 9733): AOT module 'Microsoft.Practices.ServiceLocation.dll.so' not found: dlopen failed: library "/data/app/com.careerbuilder.SugarDrone-1/lib/arm/libaot-Microsoft.Practices.ServiceLocation.dll.so" not found
D/Mono    ( 9733): AOT module '/Users/builder/data/lanes/4009/f3074d2c/source/monodroid/builds/install/mono-armv6/lib/mono/aot-cache/arm/Microsoft.Practices.ServiceLocation.dll.so' not found: dlopen failed: library "/data/app/com.careerbuilder.SugarDrone-1/lib/arm/libaot-Microsoft.Practices.ServiceLocation.dll.so" not found
D/Mono    ( 9733): Config attempting to parse: 'Microsoft.Practices.ServiceLocation.dll.config'.
D/Mono    ( 9733): Config attempting to parse: '/Users/builder/data/lanes/4009/f3074d2c/source/monodroid/builds/install/mono-armv6/etc/mono/assemblies/Microsoft.Practices.ServiceLocation/Microsoft.Practices.ServiceLocation.config'.
D/Mono    ( 9733): Image addref Microsoft.Practices.Unity[0xf08cc4e0] -> Microsoft.Practices.Unity.dll[0xe6e78600]: 2
D/Mono    ( 9733): Prepared to set up assembly 'Microsoft.Practices.Unity' (Microsoft.Practices.Unity.dll)
D/Mono    ( 9733): Assembly Microsoft.Practices.Unity[0xf08cc4e0] added to domain RootDomain, ref_count=1
D/Mono    ( 9733): AOT module 'Microsoft.Practices.Unity.dll.so' not found: dlopen failed: library "/data/app/com.careerbuilder.SugarDrone-1/lib/arm/libaot-Microsoft.Practices.Unity.dll.so" not found
D/Mono    ( 9733): AOT module '/Users/builder/data/lanes/4009/f3074d2c/source/monodroid/builds/install/mono-armv6/lib/mono/aot-cache/arm/Microsoft.Practices.Unity.dll.so' not found: dlopen failed: library "/data/app/com.careerbuilder.SugarDrone-1/lib/arm/libaot-Microsoft.Practices.Unity.dll.so" not found
D/Mono    ( 9733): Config attempting to parse: 'Microsoft.Practices.Unity.dll.config'.
D/Mono    ( 9733): Config attempting to parse: '/Users/builder/data/lanes/4009/f3074d2c/source/monodroid/builds/install/mono-armv6/etc/mono/assemblies/Microsoft.Practices.Unity/Microsoft.Practices.Unity.config'.
D/Mono    ( 9733): Image addref Plugin.CurrentActivity[0xf08cc540] -> Plugin.CurrentActivity.dll[0xe6e78b00]: 2
D/Mono    ( 9733): Prepared to set up assembly 'Plugin.CurrentActivity' (Plugin.CurrentActivity.dll)
D/Mono    ( 9733): Assembly Plugin.CurrentActivity[0xf08cc540] added to domain RootDomain, ref_count=1
D/Mono    ( 9733): AOT module 'Plugin.CurrentActivity.dll.so' not found: dlopen failed: library "/data/app/com.careerbuilder.SugarDrone-1/lib/arm/libaot-Plugin.CurrentActivity.dll.so" not found
D/Mono    ( 9733): AOT module '/Users/builder/data/lanes/4009/f3074d2c/source/monodroid/builds/install/mono-armv6/lib/mono/aot-cache/arm/Plugin.CurrentActivity.dll.so' not found: dlopen failed: library "/data/app/com.careerbuilder.SugarDrone-1/lib/arm/libaot-Plugin.CurrentActivity.dll.so" not found
D/Mono    ( 9733): Config attempting to parse: 'Plugin.CurrentActivity.dll.config'.
D/Mono    ( 9733): Config attempting to parse: '/Users/builder/data/lanes/4009/f3074d2c/source/monodroid/builds/install/mono-armv6/etc/mono/assemblies/Plugin.CurrentActivity/Plugin.CurrentActivity.config'.
D/Mono    ( 9733): Image addref Plugin.Permissions[0xf08cc5a0] -> Plugin.Permissions.dll[0xe4613000]: 2
D/Mono    ( 9733): Prepared to set up assembly 'Plugin.Permissions' (Plugin.Permissions.dll)
D/Mono    ( 9733): Assembly Plugin.Permissions[0xf08cc5a0] added to domain RootDomain, ref_count=1
D/Mono    ( 9733): AOT module 'Plugin.Permissions.dll.so' not found: dlopen failed: library "/data/app/com.careerbuilder.SugarDrone-1/lib/arm/libaot-Plugin.Permissions.dll.so" not found
D/Mono    ( 9733): AOT module '/Users/builder/data/lanes/4009/f3074d2c/source/monodroid/builds/install/mono-armv6/lib/mono/aot-cache/arm/Plugin.Permissions.dll.so' not found: dlopen failed: library "/data/app/com.careerbuilder.SugarDrone-1/lib/arm/libaot-Plugin.Permissions.dll.so" not found
D/Mono    ( 9733): Config attempting to parse: 'Plugin.Permissions.dll.config'.
D/Mono    ( 9733): Config attempting to parse: '/Users/builder/data/lanes/4009/f3074d2c/source/monodroid/builds/install/mono-armv6/etc/mono/assemblies/Plugin.Permissions/Plugin.Permissions.config'.
D/Mono    ( 9733): Image addref Plugin.Permissions.Abstractions[0xf08cc780] -> Plugin.Permissions.Abstractions.dll[0xe4613500]: 2
D/Mono    ( 9733): Prepared to set up assembly 'Plugin.Permissions.Abstractions' (Plugin.Permissions.Abstractions.dll)
D/Mono    ( 9733): Assembly Plugin.Permissions.Abstractions[0xf08cc780] added to domain RootDomain, ref_count=1
D/Mono    ( 9733): AOT module 'Plugin.Permissions.Abstractions.dll.so' not found: dlopen failed: library "/data/app/com.careerbuilder.SugarDrone-1/lib/arm/libaot-Plugin.Permissions.Abstractions.dll.so" not found
D/Mono    ( 9733): AOT module '/Users/builder/data/lanes/4009/f3074d2c/source/monodroid/builds/install/mono-armv6/lib/mono/aot-cache/arm/Plugin.Permissions.Abstractions.dll.so' not found: dlopen failed: library "/data/app/com.careerbuilder.SugarDrone-1/lib/arm/libaot-Plugin.Permissions.Abstractions.dll.so" not found
D/Mono    ( 9733): Config attempting to parse: 'Plugin.Permissions.Abstractions.dll.config'.
D/Mono    ( 9733): Config attempting to parse: '/Users/builder/data/lanes/4009/f3074d2c/source/monodroid/builds/install/mono-armv6/etc/mono/assemblies/Plugin.Permissions.Abstractions/Plugin.Permissions.Abstractions.config'.
D/Mono    ( 9733): Image addref Plugin.Geolocator[0xf08cc840] -> Plugin.Geolocator.dll[0xe4613a00]: 2
D/Mono    ( 9733): Prepared to set up assembly 'Plugin.Geolocator' (Plugin.Geolocator.dll)
D/Mono    ( 9733): Assembly Plugin.Geolocator[0xf08cc840] added to domain RootDomain, ref_count=1
D/Mono    ( 9733): AOT module 'Plugin.Geolocator.dll.so' not found: dlopen failed: library "/data/app/com.careerbuilder.SugarDrone-1/lib/arm/libaot-Plugin.Geolocator.dll.so" not found
D/Mono    ( 9733): AOT module '/Users/builder/data/lanes/4009/f3074d2c/source/monodroid/builds/install/mono-armv6/lib/mono/aot-cache/arm/Plugin.Geolocator.dll.so' not found: dlopen failed: library "/data/app/com.careerbuilder.SugarDrone-1/lib/arm/libaot-Plugin.Geolocator.dll.so" not found
D/Mono    ( 9733): Config attempting to parse: 'Plugin.Geolocator.dll.config'.
D/Mono    ( 9733): Config attempting to parse: '/Users/builder/data/lanes/4009/f3074d2c/source/monodroid/builds/install/mono-armv6/etc/mono/assemblies/Plugin.Geolocator/Plugin.Geolocator.config'.
D/Mono    ( 9733): Image addref Plugin.Geolocator.Abstractions[0xf08ccae0] -> Plugin.Geolocator.Abstractions.dll[0xe4613f00]: 2
D/Mono    ( 9733): Prepared to set up assembly 'Plugin.Geolocator.Abstractions' (Plugin.Geolocator.Abstractions.dll)
D/Mono    ( 9733): Assembly Plugin.Geolocator.Abstractions[0xf08ccae0] added to domain RootDomain, ref_count=1
D/Mono    ( 9733): AOT module 'Plugin.Geolocator.Abstractions.dll.so' not found: dlopen failed: library "/data/app/com.careerbuilder.SugarDrone-1/lib/arm/libaot-Plugin.Geolocator.Abstractions.dll.so" not found
D/Mono    ( 9733): AOT module '/Users/builder/data/lanes/4009/f3074d2c/source/monodroid/builds/install/mono-armv6/lib/mono/aot-cache/arm/Plugin.Geolocator.Abstractions.dll.so' not found: dlopen failed: library "/data/app/com.careerbuilder.SugarDrone-1/lib/arm/libaot-Plugin.Geolocator.Abstractions.dll.so" not found
D/Mono    ( 9733): Config attempting to parse: 'Plugin.Geolocator.Abstractions.dll.config'.
D/Mono    ( 9733): Config attempting to parse: '/Users/builder/data/lanes/4009/f3074d2c/source/monodroid/builds/install/mono-armv6/etc/mono/assemblies/Plugin.Geolocator.Abstractions/Plugin.Geolocator.Abstractions.config'.
D/Mono    ( 9733): Image addref Plugin.DeviceInfo[0xf08ccba0] -> Plugin.DeviceInfo.dll[0xe4614400]: 2
D/Mono    ( 9733): Prepared to set up assembly 'Plugin.DeviceInfo' (Plugin.DeviceInfo.dll)
D/Mono    ( 9733): Assembly Plugin.DeviceInfo[0xf08ccba0] added to domain RootDomain, ref_count=1
D/Mono    ( 9733): AOT module 'Plugin.DeviceInfo.dll.so' not found: dlopen failed: library "/data/app/com.careerbuilder.SugarDrone-1/lib/arm/libaot-Plugin.DeviceInfo.dll.so" not found
D/Mono    ( 9733): AOT module '/Users/builder/data/lanes/4009/f3074d2c/source/monodroid/builds/install/mono-armv6/lib/mono/aot-cache/arm/Plugin.DeviceInfo.dll.so' not found: dlopen failed: library "/data/app/com.careerbuilder.SugarDrone-1/lib/arm/libaot-Plugin.DeviceInfo.dll.so" not found
D/Mono    ( 9733): Config attempting to parse: 'Plugin.DeviceInfo.dll.config'.
D/Mono    ( 9733): Config attempting to parse: '/Users/builder/data/lanes/4009/f3074d2c/source/monodroid/builds/install/mono-armv6/etc/mono/assemblies/Plugin.DeviceInfo/Plugin.DeviceInfo.config'.
D/Mono    ( 9733): Image addref Plugin.DeviceInfo.Abstractions[0xf08cce40] -> Plugin.DeviceInfo.Abstractions.dll[0xe4614900]: 2
D/Mono    ( 9733): Prepared to set up assembly 'Plugin.DeviceInfo.Abstractions' (Plugin.DeviceInfo.Abstractions.dll)
D/Mono    ( 9733): Assembly Plugin.DeviceInfo.Abstractions[0xf08cce40] added to domain RootDomain, ref_count=1
D/Mono    ( 9733): AOT module 'Plugin.DeviceInfo.Abstractions.dll.so' not found: dlopen failed: library "/data/app/com.careerbuilder.SugarDrone-1/lib/arm/libaot-Plugin.DeviceInfo.Abstractions.dll.so" not found
D/Mono    ( 9733): AOT module '/Users/builder/data/lanes/4009/f3074d2c/source/monodroid/builds/install/mono-armv6/lib/mono/aot-cache/arm/Plugin.DeviceInfo.Abstractions.dll.so' not found: dlopen failed: library "/data/app/com.careerbuilder.SugarDrone-1/lib/arm/libaot-Plugin.DeviceInfo.Abstractions.dll.so" not found
D/Mono    ( 9733): Config attempting to parse: 'Plugin.DeviceInfo.Abstractions.dll.config'.
D/Mono    ( 9733): Config attempting to parse: '/Users/builder/data/lanes/4009/f3074d2c/source/monodroid/builds/install/mono-armv6/etc/mono/assemblies/Plugin.DeviceInfo.Abstractions/Plugin.DeviceInfo.Abstractions.config'.
D/Mono    ( 9733): Image addref Xamarin.GooglePlayServices.Analytics[0xf08cd080] -> Xamarin.GooglePlayServices.Analytics.dll[0xe4614e00]: 2
D/Mono    ( 9733): Prepared to set up assembly 'Xamarin.GooglePlayServices.Analytics' (Xamarin.GooglePlayServices.Analytics.dll)
D/Mono    ( 9733): Assembly Xamarin.GooglePlayServices.Analytics[0xf08cd080] added to domain RootDomain, ref_count=1
D/Mono    ( 9733): AOT module 'Xamarin.GooglePlayServices.Analytics.dll.so' not found: dlopen failed: library "/data/app/com.careerbuilder.SugarDrone-1/lib/arm/libaot-Xamarin.GooglePlayServices.Analytics.dll.so" not found
