<![CDATA[
]]><xtc-scenario name="[0-1045]CareerBuilder_Search.DroidFeatureTests.JDPTests.SalaryCardShouldNotVisible" id="[0-1045]CareerBuilder_Search.DroidFeatureTests.JDPTests.SalaryCardShouldNotVisible"><![CDATA[
I/Periodic( 7612): Executing periodic callback for HOUR because the period ended

]]><xtc-step name="[0-1045]CareerBuilder_Search.DroidFeatureTests.JDPTests.SalaryCardShouldNotVisible-SalaryCardShouldNotVisible" id="[0-1045]CareerBuilder_Search.DroidFeatureTests.JDPTests.SalaryCardShouldNotVisible-SalaryCardShouldNotVisible"><![CDATA[
D/AndroidRuntime( 7920): >>>>>> START com.android.internal.os.RuntimeInit uid 2000 <<<<<<
D/AndroidRuntime( 7920): CheckJNI is OFF
D/ICU     ( 7920): No timezone override file found: /data/misc/zoneinfo/current/icu/icu_tzdata.dat
I/Radio-JNI( 7920): register_android_hardware_Radio DONE
D/AndroidRuntime( 7920): Calling main entry com.android.commands.pm.Pm
I/art     ( 7920): System.exit called, status: 0
I/AndroidRuntime( 7920): VM exiting with result code 0.
W/MessageQueue( 7920): Handler (android.os.Handler) {4fbe329} sending message to a Handler on a dead thread
W/MessageQueue( 7920): java.lang.IllegalStateException: Handler (android.os.Handler) {4fbe329} sending message to a Handler on a dead thread
W/MessageQueue( 7920): 	at android.os.MessageQueue.enqueueMessage(MessageQueue.java:543)
W/MessageQueue( 7920): 	at android.os.Handler.enqueueMessage(Handler.java:643)
W/MessageQueue( 7920): 	at android.os.Handler.sendMessageAtTime(Handler.java:612)
W/MessageQueue( 7920): 	at android.os.Handler.sendMessageDelayed(Handler.java:582)
W/MessageQueue( 7920): 	at android.os.Handler.post(Handler.java:338)
W/MessageQueue( 7920): 	at android.os.ResultReceiver$MyResultReceiver.send(ResultReceiver.java:57)
W/MessageQueue( 7920): 	at com.android.internal.os.IResultReceiver$Stub.onTransact(IResultReceiver.java:58)
W/MessageQueue( 7920): 	at android.os.Binder.execTransact(Binder.java:565)
D/AndroidRuntime( 8038): >>>>>> START com.android.internal.os.RuntimeInit uid 2000 <<<<<<
D/AndroidRuntime( 8038): CheckJNI is OFF
D/ICU     ( 8038): No timezone override file found: /data/misc/zoneinfo/current/icu/icu_tzdata.dat
I/Radio-JNI( 8038): register_android_hardware_Radio DONE
D/AndroidRuntime( 8038): Calling main entry com.android.commands.am.Am
W/ActivityManager(  886): Invalid packageName: com.careerbuilder.SugarDrone
D/AndroidRuntime( 8038): Shutting down VM
I/ActivityManager(  886): Killing 5680:com.google.android.apps.docs/u0a52 (adj 906): empty #17
I/ActivityManager(  886): Killing 5663:com.android.musicfx/u0a29 (adj 906): empty #18
I/ActivityManager(  886): Killing 6782:com.google.process.gapps/u0a56 (adj 906): empty #19
D/AndroidRuntime( 8519): >>>>>> START com.android.internal.os.RuntimeInit uid 2000 <<<<<<
D/AndroidRuntime( 8519): CheckJNI is OFF
D/ICU     ( 8519): No timezone override file found: /data/misc/zoneinfo/current/icu/icu_tzdata.dat
I/Radio-JNI( 8519): register_android_hardware_Radio DONE
D/AndroidRuntime( 8519): Calling main entry com.android.commands.pm.Pm
I/        (  509): free_cache(71723834) avail 11019542528
I/PackageManager.DexOptimizer(  886): Running dexopt (dex2oat) on: /data/app/vmdl1429025123.tmp/base.apk pkg=com.careerbuilder.SugarDrone isa=arm vmSafeMode=false debuggable=true target-filter=interpret-only oatDir = /data/app/vmdl1429025123.tmp/oat sharedLibraries=null
I/dex2oat ( 8571): /system/bin/dex2oat --compiler-filter=interpret-only -j4 --debuggable
W/dex2oat ( 8571): Before Android 4.1, method android.graphics.PorterDuffColorFilter android.support.graphics.drawable.VectorDrawableCompat.updateTintFilter(android.graphics.PorterDuffColorFilter, android.content.res.ColorStateList, android.graphics.PorterDuff$Mode) would have incorrectly overridden the package-private method in android.graphics.drawable.Drawable
W/dex2oat ( 8571): Before Android 4.1, method int android.support.v7.widget.ListViewCompat.lookForSelectablePosition(int, boolean) would have incorrectly overridden the package-private method in android.widget.ListView
I/dex2oat ( 8571): dex2oat took 1.985s (threads: 4) arena alloc=5KB (6016B) java alloc=4MB (5060744B) native alloc=6MB (7312256B) free=2MB (2649216B)
W/PackageManager(  886): Not granting permission android.permission.MANAGE_DOCUMENTS to package com.careerbuilder.SugarDrone (protectionLevel=2 flags=0x3808be46)
W/PackageManager(  886): Not granting permission android.permission.MOUNT_UNMOUNT_FILESYSTEMS to package com.careerbuilder.SugarDrone (protectionLevel=18 flags=0x3808be46)
V/BackupManagerService(  886): restoreAtInstall pkg=com.careerbuilder.SugarDrone token=5 restoreSet=0
V/BackupManagerService(  886): Finishing install immediately
I/art     (  886): Starting a blocking GC Explicit
I/art     (  886): Explicit concurrent mark sweep GC freed 124799(6MB) AllocSpace objects, 18(952KB) LOS objects, 33% free, 16MB/24MB, paused 1.520ms total 124.045ms
E/        (  509): Couldn't opendir /data/app/vmdl1429025123.tmp: No such file or directory
I/InputReader(  886): Reconfiguring input devices.  changes=0x00000010
I/ActivityManager(  886): Start proc 8617:com.android.musicfx/u0a29 for broadcast com.android.musicfx/.Compatibility$Receiver
I/art     ( 8519): System.exit called, status: 0
I/AndroidRuntime( 8519): VM exiting with result code 0.
W/ActivityManager(  886): Permission Denial: Accessing service ComponentInfo{com.google.android.music/com.google.android.music.dial.DialMediaRouteProviderService} from pid=5232, uid=10085 that is not exported from uid 10071
W/System  ( 8617): ClassLoader referenced unknown path: /system/priv-app/MusicFX/lib/arm64
D/RegisteredNfcFServicesCache( 4112): Service unchanged, not updating
D/CarrierSvcBindHelper( 3184): No carrier app for: 0
D/CarrierConfigLoader( 3184): mHandler: 9 phoneId: 0
I/ActivityManager(  886): Start proc 8638:com.android.vending/u0a30 for broadcast com.android.vending/com.google.android.finsky.receivers.PackageMonitorReceiver$RegisteredReceiver
W/System  ( 8638): ClassLoader referenced unknown path: /system/priv-app/Phonesky/lib/arm64
W/Finsky  ( 8638): [1] com.google.android.finsky.FinskyApp.i(1468): No account configured on this device.
W/Finsky  ( 8638): [1] com.google.android.finsky.FinskyApp.i(1468): No account configured on this device.
W/Finsky  ( 8638): [1] com.google.android.finsky.FinskyApp.i(1468): No account configured on this device.
W/Finsky  ( 8638): [1] com.google.android.finsky.FinskyApp.i(1468): No account configured on this device.
I/Finsky  ( 8638): [1] com.google.android.finsky.FinskyApp.onCreate(430): Initializing network with DFE https://android.clients.google.com/fdfe/
W/Finsky  ( 8638): [1] com.google.android.finsky.FinskyApp.i(1468): No account configured on this device.
W/Finsky  ( 8638): [1] com.google.android.finsky.FinskyApp.i(1468): No account configured on this device.
W/Finsky  ( 8638): [1] com.google.android.finsky.FinskyApp.i(1468): No account configured on this device.
W/Finsky  ( 8638): [1] com.google.android.finsky.FinskyApp.i(1468): No account configured on this device.
W/Finsky  ( 8638): [1] com.google.android.finsky.FinskyApp.i(1468): No account configured on this device.
W/Finsky  ( 8638): [1] com.google.android.finsky.FinskyApp.i(1468): No account configured on this device.
W/Finsky  ( 8638): [1] com.google.android.finsky.FinskyApp.i(1468): No account configured on this device.
W/Finsky  ( 8638): [1] com.google.android.finsky.FinskyApp.i(1468): No account configured on this device.
W/Finsky  ( 8638): [1] com.google.android.finsky.FinskyApp.i(1468): No account configured on this device.
I/Finsky  ( 8638): [1] com.google.android.finsky.services.DailyHygiene.a(171): No need to run daily hygiene.
W/Finsky  ( 8638): [1] com.google.android.finsky.FinskyApp.i(1468): No account configured on this device.
W/Settings( 8638): Setting download_manager_max_bytes_over_mobile has moved from android.provider.Settings.Secure to android.provider.Settings.Global.
W/Settings( 8638): Setting download_manager_recommended_max_bytes_over_mobile has moved from android.provider.Settings.Secure to android.provider.Settings.Global.
W/Finsky  ( 8638): [1] com.google.android.finsky.FinskyApp.i(1468): No account configured on this device.
W/Finsky  ( 8638): [1] com.google.android.finsky.FinskyApp.i(1468): No account configured on this device.
W/Finsky  ( 8638): [1] com.google.android.finsky.FinskyApp.i(1468): No account configured on this device.
W/Finsky  ( 8638): [1] com.google.android.finsky.FinskyApp.i(1468): No account configured on this device.
W/Finsky  ( 8638): [1] com.google.android.finsky.FinskyApp.i(1468): No account configured on this device.
W/Finsky  ( 8638): [1] com.google.android.finsky.FinskyApp.b(1150): No account configured on this device.
W/Finsky  ( 8638): [1] com.google.android.finsky.FinskyApp.i(1468): No account configured on this device.
W/Finsky  ( 8638): [372] com.google.android.finsky.FinskyApp.i(1468): No account configured on this device.
I/ActivityManager(  886): Start proc 8694:com.google.android.apps.docs/u0a52 for broadcast com.google.android.apps.docs/.receivers.AppPackageAddRemoveReceiver
I/Finsky  ( 8638): [1] com.google.android.finsky.receivers.j.a(1226): Installer kick - no action, not running yet
I/Finsky  ( 8638): [1] com.google.android.finsky.utils.PermissionPolicies$PermissionPolicyService.onStartCommand(117): post-install permissions check for com.careerbuilder.SugarDrone
W/Finsky  ( 8638): [1] com.google.android.finsky.FinskyApp.i(1468): No account configured on this device.
I/Finsky  ( 8638): [1] com.google.android.finsky.utils.bh.run(2302): Package state data is missing for com.careerbuilder.SugarDrone
W/System  ( 8694): ClassLoader referenced unknown path: /system/app/Drive/lib/arm64
W/Finsky  ( 8638): [1] com.google.android.finsky.FinskyApp.i(1468): No account configured on this device.
I/Finsky  ( 8638): [1] com.google.android.finsky.c.l.a(270): result=false type=4
I/Finsky  ( 8638): [1] com.google.android.finsky.services.bc.a(1050): Restore complete with 0 success and 0 failed.
W/Finsky  ( 8638): [372] com.google.android.finsky.FinskyApp.i(1468): No account configured on this device.
D/AndroidRuntime( 8660): >>>>>> START com.android.internal.os.RuntimeInit uid 2000 <<<<<<
D/AndroidRuntime( 8660): CheckJNI is OFF
I/GAv4    ( 8694): Google Analytics 8.4.87 is starting up. To enable debug logging on a device run:
I/GAv4    ( 8694):   adb shell setprop log.tag.GAv4 DEBUG
I/GAv4    ( 8694):   adb logcat -s GAv4
D/ICU     ( 8660): No timezone override file found: /data/misc/zoneinfo/current/icu/icu_tzdata.dat
W/GAv4    ( 8694): AnalyticsReceiver is not registered or is disabled. Register the receiver for reliable dispatching on non-Google Play devices. See http://goo.gl/8Rd3yj for instructions.
W/GAv4    ( 8694): CampaignTrackingReceiver is not registered, not exported or is disabled. Installation campaign tracking is not possible. See http://goo.gl/8Rd3yj for instructions.
I/Radio-JNI( 8660): register_android_hardware_Radio DONE
D/AndroidRuntime( 8660): Calling main entry com.android.commands.settings.SettingsCmd
D/AndroidRuntime( 8660): Shutting down VM
W/GAv4    ( 8694): AnalyticsService not registered in the app manifest. Hits might not be delivered reliably. See http://goo.gl/8Rd3yj for instructions.
I/ActivityManager(  886): Killing 5734:com.google.android.partnersetup/u0a25 (adj 906): empty #17
I/ActivityManager(  886): Start proc 8752:com.google.android.partnersetup/u0a25 for broadcast com.google.android.partnersetup/.RlzPingBroadcastReceiver
I/UpdateIcingCorporaServi( 4231): Updating corpora: APPS=com.careerbuilder.SugarDrone, CONTACTS=MAYBE
W/System  ( 8752): ClassLoader referenced unknown path: /system/priv-app/GooglePartnerSetup/lib/arm64
I/PeopleContactsSync( 4257): triggerPendingContactsCleanup: no accounts
D/Wear_Controller( 4257): Received broadcast action=android.intent.action.PACKAGE_ADDED and uri=com.careerbuilder.SugarDrone
W/IcingInternalCorpora( 4257): getNumBytesRead when not calculated.
D/AndroidRuntime( 8735): >>>>>> START com.android.internal.os.RuntimeInit uid 2000 <<<<<<
D/AndroidRuntime( 8735): CheckJNI is OFF
D/ICU     ( 8735): No timezone override file found: /data/misc/zoneinfo/current/icu/icu_tzdata.dat
I/Icing   ( 4257): Usage reports 0 indexed 0 rejected 0 imm upload true
I/Radio-JNI( 8735): register_android_hardware_Radio DONE
D/AndroidRuntime( 8735): Calling main entry com.android.commands.settings.SettingsCmd
D/AndroidRuntime( 8735): Shutting down VM
I/UpdateIcingCorporaServi( 4231): UpdateCorporaTask done [took 657 ms] updated apps [took 656 ms] 
I/Icing   ( 4257): Usage reports 0 indexed 0 rejected 0 imm upload false
I/Icing   ( 4257): Usage reports 0 indexed 0 rejected 0 imm upload false
D/AndroidRuntime( 8792): >>>>>> START com.android.internal.os.RuntimeInit uid 2000 <<<<<<
D/AndroidRuntime( 8792): CheckJNI is OFF
D/ICU     ( 8792): No timezone override file found: /data/misc/zoneinfo/current/icu/icu_tzdata.dat
I/Radio-JNI( 8792): register_android_hardware_Radio DONE
D/AndroidRuntime( 8792): Calling main entry com.android.commands.settings.SettingsCmd
D/AndroidRuntime( 8792): Shutting down VM
I/Icing   ( 4257): Indexing A93BC204CED97BC56E369B60E2D6070ECCBD7CF0 from com.google.android.googlequicksearchbox
I/Icing   ( 4257): Indexing done A93BC204CED97BC56E369B60E2D6070ECCBD7CF0
I/Icing   ( 4257): Indexing 421037E7A4D9C32E439F55E76E0A1D6E234EA9D9 from com.google.android.gms
I/Icing   ( 4257): Indexing done 421037E7A4D9C32E439F55E76E0A1D6E234EA9D9
D/AndroidRuntime( 8818): >>>>>> START com.android.internal.os.RuntimeInit uid 2000 <<<<<<
D/AndroidRuntime( 8818): CheckJNI is OFF
D/ICU     ( 8818): No timezone override file found: /data/misc/zoneinfo/current/icu/icu_tzdata.dat
I/Radio-JNI( 8818): register_android_hardware_Radio DONE
D/AndroidRuntime( 8818): Calling main entry com.android.commands.settings.SettingsCmd
D/AndroidRuntime( 8818): Shutting down VM
D/AndroidRuntime( 8842): >>>>>> START com.android.internal.os.RuntimeInit uid 2000 <<<<<<
D/AndroidRuntime( 8842): CheckJNI is OFF
D/ICU     ( 8842): No timezone override file found: /data/misc/zoneinfo/current/icu/icu_tzdata.dat
I/Radio-JNI( 8842): register_android_hardware_Radio DONE
D/AndroidRuntime( 8842): Calling main entry com.android.commands.settings.SettingsCmd
D/AndroidRuntime( 8842): Shutting down VM
D/AndroidRuntime( 8873): >>>>>> START com.android.internal.os.RuntimeInit uid 2000 <<<<<<
D/AndroidRuntime( 8873): CheckJNI is OFF
D/ICU     ( 8873): No timezone override file found: /data/misc/zoneinfo/current/icu/icu_tzdata.dat
I/Radio-JNI( 8873): register_android_hardware_Radio DONE
D/AndroidRuntime( 8873): Calling main entry com.android.commands.pm.Pm
W/MessageQueue( 8873): Handler (android.os.Handler) {5595e2} sending message to a Handler on a dead thread
W/MessageQueue( 8873): java.lang.IllegalStateException: Handler (android.os.Handler) {5595e2} sending message to a Handler on a dead thread
W/MessageQueue( 8873): 	at android.os.MessageQueue.enqueueMessage(MessageQueue.java:543)
W/MessageQueue( 8873): 	at android.os.Handler.enqueueMessage(Handler.java:643)
W/MessageQueue( 8873): 	at android.os.Handler.sendMessageAtTime(Handler.java:612)
W/MessageQueue( 8873): 	at android.os.Handler.sendMessageDelayed(Handler.java:582)
W/MessageQueue( 8873): 	at android.os.Handler.post(Handler.java:338)
W/MessageQueue( 8873): 	at android.os.ResultReceiver$MyResultReceiver.send(ResultReceiver.java:57)
W/MessageQueue( 8873): 	at com.android.internal.os.IResultReceiver$Stub.onTransact(IResultReceiver.java:58)
W/MessageQueue( 8873): 	at android.os.Binder.execTransact(Binder.java:565)
I/art     ( 8873): System.exit called, status: 0
I/AndroidRuntime( 8873): VM exiting with result code 0.
D/AndroidRuntime( 8930): >>>>>> START com.android.internal.os.RuntimeInit uid 2000 <<<<<<
D/AndroidRuntime( 8930): CheckJNI is OFF
D/ICU     ( 8930): No timezone override file found: /data/misc/zoneinfo/current/icu/icu_tzdata.dat
I/Radio-JNI( 8930): register_android_hardware_Radio DONE
D/AndroidRuntime( 8930): Calling main entry com.android.commands.pm.Pm
I/art     ( 8930): System.exit called, status: 0
I/AndroidRuntime( 8930): VM exiting with result code 0.
W/MessageQueue( 8930): Handler (android.os.Handler) {798265c} sending message to a Handler on a dead thread
W/MessageQueue( 8930): java.lang.IllegalStateException: Handler (android.os.Handler) {798265c} sending message to a Handler on a dead thread
W/MessageQueue( 8930): 	at android.os.MessageQueue.enqueueMessage(MessageQueue.java:543)
W/MessageQueue( 8930): 	at android.os.Handler.enqueueMessage(Handler.java:643)
W/MessageQueue( 8930): 	at android.os.Handler.sendMessageAtTime(Handler.java:612)
W/MessageQueue( 8930): 	at android.os.Handler.sendMessageDelayed(Handler.java:582)
W/MessageQueue( 8930): 	at android.os.Handler.post(Handler.java:338)
W/MessageQueue( 8930): 	at android.os.ResultReceiver$MyResultReceiver.send(ResultReceiver.java:57)
W/MessageQueue( 8930): 	at com.android.internal.os.IResultReceiver$Stub.onTransact(IResultReceiver.java:58)
W/MessageQueue( 8930): 	at android.os.Binder.execTransact(Binder.java:565)
I/rmt_storage(  397): rmt_storage_connect_cb: clnt_h=0xc conn_h=0x7eee22a210
I/rmt_storage(  397): rmt_storage_rw_iovec_cb: /boot/modem_fs1: clnt_h=0x6: req_h=0xc msg_id=3: R/W request received
I/rmt_storage(  397): wakelock acquired: 1, error no: 42
I/rmt_storage(  397): rmt_storage_client_thread: /boot/modem_fs1: clnt_h=0x6 Unblock worker thread (th_id: 545159378000)
I/rmt_storage(  397): rmt_storage_client_thread: /boot/modem_fs1: clnt_h=0x6: req_h=0xc msg_id=3: Bytes written = 1572864
I/rmt_storage(  397): rmt_storage_client_thread: /boot/modem_fs1: clnt_h=0x6: req_h=0xc msg_id=3: Send response: res=0 err=0
I/rmt_storage(  397): rmt_storage_client_thread: /boot/modem_fs1: clnt_h=0x6 About to block rmt_storage client thread (th_id: 545159378000) wakelock released: 1, error no: 22
I/rmt_storage(  397): 
I/rmt_storage(  397): rmt_storage_disconnect_cb: clnt_h=0xc conn_h=0x7eee22a210
D/AndroidRuntime( 9013): >>>>>> START com.android.internal.os.RuntimeInit uid 2000 <<<<<<
D/AndroidRuntime( 9013): CheckJNI is OFF
D/ICU     ( 9013): No timezone override file found: /data/misc/zoneinfo/current/icu/icu_tzdata.dat
I/Radio-JNI( 9013): register_android_hardware_Radio DONE
D/AndroidRuntime( 9013): Calling main entry com.android.commands.am.Am
W/ActivityManager(  886): Invalid packageName: com.careerbuilder.SugarDrone.test
D/AndroidRuntime( 9013): Shutting down VM
D/AndroidRuntime( 9045): >>>>>> START com.android.internal.os.RuntimeInit uid 2000 <<<<<<
D/AndroidRuntime( 9045): CheckJNI is OFF
D/ICU     ( 9045): No timezone override file found: /data/misc/zoneinfo/current/icu/icu_tzdata.dat
I/Radio-JNI( 9045): register_android_hardware_Radio DONE
D/AndroidRuntime( 9045): Calling main entry com.android.commands.pm.Pm
I/        (  509): free_cache(609973) avail 11007676416
I/PackageManager.DexOptimizer(  886): Running dexopt (dex2oat) on: /data/app/vmdl552188435.tmp/base.apk pkg=com.careerbuilder.SugarDrone.test isa=arm64 vmSafeMode=false debuggable=false target-filter=interpret-only oatDir = /data/app/vmdl552188435.tmp/oat sharedLibraries=/system/framework/android.test.runner.jar:/system/framework/com.google.android.maps.jar
I/dex2oat ( 9072): /system/bin/dex2oat --compiler-filter=interpret-only -j4
I/dex2oat ( 9072): dex2oat took 630.311ms (threads: 4) arena alloc=184KB (188704B) java alloc=2MB (2268584B) native alloc=2MB (2696392B) free=1974KB (2022200B)
W/PackageManager(  886): Not granting permission android.permission.ACCESS_MOCK_LOCATION to package com.careerbuilder.SugarDrone.test (protectionLevel=2 flags=0x1800be44)
V/BackupManagerService(  886): restoreAtInstall pkg=com.careerbuilder.SugarDrone.test token=6 restoreSet=0
V/BackupManagerService(  886): Finishing install immediately
I/art     (  886): Starting a blocking GC Explicit
I/art     (  886): Explicit concurrent mark sweep GC freed 65928(4MB) AllocSpace objects, 56(2MB) LOS objects, 33% free, 16MB/24MB, paused 1.765ms total 99.573ms
E/        (  509): Couldn't opendir /data/app/vmdl552188435.tmp: No such file or directory
W/ActivityManager(  886): Permission Denial: Accessing service ComponentInfo{com.google.android.music/com.google.android.music.dial.DialMediaRouteProviderService} from pid=5232, uid=10085 that is not exported from uid 10071
I/art     ( 9045): System.exit called, status: 0
I/AndroidRuntime( 9045): VM exiting with result code 0.
I/InputReader(  886): Reconfiguring input devices.  changes=0x00000010
D/CarrierSvcBindHelper( 3184): No carrier app for: 0
D/CarrierConfigLoader( 3184): mHandler: 9 phoneId: 0
D/RegisteredNfcFServicesCache( 4112): Service unchanged, not updating
I/Finsky  ( 8638): [1] com.google.android.finsky.utils.PermissionPolicies$PermissionPolicyService.onStartCommand(117): post-install permissions check for com.careerbuilder.SugarDrone.test
W/Finsky  ( 8638): [1] com.google.android.finsky.FinskyApp.i(1468): No account configured on this device.
I/Finsky  ( 8638): [1] com.google.android.finsky.utils.bh.run(2302): Package state data is missing for com.careerbuilder.SugarDrone.test
W/Finsky  ( 8638): [1] com.google.android.finsky.FinskyApp.i(1468): No account configured on this device.
I/UpdateIcingCorporaServi( 4231): Updating corpora: APPS=com.careerbuilder.SugarDrone.test, CONTACTS=MAYBE
I/UpdateIcingCorporaServi( 4231): UpdateCorporaTask done [took 75 ms] updated apps [took 75 ms] 
I/PeopleContactsSync( 4257): triggerPendingContactsCleanup: no accounts
D/Wear_Controller( 4257): Received broadcast action=android.intent.action.PACKAGE_ADDED and uri=com.careerbuilder.SugarDrone.test
W/IcingInternalCorpora( 4257): getNumBytesRead when not calculated.
I/Icing   ( 4257): Usage reports 0 indexed 0 rejected 0 imm upload false
I/Icing   ( 4257): Usage reports 0 indexed 0 rejected 0 imm upload false
V/JNIHelp ( 8694): Registering com/google/android/gms/org/conscrypt/NativeCrypto's 242 native methods...
D/NetworkSecurityConfig( 8694): No Network Security Config specified, using platform default
I/ProviderInstaller( 8694): Installed default security provider GmsCore_OpenSSL
D/AndroidRuntime( 9117): >>>>>> START com.android.internal.os.RuntimeInit uid 2000 <<<<<<
D/AndroidRuntime( 9117): CheckJNI is OFF
D/ICU     ( 9117): No timezone override file found: /data/misc/zoneinfo/current/icu/icu_tzdata.dat
I/Radio-JNI( 9117): register_android_hardware_Radio DONE
D/AndroidRuntime( 9117): Calling main entry com.android.commands.settings.SettingsCmd
D/AndroidRuntime( 9117): Shutting down VM
I/Icing   ( 4257): Indexing 421037E7A4D9C32E439F55E76E0A1D6E234EA9D9 from com.google.android.gms
I/Icing   ( 4257): Indexing done 421037E7A4D9C32E439F55E76E0A1D6E234EA9D9
D/AndroidRuntime( 9150): >>>>>> START com.android.internal.os.RuntimeInit uid 2000 <<<<<<
D/AndroidRuntime( 9150): CheckJNI is OFF
D/ICU     ( 9150): No timezone override file found: /data/misc/zoneinfo/current/icu/icu_tzdata.dat
I/Radio-JNI( 9150): register_android_hardware_Radio DONE
D/AndroidRuntime( 9150): Calling main entry com.android.commands.settings.SettingsCmd
D/AndroidRuntime( 9150): Shutting down VM
D/AndroidRuntime( 9178): >>>>>> START com.android.internal.os.RuntimeInit uid 2000 <<<<<<
D/AndroidRuntime( 9178): CheckJNI is OFF
D/ICU     ( 9178): No timezone override file found: /data/misc/zoneinfo/current/icu/icu_tzdata.dat
I/Radio-JNI( 9178): register_android_hardware_Radio DONE
D/AndroidRuntime( 9178): Calling main entry com.android.commands.settings.SettingsCmd
D/AndroidRuntime( 9178): Shutting down VM
D/AndroidRuntime( 9204): >>>>>> START com.android.internal.os.RuntimeInit uid 2000 <<<<<<
D/AndroidRuntime( 9204): CheckJNI is OFF
D/ICU     ( 9204): No timezone override file found: /data/misc/zoneinfo/current/icu/icu_tzdata.dat
I/Radio-JNI( 9204): register_android_hardware_Radio DONE
D/AndroidRuntime( 9204): Calling main entry com.android.commands.settings.SettingsCmd
D/AndroidRuntime( 9204): Shutting down VM
D/AndroidRuntime( 9228): >>>>>> START com.android.internal.os.RuntimeInit uid 2000 <<<<<<
D/AndroidRuntime( 9228): CheckJNI is OFF
D/ICU     ( 9228): No timezone override file found: /data/misc/zoneinfo/current/icu/icu_tzdata.dat
I/Radio-JNI( 9228): register_android_hardware_Radio DONE
D/AndroidRuntime( 9228): Calling main entry com.android.commands.settings.SettingsCmd
D/AndroidRuntime( 9228): Shutting down VM
W/art     ( 9228): Thread attaching while runtime is shutting down: Binder:9228_1
I/AndroidRuntime( 9228): NOTE: attach of thread 'Binder:9228_1' failed
D/AndroidRuntime( 9259): >>>>>> START com.android.internal.os.RuntimeInit uid 2000 <<<<<<
D/AndroidRuntime( 9259): CheckJNI is OFF
D/ICU     ( 9259): No timezone override file found: /data/misc/zoneinfo/current/icu/icu_tzdata.dat
I/Radio-JNI( 9259): register_android_hardware_Radio DONE
D/AndroidRuntime( 9259): Calling main entry com.android.commands.pm.Pm
I/art     ( 9259): System.exit called, status: 0
W/MessageQueue( 9259): Handler (android.os.Handler) {be4f8be} sending message to a Handler on a dead thread
W/MessageQueue( 9259): java.lang.IllegalStateException: Handler (android.os.Handler) {be4f8be} sending message to a Handler on a dead thread
W/MessageQueue( 9259): 	at android.os.MessageQueue.enqueueMessage(MessageQueue.java:543)
W/MessageQueue( 9259): 	at android.os.Handler.enqueueMessage(Handler.java:643)
W/MessageQueue( 9259): 	at android.os.Handler.sendMessageAtTime(Handler.java:612)
W/MessageQueue( 9259): 	at android.os.Handler.sendMessageDelayed(Handler.java:582)
W/MessageQueue( 9259): 	at android.os.Handler.post(Handler.java:338)
W/MessageQueue( 9259): 	at android.os.ResultReceiver$MyResultReceiver.send(ResultReceiver.java:57)
W/MessageQueue( 9259): 	at com.android.internal.os.IResultReceiver$Stub.onTransact(IResultReceiver.java:58)
W/MessageQueue( 9259): 	at android.os.Binder.execTransact(Binder.java:565)
I/AndroidRuntime( 9259): VM exiting with result code 0.
D/AndroidRuntime( 9320): >>>>>> START com.android.internal.os.RuntimeInit uid 2000 <<<<<<
D/AndroidRuntime( 9320): CheckJNI is OFF
D/ICU     ( 9320): No timezone override file found: /data/misc/zoneinfo/current/icu/icu_tzdata.dat
I/Radio-JNI( 9320): register_android_hardware_Radio DONE
D/AndroidRuntime( 9320): Calling main entry com.android.commands.pm.Pm
I/art     ( 9320): System.exit called, status: 0
I/AndroidRuntime( 9320): VM exiting with result code 0.
W/MessageQueue( 9320): Handler (android.os.Handler) {ec8d175} sending message to a Handler on a dead thread
W/MessageQueue( 9320): java.lang.IllegalStateException: Handler (android.os.Handler) {ec8d175} sending message to a Handler on a dead thread
W/MessageQueue( 9320): 	at android.os.MessageQueue.enqueueMessage(MessageQueue.java:543)
W/MessageQueue( 9320): 	at android.os.Handler.enqueueMessage(Handler.java:643)
W/MessageQueue( 9320): 	at android.os.Handler.sendMessageAtTime(Handler.java:612)
W/MessageQueue( 9320): 	at android.os.Handler.sendMessageDelayed(Handler.java:582)
W/MessageQueue( 9320): 	at android.os.Handler.post(Handler.java:338)
W/MessageQueue( 9320): 	at android.os.ResultReceiver$MyResultReceiver.send(ResultReceiver.java:57)
W/MessageQueue( 9320): 	at com.android.internal.os.IResultReceiver$Stub.onTransact(IResultReceiver.java:58)
W/MessageQueue( 9320): 	at android.os.Binder.execTransact(Binder.java:565)
I/ActivityManager(  886): Killing 7272:com.google.android.gms.unstable/u0a18 (adj 906): empty #17
D/AndroidRuntime( 9395): >>>>>> START com.android.internal.os.RuntimeInit uid 2000 <<<<<<
D/AndroidRuntime( 9395): CheckJNI is OFF
D/ICU     ( 9395): No timezone override file found: /data/misc/zoneinfo/current/icu/icu_tzdata.dat
I/Radio-JNI( 9395): register_android_hardware_Radio DONE
D/AndroidRuntime( 9395): Calling main entry com.android.commands.input.Input
I/Input   ( 9395): injectKeyEvent: KeyEvent { action=ACTION_DOWN, keyCode=KEYCODE_BACK, scanCode=0, metaState=0, flags=0x0, repeatCount=0, eventTime=258247, downTime=258247, deviceId=-1, source=0x101 }
I/Input   ( 9395): injectKeyEvent: KeyEvent { action=ACTION_UP, keyCode=KEYCODE_BACK, scanCode=0, metaState=0, flags=0x0, repeatCount=0, eventTime=258247, downTime=258247, deviceId=-1, source=0x101 }
D/AndroidRuntime( 9395): Shutting down VM
D/AndroidRuntime( 9454): >>>>>> START com.android.internal.os.RuntimeInit uid 2000 <<<<<<
D/AndroidRuntime( 9454): CheckJNI is OFF
D/ICU     ( 9454): No timezone override file found: /data/misc/zoneinfo/current/icu/icu_tzdata.dat
I/Radio-JNI( 9454): register_android_hardware_Radio DONE
D/AndroidRuntime( 9454): Calling main entry com.android.commands.input.Input
I/Input   ( 9454): injectKeyEvent: KeyEvent { action=ACTION_DOWN, keyCode=KEYCODE_HOME, scanCode=0, metaState=0, flags=0x0, repeatCount=0, eventTime=260092, downTime=260092, deviceId=-1, source=0x101 }
I/Input   ( 9454): injectKeyEvent: KeyEvent { action=ACTION_UP, keyCode=KEYCODE_HOME, scanCode=0, metaState=0, flags=0x0, repeatCount=0, eventTime=260092, downTime=260092, deviceId=-1, source=0x101 }
I/ActivityManager(  886): START u0 {act=android.intent.action.MAIN cat=[android.intent.category.HOME] flg=0x10200000 cmp=com.google.android.googlequicksearchbox/com.google.android.launcher.GEL (has extras)} from uid 1000 on display 0
D/AndroidRuntime( 9454): Shutting down VM
I/GEL     ( 4162): handleIntent(Intent { act=android.intent.action.MAIN cat=[android.intent.category.HOME] flg=0x10200000 cmp=com.google.android.googlequicksearchbox/com.google.android.launcher.GEL (has extras) })
I/ActivityManager(  886): Killing 5540:com.android.printspooler/u0a80 (adj 906): empty #17
D/AndroidRuntime( 9492): >>>>>> START com.android.internal.os.RuntimeInit uid 2000 <<<<<<
D/AndroidRuntime( 9492): CheckJNI is OFF
D/ICU     ( 9492): No timezone override file found: /data/misc/zoneinfo/current/icu/icu_tzdata.dat
I/Radio-JNI( 9492): register_android_hardware_Radio DONE
D/AndroidRuntime( 9492): Calling main entry com.android.commands.input.Input
I/Input   ( 9492): injectKeyEvent: KeyEvent { action=ACTION_DOWN, keyCode=KEYCODE_BACK, scanCode=0, metaState=0, flags=0x0, repeatCount=0, eventTime=261507, downTime=261507, deviceId=-1, source=0x101 }
I/Input   ( 9492): injectKeyEvent: KeyEvent { action=ACTION_UP, keyCode=KEYCODE_BACK, scanCode=0, metaState=0, flags=0x0, repeatCount=0, eventTime=261507, downTime=261507, deviceId=-1, source=0x101 }
D/AndroidRuntime( 9492): Shutting down VM
W/Finsky  ( 8638): [370] com.google.android.finsky.FinskyApp.i(1468): No account configured on this device.
I/Finsky  ( 8638): [370] com.google.android.finsky.c.e.run(1151): Replicating app states via AMAS.
D/AndroidRuntime( 9524): >>>>>> START com.android.internal.os.RuntimeInit uid 2000 <<<<<<
D/AndroidRuntime( 9524): CheckJNI is OFF
D/ICU     ( 9524): No timezone override file found: /data/misc/zoneinfo/current/icu/icu_tzdata.dat
I/Finsky  ( 8638): [370] com.google.android.finsky.c.c.a(311): Completed 0 account content syncs with 0 successful.
I/Finsky  ( 8638): [1] com.google.android.finsky.services.j.a(149): Installation state replication succeeded.
I/Radio-JNI( 9524): register_android_hardware_Radio DONE
D/AndroidRuntime( 9524): Calling main entry com.android.commands.am.Am
I/ActivityManager(  886): Force stopping com.careerbuilder.SugarDrone appid=12148 user=0: start instr
I/art     ( 9553): Late-enabling -Xcheck:jni
I/ActivityManager(  886): Start proc 9553:com.careerbuilder.SugarDrone/u0a2148 for added application com.careerbuilder.SugarDrone
W/System  ( 9553): ClassLoader referenced unknown path: /data/app/com.careerbuilder.SugarDrone.test-1/lib/arm64
W/System  ( 9553): ClassLoader referenced unknown path: 
W/monodroid( 9553): Using override path: /data/user/0/com.careerbuilder.SugarDrone/files/.__override__
W/monodroid( 9553): Trying to load sgen from: /data/user/0/com.careerbuilder.SugarDrone/files/.__override__/libmonosgen-2.0.so
W/monodroid( 9553): Trying to load sgen from: /storage/emulated/0/Android/data/com.careerbuilder.SugarDrone/files/.__override__/libmonosgen-2.0.so
W/monodroid( 9553): Trying to load sgen from: /data/app/com.careerbuilder.SugarDrone-1/lib/arm/libmonosgen-2.0.so
D/Mono    ( 9553): Image addref mscorlib[0xe4b18380] -> mscorlib.dll[0xf0d8e900]: 2
D/Mono    ( 9553): Prepared to set up assembly 'mscorlib' (mscorlib.dll)
D/Mono    ( 9553): AOT module 'mscorlib.dll.so' not found: dlopen failed: library "/data/app/com.careerbuilder.SugarDrone-1/lib/arm/libaot-mscorlib.dll.so" not found
D/Mono    ( 9553): AOT module '/Users/builder/data/lanes/4009/f3074d2c/source/monodroid/builds/install/mono-armv6/lib/mono/aot-cache/arm/mscorlib.dll.so' not found: dlopen failed: library "/data/app/com.careerbuilder.SugarDrone-1/lib/arm/libaot-mscorlib.dll.so" not found
D/Mono    ( 9553): Config attempting to parse: 'mscorlib.dll.config'.
D/Mono    ( 9553): Config attempting to parse: '/Users/builder/data/lanes/4009/f3074d2c/source/monodroid/builds/install/mono-armv6/etc/mono/assemblies/mscorlib/mscorlib.config'.
D/Mono    ( 9553): Assembly mscorlib[0xe4b18380] added to domain RootDomain, ref_count=1
D/Mono    ( 9553): Image addref CareerBuilder_Search.Droid[0xe4b183e0] -> CareerBuilder_Search.Droid.dll[0xf0d8f800]: 2
D/Mono    ( 9553): Prepared to set up assembly 'CareerBuilder_Search.Droid' (CareerBuilder_Search.Droid.dll)
D/Mono    ( 9553): Assembly CareerBuilder_Search.Droid[0xe4b183e0] added to domain RootDomain, ref_count=1
D/Mono    ( 9553): AOT module 'CareerBuilder_Search.Droid.dll.so' not found: dlopen failed: library "/data/app/com.careerbuilder.SugarDrone-1/lib/arm/libaot-CareerBuilder_Search.Droid.dll.so" not found
D/Mono    ( 9553): AOT module '/Users/builder/data/lanes/4009/f3074d2c/source/monodroid/builds/install/mono-armv6/lib/mono/aot-cache/arm/CareerBuilder_Search.Droid.dll.so' not found: dlopen failed: library "/data/app/com.careerbuilder.SugarDrone-1/lib/arm/libaot-CareerBuilder_Search.Droid.dll.so" not found
D/Mono    ( 9553): Config attempting to parse: 'CareerBuilder_Search.Droid.dll.config'.
D/Mono    ( 9553): Config attempting to parse: '/Users/builder/data/lanes/4009/f3074d2c/source/monodroid/builds/install/mono-armv6/etc/mono/assemblies/CareerBuilder_Search.Droid/CareerBuilder_Search.Droid.config'.
D/Mono    ( 9553): Image addref AppsFlyerXamarinBindingAndroid[0xe4b18440] -> AppsFlyerXamarinBindingAndroid.dll[0xf0d8fd00]: 2
D/Mono    ( 9553): Prepared to set up assembly 'AppsFlyerXamarinBindingAndroid' (AppsFlyerXamarinBindingAndroid.dll)
D/Mono    ( 9553): Assembly AppsFlyerXamarinBindingAndroid[0xe4b18440] added to domain RootDomain, ref_count=1
D/Mono    ( 9553): AOT module 'AppsFlyerXamarinBindingAndroid.dll.so' not found: dlopen failed: library "/data/app/com.careerbuilder.SugarDrone-1/lib/arm/libaot-AppsFlyerXamarinBindingAndroid.dll.so" not found
D/Mono    ( 9553): AOT module '/Users/builder/data/lanes/4009/f3074d2c/source/monodroid/builds/install/mono-armv6/lib/mono/aot-cache/arm/AppsFlyerXamarinBindingAndroid.dll.so' not found: dlopen failed: library "/data/app/com.careerbuilder.SugarDrone-1/lib/arm/libaot-AppsFlyerXamarinBindingAndroid.dll.so" not found
D/Mono    ( 9553): Config attempting to parse: 'AppsFlyerXamarinBindingAndroid.dll.config'.
D/Mono    ( 9553): Config attempting to parse: '/Users/builder/data/lanes/4009/f3074d2c/source/monodroid/builds/install/mono-armv6/etc/mono/assemblies/AppsFlyerXamarinBindingAndroid/AppsFlyerXamarinBindingAndroid.config'.
D/Mono    ( 9553): Image addref HockeySDK[0xe4b184a0] -> HockeySDK.dll[0xf0d90200]: 2
D/Mono    ( 9553): Prepared to set up assembly 'HockeySDK' (HockeySDK.dll)
D/Mono    ( 9553): Assembly HockeySDK[0xe4b184a0] added to domain RootDomain, ref_count=1
D/Mono    ( 9553): AOT module 'HockeySDK.dll.so' not found: dlopen failed: library "/data/app/com.careerbuilder.SugarDrone-1/lib/arm/libaot-HockeySDK.dll.so" not found
D/Mono    ( 9553): AOT module '/Users/builder/data/lanes/4009/f3074d2c/source/monodroid/builds/install/mono-armv6/lib/mono/aot-cache/arm/HockeySDK.dll.so' not found: dlopen failed: library "/data/app/com.careerbuilder.SugarDrone-1/lib/arm/libaot-HockeySDK.dll.so" not found
D/Mono    ( 9553): Config attempting to parse: 'HockeySDK.dll.config'.
D/Mono    ( 9553): Config attempting to parse: '/Users/builder/data/lanes/4009/f3074d2c/source/monodroid/builds/install/mono-armv6/etc/mono/assemblies/HockeySDK/HockeySDK.config'.
D/Mono    ( 9553): Image addref Akavache[0xe4b18500] -> Akavache.dll[0xf0d90700]: 2
D/Mono    ( 9553): Prepared to set up assembly 'Akavache' (Akavache.dll)
D/Mono    ( 9553): Assembly Akavache[0xe4b18500] added to domain RootDomain, ref_count=1
D/Mono    ( 9553): AOT module 'Akavache.dll.so' not found: dlopen failed: library "/data/app/com.careerbuilder.SugarDrone-1/lib/arm/libaot-Akavache.dll.so" not found
D/Mono    ( 9553): AOT module '/Users/builder/data/lanes/4009/f3074d2c/source/monodroid/builds/install/mono-armv6/lib/mono/aot-cache/arm/Akavache.dll.so' not found: dlopen failed: library "/data/app/com.careerbuilder.SugarDrone-1/lib/arm/libaot-Akavache.dll.so" not found
D/Mono    ( 9553): Config attempting to parse: 'Akavache.dll.config'.
D/Mono    ( 9553): Config attempting to parse: '/Users/builder/data/lanes/4009/f3074d2c/source/monodroid/builds/install/mono-armv6/etc/mono/assemblies/Akavache/Akavache.config'.
D/Mono    ( 9553): Image addref Akavache.Sqlite3[0xe4b18560] -> Akavache.Sqlite3.dll[0xf0d90c00]: 2
D/Mono    ( 9553): Prepared to set up assembly 'Akavache.Sqlite3' (Akavache.Sqlite3.dll)
D/Mono    ( 9553): Assembly Akavache.Sqlite3[0xe4b18560] added to domain RootDomain, ref_count=1
D/Mono    ( 9553): AOT module 'Akavache.Sqlite3.dll.so' not found: dlopen failed: library "/data/app/com.careerbuilder.SugarDrone-1/lib/arm/libaot-Akavache.Sqlite3.dll.so" not found
D/Mono    ( 9553): AOT module '/Users/builder/data/lanes/4009/f3074d2c/source/monodroid/builds/install/mono-armv6/lib/mono/aot-cache/arm/Akavache.Sqlite3.dll.so' not found: dlopen failed: library "/data/app/com.careerbuilder.SugarDrone-1/lib/arm/libaot-Akavache.Sqlite3.dll.so" not found
W/        ( 9553): Symbol file LoadedFromMemory doesn't match image Akavache.Sqlite3.dll
D/Mono    ( 9553): Config attempting to parse: 'Akavache.Sqlite3.dll.config'.
D/Mono    ( 9553): Config attempting to parse: '/Users/builder/data/lanes/4009/f3074d2c/source/monodroid/builds/install/mono-armv6/etc/mono/assemblies/Akavache.Sqlite3/Akavache.Sqlite3.config'.
D/Mono    ( 9553): Image addref Splat[0xe4b185c0] -> Splat.dll[0xf0d91100]: 2
D/Mono    ( 9553): Prepared to set up assembly 'Splat' (Splat.dll)
D/Mono    ( 9553): Assembly Splat[0xe4b185c0] added to domain RootDomain, ref_count=1
D/Mono    ( 9553): AOT module 'Splat.dll.so' not found: dlopen failed: library "/data/app/com.careerbuilder.SugarDrone-1/lib/arm/libaot-Splat.dll.so" not found
D/Mono    ( 9553): AOT module '/Users/builder/data/lanes/4009/f3074d2c/source/monodroid/builds/install/mono-armv6/lib/mono/aot-cache/arm/Splat.dll.so' not found: dlopen failed: library "/data/app/com.careerbuilder.SugarDrone-1/lib/arm/libaot-Splat.dll.so" not found
D/Mono    ( 9553): Config attempting to parse: 'Splat.dll.config'.
D/Mono    ( 9553): Config attempting to parse: '/Users/builder/data/lanes/4009/f3074d2c/source/monodroid/builds/install/mono-armv6/etc/mono/assemblies/Splat/Splat.config'.
D/Mono    ( 9553): Image addref Microsoft.Practices.ServiceLocation[0xe4b18620] -> Microsoft.Practices.ServiceLocation.dll[0xf0d91600]: 2
D/Mono    ( 9553): Prepared to set up assembly 'Microsoft.Practices.ServiceLocation' (Microsoft.Practices.ServiceLocation.dll)
D/Mono    ( 9553): Assembly Microsoft.Practices.ServiceLocation[0xe4b18620] added to domain RootDomain, ref_count=1
D/Mono    ( 9553): AOT module 'Microsoft.Practices.ServiceLocation.dll.so' not found: dlopen failed: library "/data/app/com.careerbuilder.SugarDrone-1/lib/arm/libaot-Microsoft.Practices.ServiceLocation.dll.so" not found
D/Mono    ( 9553): AOT module '/Users/builder/data/lanes/4009/f3074d2c/source/monodroid/builds/install/mono-armv6/lib/mono/aot-cache/arm/Microsoft.Practices.ServiceLocation.dll.so' not found: dlopen failed: library "/data/app/com.careerbuilder.SugarDrone-1/lib/arm/libaot-Microsoft.Practices.ServiceLocation.dll.so" not found
D/Mono    ( 9553): Config attempting to parse: 'Microsoft.Practices.ServiceLocation.dll.config'.
D/Mono    ( 9553): Config attempting to parse: '/Users/builder/data/lanes/4009/f3074d2c/source/monodroid/builds/install/mono-armv6/etc/mono/assemblies/Microsoft.Practices.ServiceLocation/Microsoft.Practices.ServiceLocation.config'.
D/Mono    ( 9553): Image addref Microsoft.Practices.Unity[0xe4b18680] -> Microsoft.Practices.Unity.dll[0xf0d91b00]: 2
D/Mono    ( 9553): Prepared to set up assembly 'Microsoft.Practices.Unity' (Microsoft.Practices.Unity.dll)
D/Mono    ( 9553): Assembly Microsoft.Practices.Unity[0xe4b18680] added to domain RootDomain, ref_count=1
D/Mono    ( 9553): AOT module 'Microsoft.Practices.Unity.dll.so' not found: dlopen failed: library "/data/app/com.careerbuilder.SugarDrone-1/lib/arm/libaot-Microsoft.Practices.Unity.dll.so" not found
D/Mono    ( 9553): AOT module '/Users/builder/data/lanes/4009/f3074d2c/source/monodroid/builds/install/mono-armv6/lib/mono/aot-cache/arm/Microsoft.Practices.Unity.dll.so' not found: dlopen failed: library "/data/app/com.careerbuilder.SugarDrone-1/lib/arm/libaot-Microsoft.Practices.Unity.dll.so" not found
D/Mono    ( 9553): Config attempting to parse: 'Microsoft.Practices.Unity.dll.config'.
D/Mono    ( 9553): Config attempting to parse: '/Users/builder/data/lanes/4009/f3074d2c/source/monodroid/builds/install/mono-armv6/etc/mono/assemblies/Microsoft.Practices.Unity/Microsoft.Practices.Unity.config'.
D/Mono    ( 9553): Image addref Plugin.CurrentActivity[0xe4b186e0] -> Plugin.CurrentActivity.dll[0xe4b37000]: 2
D/Mono    ( 9553): Prepared to set up assembly 'Plugin.CurrentActivity' (Plugin.CurrentActivity.dll)
D/Mono    ( 9553): Assembly Plugin.CurrentActivity[0xe4b186e0] added to domain RootDomain, ref_count=1
D/Mono    ( 9553): AOT module 'Plugin.CurrentActivity.dll.so' not found: dlopen failed: library "/data/app/com.careerbuilder.SugarDrone-1/lib/arm/libaot-Plugin.CurrentActivity.dll.so" not found
D/Mono    ( 9553): AOT module '/Users/builder/data/lanes/4009/f3074d2c/source/monodroid/builds/install/mono-armv6/lib/mono/aot-cache/arm/Plugin.CurrentActivity.dll.so' not found: dlopen failed: library "/data/app/com.careerbuilder.SugarDrone-1/lib/arm/libaot-Plugin.CurrentActivity.dll.so" not found
D/Mono    ( 9553): Config attempting to parse: 'Plugin.CurrentActivity.dll.config'.
D/Mono    ( 9553): Config attempting to parse: '/Users/builder/data/lanes/4009/f3074d2c/source/monodroid/builds/install/mono-armv6/etc/mono/assemblies/Plugin.CurrentActivity/Plugin.CurrentActivity.config'.
D/Mono    ( 9553): Image addref Plugin.Permissions[0xe4b18740] -> Plugin.Permissions.dll[0xe4b37500]: 2
D/Mono    ( 9553): Prepared to set up assembly 'Plugin.Permissions' (Plugin.Permissions.dll)
D/Mono    ( 9553): Assembly Plugin.Permissions[0xe4b18740] added to domain RootDomain, ref_count=1
D/Mono    ( 9553): AOT module 'Plugin.Permissions.dll.so' not found: dlopen failed: library "/data/app/com.careerbuilder.SugarDrone-1/lib/arm/libaot-Plugin.Permissions.dll.so" not found
D/Mono    ( 9553): AOT module '/Users/builder/data/lanes/4009/f3074d2c/source/monodroid/builds/install/mono-armv6/lib/mono/aot-cache/arm/Plugin.Permissions.dll.so' not found: dlopen failed: library "/data/app/com.careerbuilder.SugarDrone-1/lib/arm/libaot-Plugin.Permissions.dll.so" not found
D/Mono    ( 9553): Config attempting to parse: 'Plugin.Permissions.dll.config'.
D/Mono    ( 9553): Config attempting to parse: '/Users/builder/data/lanes/4009/f3074d2c/source/monodroid/builds/install/mono-armv6/etc/mono/assemblies/Plugin.Permissions/Plugin.Permissions.config'.
D/Mono    ( 9553): Image addref Plugin.Permissions.Abstractions[0xe4b187a0] -> Plugin.Permissions.Abstractions.dll[0xe4b37a00]: 2
D/Mono    ( 9553): Prepared to set up assembly 'Plugin.Permissions.Abstractions' (Plugin.Permissions.Abstractions.dll)
D/Mono    ( 9553): Assembly Plugin.Permissions.Abstractions[0xe4b187a0] added to domain RootDomain, ref_count=1
D/Mono    ( 9553): AOT module 'Plugin.Permissions.Abstractions.dll.so' not found: dlopen failed: library "/data/app/com.careerbuilder.SugarDrone-1/lib/arm/libaot-Plugin.Permissions.Abstractions.dll.so" not found
D/Mono    ( 9553): AOT module '/Users/builder/data/lanes/4009/f3074d2c/source/monodroid/builds/install/mono-armv6/lib/mono/aot-cache/arm/Plugin.Permissions.Abstractions.dll.so' not found: dlopen failed: library "/data/app/com.careerbuilder.SugarDrone-1/lib/arm/libaot-Plugin.Permissions.Abstractions.dll.so" not found
D/Mono    ( 9553): Config attempting to parse: 'Plugin.Permissions.Abstractions.dll.config'.
D/Mono    ( 9553): Config attempting to parse: '/Users/builder/data/lanes/4009/f3074d2c/source/monodroid/builds/install/mono-armv6/etc/mono/assemblies/Plugin.Permissions.Abstractions/Plugin.Permissions.Abstractions.config'.
D/Mono    ( 9553): Image addref Plugin.Geolocator[0xe4b18800] -> Plugin.Geolocator.dll[0xe4b37f00]: 2
D/Mono    ( 9553): Prepared to set up assembly 'Plugin.Geolocator' (Plugin.Geolocator.dll)
D/Mono    ( 9553): Assembly Plugin.Geolocator[0xe4b18800] added to domain RootDomain, ref_count=1
D/Mono    ( 9553): AOT module 'Plugin.Geolocator.dll.so' not found: dlopen failed: library "/data/app/com.careerbuilder.SugarDrone-1/lib/arm/libaot-Plugin.Geolocator.dll.so" not found
D/Mono    ( 9553): AOT module '/Users/builder/data/lanes/4009/f3074d2c/source/monodroid/builds/install/mono-armv6/lib/mono/aot-cache/arm/Plugin.Geolocator.dll.so' not found: dlopen failed: library "/data/app/com.careerbuilder.SugarDrone-1/lib/arm/libaot-Plugin.Geolocator.dll.so" not found
D/Mono    ( 9553): Config attempting to parse: 'Plugin.Geolocator.dll.config'.
D/Mono    ( 9553): Config attempting to parse: '/Users/builder/data/lanes/4009/f3074d2c/source/monodroid/builds/install/mono-armv6/etc/mono/assemblies/Plugin.Geolocator/Plugin.Geolocator.config'.
D/Mono    ( 9553): Image addref Plugin.Geolocator.Abstractions[0xe4b18860] -> Plugin.Geolocator.Abstractions.dll[0xe4b38400]: 2
D/Mono    ( 9553): Prepared to set up assembly 'Plugin.Geolocator.Abstractions' (Plugin.Geolocator.Abstractions.dll)
D/Mono    ( 9553): Assembly Plugin.Geolocator.Abstractions[0xe4b18860] added to domain RootDomain, ref_count=1
D/Mono    ( 9553): AOT module 'Plugin.Geolocator.Abstractions.dll.so' not found: dlopen failed: library "/data/app/com.careerbuilder.SugarDrone-1/lib/arm/libaot-Plugin.Geolocator.Abstractions.dll.so" not found
D/Mono    ( 9553): AOT module '/Users/builder/data/lanes/4009/f3074d2c/source/monodroid/builds/install/mono-armv6/lib/mono/aot-cache/arm/Plugin.Geolocator.Abstractions.dll.so' not found: dlopen failed: library "/data/app/com.careerbuilder.SugarDrone-1/lib/arm/libaot-Plugin.Geolocator.Abstractions.dll.so" not found
D/Mono    ( 9553): Config attempting to parse: 'Plugin.Geolocator.Abstractions.dll.config'.
D/Mono    ( 9553): Config attempting to parse: '/Users/builder/data/lanes/4009/f3074d2c/source/monodroid/builds/install/mono-armv6/etc/mono/assemblies/Plugin.Geolocator.Abstractions/Plugin.Geolocator.Abstractions.config'.
D/Mono    ( 9553): Image addref Plugin.DeviceInfo[0xe4b188c0] -> Plugin.DeviceInfo.dll[0xe4b38900]: 2
D/Mono    ( 9553): Prepared to set up assembly 'Plugin.DeviceInfo' (Plugin.DeviceInfo.dll)
D/Mono    ( 9553): Assembly Plugin.DeviceInfo[0xe4b188c0] added to domain RootDomain, ref_count=1
D/Mono    ( 9553): AOT module 'Plugin.DeviceInfo.dll.so' not found: dlopen failed: library "/data/app/com.careerbuilder.SugarDrone-1/lib/arm/libaot-Plugin.DeviceInfo.dll.so" not found
D/Mono    ( 9553): AOT module '/Users/builder/data/lanes/4009/f3074d2c/source/monodroid/builds/install/mono-armv6/lib/mono/aot-cache/arm/Plugin.DeviceInfo.dll.so' not found: dlopen failed: library "/data/app/com.careerbuilder.SugarDrone-1/lib/arm/libaot-Plugin.DeviceInfo.dll.so" not found
D/Mono    ( 9553): Config attempting to parse: 'Plugin.DeviceInfo.dll.config'.
D/Mono    ( 9553): Config attempting to parse: '/Users/builder/data/lanes/4009/f3074d2c/source/monodroid/builds/install/mono-armv6/etc/mono/assemblies/Plugin.DeviceInfo/Plugin.DeviceInfo.config'.
D/Mono    ( 9553): Image addref Plugin.DeviceInfo.Abstractions[0xe4b18920] -> Plugin.DeviceInfo.Abstractions.dll[0xe4b38e00]: 2
D/Mono    ( 9553): Prepared to set up assembly 'Plugin.DeviceInfo.Abstractions' (Plugin.DeviceInfo.Abstractions.dll)
D/Mono    ( 9553): Assembly Plugin.DeviceInfo.Abstractions[0xe4b18920] added to domain RootDomain, ref_count=1
D/Mono    ( 9553): AOT module 'Plugin.DeviceInfo.Abstractions.dll.so' not found: dlopen failed: library "/data/app/com.careerbuilder.SugarDrone-1/lib/arm/libaot-Plugin.DeviceInfo.Abstractions.dll.so" not found
D/Mono    ( 9553): AOT module '/Users/builder/data/lanes/4009/f3074d2c/source/monodroid/builds/install/mono-armv6/lib/mono/aot-cache/arm/Plugin.DeviceInfo.Abstractions.dll.so' not found: dlopen failed: library "/data/app/com.careerbuilder.SugarDrone-1/lib/arm/libaot-Plugin.DeviceInfo.Abstractions.dll.so" not found
D/Mono    ( 9553): Config attempting to parse: 'Plugin.DeviceInfo.Abstractions.dll.config'.
D/Mono    ( 9553): Config attempting to parse: '/Users/builder/data/lanes/4009/f3074d2c/source/monodroid/builds/install/mono-armv6/etc/mono/assemblies/Plugin.DeviceInfo.Abstractions/Plugin.DeviceInfo.Abstractions.config'.
D/Mono    ( 9553): Image addref Xamarin.GooglePlayServices.Analytics[0xe4b18980] -> Xamarin.GooglePlayServices.Analytics.dll[0xe4b39300]: 2
D/Mono    ( 9553): Prepared to set up assembly 'Xamarin.GooglePlayServices.Analytics' (Xamarin.GooglePlayServices.Analytics.dll)
D/Mono    ( 9553): Assembly Xamarin.GooglePlayServices.Analytics[0xe4b18980] added to domain RootDomain, ref_count=1
