I/WindowManager(  878): Destroying surface Surface(name=com.careerbuilder.SugarDrone/md5a4824aa66c0dc4d104077b72c1916a44.MasterNavActivity) called by com.android.server.wm.WindowStateAnimator.destroySurface:2014 com.android.server.wm.WindowStateAnimator.destroySurfaceLocked:881 com.android.server.wm.WindowState.destroyOrSaveSurface:2073 com.android.server.wm.WindowManagerService.tryStartExitingAnimation:3017 com.android.server.wm.WindowManagerService.relayoutWindow:2897 com.android.server.wm.Session.relayout:215 android.view.IWindowSession$Stub.onTransact:286 com.android.server.wm.Session.onTransact:136 
I/System.out( 9606): URI: /map
I/System.out( 9606): params: {json={"query":"* marked:'applyButton'","operation":{"method_name":"query","arguments":[]}}
I/System.out( 9606): }
W/ResourceType( 9606): No known package when getting name for resource number 0xffffffff
W/ResourceType( 9606): No known package when getting name for resource number 0xffffffff
W/ResourceType( 9606): No known package when getting name for resource number 0xffffffff
W/ResourceType( 9606): No known package when getting name for resource number 0xffffffff
W/ResourceType( 9606): No known package when getting name for resource number 0xffffffff
I/mono-stdout( 9606): done making call to: /consumer/saved-jobs/?DeveloperKey=WDHR8FC6P2JZ1Y61KLM5
W/ResourceType( 9606): No known package when getting name for resource number 0xffffffff
W/ResourceType( 9606): No known package when getting name for resource number 0xffffffff
W/ResourceType( 9606): No known package when getting name for resource number 0xffffffff
W/ResourceType( 9606): No known package when getting name for resource number 0xffffffff
W/ResourceType( 9606): No known package when getting name for resource number 0xffffffff
W/ResourceType( 9606): No known package when getting name for resource number 0xffffffff
W/ResourceType( 9606): No known package when getting name for resource number 0xffffffff
W/ResourceType( 9606): No known package when getting name for resource number 0xffffffff
W/ResourceType( 9606): No known package when getting name for resource number 0xffffffff
W/ResourceType( 9606): No known package when getting name for resource number 0xffffffff
W/ResourceType( 9606): No known package when getting name for resource number 0xffffffff
W/ResourceType( 9606): No known package when getting name for resource number 0xffffffff
W/ResourceType( 9606): No known package when getting name for resource number 0xffffffff
W/ResourceType( 9606): No known package when getting name for resource number 0xffffffff
W/ResourceType( 9606): No known package when getting name for resource number 0xffffffff
W/ResourceType( 9606): No known package when getting name for resource number 0xffffffff
W/ResourceType( 9606): No known package when getting name for resource number 0xffffffff
W/ResourceType( 9606): No known package when getting name for resource number 0xffffffff
W/ResourceType( 9606): No known package when getting name for resource number 0xffffffff
W/ResourceType( 9606): No known package when getting name for resource number 0xffffffff
W/ResourceType( 9606): No known package when getting name for resource number 0xffffffff
W/ResourceType( 9606): No known package when getting name for resource number 0xffffffff
W/ResourceType( 9606): No known package when getting name for resource number 0xffffffff
W/ResourceType( 9606): No known package when getting name for resource number 0xffffffff
W/ResourceType( 9606): No known package when getting name for resource number 0xffffffff
W/ResourceType( 9606): No known package when getting name for resource number 0xffffffff
W/ResourceType( 9606): No known package when getting name for resource number 0xffffffff
W/ResourceType( 9606): No known package when getting name for resource number 0xffffffff
W/ResourceType( 9606): No known package when getting name for resource number 0xffffffff
W/ResourceType( 9606): No known package when getting name for resource number 0xffffffff
W/ResourceType( 9606): No known package when getting name for resource number 0xffffffff
W/ResourceType( 9606): No known package when getting name for resource number 0xffffffff
I/art     ( 9606): Starting a blocking GC Explicit
W/ResourceType( 9606): No known package when getting name for resource number 0xffffffff
W/ResourceType( 9606): No known package when getting name for resource number 0xffffffff
W/ResourceType( 9606): No known package when getting name for resource number 0xffffffff
W/ResourceType( 9606): No known package when getting name for resource number 0xffffffff
W/ResourceType( 9606): No known package when getting name for resource number 0xffffffff
W/ResourceType( 9606): No known package when getting name for resource number 0xffffffff
W/ResourceType( 9606): No known package when getting name for resource number 0xffffffff
W/ResourceType( 9606): No known package when getting name for resource number 0xffffffff
W/ResourceType( 9606): No known package when getting name for resource number 0xffffffff
I/art     ( 9606): Explicit concurrent mark sweep GC freed 16698(773KB) AllocSpace objects, 2(40KB) LOS objects, 40% free, 13MB/22MB, paused 1.064ms total 59.628ms
W/ResourceType( 9606): No known package when getting name for resource number 0xffffffff
W/ResourceType( 9606): No known package when getting name for resource number 0xffffffff
W/ResourceType( 9606): No known package when getting name for resource number 0xffffffff
W/ResourceType( 9606): No known package when getting name for resource number 0xffffffff
W/ResourceType( 9606): No known package when getting name for resource number 0xffffffff
W/ResourceType( 9606): No known package when getting name for resource number 0xffffffff
W/ResourceType( 9606): No known package when getting name for resource number 0xffffffff
W/ResourceType( 9606): No known package when getting name for resource number 0xffffffff
W/ResourceType( 9606): No known package when getting name for resource number 0xffffffff
W/ResourceType( 9606): No known package when getting name for resource number 0xffffffff
W/ResourceType( 9606): No known package when getting name for resource number 0xffffffff
W/ResourceType( 9606): No known package when getting name for resource number 0xffffffff
W/ResourceType( 9606): No known package when getting name for resource number 0xffffffff
W/ResourceType( 9606): No known package when getting name for resource number 0xffffffff
W/ResourceType( 9606): No known package when getting name for resource number 0xffffffff
W/ResourceType( 9606): No known package when getting name for resource number 0xffffffff
W/ResourceType( 9606): No known package when getting name for resource number 0xffffffff
W/ResourceType( 9606): No known package when getting name for resource number 0xffffffff
W/ResourceType( 9606): No known package when getting name for resource number 0xffffffff
W/ResourceType( 9606): No known package when getting name for resource number 0xffffffff
W/ResourceType( 9606): No known package when getting name for resource number 0xffffffff
W/ResourceType( 9606): No known package when getting name for resource number 0xffffffff
W/ResourceType( 9606): No known package when getting name for resource number 0xffffffff
W/ResourceType( 9606): No known package when getting name for resource number 0xffffffff
W/ResourceType( 9606): No known package when getting name for resource number 0xffffffff
W/ResourceType( 9606): No known package when getting name for resource number 0xffffffff
W/ResourceType( 9606): No known package when getting name for resource number 0xffffffff
W/ResourceType( 9606): No known package when getting name for resource number 0xffffffff
W/ResourceType( 9606): No known package when getting name for resource number 0xffffffff
W/ResourceType( 9606): No known package when getting name for resource number 0xffffffff
W/ResourceType( 9606): No known package when getting name for resource number 0xffffffff
W/ResourceType( 9606): No known package when getting name for resource number 0xffffffff
W/ResourceType( 9606): No known package when getting name for resource number 0xffffffff
W/ResourceType( 9606): No known package when getting name for resource number 0xffffffff
W/ResourceType( 9606): No known package when getting name for resource number 0xffffffff
W/ResourceType( 9606): No known package when getting name for resource number 0xffffffff
W/ResourceType( 9606): No known package when getting name for resource number 0xffffffff
W/ResourceType( 9606): No known package when getting name for resource number 0xffffffff
I/Choreographer( 9606): Skipped 37 frames!  The application may be doing too much work on its main thread.
I/System.out( 9606): URI: /map
I/System.out( 9606): params: {json={"query":"* marked:'applyButton'","operation":{"method_name":"query","arguments":[]}}
I/System.out( 9606): }
W/ResourceType( 9606): No known package when getting name for resource number 0xffffffff
W/ResourceType( 9606): No known package when getting name for resource number 0xffffffff
W/ResourceType( 9606): No known package when getting name for resource number 0xffffffff
W/ResourceType( 9606): No known package when getting name for resource number 0xffffffff
W/ResourceType( 9606): No known package when getting name for resource number 0xffffffff
W/ResourceType( 9606): No known package when getting name for resource number 0xffffffff
W/ResourceType( 9606): No known package when getting name for resource number 0xffffffff
W/ResourceType( 9606): No known package when getting name for resource number 0xffffffff
W/ResourceType( 9606): No known package when getting name for resource number 0xffffffff
W/ResourceType( 9606): No known package when getting name for resource number 0xffffffff
W/ResourceType( 9606): No known package when getting name for resource number 0xffffffff
W/ResourceType( 9606): No known package when getting name for resource number 0xffffffff
W/ResourceType( 9606): No known package when getting name for resource number 0xffffffff
W/ResourceType( 9606): No known package when getting name for resource number 0xffffffff
W/ResourceType( 9606): No known package when getting name for resource number 0xffffffff
W/ResourceType( 9606): No known package when getting name for resource number 0xffffffff
W/ResourceType( 9606): No known package when getting name for resource number 0xffffffff
W/ResourceType( 9606): No known package when getting name for resource number 0xffffffff
W/ResourceType( 9606): No known package when getting name for resource number 0xffffffff
W/ResourceType( 9606): No known package when getting name for resource number 0xffffffff
W/ResourceType( 9606): No known package when getting name for resource number 0xffffffff
W/ResourceType( 9606): No known package when getting name for resource number 0xffffffff
W/ResourceType( 9606): No known package when getting name for resource number 0xffffffff
W/ResourceType( 9606): No known package when getting name for resource number 0xffffffff
W/ResourceType( 9606): No known package when getting name for resource number 0xffffffff
W/ResourceType( 9606): No known package when getting name for resource number 0xffffffff
W/ResourceType( 9606): No known package when getting name for resource number 0xffffffff
W/ResourceType( 9606): No known package when getting name for resource number 0xffffffff
W/ResourceType( 9606): No known package when getting name for resource number 0xffffffff
W/ResourceType( 9606): No known package when getting name for resource number 0xffffffff
W/ResourceType( 9606): No known package when getting name for resource number 0xffffffff
W/ResourceType( 9606): No known package when getting name for resource number 0xffffffff
W/ResourceType( 9606): No known package when getting name for resource number 0xffffffff
W/ResourceType( 9606): No known package when getting name for resource number 0xffffffff
W/ResourceType( 9606): No known package when getting name for resource number 0xffffffff
W/ResourceType( 9606): No known package when getting name for resource number 0xffffffff
W/ResourceType( 9606): No known package when getting name for resource number 0xffffffff
W/ResourceType( 9606): No known package when getting name for resource number 0xffffffff
W/ResourceType( 9606): No known package when getting name for resource number 0xffffffff
W/ResourceType( 9606): No known package when getting name for resource number 0xffffffff
W/ResourceType( 9606): No known package when getting name for resource number 0xffffffff
W/ResourceType( 9606): No known package when getting name for resource number 0xffffffff
W/ResourceType( 9606): No known package when getting name for resource number 0xffffffff
W/ResourceType( 9606): No known package when getting name for resource number 0xffffffff
W/ResourceType( 9606): No known package when getting name for resource number 0xffffffff
W/ResourceType( 9606): No known package when getting name for resource number 0xffffffff
W/ResourceType( 9606): No known package when getting name for resource number 0xffffffff
W/ResourceType( 9606): No known package when getting name for resource number 0xffffffff
W/ResourceType( 9606): No known package when getting name for resource number 0xffffffff
W/ResourceType( 9606): No known package when getting name for resource number 0xffffffff
W/ResourceType( 9606): No known package when getting name for resource number 0xffffffff
W/ResourceType( 9606): No known package when getting name for resource number 0xffffffff
W/ResourceType( 9606): No known package when getting name for resource number 0xffffffff
W/ResourceType( 9606): No known package when getting name for resource number 0xffffffff
W/ResourceType( 9606): No known package when getting name for resource number 0xffffffff
W/ResourceType( 9606): No known package when getting name for resource number 0xffffffff
W/ResourceType( 9606): No known package when getting name for resource number 0xffffffff
W/ResourceType( 9606): No known package when getting name for resource number 0xffffffff
W/ResourceType( 9606): No known package when getting name for resource number 0xffffffff
W/ResourceType( 9606): No known package when getting name for resource number 0xffffffff
W/ResourceType( 9606): No known package when getting name for resource number 0xffffffff
W/ResourceType( 9606): No known package when getting name for resource number 0xffffffff
W/ResourceType( 9606): No known package when getting name for resource number 0xffffffff
W/ResourceType( 9606): No known package when getting name for resource number 0xffffffff
W/ResourceType( 9606): No known package when getting name for resource number 0xffffffff
W/ResourceType( 9606): No known package when getting name for resource number 0xffffffff
W/ResourceType( 9606): No known package when getting name for resource number 0xffffffff
W/ResourceType( 9606): No known package when getting name for resource number 0xffffffff
W/ResourceType( 9606): No known package when getting name for resource number 0xffffffff
W/ResourceType( 9606): No known package when getting name for resource number 0xffffffff
W/ResourceType( 9606): No known package when getting name for resource number 0xffffffff
W/ResourceType( 9606): No known package when getting name for resource number 0xffffffff
W/ResourceType( 9606): No known package when getting name for resource number 0xffffffff
W/ResourceType( 9606): No known package when getting name for resource number 0xffffffff
W/ResourceType( 9606): No known package when getting name for resource number 0xffffffff
W/ResourceType( 9606): No known package when getting name for resource number 0xffffffff
W/ResourceType( 9606): No known package when getting name for resource number 0xffffffff
W/ResourceType( 9606): No known package when getting name for resource number 0xffffffff
W/ResourceType( 9606): No known package when getting name for resource number 0xffffffff
W/ResourceType( 9606): No known package when getting name for resource number 0xffffffff
W/ResourceType( 9606): No known package when getting name for resource number 0xffffffff
W/ResourceType( 9606): No known package when getting name for resource number 0xffffffff
W/ResourceType( 9606): No known package when getting name for resource number 0xffffffff
W/ResourceType( 9606): No known package when getting name for resource number 0xffffffff
I/System.out( 9606): URI: /
I/System.out( 9606): params: {json={"command":"touch_coordinate","arguments":[540.0,1705.0]}
I/System.out( 9606): }
I/System.out( 9606): header: {content-type=application/json; charset=utf-8, connection=close, host=devicehost59.prod, x-session-token=token-token-7bb33f9b-6242-424a-ac15-48fcb22df85f, content-length=57, x-forwarded-for=10.222.150.26}
I/System.out( 9606): params: {json={"command":"touch_coordinate","arguments":[540.0,1705.0]}
I/System.out( 9606): }
I/System.out( 9606): ProP json = {"command":"touch_coordinate","arguments":[540.0,1705.0]}
I/System.out( 9606): files: {}
I/System.out( 9606): command: {"command":"touch_coordinate","arguments":[540.0,1705.0]}
I/InstrumentationBackend( 9606): Got command:'Command:'Line:null,touch_coordinate', arguments:'[540.0, 1705.0]'
I/calabash( 9606): execStartActivity 4
I/ActivityManager(  878): START u0 {cmp=com.careerbuilder.SugarDrone/md5a4824aa66c0dc4d104077b72c1916a44.ApplyActivity (has extras)} from uid 12142 on display 0
I/calabash( 9606): newActivity1
I/System.out( 9606): result:{"bonusInformation":[],"message":"","success":true}
I/mono-stdout( 9606): uri is: https://api.careerbuilder.com/v3/job?DID=job1&outputjson=true&ShowApplyRequirements=true&DeveloperKey=WDHR8FC6P2JZ1Y61KLM5
I/mono-stdout( 9606): making api call to: /v3/job?DID=job1&outputjson=true&ShowApplyRequirements=true&DeveloperKey=WDHR8FC6P2JZ1Y61KLM5
I/ActivityManager(  878): Displayed com.careerbuilder.SugarDrone/md5a4824aa66c0dc4d104077b72c1916a44.ApplyActivity: +238ms
I/System.out( 9606): URI: /map
I/System.out( 9606): params: {json={"query":"* marked:'Employer Questionnaire'","operation":{"method_name":"query","arguments":[]}}
I/System.out( 9606): }
D/OpenGLRenderer( 9606): endAllActiveAnimators on 0xc51e0700 (RippleDrawable) with handle 0xc1fad3d0
W/ResourceType( 9606): No known package when getting name for resource number 0xffffffff
W/ResourceType( 9606): No known package when getting name for resource number 0xffffffff
W/ResourceType( 9606): No known package when getting name for resource number 0xffffffff
W/ResourceType( 9606): No known package when getting name for resource number 0xffffffff
W/ResourceType( 9606): No known package when getting name for resource number 0xffffffff
W/ResourceType( 9606): No known package when getting name for resource number 0xffffffff
W/ResourceType( 9606): No known package when getting name for resource number 0xffffffff
W/ResourceType( 9606): No known package when getting name for resource number 0xffffffff
W/ResourceType( 9606): No known package when getting name for resource number 0xffffffff
W/ResourceType( 9606): No known package when getting name for resource number 0xffffffff
W/ResourceType( 9606): No known package when getting name for resource number 0xffffffff
W/ResourceType( 9606): No known package when getting name for resource number 0xffffffff
W/ResourceType( 9606): No known package when getting name for resource number 0xffffffff
W/ResourceType( 9606): No known package when getting name for resource number 0xffffffff
W/ResourceType( 9606): No known package when getting name for resource number 0xffffffff
W/ResourceType( 9606): No known package when getting name for resource number 0xffffffff
W/ResourceType( 9606): No known package when getting name for resource number 0xffffffff
W/ResourceType( 9606): No known package when getting name for resource number 0xffffffff
W/ResourceType( 9606): No known package when getting name for resource number 0xffffffff
W/ResourceType( 9606): No known package when getting name for resource number 0xffffffff
W/ResourceType( 9606): No known package when getting name for resource number 0xffffffff
W/ResourceType( 9606): No known package when getting name for resource number 0xffffffff
W/ResourceType( 9606): No known package when getting name for resource number 0xffffffff
W/ResourceType( 9606): No known package when getting name for resource number 0xffffffff
W/ResourceType( 9606): No known package when getting name for resource number 0xffffffff
W/ResourceType( 9606): No known package when getting name for resource number 0xffffffff
W/ResourceType( 9606): No known package when getting name for resource number 0xffffffff
W/ResourceType( 9606): No known package when getting name for resource number 0xffffffff
W/ResourceType( 9606): No known package when getting name for resource number 0xffffffff
I/mono-stdout( 9606): done making call to: /v3/job?DID=job1&outputjson=true&ShowApplyRequirements=true&DeveloperKey=WDHR8FC6P2JZ1Y61KLM5
I/mono-stdout( 9606): uri is: https://api.careerbuilder.com/cbapi/job/job1/applicationform?DeveloperKey=WDHR8FC6P2JZ1Y61KLM5
W/ResourceType( 9606): No known package when getting name for resource number 0xffffffff
I/mono-stdout( 9606): making api call to: /cbapi/job/job1/applicationform?DeveloperKey=WDHR8FC6P2JZ1Y61KLM5
W/ResourceType( 9606): No known package when getting name for resource number 0xffffffff
W/ResourceType( 9606): No known package when getting name for resource number 0xffffffff
W/ResourceType( 9606): No known package when getting name for resource number 0xffffffff
W/ResourceType( 9606): No known package when getting name for resource number 0xffffffff
W/ResourceType( 9606): No known package when getting name for resource number 0xffffffff
W/ResourceType( 9606): No known package when getting name for resource number 0xffffffff
W/ResourceType( 9606): No known package when getting name for resource number 0xffffffff
W/ResourceType( 9606): No known package when getting name for resource number 0xffffffff
W/ResourceType( 9606): No known package when getting name for resource number 0xffffffff
W/ResourceType( 9606): No known package when getting name for resource number 0xffffffff
W/ResourceType( 9606): No known package when getting name for resource number 0xffffffff
W/ResourceType( 9606): No known package when getting name for resource number 0xffffffff
W/ResourceType( 9606): No known package when getting name for resource number 0xffffffff
W/ResourceType( 9606): No known package when getting name for resource number 0xffffffff
W/ResourceType( 9606): No known package when getting name for resource number 0xffffffff
W/ResourceType( 9606): No known package when getting name for resource number 0xffffffff
W/ResourceType( 9606): No known package when getting name for resource number 0xffffffff
W/ResourceType( 9606): No known package when getting name for resource number 0xffffffff
W/ResourceType( 9606): No known package when getting name for resource number 0xffffffff
W/ResourceType( 9606): No known package when getting name for resource number 0xffffffff
W/ResourceType( 9606): No known package when getting name for resource number 0xffffffff
W/ResourceType( 9606): No known package when getting name for resource number 0xffffffff
W/ResourceType( 9606): No known package when getting name for resource number 0xffffffff
W/ResourceType( 9606): No known package when getting name for resource number 0xffffffff
W/ResourceType( 9606): No known package when getting name for resource number 0xffffffff
W/ResourceType( 9606): No known package when getting name for resource number 0xffffffff
W/ResourceType( 9606): No known package when getting name for resource number 0xffffffff
W/ResourceType( 9606): No known package when getting name for resource number 0xffffffff
W/ResourceType( 9606): No known package when getting name for resource number 0xffffffff
W/ResourceType( 9606): No known package when getting name for resource number 0xffffffff
W/ResourceType( 9606): No known package when getting name for resource number 0xffffffff
W/ResourceType( 9606): No known package when getting name for resource number 0xffffffff
W/ResourceType( 9606): No known package when getting name for resource number 0xffffffff
W/ResourceType( 9606): No known package when getting name for resource number 0xffffffff
W/ResourceType( 9606): No known package when getting name for resource number 0xffffffff
W/ResourceType( 9606): No known package when getting name for resource number 0xffffffff
W/ResourceType( 9606): No known package when getting name for resource number 0xffffffff
W/ResourceType( 9606): No known package when getting name for resource number 0xffffffff
W/ResourceType( 9606): No known package when getting name for resource number 0xffffffff
W/ResourceType( 9606): No known package when getting name for resource number 0xffffffff
W/ResourceType( 9606): No known package when getting name for resource number 0xffffffff
W/ResourceType( 9606): No known package when getting name for resource number 0xffffffff
W/ResourceType( 9606): No known package when getting name for resource number 0xffffffff
W/ResourceType( 9606): No known package when getting name for resource number 0xffffffff
W/ResourceType( 9606): No known package when getting name for resource number 0xffffffff
W/ResourceType( 9606): No known package when getting name for resource number 0xffffffff
W/ResourceType( 9606): No known package when getting name for resource number 0xffffffff
W/ResourceType( 9606): No known package when getting name for resource number 0xffffffff
W/ResourceType( 9606): No known package when getting name for resource number 0xffffffff
W/ResourceType( 9606): No known package when getting name for resource number 0xffffffff
W/ResourceType( 9606): No known package when getting name for resource number 0xffffffff
W/ResourceType( 9606): No known package when getting name for resource number 0xffffffff
W/ResourceType( 9606): No known package when getting name for resource number 0xffffffff
W/ResourceType( 9606): No known package when getting name for resource number 0xffffffff
W/ResourceType( 9606): No known package when getting name for resource number 0xffffffff
W/ResourceType( 9606): No known package when getting name for resource number 0xffffffff
W/ResourceType( 9606): No known package when getting name for resource number 0xffffffff
W/ResourceType( 9606): No known package when getting name for resource number 0xffffffff
W/ResourceType( 9606): No known package when getting name for resource number 0xffffffff
W/ResourceType( 9606): No known package when getting name for resource number 0xffffffff
W/ResourceType( 9606): No known package when getting name for resource number 0xffffffff
W/ResourceType( 9606): No known package when getting name for resource number 0xffffffff
W/ResourceType( 9606): No known package when getting name for resource number 0xffffffff
W/ResourceType( 9606): No known package when getting name for resource number 0xffffffff
W/ResourceType( 9606): No known package when getting name for resource number 0xffffffff
I/WindowManager(  878): Destroying surface Surface(name=com.careerbuilder.SugarDrone/md5a4824aa66c0dc4d104077b72c1916a44.JobDisplayPageActivity) called by com.android.server.wm.WindowStateAnimator.destroySurface:2014 com.android.server.wm.WindowStateAnimator.destroySurfaceLocked:881 com.android.server.wm.WindowState.destroyOrSaveSurface:2073 com.android.server.wm.AppWindowToken.destroySurfaces:363 com.android.server.wm.AppWindowToken.notifyAppStopped:389 com.android.server.wm.WindowManagerService.notifyAppStopped:4456 com.android.server.am.ActivityStack.activityStoppedLocked:1252 com.android.server.am.ActivityManagerService.activityStopped:6873 
W/SurfaceFlinger(  399): couldn't log to binary event log: overflow.
I/mono-stdout( 9606): done making call to: /cbapi/job/job1/applicationform?DeveloperKey=WDHR8FC6P2JZ1Y61KLM5
I/art     ( 9606): Starting a blocking GC Explicit
I/art     ( 9606): Explicit concurrent mark sweep GC freed 160274(6MB) AllocSpace objects, 16(320KB) LOS objects, 39% free, 13MB/23MB, paused 1.030ms total 85.205ms
D/Mono    ( 9606): GC_TAR_BRIDGE bridges 266 objects 1225 opaque 979 colors 266 colors-bridged 266 colors-visible 266 xref 146 cache-hit 0 cache-semihit 0 cache-miss 0 setup 0.10ms tarjan 1.41ms scc-setup 0.17ms gather-xref 0.03ms xref-setup 0.02ms cleanup 0.26ms
D/Mono    ( 9606): GC_BRIDGE: Complete, was running for 92.95ms
D/Mono    ( 9606): GC_MINOR: (Nursery full) time 16.97ms, stw 17.37ms promoted 442K major size: 2352K in use: 1642K los size: 2048K in use: 961K
D/Mono    ( 9606): Assembly Ref addref Xamarin.Android.Support.Design[0xdbe78c80] -> Xamarin.Android.Support.v7.AppCompat[0xdbe78c20]: 3
D/Mono    ( 9606): Assembly Ref addref CareerBuilder_Search.Droid[0xdbe78260] -> libphonenumber[0xdbe78da0]: 2
W/Mono    ( 9606): The request to load the assembly mscorlib v4.0.0.0 was remapped to v2.0.5.0
D/Mono    ( 9606): Unloading image mscorlib.dll [0xc4e57100].
D/Mono    ( 9606): Config attempting to parse: 'mscorlib.dll.config'.
D/Mono    ( 9606): Config attempting to parse: '/Users/builder/data/lanes/4009/f3074d2c/source/monodroid/builds/install/mono-armv6/etc/mono/assemblies/mscorlib/mscorlib.config'.
D/Mono    ( 9606): Assembly Ref addref libphonenumber[0xdbe78da0] -> mscorlib[0xdbe78200]: 50
D/Mono    ( 9606): [0xc3ffa920] hill climbing, change max number of threads 6
D/Mono    ( 9606): Assembly Ref addref HockeySDK[0xdbe78320] -> System[0xdbe79400]: 15
W/Xamarin.Insights( 9606): Warning: Unhandled exception: System.AggregateException: A Task's exception(s) were not observed either by Waiting on the Task or accessing its Exception property. As a result, the unobserved exception was rethrown by the finalizer thread. ---> System.NullReferenceException: Object reference not set to an instance of an object
W/Xamarin.Insights( 9606):   at CareerBuilder_Search.Models.VisitorEventBase..ctor () [0x00000] in /Users/dev/src/Mobile/MobileApp-JobSearch-X/CareerBuilder-Search/CareerBuilder-Search/CareerBuilder_Search/Models/VisitorEventBase.cs:7 
W/Xamarin.Insights( 9606):   at CareerBuilder_Search.VisitorJobSearchEvent..ctor (System.Collections.Generic.Dictionary`2[TKey,TValue] search, CareerBuilder_Search.Models.JobSearchResponse jobSearchResponse) [0x00000] in /Users/dev/src/Mobile/MobileApp-JobSearch-X/CareerBuilder-Search/CareerBuilder-Search/CareerBuilder_Search/Models/VisitorJobSearchEvent.cs:14 
W/Xamarin.Insights( 9606):   at CareerBuilder_Search.VisitorJobSearchPublisher+<PublishJobSearchToVisitorEvents>c__async0.MoveNext () [0x0002f] in /Users/dev/src/Mobile/MobileApp-JobSearch-X/CareerBuilder-Search/CareerBuilder-Search/CareerBuilder_Search/Decorators/VisitorJobSearchPublisher.cs:40 
W/Xamarin.Insights( 9606): --- End of stack trace from previous location where exception was thrown ---
W/Xamarin.Insights( 9606):   at System.Runtime.ExceptionServices.ExceptionDispatchInfo.Throw () [0x0000c] in /Users/builder/data/lanes/4009/f3074d2c/source/mono/mcs/class/referencesource/mscorlib/system/runtime/exceptionservices/exceptionservicescommon.cs:143 
W/Xamarin.Insights( 9606):   at System.Runtime.CompilerServices.TaskAwaiter.ThrowForNonSuccess (System.Threading.Tasks.Task task) [0x00047] in /Users/builder/data/lanes/4009/f3074d2c/source/mono/mcs/class/referencesource/mscorlib/system/runtime/compilerservices/TaskAwaiter.cs:187 
W/Xamarin.Insights( 9606):   at System.Runtime.CompilerServices.TaskAwaiter.HandleNonSuccessAndDebuggerNotification (System.Threading.Tasks.Task task) [0x0002e] in /Users/builder/data/lanes/4009/f3074d2c/source/mono/mcs/class/referencesource/mscorlib/system/runtime/compilerservices/TaskAwaiter.cs:156 
W/Xamarin.Insights( 9606):   at System.Runtime.CompilerServices.TaskAwaiter.ValidateEnd (System.Threading.Tasks.Task task) [0x0000b] in /Users/builder/data/lanes/4009/f3074d2c/source/mono/mcs/class/referencesource/mscorlib/system/runtime/compilerservices/TaskAwaiter.cs:128 
W/Xamarin.Insights( 9606):   at System.Runtime.CompilerServices.TaskAwaiter`1[TResult].GetResult () [0x00000] in /Users/builder/data/lanes/4009/f3074d2c/source/mono/mcs/class/referencesource/mscorlib/system/runtime/compilerservices/TaskAwaiter.cs:357 
W/Xamarin.Insights( 9606):   at CareerBuilder_Search.VisitorJobSearchPublisher+<GetSearchResults>c__AnonStoreyB+<GetSearchResults>c__asyncA.MoveNext () [0x00022] in /Users/dev/src/Mobile/MobileApp-JobSearch-X/CareerBuilder-Search/CareerBuilder-Search/CareerBuilder_Search/Decorators/VisitorJobSearchPublisher.cs:32 
W/Xamarin.Insights( 9606):    --- End of inner exception stack trace ---
W/Xamarin.Insights( 9606): ---> (Inner Exception #0) System.NullReferenceException: Object reference not set to an instance of an object
W/Xamarin.Insights( 9606):   at CareerBuilder_Search.Models.VisitorEventBase..ctor () [0x00000] in /Users/dev/src/Mobile/MobileApp-JobSearch-X/CareerBuilder-Search/CareerBuilder-Search/CareerBuilder_Search/Models/VisitorEventBase.cs:7 
W/Xamarin.Insights( 9606):   at CareerBuilder_Search.VisitorJobSearchEvent..ctor (System.Collections.Generic.Dictionary`2[TKey,TValue] search, CareerBuilder_Search.Models.JobSearchResponse jobSearchResponse) [0x00000] in /Users/dev/src/Mobile/MobileApp-JobSearch-X/CareerBuilder-Search/CareerBuilder-Search/CareerBuilder_Search/Models/VisitorJobSearchEvent.cs:14 
W/Xamarin.Insights( 9606):   at CareerBuilder_Search.VisitorJobSearchPublisher+<PublishJobSearchToVisitorEvents>c__async0.MoveNext () [0x0002f] in /Users/dev/src/Mobile/MobileApp-JobSearch-X/CareerBuilder-Search/CareerBuilder-Search/CareerBuilder_Search/Decorators/VisitorJobSearchPublisher.cs:40 
W/Xamarin.Insights( 9606): --- End of stack trace from previous location where exception was thrown ---
W/Xamarin.Insights( 9606):   at System.Runtime.ExceptionServices.ExceptionDispatchInfo.Throw () [0x0000c] in /Users/builder/data/lanes/4009/f3074d2c/source/mono/mcs/class/referencesource/mscorlib/system/runtime/exceptionservices/exceptionservicescommon.cs:143 
W/Xamarin.Insights( 9606):   at System.Run
W/art     ( 9606): JNI RegisterNativeMethods: attempt to register 0 native methods for android.runtime.JavaProxyThrowable
I/WindowManager(  878): WIN DEATH: Window{f9f1f7f u0 com.careerbuilder.SugarDrone/md5a4824aa66c0dc4d104077b72c1916a44.ApplyActivity}
D/ConnectivityService(  878): ConnectivityService NetworkRequestInfo binderDied(NetworkRequest [ id=9, legacyType=-1, [ Capabilities: INTERNET&NOT_RESTRICTED&TRUSTED&NOT_VPN] ], android.os.BinderProxy@5bce811)
D/GraphicsStats(  878): Buffer count: 2
I/WindowManager(  878): Destroying surface Surface(name=com.careerbuilder.SugarDrone/md5a4824aa66c0dc4d104077b72c1916a44.ApplyActivity) called by com.android.server.wm.WindowStateAnimator.destroySurface:2014 com.android.server.wm.WindowStateAnimator.destroySurfaceLocked:881 com.android.server.wm.WindowState.removeLocked:1449 com.android.server.wm.WindowManagerService.removeWindowInnerLocked:2478 com.android.server.wm.WindowManagerService.removeWindowLocked:2436 com.android.server.wm.WindowState$DeathRecipient.binderDied:1780 android.os.BinderProxy.sendDeathNotice:688 <bottom of call stack> 
I/ActivityManager(  878): Process com.careerbuilder.SugarDrone (pid 9606) has died
W/ActivityManager(  878): Force removing ActivityRecord{1746423 u0 com.careerbuilder.SugarDrone/md5a4824aa66c0dc4d104077b72c1916a44.ApplyActivity t24}: app died, no saved state
E/ConnectivityService(  878): RemoteException caught trying to send a callback msg for NetworkRequest [ id=9, legacyType=-1, [ Capabilities: INTERNET&NOT_RESTRICTED&TRUSTED&NOT_VPN] ]
I/WindowManager(  878): WIN DEATH: Window{5369ee1 u0 com.careerbuilder.SugarDrone/md5a4824aa66c0dc4d104077b72c1916a44.TermsAndConditionsActivity}
W/InputDispatcher(  878): channel 'f389ac7 com.careerbuilder.SugarDrone/md5a4824aa66c0dc4d104077b72c1916a44.TermsAndConditionsActivity (server)' ~ Consumer closed input channel or an error occurred.  events=0x9
E/InputDispatcher(  878): channel 'f389ac7 com.careerbuilder.SugarDrone/md5a4824aa66c0dc4d104077b72c1916a44.TermsAndConditionsActivity (server)' ~ Channel is unrecoverably broken and will be disposed!
I/WindowManager(  878): WIN DEATH: Window{f389ac7 u0 com.careerbuilder.SugarDrone/md5a4824aa66c0dc4d104077b72c1916a44.TermsAndConditionsActivity}
W/InputDispatcher(  878): Attempted to unregister already unregistered input channel 'f389ac7 com.careerbuilder.SugarDrone/md5a4824aa66c0dc4d104077b72c1916a44.TermsAndConditionsActivity (server)'
W/InputDispatcher(  878): channel '485eb78 com.careerbuilder.SugarDrone/md5a4824aa66c0dc4d104077b72c1916a44.MasterNavActivity (server)' ~ Consumer closed input channel or an error occurred.  events=0x9
E/InputDispatcher(  878): channel '485eb78 com.careerbuilder.SugarDrone/md5a4824aa66c0dc4d104077b72c1916a44.MasterNavActivity (server)' ~ Channel is unrecoverably broken and will be disposed!
W/InputDispatcher(  878): channel '2733b6d com.careerbuilder.SugarDrone/md5a4824aa66c0dc4d104077b72c1916a44.JobDisplayPageActivity (server)' ~ Consumer closed input channel or an error occurred.  events=0x9
E/InputDispatcher(  878): channel '2733b6d com.careerbuilder.SugarDrone/md5a4824aa66c0dc4d104077b72c1916a44.JobDisplayPageActivity (server)' ~ Channel is unrecoverably broken and will be disposed!
I/WindowManager(  878): WIN DEATH: Window{2733b6d u0 com.careerbuilder.SugarDrone/md5a4824aa66c0dc4d104077b72c1916a44.JobDisplayPageActivity}
W/InputDispatcher(  878): Attempted to unregister already unregistered input channel '2733b6d com.careerbuilder.SugarDrone/md5a4824aa66c0dc4d104077b72c1916a44.JobDisplayPageActivity (server)'
I/WindowManager(  878): WIN DEATH: Window{485eb78 u0 com.careerbuilder.SugarDrone/md5a4824aa66c0dc4d104077b72c1916a44.MasterNavActivity}
W/InputDispatcher(  878): Attempted to unregister already unregistered input channel '485eb78 com.careerbuilder.SugarDrone/md5a4824aa66c0dc4d104077b72c1916a44.MasterNavActivity (server)'
W/ActivityManager(  878): Crash of app com.careerbuilder.SugarDrone running instrumentation ComponentInfo{com.careerbuilder.SugarDrone.test/sh.calaba.instrumentationbackend.CalabashInstrumentationTestRunner}
I/ActivityManager(  878): Force stopping com.careerbuilder.SugarDrone appid=12142 user=0: finished inst
D/AndroidRuntime( 9581): Shutting down VM
I/ActivityManager(  878):   Force finishing activity ActivityRecord{13d5165 u0 com.careerbuilder.SugarDrone/md5a4824aa66c0dc4d104077b72c1916a44.TermsAndConditionsActivity t24}
I/art     (10494): Late-enabling -Xcheck:jni
I/ActivityManager(  878): Start proc 10494:com.careerbuilder.SugarDrone/u0a2142 for activity com.careerbuilder.SugarDrone/md5a4824aa66c0dc4d104077b72c1916a44.JobDisplayPageActivity
I/ActivityManager(  878):   Force finishing activity ActivityRecord{9081bbf u0 com.careerbuilder.SugarDrone/md5a4824aa66c0dc4d104077b72c1916a44.MasterNavActivity t24}
I/ActivityManager(  878):   Force finishing activity ActivityRecord{749c19a u0 com.careerbuilder.SugarDrone/md5a4824aa66c0dc4d104077b72c1916a44.JobDisplayPageActivity t24}
I/ActivityManager(  878):   Force finishing activity ActivityRecord{13d5165 u0 com.careerbuilder.SugarDrone/md5a4824aa66c0dc4d104077b72c1916a44.TermsAndConditionsActivity t24 f}
W/ActivityManager(  878): Duplicate finish request for ActivityRecord{13d5165 u0 com.careerbuilder.SugarDrone/md5a4824aa66c0dc4d104077b72c1916a44.TermsAndConditionsActivity t24 f}
I/ActivityManager(  878):   Force finishing activity ActivityRecord{9081bbf u0 com.careerbuilder.SugarDrone/md5a4824aa66c0dc4d104077b72c1916a44.MasterNavActivity t24 f}
W/ActivityManager(  878): Duplicate finish request for ActivityRecord{9081bbf u0 com.careerbuilder.SugarDrone/md5a4824aa66c0dc4d104077b72c1916a44.MasterNavActivity t24 f}
I/ActivityManager(  878):   Force finishing activity ActivityRecord{749c19a u0 com.careerbuilder.SugarDrone/md5a4824aa66c0dc4d104077b72c1916a44.JobDisplayPageActivity t24 f}
W/ActivityManager(  878): Duplicate finish request for ActivityRecord{749c19a u0 com.careerbuilder.SugarDrone/md5a4824aa66c0dc4d104077b72c1916a44.JobDisplayPageActivity t24 f}
W/WindowManager(  878): Attempted to add application window with unknown token Token{a808acb ActivityRecord{749c19a u0 com.careerbuilder.SugarDrone/md5a4824aa66c0dc4d104077b72c1916a44.JobDisplayPageActivity t24 f}}.  Aborting.
W/WindowManager(  878): Token{a808acb ActivityRecord{749c19a u0 com.careerbuilder.SugarDrone/md5a4824aa66c0dc4d104077b72c1916a44.JobDisplayPageActivity t24 f}} already running, starting window not displayed. Unable to add window -- token Token{a808acb ActivityRecord{749c19a u0 com.careerbuilder.SugarDrone/md5a4824aa66c0dc4d104077b72c1916a44.JobDisplayPageActivity t24 f}} is not valid; is your activity running?
W/WindowManager(  878): view not successfully added to wm, removing view
W/WindowManager(  878): Exception when adding starting window
W/WindowManager(  878): java.lang.IllegalArgumentException: View=DecorView@104e66f[SugarDrone] not attached to window manager
W/WindowManager(  878): 	at android.view.WindowManagerGlobal.findViewLocked(WindowManagerGlobal.java:473)
W/WindowManager(  878): 	at android.view.WindowManagerGlobal.removeView(WindowManagerGlobal.java:382)
W/WindowManager(  878): 	at android.view.WindowManagerImpl.removeViewImmediate(WindowManagerImpl.java:124)
W/WindowManager(  878): 	at com.android.server.policy.PhoneWindowManager.addStartingWindow(PhoneWindowManager.java:2669)
W/WindowManager(  878): 	at com.android.server.wm.WindowManagerService$H.handleMessage(WindowManagerService.java:8099)
W/WindowManager(  878): 	at android.os.Handler.dispatchMessage(Handler.java:102)
W/WindowManager(  878): 	at android.os.Looper.loop(Looper.java:154)
W/WindowManager(  878): 	at android.os.HandlerThread.run(HandlerThread.java:61)
W/WindowManager(  878): 	at com.android.server.ServiceThread.run(ServiceThread.java:46)
W/monodroid(10494): Using override path: /data/user/0/com.careerbuilder.SugarDrone/files/.__override__
W/monodroid(10494): Trying to load sgen from: /data/user/0/com.careerbuilder.SugarDrone/files/.__override__/libmonosgen-2.0.so
W/monodroid(10494): Trying to load sgen from: /storage/emulated/0/Android/data/com.careerbuilder.SugarDrone/files/.__override__/libmonosgen-2.0.so
W/monodroid(10494): Trying to load sgen from: /data/app/com.careerbuilder.SugarDrone-1/lib/arm/libmonosgen-2.0.so
D/Mono    (10494): Image addref mscorlib[0xdbe78080] -> mscorlib.dll[0xdc0d5400]: 2
D/Mono    (10494): Prepared to set up assembly 'mscorlib' (mscorlib.dll)
D/Mono    (10494): AOT module 'mscorlib.dll.so' not found: dlopen failed: library "/data/app/com.careerbuilder.SugarDrone-1/lib/arm/libaot-mscorlib.dll.so" not found
D/Mono    (10494): AOT module '/Users/builder/data/lanes/4009/f3074d2c/source/monodroid/builds/install/mono-armv6/lib/mono/aot-cache/arm/mscorlib.dll.so' not found: dlopen failed: library "/data/app/com.careerbuilder.SugarDrone-1/lib/arm/libaot-mscorlib.dll.so" not found
D/Mono    (10494): Config attempting to parse: 'mscorlib.dll.config'.
D/Mono    (10494): Config attempting to parse: '/Users/builder/data/lanes/4009/f3074d2c/source/monodroid/builds/install/mono-armv6/etc/mono/assemblies/mscorlib/mscorlib.config'.
D/Mono    (10494): Assembly mscorlib[0xdbe78080] added to domain RootDomain, ref_count=1
D/Mono    (10494): Image addref CareerBuilder_Search.Droid[0xdbe781a0] -> CareerBuilder_Search.Droid.dll[0xdc0d6300]: 2
D/Mono    (10494): Prepared to set up assembly 'CareerBuilder_Search.Droid' (CareerBuilder_Search.Droid.dll)
D/Mono    (10494): Assembly CareerBuilder_Search.Droid[0xdbe781a0] added to domain RootDomain, ref_count=1
D/Mono    (10494): AOT module 'CareerBuilder_Search.Droid.dll.so' not found: dlopen failed: library "/data/app/com.careerbuilder.SugarDrone-1/lib/arm/libaot-CareerBuilder_Search.Droid.dll.so" not found
D/Mono    (10494): AOT module '/Users/builder/data/lanes/4009/f3074d2c/source/monodroid/builds/install/mono-armv6/lib/mono/aot-cache/arm/CareerBuilder_Search.Droid.dll.so' not found: dlopen failed: library "/data/app/com.careerbuilder.SugarDrone-1/lib/arm/libaot-CareerBuilder_Search.Droid.dll.so" not found
D/Mono    (10494): Config attempting to parse: 'CareerBuilder_Search.Droid.dll.config'.
D/Mono    (10494): Config attempting to parse: '/Users/builder/data/lanes/4009/f3074d2c/source/monodroid/builds/install/mono-armv6/etc/mono/assemblies/CareerBuilder_Search.Droid/CareerBuilder_Search.Droid.config'.
D/Mono    (10494): Image addref AppsFlyerXamarinBindingAndroid[0xdbe78200] -> AppsFlyerXamarinBindingAndroid.dll[0xdc0d6800]: 2
D/Mono    (10494): Prepared to set up assembly 'AppsFlyerXamarinBindingAndroid' (AppsFlyerXamarinBindingAndroid.dll)
D/Mono    (10494): Assembly AppsFlyerXamarinBindingAndroid[0xdbe78200] added to domain RootDomain, ref_count=1
D/Mono    (10494): AOT module 'AppsFlyerXamarinBindingAndroid.dll.so' not found: dlopen failed: library "/data/app/com.careerbuilder.SugarDrone-1/lib/arm/libaot-AppsFlyerXamarinBindingAndroid.dll.so" not found
D/Mono    (10494): AOT module '/Users/builder/data/lanes/4009/f3074d2c/source/monodroid/builds/install/mono-armv6/lib/mono/aot-cache/arm/AppsFlyerXamarinBindingAndroid.dll.so' not found: dlopen failed: library "/data/app/com.careerbuilder.SugarDrone-1/lib/arm/libaot-AppsFlyerXamarinBindingAndroid.dll.so" not found
D/Mono    (10494): Config attempting to parse: 'AppsFlyerXamarinBindingAndroid.dll.config'.
D/Mono    (10494): Config attempting to parse: '/Users/builder/data/lanes/4009/f3074d2c/source/monodroid/builds/install/mono-armv6/etc/mono/assemblies/AppsFlyerXamarinBindingAndroid/AppsFlyerXamarinBindingAndroid.config'.
D/Mono    (10494): Image addref HockeySDK[0xdbe78260] -> HockeySDK.dll[0xdc0d6d00]: 2
D/Mono    (10494): Prepared to set up assembly 'HockeySDK' (HockeySDK.dll)
D/Mono    (10494): Assembly HockeySDK[0xdbe78260] added to domain RootDomain, ref_count=1
D/Mono    (10494): AOT module 'HockeySDK.dll.so' not found: dlopen failed: library "/data/app/com.careerbuilder.SugarDrone-1/lib/arm/libaot-HockeySDK.dll.so" not found
D/Mono    (10494): AOT module '/Users/builder/data/lanes/4009/f3074d2c/source/monodroid/builds/install/mono-armv6/lib/mono/aot-cache/arm/HockeySDK.dll.so' not found: dlopen failed: library "/data/app/com.careerbuilder.SugarDrone-1/lib/arm/libaot-HockeySDK.dll.so" not found
D/Mono    (10494): Config attempting to parse: 'HockeySDK.dll.config'.
D/Mono    (10494): Config attempting to parse: '/Users/builder/data/lanes/4009/f3074d2c/source/monodroid/builds/install/mono-armv6/etc/mono/assemblies/HockeySDK/HockeySDK.config'.
D/Mono    (10494): Image addref Akavache[0xdbe782c0] -> Akavache.dll[0xdc0d7200]: 2
D/Mono    (10494): Prepared to set up assembly 'Akavache' (Akavache.dll)
D/Mono    (10494): Assembly Akavache[0xdbe782c0] added to domain RootDomain, ref_count=1
D/Mono    (10494): AOT module 'Akavache.dll.so' not found: dlopen failed: library "/data/app/com.careerbuilder.SugarDrone-1/lib/arm/libaot-Akavache.dll.so" not found
D/Mono    (10494): AOT module '/Users/builder/data/lanes/4009/f3074d2c/source/monodroid/builds/install/mono-armv6/lib/mono/aot-cache/arm/Akavache.dll.so' not found: dlopen failed: library "/data/app/com.careerbuilder.SugarDrone-1/lib/arm/libaot-Akavache.dll.so" not found
D/Mono    (10494): Config attempting to parse: 'Akavache.dll.config'.
D/Mono    (10494): Config attempting to parse: '/Users/builder/data/lanes/4009/f3074d2c/source/monodroid/builds/install/mono-armv6/etc/mono/assemblies/Akavache/Akavache.config'.
D/Mono    (10494): Image addref Akavache.Sqlite3[0xdbe78320] -> Akavache.Sqlite3.dll[0xdc0d7700]: 2
D/Mono    (10494): Prepared to set up assembly 'Akavache.Sqlite3' (Akavache.Sqlite3.dll)
D/Mono    (10494): Assembly Akavache.Sqlite3[0xdbe78320] added to domain RootDomain, ref_count=1
D/Mono    (10494): AOT module 'Akavache.Sqlite3.dll.so' not found: dlopen failed: library "/data/app/com.careerbuilder.SugarDrone-1/lib/arm/libaot-Akavache.Sqlite3.dll.so" not found
D/Mono    (10494): AOT module '/Users/builder/data/lanes/4009/f3074d2c/source/monodroid/builds/install/mono-armv6/lib/mono/aot-cache/arm/Akavache.Sqlite3.dll.so' not found: dlopen failed: library "/data/app/com.careerbuilder.SugarDrone-1/lib/arm/libaot-Akavache.Sqlite3.dll.so" not found
W/        (10494): Symbol file LoadedFromMemory doesn't match image Akavache.Sqlite3.dll
D/Mono    (10494): Config attempting to parse: 'Akavache.Sqlite3.dll.config'.
D/Mono    (10494): Config attempting to parse: '/Users/builder/data/lanes/4009/f3074d2c/source/monodroid/builds/install/mono-armv6/etc/mono/assemblies/Akavache.Sqlite3/Akavache.Sqlite3.config'.
D/Mono    (10494): Image addref Splat[0xdbe78380] -> Splat.dll[0xdc0d7c00]: 2
D/Mono    (10494): Prepared to set up assembly 'Splat' (Splat.dll)
D/Mono    (10494): Assembly Splat[0xdbe78380] added to domain RootDomain, ref_count=1
D/Mono    (10494): AOT module 'Splat.dll.so' not found: dlopen failed: library "/data/app/com.careerbuilder.SugarDrone-1/lib/arm/libaot-Splat.dll.so" not found
D/Mono    (10494): AOT module '/Users/builder/data/lanes/4009/f3074d2c/source/monodroid/builds/install/mono-armv6/lib/mono/aot-cache/arm/Splat.dll.so' not found: dlopen failed: library "/data/app/com.careerbuilder.SugarDrone-1/lib/arm/libaot-Splat.dll.so" not found
D/Mono    (10494): Config attempting to parse: 'Splat.dll.config'.
D/Mono    (10494): Config attempting to parse: '/Users/builder/data/lanes/4009/f3074d2c/source/monodroid/builds/install/mono-armv6/etc/mono/assemblies/Splat/Splat.config'.
D/Mono    (10494): Image addref Microsoft.Practices.ServiceLocation[0xdbe783e0] -> Microsoft.Practices.ServiceLocation.dll[0xdc0d8100]: 2
D/Mono    (10494): Prepared to set up assembly 'Microsoft.Practices.ServiceLocation' (Microsoft.Practices.ServiceLocation.dll)
D/Mono    (10494): Assembly Microsoft.Practices.ServiceLocation[0xdbe783e0] added to domain RootDomain, ref_count=1
