D/Mono    ( 9842): Config attempting to parse: 'System.Core.dll.config'.
D/Mono    ( 9842): Config attempting to parse: '/Users/builder/data/lanes/4009/f3074d2c/source/monodroid/builds/install/mono-armv6/etc/mono/assemblies/System.Core/System.Core.config'.
D/Mono    ( 9842): Assembly Ref addref System.Linq[0xdb19b760] -> System.Core[0xdb19b8e0]: 2
D/Mono    ( 9842): Assembly Ref addref System.Core[0xdb19b8e0] -> mscorlib[0xdb19a380]: 10
D/Mono    ( 9842): Image addref System.Reflection.Extensions[0xdb19ba00] -> System.Reflection.Extensions.dll[0xc7cbaf00]: 2
D/Mono    ( 9842): Prepared to set up assembly 'System.Reflection.Extensions' (System.Reflection.Extensions.dll)
D/Mono    ( 9842): Assembly System.Reflection.Extensions[0xdb19ba00] added to domain RootDomain, ref_count=1
D/Mono    ( 9842): AOT module 'System.Reflection.Extensions.dll.so' not found: dlopen failed: library "/data/app/com.careerbuilder.SugarDrone-1/lib/arm/libaot-System.Reflection.Extensions.dll.so" not found
D/Mono    ( 9842): AOT module '/Users/builder/data/lanes/4009/f3074d2c/source/monodroid/builds/install/mono-armv6/lib/mono/aot-cache/arm/System.Reflection.Extensions.dll.so' not found: dlopen failed: library "/data/app/com.careerbuilder.SugarDrone-1/lib/arm/libaot-System.Reflection.Extensions.dll.so" not found
D/Mono    ( 9842): Config attempting to parse: 'System.Reflection.Extensions.dll.config'.
D/Mono    ( 9842): Config attempting to parse: '/Users/builder/data/lanes/4009/f3074d2c/source/monodroid/builds/install/mono-armv6/etc/mono/assemblies/System.Reflection.Extensions/System.Reflection.Extensions.config'.
D/Mono    ( 9842): Assembly Ref addref Java.Interop[0xdb19b340] -> System.Reflection.Extensions[0xdb19ba00]: 2
D/Mono    ( 9842): Assembly Ref addref System.Reflection.Extensions[0xdb19ba00] -> mscorlib[0xdb19a380]: 11
D/Mono    ( 9842): Assembly Ref addref Mono.Android[0xdb19b2e0] -> System.Core[0xdb19b8e0]: 3
D/Mono    ( 9842): DllImport searching in: '__Internal' ('(null)').
D/Mono    ( 9842): Searching for 'monodroid_typemap_managed_to_java'.
D/Mono    ( 9842): Probing 'monodroid_typemap_managed_to_java'.
D/Mono    ( 9842): Found as 'monodroid_typemap_managed_to_java'.
D/Mono    ( 9842): DllImport searching in: '__Internal' ('(null)').
D/Mono    ( 9842): Searching for 'java_interop_jnienv_alloc_object'.
D/Mono    ( 9842): Probing 'java_interop_jnienv_alloc_object'.
D/Mono    ( 9842): Found as 'java_interop_jnienv_alloc_object'.
D/Mono    ( 9842): DllImport searching in: '__Internal' ('(null)').
D/Mono    ( 9842): Searching for '_monodroid_gc_wait_for_bridge_processing'.
D/Mono    ( 9842): Probing '_monodroid_gc_wait_for_bridge_processing'.
D/Mono    ( 9842): Found as '_monodroid_gc_wait_for_bridge_processing'.
D/Mono    ( 9842): DllImport searching in: '__Internal' ('(null)').
D/Mono    ( 9842): Searching for 'java_interop_jnienv_register_natives'.
D/Mono    ( 9842): Probing 'java_interop_jnienv_register_natives'.
D/Mono    ( 9842): Found as 'java_interop_jnienv_register_natives'.
D/Mono    ( 9842): DllImport searching in: '__Internal' ('(null)').
D/Mono    ( 9842): Searching for 'java_interop_jnienv_call_nonvirtual_void_method_a'.
D/Mono    ( 9842): Probing 'java_interop_jnienv_call_nonvirtual_void_method_a'.
D/Mono    ( 9842): Found as 'java_interop_jnienv_call_nonvirtual_void_method_a'.
D/Mono    ( 9842): DllImport searching in: '__Internal' ('(null)').
D/Mono    ( 9842): Searching for 'java_interop_jnienv_is_same_object'.
D/Mono    ( 9842): Probing 'java_interop_jnienv_is_same_object'.
D/Mono    ( 9842): Found as 'java_interop_jnienv_is_same_object'.
D/Mono    ( 9842): DllImport searching in: '__Internal' ('(null)').
D/Mono    ( 9842): Searching for 'java_interop_jnienv_call_static_void_method_a'.
D/Mono    ( 9842): Probing 'java_interop_jnienv_call_static_void_method_a'.
D/Mono    ( 9842): Found as 'java_interop_jnienv_call_static_void_method_a'.
D/Mono    ( 9842): Assembly Ref addref AppsFlyerXamarinBindingAndroid[0xdb19a440] -> mscorlib[0xdb19a380]: 12
D/Mono    ( 9842): Assembly Ref addref AppsFlyerXamarinBindingAndroid[0xdb19a440] -> Mono.Android[0xdb19b2e0]: 2
D/Mono    ( 9842): Assembly Ref addref HockeySDK[0xdb19a4a0] -> mscorlib[0xdb19a380]: 13
D/Mono    ( 9842): Assembly Ref addref HockeySDK[0xdb19a4a0] -> Mono.Android[0xdb19b2e0]: 3
D/Mono    ( 9842): Assembly Ref addref Xamarin.GooglePlayServices.Analytics[0xdb19a980] -> mscorlib[0xdb19a380]: 14
D/Mono    ( 9842): Assembly Ref addref Xamarin.GooglePlayServices.Analytics[0xdb19a980] -> Mono.Android[0xdb19b2e0]: 4
D/Mono    ( 9842): Assembly Ref addref Xamarin.GooglePlayServices.Base[0xdb19a9e0] -> mscorlib[0xdb19a380]: 15
D/Mono    ( 9842): Assembly Ref addref Xamarin.GooglePlayServices.Base[0xdb19a9e0] -> Mono.Android[0xdb19b2e0]: 5
D/Mono    ( 9842): Assembly Ref addref Xamarin.GooglePlayServices.Basement[0xdb19aa40] -> mscorlib[0xdb19a380]: 16
D/Mono    ( 9842): Assembly Ref addref Xamarin.GooglePlayServices.Basement[0xdb19aa40] -> Mono.Android[0xdb19b2e0]: 6
D/Mono    ( 9842): Assembly Ref addref FloatingActionButton-Xamarin[0xdb19abc0] -> mscorlib[0xdb19a380]: 17
D/Mono    ( 9842): Assembly Ref addref FloatingActionButton-Xamarin[0xdb19abc0] -> Mono.Android[0xdb19b2e0]: 7
D/Mono    ( 9842): Assembly Ref addref Xamarin.Android.Support.v4[0xdb19ac20] -> mscorlib[0xdb19a380]: 18
D/Mono    ( 9842): Assembly Ref addref Xamarin.Android.Support.v4[0xdb19ac20] -> Mono.Android[0xdb19b2e0]: 8
D/Mono    ( 9842): Assembly Ref addref Xamarin.Android.Support.v7.RecyclerView[0xdb19ac80] -> mscorlib[0xdb19a380]: 19
D/Mono    ( 9842): Assembly Ref addref Xamarin.Android.Support.v7.RecyclerView[0xdb19ac80] -> Mono.Android[0xdb19b2e0]: 9
D/Mono    ( 9842): Assembly Ref addref Xamarin.Android.Support.Vector.Drawable[0xdb19ace0] -> mscorlib[0xdb19a380]: 20
D/Mono    ( 9842): Assembly Ref addref Xamarin.Android.Support.Vector.Drawable[0xdb19ace0] -> Mono.Android[0xdb19b2e0]: 10
D/Mono    ( 9842): Assembly Ref addref Xamarin.Android.Support.Animated.Vector.Drawable[0xdb19ad40] -> mscorlib[0xdb19a380]: 21
D/Mono    ( 9842): Assembly Ref addref Xamarin.Android.Support.Animated.Vector.Drawable[0xdb19ad40] -> Mono.Android[0xdb19b2e0]: 11
D/Mono    ( 9842): Assembly Ref addref Xamarin.Android.Support.v7.AppCompat[0xdb19ada0] -> mscorlib[0xdb19a380]: 22
D/Mono    ( 9842): Assembly Ref addref Xamarin.Android.Support.v7.AppCompat[0xdb19ada0] -> Mono.Android[0xdb19b2e0]: 12
D/Mono    ( 9842): Assembly Ref addref Xamarin.Android.Support.Design[0xdb19ae00] -> mscorlib[0xdb19a380]: 23
D/Mono    ( 9842): Assembly Ref addref Xamarin.Android.Support.Design[0xdb19ae00] -> Mono.Android[0xdb19b2e0]: 13
D/Mono    ( 9842): Assembly Ref addref Xamarin.Android.Support.v7.CardView[0xdb19ae60] -> mscorlib[0xdb19a380]: 24
D/Mono    ( 9842): Assembly Ref addref Xamarin.Android.Support.v7.CardView[0xdb19ae60] -> Mono.Android[0xdb19b2e0]: 14
D/Mono    ( 9842): Assembly Ref addref FlexboxLayoutXamarinBindingAndroid[0xdb19b1c0] -> mscorlib[0xdb19a380]: 25
D/Mono    ( 9842): Assembly Ref addref FlexboxLayoutXamarinBindingAndroid[0xdb19b1c0] -> Mono.Android[0xdb19b2e0]: 15
D/Mono    ( 9842): Assembly Ref addref CareerBuilder_Search.Droid[0xdb19a3e0] -> Mono.Android[0xdb19b2e0]: 16
D/Mono    ( 9842): Assembly Ref addref CareerBuilder_Search.Droid[0xdb19a3e0] -> mscorlib[0xdb19a380]: 26
D/Mono    ( 9842): Image addref Mono.Android.Export[0xdb19bf40] -> Mono.Android.Export.dll[0xc7cbbe00]: 2
D/Mono    ( 9842): Prepared to set up assembly 'Mono.Android.Export' (Mono.Android.Export.dll)
D/Mono    ( 9842): Assembly Mono.Android.Export[0xdb19bf40] added to domain RootDomain, ref_count=1
D/Mono    ( 9842): AOT module 'Mono.Android.Export.dll.so' not found: dlopen failed: library "/data/app/com.careerbuilder.SugarDrone-1/lib/arm/libaot-Mono.Android.Export.dll.so" not found
D/Mono    ( 9842): AOT module '/Users/builder/data/lanes/4009/f3074d2c/source/monodroid/builds/install/mono-armv6/lib/mono/aot-cache/arm/Mono.Android.Export.dll.so' not found: dlopen failed: library "/data/app/com.careerbuilder.SugarDrone-1/lib/arm/libaot-Mono.Android.Export.dll.so" not found
D/Mono    ( 9842): Config attempting to parse: 'Mono.Android.Export.dll.config'.
D/Mono    ( 9842): Config attempting to parse: '/Users/builder/data/lanes/4009/f3074d2c/source/monodroid/builds/install/mono-armv6/etc/mono/assemblies/Mono.Android.Export/Mono.Android.Export.config'.
D/Mono    ( 9842): Assembly Ref addref Mono.Android.Export[0xdb19bf40] -> mscorlib[0xdb19a380]: 27
D/Mono    ( 9842): Assembly Ref addref Mono.Android.Export[0xdb19bf40] -> Mono.Android[0xdb19b2e0]: 17
D/Mono    ( 9842): Image addref System.Xml[0xdb19be80] -> System.Xml.dll[0xc7cbcd00]: 2
D/Mono    ( 9842): Prepared to set up assembly 'System.Xml' (System.Xml.dll)
D/Mono    ( 9842): Assembly System.Xml[0xdb19be80] added to domain RootDomain, ref_count=1
D/Mono    ( 9842): AOT module 'System.Xml.dll.so' not found: dlopen failed: library "/data/app/com.careerbuilder.SugarDrone-1/lib/arm/libaot-System.Xml.dll.so" not found
D/Mono    ( 9842): AOT module '/Users/builder/data/lanes/4009/f3074d2c/source/monodroid/builds/install/mono-armv6/lib/mono/aot-cache/arm/System.Xml.dll.so' not found: dlopen failed: library "/data/app/com.careerbuilder.SugarDrone-1/lib/arm/libaot-System.Xml.dll.so" not found
D/Mono    ( 9842): Config attempting to parse: 'System.Xml.dll.config'.
D/Mono    ( 9842): Config attempting to parse: '/Users/builder/data/lanes/4009/f3074d2c/source/monodroid/builds/install/mono-armv6/etc/mono/assemblies/System.Xml/System.Xml.config'.
D/Mono    ( 9842): Assembly Ref addref Mono.Android.Export[0xdb19bf40] -> System.Xml[0xdb19be80]: 2
D/Mono    ( 9842): Assembly Ref addref System.Xml[0xdb19be80] -> mscorlib[0xdb19a380]: 28
D/Mono    ( 9842): Assembly Ref addref Mono.Android[0xdb19b2e0] -> System.Xml[0xdb19be80]: 3
D/Mono    ( 9842): Assembly Ref addref Mono.Android.Export[0xdb19bf40] -> System.Core[0xdb19b8e0]: 4
D/Mono    ( 9842): Image addref System.Net.Http[0xdd6fd560] -> System.Net.Http.dll[0xc7b3b000]: 2
D/Mono    ( 9842): Prepared to set up assembly 'System.Net.Http' (System.Net.Http.dll)
D/Mono    ( 9842): Assembly System.Net.Http[0xdd6fd560] added to domain RootDomain, ref_count=1
D/Mono    ( 9842): AOT module 'System.Net.Http.dll.so' not found: dlopen failed: library "/data/app/com.careerbuilder.SugarDrone-1/lib/arm/libaot-System.Net.Http.dll.so" not found
D/Mono    ( 9842): AOT module '/Users/builder/data/lanes/4009/f3074d2c/source/monodroid/builds/install/mono-armv6/lib/mono/aot-cache/arm/System.Net.Http.dll.so' not found: dlopen failed: library "/data/app/com.careerbuilder.SugarDrone-1/lib/arm/libaot-System.Net.Http.dll.so" not found
D/Mono    ( 9842): Config attempting to parse: 'System.Net.Http.dll.config'.
D/Mono    ( 9842): Config attempting to parse: '/Users/builder/data/lanes/4009/f3074d2c/source/monodroid/builds/install/mono-armv6/etc/mono/assemblies/System.Net.Http/System.Net.Http.config'.
D/Mono    ( 9842): Assembly Ref addref CareerBuilder_Search.Droid[0xdb19a3e0] -> System.Net.Http[0xdd6fd560]: 2
D/Mono    ( 9842): Assembly Ref addref System.Net.Http[0xdd6fd560] -> mscorlib[0xdb19a380]: 29
I/System.out( 9842): Calabash loaded Mono
I/calabash( 9842): Test server port: 7102
I/InstrumentationBackend( 9842): Added:'NullAction', with key:'nullAction'
I/InstrumentationBackend( 9842): Added:'GetActivityOrientation', with key:'get_activity_orientation'
I/InstrumentationBackend( 9842): Added:'SetActivityOrientation', with key:'set_activity_orientation'
I/InstrumentationBackend( 9842): Added:'DpToDevicePixel', with key:'dp_to_device_pixel'
I/InstrumentationBackend( 9842): Added:'ClickOnScreen', with key:'click_on_screen'
I/InstrumentationBackend( 9842): Added:'DoubleTapCoordinate', with key:'double_tap_coordinate'
I/InstrumentationBackend( 9842): Added:'Drag', with key:'drag'
I/InstrumentationBackend( 9842): Added:'DragCoordinates', with key:'drag_coordinates'
I/InstrumentationBackend( 9842): Added:'LongPressCoordinate', with key:'long_press_coordinate'
I/InstrumentationBackend( 9842): Added:'ResumeApplication', with key:'resume_application'
I/InstrumentationBackend( 9842): Added:'Swipe', with key:'swipe'
I/InstrumentationBackend( 9842): Added:'TouchCoordinates', with key:'touch_coordinate'
I/InstrumentationBackend( 9842): Added:'ListActions', with key:'list_actions'
I/InstrumentationBackend( 9842): Added:'SendTcp', with key:'send_tcp'
I/InstrumentationBackend( 9842): Added:'PressElement', with key:'press_l10n_element'
I/InstrumentationBackend( 9842): Added:'WaitForElement', with key:'wait_for_l10n_element'
I/InstrumentationBackend( 9842): Added:'FakeGPSLocation', with key:'set_gps_coordinates'
I/InstrumentationBackend( 9842): Added:'GetMapBounds', with key:'get_map_bounds'
I/InstrumentationBackend( 9842): Added:'GetMapCenter', with key:'get_map_center'
I/InstrumentationBackend( 9842): Added:'GetMapMarker', with key:'get_map_marker'
I/InstrumentationBackend( 9842): Added:'GetMapMarkers', with key:'get_map_markers'
I/InstrumentationBackend( 9842): Added:'GetMapZoom', with key:'get_map_zoom'
I/InstrumentationBackend( 9842): Added:'PanMapTo', with key:'pan_map_to'
I/InstrumentationBackend( 9842): Added:'SetMapCenter', with key:'set_map_center'
I/InstrumentationBackend( 9842): Added:'SetMapZoom', with key:'set_map_zoom'
I/InstrumentationBackend( 9842): Added:'TapAwayFromMarkers', with key:'tap_map_away_from_markers'
I/InstrumentationBackend( 9842): Added:'TapMapMarker', with key:'tap_map_marker_by_title'
I/InstrumentationBackend( 9842): Added:'ClearPreferences', with key:'clear_preferences'
I/InstrumentationBackend( 9842): Added:'GetPreferences', with key:'get_preferences'
I/InstrumentationBackend( 9842): Added:'SetPreferences', with key:'set_preferences'
I/InstrumentationBackend( 9842): Added:'PressKey', with key:'press_key'
I/InstrumentationBackend( 9842): Added:'DeleteSurroundingText', with key:'delete_surrounding_text'
I/InstrumentationBackend( 9842): Added:'HideSoftKeyboard', with key:'hide_soft_keyboard'
I/InstrumentationBackend( 9842): Added:'KeyboardEnterText', with key:'keyboard_enter_text'
I/InstrumentationBackend( 9842): Added:'KeyboardKeyEvent', with key:'keyboard_key_event'
I/InstrumentationBackend( 9842): Added:'PressUserActionButton', with key:'press_user_action_button'
I/InstrumentationBackend( 9842): Added:'SetComposingRegion', with key:'set_composing_region'
I/InstrumentationBackend( 9842): Added:'SetSelection', with key:'set_selection'
I/InstrumentationBackend( 9842): Added:'AndroidSDKVersion', with key:'android_sdk_version'
I/InstrumentationBackend( 9842): Added:'Version', with key:'version'
I/InstrumentationBackend( 9842): Added:'GetActivityName', with key:'get_activity_name'
I/InstrumentationBackend( 9842): Added:'IsCurrentActivityFocused', with key:'is_current_activity_focused'
I/InstrumentationBackend( 9842): Added:'ScrollToView', with key:'scroll_to_view'
I/InstrumentationBackend( 9842): Added:'ViewConfiguration', with key:'view_configuration'
I/InstrumentationBackend( 9842): Added:'DumpBodyHtml', with key:'dump_body_html'
I/InstrumentationBackend( 9842): Added:'DumpHtml', with key:'dump_html'
I/InstrumentationBackend( 9842): Added:'EnterTextByCssSelector', with key:'enter_text_by_selector'
I/InstrumentationBackend( 9842): Added:'GetLoadProgress', with key:'get_load_progress'
I/InstrumentationBackend( 9842): Added:'GetUrl', with key:'get_url'
I/InstrumentationBackend( 9842): Added:'ScrollTo', with key:'scroll_to'
I/InstrumentationBackend( 9842): Added:'SetPropertyByCssSelector', with key:'set_property_by_css_selector'
I/calabash( 9842): Instantiating http server at 7102
I/System.out( 9842): HTTP Daemon listening on: 7102
I/System.out( 9842): URI: /ready
I/System.out( 9842): params: {}
I/System.out( 9842): URI: /ready
I/System.out( 9842): params: {}
I/art     ( 9842): Starting a blocking GC Explicit
I/art     ( 9842): Explicit concurrent mark sweep GC freed 3238(429KB) AllocSpace objects, 7(140KB) LOS objects, 40% free, 4MB/7MB, paused 472us total 28.013ms
I/System.out( 9842): URI: /ping
I/System.out( 9842): params: {json={"intent":null }
I/System.out( 9842): }
I/System.out( 9842): URI: /ready
I/System.out( 9842): params: {json={"intent":null }
I/System.out( 9842): }
I/System.out( 9842): URI: /start-application
I/System.out( 9842): params: {json={"intent":null }
I/System.out( 9842): }
I/calabash( 9842): execStartActivity 4
I/ActivityManager(  884): START u0 {act=android.intent.action.MAIN cat=[android.intent.category.LAUNCHER] flg=0x10200000 cmp=com.careerbuilder.SugarDrone/md537fd6201b6818e2e180d2f7606e21a83.AppMainActivity (has extras)} from uid 18784 on display 0
I/ActivityManager(  884): Killing 6814:com.google.android.apps.photos/u0a74 (adj 906): empty #17
I/calabash( 9842): newActivity1
D/Mono    ( 9842): Assembly Ref addref CareerBuilder_Search.Droid[0xdb19a3e0] -> Xamarin.Android.Support.v7.AppCompat[0xdb19ada0]: 2
D/Mono    ( 9842): Assembly Ref addref Xamarin.Android.Support.v7.AppCompat[0xdb19ada0] -> Xamarin.Android.Support.v4[0xdb19ac20]: 2
D/Mono    ( 9842): DllImport searching in: '__Internal' ('(null)').
D/Mono    ( 9842): Searching for 'java_interop_jnienv_get_array_length'.
D/Mono    ( 9842): Probing 'java_interop_jnienv_get_array_length'.
D/Mono    ( 9842): Found as 'java_interop_jnienv_get_array_length'.
D/Mono    ( 9842): Assembly Ref addref CareerBuilder_Search.Droid[0xdb19a3e0] -> CareerBuilder_Search[0xdb19b280]: 2
D/Mono    ( 9842): Assembly Ref addref CareerBuilder_Search.Droid[0xdb19a3e0] -> Xamarin.Android.Support.v4[0xdb19ac20]: 3
D/Mono    ( 9842): DllImport searching in: '__Internal' ('(null)').
D/Mono    ( 9842): Searching for 'java_interop_jnienv_new_string'.
D/Mono    ( 9842): Probing 'java_interop_jnienv_new_string'.
D/Mono    ( 9842): Found as 'java_interop_jnienv_new_string'.
D/Mono    ( 9842): Assembly Ref addref CareerBuilder_Search.Droid[0xdb19a3e0] -> Plugin.CurrentActivity[0xdb19a6e0]: 2
D/Mono    ( 9842): Assembly Ref addref Plugin.CurrentActivity[0xdb19a6e0] -> mscorlib[0xdb19a380]: 30
D/Mono    ( 9842): Assembly Ref addref Plugin.CurrentActivity[0xdb19a6e0] -> Mono.Android[0xdb19b2e0]: 18
D/Mono    ( 9842): [0xc70ff920] worker starting
D/Mono    ( 9842): [0xc6ffe920] worker starting
D/Mono    ( 9842): Unloading image System.Runtime.dll [0xc7adf300].
D/Mono    ( 9842): Image addref System.Runtime[0xc7ae2120] -> System.Runtime.dll[0xdd963a00]: 5
D/Mono    ( 9842): Config attempting to parse: 'System.Runtime.dll.config'.
D/Mono    ( 9842): Config attempting to parse: '/Users/builder/data/lanes/4009/f3074d2c/source/monodroid/builds/install/mono-armv6/etc/mono/assemblies/System.Runtime/System.Runtime.config'.
D/Mono    ( 9842): Assembly Ref addref CareerBuilder_Search[0xdb19b280] -> System.Runtime[0xdb19b3a0]: 3
D/Mono    ( 9842): Assembly Ref addref CareerBuilder_Search[0xdb19b280] -> Plugin.DeviceInfo.Abstractions[0xdb19a920]: 2
D/Mono    ( 9842): Unloading image System.Runtime.dll [0xc7adf800].
D/Mono    ( 9842): Image addref System.Runtime[0xc7ae2120] -> System.Runtime.dll[0xdd963a00]: 6
D/Mono    ( 9842): Config attempting to parse: 'System.Runtime.dll.config'.
D/Mono    ( 9842): Config attempting to parse: '/Users/builder/data/lanes/4009/f3074d2c/source/monodroid/builds/install/mono-armv6/etc/mono/assemblies/System.Runtime/System.Runtime.config'.
D/Mono    ( 9842): Assembly Ref addref Plugin.DeviceInfo.Abstractions[0xdb19a920] -> System.Runtime[0xdb19b3a0]: 4
D/Mono    ( 9842): Assembly Ref addref CareerBuilder_Search.Droid[0xdb19a3e0] -> Akavache[0xdb19a500]: 2
D/Mono    ( 9842): Assembly Ref addref Akavache[0xdb19a500] -> mscorlib[0xdb19a380]: 31
D/Mono    ( 9842): Assembly Ref addref Akavache[0xdb19a500] -> System.Reactive.Interfaces[0xdb19afe0]: 2
D/Mono    ( 9842): Assembly Ref addref Akavache[0xdb19a500] -> System.Reactive.Core[0xdb19af80]: 2
D/Mono    ( 9842): Unloading image System.Runtime.dll [0xc7adf800].
D/Mono    ( 9842): Image addref System.Runtime[0xc7ae2120] -> System.Runtime.dll[0xdd963a00]: 7
D/Mono    ( 9842): Config attempting to parse: 'System.Runtime.dll.config'.
D/Mono    ( 9842): Config attempting to parse: '/Users/builder/data/lanes/4009/f3074d2c/source/monodroid/builds/install/mono-armv6/etc/mono/assemblies/System.Runtime/System.Runtime.config'.
D/Mono    ( 9842): Assembly Ref addref System.Reactive.Core[0xdb19af80] -> System.Runtime[0xdb19b3a0]: 5
D/Mono    ( 9842): DllImport searching in: '__Internal' ('(null)').
D/Mono    ( 9842): Searching for 'java_interop_jnienv_call_nonvirtual_object_method_a'.
D/Mono    ( 9842): Probing 'java_interop_jnienv_call_nonvirtual_object_method_a'.
D/Mono    ( 9842): Found as 'java_interop_jnienv_call_nonvirtual_object_method_a'.
D/Mono    ( 9842): Assembly Ref addref CareerBuilder_Search.Droid[0xdb19a3e0] -> Microsoft.Practices.Unity[0xdb19a680]: 2
D/Mono    ( 9842): Unloading image System.Runtime.dll [0xc7adf800].
D/Mono    ( 9842): Image addref System.Runtime[0xc7ae2120] -> System.Runtime.dll[0xdd963a00]: 8
D/Mono    ( 9842): Config attempting to parse: 'System.Runtime.dll.config'.
D/Mono    ( 9842): Config attempting to parse: '/Users/builder/data/lanes/4009/f3074d2c/source/monodroid/builds/install/mono-armv6/etc/mono/assemblies/System.Runtime/System.Runtime.config'.
D/Mono    ( 9842): Assembly Ref addref Microsoft.Practices.Unity[0xdb19a680] -> System.Runtime[0xdb19b3a0]: 6
D/Mono    ( 9842): Unloading image System.Collections.dll [0xc7adfd00].
D/Mono    ( 9842): Image addref System.Collections[0xc7ae2120] -> System.Collections.dll[0xdd966700]: 5
D/Mono    ( 9842): Config attempting to parse: 'System.Collections.dll.config'.
D/Mono    ( 9842): Config attempting to parse: '/Users/builder/data/lanes/4009/f3074d2c/source/monodroid/builds/install/mono-armv6/etc/mono/assemblies/System.Collections/System.Collections.config'.
D/Mono    ( 9842): Assembly Ref addref Microsoft.Practices.Unity[0xdb19a680] -> System.Collections[0xdb19b640]: 3
D/Mono    ( 9842): Assembly Ref addref CareerBuilder_Search[0xdb19b280] -> Microsoft.Practices.Unity[0xdb19a680]: 3
D/Mono    ( 9842): Assembly Ref addref CareerBuilder_Search.Droid[0xdb19a3e0] -> Plugin.DeviceInfo.Abstractions[0xdb19a920]: 3
D/Mono    ( 9842): Unloading image System.Diagnostics.Debug.dll [0xc7adfd00].
D/Mono    ( 9842): Image addref System.Diagnostics.Debug[0xc7ae2120] -> System.Diagnostics.Debug.dll[0xdd965800]: 5
D/Mono    ( 9842): Config attempting to parse: 'System.Diagnostics.Debug.dll.config'.
D/Mono    ( 9842): Config attempting to parse: '/Users/builder/data/lanes/4009/f3074d2c/source/monodroid/builds/install/mono-armv6/etc/mono/assemblies/System.Diagnostics.Debug/System.Diagnostics.Debug.config'.
D/Mono    ( 9842): Assembly Ref addref CareerBuilder_Search[0xdb19b280] -> System.Diagnostics.Debug[0xdb19b520]: 3
D/Mono    ( 9842): Assembly Ref addref System.Diagnostics.Debug[0xdb19b520] -> mscorlib[0xdb19a380]: 32
D/Mono    ( 9842): Image addref System.Diagnostics.Tools[0xc7ae2120] -> System.Diagnostics.Tools.dll[0xc7adfd00]: 2
D/Mono    ( 9842): Prepared to set up assembly 'System.Diagnostics.Tools' (System.Diagnostics.Tools.dll)
D/Mono    ( 9842): Assembly System.Diagnostics.Tools[0xc7ae2120] added to domain RootDomain, ref_count=1
D/Mono    ( 9842): AOT module 'System.Diagnostics.Tools.dll.so' not found: dlopen failed: library "/data/app/com.careerbuilder.SugarDrone-1/lib/arm/libaot-System.Diagnostics.Tools.dll.so" not found
D/Mono    ( 9842): AOT module '/Users/builder/data/lanes/4009/f3074d2c/source/monodroid/builds/install/mono-armv6/lib/mono/aot-cache/arm/System.Diagnostics.Tools.dll.so' not found: dlopen failed: library "/data/app/com.careerbuilder.SugarDrone-1/lib/arm/libaot-System.Diagnostics.Tools.dll.so" not found
D/Mono    ( 9842): Config attempting to parse: 'System.Diagnostics.Tools.dll.config'.
D/Mono    ( 9842): Config attempting to parse: '/Users/builder/data/lanes/4009/f3074d2c/source/monodroid/builds/install/mono-armv6/etc/mono/assemblies/System.Diagnostics.Tools/System.Diagnostics.Tools.config'.
D/Mono    ( 9842): Assembly Ref addref Microsoft.Practices.Unity[0xdb19a680] -> System.Diagnostics.Tools[0xc7ae2120]: 2
D/Mono    ( 9842): Assembly Ref addref System.Diagnostics.Tools[0xc7ae2120] -> mscorlib[0xdb19a380]: 33
D/Mono    ( 9842): Image addref System.Resources.ResourceManager[0xc7ae2180] -> System.Resources.ResourceManager.dll[0xc7ae0200]: 2
D/Mono    ( 9842): Prepared to set up assembly 'System.Resources.ResourceManager' (System.Resources.ResourceManager.dll)
I/Adreno  ( 9842): QUALCOMM build                   : 74df444, I409c65498b
I/Adreno  ( 9842): Build Date                       : 06/22/16
I/Adreno  ( 9842): OpenGL ES Shader Compiler Version: XE031.08.00.02
I/Adreno  ( 9842): Local Branch                     : N16
I/Adreno  ( 9842): Remote Branch                    : 
I/Adreno  ( 9842): Remote Branch                    : 
I/Adreno  ( 9842): Reconstruct Branch               : 
D/Mono    ( 9842): Assembly System.Resources.ResourceManager[0xc7ae2180] added to domain RootDomain, ref_count=1
W/IInputConnectionWrapper( 4234): reportFullscreenMode on inexistent InputConnection
D/Mono    ( 9842): AOT module 'System.Resources.ResourceManager.dll.so' not found: dlopen failed: library "/data/app/com.careerbuilder.SugarDrone-1/lib/arm/libaot-System.Resources.ResourceManager.dll.so" not found
D/Mono    ( 9842): AOT module '/Users/builder/data/lanes/4009/f3074d2c/source/monodroid/builds/install/mono-armv6/lib/mono/aot-cache/arm/System.Resources.ResourceManager.dll.so' not found: dlopen failed: library "/data/app/com.careerbuilder.SugarDrone-1/lib/arm/libaot-System.Resources.ResourceManager.dll.so" not found
D/Mono    ( 9842): Config attempting to parse: 'System.Resources.ResourceManager.dll.config'.
D/Mono    ( 9842): Config attempting to parse: '/Users/builder/data/lanes/4009/f3074d2c/source/monodroid/builds/install/mono-armv6/etc/mono/assemblies/System.Resources.ResourceManager/System.Resources.ResourceManager.config'.
D/Mono    ( 9842): Assembly Ref addref Microsoft.Practices.Unity[0xdb19a680] -> System.Resources.ResourceManager[0xc7ae2180]: 2
D/Mono    ( 9842): Assembly Ref addref System.Resources.ResourceManager[0xc7ae2180] -> mscorlib[0xdb19a380]: 34
D/Mono    ( 9842): Unloading image System.Reflection.dll [0xc7ae0700].
D/Mono    ( 9842): Image addref System.Reflection[0xc7ae21e0] -> System.Reflection.dll[0xdd964e00]: 5
D/Mono    ( 9842): Config attempting to parse: 'System.Reflection.dll.config'.
D/Mono    ( 9842): Config attempting to parse: '/Users/builder/data/lanes/4009/f3074d2c/source/monodroid/builds/install/mono-armv6/etc/mono/assemblies/System.Reflection/System.Reflection.config'.
D/Mono    ( 9842): Assembly Ref addref Microsoft.Practices.Unity[0xdb19a680] -> System.Reflection[0xdb19b460]: 3
I/OpenGLRenderer( 9842): Initialized EGL, version 1.4
D/OpenGLRenderer( 9842): Swap behavior 1
D/Mono    ( 9842): Unloading image System.Linq.dll [0xc7ae0700].
D/Mono    ( 9842): Image addref System.Linq[0xc7ae2540] -> System.Linq.dll[0xc7cbaa00]: 5
D/Mono    ( 9842): Config attempting to parse: 'System.Linq.dll.config'.
D/Mono    ( 9842): Config attempting to parse: '/Users/builder/data/lanes/4009/f3074d2c/source/monodroid/builds/install/mono-armv6/etc/mono/assemblies/System.Linq/System.Linq.config'.
D/Mono    ( 9842): Assembly Ref addref Microsoft.Practices.Unity[0xdb19a680] -> System.Linq[0xdb19b760]: 3
D/Mono    ( 9842): Unloading image System.Threading.dll [0xc7ae0700].
D/Mono    ( 9842): Image addref System.Threading[0xc7ae2540] -> System.Threading.dll[0xdd965300]: 5
D/Mono    ( 9842): Config attempting to parse: 'System.Threading.dll.config'.
D/Mono    ( 9842): Config attempting to parse: '/Users/builder/data/lanes/4009/f3074d2c/source/monodroid/builds/install/mono-armv6/etc/mono/assemblies/System.Threading/System.Threading.config'.
D/Mono    ( 9842): Assembly Ref addref Microsoft.Practices.Unity[0xdb19a680] -> System.Threading[0xdb19b4c0]: 3
D/Mono    ( 9842): Image addref System.Globalization[0xc7ae2480] -> System.Globalization.dll[0xc6b8de00]: 2
D/Mono    ( 9842): Prepared to set up assembly 'System.Globalization' (System.Globalization.dll)
D/Mono    ( 9842): Assembly System.Globalization[0xc7ae2480] added to domain RootDomain, ref_count=1
D/Mono    ( 9842): AOT module 'System.Globalization.dll.so' not found: dlopen failed: library "/data/app/com.careerbuilder.SugarDrone-1/lib/arm/libaot-System.Globalization.dll.so" not found
D/Mono    ( 9842): AOT module '/Users/builder/data/lanes/4009/f3074d2c/source/monodroid/builds/install/mono-armv6/lib/mono/aot-cache/arm/System.Globalization.dll.so' not found: dlopen failed: library "/data/app/com.careerbuilder.SugarDrone-1/lib/arm/libaot-System.Globalization.dll.so" not found
D/Mono    ( 9842): Config attempting to parse: 'System.Globalization.dll.config'.
D/Mono    ( 9842): Config attempting to parse: '/Users/builder/data/lanes/4009/f3074d2c/source/monodroid/builds/install/mono-armv6/etc/mono/assemblies/System.Globalization/System.Globalization.config'.
D/Mono    ( 9842): Assembly Ref addref Microsoft.Practices.Unity[0xdb19a680] -> System.Globalization[0xc7ae2480]: 2
D/Mono    ( 9842): Assembly Ref addref System.Globalization[0xc7ae2480] -> mscorlib[0xdb19a380]: 35
D/Mono    ( 9842): Image addref System.Runtime.Extensions[0xc7ae3500] -> System.Runtime.Extensions.dll[0xc6b8e800]: 2
D/Mono    ( 9842): Prepared to set up assembly 'System.Runtime.Extensions' (System.Runtime.Extensions.dll)
D/Mono    ( 9842): Assembly System.Runtime.Extensions[0xc7ae3500] added to domain RootDomain, ref_count=1
D/Mono    ( 9842): AOT module 'System.Runtime.Extensions.dll.so' not found: dlopen failed: library "/data/app/com.careerbuilder.SugarDrone-1/lib/arm/libaot-System.Runtime.Extensions.dll.so" not found
D/Mono    ( 9842): AOT module '/Users/builder/data/lanes/4009/f3074d2c/source/monodroid/builds/install/mono-armv6/lib/mono/aot-cache/arm/System.Runtime.Extensions.dll.so' not found: dlopen failed: library "/data/app/com.careerbuilder.SugarDrone-1/lib/arm/libaot-System.Runtime.Extensions.dll.so" not found
D/Mono    ( 9842): Config attempting to parse: 'System.Runtime.Extensions.dll.config'.
D/Mono    ( 9842): Config attempting to parse: '/Users/builder/data/lanes/4009/f3074d2c/source/monodroid/builds/install/mono-armv6/etc/mono/assemblies/System.Runtime.Extensions/System.Runtime.Extensions.config'.
D/Mono    ( 9842): Assembly Ref addref Microsoft.Practices.Unity[0xdb19a680] -> System.Runtime.Extensions[0xc7ae3500]: 2
D/Mono    ( 9842): Assembly Ref addref System.Runtime.Extensions[0xc7ae3500] -> mscorlib[0xdb19a380]: 36
D/Mono    ( 9842): Image addref System.Linq.Expressions[0xc6370a20] -> System.Linq.Expressions.dll[0xc7334000]: 2
D/Mono    ( 9842): Prepared to set up assembly 'System.Linq.Expressions' (System.Linq.Expressions.dll)
D/Mono    ( 9842): Assembly System.Linq.Expressions[0xc6370a20] added to domain RootDomain, ref_count=1
D/Mono    ( 9842): AOT module 'System.Linq.Expressions.dll.so' not found: dlopen failed: library "/data/app/com.careerbuilder.SugarDrone-1/lib/arm/libaot-System.Linq.Expressions.dll.so" not found
D/Mono    ( 9842): AOT module '/Users/builder/data/lanes/4009/f3074d2c/source/monodroid/builds/install/mono-armv6/lib/mono/aot-cache/arm/System.Linq.Expressions.dll.so' not found: dlopen failed: library "/data/app/com.careerbuilder.SugarDrone-1/lib/arm/libaot-System.Linq.Expressions.dll.so" not found
D/Mono    ( 9842): Config attempting to parse: 'System.Linq.Expressions.dll.config'.
D/Mono    ( 9842): Config attempting to parse: '/Users/builder/data/lanes/4009/f3074d2c/source/monodroid/builds/install/mono-armv6/etc/mono/assemblies/System.Linq.Expressions/System.Linq.Expressions.config'.
D/Mono    ( 9842): Assembly Ref addref Microsoft.Practices.Unity[0xdb19a680] -> System.Linq.Expressions[0xc6370a20]: 2
D/Mono    ( 9842): Assembly Ref addref System.Linq.Expressions[0xc6370a20] -> System.Core[0xdb19b8e0]: 5
D/Mono    ( 9842): Assembly Ref addref System.Core[0xdb19b8e0] -> System[0xdb19b580]: 3
I/ActivityManager(  884): Displayed com.careerbuilder.SugarDrone/md537fd6201b6818e2e180d2f7606e21a83.AppMainActivity: +739ms
D/Mono    ( 9842): Assembly Ref addref CareerBuilder_Search.Droid[0xdb19a3e0] -> Xamarin.GooglePlayServices.Analytics[0xdb19a980]: 2
D/Mono    ( 9842): Assembly Ref addref CareerBuilder_Search.Droid[0xdb19a3e0] -> Plugin.Geolocator.Abstractions[0xdb19a860]: 2
D/Mono    ( 9842): Assembly Ref addref CareerBuilder_Search[0xdb19b280] -> System.Net.Http[0xdd6fd560]: 3
D/Mono    ( 9842): Assembly Ref addref CareerBuilder_Search[0xdb19b280] -> Plugin.DeviceInfo[0xdb19a8c0]: 2
D/Mono    ( 9842): Assembly Ref addref Plugin.DeviceInfo[0xdb19a8c0] -> mscorlib[0xdb19a380]: 37
D/Mono    ( 9842): Assembly Ref addref Plugin.DeviceInfo[0xdb19a8c0] -> Plugin.DeviceInfo.Abstractions[0xdb19a920]: 4
D/Mono    ( 9842): Image addref System.Threading.Tasks[0xc6370120] -> System.Threading.Tasks.dll[0xc6b8d400]: 2
D/Mono    ( 9842): Prepared to set up assembly 'System.Threading.Tasks' (System.Threading.Tasks.dll)
D/Mono    ( 9842): Assembly System.Threading.Tasks[0xc6370120] added to domain RootDomain, ref_count=1
D/Mono    ( 9842): AOT module 'System.Threading.Tasks.dll.so' not found: dlopen failed: library "/data/app/com.careerbuilder.SugarDrone-1/lib/arm/libaot-System.Threading.Tasks.dll.so" not found
I/WindowManager(  884): Destroying surface Surface(name=com.google.android.googlequicksearchbox/com.google.android.launcher.GEL) called by com.android.server.wm.WindowStateAnimator.destroySurface:2014 com.android.server.wm.WindowStateAnimator.destroySurfaceLocked:881 com.android.server.wm.WindowState.destroyOrSaveSurface:2073 com.android.server.wm.AppWindowToken.destroySurfaces:363 com.android.server.wm.AppWindowToken.notifyAppStopped:389 com.android.server.wm.WindowManagerService.notifyAppStopped:4456 com.android.server.am.ActivityStack.activityStoppedLocked:1252 com.android.server.am.ActivityManagerService.activityStopped:6873 
D/Mono    ( 9842): AOT module '/Users/builder/data/lanes/4009/f3074d2c/source/monodroid/builds/install/mono-armv6/lib/mono/aot-cache/arm/System.Threading.Tasks.dll.so' not found: dlopen failed: library "/data/app/com.careerbuilder.SugarDrone-1/lib/arm/libaot-System.Threading.Tasks.dll.so" not found
D/Mono    ( 9842): Config attempting to parse: 'System.Threading.Tasks.dll.config'.
D/Mono    ( 9842): Config attempting to parse: '/Users/builder/data/lanes/4009/f3074d2c/source/monodroid/builds/install/mono-armv6/etc/mono/assemblies/System.Threading.Tasks/System.Threading.Tasks.config'.
D/Mono    ( 9842): Assembly Ref addref CareerBuilder_Search[0xdb19b280] -> System.Threading.Tasks[0xc6370120]: 2
D/Mono    ( 9842): Assembly Ref addref System.Threading.Tasks[0xc6370120] -> mscorlib[0xdb19a380]: 38
D/Mono    ( 9842): Unloading image System.Collections.dll [0xc6b90b00].
D/Mono    ( 9842): Image addref System.Collections[0xc7ae34a0] -> System.Collections.dll[0xdd966700]: 6
D/Mono    ( 9842): Config attempting to parse: 'System.Collections.dll.config'.
D/Mono    ( 9842): Config attempting to parse: '/Users/builder/data/lanes/4009/f3074d2c/source/monodroid/builds/install/mono-armv6/etc/mono/assemblies/System.Collections/System.Collections.config'.
D/Mono    ( 9842): Assembly Ref addref CareerBuilder_Search[0xdb19b280] -> System.Collections[0xdb19b640]: 4
D/Mono    ( 9842): Assembly Ref addref System.Collections[0xdb19b640] -> System[0xdb19b580]: 4
D/Mono    ( 9842): Assembly Ref addref System.Net.Http[0xdd6fd560] -> System[0xdb19b580]: 5
I/WindowManager(  884): Destroying surface Surface(name=Starting com.careerbuilder.SugarDrone) called by com.android.server.wm.WindowStateAnimator.destroySurface:2014 com.android.server.wm.WindowStateAnimator.destroySurfaceLocked:881 com.android.server.wm.WindowState.destroyOrSaveSurface:2073 com.android.server.wm.AppWindowToken.destroySurfaces:363 com.android.server.wm.WindowStateAnimator.finishExit:565 com.android.server.wm.WindowStateAnimator.stepAnimationLocked:491 com.android.server.wm.WindowAnimator.updateWindowsLocked:303 com.android.server.wm.WindowAnimator.animateLocked:704 
D/Mono    ( 9842): Assembly Ref addref Microsoft.Practices.Unity[0xdb19a680] -> System.Reflection.Extensions[0xdb19ba00]: 3
I/System.out( 9842): URI: /map
I/System.out( 9842): params: {json={"query":"*","operation":{"method_name":"query","arguments":[]}}
I/System.out( 9842): }
W/ResourceType( 9842): No known package when getting name for resource number 0xffffffff
W/ResourceType( 9842): No known package when getting name for resource number 0xffffffff
W/ResourceType( 9842): No known package when getting name for resource number 0xffffffff
D/Mono    ( 9842): Unloading image System.Threading.dll [0xc5e85a00].
D/Mono    ( 9842): Image addref System.Threading[0xc6370000] -> System.Threading.dll[0xdd965300]: 6
D/Mono    ( 9842): Config attempting to parse: 'System.Threading.dll.config'.
D/Mono    ( 9842): Config attempting to parse: '/Users/builder/data/lanes/4009/f3074d2c/source/monodroid/builds/install/mono-armv6/etc/mono/assemblies/System.Threading/System.Threading.config'.
D/Mono    ( 9842): Assembly Ref addref CareerBuilder_Search[0xdb19b280] -> System.Threading[0xdb19b4c0]: 4
D/Mono    ( 9842): Assembly Ref addref System.Threading[0xdb19b4c0] -> System.Core[0xdb19b8e0]: 6
D/Mono    ( 9842): Assembly Ref addref System.Runtime[0xdb19b3a0] -> System[0xdb19b580]: 6
D/Mono    ( 9842): Assembly Ref addref CareerBuilder_Search[0xdb19b280] -> Newtonsoft.Json[0xdb19aec0]: 2
D/Mono    ( 9842): Unloading image System.Runtime.dll [0xc5e85f00].
D/Mono    ( 9842): Image addref System.Runtime[0xc6371ec0] -> System.Runtime.dll[0xdd963a00]: 9
D/Mono    ( 9842): Config attempting to parse: 'System.Runtime.dll.config'.
D/Mono    ( 9842): Config attempting to parse: '/Users/builder/data/lanes/4009/f3074d2c/source/monodroid/builds/install/mono-armv6/etc/mono/assemblies/System.Runtime/System.Runtime.config'.
D/Mono    ( 9842): Assembly Ref addref Newtonsoft.Json[0xdb19aec0] -> System.Runtime[0xdb19b3a0]: 7
D/Mono    ( 9842): Image addref System.Dynamic.Runtime[0xc6371ec0] -> System.Dynamic.Runtime.dll[0xc5e85f00]: 2
D/Mono    ( 9842): Prepared to set up assembly 'System.Dynamic.Runtime' (System.Dynamic.Runtime.dll)
D/Mono    ( 9842): Assembly System.Dynamic.Runtime[0xc6371ec0] added to domain RootDomain, ref_count=1
D/Mono    ( 9842): AOT module 'System.Dynamic.Runtime.dll.so' not found: dlopen failed: library "/data/app/com.careerbuilder.SugarDrone-1/lib/arm/libaot-System.Dynamic.Runtime.dll.so" not found
D/Mono    ( 9842): AOT module '/Users/builder/data/lanes/4009/f3074d2c/source/monodroid/builds/install/mono-armv6/lib/mono/aot-cache/arm/System.Dynamic.Runtime.dll.so' not found: dlopen failed: library "/data/app/com.careerbuilder.SugarDrone-1/lib/arm/libaot-System.Dynamic.Runtime.dll.so" not found
D/Mono    ( 9842): Config attempting to parse: 'System.Dynamic.Runtime.dll.config'.
D/Mono    ( 9842): Config attempting to parse: '/Users/builder/data/lanes/4009/f3074d2c/source/monodroid/builds/install/mono-armv6/etc/mono/assemblies/System.Dynamic.Runtime/System.Dynamic.Runtime.config'.
D/Mono    ( 9842): Assembly Ref addref Newtonsoft.Json[0xdb19aec0] -> System.Dynamic.Runtime[0xc6371ec0]: 2
D/Mono    ( 9842): Assembly Ref addref System.Dynamic.Runtime[0xc6371ec0] -> System.Core[0xdb19b8e0]: 7
D/Mono    ( 9842): Image addref System.ObjectModel[0xc6371f20] -> System.ObjectModel.dll[0xc5e85500]: 2
D/Mono    ( 9842): Prepared to set up assembly 'System.ObjectModel' (System.ObjectModel.dll)
D/Mono    ( 9842): Assembly System.ObjectModel[0xc6371f20] added to domain RootDomain, ref_count=1
D/Mono    ( 9842): AOT module 'System.ObjectModel.dll.so' not found: dlopen failed: library "/data/app/com.careerbuilder.SugarDrone-1/lib/arm/libaot-System.ObjectModel.dll.so" not found
D/Mono    ( 9842): AOT module '/Users/builder/data/lanes/4009/f3074d2c/source/monodroid/builds/install/mono-armv6/lib/mono/aot-cache/arm/System.ObjectModel.dll.so' not found: dlopen failed: library "/data/app/com.careerbuilder.SugarDrone-1/lib/arm/libaot-System.ObjectModel.dll.so" not found
D/Mono    ( 9842): Config attempting to parse: 'System.ObjectModel.dll.config'.
D/Mono    ( 9842): Config attempting to parse: '/Users/builder/data/lanes/4009/f3074d2c/source/monodroid/builds/install/mono-armv6/etc/mono/assemblies/System.ObjectModel/System.ObjectModel.config'.
D/Mono    ( 9842): Assembly Ref addref Newtonsoft.Json[0xdb19aec0] -> System.ObjectModel[0xc6371f20]: 2
D/Mono    ( 9842): Assembly Ref addref System.ObjectModel[0xc6371f20] -> System[0xdb19b580]: 7
D/Mono    ( 9842): Assembly Ref addref CareerBuilder_Search[0xdb19b280] -> System.Reactive.Core[0xdb19af80]: 3
D/Mono    ( 9842): DllImport attempting to load: '__Internal'.
D/Mono    ( 9842): DllImport loaded library '(null)'.
D/Mono    ( 9842): DllImport searching in: '__Internal' ('(null)').
D/Mono    ( 9842): Searching for 'monodroid_get_system_property'.
D/Mono    ( 9842): Probing 'monodroid_get_system_property'.
D/Mono    ( 9842): Found as 'monodroid_get_system_property'.
D/Mono    ( 9842): DllImport searching in: '__Internal' ('(null)').
D/Mono    ( 9842): Searching for 'monodroid_free'.
D/Mono    ( 9842): Probing 'monodroid_free'.
D/Mono    ( 9842): Found as 'monodroid_free'.
I/System.out( 9842): URI: /map
I/System.out( 9842): params: {json={"query":"* id:'agreeAndContinueButton'","operation":{"method_name":"query","arguments":[]}}
I/System.out( 9842): }
D/Mono    ( 9842): Assembly Ref addref CareerBuilder_Search.Droid[0xdb19a3e0] -> Xamarin.Insights[0xdb19aaa0]: 2
D/Mono    ( 9842): Assembly Ref addref Xamarin.Insights[0xdb19aaa0] -> mscorlib[0xdb19a380]: 39
D/Mono    ( 9842): Assembly Ref addref Xamarin.Insights[0xdb19aaa0] -> Mono.Android[0xdb19b2e0]: 19
D/Mono    ( 9842): Assembly Ref addref CareerBuilder_Search.Droid[0xdb19a3e0] -> HockeySDK[0xdb19a4a0]: 2
D/Mono    ( 9842): Assembly Ref addref CareerBuilder_Search.Droid[0xdb19a3e0] -> AppsFlyerXamarinBindingAndroid[0xdb19a440]: 2
W/ResourceType( 9842): No known package when getting name for resource number 0xffffffff
W/ResourceType( 9842): No known package when getting name for resource number 0xffffffff
W/ResourceType( 9842): No known package when getting name for resource number 0xffffffff
D/Mono    ( 9842): DllImport searching in: '__Internal' ('(null)').
D/Mono    ( 9842): Searching for 'java_interop_jnienv_get_static_field_id'.
D/Mono    ( 9842): Probing 'java_interop_jnienv_get_static_field_id'.
D/Mono    ( 9842): Found as 'java_interop_jnienv_get_static_field_id'.
D/Mono    ( 9842): DllImport searching in: '__Internal' ('(null)').
D/Mono    ( 9842): Searching for 'java_interop_jnienv_get_static_int_field'.
D/Mono    ( 9842): Probing 'java_interop_jnienv_get_static_int_field'.
D/Mono    ( 9842): Found as 'java_interop_jnienv_get_static_int_field'.
D/Mono    ( 9842): Assembly Ref addref Xamarin.Insights[0xdb19aaa0] -> System.Core[0xdb19b8e0]: 8
D/Mono    ( 9842): DllImport searching in: '__Internal' ('(null)').
D/Mono    ( 9842): Searching for 'java_interop_jnienv_call_static_long_method_a'.
D/Mono    ( 9842): Probing 'java_interop_jnienv_call_static_long_method_a'.
D/Mono    ( 9842): Found as 'java_interop_jnienv_call_static_long_method_a'.
D/Mono    ( 9842): Assembly Ref addref Xamarin.Insights[0xdb19aaa0] -> System[0xdb19b580]: 8
D/Mono    ( 9842): Assembly Ref addref Xamarin.Insights[0xdb19aaa0] -> System.Net.Http[0xdd6fd560]: 4
W/NetworkIdentity(  884): Active mobile network without subscriber!
W/NetworkIdentity(  884): Active mobile network without subscriber!
W/NetworkIdentity(  884): Active mobile network without subscriber!
W/NetworkIdentity(  884): Active mobile network without subscriber!
W/NetworkIdentity(  884): Active mobile network without subscriber!
W/NetworkIdentity(  884): Active mobile network without subscriber!
W/NetworkIdentity(  884): Active mobile network without subscriber!
W/NetworkIdentity(  884): Active mobile network without subscriber!
W/NetworkIdentity(  884): Active mobile network without subscriber!
W/NetworkIdentity(  884): Active mobile network without subscriber!
D/Mono    ( 9842): DllImport searching in: '__Internal' ('(null)').
D/Mono    ( 9842): Searching for 'java_interop_jnienv_get_object_array_element'.
D/Mono    ( 9842): Probing 'java_interop_jnienv_get_object_array_element'.
D/Mono    ( 9842): Found as 'java_interop_jnienv_get_object_array_element'.
D/Mono    ( 9842): DllImport searching in: '__Internal' ('(null)').
D/Mono    ( 9842): Searching for 'java_interop_jnienv_call_boolean_method_a'.
D/Mono    ( 9842): Probing 'java_interop_jnienv_call_boolean_method_a'.
D/Mono    ( 9842): Found as 'java_interop_jnienv_call_boolean_method_a'.
D/Mono    ( 9842): DllImport searching in: '__Internal' ('(null)').
D/Mono    ( 9842): Searching for 'java_interop_jnienv_call_int_method_a'.
D/Mono    ( 9842): Probing 'java_interop_jnienv_call_int_method_a'.
D/Mono    ( 9842): Found as 'java_interop_jnienv_call_int_method_a'.
W/NetworkIdentity(  884): Active mobile network without subscriber!
W/NetworkIdentity(  884): Active mobile network without subscriber!
W/NetworkIdentity(  884): Active mobile network without subscriber!
W/NetworkIdentity(  884): Active mobile network without subscriber!
W/NetworkIdentity(  884): Active mobile network without subscriber!
W/NetworkIdentity(  884): Active mobile network without subscriber!
W/NetworkIdentity(  884): Active mobile network without subscriber!
W/NetworkIdentity(  884): Active mobile network without subscriber!
W/NetworkIdentity(  884): Active mobile network without subscriber!
W/NetworkIdentity(  884): Active mobile network without subscriber!
D/Mono    ( 9842): DllImport searching in: '__Internal' ('(null)').
D/Mono    ( 9842): Searching for 'java_interop_jnienv_get_field_id'.
D/Mono    ( 9842): Probing 'java_interop_jnienv_get_field_id'.
D/Mono    ( 9842): Found as 'java_interop_jnienv_get_field_id'.
D/Mono    ( 9842): DllImport searching in: '__Internal' ('(null)').
D/Mono    ( 9842): Searching for 'java_interop_jnienv_get_object_field'.
D/Mono    ( 9842): Probing 'java_interop_jnienv_get_object_field'.
D/Mono    ( 9842): Found as 'java_interop_jnienv_get_object_field'.
I/System.out( 9842): URI: /map
I/System.out( 9842): params: {json={"query":"* id:'agreeAndContinueButton'","operation":{"method_name":"query","arguments":[]}}
I/System.out( 9842): }
W/ResourceType( 9842): No known package when getting name for resource number 0xffffffff
W/ResourceType( 9842): No known package when getting name for resource number 0xffffffff
W/ResourceType( 9842): No known package when getting name for resource number 0xffffffff
D/Mono    ( 9842): DllImport searching in: '__Internal' ('(null)').
D/Mono    ( 9842): Searching for 'java_interop_jnienv_call_static_int_method_a'.
D/Mono    ( 9842): Probing 'java_interop_jnienv_call_static_int_method_a'.
D/Mono    ( 9842): Found as 'java_interop_jnienv_call_static_int_method_a'.
W/Xamarin.Insights( 9842): Warning: Insights data communication has been manually enabled
D/Mono    ( 9842): DllImport searching in: '__Internal' ('(null)').
D/Mono    ( 9842): Searching for 'java_interop_jnienv_get_static_object_field'.
D/Mono    ( 9842): Probing 'java_interop_jnienv_get_static_object_field'.
D/Mono    ( 9842): Found as 'java_interop_jnienv_get_static_object_field'.
D/Mono    ( 9842): DllImport searching in: '__Internal' ('(null)').
D/Mono    ( 9842): Searching for 'java_interop_jnienv_call_static_void_method'.
D/Mono    ( 9842): Probing 'java_interop_jnienv_call_static_void_method'.
D/Mono    ( 9842): Found as 'java_interop_jnienv_call_static_void_method'.
I/AppsFlyer_3.01( 9842): Start tracking package: com.careerbuilder.SugarDrone
I/AppsFlyer_3.01( 9842): AsendTrackingWithEvent from activity: md537fd6201b6818e2e180d2f7606e21a83.MainApplication
I/AppsFlyer_3.01-634606463( 9842): ******* sendTrackingWithEvent: Launch
E/ActivityThread( 9842): Failed to find provider info for com.facebook.katana.provider.AttributionIdProvider
I/GAv4    ( 9842): Google Analytics 8.4.87 is starting up. To enable debug logging on a device run:
I/GAv4    ( 9842):   adb shell setprop log.tag.GAv4 DEBUG
I/GAv4    ( 9842):   adb logcat -s GAv4
I/AppsFlyer_3.01( 9842): WARNING:READ_PHONE_STATE is missing
W/GAv4    ( 9842): AnalyticsReceiver is not registered or is disabled. Register the receiver for reliable dispatching on non-Google Play devices. See http://goo.gl/8Rd3yj for instructions.
W/GAv4    ( 9842): CampaignTrackingReceiver is not registered, not exported or is disabled. Installation campaign tracking is not possible. See http://goo.gl/8Rd3yj for instructions.
D/Mono    ( 9842): DllImport searching in: '__Internal' ('(null)').
D/Mono    ( 9842): Searching for 'java_interop_jnienv_call_void_method_a'.
D/Mono    ( 9842): Probing 'java_interop_jnienv_call_void_method_a'.
D/Mono    ( 9842): Found as 'java_interop_jnienv_call_void_method_a'.
I/GAv4    ( 9842): Logger is deprecated. To enable debug logging, please run:
I/GAv4    ( 9842): adb shell setprop log.tag.GAv4 DEBUG
W/GAv4    ( 9842): AnalyticsService not registered in the app manifest. Hits might not be delivered reliably. See http://goo.gl/8Rd3yj for instructions.
D/AppsFlyer_3.01( 9842): AppsFlyer: first launch detected
I/AppsFlyer_3.01( 9842): AppsFlyer: first launch date: 2017-03-16_0423+0100
I/System.out( 9842): AppsFlyerLib.sendTrackingWithEvent
D/Mono    ( 9842): DllImport searching in: '__Internal' ('(null)').
D/Mono    ( 9842): Searching for 'java_interop_jnienv_new_local_ref'.
D/Mono    ( 9842): Probing 'java_interop_jnienv_new_local_ref'.
D/Mono    ( 9842): Found as 'java_interop_jnienv_new_local_ref'.
D/Mono    ( 9842): Assembly Ref addref Plugin.DeviceInfo[0xdb19a8c0] -> Mono.Android[0xdb19b2e0]: 20
I/AppsFlyer_3.01-634606463( 9842): url: https://t.appsflyer.com/api/v3/androidevent?buildnumber=3.01&app_id=com.careerbuilder.SugarDrone
