D/Mono    ( 9608): Searching for '_monodroid_gc_wait_for_bridge_processing'.
D/Mono    ( 9608): Probing '_monodroid_gc_wait_for_bridge_processing'.
D/Mono    ( 9608): Found as '_monodroid_gc_wait_for_bridge_processing'.
D/Mono    ( 9608): DllImport searching in: '__Internal' ('(null)').
D/Mono    ( 9608): Searching for 'java_interop_jnienv_register_natives'.
D/Mono    ( 9608): Probing 'java_interop_jnienv_register_natives'.
D/Mono    ( 9608): Found as 'java_interop_jnienv_register_natives'.
D/Mono    ( 9608): DllImport searching in: '__Internal' ('(null)').
D/Mono    ( 9608): Searching for 'java_interop_jnienv_call_nonvirtual_void_method_a'.
D/Mono    ( 9608): Probing 'java_interop_jnienv_call_nonvirtual_void_method_a'.
D/Mono    ( 9608): Found as 'java_interop_jnienv_call_nonvirtual_void_method_a'.
D/Mono    ( 9608): DllImport searching in: '__Internal' ('(null)').
D/Mono    ( 9608): Searching for 'java_interop_jnienv_is_same_object'.
D/Mono    ( 9608): Probing 'java_interop_jnienv_is_same_object'.
D/Mono    ( 9608): Found as 'java_interop_jnienv_is_same_object'.
D/Mono    ( 9608): DllImport searching in: '__Internal' ('(null)').
D/Mono    ( 9608): Searching for 'java_interop_jnienv_call_static_void_method_a'.
D/Mono    ( 9608): Probing 'java_interop_jnienv_call_static_void_method_a'.
D/Mono    ( 9608): Found as 'java_interop_jnienv_call_static_void_method_a'.
D/Mono    ( 9608): Assembly Ref addref AppsFlyerXamarinBindingAndroid[0xe3c4e0a0] -> mscorlib[0xe3c4de60]: 12
D/Mono    ( 9608): Assembly Ref addref AppsFlyerXamarinBindingAndroid[0xe3c4e0a0] -> Mono.Android[0xec74daa0]: 2
D/Mono    ( 9608): Assembly Ref addref HockeySDK[0xe3c4e160] -> mscorlib[0xe3c4de60]: 13
D/Mono    ( 9608): Assembly Ref addref HockeySDK[0xe3c4e160] -> Mono.Android[0xec74daa0]: 3
D/Mono    ( 9608): Assembly Ref addref Xamarin.GooglePlayServices.Analytics[0xec74d080] -> mscorlib[0xe3c4de60]: 14
D/Mono    ( 9608): Assembly Ref addref Xamarin.GooglePlayServices.Analytics[0xec74d080] -> Mono.Android[0xec74daa0]: 4
D/Mono    ( 9608): Assembly Ref addref Xamarin.GooglePlayServices.Base[0xec74d1a0] -> mscorlib[0xe3c4de60]: 15
D/Mono    ( 9608): Assembly Ref addref Xamarin.GooglePlayServices.Base[0xec74d1a0] -> Mono.Android[0xec74daa0]: 5
D/Mono    ( 9608): Assembly Ref addref Xamarin.GooglePlayServices.Basement[0xec74d200] -> mscorlib[0xe3c4de60]: 16
D/Mono    ( 9608): Assembly Ref addref Xamarin.GooglePlayServices.Basement[0xec74d200] -> Mono.Android[0xec74daa0]: 6
D/Mono    ( 9608): Assembly Ref addref FloatingActionButton-Xamarin[0xec74d380] -> mscorlib[0xe3c4de60]: 17
D/Mono    ( 9608): Assembly Ref addref FloatingActionButton-Xamarin[0xec74d380] -> Mono.Android[0xec74daa0]: 7
D/Mono    ( 9608): Assembly Ref addref Xamarin.Android.Support.v4[0xec74d3e0] -> mscorlib[0xe3c4de60]: 18
D/Mono    ( 9608): Assembly Ref addref Xamarin.Android.Support.v4[0xec74d3e0] -> Mono.Android[0xec74daa0]: 8
D/Mono    ( 9608): Assembly Ref addref Xamarin.Android.Support.v7.RecyclerView[0xec74d440] -> mscorlib[0xe3c4de60]: 19
D/Mono    ( 9608): Assembly Ref addref Xamarin.Android.Support.v7.RecyclerView[0xec74d440] -> Mono.Android[0xec74daa0]: 9
D/Mono    ( 9608): Assembly Ref addref Xamarin.Android.Support.Vector.Drawable[0xec74d4a0] -> mscorlib[0xe3c4de60]: 20
D/Mono    ( 9608): Assembly Ref addref Xamarin.Android.Support.Vector.Drawable[0xec74d4a0] -> Mono.Android[0xec74daa0]: 10
D/Mono    ( 9608): Assembly Ref addref Xamarin.Android.Support.Animated.Vector.Drawable[0xec74d500] -> mscorlib[0xe3c4de60]: 21
D/Mono    ( 9608): Assembly Ref addref Xamarin.Android.Support.Animated.Vector.Drawable[0xec74d500] -> Mono.Android[0xec74daa0]: 11
D/Mono    ( 9608): Assembly Ref addref Xamarin.Android.Support.v7.AppCompat[0xec74d560] -> mscorlib[0xe3c4de60]: 22
D/Mono    ( 9608): Assembly Ref addref Xamarin.Android.Support.v7.AppCompat[0xec74d560] -> Mono.Android[0xec74daa0]: 12
D/Mono    ( 9608): Assembly Ref addref Xamarin.Android.Support.Design[0xec74d5c0] -> mscorlib[0xe3c4de60]: 23
D/Mono    ( 9608): Assembly Ref addref Xamarin.Android.Support.Design[0xec74d5c0] -> Mono.Android[0xec74daa0]: 13
D/Mono    ( 9608): Assembly Ref addref Xamarin.Android.Support.v7.CardView[0xec74d620] -> mscorlib[0xe3c4de60]: 24
D/Mono    ( 9608): Assembly Ref addref Xamarin.Android.Support.v7.CardView[0xec74d620] -> Mono.Android[0xec74daa0]: 14
D/Mono    ( 9608): Assembly Ref addref FlexboxLayoutXamarinBindingAndroid[0xec74d980] -> mscorlib[0xe3c4de60]: 25
D/Mono    ( 9608): Assembly Ref addref FlexboxLayoutXamarinBindingAndroid[0xec74d980] -> Mono.Android[0xec74daa0]: 15
D/Mono    ( 9608): Assembly Ref addref CareerBuilder_Search.Droid[0xe3c4dfe0] -> Mono.Android[0xec74daa0]: 16
D/Mono    ( 9608): Assembly Ref addref CareerBuilder_Search.Droid[0xe3c4dfe0] -> mscorlib[0xe3c4de60]: 26
D/Mono    ( 9608): Image addref Mono.Android.Export[0xec74e700] -> Mono.Android.Export.dll[0xcd0b1900]: 2
D/Mono    ( 9608): Prepared to set up assembly 'Mono.Android.Export' (Mono.Android.Export.dll)
D/Mono    ( 9608): Assembly Mono.Android.Export[0xec74e700] added to domain RootDomain, ref_count=1
D/Mono    ( 9608): AOT module 'Mono.Android.Export.dll.so' not found: dlopen failed: library "/data/app/com.careerbuilder.SugarDrone-1/lib/arm/libaot-Mono.Android.Export.dll.so" not found
D/Mono    ( 9608): AOT module '/Users/builder/data/lanes/4009/f3074d2c/source/monodroid/builds/install/mono-armv6/lib/mono/aot-cache/arm/Mono.Android.Export.dll.so' not found: dlopen failed: library "/data/app/com.careerbuilder.SugarDrone-1/lib/arm/libaot-Mono.Android.Export.dll.so" not found
D/Mono    ( 9608): Config attempting to parse: 'Mono.Android.Export.dll.config'.
D/Mono    ( 9608): Config attempting to parse: '/Users/builder/data/lanes/4009/f3074d2c/source/monodroid/builds/install/mono-armv6/etc/mono/assemblies/Mono.Android.Export/Mono.Android.Export.config'.
D/Mono    ( 9608): Assembly Ref addref Mono.Android.Export[0xec74e700] -> mscorlib[0xe3c4de60]: 27
D/Mono    ( 9608): Assembly Ref addref Mono.Android.Export[0xec74e700] -> Mono.Android[0xec74daa0]: 17
D/Mono    ( 9608): Image addref System.Xml[0xec74e640] -> System.Xml.dll[0xcd0b2800]: 2
D/Mono    ( 9608): Prepared to set up assembly 'System.Xml' (System.Xml.dll)
D/Mono    ( 9608): Assembly System.Xml[0xec74e640] added to domain RootDomain, ref_count=1
D/Mono    ( 9608): AOT module 'System.Xml.dll.so' not found: dlopen failed: library "/data/app/com.careerbuilder.SugarDrone-1/lib/arm/libaot-System.Xml.dll.so" not found
D/Mono    ( 9608): AOT module '/Users/builder/data/lanes/4009/f3074d2c/source/monodroid/builds/install/mono-armv6/lib/mono/aot-cache/arm/System.Xml.dll.so' not found: dlopen failed: library "/data/app/com.careerbuilder.SugarDrone-1/lib/arm/libaot-System.Xml.dll.so" not found
D/Mono    ( 9608): Config attempting to parse: 'System.Xml.dll.config'.
D/Mono    ( 9608): Config attempting to parse: '/Users/builder/data/lanes/4009/f3074d2c/source/monodroid/builds/install/mono-armv6/etc/mono/assemblies/System.Xml/System.Xml.config'.
D/Mono    ( 9608): Assembly Ref addref Mono.Android.Export[0xec74e700] -> System.Xml[0xec74e640]: 2
D/Mono    ( 9608): Assembly Ref addref System.Xml[0xec74e640] -> mscorlib[0xe3c4de60]: 28
D/Mono    ( 9608): Assembly Ref addref Mono.Android[0xec74daa0] -> System.Xml[0xec74e640]: 3
D/Mono    ( 9608): Assembly Ref addref Mono.Android.Export[0xec74e700] -> System.Core[0xec74e0a0]: 4
D/Mono    ( 9608): Image addref System.Net.Http[0xec74e8e0] -> System.Net.Http.dll[0xe5630c00]: 2
D/Mono    ( 9608): Prepared to set up assembly 'System.Net.Http' (System.Net.Http.dll)
D/Mono    ( 9608): Assembly System.Net.Http[0xec74e8e0] added to domain RootDomain, ref_count=1
D/Mono    ( 9608): AOT module 'System.Net.Http.dll.so' not found: dlopen failed: library "/data/app/com.careerbuilder.SugarDrone-1/lib/arm/libaot-System.Net.Http.dll.so" not found
D/Mono    ( 9608): AOT module '/Users/builder/data/lanes/4009/f3074d2c/source/monodroid/builds/install/mono-armv6/lib/mono/aot-cache/arm/System.Net.Http.dll.so' not found: dlopen failed: library "/data/app/com.careerbuilder.SugarDrone-1/lib/arm/libaot-System.Net.Http.dll.so" not found
D/Mono    ( 9608): Config attempting to parse: 'System.Net.Http.dll.config'.
D/Mono    ( 9608): Config attempting to parse: '/Users/builder/data/lanes/4009/f3074d2c/source/monodroid/builds/install/mono-armv6/etc/mono/assemblies/System.Net.Http/System.Net.Http.config'.
D/Mono    ( 9608): Assembly Ref addref CareerBuilder_Search.Droid[0xe3c4dfe0] -> System.Net.Http[0xec74e8e0]: 2
D/Mono    ( 9608): Assembly Ref addref System.Net.Http[0xec74e8e0] -> mscorlib[0xe3c4de60]: 29
I/System.out( 9608): Calabash loaded Mono
I/calabash( 9608): Test server port: 7102
I/InstrumentationBackend( 9608): Added:'NullAction', with key:'nullAction'
I/InstrumentationBackend( 9608): Added:'GetActivityOrientation', with key:'get_activity_orientation'
I/InstrumentationBackend( 9608): Added:'SetActivityOrientation', with key:'set_activity_orientation'
I/InstrumentationBackend( 9608): Added:'DpToDevicePixel', with key:'dp_to_device_pixel'
I/InstrumentationBackend( 9608): Added:'ClickOnScreen', with key:'click_on_screen'
I/InstrumentationBackend( 9608): Added:'DoubleTapCoordinate', with key:'double_tap_coordinate'
I/InstrumentationBackend( 9608): Added:'Drag', with key:'drag'
I/InstrumentationBackend( 9608): Added:'DragCoordinates', with key:'drag_coordinates'
I/InstrumentationBackend( 9608): Added:'LongPressCoordinate', with key:'long_press_coordinate'
I/InstrumentationBackend( 9608): Added:'ResumeApplication', with key:'resume_application'
I/InstrumentationBackend( 9608): Added:'Swipe', with key:'swipe'
I/InstrumentationBackend( 9608): Added:'TouchCoordinates', with key:'touch_coordinate'
I/InstrumentationBackend( 9608): Added:'ListActions', with key:'list_actions'
I/InstrumentationBackend( 9608): Added:'SendTcp', with key:'send_tcp'
I/InstrumentationBackend( 9608): Added:'PressElement', with key:'press_l10n_element'
I/InstrumentationBackend( 9608): Added:'WaitForElement', with key:'wait_for_l10n_element'
I/InstrumentationBackend( 9608): Added:'FakeGPSLocation', with key:'set_gps_coordinates'
I/InstrumentationBackend( 9608): Added:'GetMapBounds', with key:'get_map_bounds'
I/InstrumentationBackend( 9608): Added:'GetMapCenter', with key:'get_map_center'
I/InstrumentationBackend( 9608): Added:'GetMapMarker', with key:'get_map_marker'
I/InstrumentationBackend( 9608): Added:'GetMapMarkers', with key:'get_map_markers'
I/InstrumentationBackend( 9608): Added:'GetMapZoom', with key:'get_map_zoom'
I/InstrumentationBackend( 9608): Added:'PanMapTo', with key:'pan_map_to'
I/InstrumentationBackend( 9608): Added:'SetMapCenter', with key:'set_map_center'
I/InstrumentationBackend( 9608): Added:'SetMapZoom', with key:'set_map_zoom'
I/InstrumentationBackend( 9608): Added:'TapAwayFromMarkers', with key:'tap_map_away_from_markers'
I/InstrumentationBackend( 9608): Added:'TapMapMarker', with key:'tap_map_marker_by_title'
I/InstrumentationBackend( 9608): Added:'ClearPreferences', with key:'clear_preferences'
I/InstrumentationBackend( 9608): Added:'GetPreferences', with key:'get_preferences'
I/InstrumentationBackend( 9608): Added:'SetPreferences', with key:'set_preferences'
I/InstrumentationBackend( 9608): Added:'PressKey', with key:'press_key'
I/InstrumentationBackend( 9608): Added:'DeleteSurroundingText', with key:'delete_surrounding_text'
I/InstrumentationBackend( 9608): Added:'HideSoftKeyboard', with key:'hide_soft_keyboard'
I/InstrumentationBackend( 9608): Added:'KeyboardEnterText', with key:'keyboard_enter_text'
I/InstrumentationBackend( 9608): Added:'KeyboardKeyEvent', with key:'keyboard_key_event'
I/InstrumentationBackend( 9608): Added:'PressUserActionButton', with key:'press_user_action_button'
I/InstrumentationBackend( 9608): Added:'SetComposingRegion', with key:'set_composing_region'
I/InstrumentationBackend( 9608): Added:'SetSelection', with key:'set_selection'
I/InstrumentationBackend( 9608): Added:'AndroidSDKVersion', with key:'android_sdk_version'
I/InstrumentationBackend( 9608): Added:'Version', with key:'version'
I/InstrumentationBackend( 9608): Added:'GetActivityName', with key:'get_activity_name'
I/InstrumentationBackend( 9608): Added:'IsCurrentActivityFocused', with key:'is_current_activity_focused'
I/InstrumentationBackend( 9608): Added:'ScrollToView', with key:'scroll_to_view'
I/InstrumentationBackend( 9608): Added:'ViewConfiguration', with key:'view_configuration'
I/InstrumentationBackend( 9608): Added:'DumpBodyHtml', with key:'dump_body_html'
I/InstrumentationBackend( 9608): Added:'DumpHtml', with key:'dump_html'
I/InstrumentationBackend( 9608): Added:'EnterTextByCssSelector', with key:'enter_text_by_selector'
I/InstrumentationBackend( 9608): Added:'GetLoadProgress', with key:'get_load_progress'
I/InstrumentationBackend( 9608): Added:'GetUrl', with key:'get_url'
I/InstrumentationBackend( 9608): Added:'ScrollTo', with key:'scroll_to'
I/InstrumentationBackend( 9608): Added:'SetPropertyByCssSelector', with key:'set_property_by_css_selector'
I/calabash( 9608): Instantiating http server at 7102
I/System.out( 9608): HTTP Daemon listening on: 7102
I/System.out( 9608): URI: /ready
I/System.out( 9608): params: {}
I/System.out( 9608): URI: /ready
I/System.out( 9608): params: {}
I/art     ( 9608): Starting a blocking GC Explicit
I/art     ( 9608): Explicit concurrent mark sweep GC freed 3236(428KB) AllocSpace objects, 7(140KB) LOS objects, 39% free, 4MB/7MB, paused 348us total 27.338ms
I/System.out( 9608): URI: /ping
I/System.out( 9608): params: {json={"intent":null }
I/System.out( 9608): }
I/System.out( 9608): URI: /ready
I/System.out( 9608): params: {json={"intent":null }
I/System.out( 9608): }
I/System.out( 9608): URI: /start-application
I/System.out( 9608): params: {json={"intent":null }
I/System.out( 9608): }
I/calabash( 9608): execStartActivity 4
I/ActivityManager(  880): START u0 {act=android.intent.action.MAIN cat=[android.intent.category.LAUNCHER] flg=0x10200000 cmp=com.careerbuilder.SugarDrone/md537fd6201b6818e2e180d2f7606e21a83.AppMainActivity (has extras)} from uid 18742 on display 0
I/ActivityManager(  880): Killing 7416:com.android.providers.calendar/u0a2 (adj 906): empty #17
I/calabash( 9608): newActivity1
D/Mono    ( 9608): Assembly Ref addref CareerBuilder_Search.Droid[0xe3c4dfe0] -> Xamarin.Android.Support.v7.AppCompat[0xec74d560]: 2
D/Mono    ( 9608): Assembly Ref addref Xamarin.Android.Support.v7.AppCompat[0xec74d560] -> Xamarin.Android.Support.v4[0xec74d3e0]: 2
D/Mono    ( 9608): DllImport searching in: '__Internal' ('(null)').
D/Mono    ( 9608): Searching for 'java_interop_jnienv_get_array_length'.
D/Mono    ( 9608): Probing 'java_interop_jnienv_get_array_length'.
D/Mono    ( 9608): Found as 'java_interop_jnienv_get_array_length'.
D/Mono    ( 9608): Assembly Ref addref CareerBuilder_Search.Droid[0xe3c4dfe0] -> CareerBuilder_Search[0xec74da40]: 2
D/Mono    ( 9608): Assembly Ref addref CareerBuilder_Search.Droid[0xe3c4dfe0] -> Xamarin.Android.Support.v4[0xec74d3e0]: 3
D/Mono    ( 9608): DllImport searching in: '__Internal' ('(null)').
D/Mono    ( 9608): Searching for 'java_interop_jnienv_new_string'.
D/Mono    ( 9608): Probing 'java_interop_jnienv_new_string'.
D/Mono    ( 9608): Found as 'java_interop_jnienv_new_string'.
D/Mono    ( 9608): Assembly Ref addref CareerBuilder_Search.Droid[0xe3c4dfe0] -> Plugin.CurrentActivity[0xec74c540]: 2
D/Mono    ( 9608): Assembly Ref addref Plugin.CurrentActivity[0xec74c540] -> mscorlib[0xe3c4de60]: 30
D/Mono    ( 9608): Assembly Ref addref Plugin.CurrentActivity[0xec74c540] -> Mono.Android[0xec74daa0]: 18
D/Mono    ( 9608): [0xcc4f4920] worker starting
D/Mono    ( 9608): [0xcc3f3920] worker starting
D/Mono    ( 9608): Unloading image System.Runtime.dll [0xccedee00].
D/Mono    ( 9608): Image addref System.Runtime[0xcc5b8000] -> System.Runtime.dll[0xe562d500]: 5
D/Mono    ( 9608): Config attempting to parse: 'System.Runtime.dll.config'.
D/Mono    ( 9608): Config attempting to parse: '/Users/builder/data/lanes/4009/f3074d2c/source/monodroid/builds/install/mono-armv6/etc/mono/assemblies/System.Runtime/System.Runtime.config'.
D/Mono    ( 9608): Assembly Ref addref CareerBuilder_Search[0xec74da40] -> System.Runtime[0xec74db60]: 3
D/Mono    ( 9608): Assembly Ref addref CareerBuilder_Search[0xec74da40] -> Plugin.DeviceInfo.Abstractions[0xec74ce40]: 2
D/Mono    ( 9608): Unloading image System.Runtime.dll [0xccedf300].
D/Mono    ( 9608): Image addref System.Runtime[0xcc5b8000] -> System.Runtime.dll[0xe562d500]: 6
D/Mono    ( 9608): Config attempting to parse: 'System.Runtime.dll.config'.
D/Mono    ( 9608): Config attempting to parse: '/Users/builder/data/lanes/4009/f3074d2c/source/monodroid/builds/install/mono-armv6/etc/mono/assemblies/System.Runtime/System.Runtime.config'.
D/Mono    ( 9608): Assembly Ref addref Plugin.DeviceInfo.Abstractions[0xec74ce40] -> System.Runtime[0xec74db60]: 4
D/Mono    ( 9608): Assembly Ref addref CareerBuilder_Search.Droid[0xe3c4dfe0] -> Akavache[0xe3c4e880]: 2
D/Mono    ( 9608): Assembly Ref addref Akavache[0xe3c4e880] -> mscorlib[0xe3c4de60]: 31
D/Mono    ( 9608): Assembly Ref addref Akavache[0xe3c4e880] -> System.Reactive.Interfaces[0xec74d7a0]: 2
D/Mono    ( 9608): Assembly Ref addref Akavache[0xe3c4e880] -> System.Reactive.Core[0xec74d740]: 2
D/Mono    ( 9608): Unloading image System.Runtime.dll [0xccedf300].
D/Mono    ( 9608): Image addref System.Runtime[0xcc5b8000] -> System.Runtime.dll[0xe562d500]: 7
D/Mono    ( 9608): Config attempting to parse: 'System.Runtime.dll.config'.
D/Mono    ( 9608): Config attempting to parse: '/Users/builder/data/lanes/4009/f3074d2c/source/monodroid/builds/install/mono-armv6/etc/mono/assemblies/System.Runtime/System.Runtime.config'.
D/Mono    ( 9608): Assembly Ref addref System.Reactive.Core[0xec74d740] -> System.Runtime[0xec74db60]: 5
D/Mono    ( 9608): DllImport searching in: '__Internal' ('(null)').
D/Mono    ( 9608): Searching for 'java_interop_jnienv_call_nonvirtual_object_method_a'.
D/Mono    ( 9608): Probing 'java_interop_jnienv_call_nonvirtual_object_method_a'.
D/Mono    ( 9608): Found as 'java_interop_jnienv_call_nonvirtual_object_method_a'.
D/Mono    ( 9608): Assembly Ref addref CareerBuilder_Search.Droid[0xe3c4dfe0] -> Microsoft.Practices.Unity[0xec74c4e0]: 2
D/Mono    ( 9608): Unloading image System.Runtime.dll [0xccedf300].
D/Mono    ( 9608): Image addref System.Runtime[0xcc5b8000] -> System.Runtime.dll[0xe562d500]: 8
D/Mono    ( 9608): Config attempting to parse: 'System.Runtime.dll.config'.
D/Mono    ( 9608): Config attempting to parse: '/Users/builder/data/lanes/4009/f3074d2c/source/monodroid/builds/install/mono-armv6/etc/mono/assemblies/System.Runtime/System.Runtime.config'.
D/Mono    ( 9608): Assembly Ref addref Microsoft.Practices.Unity[0xec74c4e0] -> System.Runtime[0xec74db60]: 6
D/Mono    ( 9608): Unloading image System.Collections.dll [0xccedf800].
D/Mono    ( 9608): Image addref System.Collections[0xcc5b8000] -> System.Collections.dll[0xe5630200]: 5
D/Mono    ( 9608): Config attempting to parse: 'System.Collections.dll.config'.
D/Mono    ( 9608): Config attempting to parse: '/Users/builder/data/lanes/4009/f3074d2c/source/monodroid/builds/install/mono-armv6/etc/mono/assemblies/System.Collections/System.Collections.config'.
D/Mono    ( 9608): Assembly Ref addref Microsoft.Practices.Unity[0xec74c4e0] -> System.Collections[0xec74de00]: 3
D/Mono    ( 9608): Assembly Ref addref CareerBuilder_Search[0xec74da40] -> Microsoft.Practices.Unity[0xec74c4e0]: 3
D/Mono    ( 9608): Assembly Ref addref CareerBuilder_Search.Droid[0xe3c4dfe0] -> Plugin.DeviceInfo.Abstractions[0xec74ce40]: 3
D/Mono    ( 9608): Unloading image System.Diagnostics.Debug.dll [0xccedf800].
D/Mono    ( 9608): Image addref System.Diagnostics.Debug[0xcc5b8000] -> System.Diagnostics.Debug.dll[0xe562f300]: 5
D/Mono    ( 9608): Config attempting to parse: 'System.Diagnostics.Debug.dll.config'.
D/Mono    ( 9608): Config attempting to parse: '/Users/builder/data/lanes/4009/f3074d2c/source/monodroid/builds/install/mono-armv6/etc/mono/assemblies/System.Diagnostics.Debug/System.Diagnostics.Debug.config'.
D/Mono    ( 9608): Assembly Ref addref CareerBuilder_Search[0xec74da40] -> System.Diagnostics.Debug[0xec74dce0]: 3
D/Mono    ( 9608): Assembly Ref addref System.Diagnostics.Debug[0xec74dce0] -> mscorlib[0xe3c4de60]: 32
D/Mono    ( 9608): Image addref System.Diagnostics.Tools[0xcc5b8000] -> System.Diagnostics.Tools.dll[0xccedf800]: 2
D/Mono    ( 9608): Prepared to set up assembly 'System.Diagnostics.Tools' (System.Diagnostics.Tools.dll)
D/Mono    ( 9608): Assembly System.Diagnostics.Tools[0xcc5b8000] added to domain RootDomain, ref_count=1
D/Mono    ( 9608): AOT module 'System.Diagnostics.Tools.dll.so' not found: dlopen failed: library "/data/app/com.careerbuilder.SugarDrone-1/lib/arm/libaot-System.Diagnostics.Tools.dll.so" not found
D/Mono    ( 9608): AOT module '/Users/builder/data/lanes/4009/f3074d2c/source/monodroid/builds/install/mono-armv6/lib/mono/aot-cache/arm/System.Diagnostics.Tools.dll.so' not found: dlopen failed: library "/data/app/com.careerbuilder.SugarDrone-1/lib/arm/libaot-System.Diagnostics.Tools.dll.so" not found
D/Mono    ( 9608): Config attempting to parse: 'System.Diagnostics.Tools.dll.config'.
D/Mono    ( 9608): Config attempting to parse: '/Users/builder/data/lanes/4009/f3074d2c/source/monodroid/builds/install/mono-armv6/etc/mono/assemblies/System.Diagnostics.Tools/System.Diagnostics.Tools.config'.
D/Mono    ( 9608): Assembly Ref addref Microsoft.Practices.Unity[0xec74c4e0] -> System.Diagnostics.Tools[0xcc5b8000]: 2
D/Mono    ( 9608): Assembly Ref addref System.Diagnostics.Tools[0xcc5b8000] -> mscorlib[0xe3c4de60]: 33
D/Mono    ( 9608): Image addref System.Resources.ResourceManager[0xcc5b8060] -> System.Resources.ResourceManager.dll[0xccedfd00]: 2
D/Mono    ( 9608): Prepared to set up assembly 'System.Resources.ResourceManager' (System.Resources.ResourceManager.dll)
D/Mono    ( 9608): Assembly System.Resources.ResourceManager[0xcc5b8060] added to domain RootDomain, ref_count=1
D/Mono    ( 9608): AOT module 'System.Resources.ResourceManager.dll.so' not found: dlopen failed: library "/data/app/com.careerbuilder.SugarDrone-1/lib/arm/libaot-System.Resources.ResourceManager.dll.so" not found
D/Mono    ( 9608): AOT module '/Users/builder/data/lanes/4009/f3074d2c/source/monodroid/builds/install/mono-armv6/lib/mono/aot-cache/arm/System.Resources.ResourceManager.dll.so' not found: dlopen failed: library "/data/app/com.careerbuilder.SugarDrone-1/lib/arm/libaot-System.Resources.ResourceManager.dll.so" not found
D/Mono    ( 9608): Config attempting to parse: 'System.Resources.ResourceManager.dll.config'.
D/Mono    ( 9608): Config attempting to parse: '/Users/builder/data/lanes/4009/f3074d2c/source/monodroid/builds/install/mono-armv6/etc/mono/assemblies/System.Resources.ResourceManager/System.Resources.ResourceManager.config'.
D/Mono    ( 9608): Assembly Ref addref Microsoft.Practices.Unity[0xec74c4e0] -> System.Resources.ResourceManager[0xcc5b8060]: 2
D/Mono    ( 9608): Assembly Ref addref System.Resources.ResourceManager[0xcc5b8060] -> mscorlib[0xe3c4de60]: 34
D/Mono    ( 9608): Unloading image System.Reflection.dll [0xccee0200].
D/Mono    ( 9608): Image addref System.Reflection[0xcc5b80c0] -> System.Reflection.dll[0xe562e900]: 5
D/Mono    ( 9608): Config attempting to parse: 'System.Reflection.dll.config'.
D/Mono    ( 9608): Config attempting to parse: '/Users/builder/data/lanes/4009/f3074d2c/source/monodroid/builds/install/mono-armv6/etc/mono/assemblies/System.Reflection/System.Reflection.config'.
D/Mono    ( 9608): Assembly Ref addref Microsoft.Practices.Unity[0xec74c4e0] -> System.Reflection[0xec74dc20]: 3
I/Adreno  ( 9608): QUALCOMM build                   : 74df444, I409c65498b
I/Adreno  ( 9608): Build Date                       : 06/22/16
I/Adreno  ( 9608): OpenGL ES Shader Compiler Version: XE031.08.00.02
I/Adreno  ( 9608): Local Branch                     : N16
I/Adreno  ( 9608): Remote Branch                    : 
I/Adreno  ( 9608): Remote Branch                    : 
I/Adreno  ( 9608): Reconstruct Branch               : 
D/Mono    ( 9608): Unloading image System.Linq.dll [0xccee0200].
D/Mono    ( 9608): Image addref System.Linq[0xcc5b82a0] -> System.Linq.dll[0xcd0b0500]: 5
D/Mono    ( 9608): Config attempting to parse: 'System.Linq.dll.config'.
D/Mono    ( 9608): Config attempting to parse: '/Users/builder/data/lanes/4009/f3074d2c/source/monodroid/builds/install/mono-armv6/etc/mono/assemblies/System.Linq/System.Linq.config'.
D/Mono    ( 9608): Assembly Ref addref Microsoft.Practices.Unity[0xec74c4e0] -> System.Linq[0xec74df20]: 3
W/IInputConnectionWrapper( 4241): reportFullscreenMode on inexistent InputConnection
D/Mono    ( 9608): Unloading image System.Threading.dll [0xccee0200].
D/Mono    ( 9608): Image addref System.Threading[0xcc5b82a0] -> System.Threading.dll[0xe562ee00]: 5
D/Mono    ( 9608): Config attempting to parse: 'System.Threading.dll.config'.
I/OpenGLRenderer( 9608): Initialized EGL, version 1.4
D/Mono    ( 9608): Config attempting to parse: '/Users/builder/data/lanes/4009/f3074d2c/source/monodroid/builds/install/mono-armv6/etc/mono/assemblies/System.Threading/System.Threading.config'.
D/Mono    ( 9608): Assembly Ref addref Microsoft.Practices.Unity[0xec74c4e0] -> System.Threading[0xec74dc80]: 3
D/OpenGLRenderer( 9608): Swap behavior 1
D/Mono    ( 9608): Image addref System.Globalization[0xcc5b81e0] -> System.Globalization.dll[0xcc114d00]: 2
D/Mono    ( 9608): Prepared to set up assembly 'System.Globalization' (System.Globalization.dll)
D/Mono    ( 9608): Assembly System.Globalization[0xcc5b81e0] added to domain RootDomain, ref_count=1
D/Mono    ( 9608): AOT module 'System.Globalization.dll.so' not found: dlopen failed: library "/data/app/com.careerbuilder.SugarDrone-1/lib/arm/libaot-System.Globalization.dll.so" not found
D/Mono    ( 9608): AOT module '/Users/builder/data/lanes/4009/f3074d2c/source/monodroid/builds/install/mono-armv6/lib/mono/aot-cache/arm/System.Globalization.dll.so' not found: dlopen failed: library "/data/app/com.careerbuilder.SugarDrone-1/lib/arm/libaot-System.Globalization.dll.so" not found
D/Mono    ( 9608): Config attempting to parse: 'System.Globalization.dll.config'.
D/Mono    ( 9608): Config attempting to parse: '/Users/builder/data/lanes/4009/f3074d2c/source/monodroid/builds/install/mono-armv6/etc/mono/assemblies/System.Globalization/System.Globalization.config'.
D/Mono    ( 9608): Assembly Ref addref Microsoft.Practices.Unity[0xec74c4e0] -> System.Globalization[0xcc5b81e0]: 2
D/Mono    ( 9608): Assembly Ref addref System.Globalization[0xcc5b81e0] -> mscorlib[0xe3c4de60]: 35
D/Mono    ( 9608): Image addref System.Runtime.Extensions[0xcc5b9260] -> System.Runtime.Extensions.dll[0xcbf85d00]: 2
D/Mono    ( 9608): Prepared to set up assembly 'System.Runtime.Extensions' (System.Runtime.Extensions.dll)
D/Mono    ( 9608): Assembly System.Runtime.Extensions[0xcc5b9260] added to domain RootDomain, ref_count=1
D/Mono    ( 9608): AOT module 'System.Runtime.Extensions.dll.so' not found: dlopen failed: library "/data/app/com.careerbuilder.SugarDrone-1/lib/arm/libaot-System.Runtime.Extensions.dll.so" not found
D/Mono    ( 9608): AOT module '/Users/builder/data/lanes/4009/f3074d2c/source/monodroid/builds/install/mono-armv6/lib/mono/aot-cache/arm/System.Runtime.Extensions.dll.so' not found: dlopen failed: library "/data/app/com.careerbuilder.SugarDrone-1/lib/arm/libaot-System.Runtime.Extensions.dll.so" not found
D/Mono    ( 9608): Config attempting to parse: 'System.Runtime.Extensions.dll.config'.
D/Mono    ( 9608): Config attempting to parse: '/Users/builder/data/lanes/4009/f3074d2c/source/monodroid/builds/install/mono-armv6/etc/mono/assemblies/System.Runtime.Extensions/System.Runtime.Extensions.config'.
D/Mono    ( 9608): Assembly Ref addref Microsoft.Practices.Unity[0xec74c4e0] -> System.Runtime.Extensions[0xcc5b9260]: 2
D/Mono    ( 9608): Assembly Ref addref System.Runtime.Extensions[0xcc5b9260] -> mscorlib[0xe3c4de60]: 36
D/Mono    ( 9608): Image addref System.Linq.Expressions[0xcc5baac0] -> System.Linq.Expressions.dll[0xccee1b00]: 2
D/Mono    ( 9608): Prepared to set up assembly 'System.Linq.Expressions' (System.Linq.Expressions.dll)
D/Mono    ( 9608): Assembly System.Linq.Expressions[0xcc5baac0] added to domain RootDomain, ref_count=1
D/Mono    ( 9608): AOT module 'System.Linq.Expressions.dll.so' not found: dlopen failed: library "/data/app/com.careerbuilder.SugarDrone-1/lib/arm/libaot-System.Linq.Expressions.dll.so" not found
D/Mono    ( 9608): AOT module '/Users/builder/data/lanes/4009/f3074d2c/source/monodroid/builds/install/mono-armv6/lib/mono/aot-cache/arm/System.Linq.Expressions.dll.so' not found: dlopen failed: library "/data/app/com.careerbuilder.SugarDrone-1/lib/arm/libaot-System.Linq.Expressions.dll.so" not found
D/Mono    ( 9608): Config attempting to parse: 'System.Linq.Expressions.dll.config'.
D/Mono    ( 9608): Config attempting to parse: '/Users/builder/data/lanes/4009/f3074d2c/source/monodroid/builds/install/mono-armv6/etc/mono/assemblies/System.Linq.Expressions/System.Linq.Expressions.config'.
D/Mono    ( 9608): Assembly Ref addref Microsoft.Practices.Unity[0xec74c4e0] -> System.Linq.Expressions[0xcc5baac0]: 2
D/Mono    ( 9608): Assembly Ref addref System.Linq.Expressions[0xcc5baac0] -> System.Core[0xec74e0a0]: 5
D/Mono    ( 9608): Assembly Ref addref System.Core[0xec74e0a0] -> System[0xec74dd40]: 3
D/Mono    ( 9608): Assembly Ref addref CareerBuilder_Search.Droid[0xe3c4dfe0] -> Xamarin.GooglePlayServices.Analytics[0xec74d080]: 2
D/Mono    ( 9608): Assembly Ref addref CareerBuilder_Search.Droid[0xe3c4dfe0] -> Plugin.Geolocator.Abstractions[0xec74cae0]: 2
D/Mono    ( 9608): Assembly Ref addref CareerBuilder_Search[0xec74da40] -> System.Net.Http[0xec74e8e0]: 3
D/Mono    ( 9608): Assembly Ref addref CareerBuilder_Search[0xec74da40] -> Plugin.DeviceInfo[0xec74cba0]: 2
D/Mono    ( 9608): Assembly Ref addref Plugin.DeviceInfo[0xec74cba0] -> mscorlib[0xe3c4de60]: 37
D/Mono    ( 9608): Assembly Ref addref Plugin.DeviceInfo[0xec74cba0] -> Plugin.DeviceInfo.Abstractions[0xec74ce40]: 4
D/Mono    ( 9608): Image addref System.Threading.Tasks[0xcb77be60] -> System.Threading.Tasks.dll[0xcbf86700]: 2
D/Mono    ( 9608): Prepared to set up assembly 'System.Threading.Tasks' (System.Threading.Tasks.dll)
D/Mono    ( 9608): Assembly System.Threading.Tasks[0xcb77be60] added to domain RootDomain, ref_count=1
D/Mono    ( 9608): AOT module 'System.Threading.Tasks.dll.so' not found: dlopen failed: library "/data/app/com.careerbuilder.SugarDrone-1/lib/arm/libaot-System.Threading.Tasks.dll.so" not found
D/Mono    ( 9608): AOT module '/Users/builder/data/lanes/4009/f3074d2c/source/monodroid/builds/install/mono-armv6/lib/mono/aot-cache/arm/System.Threading.Tasks.dll.so' not found: dlopen failed: library "/data/app/com.careerbuilder.SugarDrone-1/lib/arm/libaot-System.Threading.Tasks.dll.so" not found
D/Mono    ( 9608): Config attempting to parse: 'System.Threading.Tasks.dll.config'.
D/Mono    ( 9608): Config attempting to parse: '/Users/builder/data/lanes/4009/f3074d2c/source/monodroid/builds/install/mono-armv6/etc/mono/assemblies/System.Threading.Tasks/System.Threading.Tasks.config'.
D/Mono    ( 9608): Assembly Ref addref CareerBuilder_Search[0xec74da40] -> System.Threading.Tasks[0xcb77be60]: 2
D/Mono    ( 9608): Assembly Ref addref System.Threading.Tasks[0xcb77be60] -> mscorlib[0xe3c4de60]: 38
D/Mono    ( 9608): Unloading image System.Collections.dll [0xcbf86c00].
D/Mono    ( 9608): Image addref System.Collections[0xcc5b9200] -> System.Collections.dll[0xe5630200]: 6
D/Mono    ( 9608): Config attempting to parse: 'System.Collections.dll.config'.
D/Mono    ( 9608): Config attempting to parse: '/Users/builder/data/lanes/4009/f3074d2c/source/monodroid/builds/install/mono-armv6/etc/mono/assemblies/System.Collections/System.Collections.config'.
D/Mono    ( 9608): Assembly Ref addref CareerBuilder_Search[0xec74da40] -> System.Collections[0xec74de00]: 4
D/Mono    ( 9608): Assembly Ref addref System.Collections[0xec74de00] -> System[0xec74dd40]: 4
D/Mono    ( 9608): Assembly Ref addref System.Net.Http[0xec74e8e0] -> System[0xec74dd40]: 5
I/ActivityManager(  880): Displayed com.careerbuilder.SugarDrone/md537fd6201b6818e2e180d2f7606e21a83.AppMainActivity: +837ms
I/WindowManager(  880): Destroying surface Surface(name=com.google.android.googlequicksearchbox/com.google.android.launcher.GEL) called by com.android.server.wm.WindowStateAnimator.destroySurface:2014 com.android.server.wm.WindowStateAnimator.destroySurfaceLocked:881 com.android.server.wm.WindowState.destroyOrSaveSurface:2073 com.android.server.wm.AppWindowToken.destroySurfaces:363 com.android.server.wm.AppWindowToken.notifyAppStopped:389 com.android.server.wm.WindowManagerService.notifyAppStopped:4456 com.android.server.am.ActivityStack.activityStoppedLocked:1252 com.android.server.am.ActivityManagerService.activityStopped:6873 
D/Mono    ( 9608): Assembly Ref addref Microsoft.Practices.Unity[0xec74c4e0] -> System.Reflection.Extensions[0xec74e1c0]: 3
I/System.out( 9608): URI: /map
I/System.out( 9608): params: {json={"query":"*","operation":{"method_name":"query","arguments":[]}}
I/System.out( 9608): }
I/WindowManager(  880): Destroying surface Surface(name=Starting com.careerbuilder.SugarDrone) called by com.android.server.wm.WindowStateAnimator.destroySurface:2014 com.android.server.wm.WindowStateAnimator.destroySurfaceLocked:881 com.android.server.wm.WindowState.destroyOrSaveSurface:2073 com.android.server.wm.AppWindowToken.destroySurfaces:363 com.android.server.wm.WindowStateAnimator.finishExit:565 com.android.server.wm.WindowStateAnimator.stepAnimationLocked:491 com.android.server.wm.WindowAnimator.updateWindowsLocked:303 com.android.server.wm.WindowAnimator.animateLocked:704 
W/ResourceType( 9608): No known package when getting name for resource number 0xffffffff
W/ResourceType( 9608): No known package when getting name for resource number 0xffffffff
W/ResourceType( 9608): No known package when getting name for resource number 0xffffffff
D/Mono    ( 9608): Unloading image System.Threading.dll [0xcb56c800].
D/Mono    ( 9608): Image addref System.Threading[0xcb77b8c0] -> System.Threading.dll[0xe562ee00]: 6
D/Mono    ( 9608): Config attempting to parse: 'System.Threading.dll.config'.
D/Mono    ( 9608): Config attempting to parse: '/Users/builder/data/lanes/4009/f3074d2c/source/monodroid/builds/install/mono-armv6/etc/mono/assemblies/System.Threading/System.Threading.config'.
D/Mono    ( 9608): Assembly Ref addref CareerBuilder_Search[0xec74da40] -> System.Threading[0xec74dc80]: 4
D/Mono    ( 9608): Assembly Ref addref System.Threading[0xec74dc80] -> System.Core[0xec74e0a0]: 6
D/Mono    ( 9608): Assembly Ref addref System.Runtime[0xec74db60] -> System[0xec74dd40]: 6
D/Mono    ( 9608): Assembly Ref addref CareerBuilder_Search[0xec74da40] -> Newtonsoft.Json[0xec74d680]: 2
D/Mono    ( 9608): Unloading image System.Runtime.dll [0xcb56cd00].
D/Mono    ( 9608): Image addref System.Runtime[0xcb77bda0] -> System.Runtime.dll[0xe562d500]: 9
D/Mono    ( 9608): Config attempting to parse: 'System.Runtime.dll.config'.
D/Mono    ( 9608): Config attempting to parse: '/Users/builder/data/lanes/4009/f3074d2c/source/monodroid/builds/install/mono-armv6/etc/mono/assemblies/System.Runtime/System.Runtime.config'.
D/Mono    ( 9608): Assembly Ref addref Newtonsoft.Json[0xec74d680] -> System.Runtime[0xec74db60]: 7
D/Mono    ( 9608): Image addref System.Dynamic.Runtime[0xcb77bda0] -> System.Dynamic.Runtime.dll[0xcb56cd00]: 2
D/Mono    ( 9608): Prepared to set up assembly 'System.Dynamic.Runtime' (System.Dynamic.Runtime.dll)
D/Mono    ( 9608): Assembly System.Dynamic.Runtime[0xcb77bda0] added to domain RootDomain, ref_count=1
D/Mono    ( 9608): AOT module 'System.Dynamic.Runtime.dll.so' not found: dlopen failed: library "/data/app/com.careerbuilder.SugarDrone-1/lib/arm/libaot-System.Dynamic.Runtime.dll.so" not found
D/Mono    ( 9608): AOT module '/Users/builder/data/lanes/4009/f3074d2c/source/monodroid/builds/install/mono-armv6/lib/mono/aot-cache/arm/System.Dynamic.Runtime.dll.so' not found: dlopen failed: library "/data/app/com.careerbuilder.SugarDrone-1/lib/arm/libaot-System.Dynamic.Runtime.dll.so" not found
D/Mono    ( 9608): Config attempting to parse: 'System.Dynamic.Runtime.dll.config'.
D/Mono    ( 9608): Config attempting to parse: '/Users/builder/data/lanes/4009/f3074d2c/source/monodroid/builds/install/mono-armv6/etc/mono/assemblies/System.Dynamic.Runtime/System.Dynamic.Runtime.config'.
D/Mono    ( 9608): Assembly Ref addref Newtonsoft.Json[0xec74d680] -> System.Dynamic.Runtime[0xcb77bda0]: 2
D/Mono    ( 9608): Assembly Ref addref System.Dynamic.Runtime[0xcb77bda0] -> System.Core[0xec74e0a0]: 7
D/Mono    ( 9608): Image addref System.ObjectModel[0xcb77be00] -> System.ObjectModel.dll[0xcb56c300]: 2
D/Mono    ( 9608): Prepared to set up assembly 'System.ObjectModel' (System.ObjectModel.dll)
D/Mono    ( 9608): Assembly System.ObjectModel[0xcb77be00] added to domain RootDomain, ref_count=1
D/Mono    ( 9608): AOT module 'System.ObjectModel.dll.so' not found: dlopen failed: library "/data/app/com.careerbuilder.SugarDrone-1/lib/arm/libaot-System.ObjectModel.dll.so" not found
D/Mono    ( 9608): AOT module '/Users/builder/data/lanes/4009/f3074d2c/source/monodroid/builds/install/mono-armv6/lib/mono/aot-cache/arm/System.ObjectModel.dll.so' not found: dlopen failed: library "/data/app/com.careerbuilder.SugarDrone-1/lib/arm/libaot-System.ObjectModel.dll.so" not found
D/Mono    ( 9608): Config attempting to parse: 'System.ObjectModel.dll.config'.
D/Mono    ( 9608): Config attempting to parse: '/Users/builder/data/lanes/4009/f3074d2c/source/monodroid/builds/install/mono-armv6/etc/mono/assemblies/System.ObjectModel/System.ObjectModel.config'.
D/Mono    ( 9608): Assembly Ref addref Newtonsoft.Json[0xec74d680] -> System.ObjectModel[0xcb77be00]: 2
D/Mono    ( 9608): Assembly Ref addref System.ObjectModel[0xcb77be00] -> System[0xec74dd40]: 7
D/Mono    ( 9608): Assembly Ref addref CareerBuilder_Search[0xec74da40] -> System.Reactive.Core[0xec74d740]: 3
D/Mono    ( 9608): DllImport attempting to load: '__Internal'.
D/Mono    ( 9608): DllImport loaded library '(null)'.
D/Mono    ( 9608): DllImport searching in: '__Internal' ('(null)').
D/Mono    ( 9608): Searching for 'monodroid_get_system_property'.
D/Mono    ( 9608): Probing 'monodroid_get_system_property'.
D/Mono    ( 9608): Found as 'monodroid_get_system_property'.
D/Mono    ( 9608): DllImport searching in: '__Internal' ('(null)').
D/Mono    ( 9608): Searching for 'monodroid_free'.
D/Mono    ( 9608): Probing 'monodroid_free'.
D/Mono    ( 9608): Found as 'monodroid_free'.
I/System.out( 9608): URI: /map
I/System.out( 9608): params: {json={"query":"* id:'agreeAndContinueButton'","operation":{"method_name":"query","arguments":[]}}
I/System.out( 9608): }
W/ResourceType( 9608): No known package when getting name for resource number 0xffffffff
W/ResourceType( 9608): No known package when getting name for resource number 0xffffffff
W/ResourceType( 9608): No known package when getting name for resource number 0xffffffff
D/Mono    ( 9608): Assembly Ref addref CareerBuilder_Search.Droid[0xe3c4dfe0] -> Xamarin.Insights[0xec74d260]: 2
D/Mono    ( 9608): Assembly Ref addref Xamarin.Insights[0xec74d260] -> mscorlib[0xe3c4de60]: 39
D/Mono    ( 9608): Assembly Ref addref Xamarin.Insights[0xec74d260] -> Mono.Android[0xec74daa0]: 19
D/Mono    ( 9608): Assembly Ref addref CareerBuilder_Search.Droid[0xe3c4dfe0] -> HockeySDK[0xe3c4e160]: 2
D/Mono    ( 9608): Assembly Ref addref CareerBuilder_Search.Droid[0xe3c4dfe0] -> AppsFlyerXamarinBindingAndroid[0xe3c4e0a0]: 2
D/Mono    ( 9608): DllImport searching in: '__Internal' ('(null)').
D/Mono    ( 9608): Searching for 'java_interop_jnienv_get_static_field_id'.
D/Mono    ( 9608): Probing 'java_interop_jnienv_get_static_field_id'.
D/Mono    ( 9608): Found as 'java_interop_jnienv_get_static_field_id'.
D/Mono    ( 9608): DllImport searching in: '__Internal' ('(null)').
D/Mono    ( 9608): Searching for 'java_interop_jnienv_get_static_int_field'.
D/Mono    ( 9608): Probing 'java_interop_jnienv_get_static_int_field'.
D/Mono    ( 9608): Found as 'java_interop_jnienv_get_static_int_field'.
D/Mono    ( 9608): Assembly Ref addref Xamarin.Insights[0xec74d260] -> System.Core[0xec74e0a0]: 8
D/Mono    ( 9608): DllImport searching in: '__Internal' ('(null)').
D/Mono    ( 9608): Searching for 'java_interop_jnienv_call_static_long_method_a'.
D/Mono    ( 9608): Probing 'java_interop_jnienv_call_static_long_method_a'.
D/Mono    ( 9608): Found as 'java_interop_jnienv_call_static_long_method_a'.
D/Mono    ( 9608): Assembly Ref addref Xamarin.Insights[0xec74d260] -> System[0xec74dd40]: 8
D/Mono    ( 9608): Assembly Ref addref Xamarin.Insights[0xec74d260] -> System.Net.Http[0xec74e8e0]: 4
I/System.out( 9608): URI: /map
I/System.out( 9608): params: {json={"query":"* id:'agreeAndContinueButton'","operation":{"method_name":"query","arguments":[]}}
I/System.out( 9608): }
W/ResourceType( 9608): No known package when getting name for resource number 0xffffffff
W/ResourceType( 9608): No known package when getting name for resource number 0xffffffff
W/ResourceType( 9608): No known package when getting name for resource number 0xffffffff
W/NetworkIdentity(  880): Active mobile network without subscriber!
W/NetworkIdentity(  880): Active mobile network without subscriber!
W/NetworkIdentity(  880): Active mobile network without subscriber!
W/NetworkIdentity(  880): Active mobile network without subscriber!
W/NetworkIdentity(  880): Active mobile network without subscriber!
W/NetworkIdentity(  880): Active mobile network without subscriber!
W/NetworkIdentity(  880): Active mobile network without subscriber!
W/NetworkIdentity(  880): Active mobile network without subscriber!
W/NetworkIdentity(  880): Active mobile network without subscriber!
W/NetworkIdentity(  880): Active mobile network without subscriber!
D/Mono    ( 9608): DllImport searching in: '__Internal' ('(null)').
D/Mono    ( 9608): Searching for 'java_interop_jnienv_get_object_array_element'.
D/Mono    ( 9608): Probing 'java_interop_jnienv_get_object_array_element'.
D/Mono    ( 9608): Found as 'java_interop_jnienv_get_object_array_element'.
D/Mono    ( 9608): DllImport searching in: '__Internal' ('(null)').
D/Mono    ( 9608): Searching for 'java_interop_jnienv_call_boolean_method_a'.
D/Mono    ( 9608): Probing 'java_interop_jnienv_call_boolean_method_a'.
D/Mono    ( 9608): Found as 'java_interop_jnienv_call_boolean_method_a'.
D/Mono    ( 9608): DllImport searching in: '__Internal' ('(null)').
D/Mono    ( 9608): Searching for 'java_interop_jnienv_call_int_method_a'.
D/Mono    ( 9608): Probing 'java_interop_jnienv_call_int_method_a'.
D/Mono    ( 9608): Found as 'java_interop_jnienv_call_int_method_a'.
W/NetworkIdentity(  880): Active mobile network without subscriber!
W/NetworkIdentity(  880): Active mobile network without subscriber!
W/NetworkIdentity(  880): Active mobile network without subscriber!
W/NetworkIdentity(  880): Active mobile network without subscriber!
W/NetworkIdentity(  880): Active mobile network without subscriber!
W/NetworkIdentity(  880): Active mobile network without subscriber!
W/NetworkIdentity(  880): Active mobile network without subscriber!
W/NetworkIdentity(  880): Active mobile network without subscriber!
W/NetworkIdentity(  880): Active mobile network without subscriber!
W/NetworkIdentity(  880): Active mobile network without subscriber!
D/Mono    ( 9608): DllImport searching in: '__Internal' ('(null)').
D/Mono    ( 9608): Searching for 'java_interop_jnienv_get_field_id'.
D/Mono    ( 9608): Probing 'java_interop_jnienv_get_field_id'.
D/Mono    ( 9608): Found as 'java_interop_jnienv_get_field_id'.
D/Mono    ( 9608): DllImport searching in: '__Internal' ('(null)').
D/Mono    ( 9608): Searching for 'java_interop_jnienv_get_object_field'.
D/Mono    ( 9608): Probing 'java_interop_jnienv_get_object_field'.
D/Mono    ( 9608): Found as 'java_interop_jnienv_get_object_field'.
D/Mono    ( 9608): DllImport searching in: '__Internal' ('(null)').
D/Mono    ( 9608): Searching for 'java_interop_jnienv_call_static_int_method_a'.
D/Mono    ( 9608): Probing 'java_interop_jnienv_call_static_int_method_a'.
D/Mono    ( 9608): Found as 'java_interop_jnienv_call_static_int_method_a'.
W/Xamarin.Insights( 9608): Warning: Insights data communication has been manually enabled
D/Mono    ( 9608): DllImport searching in: '__Internal' ('(null)').
D/Mono    ( 9608): Searching for 'java_interop_jnienv_get_static_object_field'.
D/Mono    ( 9608): Probing 'java_interop_jnienv_get_static_object_field'.
D/Mono    ( 9608): Found as 'java_interop_jnienv_get_static_object_field'.
D/Mono    ( 9608): DllImport searching in: '__Internal' ('(null)').
D/Mono    ( 9608): Searching for 'java_interop_jnienv_call_static_void_method'.
D/Mono    ( 9608): Probing 'java_interop_jnienv_call_static_void_method'.
D/Mono    ( 9608): Found as 'java_interop_jnienv_call_static_void_method'.
I/AppsFlyer_3.01( 9608): Start tracking package: com.careerbuilder.SugarDrone
I/AppsFlyer_3.01( 9608): AsendTrackingWithEvent from activity: md537fd6201b6818e2e180d2f7606e21a83.MainApplication
I/AppsFlyer_3.01-632007273( 9608): ******* sendTrackingWithEvent: Launch
I/GAv4    ( 9608): Google Analytics 8.4.87 is starting up. To enable debug logging on a device run:
I/GAv4    ( 9608):   adb shell setprop log.tag.GAv4 DEBUG
I/GAv4    ( 9608):   adb logcat -s GAv4
E/ActivityThread( 9608): Failed to find provider info for com.facebook.katana.provider.AttributionIdProvider
I/AppsFlyer_3.01( 9608): WARNING:READ_PHONE_STATE is missing
W/GAv4    ( 9608): AnalyticsReceiver is not registered or is disabled. Register the receiver for reliable dispatching on non-Google Play devices. See http://goo.gl/8Rd3yj for instructions.
W/GAv4    ( 9608): CampaignTrackingReceiver is not registered, not exported or is disabled. Installation campaign tracking is not possible. See http://goo.gl/8Rd3yj for instructions.
I/System.out( 9608): URI: /map
I/System.out( 9608): params: {json={"query":"* id:'agreeAndContinueButton'","operation":{"method_name":"query","arguments":[]}}
I/System.out( 9608): }
D/AppsFlyer_3.01( 9608): AppsFlyer: first launch detected
I/AppsFlyer_3.01( 9608): AppsFlyer: first launch date: 2017-03-16_0340+0100
I/System.out( 9608): AppsFlyerLib.sendTrackingWithEvent
D/Mono    ( 9608): DllImport searching in: '__Internal' ('(null)').
D/Mono    ( 9608): Searching for 'java_interop_jnienv_call_void_method_a'.
D/Mono    ( 9608): Probing 'java_interop_jnienv_call_void_method_a'.
D/Mono    ( 9608): Found as 'java_interop_jnienv_call_void_method_a'.
I/GAv4    ( 9608): Logger is deprecated. To enable debug logging, please run:
I/GAv4    ( 9608): adb shell setprop log.tag.GAv4 DEBUG
W/ResourceType( 9608): No known package when getting name for resource number 0xffffffff
W/ResourceType( 9608): No known package when getting name for resource number 0xffffffff
W/GAv4    ( 9608): AnalyticsService not registered in the app manifest. Hits might not be delivered reliably. See http://goo.gl/8Rd3yj for instructions.
W/ResourceType( 9608): No known package when getting name for resource number 0xffffffff
I/AppsFlyer_3.01-632007273( 9608): url: https://t.appsflyer.com/api/v3/androidevent?buildnumber=3.01&app_id=com.careerbuilder.SugarDrone
I/AppsFlyer_( 9608): data: device=bullhead&firstLaunchDate=2017-03-16_0340%2B0100&installDate=2017-03-16_0339%2B0100&sdk=24&carrier=&date1=2017-03-16_0339%2B0100&af_preinstalled=false&advertiserIdEnabled=true&iaecounter=0&appsflyerKey=WV****************HFK5&lang_code=en&lang=English&app_version_name=3.1.7&timepassedsincelastlaunch=0&dkh=WVGo7sxf&android_id=ac72878c2cbd4122&advertiserId=9515a1b2-f1a8-4864-bbfe-5201be98e771&deviceType=user&af_v=1ca75336f05a6fe4b8917149c3ca7338aef1e44f&app_version_code=30011&network=WIFI&platformextension=android_native&operator=2TELL&country=US&date2=2017-03-16_0339%2B0100&brand=google&af_timestamp=1489632007273&uid=1489631968645-6536467537307056822&isFirstCall=true&counter=1&product=bullhead&model=Nexus+5X
D/Mono    ( 9608): DllImport searching in: '__Internal' ('(null)').
D/Mono    ( 9608): Searching for 'java_interop_jnienv_new_local_ref'.
D/Mono    ( 9608): Probing 'java_interop_jnienv_new_local_ref'.
D/Mono    ( 9608): Found as 'java_interop_jnienv_new_local_ref'.
D/NetworkSecurityConfig( 9608): No Network Security Config specified, using platform default
D/Mono    ( 9608): Assembly Ref addref Plugin.DeviceInfo[0xec74cba0] -> Mono.Android[0xec74daa0]: 20
W/Xamarin.Insights( 9608): Warning: Insights data communication has been manually enabled
I/AppsFlyer_3.01( 9608): Start tracking package: com.careerbuilder.SugarDrone
I/AppsFlyer_3.01( 9608): AsendTrackingWithEvent from activity: md537fd6201b6818e2e180d2f7606e21a83.MainApplication
I/AppsFlyer_3.01-632007456( 9608): ******* sendTrackingWithEvent: Launch
D/Mono    ( 9608): DllImport searching in: '__Internal' ('(null)').
D/Mono    ( 9608): Searching for 'java_interop_jnienv_get_int_field'.
D/Mono    ( 9608): Probing 'java_interop_jnienv_get_int_field'.
D/Mono    ( 9608): Found as 'java_interop_jnienv_get_int_field'.
E/ActivityThread( 9608): Failed to find provider info for com.facebook.katana.provider.AttributionIdProvider
I/AppsFlyer_3.01( 9608): WARNING:READ_PHONE_STATE is missing
D/Mono    ( 9608): Unloading image Splat.dll [0xcb1c5800].
D/Mono    ( 9608): Image addref Splat[0xcc5b9440] -> Splat.dll[0xe2cf7c00]: 5
D/Mono    ( 9608): Config attempting to parse: 'Splat.dll.config'.
D/Mono    ( 9608): Config attempting to parse: '/Users/builder/data/lanes/4009/f3074d2c/source/monodroid/builds/install/mono-armv6/etc/mono/assemblies/Splat/Splat.config'.
D/Mono    ( 9608): Assembly Ref addref Akavache[0xe3c4e880] -> Splat[0xe3c4ea00]: 2
