<![CDATA[
]]><xtc-scenario name="[0-1106]CareerBuilder_Search.DroidFeatureTests.SavedJobsTests.StartingFilterShowsAllAndHasAllJobs" id="[0-1106]CareerBuilder_Search.DroidFeatureTests.SavedJobsTests.StartingFilterShowsAllAndHasAllJobs"><![CDATA[

]]><xtc-step name="[0-1106]CareerBuilder_Search.DroidFeatureTests.SavedJobsTests.StartingFilterShowsAllAndHasAllJobs-StartingFilterShowsAllAndHasAllJobs" id="[0-1106]CareerBuilder_Search.DroidFeatureTests.SavedJobsTests.StartingFilterShowsAllAndHasAllJobs-StartingFilterShowsAllAndHasAllJobs"><![CDATA[
D/AndroidRuntime( 8170): >>>>>> START com.android.internal.os.RuntimeInit uid 2000 <<<<<<
D/AndroidRuntime( 8170): CheckJNI is OFF
D/ICU     ( 8170): No timezone override file found: /data/misc/zoneinfo/current/icu/icu_tzdata.dat
I/Radio-JNI( 8170): register_android_hardware_Radio DONE
D/AndroidRuntime( 8170): Calling main entry com.android.commands.pm.Pm
I/art     ( 8170): System.exit called, status: 0
I/AndroidRuntime( 8170): VM exiting with result code 0.
W/MessageQueue( 8170): Handler (android.os.Handler) {8f860f3} sending message to a Handler on a dead thread
W/MessageQueue( 8170): java.lang.IllegalStateException: Handler (android.os.Handler) {8f860f3} sending message to a Handler on a dead thread
W/MessageQueue( 8170): 	at android.os.MessageQueue.enqueueMessage(MessageQueue.java:543)
W/MessageQueue( 8170): 	at android.os.Handler.enqueueMessage(Handler.java:643)
W/MessageQueue( 8170): 	at android.os.Handler.sendMessageAtTime(Handler.java:612)
W/MessageQueue( 8170): 	at android.os.Handler.sendMessageDelayed(Handler.java:582)
W/MessageQueue( 8170): 	at android.os.Handler.post(Handler.java:338)
W/MessageQueue( 8170): 	at android.os.ResultReceiver$MyResultReceiver.send(ResultReceiver.java:57)
W/MessageQueue( 8170): 	at com.android.internal.os.IResultReceiver$Stub.onTransact(IResultReceiver.java:58)
W/MessageQueue( 8170): 	at android.os.Binder.execTransact(Binder.java:565)
--------- beginning of system
I/ActivityManager(  885): Killing 5788:com.google.android.apps.docs/u0a52 (adj 906): empty #17
I/ActivityManager(  885): Killing 5771:com.android.musicfx/u0a29 (adj 906): empty #18
D/AndroidRuntime( 8434): >>>>>> START com.android.internal.os.RuntimeInit uid 2000 <<<<<<
D/AndroidRuntime( 8434): CheckJNI is OFF
D/ICU     ( 8434): No timezone override file found: /data/misc/zoneinfo/current/icu/icu_tzdata.dat
I/Radio-JNI( 8434): register_android_hardware_Radio DONE
D/AndroidRuntime( 8434): Calling main entry com.android.commands.am.Am
W/ActivityManager(  885): Invalid packageName: com.careerbuilder.SugarDrone
D/AndroidRuntime( 8434): Shutting down VM
D/AndroidRuntime( 8873): >>>>>> START com.android.internal.os.RuntimeInit uid 2000 <<<<<<
D/AndroidRuntime( 8873): CheckJNI is OFF
D/ICU     ( 8873): No timezone override file found: /data/misc/zoneinfo/current/icu/icu_tzdata.dat
I/Radio-JNI( 8873): register_android_hardware_Radio DONE
D/AndroidRuntime( 8873): Calling main entry com.android.commands.pm.Pm
I/        (  508): free_cache(71723834) avail 10791985152
I/PackageManager.DexOptimizer(  885): Running dexopt (dex2oat) on: /data/app/vmdl1722712153.tmp/base.apk pkg=com.careerbuilder.SugarDrone isa=arm vmSafeMode=false debuggable=true target-filter=interpret-only oatDir = /data/app/vmdl1722712153.tmp/oat sharedLibraries=null
I/dex2oat ( 8923): /system/bin/dex2oat --compiler-filter=interpret-only -j4 --debuggable
W/dex2oat ( 8923): Before Android 4.1, method android.graphics.PorterDuffColorFilter android.support.graphics.drawable.VectorDrawableCompat.updateTintFilter(android.graphics.PorterDuffColorFilter, android.content.res.ColorStateList, android.graphics.PorterDuff$Mode) would have incorrectly overridden the package-private method in android.graphics.drawable.Drawable
W/dex2oat ( 8923): Before Android 4.1, method int android.support.v7.widget.ListViewCompat.lookForSelectablePosition(int, boolean) would have incorrectly overridden the package-private method in android.widget.ListView
I/dex2oat ( 8923): dex2oat took 1.971s (threads: 4) arena alloc=3KB (3944B) java alloc=4MB (5072960B) native alloc=6MB (7302448B) free=2MB (2659024B)
W/PackageManager(  885): Not granting permission android.permission.MANAGE_DOCUMENTS to package com.careerbuilder.SugarDrone (protectionLevel=2 flags=0x3808be46)
W/PackageManager(  885): Not granting permission android.permission.MOUNT_UNMOUNT_FILESYSTEMS to package com.careerbuilder.SugarDrone (protectionLevel=18 flags=0x3808be46)
V/BackupManagerService(  885): restoreAtInstall pkg=com.careerbuilder.SugarDrone token=5 restoreSet=0
V/BackupManagerService(  885): Finishing install immediately
I/art     (  885): Starting a blocking GC Explicit
I/art     (  885): Explicit concurrent mark sweep GC freed 114107(6MB) AllocSpace objects, 18(952KB) LOS objects, 33% free, 16MB/24MB, paused 1.558ms total 119.464ms
E/        (  508): Couldn't opendir /data/app/vmdl1722712153.tmp: No such file or directory
I/art     ( 8873): System.exit called, status: 0
I/AndroidRuntime( 8873): VM exiting with result code 0.
I/InputReader(  885): Reconfiguring input devices.  changes=0x00000010
I/ActivityManager(  885): Start proc 8971:com.android.musicfx/u0a29 for broadcast com.android.musicfx/.Compatibility$Receiver
W/ActivityManager(  885): Permission Denial: Accessing service ComponentInfo{com.google.android.music/com.google.android.music.dial.DialMediaRouteProviderService} from pid=5341, uid=10085 that is not exported from uid 10071
D/CarrierSvcBindHelper( 3282): No carrier app for: 0
D/CarrierConfigLoader( 3282): mHandler: 9 phoneId: 0
D/RegisteredNfcFServicesCache( 4199): Service unchanged, not updating
W/System  ( 8971): ClassLoader referenced unknown path: /system/priv-app/MusicFX/lib/arm64
I/ActivityManager(  885): Start proc 8992:com.android.vending/u0a30 for broadcast com.android.vending/com.google.android.finsky.receivers.PackageMonitorReceiver$RegisteredReceiver
W/System  ( 8992): ClassLoader referenced unknown path: /system/priv-app/Phonesky/lib/arm64
W/Finsky  ( 8992): [1] com.google.android.finsky.FinskyApp.i(1468): No account configured on this device.
W/Finsky  ( 8992): [1] com.google.android.finsky.FinskyApp.i(1468): No account configured on this device.
W/Finsky  ( 8992): [1] com.google.android.finsky.FinskyApp.i(1468): No account configured on this device.
W/Finsky  ( 8992): [1] com.google.android.finsky.FinskyApp.i(1468): No account configured on this device.
I/Finsky  ( 8992): [1] com.google.android.finsky.FinskyApp.onCreate(430): Initializing network with DFE https://android.clients.google.com/fdfe/
W/Finsky  ( 8992): [1] com.google.android.finsky.FinskyApp.i(1468): No account configured on this device.
W/Finsky  ( 8992): [1] com.google.android.finsky.FinskyApp.i(1468): No account configured on this device.
W/Finsky  ( 8992): [1] com.google.android.finsky.FinskyApp.i(1468): No account configured on this device.
W/Finsky  ( 8992): [1] com.google.android.finsky.FinskyApp.i(1468): No account configured on this device.
W/Finsky  ( 8992): [1] com.google.android.finsky.FinskyApp.i(1468): No account configured on this device.
W/Finsky  ( 8992): [1] com.google.android.finsky.FinskyApp.i(1468): No account configured on this device.
W/Finsky  ( 8992): [1] com.google.android.finsky.FinskyApp.i(1468): No account configured on this device.
W/Finsky  ( 8992): [1] com.google.android.finsky.FinskyApp.i(1468): No account configured on this device.
W/Finsky  ( 8992): [1] com.google.android.finsky.FinskyApp.i(1468): No account configured on this device.
I/Finsky  ( 8992): [1] com.google.android.finsky.services.DailyHygiene.a(171): No need to run daily hygiene.
W/Finsky  ( 8992): [1] com.google.android.finsky.FinskyApp.i(1468): No account configured on this device.
W/Settings( 8992): Setting download_manager_max_bytes_over_mobile has moved from android.provider.Settings.Secure to android.provider.Settings.Global.
W/Settings( 8992): Setting download_manager_recommended_max_bytes_over_mobile has moved from android.provider.Settings.Secure to android.provider.Settings.Global.
W/Finsky  ( 8992): [1] com.google.android.finsky.FinskyApp.i(1468): No account configured on this device.
W/Finsky  ( 8992): [1] com.google.android.finsky.FinskyApp.i(1468): No account configured on this device.
W/Finsky  ( 8992): [1] com.google.android.finsky.FinskyApp.i(1468): No account configured on this device.
W/Finsky  ( 8992): [1] com.google.android.finsky.FinskyApp.i(1468): No account configured on this device.
W/Finsky  ( 8992): [1] com.google.android.finsky.FinskyApp.i(1468): No account configured on this device.
W/Finsky  ( 8992): [1] com.google.android.finsky.FinskyApp.b(1150): No account configured on this device.
W/Finsky  ( 8992): [1] com.google.android.finsky.FinskyApp.i(1468): No account configured on this device.
I/ActivityManager(  885): Start proc 9044:com.google.android.apps.docs/u0a52 for broadcast com.google.android.apps.docs/.receivers.AppPackageAddRemoveReceiver
W/System  ( 9044): ClassLoader referenced unknown path: /system/app/Drive/lib/arm64
W/Finsky  ( 8992): [392] com.google.android.finsky.FinskyApp.i(1468): No account configured on this device.
D/AndroidRuntime( 9008): >>>>>> START com.android.internal.os.RuntimeInit uid 2000 <<<<<<
D/AndroidRuntime( 9008): CheckJNI is OFF
I/Finsky  ( 8992): [1] com.google.android.finsky.receivers.j.a(1226): Installer kick - no action, not running yet
I/Finsky  ( 8992): [1] com.google.android.finsky.utils.PermissionPolicies$PermissionPolicyService.onStartCommand(117): post-install permissions check for com.careerbuilder.SugarDrone
W/Finsky  ( 8992): [1] com.google.android.finsky.FinskyApp.i(1468): No account configured on this device.
I/Finsky  ( 8992): [1] com.google.android.finsky.utils.bh.run(2302): Package state data is missing for com.careerbuilder.SugarDrone
W/Finsky  ( 8992): [1] com.google.android.finsky.FinskyApp.i(1468): No account configured on this device.
D/ICU     ( 9008): No timezone override file found: /data/misc/zoneinfo/current/icu/icu_tzdata.dat
I/Radio-JNI( 9008): register_android_hardware_Radio DONE
D/AndroidRuntime( 9008): Calling main entry com.android.commands.settings.SettingsCmd
D/AndroidRuntime( 9008): Shutting down VM
I/Finsky  ( 8992): [1] com.google.android.finsky.c.l.a(270): result=false type=4
I/Finsky  ( 8992): [1] com.google.android.finsky.services.bc.a(1050): Restore complete with 0 success and 0 failed.
W/Finsky  ( 8992): [392] com.google.android.finsky.FinskyApp.i(1468): No account configured on this device.
I/GAv4    ( 9044): Google Analytics 8.4.87 is starting up. To enable debug logging on a device run:
I/GAv4    ( 9044):   adb shell setprop log.tag.GAv4 DEBUG
I/GAv4    ( 9044):   adb logcat -s GAv4
W/GAv4    ( 9044): AnalyticsReceiver is not registered or is disabled. Register the receiver for reliable dispatching on non-Google Play devices. See http://goo.gl/8Rd3yj for instructions.
W/GAv4    ( 9044): CampaignTrackingReceiver is not registered, not exported or is disabled. Installation campaign tracking is not possible. See http://goo.gl/8Rd3yj for instructions.
W/GAv4    ( 9044): AnalyticsService not registered in the app manifest. Hits might not be delivered reliably. See http://goo.gl/8Rd3yj for instructions.
I/ActivityManager(  885): Killing 5857:com.google.android.partnersetup/u0a25 (adj 906): empty #17
I/ActivityManager(  885): Start proc 9107:com.google.android.partnersetup/u0a25 for broadcast com.google.android.partnersetup/.RlzPingBroadcastReceiver
I/UpdateIcingCorporaServi( 5840): Updating corpora: APPS=com.careerbuilder.SugarDrone, CONTACTS=MAYBE
D/Wear_Controller( 4479): Received broadcast action=android.intent.action.PACKAGE_ADDED and uri=com.careerbuilder.SugarDrone
W/System  ( 9107): ClassLoader referenced unknown path: /system/priv-app/GooglePartnerSetup/lib/arm64
I/PeopleContactsSync( 4479): triggerPendingContactsCleanup: no accounts
D/AndroidRuntime( 9080): >>>>>> START com.android.internal.os.RuntimeInit uid 2000 <<<<<<
D/AndroidRuntime( 9080): CheckJNI is OFF
D/ICU     ( 9080): No timezone override file found: /data/misc/zoneinfo/current/icu/icu_tzdata.dat
W/IcingInternalCorpora( 4479): getNumBytesRead when not calculated.
I/Radio-JNI( 9080): register_android_hardware_Radio DONE
D/AndroidRuntime( 9080): Calling main entry com.android.commands.settings.SettingsCmd
D/AndroidRuntime( 9080): Shutting down VM
I/Icing   ( 4479): Usage reports 0 indexed 0 rejected 0 imm upload true
I/UpdateIcingCorporaServi( 5840): UpdateCorporaTask done [took 520 ms] updated apps [took 520 ms] 
I/Icing   ( 4479): Usage reports 0 indexed 0 rejected 0 imm upload false
I/Icing   ( 4479): Usage reports 0 indexed 0 rejected 0 imm upload false
D/AndroidRuntime( 9150): >>>>>> START com.android.internal.os.RuntimeInit uid 2000 <<<<<<
D/AndroidRuntime( 9150): CheckJNI is OFF
I/rmt_storage(  397): rmt_storage_connect_cb: clnt_h=0xd conn_h=0x704ae2a210
I/rmt_storage(  397): rmt_storage_rw_iovec_cb: /boot/modem_fs2: clnt_h=0x2: req_h=0xd msg_id=3: R/W request received
I/rmt_storage(  397): wakelock acquired: 1, error no: 42
I/rmt_storage(  397): rmt_storage_client_thread: /boot/modem_fs2: clnt_h=0x2 Unblock worker thread (th_id: 482289787984)
D/ICU     ( 9150): No timezone override file found: /data/misc/zoneinfo/current/icu/icu_tzdata.dat
I/Radio-JNI( 9150): register_android_hardware_Radio DONE
D/AndroidRuntime( 9150): Calling main entry com.android.commands.settings.SettingsCmd
D/AndroidRuntime( 9150): Shutting down VM
I/rmt_storage(  397): rmt_storage_client_thread: /boot/modem_fs2: clnt_h=0x2: req_h=0xd msg_id=3: Bytes written = 1572864
I/rmt_storage(  397): rmt_storage_client_thread: /boot/modem_fs2: clnt_h=0x2: req_h=0xd msg_id=3: Send response: res=0 err=0
I/rmt_storage(  397): rmt_storage_client_thread: /boot/modem_fs2: clnt_h=0x2 About to block rmt_storage client thread (th_id: 482289787984) wakelock released: 1, error no: 22
I/rmt_storage(  397): 
I/rmt_storage(  397): rmt_storage_disconnect_cb: clnt_h=0xd conn_h=0x704ae2a210
I/Icing   ( 4479): Indexing C2CE3B9D8B360B0C5A25C2BEF223F6CB5449AD6A from com.google.android.googlequicksearchbox
I/Icing   ( 4479): Indexing done C2CE3B9D8B360B0C5A25C2BEF223F6CB5449AD6A
I/Icing   ( 4479): Indexing AB6E3D00885C5CBD00E6A1959F599F05594069D7 from com.google.android.gms
I/Icing   ( 4479): Indexing done AB6E3D00885C5CBD00E6A1959F599F05594069D7
D/AndroidRuntime( 9176): >>>>>> START com.android.internal.os.RuntimeInit uid 2000 <<<<<<
D/AndroidRuntime( 9176): CheckJNI is OFF
D/ICU     ( 9176): No timezone override file found: /data/misc/zoneinfo/current/icu/icu_tzdata.dat
I/Radio-JNI( 9176): register_android_hardware_Radio DONE
D/AndroidRuntime( 9176): Calling main entry com.android.commands.settings.SettingsCmd
D/AndroidRuntime( 9176): Shutting down VM
D/AndroidRuntime( 9200): >>>>>> START com.android.internal.os.RuntimeInit uid 2000 <<<<<<
D/AndroidRuntime( 9200): CheckJNI is OFF
D/ICU     ( 9200): No timezone override file found: /data/misc/zoneinfo/current/icu/icu_tzdata.dat
I/Radio-JNI( 9200): register_android_hardware_Radio DONE
D/AndroidRuntime( 9200): Calling main entry com.android.commands.settings.SettingsCmd
D/AndroidRuntime( 9200): Shutting down VM
D/AndroidRuntime( 9232): >>>>>> START com.android.internal.os.RuntimeInit uid 2000 <<<<<<
D/AndroidRuntime( 9232): CheckJNI is OFF
D/ICU     ( 9232): No timezone override file found: /data/misc/zoneinfo/current/icu/icu_tzdata.dat
I/Radio-JNI( 9232): register_android_hardware_Radio DONE
D/AndroidRuntime( 9232): Calling main entry com.android.commands.pm.Pm
W/MessageQueue( 9232): Handler (android.os.Handler) {e787cdd} sending message to a Handler on a dead thread
W/MessageQueue( 9232): java.lang.IllegalStateException: Handler (android.os.Handler) {e787cdd} sending message to a Handler on a dead thread
W/MessageQueue( 9232): 	at android.os.MessageQueue.enqueueMessage(MessageQueue.java:543)
W/MessageQueue( 9232): 	at android.os.Handler.enqueueMessage(Handler.java:643)
W/MessageQueue( 9232): 	at android.os.Handler.sendMessageAtTime(Handler.java:612)
W/MessageQueue( 9232): 	at android.os.Handler.sendMessageDelayed(Handler.java:582)
W/MessageQueue( 9232): 	at android.os.Handler.post(Handler.java:338)
W/MessageQueue( 9232): 	at android.os.ResultReceiver$MyResultReceiver.send(ResultReceiver.java:57)
W/MessageQueue( 9232): 	at com.android.internal.os.IResultReceiver$Stub.onTransact(IResultReceiver.java:58)
W/MessageQueue( 9232): 	at android.os.Binder.execTransact(Binder.java:565)
I/art     ( 9232): System.exit called, status: 0
I/AndroidRuntime( 9232): VM exiting with result code 0.
D/AndroidRuntime( 9304): >>>>>> START com.android.internal.os.RuntimeInit uid 2000 <<<<<<
D/AndroidRuntime( 9304): CheckJNI is OFF
D/ICU     ( 9304): No timezone override file found: /data/misc/zoneinfo/current/icu/icu_tzdata.dat
I/Radio-JNI( 9304): register_android_hardware_Radio DONE
D/AndroidRuntime( 9304): Calling main entry com.android.commands.pm.Pm
W/MessageQueue( 9304): Handler (android.os.Handler) {15c5594} sending message to a Handler on a dead thread
W/MessageQueue( 9304): java.lang.IllegalStateException: Handler (android.os.Handler) {15c5594} sending message to a Handler on a dead thread
W/MessageQueue( 9304): 	at android.os.MessageQueue.enqueueMessage(MessageQueue.java:543)
W/MessageQueue( 9304): 	at android.os.Handler.enqueueMessage(Handler.java:643)
W/MessageQueue( 9304): 	at android.os.Handler.sendMessageAtTime(Handler.java:612)
W/MessageQueue( 9304): 	at android.os.Handler.sendMessageDelayed(Handler.java:582)
W/MessageQueue( 9304): 	at android.os.Handler.post(Handler.java:338)
W/MessageQueue( 9304): 	at android.os.ResultReceiver$MyResultReceiver.send(ResultReceiver.java:57)
W/MessageQueue( 9304): 	at com.android.internal.os.IResultReceiver$Stub.onTransact(IResultReceiver.java:58)
W/MessageQueue( 9304): 	at android.os.Binder.execTransact(Binder.java:565)
I/art     ( 9304): System.exit called, status: 0
I/AndroidRuntime( 9304): VM exiting with result code 0.
D/AndroidRuntime( 9400): >>>>>> START com.android.internal.os.RuntimeInit uid 2000 <<<<<<
D/AndroidRuntime( 9400): CheckJNI is OFF
D/ICU     ( 9400): No timezone override file found: /data/misc/zoneinfo/current/icu/icu_tzdata.dat
I/Radio-JNI( 9400): register_android_hardware_Radio DONE
D/AndroidRuntime( 9400): Calling main entry com.android.commands.am.Am
W/ActivityManager(  885): Invalid packageName: com.careerbuilder.SugarDrone.test
D/AndroidRuntime( 9400): Shutting down VM
V/JNIHelp ( 9044): Registering com/google/android/gms/org/conscrypt/NativeCrypto's 242 native methods...
D/AndroidRuntime( 9432): >>>>>> START com.android.internal.os.RuntimeInit uid 2000 <<<<<<
D/AndroidRuntime( 9432): CheckJNI is OFF
D/NetworkSecurityConfig( 9044): No Network Security Config specified, using platform default
I/ProviderInstaller( 9044): Installed default security provider GmsCore_OpenSSL
D/ICU     ( 9432): No timezone override file found: /data/misc/zoneinfo/current/icu/icu_tzdata.dat
I/Radio-JNI( 9432): register_android_hardware_Radio DONE
D/AndroidRuntime( 9432): Calling main entry com.android.commands.pm.Pm
I/        (  508): free_cache(609973) avail 10780061696
I/PackageManager.DexOptimizer(  885): Running dexopt (dex2oat) on: /data/app/vmdl1632236093.tmp/base.apk pkg=com.careerbuilder.SugarDrone.test isa=arm64 vmSafeMode=false debuggable=false target-filter=interpret-only oatDir = /data/app/vmdl1632236093.tmp/oat sharedLibraries=/system/framework/android.test.runner.jar:/system/framework/com.google.android.maps.jar
I/dex2oat ( 9461): /system/bin/dex2oat --compiler-filter=interpret-only -j4
I/dex2oat ( 9461): dex2oat took 635.677ms (threads: 4) arena alloc=186KB (190792B) java alloc=2MB (2253464B) native alloc=2MB (2696696B) free=1974KB (2021896B)
W/PackageManager(  885): Not granting permission android.permission.ACCESS_MOCK_LOCATION to package com.careerbuilder.SugarDrone.test (protectionLevel=2 flags=0x1800be44)
V/BackupManagerService(  885): restoreAtInstall pkg=com.careerbuilder.SugarDrone.test token=6 restoreSet=0
V/BackupManagerService(  885): Finishing install immediately
I/art     (  885): Starting a blocking GC Explicit
I/art     (  885): Explicit concurrent mark sweep GC freed 68295(4MB) AllocSpace objects, 59(3MB) LOS objects, 33% free, 15MB/23MB, paused 1.738ms total 103.335ms
E/        (  508): Couldn't opendir /data/app/vmdl1632236093.tmp: No such file or directory
I/art     ( 9432): System.exit called, status: 0
I/AndroidRuntime( 9432): VM exiting with result code 0.
I/InputReader(  885): Reconfiguring input devices.  changes=0x00000010
W/ActivityManager(  885): Permission Denial: Accessing service ComponentInfo{com.google.android.music/com.google.android.music.dial.DialMediaRouteProviderService} from pid=5341, uid=10085 that is not exported from uid 10071
D/CarrierSvcBindHelper( 3282): No carrier app for: 0
D/CarrierConfigLoader( 3282): mHandler: 9 phoneId: 0
D/RegisteredNfcFServicesCache( 4199): Service unchanged, not updating
I/Finsky  ( 8992): [1] com.google.android.finsky.utils.PermissionPolicies$PermissionPolicyService.onStartCommand(117): post-install permissions check for com.careerbuilder.SugarDrone.test
W/Finsky  ( 8992): [1] com.google.android.finsky.FinskyApp.i(1468): No account configured on this device.
I/Finsky  ( 8992): [1] com.google.android.finsky.utils.bh.run(2302): Package state data is missing for com.careerbuilder.SugarDrone.test
W/Finsky  ( 8992): [1] com.google.android.finsky.FinskyApp.i(1468): No account configured on this device.
I/UpdateIcingCorporaServi( 5840): Updating corpora: APPS=com.careerbuilder.SugarDrone.test, CONTACTS=MAYBE
D/Wear_Controller( 4479): Received broadcast action=android.intent.action.PACKAGE_ADDED and uri=com.careerbuilder.SugarDrone.test
I/UpdateIcingCorporaServi( 5840): UpdateCorporaTask done [took 102 ms] updated apps [took 102 ms] 
I/PeopleContactsSync( 4479): triggerPendingContactsCleanup: no accounts
W/IcingInternalCorpora( 4479): getNumBytesRead when not calculated.
I/Icing   ( 4479): Usage reports 0 indexed 0 rejected 0 imm upload false
I/Icing   ( 4479): Usage reports 0 indexed 0 rejected 0 imm upload false
D/AndroidRuntime( 9507): >>>>>> START com.android.internal.os.RuntimeInit uid 2000 <<<<<<
D/AndroidRuntime( 9507): CheckJNI is OFF
D/ICU     ( 9507): No timezone override file found: /data/misc/zoneinfo/current/icu/icu_tzdata.dat
I/Radio-JNI( 9507): register_android_hardware_Radio DONE
D/AndroidRuntime( 9507): Calling main entry com.android.commands.settings.SettingsCmd
D/AndroidRuntime( 9507): Shutting down VM
I/Icing   ( 4479): Indexing AB6E3D00885C5CBD00E6A1959F599F05594069D7 from com.google.android.gms
I/Icing   ( 4479): Indexing done AB6E3D00885C5CBD00E6A1959F599F05594069D7
D/AndroidRuntime( 9536): >>>>>> START com.android.internal.os.RuntimeInit uid 2000 <<<<<<
D/AndroidRuntime( 9536): CheckJNI is OFF
D/ICU     ( 9536): No timezone override file found: /data/misc/zoneinfo/current/icu/icu_tzdata.dat
I/Radio-JNI( 9536): register_android_hardware_Radio DONE
D/AndroidRuntime( 9536): Calling main entry com.android.commands.settings.SettingsCmd
D/AndroidRuntime( 9536): Shutting down VM
D/AndroidRuntime( 9563): >>>>>> START com.android.internal.os.RuntimeInit uid 2000 <<<<<<
D/AndroidRuntime( 9563): CheckJNI is OFF
D/ICU     ( 9563): No timezone override file found: /data/misc/zoneinfo/current/icu/icu_tzdata.dat
I/Radio-JNI( 9563): register_android_hardware_Radio DONE
D/AndroidRuntime( 9563): Calling main entry com.android.commands.settings.SettingsCmd
D/AndroidRuntime( 9563): Shutting down VM
D/AndroidRuntime( 9591): >>>>>> START com.android.internal.os.RuntimeInit uid 2000 <<<<<<
D/AndroidRuntime( 9591): CheckJNI is OFF
D/ICU     ( 9591): No timezone override file found: /data/misc/zoneinfo/current/icu/icu_tzdata.dat
I/Radio-JNI( 9591): register_android_hardware_Radio DONE
D/AndroidRuntime( 9591): Calling main entry com.android.commands.settings.SettingsCmd
D/AndroidRuntime( 9591): Shutting down VM
D/AndroidRuntime( 9615): >>>>>> START com.android.internal.os.RuntimeInit uid 2000 <<<<<<
D/AndroidRuntime( 9615): CheckJNI is OFF
D/ICU     ( 9615): No timezone override file found: /data/misc/zoneinfo/current/icu/icu_tzdata.dat
I/Radio-JNI( 9615): register_android_hardware_Radio DONE
D/AndroidRuntime( 9615): Calling main entry com.android.commands.settings.SettingsCmd
D/AndroidRuntime( 9615): Shutting down VM
D/AndroidRuntime( 9646): >>>>>> START com.android.internal.os.RuntimeInit uid 2000 <<<<<<
D/AndroidRuntime( 9646): CheckJNI is OFF
D/ICU     ( 9646): No timezone override file found: /data/misc/zoneinfo/current/icu/icu_tzdata.dat
I/Radio-JNI( 9646): register_android_hardware_Radio DONE
D/AndroidRuntime( 9646): Calling main entry com.android.commands.pm.Pm
I/art     ( 9646): System.exit called, status: 0
I/AndroidRuntime( 9646): VM exiting with result code 0.
W/MessageQueue( 9646): Handler (android.os.Handler) {cebb870} sending message to a Handler on a dead thread
W/MessageQueue( 9646): java.lang.IllegalStateException: Handler (android.os.Handler) {cebb870} sending message to a Handler on a dead thread
W/MessageQueue( 9646): 	at android.os.MessageQueue.enqueueMessage(MessageQueue.java:543)
W/MessageQueue( 9646): 	at android.os.Handler.enqueueMessage(Handler.java:643)
W/MessageQueue( 9646): 	at android.os.Handler.sendMessageAtTime(Handler.java:612)
W/MessageQueue( 9646): 	at android.os.Handler.sendMessageDelayed(Handler.java:582)
W/MessageQueue( 9646): 	at android.os.Handler.post(Handler.java:338)
W/MessageQueue( 9646): 	at android.os.ResultReceiver$MyResultReceiver.send(ResultReceiver.java:57)
W/MessageQueue( 9646): 	at com.android.internal.os.IResultReceiver$Stub.onTransact(IResultReceiver.java:58)
W/MessageQueue( 9646): 	at android.os.Binder.execTransact(Binder.java:565)
D/AndroidRuntime( 9717): >>>>>> START com.android.internal.os.RuntimeInit uid 2000 <<<<<<
D/AndroidRuntime( 9717): CheckJNI is OFF
D/ICU     ( 9717): No timezone override file found: /data/misc/zoneinfo/current/icu/icu_tzdata.dat
I/Radio-JNI( 9717): register_android_hardware_Radio DONE
D/AndroidRuntime( 9717): Calling main entry com.android.commands.pm.Pm
I/art     ( 9717): System.exit called, status: 0
I/AndroidRuntime( 9717): VM exiting with result code 0.
W/MessageQueue( 9717): Handler (android.os.Handler) {fcf9127} sending message to a Handler on a dead thread
W/MessageQueue( 9717): java.lang.IllegalStateException: Handler (android.os.Handler) {fcf9127} sending message to a Handler on a dead thread
W/MessageQueue( 9717): 	at android.os.MessageQueue.enqueueMessage(MessageQueue.java:543)
W/MessageQueue( 9717): 	at android.os.Handler.enqueueMessage(Handler.java:643)
W/MessageQueue( 9717): 	at android.os.Handler.sendMessageAtTime(Handler.java:612)
W/MessageQueue( 9717): 	at android.os.Handler.sendMessageDelayed(Handler.java:582)
W/MessageQueue( 9717): 	at android.os.Handler.post(Handler.java:338)
W/MessageQueue( 9717): 	at android.os.ResultReceiver$MyResultReceiver.send(ResultReceiver.java:57)
W/MessageQueue( 9717): 	at com.android.internal.os.IResultReceiver$Stub.onTransact(IResultReceiver.java:58)
W/MessageQueue( 9717): 	at android.os.Binder.execTransact(Binder.java:565)
I/ActivityManager(  885): Killing 7516:com.google.android.gms.unstable/u0a18 (adj 906): empty #17
I/ActivityManager(  885): Killing 7575:com.qualcomm.timeservice/1000 (adj 906): empty #18
D/AndroidRuntime( 9823): >>>>>> START com.android.internal.os.RuntimeInit uid 2000 <<<<<<
D/AndroidRuntime( 9823): CheckJNI is OFF
D/ICU     ( 9823): No timezone override file found: /data/misc/zoneinfo/current/icu/icu_tzdata.dat
I/Radio-JNI( 9823): register_android_hardware_Radio DONE
D/AndroidRuntime( 9823): Calling main entry com.android.commands.input.Input
I/Input   ( 9823): injectKeyEvent: KeyEvent { action=ACTION_DOWN, keyCode=KEYCODE_BACK, scanCode=0, metaState=0, flags=0x0, repeatCount=0, eventTime=269176, downTime=269176, deviceId=-1, source=0x101 }
I/Input   ( 9823): injectKeyEvent: KeyEvent { action=ACTION_UP, keyCode=KEYCODE_BACK, scanCode=0, metaState=0, flags=0x0, repeatCount=0, eventTime=269176, downTime=269176, deviceId=-1, source=0x101 }
D/AndroidRuntime( 9823): Shutting down VM
D/AndroidRuntime( 9882): >>>>>> START com.android.internal.os.RuntimeInit uid 2000 <<<<<<
D/AndroidRuntime( 9882): CheckJNI is OFF
W/Finsky  ( 8992): [390] com.google.android.finsky.FinskyApp.i(1468): No account configured on this device.
I/Finsky  ( 8992): [390] com.google.android.finsky.c.e.run(1151): Replicating app states via AMAS.
D/ICU     ( 9882): No timezone override file found: /data/misc/zoneinfo/current/icu/icu_tzdata.dat
I/Radio-JNI( 9882): register_android_hardware_Radio DONE
D/AndroidRuntime( 9882): Calling main entry com.android.commands.input.Input
I/Input   ( 9882): injectKeyEvent: KeyEvent { action=ACTION_DOWN, keyCode=KEYCODE_HOME, scanCode=0, metaState=0, flags=0x0, repeatCount=0, eventTime=271051, downTime=271051, deviceId=-1, source=0x101 }
I/Input   ( 9882): injectKeyEvent: KeyEvent { action=ACTION_UP, keyCode=KEYCODE_HOME, scanCode=0, metaState=0, flags=0x0, repeatCount=0, eventTime=271051, downTime=271051, deviceId=-1, source=0x101 }
I/ActivityManager(  885): START u0 {act=android.intent.action.MAIN cat=[android.intent.category.HOME] flg=0x10200000 cmp=com.google.android.googlequicksearchbox/com.google.android.launcher.GEL (has extras)} from uid 1000 on display 0
I/GEL     ( 4246): handleIntent(Intent { act=android.intent.action.MAIN cat=[android.intent.category.HOME] flg=0x10200000 cmp=com.google.android.googlequicksearchbox/com.google.android.launcher.GEL (has extras) })
D/AndroidRuntime( 9882): Shutting down VM
I/Finsky  ( 8992): [390] com.google.android.finsky.c.c.a(311): Completed 0 account content syncs with 0 successful.
I/Finsky  ( 8992): [1] com.google.android.finsky.services.j.a(149): Installation state replication succeeded.
D/AndroidRuntime( 9923): >>>>>> START com.android.internal.os.RuntimeInit uid 2000 <<<<<<
D/AndroidRuntime( 9923): CheckJNI is OFF
D/ICU     ( 9923): No timezone override file found: /data/misc/zoneinfo/current/icu/icu_tzdata.dat
I/Radio-JNI( 9923): register_android_hardware_Radio DONE
D/AndroidRuntime( 9923): Calling main entry com.android.commands.input.Input
I/Input   ( 9923): injectKeyEvent: KeyEvent { action=ACTION_DOWN, keyCode=KEYCODE_BACK, scanCode=0, metaState=0, flags=0x0, repeatCount=0, eventTime=272483, downTime=272483, deviceId=-1, source=0x101 }
I/Input   ( 9923): injectKeyEvent: KeyEvent { action=ACTION_UP, keyCode=KEYCODE_BACK, scanCode=0, metaState=0, flags=0x0, repeatCount=0, eventTime=272483, downTime=272483, deviceId=-1, source=0x101 }
D/AndroidRuntime( 9923): Shutting down VM
D/AndroidRuntime( 9966): >>>>>> START com.android.internal.os.RuntimeInit uid 2000 <<<<<<
D/AndroidRuntime( 9966): CheckJNI is OFF
D/ICU     ( 9966): No timezone override file found: /data/misc/zoneinfo/current/icu/icu_tzdata.dat
I/Radio-JNI( 9966): register_android_hardware_Radio DONE
D/AndroidRuntime( 9966): Calling main entry com.android.commands.am.Am
I/ActivityManager(  885): Force stopping com.careerbuilder.SugarDrone appid=18808 user=0: start instr
I/art     ( 9991): Late-enabling -Xcheck:jni
I/ActivityManager(  885): Start proc 9991:com.careerbuilder.SugarDrone/u0a8808 for added application com.careerbuilder.SugarDrone
W/System  ( 9991): ClassLoader referenced unknown path: /data/app/com.careerbuilder.SugarDrone.test-1/lib/arm64
W/System  ( 9991): ClassLoader referenced unknown path: 
W/monodroid( 9991): Using override path: /data/user/0/com.careerbuilder.SugarDrone/files/.__override__
W/monodroid( 9991): Trying to load sgen from: /data/user/0/com.careerbuilder.SugarDrone/files/.__override__/libmonosgen-2.0.so
W/monodroid( 9991): Trying to load sgen from: /storage/emulated/0/Android/data/com.careerbuilder.SugarDrone/files/.__override__/libmonosgen-2.0.so
W/monodroid( 9991): Trying to load sgen from: /data/app/com.careerbuilder.SugarDrone-1/lib/arm/libmonosgen-2.0.so
D/Mono    ( 9991): Image addref mscorlib[0xdcfcde60] -> mscorlib.dll[0xdc075400]: 2
D/Mono    ( 9991): Prepared to set up assembly 'mscorlib' (mscorlib.dll)
D/Mono    ( 9991): AOT module 'mscorlib.dll.so' not found: dlopen failed: library "/data/app/com.careerbuilder.SugarDrone-1/lib/arm/libaot-mscorlib.dll.so" not found
D/Mono    ( 9991): AOT module '/Users/builder/data/lanes/4009/f3074d2c/source/monodroid/builds/install/mono-armv6/lib/mono/aot-cache/arm/mscorlib.dll.so' not found: dlopen failed: library "/data/app/com.careerbuilder.SugarDrone-1/lib/arm/libaot-mscorlib.dll.so" not found
D/Mono    ( 9991): Config attempting to parse: 'mscorlib.dll.config'.
D/Mono    ( 9991): Config attempting to parse: '/Users/builder/data/lanes/4009/f3074d2c/source/monodroid/builds/install/mono-armv6/etc/mono/assemblies/mscorlib/mscorlib.config'.
D/Mono    ( 9991): Assembly mscorlib[0xdcfcde60] added to domain RootDomain, ref_count=1
D/Mono    ( 9991): Image addref CareerBuilder_Search.Droid[0xdcfcdfe0] -> CareerBuilder_Search.Droid.dll[0xdc076300]: 2
D/Mono    ( 9991): Prepared to set up assembly 'CareerBuilder_Search.Droid' (CareerBuilder_Search.Droid.dll)
D/Mono    ( 9991): Assembly CareerBuilder_Search.Droid[0xdcfcdfe0] added to domain RootDomain, ref_count=1
D/Mono    ( 9991): AOT module 'CareerBuilder_Search.Droid.dll.so' not found: dlopen failed: library "/data/app/com.careerbuilder.SugarDrone-1/lib/arm/libaot-CareerBuilder_Search.Droid.dll.so" not found
D/Mono    ( 9991): AOT module '/Users/builder/data/lanes/4009/f3074d2c/source/monodroid/builds/install/mono-armv6/lib/mono/aot-cache/arm/CareerBuilder_Search.Droid.dll.so' not found: dlopen failed: library "/data/app/com.careerbuilder.SugarDrone-1/lib/arm/libaot-CareerBuilder_Search.Droid.dll.so" not found
D/Mono    ( 9991): Config attempting to parse: 'CareerBuilder_Search.Droid.dll.config'.
D/Mono    ( 9991): Config attempting to parse: '/Users/builder/data/lanes/4009/f3074d2c/source/monodroid/builds/install/mono-armv6/etc/mono/assemblies/CareerBuilder_Search.Droid/CareerBuilder_Search.Droid.config'.
D/Mono    ( 9991): Image addref AppsFlyerXamarinBindingAndroid[0xdcfce0a0] -> AppsFlyerXamarinBindingAndroid.dll[0xdc076800]: 2
D/Mono    ( 9991): Prepared to set up assembly 'AppsFlyerXamarinBindingAndroid' (AppsFlyerXamarinBindingAndroid.dll)
D/Mono    ( 9991): Assembly AppsFlyerXamarinBindingAndroid[0xdcfce0a0] added to domain RootDomain, ref_count=1
D/Mono    ( 9991): AOT module 'AppsFlyerXamarinBindingAndroid.dll.so' not found: dlopen failed: library "/data/app/com.careerbuilder.SugarDrone-1/lib/arm/libaot-AppsFlyerXamarinBindingAndroid.dll.so" not found
D/Mono    ( 9991): AOT module '/Users/builder/data/lanes/4009/f3074d2c/source/monodroid/builds/install/mono-armv6/lib/mono/aot-cache/arm/AppsFlyerXamarinBindingAndroid.dll.so' not found: dlopen failed: library "/data/app/com.careerbuilder.SugarDrone-1/lib/arm/libaot-AppsFlyerXamarinBindingAndroid.dll.so" not found
D/Mono    ( 9991): Config attempting to parse: 'AppsFlyerXamarinBindingAndroid.dll.config'.
D/Mono    ( 9991): Config attempting to parse: '/Users/builder/data/lanes/4009/f3074d2c/source/monodroid/builds/install/mono-armv6/etc/mono/assemblies/AppsFlyerXamarinBindingAndroid/AppsFlyerXamarinBindingAndroid.config'.
D/Mono    ( 9991): Image addref HockeySDK[0xdcfce160] -> HockeySDK.dll[0xdc076d00]: 2
D/Mono    ( 9991): Prepared to set up assembly 'HockeySDK' (HockeySDK.dll)
D/Mono    ( 9991): Assembly HockeySDK[0xdcfce160] added to domain RootDomain, ref_count=1
D/Mono    ( 9991): AOT module 'HockeySDK.dll.so' not found: dlopen failed: library "/data/app/com.careerbuilder.SugarDrone-1/lib/arm/libaot-HockeySDK.dll.so" not found
D/Mono    ( 9991): AOT module '/Users/builder/data/lanes/4009/f3074d2c/source/monodroid/builds/install/mono-armv6/lib/mono/aot-cache/arm/HockeySDK.dll.so' not found: dlopen failed: library "/data/app/com.careerbuilder.SugarDrone-1/lib/arm/libaot-HockeySDK.dll.so" not found
D/Mono    ( 9991): Config attempting to parse: 'HockeySDK.dll.config'.
D/Mono    ( 9991): Config attempting to parse: '/Users/builder/data/lanes/4009/f3074d2c/source/monodroid/builds/install/mono-armv6/etc/mono/assemblies/HockeySDK/HockeySDK.config'.
D/Mono    ( 9991): Image addref Akavache[0xdcfce880] -> Akavache.dll[0xdc077200]: 2
D/Mono    ( 9991): Prepared to set up assembly 'Akavache' (Akavache.dll)
D/Mono    ( 9991): Assembly Akavache[0xdcfce880] added to domain RootDomain, ref_count=1
D/Mono    ( 9991): AOT module 'Akavache.dll.so' not found: dlopen failed: library "/data/app/com.careerbuilder.SugarDrone-1/lib/arm/libaot-Akavache.dll.so" not found
D/Mono    ( 9991): AOT module '/Users/builder/data/lanes/4009/f3074d2c/source/monodroid/builds/install/mono-armv6/lib/mono/aot-cache/arm/Akavache.dll.so' not found: dlopen failed: library "/data/app/com.careerbuilder.SugarDrone-1/lib/arm/libaot-Akavache.dll.so" not found
D/Mono    ( 9991): Config attempting to parse: 'Akavache.dll.config'.
D/Mono    ( 9991): Config attempting to parse: '/Users/builder/data/lanes/4009/f3074d2c/source/monodroid/builds/install/mono-armv6/etc/mono/assemblies/Akavache/Akavache.config'.
D/Mono    ( 9991): Image addref Akavache.Sqlite3[0xdcfce9a0] -> Akavache.Sqlite3.dll[0xdc077700]: 2
D/Mono    ( 9991): Prepared to set up assembly 'Akavache.Sqlite3' (Akavache.Sqlite3.dll)
D/Mono    ( 9991): Assembly Akavache.Sqlite3[0xdcfce9a0] added to domain RootDomain, ref_count=1
D/Mono    ( 9991): AOT module 'Akavache.Sqlite3.dll.so' not found: dlopen failed: library "/data/app/com.careerbuilder.SugarDrone-1/lib/arm/libaot-Akavache.Sqlite3.dll.so" not found
D/Mono    ( 9991): AOT module '/Users/builder/data/lanes/4009/f3074d2c/source/monodroid/builds/install/mono-armv6/lib/mono/aot-cache/arm/Akavache.Sqlite3.dll.so' not found: dlopen failed: library "/data/app/com.careerbuilder.SugarDrone-1/lib/arm/libaot-Akavache.Sqlite3.dll.so" not found
W/        ( 9991): Symbol file LoadedFromMemory doesn't match image Akavache.Sqlite3.dll
D/Mono    ( 9991): Config attempting to parse: 'Akavache.Sqlite3.dll.config'.
D/Mono    ( 9991): Config attempting to parse: '/Users/builder/data/lanes/4009/f3074d2c/source/monodroid/builds/install/mono-armv6/etc/mono/assemblies/Akavache.Sqlite3/Akavache.Sqlite3.config'.
D/Mono    ( 9991): Image addref Splat[0xdcfcea00] -> Splat.dll[0xdc077c00]: 2
D/Mono    ( 9991): Prepared to set up assembly 'Splat' (Splat.dll)
D/Mono    ( 9991): Assembly Splat[0xdcfcea00] added to domain RootDomain, ref_count=1
D/Mono    ( 9991): AOT module 'Splat.dll.so' not found: dlopen failed: library "/data/app/com.careerbuilder.SugarDrone-1/lib/arm/libaot-Splat.dll.so" not found
D/Mono    ( 9991): AOT module '/Users/builder/data/lanes/4009/f3074d2c/source/monodroid/builds/install/mono-armv6/lib/mono/aot-cache/arm/Splat.dll.so' not found: dlopen failed: library "/data/app/com.careerbuilder.SugarDrone-1/lib/arm/libaot-Splat.dll.so" not found
D/Mono    ( 9991): Config attempting to parse: 'Splat.dll.config'.
D/Mono    ( 9991): Config attempting to parse: '/Users/builder/data/lanes/4009/f3074d2c/source/monodroid/builds/install/mono-armv6/etc/mono/assemblies/Splat/Splat.config'.
D/Mono    ( 9991): Image addref Microsoft.Practices.ServiceLocation[0xe5acc480] -> Microsoft.Practices.ServiceLocation.dll[0xdc078100]: 2
D/Mono    ( 9991): Prepared to set up assembly 'Microsoft.Practices.ServiceLocation' (Microsoft.Practices.ServiceLocation.dll)
D/Mono    ( 9991): Assembly Microsoft.Practices.ServiceLocation[0xe5acc480] added to domain RootDomain, ref_count=1
D/Mono    ( 9991): AOT module 'Microsoft.Practices.ServiceLocation.dll.so' not found: dlopen failed: library "/data/app/com.careerbuilder.SugarDrone-1/lib/arm/libaot-Microsoft.Practices.ServiceLocation.dll.so" not found
D/Mono    ( 9991): AOT module '/Users/builder/data/lanes/4009/f3074d2c/source/monodroid/builds/install/mono-armv6/lib/mono/aot-cache/arm/Microsoft.Practices.ServiceLocation.dll.so' not found: dlopen failed: library "/data/app/com.careerbuilder.SugarDrone-1/lib/arm/libaot-Microsoft.Practices.ServiceLocation.dll.so" not found
D/Mono    ( 9991): Config attempting to parse: 'Microsoft.Practices.ServiceLocation.dll.config'.
D/Mono    ( 9991): Config attempting to parse: '/Users/builder/data/lanes/4009/f3074d2c/source/monodroid/builds/install/mono-armv6/etc/mono/assemblies/Microsoft.Practices.ServiceLocation/Microsoft.Practices.ServiceLocation.config'.
D/Mono    ( 9991): Image addref Microsoft.Practices.Unity[0xe5acc4e0] -> Microsoft.Practices.Unity.dll[0xdc078600]: 2
D/Mono    ( 9991): Prepared to set up assembly 'Microsoft.Practices.Unity' (Microsoft.Practices.Unity.dll)
D/Mono    ( 9991): Assembly Microsoft.Practices.Unity[0xe5acc4e0] added to domain RootDomain, ref_count=1
D/Mono    ( 9991): AOT module 'Microsoft.Practices.Unity.dll.so' not found: dlopen failed: library "/data/app/com.careerbuilder.SugarDrone-1/lib/arm/libaot-Microsoft.Practices.Unity.dll.so" not found
D/Mono    ( 9991): AOT module '/Users/builder/data/lanes/4009/f3074d2c/source/monodroid/builds/install/mono-armv6/lib/mono/aot-cache/arm/Microsoft.Practices.Unity.dll.so' not found: dlopen failed: library "/data/app/com.careerbuilder.SugarDrone-1/lib/arm/libaot-Microsoft.Practices.Unity.dll.so" not found
D/Mono    ( 9991): Config attempting to parse: 'Microsoft.Practices.Unity.dll.config'.
D/Mono    ( 9991): Config attempting to parse: '/Users/builder/data/lanes/4009/f3074d2c/source/monodroid/builds/install/mono-armv6/etc/mono/assemblies/Microsoft.Practices.Unity/Microsoft.Practices.Unity.config'.
D/Mono    ( 9991): Image addref Plugin.CurrentActivity[0xe5acc540] -> Plugin.CurrentActivity.dll[0xdc078b00]: 2
D/Mono    ( 9991): Prepared to set up assembly 'Plugin.CurrentActivity' (Plugin.CurrentActivity.dll)
D/Mono    ( 9991): Assembly Plugin.CurrentActivity[0xe5acc540] added to domain RootDomain, ref_count=1
D/Mono    ( 9991): AOT module 'Plugin.CurrentActivity.dll.so' not found: dlopen failed: library "/data/app/com.careerbuilder.SugarDrone-1/lib/arm/libaot-Plugin.CurrentActivity.dll.so" not found
D/Mono    ( 9991): AOT module '/Users/builder/data/lanes/4009/f3074d2c/source/monodroid/builds/install/mono-armv6/lib/mono/aot-cache/arm/Plugin.CurrentActivity.dll.so' not found: dlopen failed: library "/data/app/com.careerbuilder.SugarDrone-1/lib/arm/libaot-Plugin.CurrentActivity.dll.so" not found
D/Mono    ( 9991): Config attempting to parse: 'Plugin.CurrentActivity.dll.config'.
D/Mono    ( 9991): Config attempting to parse: '/Users/builder/data/lanes/4009/f3074d2c/source/monodroid/builds/install/mono-armv6/etc/mono/assemblies/Plugin.CurrentActivity/Plugin.CurrentActivity.config'.
D/Mono    ( 9991): Image addref Plugin.Permissions[0xe5acc5a0] -> Plugin.Permissions.dll[0xd9813000]: 2
D/Mono    ( 9991): Prepared to set up assembly 'Plugin.Permissions' (Plugin.Permissions.dll)
D/Mono    ( 9991): Assembly Plugin.Permissions[0xe5acc5a0] added to domain RootDomain, ref_count=1
D/Mono    ( 9991): AOT module 'Plugin.Permissions.dll.so' not found: dlopen failed: library "/data/app/com.careerbuilder.SugarDrone-1/lib/arm/libaot-Plugin.Permissions.dll.so" not found
D/Mono    ( 9991): AOT module '/Users/builder/data/lanes/4009/f3074d2c/source/monodroid/builds/install/mono-armv6/lib/mono/aot-cache/arm/Plugin.Permissions.dll.so' not found: dlopen failed: library "/data/app/com.careerbuilder.SugarDrone-1/lib/arm/libaot-Plugin.Permissions.dll.so" not found
D/Mono    ( 9991): Config attempting to parse: 'Plugin.Permissions.dll.config'.
D/Mono    ( 9991): Config attempting to parse: '/Users/builder/data/lanes/4009/f3074d2c/source/monodroid/builds/install/mono-armv6/etc/mono/assemblies/Plugin.Permissions/Plugin.Permissions.config'.
D/Mono    ( 9991): Image addref Plugin.Permissions.Abstractions[0xe5acc780] -> Plugin.Permissions.Abstractions.dll[0xd9813500]: 2
D/Mono    ( 9991): Prepared to set up assembly 'Plugin.Permissions.Abstractions' (Plugin.Permissions.Abstractions.dll)
D/Mono    ( 9991): Assembly Plugin.Permissions.Abstractions[0xe5acc780] added to domain RootDomain, ref_count=1
D/Mono    ( 9991): AOT module 'Plugin.Permissions.Abstractions.dll.so' not found: dlopen failed: library "/data/app/com.careerbuilder.SugarDrone-1/lib/arm/libaot-Plugin.Permissions.Abstractions.dll.so" not found
D/Mono    ( 9991): AOT module '/Users/builder/data/lanes/4009/f3074d2c/source/monodroid/builds/install/mono-armv6/lib/mono/aot-cache/arm/Plugin.Permissions.Abstractions.dll.so' not found: dlopen failed: library "/data/app/com.careerbuilder.SugarDrone-1/lib/arm/libaot-Plugin.Permissions.Abstractions.dll.so" not found
D/Mono    ( 9991): Config attempting to parse: 'Plugin.Permissions.Abstractions.dll.config'.
D/Mono    ( 9991): Config attempting to parse: '/Users/builder/data/lanes/4009/f3074d2c/source/monodroid/builds/install/mono-armv6/etc/mono/assemblies/Plugin.Permissions.Abstractions/Plugin.Permissions.Abstractions.config'.
D/Mono    ( 9991): Image addref Plugin.Geolocator[0xe5acc840] -> Plugin.Geolocator.dll[0xd9813a00]: 2
D/Mono    ( 9991): Prepared to set up assembly 'Plugin.Geolocator' (Plugin.Geolocator.dll)
D/Mono    ( 9991): Assembly Plugin.Geolocator[0xe5acc840] added to domain RootDomain, ref_count=1
D/Mono    ( 9991): AOT module 'Plugin.Geolocator.dll.so' not found: dlopen failed: library "/data/app/com.careerbuilder.SugarDrone-1/lib/arm/libaot-Plugin.Geolocator.dll.so" not found
D/Mono    ( 9991): AOT module '/Users/builder/data/lanes/4009/f3074d2c/source/monodroid/builds/install/mono-armv6/lib/mono/aot-cache/arm/Plugin.Geolocator.dll.so' not found: dlopen failed: library "/data/app/com.careerbuilder.SugarDrone-1/lib/arm/libaot-Plugin.Geolocator.dll.so" not found
D/Mono    ( 9991): Config attempting to parse: 'Plugin.Geolocator.dll.config'.
D/Mono    ( 9991): Config attempting to parse: '/Users/builder/data/lanes/4009/f3074d2c/source/monodroid/builds/install/mono-armv6/etc/mono/assemblies/Plugin.Geolocator/Plugin.Geolocator.config'.
D/Mono    ( 9991): Image addref Plugin.Geolocator.Abstractions[0xe5accae0] -> Plugin.Geolocator.Abstractions.dll[0xd9813f00]: 2
D/Mono    ( 9991): Prepared to set up assembly 'Plugin.Geolocator.Abstractions' (Plugin.Geolocator.Abstractions.dll)
D/Mono    ( 9991): Assembly Plugin.Geolocator.Abstractions[0xe5accae0] added to domain RootDomain, ref_count=1
D/Mono    ( 9991): AOT module 'Plugin.Geolocator.Abstractions.dll.so' not found: dlopen failed: library "/data/app/com.careerbuilder.SugarDrone-1/lib/arm/libaot-Plugin.Geolocator.Abstractions.dll.so" not found
D/Mono    ( 9991): AOT module '/Users/builder/data/lanes/4009/f3074d2c/source/monodroid/builds/install/mono-armv6/lib/mono/aot-cache/arm/Plugin.Geolocator.Abstractions.dll.so' not found: dlopen failed: library "/data/app/com.careerbuilder.SugarDrone-1/lib/arm/libaot-Plugin.Geolocator.Abstractions.dll.so" not found
D/Mono    ( 9991): Config attempting to parse: 'Plugin.Geolocator.Abstractions.dll.config'.
D/Mono    ( 9991): Config attempting to parse: '/Users/builder/data/lanes/4009/f3074d2c/source/monodroid/builds/install/mono-armv6/etc/mono/assemblies/Plugin.Geolocator.Abstractions/Plugin.Geolocator.Abstractions.config'.
D/Mono    ( 9991): Image addref Plugin.DeviceInfo[0xe5accba0] -> Plugin.DeviceInfo.dll[0xd9814400]: 2
D/Mono    ( 9991): Prepared to set up assembly 'Plugin.DeviceInfo' (Plugin.DeviceInfo.dll)
D/Mono    ( 9991): Assembly Plugin.DeviceInfo[0xe5accba0] added to domain RootDomain, ref_count=1
D/Mono    ( 9991): AOT module 'Plugin.DeviceInfo.dll.so' not found: dlopen failed: library "/data/app/com.careerbuilder.SugarDrone-1/lib/arm/libaot-Plugin.DeviceInfo.dll.so" not found
D/Mono    ( 9991): AOT module '/Users/builder/data/lanes/4009/f3074d2c/source/monodroid/builds/install/mono-armv6/lib/mono/aot-cache/arm/Plugin.DeviceInfo.dll.so' not found: dlopen failed: library "/data/app/com.careerbuilder.SugarDrone-1/lib/arm/libaot-Plugin.DeviceInfo.dll.so" not found
D/Mono    ( 9991): Config attempting to parse: 'Plugin.DeviceInfo.dll.config'.
D/Mono    ( 9991): Config attempting to parse: '/Users/builder/data/lanes/4009/f3074d2c/source/monodroid/builds/install/mono-armv6/etc/mono/assemblies/Plugin.DeviceInfo/Plugin.DeviceInfo.config'.
D/Mono    ( 9991): Image addref Plugin.DeviceInfo.Abstractions[0xe5acce40] -> Plugin.DeviceInfo.Abstractions.dll[0xd9814900]: 2
D/Mono    ( 9991): Prepared to set up assembly 'Plugin.DeviceInfo.Abstractions' (Plugin.DeviceInfo.Abstractions.dll)
D/Mono    ( 9991): Assembly Plugin.DeviceInfo.Abstractions[0xe5acce40] added to domain RootDomain, ref_count=1
D/Mono    ( 9991): AOT module 'Plugin.DeviceInfo.Abstractions.dll.so' not found: dlopen failed: library "/data/app/com.careerbuilder.SugarDrone-1/lib/arm/libaot-Plugin.DeviceInfo.Abstractions.dll.so" not found
D/Mono    ( 9991): AOT module '/Users/builder/data/lanes/4009/f3074d2c/source/monodroid/builds/install/mono-armv6/lib/mono/aot-cache/arm/Plugin.DeviceInfo.Abstractions.dll.so' not found: dlopen failed: library "/data/app/com.careerbuilder.SugarDrone-1/lib/arm/libaot-Plugin.DeviceInfo.Abstractions.dll.so" not found
D/Mono    ( 9991): Config attempting to parse: 'Plugin.DeviceInfo.Abstractions.dll.config'.
D/Mono    ( 9991): Config attempting to parse: '/Users/builder/data/lanes/4009/f3074d2c/source/monodroid/builds/install/mono-armv6/etc/mono/assemblies/Plugin.DeviceInfo.Abstractions/Plugin.DeviceInfo.Abstractions.config'.
D/Mono    ( 9991): Image addref Xamarin.GooglePlayServices.Analytics[0xe5acd080] -> Xamarin.GooglePlayServices.Analytics.dll[0xd9814e00]: 2
D/Mono    ( 9991): Prepared to set up assembly 'Xamarin.GooglePlayServices.Analytics' (Xamarin.GooglePlayServices.Analytics.dll)
D/Mono    ( 9991): Assembly Xamarin.GooglePlayServices.Analytics[0xe5acd080] added to domain RootDomain, ref_count=1
D/Mono    ( 9991): AOT module 'Xamarin.GooglePlayServices.Analytics.dll.so' not found: dlopen failed: library "/data/app/com.careerbuilder.SugarDrone-1/lib/arm/libaot-Xamarin.GooglePlayServices.Analytics.dll.so" not found
