D/Mono    ( 9737): Config attempting to parse: 'System.Linq.dll.config'.
D/Mono    ( 9737): Config attempting to parse: '/Users/builder/data/lanes/4009/f3074d2c/source/monodroid/builds/install/mono-armv6/etc/mono/assemblies/System.Linq/System.Linq.config'.
D/Mono    ( 9737): Assembly Ref addref Java.Interop[0xeefcdb00] -> System.Linq[0xeefcdf20]: 2
D/Mono    ( 9737): Image addref System.Core[0xeefce0a0] -> System.Core.dll[0xe2ce9700]: 2
D/Mono    ( 9737): Prepared to set up assembly 'System.Core' (System.Core.dll)
D/Mono    ( 9737): Assembly System.Core[0xeefce0a0] added to domain RootDomain, ref_count=1
D/Mono    ( 9737): AOT module 'System.Core.dll.so' not found: dlopen failed: library "/data/app/com.careerbuilder.SugarDrone-1/lib/arm/libaot-System.Core.dll.so" not found
D/Mono    ( 9737): AOT module '/Users/builder/data/lanes/4009/f3074d2c/source/monodroid/builds/install/mono-armv6/lib/mono/aot-cache/arm/System.Core.dll.so' not found: dlopen failed: library "/data/app/com.careerbuilder.SugarDrone-1/lib/arm/libaot-System.Core.dll.so" not found
D/Mono    ( 9737): Config attempting to parse: 'System.Core.dll.config'.
D/Mono    ( 9737): Config attempting to parse: '/Users/builder/data/lanes/4009/f3074d2c/source/monodroid/builds/install/mono-armv6/etc/mono/assemblies/System.Core/System.Core.config'.
D/Mono    ( 9737): Assembly Ref addref System.Linq[0xeefcdf20] -> System.Core[0xeefce0a0]: 2
D/Mono    ( 9737): Assembly Ref addref System.Core[0xeefce0a0] -> mscorlib[0xeefcc5a0]: 10
D/Mono    ( 9737): Image addref System.Reflection.Extensions[0xeefce1c0] -> System.Reflection.Extensions.dll[0xcf8a5a00]: 2
D/Mono    ( 9737): Prepared to set up assembly 'System.Reflection.Extensions' (System.Reflection.Extensions.dll)
D/Mono    ( 9737): Assembly System.Reflection.Extensions[0xeefce1c0] added to domain RootDomain, ref_count=1
D/Mono    ( 9737): AOT module 'System.Reflection.Extensions.dll.so' not found: dlopen failed: library "/data/app/com.careerbuilder.SugarDrone-1/lib/arm/libaot-System.Reflection.Extensions.dll.so" not found
D/Mono    ( 9737): AOT module '/Users/builder/data/lanes/4009/f3074d2c/source/monodroid/builds/install/mono-armv6/lib/mono/aot-cache/arm/System.Reflection.Extensions.dll.so' not found: dlopen failed: library "/data/app/com.careerbuilder.SugarDrone-1/lib/arm/libaot-System.Reflection.Extensions.dll.so" not found
D/Mono    ( 9737): Config attempting to parse: 'System.Reflection.Extensions.dll.config'.
D/Mono    ( 9737): Config attempting to parse: '/Users/builder/data/lanes/4009/f3074d2c/source/monodroid/builds/install/mono-armv6/etc/mono/assemblies/System.Reflection.Extensions/System.Reflection.Extensions.config'.
D/Mono    ( 9737): Assembly Ref addref Java.Interop[0xeefcdb00] -> System.Reflection.Extensions[0xeefce1c0]: 2
D/Mono    ( 9737): Assembly Ref addref System.Reflection.Extensions[0xeefce1c0] -> mscorlib[0xeefcc5a0]: 11
D/Mono    ( 9737): Assembly Ref addref Mono.Android[0xeefcdaa0] -> System.Core[0xeefce0a0]: 3
D/Mono    ( 9737): DllImport searching in: '__Internal' ('(null)').
D/Mono    ( 9737): Searching for 'monodroid_typemap_managed_to_java'.
D/Mono    ( 9737): Probing 'monodroid_typemap_managed_to_java'.
D/Mono    ( 9737): Found as 'monodroid_typemap_managed_to_java'.
D/Mono    ( 9737): DllImport searching in: '__Internal' ('(null)').
D/Mono    ( 9737): Searching for 'java_interop_jnienv_alloc_object'.
D/Mono    ( 9737): Probing 'java_interop_jnienv_alloc_object'.
D/Mono    ( 9737): Found as 'java_interop_jnienv_alloc_object'.
D/Mono    ( 9737): DllImport searching in: '__Internal' ('(null)').
D/Mono    ( 9737): Searching for '_monodroid_gc_wait_for_bridge_processing'.
D/Mono    ( 9737): Probing '_monodroid_gc_wait_for_bridge_processing'.
D/Mono    ( 9737): Found as '_monodroid_gc_wait_for_bridge_processing'.
D/Mono    ( 9737): DllImport searching in: '__Internal' ('(null)').
D/Mono    ( 9737): Searching for 'java_interop_jnienv_register_natives'.
D/Mono    ( 9737): Probing 'java_interop_jnienv_register_natives'.
D/Mono    ( 9737): Found as 'java_interop_jnienv_register_natives'.
D/Mono    ( 9737): DllImport searching in: '__Internal' ('(null)').
D/Mono    ( 9737): Searching for 'java_interop_jnienv_call_nonvirtual_void_method_a'.
D/Mono    ( 9737): Probing 'java_interop_jnienv_call_nonvirtual_void_method_a'.
D/Mono    ( 9737): Found as 'java_interop_jnienv_call_nonvirtual_void_method_a'.
D/Mono    ( 9737): DllImport searching in: '__Internal' ('(null)').
D/Mono    ( 9737): Searching for 'java_interop_jnienv_is_same_object'.
D/Mono    ( 9737): Probing 'java_interop_jnienv_is_same_object'.
D/Mono    ( 9737): Found as 'java_interop_jnienv_is_same_object'.
D/Mono    ( 9737): DllImport searching in: '__Internal' ('(null)').
D/Mono    ( 9737): Searching for 'java_interop_jnienv_call_static_void_method_a'.
D/Mono    ( 9737): Probing 'java_interop_jnienv_call_static_void_method_a'.
D/Mono    ( 9737): Found as 'java_interop_jnienv_call_static_void_method_a'.
D/Mono    ( 9737): Assembly Ref addref AppsFlyerXamarinBindingAndroid[0xeefcc840] -> mscorlib[0xeefcc5a0]: 12
D/Mono    ( 9737): Assembly Ref addref AppsFlyerXamarinBindingAndroid[0xeefcc840] -> Mono.Android[0xeefcdaa0]: 2
D/Mono    ( 9737): Assembly Ref addref HockeySDK[0xeefccae0] -> mscorlib[0xeefcc5a0]: 13
D/Mono    ( 9737): Assembly Ref addref HockeySDK[0xeefccae0] -> Mono.Android[0xeefcdaa0]: 3
D/Mono    ( 9737): Assembly Ref addref Xamarin.GooglePlayServices.Analytics[0xeefcd140] -> mscorlib[0xeefcc5a0]: 14
D/Mono    ( 9737): Assembly Ref addref Xamarin.GooglePlayServices.Analytics[0xeefcd140] -> Mono.Android[0xeefcdaa0]: 4
D/Mono    ( 9737): Assembly Ref addref Xamarin.GooglePlayServices.Base[0xeefcd1a0] -> mscorlib[0xeefcc5a0]: 15
D/Mono    ( 9737): Assembly Ref addref Xamarin.GooglePlayServices.Base[0xeefcd1a0] -> Mono.Android[0xeefcdaa0]: 5
D/Mono    ( 9737): Assembly Ref addref Xamarin.GooglePlayServices.Basement[0xeefcd200] -> mscorlib[0xeefcc5a0]: 16
D/Mono    ( 9737): Assembly Ref addref Xamarin.GooglePlayServices.Basement[0xeefcd200] -> Mono.Android[0xeefcdaa0]: 6
D/Mono    ( 9737): Assembly Ref addref FloatingActionButton-Xamarin[0xeefcd380] -> mscorlib[0xeefcc5a0]: 17
D/Mono    ( 9737): Assembly Ref addref FloatingActionButton-Xamarin[0xeefcd380] -> Mono.Android[0xeefcdaa0]: 7
D/Mono    ( 9737): Assembly Ref addref Xamarin.Android.Support.v4[0xeefcd3e0] -> mscorlib[0xeefcc5a0]: 18
D/Mono    ( 9737): Assembly Ref addref Xamarin.Android.Support.v4[0xeefcd3e0] -> Mono.Android[0xeefcdaa0]: 8
D/Mono    ( 9737): Assembly Ref addref Xamarin.Android.Support.v7.RecyclerView[0xeefcd440] -> mscorlib[0xeefcc5a0]: 19
D/Mono    ( 9737): Assembly Ref addref Xamarin.Android.Support.v7.RecyclerView[0xeefcd440] -> Mono.Android[0xeefcdaa0]: 9
D/Mono    ( 9737): Assembly Ref addref Xamarin.Android.Support.Vector.Drawable[0xeefcd4a0] -> mscorlib[0xeefcc5a0]: 20
D/Mono    ( 9737): Assembly Ref addref Xamarin.Android.Support.Vector.Drawable[0xeefcd4a0] -> Mono.Android[0xeefcdaa0]: 10
D/Mono    ( 9737): Assembly Ref addref Xamarin.Android.Support.Animated.Vector.Drawable[0xeefcd500] -> mscorlib[0xeefcc5a0]: 21
D/Mono    ( 9737): Assembly Ref addref Xamarin.Android.Support.Animated.Vector.Drawable[0xeefcd500] -> Mono.Android[0xeefcdaa0]: 11
D/Mono    ( 9737): Assembly Ref addref Xamarin.Android.Support.v7.AppCompat[0xeefcd560] -> mscorlib[0xeefcc5a0]: 22
D/Mono    ( 9737): Assembly Ref addref Xamarin.Android.Support.v7.AppCompat[0xeefcd560] -> Mono.Android[0xeefcdaa0]: 12
D/Mono    ( 9737): Assembly Ref addref Xamarin.Android.Support.Design[0xeefcd5c0] -> mscorlib[0xeefcc5a0]: 23
D/Mono    ( 9737): Assembly Ref addref Xamarin.Android.Support.Design[0xeefcd5c0] -> Mono.Android[0xeefcdaa0]: 13
D/Mono    ( 9737): Assembly Ref addref Xamarin.Android.Support.v7.CardView[0xeefcd620] -> mscorlib[0xeefcc5a0]: 24
D/Mono    ( 9737): Assembly Ref addref Xamarin.Android.Support.v7.CardView[0xeefcd620] -> Mono.Android[0xeefcdaa0]: 14
D/Mono    ( 9737): Assembly Ref addref FlexboxLayoutXamarinBindingAndroid[0xeefcd980] -> mscorlib[0xeefcc5a0]: 25
D/Mono    ( 9737): Assembly Ref addref FlexboxLayoutXamarinBindingAndroid[0xeefcd980] -> Mono.Android[0xeefcdaa0]: 15
D/Mono    ( 9737): Assembly Ref addref CareerBuilder_Search.Droid[0xeefcc780] -> Mono.Android[0xeefcdaa0]: 16
D/Mono    ( 9737): Assembly Ref addref CareerBuilder_Search.Droid[0xeefcc780] -> mscorlib[0xeefcc5a0]: 26
D/Mono    ( 9737): Image addref Mono.Android.Export[0xeefce700] -> Mono.Android.Export.dll[0xcf8a6900]: 2
D/Mono    ( 9737): Prepared to set up assembly 'Mono.Android.Export' (Mono.Android.Export.dll)
D/Mono    ( 9737): Assembly Mono.Android.Export[0xeefce700] added to domain RootDomain, ref_count=1
D/Mono    ( 9737): AOT module 'Mono.Android.Export.dll.so' not found: dlopen failed: library "/data/app/com.careerbuilder.SugarDrone-1/lib/arm/libaot-Mono.Android.Export.dll.so" not found
D/Mono    ( 9737): AOT module '/Users/builder/data/lanes/4009/f3074d2c/source/monodroid/builds/install/mono-armv6/lib/mono/aot-cache/arm/Mono.Android.Export.dll.so' not found: dlopen failed: library "/data/app/com.careerbuilder.SugarDrone-1/lib/arm/libaot-Mono.Android.Export.dll.so" not found
D/Mono    ( 9737): Config attempting to parse: 'Mono.Android.Export.dll.config'.
D/Mono    ( 9737): Config attempting to parse: '/Users/builder/data/lanes/4009/f3074d2c/source/monodroid/builds/install/mono-armv6/etc/mono/assemblies/Mono.Android.Export/Mono.Android.Export.config'.
D/Mono    ( 9737): Assembly Ref addref Mono.Android.Export[0xeefce700] -> mscorlib[0xeefcc5a0]: 27
D/Mono    ( 9737): Assembly Ref addref Mono.Android.Export[0xeefce700] -> Mono.Android[0xeefcdaa0]: 17
D/Mono    ( 9737): Image addref System.Xml[0xeefce640] -> System.Xml.dll[0xcf8a7800]: 2
D/Mono    ( 9737): Prepared to set up assembly 'System.Xml' (System.Xml.dll)
D/Mono    ( 9737): Assembly System.Xml[0xeefce640] added to domain RootDomain, ref_count=1
D/Mono    ( 9737): AOT module 'System.Xml.dll.so' not found: dlopen failed: library "/data/app/com.careerbuilder.SugarDrone-1/lib/arm/libaot-System.Xml.dll.so" not found
D/Mono    ( 9737): AOT module '/Users/builder/data/lanes/4009/f3074d2c/source/monodroid/builds/install/mono-armv6/lib/mono/aot-cache/arm/System.Xml.dll.so' not found: dlopen failed: library "/data/app/com.careerbuilder.SugarDrone-1/lib/arm/libaot-System.Xml.dll.so" not found
D/Mono    ( 9737): Config attempting to parse: 'System.Xml.dll.config'.
D/Mono    ( 9737): Config attempting to parse: '/Users/builder/data/lanes/4009/f3074d2c/source/monodroid/builds/install/mono-armv6/etc/mono/assemblies/System.Xml/System.Xml.config'.
D/Mono    ( 9737): Assembly Ref addref Mono.Android.Export[0xeefce700] -> System.Xml[0xeefce640]: 2
D/Mono    ( 9737): Assembly Ref addref System.Xml[0xeefce640] -> mscorlib[0xeefcc5a0]: 28
D/Mono    ( 9737): Assembly Ref addref Mono.Android[0xeefcdaa0] -> System.Xml[0xeefce640]: 3
D/Mono    ( 9737): Assembly Ref addref Mono.Android.Export[0xeefce700] -> System.Core[0xeefce0a0]: 4
D/Mono    ( 9737): Image addref System.Net.Http[0xeefce8e0] -> System.Net.Http.dll[0xe2ce9c00]: 2
D/Mono    ( 9737): Prepared to set up assembly 'System.Net.Http' (System.Net.Http.dll)
D/Mono    ( 9737): Assembly System.Net.Http[0xeefce8e0] added to domain RootDomain, ref_count=1
D/Mono    ( 9737): AOT module 'System.Net.Http.dll.so' not found: dlopen failed: library "/data/app/com.careerbuilder.SugarDrone-1/lib/arm/libaot-System.Net.Http.dll.so" not found
D/Mono    ( 9737): AOT module '/Users/builder/data/lanes/4009/f3074d2c/source/monodroid/builds/install/mono-armv6/lib/mono/aot-cache/arm/System.Net.Http.dll.so' not found: dlopen failed: library "/data/app/com.careerbuilder.SugarDrone-1/lib/arm/libaot-System.Net.Http.dll.so" not found
D/Mono    ( 9737): Config attempting to parse: 'System.Net.Http.dll.config'.
D/Mono    ( 9737): Config attempting to parse: '/Users/builder/data/lanes/4009/f3074d2c/source/monodroid/builds/install/mono-armv6/etc/mono/assemblies/System.Net.Http/System.Net.Http.config'.
D/Mono    ( 9737): Assembly Ref addref CareerBuilder_Search.Droid[0xeefcc780] -> System.Net.Http[0xeefce8e0]: 2
D/Mono    ( 9737): Assembly Ref addref System.Net.Http[0xeefce8e0] -> mscorlib[0xeefcc5a0]: 29
I/System.out( 9737): Calabash loaded Mono
I/calabash( 9737): Test server port: 7102
I/InstrumentationBackend( 9737): Added:'NullAction', with key:'nullAction'
I/InstrumentationBackend( 9737): Added:'GetActivityOrientation', with key:'get_activity_orientation'
I/InstrumentationBackend( 9737): Added:'SetActivityOrientation', with key:'set_activity_orientation'
I/InstrumentationBackend( 9737): Added:'DpToDevicePixel', with key:'dp_to_device_pixel'
I/InstrumentationBackend( 9737): Added:'ClickOnScreen', with key:'click_on_screen'
I/InstrumentationBackend( 9737): Added:'DoubleTapCoordinate', with key:'double_tap_coordinate'
I/InstrumentationBackend( 9737): Added:'Drag', with key:'drag'
I/InstrumentationBackend( 9737): Added:'DragCoordinates', with key:'drag_coordinates'
I/InstrumentationBackend( 9737): Added:'LongPressCoordinate', with key:'long_press_coordinate'
I/InstrumentationBackend( 9737): Added:'ResumeApplication', with key:'resume_application'
I/InstrumentationBackend( 9737): Added:'Swipe', with key:'swipe'
I/InstrumentationBackend( 9737): Added:'TouchCoordinates', with key:'touch_coordinate'
I/InstrumentationBackend( 9737): Added:'ListActions', with key:'list_actions'
I/InstrumentationBackend( 9737): Added:'SendTcp', with key:'send_tcp'
I/InstrumentationBackend( 9737): Added:'PressElement', with key:'press_l10n_element'
I/InstrumentationBackend( 9737): Added:'WaitForElement', with key:'wait_for_l10n_element'
I/InstrumentationBackend( 9737): Added:'FakeGPSLocation', with key:'set_gps_coordinates'
I/InstrumentationBackend( 9737): Added:'GetMapBounds', with key:'get_map_bounds'
I/InstrumentationBackend( 9737): Added:'GetMapCenter', with key:'get_map_center'
I/InstrumentationBackend( 9737): Added:'GetMapMarker', with key:'get_map_marker'
I/InstrumentationBackend( 9737): Added:'GetMapMarkers', with key:'get_map_markers'
I/InstrumentationBackend( 9737): Added:'GetMapZoom', with key:'get_map_zoom'
I/InstrumentationBackend( 9737): Added:'PanMapTo', with key:'pan_map_to'
I/InstrumentationBackend( 9737): Added:'SetMapCenter', with key:'set_map_center'
I/InstrumentationBackend( 9737): Added:'SetMapZoom', with key:'set_map_zoom'
I/InstrumentationBackend( 9737): Added:'TapAwayFromMarkers', with key:'tap_map_away_from_markers'
I/InstrumentationBackend( 9737): Added:'TapMapMarker', with key:'tap_map_marker_by_title'
I/InstrumentationBackend( 9737): Added:'ClearPreferences', with key:'clear_preferences'
I/InstrumentationBackend( 9737): Added:'GetPreferences', with key:'get_preferences'
I/InstrumentationBackend( 9737): Added:'SetPreferences', with key:'set_preferences'
I/InstrumentationBackend( 9737): Added:'PressKey', with key:'press_key'
I/InstrumentationBackend( 9737): Added:'DeleteSurroundingText', with key:'delete_surrounding_text'
I/InstrumentationBackend( 9737): Added:'HideSoftKeyboard', with key:'hide_soft_keyboard'
I/InstrumentationBackend( 9737): Added:'KeyboardEnterText', with key:'keyboard_enter_text'
I/InstrumentationBackend( 9737): Added:'KeyboardKeyEvent', with key:'keyboard_key_event'
I/InstrumentationBackend( 9737): Added:'PressUserActionButton', with key:'press_user_action_button'
I/InstrumentationBackend( 9737): Added:'SetComposingRegion', with key:'set_composing_region'
I/InstrumentationBackend( 9737): Added:'SetSelection', with key:'set_selection'
I/InstrumentationBackend( 9737): Added:'AndroidSDKVersion', with key:'android_sdk_version'
I/InstrumentationBackend( 9737): Added:'Version', with key:'version'
I/InstrumentationBackend( 9737): Added:'GetActivityName', with key:'get_activity_name'
I/InstrumentationBackend( 9737): Added:'IsCurrentActivityFocused', with key:'is_current_activity_focused'
I/InstrumentationBackend( 9737): Added:'ScrollToView', with key:'scroll_to_view'
I/InstrumentationBackend( 9737): Added:'ViewConfiguration', with key:'view_configuration'
I/InstrumentationBackend( 9737): Added:'DumpBodyHtml', with key:'dump_body_html'
I/InstrumentationBackend( 9737): Added:'DumpHtml', with key:'dump_html'
I/InstrumentationBackend( 9737): Added:'EnterTextByCssSelector', with key:'enter_text_by_selector'
I/InstrumentationBackend( 9737): Added:'GetLoadProgress', with key:'get_load_progress'
I/InstrumentationBackend( 9737): Added:'GetUrl', with key:'get_url'
I/InstrumentationBackend( 9737): Added:'ScrollTo', with key:'scroll_to'
I/InstrumentationBackend( 9737): Added:'SetPropertyByCssSelector', with key:'set_property_by_css_selector'
I/calabash( 9737): Instantiating http server at 7102
I/System.out( 9737): HTTP Daemon listening on: 7102
I/System.out( 9737): URI: /ready
I/System.out( 9737): params: {}
I/System.out( 9737): URI: /ready
I/System.out( 9737): params: {}
I/System.out( 9737): URI: /ping
I/System.out( 9737): params: {json={"intent":null }
I/System.out( 9737): }
I/System.out( 9737): URI: /ready
I/System.out( 9737): params: {json={"intent":null }
I/System.out( 9737): }
I/System.out( 9737): URI: /start-application
I/System.out( 9737): params: {json={"intent":null }
I/System.out( 9737): }
I/calabash( 9737): execStartActivity 4
I/ActivityManager(  887): START u0 {act=android.intent.action.MAIN cat=[android.intent.category.LAUNCHER] flg=0x10200000 cmp=com.careerbuilder.SugarDrone/md537fd6201b6818e2e180d2f7606e21a83.AppMainActivity (has extras)} from uid 18676 on display 0
I/calabash( 9737): newActivity1
D/Mono    ( 9737): Assembly Ref addref CareerBuilder_Search.Droid[0xeefcc780] -> Xamarin.Android.Support.v7.AppCompat[0xeefcd560]: 2
D/Mono    ( 9737): Assembly Ref addref Xamarin.Android.Support.v7.AppCompat[0xeefcd560] -> Xamarin.Android.Support.v4[0xeefcd3e0]: 2
D/Mono    ( 9737): DllImport searching in: '__Internal' ('(null)').
D/Mono    ( 9737): Searching for 'java_interop_jnienv_get_array_length'.
D/Mono    ( 9737): Probing 'java_interop_jnienv_get_array_length'.
D/Mono    ( 9737): Found as 'java_interop_jnienv_get_array_length'.
D/Mono    ( 9737): Assembly Ref addref CareerBuilder_Search.Droid[0xeefcc780] -> CareerBuilder_Search[0xeefcda40]: 2
D/Mono    ( 9737): Assembly Ref addref CareerBuilder_Search.Droid[0xeefcc780] -> Xamarin.Android.Support.v4[0xeefcd3e0]: 3
D/Mono    ( 9737): DllImport searching in: '__Internal' ('(null)').
D/Mono    ( 9737): Searching for 'java_interop_jnienv_new_string'.
D/Mono    ( 9737): Probing 'java_interop_jnienv_new_string'.
D/Mono    ( 9737): Found as 'java_interop_jnienv_new_string'.
D/Mono    ( 9737): Assembly Ref addref CareerBuilder_Search.Droid[0xeefcc780] -> Plugin.CurrentActivity[0xeefccea0]: 2
D/Mono    ( 9737): Assembly Ref addref Plugin.CurrentActivity[0xeefccea0] -> mscorlib[0xeefcc5a0]: 30
D/Mono    ( 9737): Assembly Ref addref Plugin.CurrentActivity[0xeefccea0] -> Mono.Android[0xeefcdaa0]: 18
D/Mono    ( 9737): [0xcedf4920] worker starting
D/Mono    ( 9737): [0xcecf3920] worker starting
D/Mono    ( 9737): Unloading image System.Runtime.dll [0xcf5dbe00].
D/Mono    ( 9737): Image addref System.Runtime[0xceece000] -> System.Runtime.dll[0xe2ce6500]: 5
D/Mono    ( 9737): Config attempting to parse: 'System.Runtime.dll.config'.
D/Mono    ( 9737): Config attempting to parse: '/Users/builder/data/lanes/4009/f3074d2c/source/monodroid/builds/install/mono-armv6/etc/mono/assemblies/System.Runtime/System.Runtime.config'.
D/Mono    ( 9737): Assembly Ref addref CareerBuilder_Search[0xeefcda40] -> System.Runtime[0xeefcdb60]: 3
D/Mono    ( 9737): Assembly Ref addref CareerBuilder_Search[0xeefcda40] -> Plugin.DeviceInfo.Abstractions[0xeefcd0e0]: 2
D/Mono    ( 9737): Unloading image System.Runtime.dll [0xcf5dc300].
D/Mono    ( 9737): Image addref System.Runtime[0xceece000] -> System.Runtime.dll[0xe2ce6500]: 6
D/Mono    ( 9737): Config attempting to parse: 'System.Runtime.dll.config'.
D/Mono    ( 9737): Config attempting to parse: '/Users/builder/data/lanes/4009/f3074d2c/source/monodroid/builds/install/mono-armv6/etc/mono/assemblies/System.Runtime/System.Runtime.config'.
D/Mono    ( 9737): Assembly Ref addref Plugin.DeviceInfo.Abstractions[0xeefcd0e0] -> System.Runtime[0xeefcdb60]: 4
D/Mono    ( 9737): Assembly Ref addref CareerBuilder_Search.Droid[0xeefcc780] -> Akavache[0xeefccba0]: 2
D/Mono    ( 9737): Assembly Ref addref Akavache[0xeefccba0] -> mscorlib[0xeefcc5a0]: 31
D/Mono    ( 9737): Assembly Ref addref Akavache[0xeefccba0] -> System.Reactive.Interfaces[0xeefcd7a0]: 2
D/Mono    ( 9737): Assembly Ref addref Akavache[0xeefccba0] -> System.Reactive.Core[0xeefcd740]: 2
D/Mono    ( 9737): Unloading image System.Runtime.dll [0xcf5dc300].
D/Mono    ( 9737): Image addref System.Runtime[0xceece000] -> System.Runtime.dll[0xe2ce6500]: 7
D/Mono    ( 9737): Config attempting to parse: 'System.Runtime.dll.config'.
D/Mono    ( 9737): Config attempting to parse: '/Users/builder/data/lanes/4009/f3074d2c/source/monodroid/builds/install/mono-armv6/etc/mono/assemblies/System.Runtime/System.Runtime.config'.
D/Mono    ( 9737): Assembly Ref addref System.Reactive.Core[0xeefcd740] -> System.Runtime[0xeefcdb60]: 5
D/Mono    ( 9737): DllImport searching in: '__Internal' ('(null)').
I/Adreno  ( 9737): QUALCOMM build                   : 74df444, I409c65498b
I/Adreno  ( 9737): Build Date                       : 06/22/16
I/Adreno  ( 9737): OpenGL ES Shader Compiler Version: XE031.08.00.02
I/Adreno  ( 9737): Local Branch                     : N16
I/Adreno  ( 9737): Remote Branch                    : 
I/Adreno  ( 9737): Remote Branch                    : 
I/Adreno  ( 9737): Reconstruct Branch               : 
D/Mono    ( 9737): Searching for 'java_interop_jnienv_call_nonvirtual_object_method_a'.
D/Mono    ( 9737): Probing 'java_interop_jnienv_call_nonvirtual_object_method_a'.
D/Mono    ( 9737): Found as 'java_interop_jnienv_call_nonvirtual_object_method_a'.
D/Mono    ( 9737): Assembly Ref addref CareerBuilder_Search.Droid[0xeefcc780] -> Microsoft.Practices.Unity[0xeefcce40]: 2
W/IInputConnectionWrapper( 4218): reportFullscreenMode on inexistent InputConnection
D/Mono    ( 9737): Unloading image System.Runtime.dll [0xcf5dc300].
D/Mono    ( 9737): Image addref System.Runtime[0xceece000] -> System.Runtime.dll[0xe2ce6500]: 8
D/Mono    ( 9737): Config attempting to parse: 'System.Runtime.dll.config'.
D/Mono    ( 9737): Config attempting to parse: '/Users/builder/data/lanes/4009/f3074d2c/source/monodroid/builds/install/mono-armv6/etc/mono/assemblies/System.Runtime/System.Runtime.config'.
D/Mono    ( 9737): Assembly Ref addref Microsoft.Practices.Unity[0xeefcce40] -> System.Runtime[0xeefcdb60]: 6
D/Mono    ( 9737): Unloading image System.Collections.dll [0xcf5dc800].
D/Mono    ( 9737): Image addref System.Collections[0xceece000] -> System.Collections.dll[0xe2ce9200]: 5
D/Mono    ( 9737): Config attempting to parse: 'System.Collections.dll.config'.
D/Mono    ( 9737): Config attempting to parse: '/Users/builder/data/lanes/4009/f3074d2c/source/monodroid/builds/install/mono-armv6/etc/mono/assemblies/System.Collections/System.Collections.config'.
D/Mono    ( 9737): Assembly Ref addref Microsoft.Practices.Unity[0xeefcce40] -> System.Collections[0xeefcde00]: 3
D/Mono    ( 9737): Assembly Ref addref CareerBuilder_Search[0xeefcda40] -> Microsoft.Practices.Unity[0xeefcce40]: 3
D/Mono    ( 9737): Assembly Ref addref CareerBuilder_Search.Droid[0xeefcc780] -> Plugin.DeviceInfo.Abstractions[0xeefcd0e0]: 3
D/Mono    ( 9737): Unloading image System.Diagnostics.Debug.dll [0xcf5dc800].
D/Mono    ( 9737): Image addref System.Diagnostics.Debug[0xceece000] -> System.Diagnostics.Debug.dll[0xe2ce8300]: 5
D/Mono    ( 9737): Config attempting to parse: 'System.Diagnostics.Debug.dll.config'.
D/Mono    ( 9737): Config attempting to parse: '/Users/builder/data/lanes/4009/f3074d2c/source/monodroid/builds/install/mono-armv6/etc/mono/assemblies/System.Diagnostics.Debug/System.Diagnostics.Debug.config'.
D/Mono    ( 9737): Assembly Ref addref CareerBuilder_Search[0xeefcda40] -> System.Diagnostics.Debug[0xeefcdce0]: 3
D/Mono    ( 9737): Assembly Ref addref System.Diagnostics.Debug[0xeefcdce0] -> mscorlib[0xeefcc5a0]: 32
I/OpenGLRenderer( 9737): Initialized EGL, version 1.4
D/OpenGLRenderer( 9737): Swap behavior 1
D/Mono    ( 9737): Image addref System.Diagnostics.Tools[0xceece000] -> System.Diagnostics.Tools.dll[0xcf5dc800]: 2
D/Mono    ( 9737): Prepared to set up assembly 'System.Diagnostics.Tools' (System.Diagnostics.Tools.dll)
D/Mono    ( 9737): Assembly System.Diagnostics.Tools[0xceece000] added to domain RootDomain, ref_count=1
D/Mono    ( 9737): AOT module 'System.Diagnostics.Tools.dll.so' not found: dlopen failed: library "/data/app/com.careerbuilder.SugarDrone-1/lib/arm/libaot-System.Diagnostics.Tools.dll.so" not found
D/Mono    ( 9737): AOT module '/Users/builder/data/lanes/4009/f3074d2c/source/monodroid/builds/install/mono-armv6/lib/mono/aot-cache/arm/System.Diagnostics.Tools.dll.so' not found: dlopen failed: library "/data/app/com.careerbuilder.SugarDrone-1/lib/arm/libaot-System.Diagnostics.Tools.dll.so" not found
D/Mono    ( 9737): Config attempting to parse: 'System.Diagnostics.Tools.dll.config'.
D/Mono    ( 9737): Config attempting to parse: '/Users/builder/data/lanes/4009/f3074d2c/source/monodroid/builds/install/mono-armv6/etc/mono/assemblies/System.Diagnostics.Tools/System.Diagnostics.Tools.config'.
D/Mono    ( 9737): Assembly Ref addref Microsoft.Practices.Unity[0xeefcce40] -> System.Diagnostics.Tools[0xceece000]: 2
D/Mono    ( 9737): Assembly Ref addref System.Diagnostics.Tools[0xceece000] -> mscorlib[0xeefcc5a0]: 33
D/Mono    ( 9737): Image addref System.Resources.ResourceManager[0xceece060] -> System.Resources.ResourceManager.dll[0xcf5dcd00]: 2
D/Mono    ( 9737): Prepared to set up assembly 'System.Resources.ResourceManager' (System.Resources.ResourceManager.dll)
D/Mono    ( 9737): Assembly System.Resources.ResourceManager[0xceece060] added to domain RootDomain, ref_count=1
D/Mono    ( 9737): AOT module 'System.Resources.ResourceManager.dll.so' not found: dlopen failed: library "/data/app/com.careerbuilder.SugarDrone-1/lib/arm/libaot-System.Resources.ResourceManager.dll.so" not found
D/Mono    ( 9737): AOT module '/Users/builder/data/lanes/4009/f3074d2c/source/monodroid/builds/install/mono-armv6/lib/mono/aot-cache/arm/System.Resources.ResourceManager.dll.so' not found: dlopen failed: library "/data/app/com.careerbuilder.SugarDrone-1/lib/arm/libaot-System.Resources.ResourceManager.dll.so" not found
D/Mono    ( 9737): Config attempting to parse: 'System.Resources.ResourceManager.dll.config'.
D/Mono    ( 9737): Config attempting to parse: '/Users/builder/data/lanes/4009/f3074d2c/source/monodroid/builds/install/mono-armv6/etc/mono/assemblies/System.Resources.ResourceManager/System.Resources.ResourceManager.config'.
D/Mono    ( 9737): Assembly Ref addref Microsoft.Practices.Unity[0xeefcce40] -> System.Resources.ResourceManager[0xceece060]: 2
D/Mono    ( 9737): Assembly Ref addref System.Resources.ResourceManager[0xceece060] -> mscorlib[0xeefcc5a0]: 34
D/Mono    ( 9737): Unloading image System.Reflection.dll [0xce9b4600].
D/Mono    ( 9737): Image addref System.Reflection[0xceece0c0] -> System.Reflection.dll[0xe2ce7900]: 5
D/Mono    ( 9737): Config attempting to parse: 'System.Reflection.dll.config'.
D/Mono    ( 9737): Config attempting to parse: '/Users/builder/data/lanes/4009/f3074d2c/source/monodroid/builds/install/mono-armv6/etc/mono/assemblies/System.Reflection/System.Reflection.config'.
D/Mono    ( 9737): Assembly Ref addref Microsoft.Practices.Unity[0xeefcce40] -> System.Reflection[0xeefcdc20]: 3
D/Mono    ( 9737): Unloading image System.Linq.dll [0xce9b4600].
D/Mono    ( 9737): Image addref System.Linq[0xceece420] -> System.Linq.dll[0xcf8a5500]: 5
D/Mono    ( 9737): Config attempting to parse: 'System.Linq.dll.config'.
D/Mono    ( 9737): Config attempting to parse: '/Users/builder/data/lanes/4009/f3074d2c/source/monodroid/builds/install/mono-armv6/etc/mono/assemblies/System.Linq/System.Linq.config'.
D/Mono    ( 9737): Assembly Ref addref Microsoft.Practices.Unity[0xeefcce40] -> System.Linq[0xeefcdf20]: 3
D/Mono    ( 9737): Unloading image System.Threading.dll [0xce9b4600].
D/Mono    ( 9737): Image addref System.Threading[0xceece420] -> System.Threading.dll[0xe2ce7e00]: 5
D/Mono    ( 9737): Config attempting to parse: 'System.Threading.dll.config'.
D/Mono    ( 9737): Config attempting to parse: '/Users/builder/data/lanes/4009/f3074d2c/source/monodroid/builds/install/mono-armv6/etc/mono/assemblies/System.Threading/System.Threading.config'.
D/Mono    ( 9737): Assembly Ref addref Microsoft.Practices.Unity[0xeefcce40] -> System.Threading[0xeefcdc80]: 3
I/art     ( 9737): Starting a blocking GC Explicit
D/Mono    ( 9737): Image addref System.Globalization[0xceece360] -> System.Globalization.dll[0xcdfb8d00]: 2
D/Mono    ( 9737): Prepared to set up assembly 'System.Globalization' (System.Globalization.dll)
D/Mono    ( 9737): Assembly System.Globalization[0xceece360] added to domain RootDomain, ref_count=1
D/Mono    ( 9737): AOT module 'System.Globalization.dll.so' not found: dlopen failed: library "/data/app/com.careerbuilder.SugarDrone-1/lib/arm/libaot-System.Globalization.dll.so" not found
D/Mono    ( 9737): AOT module '/Users/builder/data/lanes/4009/f3074d2c/source/monodroid/builds/install/mono-armv6/lib/mono/aot-cache/arm/System.Globalization.dll.so' not found: dlopen failed: library "/data/app/com.careerbuilder.SugarDrone-1/lib/arm/libaot-System.Globalization.dll.so" not found
D/Mono    ( 9737): Config attempting to parse: 'System.Globalization.dll.config'.
D/Mono    ( 9737): Config attempting to parse: '/Users/builder/data/lanes/4009/f3074d2c/source/monodroid/builds/install/mono-armv6/etc/mono/assemblies/System.Globalization/System.Globalization.config'.
D/Mono    ( 9737): Assembly Ref addref Microsoft.Practices.Unity[0xeefcce40] -> System.Globalization[0xceece360]: 2
D/Mono    ( 9737): Assembly Ref addref System.Globalization[0xceece360] -> mscorlib[0xeefcc5a0]: 35
D/Mono    ( 9737): Image addref System.Runtime.Extensions[0xceecf3e0] -> System.Runtime.Extensions.dll[0xcdfb9700]: 2
D/Mono    ( 9737): Prepared to set up assembly 'System.Runtime.Extensions' (System.Runtime.Extensions.dll)
D/Mono    ( 9737): Assembly System.Runtime.Extensions[0xceecf3e0] added to domain RootDomain, ref_count=1
D/Mono    ( 9737): AOT module 'System.Runtime.Extensions.dll.so' not found: dlopen failed: library "/data/app/com.careerbuilder.SugarDrone-1/lib/arm/libaot-System.Runtime.Extensions.dll.so" not found
D/Mono    ( 9737): AOT module '/Users/builder/data/lanes/4009/f3074d2c/source/monodroid/builds/install/mono-armv6/lib/mono/aot-cache/arm/System.Runtime.Extensions.dll.so' not found: dlopen failed: library "/data/app/com.careerbuilder.SugarDrone-1/lib/arm/libaot-System.Runtime.Extensions.dll.so" not found
D/Mono    ( 9737): Config attempting to parse: 'System.Runtime.Extensions.dll.config'.
D/Mono    ( 9737): Config attempting to parse: '/Users/builder/data/lanes/4009/f3074d2c/source/monodroid/builds/install/mono-armv6/etc/mono/assemblies/System.Runtime.Extensions/System.Runtime.Extensions.config'.
D/Mono    ( 9737): Assembly Ref addref Microsoft.Practices.Unity[0xeefcce40] -> System.Runtime.Extensions[0xceecf3e0]: 2
D/Mono    ( 9737): Assembly Ref addref System.Runtime.Extensions[0xceecf3e0] -> mscorlib[0xeefcc5a0]: 36
I/art     ( 9737): Explicit concurrent mark sweep GC freed 16056(1095KB) AllocSpace objects, 16(320KB) LOS objects, 39% free, 5MB/9MB, paused 1.140ms total 93.539ms
D/Mono    ( 9737): Image addref System.Linq.Expressions[0xce83e180] -> System.Linq.Expressions.dll[0xce9b4b00]: 2
D/Mono    ( 9737): Prepared to set up assembly 'System.Linq.Expressions' (System.Linq.Expressions.dll)
D/Mono    ( 9737): Assembly System.Linq.Expressions[0xce83e180] added to domain RootDomain, ref_count=1
D/Mono    ( 9737): AOT module 'System.Linq.Expressions.dll.so' not found: dlopen failed: library "/data/app/com.careerbuilder.SugarDrone-1/lib/arm/libaot-System.Linq.Expressions.dll.so" not found
D/Mono    ( 9737): AOT module '/Users/builder/data/lanes/4009/f3074d2c/source/monodroid/builds/install/mono-armv6/lib/mono/aot-cache/arm/System.Linq.Expressions.dll.so' not found: dlopen failed: library "/data/app/com.careerbuilder.SugarDrone-1/lib/arm/libaot-System.Linq.Expressions.dll.so" not found
D/Mono    ( 9737): Config attempting to parse: 'System.Linq.Expressions.dll.config'.
D/Mono    ( 9737): Config attempting to parse: '/Users/builder/data/lanes/4009/f3074d2c/source/monodroid/builds/install/mono-armv6/etc/mono/assemblies/System.Linq.Expressions/System.Linq.Expressions.config'.
D/Mono    ( 9737): Assembly Ref addref Microsoft.Practices.Unity[0xeefcce40] -> System.Linq.Expressions[0xce83e180]: 2
D/Mono    ( 9737): Assembly Ref addref System.Linq.Expressions[0xce83e180] -> System.Core[0xeefce0a0]: 5
D/Mono    ( 9737): Assembly Ref addref System.Core[0xeefce0a0] -> System[0xeefcdd40]: 3
I/ActivityManager(  887): Killing 6721:com.google.android.apps.photos/u0a74 (adj 906): empty #17
I/ActivityManager(  887): Displayed com.careerbuilder.SugarDrone/md537fd6201b6818e2e180d2f7606e21a83.AppMainActivity: +764ms
I/WindowManager(  887): Destroying surface Surface(name=com.google.android.googlequicksearchbox/com.google.android.launcher.GEL) called by com.android.server.wm.WindowStateAnimator.destroySurface:2014 com.android.server.wm.WindowStateAnimator.destroySurfaceLocked:881 com.android.server.wm.WindowState.destroyOrSaveSurface:2073 com.android.server.wm.AppWindowToken.destroySurfaces:363 com.android.server.wm.AppWindowToken.notifyAppStopped:389 com.android.server.wm.WindowManagerService.notifyAppStopped:4456 com.android.server.am.ActivityStack.activityStoppedLocked:1252 com.android.server.am.ActivityManagerService.activityStopped:6873 
D/Mono    ( 9737): Assembly Ref addref CareerBuilder_Search.Droid[0xeefcc780] -> Xamarin.GooglePlayServices.Analytics[0xeefcd140]: 2
D/Mono    ( 9737): Assembly Ref addref CareerBuilder_Search.Droid[0xeefcc780] -> Plugin.Geolocator.Abstractions[0xeefcd020]: 2
D/Mono    ( 9737): Assembly Ref addref CareerBuilder_Search[0xeefcda40] -> System.Net.Http[0xeefce8e0]: 3
D/Mono    ( 9737): Assembly Ref addref CareerBuilder_Search[0xeefcda40] -> Plugin.DeviceInfo[0xeefcd080]: 2
D/Mono    ( 9737): Assembly Ref addref Plugin.DeviceInfo[0xeefcd080] -> mscorlib[0xeefcc5a0]: 37
D/Mono    ( 9737): Assembly Ref addref Plugin.DeviceInfo[0xeefcd080] -> Plugin.DeviceInfo.Abstractions[0xeefcd0e0]: 4
D/Mono    ( 9737): Image addref System.Threading.Tasks[0xce83e3c0] -> System.Threading.Tasks.dll[0xcdfb7400]: 2
D/Mono    ( 9737): Prepared to set up assembly 'System.Threading.Tasks' (System.Threading.Tasks.dll)
D/Mono    ( 9737): Assembly System.Threading.Tasks[0xce83e3c0] added to domain RootDomain, ref_count=1
D/Mono    ( 9737): AOT module 'System.Threading.Tasks.dll.so' not found: dlopen failed: library "/data/app/com.careerbuilder.SugarDrone-1/lib/arm/libaot-System.Threading.Tasks.dll.so" not found
D/Mono    ( 9737): AOT module '/Users/builder/data/lanes/4009/f3074d2c/source/monodroid/builds/install/mono-armv6/lib/mono/aot-cache/arm/System.Threading.Tasks.dll.so' not found: dlopen failed: library "/data/app/com.careerbuilder.SugarDrone-1/lib/arm/libaot-System.Threading.Tasks.dll.so" not found
D/Mono    ( 9737): Config attempting to parse: 'System.Threading.Tasks.dll.config'.
D/Mono    ( 9737): Config attempting to parse: '/Users/builder/data/lanes/4009/f3074d2c/source/monodroid/builds/install/mono-armv6/etc/mono/assemblies/System.Threading.Tasks/System.Threading.Tasks.config'.
D/Mono    ( 9737): Assembly Ref addref CareerBuilder_Search[0xeefcda40] -> System.Threading.Tasks[0xce83e3c0]: 2
D/Mono    ( 9737): Assembly Ref addref System.Threading.Tasks[0xce83e3c0] -> mscorlib[0xeefcc5a0]: 38
D/Mono    ( 9737): Unloading image System.Collections.dll [0xcdfb7e00].
D/Mono    ( 9737): Image addref System.Collections[0xceecf380] -> System.Collections.dll[0xe2ce9200]: 6
D/Mono    ( 9737): Config attempting to parse: 'System.Collections.dll.config'.
D/Mono    ( 9737): Config attempting to parse: '/Users/builder/data/lanes/4009/f3074d2c/source/monodroid/builds/install/mono-armv6/etc/mono/assemblies/System.Collections/System.Collections.config'.
D/Mono    ( 9737): Assembly Ref addref CareerBuilder_Search[0xeefcda40] -> System.Collections[0xeefcde00]: 4
D/Mono    ( 9737): Assembly Ref addref System.Collections[0xeefcde00] -> System[0xeefcdd40]: 4
D/Mono    ( 9737): Assembly Ref addref System.Net.Http[0xeefce8e0] -> System[0xeefcdd40]: 5
I/WindowManager(  887): Destroying surface Surface(name=Starting com.careerbuilder.SugarDrone) called by com.android.server.wm.WindowStateAnimator.destroySurface:2014 com.android.server.wm.WindowStateAnimator.destroySurfaceLocked:881 com.android.server.wm.WindowState.destroyOrSaveSurface:2073 com.android.server.wm.AppWindowToken.destroySurfaces:363 com.android.server.wm.WindowStateAnimator.finishExit:565 com.android.server.wm.WindowStateAnimator.stepAnimationLocked:491 com.android.server.wm.WindowAnimator.updateWindowsLocked:303 com.android.server.wm.WindowAnimator.animateLocked:704 
I/System.out( 9737): URI: /map
I/System.out( 9737): params: {json={"query":"*","operation":{"method_name":"query","arguments":[]}}
I/System.out( 9737): }
D/Mono    ( 9737): Assembly Ref addref Microsoft.Practices.Unity[0xeefcce40] -> System.Reflection.Extensions[0xeefce1c0]: 3
W/ResourceType( 9737): No known package when getting name for resource number 0xffffffff
W/ResourceType( 9737): No known package when getting name for resource number 0xffffffff
W/ResourceType( 9737): No known package when getting name for resource number 0xffffffff
D/Mono    ( 9737): Unloading image System.Threading.dll [0xcdddf700].
D/Mono    ( 9737): Image addref System.Threading[0xce83e240] -> System.Threading.dll[0xe2ce7e00]: 6
D/Mono    ( 9737): Config attempting to parse: 'System.Threading.dll.config'.
D/Mono    ( 9737): Config attempting to parse: '/Users/builder/data/lanes/4009/f3074d2c/source/monodroid/builds/install/mono-armv6/etc/mono/assemblies/System.Threading/System.Threading.config'.
D/Mono    ( 9737): Assembly Ref addref CareerBuilder_Search[0xeefcda40] -> System.Threading[0xeefcdc80]: 4
D/Mono    ( 9737): Assembly Ref addref System.Threading[0xeefcdc80] -> System.Core[0xeefce0a0]: 6
D/Mono    ( 9737): Assembly Ref addref System.Runtime[0xeefcdb60] -> System[0xeefcdd40]: 6
D/Mono    ( 9737): Assembly Ref addref CareerBuilder_Search[0xeefcda40] -> Newtonsoft.Json[0xeefcd680]: 2
D/Mono    ( 9737): Unloading image System.Runtime.dll [0xcdddfc00].
D/Mono    ( 9737): Image addref System.Runtime[0xce840040] -> System.Runtime.dll[0xe2ce6500]: 9
D/Mono    ( 9737): Config attempting to parse: 'System.Runtime.dll.config'.
D/Mono    ( 9737): Config attempting to parse: '/Users/builder/data/lanes/4009/f3074d2c/source/monodroid/builds/install/mono-armv6/etc/mono/assemblies/System.Runtime/System.Runtime.config'.
D/Mono    ( 9737): Assembly Ref addref Newtonsoft.Json[0xeefcd680] -> System.Runtime[0xeefcdb60]: 7
D/Mono    ( 9737): Image addref System.Dynamic.Runtime[0xce840040] -> System.Dynamic.Runtime.dll[0xcdddfc00]: 2
D/Mono    ( 9737): Prepared to set up assembly 'System.Dynamic.Runtime' (System.Dynamic.Runtime.dll)
D/Mono    ( 9737): Assembly System.Dynamic.Runtime[0xce840040] added to domain RootDomain, ref_count=1
D/Mono    ( 9737): AOT module 'System.Dynamic.Runtime.dll.so' not found: dlopen failed: library "/data/app/com.careerbuilder.SugarDrone-1/lib/arm/libaot-System.Dynamic.Runtime.dll.so" not found
D/Mono    ( 9737): AOT module '/Users/builder/data/lanes/4009/f3074d2c/source/monodroid/builds/install/mono-armv6/lib/mono/aot-cache/arm/System.Dynamic.Runtime.dll.so' not found: dlopen failed: library "/data/app/com.careerbuilder.SugarDrone-1/lib/arm/libaot-System.Dynamic.Runtime.dll.so" not found
D/Mono    ( 9737): Config attempting to parse: 'System.Dynamic.Runtime.dll.config'.
D/Mono    ( 9737): Config attempting to parse: '/Users/builder/data/lanes/4009/f3074d2c/source/monodroid/builds/install/mono-armv6/etc/mono/assemblies/System.Dynamic.Runtime/System.Dynamic.Runtime.config'.
D/Mono    ( 9737): Assembly Ref addref Newtonsoft.Json[0xeefcd680] -> System.Dynamic.Runtime[0xce840040]: 2
D/Mono    ( 9737): Assembly Ref addref System.Dynamic.Runtime[0xce840040] -> System.Core[0xeefce0a0]: 7
D/Mono    ( 9737): Image addref System.ObjectModel[0xce8400a0] -> System.ObjectModel.dll[0xcdddf200]: 2
D/Mono    ( 9737): Prepared to set up assembly 'System.ObjectModel' (System.ObjectModel.dll)
D/Mono    ( 9737): Assembly System.ObjectModel[0xce8400a0] added to domain RootDomain, ref_count=1
D/Mono    ( 9737): AOT module 'System.ObjectModel.dll.so' not found: dlopen failed: library "/data/app/com.careerbuilder.SugarDrone-1/lib/arm/libaot-System.ObjectModel.dll.so" not found
D/Mono    ( 9737): AOT module '/Users/builder/data/lanes/4009/f3074d2c/source/monodroid/builds/install/mono-armv6/lib/mono/aot-cache/arm/System.ObjectModel.dll.so' not found: dlopen failed: library "/data/app/com.careerbuilder.SugarDrone-1/lib/arm/libaot-System.ObjectModel.dll.so" not found
D/Mono    ( 9737): Config attempting to parse: 'System.ObjectModel.dll.config'.
D/Mono    ( 9737): Config attempting to parse: '/Users/builder/data/lanes/4009/f3074d2c/source/monodroid/builds/install/mono-armv6/etc/mono/assemblies/System.ObjectModel/System.ObjectModel.config'.
D/Mono    ( 9737): Assembly Ref addref Newtonsoft.Json[0xeefcd680] -> System.ObjectModel[0xce8400a0]: 2
D/Mono    ( 9737): Assembly Ref addref System.ObjectModel[0xce8400a0] -> System[0xeefcdd40]: 7
D/Mono    ( 9737): Assembly Ref addref CareerBuilder_Search[0xeefcda40] -> System.Reactive.Core[0xeefcd740]: 3
D/Mono    ( 9737): DllImport attempting to load: '__Internal'.
D/Mono    ( 9737): DllImport loaded library '(null)'.
D/Mono    ( 9737): DllImport searching in: '__Internal' ('(null)').
D/Mono    ( 9737): Searching for 'monodroid_get_system_property'.
D/Mono    ( 9737): Probing 'monodroid_get_system_property'.
D/Mono    ( 9737): Found as 'monodroid_get_system_property'.
D/Mono    ( 9737): DllImport searching in: '__Internal' ('(null)').
D/Mono    ( 9737): Searching for 'monodroid_free'.
D/Mono    ( 9737): Probing 'monodroid_free'.
D/Mono    ( 9737): Found as 'monodroid_free'.
D/Mono    ( 9737): Assembly Ref addref CareerBuilder_Search.Droid[0xeefcc780] -> Xamarin.Insights[0xeefcd260]: 2
D/Mono    ( 9737): Assembly Ref addref Xamarin.Insights[0xeefcd260] -> mscorlib[0xeefcc5a0]: 39
D/Mono    ( 9737): Assembly Ref addref Xamarin.Insights[0xeefcd260] -> Mono.Android[0xeefcdaa0]: 19
D/Mono    ( 9737): Assembly Ref addref CareerBuilder_Search.Droid[0xeefcc780] -> HockeySDK[0xeefccae0]: 2
D/Mono    ( 9737): Assembly Ref addref CareerBuilder_Search.Droid[0xeefcc780] -> AppsFlyerXamarinBindingAndroid[0xeefcc840]: 2
D/Mono    ( 9737): DllImport searching in: '__Internal' ('(null)').
D/Mono    ( 9737): Searching for 'java_interop_jnienv_get_static_field_id'.
D/Mono    ( 9737): Probing 'java_interop_jnienv_get_static_field_id'.
D/Mono    ( 9737): Found as 'java_interop_jnienv_get_static_field_id'.
D/Mono    ( 9737): DllImport searching in: '__Internal' ('(null)').
D/Mono    ( 9737): Searching for 'java_interop_jnienv_get_static_int_field'.
D/Mono    ( 9737): Probing 'java_interop_jnienv_get_static_int_field'.
D/Mono    ( 9737): Found as 'java_interop_jnienv_get_static_int_field'.
D/Mono    ( 9737): Assembly Ref addref Xamarin.Insights[0xeefcd260] -> System.Core[0xeefce0a0]: 8
D/Mono    ( 9737): DllImport searching in: '__Internal' ('(null)').
D/Mono    ( 9737): Searching for 'java_interop_jnienv_call_static_long_method_a'.
D/Mono    ( 9737): Probing 'java_interop_jnienv_call_static_long_method_a'.
D/Mono    ( 9737): Found as 'java_interop_jnienv_call_static_long_method_a'.
D/Mono    ( 9737): Assembly Ref addref Xamarin.Insights[0xeefcd260] -> System[0xeefcdd40]: 8
D/Mono    ( 9737): Assembly Ref addref Xamarin.Insights[0xeefcd260] -> System.Net.Http[0xeefce8e0]: 4
I/System.out( 9737): URI: /map
I/System.out( 9737): params: {json={"query":"* id:'agreeAndContinueButton'","operation":{"method_name":"query","arguments":[]}}
I/System.out( 9737): }
W/ResourceType( 9737): No known package when getting name for resource number 0xffffffff
W/ResourceType( 9737): No known package when getting name for resource number 0xffffffff
W/ResourceType( 9737): No known package when getting name for resource number 0xffffffff
W/NetworkIdentity(  887): Active mobile network without subscriber!
W/NetworkIdentity(  887): Active mobile network without subscriber!
W/NetworkIdentity(  887): Active mobile network without subscriber!
W/NetworkIdentity(  887): Active mobile network without subscriber!
W/NetworkIdentity(  887): Active mobile network without subscriber!
W/NetworkIdentity(  887): Active mobile network without subscriber!
W/NetworkIdentity(  887): Active mobile network without subscriber!
W/NetworkIdentity(  887): Active mobile network without subscriber!
W/NetworkIdentity(  887): Active mobile network without subscriber!
W/NetworkIdentity(  887): Active mobile network without subscriber!
D/Mono    ( 9737): DllImport searching in: '__Internal' ('(null)').
D/Mono    ( 9737): Searching for 'java_interop_jnienv_get_object_array_element'.
D/Mono    ( 9737): Probing 'java_interop_jnienv_get_object_array_element'.
D/Mono    ( 9737): Found as 'java_interop_jnienv_get_object_array_element'.
D/Mono    ( 9737): DllImport searching in: '__Internal' ('(null)').
D/Mono    ( 9737): Searching for 'java_interop_jnienv_call_boolean_method_a'.
D/Mono    ( 9737): Probing 'java_interop_jnienv_call_boolean_method_a'.
D/Mono    ( 9737): Found as 'java_interop_jnienv_call_boolean_method_a'.
D/Mono    ( 9737): DllImport searching in: '__Internal' ('(null)').
D/Mono    ( 9737): Searching for 'java_interop_jnienv_call_int_method_a'.
D/Mono    ( 9737): Probing 'java_interop_jnienv_call_int_method_a'.
D/Mono    ( 9737): Found as 'java_interop_jnienv_call_int_method_a'.
W/NetworkIdentity(  887): Active mobile network without subscriber!
W/NetworkIdentity(  887): Active mobile network without subscriber!
W/NetworkIdentity(  887): Active mobile network without subscriber!
W/NetworkIdentity(  887): Active mobile network without subscriber!
W/NetworkIdentity(  887): Active mobile network without subscriber!
W/NetworkIdentity(  887): Active mobile network without subscriber!
W/NetworkIdentity(  887): Active mobile network without subscriber!
W/NetworkIdentity(  887): Active mobile network without subscriber!
W/NetworkIdentity(  887): Active mobile network without subscriber!
W/NetworkIdentity(  887): Active mobile network without subscriber!
D/Mono    ( 9737): DllImport searching in: '__Internal' ('(null)').
D/Mono    ( 9737): Searching for 'java_interop_jnienv_get_field_id'.
D/Mono    ( 9737): Probing 'java_interop_jnienv_get_field_id'.
D/Mono    ( 9737): Found as 'java_interop_jnienv_get_field_id'.
D/Mono    ( 9737): DllImport searching in: '__Internal' ('(null)').
D/Mono    ( 9737): Searching for 'java_interop_jnienv_get_object_field'.
D/Mono    ( 9737): Probing 'java_interop_jnienv_get_object_field'.
D/Mono    ( 9737): Found as 'java_interop_jnienv_get_object_field'.
D/Mono    ( 9737): DllImport searching in: '__Internal' ('(null)').
D/Mono    ( 9737): Searching for 'java_interop_jnienv_call_static_int_method_a'.
D/Mono    ( 9737): Probing 'java_interop_jnienv_call_static_int_method_a'.
D/Mono    ( 9737): Found as 'java_interop_jnienv_call_static_int_method_a'.
W/Xamarin.Insights( 9737): Warning: Insights data communication has been manually enabled
D/Mono    ( 9737): DllImport searching in: '__Internal' ('(null)').
D/Mono    ( 9737): Searching for 'java_interop_jnienv_get_static_object_field'.
D/Mono    ( 9737): Probing 'java_interop_jnienv_get_static_object_field'.
D/Mono    ( 9737): Found as 'java_interop_jnienv_get_static_object_field'.
D/Mono    ( 9737): DllImport searching in: '__Internal' ('(null)').
D/Mono    ( 9737): Searching for 'java_interop_jnienv_call_static_void_method'.
D/Mono    ( 9737): Probing 'java_interop_jnienv_call_static_void_method'.
D/Mono    ( 9737): Found as 'java_interop_jnienv_call_static_void_method'.
I/AppsFlyer_3.01( 9737): Start tracking package: com.careerbuilder.SugarDrone
I/AppsFlyer_3.01( 9737): AsendTrackingWithEvent from activity: md537fd6201b6818e2e180d2f7606e21a83.MainApplication
I/AppsFlyer_3.01-627923206( 9737): ******* sendTrackingWithEvent: Launch
I/GAv4    ( 9737): Google Analytics 8.4.87 is starting up. To enable debug logging on a device run:
I/GAv4    ( 9737):   adb shell setprop log.tag.GAv4 DEBUG
I/GAv4    ( 9737):   adb logcat -s GAv4
E/ActivityThread( 9737): Failed to find provider info for com.facebook.katana.provider.AttributionIdProvider
W/GAv4    ( 9737): AnalyticsReceiver is not registered or is disabled. Register the receiver for reliable dispatching on non-Google Play devices. See http://goo.gl/8Rd3yj for instructions.
I/AppsFlyer_3.01( 9737): WARNING:READ_PHONE_STATE is missing
W/GAv4    ( 9737): CampaignTrackingReceiver is not registered, not exported or is disabled. Installation campaign tracking is not possible. See http://goo.gl/8Rd3yj for instructions.
D/Mono    ( 9737): DllImport searching in: '__Internal' ('(null)').
D/Mono    ( 9737): Searching for 'java_interop_jnienv_call_void_method_a'.
D/Mono    ( 9737): Probing 'java_interop_jnienv_call_void_method_a'.
D/Mono    ( 9737): Found as 'java_interop_jnienv_call_void_method_a'.
W/GAv4    ( 9737): AnalyticsService not registered in the app manifest. Hits might not be delivered reliably. See http://goo.gl/8Rd3yj for instructions.
I/GAv4    ( 9737): Logger is deprecated. To enable debug logging, please run:
I/GAv4    ( 9737): adb shell setprop log.tag.GAv4 DEBUG
D/AppsFlyer_3.01( 9737): AppsFlyer: first launch detected
I/AppsFlyer_3.01( 9737): AppsFlyer: first launch date: 2017-03-16_0232+0100
