<![CDATA[
]]><xtc-scenario name="[0-1060]CareerBuilder_Search.DroidFeatureTests.MyCBNavigationTests.TitleShowsNumberOfSavedJobsOnSavedJobsTab" id="[0-1060]CareerBuilder_Search.DroidFeatureTests.MyCBNavigationTests.TitleShowsNumberOfSavedJobsOnSavedJobsTab"><![CDATA[

]]><xtc-step name="[0-1060]CareerBuilder_Search.DroidFeatureTests.MyCBNavigationTests.TitleShowsNumberOfSavedJobsOnSavedJobsTab-TitleShowsNumberOfSavedJobsOnSavedJobsTab" id="[0-1060]CareerBuilder_Search.DroidFeatureTests.MyCBNavigationTests.TitleShowsNumberOfSavedJobsOnSavedJobsTab-TitleShowsNumberOfSavedJobsOnSavedJobsTab"><![CDATA[
D/AndroidRuntime( 8135): >>>>>> START com.android.internal.os.RuntimeInit uid 2000 <<<<<<
D/AndroidRuntime( 8135): CheckJNI is OFF
D/ICU     ( 8135): No timezone override file found: /data/misc/zoneinfo/current/icu/icu_tzdata.dat
I/Radio-JNI( 8135): register_android_hardware_Radio DONE
D/AndroidRuntime( 8135): Calling main entry com.android.commands.pm.Pm
I/art     ( 8135): System.exit called, status: 0
I/AndroidRuntime( 8135): VM exiting with result code 0.
W/MessageQueue( 8135): Handler (android.os.Handler) {63af1ec} sending message to a Handler on a dead thread
W/MessageQueue( 8135): java.lang.IllegalStateException: Handler (android.os.Handler) {63af1ec} sending message to a Handler on a dead thread
W/MessageQueue( 8135): 	at android.os.MessageQueue.enqueueMessage(MessageQueue.java:543)
W/MessageQueue( 8135): 	at android.os.Handler.enqueueMessage(Handler.java:643)
W/MessageQueue( 8135): 	at android.os.Handler.sendMessageAtTime(Handler.java:612)
W/MessageQueue( 8135): 	at android.os.Handler.sendMessageDelayed(Handler.java:582)
W/MessageQueue( 8135): 	at android.os.Handler.post(Handler.java:338)
W/MessageQueue( 8135): 	at android.os.ResultReceiver$MyResultReceiver.send(ResultReceiver.java:57)
W/MessageQueue( 8135): 	at com.android.internal.os.IResultReceiver$Stub.onTransact(IResultReceiver.java:58)
W/MessageQueue( 8135): 	at android.os.Binder.execTransact(Binder.java:565)
D/AndroidRuntime( 8249): >>>>>> START com.android.internal.os.RuntimeInit uid 2000 <<<<<<
D/AndroidRuntime( 8249): CheckJNI is OFF
D/ICU     ( 8249): No timezone override file found: /data/misc/zoneinfo/current/icu/icu_tzdata.dat
I/Radio-JNI( 8249): register_android_hardware_Radio DONE
D/AndroidRuntime( 8249): Calling main entry com.android.commands.am.Am
W/ActivityManager(  874): Invalid packageName: com.careerbuilder.SugarDrone
D/AndroidRuntime( 8249): Shutting down VM
I/ActivityManager(  874): Killing 5840:com.android.musicfx/u0a29 (adj 906): empty #17
I/ActivityManager(  874): Killing 6952:com.google.process.gapps/u0a56 (adj 906): empty #18
I/ActivityManager(  874): Killing 5860:com.google.android.apps.docs/u0a52 (adj 906): empty #17
D/AndroidRuntime( 8716): >>>>>> START com.android.internal.os.RuntimeInit uid 2000 <<<<<<
D/AndroidRuntime( 8716): CheckJNI is OFF
D/ICU     ( 8716): No timezone override file found: /data/misc/zoneinfo/current/icu/icu_tzdata.dat
I/Radio-JNI( 8716): register_android_hardware_Radio DONE
D/AndroidRuntime( 8716): Calling main entry com.android.commands.pm.Pm
I/        (  513): free_cache(71723834) avail 11018571776
I/PackageManager.DexOptimizer(  874): Running dexopt (dex2oat) on: /data/app/vmdl465270419.tmp/base.apk pkg=com.careerbuilder.SugarDrone isa=arm vmSafeMode=false debuggable=true target-filter=interpret-only oatDir = /data/app/vmdl465270419.tmp/oat sharedLibraries=null
I/dex2oat ( 8767): /system/bin/dex2oat --compiler-filter=interpret-only -j4 --debuggable
W/dex2oat ( 8767): Before Android 4.1, method android.graphics.PorterDuffColorFilter android.support.graphics.drawable.VectorDrawableCompat.updateTintFilter(android.graphics.PorterDuffColorFilter, android.content.res.ColorStateList, android.graphics.PorterDuff$Mode) would have incorrectly overridden the package-private method in android.graphics.drawable.Drawable
W/dex2oat ( 8767): Before Android 4.1, method int android.support.v7.widget.ListViewCompat.lookForSelectablePosition(int, boolean) would have incorrectly overridden the package-private method in android.widget.ListView
I/dex2oat ( 8767): dex2oat took 1.985s (threads: 4) arena alloc=3KB (3712B) java alloc=4MB (5053920B) native alloc=6MB (7313128B) free=2MB (2648344B)
W/PackageManager(  874): Not granting permission android.permission.MANAGE_DOCUMENTS to package com.careerbuilder.SugarDrone (protectionLevel=2 flags=0x3808be46)
W/PackageManager(  874): Not granting permission android.permission.MOUNT_UNMOUNT_FILESYSTEMS to package com.careerbuilder.SugarDrone (protectionLevel=18 flags=0x3808be46)
V/BackupManagerService(  874): restoreAtInstall pkg=com.careerbuilder.SugarDrone token=5 restoreSet=0
V/BackupManagerService(  874): Finishing install immediately
I/art     (  874): Starting a blocking GC Explicit
I/art     (  874): Explicit concurrent mark sweep GC freed 116741(6MB) AllocSpace objects, 20(1152KB) LOS objects, 33% free, 16MB/24MB, paused 1.555ms total 110.633ms
E/        (  513): Couldn't opendir /data/app/vmdl465270419.tmp: No such file or directory
I/InputReader(  874): Reconfiguring input devices.  changes=0x00000010
I/ActivityManager(  874): Start proc 8815:com.android.musicfx/u0a29 for broadcast com.android.musicfx/.Compatibility$Receiver
W/ActivityManager(  874): Permission Denial: Accessing service ComponentInfo{com.google.android.music/com.google.android.music.dial.DialMediaRouteProviderService} from pid=5392, uid=10085 that is not exported from uid 10071
I/art     ( 8716): System.exit called, status: 0
I/AndroidRuntime( 8716): VM exiting with result code 0.
D/CarrierSvcBindHelper( 3304): No carrier app for: 0
D/CarrierConfigLoader( 3304): mHandler: 9 phoneId: 0
D/RegisteredNfcFServicesCache( 4206): Service unchanged, not updating
W/System  ( 8815): ClassLoader referenced unknown path: /system/priv-app/MusicFX/lib/arm64
I/ActivityManager(  874): Start proc 8836:com.android.vending/u0a30 for broadcast com.android.vending/com.google.android.finsky.receivers.PackageMonitorReceiver$RegisteredReceiver
W/System  ( 8836): ClassLoader referenced unknown path: /system/priv-app/Phonesky/lib/arm64
W/Finsky  ( 8836): [1] com.google.android.finsky.FinskyApp.i(1468): No account configured on this device.
W/Finsky  ( 8836): [1] com.google.android.finsky.FinskyApp.i(1468): No account configured on this device.
W/Finsky  ( 8836): [1] com.google.android.finsky.FinskyApp.i(1468): No account configured on this device.
W/Finsky  ( 8836): [1] com.google.android.finsky.FinskyApp.i(1468): No account configured on this device.
I/Finsky  ( 8836): [1] com.google.android.finsky.FinskyApp.onCreate(430): Initializing network with DFE https://android.clients.google.com/fdfe/
W/Finsky  ( 8836): [1] com.google.android.finsky.FinskyApp.i(1468): No account configured on this device.
W/Finsky  ( 8836): [1] com.google.android.finsky.FinskyApp.i(1468): No account configured on this device.
W/Finsky  ( 8836): [1] com.google.android.finsky.FinskyApp.i(1468): No account configured on this device.
W/Finsky  ( 8836): [1] com.google.android.finsky.FinskyApp.i(1468): No account configured on this device.
W/Finsky  ( 8836): [1] com.google.android.finsky.FinskyApp.i(1468): No account configured on this device.
W/Finsky  ( 8836): [1] com.google.android.finsky.FinskyApp.i(1468): No account configured on this device.
W/Finsky  ( 8836): [1] com.google.android.finsky.FinskyApp.i(1468): No account configured on this device.
W/Finsky  ( 8836): [1] com.google.android.finsky.FinskyApp.i(1468): No account configured on this device.
W/Finsky  ( 8836): [1] com.google.android.finsky.FinskyApp.i(1468): No account configured on this device.
I/Finsky  ( 8836): [1] com.google.android.finsky.services.DailyHygiene.a(171): No need to run daily hygiene.
W/Finsky  ( 8836): [1] com.google.android.finsky.FinskyApp.i(1468): No account configured on this device.
W/Settings( 8836): Setting download_manager_max_bytes_over_mobile has moved from android.provider.Settings.Secure to android.provider.Settings.Global.
W/Settings( 8836): Setting download_manager_recommended_max_bytes_over_mobile has moved from android.provider.Settings.Secure to android.provider.Settings.Global.
W/Finsky  ( 8836): [1] com.google.android.finsky.FinskyApp.i(1468): No account configured on this device.
W/Finsky  ( 8836): [1] com.google.android.finsky.FinskyApp.i(1468): No account configured on this device.
W/Finsky  ( 8836): [1] com.google.android.finsky.FinskyApp.i(1468): No account configured on this device.
W/Finsky  ( 8836): [1] com.google.android.finsky.FinskyApp.i(1468): No account configured on this device.
W/Finsky  ( 8836): [1] com.google.android.finsky.FinskyApp.i(1468): No account configured on this device.
W/Finsky  ( 8836): [1] com.google.android.finsky.FinskyApp.b(1150): No account configured on this device.
W/Finsky  ( 8836): [1] com.google.android.finsky.FinskyApp.i(1468): No account configured on this device.
I/ActivityManager(  874): Start proc 8889:com.google.android.apps.docs/u0a52 for broadcast com.google.android.apps.docs/.receivers.AppPackageAddRemoveReceiver
W/Finsky  ( 8836): [376] com.google.android.finsky.FinskyApp.i(1468): No account configured on this device.
W/System  ( 8889): ClassLoader referenced unknown path: /system/app/Drive/lib/arm64
I/Finsky  ( 8836): [1] com.google.android.finsky.receivers.j.a(1226): Installer kick - no action, not running yet
I/Finsky  ( 8836): [1] com.google.android.finsky.utils.PermissionPolicies$PermissionPolicyService.onStartCommand(117): post-install permissions check for com.careerbuilder.SugarDrone
W/Finsky  ( 8836): [1] com.google.android.finsky.FinskyApp.i(1468): No account configured on this device.
I/Finsky  ( 8836): [1] com.google.android.finsky.utils.bh.run(2302): Package state data is missing for com.careerbuilder.SugarDrone
W/Finsky  ( 8836): [1] com.google.android.finsky.FinskyApp.i(1468): No account configured on this device.
I/Finsky  ( 8836): [1] com.google.android.finsky.c.l.a(270): result=false type=4
D/AndroidRuntime( 8853): >>>>>> START com.android.internal.os.RuntimeInit uid 2000 <<<<<<
I/Finsky  ( 8836): [1] com.google.android.finsky.services.bc.a(1050): Restore complete with 0 success and 0 failed.
D/AndroidRuntime( 8853): CheckJNI is OFF
D/ICU     ( 8853): No timezone override file found: /data/misc/zoneinfo/current/icu/icu_tzdata.dat
W/Finsky  ( 8836): [376] com.google.android.finsky.FinskyApp.i(1468): No account configured on this device.
I/Radio-JNI( 8853): register_android_hardware_Radio DONE
I/GAv4    ( 8889): Google Analytics 8.4.87 is starting up. To enable debug logging on a device run:
I/GAv4    ( 8889):   adb shell setprop log.tag.GAv4 DEBUG
I/GAv4    ( 8889):   adb logcat -s GAv4
D/AndroidRuntime( 8853): Calling main entry com.android.commands.settings.SettingsCmd
D/AndroidRuntime( 8853): Shutting down VM
W/GAv4    ( 8889): AnalyticsReceiver is not registered or is disabled. Register the receiver for reliable dispatching on non-Google Play devices. See http://goo.gl/8Rd3yj for instructions.
W/GAv4    ( 8889): CampaignTrackingReceiver is not registered, not exported or is disabled. Installation campaign tracking is not possible. See http://goo.gl/8Rd3yj for instructions.
W/GAv4    ( 8889): AnalyticsService not registered in the app manifest. Hits might not be delivered reliably. See http://goo.gl/8Rd3yj for instructions.
I/ActivityManager(  874): Killing 5907:com.google.android.partnersetup/u0a25 (adj 906): empty #17
I/ActivityManager(  874): Start proc 8947:com.google.android.partnersetup/u0a25 for broadcast com.google.android.partnersetup/.RlzPingBroadcastReceiver
I/UpdateIcingCorporaServi( 4318): Updating corpora: APPS=com.careerbuilder.SugarDrone, CONTACTS=MAYBE
W/System  ( 8947): ClassLoader referenced unknown path: /system/priv-app/GooglePartnerSetup/lib/arm64
D/Wear_Controller( 4494): Received broadcast action=android.intent.action.PACKAGE_ADDED and uri=com.careerbuilder.SugarDrone
I/PeopleContactsSync( 4494): triggerPendingContactsCleanup: no accounts
W/IcingInternalCorpora( 4494): getNumBytesRead when not calculated.
D/AndroidRuntime( 8930): >>>>>> START com.android.internal.os.RuntimeInit uid 2000 <<<<<<
D/AndroidRuntime( 8930): CheckJNI is OFF
D/ICU     ( 8930): No timezone override file found: /data/misc/zoneinfo/current/icu/icu_tzdata.dat
I/Icing   ( 4494): Usage reports 0 indexed 0 rejected 0 imm upload true
I/Radio-JNI( 8930): register_android_hardware_Radio DONE
I/UpdateIcingCorporaServi( 4318): UpdateCorporaTask done [took 464 ms] updated apps [took 464 ms] 
D/AndroidRuntime( 8930): Calling main entry com.android.commands.settings.SettingsCmd
D/AndroidRuntime( 8930): Shutting down VM
I/Icing   ( 4494): Usage reports 0 indexed 0 rejected 0 imm upload false
I/Icing   ( 4494): Usage reports 0 indexed 0 rejected 0 imm upload false
D/AndroidRuntime( 8989): >>>>>> START com.android.internal.os.RuntimeInit uid 2000 <<<<<<
D/AndroidRuntime( 8989): CheckJNI is OFF
D/ICU     ( 8989): No timezone override file found: /data/misc/zoneinfo/current/icu/icu_tzdata.dat
I/Radio-JNI( 8989): register_android_hardware_Radio DONE
D/AndroidRuntime( 8989): Calling main entry com.android.commands.settings.SettingsCmd
D/AndroidRuntime( 8989): Shutting down VM
I/Icing   ( 4494): Indexing A93BC204CED97BC56E369B60E2D6070ECCBD7CF0 from com.google.android.googlequicksearchbox
I/Icing   ( 4494): Indexing done A93BC204CED97BC56E369B60E2D6070ECCBD7CF0
I/Icing   ( 4494): Indexing 421037E7A4D9C32E439F55E76E0A1D6E234EA9D9 from com.google.android.gms
I/Icing   ( 4494): Indexing done 421037E7A4D9C32E439F55E76E0A1D6E234EA9D9
D/AndroidRuntime( 9015): >>>>>> START com.android.internal.os.RuntimeInit uid 2000 <<<<<<
D/AndroidRuntime( 9015): CheckJNI is OFF
D/ICU     ( 9015): No timezone override file found: /data/misc/zoneinfo/current/icu/icu_tzdata.dat
I/Radio-JNI( 9015): register_android_hardware_Radio DONE
D/AndroidRuntime( 9015): Calling main entry com.android.commands.settings.SettingsCmd
D/AndroidRuntime( 9015): Shutting down VM
D/AndroidRuntime( 9041): >>>>>> START com.android.internal.os.RuntimeInit uid 2000 <<<<<<
D/AndroidRuntime( 9041): CheckJNI is OFF
D/ICU     ( 9041): No timezone override file found: /data/misc/zoneinfo/current/icu/icu_tzdata.dat
I/Radio-JNI( 9041): register_android_hardware_Radio DONE
D/AndroidRuntime( 9041): Calling main entry com.android.commands.settings.SettingsCmd
D/AndroidRuntime( 9041): Shutting down VM
D/AndroidRuntime( 9072): >>>>>> START com.android.internal.os.RuntimeInit uid 2000 <<<<<<
D/AndroidRuntime( 9072): CheckJNI is OFF
D/ICU     ( 9072): No timezone override file found: /data/misc/zoneinfo/current/icu/icu_tzdata.dat
I/Radio-JNI( 9072): register_android_hardware_Radio DONE
D/AndroidRuntime( 9072): Calling main entry com.android.commands.pm.Pm
I/art     ( 9072): System.exit called, status: 0
W/MessageQueue( 9072): Handler (android.os.Handler) {5f35c68} sending message to a Handler on a dead thread
W/MessageQueue( 9072): java.lang.IllegalStateException: Handler (android.os.Handler) {5f35c68} sending message to a Handler on a dead thread
W/MessageQueue( 9072): 	at android.os.MessageQueue.enqueueMessage(MessageQueue.java:543)
W/MessageQueue( 9072): 	at android.os.Handler.enqueueMessage(Handler.java:643)
W/MessageQueue( 9072): 	at android.os.Handler.sendMessageAtTime(Handler.java:612)
W/MessageQueue( 9072): 	at android.os.Handler.sendMessageDelayed(Handler.java:582)
W/MessageQueue( 9072): 	at android.os.Handler.post(Handler.java:338)
W/MessageQueue( 9072): 	at android.os.ResultReceiver$MyResultReceiver.send(ResultReceiver.java:57)
W/MessageQueue( 9072): 	at com.android.internal.os.IResultReceiver$Stub.onTransact(IResultReceiver.java:58)
W/MessageQueue( 9072): 	at android.os.Binder.execTransact(Binder.java:565)
I/AndroidRuntime( 9072): VM exiting with result code 0.
I/rmt_storage(  393): rmt_storage_connect_cb: clnt_h=0xc conn_h=0x764282a000
I/rmt_storage(  393): rmt_storage_rw_iovec_cb: /boot/modem_fs1: clnt_h=0xc: req_h=0xc msg_id=3: R/W request received
I/rmt_storage(  393): wakelock acquired: 1, error no: 42
I/rmt_storage(  393): rmt_storage_client_thread: /boot/modem_fs1: clnt_h=0xc Unblock worker thread (th_id: 507920249936)
D/AndroidRuntime( 9132): >>>>>> START com.android.internal.os.RuntimeInit uid 2000 <<<<<<
D/AndroidRuntime( 9132): CheckJNI is OFF
I/rmt_storage(  393): rmt_storage_client_thread: /boot/modem_fs1: clnt_h=0xc: req_h=0xc msg_id=3: Bytes written = 1572864
I/rmt_storage(  393): rmt_storage_client_thread: /boot/modem_fs1: clnt_h=0xc: req_h=0xc msg_id=3: Send response: res=0 err=0
I/rmt_storage(  393): rmt_storage_client_thread: /boot/modem_fs1: clnt_h=0xc About to block rmt_storage client thread (th_id: 507920249936) wakelock released: 1, error no: 0
I/rmt_storage(  393): 
I/rmt_storage(  393): rmt_storage_disconnect_cb: clnt_h=0xc conn_h=0x764282a000
D/ICU     ( 9132): No timezone override file found: /data/misc/zoneinfo/current/icu/icu_tzdata.dat
I/Radio-JNI( 9132): register_android_hardware_Radio DONE
D/AndroidRuntime( 9132): Calling main entry com.android.commands.pm.Pm
I/art     ( 9132): System.exit called, status: 0
I/AndroidRuntime( 9132): VM exiting with result code 0.
W/MessageQueue( 9132): Handler (android.os.Handler) {8d7351f} sending message to a Handler on a dead thread
W/MessageQueue( 9132): java.lang.IllegalStateException: Handler (android.os.Handler) {8d7351f} sending message to a Handler on a dead thread
W/MessageQueue( 9132): 	at android.os.MessageQueue.enqueueMessage(MessageQueue.java:543)
W/MessageQueue( 9132): 	at android.os.Handler.enqueueMessage(Handler.java:643)
W/MessageQueue( 9132): 	at android.os.Handler.sendMessageAtTime(Handler.java:612)
W/MessageQueue( 9132): 	at android.os.Handler.sendMessageDelayed(Handler.java:582)
W/MessageQueue( 9132): 	at android.os.Handler.post(Handler.java:338)
W/MessageQueue( 9132): 	at android.os.ResultReceiver$MyResultReceiver.send(ResultReceiver.java:57)
W/MessageQueue( 9132): 	at com.android.internal.os.IResultReceiver$Stub.onTransact(IResultReceiver.java:58)
W/MessageQueue( 9132): 	at android.os.Binder.execTransact(Binder.java:565)
D/AndroidRuntime( 9215): >>>>>> START com.android.internal.os.RuntimeInit uid 2000 <<<<<<
D/AndroidRuntime( 9215): CheckJNI is OFF
D/ICU     ( 9215): No timezone override file found: /data/misc/zoneinfo/current/icu/icu_tzdata.dat
I/Radio-JNI( 9215): register_android_hardware_Radio DONE
D/AndroidRuntime( 9215): Calling main entry com.android.commands.am.Am
W/ActivityManager(  874): Invalid packageName: com.careerbuilder.SugarDrone.test
D/AndroidRuntime( 9215): Shutting down VM
D/AndroidRuntime( 9247): >>>>>> START com.android.internal.os.RuntimeInit uid 2000 <<<<<<
D/AndroidRuntime( 9247): CheckJNI is OFF
D/ICU     ( 9247): No timezone override file found: /data/misc/zoneinfo/current/icu/icu_tzdata.dat
I/Radio-JNI( 9247): register_android_hardware_Radio DONE
D/AndroidRuntime( 9247): Calling main entry com.android.commands.pm.Pm
I/        (  513): free_cache(609973) avail 11006668800
I/PackageManager.DexOptimizer(  874): Running dexopt (dex2oat) on: /data/app/vmdl856528613.tmp/base.apk pkg=com.careerbuilder.SugarDrone.test isa=arm64 vmSafeMode=false debuggable=false target-filter=interpret-only oatDir = /data/app/vmdl856528613.tmp/oat sharedLibraries=/system/framework/android.test.runner.jar:/system/framework/com.google.android.maps.jar
I/dex2oat ( 9277): /system/bin/dex2oat --compiler-filter=interpret-only -j4
I/dex2oat ( 9277): dex2oat took 618.784ms (threads: 4) arena alloc=63KB (64808B) java alloc=2MB (2274944B) native alloc=2MB (2693168B) free=2MB (2549712B)
W/PackageManager(  874): Not granting permission android.permission.ACCESS_MOCK_LOCATION to package com.careerbuilder.SugarDrone.test (protectionLevel=2 flags=0x1800be44)
V/BackupManagerService(  874): restoreAtInstall pkg=com.careerbuilder.SugarDrone.test token=6 restoreSet=0
V/BackupManagerService(  874): Finishing install immediately
I/art     (  874): Starting a blocking GC Explicit
I/art     (  874): Explicit concurrent mark sweep GC freed 66698(4MB) AllocSpace objects, 64(3MB) LOS objects, 33% free, 15MB/23MB, paused 1.540ms total 100.740ms
E/        (  513): Couldn't opendir /data/app/vmdl856528613.tmp: No such file or directory
W/ActivityManager(  874): Permission Denial: Accessing service ComponentInfo{com.google.android.music/com.google.android.music.dial.DialMediaRouteProviderService} from pid=5392, uid=10085 that is not exported from uid 10071
I/art     ( 9247): System.exit called, status: 0
I/AndroidRuntime( 9247): VM exiting with result code 0.
I/InputReader(  874): Reconfiguring input devices.  changes=0x00000010
D/RegisteredNfcFServicesCache( 4206): Service unchanged, not updating
D/CarrierSvcBindHelper( 3304): No carrier app for: 0
D/CarrierConfigLoader( 3304): mHandler: 9 phoneId: 0
I/Finsky  ( 8836): [1] com.google.android.finsky.utils.PermissionPolicies$PermissionPolicyService.onStartCommand(117): post-install permissions check for com.careerbuilder.SugarDrone.test
W/Finsky  ( 8836): [1] com.google.android.finsky.FinskyApp.i(1468): No account configured on this device.
I/Finsky  ( 8836): [1] com.google.android.finsky.utils.bh.run(2302): Package state data is missing for com.careerbuilder.SugarDrone.test
W/Finsky  ( 8836): [1] com.google.android.finsky.FinskyApp.i(1468): No account configured on this device.
I/UpdateIcingCorporaServi( 4318): Updating corpora: APPS=com.careerbuilder.SugarDrone.test, CONTACTS=MAYBE
D/Wear_Controller( 4494): Received broadcast action=android.intent.action.PACKAGE_ADDED and uri=com.careerbuilder.SugarDrone.test
I/UpdateIcingCorporaServi( 4318): UpdateCorporaTask done [took 113 ms] updated apps [took 113 ms] 
I/PeopleContactsSync( 4494): triggerPendingContactsCleanup: no accounts
W/IcingInternalCorpora( 4494): getNumBytesRead when not calculated.
I/Icing   ( 4494): Usage reports 0 indexed 0 rejected 0 imm upload false
I/Icing   ( 4494): Usage reports 0 indexed 0 rejected 0 imm upload false
V/JNIHelp ( 8889): Registering com/google/android/gms/org/conscrypt/NativeCrypto's 242 native methods...
D/NetworkSecurityConfig( 8889): No Network Security Config specified, using platform default
I/ProviderInstaller( 8889): Installed default security provider GmsCore_OpenSSL
D/AndroidRuntime( 9320): >>>>>> START com.android.internal.os.RuntimeInit uid 2000 <<<<<<
D/AndroidRuntime( 9320): CheckJNI is OFF
D/ICU     ( 9320): No timezone override file found: /data/misc/zoneinfo/current/icu/icu_tzdata.dat
I/Radio-JNI( 9320): register_android_hardware_Radio DONE
D/AndroidRuntime( 9320): Calling main entry com.android.commands.settings.SettingsCmd
D/AndroidRuntime( 9320): Shutting down VM
I/Icing   ( 4494): Indexing 421037E7A4D9C32E439F55E76E0A1D6E234EA9D9 from com.google.android.gms
I/Icing   ( 4494): Indexing done 421037E7A4D9C32E439F55E76E0A1D6E234EA9D9
D/AndroidRuntime( 9352): >>>>>> START com.android.internal.os.RuntimeInit uid 2000 <<<<<<
D/AndroidRuntime( 9352): CheckJNI is OFF
D/ICU     ( 9352): No timezone override file found: /data/misc/zoneinfo/current/icu/icu_tzdata.dat
I/Radio-JNI( 9352): register_android_hardware_Radio DONE
D/AndroidRuntime( 9352): Calling main entry com.android.commands.settings.SettingsCmd
D/AndroidRuntime( 9352): Shutting down VM
D/AndroidRuntime( 9381): >>>>>> START com.android.internal.os.RuntimeInit uid 2000 <<<<<<
D/AndroidRuntime( 9381): CheckJNI is OFF
D/ICU     ( 9381): No timezone override file found: /data/misc/zoneinfo/current/icu/icu_tzdata.dat
I/Radio-JNI( 9381): register_android_hardware_Radio DONE
D/AndroidRuntime( 9381): Calling main entry com.android.commands.settings.SettingsCmd
D/AndroidRuntime( 9381): Shutting down VM
D/AndroidRuntime( 9407): >>>>>> START com.android.internal.os.RuntimeInit uid 2000 <<<<<<
D/AndroidRuntime( 9407): CheckJNI is OFF
D/ICU     ( 9407): No timezone override file found: /data/misc/zoneinfo/current/icu/icu_tzdata.dat
I/Radio-JNI( 9407): register_android_hardware_Radio DONE
D/AndroidRuntime( 9407): Calling main entry com.android.commands.settings.SettingsCmd
D/AndroidRuntime( 9407): Shutting down VM
D/AndroidRuntime( 9431): >>>>>> START com.android.internal.os.RuntimeInit uid 2000 <<<<<<
D/AndroidRuntime( 9431): CheckJNI is OFF
D/ICU     ( 9431): No timezone override file found: /data/misc/zoneinfo/current/icu/icu_tzdata.dat
I/Radio-JNI( 9431): register_android_hardware_Radio DONE
D/AndroidRuntime( 9431): Calling main entry com.android.commands.settings.SettingsCmd
D/AndroidRuntime( 9431): Shutting down VM
D/AndroidRuntime( 9464): >>>>>> START com.android.internal.os.RuntimeInit uid 2000 <<<<<<
D/AndroidRuntime( 9464): CheckJNI is OFF
D/ICU     ( 9464): No timezone override file found: /data/misc/zoneinfo/current/icu/icu_tzdata.dat
I/Radio-JNI( 9464): register_android_hardware_Radio DONE
D/AndroidRuntime( 9464): Calling main entry com.android.commands.pm.Pm
I/art     ( 9464): System.exit called, status: 0
W/MessageQueue( 9464): Handler (android.os.Handler) {d240781} sending message to a Handler on a dead thread
W/MessageQueue( 9464): java.lang.IllegalStateException: Handler (android.os.Handler) {d240781} sending message to a Handler on a dead thread
W/MessageQueue( 9464): 	at android.os.MessageQueue.enqueueMessage(MessageQueue.java:543)
W/MessageQueue( 9464): 	at android.os.Handler.enqueueMessage(Handler.java:643)
W/MessageQueue( 9464): 	at android.os.Handler.sendMessageAtTime(Handler.java:612)
W/MessageQueue( 9464): 	at android.os.Handler.sendMessageDelayed(Handler.java:582)
W/MessageQueue( 9464): 	at android.os.Handler.post(Handler.java:338)
W/MessageQueue( 9464): 	at android.os.ResultReceiver$MyResultReceiver.send(ResultReceiver.java:57)
W/MessageQueue( 9464): 	at com.android.internal.os.IResultReceiver$Stub.onTransact(IResultReceiver.java:58)
W/MessageQueue( 9464): 	at android.os.Binder.execTransact(Binder.java:565)
I/AndroidRuntime( 9464): VM exiting with result code 0.
D/AndroidRuntime( 9520): >>>>>> START com.android.internal.os.RuntimeInit uid 2000 <<<<<<
D/AndroidRuntime( 9520): CheckJNI is OFF
D/ICU     ( 9520): No timezone override file found: /data/misc/zoneinfo/current/icu/icu_tzdata.dat
I/Radio-JNI( 9520): register_android_hardware_Radio DONE
D/AndroidRuntime( 9520): Calling main entry com.android.commands.pm.Pm
W/MessageQueue( 9520): Handler (android.os.Handler) {46697fb} sending message to a Handler on a dead thread
W/MessageQueue( 9520): java.lang.IllegalStateException: Handler (android.os.Handler) {46697fb} sending message to a Handler on a dead thread
W/MessageQueue( 9520): 	at android.os.MessageQueue.enqueueMessage(MessageQueue.java:543)
W/MessageQueue( 9520): 	at android.os.Handler.enqueueMessage(Handler.java:643)
W/MessageQueue( 9520): 	at android.os.Handler.sendMessageAtTime(Handler.java:612)
W/MessageQueue( 9520): 	at android.os.Handler.sendMessageDelayed(Handler.java:582)
W/MessageQueue( 9520): 	at android.os.Handler.post(Handler.java:338)
W/MessageQueue( 9520): 	at android.os.ResultReceiver$MyResultReceiver.send(ResultReceiver.java:57)
W/MessageQueue( 9520): 	at com.android.internal.os.IResultReceiver$Stub.onTransact(IResultReceiver.java:58)
W/MessageQueue( 9520): 	at android.os.Binder.execTransact(Binder.java:565)
I/art     ( 9520): System.exit called, status: 0
I/AndroidRuntime( 9520): VM exiting with result code 0.
I/ActivityManager(  874): Killing 7502:com.google.android.gms.unstable/u0a18 (adj 906): empty #17
I/ActivityManager(  874): Killing 5716:com.android.printspooler/u0a80 (adj 906): empty #17
D/AndroidRuntime( 9595): >>>>>> START com.android.internal.os.RuntimeInit uid 2000 <<<<<<
D/AndroidRuntime( 9595): CheckJNI is OFF
D/ICU     ( 9595): No timezone override file found: /data/misc/zoneinfo/current/icu/icu_tzdata.dat
I/Radio-JNI( 9595): register_android_hardware_Radio DONE
D/AndroidRuntime( 9595): Calling main entry com.android.commands.input.Input
I/Input   ( 9595): injectKeyEvent: KeyEvent { action=ACTION_DOWN, keyCode=KEYCODE_BACK, scanCode=0, metaState=0, flags=0x0, repeatCount=0, eventTime=261694, downTime=261694, deviceId=-1, source=0x101 }
I/Input   ( 9595): injectKeyEvent: KeyEvent { action=ACTION_UP, keyCode=KEYCODE_BACK, scanCode=0, metaState=0, flags=0x0, repeatCount=0, eventTime=261694, downTime=261694, deviceId=-1, source=0x101 }
D/AndroidRuntime( 9595): Shutting down VM
D/AndroidRuntime( 9654): >>>>>> START com.android.internal.os.RuntimeInit uid 2000 <<<<<<
D/AndroidRuntime( 9654): CheckJNI is OFF
D/ICU     ( 9654): No timezone override file found: /data/misc/zoneinfo/current/icu/icu_tzdata.dat
I/Radio-JNI( 9654): register_android_hardware_Radio DONE
D/AndroidRuntime( 9654): Calling main entry com.android.commands.input.Input
I/Input   ( 9654): injectKeyEvent: KeyEvent { action=ACTION_DOWN, keyCode=KEYCODE_HOME, scanCode=0, metaState=0, flags=0x0, repeatCount=0, eventTime=263558, downTime=263558, deviceId=-1, source=0x101 }
I/Input   ( 9654): injectKeyEvent: KeyEvent { action=ACTION_UP, keyCode=KEYCODE_HOME, scanCode=0, metaState=0, flags=0x0, repeatCount=0, eventTime=263558, downTime=263558, deviceId=-1, source=0x101 }
I/ActivityManager(  874): START u0 {act=android.intent.action.MAIN cat=[android.intent.category.HOME] flg=0x10200000 cmp=com.google.android.googlequicksearchbox/com.google.android.launcher.GEL (has extras)} from uid 1000 on display 0
D/AndroidRuntime( 9654): Shutting down VM
I/GEL     ( 4262): handleIntent(Intent { act=android.intent.action.MAIN cat=[android.intent.category.HOME] flg=0x10200000 cmp=com.google.android.googlequicksearchbox/com.google.android.launcher.GEL (has extras) })
D/AndroidRuntime( 9692): >>>>>> START com.android.internal.os.RuntimeInit uid 2000 <<<<<<
D/AndroidRuntime( 9692): CheckJNI is OFF
D/ICU     ( 9692): No timezone override file found: /data/misc/zoneinfo/current/icu/icu_tzdata.dat
I/Radio-JNI( 9692): register_android_hardware_Radio DONE
D/AndroidRuntime( 9692): Calling main entry com.android.commands.input.Input
I/Input   ( 9692): injectKeyEvent: KeyEvent { action=ACTION_DOWN, keyCode=KEYCODE_BACK, scanCode=0, metaState=0, flags=0x0, repeatCount=0, eventTime=264972, downTime=264972, deviceId=-1, source=0x101 }
I/Input   ( 9692): injectKeyEvent: KeyEvent { action=ACTION_UP, keyCode=KEYCODE_BACK, scanCode=0, metaState=0, flags=0x0, repeatCount=0, eventTime=264972, downTime=264972, deviceId=-1, source=0x101 }
D/AndroidRuntime( 9692): Shutting down VM
D/AndroidRuntime( 9730): >>>>>> START com.android.internal.os.RuntimeInit uid 2000 <<<<<<
D/AndroidRuntime( 9730): CheckJNI is OFF
W/Finsky  ( 8836): [374] com.google.android.finsky.FinskyApp.i(1468): No account configured on this device.
I/Finsky  ( 8836): [374] com.google.android.finsky.c.e.run(1151): Replicating app states via AMAS.
D/ICU     ( 9730): No timezone override file found: /data/misc/zoneinfo/current/icu/icu_tzdata.dat
I/Radio-JNI( 9730): register_android_hardware_Radio DONE
D/AndroidRuntime( 9730): Calling main entry com.android.commands.am.Am
I/ActivityManager(  874): Force stopping com.careerbuilder.SugarDrone appid=12292 user=0: start instr
I/ActivityManager(  874): Start proc 9756:com.careerbuilder.SugarDrone/u0a2292 for added application com.careerbuilder.SugarDrone
I/art     ( 9756): Late-enabling -Xcheck:jni
I/Finsky  ( 8836): [374] com.google.android.finsky.c.c.a(311): Completed 0 account content syncs with 0 successful.
I/Finsky  ( 8836): [1] com.google.android.finsky.services.j.a(149): Installation state replication succeeded.
W/System  ( 9756): ClassLoader referenced unknown path: /data/app/com.careerbuilder.SugarDrone.test-1/lib/arm64
W/System  ( 9756): ClassLoader referenced unknown path: 
W/monodroid( 9756): Using override path: /data/user/0/com.careerbuilder.SugarDrone/files/.__override__
W/monodroid( 9756): Trying to load sgen from: /data/user/0/com.careerbuilder.SugarDrone/files/.__override__/libmonosgen-2.0.so
W/monodroid( 9756): Trying to load sgen from: /storage/emulated/0/Android/data/com.careerbuilder.SugarDrone/files/.__override__/libmonosgen-2.0.so
W/monodroid( 9756): Trying to load sgen from: /data/app/com.careerbuilder.SugarDrone-1/lib/arm/libmonosgen-2.0.so
D/Mono    ( 9756): Image addref mscorlib[0xe0e73a20] -> mscorlib.dll[0xe0e4f800]: 2
D/Mono    ( 9756): Prepared to set up assembly 'mscorlib' (mscorlib.dll)
D/Mono    ( 9756): AOT module 'mscorlib.dll.so' not found: dlopen failed: library "/data/app/com.careerbuilder.SugarDrone-1/lib/arm/libaot-mscorlib.dll.so" not found
D/Mono    ( 9756): AOT module '/Users/builder/data/lanes/4009/f3074d2c/source/monodroid/builds/install/mono-armv6/lib/mono/aot-cache/arm/mscorlib.dll.so' not found: dlopen failed: library "/data/app/com.careerbuilder.SugarDrone-1/lib/arm/libaot-mscorlib.dll.so" not found
D/Mono    ( 9756): Config attempting to parse: 'mscorlib.dll.config'.
D/Mono    ( 9756): Config attempting to parse: '/Users/builder/data/lanes/4009/f3074d2c/source/monodroid/builds/install/mono-armv6/etc/mono/assemblies/mscorlib/mscorlib.config'.
D/Mono    ( 9756): Assembly mscorlib[0xe0e73a20] added to domain RootDomain, ref_count=1
D/Mono    ( 9756): Image addref CareerBuilder_Search.Droid[0xe0e73cc0] -> CareerBuilder_Search.Droid.dll[0xe0e50700]: 2
D/Mono    ( 9756): Prepared to set up assembly 'CareerBuilder_Search.Droid' (CareerBuilder_Search.Droid.dll)
D/Mono    ( 9756): Assembly CareerBuilder_Search.Droid[0xe0e73cc0] added to domain RootDomain, ref_count=1
D/Mono    ( 9756): AOT module 'CareerBuilder_Search.Droid.dll.so' not found: dlopen failed: library "/data/app/com.careerbuilder.SugarDrone-1/lib/arm/libaot-CareerBuilder_Search.Droid.dll.so" not found
D/Mono    ( 9756): AOT module '/Users/builder/data/lanes/4009/f3074d2c/source/monodroid/builds/install/mono-armv6/lib/mono/aot-cache/arm/CareerBuilder_Search.Droid.dll.so' not found: dlopen failed: library "/data/app/com.careerbuilder.SugarDrone-1/lib/arm/libaot-CareerBuilder_Search.Droid.dll.so" not found
D/Mono    ( 9756): Config attempting to parse: 'CareerBuilder_Search.Droid.dll.config'.
D/Mono    ( 9756): Config attempting to parse: '/Users/builder/data/lanes/4009/f3074d2c/source/monodroid/builds/install/mono-armv6/etc/mono/assemblies/CareerBuilder_Search.Droid/CareerBuilder_Search.Droid.config'.
D/Mono    ( 9756): Image addref AppsFlyerXamarinBindingAndroid[0xe0e73f00] -> AppsFlyerXamarinBindingAndroid.dll[0xde5d9000]: 2
D/Mono    ( 9756): Prepared to set up assembly 'AppsFlyerXamarinBindingAndroid' (AppsFlyerXamarinBindingAndroid.dll)
D/Mono    ( 9756): Assembly AppsFlyerXamarinBindingAndroid[0xe0e73f00] added to domain RootDomain, ref_count=1
D/Mono    ( 9756): AOT module 'AppsFlyerXamarinBindingAndroid.dll.so' not found: dlopen failed: library "/data/app/com.careerbuilder.SugarDrone-1/lib/arm/libaot-AppsFlyerXamarinBindingAndroid.dll.so" not found
D/Mono    ( 9756): AOT module '/Users/builder/data/lanes/4009/f3074d2c/source/monodroid/builds/install/mono-armv6/lib/mono/aot-cache/arm/AppsFlyerXamarinBindingAndroid.dll.so' not found: dlopen failed: library "/data/app/com.careerbuilder.SugarDrone-1/lib/arm/libaot-AppsFlyerXamarinBindingAndroid.dll.so" not found
D/Mono    ( 9756): Config attempting to parse: 'AppsFlyerXamarinBindingAndroid.dll.config'.
D/Mono    ( 9756): Config attempting to parse: '/Users/builder/data/lanes/4009/f3074d2c/source/monodroid/builds/install/mono-armv6/etc/mono/assemblies/AppsFlyerXamarinBindingAndroid/AppsFlyerXamarinBindingAndroid.config'.
D/Mono    ( 9756): Image addref HockeySDK[0xe0e741a0] -> HockeySDK.dll[0xde5d9500]: 2
D/Mono    ( 9756): Prepared to set up assembly 'HockeySDK' (HockeySDK.dll)
D/Mono    ( 9756): Assembly HockeySDK[0xe0e741a0] added to domain RootDomain, ref_count=1
D/Mono    ( 9756): AOT module 'HockeySDK.dll.so' not found: dlopen failed: library "/data/app/com.careerbuilder.SugarDrone-1/lib/arm/libaot-HockeySDK.dll.so" not found
D/Mono    ( 9756): AOT module '/Users/builder/data/lanes/4009/f3074d2c/source/monodroid/builds/install/mono-armv6/lib/mono/aot-cache/arm/HockeySDK.dll.so' not found: dlopen failed: library "/data/app/com.careerbuilder.SugarDrone-1/lib/arm/libaot-HockeySDK.dll.so" not found
D/Mono    ( 9756): Config attempting to parse: 'HockeySDK.dll.config'.
D/Mono    ( 9756): Config attempting to parse: '/Users/builder/data/lanes/4009/f3074d2c/source/monodroid/builds/install/mono-armv6/etc/mono/assemblies/HockeySDK/HockeySDK.config'.
D/Mono    ( 9756): Image addref Akavache[0xe0e74200] -> Akavache.dll[0xde5d9a00]: 2
D/Mono    ( 9756): Prepared to set up assembly 'Akavache' (Akavache.dll)
D/Mono    ( 9756): Assembly Akavache[0xe0e74200] added to domain RootDomain, ref_count=1
D/Mono    ( 9756): AOT module 'Akavache.dll.so' not found: dlopen failed: library "/data/app/com.careerbuilder.SugarDrone-1/lib/arm/libaot-Akavache.dll.so" not found
D/Mono    ( 9756): AOT module '/Users/builder/data/lanes/4009/f3074d2c/source/monodroid/builds/install/mono-armv6/lib/mono/aot-cache/arm/Akavache.dll.so' not found: dlopen failed: library "/data/app/com.careerbuilder.SugarDrone-1/lib/arm/libaot-Akavache.dll.so" not found
D/Mono    ( 9756): Config attempting to parse: 'Akavache.dll.config'.
D/Mono    ( 9756): Config attempting to parse: '/Users/builder/data/lanes/4009/f3074d2c/source/monodroid/builds/install/mono-armv6/etc/mono/assemblies/Akavache/Akavache.config'.
D/Mono    ( 9756): Image addref Akavache.Sqlite3[0xe0e74260] -> Akavache.Sqlite3.dll[0xde5d9f00]: 2
D/Mono    ( 9756): Prepared to set up assembly 'Akavache.Sqlite3' (Akavache.Sqlite3.dll)
D/Mono    ( 9756): Assembly Akavache.Sqlite3[0xe0e74260] added to domain RootDomain, ref_count=1
D/Mono    ( 9756): AOT module 'Akavache.Sqlite3.dll.so' not found: dlopen failed: library "/data/app/com.careerbuilder.SugarDrone-1/lib/arm/libaot-Akavache.Sqlite3.dll.so" not found
D/Mono    ( 9756): AOT module '/Users/builder/data/lanes/4009/f3074d2c/source/monodroid/builds/install/mono-armv6/lib/mono/aot-cache/arm/Akavache.Sqlite3.dll.so' not found: dlopen failed: library "/data/app/com.careerbuilder.SugarDrone-1/lib/arm/libaot-Akavache.Sqlite3.dll.so" not found
W/        ( 9756): Symbol file LoadedFromMemory doesn't match image Akavache.Sqlite3.dll
D/Mono    ( 9756): Config attempting to parse: 'Akavache.Sqlite3.dll.config'.
D/Mono    ( 9756): Config attempting to parse: '/Users/builder/data/lanes/4009/f3074d2c/source/monodroid/builds/install/mono-armv6/etc/mono/assemblies/Akavache.Sqlite3/Akavache.Sqlite3.config'.
D/Mono    ( 9756): Image addref Splat[0xe0e742c0] -> Splat.dll[0xde5da400]: 2
D/Mono    ( 9756): Prepared to set up assembly 'Splat' (Splat.dll)
D/Mono    ( 9756): Assembly Splat[0xe0e742c0] added to domain RootDomain, ref_count=1
D/Mono    ( 9756): AOT module 'Splat.dll.so' not found: dlopen failed: library "/data/app/com.careerbuilder.SugarDrone-1/lib/arm/libaot-Splat.dll.so" not found
D/Mono    ( 9756): AOT module '/Users/builder/data/lanes/4009/f3074d2c/source/monodroid/builds/install/mono-armv6/lib/mono/aot-cache/arm/Splat.dll.so' not found: dlopen failed: library "/data/app/com.careerbuilder.SugarDrone-1/lib/arm/libaot-Splat.dll.so" not found
D/Mono    ( 9756): Config attempting to parse: 'Splat.dll.config'.
D/Mono    ( 9756): Config attempting to parse: '/Users/builder/data/lanes/4009/f3074d2c/source/monodroid/builds/install/mono-armv6/etc/mono/assemblies/Splat/Splat.config'.
D/Mono    ( 9756): Image addref Microsoft.Practices.ServiceLocation[0xe0e74320] -> Microsoft.Practices.ServiceLocation.dll[0xde5da900]: 2
D/Mono    ( 9756): Prepared to set up assembly 'Microsoft.Practices.ServiceLocation' (Microsoft.Practices.ServiceLocation.dll)
D/Mono    ( 9756): Assembly Microsoft.Practices.ServiceLocation[0xe0e74320] added to domain RootDomain, ref_count=1
D/Mono    ( 9756): AOT module 'Microsoft.Practices.ServiceLocation.dll.so' not found: dlopen failed: library "/data/app/com.careerbuilder.SugarDrone-1/lib/arm/libaot-Microsoft.Practices.ServiceLocation.dll.so" not found
D/Mono    ( 9756): AOT module '/Users/builder/data/lanes/4009/f3074d2c/source/monodroid/builds/install/mono-armv6/lib/mono/aot-cache/arm/Microsoft.Practices.ServiceLocation.dll.so' not found: dlopen failed: library "/data/app/com.careerbuilder.SugarDrone-1/lib/arm/libaot-Microsoft.Practices.ServiceLocation.dll.so" not found
D/Mono    ( 9756): Config attempting to parse: 'Microsoft.Practices.ServiceLocation.dll.config'.
D/Mono    ( 9756): Config attempting to parse: '/Users/builder/data/lanes/4009/f3074d2c/source/monodroid/builds/install/mono-armv6/etc/mono/assemblies/Microsoft.Practices.ServiceLocation/Microsoft.Practices.ServiceLocation.config'.
D/Mono    ( 9756): Image addref Microsoft.Practices.Unity[0xe0e74380] -> Microsoft.Practices.Unity.dll[0xde5dae00]: 2
D/Mono    ( 9756): Prepared to set up assembly 'Microsoft.Practices.Unity' (Microsoft.Practices.Unity.dll)
D/Mono    ( 9756): Assembly Microsoft.Practices.Unity[0xe0e74380] added to domain RootDomain, ref_count=1
D/Mono    ( 9756): AOT module 'Microsoft.Practices.Unity.dll.so' not found: dlopen failed: library "/data/app/com.careerbuilder.SugarDrone-1/lib/arm/libaot-Microsoft.Practices.Unity.dll.so" not found
D/Mono    ( 9756): AOT module '/Users/builder/data/lanes/4009/f3074d2c/source/monodroid/builds/install/mono-armv6/lib/mono/aot-cache/arm/Microsoft.Practices.Unity.dll.so' not found: dlopen failed: library "/data/app/com.careerbuilder.SugarDrone-1/lib/arm/libaot-Microsoft.Practices.Unity.dll.so" not found
D/Mono    ( 9756): Config attempting to parse: 'Microsoft.Practices.Unity.dll.config'.
D/Mono    ( 9756): Config attempting to parse: '/Users/builder/data/lanes/4009/f3074d2c/source/monodroid/builds/install/mono-armv6/etc/mono/assemblies/Microsoft.Practices.Unity/Microsoft.Practices.Unity.config'.
D/Mono    ( 9756): Image addref Plugin.CurrentActivity[0xe0e743e0] -> Plugin.CurrentActivity.dll[0xde5db300]: 2
D/Mono    ( 9756): Prepared to set up assembly 'Plugin.CurrentActivity' (Plugin.CurrentActivity.dll)
D/Mono    ( 9756): Assembly Plugin.CurrentActivity[0xe0e743e0] added to domain RootDomain, ref_count=1
D/Mono    ( 9756): AOT module 'Plugin.CurrentActivity.dll.so' not found: dlopen failed: library "/data/app/com.careerbuilder.SugarDrone-1/lib/arm/libaot-Plugin.CurrentActivity.dll.so" not found
D/Mono    ( 9756): AOT module '/Users/builder/data/lanes/4009/f3074d2c/source/monodroid/builds/install/mono-armv6/lib/mono/aot-cache/arm/Plugin.CurrentActivity.dll.so' not found: dlopen failed: library "/data/app/com.careerbuilder.SugarDrone-1/lib/arm/libaot-Plugin.CurrentActivity.dll.so" not found
D/Mono    ( 9756): Config attempting to parse: 'Plugin.CurrentActivity.dll.config'.
D/Mono    ( 9756): Config attempting to parse: '/Users/builder/data/lanes/4009/f3074d2c/source/monodroid/builds/install/mono-armv6/etc/mono/assemblies/Plugin.CurrentActivity/Plugin.CurrentActivity.config'.
D/Mono    ( 9756): Image addref Plugin.Permissions[0xe0e74440] -> Plugin.Permissions.dll[0xde5db800]: 2
D/Mono    ( 9756): Prepared to set up assembly 'Plugin.Permissions' (Plugin.Permissions.dll)
D/Mono    ( 9756): Assembly Plugin.Permissions[0xe0e74440] added to domain RootDomain, ref_count=1
D/Mono    ( 9756): AOT module 'Plugin.Permissions.dll.so' not found: dlopen failed: library "/data/app/com.careerbuilder.SugarDrone-1/lib/arm/libaot-Plugin.Permissions.dll.so" not found
D/Mono    ( 9756): AOT module '/Users/builder/data/lanes/4009/f3074d2c/source/monodroid/builds/install/mono-armv6/lib/mono/aot-cache/arm/Plugin.Permissions.dll.so' not found: dlopen failed: library "/data/app/com.careerbuilder.SugarDrone-1/lib/arm/libaot-Plugin.Permissions.dll.so" not found
D/Mono    ( 9756): Config attempting to parse: 'Plugin.Permissions.dll.config'.
D/Mono    ( 9756): Config attempting to parse: '/Users/builder/data/lanes/4009/f3074d2c/source/monodroid/builds/install/mono-armv6/etc/mono/assemblies/Plugin.Permissions/Plugin.Permissions.config'.
D/Mono    ( 9756): Image addref Plugin.Permissions.Abstractions[0xe0e744a0] -> Plugin.Permissions.Abstractions.dll[0xde5dbd00]: 2
D/Mono    ( 9756): Prepared to set up assembly 'Plugin.Permissions.Abstractions' (Plugin.Permissions.Abstractions.dll)
D/Mono    ( 9756): Assembly Plugin.Permissions.Abstractions[0xe0e744a0] added to domain RootDomain, ref_count=1
D/Mono    ( 9756): AOT module 'Plugin.Permissions.Abstractions.dll.so' not found: dlopen failed: library "/data/app/com.careerbuilder.SugarDrone-1/lib/arm/libaot-Plugin.Permissions.Abstractions.dll.so" not found
D/Mono    ( 9756): AOT module '/Users/builder/data/lanes/4009/f3074d2c/source/monodroid/builds/install/mono-armv6/lib/mono/aot-cache/arm/Plugin.Permissions.Abstractions.dll.so' not found: dlopen failed: library "/data/app/com.careerbuilder.SugarDrone-1/lib/arm/libaot-Plugin.Permissions.Abstractions.dll.so" not found
D/Mono    ( 9756): Config attempting to parse: 'Plugin.Permissions.Abstractions.dll.config'.
D/Mono    ( 9756): Config attempting to parse: '/Users/builder/data/lanes/4009/f3074d2c/source/monodroid/builds/install/mono-armv6/etc/mono/assemblies/Plugin.Permissions.Abstractions/Plugin.Permissions.Abstractions.config'.
D/Mono    ( 9756): Image addref Plugin.Geolocator[0xe0e74500] -> Plugin.Geolocator.dll[0xde5dc200]: 2
D/Mono    ( 9756): Prepared to set up assembly 'Plugin.Geolocator' (Plugin.Geolocator.dll)
D/Mono    ( 9756): Assembly Plugin.Geolocator[0xe0e74500] added to domain RootDomain, ref_count=1
D/Mono    ( 9756): AOT module 'Plugin.Geolocator.dll.so' not found: dlopen failed: library "/data/app/com.careerbuilder.SugarDrone-1/lib/arm/libaot-Plugin.Geolocator.dll.so" not found
D/Mono    ( 9756): AOT module '/Users/builder/data/lanes/4009/f3074d2c/source/monodroid/builds/install/mono-armv6/lib/mono/aot-cache/arm/Plugin.Geolocator.dll.so' not found: dlopen failed: library "/data/app/com.careerbuilder.SugarDrone-1/lib/arm/libaot-Plugin.Geolocator.dll.so" not found
D/Mono    ( 9756): Config attempting to parse: 'Plugin.Geolocator.dll.config'.
D/Mono    ( 9756): Config attempting to parse: '/Users/builder/data/lanes/4009/f3074d2c/source/monodroid/builds/install/mono-armv6/etc/mono/assemblies/Plugin.Geolocator/Plugin.Geolocator.config'.
D/Mono    ( 9756): Image addref Plugin.Geolocator.Abstractions[0xe0e74560] -> Plugin.Geolocator.Abstractions.dll[0xde5dc700]: 2
D/Mono    ( 9756): Prepared to set up assembly 'Plugin.Geolocator.Abstractions' (Plugin.Geolocator.Abstractions.dll)
D/Mono    ( 9756): Assembly Plugin.Geolocator.Abstractions[0xe0e74560] added to domain RootDomain, ref_count=1
D/Mono    ( 9756): AOT module 'Plugin.Geolocator.Abstractions.dll.so' not found: dlopen failed: library "/data/app/com.careerbuilder.SugarDrone-1/lib/arm/libaot-Plugin.Geolocator.Abstractions.dll.so" not found
D/Mono    ( 9756): AOT module '/Users/builder/data/lanes/4009/f3074d2c/source/monodroid/builds/install/mono-armv6/lib/mono/aot-cache/arm/Plugin.Geolocator.Abstractions.dll.so' not found: dlopen failed: library "/data/app/com.careerbuilder.SugarDrone-1/lib/arm/libaot-Plugin.Geolocator.Abstractions.dll.so" not found
D/Mono    ( 9756): Config attempting to parse: 'Plugin.Geolocator.Abstractions.dll.config'.
D/Mono    ( 9756): Config attempting to parse: '/Users/builder/data/lanes/4009/f3074d2c/source/monodroid/builds/install/mono-armv6/etc/mono/assemblies/Plugin.Geolocator.Abstractions/Plugin.Geolocator.Abstractions.config'.
D/Mono    ( 9756): Image addref Plugin.DeviceInfo[0xe0e745c0] -> Plugin.DeviceInfo.dll[0xde5dcc00]: 2
D/Mono    ( 9756): Prepared to set up assembly 'Plugin.DeviceInfo' (Plugin.DeviceInfo.dll)
D/Mono    ( 9756): Assembly Plugin.DeviceInfo[0xe0e745c0] added to domain RootDomain, ref_count=1
D/Mono    ( 9756): AOT module 'Plugin.DeviceInfo.dll.so' not found: dlopen failed: library "/data/app/com.careerbuilder.SugarDrone-1/lib/arm/libaot-Plugin.DeviceInfo.dll.so" not found
D/Mono    ( 9756): AOT module '/Users/builder/data/lanes/4009/f3074d2c/source/monodroid/builds/install/mono-armv6/lib/mono/aot-cache/arm/Plugin.DeviceInfo.dll.so' not found: dlopen failed: library "/data/app/com.careerbuilder.SugarDrone-1/lib/arm/libaot-Plugin.DeviceInfo.dll.so" not found
D/Mono    ( 9756): Config attempting to parse: 'Plugin.DeviceInfo.dll.config'.
D/Mono    ( 9756): Config attempting to parse: '/Users/builder/data/lanes/4009/f3074d2c/source/monodroid/builds/install/mono-armv6/etc/mono/assemblies/Plugin.DeviceInfo/Plugin.DeviceInfo.config'.
D/Mono    ( 9756): Image addref Plugin.DeviceInfo.Abstractions[0xe0e74620] -> Plugin.DeviceInfo.Abstractions.dll[0xde5dd100]: 2
D/Mono    ( 9756): Prepared to set up assembly 'Plugin.DeviceInfo.Abstractions' (Plugin.DeviceInfo.Abstractions.dll)
D/Mono    ( 9756): Assembly Plugin.DeviceInfo.Abstractions[0xe0e74620] added to domain RootDomain, ref_count=1
D/Mono    ( 9756): AOT module 'Plugin.DeviceInfo.Abstractions.dll.so' not found: dlopen failed: library "/data/app/com.careerbuilder.SugarDrone-1/lib/arm/libaot-Plugin.DeviceInfo.Abstractions.dll.so" not found
D/Mono    ( 9756): AOT module '/Users/builder/data/lanes/4009/f3074d2c/source/monodroid/builds/install/mono-armv6/lib/mono/aot-cache/arm/Plugin.DeviceInfo.Abstractions.dll.so' not found: dlopen failed: library "/data/app/com.careerbuilder.SugarDrone-1/lib/arm/libaot-Plugin.DeviceInfo.Abstractions.dll.so" not found
D/Mono    ( 9756): Config attempting to parse: 'Plugin.DeviceInfo.Abstractions.dll.config'.
D/Mono    ( 9756): Config attempting to parse: '/Users/builder/data/lanes/4009/f3074d2c/source/monodroid/builds/install/mono-armv6/etc/mono/assemblies/Plugin.DeviceInfo.Abstractions/Plugin.DeviceInfo.Abstractions.config'.
D/Mono    ( 9756): Image addref Xamarin.GooglePlayServices.Analytics[0xe0e74680] -> Xamarin.GooglePlayServices.Analytics.dll[0xde5dd600]: 2
D/Mono    ( 9756): Prepared to set up assembly 'Xamarin.GooglePlayServices.Analytics' (Xamarin.GooglePlayServices.Analytics.dll)
D/Mono    ( 9756): Assembly Xamarin.GooglePlayServices.Analytics[0xe0e74680] added to domain RootDomain, ref_count=1
