D/Mono    ( 8475): Found as '__android_log_print'.
I/mono-stdout( 8475): uri is: https://api.careerbuilder.com/consumer/resumes?OAuthToken=&HostSite=US&DeveloperKey=WDHR8FC6P2JZ1Y61KLM5
D/Mono    ( 8475): DllImport searching in: '__Internal' ('(null)').
D/Mono    ( 8475): Searching for 'java_interop_jnienv_call_nonvirtual_void_method'.
D/Mono    ( 8475): Probing 'java_interop_jnienv_call_nonvirtual_void_method'.
D/Mono    ( 8475): Found as 'java_interop_jnienv_call_nonvirtual_void_method'.
D/Mono    ( 8475): Unloading image System.Collections.dll [0xaec80200].
D/Mono    ( 8475): Image addref System.Collections[0xaefefe80] -> System.Collections.dll[0xb4b7ec00]: 10
D/Mono    ( 8475): Config attempting to parse: 'System.Collections.dll.config'.
D/Mono    ( 8475): Config attempting to parse: '/Users/builder/data/lanes/4009/3a62f1ea/source/monodroid/builds/install/mono-armv6/etc/mono/assemblies/System.Collections/System.Collections.config'.
D/Mono    ( 8475): Assembly Ref addref System.Reactive.Linq[0xb4acd220] -> System.Collections[0xb4acd820]: 8
I/mono-stdout( 8475): uri is: https://api.careerbuilder.com/consumer/saved-jobs/?DeveloperKey=WDHR8FC6P2JZ1Y61KLM5
I/mono-stdout( 8475): uri is: https://api.careerbuilder.com/consumer/jobs/search/?Keywords=&Location=&UseFacets=true&PageNumber=1&ExcludeNational=true&DeveloperKey=WDHR8FC6P2JZ1Y61KLM5
I/mono-stdout( 8475): uri is: https://api.careerbuilder.com/consumer/resumes?OAuthToken=&HostSite=US&DeveloperKey=WDHR8FC6P2JZ1Y61KLM5
D/Mono    ( 8475): Image addref System.Net.Primitives[0x9655f160] -> System.Net.Primitives.dll[0x96589c00]: 2
D/Mono    ( 8475): Prepared to set up assembly 'System.Net.Primitives' (System.Net.Primitives.dll)
D/Mono    ( 8475): Assembly System.Net.Primitives[0x9655f160] added to domain RootDomain, ref_count=1
D/Mono    ( 8475): AOT module 'System.Net.Primitives.dll.so' not found: dlopen failed: library "/data/app/com.careerbuilder.SugarDrone-1/lib/arm/libaot-System.Net.Primitives.dll.so" not found
D/Mono    ( 8475): AOT module '/Users/builder/data/lanes/4009/3a62f1ea/source/monodroid/builds/install/mono-armv6/lib/mono/aot-cache/arm/System.Net.Primitives.dll.so' not found: dlopen failed: library "/data/app/com.careerbuilder.SugarDrone-1/lib/arm/libaot-System.Net.Primitives.dll.so" not found
D/Mono    ( 8475): Config attempting to parse: 'System.Net.Primitives.dll.config'.
D/Mono    ( 8475): Config attempting to parse: '/Users/builder/data/lanes/4009/3a62f1ea/source/monodroid/builds/install/mono-armv6/etc/mono/assemblies/System.Net.Primitives/System.Net.Primitives.config'.
D/Mono    ( 8475): Assembly Ref addref CareerBuilder_Search[0xb4acd460] -> System.Net.Primitives[0x9655f160]: 2
D/Mono    ( 8475): Assembly Ref addref System.Net.Primitives[0x9655f160] -> System[0xb4acd760]: 14
D/Mono    ( 8475): Unloading image System.Net.Primitives.dll [0x96587900].
D/Mono    ( 8475): Image addref System.Net.Primitives[0x9655f5e0] -> System.Net.Primitives.dll[0x96589c00]: 5
D/Mono    ( 8475): Config attempting to parse: 'System.Net.Primitives.dll.config'.
D/Mono    ( 8475): Config attempting to parse: '/Users/builder/data/lanes/4009/3a62f1ea/source/monodroid/builds/install/mono-armv6/etc/mono/assemblies/System.Net.Primitives/System.Net.Primitives.config'.
D/Mono    ( 8475): Unloading image System.Net.Primitives.dll [0x96589200].
D/Mono    ( 8475): Image addref System.Net.Primitives[0xaefefdc0] -> System.Net.Primitives.dll[0x96589c00]: 6
D/Mono    ( 8475): Config attempting to parse: 'System.Net.Primitives.dll.config'.
D/Mono    ( 8475): Config attempting to parse: '/Users/builder/data/lanes/4009/3a62f1ea/source/monodroid/builds/install/mono-armv6/etc/mono/assemblies/System.Net.Primitives/System.Net.Primitives.config'.
D/Mono    ( 8475): Unloading image System.Net.Primitives.dll [0xaec80c00].
D/Mono    ( 8475): Image addref System.Net.Primitives[0x97518b80] -> System.Net.Primitives.dll[0x96589c00]: 7
D/Mono    ( 8475): Config attempting to parse: 'System.Net.Primitives.dll.config'.
D/Mono    ( 8475): Config attempting to parse: '/Users/builder/data/lanes/4009/3a62f1ea/source/monodroid/builds/install/mono-armv6/etc/mono/assemblies/System.Net.Primitives/System.Net.Primitives.config'.
D/Mono    ( 8475): Unloading image System.Text.Encoding.dll [0xaec80c00].
D/Mono    ( 8475): Image addref System.Text.Encoding[0x97518a60] -> System.Text.Encoding.dll[0x9a11fe00]: 5
D/Mono    ( 8475): Config attempting to parse: 'System.Text.Encoding.dll.config'.
D/Mono    ( 8475): Config attempting to parse: '/Users/builder/data/lanes/4009/3a62f1ea/source/monodroid/builds/install/mono-armv6/etc/mono/assemblies/System.Text.Encoding/System.Text.Encoding.config'.
D/Mono    ( 8475): Assembly Ref addref CareerBuilder_Search[0xb4acd460] -> System.Text.Encoding[0x9a17b340]: 3
D/Mono    ( 8475): Unloading image System.Text.Encoding.dll [0x96589700].
D/Mono    ( 8475): Image addref System.Text.Encoding[0x9655f2e0] -> System.Text.Encoding.dll[0x9a11fe00]: 6
D/Mono    ( 8475): Config attempting to parse: 'System.Text.Encoding.dll.config'.
D/Mono    ( 8475): Config attempting to parse: '/Users/builder/data/lanes/4009/3a62f1ea/source/monodroid/builds/install/mono-armv6/etc/mono/assemblies/System.Text.Encoding/System.Text.Encoding.config'.
I/mono-stdout( 8475): making api call to: /consumer/resumes?OAuthToken=&HostSite=US&DeveloperKey=WDHR8FC6P2JZ1Y61KLM5
D/Mono    ( 8475): Unloading image System.Text.Encoding.dll [0x96587900].
D/Mono    ( 8475): Image addref System.Text.Encoding[0x9655f4c0] -> System.Text.Encoding.dll[0x9a11fe00]: 7
D/Mono    ( 8475): Config attempting to parse: 'System.Text.Encoding.dll.config'.
D/Mono    ( 8475): Config attempting to parse: '/Users/builder/data/lanes/4009/3a62f1ea/source/monodroid/builds/install/mono-armv6/etc/mono/assemblies/System.Text.Encoding/System.Text.Encoding.config'.
I/mono-stdout( 8475): making api call to: /consumer/saved-jobs/?DeveloperKey=WDHR8FC6P2JZ1Y61KLM5
I/mono-stdout( 8475): making api call to: /consumer/jobs/search/?Keywords=&Location=&UseFacets=true&PageNumber=1&ExcludeNational=true&DeveloperKey=WDHR8FC6P2JZ1Y61KLM5
I/mono-stdout( 8475): making api call to: /consumer/resumes?OAuthToken=&HostSite=US&DeveloperKey=WDHR8FC6P2JZ1Y61KLM5
I/mono-stdout( 8475): Method: GET, RequestUri: 'https://api.careerbuilder.com/consumer/saved-jobs/?DeveloperKey=WDHR8FC6P2JZ1Y61KLM5', Version: 1.1, Content: <null>, Headers:

I/mono-stdout( 8475): {

I/mono-stdout( 8475): DeveloperKey: WDHR8FC6P2JZ1Y61KLM5

I/mono-stdout( 8475): Accept: application/json

I/mono-stdout( 8475): Authorization: Bearer test

I/mono-stdout( 8475): HostSite: US

I/mono-stdout( 8475): }
I/mono-stdout( 8475): Current State = 1,2,6,7
I/mono-stdout( 8475): applied jobs = 6
I/mono-stdout( 8475): expired jobs = 7
I/mono-stdout( 8475): saved jobs = Saved,Saved,Applied,Saved
I/mono-stdout( 8475): done making call to: /consumer/resumes?OAuthToken=&HostSite=US&DeveloperKey=WDHR8FC6P2JZ1Y61KLM5
I/mono-stdout( 8475): done making call to: /consumer/resumes?OAuthToken=&HostSite=US&DeveloperKey=WDHR8FC6P2JZ1Y61KLM5
I/mono-stdout( 8475): The resume  with hash has been set as latest
I/mono-stdout( 8475): The resume  with hash has been set as latest
I/art     ( 8475): Explicit concurrent mark sweep GC freed 1379(79KB) AllocSpace objects, 0(0B) LOS objects, 27% free, 42MB/58MB, paused 852us total 21.168ms
D/Mono    ( 8475): GC_TAR_BRIDGE bridges 172 objects 370 opaque 122 colors 172 colors-bridged 172 colors-visible 172 xref 5 cache-hit 0 cache-semihit 0 cache-miss 0 setup 0.05ms tarjan 0.34ms scc-setup 0.12ms gather-xref 0.01ms xref-setup 0.01ms cleanup 0.06ms
D/Mono    ( 8475): GC_BRIDGE: Complete, was running for 24.58ms
D/Mono    ( 8475): GC_MINOR: (Nursery full) time 12.96ms, stw 20.69ms promoted 890K major size: 1888K in use: 1170K los size: 1024K in use: 370K
I/mono-stdout( 8475): done making call to: /consumer/saved-jobs/?DeveloperKey=WDHR8FC6P2JZ1Y61KLM5
I/mono-stdout( 8475): done making call to: /consumer/jobs/search/?Keywords=&Location=&UseFacets=true&PageNumber=1&ExcludeNational=true&DeveloperKey=WDHR8FC6P2JZ1Y61KLM5
I/mono-stdout( 8475): uri is: https://api.careerbuilder.com/consumer/saved-jobs/?DeveloperKey=WDHR8FC6P2JZ1Y61KLM5
I/mono-stdout( 8475): making api call to: /consumer/saved-jobs/?DeveloperKey=WDHR8FC6P2JZ1Y61KLM5
I/mono-stdout( 8475): Method: GET, RequestUri: 'https://api.careerbuilder.com/consumer/saved-jobs/?DeveloperKey=WDHR8FC6P2JZ1Y61KLM5', Version: 1.1, Content: <null>, Headers:

I/mono-stdout( 8475): {

I/mono-stdout( 8475): DeveloperKey: WDHR8FC6P2JZ1Y61KLM5

I/mono-stdout( 8475): Accept: application/json

I/mono-stdout( 8475): Authorization: Bearer test

I/mono-stdout( 8475): HostSite: US

I/mono-stdout( 8475): }
I/mono-stdout( 8475): Current State = 1,2,6,7
I/mono-stdout( 8475): applied jobs = 6
I/mono-stdout( 8475): expired jobs = 7
I/mono-stdout( 8475): saved jobs = Saved,Saved,Applied,Saved
E/RecyclerView( 8475): No adapter attached; skipping layout
W/art     ( 8475): JNI RegisterNativeMethods: attempt to register 0 native methods for md539c3d548fb000cea9f34163fa7e112ea.ProgressListItemViewHolder
D/Mono    ( 8475): Assembly Ref addref Xamarin.Android.Support.v7.AppCompat[0xb4b04f40] -> System.Core[0xb4acdac0]: 15
I/Choreographer( 8475): Skipped 89 frames!  The application may be doing too much work on its main thread.
E/RecyclerView( 8475): No adapter attached; skipping layout
I/ActivityManager(  818): Displayed com.careerbuilder.SugarDrone/md5a4824aa66c0dc4d104077b72c1916a44.MasterNavActivity: +1s989ms
D/Mono    ( 8475): DllImport searching in: '__Internal' ('(null)').
D/Mono    ( 8475): Searching for 'java_interop_jnienv_call_void_method'.
D/Mono    ( 8475): Probing 'java_interop_jnienv_call_void_method'.
D/Mono    ( 8475): Found as 'java_interop_jnienv_call_void_method'.
W/ResourceType( 8475): No known package when getting name for resource number 0xffffffff
W/ResourceType( 8475): No known package when getting name for resource number 0xffffffff
W/ResourceType( 8475): No known package when getting name for resource number 0xffffffff
W/ResourceType( 8475): No known package when getting name for resource number 0xffffffff
W/ResourceType( 8475): No known package when getting name for resource number 0xffffffff
W/ResourceType( 8475): No known package when getting name for resource number 0xffffffff
W/ResourceType( 8475): No known package when getting name for resource number 0xffffffff
W/ResourceType( 8475): No known package when getting name for resource number 0xffffffff
W/ResourceType( 8475): No known package when getting name for resource number 0xffffffff
W/ResourceType( 8475): No known package when getting name for resource number 0xffffffff
E/RecyclerView( 8475): No adapter attached; skipping layout
I/mono-stdout( 8475): done making call to: /consumer/saved-jobs/?DeveloperKey=WDHR8FC6P2JZ1Y61KLM5
E/RecyclerView( 8475): No adapter attached; skipping layout
I/System.out( 8475): URI: /map
I/System.out( 8475): params: {json={"query":"* marked:'Job 3' parent * child * marked:'saveButton'","operation":{"method_name":"query","arguments":[]}}
I/System.out( 8475): }
E/RecyclerView( 8475): No adapter attached; skipping layout
W/art     ( 8475): JNI RegisterNativeMethods: attempt to register 0 native methods for md539c3d548fb000cea9f34163fa7e112ea.JobResultViewHolder
W/art     ( 8475): JNI RegisterNativeMethods: attempt to register 0 native methods for md543b91ad655f5c020e54c78f692da973f.SnapshotView
D/Mono    ( 8475): DllImport searching in: '__Internal' ('(null)').
D/Mono    ( 8475): Searching for 'java_interop_jnienv_set_int_field'.
D/Mono    ( 8475): Probing 'java_interop_jnienv_set_int_field'.
D/Mono    ( 8475): Found as 'java_interop_jnienv_set_int_field'.
E/RecyclerView( 8475): No adapter attached; skipping layout
W/ResourceType( 8475): No known package when getting name for resource number 0xffffffff
W/ResourceType( 8475): No known package when getting name for resource number 0xffffffff
W/ResourceType( 8475): No known package when getting name for resource number 0xffffffff
W/ResourceType( 8475): No known package when getting name for resource number 0xffffffff
W/ResourceType( 8475): No known package when getting name for resource number 0xffffffff
W/ResourceType( 8475): No known package when getting name for resource number 0xffffffff
W/ResourceType( 8475): No known package when getting name for resource number 0xffffffff
D/audio_hw_primary(  359): disable_audio_route: reset and update mixer path: low-latency-playback speaker
D/audio_hw_primary(  359): disable_snd_device: snd_device(2: speaker)
W/ResourceType( 8475): No known package when getting name for resource number 0xffffffff
W/ResourceType( 8475): No known package when getting name for resource number 0xffffffff
W/ResourceType( 8475): No known package when getting name for resource number 0xffffffff
W/ResourceType( 8475): No known package when getting name for resource number 0xffffffff
W/ResourceType( 8475): No known package when getting name for resource number 0xffffffff
W/ResourceType( 8475): No known package when getting name for resource number 0xffffffff
I/ThermalEngine(  367): ACTION: GPU - Setting GPU[0] to 500000000
I/ThermalEngine(  367): Mitigation:GPU[0]:500000000 Hz
W/ResourceType( 8475): No known package when getting name for resource number 0xffffffff
I/ThermalEngine(  367): ACTION: CPU - Setting CPU[0] to 2457600
I/ThermalEngine(  367): ACTION: CPU - Setting CPU[1] to 2457600
I/ThermalEngine(  367): ACTION: CPU - Setting CPU[2] to 2457600
I/ThermalEngine(  367): ACTION: CPU - Setting CPU[3] to 2457600
W/ResourceType( 8475): No known package when getting name for resource number 0xffffffff
W/ResourceType( 8475): No known package when getting name for resource number 0xffffffff
W/ResourceType( 8475): No known package when getting name for resource number 0xffffffff
W/ResourceType( 8475): No known package when getting name for resource number 0xffffffff
W/ResourceType( 8475): No known package when getting name for resource number 0xffffffff
W/ResourceType( 8475): No known package when getting name for resource number 0xffffffff
W/ResourceType( 8475): No known package when getting name for resource number 0xffffffff
W/ResourceType( 8475): No known package when getting name for resource number 0xffffffff
W/ResourceType( 8475): No known package when getting name for resource number 0xffffffff
W/ResourceType( 8475): No known package when getting name for resource number 0xffffffff
W/ResourceType( 8475): No known package when getting name for resource number 0xffffffff
W/ResourceType( 8475): No known package when getting name for resource number 0xffffffff
W/ResourceType( 8475): No known package when getting name for resource number 0xffffffff
W/ResourceType( 8475): No known package when getting name for resource number 0xffffffff
W/ResourceType( 8475): No known package when getting name for resource number 0xffffffff
W/ResourceType( 8475): No known package when getting name for resource number 0xffffffff
W/ResourceType( 8475): No known package when getting name for resource number 0xffffffff
W/ResourceType( 8475): No known package when getting name for resource number 0xffffffff
W/ResourceType( 8475): No known package when getting name for resource number 0xffffffff
W/ResourceType( 8475): No known package when getting name for resource number 0xffffffff
W/ResourceType( 8475): No known package when getting name for resource number 0xffffffff
W/ResourceType( 8475): No known package when getting name for resource number 0xffffffff
W/ResourceType( 8475): No known package when getting name for resource number 0xffffffff
W/ResourceType( 8475): No known package when getting name for resource number 0xffffffff
W/ResourceType( 8475): No known package when getting name for resource number 0xffffffff
W/ResourceType( 8475): No known package when getting name for resource number 0xffffffff
W/ResourceType( 8475): No known package when getting name for resource number 0xffffffff
W/ResourceType( 8475): No known package when getting name for resource number 0xffffffff
W/ResourceType( 8475): No known package when getting name for resource number 0xffffffff
W/ResourceType( 8475): No known package when getting name for resource number 0xffffffff
W/ResourceType( 8475): No known package when getting name for resource number 0xffffffff
W/ResourceType( 8475): No known package when getting name for resource number 0xffffffff
W/ResourceType( 8475): No known package when getting name for resource number 0xffffffff
W/ResourceType( 8475): No known package when getting name for resource number 0xffffffff
W/ResourceType( 8475): No known package when getting name for resource number 0xffffffff
W/ResourceType( 8475): No known package when getting name for resource number 0xffffffff
W/ResourceType( 8475): No known package when getting name for resource number 0xffffffff
W/ResourceType( 8475): No known package when getting name for resource number 0xffffffff
W/ResourceType( 8475): No known package when getting name for resource number 0xffffffff
W/ResourceType( 8475): No known package when getting name for resource number 0xffffffff
W/ResourceType( 8475): No known package when getting name for resource number 0xffffffff
W/ResourceType( 8475): No known package when getting name for resource number 0xffffffff
W/ResourceType( 8475): No known package when getting name for resource number 0xffffffff
W/ResourceType( 8475): No known package when getting name for resource number 0xffffffff
W/ResourceType( 8475): No known package when getting name for resource number 0xffffffff
W/ResourceType( 8475): No known package when getting name for resource number 0xffffffff
W/ResourceType( 8475): No known package when getting name for resource number 0xffffffff
W/ResourceType( 8475): No known package when getting name for resource number 0xffffffff
W/ResourceType( 8475): No known package when getting name for resource number 0xffffffff
W/ResourceType( 8475): No known package when getting name for resource number 0xffffffff
W/ResourceType( 8475): No known package when getting name for resource number 0xffffffff
W/ResourceType( 8475): No known package when getting name for resource number 0xffffffff
W/ResourceType( 8475): No known package when getting name for resource number 0xffffffff
W/ResourceType( 8475): No known package when getting name for resource number 0xffffffff
W/ResourceType( 8475): No known package when getting name for resource number 0xffffffff
W/ResourceType( 8475): No known package when getting name for resource number 0xffffffff
W/ResourceType( 8475): No known package when getting name for resource number 0xffffffff
W/ResourceType( 8475): No known package when getting name for resource number 0xffffffff
I/art     ( 8475): Explicit concurrent mark sweep GC freed 122875(4MB) AllocSpace objects, 5(80KB) LOS objects, 26% free, 43MB/59MB, paused 1.273ms total 40.648ms
I/art     ( 8475): Explicit concurrent mark sweep GC freed 776(36KB) AllocSpace objects, 0(0B) LOS objects, 26% free, 43MB/59MB, paused 1.169ms total 24.782ms
I/art     ( 8475): Explicit concurrent mark sweep GC freed 10(576B) AllocSpace objects, 0(0B) LOS objects, 26% free, 43MB/59MB, paused 1.123ms total 24.216ms
I/art     ( 8475): Explicit concurrent mark sweep GC freed 10(576B) AllocSpace objects, 0(0B) LOS objects, 26% free, 43MB/59MB, paused 1.575ms total 25.057ms
I/art     ( 8475): Explicit concurrent mark sweep GC freed 10(576B) AllocSpace objects, 0(0B) LOS objects, 26% free, 43MB/59MB, paused 1.910ms total 26.281ms
I/ThermalEngine(  367): ACTION: GPU - Setting GPU[0] to 389000000
I/ThermalEngine(  367): Mitigation:GPU[0]:389000000 Hz
I/ThermalEngine(  367): ACTION: CPU - Setting CPU[0] to 2265600
I/ThermalEngine(  367): ACTION: CPU - Setting CPU[1] to 2265600
I/ThermalEngine(  367): ACTION: CPU - Setting CPU[2] to 2265600
I/ThermalEngine(  367): ACTION: CPU - Setting CPU[3] to 2265600
D/Mono    ( 8475): [0x964b3c00] hill climbing, change max number of threads 4
E/WifiStateMachine(  818): WifiStateMachine CMD_START_SCAN source -2 txSuccessRate=5.33 rxSuccessRate=3.55 targetRoamBSSID=any RSSI=-48
E/WifiStateMachine(  818): WifiStateMachine starting scan for "xtc-ag"WPA_PSK with 5240,2437,5180
I/ThermalEngine(  367): ACTION: GPU - Setting GPU[0] to 500000000
I/ThermalEngine(  367): Mitigation:GPU[0]:500000000 Hz
I/ThermalEngine(  367): ACTION: CPU - Setting CPU[0] to 2457600
I/ThermalEngine(  367): ACTION: CPU - Setting CPU[1] to 2457600
I/ThermalEngine(  367): ACTION: CPU - Setting CPU[2] to 2457600
I/ThermalEngine(  367): ACTION: CPU - Setting CPU[3] to 2457600
I/art     ( 8475): Explicit concurrent mark sweep GC freed 1883(118KB) AllocSpace objects, 1(16KB) LOS objects, 26% free, 43MB/59MB, paused 6.729ms total 43.047ms
I/art     ( 8475): Explicit concurrent mark sweep GC freed 37(5KB) AllocSpace objects, 0(0B) LOS objects, 26% free, 43MB/59MB, paused 1.114ms total 30.572ms
I/art     ( 8475): Explicit concurrent mark sweep GC freed 10(576B) AllocSpace objects, 0(0B) LOS objects, 26% free, 43MB/59MB, paused 1.058ms total 23.735ms
I/art     ( 8475): Explicit concurrent mark sweep GC freed 10(576B) AllocSpace objects, 0(0B) LOS objects, 26% free, 43MB/59MB, paused 1.332ms total 25.178ms
I/art     ( 8475): Explicit concurrent mark sweep GC freed 10(576B) AllocSpace objects, 0(0B) LOS objects, 26% free, 43MB/59MB, paused 1.202ms total 31.247ms
I/ThermalEngine(  367): ACTION: GPU - Setting GPU[0] to 600000000
I/ThermalEngine(  367): Mitigation:GPU[0]:600000000 Hz
I/ThermalEngine(  367): ACTION: CPU - Setting CPU[0] to 2496000
I/ThermalEngine(  367): ACTION: CPU - Setting CPU[1] to 2496000
I/ThermalEngine(  367): ACTION: CPU - Setting CPU[2] to 2496000
I/ThermalEngine(  367): ACTION: CPU - Setting CPU[3] to 2496000
I/art     ( 8475): Explicit concurrent mark sweep GC freed 8055(434KB) AllocSpace objects, 2(32KB) LOS objects, 26% free, 43MB/59MB, paused 769us total 25.248ms
I/art     ( 8475): Explicit concurrent mark sweep GC freed 142(5KB) AllocSpace objects, 0(0B) LOS objects, 26% free, 43MB/59MB, paused 906us total 22.932ms
I/art     ( 8475): Explicit concurrent mark sweep GC freed 10(576B) AllocSpace objects, 0(0B) LOS objects, 26% free, 43MB/59MB, paused 999us total 23.482ms
I/ThermalEngine(  367): ACTION: CPU - Setting CPU[0] to 2572800
I/ThermalEngine(  367): ACTION: CPU - Setting CPU[1] to 2572800
I/ThermalEngine(  367): ACTION: CPU - Setting CPU[2] to 2572800
I/ThermalEngine(  367): ACTION: CPU - Setting CPU[3] to 2572800
I/art     ( 8475): Explicit concurrent mark sweep GC freed 3(96B) AllocSpace objects, 0(0B) LOS objects, 26% free, 43MB/59MB, paused 993us total 22.200ms
I/art     ( 8475): Explicit concurrent mark sweep GC freed 10(576B) AllocSpace objects, 0(0B) LOS objects, 26% free, 43MB/59MB, paused 1.061ms total 23.861ms
D/Mono    ( 8475): [0x964b3c00] worker finishing
I/ThermalEngine(  367): ACTION: CPU - Setting CPU[0] to 2649600
I/ThermalEngine(  367): ACTION: CPU - Setting CPU[1] to 2649600
I/ThermalEngine(  367): ACTION: CPU - Setting CPU[2] to 2649600
I/ThermalEngine(  367): ACTION: CPU - Setting CPU[3] to 2649600
I/System.out( 8475): URI: /map
I/System.out( 8475): params: {json={"query":"* marked:'Job 3' parent * child * marked:'quickApplyButton'","operation":{"method_name":"query","arguments":[]}}
I/System.out( 8475): }
W/ResourceType( 8475): No known package when getting name for resource number 0xffffffff
W/ResourceType( 8475): No known package when getting name for resource number 0xffffffff
W/ResourceType( 8475): No known package when getting name for resource number 0xffffffff
W/ResourceType( 8475): No known package when getting name for resource number 0xffffffff
W/ResourceType( 8475): No known package when getting name for resource number 0xffffffff
W/ResourceType( 8475): No known package when getting name for resource number 0xffffffff
W/ResourceType( 8475): No known package when getting name for resource number 0xffffffff
W/ResourceType( 8475): No known package when getting name for resource number 0xffffffff
W/ResourceType( 8475): No known package when getting name for resource number 0xffffffff
W/ResourceType( 8475): No known package when getting name for resource number 0xffffffff
W/ResourceType( 8475): No known package when getting name for resource number 0xffffffff
W/ResourceType( 8475): No known package when getting name for resource number 0xffffffff
W/ResourceType( 8475): No known package when getting name for resource number 0xffffffff
W/ResourceType( 8475): No known package when getting name for resource number 0xffffffff
W/ResourceType( 8475): No known package when getting name for resource number 0xffffffff
W/ResourceType( 8475): No known package when getting name for resource number 0xffffffff
W/ResourceType( 8475): No known package when getting name for resource number 0xffffffff
W/ResourceType( 8475): No known package when getting name for resource number 0xffffffff
W/ResourceType( 8475): No known package when getting name for resource number 0xffffffff
W/ResourceType( 8475): No known package when getting name for resource number 0xffffffff
W/ResourceType( 8475): No known package when getting name for resource number 0xffffffff
W/ResourceType( 8475): No known package when getting name for resource number 0xffffffff
W/ResourceType( 8475): No known package when getting name for resource number 0xffffffff
W/ResourceType( 8475): No known package when getting name for resource number 0xffffffff
W/ResourceType( 8475): No known package when getting name for resource number 0xffffffff
W/ResourceType( 8475): No known package when getting name for resource number 0xffffffff
W/ResourceType( 8475): No known package when getting name for resource number 0xffffffff
W/ResourceType( 8475): No known package when getting name for resource number 0xffffffff
W/ResourceType( 8475): No known package when getting name for resource number 0xffffffff
W/ResourceType( 8475): No known package when getting name for resource number 0xffffffff
W/ResourceType( 8475): No known package when getting name for resource number 0xffffffff
W/ResourceType( 8475): No known package when getting name for resource number 0xffffffff
W/ResourceType( 8475): No known package when getting name for resource number 0xffffffff
W/ResourceType( 8475): No known package when getting name for resource number 0xffffffff
W/ResourceType( 8475): No known package when getting name for resource number 0xffffffff
W/ResourceType( 8475): No known package when getting name for resource number 0xffffffff
W/ResourceType( 8475): No known package when getting name for resource number 0xffffffff
W/ResourceType( 8475): No known package when getting name for resource number 0xffffffff
W/ResourceType( 8475): No known package when getting name for resource number 0xffffffff
W/ResourceType( 8475): No known package when getting name for resource number 0xffffffff
W/ResourceType( 8475): No known package when getting name for resource number 0xffffffff
W/ResourceType( 8475): No known package when getting name for resource number 0xffffffff
W/ResourceType( 8475): No known package when getting name for resource number 0xffffffff
W/ResourceType( 8475): No known package when getting name for resource number 0xffffffff
W/ResourceType( 8475): No known package when getting name for resource number 0xffffffff
W/ResourceType( 8475): No known package when getting name for resource number 0xffffffff
W/ResourceType( 8475): No known package when getting name for resource number 0xffffffff
W/ResourceType( 8475): No known package when getting name for resource number 0xffffffff
W/ResourceType( 8475): No known package when getting name for resource number 0xffffffff
W/ResourceType( 8475): No known package when getting name for resource number 0xffffffff
W/ResourceType( 8475): No known package when getting name for resource number 0xffffffff
W/ResourceType( 8475): No known package when getting name for resource number 0xffffffff
W/ResourceType( 8475): No known package when getting name for resource number 0xffffffff
W/ResourceType( 8475): No known package when getting name for resource number 0xffffffff
W/ResourceType( 8475): No known package when getting name for resource number 0xffffffff
W/ResourceType( 8475): No known package when getting name for resource number 0xffffffff
D/Mono    ( 8475): [0x964b5280] worker finishing
W/ResourceType( 8475): No known package when getting name for resource number 0xffffffff
W/ResourceType( 8475): No known package when getting name for resource number 0xffffffff
W/ResourceType( 8475): No known package when getting name for resource number 0xffffffff
W/ResourceType( 8475): No known package when getting name for resource number 0xffffffff
W/ResourceType( 8475): No known package when getting name for resource number 0xffffffff
W/ResourceType( 8475): No known package when getting name for resource number 0xffffffff
W/ResourceType( 8475): No known package when getting name for resource number 0xffffffff
W/ResourceType( 8475): No known package when getting name for resource number 0xffffffff
W/ResourceType( 8475): No known package when getting name for resource number 0xffffffff
W/ResourceType( 8475): No known package when getting name for resource number 0xffffffff
W/ResourceType( 8475): No known package when getting name for resource number 0xffffffff
W/ResourceType( 8475): No known package when getting name for resource number 0xffffffff
W/ResourceType( 8475): No known package when getting name for resource number 0xffffffff
W/ResourceType( 8475): No known package when getting name for resource number 0xffffffff
W/ResourceType( 8475): No known package when getting name for resource number 0xffffffff
W/ResourceType( 8475): No known package when getting name for resource number 0xffffffff
I/System.out( 8475): URI: /map
I/System.out( 8475): params: {json={"query":"* marked:'Job 3' parent * child * marked:'careerbuilderApply'","operation":{"method_name":"query","arguments":[]}}
I/System.out( 8475): }
W/ResourceType( 8475): No known package when getting name for resource number 0xffffffff
W/ResourceType( 8475): No known package when getting name for resource number 0xffffffff
W/ResourceType( 8475): No known package when getting name for resource number 0xffffffff
W/ResourceType( 8475): No known package when getting name for resource number 0xffffffff
W/ResourceType( 8475): No known package when getting name for resource number 0xffffffff
W/ResourceType( 8475): No known package when getting name for resource number 0xffffffff
W/ResourceType( 8475): No known package when getting name for resource number 0xffffffff
W/ResourceType( 8475): No known package when getting name for resource number 0xffffffff
W/ResourceType( 8475): No known package when getting name for resource number 0xffffffff
W/ResourceType( 8475): No known package when getting name for resource number 0xffffffff
W/ResourceType( 8475): No known package when getting name for resource number 0xffffffff
W/ResourceType( 8475): No known package when getting name for resource number 0xffffffff
W/ResourceType( 8475): No known package when getting name for resource number 0xffffffff
W/ResourceType( 8475): No known package when getting name for resource number 0xffffffff
W/ResourceType( 8475): No known package when getting name for resource number 0xffffffff
W/ResourceType( 8475): No known package when getting name for resource number 0xffffffff
W/ResourceType( 8475): No known package when getting name for resource number 0xffffffff
W/ResourceType( 8475): No known package when getting name for resource number 0xffffffff
W/ResourceType( 8475): No known package when getting name for resource number 0xffffffff
W/ResourceType( 8475): No known package when getting name for resource number 0xffffffff
W/ResourceType( 8475): No known package when getting name for resource number 0xffffffff
W/ResourceType( 8475): No known package when getting name for resource number 0xffffffff
W/ResourceType( 8475): No known package when getting name for resource number 0xffffffff
W/ResourceType( 8475): No known package when getting name for resource number 0xffffffff
W/ResourceType( 8475): No known package when getting name for resource number 0xffffffff
W/ResourceType( 8475): No known package when getting name for resource number 0xffffffff
W/ResourceType( 8475): No known package when getting name for resource number 0xffffffff
W/ResourceType( 8475): No known package when getting name for resource number 0xffffffff
W/ResourceType( 8475): No known package when getting name for resource number 0xffffffff
W/ResourceType( 8475): No known package when getting name for resource number 0xffffffff
W/ResourceType( 8475): No known package when getting name for resource number 0xffffffff
W/ResourceType( 8475): No known package when getting name for resource number 0xffffffff
W/ResourceType( 8475): No known package when getting name for resource number 0xffffffff
W/ResourceType( 8475): No known package when getting name for resource number 0xffffffff
W/ResourceType( 8475): No known package when getting name for resource number 0xffffffff
W/ResourceType( 8475): No known package when getting name for resource number 0xffffffff
W/ResourceType( 8475): No known package when getting name for resource number 0xffffffff
W/ResourceType( 8475): No known package when getting name for resource number 0xffffffff
W/ResourceType( 8475): No known package when getting name for resource number 0xffffffff
W/ResourceType( 8475): No known package when getting name for resource number 0xffffffff
W/ResourceType( 8475): No known package when getting name for resource number 0xffffffff
W/ResourceType( 8475): No known package when getting name for resource number 0xffffffff
W/ResourceType( 8475): No known package when getting name for resource number 0xffffffff
W/ResourceType( 8475): No known package when getting name for resource number 0xffffffff
W/ResourceType( 8475): No known package when getting name for resource number 0xffffffff
W/ResourceType( 8475): No known package when getting name for resource number 0xffffffff
W/ResourceType( 8475): No known package when getting name for resource number 0xffffffff
W/ResourceType( 8475): No known package when getting name for resource number 0xffffffff
W/ResourceType( 8475): No known package when getting name for resource number 0xffffffff
W/ResourceType( 8475): No known package when getting name for resource number 0xffffffff
W/ResourceType( 8475): No known package when getting name for resource number 0xffffffff
W/ResourceType( 8475): No known package when getting name for resource number 0xffffffff
W/ResourceType( 8475): No known package when getting name for resource number 0xffffffff
W/ResourceType( 8475): No known package when getting name for resource number 0xffffffff
W/ResourceType( 8475): No known package when getting name for resource number 0xffffffff
W/ResourceType( 8475): No known package when getting name for resource number 0xffffffff
W/ResourceType( 8475): No known package when getting name for resource number 0xffffffff
W/ResourceType( 8475): No known package when getting name for resource number 0xffffffff
W/ResourceType( 8475): No known package when getting name for resource number 0xffffffff
W/ResourceType( 8475): No known package when getting name for resource number 0xffffffff
W/ResourceType( 8475): No known package when getting name for resource number 0xffffffff
W/ResourceType( 8475): No known package when getting name for resource number 0xffffffff
W/ResourceType( 8475): No known package when getting name for resource number 0xffffffff
W/ResourceType( 8475): No known package when getting name for resource number 0xffffffff
W/ResourceType( 8475): No known package when getting name for resource number 0xffffffff
W/ResourceType( 8475): No known package when getting name for resource number 0xffffffff
W/ResourceType( 8475): No known package when getting name for resource number 0xffffffff
I/art     ( 8475): Explicit concurrent mark sweep GC freed 121628(4MB) AllocSpace objects, 5(80KB) LOS objects, 26% free, 43MB/59MB, paused 1.320ms total 44.136ms
W/ResourceType( 8475): No known package when getting name for resource number 0xffffffff
W/ResourceType( 8475): No known package when getting name for resource number 0xffffffff
W/ResourceType( 8475): No known package when getting name for resource number 0xffffffff
W/ResourceType( 8475): No known package when getting name for resource number 0xffffffff
I/art     ( 8475): Explicit concurrent mark sweep GC freed 1365(57KB) AllocSpace objects, 0(0B) LOS objects, 26% free, 43MB/59MB, paused 1.111ms total 23.595ms
W/ResourceType( 8475): No known package when getting name for resource number 0xffffffff
I/art     ( 8475): Explicit concurrent mark sweep GC freed 18808(775KB) AllocSpace objects, 0(0B) LOS objects, 26% free, 43MB/59MB, paused 1.565ms total 27.600ms
I/art     ( 8475): Explicit concurrent mark sweep GC freed 8084(344KB) AllocSpace objects, 2(32KB) LOS objects, 26% free, 43MB/59MB, paused 757us total 23.081ms
I/art     ( 8475): Explicit concurrent mark sweep GC freed 15(600B) AllocSpace objects, 0(0B) LOS objects, 26% free, 43MB/59MB, paused 915us total 21.790ms
I/art     ( 8475): Explicit concurrent mark sweep GC freed 1887(118KB) AllocSpace objects, 1(16KB) LOS objects, 26% free, 43MB/59MB, paused 2.788ms total 51.852ms
I/art     ( 8475): Explicit concurrent mark sweep GC freed 34(1672B) AllocSpace objects, 0(0B) LOS objects, 26% free, 43MB/59MB, paused 1.006ms total 27.649ms
I/art     ( 8475): Explicit concurrent mark sweep GC freed 3(96B) AllocSpace objects, 0(0B) LOS objects, 26% free, 43MB/59MB, paused 845us total 24.480ms
I/art     ( 8475): Explicit concurrent mark sweep GC freed 10(576B) AllocSpace objects, 0(0B) LOS objects, 26% free, 43MB/59MB, paused 1.132ms total 24.105ms
I/art     ( 8475): Explicit concurrent mark sweep GC freed 10(576B) AllocSpace objects, 0(0B) LOS objects, 26% free, 43MB/59MB, paused 1.179ms total 24.878ms

]]><xtc-duration value="114.299751"/></xtc-step><!-- name: "undefined", id: "undefined" --><![CDATA[
E/WifiStateMachine(  818): WifiStateMachine CMD_START_SCAN source -2 txSuccessRate=0.43 rxSuccessRate=0.26 targetRoamBSSID=any RSSI=-49
E/WifiStateMachine(  818): WifiStateMachine starting scan for "xtc-ag"WPA_PSK with 5240,2437,5180
D/Mono    ( 8475): [0x9cb94c00] worker finishing

]]><xtc-step name="[0-1096]CareerBuilder_Search.DroidFeatureTests.JobResultsPageTests.CBApplyAndQuickApplyDoesNotShowsWhenSharedApply-0-NA-FinalScreenShot" id="[0-1096]CareerBuilder_Search.DroidFeatureTests.JobResultsPageTests.CBApplyAndQuickApplyDoesNotShowsWhenSharedApply-0-NA-FinalScreenShot"><![CDATA[

]]><xtc-duration value="1.6397674999999998"/></xtc-step><!-- name: "undefined", id: "undefined" --><![CDATA[
I/art     ( 8475): Explicit concurrent mark sweep GC freed 1889(117KB) AllocSpace objects, 1(16KB) LOS objects, 26% free, 43MB/59MB, paused 904us total 23.929ms
I/art     ( 8475): Explicit concurrent mark sweep GC freed 27(1192B) AllocSpace objects, 0(0B) LOS objects, 26% free, 43MB/59MB, paused 1.124ms total 23.131ms
I/art     ( 8475): Explicit concurrent mark sweep GC freed 10(576B) AllocSpace objects, 0(0B) LOS objects, 26% free, 43MB/59MB, paused 1.436ms total 25.070ms
I/art     ( 8475): Explicit concurrent mark sweep GC freed 3(96B) AllocSpace objects, 0(0B) LOS objects, 26% free, 43MB/59MB, paused 1.515ms total 25.310ms
I/art     ( 8475): Explicit concurrent mark sweep GC freed 10(576B) AllocSpace objects, 0(0B) LOS objects, 26% free, 43MB/59MB, paused 1.145ms total 23.117ms
W/ip      ( 9375): type=1400 audit(0.0:20): avc: denied { search } for name="net" dev="dm-0" ino=1081351 scontext=u:r:shell:s0 tcontext=u:object_r:net_data_file:s0 tclass=dir permissive=0

]]><xtc-duration value="122.0595737" skip="false"/></xtc-scenario><!-- name: "undefined", id: "undefined" --><![CDATA[
I/art     ( 8475): Explicit concurrent mark sweep GC freed 1883(117KB) AllocSpace objects, 1(16KB) LOS objects, 26% free, 43MB/59MB, paused 1.596ms total 52.126ms
I/art     ( 8475): Explicit concurrent mark sweep GC freed 27(1192B) AllocSpace objects, 0(0B) LOS objects, 26% free, 43MB/59MB, paused 1.507ms total 25.432ms
I/art     ( 8475): Explicit concurrent mark sweep GC freed 10(576B) AllocSpace objects, 0(0B) LOS objects, 26% free, 43MB/59MB, paused 1.912ms total 25.311ms
I/art     ( 8475): Explicit concurrent mark sweep GC freed 10(576B) AllocSpace objects, 0(0B) LOS objects, 26% free, 43MB/59MB, paused 1ms total 24.531ms
I/art     ( 8475): Explicit concurrent mark sweep GC freed 10(576B) AllocSpace objects, 0(0B) LOS objects, 26% free, 43MB/59MB, paused 1.872ms total 25.236ms
D/Mono    ( 8475): [0x97ff1080] worker finishing
D/Mono    ( 8475): [0x9cb94200] worker finishing
I/art     ( 8475): Explicit concurrent mark sweep GC freed 1909(119KB) AllocSpace objects, 1(16KB) LOS objects, 26% free, 43MB/59MB, paused 1.057ms total 26.633ms
I/art     ( 8475): Explicit concurrent mark sweep GC freed 27(1192B) AllocSpace objects, 0(0B) LOS objects, 26% free, 43MB/59MB, paused 1.181ms total 24.133ms
I/art     ( 8475): Explicit concurrent mark sweep GC freed 3(96B) AllocSpace objects, 0(0B) LOS objects, 26% free, 43MB/59MB, paused 2.136ms total 25.575ms
I/art     ( 8475): Explicit concurrent mark sweep GC freed 10(576B) AllocSpace objects, 0(0B) LOS objects, 26% free, 43MB/59MB, paused 1.214ms total 24.625ms
I/art     ( 8475): Explicit concurrent mark sweep GC freed 10(576B) AllocSpace objects, 0(0B) LOS objects, 26% free, 43MB/59MB, paused 1.285ms total 24.784ms
