D/Mono    ( 8354): Assembly Ref addref System.Reactive.Linq[0xb4b73220] -> System.Reactive.Core[0xb4b73160]: 5
D/Mono    ( 8354): Assembly Ref addref Akavache[0xb4a256a0] -> System.Core[0xb4b73ac0]: 11
D/Mono    ( 8354): Assembly Ref addref System.Reactive.Linq[0xb4b73220] -> System.Resources.ResourceManager[0x9bc979a0]: 5
D/Mono    ( 8354): [0x9cb90800] hill climbing, change max number of threads 4
D/Mono    ( 8354): Assembly Ref addref CareerBuilder_Search[0xb4b73460] -> System.Reactive.Linq[0xb4b73220]: 4
D/Mono    ( 8354): Assembly Ref addref CareerBuilder_Search[0xb4b73460] -> Akavache[0xb4a256a0]: 4
D/Mono    ( 8354): Assembly Ref addref Akavache.Sqlite3[0xb4a25700] -> System.Reactive.Core[0xb4b73160]: 6
D/Mono    ( 8354): Assembly Ref addref Akavache.Sqlite3[0xb4a25700] -> System.Reactive.Interfaces[0xb4b731c0]: 6
D/Mono    ( 8354): Assembly Ref addref Akavache.Sqlite3[0xb4a25700] -> System.Reactive.Linq[0xb4b73220]: 5
D/Mono    ( 8354): Unloading image System.Runtime.Extensions.dll [0xaec75e00].
D/Mono    ( 8354): Image addref System.Runtime.Extensions[0xaec28e20] -> System.Runtime.Extensions.dll[0x9beddb00]: 5
D/Mono    ( 8354): Config attempting to parse: 'System.Runtime.Extensions.dll.config'.
D/Mono    ( 8354): Config attempting to parse: '/Users/builder/data/lanes/4009/3a62f1ea/source/monodroid/builds/install/mono-armv6/etc/mono/assemblies/System.Runtime.Extensions/System.Runtime.Extensions.config'.
D/Mono    ( 8354): Assembly Ref addref Akavache.Sqlite3[0xb4a25700] -> System.Runtime.Extensions[0x9bc97fa0]: 3
D/Mono    ( 8354): Unloading image System.Linq.dll [0xaec75e00].
D/Mono    ( 8354): Image addref System.Linq[0xaec28e20] -> System.Linq.dll[0xb4b7cf00]: 6
D/Mono    ( 8354): Config attempting to parse: 'System.Linq.dll.config'.
D/Mono    ( 8354): Config attempting to parse: '/Users/builder/data/lanes/4009/3a62f1ea/source/monodroid/builds/install/mono-armv6/etc/mono/assemblies/System.Linq/System.Linq.config'.
D/Mono    ( 8354): Assembly Ref addref System.Reactive.Linq[0xb4b73220] -> System.Linq[0xb4b73940]: 4
D/Mono    ( 8354): Assembly Ref addref System.Runtime[0xb4b73580] -> System.Core[0xb4b73ac0]: 12
I/System.out( 8354): URI: /map
I/System.out( 8354): params: {json={"query":"* id:'agreeAndContinueButton'","operation":{"method_name":"query","arguments":[]}}
I/System.out( 8354): }
D/Mono    ( 8354): Unloading image System.Threading.dll [0xaec75e00].
D/Mono    ( 8354): Image addref System.Threading[0xaec28e20] -> System.Threading.dll[0xb4b79800]: 8
D/Mono    ( 8354): Config attempting to parse: 'System.Threading.dll.config'.
D/Mono    ( 8354): Config attempting to parse: '/Users/builder/data/lanes/4009/3a62f1ea/source/monodroid/builds/install/mono-armv6/etc/mono/assemblies/System.Threading/System.Threading.config'.
D/Mono    ( 8354): Assembly Ref addref System.Reactive.Linq[0xb4b73220] -> System.Threading[0xb4b736a0]: 6
I/AppsFlyer_3.01-709607953( 8354): response code: 200
I/AppsFlyer_3.01-709608067( 8354): response code: 200
D/Mono    ( 8354): Assembly Ref addref Akavache[0xb4a256a0] -> System.Reactive.PlatformServices[0xb4b73280]: 2
D/Mono    ( 8354): Unloading image System.Globalization.dll [0xaec75e00].
D/Mono    ( 8354): Image addref System.Globalization[0xaec28e20] -> System.Globalization.dll[0x9bedd600]: 5
D/Mono    ( 8354): Config attempting to parse: 'System.Globalization.dll.config'.
D/Mono    ( 8354): Config attempting to parse: '/Users/builder/data/lanes/4009/3a62f1ea/source/monodroid/builds/install/mono-armv6/etc/mono/assemblies/System.Globalization/System.Globalization.config'.
D/Mono    ( 8354): Assembly Ref addref System.Reactive.Linq[0xb4b73220] -> System.Globalization[0x9bc97b20]: 3
D/Mono    ( 8354): Unloading image System.Runtime.Extensions.dll [0xaec75e00].
D/Mono    ( 8354): Image addref System.Runtime.Extensions[0xaec28e20] -> System.Runtime.Extensions.dll[0x9beddb00]: 6
D/Mono    ( 8354): Config attempting to parse: 'System.Runtime.Extensions.dll.config'.
D/Mono    ( 8354): Config attempting to parse: '/Users/builder/data/lanes/4009/3a62f1ea/source/monodroid/builds/install/mono-armv6/etc/mono/assemblies/System.Runtime.Extensions/System.Runtime.Extensions.config'.
D/Mono    ( 8354): Assembly Ref addref System.Reactive.Core[0xb4b73160] -> System.Runtime.Extensions[0x9bc97fa0]: 4
D/Mono    ( 8354): Assembly Ref addref System.Runtime.Extensions[0x9bc97fa0] -> System[0xb4b73760]: 9
D/Mono    ( 8354): Unloading image System.Globalization.dll [0xaec75e00].
D/Mono    ( 8354): Image addref System.Globalization[0xaec28e20] -> System.Globalization.dll[0x9bedd600]: 6
D/Mono    ( 8354): Config attempting to parse: 'System.Globalization.dll.config'.
D/Mono    ( 8354): Config attempting to parse: '/Users/builder/data/lanes/4009/3a62f1ea/source/monodroid/builds/install/mono-armv6/etc/mono/assemblies/System.Globalization/System.Globalization.config'.
D/Mono    ( 8354): Assembly Ref addref System.Reactive.Core[0xb4b73160] -> System.Globalization[0x9bc97b20]: 4
D/Mono    ( 8354): Unloading image System.Threading.Tasks.dll [0xaec75e00].
D/Mono    ( 8354): Image addref System.Threading.Tasks[0xaec28e20] -> System.Threading.Tasks.dll[0x9a140b00]: 7
D/Mono    ( 8354): Config attempting to parse: 'System.Threading.Tasks.dll.config'.
D/Mono    ( 8354): Config attempting to parse: '/Users/builder/data/lanes/4009/3a62f1ea/source/monodroid/builds/install/mono-armv6/etc/mono/assemblies/System.Threading.Tasks/System.Threading.Tasks.config'.
D/Mono    ( 8354): Assembly Ref addref System.Reactive.Core[0xb4b73160] -> System.Threading.Tasks[0x9a19d400]: 5
D/Mono    ( 8354): [0x97f6d200] worker starting
D/Mono    ( 8354): [0xaec52f00] worker starting
D/Mono    ( 8354): Unloading image System.Collections.dll [0xaec75e00].
D/Mono    ( 8354): Image addref System.Collections[0xaedc3280] -> System.Collections.dll[0xb4b7ac00]: 8
D/Mono    ( 8354): Config attempting to parse: 'System.Collections.dll.config'.
D/Mono    ( 8354): Config attempting to parse: '/Users/builder/data/lanes/4009/3a62f1ea/source/monodroid/builds/install/mono-armv6/etc/mono/assemblies/System.Collections/System.Collections.config'.
D/Mono    ( 8354): Assembly Ref addref Akavache.Sqlite3[0xb4a25700] -> System.Collections[0xb4b73820]: 6
D/Mono    ( 8354): Unloading image SQLitePCL.raw.dll [0xaec75e00].
D/Mono    ( 8354): Image addref SQLitePCL.raw[0xaedc3280] -> SQLitePCL.raw.dll[0xb4b76b00]: 5
D/Mono    ( 8354): Config attempting to parse: 'SQLitePCL.raw.dll.config'.
D/Mono    ( 8354): Config attempting to parse: '/Users/builder/data/lanes/4009/3a62f1ea/source/monodroid/builds/install/mono-armv6/etc/mono/assemblies/SQLitePCL.raw/SQLitePCL.raw.config'.
D/Mono    ( 8354): Assembly Ref addref Akavache.Sqlite3[0xb4a25700] -> SQLitePCL.raw[0xb4b73400]: 2
D/Mono    ( 8354): Assembly Ref addref SQLitePCL.raw[0xb4b73400] -> mscorlib[0xb4a25520]: 42
D/Mono    ( 8354): Assembly Ref addref Splat[0xb4a25760] -> System[0xb4b73760]: 10
D/Mono    ( 8354): DllImport attempting to load: '/system/lib/libsqlite.so'.
D/Mono    ( 8354): DllImport loaded library '/system/lib/libsqlite.so'.
D/Mono    ( 8354): DllImport searching in: '/system/lib/libsqlite.so' ('/system/lib/libsqlite.so').
D/Mono    ( 8354): Searching for 'sqlite3_open_v2'.
D/Mono    ( 8354): Probing 'sqlite3_open_v2'.
D/Mono    ( 8354): Found as 'sqlite3_open_v2'.
D/Mono    ( 8354): DllImport searching in: '/system/lib/libsqlite.so' ('/system/lib/libsqlite.so').
D/Mono    ( 8354): Searching for 'sqlite3_busy_timeout'.
D/Mono    ( 8354): Probing 'sqlite3_busy_timeout'.
D/Mono    ( 8354): Found as 'sqlite3_busy_timeout'.
D/Mono    ( 8354): Unloading image System.Threading.Tasks.dll [0xaec7a900].
D/Mono    ( 8354): Image addref System.Threading.Tasks[0xaedc3640] -> System.Threading.Tasks.dll[0x9a140b00]: 8
D/Mono    ( 8354): Config attempting to parse: 'System.Threading.Tasks.dll.config'.
D/Mono    ( 8354): Config attempting to parse: '/Users/builder/data/lanes/4009/3a62f1ea/source/monodroid/builds/install/mono-armv6/etc/mono/assemblies/System.Threading.Tasks/System.Threading.Tasks.config'.
D/Mono    ( 8354): Assembly Ref addref Akavache.Sqlite3[0xb4a25700] -> System.Threading.Tasks[0x9a19d400]: 6
D/Mono    ( 8354): Unloading image System.Linq.dll [0xaec7a900].
D/Mono    ( 8354): Image addref System.Linq[0xaedc3640] -> System.Linq.dll[0xb4b7cf00]: 7
D/Mono    ( 8354): Config attempting to parse: 'System.Linq.dll.config'.
D/Mono    ( 8354): Config attempting to parse: '/Users/builder/data/lanes/4009/3a62f1ea/source/monodroid/builds/install/mono-armv6/etc/mono/assemblies/System.Linq/System.Linq.config'.
D/Mono    ( 8354): Assembly Ref addref Akavache.Sqlite3[0xb4a25700] -> System.Linq[0xb4b73940]: 5
D/Mono    ( 8354): DllImport searching in: '/system/lib/libsqlite.so' ('/system/lib/libsqlite.so').
D/Mono    ( 8354): Searching for 'sqlite3_prepare_v2'.
D/Mono    ( 8354): Probing 'sqlite3_prepare_v2'.
D/Mono    ( 8354): Found as 'sqlite3_prepare_v2'.
D/Mono    ( 8354): DllImport searching in: '/system/lib/libsqlite.so' ('/system/lib/libsqlite.so').
D/Mono    ( 8354): Searching for 'sqlite3_step'.
D/Mono    ( 8354): Probing 'sqlite3_step'.
D/Mono    ( 8354): Found as 'sqlite3_step'.
D/Mono    ( 8354): DllImport searching in: '/system/lib/libsqlite.so' ('/system/lib/libsqlite.so').
D/Mono    ( 8354): Searching for 'sqlite3_column_type'.
D/Mono    ( 8354): Probing 'sqlite3_column_type'.
D/Mono    ( 8354): Found as 'sqlite3_column_type'.
D/Mono    ( 8354): Unloading image System.Reflection.dll [0xaec79f00].
D/Mono    ( 8354): Image addref System.Reflection[0xaedc3640] -> System.Reflection.dll[0xb4b79300]: 8
D/Mono    ( 8354): Config attempting to parse: 'System.Reflection.dll.config'.
D/Mono    ( 8354): Config attempting to parse: '/Users/builder/data/lanes/4009/3a62f1ea/source/monodroid/builds/install/mono-armv6/etc/mono/assemblies/System.Reflection/System.Reflection.config'.
D/Mono    ( 8354): Assembly Ref addref Akavache.Sqlite3[0xb4a25700] -> System.Reflection[0xb4b73640]: 6
D/Mono    ( 8354): DllImport searching in: '/system/lib/libsqlite.so' ('/system/lib/libsqlite.so').
D/Mono    ( 8354): Searching for 'sqlite3_column_int'.
D/Mono    ( 8354): Probing 'sqlite3_column_int'.
D/Mono    ( 8354): Found as 'sqlite3_column_int'.
D/Mono    ( 8354): DllImport searching in: '/system/lib/libsqlite.so' ('/system/lib/libsqlite.so').
D/Mono    ( 8354): Searching for 'sqlite3_finalize'.
D/Mono    ( 8354): Probing 'sqlite3_finalize'.
D/Mono    ( 8354): Found as 'sqlite3_finalize'.
D/Mono    ( 8354): DllImport searching in: '/system/lib/libsqlite.so' ('/system/lib/libsqlite.so').
D/Mono    ( 8354): Searching for 'sqlite3_changes'.
D/Mono    ( 8354): Probing 'sqlite3_changes'.
D/Mono    ( 8354): Found as 'sqlite3_changes'.
D/Mono    ( 8354): Assembly Ref addref Akavache.Sqlite3[0xb4a25700] -> System.Reflection.Extensions[0xb4b73be0]: 4
D/Mono    ( 8354): DllImport searching in: '/system/lib/libsqlite.so' ('/system/lib/libsqlite.so').
D/Mono    ( 8354): Searching for 'sqlite3_column_count'.
D/Mono    ( 8354): Probing 'sqlite3_column_count'.
D/Mono    ( 8354): Found as 'sqlite3_column_count'.
D/Mono    ( 8354): DllImport searching in: '/system/lib/libsqlite.so' ('/system/lib/libsqlite.so').
D/Mono    ( 8354): Searching for 'sqlite3_column_name'.
D/Mono    ( 8354): Probing 'sqlite3_column_name'.
D/Mono    ( 8354): Found as 'sqlite3_column_name'.
D/Mono    ( 8354): DllImport searching in: '/system/lib/libsqlite.so' ('/system/lib/libsqlite.so').
D/Mono    ( 8354): Searching for 'sqlite3_column_text'.
D/Mono    ( 8354): Probing 'sqlite3_column_text'.
D/Mono    ( 8354): Found as 'sqlite3_column_text'.
E/SQLiteLog( 8354): (1) no such table: SchemaInfo
D/Mono    ( 8354): DllImport searching in: '/system/lib/libsqlite.so' ('/system/lib/libsqlite.so').
D/Mono    ( 8354): Searching for 'sqlite3_errmsg'.
D/Mono    ( 8354): Probing 'sqlite3_errmsg'.
D/Mono    ( 8354): Found as 'sqlite3_errmsg'.
D/Mono    ( 8354): DllImport searching in: '/system/lib/libsqlite.so' ('/system/lib/libsqlite.so').
D/Mono    ( 8354): Searching for 'sqlite3_bind_int'.
D/Mono    ( 8354): Probing 'sqlite3_bind_int'.
D/Mono    ( 8354): Found as 'sqlite3_bind_int'.
D/Mono    ( 8354): DllImport searching in: '/system/lib/libsqlite.so' ('/system/lib/libsqlite.so').
D/Mono    ( 8354): Searching for 'sqlite3_reset'.
D/Mono    ( 8354): Probing 'sqlite3_reset'.
D/Mono    ( 8354): Found as 'sqlite3_reset'.
D/Mono    ( 8354): Unloading image System.Threading.dll [0xaec7c700].
D/Mono    ( 8354): Image addref System.Threading[0xaedc3820] -> System.Threading.dll[0xb4b79800]: 9
D/Mono    ( 8354): Config attempting to parse: 'System.Threading.dll.config'.
D/Mono    ( 8354): Config attempting to parse: '/Users/builder/data/lanes/4009/3a62f1ea/source/monodroid/builds/install/mono-armv6/etc/mono/assemblies/System.Threading/System.Threading.config'.
D/Mono    ( 8354): Assembly Ref addref Akavache.Sqlite3[0xb4a25700] -> System.Threading[0xb4b736a0]: 7
D/Mono    ( 8354): DllImport searching in: '/system/lib/libsqlite.so' ('/system/lib/libsqlite.so').
D/Mono    ( 8354): Searching for 'sqlite3_bind_text'.
D/Mono    ( 8354): Probing 'sqlite3_bind_text'.
D/Mono    ( 8354): Found as 'sqlite3_bind_text'.
D/Mono    ( 8354): Unloading image Newtonsoft.Json.dll [0x9a299400].
D/Mono    ( 8354): Image addref Newtonsoft.Json[0x97f559a0] -> Newtonsoft.Json.dll[0xb4849d00]: 5
D/Mono    ( 8354): Config attempting to parse: 'Newtonsoft.Json.dll.config'.
D/Mono    ( 8354): Config attempting to parse: '/Users/builder/data/lanes/4009/3a62f1ea/source/monodroid/builds/install/mono-armv6/etc/mono/assemblies/Newtonsoft.Json/Newtonsoft.Json.config'.
D/Mono    ( 8354): Assembly Ref addref Akavache.Sqlite3[0xb4a25700] -> Newtonsoft.Json[0xb4b730a0]: 3
D/Mono    ( 8354): Image addref System.IO[0x97f559a0] -> System.IO.dll[0x9a299400]: 2
D/Mono    ( 8354): Prepared to set up assembly 'System.IO' (System.IO.dll)
D/Mono    ( 8354): Assembly System.IO[0x97f559a0] added to domain RootDomain, ref_count=1
D/Mono    ( 8354): AOT module 'System.IO.dll.so' not found: dlopen failed: library "/data/app/com.careerbuilder.SugarDrone-1/lib/arm/libaot-System.IO.dll.so" not found
D/Mono    ( 8354): AOT module '/Users/builder/data/lanes/4009/3a62f1ea/source/monodroid/builds/install/mono-armv6/lib/mono/aot-cache/arm/System.IO.dll.so' not found: dlopen failed: library "/data/app/com.careerbuilder.SugarDrone-1/lib/arm/libaot-System.IO.dll.so" not found
D/Mono    ( 8354): Config attempting to parse: 'System.IO.dll.config'.
D/Mono    ( 8354): Config attempting to parse: '/Users/builder/data/lanes/4009/3a62f1ea/source/monodroid/builds/install/mono-armv6/etc/mono/assemblies/System.IO/System.IO.config'.
D/Mono    ( 8354): Assembly Ref addref Akavache.Sqlite3[0xb4a25700] -> System.IO[0x97f559a0]: 2
D/Mono    ( 8354): Assembly Ref addref System.IO[0x97f559a0] -> mscorlib[0xb4a25520]: 43
D/Mono    ( 8354): Image addref System.Runtime.Serialization.Primitives[0x97f55940] -> System.Runtime.Serialization.Primitives.dll[0x9a298f00]: 2
D/Mono    ( 8354): Prepared to set up assembly 'System.Runtime.Serialization.Primitives' (System.Runtime.Serialization.Primitives.dll)
D/Mono    ( 8354): Assembly System.Runtime.Serialization.Primitives[0x97f55940] added to domain RootDomain, ref_count=1
D/Mono    ( 8354): AOT module 'System.Runtime.Serialization.Primitives.dll.so' not found: dlopen failed: library "/data/app/com.careerbuilder.SugarDrone-1/lib/arm/libaot-System.Runtime.Serialization.Primitives.dll.so" not found
D/Mono    ( 8354): AOT module '/Users/builder/data/lanes/4009/3a62f1ea/source/monodroid/builds/install/mono-armv6/lib/mono/aot-cache/arm/System.Runtime.Serialization.Primitives.dll.so' not found: dlopen failed: library "/data/app/com.careerbuilder.SugarDrone-1/lib/arm/libaot-System.Runtime.Serialization.Primitives.dll.so" not found
D/Mono    ( 8354): Config attempting to parse: 'System.Runtime.Serialization.Primitives.dll.config'.
D/Mono    ( 8354): Config attempting to parse: '/Users/builder/data/lanes/4009/3a62f1ea/source/monodroid/builds/install/mono-armv6/etc/mono/assemblies/System.Runtime.Serialization.Primitives/System.Runtime.Serialization.Primitives.config'.
D/Mono    ( 8354): Assembly Ref addref Newtonsoft.Json[0xb4b730a0] -> System.Runtime.Serialization.Primitives[0x97f55940]: 2
D/Mono    ( 8354): Assembly Ref addref System.Runtime.Serialization.Primitives[0x97f55940] -> mscorlib[0xb4a25520]: 44
D/Mono    ( 8354): Unloading image System.Globalization.dll [0xb4b82e00].
D/Mono    ( 8354): Image addref System.Globalization[0x9a19d340] -> System.Globalization.dll[0x9bedd600]: 7
D/Mono    ( 8354): Config attempting to parse: 'System.Globalization.dll.config'.
D/Mono    ( 8354): Config attempting to parse: '/Users/builder/data/lanes/4009/3a62f1ea/source/monodroid/builds/install/mono-armv6/etc/mono/assemblies/System.Globalization/System.Globalization.config'.
D/Mono    ( 8354): Assembly Ref addref Newtonsoft.Json[0xb4b730a0] -> System.Globalization[0x9bc97b20]: 5
D/Mono    ( 8354): Unloading image System.Collections.dll [0xb4b82e00].
D/Mono    ( 8354): Image addref System.Collections[0x9a19d340] -> System.Collections.dll[0xb4b7ac00]: 9
D/Mono    ( 8354): Config attempting to parse: 'System.Collections.dll.config'.
D/Mono    ( 8354): Config attempting to parse: '/Users/builder/data/lanes/4009/3a62f1ea/source/monodroid/builds/install/mono-armv6/etc/mono/assemblies/System.Collections/System.Collections.config'.
D/Mono    ( 8354): Assembly Ref addref Newtonsoft.Json[0xb4b730a0] -> System.Collections[0xb4b73820]: 7
D/Mono    ( 8354): Unloading image System.IO.dll [0xb4b82e00].
D/Mono    ( 8354): Image addref System.IO[0x9a19d340] -> System.IO.dll[0x9a299400]: 5
D/Mono    ( 8354): Config attempting to parse: 'System.IO.dll.config'.
D/Mono    ( 8354): Config attempting to parse: '/Users/builder/data/lanes/4009/3a62f1ea/source/monodroid/builds/install/mono-armv6/etc/mono/assemblies/System.IO/System.IO.config'.
D/Mono    ( 8354): Assembly Ref addref Newtonsoft.Json[0xb4b730a0] -> System.IO[0x97f559a0]: 3
D/Mono    ( 8354): Unloading image System.Runtime.Extensions.dll [0xb4b82e00].
D/Mono    ( 8354): Image addref System.Runtime.Extensions[0x9a19d340] -> System.Runtime.Extensions.dll[0x9beddb00]: 7
D/Mono    ( 8354): Config attempting to parse: 'System.Runtime.Extensions.dll.config'.
D/Mono    ( 8354): Config attempting to parse: '/Users/builder/data/lanes/4009/3a62f1ea/source/monodroid/builds/install/mono-armv6/etc/mono/assemblies/System.Runtime.Extensions/System.Runtime.Extensions.config'.
D/Mono    ( 8354): Assembly Ref addref Newtonsoft.Json[0xb4b730a0] -> System.Runtime.Extensions[0x9bc97fa0]: 5
D/Mono    ( 8354): Image addref System.Text.Encoding[0x9a19d340] -> System.Text.Encoding.dll[0xb4b82e00]: 2
D/Mono    ( 8354): Prepared to set up assembly 'System.Text.Encoding' (System.Text.Encoding.dll)
D/Mono    ( 8354): Assembly System.Text.Encoding[0x9a19d340] added to domain RootDomain, ref_count=1
D/Mono    ( 8354): AOT module 'System.Text.Encoding.dll.so' not found: dlopen failed: library "/data/app/com.careerbuilder.SugarDrone-1/lib/arm/libaot-System.Text.Encoding.dll.so" not found
D/Mono    ( 8354): AOT module '/Users/builder/data/lanes/4009/3a62f1ea/source/monodroid/builds/install/mono-armv6/lib/mono/aot-cache/arm/System.Text.Encoding.dll.so' not found: dlopen failed: library "/data/app/com.careerbuilder.SugarDrone-1/lib/arm/libaot-System.Text.Encoding.dll.so" not found
D/Mono    ( 8354): Config attempting to parse: 'System.Text.Encoding.dll.config'.
D/Mono    ( 8354): Config attempting to parse: '/Users/builder/data/lanes/4009/3a62f1ea/source/monodroid/builds/install/mono-armv6/etc/mono/assemblies/System.Text.Encoding/System.Text.Encoding.config'.
D/Mono    ( 8354): Assembly Ref addref Newtonsoft.Json[0xb4b730a0] -> System.Text.Encoding[0x9a19d340]: 2
D/Mono    ( 8354): Assembly Ref addref System.Text.Encoding[0x9a19d340] -> mscorlib[0xb4a25520]: 45
D/Mono    ( 8354): Unloading image System.Linq.dll [0xb4b83300].
D/Mono    ( 8354): Image addref System.Linq[0x9bc974c0] -> System.Linq.dll[0xb4b7cf00]: 8
D/Mono    ( 8354): Config attempting to parse: 'System.Linq.dll.config'.
D/Mono    ( 8354): Config attempting to parse: '/Users/builder/data/lanes/4009/3a62f1ea/source/monodroid/builds/install/mono-armv6/etc/mono/assemblies/System.Linq/System.Linq.config'.
D/Mono    ( 8354): Assembly Ref addref Newtonsoft.Json[0xb4b730a0] -> System.Linq[0xb4b73940]: 6
D/Mono    ( 8354): Unloading image System.Reflection.dll [0xb4b83300].
D/Mono    ( 8354): Image addref System.Reflection[0x97f55ee0] -> System.Reflection.dll[0xb4b79300]: 9
D/Mono    ( 8354): Config attempting to parse: 'System.Reflection.dll.config'.
D/Mono    ( 8354): Config attempting to parse: '/Users/builder/data/lanes/4009/3a62f1ea/source/monodroid/builds/install/mono-armv6/etc/mono/assemblies/System.Reflection/System.Reflection.config'.
D/Mono    ( 8354): Assembly Ref addref Newtonsoft.Json[0xb4b730a0] -> System.Reflection[0xb4b73640]: 7
D/Mono    ( 8354): Image addref System.Runtime.Serialization[0x97f55ee0] -> System.Runtime.Serialization.dll[0xb4b83300]: 2
D/Mono    ( 8354): Prepared to set up assembly 'System.Runtime.Serialization' (System.Runtime.Serialization.dll)
D/Mono    ( 8354): Assembly System.Runtime.Serialization[0x97f55ee0] added to domain RootDomain, ref_count=1
D/Mono    ( 8354): AOT module 'System.Runtime.Serialization.dll.so' not found: dlopen failed: library "/data/app/com.careerbuilder.SugarDrone-1/lib/arm/libaot-System.Runtime.Serialization.dll.so" not found
D/Mono    ( 8354): AOT module '/Users/builder/data/lanes/4009/3a62f1ea/source/monodroid/builds/install/mono-armv6/lib/mono/aot-cache/arm/System.Runtime.Serialization.dll.so' not found: dlopen failed: library "/data/app/com.careerbuilder.SugarDrone-1/lib/arm/libaot-System.Runtime.Serialization.dll.so" not found
D/Mono    ( 8354): Config attempting to parse: 'System.Runtime.Serialization.dll.config'.
D/Mono    ( 8354): Config attempting to parse: '/Users/builder/data/lanes/4009/3a62f1ea/source/monodroid/builds/install/mono-armv6/etc/mono/assemblies/System.Runtime.Serialization/System.Runtime.Serialization.config'.
D/Mono    ( 8354): Assembly Ref addref System.Runtime.Serialization.Primitives[0x97f55940] -> System.Runtime.Serialization[0x97f55ee0]: 2
D/Mono    ( 8354): Assembly Ref addref System.Runtime.Serialization[0x97f55ee0] -> mscorlib[0xb4a25520]: 46
D/Mono    ( 8354): Image addref System.Text.Encoding.Extensions[0x9bc974c0] -> System.Text.Encoding.Extensions.dll[0x9a299900]: 2
D/Mono    ( 8354): Prepared to set up assembly 'System.Text.Encoding.Extensions' (System.Text.Encoding.Extensions.dll)
D/Mono    ( 8354): Assembly System.Text.Encoding.Extensions[0x9bc974c0] added to domain RootDomain, ref_count=1
D/Mono    ( 8354): AOT module 'System.Text.Encoding.Extensions.dll.so' not found: dlopen failed: library "/data/app/com.careerbuilder.SugarDrone-1/lib/arm/libaot-System.Text.Encoding.Extensions.dll.so" not found
D/Mono    ( 8354): AOT module '/Users/builder/data/lanes/4009/3a62f1ea/source/monodroid/builds/install/mono-armv6/lib/mono/aot-cache/arm/System.Text.Encoding.Extensions.dll.so' not found: dlopen failed: library "/data/app/com.careerbuilder.SugarDrone-1/lib/arm/libaot-System.Text.Encoding.Extensions.dll.so" not found
D/Mono    ( 8354): Config attempting to parse: 'System.Text.Encoding.Extensions.dll.config'.
D/Mono    ( 8354): Config attempting to parse: '/Users/builder/data/lanes/4009/3a62f1ea/source/monodroid/builds/install/mono-armv6/etc/mono/assemblies/System.Text.Encoding.Extensions/System.Text.Encoding.Extensions.config'.
D/Mono    ( 8354): Assembly Ref addref Newtonsoft.Json[0xb4b730a0] -> System.Text.Encoding.Extensions[0x9bc974c0]: 2
D/Mono    ( 8354): Assembly Ref addref System.Text.Encoding.Extensions[0x9bc974c0] -> mscorlib[0xb4a25520]: 47
D/Mono    ( 8354): Unloading image System.Threading.dll [0x9a299e00].
D/Mono    ( 8354): Image addref System.Threading[0x9a25bdc0] -> System.Threading.dll[0xb4b79800]: 10
D/Mono    ( 8354): Config attempting to parse: 'System.Threading.dll.config'.
D/Mono    ( 8354): Config attempting to parse: '/Users/builder/data/lanes/4009/3a62f1ea/source/monodroid/builds/install/mono-armv6/etc/mono/assemblies/System.Threading/System.Threading.config'.
D/Mono    ( 8354): Assembly Ref addref Newtonsoft.Json[0xb4b730a0] -> System.Threading[0xb4b736a0]: 8
D/Mono    ( 8354): Assembly Ref addref Newtonsoft.Json[0xb4b730a0] -> System.Reflection.Extensions[0xb4b73be0]: 5
D/Mono    ( 8354): Assembly Ref addref System.ObjectModel[0x9a23f100] -> mscorlib[0xb4a25520]: 48
D/Mono    ( 8354): Image addref System.Xml.XDocument[0x9680f0a0] -> System.Xml.XDocument.dll[0x9a29c600]: 2
D/Mono    ( 8354): Prepared to set up assembly 'System.Xml.XDocument' (System.Xml.XDocument.dll)
D/Mono    ( 8354): Assembly System.Xml.XDocument[0x9680f0a0] added to domain RootDomain, ref_count=1
D/Mono    ( 8354): AOT module 'System.Xml.XDocument.dll.so' not found: dlopen failed: library "/data/app/com.careerbuilder.SugarDrone-1/lib/arm/libaot-System.Xml.XDocument.dll.so" not found
D/Mono    ( 8354): AOT module '/Users/builder/data/lanes/4009/3a62f1ea/source/monodroid/builds/install/mono-armv6/lib/mono/aot-cache/arm/System.Xml.XDocument.dll.so' not found: dlopen failed: library "/data/app/com.careerbuilder.SugarDrone-1/lib/arm/libaot-System.Xml.XDocument.dll.so" not found
D/Mono    ( 8354): Config attempting to parse: 'System.Xml.XDocument.dll.config'.
D/Mono    ( 8354): Config attempting to parse: '/Users/builder/data/lanes/4009/3a62f1ea/source/monodroid/builds/install/mono-armv6/etc/mono/assemblies/System.Xml.XDocument/System.Xml.XDocument.config'.
D/Mono    ( 8354): Assembly Ref addref Newtonsoft.Json[0xb4b730a0] -> System.Xml.XDocument[0x9680f0a0]: 2
D/Mono    ( 8354): Image addref System.Xml.Linq[0x9680f040] -> System.Xml.Linq.dll[0x9a29cb00]: 2
D/Mono    ( 8354): Prepared to set up assembly 'System.Xml.Linq' (System.Xml.Linq.dll)
D/Mono    ( 8354): Assembly System.Xml.Linq[0x9680f040] added to domain RootDomain, ref_count=1
D/Mono    ( 8354): AOT module 'System.Xml.Linq.dll.so' not found: dlopen failed: library "/data/app/com.careerbuilder.SugarDrone-1/lib/arm/libaot-System.Xml.Linq.dll.so" not found
D/Mono    ( 8354): AOT module '/Users/builder/data/lanes/4009/3a62f1ea/source/monodroid/builds/install/mono-armv6/lib/mono/aot-cache/arm/System.Xml.Linq.dll.so' not found: dlopen failed: library "/data/app/com.careerbuilder.SugarDrone-1/lib/arm/libaot-System.Xml.Linq.dll.so" not found
D/Mono    ( 8354): Config attempting to parse: 'System.Xml.Linq.dll.config'.
D/Mono    ( 8354): Config attempting to parse: '/Users/builder/data/lanes/4009/3a62f1ea/source/monodroid/builds/install/mono-armv6/etc/mono/assemblies/System.Xml.Linq/System.Xml.Linq.config'.
D/Mono    ( 8354): Assembly Ref addref System.Xml.XDocument[0x9680f0a0] -> System.Xml.Linq[0x9680f040]: 2
D/Mono    ( 8354): Assembly Ref addref System.Xml.Linq[0x9680f040] -> mscorlib[0xb4a25520]: 49
D/Mono    ( 8354): Assembly Ref addref System.Xml.Linq[0x9680f040] -> System.Xml[0x9bc970a0]: 4
D/Mono    ( 8354): Image addref System.Text.RegularExpressions[0x9680f160] -> System.Text.RegularExpressions.dll[0x9a29d000]: 2
D/Mono    ( 8354): Prepared to set up assembly 'System.Text.RegularExpressions' (System.Text.RegularExpressions.dll)
D/Mono    ( 8354): Assembly System.Text.RegularExpressions[0x9680f160] added to domain RootDomain, ref_count=1
D/Mono    ( 8354): AOT module 'System.Text.RegularExpressions.dll.so' not found: dlopen failed: library "/data/app/com.careerbuilder.SugarDrone-1/lib/arm/libaot-System.Text.RegularExpressions.dll.so" not found
D/Mono    ( 8354): AOT module '/Users/builder/data/lanes/4009/3a62f1ea/source/monodroid/builds/install/mono-armv6/lib/mono/aot-cache/arm/System.Text.RegularExpressions.dll.so' not found: dlopen failed: library "/data/app/com.careerbuilder.SugarDrone-1/lib/arm/libaot-System.Text.RegularExpressions.dll.so" not found
D/Mono    ( 8354): Config attempting to parse: 'System.Text.RegularExpressions.dll.config'.
D/Mono    ( 8354): Config attempting to parse: '/Users/builder/data/lanes/4009/3a62f1ea/source/monodroid/builds/install/mono-armv6/etc/mono/assemblies/System.Text.RegularExpressions/System.Text.RegularExpressions.config'.
D/Mono    ( 8354): Assembly Ref addref Newtonsoft.Json[0xb4b730a0] -> System.Text.RegularExpressions[0x9680f160]: 2
D/Mono    ( 8354): Assembly Ref addref System.Text.RegularExpressions[0x9680f160] -> System[0xb4b73760]: 11
D/Mono    ( 8354): Unloading image System.Linq.Expressions.dll [0x9a29d500].
D/Mono    ( 8354): Image addref System.Linq.Expressions[0x9680f100] -> System.Linq.Expressions.dll[0xb4b85b00]: 5
D/Mono    ( 8354): Config attempting to parse: 'System.Linq.Expressions.dll.config'.
D/Mono    ( 8354): Config attempting to parse: '/Users/builder/data/lanes/4009/3a62f1ea/source/monodroid/builds/install/mono-armv6/etc/mono/assemblies/System.Linq.Expressions/System.Linq.Expressions.config'.
D/Mono    ( 8354): Assembly Ref addref Newtonsoft.Json[0xb4b730a0] -> System.Linq.Expressions[0xb4b73d00]: 3
D/Mono    ( 8354): DllImport searching in: '/system/lib/libsqlite.so' ('/system/lib/libsqlite.so').
D/Mono    ( 8354): Searching for 'sqlite3_bind_blob'.
D/Mono    ( 8354): Probing 'sqlite3_bind_blob'.
D/Mono    ( 8354): Found as 'sqlite3_bind_blob'.
D/Mono    ( 8354): DllImport searching in: '/system/lib/libsqlite.so' ('/system/lib/libsqlite.so').
D/Mono    ( 8354): Searching for 'sqlite3_bind_int64'.
D/Mono    ( 8354): Probing 'sqlite3_bind_int64'.
D/Mono    ( 8354): Found as 'sqlite3_bind_int64'.
D/Mono    ( 8354): DllImport searching in: '__Internal' ('(null)').
D/Mono    ( 8354): Searching for 'java_interop_jnienv_call_nonvirtual_boolean_method_a'.
D/Mono    ( 8354): Probing 'java_interop_jnienv_call_nonvirtual_boolean_method_a'.
D/Mono    ( 8354): Found as 'java_interop_jnienv_call_nonvirtual_boolean_method_a'.
I/calabash( 8354): execStartActivity 4
I/ActivityManager(  814): START u0 {cmp=com.careerbuilder.SugarDrone/md5a4824aa66c0dc4d104077b72c1916a44.TermsAndConditionsActivity} from uid 12413 on display 0
V/WindowManager(  814): addAppToken: AppWindowToken{2d16ffce token=Token{33aacc9 ActivityRecord{1a7b54d0 u0 com.careerbuilder.SugarDrone/md5a4824aa66c0dc4d104077b72c1916a44.TermsAndConditionsActivity t14}}} to stack=1 task=14 at 1
W/ResourceType( 8354): No known package when getting name for resource number 0xffffffff
W/ResourceType( 8354): No known package when getting name for resource number 0xffffffff
W/ResourceType( 8354): No known package when getting name for resource number 0xffffffff
I/calabash( 8354): newActivity1
V/WindowManager(  814): Adding window Window{2488edfc u0 com.careerbuilder.SugarDrone/md5a4824aa66c0dc4d104077b72c1916a44.TermsAndConditionsActivity} at 3 of 8 (after Window{28b6877a u0 com.careerbuilder.SugarDrone/md537fd6201b6818e2e180d2f7606e21a83.AppMainActivity})
I/ActivityManager(  814): Displayed com.careerbuilder.SugarDrone/md5a4824aa66c0dc4d104077b72c1916a44.TermsAndConditionsActivity: +256ms
W/ProcessCpuTracker(  814): Skipping unknown process pid 8550
I/System.out( 8354): URI: /map
I/System.out( 8354): params: {json={"query":"* id:'agreeAndContinueButton'","operation":{"method_name":"query","arguments":[]}}
I/System.out( 8354): }
W/ResourceType( 8354): No known package when getting name for resource number 0xffffffff
W/ResourceType( 8354): No known package when getting name for resource number 0xffffffff
W/ResourceType( 8354): No known package when getting name for resource number 0xffffffff
W/ResourceType( 8354): No known package when getting name for resource number 0xffffffff
W/ResourceType( 8354): No known package when getting name for resource number 0xffffffff
W/ResourceType( 8354): No known package when getting name for resource number 0xffffffff
W/ResourceType( 8354): No known package when getting name for resource number 0xffffffff
I/System.out( 8354): URI: /map
I/System.out( 8354): params: {json={"query":"* id:'agreeAndContinueButton'","operation":{"method_name":"query","arguments":[]}}
I/System.out( 8354): }
W/ResourceType( 8354): No known package when getting name for resource number 0xffffffff
W/ResourceType( 8354): No known package when getting name for resource number 0xffffffff
W/ResourceType( 8354): No known package when getting name for resource number 0xffffffff
W/ResourceType( 8354): No known package when getting name for resource number 0xffffffff
W/ResourceType( 8354): No known package when getting name for resource number 0xffffffff
W/ResourceType( 8354): No known package when getting name for resource number 0xffffffff
W/ResourceType( 8354): No known package when getting name for resource number 0xffffffff
I/System.out( 8354): URI: /map
I/System.out( 8354): params: {json={"query":"* id:'agreeAndContinueButton'","operation":{"method_name":"query","arguments":[]}}
I/System.out( 8354): }
W/ResourceType( 8354): No known package when getting name for resource number 0xffffffff
W/ResourceType( 8354): No known package when getting name for resource number 0xffffffff
W/ResourceType( 8354): No known package when getting name for resource number 0xffffffff
W/ResourceType( 8354): No known package when getting name for resource number 0xffffffff
W/ResourceType( 8354): No known package when getting name for resource number 0xffffffff
W/ResourceType( 8354): No known package when getting name for resource number 0xffffffff
W/ResourceType( 8354): No known package when getting name for resource number 0xffffffff
I/System.out( 8354): URI: /map
I/System.out( 8354): params: {json={"query":"* id:'agreeAndContinueButton'","operation":{"method_name":"query","arguments":[]}}
I/System.out( 8354): }
W/ResourceType( 8354): No known package when getting name for resource number 0xffffffff
W/ResourceType( 8354): No known package when getting name for resource number 0xffffffff
W/ResourceType( 8354): No known package when getting name for resource number 0xffffffff
W/ResourceType( 8354): No known package when getting name for resource number 0xffffffff
W/ResourceType( 8354): No known package when getting name for resource number 0xffffffff
W/ResourceType( 8354): No known package when getting name for resource number 0xffffffff
W/ResourceType( 8354): No known package when getting name for resource number 0xffffffff
I/System.out( 8354): URI: /map
I/System.out( 8354): params: {json={"query":"* id:'agreeAndContinueButton'","operation":{"method_name":"query","arguments":[]}}
I/System.out( 8354): }
W/ResourceType( 8354): No known package when getting name for resource number 0xffffffff
W/ResourceType( 8354): No known package when getting name for resource number 0xffffffff
W/ResourceType( 8354): No known package when getting name for resource number 0xffffffff
W/ResourceType( 8354): No known package when getting name for resource number 0xffffffff
W/ResourceType( 8354): No known package when getting name for resource number 0xffffffff
W/ResourceType( 8354): No known package when getting name for resource number 0xffffffff
W/ResourceType( 8354): No known package when getting name for resource number 0xffffffff
I/art     ( 8354): Explicit concurrent mark sweep GC freed 55967(2MB) AllocSpace objects, 6(96KB) LOS objects, 37% free, 26MB/42MB, paused 1.224ms total 26.842ms
I/System.out( 8354): URI: /map
I/System.out( 8354): params: {json={"query":"* id:'agreeAndContinueButton'","operation":{"method_name":"query","arguments":[]}}
I/System.out( 8354): }
I/art     ( 8354): Explicit concurrent mark sweep GC freed 12254(483KB) AllocSpace objects, 1(16KB) LOS objects, 37% free, 26MB/42MB, paused 1.102ms total 19.221ms
W/ResourceType( 8354): No known package when getting name for resource number 0xffffffff
W/ResourceType( 8354): No known package when getting name for resource number 0xffffffff
W/ResourceType( 8354): No known package when getting name for resource number 0xffffffff
W/ResourceType( 8354): No known package when getting name for resource number 0xffffffff
W/ResourceType( 8354): No known package when getting name for resource number 0xffffffff
W/ResourceType( 8354): No known package when getting name for resource number 0xffffffff
W/ResourceType( 8354): No known package when getting name for resource number 0xffffffff
I/art     ( 8354): Explicit concurrent mark sweep GC freed 25361(985KB) AllocSpace objects, 0(0B) LOS objects, 37% free, 26MB/42MB, paused 1.492ms total 34.816ms
I/art     ( 8354): Explicit concurrent mark sweep GC freed 9737(429KB) AllocSpace objects, 1(16KB) LOS objects, 37% free, 26MB/42MB, paused 701us total 18.045ms
I/art     ( 8354): Explicit concurrent mark sweep GC freed 525(61KB) AllocSpace objects, 1(16KB) LOS objects, 37% free, 26MB/42MB, paused 1.479ms total 17.525ms
I/System.out( 8354): URI: /map
I/System.out( 8354): params: {json={"query":"* id:'agreeAndContinueButton'","operation":{"method_name":"query","arguments":[]}}
I/System.out( 8354): }
W/ResourceType( 8354): No known package when getting name for resource number 0xffffffff
W/ResourceType( 8354): No known package when getting name for resource number 0xffffffff
W/ResourceType( 8354): No known package when getting name for resource number 0xffffffff
W/ResourceType( 8354): No known package when getting name for resource number 0xffffffff
W/ResourceType( 8354): No known package when getting name for resource number 0xffffffff
W/ResourceType( 8354): No known package when getting name for resource number 0xffffffff
W/ResourceType( 8354): No known package when getting name for resource number 0xffffffff
D/Mono    ( 8354): Assembly Ref addref System.Net.Http[0x9bc97400] -> System.Core[0xb4b73ac0]: 13
D/Mono    ( 8354): DllImport searching in: '__Internal' ('(null)').
D/Mono    ( 8354): Searching for 'java_interop_jnienv_call_nonvirtual_int_method_a'.
D/Mono    ( 8354): Probing 'java_interop_jnienv_call_nonvirtual_int_method_a'.
D/Mono    ( 8354): Found as 'java_interop_jnienv_call_nonvirtual_int_method_a'.
D/Mono    ( 8354): Assembly Ref addref Mono.Android[0xb4b734c0] -> System[0xb4b73760]: 12
D/Mono    ( 8354): DllImport searching in: '__Internal' ('(null)').
D/Mono    ( 8354): Searching for 'java_interop_jnienv_get_float_field'.
D/Mono    ( 8354): Probing 'java_interop_jnienv_get_float_field'.
D/Mono    ( 8354): Found as 'java_interop_jnienv_get_float_field'.
D/Mono    ( 8354): DllImport searching in: '__Internal' ('(null)').
D/Mono    ( 8354): Searching for 'java_interop_jnienv_new_object_array'.
D/Mono    ( 8354): Probing 'java_interop_jnienv_new_object_array'.
D/Mono    ( 8354): Found as 'java_interop_jnienv_new_object_array'.
D/Mono    ( 8354): DllImport searching in: '__Internal' ('(null)').
D/Mono    ( 8354): Searching for 'java_interop_jnienv_set_object_array_element'.
D/Mono    ( 8354): Probing 'java_interop_jnienv_set_object_array_element'.
D/Mono    ( 8354): Found as 'java_interop_jnienv_set_object_array_element'.
W/ProcessManager( 8354): waitpid on failed exec failed: No child processes
I/System.out( 8354): URI: /
I/System.out( 8354): params: {json={"command":"touch_coordinate","arguments":[720.0,2273.0]}
I/System.out( 8354): }
I/System.out( 8354): header: {content-length=57, host=devicehost109.prod, x-session-token=token-token-66dfbac9-3545-4e0b-bacf-38e2a4308c60, x-forwarded-for=10.222.150.39, content-type=application/json; charset=utf-8, connection=close}
I/System.out( 8354): params: {json={"command":"touch_coordinate","arguments":[720.0,2273.0]}
I/System.out( 8354): }
I/System.out( 8354): ProP json = {"command":"touch_coordinate","arguments":[720.0,2273.0]}
I/System.out( 8354): files: {}
I/System.out( 8354): command: {"command":"touch_coordinate","arguments":[720.0,2273.0]}
I/InstrumentationBackend( 8354): Got command:'Command:'Line:null,touch_coordinate', arguments:'[720.0, 2273.0]'
D/Mono    ( 8354): Unloading image System.dll [0x9697e200].
D/Mono    ( 8354): Image addref System[0x9680fc40] -> System.dll[0xb4b7a200]: 5
D/Mono    ( 8354): Config attempting to parse: 'System.dll.config'.
D/Mono    ( 8354): Config attempting to parse: '/Users/builder/data/lanes/4009/3a62f1ea/source/monodroid/builds/install/mono-armv6/etc/mono/assemblies/System/System.config'.
D/Mono    ( 8354): Unloading image System.dll [0x9697e200].
D/Mono    ( 8354): Image addref System[0x9680fb80] -> System.dll[0xb4b7a200]: 6
D/Mono    ( 8354): Config attempting to parse: 'System.dll.config'.
D/Mono    ( 8354): Config attempting to parse: '/Users/builder/data/lanes/4009/3a62f1ea/source/monodroid/builds/install/mono-armv6/etc/mono/assemblies/System/System.config'.
D/Mono    ( 8354): Unloading image System.dll [0x9697e200].
D/Mono    ( 8354): Image addref System[0x9680fb80] -> System.dll[0xb4b7a200]: 7
D/Mono    ( 8354): Config attempting to parse: 'System.dll.config'.
D/Mono    ( 8354): Config attempting to parse: '/Users/builder/data/lanes/4009/3a62f1ea/source/monodroid/builds/install/mono-armv6/etc/mono/assemblies/System/System.config'.
D/Mono    ( 8354): Unloading image System.dll [0x9697e200].
D/Mono    ( 8354): Image addref System[0x9680fb80] -> System.dll[0xb4b7a200]: 8
D/Mono    ( 8354): Config attempting to parse: 'System.dll.config'.
D/Mono    ( 8354): Config attempting to parse: '/Users/builder/data/lanes/4009/3a62f1ea/source/monodroid/builds/install/mono-armv6/etc/mono/assemblies/System/System.config'.
D/audio_hw_primary(  357): out_set_parameters: enter: usecase(1: low-latency-playback) kvpairs: routing=2
I/calabash( 8354): execStartActivity 4
I/ActivityManager(  814): START u0 {cmp=com.careerbuilder.SugarDrone/md537fd6201b6818e2e180d2f7606e21a83.ValuePropActivity} from uid 12413 on display 0
V/WindowManager(  814): addAppToken: AppWindowToken{9f0094 token=Token{33aebce7 ActivityRecord{cbf3aa6 u0 com.careerbuilder.SugarDrone/md537fd6201b6818e2e180d2f7606e21a83.ValuePropActivity t14}}} to stack=1 task=14 at 1
I/calabash( 8354): newActivity1
D/Mono    ( 8354): DllImport searching in: '__Internal' ('(null)').
D/Mono    ( 8354): Searching for 'java_interop_jnienv_is_assignable_from'.
D/Mono    ( 8354): Probing 'java_interop_jnienv_is_assignable_from'.
D/Mono    ( 8354): Found as 'java_interop_jnienv_is_assignable_from'.
D/Mono    ( 8354): DllImport searching in: '__Internal' ('(null)').
D/Mono    ( 8354): Searching for 'java_interop_jnienv_get_byte_array_region'.
D/Mono    ( 8354): Probing 'java_interop_jnienv_get_byte_array_region'.
D/Mono    ( 8354): Found as 'java_interop_jnienv_get_byte_array_region'.
D/Mono    ( 8354): Assembly Ref addref CareerBuilder_Search.Droid[0xb4a25580] -> System.Core[0xb4b73ac0]: 14
D/Mono    ( 8354): DllImport searching in: '__Internal' ('(null)').
D/Mono    ( 8354): Searching for 'java_interop_jnienv_set_byte_array_region'.
D/Mono    ( 8354): Probing 'java_interop_jnienv_set_byte_array_region'.
D/Mono    ( 8354): Found as 'java_interop_jnienv_set_byte_array_region'.
D/Mono    ( 8354): DllImport searching in: '__Internal' ('(null)').
D/Mono    ( 8354): Searching for 'java_interop_jnienv_call_nonvirtual_object_method'.
D/Mono    ( 8354): Probing 'java_interop_jnienv_call_nonvirtual_object_method'.
D/Mono    ( 8354): Found as 'java_interop_jnienv_call_nonvirtual_object_method'.
I/System.out( 8354): result:{"bonusInformation":[],"message":"","success":true}
D/Mono    ( 8354): [0xaec52f00] hill climbing, change max number of threads 5
D/Mono    ( 8354): [0x96c2e300] worker starting
D/Mono    ( 8354): [0x96afb700] worker starting
V/WindowManager(  814): Adding window Window{1145b32 u0 com.careerbuilder.SugarDrone/md537fd6201b6818e2e180d2f7606e21a83.ValuePropActivity} at 3 of 8 (after Window{2488edfc u0 com.careerbuilder.SugarDrone/md5a4824aa66c0dc4d104077b72c1916a44.TermsAndConditionsActivity})
D/Mono    ( 8354): Assembly Ref addref CareerBuilder_Search.Droid[0xb4a25580] -> Newtonsoft.Json[0xb4b730a0]: 4
W/Mono    ( 8354): The request to load the assembly System.Core v4.0.0.0 was remapped to v2.0.5.0
D/Mono    ( 8354): Unloading image System.Core.dll [0x96da9200].
D/Mono    ( 8354): Image addref System.Core[0xaedc3460] -> System.Core.dll[0xb4b7b100]: 5
D/Mono    ( 8354): Config attempting to parse: 'System.Core.dll.config'.
D/Mono    ( 8354): Config attempting to parse: '/Users/builder/data/lanes/4009/3a62f1ea/source/monodroid/builds/install/mono-armv6/etc/mono/assemblies/System.Core/System.Core.config'.
I/System.out( 8354): URI: /backdoor
I/System.out( 8354): params: {json={"method_name":"APISetup","arguments":[200]}
I/System.out( 8354): }
W/Mono    ( 8354): The request to load the assembly System.Core v4.0.0.0 was remapped to v2.0.5.0
D/Mono    ( 8354): Unloading image System.Core.dll [0x96da9200].
D/Mono    ( 8354): Image addref System.Core[0x96d33b80] -> System.Core.dll[0xb4b7b100]: 6
D/Mono    ( 8354): Config attempting to parse: 'System.Core.dll.config'.
D/Mono    ( 8354): Config attempting to parse: '/Users/builder/data/lanes/4009/3a62f1ea/source/monodroid/builds/install/mono-armv6/etc/mono/assemblies/System.Core/System.Core.config'.
W/FragmentManager( 8354): moveToState: Fragment state for ValuePropFragment{3d9e95bc #0 id=0x7f0a0148 android:switcher:2131362120:1} not updated inline; expected state 3 found 2
D/audio_hw_primary(  357): select_devices: out_snd_device(2: speaker) in_snd_device(0: none)
D/msm8974_platform(  357): platform_send_audio_calibration: sending audio calibration for snd_device(2) acdb_id(15)
E/ACDB-LOADER(  357): Error: ACDB AFE returned = -19
D/audio_hw_primary(  357): enable_snd_device: snd_device(2: speaker)
D/audio_hw_primary(  357): enable_audio_route: apply and update mixer path: low-latency-playback speaker
I/ActivityManager(  814): Displayed com.careerbuilder.SugarDrone/md537fd6201b6818e2e180d2f7606e21a83.ValuePropActivity: +723ms
D/Mono    ( 8354): DllImport searching in: '__Internal' ('(null)').
D/Mono    ( 8354): Searching for 'java_interop_jnienv_new_byte_array'.
D/Mono    ( 8354): Probing 'java_interop_jnienv_new_byte_array'.
D/Mono    ( 8354): Found as 'java_interop_jnienv_new_byte_array'.
I/System.out( 8354): URI: /backdoor
I/System.out( 8354): params: {json={"method_name":"MyCBBackdoor","arguments":[]}
I/System.out( 8354): }
D/Mono    ( 8354): Assembly Ref addref CareerBuilder_Search.Droid[0xb4a25580] -> Xamarin.Android.Support.Design[0xb4a25fa0]: 2
I/calabash( 8354): execStartActivity 4
I/ActivityManager(  814): START u0 {cmp=com.careerbuilder.SugarDrone/md5a4824aa66c0dc4d104077b72c1916a44.MasterNavActivity} from uid 12413 on display 0
V/WindowManager(  814): addAppToken: AppWindowToken{14581e8a token=Token{4fe60f5 ActivityRecord{ee1ce2c u0 com.careerbuilder.SugarDrone/md5a4824aa66c0dc4d104077b72c1916a44.MasterNavActivity t14}}} to stack=1 task=14 at 2
I/calabash( 8354): newActivity1
W/art     ( 8354): Before Android 4.1, method android.graphics.PorterDuffColorFilter android.support.graphics.drawable.VectorDrawableCompat.updateTintFilter(android.graphics.PorterDuffColorFilter, android.content.res.ColorStateList, android.graphics.PorterDuff$Mode) would have incorrectly overridden the package-private method in android.graphics.drawable.Drawable
W/SurfaceFlinger(  259): couldn't log to binary event log: overflow.
I/System.out( 8354): URI: /map
I/System.out( 8354): params: {json={"query":"* marked:'Search'","operation":{"method_name":"query","arguments":[]}}
I/System.out( 8354): }
D/Mono    ( 8354): DllImport searching in: '__Internal' ('(null)').
D/Mono    ( 8354): Searching for 'java_interop_jnienv_call_int_method'.
D/Mono    ( 8354): Probing 'java_interop_jnienv_call_int_method'.
D/Mono    ( 8354): Found as 'java_interop_jnienv_call_int_method'.
D/Mono    ( 8354): Assembly Ref addref Xamarin.Android.Support.Design[0xb4a25fa0] -> Xamarin.Android.Support.v4[0xb4a25dc0]: 4
D/Mono    ( 8354): Assembly Ref addref CareerBuilder_Search.Droid[0xb4a25580] -> Xamarin.Android.Support.v7.RecyclerView[0xb4a25e20]: 2
D/Mono    ( 8354): Assembly Ref addref Xamarin.Android.Support.v7.RecyclerView[0xb4a25e20] -> Xamarin.Android.Support.v4[0xb4a25dc0]: 5
D/Mono    ( 8354): Assembly Ref addref CareerBuilder_Search.Droid[0xb4a25580] -> FloatingActionButton-Xamarin[0xb4a25d60]: 2
V/WindowManager(  814): Adding window Window{15b3a118 u0 com.careerbuilder.SugarDrone/md5a4824aa66c0dc4d104077b72c1916a44.MasterNavActivity} at 4 of 9 (after Window{1145b32 u0 com.careerbuilder.SugarDrone/md537fd6201b6818e2e180d2f7606e21a83.ValuePropActivity})
D/Mono    ( 8354): Unloading image System.IO.dll [0x9697fb00].
D/Mono    ( 8354): Image addref System.IO[0x9699adc0] -> System.IO.dll[0x9a299400]: 6
D/Mono    ( 8354): Config attempting to parse: 'System.IO.dll.config'.
D/Mono    ( 8354): Config attempting to parse: '/Users/builder/data/lanes/4009/3a62f1ea/source/monodroid/builds/install/mono-armv6/etc/mono/assemblies/System.IO/System.IO.config'.
D/Mono    ( 8354): Assembly Ref addref CareerBuilder_Search[0xb4b73460] -> System.IO[0x97f559a0]: 4
W/FragmentManager( 8354): moveToState: Fragment state for SavedJobsFragment{31efa46e #0 id=0x7f0a0148 android:switcher:2131362120:1} not updated inline; expected state 3 found 2
D/Mono    ( 8354): Assembly Ref addref CareerBuilder_Search.Droid[0xb4a25580] -> System[0xb4b73760]: 13
W/FragmentManager( 8354): moveToState: Fragment state for ResumeManagementFragment{2236b70f #1 id=0x7f0a0148 android:switcher:2131362120:2} not updated inline; expected state 3 found 2
D/Mono    ( 8354): Unloading image System.Linq.dll [0x96985a00].
D/Mono    ( 8354): Image addref System.Linq[0x99455040] -> System.Linq.dll[0xb4b7cf00]: 9
D/Mono    ( 8354): Config attempting to parse: 'System.Linq.dll.config'.
D/Mono    ( 8354): Config attempting to parse: '/Users/builder/data/lanes/4009/3a62f1ea/source/monodroid/builds/install/mono-armv6/etc/mono/assemblies/System.Linq/System.Linq.config'.
D/Mono    ( 8354): Assembly Ref addref CareerBuilder_Search[0xb4b73460] -> System.Linq[0xb4b73940]: 7
D/Mono    ( 8354): DllImport attempting to load: '/system/lib/liblog.so'.
D/Mono    ( 8354): DllImport loaded library '/system/lib/liblog.so'.
