<![CDATA[D/Finsky  ( 4046): [1] 5.onFinished: Installation state replication succeeded.
E/WifiStateMachine(  814): WifiStateMachine CMD_START_SCAN source -2 txSuccessRate=0.66 rxSuccessRate=1.06 targetRoamBSSID=any RSSI=-48
E/WifiStateMachine(  814): WifiStateMachine starting scan for "xtc-ag"WPA_PSK with 5240,2437,5180

]]><xtc-scenario name="[0-1002]CareerBuilder_Search.DroidFeatureTests.AfterApplyTests.DoneGoesToMyCB" id="[0-1002]CareerBuilder_Search.DroidFeatureTests.AfterApplyTests.DoneGoesToMyCB"><![CDATA[

]]><xtc-step name="[0-1002]CareerBuilder_Search.DroidFeatureTests.AfterApplyTests.DoneGoesToMyCB-DoneGoesToMyCB" id="[0-1002]CareerBuilder_Search.DroidFeatureTests.AfterApplyTests.DoneGoesToMyCB-DoneGoesToMyCB"><![CDATA[
D/AndroidRuntime( 7096): >>>>>> START com.android.internal.os.RuntimeInit uid 2000 <<<<<<
D/AndroidRuntime( 7096): CheckJNI is OFF
D/AndroidRuntime( 7096): Calling main entry com.android.commands.pm.Pm
I/art     ( 7096): System.exit called, status: 0
I/AndroidRuntime( 7096): VM exiting with result code 0.
D/AndroidRuntime( 7267): >>>>>> START com.android.internal.os.RuntimeInit uid 2000 <<<<<<
D/AndroidRuntime( 7267): CheckJNI is OFF
D/AndroidRuntime( 7267): Calling main entry com.android.commands.am.Am
W/ActivityManager(  814): Invalid packageName: com.careerbuilder.SugarDrone
D/AndroidRuntime( 7267): Shutting down VM
E/WifiStateMachine(  814): WifiStateMachine CMD_START_SCAN source -2 txSuccessRate=0.00 rxSuccessRate=0.25 targetRoamBSSID=any RSSI=-48
E/WifiConfigStore(  814):  rewrite network history for "xtc"WPA_PSK
E/WifiConfigStore(  814): writeKnownNetworkHistory write linked 2
E/WifiConfigStore(  814): writeKnownNetworkHistory write linked 2
E/WifiConfigStore(  814): writeKnownNetworkHistory write linked 2
W/ip      ( 7733): type=1400 audit(0.0:18): avc: denied { search } for name="net" dev="dm-0" ino=1081351 scontext=u:r:shell:s0 tcontext=u:object_r:net_data_file:s0 tclass=dir permissive=0
E/WifiStateMachine(  814): WifiStateMachine CMD_START_SCAN source -2 txSuccessRate=0.00 rxSuccessRate=0.00 targetRoamBSSID=any RSSI=-48
E/WifiStateMachine(  814): WifiStateMachine starting scan for "xtc-ag"WPA_PSK with 5240,2437,5180
D/AndroidRuntime( 7875): >>>>>> START com.android.internal.os.RuntimeInit uid 2000 <<<<<<
D/AndroidRuntime( 7875): CheckJNI is OFF
D/AndroidRuntime( 7875): Calling main entry com.android.commands.pm.Pm
D/DefContainer( 6608): Copying /data/local/tmp/0000004243 to base.apk
D/PackageManager(  814): Renaming /data/app/vmdl1111551099.tmp to /data/app/com.careerbuilder.SugarDrone-1
I/PackageManager(  814): Running dexopt on: /data/app/com.careerbuilder.SugarDrone-1/base.apk pkg=com.careerbuilder.SugarDrone isa=arm vmSafeMode=false
I/dex2oat ( 7939): /system/bin/dex2oat --zip-fd=6 --zip-location=/data/app/com.careerbuilder.SugarDrone-1/base.apk --oat-fd=7 --oat-location=/data/dalvik-cache/arm/data@app@com.careerbuilder.SugarDrone-1@base.apk@classes.dex --instruction-set=arm --instruction-set-features=div --runtime-arg -Xms64m --runtime-arg -Xmx512m --swap-fd=8
I/dex2oat ( 7939): Decided to run without swap.
W/dex2oat ( 7939): Before Android 4.1, method android.graphics.PorterDuffColorFilter android.support.graphics.drawable.VectorDrawableCompat.updateTintFilter(android.graphics.PorterDuffColorFilter, android.content.res.ColorStateList, android.graphics.PorterDuff$Mode) would have incorrectly overridden the package-private method in android.graphics.drawable.Drawable
W/dex2oat ( 7939): Before Android 4.1, method int android.support.v7.widget.ListViewCompat.lookForSelectablePosition(int, boolean) would have incorrectly overridden the package-private method in android.widget.ListView
I/kickstart(  869): STATUS: SAHARA_HELLO: hw_info = 0x01030710, pwrup_reason = 0x00004000
I/kickstart(  869): STATUS: Wrote to /sys/power/wake_lock
E/kickstart(  869): ERROR: function: open_file:195 filename = /dev/block/platform/msm_sdcc.1/by-name/mdm1m9kefs1
I/kickstart(  869): STATUS: Opening file '/dev/block/platform/msm_sdcc.1/by-name/mdm1m9kefs1' for writing
I/kickstart(  869): STATUS: Received file 'm9kefs1'
I/kickstart(  869): STATUS: 950272 bytes transferred in 0.961649 seconds
I/kickstart(  869): STATUS: Successfully downloaded files from target 
I/kickstart(  869): STATUS: Wrote to /sys/power/wake_unlock
I/kickstart(  869): STATUS: Sahara protocol completed
W/dex2oat ( 7939): Compilation of void android.support.v4.view.ViewPropertyAnimatorCompat.cancel() took 132.006ms
W/dex2oat ( 7939): Compilation of boolean android.support.v4.view.ViewPager.arrowScroll(int) took 158.407ms
W/dex2oat ( 7939): Compilation of void android.support.v4.view.ViewParentCompat$ViewParentCompatStubImpl.onStopNestedScroll(android.view.ViewParent, android.view.View) took 181.320ms
I/dex2oat ( 7939): dex2oat took 5.192s (threads: 4) arena alloc=64KB java alloc=8MB native alloc=10MB free=9MB
W/PackageManager(  814): Not granting permission android.permission.MANAGE_DOCUMENTS to package com.careerbuilder.SugarDrone (protectionLevel=2 flags=0x8be46)
W/PackageManager(  814): Not granting permission android.permission.MOUNT_UNMOUNT_FILESYSTEMS to package com.careerbuilder.SugarDrone (protectionLevel=18 flags=0x8be46)
V/BackupManagerService(  814): restoreAtInstall pkg=com.careerbuilder.SugarDrone token=6 restoreSet=0
V/BackupManagerService(  814): Finishing install immediately
W/Settings(  814): Setting install_non_market_apps has moved from android.provider.Settings.Global to android.provider.Settings.Secure, returning read-only value.
W/InputMethodInfo(  814): Duplicated subtype definition found: , voice
D/BuaReceiver( 3949): ====== got intent:Intent { act=android.intent.action.PACKAGE_ADDED dat=package:com.careerbuilder.SugarDrone flg=0x4000010 cmp=com.motorola.android.buacontactadapter/.BuaReceiver (has extras) }
I/InputReader(  814): Reconfiguring input devices.  changes=0x00000010
I/UpdateIcingCorporaServi( 2796): Updating corpora: APPS=com.careerbuilder.SugarDrone, CONTACTS=MAYBE
D/BackupManagerService(  814): Received broadcast Intent { act=android.intent.action.PACKAGE_ADDED dat=package:com.careerbuilder.SugarDrone flg=0x4000010 (has extras) }
W/BackupManagerService(  814): Removing schedule queue dupe of com.careerbuilder.SugarDrone
D/Wear_Controller( 1754): Received broadcast action=android.intent.action.PACKAGE_ADDED and uri=com.careerbuilder.SugarDrone
I/PeopleContactsSync( 1754): triggerPendingContactsCleanup: no accounts
I/art     (  814): Explicit concurrent mark sweep GC freed 168960(7MB) AllocSpace objects, 36(1737KB) LOS objects, 28% free, 39MB/55MB, paused 1.715ms total 262.893ms
I/art     ( 7875): System.exit called, status: 0
I/AndroidRuntime( 7875): VM exiting with result code 0.
W/IcingInternalCorpora( 1754): getNumBytesRead when not calculated.
I/Icing   ( 1754): Usage reports 0 indexed 0 rejected 0 imm upload true
I/ApplicationLogger( 2796): canRun() : Opted Out
I/UpdateIcingCorporaServi( 2796): UpdateCorporaTask done [took 300 ms] updated apps [took 300 ms] 
I/Icing   ( 1754): Usage reports 0 indexed 0 rejected 0 imm upload false
I/Icing   ( 1754): Usage reports 0 indexed 0 rejected 0 imm upload false
D/AndroidRuntime( 8072): >>>>>> START com.android.internal.os.RuntimeInit uid 2000 <<<<<<
D/AndroidRuntime( 8072): CheckJNI is OFF
D/AndroidRuntime( 8072): Calling main entry com.android.commands.settings.SettingsCmd
D/AndroidRuntime( 8072): Shutting down VM
D/AndroidRuntime( 8095): >>>>>> START com.android.internal.os.RuntimeInit uid 2000 <<<<<<
D/AndroidRuntime( 8095): CheckJNI is OFF
D/AndroidRuntime( 8095): Calling main entry com.android.commands.settings.SettingsCmd
D/AndroidRuntime( 8095): Shutting down VM
I/Icing   ( 1754): Indexing 4CC663A45D3554F20217D9AEE3642AE58F200914 from com.google.android.googlequicksearchbox
I/Icing   ( 1754): Indexing done 4CC663A45D3554F20217D9AEE3642AE58F200914
I/Icing   ( 1754): Indexing 3350114A444F4A7E0693C298C7FB71318300EE55 from com.google.android.gms
I/Icing   ( 1754): Indexing done 3350114A444F4A7E0693C298C7FB71318300EE55
D/AndroidRuntime( 8122): >>>>>> START com.android.internal.os.RuntimeInit uid 2000 <<<<<<
D/AndroidRuntime( 8122): CheckJNI is OFF
D/AndroidRuntime( 8122): Calling main entry com.android.commands.settings.SettingsCmd
D/AndroidRuntime( 8122): Shutting down VM
D/AndroidRuntime( 8148): >>>>>> START com.android.internal.os.RuntimeInit uid 2000 <<<<<<
D/AndroidRuntime( 8148): CheckJNI is OFF
D/AndroidRuntime( 8148): Calling main entry com.android.commands.settings.SettingsCmd
D/AndroidRuntime( 8148): Shutting down VM
D/AndroidRuntime( 8172): >>>>>> START com.android.internal.os.RuntimeInit uid 2000 <<<<<<
D/AndroidRuntime( 8172): CheckJNI is OFF
D/AndroidRuntime( 8172): Calling main entry com.android.commands.settings.SettingsCmd
D/AndroidRuntime( 8172): Shutting down VM
D/AndroidRuntime( 8195): >>>>>> START com.android.internal.os.RuntimeInit uid 2000 <<<<<<
D/AndroidRuntime( 8195): CheckJNI is OFF
D/AndroidRuntime( 8195): Calling main entry com.android.commands.pm.Pm
I/art     ( 8195): System.exit called, status: 0
I/AndroidRuntime( 8195): VM exiting with result code 0.
E/WifiStateMachine(  814): WifiStateMachine CMD_START_SCAN source -2 txSuccessRate=0.00 rxSuccessRate=0.09 targetRoamBSSID=any RSSI=-48
E/WifiStateMachine(  814): WifiStateMachine starting scan for "xtc-ag"WPA_PSK with 5240,2437,5180
D/AndroidRuntime( 8247): >>>>>> START com.android.internal.os.RuntimeInit uid 2000 <<<<<<
D/AndroidRuntime( 8247): CheckJNI is OFF
D/AndroidRuntime( 8247): Calling main entry com.android.commands.pm.Pm
I/art     ( 8247): System.exit called, status: 0
I/AndroidRuntime( 8247): VM exiting with result code 0.
D/AndroidRuntime( 8332): >>>>>> START com.android.internal.os.RuntimeInit uid 2000 <<<<<<
D/AndroidRuntime( 8332): CheckJNI is OFF
D/AndroidRuntime( 8332): Calling main entry com.android.commands.am.Am
W/ActivityManager(  814): Invalid packageName: com.careerbuilder.SugarDrone.test
D/AndroidRuntime( 8332): Shutting down VM
D/AndroidRuntime( 8361): >>>>>> START com.android.internal.os.RuntimeInit uid 2000 <<<<<<
D/AndroidRuntime( 8361): CheckJNI is OFF
D/AndroidRuntime( 8361): Calling main entry com.android.commands.pm.Pm
D/DefContainer( 6608): Copying /data/local/tmp/0000004244 to base.apk
D/PackageManager(  814): Renaming /data/app/vmdl2067262996.tmp to /data/app/com.careerbuilder.SugarDrone.test-1
I/PackageManager(  814): Running dexopt on: /data/app/com.careerbuilder.SugarDrone.test-1/base.apk pkg=com.careerbuilder.SugarDrone.test isa=arm vmSafeMode=false
I/dex2oat ( 8384): /system/bin/dex2oat --zip-fd=6 --zip-location=/data/app/com.careerbuilder.SugarDrone.test-1/base.apk --oat-fd=7 --oat-location=/data/dalvik-cache/arm/data@app@com.careerbuilder.SugarDrone.test-1@base.apk@classes.dex --instruction-set=arm --instruction-set-features=div --runtime-arg -Xms64m --runtime-arg -Xmx512m --swap-fd=8
I/dex2oat ( 8384): Decided to run without swap.
I/dex2oat ( 8384): dex2oat took 2.019s (threads: 4) arena alloc=1471KB java alloc=1938KB native alloc=6MB free=9MB
V/BackupManagerService(  814): restoreAtInstall pkg=com.careerbuilder.SugarDrone.test token=7 restoreSet=0
V/BackupManagerService(  814): Finishing install immediately
W/Settings(  814): Setting install_non_market_apps has moved from android.provider.Settings.Global to android.provider.Settings.Secure, returning read-only value.
W/InputMethodInfo(  814): Duplicated subtype definition found: , voice
D/BuaReceiver( 3949): ====== got intent:Intent { act=android.intent.action.PACKAGE_ADDED dat=package:com.careerbuilder.SugarDrone.test flg=0x4000010 cmp=com.motorola.android.buacontactadapter/.BuaReceiver (has extras) }
I/InputReader(  814): Reconfiguring input devices.  changes=0x00000010
I/UpdateIcingCorporaServi( 2796): Updating corpora: APPS=com.careerbuilder.SugarDrone.test, CONTACTS=MAYBE
D/BackupManagerService(  814): Received broadcast Intent { act=android.intent.action.PACKAGE_ADDED dat=package:com.careerbuilder.SugarDrone.test flg=0x4000010 (has extras) }
W/BackupManagerService(  814): Removing schedule queue dupe of com.careerbuilder.SugarDrone.test
I/ApplicationLogger( 2796): canRun() : Opted Out
I/UpdateIcingCorporaServi( 2796): UpdateCorporaTask done [took 25 ms] updated apps [took 25 ms] 
I/art     (  814): Explicit concurrent mark sweep GC freed 80975(4MB) AllocSpace objects, 13(2MB) LOS objects, 30% free, 37MB/53MB, paused 6.226ms total 133.037ms
I/art     ( 8361): System.exit called, status: 0
I/AndroidRuntime( 8361): VM exiting with result code 0.
D/Wear_Controller( 1754): Received broadcast action=android.intent.action.PACKAGE_ADDED and uri=com.careerbuilder.SugarDrone.test
I/PeopleContactsSync( 1754): triggerPendingContactsCleanup: no accounts
W/IcingInternalCorpora( 1754): getNumBytesRead when not calculated.
I/Icing   ( 1754): Usage reports 0 indexed 0 rejected 0 imm upload false
I/Icing   ( 1754): Usage reports 0 indexed 0 rejected 0 imm upload false
D/AndroidRuntime( 8462): >>>>>> START com.android.internal.os.RuntimeInit uid 2000 <<<<<<
D/AndroidRuntime( 8462): CheckJNI is OFF
D/AndroidRuntime( 8462): Calling main entry com.android.commands.settings.SettingsCmd
D/AndroidRuntime( 8462): Shutting down VM
D/AndroidRuntime( 8485): >>>>>> START com.android.internal.os.RuntimeInit uid 2000 <<<<<<
D/AndroidRuntime( 8485): CheckJNI is OFF
D/AndroidRuntime( 8485): Calling main entry com.android.commands.settings.SettingsCmd
D/AndroidRuntime( 8485): Shutting down VM
E/art     ( 8485): Thread attaching while runtime is shutting down: Binder_2
I/AndroidRuntime( 8485): NOTE: attach of thread 'Binder_2' failed
I/Icing   ( 1754): Indexing 3350114A444F4A7E0693C298C7FB71318300EE55 from com.google.android.gms
I/Icing   ( 1754): Indexing done 3350114A444F4A7E0693C298C7FB71318300EE55
D/AndroidRuntime( 8510): >>>>>> START com.android.internal.os.RuntimeInit uid 2000 <<<<<<
D/AndroidRuntime( 8510): CheckJNI is OFF
D/AndroidRuntime( 8510): Calling main entry com.android.commands.settings.SettingsCmd
D/AndroidRuntime( 8510): Shutting down VM
D/AndroidRuntime( 8536): >>>>>> START com.android.internal.os.RuntimeInit uid 2000 <<<<<<
D/AndroidRuntime( 8536): CheckJNI is OFF
D/AndroidRuntime( 8536): Calling main entry com.android.commands.settings.SettingsCmd
D/AndroidRuntime( 8536): Shutting down VM
D/AndroidRuntime( 8559): >>>>>> START com.android.internal.os.RuntimeInit uid 2000 <<<<<<
D/AndroidRuntime( 8559): CheckJNI is OFF
D/AndroidRuntime( 8559): Calling main entry com.android.commands.settings.SettingsCmd
D/AndroidRuntime( 8559): Shutting down VM
D/AndroidRuntime( 8584): >>>>>> START com.android.internal.os.RuntimeInit uid 2000 <<<<<<
D/AndroidRuntime( 8584): CheckJNI is OFF
D/AndroidRuntime( 8584): Calling main entry com.android.commands.pm.Pm
I/art     ( 8584): System.exit called, status: 0
I/AndroidRuntime( 8584): VM exiting with result code 0.
D/AndroidRuntime( 8636): >>>>>> START com.android.internal.os.RuntimeInit uid 2000 <<<<<<
D/AndroidRuntime( 8636): CheckJNI is OFF
D/AndroidRuntime( 8636): Calling main entry com.android.commands.pm.Pm
I/art     ( 8636): System.exit called, status: 0
I/AndroidRuntime( 8636): VM exiting with result code 0.
D/AndroidRuntime( 8721): >>>>>> START com.android.internal.os.RuntimeInit uid 2000 <<<<<<
D/AndroidRuntime( 8721): CheckJNI is OFF
D/AndroidRuntime( 8721): Calling main entry com.android.commands.input.Input
I/Input   ( 8721): injectKeyEvent: KeyEvent { action=ACTION_DOWN, keyCode=KEYCODE_BACK, scanCode=0, metaState=0, flags=0x0, repeatCount=0, eventTime=3364932, downTime=3364932, deviceId=-1, source=0x101 }
I/Input   ( 8721): injectKeyEvent: KeyEvent { action=ACTION_UP, keyCode=KEYCODE_BACK, scanCode=0, metaState=0, flags=0x0, repeatCount=0, eventTime=3364932, downTime=3364932, deviceId=-1, source=0x101 }
D/AndroidRuntime( 8721): Shutting down VM
D/AndroidRuntime( 8777): >>>>>> START com.android.internal.os.RuntimeInit uid 2000 <<<<<<
D/AndroidRuntime( 8777): CheckJNI is OFF
D/AndroidRuntime( 8777): Calling main entry com.android.commands.input.Input
I/Input   ( 8777): injectKeyEvent: KeyEvent { action=ACTION_DOWN, keyCode=KEYCODE_HOME, scanCode=0, metaState=0, flags=0x0, repeatCount=0, eventTime=3366366, downTime=3366366, deviceId=-1, source=0x101 }
I/Input   ( 8777): injectKeyEvent: KeyEvent { action=ACTION_UP, keyCode=KEYCODE_HOME, scanCode=0, metaState=0, flags=0x0, repeatCount=0, eventTime=3366366, downTime=3366366, deviceId=-1, source=0x101 }
I/ActivityManager(  814): START u0 {act=android.intent.action.MAIN cat=[android.intent.category.HOME] flg=0x10200000 cmp=com.google.android.googlequicksearchbox/com.google.android.launcher.GEL} from uid 1000 on display 0
D/AndroidRuntime( 8777): Shutting down VM
I/GEL     ( 1408): handleIntent(Intent { act=android.intent.action.MAIN cat=[android.intent.category.HOME] flg=0x10200000 cmp=com.google.android.googlequicksearchbox/com.google.android.launcher.GEL })
I/art     ( 2083): Explicit concurrent mark sweep GC freed 63532(3MB) AllocSpace objects, 37(615KB) LOS objects, 34% free, 30MB/46MB, paused 918us total 42.720ms
D/AndroidRuntime( 8809): >>>>>> START com.android.internal.os.RuntimeInit uid 2000 <<<<<<
D/AndroidRuntime( 8809): CheckJNI is OFF
D/AndroidRuntime( 8809): Calling main entry com.android.commands.input.Input
I/Input   ( 8809): injectKeyEvent: KeyEvent { action=ACTION_DOWN, keyCode=KEYCODE_BACK, scanCode=0, metaState=0, flags=0x0, repeatCount=0, eventTime=3367407, downTime=3367407, deviceId=-1, source=0x101 }
I/Input   ( 8809): injectKeyEvent: KeyEvent { action=ACTION_UP, keyCode=KEYCODE_BACK, scanCode=0, metaState=0, flags=0x0, repeatCount=0, eventTime=3367407, downTime=3367407, deviceId=-1, source=0x101 }
D/AndroidRuntime( 8809): Shutting down VM
D/AndroidRuntime( 8840): >>>>>> START com.android.internal.os.RuntimeInit uid 2000 <<<<<<
D/AndroidRuntime( 8840): CheckJNI is OFF
D/AndroidRuntime( 8840): Calling main entry com.android.commands.am.Am
I/ActivityManager(  814): Force stopping com.careerbuilder.SugarDrone appid=16185 user=0: start instr
I/ActivityManager(  814): Start proc 8861:com.careerbuilder.SugarDrone/u0a6185 for added application com.careerbuilder.SugarDrone
I/art     ( 8861): Late-enabling -Xcheck:jni
W/monodroid( 8861): Using override path: /data/data/com.careerbuilder.SugarDrone/files/.__override__
W/monodroid( 8861): Trying to load sgen from: /data/data/com.careerbuilder.SugarDrone/files/.__override__/libmonosgen-2.0.so
W/monodroid( 8861): Trying to load sgen from: /storage/emulated/0/Android/data/com.careerbuilder.SugarDrone/files/.__override__/libmonosgen-2.0.so
W/monodroid( 8861): Trying to load sgen from: /data/app/com.careerbuilder.SugarDrone-1/lib/arm/libmonosgen-2.0.so
D/Mono    ( 8861): Image addref mscorlib[0xb4b00520] -> mscorlib.dll[0xb483e400]: 2
D/Mono    ( 8861): Prepared to set up assembly 'mscorlib' (mscorlib.dll)
D/Mono    ( 8861): AOT module 'mscorlib.dll.so' not found: dlopen failed: library "/data/app/com.careerbuilder.SugarDrone-1/lib/arm/libaot-mscorlib.dll.so" not found
D/Mono    ( 8861): AOT module '/Users/builder/data/lanes/4009/3a62f1ea/source/monodroid/builds/install/mono-armv6/lib/mono/aot-cache/arm/mscorlib.dll.so' not found: dlopen failed: library "/data/app/com.careerbuilder.SugarDrone-1/lib/arm/libaot-mscorlib.dll.so" not found
D/Mono    ( 8861): Config attempting to parse: 'mscorlib.dll.config'.
D/Mono    ( 8861): Config attempting to parse: '/Users/builder/data/lanes/4009/3a62f1ea/source/monodroid/builds/install/mono-armv6/etc/mono/assemblies/mscorlib/mscorlib.config'.
D/Mono    ( 8861): Assembly mscorlib[0xb4b00520] added to domain RootDomain, ref_count=1
D/Mono    ( 8861): Image addref CareerBuilder_Search.Droid[0xb4b00580] -> CareerBuilder_Search.Droid.dll[0xb483f800]: 2
D/Mono    ( 8861): Prepared to set up assembly 'CareerBuilder_Search.Droid' (CareerBuilder_Search.Droid.dll)
D/Mono    ( 8861): Assembly CareerBuilder_Search.Droid[0xb4b00580] added to domain RootDomain, ref_count=1
D/Mono    ( 8861): AOT module 'CareerBuilder_Search.Droid.dll.so' not found: dlopen failed: library "/data/app/com.careerbuilder.SugarDrone-1/lib/arm/libaot-CareerBuilder_Search.Droid.dll.so" not found
D/Mono    ( 8861): AOT module '/Users/builder/data/lanes/4009/3a62f1ea/source/monodroid/builds/install/mono-armv6/lib/mono/aot-cache/arm/CareerBuilder_Search.Droid.dll.so' not found: dlopen failed: library "/data/app/com.careerbuilder.SugarDrone-1/lib/arm/libaot-CareerBuilder_Search.Droid.dll.so" not found
D/Mono    ( 8861): Config attempting to parse: 'CareerBuilder_Search.Droid.dll.config'.
D/Mono    ( 8861): Config attempting to parse: '/Users/builder/data/lanes/4009/3a62f1ea/source/monodroid/builds/install/mono-armv6/etc/mono/assemblies/CareerBuilder_Search.Droid/CareerBuilder_Search.Droid.config'.
D/Mono    ( 8861): Image addref AppsFlyerXamarinBindingAndroid[0xb4b005e0] -> AppsFlyerXamarinBindingAndroid.dll[0xb483fd00]: 2
D/Mono    ( 8861): Prepared to set up assembly 'AppsFlyerXamarinBindingAndroid' (AppsFlyerXamarinBindingAndroid.dll)
D/Mono    ( 8861): Assembly AppsFlyerXamarinBindingAndroid[0xb4b005e0] added to domain RootDomain, ref_count=1
D/Mono    ( 8861): AOT module 'AppsFlyerXamarinBindingAndroid.dll.so' not found: dlopen failed: library "/data/app/com.careerbuilder.SugarDrone-1/lib/arm/libaot-AppsFlyerXamarinBindingAndroid.dll.so" not found
D/Mono    ( 8861): AOT module '/Users/builder/data/lanes/4009/3a62f1ea/source/monodroid/builds/install/mono-armv6/lib/mono/aot-cache/arm/AppsFlyerXamarinBindingAndroid.dll.so' not found: dlopen failed: library "/data/app/com.careerbuilder.SugarDrone-1/lib/arm/libaot-AppsFlyerXamarinBindingAndroid.dll.so" not found
D/Mono    ( 8861): Config attempting to parse: 'AppsFlyerXamarinBindingAndroid.dll.config'.
D/Mono    ( 8861): Config attempting to parse: '/Users/builder/data/lanes/4009/3a62f1ea/source/monodroid/builds/install/mono-armv6/etc/mono/assemblies/AppsFlyerXamarinBindingAndroid/AppsFlyerXamarinBindingAndroid.config'.
D/Mono    ( 8861): Image addref HockeySDK[0xb4b00640] -> HockeySDK.dll[0xb4840200]: 2
D/Mono    ( 8861): Prepared to set up assembly 'HockeySDK' (HockeySDK.dll)
D/Mono    ( 8861): Assembly HockeySDK[0xb4b00640] added to domain RootDomain, ref_count=1
D/Mono    ( 8861): AOT module 'HockeySDK.dll.so' not found: dlopen failed: library "/data/app/com.careerbuilder.SugarDrone-1/lib/arm/libaot-HockeySDK.dll.so" not found
D/Mono    ( 8861): AOT module '/Users/builder/data/lanes/4009/3a62f1ea/source/monodroid/builds/install/mono-armv6/lib/mono/aot-cache/arm/HockeySDK.dll.so' not found: dlopen failed: library "/data/app/com.careerbuilder.SugarDrone-1/lib/arm/libaot-HockeySDK.dll.so" not found
D/Mono    ( 8861): Config attempting to parse: 'HockeySDK.dll.config'.
D/Mono    ( 8861): Config attempting to parse: '/Users/builder/data/lanes/4009/3a62f1ea/source/monodroid/builds/install/mono-armv6/etc/mono/assemblies/HockeySDK/HockeySDK.config'.
D/Mono    ( 8861): Image addref Akavache[0xb4b006a0] -> Akavache.dll[0xb4840700]: 2
D/Mono    ( 8861): Prepared to set up assembly 'Akavache' (Akavache.dll)
D/Mono    ( 8861): Assembly Akavache[0xb4b006a0] added to domain RootDomain, ref_count=1
D/Mono    ( 8861): AOT module 'Akavache.dll.so' not found: dlopen failed: library "/data/app/com.careerbuilder.SugarDrone-1/lib/arm/libaot-Akavache.dll.so" not found
D/Mono    ( 8861): AOT module '/Users/builder/data/lanes/4009/3a62f1ea/source/monodroid/builds/install/mono-armv6/lib/mono/aot-cache/arm/Akavache.dll.so' not found: dlopen failed: library "/data/app/com.careerbuilder.SugarDrone-1/lib/arm/libaot-Akavache.dll.so" not found
D/Mono    ( 8861): Config attempting to parse: 'Akavache.dll.config'.
D/Mono    ( 8861): Config attempting to parse: '/Users/builder/data/lanes/4009/3a62f1ea/source/monodroid/builds/install/mono-armv6/etc/mono/assemblies/Akavache/Akavache.config'.
D/Mono    ( 8861): Image addref Akavache.Sqlite3[0xb4b00700] -> Akavache.Sqlite3.dll[0xb4841100]: 2
D/Mono    ( 8861): Prepared to set up assembly 'Akavache.Sqlite3' (Akavache.Sqlite3.dll)
D/Mono    ( 8861): Assembly Akavache.Sqlite3[0xb4b00700] added to domain RootDomain, ref_count=1
D/Mono    ( 8861): AOT module 'Akavache.Sqlite3.dll.so' not found: dlopen failed: library "/data/app/com.careerbuilder.SugarDrone-1/lib/arm/libaot-Akavache.Sqlite3.dll.so" not found
D/Mono    ( 8861): AOT module '/Users/builder/data/lanes/4009/3a62f1ea/source/monodroid/builds/install/mono-armv6/lib/mono/aot-cache/arm/Akavache.Sqlite3.dll.so' not found: dlopen failed: library "/data/app/com.careerbuilder.SugarDrone-1/lib/arm/libaot-Akavache.Sqlite3.dll.so" not found
W/        ( 8861): Symbol file LoadedFromMemory doesn't match image Akavache.Sqlite3.dll
D/Mono    ( 8861): Config attempting to parse: 'Akavache.Sqlite3.dll.config'.
D/Mono    ( 8861): Config attempting to parse: '/Users/builder/data/lanes/4009/3a62f1ea/source/monodroid/builds/install/mono-armv6/etc/mono/assemblies/Akavache.Sqlite3/Akavache.Sqlite3.config'.
D/Mono    ( 8861): Image addref Splat[0xb4b00760] -> Splat.dll[0xb4841b00]: 2
D/Mono    ( 8861): Prepared to set up assembly 'Splat' (Splat.dll)
D/Mono    ( 8861): Assembly Splat[0xb4b00760] added to domain RootDomain, ref_count=1
D/Mono    ( 8861): AOT module 'Splat.dll.so' not found: dlopen failed: library "/data/app/com.careerbuilder.SugarDrone-1/lib/arm/libaot-Splat.dll.so" not found
D/Mono    ( 8861): AOT module '/Users/builder/data/lanes/4009/3a62f1ea/source/monodroid/builds/install/mono-armv6/lib/mono/aot-cache/arm/Splat.dll.so' not found: dlopen failed: library "/data/app/com.careerbuilder.SugarDrone-1/lib/arm/libaot-Splat.dll.so" not found
D/Mono    ( 8861): Config attempting to parse: 'Splat.dll.config'.
D/Mono    ( 8861): Config attempting to parse: '/Users/builder/data/lanes/4009/3a62f1ea/source/monodroid/builds/install/mono-armv6/etc/mono/assemblies/Splat/Splat.config'.
D/Mono    ( 8861): Image addref Microsoft.Practices.ServiceLocation[0xb4b007c0] -> Microsoft.Practices.ServiceLocation.dll[0xb4842500]: 2
D/Mono    ( 8861): Prepared to set up assembly 'Microsoft.Practices.ServiceLocation' (Microsoft.Practices.ServiceLocation.dll)
D/Mono    ( 8861): Assembly Microsoft.Practices.ServiceLocation[0xb4b007c0] added to domain RootDomain, ref_count=1
D/Mono    ( 8861): AOT module 'Microsoft.Practices.ServiceLocation.dll.so' not found: dlopen failed: library "/data/app/com.careerbuilder.SugarDrone-1/lib/arm/libaot-Microsoft.Practices.ServiceLocation.dll.so" not found
D/Mono    ( 8861): AOT module '/Users/builder/data/lanes/4009/3a62f1ea/source/monodroid/builds/install/mono-armv6/lib/mono/aot-cache/arm/Microsoft.Practices.ServiceLocation.dll.so' not found: dlopen failed: library "/data/app/com.careerbuilder.SugarDrone-1/lib/arm/libaot-Microsoft.Practices.ServiceLocation.dll.so" not found
D/Mono    ( 8861): Config attempting to parse: 'Microsoft.Practices.ServiceLocation.dll.config'.
D/Mono    ( 8861): Config attempting to parse: '/Users/builder/data/lanes/4009/3a62f1ea/source/monodroid/builds/install/mono-armv6/etc/mono/assemblies/Microsoft.Practices.ServiceLocation/Microsoft.Practices.ServiceLocation.config'.
D/Mono    ( 8861): Image addref Microsoft.Practices.Unity[0xb4b00820] -> Microsoft.Practices.Unity.dll[0xb4842a00]: 2
D/Mono    ( 8861): Prepared to set up assembly 'Microsoft.Practices.Unity' (Microsoft.Practices.Unity.dll)
D/Mono    ( 8861): Assembly Microsoft.Practices.Unity[0xb4b00820] added to domain RootDomain, ref_count=1
D/Mono    ( 8861): AOT module 'Microsoft.Practices.Unity.dll.so' not found: dlopen failed: library "/data/app/com.careerbuilder.SugarDrone-1/lib/arm/libaot-Microsoft.Practices.Unity.dll.so" not found
D/Mono    ( 8861): AOT module '/Users/builder/data/lanes/4009/3a62f1ea/source/monodroid/builds/install/mono-armv6/lib/mono/aot-cache/arm/Microsoft.Practices.Unity.dll.so' not found: dlopen failed: library "/data/app/com.careerbuilder.SugarDrone-1/lib/arm/libaot-Microsoft.Practices.Unity.dll.so" not found
D/Mono    ( 8861): Config attempting to parse: 'Microsoft.Practices.Unity.dll.config'.
D/Mono    ( 8861): Config attempting to parse: '/Users/builder/data/lanes/4009/3a62f1ea/source/monodroid/builds/install/mono-armv6/etc/mono/assemblies/Microsoft.Practices.Unity/Microsoft.Practices.Unity.config'.
D/Mono    ( 8861): Image addref Plugin.CurrentActivity[0xb4b00880] -> Plugin.CurrentActivity.dll[0xb4843400]: 2
D/Mono    ( 8861): Prepared to set up assembly 'Plugin.CurrentActivity' (Plugin.CurrentActivity.dll)
D/Mono    ( 8861): Assembly Plugin.CurrentActivity[0xb4b00880] added to domain RootDomain, ref_count=1
D/Mono    ( 8861): AOT module 'Plugin.CurrentActivity.dll.so' not found: dlopen failed: library "/data/app/com.careerbuilder.SugarDrone-1/lib/arm/libaot-Plugin.CurrentActivity.dll.so" not found
D/Mono    ( 8861): AOT module '/Users/builder/data/lanes/4009/3a62f1ea/source/monodroid/builds/install/mono-armv6/lib/mono/aot-cache/arm/Plugin.CurrentActivity.dll.so' not found: dlopen failed: library "/data/app/com.careerbuilder.SugarDrone-1/lib/arm/libaot-Plugin.CurrentActivity.dll.so" not found
D/Mono    ( 8861): Config attempting to parse: 'Plugin.CurrentActivity.dll.config'.
D/Mono    ( 8861): Config attempting to parse: '/Users/builder/data/lanes/4009/3a62f1ea/source/monodroid/builds/install/mono-armv6/etc/mono/assemblies/Plugin.CurrentActivity/Plugin.CurrentActivity.config'.
D/Mono    ( 8861): Image addref Plugin.Permissions[0xb4b008e0] -> Plugin.Permissions.dll[0xb4843900]: 2
D/Mono    ( 8861): Prepared to set up assembly 'Plugin.Permissions' (Plugin.Permissions.dll)
D/Mono    ( 8861): Assembly Plugin.Permissions[0xb4b008e0] added to domain RootDomain, ref_count=1
D/Mono    ( 8861): AOT module 'Plugin.Permissions.dll.so' not found: dlopen failed: library "/data/app/com.careerbuilder.SugarDrone-1/lib/arm/libaot-Plugin.Permissions.dll.so" not found
D/Mono    ( 8861): AOT module '/Users/builder/data/lanes/4009/3a62f1ea/source/monodroid/builds/install/mono-armv6/lib/mono/aot-cache/arm/Plugin.Permissions.dll.so' not found: dlopen failed: library "/data/app/com.careerbuilder.SugarDrone-1/lib/arm/libaot-Plugin.Permissions.dll.so" not found
D/Mono    ( 8861): Config attempting to parse: 'Plugin.Permissions.dll.config'.
D/Mono    ( 8861): Config attempting to parse: '/Users/builder/data/lanes/4009/3a62f1ea/source/monodroid/builds/install/mono-armv6/etc/mono/assemblies/Plugin.Permissions/Plugin.Permissions.config'.
D/Mono    ( 8861): Image addref Plugin.Permissions.Abstractions[0xb4b00940] -> Plugin.Permissions.Abstractions.dll[0xb4843e00]: 2
D/Mono    ( 8861): Prepared to set up assembly 'Plugin.Permissions.Abstractions' (Plugin.Permissions.Abstractions.dll)
D/Mono    ( 8861): Assembly Plugin.Permissions.Abstractions[0xb4b00940] added to domain RootDomain, ref_count=1
D/Mono    ( 8861): AOT module 'Plugin.Permissions.Abstractions.dll.so' not found: dlopen failed: library "/data/app/com.careerbuilder.SugarDrone-1/lib/arm/libaot-Plugin.Permissions.Abstractions.dll.so" not found
D/Mono    ( 8861): AOT module '/Users/builder/data/lanes/4009/3a62f1ea/source/monodroid/builds/install/mono-armv6/lib/mono/aot-cache/arm/Plugin.Permissions.Abstractions.dll.so' not found: dlopen failed: library "/data/app/com.careerbuilder.SugarDrone-1/lib/arm/libaot-Plugin.Permissions.Abstractions.dll.so" not found
D/Mono    ( 8861): Config attempting to parse: 'Plugin.Permissions.Abstractions.dll.config'.
D/Mono    ( 8861): Config attempting to parse: '/Users/builder/data/lanes/4009/3a62f1ea/source/monodroid/builds/install/mono-armv6/etc/mono/assemblies/Plugin.Permissions.Abstractions/Plugin.Permissions.Abstractions.config'.
D/Mono    ( 8861): Image addref Plugin.Geolocator[0xb4b009a0] -> Plugin.Geolocator.dll[0xb4844300]: 2
D/Mono    ( 8861): Prepared to set up assembly 'Plugin.Geolocator' (Plugin.Geolocator.dll)
D/Mono    ( 8861): Assembly Plugin.Geolocator[0xb4b009a0] added to domain RootDomain, ref_count=1
D/Mono    ( 8861): AOT module 'Plugin.Geolocator.dll.so' not found: dlopen failed: library "/data/app/com.careerbuilder.SugarDrone-1/lib/arm/libaot-Plugin.Geolocator.dll.so" not found
D/Mono    ( 8861): AOT module '/Users/builder/data/lanes/4009/3a62f1ea/source/monodroid/builds/install/mono-armv6/lib/mono/aot-cache/arm/Plugin.Geolocator.dll.so' not found: dlopen failed: library "/data/app/com.careerbuilder.SugarDrone-1/lib/arm/libaot-Plugin.Geolocator.dll.so" not found
D/Mono    ( 8861): Config attempting to parse: 'Plugin.Geolocator.dll.config'.
D/Mono    ( 8861): Config attempting to parse: '/Users/builder/data/lanes/4009/3a62f1ea/source/monodroid/builds/install/mono-armv6/etc/mono/assemblies/Plugin.Geolocator/Plugin.Geolocator.config'.
D/Mono    ( 8861): Image addref Plugin.Geolocator.Abstractions[0xb4b00a00] -> Plugin.Geolocator.Abstractions.dll[0xb4844800]: 2
D/Mono    ( 8861): Prepared to set up assembly 'Plugin.Geolocator.Abstractions' (Plugin.Geolocator.Abstractions.dll)
D/Mono    ( 8861): Assembly Plugin.Geolocator.Abstractions[0xb4b00a00] added to domain RootDomain, ref_count=1
D/Mono    ( 8861): AOT module 'Plugin.Geolocator.Abstractions.dll.so' not found: dlopen failed: library "/data/app/com.careerbuilder.SugarDrone-1/lib/arm/libaot-Plugin.Geolocator.Abstractions.dll.so" not found
D/Mono    ( 8861): AOT module '/Users/builder/data/lanes/4009/3a62f1ea/source/monodroid/builds/install/mono-armv6/lib/mono/aot-cache/arm/Plugin.Geolocator.Abstractions.dll.so' not found: dlopen failed: library "/data/app/com.careerbuilder.SugarDrone-1/lib/arm/libaot-Plugin.Geolocator.Abstractions.dll.so" not found
D/Mono    ( 8861): Config attempting to parse: 'Plugin.Geolocator.Abstractions.dll.config'.
D/Mono    ( 8861): Config attempting to parse: '/Users/builder/data/lanes/4009/3a62f1ea/source/monodroid/builds/install/mono-armv6/etc/mono/assemblies/Plugin.Geolocator.Abstractions/Plugin.Geolocator.Abstractions.config'.
D/Mono    ( 8861): Image addref Plugin.DeviceInfo[0xb4b00a60] -> Plugin.DeviceInfo.dll[0xb4844d00]: 2
D/Mono    ( 8861): Prepared to set up assembly 'Plugin.DeviceInfo' (Plugin.DeviceInfo.dll)
D/Mono    ( 8861): Assembly Plugin.DeviceInfo[0xb4b00a60] added to domain RootDomain, ref_count=1
D/Mono    ( 8861): AOT module 'Plugin.DeviceInfo.dll.so' not found: dlopen failed: library "/data/app/com.careerbuilder.SugarDrone-1/lib/arm/libaot-Plugin.DeviceInfo.dll.so" not found
D/Mono    ( 8861): AOT module '/Users/builder/data/lanes/4009/3a62f1ea/source/monodroid/builds/install/mono-armv6/lib/mono/aot-cache/arm/Plugin.DeviceInfo.dll.so' not found: dlopen failed: library "/data/app/com.careerbuilder.SugarDrone-1/lib/arm/libaot-Plugin.DeviceInfo.dll.so" not found
D/Mono    ( 8861): Config attempting to parse: 'Plugin.DeviceInfo.dll.config'.
D/Mono    ( 8861): Config attempting to parse: '/Users/builder/data/lanes/4009/3a62f1ea/source/monodroid/builds/install/mono-armv6/etc/mono/assemblies/Plugin.DeviceInfo/Plugin.DeviceInfo.config'.
D/Mono    ( 8861): Image addref Plugin.DeviceInfo.Abstractions[0xb4b00ac0] -> Plugin.DeviceInfo.Abstractions.dll[0xb4845200]: 2
D/Mono    ( 8861): Prepared to set up assembly 'Plugin.DeviceInfo.Abstractions' (Plugin.DeviceInfo.Abstractions.dll)
D/Mono    ( 8861): Assembly Plugin.DeviceInfo.Abstractions[0xb4b00ac0] added to domain RootDomain, ref_count=1
D/Mono    ( 8861): AOT module 'Plugin.DeviceInfo.Abstractions.dll.so' not found: dlopen failed: library "/data/app/com.careerbuilder.SugarDrone-1/lib/arm/libaot-Plugin.DeviceInfo.Abstractions.dll.so" not found
D/Mono    ( 8861): AOT module '/Users/builder/data/lanes/4009/3a62f1ea/source/monodroid/builds/install/mono-armv6/lib/mono/aot-cache/arm/Plugin.DeviceInfo.Abstractions.dll.so' not found: dlopen failed: library "/data/app/com.careerbuilder.SugarDrone-1/lib/arm/libaot-Plugin.DeviceInfo.Abstractions.dll.so" not found
D/Mono    ( 8861): Config attempting to parse: 'Plugin.DeviceInfo.Abstractions.dll.config'.
D/Mono    ( 8861): Config attempting to parse: '/Users/builder/data/lanes/4009/3a62f1ea/source/monodroid/builds/install/mono-armv6/etc/mono/assemblies/Plugin.DeviceInfo.Abstractions/Plugin.DeviceInfo.Abstractions.config'.
D/Mono    ( 8861): Image addref Xamarin.GooglePlayServices.Analytics[0xb4b00b20] -> Xamarin.GooglePlayServices.Analytics.dll[0xb4845700]: 2
D/Mono    ( 8861): Prepared to set up assembly 'Xamarin.GooglePlayServices.Analytics' (Xamarin.GooglePlayServices.Analytics.dll)
D/Mono    ( 8861): Assembly Xamarin.GooglePlayServices.Analytics[0xb4b00b20] added to domain RootDomain, ref_count=1
D/Mono    ( 8861): AOT module 'Xamarin.GooglePlayServices.Analytics.dll.so' not found: dlopen failed: library "/data/app/com.careerbuilder.SugarDrone-1/lib/arm/libaot-Xamarin.GooglePlayServices.Analytics.dll.so" not found
D/Mono    ( 8861): AOT module '/Users/builder/data/lanes/4009/3a62f1ea/source/monodroid/builds/install/mono-armv6/lib/mono/aot-cache/arm/Xamarin.GooglePlayServices.Analytics.dll.so' not found: dlopen failed: library "/data/app/com.careerbuilder.SugarDrone-1/lib/arm/libaot-Xamarin.GooglePlayServices.Analytics.dll.so" not found
D/Mono    ( 8861): Config attempting to parse: 'Xamarin.GooglePlayServices.Analytics.dll.config'.
D/Mono    ( 8861): Config attempting to parse: '/Users/builder/data/lanes/4009/3a62f1ea/source/monodroid/builds/install/mono-armv6/etc/mono/assemblies/Xamarin.GooglePlayServices.Analytics/Xamarin.GooglePlayServices.Analytics.config'.
E/WifiStateMachine(  814): WifiStateMachine CMD_START_SCAN source -2 txSuccessRate=0.00 rxSuccessRate=0.00 targetRoamBSSID=any RSSI=-48
D/Mono    ( 8861): Image addref Xamarin.GooglePlayServices.Base[0xb4b00b80] -> Xamarin.GooglePlayServices.Base.dll[0xb4845c00]: 2
D/Mono    ( 8861): Prepared to set up assembly 'Xamarin.GooglePlayServices.Base' (Xamarin.GooglePlayServices.Base.dll)
D/Mono    ( 8861): Assembly Xamarin.GooglePlayServices.Base[0xb4b00b80] added to domain RootDomain, ref_count=1
D/Mono    ( 8861): AOT module 'Xamarin.GooglePlayServices.Base.dll.so' not found: dlopen failed: library "/data/app/com.careerbuilder.SugarDrone-1/lib/arm/libaot-Xamarin.GooglePlayServices.Base.dll.so" not found
D/Mono    ( 8861): AOT module '/Users/builder/data/lanes/4009/3a62f1ea/source/monodroid/builds/install/mono-armv6/lib/mono/aot-cache/arm/Xamarin.GooglePlayServices.Base.dll.so' not found: dlopen failed: library "/data/app/com.careerbuilder.SugarDrone-1/lib/arm/libaot-Xamarin.GooglePlayServices.Base.dll.so" not found
D/Mono    ( 8861): Config attempting to parse: 'Xamarin.GooglePlayServices.Base.dll.config'.
D/Mono    ( 8861): Config attempting to parse: '/Users/builder/data/lanes/4009/3a62f1ea/source/monodroid/builds/install/mono-armv6/etc/mono/assemblies/Xamarin.GooglePlayServices.Base/Xamarin.GooglePlayServices.Base.config'.
D/Mono    ( 8861): Image addref Xamarin.GooglePlayServices.Basement[0xb4b00be0] -> Xamarin.GooglePlayServices.Basement.dll[0xb4846100]: 2
D/Mono    ( 8861): Prepared to set up assembly 'Xamarin.GooglePlayServices.Basement' (Xamarin.GooglePlayServices.Basement.dll)
D/Mono    ( 8861): Assembly Xamarin.GooglePlayServices.Basement[0xb4b00be0] added to domain RootDomain, ref_count=1
D/Mono    ( 8861): AOT module 'Xamarin.GooglePlayServices.Basement.dll.so' not found: dlopen failed: library "/data/app/com.careerbuilder.SugarDrone-1/lib/arm/libaot-Xamarin.GooglePlayServices.Basement.dll.so" not found
D/Mono    ( 8861): AOT module '/Users/builder/data/lanes/4009/3a62f1ea/source/monodroid/builds/install/mono-armv6/lib/mono/aot-cache/arm/Xamarin.GooglePlayServices.Basement.dll.so' not found: dlopen failed: library "/data/app/com.careerbuilder.SugarDrone-1/lib/arm/libaot-Xamarin.GooglePlayServices.Basement.dll.so" not found
D/Mono    ( 8861): Config attempting to parse: 'Xamarin.GooglePlayServices.Basement.dll.config'.
D/Mono    ( 8861): Config attempting to parse: '/Users/builder/data/lanes/4009/3a62f1ea/source/monodroid/builds/install/mono-armv6/etc/mono/assemblies/Xamarin.GooglePlayServices.Basement/Xamarin.GooglePlayServices.Basement.config'.
D/Mono    ( 8861): Image addref Xamarin.Insights[0xb4b00c40] -> Xamarin.Insights.dll[0xb4846600]: 2
D/Mono    ( 8861): Prepared to set up assembly 'Xamarin.Insights' (Xamarin.Insights.dll)
D/Mono    ( 8861): Assembly Xamarin.Insights[0xb4b00c40] added to domain RootDomain, ref_count=1
D/Mono    ( 8861): AOT module 'Xamarin.Insights.dll.so' not found: dlopen failed: library "/data/app/com.careerbuilder.SugarDrone-1/lib/arm/libaot-Xamarin.Insights.dll.so" not found
D/Mono    ( 8861): AOT module '/Users/builder/data/lanes/4009/3a62f1ea/source/monodroid/builds/install/mono-armv6/lib/mono/aot-cache/arm/Xamarin.Insights.dll.so' not found: dlopen failed: library "/data/app/com.careerbuilder.SugarDrone-1/lib/arm/libaot-Xamarin.Insights.dll.so" not found
D/Mono    ( 8861): Config attempting to parse: 'Xamarin.Insights.dll.config'.
D/Mono    ( 8861): Config attempting to parse: '/Users/builder/data/lanes/4009/3a62f1ea/source/monodroid/builds/install/mono-armv6/etc/mono/assemblies/Xamarin.Insights/Xamarin.Insights.config'.
D/Mono    ( 8861): Image addref Plugin.ExternalMaps[0xb4b00ca0] -> Plugin.ExternalMaps.dll[0xb4846b00]: 2
D/Mono    ( 8861): Prepared to set up assembly 'Plugin.ExternalMaps' (Plugin.ExternalMaps.dll)
D/Mono    ( 8861): Assembly Plugin.ExternalMaps[0xb4b00ca0] added to domain RootDomain, ref_count=1
D/Mono    ( 8861): AOT module 'Plugin.ExternalMaps.dll.so' not found: dlopen failed: library "/data/app/com.careerbuilder.SugarDrone-1/lib/arm/libaot-Plugin.ExternalMaps.dll.so" not found
D/Mono    ( 8861): AOT module '/Users/builder/data/lanes/4009/3a62f1ea/source/monodroid/builds/install/mono-armv6/lib/mono/aot-cache/arm/Plugin.ExternalMaps.dll.so' not found: dlopen failed: library "/data/app/com.careerbuilder.SugarDrone-1/lib/arm/libaot-Plugin.ExternalMaps.dll.so" not found
D/Mono    ( 8861): Config attempting to parse: 'Plugin.ExternalMaps.dll.config'.
D/Mono    ( 8861): Config attempting to parse: '/Users/builder/data/lanes/4009/3a62f1ea/source/monodroid/builds/install/mono-armv6/etc/mono/assemblies/Plugin.ExternalMaps/Plugin.ExternalMaps.config'.
D/Mono    ( 8861): Image addref Plugin.ExternalMaps.Abstractions[0xb4b00d00] -> Plugin.ExternalMaps.Abstractions.dll[0xb4847000]: 2
D/Mono    ( 8861): Prepared to set up assembly 'Plugin.ExternalMaps.Abstractions' (Plugin.ExternalMaps.Abstractions.dll)
D/Mono    ( 8861): Assembly Plugin.ExternalMaps.Abstractions[0xb4b00d00] added to domain RootDomain, ref_count=1
D/Mono    ( 8861): AOT module 'Plugin.ExternalMaps.Abstractions.dll.so' not found: dlopen failed: library "/data/app/com.careerbuilder.SugarDrone-1/lib/arm/libaot-Plugin.ExternalMaps.Abstractions.dll.so" not found
D/Mono    ( 8861): AOT module '/Users/builder/data/lanes/4009/3a62f1ea/source/monodroid/builds/install/mono-armv6/lib/mono/aot-cache/arm/Plugin.ExternalMaps.Abstractions.dll.so' not found: dlopen failed: library "/data/app/com.careerbuilder.SugarDrone-1/lib/arm/libaot-Plugin.ExternalMaps.Abstractions.dll.so" not found
D/Mono    ( 8861): Config attempting to parse: 'Plugin.ExternalMaps.Abstractions.dll.config'.
D/Mono    ( 8861): Config attempting to parse: '/Users/builder/data/lanes/4009/3a62f1ea/source/monodroid/builds/install/mono-armv6/etc/mono/assemblies/Plugin.ExternalMaps.Abstractions/Plugin.ExternalMaps.Abstractions.config'.
D/Mono    ( 8861): Image addref FloatingActionButton-Xamarin[0xb4b00d60] -> FloatingActionButton-Xamarin.dll[0xb4847500]: 2
D/Mono    ( 8861): Prepared to set up assembly 'FloatingActionButton-Xamarin' (FloatingActionButton-Xamarin.dll)
D/Mono    ( 8861): Assembly FloatingActionButton-Xamarin[0xb4b00d60] added to domain RootDomain, ref_count=1
D/Mono    ( 8861): AOT module 'FloatingActionButton-Xamarin.dll.so' not found: dlopen failed: library "/data/app/com.careerbuilder.SugarDrone-1/lib/arm/libaot-FloatingActionButton-Xamarin.dll.so" not found
D/Mono    ( 8861): AOT module '/Users/builder/data/lanes/4009/3a62f1ea/source/monodroid/builds/install/mono-armv6/lib/mono/aot-cache/arm/FloatingActionButton-Xamarin.dll.so' not found: dlopen failed: library "/data/app/com.careerbuilder.SugarDrone-1/lib/arm/libaot-FloatingActionButton-Xamarin.dll.so" not found
D/Mono    ( 8861): Config attempting to parse: 'FloatingActionButton-Xamarin.dll.config'.
D/Mono    ( 8861): Config attempting to parse: '/Users/builder/data/lanes/4009/3a62f1ea/source/monodroid/builds/install/mono-armv6/etc/mono/assemblies/FloatingActionButton-Xamarin/FloatingActionButton-Xamarin.config'.
D/Mono    ( 8861): Image addref Xamarin.Android.Support.v4[0xb4b00dc0] -> Xamarin.Android.Support.v4.dll[0xb4847a00]: 2
D/Mono    ( 8861): Prepared to set up assembly 'Xamarin.Android.Support.v4' (Xamarin.Android.Support.v4.dll)
D/Mono    ( 8861): Assembly Xamarin.Android.Support.v4[0xb4b00dc0] added to domain RootDomain, ref_count=1
D/Mono    ( 8861): AOT module 'Xamarin.Android.Support.v4.dll.so' not found: dlopen failed: library "/data/app/com.careerbuilder.SugarDrone-1/lib/arm/libaot-Xamarin.Android.Support.v4.dll.so" not found
D/Mono    ( 8861): AOT module '/Users/builder/data/lanes/4009/3a62f1ea/source/monodroid/builds/install/mono-armv6/lib/mono/aot-cache/arm/Xamarin.Android.Support.v4.dll.so' not found: dlopen failed: library "/data/app/com.careerbuilder.SugarDrone-1/lib/arm/libaot-Xamarin.Android.Support.v4.dll.so" not found
D/Mono    ( 8861): Config attempting to parse: 'Xamarin.Android.Support.v4.dll.config'.
D/Mono    ( 8861): Config attempting to parse: '/Users/builder/data/lanes/4009/3a62f1ea/source/monodroid/builds/install/mono-armv6/etc/mono/assemblies/Xamarin.Android.Support.v4/Xamarin.Android.Support.v4.config'.
D/Mono    ( 8861): Image addref Xamarin.Android.Support.v7.RecyclerView[0xb4b00e20] -> Xamarin.Android.Support.v7.RecyclerView.dll[0xb4847f00]: 2
D/Mono    ( 8861): Prepared to set up assembly 'Xamarin.Android.Support.v7.RecyclerView' (Xamarin.Android.Support.v7.RecyclerView.dll)
D/Mono    ( 8861): Assembly Xamarin.Android.Support.v7.RecyclerView[0xb4b00e20] added to domain RootDomain, ref_count=1
D/Mono    ( 8861): AOT module 'Xamarin.Android.Support.v7.RecyclerView.dll.so' not found: dlopen failed: library "/data/app/com.careerbuilder.SugarDrone-1/lib/arm/libaot-Xamarin.Android.Support.v7.RecyclerView.dll.so" not found
D/Mono    ( 8861): AOT module '/Users/builder/data/lanes/4009/3a62f1ea/source/monodroid/builds/install/mono-armv6/lib/mono/aot-cache/arm/Xamarin.Android.Support.v7.RecyclerView.dll.so' not found: dlopen failed: library "/data/app/com.careerbuilder.SugarDrone-1/lib/arm/libaot-Xamarin.Android.Support.v7.RecyclerView.dll.so" not found
D/Mono    ( 8861): Config attempting to parse: 'Xamarin.Android.Support.v7.RecyclerView.dll.config'.
D/Mono    ( 8861): Config attempting to parse: '/Users/builder/data/lanes/4009/3a62f1ea/source/monodroid/builds/install/mono-armv6/etc/mono/assemblies/Xamarin.Android.Support.v7.RecyclerView/Xamarin.Android.Support.v7.RecyclerView.config'.
D/Mono    ( 8861): Image addref Xamarin.Android.Support.Vector.Drawable[0xb4b00e80] -> Xamarin.Android.Support.Vector.Drawable.dll[0xb4848400]: 2
D/Mono    ( 8861): Prepared to set up assembly 'Xamarin.Android.Support.Vector.Drawable' (Xamarin.Android.Support.Vector.Drawable.dll)
D/Mono    ( 8861): Assembly Xamarin.Android.Support.Vector.Drawable[0xb4b00e80] added to domain RootDomain, ref_count=1
D/Mono    ( 8861): AOT module 'Xamarin.Android.Support.Vector.Drawable.dll.so' not found: dlopen failed: library "/data/app/com.careerbuilder.SugarDrone-1/lib/arm/libaot-Xamarin.Android.Support.Vector.Drawable.dll.so" not found
D/Mono    ( 8861): AOT module '/Users/builder/data/lanes/4009/3a62f1ea/source/monodroid/builds/install/mono-armv6/lib/mono/aot-cache/arm/Xamarin.Android.Support.Vector.Drawable.dll.so' not found: dlopen failed: library "/data/app/com.careerbuilder.SugarDrone-1/lib/arm/libaot-Xamarin.Android.Support.Vector.Drawable.dll.so" not found
D/Mono    ( 8861): Config attempting to parse: 'Xamarin.Android.Support.Vector.Drawable.dll.config'.
D/Mono    ( 8861): Config attempting to parse: '/Users/builder/data/lanes/4009/3a62f1ea/source/monodroid/builds/install/mono-armv6/etc/mono/assemblies/Xamarin.Android.Support.Vector.Drawable/Xamarin.Android.Support.Vector.Drawable.config'.
D/Mono    ( 8861): Image addref Xamarin.Android.Support.Animated.Vector.Drawable[0xb4b00ee0] -> Xamarin.Android.Support.Animated.Vector.Drawable.dll[0xb4848900]: 2
D/Mono    ( 8861): Prepared to set up assembly 'Xamarin.Android.Support.Animated.Vector.Drawable' (Xamarin.Android.Support.Animated.Vector.Drawable.dll)
D/Mono    ( 8861): Assembly Xamarin.Android.Support.Animated.Vector.Drawable[0xb4b00ee0] added to domain RootDomain, ref_count=1
D/Mono    ( 8861): AOT module 'Xamarin.Android.Support.Animated.Vector.Drawable.dll.so' not found: dlopen failed: library "/data/app/com.careerbuilder.SugarDrone-1/lib/arm/libaot-Xamarin.Android.Support.Animated.Vector.Drawable.dll.so" not found
D/Mono    ( 8861): AOT module '/Users/builder/data/lanes/4009/3a62f1ea/source/monodroid/builds/install/mono-armv6/lib/mono/aot-cache/arm/Xamarin.Android.Support.Animated.Vector.Drawable.dll.so' not found: dlopen failed: library "/data/app/com.careerbuilder.SugarDrone-1/lib/arm/libaot-Xamarin.Android.Support.Animated.Vector.Drawable.dll.so" not found
D/Mono    ( 8861): Config attempting to parse: 'Xamarin.Android.Support.Animated.Vector.Drawable.dll.config'.
D/Mono    ( 8861): Config attempting to parse: '/Users/builder/data/lanes/4009/3a62f1ea/source/monodroid/builds/install/mono-armv6/etc/mono/assemblies/Xamarin.Android.Support.Animated.Vector.Drawable/Xamarin.Android.Support.Animated.Vector.Drawable.config'.
D/Mono    ( 8861): Image addref Xamarin.Android.Support.v7.AppCompat[0xb4b00f40] -> Xamarin.Android.Support.v7.AppCompat.dll[0xb4848e00]: 2
D/Mono    ( 8861): Prepared to set up assembly 'Xamarin.Android.Support.v7.AppCompat' (Xamarin.Android.Support.v7.AppCompat.dll)
D/Mono    ( 8861): Assembly Xamarin.Android.Support.v7.AppCompat[0xb4b00f40] added to domain RootDomain, ref_count=1
