<![CDATA[D/Finsky  ( 2681): [1] 5.onFinished: Installation state replication succeeded.
E/WifiStateMachine(  813): WifiStateMachine CMD_START_SCAN source -2 txSuccessRate=0.13 rxSuccessRate=0.06 targetRoamBSSID=any RSSI=-49
E/WifiConfigStore(  813):  rewrite network history for "xtc"WPA_PSK
E/WifiConfigStore(  813): writeKnownNetworkHistory write linked 2
E/WifiConfigStore(  813): writeKnownNetworkHistory write linked 2
E/WifiConfigStore(  813): writeKnownNetworkHistory write linked 2

]]><xtc-scenario name="[0-1062]CareerBuilder_Search.DroidFeatureTests.MyCBNavigationTests.DoneFromAfterApplySavesPlaceInJRP" id="[0-1062]CareerBuilder_Search.DroidFeatureTests.MyCBNavigationTests.DoneFromAfterApplySavesPlaceInJRP"><![CDATA[

]]><xtc-step name="[0-1062]CareerBuilder_Search.DroidFeatureTests.MyCBNavigationTests.DoneFromAfterApplySavesPlaceInJRP-DoneFromAfterApplySavesPlaceInJRP" id="[0-1062]CareerBuilder_Search.DroidFeatureTests.MyCBNavigationTests.DoneFromAfterApplySavesPlaceInJRP-DoneFromAfterApplySavesPlaceInJRP"><![CDATA[
D/AndroidRuntime( 6436): >>>>>> START com.android.internal.os.RuntimeInit uid 2000 <<<<<<
D/AndroidRuntime( 6436): CheckJNI is OFF
D/AndroidRuntime( 6436): Calling main entry com.android.commands.pm.Pm
I/art     ( 6436): System.exit called, status: 0
I/AndroidRuntime( 6436): VM exiting with result code 0.
D/AndroidRuntime( 6570): >>>>>> START com.android.internal.os.RuntimeInit uid 2000 <<<<<<
D/AndroidRuntime( 6570): CheckJNI is OFF
D/AndroidRuntime( 6570): Calling main entry com.android.commands.am.Am
W/ActivityManager(  813): Invalid packageName: com.careerbuilder.SugarDrone
D/AndroidRuntime( 6570): Shutting down VM
E/WifiStateMachine(  813): WifiStateMachine CMD_START_SCAN source -2 txSuccessRate=0.50 rxSuccessRate=0.50 targetRoamBSSID=any RSSI=-49
E/WifiStateMachine(  813): WifiStateMachine starting scan for "xtc-ag"WPA_PSK with 5240,2437,5180
W/ip      ( 6763): type=1400 audit(0.0:18): avc: denied { search } for name="net" dev="dm-0" ino=1081351 scontext=u:r:shell:s0 tcontext=u:object_r:net_data_file:s0 tclass=dir permissive=0
I/kickstart(  868): STATUS: SAHARA_HELLO: hw_info = 0x01030710, pwrup_reason = 0x00004000
I/kickstart(  868): STATUS: Wrote to /sys/power/wake_lock
E/kickstart(  868): ERROR: function: open_file:195 filename = /dev/block/platform/msm_sdcc.1/by-name/mdm1m9kefs1
I/kickstart(  868): STATUS: Opening file '/dev/block/platform/msm_sdcc.1/by-name/mdm1m9kefs1' for writing
I/kickstart(  868): STATUS: Received file 'm9kefs1'
I/kickstart(  868): STATUS: 950272 bytes transferred in 0.963945 seconds
I/kickstart(  868): STATUS: Successfully downloaded files from target 
I/kickstart(  868): STATUS: Wrote to /sys/power/wake_unlock
I/kickstart(  868): STATUS: Sahara protocol completed
E/WifiStateMachine(  813): WifiStateMachine CMD_START_SCAN source -2 txSuccessRate=0.00 rxSuccessRate=0.13 targetRoamBSSID=any RSSI=-49
E/WifiStateMachine(  813): WifiStateMachine starting scan for "xtc-ag"WPA_PSK with 5240,2437,5180
D/AndroidRuntime( 7118): >>>>>> START com.android.internal.os.RuntimeInit uid 2000 <<<<<<
D/AndroidRuntime( 7118): CheckJNI is OFF
D/AndroidRuntime( 7118): Calling main entry com.android.commands.pm.Pm
D/DefContainer( 5944): Copying /data/local/tmp/0000004431 to base.apk
D/PackageManager(  813): Renaming /data/app/vmdl1335603191.tmp to /data/app/com.careerbuilder.SugarDrone-1
I/PackageManager(  813): Running dexopt on: /data/app/com.careerbuilder.SugarDrone-1/base.apk pkg=com.careerbuilder.SugarDrone isa=arm vmSafeMode=false
I/dex2oat ( 7185): /system/bin/dex2oat --zip-fd=6 --zip-location=/data/app/com.careerbuilder.SugarDrone-1/base.apk --oat-fd=7 --oat-location=/data/dalvik-cache/arm/data@app@com.careerbuilder.SugarDrone-1@base.apk@classes.dex --instruction-set=arm --instruction-set-features=div --runtime-arg -Xms64m --runtime-arg -Xmx512m --swap-fd=8
I/dex2oat ( 7185): Decided to run without swap.
W/dex2oat ( 7185): Before Android 4.1, method android.graphics.PorterDuffColorFilter android.support.graphics.drawable.VectorDrawableCompat.updateTintFilter(android.graphics.PorterDuffColorFilter, android.content.res.ColorStateList, android.graphics.PorterDuff$Mode) would have incorrectly overridden the package-private method in android.graphics.drawable.Drawable
W/dex2oat ( 7185): Before Android 4.1, method int android.support.v7.widget.ListViewCompat.lookForSelectablePosition(int, boolean) would have incorrectly overridden the package-private method in android.widget.ListView
W/ProcessCpuTracker(  813): Skipping unknown process pid 7205
I/dex2oat ( 7185): dex2oat took 5.320s (threads: 4) arena alloc=458KB java alloc=8MB native alloc=10MB free=5MB
W/PackageManager(  813): Not granting permission android.permission.MANAGE_DOCUMENTS to package com.careerbuilder.SugarDrone (protectionLevel=2 flags=0x8be46)
W/PackageManager(  813): Not granting permission android.permission.MOUNT_UNMOUNT_FILESYSTEMS to package com.careerbuilder.SugarDrone (protectionLevel=18 flags=0x8be46)
V/BackupManagerService(  813): restoreAtInstall pkg=com.careerbuilder.SugarDrone token=6 restoreSet=0
V/BackupManagerService(  813): Finishing install immediately
W/Settings(  813): Setting install_non_market_apps has moved from android.provider.Settings.Global to android.provider.Settings.Secure, returning read-only value.
I/InputReader(  813): Reconfiguring input devices.  changes=0x00000010
W/InputMethodInfo(  813): Duplicated subtype definition found: , voice
D/BuaReceiver( 3601): ====== got intent:Intent { act=android.intent.action.PACKAGE_ADDED dat=package:com.careerbuilder.SugarDrone flg=0x4000010 cmp=com.motorola.android.buacontactadapter/.BuaReceiver (has extras) }
D/BackupManagerService(  813): Received broadcast Intent { act=android.intent.action.PACKAGE_ADDED dat=package:com.careerbuilder.SugarDrone flg=0x4000010 (has extras) }
W/BackupManagerService(  813): Removing schedule queue dupe of com.careerbuilder.SugarDrone
I/UpdateIcingCorporaServi( 2800): Updating corpora: APPS=com.careerbuilder.SugarDrone, CONTACTS=MAYBE
I/art     ( 2090): Explicit concurrent mark sweep GC freed 47557(2MB) AllocSpace objects, 45(720KB) LOS objects, 34% free, 30MB/46MB, paused 3ms total 57.730ms
D/Wear_Controller( 1772): Received broadcast action=android.intent.action.PACKAGE_ADDED and uri=com.careerbuilder.SugarDrone
I/PeopleContactsSync( 1772): triggerPendingContactsCleanup: no accounts
W/IcingInternalCorpora( 1772): getNumBytesRead when not calculated.
I/Icing   ( 1772): Usage reports 0 indexed 0 rejected 0 imm upload true
I/art     (  813): Explicit concurrent mark sweep GC freed 170673(8MB) AllocSpace objects, 36(1737KB) LOS objects, 28% free, 39MB/55MB, paused 4.777ms total 321.198ms
I/ApplicationLogger( 2800): canRun() : Opted Out
I/UpdateIcingCorporaServi( 2800): UpdateCorporaTask done [took 275 ms] updated apps [took 275 ms] 
I/art     ( 7118): System.exit called, status: 0
I/AndroidRuntime( 7118): VM exiting with result code 0.
I/Icing   ( 1772): Usage reports 0 indexed 0 rejected 0 imm upload false
I/Icing   ( 1772): Usage reports 0 indexed 0 rejected 0 imm upload false
D/AndroidRuntime( 7324): >>>>>> START com.android.internal.os.RuntimeInit uid 2000 <<<<<<
D/AndroidRuntime( 7324): CheckJNI is OFF
D/AndroidRuntime( 7324): Calling main entry com.android.commands.settings.SettingsCmd
D/AndroidRuntime( 7324): Shutting down VM
D/AndroidRuntime( 7346): >>>>>> START com.android.internal.os.RuntimeInit uid 2000 <<<<<<
D/AndroidRuntime( 7346): CheckJNI is OFF
I/Icing   ( 1772): Indexing 4CC663A45D3554F20217D9AEE3642AE58F200914 from com.google.android.googlequicksearchbox
D/AndroidRuntime( 7346): Calling main entry com.android.commands.settings.SettingsCmd
D/AndroidRuntime( 7346): Shutting down VM
I/Icing   ( 1772): Indexing done 4CC663A45D3554F20217D9AEE3642AE58F200914
I/Icing   ( 1772): Indexing 3350114A444F4A7E0693C298C7FB71318300EE55 from com.google.android.gms
I/Icing   ( 1772): Indexing done 3350114A444F4A7E0693C298C7FB71318300EE55
D/AndroidRuntime( 7375): >>>>>> START com.android.internal.os.RuntimeInit uid 2000 <<<<<<
D/AndroidRuntime( 7375): CheckJNI is OFF
D/AndroidRuntime( 7375): Calling main entry com.android.commands.settings.SettingsCmd
D/AndroidRuntime( 7375): Shutting down VM
D/AndroidRuntime( 7400): >>>>>> START com.android.internal.os.RuntimeInit uid 2000 <<<<<<
D/AndroidRuntime( 7400): CheckJNI is OFF
D/AndroidRuntime( 7400): Calling main entry com.android.commands.settings.SettingsCmd
D/AndroidRuntime( 7400): Shutting down VM
D/AndroidRuntime( 7423): >>>>>> START com.android.internal.os.RuntimeInit uid 2000 <<<<<<
D/AndroidRuntime( 7423): CheckJNI is OFF
D/AndroidRuntime( 7423): Calling main entry com.android.commands.settings.SettingsCmd
D/AndroidRuntime( 7423): Shutting down VM
D/AndroidRuntime( 7448): >>>>>> START com.android.internal.os.RuntimeInit uid 2000 <<<<<<
D/AndroidRuntime( 7448): CheckJNI is OFF
D/AndroidRuntime( 7448): Calling main entry com.android.commands.pm.Pm
I/art     ( 7448): System.exit called, status: 0
I/AndroidRuntime( 7448): VM exiting with result code 0.
D/AndroidRuntime( 7506): >>>>>> START com.android.internal.os.RuntimeInit uid 2000 <<<<<<
D/AndroidRuntime( 7506): CheckJNI is OFF
D/AndroidRuntime( 7506): Calling main entry com.android.commands.pm.Pm
I/art     ( 7506): System.exit called, status: 0
I/AndroidRuntime( 7506): VM exiting with result code 0.
E/WifiStateMachine(  813): WifiStateMachine CMD_START_SCAN source -2 txSuccessRate=0.00 rxSuccessRate=0.00 targetRoamBSSID=any RSSI=-49
D/AndroidRuntime( 7593): >>>>>> START com.android.internal.os.RuntimeInit uid 2000 <<<<<<
D/AndroidRuntime( 7593): CheckJNI is OFF
D/AndroidRuntime( 7593): Calling main entry com.android.commands.am.Am
W/ActivityManager(  813): Invalid packageName: com.careerbuilder.SugarDrone.test
D/AndroidRuntime( 7593): Shutting down VM
D/AndroidRuntime( 7621): >>>>>> START com.android.internal.os.RuntimeInit uid 2000 <<<<<<
D/AndroidRuntime( 7621): CheckJNI is OFF
D/AndroidRuntime( 7621): Calling main entry com.android.commands.pm.Pm
D/DefContainer( 5944): Copying /data/local/tmp/0000004435 to base.apk
D/PackageManager(  813): Renaming /data/app/vmdl614691006.tmp to /data/app/com.careerbuilder.SugarDrone.test-1
I/PackageManager(  813): Running dexopt on: /data/app/com.careerbuilder.SugarDrone.test-1/base.apk pkg=com.careerbuilder.SugarDrone.test isa=arm vmSafeMode=false
I/dex2oat ( 7644): /system/bin/dex2oat --zip-fd=6 --zip-location=/data/app/com.careerbuilder.SugarDrone.test-1/base.apk --oat-fd=7 --oat-location=/data/dalvik-cache/arm/data@app@com.careerbuilder.SugarDrone.test-1@base.apk@classes.dex --instruction-set=arm --instruction-set-features=div --runtime-arg -Xms64m --runtime-arg -Xmx512m --swap-fd=8
I/dex2oat ( 7644): Decided to run without swap.
I/dex2oat ( 7644): dex2oat took 1.818s (threads: 4) arena alloc=1851KB java alloc=1929KB native alloc=6MB free=13MB
V/BackupManagerService(  813): restoreAtInstall pkg=com.careerbuilder.SugarDrone.test token=7 restoreSet=0
V/BackupManagerService(  813): Finishing install immediately
D/BuaReceiver( 3601): ====== got intent:Intent { act=android.intent.action.PACKAGE_ADDED dat=package:com.careerbuilder.SugarDrone.test flg=0x4000010 cmp=com.motorola.android.buacontactadapter/.BuaReceiver (has extras) }
W/Settings(  813): Setting install_non_market_apps has moved from android.provider.Settings.Global to android.provider.Settings.Secure, returning read-only value.
I/InputReader(  813): Reconfiguring input devices.  changes=0x00000010
W/InputMethodInfo(  813): Duplicated subtype definition found: , voice
D/BackupManagerService(  813): Received broadcast Intent { act=android.intent.action.PACKAGE_ADDED dat=package:com.careerbuilder.SugarDrone.test flg=0x4000010 (has extras) }
W/BackupManagerService(  813): Removing schedule queue dupe of com.careerbuilder.SugarDrone.test
I/UpdateIcingCorporaServi( 2800): Updating corpora: APPS=com.careerbuilder.SugarDrone.test, CONTACTS=MAYBE
I/ApplicationLogger( 2800): canRun() : Opted Out
I/UpdateIcingCorporaServi( 2800): UpdateCorporaTask done [took 42 ms] updated apps [took 42 ms] 
I/PeopleContactsSync( 1772): triggerPendingContactsCleanup: no accounts
D/Wear_Controller( 1772): Received broadcast action=android.intent.action.PACKAGE_ADDED and uri=com.careerbuilder.SugarDrone.test
W/IcingInternalCorpora( 1772): getNumBytesRead when not calculated.
I/art     (  813): Explicit concurrent mark sweep GC freed 85426(4MB) AllocSpace objects, 15(3MB) LOS objects, 31% free, 35MB/51MB, paused 1.368ms total 186.261ms
I/art     ( 7621): System.exit called, status: 0
I/AndroidRuntime( 7621): VM exiting with result code 0.
I/Icing   ( 1772): Usage reports 0 indexed 0 rejected 0 imm upload false
I/Icing   ( 1772): Usage reports 0 indexed 0 rejected 0 imm upload false
D/AndroidRuntime( 7718): >>>>>> START com.android.internal.os.RuntimeInit uid 2000 <<<<<<
D/AndroidRuntime( 7718): CheckJNI is OFF
D/AndroidRuntime( 7718): Calling main entry com.android.commands.settings.SettingsCmd
D/AndroidRuntime( 7718): Shutting down VM
D/AndroidRuntime( 7741): >>>>>> START com.android.internal.os.RuntimeInit uid 2000 <<<<<<
D/AndroidRuntime( 7741): CheckJNI is OFF
I/Icing   ( 1772): Indexing 3350114A444F4A7E0693C298C7FB71318300EE55 from com.google.android.gms
I/Icing   ( 1772): Indexing done 3350114A444F4A7E0693C298C7FB71318300EE55
D/AndroidRuntime( 7741): Calling main entry com.android.commands.settings.SettingsCmd
D/AndroidRuntime( 7741): Shutting down VM
D/AndroidRuntime( 7767): >>>>>> START com.android.internal.os.RuntimeInit uid 2000 <<<<<<
D/AndroidRuntime( 7767): CheckJNI is OFF
D/AndroidRuntime( 7767): Calling main entry com.android.commands.settings.SettingsCmd
D/AndroidRuntime( 7767): Shutting down VM
D/AndroidRuntime( 7793): >>>>>> START com.android.internal.os.RuntimeInit uid 2000 <<<<<<
D/AndroidRuntime( 7793): CheckJNI is OFF
D/AndroidRuntime( 7793): Calling main entry com.android.commands.settings.SettingsCmd
D/AndroidRuntime( 7793): Shutting down VM
D/AndroidRuntime( 7815): >>>>>> START com.android.internal.os.RuntimeInit uid 2000 <<<<<<
D/AndroidRuntime( 7815): CheckJNI is OFF
D/AndroidRuntime( 7815): Calling main entry com.android.commands.settings.SettingsCmd
D/AndroidRuntime( 7815): Shutting down VM
D/AndroidRuntime( 7838): >>>>>> START com.android.internal.os.RuntimeInit uid 2000 <<<<<<
D/AndroidRuntime( 7838): CheckJNI is OFF
D/AndroidRuntime( 7838): Calling main entry com.android.commands.pm.Pm
I/art     ( 7838): System.exit called, status: 0
I/AndroidRuntime( 7838): VM exiting with result code 0.
D/AndroidRuntime( 7895): >>>>>> START com.android.internal.os.RuntimeInit uid 2000 <<<<<<
D/AndroidRuntime( 7895): CheckJNI is OFF
D/AndroidRuntime( 7895): Calling main entry com.android.commands.pm.Pm
I/art     ( 7895): System.exit called, status: 0
I/AndroidRuntime( 7895): VM exiting with result code 0.
D/Finsky  ( 2681): [1] 5.onFinished: Installation state replication succeeded.
E/WifiStateMachine(  813): WifiStateMachine CMD_START_SCAN source -2 txSuccessRate=0.00 rxSuccessRate=0.00 targetRoamBSSID=any RSSI=-49
E/WifiStateMachine(  813): WifiStateMachine starting scan for "xtc-ag"WPA_PSK with 5240,2437,5180
W/ip      ( 8148): type=1400 audit(0.0:19): avc: denied { search } for name="net" dev="dm-0" ino=1081351 scontext=u:r:shell:s0 tcontext=u:object_r:net_data_file:s0 tclass=dir permissive=0
D/AndroidRuntime( 8224): >>>>>> START com.android.internal.os.RuntimeInit uid 2000 <<<<<<
D/AndroidRuntime( 8224): CheckJNI is OFF
D/AndroidRuntime( 8224): Calling main entry com.android.commands.input.Input
I/Input   ( 8224): injectKeyEvent: KeyEvent { action=ACTION_DOWN, keyCode=KEYCODE_BACK, scanCode=0, metaState=0, flags=0x0, repeatCount=0, eventTime=254629, downTime=254629, deviceId=-1, source=0x101 }
I/Input   ( 8224): injectKeyEvent: KeyEvent { action=ACTION_UP, keyCode=KEYCODE_BACK, scanCode=0, metaState=0, flags=0x0, repeatCount=0, eventTime=254629, downTime=254629, deviceId=-1, source=0x101 }
D/AndroidRuntime( 8224): Shutting down VM
D/AndroidRuntime( 8281): >>>>>> START com.android.internal.os.RuntimeInit uid 2000 <<<<<<
D/AndroidRuntime( 8281): CheckJNI is OFF
D/AndroidRuntime( 8281): Calling main entry com.android.commands.input.Input
I/Input   ( 8281): injectKeyEvent: KeyEvent { action=ACTION_DOWN, keyCode=KEYCODE_HOME, scanCode=0, metaState=0, flags=0x0, repeatCount=0, eventTime=256100, downTime=256100, deviceId=-1, source=0x101 }
I/Input   ( 8281): injectKeyEvent: KeyEvent { action=ACTION_UP, keyCode=KEYCODE_HOME, scanCode=0, metaState=0, flags=0x0, repeatCount=0, eventTime=256100, downTime=256100, deviceId=-1, source=0x101 }
I/ActivityManager(  813): START u0 {act=android.intent.action.MAIN cat=[android.intent.category.HOME] flg=0x10200000 cmp=com.google.android.googlequicksearchbox/com.google.android.launcher.GEL} from uid 1000 on display 0
D/AndroidRuntime( 8281): Shutting down VM
I/GEL     ( 1358): handleIntent(Intent { act=android.intent.action.MAIN cat=[android.intent.category.HOME] flg=0x10200000 cmp=com.google.android.googlequicksearchbox/com.google.android.launcher.GEL })
D/AndroidRuntime( 8314): >>>>>> START com.android.internal.os.RuntimeInit uid 2000 <<<<<<
D/AndroidRuntime( 8314): CheckJNI is OFF
D/AndroidRuntime( 8314): Calling main entry com.android.commands.input.Input
I/Input   ( 8314): injectKeyEvent: KeyEvent { action=ACTION_DOWN, keyCode=KEYCODE_BACK, scanCode=0, metaState=0, flags=0x0, repeatCount=0, eventTime=257181, downTime=257181, deviceId=-1, source=0x101 }
I/Input   ( 8314): injectKeyEvent: KeyEvent { action=ACTION_UP, keyCode=KEYCODE_BACK, scanCode=0, metaState=0, flags=0x0, repeatCount=0, eventTime=257181, downTime=257181, deviceId=-1, source=0x101 }
D/AndroidRuntime( 8314): Shutting down VM
D/AndroidRuntime( 8346): >>>>>> START com.android.internal.os.RuntimeInit uid 2000 <<<<<<
D/AndroidRuntime( 8346): CheckJNI is OFF
D/AndroidRuntime( 8346): Calling main entry com.android.commands.am.Am
I/ActivityManager(  813): Force stopping com.careerbuilder.SugarDrone appid=16318 user=0: start instr
I/art     ( 8369): Late-enabling -Xcheck:jni
I/ActivityManager(  813): Start proc 8369:com.careerbuilder.SugarDrone/u0a6318 for added application com.careerbuilder.SugarDrone
W/monodroid( 8369): Using override path: /data/data/com.careerbuilder.SugarDrone/files/.__override__
W/monodroid( 8369): Trying to load sgen from: /data/data/com.careerbuilder.SugarDrone/files/.__override__/libmonosgen-2.0.so
W/monodroid( 8369): Trying to load sgen from: /storage/emulated/0/Android/data/com.careerbuilder.SugarDrone/files/.__override__/libmonosgen-2.0.so
W/monodroid( 8369): Trying to load sgen from: /data/app/com.careerbuilder.SugarDrone-1/lib/arm/libmonosgen-2.0.so
D/Mono    ( 8369): Image addref mscorlib[0xb4b10520] -> mscorlib.dll[0xb483e400]: 2
D/Mono    ( 8369): Prepared to set up assembly 'mscorlib' (mscorlib.dll)
D/Mono    ( 8369): AOT module 'mscorlib.dll.so' not found: dlopen failed: library "/data/app/com.careerbuilder.SugarDrone-1/lib/arm/libaot-mscorlib.dll.so" not found
D/Mono    ( 8369): AOT module '/Users/builder/data/lanes/4009/3a62f1ea/source/monodroid/builds/install/mono-armv6/lib/mono/aot-cache/arm/mscorlib.dll.so' not found: dlopen failed: library "/data/app/com.careerbuilder.SugarDrone-1/lib/arm/libaot-mscorlib.dll.so" not found
D/Mono    ( 8369): Config attempting to parse: 'mscorlib.dll.config'.
D/Mono    ( 8369): Config attempting to parse: '/Users/builder/data/lanes/4009/3a62f1ea/source/monodroid/builds/install/mono-armv6/etc/mono/assemblies/mscorlib/mscorlib.config'.
D/Mono    ( 8369): Assembly mscorlib[0xb4b10520] added to domain RootDomain, ref_count=1
D/Mono    ( 8369): Image addref CareerBuilder_Search.Droid[0xb4b10580] -> CareerBuilder_Search.Droid.dll[0xb483f800]: 2
D/Mono    ( 8369): Prepared to set up assembly 'CareerBuilder_Search.Droid' (CareerBuilder_Search.Droid.dll)
D/Mono    ( 8369): Assembly CareerBuilder_Search.Droid[0xb4b10580] added to domain RootDomain, ref_count=1
D/Mono    ( 8369): AOT module 'CareerBuilder_Search.Droid.dll.so' not found: dlopen failed: library "/data/app/com.careerbuilder.SugarDrone-1/lib/arm/libaot-CareerBuilder_Search.Droid.dll.so" not found
D/Mono    ( 8369): AOT module '/Users/builder/data/lanes/4009/3a62f1ea/source/monodroid/builds/install/mono-armv6/lib/mono/aot-cache/arm/CareerBuilder_Search.Droid.dll.so' not found: dlopen failed: library "/data/app/com.careerbuilder.SugarDrone-1/lib/arm/libaot-CareerBuilder_Search.Droid.dll.so" not found
D/Mono    ( 8369): Config attempting to parse: 'CareerBuilder_Search.Droid.dll.config'.
D/Mono    ( 8369): Config attempting to parse: '/Users/builder/data/lanes/4009/3a62f1ea/source/monodroid/builds/install/mono-armv6/etc/mono/assemblies/CareerBuilder_Search.Droid/CareerBuilder_Search.Droid.config'.
D/Mono    ( 8369): Image addref AppsFlyerXamarinBindingAndroid[0xb4b105e0] -> AppsFlyerXamarinBindingAndroid.dll[0xb483fd00]: 2
D/Mono    ( 8369): Prepared to set up assembly 'AppsFlyerXamarinBindingAndroid' (AppsFlyerXamarinBindingAndroid.dll)
D/Mono    ( 8369): Assembly AppsFlyerXamarinBindingAndroid[0xb4b105e0] added to domain RootDomain, ref_count=1
D/Mono    ( 8369): AOT module 'AppsFlyerXamarinBindingAndroid.dll.so' not found: dlopen failed: library "/data/app/com.careerbuilder.SugarDrone-1/lib/arm/libaot-AppsFlyerXamarinBindingAndroid.dll.so" not found
D/Mono    ( 8369): AOT module '/Users/builder/data/lanes/4009/3a62f1ea/source/monodroid/builds/install/mono-armv6/lib/mono/aot-cache/arm/AppsFlyerXamarinBindingAndroid.dll.so' not found: dlopen failed: library "/data/app/com.careerbuilder.SugarDrone-1/lib/arm/libaot-AppsFlyerXamarinBindingAndroid.dll.so" not found
D/Mono    ( 8369): Config attempting to parse: 'AppsFlyerXamarinBindingAndroid.dll.config'.
D/Mono    ( 8369): Config attempting to parse: '/Users/builder/data/lanes/4009/3a62f1ea/source/monodroid/builds/install/mono-armv6/etc/mono/assemblies/AppsFlyerXamarinBindingAndroid/AppsFlyerXamarinBindingAndroid.config'.
D/Mono    ( 8369): Image addref HockeySDK[0xb4b10640] -> HockeySDK.dll[0xb4840200]: 2
D/Mono    ( 8369): Prepared to set up assembly 'HockeySDK' (HockeySDK.dll)
D/Mono    ( 8369): Assembly HockeySDK[0xb4b10640] added to domain RootDomain, ref_count=1
D/Mono    ( 8369): AOT module 'HockeySDK.dll.so' not found: dlopen failed: library "/data/app/com.careerbuilder.SugarDrone-1/lib/arm/libaot-HockeySDK.dll.so" not found
D/Mono    ( 8369): AOT module '/Users/builder/data/lanes/4009/3a62f1ea/source/monodroid/builds/install/mono-armv6/lib/mono/aot-cache/arm/HockeySDK.dll.so' not found: dlopen failed: library "/data/app/com.careerbuilder.SugarDrone-1/lib/arm/libaot-HockeySDK.dll.so" not found
D/Mono    ( 8369): Config attempting to parse: 'HockeySDK.dll.config'.
D/Mono    ( 8369): Config attempting to parse: '/Users/builder/data/lanes/4009/3a62f1ea/source/monodroid/builds/install/mono-armv6/etc/mono/assemblies/HockeySDK/HockeySDK.config'.
D/Mono    ( 8369): Image addref Akavache[0xb4b106a0] -> Akavache.dll[0xb4840700]: 2
D/Mono    ( 8369): Prepared to set up assembly 'Akavache' (Akavache.dll)
D/Mono    ( 8369): Assembly Akavache[0xb4b106a0] added to domain RootDomain, ref_count=1
D/Mono    ( 8369): AOT module 'Akavache.dll.so' not found: dlopen failed: library "/data/app/com.careerbuilder.SugarDrone-1/lib/arm/libaot-Akavache.dll.so" not found
D/Mono    ( 8369): AOT module '/Users/builder/data/lanes/4009/3a62f1ea/source/monodroid/builds/install/mono-armv6/lib/mono/aot-cache/arm/Akavache.dll.so' not found: dlopen failed: library "/data/app/com.careerbuilder.SugarDrone-1/lib/arm/libaot-Akavache.dll.so" not found
D/Mono    ( 8369): Config attempting to parse: 'Akavache.dll.config'.
D/Mono    ( 8369): Config attempting to parse: '/Users/builder/data/lanes/4009/3a62f1ea/source/monodroid/builds/install/mono-armv6/etc/mono/assemblies/Akavache/Akavache.config'.
D/Mono    ( 8369): Image addref Akavache.Sqlite3[0xb4b10700] -> Akavache.Sqlite3.dll[0xb4841100]: 2
D/Mono    ( 8369): Prepared to set up assembly 'Akavache.Sqlite3' (Akavache.Sqlite3.dll)
D/Mono    ( 8369): Assembly Akavache.Sqlite3[0xb4b10700] added to domain RootDomain, ref_count=1
D/Mono    ( 8369): AOT module 'Akavache.Sqlite3.dll.so' not found: dlopen failed: library "/data/app/com.careerbuilder.SugarDrone-1/lib/arm/libaot-Akavache.Sqlite3.dll.so" not found
D/Mono    ( 8369): AOT module '/Users/builder/data/lanes/4009/3a62f1ea/source/monodroid/builds/install/mono-armv6/lib/mono/aot-cache/arm/Akavache.Sqlite3.dll.so' not found: dlopen failed: library "/data/app/com.careerbuilder.SugarDrone-1/lib/arm/libaot-Akavache.Sqlite3.dll.so" not found
W/        ( 8369): Symbol file LoadedFromMemory doesn't match image Akavache.Sqlite3.dll
D/Mono    ( 8369): Config attempting to parse: 'Akavache.Sqlite3.dll.config'.
D/Mono    ( 8369): Config attempting to parse: '/Users/builder/data/lanes/4009/3a62f1ea/source/monodroid/builds/install/mono-armv6/etc/mono/assemblies/Akavache.Sqlite3/Akavache.Sqlite3.config'.
D/Mono    ( 8369): Image addref Splat[0xb4b10760] -> Splat.dll[0xb4841b00]: 2
D/Mono    ( 8369): Prepared to set up assembly 'Splat' (Splat.dll)
D/Mono    ( 8369): Assembly Splat[0xb4b10760] added to domain RootDomain, ref_count=1
D/Mono    ( 8369): AOT module 'Splat.dll.so' not found: dlopen failed: library "/data/app/com.careerbuilder.SugarDrone-1/lib/arm/libaot-Splat.dll.so" not found
D/Mono    ( 8369): AOT module '/Users/builder/data/lanes/4009/3a62f1ea/source/monodroid/builds/install/mono-armv6/lib/mono/aot-cache/arm/Splat.dll.so' not found: dlopen failed: library "/data/app/com.careerbuilder.SugarDrone-1/lib/arm/libaot-Splat.dll.so" not found
D/Mono    ( 8369): Config attempting to parse: 'Splat.dll.config'.
D/Mono    ( 8369): Config attempting to parse: '/Users/builder/data/lanes/4009/3a62f1ea/source/monodroid/builds/install/mono-armv6/etc/mono/assemblies/Splat/Splat.config'.
D/Mono    ( 8369): Image addref Microsoft.Practices.ServiceLocation[0xb4b107c0] -> Microsoft.Practices.ServiceLocation.dll[0xb4842500]: 2
D/Mono    ( 8369): Prepared to set up assembly 'Microsoft.Practices.ServiceLocation' (Microsoft.Practices.ServiceLocation.dll)
D/Mono    ( 8369): Assembly Microsoft.Practices.ServiceLocation[0xb4b107c0] added to domain RootDomain, ref_count=1
D/Mono    ( 8369): AOT module 'Microsoft.Practices.ServiceLocation.dll.so' not found: dlopen failed: library "/data/app/com.careerbuilder.SugarDrone-1/lib/arm/libaot-Microsoft.Practices.ServiceLocation.dll.so" not found
D/Mono    ( 8369): AOT module '/Users/builder/data/lanes/4009/3a62f1ea/source/monodroid/builds/install/mono-armv6/lib/mono/aot-cache/arm/Microsoft.Practices.ServiceLocation.dll.so' not found: dlopen failed: library "/data/app/com.careerbuilder.SugarDrone-1/lib/arm/libaot-Microsoft.Practices.ServiceLocation.dll.so" not found
D/Mono    ( 8369): Config attempting to parse: 'Microsoft.Practices.ServiceLocation.dll.config'.
D/Mono    ( 8369): Config attempting to parse: '/Users/builder/data/lanes/4009/3a62f1ea/source/monodroid/builds/install/mono-armv6/etc/mono/assemblies/Microsoft.Practices.ServiceLocation/Microsoft.Practices.ServiceLocation.config'.
D/Mono    ( 8369): Image addref Microsoft.Practices.Unity[0xb4b10820] -> Microsoft.Practices.Unity.dll[0xb4842a00]: 2
D/Mono    ( 8369): Prepared to set up assembly 'Microsoft.Practices.Unity' (Microsoft.Practices.Unity.dll)
D/Mono    ( 8369): Assembly Microsoft.Practices.Unity[0xb4b10820] added to domain RootDomain, ref_count=1
D/Mono    ( 8369): AOT module 'Microsoft.Practices.Unity.dll.so' not found: dlopen failed: library "/data/app/com.careerbuilder.SugarDrone-1/lib/arm/libaot-Microsoft.Practices.Unity.dll.so" not found
D/Mono    ( 8369): AOT module '/Users/builder/data/lanes/4009/3a62f1ea/source/monodroid/builds/install/mono-armv6/lib/mono/aot-cache/arm/Microsoft.Practices.Unity.dll.so' not found: dlopen failed: library "/data/app/com.careerbuilder.SugarDrone-1/lib/arm/libaot-Microsoft.Practices.Unity.dll.so" not found
D/Mono    ( 8369): Config attempting to parse: 'Microsoft.Practices.Unity.dll.config'.
D/Mono    ( 8369): Config attempting to parse: '/Users/builder/data/lanes/4009/3a62f1ea/source/monodroid/builds/install/mono-armv6/etc/mono/assemblies/Microsoft.Practices.Unity/Microsoft.Practices.Unity.config'.
D/Mono    ( 8369): Image addref Plugin.CurrentActivity[0xb4b10880] -> Plugin.CurrentActivity.dll[0xb4843400]: 2
D/Mono    ( 8369): Prepared to set up assembly 'Plugin.CurrentActivity' (Plugin.CurrentActivity.dll)
D/Mono    ( 8369): Assembly Plugin.CurrentActivity[0xb4b10880] added to domain RootDomain, ref_count=1
D/Mono    ( 8369): AOT module 'Plugin.CurrentActivity.dll.so' not found: dlopen failed: library "/data/app/com.careerbuilder.SugarDrone-1/lib/arm/libaot-Plugin.CurrentActivity.dll.so" not found
D/Mono    ( 8369): AOT module '/Users/builder/data/lanes/4009/3a62f1ea/source/monodroid/builds/install/mono-armv6/lib/mono/aot-cache/arm/Plugin.CurrentActivity.dll.so' not found: dlopen failed: library "/data/app/com.careerbuilder.SugarDrone-1/lib/arm/libaot-Plugin.CurrentActivity.dll.so" not found
D/Mono    ( 8369): Config attempting to parse: 'Plugin.CurrentActivity.dll.config'.
D/Mono    ( 8369): Config attempting to parse: '/Users/builder/data/lanes/4009/3a62f1ea/source/monodroid/builds/install/mono-armv6/etc/mono/assemblies/Plugin.CurrentActivity/Plugin.CurrentActivity.config'.
D/Mono    ( 8369): Image addref Plugin.Permissions[0xb4b108e0] -> Plugin.Permissions.dll[0xb4843900]: 2
D/Mono    ( 8369): Prepared to set up assembly 'Plugin.Permissions' (Plugin.Permissions.dll)
D/Mono    ( 8369): Assembly Plugin.Permissions[0xb4b108e0] added to domain RootDomain, ref_count=1
D/Mono    ( 8369): AOT module 'Plugin.Permissions.dll.so' not found: dlopen failed: library "/data/app/com.careerbuilder.SugarDrone-1/lib/arm/libaot-Plugin.Permissions.dll.so" not found
D/Mono    ( 8369): AOT module '/Users/builder/data/lanes/4009/3a62f1ea/source/monodroid/builds/install/mono-armv6/lib/mono/aot-cache/arm/Plugin.Permissions.dll.so' not found: dlopen failed: library "/data/app/com.careerbuilder.SugarDrone-1/lib/arm/libaot-Plugin.Permissions.dll.so" not found
D/Mono    ( 8369): Config attempting to parse: 'Plugin.Permissions.dll.config'.
D/Mono    ( 8369): Config attempting to parse: '/Users/builder/data/lanes/4009/3a62f1ea/source/monodroid/builds/install/mono-armv6/etc/mono/assemblies/Plugin.Permissions/Plugin.Permissions.config'.
D/Mono    ( 8369): Image addref Plugin.Permissions.Abstractions[0xb4b10940] -> Plugin.Permissions.Abstractions.dll[0xb4843e00]: 2
D/Mono    ( 8369): Prepared to set up assembly 'Plugin.Permissions.Abstractions' (Plugin.Permissions.Abstractions.dll)
D/Mono    ( 8369): Assembly Plugin.Permissions.Abstractions[0xb4b10940] added to domain RootDomain, ref_count=1
D/Mono    ( 8369): AOT module 'Plugin.Permissions.Abstractions.dll.so' not found: dlopen failed: library "/data/app/com.careerbuilder.SugarDrone-1/lib/arm/libaot-Plugin.Permissions.Abstractions.dll.so" not found
D/Mono    ( 8369): AOT module '/Users/builder/data/lanes/4009/3a62f1ea/source/monodroid/builds/install/mono-armv6/lib/mono/aot-cache/arm/Plugin.Permissions.Abstractions.dll.so' not found: dlopen failed: library "/data/app/com.careerbuilder.SugarDrone-1/lib/arm/libaot-Plugin.Permissions.Abstractions.dll.so" not found
D/Mono    ( 8369): Config attempting to parse: 'Plugin.Permissions.Abstractions.dll.config'.
D/Mono    ( 8369): Config attempting to parse: '/Users/builder/data/lanes/4009/3a62f1ea/source/monodroid/builds/install/mono-armv6/etc/mono/assemblies/Plugin.Permissions.Abstractions/Plugin.Permissions.Abstractions.config'.
D/Mono    ( 8369): Image addref Plugin.Geolocator[0xb4b109a0] -> Plugin.Geolocator.dll[0xb4844300]: 2
D/Mono    ( 8369): Prepared to set up assembly 'Plugin.Geolocator' (Plugin.Geolocator.dll)
D/Mono    ( 8369): Assembly Plugin.Geolocator[0xb4b109a0] added to domain RootDomain, ref_count=1
D/Mono    ( 8369): AOT module 'Plugin.Geolocator.dll.so' not found: dlopen failed: library "/data/app/com.careerbuilder.SugarDrone-1/lib/arm/libaot-Plugin.Geolocator.dll.so" not found
D/Mono    ( 8369): AOT module '/Users/builder/data/lanes/4009/3a62f1ea/source/monodroid/builds/install/mono-armv6/lib/mono/aot-cache/arm/Plugin.Geolocator.dll.so' not found: dlopen failed: library "/data/app/com.careerbuilder.SugarDrone-1/lib/arm/libaot-Plugin.Geolocator.dll.so" not found
D/Mono    ( 8369): Config attempting to parse: 'Plugin.Geolocator.dll.config'.
D/Mono    ( 8369): Config attempting to parse: '/Users/builder/data/lanes/4009/3a62f1ea/source/monodroid/builds/install/mono-armv6/etc/mono/assemblies/Plugin.Geolocator/Plugin.Geolocator.config'.
D/Mono    ( 8369): Image addref Plugin.Geolocator.Abstractions[0xb4b10a00] -> Plugin.Geolocator.Abstractions.dll[0xb4844800]: 2
D/Mono    ( 8369): Prepared to set up assembly 'Plugin.Geolocator.Abstractions' (Plugin.Geolocator.Abstractions.dll)
D/Mono    ( 8369): Assembly Plugin.Geolocator.Abstractions[0xb4b10a00] added to domain RootDomain, ref_count=1
D/Mono    ( 8369): AOT module 'Plugin.Geolocator.Abstractions.dll.so' not found: dlopen failed: library "/data/app/com.careerbuilder.SugarDrone-1/lib/arm/libaot-Plugin.Geolocator.Abstractions.dll.so" not found
D/Mono    ( 8369): AOT module '/Users/builder/data/lanes/4009/3a62f1ea/source/monodroid/builds/install/mono-armv6/lib/mono/aot-cache/arm/Plugin.Geolocator.Abstractions.dll.so' not found: dlopen failed: library "/data/app/com.careerbuilder.SugarDrone-1/lib/arm/libaot-Plugin.Geolocator.Abstractions.dll.so" not found
D/Mono    ( 8369): Config attempting to parse: 'Plugin.Geolocator.Abstractions.dll.config'.
D/Mono    ( 8369): Config attempting to parse: '/Users/builder/data/lanes/4009/3a62f1ea/source/monodroid/builds/install/mono-armv6/etc/mono/assemblies/Plugin.Geolocator.Abstractions/Plugin.Geolocator.Abstractions.config'.
D/Mono    ( 8369): Image addref Plugin.DeviceInfo[0xb4b10a60] -> Plugin.DeviceInfo.dll[0xb4844d00]: 2
D/Mono    ( 8369): Prepared to set up assembly 'Plugin.DeviceInfo' (Plugin.DeviceInfo.dll)
D/Mono    ( 8369): Assembly Plugin.DeviceInfo[0xb4b10a60] added to domain RootDomain, ref_count=1
D/Mono    ( 8369): AOT module 'Plugin.DeviceInfo.dll.so' not found: dlopen failed: library "/data/app/com.careerbuilder.SugarDrone-1/lib/arm/libaot-Plugin.DeviceInfo.dll.so" not found
D/Mono    ( 8369): AOT module '/Users/builder/data/lanes/4009/3a62f1ea/source/monodroid/builds/install/mono-armv6/lib/mono/aot-cache/arm/Plugin.DeviceInfo.dll.so' not found: dlopen failed: library "/data/app/com.careerbuilder.SugarDrone-1/lib/arm/libaot-Plugin.DeviceInfo.dll.so" not found
D/Mono    ( 8369): Config attempting to parse: 'Plugin.DeviceInfo.dll.config'.
D/Mono    ( 8369): Config attempting to parse: '/Users/builder/data/lanes/4009/3a62f1ea/source/monodroid/builds/install/mono-armv6/etc/mono/assemblies/Plugin.DeviceInfo/Plugin.DeviceInfo.config'.
D/Mono    ( 8369): Image addref Plugin.DeviceInfo.Abstractions[0xb4b10ac0] -> Plugin.DeviceInfo.Abstractions.dll[0xb4845200]: 2
D/Mono    ( 8369): Prepared to set up assembly 'Plugin.DeviceInfo.Abstractions' (Plugin.DeviceInfo.Abstractions.dll)
D/Mono    ( 8369): Assembly Plugin.DeviceInfo.Abstractions[0xb4b10ac0] added to domain RootDomain, ref_count=1
D/Mono    ( 8369): AOT module 'Plugin.DeviceInfo.Abstractions.dll.so' not found: dlopen failed: library "/data/app/com.careerbuilder.SugarDrone-1/lib/arm/libaot-Plugin.DeviceInfo.Abstractions.dll.so" not found
D/Mono    ( 8369): AOT module '/Users/builder/data/lanes/4009/3a62f1ea/source/monodroid/builds/install/mono-armv6/lib/mono/aot-cache/arm/Plugin.DeviceInfo.Abstractions.dll.so' not found: dlopen failed: library "/data/app/com.careerbuilder.SugarDrone-1/lib/arm/libaot-Plugin.DeviceInfo.Abstractions.dll.so" not found
D/Mono    ( 8369): Config attempting to parse: 'Plugin.DeviceInfo.Abstractions.dll.config'.
D/Mono    ( 8369): Config attempting to parse: '/Users/builder/data/lanes/4009/3a62f1ea/source/monodroid/builds/install/mono-armv6/etc/mono/assemblies/Plugin.DeviceInfo.Abstractions/Plugin.DeviceInfo.Abstractions.config'.
D/Mono    ( 8369): Image addref Xamarin.GooglePlayServices.Analytics[0xb4b10b20] -> Xamarin.GooglePlayServices.Analytics.dll[0xb4845700]: 2
D/Mono    ( 8369): Prepared to set up assembly 'Xamarin.GooglePlayServices.Analytics' (Xamarin.GooglePlayServices.Analytics.dll)
D/Mono    ( 8369): Assembly Xamarin.GooglePlayServices.Analytics[0xb4b10b20] added to domain RootDomain, ref_count=1
D/Mono    ( 8369): AOT module 'Xamarin.GooglePlayServices.Analytics.dll.so' not found: dlopen failed: library "/data/app/com.careerbuilder.SugarDrone-1/lib/arm/libaot-Xamarin.GooglePlayServices.Analytics.dll.so" not found
D/Mono    ( 8369): AOT module '/Users/builder/data/lanes/4009/3a62f1ea/source/monodroid/builds/install/mono-armv6/lib/mono/aot-cache/arm/Xamarin.GooglePlayServices.Analytics.dll.so' not found: dlopen failed: library "/data/app/com.careerbuilder.SugarDrone-1/lib/arm/libaot-Xamarin.GooglePlayServices.Analytics.dll.so" not found
D/Mono    ( 8369): Config attempting to parse: 'Xamarin.GooglePlayServices.Analytics.dll.config'.
D/Mono    ( 8369): Config attempting to parse: '/Users/builder/data/lanes/4009/3a62f1ea/source/monodroid/builds/install/mono-armv6/etc/mono/assemblies/Xamarin.GooglePlayServices.Analytics/Xamarin.GooglePlayServices.Analytics.config'.
D/Mono    ( 8369): Image addref Xamarin.GooglePlayServices.Base[0xb4b10b80] -> Xamarin.GooglePlayServices.Base.dll[0xb4845c00]: 2
D/Mono    ( 8369): Prepared to set up assembly 'Xamarin.GooglePlayServices.Base' (Xamarin.GooglePlayServices.Base.dll)
D/Mono    ( 8369): Assembly Xamarin.GooglePlayServices.Base[0xb4b10b80] added to domain RootDomain, ref_count=1
D/Mono    ( 8369): AOT module 'Xamarin.GooglePlayServices.Base.dll.so' not found: dlopen failed: library "/data/app/com.careerbuilder.SugarDrone-1/lib/arm/libaot-Xamarin.GooglePlayServices.Base.dll.so" not found
D/Mono    ( 8369): AOT module '/Users/builder/data/lanes/4009/3a62f1ea/source/monodroid/builds/install/mono-armv6/lib/mono/aot-cache/arm/Xamarin.GooglePlayServices.Base.dll.so' not found: dlopen failed: library "/data/app/com.careerbuilder.SugarDrone-1/lib/arm/libaot-Xamarin.GooglePlayServices.Base.dll.so" not found
D/Mono    ( 8369): Config attempting to parse: 'Xamarin.GooglePlayServices.Base.dll.config'.
D/Mono    ( 8369): Config attempting to parse: '/Users/builder/data/lanes/4009/3a62f1ea/source/monodroid/builds/install/mono-armv6/etc/mono/assemblies/Xamarin.GooglePlayServices.Base/Xamarin.GooglePlayServices.Base.config'.
D/Mono    ( 8369): Image addref Xamarin.GooglePlayServices.Basement[0xb4b10be0] -> Xamarin.GooglePlayServices.Basement.dll[0xb4846100]: 2
D/Mono    ( 8369): Prepared to set up assembly 'Xamarin.GooglePlayServices.Basement' (Xamarin.GooglePlayServices.Basement.dll)
D/Mono    ( 8369): Assembly Xamarin.GooglePlayServices.Basement[0xb4b10be0] added to domain RootDomain, ref_count=1
D/Mono    ( 8369): AOT module 'Xamarin.GooglePlayServices.Basement.dll.so' not found: dlopen failed: library "/data/app/com.careerbuilder.SugarDrone-1/lib/arm/libaot-Xamarin.GooglePlayServices.Basement.dll.so" not found
D/Mono    ( 8369): AOT module '/Users/builder/data/lanes/4009/3a62f1ea/source/monodroid/builds/install/mono-armv6/lib/mono/aot-cache/arm/Xamarin.GooglePlayServices.Basement.dll.so' not found: dlopen failed: library "/data/app/com.careerbuilder.SugarDrone-1/lib/arm/libaot-Xamarin.GooglePlayServices.Basement.dll.so" not found
D/Mono    ( 8369): Config attempting to parse: 'Xamarin.GooglePlayServices.Basement.dll.config'.
D/Mono    ( 8369): Config attempting to parse: '/Users/builder/data/lanes/4009/3a62f1ea/source/monodroid/builds/install/mono-armv6/etc/mono/assemblies/Xamarin.GooglePlayServices.Basement/Xamarin.GooglePlayServices.Basement.config'.
D/Mono    ( 8369): Image addref Xamarin.Insights[0xb4b10c40] -> Xamarin.Insights.dll[0xb4846600]: 2
D/Mono    ( 8369): Prepared to set up assembly 'Xamarin.Insights' (Xamarin.Insights.dll)
D/Mono    ( 8369): Assembly Xamarin.Insights[0xb4b10c40] added to domain RootDomain, ref_count=1
D/Mono    ( 8369): AOT module 'Xamarin.Insights.dll.so' not found: dlopen failed: library "/data/app/com.careerbuilder.SugarDrone-1/lib/arm/libaot-Xamarin.Insights.dll.so" not found
D/Mono    ( 8369): AOT module '/Users/builder/data/lanes/4009/3a62f1ea/source/monodroid/builds/install/mono-armv6/lib/mono/aot-cache/arm/Xamarin.Insights.dll.so' not found: dlopen failed: library "/data/app/com.careerbuilder.SugarDrone-1/lib/arm/libaot-Xamarin.Insights.dll.so" not found
D/Mono    ( 8369): Config attempting to parse: 'Xamarin.Insights.dll.config'.
D/Mono    ( 8369): Config attempting to parse: '/Users/builder/data/lanes/4009/3a62f1ea/source/monodroid/builds/install/mono-armv6/etc/mono/assemblies/Xamarin.Insights/Xamarin.Insights.config'.
D/Mono    ( 8369): Image addref Plugin.ExternalMaps[0xb4b10ca0] -> Plugin.ExternalMaps.dll[0xb4846b00]: 2
D/Mono    ( 8369): Prepared to set up assembly 'Plugin.ExternalMaps' (Plugin.ExternalMaps.dll)
D/Mono    ( 8369): Assembly Plugin.ExternalMaps[0xb4b10ca0] added to domain RootDomain, ref_count=1
D/Mono    ( 8369): AOT module 'Plugin.ExternalMaps.dll.so' not found: dlopen failed: library "/data/app/com.careerbuilder.SugarDrone-1/lib/arm/libaot-Plugin.ExternalMaps.dll.so" not found
D/Mono    ( 8369): AOT module '/Users/builder/data/lanes/4009/3a62f1ea/source/monodroid/builds/install/mono-armv6/lib/mono/aot-cache/arm/Plugin.ExternalMaps.dll.so' not found: dlopen failed: library "/data/app/com.careerbuilder.SugarDrone-1/lib/arm/libaot-Plugin.ExternalMaps.dll.so" not found
D/Mono    ( 8369): Config attempting to parse: 'Plugin.ExternalMaps.dll.config'.
D/Mono    ( 8369): Config attempting to parse: '/Users/builder/data/lanes/4009/3a62f1ea/source/monodroid/builds/install/mono-armv6/etc/mono/assemblies/Plugin.ExternalMaps/Plugin.ExternalMaps.config'.
D/Mono    ( 8369): Image addref Plugin.ExternalMaps.Abstractions[0xb4b10d00] -> Plugin.ExternalMaps.Abstractions.dll[0xb4847000]: 2
D/Mono    ( 8369): Prepared to set up assembly 'Plugin.ExternalMaps.Abstractions' (Plugin.ExternalMaps.Abstractions.dll)
D/Mono    ( 8369): Assembly Plugin.ExternalMaps.Abstractions[0xb4b10d00] added to domain RootDomain, ref_count=1
D/Mono    ( 8369): AOT module 'Plugin.ExternalMaps.Abstractions.dll.so' not found: dlopen failed: library "/data/app/com.careerbuilder.SugarDrone-1/lib/arm/libaot-Plugin.ExternalMaps.Abstractions.dll.so" not found
D/Mono    ( 8369): AOT module '/Users/builder/data/lanes/4009/3a62f1ea/source/monodroid/builds/install/mono-armv6/lib/mono/aot-cache/arm/Plugin.ExternalMaps.Abstractions.dll.so' not found: dlopen failed: library "/data/app/com.careerbuilder.SugarDrone-1/lib/arm/libaot-Plugin.ExternalMaps.Abstractions.dll.so" not found
D/Mono    ( 8369): Config attempting to parse: 'Plugin.ExternalMaps.Abstractions.dll.config'.
D/Mono    ( 8369): Config attempting to parse: '/Users/builder/data/lanes/4009/3a62f1ea/source/monodroid/builds/install/mono-armv6/etc/mono/assemblies/Plugin.ExternalMaps.Abstractions/Plugin.ExternalMaps.Abstractions.config'.
D/Mono    ( 8369): Image addref FloatingActionButton-Xamarin[0xb4b10d60] -> FloatingActionButton-Xamarin.dll[0xb4847500]: 2
D/Mono    ( 8369): Prepared to set up assembly 'FloatingActionButton-Xamarin' (FloatingActionButton-Xamarin.dll)
D/Mono    ( 8369): Assembly FloatingActionButton-Xamarin[0xb4b10d60] added to domain RootDomain, ref_count=1
D/Mono    ( 8369): AOT module 'FloatingActionButton-Xamarin.dll.so' not found: dlopen failed: library "/data/app/com.careerbuilder.SugarDrone-1/lib/arm/libaot-FloatingActionButton-Xamarin.dll.so" not found
D/Mono    ( 8369): AOT module '/Users/builder/data/lanes/4009/3a62f1ea/source/monodroid/builds/install/mono-armv6/lib/mono/aot-cache/arm/FloatingActionButton-Xamarin.dll.so' not found: dlopen failed: library "/data/app/com.careerbuilder.SugarDrone-1/lib/arm/libaot-FloatingActionButton-Xamarin.dll.so" not found
D/Mono    ( 8369): Config attempting to parse: 'FloatingActionButton-Xamarin.dll.config'.
D/Mono    ( 8369): Config attempting to parse: '/Users/builder/data/lanes/4009/3a62f1ea/source/monodroid/builds/install/mono-armv6/etc/mono/assemblies/FloatingActionButton-Xamarin/FloatingActionButton-Xamarin.config'.
D/Mono    ( 8369): Image addref Xamarin.Android.Support.v4[0xb4b10dc0] -> Xamarin.Android.Support.v4.dll[0xb4847a00]: 2
D/Mono    ( 8369): Prepared to set up assembly 'Xamarin.Android.Support.v4' (Xamarin.Android.Support.v4.dll)
D/Mono    ( 8369): Assembly Xamarin.Android.Support.v4[0xb4b10dc0] added to domain RootDomain, ref_count=1
D/Mono    ( 8369): AOT module 'Xamarin.Android.Support.v4.dll.so' not found: dlopen failed: library "/data/app/com.careerbuilder.SugarDrone-1/lib/arm/libaot-Xamarin.Android.Support.v4.dll.so" not found
D/Mono    ( 8369): AOT module '/Users/builder/data/lanes/4009/3a62f1ea/source/monodroid/builds/install/mono-armv6/lib/mono/aot-cache/arm/Xamarin.Android.Support.v4.dll.so' not found: dlopen failed: library "/data/app/com.careerbuilder.SugarDrone-1/lib/arm/libaot-Xamarin.Android.Support.v4.dll.so" not found
D/Mono    ( 8369): Config attempting to parse: 'Xamarin.Android.Support.v4.dll.config'.
D/Mono    ( 8369): Config attempting to parse: '/Users/builder/data/lanes/4009/3a62f1ea/source/monodroid/builds/install/mono-armv6/etc/mono/assemblies/Xamarin.Android.Support.v4/Xamarin.Android.Support.v4.config'.
D/Mono    ( 8369): Image addref Xamarin.Android.Support.v7.RecyclerView[0xb4b10e20] -> Xamarin.Android.Support.v7.RecyclerView.dll[0xb4847f00]: 2
D/Mono    ( 8369): Prepared to set up assembly 'Xamarin.Android.Support.v7.RecyclerView' (Xamarin.Android.Support.v7.RecyclerView.dll)
D/Mono    ( 8369): Assembly Xamarin.Android.Support.v7.RecyclerView[0xb4b10e20] added to domain RootDomain, ref_count=1
D/Mono    ( 8369): AOT module 'Xamarin.Android.Support.v7.RecyclerView.dll.so' not found: dlopen failed: library "/data/app/com.careerbuilder.SugarDrone-1/lib/arm/libaot-Xamarin.Android.Support.v7.RecyclerView.dll.so" not found
D/Mono    ( 8369): AOT module '/Users/builder/data/lanes/4009/3a62f1ea/source/monodroid/builds/install/mono-armv6/lib/mono/aot-cache/arm/Xamarin.Android.Support.v7.RecyclerView.dll.so' not found: dlopen failed: library "/data/app/com.careerbuilder.SugarDrone-1/lib/arm/libaot-Xamarin.Android.Support.v7.RecyclerView.dll.so" not found
D/Mono    ( 8369): Config attempting to parse: 'Xamarin.Android.Support.v7.RecyclerView.dll.config'.
D/Mono    ( 8369): Config attempting to parse: '/Users/builder/data/lanes/4009/3a62f1ea/source/monodroid/builds/install/mono-armv6/etc/mono/assemblies/Xamarin.Android.Support.v7.RecyclerView/Xamarin.Android.Support.v7.RecyclerView.config'.
D/Mono    ( 8369): Image addref Xamarin.Android.Support.Vector.Drawable[0xb4b10e80] -> Xamarin.Android.Support.Vector.Drawable.dll[0xb4848400]: 2
D/Mono    ( 8369): Prepared to set up assembly 'Xamarin.Android.Support.Vector.Drawable' (Xamarin.Android.Support.Vector.Drawable.dll)
D/Mono    ( 8369): Assembly Xamarin.Android.Support.Vector.Drawable[0xb4b10e80] added to domain RootDomain, ref_count=1
D/Mono    ( 8369): AOT module 'Xamarin.Android.Support.Vector.Drawable.dll.so' not found: dlopen failed: library "/data/app/com.careerbuilder.SugarDrone-1/lib/arm/libaot-Xamarin.Android.Support.Vector.Drawable.dll.so" not found
D/Mono    ( 8369): AOT module '/Users/builder/data/lanes/4009/3a62f1ea/source/monodroid/builds/install/mono-armv6/lib/mono/aot-cache/arm/Xamarin.Android.Support.Vector.Drawable.dll.so' not found: dlopen failed: library "/data/app/com.careerbuilder.SugarDrone-1/lib/arm/libaot-Xamarin.Android.Support.Vector.Drawable.dll.so" not found
D/Mono    ( 8369): Config attempting to parse: 'Xamarin.Android.Support.Vector.Drawable.dll.config'.
D/Mono    ( 8369): Config attempting to parse: '/Users/builder/data/lanes/4009/3a62f1ea/source/monodroid/builds/install/mono-armv6/etc/mono/assemblies/Xamarin.Android.Support.Vector.Drawable/Xamarin.Android.Support.Vector.Drawable.config'.
D/Mono    ( 8369): Image addref Xamarin.Android.Support.Animated.Vector.Drawable[0xb4b10ee0] -> Xamarin.Android.Support.Animated.Vector.Drawable.dll[0xb4848900]: 2
D/Mono    ( 8369): Prepared to set up assembly 'Xamarin.Android.Support.Animated.Vector.Drawable' (Xamarin.Android.Support.Animated.Vector.Drawable.dll)
D/Mono    ( 8369): Assembly Xamarin.Android.Support.Animated.Vector.Drawable[0xb4b10ee0] added to domain RootDomain, ref_count=1
D/Mono    ( 8369): AOT module 'Xamarin.Android.Support.Animated.Vector.Drawable.dll.so' not found: dlopen failed: library "/data/app/com.careerbuilder.SugarDrone-1/lib/arm/libaot-Xamarin.Android.Support.Animated.Vector.Drawable.dll.so" not found
D/Mono    ( 8369): AOT module '/Users/builder/data/lanes/4009/3a62f1ea/source/monodroid/builds/install/mono-armv6/lib/mono/aot-cache/arm/Xamarin.Android.Support.Animated.Vector.Drawable.dll.so' not found: dlopen failed: library "/data/app/com.careerbuilder.SugarDrone-1/lib/arm/libaot-Xamarin.Android.Support.Animated.Vector.Drawable.dll.so" not found
D/Mono    ( 8369): Config attempting to parse: 'Xamarin.Android.Support.Animated.Vector.Drawable.dll.config'.
D/Mono    ( 8369): Config attempting to parse: '/Users/builder/data/lanes/4009/3a62f1ea/source/monodroid/builds/install/mono-armv6/etc/mono/assemblies/Xamarin.Android.Support.Animated.Vector.Drawable/Xamarin.Android.Support.Animated.Vector.Drawable.config'.
D/Mono    ( 8369): Image addref Xamarin.Android.Support.v7.AppCompat[0xb4b10f40] -> Xamarin.Android.Support.v7.AppCompat.dll[0xb4848e00]: 2
D/Mono    ( 8369): Prepared to set up assembly 'Xamarin.Android.Support.v7.AppCompat' (Xamarin.Android.Support.v7.AppCompat.dll)
D/Mono    ( 8369): Assembly Xamarin.Android.Support.v7.AppCompat[0xb4b10f40] added to domain RootDomain, ref_count=1
