D/Mono    ( 8396): Image addref System.Diagnostics.Debug[0x97dae3a0] -> System.Diagnostics.Debug.dll[0xb4b7dd00]: 6
D/Mono    ( 8396): Config attempting to parse: 'System.Diagnostics.Debug.dll.config'.
D/Mono    ( 8396): Config attempting to parse: '/Users/builder/data/lanes/4009/3a62f1ea/source/monodroid/builds/install/mono-armv6/etc/mono/assemblies/System.Diagnostics.Debug/System.Diagnostics.Debug.config'.
D/Mono    ( 8396): Assembly Ref addref System.Reactive.PlatformServices[0xb4acb280] -> System.Diagnostics.Debug[0xb4acb700]: 4
D/Mono    ( 8396): Assembly Ref addref System.Reactive.Linq[0xb4acb220] -> System.Reactive.Core[0xb4acb160]: 5
D/Mono    ( 8396): Assembly Ref addref Akavache[0xb4ae86a0] -> System.Core[0xb4acbac0]: 11
D/Mono    ( 8396): Assembly Ref addref System.Reactive.Linq[0xb4acb220] -> System.Resources.ResourceManager[0x9cb7f9a0]: 5
W/ResourceType( 8396): No known package when getting name for resource number 0xffffffff
W/ResourceType( 8396): No known package when getting name for resource number 0xffffffff
W/ResourceType( 8396): No known package when getting name for resource number 0xffffffff
D/Mono    ( 8396): [0x9cba3200] hill climbing, change max number of threads 4
D/Mono    ( 8396): Assembly Ref addref CareerBuilder_Search[0xb4acb460] -> System.Reactive.Linq[0xb4acb220]: 4
D/Mono    ( 8396): Assembly Ref addref CareerBuilder_Search[0xb4acb460] -> Akavache[0xb4ae86a0]: 4
D/Mono    ( 8396): Assembly Ref addref Akavache.Sqlite3[0xb4ae8700] -> System.Reactive.Core[0xb4acb160]: 6
D/Mono    ( 8396): Assembly Ref addref Akavache.Sqlite3[0xb4ae8700] -> System.Reactive.Interfaces[0xb4acb1c0]: 6
D/Mono    ( 8396): Assembly Ref addref Akavache.Sqlite3[0xb4ae8700] -> System.Reactive.Linq[0xb4acb220]: 5
D/Mono    ( 8396): Unloading image System.Runtime.Extensions.dll [0xaec75e00].
D/Mono    ( 8396): Image addref System.Runtime.Extensions[0xaec28e20] -> System.Runtime.Extensions.dll[0x9a117600]: 5
D/Mono    ( 8396): Config attempting to parse: 'System.Runtime.Extensions.dll.config'.
D/Mono    ( 8396): Config attempting to parse: '/Users/builder/data/lanes/4009/3a62f1ea/source/monodroid/builds/install/mono-armv6/etc/mono/assemblies/System.Runtime.Extensions/System.Runtime.Extensions.config'.
D/Mono    ( 8396): Assembly Ref addref Akavache.Sqlite3[0xb4ae8700] -> System.Runtime.Extensions[0x9a179e80]: 3
I/AppsFlyer_3.01-716411475( 8396): response code: 200
I/AppsFlyer_3.01-716411592( 8396): response code: 200
D/Mono    ( 8396): Unloading image System.Linq.dll [0xaec75e00].
D/Mono    ( 8396): Image addref System.Linq[0xaec28e20] -> System.Linq.dll[0xb4b80f00]: 6
D/Mono    ( 8396): Config attempting to parse: 'System.Linq.dll.config'.
D/Mono    ( 8396): Config attempting to parse: '/Users/builder/data/lanes/4009/3a62f1ea/source/monodroid/builds/install/mono-armv6/etc/mono/assemblies/System.Linq/System.Linq.config'.
D/Mono    ( 8396): Assembly Ref addref System.Reactive.Linq[0xb4acb220] -> System.Linq[0xb4acb940]: 4
D/Mono    ( 8396): Assembly Ref addref System.Runtime[0xb4acb580] -> System.Core[0xb4acbac0]: 12
D/Mono    ( 8396): Unloading image System.Threading.dll [0xaec75e00].
D/Mono    ( 8396): Image addref System.Threading[0xaec28e20] -> System.Threading.dll[0xb4b7d800]: 8
D/Mono    ( 8396): Config attempting to parse: 'System.Threading.dll.config'.
D/Mono    ( 8396): Config attempting to parse: '/Users/builder/data/lanes/4009/3a62f1ea/source/monodroid/builds/install/mono-armv6/etc/mono/assemblies/System.Threading/System.Threading.config'.
D/Mono    ( 8396): Assembly Ref addref System.Reactive.Linq[0xb4acb220] -> System.Threading[0xb4acb6a0]: 6
D/Mono    ( 8396): Assembly Ref addref Akavache[0xb4ae86a0] -> System.Reactive.PlatformServices[0xb4acb280]: 2
D/Mono    ( 8396): Unloading image System.Globalization.dll [0xaec75e00].
D/Mono    ( 8396): Image addref System.Globalization[0xaec28e20] -> System.Globalization.dll[0x9a117100]: 5
D/Mono    ( 8396): Config attempting to parse: 'System.Globalization.dll.config'.
D/Mono    ( 8396): Config attempting to parse: '/Users/builder/data/lanes/4009/3a62f1ea/source/monodroid/builds/install/mono-armv6/etc/mono/assemblies/System.Globalization/System.Globalization.config'.
D/Mono    ( 8396): Assembly Ref addref System.Reactive.Linq[0xb4acb220] -> System.Globalization[0x9cb7fb20]: 3
D/Mono    ( 8396): Unloading image System.Runtime.Extensions.dll [0xaec75e00].
D/Mono    ( 8396): Image addref System.Runtime.Extensions[0xaec28e20] -> System.Runtime.Extensions.dll[0x9a117600]: 6
D/Mono    ( 8396): Config attempting to parse: 'System.Runtime.Extensions.dll.config'.
D/Mono    ( 8396): Config attempting to parse: '/Users/builder/data/lanes/4009/3a62f1ea/source/monodroid/builds/install/mono-armv6/etc/mono/assemblies/System.Runtime.Extensions/System.Runtime.Extensions.config'.
D/Mono    ( 8396): Assembly Ref addref System.Reactive.Core[0xb4acb160] -> System.Runtime.Extensions[0x9a179e80]: 4
D/Mono    ( 8396): Assembly Ref addref System.Runtime.Extensions[0x9a179e80] -> System[0xb4acb760]: 9
D/Mono    ( 8396): Unloading image System.Globalization.dll [0xaec75e00].
D/Mono    ( 8396): Image addref System.Globalization[0xaec28e20] -> System.Globalization.dll[0x9a117100]: 6
D/Mono    ( 8396): Config attempting to parse: 'System.Globalization.dll.config'.
D/Mono    ( 8396): Config attempting to parse: '/Users/builder/data/lanes/4009/3a62f1ea/source/monodroid/builds/install/mono-armv6/etc/mono/assemblies/System.Globalization/System.Globalization.config'.
D/Mono    ( 8396): Assembly Ref addref System.Reactive.Core[0xb4acb160] -> System.Globalization[0x9cb7fb20]: 4
D/Mono    ( 8396): Unloading image System.Threading.Tasks.dll [0xaec75e00].
D/Mono    ( 8396): Image addref System.Threading.Tasks[0xaec28e20] -> System.Threading.Tasks.dll[0x9a118000]: 7
D/Mono    ( 8396): Config attempting to parse: 'System.Threading.Tasks.dll.config'.
D/Mono    ( 8396): Config attempting to parse: '/Users/builder/data/lanes/4009/3a62f1ea/source/monodroid/builds/install/mono-armv6/etc/mono/assemblies/System.Threading.Tasks/System.Threading.Tasks.config'.
D/Mono    ( 8396): Assembly Ref addref System.Reactive.Core[0xb4acb160] -> System.Threading.Tasks[0x9a179340]: 5
D/Mono    ( 8396): [0x97f3da80] worker starting
D/Mono    ( 8396): [0xaec53180] worker starting
D/Mono    ( 8396): Unloading image System.Collections.dll [0xaec75e00].
D/Mono    ( 8396): Image addref System.Collections[0xaec28f40] -> System.Collections.dll[0xb4b7ec00]: 8
D/Mono    ( 8396): Config attempting to parse: 'System.Collections.dll.config'.
D/Mono    ( 8396): Config attempting to parse: '/Users/builder/data/lanes/4009/3a62f1ea/source/monodroid/builds/install/mono-armv6/etc/mono/assemblies/System.Collections/System.Collections.config'.
D/Mono    ( 8396): Assembly Ref addref Akavache.Sqlite3[0xb4ae8700] -> System.Collections[0xb4acb820]: 6
D/Mono    ( 8396): Unloading image SQLitePCL.raw.dll [0xaec75e00].
D/Mono    ( 8396): Image addref SQLitePCL.raw[0xaec28f40] -> SQLitePCL.raw.dll[0xb4b7ab00]: 5
D/Mono    ( 8396): Config attempting to parse: 'SQLitePCL.raw.dll.config'.
D/Mono    ( 8396): Config attempting to parse: '/Users/builder/data/lanes/4009/3a62f1ea/source/monodroid/builds/install/mono-armv6/etc/mono/assemblies/SQLitePCL.raw/SQLitePCL.raw.config'.
D/Mono    ( 8396): Assembly Ref addref Akavache.Sqlite3[0xb4ae8700] -> SQLitePCL.raw[0xb4acb400]: 2
D/Mono    ( 8396): Assembly Ref addref SQLitePCL.raw[0xb4acb400] -> mscorlib[0xb4ae8520]: 42
D/Mono    ( 8396): Assembly Ref addref Splat[0xb4ae8760] -> System[0xb4acb760]: 10
I/ThermalEngine(  367): ACTION: GPU - Setting GPU[0] to 300000000
I/ThermalEngine(  367): Mitigation:GPU[0]:300000000 Hz
I/ThermalEngine(  367): ACTION: CPU - Setting CPU[0] to 2457600
I/ThermalEngine(  367): ACTION: CPU - Setting CPU[1] to 2457600
I/ThermalEngine(  367): ACTION: CPU - Setting CPU[2] to 2457600
I/ThermalEngine(  367): ACTION: CPU - Setting CPU[3] to 2457600
D/Mono    ( 8396): DllImport attempting to load: '/system/lib/libsqlite.so'.
D/Mono    ( 8396): DllImport loaded library '/system/lib/libsqlite.so'.
D/Mono    ( 8396): DllImport searching in: '/system/lib/libsqlite.so' ('/system/lib/libsqlite.so').
D/Mono    ( 8396): Searching for 'sqlite3_open_v2'.
D/Mono    ( 8396): Probing 'sqlite3_open_v2'.
D/Mono    ( 8396): Found as 'sqlite3_open_v2'.
D/Mono    ( 8396): DllImport searching in: '/system/lib/libsqlite.so' ('/system/lib/libsqlite.so').
D/Mono    ( 8396): Searching for 'sqlite3_busy_timeout'.
D/Mono    ( 8396): Probing 'sqlite3_busy_timeout'.
D/Mono    ( 8396): Found as 'sqlite3_busy_timeout'.
D/Mono    ( 8396): Unloading image System.Threading.Tasks.dll [0xaec79500].
D/Mono    ( 8396): Image addref System.Threading.Tasks[0xaed8a940] -> System.Threading.Tasks.dll[0x9a118000]: 8
D/Mono    ( 8396): Config attempting to parse: 'System.Threading.Tasks.dll.config'.
D/Mono    ( 8396): Config attempting to parse: '/Users/builder/data/lanes/4009/3a62f1ea/source/monodroid/builds/install/mono-armv6/etc/mono/assemblies/System.Threading.Tasks/System.Threading.Tasks.config'.
D/Mono    ( 8396): Assembly Ref addref Akavache.Sqlite3[0xb4ae8700] -> System.Threading.Tasks[0x9a179340]: 6
D/Mono    ( 8396): Unloading image System.Linq.dll [0xaec79500].
D/Mono    ( 8396): Image addref System.Linq[0xaed8a940] -> System.Linq.dll[0xb4b80f00]: 7
D/Mono    ( 8396): Config attempting to parse: 'System.Linq.dll.config'.
D/Mono    ( 8396): Config attempting to parse: '/Users/builder/data/lanes/4009/3a62f1ea/source/monodroid/builds/install/mono-armv6/etc/mono/assemblies/System.Linq/System.Linq.config'.
D/Mono    ( 8396): Assembly Ref addref Akavache.Sqlite3[0xb4ae8700] -> System.Linq[0xb4acb940]: 5
D/Mono    ( 8396): DllImport searching in: '/system/lib/libsqlite.so' ('/system/lib/libsqlite.so').
D/Mono    ( 8396): Searching for 'sqlite3_prepare_v2'.
D/Mono    ( 8396): Probing 'sqlite3_prepare_v2'.
D/Mono    ( 8396): Found as 'sqlite3_prepare_v2'.
D/Mono    ( 8396): DllImport searching in: '/system/lib/libsqlite.so' ('/system/lib/libsqlite.so').
D/Mono    ( 8396): Searching for 'sqlite3_step'.
D/Mono    ( 8396): Probing 'sqlite3_step'.
D/Mono    ( 8396): Found as 'sqlite3_step'.
D/Mono    ( 8396): DllImport searching in: '/system/lib/libsqlite.so' ('/system/lib/libsqlite.so').
D/Mono    ( 8396): Searching for 'sqlite3_column_type'.
D/Mono    ( 8396): Probing 'sqlite3_column_type'.
D/Mono    ( 8396): Found as 'sqlite3_column_type'.
D/Mono    ( 8396): Unloading image System.Reflection.dll [0xaec75e00].
D/Mono    ( 8396): Image addref System.Reflection[0xaed8a940] -> System.Reflection.dll[0xb4b7d300]: 8
D/Mono    ( 8396): Config attempting to parse: 'System.Reflection.dll.config'.
D/Mono    ( 8396): Config attempting to parse: '/Users/builder/data/lanes/4009/3a62f1ea/source/monodroid/builds/install/mono-armv6/etc/mono/assemblies/System.Reflection/System.Reflection.config'.
D/Mono    ( 8396): Assembly Ref addref Akavache.Sqlite3[0xb4ae8700] -> System.Reflection[0xb4acb640]: 6
D/Mono    ( 8396): DllImport searching in: '/system/lib/libsqlite.so' ('/system/lib/libsqlite.so').
D/Mono    ( 8396): Searching for 'sqlite3_column_int'.
D/Mono    ( 8396): Probing 'sqlite3_column_int'.
D/Mono    ( 8396): Found as 'sqlite3_column_int'.
D/Mono    ( 8396): DllImport searching in: '/system/lib/libsqlite.so' ('/system/lib/libsqlite.so').
D/Mono    ( 8396): Searching for 'sqlite3_finalize'.
D/Mono    ( 8396): Probing 'sqlite3_finalize'.
D/Mono    ( 8396): Found as 'sqlite3_finalize'.
D/Mono    ( 8396): DllImport searching in: '/system/lib/libsqlite.so' ('/system/lib/libsqlite.so').
D/Mono    ( 8396): Searching for 'sqlite3_changes'.
D/Mono    ( 8396): Probing 'sqlite3_changes'.
D/Mono    ( 8396): Found as 'sqlite3_changes'.
D/Mono    ( 8396): Assembly Ref addref Akavache.Sqlite3[0xb4ae8700] -> System.Reflection.Extensions[0xb4acbbe0]: 4
D/Mono    ( 8396): DllImport searching in: '/system/lib/libsqlite.so' ('/system/lib/libsqlite.so').
D/Mono    ( 8396): Searching for 'sqlite3_column_count'.
D/Mono    ( 8396): Probing 'sqlite3_column_count'.
D/Mono    ( 8396): Found as 'sqlite3_column_count'.
D/Mono    ( 8396): DllImport searching in: '/system/lib/libsqlite.so' ('/system/lib/libsqlite.so').
D/Mono    ( 8396): Searching for 'sqlite3_column_name'.
D/Mono    ( 8396): Probing 'sqlite3_column_name'.
D/Mono    ( 8396): Found as 'sqlite3_column_name'.
D/Mono    ( 8396): DllImport searching in: '/system/lib/libsqlite.so' ('/system/lib/libsqlite.so').
D/Mono    ( 8396): Searching for 'sqlite3_column_text'.
D/Mono    ( 8396): Probing 'sqlite3_column_text'.
D/Mono    ( 8396): Found as 'sqlite3_column_text'.
E/SQLiteLog( 8396): (1) no such table: SchemaInfo
D/Mono    ( 8396): DllImport searching in: '/system/lib/libsqlite.so' ('/system/lib/libsqlite.so').
D/Mono    ( 8396): Searching for 'sqlite3_errmsg'.
D/Mono    ( 8396): Probing 'sqlite3_errmsg'.
D/Mono    ( 8396): Found as 'sqlite3_errmsg'.
D/Mono    ( 8396): DllImport searching in: '/system/lib/libsqlite.so' ('/system/lib/libsqlite.so').
D/Mono    ( 8396): Searching for 'sqlite3_bind_int'.
D/Mono    ( 8396): Probing 'sqlite3_bind_int'.
D/Mono    ( 8396): Found as 'sqlite3_bind_int'.
D/Mono    ( 8396): DllImport searching in: '/system/lib/libsqlite.so' ('/system/lib/libsqlite.so').
D/Mono    ( 8396): Searching for 'sqlite3_reset'.
D/Mono    ( 8396): Probing 'sqlite3_reset'.
D/Mono    ( 8396): Found as 'sqlite3_reset'.
D/Mono    ( 8396): Unloading image System.Threading.dll [0xaec7b300].
D/Mono    ( 8396): Image addref System.Threading[0xaed8ab20] -> System.Threading.dll[0xb4b7d800]: 9
D/Mono    ( 8396): Config attempting to parse: 'System.Threading.dll.config'.
D/Mono    ( 8396): Config attempting to parse: '/Users/builder/data/lanes/4009/3a62f1ea/source/monodroid/builds/install/mono-armv6/etc/mono/assemblies/System.Threading/System.Threading.config'.
D/Mono    ( 8396): Assembly Ref addref Akavache.Sqlite3[0xb4ae8700] -> System.Threading[0xb4acb6a0]: 7
I/System.out( 8396): URI: /map
I/System.out( 8396): params: {json={"query":"* id:'agreeAndContinueButton'","operation":{"method_name":"query","arguments":[]}}
I/System.out( 8396): }
D/Mono    ( 8396): DllImport searching in: '/system/lib/libsqlite.so' ('/system/lib/libsqlite.so').
D/Mono    ( 8396): Searching for 'sqlite3_bind_text'.
D/Mono    ( 8396): Probing 'sqlite3_bind_text'.
D/Mono    ( 8396): Found as 'sqlite3_bind_text'.
D/Mono    ( 8396): Unloading image Newtonsoft.Json.dll [0x9a2bfe00].
D/Mono    ( 8396): Image addref Newtonsoft.Json[0x97dae6a0] -> Newtonsoft.Json.dll[0xb4849d00]: 5
D/Mono    ( 8396): Config attempting to parse: 'Newtonsoft.Json.dll.config'.
D/Mono    ( 8396): Config attempting to parse: '/Users/builder/data/lanes/4009/3a62f1ea/source/monodroid/builds/install/mono-armv6/etc/mono/assemblies/Newtonsoft.Json/Newtonsoft.Json.config'.
D/Mono    ( 8396): Assembly Ref addref Akavache.Sqlite3[0xb4ae8700] -> Newtonsoft.Json[0xb4acb0a0]: 3
D/Mono    ( 8396): Image addref System.IO[0x97dae6a0] -> System.IO.dll[0x9a2bfe00]: 2
D/Mono    ( 8396): Prepared to set up assembly 'System.IO' (System.IO.dll)
D/Mono    ( 8396): Assembly System.IO[0x97dae6a0] added to domain RootDomain, ref_count=1
D/Mono    ( 8396): AOT module 'System.IO.dll.so' not found: dlopen failed: library "/data/app/com.careerbuilder.SugarDrone-1/lib/arm/libaot-System.IO.dll.so" not found
D/Mono    ( 8396): AOT module '/Users/builder/data/lanes/4009/3a62f1ea/source/monodroid/builds/install/mono-armv6/lib/mono/aot-cache/arm/System.IO.dll.so' not found: dlopen failed: library "/data/app/com.careerbuilder.SugarDrone-1/lib/arm/libaot-System.IO.dll.so" not found
D/Mono    ( 8396): Config attempting to parse: 'System.IO.dll.config'.
D/Mono    ( 8396): Config attempting to parse: '/Users/builder/data/lanes/4009/3a62f1ea/source/monodroid/builds/install/mono-armv6/etc/mono/assemblies/System.IO/System.IO.config'.
D/Mono    ( 8396): Assembly Ref addref Akavache.Sqlite3[0xb4ae8700] -> System.IO[0x97dae6a0]: 2
D/Mono    ( 8396): Assembly Ref addref System.IO[0x97dae6a0] -> mscorlib[0xb4ae8520]: 43
D/Mono    ( 8396): Image addref System.Runtime.Serialization.Primitives[0x97dae4c0] -> System.Runtime.Serialization.Primitives.dll[0x9a2bf900]: 2
D/Mono    ( 8396): Prepared to set up assembly 'System.Runtime.Serialization.Primitives' (System.Runtime.Serialization.Primitives.dll)
D/Mono    ( 8396): Assembly System.Runtime.Serialization.Primitives[0x97dae4c0] added to domain RootDomain, ref_count=1
D/Mono    ( 8396): AOT module 'System.Runtime.Serialization.Primitives.dll.so' not found: dlopen failed: library "/data/app/com.careerbuilder.SugarDrone-1/lib/arm/libaot-System.Runtime.Serialization.Primitives.dll.so" not found
D/Mono    ( 8396): AOT module '/Users/builder/data/lanes/4009/3a62f1ea/source/monodroid/builds/install/mono-armv6/lib/mono/aot-cache/arm/System.Runtime.Serialization.Primitives.dll.so' not found: dlopen failed: library "/data/app/com.careerbuilder.SugarDrone-1/lib/arm/libaot-System.Runtime.Serialization.Primitives.dll.so" not found
D/Mono    ( 8396): Config attempting to parse: 'System.Runtime.Serialization.Primitives.dll.config'.
D/Mono    ( 8396): Config attempting to parse: '/Users/builder/data/lanes/4009/3a62f1ea/source/monodroid/builds/install/mono-armv6/etc/mono/assemblies/System.Runtime.Serialization.Primitives/System.Runtime.Serialization.Primitives.config'.
D/Mono    ( 8396): Assembly Ref addref Newtonsoft.Json[0xb4acb0a0] -> System.Runtime.Serialization.Primitives[0x97dae4c0]: 2
D/Mono    ( 8396): Assembly Ref addref System.Runtime.Serialization.Primitives[0x97dae4c0] -> mscorlib[0xb4ae8520]: 44
D/Mono    ( 8396): Unloading image System.Globalization.dll [0xb4b86e00].
D/Mono    ( 8396): Image addref System.Globalization[0x9a1791c0] -> System.Globalization.dll[0x9a117100]: 7
D/Mono    ( 8396): Config attempting to parse: 'System.Globalization.dll.config'.
D/Mono    ( 8396): Config attempting to parse: '/Users/builder/data/lanes/4009/3a62f1ea/source/monodroid/builds/install/mono-armv6/etc/mono/assemblies/System.Globalization/System.Globalization.config'.
D/Mono    ( 8396): Assembly Ref addref Newtonsoft.Json[0xb4acb0a0] -> System.Globalization[0x9cb7fb20]: 5
D/Mono    ( 8396): Unloading image System.Collections.dll [0xb4b86e00].
D/Mono    ( 8396): Image addref System.Collections[0x9a1791c0] -> System.Collections.dll[0xb4b7ec00]: 9
D/Mono    ( 8396): Config attempting to parse: 'System.Collections.dll.config'.
D/Mono    ( 8396): Config attempting to parse: '/Users/builder/data/lanes/4009/3a62f1ea/source/monodroid/builds/install/mono-armv6/etc/mono/assemblies/System.Collections/System.Collections.config'.
D/Mono    ( 8396): Assembly Ref addref Newtonsoft.Json[0xb4acb0a0] -> System.Collections[0xb4acb820]: 7
D/Mono    ( 8396): Unloading image System.IO.dll [0xb4b86e00].
D/Mono    ( 8396): Image addref System.IO[0x9a1791c0] -> System.IO.dll[0x9a2bfe00]: 5
D/Mono    ( 8396): Config attempting to parse: 'System.IO.dll.config'.
D/Mono    ( 8396): Config attempting to parse: '/Users/builder/data/lanes/4009/3a62f1ea/source/monodroid/builds/install/mono-armv6/etc/mono/assemblies/System.IO/System.IO.config'.
D/Mono    ( 8396): Assembly Ref addref Newtonsoft.Json[0xb4acb0a0] -> System.IO[0x97dae6a0]: 3
D/Mono    ( 8396): Unloading image System.Runtime.Extensions.dll [0xb4b86e00].
D/Mono    ( 8396): Image addref System.Runtime.Extensions[0x9a1791c0] -> System.Runtime.Extensions.dll[0x9a117600]: 7
D/Mono    ( 8396): Config attempting to parse: 'System.Runtime.Extensions.dll.config'.
D/Mono    ( 8396): Config attempting to parse: '/Users/builder/data/lanes/4009/3a62f1ea/source/monodroid/builds/install/mono-armv6/etc/mono/assemblies/System.Runtime.Extensions/System.Runtime.Extensions.config'.
D/Mono    ( 8396): Assembly Ref addref Newtonsoft.Json[0xb4acb0a0] -> System.Runtime.Extensions[0x9a179e80]: 5
D/Mono    ( 8396): Image addref System.Text.Encoding[0x9a1791c0] -> System.Text.Encoding.dll[0xb4b86e00]: 2
D/Mono    ( 8396): Prepared to set up assembly 'System.Text.Encoding' (System.Text.Encoding.dll)
D/Mono    ( 8396): Assembly System.Text.Encoding[0x9a1791c0] added to domain RootDomain, ref_count=1
D/Mono    ( 8396): AOT module 'System.Text.Encoding.dll.so' not found: dlopen failed: library "/data/app/com.careerbuilder.SugarDrone-1/lib/arm/libaot-System.Text.Encoding.dll.so" not found
D/Mono    ( 8396): AOT module '/Users/builder/data/lanes/4009/3a62f1ea/source/monodroid/builds/install/mono-armv6/lib/mono/aot-cache/arm/System.Text.Encoding.dll.so' not found: dlopen failed: library "/data/app/com.careerbuilder.SugarDrone-1/lib/arm/libaot-System.Text.Encoding.dll.so" not found
D/Mono    ( 8396): Config attempting to parse: 'System.Text.Encoding.dll.config'.
D/Mono    ( 8396): Config attempting to parse: '/Users/builder/data/lanes/4009/3a62f1ea/source/monodroid/builds/install/mono-armv6/etc/mono/assemblies/System.Text.Encoding/System.Text.Encoding.config'.
D/Mono    ( 8396): Assembly Ref addref Newtonsoft.Json[0xb4acb0a0] -> System.Text.Encoding[0x9a1791c0]: 2
D/Mono    ( 8396): Assembly Ref addref System.Text.Encoding[0x9a1791c0] -> mscorlib[0xb4ae8520]: 45
D/Mono    ( 8396): Unloading image System.Linq.dll [0x9a2c0300].
D/Mono    ( 8396): Image addref System.Linq[0x9a179160] -> System.Linq.dll[0xb4b80f00]: 8
D/Mono    ( 8396): Config attempting to parse: 'System.Linq.dll.config'.
D/Mono    ( 8396): Config attempting to parse: '/Users/builder/data/lanes/4009/3a62f1ea/source/monodroid/builds/install/mono-armv6/etc/mono/assemblies/System.Linq/System.Linq.config'.
D/Mono    ( 8396): Assembly Ref addref Newtonsoft.Json[0xb4acb0a0] -> System.Linq[0xb4acb940]: 6
D/Mono    ( 8396): Unloading image System.Reflection.dll [0x9a2c0300].
D/Mono    ( 8396): Image addref System.Reflection[0x97daea60] -> System.Reflection.dll[0xb4b7d300]: 9
D/Mono    ( 8396): Config attempting to parse: 'System.Reflection.dll.config'.
D/Mono    ( 8396): Config attempting to parse: '/Users/builder/data/lanes/4009/3a62f1ea/source/monodroid/builds/install/mono-armv6/etc/mono/assemblies/System.Reflection/System.Reflection.config'.
D/Mono    ( 8396): Assembly Ref addref Newtonsoft.Json[0xb4acb0a0] -> System.Reflection[0xb4acb640]: 7
D/Mono    ( 8396): Image addref System.Runtime.Serialization[0x97daea60] -> System.Runtime.Serialization.dll[0x9a2c0300]: 2
D/Mono    ( 8396): Prepared to set up assembly 'System.Runtime.Serialization' (System.Runtime.Serialization.dll)
D/Mono    ( 8396): Assembly System.Runtime.Serialization[0x97daea60] added to domain RootDomain, ref_count=1
D/Mono    ( 8396): AOT module 'System.Runtime.Serialization.dll.so' not found: dlopen failed: library "/data/app/com.careerbuilder.SugarDrone-1/lib/arm/libaot-System.Runtime.Serialization.dll.so" not found
D/Mono    ( 8396): AOT module '/Users/builder/data/lanes/4009/3a62f1ea/source/monodroid/builds/install/mono-armv6/lib/mono/aot-cache/arm/System.Runtime.Serialization.dll.so' not found: dlopen failed: library "/data/app/com.careerbuilder.SugarDrone-1/lib/arm/libaot-System.Runtime.Serialization.dll.so" not found
D/Mono    ( 8396): Config attempting to parse: 'System.Runtime.Serialization.dll.config'.
D/Mono    ( 8396): Config attempting to parse: '/Users/builder/data/lanes/4009/3a62f1ea/source/monodroid/builds/install/mono-armv6/etc/mono/assemblies/System.Runtime.Serialization/System.Runtime.Serialization.config'.
D/Mono    ( 8396): Assembly Ref addref System.Runtime.Serialization.Primitives[0x97dae4c0] -> System.Runtime.Serialization[0x97daea60]: 2
D/Mono    ( 8396): Assembly Ref addref System.Runtime.Serialization[0x97daea60] -> mscorlib[0xb4ae8520]: 46
D/Mono    ( 8396): Image addref System.Text.Encoding.Extensions[0x9a179160] -> System.Text.Encoding.Extensions.dll[0x9a2c0800]: 2
D/Mono    ( 8396): Prepared to set up assembly 'System.Text.Encoding.Extensions' (System.Text.Encoding.Extensions.dll)
D/Mono    ( 8396): Assembly System.Text.Encoding.Extensions[0x9a179160] added to domain RootDomain, ref_count=1
D/Mono    ( 8396): AOT module 'System.Text.Encoding.Extensions.dll.so' not found: dlopen failed: library "/data/app/com.careerbuilder.SugarDrone-1/lib/arm/libaot-System.Text.Encoding.Extensions.dll.so" not found
D/Mono    ( 8396): AOT module '/Users/builder/data/lanes/4009/3a62f1ea/source/monodroid/builds/install/mono-armv6/lib/mono/aot-cache/arm/System.Text.Encoding.Extensions.dll.so' not found: dlopen failed: library "/data/app/com.careerbuilder.SugarDrone-1/lib/arm/libaot-System.Text.Encoding.Extensions.dll.so" not found
D/Mono    ( 8396): Config attempting to parse: 'System.Text.Encoding.Extensions.dll.config'.
D/Mono    ( 8396): Config attempting to parse: '/Users/builder/data/lanes/4009/3a62f1ea/source/monodroid/builds/install/mono-armv6/etc/mono/assemblies/System.Text.Encoding.Extensions/System.Text.Encoding.Extensions.config'.
D/Mono    ( 8396): Assembly Ref addref Newtonsoft.Json[0xb4acb0a0] -> System.Text.Encoding.Extensions[0x9a179160]: 2
D/Mono    ( 8396): Assembly Ref addref System.Text.Encoding.Extensions[0x9a179160] -> mscorlib[0xb4ae8520]: 47
D/Mono    ( 8396): Unloading image System.Threading.dll [0x9a2c2b00].
D/Mono    ( 8396): Image addref System.Threading[0x97daeb80] -> System.Threading.dll[0xb4b7d800]: 10
D/Mono    ( 8396): Config attempting to parse: 'System.Threading.dll.config'.
D/Mono    ( 8396): Config attempting to parse: '/Users/builder/data/lanes/4009/3a62f1ea/source/monodroid/builds/install/mono-armv6/etc/mono/assemblies/System.Threading/System.Threading.config'.
D/Mono    ( 8396): Assembly Ref addref Newtonsoft.Json[0xb4acb0a0] -> System.Threading[0xb4acb6a0]: 8
D/Mono    ( 8396): Assembly Ref addref Newtonsoft.Json[0xb4acb0a0] -> System.Reflection.Extensions[0xb4acbbe0]: 5
D/Mono    ( 8396): Assembly Ref addref System.ObjectModel[0x9a2878e0] -> mscorlib[0xb4ae8520]: 48
D/Mono    ( 8396): Image addref System.Xml.XDocument[0x97daedc0] -> System.Xml.XDocument.dll[0x9a2c3500]: 2
D/Mono    ( 8396): Prepared to set up assembly 'System.Xml.XDocument' (System.Xml.XDocument.dll)
D/Mono    ( 8396): Assembly System.Xml.XDocument[0x97daedc0] added to domain RootDomain, ref_count=1
D/Mono    ( 8396): AOT module 'System.Xml.XDocument.dll.so' not found: dlopen failed: library "/data/app/com.careerbuilder.SugarDrone-1/lib/arm/libaot-System.Xml.XDocument.dll.so" not found
D/Mono    ( 8396): AOT module '/Users/builder/data/lanes/4009/3a62f1ea/source/monodroid/builds/install/mono-armv6/lib/mono/aot-cache/arm/System.Xml.XDocument.dll.so' not found: dlopen failed: library "/data/app/com.careerbuilder.SugarDrone-1/lib/arm/libaot-System.Xml.XDocument.dll.so" not found
D/Mono    ( 8396): Config attempting to parse: 'System.Xml.XDocument.dll.config'.
D/Mono    ( 8396): Config attempting to parse: '/Users/builder/data/lanes/4009/3a62f1ea/source/monodroid/builds/install/mono-armv6/etc/mono/assemblies/System.Xml.XDocument/System.Xml.XDocument.config'.
D/Mono    ( 8396): Assembly Ref addref Newtonsoft.Json[0xb4acb0a0] -> System.Xml.XDocument[0x97daedc0]: 2
D/Mono    ( 8396): Image addref System.Xml.Linq[0x97daed60] -> System.Xml.Linq.dll[0x9a2c3a00]: 2
D/Mono    ( 8396): Prepared to set up assembly 'System.Xml.Linq' (System.Xml.Linq.dll)
D/Mono    ( 8396): Assembly System.Xml.Linq[0x97daed60] added to domain RootDomain, ref_count=1
D/Mono    ( 8396): AOT module 'System.Xml.Linq.dll.so' not found: dlopen failed: library "/data/app/com.careerbuilder.SugarDrone-1/lib/arm/libaot-System.Xml.Linq.dll.so" not found
D/Mono    ( 8396): AOT module '/Users/builder/data/lanes/4009/3a62f1ea/source/monodroid/builds/install/mono-armv6/lib/mono/aot-cache/arm/System.Xml.Linq.dll.so' not found: dlopen failed: library "/data/app/com.careerbuilder.SugarDrone-1/lib/arm/libaot-System.Xml.Linq.dll.so" not found
D/Mono    ( 8396): Config attempting to parse: 'System.Xml.Linq.dll.config'.
D/Mono    ( 8396): Config attempting to parse: '/Users/builder/data/lanes/4009/3a62f1ea/source/monodroid/builds/install/mono-armv6/etc/mono/assemblies/System.Xml.Linq/System.Xml.Linq.config'.
D/Mono    ( 8396): Assembly Ref addref System.Xml.XDocument[0x97daedc0] -> System.Xml.Linq[0x97daed60]: 2
D/Mono    ( 8396): Assembly Ref addref System.Xml.Linq[0x97daed60] -> mscorlib[0xb4ae8520]: 49
D/Mono    ( 8396): Assembly Ref addref System.Xml.Linq[0x97daed60] -> System.Xml[0x9cb7f0a0]: 4
D/Mono    ( 8396): Image addref System.Text.RegularExpressions[0x97daee80] -> System.Text.RegularExpressions.dll[0x9a2c3f00]: 2
D/Mono    ( 8396): Prepared to set up assembly 'System.Text.RegularExpressions' (System.Text.RegularExpressions.dll)
D/Mono    ( 8396): Assembly System.Text.RegularExpressions[0x97daee80] added to domain RootDomain, ref_count=1
D/Mono    ( 8396): AOT module 'System.Text.RegularExpressions.dll.so' not found: dlopen failed: library "/data/app/com.careerbuilder.SugarDrone-1/lib/arm/libaot-System.Text.RegularExpressions.dll.so" not found
D/Mono    ( 8396): AOT module '/Users/builder/data/lanes/4009/3a62f1ea/source/monodroid/builds/install/mono-armv6/lib/mono/aot-cache/arm/System.Text.RegularExpressions.dll.so' not found: dlopen failed: library "/data/app/com.careerbuilder.SugarDrone-1/lib/arm/libaot-System.Text.RegularExpressions.dll.so" not found
D/Mono    ( 8396): Config attempting to parse: 'System.Text.RegularExpressions.dll.config'.
D/Mono    ( 8396): Config attempting to parse: '/Users/builder/data/lanes/4009/3a62f1ea/source/monodroid/builds/install/mono-armv6/etc/mono/assemblies/System.Text.RegularExpressions/System.Text.RegularExpressions.config'.
D/Mono    ( 8396): Assembly Ref addref Newtonsoft.Json[0xb4acb0a0] -> System.Text.RegularExpressions[0x97daee80]: 2
D/Mono    ( 8396): Assembly Ref addref System.Text.RegularExpressions[0x97daee80] -> System[0xb4acb760]: 11
D/Mono    ( 8396): Unloading image System.Linq.Expressions.dll [0x9a2c4400].
D/Mono    ( 8396): Image addref System.Linq.Expressions[0x97daee20] -> System.Linq.Expressions.dll[0x9a116700]: 5
D/Mono    ( 8396): Config attempting to parse: 'System.Linq.Expressions.dll.config'.
D/Mono    ( 8396): Config attempting to parse: '/Users/builder/data/lanes/4009/3a62f1ea/source/monodroid/builds/install/mono-armv6/etc/mono/assemblies/System.Linq.Expressions/System.Linq.Expressions.config'.
D/Mono    ( 8396): Assembly Ref addref Newtonsoft.Json[0xb4acb0a0] -> System.Linq.Expressions[0x9a1d80a0]: 3
D/Mono    ( 8396): DllImport searching in: '/system/lib/libsqlite.so' ('/system/lib/libsqlite.so').
D/Mono    ( 8396): Searching for 'sqlite3_bind_blob'.
D/Mono    ( 8396): Probing 'sqlite3_bind_blob'.
D/Mono    ( 8396): Found as 'sqlite3_bind_blob'.
D/Mono    ( 8396): DllImport searching in: '/system/lib/libsqlite.so' ('/system/lib/libsqlite.so').
D/Mono    ( 8396): Searching for 'sqlite3_bind_int64'.
D/Mono    ( 8396): Probing 'sqlite3_bind_int64'.
D/Mono    ( 8396): Found as 'sqlite3_bind_int64'.
D/Mono    ( 8396): DllImport searching in: '__Internal' ('(null)').
D/Mono    ( 8396): Searching for 'java_interop_jnienv_call_nonvirtual_boolean_method_a'.
D/Mono    ( 8396): Probing 'java_interop_jnienv_call_nonvirtual_boolean_method_a'.
D/Mono    ( 8396): Found as 'java_interop_jnienv_call_nonvirtual_boolean_method_a'.
I/calabash( 8396): execStartActivity 4
I/ActivityManager(  817): START u0 {cmp=com.careerbuilder.SugarDrone/md5a4824aa66c0dc4d104077b72c1916a44.TermsAndConditionsActivity} from uid 11698 on display 0
V/WindowManager(  817): addAppToken: AppWindowToken{2a56f2b4 token=Token{3da4a387 ActivityRecord{1f1817c6 u0 com.careerbuilder.SugarDrone/md5a4824aa66c0dc4d104077b72c1916a44.TermsAndConditionsActivity t45}}} to stack=1 task=45 at 1
W/ResourceType( 8396): No known package when getting name for resource number 0xffffffff
W/ResourceType( 8396): No known package when getting name for resource number 0xffffffff
W/ResourceType( 8396): No known package when getting name for resource number 0xffffffff
I/calabash( 8396): newActivity1
V/WindowManager(  817): Adding window Window{3d6dea52 u0 com.careerbuilder.SugarDrone/md5a4824aa66c0dc4d104077b72c1916a44.TermsAndConditionsActivity} at 3 of 8 (after Window{1c5e43e u0 com.careerbuilder.SugarDrone/md537fd6201b6818e2e180d2f7606e21a83.AppMainActivity})
E/WifiStateMachine(  817): WifiStateMachine CMD_START_SCAN source -2 txSuccessRate=12.00 rxSuccessRate=9.50 targetRoamBSSID=any RSSI=-46
E/WifiStateMachine(  817): WifiStateMachine starting scan for "xtc-ag"WPA_PSK with 5240,2437,5180
I/ActivityManager(  817): Displayed com.careerbuilder.SugarDrone/md5a4824aa66c0dc4d104077b72c1916a44.TermsAndConditionsActivity: +350ms
I/System.out( 8396): URI: /map
I/System.out( 8396): params: {json={"query":"* id:'agreeAndContinueButton'","operation":{"method_name":"query","arguments":[]}}
I/System.out( 8396): }
W/ResourceType( 8396): No known package when getting name for resource number 0xffffffff
W/ResourceType( 8396): No known package when getting name for resource number 0xffffffff
W/ResourceType( 8396): No known package when getting name for resource number 0xffffffff
W/ResourceType( 8396): No known package when getting name for resource number 0xffffffff
W/ResourceType( 8396): No known package when getting name for resource number 0xffffffff
W/ResourceType( 8396): No known package when getting name for resource number 0xffffffff
W/ResourceType( 8396): No known package when getting name for resource number 0xffffffff
W/ResourceType( 8396): No known package when getting name for resource number 0xffffffff
W/ResourceType( 8396): No known package when getting name for resource number 0xffffffff
W/ResourceType( 8396): No known package when getting name for resource number 0xffffffff
I/System.out( 8396): URI: /map
I/System.out( 8396): params: {json={"query":"* id:'agreeAndContinueButton'","operation":{"method_name":"query","arguments":[]}}
I/System.out( 8396): }
W/ResourceType( 8396): No known package when getting name for resource number 0xffffffff
W/ResourceType( 8396): No known package when getting name for resource number 0xffffffff
W/ResourceType( 8396): No known package when getting name for resource number 0xffffffff
W/ResourceType( 8396): No known package when getting name for resource number 0xffffffff
W/ResourceType( 8396): No known package when getting name for resource number 0xffffffff
W/ResourceType( 8396): No known package when getting name for resource number 0xffffffff
W/ResourceType( 8396): No known package when getting name for resource number 0xffffffff
W/ResourceType( 8396): No known package when getting name for resource number 0xffffffff
W/ResourceType( 8396): No known package when getting name for resource number 0xffffffff
W/ResourceType( 8396): No known package when getting name for resource number 0xffffffff
I/System.out( 8396): URI: /map
I/System.out( 8396): params: {json={"query":"* id:'agreeAndContinueButton'","operation":{"method_name":"query","arguments":[]}}
I/System.out( 8396): }
W/ResourceType( 8396): No known package when getting name for resource number 0xffffffff
W/ResourceType( 8396): No known package when getting name for resource number 0xffffffff
W/ResourceType( 8396): No known package when getting name for resource number 0xffffffff
W/ResourceType( 8396): No known package when getting name for resource number 0xffffffff
W/ResourceType( 8396): No known package when getting name for resource number 0xffffffff
W/ResourceType( 8396): No known package when getting name for resource number 0xffffffff
W/ResourceType( 8396): No known package when getting name for resource number 0xffffffff
I/System.out( 8396): URI: /map
I/System.out( 8396): params: {json={"query":"* id:'agreeAndContinueButton'","operation":{"method_name":"query","arguments":[]}}
I/System.out( 8396): }
W/ResourceType( 8396): No known package when getting name for resource number 0xffffffff
W/ResourceType( 8396): No known package when getting name for resource number 0xffffffff
W/ResourceType( 8396): No known package when getting name for resource number 0xffffffff
W/ResourceType( 8396): No known package when getting name for resource number 0xffffffff
W/ResourceType( 8396): No known package when getting name for resource number 0xffffffff
W/ResourceType( 8396): No known package when getting name for resource number 0xffffffff
W/ResourceType( 8396): No known package when getting name for resource number 0xffffffff
I/System.out( 8396): URI: /map
I/System.out( 8396): params: {json={"query":"* id:'agreeAndContinueButton'","operation":{"method_name":"query","arguments":[]}}
I/System.out( 8396): }
W/ResourceType( 8396): No known package when getting name for resource number 0xffffffff
W/ResourceType( 8396): No known package when getting name for resource number 0xffffffff
W/ResourceType( 8396): No known package when getting name for resource number 0xffffffff
W/ResourceType( 8396): No known package when getting name for resource number 0xffffffff
W/ResourceType( 8396): No known package when getting name for resource number 0xffffffff
W/ResourceType( 8396): No known package when getting name for resource number 0xffffffff
W/ResourceType( 8396): No known package when getting name for resource number 0xffffffff
I/ThermalEngine(  367): ACTION: CPU - Setting CPU[0] to 2265600
I/ThermalEngine(  367): ACTION: CPU - Setting CPU[1] to 2265600
I/ThermalEngine(  367): ACTION: CPU - Setting CPU[2] to 2265600
I/ThermalEngine(  367): ACTION: CPU - Setting CPU[3] to 2265600
I/System.out( 8396): URI: /map
I/System.out( 8396): params: {json={"query":"* id:'agreeAndContinueButton'","operation":{"method_name":"query","arguments":[]}}
I/System.out( 8396): }
W/ResourceType( 8396): No known package when getting name for resource number 0xffffffff
W/ResourceType( 8396): No known package when getting name for resource number 0xffffffff
W/ResourceType( 8396): No known package when getting name for resource number 0xffffffff
W/ResourceType( 8396): No known package when getting name for resource number 0xffffffff
W/ResourceType( 8396): No known package when getting name for resource number 0xffffffff
W/ResourceType( 8396): No known package when getting name for resource number 0xffffffff
W/ResourceType( 8396): No known package when getting name for resource number 0xffffffff
I/System.out( 8396): URI: /map
I/System.out( 8396): params: {json={"query":"* id:'agreeAndContinueButton'","operation":{"method_name":"query","arguments":[]}}
I/System.out( 8396): }
W/ResourceType( 8396): No known package when getting name for resource number 0xffffffff
W/ResourceType( 8396): No known package when getting name for resource number 0xffffffff
W/ResourceType( 8396): No known package when getting name for resource number 0xffffffff
W/ResourceType( 8396): No known package when getting name for resource number 0xffffffff
W/ResourceType( 8396): No known package when getting name for resource number 0xffffffff
W/ResourceType( 8396): No known package when getting name for resource number 0xffffffff
W/ResourceType( 8396): No known package when getting name for resource number 0xffffffff
I/System.out( 8396): URI: /
I/System.out( 8396): params: {json={"command":"touch_coordinate","arguments":[720.0,2273.0]}
I/System.out( 8396): }
I/System.out( 8396): header: {content-length=57, host=devicehost108.prod, x-session-token=token-token-023eed75-b1bb-4a5e-b52e-034047877db6, x-forwarded-for=10.222.150.32, content-type=application/json; charset=utf-8, connection=close}
I/System.out( 8396): params: {json={"command":"touch_coordinate","arguments":[720.0,2273.0]}
I/System.out( 8396): }
I/System.out( 8396): ProP json = {"command":"touch_coordinate","arguments":[720.0,2273.0]}
I/System.out( 8396): files: {}
I/System.out( 8396): command: {"command":"touch_coordinate","arguments":[720.0,2273.0]}
I/InstrumentationBackend( 8396): Got command:'Command:'Line:null,touch_coordinate', arguments:'[720.0, 2273.0]'
I/art     ( 8396): Explicit concurrent mark sweep GC freed 152289(6MB) AllocSpace objects, 13(208KB) LOS objects, 37% free, 26MB/42MB, paused 944us total 43.802ms
I/art     ( 8396): Explicit concurrent mark sweep GC freed 285(13KB) AllocSpace objects, 0(0B) LOS objects, 37% free, 26MB/42MB, paused 876us total 21.881ms
I/art     ( 8396): Explicit concurrent mark sweep GC freed 60(3KB) AllocSpace objects, 0(0B) LOS objects, 37% free, 26MB/42MB, paused 1.172ms total 24.585ms
I/art     ( 8396): Explicit concurrent mark sweep GC freed 24(1088B) AllocSpace objects, 0(0B) LOS objects, 37% free, 26MB/42MB, paused 1.107ms total 22.018ms
I/art     ( 8396): Explicit concurrent mark sweep GC freed 17(1056B) AllocSpace objects, 0(0B) LOS objects, 37% free, 26MB/42MB, paused 1.395ms total 22.145ms
D/Mono    ( 8396): DllImport searching in: '__Internal' ('(null)').
D/Mono    ( 8396): Searching for 'java_interop_jnienv_call_nonvirtual_int_method_a'.
D/Mono    ( 8396): Probing 'java_interop_jnienv_call_nonvirtual_int_method_a'.
D/Mono    ( 8396): Found as 'java_interop_jnienv_call_nonvirtual_int_method_a'.
D/Mono    ( 8396): DllImport searching in: '__Internal' ('(null)').
D/Mono    ( 8396): Searching for 'java_interop_jnienv_get_float_field'.
D/Mono    ( 8396): Probing 'java_interop_jnienv_get_float_field'.
D/Mono    ( 8396): Found as 'java_interop_jnienv_get_float_field'.
D/Mono    ( 8396): Assembly Ref addref System.Net.Http[0x9cb7f400] -> System.Core[0xb4acbac0]: 13
D/Mono    ( 8396): DllImport searching in: '__Internal' ('(null)').
D/Mono    ( 8396): Searching for 'java_interop_jnienv_new_object_array'.
D/Mono    ( 8396): Probing 'java_interop_jnienv_new_object_array'.
D/Mono    ( 8396): Found as 'java_interop_jnienv_new_object_array'.
D/Mono    ( 8396): DllImport searching in: '__Internal' ('(null)').
D/Mono    ( 8396): Searching for 'java_interop_jnienv_set_object_array_element'.
D/Mono    ( 8396): Probing 'java_interop_jnienv_set_object_array_element'.
D/Mono    ( 8396): Found as 'java_interop_jnienv_set_object_array_element'.
D/Mono    ( 8396): Assembly Ref addref Mono.Android[0xb4acb4c0] -> System[0xb4acb760]: 12
W/ProcessManager( 8396): waitpid on failed exec failed: No child processes
D/audio_hw_primary(  359): out_set_parameters: enter: usecase(1: low-latency-playback) kvpairs: routing=2
I/calabash( 8396): execStartActivity 4
I/ActivityManager(  817): START u0 {cmp=com.careerbuilder.SugarDrone/md537fd6201b6818e2e180d2f7606e21a83.ValuePropActivity} from uid 11698 on display 0
V/WindowManager(  817): addAppToken: AppWindowToken{e3071aa token=Token{3dc58c95 ActivityRecord{1121e44c u0 com.careerbuilder.SugarDrone/md537fd6201b6818e2e180d2f7606e21a83.ValuePropActivity t45}}} to stack=1 task=45 at 1
I/calabash( 8396): newActivity1
D/Mono    ( 8396): Assembly Ref addref CareerBuilder_Search.Droid[0xb4ae8580] -> System.Core[0xb4acbac0]: 14
D/Mono    ( 8396): DllImport searching in: '__Internal' ('(null)').
D/Mono    ( 8396): Searching for 'java_interop_jnienv_call_nonvirtual_object_method'.
D/Mono    ( 8396): Probing 'java_interop_jnienv_call_nonvirtual_object_method'.
D/Mono    ( 8396): Found as 'java_interop_jnienv_call_nonvirtual_object_method'.
I/System.out( 8396): result:{"bonusInformation":[],"message":"","success":true}
V/WindowManager(  817): Adding window Window{baef938 u0 com.careerbuilder.SugarDrone/md537fd6201b6818e2e180d2f7606e21a83.ValuePropActivity} at 3 of 8 (after Window{3d6dea52 u0 com.careerbuilder.SugarDrone/md5a4824aa66c0dc4d104077b72c1916a44.TermsAndConditionsActivity})
D/Mono    ( 8396): Assembly Ref addref CareerBuilder_Search.Droid[0xb4ae8580] -> Newtonsoft.Json[0xb4acb0a0]: 4
I/System.out( 8396): URI: /backdoor
I/System.out( 8396): params: {json={"method_name":"APISetup","arguments":[200]}
I/System.out( 8396): }
W/FragmentManager( 8396): moveToState: Fragment state for ValuePropFragment{da3439d #0 id=0x7f0a0148 android:switcher:2131362120:1} not updated inline; expected state 3 found 2
D/audio_hw_primary(  359): select_devices: out_snd_device(2: speaker) in_snd_device(0: none)
D/msm8974_platform(  359): platform_send_audio_calibration: sending audio calibration for snd_device(2) acdb_id(15)
E/ACDB-LOADER(  359): Error: ACDB AFE returned = -19
D/audio_hw_primary(  359): enable_snd_device: snd_device(2: speaker)
D/audio_hw_primary(  359): enable_audio_route: apply and update mixer path: low-latency-playback speaker
I/Choreographer( 8396): Skipped 30 frames!  The application may be doing too much work on its main thread.
I/ActivityManager(  817): Displayed com.careerbuilder.SugarDrone/md537fd6201b6818e2e180d2f7606e21a83.ValuePropActivity: +760ms
I/System.out( 8396): URI: /backdoor
I/System.out( 8396): params: {json={"method_name":"MyCBBackdoor","arguments":[]}
I/System.out( 8396): }
D/Mono    ( 8396): Assembly Ref addref CareerBuilder_Search.Droid[0xb4ae8580] -> Xamarin.Android.Support.Design[0xb4ae8fa0]: 2
I/calabash( 8396): execStartActivity 4
I/ActivityManager(  817): START u0 {cmp=com.careerbuilder.SugarDrone/md5a4824aa66c0dc4d104077b72c1916a44.MasterNavActivity} from uid 11698 on display 0
V/WindowManager(  817): addAppToken: AppWindowToken{271bb750 token=Token{347d6913 ActivityRecord{2a218c02 u0 com.careerbuilder.SugarDrone/md5a4824aa66c0dc4d104077b72c1916a44.MasterNavActivity t45}}} to stack=1 task=45 at 2
I/calabash( 8396): newActivity1
W/art     ( 8396): Before Android 4.1, method android.graphics.PorterDuffColorFilter android.support.graphics.drawable.VectorDrawableCompat.updateTintFilter(android.graphics.PorterDuffColorFilter, android.content.res.ColorStateList, android.graphics.PorterDuff$Mode) would have incorrectly overridden the package-private method in android.graphics.drawable.Drawable
D/Mono    ( 8396): Unloading image System.dll [0x97610f00].
D/Mono    ( 8396): Image addref System[0x97649b80] -> System.dll[0xb4b7e200]: 5
D/Mono    ( 8396): Config attempting to parse: 'System.dll.config'.
D/Mono    ( 8396): Config attempting to parse: '/Users/builder/data/lanes/4009/3a62f1ea/source/monodroid/builds/install/mono-armv6/etc/mono/assemblies/System/System.config'.
D/Mono    ( 8396): Unloading image System.dll [0x97610f00].
D/Mono    ( 8396): Image addref System[0x9762c8e0] -> System.dll[0xb4b7e200]: 6
D/Mono    ( 8396): Config attempting to parse: 'System.dll.config'.
D/Mono    ( 8396): Config attempting to parse: '/Users/builder/data/lanes/4009/3a62f1ea/source/monodroid/builds/install/mono-armv6/etc/mono/assemblies/System/System.config'.
D/Mono    ( 8396): Unloading image System.dll [0x97610f00].
D/Mono    ( 8396): Image addref System[0x9762c8e0] -> System.dll[0xb4b7e200]: 7
D/Mono    ( 8396): Config attempting to parse: 'System.dll.config'.
D/Mono    ( 8396): Config attempting to parse: '/Users/builder/data/lanes/4009/3a62f1ea/source/monodroid/builds/install/mono-armv6/etc/mono/assemblies/System/System.config'.
D/Mono    ( 8396): Unloading image System.dll [0x97610f00].
D/Mono    ( 8396): Image addref System[0x9762c8e0] -> System.dll[0xb4b7e200]: 8
D/Mono    ( 8396): Config attempting to parse: 'System.dll.config'.
D/Mono    ( 8396): Config attempting to parse: '/Users/builder/data/lanes/4009/3a62f1ea/source/monodroid/builds/install/mono-armv6/etc/mono/assemblies/System/System.config'.
W/SurfaceFlinger(  258): couldn't log to binary event log: overflow.
I/System.out( 8396): URI: /map
I/System.out( 8396): params: {json={"query":"* marked:'Skip'","operation":{"method_name":"query","arguments":[]}}
I/System.out( 8396): }
D/Mono    ( 8396): DllImport searching in: '__Internal' ('(null)').
D/Mono    ( 8396): Searching for 'java_interop_jnienv_is_assignable_from'.
D/Mono    ( 8396): Probing 'java_interop_jnienv_is_assignable_from'.
D/Mono    ( 8396): Found as 'java_interop_jnienv_is_assignable_from'.
D/Mono    ( 8396): DllImport searching in: '__Internal' ('(null)').
D/Mono    ( 8396): Searching for 'java_interop_jnienv_get_byte_array_region'.
D/Mono    ( 8396): Probing 'java_interop_jnienv_get_byte_array_region'.
D/Mono    ( 8396): Found as 'java_interop_jnienv_get_byte_array_region'.
D/Mono    ( 8396): DllImport searching in: '__Internal' ('(null)').
D/Mono    ( 8396): Searching for 'java_interop_jnienv_set_byte_array_region'.
D/Mono    ( 8396): Probing 'java_interop_jnienv_set_byte_array_region'.
D/Mono    ( 8396): Found as 'java_interop_jnienv_set_byte_array_region'.
D/Mono    ( 8396): [0xaec53180] hill climbing, change max number of threads 5
D/Mono    ( 8396): [0x9773f080] worker starting
D/Mono    ( 8396): DllImport searching in: '__Internal' ('(null)').
D/Mono    ( 8396): Searching for 'java_interop_jnienv_call_int_method'.
D/Mono    ( 8396): Probing 'java_interop_jnienv_call_int_method'.
D/Mono    ( 8396): Found as 'java_interop_jnienv_call_int_method'.
W/Mono    ( 8396): The request to load the assembly System.Core v4.0.0.0 was remapped to v2.0.5.0
D/Mono    ( 8396): Unloading image System.Core.dll [0x9697d900].
D/Mono    ( 8396): Image addref System.Core[0x96846be0] -> System.Core.dll[0xb4b7f100]: 5
D/Mono    ( 8396): Config attempting to parse: 'System.Core.dll.config'.
D/Mono    ( 8396): Config attempting to parse: '/Users/builder/data/lanes/4009/3a62f1ea/source/monodroid/builds/install/mono-armv6/etc/mono/assemblies/System.Core/System.Core.config'.
W/Mono    ( 8396): The request to load the assembly System.Core v4.0.0.0 was remapped to v2.0.5.0
D/Mono    ( 8396): Unloading image System.Core.dll [0x9697d900].
D/Mono    ( 8396): Image addref System.Core[0x96846d00] -> System.Core.dll[0xb4b7f100]: 6
D/Mono    ( 8396): Config attempting to parse: 'System.Core.dll.config'.
D/Mono    ( 8396): Config attempting to parse: '/Users/builder/data/lanes/4009/3a62f1ea/source/monodroid/builds/install/mono-armv6/etc/mono/assemblies/System.Core/System.Core.config'.
D/Mono    ( 8396): Assembly Ref addref Xamarin.Android.Support.Design[0xb4ae8fa0] -> Xamarin.Android.Support.v4[0xb4ae8dc0]: 4
D/Mono    ( 8396): Assembly Ref addref CareerBuilder_Search.Droid[0xb4ae8580] -> Xamarin.Android.Support.v7.RecyclerView[0xb4ae8e20]: 2
D/Mono    ( 8396): Assembly Ref addref Xamarin.Android.Support.v7.RecyclerView[0xb4ae8e20] -> Xamarin.Android.Support.v4[0xb4ae8dc0]: 5
