W/ResourceType( 8438): No known package when getting name for resource number 0xffffffff
W/ResourceType( 8438): No known package when getting name for resource number 0xffffffff
W/ResourceType( 8438): No known package when getting name for resource number 0xffffffff
W/ResourceType( 8438): No known package when getting name for resource number 0xffffffff
W/ResourceType( 8438): No known package when getting name for resource number 0xffffffff
W/ResourceType( 8438): No known package when getting name for resource number 0xffffffff
W/ResourceType( 8438): No known package when getting name for resource number 0xffffffff
W/ResourceType( 8438): No known package when getting name for resource number 0xffffffff
W/ResourceType( 8438): No known package when getting name for resource number 0xffffffff
W/ResourceType( 8438): No known package when getting name for resource number 0xffffffff
W/ResourceType( 8438): No known package when getting name for resource number 0xffffffff
W/ResourceType( 8438): No known package when getting name for resource number 0xffffffff
W/ResourceType( 8438): No known package when getting name for resource number 0xffffffff
W/ResourceType( 8438): No known package when getting name for resource number 0xffffffff
W/ResourceType( 8438): No known package when getting name for resource number 0xffffffff
W/ResourceType( 8438): No known package when getting name for resource number 0xffffffff
W/ResourceType( 8438): No known package when getting name for resource number 0xffffffff
W/ResourceType( 8438): No known package when getting name for resource number 0xffffffff
W/ResourceType( 8438): No known package when getting name for resource number 0xffffffff
I/Choreographer( 8438): Skipped 50 frames!  The application may be doing too much work on its main thread.
I/art     ( 8438): Explicit concurrent mark sweep GC freed 251784(10MB) AllocSpace objects, 17(272KB) LOS objects, 26% free, 44MB/60MB, paused 1.888ms total 88.901ms
I/art     ( 8438): Explicit concurrent mark sweep GC freed 17246(707KB) AllocSpace objects, 1(16KB) LOS objects, 26% free, 44MB/60MB, paused 1.598ms total 49.518ms
I/art     ( 8438): Explicit concurrent mark sweep GC freed 625(68KB) AllocSpace objects, 1(16KB) LOS objects, 26% free, 44MB/60MB, paused 1.545ms total 38.838ms
I/art     ( 8438): Explicit concurrent mark sweep GC freed 18(912B) AllocSpace objects, 0(0B) LOS objects, 26% free, 44MB/60MB, paused 1.846ms total 40.333ms
I/art     ( 8438): Explicit concurrent mark sweep GC freed 17(1088B) AllocSpace objects, 0(0B) LOS objects, 26% free, 44MB/60MB, paused 1.636ms total 42.468ms
I/System.out( 8438): URI: /map
I/System.out( 8438): params: {json={"query":"* marked:'educationCard'","operation":{"method_name":"query","arguments":[]}}
I/System.out( 8438): }
W/ResourceType( 8438): No known package when getting name for resource number 0xffffffff
W/ResourceType( 8438): No known package when getting name for resource number 0xffffffff
W/ResourceType( 8438): No known package when getting name for resource number 0xffffffff
W/ResourceType( 8438): No known package when getting name for resource number 0xffffffff
W/ResourceType( 8438): No known package when getting name for resource number 0xffffffff
W/ResourceType( 8438): No known package when getting name for resource number 0xffffffff
W/ResourceType( 8438): No known package when getting name for resource number 0xffffffff
W/ResourceType( 8438): No known package when getting name for resource number 0xffffffff
W/ResourceType( 8438): No known package when getting name for resource number 0xffffffff
W/ResourceType( 8438): No known package when getting name for resource number 0xffffffff
W/ResourceType( 8438): No known package when getting name for resource number 0xffffffff
W/ResourceType( 8438): No known package when getting name for resource number 0xffffffff
W/ResourceType( 8438): No known package when getting name for resource number 0xffffffff
W/ResourceType( 8438): No known package when getting name for resource number 0xffffffff
W/ResourceType( 8438): No known package when getting name for resource number 0xffffffff
W/ResourceType( 8438): No known package when getting name for resource number 0xffffffff
W/ResourceType( 8438): No known package when getting name for resource number 0xffffffff
W/ResourceType( 8438): No known package when getting name for resource number 0xffffffff
W/ResourceType( 8438): No known package when getting name for resource number 0xffffffff
W/ResourceType( 8438): No known package when getting name for resource number 0xffffffff
W/ResourceType( 8438): No known package when getting name for resource number 0xffffffff
W/ResourceType( 8438): No known package when getting name for resource number 0xffffffff
W/ResourceType( 8438): No known package when getting name for resource number 0xffffffff
W/ResourceType( 8438): No known package when getting name for resource number 0xffffffff
W/ResourceType( 8438): No known package when getting name for resource number 0xffffffff
W/ResourceType( 8438): No known package when getting name for resource number 0xffffffff
W/ResourceType( 8438): No known package when getting name for resource number 0xffffffff
W/ResourceType( 8438): No known package when getting name for resource number 0xffffffff
W/ResourceType( 8438): No known package when getting name for resource number 0xffffffff
W/ResourceType( 8438): No known package when getting name for resource number 0xffffffff
W/ResourceType( 8438): No known package when getting name for resource number 0xffffffff
W/ResourceType( 8438): No known package when getting name for resource number 0xffffffff
W/ResourceType( 8438): No known package when getting name for resource number 0xffffffff
W/ResourceType( 8438): No known package when getting name for resource number 0xffffffff
W/ResourceType( 8438): No known package when getting name for resource number 0xffffffff
W/ResourceType( 8438): No known package when getting name for resource number 0xffffffff
W/ResourceType( 8438): No known package when getting name for resource number 0xffffffff
W/ResourceType( 8438): No known package when getting name for resource number 0xffffffff
W/ResourceType( 8438): No known package when getting name for resource number 0xffffffff
W/ResourceType( 8438): No known package when getting name for resource number 0xffffffff
W/ResourceType( 8438): No known package when getting name for resource number 0xffffffff
W/ResourceType( 8438): No known package when getting name for resource number 0xffffffff
W/ResourceType( 8438): No known package when getting name for resource number 0xffffffff
W/ResourceType( 8438): No known package when getting name for resource number 0xffffffff
W/ResourceType( 8438): No known package when getting name for resource number 0xffffffff
W/ResourceType( 8438): No known package when getting name for resource number 0xffffffff
W/ResourceType( 8438): No known package when getting name for resource number 0xffffffff
W/ResourceType( 8438): No known package when getting name for resource number 0xffffffff
W/ResourceType( 8438): No known package when getting name for resource number 0xffffffff
W/ResourceType( 8438): No known package when getting name for resource number 0xffffffff
W/ResourceType( 8438): No known package when getting name for resource number 0xffffffff
W/ResourceType( 8438): No known package when getting name for resource number 0xffffffff
W/ResourceType( 8438): No known package when getting name for resource number 0xffffffff
W/ResourceType( 8438): No known package when getting name for resource number 0xffffffff
W/ResourceType( 8438): No known package when getting name for resource number 0xffffffff
W/ResourceType( 8438): No known package when getting name for resource number 0xffffffff
W/ResourceType( 8438): No known package when getting name for resource number 0xffffffff
W/ResourceType( 8438): No known package when getting name for resource number 0xffffffff
W/ResourceType( 8438): No known package when getting name for resource number 0xffffffff
W/ResourceType( 8438): No known package when getting name for resource number 0xffffffff
W/ResourceType( 8438): No known package when getting name for resource number 0xffffffff
W/ResourceType( 8438): No known package when getting name for resource number 0xffffffff
W/ResourceType( 8438): No known package when getting name for resource number 0xffffffff
W/ResourceType( 8438): No known package when getting name for resource number 0xffffffff
W/ResourceType( 8438): No known package when getting name for resource number 0xffffffff
W/ResourceType( 8438): No known package when getting name for resource number 0xffffffff
W/ResourceType( 8438): No known package when getting name for resource number 0xffffffff
W/ResourceType( 8438): No known package when getting name for resource number 0xffffffff
W/ResourceType( 8438): No known package when getting name for resource number 0xffffffff
W/ResourceType( 8438): No known package when getting name for resource number 0xffffffff
W/ResourceType( 8438): No known package when getting name for resource number 0xffffffff
W/ResourceType( 8438): No known package when getting name for resource number 0xffffffff
W/ResourceType( 8438): No known package when getting name for resource number 0xffffffff
W/ResourceType( 8438): No known package when getting name for resource number 0xffffffff
W/ResourceType( 8438): No known package when getting name for resource number 0xffffffff
W/ResourceType( 8438): No known package when getting name for resource number 0xffffffff
D/audio_hw_primary(  357): disable_audio_route: reset and update mixer path: low-latency-playback speaker
D/audio_hw_primary(  357): disable_snd_device: snd_device(2: speaker)
I/System.out( 8438): URI: /map
I/System.out( 8438): params: {json={"query":"* marked:'educationCard'","operation":{"method_name":"query","arguments":[]}}
I/System.out( 8438): }
W/ResourceType( 8438): No known package when getting name for resource number 0xffffffff
W/ResourceType( 8438): No known package when getting name for resource number 0xffffffff
W/ResourceType( 8438): No known package when getting name for resource number 0xffffffff
W/ResourceType( 8438): No known package when getting name for resource number 0xffffffff
W/ResourceType( 8438): No known package when getting name for resource number 0xffffffff
W/ResourceType( 8438): No known package when getting name for resource number 0xffffffff
W/ResourceType( 8438): No known package when getting name for resource number 0xffffffff
W/ResourceType( 8438): No known package when getting name for resource number 0xffffffff
W/ResourceType( 8438): No known package when getting name for resource number 0xffffffff
W/ResourceType( 8438): No known package when getting name for resource number 0xffffffff
W/ResourceType( 8438): No known package when getting name for resource number 0xffffffff
W/ResourceType( 8438): No known package when getting name for resource number 0xffffffff
W/ResourceType( 8438): No known package when getting name for resource number 0xffffffff
W/ResourceType( 8438): No known package when getting name for resource number 0xffffffff
W/ResourceType( 8438): No known package when getting name for resource number 0xffffffff
W/ResourceType( 8438): No known package when getting name for resource number 0xffffffff
W/ResourceType( 8438): No known package when getting name for resource number 0xffffffff
W/ResourceType( 8438): No known package when getting name for resource number 0xffffffff
W/ResourceType( 8438): No known package when getting name for resource number 0xffffffff
W/ResourceType( 8438): No known package when getting name for resource number 0xffffffff
W/ResourceType( 8438): No known package when getting name for resource number 0xffffffff
W/ResourceType( 8438): No known package when getting name for resource number 0xffffffff
W/ResourceType( 8438): No known package when getting name for resource number 0xffffffff
W/ResourceType( 8438): No known package when getting name for resource number 0xffffffff
W/ResourceType( 8438): No known package when getting name for resource number 0xffffffff
W/ResourceType( 8438): No known package when getting name for resource number 0xffffffff
W/ResourceType( 8438): No known package when getting name for resource number 0xffffffff
W/ResourceType( 8438): No known package when getting name for resource number 0xffffffff
W/ResourceType( 8438): No known package when getting name for resource number 0xffffffff
W/ResourceType( 8438): No known package when getting name for resource number 0xffffffff
W/ResourceType( 8438): No known package when getting name for resource number 0xffffffff
W/ResourceType( 8438): No known package when getting name for resource number 0xffffffff
W/ResourceType( 8438): No known package when getting name for resource number 0xffffffff
W/ResourceType( 8438): No known package when getting name for resource number 0xffffffff
W/ResourceType( 8438): No known package when getting name for resource number 0xffffffff
I/ThermalEngine(  365): ACTION: GPU - Setting GPU[0] to 389000000
I/ThermalEngine(  365): Mitigation:GPU[0]:389000000 Hz
W/ResourceType( 8438): No known package when getting name for resource number 0xffffffff
I/ThermalEngine(  365): ACTION: CPU - Setting CPU[0] to 1728000
I/ThermalEngine(  365): ACTION: CPU - Setting CPU[1] to 1728000
I/ThermalEngine(  365): ACTION: CPU - Setting CPU[2] to 1728000
I/ThermalEngine(  365): ACTION: CPU - Setting CPU[3] to 1728000
W/ResourceType( 8438): No known package when getting name for resource number 0xffffffff
W/ResourceType( 8438): No known package when getting name for resource number 0xffffffff
W/ResourceType( 8438): No known package when getting name for resource number 0xffffffff
W/ResourceType( 8438): No known package when getting name for resource number 0xffffffff
W/ResourceType( 8438): No known package when getting name for resource number 0xffffffff
W/ResourceType( 8438): No known package when getting name for resource number 0xffffffff
W/ResourceType( 8438): No known package when getting name for resource number 0xffffffff
W/ResourceType( 8438): No known package when getting name for resource number 0xffffffff
W/ResourceType( 8438): No known package when getting name for resource number 0xffffffff
W/ResourceType( 8438): No known package when getting name for resource number 0xffffffff
W/ResourceType( 8438): No known package when getting name for resource number 0xffffffff
W/ResourceType( 8438): No known package when getting name for resource number 0xffffffff
W/ResourceType( 8438): No known package when getting name for resource number 0xffffffff
W/ResourceType( 8438): No known package when getting name for resource number 0xffffffff
W/ResourceType( 8438): No known package when getting name for resource number 0xffffffff
W/ResourceType( 8438): No known package when getting name for resource number 0xffffffff
W/ResourceType( 8438): No known package when getting name for resource number 0xffffffff
W/ResourceType( 8438): No known package when getting name for resource number 0xffffffff
W/ResourceType( 8438): No known package when getting name for resource number 0xffffffff
W/ResourceType( 8438): No known package when getting name for resource number 0xffffffff
W/ResourceType( 8438): No known package when getting name for resource number 0xffffffff
W/ResourceType( 8438): No known package when getting name for resource number 0xffffffff
W/ResourceType( 8438): No known package when getting name for resource number 0xffffffff
W/ResourceType( 8438): No known package when getting name for resource number 0xffffffff
W/ResourceType( 8438): No known package when getting name for resource number 0xffffffff
W/ResourceType( 8438): No known package when getting name for resource number 0xffffffff
W/ResourceType( 8438): No known package when getting name for resource number 0xffffffff
W/ResourceType( 8438): No known package when getting name for resource number 0xffffffff
W/ResourceType( 8438): No known package when getting name for resource number 0xffffffff
W/ResourceType( 8438): No known package when getting name for resource number 0xffffffff
W/ResourceType( 8438): No known package when getting name for resource number 0xffffffff
W/ResourceType( 8438): No known package when getting name for resource number 0xffffffff
W/ResourceType( 8438): No known package when getting name for resource number 0xffffffff
W/ResourceType( 8438): No known package when getting name for resource number 0xffffffff
W/ResourceType( 8438): No known package when getting name for resource number 0xffffffff
W/ResourceType( 8438): No known package when getting name for resource number 0xffffffff
W/ResourceType( 8438): No known package when getting name for resource number 0xffffffff
W/ResourceType( 8438): No known package when getting name for resource number 0xffffffff
W/ResourceType( 8438): No known package when getting name for resource number 0xffffffff
W/ResourceType( 8438): No known package when getting name for resource number 0xffffffff
I/ThermalEngine(  365): ACTION: GPU - Setting GPU[0] to 500000000
I/ThermalEngine(  365): Mitigation:GPU[0]:500000000 Hz
I/ThermalEngine(  365): ACTION: CPU - Setting CPU[0] to 1958400
I/ThermalEngine(  365): ACTION: CPU - Setting CPU[1] to 1958400
I/ThermalEngine(  365): ACTION: CPU - Setting CPU[2] to 1958400
I/ThermalEngine(  365): ACTION: CPU - Setting CPU[3] to 1958400
I/art     ( 8438): Explicit concurrent mark sweep GC freed 151337(6MB) AllocSpace objects, 8(128KB) LOS objects, 26% free, 44MB/60MB, paused 1.590ms total 48.064ms
I/art     ( 8438): Explicit concurrent mark sweep GC freed 193(8KB) AllocSpace objects, 0(0B) LOS objects, 26% free, 44MB/60MB, paused 1.940ms total 35.487ms
I/art     ( 8438): Explicit concurrent mark sweep GC freed 10(592B) AllocSpace objects, 0(0B) LOS objects, 26% free, 44MB/60MB, paused 1.493ms total 30.916ms
I/art     ( 8438): Explicit concurrent mark sweep GC freed 10(592B) AllocSpace objects, 0(0B) LOS objects, 26% free, 44MB/60MB, paused 1.045ms total 32.138ms
I/art     ( 8438): Explicit concurrent mark sweep GC freed 10(592B) AllocSpace objects, 0(0B) LOS objects, 26% free, 44MB/60MB, paused 1.436ms total 33.032ms
I/ThermalEngine(  365): ACTION: GPU - Setting GPU[0] to 600000000
I/ThermalEngine(  365): Mitigation:GPU[0]:600000000 Hz
I/ThermalEngine(  365): ACTION: CPU - Setting CPU[0] to 2265600
I/ThermalEngine(  365): ACTION: CPU - Setting CPU[1] to 2265600
I/ThermalEngine(  365): ACTION: CPU - Setting CPU[2] to 2265600
I/ThermalEngine(  365): ACTION: CPU - Setting CPU[3] to 2265600

]]><xtc-duration value="110.1159813"/></xtc-step><!-- name: "undefined", id: "undefined" --><![CDATA[
I/art     ( 8438): Explicit concurrent mark sweep GC freed 1947(121KB) AllocSpace objects, 1(16KB) LOS objects, 26% free, 44MB/60MB, paused 1.231ms total 27.419ms
I/art     ( 8438): Explicit concurrent mark sweep GC freed 30(1320B) AllocSpace objects, 0(0B) LOS objects, 26% free, 44MB/60MB, paused 1.113ms total 29.240ms
I/art     ( 8438): Explicit concurrent mark sweep GC freed 10(592B) AllocSpace objects, 0(0B) LOS objects, 26% free, 44MB/60MB, paused 1.242ms total 30.123ms
I/art     ( 8438): Explicit concurrent mark sweep GC freed 10(592B) AllocSpace objects, 0(0B) LOS objects, 26% free, 44MB/60MB, paused 711us total 27.678ms
I/art     ( 8438): Explicit concurrent mark sweep GC freed 10(592B) AllocSpace objects, 0(0B) LOS objects, 26% free, 44MB/60MB, paused 1.289ms total 27.122ms
I/ThermalEngine(  365): ACTION: CPU - Setting CPU[0] to 2457600
I/ThermalEngine(  365): ACTION: CPU - Setting CPU[1] to 2457600
I/ThermalEngine(  365): ACTION: CPU - Setting CPU[2] to 2457600
I/ThermalEngine(  365): ACTION: CPU - Setting CPU[3] to 2457600

]]><xtc-step name="[0-1046]CareerBuilder_Search.DroidFeatureTests.JDPTests.EducationCardShouldBeVisible-0-NA-FinalScreenShot" id="[0-1046]CareerBuilder_Search.DroidFeatureTests.JDPTests.EducationCardShouldBeVisible-0-NA-FinalScreenShot"><![CDATA[

]]><xtc-duration value="1.1827937"/></xtc-step><!-- name: "undefined", id: "undefined" --><![CDATA[
I/ThermalEngine(  365): ACTION: CPU - Setting CPU[0] to 2496000
I/ThermalEngine(  365): ACTION: CPU - Setting CPU[1] to 2496000
I/ThermalEngine(  365): ACTION: CPU - Setting CPU[2] to 2496000
I/ThermalEngine(  365): ACTION: CPU - Setting CPU[3] to 2496000

]]><xtc-duration value="118.63061669999999" skip="false"/></xtc-scenario><!-- name: "undefined", id: "undefined" --><![CDATA[
E/WifiStateMachine(  817): WifiStateMachine CMD_START_SCAN source -2 txSuccessRate=0.85 rxSuccessRate=0.52 targetRoamBSSID=any RSSI=-49
E/WifiStateMachine(  817): WifiStateMachine starting scan for "xtc-ag"WPA_PSK with 5240,2437,5180
I/art     ( 8438): Explicit concurrent mark sweep GC freed 1935(121KB) AllocSpace objects, 1(16KB) LOS objects, 26% free, 44MB/60MB, paused 2.280ms total 32.591ms
I/art     ( 8438): Explicit concurrent mark sweep GC freed 27(1208B) AllocSpace objects, 0(0B) LOS objects, 26% free, 44MB/60MB, paused 2.142ms total 29.047ms
I/art     ( 8438): Explicit concurrent mark sweep GC freed 10(592B) AllocSpace objects, 0(0B) LOS objects, 26% free, 44MB/60MB, paused 1.070ms total 33.639ms
I/art     ( 8438): Explicit concurrent mark sweep GC freed 10(592B) AllocSpace objects, 0(0B) LOS objects, 26% free, 44MB/60MB, paused 1.224ms total 28.475ms
I/art     ( 8438): Explicit concurrent mark sweep GC freed 10(592B) AllocSpace objects, 0(0B) LOS objects, 26% free, 44MB/60MB, paused 1.510ms total 28.338ms
I/ThermalEngine(  365): ACTION: CPU - Setting CPU[0] to 2572800
I/ThermalEngine(  365): ACTION: CPU - Setting CPU[1] to 2572800
I/ThermalEngine(  365): ACTION: CPU - Setting CPU[2] to 2572800
I/ThermalEngine(  365): ACTION: CPU - Setting CPU[3] to 2572800
I/ThermalEngine(  365): ACTION: CPU - Setting CPU[0] to 2649600
I/ThermalEngine(  365): ACTION: CPU - Setting CPU[1] to 2649600
I/ThermalEngine(  365): ACTION: CPU - Setting CPU[2] to 2649600
I/ThermalEngine(  365): ACTION: CPU - Setting CPU[3] to 2649600
D/Mono    ( 8438): [0x9cb91c00] worker finishing
I/art     ( 8438): Explicit concurrent mark sweep GC freed 1948(122KB) AllocSpace objects, 1(16KB) LOS objects, 26% free, 44MB/60MB, paused 1.199ms total 54.968ms
I/art     ( 8438): Explicit concurrent mark sweep GC freed 27(1208B) AllocSpace objects, 0(0B) LOS objects, 26% free, 44MB/60MB, paused 1.075ms total 26.289ms
I/art     ( 8438): Explicit concurrent mark sweep GC freed 10(592B) AllocSpace objects, 0(0B) LOS objects, 26% free, 44MB/60MB, paused 1.361ms total 27.862ms
I/art     ( 8438): Explicit concurrent mark sweep GC freed 3(96B) AllocSpace objects, 0(0B) LOS objects, 26% free, 44MB/60MB, paused 1.074ms total 28.358ms
I/art     ( 8438): Explicit concurrent mark sweep GC freed 10(592B) AllocSpace objects, 0(0B) LOS objects, 26% free, 44MB/60MB, paused 1.385ms total 29.188ms
D/Mono    ( 8438): [0x97b4f380] worker finishing
I/art     ( 8438): Explicit concurrent mark sweep GC freed 1953(122KB) AllocSpace objects, 1(16KB) LOS objects, 26% free, 44MB/60MB, paused 1.588ms total 44.503ms
I/art     ( 8438): Explicit concurrent mark sweep GC freed 27(1208B) AllocSpace objects, 0(0B) LOS objects, 26% free, 44MB/60MB, paused 1.444ms total 28.334ms
I/art     ( 8438): Explicit concurrent mark sweep GC freed 10(592B) AllocSpace objects, 0(0B) LOS objects, 26% free, 44MB/60MB, paused 1.782ms total 27.606ms
I/art     ( 8438): Explicit concurrent mark sweep GC freed 10(592B) AllocSpace objects, 0(0B) LOS objects, 26% free, 44MB/60MB, paused 1.157ms total 27.115ms
I/art     ( 8438): Explicit concurrent mark sweep GC freed 10(592B) AllocSpace objects, 0(0B) LOS objects, 26% free, 44MB/60MB, paused 1.815ms total 27.608ms
