D/Mono    ( 8262): Config attempting to parse: '/Users/builder/data/lanes/4009/3a62f1ea/source/monodroid/builds/install/mono-armv6/etc/mono/assemblies/System.Linq/System.Linq.config'.
D/Mono    ( 8262): Assembly Ref addref System.Reactive.Linq[0xb4b72220] -> System.Linq[0xb4b72940]: 4
D/Mono    ( 8262): Assembly Ref addref System.Runtime[0xb4b72580] -> System.Core[0xb4b72ac0]: 12
D/Mono    ( 8262): Unloading image System.Threading.dll [0xaec75e00].
D/Mono    ( 8262): Image addref System.Threading[0xaec28e20] -> System.Threading.dll[0xb4b78800]: 8
D/Mono    ( 8262): Config attempting to parse: 'System.Threading.dll.config'.
D/Mono    ( 8262): Config attempting to parse: '/Users/builder/data/lanes/4009/3a62f1ea/source/monodroid/builds/install/mono-armv6/etc/mono/assemblies/System.Threading/System.Threading.config'.
D/Mono    ( 8262): Assembly Ref addref System.Reactive.Linq[0xb4b72220] -> System.Threading[0xb4b726a0]: 6
I/AppsFlyer_3.01-708666349( 8262): response code: 200
I/AppsFlyer_3.01-708666440( 8262): response code: 200
D/Mono    ( 8262): Assembly Ref addref Akavache[0xb4ae86a0] -> System.Reactive.PlatformServices[0xb4b72280]: 2
D/Mono    ( 8262): Unloading image System.Globalization.dll [0xaec75e00].
D/Mono    ( 8262): Image addref System.Globalization[0xaec28e20] -> System.Globalization.dll[0x9bf00a00]: 5
D/Mono    ( 8262): Config attempting to parse: 'System.Globalization.dll.config'.
D/Mono    ( 8262): Config attempting to parse: '/Users/builder/data/lanes/4009/3a62f1ea/source/monodroid/builds/install/mono-armv6/etc/mono/assemblies/System.Globalization/System.Globalization.config'.
D/Mono    ( 8262): Assembly Ref addref System.Reactive.Linq[0xb4b72220] -> System.Globalization[0x9bc97b20]: 3
D/Mono    ( 8262): Unloading image System.Runtime.Extensions.dll [0xaec75e00].
D/Mono    ( 8262): Image addref System.Runtime.Extensions[0xaec28e20] -> System.Runtime.Extensions.dll[0x9bf00f00]: 6
D/Mono    ( 8262): Config attempting to parse: 'System.Runtime.Extensions.dll.config'.
D/Mono    ( 8262): Config attempting to parse: '/Users/builder/data/lanes/4009/3a62f1ea/source/monodroid/builds/install/mono-armv6/etc/mono/assemblies/System.Runtime.Extensions/System.Runtime.Extensions.config'.
D/Mono    ( 8262): Assembly Ref addref System.Reactive.Core[0xb4b72160] -> System.Runtime.Extensions[0x9bc97fa0]: 4
D/Mono    ( 8262): Assembly Ref addref System.Runtime.Extensions[0x9bc97fa0] -> System[0xb4b72760]: 9
D/Mono    ( 8262): Unloading image System.Globalization.dll [0xaec75e00].
D/Mono    ( 8262): Image addref System.Globalization[0xaec28e20] -> System.Globalization.dll[0x9bf00a00]: 6
D/Mono    ( 8262): Config attempting to parse: 'System.Globalization.dll.config'.
D/Mono    ( 8262): Config attempting to parse: '/Users/builder/data/lanes/4009/3a62f1ea/source/monodroid/builds/install/mono-armv6/etc/mono/assemblies/System.Globalization/System.Globalization.config'.
D/Mono    ( 8262): Assembly Ref addref System.Reactive.Core[0xb4b72160] -> System.Globalization[0x9bc97b20]: 4
D/Mono    ( 8262): Unloading image System.Threading.Tasks.dll [0xaec75e00].
D/Mono    ( 8262): Image addref System.Threading.Tasks[0xaec28e20] -> System.Threading.Tasks.dll[0x9a142b00]: 7
D/Mono    ( 8262): Config attempting to parse: 'System.Threading.Tasks.dll.config'.
D/Mono    ( 8262): Config attempting to parse: '/Users/builder/data/lanes/4009/3a62f1ea/source/monodroid/builds/install/mono-armv6/etc/mono/assemblies/System.Threading.Tasks/System.Threading.Tasks.config'.
D/Mono    ( 8262): Assembly Ref addref System.Reactive.Core[0xb4b72160] -> System.Threading.Tasks[0x9a19f400]: 5
D/Mono    ( 8262): [0x97dca700] worker starting
D/Mono    ( 8262): [0xaec56180] worker starting
I/System.out( 8262): URI: /map
I/System.out( 8262): params: {json={"query":"* id:'agreeAndContinueButton'","operation":{"method_name":"query","arguments":[]}}
I/System.out( 8262): }
D/Mono    ( 8262): Unloading image System.Collections.dll [0xaec75e00].
D/Mono    ( 8262): Image addref System.Collections[0xaec28e80] -> System.Collections.dll[0xb4b79c00]: 8
D/Mono    ( 8262): Config attempting to parse: 'System.Collections.dll.config'.
D/Mono    ( 8262): Config attempting to parse: '/Users/builder/data/lanes/4009/3a62f1ea/source/monodroid/builds/install/mono-armv6/etc/mono/assemblies/System.Collections/System.Collections.config'.
D/Mono    ( 8262): Assembly Ref addref Akavache.Sqlite3[0xb4ae8700] -> System.Collections[0xb4b72820]: 6
D/Mono    ( 8262): Unloading image SQLitePCL.raw.dll [0xaec75e00].
D/Mono    ( 8262): Image addref SQLitePCL.raw[0xaec28e80] -> SQLitePCL.raw.dll[0xb4b75b00]: 5
D/Mono    ( 8262): Config attempting to parse: 'SQLitePCL.raw.dll.config'.
D/Mono    ( 8262): Config attempting to parse: '/Users/builder/data/lanes/4009/3a62f1ea/source/monodroid/builds/install/mono-armv6/etc/mono/assemblies/SQLitePCL.raw/SQLitePCL.raw.config'.
D/Mono    ( 8262): Assembly Ref addref Akavache.Sqlite3[0xb4ae8700] -> SQLitePCL.raw[0xb4b72400]: 2
D/Mono    ( 8262): Assembly Ref addref SQLitePCL.raw[0xb4b72400] -> mscorlib[0xb4ae8520]: 42
D/Mono    ( 8262): Assembly Ref addref Splat[0xb4ae8760] -> System[0xb4b72760]: 10
D/Mono    ( 8262): DllImport attempting to load: '/system/lib/libsqlite.so'.
D/Mono    ( 8262): DllImport loaded library '/system/lib/libsqlite.so'.
D/Mono    ( 8262): DllImport searching in: '/system/lib/libsqlite.so' ('/system/lib/libsqlite.so').
D/Mono    ( 8262): Searching for 'sqlite3_open_v2'.
D/Mono    ( 8262): Probing 'sqlite3_open_v2'.
D/Mono    ( 8262): Found as 'sqlite3_open_v2'.
D/Mono    ( 8262): DllImport searching in: '/system/lib/libsqlite.so' ('/system/lib/libsqlite.so').
D/Mono    ( 8262): Searching for 'sqlite3_busy_timeout'.
D/Mono    ( 8262): Probing 'sqlite3_busy_timeout'.
D/Mono    ( 8262): Found as 'sqlite3_busy_timeout'.
D/Mono    ( 8262): Unloading image System.Threading.Tasks.dll [0xaec7a900].
D/Mono    ( 8262): Image addref System.Threading.Tasks[0xaed9dac0] -> System.Threading.Tasks.dll[0x9a142b00]: 8
D/Mono    ( 8262): Config attempting to parse: 'System.Threading.Tasks.dll.config'.
D/Mono    ( 8262): Config attempting to parse: '/Users/builder/data/lanes/4009/3a62f1ea/source/monodroid/builds/install/mono-armv6/etc/mono/assemblies/System.Threading.Tasks/System.Threading.Tasks.config'.
D/Mono    ( 8262): Assembly Ref addref Akavache.Sqlite3[0xb4ae8700] -> System.Threading.Tasks[0x9a19f400]: 6
D/Mono    ( 8262): Unloading image System.Linq.dll [0xaec7a900].
D/Mono    ( 8262): Image addref System.Linq[0xaed9dac0] -> System.Linq.dll[0xb4b7bf00]: 7
D/Mono    ( 8262): Config attempting to parse: 'System.Linq.dll.config'.
D/Mono    ( 8262): Config attempting to parse: '/Users/builder/data/lanes/4009/3a62f1ea/source/monodroid/builds/install/mono-armv6/etc/mono/assemblies/System.Linq/System.Linq.config'.
D/Mono    ( 8262): Assembly Ref addref Akavache.Sqlite3[0xb4ae8700] -> System.Linq[0xb4b72940]: 5
D/Mono    ( 8262): DllImport searching in: '/system/lib/libsqlite.so' ('/system/lib/libsqlite.so').
D/Mono    ( 8262): Searching for 'sqlite3_prepare_v2'.
D/Mono    ( 8262): Probing 'sqlite3_prepare_v2'.
D/Mono    ( 8262): Found as 'sqlite3_prepare_v2'.
D/Mono    ( 8262): DllImport searching in: '/system/lib/libsqlite.so' ('/system/lib/libsqlite.so').
D/Mono    ( 8262): Searching for 'sqlite3_step'.
D/Mono    ( 8262): Probing 'sqlite3_step'.
D/Mono    ( 8262): Found as 'sqlite3_step'.
D/Mono    ( 8262): DllImport searching in: '/system/lib/libsqlite.so' ('/system/lib/libsqlite.so').
D/Mono    ( 8262): Searching for 'sqlite3_column_type'.
D/Mono    ( 8262): Probing 'sqlite3_column_type'.
D/Mono    ( 8262): Found as 'sqlite3_column_type'.
D/Mono    ( 8262): Unloading image System.Reflection.dll [0xaec75e00].
D/Mono    ( 8262): Image addref System.Reflection[0xaed9dac0] -> System.Reflection.dll[0xb4b78300]: 8
D/Mono    ( 8262): Config attempting to parse: 'System.Reflection.dll.config'.
D/Mono    ( 8262): Config attempting to parse: '/Users/builder/data/lanes/4009/3a62f1ea/source/monodroid/builds/install/mono-armv6/etc/mono/assemblies/System.Reflection/System.Reflection.config'.
D/Mono    ( 8262): Assembly Ref addref Akavache.Sqlite3[0xb4ae8700] -> System.Reflection[0xb4b72640]: 6
D/Mono    ( 8262): DllImport searching in: '/system/lib/libsqlite.so' ('/system/lib/libsqlite.so').
D/Mono    ( 8262): Searching for 'sqlite3_column_int'.
D/Mono    ( 8262): Probing 'sqlite3_column_int'.
D/Mono    ( 8262): Found as 'sqlite3_column_int'.
D/Mono    ( 8262): DllImport searching in: '/system/lib/libsqlite.so' ('/system/lib/libsqlite.so').
D/Mono    ( 8262): Searching for 'sqlite3_finalize'.
D/Mono    ( 8262): Probing 'sqlite3_finalize'.
D/Mono    ( 8262): Found as 'sqlite3_finalize'.
D/Mono    ( 8262): DllImport searching in: '/system/lib/libsqlite.so' ('/system/lib/libsqlite.so').
D/Mono    ( 8262): Searching for 'sqlite3_changes'.
D/Mono    ( 8262): Probing 'sqlite3_changes'.
D/Mono    ( 8262): Found as 'sqlite3_changes'.
D/Mono    ( 8262): Assembly Ref addref Akavache.Sqlite3[0xb4ae8700] -> System.Reflection.Extensions[0xb4b72be0]: 4
D/Mono    ( 8262): DllImport searching in: '/system/lib/libsqlite.so' ('/system/lib/libsqlite.so').
D/Mono    ( 8262): Searching for 'sqlite3_column_count'.
D/Mono    ( 8262): Probing 'sqlite3_column_count'.
D/Mono    ( 8262): Found as 'sqlite3_column_count'.
D/Mono    ( 8262): DllImport searching in: '/system/lib/libsqlite.so' ('/system/lib/libsqlite.so').
D/Mono    ( 8262): Searching for 'sqlite3_column_name'.
D/Mono    ( 8262): Probing 'sqlite3_column_name'.
D/Mono    ( 8262): Found as 'sqlite3_column_name'.
D/Mono    ( 8262): DllImport searching in: '/system/lib/libsqlite.so' ('/system/lib/libsqlite.so').
D/Mono    ( 8262): Searching for 'sqlite3_column_text'.
D/Mono    ( 8262): Probing 'sqlite3_column_text'.
D/Mono    ( 8262): Found as 'sqlite3_column_text'.
E/SQLiteLog( 8262): (1) no such table: SchemaInfo
D/Mono    ( 8262): DllImport searching in: '/system/lib/libsqlite.so' ('/system/lib/libsqlite.so').
D/Mono    ( 8262): Searching for 'sqlite3_errmsg'.
D/Mono    ( 8262): Probing 'sqlite3_errmsg'.
D/Mono    ( 8262): Found as 'sqlite3_errmsg'.
D/Mono    ( 8262): DllImport searching in: '/system/lib/libsqlite.so' ('/system/lib/libsqlite.so').
D/Mono    ( 8262): Searching for 'sqlite3_bind_int'.
D/Mono    ( 8262): Probing 'sqlite3_bind_int'.
D/Mono    ( 8262): Found as 'sqlite3_bind_int'.
D/Mono    ( 8262): DllImport searching in: '/system/lib/libsqlite.so' ('/system/lib/libsqlite.so').
D/Mono    ( 8262): Searching for 'sqlite3_reset'.
D/Mono    ( 8262): Probing 'sqlite3_reset'.
D/Mono    ( 8262): Found as 'sqlite3_reset'.
D/Mono    ( 8262): Unloading image System.Threading.dll [0xaec7c700].
D/Mono    ( 8262): Image addref System.Threading[0xaed9dca0] -> System.Threading.dll[0xb4b78800]: 9
D/Mono    ( 8262): Config attempting to parse: 'System.Threading.dll.config'.
D/Mono    ( 8262): Config attempting to parse: '/Users/builder/data/lanes/4009/3a62f1ea/source/monodroid/builds/install/mono-armv6/etc/mono/assemblies/System.Threading/System.Threading.config'.
D/Mono    ( 8262): Assembly Ref addref Akavache.Sqlite3[0xb4ae8700] -> System.Threading[0xb4b726a0]: 7
D/Mono    ( 8262): DllImport searching in: '/system/lib/libsqlite.so' ('/system/lib/libsqlite.so').
D/Mono    ( 8262): Searching for 'sqlite3_bind_text'.
D/Mono    ( 8262): Probing 'sqlite3_bind_text'.
D/Mono    ( 8262): Found as 'sqlite3_bind_text'.
D/Mono    ( 8262): Unloading image Newtonsoft.Json.dll [0x9a29f900].
D/Mono    ( 8262): Image addref Newtonsoft.Json[0x97dd6700] -> Newtonsoft.Json.dll[0xb4849d00]: 5
D/Mono    ( 8262): Config attempting to parse: 'Newtonsoft.Json.dll.config'.
D/Mono    ( 8262): Config attempting to parse: '/Users/builder/data/lanes/4009/3a62f1ea/source/monodroid/builds/install/mono-armv6/etc/mono/assemblies/Newtonsoft.Json/Newtonsoft.Json.config'.
D/Mono    ( 8262): Assembly Ref addref Akavache.Sqlite3[0xb4ae8700] -> Newtonsoft.Json[0xb4b720a0]: 3
D/Mono    ( 8262): Image addref System.IO[0x97dd6700] -> System.IO.dll[0x9a29f900]: 2
D/Mono    ( 8262): Prepared to set up assembly 'System.IO' (System.IO.dll)
D/Mono    ( 8262): Assembly System.IO[0x97dd6700] added to domain RootDomain, ref_count=1
D/Mono    ( 8262): AOT module 'System.IO.dll.so' not found: dlopen failed: library "/data/app/com.careerbuilder.SugarDrone-1/lib/arm/libaot-System.IO.dll.so" not found
D/Mono    ( 8262): AOT module '/Users/builder/data/lanes/4009/3a62f1ea/source/monodroid/builds/install/mono-armv6/lib/mono/aot-cache/arm/System.IO.dll.so' not found: dlopen failed: library "/data/app/com.careerbuilder.SugarDrone-1/lib/arm/libaot-System.IO.dll.so" not found
D/Mono    ( 8262): Config attempting to parse: 'System.IO.dll.config'.
D/Mono    ( 8262): Config attempting to parse: '/Users/builder/data/lanes/4009/3a62f1ea/source/monodroid/builds/install/mono-armv6/etc/mono/assemblies/System.IO/System.IO.config'.
D/Mono    ( 8262): Assembly Ref addref Akavache.Sqlite3[0xb4ae8700] -> System.IO[0x97dd6700]: 2
D/Mono    ( 8262): Assembly Ref addref System.IO[0x97dd6700] -> mscorlib[0xb4ae8520]: 43
D/Mono    ( 8262): Image addref System.Runtime.Serialization.Primitives[0x97dd66a0] -> System.Runtime.Serialization.Primitives.dll[0x9a29f400]: 2
D/Mono    ( 8262): Prepared to set up assembly 'System.Runtime.Serialization.Primitives' (System.Runtime.Serialization.Primitives.dll)
D/Mono    ( 8262): Assembly System.Runtime.Serialization.Primitives[0x97dd66a0] added to domain RootDomain, ref_count=1
D/Mono    ( 8262): AOT module 'System.Runtime.Serialization.Primitives.dll.so' not found: dlopen failed: library "/data/app/com.careerbuilder.SugarDrone-1/lib/arm/libaot-System.Runtime.Serialization.Primitives.dll.so" not found
D/Mono    ( 8262): AOT module '/Users/builder/data/lanes/4009/3a62f1ea/source/monodroid/builds/install/mono-armv6/lib/mono/aot-cache/arm/System.Runtime.Serialization.Primitives.dll.so' not found: dlopen failed: library "/data/app/com.careerbuilder.SugarDrone-1/lib/arm/libaot-System.Runtime.Serialization.Primitives.dll.so" not found
D/Mono    ( 8262): Config attempting to parse: 'System.Runtime.Serialization.Primitives.dll.config'.
D/Mono    ( 8262): Config attempting to parse: '/Users/builder/data/lanes/4009/3a62f1ea/source/monodroid/builds/install/mono-armv6/etc/mono/assemblies/System.Runtime.Serialization.Primitives/System.Runtime.Serialization.Primitives.config'.
D/Mono    ( 8262): Assembly Ref addref Newtonsoft.Json[0xb4b720a0] -> System.Runtime.Serialization.Primitives[0x97dd66a0]: 2
D/Mono    ( 8262): Assembly Ref addref System.Runtime.Serialization.Primitives[0x97dd66a0] -> mscorlib[0xb4ae8520]: 44
D/Mono    ( 8262): Unloading image System.Globalization.dll [0xb4b81e00].
D/Mono    ( 8262): Image addref System.Globalization[0x9a19f340] -> System.Globalization.dll[0x9bf00a00]: 7
D/Mono    ( 8262): Config attempting to parse: 'System.Globalization.dll.config'.
D/Mono    ( 8262): Config attempting to parse: '/Users/builder/data/lanes/4009/3a62f1ea/source/monodroid/builds/install/mono-armv6/etc/mono/assemblies/System.Globalization/System.Globalization.config'.
D/Mono    ( 8262): Assembly Ref addref Newtonsoft.Json[0xb4b720a0] -> System.Globalization[0x9bc97b20]: 5
D/Mono    ( 8262): Unloading image System.Collections.dll [0xb4b81e00].
D/Mono    ( 8262): Image addref System.Collections[0x9a19f340] -> System.Collections.dll[0xb4b79c00]: 9
D/Mono    ( 8262): Config attempting to parse: 'System.Collections.dll.config'.
D/Mono    ( 8262): Config attempting to parse: '/Users/builder/data/lanes/4009/3a62f1ea/source/monodroid/builds/install/mono-armv6/etc/mono/assemblies/System.Collections/System.Collections.config'.
D/Mono    ( 8262): Assembly Ref addref Newtonsoft.Json[0xb4b720a0] -> System.Collections[0xb4b72820]: 7
D/Mono    ( 8262): Unloading image System.IO.dll [0xb4b81e00].
D/Mono    ( 8262): Image addref System.IO[0x9a19f340] -> System.IO.dll[0x9a29f900]: 5
D/Mono    ( 8262): Config attempting to parse: 'System.IO.dll.config'.
D/Mono    ( 8262): Config attempting to parse: '/Users/builder/data/lanes/4009/3a62f1ea/source/monodroid/builds/install/mono-armv6/etc/mono/assemblies/System.IO/System.IO.config'.
D/Mono    ( 8262): Assembly Ref addref Newtonsoft.Json[0xb4b720a0] -> System.IO[0x97dd6700]: 3
D/Mono    ( 8262): Unloading image System.Runtime.Extensions.dll [0xb4b81e00].
D/Mono    ( 8262): Image addref System.Runtime.Extensions[0x9a19f340] -> System.Runtime.Extensions.dll[0x9bf00f00]: 7
D/Mono    ( 8262): Config attempting to parse: 'System.Runtime.Extensions.dll.config'.
D/Mono    ( 8262): Config attempting to parse: '/Users/builder/data/lanes/4009/3a62f1ea/source/monodroid/builds/install/mono-armv6/etc/mono/assemblies/System.Runtime.Extensions/System.Runtime.Extensions.config'.
D/Mono    ( 8262): Assembly Ref addref Newtonsoft.Json[0xb4b720a0] -> System.Runtime.Extensions[0x9bc97fa0]: 5
D/Mono    ( 8262): Image addref System.Text.Encoding[0x9a19f340] -> System.Text.Encoding.dll[0xb4b81e00]: 2
D/Mono    ( 8262): Prepared to set up assembly 'System.Text.Encoding' (System.Text.Encoding.dll)
D/Mono    ( 8262): Assembly System.Text.Encoding[0x9a19f340] added to domain RootDomain, ref_count=1
D/Mono    ( 8262): AOT module 'System.Text.Encoding.dll.so' not found: dlopen failed: library "/data/app/com.careerbuilder.SugarDrone-1/lib/arm/libaot-System.Text.Encoding.dll.so" not found
D/Mono    ( 8262): AOT module '/Users/builder/data/lanes/4009/3a62f1ea/source/monodroid/builds/install/mono-armv6/lib/mono/aot-cache/arm/System.Text.Encoding.dll.so' not found: dlopen failed: library "/data/app/com.careerbuilder.SugarDrone-1/lib/arm/libaot-System.Text.Encoding.dll.so" not found
D/Mono    ( 8262): Config attempting to parse: 'System.Text.Encoding.dll.config'.
D/Mono    ( 8262): Config attempting to parse: '/Users/builder/data/lanes/4009/3a62f1ea/source/monodroid/builds/install/mono-armv6/etc/mono/assemblies/System.Text.Encoding/System.Text.Encoding.config'.
D/Mono    ( 8262): Assembly Ref addref Newtonsoft.Json[0xb4b720a0] -> System.Text.Encoding[0x9a19f340]: 2
D/Mono    ( 8262): Assembly Ref addref System.Text.Encoding[0x9a19f340] -> mscorlib[0xb4ae8520]: 45
D/Mono    ( 8262): Unloading image System.Linq.dll [0xb4b82300].
D/Mono    ( 8262): Image addref System.Linq[0x9bc974c0] -> System.Linq.dll[0xb4b7bf00]: 8
D/Mono    ( 8262): Config attempting to parse: 'System.Linq.dll.config'.
D/Mono    ( 8262): Config attempting to parse: '/Users/builder/data/lanes/4009/3a62f1ea/source/monodroid/builds/install/mono-armv6/etc/mono/assemblies/System.Linq/System.Linq.config'.
D/Mono    ( 8262): Assembly Ref addref Newtonsoft.Json[0xb4b720a0] -> System.Linq[0xb4b72940]: 6
D/Mono    ( 8262): Unloading image System.Reflection.dll [0xb4b82300].
D/Mono    ( 8262): Image addref System.Reflection[0x97dd6a00] -> System.Reflection.dll[0xb4b78300]: 9
D/Mono    ( 8262): Config attempting to parse: 'System.Reflection.dll.config'.
D/Mono    ( 8262): Config attempting to parse: '/Users/builder/data/lanes/4009/3a62f1ea/source/monodroid/builds/install/mono-armv6/etc/mono/assemblies/System.Reflection/System.Reflection.config'.
D/Mono    ( 8262): Assembly Ref addref Newtonsoft.Json[0xb4b720a0] -> System.Reflection[0xb4b72640]: 7
D/Mono    ( 8262): Image addref System.Runtime.Serialization[0x97dd6a00] -> System.Runtime.Serialization.dll[0xb4b82300]: 2
D/Mono    ( 8262): Prepared to set up assembly 'System.Runtime.Serialization' (System.Runtime.Serialization.dll)
D/Mono    ( 8262): Assembly System.Runtime.Serialization[0x97dd6a00] added to domain RootDomain, ref_count=1
D/Mono    ( 8262): AOT module 'System.Runtime.Serialization.dll.so' not found: dlopen failed: library "/data/app/com.careerbuilder.SugarDrone-1/lib/arm/libaot-System.Runtime.Serialization.dll.so" not found
D/Mono    ( 8262): AOT module '/Users/builder/data/lanes/4009/3a62f1ea/source/monodroid/builds/install/mono-armv6/lib/mono/aot-cache/arm/System.Runtime.Serialization.dll.so' not found: dlopen failed: library "/data/app/com.careerbuilder.SugarDrone-1/lib/arm/libaot-System.Runtime.Serialization.dll.so" not found
D/Mono    ( 8262): Config attempting to parse: 'System.Runtime.Serialization.dll.config'.
D/Mono    ( 8262): Config attempting to parse: '/Users/builder/data/lanes/4009/3a62f1ea/source/monodroid/builds/install/mono-armv6/etc/mono/assemblies/System.Runtime.Serialization/System.Runtime.Serialization.config'.
D/Mono    ( 8262): Assembly Ref addref System.Runtime.Serialization.Primitives[0x97dd66a0] -> System.Runtime.Serialization[0x97dd6a00]: 2
D/Mono    ( 8262): Assembly Ref addref System.Runtime.Serialization[0x97dd6a00] -> mscorlib[0xb4ae8520]: 46
D/Mono    ( 8262): Image addref System.Text.Encoding.Extensions[0x9bc974c0] -> System.Text.Encoding.Extensions.dll[0x9a29fe00]: 2
D/Mono    ( 8262): Prepared to set up assembly 'System.Text.Encoding.Extensions' (System.Text.Encoding.Extensions.dll)
D/Mono    ( 8262): Assembly System.Text.Encoding.Extensions[0x9bc974c0] added to domain RootDomain, ref_count=1
D/Mono    ( 8262): AOT module 'System.Text.Encoding.Extensions.dll.so' not found: dlopen failed: library "/data/app/com.careerbuilder.SugarDrone-1/lib/arm/libaot-System.Text.Encoding.Extensions.dll.so" not found
D/Mono    ( 8262): AOT module '/Users/builder/data/lanes/4009/3a62f1ea/source/monodroid/builds/install/mono-armv6/lib/mono/aot-cache/arm/System.Text.Encoding.Extensions.dll.so' not found: dlopen failed: library "/data/app/com.careerbuilder.SugarDrone-1/lib/arm/libaot-System.Text.Encoding.Extensions.dll.so" not found
D/Mono    ( 8262): Config attempting to parse: 'System.Text.Encoding.Extensions.dll.config'.
D/Mono    ( 8262): Config attempting to parse: '/Users/builder/data/lanes/4009/3a62f1ea/source/monodroid/builds/install/mono-armv6/etc/mono/assemblies/System.Text.Encoding.Extensions/System.Text.Encoding.Extensions.config'.
D/Mono    ( 8262): Assembly Ref addref Newtonsoft.Json[0xb4b720a0] -> System.Text.Encoding.Extensions[0x9bc974c0]: 2
D/Mono    ( 8262): Assembly Ref addref System.Text.Encoding.Extensions[0x9bc974c0] -> mscorlib[0xb4ae8520]: 47
D/Mono    ( 8262): Unloading image System.Threading.dll [0x9a2a0300].
D/Mono    ( 8262): Image addref System.Threading[0x97dd6b20] -> System.Threading.dll[0xb4b78800]: 10
D/Mono    ( 8262): Config attempting to parse: 'System.Threading.dll.config'.
D/Mono    ( 8262): Config attempting to parse: '/Users/builder/data/lanes/4009/3a62f1ea/source/monodroid/builds/install/mono-armv6/etc/mono/assemblies/System.Threading/System.Threading.config'.
D/Mono    ( 8262): Assembly Ref addref Newtonsoft.Json[0xb4b720a0] -> System.Threading[0xb4b726a0]: 8
D/Mono    ( 8262): Assembly Ref addref Newtonsoft.Json[0xb4b720a0] -> System.Reflection.Extensions[0xb4b72be0]: 5
D/Mono    ( 8262): Assembly Ref addref System.ObjectModel[0x9a255c40] -> mscorlib[0xb4ae8520]: 48
D/Mono    ( 8262): Image addref System.Xml.XDocument[0x97dd6d60] -> System.Xml.XDocument.dll[0x9a2a2100]: 2
D/Mono    ( 8262): Prepared to set up assembly 'System.Xml.XDocument' (System.Xml.XDocument.dll)
D/Mono    ( 8262): Assembly System.Xml.XDocument[0x97dd6d60] added to domain RootDomain, ref_count=1
D/Mono    ( 8262): AOT module 'System.Xml.XDocument.dll.so' not found: dlopen failed: library "/data/app/com.careerbuilder.SugarDrone-1/lib/arm/libaot-System.Xml.XDocument.dll.so" not found
D/Mono    ( 8262): AOT module '/Users/builder/data/lanes/4009/3a62f1ea/source/monodroid/builds/install/mono-armv6/lib/mono/aot-cache/arm/System.Xml.XDocument.dll.so' not found: dlopen failed: library "/data/app/com.careerbuilder.SugarDrone-1/lib/arm/libaot-System.Xml.XDocument.dll.so" not found
D/Mono    ( 8262): Config attempting to parse: 'System.Xml.XDocument.dll.config'.
D/Mono    ( 8262): Config attempting to parse: '/Users/builder/data/lanes/4009/3a62f1ea/source/monodroid/builds/install/mono-armv6/etc/mono/assemblies/System.Xml.XDocument/System.Xml.XDocument.config'.
D/Mono    ( 8262): Assembly Ref addref Newtonsoft.Json[0xb4b720a0] -> System.Xml.XDocument[0x97dd6d60]: 2
D/Mono    ( 8262): Image addref System.Xml.Linq[0x97dd6d00] -> System.Xml.Linq.dll[0x9a2a2600]: 2
D/Mono    ( 8262): Prepared to set up assembly 'System.Xml.Linq' (System.Xml.Linq.dll)
D/Mono    ( 8262): Assembly System.Xml.Linq[0x97dd6d00] added to domain RootDomain, ref_count=1
D/Mono    ( 8262): AOT module 'System.Xml.Linq.dll.so' not found: dlopen failed: library "/data/app/com.careerbuilder.SugarDrone-1/lib/arm/libaot-System.Xml.Linq.dll.so" not found
D/Mono    ( 8262): AOT module '/Users/builder/data/lanes/4009/3a62f1ea/source/monodroid/builds/install/mono-armv6/lib/mono/aot-cache/arm/System.Xml.Linq.dll.so' not found: dlopen failed: library "/data/app/com.careerbuilder.SugarDrone-1/lib/arm/libaot-System.Xml.Linq.dll.so" not found
D/Mono    ( 8262): Config attempting to parse: 'System.Xml.Linq.dll.config'.
D/Mono    ( 8262): Config attempting to parse: '/Users/builder/data/lanes/4009/3a62f1ea/source/monodroid/builds/install/mono-armv6/etc/mono/assemblies/System.Xml.Linq/System.Xml.Linq.config'.
D/Mono    ( 8262): Assembly Ref addref System.Xml.XDocument[0x97dd6d60] -> System.Xml.Linq[0x97dd6d00]: 2
D/Mono    ( 8262): Assembly Ref addref System.Xml.Linq[0x97dd6d00] -> mscorlib[0xb4ae8520]: 49
D/Mono    ( 8262): Assembly Ref addref System.Xml.Linq[0x97dd6d00] -> System.Xml[0x9bc97100]: 4
D/Mono    ( 8262): Image addref System.Text.RegularExpressions[0x97dd6e20] -> System.Text.RegularExpressions.dll[0x9a2a2b00]: 2
D/Mono    ( 8262): Prepared to set up assembly 'System.Text.RegularExpressions' (System.Text.RegularExpressions.dll)
D/Mono    ( 8262): Assembly System.Text.RegularExpressions[0x97dd6e20] added to domain RootDomain, ref_count=1
D/Mono    ( 8262): AOT module 'System.Text.RegularExpressions.dll.so' not found: dlopen failed: library "/data/app/com.careerbuilder.SugarDrone-1/lib/arm/libaot-System.Text.RegularExpressions.dll.so" not found
D/Mono    ( 8262): AOT module '/Users/builder/data/lanes/4009/3a62f1ea/source/monodroid/builds/install/mono-armv6/lib/mono/aot-cache/arm/System.Text.RegularExpressions.dll.so' not found: dlopen failed: library "/data/app/com.careerbuilder.SugarDrone-1/lib/arm/libaot-System.Text.RegularExpressions.dll.so" not found
D/Mono    ( 8262): Config attempting to parse: 'System.Text.RegularExpressions.dll.config'.
D/Mono    ( 8262): Config attempting to parse: '/Users/builder/data/lanes/4009/3a62f1ea/source/monodroid/builds/install/mono-armv6/etc/mono/assemblies/System.Text.RegularExpressions/System.Text.RegularExpressions.config'.
D/Mono    ( 8262): Assembly Ref addref Newtonsoft.Json[0xb4b720a0] -> System.Text.RegularExpressions[0x97dd6e20]: 2
D/Mono    ( 8262): Assembly Ref addref System.Text.RegularExpressions[0x97dd6e20] -> System[0xb4b72760]: 11
D/Mono    ( 8262): Unloading image System.Linq.Expressions.dll [0x9a2a3000].
D/Mono    ( 8262): Image addref System.Linq.Expressions[0x97dd6dc0] -> System.Linq.Expressions.dll[0x9bf00000]: 5
D/Mono    ( 8262): Config attempting to parse: 'System.Linq.Expressions.dll.config'.
D/Mono    ( 8262): Config attempting to parse: '/Users/builder/data/lanes/4009/3a62f1ea/source/monodroid/builds/install/mono-armv6/etc/mono/assemblies/System.Linq.Expressions/System.Linq.Expressions.config'.
D/Mono    ( 8262): Assembly Ref addref Newtonsoft.Json[0xb4b720a0] -> System.Linq.Expressions[0xb4b72e20]: 3
D/Mono    ( 8262): DllImport searching in: '/system/lib/libsqlite.so' ('/system/lib/libsqlite.so').
D/Mono    ( 8262): Searching for 'sqlite3_bind_blob'.
D/Mono    ( 8262): Probing 'sqlite3_bind_blob'.
D/Mono    ( 8262): Found as 'sqlite3_bind_blob'.
D/Mono    ( 8262): DllImport searching in: '/system/lib/libsqlite.so' ('/system/lib/libsqlite.so').
D/Mono    ( 8262): Searching for 'sqlite3_bind_int64'.
D/Mono    ( 8262): Probing 'sqlite3_bind_int64'.
D/Mono    ( 8262): Found as 'sqlite3_bind_int64'.
I/calabash( 8262): execStartActivity 4
I/ActivityManager(  815): START u0 {cmp=com.careerbuilder.SugarDrone/md5a4824aa66c0dc4d104077b72c1916a44.TermsAndConditionsActivity} from uid 11572 on display 0
V/WindowManager(  815): addAppToken: AppWindowToken{37417f96 token=Token{10d3aeb1 ActivityRecord{3d410d58 u0 com.careerbuilder.SugarDrone/md5a4824aa66c0dc4d104077b72c1916a44.TermsAndConditionsActivity t35}}} to stack=1 task=35 at 1
W/ResourceType( 8262): No known package when getting name for resource number 0xffffffff
W/ResourceType( 8262): No known package when getting name for resource number 0xffffffff
W/ResourceType( 8262): No known package when getting name for resource number 0xffffffff
I/calabash( 8262): newActivity1
V/WindowManager(  815): Adding window Window{d65a704 u0 com.careerbuilder.SugarDrone/md5a4824aa66c0dc4d104077b72c1916a44.TermsAndConditionsActivity} at 3 of 8 (after Window{14804c09 u0 com.careerbuilder.SugarDrone/md537fd6201b6818e2e180d2f7606e21a83.AppMainActivity})
I/ActivityManager(  815): Displayed com.careerbuilder.SugarDrone/md5a4824aa66c0dc4d104077b72c1916a44.TermsAndConditionsActivity: +268ms
I/System.out( 8262): URI: /map
I/System.out( 8262): params: {json={"query":"* id:'agreeAndContinueButton'","operation":{"method_name":"query","arguments":[]}}
I/System.out( 8262): }
W/ResourceType( 8262): No known package when getting name for resource number 0xffffffff
W/ResourceType( 8262): No known package when getting name for resource number 0xffffffff
W/ResourceType( 8262): No known package when getting name for resource number 0xffffffff
W/ResourceType( 8262): No known package when getting name for resource number 0xffffffff
W/ResourceType( 8262): No known package when getting name for resource number 0xffffffff
W/ResourceType( 8262): No known package when getting name for resource number 0xffffffff
W/ResourceType( 8262): No known package when getting name for resource number 0xffffffff
W/ResourceType( 8262): No known package when getting name for resource number 0xffffffff
W/ResourceType( 8262): No known package when getting name for resource number 0xffffffff
W/ResourceType( 8262): No known package when getting name for resource number 0xffffffff
I/System.out( 8262): URI: /map
I/System.out( 8262): params: {json={"query":"* id:'agreeAndContinueButton'","operation":{"method_name":"query","arguments":[]}}
I/System.out( 8262): }
W/ResourceType( 8262): No known package when getting name for resource number 0xffffffff
W/ResourceType( 8262): No known package when getting name for resource number 0xffffffff
W/ResourceType( 8262): No known package when getting name for resource number 0xffffffff
W/ResourceType( 8262): No known package when getting name for resource number 0xffffffff
W/ResourceType( 8262): No known package when getting name for resource number 0xffffffff
W/ResourceType( 8262): No known package when getting name for resource number 0xffffffff
W/ResourceType( 8262): No known package when getting name for resource number 0xffffffff
W/ResourceType( 8262): No known package when getting name for resource number 0xffffffff
W/ResourceType( 8262): No known package when getting name for resource number 0xffffffff
W/ResourceType( 8262): No known package when getting name for resource number 0xffffffff
I/System.out( 8262): URI: /map
I/System.out( 8262): params: {json={"query":"* id:'agreeAndContinueButton'","operation":{"method_name":"query","arguments":[]}}
I/System.out( 8262): }
W/ResourceType( 8262): No known package when getting name for resource number 0xffffffff
W/ResourceType( 8262): No known package when getting name for resource number 0xffffffff
W/ResourceType( 8262): No known package when getting name for resource number 0xffffffff
W/ResourceType( 8262): No known package when getting name for resource number 0xffffffff
W/ResourceType( 8262): No known package when getting name for resource number 0xffffffff
W/ResourceType( 8262): No known package when getting name for resource number 0xffffffff
W/ResourceType( 8262): No known package when getting name for resource number 0xffffffff
I/System.out( 8262): URI: /map
I/System.out( 8262): params: {json={"query":"* id:'agreeAndContinueButton'","operation":{"method_name":"query","arguments":[]}}
I/System.out( 8262): }
W/ResourceType( 8262): No known package when getting name for resource number 0xffffffff
W/ResourceType( 8262): No known package when getting name for resource number 0xffffffff
W/ResourceType( 8262): No known package when getting name for resource number 0xffffffff
W/ResourceType( 8262): No known package when getting name for resource number 0xffffffff
W/ResourceType( 8262): No known package when getting name for resource number 0xffffffff
W/ResourceType( 8262): No known package when getting name for resource number 0xffffffff
W/ResourceType( 8262): No known package when getting name for resource number 0xffffffff
I/System.out( 8262): URI: /map
I/System.out( 8262): params: {json={"query":"* id:'agreeAndContinueButton'","operation":{"method_name":"query","arguments":[]}}
I/System.out( 8262): }
W/ResourceType( 8262): No known package when getting name for resource number 0xffffffff
W/ResourceType( 8262): No known package when getting name for resource number 0xffffffff
W/ResourceType( 8262): No known package when getting name for resource number 0xffffffff
W/ResourceType( 8262): No known package when getting name for resource number 0xffffffff
W/ResourceType( 8262): No known package when getting name for resource number 0xffffffff
W/ResourceType( 8262): No known package when getting name for resource number 0xffffffff
W/ResourceType( 8262): No known package when getting name for resource number 0xffffffff
I/art     ( 8262): Explicit concurrent mark sweep GC freed 18032(782KB) AllocSpace objects, 3(48KB) LOS objects, 37% free, 26MB/42MB, paused 1.060ms total 19.593ms
I/art     ( 8262): Explicit concurrent mark sweep GC freed 214(10KB) AllocSpace objects, 0(0B) LOS objects, 37% free, 26MB/42MB, paused 1.117ms total 17.133ms
I/art     ( 8262): Explicit concurrent mark sweep GC freed 17(1056B) AllocSpace objects, 0(0B) LOS objects, 37% free, 26MB/42MB, paused 1.120ms total 18.242ms
I/art     ( 8262): Explicit concurrent mark sweep GC freed 3(96B) AllocSpace objects, 0(0B) LOS objects, 37% free, 26MB/42MB, paused 1.110ms total 18.606ms
I/art     ( 8262): Explicit concurrent mark sweep GC freed 17(1056B) AllocSpace objects, 0(0B) LOS objects, 37% free, 26MB/42MB, paused 836us total 23.355ms
I/System.out( 8262): URI: /map
I/System.out( 8262): params: {json={"query":"* id:'agreeAndContinueButton'","operation":{"method_name":"query","arguments":[]}}
I/System.out( 8262): }
W/ResourceType( 8262): No known package when getting name for resource number 0xffffffff
W/ResourceType( 8262): No known package when getting name for resource number 0xffffffff
W/ResourceType( 8262): No known package when getting name for resource number 0xffffffff
W/ResourceType( 8262): No known package when getting name for resource number 0xffffffff
W/ResourceType( 8262): No known package when getting name for resource number 0xffffffff
W/ResourceType( 8262): No known package when getting name for resource number 0xffffffff
W/ResourceType( 8262): No known package when getting name for resource number 0xffffffff
D/Mono    ( 8262): DllImport searching in: '__Internal' ('(null)').
D/Mono    ( 8262): Searching for 'java_interop_jnienv_call_nonvirtual_int_method_a'.
D/Mono    ( 8262): Probing 'java_interop_jnienv_call_nonvirtual_int_method_a'.
D/Mono    ( 8262): Found as 'java_interop_jnienv_call_nonvirtual_int_method_a'.
D/Mono    ( 8262): Assembly Ref addref System.Net.Http[0x9bc97400] -> System.Core[0xb4b72ac0]: 13
D/Mono    ( 8262): DllImport searching in: '__Internal' ('(null)').
D/Mono    ( 8262): Searching for 'java_interop_jnienv_get_float_field'.
D/Mono    ( 8262): Probing 'java_interop_jnienv_get_float_field'.
D/Mono    ( 8262): Found as 'java_interop_jnienv_get_float_field'.
D/Mono    ( 8262): DllImport searching in: '__Internal' ('(null)').
D/Mono    ( 8262): Searching for 'java_interop_jnienv_new_object_array'.
D/Mono    ( 8262): Probing 'java_interop_jnienv_new_object_array'.
D/Mono    ( 8262): Found as 'java_interop_jnienv_new_object_array'.
D/Mono    ( 8262): Assembly Ref addref Mono.Android[0xb4b724c0] -> System[0xb4b72760]: 12
D/Mono    ( 8262): DllImport searching in: '__Internal' ('(null)').
D/Mono    ( 8262): Searching for 'java_interop_jnienv_set_object_array_element'.
D/Mono    ( 8262): Probing 'java_interop_jnienv_set_object_array_element'.
D/Mono    ( 8262): Found as 'java_interop_jnienv_set_object_array_element'.
I/System.out( 8262): URI: /map
I/System.out( 8262): params: {json={"query":"* id:'agreeAndContinueButton'","operation":{"method_name":"query","arguments":[]}}
I/System.out( 8262): }
W/ResourceType( 8262): No known package when getting name for resource number 0xffffffff
W/ResourceType( 8262): No known package when getting name for resource number 0xffffffff
W/ResourceType( 8262): No known package when getting name for resource number 0xffffffff
W/ResourceType( 8262): No known package when getting name for resource number 0xffffffff
W/ResourceType( 8262): No known package when getting name for resource number 0xffffffff
W/ResourceType( 8262): No known package when getting name for resource number 0xffffffff
W/ResourceType( 8262): No known package when getting name for resource number 0xffffffff
I/System.out( 8262): URI: /
I/System.out( 8262): params: {json={"command":"touch_coordinate","arguments":[720.0,2273.0]}
I/System.out( 8262): }
I/System.out( 8262): header: {content-length=57, host=devicehost108.prod, x-session-token=token-token-3ffb191e-e582-4f1f-9c23-fa531e055756, x-forwarded-for=10.222.150.34, content-type=application/json; charset=utf-8, connection=close}
I/System.out( 8262): params: {json={"command":"touch_coordinate","arguments":[720.0,2273.0]}
I/System.out( 8262): }
I/System.out( 8262): ProP json = {"command":"touch_coordinate","arguments":[720.0,2273.0]}
I/System.out( 8262): files: {}
I/System.out( 8262): command: {"command":"touch_coordinate","arguments":[720.0,2273.0]}
I/InstrumentationBackend( 8262): Got command:'Command:'Line:null,touch_coordinate', arguments:'[720.0, 2273.0]'
D/Mono    ( 8262): Unloading image System.dll [0x96a89100].
D/Mono    ( 8262): Image addref System[0xaec28ee0] -> System.dll[0xb4b79200]: 5
D/Mono    ( 8262): Config attempting to parse: 'System.dll.config'.
D/Mono    ( 8262): Config attempting to parse: '/Users/builder/data/lanes/4009/3a62f1ea/source/monodroid/builds/install/mono-armv6/etc/mono/assemblies/System/System.config'.
D/Mono    ( 8262): Unloading image System.dll [0x96a89100].
D/Mono    ( 8262): Image addref System[0xaec28700] -> System.dll[0xb4b79200]: 6
D/Mono    ( 8262): Config attempting to parse: 'System.dll.config'.
D/Mono    ( 8262): Config attempting to parse: '/Users/builder/data/lanes/4009/3a62f1ea/source/monodroid/builds/install/mono-armv6/etc/mono/assemblies/System/System.config'.
D/Mono    ( 8262): Unloading image System.dll [0x96a89100].
D/Mono    ( 8262): Image addref System[0xaec28700] -> System.dll[0xb4b79200]: 7
D/Mono    ( 8262): Config attempting to parse: 'System.dll.config'.
D/Mono    ( 8262): Config attempting to parse: '/Users/builder/data/lanes/4009/3a62f1ea/source/monodroid/builds/install/mono-armv6/etc/mono/assemblies/System/System.config'.
D/Mono    ( 8262): Unloading image System.dll [0x96a89100].
D/Mono    ( 8262): Image addref System[0xaec28700] -> System.dll[0xb4b79200]: 8
D/Mono    ( 8262): Config attempting to parse: 'System.dll.config'.
D/Mono    ( 8262): Config attempting to parse: '/Users/builder/data/lanes/4009/3a62f1ea/source/monodroid/builds/install/mono-armv6/etc/mono/assemblies/System/System.config'.
D/Mono    ( 8262): DllImport searching in: '__Internal' ('(null)').
D/Mono    ( 8262): Searching for 'java_interop_jnienv_is_assignable_from'.
D/Mono    ( 8262): Probing 'java_interop_jnienv_is_assignable_from'.
D/Mono    ( 8262): Found as 'java_interop_jnienv_is_assignable_from'.
D/Mono    ( 8262): DllImport searching in: '__Internal' ('(null)').
D/Mono    ( 8262): Searching for 'java_interop_jnienv_get_byte_array_region'.
D/Mono    ( 8262): Probing 'java_interop_jnienv_get_byte_array_region'.
D/Mono    ( 8262): Found as 'java_interop_jnienv_get_byte_array_region'.
D/Mono    ( 8262): DllImport searching in: '__Internal' ('(null)').
D/Mono    ( 8262): Searching for 'java_interop_jnienv_set_byte_array_region'.
D/Mono    ( 8262): Probing 'java_interop_jnienv_set_byte_array_region'.
D/Mono    ( 8262): Found as 'java_interop_jnienv_set_byte_array_region'.
D/Mono    ( 8262): [0x96ba1800] worker starting
W/Mono    ( 8262): The request to load the assembly System.Core v4.0.0.0 was remapped to v2.0.5.0
D/Mono    ( 8262): Unloading image System.Core.dll [0x96a86900].
D/Mono    ( 8262): Image addref System.Core[0xaeca3fa0] -> System.Core.dll[0xb4b7a100]: 5
D/Mono    ( 8262): Config attempting to parse: 'System.Core.dll.config'.
D/Mono    ( 8262): Config attempting to parse: '/Users/builder/data/lanes/4009/3a62f1ea/source/monodroid/builds/install/mono-armv6/etc/mono/assemblies/System.Core/System.Core.config'.
W/Mono    ( 8262): The request to load the assembly System.Core v4.0.0.0 was remapped to v2.0.5.0
D/Mono    ( 8262): Unloading image System.Core.dll [0x96a86900].
D/Mono    ( 8262): Image addref System.Core[0xaed861c0] -> System.Core.dll[0xb4b7a100]: 6
D/Mono    ( 8262): Config attempting to parse: 'System.Core.dll.config'.
D/Mono    ( 8262): Config attempting to parse: '/Users/builder/data/lanes/4009/3a62f1ea/source/monodroid/builds/install/mono-armv6/etc/mono/assemblies/System.Core/System.Core.config'.
D/Mono    ( 8262): [0x96ba1800] hill climbing, change max number of threads 5
D/audio_hw_primary(  359): out_set_parameters: enter: usecase(1: low-latency-playback) kvpairs: routing=2
D/Mono    ( 8262): DllImport searching in: '__Internal' ('(null)').
D/Mono    ( 8262): Searching for 'java_interop_jnienv_call_nonvirtual_boolean_method_a'.
D/Mono    ( 8262): Probing 'java_interop_jnienv_call_nonvirtual_boolean_method_a'.
D/Mono    ( 8262): Found as 'java_interop_jnienv_call_nonvirtual_boolean_method_a'.
I/calabash( 8262): execStartActivity 4
I/ActivityManager(  815): START u0 {cmp=com.careerbuilder.SugarDrone/md537fd6201b6818e2e180d2f7606e21a83.ValuePropActivity} from uid 11572 on display 0
V/WindowManager(  815): addAppToken: AppWindowToken{3e28d29c token=Token{36a3f20f ActivityRecord{2930eb6e u0 com.careerbuilder.SugarDrone/md537fd6201b6818e2e180d2f7606e21a83.ValuePropActivity t35}}} to stack=1 task=35 at 1
I/calabash( 8262): newActivity1
D/Mono    ( 8262): Assembly Ref addref CareerBuilder_Search.Droid[0xb4ae8580] -> System.Core[0xb4b72ac0]: 14
D/Mono    ( 8262): DllImport searching in: '__Internal' ('(null)').
D/Mono    ( 8262): Searching for 'java_interop_jnienv_call_nonvirtual_object_method'.
D/Mono    ( 8262): Probing 'java_interop_jnienv_call_nonvirtual_object_method'.
D/Mono    ( 8262): Found as 'java_interop_jnienv_call_nonvirtual_object_method'.
I/System.out( 8262): result:{"bonusInformation":[],"message":"","success":true}
V/WindowManager(  815): Adding window Window{2004507a u0 com.careerbuilder.SugarDrone/md537fd6201b6818e2e180d2f7606e21a83.ValuePropActivity} at 3 of 8 (after Window{d65a704 u0 com.careerbuilder.SugarDrone/md5a4824aa66c0dc4d104077b72c1916a44.TermsAndConditionsActivity})
D/Mono    ( 8262): Assembly Ref addref CareerBuilder_Search.Droid[0xb4ae8580] -> Newtonsoft.Json[0xb4b720a0]: 4
I/System.out( 8262): URI: /backdoor
I/System.out( 8262): params: {json={"method_name":"APISetup","arguments":[200]}
I/System.out( 8262): }
D/Mono    ( 8262): DllImport searching in: '__Internal' ('(null)').
D/Mono    ( 8262): Searching for 'java_interop_jnienv_new_byte_array'.
D/Mono    ( 8262): Probing 'java_interop_jnienv_new_byte_array'.
D/Mono    ( 8262): Found as 'java_interop_jnienv_new_byte_array'.
W/FragmentManager( 8262): moveToState: Fragment state for ValuePropFragment{173906ec #0 id=0x7f0a0148 android:switcher:2131362120:1} not updated inline; expected state 3 found 2
D/audio_hw_primary(  359): select_devices: out_snd_device(2: speaker) in_snd_device(0: none)
D/msm8974_platform(  359): platform_send_audio_calibration: sending audio calibration for snd_device(2) acdb_id(15)
E/ACDB-LOADER(  359): Error: ACDB AFE returned = -19
D/audio_hw_primary(  359): enable_snd_device: snd_device(2: speaker)
D/audio_hw_primary(  359): enable_audio_route: apply and update mixer path: low-latency-playback speaker
I/ActivityManager(  815): Displayed com.careerbuilder.SugarDrone/md537fd6201b6818e2e180d2f7606e21a83.ValuePropActivity: +671ms
W/SurfaceFlinger(  259): couldn't log to binary event log: overflow.
I/System.out( 8262): URI: /backdoor
I/System.out( 8262): params: {json={"method_name":"MyCBBackdoor","arguments":[]}
I/System.out( 8262): }
D/Mono    ( 8262): Assembly Ref addref CareerBuilder_Search.Droid[0xb4ae8580] -> Xamarin.Android.Support.Design[0xb4ae8fa0]: 2
I/calabash( 8262): execStartActivity 4
I/ActivityManager(  815): START u0 {cmp=com.careerbuilder.SugarDrone/md5a4824aa66c0dc4d104077b72c1916a44.MasterNavActivity} from uid 11572 on display 0
V/WindowManager(  815): addAppToken: AppWindowToken{f1874d2 token=Token{c1c835d ActivityRecord{1482d934 u0 com.careerbuilder.SugarDrone/md5a4824aa66c0dc4d104077b72c1916a44.MasterNavActivity t35}}} to stack=1 task=35 at 1
I/calabash( 8262): newActivity1
W/art     ( 8262): Before Android 4.1, method android.graphics.PorterDuffColorFilter android.support.graphics.drawable.VectorDrawableCompat.updateTintFilter(android.graphics.PorterDuffColorFilter, android.content.res.ColorStateList, android.graphics.PorterDuff$Mode) would have incorrectly overridden the package-private method in android.graphics.drawable.Drawable
D/Mono    ( 8262): DllImport searching in: '__Internal' ('(null)').
D/Mono    ( 8262): Searching for 'java_interop_jnienv_call_int_method'.
D/Mono    ( 8262): Probing 'java_interop_jnienv_call_int_method'.
D/Mono    ( 8262): Found as 'java_interop_jnienv_call_int_method'.
D/Mono    ( 8262): Assembly Ref addref Xamarin.Android.Support.Design[0xb4ae8fa0] -> Xamarin.Android.Support.v4[0xb4ae8dc0]: 4
D/Mono    ( 8262): Assembly Ref addref CareerBuilder_Search.Droid[0xb4ae8580] -> Xamarin.Android.Support.v7.RecyclerView[0xb4ae8e20]: 2
D/Mono    ( 8262): Assembly Ref addref Xamarin.Android.Support.v7.RecyclerView[0xb4ae8e20] -> Xamarin.Android.Support.v4[0xb4ae8dc0]: 5
D/Mono    ( 8262): Assembly Ref addref CareerBuilder_Search.Droid[0xb4ae8580] -> FloatingActionButton-Xamarin[0xb4ae8d60]: 2
V/WindowManager(  815): Adding window Window{c0e54a0 u0 com.careerbuilder.SugarDrone/md5a4824aa66c0dc4d104077b72c1916a44.MasterNavActivity} at 3 of 8 (after Window{2004507a u0 com.careerbuilder.SugarDrone/md537fd6201b6818e2e180d2f7606e21a83.ValuePropActivity})
D/Mono    ( 8262): Unloading image System.IO.dll [0x97536900].
D/Mono    ( 8262): Image addref System.IO[0x97584c40] -> System.IO.dll[0x9a29f900]: 6
D/Mono    ( 8262): Config attempting to parse: 'System.IO.dll.config'.
D/Mono    ( 8262): Config attempting to parse: '/Users/builder/data/lanes/4009/3a62f1ea/source/monodroid/builds/install/mono-armv6/etc/mono/assemblies/System.IO/System.IO.config'.
D/Mono    ( 8262): Assembly Ref addref CareerBuilder_Search[0xb4b72460] -> System.IO[0x97dd6700]: 4
W/FragmentManager( 8262): moveToState: Fragment state for SavedJobsFragment{682f6a0 #0 id=0x7f0a0148 android:switcher:2131362120:1} not updated inline; expected state 3 found 2
D/Mono    ( 8262): Assembly Ref addref CareerBuilder_Search.Droid[0xb4ae8580] -> System[0xb4b72760]: 13
W/FragmentManager( 8262): moveToState: Fragment state for ResumeManagementFragment{ca7f259 #1 id=0x7f0a0148 android:switcher:2131362120:2} not updated inline; expected state 3 found 2
I/System.out( 8262): URI: /map
I/System.out( 8262): params: {json={"query":"* marked:'Skip'","operation":{"method_name":"query","arguments":[]}}
I/System.out( 8262): }
D/Mono    ( 8262): Unloading image System.Linq.dll [0x97538200].
D/Mono    ( 8262): Image addref System.Linq[0x9757bc40] -> System.Linq.dll[0xb4b7bf00]: 9
D/Mono    ( 8262): Config attempting to parse: 'System.Linq.dll.config'.
D/Mono    ( 8262): Config attempting to parse: '/Users/builder/data/lanes/4009/3a62f1ea/source/monodroid/builds/install/mono-armv6/etc/mono/assemblies/System.Linq/System.Linq.config'.
D/Mono    ( 8262): Assembly Ref addref CareerBuilder_Search[0xb4b72460] -> System.Linq[0xb4b72940]: 7
D/Mono    ( 8262): DllImport attempting to load: '/system/lib/liblog.so'.
D/Mono    ( 8262): DllImport loaded library '/system/lib/liblog.so'.
D/Mono    ( 8262): DllImport searching in: '/system/lib/liblog.so' ('/system/lib/liblog.so').
D/Mono    ( 8262): Searching for '__android_log_print'.
D/Mono    ( 8262): Probing '__android_log_print'.
D/Mono    ( 8262): Found as '__android_log_print'.
I/mono-stdout( 8262): uri is: https://api.careerbuilder.com/consumer/resumes?OAuthToken=&HostSite=US&DeveloperKey=WDHR8FC6P2JZ1Y61KLM5
D/Mono    ( 8262): Unloading image System.Collections.dll [0x97539100].
D/Mono    ( 8262): Image addref System.Collections[0x9748de20] -> System.Collections.dll[0xb4b79c00]: 10
D/Mono    ( 8262): Config attempting to parse: 'System.Collections.dll.config'.
D/Mono    ( 8262): Config attempting to parse: '/Users/builder/data/lanes/4009/3a62f1ea/source/monodroid/builds/install/mono-armv6/etc/mono/assemblies/System.Collections/System.Collections.config'.
D/Mono    ( 8262): Assembly Ref addref System.Reactive.Linq[0xb4b72220] -> System.Collections[0xb4b72820]: 8
D/Mono    ( 8262): DllImport searching in: '__Internal' ('(null)').
D/Mono    ( 8262): Searching for 'java_interop_jnienv_call_nonvirtual_void_method'.
D/Mono    ( 8262): Probing 'java_interop_jnienv_call_nonvirtual_void_method'.
D/Mono    ( 8262): Found as 'java_interop_jnienv_call_nonvirtual_void_method'.
I/mono-stdout( 8262): uri is: https://api.careerbuilder.com/consumer/saved-jobs/?DeveloperKey=WDHR8FC6P2JZ1Y61KLM5
