I/InstrumentationBackend( 8262): Added:'KeyboardEnterText', with key:'keyboard_enter_text'
I/InstrumentationBackend( 8262): Added:'KeyboardKeyEvent', with key:'keyboard_key_event'
I/InstrumentationBackend( 8262): Added:'PressUserActionButton', with key:'press_user_action_button'
I/InstrumentationBackend( 8262): Added:'SetComposingRegion', with key:'set_composing_region'
I/InstrumentationBackend( 8262): Added:'SetSelection', with key:'set_selection'
I/InstrumentationBackend( 8262): Added:'AndroidSDKVersion', with key:'android_sdk_version'
I/InstrumentationBackend( 8262): Added:'Version', with key:'version'
I/InstrumentationBackend( 8262): Added:'GetActivityName', with key:'get_activity_name'
I/InstrumentationBackend( 8262): Added:'IsCurrentActivityFocused', with key:'is_current_activity_focused'
I/InstrumentationBackend( 8262): Added:'ScrollToView', with key:'scroll_to_view'
I/InstrumentationBackend( 8262): Added:'ViewConfiguration', with key:'view_configuration'
I/InstrumentationBackend( 8262): Added:'DumpBodyHtml', with key:'dump_body_html'
I/InstrumentationBackend( 8262): Added:'DumpHtml', with key:'dump_html'
I/InstrumentationBackend( 8262): Added:'EnterTextByCssSelector', with key:'enter_text_by_selector'
I/InstrumentationBackend( 8262): Added:'GetLoadProgress', with key:'get_load_progress'
I/InstrumentationBackend( 8262): Added:'GetUrl', with key:'get_url'
I/InstrumentationBackend( 8262): Added:'ScrollTo', with key:'scroll_to'
I/InstrumentationBackend( 8262): Added:'SetPropertyByCssSelector', with key:'set_property_by_css_selector'
I/calabash( 8262): Instantiating http server at 7102
I/System.out( 8262): HTTP Daemon listening on: 7102
I/System.out( 8262): URI: /ready
I/System.out( 8262): params: {}
I/System.out( 8262): URI: /ready
I/System.out( 8262): params: {}
E/WifiStateMachine(  815): WifiStateMachine CMD_START_SCAN source -2 txSuccessRate=0.00 rxSuccessRate=0.00 targetRoamBSSID=any RSSI=-47
I/System.out( 8262): URI: /ping
I/System.out( 8262): params: {json={"intent":null }
I/System.out( 8262): }
I/System.out( 8262): URI: /ready
I/System.out( 8262): params: {json={"intent":null }
I/System.out( 8262): }
I/System.out( 8262): URI: /start-application
I/System.out( 8262): params: {json={"intent":null }
I/System.out( 8262): }
I/calabash( 8262): execStartActivity 4
I/ActivityManager(  815): START u0 {act=android.intent.action.MAIN cat=[android.intent.category.LAUNCHER] flg=0x10200000 cmp=com.careerbuilder.SugarDrone/md537fd6201b6818e2e180d2f7606e21a83.AppMainActivity (has extras)} from uid 11572 on display 0
V/WindowManager(  815): addAppToken: AppWindowToken{225221e3 token=Token{33056612 ActivityRecord{114d719d u0 com.careerbuilder.SugarDrone/md537fd6201b6818e2e180d2f7606e21a83.AppMainActivity t35}}} to stack=1 task=35 at 0
I/calabash( 8262): newActivity1
D/Mono    ( 8262): Assembly Ref addref CareerBuilder_Search.Droid[0xb4ae8580] -> Xamarin.Android.Support.v7.AppCompat[0xb4ae8f40]: 2
D/Mono    ( 8262): Assembly Ref addref Xamarin.Android.Support.v7.AppCompat[0xb4ae8f40] -> Xamarin.Android.Support.v4[0xb4ae8dc0]: 2
V/WindowManager(  815): Adding window Window{2230b2f8 u0 Starting com.careerbuilder.SugarDrone} at 2 of 7 (after Window{2ad25a61 u0 com.google.android.googlequicksearchbox/com.google.android.launcher.GEL})
D/Mono    ( 8262): DllImport searching in: '__Internal' ('(null)').
D/Mono    ( 8262): Searching for 'java_interop_jnienv_get_array_length'.
D/Mono    ( 8262): Probing 'java_interop_jnienv_get_array_length'.
D/Mono    ( 8262): Found as 'java_interop_jnienv_get_array_length'.
D/Mono    ( 8262): Assembly Ref addref CareerBuilder_Search.Droid[0xb4ae8580] -> CareerBuilder_Search[0xb4b72460]: 2
E/WifiConfigStore(  815):  rewrite network history for "xtc"WPA_PSK
D/Mono    ( 8262): Assembly Ref addref CareerBuilder_Search.Droid[0xb4ae8580] -> Xamarin.Android.Support.v4[0xb4ae8dc0]: 3
E/WifiConfigStore(  815): writeKnownNetworkHistory write linked 2
E/WifiConfigStore(  815): writeKnownNetworkHistory write linked 2
E/WifiConfigStore(  815): writeKnownNetworkHistory write linked 2
D/Mono    ( 8262): DllImport searching in: '__Internal' ('(null)').
D/Mono    ( 8262): Searching for 'java_interop_jnienv_new_string'.
D/Mono    ( 8262): Probing 'java_interop_jnienv_new_string'.
D/Mono    ( 8262): Found as 'java_interop_jnienv_new_string'.
D/Mono    ( 8262): Assembly Ref addref CareerBuilder_Search.Droid[0xb4ae8580] -> Plugin.CurrentActivity[0xb4ae8880]: 2
D/Mono    ( 8262): Assembly Ref addref Plugin.CurrentActivity[0xb4ae8880] -> mscorlib[0xb4ae8520]: 30
D/Mono    ( 8262): Assembly Ref addref Plugin.CurrentActivity[0xb4ae8880] -> Mono.Android[0xb4b724c0]: 18
D/Mono    ( 8262): [0x9cb8ee00] worker starting
D/Mono    ( 8262): [0x9cb90c00] worker starting
D/Mono    ( 8262): Unloading image System.Runtime.dll [0xb4b83200].
D/Mono    ( 8262): Image addref System.Runtime[0x9bc97940] -> System.Runtime.dll[0xb4b76f00]: 5
D/Mono    ( 8262): Config attempting to parse: 'System.Runtime.dll.config'.
D/Mono    ( 8262): Config attempting to parse: '/Users/builder/data/lanes/4009/3a62f1ea/source/monodroid/builds/install/mono-armv6/etc/mono/assemblies/System.Runtime/System.Runtime.config'.
D/Mono    ( 8262): Assembly Ref addref CareerBuilder_Search[0xb4b72460] -> System.Runtime[0xb4b72580]: 3
D/Mono    ( 8262): Assembly Ref addref CareerBuilder_Search[0xb4b72460] -> Plugin.DeviceInfo.Abstractions[0xb4ae8ac0]: 2
D/Mono    ( 8262): Unloading image System.Runtime.dll [0xb4b83700].
D/Mono    ( 8262): Image addref System.Runtime[0x9bc97940] -> System.Runtime.dll[0xb4b76f00]: 6
D/Mono    ( 8262): Config attempting to parse: 'System.Runtime.dll.config'.
D/Mono    ( 8262): Config attempting to parse: '/Users/builder/data/lanes/4009/3a62f1ea/source/monodroid/builds/install/mono-armv6/etc/mono/assemblies/System.Runtime/System.Runtime.config'.
D/Mono    ( 8262): Assembly Ref addref Plugin.DeviceInfo.Abstractions[0xb4ae8ac0] -> System.Runtime[0xb4b72580]: 4
D/Mono    ( 8262): Assembly Ref addref CareerBuilder_Search.Droid[0xb4ae8580] -> Akavache[0xb4ae86a0]: 2
D/Mono    ( 8262): Assembly Ref addref Akavache[0xb4ae86a0] -> mscorlib[0xb4ae8520]: 31
D/Mono    ( 8262): Assembly Ref addref Akavache[0xb4ae86a0] -> System.Reactive.Interfaces[0xb4b721c0]: 2
D/Mono    ( 8262): Assembly Ref addref Akavache[0xb4ae86a0] -> System.Reactive.Core[0xb4b72160]: 2
D/OpenGLRenderer( 8262): Use EGL_SWAP_BEHAVIOR_PRESERVED: true
D/Mono    ( 8262): Unloading image System.Runtime.dll [0xb4b83700].
D/Mono    ( 8262): Image addref System.Runtime[0x9bc97940] -> System.Runtime.dll[0xb4b76f00]: 7
D/Mono    ( 8262): Config attempting to parse: 'System.Runtime.dll.config'.
D/Mono    ( 8262): Config attempting to parse: '/Users/builder/data/lanes/4009/3a62f1ea/source/monodroid/builds/install/mono-armv6/etc/mono/assemblies/System.Runtime/System.Runtime.config'.
D/Mono    ( 8262): Assembly Ref addref System.Reactive.Core[0xb4b72160] -> System.Runtime[0xb4b72580]: 5
D/Atlas   ( 8262): Validating map...
V/WindowManager(  815): Adding window Window{14804c09 u0 com.careerbuilder.SugarDrone/md537fd6201b6818e2e180d2f7606e21a83.AppMainActivity} at 2 of 8 (before Window{2230b2f8 u0 Starting com.careerbuilder.SugarDrone})
D/Mono    ( 8262): DllImport searching in: '__Internal' ('(null)').
D/Mono    ( 8262): Searching for 'java_interop_jnienv_call_nonvirtual_object_method_a'.
D/Mono    ( 8262): Probing 'java_interop_jnienv_call_nonvirtual_object_method_a'.
D/Mono    ( 8262): Found as 'java_interop_jnienv_call_nonvirtual_object_method_a'.
D/Mono    ( 8262): Assembly Ref addref CareerBuilder_Search.Droid[0xb4ae8580] -> Microsoft.Practices.Unity[0xb4ae8820]: 2
D/Mono    ( 8262): Unloading image System.Runtime.dll [0xb4b83700].
D/Mono    ( 8262): Image addref System.Runtime[0x9bc97940] -> System.Runtime.dll[0xb4b76f00]: 8
D/Mono    ( 8262): Config attempting to parse: 'System.Runtime.dll.config'.
D/Mono    ( 8262): Config attempting to parse: '/Users/builder/data/lanes/4009/3a62f1ea/source/monodroid/builds/install/mono-armv6/etc/mono/assemblies/System.Runtime/System.Runtime.config'.
D/Mono    ( 8262): Assembly Ref addref Microsoft.Practices.Unity[0xb4ae8820] -> System.Runtime[0xb4b72580]: 6
D/Mono    ( 8262): Unloading image System.Collections.dll [0xb4b83c00].
D/Mono    ( 8262): Image addref System.Collections[0x9bc97940] -> System.Collections.dll[0xb4b79c00]: 5
D/Mono    ( 8262): Config attempting to parse: 'System.Collections.dll.config'.
D/Mono    ( 8262): Config attempting to parse: '/Users/builder/data/lanes/4009/3a62f1ea/source/monodroid/builds/install/mono-armv6/etc/mono/assemblies/System.Collections/System.Collections.config'.
D/Mono    ( 8262): Assembly Ref addref Microsoft.Practices.Unity[0xb4ae8820] -> System.Collections[0xb4b72820]: 3
D/Mono    ( 8262): Assembly Ref addref CareerBuilder_Search[0xb4b72460] -> Microsoft.Practices.Unity[0xb4ae8820]: 3
D/Mono    ( 8262): Assembly Ref addref CareerBuilder_Search.Droid[0xb4ae8580] -> Plugin.DeviceInfo.Abstractions[0xb4ae8ac0]: 3
D/Mono    ( 8262): Unloading image System.Diagnostics.Debug.dll [0xb4b83c00].
D/Mono    ( 8262): Image addref System.Diagnostics.Debug[0x9bc97940] -> System.Diagnostics.Debug.dll[0xb4b78d00]: 5
D/Mono    ( 8262): Config attempting to parse: 'System.Diagnostics.Debug.dll.config'.
D/Mono    ( 8262): Config attempting to parse: '/Users/builder/data/lanes/4009/3a62f1ea/source/monodroid/builds/install/mono-armv6/etc/mono/assemblies/System.Diagnostics.Debug/System.Diagnostics.Debug.config'.
D/Mono    ( 8262): Assembly Ref addref CareerBuilder_Search[0xb4b72460] -> System.Diagnostics.Debug[0xb4b72700]: 3
D/Mono    ( 8262): Assembly Ref addref System.Diagnostics.Debug[0xb4b72700] -> mscorlib[0xb4ae8520]: 32
D/Mono    ( 8262): Image addref System.Diagnostics.Tools[0x9bc97940] -> System.Diagnostics.Tools.dll[0xb4b83c00]: 2
D/Mono    ( 8262): Prepared to set up assembly 'System.Diagnostics.Tools' (System.Diagnostics.Tools.dll)
D/Mono    ( 8262): Assembly System.Diagnostics.Tools[0x9bc97940] added to domain RootDomain, ref_count=1
D/Mono    ( 8262): AOT module 'System.Diagnostics.Tools.dll.so' not found: dlopen failed: library "/data/app/com.careerbuilder.SugarDrone-1/lib/arm/libaot-System.Diagnostics.Tools.dll.so" not found
D/Mono    ( 8262): AOT module '/Users/builder/data/lanes/4009/3a62f1ea/source/monodroid/builds/install/mono-armv6/lib/mono/aot-cache/arm/System.Diagnostics.Tools.dll.so' not found: dlopen failed: library "/data/app/com.careerbuilder.SugarDrone-1/lib/arm/libaot-System.Diagnostics.Tools.dll.so" not found
D/Mono    ( 8262): Config attempting to parse: 'System.Diagnostics.Tools.dll.config'.
D/Mono    ( 8262): Config attempting to parse: '/Users/builder/data/lanes/4009/3a62f1ea/source/monodroid/builds/install/mono-armv6/etc/mono/assemblies/System.Diagnostics.Tools/System.Diagnostics.Tools.config'.
D/Mono    ( 8262): Assembly Ref addref Microsoft.Practices.Unity[0xb4ae8820] -> System.Diagnostics.Tools[0x9bc97940]: 2
D/Mono    ( 8262): Assembly Ref addref System.Diagnostics.Tools[0x9bc97940] -> mscorlib[0xb4ae8520]: 33
D/Mono    ( 8262): Image addref System.Resources.ResourceManager[0x9bc979a0] -> System.Resources.ResourceManager.dll[0xb4b84100]: 2
D/Mono    ( 8262): Prepared to set up assembly 'System.Resources.ResourceManager' (System.Resources.ResourceManager.dll)
D/Mono    ( 8262): Assembly System.Resources.ResourceManager[0x9bc979a0] added to domain RootDomain, ref_count=1
D/Mono    ( 8262): AOT module 'System.Resources.ResourceManager.dll.so' not found: dlopen failed: library "/data/app/com.careerbuilder.SugarDrone-1/lib/arm/libaot-System.Resources.ResourceManager.dll.so" not found
D/Mono    ( 8262): AOT module '/Users/builder/data/lanes/4009/3a62f1ea/source/monodroid/builds/install/mono-armv6/lib/mono/aot-cache/arm/System.Resources.ResourceManager.dll.so' not found: dlopen failed: library "/data/app/com.careerbuilder.SugarDrone-1/lib/arm/libaot-System.Resources.ResourceManager.dll.so" not found
D/Mono    ( 8262): Config attempting to parse: 'System.Resources.ResourceManager.dll.config'.
D/Mono    ( 8262): Config attempting to parse: '/Users/builder/data/lanes/4009/3a62f1ea/source/monodroid/builds/install/mono-armv6/etc/mono/assemblies/System.Resources.ResourceManager/System.Resources.ResourceManager.config'.
D/Mono    ( 8262): Assembly Ref addref Microsoft.Practices.Unity[0xb4ae8820] -> System.Resources.ResourceManager[0x9bc979a0]: 2
D/Mono    ( 8262): Assembly Ref addref System.Resources.ResourceManager[0x9bc979a0] -> mscorlib[0xb4ae8520]: 34
D/Mono    ( 8262): Unloading image System.Reflection.dll [0xb4b84600].
D/Mono    ( 8262): Image addref System.Reflection[0x9bc97a00] -> System.Reflection.dll[0xb4b78300]: 5
D/Mono    ( 8262): Config attempting to parse: 'System.Reflection.dll.config'.
D/Mono    ( 8262): Config attempting to parse: '/Users/builder/data/lanes/4009/3a62f1ea/source/monodroid/builds/install/mono-armv6/etc/mono/assemblies/System.Reflection/System.Reflection.config'.
D/Mono    ( 8262): Assembly Ref addref Microsoft.Practices.Unity[0xb4ae8820] -> System.Reflection[0xb4b72640]: 3
D/Mono    ( 8262): Unloading image System.Linq.dll [0xb4b84600].
D/Mono    ( 8262): Image addref System.Linq[0x9bc97d60] -> System.Linq.dll[0xb4b7bf00]: 5
D/Mono    ( 8262): Config attempting to parse: 'System.Linq.dll.config'.
D/Mono    ( 8262): Config attempting to parse: '/Users/builder/data/lanes/4009/3a62f1ea/source/monodroid/builds/install/mono-armv6/etc/mono/assemblies/System.Linq/System.Linq.config'.
D/Mono    ( 8262): Assembly Ref addref Microsoft.Practices.Unity[0xb4ae8820] -> System.Linq[0xb4b72940]: 3
D/Mono    ( 8262): Unloading image System.Threading.dll [0xb4b84600].
D/Mono    ( 8262): Image addref System.Threading[0x9bc97d60] -> System.Threading.dll[0xb4b78800]: 5
D/Mono    ( 8262): Config attempting to parse: 'System.Threading.dll.config'.
D/Mono    ( 8262): Config attempting to parse: '/Users/builder/data/lanes/4009/3a62f1ea/source/monodroid/builds/install/mono-armv6/etc/mono/assemblies/System.Threading/System.Threading.config'.
D/Mono    ( 8262): Assembly Ref addref Microsoft.Practices.Unity[0xb4ae8820] -> System.Threading[0xb4b726a0]: 3
I/Adreno  ( 8262): EGLInit: QTI Build: 01/29/15, 1bccc5d, I0ba6dce82d
I/OpenGLRenderer( 8262): Initialized EGL, version 1.4
D/OpenGLRenderer( 8262): Enabling debug mode 0
D/Mono    ( 8262): Image addref System.Globalization[0x9bc97b20] -> System.Globalization.dll[0x9bf00a00]: 2
D/Mono    ( 8262): Prepared to set up assembly 'System.Globalization' (System.Globalization.dll)
D/Mono    ( 8262): Assembly System.Globalization[0x9bc97b20] added to domain RootDomain, ref_count=1
D/Mono    ( 8262): AOT module 'System.Globalization.dll.so' not found: dlopen failed: library "/data/app/com.careerbuilder.SugarDrone-1/lib/arm/libaot-System.Globalization.dll.so" not found
D/Mono    ( 8262): AOT module '/Users/builder/data/lanes/4009/3a62f1ea/source/monodroid/builds/install/mono-armv6/lib/mono/aot-cache/arm/System.Globalization.dll.so' not found: dlopen failed: library "/data/app/com.careerbuilder.SugarDrone-1/lib/arm/libaot-System.Globalization.dll.so" not found
D/Mono    ( 8262): Config attempting to parse: 'System.Globalization.dll.config'.
D/Mono    ( 8262): Config attempting to parse: '/Users/builder/data/lanes/4009/3a62f1ea/source/monodroid/builds/install/mono-armv6/etc/mono/assemblies/System.Globalization/System.Globalization.config'.
D/Mono    ( 8262): Assembly Ref addref Microsoft.Practices.Unity[0xb4ae8820] -> System.Globalization[0x9bc97b20]: 2
D/Mono    ( 8262): Assembly Ref addref System.Globalization[0x9bc97b20] -> mscorlib[0xb4ae8520]: 35
D/Mono    ( 8262): Image addref System.Runtime.Extensions[0x9bc97fa0] -> System.Runtime.Extensions.dll[0x9bf00f00]: 2
D/Mono    ( 8262): Prepared to set up assembly 'System.Runtime.Extensions' (System.Runtime.Extensions.dll)
D/Mono    ( 8262): Assembly System.Runtime.Extensions[0x9bc97fa0] added to domain RootDomain, ref_count=1
D/Mono    ( 8262): AOT module 'System.Runtime.Extensions.dll.so' not found: dlopen failed: library "/data/app/com.careerbuilder.SugarDrone-1/lib/arm/libaot-System.Runtime.Extensions.dll.so" not found
D/Mono    ( 8262): AOT module '/Users/builder/data/lanes/4009/3a62f1ea/source/monodroid/builds/install/mono-armv6/lib/mono/aot-cache/arm/System.Runtime.Extensions.dll.so' not found: dlopen failed: library "/data/app/com.careerbuilder.SugarDrone-1/lib/arm/libaot-System.Runtime.Extensions.dll.so" not found
D/Mono    ( 8262): Config attempting to parse: 'System.Runtime.Extensions.dll.config'.
D/Mono    ( 8262): Config attempting to parse: '/Users/builder/data/lanes/4009/3a62f1ea/source/monodroid/builds/install/mono-armv6/etc/mono/assemblies/System.Runtime.Extensions/System.Runtime.Extensions.config'.
D/Mono    ( 8262): Assembly Ref addref Microsoft.Practices.Unity[0xb4ae8820] -> System.Runtime.Extensions[0x9bc97fa0]: 2
D/Mono    ( 8262): Assembly Ref addref System.Runtime.Extensions[0x9bc97fa0] -> mscorlib[0xb4ae8520]: 36
D/Mono    ( 8262): Image addref System.Linq.Expressions[0xb4b72e20] -> System.Linq.Expressions.dll[0x9bf00000]: 2
D/Mono    ( 8262): Prepared to set up assembly 'System.Linq.Expressions' (System.Linq.Expressions.dll)
D/Mono    ( 8262): Assembly System.Linq.Expressions[0xb4b72e20] added to domain RootDomain, ref_count=1
D/Mono    ( 8262): AOT module 'System.Linq.Expressions.dll.so' not found: dlopen failed: library "/data/app/com.careerbuilder.SugarDrone-1/lib/arm/libaot-System.Linq.Expressions.dll.so" not found
D/Mono    ( 8262): AOT module '/Users/builder/data/lanes/4009/3a62f1ea/source/monodroid/builds/install/mono-armv6/lib/mono/aot-cache/arm/System.Linq.Expressions.dll.so' not found: dlopen failed: library "/data/app/com.careerbuilder.SugarDrone-1/lib/arm/libaot-System.Linq.Expressions.dll.so" not found
D/Mono    ( 8262): Config attempting to parse: 'System.Linq.Expressions.dll.config'.
D/Mono    ( 8262): Config attempting to parse: '/Users/builder/data/lanes/4009/3a62f1ea/source/monodroid/builds/install/mono-armv6/etc/mono/assemblies/System.Linq.Expressions/System.Linq.Expressions.config'.
D/Mono    ( 8262): Assembly Ref addref Microsoft.Practices.Unity[0xb4ae8820] -> System.Linq.Expressions[0xb4b72e20]: 2
D/Mono    ( 8262): Assembly Ref addref System.Linq.Expressions[0xb4b72e20] -> System.Core[0xb4b72ac0]: 5
D/Mono    ( 8262): Assembly Ref addref System.Core[0xb4b72ac0] -> System[0xb4b72760]: 3
I/ActivityManager(  815): Displayed com.careerbuilder.SugarDrone/md537fd6201b6818e2e180d2f7606e21a83.AppMainActivity: +361ms (total +1m32s360ms)
D/Mono    ( 8262): Assembly Ref addref CareerBuilder_Search.Droid[0xb4ae8580] -> Xamarin.GooglePlayServices.Analytics[0xb4ae8b20]: 2
D/Mono    ( 8262): Assembly Ref addref CareerBuilder_Search.Droid[0xb4ae8580] -> Plugin.Geolocator.Abstractions[0xb4ae8a00]: 2
D/Mono    ( 8262): Assembly Ref addref CareerBuilder_Search[0xb4b72460] -> System.Net.Http[0x9bc97400]: 3
D/Mono    ( 8262): Assembly Ref addref CareerBuilder_Search[0xb4b72460] -> Plugin.DeviceInfo[0xb4ae8a60]: 2
D/Mono    ( 8262): Assembly Ref addref Plugin.DeviceInfo[0xb4ae8a60] -> mscorlib[0xb4ae8520]: 37
D/Mono    ( 8262): Assembly Ref addref Plugin.DeviceInfo[0xb4ae8a60] -> Plugin.DeviceInfo.Abstractions[0xb4ae8ac0]: 4
D/Mono    ( 8262): Image addref System.Threading.Tasks[0x9a19f400] -> System.Threading.Tasks.dll[0x9a142b00]: 2
D/Mono    ( 8262): Prepared to set up assembly 'System.Threading.Tasks' (System.Threading.Tasks.dll)
D/Mono    ( 8262): Assembly System.Threading.Tasks[0x9a19f400] added to domain RootDomain, ref_count=1
D/Mono    ( 8262): AOT module 'System.Threading.Tasks.dll.so' not found: dlopen failed: library "/data/app/com.careerbuilder.SugarDrone-1/lib/arm/libaot-System.Threading.Tasks.dll.so" not found
D/Mono    ( 8262): AOT module '/Users/builder/data/lanes/4009/3a62f1ea/source/monodroid/builds/install/mono-armv6/lib/mono/aot-cache/arm/System.Threading.Tasks.dll.so' not found: dlopen failed: library "/data/app/com.careerbuilder.SugarDrone-1/lib/arm/libaot-System.Threading.Tasks.dll.so" not found
D/Mono    ( 8262): Config attempting to parse: 'System.Threading.Tasks.dll.config'.
D/Mono    ( 8262): Config attempting to parse: '/Users/builder/data/lanes/4009/3a62f1ea/source/monodroid/builds/install/mono-armv6/etc/mono/assemblies/System.Threading.Tasks/System.Threading.Tasks.config'.
D/Mono    ( 8262): Assembly Ref addref CareerBuilder_Search[0xb4b72460] -> System.Threading.Tasks[0x9a19f400]: 2
D/Mono    ( 8262): Assembly Ref addref System.Threading.Tasks[0x9a19f400] -> mscorlib[0xb4ae8520]: 38
D/Mono    ( 8262): Unloading image System.Collections.dll [0x9a143000].
D/Mono    ( 8262): Image addref System.Collections[0x9bc97dc0] -> System.Collections.dll[0xb4b79c00]: 6
D/Mono    ( 8262): Config attempting to parse: 'System.Collections.dll.config'.
D/Mono    ( 8262): Config attempting to parse: '/Users/builder/data/lanes/4009/3a62f1ea/source/monodroid/builds/install/mono-armv6/etc/mono/assemblies/System.Collections/System.Collections.config'.
D/Mono    ( 8262): Assembly Ref addref CareerBuilder_Search[0xb4b72460] -> System.Collections[0xb4b72820]: 4
D/Mono    ( 8262): Assembly Ref addref System.Collections[0xb4b72820] -> System[0xb4b72760]: 4
D/Mono    ( 8262): Assembly Ref addref System.Net.Http[0x9bc97400] -> System[0xb4b72760]: 5
D/Mono    ( 8262): Assembly Ref addref Microsoft.Practices.Unity[0xb4ae8820] -> System.Reflection.Extensions[0xb4b72be0]: 3
I/System.out( 8262): URI: /map
I/System.out( 8262): params: {json={"query":"*","operation":{"method_name":"query","arguments":[]}}
I/System.out( 8262): }
W/ResourceType( 8262): No known package when getting name for resource number 0xffffffff
W/ResourceType( 8262): No known package when getting name for resource number 0xffffffff
W/ResourceType( 8262): No known package when getting name for resource number 0xffffffff
I/art     ( 8262): Explicit concurrent mark sweep GC freed 62967(3MB) AllocSpace objects, 15(240KB) LOS objects, 39% free, 24MB/40MB, paused 1.236ms total 34.195ms
I/art     ( 8262): Explicit concurrent mark sweep GC freed 13759(579KB) AllocSpace objects, 0(0B) LOS objects, 39% free, 24MB/40MB, paused 1.519ms total 47.805ms
D/Mono    ( 8262): Unloading image System.Threading.dll [0x9a148f00].
D/Mono    ( 8262): Image addref System.Threading[0x9a255160] -> System.Threading.dll[0xb4b78800]: 6
D/Mono    ( 8262): Config attempting to parse: 'System.Threading.dll.config'.
D/Mono    ( 8262): Config attempting to parse: '/Users/builder/data/lanes/4009/3a62f1ea/source/monodroid/builds/install/mono-armv6/etc/mono/assemblies/System.Threading/System.Threading.config'.
D/Mono    ( 8262): Assembly Ref addref CareerBuilder_Search[0xb4b72460] -> System.Threading[0xb4b726a0]: 4
D/Mono    ( 8262): Assembly Ref addref System.Threading[0xb4b726a0] -> System.Core[0xb4b72ac0]: 6
D/Mono    ( 8262): Assembly Ref addref System.Runtime[0xb4b72580] -> System[0xb4b72760]: 6
D/Mono    ( 8262): Assembly Ref addref CareerBuilder_Search[0xb4b72460] -> Newtonsoft.Json[0xb4b720a0]: 2
D/Mono    ( 8262): Unloading image System.Runtime.dll [0x9a14a300].
D/Mono    ( 8262): Image addref System.Runtime[0x9a255220] -> System.Runtime.dll[0xb4b76f00]: 9
D/Mono    ( 8262): Config attempting to parse: 'System.Runtime.dll.config'.
D/Mono    ( 8262): Config attempting to parse: '/Users/builder/data/lanes/4009/3a62f1ea/source/monodroid/builds/install/mono-armv6/etc/mono/assemblies/System.Runtime/System.Runtime.config'.
D/Mono    ( 8262): Assembly Ref addref Newtonsoft.Json[0xb4b720a0] -> System.Runtime[0xb4b72580]: 7
D/Mono    ( 8262): Image addref System.Dynamic.Runtime[0x9a255220] -> System.Dynamic.Runtime.dll[0x9a14a300]: 2
D/Mono    ( 8262): Prepared to set up assembly 'System.Dynamic.Runtime' (System.Dynamic.Runtime.dll)
D/Mono    ( 8262): Assembly System.Dynamic.Runtime[0x9a255220] added to domain RootDomain, ref_count=1
I/art     ( 8262): Explicit concurrent mark sweep GC freed 15216(597KB) AllocSpace objects, 0(0B) LOS objects, 39% free, 24MB/40MB, paused 1.071ms total 26.642ms
D/Mono    ( 8262): AOT module 'System.Dynamic.Runtime.dll.so' not found: dlopen failed: library "/data/app/com.careerbuilder.SugarDrone-1/lib/arm/libaot-System.Dynamic.Runtime.dll.so" not found
D/Mono    ( 8262): AOT module '/Users/builder/data/lanes/4009/3a62f1ea/source/monodroid/builds/install/mono-armv6/lib/mono/aot-cache/arm/System.Dynamic.Runtime.dll.so' not found: dlopen failed: library "/data/app/com.careerbuilder.SugarDrone-1/lib/arm/libaot-System.Dynamic.Runtime.dll.so" not found
D/Mono    ( 8262): Config attempting to parse: 'System.Dynamic.Runtime.dll.config'.
D/Mono    ( 8262): Config attempting to parse: '/Users/builder/data/lanes/4009/3a62f1ea/source/monodroid/builds/install/mono-armv6/etc/mono/assemblies/System.Dynamic.Runtime/System.Dynamic.Runtime.config'.
D/Mono    ( 8262): Assembly Ref addref Newtonsoft.Json[0xb4b720a0] -> System.Dynamic.Runtime[0x9a255220]: 2
D/Mono    ( 8262): Assembly Ref addref System.Dynamic.Runtime[0x9a255220] -> System.Core[0xb4b72ac0]: 7
D/Mono    ( 8262): Image addref System.ObjectModel[0x9a255c40] -> System.ObjectModel.dll[0x9a148a00]: 2
D/Mono    ( 8262): Prepared to set up assembly 'System.ObjectModel' (System.ObjectModel.dll)
D/Mono    ( 8262): Assembly System.ObjectModel[0x9a255c40] added to domain RootDomain, ref_count=1
D/Mono    ( 8262): AOT module 'System.ObjectModel.dll.so' not found: dlopen failed: library "/data/app/com.careerbuilder.SugarDrone-1/lib/arm/libaot-System.ObjectModel.dll.so" not found
D/Mono    ( 8262): AOT module '/Users/builder/data/lanes/4009/3a62f1ea/source/monodroid/builds/install/mono-armv6/lib/mono/aot-cache/arm/System.ObjectModel.dll.so' not found: dlopen failed: library "/data/app/com.careerbuilder.SugarDrone-1/lib/arm/libaot-System.ObjectModel.dll.so" not found
D/Mono    ( 8262): Config attempting to parse: 'System.ObjectModel.dll.config'.
D/Mono    ( 8262): Config attempting to parse: '/Users/builder/data/lanes/4009/3a62f1ea/source/monodroid/builds/install/mono-armv6/etc/mono/assemblies/System.ObjectModel/System.ObjectModel.config'.
D/Mono    ( 8262): Assembly Ref addref Newtonsoft.Json[0xb4b720a0] -> System.ObjectModel[0x9a255c40]: 2
D/Mono    ( 8262): Assembly Ref addref System.ObjectModel[0x9a255c40] -> System[0xb4b72760]: 7
D/Mono    ( 8262): Assembly Ref addref CareerBuilder_Search[0xb4b72460] -> System.Reactive.Core[0xb4b72160]: 3
I/art     ( 8262): Explicit concurrent mark sweep GC freed 572(85KB) AllocSpace objects, 2(32KB) LOS objects, 39% free, 24MB/40MB, paused 611us total 14.202ms
I/art     ( 8262): Explicit concurrent mark sweep GC freed 15(600B) AllocSpace objects, 0(0B) LOS objects, 39% free, 24MB/40MB, paused 8.641ms total 22.833ms
D/Mono    ( 8262): DllImport attempting to load: '__Internal'.
D/Mono    ( 8262): DllImport loaded library '(null)'.
D/Mono    ( 8262): DllImport searching in: '__Internal' ('(null)').
D/Mono    ( 8262): Searching for 'monodroid_get_system_property'.
D/Mono    ( 8262): Probing 'monodroid_get_system_property'.
D/Mono    ( 8262): Found as 'monodroid_get_system_property'.
D/Mono    ( 8262): DllImport searching in: '__Internal' ('(null)').
D/Mono    ( 8262): Searching for 'monodroid_free'.
D/Mono    ( 8262): Probing 'monodroid_free'.
D/Mono    ( 8262): Found as 'monodroid_free'.
D/Mono    ( 8262): Assembly Ref addref CareerBuilder_Search.Droid[0xb4ae8580] -> Xamarin.Insights[0xb4ae8c40]: 2
D/Mono    ( 8262): Assembly Ref addref Xamarin.Insights[0xb4ae8c40] -> mscorlib[0xb4ae8520]: 39
D/Mono    ( 8262): Assembly Ref addref Xamarin.Insights[0xb4ae8c40] -> Mono.Android[0xb4b724c0]: 19
D/Mono    ( 8262): Assembly Ref addref CareerBuilder_Search.Droid[0xb4ae8580] -> HockeySDK[0xb4ae8640]: 2
D/Mono    ( 8262): Assembly Ref addref CareerBuilder_Search.Droid[0xb4ae8580] -> AppsFlyerXamarinBindingAndroid[0xb4ae85e0]: 2
D/Mono    ( 8262): DllImport searching in: '__Internal' ('(null)').
D/Mono    ( 8262): Searching for 'java_interop_jnienv_get_static_field_id'.
D/Mono    ( 8262): Probing 'java_interop_jnienv_get_static_field_id'.
D/Mono    ( 8262): Found as 'java_interop_jnienv_get_static_field_id'.
D/Mono    ( 8262): DllImport searching in: '__Internal' ('(null)').
D/Mono    ( 8262): Searching for 'java_interop_jnienv_get_static_int_field'.
D/Mono    ( 8262): Probing 'java_interop_jnienv_get_static_int_field'.
D/Mono    ( 8262): Found as 'java_interop_jnienv_get_static_int_field'.
D/Mono    ( 8262): Assembly Ref addref Xamarin.Insights[0xb4ae8c40] -> System.Core[0xb4b72ac0]: 8
D/Mono    ( 8262): DllImport searching in: '__Internal' ('(null)').
D/Mono    ( 8262): Searching for 'java_interop_jnienv_call_static_long_method_a'.
D/Mono    ( 8262): Probing 'java_interop_jnienv_call_static_long_method_a'.
D/Mono    ( 8262): Found as 'java_interop_jnienv_call_static_long_method_a'.
D/Mono    ( 8262): Assembly Ref addref Xamarin.Insights[0xb4ae8c40] -> System[0xb4b72760]: 8
D/Mono    ( 8262): Assembly Ref addref Xamarin.Insights[0xb4ae8c40] -> System.Net.Http[0x9bc97400]: 4
D/Mono    ( 8262): DllImport searching in: '__Internal' ('(null)').
D/Mono    ( 8262): Searching for 'java_interop_jnienv_get_object_array_element'.
D/Mono    ( 8262): Probing 'java_interop_jnienv_get_object_array_element'.
D/Mono    ( 8262): Found as 'java_interop_jnienv_get_object_array_element'.
D/Mono    ( 8262): DllImport searching in: '__Internal' ('(null)').
D/Mono    ( 8262): Searching for 'java_interop_jnienv_call_boolean_method_a'.
D/Mono    ( 8262): Probing 'java_interop_jnienv_call_boolean_method_a'.
D/Mono    ( 8262): Found as 'java_interop_jnienv_call_boolean_method_a'.
D/Mono    ( 8262): DllImport searching in: '__Internal' ('(null)').
D/Mono    ( 8262): Searching for 'java_interop_jnienv_call_int_method_a'.
D/Mono    ( 8262): Probing 'java_interop_jnienv_call_int_method_a'.
D/Mono    ( 8262): Found as 'java_interop_jnienv_call_int_method_a'.
D/Mono    ( 8262): DllImport searching in: '__Internal' ('(null)').
D/Mono    ( 8262): Searching for 'java_interop_jnienv_get_field_id'.
D/Mono    ( 8262): Probing 'java_interop_jnienv_get_field_id'.
D/Mono    ( 8262): Found as 'java_interop_jnienv_get_field_id'.
D/Mono    ( 8262): DllImport searching in: '__Internal' ('(null)').
D/Mono    ( 8262): Searching for 'java_interop_jnienv_get_object_field'.
D/Mono    ( 8262): Probing 'java_interop_jnienv_get_object_field'.
D/Mono    ( 8262): Found as 'java_interop_jnienv_get_object_field'.
I/System.out( 8262): URI: /map
I/System.out( 8262): params: {json={"query":"* id:'agreeAndContinueButton'","operation":{"method_name":"query","arguments":[]}}
I/System.out( 8262): }
D/Mono    ( 8262): DllImport searching in: '__Internal' ('(null)').
D/Mono    ( 8262): Searching for 'java_interop_jnienv_call_static_int_method_a'.
D/Mono    ( 8262): Probing 'java_interop_jnienv_call_static_int_method_a'.
D/Mono    ( 8262): Found as 'java_interop_jnienv_call_static_int_method_a'.
W/Xamarin.Insights( 8262): Warning: Insights data communication has been manually enabled
W/ResourceType( 8262): No known package when getting name for resource number 0xffffffff
W/ResourceType( 8262): No known package when getting name for resource number 0xffffffff
W/ResourceType( 8262): No known package when getting name for resource number 0xffffffff
D/Mono    ( 8262): DllImport searching in: '__Internal' ('(null)').
D/Mono    ( 8262): Searching for 'java_interop_jnienv_get_static_object_field'.
D/Mono    ( 8262): Probing 'java_interop_jnienv_get_static_object_field'.
D/Mono    ( 8262): Found as 'java_interop_jnienv_get_static_object_field'.
D/Mono    ( 8262): DllImport searching in: '__Internal' ('(null)').
D/Mono    ( 8262): Searching for 'java_interop_jnienv_call_static_void_method'.
D/Mono    ( 8262): Probing 'java_interop_jnienv_call_static_void_method'.
D/Mono    ( 8262): Found as 'java_interop_jnienv_call_static_void_method'.
I/AppsFlyer_3.01( 8262): Start tracking package: com.careerbuilder.SugarDrone
I/AppsFlyer_3.01( 8262): AsendTrackingWithEvent from activity: md537fd6201b6818e2e180d2f7606e21a83.MainApplication
I/AppsFlyer_3.01-708666349( 8262): ******* sendTrackingWithEvent: Launch
I/GAv4    ( 8262): Google Analytics 8.4.87 is starting up. To enable debug logging on a device run:
I/GAv4    ( 8262):   adb shell setprop log.tag.GAv4 DEBUG
I/GAv4    ( 8262):   adb logcat -s GAv4
E/ActivityThread( 8262): Failed to find provider info for com.facebook.katana.provider.AttributionIdProvider
I/AppsFlyer_3.01( 8262): WARNING:READ_PHONE_STATE is missing
W/GAv4    ( 8262): AnalyticsReceiver is not registered or is disabled. Register the receiver for reliable dispatching on non-Google Play devices. See http://goo.gl/8Rd3yj for instructions.
W/GAv4    ( 8262): CampaignTrackingReceiver is not registered, not exported or is disabled. Installation campaign tracking is not possible. See http://goo.gl/8Rd3yj for instructions.
D/Mono    ( 8262): DllImport searching in: '__Internal' ('(null)').
D/Mono    ( 8262): Searching for 'java_interop_jnienv_call_void_method_a'.
D/Mono    ( 8262): Probing 'java_interop_jnienv_call_void_method_a'.
D/Mono    ( 8262): Found as 'java_interop_jnienv_call_void_method_a'.
W/GAv4    ( 8262): AnalyticsService not registered in the app manifest. Hits might not be delivered reliably. See http://goo.gl/8Rd3yj for instructions.
I/GAv4    ( 8262): Logger is deprecated. To enable debug logging, please run:
I/GAv4    ( 8262): adb shell setprop log.tag.GAv4 DEBUG
D/Mono    ( 8262): DllImport searching in: '__Internal' ('(null)').
D/Mono    ( 8262): Searching for 'java_interop_jnienv_new_local_ref'.
D/Mono    ( 8262): Probing 'java_interop_jnienv_new_local_ref'.
D/Mono    ( 8262): Found as 'java_interop_jnienv_new_local_ref'.
D/Mono    ( 8262): Assembly Ref addref Plugin.DeviceInfo[0xb4ae8a60] -> Mono.Android[0xb4b724c0]: 20
W/Xamarin.Insights( 8262): Warning: Insights data communication has been manually enabled
I/AppsFlyer_3.01( 8262): Start tracking package: com.careerbuilder.SugarDrone
I/AppsFlyer_3.01( 8262): AsendTrackingWithEvent from activity: md537fd6201b6818e2e180d2f7606e21a83.MainApplication
I/AppsFlyer_3.01-708666440( 8262): ******* sendTrackingWithEvent: Launch
D/Mono    ( 8262): DllImport searching in: '__Internal' ('(null)').
D/Mono    ( 8262): Searching for 'java_interop_jnienv_get_int_field'.
D/Mono    ( 8262): Probing 'java_interop_jnienv_get_int_field'.
D/Mono    ( 8262): Found as 'java_interop_jnienv_get_int_field'.
E/ActivityThread( 8262): Failed to find provider info for com.facebook.katana.provider.AttributionIdProvider
I/AppsFlyer_3.01( 8262): WARNING:READ_PHONE_STATE is missing
D/Mono    ( 8262): Unloading image Splat.dll [0x9a14b200].
D/Mono    ( 8262): Image addref Splat[0x9a255ca0] -> Splat.dll[0xb4841b00]: 5
D/Mono    ( 8262): Config attempting to parse: 'Splat.dll.config'.
D/Mono    ( 8262): Config attempting to parse: '/Users/builder/data/lanes/4009/3a62f1ea/source/monodroid/builds/install/mono-armv6/etc/mono/assemblies/Splat/Splat.config'.
D/Mono    ( 8262): Assembly Ref addref Akavache[0xb4ae86a0] -> Splat[0xb4ae8760]: 2
D/Mono    ( 8262): Assembly Ref addref Splat[0xb4ae8760] -> mscorlib[0xb4ae8520]: 40
D/Mono    ( 8262): Assembly Ref addref System.Reactive.Core[0xb4b72160] -> System.Reactive.Interfaces[0xb4b721c0]: 3
D/Mono    ( 8262): Image addref System.ComponentModel[0x9a255ca0] -> System.ComponentModel.dll[0x9a14b200]: 2
D/Mono    ( 8262): Prepared to set up assembly 'System.ComponentModel' (System.ComponentModel.dll)
D/Mono    ( 8262): Assembly System.ComponentModel[0x9a255ca0] added to domain RootDomain, ref_count=1
I/art     ( 1731): Explicit concurrent mark sweep GC freed 65418(3MB) AllocSpace objects, 17(272KB) LOS objects, 34% free, 31MB/47MB, paused 1.547ms total 71.519ms
D/Mono    ( 8262): AOT module 'System.ComponentModel.dll.so' not found: dlopen failed: library "/data/app/com.careerbuilder.SugarDrone-1/lib/arm/libaot-System.ComponentModel.dll.so" not found
D/Mono    ( 8262): AOT module '/Users/builder/data/lanes/4009/3a62f1ea/source/monodroid/builds/install/mono-armv6/lib/mono/aot-cache/arm/System.ComponentModel.dll.so' not found: dlopen failed: library "/data/app/com.careerbuilder.SugarDrone-1/lib/arm/libaot-System.ComponentModel.dll.so" not found
D/Mono    ( 8262): Config attempting to parse: 'System.ComponentModel.dll.config'.
D/Mono    ( 8262): Config attempting to parse: '/Users/builder/data/lanes/4009/3a62f1ea/source/monodroid/builds/install/mono-armv6/etc/mono/assemblies/System.ComponentModel/System.ComponentModel.config'.
D/Mono    ( 8262): Assembly Ref addref System.Reactive.Core[0xb4b72160] -> System.ComponentModel[0x9a255ca0]: 2
D/Mono    ( 8262): Assembly Ref addref System.ComponentModel[0x9a255ca0] -> mscorlib[0xb4ae8520]: 41
D/Mono    ( 8262): Unloading image System.Runtime.dll [0x9a29cc00].
D/Mono    ( 8262): Image addref System.Runtime[0x9bc97880] -> System.Runtime.dll[0xb4b76f00]: 10
D/Mono    ( 8262): Config attempting to parse: 'System.Runtime.dll.config'.
D/Mono    ( 8262): Config attempting to parse: '/Users/builder/data/lanes/4009/3a62f1ea/source/monodroid/builds/install/mono-armv6/etc/mono/assemblies/System.Runtime/System.Runtime.config'.
D/Mono    ( 8262): Assembly Ref addref System.Reactive.Interfaces[0xb4b721c0] -> System.Runtime[0xb4b72580]: 8
D/Mono    ( 8262): Assembly Ref addref Akavache[0xb4ae86a0] -> System.Reactive.Linq[0xb4b72220]: 2
D/AppsFlyer_3.01( 8262): AppsFlyer: first launch detected
I/AppsFlyer_3.01( 8262): AppsFlyer: first launch date: 2017-03-17_1257+0100
I/System.out( 8262): AppsFlyerLib.sendTrackingWithEvent
D/Mono    ( 8262): Unloading image System.Runtime.dll [0x9a29d100].
D/Mono    ( 8262): Image addref System.Runtime[0x9bc97880] -> System.Runtime.dll[0xb4b76f00]: 11
D/Mono    ( 8262): Config attempting to parse: 'System.Runtime.dll.config'.
D/Mono    ( 8262): Config attempting to parse: '/Users/builder/data/lanes/4009/3a62f1ea/source/monodroid/builds/install/mono-armv6/etc/mono/assemblies/System.Runtime/System.Runtime.config'.
D/Mono    ( 8262): Assembly Ref addref System.Reactive.Linq[0xb4b72220] -> System.Runtime[0xb4b72580]: 9
D/Mono    ( 8262): Assembly Ref addref System.Reactive.Linq[0xb4b72220] -> System.Reactive.Interfaces[0xb4b721c0]: 4
I/AppsFlyer_3.01( 8262): AppsFlyer: first launch date: 2017-03-17_1257+0100
I/System.out( 8262): AppsFlyerLib.sendTrackingWithEvent
D/Mono    ( 8262): Unloading image System.Threading.Tasks.dll [0x9a29d600].
D/Mono    ( 8262): Image addref System.Threading.Tasks[0x9bc97880] -> System.Threading.Tasks.dll[0x9a142b00]: 5
D/Mono    ( 8262): Config attempting to parse: 'System.Threading.Tasks.dll.config'.
D/Mono    ( 8262): Config attempting to parse: '/Users/builder/data/lanes/4009/3a62f1ea/source/monodroid/builds/install/mono-armv6/etc/mono/assemblies/System.Threading.Tasks/System.Threading.Tasks.config'.
D/Mono    ( 8262): Assembly Ref addref System.Reactive.Linq[0xb4b72220] -> System.Threading.Tasks[0x9a19f400]: 3
D/Mono    ( 8262): Assembly Ref addref Splat[0xb4ae8760] -> Mono.Android[0xb4b724c0]: 21
D/Mono    ( 8262): Assembly Ref addref Splat[0xb4ae8760] -> System.Core[0xb4b72ac0]: 9
I/AppsFlyer_3.01-708666349( 8262): url: https://t.appsflyer.com/api/v3/androidevent?buildnumber=3.01&app_id=com.careerbuilder.SugarDrone
I/AppsFlyer_( 8262): data: device=shamu&firstLaunchDate=2017-03-17_1257%2B0100&installDate=2017-03-17_1257%2B0100&sdk=22&carrier=&date1=2017-03-17_1257%2B0100&af_preinstalled=false&advertiserIdEnabled=true&iaecounter=0&lang_code=en&appsflyerKey=WV****************HFK5&app_version_name=3.1.7&lang=English&timepassedsincelastlaunch=0&dkh=WVGo7sxf&android_id=7d747c6abe49c203&advertiserId=a6d6f652-2eca-4acf-8d7d-f4e0d4e60926&deviceType=user&af_v=8c7319ef8f6345751772808e302f53429ab09527&app_version_code=30011&platformextension=android_native&network=WIFI&operator=&country=US&date2=2017-03-17_1257%2B0100&brand=google&af_timestamp=1489708666349&uid=1489708629432-196571217018801044&isFirstCall=true&counter=1&model=Nexus+6&product=shamu
I/AppsFlyer_3.01-708666440( 8262): url: https://t.appsflyer.com/api/v3/androidevent?buildnumber=3.01&app_id=com.careerbuilder.SugarDrone
I/AppsFlyer_( 8262): data: device=shamu&firstLaunchDate=2017-03-17_1257%2B0100&installDate=2017-03-17_1257%2B0100&sdk=22&carrier=&date1=2017-03-17_1257%2B0100&af_preinstalled=false&advertiserIdEnabled=true&iaecounter=0&lang_code=en&appsflyerKey=WV****************HFK5&app_version_name=3.1.7&lang=English&timepassedsincelastlaunch=0&dkh=WVGo7sxf&android_id=7d747c6abe49c203&advertiserId=a6d6f652-2eca-4acf-8d7d-f4e0d4e60926&deviceType=user&af_v=6e114a4a0fd0e5140b991193213a64d383b2b918&app_version_code=30011&platformextension=android_native&network=WIFI&operator=&country=US&date2=2017-03-17_1257%2B0100&brand=google&af_timestamp=1489708666440&uid=1489708629432-196571217018801044&isFirstCall=true&counter=2&model=Nexus+6&product=shamu
D/Mono    ( 8262): Assembly Ref addref Akavache[0xb4ae86a0] -> Mono.Android[0xb4b724c0]: 22
D/Mono    ( 8262): Assembly Loader probing location: '/Akavache.Mac.dll'.
D/Mono    ( 8262): Assembly Loader probing location: '/Users/builder/data/lanes/4009/3a62f1ea/source/monodroid/builds/install/mono-armv6/lib/Akavache.Mac.dll'.
D/Mono    ( 8262): Assembly Loader probing location: '/Akavache.Mac.exe'.
D/Mono    ( 8262): Assembly Loader probing location: '/Users/builder/data/lanes/4009/3a62f1ea/source/monodroid/builds/install/mono-armv6/lib/Akavache.Mac.exe'.
D/Mono    ( 8262): Assembly Loader probing location: '/Akavache.Deprecated.dll'.
D/Mono    ( 8262): Assembly Loader probing location: '/Users/builder/data/lanes/4009/3a62f1ea/source/monodroid/builds/install/mono-armv6/lib/Akavache.Deprecated.dll'.
D/Mono    ( 8262): Assembly Loader probing location: '/Akavache.Deprecated.exe'.
D/Mono    ( 8262): Assembly Loader probing location: '/Users/builder/data/lanes/4009/3a62f1ea/source/monodroid/builds/install/mono-armv6/lib/Akavache.Deprecated.exe'.
D/Mono    ( 8262): Assembly Loader probing location: '/Akavache.Mobile.dll'.
D/Mono    ( 8262): Assembly Loader probing location: '/Users/builder/data/lanes/4009/3a62f1ea/source/monodroid/builds/install/mono-armv6/lib/Akavache.Mobile.dll'.
D/Mono    ( 8262): Assembly Loader probing location: '/Akavache.Mobile.exe'.
D/Mono    ( 8262): Assembly Loader probing location: '/Users/builder/data/lanes/4009/3a62f1ea/source/monodroid/builds/install/mono-armv6/lib/Akavache.Mobile.exe'.
D/Mono    ( 8262): Unloading image System.Runtime.dll [0x9a29db00].
D/Mono    ( 8262): Image addref System.Runtime[0x9bc978e0] -> System.Runtime.dll[0xb4b76f00]: 12
D/Mono    ( 8262): Config attempting to parse: 'System.Runtime.dll.config'.
D/Mono    ( 8262): Config attempting to parse: '/Users/builder/data/lanes/4009/3a62f1ea/source/monodroid/builds/install/mono-armv6/etc/mono/assemblies/System.Runtime/System.Runtime.config'.
D/Mono    ( 8262): Assembly Ref addref Akavache.Sqlite3[0xb4ae8700] -> System.Runtime[0xb4b72580]: 10
D/Mono    ( 8262): Assembly Ref addref Akavache.Sqlite3[0xb4ae8700] -> Akavache[0xb4ae86a0]: 3
D/Mono    ( 8262): Unloading image Splat.dll [0x9a29db00].
D/Mono    ( 8262): Image addref Splat[0x9bc978e0] -> Splat.dll[0xb4841b00]: 6
D/Mono    ( 8262): Config attempting to parse: 'Splat.dll.config'.
D/Mono    ( 8262): Config attempting to parse: '/Users/builder/data/lanes/4009/3a62f1ea/source/monodroid/builds/install/mono-armv6/etc/mono/assemblies/Splat/Splat.config'.
D/Mono    ( 8262): Assembly Ref addref Akavache.Sqlite3[0xb4ae8700] -> Splat[0xb4ae8760]: 3
D/Mono    ( 8262): Assembly Ref addref System.Reactive.Core[0xb4b72160] -> System.Resources.ResourceManager[0x9bc979a0]: 3
D/Mono    ( 8262): Unloading image System.Collections.dll [0x9a29e000].
D/Mono    ( 8262): Image addref System.Collections[0x9bc978e0] -> System.Collections.dll[0xb4b79c00]: 7
D/Mono    ( 8262): Config attempting to parse: 'System.Collections.dll.config'.
D/Mono    ( 8262): Config attempting to parse: '/Users/builder/data/lanes/4009/3a62f1ea/source/monodroid/builds/install/mono-armv6/etc/mono/assemblies/System.Collections/System.Collections.config'.
D/Mono    ( 8262): Assembly Ref addref System.Reactive.Core[0xb4b72160] -> System.Collections[0xb4b72820]: 5
D/Mono    ( 8262): Assembly Ref addref System.Collections[0xb4b72820] -> System.Core[0xb4b72ac0]: 10
D/Mono    ( 8262): Unloading image System.Threading.dll [0x9a29e000].
D/Mono    ( 8262): Image addref System.Threading[0x97dd6580] -> System.Threading.dll[0xb4b78800]: 7
D/Mono    ( 8262): Config attempting to parse: 'System.Threading.dll.config'.
D/Mono    ( 8262): Config attempting to parse: '/Users/builder/data/lanes/4009/3a62f1ea/source/monodroid/builds/install/mono-armv6/etc/mono/assemblies/System.Threading/System.Threading.config'.
D/Mono    ( 8262): Assembly Ref addref System.Reactive.Core[0xb4b72160] -> System.Threading[0xb4b726a0]: 5
D/Mono    ( 8262): Unloading image System.Reflection.dll [0x9a29e000].
D/Mono    ( 8262): Image addref System.Reflection[0x97dd6640] -> System.Reflection.dll[0xb4b78300]: 6
D/Mono    ( 8262): Config attempting to parse: 'System.Reflection.dll.config'.
D/Mono    ( 8262): Config attempting to parse: '/Users/builder/data/lanes/4009/3a62f1ea/source/monodroid/builds/install/mono-armv6/etc/mono/assemblies/System.Reflection/System.Reflection.config'.
D/Mono    ( 8262): Assembly Ref addref System.Reactive.Core[0xb4b72160] -> System.Reflection[0xb4b72640]: 4
D/Mono    ( 8262): Unloading image System.Runtime.dll [0x9a29e000].
D/Mono    ( 8262): Image addref System.Runtime[0x97dd6580] -> System.Runtime.dll[0xb4b76f00]: 13
D/Mono    ( 8262): Config attempting to parse: 'System.Runtime.dll.config'.
D/Mono    ( 8262): Config attempting to parse: '/Users/builder/data/lanes/4009/3a62f1ea/source/monodroid/builds/install/mono-armv6/etc/mono/assemblies/System.Runtime/System.Runtime.config'.
D/Mono    ( 8262): Assembly Ref addref System.Reactive.PlatformServices[0xb4b72280] -> System.Runtime[0xb4b72580]: 11
D/Mono    ( 8262): Assembly Ref addref System.Reactive.PlatformServices[0xb4b72280] -> System.Reactive.Core[0xb4b72160]: 4
D/Mono    ( 8262): Assembly Ref addref System.Reactive.PlatformServices[0xb4b72280] -> System.Resources.ResourceManager[0x9bc979a0]: 4
D/Mono    ( 8262): Unloading image System.Reflection.dll [0x9a29e000].
D/Mono    ( 8262): Image addref System.Reflection[0x97dd6580] -> System.Reflection.dll[0xb4b78300]: 7
D/Mono    ( 8262): Config attempting to parse: 'System.Reflection.dll.config'.
D/Mono    ( 8262): Config attempting to parse: '/Users/builder/data/lanes/4009/3a62f1ea/source/monodroid/builds/install/mono-armv6/etc/mono/assemblies/System.Reflection/System.Reflection.config'.
D/Mono    ( 8262): Assembly Ref addref System.Reactive.PlatformServices[0xb4b72280] -> System.Reflection[0xb4b72640]: 5
D/Mono    ( 8262): Assembly Ref addref System.Reactive.PlatformServices[0xb4b72280] -> System.Reactive.Interfaces[0xb4b721c0]: 5
D/Mono    ( 8262): Unloading image System.Threading.Tasks.dll [0x9a29e500].
D/Mono    ( 8262): Image addref System.Threading.Tasks[0x97dd6580] -> System.Threading.Tasks.dll[0x9a142b00]: 6
D/Mono    ( 8262): Config attempting to parse: 'System.Threading.Tasks.dll.config'.
D/Mono    ( 8262): Config attempting to parse: '/Users/builder/data/lanes/4009/3a62f1ea/source/monodroid/builds/install/mono-armv6/etc/mono/assemblies/System.Threading.Tasks/System.Threading.Tasks.config'.
D/Mono    ( 8262): Assembly Ref addref System.Reactive.PlatformServices[0xb4b72280] -> System.Threading.Tasks[0x9a19f400]: 4
D/Mono    ( 8262): Assembly Ref addref System.Reactive.PlatformServices[0xb4b72280] -> System.Reactive.Linq[0xb4b72220]: 3
D/Mono    ( 8262): Unloading image System.Diagnostics.Debug.dll [0x9a29e500].
D/Mono    ( 8262): Image addref System.Diagnostics.Debug[0x97dd6580] -> System.Diagnostics.Debug.dll[0xb4b78d00]: 6
D/Mono    ( 8262): Config attempting to parse: 'System.Diagnostics.Debug.dll.config'.
D/Mono    ( 8262): Config attempting to parse: '/Users/builder/data/lanes/4009/3a62f1ea/source/monodroid/builds/install/mono-armv6/etc/mono/assemblies/System.Diagnostics.Debug/System.Diagnostics.Debug.config'.
D/Mono    ( 8262): Assembly Ref addref System.Reactive.PlatformServices[0xb4b72280] -> System.Diagnostics.Debug[0xb4b72700]: 4
D/Mono    ( 8262): Assembly Ref addref System.Reactive.Linq[0xb4b72220] -> System.Reactive.Core[0xb4b72160]: 5
D/Mono    ( 8262): Assembly Ref addref Akavache[0xb4ae86a0] -> System.Core[0xb4b72ac0]: 11
D/Mono    ( 8262): Assembly Ref addref System.Reactive.Linq[0xb4b72220] -> System.Resources.ResourceManager[0x9bc979a0]: 5
D/Mono    ( 8262): [0x9cb8ee00] hill climbing, change max number of threads 4
D/Mono    ( 8262): Assembly Ref addref CareerBuilder_Search[0xb4b72460] -> System.Reactive.Linq[0xb4b72220]: 4
D/Mono    ( 8262): Assembly Ref addref CareerBuilder_Search[0xb4b72460] -> Akavache[0xb4ae86a0]: 4
D/Mono    ( 8262): Assembly Ref addref Akavache.Sqlite3[0xb4ae8700] -> System.Reactive.Core[0xb4b72160]: 6
D/Mono    ( 8262): Assembly Ref addref Akavache.Sqlite3[0xb4ae8700] -> System.Reactive.Interfaces[0xb4b721c0]: 6
D/Mono    ( 8262): Assembly Ref addref Akavache.Sqlite3[0xb4ae8700] -> System.Reactive.Linq[0xb4b72220]: 5
D/Mono    ( 8262): Unloading image System.Runtime.Extensions.dll [0xaec75e00].
D/Mono    ( 8262): Image addref System.Runtime.Extensions[0xaec28e20] -> System.Runtime.Extensions.dll[0x9bf00f00]: 5
D/Mono    ( 8262): Config attempting to parse: 'System.Runtime.Extensions.dll.config'.
D/Mono    ( 8262): Config attempting to parse: '/Users/builder/data/lanes/4009/3a62f1ea/source/monodroid/builds/install/mono-armv6/etc/mono/assemblies/System.Runtime.Extensions/System.Runtime.Extensions.config'.
D/Mono    ( 8262): Assembly Ref addref Akavache.Sqlite3[0xb4ae8700] -> System.Runtime.Extensions[0x9bc97fa0]: 3
D/Mono    ( 8262): Unloading image System.Linq.dll [0xaec75e00].
D/Mono    ( 8262): Image addref System.Linq[0xaec28e20] -> System.Linq.dll[0xb4b7bf00]: 6
D/Mono    ( 8262): Config attempting to parse: 'System.Linq.dll.config'.
