D/Mono    ( 9083): Unloading image System.Threading.dll [0xaec5ce00].
D/Mono    ( 9083): Image addref System.Threading[0xaec28e20] -> System.Threading.dll[0xb4b7f800]: 8
D/Mono    ( 9083): Config attempting to parse: 'System.Threading.dll.config'.
D/Mono    ( 9083): Config attempting to parse: '/Users/builder/data/lanes/4009/3a62f1ea/source/monodroid/builds/install/mono-armv6/etc/mono/assemblies/System.Threading/System.Threading.config'.
D/Mono    ( 9083): Assembly Ref addref System.Reactive.Linq[0xb4acb220] -> System.Threading[0xb4acb6a0]: 6
D/Mono    ( 9083): Assembly Ref addref Akavache[0xb4b116a0] -> System.Reactive.PlatformServices[0xb4acb280]: 2
D/Mono    ( 9083): Unloading image System.Globalization.dll [0xaec5ce00].
D/Mono    ( 9083): Image addref System.Globalization[0xaec28e20] -> System.Globalization.dll[0x9b536000]: 5
D/Mono    ( 9083): Config attempting to parse: 'System.Globalization.dll.config'.
D/Mono    ( 9083): Config attempting to parse: '/Users/builder/data/lanes/4009/3a62f1ea/source/monodroid/builds/install/mono-armv6/etc/mono/assemblies/System.Globalization/System.Globalization.config'.
D/Mono    ( 9083): Assembly Ref addref System.Reactive.Linq[0xb4acb220] -> System.Globalization[0x9cb94d00]: 3
D/Mono    ( 9083): Unloading image System.Runtime.Extensions.dll [0xaec5ce00].
D/Mono    ( 9083): Image addref System.Runtime.Extensions[0xaec28e20] -> System.Runtime.Extensions.dll[0x9b536500]: 6
D/Mono    ( 9083): Config attempting to parse: 'System.Runtime.Extensions.dll.config'.
D/Mono    ( 9083): Config attempting to parse: '/Users/builder/data/lanes/4009/3a62f1ea/source/monodroid/builds/install/mono-armv6/etc/mono/assemblies/System.Runtime.Extensions/System.Runtime.Extensions.config'.
D/Mono    ( 9083): Assembly Ref addref System.Reactive.Core[0xb4acb160] -> System.Runtime.Extensions[0x9b5a25e0]: 4
D/Mono    ( 9083): Assembly Ref addref System.Runtime.Extensions[0x9b5a25e0] -> System[0xb4acb760]: 9
D/Mono    ( 9083): Unloading image System.Globalization.dll [0xaec5ce00].
D/Mono    ( 9083): Image addref System.Globalization[0xaec28e20] -> System.Globalization.dll[0x9b536000]: 6
D/Mono    ( 9083): Config attempting to parse: 'System.Globalization.dll.config'.
D/Mono    ( 9083): Config attempting to parse: '/Users/builder/data/lanes/4009/3a62f1ea/source/monodroid/builds/install/mono-armv6/etc/mono/assemblies/System.Globalization/System.Globalization.config'.
D/Mono    ( 9083): Assembly Ref addref System.Reactive.Core[0xb4acb160] -> System.Globalization[0x9cb94d00]: 4
D/Mono    ( 9083): Unloading image System.Threading.Tasks.dll [0xaec5ce00].
D/Mono    ( 9083): Image addref System.Threading.Tasks[0xaec28e20] -> System.Threading.Tasks.dll[0x9b534c00]: 7
D/Mono    ( 9083): Config attempting to parse: 'System.Threading.Tasks.dll.config'.
D/Mono    ( 9083): Config attempting to parse: '/Users/builder/data/lanes/4009/3a62f1ea/source/monodroid/builds/install/mono-armv6/etc/mono/assemblies/System.Threading.Tasks/System.Threading.Tasks.config'.
D/Mono    ( 9083): Assembly Ref addref System.Reactive.Core[0xb4acb160] -> System.Threading.Tasks[0x9b5a2520]: 5
D/Mono    ( 9083): [0x97f94480] worker starting
D/Mono    ( 9083): Unloading image System.Collections.dll [0xaec5ce00].
D/Mono    ( 9083): Image addref System.Collections[0xaec28f40] -> System.Collections.dll[0xb4b80c00]: 8
D/Mono    ( 9083): Config attempting to parse: 'System.Collections.dll.config'.
D/Mono    ( 9083): Config attempting to parse: '/Users/builder/data/lanes/4009/3a62f1ea/source/monodroid/builds/install/mono-armv6/etc/mono/assemblies/System.Collections/System.Collections.config'.
D/Mono    ( 9083): Assembly Ref addref Akavache.Sqlite3[0xb4b11700] -> System.Collections[0xb4acb820]: 6
D/Mono    ( 9083): Unloading image SQLitePCL.raw.dll [0xaec5ce00].
D/Mono    ( 9083): Image addref SQLitePCL.raw[0xaec28f40] -> SQLitePCL.raw.dll[0xb4b7cb00]: 5
D/Mono    ( 9083): Config attempting to parse: 'SQLitePCL.raw.dll.config'.
D/Mono    ( 9083): Config attempting to parse: '/Users/builder/data/lanes/4009/3a62f1ea/source/monodroid/builds/install/mono-armv6/etc/mono/assemblies/SQLitePCL.raw/SQLitePCL.raw.config'.
D/Mono    ( 9083): Assembly Ref addref Akavache.Sqlite3[0xb4b11700] -> SQLitePCL.raw[0xb4acb400]: 2
D/Mono    ( 9083): Assembly Ref addref SQLitePCL.raw[0xb4acb400] -> mscorlib[0xb4b11520]: 42
D/Mono    ( 9083): Assembly Ref addref Splat[0xb4b11760] -> System[0xb4acb760]: 10
D/Mono    ( 9083): DllImport attempting to load: '/system/lib/libsqlite.so'.
D/Mono    ( 9083): DllImport loaded library '/system/lib/libsqlite.so'.
D/Mono    ( 9083): DllImport searching in: '/system/lib/libsqlite.so' ('/system/lib/libsqlite.so').
D/Mono    ( 9083): Searching for 'sqlite3_open_v2'.
D/Mono    ( 9083): Probing 'sqlite3_open_v2'.
D/Mono    ( 9083): Found as 'sqlite3_open_v2'.
D/Mono    ( 9083): DllImport searching in: '/system/lib/libsqlite.so' ('/system/lib/libsqlite.so').
D/Mono    ( 9083): Searching for 'sqlite3_busy_timeout'.
D/Mono    ( 9083): Probing 'sqlite3_busy_timeout'.
D/Mono    ( 9083): Found as 'sqlite3_busy_timeout'.
D/Mono    ( 9083): Unloading image System.Threading.Tasks.dll [0xaec60500].
D/Mono    ( 9083): Image addref System.Threading.Tasks[0xaed7b940] -> System.Threading.Tasks.dll[0x9b534c00]: 8
D/Mono    ( 9083): Config attempting to parse: 'System.Threading.Tasks.dll.config'.
D/Mono    ( 9083): Config attempting to parse: '/Users/builder/data/lanes/4009/3a62f1ea/source/monodroid/builds/install/mono-armv6/etc/mono/assemblies/System.Threading.Tasks/System.Threading.Tasks.config'.
D/Mono    ( 9083): Assembly Ref addref Akavache.Sqlite3[0xb4b11700] -> System.Threading.Tasks[0x9b5a2520]: 6
D/Mono    ( 9083): Unloading image System.Linq.dll [0xaec60500].
D/Mono    ( 9083): Image addref System.Linq[0xaed7b940] -> System.Linq.dll[0xb4b82f00]: 7
D/Mono    ( 9083): Config attempting to parse: 'System.Linq.dll.config'.
D/Mono    ( 9083): Config attempting to parse: '/Users/builder/data/lanes/4009/3a62f1ea/source/monodroid/builds/install/mono-armv6/etc/mono/assemblies/System.Linq/System.Linq.config'.
D/Mono    ( 9083): Assembly Ref addref Akavache.Sqlite3[0xb4b11700] -> System.Linq[0xb4acb940]: 5
D/Mono    ( 9083): DllImport searching in: '/system/lib/libsqlite.so' ('/system/lib/libsqlite.so').
D/Mono    ( 9083): Searching for 'sqlite3_prepare_v2'.
D/Mono    ( 9083): Probing 'sqlite3_prepare_v2'.
D/Mono    ( 9083): Found as 'sqlite3_prepare_v2'.
D/Mono    ( 9083): DllImport searching in: '/system/lib/libsqlite.so' ('/system/lib/libsqlite.so').
D/Mono    ( 9083): Searching for 'sqlite3_step'.
D/Mono    ( 9083): Probing 'sqlite3_step'.
D/Mono    ( 9083): Found as 'sqlite3_step'.
D/Mono    ( 9083): DllImport searching in: '/system/lib/libsqlite.so' ('/system/lib/libsqlite.so').
D/Mono    ( 9083): Searching for 'sqlite3_column_type'.
D/Mono    ( 9083): Probing 'sqlite3_column_type'.
D/Mono    ( 9083): Found as 'sqlite3_column_type'.
D/Mono    ( 9083): Unloading image System.Reflection.dll [0xaec5ce00].
D/Mono    ( 9083): Image addref System.Reflection[0xaed7b940] -> System.Reflection.dll[0xb4b7f300]: 8
D/Mono    ( 9083): Config attempting to parse: 'System.Reflection.dll.config'.
D/Mono    ( 9083): Config attempting to parse: '/Users/builder/data/lanes/4009/3a62f1ea/source/monodroid/builds/install/mono-armv6/etc/mono/assemblies/System.Reflection/System.Reflection.config'.
D/Mono    ( 9083): Assembly Ref addref Akavache.Sqlite3[0xb4b11700] -> System.Reflection[0xb4acb640]: 6
D/Mono    ( 9083): DllImport searching in: '/system/lib/libsqlite.so' ('/system/lib/libsqlite.so').
D/Mono    ( 9083): Searching for 'sqlite3_column_int'.
D/Mono    ( 9083): Probing 'sqlite3_column_int'.
D/Mono    ( 9083): Found as 'sqlite3_column_int'.
D/Mono    ( 9083): DllImport searching in: '/system/lib/libsqlite.so' ('/system/lib/libsqlite.so').
D/Mono    ( 9083): Searching for 'sqlite3_finalize'.
D/Mono    ( 9083): Probing 'sqlite3_finalize'.
D/Mono    ( 9083): Found as 'sqlite3_finalize'.
D/Mono    ( 9083): DllImport searching in: '/system/lib/libsqlite.so' ('/system/lib/libsqlite.so').
D/Mono    ( 9083): Searching for 'sqlite3_changes'.
D/Mono    ( 9083): Probing 'sqlite3_changes'.
D/Mono    ( 9083): Found as 'sqlite3_changes'.
D/Mono    ( 9083): Assembly Ref addref Akavache.Sqlite3[0xb4b11700] -> System.Reflection.Extensions[0xb4acbbe0]: 4
D/Mono    ( 9083): DllImport searching in: '/system/lib/libsqlite.so' ('/system/lib/libsqlite.so').
D/Mono    ( 9083): Searching for 'sqlite3_column_count'.
D/Mono    ( 9083): Probing 'sqlite3_column_count'.
D/Mono    ( 9083): Found as 'sqlite3_column_count'.
D/Mono    ( 9083): DllImport searching in: '/system/lib/libsqlite.so' ('/system/lib/libsqlite.so').
D/Mono    ( 9083): Searching for 'sqlite3_column_name'.
D/Mono    ( 9083): Probing 'sqlite3_column_name'.
D/Mono    ( 9083): Found as 'sqlite3_column_name'.
D/Mono    ( 9083): DllImport searching in: '/system/lib/libsqlite.so' ('/system/lib/libsqlite.so').
D/Mono    ( 9083): Searching for 'sqlite3_column_text'.
D/Mono    ( 9083): Probing 'sqlite3_column_text'.
D/Mono    ( 9083): Found as 'sqlite3_column_text'.
E/SQLiteLog( 9083): (1) no such table: SchemaInfo
D/Mono    ( 9083): DllImport searching in: '/system/lib/libsqlite.so' ('/system/lib/libsqlite.so').
D/Mono    ( 9083): Searching for 'sqlite3_errmsg'.
D/Mono    ( 9083): Probing 'sqlite3_errmsg'.
D/Mono    ( 9083): Found as 'sqlite3_errmsg'.
D/Mono    ( 9083): DllImport searching in: '/system/lib/libsqlite.so' ('/system/lib/libsqlite.so').
D/Mono    ( 9083): Searching for 'sqlite3_bind_int'.
D/Mono    ( 9083): Probing 'sqlite3_bind_int'.
D/Mono    ( 9083): Found as 'sqlite3_bind_int'.
D/Mono    ( 9083): DllImport searching in: '/system/lib/libsqlite.so' ('/system/lib/libsqlite.so').
D/Mono    ( 9083): Searching for 'sqlite3_reset'.
D/Mono    ( 9083): Probing 'sqlite3_reset'.
D/Mono    ( 9083): Found as 'sqlite3_reset'.
D/Mono    ( 9083): Unloading image System.Threading.dll [0xaec62300].
D/Mono    ( 9083): Image addref System.Threading[0xaed7bb20] -> System.Threading.dll[0xb4b7f800]: 9
D/Mono    ( 9083): Config attempting to parse: 'System.Threading.dll.config'.
D/Mono    ( 9083): Config attempting to parse: '/Users/builder/data/lanes/4009/3a62f1ea/source/monodroid/builds/install/mono-armv6/etc/mono/assemblies/System.Threading/System.Threading.config'.
D/Mono    ( 9083): Assembly Ref addref Akavache.Sqlite3[0xb4b11700] -> System.Threading[0xb4acb6a0]: 7
D/Mono    ( 9083): DllImport searching in: '/system/lib/libsqlite.so' ('/system/lib/libsqlite.so').
D/Mono    ( 9083): Searching for 'sqlite3_bind_text'.
D/Mono    ( 9083): Probing 'sqlite3_bind_text'.
D/Mono    ( 9083): Found as 'sqlite3_bind_text'.
D/Mono    ( 9083): Unloading image Newtonsoft.Json.dll [0x9b68bd00].
D/Mono    ( 9083): Image addref Newtonsoft.Json[0x9b5a2280] -> Newtonsoft.Json.dll[0xb4849d00]: 5
D/Mono    ( 9083): Config attempting to parse: 'Newtonsoft.Json.dll.config'.
D/Mono    ( 9083): Config attempting to parse: '/Users/builder/data/lanes/4009/3a62f1ea/source/monodroid/builds/install/mono-armv6/etc/mono/assemblies/Newtonsoft.Json/Newtonsoft.Json.config'.
D/Mono    ( 9083): Assembly Ref addref Akavache.Sqlite3[0xb4b11700] -> Newtonsoft.Json[0xb4acb0a0]: 3
D/Mono    ( 9083): Image addref System.IO[0x9b5a2280] -> System.IO.dll[0x9b68bd00]: 2
D/Mono    ( 9083): Prepared to set up assembly 'System.IO' (System.IO.dll)
D/Mono    ( 9083): Assembly System.IO[0x9b5a2280] added to domain RootDomain, ref_count=1
D/Mono    ( 9083): AOT module 'System.IO.dll.so' not found: dlopen failed: library "/data/app/com.careerbuilder.SugarDrone-1/lib/arm/libaot-System.IO.dll.so" not found
D/Mono    ( 9083): AOT module '/Users/builder/data/lanes/4009/3a62f1ea/source/monodroid/builds/install/mono-armv6/lib/mono/aot-cache/arm/System.IO.dll.so' not found: dlopen failed: library "/data/app/com.careerbuilder.SugarDrone-1/lib/arm/libaot-System.IO.dll.so" not found
D/Mono    ( 9083): Config attempting to parse: 'System.IO.dll.config'.
D/Mono    ( 9083): Config attempting to parse: '/Users/builder/data/lanes/4009/3a62f1ea/source/monodroid/builds/install/mono-armv6/etc/mono/assemblies/System.IO/System.IO.config'.
D/Mono    ( 9083): Assembly Ref addref Akavache.Sqlite3[0xb4b11700] -> System.IO[0x9b5a2280]: 2
D/Mono    ( 9083): Assembly Ref addref System.IO[0x9b5a2280] -> mscorlib[0xb4b11520]: 43
D/Mono    ( 9083): Image addref System.Runtime.Serialization.Primitives[0x9b5a2220] -> System.Runtime.Serialization.Primitives.dll[0x9b68b800]: 2
D/Mono    ( 9083): Prepared to set up assembly 'System.Runtime.Serialization.Primitives' (System.Runtime.Serialization.Primitives.dll)
D/Mono    ( 9083): Assembly System.Runtime.Serialization.Primitives[0x9b5a2220] added to domain RootDomain, ref_count=1
D/Mono    ( 9083): AOT module 'System.Runtime.Serialization.Primitives.dll.so' not found: dlopen failed: library "/data/app/com.careerbuilder.SugarDrone-1/lib/arm/libaot-System.Runtime.Serialization.Primitives.dll.so" not found
D/Mono    ( 9083): AOT module '/Users/builder/data/lanes/4009/3a62f1ea/source/monodroid/builds/install/mono-armv6/lib/mono/aot-cache/arm/System.Runtime.Serialization.Primitives.dll.so' not found: dlopen failed: library "/data/app/com.careerbuilder.SugarDrone-1/lib/arm/libaot-System.Runtime.Serialization.Primitives.dll.so" not found
D/Mono    ( 9083): Config attempting to parse: 'System.Runtime.Serialization.Primitives.dll.config'.
D/Mono    ( 9083): Config attempting to parse: '/Users/builder/data/lanes/4009/3a62f1ea/source/monodroid/builds/install/mono-armv6/etc/mono/assemblies/System.Runtime.Serialization.Primitives/System.Runtime.Serialization.Primitives.config'.
D/Mono    ( 9083): Assembly Ref addref Newtonsoft.Json[0xb4acb0a0] -> System.Runtime.Serialization.Primitives[0x9b5a2220]: 2
D/Mono    ( 9083): Assembly Ref addref System.Runtime.Serialization.Primitives[0x9b5a2220] -> mscorlib[0xb4b11520]: 44
D/Mono    ( 9083): Unloading image System.Globalization.dll [0xb4b88e00].
D/Mono    ( 9083): Image addref System.Globalization[0x9b5a21c0] -> System.Globalization.dll[0x9b536000]: 7
D/Mono    ( 9083): Config attempting to parse: 'System.Globalization.dll.config'.
D/Mono    ( 9083): Config attempting to parse: '/Users/builder/data/lanes/4009/3a62f1ea/source/monodroid/builds/install/mono-armv6/etc/mono/assemblies/System.Globalization/System.Globalization.config'.
D/Mono    ( 9083): Assembly Ref addref Newtonsoft.Json[0xb4acb0a0] -> System.Globalization[0x9cb94d00]: 5
D/Mono    ( 9083): Unloading image System.Collections.dll [0xb4b88e00].
D/Mono    ( 9083): Image addref System.Collections[0x9b5a21c0] -> System.Collections.dll[0xb4b80c00]: 9
D/Mono    ( 9083): Config attempting to parse: 'System.Collections.dll.config'.
D/Mono    ( 9083): Config attempting to parse: '/Users/builder/data/lanes/4009/3a62f1ea/source/monodroid/builds/install/mono-armv6/etc/mono/assemblies/System.Collections/System.Collections.config'.
D/Mono    ( 9083): Assembly Ref addref Newtonsoft.Json[0xb4acb0a0] -> System.Collections[0xb4acb820]: 7
D/Mono    ( 9083): Unloading image System.IO.dll [0xb4b88e00].
D/Mono    ( 9083): Image addref System.IO[0x9b5a21c0] -> System.IO.dll[0x9b68bd00]: 5
D/Mono    ( 9083): Config attempting to parse: 'System.IO.dll.config'.
D/Mono    ( 9083): Config attempting to parse: '/Users/builder/data/lanes/4009/3a62f1ea/source/monodroid/builds/install/mono-armv6/etc/mono/assemblies/System.IO/System.IO.config'.
D/Mono    ( 9083): Assembly Ref addref Newtonsoft.Json[0xb4acb0a0] -> System.IO[0x9b5a2280]: 3
D/Mono    ( 9083): Unloading image System.Runtime.Extensions.dll [0xb4b88e00].
D/Mono    ( 9083): Image addref System.Runtime.Extensions[0x9b5a21c0] -> System.Runtime.Extensions.dll[0x9b536500]: 7
D/Mono    ( 9083): Config attempting to parse: 'System.Runtime.Extensions.dll.config'.
D/Mono    ( 9083): Config attempting to parse: '/Users/builder/data/lanes/4009/3a62f1ea/source/monodroid/builds/install/mono-armv6/etc/mono/assemblies/System.Runtime.Extensions/System.Runtime.Extensions.config'.
D/Mono    ( 9083): Assembly Ref addref Newtonsoft.Json[0xb4acb0a0] -> System.Runtime.Extensions[0x9b5a25e0]: 5
D/Mono    ( 9083): Image addref System.Text.Encoding[0x9b5a21c0] -> System.Text.Encoding.dll[0xb4b88e00]: 2
D/Mono    ( 9083): Prepared to set up assembly 'System.Text.Encoding' (System.Text.Encoding.dll)
D/Mono    ( 9083): Assembly System.Text.Encoding[0x9b5a21c0] added to domain RootDomain, ref_count=1
D/Mono    ( 9083): AOT module 'System.Text.Encoding.dll.so' not found: dlopen failed: library "/data/app/com.careerbuilder.SugarDrone-1/lib/arm/libaot-System.Text.Encoding.dll.so" not found
D/Mono    ( 9083): AOT module '/Users/builder/data/lanes/4009/3a62f1ea/source/monodroid/builds/install/mono-armv6/lib/mono/aot-cache/arm/System.Text.Encoding.dll.so' not found: dlopen failed: library "/data/app/com.careerbuilder.SugarDrone-1/lib/arm/libaot-System.Text.Encoding.dll.so" not found
D/Mono    ( 9083): Config attempting to parse: 'System.Text.Encoding.dll.config'.
D/Mono    ( 9083): Config attempting to parse: '/Users/builder/data/lanes/4009/3a62f1ea/source/monodroid/builds/install/mono-armv6/etc/mono/assemblies/System.Text.Encoding/System.Text.Encoding.config'.
D/Mono    ( 9083): Assembly Ref addref Newtonsoft.Json[0xb4acb0a0] -> System.Text.Encoding[0x9b5a21c0]: 2
D/Mono    ( 9083): Assembly Ref addref System.Text.Encoding[0x9b5a21c0] -> mscorlib[0xb4b11520]: 45
D/Mono    ( 9083): Unloading image System.Linq.dll [0xb4b89300].
D/Mono    ( 9083): Image addref System.Linq[0x9b5a2160] -> System.Linq.dll[0xb4b82f00]: 8
D/Mono    ( 9083): Config attempting to parse: 'System.Linq.dll.config'.
D/Mono    ( 9083): Config attempting to parse: '/Users/builder/data/lanes/4009/3a62f1ea/source/monodroid/builds/install/mono-armv6/etc/mono/assemblies/System.Linq/System.Linq.config'.
D/Mono    ( 9083): Assembly Ref addref Newtonsoft.Json[0xb4acb0a0] -> System.Linq[0xb4acb940]: 6
D/Mono    ( 9083): Unloading image System.Reflection.dll [0xb4b89300].
D/Mono    ( 9083): Image addref System.Reflection[0x97fa5b80] -> System.Reflection.dll[0xb4b7f300]: 9
D/Mono    ( 9083): Config attempting to parse: 'System.Reflection.dll.config'.
D/Mono    ( 9083): Config attempting to parse: '/Users/builder/data/lanes/4009/3a62f1ea/source/monodroid/builds/install/mono-armv6/etc/mono/assemblies/System.Reflection/System.Reflection.config'.
D/Mono    ( 9083): Assembly Ref addref Newtonsoft.Json[0xb4acb0a0] -> System.Reflection[0xb4acb640]: 7
D/Mono    ( 9083): Image addref System.Runtime.Serialization[0x97fa5b80] -> System.Runtime.Serialization.dll[0xb4b89300]: 2
D/Mono    ( 9083): Prepared to set up assembly 'System.Runtime.Serialization' (System.Runtime.Serialization.dll)
D/Mono    ( 9083): Assembly System.Runtime.Serialization[0x97fa5b80] added to domain RootDomain, ref_count=1
D/Mono    ( 9083): AOT module 'System.Runtime.Serialization.dll.so' not found: dlopen failed: library "/data/app/com.careerbuilder.SugarDrone-1/lib/arm/libaot-System.Runtime.Serialization.dll.so" not found
D/Mono    ( 9083): AOT module '/Users/builder/data/lanes/4009/3a62f1ea/source/monodroid/builds/install/mono-armv6/lib/mono/aot-cache/arm/System.Runtime.Serialization.dll.so' not found: dlopen failed: library "/data/app/com.careerbuilder.SugarDrone-1/lib/arm/libaot-System.Runtime.Serialization.dll.so" not found
D/Mono    ( 9083): Config attempting to parse: 'System.Runtime.Serialization.dll.config'.
D/Mono    ( 9083): Config attempting to parse: '/Users/builder/data/lanes/4009/3a62f1ea/source/monodroid/builds/install/mono-armv6/etc/mono/assemblies/System.Runtime.Serialization/System.Runtime.Serialization.config'.
D/Mono    ( 9083): Assembly Ref addref System.Runtime.Serialization.Primitives[0x9b5a2220] -> System.Runtime.Serialization[0x97fa5b80]: 2
D/Mono    ( 9083): Assembly Ref addref System.Runtime.Serialization[0x97fa5b80] -> mscorlib[0xb4b11520]: 46
D/Mono    ( 9083): Image addref System.Text.Encoding.Extensions[0x9b5a2160] -> System.Text.Encoding.Extensions.dll[0x9b68c200]: 2
D/Mono    ( 9083): Prepared to set up assembly 'System.Text.Encoding.Extensions' (System.Text.Encoding.Extensions.dll)
D/Mono    ( 9083): Assembly System.Text.Encoding.Extensions[0x9b5a2160] added to domain RootDomain, ref_count=1
D/Mono    ( 9083): AOT module 'System.Text.Encoding.Extensions.dll.so' not found: dlopen failed: library "/data/app/com.careerbuilder.SugarDrone-1/lib/arm/libaot-System.Text.Encoding.Extensions.dll.so" not found
D/Mono    ( 9083): AOT module '/Users/builder/data/lanes/4009/3a62f1ea/source/monodroid/builds/install/mono-armv6/lib/mono/aot-cache/arm/System.Text.Encoding.Extensions.dll.so' not found: dlopen failed: library "/data/app/com.careerbuilder.SugarDrone-1/lib/arm/libaot-System.Text.Encoding.Extensions.dll.so" not found
D/Mono    ( 9083): Config attempting to parse: 'System.Text.Encoding.Extensions.dll.config'.
D/Mono    ( 9083): Config attempting to parse: '/Users/builder/data/lanes/4009/3a62f1ea/source/monodroid/builds/install/mono-armv6/etc/mono/assemblies/System.Text.Encoding.Extensions/System.Text.Encoding.Extensions.config'.
D/Mono    ( 9083): Assembly Ref addref Newtonsoft.Json[0xb4acb0a0] -> System.Text.Encoding.Extensions[0x9b5a2160]: 2
D/Mono    ( 9083): Assembly Ref addref System.Text.Encoding.Extensions[0x9b5a2160] -> mscorlib[0xb4b11520]: 47
D/Mono    ( 9083): Unloading image System.Threading.dll [0x9b68c700].
D/Mono    ( 9083): Image addref System.Threading[0x97fa5ca0] -> System.Threading.dll[0xb4b7f800]: 10
D/Mono    ( 9083): Config attempting to parse: 'System.Threading.dll.config'.
D/Mono    ( 9083): Config attempting to parse: '/Users/builder/data/lanes/4009/3a62f1ea/source/monodroid/builds/install/mono-armv6/etc/mono/assemblies/System.Threading/System.Threading.config'.
D/Mono    ( 9083): Assembly Ref addref Newtonsoft.Json[0xb4acb0a0] -> System.Threading[0xb4acb6a0]: 8
D/Mono    ( 9083): Assembly Ref addref Newtonsoft.Json[0xb4acb0a0] -> System.Reflection.Extensions[0xb4acbbe0]: 5
D/Mono    ( 9083): Assembly Ref addref System.ObjectModel[0x9b64eb20] -> mscorlib[0xb4b11520]: 48
D/Mono    ( 9083): Image addref System.Xml.XDocument[0x97fa5ee0] -> System.Xml.XDocument.dll[0x9b68d600]: 2
D/Mono    ( 9083): Prepared to set up assembly 'System.Xml.XDocument' (System.Xml.XDocument.dll)
D/Mono    ( 9083): Assembly System.Xml.XDocument[0x97fa5ee0] added to domain RootDomain, ref_count=1
D/Mono    ( 9083): AOT module 'System.Xml.XDocument.dll.so' not found: dlopen failed: library "/data/app/com.careerbuilder.SugarDrone-1/lib/arm/libaot-System.Xml.XDocument.dll.so" not found
D/Mono    ( 9083): AOT module '/Users/builder/data/lanes/4009/3a62f1ea/source/monodroid/builds/install/mono-armv6/lib/mono/aot-cache/arm/System.Xml.XDocument.dll.so' not found: dlopen failed: library "/data/app/com.careerbuilder.SugarDrone-1/lib/arm/libaot-System.Xml.XDocument.dll.so" not found
D/Mono    ( 9083): Config attempting to parse: 'System.Xml.XDocument.dll.config'.
D/Mono    ( 9083): Config attempting to parse: '/Users/builder/data/lanes/4009/3a62f1ea/source/monodroid/builds/install/mono-armv6/etc/mono/assemblies/System.Xml.XDocument/System.Xml.XDocument.config'.
D/Mono    ( 9083): Assembly Ref addref Newtonsoft.Json[0xb4acb0a0] -> System.Xml.XDocument[0x97fa5ee0]: 2
D/Mono    ( 9083): Image addref System.Xml.Linq[0x97fa5e80] -> System.Xml.Linq.dll[0x9b68db00]: 2
D/Mono    ( 9083): Prepared to set up assembly 'System.Xml.Linq' (System.Xml.Linq.dll)
D/Mono    ( 9083): Assembly System.Xml.Linq[0x97fa5e80] added to domain RootDomain, ref_count=1
D/Mono    ( 9083): AOT module 'System.Xml.Linq.dll.so' not found: dlopen failed: library "/data/app/com.careerbuilder.SugarDrone-1/lib/arm/libaot-System.Xml.Linq.dll.so" not found
D/Mono    ( 9083): AOT module '/Users/builder/data/lanes/4009/3a62f1ea/source/monodroid/builds/install/mono-armv6/lib/mono/aot-cache/arm/System.Xml.Linq.dll.so' not found: dlopen failed: library "/data/app/com.careerbuilder.SugarDrone-1/lib/arm/libaot-System.Xml.Linq.dll.so" not found
D/Mono    ( 9083): Config attempting to parse: 'System.Xml.Linq.dll.config'.
D/Mono    ( 9083): Config attempting to parse: '/Users/builder/data/lanes/4009/3a62f1ea/source/monodroid/builds/install/mono-armv6/etc/mono/assemblies/System.Xml.Linq/System.Xml.Linq.config'.
D/Mono    ( 9083): Assembly Ref addref System.Xml.XDocument[0x97fa5ee0] -> System.Xml.Linq[0x97fa5e80]: 2
D/Mono    ( 9083): Assembly Ref addref System.Xml.Linq[0x97fa5e80] -> mscorlib[0xb4b11520]: 49
D/Mono    ( 9083): Assembly Ref addref System.Xml.Linq[0x97fa5e80] -> System.Xml[0x9cb940a0]: 4
D/Mono    ( 9083): Image addref System.Text.RegularExpressions[0x97fa5fa0] -> System.Text.RegularExpressions.dll[0x9b68e000]: 2
D/Mono    ( 9083): Prepared to set up assembly 'System.Text.RegularExpressions' (System.Text.RegularExpressions.dll)
D/Mono    ( 9083): Assembly System.Text.RegularExpressions[0x97fa5fa0] added to domain RootDomain, ref_count=1
D/Mono    ( 9083): AOT module 'System.Text.RegularExpressions.dll.so' not found: dlopen failed: library "/data/app/com.careerbuilder.SugarDrone-1/lib/arm/libaot-System.Text.RegularExpressions.dll.so" not found
D/Mono    ( 9083): AOT module '/Users/builder/data/lanes/4009/3a62f1ea/source/monodroid/builds/install/mono-armv6/lib/mono/aot-cache/arm/System.Text.RegularExpressions.dll.so' not found: dlopen failed: library "/data/app/com.careerbuilder.SugarDrone-1/lib/arm/libaot-System.Text.RegularExpressions.dll.so" not found
D/Mono    ( 9083): Config attempting to parse: 'System.Text.RegularExpressions.dll.config'.
D/Mono    ( 9083): Config attempting to parse: '/Users/builder/data/lanes/4009/3a62f1ea/source/monodroid/builds/install/mono-armv6/etc/mono/assemblies/System.Text.RegularExpressions/System.Text.RegularExpressions.config'.
D/Mono    ( 9083): Assembly Ref addref Newtonsoft.Json[0xb4acb0a0] -> System.Text.RegularExpressions[0x97fa5fa0]: 2
D/Mono    ( 9083): Assembly Ref addref System.Text.RegularExpressions[0x97fa5fa0] -> System[0xb4acb760]: 11
D/Mono    ( 9083): Unloading image System.Linq.Expressions.dll [0x9b68e500].
D/Mono    ( 9083): Image addref System.Linq.Expressions[0x97fa5f40] -> System.Linq.Expressions.dll[0x9b535600]: 5
D/Mono    ( 9083): Config attempting to parse: 'System.Linq.Expressions.dll.config'.
D/Mono    ( 9083): Config attempting to parse: '/Users/builder/data/lanes/4009/3a62f1ea/source/monodroid/builds/install/mono-armv6/etc/mono/assemblies/System.Linq.Expressions/System.Linq.Expressions.config'.
D/Mono    ( 9083): Assembly Ref addref Newtonsoft.Json[0xb4acb0a0] -> System.Linq.Expressions[0x9b5a2640]: 3
D/Mono    ( 9083): DllImport searching in: '/system/lib/libsqlite.so' ('/system/lib/libsqlite.so').
D/Mono    ( 9083): Searching for 'sqlite3_bind_blob'.
D/Mono    ( 9083): Probing 'sqlite3_bind_blob'.
D/Mono    ( 9083): Found as 'sqlite3_bind_blob'.
D/Mono    ( 9083): DllImport searching in: '/system/lib/libsqlite.so' ('/system/lib/libsqlite.so').
D/Mono    ( 9083): Searching for 'sqlite3_bind_int64'.
D/Mono    ( 9083): Probing 'sqlite3_bind_int64'.
D/Mono    ( 9083): Found as 'sqlite3_bind_int64'.
D/Mono    ( 9083): DllImport searching in: '__Internal' ('(null)').
D/Mono    ( 9083): Searching for 'java_interop_jnienv_call_nonvirtual_boolean_method_a'.
D/Mono    ( 9083): Probing 'java_interop_jnienv_call_nonvirtual_boolean_method_a'.
D/Mono    ( 9083): Found as 'java_interop_jnienv_call_nonvirtual_boolean_method_a'.
I/calabash( 9083): execStartActivity 4
I/ActivityManager(  815): START u0 {cmp=com.careerbuilder.SugarDrone/md5a4824aa66c0dc4d104077b72c1916a44.TermsAndConditionsActivity} from uid 11558 on display 0
V/WindowManager(  815): addAppToken: AppWindowToken{388f5f50 token=Token{2a56b113 ActivityRecord{25f2f402 u0 com.careerbuilder.SugarDrone/md5a4824aa66c0dc4d104077b72c1916a44.TermsAndConditionsActivity t35}}} to stack=1 task=35 at 1
W/ResourceType( 9083): No known package when getting name for resource number 0xffffffff
W/ResourceType( 9083): No known package when getting name for resource number 0xffffffff
W/ResourceType( 9083): No known package when getting name for resource number 0xffffffff
I/calabash( 9083): newActivity1
V/WindowManager(  815): Adding window Window{36a04e4e u0 com.careerbuilder.SugarDrone/md5a4824aa66c0dc4d104077b72c1916a44.TermsAndConditionsActivity} at 3 of 8 (after Window{37d27fab u0 com.careerbuilder.SugarDrone/md537fd6201b6818e2e180d2f7606e21a83.AppMainActivity})
I/ActivityManager(  815): Displayed com.careerbuilder.SugarDrone/md5a4824aa66c0dc4d104077b72c1916a44.TermsAndConditionsActivity: +286ms
I/System.out( 9083): URI: /map
I/System.out( 9083): params: {json={"query":"* id:'agreeAndContinueButton'","operation":{"method_name":"query","arguments":[]}}
I/System.out( 9083): }
W/ResourceType( 9083): No known package when getting name for resource number 0xffffffff
W/ResourceType( 9083): No known package when getting name for resource number 0xffffffff
W/ResourceType( 9083): No known package when getting name for resource number 0xffffffff
W/ResourceType( 9083): No known package when getting name for resource number 0xffffffff
W/ResourceType( 9083): No known package when getting name for resource number 0xffffffff
W/ResourceType( 9083): No known package when getting name for resource number 0xffffffff
W/ResourceType( 9083): No known package when getting name for resource number 0xffffffff
W/ResourceType( 9083): No known package when getting name for resource number 0xffffffff
W/ResourceType( 9083): No known package when getting name for resource number 0xffffffff
W/ResourceType( 9083): No known package when getting name for resource number 0xffffffff
I/System.out( 9083): URI: /map
I/System.out( 9083): params: {json={"query":"* id:'agreeAndContinueButton'","operation":{"method_name":"query","arguments":[]}}
I/System.out( 9083): }
W/ResourceType( 9083): No known package when getting name for resource number 0xffffffff
W/ResourceType( 9083): No known package when getting name for resource number 0xffffffff
W/ResourceType( 9083): No known package when getting name for resource number 0xffffffff
W/ResourceType( 9083): No known package when getting name for resource number 0xffffffff
W/ResourceType( 9083): No known package when getting name for resource number 0xffffffff
W/ResourceType( 9083): No known package when getting name for resource number 0xffffffff
W/ResourceType( 9083): No known package when getting name for resource number 0xffffffff
I/System.out( 9083): URI: /map
I/System.out( 9083): params: {json={"query":"* id:'agreeAndContinueButton'","operation":{"method_name":"query","arguments":[]}}
I/System.out( 9083): }
W/ResourceType( 9083): No known package when getting name for resource number 0xffffffff
W/ResourceType( 9083): No known package when getting name for resource number 0xffffffff
W/ResourceType( 9083): No known package when getting name for resource number 0xffffffff
W/ResourceType( 9083): No known package when getting name for resource number 0xffffffff
W/ResourceType( 9083): No known package when getting name for resource number 0xffffffff
W/ResourceType( 9083): No known package when getting name for resource number 0xffffffff
W/ResourceType( 9083): No known package when getting name for resource number 0xffffffff
I/System.out( 9083): URI: /map
I/System.out( 9083): params: {json={"query":"* id:'agreeAndContinueButton'","operation":{"method_name":"query","arguments":[]}}
I/System.out( 9083): }
W/ResourceType( 9083): No known package when getting name for resource number 0xffffffff
W/ResourceType( 9083): No known package when getting name for resource number 0xffffffff
W/ResourceType( 9083): No known package when getting name for resource number 0xffffffff
W/ResourceType( 9083): No known package when getting name for resource number 0xffffffff
W/ResourceType( 9083): No known package when getting name for resource number 0xffffffff
W/ResourceType( 9083): No known package when getting name for resource number 0xffffffff
W/ResourceType( 9083): No known package when getting name for resource number 0xffffffff
I/System.out( 9083): URI: /map
I/System.out( 9083): params: {json={"query":"* id:'agreeAndContinueButton'","operation":{"method_name":"query","arguments":[]}}
I/System.out( 9083): }
W/ResourceType( 9083): No known package when getting name for resource number 0xffffffff
W/ResourceType( 9083): No known package when getting name for resource number 0xffffffff
W/ResourceType( 9083): No known package when getting name for resource number 0xffffffff
W/ResourceType( 9083): No known package when getting name for resource number 0xffffffff
W/ResourceType( 9083): No known package when getting name for resource number 0xffffffff
W/ResourceType( 9083): No known package when getting name for resource number 0xffffffff
W/ResourceType( 9083): No known package when getting name for resource number 0xffffffff
I/System.out( 9083): URI: /map
I/System.out( 9083): params: {json={"query":"* id:'agreeAndContinueButton'","operation":{"method_name":"query","arguments":[]}}
I/System.out( 9083): }
W/ResourceType( 9083): No known package when getting name for resource number 0xffffffff
W/ResourceType( 9083): No known package when getting name for resource number 0xffffffff
W/ResourceType( 9083): No known package when getting name for resource number 0xffffffff
W/ResourceType( 9083): No known package when getting name for resource number 0xffffffff
W/ResourceType( 9083): No known package when getting name for resource number 0xffffffff
W/ResourceType( 9083): No known package when getting name for resource number 0xffffffff
W/ResourceType( 9083): No known package when getting name for resource number 0xffffffff
I/System.out( 9083): URI: /map
I/System.out( 9083): params: {json={"query":"* id:'agreeAndContinueButton'","operation":{"method_name":"query","arguments":[]}}
I/System.out( 9083): }
W/ResourceType( 9083): No known package when getting name for resource number 0xffffffff
W/ResourceType( 9083): No known package when getting name for resource number 0xffffffff
W/ResourceType( 9083): No known package when getting name for resource number 0xffffffff
W/ResourceType( 9083): No known package when getting name for resource number 0xffffffff
W/ResourceType( 9083): No known package when getting name for resource number 0xffffffff
W/ResourceType( 9083): No known package when getting name for resource number 0xffffffff
W/ResourceType( 9083): No known package when getting name for resource number 0xffffffff
I/art     ( 9083): Explicit concurrent mark sweep GC freed 101424(4MB) AllocSpace objects, 7(112KB) LOS objects, 37% free, 26MB/42MB, paused 1.374ms total 33.242ms
I/art     ( 9083): Explicit concurrent mark sweep GC freed 8668(387KB) AllocSpace objects, 1(16KB) LOS objects, 37% free, 26MB/42MB, paused 938us total 16.987ms
I/art     ( 9083): Explicit concurrent mark sweep GC freed 527(60KB) AllocSpace objects, 1(16KB) LOS objects, 37% free, 26MB/42MB, paused 950us total 17.666ms
I/art     ( 9083): Explicit concurrent mark sweep GC freed 25(1376B) AllocSpace objects, 0(0B) LOS objects, 37% free, 26MB/42MB, paused 1.083ms total 17.405ms
I/art     ( 9083): Explicit concurrent mark sweep GC freed 3(96B) AllocSpace objects, 0(0B) LOS objects, 37% free, 26MB/42MB, paused 1.076ms total 17.856ms
I/System.out( 9083): URI: /
I/System.out( 9083): params: {json={"command":"touch_coordinate","arguments":[720.0,2273.0]}
I/System.out( 9083): }
I/System.out( 9083): header: {content-length=57, host=devicehost108.prod, x-session-token=token-token-d0aa00b1-52e8-4b55-b447-2b315dbe4c33, x-forwarded-for=10.222.150.27, content-type=application/json; charset=utf-8, connection=close}
I/System.out( 9083): params: {json={"command":"touch_coordinate","arguments":[720.0,2273.0]}
I/System.out( 9083): }
I/System.out( 9083): ProP json = {"command":"touch_coordinate","arguments":[720.0,2273.0]}
I/System.out( 9083): files: {}
I/System.out( 9083): command: {"command":"touch_coordinate","arguments":[720.0,2273.0]}
I/InstrumentationBackend( 9083): Got command:'Command:'Line:null,touch_coordinate', arguments:'[720.0, 2273.0]'
D/audio_hw_primary(  359): out_set_parameters: enter: usecase(1: low-latency-playback) kvpairs: routing=2
I/calabash( 9083): execStartActivity 4
I/ActivityManager(  815): START u0 {cmp=com.careerbuilder.SugarDrone/md537fd6201b6818e2e180d2f7606e21a83.ValuePropActivity} from uid 11558 on display 0
V/WindowManager(  815): addAppToken: AppWindowToken{2753d926 token=Token{39583481 ActivityRecord{33afc868 u0 com.careerbuilder.SugarDrone/md537fd6201b6818e2e180d2f7606e21a83.ValuePropActivity t35}}} to stack=1 task=35 at 1
I/calabash( 9083): newActivity1
D/Mono    ( 9083): DllImport searching in: '__Internal' ('(null)').
D/Mono    ( 9083): Searching for 'java_interop_jnienv_call_nonvirtual_int_method_a'.
D/Mono    ( 9083): Probing 'java_interop_jnienv_call_nonvirtual_int_method_a'.
D/Mono    ( 9083): Found as 'java_interop_jnienv_call_nonvirtual_int_method_a'.
D/Mono    ( 9083): DllImport searching in: '__Internal' ('(null)').
D/Mono    ( 9083): Searching for 'java_interop_jnienv_get_float_field'.
D/Mono    ( 9083): Probing 'java_interop_jnienv_get_float_field'.
D/Mono    ( 9083): Found as 'java_interop_jnienv_get_float_field'.
D/Mono    ( 9083): DllImport searching in: '__Internal' ('(null)').
D/Mono    ( 9083): Searching for 'java_interop_jnienv_new_object_array'.
D/Mono    ( 9083): Probing 'java_interop_jnienv_new_object_array'.
D/Mono    ( 9083): Found as 'java_interop_jnienv_new_object_array'.
D/Mono    ( 9083): DllImport searching in: '__Internal' ('(null)').
D/Mono    ( 9083): Searching for 'java_interop_jnienv_set_object_array_element'.
D/Mono    ( 9083): Probing 'java_interop_jnienv_set_object_array_element'.
D/Mono    ( 9083): Found as 'java_interop_jnienv_set_object_array_element'.
D/Mono    ( 9083): Assembly Ref addref CareerBuilder_Search.Droid[0xb4b11580] -> System.Core[0xb4acbac0]: 13
W/ProcessManager( 9083): waitpid on failed exec failed: No child processes
I/System.out( 9083): result:{"bonusInformation":[],"message":"","success":true}
D/Mono    ( 9083): DllImport searching in: '__Internal' ('(null)').
D/Mono    ( 9083): Searching for 'java_interop_jnienv_call_nonvirtual_object_method'.
D/Mono    ( 9083): Probing 'java_interop_jnienv_call_nonvirtual_object_method'.
D/Mono    ( 9083): Found as 'java_interop_jnienv_call_nonvirtual_object_method'.
D/Mono    ( 9083): Assembly Ref addref System.Net.Http[0x9cb943a0] -> System.Core[0xb4acbac0]: 14
I/System.out( 9083): URI: /backdoor
I/System.out( 9083): params: {json={"method_name":"APISetup","arguments":[200]}
I/System.out( 9083): }
D/Mono    ( 9083): Assembly Ref addref Mono.Android[0xb4acb4c0] -> System[0xb4acb760]: 12
V/WindowManager(  815): Adding window Window{1bed0314 u0 com.careerbuilder.SugarDrone/md537fd6201b6818e2e180d2f7606e21a83.ValuePropActivity} at 3 of 8 (after Window{36a04e4e u0 com.careerbuilder.SugarDrone/md5a4824aa66c0dc4d104077b72c1916a44.TermsAndConditionsActivity})
D/Mono    ( 9083): Assembly Ref addref CareerBuilder_Search.Droid[0xb4b11580] -> Newtonsoft.Json[0xb4acb0a0]: 4
W/FragmentManager( 9083): moveToState: Fragment state for ValuePropFragment{310a53a2 #0 id=0x7f0a0148 android:switcher:2131362120:1} not updated inline; expected state 3 found 2
D/audio_hw_primary(  359): select_devices: out_snd_device(2: speaker) in_snd_device(0: none)
D/msm8974_platform(  359): platform_send_audio_calibration: sending audio calibration for snd_device(2) acdb_id(15)
E/ACDB-LOADER(  359): Error: ACDB AFE returned = -19
D/audio_hw_primary(  359): enable_snd_device: snd_device(2: speaker)
D/audio_hw_primary(  359): enable_audio_route: apply and update mixer path: low-latency-playback speaker
I/Choreographer( 9083): Skipped 31 frames!  The application may be doing too much work on its main thread.
I/ActivityManager(  815): Displayed com.careerbuilder.SugarDrone/md537fd6201b6818e2e180d2f7606e21a83.ValuePropActivity: +795ms
I/System.out( 9083): URI: /backdoor
I/System.out( 9083): params: {json={"method_name":"GoToAfterApply","arguments":[]}
I/System.out( 9083): }
D/Mono    ( 9083): Assembly Ref addref CareerBuilder_Search.Droid[0xb4b11580] -> Xamarin.Android.Support.Design[0xb4b11fa0]: 2
I/calabash( 9083): execStartActivity 4
I/ActivityManager(  815): START u0 {cmp=com.careerbuilder.SugarDrone/md5a4824aa66c0dc4d104077b72c1916a44.RecommendationsActivity (has extras)} from uid 11558 on display 0
V/WindowManager(  815): addAppToken: AppWindowToken{309da0ac token=Token{2171ee5f ActivityRecord{18e2e6fe u0 com.careerbuilder.SugarDrone/md5a4824aa66c0dc4d104077b72c1916a44.RecommendationsActivity t35}}} to stack=1 task=35 at 2
I/calabash( 9083): newActivity1
W/art     ( 9083): Before Android 4.1, method android.graphics.PorterDuffColorFilter android.support.graphics.drawable.VectorDrawableCompat.updateTintFilter(android.graphics.PorterDuffColorFilter, android.content.res.ColorStateList, android.graphics.PorterDuff$Mode) would have incorrectly overridden the package-private method in android.graphics.drawable.Drawable
W/SurfaceFlinger(  259): couldn't log to binary event log: overflow.
D/Mono    ( 9083): Unloading image System.dll [0x96a56e00].
D/Mono    ( 9083): Image addref System[0x96858dc0] -> System.dll[0xb4b80200]: 5
D/Mono    ( 9083): Config attempting to parse: 'System.dll.config'.
D/Mono    ( 9083): Config attempting to parse: '/Users/builder/data/lanes/4009/3a62f1ea/source/monodroid/builds/install/mono-armv6/etc/mono/assemblies/System/System.config'.
D/Mono    ( 9083): Unloading image System.dll [0x96a56e00].
D/Mono    ( 9083): Image addref System[0x96858d00] -> System.dll[0xb4b80200]: 6
D/Mono    ( 9083): Config attempting to parse: 'System.dll.config'.
D/Mono    ( 9083): Config attempting to parse: '/Users/builder/data/lanes/4009/3a62f1ea/source/monodroid/builds/install/mono-armv6/etc/mono/assemblies/System/System.config'.
D/Mono    ( 9083): Unloading image System.dll [0x96a56e00].
D/Mono    ( 9083): Image addref System[0x96858d00] -> System.dll[0xb4b80200]: 7
D/Mono    ( 9083): Config attempting to parse: 'System.dll.config'.
D/Mono    ( 9083): Config attempting to parse: '/Users/builder/data/lanes/4009/3a62f1ea/source/monodroid/builds/install/mono-armv6/etc/mono/assemblies/System/System.config'.
D/Mono    ( 9083): Unloading image System.dll [0x96a56e00].
D/Mono    ( 9083): Image addref System[0x96858d00] -> System.dll[0xb4b80200]: 8
D/Mono    ( 9083): Config attempting to parse: 'System.dll.config'.
D/Mono    ( 9083): Config attempting to parse: '/Users/builder/data/lanes/4009/3a62f1ea/source/monodroid/builds/install/mono-armv6/etc/mono/assemblies/System/System.config'.
I/System.out( 9083): URI: /map
I/System.out( 9083): params: {json={"query":"* marked:'done'","operation":{"method_name":"query","arguments":[]}}
I/System.out( 9083): }
D/Mono    ( 9083): Assembly Ref addref CareerBuilder_Search.Droid[0xb4b11580] -> Xamarin.Android.Support.v7.RecyclerView[0xb4b11e20]: 2
D/Mono    ( 9083): Assembly Ref addref Xamarin.Android.Support.v7.RecyclerView[0xb4b11e20] -> Xamarin.Android.Support.v4[0xb4b11dc0]: 4
D/Mono    ( 9083): DllImport searching in: '__Internal' ('(null)').
D/Mono    ( 9083): Searching for 'java_interop_jnienv_is_assignable_from'.
D/Mono    ( 9083): Probing 'java_interop_jnienv_is_assignable_from'.
D/Mono    ( 9083): Found as 'java_interop_jnienv_is_assignable_from'.
D/Mono    ( 9083): DllImport searching in: '__Internal' ('(null)').
D/Mono    ( 9083): Searching for 'java_interop_jnienv_get_byte_array_region'.
D/Mono    ( 9083): Probing 'java_interop_jnienv_get_byte_array_region'.
D/Mono    ( 9083): Found as 'java_interop_jnienv_get_byte_array_region'.
D/Mono    ( 9083): DllImport searching in: '__Internal' ('(null)').
D/Mono    ( 9083): Searching for 'java_interop_jnienv_call_int_method'.
D/Mono    ( 9083): Probing 'java_interop_jnienv_call_int_method'.
D/Mono    ( 9083): Found as 'java_interop_jnienv_call_int_method'.
D/Mono    ( 9083): DllImport searching in: '__Internal' ('(null)').
D/Mono    ( 9083): Searching for 'java_interop_jnienv_set_byte_array_region'.
D/Mono    ( 9083): Probing 'java_interop_jnienv_set_byte_array_region'.
D/Mono    ( 9083): Found as 'java_interop_jnienv_set_byte_array_region'.
D/Mono    ( 9083): [0x9cb68c00] hill climbing, change max number of threads 5
D/Mono    ( 9083): [0x97750a80] worker starting
W/Mono    ( 9083): The request to load the assembly System.Core v4.0.0.0 was remapped to v2.0.5.0
D/Mono    ( 9083): Unloading image System.Core.dll [0x9756c100].
D/Mono    ( 9083): Image addref System.Core[0x97fa5a00] -> System.Core.dll[0xb4b81100]: 5
D/Mono    ( 9083): Config attempting to parse: 'System.Core.dll.config'.
D/Mono    ( 9083): Config attempting to parse: '/Users/builder/data/lanes/4009/3a62f1ea/source/monodroid/builds/install/mono-armv6/etc/mono/assemblies/System.Core/System.Core.config'.
W/Mono    ( 9083): The request to load the assembly System.Core v4.0.0.0 was remapped to v2.0.5.0
D/Mono    ( 9083): Unloading image System.Core.dll [0x9756c100].
D/Mono    ( 9083): Image addref System.Core[0x974217c0] -> System.Core.dll[0xb4b81100]: 6
D/Mono    ( 9083): Config attempting to parse: 'System.Core.dll.config'.
D/Mono    ( 9083): Config attempting to parse: '/Users/builder/data/lanes/4009/3a62f1ea/source/monodroid/builds/install/mono-armv6/etc/mono/assemblies/System.Core/System.Core.config'.
D/Mono    ( 9083): DllImport searching in: '__Internal' ('(null)').
D/Mono    ( 9083): Searching for 'java_interop_jnienv_call_nonvirtual_void_method'.
D/Mono    ( 9083): Probing 'java_interop_jnienv_call_nonvirtual_void_method'.
D/Mono    ( 9083): Found as 'java_interop_jnienv_call_nonvirtual_void_method'.
V/WindowManager(  815): Adding window Window{28963ff1 u0 com.careerbuilder.SugarDrone/md5a4824aa66c0dc4d104077b72c1916a44.RecommendationsActivity} at 4 of 9 (after Window{1bed0314 u0 com.careerbuilder.SugarDrone/md537fd6201b6818e2e180d2f7606e21a83.ValuePropActivity})
D/Mono    ( 9083): Unloading image System.Linq.dll [0x9756c100].
D/Mono    ( 9083): Image addref System.Linq[0x97fa5a00] -> System.Linq.dll[0xb4b82f00]: 9
D/Mono    ( 9083): Config attempting to parse: 'System.Linq.dll.config'.
D/Mono    ( 9083): Config attempting to parse: '/Users/builder/data/lanes/4009/3a62f1ea/source/monodroid/builds/install/mono-armv6/etc/mono/assemblies/System.Linq/System.Linq.config'.
D/Mono    ( 9083): Assembly Ref addref CareerBuilder_Search[0xb4acb460] -> System.Linq[0xb4acb940]: 7
D/Mono    ( 9083): Unloading image System.Collections.dll [0x97579300].
D/Mono    ( 9083): Image addref System.Collections[0x974217c0] -> System.Collections.dll[0xb4b80c00]: 10
D/Mono    ( 9083): Config attempting to parse: 'System.Collections.dll.config'.
D/Mono    ( 9083): Config attempting to parse: '/Users/builder/data/lanes/4009/3a62f1ea/source/monodroid/builds/install/mono-armv6/etc/mono/assemblies/System.Collections/System.Collections.config'.
D/Mono    ( 9083): Assembly Ref addref System.Reactive.Linq[0xb4acb220] -> System.Collections[0xb4acb820]: 8
D/Mono    ( 9083): DllImport attempting to load: '/system/lib/liblog.so'.
D/Mono    ( 9083): DllImport loaded library '/system/lib/liblog.so'.
D/Mono    ( 9083): DllImport searching in: '/system/lib/liblog.so' ('/system/lib/liblog.so').
D/Mono    ( 9083): Searching for '__android_log_print'.
D/Mono    ( 9083): Probing '__android_log_print'.
D/Mono    ( 9083): Found as '__android_log_print'.
I/mono-stdout( 9083): uri is: https://api.careerbuilder.com/consumer/jobs/recommendations/id?CountLimit=25&DeveloperKey=WDHR8FC6P2JZ1Y61KLM5
W/art     ( 9083): JNI RegisterNativeMethods: attempt to register 0 native methods for md539c3d548fb000cea9f34163fa7e112ea.ProgressListItemViewHolder
D/Mono    ( 9083): Image addref System.Net.Primitives[0x97fa5640] -> System.Net.Primitives.dll[0x9757a700]: 2
D/Mono    ( 9083): Prepared to set up assembly 'System.Net.Primitives' (System.Net.Primitives.dll)
D/Mono    ( 9083): Assembly System.Net.Primitives[0x97fa5640] added to domain RootDomain, ref_count=1
D/Mono    ( 9083): AOT module 'System.Net.Primitives.dll.so' not found: dlopen failed: library "/data/app/com.careerbuilder.SugarDrone-1/lib/arm/libaot-System.Net.Primitives.dll.so" not found
D/Mono    ( 9083): Unloading image System.Net.Primitives.dll [0x96a58c00].
D/Mono    ( 9083): Image addref System.Net.Primitives[0xaed690a0] -> System.Net.Primitives.dll[0x9757a700]: 4
D/Mono    ( 9083): Config attempting to parse: 'System.Net.Primitives.dll.config'.
D/Mono    ( 9083): Config attempting to parse: '/Users/builder/data/lanes/4009/3a62f1ea/source/monodroid/builds/install/mono-armv6/etc/mono/assemblies/System.Net.Primitives/System.Net.Primitives.config'.
D/Mono    ( 9083): Assembly Ref addref CareerBuilder_Search[0xb4acb460] -> System.Net.Primitives[0x97fa5640]: 2
D/Mono    ( 9083): Assembly Ref addref System.Net.Primitives[0x97fa5640] -> System[0xb4acb760]: 13
D/Mono    ( 9083): AOT module '/Users/builder/data/lanes/4009/3a62f1ea/source/monodroid/builds/install/mono-armv6/lib/mono/aot-cache/arm/System.Net.Primitives.dll.so' not found: dlopen failed: library "/data/app/com.careerbuilder.SugarDrone-1/lib/arm/libaot-System.Net.Primitives.dll.so" not found
D/Mono    ( 9083): Config attempting to parse: 'System.Net.Primitives.dll.config'.
D/Mono    ( 9083): Config attempting to parse: '/Users/builder/data/lanes/4009/3a62f1ea/source/monodroid/builds/install/mono-armv6/etc/mono/assemblies/System.Net.Primitives/System.Net.Primitives.config'.
D/Mono    ( 9083): Unloading image System.Text.Encoding.dll [0x96a58c00].
D/Mono    ( 9083): Image addref System.Text.Encoding[0xaed69100] -> System.Text.Encoding.dll[0xb4b88e00]: 5
D/Mono    ( 9083): Config attempting to parse: 'System.Text.Encoding.dll.config'.
D/Mono    ( 9083): Config attempting to parse: '/Users/builder/data/lanes/4009/3a62f1ea/source/monodroid/builds/install/mono-armv6/etc/mono/assemblies/System.Text.Encoding/System.Text.Encoding.config'.
