D/Mono    ( 8435): Assembly Ref addref Mono.Android[0xb4b72640] -> System[0xb4b728e0]: 12
D/Mono    ( 8435): DllImport searching in: '__Internal' ('(null)').
D/Mono    ( 8435): Searching for 'java_interop_jnienv_new_object_array'.
D/Mono    ( 8435): Probing 'java_interop_jnienv_new_object_array'.
D/Mono    ( 8435): Found as 'java_interop_jnienv_new_object_array'.
D/Mono    ( 8435): DllImport searching in: '__Internal' ('(null)').
D/Mono    ( 8435): Searching for 'java_interop_jnienv_set_object_array_element'.
D/Mono    ( 8435): Probing 'java_interop_jnienv_set_object_array_element'.
D/Mono    ( 8435): Found as 'java_interop_jnienv_set_object_array_element'.
D/audio_hw_primary(  357): out_set_parameters: enter: usecase(1: low-latency-playback) kvpairs: routing=2
I/calabash( 8435): execStartActivity 4
I/ActivityManager(  818): START u0 {cmp=com.careerbuilder.SugarDrone/md537fd6201b6818e2e180d2f7606e21a83.ValuePropActivity} from uid 16353 on display 0
V/WindowManager(  818): addAppToken: AppWindowToken{27bbf30e token=Token{1ada6509 ActivityRecord{30e1c610 u0 com.careerbuilder.SugarDrone/md537fd6201b6818e2e180d2f7606e21a83.ValuePropActivity t17}}} to stack=1 task=17 at 1
I/calabash( 8435): newActivity1
D/Mono    ( 8435): Assembly Ref addref CareerBuilder_Search.Droid[0xb4ae3580] -> System.Core[0xb4b72c40]: 14
D/Mono    ( 8435): DllImport searching in: '__Internal' ('(null)').
D/Mono    ( 8435): Searching for 'java_interop_jnienv_call_nonvirtual_object_method'.
D/Mono    ( 8435): Probing 'java_interop_jnienv_call_nonvirtual_object_method'.
D/Mono    ( 8435): Found as 'java_interop_jnienv_call_nonvirtual_object_method'.
I/System.out( 8435): result:{"bonusInformation":[],"message":"","success":true}
V/WindowManager(  818): Adding window Window{1b05333c u0 com.careerbuilder.SugarDrone/md537fd6201b6818e2e180d2f7606e21a83.ValuePropActivity} at 3 of 8 (after Window{262db336 u0 com.careerbuilder.SugarDrone/md5a4824aa66c0dc4d104077b72c1916a44.TermsAndConditionsActivity})
D/Mono    ( 8435): Assembly Ref addref CareerBuilder_Search.Droid[0xb4ae3580] -> Newtonsoft.Json[0xb4b72220]: 4
W/FragmentManager( 8435): moveToState: Fragment state for ValuePropFragment{36b511f3 #0 id=0x7f0a0148 android:switcher:2131362120:1} not updated inline; expected state 3 found 2
I/System.out( 8435): URI: /backdoor
I/System.out( 8435): params: {json={"method_name":"APISetup","arguments":[200]}
I/System.out( 8435): }
D/Mono    ( 8435): [0x96ad1300] worker starting
D/audio_hw_primary(  357): select_devices: out_snd_device(2: speaker) in_snd_device(0: none)
D/msm8974_platform(  357): platform_send_audio_calibration: sending audio calibration for snd_device(2) acdb_id(15)
E/ACDB-LOADER(  357): Error: ACDB AFE returned = -19
D/audio_hw_primary(  357): enable_snd_device: snd_device(2: speaker)
D/audio_hw_primary(  357): enable_audio_route: apply and update mixer path: low-latency-playback speaker
I/ActivityManager(  818): Displayed com.careerbuilder.SugarDrone/md537fd6201b6818e2e180d2f7606e21a83.ValuePropActivity: +689ms
D/Mono    ( 8435): Unloading image System.dll [0x96893c00].
D/Mono    ( 8435): Image addref System[0x96a29a00] -> System.dll[0xb4b7a600]: 5
D/Mono    ( 8435): Config attempting to parse: 'System.dll.config'.
D/Mono    ( 8435): Config attempting to parse: '/Users/builder/data/lanes/4009/3a62f1ea/source/monodroid/builds/install/mono-armv6/etc/mono/assemblies/System/System.config'.
D/Mono    ( 8435): Unloading image System.dll [0x96893c00].
D/Mono    ( 8435): Image addref System[0x96a29880] -> System.dll[0xb4b7a600]: 6
D/Mono    ( 8435): Config attempting to parse: 'System.dll.config'.
D/Mono    ( 8435): Config attempting to parse: '/Users/builder/data/lanes/4009/3a62f1ea/source/monodroid/builds/install/mono-armv6/etc/mono/assemblies/System/System.config'.
D/Mono    ( 8435): Unloading image System.dll [0x96893c00].
D/Mono    ( 8435): Image addref System[0x96a29880] -> System.dll[0xb4b7a600]: 7
D/Mono    ( 8435): Config attempting to parse: 'System.dll.config'.
D/Mono    ( 8435): Config attempting to parse: '/Users/builder/data/lanes/4009/3a62f1ea/source/monodroid/builds/install/mono-armv6/etc/mono/assemblies/System/System.config'.
D/Mono    ( 8435): Unloading image System.dll [0x96893c00].
D/Mono    ( 8435): Image addref System[0x96a29880] -> System.dll[0xb4b7a600]: 8
D/Mono    ( 8435): Config attempting to parse: 'System.dll.config'.
D/Mono    ( 8435): Config attempting to parse: '/Users/builder/data/lanes/4009/3a62f1ea/source/monodroid/builds/install/mono-armv6/etc/mono/assemblies/System/System.config'.
D/Mono    ( 8435): DllImport searching in: '__Internal' ('(null)').
D/Mono    ( 8435): Searching for 'java_interop_jnienv_is_assignable_from'.
D/Mono    ( 8435): Probing 'java_interop_jnienv_is_assignable_from'.
D/Mono    ( 8435): Found as 'java_interop_jnienv_is_assignable_from'.
D/Mono    ( 8435): DllImport searching in: '__Internal' ('(null)').
D/Mono    ( 8435): Searching for 'java_interop_jnienv_get_byte_array_region'.
D/Mono    ( 8435): Probing 'java_interop_jnienv_get_byte_array_region'.
D/Mono    ( 8435): Found as 'java_interop_jnienv_get_byte_array_region'.
D/Mono    ( 8435): DllImport searching in: '__Internal' ('(null)').
D/Mono    ( 8435): Searching for 'java_interop_jnienv_set_byte_array_region'.
D/Mono    ( 8435): Probing 'java_interop_jnienv_set_byte_array_region'.
D/Mono    ( 8435): Found as 'java_interop_jnienv_set_byte_array_region'.
W/SurfaceFlinger(  257): couldn't log to binary event log: overflow.
D/Mono    ( 8435): [0x9bf04000] hill climbing, change max number of threads 5
W/Mono    ( 8435): The request to load the assembly System.Core v4.0.0.0 was remapped to v2.0.5.0
D/Mono    ( 8435): Unloading image System.Core.dll [0x9688fb00].
D/Mono    ( 8435): Image addref System.Core[0x96a290a0] -> System.Core.dll[0xb4b7b500]: 5
D/Mono    ( 8435): Config attempting to parse: 'System.Core.dll.config'.
D/Mono    ( 8435): Config attempting to parse: '/Users/builder/data/lanes/4009/3a62f1ea/source/monodroid/builds/install/mono-armv6/etc/mono/assemblies/System.Core/System.Core.config'.
W/Mono    ( 8435): The request to load the assembly System.Core v4.0.0.0 was remapped to v2.0.5.0
D/Mono    ( 8435): Unloading image System.Core.dll [0x9688fb00].
D/Mono    ( 8435): Image addref System.Core[0x98c295e0] -> System.Core.dll[0xb4b7b500]: 6
D/Mono    ( 8435): Config attempting to parse: 'System.Core.dll.config'.
D/Mono    ( 8435): Config attempting to parse: '/Users/builder/data/lanes/4009/3a62f1ea/source/monodroid/builds/install/mono-armv6/etc/mono/assemblies/System.Core/System.Core.config'.
I/ThermalEngine(  365): ACTION: GPU - Setting GPU[0] to 300000000
I/ThermalEngine(  365): Mitigation:GPU[0]:300000000 Hz
I/ThermalEngine(  365): ACTION: CPU - Setting CPU[0] to 2457600
I/ThermalEngine(  365): ACTION: CPU - Setting CPU[1] to 2457600
I/ThermalEngine(  365): ACTION: CPU - Setting CPU[2] to 2457600
I/ThermalEngine(  365): ACTION: CPU - Setting CPU[3] to 2457600
D/Mono    ( 8435): [0x978ce900] worker starting
I/System.out( 8435): URI: /backdoor
I/System.out( 8435): params: {json={"method_name":"MyCBBackdoor","arguments":[]}
I/System.out( 8435): }
D/Mono    ( 8435): Assembly Ref addref CareerBuilder_Search.Droid[0xb4ae3580] -> Xamarin.Android.Support.Design[0xb4b72160]: 2
I/calabash( 8435): execStartActivity 4
I/ActivityManager(  818): START u0 {cmp=com.careerbuilder.SugarDrone/md5a4824aa66c0dc4d104077b72c1916a44.MasterNavActivity} from uid 16353 on display 0
V/WindowManager(  818): addAppToken: AppWindowToken{f36add4 token=Token{24cfd727 ActivityRecord{a2755e6 u0 com.careerbuilder.SugarDrone/md5a4824aa66c0dc4d104077b72c1916a44.MasterNavActivity t17}}} to stack=1 task=17 at 1
I/calabash( 8435): newActivity1
W/art     ( 8435): Before Android 4.1, method android.graphics.PorterDuffColorFilter android.support.graphics.drawable.VectorDrawableCompat.updateTintFilter(android.graphics.PorterDuffColorFilter, android.content.res.ColorStateList, android.graphics.PorterDuff$Mode) would have incorrectly overridden the package-private method in android.graphics.drawable.Drawable
D/Mono    ( 8435): DllImport searching in: '__Internal' ('(null)').
D/Mono    ( 8435): Searching for 'java_interop_jnienv_call_int_method'.
D/Mono    ( 8435): Probing 'java_interop_jnienv_call_int_method'.
D/Mono    ( 8435): Found as 'java_interop_jnienv_call_int_method'.
D/Mono    ( 8435): DllImport searching in: '__Internal' ('(null)').
D/Mono    ( 8435): Searching for 'java_interop_jnienv_new_byte_array'.
D/Mono    ( 8435): Probing 'java_interop_jnienv_new_byte_array'.
D/Mono    ( 8435): Found as 'java_interop_jnienv_new_byte_array'.
D/Mono    ( 8435): Assembly Ref addref Xamarin.Android.Support.Design[0xb4b72160] -> Xamarin.Android.Support.v4[0xb4ae3f40]: 4
D/Mono    ( 8435): Assembly Ref addref CareerBuilder_Search.Droid[0xb4ae3580] -> Xamarin.Android.Support.v7.RecyclerView[0xb4ae3fa0]: 2
D/Mono    ( 8435): Assembly Ref addref Xamarin.Android.Support.v7.RecyclerView[0xb4ae3fa0] -> Xamarin.Android.Support.v4[0xb4ae3f40]: 5
D/Mono    ( 8435): Assembly Ref addref CareerBuilder_Search.Droid[0xb4ae3580] -> FloatingActionButton-Xamarin[0xb4ae3ee0]: 2
V/WindowManager(  818): Adding window Window{1e02ea72 u0 com.careerbuilder.SugarDrone/md5a4824aa66c0dc4d104077b72c1916a44.MasterNavActivity} at 3 of 8 (after Window{1b05333c u0 com.careerbuilder.SugarDrone/md537fd6201b6818e2e180d2f7606e21a83.ValuePropActivity})
D/Mono    ( 8435): Unloading image System.IO.dll [0x96898c00].
D/Mono    ( 8435): Image addref System.IO[0x98c33100] -> System.IO.dll[0xb4b84100]: 6
D/Mono    ( 8435): Config attempting to parse: 'System.IO.dll.config'.
D/Mono    ( 8435): Config attempting to parse: '/Users/builder/data/lanes/4009/3a62f1ea/source/monodroid/builds/install/mono-armv6/etc/mono/assemblies/System.IO/System.IO.config'.
D/Mono    ( 8435): Assembly Ref addref CareerBuilder_Search[0xb4b725e0] -> System.IO[0x9bf987c0]: 4
I/System.out( 8435): URI: /map
I/System.out( 8435): params: {json={"query":"* marked:'Skip'","operation":{"method_name":"query","arguments":[]}}
I/System.out( 8435): }
W/FragmentManager( 8435): moveToState: Fragment state for SavedJobsFragment{2cea23bc #0 id=0x7f0a0148 android:switcher:2131362120:1} not updated inline; expected state 3 found 2
D/Mono    ( 8435): Assembly Ref addref CareerBuilder_Search.Droid[0xb4ae3580] -> System[0xb4b728e0]: 13
W/FragmentManager( 8435): moveToState: Fragment state for ResumeManagementFragment{15fcaf45 #1 id=0x7f0a0148 android:switcher:2131362120:2} not updated inline; expected state 3 found 2
D/Mono    ( 8435): Unloading image System.Linq.dll [0x97881000].
D/Mono    ( 8435): Image addref System.Linq[0x98c29460] -> System.Linq.dll[0xb4b7d300]: 9
D/Mono    ( 8435): Config attempting to parse: 'System.Linq.dll.config'.
D/Mono    ( 8435): Config attempting to parse: '/Users/builder/data/lanes/4009/3a62f1ea/source/monodroid/builds/install/mono-armv6/etc/mono/assemblies/System.Linq/System.Linq.config'.
D/Mono    ( 8435): Assembly Ref addref CareerBuilder_Search[0xb4b725e0] -> System.Linq[0xb4b72ac0]: 7
D/Mono    ( 8435): DllImport attempting to load: '/system/lib/liblog.so'.
D/Mono    ( 8435): DllImport loaded library '/system/lib/liblog.so'.
D/Mono    ( 8435): DllImport searching in: '/system/lib/liblog.so' ('/system/lib/liblog.so').
D/Mono    ( 8435): Searching for '__android_log_print'.
D/Mono    ( 8435): Probing '__android_log_print'.
D/Mono    ( 8435): Found as '__android_log_print'.
I/mono-stdout( 8435): uri is: https://api.careerbuilder.com/consumer/resumes?OAuthToken=&HostSite=US&DeveloperKey=WDHR8FC6P2JZ1Y61KLM5
D/Mono    ( 8435): Unloading image System.Collections.dll [0x96892300].
D/Mono    ( 8435): Image addref System.Collections[0x98c294c0] -> System.Collections.dll[0xb4b7b000]: 10
D/Mono    ( 8435): Config attempting to parse: 'System.Collections.dll.config'.
D/Mono    ( 8435): Config attempting to parse: '/Users/builder/data/lanes/4009/3a62f1ea/source/monodroid/builds/install/mono-armv6/etc/mono/assemblies/System.Collections/System.Collections.config'.
D/Mono    ( 8435): Assembly Ref addref System.Reactive.Linq[0xb4b723a0] -> System.Collections[0xb4b729a0]: 8
D/Mono    ( 8435): DllImport searching in: '__Internal' ('(null)').
D/Mono    ( 8435): Searching for 'java_interop_jnienv_call_nonvirtual_void_method'.
D/Mono    ( 8435): Probing 'java_interop_jnienv_call_nonvirtual_void_method'.
D/Mono    ( 8435): Found as 'java_interop_jnienv_call_nonvirtual_void_method'.
I/mono-stdout( 8435): uri is: https://api.careerbuilder.com/consumer/saved-jobs/?DeveloperKey=WDHR8FC6P2JZ1Y61KLM5
I/mono-stdout( 8435): uri is: https://api.careerbuilder.com/consumer/jobs/search/?Keywords=&Location=&UseFacets=true&PageNumber=1&ExcludeNational=true&DeveloperKey=WDHR8FC6P2JZ1Y61KLM5
I/mono-stdout( 8435): uri is: https://api.careerbuilder.com/consumer/resumes?OAuthToken=&HostSite=US&DeveloperKey=WDHR8FC6P2JZ1Y61KLM5
D/Mono    ( 8435): Image addref System.Net.Primitives[0x98c29a00] -> System.Net.Primitives.dll[0x96899b00]: 2
D/Mono    ( 8435): Prepared to set up assembly 'System.Net.Primitives' (System.Net.Primitives.dll)
D/Mono    ( 8435): Assembly System.Net.Primitives[0x98c29a00] added to domain RootDomain, ref_count=1
D/Mono    ( 8435): AOT module 'System.Net.Primitives.dll.so' not found: dlopen failed: library "/data/app/com.careerbuilder.SugarDrone-1/lib/arm/libaot-System.Net.Primitives.dll.so" not found
D/Mono    ( 8435): AOT module '/Users/builder/data/lanes/4009/3a62f1ea/source/monodroid/builds/install/mono-armv6/lib/mono/aot-cache/arm/System.Net.Primitives.dll.so' not found: dlopen failed: library "/data/app/com.careerbuilder.SugarDrone-1/lib/arm/libaot-System.Net.Primitives.dll.so" not found
D/Mono    ( 8435): Config attempting to parse: 'System.Net.Primitives.dll.config'.
D/Mono    ( 8435): Config attempting to parse: '/Users/builder/data/lanes/4009/3a62f1ea/source/monodroid/builds/install/mono-armv6/etc/mono/assemblies/System.Net.Primitives/System.Net.Primitives.config'.
D/Mono    ( 8435): Assembly Ref addref CareerBuilder_Search[0xb4b725e0] -> System.Net.Primitives[0x98c29a00]: 2
D/Mono    ( 8435): Assembly Ref addref System.Net.Primitives[0x98c29a00] -> System[0xb4b728e0]: 14
D/Mono    ( 8435): Unloading image System.Net.Primitives.dll [0x96898700].
D/Mono    ( 8435): Image addref System.Net.Primitives[0x98c29700] -> System.Net.Primitives.dll[0x96899b00]: 5
D/Mono    ( 8435): Config attempting to parse: 'System.Net.Primitives.dll.config'.
D/Mono    ( 8435): Config attempting to parse: '/Users/builder/data/lanes/4009/3a62f1ea/source/monodroid/builds/install/mono-armv6/etc/mono/assemblies/System.Net.Primitives/System.Net.Primitives.config'.
D/Mono    ( 8435): Unloading image System.Text.Encoding.dll [0x96896e00].
D/Mono    ( 8435): Image addref System.Text.Encoding[0x96a29340] -> System.Text.Encoding.dll[0xb4b83200]: 5
D/Mono    ( 8435): Config attempting to parse: 'System.Text.Encoding.dll.config'.
D/Mono    ( 8435): Config attempting to parse: '/Users/builder/data/lanes/4009/3a62f1ea/source/monodroid/builds/install/mono-armv6/etc/mono/assemblies/System.Text.Encoding/System.Text.Encoding.config'.
D/Mono    ( 8435): Assembly Ref addref CareerBuilder_Search[0xb4b725e0] -> System.Text.Encoding[0x9cb6bfa0]: 3
I/mono-stdout( 8435): making api call to: /consumer/jobs/search/?Keywords=&Location=&UseFacets=true&PageNumber=1&ExcludeNational=true&DeveloperKey=WDHR8FC6P2JZ1Y61KLM5
D/Mono    ( 8435): Unloading image System.Net.Primitives.dll [0x98f1f000].
D/Mono    ( 8435): Image addref System.Net.Primitives[0x96ec1dc0] -> System.Net.Primitives.dll[0x96899b00]: 6
D/Mono    ( 8435): Unloading image System.Text.Encoding.dll [0x96898700].
D/Mono    ( 8435): Config attempting to parse: 'System.Net.Primitives.dll.config'.
D/Mono    ( 8435): Config attempting to parse: '/Users/builder/data/lanes/4009/3a62f1ea/source/monodroid/builds/install/mono-armv6/etc/mono/assemblies/System.Net.Primitives/System.Net.Primitives.config'.
D/Mono    ( 8435): Image addref System.Text.Encoding[0x98c29760] -> System.Text.Encoding.dll[0xb4b83200]: 6
D/Mono    ( 8435): Config attempting to parse: 'System.Text.Encoding.dll.config'.
D/Mono    ( 8435): Config attempting to parse: '/Users/builder/data/lanes/4009/3a62f1ea/source/monodroid/builds/install/mono-armv6/etc/mono/assemblies/System.Text.Encoding/System.Text.Encoding.config'.
D/Mono    ( 8435): Unloading image System.Text.Encoding.dll [0x98f1f500].
D/Mono    ( 8435): Image addref System.Text.Encoding[0x96a29a60] -> System.Text.Encoding.dll[0xb4b83200]: 7
D/Mono    ( 8435): Config attempting to parse: 'System.Text.Encoding.dll.config'.
D/Mono    ( 8435): Config attempting to parse: '/Users/builder/data/lanes/4009/3a62f1ea/source/monodroid/builds/install/mono-armv6/etc/mono/assemblies/System.Text.Encoding/System.Text.Encoding.config'.
I/mono-stdout( 8435): making api call to: /consumer/resumes?OAuthToken=&HostSite=US&DeveloperKey=WDHR8FC6P2JZ1Y61KLM5
I/mono-stdout( 8435): making api call to: /consumer/saved-jobs/?DeveloperKey=WDHR8FC6P2JZ1Y61KLM5
I/mono-stdout( 8435): making api call to: /consumer/resumes?OAuthToken=&HostSite=US&DeveloperKey=WDHR8FC6P2JZ1Y61KLM5
I/mono-stdout( 8435): Method: GET, RequestUri: 'https://api.careerbuilder.com/consumer/saved-jobs/?DeveloperKey=WDHR8FC6P2JZ1Y61KLM5', Version: 1.1, Content: <null>, Headers:

I/mono-stdout( 8435): {

I/mono-stdout( 8435): DeveloperKey: WDHR8FC6P2JZ1Y61KLM5

I/mono-stdout( 8435): Accept: application/json

I/mono-stdout( 8435): Authorization: Bearer test

I/mono-stdout( 8435): HostSite: US

I/mono-stdout( 8435): }
I/mono-stdout( 8435): Current State = 1,2,6,7
I/mono-stdout( 8435): applied jobs = 6
I/mono-stdout( 8435): expired jobs = 7
I/mono-stdout( 8435): saved jobs = Saved,Saved,Applied,Saved
I/mono-stdout( 8435): done making call to: /consumer/resumes?OAuthToken=&HostSite=US&DeveloperKey=WDHR8FC6P2JZ1Y61KLM5
I/mono-stdout( 8435): done making call to: /consumer/resumes?OAuthToken=&HostSite=US&DeveloperKey=WDHR8FC6P2JZ1Y61KLM5
I/mono-stdout( 8435): The resume  with hash has been set as latest
I/mono-stdout( 8435): The resume  with hash has been set as latest
I/art     ( 8435): Explicit concurrent mark sweep GC freed 1260(73KB) AllocSpace objects, 0(0B) LOS objects, 27% free, 42MB/58MB, paused 1.167ms total 25.263ms
D/Mono    ( 8435): GC_TAR_BRIDGE bridges 172 objects 370 opaque 122 colors 172 colors-bridged 172 colors-visible 172 xref 5 cache-hit 0 cache-semihit 0 cache-miss 0 setup 0.06ms tarjan 0.34ms scc-setup 0.12ms gather-xref 0.01ms xref-setup 0.02ms cleanup 0.07ms
D/Mono    ( 8435): GC_BRIDGE: Complete, was running for 31.72ms
D/Mono    ( 8435): GC_MINOR: (Nursery full) time 19.57ms, stw 19.93ms promoted 889K major size: 1872K in use: 1168K los size: 1024K in use: 370K
I/mono-stdout( 8435): done making call to: /consumer/saved-jobs/?DeveloperKey=WDHR8FC6P2JZ1Y61KLM5
I/mono-stdout( 8435): done making call to: /consumer/jobs/search/?Keywords=&Location=&UseFacets=true&PageNumber=1&ExcludeNational=true&DeveloperKey=WDHR8FC6P2JZ1Y61KLM5
E/RecyclerView( 8435): No adapter attached; skipping layout
I/mono-stdout( 8435): uri is: https://api.careerbuilder.com/consumer/saved-jobs/?DeveloperKey=WDHR8FC6P2JZ1Y61KLM5
I/mono-stdout( 8435): making api call to: /consumer/saved-jobs/?DeveloperKey=WDHR8FC6P2JZ1Y61KLM5
I/mono-stdout( 8435): Method: GET, RequestUri: 'https://api.careerbuilder.com/consumer/saved-jobs/?DeveloperKey=WDHR8FC6P2JZ1Y61KLM5', Version: 1.1, Content: <null>, Headers:

I/mono-stdout( 8435): {

I/mono-stdout( 8435): DeveloperKey: WDHR8FC6P2JZ1Y61KLM5

I/mono-stdout( 8435): Accept: application/json

I/mono-stdout( 8435): Authorization: Bearer test

I/mono-stdout( 8435): HostSite: US

I/mono-stdout( 8435): }
I/mono-stdout( 8435): Current State = 1,2,6,7
I/mono-stdout( 8435): applied jobs = 6
I/mono-stdout( 8435): expired jobs = 7
I/mono-stdout( 8435): saved jobs = Saved,Saved,Applied,Saved
W/art     ( 8435): JNI RegisterNativeMethods: attempt to register 0 native methods for md539c3d548fb000cea9f34163fa7e112ea.ProgressListItemViewHolder
D/Mono    ( 8435): Assembly Ref addref Xamarin.Android.Support.v7.AppCompat[0xb4b72100] -> System.Core[0xb4b72c40]: 15
I/Choreographer( 8435): Skipped 85 frames!  The application may be doing too much work on its main thread.
E/RecyclerView( 8435): No adapter attached; skipping layout
I/ActivityManager(  818): Displayed com.careerbuilder.SugarDrone/md5a4824aa66c0dc4d104077b72c1916a44.MasterNavActivity: +1s977ms
D/Mono    ( 8435): DllImport searching in: '__Internal' ('(null)').
D/Mono    ( 8435): Searching for 'java_interop_jnienv_call_void_method'.
D/Mono    ( 8435): Probing 'java_interop_jnienv_call_void_method'.
D/Mono    ( 8435): Found as 'java_interop_jnienv_call_void_method'.
E/RecyclerView( 8435): No adapter attached; skipping layout
W/ResourceType( 8435): No known package when getting name for resource number 0xffffffff
W/ResourceType( 8435): No known package when getting name for resource number 0xffffffff
W/ResourceType( 8435): No known package when getting name for resource number 0xffffffff
W/ResourceType( 8435): No known package when getting name for resource number 0xffffffff
W/ResourceType( 8435): No known package when getting name for resource number 0xffffffff
W/ResourceType( 8435): No known package when getting name for resource number 0xffffffff
W/ResourceType( 8435): No known package when getting name for resource number 0xffffffff
W/ResourceType( 8435): No known package when getting name for resource number 0xffffffff
W/ResourceType( 8435): No known package when getting name for resource number 0xffffffff
W/ResourceType( 8435): No known package when getting name for resource number 0xffffffff
W/ResourceType( 8435): No known package when getting name for resource number 0xffffffff
W/ResourceType( 8435): No known package when getting name for resource number 0xffffffff
W/ResourceType( 8435): No known package when getting name for resource number 0xffffffff
W/ResourceType( 8435): No known package when getting name for resource number 0xffffffff
W/ResourceType( 8435): No known package when getting name for resource number 0xffffffff
W/ResourceType( 8435): No known package when getting name for resource number 0xffffffff
W/ResourceType( 8435): No known package when getting name for resource number 0xffffffff
W/ResourceType( 8435): No known package when getting name for resource number 0xffffffff
W/ResourceType( 8435): No known package when getting name for resource number 0xffffffff
W/ResourceType( 8435): No known package when getting name for resource number 0xffffffff
W/ResourceType( 8435): No known package when getting name for resource number 0xffffffff
W/ResourceType( 8435): No known package when getting name for resource number 0xffffffff
W/ResourceType( 8435): No known package when getting name for resource number 0xffffffff
W/ResourceType( 8435): No known package when getting name for resource number 0xffffffff
W/ResourceType( 8435): No known package when getting name for resource number 0xffffffff
W/ResourceType( 8435): No known package when getting name for resource number 0xffffffff
W/ResourceType( 8435): No known package when getting name for resource number 0xffffffff
I/mono-stdout( 8435): done making call to: /consumer/saved-jobs/?DeveloperKey=WDHR8FC6P2JZ1Y61KLM5
W/ResourceType( 8435): No known package when getting name for resource number 0xffffffff
W/ResourceType( 8435): No known package when getting name for resource number 0xffffffff
W/ResourceType( 8435): No known package when getting name for resource number 0xffffffff
W/ResourceType( 8435): No known package when getting name for resource number 0xffffffff
W/ResourceType( 8435): No known package when getting name for resource number 0xffffffff
W/ResourceType( 8435): No known package when getting name for resource number 0xffffffff
W/ResourceType( 8435): No known package when getting name for resource number 0xffffffff
W/ResourceType( 8435): No known package when getting name for resource number 0xffffffff
W/ResourceType( 8435): No known package when getting name for resource number 0xffffffff
W/ResourceType( 8435): No known package when getting name for resource number 0xffffffff
W/ResourceType( 8435): No known package when getting name for resource number 0xffffffff
W/ResourceType( 8435): No known package when getting name for resource number 0xffffffff
W/ResourceType( 8435): No known package when getting name for resource number 0xffffffff
W/ResourceType( 8435): No known package when getting name for resource number 0xffffffff
W/ResourceType( 8435): No known package when getting name for resource number 0xffffffff
W/ResourceType( 8435): No known package when getting name for resource number 0xffffffff
W/ResourceType( 8435): No known package when getting name for resource number 0xffffffff
W/ResourceType( 8435): No known package when getting name for resource number 0xffffffff
W/ResourceType( 8435): No known package when getting name for resource number 0xffffffff
D/audio_hw_primary(  357): disable_audio_route: reset and update mixer path: low-latency-playback speaker
D/audio_hw_primary(  357): disable_snd_device: snd_device(2: speaker)
D/Mono    ( 8435): DllImport searching in: '__Internal' ('(null)').
D/Mono    ( 8435): Searching for 'java_interop_jnienv_set_int_field'.
D/Mono    ( 8435): Probing 'java_interop_jnienv_set_int_field'.
D/Mono    ( 8435): Found as 'java_interop_jnienv_set_int_field'.
I/System.out( 8435): URI: /map
I/System.out( 8435): params: {json={"query":"* marked:'Job 1'","operation":{"method_name":"query","arguments":[]}}
I/System.out( 8435): }
E/RecyclerView( 8435): No adapter attached; skipping layout
W/art     ( 8435): JNI RegisterNativeMethods: attempt to register 0 native methods for md539c3d548fb000cea9f34163fa7e112ea.JobResultViewHolder
W/art     ( 8435): JNI RegisterNativeMethods: attempt to register 0 native methods for md543b91ad655f5c020e54c78f692da973f.SnapshotView
I/ThermalEngine(  365): ACTION: CPU - Setting CPU[0] to 2265600
I/ThermalEngine(  365): ACTION: CPU - Setting CPU[1] to 2265600
I/ThermalEngine(  365): ACTION: CPU - Setting CPU[2] to 2265600
I/ThermalEngine(  365): ACTION: CPU - Setting CPU[3] to 2265600
W/ResourceType( 8435): No known package when getting name for resource number 0xffffffff
W/ResourceType( 8435): No known package when getting name for resource number 0xffffffff
W/ResourceType( 8435): No known package when getting name for resource number 0xffffffff
W/ResourceType( 8435): No known package when getting name for resource number 0xffffffff
W/ResourceType( 8435): No known package when getting name for resource number 0xffffffff
W/ResourceType( 8435): No known package when getting name for resource number 0xffffffff
W/ResourceType( 8435): No known package when getting name for resource number 0xffffffff
W/ResourceType( 8435): No known package when getting name for resource number 0xffffffff
W/ResourceType( 8435): No known package when getting name for resource number 0xffffffff
W/ResourceType( 8435): No known package when getting name for resource number 0xffffffff
W/ResourceType( 8435): No known package when getting name for resource number 0xffffffff
W/ResourceType( 8435): No known package when getting name for resource number 0xffffffff
W/ResourceType( 8435): No known package when getting name for resource number 0xffffffff
W/ResourceType( 8435): No known package when getting name for resource number 0xffffffff
W/ResourceType( 8435): No known package when getting name for resource number 0xffffffff
W/ResourceType( 8435): No known package when getting name for resource number 0xffffffff
W/ResourceType( 8435): No known package when getting name for resource number 0xffffffff
W/ResourceType( 8435): No known package when getting name for resource number 0xffffffff
W/ResourceType( 8435): No known package when getting name for resource number 0xffffffff
W/ResourceType( 8435): No known package when getting name for resource number 0xffffffff
W/ResourceType( 8435): No known package when getting name for resource number 0xffffffff
W/ResourceType( 8435): No known package when getting name for resource number 0xffffffff
W/ResourceType( 8435): No known package when getting name for resource number 0xffffffff
W/ResourceType( 8435): No known package when getting name for resource number 0xffffffff
W/ResourceType( 8435): No known package when getting name for resource number 0xffffffff
W/ResourceType( 8435): No known package when getting name for resource number 0xffffffff
W/ResourceType( 8435): No known package when getting name for resource number 0xffffffff
W/ResourceType( 8435): No known package when getting name for resource number 0xffffffff
W/ResourceType( 8435): No known package when getting name for resource number 0xffffffff
W/ResourceType( 8435): No known package when getting name for resource number 0xffffffff
W/ResourceType( 8435): No known package when getting name for resource number 0xffffffff
W/ResourceType( 8435): No known package when getting name for resource number 0xffffffff
W/ResourceType( 8435): No known package when getting name for resource number 0xffffffff
W/ResourceType( 8435): No known package when getting name for resource number 0xffffffff
W/ResourceType( 8435): No known package when getting name for resource number 0xffffffff
W/ResourceType( 8435): No known package when getting name for resource number 0xffffffff
W/ResourceType( 8435): No known package when getting name for resource number 0xffffffff
W/ResourceType( 8435): No known package when getting name for resource number 0xffffffff
W/ResourceType( 8435): No known package when getting name for resource number 0xffffffff
W/ResourceType( 8435): No known package when getting name for resource number 0xffffffff
W/ResourceType( 8435): No known package when getting name for resource number 0xffffffff
W/ResourceType( 8435): No known package when getting name for resource number 0xffffffff
W/ResourceType( 8435): No known package when getting name for resource number 0xffffffff
W/ResourceType( 8435): No known package when getting name for resource number 0xffffffff
W/ResourceType( 8435): No known package when getting name for resource number 0xffffffff
W/ResourceType( 8435): No known package when getting name for resource number 0xffffffff
W/ResourceType( 8435): No known package when getting name for resource number 0xffffffff
W/ResourceType( 8435): No known package when getting name for resource number 0xffffffff
W/ResourceType( 8435): No known package when getting name for resource number 0xffffffff
W/ResourceType( 8435): No known package when getting name for resource number 0xffffffff
W/ResourceType( 8435): No known package when getting name for resource number 0xffffffff
W/ResourceType( 8435): No known package when getting name for resource number 0xffffffff
W/ResourceType( 8435): No known package when getting name for resource number 0xffffffff
W/ResourceType( 8435): No known package when getting name for resource number 0xffffffff
W/ResourceType( 8435): No known package when getting name for resource number 0xffffffff
W/ResourceType( 8435): No known package when getting name for resource number 0xffffffff
W/ResourceType( 8435): No known package when getting name for resource number 0xffffffff
W/ResourceType( 8435): No known package when getting name for resource number 0xffffffff
I/art     ( 8435): Explicit concurrent mark sweep GC freed 79636(3MB) AllocSpace objects, 3(48KB) LOS objects, 26% free, 43MB/59MB, paused 1.315ms total 78.260ms
W/ResourceType( 8435): No known package when getting name for resource number 0xffffffff
W/ResourceType( 8435): No known package when getting name for resource number 0xffffffff
W/ResourceType( 8435): No known package when getting name for resource number 0xffffffff
W/ResourceType( 8435): No known package when getting name for resource number 0xffffffff
W/ResourceType( 8435): No known package when getting name for resource number 0xffffffff
I/art     ( 8435): Explicit concurrent mark sweep GC freed 2215(95KB) AllocSpace objects, 0(0B) LOS objects, 26% free, 43MB/59MB, paused 844us total 24.848ms
W/ResourceType( 8435): No known package when getting name for resource number 0xffffffff
W/ResourceType( 8435): No known package when getting name for resource number 0xffffffff
W/ResourceType( 8435): No known package when getting name for resource number 0xffffffff
I/art     ( 8435): Explicit concurrent mark sweep GC freed 7676(273KB) AllocSpace objects, 0(0B) LOS objects, 26% free, 43MB/59MB, paused 1.195ms total 31.121ms
I/art     ( 8435): Explicit concurrent mark sweep GC freed 29745(1203KB) AllocSpace objects, 1(16KB) LOS objects, 26% free, 43MB/59MB, paused 1.459ms total 47.410ms
I/art     ( 8435): Explicit concurrent mark sweep GC freed 658(60KB) AllocSpace objects, 1(16KB) LOS objects, 26% free, 43MB/59MB, paused 1.027ms total 27.349ms
I/System.out( 8435): URI: /map
I/System.out( 8435): params: {json={"query":"* marked:'Job 1'","operation":{"method_name":"query","arguments":[]}}
I/System.out( 8435): }
W/ResourceType( 8435): No known package when getting name for resource number 0xffffffff
W/ResourceType( 8435): No known package when getting name for resource number 0xffffffff
W/ResourceType( 8435): No known package when getting name for resource number 0xffffffff
W/ResourceType( 8435): No known package when getting name for resource number 0xffffffff
W/ResourceType( 8435): No known package when getting name for resource number 0xffffffff
W/ResourceType( 8435): No known package when getting name for resource number 0xffffffff
W/ResourceType( 8435): No known package when getting name for resource number 0xffffffff
W/ResourceType( 8435): No known package when getting name for resource number 0xffffffff
W/ResourceType( 8435): No known package when getting name for resource number 0xffffffff
W/ResourceType( 8435): No known package when getting name for resource number 0xffffffff
W/ResourceType( 8435): No known package when getting name for resource number 0xffffffff
W/ResourceType( 8435): No known package when getting name for resource number 0xffffffff
W/ResourceType( 8435): No known package when getting name for resource number 0xffffffff
W/ResourceType( 8435): No known package when getting name for resource number 0xffffffff
W/ResourceType( 8435): No known package when getting name for resource number 0xffffffff
W/ResourceType( 8435): No known package when getting name for resource number 0xffffffff
W/ResourceType( 8435): No known package when getting name for resource number 0xffffffff
W/ResourceType( 8435): No known package when getting name for resource number 0xffffffff
W/ResourceType( 8435): No known package when getting name for resource number 0xffffffff
W/ResourceType( 8435): No known package when getting name for resource number 0xffffffff
W/ResourceType( 8435): No known package when getting name for resource number 0xffffffff
W/ResourceType( 8435): No known package when getting name for resource number 0xffffffff
W/ResourceType( 8435): No known package when getting name for resource number 0xffffffff
W/ResourceType( 8435): No known package when getting name for resource number 0xffffffff
W/ResourceType( 8435): No known package when getting name for resource number 0xffffffff
W/ResourceType( 8435): No known package when getting name for resource number 0xffffffff
W/ResourceType( 8435): No known package when getting name for resource number 0xffffffff
W/ResourceType( 8435): No known package when getting name for resource number 0xffffffff
W/ResourceType( 8435): No known package when getting name for resource number 0xffffffff
W/ResourceType( 8435): No known package when getting name for resource number 0xffffffff
W/ResourceType( 8435): No known package when getting name for resource number 0xffffffff
W/ResourceType( 8435): No known package when getting name for resource number 0xffffffff
W/ResourceType( 8435): No known package when getting name for resource number 0xffffffff
W/ResourceType( 8435): No known package when getting name for resource number 0xffffffff
W/ResourceType( 8435): No known package when getting name for resource number 0xffffffff
W/ResourceType( 8435): No known package when getting name for resource number 0xffffffff
W/ResourceType( 8435): No known package when getting name for resource number 0xffffffff
W/ResourceType( 8435): No known package when getting name for resource number 0xffffffff
W/ResourceType( 8435): No known package when getting name for resource number 0xffffffff
W/ResourceType( 8435): No known package when getting name for resource number 0xffffffff
W/ResourceType( 8435): No known package when getting name for resource number 0xffffffff
W/ResourceType( 8435): No known package when getting name for resource number 0xffffffff
W/ResourceType( 8435): No known package when getting name for resource number 0xffffffff
W/ResourceType( 8435): No known package when getting name for resource number 0xffffffff
W/ResourceType( 8435): No known package when getting name for resource number 0xffffffff
W/ResourceType( 8435): No known package when getting name for resource number 0xffffffff
W/ResourceType( 8435): No known package when getting name for resource number 0xffffffff
W/ResourceType( 8435): No known package when getting name for resource number 0xffffffff
W/ResourceType( 8435): No known package when getting name for resource number 0xffffffff
W/ResourceType( 8435): No known package when getting name for resource number 0xffffffff
W/ResourceType( 8435): No known package when getting name for resource number 0xffffffff
W/ResourceType( 8435): No known package when getting name for resource number 0xffffffff
W/ResourceType( 8435): No known package when getting name for resource number 0xffffffff
W/ResourceType( 8435): No known package when getting name for resource number 0xffffffff
W/ResourceType( 8435): No known package when getting name for resource number 0xffffffff
W/ResourceType( 8435): No known package when getting name for resource number 0xffffffff
W/ResourceType( 8435): No known package when getting name for resource number 0xffffffff
W/ResourceType( 8435): No known package when getting name for resource number 0xffffffff
W/ResourceType( 8435): No known package when getting name for resource number 0xffffffff
W/ResourceType( 8435): No known package when getting name for resource number 0xffffffff
W/ResourceType( 8435): No known package when getting name for resource number 0xffffffff
W/ResourceType( 8435): No known package when getting name for resource number 0xffffffff
W/ResourceType( 8435): No known package when getting name for resource number 0xffffffff
W/ResourceType( 8435): No known package when getting name for resource number 0xffffffff
W/ResourceType( 8435): No known package when getting name for resource number 0xffffffff
W/ResourceType( 8435): No known package when getting name for resource number 0xffffffff
I/System.out( 8435): URI: /map
I/System.out( 8435): params: {json={"query":"* marked:'Job 1'","operation":{"method_name":"query","arguments":[]}}
I/System.out( 8435): }
W/ResourceType( 8435): No known package when getting name for resource number 0xffffffff
W/ResourceType( 8435): No known package when getting name for resource number 0xffffffff
W/ResourceType( 8435): No known package when getting name for resource number 0xffffffff
W/ResourceType( 8435): No known package when getting name for resource number 0xffffffff
W/ResourceType( 8435): No known package when getting name for resource number 0xffffffff
W/ResourceType( 8435): No known package when getting name for resource number 0xffffffff
W/ResourceType( 8435): No known package when getting name for resource number 0xffffffff
W/ResourceType( 8435): No known package when getting name for resource number 0xffffffff
W/ResourceType( 8435): No known package when getting name for resource number 0xffffffff
W/ResourceType( 8435): No known package when getting name for resource number 0xffffffff
W/ResourceType( 8435): No known package when getting name for resource number 0xffffffff
W/ResourceType( 8435): No known package when getting name for resource number 0xffffffff
W/ResourceType( 8435): No known package when getting name for resource number 0xffffffff
W/ResourceType( 8435): No known package when getting name for resource number 0xffffffff
W/ResourceType( 8435): No known package when getting name for resource number 0xffffffff
W/ResourceType( 8435): No known package when getting name for resource number 0xffffffff
W/ResourceType( 8435): No known package when getting name for resource number 0xffffffff
W/ResourceType( 8435): No known package when getting name for resource number 0xffffffff
W/ResourceType( 8435): No known package when getting name for resource number 0xffffffff
W/ResourceType( 8435): No known package when getting name for resource number 0xffffffff
W/ResourceType( 8435): No known package when getting name for resource number 0xffffffff
W/ResourceType( 8435): No known package when getting name for resource number 0xffffffff
W/ResourceType( 8435): No known package when getting name for resource number 0xffffffff
W/ResourceType( 8435): No known package when getting name for resource number 0xffffffff
W/ResourceType( 8435): No known package when getting name for resource number 0xffffffff
W/ResourceType( 8435): No known package when getting name for resource number 0xffffffff
W/ResourceType( 8435): No known package when getting name for resource number 0xffffffff
W/ResourceType( 8435): No known package when getting name for resource number 0xffffffff
W/ResourceType( 8435): No known package when getting name for resource number 0xffffffff
W/ResourceType( 8435): No known package when getting name for resource number 0xffffffff
W/ResourceType( 8435): No known package when getting name for resource number 0xffffffff
W/ResourceType( 8435): No known package when getting name for resource number 0xffffffff
W/ResourceType( 8435): No known package when getting name for resource number 0xffffffff
W/ResourceType( 8435): No known package when getting name for resource number 0xffffffff
W/ResourceType( 8435): No known package when getting name for resource number 0xffffffff
W/ResourceType( 8435): No known package when getting name for resource number 0xffffffff
W/ResourceType( 8435): No known package when getting name for resource number 0xffffffff
W/ResourceType( 8435): No known package when getting name for resource number 0xffffffff
W/ResourceType( 8435): No known package when getting name for resource number 0xffffffff
W/ResourceType( 8435): No known package when getting name for resource number 0xffffffff
W/ResourceType( 8435): No known package when getting name for resource number 0xffffffff
W/ResourceType( 8435): No known package when getting name for resource number 0xffffffff
W/ResourceType( 8435): No known package when getting name for resource number 0xffffffff
W/ResourceType( 8435): No known package when getting name for resource number 0xffffffff
W/ResourceType( 8435): No known package when getting name for resource number 0xffffffff
W/ResourceType( 8435): No known package when getting name for resource number 0xffffffff
W/ResourceType( 8435): No known package when getting name for resource number 0xffffffff
W/ResourceType( 8435): No known package when getting name for resource number 0xffffffff
W/ResourceType( 8435): No known package when getting name for resource number 0xffffffff
W/ResourceType( 8435): No known package when getting name for resource number 0xffffffff
W/ResourceType( 8435): No known package when getting name for resource number 0xffffffff
W/ResourceType( 8435): No known package when getting name for resource number 0xffffffff
W/ResourceType( 8435): No known package when getting name for resource number 0xffffffff
W/ResourceType( 8435): No known package when getting name for resource number 0xffffffff
W/ResourceType( 8435): No known package when getting name for resource number 0xffffffff
W/ResourceType( 8435): No known package when getting name for resource number 0xffffffff
W/ResourceType( 8435): No known package when getting name for resource number 0xffffffff
W/ResourceType( 8435): No known package when getting name for resource number 0xffffffff
W/ResourceType( 8435): No known package when getting name for resource number 0xffffffff
W/ResourceType( 8435): No known package when getting name for resource number 0xffffffff
W/ResourceType( 8435): No known package when getting name for resource number 0xffffffff
W/ResourceType( 8435): No known package when getting name for resource number 0xffffffff
W/ResourceType( 8435): No known package when getting name for resource number 0xffffffff
W/ResourceType( 8435): No known package when getting name for resource number 0xffffffff
W/ResourceType( 8435): No known package when getting name for resource number 0xffffffff
W/ResourceType( 8435): No known package when getting name for resource number 0xffffffff
D/Mono    ( 8435): [0x982eba00] hill climbing, change max number of threads 4
I/System.out( 8435): URI: /map
I/System.out( 8435): params: {json={"query":"* marked:'Job 1'","operation":{"method_name":"query","arguments":[]}}
I/System.out( 8435): }
I/ThermalEngine(  365): ACTION: CPU - Setting CPU[0] to 1958400
I/ThermalEngine(  365): ACTION: CPU - Setting CPU[1] to 1958400
I/ThermalEngine(  365): ACTION: CPU - Setting CPU[2] to 1958400
I/ThermalEngine(  365): ACTION: CPU - Setting CPU[3] to 1958400
W/ResourceType( 8435): No known package when getting name for resource number 0xffffffff
W/ResourceType( 8435): No known package when getting name for resource number 0xffffffff
W/ResourceType( 8435): No known package when getting name for resource number 0xffffffff
W/ResourceType( 8435): No known package when getting name for resource number 0xffffffff
W/ResourceType( 8435): No known package when getting name for resource number 0xffffffff
W/ResourceType( 8435): No known package when getting name for resource number 0xffffffff
W/ResourceType( 8435): No known package when getting name for resource number 0xffffffff
W/ResourceType( 8435): No known package when getting name for resource number 0xffffffff
W/ResourceType( 8435): No known package when getting name for resource number 0xffffffff
W/ResourceType( 8435): No known package when getting name for resource number 0xffffffff
W/ResourceType( 8435): No known package when getting name for resource number 0xffffffff
W/ResourceType( 8435): No known package when getting name for resource number 0xffffffff
W/ResourceType( 8435): No known package when getting name for resource number 0xffffffff
W/ResourceType( 8435): No known package when getting name for resource number 0xffffffff
W/ResourceType( 8435): No known package when getting name for resource number 0xffffffff
W/ResourceType( 8435): No known package when getting name for resource number 0xffffffff
W/ResourceType( 8435): No known package when getting name for resource number 0xffffffff
W/ResourceType( 8435): No known package when getting name for resource number 0xffffffff
W/ResourceType( 8435): No known package when getting name for resource number 0xffffffff
W/ResourceType( 8435): No known package when getting name for resource number 0xffffffff
W/ResourceType( 8435): No known package when getting name for resource number 0xffffffff
W/ResourceType( 8435): No known package when getting name for resource number 0xffffffff
W/ResourceType( 8435): No known package when getting name for resource number 0xffffffff
W/ResourceType( 8435): No known package when getting name for resource number 0xffffffff
W/ResourceType( 8435): No known package when getting name for resource number 0xffffffff
W/ResourceType( 8435): No known package when getting name for resource number 0xffffffff
W/ResourceType( 8435): No known package when getting name for resource number 0xffffffff
W/ResourceType( 8435): No known package when getting name for resource number 0xffffffff
W/ResourceType( 8435): No known package when getting name for resource number 0xffffffff
W/ResourceType( 8435): No known package when getting name for resource number 0xffffffff
W/ResourceType( 8435): No known package when getting name for resource number 0xffffffff
W/ResourceType( 8435): No known package when getting name for resource number 0xffffffff
W/ResourceType( 8435): No known package when getting name for resource number 0xffffffff
W/ResourceType( 8435): No known package when getting name for resource number 0xffffffff
W/ResourceType( 8435): No known package when getting name for resource number 0xffffffff
W/ResourceType( 8435): No known package when getting name for resource number 0xffffffff
W/ResourceType( 8435): No known package when getting name for resource number 0xffffffff
W/ResourceType( 8435): No known package when getting name for resource number 0xffffffff
W/ResourceType( 8435): No known package when getting name for resource number 0xffffffff
W/ResourceType( 8435): No known package when getting name for resource number 0xffffffff
W/ResourceType( 8435): No known package when getting name for resource number 0xffffffff
W/ResourceType( 8435): No known package when getting name for resource number 0xffffffff
W/ResourceType( 8435): No known package when getting name for resource number 0xffffffff
W/ResourceType( 8435): No known package when getting name for resource number 0xffffffff
W/ResourceType( 8435): No known package when getting name for resource number 0xffffffff
W/ResourceType( 8435): No known package when getting name for resource number 0xffffffff
W/ResourceType( 8435): No known package when getting name for resource number 0xffffffff
W/ResourceType( 8435): No known package when getting name for resource number 0xffffffff
W/ResourceType( 8435): No known package when getting name for resource number 0xffffffff
W/ResourceType( 8435): No known package when getting name for resource number 0xffffffff
