<![CDATA[D/Finsky  ( 5926): [1] 5.onFinished: Installation state replication succeeded.

]]><xtc-scenario name="[0-1005]CareerBuilder_Search.DroidFeatureTests.AfterApplyTests.LogoutInFlyoutOpensLogoutDialog" id="[0-1005]CareerBuilder_Search.DroidFeatureTests.AfterApplyTests.LogoutInFlyoutOpensLogoutDialog"><![CDATA[
E/WifiStateMachine(  818): WifiStateMachine CMD_START_SCAN source -2 txSuccessRate=0.19 rxSuccessRate=0.16 targetRoamBSSID=any RSSI=-51
E/WifiStateMachine(  818): WifiStateMachine starting scan for "xtc-ag"WPA_PSK with 5240,2412,2437,5220,5200,5180

]]><xtc-step name="[0-1005]CareerBuilder_Search.DroidFeatureTests.AfterApplyTests.LogoutInFlyoutOpensLogoutDialog-LogoutInFlyoutOpensLogoutDialog" id="[0-1005]CareerBuilder_Search.DroidFeatureTests.AfterApplyTests.LogoutInFlyoutOpensLogoutDialog-LogoutInFlyoutOpensLogoutDialog"><![CDATA[
D/AndroidRuntime( 6603): >>>>>> START com.android.internal.os.RuntimeInit uid 2000 <<<<<<
D/AndroidRuntime( 6603): CheckJNI is OFF
D/AndroidRuntime( 6603): Calling main entry com.android.commands.pm.Pm
I/art     ( 6603): System.exit called, status: 0
I/AndroidRuntime( 6603): VM exiting with result code 0.
D/AndroidRuntime( 6710): >>>>>> START com.android.internal.os.RuntimeInit uid 2000 <<<<<<
D/AndroidRuntime( 6710): CheckJNI is OFF
D/AndroidRuntime( 6710): Calling main entry com.android.commands.am.Am
W/ActivityManager(  818): Invalid packageName: com.careerbuilder.SugarDrone
D/AndroidRuntime( 6710): Shutting down VM
E/WifiStateMachine(  818): WifiStateMachine CMD_START_SCAN source -2 txSuccessRate=0.00 rxSuccessRate=0.00 targetRoamBSSID=any RSSI=-51
W/ip      ( 7231): type=1400 audit(0.0:18): avc: denied { search } for name="net" dev="dm-0" ino=1081351 scontext=u:r:shell:s0 tcontext=u:object_r:net_data_file:s0 tclass=dir permissive=0
E/WifiStateMachine(  818): WifiStateMachine CMD_START_SCAN source -2 txSuccessRate=0.00 rxSuccessRate=0.00 targetRoamBSSID=any RSSI=-51
E/WifiStateMachine(  818): WifiStateMachine starting scan for "xtc-ag"WPA_PSK with 5240,2412,2437,5220,5200,5180
D/AndroidRuntime( 7287): >>>>>> START com.android.internal.os.RuntimeInit uid 2000 <<<<<<
D/AndroidRuntime( 7287): CheckJNI is OFF
D/AndroidRuntime( 7287): Calling main entry com.android.commands.pm.Pm
D/DefContainer( 6121): Copying /data/local/tmp/0000001935 to base.apk
D/PackageManager(  818): Renaming /data/app/vmdl365891065.tmp to /data/app/com.careerbuilder.SugarDrone-1
I/PackageManager(  818): Running dexopt on: /data/app/com.careerbuilder.SugarDrone-1/base.apk pkg=com.careerbuilder.SugarDrone isa=arm vmSafeMode=false
I/dex2oat ( 7354): /system/bin/dex2oat --zip-fd=6 --zip-location=/data/app/com.careerbuilder.SugarDrone-1/base.apk --oat-fd=7 --oat-location=/data/dalvik-cache/arm/data@app@com.careerbuilder.SugarDrone-1@base.apk@classes.dex --instruction-set=arm --instruction-set-features=div --runtime-arg -Xms64m --runtime-arg -Xmx512m --swap-fd=8
I/dex2oat ( 7354): Decided to run without swap.
W/dex2oat ( 7354): Before Android 4.1, method android.graphics.PorterDuffColorFilter android.support.graphics.drawable.VectorDrawableCompat.updateTintFilter(android.graphics.PorterDuffColorFilter, android.content.res.ColorStateList, android.graphics.PorterDuff$Mode) would have incorrectly overridden the package-private method in android.graphics.drawable.Drawable
W/dex2oat ( 7354): Before Android 4.1, method int android.support.v7.widget.ListViewCompat.lookForSelectablePosition(int, boolean) would have incorrectly overridden the package-private method in android.widget.ListView
I/ThermalEngine(  366): ACTION: GPU - Setting GPU[0] to 500000000
I/ThermalEngine(  366): Mitigation:GPU[0]:500000000 Hz
I/ThermalEngine(  366): ACTION: CPU - Setting CPU[0] to 2572800
I/ThermalEngine(  366): ACTION: CPU - Setting CPU[1] to 2572800
I/ThermalEngine(  366): ACTION: CPU - Setting CPU[2] to 2572800
I/ThermalEngine(  366): ACTION: CPU - Setting CPU[3] to 2572800
W/dex2oat ( 7354): Compilation of float android.support.design.widget.AppBarLayout$ScrollingViewBehavior.getOverlapRatioForOffset(android.view.View) took 109.495ms
W/dex2oat ( 7354): Compilation of void android.support.v7.widget.RecyclerView.repositionShadowingViews() took 112.356ms
W/dex2oat ( 7354): Compilation of int android.support.design.widget.HeaderBehavior.setHeaderTopBottomOffset(android.support.design.widget.CoordinatorLayout, android.view.View, int) took 133.856ms
W/dex2oat ( 7354): Compilation of boolean android.support.design.widget.AppBarLayout$Behavior.onMeasureChild(android.support.design.widget.CoordinatorLayout, android.support.design.widget.AppBarLayout, int, int, int, int) took 167.106ms
I/ThermalEngine(  366): ACTION: CPU - Setting CPU[0] to 2496000
I/ThermalEngine(  366): ACTION: CPU - Setting CPU[1] to 2496000
I/ThermalEngine(  366): ACTION: CPU - Setting CPU[2] to 2496000
I/ThermalEngine(  366): ACTION: CPU - Setting CPU[3] to 2496000
I/ThermalEngine(  366): ACTION: CPU - Setting CPU[0] to 2572800
I/ThermalEngine(  366): ACTION: CPU - Setting CPU[1] to 2572800
I/ThermalEngine(  366): ACTION: CPU - Setting CPU[2] to 2572800
I/ThermalEngine(  366): ACTION: CPU - Setting CPU[3] to 2572800
I/ThermalEngine(  366): ACTION: CPU - Setting CPU[0] to 2496000
I/ThermalEngine(  366): ACTION: CPU - Setting CPU[1] to 2496000
I/ThermalEngine(  366): ACTION: CPU - Setting CPU[2] to 2496000
I/ThermalEngine(  366): ACTION: CPU - Setting CPU[3] to 2496000
I/ThermalEngine(  366): ACTION: CPU - Setting CPU[0] to 2457600
I/ThermalEngine(  366): ACTION: CPU - Setting CPU[1] to 2457600
I/ThermalEngine(  366): ACTION: CPU - Setting CPU[2] to 2457600
I/ThermalEngine(  366): ACTION: CPU - Setting CPU[3] to 2457600
I/ThermalEngine(  366): ACTION: CPU - Setting CPU[0] to 2496000
I/ThermalEngine(  366): ACTION: CPU - Setting CPU[1] to 2496000
I/ThermalEngine(  366): ACTION: CPU - Setting CPU[2] to 2496000
I/ThermalEngine(  366): ACTION: CPU - Setting CPU[3] to 2496000
I/ThermalEngine(  366): ACTION: CPU - Setting CPU[0] to 2572800
I/ThermalEngine(  366): ACTION: CPU - Setting CPU[1] to 2572800
I/ThermalEngine(  366): ACTION: CPU - Setting CPU[2] to 2572800
I/ThermalEngine(  366): ACTION: CPU - Setting CPU[3] to 2572800
I/ThermalEngine(  366): ACTION: CPU - Setting CPU[0] to 2496000
I/ThermalEngine(  366): ACTION: CPU - Setting CPU[1] to 2496000
I/ThermalEngine(  366): ACTION: CPU - Setting CPU[2] to 2496000
I/ThermalEngine(  366): ACTION: CPU - Setting CPU[3] to 2496000
I/ThermalEngine(  366): ACTION: CPU - Setting CPU[0] to 2572800
I/ThermalEngine(  366): ACTION: CPU - Setting CPU[1] to 2572800
I/ThermalEngine(  366): ACTION: CPU - Setting CPU[2] to 2572800
I/ThermalEngine(  366): ACTION: CPU - Setting CPU[3] to 2572800
I/ThermalEngine(  366): ACTION: CPU - Setting CPU[0] to 2496000
I/ThermalEngine(  366): ACTION: CPU - Setting CPU[1] to 2496000
I/ThermalEngine(  366): ACTION: CPU - Setting CPU[2] to 2496000
I/ThermalEngine(  366): ACTION: CPU - Setting CPU[3] to 2496000
I/ThermalEngine(  366): ACTION: CPU - Setting CPU[0] to 2457600
I/ThermalEngine(  366): ACTION: CPU - Setting CPU[1] to 2457600
I/ThermalEngine(  366): ACTION: CPU - Setting CPU[2] to 2457600
I/ThermalEngine(  366): ACTION: CPU - Setting CPU[3] to 2457600
I/ThermalEngine(  366): ACTION: CPU - Setting CPU[0] to 2265600
I/ThermalEngine(  366): ACTION: CPU - Setting CPU[1] to 2265600
I/ThermalEngine(  366): ACTION: CPU - Setting CPU[2] to 2265600
I/ThermalEngine(  366): ACTION: CPU - Setting CPU[3] to 2265600
I/ThermalEngine(  366): ACTION: CPU - Setting CPU[0] to 2457600
I/ThermalEngine(  366): ACTION: CPU - Setting CPU[1] to 2457600
I/ThermalEngine(  366): ACTION: CPU - Setting CPU[2] to 2457600
I/ThermalEngine(  366): ACTION: CPU - Setting CPU[3] to 2457600
I/ThermalEngine(  366): ACTION: CPU - Setting CPU[0] to 2265600
I/ThermalEngine(  366): ACTION: CPU - Setting CPU[1] to 2265600
I/ThermalEngine(  366): ACTION: CPU - Setting CPU[2] to 2265600
I/ThermalEngine(  366): ACTION: CPU - Setting CPU[3] to 2265600
I/ThermalEngine(  366): ACTION: CPU - Setting CPU[0] to 2457600
I/ThermalEngine(  366): ACTION: CPU - Setting CPU[1] to 2457600
I/ThermalEngine(  366): ACTION: CPU - Setting CPU[2] to 2457600
I/ThermalEngine(  366): ACTION: CPU - Setting CPU[3] to 2457600
I/ThermalEngine(  366): ACTION: CPU - Setting CPU[0] to 2496000
I/ThermalEngine(  366): ACTION: CPU - Setting CPU[1] to 2496000
I/ThermalEngine(  366): ACTION: CPU - Setting CPU[2] to 2496000
I/ThermalEngine(  366): ACTION: CPU - Setting CPU[3] to 2496000
I/ThermalEngine(  366): ACTION: CPU - Setting CPU[0] to 2572800
I/ThermalEngine(  366): ACTION: CPU - Setting CPU[1] to 2572800
I/ThermalEngine(  366): ACTION: CPU - Setting CPU[2] to 2572800
I/ThermalEngine(  366): ACTION: CPU - Setting CPU[3] to 2572800
I/ThermalEngine(  366): ACTION: CPU - Setting CPU[0] to 2496000
I/ThermalEngine(  366): ACTION: CPU - Setting CPU[1] to 2496000
I/ThermalEngine(  366): ACTION: CPU - Setting CPU[2] to 2496000
I/ThermalEngine(  366): ACTION: CPU - Setting CPU[3] to 2496000
I/ThermalEngine(  366): ACTION: CPU - Setting CPU[0] to 2457600
I/ThermalEngine(  366): ACTION: CPU - Setting CPU[1] to 2457600
I/ThermalEngine(  366): ACTION: CPU - Setting CPU[2] to 2457600
I/ThermalEngine(  366): ACTION: CPU - Setting CPU[3] to 2457600
I/ThermalEngine(  366): ACTION: CPU - Setting CPU[0] to 2265600
I/ThermalEngine(  366): ACTION: CPU - Setting CPU[1] to 2265600
I/ThermalEngine(  366): ACTION: CPU - Setting CPU[2] to 2265600
I/ThermalEngine(  366): ACTION: CPU - Setting CPU[3] to 2265600
I/ThermalEngine(  366): ACTION: CPU - Setting CPU[0] to 2457600
I/ThermalEngine(  366): ACTION: CPU - Setting CPU[1] to 2457600
I/ThermalEngine(  366): ACTION: CPU - Setting CPU[2] to 2457600
I/ThermalEngine(  366): ACTION: CPU - Setting CPU[3] to 2457600
I/ThermalEngine(  366): ACTION: CPU - Setting CPU[0] to 2496000
I/ThermalEngine(  366): ACTION: CPU - Setting CPU[1] to 2496000
I/ThermalEngine(  366): ACTION: CPU - Setting CPU[2] to 2496000
I/ThermalEngine(  366): ACTION: CPU - Setting CPU[3] to 2496000
I/ThermalEngine(  366): ACTION: CPU - Setting CPU[0] to 2457600
I/ThermalEngine(  366): ACTION: CPU - Setting CPU[1] to 2457600
I/ThermalEngine(  366): ACTION: CPU - Setting CPU[2] to 2457600
I/ThermalEngine(  366): ACTION: CPU - Setting CPU[3] to 2457600
I/ThermalEngine(  366): ACTION: CPU - Setting CPU[0] to 2496000
I/ThermalEngine(  366): ACTION: CPU - Setting CPU[1] to 2496000
I/ThermalEngine(  366): ACTION: CPU - Setting CPU[2] to 2496000
I/ThermalEngine(  366): ACTION: CPU - Setting CPU[3] to 2496000
I/ThermalEngine(  366): ACTION: CPU - Setting CPU[0] to 2457600
I/ThermalEngine(  366): ACTION: CPU - Setting CPU[1] to 2457600
I/ThermalEngine(  366): ACTION: CPU - Setting CPU[2] to 2457600
I/ThermalEngine(  366): ACTION: CPU - Setting CPU[3] to 2457600
I/ThermalEngine(  366): ACTION: CPU - Setting CPU[0] to 2496000
I/ThermalEngine(  366): ACTION: CPU - Setting CPU[1] to 2496000
I/ThermalEngine(  366): ACTION: CPU - Setting CPU[2] to 2496000
I/ThermalEngine(  366): ACTION: CPU - Setting CPU[3] to 2496000
I/ThermalEngine(  366): ACTION: CPU - Setting CPU[0] to 2572800
I/ThermalEngine(  366): ACTION: CPU - Setting CPU[1] to 2572800
I/ThermalEngine(  366): ACTION: CPU - Setting CPU[2] to 2572800
I/ThermalEngine(  366): ACTION: CPU - Setting CPU[3] to 2572800
I/ThermalEngine(  366): ACTION: CPU - Setting CPU[0] to 2496000
I/ThermalEngine(  366): ACTION: CPU - Setting CPU[1] to 2496000
I/ThermalEngine(  366): ACTION: CPU - Setting CPU[2] to 2496000
I/ThermalEngine(  366): ACTION: CPU - Setting CPU[3] to 2496000
I/ThermalEngine(  366): ACTION: CPU - Setting CPU[0] to 2457600
I/ThermalEngine(  366): ACTION: CPU - Setting CPU[1] to 2457600
I/ThermalEngine(  366): ACTION: CPU - Setting CPU[2] to 2457600
I/ThermalEngine(  366): ACTION: CPU - Setting CPU[3] to 2457600
I/ThermalEngine(  366): ACTION: CPU - Setting CPU[0] to 2496000
I/ThermalEngine(  366): ACTION: CPU - Setting CPU[1] to 2496000
I/ThermalEngine(  366): ACTION: CPU - Setting CPU[2] to 2496000
I/ThermalEngine(  366): ACTION: CPU - Setting CPU[3] to 2496000
I/ThermalEngine(  366): ACTION: CPU - Setting CPU[0] to 2457600
I/ThermalEngine(  366): ACTION: CPU - Setting CPU[1] to 2457600
I/ThermalEngine(  366): ACTION: CPU - Setting CPU[2] to 2457600
I/ThermalEngine(  366): ACTION: CPU - Setting CPU[3] to 2457600
I/ThermalEngine(  366): ACTION: GPU - Setting GPU[0] to 389000000
I/ThermalEngine(  366): Mitigation:GPU[0]:389000000 Hz
I/ThermalEngine(  366): ACTION: CPU - Setting CPU[0] to 2496000
I/ThermalEngine(  366): ACTION: CPU - Setting CPU[1] to 2496000
I/ThermalEngine(  366): ACTION: CPU - Setting CPU[2] to 2496000
I/ThermalEngine(  366): ACTION: CPU - Setting CPU[3] to 2496000
I/dex2oat ( 7354): dex2oat took 5.864s (threads: 4) arena alloc=211KB java alloc=8MB native alloc=10MB free=9MB
W/PackageManager(  818): Not granting permission android.permission.MANAGE_DOCUMENTS to package com.careerbuilder.SugarDrone (protectionLevel=2 flags=0x8be46)
W/PackageManager(  818): Not granting permission android.permission.MOUNT_UNMOUNT_FILESYSTEMS to package com.careerbuilder.SugarDrone (protectionLevel=18 flags=0x8be46)
V/BackupManagerService(  818): restoreAtInstall pkg=com.careerbuilder.SugarDrone token=6 restoreSet=0
V/BackupManagerService(  818): Finishing install immediately
W/Settings(  818): Setting install_non_market_apps has moved from android.provider.Settings.Global to android.provider.Settings.Secure, returning read-only value.
W/InputMethodInfo(  818): Duplicated subtype definition found: , voice
D/BuaReceiver( 3668): ====== got intent:Intent { act=android.intent.action.PACKAGE_ADDED dat=package:com.careerbuilder.SugarDrone flg=0x4000010 cmp=com.motorola.android.buacontactadapter/.BuaReceiver (has extras) }
I/InputReader(  818): Reconfiguring input devices.  changes=0x00000010
D/BackupManagerService(  818): Received broadcast Intent { act=android.intent.action.PACKAGE_ADDED dat=package:com.careerbuilder.SugarDrone flg=0x4000010 (has extras) }
W/BackupManagerService(  818): Removing schedule queue dupe of com.careerbuilder.SugarDrone
I/UpdateIcingCorporaServi( 2838): Updating corpora: APPS=com.careerbuilder.SugarDrone, CONTACTS=MAYBE
D/Wear_Controller( 1771): Received broadcast action=android.intent.action.PACKAGE_ADDED and uri=com.careerbuilder.SugarDrone
I/PeopleContactsSync( 1771): triggerPendingContactsCleanup: no accounts
I/ThermalEngine(  366): ACTION: CPU - Setting CPU[0] to 2457600
I/ThermalEngine(  366): ACTION: CPU - Setting CPU[1] to 2457600
I/ThermalEngine(  366): ACTION: CPU - Setting CPU[2] to 2457600
I/ThermalEngine(  366): ACTION: CPU - Setting CPU[3] to 2457600
I/art     (  818): Explicit concurrent mark sweep GC freed 38783(2MB) AllocSpace objects, 2(32KB) LOS objects, 28% free, 39MB/55MB, paused 3.430ms total 337.554ms
I/art     ( 7287): System.exit called, status: 0
I/AndroidRuntime( 7287): VM exiting with result code 0.
W/IcingInternalCorpora( 1771): getNumBytesRead when not calculated.
I/ThermalEngine(  366): ACTION: CPU - Setting CPU[0] to 2265600
I/ThermalEngine(  366): ACTION: CPU - Setting CPU[1] to 2265600
I/ThermalEngine(  366): ACTION: CPU - Setting CPU[2] to 2265600
I/ThermalEngine(  366): ACTION: CPU - Setting CPU[3] to 2265600
I/Icing   ( 1771): Usage reports 0 indexed 0 rejected 0 imm upload false
I/Icing   ( 1771): Usage reports 0 indexed 0 rejected 0 imm upload false
I/ThermalEngine(  366): ACTION: CPU - Setting CPU[0] to 2457600
I/ThermalEngine(  366): ACTION: CPU - Setting CPU[1] to 2457600
I/ThermalEngine(  366): ACTION: CPU - Setting CPU[2] to 2457600
I/ThermalEngine(  366): ACTION: CPU - Setting CPU[3] to 2457600
I/Icing   ( 1771): Usage reports 0 indexed 0 rejected 0 imm upload true
I/ApplicationLogger( 2838): canRun() : Opted Out
I/UpdateIcingCorporaServi( 2838): UpdateCorporaTask done [took 271 ms] updated apps [took 271 ms] 
I/ThermalEngine(  366): ACTION: CPU - Setting CPU[0] to 2496000
I/ThermalEngine(  366): ACTION: CPU - Setting CPU[1] to 2496000
I/ThermalEngine(  366): ACTION: CPU - Setting CPU[2] to 2496000
I/ThermalEngine(  366): ACTION: CPU - Setting CPU[3] to 2496000
I/ThermalEngine(  366): ACTION: CPU - Setting CPU[0] to 2457600
I/ThermalEngine(  366): ACTION: CPU - Setting CPU[1] to 2457600
I/ThermalEngine(  366): ACTION: CPU - Setting CPU[2] to 2457600
I/ThermalEngine(  366): ACTION: CPU - Setting CPU[3] to 2457600
I/ThermalEngine(  366): ACTION: CPU - Setting CPU[0] to 2265600
I/ThermalEngine(  366): ACTION: CPU - Setting CPU[1] to 2265600
I/ThermalEngine(  366): ACTION: CPU - Setting CPU[2] to 2265600
I/ThermalEngine(  366): ACTION: CPU - Setting CPU[3] to 2265600
I/ThermalEngine(  366): ACTION: CPU - Setting CPU[0] to 2457600
I/ThermalEngine(  366): ACTION: CPU - Setting CPU[1] to 2457600
I/ThermalEngine(  366): ACTION: CPU - Setting CPU[2] to 2457600
I/ThermalEngine(  366): ACTION: CPU - Setting CPU[3] to 2457600
D/AndroidRuntime( 7506): >>>>>> START com.android.internal.os.RuntimeInit uid 2000 <<<<<<
D/AndroidRuntime( 7506): CheckJNI is OFF
I/ThermalEngine(  366): ACTION: CPU - Setting CPU[0] to 2496000
I/ThermalEngine(  366): ACTION: CPU - Setting CPU[1] to 2496000
I/ThermalEngine(  366): ACTION: CPU - Setting CPU[2] to 2496000
I/ThermalEngine(  366): ACTION: CPU - Setting CPU[3] to 2496000
I/ThermalEngine(  366): ACTION: CPU - Setting CPU[0] to 2457600
I/ThermalEngine(  366): ACTION: CPU - Setting CPU[1] to 2457600
I/ThermalEngine(  366): ACTION: CPU - Setting CPU[2] to 2457600
I/ThermalEngine(  366): ACTION: CPU - Setting CPU[3] to 2457600
D/AndroidRuntime( 7506): Calling main entry com.android.commands.settings.SettingsCmd
D/AndroidRuntime( 7506): Shutting down VM
E/art     ( 7506): Thread attaching while runtime is shutting down: Binder_2
I/AndroidRuntime( 7506): NOTE: attach of thread 'Binder_2' failed
I/ThermalEngine(  366): ACTION: CPU - Setting CPU[0] to 2265600
I/ThermalEngine(  366): ACTION: CPU - Setting CPU[1] to 2265600
I/ThermalEngine(  366): ACTION: CPU - Setting CPU[2] to 2265600
I/ThermalEngine(  366): ACTION: CPU - Setting CPU[3] to 2265600
I/ThermalEngine(  366): ACTION: CPU - Setting CPU[0] to 1958400
I/ThermalEngine(  366): ACTION: CPU - Setting CPU[1] to 1958400
I/ThermalEngine(  366): ACTION: CPU - Setting CPU[2] to 1958400
I/ThermalEngine(  366): ACTION: CPU - Setting CPU[3] to 1958400
I/ThermalEngine(  366): ACTION: CPU - Setting CPU[0] to 2265600
I/ThermalEngine(  366): ACTION: CPU - Setting CPU[1] to 2265600
I/ThermalEngine(  366): ACTION: CPU - Setting CPU[2] to 2265600
I/ThermalEngine(  366): ACTION: CPU - Setting CPU[3] to 2265600
I/ThermalEngine(  366): ACTION: CPU - Setting CPU[0] to 2457600
I/ThermalEngine(  366): ACTION: CPU - Setting CPU[1] to 2457600
I/ThermalEngine(  366): ACTION: CPU - Setting CPU[2] to 2457600
I/ThermalEngine(  366): ACTION: CPU - Setting CPU[3] to 2457600
I/ThermalEngine(  366): ACTION: CPU - Setting CPU[0] to 2496000
I/ThermalEngine(  366): ACTION: CPU - Setting CPU[1] to 2496000
I/ThermalEngine(  366): ACTION: CPU - Setting CPU[2] to 2496000
I/ThermalEngine(  366): ACTION: CPU - Setting CPU[3] to 2496000
D/AndroidRuntime( 7530): >>>>>> START com.android.internal.os.RuntimeInit uid 2000 <<<<<<
D/AndroidRuntime( 7530): CheckJNI is OFF
D/AndroidRuntime( 7530): Calling main entry com.android.commands.settings.SettingsCmd
D/AndroidRuntime( 7530): Shutting down VM
I/Icing   ( 1771): Indexing 56E614FFD07397CEEEC22860F95918E03DDAFFD2 from com.google.android.googlequicksearchbox
I/Icing   ( 1771): Indexing C3ED5E34441E152030641DF67E074CC76FEEF1FB from com.google.android.gms
I/Icing   ( 1771): Indexing done 56E614FFD07397CEEEC22860F95918E03DDAFFD2
I/Icing   ( 1771): Indexing done C3ED5E34441E152030641DF67E074CC76FEEF1FB
D/AndroidRuntime( 7555): >>>>>> START com.android.internal.os.RuntimeInit uid 2000 <<<<<<
D/AndroidRuntime( 7555): CheckJNI is OFF
D/AndroidRuntime( 7555): Calling main entry com.android.commands.settings.SettingsCmd
D/AndroidRuntime( 7555): Shutting down VM
I/kickstart(  865): STATUS: SAHARA_HELLO: hw_info = 0x01030710, pwrup_reason = 0x00004000
I/kickstart(  865): STATUS: Wrote to /sys/power/wake_lock
E/kickstart(  865): ERROR: function: open_file:195 filename = /dev/block/platform/msm_sdcc.1/by-name/mdm1m9kefs2
I/kickstart(  865): STATUS: Opening file '/dev/block/platform/msm_sdcc.1/by-name/mdm1m9kefs2' for writing
D/AndroidRuntime( 7581): >>>>>> START com.android.internal.os.RuntimeInit uid 2000 <<<<<<
D/AndroidRuntime( 7581): CheckJNI is OFF
D/AndroidRuntime( 7581): Calling main entry com.android.commands.settings.SettingsCmd
D/AndroidRuntime( 7581): Shutting down VM
I/ThermalEngine(  366): ACTION: GPU - Setting GPU[0] to 300000000
I/ThermalEngine(  366): Mitigation:GPU[0]:300000000 Hz
I/ThermalEngine(  366): ACTION: CPU - Setting CPU[0] to 2457600
I/ThermalEngine(  366): ACTION: CPU - Setting CPU[1] to 2457600
I/ThermalEngine(  366): ACTION: CPU - Setting CPU[2] to 2457600
I/ThermalEngine(  366): ACTION: CPU - Setting CPU[3] to 2457600
I/kickstart(  865): STATUS: Received file 'm9kefs2'
I/kickstart(  865): STATUS: 950272 bytes transferred in 0.962106 seconds
I/kickstart(  865): STATUS: Successfully downloaded files from target 
I/kickstart(  865): STATUS: Wrote to /sys/power/wake_unlock
I/kickstart(  865): STATUS: Sahara protocol completed
D/AndroidRuntime( 7605): >>>>>> START com.android.internal.os.RuntimeInit uid 2000 <<<<<<
D/AndroidRuntime( 7605): CheckJNI is OFF
D/AndroidRuntime( 7605): Calling main entry com.android.commands.settings.SettingsCmd
D/AndroidRuntime( 7605): Shutting down VM
D/AndroidRuntime( 7628): >>>>>> START com.android.internal.os.RuntimeInit uid 2000 <<<<<<
D/AndroidRuntime( 7628): CheckJNI is OFF
D/AndroidRuntime( 7628): Calling main entry com.android.commands.pm.Pm
I/art     ( 7628): System.exit called, status: 0
I/AndroidRuntime( 7628): VM exiting with result code 0.
I/ThermalEngine(  366): ACTION: CPU - Setting CPU[0] to 2265600
I/ThermalEngine(  366): ACTION: CPU - Setting CPU[1] to 2265600
I/ThermalEngine(  366): ACTION: CPU - Setting CPU[2] to 2265600
I/ThermalEngine(  366): ACTION: CPU - Setting CPU[3] to 2265600
D/AndroidRuntime( 7685): >>>>>> START com.android.internal.os.RuntimeInit uid 2000 <<<<<<
D/AndroidRuntime( 7685): CheckJNI is OFF
D/AndroidRuntime( 7685): Calling main entry com.android.commands.pm.Pm
I/art     ( 7685): System.exit called, status: 0
I/AndroidRuntime( 7685): VM exiting with result code 0.
D/AndroidRuntime( 7766): >>>>>> START com.android.internal.os.RuntimeInit uid 2000 <<<<<<
D/AndroidRuntime( 7766): CheckJNI is OFF
D/AndroidRuntime( 7766): Calling main entry com.android.commands.am.Am
W/ActivityManager(  818): Invalid packageName: com.careerbuilder.SugarDrone.test
D/AndroidRuntime( 7766): Shutting down VM
I/ThermalEngine(  366): ACTION: CPU - Setting CPU[0] to 1958400
I/ThermalEngine(  366): ACTION: CPU - Setting CPU[1] to 1958400
I/ThermalEngine(  366): ACTION: CPU - Setting CPU[2] to 1958400
I/ThermalEngine(  366): ACTION: CPU - Setting CPU[3] to 1958400
D/AndroidRuntime( 7793): >>>>>> START com.android.internal.os.RuntimeInit uid 2000 <<<<<<
D/AndroidRuntime( 7793): CheckJNI is OFF
D/AndroidRuntime( 7793): Calling main entry com.android.commands.pm.Pm
D/DefContainer( 6121): Copying /data/local/tmp/0000001936 to base.apk
D/PackageManager(  818): Renaming /data/app/vmdl896925071.tmp to /data/app/com.careerbuilder.SugarDrone.test-1
I/PackageManager(  818): Running dexopt on: /data/app/com.careerbuilder.SugarDrone.test-1/base.apk pkg=com.careerbuilder.SugarDrone.test isa=arm vmSafeMode=false
I/dex2oat ( 7815): /system/bin/dex2oat --zip-fd=6 --zip-location=/data/app/com.careerbuilder.SugarDrone.test-1/base.apk --oat-fd=7 --oat-location=/data/dalvik-cache/arm/data@app@com.careerbuilder.SugarDrone.test-1@base.apk@classes.dex --instruction-set=arm --instruction-set-features=div --runtime-arg -Xms64m --runtime-arg -Xmx512m --swap-fd=8
I/dex2oat ( 7815): Decided to run without swap.
E/WifiStateMachine(  818): WifiStateMachine CMD_START_SCAN source -2 txSuccessRate=0.00 rxSuccessRate=0.00 targetRoamBSSID=any RSSI=-51
E/WifiStateMachine(  818): WifiStateMachine starting scan for "xtc-ag"WPA_PSK with 5240,2412,2437,5220,5200,5180
I/dex2oat ( 7815): dex2oat took 2.227s (threads: 4) arena alloc=2MB java alloc=1943KB native alloc=7MB free=8MB
V/BackupManagerService(  818): restoreAtInstall pkg=com.careerbuilder.SugarDrone.test token=7 restoreSet=0
V/BackupManagerService(  818): Finishing install immediately
W/Settings(  818): Setting install_non_market_apps has moved from android.provider.Settings.Global to android.provider.Settings.Secure, returning read-only value.
D/BuaReceiver( 3668): ====== got intent:Intent { act=android.intent.action.PACKAGE_ADDED dat=package:com.careerbuilder.SugarDrone.test flg=0x4000010 cmp=com.motorola.android.buacontactadapter/.BuaReceiver (has extras) }
W/InputMethodInfo(  818): Duplicated subtype definition found: , voice
I/InputReader(  818): Reconfiguring input devices.  changes=0x00000010
D/BackupManagerService(  818): Received broadcast Intent { act=android.intent.action.PACKAGE_ADDED dat=package:com.careerbuilder.SugarDrone.test flg=0x4000010 (has extras) }
W/BackupManagerService(  818): Removing schedule queue dupe of com.careerbuilder.SugarDrone.test
I/ThermalEngine(  366): ACTION: CPU - Setting CPU[0] to 1728000
I/ThermalEngine(  366): ACTION: CPU - Setting CPU[1] to 1728000
I/ThermalEngine(  366): ACTION: CPU - Setting CPU[2] to 1728000
I/ThermalEngine(  366): ACTION: CPU - Setting CPU[3] to 1728000
I/UpdateIcingCorporaServi( 2838): Updating corpora: APPS=com.careerbuilder.SugarDrone.test, CONTACTS=MAYBE
I/ApplicationLogger( 2838): canRun() : Opted Out
I/UpdateIcingCorporaServi( 2838): UpdateCorporaTask done [took 51 ms] updated apps [took 51 ms] 
I/art     (  818): Explicit concurrent mark sweep GC freed 102055(5MB) AllocSpace objects, 32(4MB) LOS objects, 31% free, 35MB/51MB, paused 4.049ms total 193.801ms
I/art     ( 7793): System.exit called, status: 0
I/AndroidRuntime( 7793): VM exiting with result code 0.
D/Wear_Controller( 1771): Received broadcast action=android.intent.action.PACKAGE_ADDED and uri=com.careerbuilder.SugarDrone.test
I/PeopleContactsSync( 1771): triggerPendingContactsCleanup: no accounts
W/IcingInternalCorpora( 1771): getNumBytesRead when not calculated.
I/art     ( 1771): Explicit concurrent mark sweep GC freed 62804(3MB) AllocSpace objects, 19(327KB) LOS objects, 20% free, 30MB/38MB, paused 1.169ms total 78.419ms
I/Icing   ( 1771): Usage reports 0 indexed 0 rejected 0 imm upload false
I/Icing   ( 1771): Usage reports 0 indexed 0 rejected 0 imm upload false
D/AndroidRuntime( 7896): >>>>>> START com.android.internal.os.RuntimeInit uid 2000 <<<<<<
D/AndroidRuntime( 7896): CheckJNI is OFF
D/AndroidRuntime( 7896): Calling main entry com.android.commands.settings.SettingsCmd
D/AndroidRuntime( 7896): Shutting down VM
D/AndroidRuntime( 7919): >>>>>> START com.android.internal.os.RuntimeInit uid 2000 <<<<<<
D/AndroidRuntime( 7919): CheckJNI is OFF
D/AndroidRuntime( 7919): Calling main entry com.android.commands.settings.SettingsCmd
D/AndroidRuntime( 7919): Shutting down VM
I/Icing   ( 1771): Indexing C3ED5E34441E152030641DF67E074CC76FEEF1FB from com.google.android.gms
I/Icing   ( 1771): Indexing done C3ED5E34441E152030641DF67E074CC76FEEF1FB
D/AndroidRuntime( 7945): >>>>>> START com.android.internal.os.RuntimeInit uid 2000 <<<<<<
D/AndroidRuntime( 7945): CheckJNI is OFF
D/AndroidRuntime( 7945): Calling main entry com.android.commands.settings.SettingsCmd
D/AndroidRuntime( 7945): Shutting down VM
D/AndroidRuntime( 7972): >>>>>> START com.android.internal.os.RuntimeInit uid 2000 <<<<<<
D/AndroidRuntime( 7972): CheckJNI is OFF
D/AndroidRuntime( 7972): Calling main entry com.android.commands.settings.SettingsCmd
D/AndroidRuntime( 7972): Shutting down VM
I/ThermalEngine(  366): ACTION: CPU - Setting CPU[0] to 1574400
I/ThermalEngine(  366): ACTION: CPU - Setting CPU[1] to 1574400
I/ThermalEngine(  366): ACTION: CPU - Setting CPU[2] to 1574400
I/ThermalEngine(  366): ACTION: CPU - Setting CPU[3] to 1574400
D/AndroidRuntime( 7994): >>>>>> START com.android.internal.os.RuntimeInit uid 2000 <<<<<<
D/AndroidRuntime( 7994): CheckJNI is OFF
D/AndroidRuntime( 7994): Calling main entry com.android.commands.settings.SettingsCmd
D/AndroidRuntime( 7994): Shutting down VM
D/AndroidRuntime( 8020): >>>>>> START com.android.internal.os.RuntimeInit uid 2000 <<<<<<
D/AndroidRuntime( 8020): CheckJNI is OFF
D/AndroidRuntime( 8020): Calling main entry com.android.commands.pm.Pm
I/art     ( 8020): System.exit called, status: 0
I/AndroidRuntime( 8020): VM exiting with result code 0.
I/ThermalEngine(  366): ACTION: CPU - Setting CPU[0] to 1497600
I/ThermalEngine(  366): ACTION: CPU - Setting CPU[1] to 1497600
I/ThermalEngine(  366): ACTION: CPU - Setting CPU[2] to 1497600
I/ThermalEngine(  366): ACTION: CPU - Setting CPU[3] to 1497600
D/AndroidRuntime( 8077): >>>>>> START com.android.internal.os.RuntimeInit uid 2000 <<<<<<
D/AndroidRuntime( 8077): CheckJNI is OFF
D/AndroidRuntime( 8077): Calling main entry com.android.commands.pm.Pm
I/art     ( 8077): System.exit called, status: 0
I/AndroidRuntime( 8077): VM exiting with result code 0.
D/AndroidRuntime( 8141): >>>>>> START com.android.internal.os.RuntimeInit uid 2000 <<<<<<
D/AndroidRuntime( 8141): CheckJNI is OFF
I/ThermalEngine(  366): ACTION: GPU - Setting GPU[0] to 389000000
I/ThermalEngine(  366): Mitigation:GPU[0]:389000000 Hz
I/ThermalEngine(  366): ACTION: CPU - Setting CPU[0] to 1574400
I/ThermalEngine(  366): ACTION: CPU - Setting CPU[1] to 1574400
I/ThermalEngine(  366): ACTION: CPU - Setting CPU[2] to 1574400
I/ThermalEngine(  366): ACTION: CPU - Setting CPU[3] to 1574400
D/AndroidRuntime( 8141): Calling main entry com.android.commands.input.Input
I/Input   ( 8141): injectKeyEvent: KeyEvent { action=ACTION_DOWN, keyCode=KEYCODE_BACK, scanCode=0, metaState=0, flags=0x0, repeatCount=0, eventTime=224255, downTime=224255, deviceId=-1, source=0x101 }
I/Input   ( 8141): injectKeyEvent: KeyEvent { action=ACTION_UP, keyCode=KEYCODE_BACK, scanCode=0, metaState=0, flags=0x0, repeatCount=0, eventTime=224255, downTime=224255, deviceId=-1, source=0x101 }
D/AndroidRuntime( 8141): Shutting down VM
D/AndroidRuntime( 8193): >>>>>> START com.android.internal.os.RuntimeInit uid 2000 <<<<<<
D/AndroidRuntime( 8193): CheckJNI is OFF
D/AndroidRuntime( 8193): Calling main entry com.android.commands.input.Input
I/Input   ( 8193): injectKeyEvent: KeyEvent { action=ACTION_DOWN, keyCode=KEYCODE_HOME, scanCode=0, metaState=0, flags=0x0, repeatCount=0, eventTime=225890, downTime=225890, deviceId=-1, source=0x101 }
I/Input   ( 8193): injectKeyEvent: KeyEvent { action=ACTION_UP, keyCode=KEYCODE_HOME, scanCode=0, metaState=0, flags=0x0, repeatCount=0, eventTime=225890, downTime=225890, deviceId=-1, source=0x101 }
I/ActivityManager(  818): START u0 {act=android.intent.action.MAIN cat=[android.intent.category.HOME] flg=0x10200000 cmp=com.google.android.googlequicksearchbox/com.google.android.launcher.GEL} from uid 1000 on display 0
D/AndroidRuntime( 8193): Shutting down VM
I/GEL     ( 1350): handleIntent(Intent { act=android.intent.action.MAIN cat=[android.intent.category.HOME] flg=0x10200000 cmp=com.google.android.googlequicksearchbox/com.google.android.launcher.GEL })
D/AndroidRuntime( 8222): >>>>>> START com.android.internal.os.RuntimeInit uid 2000 <<<<<<
D/AndroidRuntime( 8222): CheckJNI is OFF
D/AndroidRuntime( 8222): Calling main entry com.android.commands.input.Input
I/Input   ( 8222): injectKeyEvent: KeyEvent { action=ACTION_DOWN, keyCode=KEYCODE_BACK, scanCode=0, metaState=0, flags=0x0, repeatCount=0, eventTime=227047, downTime=227047, deviceId=-1, source=0x101 }
I/Input   ( 8222): injectKeyEvent: KeyEvent { action=ACTION_UP, keyCode=KEYCODE_BACK, scanCode=0, metaState=0, flags=0x0, repeatCount=0, eventTime=227047, downTime=227047, deviceId=-1, source=0x101 }
D/AndroidRuntime( 8222): Shutting down VM
I/ThermalEngine(  366): ACTION: GPU - Setting GPU[0] to 500000000
I/ThermalEngine(  366): Mitigation:GPU[0]:500000000 Hz
I/ThermalEngine(  366): ACTION: CPU - Setting CPU[0] to 1728000
I/ThermalEngine(  366): ACTION: CPU - Setting CPU[1] to 1728000
I/ThermalEngine(  366): ACTION: CPU - Setting CPU[2] to 1728000
I/ThermalEngine(  366): ACTION: CPU - Setting CPU[3] to 1728000
D/AndroidRuntime( 8254): >>>>>> START com.android.internal.os.RuntimeInit uid 2000 <<<<<<
D/AndroidRuntime( 8254): CheckJNI is OFF
D/AndroidRuntime( 8254): Calling main entry com.android.commands.am.Am
I/ActivityManager(  818): Force stopping com.careerbuilder.SugarDrone appid=13359 user=0: start instr
I/ActivityManager(  818): Start proc 8275:com.careerbuilder.SugarDrone/u0a3359 for added application com.careerbuilder.SugarDrone
I/art     ( 8275): Late-enabling -Xcheck:jni
W/monodroid( 8275): Using override path: /data/data/com.careerbuilder.SugarDrone/files/.__override__
W/monodroid( 8275): Trying to load sgen from: /data/data/com.careerbuilder.SugarDrone/files/.__override__/libmonosgen-2.0.so
W/monodroid( 8275): Trying to load sgen from: /storage/emulated/0/Android/data/com.careerbuilder.SugarDrone/files/.__override__/libmonosgen-2.0.so
W/monodroid( 8275): Trying to load sgen from: /data/app/com.careerbuilder.SugarDrone-1/lib/arm/libmonosgen-2.0.so
D/Mono    ( 8275): Image addref mscorlib[0xb4ae8520] -> mscorlib.dll[0xb483e400]: 2
D/Mono    ( 8275): Prepared to set up assembly 'mscorlib' (mscorlib.dll)
D/Mono    ( 8275): AOT module 'mscorlib.dll.so' not found: dlopen failed: library "/data/app/com.careerbuilder.SugarDrone-1/lib/arm/libaot-mscorlib.dll.so" not found
D/Mono    ( 8275): AOT module '/Users/builder/data/lanes/4009/3a62f1ea/source/monodroid/builds/install/mono-armv6/lib/mono/aot-cache/arm/mscorlib.dll.so' not found: dlopen failed: library "/data/app/com.careerbuilder.SugarDrone-1/lib/arm/libaot-mscorlib.dll.so" not found
D/Mono    ( 8275): Config attempting to parse: 'mscorlib.dll.config'.
D/Mono    ( 8275): Config attempting to parse: '/Users/builder/data/lanes/4009/3a62f1ea/source/monodroid/builds/install/mono-armv6/etc/mono/assemblies/mscorlib/mscorlib.config'.
D/Mono    ( 8275): Assembly mscorlib[0xb4ae8520] added to domain RootDomain, ref_count=1
D/Mono    ( 8275): Image addref CareerBuilder_Search.Droid[0xb4ae8580] -> CareerBuilder_Search.Droid.dll[0xb483f800]: 2
D/Mono    ( 8275): Prepared to set up assembly 'CareerBuilder_Search.Droid' (CareerBuilder_Search.Droid.dll)
D/Mono    ( 8275): Assembly CareerBuilder_Search.Droid[0xb4ae8580] added to domain RootDomain, ref_count=1
D/Mono    ( 8275): AOT module 'CareerBuilder_Search.Droid.dll.so' not found: dlopen failed: library "/data/app/com.careerbuilder.SugarDrone-1/lib/arm/libaot-CareerBuilder_Search.Droid.dll.so" not found
D/Mono    ( 8275): AOT module '/Users/builder/data/lanes/4009/3a62f1ea/source/monodroid/builds/install/mono-armv6/lib/mono/aot-cache/arm/CareerBuilder_Search.Droid.dll.so' not found: dlopen failed: library "/data/app/com.careerbuilder.SugarDrone-1/lib/arm/libaot-CareerBuilder_Search.Droid.dll.so" not found
D/Mono    ( 8275): Config attempting to parse: 'CareerBuilder_Search.Droid.dll.config'.
D/Mono    ( 8275): Config attempting to parse: '/Users/builder/data/lanes/4009/3a62f1ea/source/monodroid/builds/install/mono-armv6/etc/mono/assemblies/CareerBuilder_Search.Droid/CareerBuilder_Search.Droid.config'.
D/Mono    ( 8275): Image addref AppsFlyerXamarinBindingAndroid[0xb4ae85e0] -> AppsFlyerXamarinBindingAndroid.dll[0xb4841b00]: 2
D/Mono    ( 8275): Prepared to set up assembly 'AppsFlyerXamarinBindingAndroid' (AppsFlyerXamarinBindingAndroid.dll)
D/Mono    ( 8275): Assembly AppsFlyerXamarinBindingAndroid[0xb4ae85e0] added to domain RootDomain, ref_count=1
D/Mono    ( 8275): AOT module 'AppsFlyerXamarinBindingAndroid.dll.so' not found: dlopen failed: library "/data/app/com.careerbuilder.SugarDrone-1/lib/arm/libaot-AppsFlyerXamarinBindingAndroid.dll.so" not found
D/Mono    ( 8275): AOT module '/Users/builder/data/lanes/4009/3a62f1ea/source/monodroid/builds/install/mono-armv6/lib/mono/aot-cache/arm/AppsFlyerXamarinBindingAndroid.dll.so' not found: dlopen failed: library "/data/app/com.careerbuilder.SugarDrone-1/lib/arm/libaot-AppsFlyerXamarinBindingAndroid.dll.so" not found
D/Mono    ( 8275): Config attempting to parse: 'AppsFlyerXamarinBindingAndroid.dll.config'.
D/Mono    ( 8275): Config attempting to parse: '/Users/builder/data/lanes/4009/3a62f1ea/source/monodroid/builds/install/mono-armv6/etc/mono/assemblies/AppsFlyerXamarinBindingAndroid/AppsFlyerXamarinBindingAndroid.config'.
D/Mono    ( 8275): Image addref HockeySDK[0xb4ae8640] -> HockeySDK.dll[0xb4842500]: 2
D/Mono    ( 8275): Prepared to set up assembly 'HockeySDK' (HockeySDK.dll)
D/Mono    ( 8275): Assembly HockeySDK[0xb4ae8640] added to domain RootDomain, ref_count=1
D/Mono    ( 8275): AOT module 'HockeySDK.dll.so' not found: dlopen failed: library "/data/app/com.careerbuilder.SugarDrone-1/lib/arm/libaot-HockeySDK.dll.so" not found
D/Mono    ( 8275): AOT module '/Users/builder/data/lanes/4009/3a62f1ea/source/monodroid/builds/install/mono-armv6/lib/mono/aot-cache/arm/HockeySDK.dll.so' not found: dlopen failed: library "/data/app/com.careerbuilder.SugarDrone-1/lib/arm/libaot-HockeySDK.dll.so" not found
D/Mono    ( 8275): Config attempting to parse: 'HockeySDK.dll.config'.
D/Mono    ( 8275): Config attempting to parse: '/Users/builder/data/lanes/4009/3a62f1ea/source/monodroid/builds/install/mono-armv6/etc/mono/assemblies/HockeySDK/HockeySDK.config'.
D/Mono    ( 8275): Image addref Akavache[0xb4ae86a0] -> Akavache.dll[0xb4842a00]: 2
D/Mono    ( 8275): Prepared to set up assembly 'Akavache' (Akavache.dll)
D/Mono    ( 8275): Assembly Akavache[0xb4ae86a0] added to domain RootDomain, ref_count=1
D/Mono    ( 8275): AOT module 'Akavache.dll.so' not found: dlopen failed: library "/data/app/com.careerbuilder.SugarDrone-1/lib/arm/libaot-Akavache.dll.so" not found
D/Mono    ( 8275): AOT module '/Users/builder/data/lanes/4009/3a62f1ea/source/monodroid/builds/install/mono-armv6/lib/mono/aot-cache/arm/Akavache.dll.so' not found: dlopen failed: library "/data/app/com.careerbuilder.SugarDrone-1/lib/arm/libaot-Akavache.dll.so" not found
D/Mono    ( 8275): Config attempting to parse: 'Akavache.dll.config'.
D/Mono    ( 8275): Config attempting to parse: '/Users/builder/data/lanes/4009/3a62f1ea/source/monodroid/builds/install/mono-armv6/etc/mono/assemblies/Akavache/Akavache.config'.
D/Mono    ( 8275): Image addref Akavache.Sqlite3[0xb4ae8700] -> Akavache.Sqlite3.dll[0xb4843400]: 2
D/Mono    ( 8275): Prepared to set up assembly 'Akavache.Sqlite3' (Akavache.Sqlite3.dll)
D/Mono    ( 8275): Assembly Akavache.Sqlite3[0xb4ae8700] added to domain RootDomain, ref_count=1
D/Mono    ( 8275): AOT module 'Akavache.Sqlite3.dll.so' not found: dlopen failed: library "/data/app/com.careerbuilder.SugarDrone-1/lib/arm/libaot-Akavache.Sqlite3.dll.so" not found
D/Mono    ( 8275): AOT module '/Users/builder/data/lanes/4009/3a62f1ea/source/monodroid/builds/install/mono-armv6/lib/mono/aot-cache/arm/Akavache.Sqlite3.dll.so' not found: dlopen failed: library "/data/app/com.careerbuilder.SugarDrone-1/lib/arm/libaot-Akavache.Sqlite3.dll.so" not found
W/        ( 8275): Symbol file LoadedFromMemory doesn't match image Akavache.Sqlite3.dll
D/Mono    ( 8275): Config attempting to parse: 'Akavache.Sqlite3.dll.config'.
D/Mono    ( 8275): Config attempting to parse: '/Users/builder/data/lanes/4009/3a62f1ea/source/monodroid/builds/install/mono-armv6/etc/mono/assemblies/Akavache.Sqlite3/Akavache.Sqlite3.config'.
D/Mono    ( 8275): Image addref Splat[0xb4ae88e0] -> Splat.dll[0xb4843900]: 2
D/Mono    ( 8275): Prepared to set up assembly 'Splat' (Splat.dll)
D/Mono    ( 8275): Assembly Splat[0xb4ae88e0] added to domain RootDomain, ref_count=1
D/Mono    ( 8275): AOT module 'Splat.dll.so' not found: dlopen failed: library "/data/app/com.careerbuilder.SugarDrone-1/lib/arm/libaot-Splat.dll.so" not found
D/Mono    ( 8275): AOT module '/Users/builder/data/lanes/4009/3a62f1ea/source/monodroid/builds/install/mono-armv6/lib/mono/aot-cache/arm/Splat.dll.so' not found: dlopen failed: library "/data/app/com.careerbuilder.SugarDrone-1/lib/arm/libaot-Splat.dll.so" not found
D/Mono    ( 8275): Config attempting to parse: 'Splat.dll.config'.
D/Mono    ( 8275): Config attempting to parse: '/Users/builder/data/lanes/4009/3a62f1ea/source/monodroid/builds/install/mono-armv6/etc/mono/assemblies/Splat/Splat.config'.
D/Mono    ( 8275): Image addref Microsoft.Practices.ServiceLocation[0xb4ae8940] -> Microsoft.Practices.ServiceLocation.dll[0xb4843e00]: 2
D/Mono    ( 8275): Prepared to set up assembly 'Microsoft.Practices.ServiceLocation' (Microsoft.Practices.ServiceLocation.dll)
D/Mono    ( 8275): Assembly Microsoft.Practices.ServiceLocation[0xb4ae8940] added to domain RootDomain, ref_count=1
D/Mono    ( 8275): AOT module 'Microsoft.Practices.ServiceLocation.dll.so' not found: dlopen failed: library "/data/app/com.careerbuilder.SugarDrone-1/lib/arm/libaot-Microsoft.Practices.ServiceLocation.dll.so" not found
D/Mono    ( 8275): AOT module '/Users/builder/data/lanes/4009/3a62f1ea/source/monodroid/builds/install/mono-armv6/lib/mono/aot-cache/arm/Microsoft.Practices.ServiceLocation.dll.so' not found: dlopen failed: library "/data/app/com.careerbuilder.SugarDrone-1/lib/arm/libaot-Microsoft.Practices.ServiceLocation.dll.so" not found
D/Mono    ( 8275): Config attempting to parse: 'Microsoft.Practices.ServiceLocation.dll.config'.
D/Mono    ( 8275): Config attempting to parse: '/Users/builder/data/lanes/4009/3a62f1ea/source/monodroid/builds/install/mono-armv6/etc/mono/assemblies/Microsoft.Practices.ServiceLocation/Microsoft.Practices.ServiceLocation.config'.
D/Mono    ( 8275): Image addref Microsoft.Practices.Unity[0xb4ae89a0] -> Microsoft.Practices.Unity.dll[0xb4844300]: 2
D/Mono    ( 8275): Prepared to set up assembly 'Microsoft.Practices.Unity' (Microsoft.Practices.Unity.dll)
D/Mono    ( 8275): Assembly Microsoft.Practices.Unity[0xb4ae89a0] added to domain RootDomain, ref_count=1
D/Mono    ( 8275): AOT module 'Microsoft.Practices.Unity.dll.so' not found: dlopen failed: library "/data/app/com.careerbuilder.SugarDrone-1/lib/arm/libaot-Microsoft.Practices.Unity.dll.so" not found
D/Mono    ( 8275): AOT module '/Users/builder/data/lanes/4009/3a62f1ea/source/monodroid/builds/install/mono-armv6/lib/mono/aot-cache/arm/Microsoft.Practices.Unity.dll.so' not found: dlopen failed: library "/data/app/com.careerbuilder.SugarDrone-1/lib/arm/libaot-Microsoft.Practices.Unity.dll.so" not found
D/Mono    ( 8275): Config attempting to parse: 'Microsoft.Practices.Unity.dll.config'.
D/Mono    ( 8275): Config attempting to parse: '/Users/builder/data/lanes/4009/3a62f1ea/source/monodroid/builds/install/mono-armv6/etc/mono/assemblies/Microsoft.Practices.Unity/Microsoft.Practices.Unity.config'.
D/Mono    ( 8275): Image addref Plugin.CurrentActivity[0xb4ae8a00] -> Plugin.CurrentActivity.dll[0xb4844800]: 2
D/Mono    ( 8275): Prepared to set up assembly 'Plugin.CurrentActivity' (Plugin.CurrentActivity.dll)
D/Mono    ( 8275): Assembly Plugin.CurrentActivity[0xb4ae8a00] added to domain RootDomain, ref_count=1
D/Mono    ( 8275): AOT module 'Plugin.CurrentActivity.dll.so' not found: dlopen failed: library "/data/app/com.careerbuilder.SugarDrone-1/lib/arm/libaot-Plugin.CurrentActivity.dll.so" not found
D/Mono    ( 8275): AOT module '/Users/builder/data/lanes/4009/3a62f1ea/source/monodroid/builds/install/mono-armv6/lib/mono/aot-cache/arm/Plugin.CurrentActivity.dll.so' not found: dlopen failed: library "/data/app/com.careerbuilder.SugarDrone-1/lib/arm/libaot-Plugin.CurrentActivity.dll.so" not found
D/Mono    ( 8275): Config attempting to parse: 'Plugin.CurrentActivity.dll.config'.
D/Mono    ( 8275): Config attempting to parse: '/Users/builder/data/lanes/4009/3a62f1ea/source/monodroid/builds/install/mono-armv6/etc/mono/assemblies/Plugin.CurrentActivity/Plugin.CurrentActivity.config'.
D/Mono    ( 8275): Image addref Plugin.Permissions[0xb4ae8a60] -> Plugin.Permissions.dll[0xb4844d00]: 2
D/Mono    ( 8275): Prepared to set up assembly 'Plugin.Permissions' (Plugin.Permissions.dll)
D/Mono    ( 8275): Assembly Plugin.Permissions[0xb4ae8a60] added to domain RootDomain, ref_count=1
D/Mono    ( 8275): AOT module 'Plugin.Permissions.dll.so' not found: dlopen failed: library "/data/app/com.careerbuilder.SugarDrone-1/lib/arm/libaot-Plugin.Permissions.dll.so" not found
D/Mono    ( 8275): AOT module '/Users/builder/data/lanes/4009/3a62f1ea/source/monodroid/builds/install/mono-armv6/lib/mono/aot-cache/arm/Plugin.Permissions.dll.so' not found: dlopen failed: library "/data/app/com.careerbuilder.SugarDrone-1/lib/arm/libaot-Plugin.Permissions.dll.so" not found
D/Mono    ( 8275): Config attempting to parse: 'Plugin.Permissions.dll.config'.
D/Mono    ( 8275): Config attempting to parse: '/Users/builder/data/lanes/4009/3a62f1ea/source/monodroid/builds/install/mono-armv6/etc/mono/assemblies/Plugin.Permissions/Plugin.Permissions.config'.
D/Mono    ( 8275): Image addref Plugin.Permissions.Abstractions[0xb4ae8ac0] -> Plugin.Permissions.Abstractions.dll[0xb4845200]: 2
D/Mono    ( 8275): Prepared to set up assembly 'Plugin.Permissions.Abstractions' (Plugin.Permissions.Abstractions.dll)
D/Mono    ( 8275): Assembly Plugin.Permissions.Abstractions[0xb4ae8ac0] added to domain RootDomain, ref_count=1
D/Mono    ( 8275): AOT module 'Plugin.Permissions.Abstractions.dll.so' not found: dlopen failed: library "/data/app/com.careerbuilder.SugarDrone-1/lib/arm/libaot-Plugin.Permissions.Abstractions.dll.so" not found
D/Mono    ( 8275): AOT module '/Users/builder/data/lanes/4009/3a62f1ea/source/monodroid/builds/install/mono-armv6/lib/mono/aot-cache/arm/Plugin.Permissions.Abstractions.dll.so' not found: dlopen failed: library "/data/app/com.careerbuilder.SugarDrone-1/lib/arm/libaot-Plugin.Permissions.Abstractions.dll.so" not found
D/Mono    ( 8275): Config attempting to parse: 'Plugin.Permissions.Abstractions.dll.config'.
D/Mono    ( 8275): Config attempting to parse: '/Users/builder/data/lanes/4009/3a62f1ea/source/monodroid/builds/install/mono-armv6/etc/mono/assemblies/Plugin.Permissions.Abstractions/Plugin.Permissions.Abstractions.config'.
D/Mono    ( 8275): Image addref Plugin.Geolocator[0xb4ae8b20] -> Plugin.Geolocator.dll[0xb4845700]: 2
D/Mono    ( 8275): Prepared to set up assembly 'Plugin.Geolocator' (Plugin.Geolocator.dll)
D/Mono    ( 8275): Assembly Plugin.Geolocator[0xb4ae8b20] added to domain RootDomain, ref_count=1
D/Mono    ( 8275): AOT module 'Plugin.Geolocator.dll.so' not found: dlopen failed: library "/data/app/com.careerbuilder.SugarDrone-1/lib/arm/libaot-Plugin.Geolocator.dll.so" not found
D/Mono    ( 8275): AOT module '/Users/builder/data/lanes/4009/3a62f1ea/source/monodroid/builds/install/mono-armv6/lib/mono/aot-cache/arm/Plugin.Geolocator.dll.so' not found: dlopen failed: library "/data/app/com.careerbuilder.SugarDrone-1/lib/arm/libaot-Plugin.Geolocator.dll.so" not found
D/Mono    ( 8275): Config attempting to parse: 'Plugin.Geolocator.dll.config'.
D/Mono    ( 8275): Config attempting to parse: '/Users/builder/data/lanes/4009/3a62f1ea/source/monodroid/builds/install/mono-armv6/etc/mono/assemblies/Plugin.Geolocator/Plugin.Geolocator.config'.
D/Mono    ( 8275): Image addref Plugin.Geolocator.Abstractions[0xb4ae8b80] -> Plugin.Geolocator.Abstractions.dll[0xb4845c00]: 2
D/Mono    ( 8275): Prepared to set up assembly 'Plugin.Geolocator.Abstractions' (Plugin.Geolocator.Abstractions.dll)
D/Mono    ( 8275): Assembly Plugin.Geolocator.Abstractions[0xb4ae8b80] added to domain RootDomain, ref_count=1
D/Mono    ( 8275): AOT module 'Plugin.Geolocator.Abstractions.dll.so' not found: dlopen failed: library "/data/app/com.careerbuilder.SugarDrone-1/lib/arm/libaot-Plugin.Geolocator.Abstractions.dll.so" not found
D/Mono    ( 8275): AOT module '/Users/builder/data/lanes/4009/3a62f1ea/source/monodroid/builds/install/mono-armv6/lib/mono/aot-cache/arm/Plugin.Geolocator.Abstractions.dll.so' not found: dlopen failed: library "/data/app/com.careerbuilder.SugarDrone-1/lib/arm/libaot-Plugin.Geolocator.Abstractions.dll.so" not found
D/Mono    ( 8275): Config attempting to parse: 'Plugin.Geolocator.Abstractions.dll.config'.
D/Mono    ( 8275): Config attempting to parse: '/Users/builder/data/lanes/4009/3a62f1ea/source/monodroid/builds/install/mono-armv6/etc/mono/assemblies/Plugin.Geolocator.Abstractions/Plugin.Geolocator.Abstractions.config'.
D/Mono    ( 8275): Image addref Plugin.DeviceInfo[0xb4ae8be0] -> Plugin.DeviceInfo.dll[0xb4846100]: 2
D/Mono    ( 8275): Prepared to set up assembly 'Plugin.DeviceInfo' (Plugin.DeviceInfo.dll)
D/Mono    ( 8275): Assembly Plugin.DeviceInfo[0xb4ae8be0] added to domain RootDomain, ref_count=1
D/Mono    ( 8275): AOT module 'Plugin.DeviceInfo.dll.so' not found: dlopen failed: library "/data/app/com.careerbuilder.SugarDrone-1/lib/arm/libaot-Plugin.DeviceInfo.dll.so" not found
D/Mono    ( 8275): AOT module '/Users/builder/data/lanes/4009/3a62f1ea/source/monodroid/builds/install/mono-armv6/lib/mono/aot-cache/arm/Plugin.DeviceInfo.dll.so' not found: dlopen failed: library "/data/app/com.careerbuilder.SugarDrone-1/lib/arm/libaot-Plugin.DeviceInfo.dll.so" not found
D/Mono    ( 8275): Config attempting to parse: 'Plugin.DeviceInfo.dll.config'.
D/Mono    ( 8275): Config attempting to parse: '/Users/builder/data/lanes/4009/3a62f1ea/source/monodroid/builds/install/mono-armv6/etc/mono/assemblies/Plugin.DeviceInfo/Plugin.DeviceInfo.config'.
D/Mono    ( 8275): Image addref Plugin.DeviceInfo.Abstractions[0xb4ae8c40] -> Plugin.DeviceInfo.Abstractions.dll[0xb4846600]: 2
D/Mono    ( 8275): Prepared to set up assembly 'Plugin.DeviceInfo.Abstractions' (Plugin.DeviceInfo.Abstractions.dll)
D/Mono    ( 8275): Assembly Plugin.DeviceInfo.Abstractions[0xb4ae8c40] added to domain RootDomain, ref_count=1
