D/Mono    ( 8151): Config attempting to parse: '/Users/builder/data/lanes/4009/3a62f1ea/source/monodroid/builds/install/mono-armv6/etc/mono/assemblies/System.Diagnostics.Debug/System.Diagnostics.Debug.config'.
D/Mono    ( 8151): Assembly Ref addref System.Reactive.PlatformServices[0xb4b30280] -> System.Diagnostics.Debug[0xb4b30700]: 4
I/AppsFlyer_3.01-712885234( 8151): response code: 200
D/Mono    ( 8151): Assembly Ref addref System.Reactive.Linq[0xb4b30220] -> System.Reactive.Core[0xb4b30160]: 5
D/Mono    ( 8151): Assembly Ref addref Akavache[0xb4a256a0] -> System.Core[0xb4b30ac0]: 11
D/Mono    ( 8151): Assembly Ref addref System.Reactive.Linq[0xb4b30220] -> System.Resources.ResourceManager[0x9cf8c9a0]: 5
D/Mono    ( 8151): [0x9cf67e00] hill climbing, change max number of threads 4
D/Mono    ( 8151): [0xaec4b700] worker starting
D/Mono    ( 8151): [0x97ed1200] worker starting
D/Mono    ( 8151): Assembly Ref addref CareerBuilder_Search[0xb4b30460] -> System.Reactive.Linq[0xb4b30220]: 4
D/Mono    ( 8151): Assembly Ref addref CareerBuilder_Search[0xb4b30460] -> Akavache[0xb4a256a0]: 4
D/Mono    ( 8151): Assembly Ref addref Akavache.Sqlite3[0xb4a25700] -> System.Reactive.Core[0xb4b30160]: 6
D/Mono    ( 8151): Assembly Ref addref Akavache.Sqlite3[0xb4a25700] -> System.Reactive.Interfaces[0xb4b301c0]: 6
D/Mono    ( 8151): Assembly Ref addref Akavache.Sqlite3[0xb4a25700] -> System.Reactive.Linq[0xb4b30220]: 5
I/AppsFlyer_3.01-712885368( 8151): response code: 200
D/Mono    ( 8151): Unloading image System.Runtime.Extensions.dll [0xaec75e00].
D/Mono    ( 8151): Image addref System.Runtime.Extensions[0xaec28e20] -> System.Runtime.Extensions.dll[0x9b5eb100]: 5
D/Mono    ( 8151): Config attempting to parse: 'System.Runtime.Extensions.dll.config'.
D/Mono    ( 8151): Config attempting to parse: '/Users/builder/data/lanes/4009/3a62f1ea/source/monodroid/builds/install/mono-armv6/etc/mono/assemblies/System.Runtime.Extensions/System.Runtime.Extensions.config'.
D/Mono    ( 8151): Assembly Ref addref Akavache.Sqlite3[0xb4a25700] -> System.Runtime.Extensions[0x9b603e20]: 3
D/Mono    ( 8151): Unloading image System.Linq.dll [0xaec75e00].
D/Mono    ( 8151): Image addref System.Linq[0xaec28e20] -> System.Linq.dll[0xb4b7ff00]: 6
D/Mono    ( 8151): Config attempting to parse: 'System.Linq.dll.config'.
D/Mono    ( 8151): Config attempting to parse: '/Users/builder/data/lanes/4009/3a62f1ea/source/monodroid/builds/install/mono-armv6/etc/mono/assemblies/System.Linq/System.Linq.config'.
D/Mono    ( 8151): Assembly Ref addref System.Reactive.Linq[0xb4b30220] -> System.Linq[0xb4b30940]: 4
D/Mono    ( 8151): Assembly Ref addref System.Runtime[0xb4b30580] -> System.Core[0xb4b30ac0]: 12
D/Mono    ( 8151): Unloading image System.Threading.dll [0xaec75e00].
D/Mono    ( 8151): Image addref System.Threading[0xaec28e20] -> System.Threading.dll[0xb4b7c800]: 8
D/Mono    ( 8151): Config attempting to parse: 'System.Threading.dll.config'.
D/Mono    ( 8151): Config attempting to parse: '/Users/builder/data/lanes/4009/3a62f1ea/source/monodroid/builds/install/mono-armv6/etc/mono/assemblies/System.Threading/System.Threading.config'.
D/Mono    ( 8151): Assembly Ref addref System.Reactive.Linq[0xb4b30220] -> System.Threading[0xb4b306a0]: 6
D/Mono    ( 8151): Assembly Ref addref Akavache[0xb4a256a0] -> System.Reactive.PlatformServices[0xb4b30280]: 2
D/Mono    ( 8151): Unloading image System.Globalization.dll [0xaec75e00].
D/Mono    ( 8151): Image addref System.Globalization[0xaec28e20] -> System.Globalization.dll[0x9c2f9000]: 5
D/Mono    ( 8151): Config attempting to parse: 'System.Globalization.dll.config'.
D/Mono    ( 8151): Config attempting to parse: '/Users/builder/data/lanes/4009/3a62f1ea/source/monodroid/builds/install/mono-armv6/etc/mono/assemblies/System.Globalization/System.Globalization.config'.
D/Mono    ( 8151): Assembly Ref addref System.Reactive.Linq[0xb4b30220] -> System.Globalization[0x9cf8cca0]: 3
D/Mono    ( 8151): Unloading image System.Runtime.Extensions.dll [0xaec75e00].
D/Mono    ( 8151): Image addref System.Runtime.Extensions[0xaec28e20] -> System.Runtime.Extensions.dll[0x9b5eb100]: 6
D/Mono    ( 8151): Config attempting to parse: 'System.Runtime.Extensions.dll.config'.
D/Mono    ( 8151): Config attempting to parse: '/Users/builder/data/lanes/4009/3a62f1ea/source/monodroid/builds/install/mono-armv6/etc/mono/assemblies/System.Runtime.Extensions/System.Runtime.Extensions.config'.
D/Mono    ( 8151): Assembly Ref addref System.Reactive.Core[0xb4b30160] -> System.Runtime.Extensions[0x9b603e20]: 4
D/Mono    ( 8151): Assembly Ref addref System.Runtime.Extensions[0x9b603e20] -> System[0xb4b30760]: 9
D/Mono    ( 8151): Unloading image System.Globalization.dll [0xaec75e00].
D/Mono    ( 8151): Image addref System.Globalization[0xaec28e20] -> System.Globalization.dll[0x9c2f9000]: 6
D/Mono    ( 8151): Config attempting to parse: 'System.Globalization.dll.config'.
D/Mono    ( 8151): Config attempting to parse: '/Users/builder/data/lanes/4009/3a62f1ea/source/monodroid/builds/install/mono-armv6/etc/mono/assemblies/System.Globalization/System.Globalization.config'.
D/Mono    ( 8151): Assembly Ref addref System.Reactive.Core[0xb4b30160] -> System.Globalization[0x9cf8cca0]: 4
D/Mono    ( 8151): Unloading image System.Threading.Tasks.dll [0xaec75e00].
D/Mono    ( 8151): Image addref System.Threading.Tasks[0xaec28e20] -> System.Threading.Tasks.dll[0x9b554000]: 7
D/Mono    ( 8151): Config attempting to parse: 'System.Threading.Tasks.dll.config'.
D/Mono    ( 8151): Config attempting to parse: '/Users/builder/data/lanes/4009/3a62f1ea/source/monodroid/builds/install/mono-armv6/etc/mono/assemblies/System.Threading.Tasks/System.Threading.Tasks.config'.
D/Mono    ( 8151): Assembly Ref addref System.Reactive.Core[0xb4b30160] -> System.Threading.Tasks[0x9b5bd460]: 5
I/System.out( 8151): URI: /map
I/System.out( 8151): params: {json={"query":"* id:'agreeAndContinueButton'","operation":{"method_name":"query","arguments":[]}}
I/System.out( 8151): }
D/Mono    ( 8151): Unloading image System.Collections.dll [0xaec75e00].
D/Mono    ( 8151): Image addref System.Collections[0xaec28f40] -> System.Collections.dll[0xb4b7dc00]: 8
D/Mono    ( 8151): Config attempting to parse: 'System.Collections.dll.config'.
D/Mono    ( 8151): Config attempting to parse: '/Users/builder/data/lanes/4009/3a62f1ea/source/monodroid/builds/install/mono-armv6/etc/mono/assemblies/System.Collections/System.Collections.config'.
D/Mono    ( 8151): Assembly Ref addref Akavache.Sqlite3[0xb4a25700] -> System.Collections[0xb4b30820]: 6
D/Mono    ( 8151): Unloading image SQLitePCL.raw.dll [0xaec75e00].
D/Mono    ( 8151): Image addref SQLitePCL.raw[0xaec28f40] -> SQLitePCL.raw.dll[0xb4b79b00]: 5
D/Mono    ( 8151): Config attempting to parse: 'SQLitePCL.raw.dll.config'.
D/Mono    ( 8151): Config attempting to parse: '/Users/builder/data/lanes/4009/3a62f1ea/source/monodroid/builds/install/mono-armv6/etc/mono/assemblies/SQLitePCL.raw/SQLitePCL.raw.config'.
D/Mono    ( 8151): Assembly Ref addref Akavache.Sqlite3[0xb4a25700] -> SQLitePCL.raw[0xb4b30400]: 2
D/Mono    ( 8151): Assembly Ref addref SQLitePCL.raw[0xb4b30400] -> mscorlib[0xb4a25520]: 42
D/Mono    ( 8151): Assembly Ref addref Splat[0xb4a25760] -> System[0xb4b30760]: 10
D/Mono    ( 8151): DllImport attempting to load: '/system/lib/libsqlite.so'.
D/Mono    ( 8151): DllImport loaded library '/system/lib/libsqlite.so'.
D/Mono    ( 8151): DllImport searching in: '/system/lib/libsqlite.so' ('/system/lib/libsqlite.so').
D/Mono    ( 8151): Searching for 'sqlite3_open_v2'.
D/Mono    ( 8151): Probing 'sqlite3_open_v2'.
D/Mono    ( 8151): Found as 'sqlite3_open_v2'.
D/Mono    ( 8151): DllImport searching in: '/system/lib/libsqlite.so' ('/system/lib/libsqlite.so').
D/Mono    ( 8151): Searching for 'sqlite3_busy_timeout'.
D/Mono    ( 8151): Probing 'sqlite3_busy_timeout'.
D/Mono    ( 8151): Found as 'sqlite3_busy_timeout'.
D/Mono    ( 8151): Unloading image System.Threading.Tasks.dll [0xaec79500].
D/Mono    ( 8151): Image addref System.Threading.Tasks[0xaeca4be0] -> System.Threading.Tasks.dll[0x9b554000]: 8
D/Mono    ( 8151): Config attempting to parse: 'System.Threading.Tasks.dll.config'.
D/Mono    ( 8151): Config attempting to parse: '/Users/builder/data/lanes/4009/3a62f1ea/source/monodroid/builds/install/mono-armv6/etc/mono/assemblies/System.Threading.Tasks/System.Threading.Tasks.config'.
D/Mono    ( 8151): Assembly Ref addref Akavache.Sqlite3[0xb4a25700] -> System.Threading.Tasks[0x9b5bd460]: 6
D/Mono    ( 8151): Unloading image System.Linq.dll [0xaec79500].
D/Mono    ( 8151): Image addref System.Linq[0xaeca4be0] -> System.Linq.dll[0xb4b7ff00]: 7
D/Mono    ( 8151): Config attempting to parse: 'System.Linq.dll.config'.
D/Mono    ( 8151): Config attempting to parse: '/Users/builder/data/lanes/4009/3a62f1ea/source/monodroid/builds/install/mono-armv6/etc/mono/assemblies/System.Linq/System.Linq.config'.
D/Mono    ( 8151): Assembly Ref addref Akavache.Sqlite3[0xb4a25700] -> System.Linq[0xb4b30940]: 5
D/Mono    ( 8151): DllImport searching in: '/system/lib/libsqlite.so' ('/system/lib/libsqlite.so').
D/Mono    ( 8151): Searching for 'sqlite3_prepare_v2'.
D/Mono    ( 8151): Probing 'sqlite3_prepare_v2'.
D/Mono    ( 8151): Found as 'sqlite3_prepare_v2'.
D/Mono    ( 8151): DllImport searching in: '/system/lib/libsqlite.so' ('/system/lib/libsqlite.so').
D/Mono    ( 8151): Searching for 'sqlite3_step'.
D/Mono    ( 8151): Probing 'sqlite3_step'.
D/Mono    ( 8151): Found as 'sqlite3_step'.
D/Mono    ( 8151): DllImport searching in: '/system/lib/libsqlite.so' ('/system/lib/libsqlite.so').
D/Mono    ( 8151): Searching for 'sqlite3_column_type'.
D/Mono    ( 8151): Probing 'sqlite3_column_type'.
D/Mono    ( 8151): Found as 'sqlite3_column_type'.
D/Mono    ( 8151): Unloading image System.Reflection.dll [0xaec76300].
D/Mono    ( 8151): Image addref System.Reflection[0xaeca4be0] -> System.Reflection.dll[0xb4b7c300]: 8
D/Mono    ( 8151): Config attempting to parse: 'System.Reflection.dll.config'.
D/Mono    ( 8151): Config attempting to parse: '/Users/builder/data/lanes/4009/3a62f1ea/source/monodroid/builds/install/mono-armv6/etc/mono/assemblies/System.Reflection/System.Reflection.config'.
D/Mono    ( 8151): Assembly Ref addref Akavache.Sqlite3[0xb4a25700] -> System.Reflection[0xb4b30640]: 6
D/Mono    ( 8151): DllImport searching in: '/system/lib/libsqlite.so' ('/system/lib/libsqlite.so').
D/Mono    ( 8151): Searching for 'sqlite3_column_int'.
D/Mono    ( 8151): Probing 'sqlite3_column_int'.
D/Mono    ( 8151): Found as 'sqlite3_column_int'.
D/Mono    ( 8151): DllImport searching in: '/system/lib/libsqlite.so' ('/system/lib/libsqlite.so').
D/Mono    ( 8151): Searching for 'sqlite3_finalize'.
D/Mono    ( 8151): Probing 'sqlite3_finalize'.
D/Mono    ( 8151): Found as 'sqlite3_finalize'.
D/Mono    ( 8151): DllImport searching in: '/system/lib/libsqlite.so' ('/system/lib/libsqlite.so').
D/Mono    ( 8151): Searching for 'sqlite3_changes'.
D/Mono    ( 8151): Probing 'sqlite3_changes'.
D/Mono    ( 8151): Found as 'sqlite3_changes'.
D/Mono    ( 8151): Assembly Ref addref Akavache.Sqlite3[0xb4a25700] -> System.Reflection.Extensions[0xb4b30be0]: 4
D/Mono    ( 8151): DllImport searching in: '/system/lib/libsqlite.so' ('/system/lib/libsqlite.so').
D/Mono    ( 8151): Searching for 'sqlite3_column_count'.
D/Mono    ( 8151): Probing 'sqlite3_column_count'.
D/Mono    ( 8151): Found as 'sqlite3_column_count'.
D/Mono    ( 8151): DllImport searching in: '/system/lib/libsqlite.so' ('/system/lib/libsqlite.so').
D/Mono    ( 8151): Searching for 'sqlite3_column_name'.
D/Mono    ( 8151): Probing 'sqlite3_column_name'.
D/Mono    ( 8151): Found as 'sqlite3_column_name'.
D/Mono    ( 8151): DllImport searching in: '/system/lib/libsqlite.so' ('/system/lib/libsqlite.so').
D/Mono    ( 8151): Searching for 'sqlite3_column_text'.
D/Mono    ( 8151): Probing 'sqlite3_column_text'.
D/Mono    ( 8151): Found as 'sqlite3_column_text'.
E/SQLiteLog( 8151): (1) no such table: SchemaInfo
D/Mono    ( 8151): DllImport searching in: '/system/lib/libsqlite.so' ('/system/lib/libsqlite.so').
D/Mono    ( 8151): Searching for 'sqlite3_errmsg'.
D/Mono    ( 8151): Probing 'sqlite3_errmsg'.
D/Mono    ( 8151): Found as 'sqlite3_errmsg'.
D/Mono    ( 8151): DllImport searching in: '/system/lib/libsqlite.so' ('/system/lib/libsqlite.so').
D/Mono    ( 8151): Searching for 'sqlite3_bind_int'.
D/Mono    ( 8151): Probing 'sqlite3_bind_int'.
D/Mono    ( 8151): Found as 'sqlite3_bind_int'.
D/Mono    ( 8151): DllImport searching in: '/system/lib/libsqlite.so' ('/system/lib/libsqlite.so').
D/Mono    ( 8151): Searching for 'sqlite3_reset'.
D/Mono    ( 8151): Probing 'sqlite3_reset'.
D/Mono    ( 8151): Found as 'sqlite3_reset'.
D/Mono    ( 8151): Unloading image System.Threading.dll [0xaec7b300].
D/Mono    ( 8151): Image addref System.Threading[0xaeca4dc0] -> System.Threading.dll[0xb4b7c800]: 9
D/Mono    ( 8151): Config attempting to parse: 'System.Threading.dll.config'.
D/Mono    ( 8151): Config attempting to parse: '/Users/builder/data/lanes/4009/3a62f1ea/source/monodroid/builds/install/mono-armv6/etc/mono/assemblies/System.Threading/System.Threading.config'.
D/Mono    ( 8151): Assembly Ref addref Akavache.Sqlite3[0xb4a25700] -> System.Threading[0xb4b306a0]: 7
D/Mono    ( 8151): DllImport searching in: '/system/lib/libsqlite.so' ('/system/lib/libsqlite.so').
D/Mono    ( 8151): Searching for 'sqlite3_bind_text'.
D/Mono    ( 8151): Probing 'sqlite3_bind_text'.
D/Mono    ( 8151): Found as 'sqlite3_bind_text'.
D/Mono    ( 8151): Unloading image Newtonsoft.Json.dll [0x9b5f4c00].
D/Mono    ( 8151): Image addref Newtonsoft.Json[0x97f5e3a0] -> Newtonsoft.Json.dll[0xb4849d00]: 5
D/Mono    ( 8151): Config attempting to parse: 'Newtonsoft.Json.dll.config'.
D/Mono    ( 8151): Config attempting to parse: '/Users/builder/data/lanes/4009/3a62f1ea/source/monodroid/builds/install/mono-armv6/etc/mono/assemblies/Newtonsoft.Json/Newtonsoft.Json.config'.
D/Mono    ( 8151): Assembly Ref addref Akavache.Sqlite3[0xb4a25700] -> Newtonsoft.Json[0xb4b300a0]: 3
D/Mono    ( 8151): Image addref System.IO[0x97f5e3a0] -> System.IO.dll[0x9b5f4c00]: 2
D/Mono    ( 8151): Prepared to set up assembly 'System.IO' (System.IO.dll)
D/Mono    ( 8151): Assembly System.IO[0x97f5e3a0] added to domain RootDomain, ref_count=1
D/Mono    ( 8151): AOT module 'System.IO.dll.so' not found: dlopen failed: library "/data/app/com.careerbuilder.SugarDrone-1/lib/arm/libaot-System.IO.dll.so" not found
D/Mono    ( 8151): AOT module '/Users/builder/data/lanes/4009/3a62f1ea/source/monodroid/builds/install/mono-armv6/lib/mono/aot-cache/arm/System.IO.dll.so' not found: dlopen failed: library "/data/app/com.careerbuilder.SugarDrone-1/lib/arm/libaot-System.IO.dll.so" not found
D/Mono    ( 8151): Config attempting to parse: 'System.IO.dll.config'.
D/Mono    ( 8151): Config attempting to parse: '/Users/builder/data/lanes/4009/3a62f1ea/source/monodroid/builds/install/mono-armv6/etc/mono/assemblies/System.IO/System.IO.config'.
D/Mono    ( 8151): Assembly Ref addref Akavache.Sqlite3[0xb4a25700] -> System.IO[0x97f5e3a0]: 2
D/Mono    ( 8151): Assembly Ref addref System.IO[0x97f5e3a0] -> mscorlib[0xb4a25520]: 43
D/Mono    ( 8151): Image addref System.Runtime.Serialization.Primitives[0x97f5e340] -> System.Runtime.Serialization.Primitives.dll[0x9b5f3300]: 2
D/Mono    ( 8151): Prepared to set up assembly 'System.Runtime.Serialization.Primitives' (System.Runtime.Serialization.Primitives.dll)
D/Mono    ( 8151): Assembly System.Runtime.Serialization.Primitives[0x97f5e340] added to domain RootDomain, ref_count=1
D/Mono    ( 8151): AOT module 'System.Runtime.Serialization.Primitives.dll.so' not found: dlopen failed: library "/data/app/com.careerbuilder.SugarDrone-1/lib/arm/libaot-System.Runtime.Serialization.Primitives.dll.so" not found
D/Mono    ( 8151): AOT module '/Users/builder/data/lanes/4009/3a62f1ea/source/monodroid/builds/install/mono-armv6/lib/mono/aot-cache/arm/System.Runtime.Serialization.Primitives.dll.so' not found: dlopen failed: library "/data/app/com.careerbuilder.SugarDrone-1/lib/arm/libaot-System.Runtime.Serialization.Primitives.dll.so" not found
D/Mono    ( 8151): Config attempting to parse: 'System.Runtime.Serialization.Primitives.dll.config'.
D/Mono    ( 8151): Config attempting to parse: '/Users/builder/data/lanes/4009/3a62f1ea/source/monodroid/builds/install/mono-armv6/etc/mono/assemblies/System.Runtime.Serialization.Primitives/System.Runtime.Serialization.Primitives.config'.
D/Mono    ( 8151): Assembly Ref addref Newtonsoft.Json[0xb4b300a0] -> System.Runtime.Serialization.Primitives[0x97f5e340]: 2
D/Mono    ( 8151): Assembly Ref addref System.Runtime.Serialization.Primitives[0x97f5e340] -> mscorlib[0xb4a25520]: 44
D/Mono    ( 8151): Unloading image System.Globalization.dll [0xb4b87200].
D/Mono    ( 8151): Image addref System.Globalization[0x9b5bd1c0] -> System.Globalization.dll[0x9c2f9000]: 7
D/Mono    ( 8151): Config attempting to parse: 'System.Globalization.dll.config'.
D/Mono    ( 8151): Config attempting to parse: '/Users/builder/data/lanes/4009/3a62f1ea/source/monodroid/builds/install/mono-armv6/etc/mono/assemblies/System.Globalization/System.Globalization.config'.
D/Mono    ( 8151): Assembly Ref addref Newtonsoft.Json[0xb4b300a0] -> System.Globalization[0x9cf8cca0]: 5
D/Mono    ( 8151): Unloading image System.Collections.dll [0xb4b87200].
D/Mono    ( 8151): Image addref System.Collections[0x9b5bd1c0] -> System.Collections.dll[0xb4b7dc00]: 9
D/Mono    ( 8151): Config attempting to parse: 'System.Collections.dll.config'.
D/Mono    ( 8151): Config attempting to parse: '/Users/builder/data/lanes/4009/3a62f1ea/source/monodroid/builds/install/mono-armv6/etc/mono/assemblies/System.Collections/System.Collections.config'.
D/Mono    ( 8151): Assembly Ref addref Newtonsoft.Json[0xb4b300a0] -> System.Collections[0xb4b30820]: 7
D/Mono    ( 8151): Unloading image System.IO.dll [0xb4b87200].
D/Mono    ( 8151): Image addref System.IO[0x9b5bd1c0] -> System.IO.dll[0x9b5f4c00]: 5
D/Mono    ( 8151): Config attempting to parse: 'System.IO.dll.config'.
D/Mono    ( 8151): Config attempting to parse: '/Users/builder/data/lanes/4009/3a62f1ea/source/monodroid/builds/install/mono-armv6/etc/mono/assemblies/System.IO/System.IO.config'.
D/Mono    ( 8151): Assembly Ref addref Newtonsoft.Json[0xb4b300a0] -> System.IO[0x97f5e3a0]: 3
D/Mono    ( 8151): Unloading image System.Runtime.Extensions.dll [0xb4b87200].
D/Mono    ( 8151): Image addref System.Runtime.Extensions[0x9b5bd1c0] -> System.Runtime.Extensions.dll[0x9b5eb100]: 7
D/Mono    ( 8151): Config attempting to parse: 'System.Runtime.Extensions.dll.config'.
D/Mono    ( 8151): Config attempting to parse: '/Users/builder/data/lanes/4009/3a62f1ea/source/monodroid/builds/install/mono-armv6/etc/mono/assemblies/System.Runtime.Extensions/System.Runtime.Extensions.config'.
D/Mono    ( 8151): Assembly Ref addref Newtonsoft.Json[0xb4b300a0] -> System.Runtime.Extensions[0x9b603e20]: 5
D/Mono    ( 8151): Image addref System.Text.Encoding[0x9b5bd1c0] -> System.Text.Encoding.dll[0xb4b87200]: 2
D/Mono    ( 8151): Prepared to set up assembly 'System.Text.Encoding' (System.Text.Encoding.dll)
D/Mono    ( 8151): Assembly System.Text.Encoding[0x9b5bd1c0] added to domain RootDomain, ref_count=1
D/Mono    ( 8151): AOT module 'System.Text.Encoding.dll.so' not found: dlopen failed: library "/data/app/com.careerbuilder.SugarDrone-1/lib/arm/libaot-System.Text.Encoding.dll.so" not found
D/Mono    ( 8151): AOT module '/Users/builder/data/lanes/4009/3a62f1ea/source/monodroid/builds/install/mono-armv6/lib/mono/aot-cache/arm/System.Text.Encoding.dll.so' not found: dlopen failed: library "/data/app/com.careerbuilder.SugarDrone-1/lib/arm/libaot-System.Text.Encoding.dll.so" not found
D/Mono    ( 8151): Config attempting to parse: 'System.Text.Encoding.dll.config'.
D/Mono    ( 8151): Config attempting to parse: '/Users/builder/data/lanes/4009/3a62f1ea/source/monodroid/builds/install/mono-armv6/etc/mono/assemblies/System.Text.Encoding/System.Text.Encoding.config'.
D/Mono    ( 8151): Assembly Ref addref Newtonsoft.Json[0xb4b300a0] -> System.Text.Encoding[0x9b5bd1c0]: 2
D/Mono    ( 8151): Assembly Ref addref System.Text.Encoding[0x9b5bd1c0] -> mscorlib[0xb4a25520]: 45
D/Mono    ( 8151): Unloading image System.Linq.dll [0xb4b87700].
D/Mono    ( 8151): Image addref System.Linq[0x9b5bd160] -> System.Linq.dll[0xb4b7ff00]: 8
D/Mono    ( 8151): Config attempting to parse: 'System.Linq.dll.config'.
D/Mono    ( 8151): Config attempting to parse: '/Users/builder/data/lanes/4009/3a62f1ea/source/monodroid/builds/install/mono-armv6/etc/mono/assemblies/System.Linq/System.Linq.config'.
D/Mono    ( 8151): Assembly Ref addref Newtonsoft.Json[0xb4b300a0] -> System.Linq[0xb4b30940]: 6
D/Mono    ( 8151): Unloading image System.Reflection.dll [0xb4b87700].
D/Mono    ( 8151): Image addref System.Reflection[0x97efabe0] -> System.Reflection.dll[0xb4b7c300]: 9
D/Mono    ( 8151): Config attempting to parse: 'System.Reflection.dll.config'.
D/Mono    ( 8151): Config attempting to parse: '/Users/builder/data/lanes/4009/3a62f1ea/source/monodroid/builds/install/mono-armv6/etc/mono/assemblies/System.Reflection/System.Reflection.config'.
D/Mono    ( 8151): Assembly Ref addref Newtonsoft.Json[0xb4b300a0] -> System.Reflection[0xb4b30640]: 7
D/Mono    ( 8151): Image addref System.Runtime.Serialization[0x97efabe0] -> System.Runtime.Serialization.dll[0xb4b87700]: 2
D/Mono    ( 8151): Prepared to set up assembly 'System.Runtime.Serialization' (System.Runtime.Serialization.dll)
D/Mono    ( 8151): Assembly System.Runtime.Serialization[0x97efabe0] added to domain RootDomain, ref_count=1
D/Mono    ( 8151): AOT module 'System.Runtime.Serialization.dll.so' not found: dlopen failed: library "/data/app/com.careerbuilder.SugarDrone-1/lib/arm/libaot-System.Runtime.Serialization.dll.so" not found
D/Mono    ( 8151): AOT module '/Users/builder/data/lanes/4009/3a62f1ea/source/monodroid/builds/install/mono-armv6/lib/mono/aot-cache/arm/System.Runtime.Serialization.dll.so' not found: dlopen failed: library "/data/app/com.careerbuilder.SugarDrone-1/lib/arm/libaot-System.Runtime.Serialization.dll.so" not found
D/Mono    ( 8151): Config attempting to parse: 'System.Runtime.Serialization.dll.config'.
D/Mono    ( 8151): Config attempting to parse: '/Users/builder/data/lanes/4009/3a62f1ea/source/monodroid/builds/install/mono-armv6/etc/mono/assemblies/System.Runtime.Serialization/System.Runtime.Serialization.config'.
D/Mono    ( 8151): Assembly Ref addref System.Runtime.Serialization.Primitives[0x97f5e340] -> System.Runtime.Serialization[0x97efabe0]: 2
D/Mono    ( 8151): Assembly Ref addref System.Runtime.Serialization[0x97efabe0] -> mscorlib[0xb4a25520]: 46
D/Mono    ( 8151): Image addref System.Text.Encoding.Extensions[0x9b5bd160] -> System.Text.Encoding.Extensions.dll[0x9b5efc00]: 2
D/Mono    ( 8151): Prepared to set up assembly 'System.Text.Encoding.Extensions' (System.Text.Encoding.Extensions.dll)
D/Mono    ( 8151): Assembly System.Text.Encoding.Extensions[0x9b5bd160] added to domain RootDomain, ref_count=1
D/Mono    ( 8151): AOT module 'System.Text.Encoding.Extensions.dll.so' not found: dlopen failed: library "/data/app/com.careerbuilder.SugarDrone-1/lib/arm/libaot-System.Text.Encoding.Extensions.dll.so" not found
D/Mono    ( 8151): AOT module '/Users/builder/data/lanes/4009/3a62f1ea/source/monodroid/builds/install/mono-armv6/lib/mono/aot-cache/arm/System.Text.Encoding.Extensions.dll.so' not found: dlopen failed: library "/data/app/com.careerbuilder.SugarDrone-1/lib/arm/libaot-System.Text.Encoding.Extensions.dll.so" not found
D/Mono    ( 8151): Config attempting to parse: 'System.Text.Encoding.Extensions.dll.config'.
D/Mono    ( 8151): Config attempting to parse: '/Users/builder/data/lanes/4009/3a62f1ea/source/monodroid/builds/install/mono-armv6/etc/mono/assemblies/System.Text.Encoding.Extensions/System.Text.Encoding.Extensions.config'.
D/Mono    ( 8151): Assembly Ref addref Newtonsoft.Json[0xb4b300a0] -> System.Text.Encoding.Extensions[0x9b5bd160]: 2
D/Mono    ( 8151): Assembly Ref addref System.Text.Encoding.Extensions[0x9b5bd160] -> mscorlib[0xb4a25520]: 47
D/Mono    ( 8151): Unloading image System.Threading.dll [0x9b5f0100].
D/Mono    ( 8151): Image addref System.Threading[0x97f5e1c0] -> System.Threading.dll[0xb4b7c800]: 10
D/Mono    ( 8151): Config attempting to parse: 'System.Threading.dll.config'.
D/Mono    ( 8151): Config attempting to parse: '/Users/builder/data/lanes/4009/3a62f1ea/source/monodroid/builds/install/mono-armv6/etc/mono/assemblies/System.Threading/System.Threading.config'.
D/Mono    ( 8151): Assembly Ref addref Newtonsoft.Json[0xb4b300a0] -> System.Threading[0xb4b306a0]: 8
D/Mono    ( 8151): Assembly Ref addref Newtonsoft.Json[0xb4b300a0] -> System.Reflection.Extensions[0xb4b30be0]: 5
D/Mono    ( 8151): Assembly Ref addref System.ObjectModel[0x9b682a60] -> mscorlib[0xb4a25520]: 48
D/Mono    ( 8151): Image addref System.Xml.XDocument[0x97f5eb20] -> System.Xml.XDocument.dll[0x9b5f4700]: 2
D/Mono    ( 8151): Prepared to set up assembly 'System.Xml.XDocument' (System.Xml.XDocument.dll)
D/Mono    ( 8151): Assembly System.Xml.XDocument[0x97f5eb20] added to domain RootDomain, ref_count=1
D/Mono    ( 8151): AOT module 'System.Xml.XDocument.dll.so' not found: dlopen failed: library "/data/app/com.careerbuilder.SugarDrone-1/lib/arm/libaot-System.Xml.XDocument.dll.so" not found
D/Mono    ( 8151): AOT module '/Users/builder/data/lanes/4009/3a62f1ea/source/monodroid/builds/install/mono-armv6/lib/mono/aot-cache/arm/System.Xml.XDocument.dll.so' not found: dlopen failed: library "/data/app/com.careerbuilder.SugarDrone-1/lib/arm/libaot-System.Xml.XDocument.dll.so" not found
D/Mono    ( 8151): Config attempting to parse: 'System.Xml.XDocument.dll.config'.
D/Mono    ( 8151): Config attempting to parse: '/Users/builder/data/lanes/4009/3a62f1ea/source/monodroid/builds/install/mono-armv6/etc/mono/assemblies/System.Xml.XDocument/System.Xml.XDocument.config'.
D/Mono    ( 8151): Assembly Ref addref Newtonsoft.Json[0xb4b300a0] -> System.Xml.XDocument[0x97f5eb20]: 2
D/Mono    ( 8151): Image addref System.Xml.Linq[0x97f5eac0] -> System.Xml.Linq.dll[0x9b5f5100]: 2
D/Mono    ( 8151): Prepared to set up assembly 'System.Xml.Linq' (System.Xml.Linq.dll)
D/Mono    ( 8151): Assembly System.Xml.Linq[0x97f5eac0] added to domain RootDomain, ref_count=1
D/Mono    ( 8151): AOT module 'System.Xml.Linq.dll.so' not found: dlopen failed: library "/data/app/com.careerbuilder.SugarDrone-1/lib/arm/libaot-System.Xml.Linq.dll.so" not found
D/Mono    ( 8151): AOT module '/Users/builder/data/lanes/4009/3a62f1ea/source/monodroid/builds/install/mono-armv6/lib/mono/aot-cache/arm/System.Xml.Linq.dll.so' not found: dlopen failed: library "/data/app/com.careerbuilder.SugarDrone-1/lib/arm/libaot-System.Xml.Linq.dll.so" not found
D/Mono    ( 8151): Config attempting to parse: 'System.Xml.Linq.dll.config'.
D/Mono    ( 8151): Config attempting to parse: '/Users/builder/data/lanes/4009/3a62f1ea/source/monodroid/builds/install/mono-armv6/etc/mono/assemblies/System.Xml.Linq/System.Xml.Linq.config'.
D/Mono    ( 8151): Assembly Ref addref System.Xml.XDocument[0x97f5eb20] -> System.Xml.Linq[0x97f5eac0]: 2
D/Mono    ( 8151): Assembly Ref addref System.Xml.Linq[0x97f5eac0] -> mscorlib[0xb4a25520]: 49
D/Mono    ( 8151): Assembly Ref addref System.Xml.Linq[0x97f5eac0] -> System.Xml[0x9cf8c0a0]: 4
D/Mono    ( 8151): Image addref System.Text.RegularExpressions[0x97f5ebe0] -> System.Text.RegularExpressions.dll[0x9b5f5600]: 2
D/Mono    ( 8151): Prepared to set up assembly 'System.Text.RegularExpressions' (System.Text.RegularExpressions.dll)
D/Mono    ( 8151): Assembly System.Text.RegularExpressions[0x97f5ebe0] added to domain RootDomain, ref_count=1
D/Mono    ( 8151): AOT module 'System.Text.RegularExpressions.dll.so' not found: dlopen failed: library "/data/app/com.careerbuilder.SugarDrone-1/lib/arm/libaot-System.Text.RegularExpressions.dll.so" not found
D/Mono    ( 8151): AOT module '/Users/builder/data/lanes/4009/3a62f1ea/source/monodroid/builds/install/mono-armv6/lib/mono/aot-cache/arm/System.Text.RegularExpressions.dll.so' not found: dlopen failed: library "/data/app/com.careerbuilder.SugarDrone-1/lib/arm/libaot-System.Text.RegularExpressions.dll.so" not found
D/Mono    ( 8151): Config attempting to parse: 'System.Text.RegularExpressions.dll.config'.
D/Mono    ( 8151): Config attempting to parse: '/Users/builder/data/lanes/4009/3a62f1ea/source/monodroid/builds/install/mono-armv6/etc/mono/assemblies/System.Text.RegularExpressions/System.Text.RegularExpressions.config'.
D/Mono    ( 8151): Assembly Ref addref Newtonsoft.Json[0xb4b300a0] -> System.Text.RegularExpressions[0x97f5ebe0]: 2
D/Mono    ( 8151): Assembly Ref addref System.Text.RegularExpressions[0x97f5ebe0] -> System[0xb4b30760]: 11
D/Mono    ( 8151): Unloading image System.Linq.Expressions.dll [0x9b5f5b00].
D/Mono    ( 8151): Image addref System.Linq.Expressions[0x97f5eb80] -> System.Linq.Expressions.dll[0x9b55d600]: 5
D/Mono    ( 8151): Config attempting to parse: 'System.Linq.Expressions.dll.config'.
D/Mono    ( 8151): Config attempting to parse: '/Users/builder/data/lanes/4009/3a62f1ea/source/monodroid/builds/install/mono-armv6/etc/mono/assemblies/System.Linq.Expressions/System.Linq.Expressions.config'.
D/Mono    ( 8151): Assembly Ref addref Newtonsoft.Json[0xb4b300a0] -> System.Linq.Expressions[0x9b603e80]: 3
D/Mono    ( 8151): DllImport searching in: '/system/lib/libsqlite.so' ('/system/lib/libsqlite.so').
D/Mono    ( 8151): Searching for 'sqlite3_bind_blob'.
D/Mono    ( 8151): Probing 'sqlite3_bind_blob'.
D/Mono    ( 8151): Found as 'sqlite3_bind_blob'.
D/Mono    ( 8151): DllImport searching in: '/system/lib/libsqlite.so' ('/system/lib/libsqlite.so').
D/Mono    ( 8151): Searching for 'sqlite3_bind_int64'.
D/Mono    ( 8151): Probing 'sqlite3_bind_int64'.
D/Mono    ( 8151): Found as 'sqlite3_bind_int64'.
D/Mono    ( 8151): DllImport searching in: '__Internal' ('(null)').
D/Mono    ( 8151): Searching for 'java_interop_jnienv_call_nonvirtual_boolean_method_a'.
D/Mono    ( 8151): Probing 'java_interop_jnienv_call_nonvirtual_boolean_method_a'.
D/Mono    ( 8151): Found as 'java_interop_jnienv_call_nonvirtual_boolean_method_a'.
I/calabash( 8151): execStartActivity 4
I/ActivityManager(  819): START u0 {cmp=com.careerbuilder.SugarDrone/md5a4824aa66c0dc4d104077b72c1916a44.TermsAndConditionsActivity} from uid 12469 on display 0
V/WindowManager(  819): addAppToken: AppWindowToken{9ffba76 token=Token{21cc8911 ActivityRecord{2f455538 u0 com.careerbuilder.SugarDrone/md5a4824aa66c0dc4d104077b72c1916a44.TermsAndConditionsActivity t14}}} to stack=1 task=14 at 1
W/ResourceType( 8151): No known package when getting name for resource number 0xffffffff
W/ResourceType( 8151): No known package when getting name for resource number 0xffffffff
W/ResourceType( 8151): No known package when getting name for resource number 0xffffffff
I/calabash( 8151): newActivity1
V/WindowManager(  819): Adding window Window{2e968ce4 u0 com.careerbuilder.SugarDrone/md5a4824aa66c0dc4d104077b72c1916a44.TermsAndConditionsActivity} at 3 of 8 (after Window{9c890a2 u0 com.careerbuilder.SugarDrone/md537fd6201b6818e2e180d2f7606e21a83.AppMainActivity})
I/ActivityManager(  819): Displayed com.careerbuilder.SugarDrone/md5a4824aa66c0dc4d104077b72c1916a44.TermsAndConditionsActivity: +315ms
I/System.out( 8151): URI: /map
I/System.out( 8151): params: {json={"query":"* id:'agreeAndContinueButton'","operation":{"method_name":"query","arguments":[]}}
I/System.out( 8151): }
W/ResourceType( 8151): No known package when getting name for resource number 0xffffffff
W/ResourceType( 8151): No known package when getting name for resource number 0xffffffff
W/ResourceType( 8151): No known package when getting name for resource number 0xffffffff
W/ResourceType( 8151): No known package when getting name for resource number 0xffffffff
W/ResourceType( 8151): No known package when getting name for resource number 0xffffffff
W/ResourceType( 8151): No known package when getting name for resource number 0xffffffff
W/ResourceType( 8151): No known package when getting name for resource number 0xffffffff
W/ResourceType( 8151): No known package when getting name for resource number 0xffffffff
W/ResourceType( 8151): No known package when getting name for resource number 0xffffffff
W/ResourceType( 8151): No known package when getting name for resource number 0xffffffff
I/System.out( 8151): URI: /map
I/System.out( 8151): params: {json={"query":"* id:'agreeAndContinueButton'","operation":{"method_name":"query","arguments":[]}}
I/System.out( 8151): }
W/ResourceType( 8151): No known package when getting name for resource number 0xffffffff
W/ResourceType( 8151): No known package when getting name for resource number 0xffffffff
W/ResourceType( 8151): No known package when getting name for resource number 0xffffffff
W/ResourceType( 8151): No known package when getting name for resource number 0xffffffff
W/ResourceType( 8151): No known package when getting name for resource number 0xffffffff
W/ResourceType( 8151): No known package when getting name for resource number 0xffffffff
W/ResourceType( 8151): No known package when getting name for resource number 0xffffffff
W/ResourceType( 8151): No known package when getting name for resource number 0xffffffff
W/ResourceType( 8151): No known package when getting name for resource number 0xffffffff
W/ResourceType( 8151): No known package when getting name for resource number 0xffffffff
I/art     ( 8151): Explicit concurrent mark sweep GC freed 59278(2MB) AllocSpace objects, 6(96KB) LOS objects, 37% free, 26MB/42MB, paused 939us total 36.941ms
I/art     ( 8151): Explicit concurrent mark sweep GC freed 202(10KB) AllocSpace objects, 0(0B) LOS objects, 37% free, 26MB/42MB, paused 1.183ms total 18.607ms
I/art     ( 8151): Explicit concurrent mark sweep GC freed 17(1056B) AllocSpace objects, 0(0B) LOS objects, 37% free, 26MB/42MB, paused 1.019ms total 17.542ms
I/art     ( 8151): Explicit concurrent mark sweep GC freed 17(1056B) AllocSpace objects, 0(0B) LOS objects, 37% free, 26MB/42MB, paused 1.012ms total 18.738ms
I/System.out( 8151): URI: /map
I/System.out( 8151): params: {json={"query":"* id:'agreeAndContinueButton'","operation":{"method_name":"query","arguments":[]}}
I/System.out( 8151): }
I/art     ( 8151): Explicit concurrent mark sweep GC freed 6827(249KB) AllocSpace objects, 1(16KB) LOS objects, 37% free, 26MB/42MB, paused 1.189ms total 19.001ms
W/ResourceType( 8151): No known package when getting name for resource number 0xffffffff
W/ResourceType( 8151): No known package when getting name for resource number 0xffffffff
W/ResourceType( 8151): No known package when getting name for resource number 0xffffffff
W/ResourceType( 8151): No known package when getting name for resource number 0xffffffff
W/ResourceType( 8151): No known package when getting name for resource number 0xffffffff
W/ResourceType( 8151): No known package when getting name for resource number 0xffffffff
W/ResourceType( 8151): No known package when getting name for resource number 0xffffffff
I/System.out( 8151): URI: /map
I/System.out( 8151): params: {json={"query":"* id:'agreeAndContinueButton'","operation":{"method_name":"query","arguments":[]}}
I/System.out( 8151): }
W/ResourceType( 8151): No known package when getting name for resource number 0xffffffff
W/ResourceType( 8151): No known package when getting name for resource number 0xffffffff
W/ResourceType( 8151): No known package when getting name for resource number 0xffffffff
W/ResourceType( 8151): No known package when getting name for resource number 0xffffffff
W/ResourceType( 8151): No known package when getting name for resource number 0xffffffff
W/ResourceType( 8151): No known package when getting name for resource number 0xffffffff
W/ResourceType( 8151): No known package when getting name for resource number 0xffffffff
I/System.out( 8151): URI: /map
I/System.out( 8151): params: {json={"query":"* id:'agreeAndContinueButton'","operation":{"method_name":"query","arguments":[]}}
I/System.out( 8151): }
W/ResourceType( 8151): No known package when getting name for resource number 0xffffffff
W/ResourceType( 8151): No known package when getting name for resource number 0xffffffff
W/ResourceType( 8151): No known package when getting name for resource number 0xffffffff
W/ResourceType( 8151): No known package when getting name for resource number 0xffffffff
W/ResourceType( 8151): No known package when getting name for resource number 0xffffffff
W/ResourceType( 8151): No known package when getting name for resource number 0xffffffff
W/ResourceType( 8151): No known package when getting name for resource number 0xffffffff
I/System.out( 8151): URI: /map
I/System.out( 8151): params: {json={"query":"* id:'agreeAndContinueButton'","operation":{"method_name":"query","arguments":[]}}
I/System.out( 8151): }
W/ResourceType( 8151): No known package when getting name for resource number 0xffffffff
W/ResourceType( 8151): No known package when getting name for resource number 0xffffffff
W/ResourceType( 8151): No known package when getting name for resource number 0xffffffff
W/ResourceType( 8151): No known package when getting name for resource number 0xffffffff
W/ResourceType( 8151): No known package when getting name for resource number 0xffffffff
W/ResourceType( 8151): No known package when getting name for resource number 0xffffffff
W/ResourceType( 8151): No known package when getting name for resource number 0xffffffff
I/System.out( 8151): URI: /map
I/System.out( 8151): params: {json={"query":"* id:'agreeAndContinueButton'","operation":{"method_name":"query","arguments":[]}}
I/System.out( 8151): }
W/ResourceType( 8151): No known package when getting name for resource number 0xffffffff
W/ResourceType( 8151): No known package when getting name for resource number 0xffffffff
W/ResourceType( 8151): No known package when getting name for resource number 0xffffffff
W/ResourceType( 8151): No known package when getting name for resource number 0xffffffff
W/ResourceType( 8151): No known package when getting name for resource number 0xffffffff
W/ResourceType( 8151): No known package when getting name for resource number 0xffffffff
W/ResourceType( 8151): No known package when getting name for resource number 0xffffffff
I/System.out( 8151): URI: /
I/System.out( 8151): params: {json={"command":"touch_coordinate","arguments":[720.0,2273.0]}
I/System.out( 8151): }
I/System.out( 8151): header: {content-length=57, host=devicehost109.prod, x-session-token=token-token-b3285a85-dce1-4e3d-8493-d2f136f3a5af, x-forwarded-for=10.222.150.25, content-type=application/json; charset=utf-8, connection=close}
I/System.out( 8151): params: {json={"command":"touch_coordinate","arguments":[720.0,2273.0]}
I/System.out( 8151): }
I/System.out( 8151): ProP json = {"command":"touch_coordinate","arguments":[720.0,2273.0]}
I/System.out( 8151): files: {}
I/System.out( 8151): command: {"command":"touch_coordinate","arguments":[720.0,2273.0]}
I/InstrumentationBackend( 8151): Got command:'Command:'Line:null,touch_coordinate', arguments:'[720.0, 2273.0]'
D/Mono    ( 8151): DllImport searching in: '__Internal' ('(null)').
D/Mono    ( 8151): Searching for 'java_interop_jnienv_call_nonvirtual_int_method_a'.
D/Mono    ( 8151): Probing 'java_interop_jnienv_call_nonvirtual_int_method_a'.
D/Mono    ( 8151): Found as 'java_interop_jnienv_call_nonvirtual_int_method_a'.
D/Mono    ( 8151): DllImport searching in: '__Internal' ('(null)').
D/Mono    ( 8151): Searching for 'java_interop_jnienv_get_float_field'.
D/Mono    ( 8151): Probing 'java_interop_jnienv_get_float_field'.
D/Mono    ( 8151): Found as 'java_interop_jnienv_get_float_field'.
D/Mono    ( 8151): DllImport searching in: '__Internal' ('(null)').
D/Mono    ( 8151): Searching for 'java_interop_jnienv_new_object_array'.
D/Mono    ( 8151): Probing 'java_interop_jnienv_new_object_array'.
D/Mono    ( 8151): Found as 'java_interop_jnienv_new_object_array'.
D/Mono    ( 8151): Assembly Ref addref System.Net.Http[0x9cf8c400] -> System.Core[0xb4b30ac0]: 13
D/Mono    ( 8151): DllImport searching in: '__Internal' ('(null)').
D/Mono    ( 8151): Searching for 'java_interop_jnienv_set_object_array_element'.
D/Mono    ( 8151): Probing 'java_interop_jnienv_set_object_array_element'.
D/Mono    ( 8151): Found as 'java_interop_jnienv_set_object_array_element'.
W/ProcessManager( 8151): waitpid on failed exec failed: No child processes
D/Mono    ( 8151): Assembly Ref addref Mono.Android[0xb4b304c0] -> System[0xb4b30760]: 12
D/audio_hw_primary(  358): out_set_parameters: enter: usecase(1: low-latency-playback) kvpairs: routing=2
I/calabash( 8151): execStartActivity 4
I/ActivityManager(  819): START u0 {cmp=com.careerbuilder.SugarDrone/md537fd6201b6818e2e180d2f7606e21a83.ValuePropActivity} from uid 12469 on display 0
V/WindowManager(  819): addAppToken: AppWindowToken{3014947c token=Token{2e800f6f ActivityRecord{3c5fa24e u0 com.careerbuilder.SugarDrone/md537fd6201b6818e2e180d2f7606e21a83.ValuePropActivity t14}}} to stack=1 task=14 at 1
I/calabash( 8151): newActivity1
D/Mono    ( 8151): Assembly Ref addref CareerBuilder_Search.Droid[0xb4a25580] -> System.Core[0xb4b30ac0]: 14
D/Mono    ( 8151): DllImport searching in: '__Internal' ('(null)').
D/Mono    ( 8151): Searching for 'java_interop_jnienv_call_nonvirtual_object_method'.
D/Mono    ( 8151): Probing 'java_interop_jnienv_call_nonvirtual_object_method'.
D/Mono    ( 8151): Found as 'java_interop_jnienv_call_nonvirtual_object_method'.
I/System.out( 8151): result:{"bonusInformation":[],"message":"","success":true}
V/WindowManager(  819): Adding window Window{1c17955a u0 com.careerbuilder.SugarDrone/md537fd6201b6818e2e180d2f7606e21a83.ValuePropActivity} at 3 of 8 (after Window{2e968ce4 u0 com.careerbuilder.SugarDrone/md5a4824aa66c0dc4d104077b72c1916a44.TermsAndConditionsActivity})
D/Mono    ( 8151): Assembly Ref addref CareerBuilder_Search.Droid[0xb4a25580] -> Newtonsoft.Json[0xb4b300a0]: 4
I/System.out( 8151): URI: /backdoor
I/System.out( 8151): params: {json={"method_name":"APISetup","arguments":[200]}
I/System.out( 8151): }
W/FragmentManager( 8151): moveToState: Fragment state for ValuePropFragment{224f42f9 #0 id=0x7f0a0148 android:switcher:2131362120:1} not updated inline; expected state 3 found 2
D/Mono    ( 8151): Unloading image System.dll [0x969e0400].
D/Mono    ( 8151): Image addref System[0x96a67fa0] -> System.dll[0xb4b7d200]: 5
D/Mono    ( 8151): Config attempting to parse: 'System.dll.config'.
D/Mono    ( 8151): Config attempting to parse: '/Users/builder/data/lanes/4009/3a62f1ea/source/monodroid/builds/install/mono-armv6/etc/mono/assemblies/System/System.config'.
D/Mono    ( 8151): Unloading image System.dll [0x969e0400].
D/Mono    ( 8151): Image addref System[0x96974be0] -> System.dll[0xb4b7d200]: 6
D/Mono    ( 8151): Config attempting to parse: 'System.dll.config'.
D/Mono    ( 8151): Config attempting to parse: '/Users/builder/data/lanes/4009/3a62f1ea/source/monodroid/builds/install/mono-armv6/etc/mono/assemblies/System/System.config'.
D/Mono    ( 8151): Unloading image System.dll [0x969e0400].
D/Mono    ( 8151): Image addref System[0x96974be0] -> System.dll[0xb4b7d200]: 7
D/Mono    ( 8151): Config attempting to parse: 'System.dll.config'.
D/Mono    ( 8151): Config attempting to parse: '/Users/builder/data/lanes/4009/3a62f1ea/source/monodroid/builds/install/mono-armv6/etc/mono/assemblies/System/System.config'.
D/Mono    ( 8151): Unloading image System.dll [0x969e0400].
D/Mono    ( 8151): Image addref System[0x96974be0] -> System.dll[0xb4b7d200]: 8
D/Mono    ( 8151): Config attempting to parse: 'System.dll.config'.
D/Mono    ( 8151): Config attempting to parse: '/Users/builder/data/lanes/4009/3a62f1ea/source/monodroid/builds/install/mono-armv6/etc/mono/assemblies/System/System.config'.
D/Mono    ( 8151): DllImport searching in: '__Internal' ('(null)').
D/Mono    ( 8151): Searching for 'java_interop_jnienv_is_assignable_from'.
D/Mono    ( 8151): Probing 'java_interop_jnienv_is_assignable_from'.
D/Mono    ( 8151): Found as 'java_interop_jnienv_is_assignable_from'.
D/Mono    ( 8151): DllImport searching in: '__Internal' ('(null)').
D/Mono    ( 8151): Searching for 'java_interop_jnienv_get_byte_array_region'.
D/Mono    ( 8151): Probing 'java_interop_jnienv_get_byte_array_region'.
D/Mono    ( 8151): Found as 'java_interop_jnienv_get_byte_array_region'.
D/Mono    ( 8151): DllImport searching in: '__Internal' ('(null)').
D/Mono    ( 8151): Searching for 'java_interop_jnienv_set_byte_array_region'.
D/Mono    ( 8151): Probing 'java_interop_jnienv_set_byte_array_region'.
D/Mono    ( 8151): Found as 'java_interop_jnienv_set_byte_array_region'.
D/audio_hw_primary(  358): select_devices: out_snd_device(2: speaker) in_snd_device(0: none)
D/msm8974_platform(  358): platform_send_audio_calibration: sending audio calibration for snd_device(2) acdb_id(15)
E/ACDB-LOADER(  358): Error: ACDB AFE returned = -19
D/audio_hw_primary(  358): enable_snd_device: snd_device(2: speaker)
D/audio_hw_primary(  358): enable_audio_route: apply and update mixer path: low-latency-playback speaker
I/Choreographer( 8151): Skipped 30 frames!  The application may be doing too much work on its main thread.
D/Mono    ( 8151): [0x9cf69200] hill climbing, change max number of threads 5
D/Mono    ( 8151): [0x96c0ce00] worker starting
I/ActivityManager(  819): Displayed com.careerbuilder.SugarDrone/md537fd6201b6818e2e180d2f7606e21a83.ValuePropActivity: +728ms
W/Mono    ( 8151): The request to load the assembly System.Core v4.0.0.0 was remapped to v2.0.5.0
D/Mono    ( 8151): Unloading image System.Core.dll [0x96d91f00].
D/Mono    ( 8151): Image addref System.Core[0x96c03400] -> System.Core.dll[0xb4b7e100]: 5
D/Mono    ( 8151): Config attempting to parse: 'System.Core.dll.config'.
D/Mono    ( 8151): Config attempting to parse: '/Users/builder/data/lanes/4009/3a62f1ea/source/monodroid/builds/install/mono-armv6/etc/mono/assemblies/System.Core/System.Core.config'.
I/System.out( 8151): URI: /backdoor
I/System.out( 8151): params: {json={"method_name":"OpenResumeConfirmationBackdoor","arguments":["pdf"]}
I/System.out( 8151): }
W/Mono    ( 8151): The request to load the assembly System.Core v4.0.0.0 was remapped to v2.0.5.0
D/Mono    ( 8151): Unloading image System.Core.dll [0x96d91f00].
D/Mono    ( 8151): Image addref System.Core[0x96c03be0] -> System.Core.dll[0xb4b7e100]: 6
D/Mono    ( 8151): Config attempting to parse: 'System.Core.dll.config'.
D/Mono    ( 8151): Config attempting to parse: '/Users/builder/data/lanes/4009/3a62f1ea/source/monodroid/builds/install/mono-armv6/etc/mono/assemblies/System.Core/System.Core.config'.
D/Mono    ( 8151): Unloading image System.IO.dll [0x969df000].
D/Mono    ( 8151): Image addref System.IO[0x969fb820] -> System.IO.dll[0x9b5f4c00]: 6
D/Mono    ( 8151): Config attempting to parse: 'System.IO.dll.config'.
D/Mono    ( 8151): Config attempting to parse: '/Users/builder/data/lanes/4009/3a62f1ea/source/monodroid/builds/install/mono-armv6/etc/mono/assemblies/System.IO/System.IO.config'.
D/Mono    ( 8151): Assembly Ref addref CareerBuilder_Search[0xb4b30460] -> System.IO[0x97f5e3a0]: 4
W/SurfaceFlinger(  265): couldn't log to binary event log: overflow.
W/art     ( 8151): Before Android 4.1, method android.graphics.PorterDuffColorFilter android.support.graphics.drawable.VectorDrawableCompat.updateTintFilter(android.graphics.PorterDuffColorFilter, android.content.res.ColorStateList, android.graphics.PorterDuff$Mode) would have incorrectly overridden the package-private method in android.graphics.drawable.Drawable
I/System.out( 8151): URI: /map
I/System.out( 8151): params: {json={"query":"* marked:'previewButton'","operation":{"method_name":"query","arguments":[]}}
I/System.out( 8151): }
D/Mono    ( 8151): DllImport searching in: '__Internal' ('(null)').
D/Mono    ( 8151): Searching for 'java_interop_jnienv_call_boolean_method'.
D/Mono    ( 8151): Probing 'java_interop_jnienv_call_boolean_method'.
D/Mono    ( 8151): Found as 'java_interop_jnienv_call_boolean_method'.
V/WindowManager(  819): not Base app: Adding window Window{1a317bbd u0 com.careerbuilder.SugarDrone/md537fd6201b6818e2e180d2f7606e21a83.ValuePropActivity} at 4 of 9
D/Mono    ( 8151): Unloading image System.Linq.dll [0x969e0900].
D/Mono    ( 8151): Image addref System.Linq[0x97efa940] -> System.Linq.dll[0xb4b7ff00]: 9
D/Mono    ( 8151): Config attempting to parse: 'System.Linq.dll.config'.
D/Mono    ( 8151): Config attempting to parse: '/Users/builder/data/lanes/4009/3a62f1ea/source/monodroid/builds/install/mono-armv6/etc/mono/assemblies/System.Linq/System.Linq.config'.
D/Mono    ( 8151): Assembly Ref addref CareerBuilder_Search[0xb4b30460] -> System.Linq[0xb4b30940]: 7
D/Mono    ( 8151): DllImport searching in: '__Internal' ('(null)').
D/Mono    ( 8151): Searching for 'java_interop_jnienv_call_nonvirtual_void_method'.
D/Mono    ( 8151): Probing 'java_interop_jnienv_call_nonvirtual_void_method'.
D/Mono    ( 8151): Found as 'java_interop_jnienv_call_nonvirtual_void_method'.
W/ResourceType( 8151): No known package when getting name for resource number 0xffffffff
W/ResourceType( 8151): No known package when getting name for resource number 0xffffffff
W/ResourceType( 8151): No known package when getting name for resource number 0xffffffff
W/ResourceType( 8151): No known package when getting name for resource number 0xffffffff
W/ResourceType( 8151): No known package when getting name for resource number 0xffffffff
W/ResourceType( 8151): No known package when getting name for resource number 0xffffffff
W/ResourceType( 8151): No known package when getting name for resource number 0xffffffff
W/ResourceType( 8151): No known package when getting name for resource number 0xffffffff
W/ResourceType( 8151): No known package when getting name for resource number 0xffffffff
