D/Mono    ( 8406): Config attempting to parse: 'System.Text.Encoding.dll.config'.
D/Mono    ( 8406): Config attempting to parse: '/Users/builder/data/lanes/4009/3a62f1ea/source/monodroid/builds/install/mono-armv6/etc/mono/assemblies/System.Text.Encoding/System.Text.Encoding.config'.
D/Mono    ( 8406): Assembly Ref addref Newtonsoft.Json[0xb4b740a0] -> System.Text.Encoding[0x9b596340]: 2
D/Mono    ( 8406): Assembly Ref addref System.Text.Encoding[0x9b596340] -> mscorlib[0xb4b11520]: 45
D/Mono    ( 8406): Unloading image System.Linq.dll [0x9b6bec00].
D/Mono    ( 8406): Image addref System.Linq[0x9b5962e0] -> System.Linq.dll[0xb4b7df00]: 8
D/Mono    ( 8406): Config attempting to parse: 'System.Linq.dll.config'.
D/Mono    ( 8406): Config attempting to parse: '/Users/builder/data/lanes/4009/3a62f1ea/source/monodroid/builds/install/mono-armv6/etc/mono/assemblies/System.Linq/System.Linq.config'.
D/Mono    ( 8406): Assembly Ref addref Newtonsoft.Json[0xb4b740a0] -> System.Linq[0xb4b74940]: 6
D/Mono    ( 8406): Unloading image System.Reflection.dll [0x9b6bec00].
D/Mono    ( 8406): Image addref System.Reflection[0x97f49ca0] -> System.Reflection.dll[0xb4b7a300]: 9
D/Mono    ( 8406): Config attempting to parse: 'System.Reflection.dll.config'.
D/Mono    ( 8406): Config attempting to parse: '/Users/builder/data/lanes/4009/3a62f1ea/source/monodroid/builds/install/mono-armv6/etc/mono/assemblies/System.Reflection/System.Reflection.config'.
D/Mono    ( 8406): Assembly Ref addref Newtonsoft.Json[0xb4b740a0] -> System.Reflection[0xb4b74640]: 7
D/Mono    ( 8406): Image addref System.Runtime.Serialization[0x97f49ca0] -> System.Runtime.Serialization.dll[0x9b6bec00]: 2
D/Mono    ( 8406): Prepared to set up assembly 'System.Runtime.Serialization' (System.Runtime.Serialization.dll)
D/Mono    ( 8406): Assembly System.Runtime.Serialization[0x97f49ca0] added to domain RootDomain, ref_count=1
D/Mono    ( 8406): AOT module 'System.Runtime.Serialization.dll.so' not found: dlopen failed: library "/data/app/com.careerbuilder.SugarDrone-1/lib/arm/libaot-System.Runtime.Serialization.dll.so" not found
D/Mono    ( 8406): AOT module '/Users/builder/data/lanes/4009/3a62f1ea/source/monodroid/builds/install/mono-armv6/lib/mono/aot-cache/arm/System.Runtime.Serialization.dll.so' not found: dlopen failed: library "/data/app/com.careerbuilder.SugarDrone-1/lib/arm/libaot-System.Runtime.Serialization.dll.so" not found
D/Mono    ( 8406): Config attempting to parse: 'System.Runtime.Serialization.dll.config'.
D/Mono    ( 8406): Config attempting to parse: '/Users/builder/data/lanes/4009/3a62f1ea/source/monodroid/builds/install/mono-armv6/etc/mono/assemblies/System.Runtime.Serialization/System.Runtime.Serialization.config'.
D/Mono    ( 8406): Assembly Ref addref System.Runtime.Serialization.Primitives[0x97ddc3a0] -> System.Runtime.Serialization[0x97f49ca0]: 2
D/Mono    ( 8406): Assembly Ref addref System.Runtime.Serialization[0x97f49ca0] -> mscorlib[0xb4b11520]: 46
D/Mono    ( 8406): Image addref System.Text.Encoding.Extensions[0x9b5962e0] -> System.Text.Encoding.Extensions.dll[0x9b6bf100]: 2
D/Mono    ( 8406): Prepared to set up assembly 'System.Text.Encoding.Extensions' (System.Text.Encoding.Extensions.dll)
D/Mono    ( 8406): Assembly System.Text.Encoding.Extensions[0x9b5962e0] added to domain RootDomain, ref_count=1
D/Mono    ( 8406): AOT module 'System.Text.Encoding.Extensions.dll.so' not found: dlopen failed: library "/data/app/com.careerbuilder.SugarDrone-1/lib/arm/libaot-System.Text.Encoding.Extensions.dll.so" not found
D/Mono    ( 8406): AOT module '/Users/builder/data/lanes/4009/3a62f1ea/source/monodroid/builds/install/mono-armv6/lib/mono/aot-cache/arm/System.Text.Encoding.Extensions.dll.so' not found: dlopen failed: library "/data/app/com.careerbuilder.SugarDrone-1/lib/arm/libaot-System.Text.Encoding.Extensions.dll.so" not found
D/Mono    ( 8406): Config attempting to parse: 'System.Text.Encoding.Extensions.dll.config'.
D/Mono    ( 8406): Config attempting to parse: '/Users/builder/data/lanes/4009/3a62f1ea/source/monodroid/builds/install/mono-armv6/etc/mono/assemblies/System.Text.Encoding.Extensions/System.Text.Encoding.Extensions.config'.
D/Mono    ( 8406): Assembly Ref addref Newtonsoft.Json[0xb4b740a0] -> System.Text.Encoding.Extensions[0x9b5962e0]: 2
D/Mono    ( 8406): Assembly Ref addref System.Text.Encoding.Extensions[0x9b5962e0] -> mscorlib[0xb4b11520]: 47
D/Mono    ( 8406): Unloading image System.Threading.dll [0x9b6c5000].
D/Mono    ( 8406): Image addref System.Threading[0x97f49fa0] -> System.Threading.dll[0xb4b7a800]: 10
D/Mono    ( 8406): Config attempting to parse: 'System.Threading.dll.config'.
D/Mono    ( 8406): Config attempting to parse: '/Users/builder/data/lanes/4009/3a62f1ea/source/monodroid/builds/install/mono-armv6/etc/mono/assemblies/System.Threading/System.Threading.config'.
D/Mono    ( 8406): Assembly Ref addref Newtonsoft.Json[0xb4b740a0] -> System.Threading[0xb4b746a0]: 8
D/Mono    ( 8406): Assembly Ref addref Newtonsoft.Json[0xb4b740a0] -> System.Reflection.Extensions[0xb4b74be0]: 5
D/Mono    ( 8406): Assembly Ref addref System.ObjectModel[0x9b659ca0] -> mscorlib[0xb4b11520]: 48
D/Mono    ( 8406): Image addref System.Xml.XDocument[0x97f91880] -> System.Xml.XDocument.dll[0x9b6c5a00]: 2
D/Mono    ( 8406): Prepared to set up assembly 'System.Xml.XDocument' (System.Xml.XDocument.dll)
D/Mono    ( 8406): Assembly System.Xml.XDocument[0x97f91880] added to domain RootDomain, ref_count=1
D/Mono    ( 8406): AOT module 'System.Xml.XDocument.dll.so' not found: dlopen failed: library "/data/app/com.careerbuilder.SugarDrone-1/lib/arm/libaot-System.Xml.XDocument.dll.so" not found
D/Mono    ( 8406): AOT module '/Users/builder/data/lanes/4009/3a62f1ea/source/monodroid/builds/install/mono-armv6/lib/mono/aot-cache/arm/System.Xml.XDocument.dll.so' not found: dlopen failed: library "/data/app/com.careerbuilder.SugarDrone-1/lib/arm/libaot-System.Xml.XDocument.dll.so" not found
D/Mono    ( 8406): Config attempting to parse: 'System.Xml.XDocument.dll.config'.
D/Mono    ( 8406): Config attempting to parse: '/Users/builder/data/lanes/4009/3a62f1ea/source/monodroid/builds/install/mono-armv6/etc/mono/assemblies/System.Xml.XDocument/System.Xml.XDocument.config'.
D/Mono    ( 8406): Assembly Ref addref Newtonsoft.Json[0xb4b740a0] -> System.Xml.XDocument[0x97f91880]: 2
D/Mono    ( 8406): Image addref System.Xml.Linq[0x97f91820] -> System.Xml.Linq.dll[0x9b6c5f00]: 2
D/Mono    ( 8406): Prepared to set up assembly 'System.Xml.Linq' (System.Xml.Linq.dll)
D/Mono    ( 8406): Assembly System.Xml.Linq[0x97f91820] added to domain RootDomain, ref_count=1
D/Mono    ( 8406): AOT module 'System.Xml.Linq.dll.so' not found: dlopen failed: library "/data/app/com.careerbuilder.SugarDrone-1/lib/arm/libaot-System.Xml.Linq.dll.so" not found
D/Mono    ( 8406): AOT module '/Users/builder/data/lanes/4009/3a62f1ea/source/monodroid/builds/install/mono-armv6/lib/mono/aot-cache/arm/System.Xml.Linq.dll.so' not found: dlopen failed: library "/data/app/com.careerbuilder.SugarDrone-1/lib/arm/libaot-System.Xml.Linq.dll.so" not found
D/Mono    ( 8406): Config attempting to parse: 'System.Xml.Linq.dll.config'.
D/Mono    ( 8406): Config attempting to parse: '/Users/builder/data/lanes/4009/3a62f1ea/source/monodroid/builds/install/mono-armv6/etc/mono/assemblies/System.Xml.Linq/System.Xml.Linq.config'.
D/Mono    ( 8406): Assembly Ref addref System.Xml.XDocument[0x97f91880] -> System.Xml.Linq[0x97f91820]: 2
D/Mono    ( 8406): Assembly Ref addref System.Xml.Linq[0x97f91820] -> mscorlib[0xb4b11520]: 49
D/Mono    ( 8406): Assembly Ref addref System.Xml.Linq[0x97f91820] -> System.Xml[0x9bc990a0]: 4
D/Mono    ( 8406): Image addref System.Text.RegularExpressions[0x97f91940] -> System.Text.RegularExpressions.dll[0x9b6c6400]: 2
D/Mono    ( 8406): Prepared to set up assembly 'System.Text.RegularExpressions' (System.Text.RegularExpressions.dll)
D/Mono    ( 8406): Assembly System.Text.RegularExpressions[0x97f91940] added to domain RootDomain, ref_count=1
D/Mono    ( 8406): AOT module 'System.Text.RegularExpressions.dll.so' not found: dlopen failed: library "/data/app/com.careerbuilder.SugarDrone-1/lib/arm/libaot-System.Text.RegularExpressions.dll.so" not found
D/Mono    ( 8406): AOT module '/Users/builder/data/lanes/4009/3a62f1ea/source/monodroid/builds/install/mono-armv6/lib/mono/aot-cache/arm/System.Text.RegularExpressions.dll.so' not found: dlopen failed: library "/data/app/com.careerbuilder.SugarDrone-1/lib/arm/libaot-System.Text.RegularExpressions.dll.so" not found
D/Mono    ( 8406): Config attempting to parse: 'System.Text.RegularExpressions.dll.config'.
D/Mono    ( 8406): Config attempting to parse: '/Users/builder/data/lanes/4009/3a62f1ea/source/monodroid/builds/install/mono-armv6/etc/mono/assemblies/System.Text.RegularExpressions/System.Text.RegularExpressions.config'.
D/Mono    ( 8406): Assembly Ref addref Newtonsoft.Json[0xb4b740a0] -> System.Text.RegularExpressions[0x97f91940]: 2
D/Mono    ( 8406): Assembly Ref addref System.Text.RegularExpressions[0x97f91940] -> System[0xb4b74760]: 11
D/Mono    ( 8406): Unloading image System.Linq.Expressions.dll [0x9b6c6900].
D/Mono    ( 8406): Image addref System.Linq.Expressions[0x97f918e0] -> System.Linq.Expressions.dll[0xb4b86b00]: 5
D/Mono    ( 8406): Config attempting to parse: 'System.Linq.Expressions.dll.config'.
D/Mono    ( 8406): Config attempting to parse: '/Users/builder/data/lanes/4009/3a62f1ea/source/monodroid/builds/install/mono-armv6/etc/mono/assemblies/System.Linq.Expressions/System.Linq.Expressions.config'.
D/Mono    ( 8406): Assembly Ref addref Newtonsoft.Json[0xb4b740a0] -> System.Linq.Expressions[0x9bc99e80]: 3
D/Mono    ( 8406): DllImport searching in: '/system/lib/libsqlite.so' ('/system/lib/libsqlite.so').
D/Mono    ( 8406): Searching for 'sqlite3_bind_blob'.
D/Mono    ( 8406): Probing 'sqlite3_bind_blob'.
D/Mono    ( 8406): Found as 'sqlite3_bind_blob'.
D/Mono    ( 8406): DllImport searching in: '/system/lib/libsqlite.so' ('/system/lib/libsqlite.so').
D/Mono    ( 8406): Searching for 'sqlite3_bind_int64'.
D/Mono    ( 8406): Probing 'sqlite3_bind_int64'.
D/Mono    ( 8406): Found as 'sqlite3_bind_int64'.
D/Mono    ( 8406): DllImport searching in: '__Internal' ('(null)').
D/Mono    ( 8406): Searching for 'java_interop_jnienv_call_nonvirtual_boolean_method_a'.
D/Mono    ( 8406): Probing 'java_interop_jnienv_call_nonvirtual_boolean_method_a'.
D/Mono    ( 8406): Found as 'java_interop_jnienv_call_nonvirtual_boolean_method_a'.
I/calabash( 8406): execStartActivity 4
I/ActivityManager(  815): START u0 {cmp=com.careerbuilder.SugarDrone/md5a4824aa66c0dc4d104077b72c1916a44.TermsAndConditionsActivity} from uid 13310 on display 0
V/WindowManager(  815): addAppToken: AppWindowToken{1ccc98f9 token=Token{338d93c0 ActivityRecord{fb43143 u0 com.careerbuilder.SugarDrone/md5a4824aa66c0dc4d104077b72c1916a44.TermsAndConditionsActivity t28}}} to stack=1 task=28 at 1
W/ResourceType( 8406): No known package when getting name for resource number 0xffffffff
W/ResourceType( 8406): No known package when getting name for resource number 0xffffffff
W/ResourceType( 8406): No known package when getting name for resource number 0xffffffff
I/calabash( 8406): newActivity1
V/WindowManager(  815): Adding window Window{3e1885bb u0 com.careerbuilder.SugarDrone/md5a4824aa66c0dc4d104077b72c1916a44.TermsAndConditionsActivity} at 3 of 8 (after Window{2fa59cb7 u0 com.careerbuilder.SugarDrone/md537fd6201b6818e2e180d2f7606e21a83.AppMainActivity})
I/ActivityManager(  815): Displayed com.careerbuilder.SugarDrone/md5a4824aa66c0dc4d104077b72c1916a44.TermsAndConditionsActivity: +315ms
I/System.out( 8406): URI: /map
I/System.out( 8406): params: {json={"query":"* id:'agreeAndContinueButton'","operation":{"method_name":"query","arguments":[]}}
I/System.out( 8406): }
W/ResourceType( 8406): No known package when getting name for resource number 0xffffffff
W/ResourceType( 8406): No known package when getting name for resource number 0xffffffff
W/ResourceType( 8406): No known package when getting name for resource number 0xffffffff
W/ResourceType( 8406): No known package when getting name for resource number 0xffffffff
W/ResourceType( 8406): No known package when getting name for resource number 0xffffffff
W/ResourceType( 8406): No known package when getting name for resource number 0xffffffff
W/ResourceType( 8406): No known package when getting name for resource number 0xffffffff
W/ResourceType( 8406): No known package when getting name for resource number 0xffffffff
W/ResourceType( 8406): No known package when getting name for resource number 0xffffffff
W/ResourceType( 8406): No known package when getting name for resource number 0xffffffff
I/System.out( 8406): URI: /map
I/System.out( 8406): params: {json={"query":"* id:'agreeAndContinueButton'","operation":{"method_name":"query","arguments":[]}}
I/System.out( 8406): }
W/ResourceType( 8406): No known package when getting name for resource number 0xffffffff
W/ResourceType( 8406): No known package when getting name for resource number 0xffffffff
W/ResourceType( 8406): No known package when getting name for resource number 0xffffffff
W/ResourceType( 8406): No known package when getting name for resource number 0xffffffff
W/ResourceType( 8406): No known package when getting name for resource number 0xffffffff
W/ResourceType( 8406): No known package when getting name for resource number 0xffffffff
W/ResourceType( 8406): No known package when getting name for resource number 0xffffffff
I/System.out( 8406): URI: /map
I/System.out( 8406): params: {json={"query":"* id:'agreeAndContinueButton'","operation":{"method_name":"query","arguments":[]}}
I/System.out( 8406): }
W/ResourceType( 8406): No known package when getting name for resource number 0xffffffff
W/ResourceType( 8406): No known package when getting name for resource number 0xffffffff
W/ResourceType( 8406): No known package when getting name for resource number 0xffffffff
W/ResourceType( 8406): No known package when getting name for resource number 0xffffffff
W/ResourceType( 8406): No known package when getting name for resource number 0xffffffff
W/ResourceType( 8406): No known package when getting name for resource number 0xffffffff
W/ResourceType( 8406): No known package when getting name for resource number 0xffffffff
I/ThermalEngine(  368): ACTION: CPU - Setting CPU[0] to 2457600
I/ThermalEngine(  368): ACTION: CPU - Setting CPU[1] to 2457600
I/ThermalEngine(  368): ACTION: CPU - Setting CPU[2] to 2457600
I/ThermalEngine(  368): ACTION: CPU - Setting CPU[3] to 2457600
I/System.out( 8406): URI: /map
I/System.out( 8406): params: {json={"query":"* id:'agreeAndContinueButton'","operation":{"method_name":"query","arguments":[]}}
I/System.out( 8406): }
W/ResourceType( 8406): No known package when getting name for resource number 0xffffffff
W/ResourceType( 8406): No known package when getting name for resource number 0xffffffff
W/ResourceType( 8406): No known package when getting name for resource number 0xffffffff
W/ResourceType( 8406): No known package when getting name for resource number 0xffffffff
W/ResourceType( 8406): No known package when getting name for resource number 0xffffffff
W/ResourceType( 8406): No known package when getting name for resource number 0xffffffff
W/ResourceType( 8406): No known package when getting name for resource number 0xffffffff
I/art     ( 8406): Explicit concurrent mark sweep GC freed 61352(2MB) AllocSpace objects, 6(96KB) LOS objects, 37% free, 26MB/42MB, paused 1.242ms total 28.968ms
I/art     ( 8406): Explicit concurrent mark sweep GC freed 236(11KB) AllocSpace objects, 0(0B) LOS objects, 37% free, 26MB/42MB, paused 1.083ms total 18.768ms
I/art     ( 8406): Explicit concurrent mark sweep GC freed 17(1056B) AllocSpace objects, 0(0B) LOS objects, 37% free, 26MB/42MB, paused 1.054ms total 19.077ms
I/art     ( 8406): Explicit concurrent mark sweep GC freed 3(96B) AllocSpace objects, 0(0B) LOS objects, 37% free, 26MB/42MB, paused 1.129ms total 17.385ms
I/System.out( 8406): URI: /map
I/System.out( 8406): params: {json={"query":"* id:'agreeAndContinueButton'","operation":{"method_name":"query","arguments":[]}}
I/System.out( 8406): }
I/art     ( 8406): Explicit concurrent mark sweep GC freed 7878(293KB) AllocSpace objects, 1(16KB) LOS objects, 37% free, 26MB/42MB, paused 1.276ms total 23.045ms
W/ResourceType( 8406): No known package when getting name for resource number 0xffffffff
W/ResourceType( 8406): No known package when getting name for resource number 0xffffffff
W/ResourceType( 8406): No known package when getting name for resource number 0xffffffff
W/ResourceType( 8406): No known package when getting name for resource number 0xffffffff
W/ResourceType( 8406): No known package when getting name for resource number 0xffffffff
W/ResourceType( 8406): No known package when getting name for resource number 0xffffffff
W/ResourceType( 8406): No known package when getting name for resource number 0xffffffff
I/System.out( 8406): URI: /map
I/System.out( 8406): params: {json={"query":"* id:'agreeAndContinueButton'","operation":{"method_name":"query","arguments":[]}}
I/System.out( 8406): }
W/ResourceType( 8406): No known package when getting name for resource number 0xffffffff
W/ResourceType( 8406): No known package when getting name for resource number 0xffffffff
W/ResourceType( 8406): No known package when getting name for resource number 0xffffffff
W/ResourceType( 8406): No known package when getting name for resource number 0xffffffff
W/ResourceType( 8406): No known package when getting name for resource number 0xffffffff
W/ResourceType( 8406): No known package when getting name for resource number 0xffffffff
W/ResourceType( 8406): No known package when getting name for resource number 0xffffffff
I/System.out( 8406): URI: /map
I/System.out( 8406): params: {json={"query":"* id:'agreeAndContinueButton'","operation":{"method_name":"query","arguments":[]}}
I/System.out( 8406): }
W/ResourceType( 8406): No known package when getting name for resource number 0xffffffff
W/ResourceType( 8406): No known package when getting name for resource number 0xffffffff
W/ResourceType( 8406): No known package when getting name for resource number 0xffffffff
W/ResourceType( 8406): No known package when getting name for resource number 0xffffffff
W/ResourceType( 8406): No known package when getting name for resource number 0xffffffff
W/ResourceType( 8406): No known package when getting name for resource number 0xffffffff
W/ResourceType( 8406): No known package when getting name for resource number 0xffffffff
D/Mono    ( 8406): DllImport searching in: '__Internal' ('(null)').
D/Mono    ( 8406): Searching for 'java_interop_jnienv_call_nonvirtual_int_method_a'.
D/Mono    ( 8406): Probing 'java_interop_jnienv_call_nonvirtual_int_method_a'.
D/Mono    ( 8406): Found as 'java_interop_jnienv_call_nonvirtual_int_method_a'.
D/Mono    ( 8406): DllImport searching in: '__Internal' ('(null)').
D/Mono    ( 8406): Searching for 'java_interop_jnienv_get_float_field'.
D/Mono    ( 8406): Probing 'java_interop_jnienv_get_float_field'.
D/Mono    ( 8406): Found as 'java_interop_jnienv_get_float_field'.
D/Mono    ( 8406): DllImport searching in: '__Internal' ('(null)').
D/Mono    ( 8406): Searching for 'java_interop_jnienv_new_object_array'.
D/Mono    ( 8406): Probing 'java_interop_jnienv_new_object_array'.
D/Mono    ( 8406): Found as 'java_interop_jnienv_new_object_array'.
D/Mono    ( 8406): Assembly Ref addref System.Net.Http[0x9bc99400] -> System.Core[0xb4b74ac0]: 13
D/Mono    ( 8406): DllImport searching in: '__Internal' ('(null)').
D/Mono    ( 8406): Searching for 'java_interop_jnienv_set_object_array_element'.
D/Mono    ( 8406): Probing 'java_interop_jnienv_set_object_array_element'.
D/Mono    ( 8406): Found as 'java_interop_jnienv_set_object_array_element'.
D/Mono    ( 8406): Assembly Ref addref Mono.Android[0xb4b744c0] -> System[0xb4b74760]: 12
I/System.out( 8406): URI: /
I/System.out( 8406): params: {json={"command":"touch_coordinate","arguments":[720.0,2273.0]}
I/System.out( 8406): }
I/System.out( 8406): header: {content-length=57, host=devicehost46.prod, x-session-token=token-token-c15412f3-11c9-4ae5-b2bb-285efd97fbb4, x-forwarded-for=10.222.150.14, content-type=application/json; charset=utf-8, connection=close}
I/System.out( 8406): params: {json={"command":"touch_coordinate","arguments":[720.0,2273.0]}
I/System.out( 8406): }
I/System.out( 8406): ProP json = {"command":"touch_coordinate","arguments":[720.0,2273.0]}
I/System.out( 8406): files: {}
I/System.out( 8406): command: {"command":"touch_coordinate","arguments":[720.0,2273.0]}
I/InstrumentationBackend( 8406): Got command:'Command:'Line:null,touch_coordinate', arguments:'[720.0, 2273.0]'
D/audio_hw_primary(  360): out_set_parameters: enter: usecase(1: low-latency-playback) kvpairs: routing=2
I/calabash( 8406): execStartActivity 4
I/ActivityManager(  815): START u0 {cmp=com.careerbuilder.SugarDrone/md537fd6201b6818e2e180d2f7606e21a83.ValuePropActivity} from uid 13310 on display 0
V/WindowManager(  815): addAppToken: AppWindowToken{1233f133 token=Token{113aa0a2 ActivityRecord{b1fbc6d u0 com.careerbuilder.SugarDrone/md537fd6201b6818e2e180d2f7606e21a83.ValuePropActivity t28}}} to stack=1 task=28 at 1
I/calabash( 8406): newActivity1
D/Mono    ( 8406): Assembly Ref addref CareerBuilder_Search.Droid[0xb4b11580] -> System.Core[0xb4b74ac0]: 14
D/Mono    ( 8406): DllImport searching in: '__Internal' ('(null)').
D/Mono    ( 8406): Searching for 'java_interop_jnienv_call_nonvirtual_object_method'.
D/Mono    ( 8406): Probing 'java_interop_jnienv_call_nonvirtual_object_method'.
D/Mono    ( 8406): Found as 'java_interop_jnienv_call_nonvirtual_object_method'.
I/System.out( 8406): result:{"bonusInformation":[],"message":"","success":true}
V/WindowManager(  815): Adding window Window{1288b269 u0 com.careerbuilder.SugarDrone/md537fd6201b6818e2e180d2f7606e21a83.ValuePropActivity} at 3 of 8 (after Window{3e1885bb u0 com.careerbuilder.SugarDrone/md5a4824aa66c0dc4d104077b72c1916a44.TermsAndConditionsActivity})
D/Mono    ( 8406): Assembly Ref addref CareerBuilder_Search.Droid[0xb4b11580] -> Newtonsoft.Json[0xb4b740a0]: 4
D/Mono    ( 8406): Unloading image System.dll [0x975f2000].
D/Mono    ( 8406): Image addref System[0x97692760] -> System.dll[0xb4b7b200]: 5
D/Mono    ( 8406): Config attempting to parse: 'System.dll.config'.
D/Mono    ( 8406): Config attempting to parse: '/Users/builder/data/lanes/4009/3a62f1ea/source/monodroid/builds/install/mono-armv6/etc/mono/assemblies/System/System.config'.
D/Mono    ( 8406): Unloading image System.dll [0x975f2000].
D/Mono    ( 8406): Image addref System[0x976925e0] -> System.dll[0xb4b7b200]: 6
D/Mono    ( 8406): Config attempting to parse: 'System.dll.config'.
D/Mono    ( 8406): Config attempting to parse: '/Users/builder/data/lanes/4009/3a62f1ea/source/monodroid/builds/install/mono-armv6/etc/mono/assemblies/System/System.config'.
D/Mono    ( 8406): Unloading image System.dll [0x975f2000].
D/Mono    ( 8406): Image addref System[0x976925e0] -> System.dll[0xb4b7b200]: 7
D/Mono    ( 8406): Config attempting to parse: 'System.dll.config'.
D/Mono    ( 8406): Config attempting to parse: '/Users/builder/data/lanes/4009/3a62f1ea/source/monodroid/builds/install/mono-armv6/etc/mono/assemblies/System/System.config'.
I/System.out( 8406): URI: /backdoor
I/System.out( 8406): params: {json={"method_name":"APISetup","arguments":[200]}
I/System.out( 8406): }
D/Mono    ( 8406): Unloading image System.dll [0x975f2000].
D/Mono    ( 8406): Image addref System[0x976925e0] -> System.dll[0xb4b7b200]: 8
D/Mono    ( 8406): Config attempting to parse: 'System.dll.config'.
D/Mono    ( 8406): Config attempting to parse: '/Users/builder/data/lanes/4009/3a62f1ea/source/monodroid/builds/install/mono-armv6/etc/mono/assemblies/System/System.config'.
D/Mono    ( 8406): DllImport searching in: '__Internal' ('(null)').
D/Mono    ( 8406): Searching for 'java_interop_jnienv_is_assignable_from'.
D/Mono    ( 8406): Probing 'java_interop_jnienv_is_assignable_from'.
D/Mono    ( 8406): Found as 'java_interop_jnienv_is_assignable_from'.
D/Mono    ( 8406): DllImport searching in: '__Internal' ('(null)').
D/Mono    ( 8406): Searching for 'java_interop_jnienv_get_byte_array_region'.
D/Mono    ( 8406): Probing 'java_interop_jnienv_get_byte_array_region'.
D/Mono    ( 8406): Found as 'java_interop_jnienv_get_byte_array_region'.
D/Mono    ( 8406): DllImport searching in: '__Internal' ('(null)').
D/Mono    ( 8406): Searching for 'java_interop_jnienv_set_byte_array_region'.
D/Mono    ( 8406): Probing 'java_interop_jnienv_set_byte_array_region'.
D/Mono    ( 8406): Found as 'java_interop_jnienv_set_byte_array_region'.
D/Mono    ( 8406): [0x9cb67800] hill climbing, change max number of threads 5
D/Mono    ( 8406): [0x976cce80] worker starting
W/Mono    ( 8406): The request to load the assembly System.Core v4.0.0.0 was remapped to v2.0.5.0
D/Mono    ( 8406): Unloading image System.Core.dll [0x96994f00].
D/Mono    ( 8406): Image addref System.Core[0xaefed340] -> System.Core.dll[0xb4b7c600]: 5
D/Mono    ( 8406): Config attempting to parse: 'System.Core.dll.config'.
D/Mono    ( 8406): Config attempting to parse: '/Users/builder/data/lanes/4009/3a62f1ea/source/monodroid/builds/install/mono-armv6/etc/mono/assemblies/System.Core/System.Core.config'.
W/Mono    ( 8406): The request to load the assembly System.Core v4.0.0.0 was remapped to v2.0.5.0
D/Mono    ( 8406): Unloading image System.Core.dll [0x96994f00].
D/Mono    ( 8406): Image addref System.Core[0xaefed8e0] -> System.Core.dll[0xb4b7c600]: 6
D/Mono    ( 8406): Config attempting to parse: 'System.Core.dll.config'.
D/Mono    ( 8406): Config attempting to parse: '/Users/builder/data/lanes/4009/3a62f1ea/source/monodroid/builds/install/mono-armv6/etc/mono/assemblies/System.Core/System.Core.config'.
W/FragmentManager( 8406): moveToState: Fragment state for ValuePropFragment{11381651 #0 id=0x7f0a0148 android:switcher:2131362120:1} not updated inline; expected state 3 found 2
D/audio_hw_primary(  360): select_devices: out_snd_device(2: speaker) in_snd_device(0: none)
D/msm8974_platform(  360): platform_send_audio_calibration: sending audio calibration for snd_device(2) acdb_id(15)
E/ACDB-LOADER(  360): Error: ACDB AFE returned = -19
D/audio_hw_primary(  360): enable_snd_device: snd_device(2: speaker)
D/audio_hw_primary(  360): enable_audio_route: apply and update mixer path: low-latency-playback speaker
I/ThermalEngine(  368): ACTION: GPU - Setting GPU[0] to 500000000
I/ThermalEngine(  368): Mitigation:GPU[0]:500000000 Hz
I/ThermalEngine(  368): ACTION: CPU - Setting CPU[0] to 2265600
I/ThermalEngine(  368): ACTION: CPU - Setting CPU[1] to 2265600
I/ThermalEngine(  368): ACTION: CPU - Setting CPU[2] to 2265600
I/ThermalEngine(  368): ACTION: CPU - Setting CPU[3] to 2265600
I/Choreographer( 8406): Skipped 34 frames!  The application may be doing too much work on its main thread.
I/ActivityManager(  815): Displayed com.careerbuilder.SugarDrone/md537fd6201b6818e2e180d2f7606e21a83.ValuePropActivity: +807ms
W/SurfaceFlinger(  261): couldn't log to binary event log: overflow.
D/Mono    ( 8406): DllImport searching in: '__Internal' ('(null)').
D/Mono    ( 8406): Searching for 'java_interop_jnienv_new_byte_array'.
D/Mono    ( 8406): Probing 'java_interop_jnienv_new_byte_array'.
D/Mono    ( 8406): Found as 'java_interop_jnienv_new_byte_array'.
I/System.out( 8406): URI: /backdoor
I/System.out( 8406): params: {json={"method_name":"MyCBBackdoor","arguments":[]}
I/System.out( 8406): }
D/Mono    ( 8406): Assembly Ref addref CareerBuilder_Search.Droid[0xb4b11580] -> Xamarin.Android.Support.Design[0xb4b11fa0]: 2
I/calabash( 8406): execStartActivity 4
I/ActivityManager(  815): START u0 {cmp=com.careerbuilder.SugarDrone/md5a4824aa66c0dc4d104077b72c1916a44.MasterNavActivity} from uid 13310 on display 0
V/WindowManager(  815): addAppToken: AppWindowToken{2fcb45a1 token=Token{2fedea08 ActivityRecord{1af253ab u0 com.careerbuilder.SugarDrone/md5a4824aa66c0dc4d104077b72c1916a44.MasterNavActivity t28}}} to stack=1 task=28 at 1
I/calabash( 8406): newActivity1
W/art     ( 8406): Before Android 4.1, method android.graphics.PorterDuffColorFilter android.support.graphics.drawable.VectorDrawableCompat.updateTintFilter(android.graphics.PorterDuffColorFilter, android.content.res.ColorStateList, android.graphics.PorterDuff$Mode) would have incorrectly overridden the package-private method in android.graphics.drawable.Drawable
D/Mono    ( 8406): DllImport searching in: '__Internal' ('(null)').
D/Mono    ( 8406): Searching for 'java_interop_jnienv_call_int_method'.
D/Mono    ( 8406): Probing 'java_interop_jnienv_call_int_method'.
D/Mono    ( 8406): Found as 'java_interop_jnienv_call_int_method'.
I/System.out( 8406): URI: /map
I/System.out( 8406): params: {json={"query":"* marked:'Skip'","operation":{"method_name":"query","arguments":[]}}
I/System.out( 8406): }
D/Mono    ( 8406): Assembly Ref addref Xamarin.Android.Support.Design[0xb4b11fa0] -> Xamarin.Android.Support.v4[0xb4b11dc0]: 4
D/Mono    ( 8406): Assembly Ref addref CareerBuilder_Search.Droid[0xb4b11580] -> Xamarin.Android.Support.v7.RecyclerView[0xb4b11e20]: 2
D/Mono    ( 8406): Assembly Ref addref Xamarin.Android.Support.v7.RecyclerView[0xb4b11e20] -> Xamarin.Android.Support.v4[0xb4b11dc0]: 5
D/Mono    ( 8406): Assembly Ref addref CareerBuilder_Search.Droid[0xb4b11580] -> FloatingActionButton-Xamarin[0xb4b11d60]: 2
V/WindowManager(  815): Adding window Window{8007f87 u0 com.careerbuilder.SugarDrone/md5a4824aa66c0dc4d104077b72c1916a44.MasterNavActivity} at 3 of 8 (after Window{1288b269 u0 com.careerbuilder.SugarDrone/md537fd6201b6818e2e180d2f7606e21a83.ValuePropActivity})
D/Mono    ( 8406): Unloading image System.IO.dll [0x975f8400].
D/Mono    ( 8406): Image addref System.IO[0x97ddc760] -> System.IO.dll[0x9b6bdd00]: 6
D/Mono    ( 8406): Config attempting to parse: 'System.IO.dll.config'.
D/Mono    ( 8406): Config attempting to parse: '/Users/builder/data/lanes/4009/3a62f1ea/source/monodroid/builds/install/mono-armv6/etc/mono/assemblies/System.IO/System.IO.config'.
D/Mono    ( 8406): Assembly Ref addref CareerBuilder_Search[0xb4b74460] -> System.IO[0x97f91280]: 4
W/FragmentManager( 8406): moveToState: Fragment state for SavedJobsFragment{29829517 #0 id=0x7f0a0148 android:switcher:2131362120:1} not updated inline; expected state 3 found 2
D/Mono    ( 8406): Assembly Ref addref CareerBuilder_Search.Droid[0xb4b11580] -> System[0xb4b74760]: 13
W/FragmentManager( 8406): moveToState: Fragment state for ResumeManagementFragment{320f7522 #1 id=0x7f0a0148 android:switcher:2131362120:2} not updated inline; expected state 3 found 2
D/Mono    ( 8406): Unloading image System.Linq.dll [0x96995900].
D/Mono    ( 8406): Image addref System.Linq[0xaefedc40] -> System.Linq.dll[0xb4b7df00]: 9
D/Mono    ( 8406): Config attempting to parse: 'System.Linq.dll.config'.
D/Mono    ( 8406): Config attempting to parse: '/Users/builder/data/lanes/4009/3a62f1ea/source/monodroid/builds/install/mono-armv6/etc/mono/assemblies/System.Linq/System.Linq.config'.
D/Mono    ( 8406): Assembly Ref addref CareerBuilder_Search[0xb4b74460] -> System.Linq[0xb4b74940]: 7
D/Mono    ( 8406): DllImport attempting to load: '/system/lib/liblog.so'.
D/Mono    ( 8406): DllImport loaded library '/system/lib/liblog.so'.
D/Mono    ( 8406): DllImport searching in: '/system/lib/liblog.so' ('/system/lib/liblog.so').
D/Mono    ( 8406): Searching for '__android_log_print'.
D/Mono    ( 8406): Probing '__android_log_print'.
D/Mono    ( 8406): Found as '__android_log_print'.
I/mono-stdout( 8406): uri is: https://api.careerbuilder.com/consumer/resumes?OAuthToken=&HostSite=US&DeveloperKey=WDHR8FC6P2JZ1Y61KLM5
D/Mono    ( 8406): DllImport searching in: '__Internal' ('(null)').
D/Mono    ( 8406): Searching for 'java_interop_jnienv_call_nonvirtual_void_method'.
D/Mono    ( 8406): Probing 'java_interop_jnienv_call_nonvirtual_void_method'.
D/Mono    ( 8406): Found as 'java_interop_jnienv_call_nonvirtual_void_method'.
I/mono-stdout( 8406): uri is: https://api.careerbuilder.com/consumer/saved-jobs/?DeveloperKey=WDHR8FC6P2JZ1Y61KLM5
D/Mono    ( 8406): Unloading image System.Collections.dll [0x96997200].
D/Mono    ( 8406): Image addref System.Collections[0xaefedca0] -> System.Collections.dll[0xb4b7bc00]: 10
D/Mono    ( 8406): Config attempting to parse: 'System.Collections.dll.config'.
D/Mono    ( 8406): Config attempting to parse: '/Users/builder/data/lanes/4009/3a62f1ea/source/monodroid/builds/install/mono-armv6/etc/mono/assemblies/System.Collections/System.Collections.config'.
D/Mono    ( 8406): Assembly Ref addref System.Reactive.Linq[0xb4b74220] -> System.Collections[0xb4b74820]: 8
I/mono-stdout( 8406): uri is: https://api.careerbuilder.com/consumer/jobs/search/?Keywords=&Location=&UseFacets=true&PageNumber=1&ExcludeNational=true&DeveloperKey=WDHR8FC6P2JZ1Y61KLM5
I/mono-stdout( 8406): uri is: https://api.careerbuilder.com/consumer/resumes?OAuthToken=&HostSite=US&DeveloperKey=WDHR8FC6P2JZ1Y61KLM5
D/Mono    ( 8406): Image addref System.Net.Primitives[0x9758a340] -> System.Net.Primitives.dll[0x975fbb00]: 2
D/Mono    ( 8406): Prepared to set up assembly 'System.Net.Primitives' (System.Net.Primitives.dll)
D/Mono    ( 8406): Unloading image System.Net.Primitives.dll [0x96996d00].
D/Mono    ( 8406): Assembly System.Net.Primitives[0x9758a340] added to domain RootDomain, ref_count=1
D/Mono    ( 8406): Image addref System.Net.Primitives[0xaec90820] -> System.Net.Primitives.dll[0x975fbb00]: 4
D/Mono    ( 8406): Config attempting to parse: 'System.Net.Primitives.dll.config'.
D/Mono    ( 8406): Config attempting to parse: '/Users/builder/data/lanes/4009/3a62f1ea/source/monodroid/builds/install/mono-armv6/etc/mono/assemblies/System.Net.Primitives/System.Net.Primitives.config'.
D/Mono    ( 8406): Assembly Ref addref CareerBuilder_Search[0xb4b74460] -> System.Net.Primitives[0x9758a340]: 2
D/Mono    ( 8406): Assembly Ref addref System.Net.Primitives[0x9758a340] -> System[0xb4b74760]: 14
D/Mono    ( 8406): AOT module 'System.Net.Primitives.dll.so' not found: dlopen failed: library "/data/app/com.careerbuilder.SugarDrone-1/lib/arm/libaot-System.Net.Primitives.dll.so" not found
D/Mono    ( 8406): AOT module '/Users/builder/data/lanes/4009/3a62f1ea/source/monodroid/builds/install/mono-armv6/lib/mono/aot-cache/arm/System.Net.Primitives.dll.so' not found: dlopen failed: library "/data/app/com.careerbuilder.SugarDrone-1/lib/arm/libaot-System.Net.Primitives.dll.so" not found
D/Mono    ( 8406): Config attempting to parse: 'System.Net.Primitives.dll.config'.
D/Mono    ( 8406): Config attempting to parse: '/Users/builder/data/lanes/4009/3a62f1ea/source/monodroid/builds/install/mono-armv6/etc/mono/assemblies/System.Net.Primitives/System.Net.Primitives.config'.
D/Mono    ( 8406): Unloading image System.Net.Primitives.dll [0x9699b300].
D/Mono    ( 8406): Image addref System.Net.Primitives[0xaefedbe0] -> System.Net.Primitives.dll[0x975fbb00]: 6
D/Mono    ( 8406): Unloading image System.Text.Encoding.dll [0x975fb100].
D/Mono    ( 8406): Config attempting to parse: 'System.Net.Primitives.dll.config'.
D/Mono    ( 8406): Config attempting to parse: '/Users/builder/data/lanes/4009/3a62f1ea/source/monodroid/builds/install/mono-armv6/etc/mono/assemblies/System.Net.Primitives/System.Net.Primitives.config'.
D/Mono    ( 8406): Unloading image System.Text.Encoding.dll [0x975fb600].
D/Mono    ( 8406): Image addref System.Text.Encoding[0x9758a460] -> System.Text.Encoding.dll[0xb4b83e00]: 6
D/Mono    ( 8406): Config attempting to parse: 'System.Text.Encoding.dll.config'.
D/Mono    ( 8406): Config attempting to parse: '/Users/builder/data/lanes/4009/3a62f1ea/source/monodroid/builds/install/mono-armv6/etc/mono/assemblies/System.Text.Encoding/System.Text.Encoding.config'.
D/Mono    ( 8406): Assembly Ref addref CareerBuilder_Search[0xb4b74460] -> System.Text.Encoding[0x9b596340]: 3
D/Mono    ( 8406): Image addref System.Text.Encoding[0x9758a3a0] -> System.Text.Encoding.dll[0xb4b83e00]: 6
D/Mono    ( 8406): Config attempting to parse: 'System.Text.Encoding.dll.config'.
D/Mono    ( 8406): Config attempting to parse: '/Users/builder/data/lanes/4009/3a62f1ea/source/monodroid/builds/install/mono-armv6/etc/mono/assemblies/System.Text.Encoding/System.Text.Encoding.config'.
I/mono-stdout( 8406): making api call to: /consumer/saved-jobs/?DeveloperKey=WDHR8FC6P2JZ1Y61KLM5
I/mono-stdout( 8406): making api call to: /consumer/resumes?OAuthToken=&HostSite=US&DeveloperKey=WDHR8FC6P2JZ1Y61KLM5
I/mono-stdout( 8406): making api call to: /consumer/resumes?OAuthToken=&HostSite=US&DeveloperKey=WDHR8FC6P2JZ1Y61KLM5
I/mono-stdout( 8406): making api call to: /consumer/jobs/search/?Keywords=&Location=&UseFacets=true&PageNumber=1&ExcludeNational=true&DeveloperKey=WDHR8FC6P2JZ1Y61KLM5
I/mono-stdout( 8406): Method: GET, RequestUri: 'https://api.careerbuilder.com/consumer/saved-jobs/?DeveloperKey=WDHR8FC6P2JZ1Y61KLM5', Version: 1.1, Content: <null>, Headers:

I/mono-stdout( 8406): {

I/mono-stdout( 8406): DeveloperKey: WDHR8FC6P2JZ1Y61KLM5

I/mono-stdout( 8406): Accept: application/json

I/mono-stdout( 8406): Authorization: Bearer test

I/mono-stdout( 8406): HostSite: US

I/mono-stdout( 8406): }
I/mono-stdout( 8406): Current State = 1,2,6,7
I/mono-stdout( 8406): applied jobs = 6
I/mono-stdout( 8406): expired jobs = 7
I/mono-stdout( 8406): saved jobs = Saved,Saved,Applied,Saved
I/mono-stdout( 8406): done making call to: /consumer/resumes?OAuthToken=&HostSite=US&DeveloperKey=WDHR8FC6P2JZ1Y61KLM5
I/mono-stdout( 8406): done making call to: /consumer/resumes?OAuthToken=&HostSite=US&DeveloperKey=WDHR8FC6P2JZ1Y61KLM5
I/mono-stdout( 8406): The resume  with hash has been set as latest
I/mono-stdout( 8406): The resume  with hash has been set as latest
I/art     ( 8406): Explicit concurrent mark sweep GC freed 2508(145KB) AllocSpace objects, 0(0B) LOS objects, 27% free, 42MB/58MB, paused 1.472ms total 24.065ms
D/Mono    ( 8406): GC_TAR_BRIDGE bridges 172 objects 370 opaque 122 colors 172 colors-bridged 172 colors-visible 172 xref 5 cache-hit 0 cache-semihit 0 cache-miss 0 setup 0.06ms tarjan 0.40ms scc-setup 0.14ms gather-xref 0.01ms xref-setup 0.02ms cleanup 0.07ms
D/Mono    ( 8406): GC_BRIDGE: Complete, was running for 28.17ms
D/Mono    ( 8406): GC_MINOR: (Nursery full) time 14.62ms, stw 14.93ms promoted 885K major size: 1872K in use: 1164K los size: 1024K in use: 370K
I/mono-stdout( 8406): done making call to: /consumer/saved-jobs/?DeveloperKey=WDHR8FC6P2JZ1Y61KLM5
I/mono-stdout( 8406): done making call to: /consumer/jobs/search/?Keywords=&Location=&UseFacets=true&PageNumber=1&ExcludeNational=true&DeveloperKey=WDHR8FC6P2JZ1Y61KLM5
I/mono-stdout( 8406): uri is: https://api.careerbuilder.com/consumer/saved-jobs/?DeveloperKey=WDHR8FC6P2JZ1Y61KLM5
I/mono-stdout( 8406): making api call to: /consumer/saved-jobs/?DeveloperKey=WDHR8FC6P2JZ1Y61KLM5
I/mono-stdout( 8406): Method: GET, RequestUri: 'https://api.careerbuilder.com/consumer/saved-jobs/?DeveloperKey=WDHR8FC6P2JZ1Y61KLM5', Version: 1.1, Content: <null>, Headers:

I/mono-stdout( 8406): {

I/mono-stdout( 8406): DeveloperKey: WDHR8FC6P2JZ1Y61KLM5

E/RecyclerView( 8406): No adapter attached; skipping layout
I/mono-stdout( 8406): Accept: application/json

I/mono-stdout( 8406): Authorization: Bearer test

I/mono-stdout( 8406): HostSite: US

I/mono-stdout( 8406): }
I/mono-stdout( 8406): Current State = 1,2,6,7
I/mono-stdout( 8406): applied jobs = 6
I/mono-stdout( 8406): expired jobs = 7
I/mono-stdout( 8406): saved jobs = Saved,Saved,Applied,Saved
W/art     ( 8406): JNI RegisterNativeMethods: attempt to register 0 native methods for md539c3d548fb000cea9f34163fa7e112ea.ProgressListItemViewHolder
I/art     ( 8406): Explicit concurrent mark sweep GC freed 2423(129KB) AllocSpace objects, 0(0B) LOS objects, 27% free, 42MB/58MB, paused 2.893ms total 40.314ms
W/ResourceType( 8406): No known package when getting name for resource number 0xffffffff
W/ResourceType( 8406): No known package when getting name for resource number 0xffffffff
W/ResourceType( 8406): No known package when getting name for resource number 0xffffffff
W/ResourceType( 8406): No known package when getting name for resource number 0xffffffff
I/art     ( 8406): Explicit concurrent mark sweep GC freed 1102(87KB) AllocSpace objects, 0(0B) LOS objects, 27% free, 42MB/58MB, paused 1.401ms total 26.866ms
W/ResourceType( 8406): No known package when getting name for resource number 0xffffffff
W/ResourceType( 8406): No known package when getting name for resource number 0xffffffff
W/ResourceType( 8406): No known package when getting name for resource number 0xffffffff
W/ResourceType( 8406): No known package when getting name for resource number 0xffffffff
W/ResourceType( 8406): No known package when getting name for resource number 0xffffffff
W/ResourceType( 8406): No known package when getting name for resource number 0xffffffff
I/art     ( 8406): Explicit concurrent mark sweep GC freed 1102(47KB) AllocSpace objects, 0(0B) LOS objects, 27% free, 42MB/58MB, paused 1.735ms total 28.477ms
D/Mono    ( 8406): Assembly Ref addref Xamarin.Android.Support.v7.AppCompat[0xb4b11f40] -> System.Core[0xb4b74ac0]: 15
I/Choreographer( 8406): Skipped 100 frames!  The application may be doing too much work on its main thread.
E/RecyclerView( 8406): No adapter attached; skipping layout
I/art     ( 8406): Explicit concurrent mark sweep GC freed 26673(1096KB) AllocSpace objects, 1(16KB) LOS objects, 27% free, 43MB/59MB, paused 1.018ms total 43.654ms
I/ThermalEngine(  368): ACTION: GPU - Setting GPU[0] to 389000000
I/ThermalEngine(  368): Mitigation:GPU[0]:389000000 Hz
I/ThermalEngine(  368): ACTION: CPU - Setting CPU[0] to 1958400
I/ThermalEngine(  368): ACTION: CPU - Setting CPU[1] to 1958400
I/ThermalEngine(  368): ACTION: CPU - Setting CPU[2] to 1958400
I/ThermalEngine(  368): ACTION: CPU - Setting CPU[3] to 1958400
I/art     ( 8406): Explicit concurrent mark sweep GC freed 442(56KB) AllocSpace objects, 1(16KB) LOS objects, 27% free, 43MB/59MB, paused 1.126ms total 32.919ms
D/Mono    ( 8406): DllImport searching in: '__Internal' ('(null)').
D/Mono    ( 8406): Searching for 'java_interop_jnienv_call_void_method'.
D/Mono    ( 8406): Probing 'java_interop_jnienv_call_void_method'.
D/Mono    ( 8406): Found as 'java_interop_jnienv_call_void_method'.
I/ActivityManager(  815): Displayed com.careerbuilder.SugarDrone/md5a4824aa66c0dc4d104077b72c1916a44.MasterNavActivity: +2s249ms
E/RecyclerView( 8406): No adapter attached; skipping layout
D/audio_hw_primary(  360): disable_audio_route: reset and update mixer path: low-latency-playback speaker
D/audio_hw_primary(  360): disable_snd_device: snd_device(2: speaker)
I/mono-stdout( 8406): done making call to: /consumer/saved-jobs/?DeveloperKey=WDHR8FC6P2JZ1Y61KLM5
E/RecyclerView( 8406): No adapter attached; skipping layout
E/RecyclerView( 8406): No adapter attached; skipping layout
W/art     ( 8406): JNI RegisterNativeMethods: attempt to register 0 native methods for md539c3d548fb000cea9f34163fa7e112ea.JobResultViewHolder
W/art     ( 8406): JNI RegisterNativeMethods: attempt to register 0 native methods for md543b91ad655f5c020e54c78f692da973f.SnapshotView
D/Mono    ( 8406): DllImport searching in: '__Internal' ('(null)').
D/Mono    ( 8406): Searching for 'java_interop_jnienv_set_int_field'.
D/Mono    ( 8406): Probing 'java_interop_jnienv_set_int_field'.
D/Mono    ( 8406): Found as 'java_interop_jnienv_set_int_field'.
I/System.out( 8406): URI: /map
I/System.out( 8406): params: {json={"query":"* marked:'Job 1'","operation":{"method_name":"query","arguments":[]}}
I/System.out( 8406): }
W/ResourceType( 8406): No known package when getting name for resource number 0xffffffff
W/ResourceType( 8406): No known package when getting name for resource number 0xffffffff
W/ResourceType( 8406): No known package when getting name for resource number 0xffffffff
W/ResourceType( 8406): No known package when getting name for resource number 0xffffffff
W/ResourceType( 8406): No known package when getting name for resource number 0xffffffff
W/ResourceType( 8406): No known package when getting name for resource number 0xffffffff
W/ResourceType( 8406): No known package when getting name for resource number 0xffffffff
W/ResourceType( 8406): No known package when getting name for resource number 0xffffffff
W/ResourceType( 8406): No known package when getting name for resource number 0xffffffff
W/ResourceType( 8406): No known package when getting name for resource number 0xffffffff
W/ResourceType( 8406): No known package when getting name for resource number 0xffffffff
W/ResourceType( 8406): No known package when getting name for resource number 0xffffffff
W/ResourceType( 8406): No known package when getting name for resource number 0xffffffff
W/ResourceType( 8406): No known package when getting name for resource number 0xffffffff
W/ResourceType( 8406): No known package when getting name for resource number 0xffffffff
W/ResourceType( 8406): No known package when getting name for resource number 0xffffffff
W/ResourceType( 8406): No known package when getting name for resource number 0xffffffff
W/ResourceType( 8406): No known package when getting name for resource number 0xffffffff
W/ResourceType( 8406): No known package when getting name for resource number 0xffffffff
W/ResourceType( 8406): No known package when getting name for resource number 0xffffffff
W/ResourceType( 8406): No known package when getting name for resource number 0xffffffff
W/ResourceType( 8406): No known package when getting name for resource number 0xffffffff
W/ResourceType( 8406): No known package when getting name for resource number 0xffffffff
W/ResourceType( 8406): No known package when getting name for resource number 0xffffffff
W/ResourceType( 8406): No known package when getting name for resource number 0xffffffff
W/ResourceType( 8406): No known package when getting name for resource number 0xffffffff
W/ResourceType( 8406): No known package when getting name for resource number 0xffffffff
W/ResourceType( 8406): No known package when getting name for resource number 0xffffffff
W/ResourceType( 8406): No known package when getting name for resource number 0xffffffff
W/ResourceType( 8406): No known package when getting name for resource number 0xffffffff
W/ResourceType( 8406): No known package when getting name for resource number 0xffffffff
W/ResourceType( 8406): No known package when getting name for resource number 0xffffffff
W/ResourceType( 8406): No known package when getting name for resource number 0xffffffff
W/ResourceType( 8406): No known package when getting name for resource number 0xffffffff
W/ResourceType( 8406): No known package when getting name for resource number 0xffffffff
W/ResourceType( 8406): No known package when getting name for resource number 0xffffffff
W/ResourceType( 8406): No known package when getting name for resource number 0xffffffff
W/ResourceType( 8406): No known package when getting name for resource number 0xffffffff
W/ResourceType( 8406): No known package when getting name for resource number 0xffffffff
W/ResourceType( 8406): No known package when getting name for resource number 0xffffffff
W/ResourceType( 8406): No known package when getting name for resource number 0xffffffff
W/ResourceType( 8406): No known package when getting name for resource number 0xffffffff
W/ResourceType( 8406): No known package when getting name for resource number 0xffffffff
W/ResourceType( 8406): No known package when getting name for resource number 0xffffffff
W/ResourceType( 8406): No known package when getting name for resource number 0xffffffff
W/ResourceType( 8406): No known package when getting name for resource number 0xffffffff
W/ResourceType( 8406): No known package when getting name for resource number 0xffffffff
W/ResourceType( 8406): No known package when getting name for resource number 0xffffffff
W/ResourceType( 8406): No known package when getting name for resource number 0xffffffff
W/ResourceType( 8406): No known package when getting name for resource number 0xffffffff
W/ResourceType( 8406): No known package when getting name for resource number 0xffffffff
W/ResourceType( 8406): No known package when getting name for resource number 0xffffffff
W/ResourceType( 8406): No known package when getting name for resource number 0xffffffff
W/ResourceType( 8406): No known package when getting name for resource number 0xffffffff
W/ResourceType( 8406): No known package when getting name for resource number 0xffffffff
W/ResourceType( 8406): No known package when getting name for resource number 0xffffffff
W/ResourceType( 8406): No known package when getting name for resource number 0xffffffff
W/ResourceType( 8406): No known package when getting name for resource number 0xffffffff
W/ResourceType( 8406): No known package when getting name for resource number 0xffffffff
W/ResourceType( 8406): No known package when getting name for resource number 0xffffffff
W/ResourceType( 8406): No known package when getting name for resource number 0xffffffff
W/ResourceType( 8406): No known package when getting name for resource number 0xffffffff
W/ResourceType( 8406): No known package when getting name for resource number 0xffffffff
W/ResourceType( 8406): No known package when getting name for resource number 0xffffffff
W/ResourceType( 8406): No known package when getting name for resource number 0xffffffff
W/ResourceType( 8406): No known package when getting name for resource number 0xffffffff
I/System.out( 8406): URI: /map
I/System.out( 8406): params: {json={"query":"* marked:'Job 1'","operation":{"method_name":"query","arguments":[]}}
I/System.out( 8406): }
W/ResourceType( 8406): No known package when getting name for resource number 0xffffffff
W/ResourceType( 8406): No known package when getting name for resource number 0xffffffff
W/ResourceType( 8406): No known package when getting name for resource number 0xffffffff
