W/ResourceType( 8213): No known package when getting name for resource number 0xffffffff
W/ResourceType( 8213): No known package when getting name for resource number 0xffffffff
W/ResourceType( 8213): No known package when getting name for resource number 0xffffffff
W/ResourceType( 8213): No known package when getting name for resource number 0xffffffff
W/ResourceType( 8213): No known package when getting name for resource number 0xffffffff
W/ResourceType( 8213): No known package when getting name for resource number 0xffffffff
W/ResourceType( 8213): No known package when getting name for resource number 0xffffffff
W/ResourceType( 8213): No known package when getting name for resource number 0xffffffff
W/ResourceType( 8213): No known package when getting name for resource number 0xffffffff
W/ResourceType( 8213): No known package when getting name for resource number 0xffffffff
W/ResourceType( 8213): No known package when getting name for resource number 0xffffffff
W/ResourceType( 8213): No known package when getting name for resource number 0xffffffff
W/ResourceType( 8213): No known package when getting name for resource number 0xffffffff
W/ResourceType( 8213): No known package when getting name for resource number 0xffffffff
W/ResourceType( 8213): No known package when getting name for resource number 0xffffffff
W/ResourceType( 8213): No known package when getting name for resource number 0xffffffff
W/ResourceType( 8213): No known package when getting name for resource number 0xffffffff
E/WifiStateMachine(  815): WifiStateMachine CMD_START_SCAN source -2 txSuccessRate=3.63 rxSuccessRate=3.32 targetRoamBSSID=any RSSI=-49
E/WifiStateMachine(  815): WifiStateMachine starting scan for "xtc-ag"WPA_PSK with 5240,2437,5180
W/ResourceType( 8213): No known package when getting name for resource number 0xffffffff
W/ResourceType( 8213): No known package when getting name for resource number 0xffffffff
E/WifiConfigStore(  815):  rewrite network history for "xtc"WPA_PSK
E/WifiConfigStore(  815): writeKnownNetworkHistory write linked 2
E/WifiConfigStore(  815): writeKnownNetworkHistory write linked 2
E/WifiConfigStore(  815): writeKnownNetworkHistory write linked 2
W/ResourceType( 8213): No known package when getting name for resource number 0xffffffff
W/ResourceType( 8213): No known package when getting name for resource number 0xffffffff
W/ResourceType( 8213): No known package when getting name for resource number 0xffffffff
W/ResourceType( 8213): No known package when getting name for resource number 0xffffffff
W/ResourceType( 8213): No known package when getting name for resource number 0xffffffff
W/ResourceType( 8213): No known package when getting name for resource number 0xffffffff
W/ResourceType( 8213): No known package when getting name for resource number 0xffffffff
W/ResourceType( 8213): No known package when getting name for resource number 0xffffffff
W/ResourceType( 8213): No known package when getting name for resource number 0xffffffff
W/ResourceType( 8213): No known package when getting name for resource number 0xffffffff
W/ResourceType( 8213): No known package when getting name for resource number 0xffffffff
W/ResourceType( 8213): No known package when getting name for resource number 0xffffffff
W/ResourceType( 8213): No known package when getting name for resource number 0xffffffff
I/System.out( 8213): URI: /map
I/System.out( 8213): params: {json={"query":"* marked:'basicSearchButton'","operation":{"method_name":"query","arguments":[]}}
I/System.out( 8213): }
W/ResourceType( 8213): No known package when getting name for resource number 0xffffffff
W/ResourceType( 8213): No known package when getting name for resource number 0xffffffff
W/ResourceType( 8213): No known package when getting name for resource number 0xffffffff
W/ResourceType( 8213): No known package when getting name for resource number 0xffffffff
W/ResourceType( 8213): No known package when getting name for resource number 0xffffffff
W/ResourceType( 8213): No known package when getting name for resource number 0xffffffff
W/ResourceType( 8213): No known package when getting name for resource number 0xffffffff
W/ResourceType( 8213): No known package when getting name for resource number 0xffffffff
W/ResourceType( 8213): No known package when getting name for resource number 0xffffffff
W/ResourceType( 8213): No known package when getting name for resource number 0xffffffff
W/ResourceType( 8213): No known package when getting name for resource number 0xffffffff
W/ResourceType( 8213): No known package when getting name for resource number 0xffffffff
W/ResourceType( 8213): No known package when getting name for resource number 0xffffffff
W/ResourceType( 8213): No known package when getting name for resource number 0xffffffff
W/ResourceType( 8213): No known package when getting name for resource number 0xffffffff
W/ResourceType( 8213): No known package when getting name for resource number 0xffffffff
W/ResourceType( 8213): No known package when getting name for resource number 0xffffffff
W/ResourceType( 8213): No known package when getting name for resource number 0xffffffff
W/ResourceType( 8213): No known package when getting name for resource number 0xffffffff
W/ResourceType( 8213): No known package when getting name for resource number 0xffffffff
W/ResourceType( 8213): No known package when getting name for resource number 0xffffffff
W/ResourceType( 8213): No known package when getting name for resource number 0xffffffff
W/ResourceType( 8213): No known package when getting name for resource number 0xffffffff
W/ResourceType( 8213): No known package when getting name for resource number 0xffffffff
W/ResourceType( 8213): No known package when getting name for resource number 0xffffffff
W/ResourceType( 8213): No known package when getting name for resource number 0xffffffff
W/ResourceType( 8213): No known package when getting name for resource number 0xffffffff
W/ResourceType( 8213): No known package when getting name for resource number 0xffffffff
W/ResourceType( 8213): No known package when getting name for resource number 0xffffffff
W/ResourceType( 8213): No known package when getting name for resource number 0xffffffff
W/ResourceType( 8213): No known package when getting name for resource number 0xffffffff
W/ResourceType( 8213): No known package when getting name for resource number 0xffffffff
W/ResourceType( 8213): No known package when getting name for resource number 0xffffffff
W/ResourceType( 8213): No known package when getting name for resource number 0xffffffff
W/ResourceType( 8213): No known package when getting name for resource number 0xffffffff
W/ResourceType( 8213): No known package when getting name for resource number 0xffffffff
W/ResourceType( 8213): No known package when getting name for resource number 0xffffffff
W/ResourceType( 8213): No known package when getting name for resource number 0xffffffff
W/ResourceType( 8213): No known package when getting name for resource number 0xffffffff
W/ResourceType( 8213): No known package when getting name for resource number 0xffffffff
W/ResourceType( 8213): No known package when getting name for resource number 0xffffffff
W/ResourceType( 8213): No known package when getting name for resource number 0xffffffff
W/ResourceType( 8213): No known package when getting name for resource number 0xffffffff
W/ResourceType( 8213): No known package when getting name for resource number 0xffffffff
W/ResourceType( 8213): No known package when getting name for resource number 0xffffffff
W/ResourceType( 8213): No known package when getting name for resource number 0xffffffff
W/ResourceType( 8213): No known package when getting name for resource number 0xffffffff
W/ResourceType( 8213): No known package when getting name for resource number 0xffffffff
W/ResourceType( 8213): No known package when getting name for resource number 0xffffffff
W/ResourceType( 8213): No known package when getting name for resource number 0xffffffff
W/ResourceType( 8213): No known package when getting name for resource number 0xffffffff
W/ResourceType( 8213): No known package when getting name for resource number 0xffffffff
W/ResourceType( 8213): No known package when getting name for resource number 0xffffffff
W/ResourceType( 8213): No known package when getting name for resource number 0xffffffff
W/ResourceType( 8213): No known package when getting name for resource number 0xffffffff
W/ResourceType( 8213): No known package when getting name for resource number 0xffffffff
W/ResourceType( 8213): No known package when getting name for resource number 0xffffffff
W/ResourceType( 8213): No known package when getting name for resource number 0xffffffff
W/ResourceType( 8213): No known package when getting name for resource number 0xffffffff
W/ResourceType( 8213): No known package when getting name for resource number 0xffffffff
W/ResourceType( 8213): No known package when getting name for resource number 0xffffffff
W/ResourceType( 8213): No known package when getting name for resource number 0xffffffff
W/ResourceType( 8213): No known package when getting name for resource number 0xffffffff
W/ResourceType( 8213): No known package when getting name for resource number 0xffffffff
W/ResourceType( 8213): No known package when getting name for resource number 0xffffffff
W/ResourceType( 8213): No known package when getting name for resource number 0xffffffff
W/ResourceType( 8213): No known package when getting name for resource number 0xffffffff
W/ResourceType( 8213): No known package when getting name for resource number 0xffffffff
W/ResourceType( 8213): No known package when getting name for resource number 0xffffffff
W/ResourceType( 8213): No known package when getting name for resource number 0xffffffff
W/ResourceType( 8213): No known package when getting name for resource number 0xffffffff
I/System.out( 8213): URI: /map
I/System.out( 8213): params: {json={"query":"* marked:'basicSearchButton'","operation":{"method_name":"query","arguments":[]}}
I/System.out( 8213): }
W/ResourceType( 8213): No known package when getting name for resource number 0xffffffff
W/ResourceType( 8213): No known package when getting name for resource number 0xffffffff
W/ResourceType( 8213): No known package when getting name for resource number 0xffffffff
W/ResourceType( 8213): No known package when getting name for resource number 0xffffffff
W/ResourceType( 8213): No known package when getting name for resource number 0xffffffff
W/ResourceType( 8213): No known package when getting name for resource number 0xffffffff
W/ResourceType( 8213): No known package when getting name for resource number 0xffffffff
W/ResourceType( 8213): No known package when getting name for resource number 0xffffffff
W/ResourceType( 8213): No known package when getting name for resource number 0xffffffff
W/ResourceType( 8213): No known package when getting name for resource number 0xffffffff
W/ResourceType( 8213): No known package when getting name for resource number 0xffffffff
W/ResourceType( 8213): No known package when getting name for resource number 0xffffffff
W/ResourceType( 8213): No known package when getting name for resource number 0xffffffff
W/ResourceType( 8213): No known package when getting name for resource number 0xffffffff
W/ResourceType( 8213): No known package when getting name for resource number 0xffffffff
W/ResourceType( 8213): No known package when getting name for resource number 0xffffffff
W/ResourceType( 8213): No known package when getting name for resource number 0xffffffff
W/ResourceType( 8213): No known package when getting name for resource number 0xffffffff
W/ResourceType( 8213): No known package when getting name for resource number 0xffffffff
W/ResourceType( 8213): No known package when getting name for resource number 0xffffffff
W/ResourceType( 8213): No known package when getting name for resource number 0xffffffff
W/ResourceType( 8213): No known package when getting name for resource number 0xffffffff
W/ResourceType( 8213): No known package when getting name for resource number 0xffffffff
W/ResourceType( 8213): No known package when getting name for resource number 0xffffffff
W/ResourceType( 8213): No known package when getting name for resource number 0xffffffff
W/ResourceType( 8213): No known package when getting name for resource number 0xffffffff
W/ResourceType( 8213): No known package when getting name for resource number 0xffffffff
W/ResourceType( 8213): No known package when getting name for resource number 0xffffffff
W/ResourceType( 8213): No known package when getting name for resource number 0xffffffff
W/ResourceType( 8213): No known package when getting name for resource number 0xffffffff
W/ResourceType( 8213): No known package when getting name for resource number 0xffffffff
W/ResourceType( 8213): No known package when getting name for resource number 0xffffffff
W/ResourceType( 8213): No known package when getting name for resource number 0xffffffff
W/ResourceType( 8213): No known package when getting name for resource number 0xffffffff
W/ResourceType( 8213): No known package when getting name for resource number 0xffffffff
W/ResourceType( 8213): No known package when getting name for resource number 0xffffffff
W/ResourceType( 8213): No known package when getting name for resource number 0xffffffff
W/ResourceType( 8213): No known package when getting name for resource number 0xffffffff
W/ResourceType( 8213): No known package when getting name for resource number 0xffffffff
W/ResourceType( 8213): No known package when getting name for resource number 0xffffffff
W/ResourceType( 8213): No known package when getting name for resource number 0xffffffff
W/ResourceType( 8213): No known package when getting name for resource number 0xffffffff
W/ResourceType( 8213): No known package when getting name for resource number 0xffffffff
W/ResourceType( 8213): No known package when getting name for resource number 0xffffffff
W/ResourceType( 8213): No known package when getting name for resource number 0xffffffff
W/ResourceType( 8213): No known package when getting name for resource number 0xffffffff
W/ResourceType( 8213): No known package when getting name for resource number 0xffffffff
W/ResourceType( 8213): No known package when getting name for resource number 0xffffffff
W/ResourceType( 8213): No known package when getting name for resource number 0xffffffff
W/ResourceType( 8213): No known package when getting name for resource number 0xffffffff
W/ResourceType( 8213): No known package when getting name for resource number 0xffffffff
W/ResourceType( 8213): No known package when getting name for resource number 0xffffffff
W/ResourceType( 8213): No known package when getting name for resource number 0xffffffff
W/ResourceType( 8213): No known package when getting name for resource number 0xffffffff
W/ResourceType( 8213): No known package when getting name for resource number 0xffffffff
W/ResourceType( 8213): No known package when getting name for resource number 0xffffffff
W/ResourceType( 8213): No known package when getting name for resource number 0xffffffff
W/ResourceType( 8213): No known package when getting name for resource number 0xffffffff
W/ResourceType( 8213): No known package when getting name for resource number 0xffffffff
W/ResourceType( 8213): No known package when getting name for resource number 0xffffffff
W/ResourceType( 8213): No known package when getting name for resource number 0xffffffff
W/ResourceType( 8213): No known package when getting name for resource number 0xffffffff
W/ResourceType( 8213): No known package when getting name for resource number 0xffffffff
W/ResourceType( 8213): No known package when getting name for resource number 0xffffffff
W/ResourceType( 8213): No known package when getting name for resource number 0xffffffff
W/ResourceType( 8213): No known package when getting name for resource number 0xffffffff
W/ResourceType( 8213): No known package when getting name for resource number 0xffffffff
W/ResourceType( 8213): No known package when getting name for resource number 0xffffffff
W/ResourceType( 8213): No known package when getting name for resource number 0xffffffff
W/ResourceType( 8213): No known package when getting name for resource number 0xffffffff
W/ResourceType( 8213): No known package when getting name for resource number 0xffffffff
I/ThermalEngine(  366): ACTION: CPU - Setting CPU[0] to 2265600
I/ThermalEngine(  366): ACTION: CPU - Setting CPU[1] to 2265600
I/ThermalEngine(  366): ACTION: CPU - Setting CPU[2] to 2265600
I/ThermalEngine(  366): ACTION: CPU - Setting CPU[3] to 2265600
D/audio_hw_primary(  358): disable_audio_route: reset and update mixer path: low-latency-playback speaker
D/audio_hw_primary(  358): disable_snd_device: snd_device(2: speaker)
I/System.out( 8213): URI: /map
I/System.out( 8213): params: {json={"query":"* marked:'basicSearchButton'","operation":{"method_name":"query","arguments":[]}}
I/System.out( 8213): }
W/ResourceType( 8213): No known package when getting name for resource number 0xffffffff
W/ResourceType( 8213): No known package when getting name for resource number 0xffffffff
W/ResourceType( 8213): No known package when getting name for resource number 0xffffffff
W/ResourceType( 8213): No known package when getting name for resource number 0xffffffff
W/ResourceType( 8213): No known package when getting name for resource number 0xffffffff
W/ResourceType( 8213): No known package when getting name for resource number 0xffffffff
W/ResourceType( 8213): No known package when getting name for resource number 0xffffffff
W/ResourceType( 8213): No known package when getting name for resource number 0xffffffff
W/ResourceType( 8213): No known package when getting name for resource number 0xffffffff
W/ResourceType( 8213): No known package when getting name for resource number 0xffffffff
W/ResourceType( 8213): No known package when getting name for resource number 0xffffffff
W/ResourceType( 8213): No known package when getting name for resource number 0xffffffff
W/ResourceType( 8213): No known package when getting name for resource number 0xffffffff
W/ResourceType( 8213): No known package when getting name for resource number 0xffffffff
W/ResourceType( 8213): No known package when getting name for resource number 0xffffffff
W/ResourceType( 8213): No known package when getting name for resource number 0xffffffff
W/ResourceType( 8213): No known package when getting name for resource number 0xffffffff
W/ResourceType( 8213): No known package when getting name for resource number 0xffffffff
W/ResourceType( 8213): No known package when getting name for resource number 0xffffffff
W/ResourceType( 8213): No known package when getting name for resource number 0xffffffff
W/ResourceType( 8213): No known package when getting name for resource number 0xffffffff
W/ResourceType( 8213): No known package when getting name for resource number 0xffffffff
W/ResourceType( 8213): No known package when getting name for resource number 0xffffffff
W/ResourceType( 8213): No known package when getting name for resource number 0xffffffff
W/ResourceType( 8213): No known package when getting name for resource number 0xffffffff
W/ResourceType( 8213): No known package when getting name for resource number 0xffffffff
W/ResourceType( 8213): No known package when getting name for resource number 0xffffffff
W/ResourceType( 8213): No known package when getting name for resource number 0xffffffff
W/ResourceType( 8213): No known package when getting name for resource number 0xffffffff
W/ResourceType( 8213): No known package when getting name for resource number 0xffffffff
W/ResourceType( 8213): No known package when getting name for resource number 0xffffffff
W/ResourceType( 8213): No known package when getting name for resource number 0xffffffff
W/ResourceType( 8213): No known package when getting name for resource number 0xffffffff
W/ResourceType( 8213): No known package when getting name for resource number 0xffffffff
W/ResourceType( 8213): No known package when getting name for resource number 0xffffffff
W/ResourceType( 8213): No known package when getting name for resource number 0xffffffff
W/ResourceType( 8213): No known package when getting name for resource number 0xffffffff
W/ResourceType( 8213): No known package when getting name for resource number 0xffffffff
W/ResourceType( 8213): No known package when getting name for resource number 0xffffffff
W/ResourceType( 8213): No known package when getting name for resource number 0xffffffff
W/ResourceType( 8213): No known package when getting name for resource number 0xffffffff
W/ResourceType( 8213): No known package when getting name for resource number 0xffffffff
W/ResourceType( 8213): No known package when getting name for resource number 0xffffffff
W/ResourceType( 8213): No known package when getting name for resource number 0xffffffff
W/ResourceType( 8213): No known package when getting name for resource number 0xffffffff
W/ResourceType( 8213): No known package when getting name for resource number 0xffffffff
W/ResourceType( 8213): No known package when getting name for resource number 0xffffffff
W/ResourceType( 8213): No known package when getting name for resource number 0xffffffff
W/ResourceType( 8213): No known package when getting name for resource number 0xffffffff
W/ResourceType( 8213): No known package when getting name for resource number 0xffffffff
W/ResourceType( 8213): No known package when getting name for resource number 0xffffffff
W/ResourceType( 8213): No known package when getting name for resource number 0xffffffff
W/ResourceType( 8213): No known package when getting name for resource number 0xffffffff
W/ResourceType( 8213): No known package when getting name for resource number 0xffffffff
W/ResourceType( 8213): No known package when getting name for resource number 0xffffffff
W/ResourceType( 8213): No known package when getting name for resource number 0xffffffff
W/ResourceType( 8213): No known package when getting name for resource number 0xffffffff
W/ResourceType( 8213): No known package when getting name for resource number 0xffffffff
W/ResourceType( 8213): No known package when getting name for resource number 0xffffffff
W/ResourceType( 8213): No known package when getting name for resource number 0xffffffff
W/ResourceType( 8213): No known package when getting name for resource number 0xffffffff
W/ResourceType( 8213): No known package when getting name for resource number 0xffffffff
W/ResourceType( 8213): No known package when getting name for resource number 0xffffffff
W/ResourceType( 8213): No known package when getting name for resource number 0xffffffff
W/ResourceType( 8213): No known package when getting name for resource number 0xffffffff
W/ResourceType( 8213): No known package when getting name for resource number 0xffffffff
W/ResourceType( 8213): No known package when getting name for resource number 0xffffffff
W/ResourceType( 8213): No known package when getting name for resource number 0xffffffff
W/ResourceType( 8213): No known package when getting name for resource number 0xffffffff
W/ResourceType( 8213): No known package when getting name for resource number 0xffffffff
W/ResourceType( 8213): No known package when getting name for resource number 0xffffffff
I/System.out( 8213): URI: /
I/System.out( 8213): params: {json={"command":"touch_coordinate","arguments":[1286.0,172.0]}
I/System.out( 8213): }
I/System.out( 8213): header: {content-length=57, host=devicehost100.prod, x-session-token=token-token-e775659c-70c9-4000-963f-509fae57233b, x-forwarded-for=10.222.150.30, content-type=application/json; charset=utf-8, connection=close}
I/System.out( 8213): params: {json={"command":"touch_coordinate","arguments":[1286.0,172.0]}
I/System.out( 8213): }
I/System.out( 8213): ProP json = {"command":"touch_coordinate","arguments":[1286.0,172.0]}
I/System.out( 8213): files: {}
I/System.out( 8213): command: {"command":"touch_coordinate","arguments":[1286.0,172.0]}
I/InstrumentationBackend( 8213): Got command:'Command:'Line:null,touch_coordinate', arguments:'[1286.0, 172.0]'
I/art     ( 8213): Explicit concurrent mark sweep GC freed 293990(11MB) AllocSpace objects, 17(272KB) LOS objects, 26% free, 44MB/60MB, paused 1.446ms total 102.904ms
I/art     ( 8213): Explicit concurrent mark sweep GC freed 506(21KB) AllocSpace objects, 0(0B) LOS objects, 26% free, 44MB/60MB, paused 1.100ms total 26.022ms
I/art     ( 8213): Explicit concurrent mark sweep GC freed 10(576B) AllocSpace objects, 0(0B) LOS objects, 26% free, 44MB/60MB, paused 1.627ms total 27.988ms
I/art     ( 8213): Explicit concurrent mark sweep GC freed 15(688B) AllocSpace objects, 0(0B) LOS objects, 26% free, 44MB/60MB, paused 1.560ms total 40.533ms
D/audio_hw_primary(  358): out_set_parameters: enter: usecase(1: low-latency-playback) kvpairs: routing=2
D/audio_hw_primary(  358): select_devices: out_snd_device(2: speaker) in_snd_device(0: none)
D/msm8974_platform(  358): platform_send_audio_calibration: sending audio calibration for snd_device(2) acdb_id(15)
E/ACDB-LOADER(  358): Error: ACDB AFE returned = -19
D/audio_hw_primary(  358): enable_snd_device: snd_device(2: speaker)
D/audio_hw_primary(  358): enable_audio_route: apply and update mixer path: low-latency-playback speaker
I/AppsFlyer_3.01( 8213): AsendTrackingWithEvent from activity: md537fd6201b6818e2e180d2f7606e21a83.MainApplication
I/AppsFlyer_3.01-711217373( 8213): ******* sendTrackingWithEvent: Search
E/ActivityThread( 8213): Failed to find provider info for com.facebook.katana.provider.AttributionIdProvider
I/AppsFlyer_3.01( 8213): WARNING:READ_PHONE_STATE is missing
I/art     ( 8213): Explicit concurrent mark sweep GC freed 192(17KB) AllocSpace objects, 0(0B) LOS objects, 26% free, 44MB/60MB, paused 9.249ms total 38.697ms
I/mono-stdout( 8213): uri is: https://api.careerbuilder.com/consumer/jobs/search/?Keywords=&Location=&UseFacets=true&PageNumber=1&ExcludeNational=true&DeveloperKey=WDHR8FC6P2JZ1Y61KLM5
I/mono-stdout( 8213): making api call to: /consumer/jobs/search/?Keywords=&Location=&UseFacets=true&PageNumber=1&ExcludeNational=true&DeveloperKey=WDHR8FC6P2JZ1Y61KLM5
I/System.out( 8213): result:{"bonusInformation":[],"message":"","success":true}
E/RecyclerView( 8213): No adapter attached; skipping layout
I/AppsFlyer_3.01( 8213): AppsFlyer: first launch date: 2017-03-17_0139+0100
I/System.out( 8213): AppsFlyerLib.sendTrackingWithEvent
I/AppsFlyer_3.01-711217373( 8213): url: https://t.appsflyer.com/api/v3/androidevent?buildnumber=3.01&app_id=com.careerbuilder.SugarDrone
I/AppsFlyer_( 8213): data: device=shamu&firstLaunchDate=2017-03-17_0139%2B0100&installDate=2017-03-17_0139%2B0100&sdk=22&carrier=&date1=2017-03-17_0139%2B0100&af_preinstalled=false&advertiserIdEnabled=true&iaecounter=1&lang_code=en&appsflyerKey=WV****************HFK5&app_version_name=3.1.7&lang=English&timepassedsincelastlaunch=21&eventName=Search&dkh=WVGo7sxf&android_id=bac03d0644d06fd5&advertiserId=61421825-42b4-4c72-854d-e43806bb777b&deviceType=user&af_v=a64f8cce530d0c7e424a5461fdbb57177d191771&app_version_code=30011&eventValue=Searched%3A++in+&platformextension=android_native&network=WIFI&operator=Telenor+DK&country=US&date2=2017-03-17_0139%2B0100&brand=google&af_timestamp=1489711217373&uid=1489711162201-1316929296823667459&isFirstCall=false&counter=2&model=Nexus+6&product=shamu
I/System.out( 8213): URI: /map
I/System.out( 8213): params: {json={"query":"* marked:'search_anywhere'","operation":{"method_name":"query","arguments":[]}}
I/System.out( 8213): }
W/ResourceType( 8213): No known package when getting name for resource number 0xffffffff
W/ResourceType( 8213): No known package when getting name for resource number 0xffffffff
W/ResourceType( 8213): No known package when getting name for resource number 0xffffffff
W/ResourceType( 8213): No known package when getting name for resource number 0xffffffff
W/ResourceType( 8213): No known package when getting name for resource number 0xffffffff
W/ResourceType( 8213): No known package when getting name for resource number 0xffffffff
W/ResourceType( 8213): No known package when getting name for resource number 0xffffffff
W/ResourceType( 8213): No known package when getting name for resource number 0xffffffff
I/AppsFlyer_3.01-711217373( 8213): response code: 200
W/ResourceType( 8213): No known package when getting name for resource number 0xffffffff
W/ResourceType( 8213): No known package when getting name for resource number 0xffffffff
W/ResourceType( 8213): No known package when getting name for resource number 0xffffffff
W/ResourceType( 8213): No known package when getting name for resource number 0xffffffff
W/ResourceType( 8213): No known package when getting name for resource number 0xffffffff
W/ResourceType( 8213): No known package when getting name for resource number 0xffffffff
W/ResourceType( 8213): No known package when getting name for resource number 0xffffffff
W/ResourceType( 8213): No known package when getting name for resource number 0xffffffff
W/ResourceType( 8213): No known package when getting name for resource number 0xffffffff
W/ResourceType( 8213): No known package when getting name for resource number 0xffffffff
W/ResourceType( 8213): No known package when getting name for resource number 0xffffffff
W/ResourceType( 8213): No known package when getting name for resource number 0xffffffff
W/ResourceType( 8213): No known package when getting name for resource number 0xffffffff
W/ResourceType( 8213): No known package when getting name for resource number 0xffffffff
W/ResourceType( 8213): No known package when getting name for resource number 0xffffffff
W/ResourceType( 8213): No known package when getting name for resource number 0xffffffff
W/ResourceType( 8213): No known package when getting name for resource number 0xffffffff
W/ResourceType( 8213): No known package when getting name for resource number 0xffffffff
W/ResourceType( 8213): No known package when getting name for resource number 0xffffffff
W/ResourceType( 8213): No known package when getting name for resource number 0xffffffff
W/ResourceType( 8213): No known package when getting name for resource number 0xffffffff
W/ResourceType( 8213): No known package when getting name for resource number 0xffffffff
W/ResourceType( 8213): No known package when getting name for resource number 0xffffffff
W/ResourceType( 8213): No known package when getting name for resource number 0xffffffff
W/ResourceType( 8213): No known package when getting name for resource number 0xffffffff
W/ResourceType( 8213): No known package when getting name for resource number 0xffffffff
W/ResourceType( 8213): No known package when getting name for resource number 0xffffffff
I/mono-stdout( 8213): done making call to: /consumer/jobs/search/?Keywords=&Location=&UseFacets=true&PageNumber=1&ExcludeNational=true&DeveloperKey=WDHR8FC6P2JZ1Y61KLM5
I/mono-stdout( 8213): uri is: https://api.careerbuilder.com/consumer/saved-jobs/?DeveloperKey=WDHR8FC6P2JZ1Y61KLM5
I/mono-stdout( 8213): making api call to: /consumer/saved-jobs/?DeveloperKey=WDHR8FC6P2JZ1Y61KLM5
I/mono-stdout( 8213): Method: GET, RequestUri: 'https://api.careerbuilder.com/consumer/saved-jobs/?DeveloperKey=WDHR8FC6P2JZ1Y61KLM5', Version: 1.1, Content: <null>, Headers:

I/mono-stdout( 8213): {

I/mono-stdout( 8213): DeveloperKey: WDHR8FC6P2JZ1Y61KLM5

I/mono-stdout( 8213): Accept: application/json

I/mono-stdout( 8213): Authorization: Bearer test

I/mono-stdout( 8213): HostSite: US

I/mono-stdout( 8213): }
I/mono-stdout( 8213): Current State = 1,2,6,7
I/mono-stdout( 8213): applied jobs = 6
I/mono-stdout( 8213): expired jobs = 7
I/mono-stdout( 8213): saved jobs = Saved,Saved,Applied,Saved
W/ResourceType( 8213): No known package when getting name for resource number 0xffffffff
W/ResourceType( 8213): No known package when getting name for resource number 0xffffffff
W/ResourceType( 8213): No known package when getting name for resource number 0xffffffff
W/ResourceType( 8213): No known package when getting name for resource number 0xffffffff
W/ResourceType( 8213): No known package when getting name for resource number 0xffffffff
W/ResourceType( 8213): No known package when getting name for resource number 0xffffffff
W/ResourceType( 8213): No known package when getting name for resource number 0xffffffff
W/ResourceType( 8213): No known package when getting name for resource number 0xffffffff
W/ResourceType( 8213): No known package when getting name for resource number 0xffffffff
W/ResourceType( 8213): No known package when getting name for resource number 0xffffffff
I/System.out( 8213): URI: /map
I/System.out( 8213): params: {json={"query":"* marked:'search_anywhere'","operation":{"method_name":"query","arguments":[]}}
I/System.out( 8213): }
W/ResourceType( 8213): No known package when getting name for resource number 0xffffffff
W/ResourceType( 8213): No known package when getting name for resource number 0xffffffff
W/ResourceType( 8213): No known package when getting name for resource number 0xffffffff
W/ResourceType( 8213): No known package when getting name for resource number 0xffffffff
W/ResourceType( 8213): No known package when getting name for resource number 0xffffffff
W/ResourceType( 8213): No known package when getting name for resource number 0xffffffff
W/ResourceType( 8213): No known package when getting name for resource number 0xffffffff
W/ResourceType( 8213): No known package when getting name for resource number 0xffffffff
W/ResourceType( 8213): No known package when getting name for resource number 0xffffffff
W/ResourceType( 8213): No known package when getting name for resource number 0xffffffff
W/ResourceType( 8213): No known package when getting name for resource number 0xffffffff
W/ResourceType( 8213): No known package when getting name for resource number 0xffffffff
W/ResourceType( 8213): No known package when getting name for resource number 0xffffffff
W/ResourceType( 8213): No known package when getting name for resource number 0xffffffff
W/ResourceType( 8213): No known package when getting name for resource number 0xffffffff
W/ResourceType( 8213): No known package when getting name for resource number 0xffffffff
W/ResourceType( 8213): No known package when getting name for resource number 0xffffffff
W/ResourceType( 8213): No known package when getting name for resource number 0xffffffff
W/ResourceType( 8213): No known package when getting name for resource number 0xffffffff
W/ResourceType( 8213): No known package when getting name for resource number 0xffffffff
W/ResourceType( 8213): No known package when getting name for resource number 0xffffffff
W/ResourceType( 8213): No known package when getting name for resource number 0xffffffff
W/ResourceType( 8213): No known package when getting name for resource number 0xffffffff
W/ResourceType( 8213): No known package when getting name for resource number 0xffffffff
W/ResourceType( 8213): No known package when getting name for resource number 0xffffffff
W/ResourceType( 8213): No known package when getting name for resource number 0xffffffff
W/ResourceType( 8213): No known package when getting name for resource number 0xffffffff
W/ResourceType( 8213): No known package when getting name for resource number 0xffffffff
I/mono-stdout( 8213): done making call to: /consumer/saved-jobs/?DeveloperKey=WDHR8FC6P2JZ1Y61KLM5
I/ThermalEngine(  366): ACTION: CPU - Setting CPU[0] to 1958400
I/ThermalEngine(  366): ACTION: CPU - Setting CPU[1] to 1958400
I/ThermalEngine(  366): ACTION: CPU - Setting CPU[2] to 1958400
I/ThermalEngine(  366): ACTION: CPU - Setting CPU[3] to 1958400
W/ResourceType( 8213): No known package when getting name for resource number 0xffffffff
W/ResourceType( 8213): No known package when getting name for resource number 0xffffffff
W/ResourceType( 8213): No known package when getting name for resource number 0xffffffff
W/ResourceType( 8213): No known package when getting name for resource number 0xffffffff
W/ResourceType( 8213): No known package when getting name for resource number 0xffffffff
W/ResourceType( 8213): No known package when getting name for resource number 0xffffffff
W/ResourceType( 8213): No known package when getting name for resource number 0xffffffff
W/ResourceType( 8213): No known package when getting name for resource number 0xffffffff
W/ResourceType( 8213): No known package when getting name for resource number 0xffffffff
W/ResourceType( 8213): No known package when getting name for resource number 0xffffffff
W/ResourceType( 8213): No known package when getting name for resource number 0xffffffff
W/ResourceType( 8213): No known package when getting name for resource number 0xffffffff
W/ResourceType( 8213): No known package when getting name for resource number 0xffffffff
W/ResourceType( 8213): No known package when getting name for resource number 0xffffffff
W/ResourceType( 8213): No known package when getting name for resource number 0xffffffff
W/ResourceType( 8213): No known package when getting name for resource number 0xffffffff
W/ResourceType( 8213): No known package when getting name for resource number 0xffffffff
E/RecyclerView( 8213): No adapter attached; skipping layout
I/System.out( 8213): URI: /map
I/System.out( 8213): params: {json={"query":"* marked:'jobResultsRecyclerView'","operation":{"method_name":"query","arguments":[]}}
I/System.out( 8213): }
W/ResourceType( 8213): No known package when getting name for resource number 0xffffffff
W/ResourceType( 8213): No known package when getting name for resource number 0xffffffff
W/ResourceType( 8213): No known package when getting name for resource number 0xffffffff
W/ResourceType( 8213): No known package when getting name for resource number 0xffffffff
W/ResourceType( 8213): No known package when getting name for resource number 0xffffffff
W/ResourceType( 8213): No known package when getting name for resource number 0xffffffff
W/ResourceType( 8213): No known package when getting name for resource number 0xffffffff
W/ResourceType( 8213): No known package when getting name for resource number 0xffffffff
W/ResourceType( 8213): No known package when getting name for resource number 0xffffffff
W/ResourceType( 8213): No known package when getting name for resource number 0xffffffff
W/ResourceType( 8213): No known package when getting name for resource number 0xffffffff
W/ResourceType( 8213): No known package when getting name for resource number 0xffffffff
W/ResourceType( 8213): No known package when getting name for resource number 0xffffffff
W/ResourceType( 8213): No known package when getting name for resource number 0xffffffff
W/ResourceType( 8213): No known package when getting name for resource number 0xffffffff
W/ResourceType( 8213): No known package when getting name for resource number 0xffffffff
W/ResourceType( 8213): No known package when getting name for resource number 0xffffffff
W/ResourceType( 8213): No known package when getting name for resource number 0xffffffff
W/ResourceType( 8213): No known package when getting name for resource number 0xffffffff
W/ResourceType( 8213): No known package when getting name for resource number 0xffffffff
W/ResourceType( 8213): No known package when getting name for resource number 0xffffffff
W/ResourceType( 8213): No known package when getting name for resource number 0xffffffff
W/ResourceType( 8213): No known package when getting name for resource number 0xffffffff
W/ResourceType( 8213): No known package when getting name for resource number 0xffffffff
W/ResourceType( 8213): No known package when getting name for resource number 0xffffffff
W/ResourceType( 8213): No known package when getting name for resource number 0xffffffff
W/ResourceType( 8213): No known package when getting name for resource number 0xffffffff
W/ResourceType( 8213): No known package when getting name for resource number 0xffffffff
W/ResourceType( 8213): No known package when getting name for resource number 0xffffffff
W/ResourceType( 8213): No known package when getting name for resource number 0xffffffff
W/ResourceType( 8213): No known package when getting name for resource number 0xffffffff
W/ResourceType( 8213): No known package when getting name for resource number 0xffffffff
W/ResourceType( 8213): No known package when getting name for resource number 0xffffffff
W/ResourceType( 8213): No known package when getting name for resource number 0xffffffff
W/ResourceType( 8213): No known package when getting name for resource number 0xffffffff
W/ResourceType( 8213): No known package when getting name for resource number 0xffffffff
W/ResourceType( 8213): No known package when getting name for resource number 0xffffffff
W/ResourceType( 8213): No known package when getting name for resource number 0xffffffff
W/ResourceType( 8213): No known package when getting name for resource number 0xffffffff
W/ResourceType( 8213): No known package when getting name for resource number 0xffffffff
W/ResourceType( 8213): No known package when getting name for resource number 0xffffffff
W/ResourceType( 8213): No known package when getting name for resource number 0xffffffff
W/ResourceType( 8213): No known package when getting name for resource number 0xffffffff
W/ResourceType( 8213): No known package when getting name for resource number 0xffffffff
W/ResourceType( 8213): No known package when getting name for resource number 0xffffffff
W/ResourceType( 8213): No known package when getting name for resource number 0xffffffff
W/ResourceType( 8213): No known package when getting name for resource number 0xffffffff
W/ResourceType( 8213): No known package when getting name for resource number 0xffffffff
W/ResourceType( 8213): No known package when getting name for resource number 0xffffffff
W/ResourceType( 8213): No known package when getting name for resource number 0xffffffff
W/ResourceType( 8213): No known package when getting name for resource number 0xffffffff
W/ResourceType( 8213): No known package when getting name for resource number 0xffffffff
W/ResourceType( 8213): No known package when getting name for resource number 0xffffffff
W/ResourceType( 8213): No known package when getting name for resource number 0xffffffff
W/ResourceType( 8213): No known package when getting name for resource number 0xffffffff
W/ResourceType( 8213): No known package when getting name for resource number 0xffffffff
W/ResourceType( 8213): No known package when getting name for resource number 0xffffffff
W/ResourceType( 8213): No known package when getting name for resource number 0xffffffff
W/ResourceType( 8213): No known package when getting name for resource number 0xffffffff
W/ResourceType( 8213): No known package when getting name for resource number 0xffffffff
W/ResourceType( 8213): No known package when getting name for resource number 0xffffffff
W/ResourceType( 8213): No known package when getting name for resource number 0xffffffff
W/ResourceType( 8213): No known package when getting name for resource number 0xffffffff
W/ResourceType( 8213): No known package when getting name for resource number 0xffffffff
W/ResourceType( 8213): No known package when getting name for resource number 0xffffffff
W/ResourceType( 8213): No known package when getting name for resource number 0xffffffff
I/System.out( 8213): URI: /map
I/System.out( 8213): params: {json={"query":"* marked:'jobResultsRecyclerView'","operation":{"method_name":"query","arguments":[]}}
I/System.out( 8213): }
W/ResourceType( 8213): No known package when getting name for resource number 0xffffffff
W/ResourceType( 8213): No known package when getting name for resource number 0xffffffff
W/ResourceType( 8213): No known package when getting name for resource number 0xffffffff
W/ResourceType( 8213): No known package when getting name for resource number 0xffffffff
W/ResourceType( 8213): No known package when getting name for resource number 0xffffffff
W/ResourceType( 8213): No known package when getting name for resource number 0xffffffff
W/ResourceType( 8213): No known package when getting name for resource number 0xffffffff
W/ResourceType( 8213): No known package when getting name for resource number 0xffffffff
W/ResourceType( 8213): No known package when getting name for resource number 0xffffffff
W/ResourceType( 8213): No known package when getting name for resource number 0xffffffff
W/ResourceType( 8213): No known package when getting name for resource number 0xffffffff
W/ResourceType( 8213): No known package when getting name for resource number 0xffffffff
W/ResourceType( 8213): No known package when getting name for resource number 0xffffffff
W/ResourceType( 8213): No known package when getting name for resource number 0xffffffff
W/ResourceType( 8213): No known package when getting name for resource number 0xffffffff
W/ResourceType( 8213): No known package when getting name for resource number 0xffffffff
W/ResourceType( 8213): No known package when getting name for resource number 0xffffffff
W/ResourceType( 8213): No known package when getting name for resource number 0xffffffff
W/ResourceType( 8213): No known package when getting name for resource number 0xffffffff
W/ResourceType( 8213): No known package when getting name for resource number 0xffffffff
W/ResourceType( 8213): No known package when getting name for resource number 0xffffffff
W/ResourceType( 8213): No known package when getting name for resource number 0xffffffff
W/ResourceType( 8213): No known package when getting name for resource number 0xffffffff
W/ResourceType( 8213): No known package when getting name for resource number 0xffffffff
W/ResourceType( 8213): No known package when getting name for resource number 0xffffffff
W/ResourceType( 8213): No known package when getting name for resource number 0xffffffff
W/ResourceType( 8213): No known package when getting name for resource number 0xffffffff
W/ResourceType( 8213): No known package when getting name for resource number 0xffffffff
W/ResourceType( 8213): No known package when getting name for resource number 0xffffffff
W/ResourceType( 8213): No known package when getting name for resource number 0xffffffff
W/ResourceType( 8213): No known package when getting name for resource number 0xffffffff
W/ResourceType( 8213): No known package when getting name for resource number 0xffffffff
W/ResourceType( 8213): No known package when getting name for resource number 0xffffffff
W/ResourceType( 8213): No known package when getting name for resource number 0xffffffff
W/ResourceType( 8213): No known package when getting name for resource number 0xffffffff
W/ResourceType( 8213): No known package when getting name for resource number 0xffffffff
W/ResourceType( 8213): No known package when getting name for resource number 0xffffffff
W/ResourceType( 8213): No known package when getting name for resource number 0xffffffff
W/ResourceType( 8213): No known package when getting name for resource number 0xffffffff
W/ResourceType( 8213): No known package when getting name for resource number 0xffffffff
W/ResourceType( 8213): No known package when getting name for resource number 0xffffffff
W/ResourceType( 8213): No known package when getting name for resource number 0xffffffff
W/ResourceType( 8213): No known package when getting name for resource number 0xffffffff
W/ResourceType( 8213): No known package when getting name for resource number 0xffffffff
W/ResourceType( 8213): No known package when getting name for resource number 0xffffffff
W/ResourceType( 8213): No known package when getting name for resource number 0xffffffff
W/ResourceType( 8213): No known package when getting name for resource number 0xffffffff
W/ResourceType( 8213): No known package when getting name for resource number 0xffffffff
W/ResourceType( 8213): No known package when getting name for resource number 0xffffffff
D/audio_hw_primary(  358): disable_audio_route: reset and update mixer path: low-latency-playback speaker
D/audio_hw_primary(  358): disable_snd_device: snd_device(2: speaker)
W/ResourceType( 8213): No known package when getting name for resource number 0xffffffff
W/ResourceType( 8213): No known package when getting name for resource number 0xffffffff
W/ResourceType( 8213): No known package when getting name for resource number 0xffffffff
W/ResourceType( 8213): No known package when getting name for resource number 0xffffffff
W/ResourceType( 8213): No known package when getting name for resource number 0xffffffff
W/ResourceType( 8213): No known package when getting name for resource number 0xffffffff
W/ResourceType( 8213): No known package when getting name for resource number 0xffffffff
W/ResourceType( 8213): No known package when getting name for resource number 0xffffffff
W/ResourceType( 8213): No known package when getting name for resource number 0xffffffff
W/ResourceType( 8213): No known package when getting name for resource number 0xffffffff
W/ResourceType( 8213): No known package when getting name for resource number 0xffffffff
W/ResourceType( 8213): No known package when getting name for resource number 0xffffffff
W/ResourceType( 8213): No known package when getting name for resource number 0xffffffff
W/ResourceType( 8213): No known package when getting name for resource number 0xffffffff
W/ResourceType( 8213): No known package when getting name for resource number 0xffffffff
W/ResourceType( 8213): No known package when getting name for resource number 0xffffffff
W/ResourceType( 8213): No known package when getting name for resource number 0xffffffff
I/ThermalEngine(  366): ACTION: CPU - Setting CPU[0] to 1728000
I/ThermalEngine(  366): ACTION: CPU - Setting CPU[1] to 1728000
I/ThermalEngine(  366): ACTION: CPU - Setting CPU[2] to 1728000
I/ThermalEngine(  366): ACTION: CPU - Setting CPU[3] to 1728000
D/Mono    ( 8213): [0x96af9200] hill climbing, change max number of threads 5
I/art     ( 8213): Explicit concurrent mark sweep GC freed 277204(11MB) AllocSpace objects, 17(272KB) LOS objects, 26% free, 44MB/60MB, paused 1.621ms total 85.704ms
