<![CDATA[D/Finsky  ( 3438): [1] 5.onFinished: Installation state replication succeeded.
E/WifiStateMachine(  811): WifiStateMachine CMD_START_SCAN source -2 txSuccessRate=0.13 rxSuccessRate=0.10 targetRoamBSSID=any RSSI=-49
E/WifiStateMachine(  811): WifiStateMachine starting scan for "xtc-ag"WPA_PSK with 5240,2437,5180

]]><xtc-scenario name="[0-1111]CareerBuilder_Search.DroidFeatureTests.SavedJobsTests.TappingGrayAreaClosesFilterButtonWhileOpen" id="[0-1111]CareerBuilder_Search.DroidFeatureTests.SavedJobsTests.TappingGrayAreaClosesFilterButtonWhileOpen"><![CDATA[

]]><xtc-step name="[0-1111]CareerBuilder_Search.DroidFeatureTests.SavedJobsTests.TappingGrayAreaClosesFilterButtonWhileOpen-TappingGrayAreaClosesFilterButtonWhileOpen" id="[0-1111]CareerBuilder_Search.DroidFeatureTests.SavedJobsTests.TappingGrayAreaClosesFilterButtonWhileOpen-TappingGrayAreaClosesFilterButtonWhileOpen"><![CDATA[
D/AndroidRuntime( 6587): >>>>>> START com.android.internal.os.RuntimeInit uid 2000 <<<<<<
D/AndroidRuntime( 6587): CheckJNI is OFF
D/AndroidRuntime( 6587): Calling main entry com.android.commands.pm.Pm
I/art     ( 6587): System.exit called, status: 0
I/AndroidRuntime( 6587): VM exiting with result code 0.
D/AndroidRuntime( 6859): >>>>>> START com.android.internal.os.RuntimeInit uid 2000 <<<<<<
D/AndroidRuntime( 6859): CheckJNI is OFF
D/AndroidRuntime( 6859): Calling main entry com.android.commands.am.Am
W/ActivityManager(  811): Invalid packageName: com.careerbuilder.SugarDrone
D/AndroidRuntime( 6859): Shutting down VM
E/WifiStateMachine(  811): WifiStateMachine CMD_START_SCAN source -2 txSuccessRate=0.02 rxSuccessRate=0.02 targetRoamBSSID=any RSSI=-49
I/wpa_supplicant( 1023): p2p-dev-wlan0: CTRL-EVENT-REGDOM-CHANGE init=BEACON_HINT type=UNKNOWN
W/ip      ( 7186): type=1400 audit(0.0:18): avc: denied { search } for name="net" dev="dm-0" ino=1081351 scontext=u:r:shell:s0 tcontext=u:object_r:net_data_file:s0 tclass=dir permissive=0
E/WifiStateMachine(  811): WifiStateMachine CMD_START_SCAN source -2 txSuccessRate=0.00 rxSuccessRate=0.50 targetRoamBSSID=any RSSI=-49
E/WifiStateMachine(  811): WifiStateMachine starting scan for "xtc-ag"WPA_PSK with 5240,2437,5180
D/AndroidRuntime( 7395): >>>>>> START com.android.internal.os.RuntimeInit uid 2000 <<<<<<
D/AndroidRuntime( 7395): CheckJNI is OFF
D/AndroidRuntime( 7395): Calling main entry com.android.commands.pm.Pm
D/DefContainer( 6081): Copying /data/local/tmp/0000004334 to base.apk
I/kickstart(  861): STATUS: SAHARA_HELLO: hw_info = 0x01030710, pwrup_reason = 0x00004000
I/kickstart(  861): STATUS: Wrote to /sys/power/wake_lock
E/kickstart(  861): ERROR: function: open_file:195 filename = /dev/block/platform/msm_sdcc.1/by-name/mdm1m9kefs1
I/kickstart(  861): STATUS: Opening file '/dev/block/platform/msm_sdcc.1/by-name/mdm1m9kefs1' for writing
D/PackageManager(  811): Renaming /data/app/vmdl1483062976.tmp to /data/app/com.careerbuilder.SugarDrone-1
I/kickstart(  861): STATUS: Received file 'm9kefs1'
I/kickstart(  861): STATUS: 950272 bytes transferred in 0.981525 seconds
I/kickstart(  861): STATUS: Successfully downloaded files from target 
I/kickstart(  861): STATUS: Wrote to /sys/power/wake_unlock
I/kickstart(  861): STATUS: Sahara protocol completed
I/PackageManager(  811): Running dexopt on: /data/app/com.careerbuilder.SugarDrone-1/base.apk pkg=com.careerbuilder.SugarDrone isa=arm vmSafeMode=false
I/dex2oat ( 7459): /system/bin/dex2oat --zip-fd=6 --zip-location=/data/app/com.careerbuilder.SugarDrone-1/base.apk --oat-fd=7 --oat-location=/data/dalvik-cache/arm/data@app@com.careerbuilder.SugarDrone-1@base.apk@classes.dex --instruction-set=arm --instruction-set-features=div --runtime-arg -Xms64m --runtime-arg -Xmx512m --swap-fd=8
I/dex2oat ( 7459): Decided to run without swap.
W/dex2oat ( 7459): Before Android 4.1, method android.graphics.PorterDuffColorFilter android.support.graphics.drawable.VectorDrawableCompat.updateTintFilter(android.graphics.PorterDuffColorFilter, android.content.res.ColorStateList, android.graphics.PorterDuff$Mode) would have incorrectly overridden the package-private method in android.graphics.drawable.Drawable
W/dex2oat ( 7459): Before Android 4.1, method int android.support.v7.widget.ListViewCompat.lookForSelectablePosition(int, boolean) would have incorrectly overridden the package-private method in android.widget.ListView
W/dex2oat ( 7459): Compilation of void android.support.graphics.drawable.VectorDrawableCompat$VGroup.<init>(android.support.graphics.drawable.VectorDrawableCompat$VGroup, android.support.v4.util.ArrayMap) took 126.393ms
W/dex2oat ( 7459): Compilation of int android.support.graphics.drawable.AnimatedVectorDrawableCompat.getChangingConfigurations() took 216.110ms
W/dex2oat ( 7459): Compilation of void android.support.design.widget.TabLayout.setScrollPosition(int, float, boolean) took 211.290ms
W/dex2oat ( 7459): Compilation of void android.support.graphics.drawable.VectorDrawableCompat$VPathRenderer.drawPath(android.support.graphics.drawable.VectorDrawableCompat$VGroup, android.support.graphics.drawable.VectorDrawableCompat$VPath, android.graphics.Canvas, int, int, android.graphics.ColorFilter) took 102.085ms
I/dex2oat ( 7459): dex2oat took 5.479s (threads: 4) arena alloc=299KB java alloc=8MB native alloc=10MB free=9MB
W/PackageManager(  811): Not granting permission android.permission.MANAGE_DOCUMENTS to package com.careerbuilder.SugarDrone (protectionLevel=2 flags=0x8be46)
W/PackageManager(  811): Not granting permission android.permission.MOUNT_UNMOUNT_FILESYSTEMS to package com.careerbuilder.SugarDrone (protectionLevel=18 flags=0x8be46)
V/BackupManagerService(  811): restoreAtInstall pkg=com.careerbuilder.SugarDrone token=6 restoreSet=0
V/BackupManagerService(  811): Finishing install immediately
W/Settings(  811): Setting install_non_market_apps has moved from android.provider.Settings.Global to android.provider.Settings.Secure, returning read-only value.
D/BuaReceiver( 3683): ====== got intent:Intent { act=android.intent.action.PACKAGE_ADDED dat=package:com.careerbuilder.SugarDrone flg=0x4000010 cmp=com.motorola.android.buacontactadapter/.BuaReceiver (has extras) }
W/InputMethodInfo(  811): Duplicated subtype definition found: , voice
I/InputReader(  811): Reconfiguring input devices.  changes=0x00000010
I/UpdateIcingCorporaServi( 2803): Updating corpora: APPS=com.careerbuilder.SugarDrone, CONTACTS=MAYBE
D/BackupManagerService(  811): Received broadcast Intent { act=android.intent.action.PACKAGE_ADDED dat=package:com.careerbuilder.SugarDrone flg=0x4000010 (has extras) }
W/BackupManagerService(  811): Removing schedule queue dupe of com.careerbuilder.SugarDrone
I/PeopleContactsSync( 1774): triggerPendingContactsCleanup: no accounts
D/Wear_Controller( 1774): Received broadcast action=android.intent.action.PACKAGE_ADDED and uri=com.careerbuilder.SugarDrone
W/IcingInternalCorpora( 1774): getNumBytesRead when not calculated.
I/Icing   ( 1774): Usage reports 0 indexed 0 rejected 0 imm upload true
I/ApplicationLogger( 2803): canRun() : Opted Out
I/UpdateIcingCorporaServi( 2803): UpdateCorporaTask done [took 229 ms] updated apps [took 229 ms] 
I/Icing   ( 1774): Usage reports 0 indexed 0 rejected 0 imm upload false
I/Icing   ( 1774): Usage reports 0 indexed 0 rejected 0 imm upload false
I/art     (  811): Explicit concurrent mark sweep GC freed 190227(8MB) AllocSpace objects, 35(1721KB) LOS objects, 28% free, 39MB/55MB, paused 3.032ms total 392.540ms
I/art     ( 7395): System.exit called, status: 0
I/AndroidRuntime( 7395): VM exiting with result code 0.
D/AndroidRuntime( 7597): >>>>>> START com.android.internal.os.RuntimeInit uid 2000 <<<<<<
D/AndroidRuntime( 7597): CheckJNI is OFF
D/AndroidRuntime( 7597): Calling main entry com.android.commands.settings.SettingsCmd
D/AndroidRuntime( 7597): Shutting down VM
E/WifiStateMachine(  811): WifiStateMachine CMD_START_SCAN source -2 txSuccessRate=0.00 rxSuccessRate=0.00 targetRoamBSSID=any RSSI=-49
E/WifiStateMachine(  811): WifiStateMachine starting scan for "xtc-ag"WPA_PSK with 5240,2437,5180
I/Icing   ( 1774): Indexing 4CC663A45D3554F20217D9AEE3642AE58F200914 from com.google.android.googlequicksearchbox
D/AndroidRuntime( 7621): >>>>>> START com.android.internal.os.RuntimeInit uid 2000 <<<<<<
D/AndroidRuntime( 7621): CheckJNI is OFF
I/Icing   ( 1774): Indexing done 4CC663A45D3554F20217D9AEE3642AE58F200914
I/Icing   ( 1774): Indexing 3350114A444F4A7E0693C298C7FB71318300EE55 from com.google.android.gms
I/Icing   ( 1774): Indexing done 3350114A444F4A7E0693C298C7FB71318300EE55
D/AndroidRuntime( 7621): Calling main entry com.android.commands.settings.SettingsCmd
D/AndroidRuntime( 7621): Shutting down VM
D/AndroidRuntime( 7647): >>>>>> START com.android.internal.os.RuntimeInit uid 2000 <<<<<<
D/AndroidRuntime( 7647): CheckJNI is OFF
D/AndroidRuntime( 7647): Calling main entry com.android.commands.settings.SettingsCmd
D/AndroidRuntime( 7647): Shutting down VM
D/AndroidRuntime( 7673): >>>>>> START com.android.internal.os.RuntimeInit uid 2000 <<<<<<
D/AndroidRuntime( 7673): CheckJNI is OFF
D/AndroidRuntime( 7673): Calling main entry com.android.commands.settings.SettingsCmd
D/AndroidRuntime( 7673): Shutting down VM
D/AndroidRuntime( 7695): >>>>>> START com.android.internal.os.RuntimeInit uid 2000 <<<<<<
D/AndroidRuntime( 7695): CheckJNI is OFF
D/AndroidRuntime( 7695): Calling main entry com.android.commands.settings.SettingsCmd
D/AndroidRuntime( 7695): Shutting down VM
D/AndroidRuntime( 7719): >>>>>> START com.android.internal.os.RuntimeInit uid 2000 <<<<<<
D/AndroidRuntime( 7719): CheckJNI is OFF
D/AndroidRuntime( 7719): Calling main entry com.android.commands.pm.Pm
I/art     ( 7719): System.exit called, status: 0
I/AndroidRuntime( 7719): VM exiting with result code 0.
D/AndroidRuntime( 7784): >>>>>> START com.android.internal.os.RuntimeInit uid 2000 <<<<<<
D/AndroidRuntime( 7784): CheckJNI is OFF
D/AndroidRuntime( 7784): Calling main entry com.android.commands.pm.Pm
I/art     ( 7784): System.exit called, status: 0
I/AndroidRuntime( 7784): VM exiting with result code 0.
D/AndroidRuntime( 7865): >>>>>> START com.android.internal.os.RuntimeInit uid 2000 <<<<<<
D/AndroidRuntime( 7865): CheckJNI is OFF
D/AndroidRuntime( 7865): Calling main entry com.android.commands.am.Am
W/ActivityManager(  811): Invalid packageName: com.careerbuilder.SugarDrone.test
D/AndroidRuntime( 7865): Shutting down VM
D/AndroidRuntime( 7895): >>>>>> START com.android.internal.os.RuntimeInit uid 2000 <<<<<<
D/AndroidRuntime( 7895): CheckJNI is OFF
D/AndroidRuntime( 7895): Calling main entry com.android.commands.pm.Pm
D/DefContainer( 6081): Copying /data/local/tmp/0000004337 to base.apk
D/PackageManager(  811): Renaming /data/app/vmdl491642762.tmp to /data/app/com.careerbuilder.SugarDrone.test-1
I/PackageManager(  811): Running dexopt on: /data/app/com.careerbuilder.SugarDrone.test-1/base.apk pkg=com.careerbuilder.SugarDrone.test isa=arm vmSafeMode=false
I/dex2oat ( 7918): /system/bin/dex2oat --zip-fd=6 --zip-location=/data/app/com.careerbuilder.SugarDrone.test-1/base.apk --oat-fd=7 --oat-location=/data/dalvik-cache/arm/data@app@com.careerbuilder.SugarDrone.test-1@base.apk@classes.dex --instruction-set=arm --instruction-set-features=div --runtime-arg -Xms64m --runtime-arg -Xmx512m --swap-fd=8
I/dex2oat ( 7918): Decided to run without swap.
I/dex2oat ( 7918): dex2oat took 2.092s (threads: 4) arena alloc=1962KB java alloc=1924KB native alloc=7MB free=8MB
V/BackupManagerService(  811): restoreAtInstall pkg=com.careerbuilder.SugarDrone.test token=7 restoreSet=0
V/BackupManagerService(  811): Finishing install immediately
W/Settings(  811): Setting install_non_market_apps has moved from android.provider.Settings.Global to android.provider.Settings.Secure, returning read-only value.
D/BuaReceiver( 3683): ====== got intent:Intent { act=android.intent.action.PACKAGE_ADDED dat=package:com.careerbuilder.SugarDrone.test flg=0x4000010 cmp=com.motorola.android.buacontactadapter/.BuaReceiver (has extras) }
I/InputReader(  811): Reconfiguring input devices.  changes=0x00000010
W/InputMethodInfo(  811): Duplicated subtype definition found: , voice
I/UpdateIcingCorporaServi( 2803): Updating corpora: APPS=com.careerbuilder.SugarDrone.test, CONTACTS=MAYBE
I/ApplicationLogger( 2803): canRun() : Opted Out
I/UpdateIcingCorporaServi( 2803): UpdateCorporaTask done [took 24 ms] updated apps [took 24 ms] 
D/BackupManagerService(  811): Received broadcast Intent { act=android.intent.action.PACKAGE_ADDED dat=package:com.careerbuilder.SugarDrone.test flg=0x4000010 (has extras) }
W/BackupManagerService(  811): Removing schedule queue dupe of com.careerbuilder.SugarDrone.test
D/Wear_Controller( 1774): Received broadcast action=android.intent.action.PACKAGE_ADDED and uri=com.careerbuilder.SugarDrone.test
I/PeopleContactsSync( 1774): triggerPendingContactsCleanup: no accounts
W/IcingInternalCorpora( 1774): getNumBytesRead when not calculated.
I/art     (  811): Explicit concurrent mark sweep GC freed 86698(4MB) AllocSpace objects, 15(3MB) LOS objects, 31% free, 35MB/51MB, paused 2.757ms total 236.202ms
I/art     ( 7895): System.exit called, status: 0
I/AndroidRuntime( 7895): VM exiting with result code 0.
I/Icing   ( 1774): Usage reports 0 indexed 0 rejected 0 imm upload false
I/art     ( 2069): Explicit concurrent mark sweep GC freed 31961(1934KB) AllocSpace objects, 34(544KB) LOS objects, 34% free, 30MB/46MB, paused 741us total 35.306ms
I/Icing   ( 1774): Usage reports 0 indexed 0 rejected 0 imm upload false
D/AndroidRuntime( 7999): >>>>>> START com.android.internal.os.RuntimeInit uid 2000 <<<<<<
D/AndroidRuntime( 7999): CheckJNI is OFF
D/AndroidRuntime( 7999): Calling main entry com.android.commands.settings.SettingsCmd
D/AndroidRuntime( 7999): Shutting down VM
D/AndroidRuntime( 8023): >>>>>> START com.android.internal.os.RuntimeInit uid 2000 <<<<<<
D/AndroidRuntime( 8023): CheckJNI is OFF
D/AndroidRuntime( 8023): Calling main entry com.android.commands.settings.SettingsCmd
D/AndroidRuntime( 8023): Shutting down VM
I/Icing   ( 1774): Indexing 3350114A444F4A7E0693C298C7FB71318300EE55 from com.google.android.gms
I/Icing   ( 1774): Indexing done 3350114A444F4A7E0693C298C7FB71318300EE55
D/AndroidRuntime( 8050): >>>>>> START com.android.internal.os.RuntimeInit uid 2000 <<<<<<
D/AndroidRuntime( 8050): CheckJNI is OFF
D/AndroidRuntime( 8050): Calling main entry com.android.commands.settings.SettingsCmd
D/AndroidRuntime( 8050): Shutting down VM
D/AndroidRuntime( 8075): >>>>>> START com.android.internal.os.RuntimeInit uid 2000 <<<<<<
D/AndroidRuntime( 8075): CheckJNI is OFF
D/AndroidRuntime( 8075): Calling main entry com.android.commands.settings.SettingsCmd
D/AndroidRuntime( 8075): Shutting down VM
D/AndroidRuntime( 8100): >>>>>> START com.android.internal.os.RuntimeInit uid 2000 <<<<<<
D/AndroidRuntime( 8100): CheckJNI is OFF
D/AndroidRuntime( 8100): Calling main entry com.android.commands.settings.SettingsCmd
D/AndroidRuntime( 8100): Shutting down VM
D/AndroidRuntime( 8123): >>>>>> START com.android.internal.os.RuntimeInit uid 2000 <<<<<<
D/AndroidRuntime( 8123): CheckJNI is OFF
D/AndroidRuntime( 8123): Calling main entry com.android.commands.pm.Pm
I/art     ( 8123): System.exit called, status: 0
I/AndroidRuntime( 8123): VM exiting with result code 0.
D/AndroidRuntime( 8185): >>>>>> START com.android.internal.os.RuntimeInit uid 2000 <<<<<<
D/AndroidRuntime( 8185): CheckJNI is OFF
D/AndroidRuntime( 8185): Calling main entry com.android.commands.pm.Pm
I/art     ( 8185): System.exit called, status: 0
I/AndroidRuntime( 8185): VM exiting with result code 0.
E/WifiStateMachine(  811): WifiStateMachine CMD_START_SCAN source -2 txSuccessRate=0.00 rxSuccessRate=0.02 targetRoamBSSID=any RSSI=-49
D/AndroidRuntime( 8272): >>>>>> START com.android.internal.os.RuntimeInit uid 2000 <<<<<<
D/AndroidRuntime( 8272): CheckJNI is OFF
D/AndroidRuntime( 8272): Calling main entry com.android.commands.input.Input
I/Input   ( 8272): injectKeyEvent: KeyEvent { action=ACTION_DOWN, keyCode=KEYCODE_BACK, scanCode=0, metaState=0, flags=0x0, repeatCount=0, eventTime=232490, downTime=232490, deviceId=-1, source=0x101 }
I/Input   ( 8272): injectKeyEvent: KeyEvent { action=ACTION_UP, keyCode=KEYCODE_BACK, scanCode=0, metaState=0, flags=0x0, repeatCount=0, eventTime=232490, downTime=232490, deviceId=-1, source=0x101 }
D/AndroidRuntime( 8272): Shutting down VM
E/WifiConfigStore(  811):  rewrite network history for "xtc"WPA_PSK
E/WifiConfigStore(  811): writeKnownNetworkHistory write linked 2
E/WifiConfigStore(  811): writeKnownNetworkHistory write linked 2
E/WifiConfigStore(  811): writeKnownNetworkHistory write linked 2
D/AndroidRuntime( 8328): >>>>>> START com.android.internal.os.RuntimeInit uid 2000 <<<<<<
D/AndroidRuntime( 8328): CheckJNI is OFF
D/AndroidRuntime( 8328): Calling main entry com.android.commands.input.Input
I/Input   ( 8328): injectKeyEvent: KeyEvent { action=ACTION_DOWN, keyCode=KEYCODE_HOME, scanCode=0, metaState=0, flags=0x0, repeatCount=0, eventTime=233912, downTime=233912, deviceId=-1, source=0x101 }
I/Input   ( 8328): injectKeyEvent: KeyEvent { action=ACTION_UP, keyCode=KEYCODE_HOME, scanCode=0, metaState=0, flags=0x0, repeatCount=0, eventTime=233912, downTime=233912, deviceId=-1, source=0x101 }
I/ActivityManager(  811): START u0 {act=android.intent.action.MAIN cat=[android.intent.category.HOME] flg=0x10200000 cmp=com.google.android.googlequicksearchbox/com.google.android.launcher.GEL} from uid 1000 on display 0
I/GEL     ( 1316): handleIntent(Intent { act=android.intent.action.MAIN cat=[android.intent.category.HOME] flg=0x10200000 cmp=com.google.android.googlequicksearchbox/com.google.android.launcher.GEL })
D/AndroidRuntime( 8328): Shutting down VM
D/AndroidRuntime( 8361): >>>>>> START com.android.internal.os.RuntimeInit uid 2000 <<<<<<
D/AndroidRuntime( 8361): CheckJNI is OFF
D/AndroidRuntime( 8361): Calling main entry com.android.commands.input.Input
I/Input   ( 8361): injectKeyEvent: KeyEvent { action=ACTION_DOWN, keyCode=KEYCODE_BACK, scanCode=0, metaState=0, flags=0x0, repeatCount=0, eventTime=234971, downTime=234971, deviceId=-1, source=0x101 }
I/Input   ( 8361): injectKeyEvent: KeyEvent { action=ACTION_UP, keyCode=KEYCODE_BACK, scanCode=0, metaState=0, flags=0x0, repeatCount=0, eventTime=234971, downTime=234971, deviceId=-1, source=0x101 }
D/AndroidRuntime( 8361): Shutting down VM
D/AndroidRuntime( 8408): >>>>>> START com.android.internal.os.RuntimeInit uid 2000 <<<<<<
D/AndroidRuntime( 8408): CheckJNI is OFF
D/AndroidRuntime( 8408): Calling main entry com.android.commands.am.Am
I/ActivityManager(  811): Force stopping com.careerbuilder.SugarDrone appid=16276 user=0: start instr
I/art     ( 8426): Late-enabling -Xcheck:jni
I/ActivityManager(  811): Start proc 8426:com.careerbuilder.SugarDrone/u0a6276 for added application com.careerbuilder.SugarDrone
W/monodroid( 8426): Using override path: /data/data/com.careerbuilder.SugarDrone/files/.__override__
W/monodroid( 8426): Trying to load sgen from: /data/data/com.careerbuilder.SugarDrone/files/.__override__/libmonosgen-2.0.so
W/monodroid( 8426): Trying to load sgen from: /storage/emulated/0/Android/data/com.careerbuilder.SugarDrone/files/.__override__/libmonosgen-2.0.so
W/monodroid( 8426): Trying to load sgen from: /data/app/com.careerbuilder.SugarDrone-1/lib/arm/libmonosgen-2.0.so
D/Mono    ( 8426): Image addref mscorlib[0xb4ae8520] -> mscorlib.dll[0xb483e400]: 2
D/Mono    ( 8426): Prepared to set up assembly 'mscorlib' (mscorlib.dll)
D/Mono    ( 8426): AOT module 'mscorlib.dll.so' not found: dlopen failed: library "/data/app/com.careerbuilder.SugarDrone-1/lib/arm/libaot-mscorlib.dll.so" not found
D/Mono    ( 8426): AOT module '/Users/builder/data/lanes/4009/3a62f1ea/source/monodroid/builds/install/mono-armv6/lib/mono/aot-cache/arm/mscorlib.dll.so' not found: dlopen failed: library "/data/app/com.careerbuilder.SugarDrone-1/lib/arm/libaot-mscorlib.dll.so" not found
D/Mono    ( 8426): Config attempting to parse: 'mscorlib.dll.config'.
D/Mono    ( 8426): Config attempting to parse: '/Users/builder/data/lanes/4009/3a62f1ea/source/monodroid/builds/install/mono-armv6/etc/mono/assemblies/mscorlib/mscorlib.config'.
D/Mono    ( 8426): Assembly mscorlib[0xb4ae8520] added to domain RootDomain, ref_count=1
D/Mono    ( 8426): Image addref CareerBuilder_Search.Droid[0xb4ae8580] -> CareerBuilder_Search.Droid.dll[0xb483f800]: 2
D/Mono    ( 8426): Prepared to set up assembly 'CareerBuilder_Search.Droid' (CareerBuilder_Search.Droid.dll)
D/Mono    ( 8426): Assembly CareerBuilder_Search.Droid[0xb4ae8580] added to domain RootDomain, ref_count=1
D/Mono    ( 8426): AOT module 'CareerBuilder_Search.Droid.dll.so' not found: dlopen failed: library "/data/app/com.careerbuilder.SugarDrone-1/lib/arm/libaot-CareerBuilder_Search.Droid.dll.so" not found
D/Mono    ( 8426): AOT module '/Users/builder/data/lanes/4009/3a62f1ea/source/monodroid/builds/install/mono-armv6/lib/mono/aot-cache/arm/CareerBuilder_Search.Droid.dll.so' not found: dlopen failed: library "/data/app/com.careerbuilder.SugarDrone-1/lib/arm/libaot-CareerBuilder_Search.Droid.dll.so" not found
D/Mono    ( 8426): Config attempting to parse: 'CareerBuilder_Search.Droid.dll.config'.
D/Mono    ( 8426): Config attempting to parse: '/Users/builder/data/lanes/4009/3a62f1ea/source/monodroid/builds/install/mono-armv6/etc/mono/assemblies/CareerBuilder_Search.Droid/CareerBuilder_Search.Droid.config'.
D/Mono    ( 8426): Image addref AppsFlyerXamarinBindingAndroid[0xb4ae85e0] -> AppsFlyerXamarinBindingAndroid.dll[0xb483fd00]: 2
D/Mono    ( 8426): Prepared to set up assembly 'AppsFlyerXamarinBindingAndroid' (AppsFlyerXamarinBindingAndroid.dll)
D/Mono    ( 8426): Assembly AppsFlyerXamarinBindingAndroid[0xb4ae85e0] added to domain RootDomain, ref_count=1
D/Mono    ( 8426): AOT module 'AppsFlyerXamarinBindingAndroid.dll.so' not found: dlopen failed: library "/data/app/com.careerbuilder.SugarDrone-1/lib/arm/libaot-AppsFlyerXamarinBindingAndroid.dll.so" not found
D/Mono    ( 8426): AOT module '/Users/builder/data/lanes/4009/3a62f1ea/source/monodroid/builds/install/mono-armv6/lib/mono/aot-cache/arm/AppsFlyerXamarinBindingAndroid.dll.so' not found: dlopen failed: library "/data/app/com.careerbuilder.SugarDrone-1/lib/arm/libaot-AppsFlyerXamarinBindingAndroid.dll.so" not found
D/Mono    ( 8426): Config attempting to parse: 'AppsFlyerXamarinBindingAndroid.dll.config'.
D/Mono    ( 8426): Config attempting to parse: '/Users/builder/data/lanes/4009/3a62f1ea/source/monodroid/builds/install/mono-armv6/etc/mono/assemblies/AppsFlyerXamarinBindingAndroid/AppsFlyerXamarinBindingAndroid.config'.
D/Mono    ( 8426): Image addref HockeySDK[0xb4ae8640] -> HockeySDK.dll[0xb4840200]: 2
D/Mono    ( 8426): Prepared to set up assembly 'HockeySDK' (HockeySDK.dll)
D/Mono    ( 8426): Assembly HockeySDK[0xb4ae8640] added to domain RootDomain, ref_count=1
D/Mono    ( 8426): AOT module 'HockeySDK.dll.so' not found: dlopen failed: library "/data/app/com.careerbuilder.SugarDrone-1/lib/arm/libaot-HockeySDK.dll.so" not found
D/Mono    ( 8426): AOT module '/Users/builder/data/lanes/4009/3a62f1ea/source/monodroid/builds/install/mono-armv6/lib/mono/aot-cache/arm/HockeySDK.dll.so' not found: dlopen failed: library "/data/app/com.careerbuilder.SugarDrone-1/lib/arm/libaot-HockeySDK.dll.so" not found
D/Mono    ( 8426): Config attempting to parse: 'HockeySDK.dll.config'.
D/Mono    ( 8426): Config attempting to parse: '/Users/builder/data/lanes/4009/3a62f1ea/source/monodroid/builds/install/mono-armv6/etc/mono/assemblies/HockeySDK/HockeySDK.config'.
D/Mono    ( 8426): Image addref Akavache[0xb4ae86a0] -> Akavache.dll[0xb4840700]: 2
D/Mono    ( 8426): Prepared to set up assembly 'Akavache' (Akavache.dll)
D/Mono    ( 8426): Assembly Akavache[0xb4ae86a0] added to domain RootDomain, ref_count=1
D/Mono    ( 8426): AOT module 'Akavache.dll.so' not found: dlopen failed: library "/data/app/com.careerbuilder.SugarDrone-1/lib/arm/libaot-Akavache.dll.so" not found
D/Mono    ( 8426): AOT module '/Users/builder/data/lanes/4009/3a62f1ea/source/monodroid/builds/install/mono-armv6/lib/mono/aot-cache/arm/Akavache.dll.so' not found: dlopen failed: library "/data/app/com.careerbuilder.SugarDrone-1/lib/arm/libaot-Akavache.dll.so" not found
D/Mono    ( 8426): Config attempting to parse: 'Akavache.dll.config'.
D/Mono    ( 8426): Config attempting to parse: '/Users/builder/data/lanes/4009/3a62f1ea/source/monodroid/builds/install/mono-armv6/etc/mono/assemblies/Akavache/Akavache.config'.
D/Mono    ( 8426): Image addref Akavache.Sqlite3[0xb4ae8700] -> Akavache.Sqlite3.dll[0xb4841100]: 2
D/Mono    ( 8426): Prepared to set up assembly 'Akavache.Sqlite3' (Akavache.Sqlite3.dll)
D/Mono    ( 8426): Assembly Akavache.Sqlite3[0xb4ae8700] added to domain RootDomain, ref_count=1
D/Mono    ( 8426): AOT module 'Akavache.Sqlite3.dll.so' not found: dlopen failed: library "/data/app/com.careerbuilder.SugarDrone-1/lib/arm/libaot-Akavache.Sqlite3.dll.so" not found
D/Mono    ( 8426): AOT module '/Users/builder/data/lanes/4009/3a62f1ea/source/monodroid/builds/install/mono-armv6/lib/mono/aot-cache/arm/Akavache.Sqlite3.dll.so' not found: dlopen failed: library "/data/app/com.careerbuilder.SugarDrone-1/lib/arm/libaot-Akavache.Sqlite3.dll.so" not found
W/        ( 8426): Symbol file LoadedFromMemory doesn't match image Akavache.Sqlite3.dll
D/Mono    ( 8426): Config attempting to parse: 'Akavache.Sqlite3.dll.config'.
D/Mono    ( 8426): Config attempting to parse: '/Users/builder/data/lanes/4009/3a62f1ea/source/monodroid/builds/install/mono-armv6/etc/mono/assemblies/Akavache.Sqlite3/Akavache.Sqlite3.config'.
D/Mono    ( 8426): Image addref Splat[0xb4ae8760] -> Splat.dll[0xb4841b00]: 2
D/Mono    ( 8426): Prepared to set up assembly 'Splat' (Splat.dll)
D/Mono    ( 8426): Assembly Splat[0xb4ae8760] added to domain RootDomain, ref_count=1
D/Mono    ( 8426): AOT module 'Splat.dll.so' not found: dlopen failed: library "/data/app/com.careerbuilder.SugarDrone-1/lib/arm/libaot-Splat.dll.so" not found
D/Mono    ( 8426): AOT module '/Users/builder/data/lanes/4009/3a62f1ea/source/monodroid/builds/install/mono-armv6/lib/mono/aot-cache/arm/Splat.dll.so' not found: dlopen failed: library "/data/app/com.careerbuilder.SugarDrone-1/lib/arm/libaot-Splat.dll.so" not found
D/Mono    ( 8426): Config attempting to parse: 'Splat.dll.config'.
D/Mono    ( 8426): Config attempting to parse: '/Users/builder/data/lanes/4009/3a62f1ea/source/monodroid/builds/install/mono-armv6/etc/mono/assemblies/Splat/Splat.config'.
D/Mono    ( 8426): Image addref Microsoft.Practices.ServiceLocation[0xb4ae87c0] -> Microsoft.Practices.ServiceLocation.dll[0xb4842500]: 2
D/Mono    ( 8426): Prepared to set up assembly 'Microsoft.Practices.ServiceLocation' (Microsoft.Practices.ServiceLocation.dll)
D/Mono    ( 8426): Assembly Microsoft.Practices.ServiceLocation[0xb4ae87c0] added to domain RootDomain, ref_count=1
D/Mono    ( 8426): AOT module 'Microsoft.Practices.ServiceLocation.dll.so' not found: dlopen failed: library "/data/app/com.careerbuilder.SugarDrone-1/lib/arm/libaot-Microsoft.Practices.ServiceLocation.dll.so" not found
D/Mono    ( 8426): AOT module '/Users/builder/data/lanes/4009/3a62f1ea/source/monodroid/builds/install/mono-armv6/lib/mono/aot-cache/arm/Microsoft.Practices.ServiceLocation.dll.so' not found: dlopen failed: library "/data/app/com.careerbuilder.SugarDrone-1/lib/arm/libaot-Microsoft.Practices.ServiceLocation.dll.so" not found
D/Mono    ( 8426): Config attempting to parse: 'Microsoft.Practices.ServiceLocation.dll.config'.
D/Mono    ( 8426): Config attempting to parse: '/Users/builder/data/lanes/4009/3a62f1ea/source/monodroid/builds/install/mono-armv6/etc/mono/assemblies/Microsoft.Practices.ServiceLocation/Microsoft.Practices.ServiceLocation.config'.
D/Mono    ( 8426): Image addref Microsoft.Practices.Unity[0xb4ae8820] -> Microsoft.Practices.Unity.dll[0xb4842a00]: 2
D/Mono    ( 8426): Prepared to set up assembly 'Microsoft.Practices.Unity' (Microsoft.Practices.Unity.dll)
D/Mono    ( 8426): Assembly Microsoft.Practices.Unity[0xb4ae8820] added to domain RootDomain, ref_count=1
D/Mono    ( 8426): AOT module 'Microsoft.Practices.Unity.dll.so' not found: dlopen failed: library "/data/app/com.careerbuilder.SugarDrone-1/lib/arm/libaot-Microsoft.Practices.Unity.dll.so" not found
D/Mono    ( 8426): AOT module '/Users/builder/data/lanes/4009/3a62f1ea/source/monodroid/builds/install/mono-armv6/lib/mono/aot-cache/arm/Microsoft.Practices.Unity.dll.so' not found: dlopen failed: library "/data/app/com.careerbuilder.SugarDrone-1/lib/arm/libaot-Microsoft.Practices.Unity.dll.so" not found
D/Mono    ( 8426): Config attempting to parse: 'Microsoft.Practices.Unity.dll.config'.
D/Mono    ( 8426): Config attempting to parse: '/Users/builder/data/lanes/4009/3a62f1ea/source/monodroid/builds/install/mono-armv6/etc/mono/assemblies/Microsoft.Practices.Unity/Microsoft.Practices.Unity.config'.
D/Mono    ( 8426): Image addref Plugin.CurrentActivity[0xb4ae8880] -> Plugin.CurrentActivity.dll[0xb4843400]: 2
D/Mono    ( 8426): Prepared to set up assembly 'Plugin.CurrentActivity' (Plugin.CurrentActivity.dll)
D/Mono    ( 8426): Assembly Plugin.CurrentActivity[0xb4ae8880] added to domain RootDomain, ref_count=1
D/Mono    ( 8426): AOT module 'Plugin.CurrentActivity.dll.so' not found: dlopen failed: library "/data/app/com.careerbuilder.SugarDrone-1/lib/arm/libaot-Plugin.CurrentActivity.dll.so" not found
D/Mono    ( 8426): AOT module '/Users/builder/data/lanes/4009/3a62f1ea/source/monodroid/builds/install/mono-armv6/lib/mono/aot-cache/arm/Plugin.CurrentActivity.dll.so' not found: dlopen failed: library "/data/app/com.careerbuilder.SugarDrone-1/lib/arm/libaot-Plugin.CurrentActivity.dll.so" not found
D/Mono    ( 8426): Config attempting to parse: 'Plugin.CurrentActivity.dll.config'.
D/Mono    ( 8426): Config attempting to parse: '/Users/builder/data/lanes/4009/3a62f1ea/source/monodroid/builds/install/mono-armv6/etc/mono/assemblies/Plugin.CurrentActivity/Plugin.CurrentActivity.config'.
D/Mono    ( 8426): Image addref Plugin.Permissions[0xb4ae88e0] -> Plugin.Permissions.dll[0xb4843900]: 2
D/Mono    ( 8426): Prepared to set up assembly 'Plugin.Permissions' (Plugin.Permissions.dll)
D/Mono    ( 8426): Assembly Plugin.Permissions[0xb4ae88e0] added to domain RootDomain, ref_count=1
D/Mono    ( 8426): AOT module 'Plugin.Permissions.dll.so' not found: dlopen failed: library "/data/app/com.careerbuilder.SugarDrone-1/lib/arm/libaot-Plugin.Permissions.dll.so" not found
D/Mono    ( 8426): AOT module '/Users/builder/data/lanes/4009/3a62f1ea/source/monodroid/builds/install/mono-armv6/lib/mono/aot-cache/arm/Plugin.Permissions.dll.so' not found: dlopen failed: library "/data/app/com.careerbuilder.SugarDrone-1/lib/arm/libaot-Plugin.Permissions.dll.so" not found
D/Mono    ( 8426): Config attempting to parse: 'Plugin.Permissions.dll.config'.
D/Mono    ( 8426): Config attempting to parse: '/Users/builder/data/lanes/4009/3a62f1ea/source/monodroid/builds/install/mono-armv6/etc/mono/assemblies/Plugin.Permissions/Plugin.Permissions.config'.
D/Mono    ( 8426): Image addref Plugin.Permissions.Abstractions[0xb4ae8940] -> Plugin.Permissions.Abstractions.dll[0xb4843e00]: 2
D/Mono    ( 8426): Prepared to set up assembly 'Plugin.Permissions.Abstractions' (Plugin.Permissions.Abstractions.dll)
D/Mono    ( 8426): Assembly Plugin.Permissions.Abstractions[0xb4ae8940] added to domain RootDomain, ref_count=1
D/Mono    ( 8426): AOT module 'Plugin.Permissions.Abstractions.dll.so' not found: dlopen failed: library "/data/app/com.careerbuilder.SugarDrone-1/lib/arm/libaot-Plugin.Permissions.Abstractions.dll.so" not found
D/Mono    ( 8426): AOT module '/Users/builder/data/lanes/4009/3a62f1ea/source/monodroid/builds/install/mono-armv6/lib/mono/aot-cache/arm/Plugin.Permissions.Abstractions.dll.so' not found: dlopen failed: library "/data/app/com.careerbuilder.SugarDrone-1/lib/arm/libaot-Plugin.Permissions.Abstractions.dll.so" not found
D/Mono    ( 8426): Config attempting to parse: 'Plugin.Permissions.Abstractions.dll.config'.
D/Mono    ( 8426): Config attempting to parse: '/Users/builder/data/lanes/4009/3a62f1ea/source/monodroid/builds/install/mono-armv6/etc/mono/assemblies/Plugin.Permissions.Abstractions/Plugin.Permissions.Abstractions.config'.
D/Mono    ( 8426): Image addref Plugin.Geolocator[0xb4ae89a0] -> Plugin.Geolocator.dll[0xb4844300]: 2
D/Mono    ( 8426): Prepared to set up assembly 'Plugin.Geolocator' (Plugin.Geolocator.dll)
D/Mono    ( 8426): Assembly Plugin.Geolocator[0xb4ae89a0] added to domain RootDomain, ref_count=1
D/Mono    ( 8426): AOT module 'Plugin.Geolocator.dll.so' not found: dlopen failed: library "/data/app/com.careerbuilder.SugarDrone-1/lib/arm/libaot-Plugin.Geolocator.dll.so" not found
D/Mono    ( 8426): AOT module '/Users/builder/data/lanes/4009/3a62f1ea/source/monodroid/builds/install/mono-armv6/lib/mono/aot-cache/arm/Plugin.Geolocator.dll.so' not found: dlopen failed: library "/data/app/com.careerbuilder.SugarDrone-1/lib/arm/libaot-Plugin.Geolocator.dll.so" not found
D/Mono    ( 8426): Config attempting to parse: 'Plugin.Geolocator.dll.config'.
D/Mono    ( 8426): Config attempting to parse: '/Users/builder/data/lanes/4009/3a62f1ea/source/monodroid/builds/install/mono-armv6/etc/mono/assemblies/Plugin.Geolocator/Plugin.Geolocator.config'.
D/Mono    ( 8426): Image addref Plugin.Geolocator.Abstractions[0xb4ae8a00] -> Plugin.Geolocator.Abstractions.dll[0xb4844800]: 2
D/Mono    ( 8426): Prepared to set up assembly 'Plugin.Geolocator.Abstractions' (Plugin.Geolocator.Abstractions.dll)
D/Mono    ( 8426): Assembly Plugin.Geolocator.Abstractions[0xb4ae8a00] added to domain RootDomain, ref_count=1
D/Mono    ( 8426): AOT module 'Plugin.Geolocator.Abstractions.dll.so' not found: dlopen failed: library "/data/app/com.careerbuilder.SugarDrone-1/lib/arm/libaot-Plugin.Geolocator.Abstractions.dll.so" not found
D/Mono    ( 8426): AOT module '/Users/builder/data/lanes/4009/3a62f1ea/source/monodroid/builds/install/mono-armv6/lib/mono/aot-cache/arm/Plugin.Geolocator.Abstractions.dll.so' not found: dlopen failed: library "/data/app/com.careerbuilder.SugarDrone-1/lib/arm/libaot-Plugin.Geolocator.Abstractions.dll.so" not found
D/Mono    ( 8426): Config attempting to parse: 'Plugin.Geolocator.Abstractions.dll.config'.
D/Mono    ( 8426): Config attempting to parse: '/Users/builder/data/lanes/4009/3a62f1ea/source/monodroid/builds/install/mono-armv6/etc/mono/assemblies/Plugin.Geolocator.Abstractions/Plugin.Geolocator.Abstractions.config'.
D/Mono    ( 8426): Image addref Plugin.DeviceInfo[0xb4ae8a60] -> Plugin.DeviceInfo.dll[0xb4844d00]: 2
D/Mono    ( 8426): Prepared to set up assembly 'Plugin.DeviceInfo' (Plugin.DeviceInfo.dll)
D/Mono    ( 8426): Assembly Plugin.DeviceInfo[0xb4ae8a60] added to domain RootDomain, ref_count=1
D/Mono    ( 8426): AOT module 'Plugin.DeviceInfo.dll.so' not found: dlopen failed: library "/data/app/com.careerbuilder.SugarDrone-1/lib/arm/libaot-Plugin.DeviceInfo.dll.so" not found
D/Mono    ( 8426): AOT module '/Users/builder/data/lanes/4009/3a62f1ea/source/monodroid/builds/install/mono-armv6/lib/mono/aot-cache/arm/Plugin.DeviceInfo.dll.so' not found: dlopen failed: library "/data/app/com.careerbuilder.SugarDrone-1/lib/arm/libaot-Plugin.DeviceInfo.dll.so" not found
D/Mono    ( 8426): Config attempting to parse: 'Plugin.DeviceInfo.dll.config'.
D/Mono    ( 8426): Config attempting to parse: '/Users/builder/data/lanes/4009/3a62f1ea/source/monodroid/builds/install/mono-armv6/etc/mono/assemblies/Plugin.DeviceInfo/Plugin.DeviceInfo.config'.
D/Mono    ( 8426): Image addref Plugin.DeviceInfo.Abstractions[0xb4ae8ac0] -> Plugin.DeviceInfo.Abstractions.dll[0xb4845200]: 2
D/Mono    ( 8426): Prepared to set up assembly 'Plugin.DeviceInfo.Abstractions' (Plugin.DeviceInfo.Abstractions.dll)
D/Mono    ( 8426): Assembly Plugin.DeviceInfo.Abstractions[0xb4ae8ac0] added to domain RootDomain, ref_count=1
D/Mono    ( 8426): AOT module 'Plugin.DeviceInfo.Abstractions.dll.so' not found: dlopen failed: library "/data/app/com.careerbuilder.SugarDrone-1/lib/arm/libaot-Plugin.DeviceInfo.Abstractions.dll.so" not found
D/Mono    ( 8426): AOT module '/Users/builder/data/lanes/4009/3a62f1ea/source/monodroid/builds/install/mono-armv6/lib/mono/aot-cache/arm/Plugin.DeviceInfo.Abstractions.dll.so' not found: dlopen failed: library "/data/app/com.careerbuilder.SugarDrone-1/lib/arm/libaot-Plugin.DeviceInfo.Abstractions.dll.so" not found
D/Mono    ( 8426): Config attempting to parse: 'Plugin.DeviceInfo.Abstractions.dll.config'.
D/Mono    ( 8426): Config attempting to parse: '/Users/builder/data/lanes/4009/3a62f1ea/source/monodroid/builds/install/mono-armv6/etc/mono/assemblies/Plugin.DeviceInfo.Abstractions/Plugin.DeviceInfo.Abstractions.config'.
D/Mono    ( 8426): Image addref Xamarin.GooglePlayServices.Analytics[0xb4ae8b20] -> Xamarin.GooglePlayServices.Analytics.dll[0xb4845700]: 2
D/Mono    ( 8426): Prepared to set up assembly 'Xamarin.GooglePlayServices.Analytics' (Xamarin.GooglePlayServices.Analytics.dll)
D/Mono    ( 8426): Assembly Xamarin.GooglePlayServices.Analytics[0xb4ae8b20] added to domain RootDomain, ref_count=1
D/Mono    ( 8426): AOT module 'Xamarin.GooglePlayServices.Analytics.dll.so' not found: dlopen failed: library "/data/app/com.careerbuilder.SugarDrone-1/lib/arm/libaot-Xamarin.GooglePlayServices.Analytics.dll.so" not found
D/Mono    ( 8426): AOT module '/Users/builder/data/lanes/4009/3a62f1ea/source/monodroid/builds/install/mono-armv6/lib/mono/aot-cache/arm/Xamarin.GooglePlayServices.Analytics.dll.so' not found: dlopen failed: library "/data/app/com.careerbuilder.SugarDrone-1/lib/arm/libaot-Xamarin.GooglePlayServices.Analytics.dll.so" not found
D/Mono    ( 8426): Config attempting to parse: 'Xamarin.GooglePlayServices.Analytics.dll.config'.
D/Mono    ( 8426): Config attempting to parse: '/Users/builder/data/lanes/4009/3a62f1ea/source/monodroid/builds/install/mono-armv6/etc/mono/assemblies/Xamarin.GooglePlayServices.Analytics/Xamarin.GooglePlayServices.Analytics.config'.
D/Mono    ( 8426): Image addref Xamarin.GooglePlayServices.Base[0xb4ae8b80] -> Xamarin.GooglePlayServices.Base.dll[0xb4845c00]: 2
D/Mono    ( 8426): Prepared to set up assembly 'Xamarin.GooglePlayServices.Base' (Xamarin.GooglePlayServices.Base.dll)
D/Mono    ( 8426): Assembly Xamarin.GooglePlayServices.Base[0xb4ae8b80] added to domain RootDomain, ref_count=1
D/Mono    ( 8426): AOT module 'Xamarin.GooglePlayServices.Base.dll.so' not found: dlopen failed: library "/data/app/com.careerbuilder.SugarDrone-1/lib/arm/libaot-Xamarin.GooglePlayServices.Base.dll.so" not found
D/Mono    ( 8426): AOT module '/Users/builder/data/lanes/4009/3a62f1ea/source/monodroid/builds/install/mono-armv6/lib/mono/aot-cache/arm/Xamarin.GooglePlayServices.Base.dll.so' not found: dlopen failed: library "/data/app/com.careerbuilder.SugarDrone-1/lib/arm/libaot-Xamarin.GooglePlayServices.Base.dll.so" not found
D/Mono    ( 8426): Config attempting to parse: 'Xamarin.GooglePlayServices.Base.dll.config'.
D/Mono    ( 8426): Config attempting to parse: '/Users/builder/data/lanes/4009/3a62f1ea/source/monodroid/builds/install/mono-armv6/etc/mono/assemblies/Xamarin.GooglePlayServices.Base/Xamarin.GooglePlayServices.Base.config'.
D/Mono    ( 8426): Image addref Xamarin.GooglePlayServices.Basement[0xb4ae8be0] -> Xamarin.GooglePlayServices.Basement.dll[0xb4846100]: 2
D/Mono    ( 8426): Prepared to set up assembly 'Xamarin.GooglePlayServices.Basement' (Xamarin.GooglePlayServices.Basement.dll)
D/Mono    ( 8426): Assembly Xamarin.GooglePlayServices.Basement[0xb4ae8be0] added to domain RootDomain, ref_count=1
D/Mono    ( 8426): AOT module 'Xamarin.GooglePlayServices.Basement.dll.so' not found: dlopen failed: library "/data/app/com.careerbuilder.SugarDrone-1/lib/arm/libaot-Xamarin.GooglePlayServices.Basement.dll.so" not found
D/Mono    ( 8426): AOT module '/Users/builder/data/lanes/4009/3a62f1ea/source/monodroid/builds/install/mono-armv6/lib/mono/aot-cache/arm/Xamarin.GooglePlayServices.Basement.dll.so' not found: dlopen failed: library "/data/app/com.careerbuilder.SugarDrone-1/lib/arm/libaot-Xamarin.GooglePlayServices.Basement.dll.so" not found
D/Mono    ( 8426): Config attempting to parse: 'Xamarin.GooglePlayServices.Basement.dll.config'.
D/Mono    ( 8426): Config attempting to parse: '/Users/builder/data/lanes/4009/3a62f1ea/source/monodroid/builds/install/mono-armv6/etc/mono/assemblies/Xamarin.GooglePlayServices.Basement/Xamarin.GooglePlayServices.Basement.config'.
D/Mono    ( 8426): Image addref Xamarin.Insights[0xb4ae8c40] -> Xamarin.Insights.dll[0xb4846600]: 2
D/Mono    ( 8426): Prepared to set up assembly 'Xamarin.Insights' (Xamarin.Insights.dll)
D/Mono    ( 8426): Assembly Xamarin.Insights[0xb4ae8c40] added to domain RootDomain, ref_count=1
D/Mono    ( 8426): AOT module 'Xamarin.Insights.dll.so' not found: dlopen failed: library "/data/app/com.careerbuilder.SugarDrone-1/lib/arm/libaot-Xamarin.Insights.dll.so" not found
D/Mono    ( 8426): AOT module '/Users/builder/data/lanes/4009/3a62f1ea/source/monodroid/builds/install/mono-armv6/lib/mono/aot-cache/arm/Xamarin.Insights.dll.so' not found: dlopen failed: library "/data/app/com.careerbuilder.SugarDrone-1/lib/arm/libaot-Xamarin.Insights.dll.so" not found
D/Mono    ( 8426): Config attempting to parse: 'Xamarin.Insights.dll.config'.
D/Mono    ( 8426): Config attempting to parse: '/Users/builder/data/lanes/4009/3a62f1ea/source/monodroid/builds/install/mono-armv6/etc/mono/assemblies/Xamarin.Insights/Xamarin.Insights.config'.
D/Mono    ( 8426): Image addref Plugin.ExternalMaps[0xb4ae8ca0] -> Plugin.ExternalMaps.dll[0xb4846b00]: 2
D/Mono    ( 8426): Prepared to set up assembly 'Plugin.ExternalMaps' (Plugin.ExternalMaps.dll)
D/Mono    ( 8426): Assembly Plugin.ExternalMaps[0xb4ae8ca0] added to domain RootDomain, ref_count=1
D/Mono    ( 8426): AOT module 'Plugin.ExternalMaps.dll.so' not found: dlopen failed: library "/data/app/com.careerbuilder.SugarDrone-1/lib/arm/libaot-Plugin.ExternalMaps.dll.so" not found
D/Mono    ( 8426): AOT module '/Users/builder/data/lanes/4009/3a62f1ea/source/monodroid/builds/install/mono-armv6/lib/mono/aot-cache/arm/Plugin.ExternalMaps.dll.so' not found: dlopen failed: library "/data/app/com.careerbuilder.SugarDrone-1/lib/arm/libaot-Plugin.ExternalMaps.dll.so" not found
D/Mono    ( 8426): Config attempting to parse: 'Plugin.ExternalMaps.dll.config'.
D/Mono    ( 8426): Config attempting to parse: '/Users/builder/data/lanes/4009/3a62f1ea/source/monodroid/builds/install/mono-armv6/etc/mono/assemblies/Plugin.ExternalMaps/Plugin.ExternalMaps.config'.
D/Mono    ( 8426): Image addref Plugin.ExternalMaps.Abstractions[0xb4ae8d00] -> Plugin.ExternalMaps.Abstractions.dll[0xb4847000]: 2
D/Mono    ( 8426): Prepared to set up assembly 'Plugin.ExternalMaps.Abstractions' (Plugin.ExternalMaps.Abstractions.dll)
D/Mono    ( 8426): Assembly Plugin.ExternalMaps.Abstractions[0xb4ae8d00] added to domain RootDomain, ref_count=1
D/Mono    ( 8426): AOT module 'Plugin.ExternalMaps.Abstractions.dll.so' not found: dlopen failed: library "/data/app/com.careerbuilder.SugarDrone-1/lib/arm/libaot-Plugin.ExternalMaps.Abstractions.dll.so" not found
D/Mono    ( 8426): AOT module '/Users/builder/data/lanes/4009/3a62f1ea/source/monodroid/builds/install/mono-armv6/lib/mono/aot-cache/arm/Plugin.ExternalMaps.Abstractions.dll.so' not found: dlopen failed: library "/data/app/com.careerbuilder.SugarDrone-1/lib/arm/libaot-Plugin.ExternalMaps.Abstractions.dll.so" not found
D/Mono    ( 8426): Config attempting to parse: 'Plugin.ExternalMaps.Abstractions.dll.config'.
D/Mono    ( 8426): Config attempting to parse: '/Users/builder/data/lanes/4009/3a62f1ea/source/monodroid/builds/install/mono-armv6/etc/mono/assemblies/Plugin.ExternalMaps.Abstractions/Plugin.ExternalMaps.Abstractions.config'.
D/Mono    ( 8426): Image addref FloatingActionButton-Xamarin[0xb4ae8d60] -> FloatingActionButton-Xamarin.dll[0xb4847500]: 2
D/Mono    ( 8426): Prepared to set up assembly 'FloatingActionButton-Xamarin' (FloatingActionButton-Xamarin.dll)
D/Mono    ( 8426): Assembly FloatingActionButton-Xamarin[0xb4ae8d60] added to domain RootDomain, ref_count=1
D/Mono    ( 8426): AOT module 'FloatingActionButton-Xamarin.dll.so' not found: dlopen failed: library "/data/app/com.careerbuilder.SugarDrone-1/lib/arm/libaot-FloatingActionButton-Xamarin.dll.so" not found
D/Mono    ( 8426): AOT module '/Users/builder/data/lanes/4009/3a62f1ea/source/monodroid/builds/install/mono-armv6/lib/mono/aot-cache/arm/FloatingActionButton-Xamarin.dll.so' not found: dlopen failed: library "/data/app/com.careerbuilder.SugarDrone-1/lib/arm/libaot-FloatingActionButton-Xamarin.dll.so" not found
D/Mono    ( 8426): Config attempting to parse: 'FloatingActionButton-Xamarin.dll.config'.
D/Mono    ( 8426): Config attempting to parse: '/Users/builder/data/lanes/4009/3a62f1ea/source/monodroid/builds/install/mono-armv6/etc/mono/assemblies/FloatingActionButton-Xamarin/FloatingActionButton-Xamarin.config'.
D/Mono    ( 8426): Image addref Xamarin.Android.Support.v4[0xb4ae8dc0] -> Xamarin.Android.Support.v4.dll[0xb4847a00]: 2
D/Mono    ( 8426): Prepared to set up assembly 'Xamarin.Android.Support.v4' (Xamarin.Android.Support.v4.dll)
D/Mono    ( 8426): Assembly Xamarin.Android.Support.v4[0xb4ae8dc0] added to domain RootDomain, ref_count=1
D/Mono    ( 8426): AOT module 'Xamarin.Android.Support.v4.dll.so' not found: dlopen failed: library "/data/app/com.careerbuilder.SugarDrone-1/lib/arm/libaot-Xamarin.Android.Support.v4.dll.so" not found
D/Mono    ( 8426): AOT module '/Users/builder/data/lanes/4009/3a62f1ea/source/monodroid/builds/install/mono-armv6/lib/mono/aot-cache/arm/Xamarin.Android.Support.v4.dll.so' not found: dlopen failed: library "/data/app/com.careerbuilder.SugarDrone-1/lib/arm/libaot-Xamarin.Android.Support.v4.dll.so" not found
D/Mono    ( 8426): Config attempting to parse: 'Xamarin.Android.Support.v4.dll.config'.
D/Mono    ( 8426): Config attempting to parse: '/Users/builder/data/lanes/4009/3a62f1ea/source/monodroid/builds/install/mono-armv6/etc/mono/assemblies/Xamarin.Android.Support.v4/Xamarin.Android.Support.v4.config'.
D/Mono    ( 8426): Image addref Xamarin.Android.Support.v7.RecyclerView[0xb4ae8e20] -> Xamarin.Android.Support.v7.RecyclerView.dll[0xb4847f00]: 2
D/Mono    ( 8426): Prepared to set up assembly 'Xamarin.Android.Support.v7.RecyclerView' (Xamarin.Android.Support.v7.RecyclerView.dll)
D/Mono    ( 8426): Assembly Xamarin.Android.Support.v7.RecyclerView[0xb4ae8e20] added to domain RootDomain, ref_count=1
D/Mono    ( 8426): AOT module 'Xamarin.Android.Support.v7.RecyclerView.dll.so' not found: dlopen failed: library "/data/app/com.careerbuilder.SugarDrone-1/lib/arm/libaot-Xamarin.Android.Support.v7.RecyclerView.dll.so" not found
D/Mono    ( 8426): AOT module '/Users/builder/data/lanes/4009/3a62f1ea/source/monodroid/builds/install/mono-armv6/lib/mono/aot-cache/arm/Xamarin.Android.Support.v7.RecyclerView.dll.so' not found: dlopen failed: library "/data/app/com.careerbuilder.SugarDrone-1/lib/arm/libaot-Xamarin.Android.Support.v7.RecyclerView.dll.so" not found
D/Mono    ( 8426): Config attempting to parse: 'Xamarin.Android.Support.v7.RecyclerView.dll.config'.
D/Mono    ( 8426): Config attempting to parse: '/Users/builder/data/lanes/4009/3a62f1ea/source/monodroid/builds/install/mono-armv6/etc/mono/assemblies/Xamarin.Android.Support.v7.RecyclerView/Xamarin.Android.Support.v7.RecyclerView.config'.
D/Mono    ( 8426): Image addref Xamarin.Android.Support.Vector.Drawable[0xb4ae8e80] -> Xamarin.Android.Support.Vector.Drawable.dll[0xb4848400]: 2
D/Mono    ( 8426): Prepared to set up assembly 'Xamarin.Android.Support.Vector.Drawable' (Xamarin.Android.Support.Vector.Drawable.dll)
D/Mono    ( 8426): Assembly Xamarin.Android.Support.Vector.Drawable[0xb4ae8e80] added to domain RootDomain, ref_count=1
D/Mono    ( 8426): AOT module 'Xamarin.Android.Support.Vector.Drawable.dll.so' not found: dlopen failed: library "/data/app/com.careerbuilder.SugarDrone-1/lib/arm/libaot-Xamarin.Android.Support.Vector.Drawable.dll.so" not found
D/Mono    ( 8426): AOT module '/Users/builder/data/lanes/4009/3a62f1ea/source/monodroid/builds/install/mono-armv6/lib/mono/aot-cache/arm/Xamarin.Android.Support.Vector.Drawable.dll.so' not found: dlopen failed: library "/data/app/com.careerbuilder.SugarDrone-1/lib/arm/libaot-Xamarin.Android.Support.Vector.Drawable.dll.so" not found
D/Mono    ( 8426): Config attempting to parse: 'Xamarin.Android.Support.Vector.Drawable.dll.config'.
D/Mono    ( 8426): Config attempting to parse: '/Users/builder/data/lanes/4009/3a62f1ea/source/monodroid/builds/install/mono-armv6/etc/mono/assemblies/Xamarin.Android.Support.Vector.Drawable/Xamarin.Android.Support.Vector.Drawable.config'.
D/Mono    ( 8426): Image addref Xamarin.Android.Support.Animated.Vector.Drawable[0xb4ae8ee0] -> Xamarin.Android.Support.Animated.Vector.Drawable.dll[0xb4848900]: 2
D/Mono    ( 8426): Prepared to set up assembly 'Xamarin.Android.Support.Animated.Vector.Drawable' (Xamarin.Android.Support.Animated.Vector.Drawable.dll)
D/Mono    ( 8426): Assembly Xamarin.Android.Support.Animated.Vector.Drawable[0xb4ae8ee0] added to domain RootDomain, ref_count=1
D/Mono    ( 8426): AOT module 'Xamarin.Android.Support.Animated.Vector.Drawable.dll.so' not found: dlopen failed: library "/data/app/com.careerbuilder.SugarDrone-1/lib/arm/libaot-Xamarin.Android.Support.Animated.Vector.Drawable.dll.so" not found
D/Mono    ( 8426): AOT module '/Users/builder/data/lanes/4009/3a62f1ea/source/monodroid/builds/install/mono-armv6/lib/mono/aot-cache/arm/Xamarin.Android.Support.Animated.Vector.Drawable.dll.so' not found: dlopen failed: library "/data/app/com.careerbuilder.SugarDrone-1/lib/arm/libaot-Xamarin.Android.Support.Animated.Vector.Drawable.dll.so" not found
D/Mono    ( 8426): Config attempting to parse: 'Xamarin.Android.Support.Animated.Vector.Drawable.dll.config'.
