W/ResourceType( 8352): No known package when getting name for resource number 0xffffffff
W/ResourceType( 8352): No known package when getting name for resource number 0xffffffff
W/ResourceType( 8352): No known package when getting name for resource number 0xffffffff
W/ResourceType( 8352): No known package when getting name for resource number 0xffffffff
W/ResourceType( 8352): No known package when getting name for resource number 0xffffffff
W/ResourceType( 8352): No known package when getting name for resource number 0xffffffff
W/ResourceType( 8352): No known package when getting name for resource number 0xffffffff
W/ResourceType( 8352): No known package when getting name for resource number 0xffffffff
W/ResourceType( 8352): No known package when getting name for resource number 0xffffffff
W/ResourceType( 8352): No known package when getting name for resource number 0xffffffff
W/ResourceType( 8352): No known package when getting name for resource number 0xffffffff
W/ResourceType( 8352): No known package when getting name for resource number 0xffffffff
W/ResourceType( 8352): No known package when getting name for resource number 0xffffffff
W/ResourceType( 8352): No known package when getting name for resource number 0xffffffff
W/ResourceType( 8352): No known package when getting name for resource number 0xffffffff
W/ResourceType( 8352): No known package when getting name for resource number 0xffffffff
W/ResourceType( 8352): No known package when getting name for resource number 0xffffffff
W/ResourceType( 8352): No known package when getting name for resource number 0xffffffff
W/ResourceType( 8352): No known package when getting name for resource number 0xffffffff
W/ResourceType( 8352): No known package when getting name for resource number 0xffffffff
W/ResourceType( 8352): No known package when getting name for resource number 0xffffffff
W/ResourceType( 8352): No known package when getting name for resource number 0xffffffff
W/ResourceType( 8352): No known package when getting name for resource number 0xffffffff
W/ResourceType( 8352): No known package when getting name for resource number 0xffffffff
W/ResourceType( 8352): No known package when getting name for resource number 0xffffffff
W/ResourceType( 8352): No known package when getting name for resource number 0xffffffff
W/ResourceType( 8352): No known package when getting name for resource number 0xffffffff
W/ResourceType( 8352): No known package when getting name for resource number 0xffffffff
W/ResourceType( 8352): No known package when getting name for resource number 0xffffffff
W/ResourceType( 8352): No known package when getting name for resource number 0xffffffff
W/ResourceType( 8352): No known package when getting name for resource number 0xffffffff
W/ResourceType( 8352): No known package when getting name for resource number 0xffffffff
W/ResourceType( 8352): No known package when getting name for resource number 0xffffffff
W/ResourceType( 8352): No known package when getting name for resource number 0xffffffff
W/ResourceType( 8352): No known package when getting name for resource number 0xffffffff
W/ResourceType( 8352): No known package when getting name for resource number 0xffffffff
W/ResourceType( 8352): No known package when getting name for resource number 0xffffffff
I/System.out( 8352): URI: /map
I/System.out( 8352): params: {json={"query":"* marked:'Quick Apply'","operation":{"method_name":"query","arguments":[]}}
I/System.out( 8352): }
W/ResourceType( 8352): No known package when getting name for resource number 0xffffffff
W/ResourceType( 8352): No known package when getting name for resource number 0xffffffff
W/ResourceType( 8352): No known package when getting name for resource number 0xffffffff
W/ResourceType( 8352): No known package when getting name for resource number 0xffffffff
W/ResourceType( 8352): No known package when getting name for resource number 0xffffffff
W/ResourceType( 8352): No known package when getting name for resource number 0xffffffff
W/ResourceType( 8352): No known package when getting name for resource number 0xffffffff
W/ResourceType( 8352): No known package when getting name for resource number 0xffffffff
W/ResourceType( 8352): No known package when getting name for resource number 0xffffffff
W/ResourceType( 8352): No known package when getting name for resource number 0xffffffff
W/ResourceType( 8352): No known package when getting name for resource number 0xffffffff
W/ResourceType( 8352): No known package when getting name for resource number 0xffffffff
W/ResourceType( 8352): No known package when getting name for resource number 0xffffffff
W/ResourceType( 8352): No known package when getting name for resource number 0xffffffff
W/ResourceType( 8352): No known package when getting name for resource number 0xffffffff
W/ResourceType( 8352): No known package when getting name for resource number 0xffffffff
W/ResourceType( 8352): No known package when getting name for resource number 0xffffffff
W/ResourceType( 8352): No known package when getting name for resource number 0xffffffff
W/ResourceType( 8352): No known package when getting name for resource number 0xffffffff
W/ResourceType( 8352): No known package when getting name for resource number 0xffffffff
W/ResourceType( 8352): No known package when getting name for resource number 0xffffffff
W/ResourceType( 8352): No known package when getting name for resource number 0xffffffff
I/ThermalEngine(  366): ACTION: GPU - Setting GPU[0] to 500000000
I/ThermalEngine(  366): Mitigation:GPU[0]:500000000 Hz
W/ResourceType( 8352): No known package when getting name for resource number 0xffffffff
I/ThermalEngine(  366): ACTION: CPU - Setting CPU[0] to 1958400
I/ThermalEngine(  366): ACTION: CPU - Setting CPU[1] to 1958400
I/ThermalEngine(  366): ACTION: CPU - Setting CPU[2] to 1958400
I/ThermalEngine(  366): ACTION: CPU - Setting CPU[3] to 1958400
W/ResourceType( 8352): No known package when getting name for resource number 0xffffffff
W/ResourceType( 8352): No known package when getting name for resource number 0xffffffff
W/ResourceType( 8352): No known package when getting name for resource number 0xffffffff
W/ResourceType( 8352): No known package when getting name for resource number 0xffffffff
W/ResourceType( 8352): No known package when getting name for resource number 0xffffffff
W/ResourceType( 8352): No known package when getting name for resource number 0xffffffff
W/ResourceType( 8352): No known package when getting name for resource number 0xffffffff
W/ResourceType( 8352): No known package when getting name for resource number 0xffffffff
W/ResourceType( 8352): No known package when getting name for resource number 0xffffffff
W/ResourceType( 8352): No known package when getting name for resource number 0xffffffff
W/ResourceType( 8352): No known package when getting name for resource number 0xffffffff
W/ResourceType( 8352): No known package when getting name for resource number 0xffffffff
W/ResourceType( 8352): No known package when getting name for resource number 0xffffffff
W/ResourceType( 8352): No known package when getting name for resource number 0xffffffff
W/ResourceType( 8352): No known package when getting name for resource number 0xffffffff
W/ResourceType( 8352): No known package when getting name for resource number 0xffffffff
W/ResourceType( 8352): No known package when getting name for resource number 0xffffffff
W/ResourceType( 8352): No known package when getting name for resource number 0xffffffff
W/ResourceType( 8352): No known package when getting name for resource number 0xffffffff
W/ResourceType( 8352): No known package when getting name for resource number 0xffffffff
W/ResourceType( 8352): No known package when getting name for resource number 0xffffffff
W/ResourceType( 8352): No known package when getting name for resource number 0xffffffff
W/ResourceType( 8352): No known package when getting name for resource number 0xffffffff
W/ResourceType( 8352): No known package when getting name for resource number 0xffffffff
W/ResourceType( 8352): No known package when getting name for resource number 0xffffffff
W/ResourceType( 8352): No known package when getting name for resource number 0xffffffff
W/ResourceType( 8352): No known package when getting name for resource number 0xffffffff
W/ResourceType( 8352): No known package when getting name for resource number 0xffffffff
W/ResourceType( 8352): No known package when getting name for resource number 0xffffffff
W/ResourceType( 8352): No known package when getting name for resource number 0xffffffff
W/ResourceType( 8352): No known package when getting name for resource number 0xffffffff
W/ResourceType( 8352): No known package when getting name for resource number 0xffffffff
W/ResourceType( 8352): No known package when getting name for resource number 0xffffffff
W/ResourceType( 8352): No known package when getting name for resource number 0xffffffff
W/ResourceType( 8352): No known package when getting name for resource number 0xffffffff
W/ResourceType( 8352): No known package when getting name for resource number 0xffffffff
W/ResourceType( 8352): No known package when getting name for resource number 0xffffffff
W/ResourceType( 8352): No known package when getting name for resource number 0xffffffff
W/ResourceType( 8352): No known package when getting name for resource number 0xffffffff
W/ResourceType( 8352): No known package when getting name for resource number 0xffffffff
W/ResourceType( 8352): No known package when getting name for resource number 0xffffffff
W/ResourceType( 8352): No known package when getting name for resource number 0xffffffff
W/ResourceType( 8352): No known package when getting name for resource number 0xffffffff
W/ResourceType( 8352): No known package when getting name for resource number 0xffffffff
W/ResourceType( 8352): No known package when getting name for resource number 0xffffffff
W/ResourceType( 8352): No known package when getting name for resource number 0xffffffff
W/ResourceType( 8352): No known package when getting name for resource number 0xffffffff
W/ResourceType( 8352): No known package when getting name for resource number 0xffffffff
W/ResourceType( 8352): No known package when getting name for resource number 0xffffffff
W/ResourceType( 8352): No known package when getting name for resource number 0xffffffff
I/System.out( 8352): URI: /
I/System.out( 8352): params: {json={"command":"touch_coordinate","arguments":[1199.0,1442.0]}
I/System.out( 8352): }
I/System.out( 8352): header: {content-length=58, host=devicehost108.prod, x-session-token=token-token-b43d6b15-f962-4279-8194-4106bc57fb89, x-forwarded-for=10.222.150.34, content-type=application/json; charset=utf-8, connection=close}
I/System.out( 8352): params: {json={"command":"touch_coordinate","arguments":[1199.0,1442.0]}
I/System.out( 8352): }
I/System.out( 8352): ProP json = {"command":"touch_coordinate","arguments":[1199.0,1442.0]}
I/System.out( 8352): files: {}
I/System.out( 8352): command: {"command":"touch_coordinate","arguments":[1199.0,1442.0]}
I/InstrumentationBackend( 8352): Got command:'Command:'Line:null,touch_coordinate', arguments:'[1199.0, 1442.0]'
D/audio_hw_primary(  358): out_set_parameters: enter: usecase(1: low-latency-playback) kvpairs: routing=2
D/audio_hw_primary(  358): select_devices: out_snd_device(2: speaker) in_snd_device(0: none)
D/msm8974_platform(  358): platform_send_audio_calibration: sending audio calibration for snd_device(2) acdb_id(15)
E/ACDB-LOADER(  358): Error: ACDB AFE returned = -19
D/audio_hw_primary(  358): enable_snd_device: snd_device(2: speaker)
D/audio_hw_primary(  358): enable_audio_route: apply and update mixer path: low-latency-playback speaker
I/System.out( 8352): result:{"bonusInformation":[],"message":"","success":true}
I/mono-stdout( 8352): uri is: https://api.careerbuilder.com/consumer/resumes?OAuthToken=&HostSite=US&DeveloperKey=WDHR8FC6P2JZ1Y61KLM5
I/mono-stdout( 8352): making api call to: /consumer/resumes?OAuthToken=&HostSite=US&DeveloperKey=WDHR8FC6P2JZ1Y61KLM5
V/WindowManager(  813): not Base app: Adding window Window{1cdc6739 u0 No Resume} at 4 of 9
I/mono-stdout( 8352): uri is: https://api.careerbuilder.com/consumer/resumes?OAuthToken=&HostSite=US&DeveloperKey=WDHR8FC6P2JZ1Y61KLM5
I/mono-stdout( 8352): making api call to: /consumer/resumes?OAuthToken=&HostSite=US&DeveloperKey=WDHR8FC6P2JZ1Y61KLM5
I/art     ( 8352): Explicit concurrent mark sweep GC freed 247032(9MB) AllocSpace objects, 13(208KB) LOS objects, 26% free, 44MB/60MB, paused 1.227ms total 64.298ms
I/System.out( 8352): URI: /map
I/System.out( 8352): params: {json={"query":"* marked:'Resumes'","operation":{"method_name":"query","arguments":[]}}
I/System.out( 8352): }
I/art     ( 8352): Explicit concurrent mark sweep GC freed 13710(539KB) AllocSpace objects, 1(16KB) LOS objects, 26% free, 44MB/60MB, paused 1.406ms total 56.076ms
I/art     ( 8352): Explicit concurrent mark sweep GC freed 141(7KB) AllocSpace objects, 0(0B) LOS objects, 26% free, 44MB/60MB, paused 975us total 32.790ms
I/art     ( 8352): Explicit concurrent mark sweep GC freed 17(1152B) AllocSpace objects, 0(0B) LOS objects, 26% free, 44MB/60MB, paused 1.204ms total 35.732ms
I/art     ( 8352): Explicit concurrent mark sweep GC freed 31(2208B) AllocSpace objects, 0(0B) LOS objects, 26% free, 44MB/60MB, paused 1.015ms total 31.865ms
I/mono-stdout( 8352): done making call to: /consumer/resumes?OAuthToken=&HostSite=US&DeveloperKey=WDHR8FC6P2JZ1Y61KLM5
I/mono-stdout( 8352): The resume  with hash has been set as latest
I/mono-stdout( 8352): done making call to: /consumer/resumes?OAuthToken=&HostSite=US&DeveloperKey=WDHR8FC6P2JZ1Y61KLM5
I/mono-stdout( 8352): The resume  with hash has been set as latest
I/Choreographer( 8352): Skipped 30 frames!  The application may be doing too much work on its main thread.
W/ResourceType( 8352): No known package when getting name for resource number 0xffffffff
W/ResourceType( 8352): No known package when getting name for resource number 0xffffffff
W/ResourceType( 8352): No known package when getting name for resource number 0xffffffff
W/ResourceType( 8352): No known package when getting name for resource number 0xffffffff
W/ResourceType( 8352): No known package when getting name for resource number 0xffffffff
W/ResourceType( 8352): No known package when getting name for resource number 0xffffffff
W/ResourceType( 8352): No known package when getting name for resource number 0xffffffff
W/ResourceType( 8352): No known package when getting name for resource number 0xffffffff
W/ResourceType( 8352): No known package when getting name for resource number 0xffffffff
W/ResourceType( 8352): No known package when getting name for resource number 0xffffffff
W/ResourceType( 8352): No known package when getting name for resource number 0xffffffff
W/ResourceType( 8352): No known package when getting name for resource number 0xffffffff
W/ResourceType( 8352): No known package when getting name for resource number 0xffffffff
W/ResourceType( 8352): No known package when getting name for resource number 0xffffffff
W/ResourceType( 8352): No known package when getting name for resource number 0xffffffff
W/ResourceType( 8352): No known package when getting name for resource number 0xffffffff
W/ResourceType( 8352): No known package when getting name for resource number 0xffffffff
W/ResourceType( 8352): No known package when getting name for resource number 0xffffffff
W/ResourceType( 8352): No known package when getting name for resource number 0xffffffff
W/ResourceType( 8352): No known package when getting name for resource number 0xffffffff
W/ResourceType( 8352): No known package when getting name for resource number 0xffffffff
W/ResourceType( 8352): No known package when getting name for resource number 0xffffffff
W/ResourceType( 8352): No known package when getting name for resource number 0xffffffff
W/ResourceType( 8352): No known package when getting name for resource number 0xffffffff
W/ResourceType( 8352): No known package when getting name for resource number 0xffffffff
W/ResourceType( 8352): No known package when getting name for resource number 0xffffffff
W/ResourceType( 8352): No known package when getting name for resource number 0xffffffff
W/ResourceType( 8352): No known package when getting name for resource number 0xffffffff
W/ResourceType( 8352): No known package when getting name for resource number 0xffffffff
W/ResourceType( 8352): No known package when getting name for resource number 0xffffffff
W/ResourceType( 8352): No known package when getting name for resource number 0xffffffff
W/ResourceType( 8352): No known package when getting name for resource number 0xffffffff
W/ResourceType( 8352): No known package when getting name for resource number 0xffffffff
W/ResourceType( 8352): No known package when getting name for resource number 0xffffffff
W/ResourceType( 8352): No known package when getting name for resource number 0xffffffff
I/ThermalEngine(  366): ACTION: GPU - Setting GPU[0] to 600000000
I/ThermalEngine(  366): Mitigation:GPU[0]:600000000 Hz
I/ThermalEngine(  366): ACTION: CPU - Setting CPU[0] to 2265600
I/ThermalEngine(  366): ACTION: CPU - Setting CPU[1] to 2265600
I/ThermalEngine(  366): ACTION: CPU - Setting CPU[2] to 2265600
I/ThermalEngine(  366): ACTION: CPU - Setting CPU[3] to 2265600
W/ResourceType( 8352): No known package when getting name for resource number 0xffffffff
W/ResourceType( 8352): No known package when getting name for resource number 0xffffffff
W/ResourceType( 8352): No known package when getting name for resource number 0xffffffff
W/ResourceType( 8352): No known package when getting name for resource number 0xffffffff
W/ResourceType( 8352): No known package when getting name for resource number 0xffffffff
W/ResourceType( 8352): No known package when getting name for resource number 0xffffffff
W/ResourceType( 8352): No known package when getting name for resource number 0xffffffff
W/ResourceType( 8352): No known package when getting name for resource number 0xffffffff
W/ResourceType( 8352): No known package when getting name for resource number 0xffffffff
W/ResourceType( 8352): No known package when getting name for resource number 0xffffffff
W/ResourceType( 8352): No known package when getting name for resource number 0xffffffff
W/ResourceType( 8352): No known package when getting name for resource number 0xffffffff
W/ResourceType( 8352): No known package when getting name for resource number 0xffffffff
W/ResourceType( 8352): No known package when getting name for resource number 0xffffffff
W/ResourceType( 8352): No known package when getting name for resource number 0xffffffff
W/ResourceType( 8352): No known package when getting name for resource number 0xffffffff
W/ResourceType( 8352): No known package when getting name for resource number 0xffffffff
W/ResourceType( 8352): No known package when getting name for resource number 0xffffffff
W/ResourceType( 8352): No known package when getting name for resource number 0xffffffff
W/ResourceType( 8352): No known package when getting name for resource number 0xffffffff
W/ResourceType( 8352): No known package when getting name for resource number 0xffffffff
W/ResourceType( 8352): No known package when getting name for resource number 0xffffffff
W/ResourceType( 8352): No known package when getting name for resource number 0xffffffff
W/ResourceType( 8352): No known package when getting name for resource number 0xffffffff
W/ResourceType( 8352): No known package when getting name for resource number 0xffffffff
W/ResourceType( 8352): No known package when getting name for resource number 0xffffffff
W/ResourceType( 8352): No known package when getting name for resource number 0xffffffff
W/ResourceType( 8352): No known package when getting name for resource number 0xffffffff
W/ResourceType( 8352): No known package when getting name for resource number 0xffffffff
W/ResourceType( 8352): No known package when getting name for resource number 0xffffffff
W/ResourceType( 8352): No known package when getting name for resource number 0xffffffff
W/ResourceType( 8352): No known package when getting name for resource number 0xffffffff
W/ResourceType( 8352): No known package when getting name for resource number 0xffffffff
W/ResourceType( 8352): No known package when getting name for resource number 0xffffffff
W/ResourceType( 8352): No known package when getting name for resource number 0xffffffff
W/ResourceType( 8352): No known package when getting name for resource number 0xffffffff
W/ResourceType( 8352): No known package when getting name for resource number 0xffffffff
W/ResourceType( 8352): No known package when getting name for resource number 0xffffffff
W/ResourceType( 8352): No known package when getting name for resource number 0xffffffff
W/ResourceType( 8352): No known package when getting name for resource number 0xffffffff
W/ResourceType( 8352): No known package when getting name for resource number 0xffffffff
I/Choreographer( 8352): Skipped 41 frames!  The application may be doing too much work on its main thread.
W/ResourceType( 8352): No known package when getting name for resource number 0xffffffff
W/ResourceType( 8352): No known package when getting name for resource number 0xffffffff
W/ResourceType( 8352): No known package when getting name for resource number 0xffffffff
W/ResourceType( 8352): No known package when getting name for resource number 0xffffffff
I/System.out( 8352): URI: /map
I/System.out( 8352): params: {json={"query":"* marked:'Resumes'","operation":{"method_name":"query","arguments":[]}}
I/System.out( 8352): }
W/ResourceType( 8352): No known package when getting name for resource number 0xffffffff
W/ResourceType( 8352): No known package when getting name for resource number 0xffffffff
W/ResourceType( 8352): No known package when getting name for resource number 0xffffffff
W/ResourceType( 8352): No known package when getting name for resource number 0xffffffff
W/ResourceType( 8352): No known package when getting name for resource number 0xffffffff
W/ResourceType( 8352): No known package when getting name for resource number 0xffffffff
W/ResourceType( 8352): No known package when getting name for resource number 0xffffffff
W/ResourceType( 8352): No known package when getting name for resource number 0xffffffff
W/ResourceType( 8352): No known package when getting name for resource number 0xffffffff
W/ResourceType( 8352): No known package when getting name for resource number 0xffffffff
W/ResourceType( 8352): No known package when getting name for resource number 0xffffffff
W/ResourceType( 8352): No known package when getting name for resource number 0xffffffff
W/ResourceType( 8352): No known package when getting name for resource number 0xffffffff
W/ResourceType( 8352): No known package when getting name for resource number 0xffffffff
W/ResourceType( 8352): No known package when getting name for resource number 0xffffffff
W/ResourceType( 8352): No known package when getting name for resource number 0xffffffff
W/ResourceType( 8352): No known package when getting name for resource number 0xffffffff
W/ResourceType( 8352): No known package when getting name for resource number 0xffffffff
W/ResourceType( 8352): No known package when getting name for resource number 0xffffffff
W/ResourceType( 8352): No known package when getting name for resource number 0xffffffff
W/ResourceType( 8352): No known package when getting name for resource number 0xffffffff
W/ResourceType( 8352): No known package when getting name for resource number 0xffffffff
W/ResourceType( 8352): No known package when getting name for resource number 0xffffffff
W/ResourceType( 8352): No known package when getting name for resource number 0xffffffff
W/ResourceType( 8352): No known package when getting name for resource number 0xffffffff
W/ResourceType( 8352): No known package when getting name for resource number 0xffffffff
W/ResourceType( 8352): No known package when getting name for resource number 0xffffffff
W/ResourceType( 8352): No known package when getting name for resource number 0xffffffff
W/ResourceType( 8352): No known package when getting name for resource number 0xffffffff
W/ResourceType( 8352): No known package when getting name for resource number 0xffffffff
W/ResourceType( 8352): No known package when getting name for resource number 0xffffffff
W/ResourceType( 8352): No known package when getting name for resource number 0xffffffff
W/ResourceType( 8352): No known package when getting name for resource number 0xffffffff
W/ResourceType( 8352): No known package when getting name for resource number 0xffffffff
W/ResourceType( 8352): No known package when getting name for resource number 0xffffffff
W/ResourceType( 8352): No known package when getting name for resource number 0xffffffff
W/ResourceType( 8352): No known package when getting name for resource number 0xffffffff
W/ResourceType( 8352): No known package when getting name for resource number 0xffffffff
W/ResourceType( 8352): No known package when getting name for resource number 0xffffffff
W/ResourceType( 8352): No known package when getting name for resource number 0xffffffff
W/ResourceType( 8352): No known package when getting name for resource number 0xffffffff
W/ResourceType( 8352): No known package when getting name for resource number 0xffffffff
W/ResourceType( 8352): No known package when getting name for resource number 0xffffffff
W/ResourceType( 8352): No known package when getting name for resource number 0xffffffff
W/ResourceType( 8352): No known package when getting name for resource number 0xffffffff
W/ResourceType( 8352): No known package when getting name for resource number 0xffffffff
W/ResourceType( 8352): No known package when getting name for resource number 0xffffffff
W/ResourceType( 8352): No known package when getting name for resource number 0xffffffff
W/ResourceType( 8352): No known package when getting name for resource number 0xffffffff
W/ResourceType( 8352): No known package when getting name for resource number 0xffffffff
W/ResourceType( 8352): No known package when getting name for resource number 0xffffffff
W/ResourceType( 8352): No known package when getting name for resource number 0xffffffff
W/ResourceType( 8352): No known package when getting name for resource number 0xffffffff
W/ResourceType( 8352): No known package when getting name for resource number 0xffffffff
W/ResourceType( 8352): No known package when getting name for resource number 0xffffffff
W/ResourceType( 8352): No known package when getting name for resource number 0xffffffff
W/ResourceType( 8352): No known package when getting name for resource number 0xffffffff
W/ResourceType( 8352): No known package when getting name for resource number 0xffffffff
W/ResourceType( 8352): No known package when getting name for resource number 0xffffffff
W/ResourceType( 8352): No known package when getting name for resource number 0xffffffff
W/ResourceType( 8352): No known package when getting name for resource number 0xffffffff
W/ResourceType( 8352): No known package when getting name for resource number 0xffffffff
W/ResourceType( 8352): No known package when getting name for resource number 0xffffffff
W/ResourceType( 8352): No known package when getting name for resource number 0xffffffff
W/ResourceType( 8352): No known package when getting name for resource number 0xffffffff
W/ResourceType( 8352): No known package when getting name for resource number 0xffffffff
W/ResourceType( 8352): No known package when getting name for resource number 0xffffffff
W/ResourceType( 8352): No known package when getting name for resource number 0xffffffff
W/ResourceType( 8352): No known package when getting name for resource number 0xffffffff
W/ResourceType( 8352): No known package when getting name for resource number 0xffffffff
W/ResourceType( 8352): No known package when getting name for resource number 0xffffffff
W/ResourceType( 8352): No known package when getting name for resource number 0xffffffff
W/ResourceType( 8352): No known package when getting name for resource number 0xffffffff
W/ResourceType( 8352): No known package when getting name for resource number 0xffffffff
W/ResourceType( 8352): No known package when getting name for resource number 0xffffffff
W/ResourceType( 8352): No known package when getting name for resource number 0xffffffff
W/ResourceType( 8352): No known package when getting name for resource number 0xffffffff
W/ResourceType( 8352): No known package when getting name for resource number 0xffffffff
W/ResourceType( 8352): No known package when getting name for resource number 0xffffffff
W/ResourceType( 8352): No known package when getting name for resource number 0xffffffff
I/System.out( 8352): URI: /
I/System.out( 8352): params: {json={"command":"touch_coordinate","arguments":[1200.0,368.0]}
I/System.out( 8352): }
I/System.out( 8352): header: {content-length=57, host=devicehost108.prod, x-session-token=token-token-b43d6b15-f962-4279-8194-4106bc57fb89, x-forwarded-for=10.222.150.34, content-type=application/json; charset=utf-8, connection=close}
I/System.out( 8352): params: {json={"command":"touch_coordinate","arguments":[1200.0,368.0]}
I/System.out( 8352): }
I/System.out( 8352): ProP json = {"command":"touch_coordinate","arguments":[1200.0,368.0]}
I/System.out( 8352): files: {}
I/System.out( 8352): command: {"command":"touch_coordinate","arguments":[1200.0,368.0]}
I/InstrumentationBackend( 8352): Got command:'Command:'Line:null,touch_coordinate', arguments:'[1200.0, 368.0]'
D/audio_hw_primary(  358): disable_audio_route: reset and update mixer path: low-latency-playback speaker
D/audio_hw_primary(  358): disable_snd_device: snd_device(2: speaker)
W/InputDispatcher(  813): Permission denied: injecting event from pid 8352 uid 11600
W/InputManager(  813): Input event injection from pid 8352 failed.
W/InputEventReceiver( 8352): Attempted to finish an input event but the input event receiver has already been disposed.
I/System.out( 8352): result:{"bonusInformation":[],"message":"","success":true}
I/System.out( 8352): URI: /map
I/System.out( 8352): params: {json={"query":"* marked:'My Jobs'","operation":{"method_name":"query","arguments":[]}}
I/System.out( 8352): }
W/ResourceType( 8352): No known package when getting name for resource number 0xffffffff
W/ResourceType( 8352): No known package when getting name for resource number 0xffffffff
W/ResourceType( 8352): No known package when getting name for resource number 0xffffffff
W/ResourceType( 8352): No known package when getting name for resource number 0xffffffff
W/ResourceType( 8352): No known package when getting name for resource number 0xffffffff
W/ResourceType( 8352): No known package when getting name for resource number 0xffffffff
W/ResourceType( 8352): No known package when getting name for resource number 0xffffffff
W/ResourceType( 8352): No known package when getting name for resource number 0xffffffff
W/ResourceType( 8352): No known package when getting name for resource number 0xffffffff
W/ResourceType( 8352): No known package when getting name for resource number 0xffffffff
W/ResourceType( 8352): No known package when getting name for resource number 0xffffffff
W/ResourceType( 8352): No known package when getting name for resource number 0xffffffff
W/ResourceType( 8352): No known package when getting name for resource number 0xffffffff
W/ResourceType( 8352): No known package when getting name for resource number 0xffffffff
W/ResourceType( 8352): No known package when getting name for resource number 0xffffffff
W/ResourceType( 8352): No known package when getting name for resource number 0xffffffff
W/ResourceType( 8352): No known package when getting name for resource number 0xffffffff
W/ResourceType( 8352): No known package when getting name for resource number 0xffffffff
W/ResourceType( 8352): No known package when getting name for resource number 0xffffffff
W/ResourceType( 8352): No known package when getting name for resource number 0xffffffff
W/ResourceType( 8352): No known package when getting name for resource number 0xffffffff
W/ResourceType( 8352): No known package when getting name for resource number 0xffffffff
W/ResourceType( 8352): No known package when getting name for resource number 0xffffffff
W/ResourceType( 8352): No known package when getting name for resource number 0xffffffff
W/ResourceType( 8352): No known package when getting name for resource number 0xffffffff
W/ResourceType( 8352): No known package when getting name for resource number 0xffffffff
W/ResourceType( 8352): No known package when getting name for resource number 0xffffffff
W/ResourceType( 8352): No known package when getting name for resource number 0xffffffff
W/ResourceType( 8352): No known package when getting name for resource number 0xffffffff
I/ThermalEngine(  366): ACTION: CPU - Setting CPU[0] to 2457600
I/ThermalEngine(  366): ACTION: CPU - Setting CPU[1] to 2457600
I/ThermalEngine(  366): ACTION: CPU - Setting CPU[2] to 2457600
I/ThermalEngine(  366): ACTION: CPU - Setting CPU[3] to 2457600
W/ResourceType( 8352): No known package when getting name for resource number 0xffffffff
W/ResourceType( 8352): No known package when getting name for resource number 0xffffffff
W/ResourceType( 8352): No known package when getting name for resource number 0xffffffff
W/ResourceType( 8352): No known package when getting name for resource number 0xffffffff
W/ResourceType( 8352): No known package when getting name for resource number 0xffffffff
W/ResourceType( 8352): No known package when getting name for resource number 0xffffffff
W/ResourceType( 8352): No known package when getting name for resource number 0xffffffff
W/ResourceType( 8352): No known package when getting name for resource number 0xffffffff
W/ResourceType( 8352): No known package when getting name for resource number 0xffffffff
W/ResourceType( 8352): No known package when getting name for resource number 0xffffffff
W/ResourceType( 8352): No known package when getting name for resource number 0xffffffff
W/ResourceType( 8352): No known package when getting name for resource number 0xffffffff
W/ResourceType( 8352): No known package when getting name for resource number 0xffffffff
W/ResourceType( 8352): No known package when getting name for resource number 0xffffffff
W/ResourceType( 8352): No known package when getting name for resource number 0xffffffff
W/ResourceType( 8352): No known package when getting name for resource number 0xffffffff
W/ResourceType( 8352): No known package when getting name for resource number 0xffffffff
W/ResourceType( 8352): No known package when getting name for resource number 0xffffffff
W/ResourceType( 8352): No known package when getting name for resource number 0xffffffff
W/ResourceType( 8352): No known package when getting name for resource number 0xffffffff
W/ResourceType( 8352): No known package when getting name for resource number 0xffffffff
W/ResourceType( 8352): No known package when getting name for resource number 0xffffffff
W/ResourceType( 8352): No known package when getting name for resource number 0xffffffff
W/ResourceType( 8352): No known package when getting name for resource number 0xffffffff
W/ResourceType( 8352): No known package when getting name for resource number 0xffffffff
W/ResourceType( 8352): No known package when getting name for resource number 0xffffffff
W/ResourceType( 8352): No known package when getting name for resource number 0xffffffff
W/ResourceType( 8352): No known package when getting name for resource number 0xffffffff
W/ResourceType( 8352): No known package when getting name for resource number 0xffffffff
W/ResourceType( 8352): No known package when getting name for resource number 0xffffffff
W/ResourceType( 8352): No known package when getting name for resource number 0xffffffff
W/ResourceType( 8352): No known package when getting name for resource number 0xffffffff
W/ResourceType( 8352): No known package when getting name for resource number 0xffffffff
W/ResourceType( 8352): No known package when getting name for resource number 0xffffffff
W/ResourceType( 8352): No known package when getting name for resource number 0xffffffff
W/ResourceType( 8352): No known package when getting name for resource number 0xffffffff
W/ResourceType( 8352): No known package when getting name for resource number 0xffffffff
W/ResourceType( 8352): No known package when getting name for resource number 0xffffffff
W/ResourceType( 8352): No known package when getting name for resource number 0xffffffff
W/ResourceType( 8352): No known package when getting name for resource number 0xffffffff
W/ResourceType( 8352): No known package when getting name for resource number 0xffffffff
W/ResourceType( 8352): No known package when getting name for resource number 0xffffffff
W/ResourceType( 8352): No known package when getting name for resource number 0xffffffff
W/ResourceType( 8352): No known package when getting name for resource number 0xffffffff
W/ResourceType( 8352): No known package when getting name for resource number 0xffffffff
I/System.out( 8352): URI: /map
I/System.out( 8352): params: {json={"query":"* marked:'My Jobs'","operation":{"method_name":"query","arguments":[]}}
I/System.out( 8352): }
W/ResourceType( 8352): No known package when getting name for resource number 0xffffffff
W/ResourceType( 8352): No known package when getting name for resource number 0xffffffff
W/ResourceType( 8352): No known package when getting name for resource number 0xffffffff
W/ResourceType( 8352): No known package when getting name for resource number 0xffffffff
W/ResourceType( 8352): No known package when getting name for resource number 0xffffffff
W/ResourceType( 8352): No known package when getting name for resource number 0xffffffff
W/ResourceType( 8352): No known package when getting name for resource number 0xffffffff
W/ResourceType( 8352): No known package when getting name for resource number 0xffffffff
W/ResourceType( 8352): No known package when getting name for resource number 0xffffffff
W/ResourceType( 8352): No known package when getting name for resource number 0xffffffff
W/ResourceType( 8352): No known package when getting name for resource number 0xffffffff
W/ResourceType( 8352): No known package when getting name for resource number 0xffffffff
W/ResourceType( 8352): No known package when getting name for resource number 0xffffffff
W/ResourceType( 8352): No known package when getting name for resource number 0xffffffff
W/ResourceType( 8352): No known package when getting name for resource number 0xffffffff
W/ResourceType( 8352): No known package when getting name for resource number 0xffffffff
W/ResourceType( 8352): No known package when getting name for resource number 0xffffffff
W/ResourceType( 8352): No known package when getting name for resource number 0xffffffff
W/ResourceType( 8352): No known package when getting name for resource number 0xffffffff
W/ResourceType( 8352): No known package when getting name for resource number 0xffffffff
W/ResourceType( 8352): No known package when getting name for resource number 0xffffffff
W/ResourceType( 8352): No known package when getting name for resource number 0xffffffff
W/ResourceType( 8352): No known package when getting name for resource number 0xffffffff
W/ResourceType( 8352): No known package when getting name for resource number 0xffffffff
W/ResourceType( 8352): No known package when getting name for resource number 0xffffffff
W/ResourceType( 8352): No known package when getting name for resource number 0xffffffff
W/ResourceType( 8352): No known package when getting name for resource number 0xffffffff
W/ResourceType( 8352): No known package when getting name for resource number 0xffffffff
W/ResourceType( 8352): No known package when getting name for resource number 0xffffffff
W/ResourceType( 8352): No known package when getting name for resource number 0xffffffff
W/ResourceType( 8352): No known package when getting name for resource number 0xffffffff
W/ResourceType( 8352): No known package when getting name for resource number 0xffffffff
W/ResourceType( 8352): No known package when getting name for resource number 0xffffffff
W/ResourceType( 8352): No known package when getting name for resource number 0xffffffff
W/ResourceType( 8352): No known package when getting name for resource number 0xffffffff
W/ResourceType( 8352): No known package when getting name for resource number 0xffffffff
W/ResourceType( 8352): No known package when getting name for resource number 0xffffffff
W/ResourceType( 8352): No known package when getting name for resource number 0xffffffff
W/ResourceType( 8352): No known package when getting name for resource number 0xffffffff
W/ResourceType( 8352): No known package when getting name for resource number 0xffffffff
W/ResourceType( 8352): No known package when getting name for resource number 0xffffffff
W/ResourceType( 8352): No known package when getting name for resource number 0xffffffff
W/ResourceType( 8352): No known package when getting name for resource number 0xffffffff
W/ResourceType( 8352): No known package when getting name for resource number 0xffffffff
W/ResourceType( 8352): No known package when getting name for resource number 0xffffffff
W/ResourceType( 8352): No known package when getting name for resource number 0xffffffff
W/ResourceType( 8352): No known package when getting name for resource number 0xffffffff
W/ResourceType( 8352): No known package when getting name for resource number 0xffffffff
W/ResourceType( 8352): No known package when getting name for resource number 0xffffffff
W/ResourceType( 8352): No known package when getting name for resource number 0xffffffff
D/Mono    ( 8352): [0x99920380] hill climbing, change max number of threads 5
W/ResourceType( 8352): No known package when getting name for resource number 0xffffffff
W/ResourceType( 8352): No known package when getting name for resource number 0xffffffff
W/ResourceType( 8352): No known package when getting name for resource number 0xffffffff
W/ResourceType( 8352): No known package when getting name for resource number 0xffffffff
W/ResourceType( 8352): No known package when getting name for resource number 0xffffffff
W/ResourceType( 8352): No known package when getting name for resource number 0xffffffff
W/ResourceType( 8352): No known package when getting name for resource number 0xffffffff
W/ResourceType( 8352): No known package when getting name for resource number 0xffffffff
W/ResourceType( 8352): No known package when getting name for resource number 0xffffffff
W/ResourceType( 8352): No known package when getting name for resource number 0xffffffff
W/ResourceType( 8352): No known package when getting name for resource number 0xffffffff
W/ResourceType( 8352): No known package when getting name for resource number 0xffffffff
W/ResourceType( 8352): No known package when getting name for resource number 0xffffffff
W/ResourceType( 8352): No known package when getting name for resource number 0xffffffff
W/ResourceType( 8352): No known package when getting name for resource number 0xffffffff
W/ResourceType( 8352): No known package when getting name for resource number 0xffffffff
W/ResourceType( 8352): No known package when getting name for resource number 0xffffffff
W/ResourceType( 8352): No known package when getting name for resource number 0xffffffff
W/ResourceType( 8352): No known package when getting name for resource number 0xffffffff
W/ResourceType( 8352): No known package when getting name for resource number 0xffffffff
W/ResourceType( 8352): No known package when getting name for resource number 0xffffffff
W/ResourceType( 8352): No known package when getting name for resource number 0xffffffff
W/ResourceType( 8352): No known package when getting name for resource number 0xffffffff
W/ResourceType( 8352): No known package when getting name for resource number 0xffffffff
I/art     ( 8352): Explicit concurrent mark sweep GC freed 284789(11MB) AllocSpace objects, 15(240KB) LOS objects, 26% free, 44MB/60MB, paused 1.295ms total 47.301ms
I/art     ( 8352): Explicit concurrent mark sweep GC freed 348(16KB) AllocSpace objects, 0(0B) LOS objects, 26% free, 43MB/59MB, paused 1.017ms total 23.683ms
I/System.out( 8352): URI: /
I/System.out( 8352): params: {json={"command":"touch_coordinate","arguments":[720.0,368.0]}
I/System.out( 8352): }
I/System.out( 8352): header: {content-length=56, host=devicehost108.prod, x-session-token=token-token-b43d6b15-f962-4279-8194-4106bc57fb89, x-forwarded-for=10.222.150.34, content-type=application/json; charset=utf-8, connection=close}
I/System.out( 8352): params: {json={"command":"touch_coordinate","arguments":[720.0,368.0]}
I/System.out( 8352): }
I/System.out( 8352): ProP json = {"command":"touch_coordinate","arguments":[720.0,368.0]}
I/System.out( 8352): files: {}
I/System.out( 8352): command: {"command":"touch_coordinate","arguments":[720.0,368.0]}
I/InstrumentationBackend( 8352): Got command:'Command:'Line:null,touch_coordinate', arguments:'[720.0, 368.0]'
I/art     ( 8352): Explicit concurrent mark sweep GC freed 1668(78KB) AllocSpace objects, 1(16KB) LOS objects, 26% free, 44MB/60MB, paused 1.304ms total 26.254ms
I/art     ( 8352): Explicit concurrent mark sweep GC freed 20(1312B) AllocSpace objects, 0(0B) LOS objects, 26% free, 44MB/60MB, paused 1.242ms total 26.593ms
I/art     ( 8352): Explicit concurrent mark sweep GC freed 17(1152B) AllocSpace objects, 0(0B) LOS objects, 26% free, 44MB/60MB, paused 1.027ms total 26.647ms
I/mono-stdout( 8352): uri is: https://api.careerbuilder.com/consumer/saved-jobs/?DeveloperKey=WDHR8FC6P2JZ1Y61KLM5
I/mono-stdout( 8352): making api call to: /consumer/saved-jobs/?DeveloperKey=WDHR8FC6P2JZ1Y61KLM5
I/mono-stdout( 8352): Method: GET, RequestUri: 'https://api.careerbuilder.com/consumer/saved-jobs/?DeveloperKey=WDHR8FC6P2JZ1Y61KLM5', Version: 1.1, Content: <null>, Headers:

I/mono-stdout( 8352): {

I/mono-stdout( 8352): DeveloperKey: WDHR8FC6P2JZ1Y61KLM5

I/mono-stdout( 8352): Accept: application/json

I/mono-stdout( 8352): Authorization: Bearer test

I/mono-stdout( 8352): HostSite: US

I/mono-stdout( 8352): }
I/mono-stdout( 8352): Current State = 1,2,6,7
I/mono-stdout( 8352): applied jobs = 6
I/mono-stdout( 8352): expired jobs = 7
I/mono-stdout( 8352): saved jobs = Saved,Saved,Applied,Saved
E/RecyclerView( 8352): No adapter attached; skipping layout
I/System.out( 8352): result:{"bonusInformation":[],"message":"","success":true}
I/mono-stdout( 8352): done making call to: /consumer/saved-jobs/?DeveloperKey=WDHR8FC6P2JZ1Y61KLM5
W/art     ( 8352): JNI RegisterNativeMethods: attempt to register 0 native methods for md539c3d548fb000cea9f34163fa7e112ea.SavedJobViewHolder
I/System.out( 8352): URI: /map
I/System.out( 8352): params: {json={"query":"* marked:'JobTitle1'","operation":{"method_name":"query","arguments":[]}}
I/System.out( 8352): }
W/ResourceType( 8352): No known package when getting name for resource number 0xffffffff
W/ResourceType( 8352): No known package when getting name for resource number 0xffffffff
W/ResourceType( 8352): No known package when getting name for resource number 0xffffffff
W/ResourceType( 8352): No known package when getting name for resource number 0xffffffff
W/ResourceType( 8352): No known package when getting name for resource number 0xffffffff
W/ResourceType( 8352): No known package when getting name for resource number 0xffffffff
W/ResourceType( 8352): No known package when getting name for resource number 0xffffffff
W/ResourceType( 8352): No known package when getting name for resource number 0xffffffff
W/ResourceType( 8352): No known package when getting name for resource number 0xffffffff
W/ResourceType( 8352): No known package when getting name for resource number 0xffffffff
W/ResourceType( 8352): No known package when getting name for resource number 0xffffffff
W/ResourceType( 8352): No known package when getting name for resource number 0xffffffff
W/ResourceType( 8352): No known package when getting name for resource number 0xffffffff
W/ResourceType( 8352): No known package when getting name for resource number 0xffffffff
W/ResourceType( 8352): No known package when getting name for resource number 0xffffffff
W/ResourceType( 8352): No known package when getting name for resource number 0xffffffff
W/ResourceType( 8352): No known package when getting name for resource number 0xffffffff
W/ResourceType( 8352): No known package when getting name for resource number 0xffffffff
I/ThermalEngine(  366): ACTION: CPU - Setting CPU[0] to 2496000
I/ThermalEngine(  366): ACTION: CPU - Setting CPU[1] to 2496000
I/ThermalEngine(  366): ACTION: CPU - Setting CPU[2] to 2496000
I/ThermalEngine(  366): ACTION: CPU - Setting CPU[3] to 2496000
W/ResourceType( 8352): No known package when getting name for resource number 0xffffffff
W/ResourceType( 8352): No known package when getting name for resource number 0xffffffff
W/ResourceType( 8352): No known package when getting name for resource number 0xffffffff
W/ResourceType( 8352): No known package when getting name for resource number 0xffffffff
W/ResourceType( 8352): No known package when getting name for resource number 0xffffffff
W/ResourceType( 8352): No known package when getting name for resource number 0xffffffff
W/ResourceType( 8352): No known package when getting name for resource number 0xffffffff
W/ResourceType( 8352): No known package when getting name for resource number 0xffffffff
W/ResourceType( 8352): No known package when getting name for resource number 0xffffffff
W/ResourceType( 8352): No known package when getting name for resource number 0xffffffff
W/ResourceType( 8352): No known package when getting name for resource number 0xffffffff
W/ResourceType( 8352): No known package when getting name for resource number 0xffffffff
W/ResourceType( 8352): No known package when getting name for resource number 0xffffffff
