I/InstrumentationBackend( 8512): Added:'KeyboardKeyEvent', with key:'keyboard_key_event'
I/InstrumentationBackend( 8512): Added:'PressUserActionButton', with key:'press_user_action_button'
I/InstrumentationBackend( 8512): Added:'SetComposingRegion', with key:'set_composing_region'
I/InstrumentationBackend( 8512): Added:'SetSelection', with key:'set_selection'
I/InstrumentationBackend( 8512): Added:'AndroidSDKVersion', with key:'android_sdk_version'
I/InstrumentationBackend( 8512): Added:'Version', with key:'version'
I/InstrumentationBackend( 8512): Added:'GetActivityName', with key:'get_activity_name'
I/InstrumentationBackend( 8512): Added:'IsCurrentActivityFocused', with key:'is_current_activity_focused'
I/InstrumentationBackend( 8512): Added:'ScrollToView', with key:'scroll_to_view'
I/InstrumentationBackend( 8512): Added:'ViewConfiguration', with key:'view_configuration'
I/InstrumentationBackend( 8512): Added:'DumpBodyHtml', with key:'dump_body_html'
I/InstrumentationBackend( 8512): Added:'DumpHtml', with key:'dump_html'
I/InstrumentationBackend( 8512): Added:'EnterTextByCssSelector', with key:'enter_text_by_selector'
I/InstrumentationBackend( 8512): Added:'GetLoadProgress', with key:'get_load_progress'
I/InstrumentationBackend( 8512): Added:'GetUrl', with key:'get_url'
I/InstrumentationBackend( 8512): Added:'ScrollTo', with key:'scroll_to'
I/InstrumentationBackend( 8512): Added:'SetPropertyByCssSelector', with key:'set_property_by_css_selector'
I/calabash( 8512): Instantiating http server at 7102
I/System.out( 8512): HTTP Daemon listening on: 7102
I/System.out( 8512): URI: /ready
I/System.out( 8512): params: {}
I/System.out( 8512): URI: /ready
I/System.out( 8512): params: {}
I/System.out( 8512): URI: /ping
I/System.out( 8512): params: {json={"intent":null }
I/System.out( 8512): }
I/System.out( 8512): URI: /ready
I/System.out( 8512): params: {json={"intent":null }
I/System.out( 8512): }
I/System.out( 8512): URI: /start-application
I/System.out( 8512): params: {json={"intent":null }
I/System.out( 8512): }
I/calabash( 8512): execStartActivity 4
I/ActivityManager(  818): START u0 {act=android.intent.action.MAIN cat=[android.intent.category.LAUNCHER] flg=0x10200000 cmp=com.careerbuilder.SugarDrone/md537fd6201b6818e2e180d2f7606e21a83.AppMainActivity (has extras)} from uid 12420 on display 0
V/WindowManager(  818): addAppToken: AppWindowToken{2ee456b2 token=Token{3ac540bd ActivityRecord{3d4cb014 u0 com.careerbuilder.SugarDrone/md537fd6201b6818e2e180d2f7606e21a83.AppMainActivity t14}}} to stack=1 task=14 at 0
I/calabash( 8512): newActivity1
D/Mono    ( 8512): Assembly Ref addref CareerBuilder_Search.Droid[0xb4ae1580] -> Xamarin.Android.Support.v7.AppCompat[0xb4ae1f40]: 2
D/Mono    ( 8512): Assembly Ref addref Xamarin.Android.Support.v7.AppCompat[0xb4ae1f40] -> Xamarin.Android.Support.v4[0xb4ae1dc0]: 2
V/WindowManager(  818): Adding window Window{9db827b u0 Starting com.careerbuilder.SugarDrone} at 2 of 7 (after Window{22f3ca61 u0 com.google.android.googlequicksearchbox/com.google.android.launcher.GEL})
D/Mono    ( 8512): DllImport searching in: '__Internal' ('(null)').
D/Mono    ( 8512): Searching for 'java_interop_jnienv_get_array_length'.
D/Mono    ( 8512): Probing 'java_interop_jnienv_get_array_length'.
D/Mono    ( 8512): Found as 'java_interop_jnienv_get_array_length'.
D/Mono    ( 8512): Assembly Ref addref CareerBuilder_Search.Droid[0xb4ae1580] -> CareerBuilder_Search[0xb4b73460]: 2
D/Mono    ( 8512): Assembly Ref addref CareerBuilder_Search.Droid[0xb4ae1580] -> Xamarin.Android.Support.v4[0xb4ae1dc0]: 3
D/Mono    ( 8512): DllImport searching in: '__Internal' ('(null)').
D/Mono    ( 8512): Searching for 'java_interop_jnienv_new_string'.
D/Mono    ( 8512): Probing 'java_interop_jnienv_new_string'.
D/Mono    ( 8512): Found as 'java_interop_jnienv_new_string'.
D/Mono    ( 8512): Assembly Ref addref CareerBuilder_Search.Droid[0xb4ae1580] -> Plugin.CurrentActivity[0xb4ae1880]: 2
D/Mono    ( 8512): Assembly Ref addref Plugin.CurrentActivity[0xb4ae1880] -> mscorlib[0xb4ae1520]: 30
D/Mono    ( 8512): Assembly Ref addref Plugin.CurrentActivity[0xb4ae1880] -> Mono.Android[0xb4b734c0]: 18
D/Mono    ( 8512): [0x9cb8de00] worker starting
D/Mono    ( 8512): [0x9cb8fc00] worker starting
D/Mono    ( 8512): Unloading image System.Runtime.dll [0xb4b84200].
D/Mono    ( 8512): Image addref System.Runtime[0x9bc97940] -> System.Runtime.dll[0xb4b77f00]: 5
D/Mono    ( 8512): Config attempting to parse: 'System.Runtime.dll.config'.
D/Mono    ( 8512): Config attempting to parse: '/Users/builder/data/lanes/4009/3a62f1ea/source/monodroid/builds/install/mono-armv6/etc/mono/assemblies/System.Runtime/System.Runtime.config'.
D/Mono    ( 8512): Assembly Ref addref CareerBuilder_Search[0xb4b73460] -> System.Runtime[0xb4b73580]: 3
D/Mono    ( 8512): Assembly Ref addref CareerBuilder_Search[0xb4b73460] -> Plugin.DeviceInfo.Abstractions[0xb4ae1ac0]: 2
D/Mono    ( 8512): Unloading image System.Runtime.dll [0xb4b84700].
D/Mono    ( 8512): Image addref System.Runtime[0x9bc97940] -> System.Runtime.dll[0xb4b77f00]: 6
D/Mono    ( 8512): Config attempting to parse: 'System.Runtime.dll.config'.
D/Mono    ( 8512): Config attempting to parse: '/Users/builder/data/lanes/4009/3a62f1ea/source/monodroid/builds/install/mono-armv6/etc/mono/assemblies/System.Runtime/System.Runtime.config'.
D/Mono    ( 8512): Assembly Ref addref Plugin.DeviceInfo.Abstractions[0xb4ae1ac0] -> System.Runtime[0xb4b73580]: 4
D/Mono    ( 8512): Assembly Ref addref CareerBuilder_Search.Droid[0xb4ae1580] -> Akavache[0xb4ae16a0]: 2
D/Mono    ( 8512): Assembly Ref addref Akavache[0xb4ae16a0] -> mscorlib[0xb4ae1520]: 31
D/Mono    ( 8512): Assembly Ref addref Akavache[0xb4ae16a0] -> System.Reactive.Interfaces[0xb4b731c0]: 2
D/Mono    ( 8512): Assembly Ref addref Akavache[0xb4ae16a0] -> System.Reactive.Core[0xb4b73160]: 2
D/Mono    ( 8512): Unloading image System.Runtime.dll [0xb4b84700].
D/Mono    ( 8512): Image addref System.Runtime[0x9bc97940] -> System.Runtime.dll[0xb4b77f00]: 7
D/Mono    ( 8512): Config attempting to parse: 'System.Runtime.dll.config'.
D/Mono    ( 8512): Config attempting to parse: '/Users/builder/data/lanes/4009/3a62f1ea/source/monodroid/builds/install/mono-armv6/etc/mono/assemblies/System.Runtime/System.Runtime.config'.
D/Mono    ( 8512): Assembly Ref addref System.Reactive.Core[0xb4b73160] -> System.Runtime[0xb4b73580]: 5
D/Mono    ( 8512): DllImport searching in: '__Internal' ('(null)').
D/Mono    ( 8512): Searching for 'java_interop_jnienv_call_nonvirtual_object_method_a'.
D/Mono    ( 8512): Probing 'java_interop_jnienv_call_nonvirtual_object_method_a'.
D/Mono    ( 8512): Found as 'java_interop_jnienv_call_nonvirtual_object_method_a'.
D/Mono    ( 8512): Assembly Ref addref CareerBuilder_Search.Droid[0xb4ae1580] -> Microsoft.Practices.Unity[0xb4ae1820]: 2
D/Mono    ( 8512): Unloading image System.Runtime.dll [0xb4b84700].
D/Mono    ( 8512): Image addref System.Runtime[0x9bc97940] -> System.Runtime.dll[0xb4b77f00]: 8
D/Mono    ( 8512): Config attempting to parse: 'System.Runtime.dll.config'.
D/Mono    ( 8512): Config attempting to parse: '/Users/builder/data/lanes/4009/3a62f1ea/source/monodroid/builds/install/mono-armv6/etc/mono/assemblies/System.Runtime/System.Runtime.config'.
D/Mono    ( 8512): Assembly Ref addref Microsoft.Practices.Unity[0xb4ae1820] -> System.Runtime[0xb4b73580]: 6
D/Mono    ( 8512): Unloading image System.Collections.dll [0xb4b84c00].
D/Mono    ( 8512): Image addref System.Collections[0x9bc97940] -> System.Collections.dll[0xb4b7ac00]: 5
D/Mono    ( 8512): Config attempting to parse: 'System.Collections.dll.config'.
D/Mono    ( 8512): Config attempting to parse: '/Users/builder/data/lanes/4009/3a62f1ea/source/monodroid/builds/install/mono-armv6/etc/mono/assemblies/System.Collections/System.Collections.config'.
D/Mono    ( 8512): Assembly Ref addref Microsoft.Practices.Unity[0xb4ae1820] -> System.Collections[0xb4b73820]: 3
D/Mono    ( 8512): Assembly Ref addref CareerBuilder_Search[0xb4b73460] -> Microsoft.Practices.Unity[0xb4ae1820]: 3
D/Mono    ( 8512): Assembly Ref addref CareerBuilder_Search.Droid[0xb4ae1580] -> Plugin.DeviceInfo.Abstractions[0xb4ae1ac0]: 3
D/Mono    ( 8512): Unloading image System.Diagnostics.Debug.dll [0xb4b84c00].
D/Mono    ( 8512): Image addref System.Diagnostics.Debug[0x9bc97940] -> System.Diagnostics.Debug.dll[0xb4b79d00]: 5
D/Mono    ( 8512): Config attempting to parse: 'System.Diagnostics.Debug.dll.config'.
D/Mono    ( 8512): Config attempting to parse: '/Users/builder/data/lanes/4009/3a62f1ea/source/monodroid/builds/install/mono-armv6/etc/mono/assemblies/System.Diagnostics.Debug/System.Diagnostics.Debug.config'.
D/Mono    ( 8512): Assembly Ref addref CareerBuilder_Search[0xb4b73460] -> System.Diagnostics.Debug[0xb4b73700]: 3
D/Mono    ( 8512): Assembly Ref addref System.Diagnostics.Debug[0xb4b73700] -> mscorlib[0xb4ae1520]: 32
D/Mono    ( 8512): Image addref System.Diagnostics.Tools[0x9bc97940] -> System.Diagnostics.Tools.dll[0xb4b84c00]: 2
D/Mono    ( 8512): Prepared to set up assembly 'System.Diagnostics.Tools' (System.Diagnostics.Tools.dll)
D/Mono    ( 8512): Assembly System.Diagnostics.Tools[0x9bc97940] added to domain RootDomain, ref_count=1
D/Mono    ( 8512): AOT module 'System.Diagnostics.Tools.dll.so' not found: dlopen failed: library "/data/app/com.careerbuilder.SugarDrone-1/lib/arm/libaot-System.Diagnostics.Tools.dll.so" not found
D/Mono    ( 8512): AOT module '/Users/builder/data/lanes/4009/3a62f1ea/source/monodroid/builds/install/mono-armv6/lib/mono/aot-cache/arm/System.Diagnostics.Tools.dll.so' not found: dlopen failed: library "/data/app/com.careerbuilder.SugarDrone-1/lib/arm/libaot-System.Diagnostics.Tools.dll.so" not found
D/Mono    ( 8512): Config attempting to parse: 'System.Diagnostics.Tools.dll.config'.
D/Mono    ( 8512): Config attempting to parse: '/Users/builder/data/lanes/4009/3a62f1ea/source/monodroid/builds/install/mono-armv6/etc/mono/assemblies/System.Diagnostics.Tools/System.Diagnostics.Tools.config'.
D/Mono    ( 8512): Assembly Ref addref Microsoft.Practices.Unity[0xb4ae1820] -> System.Diagnostics.Tools[0x9bc97940]: 2
D/Mono    ( 8512): Assembly Ref addref System.Diagnostics.Tools[0x9bc97940] -> mscorlib[0xb4ae1520]: 33
D/Mono    ( 8512): Image addref System.Resources.ResourceManager[0x9bc979a0] -> System.Resources.ResourceManager.dll[0xb4b85100]: 2
D/Mono    ( 8512): Prepared to set up assembly 'System.Resources.ResourceManager' (System.Resources.ResourceManager.dll)
D/Mono    ( 8512): Assembly System.Resources.ResourceManager[0x9bc979a0] added to domain RootDomain, ref_count=1
D/Mono    ( 8512): AOT module 'System.Resources.ResourceManager.dll.so' not found: dlopen failed: library "/data/app/com.careerbuilder.SugarDrone-1/lib/arm/libaot-System.Resources.ResourceManager.dll.so" not found
D/Mono    ( 8512): AOT module '/Users/builder/data/lanes/4009/3a62f1ea/source/monodroid/builds/install/mono-armv6/lib/mono/aot-cache/arm/System.Resources.ResourceManager.dll.so' not found: dlopen failed: library "/data/app/com.careerbuilder.SugarDrone-1/lib/arm/libaot-System.Resources.ResourceManager.dll.so" not found
D/Mono    ( 8512): Config attempting to parse: 'System.Resources.ResourceManager.dll.config'.
D/Mono    ( 8512): Config attempting to parse: '/Users/builder/data/lanes/4009/3a62f1ea/source/monodroid/builds/install/mono-armv6/etc/mono/assemblies/System.Resources.ResourceManager/System.Resources.ResourceManager.config'.
D/Mono    ( 8512): Assembly Ref addref Microsoft.Practices.Unity[0xb4ae1820] -> System.Resources.ResourceManager[0x9bc979a0]: 2
D/Mono    ( 8512): Assembly Ref addref System.Resources.ResourceManager[0x9bc979a0] -> mscorlib[0xb4ae1520]: 34
D/OpenGLRenderer( 8512): Use EGL_SWAP_BEHAVIOR_PRESERVED: true
D/Atlas   ( 8512): Validating map...
D/Mono    ( 8512): Unloading image System.Reflection.dll [0xb4b85600].
D/Mono    ( 8512): Image addref System.Reflection[0x9bc97a00] -> System.Reflection.dll[0xb4b79300]: 5
D/Mono    ( 8512): Config attempting to parse: 'System.Reflection.dll.config'.
D/Mono    ( 8512): Config attempting to parse: '/Users/builder/data/lanes/4009/3a62f1ea/source/monodroid/builds/install/mono-armv6/etc/mono/assemblies/System.Reflection/System.Reflection.config'.
D/Mono    ( 8512): Assembly Ref addref Microsoft.Practices.Unity[0xb4ae1820] -> System.Reflection[0xb4b73640]: 3
V/WindowManager(  818): Adding window Window{1bb07529 u0 com.careerbuilder.SugarDrone/md537fd6201b6818e2e180d2f7606e21a83.AppMainActivity} at 2 of 8 (before Window{9db827b u0 Starting com.careerbuilder.SugarDrone})
D/Mono    ( 8512): Unloading image System.Linq.dll [0xb4b85600].
D/Mono    ( 8512): Image addref System.Linq[0x9bc97d60] -> System.Linq.dll[0xb4b7cf00]: 5
D/Mono    ( 8512): Config attempting to parse: 'System.Linq.dll.config'.
D/Mono    ( 8512): Config attempting to parse: '/Users/builder/data/lanes/4009/3a62f1ea/source/monodroid/builds/install/mono-armv6/etc/mono/assemblies/System.Linq/System.Linq.config'.
D/Mono    ( 8512): Assembly Ref addref Microsoft.Practices.Unity[0xb4ae1820] -> System.Linq[0xb4b73940]: 3
I/Adreno  ( 8512): EGLInit: QTI Build: 01/29/15, 1bccc5d, I0ba6dce82d
I/OpenGLRenderer( 8512): Initialized EGL, version 1.4
D/Mono    ( 8512): Unloading image System.Threading.dll [0xb4b85600].
D/Mono    ( 8512): Image addref System.Threading[0x9bc97d60] -> System.Threading.dll[0xb4b79800]: 5
D/Mono    ( 8512): Config attempting to parse: 'System.Threading.dll.config'.
D/Mono    ( 8512): Config attempting to parse: '/Users/builder/data/lanes/4009/3a62f1ea/source/monodroid/builds/install/mono-armv6/etc/mono/assemblies/System.Threading/System.Threading.config'.
D/Mono    ( 8512): Assembly Ref addref Microsoft.Practices.Unity[0xb4ae1820] -> System.Threading[0xb4b736a0]: 3
D/OpenGLRenderer( 8512): Enabling debug mode 0
D/Mono    ( 8512): Image addref System.Globalization[0x9bc97b20] -> System.Globalization.dll[0x99936b00]: 2
D/Mono    ( 8512): Prepared to set up assembly 'System.Globalization' (System.Globalization.dll)
D/Mono    ( 8512): Assembly System.Globalization[0x9bc97b20] added to domain RootDomain, ref_count=1
D/Mono    ( 8512): AOT module 'System.Globalization.dll.so' not found: dlopen failed: library "/data/app/com.careerbuilder.SugarDrone-1/lib/arm/libaot-System.Globalization.dll.so" not found
D/Mono    ( 8512): AOT module '/Users/builder/data/lanes/4009/3a62f1ea/source/monodroid/builds/install/mono-armv6/lib/mono/aot-cache/arm/System.Globalization.dll.so' not found: dlopen failed: library "/data/app/com.careerbuilder.SugarDrone-1/lib/arm/libaot-System.Globalization.dll.so" not found
D/Mono    ( 8512): Config attempting to parse: 'System.Globalization.dll.config'.
D/Mono    ( 8512): Config attempting to parse: '/Users/builder/data/lanes/4009/3a62f1ea/source/monodroid/builds/install/mono-armv6/etc/mono/assemblies/System.Globalization/System.Globalization.config'.
D/Mono    ( 8512): Assembly Ref addref Microsoft.Practices.Unity[0xb4ae1820] -> System.Globalization[0x9bc97b20]: 2
D/Mono    ( 8512): Assembly Ref addref System.Globalization[0x9bc97b20] -> mscorlib[0xb4ae1520]: 35
D/Mono    ( 8512): Image addref System.Runtime.Extensions[0x999c7ca0] -> System.Runtime.Extensions.dll[0x99937000]: 2
D/Mono    ( 8512): Prepared to set up assembly 'System.Runtime.Extensions' (System.Runtime.Extensions.dll)
D/Mono    ( 8512): Assembly System.Runtime.Extensions[0x999c7ca0] added to domain RootDomain, ref_count=1
D/Mono    ( 8512): AOT module 'System.Runtime.Extensions.dll.so' not found: dlopen failed: library "/data/app/com.careerbuilder.SugarDrone-1/lib/arm/libaot-System.Runtime.Extensions.dll.so" not found
D/Mono    ( 8512): AOT module '/Users/builder/data/lanes/4009/3a62f1ea/source/monodroid/builds/install/mono-armv6/lib/mono/aot-cache/arm/System.Runtime.Extensions.dll.so' not found: dlopen failed: library "/data/app/com.careerbuilder.SugarDrone-1/lib/arm/libaot-System.Runtime.Extensions.dll.so" not found
D/Mono    ( 8512): Config attempting to parse: 'System.Runtime.Extensions.dll.config'.
D/Mono    ( 8512): Config attempting to parse: '/Users/builder/data/lanes/4009/3a62f1ea/source/monodroid/builds/install/mono-armv6/etc/mono/assemblies/System.Runtime.Extensions/System.Runtime.Extensions.config'.
D/Mono    ( 8512): Assembly Ref addref Microsoft.Practices.Unity[0xb4ae1820] -> System.Runtime.Extensions[0x999c7ca0]: 2
D/Mono    ( 8512): Assembly Ref addref System.Runtime.Extensions[0x999c7ca0] -> mscorlib[0xb4ae1520]: 36
D/Mono    ( 8512): Image addref System.Linq.Expressions[0x999c7d00] -> System.Linq.Expressions.dll[0x99936100]: 2
D/Mono    ( 8512): Prepared to set up assembly 'System.Linq.Expressions' (System.Linq.Expressions.dll)
D/Mono    ( 8512): Assembly System.Linq.Expressions[0x999c7d00] added to domain RootDomain, ref_count=1
D/Mono    ( 8512): AOT module 'System.Linq.Expressions.dll.so' not found: dlopen failed: library "/data/app/com.careerbuilder.SugarDrone-1/lib/arm/libaot-System.Linq.Expressions.dll.so" not found
D/Mono    ( 8512): AOT module '/Users/builder/data/lanes/4009/3a62f1ea/source/monodroid/builds/install/mono-armv6/lib/mono/aot-cache/arm/System.Linq.Expressions.dll.so' not found: dlopen failed: library "/data/app/com.careerbuilder.SugarDrone-1/lib/arm/libaot-System.Linq.Expressions.dll.so" not found
D/Mono    ( 8512): Config attempting to parse: 'System.Linq.Expressions.dll.config'.
D/Mono    ( 8512): Config attempting to parse: '/Users/builder/data/lanes/4009/3a62f1ea/source/monodroid/builds/install/mono-armv6/etc/mono/assemblies/System.Linq.Expressions/System.Linq.Expressions.config'.
D/Mono    ( 8512): Assembly Ref addref Microsoft.Practices.Unity[0xb4ae1820] -> System.Linq.Expressions[0x999c7d00]: 2
D/Mono    ( 8512): Assembly Ref addref System.Linq.Expressions[0x999c7d00] -> System.Core[0xb4b73ac0]: 5
D/Mono    ( 8512): Assembly Ref addref System.Core[0xb4b73ac0] -> System[0xb4b73760]: 3
I/ActivityManager(  818): Displayed com.careerbuilder.SugarDrone/md537fd6201b6818e2e180d2f7606e21a83.AppMainActivity: +412ms (total +1m46s248ms)
D/Mono    ( 8512): Assembly Ref addref CareerBuilder_Search.Droid[0xb4ae1580] -> Xamarin.GooglePlayServices.Analytics[0xb4ae1b20]: 2
D/Finsky  ( 2705): [1] 5.onFinished: Installation state replication succeeded.
D/Mono    ( 8512): Assembly Ref addref CareerBuilder_Search.Droid[0xb4ae1580] -> Plugin.Geolocator.Abstractions[0xb4ae1a00]: 2
D/Mono    ( 8512): Assembly Ref addref CareerBuilder_Search[0xb4b73460] -> System.Net.Http[0x9bc97400]: 3
D/Mono    ( 8512): Assembly Ref addref CareerBuilder_Search[0xb4b73460] -> Plugin.DeviceInfo[0xb4ae1a60]: 2
D/Mono    ( 8512): Assembly Ref addref Plugin.DeviceInfo[0xb4ae1a60] -> mscorlib[0xb4ae1520]: 37
D/Mono    ( 8512): Assembly Ref addref Plugin.DeviceInfo[0xb4ae1a60] -> Plugin.DeviceInfo.Abstractions[0xb4ae1ac0]: 4
D/Mono    ( 8512): Image addref System.Threading.Tasks[0x9999a460] -> System.Threading.Tasks.dll[0x99935700]: 2
D/Mono    ( 8512): Prepared to set up assembly 'System.Threading.Tasks' (System.Threading.Tasks.dll)
D/Mono    ( 8512): Assembly System.Threading.Tasks[0x9999a460] added to domain RootDomain, ref_count=1
D/Mono    ( 8512): AOT module 'System.Threading.Tasks.dll.so' not found: dlopen failed: library "/data/app/com.careerbuilder.SugarDrone-1/lib/arm/libaot-System.Threading.Tasks.dll.so" not found
D/Mono    ( 8512): AOT module '/Users/builder/data/lanes/4009/3a62f1ea/source/monodroid/builds/install/mono-armv6/lib/mono/aot-cache/arm/System.Threading.Tasks.dll.so' not found: dlopen failed: library "/data/app/com.careerbuilder.SugarDrone-1/lib/arm/libaot-System.Threading.Tasks.dll.so" not found
D/Mono    ( 8512): Config attempting to parse: 'System.Threading.Tasks.dll.config'.
D/Mono    ( 8512): Config attempting to parse: '/Users/builder/data/lanes/4009/3a62f1ea/source/monodroid/builds/install/mono-armv6/etc/mono/assemblies/System.Threading.Tasks/System.Threading.Tasks.config'.
D/Mono    ( 8512): Assembly Ref addref CareerBuilder_Search[0xb4b73460] -> System.Threading.Tasks[0x9999a460]: 2
D/Mono    ( 8512): Assembly Ref addref System.Threading.Tasks[0x9999a460] -> mscorlib[0xb4ae1520]: 38
D/Mono    ( 8512): Unloading image System.Collections.dll [0x99935c00].
D/Mono    ( 8512): Image addref System.Collections[0x9bc97dc0] -> System.Collections.dll[0xb4b7ac00]: 6
D/Mono    ( 8512): Config attempting to parse: 'System.Collections.dll.config'.
D/Mono    ( 8512): Config attempting to parse: '/Users/builder/data/lanes/4009/3a62f1ea/source/monodroid/builds/install/mono-armv6/etc/mono/assemblies/System.Collections/System.Collections.config'.
D/Mono    ( 8512): Assembly Ref addref CareerBuilder_Search[0xb4b73460] -> System.Collections[0xb4b73820]: 4
D/Mono    ( 8512): Assembly Ref addref System.Collections[0xb4b73820] -> System[0xb4b73760]: 4
D/Mono    ( 8512): Assembly Ref addref System.Net.Http[0x9bc97400] -> System[0xb4b73760]: 5
I/System.out( 8512): URI: /map
I/System.out( 8512): params: {json={"query":"*","operation":{"method_name":"query","arguments":[]}}
I/System.out( 8512): }
W/ResourceType( 8512): No known package when getting name for resource number 0xffffffff
W/ResourceType( 8512): No known package when getting name for resource number 0xffffffff
W/ResourceType( 8512): No known package when getting name for resource number 0xffffffff
D/Mono    ( 8512): Assembly Ref addref Microsoft.Practices.Unity[0xb4ae1820] -> System.Reflection.Extensions[0xb4b73be0]: 3
I/MicrophoneInputStream( 1510): mic_close gzi@3f1f67ff
W/GsaThreadFactory( 1510): Not creating another thread for Background Blocking because there are already 30
D/audio_hw_primary(  358): disable_audio_route: reset and update mixer path: audio-record
D/audio_hw_primary(  358): disable_snd_device: snd_device(55: voice-rec-mic)
I/SoundTriggerHwService::Module(  358): void android::SoundTriggerHwService::Module::onCallbackEvent(const android::sp<android::SoundTriggerHwService::CallbackEvent>&) mClient == 0
I/HotwordRecognitionRnr( 1510): Hotword detection finished
I/HotwordRecognitionRnr( 1510): Stopping hotword detection.
E/LocSvc_IzatApiV02(  818): E/virtual int izat_core::IzatApiV02::getBatchSize(int32_t):522]: Error : st = 4, ind.status = -1660658963
E/LocSvc_IzatApiV02(  818): E/virtual int izat_core::IzatApiV02::getBatchSize(int32_t):535]: get batching size failed.Or modem does not support batching 
D/Mono    ( 8512): Unloading image System.Threading.dll [0x9993bb00].
D/Mono    ( 8512): Image addref System.Threading[0x9999a280] -> System.Threading.dll[0xb4b79800]: 6
D/Mono    ( 8512): Config attempting to parse: 'System.Threading.dll.config'.
D/Mono    ( 8512): Config attempting to parse: '/Users/builder/data/lanes/4009/3a62f1ea/source/monodroid/builds/install/mono-armv6/etc/mono/assemblies/System.Threading/System.Threading.config'.
D/Mono    ( 8512): Assembly Ref addref CareerBuilder_Search[0xb4b73460] -> System.Threading[0xb4b736a0]: 4
D/Mono    ( 8512): Assembly Ref addref System.Threading[0xb4b736a0] -> System.Core[0xb4b73ac0]: 6
D/Mono    ( 8512): Assembly Ref addref System.Runtime[0xb4b73580] -> System[0xb4b73760]: 6
D/Mono    ( 8512): Assembly Ref addref CareerBuilder_Search[0xb4b73460] -> Newtonsoft.Json[0xb4b730a0]: 2
D/Mono    ( 8512): Unloading image System.Runtime.dll [0x9993c000].
D/Mono    ( 8512): Image addref System.Runtime[0x999cd040] -> System.Runtime.dll[0xb4b77f00]: 9
D/Mono    ( 8512): Config attempting to parse: 'System.Runtime.dll.config'.
D/Mono    ( 8512): Config attempting to parse: '/Users/builder/data/lanes/4009/3a62f1ea/source/monodroid/builds/install/mono-armv6/etc/mono/assemblies/System.Runtime/System.Runtime.config'.
D/Mono    ( 8512): Assembly Ref addref Newtonsoft.Json[0xb4b730a0] -> System.Runtime[0xb4b73580]: 7
D/Mono    ( 8512): Image addref System.Dynamic.Runtime[0x999cd040] -> System.Dynamic.Runtime.dll[0x9993c000]: 2
D/Mono    ( 8512): Prepared to set up assembly 'System.Dynamic.Runtime' (System.Dynamic.Runtime.dll)
D/Mono    ( 8512): Assembly System.Dynamic.Runtime[0x999cd040] added to domain RootDomain, ref_count=1
D/Mono    ( 8512): AOT module 'System.Dynamic.Runtime.dll.so' not found: dlopen failed: library "/data/app/com.careerbuilder.SugarDrone-1/lib/arm/libaot-System.Dynamic.Runtime.dll.so" not found
D/Mono    ( 8512): AOT module '/Users/builder/data/lanes/4009/3a62f1ea/source/monodroid/builds/install/mono-armv6/lib/mono/aot-cache/arm/System.Dynamic.Runtime.dll.so' not found: dlopen failed: library "/data/app/com.careerbuilder.SugarDrone-1/lib/arm/libaot-System.Dynamic.Runtime.dll.so" not found
D/Mono    ( 8512): Config attempting to parse: 'System.Dynamic.Runtime.dll.config'.
D/Mono    ( 8512): Config attempting to parse: '/Users/builder/data/lanes/4009/3a62f1ea/source/monodroid/builds/install/mono-armv6/etc/mono/assemblies/System.Dynamic.Runtime/System.Dynamic.Runtime.config'.
D/Mono    ( 8512): Assembly Ref addref Newtonsoft.Json[0xb4b730a0] -> System.Dynamic.Runtime[0x999cd040]: 2
D/Mono    ( 8512): Assembly Ref addref System.Dynamic.Runtime[0x999cd040] -> System.Core[0xb4b73ac0]: 7
D/Mono    ( 8512): Image addref System.ObjectModel[0x999cd100] -> System.ObjectModel.dll[0x9993b100]: 2
D/Mono    ( 8512): Prepared to set up assembly 'System.ObjectModel' (System.ObjectModel.dll)
D/Mono    ( 8512): Assembly System.ObjectModel[0x999cd100] added to domain RootDomain, ref_count=1
D/Mono    ( 8512): AOT module 'System.ObjectModel.dll.so' not found: dlopen failed: library "/data/app/com.careerbuilder.SugarDrone-1/lib/arm/libaot-System.ObjectModel.dll.so" not found
D/Mono    ( 8512): AOT module '/Users/builder/data/lanes/4009/3a62f1ea/source/monodroid/builds/install/mono-armv6/lib/mono/aot-cache/arm/System.ObjectModel.dll.so' not found: dlopen failed: library "/data/app/com.careerbuilder.SugarDrone-1/lib/arm/libaot-System.ObjectModel.dll.so" not found
D/Mono    ( 8512): Config attempting to parse: 'System.ObjectModel.dll.config'.
D/Mono    ( 8512): Config attempting to parse: '/Users/builder/data/lanes/4009/3a62f1ea/source/monodroid/builds/install/mono-armv6/etc/mono/assemblies/System.ObjectModel/System.ObjectModel.config'.
D/Mono    ( 8512): Assembly Ref addref Newtonsoft.Json[0xb4b730a0] -> System.ObjectModel[0x999cd100]: 2
D/Mono    ( 8512): Assembly Ref addref System.ObjectModel[0x999cd100] -> System[0xb4b73760]: 7
D/Mono    ( 8512): Assembly Ref addref CareerBuilder_Search[0xb4b73460] -> System.Reactive.Core[0xb4b73160]: 3
D/Mono    ( 8512): DllImport attempting to load: '__Internal'.
D/Mono    ( 8512): DllImport loaded library '(null)'.
D/Mono    ( 8512): DllImport searching in: '__Internal' ('(null)').
D/Mono    ( 8512): Searching for 'monodroid_get_system_property'.
D/Mono    ( 8512): Probing 'monodroid_get_system_property'.
D/Mono    ( 8512): Found as 'monodroid_get_system_property'.
D/Mono    ( 8512): DllImport searching in: '__Internal' ('(null)').
D/Mono    ( 8512): Searching for 'monodroid_free'.
D/Mono    ( 8512): Probing 'monodroid_free'.
D/Mono    ( 8512): Found as 'monodroid_free'.
I/System.out( 8512): URI: /map
I/System.out( 8512): params: {json={"query":"* id:'agreeAndContinueButton'","operation":{"method_name":"query","arguments":[]}}
I/System.out( 8512): }
W/ResourceType( 8512): No known package when getting name for resource number 0xffffffff
W/ResourceType( 8512): No known package when getting name for resource number 0xffffffff
W/ResourceType( 8512): No known package when getting name for resource number 0xffffffff
D/Mono    ( 8512): Assembly Ref addref CareerBuilder_Search.Droid[0xb4ae1580] -> Xamarin.Insights[0xb4ae1c40]: 2
D/Mono    ( 8512): Assembly Ref addref Xamarin.Insights[0xb4ae1c40] -> mscorlib[0xb4ae1520]: 39
D/Mono    ( 8512): Assembly Ref addref Xamarin.Insights[0xb4ae1c40] -> Mono.Android[0xb4b734c0]: 19
D/Mono    ( 8512): Assembly Ref addref CareerBuilder_Search.Droid[0xb4ae1580] -> HockeySDK[0xb4ae1640]: 2
D/Mono    ( 8512): Assembly Ref addref CareerBuilder_Search.Droid[0xb4ae1580] -> AppsFlyerXamarinBindingAndroid[0xb4ae15e0]: 2
I/art     ( 8512): Explicit concurrent mark sweep GC freed 124849(5MB) AllocSpace objects, 18(288KB) LOS objects, 38% free, 25MB/41MB, paused 7.237ms total 55.405ms
D/Mono    ( 8512): DllImport searching in: '__Internal' ('(null)').
D/Mono    ( 8512): Searching for 'java_interop_jnienv_get_static_field_id'.
D/Mono    ( 8512): Probing 'java_interop_jnienv_get_static_field_id'.
D/Mono    ( 8512): Found as 'java_interop_jnienv_get_static_field_id'.
D/Mono    ( 8512): DllImport searching in: '__Internal' ('(null)').
D/Mono    ( 8512): Searching for 'java_interop_jnienv_get_static_int_field'.
D/Mono    ( 8512): Probing 'java_interop_jnienv_get_static_int_field'.
D/Mono    ( 8512): Found as 'java_interop_jnienv_get_static_int_field'.
I/art     ( 8512): Explicit concurrent mark sweep GC freed 8145(355KB) AllocSpace objects, 2(32KB) LOS objects, 39% free, 24MB/40MB, paused 563us total 17.526ms
I/art     ( 8512): Explicit concurrent mark sweep GC freed 16(632B) AllocSpace objects, 0(0B) LOS objects, 39% free, 24MB/40MB, paused 740us total 15.838ms
D/Mono    ( 8512): Assembly Ref addref Xamarin.Insights[0xb4ae1c40] -> System.Core[0xb4b73ac0]: 8
D/Mono    ( 8512): DllImport searching in: '__Internal' ('(null)').
D/Mono    ( 8512): Searching for 'java_interop_jnienv_call_static_long_method_a'.
D/Mono    ( 8512): Probing 'java_interop_jnienv_call_static_long_method_a'.
D/Mono    ( 8512): Found as 'java_interop_jnienv_call_static_long_method_a'.
I/art     ( 8512): Explicit concurrent mark sweep GC freed 3(96B) AllocSpace objects, 0(0B) LOS objects, 39% free, 24MB/40MB, paused 492us total 14.424ms
D/Mono    ( 8512): Assembly Ref addref Xamarin.Insights[0xb4ae1c40] -> System[0xb4b73760]: 8
D/Mono    ( 8512): Assembly Ref addref Xamarin.Insights[0xb4ae1c40] -> System.Net.Http[0x9bc97400]: 4
I/art     ( 8512): Explicit concurrent mark sweep GC freed 3(96B) AllocSpace objects, 0(0B) LOS objects, 39% free, 24MB/40MB, paused 516us total 13.569ms
I/System.out( 8512): URI: /map
I/System.out( 8512): params: {json={"query":"* id:'agreeAndContinueButton'","operation":{"method_name":"query","arguments":[]}}
I/System.out( 8512): }
D/Mono    ( 8512): DllImport searching in: '__Internal' ('(null)').
D/Mono    ( 8512): Searching for 'java_interop_jnienv_get_object_array_element'.
D/Mono    ( 8512): Probing 'java_interop_jnienv_get_object_array_element'.
D/Mono    ( 8512): Found as 'java_interop_jnienv_get_object_array_element'.
D/Mono    ( 8512): DllImport searching in: '__Internal' ('(null)').
D/Mono    ( 8512): Searching for 'java_interop_jnienv_call_boolean_method_a'.
D/Mono    ( 8512): Probing 'java_interop_jnienv_call_boolean_method_a'.
D/Mono    ( 8512): Found as 'java_interop_jnienv_call_boolean_method_a'.
D/Mono    ( 8512): DllImport searching in: '__Internal' ('(null)').
D/Mono    ( 8512): Searching for 'java_interop_jnienv_call_int_method_a'.
D/Mono    ( 8512): Probing 'java_interop_jnienv_call_int_method_a'.
D/Mono    ( 8512): Found as 'java_interop_jnienv_call_int_method_a'.
W/ResourceType( 8512): No known package when getting name for resource number 0xffffffff
W/ResourceType( 8512): No known package when getting name for resource number 0xffffffff
W/ResourceType( 8512): No known package when getting name for resource number 0xffffffff
D/Mono    ( 8512): DllImport searching in: '__Internal' ('(null)').
D/Mono    ( 8512): Searching for 'java_interop_jnienv_get_field_id'.
D/Mono    ( 8512): Probing 'java_interop_jnienv_get_field_id'.
D/Mono    ( 8512): Found as 'java_interop_jnienv_get_field_id'.
D/Mono    ( 8512): DllImport searching in: '__Internal' ('(null)').
D/Mono    ( 8512): Searching for 'java_interop_jnienv_get_object_field'.
D/Mono    ( 8512): Probing 'java_interop_jnienv_get_object_field'.
D/Mono    ( 8512): Found as 'java_interop_jnienv_get_object_field'.
D/Mono    ( 8512): DllImport searching in: '__Internal' ('(null)').
D/Mono    ( 8512): Searching for 'java_interop_jnienv_call_static_int_method_a'.
D/Mono    ( 8512): Probing 'java_interop_jnienv_call_static_int_method_a'.
D/Mono    ( 8512): Found as 'java_interop_jnienv_call_static_int_method_a'.
W/Xamarin.Insights( 8512): Warning: Insights data communication has been manually enabled
D/Mono    ( 8512): DllImport searching in: '__Internal' ('(null)').
D/Mono    ( 8512): Searching for 'java_interop_jnienv_get_static_object_field'.
D/Mono    ( 8512): Probing 'java_interop_jnienv_get_static_object_field'.
D/Mono    ( 8512): Found as 'java_interop_jnienv_get_static_object_field'.
D/Mono    ( 8512): DllImport searching in: '__Internal' ('(null)').
D/Mono    ( 8512): Searching for 'java_interop_jnienv_call_static_void_method'.
D/Mono    ( 8512): Probing 'java_interop_jnienv_call_static_void_method'.
D/Mono    ( 8512): Found as 'java_interop_jnienv_call_static_void_method'.
I/AppsFlyer_3.01( 8512): Start tracking package: com.careerbuilder.SugarDrone
I/AppsFlyer_3.01( 8512): AsendTrackingWithEvent from activity: md537fd6201b6818e2e180d2f7606e21a83.MainApplication
I/AppsFlyer_3.01-709981888( 8512): ******* sendTrackingWithEvent: Launch
E/ActivityThread( 8512): Failed to find provider info for com.facebook.katana.provider.AttributionIdProvider
I/GAv4    ( 8512): Google Analytics 8.4.87 is starting up. To enable debug logging on a device run:
I/GAv4    ( 8512):   adb shell setprop log.tag.GAv4 DEBUG
I/GAv4    ( 8512):   adb logcat -s GAv4
I/AppsFlyer_3.01( 8512): WARNING:READ_PHONE_STATE is missing
W/GAv4    ( 8512): AnalyticsReceiver is not registered or is disabled. Register the receiver for reliable dispatching on non-Google Play devices. See http://goo.gl/8Rd3yj for instructions.
D/AppsFlyer_3.01( 8512): AppsFlyer: first launch detected
I/AppsFlyer_3.01( 8512): AppsFlyer: first launch date: 2017-03-17_1219+1200
I/System.out( 8512): AppsFlyerLib.sendTrackingWithEvent
W/GAv4    ( 8512): CampaignTrackingReceiver is not registered, not exported or is disabled. Installation campaign tracking is not possible. See http://goo.gl/8Rd3yj for instructions.
I/AppsFlyer_3.01-709981888( 8512): url: https://t.appsflyer.com/api/v3/androidevent?buildnumber=3.01&app_id=com.careerbuilder.SugarDrone
I/AppsFlyer_( 8512): data: device=shamu&firstLaunchDate=2017-03-17_1219%2B1200&installDate=2017-03-17_1219%2B1200&sdk=22&carrier=&date1=2017-03-17_1219%2B1200&af_preinstalled=false&advertiserIdEnabled=true&iaecounter=0&lang_code=en&appsflyerKey=WV****************HFK5&app_version_name=3.1.7&lang=English&timepassedsincelastlaunch=0&dkh=WVGo7sxf&android_id=78e3459d4def590c&advertiserId=f2f7aee3-d468-4906-8f7f-46fd8dd2c6d4&deviceType=user&af_v=3f7d2a0202b41f9ffd40afdc45860a79c0c6f100&app_version_code=30011&platformextension=android_native&network=WIFI&operator=Telenor+DK&country=US&date2=2017-03-17_1219%2B1200&brand=google&af_timestamp=1489709981888&uid=1489709948566-309520247009556213&isFirstCall=true&counter=1&model=Nexus+6&product=shamu
D/Mono    ( 8512): DllImport searching in: '__Internal' ('(null)').
D/Mono    ( 8512): Searching for 'java_interop_jnienv_call_void_method_a'.
D/Mono    ( 8512): Probing 'java_interop_jnienv_call_void_method_a'.
D/Mono    ( 8512): Found as 'java_interop_jnienv_call_void_method_a'.
I/GAv4    ( 8512): Logger is deprecated. To enable debug logging, please run:
I/GAv4    ( 8512): adb shell setprop log.tag.GAv4 DEBUG
W/GAv4    ( 8512): AnalyticsService not registered in the app manifest. Hits might not be delivered reliably. See http://goo.gl/8Rd3yj for instructions.
D/Mono    ( 8512): DllImport searching in: '__Internal' ('(null)').
D/Mono    ( 8512): Searching for 'java_interop_jnienv_new_local_ref'.
D/Mono    ( 8512): Probing 'java_interop_jnienv_new_local_ref'.
D/Mono    ( 8512): Found as 'java_interop_jnienv_new_local_ref'.
D/Mono    ( 8512): Assembly Ref addref Plugin.DeviceInfo[0xb4ae1a60] -> Mono.Android[0xb4b734c0]: 20
W/Xamarin.Insights( 8512): Warning: Insights data communication has been manually enabled
I/AppsFlyer_3.01( 8512): Start tracking package: com.careerbuilder.SugarDrone
I/AppsFlyer_3.01( 8512): AsendTrackingWithEvent from activity: md537fd6201b6818e2e180d2f7606e21a83.MainApplication
I/AppsFlyer_3.01-709982022( 8512): ******* sendTrackingWithEvent: Launch
D/Mono    ( 8512): DllImport searching in: '__Internal' ('(null)').
D/Mono    ( 8512): Searching for 'java_interop_jnienv_get_int_field'.
D/Mono    ( 8512): Probing 'java_interop_jnienv_get_int_field'.
D/Mono    ( 8512): Found as 'java_interop_jnienv_get_int_field'.
E/ActivityThread( 8512): Failed to find provider info for com.facebook.katana.provider.AttributionIdProvider
D/Mono    ( 8512): Unloading image Splat.dll [0x99a84600].
D/Mono    ( 8512): Image addref Splat[0x99a4ad60] -> Splat.dll[0xb4841b00]: 5
D/Mono    ( 8512): Config attempting to parse: 'Splat.dll.config'.
D/Mono    ( 8512): Config attempting to parse: '/Users/builder/data/lanes/4009/3a62f1ea/source/monodroid/builds/install/mono-armv6/etc/mono/assemblies/Splat/Splat.config'.
D/Mono    ( 8512): Assembly Ref addref Akavache[0xb4ae16a0] -> Splat[0xb4ae1760]: 2
D/Mono    ( 8512): Assembly Ref addref Splat[0xb4ae1760] -> mscorlib[0xb4ae1520]: 40
D/Mono    ( 8512): Assembly Ref addref System.Reactive.Core[0xb4b73160] -> System.Reactive.Interfaces[0xb4b731c0]: 3
I/AppsFlyer_3.01( 8512): WARNING:READ_PHONE_STATE is missing
D/Mono    ( 8512): Image addref System.ComponentModel[0x99a4ad60] -> System.ComponentModel.dll[0x99a84600]: 2
D/Mono    ( 8512): Prepared to set up assembly 'System.ComponentModel' (System.ComponentModel.dll)
D/Mono    ( 8512): Assembly System.ComponentModel[0x99a4ad60] added to domain RootDomain, ref_count=1
D/Mono    ( 8512): AOT module 'System.ComponentModel.dll.so' not found: dlopen failed: library "/data/app/com.careerbuilder.SugarDrone-1/lib/arm/libaot-System.ComponentModel.dll.so" not found
D/Mono    ( 8512): AOT module '/Users/builder/data/lanes/4009/3a62f1ea/source/monodroid/builds/install/mono-armv6/lib/mono/aot-cache/arm/System.ComponentModel.dll.so' not found: dlopen failed: library "/data/app/com.careerbuilder.SugarDrone-1/lib/arm/libaot-System.ComponentModel.dll.so" not found
D/Mono    ( 8512): Config attempting to parse: 'System.ComponentModel.dll.config'.
D/Mono    ( 8512): Config attempting to parse: '/Users/builder/data/lanes/4009/3a62f1ea/source/monodroid/builds/install/mono-armv6/etc/mono/assemblies/System.ComponentModel/System.ComponentModel.config'.
D/Mono    ( 8512): Assembly Ref addref System.Reactive.Core[0xb4b73160] -> System.ComponentModel[0x99a4ad60]: 2
D/Mono    ( 8512): Assembly Ref addref System.ComponentModel[0x99a4ad60] -> mscorlib[0xb4ae1520]: 41
D/Mono    ( 8512): Unloading image System.Runtime.dll [0x99a85000].
D/Mono    ( 8512): Image addref System.Runtime[0x9bc977c0] -> System.Runtime.dll[0xb4b77f00]: 10
D/Mono    ( 8512): Config attempting to parse: 'System.Runtime.dll.config'.
D/Mono    ( 8512): Config attempting to parse: '/Users/builder/data/lanes/4009/3a62f1ea/source/monodroid/builds/install/mono-armv6/etc/mono/assemblies/System.Runtime/System.Runtime.config'.
D/Mono    ( 8512): Assembly Ref addref System.Reactive.Interfaces[0xb4b731c0] -> System.Runtime[0xb4b73580]: 8
D/Mono    ( 8512): Assembly Ref addref Akavache[0xb4ae16a0] -> System.Reactive.Linq[0xb4b73220]: 2
D/Mono    ( 8512): Unloading image System.Runtime.dll [0x99a85500].
D/Mono    ( 8512): Image addref System.Runtime[0x9bc977c0] -> System.Runtime.dll[0xb4b77f00]: 11
D/Mono    ( 8512): Config attempting to parse: 'System.Runtime.dll.config'.
D/Mono    ( 8512): Config attempting to parse: '/Users/builder/data/lanes/4009/3a62f1ea/source/monodroid/builds/install/mono-armv6/etc/mono/assemblies/System.Runtime/System.Runtime.config'.
D/Mono    ( 8512): Assembly Ref addref System.Reactive.Linq[0xb4b73220] -> System.Runtime[0xb4b73580]: 9
D/Mono    ( 8512): Assembly Ref addref System.Reactive.Linq[0xb4b73220] -> System.Reactive.Interfaces[0xb4b731c0]: 4
D/Mono    ( 8512): Unloading image System.Threading.Tasks.dll [0x99a85a00].
D/Mono    ( 8512): Image addref System.Threading.Tasks[0x9bc977c0] -> System.Threading.Tasks.dll[0x99935700]: 5
D/Mono    ( 8512): Config attempting to parse: 'System.Threading.Tasks.dll.config'.
D/Mono    ( 8512): Config attempting to parse: '/Users/builder/data/lanes/4009/3a62f1ea/source/monodroid/builds/install/mono-armv6/etc/mono/assemblies/System.Threading.Tasks/System.Threading.Tasks.config'.
D/Mono    ( 8512): Assembly Ref addref System.Reactive.Linq[0xb4b73220] -> System.Threading.Tasks[0x9999a460]: 3
D/Mono    ( 8512): Assembly Ref addref Splat[0xb4ae1760] -> Mono.Android[0xb4b734c0]: 21
D/Mono    ( 8512): Assembly Ref addref Splat[0xb4ae1760] -> System.Core[0xb4b73ac0]: 9
I/AppsFlyer_3.01( 8512): AppsFlyer: first launch date: 2017-03-17_1219+1200
I/System.out( 8512): AppsFlyerLib.sendTrackingWithEvent
I/AppsFlyer_3.01-709982022( 8512): url: https://t.appsflyer.com/api/v3/androidevent?buildnumber=3.01&app_id=com.careerbuilder.SugarDrone
I/AppsFlyer_( 8512): data: device=shamu&firstLaunchDate=2017-03-17_1219%2B1200&installDate=2017-03-17_1219%2B1200&sdk=22&carrier=&date1=2017-03-17_1219%2B1200&af_preinstalled=false&advertiserIdEnabled=true&iaecounter=0&lang_code=en&appsflyerKey=WV****************HFK5&app_version_name=3.1.7&lang=English&timepassedsincelastlaunch=0&dkh=WVGo7sxf&android_id=78e3459d4def590c&advertiserId=f2f7aee3-d468-4906-8f7f-46fd8dd2c6d4&deviceType=user&af_v=c43f47022d2861da3587ca515b45bbf25ebc59dd&app_version_code=30011&platformextension=android_native&network=WIFI&operator=Telenor+DK&country=US&date2=2017-03-17_1219%2B1200&brand=google&af_timestamp=1489709982022&uid=1489709948566-309520247009556213&isFirstCall=true&counter=2&model=Nexus+6&product=shamu
D/Mono    ( 8512): Assembly Ref addref Akavache[0xb4ae16a0] -> Mono.Android[0xb4b734c0]: 22
D/Mono    ( 8512): Assembly Loader probing location: '/Akavache.Mac.dll'.
D/Mono    ( 8512): Assembly Loader probing location: '/Users/builder/data/lanes/4009/3a62f1ea/source/monodroid/builds/install/mono-armv6/lib/Akavache.Mac.dll'.
D/Mono    ( 8512): Assembly Loader probing location: '/Akavache.Mac.exe'.
D/Mono    ( 8512): Assembly Loader probing location: '/Users/builder/data/lanes/4009/3a62f1ea/source/monodroid/builds/install/mono-armv6/lib/Akavache.Mac.exe'.
D/Mono    ( 8512): Assembly Loader probing location: '/Akavache.Deprecated.dll'.
D/Mono    ( 8512): Assembly Loader probing location: '/Users/builder/data/lanes/4009/3a62f1ea/source/monodroid/builds/install/mono-armv6/lib/Akavache.Deprecated.dll'.
D/Mono    ( 8512): Assembly Loader probing location: '/Akavache.Deprecated.exe'.
D/Mono    ( 8512): Assembly Loader probing location: '/Users/builder/data/lanes/4009/3a62f1ea/source/monodroid/builds/install/mono-armv6/lib/Akavache.Deprecated.exe'.
D/Mono    ( 8512): Assembly Loader probing location: '/Akavache.Mobile.dll'.
D/Mono    ( 8512): Assembly Loader probing location: '/Users/builder/data/lanes/4009/3a62f1ea/source/monodroid/builds/install/mono-armv6/lib/Akavache.Mobile.dll'.
D/Mono    ( 8512): Assembly Loader probing location: '/Akavache.Mobile.exe'.
D/Mono    ( 8512): Assembly Loader probing location: '/Users/builder/data/lanes/4009/3a62f1ea/source/monodroid/builds/install/mono-armv6/lib/Akavache.Mobile.exe'.
D/Mono    ( 8512): Unloading image System.Runtime.dll [0x99a85f00].
D/Mono    ( 8512): Image addref System.Runtime[0x9bc97820] -> System.Runtime.dll[0xb4b77f00]: 12
D/Mono    ( 8512): Config attempting to parse: 'System.Runtime.dll.config'.
D/Mono    ( 8512): Config attempting to parse: '/Users/builder/data/lanes/4009/3a62f1ea/source/monodroid/builds/install/mono-armv6/etc/mono/assemblies/System.Runtime/System.Runtime.config'.
D/Mono    ( 8512): Assembly Ref addref Akavache.Sqlite3[0xb4ae1700] -> System.Runtime[0xb4b73580]: 10
D/Mono    ( 8512): Assembly Ref addref Akavache.Sqlite3[0xb4ae1700] -> Akavache[0xb4ae16a0]: 3
D/Mono    ( 8512): Unloading image Splat.dll [0x99a85f00].
D/Mono    ( 8512): Image addref Splat[0x9bc97820] -> Splat.dll[0xb4841b00]: 6
D/Mono    ( 8512): Config attempting to parse: 'Splat.dll.config'.
D/Mono    ( 8512): Config attempting to parse: '/Users/builder/data/lanes/4009/3a62f1ea/source/monodroid/builds/install/mono-armv6/etc/mono/assemblies/Splat/Splat.config'.
D/Mono    ( 8512): Assembly Ref addref Akavache.Sqlite3[0xb4ae1700] -> Splat[0xb4ae1760]: 3
D/Mono    ( 8512): Assembly Ref addref System.Reactive.Core[0xb4b73160] -> System.Resources.ResourceManager[0x9bc979a0]: 3
D/Mono    ( 8512): Unloading image System.Collections.dll [0x99a86400].
D/Mono    ( 8512): Image addref System.Collections[0x9bc97820] -> System.Collections.dll[0xb4b7ac00]: 7
D/Mono    ( 8512): Config attempting to parse: 'System.Collections.dll.config'.
D/Mono    ( 8512): Config attempting to parse: '/Users/builder/data/lanes/4009/3a62f1ea/source/monodroid/builds/install/mono-armv6/etc/mono/assemblies/System.Collections/System.Collections.config'.
D/Mono    ( 8512): Assembly Ref addref System.Reactive.Core[0xb4b73160] -> System.Collections[0xb4b73820]: 5
D/Mono    ( 8512): Assembly Ref addref System.Collections[0xb4b73820] -> System.Core[0xb4b73ac0]: 10
I/System.out( 8512): URI: /map
I/System.out( 8512): params: {json={"query":"* id:'agreeAndContinueButton'","operation":{"method_name":"query","arguments":[]}}
I/System.out( 8512): }
D/Mono    ( 8512): Unloading image System.Threading.dll [0x99a86400].
D/Mono    ( 8512): Image addref System.Threading[0x9a2671c0] -> System.Threading.dll[0xb4b79800]: 7
D/Mono    ( 8512): Config attempting to parse: 'System.Threading.dll.config'.
D/Mono    ( 8512): Config attempting to parse: '/Users/builder/data/lanes/4009/3a62f1ea/source/monodroid/builds/install/mono-armv6/etc/mono/assemblies/System.Threading/System.Threading.config'.
D/Mono    ( 8512): Assembly Ref addref System.Reactive.Core[0xb4b73160] -> System.Threading[0xb4b736a0]: 5
D/Mono    ( 8512): Unloading image System.Reflection.dll [0x99a86400].
D/Mono    ( 8512): Image addref System.Reflection[0x9a267280] -> System.Reflection.dll[0xb4b79300]: 6
D/Mono    ( 8512): Config attempting to parse: 'System.Reflection.dll.config'.
D/Mono    ( 8512): Config attempting to parse: '/Users/builder/data/lanes/4009/3a62f1ea/source/monodroid/builds/install/mono-armv6/etc/mono/assemblies/System.Reflection/System.Reflection.config'.
D/Mono    ( 8512): Assembly Ref addref System.Reactive.Core[0xb4b73160] -> System.Reflection[0xb4b73640]: 4
D/Mono    ( 8512): Unloading image System.Runtime.dll [0x99a86400].
D/Mono    ( 8512): Image addref System.Runtime[0x9a2671c0] -> System.Runtime.dll[0xb4b77f00]: 13
D/Mono    ( 8512): Config attempting to parse: 'System.Runtime.dll.config'.
D/Mono    ( 8512): Config attempting to parse: '/Users/builder/data/lanes/4009/3a62f1ea/source/monodroid/builds/install/mono-armv6/etc/mono/assemblies/System.Runtime/System.Runtime.config'.
D/Mono    ( 8512): Assembly Ref addref System.Reactive.PlatformServices[0xb4b73280] -> System.Runtime[0xb4b73580]: 11
D/Mono    ( 8512): Assembly Ref addref System.Reactive.PlatformServices[0xb4b73280] -> System.Reactive.Core[0xb4b73160]: 4
D/Mono    ( 8512): Assembly Ref addref System.Reactive.PlatformServices[0xb4b73280] -> System.Resources.ResourceManager[0x9bc979a0]: 4
D/Mono    ( 8512): Unloading image System.Reflection.dll [0x99a86400].
D/Mono    ( 8512): Image addref System.Reflection[0x9a2671c0] -> System.Reflection.dll[0xb4b79300]: 7
D/Mono    ( 8512): Config attempting to parse: 'System.Reflection.dll.config'.
D/Mono    ( 8512): Config attempting to parse: '/Users/builder/data/lanes/4009/3a62f1ea/source/monodroid/builds/install/mono-armv6/etc/mono/assemblies/System.Reflection/System.Reflection.config'.
D/Mono    ( 8512): Assembly Ref addref System.Reactive.PlatformServices[0xb4b73280] -> System.Reflection[0xb4b73640]: 5
D/Mono    ( 8512): Assembly Ref addref System.Reactive.PlatformServices[0xb4b73280] -> System.Reactive.Interfaces[0xb4b731c0]: 5
D/Mono    ( 8512): Unloading image System.Threading.Tasks.dll [0x99a86900].
D/Mono    ( 8512): Image addref System.Threading.Tasks[0x9a2671c0] -> System.Threading.Tasks.dll[0x99935700]: 6
D/Mono    ( 8512): Config attempting to parse: 'System.Threading.Tasks.dll.config'.
D/Mono    ( 8512): Config attempting to parse: '/Users/builder/data/lanes/4009/3a62f1ea/source/monodroid/builds/install/mono-armv6/etc/mono/assemblies/System.Threading.Tasks/System.Threading.Tasks.config'.
D/Mono    ( 8512): Assembly Ref addref System.Reactive.PlatformServices[0xb4b73280] -> System.Threading.Tasks[0x9999a460]: 4
D/Mono    ( 8512): Assembly Ref addref System.Reactive.PlatformServices[0xb4b73280] -> System.Reactive.Linq[0xb4b73220]: 3
D/Mono    ( 8512): Unloading image System.Diagnostics.Debug.dll [0x99a86900].
D/Mono    ( 8512): Image addref System.Diagnostics.Debug[0x9a2671c0] -> System.Diagnostics.Debug.dll[0xb4b79d00]: 6
D/Mono    ( 8512): Config attempting to parse: 'System.Diagnostics.Debug.dll.config'.
D/Mono    ( 8512): Config attempting to parse: '/Users/builder/data/lanes/4009/3a62f1ea/source/monodroid/builds/install/mono-armv6/etc/mono/assemblies/System.Diagnostics.Debug/System.Diagnostics.Debug.config'.
D/Mono    ( 8512): Assembly Ref addref System.Reactive.PlatformServices[0xb4b73280] -> System.Diagnostics.Debug[0xb4b73700]: 4
D/Mono    ( 8512): Assembly Ref addref System.Reactive.Linq[0xb4b73220] -> System.Reactive.Core[0xb4b73160]: 5
D/Mono    ( 8512): Assembly Ref addref Akavache[0xb4ae16a0] -> System.Core[0xb4b73ac0]: 11
D/Mono    ( 8512): Assembly Ref addref System.Reactive.Linq[0xb4b73220] -> System.Resources.ResourceManager[0x9bc979a0]: 5
I/AppsFlyer_3.01-709981888( 8512): response code: 200
D/Mono    ( 8512): [0xaec4fd00] worker starting
D/Mono    ( 8512): [0x9cb8de00] hill climbing, change max number of threads 4
D/Mono    ( 8512): Assembly Ref addref CareerBuilder_Search[0xb4b73460] -> System.Reactive.Linq[0xb4b73220]: 4
D/Mono    ( 8512): Assembly Ref addref CareerBuilder_Search[0xb4b73460] -> Akavache[0xb4ae16a0]: 4
D/Mono    ( 8512): Assembly Ref addref Akavache.Sqlite3[0xb4ae1700] -> System.Reactive.Core[0xb4b73160]: 6
