W/ResourceType( 7749): No known package when getting name for resource number 0xffffffff
W/ResourceType( 7749): No known package when getting name for resource number 0xffffffff
W/ResourceType( 7749): No known package when getting name for resource number 0xffffffff
W/ResourceType( 7749): No known package when getting name for resource number 0xffffffff
W/ResourceType( 7749): No known package when getting name for resource number 0xffffffff
W/ResourceType( 7749): No known package when getting name for resource number 0xffffffff
W/ResourceType( 7749): No known package when getting name for resource number 0xffffffff
W/ResourceType( 7749): No known package when getting name for resource number 0xffffffff
W/ResourceType( 7749): No known package when getting name for resource number 0xffffffff
W/ResourceType( 7749): No known package when getting name for resource number 0xffffffff
W/ResourceType( 7749): No known package when getting name for resource number 0xffffffff
W/ResourceType( 7749): No known package when getting name for resource number 0xffffffff
W/ResourceType( 7749): No known package when getting name for resource number 0xffffffff
W/ResourceType( 7749): No known package when getting name for resource number 0xffffffff
W/ResourceType( 7749): No known package when getting name for resource number 0xffffffff
W/ResourceType( 7749): No known package when getting name for resource number 0xffffffff
W/ResourceType( 7749): No known package when getting name for resource number 0xffffffff
W/ResourceType( 7749): No known package when getting name for resource number 0xffffffff
W/ResourceType( 7749): No known package when getting name for resource number 0xffffffff
W/ResourceType( 7749): No known package when getting name for resource number 0xffffffff
W/ResourceType( 7749): No known package when getting name for resource number 0xffffffff
W/ResourceType( 7749): No known package when getting name for resource number 0xffffffff
W/ResourceType( 7749): No known package when getting name for resource number 0xffffffff
W/ResourceType( 7749): No known package when getting name for resource number 0xffffffff
D/dalvikvm( 7749): GC_CONCURRENT freed 2589K, 15% free 16420K/19104K, paused 1ms+2ms, total 33ms
D/dalvikvm( 7749): WAIT_FOR_CONCURRENT_GC blocked 18ms
I/dalvikvm( 7749): Jit: resizing JitTable from 4096 to 8192
I/System.out( 7749): URI: /map
I/System.out( 7749): params: {json={"query":"* marked:'Job 1'","operation":{"method_name":"query","arguments":[]}}
I/System.out( 7749): }
W/ResourceType( 7749): No known package when getting name for resource number 0xffffffff
W/ResourceType( 7749): No known package when getting name for resource number 0xffffffff
W/ResourceType( 7749): No known package when getting name for resource number 0xffffffff
W/ResourceType( 7749): No known package when getting name for resource number 0xffffffff
W/ResourceType( 7749): No known package when getting name for resource number 0xffffffff
W/ResourceType( 7749): No known package when getting name for resource number 0xffffffff
W/ResourceType( 7749): No known package when getting name for resource number 0xffffffff
W/ResourceType( 7749): No known package when getting name for resource number 0xffffffff
W/ResourceType( 7749): No known package when getting name for resource number 0xffffffff
W/ResourceType( 7749): No known package when getting name for resource number 0xffffffff
W/ResourceType( 7749): No known package when getting name for resource number 0xffffffff
W/ResourceType( 7749): No known package when getting name for resource number 0xffffffff
W/ResourceType( 7749): No known package when getting name for resource number 0xffffffff
W/ResourceType( 7749): No known package when getting name for resource number 0xffffffff
W/ResourceType( 7749): No known package when getting name for resource number 0xffffffff
W/ResourceType( 7749): No known package when getting name for resource number 0xffffffff
W/ResourceType( 7749): No known package when getting name for resource number 0xffffffff
W/ResourceType( 7749): No known package when getting name for resource number 0xffffffff
W/ResourceType( 7749): No known package when getting name for resource number 0xffffffff
W/ResourceType( 7749): No known package when getting name for resource number 0xffffffff
W/ResourceType( 7749): No known package when getting name for resource number 0xffffffff
W/ResourceType( 7749): No known package when getting name for resource number 0xffffffff
W/ResourceType( 7749): No known package when getting name for resource number 0xffffffff
W/ResourceType( 7749): No known package when getting name for resource number 0xffffffff
W/ResourceType( 7749): No known package when getting name for resource number 0xffffffff
W/ResourceType( 7749): No known package when getting name for resource number 0xffffffff
W/ResourceType( 7749): No known package when getting name for resource number 0xffffffff
W/ResourceType( 7749): No known package when getting name for resource number 0xffffffff
W/ResourceType( 7749): No known package when getting name for resource number 0xffffffff
W/ResourceType( 7749): No known package when getting name for resource number 0xffffffff
W/ResourceType( 7749): No known package when getting name for resource number 0xffffffff
W/ResourceType( 7749): No known package when getting name for resource number 0xffffffff
W/ResourceType( 7749): No known package when getting name for resource number 0xffffffff
W/ResourceType( 7749): No known package when getting name for resource number 0xffffffff
W/ResourceType( 7749): No known package when getting name for resource number 0xffffffff
W/ResourceType( 7749): No known package when getting name for resource number 0xffffffff
W/ResourceType( 7749): No known package when getting name for resource number 0xffffffff
W/ResourceType( 7749): No known package when getting name for resource number 0xffffffff
W/ResourceType( 7749): No known package when getting name for resource number 0xffffffff
W/ResourceType( 7749): No known package when getting name for resource number 0xffffffff
W/ResourceType( 7749): No known package when getting name for resource number 0xffffffff
W/ResourceType( 7749): No known package when getting name for resource number 0xffffffff
W/ResourceType( 7749): No known package when getting name for resource number 0xffffffff
W/ResourceType( 7749): No known package when getting name for resource number 0xffffffff
W/ResourceType( 7749): No known package when getting name for resource number 0xffffffff
W/ResourceType( 7749): No known package when getting name for resource number 0xffffffff
W/ResourceType( 7749): No known package when getting name for resource number 0xffffffff
W/ResourceType( 7749): No known package when getting name for resource number 0xffffffff
W/ResourceType( 7749): No known package when getting name for resource number 0xffffffff
W/ResourceType( 7749): No known package when getting name for resource number 0xffffffff
W/ResourceType( 7749): No known package when getting name for resource number 0xffffffff
W/ResourceType( 7749): No known package when getting name for resource number 0xffffffff
W/ResourceType( 7749): No known package when getting name for resource number 0xffffffff
W/ResourceType( 7749): No known package when getting name for resource number 0xffffffff
W/ResourceType( 7749): No known package when getting name for resource number 0xffffffff
W/ResourceType( 7749): No known package when getting name for resource number 0xffffffff
W/ResourceType( 7749): No known package when getting name for resource number 0xffffffff
W/ResourceType( 7749): No known package when getting name for resource number 0xffffffff
W/ResourceType( 7749): No known package when getting name for resource number 0xffffffff
W/ResourceType( 7749): No known package when getting name for resource number 0xffffffff
W/ResourceType( 7749): No known package when getting name for resource number 0xffffffff
W/ResourceType( 7749): No known package when getting name for resource number 0xffffffff
W/ResourceType( 7749): No known package when getting name for resource number 0xffffffff
W/ResourceType( 7749): No known package when getting name for resource number 0xffffffff
W/ResourceType( 7749): No known package when getting name for resource number 0xffffffff
W/ResourceType( 7749): No known package when getting name for resource number 0xffffffff
W/ResourceType( 7749): No known package when getting name for resource number 0xffffffff
W/ResourceType( 7749): No known package when getting name for resource number 0xffffffff
W/ResourceType( 7749): No known package when getting name for resource number 0xffffffff
W/ResourceType( 7749): No known package when getting name for resource number 0xffffffff
D/dalvikvm( 7749): GC_CONCURRENT freed 2405K, 14% free 16437K/19104K, paused 4ms+3ms, total 41ms
W/ResourceType( 7749): No known package when getting name for resource number 0xffffffff
W/ResourceType( 7749): No known package when getting name for resource number 0xffffffff
W/ResourceType( 7749): No known package when getting name for resource number 0xffffffff
I/System.out( 7749): URI: /map
I/System.out( 7749): params: {json={"query":"* marked:'Job 1'","operation":{"method_name":"query","arguments":[]}}
I/System.out( 7749): }
W/ResourceType( 7749): No known package when getting name for resource number 0xffffffff
W/ResourceType( 7749): No known package when getting name for resource number 0xffffffff
W/ResourceType( 7749): No known package when getting name for resource number 0xffffffff
W/ResourceType( 7749): No known package when getting name for resource number 0xffffffff
W/ResourceType( 7749): No known package when getting name for resource number 0xffffffff
W/ResourceType( 7749): No known package when getting name for resource number 0xffffffff
W/ResourceType( 7749): No known package when getting name for resource number 0xffffffff
W/ResourceType( 7749): No known package when getting name for resource number 0xffffffff
W/ResourceType( 7749): No known package when getting name for resource number 0xffffffff
W/ResourceType( 7749): No known package when getting name for resource number 0xffffffff
W/ResourceType( 7749): No known package when getting name for resource number 0xffffffff
W/ResourceType( 7749): No known package when getting name for resource number 0xffffffff
W/ResourceType( 7749): No known package when getting name for resource number 0xffffffff
W/ResourceType( 7749): No known package when getting name for resource number 0xffffffff
W/ResourceType( 7749): No known package when getting name for resource number 0xffffffff
W/ResourceType( 7749): No known package when getting name for resource number 0xffffffff
W/ResourceType( 7749): No known package when getting name for resource number 0xffffffff
W/ResourceType( 7749): No known package when getting name for resource number 0xffffffff
W/ResourceType( 7749): No known package when getting name for resource number 0xffffffff
W/ResourceType( 7749): No known package when getting name for resource number 0xffffffff
W/ResourceType( 7749): No known package when getting name for resource number 0xffffffff
W/ResourceType( 7749): No known package when getting name for resource number 0xffffffff
W/ResourceType( 7749): No known package when getting name for resource number 0xffffffff
W/ResourceType( 7749): No known package when getting name for resource number 0xffffffff
W/ResourceType( 7749): No known package when getting name for resource number 0xffffffff
W/ResourceType( 7749): No known package when getting name for resource number 0xffffffff
W/ResourceType( 7749): No known package when getting name for resource number 0xffffffff
W/ResourceType( 7749): No known package when getting name for resource number 0xffffffff
W/ResourceType( 7749): No known package when getting name for resource number 0xffffffff
W/ResourceType( 7749): No known package when getting name for resource number 0xffffffff
W/ResourceType( 7749): No known package when getting name for resource number 0xffffffff
W/ResourceType( 7749): No known package when getting name for resource number 0xffffffff
W/ResourceType( 7749): No known package when getting name for resource number 0xffffffff
W/ResourceType( 7749): No known package when getting name for resource number 0xffffffff
W/ResourceType( 7749): No known package when getting name for resource number 0xffffffff
W/ResourceType( 7749): No known package when getting name for resource number 0xffffffff
W/ResourceType( 7749): No known package when getting name for resource number 0xffffffff
W/ResourceType( 7749): No known package when getting name for resource number 0xffffffff
W/ResourceType( 7749): No known package when getting name for resource number 0xffffffff
W/ResourceType( 7749): No known package when getting name for resource number 0xffffffff
W/ResourceType( 7749): No known package when getting name for resource number 0xffffffff
W/ResourceType( 7749): No known package when getting name for resource number 0xffffffff
W/ResourceType( 7749): No known package when getting name for resource number 0xffffffff
W/ResourceType( 7749): No known package when getting name for resource number 0xffffffff
W/ResourceType( 7749): No known package when getting name for resource number 0xffffffff
W/ResourceType( 7749): No known package when getting name for resource number 0xffffffff
W/ResourceType( 7749): No known package when getting name for resource number 0xffffffff
W/ResourceType( 7749): No known package when getting name for resource number 0xffffffff
W/ResourceType( 7749): No known package when getting name for resource number 0xffffffff
W/ResourceType( 7749): No known package when getting name for resource number 0xffffffff
W/ResourceType( 7749): No known package when getting name for resource number 0xffffffff
W/ResourceType( 7749): No known package when getting name for resource number 0xffffffff
W/ResourceType( 7749): No known package when getting name for resource number 0xffffffff
W/ResourceType( 7749): No known package when getting name for resource number 0xffffffff
W/ResourceType( 7749): No known package when getting name for resource number 0xffffffff
W/ResourceType( 7749): No known package when getting name for resource number 0xffffffff
W/ResourceType( 7749): No known package when getting name for resource number 0xffffffff
W/ResourceType( 7749): No known package when getting name for resource number 0xffffffff
W/ResourceType( 7749): No known package when getting name for resource number 0xffffffff
W/ResourceType( 7749): No known package when getting name for resource number 0xffffffff
W/ResourceType( 7749): No known package when getting name for resource number 0xffffffff
W/ResourceType( 7749): No known package when getting name for resource number 0xffffffff
W/ResourceType( 7749): No known package when getting name for resource number 0xffffffff
D/dalvikvm( 7749): GC_CONCURRENT freed 2462K, 14% free 16433K/19104K, paused 2ms+5ms, total 34ms
W/ResourceType( 7749): No known package when getting name for resource number 0xffffffff
W/ResourceType( 7749): No known package when getting name for resource number 0xffffffff
W/ResourceType( 7749): No known package when getting name for resource number 0xffffffff
W/ResourceType( 7749): No known package when getting name for resource number 0xffffffff
W/ResourceType( 7749): No known package when getting name for resource number 0xffffffff
W/ResourceType( 7749): No known package when getting name for resource number 0xffffffff
W/ResourceType( 7749): No known package when getting name for resource number 0xffffffff
W/ResourceType( 7749): No known package when getting name for resource number 0xffffffff
W/ResourceType( 7749): No known package when getting name for resource number 0xffffffff
W/ResourceType( 7749): No known package when getting name for resource number 0xffffffff
I/System.out( 7749): URI: /
I/System.out( 7749): params: {json={"command":"touch_coordinate","arguments":[579.0,470.0]}
I/System.out( 7749): }
I/System.out( 7749): header: {content-length=56, host=devicehost132.prod, x-session-token=token-token-bafe7baf-4b1c-42a0-837d-603dc3b33230, x-forwarded-for=10.222.150.30, content-type=application/json; charset=utf-8, connection=close}
I/System.out( 7749): params: {json={"command":"touch_coordinate","arguments":[579.0,470.0]}
I/System.out( 7749): }
I/System.out( 7749): ProP json = {"command":"touch_coordinate","arguments":[579.0,470.0]}
I/System.out( 7749): files: {}
I/System.out( 7749): command: {"command":"touch_coordinate","arguments":[579.0,470.0]}
I/InstrumentationBackend( 7749): Got command:'Command:'Line:null,touch_coordinate', arguments:'[579.0, 470.0]'
D/audio_hw_primary(  181): select_devices: out_snd_device(2: speaker) in_snd_device(0: )
D/ACDB-LOADER(  181): ACDB -> send_afe_cal
D/Mono    ( 7749): Assembly Ref addref CareerBuilder_Search.Droid[0x7a3b7480] -> Xamarin.Android.Support.v7.CardView[0x7a3ec508]: 2
I/calabash( 7749): execStartActivity 4
I/ActivityManager(  563): START u0 {cmp=com.careerbuilder.SugarDrone/md5a4824aa66c0dc4d104077b72c1916a44.JobDisplayPageActivity (has extras)} from pid 7749
I/calabash( 7749): newActivity1
I/System.out( 7749): result:{"bonusInformation":[],"message":"","success":true}
V/WebViewChromiumFactoryProvider( 7749): Binding Chromium to main looper Looper (main, tid 1) {41e6ce08}
I/LibraryLoader( 7749): Expected native library version number "",actual native library version number ""
I/chromium( 7749): [INFO:library_loader_hooks.cc(116)] Chromium logging enabled: level = 0, default verbosity = 0
I/BrowserStartupController( 7749): Initializing chromium process, renderers=0
E/AudioManagerAndroid( 7749): BLUETOOTH permission is missing!
D/dalvikvm( 7749): GC_CONCURRENT freed 2248K, 14% free 16578K/19104K, paused 2ms+4ms, total 33ms
D/Mono    ( 7749): Unloading image System.Runtime.Extensions.dll [0x800bd7d8].
D/Mono    ( 7749): Image addref System.Runtime.Extensions[0x800b6508] -> System.Runtime.Extensions.dll[0x7d7c4c88]: 8
D/Mono    ( 7749): Config attempting to parse: 'System.Runtime.Extensions.dll.config'.
D/Mono    ( 7749): Config attempting to parse: '/Users/builder/data/lanes/4009/3a62f1ea/source/monodroid/builds/install/mono-armv6/etc/mono/assemblies/System.Runtime.Extensions/System.Runtime.Extensions.config'.
D/Mono    ( 7749): Assembly Ref addref CareerBuilder_Search[0x7a3f6608] -> System.Runtime.Extensions[0x7d7d51a0]: 6
I/mono-stdout( 7749): uri is: https://api.careerbuilder.com/v3/job?DID=job1&outputjson=true&ShowApplyRequirements=true&DeveloperKey=WDHR8FC6P2JZ1Y61KLM5
I/mono-stdout( 7749): making api call to: /v3/job?DID=job1&outputjson=true&ShowApplyRequirements=true&DeveloperKey=WDHR8FC6P2JZ1Y61KLM5
I/mono-stdout( 7749): uri is: https://api.careerbuilder.com/consumer/saved-jobs/?DeveloperKey=WDHR8FC6P2JZ1Y61KLM5
I/mono-stdout( 7749): making api call to: /consumer/saved-jobs/?DeveloperKey=WDHR8FC6P2JZ1Y61KLM5
I/mono-stdout( 7749): Method: GET, RequestUri: 'https://api.careerbuilder.com/consumer/saved-jobs/?DeveloperKey=WDHR8FC6P2JZ1Y61KLM5', Version: 1.1, Content: <null>, Headers:

I/mono-stdout( 7749): {

I/mono-stdout( 7749): DeveloperKey: WDHR8FC6P2JZ1Y61KLM5

I/mono-stdout( 7749): Accept: application/json

I/mono-stdout( 7749): Authorization: Bearer test

I/mono-stdout( 7749): HostSite: US

I/mono-stdout( 7749): }
I/mono-stdout( 7749): Current State = 1,2,6,7
I/mono-stdout( 7749): applied jobs = 6
I/mono-stdout( 7749): expired jobs = 7
I/mono-stdout( 7749): saved jobs = Saved,Saved,Applied,Saved
I/ActivityManager(  563): Displayed com.careerbuilder.SugarDrone/md5a4824aa66c0dc4d104077b72c1916a44.JobDisplayPageActivity: +422ms
I/mono-stdout( 7749): done making call to: /consumer/saved-jobs/?DeveloperKey=WDHR8FC6P2JZ1Y61KLM5
I/mono-stdout( 7749): done making call to: /v3/job?DID=job1&outputjson=true&ShowApplyRequirements=true&DeveloperKey=WDHR8FC6P2JZ1Y61KLM5
I/System.out( 7749): URI: /map
I/System.out( 7749): params: {json={"query":"* marked:'applyButton'","operation":{"method_name":"query","arguments":[]}}
I/System.out( 7749): }
W/ResourceType( 7749): No known package when getting name for resource number 0xffffffff
W/ResourceType( 7749): No known package when getting name for resource number 0xffffffff
W/ResourceType( 7749): No known package when getting name for resource number 0xffffffff
W/ResourceType( 7749): No known package when getting name for resource number 0xffffffff
W/ResourceType( 7749): No known package when getting name for resource number 0xffffffff
W/ResourceType( 7749): No known package when getting name for resource number 0xffffffff
W/ResourceType( 7749): No known package when getting name for resource number 0xffffffff
W/ResourceType( 7749): No known package when getting name for resource number 0xffffffff
W/ResourceType( 7749): No known package when getting name for resource number 0xffffffff
W/ResourceType( 7749): No known package when getting name for resource number 0xffffffff
W/ResourceType( 7749): No known package when getting name for resource number 0xffffffff
W/ResourceType( 7749): No known package when getting name for resource number 0xffffffff
W/ResourceType( 7749): No known package when getting name for resource number 0xffffffff
W/ResourceType( 7749): No known package when getting name for resource number 0xffffffff
W/ResourceType( 7749): No known package when getting name for resource number 0xffffffff
W/ResourceType( 7749): No known package when getting name for resource number 0xffffffff
W/ResourceType( 7749): No known package when getting name for resource number 0xffffffff
W/ResourceType( 7749): No known package when getting name for resource number 0xffffffff
W/ResourceType( 7749): No known package when getting name for resource number 0xffffffff
W/ResourceType( 7749): No known package when getting name for resource number 0xffffffff
W/ResourceType( 7749): No known package when getting name for resource number 0xffffffff
W/ResourceType( 7749): No known package when getting name for resource number 0xffffffff
W/ResourceType( 7749): No known package when getting name for resource number 0xffffffff
W/ResourceType( 7749): No known package when getting name for resource number 0xffffffff
W/ResourceType( 7749): No known package when getting name for resource number 0xffffffff
W/ResourceType( 7749): No known package when getting name for resource number 0xffffffff
W/ResourceType( 7749): No known package when getting name for resource number 0xffffffff
W/ResourceType( 7749): No known package when getting name for resource number 0xffffffff
W/ResourceType( 7749): No known package when getting name for resource number 0xffffffff
W/ResourceType( 7749): No known package when getting name for resource number 0xffffffff
W/ResourceType( 7749): No known package when getting name for resource number 0xffffffff
W/ResourceType( 7749): No known package when getting name for resource number 0xffffffff
W/ResourceType( 7749): No known package when getting name for resource number 0xffffffff
W/ResourceType( 7749): No known package when getting name for resource number 0xffffffff
W/ResourceType( 7749): No known package when getting name for resource number 0xffffffff
W/ResourceType( 7749): No known package when getting name for resource number 0xffffffff
W/ResourceType( 7749): No known package when getting name for resource number 0xffffffff
W/ResourceType( 7749): No known package when getting name for resource number 0xffffffff
W/ResourceType( 7749): No known package when getting name for resource number 0xffffffff
W/ResourceType( 7749): No known package when getting name for resource number 0xffffffff
W/ResourceType( 7749): No known package when getting name for resource number 0xffffffff
W/ResourceType( 7749): No known package when getting name for resource number 0xffffffff
W/ResourceType( 7749): No known package when getting name for resource number 0xffffffff
W/ResourceType( 7749): No known package when getting name for resource number 0xffffffff
W/ResourceType( 7749): No known package when getting name for resource number 0xffffffff
W/ResourceType( 7749): No known package when getting name for resource number 0xffffffff
W/ResourceType( 7749): No known package when getting name for resource number 0xffffffff
W/ResourceType( 7749): No known package when getting name for resource number 0xffffffff
W/ResourceType( 7749): No known package when getting name for resource number 0xffffffff
W/ResourceType( 7749): No known package when getting name for resource number 0xffffffff
W/ResourceType( 7749): No known package when getting name for resource number 0xffffffff
W/ResourceType( 7749): No known package when getting name for resource number 0xffffffff
W/ResourceType( 7749): No known package when getting name for resource number 0xffffffff
W/ResourceType( 7749): No known package when getting name for resource number 0xffffffff
W/ResourceType( 7749): No known package when getting name for resource number 0xffffffff
W/ResourceType( 7749): No known package when getting name for resource number 0xffffffff
W/ResourceType( 7749): No known package when getting name for resource number 0xffffffff
W/ResourceType( 7749): No known package when getting name for resource number 0xffffffff
W/ResourceType( 7749): No known package when getting name for resource number 0xffffffff
W/ResourceType( 7749): No known package when getting name for resource number 0xffffffff
W/ResourceType( 7749): No known package when getting name for resource number 0xffffffff
W/ResourceType( 7749): No known package when getting name for resource number 0xffffffff
W/ResourceType( 7749): No known package when getting name for resource number 0xffffffff
W/ResourceType( 7749): No known package when getting name for resource number 0xffffffff
W/ResourceType( 7749): No known package when getting name for resource number 0xffffffff
W/ResourceType( 7749): No known package when getting name for resource number 0xffffffff
W/ResourceType( 7749): No known package when getting name for resource number 0xffffffff
W/ResourceType( 7749): No known package when getting name for resource number 0xffffffff
W/ResourceType( 7749): No known package when getting name for resource number 0xffffffff
W/ResourceType( 7749): No known package when getting name for resource number 0xffffffff
W/ResourceType( 7749): No known package when getting name for resource number 0xffffffff
W/ResourceType( 7749): No known package when getting name for resource number 0xffffffff
W/ResourceType( 7749): No known package when getting name for resource number 0xffffffff
W/ResourceType( 7749): No known package when getting name for resource number 0xffffffff
W/ResourceType( 7749): No known package when getting name for resource number 0xffffffff
W/ResourceType( 7749): No known package when getting name for resource number 0xffffffff
W/ResourceType( 7749): No known package when getting name for resource number 0xffffffff
W/ResourceType( 7749): No known package when getting name for resource number 0xffffffff
W/ResourceType( 7749): No known package when getting name for resource number 0xffffffff
W/ResourceType( 7749): No known package when getting name for resource number 0xffffffff
W/ResourceType( 7749): No known package when getting name for resource number 0xffffffff
W/ResourceType( 7749): No known package when getting name for resource number 0xffffffff
W/ResourceType( 7749): No known package when getting name for resource number 0xffffffff
D/dalvikvm( 7749): GC_CONCURRENT freed 2423K, 14% free 16708K/19228K, paused 2ms+2ms, total 34ms
D/dalvikvm( 7749): WAIT_FOR_CONCURRENT_GC blocked 16ms
I/System.out( 7749): URI: /map
I/System.out( 7749): params: {json={"query":"* marked:'applyButton'","operation":{"method_name":"query","arguments":[]}}
I/System.out( 7749): }
W/ResourceType( 7749): No known package when getting name for resource number 0xffffffff
W/ResourceType( 7749): No known package when getting name for resource number 0xffffffff
W/ResourceType( 7749): No known package when getting name for resource number 0xffffffff
W/ResourceType( 7749): No known package when getting name for resource number 0xffffffff
W/ResourceType( 7749): No known package when getting name for resource number 0xffffffff
W/ResourceType( 7749): No known package when getting name for resource number 0xffffffff
W/ResourceType( 7749): No known package when getting name for resource number 0xffffffff
W/ResourceType( 7749): No known package when getting name for resource number 0xffffffff
W/ResourceType( 7749): No known package when getting name for resource number 0xffffffff
W/ResourceType( 7749): No known package when getting name for resource number 0xffffffff
W/ResourceType( 7749): No known package when getting name for resource number 0xffffffff
W/ResourceType( 7749): No known package when getting name for resource number 0xffffffff
W/ResourceType( 7749): No known package when getting name for resource number 0xffffffff
W/ResourceType( 7749): No known package when getting name for resource number 0xffffffff
W/ResourceType( 7749): No known package when getting name for resource number 0xffffffff
W/ResourceType( 7749): No known package when getting name for resource number 0xffffffff
W/ResourceType( 7749): No known package when getting name for resource number 0xffffffff
W/ResourceType( 7749): No known package when getting name for resource number 0xffffffff
W/ResourceType( 7749): No known package when getting name for resource number 0xffffffff
W/ResourceType( 7749): No known package when getting name for resource number 0xffffffff
W/ResourceType( 7749): No known package when getting name for resource number 0xffffffff
W/ResourceType( 7749): No known package when getting name for resource number 0xffffffff
W/ResourceType( 7749): No known package when getting name for resource number 0xffffffff
W/ResourceType( 7749): No known package when getting name for resource number 0xffffffff
W/ResourceType( 7749): No known package when getting name for resource number 0xffffffff
W/ResourceType( 7749): No known package when getting name for resource number 0xffffffff
W/ResourceType( 7749): No known package when getting name for resource number 0xffffffff
W/ResourceType( 7749): No known package when getting name for resource number 0xffffffff
W/ResourceType( 7749): No known package when getting name for resource number 0xffffffff
W/ResourceType( 7749): No known package when getting name for resource number 0xffffffff
W/ResourceType( 7749): No known package when getting name for resource number 0xffffffff
W/ResourceType( 7749): No known package when getting name for resource number 0xffffffff
W/ResourceType( 7749): No known package when getting name for resource number 0xffffffff
W/ResourceType( 7749): No known package when getting name for resource number 0xffffffff
W/ResourceType( 7749): No known package when getting name for resource number 0xffffffff
W/ResourceType( 7749): No known package when getting name for resource number 0xffffffff
W/ResourceType( 7749): No known package when getting name for resource number 0xffffffff
W/ResourceType( 7749): No known package when getting name for resource number 0xffffffff
W/ResourceType( 7749): No known package when getting name for resource number 0xffffffff
W/ResourceType( 7749): No known package when getting name for resource number 0xffffffff
W/ResourceType( 7749): No known package when getting name for resource number 0xffffffff
W/ResourceType( 7749): No known package when getting name for resource number 0xffffffff
W/ResourceType( 7749): No known package when getting name for resource number 0xffffffff
W/ResourceType( 7749): No known package when getting name for resource number 0xffffffff
W/ResourceType( 7749): No known package when getting name for resource number 0xffffffff
W/ResourceType( 7749): No known package when getting name for resource number 0xffffffff
W/ResourceType( 7749): No known package when getting name for resource number 0xffffffff
W/ResourceType( 7749): No known package when getting name for resource number 0xffffffff
W/ResourceType( 7749): No known package when getting name for resource number 0xffffffff
W/ResourceType( 7749): No known package when getting name for resource number 0xffffffff
W/ResourceType( 7749): No known package when getting name for resource number 0xffffffff
W/ResourceType( 7749): No known package when getting name for resource number 0xffffffff
W/ResourceType( 7749): No known package when getting name for resource number 0xffffffff
W/ResourceType( 7749): No known package when getting name for resource number 0xffffffff
W/ResourceType( 7749): No known package when getting name for resource number 0xffffffff
W/ResourceType( 7749): No known package when getting name for resource number 0xffffffff
W/ResourceType( 7749): No known package when getting name for resource number 0xffffffff
W/ResourceType( 7749): No known package when getting name for resource number 0xffffffff
W/ResourceType( 7749): No known package when getting name for resource number 0xffffffff
W/ResourceType( 7749): No known package when getting name for resource number 0xffffffff
W/ResourceType( 7749): No known package when getting name for resource number 0xffffffff
W/ResourceType( 7749): No known package when getting name for resource number 0xffffffff
W/ResourceType( 7749): No known package when getting name for resource number 0xffffffff
W/ResourceType( 7749): No known package when getting name for resource number 0xffffffff
W/ResourceType( 7749): No known package when getting name for resource number 0xffffffff
W/ResourceType( 7749): No known package when getting name for resource number 0xffffffff
W/ResourceType( 7749): No known package when getting name for resource number 0xffffffff
W/ResourceType( 7749): No known package when getting name for resource number 0xffffffff
W/ResourceType( 7749): No known package when getting name for resource number 0xffffffff
W/ResourceType( 7749): No known package when getting name for resource number 0xffffffff
W/ResourceType( 7749): No known package when getting name for resource number 0xffffffff
W/ResourceType( 7749): No known package when getting name for resource number 0xffffffff
W/ResourceType( 7749): No known package when getting name for resource number 0xffffffff
W/ResourceType( 7749): No known package when getting name for resource number 0xffffffff
W/ResourceType( 7749): No known package when getting name for resource number 0xffffffff
W/ResourceType( 7749): No known package when getting name for resource number 0xffffffff
W/ResourceType( 7749): No known package when getting name for resource number 0xffffffff
W/ResourceType( 7749): No known package when getting name for resource number 0xffffffff
W/ResourceType( 7749): No known package when getting name for resource number 0xffffffff
W/ResourceType( 7749): No known package when getting name for resource number 0xffffffff
W/ResourceType( 7749): No known package when getting name for resource number 0xffffffff
W/ResourceType( 7749): No known package when getting name for resource number 0xffffffff
W/ResourceType( 7749): No known package when getting name for resource number 0xffffffff
D/dalvikvm( 7749): GC_CONCURRENT freed 2576K, 14% free 16731K/19404K, paused 3ms+2ms, total 34ms
D/dalvikvm( 7749): WAIT_FOR_CONCURRENT_GC blocked 12ms
I/System.out( 7749): URI: /
I/System.out( 7749): params: {json={"command":"touch_coordinate","arguments":[600.0,1756.0]}
I/System.out( 7749): }
I/System.out( 7749): header: {content-length=57, host=devicehost132.prod, x-session-token=token-token-bafe7baf-4b1c-42a0-837d-603dc3b33230, x-forwarded-for=10.222.150.30, content-type=application/json; charset=utf-8, connection=close}
I/System.out( 7749): params: {json={"command":"touch_coordinate","arguments":[600.0,1756.0]}
I/System.out( 7749): }
I/System.out( 7749): ProP json = {"command":"touch_coordinate","arguments":[600.0,1756.0]}
I/System.out( 7749): files: {}
I/System.out( 7749): command: {"command":"touch_coordinate","arguments":[600.0,1756.0]}
I/InstrumentationBackend( 7749): Got command:'Command:'Line:null,touch_coordinate', arguments:'[600.0, 1756.0]'
D/audio_hw_primary(  181): select_devices: out_snd_device(2: speaker) in_snd_device(0: )
D/ACDB-LOADER(  181): ACDB -> send_afe_cal
I/calabash( 7749): execStartActivity 4
I/ActivityManager(  563): START u0 {cmp=com.careerbuilder.SugarDrone/md5a4824aa66c0dc4d104077b72c1916a44.ApplyActivity (has extras)} from pid 7749
I/calabash( 7749): newActivity1
I/mono-stdout( 7749): uri is: https://api.careerbuilder.com/v3/job?DID=job1&outputjson=true&ShowApplyRequirements=true&DeveloperKey=WDHR8FC6P2JZ1Y61KLM5
I/mono-stdout( 7749): making api call to: /v3/job?DID=job1&outputjson=true&ShowApplyRequirements=true&DeveloperKey=WDHR8FC6P2JZ1Y61KLM5
I/System.out( 7749): result:{"bonusInformation":[],"message":"","success":true}
I/ActivityManager(  563): Displayed com.careerbuilder.SugarDrone/md5a4824aa66c0dc4d104077b72c1916a44.ApplyActivity: +185ms
D/Mono    ( 7749): [0x7bdb01e8] hill climbing, change max number of threads 5
W/SurfaceFlinger(  178): couldn't log to binary event log: overflow.
I/mono-stdout( 7749): done making call to: /v3/job?DID=job1&outputjson=true&ShowApplyRequirements=true&DeveloperKey=WDHR8FC6P2JZ1Y61KLM5
I/mono-stdout( 7749): uri is: https://api.careerbuilder.com/cbapi/job/job1/applicationform?DeveloperKey=WDHR8FC6P2JZ1Y61KLM5
I/mono-stdout( 7749): making api call to: /cbapi/job/job1/applicationform?DeveloperKey=WDHR8FC6P2JZ1Y61KLM5
I/mono-stdout( 7749): done making call to: /cbapi/job/job1/applicationform?DeveloperKey=WDHR8FC6P2JZ1Y61KLM5
D/Mono    ( 7749): Assembly Ref addref Xamarin.Android.Support.Design[0x7a3eb790] -> Xamarin.Android.Support.v7.AppCompat[0x7a3eaa38]: 3
D/Mono    ( 7749): Assembly Ref addref CareerBuilder_Search.Droid[0x7a3b7480] -> libphonenumber[0x7a3edf78]: 2
D/Mono    ( 7749): Unloading image mscorlib.dll [0x7fd27100].
D/Mono    ( 7749): Config attempting to parse: 'mscorlib.dll.config'.
D/Mono    ( 7749): Config attempting to parse: '/Users/builder/data/lanes/4009/3a62f1ea/source/monodroid/builds/install/mono-armv6/etc/mono/assemblies/mscorlib/mscorlib.config'.
D/Mono    ( 7749): Assembly Ref addref libphonenumber[0x7a3edf78] -> mscorlib[0x7586d3f0]: 50
I/System.out( 7749): URI: /map
I/System.out( 7749): params: {json={"query":"* marked:'Apply'","operation":{"method_name":"query","arguments":[]}}
I/System.out( 7749): }
W/Xamarin.Insights( 7749): Warning: Unhandled exception: System.NullReferenceException: Object reference not set to an instance of an object
W/Xamarin.Insights( 7749):   at CareerBuilder_Search.Droid.Activities.ApplyActivity.putScreenerOnPage (CareerBuilder_Search.Models.JobApplicationRequirements application) [0x0011f] in /Users/dev/src/Mobile/MobileApp-JobSearch-X/CareerBuilder-Search/CareerBuilder-Search/CareerBuilder_Search.Droid/Activities/ApplyActivity.cs:129 
W/Xamarin.Insights( 7749):   at CareerBuilder_Search.Droid.Activities.ApplyActivity.getInfoAndFillPage () [0x00069] in /Users/dev/src/Mobile/MobileApp-JobSearch-X/CareerBuilder-Search/CareerBuilder-Search/CareerBuilder_Search.Droid/Activities/ApplyActivity.cs:82 
W/Xamarin.Insights( 7749):   at CareerBuilder_Search.Droid.Activities.ApplyActivity.<setup>m__0 (System.Object x) [0x00001] in /Users/dev/src/Mobile/MobileApp-JobSearch-X/CareerBuilder-Search/CareerBuilder-Search/CareerBuilder_Search.Droid/Activities/ApplyActivity.cs:73 
W/Xamarin.Insights( 7749):   at System.Threading.QueueUserWorkItemCallback.WaitCallback_Context (System.Object state) [0x0000e] in /Users/builder/data/lanes/4009/3a62f1ea/source/mono/mcs/class/referencesource/mscorlib/system/threading/threadpool.cs:1304 
W/Xamarin.Insights( 7749):   at System.Threading.ExecutionContext.RunInternal (System.Threading.ExecutionContext executionContext, System.Threading.ContextCallback callback, System.Object state, System.Boolean preserveSyncCtx) [0x0008d] in /Users/builder/data/lanes/4009/3a62f1ea/source/mono/mcs/class/referencesource/mscorlib/system/threading/executioncontext.cs:957 
W/Xamarin.Insights( 7749):   at System.Threading.ExecutionContext.Run (System.Threading.ExecutionContext executionContext, System.Threading.ContextCallback callback, System.Object state, System.Boolean preserveSyncCtx) [0x00000] in /Users/builder/data/lanes/4009/3a62f1ea/source/mono/mcs/class/referencesource/mscorlib/system/threading/executioncontext.cs:904 
W/Xamarin.Insights( 7749):   at System.Threading.QueueUserWorkItemCallback.System.Threading.IThreadPoolWorkItem.ExecuteWorkItem () [0x0002a] in /Users/builder/data/lanes/4009/3a62f1ea/source/mono/mcs/class/referencesource/mscorlib/system/threading/threadpool.cs:1281 
W/Xamarin.Insights( 7749):   at System.Threading.ThreadPoolWorkQueue.Dispatch () [0x00096] in /Users/builder/data/lanes/4009/3a62f1ea/source/mono/mcs/class/referencesource/mscorlib/system/threading/threadpool.cs:854 
W/Xamarin.Insights( 7749):   at System.Threading._ThreadPoolWaitCallback.PerformWaitCallback () [0x00000] in /Users/builder/data/lanes/4009/3a62f1ea/source/mono/mcs/class/referencesource/mscorlib/system/threading/threadpool.cs:1209 
W/ResourceType( 7749): No known package when getting name for resource number 0xffffffff
W/ResourceType( 7749): No known package when getting name for resource number 0xffffffff
W/ResourceType( 7749): No known package when getting name for resource number 0xffffffff
W/ResourceType( 7749): No known package when getting name for resource number 0xffffffff
W/ResourceType( 7749): No known package when getting name for resource number 0xffffffff
W/ResourceType( 7749): No known package when getting name for resource number 0xffffffff
W/ResourceType( 7749): No known package when getting name for resource number 0xffffffff
W/ResourceType( 7749): No known package when getting name for resource number 0xffffffff
W/ResourceType( 7749): No known package when getting name for resource number 0xffffffff
W/ResourceType( 7749): No known package when getting name for resource number 0xffffffff
W/ResourceType( 7749): No known package when getting name for resource number 0xffffffff
W/ResourceType( 7749): No known package when getting name for resource number 0xffffffff
W/ResourceType( 7749): No known package when getting name for resource number 0xffffffff
W/ResourceType( 7749): No known package when getting name for resource number 0xffffffff
W/ResourceType( 7749): No known package when getting name for resource number 0xffffffff
W/ResourceType( 7749): No known package when getting name for resource number 0xffffffff
W/ResourceType( 7749): No known package when getting name for resource number 0xffffffff
W/ResourceType( 7749): No known package when getting name for resource number 0xffffffff
W/ResourceType( 7749): No known package when getting name for resource number 0xffffffff
W/ResourceType( 7749): No known package when getting name for resource number 0xffffffff
W/ResourceType( 7749): No known package when getting name for resource number 0xffffffff
W/ResourceType( 7749): No known package when getting name for resource number 0xffffffff
W/ResourceType( 7749): No known package when getting name for resource number 0xffffffff
W/ResourceType( 7749): No known package when getting name for resource number 0xffffffff
W/ResourceType( 7749): No known package when getting name for resource number 0xffffffff
W/ResourceType( 7749): No known package when getting name for resource number 0xffffffff
W/ResourceType( 7749): No known package when getting name for resource number 0xffffffff
W/ResourceType( 7749): No known package when getting name for resource number 0xffffffff
W/ResourceType( 7749): No known package when getting name for resource number 0xffffffff
W/ResourceType( 7749): No known package when getting name for resource number 0xffffffff
W/ResourceType( 7749): No known package when getting name for resource number 0xffffffff
W/ResourceType( 7749): No known package when getting name for resource number 0xffffffff
W/ResourceType( 7749): No known package when getting name for resource number 0xffffffff
W/ResourceType( 7749): No known package when getting name for resource number 0xffffffff
W/ResourceType( 7749): No known package when getting name for resource number 0xffffffff
W/ResourceType( 7749): No known package when getting name for resource number 0xffffffff
W/ResourceType( 7749): No known package when getting name for resource number 0xffffffff
W/ResourceType( 7749): No known package when getting name for resource number 0xffffffff
W/ResourceType( 7749): No known package when getting name for resource number 0xffffffff
W/ResourceType( 7749): No known package when getting name for resource number 0xffffffff
W/ResourceType( 7749): No known package when getting name for resource number 0xffffffff
W/ResourceType( 7749): No known package when getting name for resource number 0xffffffff
W/ResourceType( 7749): No known package when getting name for resource number 0xffffffff
W/ResourceType( 7749): No known package when getting name for resource number 0xffffffff
W/ResourceType( 7749): No known package when getting name for resource number 0xffffffff
W/ResourceType( 7749): No known package when getting name for resource number 0xffffffff
W/ResourceType( 7749): No known package when getting name for resource number 0xffffffff
W/ResourceType( 7749): No known package when getting name for resource number 0xffffffff
W/ResourceType( 7749): No known package when getting name for resource number 0xffffffff
W/ResourceType( 7749): No known package when getting name for resource number 0xffffffff
W/ResourceType( 7749): No known package when getting name for resource number 0xffffffff
W/ResourceType( 7749): No known package when getting name for resource number 0xffffffff
W/ResourceType( 7749): No known package when getting name for resource number 0xffffffff
W/ResourceType( 7749): No known package when getting name for resource number 0xffffffff
D/dalvikvm( 7749): GC_EXPLICIT freed 2423K, 13% free 16933K/19404K, paused 3ms+5ms, total 88ms
W/ResourceType( 7749): No known package when getting name for resource number 0xffffffff
D/Mono    ( 7749): GC_TAR_BRIDGE bridges 173 objects 832 opaque 635 colors 173 colors-bridged 173 colors-visible 173 xref 88 cache-hit 0 cache-semihit 0 cache-miss 0 setup 0.27ms tarjan 1.34ms scc-setup 0.18ms gather-xref 0.03ms xref-setup 0.00ms cleanup 1.10ms
D/Mono    ( 7749): GC_BRIDGE: Complete, was running for 92.77ms
D/Mono    ( 7749): GC_MINOR: (Nursery full) time 14.22ms, stw 14.59ms promoted 405K major size: 2288K in use: 1610K los size: 2048K in use: 891K
W/ResourceType( 7749): No known package when getting name for resource number 0xffffffff
W/ResourceType( 7749): No known package when getting name for resource number 0xffffffff
W/ResourceType( 7749): No known package when getting name for resource number 0xffffffff
W/ResourceType( 7749): No known package when getting name for resource number 0xffffffff
W/ResourceType( 7749): No known package when getting name for resource number 0xffffffff
W/ResourceType( 7749): No known package when getting name for resource number 0xffffffff
W/ResourceType( 7749): No known package when getting name for resource number 0xffffffff
W/ResourceType( 7749): No known package when getting name for resource number 0xffffffff
W/ResourceType( 7749): No known package when getting name for resource number 0xffffffff
W/ResourceType( 7749): No known package when getting name for resource number 0xffffffff
W/ResourceType( 7749): No known package when getting name for resource number 0xffffffff
W/Xamarin.Insights( 7749): Warning: Unhandled exception: System.AggregateException: A Task's exception(s) were not observed either by Waiting on the Task or accessing its Exception property. As a result, the unobserved exception was rethrown by the finalizer thread. ---> System.NullReferenceException: Object reference not set to an instance of an object
W/Xamarin.Insights( 7749):   at CareerBuilder_Search.Models.VisitorEventBase..ctor () [0x00000] in /Users/dev/src/Mobile/MobileApp-JobSearch-X/CareerBuilder-Search/CareerBuilder-Search/CareerBuilder_Search/Models/VisitorEventBase.cs:7 
W/Xamarin.Insights( 7749):   at CareerBuilder_Search.VisitorJobViewEvent..ctor (CareerBuilder_Search.Models.DetailedJob job) [0x00000] in /Users/dev/src/Mobile/MobileApp-JobSearch-X/CareerBuilder-Search/CareerBuilder-Search/CareerBuilder_Search/Models/VisitorJobViewEvent.cs:11 
W/Xamarin.Insights( 7749):   at CareerBuilder_Search.VisitorJobViewPublisher+<PublishJobViewToVisitorEvents>c__async0.MoveNext () [0x00029] in /Users/dev/src/Mobile/MobileApp-JobSearch-X/CareerBuilder-Search/CareerBuilder-Search/CareerBuilder_Search/Decorators/VisitorJobViewPublisher.cs:40 
W/Xamarin.Insights( 7749): --- End of stack trace from previous location where exception was thrown ---
W/Xamarin.Insights( 7749):   at System.Runtime.ExceptionServices.ExceptionDispatchInfo.Throw () [0x0000c] in /Users/builder/data/lanes/4009/3a62f1ea/source/mono/mcs/class/referencesource/mscorlib/system/runtime/exceptionservices/exceptionservicescommon.cs:143 
W/Xamarin.Insights( 7749):   at System.Runtime.CompilerServices.TaskAwaiter.ThrowForNonSuccess (System.Threading.Tasks.Task task) [0x00047] in /Users/builder/data/lanes/4009/3a62f1ea/source/mono/mcs/class/referencesource/mscorlib/system/runtime/compilerservices/TaskAwaiter.cs:187 
W/Xamarin.Insights( 7749):   at System.Runtime.CompilerServices.TaskAwaiter.HandleNonSuccessAndDebuggerNotification (System.Threading.Tasks.Task task) [0x0002e] in /Users/builder/data/lanes/4009/3a62f1ea/source/mono/mcs/class/referencesource/mscorlib/system/runtime/compilerservices/TaskAwaiter.cs:156 
W/Xamarin.Insights( 7749):   at System.Runtime.CompilerServices.TaskAwaiter.ValidateEnd (System.Threading.Tasks.Task task) [0x0000b] in /Users/builder/data/lanes/4009/3a62f1ea/source/mono/mcs/class/referencesource/mscorlib/system/runtime/compilerservices/TaskAwaiter.cs:128 
