<![CDATA[
]]><xtc-scenario name="[0-1032]CareerBuilder_Search.DroidFeatureTests.JDPTests.ApplyButtonShowsExternalApplyTextForExternalApply" id="[0-1032]CareerBuilder_Search.DroidFeatureTests.JDPTests.ApplyButtonShowsExternalApplyTextForExternalApply"><![CDATA[

]]><xtc-step name="[0-1032]CareerBuilder_Search.DroidFeatureTests.JDPTests.ApplyButtonShowsExternalApplyTextForExternalApply-ApplyButtonShowsExternalApplyTextForExternalApply" id="[0-1032]CareerBuilder_Search.DroidFeatureTests.JDPTests.ApplyButtonShowsExternalApplyTextForExternalApply-ApplyButtonShowsExternalApplyTextForExternalApply"><![CDATA[
D/AndroidRuntime( 5053): 
D/AndroidRuntime( 5053): >>>>>> AndroidRuntime START com.android.internal.os.RuntimeInit <<<<<<
D/AndroidRuntime( 5053): CheckJNI is OFF
D/dalvikvm( 5053): Trying to load lib libjavacore.so 0x0
D/dalvikvm( 5053): Added shared lib libjavacore.so 0x0
D/dalvikvm( 5053): Trying to load lib libnativehelper.so 0x0
D/dalvikvm( 5053): Added shared lib libnativehelper.so 0x0
D/dalvikvm( 5053): No JNI_OnLoad found in libnativehelper.so 0x0, skipping init
D/dalvikvm( 5053): Note: class Landroid/app/ActivityManagerNative; has 179 unimplemented (abstract) methods
D/AndroidRuntime( 5053): Calling main entry com.android.commands.pm.Pm
D/AndroidRuntime( 5053): Shutting down VM
D/dalvikvm( 5053): GC_CONCURRENT freed 248K, 31% free 567K/820K, paused 0ms+0ms, total 3ms
D/AndroidRuntime( 5344): 
D/AndroidRuntime( 5344): >>>>>> AndroidRuntime START com.android.internal.os.RuntimeInit <<<<<<
D/AndroidRuntime( 5344): CheckJNI is OFF
D/dalvikvm( 5344): Trying to load lib libjavacore.so 0x0
D/dalvikvm( 5344): Added shared lib libjavacore.so 0x0
D/dalvikvm( 5344): Trying to load lib libnativehelper.so 0x0
D/dalvikvm( 5344): Added shared lib libnativehelper.so 0x0
D/dalvikvm( 5344): No JNI_OnLoad found in libnativehelper.so 0x0, skipping init
D/dalvikvm( 5344): Note: class Landroid/app/ActivityManagerNative; has 179 unimplemented (abstract) methods
D/AndroidRuntime( 5344): Calling main entry com.android.commands.am.Am
D/AndroidRuntime( 5344): Shutting down VM
D/dalvikvm( 5344): GC_CONCURRENT freed 93K, 15% free 553K/648K, paused 1ms+1ms, total 3ms
--------- beginning of /dev/log/system
W/ActivityManager(  563): Invalid packageName: com.careerbuilder.SugarDrone
D/AndroidRuntime( 5947): 
D/AndroidRuntime( 5947): >>>>>> AndroidRuntime START com.android.internal.os.RuntimeInit <<<<<<
D/AndroidRuntime( 5947): CheckJNI is OFF
D/dalvikvm( 5947): Trying to load lib libjavacore.so 0x0
D/dalvikvm( 5947): Added shared lib libjavacore.so 0x0
D/dalvikvm( 5947): Trying to load lib libnativehelper.so 0x0
D/dalvikvm( 5947): Added shared lib libnativehelper.so 0x0
D/dalvikvm( 5947): No JNI_OnLoad found in libnativehelper.so 0x0, skipping init
D/dalvikvm( 5947): Note: class Landroid/app/ActivityManagerNative; has 179 unimplemented (abstract) methods
D/AndroidRuntime( 5947): Calling main entry com.android.commands.pm.Pm
W/ActivityManager(  563): No content provider found for permission revoke: file:///data/local/tmp/0000003336
W/ActivityManager(  563): No content provider found for permission revoke: file:///data/local/tmp/0000003336
I/PackageManager(  563): Copying native libraries to /data/app-lib/vmdl-4721673
D/dalvikvm(  563): GC_FOR_ALLOC freed 971K, 12% free 19753K/22360K, paused 60ms, total 60ms
D/dalvikvm(  563): GC_CONCURRENT freed 1816K, 9% free 20635K/22488K, paused 3ms+5ms, total 82ms
D/dalvikvm(  563): WAIT_FOR_CONCURRENT_GC blocked 72ms
D/dalvikvm(  563): GC_FOR_ALLOC freed 2731K, 13% free 20673K/23592K, paused 68ms, total 68ms
D/dalvikvm(  563): GC_CONCURRENT freed 2835K, 13% free 20690K/23640K, paused 3ms+6ms, total 95ms
D/dalvikvm(  563): WAIT_FOR_CONCURRENT_GC blocked 90ms
D/dalvikvm(  563): GC_CONCURRENT freed 2783K, 13% free 20742K/23640K, paused 3ms+6ms, total 80ms
I/PackageManager(  563): Running dexopt on: com.careerbuilder.SugarDrone
W/dalvikvm( 6038): method Landroid/support/v7/widget/ListViewCompat;.lookForSelectablePosition incorrectly overrides package-private method with same name in Landroid/widget/ListView;
D/dalvikvm( 6038): DexOpt: couldn't find static field Landroid/os/Build;.SUPPORTED_ABIS
D/dalvikvm( 6038): DexOpt: load 290ms, verify+opt 1603ms, 3733380 bytes
I/ActivityManager(  563): Force stopping com.careerbuilder.SugarDrone appid=18552 user=-1: update pkg
W/PackageManager(  563): Not granting permission android.permission.MANAGE_DOCUMENTS to package com.careerbuilder.SugarDrone (protectionLevel=2 flags=0x8be46)
W/PackageManager(  563): Not granting permission android.permission.MOUNT_UNMOUNT_FILESYSTEMS to package com.careerbuilder.SugarDrone (protectionLevel=18 flags=0x8be46)
I/InputReader(  563): Reconfiguring input devices.  changes=0x00000010
D/dalvikvm(  799): GC_CONCURRENT freed 449K, 5% free 9239K/9720K, paused 1ms+1ms, total 16ms
I/Icing.InternalIcingCorporaProvider( 1290): Updating corpora: A: com.careerbuilder.SugarDrone, C: MAYBE
I/ActivityManager(  563): Delay finish: com.google.android.googlequicksearchbox/com.google.android.search.core.summons.icing.InternalIcingCorporaProvider$CorporaChangedReceiver
I/ActivityManager(  563): Resuming delayed broadcast
D/Wear_Controller(  854): Received broadcast action=android.intent.action.PACKAGE_ADDED and uri=com.careerbuilder.SugarDrone
D/dalvikvm( 1918): GC_FOR_ALLOC freed 244K, 3% free 18099K/18656K, paused 20ms, total 50ms
I/ActivityManager(  563): Delay finish: com.google.android.gms/.games.chimera.GamesSystemBroadcastReceiverProxy
I/PeopleContactsSync(  854): triggerPendingContactsCleanup: no accounts
D/BackupManagerService(  563): Received broadcast Intent { act=android.intent.action.PACKAGE_ADDED dat=package:com.careerbuilder.SugarDrone flg=0x4000010 (has extras) }
V/BackupManagerService(  563): addPackageParticipantsLocked: #1
D/dalvikvm(  854): GC_CONCURRENT freed 1076K, 10% free 12396K/13692K, paused 10ms+19ms, total 73ms
W/IcingInternalCorpora(  854): getNumBytesRead when not calculated.
I/Icing   (  854): Usage reports 0 indexed 0 rejected 0 imm upload true
I/Icing   (  854): Usage reports 0 indexed 0 rejected 0 imm upload false
I/Icing.InternalIcingCorporaProvider( 1290): UpdateCorporaTask done [took 310 ms] updated apps [took 309 ms] 
I/ActivityManager(  563): Resuming delayed broadcast
I/Icing   (  854): Usage reports 0 indexed 0 rejected 0 imm upload false
D/dalvikvm(  563): GC_EXPLICIT freed 2212K, 12% free 20858K/23640K, paused 31ms+18ms, total 381ms
D/AndroidRuntime( 5947): Shutting down VM
D/dalvikvm( 5947): GC_CONCURRENT freed 95K, 15% free 561K/660K, paused 0ms+0ms, total 2ms
D/AndroidRuntime( 6139): 
D/AndroidRuntime( 6139): >>>>>> AndroidRuntime START com.android.internal.os.RuntimeInit <<<<<<
D/AndroidRuntime( 6139): CheckJNI is OFF
D/dalvikvm( 6139): Trying to load lib libjavacore.so 0x0
D/dalvikvm( 6139): Added shared lib libjavacore.so 0x0
D/dalvikvm( 6139): Trying to load lib libnativehelper.so 0x0
D/dalvikvm( 6139): Added shared lib libnativehelper.so 0x0
D/dalvikvm( 6139): No JNI_OnLoad found in libnativehelper.so 0x0, skipping init
D/dalvikvm( 6139): Note: class Landroid/app/ActivityManagerNative; has 179 unimplemented (abstract) methods
D/AndroidRuntime( 6139): Calling main entry com.android.commands.settings.SettingsCmd
D/AndroidRuntime( 6139): Shutting down VM
D/dalvikvm( 6139): GC_CONCURRENT freed 96K, 16% free 562K/664K, paused 1ms+1ms, total 3ms
I/Icing   (  854): Indexing 5DEEA38537210BEE0F2C135EA4D174C2C8299805 from com.google.android.googlequicksearchbox
D/dalvikvm( 1290): GC_CONCURRENT freed 553K, 7% free 9440K/10092K, paused 1ms+1ms, total 14ms
I/Icing   (  854): Indexing done 5DEEA38537210BEE0F2C135EA4D174C2C8299805
I/Icing   (  854): Indexing A71B48A243897ACCCBB490823C9E3D3488B33FED from com.google.android.gms
I/Icing   (  854): Indexing done A71B48A243897ACCCBB490823C9E3D3488B33FED
D/AndroidRuntime( 6171): 
D/AndroidRuntime( 6171): >>>>>> AndroidRuntime START com.android.internal.os.RuntimeInit <<<<<<
D/AndroidRuntime( 6171): CheckJNI is OFF
D/dalvikvm( 6171): Trying to load lib libjavacore.so 0x0
D/dalvikvm( 6171): Added shared lib libjavacore.so 0x0
D/dalvikvm( 6171): Trying to load lib libnativehelper.so 0x0
D/dalvikvm( 6171): Added shared lib libnativehelper.so 0x0
D/dalvikvm( 6171): No JNI_OnLoad found in libnativehelper.so 0x0, skipping init
D/dalvikvm( 6171): Note: class Landroid/app/ActivityManagerNative; has 179 unimplemented (abstract) methods
D/AndroidRuntime( 6171): Calling main entry com.android.commands.settings.SettingsCmd
D/AndroidRuntime( 6171): Shutting down VM
D/dalvikvm( 6171): GC_CONCURRENT freed 96K, 15% free 562K/660K, paused 1ms+1ms, total 3ms
D/AndroidRuntime( 6196): 
D/AndroidRuntime( 6196): >>>>>> AndroidRuntime START com.android.internal.os.RuntimeInit <<<<<<
D/AndroidRuntime( 6196): CheckJNI is OFF
D/dalvikvm( 6196): Trying to load lib libjavacore.so 0x0
D/dalvikvm( 6196): Added shared lib libjavacore.so 0x0
D/dalvikvm( 6196): Trying to load lib libnativehelper.so 0x0
D/dalvikvm( 6196): Added shared lib libnativehelper.so 0x0
D/dalvikvm( 6196): No JNI_OnLoad found in libnativehelper.so 0x0, skipping init
D/dalvikvm( 6196): Note: class Landroid/app/ActivityManagerNative; has 179 unimplemented (abstract) methods
D/AndroidRuntime( 6196): Calling main entry com.android.commands.settings.SettingsCmd
D/AndroidRuntime( 6196): Shutting down VM
D/dalvikvm( 6196): GC_CONCURRENT freed 96K, 16% free 562K/664K, paused 0ms+0ms, total 2ms
D/AndroidRuntime( 6230): 
D/AndroidRuntime( 6230): >>>>>> AndroidRuntime START com.android.internal.os.RuntimeInit <<<<<<
D/AndroidRuntime( 6230): CheckJNI is OFF
D/dalvikvm( 6230): Trying to load lib libjavacore.so 0x0
D/dalvikvm( 6230): Added shared lib libjavacore.so 0x0
D/dalvikvm( 6230): Trying to load lib libnativehelper.so 0x0
D/dalvikvm( 6230): Added shared lib libnativehelper.so 0x0
D/dalvikvm( 6230): No JNI_OnLoad found in libnativehelper.so 0x0, skipping init
D/dalvikvm( 6230): Note: class Landroid/app/ActivityManagerNative; has 179 unimplemented (abstract) methods
D/AndroidRuntime( 6230): Calling main entry com.android.commands.settings.SettingsCmd
D/AndroidRuntime( 6230): Shutting down VM
D/dalvikvm( 6230): GC_CONCURRENT freed 96K, 15% free 562K/660K, paused 1ms+1ms, total 3ms
D/AndroidRuntime( 6257): 
D/AndroidRuntime( 6257): >>>>>> AndroidRuntime START com.android.internal.os.RuntimeInit <<<<<<
D/AndroidRuntime( 6257): CheckJNI is OFF
D/dalvikvm( 6257): Trying to load lib libjavacore.so 0x0
D/dalvikvm( 6257): Added shared lib libjavacore.so 0x0
D/dalvikvm( 6257): Trying to load lib libnativehelper.so 0x0
D/dalvikvm( 6257): Added shared lib libnativehelper.so 0x0
D/dalvikvm( 6257): No JNI_OnLoad found in libnativehelper.so 0x0, skipping init
D/dalvikvm( 6257): Note: class Landroid/app/ActivityManagerNative; has 179 unimplemented (abstract) methods
D/AndroidRuntime( 6257): Calling main entry com.android.commands.settings.SettingsCmd
D/AndroidRuntime( 6257): Shutting down VM
D/dalvikvm( 6257): GC_CONCURRENT freed 96K, 15% free 562K/660K, paused 0ms+0ms, total 2ms
D/AndroidRuntime( 6283): 
D/AndroidRuntime( 6283): >>>>>> AndroidRuntime START com.android.internal.os.RuntimeInit <<<<<<
D/AndroidRuntime( 6283): CheckJNI is OFF
D/dalvikvm( 6283): Trying to load lib libjavacore.so 0x0
D/dalvikvm( 6283): Added shared lib libjavacore.so 0x0
D/dalvikvm( 6283): Trying to load lib libnativehelper.so 0x0
D/dalvikvm( 6283): Added shared lib libnativehelper.so 0x0
D/dalvikvm( 6283): No JNI_OnLoad found in libnativehelper.so 0x0, skipping init
D/dalvikvm( 6283): Note: class Landroid/app/ActivityManagerNative; has 179 unimplemented (abstract) methods
D/AndroidRuntime( 6283): Calling main entry com.android.commands.settings.SettingsCmd
D/AndroidRuntime( 6283): Shutting down VM
D/dalvikvm( 6283): GC_CONCURRENT freed 96K, 15% free 562K/660K, paused 0ms+0ms, total 2ms
D/AndroidRuntime( 6321): 
D/AndroidRuntime( 6321): >>>>>> AndroidRuntime START com.android.internal.os.RuntimeInit <<<<<<
D/AndroidRuntime( 6321): CheckJNI is OFF
D/dalvikvm( 6321): Trying to load lib libjavacore.so 0x0
D/dalvikvm( 6321): Added shared lib libjavacore.so 0x0
D/dalvikvm( 6321): Trying to load lib libnativehelper.so 0x0
D/dalvikvm( 6321): Added shared lib libnativehelper.so 0x0
D/dalvikvm( 6321): No JNI_OnLoad found in libnativehelper.so 0x0, skipping init
D/dalvikvm( 6321): Note: class Landroid/app/ActivityManagerNative; has 179 unimplemented (abstract) methods
D/AndroidRuntime( 6321): Calling main entry com.android.commands.pm.Pm
D/AndroidRuntime( 6321): Shutting down VM
D/dalvikvm( 6321): GC_CONCURRENT freed 249K, 31% free 567K/820K, paused 1ms+1ms, total 3ms
D/AndroidRuntime( 6401): 
D/AndroidRuntime( 6401): >>>>>> AndroidRuntime START com.android.internal.os.RuntimeInit <<<<<<
D/AndroidRuntime( 6401): CheckJNI is OFF
D/dalvikvm( 6401): Trying to load lib libjavacore.so 0x0
D/dalvikvm( 6401): Added shared lib libjavacore.so 0x0
D/dalvikvm( 6401): Trying to load lib libnativehelper.so 0x0
D/dalvikvm( 6401): Added shared lib libnativehelper.so 0x0
D/dalvikvm( 6401): No JNI_OnLoad found in libnativehelper.so 0x0, skipping init
D/dalvikvm( 6401): Note: class Landroid/app/ActivityManagerNative; has 179 unimplemented (abstract) methods
D/AndroidRuntime( 6401): Calling main entry com.android.commands.pm.Pm
D/AndroidRuntime( 6401): Shutting down VM
D/dalvikvm( 6401): GC_CONCURRENT freed 249K, 31% free 567K/820K, paused 0ms+0ms, total 3ms
D/AndroidRuntime( 6501): 
D/AndroidRuntime( 6501): >>>>>> AndroidRuntime START com.android.internal.os.RuntimeInit <<<<<<
D/AndroidRuntime( 6501): CheckJNI is OFF
D/dalvikvm( 6501): Trying to load lib libjavacore.so 0x0
D/dalvikvm( 6501): Added shared lib libjavacore.so 0x0
D/dalvikvm( 6501): Trying to load lib libnativehelper.so 0x0
D/dalvikvm( 6501): Added shared lib libnativehelper.so 0x0
D/dalvikvm( 6501): No JNI_OnLoad found in libnativehelper.so 0x0, skipping init
D/dalvikvm( 6501): Note: class Landroid/app/ActivityManagerNative; has 179 unimplemented (abstract) methods
D/AndroidRuntime( 6501): Calling main entry com.android.commands.am.Am
D/AndroidRuntime( 6501): Shutting down VM
W/ActivityManager(  563): Invalid packageName: com.careerbuilder.SugarDrone.test
D/dalvikvm( 6501): GC_CONCURRENT freed 93K, 15% free 553K/648K, paused 0ms+0ms, total 3ms
D/AndroidRuntime( 6544): 
D/AndroidRuntime( 6544): >>>>>> AndroidRuntime START com.android.internal.os.RuntimeInit <<<<<<
D/AndroidRuntime( 6544): CheckJNI is OFF
D/dalvikvm( 6544): Trying to load lib libjavacore.so 0x0
D/dalvikvm( 6544): Added shared lib libjavacore.so 0x0
D/dalvikvm( 6544): Trying to load lib libnativehelper.so 0x0
D/dalvikvm( 6544): Added shared lib libnativehelper.so 0x0
D/dalvikvm( 6544): No JNI_OnLoad found in libnativehelper.so 0x0, skipping init
D/dalvikvm( 6544): Note: class Landroid/app/ActivityManagerNative; has 179 unimplemented (abstract) methods
D/AndroidRuntime( 6544): Calling main entry com.android.commands.pm.Pm
W/ActivityManager(  563): No content provider found for permission revoke: file:///data/local/tmp/0000003337
W/ActivityManager(  563): No content provider found for permission revoke: file:///data/local/tmp/0000003337
I/PackageManager(  563): Copying native libraries to /data/app-lib/vmdl-722584129
D/dalvikvm(  563): GC_CONCURRENT freed 4284K, 19% free 19496K/23828K, paused 3ms+5ms, total 73ms
I/PackageManager(  563): Running dexopt on: com.careerbuilder.SugarDrone.test
D/dalvikvm( 6572): DexOpt: load 73ms, verify+opt 520ms, 1565836 bytes
I/ActivityManager(  563): Force stopping com.careerbuilder.SugarDrone.test appid=18553 user=-1: update pkg
I/InputReader(  563): Reconfiguring input devices.  changes=0x00000010
I/ActivityManager(  563): Delay finish: com.android.musicfx/.Compatibility$Receiver
I/ActivityManager(  563): Resuming delayed broadcast
I/Icing.InternalIcingCorporaProvider( 1290): Updating corpora: A: com.careerbuilder.SugarDrone.test, C: MAYBE
D/BackupManagerService(  563): Received broadcast Intent { act=android.intent.action.PACKAGE_ADDED dat=package:com.careerbuilder.SugarDrone.test flg=0x4000010 (has extras) }
V/BackupManagerService(  563): addPackageParticipantsLocked: #1
D/dalvikvm(  563): GC_EXPLICIT freed 785K, 18% free 19539K/23828K, paused 8ms+8ms, total 152ms
D/AndroidRuntime( 6544): Shutting down VM
D/dalvikvm( 6544): GC_CONCURRENT freed 95K, 15% free 561K/660K, paused 0ms+0ms, total 2ms
I/Icing.InternalIcingCorporaProvider( 1290): UpdateCorporaTask done [took 65 ms] updated apps [took 65 ms] 
D/dalvikvm(  854): GC_FOR_ALLOC freed 830K, 10% free 12357K/13692K, paused 34ms, total 34ms
D/Wear_Controller(  854): Received broadcast action=android.intent.action.PACKAGE_ADDED and uri=com.careerbuilder.SugarDrone.test
I/PeopleContactsSync(  854): triggerPendingContactsCleanup: no accounts
W/IcingInternalCorpora(  854): getNumBytesRead when not calculated.
I/Icing   (  854): Usage reports 0 indexed 0 rejected 0 imm upload false
I/Icing   (  854): Usage reports 0 indexed 0 rejected 0 imm upload false
D/AndroidRuntime( 6630): 
D/AndroidRuntime( 6630): >>>>>> AndroidRuntime START com.android.internal.os.RuntimeInit <<<<<<
D/AndroidRuntime( 6630): CheckJNI is OFF
D/dalvikvm( 6630): Trying to load lib libjavacore.so 0x0
D/dalvikvm( 6630): Added shared lib libjavacore.so 0x0
D/dalvikvm( 6630): Trying to load lib libnativehelper.so 0x0
D/dalvikvm( 6630): Added shared lib libnativehelper.so 0x0
D/dalvikvm( 6630): No JNI_OnLoad found in libnativehelper.so 0x0, skipping init
D/dalvikvm( 6630): Note: class Landroid/app/ActivityManagerNative; has 179 unimplemented (abstract) methods
D/AndroidRuntime( 6630): Calling main entry com.android.commands.settings.SettingsCmd
D/AndroidRuntime( 6630): Shutting down VM
D/dalvikvm( 6630): GC_CONCURRENT freed 96K, 15% free 562K/660K, paused 0ms+0ms, total 3ms
I/Icing   (  854): Indexing A71B48A243897ACCCBB490823C9E3D3488B33FED from com.google.android.gms
I/Icing   (  854): Indexing done A71B48A243897ACCCBB490823C9E3D3488B33FED
D/AndroidRuntime( 6660): 
D/AndroidRuntime( 6660): >>>>>> AndroidRuntime START com.android.internal.os.RuntimeInit <<<<<<
D/AndroidRuntime( 6660): CheckJNI is OFF
D/dalvikvm( 6660): Trying to load lib libjavacore.so 0x0
D/dalvikvm( 6660): Added shared lib libjavacore.so 0x0
D/dalvikvm( 6660): Trying to load lib libnativehelper.so 0x0
D/dalvikvm( 6660): Added shared lib libnativehelper.so 0x0
D/dalvikvm( 6660): No JNI_OnLoad found in libnativehelper.so 0x0, skipping init
D/dalvikvm( 6660): Note: class Landroid/app/ActivityManagerNative; has 179 unimplemented (abstract) methods
D/AndroidRuntime( 6660): Calling main entry com.android.commands.settings.SettingsCmd
D/AndroidRuntime( 6660): Shutting down VM
D/dalvikvm( 6660): GC_CONCURRENT freed 96K, 15% free 562K/660K, paused 1ms+0ms, total 3ms
D/AndroidRuntime( 6691): 
D/AndroidRuntime( 6691): >>>>>> AndroidRuntime START com.android.internal.os.RuntimeInit <<<<<<
D/AndroidRuntime( 6691): CheckJNI is OFF
D/dalvikvm( 6691): Trying to load lib libjavacore.so 0x0
D/dalvikvm( 6691): Added shared lib libjavacore.so 0x0
D/dalvikvm( 6691): Trying to load lib libnativehelper.so 0x0
D/dalvikvm( 6691): Added shared lib libnativehelper.so 0x0
D/dalvikvm( 6691): No JNI_OnLoad found in libnativehelper.so 0x0, skipping init
D/dalvikvm( 6691): Note: class Landroid/app/ActivityManagerNative; has 179 unimplemented (abstract) methods
D/AndroidRuntime( 6691): Calling main entry com.android.commands.settings.SettingsCmd
D/AndroidRuntime( 6691): Shutting down VM
D/dalvikvm( 6691): GC_CONCURRENT freed 96K, 16% free 562K/664K, paused 1ms+0ms, total 3ms
D/AndroidRuntime( 6719): 
D/AndroidRuntime( 6719): >>>>>> AndroidRuntime START com.android.internal.os.RuntimeInit <<<<<<
D/AndroidRuntime( 6719): CheckJNI is OFF
D/dalvikvm( 6719): Trying to load lib libjavacore.so 0x0
D/dalvikvm( 6719): Added shared lib libjavacore.so 0x0
D/dalvikvm( 6719): Trying to load lib libnativehelper.so 0x0
D/dalvikvm( 6719): Added shared lib libnativehelper.so 0x0
D/dalvikvm( 6719): No JNI_OnLoad found in libnativehelper.so 0x0, skipping init
D/dalvikvm( 6719): Note: class Landroid/app/ActivityManagerNative; has 179 unimplemented (abstract) methods
D/AndroidRuntime( 6719): Calling main entry com.android.commands.settings.SettingsCmd
D/AndroidRuntime( 6719): Shutting down VM
D/dalvikvm( 6719): GC_CONCURRENT freed 96K, 15% free 562K/660K, paused 1ms+1ms, total 3ms
D/AndroidRuntime( 6746): 
D/AndroidRuntime( 6746): >>>>>> AndroidRuntime START com.android.internal.os.RuntimeInit <<<<<<
D/AndroidRuntime( 6746): CheckJNI is OFF
D/dalvikvm( 6746): Trying to load lib libjavacore.so 0x0
D/dalvikvm( 6746): Added shared lib libjavacore.so 0x0
D/dalvikvm( 6746): Trying to load lib libnativehelper.so 0x0
D/dalvikvm( 6746): Added shared lib libnativehelper.so 0x0
D/dalvikvm( 6746): No JNI_OnLoad found in libnativehelper.so 0x0, skipping init
D/dalvikvm( 6746): Note: class Landroid/app/ActivityManagerNative; has 179 unimplemented (abstract) methods
D/AndroidRuntime( 6746): Calling main entry com.android.commands.settings.SettingsCmd
D/AndroidRuntime( 6746): Shutting down VM
D/dalvikvm( 6746): GC_CONCURRENT freed 96K, 15% free 562K/660K, paused 0ms+0ms, total 2ms
D/AndroidRuntime( 6777): 
D/AndroidRuntime( 6777): >>>>>> AndroidRuntime START com.android.internal.os.RuntimeInit <<<<<<
D/AndroidRuntime( 6777): CheckJNI is OFF
D/dalvikvm( 6777): Trying to load lib libjavacore.so 0x0
D/dalvikvm( 6777): Added shared lib libjavacore.so 0x0
D/dalvikvm( 6777): Trying to load lib libnativehelper.so 0x0
D/dalvikvm( 6777): Added shared lib libnativehelper.so 0x0
D/dalvikvm( 6777): No JNI_OnLoad found in libnativehelper.so 0x0, skipping init
D/dalvikvm( 6777): Note: class Landroid/app/ActivityManagerNative; has 179 unimplemented (abstract) methods
D/AndroidRuntime( 6777): Calling main entry com.android.commands.settings.SettingsCmd
D/AndroidRuntime( 6777): Shutting down VM
D/dalvikvm( 6777): GC_CONCURRENT freed 96K, 15% free 562K/660K, paused 1ms+1ms, total 3ms
D/AndroidRuntime( 6810): 
D/AndroidRuntime( 6810): >>>>>> AndroidRuntime START com.android.internal.os.RuntimeInit <<<<<<
D/AndroidRuntime( 6810): CheckJNI is OFF
D/dalvikvm( 6810): Trying to load lib libjavacore.so 0x0
D/dalvikvm( 6810): Added shared lib libjavacore.so 0x0
D/dalvikvm( 6810): Trying to load lib libnativehelper.so 0x0
D/dalvikvm( 6810): Added shared lib libnativehelper.so 0x0
D/dalvikvm( 6810): No JNI_OnLoad found in libnativehelper.so 0x0, skipping init
D/dalvikvm( 6810): Note: class Landroid/app/ActivityManagerNative; has 179 unimplemented (abstract) methods
D/AndroidRuntime( 6810): Calling main entry com.android.commands.pm.Pm
D/AndroidRuntime( 6810): Shutting down VM
D/dalvikvm( 6810): GC_CONCURRENT freed 251K, 31% free 567K/820K, paused 1ms+1ms, total 3ms
D/dalvikvm(  563): GC_CONCURRENT freed 2635K, 18% free 19549K/23812K, paused 4ms+8ms, total 97ms
D/AndroidRuntime( 6892): 
D/AndroidRuntime( 6892): >>>>>> AndroidRuntime START com.android.internal.os.RuntimeInit <<<<<<
D/AndroidRuntime( 6892): CheckJNI is OFF
D/dalvikvm( 6892): Trying to load lib libjavacore.so 0x0
D/dalvikvm( 6892): Added shared lib libjavacore.so 0x0
D/dalvikvm( 6892): Trying to load lib libnativehelper.so 0x0
D/dalvikvm( 6892): Added shared lib libnativehelper.so 0x0
D/dalvikvm( 6892): No JNI_OnLoad found in libnativehelper.so 0x0, skipping init
D/dalvikvm( 6892): Note: class Landroid/app/ActivityManagerNative; has 179 unimplemented (abstract) methods
D/AndroidRuntime( 6892): Calling main entry com.android.commands.pm.Pm
D/AndroidRuntime( 6892): Shutting down VM
D/dalvikvm( 6892): GC_CONCURRENT freed 251K, 31% free 567K/820K, paused 0ms+0ms, total 2ms
D/AndroidRuntime( 6997): 
D/AndroidRuntime( 6997): >>>>>> AndroidRuntime START com.android.internal.os.RuntimeInit <<<<<<
D/AndroidRuntime( 6997): CheckJNI is OFF
D/dalvikvm( 6997): Trying to load lib libjavacore.so 0x0
D/dalvikvm( 6997): Added shared lib libjavacore.so 0x0
D/dalvikvm( 6997): Trying to load lib libnativehelper.so 0x0
D/dalvikvm( 6997): Added shared lib libnativehelper.so 0x0
D/dalvikvm( 6997): No JNI_OnLoad found in libnativehelper.so 0x0, skipping init
D/dalvikvm( 6997): Note: class Landroid/app/ActivityManagerNative; has 179 unimplemented (abstract) methods
D/AndroidRuntime( 6997): Calling main entry com.android.commands.input.Input
I/Input   ( 6997): injectKeyEvent: KeyEvent { action=ACTION_DOWN, keyCode=KEYCODE_BACK, scanCode=0, metaState=0, flags=0x0, repeatCount=0, eventTime=272921, downTime=272921, deviceId=-1, source=0x101 }
I/Input   ( 6997): injectKeyEvent: KeyEvent { action=ACTION_UP, keyCode=KEYCODE_BACK, scanCode=0, metaState=0, flags=0x0, repeatCount=0, eventTime=272921, downTime=272921, deviceId=-1, source=0x101 }
D/AndroidRuntime( 6997): Shutting down VM
D/dalvikvm( 6997): GC_CONCURRENT freed 98K, 16% free 563K/664K, paused 0ms+0ms, total 2ms
D/AndroidRuntime( 7055): 
D/AndroidRuntime( 7055): >>>>>> AndroidRuntime START com.android.internal.os.RuntimeInit <<<<<<
D/AndroidRuntime( 7055): CheckJNI is OFF
D/dalvikvm( 7055): Trying to load lib libjavacore.so 0x0
D/dalvikvm( 7055): Added shared lib libjavacore.so 0x0
D/dalvikvm( 7055): Trying to load lib libnativehelper.so 0x0
D/dalvikvm( 7055): Added shared lib libnativehelper.so 0x0
D/dalvikvm( 7055): No JNI_OnLoad found in libnativehelper.so 0x0, skipping init
D/dalvikvm( 7055): Note: class Landroid/app/ActivityManagerNative; has 179 unimplemented (abstract) methods
D/AndroidRuntime( 7055): Calling main entry com.android.commands.input.Input
I/Input   ( 7055): injectKeyEvent: KeyEvent { action=ACTION_DOWN, keyCode=KEYCODE_HOME, scanCode=0, metaState=0, flags=0x0, repeatCount=0, eventTime=274739, downTime=274739, deviceId=-1, source=0x101 }
I/Input   ( 7055): injectKeyEvent: KeyEvent { action=ACTION_UP, keyCode=KEYCODE_HOME, scanCode=0, metaState=0, flags=0x0, repeatCount=0, eventTime=274739, downTime=274739, deviceId=-1, source=0x101 }
I/ActivityManager(  563): START u0 {act=android.intent.action.MAIN cat=[android.intent.category.HOME] flg=0x10200000 cmp=com.android.launcher/com.android.launcher2.Launcher} from pid 563
D/AndroidRuntime( 7055): Shutting down VM
D/dalvikvm( 7055): GC_CONCURRENT freed 98K, 16% free 563K/664K, paused 1ms+1ms, total 3ms
D/dalvikvm( 1258): GC_CONCURRENT freed 433K, 5% free 9573K/10044K, paused 2ms+2ms, total 17ms
D/Finsky  ( 1258): [1] 5.onFinished: Installation state replication succeeded.
D/AndroidRuntime( 7100): 
D/AndroidRuntime( 7100): >>>>>> AndroidRuntime START com.android.internal.os.RuntimeInit <<<<<<
D/AndroidRuntime( 7100): CheckJNI is OFF
D/dalvikvm( 7100): Trying to load lib libjavacore.so 0x0
D/dalvikvm( 7100): Added shared lib libjavacore.so 0x0
D/dalvikvm( 7100): Trying to load lib libnativehelper.so 0x0
D/dalvikvm( 7100): Added shared lib libnativehelper.so 0x0
D/dalvikvm( 7100): No JNI_OnLoad found in libnativehelper.so 0x0, skipping init
D/dalvikvm( 7100): Note: class Landroid/app/ActivityManagerNative; has 179 unimplemented (abstract) methods
D/AndroidRuntime( 7100): Calling main entry com.android.commands.input.Input
I/Input   ( 7100): injectKeyEvent: KeyEvent { action=ACTION_DOWN, keyCode=KEYCODE_BACK, scanCode=0, metaState=0, flags=0x0, repeatCount=0, eventTime=276065, downTime=276065, deviceId=-1, source=0x101 }
I/Input   ( 7100): injectKeyEvent: KeyEvent { action=ACTION_UP, keyCode=KEYCODE_BACK, scanCode=0, metaState=0, flags=0x0, repeatCount=0, eventTime=276065, downTime=276065, deviceId=-1, source=0x101 }
D/AndroidRuntime( 7100): Shutting down VM
D/dalvikvm( 7100): GC_CONCURRENT freed 98K, 16% free 563K/664K, paused 1ms+0ms, total 3ms
D/AndroidRuntime( 7138): 
D/AndroidRuntime( 7138): >>>>>> AndroidRuntime START com.android.internal.os.RuntimeInit <<<<<<
D/AndroidRuntime( 7138): CheckJNI is OFF
D/dalvikvm( 7138): Trying to load lib libjavacore.so 0x0
D/dalvikvm( 7138): Added shared lib libjavacore.so 0x0
D/dalvikvm( 7138): Trying to load lib libnativehelper.so 0x0
D/dalvikvm( 7138): Added shared lib libnativehelper.so 0x0
D/dalvikvm( 7138): No JNI_OnLoad found in libnativehelper.so 0x0, skipping init
D/dalvikvm( 7138): Note: class Landroid/app/ActivityManagerNative; has 179 unimplemented (abstract) methods
D/AndroidRuntime( 7138): Calling main entry com.android.commands.am.Am
I/ActivityManager(  563): Force stopping com.careerbuilder.SugarDrone appid=18552 user=0: start instr
D/dalvikvm( 7164): Late-enabling CheckJNI
I/ActivityManager(  563): Start proc com.careerbuilder.SugarDrone for added application com.careerbuilder.SugarDrone: pid=7164 uid=18552 gids={58552, 3003, 1028, 1015}
I/dalvikvm( 7164): Could not find method android.app.Instrumentation.execStartActivity, referenced from method sh.calaba.exposed.InstrumentationExposed.execStartActivity
W/dalvikvm( 7164): VFY: unable to resolve virtual method 38: Landroid/app/Instrumentation;.execStartActivity (Landroid/content/Context;Landroid/os/IBinder;Landroid/os/IBinder;Landroid/app/Activity;Landroid/content/Intent;I)Landroid/app/Instrumentation$ActivityResult;
D/dalvikvm( 7164): VFY: replacing opcode 0x75 at 0x0000
I/dalvikvm( 7164): Could not find method android.app.Instrumentation.execStartActivity, referenced from method sh.calaba.exposed.InstrumentationExposed.execStartActivity
W/dalvikvm( 7164): VFY: unable to resolve virtual method 41: Landroid/app/Instrumentation;.execStartActivity (Landroid/content/Context;Landroid/os/IBinder;Landroid/os/IBinder;Landroid/app/Fragment;Landroid/content/Intent;I)Landroid/app/Instrumentation$ActivityResult;
D/dalvikvm( 7164): VFY: replacing opcode 0x75 at 0x0000
I/dalvikvm( 7164): Could not find method android.app.Instrumentation.execStartActivityAsCaller, referenced from method sh.calaba.exposed.InstrumentationExposed.execStartActivityAsCaller
W/dalvikvm( 7164): VFY: unable to resolve virtual method 43: Landroid/app/Instrumentation;.execStartActivityAsCaller (Landroid/content/Context;Landroid/os/IBinder;Landroid/os/IBinder;Landroid/app/Activity;Landroid/content/Intent;ILandroid/os/Bundle;I)Landroid/app/Instrumentation$ActivityResult;
D/dalvikvm( 7164): VFY: replacing opcode 0x75 at 0x0000
D/dalvikvm( 7164): Trying to load lib /data/app-lib/com.careerbuilder.SugarDrone-1/libmonodroid.so 0x41e68c70
D/dalvikvm( 7164): Added shared lib /data/app-lib/com.careerbuilder.SugarDrone-1/libmonodroid.so 0x41e68c70
W/monodroid( 7164): Using override path: /data/data/com.careerbuilder.SugarDrone/files/.__override__
W/monodroid( 7164): Trying to load sgen from: /data/data/com.careerbuilder.SugarDrone/files/.__override__/libmonosgen-2.0.so
W/monodroid( 7164): Trying to load sgen from: /storage/emulated/0/Android/data/com.careerbuilder.SugarDrone/files/.__override__/libmonosgen-2.0.so
W/monodroid( 7164): Trying to load sgen from: /data/app-lib/com.careerbuilder.SugarDrone-1/libmonosgen-2.0.so
D/Mono    ( 7164): Image addref mscorlib[0x75863140] -> mscorlib.dll[0x75862488]: 2
D/Mono    ( 7164): Prepared to set up assembly 'mscorlib' (mscorlib.dll)
D/Mono    ( 7164): AOT module 'mscorlib.dll.so' not found: dlopen failed: library "/data/app-lib/com.careerbuilder.SugarDrone-1/libaot-mscorlib.dll.so" not found
D/Mono    ( 7164): AOT module '/Users/builder/data/lanes/4009/3a62f1ea/source/monodroid/builds/install/mono-armv6/lib/mono/aot-cache/arm/mscorlib.dll.so' not found: dlopen failed: library "/data/app-lib/com.careerbuilder.SugarDrone-1/libaot-mscorlib.dll.so" not found
D/Mono    ( 7164): Config attempting to parse: 'mscorlib.dll.config'.
D/Mono    ( 7164): Config attempting to parse: '/Users/builder/data/lanes/4009/3a62f1ea/source/monodroid/builds/install/mono-armv6/etc/mono/assemblies/mscorlib/mscorlib.config'.
D/Mono    ( 7164): Assembly mscorlib[0x75863140] added to domain RootDomain, ref_count=1
D/Mono    ( 7164): Image addref CareerBuilder_Search.Droid[0x7a3ad1d0] -> CareerBuilder_Search.Droid.dll[0x7a317500]: 2
D/Mono    ( 7164): Prepared to set up assembly 'CareerBuilder_Search.Droid' (CareerBuilder_Search.Droid.dll)
D/Mono    ( 7164): Assembly CareerBuilder_Search.Droid[0x7a3ad1d0] added to domain RootDomain, ref_count=1
D/Mono    ( 7164): AOT module 'CareerBuilder_Search.Droid.dll.so' not found: dlopen failed: library "/data/app-lib/com.careerbuilder.SugarDrone-1/libaot-CareerBuilder_Search.Droid.dll.so" not found
D/Mono    ( 7164): AOT module '/Users/builder/data/lanes/4009/3a62f1ea/source/monodroid/builds/install/mono-armv6/lib/mono/aot-cache/arm/CareerBuilder_Search.Droid.dll.so' not found: dlopen failed: library "/data/app-lib/com.careerbuilder.SugarDrone-1/libaot-CareerBuilder_Search.Droid.dll.so" not found
D/Mono    ( 7164): Config attempting to parse: 'CareerBuilder_Search.Droid.dll.config'.
D/Mono    ( 7164): Config attempting to parse: '/Users/builder/data/lanes/4009/3a62f1ea/source/monodroid/builds/install/mono-armv6/etc/mono/assemblies/CareerBuilder_Search.Droid/CareerBuilder_Search.Droid.config'.
D/Mono    ( 7164): Image addref AppsFlyerXamarinBindingAndroid[0x7a3c5060] -> AppsFlyerXamarinBindingAndroid.dll[0x7a3ad3e8]: 2
D/Mono    ( 7164): Prepared to set up assembly 'AppsFlyerXamarinBindingAndroid' (AppsFlyerXamarinBindingAndroid.dll)
D/Mono    ( 7164): Assembly AppsFlyerXamarinBindingAndroid[0x7a3c5060] added to domain RootDomain, ref_count=1
D/Mono    ( 7164): AOT module 'AppsFlyerXamarinBindingAndroid.dll.so' not found: dlopen failed: library "/data/app-lib/com.careerbuilder.SugarDrone-1/libaot-AppsFlyerXamarinBindingAndroid.dll.so" not found
D/Mono    ( 7164): AOT module '/Users/builder/data/lanes/4009/3a62f1ea/source/monodroid/builds/install/mono-armv6/lib/mono/aot-cache/arm/AppsFlyerXamarinBindingAndroid.dll.so' not found: dlopen failed: library "/data/app-lib/com.careerbuilder.SugarDrone-1/libaot-AppsFlyerXamarinBindingAndroid.dll.so" not found
D/Mono    ( 7164): Config attempting to parse: 'AppsFlyerXamarinBindingAndroid.dll.config'.
D/Mono    ( 7164): Config attempting to parse: '/Users/builder/data/lanes/4009/3a62f1ea/source/monodroid/builds/install/mono-armv6/etc/mono/assemblies/AppsFlyerXamarinBindingAndroid/AppsFlyerXamarinBindingAndroid.config'.
D/Mono    ( 7164): Image addref HockeySDK[0x7a3c5d80] -> HockeySDK.dll[0x7a3c5160]: 2
D/Mono    ( 7164): Prepared to set up assembly 'HockeySDK' (HockeySDK.dll)
D/Mono    ( 7164): Assembly HockeySDK[0x7a3c5d80] added to domain RootDomain, ref_count=1
D/Mono    ( 7164): AOT module 'HockeySDK.dll.so' not found: dlopen failed: library "/data/app-lib/com.careerbuilder.SugarDrone-1/libaot-HockeySDK.dll.so" not found
D/Mono    ( 7164): AOT module '/Users/builder/data/lanes/4009/3a62f1ea/source/monodroid/builds/install/mono-armv6/lib/mono/aot-cache/arm/HockeySDK.dll.so' not found: dlopen failed: library "/data/app-lib/com.careerbuilder.SugarDrone-1/libaot-HockeySDK.dll.so" not found
D/Mono    ( 7164): Config attempting to parse: 'HockeySDK.dll.config'.
D/Mono    ( 7164): Config attempting to parse: '/Users/builder/data/lanes/4009/3a62f1ea/source/monodroid/builds/install/mono-armv6/etc/mono/assemblies/HockeySDK/HockeySDK.config'.
D/Mono    ( 7164): Image addref Akavache[0x7a3c6af8] -> Akavache.dll[0x7a3c5e68]: 2
D/Mono    ( 7164): Prepared to set up assembly 'Akavache' (Akavache.dll)
D/Mono    ( 7164): Assembly Akavache[0x7a3c6af8] added to domain RootDomain, ref_count=1
D/Mono    ( 7164): AOT module 'Akavache.dll.so' not found: dlopen failed: library "/data/app-lib/com.careerbuilder.SugarDrone-1/libaot-Akavache.dll.so" not found
D/Mono    ( 7164): AOT module '/Users/builder/data/lanes/4009/3a62f1ea/source/monodroid/builds/install/mono-armv6/lib/mono/aot-cache/arm/Akavache.dll.so' not found: dlopen failed: library "/data/app-lib/com.careerbuilder.SugarDrone-1/libaot-Akavache.dll.so" not found
D/Mono    ( 7164): Config attempting to parse: 'Akavache.dll.config'.
D/Mono    ( 7164): Config attempting to parse: '/Users/builder/data/lanes/4009/3a62f1ea/source/monodroid/builds/install/mono-armv6/etc/mono/assemblies/Akavache/Akavache.config'.
D/Mono    ( 7164): Image addref Akavache.Sqlite3[0x7a3c7868] -> Akavache.Sqlite3.dll[0x7a3c6c18]: 2
D/Mono    ( 7164): Prepared to set up assembly 'Akavache.Sqlite3' (Akavache.Sqlite3.dll)
D/Mono    ( 7164): Assembly Akavache.Sqlite3[0x7a3c7868] added to domain RootDomain, ref_count=1
D/Mono    ( 7164): AOT module 'Akavache.Sqlite3.dll.so' not found: dlopen failed: library "/data/app-lib/com.careerbuilder.SugarDrone-1/libaot-Akavache.Sqlite3.dll.so" not found
D/Mono    ( 7164): AOT module '/Users/builder/data/lanes/4009/3a62f1ea/source/monodroid/builds/install/mono-armv6/lib/mono/aot-cache/arm/Akavache.Sqlite3.dll.so' not found: dlopen failed: library "/data/app-lib/com.careerbuilder.SugarDrone-1/libaot-Akavache.Sqlite3.dll.so" not found
W/        ( 7164): Symbol file LoadedFromMemory doesn't match image Akavache.Sqlite3.dll
D/Mono    ( 7164): Config attempting to parse: 'Akavache.Sqlite3.dll.config'.
D/Mono    ( 7164): Config attempting to parse: '/Users/builder/data/lanes/4009/3a62f1ea/source/monodroid/builds/install/mono-armv6/etc/mono/assemblies/Akavache.Sqlite3/Akavache.Sqlite3.config'.
D/Mono    ( 7164): Image addref Splat[0x7a3c8598] -> Splat.dll[0x7a3c7958]: 2
D/Mono    ( 7164): Prepared to set up assembly 'Splat' (Splat.dll)
D/Mono    ( 7164): Assembly Splat[0x7a3c8598] added to domain RootDomain, ref_count=1
D/Mono    ( 7164): AOT module 'Splat.dll.so' not found: dlopen failed: library "/data/app-lib/com.careerbuilder.SugarDrone-1/libaot-Splat.dll.so" not found
D/Mono    ( 7164): AOT module '/Users/builder/data/lanes/4009/3a62f1ea/source/monodroid/builds/install/mono-armv6/lib/mono/aot-cache/arm/Splat.dll.so' not found: dlopen failed: library "/data/app-lib/com.careerbuilder.SugarDrone-1/libaot-Splat.dll.so" not found
D/Mono    ( 7164): Config attempting to parse: 'Splat.dll.config'.
D/Mono    ( 7164): Config attempting to parse: '/Users/builder/data/lanes/4009/3a62f1ea/source/monodroid/builds/install/mono-armv6/etc/mono/assemblies/Splat/Splat.config'.
D/Mono    ( 7164): Image addref Microsoft.Practices.ServiceLocation[0x7a3cc3b0] -> Microsoft.Practices.ServiceLocation.dll[0x7a3cb770]: 2
D/Mono    ( 7164): Prepared to set up assembly 'Microsoft.Practices.ServiceLocation' (Microsoft.Practices.ServiceLocation.dll)
D/Mono    ( 7164): Assembly Microsoft.Practices.ServiceLocation[0x7a3cc3b0] added to domain RootDomain, ref_count=1
D/Mono    ( 7164): AOT module 'Microsoft.Practices.ServiceLocation.dll.so' not found: dlopen failed: library "/data/app-lib/com.careerbuilder.SugarDrone-1/libaot-Microsoft.Practices.ServiceLocation.dll.so" not found
D/Mono    ( 7164): AOT module '/Users/builder/data/lanes/4009/3a62f1ea/source/monodroid/builds/install/mono-armv6/lib/mono/aot-cache/arm/Microsoft.Practices.ServiceLocation.dll.so' not found: dlopen failed: library "/data/app-lib/com.careerbuilder.SugarDrone-1/libaot-Microsoft.Practices.ServiceLocation.dll.so" not found
D/Mono    ( 7164): Config attempting to parse: 'Microsoft.Practices.ServiceLocation.dll.config'.
D/Mono    ( 7164): Config attempting to parse: '/Users/builder/data/lanes/4009/3a62f1ea/source/monodroid/builds/install/mono-armv6/etc/mono/assemblies/Microsoft.Practices.ServiceLocation/Microsoft.Practices.ServiceLocation.config'.
D/Mono    ( 7164): Image addref Microsoft.Practices.Unity[0x7a3cd998] -> Microsoft.Practices.Unity.dll[0x7a3ccd28]: 2
D/Mono    ( 7164): Prepared to set up assembly 'Microsoft.Practices.Unity' (Microsoft.Practices.Unity.dll)
D/Mono    ( 7164): Assembly Microsoft.Practices.Unity[0x7a3cd998] added to domain RootDomain, ref_count=1
D/Mono    ( 7164): AOT module 'Microsoft.Practices.Unity.dll.so' not found: dlopen failed: library "/data/app-lib/com.careerbuilder.SugarDrone-1/libaot-Microsoft.Practices.Unity.dll.so" not found
D/Mono    ( 7164): AOT module '/Users/builder/data/lanes/4009/3a62f1ea/source/monodroid/builds/install/mono-armv6/lib/mono/aot-cache/arm/Microsoft.Practices.Unity.dll.so' not found: dlopen failed: library "/data/app-lib/com.careerbuilder.SugarDrone-1/libaot-Microsoft.Practices.Unity.dll.so" not found
D/Mono    ( 7164): Config attempting to parse: 'Microsoft.Practices.Unity.dll.config'.
D/Mono    ( 7164): Config attempting to parse: '/Users/builder/data/lanes/4009/3a62f1ea/source/monodroid/builds/install/mono-armv6/etc/mono/assemblies/Microsoft.Practices.Unity/Microsoft.Practices.Unity.config'.
D/Mono    ( 7164): Image addref Plugin.CurrentActivity[0x7a3ce6e8] -> Plugin.CurrentActivity.dll[0x7a3cdab8]: 2
D/Mono    ( 7164): Prepared to set up assembly 'Plugin.CurrentActivity' (Plugin.CurrentActivity.dll)
D/Mono    ( 7164): Assembly Plugin.CurrentActivity[0x7a3ce6e8] added to domain RootDomain, ref_count=1
D/Mono    ( 7164): AOT module 'Plugin.CurrentActivity.dll.so' not found: dlopen failed: library "/data/app-lib/com.careerbuilder.SugarDrone-1/libaot-Plugin.CurrentActivity.dll.so" not found
D/Mono    ( 7164): AOT module '/Users/builder/data/lanes/4009/3a62f1ea/source/monodroid/builds/install/mono-armv6/lib/mono/aot-cache/arm/Plugin.CurrentActivity.dll.so' not found: dlopen failed: library "/data/app-lib/com.careerbuilder.SugarDrone-1/libaot-Plugin.CurrentActivity.dll.so" not found
D/Mono    ( 7164): Config attempting to parse: 'Plugin.CurrentActivity.dll.config'.
D/Mono    ( 7164): Config attempting to parse: '/Users/builder/data/lanes/4009/3a62f1ea/source/monodroid/builds/install/mono-armv6/etc/mono/assemblies/Plugin.CurrentActivity/Plugin.CurrentActivity.config'.
D/Mono    ( 7164): Image addref Plugin.Permissions[0x7a3cf438] -> Plugin.Permissions.dll[0x7a3ce818]: 2
D/Mono    ( 7164): Prepared to set up assembly 'Plugin.Permissions' (Plugin.Permissions.dll)
D/Mono    ( 7164): Assembly Plugin.Permissions[0x7a3cf438] added to domain RootDomain, ref_count=1
D/Mono    ( 7164): AOT module 'Plugin.Permissions.dll.so' not found: dlopen failed: library "/data/app-lib/com.careerbuilder.SugarDrone-1/libaot-Plugin.Permissions.dll.so" not found
D/Mono    ( 7164): AOT module '/Users/builder/data/lanes/4009/3a62f1ea/source/monodroid/builds/install/mono-armv6/lib/mono/aot-cache/arm/Plugin.Permissions.dll.so' not found: dlopen failed: library "/data/app-lib/com.careerbuilder.SugarDrone-1/libaot-Plugin.Permissions.dll.so" not found
D/Mono    ( 7164): Config attempting to parse: 'Plugin.Permissions.dll.config'.
D/Mono    ( 7164): Config attempting to parse: '/Users/builder/data/lanes/4009/3a62f1ea/source/monodroid/builds/install/mono-armv6/etc/mono/assemblies/Plugin.Permissions/Plugin.Permissions.config'.
D/Mono    ( 7164): Image addref Plugin.Permissions.Abstractions[0x7a3d0b58] -> Plugin.Permissions.Abstractions.dll[0x7a3cfef8]: 2
D/Mono    ( 7164): Prepared to set up assembly 'Plugin.Permissions.Abstractions' (Plugin.Permissions.Abstractions.dll)
D/Mono    ( 7164): Assembly Plugin.Permissions.Abstractions[0x7a3d0b58] added to domain RootDomain, ref_count=1
D/Mono    ( 7164): AOT module 'Plugin.Permissions.Abstractions.dll.so' not found: dlopen failed: library "/data/app-lib/com.careerbuilder.SugarDrone-1/libaot-Plugin.Permissions.Abstractions.dll.so" not found
D/Mono    ( 7164): AOT module '/Users/builder/data/lanes/4009/3a62f1ea/source/monodroid/builds/install/mono-armv6/lib/mono/aot-cache/arm/Plugin.Permissions.Abstractions.dll.so' not found: dlopen failed: library "/data/app-lib/com.careerbuilder.SugarDrone-1/libaot-Plugin.Permissions.Abstractions.dll.so" not found
D/Mono    ( 7164): Config attempting to parse: 'Plugin.Permissions.Abstractions.dll.config'.
D/Mono    ( 7164): Config attempting to parse: '/Users/builder/data/lanes/4009/3a62f1ea/source/monodroid/builds/install/mono-armv6/etc/mono/assemblies/Plugin.Permissions.Abstractions/Plugin.Permissions.Abstractions.config'.
D/Mono    ( 7164): Image addref Plugin.Geolocator[0x7a3d1a08] -> Plugin.Geolocator.dll[0x7a3d0db8]: 2
D/Mono    ( 7164): Prepared to set up assembly 'Plugin.Geolocator' (Plugin.Geolocator.dll)
D/Mono    ( 7164): Assembly Plugin.Geolocator[0x7a3d1a08] added to domain RootDomain, ref_count=1
D/Mono    ( 7164): AOT module 'Plugin.Geolocator.dll.so' not found: dlopen failed: library "/data/app-lib/com.careerbuilder.SugarDrone-1/libaot-Plugin.Geolocator.dll.so" not found
D/Mono    ( 7164): AOT module '/Users/builder/data/lanes/4009/3a62f1ea/source/monodroid/builds/install/mono-armv6/lib/mono/aot-cache/arm/Plugin.Geolocator.dll.so' not found: dlopen failed: library "/data/app-lib/com.careerbuilder.SugarDrone-1/libaot-Plugin.Geolocator.dll.so" not found
D/Mono    ( 7164): Config attempting to parse: 'Plugin.Geolocator.dll.config'.
D/Mono    ( 7164): Config attempting to parse: '/Users/builder/data/lanes/4009/3a62f1ea/source/monodroid/builds/install/mono-armv6/etc/mono/assemblies/Plugin.Geolocator/Plugin.Geolocator.config'.
D/Mono    ( 7164): Image addref Plugin.Geolocator.Abstractions[0x7a3d39a0] -> Plugin.Geolocator.Abstractions.dll[0x7a3d2d88]: 2
D/Mono    ( 7164): Prepared to set up assembly 'Plugin.Geolocator.Abstractions' (Plugin.Geolocator.Abstractions.dll)
D/Mono    ( 7164): Assembly Plugin.Geolocator.Abstractions[0x7a3d39a0] added to domain RootDomain, ref_count=1
D/Mono    ( 7164): AOT module 'Plugin.Geolocator.Abstractions.dll.so' not found: dlopen failed: library "/data/app-lib/com.careerbuilder.SugarDrone-1/libaot-Plugin.Geolocator.Abstractions.dll.so" not found
D/Mono    ( 7164): AOT module '/Users/builder/data/lanes/4009/3a62f1ea/source/monodroid/builds/install/mono-armv6/lib/mono/aot-cache/arm/Plugin.Geolocator.Abstractions.dll.so' not found: dlopen failed: library "/data/app-lib/com.careerbuilder.SugarDrone-1/libaot-Plugin.Geolocator.Abstractions.dll.so" not found
D/Mono    ( 7164): Config attempting to parse: 'Plugin.Geolocator.Abstractions.dll.config'.
D/Mono    ( 7164): Config attempting to parse: '/Users/builder/data/lanes/4009/3a62f1ea/source/monodroid/builds/install/mono-armv6/etc/mono/assemblies/Plugin.Geolocator.Abstractions/Plugin.Geolocator.Abstractions.config'.
D/Mono    ( 7164): Image addref Plugin.DeviceInfo[0x7a3d4d18] -> Plugin.DeviceInfo.dll[0x7a3d40b8]: 2
D/Mono    ( 7164): Prepared to set up assembly 'Plugin.DeviceInfo' (Plugin.DeviceInfo.dll)
D/Mono    ( 7164): Assembly Plugin.DeviceInfo[0x7a3d4d18] added to domain RootDomain, ref_count=1
D/Mono    ( 7164): AOT module 'Plugin.DeviceInfo.dll.so' not found: dlopen failed: library "/data/app-lib/com.careerbuilder.SugarDrone-1/libaot-Plugin.DeviceInfo.dll.so" not found
D/Mono    ( 7164): AOT module '/Users/builder/data/lanes/4009/3a62f1ea/source/monodroid/builds/install/mono-armv6/lib/mono/aot-cache/arm/Plugin.DeviceInfo.dll.so' not found: dlopen failed: library "/data/app-lib/com.careerbuilder.SugarDrone-1/libaot-Plugin.DeviceInfo.dll.so" not found
D/Mono    ( 7164): Config attempting to parse: 'Plugin.DeviceInfo.dll.config'.
D/Mono    ( 7164): Config attempting to parse: '/Users/builder/data/lanes/4009/3a62f1ea/source/monodroid/builds/install/mono-armv6/etc/mono/assemblies/Plugin.DeviceInfo/Plugin.DeviceInfo.config'.
D/Mono    ( 7164): Image addref Plugin.DeviceInfo.Abstractions[0x7a3d5f08] -> Plugin.DeviceInfo.Abstractions.dll[0x7a3d5298]: 2
D/Mono    ( 7164): Prepared to set up assembly 'Plugin.DeviceInfo.Abstractions' (Plugin.DeviceInfo.Abstractions.dll)
D/Mono    ( 7164): Assembly Plugin.DeviceInfo.Abstractions[0x7a3d5f08] added to domain RootDomain, ref_count=1
D/Mono    ( 7164): AOT module 'Plugin.DeviceInfo.Abstractions.dll.so' not found: dlopen failed: library "/data/app-lib/com.careerbuilder.SugarDrone-1/libaot-Plugin.DeviceInfo.Abstractions.dll.so" not found
D/Mono    ( 7164): AOT module '/Users/builder/data/lanes/4009/3a62f1ea/source/monodroid/builds/install/mono-armv6/lib/mono/aot-cache/arm/Plugin.DeviceInfo.Abstractions.dll.so' not found: dlopen failed: library "/data/app-lib/com.careerbuilder.SugarDrone-1/libaot-Plugin.DeviceInfo.Abstractions.dll.so" not found
D/Mono    ( 7164): Config attempting to parse: 'Plugin.DeviceInfo.Abstractions.dll.config'.
D/Mono    ( 7164): Config attempting to parse: '/Users/builder/data/lanes/4009/3a62f1ea/source/monodroid/builds/install/mono-armv6/etc/mono/assemblies/Plugin.DeviceInfo.Abstractions/Plugin.DeviceInfo.Abstractions.config'.
D/Mono    ( 7164): Image addref Xamarin.GooglePlayServices.Analytics[0x7a3d6df0] -> Xamarin.GooglePlayServices.Analytics.dll[0x7a3d61e0]: 2
D/Mono    ( 7164): Prepared to set up assembly 'Xamarin.GooglePlayServices.Analytics' (Xamarin.GooglePlayServices.Analytics.dll)
D/Mono    ( 7164): Assembly Xamarin.GooglePlayServices.Analytics[0x7a3d6df0] added to domain RootDomain, ref_count=1
D/Mono    ( 7164): AOT module 'Xamarin.GooglePlayServices.Analytics.dll.so' not found: dlopen failed: library "/data/app-lib/com.careerbuilder.SugarDrone-1/libaot-Xamarin.GooglePlayServices.Analytics.dll.so" not found
D/Mono    ( 7164): AOT module '/Users/builder/data/lanes/4009/3a62f1ea/source/monodroid/builds/install/mono-armv6/lib/mono/aot-cache/arm/Xamarin.GooglePlayServices.Analytics.dll.so' not found: dlopen failed: library "/data/app-lib/com.careerbuilder.SugarDrone-1/libaot-Xamarin.GooglePlayServices.Analytics.dll.so" not found
D/Mono    ( 7164): Config attempting to parse: 'Xamarin.GooglePlayServices.Analytics.dll.config'.
D/Mono    ( 7164): Config attempting to parse: '/Users/builder/data/lanes/4009/3a62f1ea/source/monodroid/builds/install/mono-armv6/etc/mono/assemblies/Xamarin.GooglePlayServices.Analytics/Xamarin.GooglePlayServices.Analytics.config'.
D/Mono    ( 7164): Image addref Xamarin.GooglePlayServices.Base[0x7a3d7b48] -> Xamarin.GooglePlayServices.Base.dll[0x7a3d6f90]: 2
D/Mono    ( 7164): Prepared to set up assembly 'Xamarin.GooglePlayServices.Base' (Xamarin.GooglePlayServices.Base.dll)
D/Mono    ( 7164): Assembly Xamarin.GooglePlayServices.Base[0x7a3d7b48] added to domain RootDomain, ref_count=1
D/Mono    ( 7164): AOT module 'Xamarin.GooglePlayServices.Base.dll.so' not found: dlopen failed: library "/data/app-lib/com.careerbuilder.SugarDrone-1/libaot-Xamarin.GooglePlayServices.Base.dll.so" not found
