W/ResourceType( 7344): No known package when getting name for resource number 0xffffffff
W/ResourceType( 7344): No known package when getting name for resource number 0xffffffff
W/ResourceType( 7344): No known package when getting name for resource number 0xffffffff
D/dalvikvm( 7344): GC_CONCURRENT freed 475K, 6% free 10594K/11212K, paused 1ms+2ms, total 19ms
D/dalvikvm( 7344): GC_CONCURRENT freed 468K, 6% free 10587K/11212K, paused 3ms+12ms, total 43ms
D/dalvikvm( 7344): GC_CONCURRENT freed 409K, 6% free 10628K/11212K, paused 4ms+2ms, total 32ms
I/System.out( 7344): URI: /map
I/System.out( 7344): params: {json={"query":"* id:'agreeAndContinueButton'","operation":{"method_name":"query","arguments":[]}}
I/System.out( 7344): }
W/ResourceType( 7344): No known package when getting name for resource number 0xffffffff
W/ResourceType( 7344): No known package when getting name for resource number 0xffffffff
W/ResourceType( 7344): No known package when getting name for resource number 0xffffffff
W/ResourceType( 7344): No known package when getting name for resource number 0xffffffff
W/ResourceType( 7344): No known package when getting name for resource number 0xffffffff
W/ResourceType( 7344): No known package when getting name for resource number 0xffffffff
W/ResourceType( 7344): No known package when getting name for resource number 0xffffffff
D/dalvikvm( 7344): GC_CONCURRENT freed 580K, 6% free 10598K/11212K, paused 1ms+1ms, total 31ms
D/dalvikvm( 7344): WAIT_FOR_CONCURRENT_GC blocked 9ms
D/dalvikvm( 7344): WAIT_FOR_CONCURRENT_GC blocked 15ms
D/Mono    ( 7344): DllImport searching in: '__Internal' ('(null)').
D/Mono    ( 7344): Searching for 'java_interop_jnienv_call_nonvirtual_int_method_a'.
D/Mono    ( 7344): Probing 'java_interop_jnienv_call_nonvirtual_int_method_a'.
D/Mono    ( 7344): Found as 'java_interop_jnienv_call_nonvirtual_int_method_a'.
D/Mono    ( 7344): Assembly Ref addref System.Net.Http[0x7bdb2ee8] -> System.Core[0x7bb08a60]: 13
D/Mono    ( 7344): DllImport searching in: '__Internal' ('(null)').
D/Mono    ( 7344): Searching for 'java_interop_jnienv_get_float_field'.
D/Mono    ( 7344): Probing 'java_interop_jnienv_get_float_field'.
D/Mono    ( 7344): Found as 'java_interop_jnienv_get_float_field'.
D/Mono    ( 7344): DllImport searching in: '__Internal' ('(null)').
D/Mono    ( 7344): Searching for 'java_interop_jnienv_new_object_array'.
D/Mono    ( 7344): Probing 'java_interop_jnienv_new_object_array'.
D/Mono    ( 7344): Found as 'java_interop_jnienv_new_object_array'.
D/Mono    ( 7344): DllImport searching in: '__Internal' ('(null)').
D/Mono    ( 7344): Searching for 'java_interop_jnienv_set_object_array_element'.
D/Mono    ( 7344): Probing 'java_interop_jnienv_set_object_array_element'.
D/Mono    ( 7344): Found as 'java_interop_jnienv_set_object_array_element'.
D/Mono    ( 7344): Assembly Ref addref Mono.Android[0x7b1b0eb0] -> System[0x7b96ab40]: 12
D/dalvikvm( 7344): GC_CONCURRENT freed 486K, 6% free 10600K/11212K, paused 1ms+2ms, total 31ms
I/System.out( 7344): URI: /map
I/System.out( 7344): params: {json={"query":"* id:'agreeAndContinueButton'","operation":{"method_name":"query","arguments":[]}}
I/System.out( 7344): }
D/dalvikvm( 7344): GC_CONCURRENT freed 541K, 6% free 10600K/11212K, paused 3ms+2ms, total 21ms
D/dalvikvm( 7344): WAIT_FOR_CONCURRENT_GC blocked 10ms
W/ResourceType( 7344): No known package when getting name for resource number 0xffffffff
W/ResourceType( 7344): No known package when getting name for resource number 0xffffffff
W/ResourceType( 7344): No known package when getting name for resource number 0xffffffff
W/ResourceType( 7344): No known package when getting name for resource number 0xffffffff
W/ResourceType( 7344): No known package when getting name for resource number 0xffffffff
W/ResourceType( 7344): No known package when getting name for resource number 0xffffffff
W/ResourceType( 7344): No known package when getting name for resource number 0xffffffff
D/dalvikvm( 7344): GC_CONCURRENT freed 508K, 6% free 10632K/11212K, paused 10ms+2ms, total 61ms
D/dalvikvm( 7344): WAIT_FOR_CONCURRENT_GC blocked 29ms
D/dalvikvm( 7344): WAIT_FOR_CONCURRENT_GC blocked 41ms
D/dalvikvm( 7344): GC_CONCURRENT freed 498K, 5% free 10717K/11212K, paused 3ms+8ms, total 42ms
I/System.out( 7344): URI: /map
I/System.out( 7344): params: {json={"query":"* id:'agreeAndContinueButton'","operation":{"method_name":"query","arguments":[]}}
I/System.out( 7344): }
W/ResourceType( 7344): No known package when getting name for resource number 0xffffffff
W/ResourceType( 7344): No known package when getting name for resource number 0xffffffff
W/ResourceType( 7344): No known package when getting name for resource number 0xffffffff
W/ResourceType( 7344): No known package when getting name for resource number 0xffffffff
W/ResourceType( 7344): No known package when getting name for resource number 0xffffffff
W/ResourceType( 7344): No known package when getting name for resource number 0xffffffff
W/ResourceType( 7344): No known package when getting name for resource number 0xffffffff
D/dalvikvm( 7344): GC_CONCURRENT freed 699K, 7% free 10597K/11328K, paused 2ms+1ms, total 35ms
D/dalvikvm( 7344): WAIT_FOR_CONCURRENT_GC blocked 7ms
D/dalvikvm( 7344): GC_CONCURRENT freed 507K, 7% free 10598K/11328K, paused 1ms+2ms, total 34ms
D/dalvikvm( 7344): GC_CONCURRENT freed 486K, 7% free 10610K/11328K, paused 2ms+2ms, total 18ms
I/System.out( 7344): URI: /map
I/System.out( 7344): params: {json={"query":"* id:'agreeAndContinueButton'","operation":{"method_name":"query","arguments":[]}}
I/System.out( 7344): }
W/ResourceType( 7344): No known package when getting name for resource number 0xffffffff
W/ResourceType( 7344): No known package when getting name for resource number 0xffffffff
W/ResourceType( 7344): No known package when getting name for resource number 0xffffffff
W/ResourceType( 7344): No known package when getting name for resource number 0xffffffff
W/ResourceType( 7344): No known package when getting name for resource number 0xffffffff
W/ResourceType( 7344): No known package when getting name for resource number 0xffffffff
W/ResourceType( 7344): No known package when getting name for resource number 0xffffffff
D/dalvikvm( 7344): GC_CONCURRENT freed 532K, 7% free 10600K/11328K, paused 2ms+2ms, total 28ms
D/dalvikvm( 7344): GC_CONCURRENT freed 541K, 7% free 10598K/11328K, paused 2ms+2ms, total 20ms
D/dalvikvm( 7344): WAIT_FOR_CONCURRENT_GC blocked 7ms
D/Mono    ( 7344): Unloading image System.dll [0x7daac5e0].
D/Mono    ( 7344): Image addref System[0x7daa1c98] -> System.dll[0x7b96ac40]: 5
D/Mono    ( 7344): Config attempting to parse: 'System.dll.config'.
D/Mono    ( 7344): Config attempting to parse: '/Users/builder/data/lanes/4009/3a62f1ea/source/monodroid/builds/install/mono-armv6/etc/mono/assemblies/System/System.config'.
D/Mono    ( 7344): Unloading image System.dll [0x7daac5e0].
D/Mono    ( 7344): Image addref System[0x7daac4b0] -> System.dll[0x7b96ac40]: 6
D/Mono    ( 7344): Config attempting to parse: 'System.dll.config'.
D/Mono    ( 7344): Config attempting to parse: '/Users/builder/data/lanes/4009/3a62f1ea/source/monodroid/builds/install/mono-armv6/etc/mono/assemblies/System/System.config'.
D/Mono    ( 7344): Unloading image System.dll [0x7daac5e0].
D/Mono    ( 7344): Image addref System[0x7daac4b0] -> System.dll[0x7b96ac40]: 7
D/Mono    ( 7344): Config attempting to parse: 'System.dll.config'.
D/Mono    ( 7344): Config attempting to parse: '/Users/builder/data/lanes/4009/3a62f1ea/source/monodroid/builds/install/mono-armv6/etc/mono/assemblies/System/System.config'.
D/Mono    ( 7344): Unloading image System.dll [0x7dab1818].
D/Mono    ( 7344): Image addref System[0x7dab2960] -> System.dll[0x7b96ac40]: 8
D/Mono    ( 7344): Config attempting to parse: 'System.dll.config'.
D/Mono    ( 7344): Config attempting to parse: '/Users/builder/data/lanes/4009/3a62f1ea/source/monodroid/builds/install/mono-armv6/etc/mono/assemblies/System/System.config'.
D/dalvikvm( 7344): GC_FOR_ALLOC freed 429K, 7% free 10575K/11328K, paused 17ms, total 17ms
D/Mono    ( 7344): DllImport searching in: '__Internal' ('(null)').
D/Mono    ( 7344): Searching for 'java_interop_jnienv_is_assignable_from'.
D/Mono    ( 7344): Probing 'java_interop_jnienv_is_assignable_from'.
D/Mono    ( 7344): Found as 'java_interop_jnienv_is_assignable_from'.
D/Mono    ( 7344): DllImport searching in: '__Internal' ('(null)').
D/Mono    ( 7344): Searching for 'java_interop_jnienv_get_byte_array_region'.
D/Mono    ( 7344): Probing 'java_interop_jnienv_get_byte_array_region'.
D/Mono    ( 7344): Found as 'java_interop_jnienv_get_byte_array_region'.
D/Mono    ( 7344): DllImport searching in: '__Internal' ('(null)').
D/Mono    ( 7344): Searching for 'java_interop_jnienv_set_byte_array_region'.
D/Mono    ( 7344): Probing 'java_interop_jnienv_set_byte_array_region'.
D/Mono    ( 7344): Found as 'java_interop_jnienv_set_byte_array_region'.
D/Mono    ( 7344): [0x7e7d56d0] hill climbing, change max number of threads 5
W/Mono    ( 7344): The request to load the assembly System.Core v4.0.0.0 was remapped to v2.0.5.0
D/Mono    ( 7344): Unloading image System.Core.dll [0x7daee2e0].
D/Mono    ( 7344): Image addref System.Core[0x7dafa2a8] -> System.Core.dll[0x7bb215f8]: 5
D/Mono    ( 7344): Config attempting to parse: 'System.Core.dll.config'.
D/Mono    ( 7344): Config attempting to parse: '/Users/builder/data/lanes/4009/3a62f1ea/source/monodroid/builds/install/mono-armv6/etc/mono/assemblies/System.Core/System.Core.config'.
W/Mono    ( 7344): The request to load the assembly System.Core v4.0.0.0 was remapped to v2.0.5.0
D/Mono    ( 7344): Unloading image System.Core.dll [0x7db6e880].
D/Mono    ( 7344): Image addref System.Core[0x7daeea70] -> System.Core.dll[0x7bb215f8]: 6
D/Mono    ( 7344): Config attempting to parse: 'System.Core.dll.config'.
D/Mono    ( 7344): Config attempting to parse: '/Users/builder/data/lanes/4009/3a62f1ea/source/monodroid/builds/install/mono-armv6/etc/mono/assemblies/System.Core/System.Core.config'.
I/System.out( 7344): URI: /
I/System.out( 7344): params: {json={"command":"touch_coordinate","arguments":[600.0,1756.0]}
I/System.out( 7344): }
I/System.out( 7344): header: {content-length=57, host=devicehost132.prod, x-session-token=token-token-621e6cad-4221-43ca-bdb1-eee3c02eb29a, x-forwarded-for=10.222.150.21, content-type=application/json; charset=utf-8, connection=close}
I/System.out( 7344): params: {json={"command":"touch_coordinate","arguments":[600.0,1756.0]}
I/System.out( 7344): }
I/System.out( 7344): ProP json = {"command":"touch_coordinate","arguments":[600.0,1756.0]}
I/System.out( 7344): files: {}
I/System.out( 7344): command: {"command":"touch_coordinate","arguments":[600.0,1756.0]}
I/InstrumentationBackend( 7344): Got command:'Command:'Line:null,touch_coordinate', arguments:'[600.0, 1756.0]'
D/dalvikvm( 7344): GC_CONCURRENT freed 359K, 6% free 10735K/11328K, paused 3ms+2ms, total 20ms
I/AudioMixer(  181): found effect "Downmixer" from Fraunhofer IIS
D/audio_hw_primary(  181): select_devices: out_snd_device(2: speaker) in_snd_device(0: )
D/ACDB-LOADER(  181): ACDB -> send_afe_cal
I/calabash( 7344): execStartActivity 4
I/ActivityManager(  568): START u0 {cmp=com.careerbuilder.SugarDrone/md537fd6201b6818e2e180d2f7606e21a83.ValuePropActivity} from pid 7344
I/calabash( 7344): newActivity1
D/Mono    ( 7344): Assembly Ref addref CareerBuilder_Search.Droid[0x7a3eac38] -> System.Core[0x7bb08a60]: 14
I/System.out( 7344): result:{"bonusInformation":[],"message":"","success":true}
D/Mono    ( 7344): DllImport searching in: '__Internal' ('(null)').
D/Mono    ( 7344): Searching for 'java_interop_jnienv_call_nonvirtual_object_method'.
D/Mono    ( 7344): Probing 'java_interop_jnienv_call_nonvirtual_object_method'.
D/Mono    ( 7344): Found as 'java_interop_jnienv_call_nonvirtual_object_method'.
D/dalvikvm( 7344): GC_CONCURRENT freed 426K, 5% free 10814K/11328K, paused 2ms+2ms, total 21ms
D/Mono    ( 7344): DllImport searching in: '__Internal' ('(null)').
D/Mono    ( 7344): Searching for 'java_interop_jnienv_new_byte_array'.
D/Mono    ( 7344): Probing 'java_interop_jnienv_new_byte_array'.
D/Mono    ( 7344): Found as 'java_interop_jnienv_new_byte_array'.
D/Mono    ( 7344): Assembly Ref addref CareerBuilder_Search.Droid[0x7a3eac38] -> Newtonsoft.Json[0x7b1a6a50]: 4
I/System.out( 7344): URI: /backdoor
I/System.out( 7344): params: {json={"method_name":"APISetup","arguments":[200]}
I/System.out( 7344): }
D/Mono    ( 7344): [0x7dd3daa8] worker starting
D/dalvikvm( 7344): GC_FOR_ALLOC freed 356K, 5% free 10792K/11328K, paused 16ms, total 17ms
I/dalvikvm-heap( 7344): Grow heap (frag case) to 12.357MB for 1875760-byte allocation
D/dalvikvm( 7344): GC_FOR_ALLOC freed 2K, 5% free 12621K/13160K, paused 17ms, total 17ms
W/ProcessCpuTracker(  568): Skipping unknown process pid 7735
D/dalvikvm( 7344): GC_CONCURRENT freed 2K, 5% free 12619K/13160K, paused 3ms+2ms, total 17ms
D/dalvikvm( 7344): GC_FOR_ALLOC freed 2K, 5% free 12627K/13160K, paused 17ms, total 17ms
I/dalvikvm-heap( 7344): Grow heap (frag case) to 13.467MB for 1161616-byte allocation
D/dalvikvm( 7344): GC_FOR_ALLOC freed <1K, 4% free 13761K/14296K, paused 20ms, total 20ms
D/dalvikvm( 7344): GC_CONCURRENT freed <1K, 4% free 13761K/14296K, paused 3ms+2ms, total 21ms
W/FragmentManager( 7344): moveToState: Fragment state for ValuePropFragment{424d31b0 #1 id=0x7f0a0148 android:switcher:2131362120:1} not updated inline; expected state 3 found 2
I/ActivityManager(  568): Displayed com.careerbuilder.SugarDrone/md537fd6201b6818e2e180d2f7606e21a83.ValuePropActivity: +1s51ms
I/System.out( 7344): URI: /backdoor
I/System.out( 7344): params: {json={"method_name":"MyCBBackdoor","arguments":[]}
I/System.out( 7344): }
D/Mono    ( 7344): Assembly Ref addref CareerBuilder_Search.Droid[0x7a3eac38] -> Xamarin.Android.Support.Design[0x7b1a4fb8]: 2
I/calabash( 7344): execStartActivity 4
I/ActivityManager(  568): START u0 {cmp=com.careerbuilder.SugarDrone/md5a4824aa66c0dc4d104077b72c1916a44.MasterNavActivity} from pid 7344
I/calabash( 7344): newActivity1
I/System.out( 7344): URI: /map
I/System.out( 7344): params: {json={"query":"* marked:'Search'","operation":{"method_name":"query","arguments":[]}}
I/System.out( 7344): }
D/dalvikvm( 7344): GC_CONCURRENT freed 1430K, 9% free 14017K/15332K, paused 3ms+2ms, total 48ms
I/dalvikvm( 7344): Could not find method android.widget.Spinner.getPopupContext, referenced from method android.support.v7.widget.AppCompatSpinner.getPopupContext
W/dalvikvm( 7344): VFY: unable to resolve virtual method 20646: Landroid/widget/Spinner;.getPopupContext ()Landroid/content/Context;
D/dalvikvm( 7344): VFY: replacing opcode 0x6f at 0x000b
I/dalvikvm( 7344): Could not find method android.widget.CompoundButton.drawableHotspotChanged, referenced from method android.support.v7.widget.SwitchCompat.drawableHotspotChanged
W/dalvikvm( 7344): VFY: unable to resolve virtual method 20220: Landroid/widget/CompoundButton;.drawableHotspotChanged (FF)V
D/dalvikvm( 7344): VFY: replacing opcode 0x6f at 0x0006
D/Mono    ( 7344): DllImport searching in: '__Internal' ('(null)').
D/Mono    ( 7344): Searching for 'java_interop_jnienv_call_int_method'.
D/Mono    ( 7344): Probing 'java_interop_jnienv_call_int_method'.
D/Mono    ( 7344): Found as 'java_interop_jnienv_call_int_method'.
D/Mono    ( 7344): Assembly Ref addref Xamarin.Android.Support.Design[0x7b1a4fb8] -> Xamarin.Android.Support.v4[0x7b1a0cb0]: 4
D/Mono    ( 7344): Assembly Ref addref CareerBuilder_Search.Droid[0x7a3eac38] -> Xamarin.Android.Support.v7.RecyclerView[0x7b1a1a20]: 2
D/Mono    ( 7344): Assembly Ref addref Xamarin.Android.Support.v7.RecyclerView[0x7b1a1a20] -> Xamarin.Android.Support.v4[0x7b1a0cb0]: 5
D/Mono    ( 7344): Assembly Ref addref CareerBuilder_Search.Droid[0x7a3eac38] -> FloatingActionButton-Xamarin[0x7b19ff50]: 2
I/Choreographer( 7344): Skipped 51 frames!  The application may be doing too much work on its main thread.
D/dalvikvm( 7344): GC_FOR_ALLOC freed 425K, 8% free 14239K/15332K, paused 21ms, total 21ms
D/Mono    ( 7344): DllImport searching in: '__Internal' ('(null)').
D/Mono    ( 7344): Searching for 'java_interop_jnienv_call_nonvirtual_void_method'.
D/Mono    ( 7344): Probing 'java_interop_jnienv_call_nonvirtual_void_method'.
D/Mono    ( 7344): Found as 'java_interop_jnienv_call_nonvirtual_void_method'.
D/Mono    ( 7344): Unloading image System.Linq.dll [0x7df3fce0].
D/Mono    ( 7344): Image addref System.Linq[0x7df38680] -> System.Linq.dll[0x7bb06c58]: 9
D/Mono    ( 7344): Config attempting to parse: 'System.Linq.dll.config'.
D/Mono    ( 7344): Config attempting to parse: '/Users/builder/data/lanes/4009/3a62f1ea/source/monodroid/builds/install/mono-armv6/etc/mono/assemblies/System.Linq/System.Linq.config'.
D/Mono    ( 7344): Assembly Ref addref CareerBuilder_Search[0x7b1afe30] -> System.Linq[0x7bb08a00]: 7
D/dalvikvm( 7344): GC_FOR_ALLOC freed 49K, 7% free 14916K/16016K, paused 18ms, total 18ms
I/dalvikvm( 7344): Could not find method android.widget.ImageButton.<init>, referenced from method com.github.clans.fab.FloatingActionButton.<init>
W/dalvikvm( 7344): VFY: unable to resolve direct method 20357: Landroid/widget/ImageButton;.<init> (Landroid/content/Context;Landroid/util/AttributeSet;II)V
D/dalvikvm( 7344): VFY: replacing opcode 0x70 at 0x0003
W/dalvikvm( 7344): Unable to resolve superclass of Lcom/github/clans/fab/FloatingActionButton$1; (2485)
W/dalvikvm( 7344): Link of class 'Lcom/github/clans/fab/FloatingActionButton$1;' failed
E/dalvikvm( 7344): Could not find class 'android.graphics.drawable.RippleDrawable', referenced from method com.github.clans.fab.FloatingActionButton.createFillDrawable
W/dalvikvm( 7344): VFY: unable to resolve new-instance 220 (Landroid/graphics/drawable/RippleDrawable;) in Lcom/github/clans/fab/FloatingActionButton;
D/dalvikvm( 7344): VFY: replacing opcode 0x22 at 0x0038
E/dalvikvm( 7344): Could not find class 'android.graphics.drawable.RippleDrawable', referenced from method com.github.clans.fab.FloatingActionButton.onActionDown
W/dalvikvm( 7344): VFY: unable to resolve check-cast 220 (Landroid/graphics/drawable/RippleDrawable;) in Lcom/github/clans/fab/FloatingActionButton;
D/dalvikvm( 7344): VFY: replacing opcode 0x1f at 0x001d
E/dalvikvm( 7344): Could not find class 'android.graphics.drawable.RippleDrawable', referenced from method com.github.clans.fab.FloatingActionButton.onActionUp
W/dalvikvm( 7344): VFY: unable to resolve check-cast 220 (Landroid/graphics/drawable/RippleDrawable;) in Lcom/github/clans/fab/FloatingActionButton;
D/dalvikvm( 7344): VFY: replacing opcode 0x1f at 0x001f
I/dalvikvm( 7344): Could not find method android.widget.ImageButton.setElevation, referenced from method com.github.clans.fab.FloatingActionButton.setElevation
W/dalvikvm( 7344): VFY: unable to resolve virtual method 20373: Landroid/widget/ImageButton;.setElevation (F)V
D/dalvikvm( 7344): VFY: replacing opcode 0x6f at 0x000b
I/dalvikvm( 7344): Could not find method android.widget.ImageButton.setElevation, referenced from method com.github.clans.fab.FloatingActionButton.setElevationCompat
W/dalvikvm( 7344): VFY: unable to resolve virtual method 20373: Landroid/widget/ImageButton;.setElevation (F)V
D/dalvikvm( 7344): VFY: replacing opcode 0x6f at 0x0023
W/dalvikvm( 7344): Unable to resolve superclass of Lcom/github/clans/fab/FloatingActionButton$1; (2485)
W/dalvikvm( 7344): Link of class 'Lcom/github/clans/fab/FloatingActionButton$1;' failed
D/dalvikvm( 7344): DexOpt: unable to opt direct call 0x0408 at 0x4c in Lcom/github/clans/fab/FloatingActionButton;.createFillDrawable
W/dalvikvm( 7344): Unable to resolve superclass of Lcom/github/clans/fab/FloatingActionButton$1; (2485)
W/dalvikvm( 7344): Link of class 'Lcom/github/clans/fab/FloatingActionButton$1;' failed
D/dalvikvm( 7344): DexOpt: unable to opt direct call 0x520f at 0x51 in Lcom/github/clans/fab/FloatingActionButton;.createFillDrawable
D/Mono    ( 7344): Unloading image System.Collections.dll [0x7df44ef8].
D/Mono    ( 7344): Image addref System.Collections[0x7df88ec8] -> System.Collections.dll[0x7ba88420]: 10
D/Mono    ( 7344): Config attempting to parse: 'System.Collections.dll.config'.
D/Mono    ( 7344): Config attempting to parse: '/Users/builder/data/lanes/4009/3a62f1ea/source/monodroid/builds/install/mono-armv6/etc/mono/assemblies/System.Collections/System.Collections.config'.
D/Mono    ( 7344): Assembly Ref addref System.Reactive.Linq[0x7b1a9fd0] -> System.Collections[0x7ba866c8]: 8
E/dalvikvm( 7344): Could not find class 'android.graphics.drawable.RippleDrawable', referenced from method com.github.clans.fab.Label.createFillDrawable
W/dalvikvm( 7344): VFY: unable to resolve new-instance 220 (Landroid/graphics/drawable/RippleDrawable;) in Lcom/github/clans/fab/Label;
D/dalvikvm( 7344): VFY: replacing opcode 0x22 at 0x0028
E/dalvikvm( 7344): Could not find class 'android.graphics.drawable.RippleDrawable', referenced from method com.github.clans.fab.Label.onActionDown
W/dalvikvm( 7344): VFY: unable to resolve instanceof 220 (Landroid/graphics/drawable/RippleDrawable;) in Lcom/github/clans/fab/Label;
D/dalvikvm( 7344): VFY: replacing opcode 0x20 at 0x0029
E/dalvikvm( 7344): Could not find class 'android.graphics.drawable.RippleDrawable', referenced from method com.github.clans.fab.Label.onActionUp
W/dalvikvm( 7344): VFY: unable to resolve instanceof 220 (Landroid/graphics/drawable/RippleDrawable;) in Lcom/github/clans/fab/Label;
D/dalvikvm( 7344): VFY: replacing opcode 0x20 at 0x0024
W/dalvikvm( 7344): Unable to resolve superclass of Lcom/github/clans/fab/Label$1; (2485)
W/dalvikvm( 7344): Link of class 'Lcom/github/clans/fab/Label$1;' failed
D/dalvikvm( 7344): DexOpt: unable to opt direct call 0x0408 at 0x3c in Lcom/github/clans/fab/Label;.createFillDrawable
W/dalvikvm( 7344): Unable to resolve superclass of Lcom/github/clans/fab/Label$1; (2485)
W/dalvikvm( 7344): Link of class 'Lcom/github/clans/fab/Label$1;' failed
D/dalvikvm( 7344): DexOpt: unable to opt direct call 0x5335 at 0x41 in Lcom/github/clans/fab/Label;.createFillDrawable
D/Mono    ( 7344): DllImport attempting to load: '/system/lib/liblog.so'.
D/Mono    ( 7344): DllImport loaded library '/system/lib/liblog.so'.
D/Mono    ( 7344): DllImport searching in: '/system/lib/liblog.so' ('/system/lib/liblog.so').
D/Mono    ( 7344): Searching for '__android_log_print'.
D/Mono    ( 7344): Probing '__android_log_print'.
D/Mono    ( 7344): Found as '__android_log_print'.
I/mono-stdout( 7344): uri is: https://api.careerbuilder.com/consumer/saved-jobs/?DeveloperKey=WDHR8FC6P2JZ1Y61KLM5
W/FragmentManager( 7344): moveToState: Fragment state for SavedJobsFragment{424aef38 #1 id=0x7f0a0148 android:switcher:2131362120:1} not updated inline; expected state 3 found 2
D/Mono    ( 7344): Image addref System.Net.Primitives[0x7e217310] -> System.Net.Primitives.dll[0x7e20f738]: 2
D/Mono    ( 7344): Prepared to set up assembly 'System.Net.Primitives' (System.Net.Primitives.dll)
D/Mono    ( 7344): Assembly System.Net.Primitives[0x7e217310] added to domain RootDomain, ref_count=1
D/Mono    ( 7344): Unloading image System.Net.Primitives.dll [0x7e217418].
D/Mono    ( 7344): AOT module 'System.Net.Primitives.dll.so' not found: dlopen failed: library "/data/app-lib/com.careerbuilder.SugarDrone-1/libaot-System.Net.Primitives.dll.so" not found
D/Mono    ( 7344): Unloading image System.IO.dll [0x7e26e9b8].
D/Mono    ( 7344): AOT module '/Users/builder/data/lanes/4009/3a62f1ea/source/monodroid/builds/install/mono-armv6/lib/mono/aot-cache/arm/System.Net.Primitives.dll.so' not found: dlopen failed: library "/data/app-lib/com.careerbuilder.SugarDrone-1/libaot-System.Net.Primitives.dll.so" not found
D/Mono    ( 7344): Config attempting to parse: 'System.Net.Primitives.dll.config'.
D/Mono    ( 7344): Config attempting to parse: '/Users/builder/data/lanes/4009/3a62f1ea/source/monodroid/builds/install/mono-armv6/etc/mono/assemblies/System.Net.Primitives/System.Net.Primitives.config'.
D/Mono    ( 7344): Image addref System.IO[0x7e217390] -> System.IO.dll[0x7f128930]: 6
D/Mono    ( 7344): Assembly Ref addref CareerBuilder_Search[0x7b1afe30] -> System.Net.Primitives[0x7e217310]: 2
D/Mono    ( 7344): Assembly Ref addref System.Net.Primitives[0x7e217310] -> System[0x7b96ab40]: 13
D/Mono    ( 7344): Config attempting to parse: 'System.IO.dll.config'.
D/Mono    ( 7344): Config attempting to parse: '/Users/builder/data/lanes/4009/3a62f1ea/source/monodroid/builds/install/mono-armv6/etc/mono/assemblies/System.IO/System.IO.config'.
D/Mono    ( 7344): Assembly Ref addref CareerBuilder_Search[0x7b1afe30] -> System.IO[0x7f131ba8]: 4
D/Mono    ( 7344): Image addref System.Net.Primitives[0x7e219170] -> System.Net.Primitives.dll[0x7e20f738]: 5
D/Mono    ( 7344): Config attempting to parse: 'System.Net.Primitives.dll.config'.
D/Mono    ( 7344): Config attempting to parse: '/Users/builder/data/lanes/4009/3a62f1ea/source/monodroid/builds/install/mono-armv6/etc/mono/assemblies/System.Net.Primitives/System.Net.Primitives.config'.
D/Mono    ( 7344): Unloading image System.Text.Encoding.dll [0x7e292a80].
D/Mono    ( 7344): Unloading image System.Text.Encoding.dll [0x7e2a05f8].
D/Mono    ( 7344): Image addref System.Text.Encoding[0x7dfa1550] -> System.Text.Encoding.dll[0x7f574b98]: 6
D/Mono    ( 7344): Config attempting to parse: 'System.Text.Encoding.dll.config'.
D/Mono    ( 7344): Image addref System.Text.Encoding[0x7dfa1838] -> System.Text.Encoding.dll[0x7f574b98]: 6
D/Mono    ( 7344): Config attempting to parse: '/Users/builder/data/lanes/4009/3a62f1ea/source/monodroid/builds/install/mono-armv6/etc/mono/assemblies/System.Text.Encoding/System.Text.Encoding.config'.
D/Mono    ( 7344): Config attempting to parse: 'System.Text.Encoding.dll.config'.
D/Mono    ( 7344): Assembly Ref addref CareerBuilder_Search[0x7b1afe30] -> System.Text.Encoding[0x7f5735e0]: 3
D/Mono    ( 7344): Config attempting to parse: '/Users/builder/data/lanes/4009/3a62f1ea/source/monodroid/builds/install/mono-armv6/etc/mono/assemblies/System.Text.Encoding/System.Text.Encoding.config'.
I/mono-stdout( 7344): making api call to: /consumer/saved-jobs/?DeveloperKey=WDHR8FC6P2JZ1Y61KLM5
I/mono-stdout( 7344): making api call to: /consumer/jobs/search/?Keywords=&Location=&UseFacets=true&PageNumber=1&ExcludeNational=true&DeveloperKey=WDHR8FC6P2JZ1Y61KLM5
D/Mono    ( 7344): Assembly Ref addref CareerBuilder_Search.Droid[0x7a3eac38] -> System[0x7b96ab40]: 14
D/dalvikvm( 7344): GC_FOR_ALLOC freed 246K, 6% free 15702K/16644K, paused 19ms, total 19ms
I/mono-stdout( 7344): Method: GET, RequestUri: 'https://api.careerbuilder.com/consumer/saved-jobs/?DeveloperKey=WDHR8FC6P2JZ1Y61KLM5', Version: 1.1, Content: <null>, Headers:

I/mono-stdout( 7344): {

I/mono-stdout( 7344): DeveloperKey: WDHR8FC6P2JZ1Y61KLM5

I/mono-stdout( 7344): Accept: application/json

I/mono-stdout( 7344): Authorization: Bearer test

I/mono-stdout( 7344): HostSite: US

I/mono-stdout( 7344): }
I/mono-stdout( 7344): Current State = 1,2,6,7
I/mono-stdout( 7344): applied jobs = 6
I/mono-stdout( 7344): expired jobs = 7
I/mono-stdout( 7344): saved jobs = Saved,Saved,Applied,Saved
W/FragmentManager( 7344): moveToState: Fragment state for ResumeManagementFragment{424afaf0 #2 id=0x7f0a0148 android:switcher:2131362120:2} not updated inline; expected state 3 found 2
I/mono-stdout( 7344): uri is: https://api.careerbuilder.com/consumer/resumes?OAuthToken=&HostSite=US&DeveloperKey=WDHR8FC6P2JZ1Y61KLM5
I/mono-stdout( 7344): making api call to: /consumer/resumes?OAuthToken=&HostSite=US&DeveloperKey=WDHR8FC6P2JZ1Y61KLM5
I/mono-stdout( 7344): uri is: https://api.careerbuilder.com/consumer/resumes?OAuthToken=&HostSite=US&DeveloperKey=WDHR8FC6P2JZ1Y61KLM5
I/mono-stdout( 7344): making api call to: /consumer/resumes?OAuthToken=&HostSite=US&DeveloperKey=WDHR8FC6P2JZ1Y61KLM5
I/mono-stdout( 7344): done making call to: /consumer/resumes?OAuthToken=&HostSite=US&DeveloperKey=WDHR8FC6P2JZ1Y61KLM5
I/mono-stdout( 7344): done making call to: /consumer/resumes?OAuthToken=&HostSite=US&DeveloperKey=WDHR8FC6P2JZ1Y61KLM5
I/mono-stdout( 7344): The resume  with hash has been set as latest
I/mono-stdout( 7344): The resume  with hash has been set as latest
I/mono-stdout( 7344): done making call to: /consumer/saved-jobs/?DeveloperKey=WDHR8FC6P2JZ1Y61KLM5
D/dalvikvm( 7344): GC_EXPLICIT freed 486K, 8% free 15867K/17216K, paused 2ms+3ms, total 32ms
D/Mono    ( 7344): GC_TAR_BRIDGE bridges 155 objects 353 opaque 122 colors 155 colors-bridged 155 colors-visible 155 xref 5 cache-hit 0 cache-semihit 0 cache-miss 0 setup 0.09ms tarjan 0.52ms scc-setup 0.15ms gather-xref 0.03ms xref-setup 0.00ms cleanup 0.09ms
D/Mono    ( 7344): GC_BRIDGE: Complete, was running for 37.32ms
D/Mono    ( 7344): GC_MINOR: (Nursery full) time 24.87ms, stw 25.76ms promoted 926K major size: 1872K in use: 1206K los size: 1024K in use: 369K
I/mono-stdout( 7344): done making call to: /consumer/jobs/search/?Keywords=&Location=&UseFacets=true&PageNumber=1&ExcludeNational=true&DeveloperKey=WDHR8FC6P2JZ1Y61KLM5
I/mono-stdout( 7344): uri is: https://api.careerbuilder.com/consumer/saved-jobs/?DeveloperKey=WDHR8FC6P2JZ1Y61KLM5
I/mono-stdout( 7344): making api call to: /consumer/saved-jobs/?DeveloperKey=WDHR8FC6P2JZ1Y61KLM5
I/mono-stdout( 7344): Method: GET, RequestUri: 'https://api.careerbuilder.com/consumer/saved-jobs/?DeveloperKey=WDHR8FC6P2JZ1Y61KLM5', Version: 1.1, Content: <null>, Headers:

I/mono-stdout( 7344): {

I/mono-stdout( 7344): DeveloperKey: WDHR8FC6P2JZ1Y61KLM5

I/mono-stdout( 7344): Accept: application/json

I/mono-stdout( 7344): Authorization: Bearer test

I/mono-stdout( 7344): HostSite: US

I/mono-stdout( 7344): }
I/mono-stdout( 7344): Current State = 1,2,6,7
I/mono-stdout( 7344): applied jobs = 6
I/mono-stdout( 7344): expired jobs = 7
I/mono-stdout( 7344): saved jobs = Saved,Saved,Applied,Saved
E/RecyclerView( 7344): No adapter attached; skipping layout
I/dalvikvm( 7344): Could not find method android.support.v7.widget.LinearLayoutCompat.drawableHotspotChanged, referenced from method android.support.design.internal.ForegroundLinearLayout.drawableHotspotChanged
W/dalvikvm( 7344): VFY: unable to resolve virtual method 16437: Landroid/support/v7/widget/LinearLayoutCompat;.drawableHotspotChanged (FF)V
D/dalvikvm( 7344): VFY: replacing opcode 0x6f at 0x0000
D/Mono    ( 7344): Assembly Ref addref Xamarin.Android.Support.v7.AppCompat[0x7b1a4260] -> System.Core[0x7bb08a60]: 15
I/Choreographer( 7344): Skipped 120 frames!  The application may be doing too much work on its main thread.
E/RecyclerView( 7344): No adapter attached; skipping layout
I/ActivityManager(  568): Displayed com.careerbuilder.SugarDrone/md5a4824aa66c0dc4d104077b72c1916a44.MasterNavActivity: +2s941ms
D/Mono    ( 7344): DllImport searching in: '__Internal' ('(null)').
D/Mono    ( 7344): Searching for 'java_interop_jnienv_call_void_method'.
D/Mono    ( 7344): Probing 'java_interop_jnienv_call_void_method'.
D/Mono    ( 7344): Found as 'java_interop_jnienv_call_void_method'.
W/ResourceType( 7344): No known package when getting name for resource number 0xffffffff
W/ResourceType( 7344): No known package when getting name for resource number 0xffffffff
W/ResourceType( 7344): No known package when getting name for resource number 0xffffffff
W/ResourceType( 7344): No known package when getting name for resource number 0xffffffff
W/ResourceType( 7344): No known package when getting name for resource number 0xffffffff
W/ResourceType( 7344): No known package when getting name for resource number 0xffffffff
W/ResourceType( 7344): No known package when getting name for resource number 0xffffffff
W/ResourceType( 7344): No known package when getting name for resource number 0xffffffff
W/ResourceType( 7344): No known package when getting name for resource number 0xffffffff
W/ResourceType( 7344): No known package when getting name for resource number 0xffffffff
W/ResourceType( 7344): No known package when getting name for resource number 0xffffffff
W/ResourceType( 7344): No known package when getting name for resource number 0xffffffff
W/ResourceType( 7344): No known package when getting name for resource number 0xffffffff
W/ResourceType( 7344): No known package when getting name for resource number 0xffffffff
W/ResourceType( 7344): No known package when getting name for resource number 0xffffffff
W/ResourceType( 7344): No known package when getting name for resource number 0xffffffff
W/ResourceType( 7344): No known package when getting name for resource number 0xffffffff
E/RecyclerView( 7344): No adapter attached; skipping layout
I/mono-stdout( 7344): done making call to: /consumer/saved-jobs/?DeveloperKey=WDHR8FC6P2JZ1Y61KLM5
E/RecyclerView( 7344): No adapter attached; skipping layout
E/dalvikvm( 7344): Could not find class 'android.widget.ThemedSpinnerAdapter', referenced from method android.support.v7.widget.AppCompatSpinner$DropDownAdapter.<init>
W/dalvikvm( 7344): VFY: unable to resolve instanceof 2632 (Landroid/widget/ThemedSpinnerAdapter;) in Landroid/support/v7/widget/AppCompatSpinner$DropDownAdapter;
D/dalvikvm( 7344): VFY: replacing opcode 0x20 at 0x0016
D/Mono    ( 7344): DllImport searching in: '__Internal' ('(null)').
D/Mono    ( 7344): Searching for 'java_interop_jnienv_set_int_field'.
D/Mono    ( 7344): Probing 'java_interop_jnienv_set_int_field'.
D/Mono    ( 7344): Found as 'java_interop_jnienv_set_int_field'.
I/System.out( 7344): URI: /map
I/System.out( 7344): params: {json={"query":"* marked:'search_anywhere'","operation":{"method_name":"query","arguments":[]}}
I/System.out( 7344): }
I/dalvikvm( 7344): Could not find method android.widget.FrameLayout.<init>, referenced from method md543b91ad655f5c020e54c78f692da973f.SnapshotView.<init>
W/dalvikvm( 7344): VFY: unable to resolve direct method 20299: Landroid/widget/FrameLayout;.<init> (Landroid/content/Context;Landroid/util/AttributeSet;II)V
D/dalvikvm( 7344): VFY: replacing opcode 0x70 at 0x0000
E/RecyclerView( 7344): No adapter attached; skipping layout
D/dalvikvm( 7344): GC_CONCURRENT freed 1776K, 11% free 16348K/18220K, paused 2ms+4ms, total 35ms
W/ResourceType( 7344): No known package when getting name for resource number 0xffffffff
W/ResourceType( 7344): No known package when getting name for resource number 0xffffffff
W/ResourceType( 7344): No known package when getting name for resource number 0xffffffff
W/ResourceType( 7344): No known package when getting name for resource number 0xffffffff
W/ResourceType( 7344): No known package when getting name for resource number 0xffffffff
W/ResourceType( 7344): No known package when getting name for resource number 0xffffffff
W/ResourceType( 7344): No known package when getting name for resource number 0xffffffff
W/ResourceType( 7344): No known package when getting name for resource number 0xffffffff
W/ResourceType( 7344): No known package when getting name for resource number 0xffffffff
W/ResourceType( 7344): No known package when getting name for resource number 0xffffffff
W/ResourceType( 7344): No known package when getting name for resource number 0xffffffff
W/ResourceType( 7344): No known package when getting name for resource number 0xffffffff
W/ResourceType( 7344): No known package when getting name for resource number 0xffffffff
W/ResourceType( 7344): No known package when getting name for resource number 0xffffffff
W/ResourceType( 7344): No known package when getting name for resource number 0xffffffff
W/ResourceType( 7344): No known package when getting name for resource number 0xffffffff
W/ResourceType( 7344): No known package when getting name for resource number 0xffffffff
W/ResourceType( 7344): No known package when getting name for resource number 0xffffffff
W/ResourceType( 7344): No known package when getting name for resource number 0xffffffff
W/ResourceType( 7344): No known package when getting name for resource number 0xffffffff
W/ResourceType( 7344): No known package when getting name for resource number 0xffffffff
W/ResourceType( 7344): No known package when getting name for resource number 0xffffffff
W/ResourceType( 7344): No known package when getting name for resource number 0xffffffff
W/ResourceType( 7344): No known package when getting name for resource number 0xffffffff
W/ResourceType( 7344): No known package when getting name for resource number 0xffffffff
W/ResourceType( 7344): No known package when getting name for resource number 0xffffffff
W/ResourceType( 7344): No known package when getting name for resource number 0xffffffff
W/ResourceType( 7344): No known package when getting name for resource number 0xffffffff
W/ResourceType( 7344): No known package when getting name for resource number 0xffffffff
W/ResourceType( 7344): No known package when getting name for resource number 0xffffffff
W/ResourceType( 7344): No known package when getting name for resource number 0xffffffff
W/ResourceType( 7344): No known package when getting name for resource number 0xffffffff
W/ResourceType( 7344): No known package when getting name for resource number 0xffffffff
W/ResourceType( 7344): No known package when getting name for resource number 0xffffffff
W/ResourceType( 7344): No known package when getting name for resource number 0xffffffff
W/ResourceType( 7344): No known package when getting name for resource number 0xffffffff
W/ResourceType( 7344): No known package when getting name for resource number 0xffffffff
W/ResourceType( 7344): No known package when getting name for resource number 0xffffffff
W/ResourceType( 7344): No known package when getting name for resource number 0xffffffff
W/ResourceType( 7344): No known package when getting name for resource number 0xffffffff
W/ResourceType( 7344): No known package when getting name for resource number 0xffffffff
W/ResourceType( 7344): No known package when getting name for resource number 0xffffffff
W/ResourceType( 7344): No known package when getting name for resource number 0xffffffff
W/ResourceType( 7344): No known package when getting name for resource number 0xffffffff
W/ResourceType( 7344): No known package when getting name for resource number 0xffffffff
W/ResourceType( 7344): No known package when getting name for resource number 0xffffffff
W/ResourceType( 7344): No known package when getting name for resource number 0xffffffff
W/ResourceType( 7344): No known package when getting name for resource number 0xffffffff
W/ResourceType( 7344): No known package when getting name for resource number 0xffffffff
W/ResourceType( 7344): No known package when getting name for resource number 0xffffffff
W/ResourceType( 7344): No known package when getting name for resource number 0xffffffff
W/ResourceType( 7344): No known package when getting name for resource number 0xffffffff
W/ResourceType( 7344): No known package when getting name for resource number 0xffffffff
W/ResourceType( 7344): No known package when getting name for resource number 0xffffffff
W/ResourceType( 7344): No known package when getting name for resource number 0xffffffff
W/ResourceType( 7344): No known package when getting name for resource number 0xffffffff
W/ResourceType( 7344): No known package when getting name for resource number 0xffffffff
W/ResourceType( 7344): No known package when getting name for resource number 0xffffffff
W/ResourceType( 7344): No known package when getting name for resource number 0xffffffff
W/ResourceType( 7344): No known package when getting name for resource number 0xffffffff
W/ResourceType( 7344): No known package when getting name for resource number 0xffffffff
W/ResourceType( 7344): No known package when getting name for resource number 0xffffffff
W/ResourceType( 7344): No known package when getting name for resource number 0xffffffff
W/ResourceType( 7344): No known package when getting name for resource number 0xffffffff
W/ResourceType( 7344): No known package when getting name for resource number 0xffffffff
W/ResourceType( 7344): No known package when getting name for resource number 0xffffffff
W/ResourceType( 7344): No known package when getting name for resource number 0xffffffff
W/ResourceType( 7344): No known package when getting name for resource number 0xffffffff
W/ResourceType( 7344): No known package when getting name for resource number 0xffffffff
W/ResourceType( 7344): No known package when getting name for resource number 0xffffffff
W/ResourceType( 7344): No known package when getting name for resource number 0xffffffff
W/ResourceType( 7344): No known package when getting name for resource number 0xffffffff
W/ResourceType( 7344): No known package when getting name for resource number 0xffffffff
W/ResourceType( 7344): No known package when getting name for resource number 0xffffffff
W/ResourceType( 7344): No known package when getting name for resource number 0xffffffff
W/ResourceType( 7344): No known package when getting name for resource number 0xffffffff
W/ResourceType( 7344): No known package when getting name for resource number 0xffffffff
W/ResourceType( 7344): No known package when getting name for resource number 0xffffffff
W/ResourceType( 7344): No known package when getting name for resource number 0xffffffff
W/ResourceType( 7344): No known package when getting name for resource number 0xffffffff
D/dalvikvm( 7344): GC_CONCURRENT freed 2314K, 13% free 16432K/18848K, paused 1ms+2ms, total 30ms
I/System.out( 7344): URI: /map
I/System.out( 7344): params: {json={"query":"* marked:'search_anywhere'","operation":{"method_name":"query","arguments":[]}}
I/System.out( 7344): }
W/ResourceType( 7344): No known package when getting name for resource number 0xffffffff
W/ResourceType( 7344): No known package when getting name for resource number 0xffffffff
W/ResourceType( 7344): No known package when getting name for resource number 0xffffffff
W/ResourceType( 7344): No known package when getting name for resource number 0xffffffff
W/ResourceType( 7344): No known package when getting name for resource number 0xffffffff
W/ResourceType( 7344): No known package when getting name for resource number 0xffffffff
W/ResourceType( 7344): No known package when getting name for resource number 0xffffffff
W/ResourceType( 7344): No known package when getting name for resource number 0xffffffff
W/ResourceType( 7344): No known package when getting name for resource number 0xffffffff
W/ResourceType( 7344): No known package when getting name for resource number 0xffffffff
W/ResourceType( 7344): No known package when getting name for resource number 0xffffffff
W/ResourceType( 7344): No known package when getting name for resource number 0xffffffff
D/Mono    ( 7344): [0x7c4d16a8] hill climbing, change max number of threads 4
W/ResourceType( 7344): No known package when getting name for resource number 0xffffffff
W/ResourceType( 7344): No known package when getting name for resource number 0xffffffff
W/ResourceType( 7344): No known package when getting name for resource number 0xffffffff
W/ResourceType( 7344): No known package when getting name for resource number 0xffffffff
W/ResourceType( 7344): No known package when getting name for resource number 0xffffffff
W/ResourceType( 7344): No known package when getting name for resource number 0xffffffff
W/ResourceType( 7344): No known package when getting name for resource number 0xffffffff
W/ResourceType( 7344): No known package when getting name for resource number 0xffffffff
W/ResourceType( 7344): No known package when getting name for resource number 0xffffffff
W/ResourceType( 7344): No known package when getting name for resource number 0xffffffff
W/ResourceType( 7344): No known package when getting name for resource number 0xffffffff
W/ResourceType( 7344): No known package when getting name for resource number 0xffffffff
W/ResourceType( 7344): No known package when getting name for resource number 0xffffffff
W/ResourceType( 7344): No known package when getting name for resource number 0xffffffff
W/ResourceType( 7344): No known package when getting name for resource number 0xffffffff
W/ResourceType( 7344): No known package when getting name for resource number 0xffffffff
W/ResourceType( 7344): No known package when getting name for resource number 0xffffffff
W/ResourceType( 7344): No known package when getting name for resource number 0xffffffff
W/ResourceType( 7344): No known package when getting name for resource number 0xffffffff
W/ResourceType( 7344): No known package when getting name for resource number 0xffffffff
W/ResourceType( 7344): No known package when getting name for resource number 0xffffffff
W/ResourceType( 7344): No known package when getting name for resource number 0xffffffff
W/ResourceType( 7344): No known package when getting name for resource number 0xffffffff
W/ResourceType( 7344): No known package when getting name for resource number 0xffffffff
W/ResourceType( 7344): No known package when getting name for resource number 0xffffffff
W/ResourceType( 7344): No known package when getting name for resource number 0xffffffff
W/ResourceType( 7344): No known package when getting name for resource number 0xffffffff
W/ResourceType( 7344): No known package when getting name for resource number 0xffffffff
W/ResourceType( 7344): No known package when getting name for resource number 0xffffffff
W/ResourceType( 7344): No known package when getting name for resource number 0xffffffff
W/ResourceType( 7344): No known package when getting name for resource number 0xffffffff
W/ResourceType( 7344): No known package when getting name for resource number 0xffffffff
W/ResourceType( 7344): No known package when getting name for resource number 0xffffffff
W/ResourceType( 7344): No known package when getting name for resource number 0xffffffff
W/ResourceType( 7344): No known package when getting name for resource number 0xffffffff
W/ResourceType( 7344): No known package when getting name for resource number 0xffffffff
W/ResourceType( 7344): No known package when getting name for resource number 0xffffffff
W/ResourceType( 7344): No known package when getting name for resource number 0xffffffff
W/ResourceType( 7344): No known package when getting name for resource number 0xffffffff
W/ResourceType( 7344): No known package when getting name for resource number 0xffffffff
W/ResourceType( 7344): No known package when getting name for resource number 0xffffffff
W/ResourceType( 7344): No known package when getting name for resource number 0xffffffff
W/ResourceType( 7344): No known package when getting name for resource number 0xffffffff
W/ResourceType( 7344): No known package when getting name for resource number 0xffffffff
W/ResourceType( 7344): No known package when getting name for resource number 0xffffffff
W/ResourceType( 7344): No known package when getting name for resource number 0xffffffff
W/ResourceType( 7344): No known package when getting name for resource number 0xffffffff
W/ResourceType( 7344): No known package when getting name for resource number 0xffffffff
W/ResourceType( 7344): No known package when getting name for resource number 0xffffffff
W/ResourceType( 7344): No known package when getting name for resource number 0xffffffff
W/ResourceType( 7344): No known package when getting name for resource number 0xffffffff
W/ResourceType( 7344): No known package when getting name for resource number 0xffffffff
W/ResourceType( 7344): No known package when getting name for resource number 0xffffffff
W/ResourceType( 7344): No known package when getting name for resource number 0xffffffff
W/ResourceType( 7344): No known package when getting name for resource number 0xffffffff
W/ResourceType( 7344): No known package when getting name for resource number 0xffffffff
W/ResourceType( 7344): No known package when getting name for resource number 0xffffffff
W/ResourceType( 7344): No known package when getting name for resource number 0xffffffff
W/ResourceType( 7344): No known package when getting name for resource number 0xffffffff
W/ResourceType( 7344): No known package when getting name for resource number 0xffffffff
W/ResourceType( 7344): No known package when getting name for resource number 0xffffffff
D/dalvikvm( 7344): GC_CONCURRENT freed 2484K, 14% free 16457K/19036K, paused 2ms+3ms, total 32ms
D/dalvikvm( 7344): WAIT_FOR_CONCURRENT_GC blocked 17ms
I/System.out( 7344): URI: /
I/System.out( 7344): params: {json={"command":"touch_coordinate","arguments":[1136.0,114.0]}
I/System.out( 7344): }
I/System.out( 7344): header: {content-length=57, host=devicehost132.prod, x-session-token=token-token-621e6cad-4221-43ca-bdb1-eee3c02eb29a, x-forwarded-for=10.222.150.21, content-type=application/json; charset=utf-8, connection=close}
I/System.out( 7344): params: {json={"command":"touch_coordinate","arguments":[1136.0,114.0]}
I/System.out( 7344): }
I/System.out( 7344): ProP json = {"command":"touch_coordinate","arguments":[1136.0,114.0]}
I/System.out( 7344): files: {}
I/System.out( 7344): command: {"command":"touch_coordinate","arguments":[1136.0,114.0]}
I/InstrumentationBackend( 7344): Got command:'Command:'Line:null,touch_coordinate', arguments:'[1136.0, 114.0]'
D/audio_hw_primary(  181): select_devices: out_snd_device(2: speaker) in_snd_device(0: )
D/ACDB-LOADER(  181): ACDB -> send_afe_cal
I/System.out( 7344): result:{"bonusInformation":[],"message":"","success":true}
I/TextInputLayout( 7344): EditText added is not a TextInputEditText. Please switch to using that class instead.
I/TextInputLayout( 7344): EditText added is not a TextInputEditText. Please switch to using that class instead.
D/Mono    ( 7344): Assembly Ref addref CareerBuilder_Search.Droid[0x7a3eac38] -> Plugin.Geolocator[0x7a3fe468]: 2
D/Mono    ( 7344): Assembly Ref addref Plugin.Geolocator[0x7a3fe468] -> mscorlib[0x75926c28]: 50
D/Mono    ( 7344): Assembly Ref addref Plugin.Geolocator[0x7a3fe468] -> Plugin.Geolocator.Abstractions[0x7b198430]: 3
D/Mono    ( 7344): Assembly Ref addref Plugin.Geolocator[0x7a3fe468] -> Mono.Android[0x7b1b0eb0]: 23
D/Mono    ( 7344): Unloading image System.Runtime.dll [0x800d82c0].
