<![CDATA[
]]><xtc-scenario name="[0-1067]CareerBuilder_Search.DroidFeatureTests.SearchDialogueTests.CanCloseDialogueWithBackButton" id="[0-1067]CareerBuilder_Search.DroidFeatureTests.SearchDialogueTests.CanCloseDialogueWithBackButton"><![CDATA[

]]><xtc-step name="[0-1067]CareerBuilder_Search.DroidFeatureTests.SearchDialogueTests.CanCloseDialogueWithBackButton-CanCloseDialogueWithBackButton" id="[0-1067]CareerBuilder_Search.DroidFeatureTests.SearchDialogueTests.CanCloseDialogueWithBackButton-CanCloseDialogueWithBackButton"><![CDATA[
D/AndroidRuntime( 5044): 
D/AndroidRuntime( 5044): >>>>>> AndroidRuntime START com.android.internal.os.RuntimeInit <<<<<<
D/AndroidRuntime( 5044): CheckJNI is OFF
D/dalvikvm( 5044): Trying to load lib libjavacore.so 0x0
D/dalvikvm( 5044): Added shared lib libjavacore.so 0x0
D/dalvikvm( 5044): Trying to load lib libnativehelper.so 0x0
D/dalvikvm( 5044): Added shared lib libnativehelper.so 0x0
D/dalvikvm( 5044): No JNI_OnLoad found in libnativehelper.so 0x0, skipping init
D/dalvikvm( 5044): Note: class Landroid/app/ActivityManagerNative; has 179 unimplemented (abstract) methods
D/AndroidRuntime( 5044): Calling main entry com.android.commands.pm.Pm
D/AndroidRuntime( 5044): Shutting down VM
D/dalvikvm( 5044): GC_CONCURRENT freed 248K, 31% free 567K/820K, paused 1ms+0ms, total 3ms
D/AndroidRuntime( 5486): 
D/AndroidRuntime( 5486): >>>>>> AndroidRuntime START com.android.internal.os.RuntimeInit <<<<<<
D/AndroidRuntime( 5486): CheckJNI is OFF
D/dalvikvm( 5486): Trying to load lib libjavacore.so 0x0
D/dalvikvm( 5486): Added shared lib libjavacore.so 0x0
D/dalvikvm( 5486): Trying to load lib libnativehelper.so 0x0
D/dalvikvm( 5486): Added shared lib libnativehelper.so 0x0
D/dalvikvm( 5486): No JNI_OnLoad found in libnativehelper.so 0x0, skipping init
D/dalvikvm( 5486): Note: class Landroid/app/ActivityManagerNative; has 179 unimplemented (abstract) methods
D/AndroidRuntime( 5486): Calling main entry com.android.commands.am.Am
D/AndroidRuntime( 5486): Shutting down VM
--------- beginning of /dev/log/system
W/ActivityManager(  568): Invalid packageName: com.careerbuilder.SugarDrone
D/dalvikvm( 5486): GC_CONCURRENT freed 93K, 15% free 553K/648K, paused 0ms+0ms, total 3ms
D/AndroidRuntime( 6130): 
D/AndroidRuntime( 6130): >>>>>> AndroidRuntime START com.android.internal.os.RuntimeInit <<<<<<
D/AndroidRuntime( 6130): CheckJNI is OFF
D/dalvikvm( 6130): Trying to load lib libjavacore.so 0x0
D/dalvikvm( 6130): Added shared lib libjavacore.so 0x0
D/dalvikvm( 6130): Trying to load lib libnativehelper.so 0x0
D/dalvikvm( 6130): Added shared lib libnativehelper.so 0x0
D/dalvikvm( 6130): No JNI_OnLoad found in libnativehelper.so 0x0, skipping init
D/dalvikvm( 6130): Note: class Landroid/app/ActivityManagerNative; has 179 unimplemented (abstract) methods
D/AndroidRuntime( 6130): Calling main entry com.android.commands.pm.Pm
W/ActivityManager(  568): No content provider found for permission revoke: file:///data/local/tmp/0000003438
W/ActivityManager(  568): No content provider found for permission revoke: file:///data/local/tmp/0000003438
I/PackageManager(  568): Copying native libraries to /data/app-lib/vmdl1966879547
D/dalvikvm(  568): GC_CONCURRENT freed 1384K, 12% free 20049K/22756K, paused 3ms+6ms, total 69ms
D/dalvikvm(  568): WAIT_FOR_CONCURRENT_GC blocked 66ms
D/dalvikvm(  568): GC_CONCURRENT freed 2164K, 10% free 20658K/22860K, paused 3ms+5ms, total 73ms
D/dalvikvm(  568): WAIT_FOR_CONCURRENT_GC blocked 64ms
D/dalvikvm(  568): GC_FOR_ALLOC freed 2647K, 13% free 20683K/23616K, paused 68ms, total 68ms
D/dalvikvm(  568): GC_FOR_ALLOC freed 2704K, 13% free 20700K/23652K, paused 69ms, total 69ms
D/dalvikvm(  568): GC_FOR_ALLOC freed 2739K, 13% free 20737K/23676K, paused 71ms, total 71ms
I/PackageManager(  568): Running dexopt on: com.careerbuilder.SugarDrone
W/dalvikvm( 6219): method Landroid/support/v7/widget/ListViewCompat;.lookForSelectablePosition incorrectly overrides package-private method with same name in Landroid/widget/ListView;
D/dalvikvm( 6219): DexOpt: couldn't find static field Landroid/os/Build;.SUPPORTED_ABIS
D/dalvikvm( 6219): DexOpt: load 291ms, verify+opt 1989ms, 3733380 bytes
I/ActivityManager(  568): Force stopping com.careerbuilder.SugarDrone appid=18643 user=-1: update pkg
W/PackageManager(  568): Not granting permission android.permission.MANAGE_DOCUMENTS to package com.careerbuilder.SugarDrone (protectionLevel=2 flags=0x8be46)
W/PackageManager(  568): Not granting permission android.permission.MOUNT_UNMOUNT_FILESYSTEMS to package com.careerbuilder.SugarDrone (protectionLevel=18 flags=0x8be46)
I/InputReader(  568): Reconfiguring input devices.  changes=0x00000010
D/dalvikvm(  825): GC_CONCURRENT freed 313K, 4% free 9376K/9672K, paused 2ms+1ms, total 22ms
D/BackupManagerService(  568): Received broadcast Intent { act=android.intent.action.PACKAGE_ADDED dat=package:com.careerbuilder.SugarDrone flg=0x4000010 (has extras) }
V/BackupManagerService(  568): addPackageParticipantsLocked: #1
I/Icing.InternalIcingCorporaProvider( 1306): Updating corpora: A: com.careerbuilder.SugarDrone, C: MAYBE
I/ActivityManager(  568): Delay finish: com.google.android.apps.plus/.service.PackagesMediaMonitor
I/ActivityManager(  568): Resuming delayed broadcast
D/Wear_Controller( 1004): Received broadcast action=android.intent.action.PACKAGE_ADDED and uri=com.careerbuilder.SugarDrone
I/PeopleContactsSync( 1004): triggerPendingContactsCleanup: no accounts
D/dalvikvm(  568): GC_EXPLICIT freed 1712K, 9% free 20904K/22860K, paused 11ms+26ms, total 268ms
D/AndroidRuntime( 6130): Shutting down VM
W/IcingInternalCorpora( 1004): getNumBytesRead when not calculated.
D/dalvikvm( 6130): GC_CONCURRENT freed 95K, 15% free 561K/660K, paused 0ms+0ms, total 3ms
I/Icing   ( 1004): Usage reports 0 indexed 0 rejected 0 imm upload true
I/ActivityManager(  568): Delay finish: com.google.android.gms/.chimera.GmsIntentOperationService$PersistentInternalReceiver
I/Icing.InternalIcingCorporaProvider( 1306): UpdateCorporaTask done [took 299 ms] updated apps [took 299 ms] 
I/ActivityManager(  568): Resuming delayed broadcast
D/dalvikvm( 1306): GC_CONCURRENT freed 514K, 7% free 9435K/10056K, paused 1ms+1ms, total 18ms
I/Icing   ( 1004): Usage reports 0 indexed 0 rejected 0 imm upload false
D/dalvikvm( 1004): GC_CONCURRENT freed 780K, 9% free 12592K/13756K, paused 4ms+5ms, total 53ms
I/Icing   ( 1004): Usage reports 0 indexed 0 rejected 0 imm upload false
D/AndroidRuntime( 6322): 
D/AndroidRuntime( 6322): >>>>>> AndroidRuntime START com.android.internal.os.RuntimeInit <<<<<<
D/AndroidRuntime( 6322): CheckJNI is OFF
D/dalvikvm( 6322): Trying to load lib libjavacore.so 0x0
D/dalvikvm( 6322): Added shared lib libjavacore.so 0x0
D/dalvikvm( 6322): Trying to load lib libnativehelper.so 0x0
D/dalvikvm( 6322): Added shared lib libnativehelper.so 0x0
D/dalvikvm( 6322): No JNI_OnLoad found in libnativehelper.so 0x0, skipping init
D/dalvikvm( 6322): Note: class Landroid/app/ActivityManagerNative; has 179 unimplemented (abstract) methods
D/AndroidRuntime( 6322): Calling main entry com.android.commands.settings.SettingsCmd
D/AndroidRuntime( 6322): Shutting down VM
D/dalvikvm( 6322): GC_CONCURRENT freed 96K, 15% free 562K/660K, paused 0ms+0ms, total 3ms
I/Icing   ( 1004): Indexing 5DEEA38537210BEE0F2C135EA4D174C2C8299805 from com.google.android.googlequicksearchbox
I/Icing   ( 1004): Indexing done 5DEEA38537210BEE0F2C135EA4D174C2C8299805
I/Icing   ( 1004): Indexing A71B48A243897ACCCBB490823C9E3D3488B33FED from com.google.android.gms
D/dalvikvm( 1004): GC_CONCURRENT freed 1379K, 11% free 12418K/13916K, paused 4ms+4ms, total 46ms
D/dalvikvm( 1004): WAIT_FOR_CONCURRENT_GC blocked 22ms
I/Icing   ( 1004): Indexing done A71B48A243897ACCCBB490823C9E3D3488B33FED
D/AndroidRuntime( 6352): 
D/AndroidRuntime( 6352): >>>>>> AndroidRuntime START com.android.internal.os.RuntimeInit <<<<<<
D/AndroidRuntime( 6352): CheckJNI is OFF
D/dalvikvm( 6352): Trying to load lib libjavacore.so 0x0
D/dalvikvm( 6352): Added shared lib libjavacore.so 0x0
D/dalvikvm( 6352): Trying to load lib libnativehelper.so 0x0
D/dalvikvm( 6352): Added shared lib libnativehelper.so 0x0
D/dalvikvm( 6352): No JNI_OnLoad found in libnativehelper.so 0x0, skipping init
D/dalvikvm( 6352): Note: class Landroid/app/ActivityManagerNative; has 179 unimplemented (abstract) methods
D/AndroidRuntime( 6352): Calling main entry com.android.commands.settings.SettingsCmd
D/AndroidRuntime( 6352): Shutting down VM
D/dalvikvm( 6352): GC_CONCURRENT freed 96K, 15% free 562K/660K, paused 0ms+0ms, total 2ms
D/AndroidRuntime( 6383): 
D/AndroidRuntime( 6383): >>>>>> AndroidRuntime START com.android.internal.os.RuntimeInit <<<<<<
D/AndroidRuntime( 6383): CheckJNI is OFF
D/dalvikvm( 6383): Trying to load lib libjavacore.so 0x0
D/dalvikvm( 6383): Added shared lib libjavacore.so 0x0
D/dalvikvm( 6383): Trying to load lib libnativehelper.so 0x0
D/dalvikvm( 6383): Added shared lib libnativehelper.so 0x0
D/dalvikvm( 6383): No JNI_OnLoad found in libnativehelper.so 0x0, skipping init
D/dalvikvm( 6383): Note: class Landroid/app/ActivityManagerNative; has 179 unimplemented (abstract) methods
D/AndroidRuntime( 6383): Calling main entry com.android.commands.settings.SettingsCmd
D/AndroidRuntime( 6383): Shutting down VM
D/dalvikvm( 6383): GC_CONCURRENT freed 96K, 15% free 562K/660K, paused 0ms+0ms, total 2ms
D/AndroidRuntime( 6417): 
D/AndroidRuntime( 6417): >>>>>> AndroidRuntime START com.android.internal.os.RuntimeInit <<<<<<
D/AndroidRuntime( 6417): CheckJNI is OFF
D/dalvikvm( 6417): Trying to load lib libjavacore.so 0x0
D/dalvikvm( 6417): Added shared lib libjavacore.so 0x0
D/dalvikvm( 6417): Trying to load lib libnativehelper.so 0x0
D/dalvikvm( 6417): Added shared lib libnativehelper.so 0x0
D/dalvikvm( 6417): No JNI_OnLoad found in libnativehelper.so 0x0, skipping init
D/dalvikvm( 6417): Note: class Landroid/app/ActivityManagerNative; has 179 unimplemented (abstract) methods
D/AndroidRuntime( 6417): Calling main entry com.android.commands.settings.SettingsCmd
D/AndroidRuntime( 6417): Shutting down VM
D/dalvikvm( 6417): GC_CONCURRENT freed 96K, 15% free 562K/660K, paused 0ms+0ms, total 2ms
D/AndroidRuntime( 6445): 
D/AndroidRuntime( 6445): >>>>>> AndroidRuntime START com.android.internal.os.RuntimeInit <<<<<<
D/AndroidRuntime( 6445): CheckJNI is OFF
D/dalvikvm( 6445): Trying to load lib libjavacore.so 0x0
D/dalvikvm( 6445): Added shared lib libjavacore.so 0x0
D/dalvikvm( 6445): Trying to load lib libnativehelper.so 0x0
D/dalvikvm( 6445): Added shared lib libnativehelper.so 0x0
D/dalvikvm( 6445): No JNI_OnLoad found in libnativehelper.so 0x0, skipping init
D/dalvikvm( 6445): Note: class Landroid/app/ActivityManagerNative; has 179 unimplemented (abstract) methods
D/AndroidRuntime( 6445): Calling main entry com.android.commands.settings.SettingsCmd
D/AndroidRuntime( 6445): Shutting down VM
D/dalvikvm( 6445): GC_CONCURRENT freed 96K, 15% free 562K/660K, paused 0ms+1ms, total 3ms
D/AndroidRuntime( 6471): 
D/AndroidRuntime( 6471): >>>>>> AndroidRuntime START com.android.internal.os.RuntimeInit <<<<<<
D/AndroidRuntime( 6471): CheckJNI is OFF
D/dalvikvm( 6471): Trying to load lib libjavacore.so 0x0
D/dalvikvm( 6471): Added shared lib libjavacore.so 0x0
D/dalvikvm( 6471): Trying to load lib libnativehelper.so 0x0
D/dalvikvm( 6471): Added shared lib libnativehelper.so 0x0
D/dalvikvm( 6471): No JNI_OnLoad found in libnativehelper.so 0x0, skipping init
D/dalvikvm( 6471): Note: class Landroid/app/ActivityManagerNative; has 179 unimplemented (abstract) methods
D/AndroidRuntime( 6471): Calling main entry com.android.commands.settings.SettingsCmd
D/AndroidRuntime( 6471): Shutting down VM
D/dalvikvm( 6471): GC_CONCURRENT freed 96K, 15% free 562K/660K, paused 0ms+0ms, total 2ms
D/AndroidRuntime( 6501): 
D/AndroidRuntime( 6501): >>>>>> AndroidRuntime START com.android.internal.os.RuntimeInit <<<<<<
D/AndroidRuntime( 6501): CheckJNI is OFF
D/dalvikvm( 6501): Trying to load lib libjavacore.so 0x0
D/dalvikvm( 6501): Added shared lib libjavacore.so 0x0
D/dalvikvm( 6501): Trying to load lib libnativehelper.so 0x0
D/dalvikvm( 6501): Added shared lib libnativehelper.so 0x0
D/dalvikvm( 6501): No JNI_OnLoad found in libnativehelper.so 0x0, skipping init
D/dalvikvm( 6501): Note: class Landroid/app/ActivityManagerNative; has 179 unimplemented (abstract) methods
D/AndroidRuntime( 6501): Calling main entry com.android.commands.pm.Pm
D/AndroidRuntime( 6501): Shutting down VM
D/dalvikvm( 6501): GC_CONCURRENT freed 249K, 31% free 567K/820K, paused 0ms+0ms, total 3ms
D/AndroidRuntime( 6589): 
D/AndroidRuntime( 6589): >>>>>> AndroidRuntime START com.android.internal.os.RuntimeInit <<<<<<
D/AndroidRuntime( 6589): CheckJNI is OFF
D/dalvikvm( 6589): Trying to load lib libjavacore.so 0x0
D/dalvikvm( 6589): Added shared lib libjavacore.so 0x0
D/dalvikvm( 6589): Trying to load lib libnativehelper.so 0x0
D/dalvikvm( 6589): Added shared lib libnativehelper.so 0x0
D/dalvikvm( 6589): No JNI_OnLoad found in libnativehelper.so 0x0, skipping init
D/dalvikvm( 6589): Note: class Landroid/app/ActivityManagerNative; has 179 unimplemented (abstract) methods
D/AndroidRuntime( 6589): Calling main entry com.android.commands.pm.Pm
D/AndroidRuntime( 6589): Shutting down VM
D/dalvikvm( 6589): GC_CONCURRENT freed 249K, 31% free 567K/820K, paused 0ms+0ms, total 3ms
D/AndroidRuntime( 6688): 
D/AndroidRuntime( 6688): >>>>>> AndroidRuntime START com.android.internal.os.RuntimeInit <<<<<<
D/AndroidRuntime( 6688): CheckJNI is OFF
D/dalvikvm( 6688): Trying to load lib libjavacore.so 0x0
D/dalvikvm( 6688): Added shared lib libjavacore.so 0x0
D/dalvikvm( 6688): Trying to load lib libnativehelper.so 0x0
D/dalvikvm( 6688): Added shared lib libnativehelper.so 0x0
D/dalvikvm( 6688): No JNI_OnLoad found in libnativehelper.so 0x0, skipping init
D/dalvikvm( 6688): Note: class Landroid/app/ActivityManagerNative; has 179 unimplemented (abstract) methods
D/AndroidRuntime( 6688): Calling main entry com.android.commands.am.Am
D/AndroidRuntime( 6688): Shutting down VM
D/dalvikvm( 6688): GC_CONCURRENT freed 93K, 15% free 553K/648K, paused 0ms+1ms, total 3ms
W/ActivityManager(  568): Invalid packageName: com.careerbuilder.SugarDrone.test
D/AndroidRuntime( 6721): 
D/AndroidRuntime( 6721): >>>>>> AndroidRuntime START com.android.internal.os.RuntimeInit <<<<<<
D/AndroidRuntime( 6721): CheckJNI is OFF
D/dalvikvm( 6721): Trying to load lib libjavacore.so 0x0
D/dalvikvm( 6721): Added shared lib libjavacore.so 0x0
D/dalvikvm( 6721): Trying to load lib libnativehelper.so 0x0
D/dalvikvm( 6721): Added shared lib libnativehelper.so 0x0
D/dalvikvm( 6721): No JNI_OnLoad found in libnativehelper.so 0x0, skipping init
D/dalvikvm( 6721): Note: class Landroid/app/ActivityManagerNative; has 179 unimplemented (abstract) methods
D/AndroidRuntime( 6721): Calling main entry com.android.commands.pm.Pm
W/ActivityManager(  568): No content provider found for permission revoke: file:///data/local/tmp/0000003439
W/ActivityManager(  568): No content provider found for permission revoke: file:///data/local/tmp/0000003439
I/PackageManager(  568): Copying native libraries to /data/app-lib/vmdl-1351179373
D/dalvikvm(  568): GC_CONCURRENT freed 4390K, 19% free 19492K/23924K, paused 4ms+6ms, total 73ms
D/dalvikvm(  568): WAIT_FOR_CONCURRENT_GC blocked 54ms
I/PackageManager(  568): Running dexopt on: com.careerbuilder.SugarDrone.test
D/dalvikvm( 6751): DexOpt: load 75ms, verify+opt 528ms, 1565836 bytes
I/ActivityManager(  568): Force stopping com.careerbuilder.SugarDrone.test appid=18644 user=-1: update pkg
I/InputReader(  568): Reconfiguring input devices.  changes=0x00000010
D/BackupManagerService(  568): Received broadcast Intent { act=android.intent.action.PACKAGE_ADDED dat=package:com.careerbuilder.SugarDrone.test flg=0x4000010 (has extras) }
V/BackupManagerService(  568): addPackageParticipantsLocked: #1
I/Icing.InternalIcingCorporaProvider( 1306): Updating corpora: A: com.careerbuilder.SugarDrone.test, C: MAYBE
I/Icing.InternalIcingCorporaProvider( 1306): UpdateCorporaTask done [took 34 ms] updated apps [took 34 ms] 
D/dalvikvm( 1939): GC_FOR_ALLOC freed 366K, 3% free 19138K/19696K, paused 20ms, total 20ms
D/dalvikvm(  568): GC_EXPLICIT freed 786K, 19% free 19615K/23924K, paused 16ms+9ms, total 270ms
D/AndroidRuntime( 6721): Shutting down VM
D/dalvikvm( 6721): GC_CONCURRENT freed 95K, 15% free 561K/660K, paused 0ms+0ms, total 2ms
D/Wear_Controller( 1004): Received broadcast action=android.intent.action.PACKAGE_ADDED and uri=com.careerbuilder.SugarDrone.test
I/PeopleContactsSync( 1004): triggerPendingContactsCleanup: no accounts
W/IcingInternalCorpora( 1004): getNumBytesRead when not calculated.
I/Icing   ( 1004): Usage reports 0 indexed 0 rejected 0 imm upload false
I/Icing   ( 1004): Usage reports 0 indexed 0 rejected 0 imm upload false
D/AndroidRuntime( 6811): 
D/AndroidRuntime( 6811): >>>>>> AndroidRuntime START com.android.internal.os.RuntimeInit <<<<<<
D/AndroidRuntime( 6811): CheckJNI is OFF
D/dalvikvm( 6811): Trying to load lib libjavacore.so 0x0
D/dalvikvm( 6811): Added shared lib libjavacore.so 0x0
D/dalvikvm( 6811): Trying to load lib libnativehelper.so 0x0
D/dalvikvm( 6811): Added shared lib libnativehelper.so 0x0
D/dalvikvm( 6811): No JNI_OnLoad found in libnativehelper.so 0x0, skipping init
D/dalvikvm( 6811): Note: class Landroid/app/ActivityManagerNative; has 179 unimplemented (abstract) methods
D/AndroidRuntime( 6811): Calling main entry com.android.commands.settings.SettingsCmd
D/AndroidRuntime( 6811): Shutting down VM
D/dalvikvm( 6811): GC_CONCURRENT freed 96K, 16% free 562K/664K, paused 0ms+0ms, total 2ms
I/Icing   ( 1004): Indexing A71B48A243897ACCCBB490823C9E3D3488B33FED from com.google.android.gms
D/dalvikvm( 1004): GC_CONCURRENT freed 1125K, 11% free 12461K/13916K, paused 4ms+4ms, total 61ms
D/dalvikvm( 1004): WAIT_FOR_CONCURRENT_GC blocked 26ms
I/Icing   ( 1004): Indexing done A71B48A243897ACCCBB490823C9E3D3488B33FED
D/AndroidRuntime( 6849): 
D/AndroidRuntime( 6849): >>>>>> AndroidRuntime START com.android.internal.os.RuntimeInit <<<<<<
D/AndroidRuntime( 6849): CheckJNI is OFF
D/dalvikvm( 6849): Trying to load lib libjavacore.so 0x0
D/dalvikvm( 6849): Added shared lib libjavacore.so 0x0
D/dalvikvm( 6849): Trying to load lib libnativehelper.so 0x0
D/dalvikvm( 6849): Added shared lib libnativehelper.so 0x0
D/dalvikvm( 6849): No JNI_OnLoad found in libnativehelper.so 0x0, skipping init
D/dalvikvm( 6849): Note: class Landroid/app/ActivityManagerNative; has 179 unimplemented (abstract) methods
D/AndroidRuntime( 6849): Calling main entry com.android.commands.settings.SettingsCmd
D/AndroidRuntime( 6849): Shutting down VM
D/dalvikvm( 6849): GC_CONCURRENT freed 96K, 15% free 562K/660K, paused 0ms+0ms, total 2ms
D/AndroidRuntime( 6880): 
D/AndroidRuntime( 6880): >>>>>> AndroidRuntime START com.android.internal.os.RuntimeInit <<<<<<
D/AndroidRuntime( 6880): CheckJNI is OFF
D/dalvikvm( 6880): Trying to load lib libjavacore.so 0x0
D/dalvikvm( 6880): Added shared lib libjavacore.so 0x0
D/dalvikvm( 6880): Trying to load lib libnativehelper.so 0x0
D/dalvikvm( 6880): Added shared lib libnativehelper.so 0x0
D/dalvikvm( 6880): No JNI_OnLoad found in libnativehelper.so 0x0, skipping init
D/dalvikvm( 6880): Note: class Landroid/app/ActivityManagerNative; has 179 unimplemented (abstract) methods
D/AndroidRuntime( 6880): Calling main entry com.android.commands.settings.SettingsCmd
D/AndroidRuntime( 6880): Shutting down VM
D/dalvikvm( 6880): GC_CONCURRENT freed 96K, 15% free 562K/660K, paused 0ms+0ms, total 2ms
D/AndroidRuntime( 6916): 
D/AndroidRuntime( 6916): >>>>>> AndroidRuntime START com.android.internal.os.RuntimeInit <<<<<<
D/AndroidRuntime( 6916): CheckJNI is OFF
D/dalvikvm( 6916): Trying to load lib libjavacore.so 0x0
D/dalvikvm( 6916): Added shared lib libjavacore.so 0x0
D/dalvikvm( 6916): Trying to load lib libnativehelper.so 0x0
D/dalvikvm( 6916): Added shared lib libnativehelper.so 0x0
D/dalvikvm( 6916): No JNI_OnLoad found in libnativehelper.so 0x0, skipping init
D/dalvikvm( 6916): Note: class Landroid/app/ActivityManagerNative; has 179 unimplemented (abstract) methods
D/AndroidRuntime( 6916): Calling main entry com.android.commands.settings.SettingsCmd
D/AndroidRuntime( 6916): Shutting down VM
D/dalvikvm( 6916): GC_CONCURRENT freed 96K, 15% free 562K/660K, paused 0ms+0ms, total 3ms
D/AndroidRuntime( 6949): 
D/AndroidRuntime( 6949): >>>>>> AndroidRuntime START com.android.internal.os.RuntimeInit <<<<<<
D/AndroidRuntime( 6949): CheckJNI is OFF
D/dalvikvm( 6949): Trying to load lib libjavacore.so 0x0
D/dalvikvm( 6949): Added shared lib libjavacore.so 0x0
D/dalvikvm( 6949): Trying to load lib libnativehelper.so 0x0
D/dalvikvm( 6949): Added shared lib libnativehelper.so 0x0
D/dalvikvm( 6949): No JNI_OnLoad found in libnativehelper.so 0x0, skipping init
D/dalvikvm( 6949): Note: class Landroid/app/ActivityManagerNative; has 179 unimplemented (abstract) methods
D/AndroidRuntime( 6949): Calling main entry com.android.commands.settings.SettingsCmd
D/AndroidRuntime( 6949): Shutting down VM
D/dalvikvm( 6949): GC_CONCURRENT freed 96K, 15% free 562K/660K, paused 1ms+0ms, total 3ms
D/AndroidRuntime( 6984): 
D/AndroidRuntime( 6984): >>>>>> AndroidRuntime START com.android.internal.os.RuntimeInit <<<<<<
D/AndroidRuntime( 6984): CheckJNI is OFF
D/dalvikvm( 6984): Trying to load lib libjavacore.so 0x0
D/dalvikvm( 6984): Added shared lib libjavacore.so 0x0
D/dalvikvm( 6984): Trying to load lib libnativehelper.so 0x0
D/dalvikvm( 6984): Added shared lib libnativehelper.so 0x0
D/dalvikvm( 6984): No JNI_OnLoad found in libnativehelper.so 0x0, skipping init
D/dalvikvm( 6984): Note: class Landroid/app/ActivityManagerNative; has 179 unimplemented (abstract) methods
D/AndroidRuntime( 6984): Calling main entry com.android.commands.settings.SettingsCmd
D/AndroidRuntime( 6984): Shutting down VM
D/dalvikvm( 6984): GC_CONCURRENT freed 96K, 15% free 562K/660K, paused 0ms+0ms, total 2ms
D/AndroidRuntime( 7010): 
D/AndroidRuntime( 7010): >>>>>> AndroidRuntime START com.android.internal.os.RuntimeInit <<<<<<
D/AndroidRuntime( 7010): CheckJNI is OFF
D/dalvikvm( 7010): Trying to load lib libjavacore.so 0x0
D/dalvikvm( 7010): Added shared lib libjavacore.so 0x0
D/dalvikvm( 7010): Trying to load lib libnativehelper.so 0x0
D/dalvikvm( 7010): Added shared lib libnativehelper.so 0x0
D/dalvikvm( 7010): No JNI_OnLoad found in libnativehelper.so 0x0, skipping init
D/dalvikvm( 7010): Note: class Landroid/app/ActivityManagerNative; has 179 unimplemented (abstract) methods
D/AndroidRuntime( 7010): Calling main entry com.android.commands.pm.Pm
D/AndroidRuntime( 7010): Shutting down VM
D/dalvikvm( 7010): GC_CONCURRENT freed 251K, 31% free 567K/820K, paused 0ms+1ms, total 4ms
D/dalvikvm(  568): GC_CONCURRENT freed 2728K, 19% free 19547K/23920K, paused 2ms+5ms, total 88ms
D/AndroidRuntime( 7087): 
D/AndroidRuntime( 7087): >>>>>> AndroidRuntime START com.android.internal.os.RuntimeInit <<<<<<
D/AndroidRuntime( 7087): CheckJNI is OFF
D/dalvikvm( 7087): Trying to load lib libjavacore.so 0x0
D/dalvikvm( 7087): Added shared lib libjavacore.so 0x0
D/dalvikvm( 7087): Trying to load lib libnativehelper.so 0x0
D/dalvikvm( 7087): Added shared lib libnativehelper.so 0x0
D/dalvikvm( 7087): No JNI_OnLoad found in libnativehelper.so 0x0, skipping init
D/dalvikvm( 7087): Note: class Landroid/app/ActivityManagerNative; has 179 unimplemented (abstract) methods
D/AndroidRuntime( 7087): Calling main entry com.android.commands.pm.Pm
D/AndroidRuntime( 7087): Shutting down VM
D/dalvikvm( 7087): GC_CONCURRENT freed 251K, 31% free 567K/820K, paused 1ms+1ms, total 3ms
D/AndroidRuntime( 7168): 
D/AndroidRuntime( 7168): >>>>>> AndroidRuntime START com.android.internal.os.RuntimeInit <<<<<<
D/AndroidRuntime( 7168): CheckJNI is OFF
D/dalvikvm( 7168): Trying to load lib libjavacore.so 0x0
D/dalvikvm( 7168): Added shared lib libjavacore.so 0x0
D/dalvikvm( 7168): Trying to load lib libnativehelper.so 0x0
D/dalvikvm( 7168): Added shared lib libnativehelper.so 0x0
D/dalvikvm( 7168): No JNI_OnLoad found in libnativehelper.so 0x0, skipping init
D/dalvikvm( 7168): Note: class Landroid/app/ActivityManagerNative; has 179 unimplemented (abstract) methods
D/AndroidRuntime( 7168): Calling main entry com.android.commands.input.Input
I/Input   ( 7168): injectKeyEvent: KeyEvent { action=ACTION_DOWN, keyCode=KEYCODE_BACK, scanCode=0, metaState=0, flags=0x0, repeatCount=0, eventTime=280093, downTime=280093, deviceId=-1, source=0x101 }
I/Input   ( 7168): injectKeyEvent: KeyEvent { action=ACTION_UP, keyCode=KEYCODE_BACK, scanCode=0, metaState=0, flags=0x0, repeatCount=0, eventTime=280093, downTime=280093, deviceId=-1, source=0x101 }
D/AndroidRuntime( 7168): Shutting down VM
D/dalvikvm( 7168): GC_CONCURRENT freed 98K, 16% free 563K/664K, paused 0ms+0ms, total 2ms
D/AndroidRuntime( 7237): 
D/AndroidRuntime( 7237): >>>>>> AndroidRuntime START com.android.internal.os.RuntimeInit <<<<<<
D/AndroidRuntime( 7237): CheckJNI is OFF
D/dalvikvm( 7237): Trying to load lib libjavacore.so 0x0
D/dalvikvm( 7237): Added shared lib libjavacore.so 0x0
D/dalvikvm( 7237): Trying to load lib libnativehelper.so 0x0
D/dalvikvm( 7237): Added shared lib libnativehelper.so 0x0
D/dalvikvm( 7237): No JNI_OnLoad found in libnativehelper.so 0x0, skipping init
D/dalvikvm( 7237): Note: class Landroid/app/ActivityManagerNative; has 179 unimplemented (abstract) methods
D/AndroidRuntime( 7237): Calling main entry com.android.commands.input.Input
I/Input   ( 7237): injectKeyEvent: KeyEvent { action=ACTION_DOWN, keyCode=KEYCODE_HOME, scanCode=0, metaState=0, flags=0x0, repeatCount=0, eventTime=281943, downTime=281943, deviceId=-1, source=0x101 }
I/Input   ( 7237): injectKeyEvent: KeyEvent { action=ACTION_UP, keyCode=KEYCODE_HOME, scanCode=0, metaState=0, flags=0x0, repeatCount=0, eventTime=281943, downTime=281943, deviceId=-1, source=0x101 }
I/ActivityManager(  568): START u0 {act=android.intent.action.MAIN cat=[android.intent.category.HOME] flg=0x10200000 cmp=com.android.launcher/com.android.launcher2.Launcher} from pid 568
D/AndroidRuntime( 7237): Shutting down VM
D/dalvikvm( 7237): GC_CONCURRENT freed 98K, 16% free 563K/664K, paused 0ms+0ms, total 2ms
D/AndroidRuntime( 7278): 
D/AndroidRuntime( 7278): >>>>>> AndroidRuntime START com.android.internal.os.RuntimeInit <<<<<<
D/AndroidRuntime( 7278): CheckJNI is OFF
D/dalvikvm( 7278): Trying to load lib libjavacore.so 0x0
D/dalvikvm( 7278): Added shared lib libjavacore.so 0x0
D/dalvikvm( 7278): Trying to load lib libnativehelper.so 0x0
D/dalvikvm( 7278): Added shared lib libnativehelper.so 0x0
D/dalvikvm( 7278): No JNI_OnLoad found in libnativehelper.so 0x0, skipping init
D/dalvikvm( 7278): Note: class Landroid/app/ActivityManagerNative; has 179 unimplemented (abstract) methods
D/dalvikvm( 1270): GC_CONCURRENT freed 440K, 5% free 9575K/10052K, paused 3ms+2ms, total 22ms
D/Finsky  ( 1270): [1] 5.onFinished: Installation state replication succeeded.
D/AndroidRuntime( 7278): Calling main entry com.android.commands.input.Input
I/Input   ( 7278): injectKeyEvent: KeyEvent { action=ACTION_DOWN, keyCode=KEYCODE_BACK, scanCode=0, metaState=0, flags=0x0, repeatCount=0, eventTime=283286, downTime=283286, deviceId=-1, source=0x101 }
I/Input   ( 7278): injectKeyEvent: KeyEvent { action=ACTION_UP, keyCode=KEYCODE_BACK, scanCode=0, metaState=0, flags=0x0, repeatCount=0, eventTime=283286, downTime=283286, deviceId=-1, source=0x101 }
D/AndroidRuntime( 7278): Shutting down VM
D/dalvikvm( 7278): GC_CONCURRENT freed 98K, 16% free 563K/664K, paused 0ms+1ms, total 3ms
D/AndroidRuntime( 7317): 
D/AndroidRuntime( 7317): >>>>>> AndroidRuntime START com.android.internal.os.RuntimeInit <<<<<<
D/AndroidRuntime( 7317): CheckJNI is OFF
D/dalvikvm( 7317): Trying to load lib libjavacore.so 0x0
D/dalvikvm( 7317): Added shared lib libjavacore.so 0x0
D/dalvikvm( 7317): Trying to load lib libnativehelper.so 0x0
D/dalvikvm( 7317): Added shared lib libnativehelper.so 0x0
D/dalvikvm( 7317): No JNI_OnLoad found in libnativehelper.so 0x0, skipping init
D/dalvikvm( 7317): Note: class Landroid/app/ActivityManagerNative; has 179 unimplemented (abstract) methods
D/AndroidRuntime( 7317): Calling main entry com.android.commands.am.Am
I/ActivityManager(  568): Force stopping com.careerbuilder.SugarDrone appid=18643 user=0: start instr
D/dalvikvm( 7344): Late-enabling CheckJNI
I/ActivityManager(  568): Start proc com.careerbuilder.SugarDrone for added application com.careerbuilder.SugarDrone: pid=7344 uid=18643 gids={58643, 3003, 1028, 1015}
I/dalvikvm( 7344): Could not find method android.app.Instrumentation.execStartActivity, referenced from method sh.calaba.exposed.InstrumentationExposed.execStartActivity
W/dalvikvm( 7344): VFY: unable to resolve virtual method 38: Landroid/app/Instrumentation;.execStartActivity (Landroid/content/Context;Landroid/os/IBinder;Landroid/os/IBinder;Landroid/app/Activity;Landroid/content/Intent;I)Landroid/app/Instrumentation$ActivityResult;
D/dalvikvm( 7344): VFY: replacing opcode 0x75 at 0x0000
I/dalvikvm( 7344): Could not find method android.app.Instrumentation.execStartActivity, referenced from method sh.calaba.exposed.InstrumentationExposed.execStartActivity
W/dalvikvm( 7344): VFY: unable to resolve virtual method 41: Landroid/app/Instrumentation;.execStartActivity (Landroid/content/Context;Landroid/os/IBinder;Landroid/os/IBinder;Landroid/app/Fragment;Landroid/content/Intent;I)Landroid/app/Instrumentation$ActivityResult;
D/dalvikvm( 7344): VFY: replacing opcode 0x75 at 0x0000
I/dalvikvm( 7344): Could not find method android.app.Instrumentation.execStartActivityAsCaller, referenced from method sh.calaba.exposed.InstrumentationExposed.execStartActivityAsCaller
W/dalvikvm( 7344): VFY: unable to resolve virtual method 43: Landroid/app/Instrumentation;.execStartActivityAsCaller (Landroid/content/Context;Landroid/os/IBinder;Landroid/os/IBinder;Landroid/app/Activity;Landroid/content/Intent;ILandroid/os/Bundle;I)Landroid/app/Instrumentation$ActivityResult;
D/dalvikvm( 7344): VFY: replacing opcode 0x75 at 0x0000
D/dalvikvm( 7344): Trying to load lib /data/app-lib/com.careerbuilder.SugarDrone-1/libmonodroid.so 0x42365fb8
D/dalvikvm( 7344): Added shared lib /data/app-lib/com.careerbuilder.SugarDrone-1/libmonodroid.so 0x42365fb8
W/monodroid( 7344): Using override path: /data/data/com.careerbuilder.SugarDrone/files/.__override__
W/monodroid( 7344): Trying to load sgen from: /data/data/com.careerbuilder.SugarDrone/files/.__override__/libmonosgen-2.0.so
W/monodroid( 7344): Trying to load sgen from: /storage/emulated/0/Android/data/com.careerbuilder.SugarDrone/files/.__override__/libmonosgen-2.0.so
W/monodroid( 7344): Trying to load sgen from: /data/app-lib/com.careerbuilder.SugarDrone-1/libmonosgen-2.0.so
D/Mono    ( 7344): Image addref mscorlib[0x75926c28] -> mscorlib.dll[0x75925f70]: 2
D/Mono    ( 7344): Prepared to set up assembly 'mscorlib' (mscorlib.dll)
D/Mono    ( 7344): AOT module 'mscorlib.dll.so' not found: dlopen failed: library "/data/app-lib/com.careerbuilder.SugarDrone-1/libaot-mscorlib.dll.so" not found
D/Mono    ( 7344): AOT module '/Users/builder/data/lanes/4009/3a62f1ea/source/monodroid/builds/install/mono-armv6/lib/mono/aot-cache/arm/mscorlib.dll.so' not found: dlopen failed: library "/data/app-lib/com.careerbuilder.SugarDrone-1/libaot-mscorlib.dll.so" not found
D/Mono    ( 7344): Config attempting to parse: 'mscorlib.dll.config'.
D/Mono    ( 7344): Config attempting to parse: '/Users/builder/data/lanes/4009/3a62f1ea/source/monodroid/builds/install/mono-armv6/etc/mono/assemblies/mscorlib/mscorlib.config'.
D/Mono    ( 7344): Assembly mscorlib[0x75926c28] added to domain RootDomain, ref_count=1
D/Mono    ( 7344): Image addref CareerBuilder_Search.Droid[0x7a3eac38] -> CareerBuilder_Search.Droid.dll[0x7a3e9f80]: 2
D/Mono    ( 7344): Prepared to set up assembly 'CareerBuilder_Search.Droid' (CareerBuilder_Search.Droid.dll)
D/Mono    ( 7344): Assembly CareerBuilder_Search.Droid[0x7a3eac38] added to domain RootDomain, ref_count=1
D/Mono    ( 7344): AOT module 'CareerBuilder_Search.Droid.dll.so' not found: dlopen failed: library "/data/app-lib/com.careerbuilder.SugarDrone-1/libaot-CareerBuilder_Search.Droid.dll.so" not found
D/Mono    ( 7344): AOT module '/Users/builder/data/lanes/4009/3a62f1ea/source/monodroid/builds/install/mono-armv6/lib/mono/aot-cache/arm/CareerBuilder_Search.Droid.dll.so' not found: dlopen failed: library "/data/app-lib/com.careerbuilder.SugarDrone-1/libaot-CareerBuilder_Search.Droid.dll.so" not found
D/Mono    ( 7344): Config attempting to parse: 'CareerBuilder_Search.Droid.dll.config'.
D/Mono    ( 7344): Config attempting to parse: '/Users/builder/data/lanes/4009/3a62f1ea/source/monodroid/builds/install/mono-armv6/etc/mono/assemblies/CareerBuilder_Search.Droid/CareerBuilder_Search.Droid.config'.
D/Mono    ( 7344): Image addref AppsFlyerXamarinBindingAndroid[0x7a3eba90] -> AppsFlyerXamarinBindingAndroid.dll[0x7a3eae30]: 2
D/Mono    ( 7344): Prepared to set up assembly 'AppsFlyerXamarinBindingAndroid' (AppsFlyerXamarinBindingAndroid.dll)
D/Mono    ( 7344): Assembly AppsFlyerXamarinBindingAndroid[0x7a3eba90] added to domain RootDomain, ref_count=1
D/Mono    ( 7344): AOT module 'AppsFlyerXamarinBindingAndroid.dll.so' not found: dlopen failed: library "/data/app-lib/com.careerbuilder.SugarDrone-1/libaot-AppsFlyerXamarinBindingAndroid.dll.so" not found
D/Mono    ( 7344): AOT module '/Users/builder/data/lanes/4009/3a62f1ea/source/monodroid/builds/install/mono-armv6/lib/mono/aot-cache/arm/AppsFlyerXamarinBindingAndroid.dll.so' not found: dlopen failed: library "/data/app-lib/com.careerbuilder.SugarDrone-1/libaot-AppsFlyerXamarinBindingAndroid.dll.so" not found
D/Mono    ( 7344): Config attempting to parse: 'AppsFlyerXamarinBindingAndroid.dll.config'.
D/Mono    ( 7344): Config attempting to parse: '/Users/builder/data/lanes/4009/3a62f1ea/source/monodroid/builds/install/mono-armv6/etc/mono/assemblies/AppsFlyerXamarinBindingAndroid/AppsFlyerXamarinBindingAndroid.config'.
D/Mono    ( 7344): Image addref HockeySDK[0x7a3ec7c0] -> HockeySDK.dll[0x7a3ebb90]: 2
D/Mono    ( 7344): Prepared to set up assembly 'HockeySDK' (HockeySDK.dll)
D/Mono    ( 7344): Assembly HockeySDK[0x7a3ec7c0] added to domain RootDomain, ref_count=1
D/Mono    ( 7344): AOT module 'HockeySDK.dll.so' not found: dlopen failed: library "/data/app-lib/com.careerbuilder.SugarDrone-1/libaot-HockeySDK.dll.so" not found
D/Mono    ( 7344): AOT module '/Users/builder/data/lanes/4009/3a62f1ea/source/monodroid/builds/install/mono-armv6/lib/mono/aot-cache/arm/HockeySDK.dll.so' not found: dlopen failed: library "/data/app-lib/com.careerbuilder.SugarDrone-1/libaot-HockeySDK.dll.so" not found
D/Mono    ( 7344): Config attempting to parse: 'HockeySDK.dll.config'.
D/Mono    ( 7344): Config attempting to parse: '/Users/builder/data/lanes/4009/3a62f1ea/source/monodroid/builds/install/mono-armv6/etc/mono/assemblies/HockeySDK/HockeySDK.config'.
D/Mono    ( 7344): Image addref Akavache[0x7a3ed538] -> Akavache.dll[0x7a3ec8a8]: 2
D/Mono    ( 7344): Prepared to set up assembly 'Akavache' (Akavache.dll)
D/Mono    ( 7344): Assembly Akavache[0x7a3ed538] added to domain RootDomain, ref_count=1
D/Mono    ( 7344): AOT module 'Akavache.dll.so' not found: dlopen failed: library "/data/app-lib/com.careerbuilder.SugarDrone-1/libaot-Akavache.dll.so" not found
D/Mono    ( 7344): AOT module '/Users/builder/data/lanes/4009/3a62f1ea/source/monodroid/builds/install/mono-armv6/lib/mono/aot-cache/arm/Akavache.dll.so' not found: dlopen failed: library "/data/app-lib/com.careerbuilder.SugarDrone-1/libaot-Akavache.dll.so" not found
D/Mono    ( 7344): Config attempting to parse: 'Akavache.dll.config'.
D/Mono    ( 7344): Config attempting to parse: '/Users/builder/data/lanes/4009/3a62f1ea/source/monodroid/builds/install/mono-armv6/etc/mono/assemblies/Akavache/Akavache.config'.
D/Mono    ( 7344): Image addref Akavache.Sqlite3[0x7a3ee2a8] -> Akavache.Sqlite3.dll[0x7a3ed658]: 2
D/Mono    ( 7344): Prepared to set up assembly 'Akavache.Sqlite3' (Akavache.Sqlite3.dll)
D/Mono    ( 7344): Assembly Akavache.Sqlite3[0x7a3ee2a8] added to domain RootDomain, ref_count=1
D/Mono    ( 7344): AOT module 'Akavache.Sqlite3.dll.so' not found: dlopen failed: library "/data/app-lib/com.careerbuilder.SugarDrone-1/libaot-Akavache.Sqlite3.dll.so" not found
D/Mono    ( 7344): AOT module '/Users/builder/data/lanes/4009/3a62f1ea/source/monodroid/builds/install/mono-armv6/lib/mono/aot-cache/arm/Akavache.Sqlite3.dll.so' not found: dlopen failed: library "/data/app-lib/com.careerbuilder.SugarDrone-1/libaot-Akavache.Sqlite3.dll.so" not found
W/        ( 7344): Symbol file LoadedFromMemory doesn't match image Akavache.Sqlite3.dll
D/Mono    ( 7344): Config attempting to parse: 'Akavache.Sqlite3.dll.config'.
D/Mono    ( 7344): Config attempting to parse: '/Users/builder/data/lanes/4009/3a62f1ea/source/monodroid/builds/install/mono-armv6/etc/mono/assemblies/Akavache.Sqlite3/Akavache.Sqlite3.config'.
D/Mono    ( 7344): Image addref Splat[0x7a3eef80] -> Splat.dll[0x7a3ee418]: 2
D/Mono    ( 7344): Prepared to set up assembly 'Splat' (Splat.dll)
D/Mono    ( 7344): Assembly Splat[0x7a3eef80] added to domain RootDomain, ref_count=1
D/Mono    ( 7344): AOT module 'Splat.dll.so' not found: dlopen failed: library "/data/app-lib/com.careerbuilder.SugarDrone-1/libaot-Splat.dll.so" not found
D/Mono    ( 7344): AOT module '/Users/builder/data/lanes/4009/3a62f1ea/source/monodroid/builds/install/mono-armv6/lib/mono/aot-cache/arm/Splat.dll.so' not found: dlopen failed: library "/data/app-lib/com.careerbuilder.SugarDrone-1/libaot-Splat.dll.so" not found
D/Mono    ( 7344): Config attempting to parse: 'Splat.dll.config'.
D/Mono    ( 7344): Config attempting to parse: '/Users/builder/data/lanes/4009/3a62f1ea/source/monodroid/builds/install/mono-armv6/etc/mono/assemblies/Splat/Splat.config'.
D/Mono    ( 7344): Image addref Microsoft.Practices.ServiceLocation[0x7a3f8e10] -> Microsoft.Practices.ServiceLocation.dll[0x7a3f81d0]: 2
D/Mono    ( 7344): Prepared to set up assembly 'Microsoft.Practices.ServiceLocation' (Microsoft.Practices.ServiceLocation.dll)
D/Mono    ( 7344): Assembly Microsoft.Practices.ServiceLocation[0x7a3f8e10] added to domain RootDomain, ref_count=1
D/Mono    ( 7344): AOT module 'Microsoft.Practices.ServiceLocation.dll.so' not found: dlopen failed: library "/data/app-lib/com.careerbuilder.SugarDrone-1/libaot-Microsoft.Practices.ServiceLocation.dll.so" not found
D/Mono    ( 7344): AOT module '/Users/builder/data/lanes/4009/3a62f1ea/source/monodroid/builds/install/mono-armv6/lib/mono/aot-cache/arm/Microsoft.Practices.ServiceLocation.dll.so' not found: dlopen failed: library "/data/app-lib/com.careerbuilder.SugarDrone-1/libaot-Microsoft.Practices.ServiceLocation.dll.so" not found
D/Mono    ( 7344): Config attempting to parse: 'Microsoft.Practices.ServiceLocation.dll.config'.
D/Mono    ( 7344): Config attempting to parse: '/Users/builder/data/lanes/4009/3a62f1ea/source/monodroid/builds/install/mono-armv6/etc/mono/assemblies/Microsoft.Practices.ServiceLocation/Microsoft.Practices.ServiceLocation.config'.
D/Mono    ( 7344): Image addref Microsoft.Practices.Unity[0x7a3fa3f8] -> Microsoft.Practices.Unity.dll[0x7a3f9788]: 2
D/Mono    ( 7344): Prepared to set up assembly 'Microsoft.Practices.Unity' (Microsoft.Practices.Unity.dll)
D/Mono    ( 7344): Assembly Microsoft.Practices.Unity[0x7a3fa3f8] added to domain RootDomain, ref_count=1
D/Mono    ( 7344): AOT module 'Microsoft.Practices.Unity.dll.so' not found: dlopen failed: library "/data/app-lib/com.careerbuilder.SugarDrone-1/libaot-Microsoft.Practices.Unity.dll.so" not found
D/Mono    ( 7344): AOT module '/Users/builder/data/lanes/4009/3a62f1ea/source/monodroid/builds/install/mono-armv6/lib/mono/aot-cache/arm/Microsoft.Practices.Unity.dll.so' not found: dlopen failed: library "/data/app-lib/com.careerbuilder.SugarDrone-1/libaot-Microsoft.Practices.Unity.dll.so" not found
D/Mono    ( 7344): Config attempting to parse: 'Microsoft.Practices.Unity.dll.config'.
D/Mono    ( 7344): Config attempting to parse: '/Users/builder/data/lanes/4009/3a62f1ea/source/monodroid/builds/install/mono-armv6/etc/mono/assemblies/Microsoft.Practices.Unity/Microsoft.Practices.Unity.config'.
D/Mono    ( 7344): Image addref Plugin.CurrentActivity[0x7a3fb148] -> Plugin.CurrentActivity.dll[0x7a3fa518]: 2
D/Mono    ( 7344): Prepared to set up assembly 'Plugin.CurrentActivity' (Plugin.CurrentActivity.dll)
D/Mono    ( 7344): Assembly Plugin.CurrentActivity[0x7a3fb148] added to domain RootDomain, ref_count=1
D/Mono    ( 7344): AOT module 'Plugin.CurrentActivity.dll.so' not found: dlopen failed: library "/data/app-lib/com.careerbuilder.SugarDrone-1/libaot-Plugin.CurrentActivity.dll.so" not found
D/Mono    ( 7344): AOT module '/Users/builder/data/lanes/4009/3a62f1ea/source/monodroid/builds/install/mono-armv6/lib/mono/aot-cache/arm/Plugin.CurrentActivity.dll.so' not found: dlopen failed: library "/data/app-lib/com.careerbuilder.SugarDrone-1/libaot-Plugin.CurrentActivity.dll.so" not found
D/Mono    ( 7344): Config attempting to parse: 'Plugin.CurrentActivity.dll.config'.
D/Mono    ( 7344): Config attempting to parse: '/Users/builder/data/lanes/4009/3a62f1ea/source/monodroid/builds/install/mono-armv6/etc/mono/assemblies/Plugin.CurrentActivity/Plugin.CurrentActivity.config'.
D/Mono    ( 7344): Image addref Plugin.Permissions[0x7a3fbe98] -> Plugin.Permissions.dll[0x7a3fb278]: 2
D/Mono    ( 7344): Prepared to set up assembly 'Plugin.Permissions' (Plugin.Permissions.dll)
D/Mono    ( 7344): Assembly Plugin.Permissions[0x7a3fbe98] added to domain RootDomain, ref_count=1
D/Mono    ( 7344): AOT module 'Plugin.Permissions.dll.so' not found: dlopen failed: library "/data/app-lib/com.careerbuilder.SugarDrone-1/libaot-Plugin.Permissions.dll.so" not found
D/Mono    ( 7344): AOT module '/Users/builder/data/lanes/4009/3a62f1ea/source/monodroid/builds/install/mono-armv6/lib/mono/aot-cache/arm/Plugin.Permissions.dll.so' not found: dlopen failed: library "/data/app-lib/com.careerbuilder.SugarDrone-1/libaot-Plugin.Permissions.dll.so" not found
D/Mono    ( 7344): Config attempting to parse: 'Plugin.Permissions.dll.config'.
D/Mono    ( 7344): Config attempting to parse: '/Users/builder/data/lanes/4009/3a62f1ea/source/monodroid/builds/install/mono-armv6/etc/mono/assemblies/Plugin.Permissions/Plugin.Permissions.config'.
D/Mono    ( 7344): Image addref Plugin.Permissions.Abstractions[0x7a3fd5b8] -> Plugin.Permissions.Abstractions.dll[0x7a3fc958]: 2
D/Mono    ( 7344): Prepared to set up assembly 'Plugin.Permissions.Abstractions' (Plugin.Permissions.Abstractions.dll)
D/Mono    ( 7344): Assembly Plugin.Permissions.Abstractions[0x7a3fd5b8] added to domain RootDomain, ref_count=1
D/Mono    ( 7344): AOT module 'Plugin.Permissions.Abstractions.dll.so' not found: dlopen failed: library "/data/app-lib/com.careerbuilder.SugarDrone-1/libaot-Plugin.Permissions.Abstractions.dll.so" not found
D/Mono    ( 7344): AOT module '/Users/builder/data/lanes/4009/3a62f1ea/source/monodroid/builds/install/mono-armv6/lib/mono/aot-cache/arm/Plugin.Permissions.Abstractions.dll.so' not found: dlopen failed: library "/data/app-lib/com.careerbuilder.SugarDrone-1/libaot-Plugin.Permissions.Abstractions.dll.so" not found
D/Mono    ( 7344): Config attempting to parse: 'Plugin.Permissions.Abstractions.dll.config'.
D/Mono    ( 7344): Config attempting to parse: '/Users/builder/data/lanes/4009/3a62f1ea/source/monodroid/builds/install/mono-armv6/etc/mono/assemblies/Plugin.Permissions.Abstractions/Plugin.Permissions.Abstractions.config'.
D/Mono    ( 7344): Image addref Plugin.Geolocator[0x7a3fe468] -> Plugin.Geolocator.dll[0x7a3fd818]: 2
D/Mono    ( 7344): Prepared to set up assembly 'Plugin.Geolocator' (Plugin.Geolocator.dll)
D/Mono    ( 7344): Assembly Plugin.Geolocator[0x7a3fe468] added to domain RootDomain, ref_count=1
D/Mono    ( 7344): AOT module 'Plugin.Geolocator.dll.so' not found: dlopen failed: library "/data/app-lib/com.careerbuilder.SugarDrone-1/libaot-Plugin.Geolocator.dll.so" not found
D/Mono    ( 7344): AOT module '/Users/builder/data/lanes/4009/3a62f1ea/source/monodroid/builds/install/mono-armv6/lib/mono/aot-cache/arm/Plugin.Geolocator.dll.so' not found: dlopen failed: library "/data/app-lib/com.careerbuilder.SugarDrone-1/libaot-Plugin.Geolocator.dll.so" not found
D/Mono    ( 7344): Config attempting to parse: 'Plugin.Geolocator.dll.config'.
D/Mono    ( 7344): Config attempting to parse: '/Users/builder/data/lanes/4009/3a62f1ea/source/monodroid/builds/install/mono-armv6/etc/mono/assemblies/Plugin.Geolocator/Plugin.Geolocator.config'.
D/Mono    ( 7344): Image addref Plugin.Geolocator.Abstractions[0x7b198430] -> Plugin.Geolocator.Abstractions.dll[0x7a3fe680]: 2
D/Mono    ( 7344): Prepared to set up assembly 'Plugin.Geolocator.Abstractions' (Plugin.Geolocator.Abstractions.dll)
D/Mono    ( 7344): Assembly Plugin.Geolocator.Abstractions[0x7b198430] added to domain RootDomain, ref_count=1
D/Mono    ( 7344): AOT module 'Plugin.Geolocator.Abstractions.dll.so' not found: dlopen failed: library "/data/app-lib/com.careerbuilder.SugarDrone-1/libaot-Plugin.Geolocator.Abstractions.dll.so" not found
D/Mono    ( 7344): AOT module '/Users/builder/data/lanes/4009/3a62f1ea/source/monodroid/builds/install/mono-armv6/lib/mono/aot-cache/arm/Plugin.Geolocator.Abstractions.dll.so' not found: dlopen failed: library "/data/app-lib/com.careerbuilder.SugarDrone-1/libaot-Plugin.Geolocator.Abstractions.dll.so" not found
D/Mono    ( 7344): Config attempting to parse: 'Plugin.Geolocator.Abstractions.dll.config'.
D/Mono    ( 7344): Config attempting to parse: '/Users/builder/data/lanes/4009/3a62f1ea/source/monodroid/builds/install/mono-armv6/etc/mono/assemblies/Plugin.Geolocator.Abstractions/Plugin.Geolocator.Abstractions.config'.
D/Mono    ( 7344): Image addref Plugin.DeviceInfo[0x7a3ff7d8] -> Plugin.DeviceInfo.dll[0x7b198b48]: 2
D/Mono    ( 7344): Prepared to set up assembly 'Plugin.DeviceInfo' (Plugin.DeviceInfo.dll)
D/Mono    ( 7344): Assembly Plugin.DeviceInfo[0x7a3ff7d8] added to domain RootDomain, ref_count=1
D/Mono    ( 7344): AOT module 'Plugin.DeviceInfo.dll.so' not found: dlopen failed: library "/data/app-lib/com.careerbuilder.SugarDrone-1/libaot-Plugin.DeviceInfo.dll.so" not found
D/Mono    ( 7344): AOT module '/Users/builder/data/lanes/4009/3a62f1ea/source/monodroid/builds/install/mono-armv6/lib/mono/aot-cache/arm/Plugin.DeviceInfo.dll.so' not found: dlopen failed: library "/data/app-lib/com.careerbuilder.SugarDrone-1/libaot-Plugin.DeviceInfo.dll.so" not found
D/Mono    ( 7344): Config attempting to parse: 'Plugin.DeviceInfo.dll.config'.
D/Mono    ( 7344): Config attempting to parse: '/Users/builder/data/lanes/4009/3a62f1ea/source/monodroid/builds/install/mono-armv6/etc/mono/assemblies/Plugin.DeviceInfo/Plugin.DeviceInfo.config'.
D/Mono    ( 7344): Image addref Plugin.DeviceInfo.Abstractions[0x7b1999e8] -> Plugin.DeviceInfo.Abstractions.dll[0x7b199008]: 2
D/Mono    ( 7344): Prepared to set up assembly 'Plugin.DeviceInfo.Abstractions' (Plugin.DeviceInfo.Abstractions.dll)
D/Mono    ( 7344): Assembly Plugin.DeviceInfo.Abstractions[0x7b1999e8] added to domain RootDomain, ref_count=1
D/Mono    ( 7344): AOT module 'Plugin.DeviceInfo.Abstractions.dll.so' not found: dlopen failed: library "/data/app-lib/com.careerbuilder.SugarDrone-1/libaot-Plugin.DeviceInfo.Abstractions.dll.so" not found
D/Mono    ( 7344): AOT module '/Users/builder/data/lanes/4009/3a62f1ea/source/monodroid/builds/install/mono-armv6/lib/mono/aot-cache/arm/Plugin.DeviceInfo.Abstractions.dll.so' not found: dlopen failed: library "/data/app-lib/com.careerbuilder.SugarDrone-1/libaot-Plugin.DeviceInfo.Abstractions.dll.so" not found
D/Mono    ( 7344): Config attempting to parse: 'Plugin.DeviceInfo.Abstractions.dll.config'.
D/Mono    ( 7344): Config attempting to parse: '/Users/builder/data/lanes/4009/3a62f1ea/source/monodroid/builds/install/mono-armv6/etc/mono/assemblies/Plugin.DeviceInfo.Abstractions/Plugin.DeviceInfo.Abstractions.config'.
D/Mono    ( 7344): Image addref Xamarin.GooglePlayServices.Analytics[0x7b19a8d0] -> Xamarin.GooglePlayServices.Analytics.dll[0x7b199cc0]: 2
D/Mono    ( 7344): Prepared to set up assembly 'Xamarin.GooglePlayServices.Analytics' (Xamarin.GooglePlayServices.Analytics.dll)
D/Mono    ( 7344): Assembly Xamarin.GooglePlayServices.Analytics[0x7b19a8d0] added to domain RootDomain, ref_count=1
D/Mono    ( 7344): AOT module 'Xamarin.GooglePlayServices.Analytics.dll.so' not found: dlopen failed: library "/data/app-lib/com.careerbuilder.SugarDrone-1/libaot-Xamarin.GooglePlayServices.Analytics.dll.so" not found
D/Mono    ( 7344): AOT module '/Users/builder/data/lanes/4009/3a62f1ea/source/monodroid/builds/install/mono-armv6/lib/mono/aot-cache/arm/Xamarin.GooglePlayServices.Analytics.dll.so' not found: dlopen failed: library "/data/app-lib/com.careerbuilder.SugarDrone-1/libaot-Xamarin.GooglePlayServices.Analytics.dll.so" not found
D/Mono    ( 7344): Config attempting to parse: 'Xamarin.GooglePlayServices.Analytics.dll.config'.
D/Mono    ( 7344): Config attempting to parse: '/Users/builder/data/lanes/4009/3a62f1ea/source/monodroid/builds/install/mono-armv6/etc/mono/assemblies/Xamarin.GooglePlayServices.Analytics/Xamarin.GooglePlayServices.Analytics.config'.
D/Mono    ( 7344): Image addref Xamarin.GooglePlayServices.Base[0x7b19b628] -> Xamarin.GooglePlayServices.Base.dll[0x7b19aa70]: 2
D/Mono    ( 7344): Prepared to set up assembly 'Xamarin.GooglePlayServices.Base' (Xamarin.GooglePlayServices.Base.dll)
D/Mono    ( 7344): Assembly Xamarin.GooglePlayServices.Base[0x7b19b628] added to domain RootDomain, ref_count=1
D/Mono    ( 7344): AOT module 'Xamarin.GooglePlayServices.Base.dll.so' not found: dlopen failed: library "/data/app-lib/com.careerbuilder.SugarDrone-1/libaot-Xamarin.GooglePlayServices.Base.dll.so" not found
