W/ResourceType( 7051): No known package when getting name for resource number 0xffffffff
W/ResourceType( 7051): No known package when getting name for resource number 0xffffffff
W/ResourceType( 7051): No known package when getting name for resource number 0xffffffff
W/ResourceType( 7051): No known package when getting name for resource number 0xffffffff
D/dalvikvm( 7051): GC_CONCURRENT freed 530K, 7% free 10590K/11284K, paused 1ms+2ms, total 21ms
D/dalvikvm( 7051): WAIT_FOR_CONCURRENT_GC blocked 5ms
D/dalvikvm( 7051): GC_CONCURRENT freed 523K, 7% free 10594K/11284K, paused 1ms+2ms, total 23ms
I/System.out( 7051): URI: /map
I/System.out( 7051): params: {json={"query":"* id:'agreeAndContinueButton'","operation":{"method_name":"query","arguments":[]}}
I/System.out( 7051): }
D/dalvikvm( 7051): GC_CONCURRENT freed 498K, 6% free 10633K/11284K, paused 3ms+17ms, total 34ms
D/dalvikvm( 7051): WAIT_FOR_CONCURRENT_GC blocked 2ms
D/dalvikvm( 7051): WAIT_FOR_CONCURRENT_GC blocked 3ms
W/ResourceType( 7051): No known package when getting name for resource number 0xffffffff
W/ResourceType( 7051): No known package when getting name for resource number 0xffffffff
W/ResourceType( 7051): No known package when getting name for resource number 0xffffffff
W/ResourceType( 7051): No known package when getting name for resource number 0xffffffff
W/ResourceType( 7051): No known package when getting name for resource number 0xffffffff
W/ResourceType( 7051): No known package when getting name for resource number 0xffffffff
W/ResourceType( 7051): No known package when getting name for resource number 0xffffffff
D/dalvikvm( 7051): GC_CONCURRENT freed 519K, 6% free 10666K/11284K, paused 1ms+8ms, total 23ms
D/dalvikvm( 7051): WAIT_FOR_CONCURRENT_GC blocked 3ms
D/Mono    ( 7051): Assembly Ref addref System.Net.Http[0x7bbfae38] -> System.Core[0x7ba45468]: 13
D/Mono    ( 7051): DllImport searching in: '__Internal' ('(null)').
D/Mono    ( 7051): Searching for 'java_interop_jnienv_call_nonvirtual_int_method_a'.
D/Mono    ( 7051): Probing 'java_interop_jnienv_call_nonvirtual_int_method_a'.
D/Mono    ( 7051): Found as 'java_interop_jnienv_call_nonvirtual_int_method_a'.
D/Mono    ( 7051): DllImport searching in: '__Internal' ('(null)').
D/Mono    ( 7051): Searching for 'java_interop_jnienv_get_float_field'.
D/Mono    ( 7051): Probing 'java_interop_jnienv_get_float_field'.
D/Mono    ( 7051): Found as 'java_interop_jnienv_get_float_field'.
D/Mono    ( 7051): Assembly Ref addref Mono.Android[0x7a3ea3e8] -> System[0x7b89bba8]: 12
D/Mono    ( 7051): DllImport searching in: '__Internal' ('(null)').
D/dalvikvm( 7051): GC_CONCURRENT freed 566K, 7% free 10599K/11284K, paused 1ms+3ms, total 28ms
D/Mono    ( 7051): Searching for 'java_interop_jnienv_new_object_array'.
D/Mono    ( 7051): Probing 'java_interop_jnienv_new_object_array'.
D/Mono    ( 7051): Found as 'java_interop_jnienv_new_object_array'.
D/Mono    ( 7051): DllImport searching in: '__Internal' ('(null)').
D/Mono    ( 7051): Searching for 'java_interop_jnienv_set_object_array_element'.
D/Mono    ( 7051): Probing 'java_interop_jnienv_set_object_array_element'.
D/Mono    ( 7051): Found as 'java_interop_jnienv_set_object_array_element'.
I/System.out( 7051): URI: /map
I/System.out( 7051): params: {json={"query":"* id:'agreeAndContinueButton'","operation":{"method_name":"query","arguments":[]}}
I/System.out( 7051): }
W/ResourceType( 7051): No known package when getting name for resource number 0xffffffff
W/ResourceType( 7051): No known package when getting name for resource number 0xffffffff
W/ResourceType( 7051): No known package when getting name for resource number 0xffffffff
D/dalvikvm( 7051): GC_CONCURRENT freed 516K, 6% free 10623K/11284K, paused 2ms+2ms, total 30ms
D/dalvikvm( 7051): WAIT_FOR_CONCURRENT_GC blocked 6ms
D/dalvikvm( 7051): WAIT_FOR_CONCURRENT_GC blocked 6ms
W/ResourceType( 7051): No known package when getting name for resource number 0xffffffff
W/ResourceType( 7051): No known package when getting name for resource number 0xffffffff
W/ResourceType( 7051): No known package when getting name for resource number 0xffffffff
W/ResourceType( 7051): No known package when getting name for resource number 0xffffffff
D/dalvikvm( 7051): GC_CONCURRENT freed 574K, 7% free 10597K/11284K, paused 2ms+1ms, total 28ms
D/dalvikvm( 7051): WAIT_FOR_CONCURRENT_GC blocked 12ms
D/dalvikvm( 7051): GC_CONCURRENT freed 507K, 6% free 10629K/11284K, paused 3ms+2ms, total 26ms
D/dalvikvm( 7051): WAIT_FOR_CONCURRENT_GC blocked 9ms
I/System.out( 7051): URI: /map
I/System.out( 7051): params: {json={"query":"* id:'agreeAndContinueButton'","operation":{"method_name":"query","arguments":[]}}
I/System.out( 7051): }
W/ResourceType( 7051): No known package when getting name for resource number 0xffffffff
W/ResourceType( 7051): No known package when getting name for resource number 0xffffffff
W/ResourceType( 7051): No known package when getting name for resource number 0xffffffff
W/ResourceType( 7051): No known package when getting name for resource number 0xffffffff
W/ResourceType( 7051): No known package when getting name for resource number 0xffffffff
W/ResourceType( 7051): No known package when getting name for resource number 0xffffffff
W/ResourceType( 7051): No known package when getting name for resource number 0xffffffff
D/dalvikvm( 7051): GC_CONCURRENT freed 519K, 6% free 10691K/11284K, paused 2ms+1ms, total 27ms
D/dalvikvm( 7051): GC_CONCURRENT freed 582K, 7% free 10595K/11284K, paused 2ms+3ms, total 20ms
D/dalvikvm( 7051): GC_CONCURRENT freed 462K, 7% free 10551K/11284K, paused 3ms+2ms, total 35ms
I/System.out( 7051): URI: /map
I/System.out( 7051): params: {json={"query":"* id:'agreeAndContinueButton'","operation":{"method_name":"query","arguments":[]}}
I/System.out( 7051): }
W/ResourceType( 7051): No known package when getting name for resource number 0xffffffff
W/ResourceType( 7051): No known package when getting name for resource number 0xffffffff
W/ResourceType( 7051): No known package when getting name for resource number 0xffffffff
W/ResourceType( 7051): No known package when getting name for resource number 0xffffffff
W/ResourceType( 7051): No known package when getting name for resource number 0xffffffff
W/ResourceType( 7051): No known package when getting name for resource number 0xffffffff
W/ResourceType( 7051): No known package when getting name for resource number 0xffffffff
D/dalvikvm( 7051): GC_CONCURRENT freed 354K, 7% free 10593K/11284K, paused 1ms+2ms, total 15ms
D/dalvikvm( 7051): GC_CONCURRENT freed 534K, 7% free 10594K/11284K, paused 2ms+3ms, total 20ms
D/dalvikvm( 7051): GC_CONCURRENT freed 460K, 6% free 10608K/11284K, paused 2ms+1ms, total 17ms
D/Mono    ( 7051): Unloading image System.dll [0x7da61020].
D/Mono    ( 7051): Image addref System[0x7da63628] -> System.dll[0x7b883ff8]: 5
D/Mono    ( 7051): Config attempting to parse: 'System.dll.config'.
D/Mono    ( 7051): Config attempting to parse: '/Users/builder/data/lanes/4009/3a62f1ea/source/monodroid/builds/install/mono-armv6/etc/mono/assemblies/System/System.config'.
D/Mono    ( 7051): Unloading image System.dll [0x7da618b8].
D/Mono    ( 7051): Image addref System[0x7da4eed0] -> System.dll[0x7b883ff8]: 6
D/Mono    ( 7051): Config attempting to parse: 'System.dll.config'.
D/Mono    ( 7051): Config attempting to parse: '/Users/builder/data/lanes/4009/3a62f1ea/source/monodroid/builds/install/mono-armv6/etc/mono/assemblies/System/System.config'.
D/Mono    ( 7051): Unloading image System.dll [0x7da618b8].
D/Mono    ( 7051): Image addref System[0x7da61dc8] -> System.dll[0x7b883ff8]: 7
D/Mono    ( 7051): Config attempting to parse: 'System.dll.config'.
D/Mono    ( 7051): Config attempting to parse: '/Users/builder/data/lanes/4009/3a62f1ea/source/monodroid/builds/install/mono-armv6/etc/mono/assemblies/System/System.config'.
D/Mono    ( 7051): Unloading image System.dll [0x7da618b8].
D/Mono    ( 7051): Image addref System[0x7da2e560] -> System.dll[0x7b883ff8]: 8
D/Mono    ( 7051): Config attempting to parse: 'System.dll.config'.
D/Mono    ( 7051): Config attempting to parse: '/Users/builder/data/lanes/4009/3a62f1ea/source/monodroid/builds/install/mono-armv6/etc/mono/assemblies/System/System.config'.
D/dalvikvm( 7051): GC_FOR_ALLOC freed 77K, 7% free 10574K/11284K, paused 15ms, total 15ms
I/dalvikvm-heap( 7051): Grow heap (frag case) to 10.431MB for 79892-byte allocation
D/dalvikvm( 7051): GC_FOR_ALLOC freed <1K, 7% free 10652K/11364K, paused 16ms, total 16ms
I/System.out( 7051): URI: /
I/System.out( 7051): params: {json={"command":"touch_coordinate","arguments":[600.0,1756.0]}
I/System.out( 7051): }
I/System.out( 7051): header: {content-length=57, host=devicehost118.prod, x-session-token=token-token-a3668dd3-8af4-4131-9a1a-38a89dd33b86, x-forwarded-for=10.222.150.32, content-type=application/json; charset=utf-8, connection=close}
I/System.out( 7051): params: {json={"command":"touch_coordinate","arguments":[600.0,1756.0]}
I/System.out( 7051): }
I/System.out( 7051): ProP json = {"command":"touch_coordinate","arguments":[600.0,1756.0]}
I/System.out( 7051): files: {}
I/System.out( 7051): command: {"command":"touch_coordinate","arguments":[600.0,1756.0]}
I/InstrumentationBackend( 7051): Got command:'Command:'Line:null,touch_coordinate', arguments:'[600.0, 1756.0]'
D/Mono    ( 7051): DllImport searching in: '__Internal' ('(null)').
D/Mono    ( 7051): Searching for 'java_interop_jnienv_is_assignable_from'.
D/Mono    ( 7051): Probing 'java_interop_jnienv_is_assignable_from'.
D/Mono    ( 7051): Found as 'java_interop_jnienv_is_assignable_from'.
D/Mono    ( 7051): DllImport searching in: '__Internal' ('(null)').
D/Mono    ( 7051): Searching for 'java_interop_jnienv_get_byte_array_region'.
D/Mono    ( 7051): Probing 'java_interop_jnienv_get_byte_array_region'.
D/Mono    ( 7051): Found as 'java_interop_jnienv_get_byte_array_region'.
D/Mono    ( 7051): DllImport searching in: '__Internal' ('(null)').
D/Mono    ( 7051): Searching for 'java_interop_jnienv_set_byte_array_region'.
D/Mono    ( 7051): Probing 'java_interop_jnienv_set_byte_array_region'.
D/Mono    ( 7051): Found as 'java_interop_jnienv_set_byte_array_region'.
D/dalvikvm( 7051): GC_CONCURRENT freed 345K, 6% free 10744K/11364K, paused 3ms+2ms, total 33ms
W/Mono    ( 7051): The request to load the assembly System.Core v4.0.0.0 was remapped to v2.0.5.0
D/Mono    ( 7051): Unloading image System.Core.dll [0x7da32c80].
D/Mono    ( 7051): Image addref System.Core[0x7dcbf848] -> System.Core.dll[0x7ba44b08]: 5
D/Mono    ( 7051): Config attempting to parse: 'System.Core.dll.config'.
D/Mono    ( 7051): Config attempting to parse: '/Users/builder/data/lanes/4009/3a62f1ea/source/monodroid/builds/install/mono-armv6/etc/mono/assemblies/System.Core/System.Core.config'.
W/Mono    ( 7051): The request to load the assembly System.Core v4.0.0.0 was remapped to v2.0.5.0
D/Mono    ( 7051): Unloading image System.Core.dll [0x7c454048].
D/Mono    ( 7051): Image addref System.Core[0x7dcb14f8] -> System.Core.dll[0x7ba44b08]: 6
D/Mono    ( 7051): Config attempting to parse: 'System.Core.dll.config'.
D/Mono    ( 7051): Config attempting to parse: '/Users/builder/data/lanes/4009/3a62f1ea/source/monodroid/builds/install/mono-armv6/etc/mono/assemblies/System.Core/System.Core.config'.
D/Mono    ( 7051): [0x7bd85e20] hill climbing, change max number of threads 5
D/Mono    ( 7051): [0x7dcb0ae0] worker starting
I/AudioMixer(  180): found effect "Downmixer" from Fraunhofer IIS
D/audio_hw_primary(  180): select_devices: out_snd_device(2: speaker) in_snd_device(0: )
D/ACDB-LOADER(  180): ACDB -> send_afe_cal
I/calabash( 7051): execStartActivity 4
I/ActivityManager(  565): START u0 {cmp=com.careerbuilder.SugarDrone/md537fd6201b6818e2e180d2f7606e21a83.ValuePropActivity} from pid 7051
I/calabash( 7051): newActivity1
D/Mono    ( 7051): Assembly Ref addref CareerBuilder_Search.Droid[0x7a3971c0] -> System.Core[0x7ba45468]: 14
D/Mono    ( 7051): DllImport searching in: '__Internal' ('(null)').
D/Mono    ( 7051): Searching for 'java_interop_jnienv_call_nonvirtual_object_method'.
D/Mono    ( 7051): Probing 'java_interop_jnienv_call_nonvirtual_object_method'.
D/Mono    ( 7051): Found as 'java_interop_jnienv_call_nonvirtual_object_method'.
I/System.out( 7051): result:{"bonusInformation":[],"message":"","success":true}
D/dalvikvm( 7051): GC_CONCURRENT freed 460K, 6% free 10791K/11364K, paused 3ms+2ms, total 21ms
I/System.out( 7051): URI: /backdoor
I/System.out( 7051): params: {json={"method_name":"APISetup","arguments":[200]}
I/System.out( 7051): }
D/Mono    ( 7051): Assembly Ref addref CareerBuilder_Search.Droid[0x7a3971c0] -> Newtonsoft.Json[0x7a3ccf60]: 4
D/Mono    ( 7051): DllImport searching in: '__Internal' ('(null)').
D/Mono    ( 7051): Searching for 'java_interop_jnienv_new_byte_array'.
D/Mono    ( 7051): Probing 'java_interop_jnienv_new_byte_array'.
D/Mono    ( 7051): Found as 'java_interop_jnienv_new_byte_array'.
D/dalvikvm( 7051): GC_FOR_ALLOC freed 330K, 6% free 10791K/11364K, paused 17ms, total 17ms
I/dalvikvm-heap( 7051): Grow heap (frag case) to 12.356MB for 1875760-byte allocation
D/dalvikvm( 7051): GC_FOR_ALLOC freed 2K, 5% free 12620K/13196K, paused 19ms, total 19ms
D/dalvikvm( 7051): GC_CONCURRENT freed 2K, 5% free 12619K/13196K, paused 2ms+2ms, total 21ms
D/dalvikvm( 7051): GC_FOR_ALLOC freed 2K, 5% free 12625K/13196K, paused 15ms, total 15ms
I/dalvikvm-heap( 7051): Grow heap (frag case) to 13.466MB for 1161616-byte allocation
D/dalvikvm( 7051): GC_FOR_ALLOC freed <1K, 4% free 13760K/14332K, paused 17ms, total 17ms
D/dalvikvm( 7051): GC_CONCURRENT freed <1K, 4% free 13760K/14332K, paused 3ms+2ms, total 19ms
W/FragmentManager( 7051): moveToState: Fragment state for ValuePropFragment{42054f10 #1 id=0x7f0a0148 android:switcher:2131362120:1} not updated inline; expected state 3 found 2
I/ActivityManager(  565): Displayed com.careerbuilder.SugarDrone/md537fd6201b6818e2e180d2f7606e21a83.ValuePropActivity: +1s118ms
I/System.out( 7051): URI: /backdoor
I/System.out( 7051): params: {json={"method_name":"MyCBBackdoor","arguments":[]}
I/System.out( 7051): }
D/Mono    ( 7051): Assembly Ref addref CareerBuilder_Search.Droid[0x7a3971c0] -> Xamarin.Android.Support.Design[0x7a3cb4c8]: 2
I/calabash( 7051): execStartActivity 4
I/ActivityManager(  565): START u0 {cmp=com.careerbuilder.SugarDrone/md5a4824aa66c0dc4d104077b72c1916a44.MasterNavActivity} from pid 7051
I/calabash( 7051): newActivity1
D/dalvikvm( 7051): GC_CONCURRENT freed 1379K, 10% free 13900K/15316K, paused 3ms+3ms, total 27ms
I/System.out( 7051): URI: /map
I/System.out( 7051): params: {json={"query":"* marked:'Search'","operation":{"method_name":"query","arguments":[]}}
I/System.out( 7051): }
I/dalvikvm( 7051): Could not find method android.widget.Spinner.getPopupContext, referenced from method android.support.v7.widget.AppCompatSpinner.getPopupContext
W/dalvikvm( 7051): VFY: unable to resolve virtual method 20646: Landroid/widget/Spinner;.getPopupContext ()Landroid/content/Context;
D/dalvikvm( 7051): VFY: replacing opcode 0x6f at 0x000b
I/dalvikvm( 7051): Could not find method android.widget.CompoundButton.drawableHotspotChanged, referenced from method android.support.v7.widget.SwitchCompat.drawableHotspotChanged
W/dalvikvm( 7051): VFY: unable to resolve virtual method 20220: Landroid/widget/CompoundButton;.drawableHotspotChanged (FF)V
D/dalvikvm( 7051): VFY: replacing opcode 0x6f at 0x0006
D/Mono    ( 7051): DllImport searching in: '__Internal' ('(null)').
D/Mono    ( 7051): Searching for 'java_interop_jnienv_call_int_method'.
D/Mono    ( 7051): Probing 'java_interop_jnienv_call_int_method'.
D/Mono    ( 7051): Found as 'java_interop_jnienv_call_int_method'.
D/Mono    ( 7051): Assembly Ref addref Xamarin.Android.Support.Design[0x7a3cb4c8] -> Xamarin.Android.Support.v4[0x7a3c71c0]: 4
D/Mono    ( 7051): Assembly Ref addref CareerBuilder_Search.Droid[0x7a3971c0] -> Xamarin.Android.Support.v7.RecyclerView[0x7a3c7f30]: 2
D/Mono    ( 7051): Assembly Ref addref Xamarin.Android.Support.v7.RecyclerView[0x7a3c7f30] -> Xamarin.Android.Support.v4[0x7a3c71c0]: 5
D/Mono    ( 7051): Assembly Ref addref CareerBuilder_Search.Droid[0x7a3971c0] -> FloatingActionButton-Xamarin[0x7a3c6460]: 2
I/Choreographer( 7051): Skipped 47 frames!  The application may be doing too much work on its main thread.
D/dalvikvm( 7051): GC_FOR_ALLOC freed 474K, 8% free 14238K/15316K, paused 19ms, total 19ms
D/Mono    ( 7051): DllImport searching in: '__Internal' ('(null)').
D/Mono    ( 7051): Searching for 'java_interop_jnienv_call_nonvirtual_void_method'.
D/Mono    ( 7051): Probing 'java_interop_jnienv_call_nonvirtual_void_method'.
D/Mono    ( 7051): Found as 'java_interop_jnienv_call_nonvirtual_void_method'.
D/Mono    ( 7051): Unloading image System.Linq.dll [0x7e00a568].
D/Mono    ( 7051): Image addref System.Linq[0x7e02d698] -> System.Linq.dll[0x7ba44010]: 9
D/Mono    ( 7051): Config attempting to parse: 'System.Linq.dll.config'.
D/Mono    ( 7051): Config attempting to parse: '/Users/builder/data/lanes/4009/3a62f1ea/source/monodroid/builds/install/mono-armv6/etc/mono/assemblies/System.Linq/System.Linq.config'.
D/Mono    ( 7051): Assembly Ref addref CareerBuilder_Search[0x7a3d6340] -> System.Linq[0x7ba46848]: 7
D/dalvikvm( 7051): GC_FOR_ALLOC freed 48K, 7% free 14915K/16000K, paused 19ms, total 19ms
I/dalvikvm( 7051): Could not find method android.widget.ImageButton.<init>, referenced from method com.github.clans.fab.FloatingActionButton.<init>
W/dalvikvm( 7051): VFY: unable to resolve direct method 20357: Landroid/widget/ImageButton;.<init> (Landroid/content/Context;Landroid/util/AttributeSet;II)V
D/dalvikvm( 7051): VFY: replacing opcode 0x70 at 0x0003
W/dalvikvm( 7051): Unable to resolve superclass of Lcom/github/clans/fab/FloatingActionButton$1; (2485)
W/dalvikvm( 7051): Link of class 'Lcom/github/clans/fab/FloatingActionButton$1;' failed
E/dalvikvm( 7051): Could not find class 'android.graphics.drawable.RippleDrawable', referenced from method com.github.clans.fab.FloatingActionButton.createFillDrawable
W/dalvikvm( 7051): VFY: unable to resolve new-instance 220 (Landroid/graphics/drawable/RippleDrawable;) in Lcom/github/clans/fab/FloatingActionButton;
D/dalvikvm( 7051): VFY: replacing opcode 0x22 at 0x0038
E/dalvikvm( 7051): Could not find class 'android.graphics.drawable.RippleDrawable', referenced from method com.github.clans.fab.FloatingActionButton.onActionDown
W/dalvikvm( 7051): VFY: unable to resolve check-cast 220 (Landroid/graphics/drawable/RippleDrawable;) in Lcom/github/clans/fab/FloatingActionButton;
D/dalvikvm( 7051): VFY: replacing opcode 0x1f at 0x001d
E/dalvikvm( 7051): Could not find class 'android.graphics.drawable.RippleDrawable', referenced from method com.github.clans.fab.FloatingActionButton.onActionUp
W/dalvikvm( 7051): VFY: unable to resolve check-cast 220 (Landroid/graphics/drawable/RippleDrawable;) in Lcom/github/clans/fab/FloatingActionButton;
D/dalvikvm( 7051): VFY: replacing opcode 0x1f at 0x001f
I/dalvikvm( 7051): Could not find method android.widget.ImageButton.setElevation, referenced from method com.github.clans.fab.FloatingActionButton.setElevation
W/dalvikvm( 7051): VFY: unable to resolve virtual method 20373: Landroid/widget/ImageButton;.setElevation (F)V
D/dalvikvm( 7051): VFY: replacing opcode 0x6f at 0x000b
I/dalvikvm( 7051): Could not find method android.widget.ImageButton.setElevation, referenced from method com.github.clans.fab.FloatingActionButton.setElevationCompat
W/dalvikvm( 7051): VFY: unable to resolve virtual method 20373: Landroid/widget/ImageButton;.setElevation (F)V
D/dalvikvm( 7051): VFY: replacing opcode 0x6f at 0x0023
W/dalvikvm( 7051): Unable to resolve superclass of Lcom/github/clans/fab/FloatingActionButton$1; (2485)
W/dalvikvm( 7051): Link of class 'Lcom/github/clans/fab/FloatingActionButton$1;' failed
D/dalvikvm( 7051): DexOpt: unable to opt direct call 0x0408 at 0x4c in Lcom/github/clans/fab/FloatingActionButton;.createFillDrawable
W/dalvikvm( 7051): Unable to resolve superclass of Lcom/github/clans/fab/FloatingActionButton$1; (2485)
W/dalvikvm( 7051): Link of class 'Lcom/github/clans/fab/FloatingActionButton$1;' failed
D/dalvikvm( 7051): DexOpt: unable to opt direct call 0x520f at 0x51 in Lcom/github/clans/fab/FloatingActionButton;.createFillDrawable
D/Mono    ( 7051): Unloading image System.Collections.dll [0x7e07f518].
D/Mono    ( 7051): Image addref System.Collections[0x7e0545f8] -> System.Collections.dll[0x7b9ac920]: 10
D/Mono    ( 7051): Config attempting to parse: 'System.Collections.dll.config'.
D/Mono    ( 7051): Config attempting to parse: '/Users/builder/data/lanes/4009/3a62f1ea/source/monodroid/builds/install/mono-armv6/etc/mono/assemblies/System.Collections/System.Collections.config'.
D/Mono    ( 7051): Assembly Ref addref System.Reactive.Linq[0x7a3d04e0] -> System.Collections[0x7b9ad218]: 8
E/dalvikvm( 7051): Could not find class 'android.graphics.drawable.RippleDrawable', referenced from method com.github.clans.fab.Label.createFillDrawable
W/dalvikvm( 7051): VFY: unable to resolve new-instance 220 (Landroid/graphics/drawable/RippleDrawable;) in Lcom/github/clans/fab/Label;
D/dalvikvm( 7051): VFY: replacing opcode 0x22 at 0x0028
E/dalvikvm( 7051): Could not find class 'android.graphics.drawable.RippleDrawable', referenced from method com.github.clans.fab.Label.onActionDown
W/dalvikvm( 7051): VFY: unable to resolve instanceof 220 (Landroid/graphics/drawable/RippleDrawable;) in Lcom/github/clans/fab/Label;
D/dalvikvm( 7051): VFY: replacing opcode 0x20 at 0x0029
E/dalvikvm( 7051): Could not find class 'android.graphics.drawable.RippleDrawable', referenced from method com.github.clans.fab.Label.onActionUp
W/dalvikvm( 7051): VFY: unable to resolve instanceof 220 (Landroid/graphics/drawable/RippleDrawable;) in Lcom/github/clans/fab/Label;
D/dalvikvm( 7051): VFY: replacing opcode 0x20 at 0x0024
W/dalvikvm( 7051): Unable to resolve superclass of Lcom/github/clans/fab/Label$1; (2485)
W/dalvikvm( 7051): Link of class 'Lcom/github/clans/fab/Label$1;' failed
D/dalvikvm( 7051): DexOpt: unable to opt direct call 0x0408 at 0x3c in Lcom/github/clans/fab/Label;.createFillDrawable
W/dalvikvm( 7051): Unable to resolve superclass of Lcom/github/clans/fab/Label$1; (2485)
W/dalvikvm( 7051): Link of class 'Lcom/github/clans/fab/Label$1;' failed
D/dalvikvm( 7051): DexOpt: unable to opt direct call 0x5335 at 0x41 in Lcom/github/clans/fab/Label;.createFillDrawable
D/Mono    ( 7051): DllImport attempting to load: '/system/lib/liblog.so'.
D/Mono    ( 7051): DllImport loaded library '/system/lib/liblog.so'.
D/Mono    ( 7051): DllImport searching in: '/system/lib/liblog.so' ('/system/lib/liblog.so').
D/Mono    ( 7051): Searching for '__android_log_print'.
D/Mono    ( 7051): Probing '__android_log_print'.
D/Mono    ( 7051): Found as '__android_log_print'.
I/mono-stdout( 7051): uri is: https://api.careerbuilder.com/consumer/jobs/search/?Keywords=&Location=&UseFacets=true&PageNumber=1&ExcludeNational=true&DeveloperKey=WDHR8FC6P2JZ1Y61KLM5
W/FragmentManager( 7051): moveToState: Fragment state for SavedJobsFragment{42059228 #1 id=0x7f0a0148 android:switcher:2131362120:1} not updated inline; expected state 3 found 2
D/Mono    ( 7051): Image addref System.Net.Primitives[0x7ea3f498] -> System.Net.Primitives.dll[0x7e259530]: 2
D/Mono    ( 7051): Prepared to set up assembly 'System.Net.Primitives' (System.Net.Primitives.dll)
D/Mono    ( 7051): Assembly System.Net.Primitives[0x7ea3f498] added to domain RootDomain, ref_count=1
D/Mono    ( 7051): AOT module 'System.Net.Primitives.dll.so' not found: dlopen failed: library "/data/app-lib/com.careerbuilder.SugarDrone-1/libaot-System.Net.Primitives.dll.so" not found
D/Mono    ( 7051): Unloading image System.IO.dll [0x7e258898].
D/Mono    ( 7051): Image addref System.IO[0x7ea3f178] -> System.IO.dll[0x7ecfeaf8]: 6
D/Mono    ( 7051): Config attempting to parse: 'System.IO.dll.config'.
D/Mono    ( 7051): Config attempting to parse: '/Users/builder/data/lanes/4009/3a62f1ea/source/monodroid/builds/install/mono-armv6/etc/mono/assemblies/System.IO/System.IO.config'.
D/Mono    ( 7051): Assembly Ref addref CareerBuilder_Search[0x7a3d6340] -> System.IO[0x7f1f16d0]: 4
D/Mono    ( 7051): AOT module '/Users/builder/data/lanes/4009/3a62f1ea/source/monodroid/builds/install/mono-armv6/lib/mono/aot-cache/arm/System.Net.Primitives.dll.so' not found: dlopen failed: library "/data/app-lib/com.careerbuilder.SugarDrone-1/libaot-System.Net.Primitives.dll.so" not found
D/Mono    ( 7051): Config attempting to parse: 'System.Net.Primitives.dll.config'.
D/Mono    ( 7051): Config attempting to parse: '/Users/builder/data/lanes/4009/3a62f1ea/source/monodroid/builds/install/mono-armv6/etc/mono/assemblies/System.Net.Primitives/System.Net.Primitives.config'.
D/Mono    ( 7051): Assembly Ref addref CareerBuilder_Search[0x7a3d6340] -> System.Net.Primitives[0x7ea3f498]: 2
D/Mono    ( 7051): Assembly Ref addref System.Net.Primitives[0x7ea3f498] -> System[0x7b89bba8]: 13
D/Mono    ( 7051): Unloading image System.Text.Encoding.dll [0x7e256168].
D/Mono    ( 7051): Unloading image System.Text.Encoding.dll [0x7e25c410].
D/Mono    ( 7051): Image addref System.Text.Encoding[0x7e259eb8] -> System.Text.Encoding.dll[0x7ed4e1f8]: 6
D/Mono    ( 7051): Config attempting to parse: 'System.Text.Encoding.dll.config'.
D/Mono    ( 7051): Config attempting to parse: '/Users/builder/data/lanes/4009/3a62f1ea/source/monodroid/builds/install/mono-armv6/etc/mono/assemblies/System.Text.Encoding/System.Text.Encoding.config'.
D/Mono    ( 7051): Assembly Ref addref CareerBuilder_Search[0x7a3d6340] -> System.Text.Encoding[0x7ed02288]: 3
D/Mono    ( 7051): Image addref System.Text.Encoding[0x7e256a30] -> System.Text.Encoding.dll[0x7ed4e1f8]: 6
D/Mono    ( 7051): Config attempting to parse: 'System.Text.Encoding.dll.config'.
D/Mono    ( 7051): Config attempting to parse: '/Users/builder/data/lanes/4009/3a62f1ea/source/monodroid/builds/install/mono-armv6/etc/mono/assemblies/System.Text.Encoding/System.Text.Encoding.config'.
I/mono-stdout( 7051): making api call to: /consumer/jobs/search/?Keywords=&Location=&UseFacets=true&PageNumber=1&ExcludeNational=true&DeveloperKey=WDHR8FC6P2JZ1Y61KLM5
I/mono-stdout( 7051): making api call to: /consumer/saved-jobs/?DeveloperKey=WDHR8FC6P2JZ1Y61KLM5
D/dalvikvm( 7051): GC_FOR_ALLOC freed 246K, 6% free 15702K/16628K, paused 18ms, total 19ms
D/Mono    ( 7051): Assembly Ref addref CareerBuilder_Search.Droid[0x7a3971c0] -> System[0x7b89bba8]: 14
I/mono-stdout( 7051): Method: GET, RequestUri: 'https://api.careerbuilder.com/consumer/saved-jobs/?DeveloperKey=WDHR8FC6P2JZ1Y61KLM5', Version: 1.1, Content: <null>, Headers:

I/mono-stdout( 7051): {

I/mono-stdout( 7051): DeveloperKey: WDHR8FC6P2JZ1Y61KLM5

I/mono-stdout( 7051): Accept: application/json

I/mono-stdout( 7051): Authorization: Bearer test

I/mono-stdout( 7051): HostSite: US

I/mono-stdout( 7051): }
W/FragmentManager( 7051): moveToState: Fragment state for ResumeManagementFragment{42059de0 #2 id=0x7f0a0148 android:switcher:2131362120:2} not updated inline; expected state 3 found 2
I/mono-stdout( 7051): Current State = 1,2,6,7
I/mono-stdout( 7051): applied jobs = 6
I/mono-stdout( 7051): expired jobs = 7
I/mono-stdout( 7051): saved jobs = Saved,Saved,Applied,Saved
I/mono-stdout( 7051): uri is: https://api.careerbuilder.com/consumer/resumes?OAuthToken=&HostSite=US&DeveloperKey=WDHR8FC6P2JZ1Y61KLM5
I/mono-stdout( 7051): uri is: https://api.careerbuilder.com/consumer/resumes?OAuthToken=&HostSite=US&DeveloperKey=WDHR8FC6P2JZ1Y61KLM5
I/mono-stdout( 7051): making api call to: /consumer/resumes?OAuthToken=&HostSite=US&DeveloperKey=WDHR8FC6P2JZ1Y61KLM5
I/mono-stdout( 7051): making api call to: /consumer/resumes?OAuthToken=&HostSite=US&DeveloperKey=WDHR8FC6P2JZ1Y61KLM5
I/mono-stdout( 7051): done making call to: /consumer/resumes?OAuthToken=&HostSite=US&DeveloperKey=WDHR8FC6P2JZ1Y61KLM5
I/mono-stdout( 7051): done making call to: /consumer/resumes?OAuthToken=&HostSite=US&DeveloperKey=WDHR8FC6P2JZ1Y61KLM5
I/mono-stdout( 7051): The resume  with hash has been set as latest
I/mono-stdout( 7051): The resume  with hash has been set as latest
I/mono-stdout( 7051): done making call to: /consumer/saved-jobs/?DeveloperKey=WDHR8FC6P2JZ1Y61KLM5
D/dalvikvm( 7051): GC_EXPLICIT freed 486K, 8% free 15867K/17200K, paused 1ms+6ms, total 33ms
D/Mono    ( 7051): GC_TAR_BRIDGE bridges 155 objects 353 opaque 122 colors 155 colors-bridged 155 colors-visible 155 xref 5 cache-hit 0 cache-semihit 0 cache-miss 0 setup 0.09ms tarjan 0.43ms scc-setup 0.18ms gather-xref 0.00ms xref-setup 0.03ms cleanup 0.09ms
D/Mono    ( 7051): GC_BRIDGE: Complete, was running for 37.51ms
D/Mono    ( 7051): GC_MINOR: (Nursery full) time 22.25ms, stw 22.83ms promoted 890K major size: 1840K in use: 1169K los size: 1024K in use: 369K
I/mono-stdout( 7051): done making call to: /consumer/jobs/search/?Keywords=&Location=&UseFacets=true&PageNumber=1&ExcludeNational=true&DeveloperKey=WDHR8FC6P2JZ1Y61KLM5
I/mono-stdout( 7051): uri is: https://api.careerbuilder.com/consumer/saved-jobs/?DeveloperKey=WDHR8FC6P2JZ1Y61KLM5
I/mono-stdout( 7051): making api call to: /consumer/saved-jobs/?DeveloperKey=WDHR8FC6P2JZ1Y61KLM5
I/mono-stdout( 7051): Method: GET, RequestUri: 'https://api.careerbuilder.com/consumer/saved-jobs/?DeveloperKey=WDHR8FC6P2JZ1Y61KLM5', Version: 1.1, Content: <null>, Headers:

I/mono-stdout( 7051): {

I/mono-stdout( 7051): DeveloperKey: WDHR8FC6P2JZ1Y61KLM5

I/mono-stdout( 7051): Accept: application/json

I/mono-stdout( 7051): Authorization: Bearer test

I/mono-stdout( 7051): HostSite: US

I/mono-stdout( 7051): }
I/mono-stdout( 7051): Current State = 1,2,6,7
I/mono-stdout( 7051): applied jobs = 6
I/mono-stdout( 7051): expired jobs = 7
I/mono-stdout( 7051): saved jobs = Saved,Saved,Applied,Saved
E/RecyclerView( 7051): No adapter attached; skipping layout
I/dalvikvm( 7051): Could not find method android.support.v7.widget.LinearLayoutCompat.drawableHotspotChanged, referenced from method android.support.design.internal.ForegroundLinearLayout.drawableHotspotChanged
W/dalvikvm( 7051): VFY: unable to resolve virtual method 16437: Landroid/support/v7/widget/LinearLayoutCompat;.drawableHotspotChanged (FF)V
D/dalvikvm( 7051): VFY: replacing opcode 0x6f at 0x0000
D/Mono    ( 7051): Assembly Ref addref Xamarin.Android.Support.v7.AppCompat[0x7a3ca770] -> System.Core[0x7ba45468]: 15
I/Choreographer( 7051): Skipped 118 frames!  The application may be doing too much work on its main thread.
E/RecyclerView( 7051): No adapter attached; skipping layout
I/ActivityManager(  565): Displayed com.careerbuilder.SugarDrone/md5a4824aa66c0dc4d104077b72c1916a44.MasterNavActivity: +2s840ms
D/Mono    ( 7051): DllImport searching in: '__Internal' ('(null)').
D/Mono    ( 7051): Searching for 'java_interop_jnienv_call_void_method'.
D/Mono    ( 7051): Probing 'java_interop_jnienv_call_void_method'.
D/Mono    ( 7051): Found as 'java_interop_jnienv_call_void_method'.
W/ResourceType( 7051): No known package when getting name for resource number 0xffffffff
W/ResourceType( 7051): No known package when getting name for resource number 0xffffffff
W/ResourceType( 7051): No known package when getting name for resource number 0xffffffff
W/ResourceType( 7051): No known package when getting name for resource number 0xffffffff
W/ResourceType( 7051): No known package when getting name for resource number 0xffffffff
W/ResourceType( 7051): No known package when getting name for resource number 0xffffffff
W/ResourceType( 7051): No known package when getting name for resource number 0xffffffff
W/ResourceType( 7051): No known package when getting name for resource number 0xffffffff
W/ResourceType( 7051): No known package when getting name for resource number 0xffffffff
W/ResourceType( 7051): No known package when getting name for resource number 0xffffffff
W/ResourceType( 7051): No known package when getting name for resource number 0xffffffff
W/ResourceType( 7051): No known package when getting name for resource number 0xffffffff
W/ResourceType( 7051): No known package when getting name for resource number 0xffffffff
W/ResourceType( 7051): No known package when getting name for resource number 0xffffffff
W/ResourceType( 7051): No known package when getting name for resource number 0xffffffff
W/ResourceType( 7051): No known package when getting name for resource number 0xffffffff
W/ResourceType( 7051): No known package when getting name for resource number 0xffffffff
E/RecyclerView( 7051): No adapter attached; skipping layout
I/mono-stdout( 7051): done making call to: /consumer/saved-jobs/?DeveloperKey=WDHR8FC6P2JZ1Y61KLM5
I/System.out( 7051): URI: /map
I/System.out( 7051): params: {json={"query":"* marked:'search_anywhere'","operation":{"method_name":"query","arguments":[]}}
I/System.out( 7051): }
E/dalvikvm( 7051): Could not find class 'android.widget.ThemedSpinnerAdapter', referenced from method android.support.v7.widget.AppCompatSpinner$DropDownAdapter.<init>
W/dalvikvm( 7051): VFY: unable to resolve instanceof 2632 (Landroid/widget/ThemedSpinnerAdapter;) in Landroid/support/v7/widget/AppCompatSpinner$DropDownAdapter;
D/dalvikvm( 7051): VFY: replacing opcode 0x20 at 0x0016
D/Mono    ( 7051): DllImport searching in: '__Internal' ('(null)').
D/Mono    ( 7051): Searching for 'java_interop_jnienv_set_int_field'.
D/Mono    ( 7051): Probing 'java_interop_jnienv_set_int_field'.
D/Mono    ( 7051): Found as 'java_interop_jnienv_set_int_field'.
I/dalvikvm( 7051): Could not find method android.widget.FrameLayout.<init>, referenced from method md543b91ad655f5c020e54c78f692da973f.SnapshotView.<init>
W/dalvikvm( 7051): VFY: unable to resolve direct method 20299: Landroid/widget/FrameLayout;.<init> (Landroid/content/Context;Landroid/util/AttributeSet;II)V
D/dalvikvm( 7051): VFY: replacing opcode 0x70 at 0x0000
E/RecyclerView( 7051): No adapter attached; skipping layout
D/dalvikvm( 7051): GC_CONCURRENT freed 1831K, 11% free 16349K/18276K, paused 2ms+4ms, total 38ms
W/ResourceType( 7051): No known package when getting name for resource number 0xffffffff
W/ResourceType( 7051): No known package when getting name for resource number 0xffffffff
W/ResourceType( 7051): No known package when getting name for resource number 0xffffffff
W/ResourceType( 7051): No known package when getting name for resource number 0xffffffff
W/ResourceType( 7051): No known package when getting name for resource number 0xffffffff
W/ResourceType( 7051): No known package when getting name for resource number 0xffffffff
W/ResourceType( 7051): No known package when getting name for resource number 0xffffffff
W/ResourceType( 7051): No known package when getting name for resource number 0xffffffff
W/ResourceType( 7051): No known package when getting name for resource number 0xffffffff
W/ResourceType( 7051): No known package when getting name for resource number 0xffffffff
W/ResourceType( 7051): No known package when getting name for resource number 0xffffffff
W/ResourceType( 7051): No known package when getting name for resource number 0xffffffff
W/ResourceType( 7051): No known package when getting name for resource number 0xffffffff
W/ResourceType( 7051): No known package when getting name for resource number 0xffffffff
W/ResourceType( 7051): No known package when getting name for resource number 0xffffffff
W/ResourceType( 7051): No known package when getting name for resource number 0xffffffff
W/ResourceType( 7051): No known package when getting name for resource number 0xffffffff
W/ResourceType( 7051): No known package when getting name for resource number 0xffffffff
W/ResourceType( 7051): No known package when getting name for resource number 0xffffffff
W/ResourceType( 7051): No known package when getting name for resource number 0xffffffff
W/ResourceType( 7051): No known package when getting name for resource number 0xffffffff
W/ResourceType( 7051): No known package when getting name for resource number 0xffffffff
W/ResourceType( 7051): No known package when getting name for resource number 0xffffffff
W/ResourceType( 7051): No known package when getting name for resource number 0xffffffff
W/ResourceType( 7051): No known package when getting name for resource number 0xffffffff
W/ResourceType( 7051): No known package when getting name for resource number 0xffffffff
W/ResourceType( 7051): No known package when getting name for resource number 0xffffffff
W/ResourceType( 7051): No known package when getting name for resource number 0xffffffff
W/ResourceType( 7051): No known package when getting name for resource number 0xffffffff
W/ResourceType( 7051): No known package when getting name for resource number 0xffffffff
W/ResourceType( 7051): No known package when getting name for resource number 0xffffffff
W/ResourceType( 7051): No known package when getting name for resource number 0xffffffff
W/ResourceType( 7051): No known package when getting name for resource number 0xffffffff
W/ResourceType( 7051): No known package when getting name for resource number 0xffffffff
W/ResourceType( 7051): No known package when getting name for resource number 0xffffffff
W/ResourceType( 7051): No known package when getting name for resource number 0xffffffff
W/ResourceType( 7051): No known package when getting name for resource number 0xffffffff
W/ResourceType( 7051): No known package when getting name for resource number 0xffffffff
W/ResourceType( 7051): No known package when getting name for resource number 0xffffffff
W/ResourceType( 7051): No known package when getting name for resource number 0xffffffff
W/ResourceType( 7051): No known package when getting name for resource number 0xffffffff
W/ResourceType( 7051): No known package when getting name for resource number 0xffffffff
W/ResourceType( 7051): No known package when getting name for resource number 0xffffffff
W/ResourceType( 7051): No known package when getting name for resource number 0xffffffff
W/ResourceType( 7051): No known package when getting name for resource number 0xffffffff
W/ResourceType( 7051): No known package when getting name for resource number 0xffffffff
W/ResourceType( 7051): No known package when getting name for resource number 0xffffffff
W/ResourceType( 7051): No known package when getting name for resource number 0xffffffff
W/ResourceType( 7051): No known package when getting name for resource number 0xffffffff
W/ResourceType( 7051): No known package when getting name for resource number 0xffffffff
W/ResourceType( 7051): No known package when getting name for resource number 0xffffffff
W/ResourceType( 7051): No known package when getting name for resource number 0xffffffff
W/ResourceType( 7051): No known package when getting name for resource number 0xffffffff
W/ResourceType( 7051): No known package when getting name for resource number 0xffffffff
W/ResourceType( 7051): No known package when getting name for resource number 0xffffffff
W/ResourceType( 7051): No known package when getting name for resource number 0xffffffff
W/ResourceType( 7051): No known package when getting name for resource number 0xffffffff
W/ResourceType( 7051): No known package when getting name for resource number 0xffffffff
W/ResourceType( 7051): No known package when getting name for resource number 0xffffffff
W/ResourceType( 7051): No known package when getting name for resource number 0xffffffff
W/ResourceType( 7051): No known package when getting name for resource number 0xffffffff
W/ResourceType( 7051): No known package when getting name for resource number 0xffffffff
W/ResourceType( 7051): No known package when getting name for resource number 0xffffffff
W/ResourceType( 7051): No known package when getting name for resource number 0xffffffff
W/ResourceType( 7051): No known package when getting name for resource number 0xffffffff
W/ResourceType( 7051): No known package when getting name for resource number 0xffffffff
W/ResourceType( 7051): No known package when getting name for resource number 0xffffffff
W/ResourceType( 7051): No known package when getting name for resource number 0xffffffff
W/ResourceType( 7051): No known package when getting name for resource number 0xffffffff
W/ResourceType( 7051): No known package when getting name for resource number 0xffffffff
W/ResourceType( 7051): No known package when getting name for resource number 0xffffffff
W/ResourceType( 7051): No known package when getting name for resource number 0xffffffff
W/ResourceType( 7051): No known package when getting name for resource number 0xffffffff
W/ResourceType( 7051): No known package when getting name for resource number 0xffffffff
W/ResourceType( 7051): No known package when getting name for resource number 0xffffffff
W/ResourceType( 7051): No known package when getting name for resource number 0xffffffff
W/ResourceType( 7051): No known package when getting name for resource number 0xffffffff
W/ResourceType( 7051): No known package when getting name for resource number 0xffffffff
W/ResourceType( 7051): No known package when getting name for resource number 0xffffffff
W/ResourceType( 7051): No known package when getting name for resource number 0xffffffff
I/System.out( 7051): URI: /map
I/System.out( 7051): params: {json={"query":"* marked:'search_anywhere'","operation":{"method_name":"query","arguments":[]}}
I/System.out( 7051): }
D/dalvikvm( 7051): GC_CONCURRENT freed 2396K, 14% free 16431K/18924K, paused 2ms+3ms, total 30ms
D/dalvikvm( 7051): WAIT_FOR_CONCURRENT_GC blocked 16ms
W/ResourceType( 7051): No known package when getting name for resource number 0xffffffff
W/ResourceType( 7051): No known package when getting name for resource number 0xffffffff
W/ResourceType( 7051): No known package when getting name for resource number 0xffffffff
W/ResourceType( 7051): No known package when getting name for resource number 0xffffffff
W/ResourceType( 7051): No known package when getting name for resource number 0xffffffff
W/ResourceType( 7051): No known package when getting name for resource number 0xffffffff
W/ResourceType( 7051): No known package when getting name for resource number 0xffffffff
W/ResourceType( 7051): No known package when getting name for resource number 0xffffffff
W/ResourceType( 7051): No known package when getting name for resource number 0xffffffff
W/ResourceType( 7051): No known package when getting name for resource number 0xffffffff
W/ResourceType( 7051): No known package when getting name for resource number 0xffffffff
W/ResourceType( 7051): No known package when getting name for resource number 0xffffffff
W/ResourceType( 7051): No known package when getting name for resource number 0xffffffff
W/ResourceType( 7051): No known package when getting name for resource number 0xffffffff
W/ResourceType( 7051): No known package when getting name for resource number 0xffffffff
W/ResourceType( 7051): No known package when getting name for resource number 0xffffffff
W/ResourceType( 7051): No known package when getting name for resource number 0xffffffff
W/ResourceType( 7051): No known package when getting name for resource number 0xffffffff
W/ResourceType( 7051): No known package when getting name for resource number 0xffffffff
W/ResourceType( 7051): No known package when getting name for resource number 0xffffffff
W/ResourceType( 7051): No known package when getting name for resource number 0xffffffff
W/ResourceType( 7051): No known package when getting name for resource number 0xffffffff
W/ResourceType( 7051): No known package when getting name for resource number 0xffffffff
W/ResourceType( 7051): No known package when getting name for resource number 0xffffffff
W/ResourceType( 7051): No known package when getting name for resource number 0xffffffff
W/ResourceType( 7051): No known package when getting name for resource number 0xffffffff
W/ResourceType( 7051): No known package when getting name for resource number 0xffffffff
W/ResourceType( 7051): No known package when getting name for resource number 0xffffffff
W/ResourceType( 7051): No known package when getting name for resource number 0xffffffff
W/ResourceType( 7051): No known package when getting name for resource number 0xffffffff
W/ResourceType( 7051): No known package when getting name for resource number 0xffffffff
W/ResourceType( 7051): No known package when getting name for resource number 0xffffffff
W/ResourceType( 7051): No known package when getting name for resource number 0xffffffff
W/ResourceType( 7051): No known package when getting name for resource number 0xffffffff
W/ResourceType( 7051): No known package when getting name for resource number 0xffffffff
W/ResourceType( 7051): No known package when getting name for resource number 0xffffffff
W/ResourceType( 7051): No known package when getting name for resource number 0xffffffff
W/ResourceType( 7051): No known package when getting name for resource number 0xffffffff
W/ResourceType( 7051): No known package when getting name for resource number 0xffffffff
W/ResourceType( 7051): No known package when getting name for resource number 0xffffffff
W/ResourceType( 7051): No known package when getting name for resource number 0xffffffff
W/ResourceType( 7051): No known package when getting name for resource number 0xffffffff
W/ResourceType( 7051): No known package when getting name for resource number 0xffffffff
W/ResourceType( 7051): No known package when getting name for resource number 0xffffffff
W/ResourceType( 7051): No known package when getting name for resource number 0xffffffff
W/ResourceType( 7051): No known package when getting name for resource number 0xffffffff
W/ResourceType( 7051): No known package when getting name for resource number 0xffffffff
W/ResourceType( 7051): No known package when getting name for resource number 0xffffffff
W/ResourceType( 7051): No known package when getting name for resource number 0xffffffff
W/ResourceType( 7051): No known package when getting name for resource number 0xffffffff
W/ResourceType( 7051): No known package when getting name for resource number 0xffffffff
W/ResourceType( 7051): No known package when getting name for resource number 0xffffffff
W/ResourceType( 7051): No known package when getting name for resource number 0xffffffff
W/ResourceType( 7051): No known package when getting name for resource number 0xffffffff
W/ResourceType( 7051): No known package when getting name for resource number 0xffffffff
W/ResourceType( 7051): No known package when getting name for resource number 0xffffffff
W/ResourceType( 7051): No known package when getting name for resource number 0xffffffff
W/ResourceType( 7051): No known package when getting name for resource number 0xffffffff
W/ResourceType( 7051): No known package when getting name for resource number 0xffffffff
W/ResourceType( 7051): No known package when getting name for resource number 0xffffffff
W/ResourceType( 7051): No known package when getting name for resource number 0xffffffff
W/ResourceType( 7051): No known package when getting name for resource number 0xffffffff
W/ResourceType( 7051): No known package when getting name for resource number 0xffffffff
W/ResourceType( 7051): No known package when getting name for resource number 0xffffffff
W/ResourceType( 7051): No known package when getting name for resource number 0xffffffff
W/ResourceType( 7051): No known package when getting name for resource number 0xffffffff
W/ResourceType( 7051): No known package when getting name for resource number 0xffffffff
W/ResourceType( 7051): No known package when getting name for resource number 0xffffffff
W/ResourceType( 7051): No known package when getting name for resource number 0xffffffff
W/ResourceType( 7051): No known package when getting name for resource number 0xffffffff
W/ResourceType( 7051): No known package when getting name for resource number 0xffffffff
W/ResourceType( 7051): No known package when getting name for resource number 0xffffffff
W/ResourceType( 7051): No known package when getting name for resource number 0xffffffff
D/dalvikvm( 7051): GC_CONCURRENT freed 2447K, 14% free 16437K/18988K, paused 2ms+3ms, total 30ms
D/Mono    ( 7051): [0x7ee14990] hill climbing, change max number of threads 4
I/System.out( 7051): URI: /
I/System.out( 7051): params: {json={"command":"touch_coordinate","arguments":[1136.0,114.0]}
I/System.out( 7051): }
I/System.out( 7051): header: {content-length=57, host=devicehost118.prod, x-session-token=token-token-a3668dd3-8af4-4131-9a1a-38a89dd33b86, x-forwarded-for=10.222.150.32, content-type=application/json; charset=utf-8, connection=close}
I/System.out( 7051): params: {json={"command":"touch_coordinate","arguments":[1136.0,114.0]}
I/System.out( 7051): }
I/System.out( 7051): ProP json = {"command":"touch_coordinate","arguments":[1136.0,114.0]}
I/System.out( 7051): files: {}
I/System.out( 7051): command: {"command":"touch_coordinate","arguments":[1136.0,114.0]}
W/ProcessCpuTracker(  565): Skipping unknown process pid 7506
W/ProcessCpuTracker(  565): Skipping unknown process pid 7508
W/ProcessCpuTracker(  565): Skipping unknown process pid 7562
I/InstrumentationBackend( 7051): Got command:'Command:'Line:null,touch_coordinate', arguments:'[1136.0, 114.0]'
D/audio_hw_primary(  180): select_devices: out_snd_device(2: speaker) in_snd_device(0: )
D/ACDB-LOADER(  180): ACDB -> send_afe_cal
I/TextInputLayout( 7051): EditText added is not a TextInputEditText. Please switch to using that class instead.
I/dalvikvm( 7051): Jit: resizing JitTable from 4096 to 8192
I/TextInputLayout( 7051): EditText added is not a TextInputEditText. Please switch to using that class instead.
I/System.out( 7051): result:{"bonusInformation":[],"message":"","success":true}
D/Mono    ( 7051): Assembly Ref addref CareerBuilder_Search.Droid[0x7a3971c0] -> Plugin.Geolocator[0x7a3bb9f8]: 2
D/Mono    ( 7051): Assembly Ref addref Plugin.Geolocator[0x7a3bb9f8] -> mscorlib[0x7584d120]: 50
D/Mono    ( 7051): Assembly Ref addref Plugin.Geolocator[0x7a3bb9f8] -> Plugin.Geolocator.Abstractions[0x7a3bd990]: 3
