<![CDATA[
]]><xtc-scenario name="[0-1096]CareerBuilder_Search.DroidFeatureTests.JobResultsPageTests.CBApplyAndQuickApplyDoesNotShowsWhenSharedApply" id="[0-1096]CareerBuilder_Search.DroidFeatureTests.JobResultsPageTests.CBApplyAndQuickApplyDoesNotShowsWhenSharedApply"><![CDATA[

]]><xtc-step name="[0-1096]CareerBuilder_Search.DroidFeatureTests.JobResultsPageTests.CBApplyAndQuickApplyDoesNotShowsWhenSharedApply-CBApplyAndQuickApplyDoesNotShowsWhenSharedApply" id="[0-1096]CareerBuilder_Search.DroidFeatureTests.JobResultsPageTests.CBApplyAndQuickApplyDoesNotShowsWhenSharedApply-CBApplyAndQuickApplyDoesNotShowsWhenSharedApply"><![CDATA[
D/AndroidRuntime( 5169): 
D/AndroidRuntime( 5169): >>>>>> AndroidRuntime START com.android.internal.os.RuntimeInit <<<<<<
D/AndroidRuntime( 5169): CheckJNI is OFF
D/dalvikvm( 5169): Trying to load lib libjavacore.so 0x0
D/dalvikvm( 5169): Added shared lib libjavacore.so 0x0
D/dalvikvm( 5169): Trying to load lib libnativehelper.so 0x0
D/dalvikvm( 5169): Added shared lib libnativehelper.so 0x0
D/dalvikvm( 5169): No JNI_OnLoad found in libnativehelper.so 0x0, skipping init
D/dalvikvm( 5169): Note: class Landroid/app/ActivityManagerNative; has 179 unimplemented (abstract) methods
D/AndroidRuntime( 5169): Calling main entry com.android.commands.pm.Pm
D/AndroidRuntime( 5169): Shutting down VM
D/dalvikvm( 5169): GC_CONCURRENT freed 248K, 31% free 567K/820K, paused 0ms+0ms, total 3ms
D/AndroidRuntime( 5280): 
D/AndroidRuntime( 5280): >>>>>> AndroidRuntime START com.android.internal.os.RuntimeInit <<<<<<
D/AndroidRuntime( 5280): CheckJNI is OFF
D/dalvikvm( 5280): Trying to load lib libjavacore.so 0x0
D/dalvikvm( 5280): Added shared lib libjavacore.so 0x0
D/dalvikvm( 5280): Trying to load lib libnativehelper.so 0x0
D/dalvikvm( 5280): Added shared lib libnativehelper.so 0x0
D/dalvikvm( 5280): No JNI_OnLoad found in libnativehelper.so 0x0, skipping init
D/dalvikvm( 5280): Note: class Landroid/app/ActivityManagerNative; has 179 unimplemented (abstract) methods
D/AndroidRuntime( 5280): Calling main entry com.android.commands.am.Am
D/AndroidRuntime( 5280): Shutting down VM
D/dalvikvm( 5280): GC_CONCURRENT freed 93K, 15% free 553K/648K, paused 1ms+1ms, total 3ms
--------- beginning of /dev/log/system
W/ActivityManager(  576): Invalid packageName: com.careerbuilder.SugarDrone
D/AndroidRuntime( 5894): 
D/AndroidRuntime( 5894): >>>>>> AndroidRuntime START com.android.internal.os.RuntimeInit <<<<<<
D/AndroidRuntime( 5894): CheckJNI is OFF
D/dalvikvm( 5894): Trying to load lib libjavacore.so 0x0
D/dalvikvm( 5894): Added shared lib libjavacore.so 0x0
D/dalvikvm( 5894): Trying to load lib libnativehelper.so 0x0
D/dalvikvm( 5894): Added shared lib libnativehelper.so 0x0
D/dalvikvm( 5894): No JNI_OnLoad found in libnativehelper.so 0x0, skipping init
D/dalvikvm( 5894): Note: class Landroid/app/ActivityManagerNative; has 179 unimplemented (abstract) methods
D/AndroidRuntime( 5894): Calling main entry com.android.commands.pm.Pm
W/ActivityManager(  576): No content provider found for permission revoke: file:///data/local/tmp/0000002168
W/ActivityManager(  576): No content provider found for permission revoke: file:///data/local/tmp/0000002168
I/PackageManager(  576): Copying native libraries to /data/app-lib/vmdl1138984173
D/dalvikvm(  576): GC_FOR_ALLOC freed 937K, 12% free 19813K/22488K, paused 58ms, total 58ms
D/dalvikvm(  576): GC_FOR_ALLOC freed 388K, 12% free 19958K/22488K, paused 58ms, total 58ms
D/dalvikvm(  576): GC_FOR_ALLOC freed 718K, 10% free 20500K/22716K, paused 67ms, total 67ms
D/dalvikvm(  576): GC_CONCURRENT freed 2628K, 12% free 20751K/23424K, paused 2ms+6ms, total 77ms
D/dalvikvm(  576): WAIT_FOR_CONCURRENT_GC blocked 69ms
D/dalvikvm(  576): GC_CONCURRENT freed 2809K, 13% free 20774K/23736K, paused 3ms+5ms, total 76ms
D/dalvikvm(  576): WAIT_FOR_CONCURRENT_GC blocked 72ms
D/dalvikvm(  576): GC_CONCURRENT freed 2842K, 13% free 20804K/23760K, paused 4ms+6ms, total 81ms
D/dalvikvm(  576): WAIT_FOR_CONCURRENT_GC blocked 75ms
I/PackageManager(  576): Running dexopt on: com.careerbuilder.SugarDrone
W/dalvikvm( 5979): method Landroid/support/v7/widget/ListViewCompat;.lookForSelectablePosition incorrectly overrides package-private method with same name in Landroid/widget/ListView;
D/dalvikvm( 5979): DexOpt: couldn't find static field Landroid/os/Build;.SUPPORTED_ABIS
D/dalvikvm( 5979): DexOpt: load 292ms, verify+opt 1602ms, 3733380 bytes
I/ActivityManager(  576): Force stopping com.careerbuilder.SugarDrone appid=16692 user=-1: update pkg
W/PackageManager(  576): Not granting permission android.permission.MANAGE_DOCUMENTS to package com.careerbuilder.SugarDrone (protectionLevel=2 flags=0x8be46)
W/PackageManager(  576): Not granting permission android.permission.MOUNT_UNMOUNT_FILESYSTEMS to package com.careerbuilder.SugarDrone (protectionLevel=18 flags=0x8be46)
I/InputReader(  576): Reconfiguring input devices.  changes=0x00000010
I/Icing.InternalIcingCorporaProvider( 1336): Updating corpora: A: com.careerbuilder.SugarDrone, C: MAYBE
D/dalvikvm(  825): GC_CONCURRENT freed 452K, 5% free 9244K/9724K, paused 2ms+1ms, total 23ms
D/dalvikvm( 1336): GC_CONCURRENT freed 344K, 6% free 9530K/10100K, paused 2ms+3ms, total 19ms
D/BackupManagerService(  576): Received broadcast Intent { act=android.intent.action.PACKAGE_ADDED dat=package:com.careerbuilder.SugarDrone flg=0x4000010 (has extras) }
V/BackupManagerService(  576): addPackageParticipantsLocked: #1
D/dalvikvm(  576): GC_EXPLICIT freed 2791K, 13% free 20884K/23760K, paused 4ms+17ms, total 197ms
D/AndroidRuntime( 5894): Shutting down VM
D/dalvikvm( 5894): GC_CONCURRENT freed 95K, 15% free 561K/660K, paused 0ms+0ms, total 2ms
I/ActivityManager(  576): Delay finish: com.google.android.gms/.gcm.GcmPackageTracker$GcmPackageChangeReceiver
D/Wear_Controller( 1017): Received broadcast action=android.intent.action.PACKAGE_ADDED and uri=com.careerbuilder.SugarDrone
I/PeopleContactsSync( 1017): triggerPendingContactsCleanup: no accounts
I/Icing   ( 1017): Usage reports 0 indexed 0 rejected 0 imm upload true
W/IcingInternalCorpora( 1017): getNumBytesRead when not calculated.
I/Icing.InternalIcingCorporaProvider( 1336): UpdateCorporaTask done [took 237 ms] updated apps [took 237 ms] 
I/ActivityManager(  576): Resuming delayed broadcast
I/Icing   ( 1017): Usage reports 0 indexed 0 rejected 0 imm upload false
D/dalvikvm( 1017): GC_FOR_ALLOC freed 895K, 11% free 12350K/13844K, paused 48ms, total 49ms
I/Icing   ( 1017): Usage reports 0 indexed 0 rejected 0 imm upload false
D/AndroidRuntime( 6075): 
D/AndroidRuntime( 6075): >>>>>> AndroidRuntime START com.android.internal.os.RuntimeInit <<<<<<
D/AndroidRuntime( 6075): CheckJNI is OFF
D/dalvikvm( 6075): Trying to load lib libjavacore.so 0x0
D/dalvikvm( 6075): Added shared lib libjavacore.so 0x0
D/dalvikvm( 6075): Trying to load lib libnativehelper.so 0x0
D/dalvikvm( 6075): Added shared lib libnativehelper.so 0x0
D/dalvikvm( 6075): No JNI_OnLoad found in libnativehelper.so 0x0, skipping init
D/dalvikvm( 6075): Note: class Landroid/app/ActivityManagerNative; has 179 unimplemented (abstract) methods
D/AndroidRuntime( 6075): Calling main entry com.android.commands.settings.SettingsCmd
D/AndroidRuntime( 6075): Shutting down VM
D/dalvikvm( 6075): GC_CONCURRENT freed 96K, 16% free 562K/664K, paused 0ms+0ms, total 2ms
I/Icing   ( 1017): Indexing 51913DCE11206AD5493A298902DFB4629E7C2319 from com.google.android.googlequicksearchbox
I/Icing   ( 1017): Indexing done 51913DCE11206AD5493A298902DFB4629E7C2319
I/Icing   ( 1017): Indexing 20DD4C980DC9932934B14C611F3A585B39FE1847 from com.google.android.gms
D/dalvikvm( 1017): GC_FOR_ALLOC freed 874K, 12% free 12316K/13844K, paused 67ms, total 68ms
D/AndroidRuntime( 6107): 
D/AndroidRuntime( 6107): >>>>>> AndroidRuntime START com.android.internal.os.RuntimeInit <<<<<<
D/AndroidRuntime( 6107): CheckJNI is OFF
D/dalvikvm( 6107): Trying to load lib libjavacore.so 0x0
D/dalvikvm( 6107): Added shared lib libjavacore.so 0x0
D/dalvikvm( 6107): Trying to load lib libnativehelper.so 0x0
D/dalvikvm( 6107): Added shared lib libnativehelper.so 0x0
D/dalvikvm( 6107): No JNI_OnLoad found in libnativehelper.so 0x0, skipping init
I/Icing   ( 1017): Indexing done 20DD4C980DC9932934B14C611F3A585B39FE1847
D/dalvikvm( 6107): Note: class Landroid/app/ActivityManagerNative; has 179 unimplemented (abstract) methods
D/AndroidRuntime( 6107): Calling main entry com.android.commands.settings.SettingsCmd
D/AndroidRuntime( 6107): Shutting down VM
D/dalvikvm( 6107): GC_CONCURRENT freed 96K, 15% free 562K/660K, paused 0ms+0ms, total 2ms
D/AndroidRuntime( 6138): 
D/AndroidRuntime( 6138): >>>>>> AndroidRuntime START com.android.internal.os.RuntimeInit <<<<<<
D/AndroidRuntime( 6138): CheckJNI is OFF
D/dalvikvm( 6138): Trying to load lib libjavacore.so 0x0
D/dalvikvm( 6138): Added shared lib libjavacore.so 0x0
D/dalvikvm( 6138): Trying to load lib libnativehelper.so 0x0
D/dalvikvm( 6138): Added shared lib libnativehelper.so 0x0
D/dalvikvm( 6138): No JNI_OnLoad found in libnativehelper.so 0x0, skipping init
D/dalvikvm( 6138): Note: class Landroid/app/ActivityManagerNative; has 179 unimplemented (abstract) methods
D/AndroidRuntime( 6138): Calling main entry com.android.commands.settings.SettingsCmd
D/AndroidRuntime( 6138): Shutting down VM
D/dalvikvm( 6138): GC_CONCURRENT freed 96K, 15% free 562K/660K, paused 0ms+0ms, total 2ms
D/AndroidRuntime( 6172): 
D/AndroidRuntime( 6172): >>>>>> AndroidRuntime START com.android.internal.os.RuntimeInit <<<<<<
D/AndroidRuntime( 6172): CheckJNI is OFF
D/dalvikvm( 6172): Trying to load lib libjavacore.so 0x0
D/dalvikvm( 6172): Added shared lib libjavacore.so 0x0
D/dalvikvm( 6172): Trying to load lib libnativehelper.so 0x0
D/dalvikvm( 6172): Added shared lib libnativehelper.so 0x0
D/dalvikvm( 6172): No JNI_OnLoad found in libnativehelper.so 0x0, skipping init
D/dalvikvm( 6172): Note: class Landroid/app/ActivityManagerNative; has 179 unimplemented (abstract) methods
D/AndroidRuntime( 6172): Calling main entry com.android.commands.settings.SettingsCmd
D/AndroidRuntime( 6172): Shutting down VM
D/dalvikvm( 6172): GC_CONCURRENT freed 96K, 15% free 562K/660K, paused 1ms+0ms, total 3ms
D/AndroidRuntime( 6200): 
D/AndroidRuntime( 6200): >>>>>> AndroidRuntime START com.android.internal.os.RuntimeInit <<<<<<
D/AndroidRuntime( 6200): CheckJNI is OFF
D/dalvikvm( 6200): Trying to load lib libjavacore.so 0x0
D/dalvikvm( 6200): Added shared lib libjavacore.so 0x0
D/dalvikvm( 6200): Trying to load lib libnativehelper.so 0x0
D/dalvikvm( 6200): Added shared lib libnativehelper.so 0x0
D/dalvikvm( 6200): No JNI_OnLoad found in libnativehelper.so 0x0, skipping init
D/dalvikvm( 6200): Note: class Landroid/app/ActivityManagerNative; has 179 unimplemented (abstract) methods
D/AndroidRuntime( 6200): Calling main entry com.android.commands.settings.SettingsCmd
D/AndroidRuntime( 6200): Shutting down VM
D/dalvikvm( 6200): GC_CONCURRENT freed 96K, 15% free 562K/660K, paused 0ms+0ms, total 2ms
D/AndroidRuntime( 6226): 
D/AndroidRuntime( 6226): >>>>>> AndroidRuntime START com.android.internal.os.RuntimeInit <<<<<<
D/AndroidRuntime( 6226): CheckJNI is OFF
D/dalvikvm( 6226): Trying to load lib libjavacore.so 0x0
D/dalvikvm( 6226): Added shared lib libjavacore.so 0x0
D/dalvikvm( 6226): Trying to load lib libnativehelper.so 0x0
D/dalvikvm( 6226): Added shared lib libnativehelper.so 0x0
D/dalvikvm( 6226): No JNI_OnLoad found in libnativehelper.so 0x0, skipping init
W/ProcessCpuTracker(  576): Skipping unknown process pid 6230
D/dalvikvm( 6226): Note: class Landroid/app/ActivityManagerNative; has 179 unimplemented (abstract) methods
D/AndroidRuntime( 6226): Calling main entry com.android.commands.settings.SettingsCmd
D/AndroidRuntime( 6226): Shutting down VM
D/dalvikvm( 6226): GC_CONCURRENT freed 96K, 15% free 562K/660K, paused 0ms+0ms, total 2ms
D/AndroidRuntime( 6258): 
D/AndroidRuntime( 6258): >>>>>> AndroidRuntime START com.android.internal.os.RuntimeInit <<<<<<
D/AndroidRuntime( 6258): CheckJNI is OFF
D/dalvikvm( 6258): Trying to load lib libjavacore.so 0x0
D/dalvikvm( 6258): Added shared lib libjavacore.so 0x0
D/dalvikvm( 6258): Trying to load lib libnativehelper.so 0x0
D/dalvikvm( 6258): Added shared lib libnativehelper.so 0x0
D/dalvikvm( 6258): No JNI_OnLoad found in libnativehelper.so 0x0, skipping init
D/dalvikvm( 6258): Note: class Landroid/app/ActivityManagerNative; has 179 unimplemented (abstract) methods
D/AndroidRuntime( 6258): Calling main entry com.android.commands.pm.Pm
D/AndroidRuntime( 6258): Shutting down VM
D/dalvikvm( 6258): GC_CONCURRENT freed 249K, 31% free 567K/820K, paused 0ms+1ms, total 3ms
D/dalvikvm(  576): GC_CONCURRENT freed 4244K, 18% free 19584K/23868K, paused 3ms+5ms, total 79ms
D/AndroidRuntime( 6337): 
D/AndroidRuntime( 6337): >>>>>> AndroidRuntime START com.android.internal.os.RuntimeInit <<<<<<
D/AndroidRuntime( 6337): CheckJNI is OFF
D/dalvikvm( 6337): Trying to load lib libjavacore.so 0x0
D/dalvikvm( 6337): Added shared lib libjavacore.so 0x0
D/dalvikvm( 6337): Trying to load lib libnativehelper.so 0x0
D/dalvikvm( 6337): Added shared lib libnativehelper.so 0x0
D/dalvikvm( 6337): No JNI_OnLoad found in libnativehelper.so 0x0, skipping init
D/dalvikvm( 6337): Note: class Landroid/app/ActivityManagerNative; has 179 unimplemented (abstract) methods
D/AndroidRuntime( 6337): Calling main entry com.android.commands.pm.Pm
D/AndroidRuntime( 6337): Shutting down VM
D/dalvikvm( 6337): GC_CONCURRENT freed 249K, 31% free 567K/820K, paused 0ms+0ms, total 3ms
D/AndroidRuntime( 6420): 
D/AndroidRuntime( 6420): >>>>>> AndroidRuntime START com.android.internal.os.RuntimeInit <<<<<<
D/AndroidRuntime( 6420): CheckJNI is OFF
D/dalvikvm( 6420): Trying to load lib libjavacore.so 0x0
D/dalvikvm( 6420): Added shared lib libjavacore.so 0x0
D/dalvikvm( 6420): Trying to load lib libnativehelper.so 0x0
D/dalvikvm( 6420): Added shared lib libnativehelper.so 0x0
D/dalvikvm( 6420): No JNI_OnLoad found in libnativehelper.so 0x0, skipping init
D/dalvikvm( 6420): Note: class Landroid/app/ActivityManagerNative; has 179 unimplemented (abstract) methods
D/AndroidRuntime( 6420): Calling main entry com.android.commands.am.Am
W/ActivityManager(  576): Invalid packageName: com.careerbuilder.SugarDrone.test
D/AndroidRuntime( 6420): Shutting down VM
D/dalvikvm( 6420): GC_CONCURRENT freed 93K, 15% free 553K/648K, paused 0ms+0ms, total 2ms
D/AndroidRuntime( 6459): 
D/AndroidRuntime( 6459): >>>>>> AndroidRuntime START com.android.internal.os.RuntimeInit <<<<<<
D/AndroidRuntime( 6459): CheckJNI is OFF
D/dalvikvm( 6459): Trying to load lib libjavacore.so 0x0
D/dalvikvm( 6459): Added shared lib libjavacore.so 0x0
D/dalvikvm( 6459): Trying to load lib libnativehelper.so 0x0
D/dalvikvm( 6459): Added shared lib libnativehelper.so 0x0
D/dalvikvm( 6459): No JNI_OnLoad found in libnativehelper.so 0x0, skipping init
D/dalvikvm( 6459): Note: class Landroid/app/ActivityManagerNative; has 179 unimplemented (abstract) methods
D/AndroidRuntime( 6459): Calling main entry com.android.commands.pm.Pm
W/ActivityManager(  576): No content provider found for permission revoke: file:///data/local/tmp/0000002169
W/ActivityManager(  576): No content provider found for permission revoke: file:///data/local/tmp/0000002169
I/PackageManager(  576): Copying native libraries to /data/app-lib/vmdl-2114632901
I/PackageManager(  576): Running dexopt on: com.careerbuilder.SugarDrone.test
D/dalvikvm( 6484): DexOpt: load 70ms, verify+opt 515ms, 1565836 bytes
I/ActivityManager(  576): Force stopping com.careerbuilder.SugarDrone.test appid=16693 user=-1: update pkg
I/InputReader(  576): Reconfiguring input devices.  changes=0x00000010
I/Icing.InternalIcingCorporaProvider( 1336): Updating corpora: A: com.careerbuilder.SugarDrone.test, C: MAYBE
D/BackupManagerService(  576): Received broadcast Intent { act=android.intent.action.PACKAGE_ADDED dat=package:com.careerbuilder.SugarDrone.test flg=0x4000010 (has extras) }
V/BackupManagerService(  576): addPackageParticipantsLocked: #1
D/dalvikvm(  576): GC_EXPLICIT freed 1042K, 18% free 19605K/23868K, paused 2ms+8ms, total 183ms
D/AndroidRuntime( 6459): Shutting down VM
D/dalvikvm( 6459): GC_CONCURRENT freed 95K, 15% free 561K/660K, paused 0ms+0ms, total 2ms
D/dalvikvm( 1336): GC_CONCURRENT freed 336K, 5% free 9623K/10100K, paused 2ms+2ms, total 22ms
I/Icing.InternalIcingCorporaProvider( 1336): UpdateCorporaTask done [took 88 ms] updated apps [took 88 ms] 
D/Wear_Controller( 1017): Received broadcast action=android.intent.action.PACKAGE_ADDED and uri=com.careerbuilder.SugarDrone.test
I/PeopleContactsSync( 1017): triggerPendingContactsCleanup: no accounts
W/IcingInternalCorpora( 1017): getNumBytesRead when not calculated.
D/dalvikvm( 1017): GC_FOR_ALLOC freed 810K, 11% free 12332K/13844K, paused 46ms, total 47ms
I/Icing   ( 1017): Usage reports 0 indexed 0 rejected 0 imm upload false
I/Icing   ( 1017): Usage reports 0 indexed 0 rejected 0 imm upload false
D/AndroidRuntime( 6547): 
D/AndroidRuntime( 6547): >>>>>> AndroidRuntime START com.android.internal.os.RuntimeInit <<<<<<
D/AndroidRuntime( 6547): CheckJNI is OFF
D/dalvikvm( 6547): Trying to load lib libjavacore.so 0x0
D/dalvikvm( 6547): Added shared lib libjavacore.so 0x0
D/dalvikvm( 6547): Trying to load lib libnativehelper.so 0x0
D/dalvikvm( 6547): Added shared lib libnativehelper.so 0x0
D/dalvikvm( 6547): No JNI_OnLoad found in libnativehelper.so 0x0, skipping init
D/dalvikvm( 6547): Note: class Landroid/app/ActivityManagerNative; has 179 unimplemented (abstract) methods
D/AndroidRuntime( 6547): Calling main entry com.android.commands.settings.SettingsCmd
D/AndroidRuntime( 6547): Shutting down VM
D/dalvikvm( 6547): GC_CONCURRENT freed 96K, 15% free 562K/660K, paused 0ms+1ms, total 3ms
I/Icing   ( 1017): Indexing 20DD4C980DC9932934B14C611F3A585B39FE1847 from com.google.android.gms
I/Icing   ( 1017): Indexing done 20DD4C980DC9932934B14C611F3A585B39FE1847
D/AndroidRuntime( 6577): 
D/AndroidRuntime( 6577): >>>>>> AndroidRuntime START com.android.internal.os.RuntimeInit <<<<<<
D/AndroidRuntime( 6577): CheckJNI is OFF
D/dalvikvm( 6577): Trying to load lib libjavacore.so 0x0
D/dalvikvm( 6577): Added shared lib libjavacore.so 0x0
D/dalvikvm( 6577): Trying to load lib libnativehelper.so 0x0
D/dalvikvm( 6577): Added shared lib libnativehelper.so 0x0
D/dalvikvm( 6577): No JNI_OnLoad found in libnativehelper.so 0x0, skipping init
D/dalvikvm( 6577): Note: class Landroid/app/ActivityManagerNative; has 179 unimplemented (abstract) methods
D/AndroidRuntime( 6577): Calling main entry com.android.commands.settings.SettingsCmd
D/AndroidRuntime( 6577): Shutting down VM
D/dalvikvm( 6577): GC_CONCURRENT freed 96K, 15% free 562K/660K, paused 1ms+1ms, total 3ms
D/AndroidRuntime( 6608): 
D/AndroidRuntime( 6608): >>>>>> AndroidRuntime START com.android.internal.os.RuntimeInit <<<<<<
D/AndroidRuntime( 6608): CheckJNI is OFF
D/dalvikvm( 6608): Trying to load lib libjavacore.so 0x0
D/dalvikvm( 6608): Added shared lib libjavacore.so 0x0
D/dalvikvm( 6608): Trying to load lib libnativehelper.so 0x0
D/dalvikvm( 6608): Added shared lib libnativehelper.so 0x0
D/dalvikvm( 6608): No JNI_OnLoad found in libnativehelper.so 0x0, skipping init
D/dalvikvm( 6608): Note: class Landroid/app/ActivityManagerNative; has 179 unimplemented (abstract) methods
D/AndroidRuntime( 6608): Calling main entry com.android.commands.settings.SettingsCmd
D/AndroidRuntime( 6608): Shutting down VM
D/dalvikvm( 6608): GC_CONCURRENT freed 96K, 15% free 562K/660K, paused 0ms+0ms, total 2ms
D/AndroidRuntime( 6636): 
D/AndroidRuntime( 6636): >>>>>> AndroidRuntime START com.android.internal.os.RuntimeInit <<<<<<
D/AndroidRuntime( 6636): CheckJNI is OFF
D/dalvikvm( 6636): Trying to load lib libjavacore.so 0x0
D/dalvikvm( 6636): Added shared lib libjavacore.so 0x0
D/dalvikvm( 6636): Trying to load lib libnativehelper.so 0x0
D/dalvikvm( 6636): Added shared lib libnativehelper.so 0x0
D/dalvikvm( 6636): No JNI_OnLoad found in libnativehelper.so 0x0, skipping init
D/dalvikvm( 6636): Note: class Landroid/app/ActivityManagerNative; has 179 unimplemented (abstract) methods
D/AndroidRuntime( 6636): Calling main entry com.android.commands.settings.SettingsCmd
D/AndroidRuntime( 6636): Shutting down VM
D/dalvikvm( 6636): GC_CONCURRENT freed 96K, 15% free 562K/660K, paused 0ms+0ms, total 3ms
D/AndroidRuntime( 6664): 
D/AndroidRuntime( 6664): >>>>>> AndroidRuntime START com.android.internal.os.RuntimeInit <<<<<<
D/AndroidRuntime( 6664): CheckJNI is OFF
D/dalvikvm( 6664): Trying to load lib libjavacore.so 0x0
D/dalvikvm( 6664): Added shared lib libjavacore.so 0x0
D/dalvikvm( 6664): Trying to load lib libnativehelper.so 0x0
D/dalvikvm( 6664): Added shared lib libnativehelper.so 0x0
D/dalvikvm( 6664): No JNI_OnLoad found in libnativehelper.so 0x0, skipping init
D/dalvikvm( 6664): Note: class Landroid/app/ActivityManagerNative; has 179 unimplemented (abstract) methods
D/AndroidRuntime( 6664): Calling main entry com.android.commands.settings.SettingsCmd
D/AndroidRuntime( 6664): Shutting down VM
D/dalvikvm( 6664): GC_CONCURRENT freed 96K, 15% free 562K/660K, paused 1ms+1ms, total 3ms
D/AndroidRuntime( 6691): 
D/AndroidRuntime( 6691): >>>>>> AndroidRuntime START com.android.internal.os.RuntimeInit <<<<<<
D/AndroidRuntime( 6691): CheckJNI is OFF
D/dalvikvm( 6691): Trying to load lib libjavacore.so 0x0
D/dalvikvm( 6691): Added shared lib libjavacore.so 0x0
D/dalvikvm( 6691): Trying to load lib libnativehelper.so 0x0
D/dalvikvm( 6691): Added shared lib libnativehelper.so 0x0
D/dalvikvm( 6691): No JNI_OnLoad found in libnativehelper.so 0x0, skipping init
D/dalvikvm( 6691): Note: class Landroid/app/ActivityManagerNative; has 179 unimplemented (abstract) methods
D/AndroidRuntime( 6691): Calling main entry com.android.commands.settings.SettingsCmd
D/AndroidRuntime( 6691): Shutting down VM
D/dalvikvm( 6691): GC_CONCURRENT freed 96K, 15% free 562K/660K, paused 1ms+1ms, total 3ms
D/AndroidRuntime( 6723): 
D/AndroidRuntime( 6723): >>>>>> AndroidRuntime START com.android.internal.os.RuntimeInit <<<<<<
D/AndroidRuntime( 6723): CheckJNI is OFF
D/dalvikvm( 6723): Trying to load lib libjavacore.so 0x0
D/dalvikvm( 6723): Added shared lib libjavacore.so 0x0
D/dalvikvm( 6723): Trying to load lib libnativehelper.so 0x0
D/dalvikvm( 6723): Added shared lib libnativehelper.so 0x0
D/dalvikvm( 6723): No JNI_OnLoad found in libnativehelper.so 0x0, skipping init
D/dalvikvm( 6723): Note: class Landroid/app/ActivityManagerNative; has 179 unimplemented (abstract) methods
D/AndroidRuntime( 6723): Calling main entry com.android.commands.pm.Pm
D/AndroidRuntime( 6723): Shutting down VM
D/dalvikvm( 6723): GC_CONCURRENT freed 251K, 31% free 567K/820K, paused 0ms+1ms, total 2ms
D/dalvikvm(  576): GC_CONCURRENT freed 2617K, 18% free 19636K/23868K, paused 2ms+6ms, total 84ms
D/AndroidRuntime( 6797): 
D/AndroidRuntime( 6797): >>>>>> AndroidRuntime START com.android.internal.os.RuntimeInit <<<<<<
D/AndroidRuntime( 6797): CheckJNI is OFF
D/dalvikvm( 6797): Trying to load lib libjavacore.so 0x0
D/dalvikvm( 6797): Added shared lib libjavacore.so 0x0
D/dalvikvm( 6797): Trying to load lib libnativehelper.so 0x0
D/dalvikvm( 6797): Added shared lib libnativehelper.so 0x0
D/dalvikvm( 6797): No JNI_OnLoad found in libnativehelper.so 0x0, skipping init
D/dalvikvm( 6797): Note: class Landroid/app/ActivityManagerNative; has 179 unimplemented (abstract) methods
D/AndroidRuntime( 6797): Calling main entry com.android.commands.pm.Pm
D/AndroidRuntime( 6797): Shutting down VM
D/dalvikvm( 6797): GC_CONCURRENT freed 251K, 31% free 567K/820K, paused 0ms+0ms, total 3ms
D/AndroidRuntime( 6878): 
D/AndroidRuntime( 6878): >>>>>> AndroidRuntime START com.android.internal.os.RuntimeInit <<<<<<
D/AndroidRuntime( 6878): CheckJNI is OFF
D/dalvikvm( 6878): Trying to load lib libjavacore.so 0x0
D/dalvikvm( 6878): Added shared lib libjavacore.so 0x0
D/dalvikvm( 6878): Trying to load lib libnativehelper.so 0x0
D/dalvikvm( 6878): Added shared lib libnativehelper.so 0x0
D/dalvikvm( 6878): No JNI_OnLoad found in libnativehelper.so 0x0, skipping init
D/dalvikvm( 6878): Note: class Landroid/app/ActivityManagerNative; has 179 unimplemented (abstract) methods
D/AndroidRuntime( 6878): Calling main entry com.android.commands.input.Input
I/Input   ( 6878): injectKeyEvent: KeyEvent { action=ACTION_DOWN, keyCode=KEYCODE_BACK, scanCode=0, metaState=0, flags=0x0, repeatCount=0, eventTime=268008, downTime=268008, deviceId=-1, source=0x101 }
I/Input   ( 6878): injectKeyEvent: KeyEvent { action=ACTION_UP, keyCode=KEYCODE_BACK, scanCode=0, metaState=0, flags=0x0, repeatCount=0, eventTime=268008, downTime=268008, deviceId=-1, source=0x101 }
D/AndroidRuntime( 6878): Shutting down VM
D/dalvikvm( 6878): GC_CONCURRENT freed 98K, 16% free 563K/664K, paused 1ms+1ms, total 3ms
D/AndroidRuntime( 6945): 
D/AndroidRuntime( 6945): >>>>>> AndroidRuntime START com.android.internal.os.RuntimeInit <<<<<<
D/AndroidRuntime( 6945): CheckJNI is OFF
D/dalvikvm( 6945): Trying to load lib libjavacore.so 0x0
D/dalvikvm( 6945): Added shared lib libjavacore.so 0x0
D/dalvikvm( 6945): Trying to load lib libnativehelper.so 0x0
D/dalvikvm( 6945): Added shared lib libnativehelper.so 0x0
D/dalvikvm( 6945): No JNI_OnLoad found in libnativehelper.so 0x0, skipping init
D/dalvikvm( 6945): Note: class Landroid/app/ActivityManagerNative; has 179 unimplemented (abstract) methods
D/AndroidRuntime( 6945): Calling main entry com.android.commands.input.Input
I/Input   ( 6945): injectKeyEvent: KeyEvent { action=ACTION_DOWN, keyCode=KEYCODE_HOME, scanCode=0, metaState=0, flags=0x0, repeatCount=0, eventTime=269774, downTime=269774, deviceId=-1, source=0x101 }
I/Input   ( 6945): injectKeyEvent: KeyEvent { action=ACTION_UP, keyCode=KEYCODE_HOME, scanCode=0, metaState=0, flags=0x0, repeatCount=0, eventTime=269774, downTime=269774, deviceId=-1, source=0x101 }
D/AndroidRuntime( 6945): Shutting down VM
I/ActivityManager(  576): START u0 {act=android.intent.action.MAIN cat=[android.intent.category.HOME] flg=0x10200000 cmp=com.android.launcher/com.android.launcher2.Launcher} from pid 576
D/dalvikvm( 6945): GC_CONCURRENT freed 98K, 16% free 563K/664K, paused 0ms+0ms, total 2ms
D/AndroidRuntime( 6987): 
D/AndroidRuntime( 6987): >>>>>> AndroidRuntime START com.android.internal.os.RuntimeInit <<<<<<
D/AndroidRuntime( 6987): CheckJNI is OFF
D/dalvikvm( 6987): Trying to load lib libjavacore.so 0x0
D/dalvikvm( 6987): Added shared lib libjavacore.so 0x0
D/dalvikvm( 6987): Trying to load lib libnativehelper.so 0x0
D/dalvikvm( 6987): Added shared lib libnativehelper.so 0x0
D/dalvikvm( 6987): No JNI_OnLoad found in libnativehelper.so 0x0, skipping init
D/dalvikvm( 6987): Note: class Landroid/app/ActivityManagerNative; has 179 unimplemented (abstract) methods
D/AndroidRuntime( 6987): Calling main entry com.android.commands.input.Input
I/Input   ( 6987): injectKeyEvent: KeyEvent { action=ACTION_DOWN, keyCode=KEYCODE_BACK, scanCode=0, metaState=0, flags=0x0, repeatCount=0, eventTime=271098, downTime=271098, deviceId=-1, source=0x101 }
I/Input   ( 6987): injectKeyEvent: KeyEvent { action=ACTION_UP, keyCode=KEYCODE_BACK, scanCode=0, metaState=0, flags=0x0, repeatCount=0, eventTime=271098, downTime=271098, deviceId=-1, source=0x101 }
D/AndroidRuntime( 6987): Shutting down VM
D/dalvikvm( 6987): GC_CONCURRENT freed 98K, 16% free 563K/664K, paused 0ms+0ms, total 2ms
D/dalvikvm( 1304): GC_CONCURRENT freed 444K, 5% free 9578K/10056K, paused 1ms+3ms, total 27ms
D/Finsky  ( 1304): [1] 5.onFinished: Installation state replication succeeded.
D/AndroidRuntime( 7024): 
D/AndroidRuntime( 7024): >>>>>> AndroidRuntime START com.android.internal.os.RuntimeInit <<<<<<
D/AndroidRuntime( 7024): CheckJNI is OFF
D/dalvikvm( 7024): Trying to load lib libjavacore.so 0x0
D/dalvikvm( 7024): Added shared lib libjavacore.so 0x0
D/dalvikvm( 7024): Trying to load lib libnativehelper.so 0x0
D/dalvikvm( 7024): Added shared lib libnativehelper.so 0x0
D/dalvikvm( 7024): No JNI_OnLoad found in libnativehelper.so 0x0, skipping init
D/dalvikvm( 7024): Note: class Landroid/app/ActivityManagerNative; has 179 unimplemented (abstract) methods
D/AndroidRuntime( 7024): Calling main entry com.android.commands.am.Am
I/ActivityManager(  576): Force stopping com.careerbuilder.SugarDrone appid=16692 user=0: start instr
D/dalvikvm( 7050): Late-enabling CheckJNI
I/ActivityManager(  576): Start proc com.careerbuilder.SugarDrone for added application com.careerbuilder.SugarDrone: pid=7050 uid=16692 gids={56692, 3003, 1028, 1015}
I/dalvikvm( 7050): Could not find method android.app.Instrumentation.execStartActivity, referenced from method sh.calaba.exposed.InstrumentationExposed.execStartActivity
W/dalvikvm( 7050): VFY: unable to resolve virtual method 38: Landroid/app/Instrumentation;.execStartActivity (Landroid/content/Context;Landroid/os/IBinder;Landroid/os/IBinder;Landroid/app/Activity;Landroid/content/Intent;I)Landroid/app/Instrumentation$ActivityResult;
D/dalvikvm( 7050): VFY: replacing opcode 0x75 at 0x0000
I/dalvikvm( 7050): Could not find method android.app.Instrumentation.execStartActivity, referenced from method sh.calaba.exposed.InstrumentationExposed.execStartActivity
W/dalvikvm( 7050): VFY: unable to resolve virtual method 41: Landroid/app/Instrumentation;.execStartActivity (Landroid/content/Context;Landroid/os/IBinder;Landroid/os/IBinder;Landroid/app/Fragment;Landroid/content/Intent;I)Landroid/app/Instrumentation$ActivityResult;
D/dalvikvm( 7050): VFY: replacing opcode 0x75 at 0x0000
I/dalvikvm( 7050): Could not find method android.app.Instrumentation.execStartActivityAsCaller, referenced from method sh.calaba.exposed.InstrumentationExposed.execStartActivityAsCaller
W/dalvikvm( 7050): VFY: unable to resolve virtual method 43: Landroid/app/Instrumentation;.execStartActivityAsCaller (Landroid/content/Context;Landroid/os/IBinder;Landroid/os/IBinder;Landroid/app/Activity;Landroid/content/Intent;ILandroid/os/Bundle;I)Landroid/app/Instrumentation$ActivityResult;
D/dalvikvm( 7050): VFY: replacing opcode 0x75 at 0x0000
D/dalvikvm( 7050): Trying to load lib /data/app-lib/com.careerbuilder.SugarDrone-1/libmonodroid.so 0x425b9b88
D/dalvikvm( 7050): Added shared lib /data/app-lib/com.careerbuilder.SugarDrone-1/libmonodroid.so 0x425b9b88
W/monodroid( 7050): Using override path: /data/data/com.careerbuilder.SugarDrone/files/.__override__
W/monodroid( 7050): Trying to load sgen from: /data/data/com.careerbuilder.SugarDrone/files/.__override__/libmonosgen-2.0.so
W/monodroid( 7050): Trying to load sgen from: /storage/emulated/0/Android/data/com.careerbuilder.SugarDrone/files/.__override__/libmonosgen-2.0.so
W/monodroid( 7050): Trying to load sgen from: /data/app-lib/com.careerbuilder.SugarDrone-1/libmonosgen-2.0.so
D/Mono    ( 7050): Image addref mscorlib[0x758edcb0] -> mscorlib.dll[0x758ecff8]: 2
D/Mono    ( 7050): Prepared to set up assembly 'mscorlib' (mscorlib.dll)
D/Mono    ( 7050): AOT module 'mscorlib.dll.so' not found: dlopen failed: library "/data/app-lib/com.careerbuilder.SugarDrone-1/libaot-mscorlib.dll.so" not found
D/Mono    ( 7050): AOT module '/Users/builder/data/lanes/4009/3a62f1ea/source/monodroid/builds/install/mono-armv6/lib/mono/aot-cache/arm/mscorlib.dll.so' not found: dlopen failed: library "/data/app-lib/com.careerbuilder.SugarDrone-1/libaot-mscorlib.dll.so" not found
D/Mono    ( 7050): Config attempting to parse: 'mscorlib.dll.config'.
D/Mono    ( 7050): Config attempting to parse: '/Users/builder/data/lanes/4009/3a62f1ea/source/monodroid/builds/install/mono-armv6/etc/mono/assemblies/mscorlib/mscorlib.config'.
D/Mono    ( 7050): Assembly mscorlib[0x758edcb0] added to domain RootDomain, ref_count=1
D/Mono    ( 7050): Image addref CareerBuilder_Search.Droid[0x7a3b1cc0] -> CareerBuilder_Search.Droid.dll[0x7a3b1020]: 2
D/Mono    ( 7050): Prepared to set up assembly 'CareerBuilder_Search.Droid' (CareerBuilder_Search.Droid.dll)
D/Mono    ( 7050): Assembly CareerBuilder_Search.Droid[0x7a3b1cc0] added to domain RootDomain, ref_count=1
D/Mono    ( 7050): AOT module 'CareerBuilder_Search.Droid.dll.so' not found: dlopen failed: library "/data/app-lib/com.careerbuilder.SugarDrone-1/libaot-CareerBuilder_Search.Droid.dll.so" not found
D/Mono    ( 7050): AOT module '/Users/builder/data/lanes/4009/3a62f1ea/source/monodroid/builds/install/mono-armv6/lib/mono/aot-cache/arm/CareerBuilder_Search.Droid.dll.so' not found: dlopen failed: library "/data/app-lib/com.careerbuilder.SugarDrone-1/libaot-CareerBuilder_Search.Droid.dll.so" not found
D/Mono    ( 7050): Config attempting to parse: 'CareerBuilder_Search.Droid.dll.config'.
D/Mono    ( 7050): Config attempting to parse: '/Users/builder/data/lanes/4009/3a62f1ea/source/monodroid/builds/install/mono-armv6/etc/mono/assemblies/CareerBuilder_Search.Droid/CareerBuilder_Search.Droid.config'.
D/Mono    ( 7050): Image addref AppsFlyerXamarinBindingAndroid[0x7a3b2b28] -> AppsFlyerXamarinBindingAndroid.dll[0x7a3b1ed8]: 2
D/Mono    ( 7050): Prepared to set up assembly 'AppsFlyerXamarinBindingAndroid' (AppsFlyerXamarinBindingAndroid.dll)
D/Mono    ( 7050): Assembly AppsFlyerXamarinBindingAndroid[0x7a3b2b28] added to domain RootDomain, ref_count=1
D/Mono    ( 7050): AOT module 'AppsFlyerXamarinBindingAndroid.dll.so' not found: dlopen failed: library "/data/app-lib/com.careerbuilder.SugarDrone-1/libaot-AppsFlyerXamarinBindingAndroid.dll.so" not found
D/Mono    ( 7050): AOT module '/Users/builder/data/lanes/4009/3a62f1ea/source/monodroid/builds/install/mono-armv6/lib/mono/aot-cache/arm/AppsFlyerXamarinBindingAndroid.dll.so' not found: dlopen failed: library "/data/app-lib/com.careerbuilder.SugarDrone-1/libaot-AppsFlyerXamarinBindingAndroid.dll.so" not found
D/Mono    ( 7050): Config attempting to parse: 'AppsFlyerXamarinBindingAndroid.dll.config'.
D/Mono    ( 7050): Config attempting to parse: '/Users/builder/data/lanes/4009/3a62f1ea/source/monodroid/builds/install/mono-armv6/etc/mono/assemblies/AppsFlyerXamarinBindingAndroid/AppsFlyerXamarinBindingAndroid.config'.
D/Mono    ( 7050): Image addref HockeySDK[0x7a3b3848] -> HockeySDK.dll[0x7a3b2c28]: 2
D/Mono    ( 7050): Prepared to set up assembly 'HockeySDK' (HockeySDK.dll)
D/Mono    ( 7050): Assembly HockeySDK[0x7a3b3848] added to domain RootDomain, ref_count=1
D/Mono    ( 7050): AOT module 'HockeySDK.dll.so' not found: dlopen failed: library "/data/app-lib/com.careerbuilder.SugarDrone-1/libaot-HockeySDK.dll.so" not found
D/Mono    ( 7050): AOT module '/Users/builder/data/lanes/4009/3a62f1ea/source/monodroid/builds/install/mono-armv6/lib/mono/aot-cache/arm/HockeySDK.dll.so' not found: dlopen failed: library "/data/app-lib/com.careerbuilder.SugarDrone-1/libaot-HockeySDK.dll.so" not found
D/Mono    ( 7050): Config attempting to parse: 'HockeySDK.dll.config'.
D/Mono    ( 7050): Config attempting to parse: '/Users/builder/data/lanes/4009/3a62f1ea/source/monodroid/builds/install/mono-armv6/etc/mono/assemblies/HockeySDK/HockeySDK.config'.
D/Mono    ( 7050): Image addref Akavache[0x7a3d15e8] -> Akavache.dll[0x7a3b3930]: 2
D/Mono    ( 7050): Prepared to set up assembly 'Akavache' (Akavache.dll)
D/Mono    ( 7050): Assembly Akavache[0x7a3d15e8] added to domain RootDomain, ref_count=1
D/Mono    ( 7050): AOT module 'Akavache.dll.so' not found: dlopen failed: library "/data/app-lib/com.careerbuilder.SugarDrone-1/libaot-Akavache.dll.so" not found
D/Mono    ( 7050): AOT module '/Users/builder/data/lanes/4009/3a62f1ea/source/monodroid/builds/install/mono-armv6/lib/mono/aot-cache/arm/Akavache.dll.so' not found: dlopen failed: library "/data/app-lib/com.careerbuilder.SugarDrone-1/libaot-Akavache.dll.so" not found
D/Mono    ( 7050): Config attempting to parse: 'Akavache.dll.config'.
D/Mono    ( 7050): Config attempting to parse: '/Users/builder/data/lanes/4009/3a62f1ea/source/monodroid/builds/install/mono-armv6/etc/mono/assemblies/Akavache/Akavache.config'.
D/Mono    ( 7050): Image addref Akavache.Sqlite3[0x7a3d2358] -> Akavache.Sqlite3.dll[0x7a3d1708]: 2
D/Mono    ( 7050): Prepared to set up assembly 'Akavache.Sqlite3' (Akavache.Sqlite3.dll)
D/Mono    ( 7050): Assembly Akavache.Sqlite3[0x7a3d2358] added to domain RootDomain, ref_count=1
D/Mono    ( 7050): AOT module 'Akavache.Sqlite3.dll.so' not found: dlopen failed: library "/data/app-lib/com.careerbuilder.SugarDrone-1/libaot-Akavache.Sqlite3.dll.so" not found
D/Mono    ( 7050): AOT module '/Users/builder/data/lanes/4009/3a62f1ea/source/monodroid/builds/install/mono-armv6/lib/mono/aot-cache/arm/Akavache.Sqlite3.dll.so' not found: dlopen failed: library "/data/app-lib/com.careerbuilder.SugarDrone-1/libaot-Akavache.Sqlite3.dll.so" not found
W/        ( 7050): Symbol file LoadedFromMemory doesn't match image Akavache.Sqlite3.dll
D/Mono    ( 7050): Config attempting to parse: 'Akavache.Sqlite3.dll.config'.
D/Mono    ( 7050): Config attempting to parse: '/Users/builder/data/lanes/4009/3a62f1ea/source/monodroid/builds/install/mono-armv6/etc/mono/assemblies/Akavache.Sqlite3/Akavache.Sqlite3.config'.
D/Mono    ( 7050): Image addref Splat[0x7a3d3088] -> Splat.dll[0x7a3d2448]: 2
D/Mono    ( 7050): Prepared to set up assembly 'Splat' (Splat.dll)
D/Mono    ( 7050): Assembly Splat[0x7a3d3088] added to domain RootDomain, ref_count=1
D/Mono    ( 7050): AOT module 'Splat.dll.so' not found: dlopen failed: library "/data/app-lib/com.careerbuilder.SugarDrone-1/libaot-Splat.dll.so" not found
D/Mono    ( 7050): AOT module '/Users/builder/data/lanes/4009/3a62f1ea/source/monodroid/builds/install/mono-armv6/lib/mono/aot-cache/arm/Splat.dll.so' not found: dlopen failed: library "/data/app-lib/com.careerbuilder.SugarDrone-1/libaot-Splat.dll.so" not found
D/Mono    ( 7050): Config attempting to parse: 'Splat.dll.config'.
D/Mono    ( 7050): Config attempting to parse: '/Users/builder/data/lanes/4009/3a62f1ea/source/monodroid/builds/install/mono-armv6/etc/mono/assemblies/Splat/Splat.config'.
D/Mono    ( 7050): Image addref Microsoft.Practices.ServiceLocation[0x7a3d6ea0] -> Microsoft.Practices.ServiceLocation.dll[0x7a3d6260]: 2
D/Mono    ( 7050): Prepared to set up assembly 'Microsoft.Practices.ServiceLocation' (Microsoft.Practices.ServiceLocation.dll)
D/Mono    ( 7050): Assembly Microsoft.Practices.ServiceLocation[0x7a3d6ea0] added to domain RootDomain, ref_count=1
D/Mono    ( 7050): AOT module 'Microsoft.Practices.ServiceLocation.dll.so' not found: dlopen failed: library "/data/app-lib/com.careerbuilder.SugarDrone-1/libaot-Microsoft.Practices.ServiceLocation.dll.so" not found
D/Mono    ( 7050): AOT module '/Users/builder/data/lanes/4009/3a62f1ea/source/monodroid/builds/install/mono-armv6/lib/mono/aot-cache/arm/Microsoft.Practices.ServiceLocation.dll.so' not found: dlopen failed: library "/data/app-lib/com.careerbuilder.SugarDrone-1/libaot-Microsoft.Practices.ServiceLocation.dll.so" not found
D/Mono    ( 7050): Config attempting to parse: 'Microsoft.Practices.ServiceLocation.dll.config'.
D/Mono    ( 7050): Config attempting to parse: '/Users/builder/data/lanes/4009/3a62f1ea/source/monodroid/builds/install/mono-armv6/etc/mono/assemblies/Microsoft.Practices.ServiceLocation/Microsoft.Practices.ServiceLocation.config'.
D/Mono    ( 7050): Image addref Microsoft.Practices.Unity[0x7a3d8488] -> Microsoft.Practices.Unity.dll[0x7a3d7818]: 2
D/Mono    ( 7050): Prepared to set up assembly 'Microsoft.Practices.Unity' (Microsoft.Practices.Unity.dll)
D/Mono    ( 7050): Assembly Microsoft.Practices.Unity[0x7a3d8488] added to domain RootDomain, ref_count=1
D/Mono    ( 7050): AOT module 'Microsoft.Practices.Unity.dll.so' not found: dlopen failed: library "/data/app-lib/com.careerbuilder.SugarDrone-1/libaot-Microsoft.Practices.Unity.dll.so" not found
D/Mono    ( 7050): AOT module '/Users/builder/data/lanes/4009/3a62f1ea/source/monodroid/builds/install/mono-armv6/lib/mono/aot-cache/arm/Microsoft.Practices.Unity.dll.so' not found: dlopen failed: library "/data/app-lib/com.careerbuilder.SugarDrone-1/libaot-Microsoft.Practices.Unity.dll.so" not found
D/Mono    ( 7050): Config attempting to parse: 'Microsoft.Practices.Unity.dll.config'.
D/Mono    ( 7050): Config attempting to parse: '/Users/builder/data/lanes/4009/3a62f1ea/source/monodroid/builds/install/mono-armv6/etc/mono/assemblies/Microsoft.Practices.Unity/Microsoft.Practices.Unity.config'.
D/Mono    ( 7050): Image addref Plugin.CurrentActivity[0x7a3d91d8] -> Plugin.CurrentActivity.dll[0x7a3d85a8]: 2
D/Mono    ( 7050): Prepared to set up assembly 'Plugin.CurrentActivity' (Plugin.CurrentActivity.dll)
D/Mono    ( 7050): Assembly Plugin.CurrentActivity[0x7a3d91d8] added to domain RootDomain, ref_count=1
D/Mono    ( 7050): AOT module 'Plugin.CurrentActivity.dll.so' not found: dlopen failed: library "/data/app-lib/com.careerbuilder.SugarDrone-1/libaot-Plugin.CurrentActivity.dll.so" not found
D/Mono    ( 7050): AOT module '/Users/builder/data/lanes/4009/3a62f1ea/source/monodroid/builds/install/mono-armv6/lib/mono/aot-cache/arm/Plugin.CurrentActivity.dll.so' not found: dlopen failed: library "/data/app-lib/com.careerbuilder.SugarDrone-1/libaot-Plugin.CurrentActivity.dll.so" not found
D/Mono    ( 7050): Config attempting to parse: 'Plugin.CurrentActivity.dll.config'.
D/Mono    ( 7050): Config attempting to parse: '/Users/builder/data/lanes/4009/3a62f1ea/source/monodroid/builds/install/mono-armv6/etc/mono/assemblies/Plugin.CurrentActivity/Plugin.CurrentActivity.config'.
D/Mono    ( 7050): Image addref Plugin.Permissions[0x7a3d9f28] -> Plugin.Permissions.dll[0x7a3d9308]: 2
D/Mono    ( 7050): Prepared to set up assembly 'Plugin.Permissions' (Plugin.Permissions.dll)
D/Mono    ( 7050): Assembly Plugin.Permissions[0x7a3d9f28] added to domain RootDomain, ref_count=1
D/Mono    ( 7050): AOT module 'Plugin.Permissions.dll.so' not found: dlopen failed: library "/data/app-lib/com.careerbuilder.SugarDrone-1/libaot-Plugin.Permissions.dll.so" not found
D/Mono    ( 7050): AOT module '/Users/builder/data/lanes/4009/3a62f1ea/source/monodroid/builds/install/mono-armv6/lib/mono/aot-cache/arm/Plugin.Permissions.dll.so' not found: dlopen failed: library "/data/app-lib/com.careerbuilder.SugarDrone-1/libaot-Plugin.Permissions.dll.so" not found
D/Mono    ( 7050): Config attempting to parse: 'Plugin.Permissions.dll.config'.
D/Mono    ( 7050): Config attempting to parse: '/Users/builder/data/lanes/4009/3a62f1ea/source/monodroid/builds/install/mono-armv6/etc/mono/assemblies/Plugin.Permissions/Plugin.Permissions.config'.
D/Mono    ( 7050): Image addref Plugin.Permissions.Abstractions[0x7a3db648] -> Plugin.Permissions.Abstractions.dll[0x7a3da9e8]: 2
D/Mono    ( 7050): Prepared to set up assembly 'Plugin.Permissions.Abstractions' (Plugin.Permissions.Abstractions.dll)
D/Mono    ( 7050): Assembly Plugin.Permissions.Abstractions[0x7a3db648] added to domain RootDomain, ref_count=1
D/Mono    ( 7050): AOT module 'Plugin.Permissions.Abstractions.dll.so' not found: dlopen failed: library "/data/app-lib/com.careerbuilder.SugarDrone-1/libaot-Plugin.Permissions.Abstractions.dll.so" not found
D/Mono    ( 7050): AOT module '/Users/builder/data/lanes/4009/3a62f1ea/source/monodroid/builds/install/mono-armv6/lib/mono/aot-cache/arm/Plugin.Permissions.Abstractions.dll.so' not found: dlopen failed: library "/data/app-lib/com.careerbuilder.SugarDrone-1/libaot-Plugin.Permissions.Abstractions.dll.so" not found
D/Mono    ( 7050): Config attempting to parse: 'Plugin.Permissions.Abstractions.dll.config'.
D/Mono    ( 7050): Config attempting to parse: '/Users/builder/data/lanes/4009/3a62f1ea/source/monodroid/builds/install/mono-armv6/etc/mono/assemblies/Plugin.Permissions.Abstractions/Plugin.Permissions.Abstractions.config'.
D/Mono    ( 7050): Image addref Plugin.Geolocator[0x7a3dc4f8] -> Plugin.Geolocator.dll[0x7a3db8a8]: 2
D/Mono    ( 7050): Prepared to set up assembly 'Plugin.Geolocator' (Plugin.Geolocator.dll)
D/Mono    ( 7050): Assembly Plugin.Geolocator[0x7a3dc4f8] added to domain RootDomain, ref_count=1
D/Mono    ( 7050): AOT module 'Plugin.Geolocator.dll.so' not found: dlopen failed: library "/data/app-lib/com.careerbuilder.SugarDrone-1/libaot-Plugin.Geolocator.dll.so" not found
D/Mono    ( 7050): AOT module '/Users/builder/data/lanes/4009/3a62f1ea/source/monodroid/builds/install/mono-armv6/lib/mono/aot-cache/arm/Plugin.Geolocator.dll.so' not found: dlopen failed: library "/data/app-lib/com.careerbuilder.SugarDrone-1/libaot-Plugin.Geolocator.dll.so" not found
D/Mono    ( 7050): Config attempting to parse: 'Plugin.Geolocator.dll.config'.
D/Mono    ( 7050): Config attempting to parse: '/Users/builder/data/lanes/4009/3a62f1ea/source/monodroid/builds/install/mono-armv6/etc/mono/assemblies/Plugin.Geolocator/Plugin.Geolocator.config'.
D/Mono    ( 7050): Image addref Plugin.Geolocator.Abstractions[0x7a3de490] -> Plugin.Geolocator.Abstractions.dll[0x7a3dd878]: 2
D/Mono    ( 7050): Prepared to set up assembly 'Plugin.Geolocator.Abstractions' (Plugin.Geolocator.Abstractions.dll)
D/Mono    ( 7050): Assembly Plugin.Geolocator.Abstractions[0x7a3de490] added to domain RootDomain, ref_count=1
D/Mono    ( 7050): AOT module 'Plugin.Geolocator.Abstractions.dll.so' not found: dlopen failed: library "/data/app-lib/com.careerbuilder.SugarDrone-1/libaot-Plugin.Geolocator.Abstractions.dll.so" not found
D/Mono    ( 7050): AOT module '/Users/builder/data/lanes/4009/3a62f1ea/source/monodroid/builds/install/mono-armv6/lib/mono/aot-cache/arm/Plugin.Geolocator.Abstractions.dll.so' not found: dlopen failed: library "/data/app-lib/com.careerbuilder.SugarDrone-1/libaot-Plugin.Geolocator.Abstractions.dll.so" not found
D/Mono    ( 7050): Config attempting to parse: 'Plugin.Geolocator.Abstractions.dll.config'.
D/Mono    ( 7050): Config attempting to parse: '/Users/builder/data/lanes/4009/3a62f1ea/source/monodroid/builds/install/mono-armv6/etc/mono/assemblies/Plugin.Geolocator.Abstractions/Plugin.Geolocator.Abstractions.config'.
D/Mono    ( 7050): Image addref Plugin.DeviceInfo[0x7a3df808] -> Plugin.DeviceInfo.dll[0x7a3deba8]: 2
D/Mono    ( 7050): Prepared to set up assembly 'Plugin.DeviceInfo' (Plugin.DeviceInfo.dll)
D/Mono    ( 7050): Assembly Plugin.DeviceInfo[0x7a3df808] added to domain RootDomain, ref_count=1
D/Mono    ( 7050): AOT module 'Plugin.DeviceInfo.dll.so' not found: dlopen failed: library "/data/app-lib/com.careerbuilder.SugarDrone-1/libaot-Plugin.DeviceInfo.dll.so" not found
D/Mono    ( 7050): AOT module '/Users/builder/data/lanes/4009/3a62f1ea/source/monodroid/builds/install/mono-armv6/lib/mono/aot-cache/arm/Plugin.DeviceInfo.dll.so' not found: dlopen failed: library "/data/app-lib/com.careerbuilder.SugarDrone-1/libaot-Plugin.DeviceInfo.dll.so" not found
D/Mono    ( 7050): Config attempting to parse: 'Plugin.DeviceInfo.dll.config'.
D/Mono    ( 7050): Config attempting to parse: '/Users/builder/data/lanes/4009/3a62f1ea/source/monodroid/builds/install/mono-armv6/etc/mono/assemblies/Plugin.DeviceInfo/Plugin.DeviceInfo.config'.
D/Mono    ( 7050): Image addref Plugin.DeviceInfo.Abstractions[0x7a3e09f8] -> Plugin.DeviceInfo.Abstractions.dll[0x7a3dfd88]: 2
D/Mono    ( 7050): Prepared to set up assembly 'Plugin.DeviceInfo.Abstractions' (Plugin.DeviceInfo.Abstractions.dll)
D/Mono    ( 7050): Assembly Plugin.DeviceInfo.Abstractions[0x7a3e09f8] added to domain RootDomain, ref_count=1
D/Mono    ( 7050): AOT module 'Plugin.DeviceInfo.Abstractions.dll.so' not found: dlopen failed: library "/data/app-lib/com.careerbuilder.SugarDrone-1/libaot-Plugin.DeviceInfo.Abstractions.dll.so" not found
D/Mono    ( 7050): AOT module '/Users/builder/data/lanes/4009/3a62f1ea/source/monodroid/builds/install/mono-armv6/lib/mono/aot-cache/arm/Plugin.DeviceInfo.Abstractions.dll.so' not found: dlopen failed: library "/data/app-lib/com.careerbuilder.SugarDrone-1/libaot-Plugin.DeviceInfo.Abstractions.dll.so" not found
D/Mono    ( 7050): Config attempting to parse: 'Plugin.DeviceInfo.Abstractions.dll.config'.
D/Mono    ( 7050): Config attempting to parse: '/Users/builder/data/lanes/4009/3a62f1ea/source/monodroid/builds/install/mono-armv6/etc/mono/assemblies/Plugin.DeviceInfo.Abstractions/Plugin.DeviceInfo.Abstractions.config'.
D/Mono    ( 7050): Image addref Xamarin.GooglePlayServices.Analytics[0x7a3e18e0] -> Xamarin.GooglePlayServices.Analytics.dll[0x7a3e0cd0]: 2
D/Mono    ( 7050): Prepared to set up assembly 'Xamarin.GooglePlayServices.Analytics' (Xamarin.GooglePlayServices.Analytics.dll)
D/Mono    ( 7050): Assembly Xamarin.GooglePlayServices.Analytics[0x7a3e18e0] added to domain RootDomain, ref_count=1
D/Mono    ( 7050): AOT module 'Xamarin.GooglePlayServices.Analytics.dll.so' not found: dlopen failed: library "/data/app-lib/com.careerbuilder.SugarDrone-1/libaot-Xamarin.GooglePlayServices.Analytics.dll.so" not found
D/Mono    ( 7050): AOT module '/Users/builder/data/lanes/4009/3a62f1ea/source/monodroid/builds/install/mono-armv6/lib/mono/aot-cache/arm/Xamarin.GooglePlayServices.Analytics.dll.so' not found: dlopen failed: library "/data/app-lib/com.careerbuilder.SugarDrone-1/libaot-Xamarin.GooglePlayServices.Analytics.dll.so" not found
D/Mono    ( 7050): Config attempting to parse: 'Xamarin.GooglePlayServices.Analytics.dll.config'.
D/Mono    ( 7050): Config attempting to parse: '/Users/builder/data/lanes/4009/3a62f1ea/source/monodroid/builds/install/mono-armv6/etc/mono/assemblies/Xamarin.GooglePlayServices.Analytics/Xamarin.GooglePlayServices.Analytics.config'.
D/Mono    ( 7050): Image addref Xamarin.GooglePlayServices.Base[0x7a3e2638] -> Xamarin.GooglePlayServices.Base.dll[0x7a3e1a80]: 2
D/Mono    ( 7050): Prepared to set up assembly 'Xamarin.GooglePlayServices.Base' (Xamarin.GooglePlayServices.Base.dll)
D/Mono    ( 7050): Assembly Xamarin.GooglePlayServices.Base[0x7a3e2638] added to domain RootDomain, ref_count=1
D/Mono    ( 7050): AOT module 'Xamarin.GooglePlayServices.Base.dll.so' not found: dlopen failed: library "/data/app-lib/com.careerbuilder.SugarDrone-1/libaot-Xamarin.GooglePlayServices.Base.dll.so" not found
