W/ResourceType( 6928): No known package when getting name for resource number 0xffffffff
W/ResourceType( 6928): No known package when getting name for resource number 0xffffffff
W/ResourceType( 6928): No known package when getting name for resource number 0xffffffff
W/ResourceType( 6928): No known package when getting name for resource number 0xffffffff
D/dalvikvm( 6928): GC_CONCURRENT freed 2439K, 14% free 16329K/18876K, paused 2ms+2ms, total 31ms
D/dalvikvm( 6928): WAIT_FOR_CONCURRENT_GC blocked 14ms
I/System.out( 6928): URI: /map
I/System.out( 6928): params: {json={"query":"* marked:'Job 1'","operation":{"method_name":"query","arguments":[]}}
I/System.out( 6928): }
W/ResourceType( 6928): No known package when getting name for resource number 0xffffffff
W/ResourceType( 6928): No known package when getting name for resource number 0xffffffff
W/ResourceType( 6928): No known package when getting name for resource number 0xffffffff
W/ResourceType( 6928): No known package when getting name for resource number 0xffffffff
W/ResourceType( 6928): No known package when getting name for resource number 0xffffffff
W/ResourceType( 6928): No known package when getting name for resource number 0xffffffff
W/ResourceType( 6928): No known package when getting name for resource number 0xffffffff
W/ResourceType( 6928): No known package when getting name for resource number 0xffffffff
W/ResourceType( 6928): No known package when getting name for resource number 0xffffffff
W/ResourceType( 6928): No known package when getting name for resource number 0xffffffff
W/ResourceType( 6928): No known package when getting name for resource number 0xffffffff
W/ResourceType( 6928): No known package when getting name for resource number 0xffffffff
W/ResourceType( 6928): No known package when getting name for resource number 0xffffffff
W/ResourceType( 6928): No known package when getting name for resource number 0xffffffff
W/ResourceType( 6928): No known package when getting name for resource number 0xffffffff
W/ResourceType( 6928): No known package when getting name for resource number 0xffffffff
W/ResourceType( 6928): No known package when getting name for resource number 0xffffffff
W/ResourceType( 6928): No known package when getting name for resource number 0xffffffff
W/ResourceType( 6928): No known package when getting name for resource number 0xffffffff
W/ResourceType( 6928): No known package when getting name for resource number 0xffffffff
W/ResourceType( 6928): No known package when getting name for resource number 0xffffffff
W/ResourceType( 6928): No known package when getting name for resource number 0xffffffff
W/ResourceType( 6928): No known package when getting name for resource number 0xffffffff
W/ResourceType( 6928): No known package when getting name for resource number 0xffffffff
W/ResourceType( 6928): No known package when getting name for resource number 0xffffffff
W/ResourceType( 6928): No known package when getting name for resource number 0xffffffff
W/ResourceType( 6928): No known package when getting name for resource number 0xffffffff
W/ResourceType( 6928): No known package when getting name for resource number 0xffffffff
W/ResourceType( 6928): No known package when getting name for resource number 0xffffffff
W/ResourceType( 6928): No known package when getting name for resource number 0xffffffff
W/ResourceType( 6928): No known package when getting name for resource number 0xffffffff
W/ResourceType( 6928): No known package when getting name for resource number 0xffffffff
W/ResourceType( 6928): No known package when getting name for resource number 0xffffffff
W/ResourceType( 6928): No known package when getting name for resource number 0xffffffff
W/ResourceType( 6928): No known package when getting name for resource number 0xffffffff
W/ResourceType( 6928): No known package when getting name for resource number 0xffffffff
W/ResourceType( 6928): No known package when getting name for resource number 0xffffffff
W/ResourceType( 6928): No known package when getting name for resource number 0xffffffff
W/ResourceType( 6928): No known package when getting name for resource number 0xffffffff
W/ResourceType( 6928): No known package when getting name for resource number 0xffffffff
W/ResourceType( 6928): No known package when getting name for resource number 0xffffffff
W/ResourceType( 6928): No known package when getting name for resource number 0xffffffff
W/ResourceType( 6928): No known package when getting name for resource number 0xffffffff
W/ResourceType( 6928): No known package when getting name for resource number 0xffffffff
W/ResourceType( 6928): No known package when getting name for resource number 0xffffffff
W/ResourceType( 6928): No known package when getting name for resource number 0xffffffff
W/ResourceType( 6928): No known package when getting name for resource number 0xffffffff
W/ResourceType( 6928): No known package when getting name for resource number 0xffffffff
W/ResourceType( 6928): No known package when getting name for resource number 0xffffffff
W/ResourceType( 6928): No known package when getting name for resource number 0xffffffff
W/ResourceType( 6928): No known package when getting name for resource number 0xffffffff
W/ResourceType( 6928): No known package when getting name for resource number 0xffffffff
W/ResourceType( 6928): No known package when getting name for resource number 0xffffffff
W/ResourceType( 6928): No known package when getting name for resource number 0xffffffff
W/ResourceType( 6928): No known package when getting name for resource number 0xffffffff
W/ResourceType( 6928): No known package when getting name for resource number 0xffffffff
W/ResourceType( 6928): No known package when getting name for resource number 0xffffffff
W/ResourceType( 6928): No known package when getting name for resource number 0xffffffff
W/ResourceType( 6928): No known package when getting name for resource number 0xffffffff
W/ResourceType( 6928): No known package when getting name for resource number 0xffffffff
W/ResourceType( 6928): No known package when getting name for resource number 0xffffffff
W/ResourceType( 6928): No known package when getting name for resource number 0xffffffff
W/ResourceType( 6928): No known package when getting name for resource number 0xffffffff
W/ResourceType( 6928): No known package when getting name for resource number 0xffffffff
W/ResourceType( 6928): No known package when getting name for resource number 0xffffffff
W/ResourceType( 6928): No known package when getting name for resource number 0xffffffff
W/ResourceType( 6928): No known package when getting name for resource number 0xffffffff
W/ResourceType( 6928): No known package when getting name for resource number 0xffffffff
W/ResourceType( 6928): No known package when getting name for resource number 0xffffffff
W/ResourceType( 6928): No known package when getting name for resource number 0xffffffff
W/ResourceType( 6928): No known package when getting name for resource number 0xffffffff
W/ResourceType( 6928): No known package when getting name for resource number 0xffffffff
W/ResourceType( 6928): No known package when getting name for resource number 0xffffffff
D/dalvikvm( 6928): GC_CONCURRENT freed 2494K, 14% free 16306K/18896K, paused 3ms+2ms, total 33ms
D/dalvikvm( 6928): WAIT_FOR_CONCURRENT_GC blocked 14ms
I/System.out( 6928): URI: /map
I/System.out( 6928): params: {json={"query":"* marked:'Job 1'","operation":{"method_name":"query","arguments":[]}}
I/System.out( 6928): }
W/ResourceType( 6928): No known package when getting name for resource number 0xffffffff
W/ResourceType( 6928): No known package when getting name for resource number 0xffffffff
W/ResourceType( 6928): No known package when getting name for resource number 0xffffffff
W/ResourceType( 6928): No known package when getting name for resource number 0xffffffff
W/ResourceType( 6928): No known package when getting name for resource number 0xffffffff
W/ResourceType( 6928): No known package when getting name for resource number 0xffffffff
W/ResourceType( 6928): No known package when getting name for resource number 0xffffffff
W/ResourceType( 6928): No known package when getting name for resource number 0xffffffff
W/ResourceType( 6928): No known package when getting name for resource number 0xffffffff
W/ResourceType( 6928): No known package when getting name for resource number 0xffffffff
W/ResourceType( 6928): No known package when getting name for resource number 0xffffffff
W/ResourceType( 6928): No known package when getting name for resource number 0xffffffff
W/ResourceType( 6928): No known package when getting name for resource number 0xffffffff
W/ResourceType( 6928): No known package when getting name for resource number 0xffffffff
W/ResourceType( 6928): No known package when getting name for resource number 0xffffffff
W/ResourceType( 6928): No known package when getting name for resource number 0xffffffff
W/ResourceType( 6928): No known package when getting name for resource number 0xffffffff
W/ResourceType( 6928): No known package when getting name for resource number 0xffffffff
W/ResourceType( 6928): No known package when getting name for resource number 0xffffffff
W/ResourceType( 6928): No known package when getting name for resource number 0xffffffff
W/ResourceType( 6928): No known package when getting name for resource number 0xffffffff
W/ResourceType( 6928): No known package when getting name for resource number 0xffffffff
W/ResourceType( 6928): No known package when getting name for resource number 0xffffffff
W/ResourceType( 6928): No known package when getting name for resource number 0xffffffff
W/ResourceType( 6928): No known package when getting name for resource number 0xffffffff
W/ResourceType( 6928): No known package when getting name for resource number 0xffffffff
W/ResourceType( 6928): No known package when getting name for resource number 0xffffffff
W/ResourceType( 6928): No known package when getting name for resource number 0xffffffff
W/ResourceType( 6928): No known package when getting name for resource number 0xffffffff
W/ResourceType( 6928): No known package when getting name for resource number 0xffffffff
W/ResourceType( 6928): No known package when getting name for resource number 0xffffffff
W/ResourceType( 6928): No known package when getting name for resource number 0xffffffff
W/ResourceType( 6928): No known package when getting name for resource number 0xffffffff
W/ResourceType( 6928): No known package when getting name for resource number 0xffffffff
W/ResourceType( 6928): No known package when getting name for resource number 0xffffffff
W/ResourceType( 6928): No known package when getting name for resource number 0xffffffff
W/ResourceType( 6928): No known package when getting name for resource number 0xffffffff
W/ResourceType( 6928): No known package when getting name for resource number 0xffffffff
W/ResourceType( 6928): No known package when getting name for resource number 0xffffffff
W/ResourceType( 6928): No known package when getting name for resource number 0xffffffff
W/ResourceType( 6928): No known package when getting name for resource number 0xffffffff
W/ResourceType( 6928): No known package when getting name for resource number 0xffffffff
W/ResourceType( 6928): No known package when getting name for resource number 0xffffffff
W/ResourceType( 6928): No known package when getting name for resource number 0xffffffff
W/ResourceType( 6928): No known package when getting name for resource number 0xffffffff
W/ResourceType( 6928): No known package when getting name for resource number 0xffffffff
W/ResourceType( 6928): No known package when getting name for resource number 0xffffffff
W/ResourceType( 6928): No known package when getting name for resource number 0xffffffff
W/ResourceType( 6928): No known package when getting name for resource number 0xffffffff
W/ResourceType( 6928): No known package when getting name for resource number 0xffffffff
W/ResourceType( 6928): No known package when getting name for resource number 0xffffffff
W/ResourceType( 6928): No known package when getting name for resource number 0xffffffff
W/ResourceType( 6928): No known package when getting name for resource number 0xffffffff
W/ResourceType( 6928): No known package when getting name for resource number 0xffffffff
W/ResourceType( 6928): No known package when getting name for resource number 0xffffffff
W/ResourceType( 6928): No known package when getting name for resource number 0xffffffff
W/ResourceType( 6928): No known package when getting name for resource number 0xffffffff
W/ResourceType( 6928): No known package when getting name for resource number 0xffffffff
W/ResourceType( 6928): No known package when getting name for resource number 0xffffffff
W/ResourceType( 6928): No known package when getting name for resource number 0xffffffff
W/ResourceType( 6928): No known package when getting name for resource number 0xffffffff
W/ResourceType( 6928): No known package when getting name for resource number 0xffffffff
W/ResourceType( 6928): No known package when getting name for resource number 0xffffffff
W/ResourceType( 6928): No known package when getting name for resource number 0xffffffff
W/ResourceType( 6928): No known package when getting name for resource number 0xffffffff
W/ResourceType( 6928): No known package when getting name for resource number 0xffffffff
W/ResourceType( 6928): No known package when getting name for resource number 0xffffffff
W/ResourceType( 6928): No known package when getting name for resource number 0xffffffff
W/ResourceType( 6928): No known package when getting name for resource number 0xffffffff
W/ResourceType( 6928): No known package when getting name for resource number 0xffffffff
W/ResourceType( 6928): No known package when getting name for resource number 0xffffffff
W/ResourceType( 6928): No known package when getting name for resource number 0xffffffff
W/ResourceType( 6928): No known package when getting name for resource number 0xffffffff
D/dalvikvm( 6928): GC_CONCURRENT freed 2439K, 14% free 16392K/18896K, paused 1ms+3ms, total 44ms
I/System.out( 6928): URI: /
I/System.out( 6928): params: {json={"command":"touch_coordinate","arguments":[579.0,470.0]}
I/System.out( 6928): }
I/System.out( 6928): header: {content-length=56, host=devicehost118.prod, x-session-token=token-token-f3017f73-ffe7-43da-b81f-28c13cf5f603, x-forwarded-for=10.222.150.26, content-type=application/json; charset=utf-8, connection=close}
I/System.out( 6928): params: {json={"command":"touch_coordinate","arguments":[579.0,470.0]}
I/System.out( 6928): }
I/System.out( 6928): ProP json = {"command":"touch_coordinate","arguments":[579.0,470.0]}
I/System.out( 6928): files: {}
I/System.out( 6928): command: {"command":"touch_coordinate","arguments":[579.0,470.0]}
I/InstrumentationBackend( 6928): Got command:'Command:'Line:null,touch_coordinate', arguments:'[579.0, 470.0]'
D/audio_hw_primary(  180): select_devices: out_snd_device(2: speaker) in_snd_device(0: )
D/ACDB-LOADER(  180): ACDB -> send_afe_cal
D/Mono    ( 6928): Assembly Ref addref CareerBuilder_Search.Droid[0x7a39bc88] -> Xamarin.Android.Support.v7.CardView[0x7a3d6d08]: 2
I/calabash( 6928): execStartActivity 4
I/ActivityManager(  564): START u0 {cmp=com.careerbuilder.SugarDrone/md5a4824aa66c0dc4d104077b72c1916a44.JobDisplayPageActivity (has extras)} from pid 6928
I/dalvikvm( 6928): Jit: resizing JitTable from 4096 to 8192
I/System.out( 6928): result:{"bonusInformation":[],"message":"","success":true}
I/calabash( 6928): newActivity1
I/System.out( 6928): URI: /map
I/System.out( 6928): params: {json={"query":"* marked:'www.google.com'","operation":{"method_name":"query","arguments":[]}}
I/System.out( 6928): }
V/WebViewChromiumFactoryProvider( 6928): Binding Chromium to main looper Looper (main, tid 1) {4221dd10}
I/LibraryLoader( 6928): Expected native library version number "",actual native library version number ""
I/chromium( 6928): [INFO:library_loader_hooks.cc(116)] Chromium logging enabled: level = 0, default verbosity = 0
I/BrowserStartupController( 6928): Initializing chromium process, renderers=0
E/AudioManagerAndroid( 6928): BLUETOOTH permission is missing!
D/Mono    ( 6928): Unloading image System.Runtime.Extensions.dll [0x82a4a020].
D/Mono    ( 6928): Image addref System.Runtime.Extensions[0x7e2b9380] -> System.Runtime.Extensions.dll[0x7d805168]: 8
D/Mono    ( 6928): Config attempting to parse: 'System.Runtime.Extensions.dll.config'.
D/Mono    ( 6928): Config attempting to parse: '/Users/builder/data/lanes/4009/3a62f1ea/source/monodroid/builds/install/mono-armv6/etc/mono/assemblies/System.Runtime.Extensions/System.Runtime.Extensions.config'.
D/Mono    ( 6928): Assembly Ref addref CareerBuilder_Search[0x7a3e0e08] -> System.Runtime.Extensions[0x7d8055c8]: 6
I/mono-stdout( 6928): uri is: https://api.careerbuilder.com/v3/job?DID=job1&outputjson=true&ShowApplyRequirements=true&DeveloperKey=WDHR8FC6P2JZ1Y61KLM5
I/mono-stdout( 6928): making api call to: /v3/job?DID=job1&outputjson=true&ShowApplyRequirements=true&DeveloperKey=WDHR8FC6P2JZ1Y61KLM5
D/dalvikvm( 6928): GC_CONCURRENT freed 2325K, 13% free 16562K/18984K, paused 3ms+15ms, total 72ms
D/dalvikvm( 6928): WAIT_FOR_CONCURRENT_GC blocked 41ms
D/dalvikvm( 6928): WAIT_FOR_CONCURRENT_GC blocked 37ms
W/ResourceType( 6928): No known package when getting name for resource number 0xffffffff
W/ResourceType( 6928): No known package when getting name for resource number 0xffffffff
W/ResourceType( 6928): No known package when getting name for resource number 0xffffffff
W/ResourceType( 6928): No known package when getting name for resource number 0xffffffff
W/ResourceType( 6928): No known package when getting name for resource number 0xffffffff
W/ResourceType( 6928): No known package when getting name for resource number 0xffffffff
W/ResourceType( 6928): No known package when getting name for resource number 0xffffffff
W/ResourceType( 6928): No known package when getting name for resource number 0xffffffff
W/ResourceType( 6928): No known package when getting name for resource number 0xffffffff
W/ResourceType( 6928): No known package when getting name for resource number 0xffffffff
W/ResourceType( 6928): No known package when getting name for resource number 0xffffffff
W/ResourceType( 6928): No known package when getting name for resource number 0xffffffff
W/ResourceType( 6928): No known package when getting name for resource number 0xffffffff
W/ResourceType( 6928): No known package when getting name for resource number 0xffffffff
W/ResourceType( 6928): No known package when getting name for resource number 0xffffffff
W/ResourceType( 6928): No known package when getting name for resource number 0xffffffff
W/ResourceType( 6928): No known package when getting name for resource number 0xffffffff
W/ResourceType( 6928): No known package when getting name for resource number 0xffffffff
W/ResourceType( 6928): No known package when getting name for resource number 0xffffffff
W/ResourceType( 6928): No known package when getting name for resource number 0xffffffff
W/ResourceType( 6928): No known package when getting name for resource number 0xffffffff
W/ResourceType( 6928): No known package when getting name for resource number 0xffffffff
W/ResourceType( 6928): No known package when getting name for resource number 0xffffffff
W/ResourceType( 6928): No known package when getting name for resource number 0xffffffff
W/ResourceType( 6928): No known package when getting name for resource number 0xffffffff
W/ResourceType( 6928): No known package when getting name for resource number 0xffffffff
W/ResourceType( 6928): No known package when getting name for resource number 0xffffffff
W/ResourceType( 6928): No known package when getting name for resource number 0xffffffff
W/ResourceType( 6928): No known package when getting name for resource number 0xffffffff
W/ResourceType( 6928): No known package when getting name for resource number 0xffffffff
W/ResourceType( 6928): No known package when getting name for resource number 0xffffffff
W/ResourceType( 6928): No known package when getting name for resource number 0xffffffff
W/ResourceType( 6928): No known package when getting name for resource number 0xffffffff
W/ResourceType( 6928): No known package when getting name for resource number 0xffffffff
W/ResourceType( 6928): No known package when getting name for resource number 0xffffffff
W/ResourceType( 6928): No known package when getting name for resource number 0xffffffff
W/ResourceType( 6928): No known package when getting name for resource number 0xffffffff
W/ResourceType( 6928): No known package when getting name for resource number 0xffffffff
W/ResourceType( 6928): No known package when getting name for resource number 0xffffffff
W/ResourceType( 6928): No known package when getting name for resource number 0xffffffff
W/ResourceType( 6928): No known package when getting name for resource number 0xffffffff
W/ResourceType( 6928): No known package when getting name for resource number 0xffffffff
W/ResourceType( 6928): No known package when getting name for resource number 0xffffffff
W/ResourceType( 6928): No known package when getting name for resource number 0xffffffff
W/ResourceType( 6928): No known package when getting name for resource number 0xffffffff
W/ResourceType( 6928): No known package when getting name for resource number 0xffffffff
W/ResourceType( 6928): No known package when getting name for resource number 0xffffffff
W/ResourceType( 6928): No known package when getting name for resource number 0xffffffff
W/ResourceType( 6928): No known package when getting name for resource number 0xffffffff
W/ResourceType( 6928): No known package when getting name for resource number 0xffffffff
W/ResourceType( 6928): No known package when getting name for resource number 0xffffffff
W/ResourceType( 6928): No known package when getting name for resource number 0xffffffff
W/ResourceType( 6928): No known package when getting name for resource number 0xffffffff
W/ResourceType( 6928): No known package when getting name for resource number 0xffffffff
W/ResourceType( 6928): No known package when getting name for resource number 0xffffffff
W/ResourceType( 6928): No known package when getting name for resource number 0xffffffff
W/ResourceType( 6928): No known package when getting name for resource number 0xffffffff
W/ResourceType( 6928): No known package when getting name for resource number 0xffffffff
W/ResourceType( 6928): No known package when getting name for resource number 0xffffffff
W/ResourceType( 6928): No known package when getting name for resource number 0xffffffff
W/ResourceType( 6928): No known package when getting name for resource number 0xffffffff
W/ResourceType( 6928): No known package when getting name for resource number 0xffffffff
W/ResourceType( 6928): No known package when getting name for resource number 0xffffffff
W/ResourceType( 6928): No known package when getting name for resource number 0xffffffff
W/ResourceType( 6928): No known package when getting name for resource number 0xffffffff
W/ResourceType( 6928): No known package when getting name for resource number 0xffffffff
W/ResourceType( 6928): No known package when getting name for resource number 0xffffffff
W/ResourceType( 6928): No known package when getting name for resource number 0xffffffff
W/ResourceType( 6928): No known package when getting name for resource number 0xffffffff
W/ResourceType( 6928): No known package when getting name for resource number 0xffffffff
W/ResourceType( 6928): No known package when getting name for resource number 0xffffffff
W/ResourceType( 6928): No known package when getting name for resource number 0xffffffff
W/ResourceType( 6928): No known package when getting name for resource number 0xffffffff
I/ActivityManager(  564): Displayed com.careerbuilder.SugarDrone/md5a4824aa66c0dc4d104077b72c1916a44.JobDisplayPageActivity: +660ms
I/mono-stdout( 6928): uri is: https://api.careerbuilder.com/consumer/saved-jobs/?DeveloperKey=WDHR8FC6P2JZ1Y61KLM5
I/mono-stdout( 6928): making api call to: /consumer/saved-jobs/?DeveloperKey=WDHR8FC6P2JZ1Y61KLM5
I/mono-stdout( 6928): Method: GET, RequestUri: 'https://api.careerbuilder.com/consumer/saved-jobs/?DeveloperKey=WDHR8FC6P2JZ1Y61KLM5', Version: 1.1, Content: <null>, Headers:

I/mono-stdout( 6928): {

I/mono-stdout( 6928): DeveloperKey: WDHR8FC6P2JZ1Y61KLM5

I/mono-stdout( 6928): Accept: application/json

I/mono-stdout( 6928): Authorization: Bearer test

I/mono-stdout( 6928): HostSite: US

I/mono-stdout( 6928): }
I/mono-stdout( 6928): Current State = 1,2,6,7
I/mono-stdout( 6928): applied jobs = 6
I/mono-stdout( 6928): expired jobs = 7
I/mono-stdout( 6928): saved jobs = Saved,Saved,Applied,Saved
I/mono-stdout( 6928): done making call to: /v3/job?DID=job1&outputjson=true&ShowApplyRequirements=true&DeveloperKey=WDHR8FC6P2JZ1Y61KLM5
I/System.out( 6928): URI: /map
I/System.out( 6928): params: {json={"query":"* marked:'www.google.com'","operation":{"method_name":"query","arguments":[]}}
I/System.out( 6928): }
I/mono-stdout( 6928): done making call to: /consumer/saved-jobs/?DeveloperKey=WDHR8FC6P2JZ1Y61KLM5
W/ResourceType( 6928): No known package when getting name for resource number 0xffffffff
W/ResourceType( 6928): No known package when getting name for resource number 0xffffffff
W/ResourceType( 6928): No known package when getting name for resource number 0xffffffff
W/ResourceType( 6928): No known package when getting name for resource number 0xffffffff
W/ResourceType( 6928): No known package when getting name for resource number 0xffffffff
W/ResourceType( 6928): No known package when getting name for resource number 0xffffffff
W/ResourceType( 6928): No known package when getting name for resource number 0xffffffff
D/dalvikvm( 6928): GC_CONCURRENT freed 2441K, 13% free 16788K/19120K, paused 3ms+4ms, total 98ms
W/ResourceType( 6928): No known package when getting name for resource number 0xffffffff
W/ResourceType( 6928): No known package when getting name for resource number 0xffffffff
W/ResourceType( 6928): No known package when getting name for resource number 0xffffffff
W/ResourceType( 6928): No known package when getting name for resource number 0xffffffff
W/ResourceType( 6928): No known package when getting name for resource number 0xffffffff
W/ResourceType( 6928): No known package when getting name for resource number 0xffffffff
W/ResourceType( 6928): No known package when getting name for resource number 0xffffffff
W/ResourceType( 6928): No known package when getting name for resource number 0xffffffff
W/ResourceType( 6928): No known package when getting name for resource number 0xffffffff
W/ResourceType( 6928): No known package when getting name for resource number 0xffffffff
W/ResourceType( 6928): No known package when getting name for resource number 0xffffffff
W/ResourceType( 6928): No known package when getting name for resource number 0xffffffff
W/ResourceType( 6928): No known package when getting name for resource number 0xffffffff
W/ResourceType( 6928): No known package when getting name for resource number 0xffffffff
W/ResourceType( 6928): No known package when getting name for resource number 0xffffffff
W/ResourceType( 6928): No known package when getting name for resource number 0xffffffff
W/ResourceType( 6928): No known package when getting name for resource number 0xffffffff
W/ResourceType( 6928): No known package when getting name for resource number 0xffffffff
W/ResourceType( 6928): No known package when getting name for resource number 0xffffffff
W/ResourceType( 6928): No known package when getting name for resource number 0xffffffff
W/ResourceType( 6928): No known package when getting name for resource number 0xffffffff
W/ResourceType( 6928): No known package when getting name for resource number 0xffffffff
W/ResourceType( 6928): No known package when getting name for resource number 0xffffffff
W/ResourceType( 6928): No known package when getting name for resource number 0xffffffff
W/ResourceType( 6928): No known package when getting name for resource number 0xffffffff
W/ResourceType( 6928): No known package when getting name for resource number 0xffffffff
W/ResourceType( 6928): No known package when getting name for resource number 0xffffffff
W/ResourceType( 6928): No known package when getting name for resource number 0xffffffff
W/ResourceType( 6928): No known package when getting name for resource number 0xffffffff
W/ResourceType( 6928): No known package when getting name for resource number 0xffffffff
W/ResourceType( 6928): No known package when getting name for resource number 0xffffffff
W/ResourceType( 6928): No known package when getting name for resource number 0xffffffff
W/ResourceType( 6928): No known package when getting name for resource number 0xffffffff
W/ResourceType( 6928): No known package when getting name for resource number 0xffffffff
W/ResourceType( 6928): No known package when getting name for resource number 0xffffffff
W/ResourceType( 6928): No known package when getting name for resource number 0xffffffff
W/ResourceType( 6928): No known package when getting name for resource number 0xffffffff
W/ResourceType( 6928): No known package when getting name for resource number 0xffffffff
W/ResourceType( 6928): No known package when getting name for resource number 0xffffffff
W/ResourceType( 6928): No known package when getting name for resource number 0xffffffff
W/ResourceType( 6928): No known package when getting name for resource number 0xffffffff
W/ResourceType( 6928): No known package when getting name for resource number 0xffffffff
W/ResourceType( 6928): No known package when getting name for resource number 0xffffffff
W/ResourceType( 6928): No known package when getting name for resource number 0xffffffff
W/ResourceType( 6928): No known package when getting name for resource number 0xffffffff
W/ResourceType( 6928): No known package when getting name for resource number 0xffffffff
W/ResourceType( 6928): No known package when getting name for resource number 0xffffffff
W/ResourceType( 6928): No known package when getting name for resource number 0xffffffff
W/ResourceType( 6928): No known package when getting name for resource number 0xffffffff
W/ResourceType( 6928): No known package when getting name for resource number 0xffffffff
W/ResourceType( 6928): No known package when getting name for resource number 0xffffffff
W/ResourceType( 6928): No known package when getting name for resource number 0xffffffff
W/ResourceType( 6928): No known package when getting name for resource number 0xffffffff
W/ResourceType( 6928): No known package when getting name for resource number 0xffffffff
W/ResourceType( 6928): No known package when getting name for resource number 0xffffffff
W/ResourceType( 6928): No known package when getting name for resource number 0xffffffff
W/ResourceType( 6928): No known package when getting name for resource number 0xffffffff
W/ResourceType( 6928): No known package when getting name for resource number 0xffffffff
W/ResourceType( 6928): No known package when getting name for resource number 0xffffffff
W/ResourceType( 6928): No known package when getting name for resource number 0xffffffff
W/ResourceType( 6928): No known package when getting name for resource number 0xffffffff
W/ResourceType( 6928): No known package when getting name for resource number 0xffffffff
W/ResourceType( 6928): No known package when getting name for resource number 0xffffffff
W/ResourceType( 6928): No known package when getting name for resource number 0xffffffff
W/ResourceType( 6928): No known package when getting name for resource number 0xffffffff
W/ResourceType( 6928): No known package when getting name for resource number 0xffffffff
W/ResourceType( 6928): No known package when getting name for resource number 0xffffffff
W/ResourceType( 6928): No known package when getting name for resource number 0xffffffff
W/ResourceType( 6928): No known package when getting name for resource number 0xffffffff
W/ResourceType( 6928): No known package when getting name for resource number 0xffffffff
W/ResourceType( 6928): No known package when getting name for resource number 0xffffffff
W/ResourceType( 6928): No known package when getting name for resource number 0xffffffff
W/ResourceType( 6928): No known package when getting name for resource number 0xffffffff
W/ResourceType( 6928): No known package when getting name for resource number 0xffffffff
W/ResourceType( 6928): No known package when getting name for resource number 0xffffffff
W/ResourceType( 6928): No known package when getting name for resource number 0xffffffff
I/System.out( 6928): URI: /map
I/System.out( 6928): params: {json={"query":"* marked:'www.google.com'","operation":{"method_name":"query","arguments":[]}}
I/System.out( 6928): }
D/dalvikvm( 6928): GC_CONCURRENT freed 2779K, 15% free 16653K/19512K, paused 2ms+3ms, total 46ms
D/dalvikvm( 6928): WAIT_FOR_CONCURRENT_GC blocked 10ms
W/ResourceType( 6928): No known package when getting name for resource number 0xffffffff
W/ResourceType( 6928): No known package when getting name for resource number 0xffffffff
W/ResourceType( 6928): No known package when getting name for resource number 0xffffffff
W/ResourceType( 6928): No known package when getting name for resource number 0xffffffff
W/ResourceType( 6928): No known package when getting name for resource number 0xffffffff
W/ResourceType( 6928): No known package when getting name for resource number 0xffffffff
W/ResourceType( 6928): No known package when getting name for resource number 0xffffffff
W/ResourceType( 6928): No known package when getting name for resource number 0xffffffff
W/ResourceType( 6928): No known package when getting name for resource number 0xffffffff
W/ResourceType( 6928): No known package when getting name for resource number 0xffffffff
W/ResourceType( 6928): No known package when getting name for resource number 0xffffffff
W/ResourceType( 6928): No known package when getting name for resource number 0xffffffff
W/ResourceType( 6928): No known package when getting name for resource number 0xffffffff
W/ResourceType( 6928): No known package when getting name for resource number 0xffffffff
W/ResourceType( 6928): No known package when getting name for resource number 0xffffffff
W/ResourceType( 6928): No known package when getting name for resource number 0xffffffff
W/ResourceType( 6928): No known package when getting name for resource number 0xffffffff
W/ResourceType( 6928): No known package when getting name for resource number 0xffffffff
W/ResourceType( 6928): No known package when getting name for resource number 0xffffffff
W/ResourceType( 6928): No known package when getting name for resource number 0xffffffff
W/ResourceType( 6928): No known package when getting name for resource number 0xffffffff
W/ResourceType( 6928): No known package when getting name for resource number 0xffffffff
W/ResourceType( 6928): No known package when getting name for resource number 0xffffffff
W/ResourceType( 6928): No known package when getting name for resource number 0xffffffff
W/ResourceType( 6928): No known package when getting name for resource number 0xffffffff
W/ResourceType( 6928): No known package when getting name for resource number 0xffffffff
W/ResourceType( 6928): No known package when getting name for resource number 0xffffffff
W/ResourceType( 6928): No known package when getting name for resource number 0xffffffff
W/ResourceType( 6928): No known package when getting name for resource number 0xffffffff
W/ResourceType( 6928): No known package when getting name for resource number 0xffffffff
W/ResourceType( 6928): No known package when getting name for resource number 0xffffffff
W/ResourceType( 6928): No known package when getting name for resource number 0xffffffff
W/ResourceType( 6928): No known package when getting name for resource number 0xffffffff
W/ResourceType( 6928): No known package when getting name for resource number 0xffffffff
W/ResourceType( 6928): No known package when getting name for resource number 0xffffffff
W/ResourceType( 6928): No known package when getting name for resource number 0xffffffff
W/ResourceType( 6928): No known package when getting name for resource number 0xffffffff
W/ResourceType( 6928): No known package when getting name for resource number 0xffffffff
W/ResourceType( 6928): No known package when getting name for resource number 0xffffffff
W/ResourceType( 6928): No known package when getting name for resource number 0xffffffff
W/ResourceType( 6928): No known package when getting name for resource number 0xffffffff
W/ResourceType( 6928): No known package when getting name for resource number 0xffffffff
W/ResourceType( 6928): No known package when getting name for resource number 0xffffffff
W/ResourceType( 6928): No known package when getting name for resource number 0xffffffff
W/ResourceType( 6928): No known package when getting name for resource number 0xffffffff
W/ResourceType( 6928): No known package when getting name for resource number 0xffffffff
W/ResourceType( 6928): No known package when getting name for resource number 0xffffffff
W/ResourceType( 6928): No known package when getting name for resource number 0xffffffff
W/ResourceType( 6928): No known package when getting name for resource number 0xffffffff
W/ResourceType( 6928): No known package when getting name for resource number 0xffffffff
W/ResourceType( 6928): No known package when getting name for resource number 0xffffffff
W/ResourceType( 6928): No known package when getting name for resource number 0xffffffff
W/ResourceType( 6928): No known package when getting name for resource number 0xffffffff
W/ResourceType( 6928): No known package when getting name for resource number 0xffffffff
W/ResourceType( 6928): No known package when getting name for resource number 0xffffffff
W/ResourceType( 6928): No known package when getting name for resource number 0xffffffff
W/ResourceType( 6928): No known package when getting name for resource number 0xffffffff
W/ResourceType( 6928): No known package when getting name for resource number 0xffffffff
W/ResourceType( 6928): No known package when getting name for resource number 0xffffffff
W/ResourceType( 6928): No known package when getting name for resource number 0xffffffff
W/ResourceType( 6928): No known package when getting name for resource number 0xffffffff
W/ResourceType( 6928): No known package when getting name for resource number 0xffffffff
W/ResourceType( 6928): No known package when getting name for resource number 0xffffffff
W/ResourceType( 6928): No known package when getting name for resource number 0xffffffff
W/ResourceType( 6928): No known package when getting name for resource number 0xffffffff
W/ResourceType( 6928): No known package when getting name for resource number 0xffffffff
W/ResourceType( 6928): No known package when getting name for resource number 0xffffffff
W/ResourceType( 6928): No known package when getting name for resource number 0xffffffff
W/ResourceType( 6928): No known package when getting name for resource number 0xffffffff
W/ResourceType( 6928): No known package when getting name for resource number 0xffffffff
W/ResourceType( 6928): No known package when getting name for resource number 0xffffffff
W/ResourceType( 6928): No known package when getting name for resource number 0xffffffff
W/ResourceType( 6928): No known package when getting name for resource number 0xffffffff
W/ResourceType( 6928): No known package when getting name for resource number 0xffffffff
W/ResourceType( 6928): No known package when getting name for resource number 0xffffffff
W/ResourceType( 6928): No known package when getting name for resource number 0xffffffff
W/ResourceType( 6928): No known package when getting name for resource number 0xffffffff
W/ResourceType( 6928): No known package when getting name for resource number 0xffffffff
W/ResourceType( 6928): No known package when getting name for resource number 0xffffffff
W/ResourceType( 6928): No known package when getting name for resource number 0xffffffff
W/ResourceType( 6928): No known package when getting name for resource number 0xffffffff
W/ResourceType( 6928): No known package when getting name for resource number 0xffffffff
W/ResourceType( 6928): No known package when getting name for resource number 0xffffffff
D/dalvikvm( 6928): GC_CONCURRENT freed 2571K, 15% free 16661K/19512K, paused 2ms+4ms, total 41ms
D/dalvikvm( 6928): WAIT_FOR_CONCURRENT_GC blocked 9ms
D/Mono    ( 6928): [0x7eac0a68] hill climbing, change max number of threads 7
I/System.out( 6928): URI: /
I/System.out( 6928): params: {json={"command":"touch_coordinate","arguments":[154.0,791.0]}
I/System.out( 6928): }
I/System.out( 6928): header: {content-length=56, host=devicehost118.prod, x-session-token=token-token-f3017f73-ffe7-43da-b81f-28c13cf5f603, x-forwarded-for=10.222.150.26, content-type=application/json; charset=utf-8, connection=close}
I/System.out( 6928): params: {json={"command":"touch_coordinate","arguments":[154.0,791.0]}
I/System.out( 6928): }
I/System.out( 6928): ProP json = {"command":"touch_coordinate","arguments":[154.0,791.0]}
I/System.out( 6928): files: {}
I/System.out( 6928): command: {"command":"touch_coordinate","arguments":[154.0,791.0]}
I/InstrumentationBackend( 6928): Got command:'Command:'Line:null,touch_coordinate', arguments:'[154.0, 791.0]'
D/Mono    ( 6928): Unloading image System.dll [0x801749a0].
D/Mono    ( 6928): Image addref System[0x7ff98a10] -> System.dll[0x7b90f4a0]: 5
D/Mono    ( 6928): Config attempting to parse: 'System.dll.config'.
D/Mono    ( 6928): Config attempting to parse: '/Users/builder/data/lanes/4009/3a62f1ea/source/monodroid/builds/install/mono-armv6/etc/mono/assemblies/System/System.config'.
D/Mono    ( 6928): Unloading image System.dll [0x7e55f280].
D/Mono    ( 6928): Image addref System[0x7e5606c8] -> System.dll[0x7b90f4a0]: 6
D/Mono    ( 6928): Config attempting to parse: 'System.dll.config'.
D/Mono    ( 6928): Config attempting to parse: '/Users/builder/data/lanes/4009/3a62f1ea/source/monodroid/builds/install/mono-armv6/etc/mono/assemblies/System/System.config'.
D/Mono    ( 6928): Unloading image System.dll [0x7e55f280].
D/Mono    ( 6928): Image addref System[0x7e5606c8] -> System.dll[0x7b90f4a0]: 7
D/Mono    ( 6928): Config attempting to parse: 'System.dll.config'.
D/Mono    ( 6928): Config attempting to parse: '/Users/builder/data/lanes/4009/3a62f1ea/source/monodroid/builds/install/mono-armv6/etc/mono/assemblies/System/System.config'.
D/Mono    ( 6928): Unloading image System.dll [0x7e55f280].
D/Mono    ( 6928): Image addref System[0x7ff980f8] -> System.dll[0x7b90f4a0]: 8
D/Mono    ( 6928): Config attempting to parse: 'System.dll.config'.
D/Mono    ( 6928): Config attempting to parse: '/Users/builder/data/lanes/4009/3a62f1ea/source/monodroid/builds/install/mono-armv6/etc/mono/assemblies/System/System.config'.
D/Mono    ( 6928): DllImport searching in: '__Internal' ('(null)').
D/Mono    ( 6928): Searching for 'java_interop_jnienv_is_assignable_from'.
D/Mono    ( 6928): Probing 'java_interop_jnienv_is_assignable_from'.
D/Mono    ( 6928): Found as 'java_interop_jnienv_is_assignable_from'.
D/Mono    ( 6928): DllImport searching in: '__Internal' ('(null)').
D/Mono    ( 6928): Searching for 'java_interop_jnienv_get_byte_array_region'.
D/Mono    ( 6928): Probing 'java_interop_jnienv_get_byte_array_region'.
D/Mono    ( 6928): Found as 'java_interop_jnienv_get_byte_array_region'.
D/Mono    ( 6928): DllImport searching in: '__Internal' ('(null)').
D/Mono    ( 6928): Searching for 'java_interop_jnienv_set_byte_array_region'.
D/Mono    ( 6928): Probing 'java_interop_jnienv_set_byte_array_region'.
D/Mono    ( 6928): Found as 'java_interop_jnienv_set_byte_array_region'.
I/calabash( 6928): execStartActivity 4
I/ActivityManager(  564): START u0 {act=android.intent.action.VIEW dat=http://www.google.com cmp=com.android.chrome/com.google.android.apps.chrome.Main (has extras)} from pid 6928
D/dalvikvm(  564): GC_FOR_ALLOC freed 566K, 17% free 20493K/24584K, paused 56ms, total 58ms
I/dalvikvm-heap(  564): Grow heap (frag case) to 20.588MB for 566416-byte allocation
W/Mono    ( 6928): The request to load the assembly System.Core v4.0.0.0 was remapped to v2.0.5.0
D/Mono    ( 6928): Unloading image System.Core.dll [0x7ff81998].
D/Mono    ( 6928): Image addref System.Core[0x7e5606c8] -> System.Core.dll[0x7bacda80]: 5
D/Mono    ( 6928): Config attempting to parse: 'System.Core.dll.config'.
D/Mono    ( 6928): Config attempting to parse: '/Users/builder/data/lanes/4009/3a62f1ea/source/monodroid/builds/install/mono-armv6/etc/mono/assemblies/System.Core/System.Core.config'.
W/Mono    ( 6928): The request to load the assembly System.Core v4.0.0.0 was remapped to v2.0.5.0
D/Mono    ( 6928): Unloading image System.Core.dll [0x7ffda4d0].
D/Mono    ( 6928): Image addref System.Core[0x7ff60748] -> System.Core.dll[0x7bacda80]: 6
D/Mono    ( 6928): Config attempting to parse: 'System.Core.dll.config'.
D/Mono    ( 6928): Config attempting to parse: '/Users/builder/data/lanes/4009/3a62f1ea/source/monodroid/builds/install/mono-armv6/etc/mono/assemblies/System.Core/System.Core.config'.
D/dalvikvm(  564): GC_FOR_ALLOC freed 12K, 17% free 21034K/25140K, paused 62ms, total 62ms
D/dalvikvm(  564): GC_FOR_ALLOC freed 344K, 18% free 20690K/25140K, paused 56ms, total 56ms
I/ActivityManager(  564): Start proc com.android.chrome for activity com.android.chrome/com.google.android.apps.chrome.Main: pid=7670 uid=10037 gids={50037, 3003, 1028, 1015}
I/System.out( 6928): result:{"bonusInformation":[],"message":"","success":true}
I/System.out( 6928): URI: /map
I/System.out( 6928): params: {json={"query":"* marked:'Job 1'","operation":{"method_name":"query","arguments":[]}}
I/System.out( 6928): }
D/dalvikvm( 7670): GC_FOR_ALLOC freed 180K, 3% free 9157K/9372K, paused 16ms, total 17ms
W/ResourceType( 6928): No known package when getting name for resource number 0xffffffff
W/ResourceType( 6928): No known package when getting name for resource number 0xffffffff
W/ResourceType( 6928): No known package when getting name for resource number 0xffffffff
W/ResourceType( 6928): No known package when getting name for resource number 0xffffffff
W/ResourceType( 6928): No known package when getting name for resource number 0xffffffff
W/ResourceType( 6928): No known package when getting name for resource number 0xffffffff
W/ResourceType( 6928): No known package when getting name for resource number 0xffffffff
W/ResourceType( 6928): No known package when getting name for resource number 0xffffffff
W/ResourceType( 6928): No known package when getting name for resource number 0xffffffff
W/ResourceType( 6928): No known package when getting name for resource number 0xffffffff
W/ResourceType( 6928): No known package when getting name for resource number 0xffffffff
W/ResourceType( 6928): No known package when getting name for resource number 0xffffffff
W/ResourceType( 6928): No known package when getting name for resource number 0xffffffff
W/ResourceType( 6928): No known package when getting name for resource number 0xffffffff
W/ResourceType( 6928): No known package when getting name for resource number 0xffffffff
W/ResourceType( 6928): No known package when getting name for resource number 0xffffffff
W/ResourceType( 6928): No known package when getting name for resource number 0xffffffff
W/ResourceType( 6928): No known package when getting name for resource number 0xffffffff
W/ResourceType( 6928): No known package when getting name for resource number 0xffffffff
W/ResourceType( 6928): No known package when getting name for resource number 0xffffffff
W/ResourceType( 6928): No known package when getting name for resource number 0xffffffff
W/ResourceType( 6928): No known package when getting name for resource number 0xffffffff
W/ResourceType( 6928): No known package when getting name for resource number 0xffffffff
W/ResourceType( 6928): No known package when getting name for resource number 0xffffffff
W/ResourceType( 6928): No known package when getting name for resource number 0xffffffff
W/ResourceType( 6928): No known package when getting name for resource number 0xffffffff
W/ResourceType( 6928): No known package when getting name for resource number 0xffffffff
W/ResourceType( 6928): No known package when getting name for resource number 0xffffffff
W/ResourceType( 6928): No known package when getting name for resource number 0xffffffff
W/ResourceType( 6928): No known package when getting name for resource number 0xffffffff
W/ResourceType( 6928): No known package when getting name for resource number 0xffffffff
W/ResourceType( 6928): No known package when getting name for resource number 0xffffffff
D/dalvikvm( 7670): GC_FOR_ALLOC freed 9K, 2% free 9531K/9704K, paused 54ms, total 54ms
W/ResourceType( 6928): No known package when getting name for resource number 0xffffffff
W/ResourceType( 6928): No known package when getting name for resource number 0xffffffff
W/ResourceType( 6928): No known package when getting name for resource number 0xffffffff
W/ResourceType( 6928): No known package when getting name for resource number 0xffffffff
W/ResourceType( 6928): No known package when getting name for resource number 0xffffffff
W/ResourceType( 6928): No known package when getting name for resource number 0xffffffff
W/ResourceType( 6928): No known package when getting name for resource number 0xffffffff
W/ResourceType( 6928): No known package when getting name for resource number 0xffffffff
W/ResourceType( 6928): No known package when getting name for resource number 0xffffffff
W/ResourceType( 6928): No known package when getting name for resource number 0xffffffff
W/ResourceType( 6928): No known package when getting name for resource number 0xffffffff
W/ResourceType( 6928): No known package when getting name for resource number 0xffffffff
W/ResourceType( 6928): No known package when getting name for resource number 0xffffffff
