<![CDATA[
]]><xtc-scenario name="[0-1002]CareerBuilder_Search.DroidFeatureTests.AfterApplyTests.DoneGoesToMyCB" id="[0-1002]CareerBuilder_Search.DroidFeatureTests.AfterApplyTests.DoneGoesToMyCB"><![CDATA[

]]><xtc-step name="[0-1002]CareerBuilder_Search.DroidFeatureTests.AfterApplyTests.DoneGoesToMyCB-DoneGoesToMyCB" id="[0-1002]CareerBuilder_Search.DroidFeatureTests.AfterApplyTests.DoneGoesToMyCB-DoneGoesToMyCB"><![CDATA[
D/AndroidRuntime( 5583): 
D/AndroidRuntime( 5583): >>>>>> AndroidRuntime START com.android.internal.os.RuntimeInit <<<<<<
D/AndroidRuntime( 5583): CheckJNI is OFF
D/dalvikvm( 5583): Trying to load lib libjavacore.so 0x0
D/dalvikvm( 5583): Added shared lib libjavacore.so 0x0
D/dalvikvm( 5583): Trying to load lib libnativehelper.so 0x0
D/dalvikvm( 5583): Added shared lib libnativehelper.so 0x0
D/dalvikvm( 5583): No JNI_OnLoad found in libnativehelper.so 0x0, skipping init
D/dalvikvm( 5583): Note: class Landroid/app/ActivityManagerNative; has 179 unimplemented (abstract) methods
D/AndroidRuntime( 5583): Calling main entry com.android.commands.pm.Pm
D/AndroidRuntime( 5583): Shutting down VM
D/dalvikvm( 5583): GC_CONCURRENT freed 248K, 31% free 567K/816K, paused 0ms+0ms, total 3ms
D/AndroidRuntime( 5753): 
D/AndroidRuntime( 5753): >>>>>> AndroidRuntime START com.android.internal.os.RuntimeInit <<<<<<
D/AndroidRuntime( 5753): CheckJNI is OFF
D/dalvikvm( 5753): Trying to load lib libjavacore.so 0x0
D/dalvikvm( 5753): Added shared lib libjavacore.so 0x0
D/dalvikvm( 5753): Trying to load lib libnativehelper.so 0x0
D/dalvikvm( 5753): Added shared lib libnativehelper.so 0x0
D/dalvikvm( 5753): No JNI_OnLoad found in libnativehelper.so 0x0, skipping init
D/dalvikvm( 5753): Note: class Landroid/app/ActivityManagerNative; has 179 unimplemented (abstract) methods
D/AndroidRuntime( 5753): Calling main entry com.android.commands.am.Am
D/AndroidRuntime( 5753): Shutting down VM
W/ActivityManager(  562): Invalid packageName: com.careerbuilder.SugarDrone
D/dalvikvm( 5753): GC_CONCURRENT freed 93K, 15% free 553K/648K, paused 1ms+1ms, total 3ms
D/AndroidRuntime( 6360): 
D/AndroidRuntime( 6360): >>>>>> AndroidRuntime START com.android.internal.os.RuntimeInit <<<<<<
D/AndroidRuntime( 6360): CheckJNI is OFF
D/dalvikvm( 6360): Trying to load lib libjavacore.so 0x0
D/dalvikvm( 6360): Added shared lib libjavacore.so 0x0
D/dalvikvm( 6360): Trying to load lib libnativehelper.so 0x0
D/dalvikvm( 6360): Added shared lib libnativehelper.so 0x0
D/dalvikvm( 6360): No JNI_OnLoad found in libnativehelper.so 0x0, skipping init
D/dalvikvm( 6360): Note: class Landroid/app/ActivityManagerNative; has 179 unimplemented (abstract) methods
D/AndroidRuntime( 6360): Calling main entry com.android.commands.pm.Pm
W/ActivityManager(  562): No content provider found for permission revoke: file:///data/local/tmp/0000002019
W/ActivityManager(  562): No content provider found for permission revoke: file:///data/local/tmp/0000002019
I/PackageManager(  562): Copying native libraries to /data/app-lib/vmdl1804600449
D/dalvikvm(  562): GC_FOR_ALLOC freed 1108K, 12% free 18831K/21192K, paused 58ms, total 58ms
D/dalvikvm(  562): GC_FOR_ALLOC freed 559K, 11% free 19082K/21320K, paused 61ms, total 61ms
D/dalvikvm(  562): GC_CONCURRENT freed 1900K, 9% free 19704K/21648K, paused 3ms+5ms, total 78ms
D/dalvikvm(  562): WAIT_FOR_CONCURRENT_GC blocked 70ms
D/dalvikvm(  562): GC_FOR_ALLOC freed 2383K, 13% free 19725K/22428K, paused 71ms, total 71ms
D/dalvikvm(  562): GC_FOR_ALLOC freed 2427K, 13% free 19742K/22452K, paused 79ms, total 81ms
D/dalvikvm(  562): GC_FOR_ALLOC freed 2460K, 13% free 19772K/22476K, paused 65ms, total 65ms
I/PackageManager(  562): Running dexopt on: com.careerbuilder.SugarDrone
W/dalvikvm( 6465): method Landroid/support/v7/widget/ListViewCompat;.lookForSelectablePosition incorrectly overrides package-private method with same name in Landroid/widget/ListView;
D/dalvikvm( 6465): DexOpt: couldn't find static field Landroid/os/Build;.SUPPORTED_ABIS
D/dalvikvm( 6465): DexOpt: load 328ms, verify+opt 1866ms, 3733380 bytes
I/ActivityManager(  562): Force stopping com.careerbuilder.SugarDrone appid=18282 user=-1: update pkg
W/PackageManager(  562): Not granting permission android.permission.MANAGE_DOCUMENTS to package com.careerbuilder.SugarDrone (protectionLevel=2 flags=0x8be46)
W/PackageManager(  562): Not granting permission android.permission.MOUNT_UNMOUNT_FILESYSTEMS to package com.careerbuilder.SugarDrone (protectionLevel=18 flags=0x8be46)
I/InputReader(  562): Reconfiguring input devices.  changes=0x00000010
D/dalvikvm(  824): GC_CONCURRENT freed 316K, 4% free 9308K/9656K, paused 3ms+1ms, total 22ms
I/Icing.InternalIcingCorporaProvider( 2461): Updating corpora: A: com.careerbuilder.SugarDrone, C: MAYBE
D/BackupManagerService(  562): Received broadcast Intent { act=android.intent.action.PACKAGE_ADDED dat=package:com.careerbuilder.SugarDrone flg=0x4000010 (has extras) }
V/BackupManagerService(  562): addPackageParticipantsLocked: #1
D/dalvikvm( 2461): GC_CONCURRENT freed 369K, 6% free 9498K/10000K, paused 2ms+2ms, total 28ms
D/dalvikvm(  562): GC_EXPLICIT freed 2570K, 12% free 19889K/22500K, paused 4ms+17ms, total 315ms
W/IcingInternalCorpora(  874): getNumBytesRead when not calculated.
D/AndroidRuntime( 6360): Shutting down VM
D/dalvikvm( 6360): GC_CONCURRENT freed 95K, 15% free 561K/660K, paused 1ms+0ms, total 3ms
I/PeopleContactsSync(  874): triggerPendingContactsCleanup: no accounts
D/Wear_Controller(  874): Received broadcast action=android.intent.action.PACKAGE_ADDED and uri=com.careerbuilder.SugarDrone
I/ActivityManager(  562): Delay finish: com.google.android.gms/.chimera.GmsIntentOperationService$PersistentInternalReceiver
I/Icing   (  874): Usage reports 0 indexed 0 rejected 0 imm upload true
I/Icing.InternalIcingCorporaProvider( 2461): UpdateCorporaTask done [took 268 ms] updated apps [took 268 ms] 
I/ActivityManager(  562): Resuming delayed broadcast
I/Icing   (  874): Usage reports 0 indexed 0 rejected 0 imm upload false
I/Icing   (  874): Usage reports 0 indexed 0 rejected 0 imm upload false
D/dalvikvm(  874): GC_CONCURRENT freed 1207K, 10% free 12674K/14032K, paused 4ms+16ms, total 67ms
D/AndroidRuntime( 6564): 
D/AndroidRuntime( 6564): >>>>>> AndroidRuntime START com.android.internal.os.RuntimeInit <<<<<<
D/AndroidRuntime( 6564): CheckJNI is OFF
D/dalvikvm( 6564): Trying to load lib libjavacore.so 0x0
D/dalvikvm( 6564): Added shared lib libjavacore.so 0x0
D/dalvikvm( 6564): Trying to load lib libnativehelper.so 0x0
D/dalvikvm( 6564): Added shared lib libnativehelper.so 0x0
D/dalvikvm( 6564): No JNI_OnLoad found in libnativehelper.so 0x0, skipping init
D/dalvikvm( 6564): Note: class Landroid/app/ActivityManagerNative; has 179 unimplemented (abstract) methods
D/AndroidRuntime( 6564): Calling main entry com.android.commands.settings.SettingsCmd
D/AndroidRuntime( 6564): Shutting down VM
D/dalvikvm( 6564): GC_CONCURRENT freed 96K, 15% free 562K/660K, paused 0ms+0ms, total 3ms
I/Icing   (  874): Indexing A9423C0F0A10DE4991AA6E55B2F31155F7B86750 from com.google.android.googlequicksearchbox
I/Icing   (  874): Indexing done A9423C0F0A10DE4991AA6E55B2F31155F7B86750
I/Icing   (  874): Indexing 9AE916B9CACDBBF59B0A3F06984D1BB91FFBC6CB from com.google.android.gms
I/Icing   (  874): Indexing done 9AE916B9CACDBBF59B0A3F06984D1BB91FFBC6CB
D/AndroidRuntime( 6592): 
D/AndroidRuntime( 6592): >>>>>> AndroidRuntime START com.android.internal.os.RuntimeInit <<<<<<
D/AndroidRuntime( 6592): CheckJNI is OFF
D/dalvikvm( 6592): Trying to load lib libjavacore.so 0x0
D/dalvikvm( 6592): Added shared lib libjavacore.so 0x0
D/dalvikvm( 6592): Trying to load lib libnativehelper.so 0x0
D/dalvikvm( 6592): Added shared lib libnativehelper.so 0x0
D/dalvikvm( 6592): No JNI_OnLoad found in libnativehelper.so 0x0, skipping init
D/dalvikvm( 6592): Note: class Landroid/app/ActivityManagerNative; has 179 unimplemented (abstract) methods
D/AndroidRuntime( 6592): Calling main entry com.android.commands.settings.SettingsCmd
D/AndroidRuntime( 6592): Shutting down VM
D/dalvikvm( 6592): GC_CONCURRENT freed 96K, 15% free 562K/660K, paused 0ms+0ms, total 2ms
D/AndroidRuntime( 6621): 
D/AndroidRuntime( 6621): >>>>>> AndroidRuntime START com.android.internal.os.RuntimeInit <<<<<<
D/AndroidRuntime( 6621): CheckJNI is OFF
D/dalvikvm( 6621): Trying to load lib libjavacore.so 0x0
D/dalvikvm( 6621): Added shared lib libjavacore.so 0x0
D/dalvikvm( 6621): Trying to load lib libnativehelper.so 0x0
D/dalvikvm( 6621): Added shared lib libnativehelper.so 0x0
D/dalvikvm( 6621): No JNI_OnLoad found in libnativehelper.so 0x0, skipping init
D/dalvikvm( 6621): Note: class Landroid/app/ActivityManagerNative; has 179 unimplemented (abstract) methods
D/AndroidRuntime( 6621): Calling main entry com.android.commands.settings.SettingsCmd
D/AndroidRuntime( 6621): Shutting down VM
D/dalvikvm( 6621): GC_CONCURRENT freed 96K, 15% free 562K/660K, paused 1ms+1ms, total 3ms
D/AndroidRuntime( 6649): 
D/AndroidRuntime( 6649): >>>>>> AndroidRuntime START com.android.internal.os.RuntimeInit <<<<<<
D/AndroidRuntime( 6649): CheckJNI is OFF
D/dalvikvm( 6649): Trying to load lib libjavacore.so 0x0
D/dalvikvm( 6649): Added shared lib libjavacore.so 0x0
D/dalvikvm( 6649): Trying to load lib libnativehelper.so 0x0
D/dalvikvm( 6649): Added shared lib libnativehelper.so 0x0
D/dalvikvm( 6649): No JNI_OnLoad found in libnativehelper.so 0x0, skipping init
D/dalvikvm( 6649): Note: class Landroid/app/ActivityManagerNative; has 179 unimplemented (abstract) methods
D/AndroidRuntime( 6649): Calling main entry com.android.commands.settings.SettingsCmd
D/AndroidRuntime( 6649): Shutting down VM
D/dalvikvm( 6649): GC_CONCURRENT freed 96K, 15% free 562K/660K, paused 1ms+1ms, total 3ms
D/AndroidRuntime( 6682): 
D/AndroidRuntime( 6682): >>>>>> AndroidRuntime START com.android.internal.os.RuntimeInit <<<<<<
D/AndroidRuntime( 6682): CheckJNI is OFF
D/dalvikvm( 6682): Trying to load lib libjavacore.so 0x0
D/dalvikvm( 6682): Added shared lib libjavacore.so 0x0
D/dalvikvm( 6682): Trying to load lib libnativehelper.so 0x0
D/dalvikvm( 6682): Added shared lib libnativehelper.so 0x0
D/dalvikvm( 6682): No JNI_OnLoad found in libnativehelper.so 0x0, skipping init
D/dalvikvm( 6682): Note: class Landroid/app/ActivityManagerNative; has 179 unimplemented (abstract) methods
D/AndroidRuntime( 6682): Calling main entry com.android.commands.settings.SettingsCmd
D/AndroidRuntime( 6682): Shutting down VM
D/dalvikvm( 6682): GC_CONCURRENT freed 96K, 15% free 562K/660K, paused 0ms+0ms, total 3ms
D/AndroidRuntime( 6708): 
D/AndroidRuntime( 6708): >>>>>> AndroidRuntime START com.android.internal.os.RuntimeInit <<<<<<
D/AndroidRuntime( 6708): CheckJNI is OFF
D/dalvikvm( 6708): Trying to load lib libjavacore.so 0x0
D/dalvikvm( 6708): Added shared lib libjavacore.so 0x0
D/dalvikvm( 6708): Trying to load lib libnativehelper.so 0x0
D/dalvikvm( 6708): Added shared lib libnativehelper.so 0x0
D/dalvikvm( 6708): No JNI_OnLoad found in libnativehelper.so 0x0, skipping init
D/dalvikvm( 6708): Note: class Landroid/app/ActivityManagerNative; has 179 unimplemented (abstract) methods
D/AndroidRuntime( 6708): Calling main entry com.android.commands.settings.SettingsCmd
D/AndroidRuntime( 6708): Shutting down VM
D/dalvikvm( 6708): GC_CONCURRENT freed 96K, 15% free 562K/660K, paused 0ms+1ms, total 2ms
D/AndroidRuntime( 6740): 
D/AndroidRuntime( 6740): >>>>>> AndroidRuntime START com.android.internal.os.RuntimeInit <<<<<<
D/AndroidRuntime( 6740): CheckJNI is OFF
D/dalvikvm( 6740): Trying to load lib libjavacore.so 0x0
D/dalvikvm( 6740): Added shared lib libjavacore.so 0x0
D/dalvikvm( 6740): Trying to load lib libnativehelper.so 0x0
D/dalvikvm( 6740): Added shared lib libnativehelper.so 0x0
D/dalvikvm( 6740): No JNI_OnLoad found in libnativehelper.so 0x0, skipping init
D/dalvikvm( 6740): Note: class Landroid/app/ActivityManagerNative; has 179 unimplemented (abstract) methods
D/AndroidRuntime( 6740): Calling main entry com.android.commands.pm.Pm
D/AndroidRuntime( 6740): Shutting down VM
D/dalvikvm( 6740): GC_CONCURRENT freed 249K, 31% free 567K/820K, paused 0ms+1ms, total 2ms
D/dalvikvm(  562): GC_CONCURRENT freed 4059K, 19% free 18541K/22636K, paused 4ms+5ms, total 80ms
D/AndroidRuntime( 6824): 
D/AndroidRuntime( 6824): >>>>>> AndroidRuntime START com.android.internal.os.RuntimeInit <<<<<<
D/AndroidRuntime( 6824): CheckJNI is OFF
D/dalvikvm( 6824): Trying to load lib libjavacore.so 0x0
D/dalvikvm( 6824): Added shared lib libjavacore.so 0x0
D/dalvikvm( 6824): Trying to load lib libnativehelper.so 0x0
D/dalvikvm( 6824): Added shared lib libnativehelper.so 0x0
D/dalvikvm( 6824): No JNI_OnLoad found in libnativehelper.so 0x0, skipping init
D/dalvikvm( 6824): Note: class Landroid/app/ActivityManagerNative; has 179 unimplemented (abstract) methods
D/AndroidRuntime( 6824): Calling main entry com.android.commands.pm.Pm
D/AndroidRuntime( 6824): Shutting down VM
D/dalvikvm( 6824): GC_CONCURRENT freed 249K, 31% free 567K/820K, paused 0ms+1ms, total 3ms
D/AndroidRuntime( 6921): 
D/AndroidRuntime( 6921): >>>>>> AndroidRuntime START com.android.internal.os.RuntimeInit <<<<<<
D/AndroidRuntime( 6921): CheckJNI is OFF
D/dalvikvm( 6921): Trying to load lib libjavacore.so 0x0
D/dalvikvm( 6921): Added shared lib libjavacore.so 0x0
D/dalvikvm( 6921): Trying to load lib libnativehelper.so 0x0
D/dalvikvm( 6921): Added shared lib libnativehelper.so 0x0
D/dalvikvm( 6921): No JNI_OnLoad found in libnativehelper.so 0x0, skipping init
D/dalvikvm( 6921): Note: class Landroid/app/ActivityManagerNative; has 179 unimplemented (abstract) methods
D/AndroidRuntime( 6921): Calling main entry com.android.commands.am.Am
D/AndroidRuntime( 6921): Shutting down VM
D/dalvikvm( 6921): GC_CONCURRENT freed 92K, 15% free 553K/648K, paused 0ms+0ms, total 2ms
I/AndroidRuntime( 6921): NOTE: attach of thread 'Binder_1' failed
W/ActivityManager(  562): Invalid packageName: com.careerbuilder.SugarDrone.test
D/AndroidRuntime( 6953): 
D/AndroidRuntime( 6953): >>>>>> AndroidRuntime START com.android.internal.os.RuntimeInit <<<<<<
D/AndroidRuntime( 6953): CheckJNI is OFF
D/dalvikvm( 6953): Trying to load lib libjavacore.so 0x0
D/dalvikvm( 6953): Added shared lib libjavacore.so 0x0
D/dalvikvm( 6953): Trying to load lib libnativehelper.so 0x0
D/dalvikvm( 6953): Added shared lib libnativehelper.so 0x0
D/dalvikvm( 6953): No JNI_OnLoad found in libnativehelper.so 0x0, skipping init
D/dalvikvm( 6953): Note: class Landroid/app/ActivityManagerNative; has 179 unimplemented (abstract) methods
D/AndroidRuntime( 6953): Calling main entry com.android.commands.pm.Pm
W/ActivityManager(  562): No content provider found for permission revoke: file:///data/local/tmp/0000002020
W/ActivityManager(  562): No content provider found for permission revoke: file:///data/local/tmp/0000002020
I/PackageManager(  562): Copying native libraries to /data/app-lib/vmdl723894426
I/PackageManager(  562): Running dexopt on: com.careerbuilder.SugarDrone.test
D/dalvikvm( 6981): DexOpt: load 68ms, verify+opt 519ms, 1565836 bytes
I/ActivityManager(  562): Force stopping com.careerbuilder.SugarDrone.test appid=18283 user=-1: update pkg
I/InputReader(  562): Reconfiguring input devices.  changes=0x00000010
I/ActivityManager(  562): Delay finish: com.google.android.googlequicksearchbox/com.google.android.search.core.summons.icing.InternalIcingCorporaProvider$CorporaChangedReceiver
I/Icing.InternalIcingCorporaProvider( 2461): Updating corpora: A: com.careerbuilder.SugarDrone.test, C: MAYBE
D/BackupManagerService(  562): Received broadcast Intent { act=android.intent.action.PACKAGE_ADDED dat=package:com.careerbuilder.SugarDrone.test flg=0x4000010 (has extras) }
V/BackupManagerService(  562): addPackageParticipantsLocked: #1
I/ActivityManager(  562): Resuming delayed broadcast
I/Icing.InternalIcingCorporaProvider( 2461): UpdateCorporaTask done [took 49 ms] updated apps [took 49 ms] 
D/dalvikvm( 2473): GC_FOR_ALLOC freed 367K, 3% free 18102K/18656K, paused 66ms, total 66ms
D/Wear_Controller(  874): Received broadcast action=android.intent.action.PACKAGE_ADDED and uri=com.careerbuilder.SugarDrone.test
I/PeopleContactsSync(  874): triggerPendingContactsCleanup: no accounts
D/dalvikvm(  562): GC_EXPLICIT freed 1188K, 18% free 18679K/22636K, paused 5ms+37ms, total 254ms
D/AndroidRuntime( 6953): Shutting down VM
D/dalvikvm( 6953): GC_CONCURRENT freed 95K, 15% free 561K/660K, paused 0ms+0ms, total 2ms
W/IcingInternalCorpora(  874): getNumBytesRead when not calculated.
I/Icing   (  874): Usage reports 0 indexed 0 rejected 0 imm upload false
I/Icing   (  874): Usage reports 0 indexed 0 rejected 0 imm upload false
D/AndroidRuntime( 7045): 
D/AndroidRuntime( 7045): >>>>>> AndroidRuntime START com.android.internal.os.RuntimeInit <<<<<<
D/AndroidRuntime( 7045): CheckJNI is OFF
D/dalvikvm( 7045): Trying to load lib libjavacore.so 0x0
D/dalvikvm( 7045): Added shared lib libjavacore.so 0x0
D/dalvikvm( 7045): Trying to load lib libnativehelper.so 0x0
D/dalvikvm( 7045): Added shared lib libnativehelper.so 0x0
D/dalvikvm( 7045): No JNI_OnLoad found in libnativehelper.so 0x0, skipping init
D/dalvikvm( 7045): Note: class Landroid/app/ActivityManagerNative; has 179 unimplemented (abstract) methods
D/AndroidRuntime( 7045): Calling main entry com.android.commands.settings.SettingsCmd
D/AndroidRuntime( 7045): Shutting down VM
D/dalvikvm( 7045): GC_CONCURRENT freed 96K, 16% free 562K/664K, paused 0ms+1ms, total 3ms
I/Icing   (  874): Indexing 9AE916B9CACDBBF59B0A3F06984D1BB91FFBC6CB from com.google.android.gms
I/Icing   (  874): Indexing done 9AE916B9CACDBBF59B0A3F06984D1BB91FFBC6CB
D/AndroidRuntime( 7085): 
D/AndroidRuntime( 7085): >>>>>> AndroidRuntime START com.android.internal.os.RuntimeInit <<<<<<
D/AndroidRuntime( 7085): CheckJNI is OFF
D/dalvikvm( 7085): Trying to load lib libjavacore.so 0x0
D/dalvikvm( 7085): Added shared lib libjavacore.so 0x0
D/dalvikvm( 7085): Trying to load lib libnativehelper.so 0x0
D/dalvikvm( 7085): Added shared lib libnativehelper.so 0x0
D/dalvikvm( 7085): No JNI_OnLoad found in libnativehelper.so 0x0, skipping init
D/dalvikvm( 7085): Note: class Landroid/app/ActivityManagerNative; has 179 unimplemented (abstract) methods
D/AndroidRuntime( 7085): Calling main entry com.android.commands.settings.SettingsCmd
D/AndroidRuntime( 7085): Shutting down VM
D/dalvikvm( 7085): GC_CONCURRENT freed 96K, 15% free 562K/660K, paused 0ms+0ms, total 3ms
D/AndroidRuntime( 7118): 
D/AndroidRuntime( 7118): >>>>>> AndroidRuntime START com.android.internal.os.RuntimeInit <<<<<<
D/AndroidRuntime( 7118): CheckJNI is OFF
D/dalvikvm( 7118): Trying to load lib libjavacore.so 0x0
D/dalvikvm( 7118): Added shared lib libjavacore.so 0x0
D/dalvikvm( 7118): Trying to load lib libnativehelper.so 0x0
D/dalvikvm( 7118): Added shared lib libnativehelper.so 0x0
D/dalvikvm( 7118): No JNI_OnLoad found in libnativehelper.so 0x0, skipping init
D/dalvikvm( 7118): Note: class Landroid/app/ActivityManagerNative; has 179 unimplemented (abstract) methods
D/AndroidRuntime( 7118): Calling main entry com.android.commands.settings.SettingsCmd
D/AndroidRuntime( 7118): Shutting down VM
D/dalvikvm( 7118): GC_CONCURRENT freed 96K, 16% free 562K/664K, paused 0ms+0ms, total 2ms
D/AndroidRuntime( 7153): 
D/AndroidRuntime( 7153): >>>>>> AndroidRuntime START com.android.internal.os.RuntimeInit <<<<<<
D/AndroidRuntime( 7153): CheckJNI is OFF
D/dalvikvm( 7153): Trying to load lib libjavacore.so 0x0
D/dalvikvm( 7153): Added shared lib libjavacore.so 0x0
D/dalvikvm( 7153): Trying to load lib libnativehelper.so 0x0
D/dalvikvm( 7153): Added shared lib libnativehelper.so 0x0
D/dalvikvm( 7153): No JNI_OnLoad found in libnativehelper.so 0x0, skipping init
D/dalvikvm( 7153): Note: class Landroid/app/ActivityManagerNative; has 179 unimplemented (abstract) methods
D/AndroidRuntime( 7153): Calling main entry com.android.commands.settings.SettingsCmd
D/AndroidRuntime( 7153): Shutting down VM
D/dalvikvm( 7153): GC_CONCURRENT freed 96K, 15% free 562K/660K, paused 0ms+0ms, total 2ms
D/AndroidRuntime( 7180): 
D/AndroidRuntime( 7180): >>>>>> AndroidRuntime START com.android.internal.os.RuntimeInit <<<<<<
D/AndroidRuntime( 7180): CheckJNI is OFF
D/dalvikvm( 7180): Trying to load lib libjavacore.so 0x0
D/dalvikvm( 7180): Added shared lib libjavacore.so 0x0
D/dalvikvm( 7180): Trying to load lib libnativehelper.so 0x0
D/dalvikvm( 7180): Added shared lib libnativehelper.so 0x0
D/dalvikvm( 7180): No JNI_OnLoad found in libnativehelper.so 0x0, skipping init
D/dalvikvm( 7180): Note: class Landroid/app/ActivityManagerNative; has 179 unimplemented (abstract) methods
D/AndroidRuntime( 7180): Calling main entry com.android.commands.settings.SettingsCmd
D/AndroidRuntime( 7180): Shutting down VM
D/dalvikvm( 7180): GC_CONCURRENT freed 96K, 15% free 562K/660K, paused 0ms+0ms, total 2ms
D/AndroidRuntime( 7205): 
D/AndroidRuntime( 7205): >>>>>> AndroidRuntime START com.android.internal.os.RuntimeInit <<<<<<
D/AndroidRuntime( 7205): CheckJNI is OFF
D/dalvikvm( 7205): Trying to load lib libjavacore.so 0x0
D/dalvikvm( 7205): Added shared lib libjavacore.so 0x0
D/dalvikvm( 7205): Trying to load lib libnativehelper.so 0x0
D/dalvikvm( 7205): Added shared lib libnativehelper.so 0x0
D/dalvikvm( 7205): No JNI_OnLoad found in libnativehelper.so 0x0, skipping init
D/dalvikvm( 7205): Note: class Landroid/app/ActivityManagerNative; has 179 unimplemented (abstract) methods
D/AndroidRuntime( 7205): Calling main entry com.android.commands.settings.SettingsCmd
D/AndroidRuntime( 7205): Shutting down VM
D/dalvikvm( 7205): GC_CONCURRENT freed 96K, 15% free 562K/660K, paused 0ms+0ms, total 3ms
D/AndroidRuntime( 7237): 
D/AndroidRuntime( 7237): >>>>>> AndroidRuntime START com.android.internal.os.RuntimeInit <<<<<<
D/AndroidRuntime( 7237): CheckJNI is OFF
D/dalvikvm( 7237): Trying to load lib libjavacore.so 0x0
D/dalvikvm( 7237): Added shared lib libjavacore.so 0x0
D/dalvikvm( 7237): Trying to load lib libnativehelper.so 0x0
D/dalvikvm( 7237): Added shared lib libnativehelper.so 0x0
D/dalvikvm( 7237): No JNI_OnLoad found in libnativehelper.so 0x0, skipping init
D/dalvikvm( 7237): Note: class Landroid/app/ActivityManagerNative; has 179 unimplemented (abstract) methods
D/AndroidRuntime( 7237): Calling main entry com.android.commands.pm.Pm
D/AndroidRuntime( 7237): Shutting down VM
D/dalvikvm( 7237): GC_CONCURRENT freed 251K, 31% free 567K/820K, paused 1ms+1ms, total 3ms
D/dalvikvm(  562): GC_CONCURRENT freed 2564K, 19% free 18544K/22636K, paused 4ms+17ms, total 94ms
D/dalvikvm(  562): WAIT_FOR_CONCURRENT_GC blocked 10ms
D/AndroidRuntime( 7314): 
D/AndroidRuntime( 7314): >>>>>> AndroidRuntime START com.android.internal.os.RuntimeInit <<<<<<
D/AndroidRuntime( 7314): CheckJNI is OFF
D/dalvikvm( 7314): Trying to load lib libjavacore.so 0x0
D/dalvikvm( 7314): Added shared lib libjavacore.so 0x0
D/dalvikvm( 7314): Trying to load lib libnativehelper.so 0x0
D/dalvikvm( 7314): Added shared lib libnativehelper.so 0x0
D/dalvikvm( 7314): No JNI_OnLoad found in libnativehelper.so 0x0, skipping init
D/dalvikvm( 7314): Note: class Landroid/app/ActivityManagerNative; has 179 unimplemented (abstract) methods
D/AndroidRuntime( 7314): Calling main entry com.android.commands.pm.Pm
D/AndroidRuntime( 7314): Shutting down VM
D/dalvikvm( 7314): GC_CONCURRENT freed 251K, 31% free 567K/820K, paused 0ms+0ms, total 3ms
D/AndroidRuntime( 7401): 
D/AndroidRuntime( 7401): >>>>>> AndroidRuntime START com.android.internal.os.RuntimeInit <<<<<<
D/AndroidRuntime( 7401): CheckJNI is OFF
D/dalvikvm( 7401): Trying to load lib libjavacore.so 0x0
D/dalvikvm( 7401): Added shared lib libjavacore.so 0x0
D/dalvikvm( 7401): Trying to load lib libnativehelper.so 0x0
D/dalvikvm( 7401): Added shared lib libnativehelper.so 0x0
D/dalvikvm( 7401): No JNI_OnLoad found in libnativehelper.so 0x0, skipping init
D/dalvikvm( 7401): Note: class Landroid/app/ActivityManagerNative; has 179 unimplemented (abstract) methods
D/AndroidRuntime( 7401): Calling main entry com.android.commands.input.Input
I/Input   ( 7401): injectKeyEvent: KeyEvent { action=ACTION_DOWN, keyCode=KEYCODE_BACK, scanCode=0, metaState=0, flags=0x0, repeatCount=0, eventTime=5693341, downTime=5693341, deviceId=-1, source=0x101 }
I/Input   ( 7401): injectKeyEvent: KeyEvent { action=ACTION_UP, keyCode=KEYCODE_BACK, scanCode=0, metaState=0, flags=0x0, repeatCount=0, eventTime=5693341, downTime=5693341, deviceId=-1, source=0x101 }
D/AndroidRuntime( 7401): Shutting down VM
D/dalvikvm( 7401): GC_CONCURRENT freed 98K, 16% free 563K/664K, paused 1ms+0ms, total 3ms
D/AndroidRuntime( 7466): 
D/AndroidRuntime( 7466): >>>>>> AndroidRuntime START com.android.internal.os.RuntimeInit <<<<<<
D/AndroidRuntime( 7466): CheckJNI is OFF
D/dalvikvm( 7466): Trying to load lib libjavacore.so 0x0
D/dalvikvm( 7466): Added shared lib libjavacore.so 0x0
D/dalvikvm( 7466): Trying to load lib libnativehelper.so 0x0
D/dalvikvm( 7466): Added shared lib libnativehelper.so 0x0
D/dalvikvm( 7466): No JNI_OnLoad found in libnativehelper.so 0x0, skipping init
D/dalvikvm( 7466): Note: class Landroid/app/ActivityManagerNative; has 179 unimplemented (abstract) methods
D/AndroidRuntime( 7466): Calling main entry com.android.commands.input.Input
I/Input   ( 7466): injectKeyEvent: KeyEvent { action=ACTION_DOWN, keyCode=KEYCODE_HOME, scanCode=0, metaState=0, flags=0x0, repeatCount=0, eventTime=5695108, downTime=5695108, deviceId=-1, source=0x101 }
I/Input   ( 7466): injectKeyEvent: KeyEvent { action=ACTION_UP, keyCode=KEYCODE_HOME, scanCode=0, metaState=0, flags=0x0, repeatCount=0, eventTime=5695108, downTime=5695108, deviceId=-1, source=0x101 }
D/AndroidRuntime( 7466): Shutting down VM
I/ActivityManager(  562): START u0 {act=android.intent.action.MAIN cat=[android.intent.category.HOME] flg=0x10200000 cmp=com.android.launcher/com.android.launcher2.Launcher} from pid 562
D/dalvikvm( 7466): GC_CONCURRENT freed 98K, 16% free 563K/664K, paused 1ms+0ms, total 3ms
D/AndroidRuntime( 7501): 
D/AndroidRuntime( 7501): >>>>>> AndroidRuntime START com.android.internal.os.RuntimeInit <<<<<<
D/AndroidRuntime( 7501): CheckJNI is OFF
D/dalvikvm( 7501): Trying to load lib libjavacore.so 0x0
D/dalvikvm( 7501): Added shared lib libjavacore.so 0x0
D/dalvikvm( 7501): Trying to load lib libnativehelper.so 0x0
D/dalvikvm( 7501): Added shared lib libnativehelper.so 0x0
D/dalvikvm( 7501): No JNI_OnLoad found in libnativehelper.so 0x0, skipping init
D/dalvikvm( 7501): Note: class Landroid/app/ActivityManagerNative; has 179 unimplemented (abstract) methods
D/dalvikvm( 1308): GC_CONCURRENT freed 427K, 5% free 9556K/10020K, paused 10ms+41ms, total 64ms
D/AndroidRuntime( 7501): Calling main entry com.android.commands.input.Input
I/Input   ( 7501): injectKeyEvent: KeyEvent { action=ACTION_DOWN, keyCode=KEYCODE_BACK, scanCode=0, metaState=0, flags=0x0, repeatCount=0, eventTime=5696448, downTime=5696448, deviceId=-1, source=0x101 }
I/Input   ( 7501): injectKeyEvent: KeyEvent { action=ACTION_UP, keyCode=KEYCODE_BACK, scanCode=0, metaState=0, flags=0x0, repeatCount=0, eventTime=5696448, downTime=5696448, deviceId=-1, source=0x101 }
D/AndroidRuntime( 7501): Shutting down VM
D/dalvikvm( 7501): GC_CONCURRENT freed 98K, 16% free 563K/664K, paused 0ms+1ms, total 2ms
D/Finsky  ( 1308): [1] 5.onFinished: Installation state replication succeeded.
D/AndroidRuntime( 7540): 
D/AndroidRuntime( 7540): >>>>>> AndroidRuntime START com.android.internal.os.RuntimeInit <<<<<<
D/AndroidRuntime( 7540): CheckJNI is OFF
D/dalvikvm( 7540): Trying to load lib libjavacore.so 0x0
D/dalvikvm( 7540): Added shared lib libjavacore.so 0x0
D/dalvikvm( 7540): Trying to load lib libnativehelper.so 0x0
D/dalvikvm( 7540): Added shared lib libnativehelper.so 0x0
D/dalvikvm( 7540): No JNI_OnLoad found in libnativehelper.so 0x0, skipping init
D/dalvikvm( 7540): Note: class Landroid/app/ActivityManagerNative; has 179 unimplemented (abstract) methods
D/AndroidRuntime( 7540): Calling main entry com.android.commands.am.Am
I/ActivityManager(  562): Force stopping com.careerbuilder.SugarDrone appid=18282 user=0: start instr
D/dalvikvm( 7562): Late-enabling CheckJNI
I/ActivityManager(  562): Start proc com.careerbuilder.SugarDrone for added application com.careerbuilder.SugarDrone: pid=7562 uid=18282 gids={58282, 3003, 1028, 1015}
I/dalvikvm( 7562): Could not find method android.app.Instrumentation.execStartActivity, referenced from method sh.calaba.exposed.InstrumentationExposed.execStartActivity
W/dalvikvm( 7562): VFY: unable to resolve virtual method 38: Landroid/app/Instrumentation;.execStartActivity (Landroid/content/Context;Landroid/os/IBinder;Landroid/os/IBinder;Landroid/app/Activity;Landroid/content/Intent;I)Landroid/app/Instrumentation$ActivityResult;
D/dalvikvm( 7562): VFY: replacing opcode 0x75 at 0x0000
I/dalvikvm( 7562): Could not find method android.app.Instrumentation.execStartActivity, referenced from method sh.calaba.exposed.InstrumentationExposed.execStartActivity
W/dalvikvm( 7562): VFY: unable to resolve virtual method 41: Landroid/app/Instrumentation;.execStartActivity (Landroid/content/Context;Landroid/os/IBinder;Landroid/os/IBinder;Landroid/app/Fragment;Landroid/content/Intent;I)Landroid/app/Instrumentation$ActivityResult;
D/dalvikvm( 7562): VFY: replacing opcode 0x75 at 0x0000
I/dalvikvm( 7562): Could not find method android.app.Instrumentation.execStartActivityAsCaller, referenced from method sh.calaba.exposed.InstrumentationExposed.execStartActivityAsCaller
W/dalvikvm( 7562): VFY: unable to resolve virtual method 43: Landroid/app/Instrumentation;.execStartActivityAsCaller (Landroid/content/Context;Landroid/os/IBinder;Landroid/os/IBinder;Landroid/app/Activity;Landroid/content/Intent;ILandroid/os/Bundle;I)Landroid/app/Instrumentation$ActivityResult;
D/dalvikvm( 7562): VFY: replacing opcode 0x75 at 0x0000
D/dalvikvm( 7562): Trying to load lib /data/app-lib/com.careerbuilder.SugarDrone-1/libmonodroid.so 0x41ef5d48
D/dalvikvm( 7562): Added shared lib /data/app-lib/com.careerbuilder.SugarDrone-1/libmonodroid.so 0x41ef5d48
W/monodroid( 7562): Using override path: /data/data/com.careerbuilder.SugarDrone/files/.__override__
W/monodroid( 7562): Trying to load sgen from: /data/data/com.careerbuilder.SugarDrone/files/.__override__/libmonosgen-2.0.so
W/monodroid( 7562): Trying to load sgen from: /storage/emulated/0/Android/data/com.careerbuilder.SugarDrone/files/.__override__/libmonosgen-2.0.so
W/monodroid( 7562): Trying to load sgen from: /data/app-lib/com.careerbuilder.SugarDrone-1/libmonosgen-2.0.so
D/Mono    ( 7562): Image addref mscorlib[0x758f20a0] -> mscorlib.dll[0x758f13e8]: 2
D/Mono    ( 7562): Prepared to set up assembly 'mscorlib' (mscorlib.dll)
D/Mono    ( 7562): AOT module 'mscorlib.dll.so' not found: dlopen failed: library "/data/app-lib/com.careerbuilder.SugarDrone-1/libaot-mscorlib.dll.so" not found
D/Mono    ( 7562): AOT module '/Users/builder/data/lanes/4009/3a62f1ea/source/monodroid/builds/install/mono-armv6/lib/mono/aot-cache/arm/mscorlib.dll.so' not found: dlopen failed: library "/data/app-lib/com.careerbuilder.SugarDrone-1/libaot-mscorlib.dll.so" not found
D/Mono    ( 7562): Config attempting to parse: 'mscorlib.dll.config'.
D/Mono    ( 7562): Config attempting to parse: '/Users/builder/data/lanes/4009/3a62f1ea/source/monodroid/builds/install/mono-armv6/etc/mono/assemblies/mscorlib/mscorlib.config'.
D/Mono    ( 7562): Assembly mscorlib[0x758f20a0] added to domain RootDomain, ref_count=1
D/Mono    ( 7562): Image addref CareerBuilder_Search.Droid[0x7a3b60a8] -> CareerBuilder_Search.Droid.dll[0x7a3b5408]: 2
D/Mono    ( 7562): Prepared to set up assembly 'CareerBuilder_Search.Droid' (CareerBuilder_Search.Droid.dll)
D/Mono    ( 7562): Assembly CareerBuilder_Search.Droid[0x7a3b60a8] added to domain RootDomain, ref_count=1
D/Mono    ( 7562): AOT module 'CareerBuilder_Search.Droid.dll.so' not found: dlopen failed: library "/data/app-lib/com.careerbuilder.SugarDrone-1/libaot-CareerBuilder_Search.Droid.dll.so" not found
D/Mono    ( 7562): AOT module '/Users/builder/data/lanes/4009/3a62f1ea/source/monodroid/builds/install/mono-armv6/lib/mono/aot-cache/arm/CareerBuilder_Search.Droid.dll.so' not found: dlopen failed: library "/data/app-lib/com.careerbuilder.SugarDrone-1/libaot-CareerBuilder_Search.Droid.dll.so" not found
D/Mono    ( 7562): Config attempting to parse: 'CareerBuilder_Search.Droid.dll.config'.
D/Mono    ( 7562): Config attempting to parse: '/Users/builder/data/lanes/4009/3a62f1ea/source/monodroid/builds/install/mono-armv6/etc/mono/assemblies/CareerBuilder_Search.Droid/CareerBuilder_Search.Droid.config'.
D/Mono    ( 7562): Image addref AppsFlyerXamarinBindingAndroid[0x7a3b6f10] -> AppsFlyerXamarinBindingAndroid.dll[0x7a3b62c0]: 2
D/Mono    ( 7562): Prepared to set up assembly 'AppsFlyerXamarinBindingAndroid' (AppsFlyerXamarinBindingAndroid.dll)
D/Mono    ( 7562): Assembly AppsFlyerXamarinBindingAndroid[0x7a3b6f10] added to domain RootDomain, ref_count=1
D/Mono    ( 7562): AOT module 'AppsFlyerXamarinBindingAndroid.dll.so' not found: dlopen failed: library "/data/app-lib/com.careerbuilder.SugarDrone-1/libaot-AppsFlyerXamarinBindingAndroid.dll.so" not found
D/Mono    ( 7562): AOT module '/Users/builder/data/lanes/4009/3a62f1ea/source/monodroid/builds/install/mono-armv6/lib/mono/aot-cache/arm/AppsFlyerXamarinBindingAndroid.dll.so' not found: dlopen failed: library "/data/app-lib/com.careerbuilder.SugarDrone-1/libaot-AppsFlyerXamarinBindingAndroid.dll.so" not found
D/Mono    ( 7562): Config attempting to parse: 'AppsFlyerXamarinBindingAndroid.dll.config'.
D/Mono    ( 7562): Config attempting to parse: '/Users/builder/data/lanes/4009/3a62f1ea/source/monodroid/builds/install/mono-armv6/etc/mono/assemblies/AppsFlyerXamarinBindingAndroid/AppsFlyerXamarinBindingAndroid.config'.
D/Mono    ( 7562): Image addref HockeySDK[0x7a3b7c30] -> HockeySDK.dll[0x7a3b7010]: 2
D/Mono    ( 7562): Prepared to set up assembly 'HockeySDK' (HockeySDK.dll)
D/Mono    ( 7562): Assembly HockeySDK[0x7a3b7c30] added to domain RootDomain, ref_count=1
D/Mono    ( 7562): AOT module 'HockeySDK.dll.so' not found: dlopen failed: library "/data/app-lib/com.careerbuilder.SugarDrone-1/libaot-HockeySDK.dll.so" not found
D/Mono    ( 7562): AOT module '/Users/builder/data/lanes/4009/3a62f1ea/source/monodroid/builds/install/mono-armv6/lib/mono/aot-cache/arm/HockeySDK.dll.so' not found: dlopen failed: library "/data/app-lib/com.careerbuilder.SugarDrone-1/libaot-HockeySDK.dll.so" not found
D/Mono    ( 7562): Config attempting to parse: 'HockeySDK.dll.config'.
D/Mono    ( 7562): Config attempting to parse: '/Users/builder/data/lanes/4009/3a62f1ea/source/monodroid/builds/install/mono-armv6/etc/mono/assemblies/HockeySDK/HockeySDK.config'.
D/Mono    ( 7562): Image addref Akavache[0x7a3b89a8] -> Akavache.dll[0x7a3b7d18]: 2
D/Mono    ( 7562): Prepared to set up assembly 'Akavache' (Akavache.dll)
D/Mono    ( 7562): Assembly Akavache[0x7a3b89a8] added to domain RootDomain, ref_count=1
D/Mono    ( 7562): AOT module 'Akavache.dll.so' not found: dlopen failed: library "/data/app-lib/com.careerbuilder.SugarDrone-1/libaot-Akavache.dll.so" not found
D/Mono    ( 7562): AOT module '/Users/builder/data/lanes/4009/3a62f1ea/source/monodroid/builds/install/mono-armv6/lib/mono/aot-cache/arm/Akavache.dll.so' not found: dlopen failed: library "/data/app-lib/com.careerbuilder.SugarDrone-1/libaot-Akavache.dll.so" not found
D/Mono    ( 7562): Config attempting to parse: 'Akavache.dll.config'.
D/Mono    ( 7562): Config attempting to parse: '/Users/builder/data/lanes/4009/3a62f1ea/source/monodroid/builds/install/mono-armv6/etc/mono/assemblies/Akavache/Akavache.config'.
D/Mono    ( 7562): Image addref Akavache.Sqlite3[0x7a3d6740] -> Akavache.Sqlite3.dll[0x7a3b8ac8]: 2
D/Mono    ( 7562): Prepared to set up assembly 'Akavache.Sqlite3' (Akavache.Sqlite3.dll)
D/Mono    ( 7562): Assembly Akavache.Sqlite3[0x7a3d6740] added to domain RootDomain, ref_count=1
D/Mono    ( 7562): AOT module 'Akavache.Sqlite3.dll.so' not found: dlopen failed: library "/data/app-lib/com.careerbuilder.SugarDrone-1/libaot-Akavache.Sqlite3.dll.so" not found
D/Mono    ( 7562): AOT module '/Users/builder/data/lanes/4009/3a62f1ea/source/monodroid/builds/install/mono-armv6/lib/mono/aot-cache/arm/Akavache.Sqlite3.dll.so' not found: dlopen failed: library "/data/app-lib/com.careerbuilder.SugarDrone-1/libaot-Akavache.Sqlite3.dll.so" not found
W/        ( 7562): Symbol file LoadedFromMemory doesn't match image Akavache.Sqlite3.dll
D/Mono    ( 7562): Config attempting to parse: 'Akavache.Sqlite3.dll.config'.
D/Mono    ( 7562): Config attempting to parse: '/Users/builder/data/lanes/4009/3a62f1ea/source/monodroid/builds/install/mono-armv6/etc/mono/assemblies/Akavache.Sqlite3/Akavache.Sqlite3.config'.
D/Mono    ( 7562): Image addref Splat[0x7a3d7470] -> Splat.dll[0x7a3d6830]: 2
D/Mono    ( 7562): Prepared to set up assembly 'Splat' (Splat.dll)
D/Mono    ( 7562): Assembly Splat[0x7a3d7470] added to domain RootDomain, ref_count=1
D/Mono    ( 7562): AOT module 'Splat.dll.so' not found: dlopen failed: library "/data/app-lib/com.careerbuilder.SugarDrone-1/libaot-Splat.dll.so" not found
D/Mono    ( 7562): AOT module '/Users/builder/data/lanes/4009/3a62f1ea/source/monodroid/builds/install/mono-armv6/lib/mono/aot-cache/arm/Splat.dll.so' not found: dlopen failed: library "/data/app-lib/com.careerbuilder.SugarDrone-1/libaot-Splat.dll.so" not found
D/Mono    ( 7562): Config attempting to parse: 'Splat.dll.config'.
D/Mono    ( 7562): Config attempting to parse: '/Users/builder/data/lanes/4009/3a62f1ea/source/monodroid/builds/install/mono-armv6/etc/mono/assemblies/Splat/Splat.config'.
D/Mono    ( 7562): Image addref Microsoft.Practices.ServiceLocation[0x7a3db288] -> Microsoft.Practices.ServiceLocation.dll[0x7a3da648]: 2
D/Mono    ( 7562): Prepared to set up assembly 'Microsoft.Practices.ServiceLocation' (Microsoft.Practices.ServiceLocation.dll)
D/Mono    ( 7562): Assembly Microsoft.Practices.ServiceLocation[0x7a3db288] added to domain RootDomain, ref_count=1
D/Mono    ( 7562): AOT module 'Microsoft.Practices.ServiceLocation.dll.so' not found: dlopen failed: library "/data/app-lib/com.careerbuilder.SugarDrone-1/libaot-Microsoft.Practices.ServiceLocation.dll.so" not found
D/Mono    ( 7562): AOT module '/Users/builder/data/lanes/4009/3a62f1ea/source/monodroid/builds/install/mono-armv6/lib/mono/aot-cache/arm/Microsoft.Practices.ServiceLocation.dll.so' not found: dlopen failed: library "/data/app-lib/com.careerbuilder.SugarDrone-1/libaot-Microsoft.Practices.ServiceLocation.dll.so" not found
D/Mono    ( 7562): Config attempting to parse: 'Microsoft.Practices.ServiceLocation.dll.config'.
D/Mono    ( 7562): Config attempting to parse: '/Users/builder/data/lanes/4009/3a62f1ea/source/monodroid/builds/install/mono-armv6/etc/mono/assemblies/Microsoft.Practices.ServiceLocation/Microsoft.Practices.ServiceLocation.config'.
D/Mono    ( 7562): Image addref Microsoft.Practices.Unity[0x7a3dc870] -> Microsoft.Practices.Unity.dll[0x7a3dbc00]: 2
D/Mono    ( 7562): Prepared to set up assembly 'Microsoft.Practices.Unity' (Microsoft.Practices.Unity.dll)
D/Mono    ( 7562): Assembly Microsoft.Practices.Unity[0x7a3dc870] added to domain RootDomain, ref_count=1
D/Mono    ( 7562): AOT module 'Microsoft.Practices.Unity.dll.so' not found: dlopen failed: library "/data/app-lib/com.careerbuilder.SugarDrone-1/libaot-Microsoft.Practices.Unity.dll.so" not found
D/Mono    ( 7562): AOT module '/Users/builder/data/lanes/4009/3a62f1ea/source/monodroid/builds/install/mono-armv6/lib/mono/aot-cache/arm/Microsoft.Practices.Unity.dll.so' not found: dlopen failed: library "/data/app-lib/com.careerbuilder.SugarDrone-1/libaot-Microsoft.Practices.Unity.dll.so" not found
D/Mono    ( 7562): Config attempting to parse: 'Microsoft.Practices.Unity.dll.config'.
D/Mono    ( 7562): Config attempting to parse: '/Users/builder/data/lanes/4009/3a62f1ea/source/monodroid/builds/install/mono-armv6/etc/mono/assemblies/Microsoft.Practices.Unity/Microsoft.Practices.Unity.config'.
D/Mono    ( 7562): Image addref Plugin.CurrentActivity[0x7a3dd5c0] -> Plugin.CurrentActivity.dll[0x7a3dc990]: 2
D/Mono    ( 7562): Prepared to set up assembly 'Plugin.CurrentActivity' (Plugin.CurrentActivity.dll)
D/Mono    ( 7562): Assembly Plugin.CurrentActivity[0x7a3dd5c0] added to domain RootDomain, ref_count=1
D/Mono    ( 7562): AOT module 'Plugin.CurrentActivity.dll.so' not found: dlopen failed: library "/data/app-lib/com.careerbuilder.SugarDrone-1/libaot-Plugin.CurrentActivity.dll.so" not found
D/Mono    ( 7562): AOT module '/Users/builder/data/lanes/4009/3a62f1ea/source/monodroid/builds/install/mono-armv6/lib/mono/aot-cache/arm/Plugin.CurrentActivity.dll.so' not found: dlopen failed: library "/data/app-lib/com.careerbuilder.SugarDrone-1/libaot-Plugin.CurrentActivity.dll.so" not found
D/Mono    ( 7562): Config attempting to parse: 'Plugin.CurrentActivity.dll.config'.
D/Mono    ( 7562): Config attempting to parse: '/Users/builder/data/lanes/4009/3a62f1ea/source/monodroid/builds/install/mono-armv6/etc/mono/assemblies/Plugin.CurrentActivity/Plugin.CurrentActivity.config'.
D/Mono    ( 7562): Image addref Plugin.Permissions[0x7a3de310] -> Plugin.Permissions.dll[0x7a3dd6f0]: 2
D/Mono    ( 7562): Prepared to set up assembly 'Plugin.Permissions' (Plugin.Permissions.dll)
D/Mono    ( 7562): Assembly Plugin.Permissions[0x7a3de310] added to domain RootDomain, ref_count=1
D/Mono    ( 7562): AOT module 'Plugin.Permissions.dll.so' not found: dlopen failed: library "/data/app-lib/com.careerbuilder.SugarDrone-1/libaot-Plugin.Permissions.dll.so" not found
D/Mono    ( 7562): AOT module '/Users/builder/data/lanes/4009/3a62f1ea/source/monodroid/builds/install/mono-armv6/lib/mono/aot-cache/arm/Plugin.Permissions.dll.so' not found: dlopen failed: library "/data/app-lib/com.careerbuilder.SugarDrone-1/libaot-Plugin.Permissions.dll.so" not found
D/Mono    ( 7562): Config attempting to parse: 'Plugin.Permissions.dll.config'.
D/Mono    ( 7562): Config attempting to parse: '/Users/builder/data/lanes/4009/3a62f1ea/source/monodroid/builds/install/mono-armv6/etc/mono/assemblies/Plugin.Permissions/Plugin.Permissions.config'.
D/Mono    ( 7562): Image addref Plugin.Permissions.Abstractions[0x7a3dfa30] -> Plugin.Permissions.Abstractions.dll[0x7a3dedd0]: 2
D/Mono    ( 7562): Prepared to set up assembly 'Plugin.Permissions.Abstractions' (Plugin.Permissions.Abstractions.dll)
D/Mono    ( 7562): Assembly Plugin.Permissions.Abstractions[0x7a3dfa30] added to domain RootDomain, ref_count=1
D/Mono    ( 7562): AOT module 'Plugin.Permissions.Abstractions.dll.so' not found: dlopen failed: library "/data/app-lib/com.careerbuilder.SugarDrone-1/libaot-Plugin.Permissions.Abstractions.dll.so" not found
D/Mono    ( 7562): AOT module '/Users/builder/data/lanes/4009/3a62f1ea/source/monodroid/builds/install/mono-armv6/lib/mono/aot-cache/arm/Plugin.Permissions.Abstractions.dll.so' not found: dlopen failed: library "/data/app-lib/com.careerbuilder.SugarDrone-1/libaot-Plugin.Permissions.Abstractions.dll.so" not found
D/Mono    ( 7562): Config attempting to parse: 'Plugin.Permissions.Abstractions.dll.config'.
D/Mono    ( 7562): Config attempting to parse: '/Users/builder/data/lanes/4009/3a62f1ea/source/monodroid/builds/install/mono-armv6/etc/mono/assemblies/Plugin.Permissions.Abstractions/Plugin.Permissions.Abstractions.config'.
D/Mono    ( 7562): Image addref Plugin.Geolocator[0x7a3e08e0] -> Plugin.Geolocator.dll[0x7a3dfc90]: 2
D/Mono    ( 7562): Prepared to set up assembly 'Plugin.Geolocator' (Plugin.Geolocator.dll)
D/Mono    ( 7562): Assembly Plugin.Geolocator[0x7a3e08e0] added to domain RootDomain, ref_count=1
D/Mono    ( 7562): AOT module 'Plugin.Geolocator.dll.so' not found: dlopen failed: library "/data/app-lib/com.careerbuilder.SugarDrone-1/libaot-Plugin.Geolocator.dll.so" not found
D/Mono    ( 7562): AOT module '/Users/builder/data/lanes/4009/3a62f1ea/source/monodroid/builds/install/mono-armv6/lib/mono/aot-cache/arm/Plugin.Geolocator.dll.so' not found: dlopen failed: library "/data/app-lib/com.careerbuilder.SugarDrone-1/libaot-Plugin.Geolocator.dll.so" not found
D/Mono    ( 7562): Config attempting to parse: 'Plugin.Geolocator.dll.config'.
D/Mono    ( 7562): Config attempting to parse: '/Users/builder/data/lanes/4009/3a62f1ea/source/monodroid/builds/install/mono-armv6/etc/mono/assemblies/Plugin.Geolocator/Plugin.Geolocator.config'.
D/Mono    ( 7562): Image addref Plugin.Geolocator.Abstractions[0x7a3e2878] -> Plugin.Geolocator.Abstractions.dll[0x7a3e1c60]: 2
D/Mono    ( 7562): Prepared to set up assembly 'Plugin.Geolocator.Abstractions' (Plugin.Geolocator.Abstractions.dll)
D/Mono    ( 7562): Assembly Plugin.Geolocator.Abstractions[0x7a3e2878] added to domain RootDomain, ref_count=1
D/Mono    ( 7562): AOT module 'Plugin.Geolocator.Abstractions.dll.so' not found: dlopen failed: library "/data/app-lib/com.careerbuilder.SugarDrone-1/libaot-Plugin.Geolocator.Abstractions.dll.so" not found
D/Mono    ( 7562): AOT module '/Users/builder/data/lanes/4009/3a62f1ea/source/monodroid/builds/install/mono-armv6/lib/mono/aot-cache/arm/Plugin.Geolocator.Abstractions.dll.so' not found: dlopen failed: library "/data/app-lib/com.careerbuilder.SugarDrone-1/libaot-Plugin.Geolocator.Abstractions.dll.so" not found
D/Mono    ( 7562): Config attempting to parse: 'Plugin.Geolocator.Abstractions.dll.config'.
D/Mono    ( 7562): Config attempting to parse: '/Users/builder/data/lanes/4009/3a62f1ea/source/monodroid/builds/install/mono-armv6/etc/mono/assemblies/Plugin.Geolocator.Abstractions/Plugin.Geolocator.Abstractions.config'.
D/Mono    ( 7562): Image addref Plugin.DeviceInfo[0x7a3e3bf0] -> Plugin.DeviceInfo.dll[0x7a3e2f90]: 2
D/Mono    ( 7562): Prepared to set up assembly 'Plugin.DeviceInfo' (Plugin.DeviceInfo.dll)
D/Mono    ( 7562): Assembly Plugin.DeviceInfo[0x7a3e3bf0] added to domain RootDomain, ref_count=1
D/Mono    ( 7562): AOT module 'Plugin.DeviceInfo.dll.so' not found: dlopen failed: library "/data/app-lib/com.careerbuilder.SugarDrone-1/libaot-Plugin.DeviceInfo.dll.so" not found
D/Mono    ( 7562): AOT module '/Users/builder/data/lanes/4009/3a62f1ea/source/monodroid/builds/install/mono-armv6/lib/mono/aot-cache/arm/Plugin.DeviceInfo.dll.so' not found: dlopen failed: library "/data/app-lib/com.careerbuilder.SugarDrone-1/libaot-Plugin.DeviceInfo.dll.so" not found
D/Mono    ( 7562): Config attempting to parse: 'Plugin.DeviceInfo.dll.config'.
D/Mono    ( 7562): Config attempting to parse: '/Users/builder/data/lanes/4009/3a62f1ea/source/monodroid/builds/install/mono-armv6/etc/mono/assemblies/Plugin.DeviceInfo/Plugin.DeviceInfo.config'.
D/Mono    ( 7562): Image addref Plugin.DeviceInfo.Abstractions[0x7a3e4de0] -> Plugin.DeviceInfo.Abstractions.dll[0x7a3e4170]: 2
D/Mono    ( 7562): Prepared to set up assembly 'Plugin.DeviceInfo.Abstractions' (Plugin.DeviceInfo.Abstractions.dll)
D/Mono    ( 7562): Assembly Plugin.DeviceInfo.Abstractions[0x7a3e4de0] added to domain RootDomain, ref_count=1
D/Mono    ( 7562): AOT module 'Plugin.DeviceInfo.Abstractions.dll.so' not found: dlopen failed: library "/data/app-lib/com.careerbuilder.SugarDrone-1/libaot-Plugin.DeviceInfo.Abstractions.dll.so" not found
D/Mono    ( 7562): AOT module '/Users/builder/data/lanes/4009/3a62f1ea/source/monodroid/builds/install/mono-armv6/lib/mono/aot-cache/arm/Plugin.DeviceInfo.Abstractions.dll.so' not found: dlopen failed: library "/data/app-lib/com.careerbuilder.SugarDrone-1/libaot-Plugin.DeviceInfo.Abstractions.dll.so" not found
D/Mono    ( 7562): Config attempting to parse: 'Plugin.DeviceInfo.Abstractions.dll.config'.
D/Mono    ( 7562): Config attempting to parse: '/Users/builder/data/lanes/4009/3a62f1ea/source/monodroid/builds/install/mono-armv6/etc/mono/assemblies/Plugin.DeviceInfo.Abstractions/Plugin.DeviceInfo.Abstractions.config'.
D/Mono    ( 7562): Image addref Xamarin.GooglePlayServices.Analytics[0x7a3e5cc8] -> Xamarin.GooglePlayServices.Analytics.dll[0x7a3e50b8]: 2
D/Mono    ( 7562): Prepared to set up assembly 'Xamarin.GooglePlayServices.Analytics' (Xamarin.GooglePlayServices.Analytics.dll)
D/Mono    ( 7562): Assembly Xamarin.GooglePlayServices.Analytics[0x7a3e5cc8] added to domain RootDomain, ref_count=1
D/Mono    ( 7562): AOT module 'Xamarin.GooglePlayServices.Analytics.dll.so' not found: dlopen failed: library "/data/app-lib/com.careerbuilder.SugarDrone-1/libaot-Xamarin.GooglePlayServices.Analytics.dll.so" not found
D/Mono    ( 7562): AOT module '/Users/builder/data/lanes/4009/3a62f1ea/source/monodroid/builds/install/mono-armv6/lib/mono/aot-cache/arm/Xamarin.GooglePlayServices.Analytics.dll.so' not found: dlopen failed: library "/data/app-lib/com.careerbuilder.SugarDrone-1/libaot-Xamarin.GooglePlayServices.Analytics.dll.so" not found
D/Mono    ( 7562): Config attempting to parse: 'Xamarin.GooglePlayServices.Analytics.dll.config'.
D/Mono    ( 7562): Config attempting to parse: '/Users/builder/data/lanes/4009/3a62f1ea/source/monodroid/builds/install/mono-armv6/etc/mono/assemblies/Xamarin.GooglePlayServices.Analytics/Xamarin.GooglePlayServices.Analytics.config'.
D/Mono    ( 7562): Image addref Xamarin.GooglePlayServices.Base[0x7a3e6a20] -> Xamarin.GooglePlayServices.Base.dll[0x7a3e5e68]: 2
D/Mono    ( 7562): Prepared to set up assembly 'Xamarin.GooglePlayServices.Base' (Xamarin.GooglePlayServices.Base.dll)
D/Mono    ( 7562): Assembly Xamarin.GooglePlayServices.Base[0x7a3e6a20] added to domain RootDomain, ref_count=1
D/Mono    ( 7562): AOT module 'Xamarin.GooglePlayServices.Base.dll.so' not found: dlopen failed: library "/data/app-lib/com.careerbuilder.SugarDrone-1/libaot-Xamarin.GooglePlayServices.Base.dll.so" not found
D/Mono    ( 7562): AOT module '/Users/builder/data/lanes/4009/3a62f1ea/source/monodroid/builds/install/mono-armv6/lib/mono/aot-cache/arm/Xamarin.GooglePlayServices.Base.dll.so' not found: dlopen failed: library "/data/app-lib/com.careerbuilder.SugarDrone-1/libaot-Xamarin.GooglePlayServices.Base.dll.so" not found
