<![CDATA[
]]><xtc-scenario name="[0-1115]CareerBuilder_Search.DroidFeatureTests.SavedJobsTests.ExpiredFitlerShowsOnlyExpiredAndSticksBetweenTabs" id="[0-1115]CareerBuilder_Search.DroidFeatureTests.SavedJobsTests.ExpiredFitlerShowsOnlyExpiredAndSticksBetweenTabs"><![CDATA[
--------- beginning of /dev/log/system
W/ProcessCpuTracker(  572): Skipping unknown process pid 4985
W/ProcessCpuTracker(  572): Skipping unknown process pid 4990

]]><xtc-step name="[0-1115]CareerBuilder_Search.DroidFeatureTests.SavedJobsTests.ExpiredFitlerShowsOnlyExpiredAndSticksBetweenTabs-ExpiredFitlerShowsOnlyExpiredAndSticksBetweenTabs" id="[0-1115]CareerBuilder_Search.DroidFeatureTests.SavedJobsTests.ExpiredFitlerShowsOnlyExpiredAndSticksBetweenTabs-ExpiredFitlerShowsOnlyExpiredAndSticksBetweenTabs"><![CDATA[
D/AndroidRuntime( 5047): 
D/AndroidRuntime( 5047): >>>>>> AndroidRuntime START com.android.internal.os.RuntimeInit <<<<<<
D/AndroidRuntime( 5047): CheckJNI is OFF
D/dalvikvm( 5047): Trying to load lib libjavacore.so 0x0
D/dalvikvm( 5047): Added shared lib libjavacore.so 0x0
D/dalvikvm( 5047): Trying to load lib libnativehelper.so 0x0
D/dalvikvm( 5047): Added shared lib libnativehelper.so 0x0
D/dalvikvm( 5047): No JNI_OnLoad found in libnativehelper.so 0x0, skipping init
D/dalvikvm( 5047): Note: class Landroid/app/ActivityManagerNative; has 179 unimplemented (abstract) methods
D/AndroidRuntime( 5047): Calling main entry com.android.commands.pm.Pm
D/AndroidRuntime( 5047): Shutting down VM
D/dalvikvm( 5047): GC_CONCURRENT freed 248K, 31% free 567K/820K, paused 0ms+0ms, total 3ms
D/AndroidRuntime( 5171): 
D/AndroidRuntime( 5171): >>>>>> AndroidRuntime START com.android.internal.os.RuntimeInit <<<<<<
D/AndroidRuntime( 5171): CheckJNI is OFF
D/dalvikvm( 5171): Trying to load lib libjavacore.so 0x0
D/dalvikvm( 5171): Added shared lib libjavacore.so 0x0
D/dalvikvm( 5171): Trying to load lib libnativehelper.so 0x0
D/dalvikvm( 5171): Added shared lib libnativehelper.so 0x0
D/dalvikvm( 5171): No JNI_OnLoad found in libnativehelper.so 0x0, skipping init
D/dalvikvm( 5171): Note: class Landroid/app/ActivityManagerNative; has 179 unimplemented (abstract) methods
D/AndroidRuntime( 5171): Calling main entry com.android.commands.am.Am
D/AndroidRuntime( 5171): Shutting down VM
D/dalvikvm( 5171): GC_CONCURRENT freed 93K, 15% free 553K/648K, paused 0ms+1ms, total 2ms
W/ActivityManager(  572): Invalid packageName: com.careerbuilder.SugarDrone
D/AndroidRuntime( 5800): 
D/AndroidRuntime( 5800): >>>>>> AndroidRuntime START com.android.internal.os.RuntimeInit <<<<<<
D/AndroidRuntime( 5800): CheckJNI is OFF
D/dalvikvm( 5800): Trying to load lib libjavacore.so 0x0
D/dalvikvm( 5800): Added shared lib libjavacore.so 0x0
D/dalvikvm( 5800): Trying to load lib libnativehelper.so 0x0
D/dalvikvm( 5800): Added shared lib libnativehelper.so 0x0
D/dalvikvm( 5800): No JNI_OnLoad found in libnativehelper.so 0x0, skipping init
D/dalvikvm( 5800): Note: class Landroid/app/ActivityManagerNative; has 179 unimplemented (abstract) methods
D/AndroidRuntime( 5800): Calling main entry com.android.commands.pm.Pm
W/ActivityManager(  572): No content provider found for permission revoke: file:///data/local/tmp/0000002217
W/ActivityManager(  572): No content provider found for permission revoke: file:///data/local/tmp/0000002217
I/PackageManager(  572): Copying native libraries to /data/app-lib/vmdl1078432963
D/dalvikvm(  572): GC_FOR_ALLOC freed 975K, 12% free 19854K/22508K, paused 62ms, total 62ms
D/dalvikvm(  572): GC_FOR_ALLOC freed 538K, 12% free 20000K/22572K, paused 61ms, total 61ms
D/dalvikvm(  572): GC_CONCURRENT freed 2016K, 10% free 20733K/22792K, paused 3ms+5ms, total 74ms
D/dalvikvm(  572): WAIT_FOR_CONCURRENT_GC blocked 67ms
D/dalvikvm(  572): GC_FOR_ALLOC freed 2747K, 13% free 20759K/23716K, paused 70ms, total 70ms
D/dalvikvm(  572): GC_FOR_ALLOC freed 2794K, 13% free 20777K/23740K, paused 70ms, total 70ms
D/dalvikvm(  572): GC_CONCURRENT freed 2812K, 13% free 20830K/23752K, paused 4ms+6ms, total 77ms
I/PackageManager(  572): Running dexopt on: com.careerbuilder.SugarDrone
W/dalvikvm( 5879): method Landroid/support/v7/widget/ListViewCompat;.lookForSelectablePosition incorrectly overrides package-private method with same name in Landroid/widget/ListView;
D/dalvikvm( 5879): DexOpt: couldn't find static field Landroid/os/Build;.SUPPORTED_ABIS
D/dalvikvm( 5879): DexOpt: load 297ms, verify+opt 1778ms, 3733380 bytes
I/ActivityManager(  572): Force stopping com.careerbuilder.SugarDrone appid=16762 user=-1: update pkg
W/PackageManager(  572): Not granting permission android.permission.MANAGE_DOCUMENTS to package com.careerbuilder.SugarDrone (protectionLevel=2 flags=0x8be46)
W/PackageManager(  572): Not granting permission android.permission.MOUNT_UNMOUNT_FILESYSTEMS to package com.careerbuilder.SugarDrone (protectionLevel=18 flags=0x8be46)
I/InputReader(  572): Reconfiguring input devices.  changes=0x00000010
D/dalvikvm(  831): GC_CONCURRENT freed 316K, 4% free 9308K/9656K, paused 2ms+1ms, total 13ms
I/Icing.InternalIcingCorporaProvider( 1369): Updating corpora: A: com.careerbuilder.SugarDrone, C: MAYBE
D/BackupManagerService(  572): Received broadcast Intent { act=android.intent.action.PACKAGE_ADDED dat=package:com.careerbuilder.SugarDrone flg=0x4000010 (has extras) }
V/BackupManagerService(  572): addPackageParticipantsLocked: #1
D/dalvikvm( 1991): GC_FOR_ALLOC freed 244K, 3% free 18098K/18656K, paused 24ms, total 24ms
D/Wear_Controller( 1016): Received broadcast action=android.intent.action.PACKAGE_ADDED and uri=com.careerbuilder.SugarDrone
I/PeopleContactsSync( 1016): triggerPendingContactsCleanup: no accounts
D/dalvikvm( 1369): GC_CONCURRENT freed 511K, 7% free 9434K/10080K, paused 1ms+1ms, total 68ms
D/dalvikvm( 1016): GC_CONCURRENT freed 1450K, 12% free 12338K/13960K, paused 2ms+25ms, total 117ms
D/dalvikvm( 1016): WAIT_FOR_CONCURRENT_GC blocked 47ms
D/dalvikvm( 1016): WAIT_FOR_CONCURRENT_GC blocked 48ms
D/dalvikvm( 1016): WAIT_FOR_CONCURRENT_GC blocked 49ms
D/dalvikvm( 1016): WAIT_FOR_CONCURRENT_GC blocked 49ms
D/dalvikvm( 1016): WAIT_FOR_CONCURRENT_GC blocked 45ms
D/dalvikvm( 1016): WAIT_FOR_CONCURRENT_GC blocked 10ms
D/dalvikvm(  572): GC_EXPLICIT freed 1474K, 12% free 20924K/23752K, paused 3ms+64ms, total 423ms
I/Icing   ( 1016): Usage reports 0 indexed 0 rejected 0 imm upload false
W/IcingInternalCorpora( 1016): getNumBytesRead when not calculated.
D/AndroidRuntime( 5800): Shutting down VM
D/dalvikvm( 5800): GC_CONCURRENT freed 95K, 15% free 561K/660K, paused 1ms+0ms, total 3ms
I/ActivityManager(  572): Delay finish: com.google.android.gms/.chimera.GmsIntentOperationService$PersistentInternalReceiver
I/Icing   ( 1016): Usage reports 0 indexed 0 rejected 0 imm upload false
I/Icing.InternalIcingCorporaProvider( 1369): UpdateCorporaTask done [took 397 ms] updated apps [took 397 ms] 
I/ActivityManager(  572): Resuming delayed broadcast
I/Icing   ( 1016): Usage reports 0 indexed 0 rejected 0 imm upload true
D/AndroidRuntime( 5980): 
D/AndroidRuntime( 5980): >>>>>> AndroidRuntime START com.android.internal.os.RuntimeInit <<<<<<
D/AndroidRuntime( 5980): CheckJNI is OFF
D/dalvikvm( 5980): Trying to load lib libjavacore.so 0x0
D/dalvikvm( 5980): Added shared lib libjavacore.so 0x0
D/dalvikvm( 5980): Trying to load lib libnativehelper.so 0x0
D/dalvikvm( 5980): Added shared lib libnativehelper.so 0x0
D/dalvikvm( 5980): No JNI_OnLoad found in libnativehelper.so 0x0, skipping init
D/dalvikvm( 5980): Note: class Landroid/app/ActivityManagerNative; has 179 unimplemented (abstract) methods
D/AndroidRuntime( 5980): Calling main entry com.android.commands.settings.SettingsCmd
D/AndroidRuntime( 5980): Shutting down VM
D/dalvikvm( 5980): GC_CONCURRENT freed 96K, 15% free 562K/660K, paused 0ms+0ms, total 2ms
I/Icing   ( 1016): Indexing 20DD4C980DC9932934B14C611F3A585B39FE1847 from com.google.android.gms
D/dalvikvm( 1016): GC_CONCURRENT freed 862K, 10% free 12616K/13960K, paused 2ms+4ms, total 37ms
D/dalvikvm( 1016): WAIT_FOR_CONCURRENT_GC blocked 21ms
D/dalvikvm( 1016): GC_FOR_ALLOC freed 1101K, 12% free 12306K/13960K, paused 35ms, total 35ms
I/Icing   ( 1016): Indexing done 20DD4C980DC9932934B14C611F3A585B39FE1847
I/Icing   ( 1016): Indexing 51913DCE11206AD5493A298902DFB4629E7C2319 from com.google.android.googlequicksearchbox
I/Icing   ( 1016): Indexing done 51913DCE11206AD5493A298902DFB4629E7C2319
D/AndroidRuntime( 6008): 
D/AndroidRuntime( 6008): >>>>>> AndroidRuntime START com.android.internal.os.RuntimeInit <<<<<<
D/AndroidRuntime( 6008): CheckJNI is OFF
D/dalvikvm( 6008): Trying to load lib libjavacore.so 0x0
D/dalvikvm( 6008): Added shared lib libjavacore.so 0x0
D/dalvikvm( 6008): Trying to load lib libnativehelper.so 0x0
D/dalvikvm( 6008): Added shared lib libnativehelper.so 0x0
D/dalvikvm( 6008): No JNI_OnLoad found in libnativehelper.so 0x0, skipping init
D/dalvikvm( 6008): Note: class Landroid/app/ActivityManagerNative; has 179 unimplemented (abstract) methods
D/AndroidRuntime( 6008): Calling main entry com.android.commands.settings.SettingsCmd
D/AndroidRuntime( 6008): Shutting down VM
D/dalvikvm( 6008): GC_CONCURRENT freed 96K, 15% free 562K/660K, paused 1ms+0ms, total 3ms
D/AndroidRuntime( 6035): 
D/AndroidRuntime( 6035): >>>>>> AndroidRuntime START com.android.internal.os.RuntimeInit <<<<<<
D/AndroidRuntime( 6035): CheckJNI is OFF
D/dalvikvm( 6035): Trying to load lib libjavacore.so 0x0
D/dalvikvm( 6035): Added shared lib libjavacore.so 0x0
D/dalvikvm( 6035): Trying to load lib libnativehelper.so 0x0
D/dalvikvm( 6035): Added shared lib libnativehelper.so 0x0
D/dalvikvm( 6035): No JNI_OnLoad found in libnativehelper.so 0x0, skipping init
D/dalvikvm( 6035): Note: class Landroid/app/ActivityManagerNative; has 179 unimplemented (abstract) methods
D/AndroidRuntime( 6035): Calling main entry com.android.commands.settings.SettingsCmd
D/AndroidRuntime( 6035): Shutting down VM
D/dalvikvm( 6035): GC_CONCURRENT freed 96K, 16% free 562K/664K, paused 1ms+0ms, total 3ms
D/AndroidRuntime( 6069): 
D/AndroidRuntime( 6069): >>>>>> AndroidRuntime START com.android.internal.os.RuntimeInit <<<<<<
D/AndroidRuntime( 6069): CheckJNI is OFF
D/dalvikvm( 6069): Trying to load lib libjavacore.so 0x0
D/dalvikvm( 6069): Added shared lib libjavacore.so 0x0
D/dalvikvm( 6069): Trying to load lib libnativehelper.so 0x0
D/dalvikvm( 6069): Added shared lib libnativehelper.so 0x0
D/dalvikvm( 6069): No JNI_OnLoad found in libnativehelper.so 0x0, skipping init
D/dalvikvm( 6069): Note: class Landroid/app/ActivityManagerNative; has 179 unimplemented (abstract) methods
D/AndroidRuntime( 6069): Calling main entry com.android.commands.settings.SettingsCmd
D/AndroidRuntime( 6069): Shutting down VM
D/dalvikvm( 6069): GC_CONCURRENT freed 96K, 15% free 562K/660K, paused 1ms+0ms, total 3ms
D/AndroidRuntime( 6096): 
D/AndroidRuntime( 6096): >>>>>> AndroidRuntime START com.android.internal.os.RuntimeInit <<<<<<
D/AndroidRuntime( 6096): CheckJNI is OFF
D/dalvikvm( 6096): Trying to load lib libjavacore.so 0x0
D/dalvikvm( 6096): Added shared lib libjavacore.so 0x0
D/dalvikvm( 6096): Trying to load lib libnativehelper.so 0x0
D/dalvikvm( 6096): Added shared lib libnativehelper.so 0x0
D/dalvikvm( 6096): No JNI_OnLoad found in libnativehelper.so 0x0, skipping init
D/dalvikvm( 6096): Note: class Landroid/app/ActivityManagerNative; has 179 unimplemented (abstract) methods
D/AndroidRuntime( 6096): Calling main entry com.android.commands.settings.SettingsCmd
D/AndroidRuntime( 6096): Shutting down VM
D/dalvikvm( 6096): GC_CONCURRENT freed 96K, 15% free 562K/660K, paused 1ms+0ms, total 3ms
D/AndroidRuntime( 6122): 
D/AndroidRuntime( 6122): >>>>>> AndroidRuntime START com.android.internal.os.RuntimeInit <<<<<<
D/AndroidRuntime( 6122): CheckJNI is OFF
D/dalvikvm( 6122): Trying to load lib libjavacore.so 0x0
D/dalvikvm( 6122): Added shared lib libjavacore.so 0x0
D/dalvikvm( 6122): Trying to load lib libnativehelper.so 0x0
D/dalvikvm( 6122): Added shared lib libnativehelper.so 0x0
D/dalvikvm( 6122): No JNI_OnLoad found in libnativehelper.so 0x0, skipping init
D/dalvikvm( 6122): Note: class Landroid/app/ActivityManagerNative; has 179 unimplemented (abstract) methods
D/AndroidRuntime( 6122): Calling main entry com.android.commands.settings.SettingsCmd
D/AndroidRuntime( 6122): Shutting down VM
D/dalvikvm( 6122): GC_CONCURRENT freed 96K, 15% free 562K/660K, paused 1ms+0ms, total 3ms
D/AndroidRuntime( 6154): 
D/AndroidRuntime( 6154): >>>>>> AndroidRuntime START com.android.internal.os.RuntimeInit <<<<<<
D/AndroidRuntime( 6154): CheckJNI is OFF
D/dalvikvm( 6154): Trying to load lib libjavacore.so 0x0
D/dalvikvm( 6154): Added shared lib libjavacore.so 0x0
D/dalvikvm( 6154): Trying to load lib libnativehelper.so 0x0
D/dalvikvm( 6154): Added shared lib libnativehelper.so 0x0
D/dalvikvm( 6154): No JNI_OnLoad found in libnativehelper.so 0x0, skipping init
D/dalvikvm( 6154): Note: class Landroid/app/ActivityManagerNative; has 179 unimplemented (abstract) methods
D/AndroidRuntime( 6154): Calling main entry com.android.commands.pm.Pm
D/AndroidRuntime( 6154): Shutting down VM
D/dalvikvm( 6154): GC_CONCURRENT freed 249K, 31% free 567K/820K, paused 0ms+0ms, total 3ms
D/AndroidRuntime( 6229): 
D/AndroidRuntime( 6229): >>>>>> AndroidRuntime START com.android.internal.os.RuntimeInit <<<<<<
D/AndroidRuntime( 6229): CheckJNI is OFF
D/dalvikvm( 6229): Trying to load lib libjavacore.so 0x0
D/dalvikvm( 6229): Added shared lib libjavacore.so 0x0
D/dalvikvm( 6229): Trying to load lib libnativehelper.so 0x0
D/dalvikvm( 6229): Added shared lib libnativehelper.so 0x0
D/dalvikvm( 6229): No JNI_OnLoad found in libnativehelper.so 0x0, skipping init
D/dalvikvm( 6229): Note: class Landroid/app/ActivityManagerNative; has 179 unimplemented (abstract) methods
D/AndroidRuntime( 6229): Calling main entry com.android.commands.pm.Pm
D/AndroidRuntime( 6229): Shutting down VM
D/dalvikvm( 6229): GC_CONCURRENT freed 249K, 31% free 567K/820K, paused 1ms+1ms, total 3ms
D/AndroidRuntime( 6318): 
D/AndroidRuntime( 6318): >>>>>> AndroidRuntime START com.android.internal.os.RuntimeInit <<<<<<
D/AndroidRuntime( 6318): CheckJNI is OFF
D/dalvikvm( 6318): Trying to load lib libjavacore.so 0x0
D/dalvikvm( 6318): Added shared lib libjavacore.so 0x0
D/dalvikvm( 6318): Trying to load lib libnativehelper.so 0x0
D/dalvikvm( 6318): Added shared lib libnativehelper.so 0x0
D/dalvikvm( 6318): No JNI_OnLoad found in libnativehelper.so 0x0, skipping init
D/dalvikvm( 6318): Note: class Landroid/app/ActivityManagerNative; has 179 unimplemented (abstract) methods
D/AndroidRuntime( 6318): Calling main entry com.android.commands.am.Am
D/AndroidRuntime( 6318): Shutting down VM
D/dalvikvm( 6318): GC_CONCURRENT freed 92K, 15% free 553K/648K, paused 0ms+0ms, total 2ms
I/AndroidRuntime( 6318): NOTE: attach of thread 'Binder_1' failed
W/ActivityManager(  572): Invalid packageName: com.careerbuilder.SugarDrone.test
D/AndroidRuntime( 6350): 
D/AndroidRuntime( 6350): >>>>>> AndroidRuntime START com.android.internal.os.RuntimeInit <<<<<<
D/AndroidRuntime( 6350): CheckJNI is OFF
D/dalvikvm( 6350): Trying to load lib libjavacore.so 0x0
D/dalvikvm( 6350): Added shared lib libjavacore.so 0x0
D/dalvikvm( 6350): Trying to load lib libnativehelper.so 0x0
D/dalvikvm( 6350): Added shared lib libnativehelper.so 0x0
D/dalvikvm( 6350): No JNI_OnLoad found in libnativehelper.so 0x0, skipping init
D/dalvikvm( 6350): Note: class Landroid/app/ActivityManagerNative; has 179 unimplemented (abstract) methods
D/AndroidRuntime( 6350): Calling main entry com.android.commands.pm.Pm
W/ActivityManager(  572): No content provider found for permission revoke: file:///data/local/tmp/0000002218
W/ActivityManager(  572): No content provider found for permission revoke: file:///data/local/tmp/0000002218
I/PackageManager(  572): Copying native libraries to /data/app-lib/vmdl-1793645245
D/dalvikvm(  572): GC_CONCURRENT freed 4302K, 19% free 19580K/23928K, paused 4ms+5ms, total 75ms
I/PackageManager(  572): Running dexopt on: com.careerbuilder.SugarDrone.test
D/dalvikvm( 6380): DexOpt: load 70ms, verify+opt 523ms, 1565836 bytes
I/ActivityManager(  572): Force stopping com.careerbuilder.SugarDrone.test appid=16763 user=-1: update pkg
I/InputReader(  572): Reconfiguring input devices.  changes=0x00000010
I/ActivityManager(  572): Delay finish: com.android.musicfx/.Compatibility$Receiver
I/ActivityManager(  572): Resuming delayed broadcast
I/Icing.InternalIcingCorporaProvider( 1369): Updating corpora: A: com.careerbuilder.SugarDrone.test, C: MAYBE
I/ActivityManager(  572): Delay finish: com.google.android.googlequicksearchbox/com.google.android.search.core.summons.icing.InternalIcingCorporaProvider$CorporaChangedReceiver
D/BackupManagerService(  572): Received broadcast Intent { act=android.intent.action.PACKAGE_ADDED dat=package:com.careerbuilder.SugarDrone.test flg=0x4000010 (has extras) }
V/BackupManagerService(  572): addPackageParticipantsLocked: #1
I/ActivityManager(  572): Resuming delayed broadcast
I/Icing.InternalIcingCorporaProvider( 1369): UpdateCorporaTask done [took 46 ms] updated apps [took 46 ms] 
D/dalvikvm(  572): GC_EXPLICIT freed 802K, 19% free 19610K/23928K, paused 4ms+8ms, total 172ms
D/AndroidRuntime( 6350): Shutting down VM
D/dalvikvm( 6350): GC_CONCURRENT freed 95K, 15% free 561K/660K, paused 1ms+1ms, total 3ms
D/Wear_Controller( 1016): Received broadcast action=android.intent.action.PACKAGE_ADDED and uri=com.careerbuilder.SugarDrone.test
I/PeopleContactsSync( 1016): triggerPendingContactsCleanup: no accounts
W/IcingInternalCorpora( 1016): getNumBytesRead when not calculated.
I/Icing   ( 1016): Usage reports 0 indexed 0 rejected 0 imm upload false
I/Icing   ( 1016): Usage reports 0 indexed 0 rejected 0 imm upload false
D/dalvikvm( 1016): GC_CONCURRENT freed 871K, 10% free 12565K/13960K, paused 3ms+4ms, total 53ms
D/dalvikvm( 1016): WAIT_FOR_CONCURRENT_GC blocked 14ms
D/dalvikvm(  785): GC_CONCURRENT freed 887K, 9% free 11891K/12996K, paused 3ms+11ms, total 76ms
D/AndroidRuntime( 6432): 
D/AndroidRuntime( 6432): >>>>>> AndroidRuntime START com.android.internal.os.RuntimeInit <<<<<<
D/AndroidRuntime( 6432): CheckJNI is OFF
D/dalvikvm( 6432): Trying to load lib libjavacore.so 0x0
D/dalvikvm( 6432): Added shared lib libjavacore.so 0x0
D/dalvikvm( 6432): Trying to load lib libnativehelper.so 0x0
D/dalvikvm( 6432): Added shared lib libnativehelper.so 0x0
D/dalvikvm( 6432): No JNI_OnLoad found in libnativehelper.so 0x0, skipping init
D/dalvikvm( 6432): Note: class Landroid/app/ActivityManagerNative; has 179 unimplemented (abstract) methods
D/AndroidRuntime( 6432): Calling main entry com.android.commands.settings.SettingsCmd
D/AndroidRuntime( 6432): Shutting down VM
D/dalvikvm( 6432): GC_CONCURRENT freed 96K, 16% free 562K/664K, paused 0ms+0ms, total 2ms
I/Icing   ( 1016): Indexing 20DD4C980DC9932934B14C611F3A585B39FE1847 from com.google.android.gms
I/Icing   ( 1016): Indexing done 20DD4C980DC9932934B14C611F3A585B39FE1847
D/AndroidRuntime( 6464): 
D/AndroidRuntime( 6464): >>>>>> AndroidRuntime START com.android.internal.os.RuntimeInit <<<<<<
D/AndroidRuntime( 6464): CheckJNI is OFF
D/dalvikvm( 6464): Trying to load lib libjavacore.so 0x0
D/dalvikvm( 6464): Added shared lib libjavacore.so 0x0
D/dalvikvm( 6464): Trying to load lib libnativehelper.so 0x0
D/dalvikvm( 6464): Added shared lib libnativehelper.so 0x0
D/dalvikvm( 6464): No JNI_OnLoad found in libnativehelper.so 0x0, skipping init
D/dalvikvm( 6464): Note: class Landroid/app/ActivityManagerNative; has 179 unimplemented (abstract) methods
D/AndroidRuntime( 6464): Calling main entry com.android.commands.settings.SettingsCmd
D/AndroidRuntime( 6464): Shutting down VM
D/dalvikvm( 6464): GC_CONCURRENT freed 96K, 15% free 562K/660K, paused 0ms+0ms, total 3ms
D/AndroidRuntime( 6495): 
D/AndroidRuntime( 6495): >>>>>> AndroidRuntime START com.android.internal.os.RuntimeInit <<<<<<
D/AndroidRuntime( 6495): CheckJNI is OFF
D/dalvikvm( 6495): Trying to load lib libjavacore.so 0x0
D/dalvikvm( 6495): Added shared lib libjavacore.so 0x0
D/dalvikvm( 6495): Trying to load lib libnativehelper.so 0x0
D/dalvikvm( 6495): Added shared lib libnativehelper.so 0x0
D/dalvikvm( 6495): No JNI_OnLoad found in libnativehelper.so 0x0, skipping init
D/dalvikvm( 6495): Note: class Landroid/app/ActivityManagerNative; has 179 unimplemented (abstract) methods
D/AndroidRuntime( 6495): Calling main entry com.android.commands.settings.SettingsCmd
D/AndroidRuntime( 6495): Shutting down VM
D/dalvikvm( 6495): GC_CONCURRENT freed 96K, 16% free 562K/664K, paused 0ms+0ms, total 2ms
D/AndroidRuntime( 6523): 
D/AndroidRuntime( 6523): >>>>>> AndroidRuntime START com.android.internal.os.RuntimeInit <<<<<<
D/AndroidRuntime( 6523): CheckJNI is OFF
D/dalvikvm( 6523): Trying to load lib libjavacore.so 0x0
D/dalvikvm( 6523): Added shared lib libjavacore.so 0x0
D/dalvikvm( 6523): Trying to load lib libnativehelper.so 0x0
D/dalvikvm( 6523): Added shared lib libnativehelper.so 0x0
D/dalvikvm( 6523): No JNI_OnLoad found in libnativehelper.so 0x0, skipping init
D/dalvikvm( 6523): Note: class Landroid/app/ActivityManagerNative; has 179 unimplemented (abstract) methods
D/AndroidRuntime( 6523): Calling main entry com.android.commands.settings.SettingsCmd
D/AndroidRuntime( 6523): Shutting down VM
D/dalvikvm( 6523): GC_CONCURRENT freed 96K, 15% free 562K/660K, paused 0ms+1ms, total 2ms
D/AndroidRuntime( 6554): 
D/AndroidRuntime( 6554): >>>>>> AndroidRuntime START com.android.internal.os.RuntimeInit <<<<<<
D/AndroidRuntime( 6554): CheckJNI is OFF
D/dalvikvm( 6554): Trying to load lib libjavacore.so 0x0
D/dalvikvm( 6554): Added shared lib libjavacore.so 0x0
D/dalvikvm( 6554): Trying to load lib libnativehelper.so 0x0
D/dalvikvm( 6554): Added shared lib libnativehelper.so 0x0
D/dalvikvm( 6554): No JNI_OnLoad found in libnativehelper.so 0x0, skipping init
D/dalvikvm( 6554): Note: class Landroid/app/ActivityManagerNative; has 179 unimplemented (abstract) methods
D/AndroidRuntime( 6554): Calling main entry com.android.commands.settings.SettingsCmd
D/AndroidRuntime( 6554): Shutting down VM
D/dalvikvm( 6554): GC_CONCURRENT freed 96K, 15% free 562K/660K, paused 1ms+0ms, total 3ms
D/AndroidRuntime( 6581): 
D/AndroidRuntime( 6581): >>>>>> AndroidRuntime START com.android.internal.os.RuntimeInit <<<<<<
D/AndroidRuntime( 6581): CheckJNI is OFF
D/dalvikvm( 6581): Trying to load lib libjavacore.so 0x0
D/dalvikvm( 6581): Added shared lib libjavacore.so 0x0
D/dalvikvm( 6581): Trying to load lib libnativehelper.so 0x0
D/dalvikvm( 6581): Added shared lib libnativehelper.so 0x0
D/dalvikvm( 6581): No JNI_OnLoad found in libnativehelper.so 0x0, skipping init
D/dalvikvm( 6581): Note: class Landroid/app/ActivityManagerNative; has 179 unimplemented (abstract) methods
D/AndroidRuntime( 6581): Calling main entry com.android.commands.settings.SettingsCmd
D/AndroidRuntime( 6581): Shutting down VM
D/dalvikvm( 6581): GC_CONCURRENT freed 96K, 15% free 562K/660K, paused 0ms+0ms, total 3ms
D/AndroidRuntime( 6607): 
D/AndroidRuntime( 6607): >>>>>> AndroidRuntime START com.android.internal.os.RuntimeInit <<<<<<
D/AndroidRuntime( 6607): CheckJNI is OFF
D/dalvikvm( 6607): Trying to load lib libjavacore.so 0x0
D/dalvikvm( 6607): Added shared lib libjavacore.so 0x0
D/dalvikvm( 6607): Trying to load lib libnativehelper.so 0x0
D/dalvikvm( 6607): Added shared lib libnativehelper.so 0x0
D/dalvikvm( 6607): No JNI_OnLoad found in libnativehelper.so 0x0, skipping init
D/dalvikvm( 6607): Note: class Landroid/app/ActivityManagerNative; has 179 unimplemented (abstract) methods
D/AndroidRuntime( 6607): Calling main entry com.android.commands.pm.Pm
D/AndroidRuntime( 6607): Shutting down VM
D/dalvikvm( 6607): GC_CONCURRENT freed 251K, 31% free 567K/820K, paused 0ms+0ms, total 3ms
D/dalvikvm(  572): GC_CONCURRENT freed 2642K, 18% free 19655K/23912K, paused 3ms+8ms, total 109ms
D/AndroidRuntime( 6682): 
D/AndroidRuntime( 6682): >>>>>> AndroidRuntime START com.android.internal.os.RuntimeInit <<<<<<
D/AndroidRuntime( 6682): CheckJNI is OFF
D/dalvikvm( 6682): Trying to load lib libjavacore.so 0x0
D/dalvikvm( 6682): Added shared lib libjavacore.so 0x0
D/dalvikvm( 6682): Trying to load lib libnativehelper.so 0x0
D/dalvikvm( 6682): Added shared lib libnativehelper.so 0x0
D/dalvikvm( 6682): No JNI_OnLoad found in libnativehelper.so 0x0, skipping init
D/dalvikvm( 6682): Note: class Landroid/app/ActivityManagerNative; has 179 unimplemented (abstract) methods
D/AndroidRuntime( 6682): Calling main entry com.android.commands.pm.Pm
D/AndroidRuntime( 6682): Shutting down VM
D/dalvikvm( 6682): GC_CONCURRENT freed 251K, 31% free 567K/820K, paused 0ms+0ms, total 3ms
D/AndroidRuntime( 6772): 
D/AndroidRuntime( 6772): >>>>>> AndroidRuntime START com.android.internal.os.RuntimeInit <<<<<<
D/AndroidRuntime( 6772): CheckJNI is OFF
D/dalvikvm( 6772): Trying to load lib libjavacore.so 0x0
D/dalvikvm( 6772): Added shared lib libjavacore.so 0x0
D/dalvikvm( 6772): Trying to load lib libnativehelper.so 0x0
D/dalvikvm( 6772): Added shared lib libnativehelper.so 0x0
D/dalvikvm( 6772): No JNI_OnLoad found in libnativehelper.so 0x0, skipping init
D/dalvikvm( 6772): Note: class Landroid/app/ActivityManagerNative; has 179 unimplemented (abstract) methods
D/AndroidRuntime( 6772): Calling main entry com.android.commands.input.Input
I/Input   ( 6772): injectKeyEvent: KeyEvent { action=ACTION_DOWN, keyCode=KEYCODE_BACK, scanCode=0, metaState=0, flags=0x0, repeatCount=0, eventTime=264535, downTime=264535, deviceId=-1, source=0x101 }
I/Input   ( 6772): injectKeyEvent: KeyEvent { action=ACTION_UP, keyCode=KEYCODE_BACK, scanCode=0, metaState=0, flags=0x0, repeatCount=0, eventTime=264535, downTime=264535, deviceId=-1, source=0x101 }
D/AndroidRuntime( 6772): Shutting down VM
D/dalvikvm( 6772): GC_CONCURRENT freed 98K, 16% free 563K/664K, paused 1ms+0ms, total 3ms
D/AndroidRuntime( 6843): 
D/AndroidRuntime( 6843): >>>>>> AndroidRuntime START com.android.internal.os.RuntimeInit <<<<<<
D/AndroidRuntime( 6843): CheckJNI is OFF
D/dalvikvm( 6843): Trying to load lib libjavacore.so 0x0
D/dalvikvm( 6843): Added shared lib libjavacore.so 0x0
D/dalvikvm( 6843): Trying to load lib libnativehelper.so 0x0
D/dalvikvm( 6843): Added shared lib libnativehelper.so 0x0
D/dalvikvm( 6843): No JNI_OnLoad found in libnativehelper.so 0x0, skipping init
D/dalvikvm( 6843): Note: class Landroid/app/ActivityManagerNative; has 179 unimplemented (abstract) methods
D/AndroidRuntime( 6843): Calling main entry com.android.commands.input.Input
I/Input   ( 6843): injectKeyEvent: KeyEvent { action=ACTION_DOWN, keyCode=KEYCODE_HOME, scanCode=0, metaState=0, flags=0x0, repeatCount=0, eventTime=266327, downTime=266327, deviceId=-1, source=0x101 }
I/Input   ( 6843): injectKeyEvent: KeyEvent { action=ACTION_UP, keyCode=KEYCODE_HOME, scanCode=0, metaState=0, flags=0x0, repeatCount=0, eventTime=266327, downTime=266327, deviceId=-1, source=0x101 }
D/AndroidRuntime( 6843): Shutting down VM
D/dalvikvm( 6843): GC_CONCURRENT freed 98K, 16% free 563K/664K, paused 1ms+0ms, total 3ms
I/ActivityManager(  572): START u0 {act=android.intent.action.MAIN cat=[android.intent.category.HOME] flg=0x10200000 cmp=com.android.launcher/com.android.launcher2.Launcher} from pid 572
D/AndroidRuntime( 6884): 
D/AndroidRuntime( 6884): >>>>>> AndroidRuntime START com.android.internal.os.RuntimeInit <<<<<<
D/AndroidRuntime( 6884): CheckJNI is OFF
D/dalvikvm( 6884): Trying to load lib libjavacore.so 0x0
D/dalvikvm( 6884): Added shared lib libjavacore.so 0x0
D/dalvikvm( 6884): Trying to load lib libnativehelper.so 0x0
D/dalvikvm( 6884): Added shared lib libnativehelper.so 0x0
D/dalvikvm( 6884): No JNI_OnLoad found in libnativehelper.so 0x0, skipping init
D/dalvikvm( 6884): Note: class Landroid/app/ActivityManagerNative; has 179 unimplemented (abstract) methods
D/AndroidRuntime( 6884): Calling main entry com.android.commands.input.Input
I/Input   ( 6884): injectKeyEvent: KeyEvent { action=ACTION_DOWN, keyCode=KEYCODE_BACK, scanCode=0, metaState=0, flags=0x0, repeatCount=0, eventTime=267688, downTime=267688, deviceId=-1, source=0x101 }
I/Input   ( 6884): injectKeyEvent: KeyEvent { action=ACTION_UP, keyCode=KEYCODE_BACK, scanCode=0, metaState=0, flags=0x0, repeatCount=0, eventTime=267688, downTime=267688, deviceId=-1, source=0x101 }
D/AndroidRuntime( 6884): Shutting down VM
D/dalvikvm( 6884): GC_CONCURRENT freed 98K, 16% free 563K/664K, paused 0ms+0ms, total 2ms
D/dalvikvm( 1337): GC_CONCURRENT freed 447K, 5% free 9576K/10060K, paused 3ms+1ms, total 20ms
D/Finsky  ( 1337): [1] 5.onFinished: Installation state replication succeeded.
D/AndroidRuntime( 6941): 
D/AndroidRuntime( 6941): >>>>>> AndroidRuntime START com.android.internal.os.RuntimeInit <<<<<<
D/AndroidRuntime( 6941): CheckJNI is OFF
D/dalvikvm( 6941): Trying to load lib libjavacore.so 0x0
D/dalvikvm( 6941): Added shared lib libjavacore.so 0x0
D/dalvikvm( 6941): Trying to load lib libnativehelper.so 0x0
D/dalvikvm( 6941): Added shared lib libnativehelper.so 0x0
D/dalvikvm( 6941): No JNI_OnLoad found in libnativehelper.so 0x0, skipping init
D/dalvikvm( 6941): Note: class Landroid/app/ActivityManagerNative; has 179 unimplemented (abstract) methods
D/AndroidRuntime( 6941): Calling main entry com.android.commands.am.Am
I/ActivityManager(  572): Force stopping com.careerbuilder.SugarDrone appid=16762 user=0: start instr
D/dalvikvm( 6964): Late-enabling CheckJNI
I/ActivityManager(  572): Start proc com.careerbuilder.SugarDrone for added application com.careerbuilder.SugarDrone: pid=6964 uid=16762 gids={56762, 3003, 1028, 1015}
I/dalvikvm( 6964): Could not find method android.app.Instrumentation.execStartActivity, referenced from method sh.calaba.exposed.InstrumentationExposed.execStartActivity
W/dalvikvm( 6964): VFY: unable to resolve virtual method 38: Landroid/app/Instrumentation;.execStartActivity (Landroid/content/Context;Landroid/os/IBinder;Landroid/os/IBinder;Landroid/app/Activity;Landroid/content/Intent;I)Landroid/app/Instrumentation$ActivityResult;
D/dalvikvm( 6964): VFY: replacing opcode 0x75 at 0x0000
I/dalvikvm( 6964): Could not find method android.app.Instrumentation.execStartActivity, referenced from method sh.calaba.exposed.InstrumentationExposed.execStartActivity
W/dalvikvm( 6964): VFY: unable to resolve virtual method 41: Landroid/app/Instrumentation;.execStartActivity (Landroid/content/Context;Landroid/os/IBinder;Landroid/os/IBinder;Landroid/app/Fragment;Landroid/content/Intent;I)Landroid/app/Instrumentation$ActivityResult;
D/dalvikvm( 6964): VFY: replacing opcode 0x75 at 0x0000
I/dalvikvm( 6964): Could not find method android.app.Instrumentation.execStartActivityAsCaller, referenced from method sh.calaba.exposed.InstrumentationExposed.execStartActivityAsCaller
W/dalvikvm( 6964): VFY: unable to resolve virtual method 43: Landroid/app/Instrumentation;.execStartActivityAsCaller (Landroid/content/Context;Landroid/os/IBinder;Landroid/os/IBinder;Landroid/app/Activity;Landroid/content/Intent;ILandroid/os/Bundle;I)Landroid/app/Instrumentation$ActivityResult;
D/dalvikvm( 6964): VFY: replacing opcode 0x75 at 0x0000
D/dalvikvm( 6964): Trying to load lib /data/app-lib/com.careerbuilder.SugarDrone-1/libmonodroid.so 0x41efabd8
D/dalvikvm( 6964): Added shared lib /data/app-lib/com.careerbuilder.SugarDrone-1/libmonodroid.so 0x41efabd8
W/monodroid( 6964): Using override path: /data/data/com.careerbuilder.SugarDrone/files/.__override__
W/monodroid( 6964): Trying to load sgen from: /data/data/com.careerbuilder.SugarDrone/files/.__override__/libmonosgen-2.0.so
W/monodroid( 6964): Trying to load sgen from: /storage/emulated/0/Android/data/com.careerbuilder.SugarDrone/files/.__override__/libmonosgen-2.0.so
W/monodroid( 6964): Trying to load sgen from: /data/app-lib/com.careerbuilder.SugarDrone-1/libmonosgen-2.0.so
D/Mono    ( 6964): Image addref mscorlib[0x7531e010] -> mscorlib.dll[0x7531d358]: 2
D/Mono    ( 6964): Prepared to set up assembly 'mscorlib' (mscorlib.dll)
D/Mono    ( 6964): AOT module 'mscorlib.dll.so' not found: dlopen failed: library "/data/app-lib/com.careerbuilder.SugarDrone-1/libaot-mscorlib.dll.so" not found
D/Mono    ( 6964): AOT module '/Users/builder/data/lanes/4009/3a62f1ea/source/monodroid/builds/install/mono-armv6/lib/mono/aot-cache/arm/mscorlib.dll.so' not found: dlopen failed: library "/data/app-lib/com.careerbuilder.SugarDrone-1/libaot-mscorlib.dll.so" not found
D/Mono    ( 6964): Config attempting to parse: 'mscorlib.dll.config'.
D/Mono    ( 6964): Config attempting to parse: '/Users/builder/data/lanes/4009/3a62f1ea/source/monodroid/builds/install/mono-armv6/etc/mono/assemblies/mscorlib/mscorlib.config'.
D/Mono    ( 6964): Assembly mscorlib[0x7531e010] added to domain RootDomain, ref_count=1
D/Mono    ( 6964): Image addref CareerBuilder_Search.Droid[0x7a3ba018] -> CareerBuilder_Search.Droid.dll[0x7a3b9378]: 2
D/Mono    ( 6964): Prepared to set up assembly 'CareerBuilder_Search.Droid' (CareerBuilder_Search.Droid.dll)
D/Mono    ( 6964): Assembly CareerBuilder_Search.Droid[0x7a3ba018] added to domain RootDomain, ref_count=1
D/Mono    ( 6964): AOT module 'CareerBuilder_Search.Droid.dll.so' not found: dlopen failed: library "/data/app-lib/com.careerbuilder.SugarDrone-1/libaot-CareerBuilder_Search.Droid.dll.so" not found
D/Mono    ( 6964): AOT module '/Users/builder/data/lanes/4009/3a62f1ea/source/monodroid/builds/install/mono-armv6/lib/mono/aot-cache/arm/CareerBuilder_Search.Droid.dll.so' not found: dlopen failed: library "/data/app-lib/com.careerbuilder.SugarDrone-1/libaot-CareerBuilder_Search.Droid.dll.so" not found
D/Mono    ( 6964): Config attempting to parse: 'CareerBuilder_Search.Droid.dll.config'.
D/Mono    ( 6964): Config attempting to parse: '/Users/builder/data/lanes/4009/3a62f1ea/source/monodroid/builds/install/mono-armv6/etc/mono/assemblies/CareerBuilder_Search.Droid/CareerBuilder_Search.Droid.config'.
D/Mono    ( 6964): Image addref AppsFlyerXamarinBindingAndroid[0x7a3bae80] -> AppsFlyerXamarinBindingAndroid.dll[0x7a3ba230]: 2
D/Mono    ( 6964): Prepared to set up assembly 'AppsFlyerXamarinBindingAndroid' (AppsFlyerXamarinBindingAndroid.dll)
D/Mono    ( 6964): Assembly AppsFlyerXamarinBindingAndroid[0x7a3bae80] added to domain RootDomain, ref_count=1
D/Mono    ( 6964): AOT module 'AppsFlyerXamarinBindingAndroid.dll.so' not found: dlopen failed: library "/data/app-lib/com.careerbuilder.SugarDrone-1/libaot-AppsFlyerXamarinBindingAndroid.dll.so" not found
D/Mono    ( 6964): AOT module '/Users/builder/data/lanes/4009/3a62f1ea/source/monodroid/builds/install/mono-armv6/lib/mono/aot-cache/arm/AppsFlyerXamarinBindingAndroid.dll.so' not found: dlopen failed: library "/data/app-lib/com.careerbuilder.SugarDrone-1/libaot-AppsFlyerXamarinBindingAndroid.dll.so" not found
D/Mono    ( 6964): Config attempting to parse: 'AppsFlyerXamarinBindingAndroid.dll.config'.
D/Mono    ( 6964): Config attempting to parse: '/Users/builder/data/lanes/4009/3a62f1ea/source/monodroid/builds/install/mono-armv6/etc/mono/assemblies/AppsFlyerXamarinBindingAndroid/AppsFlyerXamarinBindingAndroid.config'.
D/Mono    ( 6964): Image addref HockeySDK[0x7a3d8bc8] -> HockeySDK.dll[0x7a3d8008]: 2
D/Mono    ( 6964): Prepared to set up assembly 'HockeySDK' (HockeySDK.dll)
D/Mono    ( 6964): Assembly HockeySDK[0x7a3d8bc8] added to domain RootDomain, ref_count=1
D/Mono    ( 6964): AOT module 'HockeySDK.dll.so' not found: dlopen failed: library "/data/app-lib/com.careerbuilder.SugarDrone-1/libaot-HockeySDK.dll.so" not found
D/Mono    ( 6964): AOT module '/Users/builder/data/lanes/4009/3a62f1ea/source/monodroid/builds/install/mono-armv6/lib/mono/aot-cache/arm/HockeySDK.dll.so' not found: dlopen failed: library "/data/app-lib/com.careerbuilder.SugarDrone-1/libaot-HockeySDK.dll.so" not found
D/Mono    ( 6964): Config attempting to parse: 'HockeySDK.dll.config'.
D/Mono    ( 6964): Config attempting to parse: '/Users/builder/data/lanes/4009/3a62f1ea/source/monodroid/builds/install/mono-armv6/etc/mono/assemblies/HockeySDK/HockeySDK.config'.
D/Mono    ( 6964): Image addref Akavache[0x7a3d9950] -> Akavache.dll[0x7a3d8cb0]: 2
D/Mono    ( 6964): Prepared to set up assembly 'Akavache' (Akavache.dll)
D/Mono    ( 6964): Assembly Akavache[0x7a3d9950] added to domain RootDomain, ref_count=1
D/Mono    ( 6964): AOT module 'Akavache.dll.so' not found: dlopen failed: library "/data/app-lib/com.careerbuilder.SugarDrone-1/libaot-Akavache.dll.so" not found
D/Mono    ( 6964): AOT module '/Users/builder/data/lanes/4009/3a62f1ea/source/monodroid/builds/install/mono-armv6/lib/mono/aot-cache/arm/Akavache.dll.so' not found: dlopen failed: library "/data/app-lib/com.careerbuilder.SugarDrone-1/libaot-Akavache.dll.so" not found
D/Mono    ( 6964): Config attempting to parse: 'Akavache.dll.config'.
D/Mono    ( 6964): Config attempting to parse: '/Users/builder/data/lanes/4009/3a62f1ea/source/monodroid/builds/install/mono-armv6/etc/mono/assemblies/Akavache/Akavache.config'.
D/Mono    ( 6964): Image addref Akavache.Sqlite3[0x7a3da6b0] -> Akavache.Sqlite3.dll[0x7a3d9a50]: 2
D/Mono    ( 6964): Prepared to set up assembly 'Akavache.Sqlite3' (Akavache.Sqlite3.dll)
D/Mono    ( 6964): Assembly Akavache.Sqlite3[0x7a3da6b0] added to domain RootDomain, ref_count=1
D/Mono    ( 6964): AOT module 'Akavache.Sqlite3.dll.so' not found: dlopen failed: library "/data/app-lib/com.careerbuilder.SugarDrone-1/libaot-Akavache.Sqlite3.dll.so" not found
D/Mono    ( 6964): AOT module '/Users/builder/data/lanes/4009/3a62f1ea/source/monodroid/builds/install/mono-armv6/lib/mono/aot-cache/arm/Akavache.Sqlite3.dll.so' not found: dlopen failed: library "/data/app-lib/com.careerbuilder.SugarDrone-1/libaot-Akavache.Sqlite3.dll.so" not found
W/        ( 6964): Symbol file LoadedFromMemory doesn't match image Akavache.Sqlite3.dll
D/Mono    ( 6964): Config attempting to parse: 'Akavache.Sqlite3.dll.config'.
D/Mono    ( 6964): Config attempting to parse: '/Users/builder/data/lanes/4009/3a62f1ea/source/monodroid/builds/install/mono-armv6/etc/mono/assemblies/Akavache.Sqlite3/Akavache.Sqlite3.config'.
D/Mono    ( 6964): Image addref Splat[0x7a3db3e0] -> Splat.dll[0x7a3da7a0]: 2
D/Mono    ( 6964): Prepared to set up assembly 'Splat' (Splat.dll)
D/Mono    ( 6964): Assembly Splat[0x7a3db3e0] added to domain RootDomain, ref_count=1
D/Mono    ( 6964): AOT module 'Splat.dll.so' not found: dlopen failed: library "/data/app-lib/com.careerbuilder.SugarDrone-1/libaot-Splat.dll.so" not found
D/Mono    ( 6964): AOT module '/Users/builder/data/lanes/4009/3a62f1ea/source/monodroid/builds/install/mono-armv6/lib/mono/aot-cache/arm/Splat.dll.so' not found: dlopen failed: library "/data/app-lib/com.careerbuilder.SugarDrone-1/libaot-Splat.dll.so" not found
D/Mono    ( 6964): Config attempting to parse: 'Splat.dll.config'.
D/Mono    ( 6964): Config attempting to parse: '/Users/builder/data/lanes/4009/3a62f1ea/source/monodroid/builds/install/mono-armv6/etc/mono/assemblies/Splat/Splat.config'.
D/Mono    ( 6964): Image addref Microsoft.Practices.ServiceLocation[0x7a3df1f8] -> Microsoft.Practices.ServiceLocation.dll[0x7a3de5b8]: 2
D/Mono    ( 6964): Prepared to set up assembly 'Microsoft.Practices.ServiceLocation' (Microsoft.Practices.ServiceLocation.dll)
D/Mono    ( 6964): Assembly Microsoft.Practices.ServiceLocation[0x7a3df1f8] added to domain RootDomain, ref_count=1
D/Mono    ( 6964): AOT module 'Microsoft.Practices.ServiceLocation.dll.so' not found: dlopen failed: library "/data/app-lib/com.careerbuilder.SugarDrone-1/libaot-Microsoft.Practices.ServiceLocation.dll.so" not found
D/Mono    ( 6964): AOT module '/Users/builder/data/lanes/4009/3a62f1ea/source/monodroid/builds/install/mono-armv6/lib/mono/aot-cache/arm/Microsoft.Practices.ServiceLocation.dll.so' not found: dlopen failed: library "/data/app-lib/com.careerbuilder.SugarDrone-1/libaot-Microsoft.Practices.ServiceLocation.dll.so" not found
D/Mono    ( 6964): Config attempting to parse: 'Microsoft.Practices.ServiceLocation.dll.config'.
D/Mono    ( 6964): Config attempting to parse: '/Users/builder/data/lanes/4009/3a62f1ea/source/monodroid/builds/install/mono-armv6/etc/mono/assemblies/Microsoft.Practices.ServiceLocation/Microsoft.Practices.ServiceLocation.config'.
D/Mono    ( 6964): Image addref Microsoft.Practices.Unity[0x7a3e07e0] -> Microsoft.Practices.Unity.dll[0x7a3dfb70]: 2
D/Mono    ( 6964): Prepared to set up assembly 'Microsoft.Practices.Unity' (Microsoft.Practices.Unity.dll)
D/Mono    ( 6964): Assembly Microsoft.Practices.Unity[0x7a3e07e0] added to domain RootDomain, ref_count=1
D/Mono    ( 6964): AOT module 'Microsoft.Practices.Unity.dll.so' not found: dlopen failed: library "/data/app-lib/com.careerbuilder.SugarDrone-1/libaot-Microsoft.Practices.Unity.dll.so" not found
D/Mono    ( 6964): AOT module '/Users/builder/data/lanes/4009/3a62f1ea/source/monodroid/builds/install/mono-armv6/lib/mono/aot-cache/arm/Microsoft.Practices.Unity.dll.so' not found: dlopen failed: library "/data/app-lib/com.careerbuilder.SugarDrone-1/libaot-Microsoft.Practices.Unity.dll.so" not found
D/Mono    ( 6964): Config attempting to parse: 'Microsoft.Practices.Unity.dll.config'.
D/Mono    ( 6964): Config attempting to parse: '/Users/builder/data/lanes/4009/3a62f1ea/source/monodroid/builds/install/mono-armv6/etc/mono/assemblies/Microsoft.Practices.Unity/Microsoft.Practices.Unity.config'.
D/Mono    ( 6964): Image addref Plugin.CurrentActivity[0x7a3e1530] -> Plugin.CurrentActivity.dll[0x7a3e0900]: 2
D/Mono    ( 6964): Prepared to set up assembly 'Plugin.CurrentActivity' (Plugin.CurrentActivity.dll)
D/Mono    ( 6964): Assembly Plugin.CurrentActivity[0x7a3e1530] added to domain RootDomain, ref_count=1
D/Mono    ( 6964): AOT module 'Plugin.CurrentActivity.dll.so' not found: dlopen failed: library "/data/app-lib/com.careerbuilder.SugarDrone-1/libaot-Plugin.CurrentActivity.dll.so" not found
D/Mono    ( 6964): AOT module '/Users/builder/data/lanes/4009/3a62f1ea/source/monodroid/builds/install/mono-armv6/lib/mono/aot-cache/arm/Plugin.CurrentActivity.dll.so' not found: dlopen failed: library "/data/app-lib/com.careerbuilder.SugarDrone-1/libaot-Plugin.CurrentActivity.dll.so" not found
D/Mono    ( 6964): Config attempting to parse: 'Plugin.CurrentActivity.dll.config'.
D/Mono    ( 6964): Config attempting to parse: '/Users/builder/data/lanes/4009/3a62f1ea/source/monodroid/builds/install/mono-armv6/etc/mono/assemblies/Plugin.CurrentActivity/Plugin.CurrentActivity.config'.
D/Mono    ( 6964): Image addref Plugin.Permissions[0x7a3e2280] -> Plugin.Permissions.dll[0x7a3e1660]: 2
D/Mono    ( 6964): Prepared to set up assembly 'Plugin.Permissions' (Plugin.Permissions.dll)
D/Mono    ( 6964): Assembly Plugin.Permissions[0x7a3e2280] added to domain RootDomain, ref_count=1
D/Mono    ( 6964): AOT module 'Plugin.Permissions.dll.so' not found: dlopen failed: library "/data/app-lib/com.careerbuilder.SugarDrone-1/libaot-Plugin.Permissions.dll.so" not found
D/Mono    ( 6964): AOT module '/Users/builder/data/lanes/4009/3a62f1ea/source/monodroid/builds/install/mono-armv6/lib/mono/aot-cache/arm/Plugin.Permissions.dll.so' not found: dlopen failed: library "/data/app-lib/com.careerbuilder.SugarDrone-1/libaot-Plugin.Permissions.dll.so" not found
D/Mono    ( 6964): Config attempting to parse: 'Plugin.Permissions.dll.config'.
D/Mono    ( 6964): Config attempting to parse: '/Users/builder/data/lanes/4009/3a62f1ea/source/monodroid/builds/install/mono-armv6/etc/mono/assemblies/Plugin.Permissions/Plugin.Permissions.config'.
D/Mono    ( 6964): Image addref Plugin.Permissions.Abstractions[0x7a3e39a0] -> Plugin.Permissions.Abstractions.dll[0x7a3e2d40]: 2
D/Mono    ( 6964): Prepared to set up assembly 'Plugin.Permissions.Abstractions' (Plugin.Permissions.Abstractions.dll)
D/Mono    ( 6964): Assembly Plugin.Permissions.Abstractions[0x7a3e39a0] added to domain RootDomain, ref_count=1
D/Mono    ( 6964): AOT module 'Plugin.Permissions.Abstractions.dll.so' not found: dlopen failed: library "/data/app-lib/com.careerbuilder.SugarDrone-1/libaot-Plugin.Permissions.Abstractions.dll.so" not found
D/Mono    ( 6964): AOT module '/Users/builder/data/lanes/4009/3a62f1ea/source/monodroid/builds/install/mono-armv6/lib/mono/aot-cache/arm/Plugin.Permissions.Abstractions.dll.so' not found: dlopen failed: library "/data/app-lib/com.careerbuilder.SugarDrone-1/libaot-Plugin.Permissions.Abstractions.dll.so" not found
D/Mono    ( 6964): Config attempting to parse: 'Plugin.Permissions.Abstractions.dll.config'.
D/Mono    ( 6964): Config attempting to parse: '/Users/builder/data/lanes/4009/3a62f1ea/source/monodroid/builds/install/mono-armv6/etc/mono/assemblies/Plugin.Permissions.Abstractions/Plugin.Permissions.Abstractions.config'.
D/Mono    ( 6964): Image addref Plugin.Geolocator[0x7a3e4850] -> Plugin.Geolocator.dll[0x7a3e3c00]: 2
D/Mono    ( 6964): Prepared to set up assembly 'Plugin.Geolocator' (Plugin.Geolocator.dll)
D/Mono    ( 6964): Assembly Plugin.Geolocator[0x7a3e4850] added to domain RootDomain, ref_count=1
D/Mono    ( 6964): AOT module 'Plugin.Geolocator.dll.so' not found: dlopen failed: library "/data/app-lib/com.careerbuilder.SugarDrone-1/libaot-Plugin.Geolocator.dll.so" not found
D/Mono    ( 6964): AOT module '/Users/builder/data/lanes/4009/3a62f1ea/source/monodroid/builds/install/mono-armv6/lib/mono/aot-cache/arm/Plugin.Geolocator.dll.so' not found: dlopen failed: library "/data/app-lib/com.careerbuilder.SugarDrone-1/libaot-Plugin.Geolocator.dll.so" not found
D/Mono    ( 6964): Config attempting to parse: 'Plugin.Geolocator.dll.config'.
D/Mono    ( 6964): Config attempting to parse: '/Users/builder/data/lanes/4009/3a62f1ea/source/monodroid/builds/install/mono-armv6/etc/mono/assemblies/Plugin.Geolocator/Plugin.Geolocator.config'.
D/Mono    ( 6964): Image addref Plugin.Geolocator.Abstractions[0x7a3e67e8] -> Plugin.Geolocator.Abstractions.dll[0x7a3e5bd0]: 2
D/Mono    ( 6964): Prepared to set up assembly 'Plugin.Geolocator.Abstractions' (Plugin.Geolocator.Abstractions.dll)
D/Mono    ( 6964): Assembly Plugin.Geolocator.Abstractions[0x7a3e67e8] added to domain RootDomain, ref_count=1
D/Mono    ( 6964): AOT module 'Plugin.Geolocator.Abstractions.dll.so' not found: dlopen failed: library "/data/app-lib/com.careerbuilder.SugarDrone-1/libaot-Plugin.Geolocator.Abstractions.dll.so" not found
D/Mono    ( 6964): AOT module '/Users/builder/data/lanes/4009/3a62f1ea/source/monodroid/builds/install/mono-armv6/lib/mono/aot-cache/arm/Plugin.Geolocator.Abstractions.dll.so' not found: dlopen failed: library "/data/app-lib/com.careerbuilder.SugarDrone-1/libaot-Plugin.Geolocator.Abstractions.dll.so" not found
D/Mono    ( 6964): Config attempting to parse: 'Plugin.Geolocator.Abstractions.dll.config'.
D/Mono    ( 6964): Config attempting to parse: '/Users/builder/data/lanes/4009/3a62f1ea/source/monodroid/builds/install/mono-armv6/etc/mono/assemblies/Plugin.Geolocator.Abstractions/Plugin.Geolocator.Abstractions.config'.
D/Mono    ( 6964): Image addref Plugin.DeviceInfo[0x7a3e7b60] -> Plugin.DeviceInfo.dll[0x7a3e6f00]: 2
D/Mono    ( 6964): Prepared to set up assembly 'Plugin.DeviceInfo' (Plugin.DeviceInfo.dll)
D/Mono    ( 6964): Assembly Plugin.DeviceInfo[0x7a3e7b60] added to domain RootDomain, ref_count=1
D/Mono    ( 6964): AOT module 'Plugin.DeviceInfo.dll.so' not found: dlopen failed: library "/data/app-lib/com.careerbuilder.SugarDrone-1/libaot-Plugin.DeviceInfo.dll.so" not found
D/Mono    ( 6964): AOT module '/Users/builder/data/lanes/4009/3a62f1ea/source/monodroid/builds/install/mono-armv6/lib/mono/aot-cache/arm/Plugin.DeviceInfo.dll.so' not found: dlopen failed: library "/data/app-lib/com.careerbuilder.SugarDrone-1/libaot-Plugin.DeviceInfo.dll.so" not found
D/Mono    ( 6964): Config attempting to parse: 'Plugin.DeviceInfo.dll.config'.
D/Mono    ( 6964): Config attempting to parse: '/Users/builder/data/lanes/4009/3a62f1ea/source/monodroid/builds/install/mono-armv6/etc/mono/assemblies/Plugin.DeviceInfo/Plugin.DeviceInfo.config'.
D/Mono    ( 6964): Image addref Plugin.DeviceInfo.Abstractions[0x7a3e8d50] -> Plugin.DeviceInfo.Abstractions.dll[0x7a3e80e0]: 2
D/Mono    ( 6964): Prepared to set up assembly 'Plugin.DeviceInfo.Abstractions' (Plugin.DeviceInfo.Abstractions.dll)
D/Mono    ( 6964): Assembly Plugin.DeviceInfo.Abstractions[0x7a3e8d50] added to domain RootDomain, ref_count=1
D/Mono    ( 6964): AOT module 'Plugin.DeviceInfo.Abstractions.dll.so' not found: dlopen failed: library "/data/app-lib/com.careerbuilder.SugarDrone-1/libaot-Plugin.DeviceInfo.Abstractions.dll.so" not found
D/Mono    ( 6964): AOT module '/Users/builder/data/lanes/4009/3a62f1ea/source/monodroid/builds/install/mono-armv6/lib/mono/aot-cache/arm/Plugin.DeviceInfo.Abstractions.dll.so' not found: dlopen failed: library "/data/app-lib/com.careerbuilder.SugarDrone-1/libaot-Plugin.DeviceInfo.Abstractions.dll.so" not found
D/Mono    ( 6964): Config attempting to parse: 'Plugin.DeviceInfo.Abstractions.dll.config'.
D/Mono    ( 6964): Config attempting to parse: '/Users/builder/data/lanes/4009/3a62f1ea/source/monodroid/builds/install/mono-armv6/etc/mono/assemblies/Plugin.DeviceInfo.Abstractions/Plugin.DeviceInfo.Abstractions.config'.
D/Mono    ( 6964): Image addref Xamarin.GooglePlayServices.Analytics[0x7a3e9c38] -> Xamarin.GooglePlayServices.Analytics.dll[0x7a3e9028]: 2
D/Mono    ( 6964): Prepared to set up assembly 'Xamarin.GooglePlayServices.Analytics' (Xamarin.GooglePlayServices.Analytics.dll)
D/Mono    ( 6964): Assembly Xamarin.GooglePlayServices.Analytics[0x7a3e9c38] added to domain RootDomain, ref_count=1
D/Mono    ( 6964): AOT module 'Xamarin.GooglePlayServices.Analytics.dll.so' not found: dlopen failed: library "/data/app-lib/com.careerbuilder.SugarDrone-1/libaot-Xamarin.GooglePlayServices.Analytics.dll.so" not found
D/Mono    ( 6964): AOT module '/Users/builder/data/lanes/4009/3a62f1ea/source/monodroid/builds/install/mono-armv6/lib/mono/aot-cache/arm/Xamarin.GooglePlayServices.Analytics.dll.so' not found: dlopen failed: library "/data/app-lib/com.careerbuilder.SugarDrone-1/libaot-Xamarin.GooglePlayServices.Analytics.dll.so" not found
