W/ResourceType( 6938): No known package when getting name for resource number 0xffffffff
W/ResourceType( 6938): No known package when getting name for resource number 0xffffffff
W/ResourceType( 6938): No known package when getting name for resource number 0xffffffff
W/ResourceType( 6938): No known package when getting name for resource number 0xffffffff
W/ResourceType( 6938): No known package when getting name for resource number 0xffffffff
W/ResourceType( 6938): No known package when getting name for resource number 0xffffffff
W/ResourceType( 6938): No known package when getting name for resource number 0xffffffff
W/ResourceType( 6938): No known package when getting name for resource number 0xffffffff
W/ResourceType( 6938): No known package when getting name for resource number 0xffffffff
W/ResourceType( 6938): No known package when getting name for resource number 0xffffffff
W/ResourceType( 6938): No known package when getting name for resource number 0xffffffff
W/ResourceType( 6938): No known package when getting name for resource number 0xffffffff
W/ResourceType( 6938): No known package when getting name for resource number 0xffffffff
W/ResourceType( 6938): No known package when getting name for resource number 0xffffffff
W/ResourceType( 6938): No known package when getting name for resource number 0xffffffff
W/ResourceType( 6938): No known package when getting name for resource number 0xffffffff
W/ResourceType( 6938): No known package when getting name for resource number 0xffffffff
W/ResourceType( 6938): No known package when getting name for resource number 0xffffffff
W/ResourceType( 6938): No known package when getting name for resource number 0xffffffff
W/ResourceType( 6938): No known package when getting name for resource number 0xffffffff
W/ResourceType( 6938): No known package when getting name for resource number 0xffffffff
W/ResourceType( 6938): No known package when getting name for resource number 0xffffffff
W/ResourceType( 6938): No known package when getting name for resource number 0xffffffff
W/ResourceType( 6938): No known package when getting name for resource number 0xffffffff
W/ResourceType( 6938): No known package when getting name for resource number 0xffffffff
W/ResourceType( 6938): No known package when getting name for resource number 0xffffffff
W/ResourceType( 6938): No known package when getting name for resource number 0xffffffff
W/ResourceType( 6938): No known package when getting name for resource number 0xffffffff
W/ResourceType( 6938): No known package when getting name for resource number 0xffffffff
W/ResourceType( 6938): No known package when getting name for resource number 0xffffffff
W/ResourceType( 6938): No known package when getting name for resource number 0xffffffff
W/ResourceType( 6938): No known package when getting name for resource number 0xffffffff
W/ResourceType( 6938): No known package when getting name for resource number 0xffffffff
W/ResourceType( 6938): No known package when getting name for resource number 0xffffffff
W/ResourceType( 6938): No known package when getting name for resource number 0xffffffff
W/ResourceType( 6938): No known package when getting name for resource number 0xffffffff
W/ResourceType( 6938): No known package when getting name for resource number 0xffffffff
W/ResourceType( 6938): No known package when getting name for resource number 0xffffffff
D/dalvikvm( 6938): GC_CONCURRENT freed 2750K, 15% free 16769K/19552K, paused 3ms+3ms, total 46ms
I/System.out( 6938): URI: /map
I/System.out( 6938): params: {json={"query":"* marked:'mapButton'","operation":{"method_name":"query","arguments":[]}}
I/System.out( 6938): }
W/ResourceType( 6938): No known package when getting name for resource number 0xffffffff
W/ResourceType( 6938): No known package when getting name for resource number 0xffffffff
W/ResourceType( 6938): No known package when getting name for resource number 0xffffffff
W/ResourceType( 6938): No known package when getting name for resource number 0xffffffff
W/ResourceType( 6938): No known package when getting name for resource number 0xffffffff
W/ResourceType( 6938): No known package when getting name for resource number 0xffffffff
W/ResourceType( 6938): No known package when getting name for resource number 0xffffffff
W/ResourceType( 6938): No known package when getting name for resource number 0xffffffff
W/ResourceType( 6938): No known package when getting name for resource number 0xffffffff
W/ResourceType( 6938): No known package when getting name for resource number 0xffffffff
W/ResourceType( 6938): No known package when getting name for resource number 0xffffffff
W/ResourceType( 6938): No known package when getting name for resource number 0xffffffff
W/ResourceType( 6938): No known package when getting name for resource number 0xffffffff
W/ResourceType( 6938): No known package when getting name for resource number 0xffffffff
W/ResourceType( 6938): No known package when getting name for resource number 0xffffffff
W/ResourceType( 6938): No known package when getting name for resource number 0xffffffff
W/ResourceType( 6938): No known package when getting name for resource number 0xffffffff
W/ResourceType( 6938): No known package when getting name for resource number 0xffffffff
W/ResourceType( 6938): No known package when getting name for resource number 0xffffffff
W/ResourceType( 6938): No known package when getting name for resource number 0xffffffff
W/ResourceType( 6938): No known package when getting name for resource number 0xffffffff
W/ResourceType( 6938): No known package when getting name for resource number 0xffffffff
W/ResourceType( 6938): No known package when getting name for resource number 0xffffffff
W/ResourceType( 6938): No known package when getting name for resource number 0xffffffff
W/ResourceType( 6938): No known package when getting name for resource number 0xffffffff
W/ResourceType( 6938): No known package when getting name for resource number 0xffffffff
W/ResourceType( 6938): No known package when getting name for resource number 0xffffffff
W/ResourceType( 6938): No known package when getting name for resource number 0xffffffff
W/ResourceType( 6938): No known package when getting name for resource number 0xffffffff
W/ResourceType( 6938): No known package when getting name for resource number 0xffffffff
W/ResourceType( 6938): No known package when getting name for resource number 0xffffffff
W/ResourceType( 6938): No known package when getting name for resource number 0xffffffff
W/ResourceType( 6938): No known package when getting name for resource number 0xffffffff
W/ResourceType( 6938): No known package when getting name for resource number 0xffffffff
W/ResourceType( 6938): No known package when getting name for resource number 0xffffffff
W/ResourceType( 6938): No known package when getting name for resource number 0xffffffff
W/ResourceType( 6938): No known package when getting name for resource number 0xffffffff
W/ResourceType( 6938): No known package when getting name for resource number 0xffffffff
W/ResourceType( 6938): No known package when getting name for resource number 0xffffffff
W/ResourceType( 6938): No known package when getting name for resource number 0xffffffff
W/ResourceType( 6938): No known package when getting name for resource number 0xffffffff
W/ResourceType( 6938): No known package when getting name for resource number 0xffffffff
W/ResourceType( 6938): No known package when getting name for resource number 0xffffffff
W/ResourceType( 6938): No known package when getting name for resource number 0xffffffff
W/ResourceType( 6938): No known package when getting name for resource number 0xffffffff
W/ResourceType( 6938): No known package when getting name for resource number 0xffffffff
W/ResourceType( 6938): No known package when getting name for resource number 0xffffffff
W/ResourceType( 6938): No known package when getting name for resource number 0xffffffff
W/ResourceType( 6938): No known package when getting name for resource number 0xffffffff
W/ResourceType( 6938): No known package when getting name for resource number 0xffffffff
W/ResourceType( 6938): No known package when getting name for resource number 0xffffffff
W/ResourceType( 6938): No known package when getting name for resource number 0xffffffff
W/ResourceType( 6938): No known package when getting name for resource number 0xffffffff
W/ResourceType( 6938): No known package when getting name for resource number 0xffffffff
W/ResourceType( 6938): No known package when getting name for resource number 0xffffffff
W/ResourceType( 6938): No known package when getting name for resource number 0xffffffff
W/ResourceType( 6938): No known package when getting name for resource number 0xffffffff
W/ResourceType( 6938): No known package when getting name for resource number 0xffffffff
W/ResourceType( 6938): No known package when getting name for resource number 0xffffffff
W/ResourceType( 6938): No known package when getting name for resource number 0xffffffff
W/ResourceType( 6938): No known package when getting name for resource number 0xffffffff
W/ResourceType( 6938): No known package when getting name for resource number 0xffffffff
W/ResourceType( 6938): No known package when getting name for resource number 0xffffffff
W/ResourceType( 6938): No known package when getting name for resource number 0xffffffff
W/ResourceType( 6938): No known package when getting name for resource number 0xffffffff
W/ResourceType( 6938): No known package when getting name for resource number 0xffffffff
W/ResourceType( 6938): No known package when getting name for resource number 0xffffffff
W/ResourceType( 6938): No known package when getting name for resource number 0xffffffff
W/ResourceType( 6938): No known package when getting name for resource number 0xffffffff
W/ResourceType( 6938): No known package when getting name for resource number 0xffffffff
W/ResourceType( 6938): No known package when getting name for resource number 0xffffffff
W/ResourceType( 6938): No known package when getting name for resource number 0xffffffff
W/ResourceType( 6938): No known package when getting name for resource number 0xffffffff
W/ResourceType( 6938): No known package when getting name for resource number 0xffffffff
W/ResourceType( 6938): No known package when getting name for resource number 0xffffffff
W/ResourceType( 6938): No known package when getting name for resource number 0xffffffff
W/ResourceType( 6938): No known package when getting name for resource number 0xffffffff
W/ResourceType( 6938): No known package when getting name for resource number 0xffffffff
W/ResourceType( 6938): No known package when getting name for resource number 0xffffffff
W/ResourceType( 6938): No known package when getting name for resource number 0xffffffff
W/ResourceType( 6938): No known package when getting name for resource number 0xffffffff
W/ResourceType( 6938): No known package when getting name for resource number 0xffffffff
W/ResourceType( 6938): No known package when getting name for resource number 0xffffffff
D/dalvikvm( 6938): GC_CONCURRENT freed 2657K, 15% free 16729K/19552K, paused 2ms+3ms, total 34ms
D/dalvikvm( 6938): WAIT_FOR_CONCURRENT_GC blocked 19ms
I/System.out( 6938): URI: /
I/System.out( 6938): params: {json={"command":"touch_coordinate","arguments":[599.0,442.0]}
I/System.out( 6938): }
I/System.out( 6938): header: {content-length=56, host=devicehost118.prod, x-session-token=token-token-de531711-3902-403f-a3d1-196873b2a535, x-forwarded-for=10.222.150.31, content-type=application/json; charset=utf-8, connection=close}
I/System.out( 6938): params: {json={"command":"touch_coordinate","arguments":[599.0,442.0]}
I/System.out( 6938): }
I/System.out( 6938): ProP json = {"command":"touch_coordinate","arguments":[599.0,442.0]}
I/System.out( 6938): files: {}
I/System.out( 6938): command: {"command":"touch_coordinate","arguments":[599.0,442.0]}
I/InstrumentationBackend( 6938): Got command:'Command:'Line:null,touch_coordinate', arguments:'[599.0, 442.0]'
D/audio_hw_primary(  181): select_devices: out_snd_device(2: speaker) in_snd_device(0: )
D/ACDB-LOADER(  181): ACDB -> send_afe_cal
I/calabash( 6938): execStartActivity 4
I/ActivityManager(  572): START u0 {act=android.intent.action.VIEW dat=geo:0,0?q= Atlanta, GA cmp=com.google.android.apps.maps/com.google.android.maps.MapsActivity} from pid 6938
I/System.out( 6938): result:{"bonusInformation":[],"message":"","success":true}
D/dalvikvm(  572): GC_CONCURRENT freed 1205K, 12% free 21065K/23868K, paused 5ms+6ms, total 86ms
D/dalvikvm(  572): WAIT_FOR_CONCURRENT_GC blocked 79ms
I/dalvikvm-heap(  572): Grow heap (frag case) to 21.147MB for 566416-byte allocation
D/dalvikvm(  572): GC_FOR_ALLOC freed 27K, 12% free 21591K/24424K, paused 58ms, total 58ms
I/ActivityManager(  572): Start proc com.google.android.apps.maps for activity com.google.android.apps.maps/com.google.android.maps.MapsActivity: pid=7681 uid=10060 gids={50060, 3003, 1028, 1015}
I/Adreno-EGL( 7681): <qeglDrvAPI_eglInitialize:320>: EGL 1.4 QUALCOMM Build: I0404c4692afb8623f95c43aeb6d5e13ed4b30ddbDate: 11/06/13
D/dalvikvm( 7681): GC_CONCURRENT freed 302K, 4% free 9164K/9500K, paused 3ms+2ms, total 26ms
D/dalvikvm( 7681): GC_CONCURRENT freed 281K, 4% free 9327K/9652K, paused 4ms+2ms, total 18ms
D/dalvikvm( 7681): WAIT_FOR_CONCURRENT_GC blocked 14ms
D/dalvikvm( 7681): WAIT_FOR_CONCURRENT_GC blocked 9ms
I/dalvikvm-heap( 7681): Grow heap (frag case) to 9.466MB for 131088-byte allocation
D/dalvikvm( 7681): WAIT_FOR_CONCURRENT_GC blocked 11ms
I/dalvikvm-heap( 7681): Grow heap (frag case) to 9.662MB for 204816-byte allocation
D/dalvikvm( 7681): GC_FOR_ALLOC freed 1K, 4% free 9863K/10192K, paused 15ms, total 15ms
D/dalvikvm( 7681): GC_CONCURRENT freed 75K, 3% free 10057K/10324K, paused 3ms+15ms, total 39ms
D/dalvikvm( 7681): WAIT_FOR_CONCURRENT_GC blocked 35ms
D/dalvikvm( 7681): GC_FOR_ALLOC freed 34K, 3% free 10280K/10588K, paused 20ms, total 20ms
D/dalvikvm( 7681): WAIT_FOR_CONCURRENT_GC blocked 31ms
I/dalvikvm-heap( 7681): Grow heap (frag case) to 10.318MB for 131088-byte allocation
D/dalvikvm( 7681): GC_FOR_ALLOC freed 0K, 3% free 10536K/10852K, paused 19ms, total 19ms
D/dalvikvm( 7681): WAIT_FOR_CONCURRENT_GC blocked 49ms
I/dalvikvm-heap( 7681): Grow heap (frag case) to 10.568MB for 131088-byte allocation
D/dalvikvm( 7681): GC_FOR_ALLOC freed 0K, 3% free 10792K/11116K, paused 13ms, total 13ms
D/dalvikvm( 7681): GC_FOR_ALLOC freed 116K, 2% free 11155K/11380K, paused 19ms, total 19ms
D/dalvikvm( 7681): GC_CONCURRENT freed 115K, 2% free 11544K/11724K, paused 2ms+6ms, total 37ms
D/dalvikvm( 7681): WAIT_FOR_CONCURRENT_GC blocked 11ms
D/dalvikvm( 7681): GC_FOR_ALLOC freed 178K, 2% free 12088K/12324K, paused 14ms, total 14ms
D/dalvikvm( 7681): GC_CONCURRENT freed 277K, 3% free 12847K/13156K, paused 2ms+2ms, total 37ms
D/dalvikvm( 7681): WAIT_FOR_CONCURRENT_GC blocked 20ms
D/dalvikvm( 7681): WAIT_FOR_CONCURRENT_GC blocked 9ms
D/dalvikvm( 7681): WAIT_FOR_CONCURRENT_GC blocked 9ms
D/dalvikvm( 7681): WAIT_FOR_CONCURRENT_GC blocked 10ms
D/dalvikvm( 7681): WAIT_FOR_CONCURRENT_GC blocked 10ms
D/dalvikvm( 7681): WAIT_FOR_CONCURRENT_GC blocked 14ms
W/SurfaceFlinger(  178): couldn't log to binary event log: overflow.
W/ActivityThread( 7681): ClassLoader.loadClass: The class loader returned by Thread.getContextClassLoader() may fail for processes that host multiple applications. You should explicitly specify a context class loader. For example: Thread.setContextClassLoader(getClass().getClassLoader());
D/dalvikvm( 7681): GC_CONCURRENT freed 1070K, 7% free 13174K/14068K, paused 2ms+5ms, total 56ms
I/TextToSpeech( 7681): Sucessfully bound to com.google.android.tts
D/StrictMode( 7681): StrictMode policy violation; ~duration=169 ms: android.os.StrictMode$StrictModeDiskReadViolation: policy=287 violation=2
D/StrictMode( 7681): 	at android.os.StrictMode$AndroidBlockGuardPolicy.onReadFromDisk(StrictMode.java:1135)
D/StrictMode( 7681): 	at android.database.sqlite.SQLiteConnection.applyBlockGuardPolicy(SQLiteConnection.java:1041)
D/StrictMode( 7681): 	at android.database.sqlite.SQLiteConnection.executeForCursorWindow(SQLiteConnection.java:842)
D/StrictMode( 7681): 	at android.database.sqlite.SQLiteSession.executeForCursorWindow(SQLiteSession.java:836)
D/StrictMode( 7681): 	at android.database.sqlite.SQLiteQuery.fillWindow(SQLiteQuery.java:62)
D/StrictMode( 7681): 	at android.database.sqlite.SQLiteCursor.fillWindow(SQLiteCursor.java:144)
D/StrictMode( 7681): 	at android.database.sqlite.SQLiteCursor.getCount(SQLiteCursor.java:133)
D/StrictMode( 7681): 	at android.database.CursorToBulkCursorAdaptor.getBulkCursorDescriptor(CursorToBulkCursorAdaptor.java:148)
D/StrictMode( 7681): 	at android.content.ContentProviderNative.onTransact(ContentProviderNative.java:118)
D/StrictMode( 7681): 	at android.os.Binder.execTransact(Binder.java:404)
D/StrictMode( 7681): 	at dalvik.system.NativeStart.run(Native Method)
D/StrictMode( 7681): # via Binder call with stack:
D/StrictMode( 7681): android.os.StrictMode$LogStackTrace
D/StrictMode( 7681): 	at android.os.StrictMode.readAndHandleBinderCallViolations(StrictMode.java:1705)
D/StrictMode( 7681): 	at android.os.Parcel.readExceptionCode(Parcel.java:1447)
D/StrictMode( 7681): 	at android.database.DatabaseUtils.readExceptionFromParcel(DatabaseUtils.java:134)
D/StrictMode( 7681): 	at android.content.ContentProviderProxy.query(ContentProviderNative.java:413)
D/StrictMode( 7681): 	at android.content.ContentResolver.query(ContentResolver.java:461)
D/StrictMode( 7681): 	at android.content.ContentResolver.query(ContentResolver.java:404)
D/StrictMode( 7681): 	at com.google.android.apps.gmm.map.m.b.k.b(SourceFile:67)
D/StrictMode( 7681): 	at com.google.android.apps.gmm.map.m.b.k.a(SourceFile:100)
D/StrictMode( 7681): 	at com.google.android.apps.gmm.map.m.b.d.a(SourceFile:214)
D/StrictMode( 7681): 	at com.google.android.apps.gmm.map.m.b.d.<init>(SourceFile:195)
D/StrictMode( 7681): 	at com.google.android.apps.gmm.base.app.GoogleMapsApplication.onCreate(SourceFile:177)
D/StrictMode( 7681): 	at android.app.Instrumentation.callApplicationOnCreate(Instrumentation.java:1007)
D/StrictMode( 7681): 	at android.app.ActivityThread.handleBindApplication(ActivityThread.java:4328)
D/StrictMode( 7681): 	at android.app.ActivityThread.access$1500(ActivityThread.java:135)
D/StrictMode( 7681): 	at android.app.ActivityThread$H.handleMessage(ActivityThread.java:1256)
D/StrictMode( 7681): 	at android.os.Handler.dispatchMessage(Handler.java:102)
D/StrictMode( 7681): 	at android.os.Looper.loop(Looper.java:136)
D/StrictMode( 7681): 	at android.app.ActivityThread.main(ActivityThread.java:5001)
D/StrictMode( 7681): 	at java.lang.reflect.Method.invokeNative(Native Method)
D/StrictMode( 7681): 	at java.lang.reflect.Method.invoke(Method.java:515)
D/StrictMode( 7681): 	at com.android.internal.os.ZygoteInit$MethodAndArgsCaller.run(ZygoteInit.java:785)
D/StrictMode( 7681): 	at com.android.internal.os.ZygoteInit.main(ZygoteInit.java:601)
D/StrictMode( 7681): 	at dalvik.system.NativeStart.main(Native Method)
D/StrictMode( 7681): StrictMode policy violation; ~duration=154 ms: android.os.StrictMode$StrictModeDiskReadViolation: policy=287 violation=2
D/StrictMode( 7681): 	at android.os.StrictMode$AndroidBlockGuardPolicy.onReadFromDisk(StrictMode.java:1135)
D/StrictMode( 7681): 	at android.database.sqlite.SQLiteConnection.applyBlockGuardPolicy(SQLiteConnection.java:1041)
D/StrictMode( 7681): 	at android.database.sqlite.SQLiteConnection.executeForCursorWindow(SQLiteConnection.java:842)
D/StrictMode( 7681): 	at android.database.sqlite.SQLiteSession.executeForCursorWindow(SQLiteSession.java:836)
D/StrictMode( 7681): 	at android.database.sqlite.SQLiteQuery.fillWindow(SQLiteQuery.java:62)
D/StrictMode( 7681): 	at android.database.sqlite.SQLiteCursor.fillWindow(SQLiteCursor.java:144)
D/StrictMode( 7681): 	at android.database.sqlite.SQLiteCursor.getCount(SQLiteCursor.java:133)
D/StrictMode( 7681): 	at android.database.CursorToBulkCursorAdaptor.getBulkCursorDescriptor(CursorToBulkCursorAdaptor.java:148)
D/StrictMode( 7681): 	at android.content.ContentProviderNative.onTransact(ContentProviderNative.java:118)
D/StrictMode( 7681): 	at android.os.Binder.execTransact(Binder.java:404)
D/StrictMode( 7681): 	at dalvik.system.NativeStart.run(Native Method)
D/StrictMode( 7681): # via Binder call with stack:
D/StrictMode( 7681): android.os.StrictMode$LogStackTrace
D/StrictMode( 7681): 	at android.os.StrictMode.readAndHandleBinderCallViolations(StrictMode.java:1705)
D/StrictMode( 7681): 	at android.os.Parcel.readExceptionCode(Parcel.java:1447)
D/StrictMode( 7681): 	at android.database.DatabaseUtils.readExceptionFromParcel(DatabaseUtils.java:134)
D/StrictMode( 7681): 	at android.content.ContentProviderProxy.query(ContentProviderNative.java:413)
D/StrictMode( 7681): 	at android.content.ContentResolver.query(ContentResolver.java:461)
D/StrictMode( 7681): 	at android.content.ContentResolver.query(ContentResolver.java:404)
D/StrictMode( 7681): 	at com.google.android.apps.gmm.map.m.b.k.b(SourceFile:67)
D/StrictMode( 7681): 	at com.google.android.apps.gmm.map.m.b.k.a(SourceFile:100)
D/StrictMode( 7681): 	at com.google.android.apps.gmm.location.a.m.a(SourceFile:193)
D/StrictMode( 7681): 	at com.google.android.apps.gmm.location.a.m.<init>(SourceFile:174)
D/StrictMode( 7681): 	at com.google.android.apps.gmm.base.app.GoogleMapsApplication.onCreate(SourceFile:177)
D/StrictMode( 7681): 	at android.app.Instrumentation.callApplicationOnCreate(Instrumentation.java:1007)
D/StrictMode( 7681): 	at android.app.ActivityThread.handleBindApplication(ActivityThread.java:4328)
D/StrictMode( 7681): 	at android.app.ActivityThread.access$1500(ActivityThread.java:135)
D/StrictMode( 7681): 	at android.app.ActivityThread$H.handleMessage(ActivityThread.java:1256)
D/StrictMode( 7681): 	at android.os.Handler.dispatchMessage(Handler.java:102)
D/StrictMode( 7681): 	at android.os.Looper.loop(Looper.java:136)
D/StrictMode( 7681): 	at android.app.ActivityThread.main(ActivityThread.java:5001)
D/StrictMode( 7681): 	at java.lang.reflect.Method.invokeNative(Native Method)
D/StrictMode( 7681): 	at java.lang.reflect.Method.invoke(Method.java:515)
D/StrictMode( 7681): 	at com.android.internal.os.ZygoteInit$MethodAndArgsCaller.run(ZygoteInit.java:785)
D/StrictMode( 7681): 	at com.android.internal.os.ZygoteInit.main(ZygoteInit.java:601)
D/StrictMode( 7681): 	at dalvik.system.NativeStart.main(Native Method)
D/StrictMode( 7681): StrictMode policy violation; ~duration=68 ms: android.os.StrictMode$StrictModeDiskReadViolation: policy=31 violation=2
D/StrictMode( 7681): 	at android.os.StrictMode$AndroidBlockGuardPolicy.onReadFromDisk(StrictMode.java:1135)
D/StrictMode( 7681): 	at android.app.SharedPreferencesImpl.awaitLoadedLocked(SharedPreferencesImpl.java:203)
D/StrictMode( 7681): 	at android.app.SharedPreferencesImpl.getString(SharedPreferencesImpl.java:223)
D/StrictMode( 7681): 	at com.google.android.apps.gmm.util.z.a(SourceFile:117)
D/StrictMode( 7681): 	at com.google.android.apps.gmm.navigation.a.N.b(SourceFile:252)
D/StrictMode( 7681): 	at com.google.android.apps.gmm.navigation.a.N.<init>(SourceFile:242)
D/StrictMode( 7681): 	at com.google.android.apps.gmm.base.app.GoogleMapsApplication.onCreate(SourceFile:197)
D/StrictMode( 7681): 	at android.app.Instrumentation.callApplicationOnCreate(Instrumentation.java:1007)
D/StrictMode( 7681): 	at android.app.ActivityThread.handleBindApplication(ActivityThread.java:4328)
D/StrictMode( 7681): 	at android.app.ActivityThread.access$1500(ActivityThread.java:135)
D/StrictMode( 7681): 	at android.app.ActivityThread$H.handleMessage(ActivityThread.java:1256)
D/StrictMode( 7681): 	at android.os.Handler.dispatchMessage(Handler.java:102)
D/StrictMode( 7681): 	at android.os.Looper.loop(Looper.java:136)
D/StrictMode( 7681): 	at android.app.ActivityThread.main(ActivityThread.java:5001)
D/StrictMode( 7681): 	at java.lang.reflect.Method.invokeNative(Native Method)
D/StrictMode( 7681): 	at java.lang.reflect.Method.invoke(Method.java:515)
D/StrictMode( 7681): 	at com.android.internal.os.ZygoteInit$MethodAndArgsCaller.run(ZygoteInit.java:785)
D/StrictMode( 7681): 	at com.android.internal.os.ZygoteInit.main(ZygoteInit.java:601)
D/StrictMode( 7681): 	at dalvik.system.NativeStart.main(Native Method)
I/ActivityManager(  572): Start proc com.google.android.tts for service com.google.android.tts/.service.GoogleTTSService: pid=7745 uid=10028 gids={50028, 3003, 1028, 1015}
D/dalvikvm( 7681): GC_FOR_ALLOC freed 773K, 7% free 13266K/14156K, paused 37ms, total 37ms
D/dalvikvm( 7681): GC_FOR_ALLOC freed 9K, 6% free 13890K/14720K, paused 17ms, total 18ms
I/GoogleTTSService( 7745): Creating Google TTS service, version 2.4.3.1227136
D/dalvikvm( 7745): GC_CONCURRENT freed 283K, 4% free 9197K/9516K, paused 4ms+2ms, total 45ms
D/dalvikvm( 7681): GC_FOR_ALLOC freed 910K, 8% free 14274K/15424K, paused 36ms, total 36ms
I/patts   ( 7745): [embedded_hmm_synthesizer.cc:21] Embedded HMM synthesizer initialized.
I/patts   ( 7745): [jni_loader.cc:74] Patts JNI loaded successfully.
I/patts   ( 7745): Loading project file (apk mode is true,assets from com.google.android.tts) ...
I/patts   ( 7745): [android_project_file.cc:36] Loading "voices/eng-usa/phonology.cfg" ...
I/patts   ( 7745): [android_project_file.cc:36] Loading "voices/eng-usa/textnorm_kestrel_en.cfg" ...
I/patts   ( 7745): [android_project_file.cc:36] Loading "voices/eng-usa/compressed_lexicon_en_us.blex" ...
I/patts   ( 7745): [android_project_file.cc:36] Loading "voices/eng-usa/phonology.pb" ...
I/patts   ( 7745): [android_project_file.cc:36] Loading "voices/eng-usa/rewrite_android.far" ...
I/patts   ( 7745): [grm-manager.h:67] Loading FST archive from "voices/eng-usa/rewrite_android.far" ...
D/dalvikvm( 7745): GC_CONCURRENT freed 363K, 5% free 9311K/9708K, paused 1ms+2ms, total 13ms
W/ActivityManager(  572): Unable to start service Intent { act=com.google.android.gms.playlog.service.START pkg=com.google.android.gms } U=0: not found
I/patts   ( 7745): [android_project_file.cc:36] Loading "voices/eng-usa/tokenize_and_classify_android.far" ...
I/patts   ( 7745): [grm-manager.h:67] Loading FST archive from "voices/eng-usa/tokenize_and_classify_android.far" ...
I/rmt_storage(  186): wakelock acquired: 1, error no: 110
D/dalvikvm( 7681): GC_CONCURRENT freed 964K, 7% free 14982K/15980K, paused 5ms+3ms, total 33ms
D/OpenGLRenderer( 7681): Enabling debug mode 0
D/dalvikvm( 7681): GC_FOR_ALLOC freed 598K, 7% free 15366K/16500K, paused 33ms, total 33ms
D/dalvikvm( 7681): GC_FOR_ALLOC freed 50K, 7% free 16343K/17528K, paused 32ms, total 33ms
I/ActivityManager(  572): Displayed com.google.android.apps.maps/com.google.android.maps.MapsActivity: +2s590ms
E/qcom_sensors_hal(  572): hal_process_report_ind: Bad item quality: 11 
D/dalvikvm(  780): GC_CONCURRENT freed 990K, 9% free 11856K/12948K, paused 3ms+5ms, total 38ms
I/patts   ( 7745): [android_project_file.cc:36] Loading "voices/eng-usa/roman_numeral_contexts.pb" ...
I/patts   ( 7745): [android_project_file.cc:36] Loading "voices/eng-usa/roman_numeral_android.far" ...
I/patts   ( 7745): [grm-manager.h:67] Loading FST archive from "voices/eng-usa/roman_numeral_android.far" ...
I/patts   ( 7745): [android_project_file.cc:36] Loading "voices/eng-usa/verbalize_android.far" ...
I/patts   ( 7745): [grm-manager.h:67] Loading FST archive from "voices/eng-usa/verbalize_android.far" ...

]]><xtc-duration value="107.6501079"/></xtc-step><!-- name: "undefined", id: "undefined" --><![CDATA[
I/patts   ( 7745): [android_project_file.cc:36] Loading "voices/eng-usa/textnorm_params.pb" ...
I/patts   ( 7745): [android_project_file.cc:36] Loading "voices/eng-usa/resolve_homographs_simple.pb" ...
I/patts   ( 7745): [android_project_file.cc:36] Loading "voices/eng-usa/g2p_m3_syls0_stress0_en-US.fst" ...
I/patts   ( 7745): [compact_fst.cc:29] Loading FST from "voices/eng-usa/g2p_m3_syls0_stress0_en-US.fst" ...
I/patts   ( 7745): [decoder_impl.cc:74] g2p FST: 55 graphemes, 41 phonemes (with special symbols)
I/patts   ( 7745): [android_project_file.cc:36] Loading "voices/eng-usa/engine_hmm_22050_ap-embedded_lsp.cfg" ...
I/patts   ( 7745): [embedded_hmm_synthesizer.cc:21] Embedded HMM synthesizer initialized.
I/patts   ( 7745): [android_project_file.cc:36] Loading "voices/eng-usa/phonology.cfg" ...
I/patts   ( 7745): [android_project_file.cc:36] Loading "voices/eng-usa/compile_hmm_22050_ph_lsp_swop_ap_msd.cfg" ...
I/patts   ( 7745): [android_project_file.cc:36] Loading "voices/eng-usa/engine_hmm_22050_ap-embedded_lsp.cfg" ...
I/patts   ( 7745): [android_project_file.cc:36] Loading "voices/eng-usa/hmm_voice_en_us_sfg_all_22050_ph_lsp_swop_ap_msd_bin_8bit.voice" ...
I/TextToSpeech( 7681): Connected to ComponentInfo{com.google.android.tts/com.google.android.tts.service.GoogleTTSService}
I/TextToSpeech( 7681): Set up connection to ComponentInfo{com.google.android.tts/com.google.android.tts.service.GoogleTTSService}

]]><xtc-step name="[0-1025]CareerBuilder_Search.DroidFeatureTests.JDPTests.LocationButtonGoesToMap-0-NA-FinalScreenShot" id="[0-1025]CareerBuilder_Search.DroidFeatureTests.JDPTests.LocationButtonGoesToMap-0-NA-FinalScreenShot"><![CDATA[

]]><xtc-duration value="1.1926656"/></xtc-step><!-- name: "undefined", id: "undefined" --><![CDATA[

]]><xtc-duration value="114.8092556" skip="false"/></xtc-scenario><!-- name: "undefined", id: "undefined" --><![CDATA[
D/Mono    ( 6938): [0x7dc129d8] worker finishing
D/Mono    ( 6938): [0x7c498738] worker finishing
