<![CDATA[--------- beginning of /dev/log/system
W/ProcessCpuTracker(  563): Skipping unknown process pid 4980

]]><xtc-scenario name="[0-1018]CareerBuilder_Search.DroidFeatureTests.JDPTests.PressingBackButtonInActionBarGoesBack" id="[0-1018]CareerBuilder_Search.DroidFeatureTests.JDPTests.PressingBackButtonInActionBarGoesBack"><![CDATA[

]]><xtc-step name="[0-1018]CareerBuilder_Search.DroidFeatureTests.JDPTests.PressingBackButtonInActionBarGoesBack-PressingBackButtonInActionBarGoesBack" id="[0-1018]CareerBuilder_Search.DroidFeatureTests.JDPTests.PressingBackButtonInActionBarGoesBack-PressingBackButtonInActionBarGoesBack"><![CDATA[
D/AndroidRuntime( 5085): 
D/AndroidRuntime( 5085): >>>>>> AndroidRuntime START com.android.internal.os.RuntimeInit <<<<<<
D/AndroidRuntime( 5085): CheckJNI is OFF
D/dalvikvm( 5085): Trying to load lib libjavacore.so 0x0
D/dalvikvm( 5085): Added shared lib libjavacore.so 0x0
D/dalvikvm( 5085): Trying to load lib libnativehelper.so 0x0
D/dalvikvm( 5085): Added shared lib libnativehelper.so 0x0
D/dalvikvm( 5085): No JNI_OnLoad found in libnativehelper.so 0x0, skipping init
D/dalvikvm( 5085): Note: class Landroid/app/ActivityManagerNative; has 179 unimplemented (abstract) methods
D/AndroidRuntime( 5085): Calling main entry com.android.commands.pm.Pm
D/AndroidRuntime( 5085): Shutting down VM
D/dalvikvm( 5085): GC_CONCURRENT freed 248K, 31% free 567K/816K, paused 0ms+0ms, total 3ms
D/AndroidRuntime( 5415): 
D/AndroidRuntime( 5415): >>>>>> AndroidRuntime START com.android.internal.os.RuntimeInit <<<<<<
D/AndroidRuntime( 5415): CheckJNI is OFF
D/dalvikvm( 5415): Trying to load lib libjavacore.so 0x0
D/dalvikvm( 5415): Added shared lib libjavacore.so 0x0
D/dalvikvm( 5415): Trying to load lib libnativehelper.so 0x0
D/dalvikvm( 5415): Added shared lib libnativehelper.so 0x0
D/dalvikvm( 5415): No JNI_OnLoad found in libnativehelper.so 0x0, skipping init
D/dalvikvm( 5415): Note: class Landroid/app/ActivityManagerNative; has 179 unimplemented (abstract) methods
D/AndroidRuntime( 5415): Calling main entry com.android.commands.am.Am
D/AndroidRuntime( 5415): Shutting down VM
W/ActivityManager(  563): Invalid packageName: com.careerbuilder.SugarDrone
D/dalvikvm( 5415): GC_CONCURRENT freed 93K, 15% free 553K/648K, paused 0ms+1ms, total 2ms
D/AndroidRuntime( 5995): 
D/AndroidRuntime( 5995): >>>>>> AndroidRuntime START com.android.internal.os.RuntimeInit <<<<<<
D/AndroidRuntime( 5995): CheckJNI is OFF
D/dalvikvm( 5995): Trying to load lib libjavacore.so 0x0
D/dalvikvm( 5995): Added shared lib libjavacore.so 0x0
D/dalvikvm( 5995): Trying to load lib libnativehelper.so 0x0
D/dalvikvm( 5995): Added shared lib libnativehelper.so 0x0
D/dalvikvm( 5995): No JNI_OnLoad found in libnativehelper.so 0x0, skipping init
D/dalvikvm( 5995): Note: class Landroid/app/ActivityManagerNative; has 179 unimplemented (abstract) methods
D/AndroidRuntime( 5995): Calling main entry com.android.commands.pm.Pm
W/ActivityManager(  563): No content provider found for permission revoke: file:///data/local/tmp/0000003364
W/ActivityManager(  563): No content provider found for permission revoke: file:///data/local/tmp/0000003364
I/PackageManager(  563): Copying native libraries to /data/app-lib/vmdl-1955273650
D/dalvikvm(  563): GC_FOR_ALLOC freed 1222K, 12% free 19838K/22356K, paused 62ms, total 63ms
D/dalvikvm(  563): GC_CONCURRENT freed 1932K, 9% free 20614K/22592K, paused 3ms+5ms, total 72ms
D/dalvikvm(  563): WAIT_FOR_CONCURRENT_GC blocked 64ms
D/dalvikvm(  563): GC_FOR_ALLOC freed 2682K, 13% free 20643K/23564K, paused 66ms, total 66ms
D/dalvikvm(  563): GC_FOR_ALLOC freed 2743K, 13% free 20661K/23600K, paused 67ms, total 67ms
D/dalvikvm(  563): GC_CONCURRENT freed 2771K, 13% free 20706K/23624K, paused 3ms+6ms, total 74ms
D/dalvikvm(  563): WAIT_FOR_CONCURRENT_GC blocked 72ms
I/PackageManager(  563): Running dexopt on: com.careerbuilder.SugarDrone
W/dalvikvm( 6086): method Landroid/support/v7/widget/ListViewCompat;.lookForSelectablePosition incorrectly overrides package-private method with same name in Landroid/widget/ListView;
D/dalvikvm( 6086): DexOpt: couldn't find static field Landroid/os/Build;.SUPPORTED_ABIS
D/dalvikvm( 6086): DexOpt: load 289ms, verify+opt 1588ms, 3733380 bytes
I/ActivityManager(  563): Force stopping com.careerbuilder.SugarDrone appid=18573 user=-1: update pkg
W/PackageManager(  563): Not granting permission android.permission.MANAGE_DOCUMENTS to package com.careerbuilder.SugarDrone (protectionLevel=2 flags=0x8be46)
W/PackageManager(  563): Not granting permission android.permission.MOUNT_UNMOUNT_FILESYSTEMS to package com.careerbuilder.SugarDrone (protectionLevel=18 flags=0x8be46)
I/InputReader(  563): Reconfiguring input devices.  changes=0x00000010
D/dalvikvm(  813): GC_CONCURRENT freed 449K, 5% free 9240K/9720K, paused 2ms+1ms, total 34ms
I/Icing.InternalIcingCorporaProvider( 1336): Updating corpora: A: com.careerbuilder.SugarDrone, C: MAYBE
D/BackupManagerService(  563): Received broadcast Intent { act=android.intent.action.PACKAGE_ADDED dat=package:com.careerbuilder.SugarDrone flg=0x4000010 (has extras) }
V/BackupManagerService(  563): addPackageParticipantsLocked: #1
I/PeopleContactsSync( 1006): triggerPendingContactsCleanup: no accounts
D/Wear_Controller( 1006): Received broadcast action=android.intent.action.PACKAGE_ADDED and uri=com.careerbuilder.SugarDrone
W/IcingInternalCorpora( 1006): getNumBytesRead when not calculated.
D/dalvikvm(  563): GC_EXPLICIT freed 1844K, 12% free 20827K/23624K, paused 59ms+20ms, total 341ms
D/AndroidRuntime( 5995): Shutting down VM
D/dalvikvm( 5995): GC_CONCURRENT freed 95K, 15% free 561K/660K, paused 0ms+0ms, total 2ms
I/ActivityManager(  563): Delay finish: com.google.android.gms/.chimera.GmsIntentOperationService$PersistentInternalReceiver
I/Icing   ( 1006): Usage reports 0 indexed 0 rejected 0 imm upload true
D/dalvikvm( 1006): GC_CONCURRENT freed 1092K, 10% free 12395K/13764K, paused 12ms+26ms, total 102ms
I/Icing   ( 1006): Usage reports 0 indexed 0 rejected 0 imm upload false
I/Icing.InternalIcingCorporaProvider( 1336): UpdateCorporaTask done [took 324 ms] updated apps [took 324 ms] 
I/ActivityManager(  563): Resuming delayed broadcast
I/Icing   ( 1006): Usage reports 0 indexed 0 rejected 0 imm upload false
D/AndroidRuntime( 6186): 
D/AndroidRuntime( 6186): >>>>>> AndroidRuntime START com.android.internal.os.RuntimeInit <<<<<<
D/AndroidRuntime( 6186): CheckJNI is OFF
D/dalvikvm( 6186): Trying to load lib libjavacore.so 0x0
D/dalvikvm( 6186): Added shared lib libjavacore.so 0x0
D/dalvikvm( 6186): Trying to load lib libnativehelper.so 0x0
D/dalvikvm( 6186): Added shared lib libnativehelper.so 0x0
D/dalvikvm( 6186): No JNI_OnLoad found in libnativehelper.so 0x0, skipping init
D/dalvikvm( 6186): Note: class Landroid/app/ActivityManagerNative; has 179 unimplemented (abstract) methods
D/AndroidRuntime( 6186): Calling main entry com.android.commands.settings.SettingsCmd
D/AndroidRuntime( 6186): Shutting down VM
D/dalvikvm( 6186): GC_CONCURRENT freed 96K, 16% free 562K/664K, paused 0ms+0ms, total 2ms
I/Icing   ( 1006): Indexing 5DEEA38537210BEE0F2C135EA4D174C2C8299805 from com.google.android.googlequicksearchbox
D/dalvikvm( 1336): GC_CONCURRENT freed 556K, 7% free 9439K/10096K, paused 1ms+1ms, total 14ms
I/Icing   ( 1006): Indexing done 5DEEA38537210BEE0F2C135EA4D174C2C8299805
I/Icing   ( 1006): Indexing A71B48A243897ACCCBB490823C9E3D3488B33FED from com.google.android.gms
I/Icing   ( 1006): Indexing done A71B48A243897ACCCBB490823C9E3D3488B33FED
D/AndroidRuntime( 6215): 
D/AndroidRuntime( 6215): >>>>>> AndroidRuntime START com.android.internal.os.RuntimeInit <<<<<<
D/AndroidRuntime( 6215): CheckJNI is OFF
D/dalvikvm( 6215): Trying to load lib libjavacore.so 0x0
D/dalvikvm( 6215): Added shared lib libjavacore.so 0x0
D/dalvikvm( 6215): Trying to load lib libnativehelper.so 0x0
D/dalvikvm( 6215): Added shared lib libnativehelper.so 0x0
D/dalvikvm( 6215): No JNI_OnLoad found in libnativehelper.so 0x0, skipping init
D/dalvikvm( 6215): Note: class Landroid/app/ActivityManagerNative; has 179 unimplemented (abstract) methods
D/AndroidRuntime( 6215): Calling main entry com.android.commands.settings.SettingsCmd
D/AndroidRuntime( 6215): Shutting down VM
D/dalvikvm( 6215): GC_CONCURRENT freed 96K, 15% free 562K/660K, paused 0ms+0ms, total 2ms
D/AndroidRuntime( 6242): 
D/AndroidRuntime( 6242): >>>>>> AndroidRuntime START com.android.internal.os.RuntimeInit <<<<<<
D/AndroidRuntime( 6242): CheckJNI is OFF
D/dalvikvm( 6242): Trying to load lib libjavacore.so 0x0
D/dalvikvm( 6242): Added shared lib libjavacore.so 0x0
D/dalvikvm( 6242): Trying to load lib libnativehelper.so 0x0
D/dalvikvm( 6242): Added shared lib libnativehelper.so 0x0
D/dalvikvm( 6242): No JNI_OnLoad found in libnativehelper.so 0x0, skipping init
D/dalvikvm( 6242): Note: class Landroid/app/ActivityManagerNative; has 179 unimplemented (abstract) methods
D/AndroidRuntime( 6242): Calling main entry com.android.commands.settings.SettingsCmd
D/AndroidRuntime( 6242): Shutting down VM
D/dalvikvm( 6242): GC_CONCURRENT freed 96K, 15% free 562K/660K, paused 0ms+0ms, total 2ms
D/AndroidRuntime( 6270): 
D/AndroidRuntime( 6270): >>>>>> AndroidRuntime START com.android.internal.os.RuntimeInit <<<<<<
D/AndroidRuntime( 6270): CheckJNI is OFF
D/dalvikvm( 6270): Trying to load lib libjavacore.so 0x0
D/dalvikvm( 6270): Added shared lib libjavacore.so 0x0
D/dalvikvm( 6270): Trying to load lib libnativehelper.so 0x0
D/dalvikvm( 6270): Added shared lib libnativehelper.so 0x0
D/dalvikvm( 6270): No JNI_OnLoad found in libnativehelper.so 0x0, skipping init
D/dalvikvm( 6270): Note: class Landroid/app/ActivityManagerNative; has 179 unimplemented (abstract) methods
D/AndroidRuntime( 6270): Calling main entry com.android.commands.settings.SettingsCmd
D/AndroidRuntime( 6270): Shutting down VM
D/dalvikvm( 6270): GC_CONCURRENT freed 96K, 15% free 562K/660K, paused 0ms+0ms, total 2ms
D/AndroidRuntime( 6301): 
D/AndroidRuntime( 6301): >>>>>> AndroidRuntime START com.android.internal.os.RuntimeInit <<<<<<
D/AndroidRuntime( 6301): CheckJNI is OFF
D/dalvikvm( 6301): Trying to load lib libjavacore.so 0x0
D/dalvikvm( 6301): Added shared lib libjavacore.so 0x0
D/dalvikvm( 6301): Trying to load lib libnativehelper.so 0x0
D/dalvikvm( 6301): Added shared lib libnativehelper.so 0x0
D/dalvikvm( 6301): No JNI_OnLoad found in libnativehelper.so 0x0, skipping init
D/dalvikvm( 6301): Note: class Landroid/app/ActivityManagerNative; has 179 unimplemented (abstract) methods
D/AndroidRuntime( 6301): Calling main entry com.android.commands.settings.SettingsCmd
D/AndroidRuntime( 6301): Shutting down VM
D/dalvikvm( 6301): GC_CONCURRENT freed 96K, 15% free 562K/660K, paused 0ms+0ms, total 3ms
D/AndroidRuntime( 6328): 
D/AndroidRuntime( 6328): >>>>>> AndroidRuntime START com.android.internal.os.RuntimeInit <<<<<<
D/AndroidRuntime( 6328): CheckJNI is OFF
D/dalvikvm( 6328): Trying to load lib libjavacore.so 0x0
D/dalvikvm( 6328): Added shared lib libjavacore.so 0x0
D/dalvikvm( 6328): Trying to load lib libnativehelper.so 0x0
D/dalvikvm( 6328): Added shared lib libnativehelper.so 0x0
D/dalvikvm( 6328): No JNI_OnLoad found in libnativehelper.so 0x0, skipping init
D/dalvikvm( 6328): Note: class Landroid/app/ActivityManagerNative; has 179 unimplemented (abstract) methods
D/AndroidRuntime( 6328): Calling main entry com.android.commands.settings.SettingsCmd
D/AndroidRuntime( 6328): Shutting down VM
D/dalvikvm( 6328): GC_CONCURRENT freed 96K, 15% free 562K/660K, paused 0ms+0ms, total 2ms
D/AndroidRuntime( 6361): 
D/AndroidRuntime( 6361): >>>>>> AndroidRuntime START com.android.internal.os.RuntimeInit <<<<<<
D/AndroidRuntime( 6361): CheckJNI is OFF
D/dalvikvm( 6361): Trying to load lib libjavacore.so 0x0
D/dalvikvm( 6361): Added shared lib libjavacore.so 0x0
D/dalvikvm( 6361): Trying to load lib libnativehelper.so 0x0
D/dalvikvm( 6361): Added shared lib libnativehelper.so 0x0
D/dalvikvm( 6361): No JNI_OnLoad found in libnativehelper.so 0x0, skipping init
D/dalvikvm( 6361): Note: class Landroid/app/ActivityManagerNative; has 179 unimplemented (abstract) methods
D/AndroidRuntime( 6361): Calling main entry com.android.commands.pm.Pm
D/AndroidRuntime( 6361): Shutting down VM
D/dalvikvm( 6361): GC_CONCURRENT freed 249K, 31% free 567K/820K, paused 1ms+1ms, total 3ms
D/dalvikvm(  563): GC_CONCURRENT freed 4266K, 19% free 19490K/23780K, paused 3ms+6ms, total 79ms
D/AndroidRuntime( 6549): 
D/AndroidRuntime( 6549): >>>>>> AndroidRuntime START com.android.internal.os.RuntimeInit <<<<<<
D/AndroidRuntime( 6549): CheckJNI is OFF
D/dalvikvm( 6549): Trying to load lib libjavacore.so 0x0
D/dalvikvm( 6549): Added shared lib libjavacore.so 0x0
D/dalvikvm( 6549): Trying to load lib libnativehelper.so 0x0
D/dalvikvm( 6549): Added shared lib libnativehelper.so 0x0
D/dalvikvm( 6549): No JNI_OnLoad found in libnativehelper.so 0x0, skipping init
D/dalvikvm( 6549): Note: class Landroid/app/ActivityManagerNative; has 179 unimplemented (abstract) methods
D/dalvikvm( 1304): GC_CONCURRENT freed 413K, 5% free 9568K/10020K, paused 2ms+2ms, total 19ms
D/Finsky  ( 1304): [1] 5.onFinished: Installation state replication succeeded.
D/AndroidRuntime( 6549): Calling main entry com.android.commands.pm.Pm
D/AndroidRuntime( 6549): Shutting down VM
D/dalvikvm( 6549): GC_CONCURRENT freed 249K, 31% free 567K/820K, paused 1ms+1ms, total 3ms
D/AndroidRuntime( 6652): 
D/AndroidRuntime( 6652): >>>>>> AndroidRuntime START com.android.internal.os.RuntimeInit <<<<<<
D/AndroidRuntime( 6652): CheckJNI is OFF
D/dalvikvm( 6652): Trying to load lib libjavacore.so 0x0
D/dalvikvm( 6652): Added shared lib libjavacore.so 0x0
D/dalvikvm( 6652): Trying to load lib libnativehelper.so 0x0
D/dalvikvm( 6652): Added shared lib libnativehelper.so 0x0
D/dalvikvm( 6652): No JNI_OnLoad found in libnativehelper.so 0x0, skipping init
D/dalvikvm( 6652): Note: class Landroid/app/ActivityManagerNative; has 179 unimplemented (abstract) methods
D/AndroidRuntime( 6652): Calling main entry com.android.commands.am.Am
D/AndroidRuntime( 6652): Shutting down VM
W/ActivityManager(  563): Invalid packageName: com.careerbuilder.SugarDrone.test
D/dalvikvm( 6652): GC_CONCURRENT freed 93K, 15% free 553K/648K, paused 0ms+0ms, total 2ms
D/AndroidRuntime( 6685): 
D/AndroidRuntime( 6685): >>>>>> AndroidRuntime START com.android.internal.os.RuntimeInit <<<<<<
D/AndroidRuntime( 6685): CheckJNI is OFF
D/dalvikvm( 6685): Trying to load lib libjavacore.so 0x0
D/dalvikvm( 6685): Added shared lib libjavacore.so 0x0
D/dalvikvm( 6685): Trying to load lib libnativehelper.so 0x0
D/dalvikvm( 6685): Added shared lib libnativehelper.so 0x0
D/dalvikvm( 6685): No JNI_OnLoad found in libnativehelper.so 0x0, skipping init
D/dalvikvm( 6685): Note: class Landroid/app/ActivityManagerNative; has 179 unimplemented (abstract) methods
D/AndroidRuntime( 6685): Calling main entry com.android.commands.pm.Pm
W/ActivityManager(  563): No content provider found for permission revoke: file:///data/local/tmp/0000003365
W/ActivityManager(  563): No content provider found for permission revoke: file:///data/local/tmp/0000003365
I/PackageManager(  563): Copying native libraries to /data/app-lib/vmdl574319423
I/PackageManager(  563): Running dexopt on: com.careerbuilder.SugarDrone.test
D/dalvikvm( 6709): DexOpt: load 73ms, verify+opt 524ms, 1565836 bytes
I/ActivityManager(  563): Force stopping com.careerbuilder.SugarDrone.test appid=18574 user=-1: update pkg
I/InputReader(  563): Reconfiguring input devices.  changes=0x00000010
I/ActivityManager(  563): Delay finish: com.android.musicfx/.Compatibility$Receiver
I/ActivityManager(  563): Resuming delayed broadcast
I/Icing.InternalIcingCorporaProvider( 1336): Updating corpora: A: com.careerbuilder.SugarDrone.test, C: MAYBE
D/BackupManagerService(  563): Received broadcast Intent { act=android.intent.action.PACKAGE_ADDED dat=package:com.careerbuilder.SugarDrone.test flg=0x4000010 (has extras) }
V/BackupManagerService(  563): addPackageParticipantsLocked: #1
I/Icing.InternalIcingCorporaProvider( 1336): UpdateCorporaTask done [took 90 ms] updated apps [took 90 ms] 
I/PeopleContactsSync( 1006): triggerPendingContactsCleanup: no accounts
D/Wear_Controller( 1006): Received broadcast action=android.intent.action.PACKAGE_ADDED and uri=com.careerbuilder.SugarDrone.test
D/dalvikvm(  563): GC_EXPLICIT freed 1044K, 18% free 19570K/23780K, paused 8ms+11ms, total 250ms
D/AndroidRuntime( 6685): Shutting down VM
D/dalvikvm( 6685): GC_CONCURRENT freed 95K, 15% free 561K/660K, paused 1ms+0ms, total 3ms
W/IcingInternalCorpora( 1006): getNumBytesRead when not calculated.
D/dalvikvm( 1006): GC_CONCURRENT freed 1141K, 10% free 12348K/13668K, paused 9ms+8ms, total 67ms
I/Icing   ( 1006): Usage reports 0 indexed 0 rejected 0 imm upload false
I/Icing   ( 1006): Usage reports 0 indexed 0 rejected 0 imm upload false
D/AndroidRuntime( 6770): 
D/AndroidRuntime( 6770): >>>>>> AndroidRuntime START com.android.internal.os.RuntimeInit <<<<<<
D/AndroidRuntime( 6770): CheckJNI is OFF
D/dalvikvm( 6770): Trying to load lib libjavacore.so 0x0
D/dalvikvm( 6770): Added shared lib libjavacore.so 0x0
D/dalvikvm( 6770): Trying to load lib libnativehelper.so 0x0
D/dalvikvm( 6770): Added shared lib libnativehelper.so 0x0
D/dalvikvm( 6770): No JNI_OnLoad found in libnativehelper.so 0x0, skipping init
D/dalvikvm( 6770): Note: class Landroid/app/ActivityManagerNative; has 179 unimplemented (abstract) methods
D/AndroidRuntime( 6770): Calling main entry com.android.commands.settings.SettingsCmd
D/AndroidRuntime( 6770): Shutting down VM
D/dalvikvm( 6770): GC_CONCURRENT freed 96K, 16% free 562K/664K, paused 0ms+1ms, total 3ms
I/Icing   ( 1006): Indexing A71B48A243897ACCCBB490823C9E3D3488B33FED from com.google.android.gms
I/Icing   ( 1006): Indexing done A71B48A243897ACCCBB490823C9E3D3488B33FED
D/AndroidRuntime( 6808): 
D/AndroidRuntime( 6808): >>>>>> AndroidRuntime START com.android.internal.os.RuntimeInit <<<<<<
D/AndroidRuntime( 6808): CheckJNI is OFF
D/dalvikvm( 6808): Trying to load lib libjavacore.so 0x0
D/dalvikvm( 6808): Added shared lib libjavacore.so 0x0
D/dalvikvm( 6808): Trying to load lib libnativehelper.so 0x0
D/dalvikvm( 6808): Added shared lib libnativehelper.so 0x0
D/dalvikvm( 6808): No JNI_OnLoad found in libnativehelper.so 0x0, skipping init
D/dalvikvm( 6808): Note: class Landroid/app/ActivityManagerNative; has 179 unimplemented (abstract) methods
D/AndroidRuntime( 6808): Calling main entry com.android.commands.settings.SettingsCmd
D/AndroidRuntime( 6808): Shutting down VM
D/dalvikvm( 6808): GC_CONCURRENT freed 96K, 15% free 562K/660K, paused 0ms+0ms, total 2ms
D/AndroidRuntime( 6839): 
D/AndroidRuntime( 6839): >>>>>> AndroidRuntime START com.android.internal.os.RuntimeInit <<<<<<
D/AndroidRuntime( 6839): CheckJNI is OFF
D/dalvikvm( 6839): Trying to load lib libjavacore.so 0x0
D/dalvikvm( 6839): Added shared lib libjavacore.so 0x0
D/dalvikvm( 6839): Trying to load lib libnativehelper.so 0x0
D/dalvikvm( 6839): Added shared lib libnativehelper.so 0x0
D/dalvikvm( 6839): No JNI_OnLoad found in libnativehelper.so 0x0, skipping init
D/dalvikvm( 6839): Note: class Landroid/app/ActivityManagerNative; has 179 unimplemented (abstract) methods
D/AndroidRuntime( 6839): Calling main entry com.android.commands.settings.SettingsCmd
D/AndroidRuntime( 6839): Shutting down VM
D/dalvikvm( 6839): GC_CONCURRENT freed 96K, 15% free 562K/660K, paused 0ms+0ms, total 2ms
D/AndroidRuntime( 6867): 
D/AndroidRuntime( 6867): >>>>>> AndroidRuntime START com.android.internal.os.RuntimeInit <<<<<<
D/AndroidRuntime( 6867): CheckJNI is OFF
D/dalvikvm( 6867): Trying to load lib libjavacore.so 0x0
D/dalvikvm( 6867): Added shared lib libjavacore.so 0x0
D/dalvikvm( 6867): Trying to load lib libnativehelper.so 0x0
D/dalvikvm( 6867): Added shared lib libnativehelper.so 0x0
D/dalvikvm( 6867): No JNI_OnLoad found in libnativehelper.so 0x0, skipping init
D/dalvikvm( 6867): Note: class Landroid/app/ActivityManagerNative; has 179 unimplemented (abstract) methods
D/AndroidRuntime( 6867): Calling main entry com.android.commands.settings.SettingsCmd
D/AndroidRuntime( 6867): Shutting down VM
D/dalvikvm( 6867): GC_CONCURRENT freed 96K, 15% free 562K/660K, paused 1ms+0ms, total 3ms
D/AndroidRuntime( 6900): 
D/AndroidRuntime( 6900): >>>>>> AndroidRuntime START com.android.internal.os.RuntimeInit <<<<<<
D/AndroidRuntime( 6900): CheckJNI is OFF
D/dalvikvm( 6900): Trying to load lib libjavacore.so 0x0
D/dalvikvm( 6900): Added shared lib libjavacore.so 0x0
D/dalvikvm( 6900): Trying to load lib libnativehelper.so 0x0
D/dalvikvm( 6900): Added shared lib libnativehelper.so 0x0
D/dalvikvm( 6900): No JNI_OnLoad found in libnativehelper.so 0x0, skipping init
D/dalvikvm( 6900): Note: class Landroid/app/ActivityManagerNative; has 179 unimplemented (abstract) methods
D/AndroidRuntime( 6900): Calling main entry com.android.commands.settings.SettingsCmd
D/AndroidRuntime( 6900): Shutting down VM
D/dalvikvm( 6900): GC_CONCURRENT freed 96K, 15% free 562K/660K, paused 0ms+1ms, total 3ms
D/AndroidRuntime( 6934): 
D/AndroidRuntime( 6934): >>>>>> AndroidRuntime START com.android.internal.os.RuntimeInit <<<<<<
D/AndroidRuntime( 6934): CheckJNI is OFF
D/dalvikvm( 6934): Trying to load lib libjavacore.so 0x0
D/dalvikvm( 6934): Added shared lib libjavacore.so 0x0
D/dalvikvm( 6934): Trying to load lib libnativehelper.so 0x0
D/dalvikvm( 6934): Added shared lib libnativehelper.so 0x0
D/dalvikvm( 6934): No JNI_OnLoad found in libnativehelper.so 0x0, skipping init
D/dalvikvm( 6934): Note: class Landroid/app/ActivityManagerNative; has 179 unimplemented (abstract) methods
D/AndroidRuntime( 6934): Calling main entry com.android.commands.settings.SettingsCmd
D/AndroidRuntime( 6934): Shutting down VM
D/dalvikvm( 6934): GC_CONCURRENT freed 96K, 15% free 562K/660K, paused 0ms+0ms, total 2ms
D/AndroidRuntime( 6966): 
D/AndroidRuntime( 6966): >>>>>> AndroidRuntime START com.android.internal.os.RuntimeInit <<<<<<
D/AndroidRuntime( 6966): CheckJNI is OFF
D/dalvikvm( 6966): Trying to load lib libjavacore.so 0x0
D/dalvikvm( 6966): Added shared lib libjavacore.so 0x0
D/dalvikvm( 6966): Trying to load lib libnativehelper.so 0x0
D/dalvikvm( 6966): Added shared lib libnativehelper.so 0x0
D/dalvikvm( 6966): No JNI_OnLoad found in libnativehelper.so 0x0, skipping init
D/dalvikvm( 6966): Note: class Landroid/app/ActivityManagerNative; has 179 unimplemented (abstract) methods
D/AndroidRuntime( 6966): Calling main entry com.android.commands.pm.Pm
D/AndroidRuntime( 6966): Shutting down VM
D/dalvikvm( 6966): GC_CONCURRENT freed 251K, 31% free 567K/820K, paused 0ms+0ms, total 4ms
D/dalvikvm(  563): GC_CONCURRENT freed 2635K, 18% free 19517K/23780K, paused 2ms+5ms, total 78ms
D/AndroidRuntime( 7039): 
D/AndroidRuntime( 7039): >>>>>> AndroidRuntime START com.android.internal.os.RuntimeInit <<<<<<
D/AndroidRuntime( 7039): CheckJNI is OFF
D/dalvikvm( 7039): Trying to load lib libjavacore.so 0x0
D/dalvikvm( 7039): Added shared lib libjavacore.so 0x0
D/dalvikvm( 7039): Trying to load lib libnativehelper.so 0x0
D/dalvikvm( 7039): Added shared lib libnativehelper.so 0x0
D/dalvikvm( 7039): No JNI_OnLoad found in libnativehelper.so 0x0, skipping init
D/dalvikvm( 7039): Note: class Landroid/app/ActivityManagerNative; has 179 unimplemented (abstract) methods
D/AndroidRuntime( 7039): Calling main entry com.android.commands.pm.Pm
D/AndroidRuntime( 7039): Shutting down VM
D/dalvikvm( 7039): GC_CONCURRENT freed 251K, 31% free 567K/820K, paused 0ms+0ms, total 3ms
D/AndroidRuntime( 7126): 
D/AndroidRuntime( 7126): >>>>>> AndroidRuntime START com.android.internal.os.RuntimeInit <<<<<<
D/AndroidRuntime( 7126): CheckJNI is OFF
D/dalvikvm( 7126): Trying to load lib libjavacore.so 0x0
D/dalvikvm( 7126): Added shared lib libjavacore.so 0x0
D/dalvikvm( 7126): Trying to load lib libnativehelper.so 0x0
D/dalvikvm( 7126): Added shared lib libnativehelper.so 0x0
D/dalvikvm( 7126): No JNI_OnLoad found in libnativehelper.so 0x0, skipping init
D/dalvikvm( 7126): Note: class Landroid/app/ActivityManagerNative; has 179 unimplemented (abstract) methods
D/AndroidRuntime( 7126): Calling main entry com.android.commands.input.Input
I/Input   ( 7126): injectKeyEvent: KeyEvent { action=ACTION_DOWN, keyCode=KEYCODE_BACK, scanCode=0, metaState=0, flags=0x0, repeatCount=0, eventTime=296953, downTime=296953, deviceId=-1, source=0x101 }
I/Input   ( 7126): injectKeyEvent: KeyEvent { action=ACTION_UP, keyCode=KEYCODE_BACK, scanCode=0, metaState=0, flags=0x0, repeatCount=0, eventTime=296953, downTime=296953, deviceId=-1, source=0x101 }
D/AndroidRuntime( 7126): Shutting down VM
D/dalvikvm( 7126): GC_CONCURRENT freed 98K, 16% free 563K/664K, paused 1ms+1ms, total 3ms
D/AndroidRuntime( 7194): 
D/AndroidRuntime( 7194): >>>>>> AndroidRuntime START com.android.internal.os.RuntimeInit <<<<<<
D/AndroidRuntime( 7194): CheckJNI is OFF
D/dalvikvm( 7194): Trying to load lib libjavacore.so 0x0
D/dalvikvm( 7194): Added shared lib libjavacore.so 0x0
D/dalvikvm( 7194): Trying to load lib libnativehelper.so 0x0
D/dalvikvm( 7194): Added shared lib libnativehelper.so 0x0
D/dalvikvm( 7194): No JNI_OnLoad found in libnativehelper.so 0x0, skipping init
D/dalvikvm( 7194): Note: class Landroid/app/ActivityManagerNative; has 179 unimplemented (abstract) methods
D/AndroidRuntime( 7194): Calling main entry com.android.commands.input.Input
I/Input   ( 7194): injectKeyEvent: KeyEvent { action=ACTION_DOWN, keyCode=KEYCODE_HOME, scanCode=0, metaState=0, flags=0x0, repeatCount=0, eventTime=298753, downTime=298753, deviceId=-1, source=0x101 }
I/Input   ( 7194): injectKeyEvent: KeyEvent { action=ACTION_UP, keyCode=KEYCODE_HOME, scanCode=0, metaState=0, flags=0x0, repeatCount=0, eventTime=298753, downTime=298753, deviceId=-1, source=0x101 }
I/ActivityManager(  563): START u0 {act=android.intent.action.MAIN cat=[android.intent.category.HOME] flg=0x10200000 cmp=com.android.launcher/com.android.launcher2.Launcher} from pid 563
D/AndroidRuntime( 7194): Shutting down VM
D/dalvikvm( 7194): GC_CONCURRENT freed 98K, 16% free 563K/664K, paused 0ms+0ms, total 4ms
D/dalvikvm( 1304): GC_CONCURRENT freed 437K, 5% free 9574K/10048K, paused 2ms+2ms, total 17ms
D/Finsky  ( 1304): [1] 5.onFinished: Installation state replication succeeded.
D/AndroidRuntime( 7236): 
D/AndroidRuntime( 7236): >>>>>> AndroidRuntime START com.android.internal.os.RuntimeInit <<<<<<
D/AndroidRuntime( 7236): CheckJNI is OFF
D/dalvikvm( 7236): Trying to load lib libjavacore.so 0x0
D/dalvikvm( 7236): Added shared lib libjavacore.so 0x0
D/dalvikvm( 7236): Trying to load lib libnativehelper.so 0x0
D/dalvikvm( 7236): Added shared lib libnativehelper.so 0x0
D/dalvikvm( 7236): No JNI_OnLoad found in libnativehelper.so 0x0, skipping init
D/dalvikvm( 7236): Note: class Landroid/app/ActivityManagerNative; has 179 unimplemented (abstract) methods
D/AndroidRuntime( 7236): Calling main entry com.android.commands.input.Input
I/Input   ( 7236): injectKeyEvent: KeyEvent { action=ACTION_DOWN, keyCode=KEYCODE_BACK, scanCode=0, metaState=0, flags=0x0, repeatCount=0, eventTime=300095, downTime=300095, deviceId=-1, source=0x101 }
I/Input   ( 7236): injectKeyEvent: KeyEvent { action=ACTION_UP, keyCode=KEYCODE_BACK, scanCode=0, metaState=0, flags=0x0, repeatCount=0, eventTime=300095, downTime=300095, deviceId=-1, source=0x101 }
D/AndroidRuntime( 7236): Shutting down VM
D/dalvikvm( 7236): GC_CONCURRENT freed 98K, 16% free 563K/664K, paused 1ms+0ms, total 3ms
D/AndroidRuntime( 7275): 
D/AndroidRuntime( 7275): >>>>>> AndroidRuntime START com.android.internal.os.RuntimeInit <<<<<<
D/AndroidRuntime( 7275): CheckJNI is OFF
D/dalvikvm( 7275): Trying to load lib libjavacore.so 0x0
D/dalvikvm( 7275): Added shared lib libjavacore.so 0x0
D/dalvikvm( 7275): Trying to load lib libnativehelper.so 0x0
D/dalvikvm( 7275): Added shared lib libnativehelper.so 0x0
D/dalvikvm( 7275): No JNI_OnLoad found in libnativehelper.so 0x0, skipping init
D/dalvikvm( 7275): Note: class Landroid/app/ActivityManagerNative; has 179 unimplemented (abstract) methods
D/AndroidRuntime( 7275): Calling main entry com.android.commands.am.Am
I/ActivityManager(  563): Force stopping com.careerbuilder.SugarDrone appid=18573 user=0: start instr
D/dalvikvm( 7300): Late-enabling CheckJNI
I/ActivityManager(  563): Start proc com.careerbuilder.SugarDrone for added application com.careerbuilder.SugarDrone: pid=7300 uid=18573 gids={58573, 3003, 1028, 1015}
I/dalvikvm( 7300): Could not find method android.app.Instrumentation.execStartActivity, referenced from method sh.calaba.exposed.InstrumentationExposed.execStartActivity
W/dalvikvm( 7300): VFY: unable to resolve virtual method 38: Landroid/app/Instrumentation;.execStartActivity (Landroid/content/Context;Landroid/os/IBinder;Landroid/os/IBinder;Landroid/app/Activity;Landroid/content/Intent;I)Landroid/app/Instrumentation$ActivityResult;
D/dalvikvm( 7300): VFY: replacing opcode 0x75 at 0x0000
I/dalvikvm( 7300): Could not find method android.app.Instrumentation.execStartActivity, referenced from method sh.calaba.exposed.InstrumentationExposed.execStartActivity
W/dalvikvm( 7300): VFY: unable to resolve virtual method 41: Landroid/app/Instrumentation;.execStartActivity (Landroid/content/Context;Landroid/os/IBinder;Landroid/os/IBinder;Landroid/app/Fragment;Landroid/content/Intent;I)Landroid/app/Instrumentation$ActivityResult;
D/dalvikvm( 7300): VFY: replacing opcode 0x75 at 0x0000
I/dalvikvm( 7300): Could not find method android.app.Instrumentation.execStartActivityAsCaller, referenced from method sh.calaba.exposed.InstrumentationExposed.execStartActivityAsCaller
W/dalvikvm( 7300): VFY: unable to resolve virtual method 43: Landroid/app/Instrumentation;.execStartActivityAsCaller (Landroid/content/Context;Landroid/os/IBinder;Landroid/os/IBinder;Landroid/app/Activity;Landroid/content/Intent;ILandroid/os/Bundle;I)Landroid/app/Instrumentation$ActivityResult;
D/dalvikvm( 7300): VFY: replacing opcode 0x75 at 0x0000
D/dalvikvm( 7300): Trying to load lib /data/app-lib/com.careerbuilder.SugarDrone-1/libmonodroid.so 0x41eb9bb0
D/dalvikvm( 7300): Added shared lib /data/app-lib/com.careerbuilder.SugarDrone-1/libmonodroid.so 0x41eb9bb0
W/monodroid( 7300): Using override path: /data/data/com.careerbuilder.SugarDrone/files/.__override__
W/monodroid( 7300): Trying to load sgen from: /data/data/com.careerbuilder.SugarDrone/files/.__override__/libmonosgen-2.0.so
W/monodroid( 7300): Trying to load sgen from: /storage/emulated/0/Android/data/com.careerbuilder.SugarDrone/files/.__override__/libmonosgen-2.0.so
W/monodroid( 7300): Trying to load sgen from: /data/app-lib/com.careerbuilder.SugarDrone-1/libmonosgen-2.0.so
D/Mono    ( 7300): Image addref mscorlib[0x758b51d8] -> mscorlib.dll[0x758b4520]: 2
D/Mono    ( 7300): Prepared to set up assembly 'mscorlib' (mscorlib.dll)
D/Mono    ( 7300): AOT module 'mscorlib.dll.so' not found: dlopen failed: library "/data/app-lib/com.careerbuilder.SugarDrone-1/libaot-mscorlib.dll.so" not found
D/Mono    ( 7300): AOT module '/Users/builder/data/lanes/4009/3a62f1ea/source/monodroid/builds/install/mono-armv6/lib/mono/aot-cache/arm/mscorlib.dll.so' not found: dlopen failed: library "/data/app-lib/com.careerbuilder.SugarDrone-1/libaot-mscorlib.dll.so" not found
D/Mono    ( 7300): Config attempting to parse: 'mscorlib.dll.config'.
D/Mono    ( 7300): Config attempting to parse: '/Users/builder/data/lanes/4009/3a62f1ea/source/monodroid/builds/install/mono-armv6/etc/mono/assemblies/mscorlib/mscorlib.config'.
D/Mono    ( 7300): Assembly mscorlib[0x758b51d8] added to domain RootDomain, ref_count=1
D/Mono    ( 7300): Image addref CareerBuilder_Search.Droid[0x7a3ff230] -> CareerBuilder_Search.Droid.dll[0x7a36b568]: 2
D/Mono    ( 7300): Prepared to set up assembly 'CareerBuilder_Search.Droid' (CareerBuilder_Search.Droid.dll)
D/Mono    ( 7300): Assembly CareerBuilder_Search.Droid[0x7a3ff230] added to domain RootDomain, ref_count=1
D/Mono    ( 7300): AOT module 'CareerBuilder_Search.Droid.dll.so' not found: dlopen failed: library "/data/app-lib/com.careerbuilder.SugarDrone-1/libaot-CareerBuilder_Search.Droid.dll.so" not found
D/Mono    ( 7300): AOT module '/Users/builder/data/lanes/4009/3a62f1ea/source/monodroid/builds/install/mono-armv6/lib/mono/aot-cache/arm/CareerBuilder_Search.Droid.dll.so' not found: dlopen failed: library "/data/app-lib/com.careerbuilder.SugarDrone-1/libaot-CareerBuilder_Search.Droid.dll.so" not found
D/Mono    ( 7300): Config attempting to parse: 'CareerBuilder_Search.Droid.dll.config'.
D/Mono    ( 7300): Config attempting to parse: '/Users/builder/data/lanes/4009/3a62f1ea/source/monodroid/builds/install/mono-armv6/etc/mono/assemblies/CareerBuilder_Search.Droid/CareerBuilder_Search.Droid.config'.
D/Mono    ( 7300): Image addref AppsFlyerXamarinBindingAndroid[0x7b1170c0] -> AppsFlyerXamarinBindingAndroid.dll[0x7a3ff448]: 2
D/Mono    ( 7300): Prepared to set up assembly 'AppsFlyerXamarinBindingAndroid' (AppsFlyerXamarinBindingAndroid.dll)
D/Mono    ( 7300): Assembly AppsFlyerXamarinBindingAndroid[0x7b1170c0] added to domain RootDomain, ref_count=1
D/Mono    ( 7300): AOT module 'AppsFlyerXamarinBindingAndroid.dll.so' not found: dlopen failed: library "/data/app-lib/com.careerbuilder.SugarDrone-1/libaot-AppsFlyerXamarinBindingAndroid.dll.so" not found
D/Mono    ( 7300): AOT module '/Users/builder/data/lanes/4009/3a62f1ea/source/monodroid/builds/install/mono-armv6/lib/mono/aot-cache/arm/AppsFlyerXamarinBindingAndroid.dll.so' not found: dlopen failed: library "/data/app-lib/com.careerbuilder.SugarDrone-1/libaot-AppsFlyerXamarinBindingAndroid.dll.so" not found
D/Mono    ( 7300): Config attempting to parse: 'AppsFlyerXamarinBindingAndroid.dll.config'.
D/Mono    ( 7300): Config attempting to parse: '/Users/builder/data/lanes/4009/3a62f1ea/source/monodroid/builds/install/mono-armv6/etc/mono/assemblies/AppsFlyerXamarinBindingAndroid/AppsFlyerXamarinBindingAndroid.config'.
D/Mono    ( 7300): Image addref HockeySDK[0x7b117de0] -> HockeySDK.dll[0x7b1171c0]: 2
D/Mono    ( 7300): Prepared to set up assembly 'HockeySDK' (HockeySDK.dll)
D/Mono    ( 7300): Assembly HockeySDK[0x7b117de0] added to domain RootDomain, ref_count=1
D/Mono    ( 7300): AOT module 'HockeySDK.dll.so' not found: dlopen failed: library "/data/app-lib/com.careerbuilder.SugarDrone-1/libaot-HockeySDK.dll.so" not found
D/Mono    ( 7300): AOT module '/Users/builder/data/lanes/4009/3a62f1ea/source/monodroid/builds/install/mono-armv6/lib/mono/aot-cache/arm/HockeySDK.dll.so' not found: dlopen failed: library "/data/app-lib/com.careerbuilder.SugarDrone-1/libaot-HockeySDK.dll.so" not found
D/Mono    ( 7300): Config attempting to parse: 'HockeySDK.dll.config'.
D/Mono    ( 7300): Config attempting to parse: '/Users/builder/data/lanes/4009/3a62f1ea/source/monodroid/builds/install/mono-armv6/etc/mono/assemblies/HockeySDK/HockeySDK.config'.
D/Mono    ( 7300): Image addref Akavache[0x7b118b58] -> Akavache.dll[0x7b117ec8]: 2
D/Mono    ( 7300): Prepared to set up assembly 'Akavache' (Akavache.dll)
D/Mono    ( 7300): Assembly Akavache[0x7b118b58] added to domain RootDomain, ref_count=1
D/Mono    ( 7300): AOT module 'Akavache.dll.so' not found: dlopen failed: library "/data/app-lib/com.careerbuilder.SugarDrone-1/libaot-Akavache.dll.so" not found
D/Mono    ( 7300): AOT module '/Users/builder/data/lanes/4009/3a62f1ea/source/monodroid/builds/install/mono-armv6/lib/mono/aot-cache/arm/Akavache.dll.so' not found: dlopen failed: library "/data/app-lib/com.careerbuilder.SugarDrone-1/libaot-Akavache.dll.so" not found
D/Mono    ( 7300): Config attempting to parse: 'Akavache.dll.config'.
D/Mono    ( 7300): Config attempting to parse: '/Users/builder/data/lanes/4009/3a62f1ea/source/monodroid/builds/install/mono-armv6/etc/mono/assemblies/Akavache/Akavache.config'.
D/Mono    ( 7300): Image addref Akavache.Sqlite3[0x7b1198c8] -> Akavache.Sqlite3.dll[0x7b118c78]: 2
D/Mono    ( 7300): Prepared to set up assembly 'Akavache.Sqlite3' (Akavache.Sqlite3.dll)
D/Mono    ( 7300): Assembly Akavache.Sqlite3[0x7b1198c8] added to domain RootDomain, ref_count=1
D/Mono    ( 7300): AOT module 'Akavache.Sqlite3.dll.so' not found: dlopen failed: library "/data/app-lib/com.careerbuilder.SugarDrone-1/libaot-Akavache.Sqlite3.dll.so" not found
D/Mono    ( 7300): AOT module '/Users/builder/data/lanes/4009/3a62f1ea/source/monodroid/builds/install/mono-armv6/lib/mono/aot-cache/arm/Akavache.Sqlite3.dll.so' not found: dlopen failed: library "/data/app-lib/com.careerbuilder.SugarDrone-1/libaot-Akavache.Sqlite3.dll.so" not found
W/        ( 7300): Symbol file LoadedFromMemory doesn't match image Akavache.Sqlite3.dll
D/Mono    ( 7300): Config attempting to parse: 'Akavache.Sqlite3.dll.config'.
D/Mono    ( 7300): Config attempting to parse: '/Users/builder/data/lanes/4009/3a62f1ea/source/monodroid/builds/install/mono-armv6/etc/mono/assemblies/Akavache.Sqlite3/Akavache.Sqlite3.config'.
D/Mono    ( 7300): Image addref Splat[0x7b11a5f8] -> Splat.dll[0x7b1199b8]: 2
D/Mono    ( 7300): Prepared to set up assembly 'Splat' (Splat.dll)
D/Mono    ( 7300): Assembly Splat[0x7b11a5f8] added to domain RootDomain, ref_count=1
D/Mono    ( 7300): AOT module 'Splat.dll.so' not found: dlopen failed: library "/data/app-lib/com.careerbuilder.SugarDrone-1/libaot-Splat.dll.so" not found
D/Mono    ( 7300): AOT module '/Users/builder/data/lanes/4009/3a62f1ea/source/monodroid/builds/install/mono-armv6/lib/mono/aot-cache/arm/Splat.dll.so' not found: dlopen failed: library "/data/app-lib/com.careerbuilder.SugarDrone-1/libaot-Splat.dll.so" not found
D/Mono    ( 7300): Config attempting to parse: 'Splat.dll.config'.
D/Mono    ( 7300): Config attempting to parse: '/Users/builder/data/lanes/4009/3a62f1ea/source/monodroid/builds/install/mono-armv6/etc/mono/assemblies/Splat/Splat.config'.
D/Mono    ( 7300): Image addref Microsoft.Practices.ServiceLocation[0x7b11e410] -> Microsoft.Practices.ServiceLocation.dll[0x7b11d7d0]: 2
D/Mono    ( 7300): Prepared to set up assembly 'Microsoft.Practices.ServiceLocation' (Microsoft.Practices.ServiceLocation.dll)
D/Mono    ( 7300): Assembly Microsoft.Practices.ServiceLocation[0x7b11e410] added to domain RootDomain, ref_count=1
D/Mono    ( 7300): AOT module 'Microsoft.Practices.ServiceLocation.dll.so' not found: dlopen failed: library "/data/app-lib/com.careerbuilder.SugarDrone-1/libaot-Microsoft.Practices.ServiceLocation.dll.so" not found
D/Mono    ( 7300): AOT module '/Users/builder/data/lanes/4009/3a62f1ea/source/monodroid/builds/install/mono-armv6/lib/mono/aot-cache/arm/Microsoft.Practices.ServiceLocation.dll.so' not found: dlopen failed: library "/data/app-lib/com.careerbuilder.SugarDrone-1/libaot-Microsoft.Practices.ServiceLocation.dll.so" not found
D/Mono    ( 7300): Config attempting to parse: 'Microsoft.Practices.ServiceLocation.dll.config'.
D/Mono    ( 7300): Config attempting to parse: '/Users/builder/data/lanes/4009/3a62f1ea/source/monodroid/builds/install/mono-armv6/etc/mono/assemblies/Microsoft.Practices.ServiceLocation/Microsoft.Practices.ServiceLocation.config'.
D/Mono    ( 7300): Image addref Microsoft.Practices.Unity[0x7b11f9f8] -> Microsoft.Practices.Unity.dll[0x7b11ed88]: 2
D/Mono    ( 7300): Prepared to set up assembly 'Microsoft.Practices.Unity' (Microsoft.Practices.Unity.dll)
D/Mono    ( 7300): Assembly Microsoft.Practices.Unity[0x7b11f9f8] added to domain RootDomain, ref_count=1
D/Mono    ( 7300): AOT module 'Microsoft.Practices.Unity.dll.so' not found: dlopen failed: library "/data/app-lib/com.careerbuilder.SugarDrone-1/libaot-Microsoft.Practices.Unity.dll.so" not found
D/Mono    ( 7300): AOT module '/Users/builder/data/lanes/4009/3a62f1ea/source/monodroid/builds/install/mono-armv6/lib/mono/aot-cache/arm/Microsoft.Practices.Unity.dll.so' not found: dlopen failed: library "/data/app-lib/com.careerbuilder.SugarDrone-1/libaot-Microsoft.Practices.Unity.dll.so" not found
D/Mono    ( 7300): Config attempting to parse: 'Microsoft.Practices.Unity.dll.config'.
D/Mono    ( 7300): Config attempting to parse: '/Users/builder/data/lanes/4009/3a62f1ea/source/monodroid/builds/install/mono-armv6/etc/mono/assemblies/Microsoft.Practices.Unity/Microsoft.Practices.Unity.config'.
D/Mono    ( 7300): Image addref Plugin.CurrentActivity[0x7b120748] -> Plugin.CurrentActivity.dll[0x7b11fb18]: 2
D/Mono    ( 7300): Prepared to set up assembly 'Plugin.CurrentActivity' (Plugin.CurrentActivity.dll)
D/Mono    ( 7300): Assembly Plugin.CurrentActivity[0x7b120748] added to domain RootDomain, ref_count=1
D/Mono    ( 7300): AOT module 'Plugin.CurrentActivity.dll.so' not found: dlopen failed: library "/data/app-lib/com.careerbuilder.SugarDrone-1/libaot-Plugin.CurrentActivity.dll.so" not found
D/Mono    ( 7300): AOT module '/Users/builder/data/lanes/4009/3a62f1ea/source/monodroid/builds/install/mono-armv6/lib/mono/aot-cache/arm/Plugin.CurrentActivity.dll.so' not found: dlopen failed: library "/data/app-lib/com.careerbuilder.SugarDrone-1/libaot-Plugin.CurrentActivity.dll.so" not found
D/Mono    ( 7300): Config attempting to parse: 'Plugin.CurrentActivity.dll.config'.
D/Mono    ( 7300): Config attempting to parse: '/Users/builder/data/lanes/4009/3a62f1ea/source/monodroid/builds/install/mono-armv6/etc/mono/assemblies/Plugin.CurrentActivity/Plugin.CurrentActivity.config'.
D/Mono    ( 7300): Image addref Plugin.Permissions[0x7b121498] -> Plugin.Permissions.dll[0x7b120878]: 2
D/Mono    ( 7300): Prepared to set up assembly 'Plugin.Permissions' (Plugin.Permissions.dll)
D/Mono    ( 7300): Assembly Plugin.Permissions[0x7b121498] added to domain RootDomain, ref_count=1
D/Mono    ( 7300): AOT module 'Plugin.Permissions.dll.so' not found: dlopen failed: library "/data/app-lib/com.careerbuilder.SugarDrone-1/libaot-Plugin.Permissions.dll.so" not found
D/Mono    ( 7300): AOT module '/Users/builder/data/lanes/4009/3a62f1ea/source/monodroid/builds/install/mono-armv6/lib/mono/aot-cache/arm/Plugin.Permissions.dll.so' not found: dlopen failed: library "/data/app-lib/com.careerbuilder.SugarDrone-1/libaot-Plugin.Permissions.dll.so" not found
D/Mono    ( 7300): Config attempting to parse: 'Plugin.Permissions.dll.config'.
D/Mono    ( 7300): Config attempting to parse: '/Users/builder/data/lanes/4009/3a62f1ea/source/monodroid/builds/install/mono-armv6/etc/mono/assemblies/Plugin.Permissions/Plugin.Permissions.config'.
D/Mono    ( 7300): Image addref Plugin.Permissions.Abstractions[0x7b122bb8] -> Plugin.Permissions.Abstractions.dll[0x7b121f58]: 2
D/Mono    ( 7300): Prepared to set up assembly 'Plugin.Permissions.Abstractions' (Plugin.Permissions.Abstractions.dll)
D/Mono    ( 7300): Assembly Plugin.Permissions.Abstractions[0x7b122bb8] added to domain RootDomain, ref_count=1
D/Mono    ( 7300): AOT module 'Plugin.Permissions.Abstractions.dll.so' not found: dlopen failed: library "/data/app-lib/com.careerbuilder.SugarDrone-1/libaot-Plugin.Permissions.Abstractions.dll.so" not found
D/Mono    ( 7300): AOT module '/Users/builder/data/lanes/4009/3a62f1ea/source/monodroid/builds/install/mono-armv6/lib/mono/aot-cache/arm/Plugin.Permissions.Abstractions.dll.so' not found: dlopen failed: library "/data/app-lib/com.careerbuilder.SugarDrone-1/libaot-Plugin.Permissions.Abstractions.dll.so" not found
D/Mono    ( 7300): Config attempting to parse: 'Plugin.Permissions.Abstractions.dll.config'.
D/Mono    ( 7300): Config attempting to parse: '/Users/builder/data/lanes/4009/3a62f1ea/source/monodroid/builds/install/mono-armv6/etc/mono/assemblies/Plugin.Permissions.Abstractions/Plugin.Permissions.Abstractions.config'.
D/Mono    ( 7300): Image addref Plugin.Geolocator[0x7b123a68] -> Plugin.Geolocator.dll[0x7b122e18]: 2
D/Mono    ( 7300): Prepared to set up assembly 'Plugin.Geolocator' (Plugin.Geolocator.dll)
D/Mono    ( 7300): Assembly Plugin.Geolocator[0x7b123a68] added to domain RootDomain, ref_count=1
D/Mono    ( 7300): AOT module 'Plugin.Geolocator.dll.so' not found: dlopen failed: library "/data/app-lib/com.careerbuilder.SugarDrone-1/libaot-Plugin.Geolocator.dll.so" not found
D/Mono    ( 7300): AOT module '/Users/builder/data/lanes/4009/3a62f1ea/source/monodroid/builds/install/mono-armv6/lib/mono/aot-cache/arm/Plugin.Geolocator.dll.so' not found: dlopen failed: library "/data/app-lib/com.careerbuilder.SugarDrone-1/libaot-Plugin.Geolocator.dll.so" not found
D/Mono    ( 7300): Config attempting to parse: 'Plugin.Geolocator.dll.config'.
D/Mono    ( 7300): Config attempting to parse: '/Users/builder/data/lanes/4009/3a62f1ea/source/monodroid/builds/install/mono-armv6/etc/mono/assemblies/Plugin.Geolocator/Plugin.Geolocator.config'.
D/Mono    ( 7300): Image addref Plugin.Geolocator.Abstractions[0x7b125a00] -> Plugin.Geolocator.Abstractions.dll[0x7b124de8]: 2
D/Mono    ( 7300): Prepared to set up assembly 'Plugin.Geolocator.Abstractions' (Plugin.Geolocator.Abstractions.dll)
D/Mono    ( 7300): Assembly Plugin.Geolocator.Abstractions[0x7b125a00] added to domain RootDomain, ref_count=1
D/Mono    ( 7300): AOT module 'Plugin.Geolocator.Abstractions.dll.so' not found: dlopen failed: library "/data/app-lib/com.careerbuilder.SugarDrone-1/libaot-Plugin.Geolocator.Abstractions.dll.so" not found
D/Mono    ( 7300): AOT module '/Users/builder/data/lanes/4009/3a62f1ea/source/monodroid/builds/install/mono-armv6/lib/mono/aot-cache/arm/Plugin.Geolocator.Abstractions.dll.so' not found: dlopen failed: library "/data/app-lib/com.careerbuilder.SugarDrone-1/libaot-Plugin.Geolocator.Abstractions.dll.so" not found
D/Mono    ( 7300): Config attempting to parse: 'Plugin.Geolocator.Abstractions.dll.config'.
D/Mono    ( 7300): Config attempting to parse: '/Users/builder/data/lanes/4009/3a62f1ea/source/monodroid/builds/install/mono-armv6/etc/mono/assemblies/Plugin.Geolocator.Abstractions/Plugin.Geolocator.Abstractions.config'.
D/Mono    ( 7300): Image addref Plugin.DeviceInfo[0x7b126d78] -> Plugin.DeviceInfo.dll[0x7b126118]: 2
D/Mono    ( 7300): Prepared to set up assembly 'Plugin.DeviceInfo' (Plugin.DeviceInfo.dll)
D/Mono    ( 7300): Assembly Plugin.DeviceInfo[0x7b126d78] added to domain RootDomain, ref_count=1
D/Mono    ( 7300): AOT module 'Plugin.DeviceInfo.dll.so' not found: dlopen failed: library "/data/app-lib/com.careerbuilder.SugarDrone-1/libaot-Plugin.DeviceInfo.dll.so" not found
D/Mono    ( 7300): AOT module '/Users/builder/data/lanes/4009/3a62f1ea/source/monodroid/builds/install/mono-armv6/lib/mono/aot-cache/arm/Plugin.DeviceInfo.dll.so' not found: dlopen failed: library "/data/app-lib/com.careerbuilder.SugarDrone-1/libaot-Plugin.DeviceInfo.dll.so" not found
D/Mono    ( 7300): Config attempting to parse: 'Plugin.DeviceInfo.dll.config'.
D/Mono    ( 7300): Config attempting to parse: '/Users/builder/data/lanes/4009/3a62f1ea/source/monodroid/builds/install/mono-armv6/etc/mono/assemblies/Plugin.DeviceInfo/Plugin.DeviceInfo.config'.
D/Mono    ( 7300): Image addref Plugin.DeviceInfo.Abstractions[0x7b127f68] -> Plugin.DeviceInfo.Abstractions.dll[0x7b1272f8]: 2
D/Mono    ( 7300): Prepared to set up assembly 'Plugin.DeviceInfo.Abstractions' (Plugin.DeviceInfo.Abstractions.dll)
D/Mono    ( 7300): Assembly Plugin.DeviceInfo.Abstractions[0x7b127f68] added to domain RootDomain, ref_count=1
D/Mono    ( 7300): AOT module 'Plugin.DeviceInfo.Abstractions.dll.so' not found: dlopen failed: library "/data/app-lib/com.careerbuilder.SugarDrone-1/libaot-Plugin.DeviceInfo.Abstractions.dll.so" not found
D/Mono    ( 7300): AOT module '/Users/builder/data/lanes/4009/3a62f1ea/source/monodroid/builds/install/mono-armv6/lib/mono/aot-cache/arm/Plugin.DeviceInfo.Abstractions.dll.so' not found: dlopen failed: library "/data/app-lib/com.careerbuilder.SugarDrone-1/libaot-Plugin.DeviceInfo.Abstractions.dll.so" not found
D/Mono    ( 7300): Config attempting to parse: 'Plugin.DeviceInfo.Abstractions.dll.config'.
D/Mono    ( 7300): Config attempting to parse: '/Users/builder/data/lanes/4009/3a62f1ea/source/monodroid/builds/install/mono-armv6/etc/mono/assemblies/Plugin.DeviceInfo.Abstractions/Plugin.DeviceInfo.Abstractions.config'.
D/Mono    ( 7300): Image addref Xamarin.GooglePlayServices.Analytics[0x7b128e50] -> Xamarin.GooglePlayServices.Analytics.dll[0x7b128240]: 2
D/Mono    ( 7300): Prepared to set up assembly 'Xamarin.GooglePlayServices.Analytics' (Xamarin.GooglePlayServices.Analytics.dll)
D/Mono    ( 7300): Assembly Xamarin.GooglePlayServices.Analytics[0x7b128e50] added to domain RootDomain, ref_count=1
D/Mono    ( 7300): AOT module 'Xamarin.GooglePlayServices.Analytics.dll.so' not found: dlopen failed: library "/data/app-lib/com.careerbuilder.SugarDrone-1/libaot-Xamarin.GooglePlayServices.Analytics.dll.so" not found
D/Mono    ( 7300): AOT module '/Users/builder/data/lanes/4009/3a62f1ea/source/monodroid/builds/install/mono-armv6/lib/mono/aot-cache/arm/Xamarin.GooglePlayServices.Analytics.dll.so' not found: dlopen failed: library "/data/app-lib/com.careerbuilder.SugarDrone-1/libaot-Xamarin.GooglePlayServices.Analytics.dll.so" not found
D/Mono    ( 7300): Config attempting to parse: 'Xamarin.GooglePlayServices.Analytics.dll.config'.
D/Mono    ( 7300): Config attempting to parse: '/Users/builder/data/lanes/4009/3a62f1ea/source/monodroid/builds/install/mono-armv6/etc/mono/assemblies/Xamarin.GooglePlayServices.Analytics/Xamarin.GooglePlayServices.Analytics.config'.
D/Mono    ( 7300): Image addref Xamarin.GooglePlayServices.Base[0x7b129ba8] -> Xamarin.GooglePlayServices.Base.dll[0x7b128ff0]: 2
D/Mono    ( 7300): Prepared to set up assembly 'Xamarin.GooglePlayServices.Base' (Xamarin.GooglePlayServices.Base.dll)
D/Mono    ( 7300): Assembly Xamarin.GooglePlayServices.Base[0x7b129ba8] added to domain RootDomain, ref_count=1
D/Mono    ( 7300): AOT module 'Xamarin.GooglePlayServices.Base.dll.so' not found: dlopen failed: library "/data/app-lib/com.careerbuilder.SugarDrone-1/libaot-Xamarin.GooglePlayServices.Base.dll.so" not found
