I/System.out( 6980): params: {json={"query":"* id:'agreeAndContinueButton'","operation":{"method_name":"query","arguments":[]}}
I/System.out( 6980): }
W/ResourceType( 6980): No known package when getting name for resource number 0xffffffff
W/ResourceType( 6980): No known package when getting name for resource number 0xffffffff
W/ResourceType( 6980): No known package when getting name for resource number 0xffffffff
W/ResourceType( 6980): No known package when getting name for resource number 0xffffffff
W/ResourceType( 6980): No known package when getting name for resource number 0xffffffff
W/ResourceType( 6980): No known package when getting name for resource number 0xffffffff
W/ResourceType( 6980): No known package when getting name for resource number 0xffffffff
D/dalvikvm( 6980): GC_CONCURRENT freed 506K, 6% free 10589K/11264K, paused 3ms+1ms, total 19ms
D/dalvikvm( 6980): GC_CONCURRENT freed 535K, 6% free 10591K/11264K, paused 13ms+2ms, total 33ms
D/dalvikvm( 6980): WAIT_FOR_CONCURRENT_GC blocked 7ms
I/System.out( 6980): URI: /map
I/System.out( 6980): params: {json={"query":"* id:'agreeAndContinueButton'","operation":{"method_name":"query","arguments":[]}}
I/System.out( 6980): }
D/dalvikvm( 6980): GC_CONCURRENT freed 459K, 5% free 10766K/11264K, paused 2ms+1ms, total 36ms
D/dalvikvm( 6980): WAIT_FOR_CONCURRENT_GC blocked 2ms
W/ResourceType( 6980): No known package when getting name for resource number 0xffffffff
W/ResourceType( 6980): No known package when getting name for resource number 0xffffffff
W/ResourceType( 6980): No known package when getting name for resource number 0xffffffff
W/ResourceType( 6980): No known package when getting name for resource number 0xffffffff
W/ResourceType( 6980): No known package when getting name for resource number 0xffffffff
W/ResourceType( 6980): No known package when getting name for resource number 0xffffffff
W/ResourceType( 6980): No known package when getting name for resource number 0xffffffff
D/dalvikvm( 6980): GC_CONCURRENT freed 753K, 7% free 10611K/11396K, paused 2ms+11ms, total 27ms
D/dalvikvm( 6980): WAIT_FOR_CONCURRENT_GC blocked 3ms
D/dalvikvm( 6980): GC_CONCURRENT freed 521K, 7% free 10634K/11396K, paused 2ms+3ms, total 18ms
D/dalvikvm( 6980): WAIT_FOR_CONCURRENT_GC blocked 2ms
D/dalvikvm( 6980): WAIT_FOR_CONCURRENT_GC blocked 5ms
D/Mono    ( 6980): Assembly Ref addref System.Net.Http[0x7bcd3508] -> System.Core[0x7ba26cb8]: 13
I/System.out( 6980): URI: /map
I/System.out( 6980): params: {json={"query":"* id:'agreeAndContinueButton'","operation":{"method_name":"query","arguments":[]}}
I/System.out( 6980): }
W/ResourceType( 6980): No known package when getting name for resource number 0xffffffff
W/ResourceType( 6980): No known package when getting name for resource number 0xffffffff
W/ResourceType( 6980): No known package when getting name for resource number 0xffffffff
W/ResourceType( 6980): No known package when getting name for resource number 0xffffffff
W/ResourceType( 6980): No known package when getting name for resource number 0xffffffff
W/ResourceType( 6980): No known package when getting name for resource number 0xffffffff
W/ResourceType( 6980): No known package when getting name for resource number 0xffffffff
D/Mono    ( 6980): Assembly Ref addref Mono.Android[0x7a3d4f68] -> System[0x7b889708]: 12
D/dalvikvm( 6980): GC_CONCURRENT freed 568K, 7% free 10621K/11396K, paused 1ms+3ms, total 26ms
D/dalvikvm( 6980): WAIT_FOR_CONCURRENT_GC blocked 4ms
D/Mono    ( 6980): DllImport searching in: '__Internal' ('(null)').
D/Mono    ( 6980): Searching for 'java_interop_jnienv_call_nonvirtual_int_method_a'.
D/Mono    ( 6980): Probing 'java_interop_jnienv_call_nonvirtual_int_method_a'.
D/Mono    ( 6980): Found as 'java_interop_jnienv_call_nonvirtual_int_method_a'.
D/dalvikvm( 6980): GC_CONCURRENT freed 522K, 7% free 10631K/11396K, paused 2ms+10ms, total 26ms
D/Mono    ( 6980): DllImport searching in: '__Internal' ('(null)').
D/Mono    ( 6980): Searching for 'java_interop_jnienv_get_float_field'.
D/Mono    ( 6980): Probing 'java_interop_jnienv_get_float_field'.
D/Mono    ( 6980): Found as 'java_interop_jnienv_get_float_field'.
D/Mono    ( 6980): DllImport searching in: '__Internal' ('(null)').
D/Mono    ( 6980): Searching for 'java_interop_jnienv_new_object_array'.
D/Mono    ( 6980): Probing 'java_interop_jnienv_new_object_array'.
D/Mono    ( 6980): Found as 'java_interop_jnienv_new_object_array'.
D/Mono    ( 6980): DllImport searching in: '__Internal' ('(null)').
D/Mono    ( 6980): Searching for 'java_interop_jnienv_set_object_array_element'.
D/Mono    ( 6980): Probing 'java_interop_jnienv_set_object_array_element'.
D/Mono    ( 6980): Found as 'java_interop_jnienv_set_object_array_element'.
I/System.out( 6980): URI: /map
I/System.out( 6980): params: {json={"query":"* id:'agreeAndContinueButton'","operation":{"method_name":"query","arguments":[]}}
I/System.out( 6980): }
D/dalvikvm( 6980): GC_CONCURRENT freed 585K, 8% free 10596K/11396K, paused 2ms+3ms, total 23ms
D/dalvikvm( 6980): WAIT_FOR_CONCURRENT_GC blocked 11ms
W/ResourceType( 6980): No known package when getting name for resource number 0xffffffff
W/ResourceType( 6980): No known package when getting name for resource number 0xffffffff
W/ResourceType( 6980): No known package when getting name for resource number 0xffffffff
W/ResourceType( 6980): No known package when getting name for resource number 0xffffffff
W/ResourceType( 6980): No known package when getting name for resource number 0xffffffff
W/ResourceType( 6980): No known package when getting name for resource number 0xffffffff
W/ResourceType( 6980): No known package when getting name for resource number 0xffffffff
D/dalvikvm( 6980): GC_CONCURRENT freed 477K, 7% free 10612K/11396K, paused 1ms+5ms, total 36ms
D/dalvikvm( 6980): GC_CONCURRENT freed 448K, 7% free 10682K/11396K, paused 2ms+2ms, total 33ms
I/System.out( 6980): URI: /map
I/System.out( 6980): params: {json={"query":"* id:'agreeAndContinueButton'","operation":{"method_name":"query","arguments":[]}}
I/System.out( 6980): }
D/dalvikvm( 6980): GC_CONCURRENT freed 605K, 7% free 10635K/11396K, paused 1ms+3ms, total 20ms
W/ResourceType( 6980): No known package when getting name for resource number 0xffffffff
W/ResourceType( 6980): No known package when getting name for resource number 0xffffffff
W/ResourceType( 6980): No known package when getting name for resource number 0xffffffff
W/ResourceType( 6980): No known package when getting name for resource number 0xffffffff
W/ResourceType( 6980): No known package when getting name for resource number 0xffffffff
W/ResourceType( 6980): No known package when getting name for resource number 0xffffffff
W/ResourceType( 6980): No known package when getting name for resource number 0xffffffff
D/dalvikvm( 6980): GC_CONCURRENT freed 584K, 8% free 10596K/11396K, paused 3ms+1ms, total 20ms
D/dalvikvm( 6980): GC_CONCURRENT freed 503K, 7% free 10633K/11396K, paused 2ms+2ms, total 20ms
D/Mono    ( 6980): Unloading image System.dll [0x7d9f94f0].
D/Mono    ( 6980): Image addref System[0x7d9f9360] -> System.dll[0x7b895880]: 5
D/Mono    ( 6980): Config attempting to parse: 'System.dll.config'.
D/Mono    ( 6980): Config attempting to parse: '/Users/builder/data/lanes/4009/3a62f1ea/source/monodroid/builds/install/mono-armv6/etc/mono/assemblies/System/System.config'.
D/Mono    ( 6980): Unloading image System.dll [0x7da20c58].
D/Mono    ( 6980): Image addref System[0x7da213e8] -> System.dll[0x7b895880]: 6
D/Mono    ( 6980): Config attempting to parse: 'System.dll.config'.
D/Mono    ( 6980): Config attempting to parse: '/Users/builder/data/lanes/4009/3a62f1ea/source/monodroid/builds/install/mono-armv6/etc/mono/assemblies/System/System.config'.
D/Mono    ( 6980): Unloading image System.dll [0x7d9f94f0].
D/Mono    ( 6980): Image addref System[0x7da20870] -> System.dll[0x7b895880]: 7
D/Mono    ( 6980): Config attempting to parse: 'System.dll.config'.
D/Mono    ( 6980): Config attempting to parse: '/Users/builder/data/lanes/4009/3a62f1ea/source/monodroid/builds/install/mono-armv6/etc/mono/assemblies/System/System.config'.
D/Mono    ( 6980): Unloading image System.dll [0x7d9f9530].
D/Mono    ( 6980): Image addref System[0x7da20ac0] -> System.dll[0x7b895880]: 8
D/Mono    ( 6980): Config attempting to parse: 'System.dll.config'.
D/Mono    ( 6980): Config attempting to parse: '/Users/builder/data/lanes/4009/3a62f1ea/source/monodroid/builds/install/mono-armv6/etc/mono/assemblies/System/System.config'.
D/dalvikvm( 6980): GC_FOR_ALLOC freed 169K, 8% free 10574K/11396K, paused 15ms, total 15ms
D/Mono    ( 6980): DllImport searching in: '__Internal' ('(null)').
D/Mono    ( 6980): Searching for 'java_interop_jnienv_is_assignable_from'.
D/Mono    ( 6980): Probing 'java_interop_jnienv_is_assignable_from'.
D/Mono    ( 6980): Found as 'java_interop_jnienv_is_assignable_from'.
D/Mono    ( 6980): DllImport searching in: '__Internal' ('(null)').
D/Mono    ( 6980): Searching for 'java_interop_jnienv_get_byte_array_region'.
D/Mono    ( 6980): Probing 'java_interop_jnienv_get_byte_array_region'.
D/Mono    ( 6980): Found as 'java_interop_jnienv_get_byte_array_region'.
D/Mono    ( 6980): DllImport searching in: '__Internal' ('(null)').
D/Mono    ( 6980): Searching for 'java_interop_jnienv_set_byte_array_region'.
D/Mono    ( 6980): Probing 'java_interop_jnienv_set_byte_array_region'.
D/Mono    ( 6980): Found as 'java_interop_jnienv_set_byte_array_region'.
I/System.out( 6980): URI: /
I/System.out( 6980): params: {json={"command":"touch_coordinate","arguments":[600.0,1756.0]}
I/System.out( 6980): }
I/System.out( 6980): header: {content-length=57, host=devicehost129.prod, x-session-token=token-token-871c7e63-47ba-446a-b69a-e26d1190deb6, x-forwarded-for=10.222.150.38, content-type=application/json; charset=utf-8, connection=close}
I/System.out( 6980): params: {json={"command":"touch_coordinate","arguments":[600.0,1756.0]}
I/System.out( 6980): }
I/System.out( 6980): ProP json = {"command":"touch_coordinate","arguments":[600.0,1756.0]}
I/System.out( 6980): files: {}
I/System.out( 6980): command: {"command":"touch_coordinate","arguments":[600.0,1756.0]}
I/InstrumentationBackend( 6980): Got command:'Command:'Line:null,touch_coordinate', arguments:'[600.0, 1756.0]'
D/dalvikvm( 6980): GC_CONCURRENT freed 308K, 6% free 10744K/11396K, paused 2ms+2ms, total 22ms
W/Mono    ( 6980): The request to load the assembly System.Core v4.0.0.0 was remapped to v2.0.5.0
D/Mono    ( 6980): Unloading image System.Core.dll [0x7da1da28].
D/Mono    ( 6980): Image addref System.Core[0x7d9e19b0] -> System.Core.dll[0x7ba40478]: 5
D/Mono    ( 6980): Config attempting to parse: 'System.Core.dll.config'.
D/Mono    ( 6980): Config attempting to parse: '/Users/builder/data/lanes/4009/3a62f1ea/source/monodroid/builds/install/mono-armv6/etc/mono/assemblies/System.Core/System.Core.config'.
W/Mono    ( 6980): The request to load the assembly System.Core v4.0.0.0 was remapped to v2.0.5.0
D/Mono    ( 6980): Unloading image System.Core.dll [0x7e3af040].
D/Mono    ( 6980): Image addref System.Core[0x7da4b450] -> System.Core.dll[0x7ba40478]: 6
D/Mono    ( 6980): Config attempting to parse: 'System.Core.dll.config'.
D/Mono    ( 6980): Config attempting to parse: '/Users/builder/data/lanes/4009/3a62f1ea/source/monodroid/builds/install/mono-armv6/etc/mono/assemblies/System.Core/System.Core.config'.
D/Mono    ( 6980): [0x7c3dd820] hill climbing, change max number of threads 5
D/Mono    ( 6980): [0x7da44058] worker starting
I/AudioMixer(  181): found effect "Downmixer" from Fraunhofer IIS
D/audio_hw_primary(  181): select_devices: out_snd_device(2: speaker) in_snd_device(0: )
D/ACDB-LOADER(  181): ACDB -> send_afe_cal
I/calabash( 6980): execStartActivity 4
I/ActivityManager(  556): START u0 {cmp=com.careerbuilder.SugarDrone/md537fd6201b6818e2e180d2f7606e21a83.ValuePropActivity} from pid 6980
I/calabash( 6980): newActivity1
D/Mono    ( 6980): Assembly Ref addref CareerBuilder_Search.Droid[0x7a2ffdd0] -> System.Core[0x7ba26cb8]: 14
D/Mono    ( 6980): DllImport searching in: '__Internal' ('(null)').
D/Mono    ( 6980): Searching for 'java_interop_jnienv_call_nonvirtual_object_method'.
D/Mono    ( 6980): Probing 'java_interop_jnienv_call_nonvirtual_object_method'.
D/Mono    ( 6980): Found as 'java_interop_jnienv_call_nonvirtual_object_method'.
I/System.out( 6980): result:{"bonusInformation":[],"message":"","success":true}
D/dalvikvm( 6980): GC_CONCURRENT freed 498K, 6% free 10789K/11396K, paused 4ms+1ms, total 58ms
I/System.out( 6980): URI: /backdoor
I/System.out( 6980): params: {json={"method_name":"APISetup","arguments":[200]}
I/System.out( 6980): }
D/Mono    ( 6980): Assembly Ref addref CareerBuilder_Search.Droid[0x7a2ffdd0] -> Newtonsoft.Json[0x7a3caba0]: 4
D/dalvikvm( 6980): GC_CONCURRENT freed 590K, 6% free 10802K/11424K, paused 1ms+1ms, total 27ms
D/dalvikvm( 6980): WAIT_FOR_CONCURRENT_GC blocked 10ms
D/dalvikvm( 6980): WAIT_FOR_CONCURRENT_GC blocked 7ms
I/System.out( 6980): URI: /backdoor
I/System.out( 6980): params: {json={"method_name":"OpenResumeConfirmationBackdoor","arguments":["pdf"]}
I/System.out( 6980): }
D/dalvikvm( 6980): GC_CONCURRENT freed 490K, 6% free 10820K/11424K, paused 2ms+1ms, total 20ms
D/Mono    ( 6980): DllImport searching in: '__Internal' ('(null)').
D/Mono    ( 6980): Searching for 'java_interop_jnienv_new_byte_array'.
D/Mono    ( 6980): Probing 'java_interop_jnienv_new_byte_array'.
D/Mono    ( 6980): Found as 'java_interop_jnienv_new_byte_array'.
D/dalvikvm( 6980): GC_FOR_ALLOC freed 48K, 6% free 10792K/11424K, paused 15ms, total 15ms
I/dalvikvm-heap( 6980): Grow heap (frag case) to 12.357MB for 1875760-byte allocation
D/dalvikvm( 6980): GC_FOR_ALLOC freed 1K, 5% free 12623K/13256K, paused 16ms, total 16ms
D/dalvikvm( 6980): GC_CONCURRENT freed 1K, 5% free 12622K/13256K, paused 5ms+2ms, total 22ms
D/dalvikvm( 6980): GC_FOR_ALLOC freed 2K, 5% free 12629K/13256K, paused 15ms, total 15ms
I/dalvikvm-heap( 6980): Grow heap (frag case) to 13.469MB for 1161616-byte allocation
D/dalvikvm( 6980): GC_FOR_ALLOC freed <1K, 5% free 13763K/14392K, paused 22ms, total 22ms
D/dalvikvm( 6980): GC_CONCURRENT freed <1K, 5% free 13763K/14392K, paused 1ms+2ms, total 17ms
W/FragmentManager( 6980): moveToState: Fragment state for ValuePropFragment{42052148 #1 id=0x7f0a0148 android:switcher:2131362120:1} not updated inline; expected state 3 found 2
D/Mono    ( 6980): Unloading image System.IO.dll [0x7dc69008].
D/Mono    ( 6980): Image addref System.IO[0x7dd79060] -> System.IO.dll[0x7eefba88]: 6
D/Mono    ( 6980): Config attempting to parse: 'System.IO.dll.config'.
D/Mono    ( 6980): Config attempting to parse: '/Users/builder/data/lanes/4009/3a62f1ea/source/monodroid/builds/install/mono-armv6/etc/mono/assemblies/System.IO/System.IO.config'.
D/Mono    ( 6980): Assembly Ref addref CareerBuilder_Search[0x7a3d3f80] -> System.IO[0x7eef9620]: 4
I/ActivityManager(  556): Displayed com.careerbuilder.SugarDrone/md537fd6201b6818e2e180d2f7606e21a83.ValuePropActivity: +1s408ms
I/System.out( 6980): URI: /map
I/System.out( 6980): params: {json={"query":"* marked:'previewButton'","operation":{"method_name":"query","arguments":[]}}
I/System.out( 6980): }
D/Mono    ( 6980): DllImport searching in: '__Internal' ('(null)').
D/Mono    ( 6980): Searching for 'java_interop_jnienv_call_boolean_method'.
D/Mono    ( 6980): Probing 'java_interop_jnienv_call_boolean_method'.
D/Mono    ( 6980): Found as 'java_interop_jnienv_call_boolean_method'.
D/Mono    ( 6980): Unloading image System.Linq.dll [0x7df1d298].
D/Mono    ( 6980): Image addref System.Linq[0x7df18fa8] -> System.Linq.dll[0x7ba40018]: 9
D/Mono    ( 6980): Config attempting to parse: 'System.Linq.dll.config'.
D/Mono    ( 6980): Config attempting to parse: '/Users/builder/data/lanes/4009/3a62f1ea/source/monodroid/builds/install/mono-armv6/etc/mono/assemblies/System.Linq/System.Linq.config'.
D/Mono    ( 6980): Assembly Ref addref CareerBuilder_Search[0x7a3d3f80] -> System.Linq[0x7ba45ac0]: 7
D/Mono    ( 6980): DllImport searching in: '__Internal' ('(null)').
D/Mono    ( 6980): Searching for 'java_interop_jnienv_call_nonvirtual_void_method'.
D/Mono    ( 6980): Probing 'java_interop_jnienv_call_nonvirtual_void_method'.
D/Mono    ( 6980): Found as 'java_interop_jnienv_call_nonvirtual_void_method'.
W/ResourceType( 6980): No known package when getting name for resource number 0xffffffff
W/ResourceType( 6980): No known package when getting name for resource number 0xffffffff
W/ResourceType( 6980): No known package when getting name for resource number 0xffffffff
W/ResourceType( 6980): No known package when getting name for resource number 0xffffffff
W/ResourceType( 6980): No known package when getting name for resource number 0xffffffff
W/ResourceType( 6980): No known package when getting name for resource number 0xffffffff
W/ResourceType( 6980): No known package when getting name for resource number 0xffffffff
W/ResourceType( 6980): No known package when getting name for resource number 0xffffffff
W/ResourceType( 6980): No known package when getting name for resource number 0xffffffff
W/ResourceType( 6980): No known package when getting name for resource number 0xffffffff
W/ResourceType( 6980): No known package when getting name for resource number 0xffffffff
W/ResourceType( 6980): No known package when getting name for resource number 0xffffffff
W/ResourceType( 6980): No known package when getting name for resource number 0xffffffff
W/ResourceType( 6980): No known package when getting name for resource number 0xffffffff
W/ResourceType( 6980): No known package when getting name for resource number 0xffffffff
W/ResourceType( 6980): No known package when getting name for resource number 0xffffffff
W/ResourceType( 6980): No known package when getting name for resource number 0xffffffff
D/dalvikvm( 6980): GC_CONCURRENT freed 1273K, 9% free 14064K/15368K, paused 3ms+4ms, total 41ms
I/System.out( 6980): URI: /map
I/System.out( 6980): params: {json={"query":"* marked:'previewButton'","operation":{"method_name":"query","arguments":[]}}
I/System.out( 6980): }
W/ResourceType( 6980): No known package when getting name for resource number 0xffffffff
W/ResourceType( 6980): No known package when getting name for resource number 0xffffffff
W/ResourceType( 6980): No known package when getting name for resource number 0xffffffff
W/ResourceType( 6980): No known package when getting name for resource number 0xffffffff
W/ResourceType( 6980): No known package when getting name for resource number 0xffffffff
W/ResourceType( 6980): No known package when getting name for resource number 0xffffffff
W/ResourceType( 6980): No known package when getting name for resource number 0xffffffff
W/ResourceType( 6980): No known package when getting name for resource number 0xffffffff
W/ResourceType( 6980): No known package when getting name for resource number 0xffffffff
W/ResourceType( 6980): No known package when getting name for resource number 0xffffffff
W/ResourceType( 6980): No known package when getting name for resource number 0xffffffff
W/ResourceType( 6980): No known package when getting name for resource number 0xffffffff
W/ResourceType( 6980): No known package when getting name for resource number 0xffffffff
W/ResourceType( 6980): No known package when getting name for resource number 0xffffffff
W/ResourceType( 6980): No known package when getting name for resource number 0xffffffff
W/ResourceType( 6980): No known package when getting name for resource number 0xffffffff
W/ResourceType( 6980): No known package when getting name for resource number 0xffffffff
W/ResourceType( 6980): No known package when getting name for resource number 0xffffffff
W/ResourceType( 6980): No known package when getting name for resource number 0xffffffff
W/ResourceType( 6980): No known package when getting name for resource number 0xffffffff
D/dalvikvm( 6980): GC_CONCURRENT freed 1723K, 12% free 14037K/15792K, paused 2ms+2ms, total 26ms
D/dalvikvm( 6980): WAIT_FOR_CONCURRENT_GC blocked 13ms
I/System.out( 6980): URI: /map
I/System.out( 6980): params: {json={"query":"* marked:'previewButton'","operation":{"method_name":"query","arguments":[]}}
I/System.out( 6980): }
W/ResourceType( 6980): No known package when getting name for resource number 0xffffffff
W/ResourceType( 6980): No known package when getting name for resource number 0xffffffff
W/ResourceType( 6980): No known package when getting name for resource number 0xffffffff
W/ResourceType( 6980): No known package when getting name for resource number 0xffffffff
W/ResourceType( 6980): No known package when getting name for resource number 0xffffffff
W/ResourceType( 6980): No known package when getting name for resource number 0xffffffff
W/ResourceType( 6980): No known package when getting name for resource number 0xffffffff
W/ResourceType( 6980): No known package when getting name for resource number 0xffffffff
W/ResourceType( 6980): No known package when getting name for resource number 0xffffffff
W/ResourceType( 6980): No known package when getting name for resource number 0xffffffff
W/ResourceType( 6980): No known package when getting name for resource number 0xffffffff
W/ResourceType( 6980): No known package when getting name for resource number 0xffffffff
W/ResourceType( 6980): No known package when getting name for resource number 0xffffffff
W/ResourceType( 6980): No known package when getting name for resource number 0xffffffff
W/ResourceType( 6980): No known package when getting name for resource number 0xffffffff
W/ResourceType( 6980): No known package when getting name for resource number 0xffffffff
W/ResourceType( 6980): No known package when getting name for resource number 0xffffffff
W/ResourceType( 6980): No known package when getting name for resource number 0xffffffff
W/ResourceType( 6980): No known package when getting name for resource number 0xffffffff
W/ResourceType( 6980): No known package when getting name for resource number 0xffffffff
D/dalvikvm( 6980): GC_CONCURRENT freed 1690K, 12% free 14032K/15792K, paused 2ms+2ms, total 30ms
D/dalvikvm( 6980): WAIT_FOR_CONCURRENT_GC blocked 15ms
I/System.out( 6980): URI: /map
I/System.out( 6980): params: {json={"query":"* marked:'previewButton'","operation":{"method_name":"query","arguments":[]}}
I/System.out( 6980): }
W/ResourceType( 6980): No known package when getting name for resource number 0xffffffff
W/ResourceType( 6980): No known package when getting name for resource number 0xffffffff
W/ResourceType( 6980): No known package when getting name for resource number 0xffffffff
W/ResourceType( 6980): No known package when getting name for resource number 0xffffffff
W/ResourceType( 6980): No known package when getting name for resource number 0xffffffff
W/ResourceType( 6980): No known package when getting name for resource number 0xffffffff
W/ResourceType( 6980): No known package when getting name for resource number 0xffffffff
W/ResourceType( 6980): No known package when getting name for resource number 0xffffffff
W/ResourceType( 6980): No known package when getting name for resource number 0xffffffff
W/ResourceType( 6980): No known package when getting name for resource number 0xffffffff
W/ResourceType( 6980): No known package when getting name for resource number 0xffffffff
W/ResourceType( 6980): No known package when getting name for resource number 0xffffffff
W/ResourceType( 6980): No known package when getting name for resource number 0xffffffff
W/ResourceType( 6980): No known package when getting name for resource number 0xffffffff
W/ResourceType( 6980): No known package when getting name for resource number 0xffffffff
W/ResourceType( 6980): No known package when getting name for resource number 0xffffffff
W/ResourceType( 6980): No known package when getting name for resource number 0xffffffff
W/ResourceType( 6980): No known package when getting name for resource number 0xffffffff
W/ResourceType( 6980): No known package when getting name for resource number 0xffffffff
W/ResourceType( 6980): No known package when getting name for resource number 0xffffffff
D/dalvikvm( 6980): GC_CONCURRENT freed 1684K, 12% free 14032K/15792K, paused 2ms+2ms, total 23ms
D/dalvikvm( 6980): WAIT_FOR_CONCURRENT_GC blocked 10ms
I/System.out( 6980): URI: /map
I/System.out( 6980): params: {json={"query":"* marked:'previewButton'","operation":{"method_name":"query","arguments":[]}}
I/System.out( 6980): }
W/ResourceType( 6980): No known package when getting name for resource number 0xffffffff
W/ResourceType( 6980): No known package when getting name for resource number 0xffffffff
W/ResourceType( 6980): No known package when getting name for resource number 0xffffffff
W/ResourceType( 6980): No known package when getting name for resource number 0xffffffff
W/ResourceType( 6980): No known package when getting name for resource number 0xffffffff
W/ResourceType( 6980): No known package when getting name for resource number 0xffffffff
W/ResourceType( 6980): No known package when getting name for resource number 0xffffffff
W/ResourceType( 6980): No known package when getting name for resource number 0xffffffff
W/ResourceType( 6980): No known package when getting name for resource number 0xffffffff
W/ResourceType( 6980): No known package when getting name for resource number 0xffffffff
W/ResourceType( 6980): No known package when getting name for resource number 0xffffffff
W/ResourceType( 6980): No known package when getting name for resource number 0xffffffff
W/ResourceType( 6980): No known package when getting name for resource number 0xffffffff
W/ResourceType( 6980): No known package when getting name for resource number 0xffffffff
W/ResourceType( 6980): No known package when getting name for resource number 0xffffffff
W/ResourceType( 6980): No known package when getting name for resource number 0xffffffff
W/ResourceType( 6980): No known package when getting name for resource number 0xffffffff
W/ResourceType( 6980): No known package when getting name for resource number 0xffffffff
W/ResourceType( 6980): No known package when getting name for resource number 0xffffffff
W/ResourceType( 6980): No known package when getting name for resource number 0xffffffff
D/dalvikvm( 6980): GC_CONCURRENT freed 1558K, 11% free 14108K/15792K, paused 3ms+1ms, total 35ms
I/System.out( 6980): URI: /
I/System.out( 6980): params: {json={"command":"touch_coordinate","arguments":[1092.0,397.0]}
I/System.out( 6980): }
I/System.out( 6980): header: {content-length=57, host=devicehost129.prod, x-session-token=token-token-871c7e63-47ba-446a-b69a-e26d1190deb6, x-forwarded-for=10.222.150.38, content-type=application/json; charset=utf-8, connection=close}
I/System.out( 6980): params: {json={"command":"touch_coordinate","arguments":[1092.0,397.0]}
I/System.out( 6980): }
I/System.out( 6980): ProP json = {"command":"touch_coordinate","arguments":[1092.0,397.0]}
I/System.out( 6980): files: {}
I/System.out( 6980): command: {"command":"touch_coordinate","arguments":[1092.0,397.0]}
I/InstrumentationBackend( 6980): Got command:'Command:'Line:null,touch_coordinate', arguments:'[1092.0, 397.0]'
D/audio_hw_primary(  181): select_devices: out_snd_device(2: speaker) in_snd_device(0: )
D/ACDB-LOADER(  181): ACDB -> send_afe_cal
I/calabash( 6980): execStartActivity 4
I/ActivityManager(  556): START u0 {act=android.intent.action.VIEW dat=file:///sdcard/test.pdf typ=application/pdf flg=0x1 cmp=com.quickoffice.android/com.qo.android.quickoffice.QuickofficeDispatcher} from pid 6980
I/ActivityManager(  556): Start proc com.quickoffice.android for activity com.quickoffice.android/com.qo.android.quickoffice.QuickofficeDispatcher: pid=7490 uid=10067 gids={50067, 3003, 1028, 1015}
D/dalvikvm(  989): GC_FOR_ALLOC freed 1299K, 13% free 12337K/14048K, paused 58ms, total 58ms
I/System.out( 6980): result:{"bonusInformation":[],"message":"","success":true}
W/Quickoffice( 7490): Cleanup of storage: done
D/com.google.android.apps.docs.quickoffice.X( 7490): Loading recent documents list
D/Quickoffice( 7490): The number of lines present in  /proc/mount 20
D/Quickoffice( 7490): Parsing the storagedefinition.xml.
D/dalvikvm( 7490): GC_CONCURRENT freed 195K, 3% free 9202K/9432K, paused 4ms+3ms, total 27ms
D/Quickoffice( 7490): # of Storagedefinitions - 35
D/Quickoffice( 7490): The # of storage definitions available - 35
D/Quickoffice( 7490): Processing mountline rootfs / rootfs ro,relatime 0 0
D/Quickoffice( 7490): Processing mountline tmpfs /dev tmpfs rw,seclabel,nosuid,relatime,mode=755 0 0
D/Quickoffice( 7490): Processing mountline devpts /dev/pts devpts rw,seclabel,relatime,mode=600 0 0
D/Quickoffice( 7490): Processing mountline none /dev/cpuctl cgroup rw,relatime,cpu 0 0
D/Quickoffice( 7490): Processing mountline proc /proc proc rw,relatime 0 0
D/Quickoffice( 7490): Processing mountline sysfs /sys sysfs rw,seclabel,relatime 0 0
D/Quickoffice( 7490): Processing mountline selinuxfs /sys/fs/selinux selinuxfs rw,relatime 0 0
D/Quickoffice( 7490): Processing mountline debugfs /sys/kernel/debug debugfs rw,relatime 0 0
D/Quickoffice( 7490): Processing mountline none /sys/fs/cgroup tmpfs rw,seclabel,relatime,mode=750,gid=1000 0 0
D/Quickoffice( 7490): Processing mountline none /acct cgroup rw,relatime,cpuacct 0 0
D/Quickoffice( 7490): Processing mountline tmpfs /mnt/asec tmpfs rw,seclabel,relatime,mode=755,gid=1000 0 0
D/Quickoffice( 7490): Processing mountline tmpfs /mnt/obb tmpfs rw,seclabel,relatime,mode=755,gid=1000 0 0
D/Quickoffice( 7490): Processing mountline /dev/block/platform/msm_sdcc.1/by-name/system /system ext4 ro,seclabel,nosuid,nodev,relatime,data=ordered 0 0
D/Quickoffice( 7490): Processing mountline /dev/block/platform/msm_sdcc.1/by-name/cache /cache ext4 rw,seclabel,nosuid,nodev,noatime,nomblk_io_submit,errors=panic,data=ordered 0 0
D/Quickoffice( 7490): Processing mountline /dev/block/platform/msm_sdcc.1/by-name/userdata /data ext4 rw,seclabel,nosuid,nodev,noatime,nomblk_io_submit,errors=panic,data=ordered 0 0
D/Quickoffice( 7490): Processing mountline /dev/block/platform/msm_sdcc.1/by-name/persist /persist ext4 rw,seclabel,nosuid,nodev,relatime,nodelalloc,data=ordered 0 0
D/Quickoffice( 7490): Processing mountline /dev/fuse /mnt/shell/emulated fuse rw,nosuid,nodev,relatime,user_id=1023,group_id=1023,default_permissions,allow_other 0 0
D/Quickoffice( 7490): Processing mountline tmpfs /storage/emulated tmpfs rw,seclabel,nosuid,nodev,relatime,mode=751,gid=1028 0 0
D/Quickoffice( 7490): Processing mountline /dev/fuse /storage/emulated/0 fuse rw,nosuid,nodev,relatime,user_id=1023,group_id=1023,default_permissions,allow_other 0 0
D/Quickoffice( 7490): Processing mountline /dev/fuse /storage/emulated/legacy fuse rw,nosuid,nodev,relatime,user_id=1023,group_id=1023,default_permissions,allow_other 0 0
D/Quickoffice( 7490): Build properties are not configured for this storage definition.
D/Quickoffice( 7490): Adding the mount informaiton for listing in file manager MountedDeviceInformation [device=/dev/fuse, mountPath=/storage/emulated/legacy, fileSystemType=fuse, options=rw,nosuid,nodev,relatime,user_id=1023,group_id=1023,default_permissions,allow_other, bootPriority1=0, bootPriority2=0, storageInfo=StorageDefinition [id=2010, matchPatterns=[/storage/emulated/legacy, fuse], skipPatterns=[obb], buildPatterns=[], type=INTERNAL, resourceString=2131362699, resourceStringItemized=2131362702, resourceIcon=2130838398, enabled=true], userFriendlyName=null]
D/Quickoffice( 7490): The # of mounts identified -  1
I/Quickoffice( 7490): Office version string: 6.3.1.041
I/Quickoffice( 7490): onResume, count=1
D/Quickoffice( 7490): startOfficeOrHomeActivity type=application/pdf
D/com.google.android.apps.docs.quickoffice.X( 7490): Checking validity of 1 items
D/ContentResolverUtil( 7490): There are 0 persisted uri permissions.
D/ContentResolverUtil( 7490): Is [file:///storage/emulated/0/tempdocs/00bld001.pdf] a documents uri? false
D/com.google.android.apps.docs.quickoffice.X( 7490): Item skipped [00bld001.pdf, file:///storage/emulated/0/tempdocs/00bld001.pdf]
D/com.google.android.apps.docs.quickoffice.X( 7490): 0 items were valid
W/ActivityManager(  556): No permission grants found for com.quickoffice.android
D/dalvikvm( 7490): GC_CONCURRENT freed 256K, 4% free 9384K/9676K, paused 3ms+4ms, total 19ms
W/Quickoffice( 7490): Could not load clipboard.
I/Adreno-EGL( 7490): <qeglDrvAPI_eglInitialize:320>: EGL 1.4 QUALCOMM Build: I0404c4692afb8623f95c43aeb6d5e13ed4b30ddbDate: 11/06/13
W/Quickoffice( 7490): Could not store clipboard.
D/OpenGLRenderer( 7490): Enabling debug mode 0
I/ActivityManager(  556): START u0 {act=android.intent.action.VIEW dat=file:///sdcard/test.pdf typ=application/pdf flg=0x1 cmp=com.quickoffice.android/com.qo.android.am.pdflib.app.RenderScreen (has extras)} from pid 7490
W/IInputConnectionWrapper( 6980): showStatusIcon on inactive InputConnection
I/Quickoffice( 7490): onPause, count=0
W/GAV2    ( 7490): Thread[main,5,main]: Need to call initialize() and be in fallback mode to start dispatch.
I/Cerience( 7490): RenderScreen.onCreate()
I/Quickoffice( 7490): Stored pid=7490 in file: /data/data/com.quickoffice.android/files/qpdf.pid
I/ResourceHelper( 7490): Resource [layout.cer_render]
D/dalvikvm( 7490): GC_CONCURRENT freed 311K, 4% free 9543K/9884K, paused 2ms+9ms, total 41ms
I/ResourceHelper( 7490): Resource [drawable.drag_point]
I/ResourceHelper( 7490): Resource [layout.cer_findbar]
I/ResourceHelper( 7490): Resource [id.cer_prev_control]
I/ResourceHelper( 7490): Resource [id.cer_next_control]
I/ResourceHelper( 7490): Resource [id.cer_find_control]
I/ResourceHelper( 7490): Resource [id.cer_close_control]
I/ResourceHelper( 7490): Resource [layout.cer_toolbar]
D/dalvikvm( 7490): GC_FOR_ALLOC freed 24K, 3% free 9741K/10032K, paused 13ms, total 13ms
D/dalvikvm( 7490): GC_FOR_ALLOC freed 4K, 3% free 9925K/10224K, paused 13ms, total 13ms
D/dalvikvm( 7490): GC_FOR_ALLOC freed 1K, 3% free 10108K/10416K, paused 14ms, total 15ms
I/ResourceHelper( 7490): Resource [id.cer_zoom_controls]
I/ResourceHelper( 7490): Resource [id.cer_render_view]
I/ResourceHelper( 7490): Resource [drawable.cer_ic_app]
I/ResourceHelper( 7490): Resource [id.cer_page_num]
I/ResourceHelper( 7490): Resource [id.cer_findbar]
I/Cerience( 7490): RenderScreen.onNewIntent() intent='Intent { act=android.intent.action.VIEW dat=file:///sdcard/test.pdf typ=application/pdf flg=0x1 cmp=com.quickoffice.android/com.qo.android.am.pdflib.app.RenderScreen (has extras) }'
I/Cerience( 7490): RenderScreen.newIntentNoMDV()
I/ResourceHelper( 7490): Resource [string.cer_app_name]
I/Cerience( 7490): RenderScreen.onResume()
D/dalvikvm( 7490): GC_CONCURRENT freed 81K, 2% free 10477K/10600K, paused 4ms+9ms, total 26ms
I/ResourceHelper( 7490): Resource [string.cer_err_damaged_file]
I/ResourceHelper( 7490): Resource [drawable.cer_ic_dialog_menu_generic]
I/ResourceHelper( 7490): Resource [string.cer_app_name]
I/ResourceHelper( 7490): Resource [string.cer_misc_ok]
I/ActivityManager(  556): Displayed com.quickoffice.android/com.qo.android.am.pdflib.app.RenderScreen: +503ms (total +1s27ms)
I/ResourceHelper( 7490): Resource [string.cer_msg_err_loading_file]
I/ResourceHelper( 7490): Resource [menu.abs_quickpdf_menu]
I/PdfActivity( 7490): Prepare to share file:///sdcard/test.pdf
I/ResourceHelper( 7490): Resource [id.cer_menu_print]
I/ResourceHelper( 7490): Resource [id.cer_menu_night_mode]
I/ResourceHelper( 7490): Resource [string.cer_menu_night_mode]
E/ResourceHelper( 7490): Error:Resource [id.cer_menu_share] doesn't exist
I/ResourceHelper( 7490): Resource [id.cer_menu_edit]
I/ResourceHelper( 7490): Resource [id.cer_menu_rotate_left]
I/ResourceHelper( 7490): Resource [id.cer_menu_rotate_right]
I/ResourceHelper( 7490): Resource [id.cer_menu_reading_view]
I/ResourceHelper( 7490): Resource [string.cer_menu_reading_view]
D/Quickoffice( 7490): canUpdate uri=file:///sdcard/test.pdf
I/ResourceHelper( 7490): Resource [id.cer_menu_add_to_favorites]
D/Quickoffice( 7490): canHelp uri=file:///sdcard/test.pdf
D/dalvikvm( 7490): GC_CONCURRENT freed 84K, 2% free 10781K/10900K, paused 2ms+2ms, total 22ms
D/Mono    ( 6980): [0x7e8446f0] hill climbing, change max number of threads 4

]]><xtc-duration value="98.6399275"/></xtc-step><!-- name: "undefined", id: "undefined" --><![CDATA[
I/GAV2    ( 7490): Thread[GAThread,5,main]: No campaign data found.

]]><xtc-step name="[0-1089]CareerBuilder_Search.DroidFeatureTests.ResumeConfirmationTests.PreviewButtonDoesNotCrashAppIfNoInstalledReaders-0-NA-FinalScreenShot" id="[0-1089]CareerBuilder_Search.DroidFeatureTests.ResumeConfirmationTests.PreviewButtonDoesNotCrashAppIfNoInstalledReaders-0-NA-FinalScreenShot"><![CDATA[

]]><xtc-duration value="1.154078"/></xtc-step><!-- name: "undefined", id: "undefined" --><![CDATA[
D/dalvikvm( 6980): GC_CONCURRENT freed 1720K, 12% free 14042K/15784K, paused 8ms+3ms, total 44ms

]]><xtc-duration value="105.9156472" skip="false"/></xtc-scenario><!-- name: "undefined", id: "undefined" --><![CDATA[
D/Mono    ( 6980): [0x7e8446f0] worker finishing
D/Mono    ( 6980): [0x7c3dd820] worker finishing
