<![CDATA[
]]><xtc-scenario name="[0-1024]CareerBuilder_Search.DroidFeatureTests.JDPTests.RequirementLabelShouldBeRequirements" id="[0-1024]CareerBuilder_Search.DroidFeatureTests.JDPTests.RequirementLabelShouldBeRequirements"><![CDATA[

]]><xtc-step name="[0-1024]CareerBuilder_Search.DroidFeatureTests.JDPTests.RequirementLabelShouldBeRequirements-RequirementLabelShouldBeRequirements" id="[0-1024]CareerBuilder_Search.DroidFeatureTests.JDPTests.RequirementLabelShouldBeRequirements-RequirementLabelShouldBeRequirements"><![CDATA[
D/AndroidRuntime( 5123): 
D/AndroidRuntime( 5123): >>>>>> AndroidRuntime START com.android.internal.os.RuntimeInit <<<<<<
D/AndroidRuntime( 5123): CheckJNI is OFF
D/dalvikvm( 5123): Trying to load lib libjavacore.so 0x0
D/dalvikvm( 5123): Added shared lib libjavacore.so 0x0
D/dalvikvm( 5123): Trying to load lib libnativehelper.so 0x0
D/dalvikvm( 5123): Added shared lib libnativehelper.so 0x0
D/dalvikvm( 5123): No JNI_OnLoad found in libnativehelper.so 0x0, skipping init
D/dalvikvm( 5123): Note: class Landroid/app/ActivityManagerNative; has 179 unimplemented (abstract) methods
D/AndroidRuntime( 5123): Calling main entry com.android.commands.pm.Pm
D/AndroidRuntime( 5123): Shutting down VM
D/dalvikvm( 5123): GC_CONCURRENT freed 248K, 31% free 567K/816K, paused 1ms+1ms, total 3ms
D/AndroidRuntime( 5232): 
D/AndroidRuntime( 5232): >>>>>> AndroidRuntime START com.android.internal.os.RuntimeInit <<<<<<
D/AndroidRuntime( 5232): CheckJNI is OFF
D/dalvikvm( 5232): Trying to load lib libjavacore.so 0x0
D/dalvikvm( 5232): Added shared lib libjavacore.so 0x0
D/dalvikvm( 5232): Trying to load lib libnativehelper.so 0x0
D/dalvikvm( 5232): Added shared lib libnativehelper.so 0x0
D/dalvikvm( 5232): No JNI_OnLoad found in libnativehelper.so 0x0, skipping init
D/dalvikvm( 5232): Note: class Landroid/app/ActivityManagerNative; has 179 unimplemented (abstract) methods
D/AndroidRuntime( 5232): Calling main entry com.android.commands.am.Am
D/AndroidRuntime( 5232): Shutting down VM
D/dalvikvm( 5232): GC_CONCURRENT freed 92K, 15% free 553K/648K, paused 0ms+0ms, total 2ms
I/AndroidRuntime( 5232): NOTE: attach of thread 'Binder_1' failed
--------- beginning of /dev/log/system
W/ActivityManager(  579): Invalid packageName: com.careerbuilder.SugarDrone
D/AndroidRuntime( 5831): 
D/AndroidRuntime( 5831): >>>>>> AndroidRuntime START com.android.internal.os.RuntimeInit <<<<<<
D/AndroidRuntime( 5831): CheckJNI is OFF
D/dalvikvm( 5831): Trying to load lib libjavacore.so 0x0
D/dalvikvm( 5831): Added shared lib libjavacore.so 0x0
D/dalvikvm( 5831): Trying to load lib libnativehelper.so 0x0
D/dalvikvm( 5831): Added shared lib libnativehelper.so 0x0
D/dalvikvm( 5831): No JNI_OnLoad found in libnativehelper.so 0x0, skipping init
D/dalvikvm( 5831): Note: class Landroid/app/ActivityManagerNative; has 179 unimplemented (abstract) methods
D/AndroidRuntime( 5831): Calling main entry com.android.commands.pm.Pm
W/ActivityManager(  579): No content provider found for permission revoke: file:///data/local/tmp/0000002245
W/ActivityManager(  579): No content provider found for permission revoke: file:///data/local/tmp/0000002245
I/PackageManager(  579): Copying native libraries to /data/app-lib/vmdl939171683
D/dalvikvm(  579): GC_FOR_ALLOC freed 960K, 12% free 19832K/22496K, paused 63ms, total 63ms
D/dalvikvm(  579): GC_FOR_ALLOC freed 536K, 12% free 19979K/22560K, paused 64ms, total 64ms
D/dalvikvm(  579): GC_CONCURRENT freed 2023K, 10% free 20704K/22768K, paused 3ms+5ms, total 75ms
D/dalvikvm(  579): WAIT_FOR_CONCURRENT_GC blocked 67ms
D/dalvikvm(  579): GC_FOR_ALLOC freed 2729K, 13% free 20737K/23680K, paused 69ms, total 69ms
D/dalvikvm(  579): GC_FOR_ALLOC freed 2794K, 13% free 20756K/23716K, paused 72ms, total 72ms
D/dalvikvm(  579): GC_CONCURRENT freed 2780K, 13% free 20800K/23716K, paused 3ms+7ms, total 79ms
I/PackageManager(  579): Running dexopt on: com.careerbuilder.SugarDrone
W/dalvikvm( 5909): method Landroid/support/v7/widget/ListViewCompat;.lookForSelectablePosition incorrectly overrides package-private method with same name in Landroid/widget/ListView;
D/dalvikvm( 5909): DexOpt: couldn't find static field Landroid/os/Build;.SUPPORTED_ABIS
D/dalvikvm( 5909): DexOpt: load 289ms, verify+opt 1583ms, 3733380 bytes
I/ActivityManager(  579): Force stopping com.careerbuilder.SugarDrone appid=16818 user=-1: update pkg
W/PackageManager(  579): Not granting permission android.permission.MANAGE_DOCUMENTS to package com.careerbuilder.SugarDrone (protectionLevel=2 flags=0x8be46)
W/PackageManager(  579): Not granting permission android.permission.MOUNT_UNMOUNT_FILESYSTEMS to package com.careerbuilder.SugarDrone (protectionLevel=18 flags=0x8be46)
I/InputReader(  579): Reconfiguring input devices.  changes=0x00000010
D/dalvikvm(  831): GC_CONCURRENT freed 453K, 7% free 9244K/9836K, paused 2ms+2ms, total 27ms
I/ActivityManager(  579): Delay finish: com.android.musicfx/.Compatibility$Receiver
I/ActivityManager(  579): Resuming delayed broadcast
I/Icing.InternalIcingCorporaProvider( 1346): Updating corpora: A: com.careerbuilder.SugarDrone, C: MAYBE
D/BackupManagerService(  579): Received broadcast Intent { act=android.intent.action.PACKAGE_ADDED dat=package:com.careerbuilder.SugarDrone flg=0x4000010 (has extras) }
V/BackupManagerService(  579): addPackageParticipantsLocked: #1
I/ActivityManager(  579): Delay finish: com.google.android.apps.plus/.service.PackagesMediaMonitor
I/ActivityManager(  579): Resuming delayed broadcast
I/ActivityManager(  579): Delay finish: com.google.android.gms/.gass.chimera.PackageChangeBroadcastReceiver
I/PeopleContactsSync(  885): triggerPendingContactsCleanup: no accounts
D/dalvikvm( 2022): GC_FOR_ALLOC freed 244K, 3% free 18099K/18656K, paused 61ms, total 62ms
D/Wear_Controller(  885): Received broadcast action=android.intent.action.PACKAGE_ADDED and uri=com.careerbuilder.SugarDrone
W/IcingInternalCorpora(  885): getNumBytesRead when not calculated.
I/Icing   (  885): Usage reports 0 indexed 0 rejected 0 imm upload true
I/Icing   (  885): Usage reports 0 indexed 0 rejected 0 imm upload false
I/Icing   (  885): Usage reports 0 indexed 0 rejected 0 imm upload false
I/Icing.InternalIcingCorporaProvider( 1346): UpdateCorporaTask done [took 267 ms] updated apps [took 267 ms] 
I/ActivityManager(  579): Resuming delayed broadcast
D/dalvikvm(  579): GC_EXPLICIT freed 1503K, 12% free 20933K/23716K, paused 60ms+22ms, total 420ms
D/AndroidRuntime( 5831): Shutting down VM
D/dalvikvm( 5831): GC_CONCURRENT freed 95K, 15% free 561K/660K, paused 1ms+1ms, total 3ms
D/dalvikvm(  885): GC_CONCURRENT freed 1073K, 10% free 12866K/14140K, paused 21ms+3ms, total 83ms
D/AndroidRuntime( 6006): 
D/AndroidRuntime( 6006): >>>>>> AndroidRuntime START com.android.internal.os.RuntimeInit <<<<<<
D/AndroidRuntime( 6006): CheckJNI is OFF
D/dalvikvm( 6006): Trying to load lib libjavacore.so 0x0
D/dalvikvm( 6006): Added shared lib libjavacore.so 0x0
D/dalvikvm( 6006): Trying to load lib libnativehelper.so 0x0
D/dalvikvm( 6006): Added shared lib libnativehelper.so 0x0
D/dalvikvm( 6006): No JNI_OnLoad found in libnativehelper.so 0x0, skipping init
D/dalvikvm( 6006): Note: class Landroid/app/ActivityManagerNative; has 179 unimplemented (abstract) methods
D/AndroidRuntime( 6006): Calling main entry com.android.commands.settings.SettingsCmd
D/AndroidRuntime( 6006): Shutting down VM
D/dalvikvm( 6006): GC_CONCURRENT freed 96K, 16% free 562K/664K, paused 1ms+0ms, total 3ms
I/Icing   (  885): Indexing 51913DCE11206AD5493A298902DFB4629E7C2319 from com.google.android.googlequicksearchbox
D/dalvikvm( 1346): GC_CONCURRENT freed 555K, 7% free 9483K/10136K, paused 2ms+1ms, total 19ms
I/Icing   (  885): Indexing done 51913DCE11206AD5493A298902DFB4629E7C2319
I/Icing   (  885): Indexing 20DD4C980DC9932934B14C611F3A585B39FE1847 from com.google.android.gms
D/dalvikvm(  885): GC_CONCURRENT freed 1574K, 12% free 12584K/14280K, paused 3ms+3ms, total 41ms
D/dalvikvm(  885): WAIT_FOR_CONCURRENT_GC blocked 27ms
I/Icing   (  885): Indexing done 20DD4C980DC9932934B14C611F3A585B39FE1847
D/AndroidRuntime( 6036): 
D/AndroidRuntime( 6036): >>>>>> AndroidRuntime START com.android.internal.os.RuntimeInit <<<<<<
D/AndroidRuntime( 6036): CheckJNI is OFF
D/dalvikvm( 6036): Trying to load lib libjavacore.so 0x0
D/dalvikvm( 6036): Added shared lib libjavacore.so 0x0
D/dalvikvm( 6036): Trying to load lib libnativehelper.so 0x0
D/dalvikvm( 6036): Added shared lib libnativehelper.so 0x0
D/dalvikvm( 6036): No JNI_OnLoad found in libnativehelper.so 0x0, skipping init
D/dalvikvm( 6036): Note: class Landroid/app/ActivityManagerNative; has 179 unimplemented (abstract) methods
D/AndroidRuntime( 6036): Calling main entry com.android.commands.settings.SettingsCmd
D/AndroidRuntime( 6036): Shutting down VM
D/dalvikvm( 6036): GC_CONCURRENT freed 96K, 15% free 562K/660K, paused 0ms+0ms, total 2ms
D/AndroidRuntime( 6063): 
D/AndroidRuntime( 6063): >>>>>> AndroidRuntime START com.android.internal.os.RuntimeInit <<<<<<
D/AndroidRuntime( 6063): CheckJNI is OFF
D/dalvikvm( 6063): Trying to load lib libjavacore.so 0x0
D/dalvikvm( 6063): Added shared lib libjavacore.so 0x0
D/dalvikvm( 6063): Trying to load lib libnativehelper.so 0x0
D/dalvikvm( 6063): Added shared lib libnativehelper.so 0x0
D/dalvikvm( 6063): No JNI_OnLoad found in libnativehelper.so 0x0, skipping init
D/dalvikvm( 6063): Note: class Landroid/app/ActivityManagerNative; has 179 unimplemented (abstract) methods
D/AndroidRuntime( 6063): Calling main entry com.android.commands.settings.SettingsCmd
D/AndroidRuntime( 6063): Shutting down VM
D/dalvikvm( 6063): GC_CONCURRENT freed 96K, 15% free 562K/660K, paused 0ms+0ms, total 2ms
D/AndroidRuntime( 6098): 
D/AndroidRuntime( 6098): >>>>>> AndroidRuntime START com.android.internal.os.RuntimeInit <<<<<<
D/AndroidRuntime( 6098): CheckJNI is OFF
D/dalvikvm( 6098): Trying to load lib libjavacore.so 0x0
D/dalvikvm( 6098): Added shared lib libjavacore.so 0x0
D/dalvikvm( 6098): Trying to load lib libnativehelper.so 0x0
D/dalvikvm( 6098): Added shared lib libnativehelper.so 0x0
D/dalvikvm( 6098): No JNI_OnLoad found in libnativehelper.so 0x0, skipping init
D/dalvikvm( 6098): Note: class Landroid/app/ActivityManagerNative; has 179 unimplemented (abstract) methods
D/AndroidRuntime( 6098): Calling main entry com.android.commands.settings.SettingsCmd
D/AndroidRuntime( 6098): Shutting down VM
D/dalvikvm( 6098): GC_CONCURRENT freed 96K, 15% free 562K/660K, paused 1ms+1ms, total 3ms
D/AndroidRuntime( 6129): 
D/AndroidRuntime( 6129): >>>>>> AndroidRuntime START com.android.internal.os.RuntimeInit <<<<<<
D/AndroidRuntime( 6129): CheckJNI is OFF
D/dalvikvm( 6129): Trying to load lib libjavacore.so 0x0
D/dalvikvm( 6129): Added shared lib libjavacore.so 0x0
D/dalvikvm( 6129): Trying to load lib libnativehelper.so 0x0
D/dalvikvm( 6129): Added shared lib libnativehelper.so 0x0
D/dalvikvm( 6129): No JNI_OnLoad found in libnativehelper.so 0x0, skipping init
D/dalvikvm( 6129): Note: class Landroid/app/ActivityManagerNative; has 179 unimplemented (abstract) methods
D/AndroidRuntime( 6129): Calling main entry com.android.commands.settings.SettingsCmd
D/AndroidRuntime( 6129): Shutting down VM
D/dalvikvm( 6129): GC_CONCURRENT freed 96K, 15% free 562K/660K, paused 0ms+0ms, total 2ms
D/AndroidRuntime( 6164): 
D/AndroidRuntime( 6164): >>>>>> AndroidRuntime START com.android.internal.os.RuntimeInit <<<<<<
D/AndroidRuntime( 6164): CheckJNI is OFF
D/dalvikvm( 6164): Trying to load lib libjavacore.so 0x0
D/dalvikvm( 6164): Added shared lib libjavacore.so 0x0
D/dalvikvm( 6164): Trying to load lib libnativehelper.so 0x0
D/dalvikvm( 6164): Added shared lib libnativehelper.so 0x0
D/dalvikvm( 6164): No JNI_OnLoad found in libnativehelper.so 0x0, skipping init
D/dalvikvm( 6164): Note: class Landroid/app/ActivityManagerNative; has 179 unimplemented (abstract) methods
D/AndroidRuntime( 6164): Calling main entry com.android.commands.settings.SettingsCmd
D/AndroidRuntime( 6164): Shutting down VM
D/dalvikvm( 6164): GC_CONCURRENT freed 96K, 15% free 562K/660K, paused 0ms+0ms, total 2ms
D/AndroidRuntime( 6196): 
D/AndroidRuntime( 6196): >>>>>> AndroidRuntime START com.android.internal.os.RuntimeInit <<<<<<
D/AndroidRuntime( 6196): CheckJNI is OFF
D/dalvikvm( 6196): Trying to load lib libjavacore.so 0x0
D/dalvikvm( 6196): Added shared lib libjavacore.so 0x0
D/dalvikvm( 6196): Trying to load lib libnativehelper.so 0x0
D/dalvikvm( 6196): Added shared lib libnativehelper.so 0x0
D/dalvikvm( 6196): No JNI_OnLoad found in libnativehelper.so 0x0, skipping init
D/dalvikvm( 6196): Note: class Landroid/app/ActivityManagerNative; has 179 unimplemented (abstract) methods
D/AndroidRuntime( 6196): Calling main entry com.android.commands.pm.Pm
D/AndroidRuntime( 6196): Shutting down VM
D/dalvikvm( 6196): GC_CONCURRENT freed 249K, 31% free 567K/820K, paused 0ms+0ms, total 3ms
D/AndroidRuntime( 6274): 
D/AndroidRuntime( 6274): >>>>>> AndroidRuntime START com.android.internal.os.RuntimeInit <<<<<<
D/AndroidRuntime( 6274): CheckJNI is OFF
D/dalvikvm( 6274): Trying to load lib libjavacore.so 0x0
D/dalvikvm( 6274): Added shared lib libjavacore.so 0x0
D/dalvikvm( 6274): Trying to load lib libnativehelper.so 0x0
D/dalvikvm( 6274): Added shared lib libnativehelper.so 0x0
D/dalvikvm( 6274): No JNI_OnLoad found in libnativehelper.so 0x0, skipping init
D/dalvikvm( 6274): Note: class Landroid/app/ActivityManagerNative; has 179 unimplemented (abstract) methods
D/AndroidRuntime( 6274): Calling main entry com.android.commands.pm.Pm
D/AndroidRuntime( 6274): Shutting down VM
D/dalvikvm( 6274): GC_CONCURRENT freed 249K, 31% free 567K/820K, paused 0ms+0ms, total 2ms
D/AndroidRuntime( 6375): 
D/AndroidRuntime( 6375): >>>>>> AndroidRuntime START com.android.internal.os.RuntimeInit <<<<<<
D/AndroidRuntime( 6375): CheckJNI is OFF
D/dalvikvm( 6375): Trying to load lib libjavacore.so 0x0
D/dalvikvm( 6375): Added shared lib libjavacore.so 0x0
D/dalvikvm( 6375): Trying to load lib libnativehelper.so 0x0
D/dalvikvm( 6375): Added shared lib libnativehelper.so 0x0
D/dalvikvm( 6375): No JNI_OnLoad found in libnativehelper.so 0x0, skipping init
D/dalvikvm( 6375): Note: class Landroid/app/ActivityManagerNative; has 179 unimplemented (abstract) methods
D/AndroidRuntime( 6375): Calling main entry com.android.commands.am.Am
D/AndroidRuntime( 6375): Shutting down VM
D/dalvikvm( 6375): GC_CONCURRENT freed 93K, 15% free 553K/648K, paused 0ms+1ms, total 3ms
W/ActivityManager(  579): Invalid packageName: com.careerbuilder.SugarDrone.test
D/AndroidRuntime( 6409): 
D/AndroidRuntime( 6409): >>>>>> AndroidRuntime START com.android.internal.os.RuntimeInit <<<<<<
D/AndroidRuntime( 6409): CheckJNI is OFF
D/dalvikvm( 6409): Trying to load lib libjavacore.so 0x0
D/dalvikvm( 6409): Added shared lib libjavacore.so 0x0
D/dalvikvm( 6409): Trying to load lib libnativehelper.so 0x0
D/dalvikvm( 6409): Added shared lib libnativehelper.so 0x0
D/dalvikvm( 6409): No JNI_OnLoad found in libnativehelper.so 0x0, skipping init
D/dalvikvm( 6409): Note: class Landroid/app/ActivityManagerNative; has 179 unimplemented (abstract) methods
D/AndroidRuntime( 6409): Calling main entry com.android.commands.pm.Pm
W/ActivityManager(  579): No content provider found for permission revoke: file:///data/local/tmp/0000002246
W/ActivityManager(  579): No content provider found for permission revoke: file:///data/local/tmp/0000002246
I/PackageManager(  579): Copying native libraries to /data/app-lib/vmdl1216887418
D/dalvikvm(  579): GC_CONCURRENT freed 4352K, 19% free 19570K/23964K, paused 4ms+5ms, total 101ms
D/dalvikvm(  579): WAIT_FOR_CONCURRENT_GC blocked 42ms
I/PackageManager(  579): Running dexopt on: com.careerbuilder.SugarDrone.test
D/dalvikvm( 6438): DexOpt: load 67ms, verify+opt 521ms, 1565836 bytes
I/ActivityManager(  579): Force stopping com.careerbuilder.SugarDrone.test appid=16819 user=-1: update pkg
I/InputReader(  579): Reconfiguring input devices.  changes=0x00000010
I/ActivityManager(  579): Delay finish: com.android.musicfx/.Compatibility$Receiver
I/ActivityManager(  579): Resuming delayed broadcast
D/BackupManagerService(  579): Received broadcast Intent { act=android.intent.action.PACKAGE_ADDED dat=package:com.careerbuilder.SugarDrone.test flg=0x4000010 (has extras) }
V/BackupManagerService(  579): addPackageParticipantsLocked: #1
I/Icing.InternalIcingCorporaProvider( 1346): Updating corpora: A: com.careerbuilder.SugarDrone.test, C: MAYBE
I/Icing.InternalIcingCorporaProvider( 1346): UpdateCorporaTask done [took 58 ms] updated apps [took 58 ms] 
D/dalvikvm(  885): GC_CONCURRENT freed 1395K, 14% free 12382K/14280K, paused 3ms+8ms, total 57ms
D/Wear_Controller(  885): Received broadcast action=android.intent.action.PACKAGE_ADDED and uri=com.careerbuilder.SugarDrone.test
I/PeopleContactsSync(  885): triggerPendingContactsCleanup: no accounts
D/dalvikvm(  579): GC_EXPLICIT freed 827K, 18% free 19659K/23964K, paused 3ms+15ms, total 257ms
D/AndroidRuntime( 6409): Shutting down VM
D/dalvikvm( 6409): GC_CONCURRENT freed 95K, 15% free 561K/660K, paused 0ms+1ms, total 2ms
W/IcingInternalCorpora(  885): getNumBytesRead when not calculated.
I/Icing   (  885): Usage reports 0 indexed 0 rejected 0 imm upload false
I/Icing   (  885): Usage reports 0 indexed 0 rejected 0 imm upload false
D/AndroidRuntime( 6498): 
D/AndroidRuntime( 6498): >>>>>> AndroidRuntime START com.android.internal.os.RuntimeInit <<<<<<
D/AndroidRuntime( 6498): CheckJNI is OFF
D/dalvikvm( 6498): Trying to load lib libjavacore.so 0x0
D/dalvikvm( 6498): Added shared lib libjavacore.so 0x0
D/dalvikvm( 6498): Trying to load lib libnativehelper.so 0x0
D/dalvikvm( 6498): Added shared lib libnativehelper.so 0x0
D/dalvikvm( 6498): No JNI_OnLoad found in libnativehelper.so 0x0, skipping init
D/dalvikvm( 6498): Note: class Landroid/app/ActivityManagerNative; has 179 unimplemented (abstract) methods
D/AndroidRuntime( 6498): Calling main entry com.android.commands.settings.SettingsCmd
D/AndroidRuntime( 6498): Shutting down VM
D/dalvikvm( 6498): GC_CONCURRENT freed 96K, 16% free 562K/664K, paused 1ms+1ms, total 3ms
I/Icing   (  885): Indexing 20DD4C980DC9932934B14C611F3A585B39FE1847 from com.google.android.gms
D/dalvikvm(  885): GC_CONCURRENT freed 1005K, 13% free 12533K/14280K, paused 3ms+3ms, total 36ms
D/dalvikvm(  885): WAIT_FOR_CONCURRENT_GC blocked 21ms
I/Icing   (  885): Indexing done 20DD4C980DC9932934B14C611F3A585B39FE1847
D/AndroidRuntime( 6536): 
D/AndroidRuntime( 6536): >>>>>> AndroidRuntime START com.android.internal.os.RuntimeInit <<<<<<
D/AndroidRuntime( 6536): CheckJNI is OFF
D/dalvikvm( 6536): Trying to load lib libjavacore.so 0x0
D/dalvikvm( 6536): Added shared lib libjavacore.so 0x0
D/dalvikvm( 6536): Trying to load lib libnativehelper.so 0x0
D/dalvikvm( 6536): Added shared lib libnativehelper.so 0x0
D/dalvikvm( 6536): No JNI_OnLoad found in libnativehelper.so 0x0, skipping init
D/dalvikvm( 6536): Note: class Landroid/app/ActivityManagerNative; has 179 unimplemented (abstract) methods
D/AndroidRuntime( 6536): Calling main entry com.android.commands.settings.SettingsCmd
D/AndroidRuntime( 6536): Shutting down VM
D/dalvikvm( 6536): GC_CONCURRENT freed 96K, 15% free 562K/660K, paused 1ms+1ms, total 3ms
D/AndroidRuntime( 6567): 
D/AndroidRuntime( 6567): >>>>>> AndroidRuntime START com.android.internal.os.RuntimeInit <<<<<<
D/AndroidRuntime( 6567): CheckJNI is OFF
D/dalvikvm( 6567): Trying to load lib libjavacore.so 0x0
D/dalvikvm( 6567): Added shared lib libjavacore.so 0x0
D/dalvikvm( 6567): Trying to load lib libnativehelper.so 0x0
D/dalvikvm( 6567): Added shared lib libnativehelper.so 0x0
D/dalvikvm( 6567): No JNI_OnLoad found in libnativehelper.so 0x0, skipping init
D/dalvikvm( 6567): Note: class Landroid/app/ActivityManagerNative; has 179 unimplemented (abstract) methods
D/AndroidRuntime( 6567): Calling main entry com.android.commands.settings.SettingsCmd
D/AndroidRuntime( 6567): Shutting down VM
D/dalvikvm( 6567): GC_CONCURRENT freed 96K, 15% free 562K/660K, paused 0ms+1ms, total 2ms
D/AndroidRuntime( 6595): 
D/AndroidRuntime( 6595): >>>>>> AndroidRuntime START com.android.internal.os.RuntimeInit <<<<<<
D/AndroidRuntime( 6595): CheckJNI is OFF
D/dalvikvm( 6595): Trying to load lib libjavacore.so 0x0
D/dalvikvm( 6595): Added shared lib libjavacore.so 0x0
D/dalvikvm( 6595): Trying to load lib libnativehelper.so 0x0
D/dalvikvm( 6595): Added shared lib libnativehelper.so 0x0
D/dalvikvm( 6595): No JNI_OnLoad found in libnativehelper.so 0x0, skipping init
D/dalvikvm( 6595): Note: class Landroid/app/ActivityManagerNative; has 179 unimplemented (abstract) methods
D/AndroidRuntime( 6595): Calling main entry com.android.commands.settings.SettingsCmd
D/AndroidRuntime( 6595): Shutting down VM
D/dalvikvm( 6595): GC_CONCURRENT freed 96K, 15% free 562K/660K, paused 0ms+0ms, total 3ms
D/AndroidRuntime( 6622): 
D/AndroidRuntime( 6622): >>>>>> AndroidRuntime START com.android.internal.os.RuntimeInit <<<<<<
D/AndroidRuntime( 6622): CheckJNI is OFF
D/dalvikvm( 6622): Trying to load lib libjavacore.so 0x0
D/dalvikvm( 6622): Added shared lib libjavacore.so 0x0
D/dalvikvm( 6622): Trying to load lib libnativehelper.so 0x0
D/dalvikvm( 6622): Added shared lib libnativehelper.so 0x0
D/dalvikvm( 6622): No JNI_OnLoad found in libnativehelper.so 0x0, skipping init
D/dalvikvm( 6622): Note: class Landroid/app/ActivityManagerNative; has 179 unimplemented (abstract) methods
D/AndroidRuntime( 6622): Calling main entry com.android.commands.settings.SettingsCmd
D/AndroidRuntime( 6622): Shutting down VM
D/dalvikvm( 6622): GC_CONCURRENT freed 96K, 15% free 562K/660K, paused 1ms+1ms, total 3ms
D/AndroidRuntime( 6648): 
D/AndroidRuntime( 6648): >>>>>> AndroidRuntime START com.android.internal.os.RuntimeInit <<<<<<
D/AndroidRuntime( 6648): CheckJNI is OFF
D/dalvikvm( 6648): Trying to load lib libjavacore.so 0x0
D/dalvikvm( 6648): Added shared lib libjavacore.so 0x0
D/dalvikvm( 6648): Trying to load lib libnativehelper.so 0x0
D/dalvikvm( 6648): Added shared lib libnativehelper.so 0x0
D/dalvikvm( 6648): No JNI_OnLoad found in libnativehelper.so 0x0, skipping init
D/dalvikvm( 6648): Note: class Landroid/app/ActivityManagerNative; has 179 unimplemented (abstract) methods
D/AndroidRuntime( 6648): Calling main entry com.android.commands.settings.SettingsCmd
D/AndroidRuntime( 6648): Shutting down VM
D/dalvikvm( 6648): GC_CONCURRENT freed 96K, 15% free 562K/660K, paused 1ms+0ms, total 3ms
D/AndroidRuntime( 6679): 
D/AndroidRuntime( 6679): >>>>>> AndroidRuntime START com.android.internal.os.RuntimeInit <<<<<<
D/AndroidRuntime( 6679): CheckJNI is OFF
D/dalvikvm( 6679): Trying to load lib libjavacore.so 0x0
D/dalvikvm( 6679): Added shared lib libjavacore.so 0x0
D/dalvikvm( 6679): Trying to load lib libnativehelper.so 0x0
D/dalvikvm( 6679): Added shared lib libnativehelper.so 0x0
D/dalvikvm( 6679): No JNI_OnLoad found in libnativehelper.so 0x0, skipping init
D/dalvikvm( 6679): Note: class Landroid/app/ActivityManagerNative; has 179 unimplemented (abstract) methods
D/AndroidRuntime( 6679): Calling main entry com.android.commands.pm.Pm
D/AndroidRuntime( 6679): Shutting down VM
D/dalvikvm( 6679): GC_CONCURRENT freed 251K, 31% free 567K/820K, paused 0ms+0ms, total 2ms
D/dalvikvm(  579): GC_CONCURRENT freed 2767K, 19% free 19565K/23952K, paused 2ms+6ms, total 83ms
D/dalvikvm(  579): WAIT_FOR_CONCURRENT_GC blocked 13ms
D/AndroidRuntime( 6756): 
D/AndroidRuntime( 6756): >>>>>> AndroidRuntime START com.android.internal.os.RuntimeInit <<<<<<
D/AndroidRuntime( 6756): CheckJNI is OFF
D/dalvikvm( 6756): Trying to load lib libjavacore.so 0x0
D/dalvikvm( 6756): Added shared lib libjavacore.so 0x0
D/dalvikvm( 6756): Trying to load lib libnativehelper.so 0x0
D/dalvikvm( 6756): Added shared lib libnativehelper.so 0x0
D/dalvikvm( 6756): No JNI_OnLoad found in libnativehelper.so 0x0, skipping init
D/dalvikvm( 6756): Note: class Landroid/app/ActivityManagerNative; has 179 unimplemented (abstract) methods
D/AndroidRuntime( 6756): Calling main entry com.android.commands.pm.Pm
D/AndroidRuntime( 6756): Shutting down VM
D/dalvikvm( 6756): GC_CONCURRENT freed 251K, 31% free 567K/820K, paused 0ms+0ms, total 3ms
D/AndroidRuntime( 6838): 
D/AndroidRuntime( 6838): >>>>>> AndroidRuntime START com.android.internal.os.RuntimeInit <<<<<<
D/AndroidRuntime( 6838): CheckJNI is OFF
D/dalvikvm( 6838): Trying to load lib libjavacore.so 0x0
D/dalvikvm( 6838): Added shared lib libjavacore.so 0x0
D/dalvikvm( 6838): Trying to load lib libnativehelper.so 0x0
D/dalvikvm( 6838): Added shared lib libnativehelper.so 0x0
D/dalvikvm( 6838): No JNI_OnLoad found in libnativehelper.so 0x0, skipping init
D/dalvikvm( 6838): Note: class Landroid/app/ActivityManagerNative; has 179 unimplemented (abstract) methods
D/AndroidRuntime( 6838): Calling main entry com.android.commands.input.Input
I/Input   ( 6838): injectKeyEvent: KeyEvent { action=ACTION_DOWN, keyCode=KEYCODE_BACK, scanCode=0, metaState=0, flags=0x0, repeatCount=0, eventTime=263200, downTime=263200, deviceId=-1, source=0x101 }
I/Input   ( 6838): injectKeyEvent: KeyEvent { action=ACTION_UP, keyCode=KEYCODE_BACK, scanCode=0, metaState=0, flags=0x0, repeatCount=0, eventTime=263200, downTime=263200, deviceId=-1, source=0x101 }
D/AndroidRuntime( 6838): Shutting down VM
D/dalvikvm( 6838): GC_CONCURRENT freed 98K, 16% free 563K/664K, paused 0ms+1ms, total 3ms
D/AndroidRuntime( 6894): 
D/AndroidRuntime( 6894): >>>>>> AndroidRuntime START com.android.internal.os.RuntimeInit <<<<<<
D/AndroidRuntime( 6894): CheckJNI is OFF
D/dalvikvm( 6894): Trying to load lib libjavacore.so 0x0
D/dalvikvm( 6894): Added shared lib libjavacore.so 0x0
D/dalvikvm( 6894): Trying to load lib libnativehelper.so 0x0
D/dalvikvm( 6894): Added shared lib libnativehelper.so 0x0
D/dalvikvm( 6894): No JNI_OnLoad found in libnativehelper.so 0x0, skipping init
D/dalvikvm( 6894): Note: class Landroid/app/ActivityManagerNative; has 179 unimplemented (abstract) methods
D/AndroidRuntime( 6894): Calling main entry com.android.commands.input.Input
I/Input   ( 6894): injectKeyEvent: KeyEvent { action=ACTION_DOWN, keyCode=KEYCODE_HOME, scanCode=0, metaState=0, flags=0x0, repeatCount=0, eventTime=264961, downTime=264961, deviceId=-1, source=0x101 }
I/Input   ( 6894): injectKeyEvent: KeyEvent { action=ACTION_UP, keyCode=KEYCODE_HOME, scanCode=0, metaState=0, flags=0x0, repeatCount=0, eventTime=264961, downTime=264961, deviceId=-1, source=0x101 }
D/AndroidRuntime( 6894): Shutting down VM
I/ActivityManager(  579): START u0 {act=android.intent.action.MAIN cat=[android.intent.category.HOME] flg=0x10200000 cmp=com.android.launcher/com.android.launcher2.Launcher} from pid 579
D/dalvikvm( 6894): GC_CONCURRENT freed 98K, 16% free 563K/664K, paused 0ms+0ms, total 3ms
D/AndroidRuntime( 6935): 
D/AndroidRuntime( 6935): >>>>>> AndroidRuntime START com.android.internal.os.RuntimeInit <<<<<<
D/AndroidRuntime( 6935): CheckJNI is OFF
D/dalvikvm( 6935): Trying to load lib libjavacore.so 0x0
D/dalvikvm( 6935): Added shared lib libjavacore.so 0x0
D/dalvikvm( 6935): Trying to load lib libnativehelper.so 0x0
D/dalvikvm( 6935): Added shared lib libnativehelper.so 0x0
D/dalvikvm( 6935): No JNI_OnLoad found in libnativehelper.so 0x0, skipping init
D/dalvikvm( 6935): Note: class Landroid/app/ActivityManagerNative; has 179 unimplemented (abstract) methods
D/AndroidRuntime( 6935): Calling main entry com.android.commands.input.Input
I/Input   ( 6935): injectKeyEvent: KeyEvent { action=ACTION_DOWN, keyCode=KEYCODE_BACK, scanCode=0, metaState=0, flags=0x0, repeatCount=0, eventTime=266303, downTime=266303, deviceId=-1, source=0x101 }
D/dalvikvm( 1310): GC_CONCURRENT freed 428K, 6% free 9514K/10036K, paused 2ms+2ms, total 21ms
I/Input   ( 6935): injectKeyEvent: KeyEvent { action=ACTION_UP, keyCode=KEYCODE_BACK, scanCode=0, metaState=0, flags=0x0, repeatCount=0, eventTime=266303, downTime=266303, deviceId=-1, source=0x101 }
D/AndroidRuntime( 6935): Shutting down VM
D/dalvikvm( 6935): GC_CONCURRENT freed 98K, 16% free 563K/664K, paused 1ms+1ms, total 3ms
D/Finsky  ( 1310): [1] 5.onFinished: Installation state replication succeeded.
D/AndroidRuntime( 6976): 
D/AndroidRuntime( 6976): >>>>>> AndroidRuntime START com.android.internal.os.RuntimeInit <<<<<<
D/AndroidRuntime( 6976): CheckJNI is OFF
D/dalvikvm( 6976): Trying to load lib libjavacore.so 0x0
D/dalvikvm( 6976): Added shared lib libjavacore.so 0x0
D/dalvikvm( 6976): Trying to load lib libnativehelper.so 0x0
D/dalvikvm( 6976): Added shared lib libnativehelper.so 0x0
D/dalvikvm( 6976): No JNI_OnLoad found in libnativehelper.so 0x0, skipping init
D/dalvikvm( 6976): Note: class Landroid/app/ActivityManagerNative; has 179 unimplemented (abstract) methods
D/AndroidRuntime( 6976): Calling main entry com.android.commands.am.Am
I/ActivityManager(  579): Force stopping com.careerbuilder.SugarDrone appid=16818 user=0: start instr
D/dalvikvm( 7001): Late-enabling CheckJNI
I/ActivityManager(  579): Start proc com.careerbuilder.SugarDrone for added application com.careerbuilder.SugarDrone: pid=7001 uid=16818 gids={56818, 3003, 1028, 1015}
I/dalvikvm( 7001): Could not find method android.app.Instrumentation.execStartActivity, referenced from method sh.calaba.exposed.InstrumentationExposed.execStartActivity
W/dalvikvm( 7001): VFY: unable to resolve virtual method 38: Landroid/app/Instrumentation;.execStartActivity (Landroid/content/Context;Landroid/os/IBinder;Landroid/os/IBinder;Landroid/app/Activity;Landroid/content/Intent;I)Landroid/app/Instrumentation$ActivityResult;
D/dalvikvm( 7001): VFY: replacing opcode 0x75 at 0x0000
I/dalvikvm( 7001): Could not find method android.app.Instrumentation.execStartActivity, referenced from method sh.calaba.exposed.InstrumentationExposed.execStartActivity
W/dalvikvm( 7001): VFY: unable to resolve virtual method 41: Landroid/app/Instrumentation;.execStartActivity (Landroid/content/Context;Landroid/os/IBinder;Landroid/os/IBinder;Landroid/app/Fragment;Landroid/content/Intent;I)Landroid/app/Instrumentation$ActivityResult;
D/dalvikvm( 7001): VFY: replacing opcode 0x75 at 0x0000
I/dalvikvm( 7001): Could not find method android.app.Instrumentation.execStartActivityAsCaller, referenced from method sh.calaba.exposed.InstrumentationExposed.execStartActivityAsCaller
W/dalvikvm( 7001): VFY: unable to resolve virtual method 43: Landroid/app/Instrumentation;.execStartActivityAsCaller (Landroid/content/Context;Landroid/os/IBinder;Landroid/os/IBinder;Landroid/app/Activity;Landroid/content/Intent;ILandroid/os/Bundle;I)Landroid/app/Instrumentation$ActivityResult;
D/dalvikvm( 7001): VFY: replacing opcode 0x75 at 0x0000
D/dalvikvm( 7001): Trying to load lib /data/app-lib/com.careerbuilder.SugarDrone-1/libmonodroid.so 0x421e5b88
D/dalvikvm( 7001): Added shared lib /data/app-lib/com.careerbuilder.SugarDrone-1/libmonodroid.so 0x421e5b88
W/monodroid( 7001): Using override path: /data/data/com.careerbuilder.SugarDrone/files/.__override__
W/monodroid( 7001): Trying to load sgen from: /data/data/com.careerbuilder.SugarDrone/files/.__override__/libmonosgen-2.0.so
W/monodroid( 7001): Trying to load sgen from: /storage/emulated/0/Android/data/com.careerbuilder.SugarDrone/files/.__override__/libmonosgen-2.0.so
W/monodroid( 7001): Trying to load sgen from: /data/app-lib/com.careerbuilder.SugarDrone-1/libmonosgen-2.0.so
D/Mono    ( 7001): Image addref mscorlib[0x752b9c60] -> mscorlib.dll[0x752b8fa8]: 2
D/Mono    ( 7001): Prepared to set up assembly 'mscorlib' (mscorlib.dll)
D/Mono    ( 7001): AOT module 'mscorlib.dll.so' not found: dlopen failed: library "/data/app-lib/com.careerbuilder.SugarDrone-1/libaot-mscorlib.dll.so" not found
D/Mono    ( 7001): AOT module '/Users/builder/data/lanes/4009/3a62f1ea/source/monodroid/builds/install/mono-armv6/lib/mono/aot-cache/arm/mscorlib.dll.so' not found: dlopen failed: library "/data/app-lib/com.careerbuilder.SugarDrone-1/libaot-mscorlib.dll.so" not found
D/Mono    ( 7001): Config attempting to parse: 'mscorlib.dll.config'.
D/Mono    ( 7001): Config attempting to parse: '/Users/builder/data/lanes/4009/3a62f1ea/source/monodroid/builds/install/mono-armv6/etc/mono/assemblies/mscorlib/mscorlib.config'.
D/Mono    ( 7001): Assembly mscorlib[0x752b9c60] added to domain RootDomain, ref_count=1
D/Mono    ( 7001): Image addref CareerBuilder_Search.Droid[0x7a3dbcc0] -> CareerBuilder_Search.Droid.dll[0x7a3db030]: 2
D/Mono    ( 7001): Prepared to set up assembly 'CareerBuilder_Search.Droid' (CareerBuilder_Search.Droid.dll)
D/Mono    ( 7001): Assembly CareerBuilder_Search.Droid[0x7a3dbcc0] added to domain RootDomain, ref_count=1
D/Mono    ( 7001): AOT module 'CareerBuilder_Search.Droid.dll.so' not found: dlopen failed: library "/data/app-lib/com.careerbuilder.SugarDrone-1/libaot-CareerBuilder_Search.Droid.dll.so" not found
D/Mono    ( 7001): AOT module '/Users/builder/data/lanes/4009/3a62f1ea/source/monodroid/builds/install/mono-armv6/lib/mono/aot-cache/arm/CareerBuilder_Search.Droid.dll.so' not found: dlopen failed: library "/data/app-lib/com.careerbuilder.SugarDrone-1/libaot-CareerBuilder_Search.Droid.dll.so" not found
D/Mono    ( 7001): Config attempting to parse: 'CareerBuilder_Search.Droid.dll.config'.
D/Mono    ( 7001): Config attempting to parse: '/Users/builder/data/lanes/4009/3a62f1ea/source/monodroid/builds/install/mono-armv6/etc/mono/assemblies/CareerBuilder_Search.Droid/CareerBuilder_Search.Droid.config'.
D/Mono    ( 7001): Image addref AppsFlyerXamarinBindingAndroid[0x7a3dcb28] -> AppsFlyerXamarinBindingAndroid.dll[0x7a3dbed8]: 2
D/Mono    ( 7001): Prepared to set up assembly 'AppsFlyerXamarinBindingAndroid' (AppsFlyerXamarinBindingAndroid.dll)
D/Mono    ( 7001): Assembly AppsFlyerXamarinBindingAndroid[0x7a3dcb28] added to domain RootDomain, ref_count=1
D/Mono    ( 7001): AOT module 'AppsFlyerXamarinBindingAndroid.dll.so' not found: dlopen failed: library "/data/app-lib/com.careerbuilder.SugarDrone-1/libaot-AppsFlyerXamarinBindingAndroid.dll.so" not found
D/Mono    ( 7001): AOT module '/Users/builder/data/lanes/4009/3a62f1ea/source/monodroid/builds/install/mono-armv6/lib/mono/aot-cache/arm/AppsFlyerXamarinBindingAndroid.dll.so' not found: dlopen failed: library "/data/app-lib/com.careerbuilder.SugarDrone-1/libaot-AppsFlyerXamarinBindingAndroid.dll.so" not found
D/Mono    ( 7001): Config attempting to parse: 'AppsFlyerXamarinBindingAndroid.dll.config'.
D/Mono    ( 7001): Config attempting to parse: '/Users/builder/data/lanes/4009/3a62f1ea/source/monodroid/builds/install/mono-armv6/etc/mono/assemblies/AppsFlyerXamarinBindingAndroid/AppsFlyerXamarinBindingAndroid.config'.
D/Mono    ( 7001): Image addref HockeySDK[0x7a3f4868] -> HockeySDK.dll[0x7a3f4008]: 2
D/Mono    ( 7001): Prepared to set up assembly 'HockeySDK' (HockeySDK.dll)
D/Mono    ( 7001): Assembly HockeySDK[0x7a3f4868] added to domain RootDomain, ref_count=1
D/Mono    ( 7001): AOT module 'HockeySDK.dll.so' not found: dlopen failed: library "/data/app-lib/com.careerbuilder.SugarDrone-1/libaot-HockeySDK.dll.so" not found
D/Mono    ( 7001): AOT module '/Users/builder/data/lanes/4009/3a62f1ea/source/monodroid/builds/install/mono-armv6/lib/mono/aot-cache/arm/HockeySDK.dll.so' not found: dlopen failed: library "/data/app-lib/com.careerbuilder.SugarDrone-1/libaot-HockeySDK.dll.so" not found
D/Mono    ( 7001): Config attempting to parse: 'HockeySDK.dll.config'.
D/Mono    ( 7001): Config attempting to parse: '/Users/builder/data/lanes/4009/3a62f1ea/source/monodroid/builds/install/mono-armv6/etc/mono/assemblies/HockeySDK/HockeySDK.config'.
D/Mono    ( 7001): Image addref Akavache[0x7a3f55e0] -> Akavache.dll[0x7a3f4950]: 2
D/Mono    ( 7001): Prepared to set up assembly 'Akavache' (Akavache.dll)
D/Mono    ( 7001): Assembly Akavache[0x7a3f55e0] added to domain RootDomain, ref_count=1
D/Mono    ( 7001): AOT module 'Akavache.dll.so' not found: dlopen failed: library "/data/app-lib/com.careerbuilder.SugarDrone-1/libaot-Akavache.dll.so" not found
D/Mono    ( 7001): AOT module '/Users/builder/data/lanes/4009/3a62f1ea/source/monodroid/builds/install/mono-armv6/lib/mono/aot-cache/arm/Akavache.dll.so' not found: dlopen failed: library "/data/app-lib/com.careerbuilder.SugarDrone-1/libaot-Akavache.dll.so" not found
D/Mono    ( 7001): Config attempting to parse: 'Akavache.dll.config'.
D/Mono    ( 7001): Config attempting to parse: '/Users/builder/data/lanes/4009/3a62f1ea/source/monodroid/builds/install/mono-armv6/etc/mono/assemblies/Akavache/Akavache.config'.
D/Mono    ( 7001): Image addref Akavache.Sqlite3[0x7a3f6350] -> Akavache.Sqlite3.dll[0x7a3f5700]: 2
D/Mono    ( 7001): Prepared to set up assembly 'Akavache.Sqlite3' (Akavache.Sqlite3.dll)
D/Mono    ( 7001): Assembly Akavache.Sqlite3[0x7a3f6350] added to domain RootDomain, ref_count=1
D/Mono    ( 7001): AOT module 'Akavache.Sqlite3.dll.so' not found: dlopen failed: library "/data/app-lib/com.careerbuilder.SugarDrone-1/libaot-Akavache.Sqlite3.dll.so" not found
D/Mono    ( 7001): AOT module '/Users/builder/data/lanes/4009/3a62f1ea/source/monodroid/builds/install/mono-armv6/lib/mono/aot-cache/arm/Akavache.Sqlite3.dll.so' not found: dlopen failed: library "/data/app-lib/com.careerbuilder.SugarDrone-1/libaot-Akavache.Sqlite3.dll.so" not found
W/        ( 7001): Symbol file LoadedFromMemory doesn't match image Akavache.Sqlite3.dll
D/Mono    ( 7001): Config attempting to parse: 'Akavache.Sqlite3.dll.config'.
D/Mono    ( 7001): Config attempting to parse: '/Users/builder/data/lanes/4009/3a62f1ea/source/monodroid/builds/install/mono-armv6/etc/mono/assemblies/Akavache.Sqlite3/Akavache.Sqlite3.config'.
D/Mono    ( 7001): Image addref Splat[0x7b1000b8] -> Splat.dll[0x7a3f64c0]: 2
D/Mono    ( 7001): Prepared to set up assembly 'Splat' (Splat.dll)
D/Mono    ( 7001): Assembly Splat[0x7b1000b8] added to domain RootDomain, ref_count=1
D/Mono    ( 7001): AOT module 'Splat.dll.so' not found: dlopen failed: library "/data/app-lib/com.careerbuilder.SugarDrone-1/libaot-Splat.dll.so" not found
D/Mono    ( 7001): AOT module '/Users/builder/data/lanes/4009/3a62f1ea/source/monodroid/builds/install/mono-armv6/lib/mono/aot-cache/arm/Splat.dll.so' not found: dlopen failed: library "/data/app-lib/com.careerbuilder.SugarDrone-1/libaot-Splat.dll.so" not found
D/Mono    ( 7001): Config attempting to parse: 'Splat.dll.config'.
D/Mono    ( 7001): Config attempting to parse: '/Users/builder/data/lanes/4009/3a62f1ea/source/monodroid/builds/install/mono-armv6/etc/mono/assemblies/Splat/Splat.config'.
D/Mono    ( 7001): Image addref Microsoft.Practices.ServiceLocation[0x7b103ed0] -> Microsoft.Practices.ServiceLocation.dll[0x7b103290]: 2
D/Mono    ( 7001): Prepared to set up assembly 'Microsoft.Practices.ServiceLocation' (Microsoft.Practices.ServiceLocation.dll)
D/Mono    ( 7001): Assembly Microsoft.Practices.ServiceLocation[0x7b103ed0] added to domain RootDomain, ref_count=1
D/Mono    ( 7001): AOT module 'Microsoft.Practices.ServiceLocation.dll.so' not found: dlopen failed: library "/data/app-lib/com.careerbuilder.SugarDrone-1/libaot-Microsoft.Practices.ServiceLocation.dll.so" not found
D/Mono    ( 7001): AOT module '/Users/builder/data/lanes/4009/3a62f1ea/source/monodroid/builds/install/mono-armv6/lib/mono/aot-cache/arm/Microsoft.Practices.ServiceLocation.dll.so' not found: dlopen failed: library "/data/app-lib/com.careerbuilder.SugarDrone-1/libaot-Microsoft.Practices.ServiceLocation.dll.so" not found
D/Mono    ( 7001): Config attempting to parse: 'Microsoft.Practices.ServiceLocation.dll.config'.
D/Mono    ( 7001): Config attempting to parse: '/Users/builder/data/lanes/4009/3a62f1ea/source/monodroid/builds/install/mono-armv6/etc/mono/assemblies/Microsoft.Practices.ServiceLocation/Microsoft.Practices.ServiceLocation.config'.
D/Mono    ( 7001): Image addref Microsoft.Practices.Unity[0x7b1054b8] -> Microsoft.Practices.Unity.dll[0x7b104848]: 2
D/Mono    ( 7001): Prepared to set up assembly 'Microsoft.Practices.Unity' (Microsoft.Practices.Unity.dll)
D/Mono    ( 7001): Assembly Microsoft.Practices.Unity[0x7b1054b8] added to domain RootDomain, ref_count=1
D/Mono    ( 7001): AOT module 'Microsoft.Practices.Unity.dll.so' not found: dlopen failed: library "/data/app-lib/com.careerbuilder.SugarDrone-1/libaot-Microsoft.Practices.Unity.dll.so" not found
D/Mono    ( 7001): AOT module '/Users/builder/data/lanes/4009/3a62f1ea/source/monodroid/builds/install/mono-armv6/lib/mono/aot-cache/arm/Microsoft.Practices.Unity.dll.so' not found: dlopen failed: library "/data/app-lib/com.careerbuilder.SugarDrone-1/libaot-Microsoft.Practices.Unity.dll.so" not found
D/Mono    ( 7001): Config attempting to parse: 'Microsoft.Practices.Unity.dll.config'.
D/Mono    ( 7001): Config attempting to parse: '/Users/builder/data/lanes/4009/3a62f1ea/source/monodroid/builds/install/mono-armv6/etc/mono/assemblies/Microsoft.Practices.Unity/Microsoft.Practices.Unity.config'.
D/Mono    ( 7001): Image addref Plugin.CurrentActivity[0x7b106208] -> Plugin.CurrentActivity.dll[0x7b1055d8]: 2
D/Mono    ( 7001): Prepared to set up assembly 'Plugin.CurrentActivity' (Plugin.CurrentActivity.dll)
D/Mono    ( 7001): Assembly Plugin.CurrentActivity[0x7b106208] added to domain RootDomain, ref_count=1
D/Mono    ( 7001): AOT module 'Plugin.CurrentActivity.dll.so' not found: dlopen failed: library "/data/app-lib/com.careerbuilder.SugarDrone-1/libaot-Plugin.CurrentActivity.dll.so" not found
D/Mono    ( 7001): AOT module '/Users/builder/data/lanes/4009/3a62f1ea/source/monodroid/builds/install/mono-armv6/lib/mono/aot-cache/arm/Plugin.CurrentActivity.dll.so' not found: dlopen failed: library "/data/app-lib/com.careerbuilder.SugarDrone-1/libaot-Plugin.CurrentActivity.dll.so" not found
D/Mono    ( 7001): Config attempting to parse: 'Plugin.CurrentActivity.dll.config'.
D/Mono    ( 7001): Config attempting to parse: '/Users/builder/data/lanes/4009/3a62f1ea/source/monodroid/builds/install/mono-armv6/etc/mono/assemblies/Plugin.CurrentActivity/Plugin.CurrentActivity.config'.
D/Mono    ( 7001): Image addref Plugin.Permissions[0x7b106f58] -> Plugin.Permissions.dll[0x7b106338]: 2
D/Mono    ( 7001): Prepared to set up assembly 'Plugin.Permissions' (Plugin.Permissions.dll)
D/Mono    ( 7001): Assembly Plugin.Permissions[0x7b106f58] added to domain RootDomain, ref_count=1
D/Mono    ( 7001): AOT module 'Plugin.Permissions.dll.so' not found: dlopen failed: library "/data/app-lib/com.careerbuilder.SugarDrone-1/libaot-Plugin.Permissions.dll.so" not found
D/Mono    ( 7001): AOT module '/Users/builder/data/lanes/4009/3a62f1ea/source/monodroid/builds/install/mono-armv6/lib/mono/aot-cache/arm/Plugin.Permissions.dll.so' not found: dlopen failed: library "/data/app-lib/com.careerbuilder.SugarDrone-1/libaot-Plugin.Permissions.dll.so" not found
D/Mono    ( 7001): Config attempting to parse: 'Plugin.Permissions.dll.config'.
D/Mono    ( 7001): Config attempting to parse: '/Users/builder/data/lanes/4009/3a62f1ea/source/monodroid/builds/install/mono-armv6/etc/mono/assemblies/Plugin.Permissions/Plugin.Permissions.config'.
D/Mono    ( 7001): Image addref Plugin.Permissions.Abstractions[0x7b108678] -> Plugin.Permissions.Abstractions.dll[0x7b107a18]: 2
D/Mono    ( 7001): Prepared to set up assembly 'Plugin.Permissions.Abstractions' (Plugin.Permissions.Abstractions.dll)
D/Mono    ( 7001): Assembly Plugin.Permissions.Abstractions[0x7b108678] added to domain RootDomain, ref_count=1
D/Mono    ( 7001): AOT module 'Plugin.Permissions.Abstractions.dll.so' not found: dlopen failed: library "/data/app-lib/com.careerbuilder.SugarDrone-1/libaot-Plugin.Permissions.Abstractions.dll.so" not found
D/Mono    ( 7001): AOT module '/Users/builder/data/lanes/4009/3a62f1ea/source/monodroid/builds/install/mono-armv6/lib/mono/aot-cache/arm/Plugin.Permissions.Abstractions.dll.so' not found: dlopen failed: library "/data/app-lib/com.careerbuilder.SugarDrone-1/libaot-Plugin.Permissions.Abstractions.dll.so" not found
D/Mono    ( 7001): Config attempting to parse: 'Plugin.Permissions.Abstractions.dll.config'.
D/Mono    ( 7001): Config attempting to parse: '/Users/builder/data/lanes/4009/3a62f1ea/source/monodroid/builds/install/mono-armv6/etc/mono/assemblies/Plugin.Permissions.Abstractions/Plugin.Permissions.Abstractions.config'.
D/Mono    ( 7001): Image addref Plugin.Geolocator[0x7b109528] -> Plugin.Geolocator.dll[0x7b1088d8]: 2
D/Mono    ( 7001): Prepared to set up assembly 'Plugin.Geolocator' (Plugin.Geolocator.dll)
D/Mono    ( 7001): Assembly Plugin.Geolocator[0x7b109528] added to domain RootDomain, ref_count=1
D/Mono    ( 7001): AOT module 'Plugin.Geolocator.dll.so' not found: dlopen failed: library "/data/app-lib/com.careerbuilder.SugarDrone-1/libaot-Plugin.Geolocator.dll.so" not found
D/Mono    ( 7001): AOT module '/Users/builder/data/lanes/4009/3a62f1ea/source/monodroid/builds/install/mono-armv6/lib/mono/aot-cache/arm/Plugin.Geolocator.dll.so' not found: dlopen failed: library "/data/app-lib/com.careerbuilder.SugarDrone-1/libaot-Plugin.Geolocator.dll.so" not found
D/Mono    ( 7001): Config attempting to parse: 'Plugin.Geolocator.dll.config'.
D/Mono    ( 7001): Config attempting to parse: '/Users/builder/data/lanes/4009/3a62f1ea/source/monodroid/builds/install/mono-armv6/etc/mono/assemblies/Plugin.Geolocator/Plugin.Geolocator.config'.
D/Mono    ( 7001): Image addref Plugin.Geolocator.Abstractions[0x7a3f84e8] -> Plugin.Geolocator.Abstractions.dll[0x7b109740]: 2
D/Mono    ( 7001): Prepared to set up assembly 'Plugin.Geolocator.Abstractions' (Plugin.Geolocator.Abstractions.dll)
D/Mono    ( 7001): Assembly Plugin.Geolocator.Abstractions[0x7a3f84e8] added to domain RootDomain, ref_count=1
D/Mono    ( 7001): AOT module 'Plugin.Geolocator.Abstractions.dll.so' not found: dlopen failed: library "/data/app-lib/com.careerbuilder.SugarDrone-1/libaot-Plugin.Geolocator.Abstractions.dll.so" not found
D/Mono    ( 7001): AOT module '/Users/builder/data/lanes/4009/3a62f1ea/source/monodroid/builds/install/mono-armv6/lib/mono/aot-cache/arm/Plugin.Geolocator.Abstractions.dll.so' not found: dlopen failed: library "/data/app-lib/com.careerbuilder.SugarDrone-1/libaot-Plugin.Geolocator.Abstractions.dll.so" not found
D/Mono    ( 7001): Config attempting to parse: 'Plugin.Geolocator.Abstractions.dll.config'.
D/Mono    ( 7001): Config attempting to parse: '/Users/builder/data/lanes/4009/3a62f1ea/source/monodroid/builds/install/mono-armv6/etc/mono/assemblies/Plugin.Geolocator.Abstractions/Plugin.Geolocator.Abstractions.config'.
D/Mono    ( 7001): Image addref Plugin.DeviceInfo[0x7a3f9860] -> Plugin.DeviceInfo.dll[0x7a3f8c00]: 2
D/Mono    ( 7001): Prepared to set up assembly 'Plugin.DeviceInfo' (Plugin.DeviceInfo.dll)
D/Mono    ( 7001): Assembly Plugin.DeviceInfo[0x7a3f9860] added to domain RootDomain, ref_count=1
D/Mono    ( 7001): AOT module 'Plugin.DeviceInfo.dll.so' not found: dlopen failed: library "/data/app-lib/com.careerbuilder.SugarDrone-1/libaot-Plugin.DeviceInfo.dll.so" not found
D/Mono    ( 7001): AOT module '/Users/builder/data/lanes/4009/3a62f1ea/source/monodroid/builds/install/mono-armv6/lib/mono/aot-cache/arm/Plugin.DeviceInfo.dll.so' not found: dlopen failed: library "/data/app-lib/com.careerbuilder.SugarDrone-1/libaot-Plugin.DeviceInfo.dll.so" not found
D/Mono    ( 7001): Config attempting to parse: 'Plugin.DeviceInfo.dll.config'.
D/Mono    ( 7001): Config attempting to parse: '/Users/builder/data/lanes/4009/3a62f1ea/source/monodroid/builds/install/mono-armv6/etc/mono/assemblies/Plugin.DeviceInfo/Plugin.DeviceInfo.config'.
D/Mono    ( 7001): Image addref Plugin.DeviceInfo.Abstractions[0x7a3faa48] -> Plugin.DeviceInfo.Abstractions.dll[0x7a3f9df8]: 2
D/Mono    ( 7001): Prepared to set up assembly 'Plugin.DeviceInfo.Abstractions' (Plugin.DeviceInfo.Abstractions.dll)
D/Mono    ( 7001): Assembly Plugin.DeviceInfo.Abstractions[0x7a3faa48] added to domain RootDomain, ref_count=1
D/Mono    ( 7001): AOT module 'Plugin.DeviceInfo.Abstractions.dll.so' not found: dlopen failed: library "/data/app-lib/com.careerbuilder.SugarDrone-1/libaot-Plugin.DeviceInfo.Abstractions.dll.so" not found
D/Mono    ( 7001): AOT module '/Users/builder/data/lanes/4009/3a62f1ea/source/monodroid/builds/install/mono-armv6/lib/mono/aot-cache/arm/Plugin.DeviceInfo.Abstractions.dll.so' not found: dlopen failed: library "/data/app-lib/com.careerbuilder.SugarDrone-1/libaot-Plugin.DeviceInfo.Abstractions.dll.so" not found
D/Mono    ( 7001): Config attempting to parse: 'Plugin.DeviceInfo.Abstractions.dll.config'.
D/Mono    ( 7001): Config attempting to parse: '/Users/builder/data/lanes/4009/3a62f1ea/source/monodroid/builds/install/mono-armv6/etc/mono/assemblies/Plugin.DeviceInfo.Abstractions/Plugin.DeviceInfo.Abstractions.config'.
D/Mono    ( 7001): Image addref Xamarin.GooglePlayServices.Analytics[0x7a3fb930] -> Xamarin.GooglePlayServices.Analytics.dll[0x7a3fad20]: 2
D/Mono    ( 7001): Prepared to set up assembly 'Xamarin.GooglePlayServices.Analytics' (Xamarin.GooglePlayServices.Analytics.dll)
D/Mono    ( 7001): Assembly Xamarin.GooglePlayServices.Analytics[0x7a3fb930] added to domain RootDomain, ref_count=1
D/Mono    ( 7001): AOT module 'Xamarin.GooglePlayServices.Analytics.dll.so' not found: dlopen failed: library "/data/app-lib/com.careerbuilder.SugarDrone-1/libaot-Xamarin.GooglePlayServices.Analytics.dll.so" not found
D/Mono    ( 7001): AOT module '/Users/builder/data/lanes/4009/3a62f1ea/source/monodroid/builds/install/mono-armv6/lib/mono/aot-cache/arm/Xamarin.GooglePlayServices.Analytics.dll.so' not found: dlopen failed: library "/data/app-lib/com.careerbuilder.SugarDrone-1/libaot-Xamarin.GooglePlayServices.Analytics.dll.so" not found
D/Mono    ( 7001): Config attempting to parse: 'Xamarin.GooglePlayServices.Analytics.dll.config'.
D/Mono    ( 7001): Config attempting to parse: '/Users/builder/data/lanes/4009/3a62f1ea/source/monodroid/builds/install/mono-armv6/etc/mono/assemblies/Xamarin.GooglePlayServices.Analytics/Xamarin.GooglePlayServices.Analytics.config'.
D/Mono    ( 7001): Image addref Xamarin.GooglePlayServices.Base[0x7a3fc688] -> Xamarin.GooglePlayServices.Base.dll[0x7a3fbad0]: 2
