<![CDATA[
]]><xtc-scenario name="[0-1052]CareerBuilder_Search.DroidFeatureTests.MyCBNavigationTests.SearchIsATab" id="[0-1052]CareerBuilder_Search.DroidFeatureTests.MyCBNavigationTests.SearchIsATab"><![CDATA[

]]><xtc-step name="[0-1052]CareerBuilder_Search.DroidFeatureTests.MyCBNavigationTests.SearchIsATab-SearchIsATab" id="[0-1052]CareerBuilder_Search.DroidFeatureTests.MyCBNavigationTests.SearchIsATab-SearchIsATab"><![CDATA[
D/AndroidRuntime( 5100): 
D/AndroidRuntime( 5100): >>>>>> AndroidRuntime START com.android.internal.os.RuntimeInit <<<<<<
D/AndroidRuntime( 5100): CheckJNI is OFF
D/dalvikvm( 5100): Trying to load lib libjavacore.so 0x0
D/dalvikvm( 5100): Added shared lib libjavacore.so 0x0
D/dalvikvm( 5100): Trying to load lib libnativehelper.so 0x0
D/dalvikvm( 5100): Added shared lib libnativehelper.so 0x0
D/dalvikvm( 5100): No JNI_OnLoad found in libnativehelper.so 0x0, skipping init
D/dalvikvm( 5100): Note: class Landroid/app/ActivityManagerNative; has 179 unimplemented (abstract) methods
D/AndroidRuntime( 5100): Calling main entry com.android.commands.pm.Pm
D/AndroidRuntime( 5100): Shutting down VM
D/dalvikvm( 5100): GC_CONCURRENT freed 248K, 31% free 567K/816K, paused 0ms+0ms, total 3ms
D/AndroidRuntime( 5280): 
D/AndroidRuntime( 5280): >>>>>> AndroidRuntime START com.android.internal.os.RuntimeInit <<<<<<
D/AndroidRuntime( 5280): CheckJNI is OFF
D/dalvikvm( 5280): Trying to load lib libjavacore.so 0x0
D/dalvikvm( 5280): Added shared lib libjavacore.so 0x0
D/dalvikvm( 5280): Trying to load lib libnativehelper.so 0x0
D/dalvikvm( 5280): Added shared lib libnativehelper.so 0x0
D/dalvikvm( 5280): No JNI_OnLoad found in libnativehelper.so 0x0, skipping init
D/dalvikvm( 5280): Note: class Landroid/app/ActivityManagerNative; has 179 unimplemented (abstract) methods
D/AndroidRuntime( 5280): Calling main entry com.android.commands.am.Am
D/AndroidRuntime( 5280): Shutting down VM
D/dalvikvm( 5280): GC_CONCURRENT freed 93K, 15% free 553K/648K, paused 0ms+0ms, total 3ms
--------- beginning of /dev/log/system
W/ActivityManager(  569): Invalid packageName: com.careerbuilder.SugarDrone
D/AndroidRuntime( 5893): 
D/AndroidRuntime( 5893): >>>>>> AndroidRuntime START com.android.internal.os.RuntimeInit <<<<<<
D/AndroidRuntime( 5893): CheckJNI is OFF
D/dalvikvm( 5893): Trying to load lib libjavacore.so 0x0
D/dalvikvm( 5893): Added shared lib libjavacore.so 0x0
D/dalvikvm( 5893): Trying to load lib libnativehelper.so 0x0
D/dalvikvm( 5893): Added shared lib libnativehelper.so 0x0
D/dalvikvm( 5893): No JNI_OnLoad found in libnativehelper.so 0x0, skipping init
D/dalvikvm( 5893): Note: class Landroid/app/ActivityManagerNative; has 179 unimplemented (abstract) methods
D/AndroidRuntime( 5893): Calling main entry com.android.commands.pm.Pm
W/ActivityManager(  569): No content provider found for permission revoke: file:///data/local/tmp/0000002096
W/ActivityManager(  569): No content provider found for permission revoke: file:///data/local/tmp/0000002096
I/PackageManager(  569): Copying native libraries to /data/app-lib/vmdl1511250920
D/dalvikvm(  569): GC_FOR_ALLOC freed 963K, 12% free 19911K/22584K, paused 60ms, total 60ms
D/dalvikvm(  569): GC_FOR_ALLOC freed 536K, 12% free 20059K/22648K, paused 56ms, total 56ms
D/dalvikvm(  569): GC_CONCURRENT freed 2035K, 10% free 20791K/22868K, paused 3ms+7ms, total 81ms
D/dalvikvm(  569): WAIT_FOR_CONCURRENT_GC blocked 73ms
D/dalvikvm(  569): GC_FOR_ALLOC freed 2757K, 13% free 20817K/23780K, paused 70ms, total 70ms
D/dalvikvm(  569): GC_FOR_ALLOC freed 2815K, 13% free 20836K/23816K, paused 72ms, total 72ms
D/dalvikvm(  569): GC_CONCURRENT freed 2841K, 13% free 20880K/23840K, paused 3ms+6ms, total 72ms
D/dalvikvm(  569): WAIT_FOR_CONCURRENT_GC blocked 66ms
I/PackageManager(  569): Running dexopt on: com.careerbuilder.SugarDrone
W/dalvikvm( 5979): method Landroid/support/v7/widget/ListViewCompat;.lookForSelectablePosition incorrectly overrides package-private method with same name in Landroid/widget/ListView;
D/dalvikvm( 5979): DexOpt: couldn't find static field Landroid/os/Build;.SUPPORTED_ABIS
D/dalvikvm( 5979): DexOpt: load 289ms, verify+opt 1611ms, 3733380 bytes
I/ActivityManager(  569): Force stopping com.careerbuilder.SugarDrone appid=18429 user=-1: update pkg
W/PackageManager(  569): Not granting permission android.permission.MANAGE_DOCUMENTS to package com.careerbuilder.SugarDrone (protectionLevel=2 flags=0x8be46)
W/PackageManager(  569): Not granting permission android.permission.MOUNT_UNMOUNT_FILESYSTEMS to package com.careerbuilder.SugarDrone (protectionLevel=18 flags=0x8be46)
I/InputReader(  569): Reconfiguring input devices.  changes=0x00000010
D/dalvikvm(  815): GC_CONCURRENT freed 316K, 4% free 9380K/9704K, paused 3ms+2ms, total 22ms
I/Icing.InternalIcingCorporaProvider( 1322): Updating corpora: A: com.careerbuilder.SugarDrone, C: MAYBE
D/BackupManagerService(  569): Received broadcast Intent { act=android.intent.action.PACKAGE_ADDED dat=package:com.careerbuilder.SugarDrone flg=0x4000010 (has extras) }
V/BackupManagerService(  569): addPackageParticipantsLocked: #1
D/dalvikvm( 1976): GC_FOR_ALLOC freed 245K, 3% free 18099K/18656K, paused 44ms, total 44ms
D/dalvikvm( 1322): GC_CONCURRENT freed 366K, 5% free 9800K/10268K, paused 2ms+13ms, total 35ms
D/Wear_Controller( 1004): Received broadcast action=android.intent.action.PACKAGE_ADDED and uri=com.careerbuilder.SugarDrone
I/PeopleContactsSync( 1004): triggerPendingContactsCleanup: no accounts
W/IcingInternalCorpora( 1004): getNumBytesRead when not calculated.
I/Icing   ( 1004): Usage reports 0 indexed 0 rejected 0 imm upload true
I/ActivityManager(  569): Delay finish: com.google.android.gms/.chimera.GmsIntentOperationService$PersistentInternalReceiver
I/Icing   ( 1004): Usage reports 0 indexed 0 rejected 0 imm upload false
D/dalvikvm(  569): GC_EXPLICIT freed 1393K, 12% free 20998K/23840K, paused 21ms+16ms, total 357ms
D/AndroidRuntime( 5893): Shutting down VM
D/dalvikvm( 5893): GC_CONCURRENT freed 95K, 15% free 561K/660K, paused 1ms+0ms, total 2ms
D/dalvikvm( 1004): GC_FOR_ALLOC freed 880K, 12% free 12366K/13920K, paused 56ms, total 56ms
I/Icing   ( 1004): Usage reports 0 indexed 0 rejected 0 imm upload false
I/Icing.InternalIcingCorporaProvider( 1322): UpdateCorporaTask done [took 346 ms] updated apps [took 346 ms] 
I/ActivityManager(  569): Resuming delayed broadcast
D/AndroidRuntime( 6068): 
D/AndroidRuntime( 6068): >>>>>> AndroidRuntime START com.android.internal.os.RuntimeInit <<<<<<
D/AndroidRuntime( 6068): CheckJNI is OFF
D/dalvikvm( 6068): Trying to load lib libjavacore.so 0x0
D/dalvikvm( 6068): Added shared lib libjavacore.so 0x0
D/dalvikvm( 6068): Trying to load lib libnativehelper.so 0x0
D/dalvikvm( 6068): Added shared lib libnativehelper.so 0x0
D/dalvikvm( 6068): No JNI_OnLoad found in libnativehelper.so 0x0, skipping init
D/dalvikvm( 6068): Note: class Landroid/app/ActivityManagerNative; has 179 unimplemented (abstract) methods
D/AndroidRuntime( 6068): Calling main entry com.android.commands.settings.SettingsCmd
D/AndroidRuntime( 6068): Shutting down VM
D/dalvikvm( 6068): GC_CONCURRENT freed 96K, 16% free 562K/664K, paused 0ms+1ms, total 3ms
I/Icing   ( 1004): Indexing A9423C0F0A10DE4991AA6E55B2F31155F7B86750 from com.google.android.googlequicksearchbox
I/Icing   ( 1004): Indexing done A9423C0F0A10DE4991AA6E55B2F31155F7B86750
I/Icing   ( 1004): Indexing 9AE916B9CACDBBF59B0A3F06984D1BB91FFBC6CB from com.google.android.gms
D/dalvikvm( 1004): GC_FOR_ALLOC freed 755K, 12% free 12329K/13920K, paused 37ms, total 37ms
D/dalvikvm( 1004): GC_FOR_ALLOC freed 698K, 12% free 12318K/13920K, paused 37ms, total 37ms
D/dalvikvm( 1004): GC_FOR_ALLOC freed 556K, 12% free 12317K/13920K, paused 36ms, total 39ms
I/Icing   ( 1004): Indexing done 9AE916B9CACDBBF59B0A3F06984D1BB91FFBC6CB
D/AndroidRuntime( 6096): 
D/AndroidRuntime( 6096): >>>>>> AndroidRuntime START com.android.internal.os.RuntimeInit <<<<<<
D/AndroidRuntime( 6096): CheckJNI is OFF
D/dalvikvm( 6096): Trying to load lib libjavacore.so 0x0
D/dalvikvm( 6096): Added shared lib libjavacore.so 0x0
D/dalvikvm( 6096): Trying to load lib libnativehelper.so 0x0
D/dalvikvm( 6096): Added shared lib libnativehelper.so 0x0
D/dalvikvm( 6096): No JNI_OnLoad found in libnativehelper.so 0x0, skipping init
D/dalvikvm( 6096): Note: class Landroid/app/ActivityManagerNative; has 179 unimplemented (abstract) methods
D/AndroidRuntime( 6096): Calling main entry com.android.commands.settings.SettingsCmd
D/AndroidRuntime( 6096): Shutting down VM
D/dalvikvm( 6096): GC_CONCURRENT freed 96K, 15% free 562K/660K, paused 0ms+1ms, total 3ms
D/AndroidRuntime( 6123): 
D/AndroidRuntime( 6123): >>>>>> AndroidRuntime START com.android.internal.os.RuntimeInit <<<<<<
D/AndroidRuntime( 6123): CheckJNI is OFF
D/dalvikvm( 6123): Trying to load lib libjavacore.so 0x0
D/dalvikvm( 6123): Added shared lib libjavacore.so 0x0
D/dalvikvm( 6123): Trying to load lib libnativehelper.so 0x0
D/dalvikvm( 6123): Added shared lib libnativehelper.so 0x0
D/dalvikvm( 6123): No JNI_OnLoad found in libnativehelper.so 0x0, skipping init
D/dalvikvm( 6123): Note: class Landroid/app/ActivityManagerNative; has 179 unimplemented (abstract) methods
D/AndroidRuntime( 6123): Calling main entry com.android.commands.settings.SettingsCmd
D/AndroidRuntime( 6123): Shutting down VM
D/dalvikvm( 6123): GC_CONCURRENT freed 96K, 16% free 562K/664K, paused 0ms+0ms, total 2ms
D/AndroidRuntime( 6151): 
D/AndroidRuntime( 6151): >>>>>> AndroidRuntime START com.android.internal.os.RuntimeInit <<<<<<
D/AndroidRuntime( 6151): CheckJNI is OFF
D/dalvikvm( 6151): Trying to load lib libjavacore.so 0x0
D/dalvikvm( 6151): Added shared lib libjavacore.so 0x0
D/dalvikvm( 6151): Trying to load lib libnativehelper.so 0x0
D/dalvikvm( 6151): Added shared lib libnativehelper.so 0x0
D/dalvikvm( 6151): No JNI_OnLoad found in libnativehelper.so 0x0, skipping init
D/dalvikvm( 6151): Note: class Landroid/app/ActivityManagerNative; has 179 unimplemented (abstract) methods
D/AndroidRuntime( 6151): Calling main entry com.android.commands.settings.SettingsCmd
D/AndroidRuntime( 6151): Shutting down VM
D/dalvikvm( 6151): GC_CONCURRENT freed 96K, 15% free 562K/660K, paused 1ms+0ms, total 3ms
D/AndroidRuntime( 6180): 
D/AndroidRuntime( 6180): >>>>>> AndroidRuntime START com.android.internal.os.RuntimeInit <<<<<<
D/AndroidRuntime( 6180): CheckJNI is OFF
D/dalvikvm( 6180): Trying to load lib libjavacore.so 0x0
D/dalvikvm( 6180): Added shared lib libjavacore.so 0x0
D/dalvikvm( 6180): Trying to load lib libnativehelper.so 0x0
D/dalvikvm( 6180): Added shared lib libnativehelper.so 0x0
D/dalvikvm( 6180): No JNI_OnLoad found in libnativehelper.so 0x0, skipping init
D/dalvikvm( 6180): Note: class Landroid/app/ActivityManagerNative; has 179 unimplemented (abstract) methods
D/AndroidRuntime( 6180): Calling main entry com.android.commands.settings.SettingsCmd
D/AndroidRuntime( 6180): Shutting down VM
D/dalvikvm( 6180): GC_CONCURRENT freed 96K, 15% free 562K/660K, paused 0ms+0ms, total 2ms
D/AndroidRuntime( 6205): 
D/AndroidRuntime( 6205): >>>>>> AndroidRuntime START com.android.internal.os.RuntimeInit <<<<<<
D/AndroidRuntime( 6205): CheckJNI is OFF
D/dalvikvm( 6205): Trying to load lib libjavacore.so 0x0
D/dalvikvm( 6205): Added shared lib libjavacore.so 0x0
D/dalvikvm( 6205): Trying to load lib libnativehelper.so 0x0
D/dalvikvm( 6205): Added shared lib libnativehelper.so 0x0
D/dalvikvm( 6205): No JNI_OnLoad found in libnativehelper.so 0x0, skipping init
D/dalvikvm( 6205): Note: class Landroid/app/ActivityManagerNative; has 179 unimplemented (abstract) methods
D/AndroidRuntime( 6205): Calling main entry com.android.commands.settings.SettingsCmd
D/AndroidRuntime( 6205): Shutting down VM
D/dalvikvm( 6205): GC_CONCURRENT freed 96K, 15% free 562K/660K, paused 0ms+0ms, total 2ms
D/AndroidRuntime( 6238): 
D/AndroidRuntime( 6238): >>>>>> AndroidRuntime START com.android.internal.os.RuntimeInit <<<<<<
D/AndroidRuntime( 6238): CheckJNI is OFF
D/dalvikvm( 6238): Trying to load lib libjavacore.so 0x0
D/dalvikvm( 6238): Added shared lib libjavacore.so 0x0
D/dalvikvm( 6238): Trying to load lib libnativehelper.so 0x0
D/dalvikvm( 6238): Added shared lib libnativehelper.so 0x0
D/dalvikvm( 6238): No JNI_OnLoad found in libnativehelper.so 0x0, skipping init
D/dalvikvm( 6238): Note: class Landroid/app/ActivityManagerNative; has 179 unimplemented (abstract) methods
D/AndroidRuntime( 6238): Calling main entry com.android.commands.pm.Pm
D/AndroidRuntime( 6238): Shutting down VM
D/dalvikvm( 6238): GC_CONCURRENT freed 249K, 31% free 567K/820K, paused 1ms+1ms, total 3ms
D/AndroidRuntime( 6308): 
D/AndroidRuntime( 6308): >>>>>> AndroidRuntime START com.android.internal.os.RuntimeInit <<<<<<
D/AndroidRuntime( 6308): CheckJNI is OFF
D/dalvikvm( 6308): Trying to load lib libjavacore.so 0x0
D/dalvikvm( 6308): Added shared lib libjavacore.so 0x0
D/dalvikvm( 6308): Trying to load lib libnativehelper.so 0x0
D/dalvikvm( 6308): Added shared lib libnativehelper.so 0x0
D/dalvikvm( 6308): No JNI_OnLoad found in libnativehelper.so 0x0, skipping init
D/dalvikvm( 6308): Note: class Landroid/app/ActivityManagerNative; has 179 unimplemented (abstract) methods
D/AndroidRuntime( 6308): Calling main entry com.android.commands.pm.Pm
D/AndroidRuntime( 6308): Shutting down VM
D/dalvikvm( 6308): GC_CONCURRENT freed 249K, 31% free 567K/820K, paused 1ms+0ms, total 4ms
D/AndroidRuntime( 6423): 
D/AndroidRuntime( 6423): >>>>>> AndroidRuntime START com.android.internal.os.RuntimeInit <<<<<<
D/AndroidRuntime( 6423): CheckJNI is OFF
D/dalvikvm( 6423): Trying to load lib libjavacore.so 0x0
D/dalvikvm( 6423): Added shared lib libjavacore.so 0x0
D/dalvikvm( 6423): Trying to load lib libnativehelper.so 0x0
D/dalvikvm( 6423): Added shared lib libnativehelper.so 0x0
D/dalvikvm( 6423): No JNI_OnLoad found in libnativehelper.so 0x0, skipping init
D/dalvikvm( 6423): Note: class Landroid/app/ActivityManagerNative; has 179 unimplemented (abstract) methods
D/AndroidRuntime( 6423): Calling main entry com.android.commands.am.Am
D/AndroidRuntime( 6423): Shutting down VM
D/dalvikvm( 6423): GC_CONCURRENT freed 93K, 15% free 553K/648K, paused 0ms+0ms, total 3ms
W/ActivityManager(  569): Invalid packageName: com.careerbuilder.SugarDrone.test
D/AndroidRuntime( 6457): 
D/AndroidRuntime( 6457): >>>>>> AndroidRuntime START com.android.internal.os.RuntimeInit <<<<<<
D/AndroidRuntime( 6457): CheckJNI is OFF
D/dalvikvm( 6457): Trying to load lib libjavacore.so 0x0
D/dalvikvm( 6457): Added shared lib libjavacore.so 0x0
D/dalvikvm( 6457): Trying to load lib libnativehelper.so 0x0
D/dalvikvm( 6457): Added shared lib libnativehelper.so 0x0
D/dalvikvm( 6457): No JNI_OnLoad found in libnativehelper.so 0x0, skipping init
D/dalvikvm( 6457): Note: class Landroid/app/ActivityManagerNative; has 179 unimplemented (abstract) methods
D/AndroidRuntime( 6457): Calling main entry com.android.commands.pm.Pm
W/ActivityManager(  569): No content provider found for permission revoke: file:///data/local/tmp/0000002097
W/ActivityManager(  569): No content provider found for permission revoke: file:///data/local/tmp/0000002097
I/PackageManager(  569): Copying native libraries to /data/app-lib/vmdl-1459125014
D/dalvikvm(  569): GC_CONCURRENT freed 4307K, 19% free 19642K/23996K, paused 4ms+5ms, total 77ms
I/PackageManager(  569): Running dexopt on: com.careerbuilder.SugarDrone.test
D/dalvikvm( 6492): DexOpt: load 70ms, verify+opt 520ms, 1565836 bytes
I/ActivityManager(  569): Force stopping com.careerbuilder.SugarDrone.test appid=18430 user=-1: update pkg
I/InputReader(  569): Reconfiguring input devices.  changes=0x00000010
D/BackupManagerService(  569): Received broadcast Intent { act=android.intent.action.PACKAGE_ADDED dat=package:com.careerbuilder.SugarDrone.test flg=0x4000010 (has extras) }
V/BackupManagerService(  569): addPackageParticipantsLocked: #1
I/ActivityManager(  569): Delay finish: com.google.android.googlequicksearchbox/com.google.android.search.core.summons.icing.InternalIcingCorporaProvider$CorporaChangedReceiver
I/ActivityManager(  569): Resuming delayed broadcast
I/Icing.InternalIcingCorporaProvider( 1322): Updating corpora: A: com.careerbuilder.SugarDrone.test, C: MAYBE
I/Icing.InternalIcingCorporaProvider( 1322): UpdateCorporaTask done [took 38 ms] updated apps [took 38 ms] 
I/PeopleContactsSync( 1004): triggerPendingContactsCleanup: no accounts
D/Wear_Controller( 1004): Received broadcast action=android.intent.action.PACKAGE_ADDED and uri=com.careerbuilder.SugarDrone.test
D/dalvikvm(  569): GC_EXPLICIT freed 888K, 18% free 19706K/23996K, paused 4ms+9ms, total 289ms
D/AndroidRuntime( 6457): Shutting down VM
D/dalvikvm( 6457): GC_CONCURRENT freed 95K, 15% free 561K/660K, paused 0ms+0ms, total 2ms
D/dalvikvm( 1004): GC_FOR_ALLOC freed 792K, 12% free 12348K/13920K, paused 34ms, total 34ms
W/IcingInternalCorpora( 1004): getNumBytesRead when not calculated.
I/Icing   ( 1004): Usage reports 0 indexed 0 rejected 0 imm upload false
I/Icing   ( 1004): Usage reports 0 indexed 0 rejected 0 imm upload false
D/AndroidRuntime( 6547): 
D/AndroidRuntime( 6547): >>>>>> AndroidRuntime START com.android.internal.os.RuntimeInit <<<<<<
D/AndroidRuntime( 6547): CheckJNI is OFF
D/dalvikvm( 6547): Trying to load lib libjavacore.so 0x0
D/dalvikvm( 6547): Added shared lib libjavacore.so 0x0
D/dalvikvm( 6547): Trying to load lib libnativehelper.so 0x0
D/dalvikvm( 6547): Added shared lib libnativehelper.so 0x0
D/dalvikvm( 6547): No JNI_OnLoad found in libnativehelper.so 0x0, skipping init
D/dalvikvm( 6547): Note: class Landroid/app/ActivityManagerNative; has 179 unimplemented (abstract) methods
D/AndroidRuntime( 6547): Calling main entry com.android.commands.settings.SettingsCmd
D/AndroidRuntime( 6547): Shutting down VM
D/dalvikvm( 6547): GC_CONCURRENT freed 96K, 16% free 562K/664K, paused 0ms+0ms, total 3ms
I/Icing   ( 1004): Indexing 9AE916B9CACDBBF59B0A3F06984D1BB91FFBC6CB from com.google.android.gms
D/dalvikvm( 1004): GC_FOR_ALLOC freed 701K, 12% free 12327K/13920K, paused 32ms, total 35ms
I/Icing   ( 1004): Indexing done 9AE916B9CACDBBF59B0A3F06984D1BB91FFBC6CB
D/AndroidRuntime( 6578): 
D/AndroidRuntime( 6578): >>>>>> AndroidRuntime START com.android.internal.os.RuntimeInit <<<<<<
D/AndroidRuntime( 6578): CheckJNI is OFF
D/dalvikvm( 6578): Trying to load lib libjavacore.so 0x0
D/dalvikvm( 6578): Added shared lib libjavacore.so 0x0
D/dalvikvm( 6578): Trying to load lib libnativehelper.so 0x0
D/dalvikvm( 6578): Added shared lib libnativehelper.so 0x0
D/dalvikvm( 6578): No JNI_OnLoad found in libnativehelper.so 0x0, skipping init
D/dalvikvm( 6578): Note: class Landroid/app/ActivityManagerNative; has 179 unimplemented (abstract) methods
D/AndroidRuntime( 6578): Calling main entry com.android.commands.settings.SettingsCmd
D/AndroidRuntime( 6578): Shutting down VM
D/dalvikvm( 6578): GC_CONCURRENT freed 96K, 15% free 562K/660K, paused 0ms+0ms, total 2ms
D/AndroidRuntime( 6606): 
D/AndroidRuntime( 6606): >>>>>> AndroidRuntime START com.android.internal.os.RuntimeInit <<<<<<
D/AndroidRuntime( 6606): CheckJNI is OFF
D/dalvikvm( 6606): Trying to load lib libjavacore.so 0x0
D/dalvikvm( 6606): Added shared lib libjavacore.so 0x0
D/dalvikvm( 6606): Trying to load lib libnativehelper.so 0x0
D/dalvikvm( 6606): Added shared lib libnativehelper.so 0x0
D/dalvikvm( 6606): No JNI_OnLoad found in libnativehelper.so 0x0, skipping init
D/dalvikvm( 6606): Note: class Landroid/app/ActivityManagerNative; has 179 unimplemented (abstract) methods
D/AndroidRuntime( 6606): Calling main entry com.android.commands.settings.SettingsCmd
D/AndroidRuntime( 6606): Shutting down VM
D/dalvikvm( 6606): GC_CONCURRENT freed 96K, 15% free 562K/660K, paused 1ms+1ms, total 3ms
D/AndroidRuntime( 6634): 
D/AndroidRuntime( 6634): >>>>>> AndroidRuntime START com.android.internal.os.RuntimeInit <<<<<<
D/AndroidRuntime( 6634): CheckJNI is OFF
D/dalvikvm( 6634): Trying to load lib libjavacore.so 0x0
D/dalvikvm( 6634): Added shared lib libjavacore.so 0x0
D/dalvikvm( 6634): Trying to load lib libnativehelper.so 0x0
D/dalvikvm( 6634): Added shared lib libnativehelper.so 0x0
D/dalvikvm( 6634): No JNI_OnLoad found in libnativehelper.so 0x0, skipping init
D/dalvikvm( 6634): Note: class Landroid/app/ActivityManagerNative; has 179 unimplemented (abstract) methods
D/AndroidRuntime( 6634): Calling main entry com.android.commands.settings.SettingsCmd
D/AndroidRuntime( 6634): Shutting down VM
D/dalvikvm( 6634): GC_CONCURRENT freed 96K, 15% free 562K/660K, paused 0ms+0ms, total 2ms
D/AndroidRuntime( 6665): 
D/AndroidRuntime( 6665): >>>>>> AndroidRuntime START com.android.internal.os.RuntimeInit <<<<<<
D/AndroidRuntime( 6665): CheckJNI is OFF
D/dalvikvm( 6665): Trying to load lib libjavacore.so 0x0
D/dalvikvm( 6665): Added shared lib libjavacore.so 0x0
D/dalvikvm( 6665): Trying to load lib libnativehelper.so 0x0
D/dalvikvm( 6665): Added shared lib libnativehelper.so 0x0
D/dalvikvm( 6665): No JNI_OnLoad found in libnativehelper.so 0x0, skipping init
D/dalvikvm( 6665): Note: class Landroid/app/ActivityManagerNative; has 179 unimplemented (abstract) methods
D/AndroidRuntime( 6665): Calling main entry com.android.commands.settings.SettingsCmd
D/AndroidRuntime( 6665): Shutting down VM
D/dalvikvm( 6665): GC_CONCURRENT freed 96K, 15% free 562K/660K, paused 0ms+0ms, total 3ms
D/AndroidRuntime( 6702): 
D/AndroidRuntime( 6702): >>>>>> AndroidRuntime START com.android.internal.os.RuntimeInit <<<<<<
D/AndroidRuntime( 6702): CheckJNI is OFF
W/ProcessCpuTracker(  569): Skipping unknown process pid 6704
D/dalvikvm( 6702): Trying to load lib libjavacore.so 0x0
D/dalvikvm( 6702): Added shared lib libjavacore.so 0x0
D/dalvikvm( 6702): Trying to load lib libnativehelper.so 0x0
D/dalvikvm( 6702): Added shared lib libnativehelper.so 0x0
D/dalvikvm( 6702): No JNI_OnLoad found in libnativehelper.so 0x0, skipping init
D/dalvikvm( 6702): Note: class Landroid/app/ActivityManagerNative; has 179 unimplemented (abstract) methods
D/AndroidRuntime( 6702): Calling main entry com.android.commands.settings.SettingsCmd
D/AndroidRuntime( 6702): Shutting down VM
D/dalvikvm( 6702): GC_CONCURRENT freed 96K, 15% free 562K/660K, paused 1ms+1ms, total 3ms
D/AndroidRuntime( 6734): 
D/AndroidRuntime( 6734): >>>>>> AndroidRuntime START com.android.internal.os.RuntimeInit <<<<<<
D/AndroidRuntime( 6734): CheckJNI is OFF
D/dalvikvm( 6734): Trying to load lib libjavacore.so 0x0
D/dalvikvm( 6734): Added shared lib libjavacore.so 0x0
D/dalvikvm( 6734): Trying to load lib libnativehelper.so 0x0
D/dalvikvm( 6734): Added shared lib libnativehelper.so 0x0
D/dalvikvm( 6734): No JNI_OnLoad found in libnativehelper.so 0x0, skipping init
D/dalvikvm( 6734): Note: class Landroid/app/ActivityManagerNative; has 179 unimplemented (abstract) methods
D/AndroidRuntime( 6734): Calling main entry com.android.commands.pm.Pm
D/AndroidRuntime( 6734): Shutting down VM
D/dalvikvm( 6734): GC_CONCURRENT freed 251K, 31% free 567K/820K, paused 0ms+0ms, total 3ms
D/dalvikvm(  569): GC_CONCURRENT freed 2718K, 18% free 19665K/23980K, paused 3ms+5ms, total 78ms
D/AndroidRuntime( 6804): 
D/AndroidRuntime( 6804): >>>>>> AndroidRuntime START com.android.internal.os.RuntimeInit <<<<<<
D/AndroidRuntime( 6804): CheckJNI is OFF
D/dalvikvm( 6804): Trying to load lib libjavacore.so 0x0
D/dalvikvm( 6804): Added shared lib libjavacore.so 0x0
D/dalvikvm( 6804): Trying to load lib libnativehelper.so 0x0
D/dalvikvm( 6804): Added shared lib libnativehelper.so 0x0
D/dalvikvm( 6804): No JNI_OnLoad found in libnativehelper.so 0x0, skipping init
D/dalvikvm( 6804): Note: class Landroid/app/ActivityManagerNative; has 179 unimplemented (abstract) methods
D/AndroidRuntime( 6804): Calling main entry com.android.commands.pm.Pm
D/AndroidRuntime( 6804): Shutting down VM
D/dalvikvm( 6804): GC_CONCURRENT freed 251K, 31% free 567K/820K, paused 0ms+0ms, total 3ms
D/AndroidRuntime( 6902): 
D/AndroidRuntime( 6902): >>>>>> AndroidRuntime START com.android.internal.os.RuntimeInit <<<<<<
D/AndroidRuntime( 6902): CheckJNI is OFF
D/dalvikvm( 6902): Trying to load lib libjavacore.so 0x0
D/dalvikvm( 6902): Added shared lib libjavacore.so 0x0
D/dalvikvm( 6902): Trying to load lib libnativehelper.so 0x0
D/dalvikvm( 6902): Added shared lib libnativehelper.so 0x0
D/dalvikvm( 6902): No JNI_OnLoad found in libnativehelper.so 0x0, skipping init
D/dalvikvm( 6902): Note: class Landroid/app/ActivityManagerNative; has 179 unimplemented (abstract) methods
D/AndroidRuntime( 6902): Calling main entry com.android.commands.input.Input
I/Input   ( 6902): injectKeyEvent: KeyEvent { action=ACTION_DOWN, keyCode=KEYCODE_BACK, scanCode=0, metaState=0, flags=0x0, repeatCount=0, eventTime=274855, downTime=274855, deviceId=-1, source=0x101 }
I/Input   ( 6902): injectKeyEvent: KeyEvent { action=ACTION_UP, keyCode=KEYCODE_BACK, scanCode=0, metaState=0, flags=0x0, repeatCount=0, eventTime=274855, downTime=274855, deviceId=-1, source=0x101 }
D/AndroidRuntime( 6902): Shutting down VM
D/dalvikvm( 6902): GC_CONCURRENT freed 98K, 16% free 563K/664K, paused 0ms+0ms, total 2ms
D/AndroidRuntime( 6964): 
D/AndroidRuntime( 6964): >>>>>> AndroidRuntime START com.android.internal.os.RuntimeInit <<<<<<
D/AndroidRuntime( 6964): CheckJNI is OFF
D/dalvikvm( 6964): Trying to load lib libjavacore.so 0x0
D/dalvikvm( 6964): Added shared lib libjavacore.so 0x0
D/dalvikvm( 6964): Trying to load lib libnativehelper.so 0x0
D/dalvikvm( 6964): Added shared lib libnativehelper.so 0x0
D/dalvikvm( 6964): No JNI_OnLoad found in libnativehelper.so 0x0, skipping init
D/dalvikvm( 6964): Note: class Landroid/app/ActivityManagerNative; has 179 unimplemented (abstract) methods
D/AndroidRuntime( 6964): Calling main entry com.android.commands.input.Input
I/Input   ( 6964): injectKeyEvent: KeyEvent { action=ACTION_DOWN, keyCode=KEYCODE_HOME, scanCode=0, metaState=0, flags=0x0, repeatCount=0, eventTime=276652, downTime=276652, deviceId=-1, source=0x101 }
I/Input   ( 6964): injectKeyEvent: KeyEvent { action=ACTION_UP, keyCode=KEYCODE_HOME, scanCode=0, metaState=0, flags=0x0, repeatCount=0, eventTime=276652, downTime=276652, deviceId=-1, source=0x101 }
I/ActivityManager(  569): START u0 {act=android.intent.action.MAIN cat=[android.intent.category.HOME] flg=0x10200000 cmp=com.android.launcher/com.android.launcher2.Launcher} from pid 569
D/AndroidRuntime( 6964): Shutting down VM
D/dalvikvm( 6964): GC_CONCURRENT freed 98K, 16% free 563K/664K, paused 1ms+0ms, total 3ms
D/dalvikvm( 1288): GC_CONCURRENT freed 428K, 5% free 9576K/10036K, paused 2ms+2ms, total 24ms
D/AndroidRuntime( 6999): 
D/AndroidRuntime( 6999): >>>>>> AndroidRuntime START com.android.internal.os.RuntimeInit <<<<<<
D/AndroidRuntime( 6999): CheckJNI is OFF
D/dalvikvm( 6999): Trying to load lib libjavacore.so 0x0
D/dalvikvm( 6999): Added shared lib libjavacore.so 0x0
D/dalvikvm( 6999): Trying to load lib libnativehelper.so 0x0
D/dalvikvm( 6999): Added shared lib libnativehelper.so 0x0
D/dalvikvm( 6999): No JNI_OnLoad found in libnativehelper.so 0x0, skipping init
D/dalvikvm( 6999): Note: class Landroid/app/ActivityManagerNative; has 179 unimplemented (abstract) methods
D/Finsky  ( 1288): [1] 5.onFinished: Installation state replication succeeded.
D/AndroidRuntime( 6999): Calling main entry com.android.commands.input.Input
I/Input   ( 6999): injectKeyEvent: KeyEvent { action=ACTION_DOWN, keyCode=KEYCODE_BACK, scanCode=0, metaState=0, flags=0x0, repeatCount=0, eventTime=278016, downTime=278016, deviceId=-1, source=0x101 }
I/Input   ( 6999): injectKeyEvent: KeyEvent { action=ACTION_UP, keyCode=KEYCODE_BACK, scanCode=0, metaState=0, flags=0x0, repeatCount=0, eventTime=278016, downTime=278016, deviceId=-1, source=0x101 }
D/AndroidRuntime( 6999): Shutting down VM
D/dalvikvm( 6999): GC_CONCURRENT freed 98K, 16% free 563K/664K, paused 0ms+0ms, total 2ms
D/AndroidRuntime( 7039): 
D/AndroidRuntime( 7039): >>>>>> AndroidRuntime START com.android.internal.os.RuntimeInit <<<<<<
D/AndroidRuntime( 7039): CheckJNI is OFF
D/dalvikvm( 7039): Trying to load lib libjavacore.so 0x0
D/dalvikvm( 7039): Added shared lib libjavacore.so 0x0
D/dalvikvm( 7039): Trying to load lib libnativehelper.so 0x0
D/dalvikvm( 7039): Added shared lib libnativehelper.so 0x0
D/dalvikvm( 7039): No JNI_OnLoad found in libnativehelper.so 0x0, skipping init
D/dalvikvm( 7039): Note: class Landroid/app/ActivityManagerNative; has 179 unimplemented (abstract) methods
D/AndroidRuntime( 7039): Calling main entry com.android.commands.am.Am
I/ActivityManager(  569): Force stopping com.careerbuilder.SugarDrone appid=18429 user=0: start instr
D/dalvikvm( 7059): Late-enabling CheckJNI
I/ActivityManager(  569): Start proc com.careerbuilder.SugarDrone for added application com.careerbuilder.SugarDrone: pid=7059 uid=18429 gids={58429, 3003, 1028, 1015}
I/dalvikvm( 7059): Could not find method android.app.Instrumentation.execStartActivity, referenced from method sh.calaba.exposed.InstrumentationExposed.execStartActivity
W/dalvikvm( 7059): VFY: unable to resolve virtual method 38: Landroid/app/Instrumentation;.execStartActivity (Landroid/content/Context;Landroid/os/IBinder;Landroid/os/IBinder;Landroid/app/Activity;Landroid/content/Intent;I)Landroid/app/Instrumentation$ActivityResult;
D/dalvikvm( 7059): VFY: replacing opcode 0x75 at 0x0000
I/dalvikvm( 7059): Could not find method android.app.Instrumentation.execStartActivity, referenced from method sh.calaba.exposed.InstrumentationExposed.execStartActivity
W/dalvikvm( 7059): VFY: unable to resolve virtual method 41: Landroid/app/Instrumentation;.execStartActivity (Landroid/content/Context;Landroid/os/IBinder;Landroid/os/IBinder;Landroid/app/Fragment;Landroid/content/Intent;I)Landroid/app/Instrumentation$ActivityResult;
D/dalvikvm( 7059): VFY: replacing opcode 0x75 at 0x0000
I/dalvikvm( 7059): Could not find method android.app.Instrumentation.execStartActivityAsCaller, referenced from method sh.calaba.exposed.InstrumentationExposed.execStartActivityAsCaller
W/dalvikvm( 7059): VFY: unable to resolve virtual method 43: Landroid/app/Instrumentation;.execStartActivityAsCaller (Landroid/content/Context;Landroid/os/IBinder;Landroid/os/IBinder;Landroid/app/Activity;Landroid/content/Intent;ILandroid/os/Bundle;I)Landroid/app/Instrumentation$ActivityResult;
D/dalvikvm( 7059): VFY: replacing opcode 0x75 at 0x0000
D/dalvikvm( 7059): Trying to load lib /data/app-lib/com.careerbuilder.SugarDrone-1/libmonodroid.so 0x42504b98
D/dalvikvm( 7059): Added shared lib /data/app-lib/com.careerbuilder.SugarDrone-1/libmonodroid.so 0x42504b98
W/monodroid( 7059): Using override path: /data/data/com.careerbuilder.SugarDrone/files/.__override__
W/monodroid( 7059): Trying to load sgen from: /data/data/com.careerbuilder.SugarDrone/files/.__override__/libmonosgen-2.0.so
W/monodroid( 7059): Trying to load sgen from: /storage/emulated/0/Android/data/com.careerbuilder.SugarDrone/files/.__override__/libmonosgen-2.0.so
W/monodroid( 7059): Trying to load sgen from: /data/app-lib/com.careerbuilder.SugarDrone-1/libmonosgen-2.0.so
D/Mono    ( 7059): Image addref mscorlib[0x75267cc0] -> mscorlib.dll[0x75267008]: 2
D/Mono    ( 7059): Prepared to set up assembly 'mscorlib' (mscorlib.dll)
D/Mono    ( 7059): AOT module 'mscorlib.dll.so' not found: dlopen failed: library "/data/app-lib/com.careerbuilder.SugarDrone-1/libaot-mscorlib.dll.so" not found
D/Mono    ( 7059): AOT module '/Users/builder/data/lanes/4009/3a62f1ea/source/monodroid/builds/install/mono-armv6/lib/mono/aot-cache/arm/mscorlib.dll.so' not found: dlopen failed: library "/data/app-lib/com.careerbuilder.SugarDrone-1/libaot-mscorlib.dll.so" not found
D/Mono    ( 7059): Config attempting to parse: 'mscorlib.dll.config'.
D/Mono    ( 7059): Config attempting to parse: '/Users/builder/data/lanes/4009/3a62f1ea/source/monodroid/builds/install/mono-armv6/etc/mono/assemblies/mscorlib/mscorlib.config'.
D/Mono    ( 7059): Assembly mscorlib[0x75267cc0] added to domain RootDomain, ref_count=1
D/Mono    ( 7059): Image addref CareerBuilder_Search.Droid[0x7a384cb8] -> CareerBuilder_Search.Droid.dll[0x7a384018]: 2
D/Mono    ( 7059): Prepared to set up assembly 'CareerBuilder_Search.Droid' (CareerBuilder_Search.Droid.dll)
D/Mono    ( 7059): Assembly CareerBuilder_Search.Droid[0x7a384cb8] added to domain RootDomain, ref_count=1
D/Mono    ( 7059): AOT module 'CareerBuilder_Search.Droid.dll.so' not found: dlopen failed: library "/data/app-lib/com.careerbuilder.SugarDrone-1/libaot-CareerBuilder_Search.Droid.dll.so" not found
D/Mono    ( 7059): AOT module '/Users/builder/data/lanes/4009/3a62f1ea/source/monodroid/builds/install/mono-armv6/lib/mono/aot-cache/arm/CareerBuilder_Search.Droid.dll.so' not found: dlopen failed: library "/data/app-lib/com.careerbuilder.SugarDrone-1/libaot-CareerBuilder_Search.Droid.dll.so" not found
D/Mono    ( 7059): Config attempting to parse: 'CareerBuilder_Search.Droid.dll.config'.
D/Mono    ( 7059): Config attempting to parse: '/Users/builder/data/lanes/4009/3a62f1ea/source/monodroid/builds/install/mono-armv6/etc/mono/assemblies/CareerBuilder_Search.Droid/CareerBuilder_Search.Droid.config'.
D/Mono    ( 7059): Image addref AppsFlyerXamarinBindingAndroid[0x7a385b20] -> AppsFlyerXamarinBindingAndroid.dll[0x7a384ed0]: 2
D/Mono    ( 7059): Prepared to set up assembly 'AppsFlyerXamarinBindingAndroid' (AppsFlyerXamarinBindingAndroid.dll)
D/Mono    ( 7059): Assembly AppsFlyerXamarinBindingAndroid[0x7a385b20] added to domain RootDomain, ref_count=1
D/Mono    ( 7059): AOT module 'AppsFlyerXamarinBindingAndroid.dll.so' not found: dlopen failed: library "/data/app-lib/com.careerbuilder.SugarDrone-1/libaot-AppsFlyerXamarinBindingAndroid.dll.so" not found
D/Mono    ( 7059): AOT module '/Users/builder/data/lanes/4009/3a62f1ea/source/monodroid/builds/install/mono-armv6/lib/mono/aot-cache/arm/AppsFlyerXamarinBindingAndroid.dll.so' not found: dlopen failed: library "/data/app-lib/com.careerbuilder.SugarDrone-1/libaot-AppsFlyerXamarinBindingAndroid.dll.so" not found
D/Mono    ( 7059): Config attempting to parse: 'AppsFlyerXamarinBindingAndroid.dll.config'.
D/Mono    ( 7059): Config attempting to parse: '/Users/builder/data/lanes/4009/3a62f1ea/source/monodroid/builds/install/mono-armv6/etc/mono/assemblies/AppsFlyerXamarinBindingAndroid/AppsFlyerXamarinBindingAndroid.config'.
D/Mono    ( 7059): Image addref HockeySDK[0x7a386840] -> HockeySDK.dll[0x7a385c20]: 2
D/Mono    ( 7059): Prepared to set up assembly 'HockeySDK' (HockeySDK.dll)
D/Mono    ( 7059): Assembly HockeySDK[0x7a386840] added to domain RootDomain, ref_count=1
D/Mono    ( 7059): AOT module 'HockeySDK.dll.so' not found: dlopen failed: library "/data/app-lib/com.careerbuilder.SugarDrone-1/libaot-HockeySDK.dll.so" not found
D/Mono    ( 7059): AOT module '/Users/builder/data/lanes/4009/3a62f1ea/source/monodroid/builds/install/mono-armv6/lib/mono/aot-cache/arm/HockeySDK.dll.so' not found: dlopen failed: library "/data/app-lib/com.careerbuilder.SugarDrone-1/libaot-HockeySDK.dll.so" not found
D/Mono    ( 7059): Config attempting to parse: 'HockeySDK.dll.config'.
D/Mono    ( 7059): Config attempting to parse: '/Users/builder/data/lanes/4009/3a62f1ea/source/monodroid/builds/install/mono-armv6/etc/mono/assemblies/HockeySDK/HockeySDK.config'.
D/Mono    ( 7059): Image addref Akavache[0x7a2f35e8] -> Akavache.dll[0x7a386928]: 2
D/Mono    ( 7059): Prepared to set up assembly 'Akavache' (Akavache.dll)
D/Mono    ( 7059): Assembly Akavache[0x7a2f35e8] added to domain RootDomain, ref_count=1
D/Mono    ( 7059): AOT module 'Akavache.dll.so' not found: dlopen failed: library "/data/app-lib/com.careerbuilder.SugarDrone-1/libaot-Akavache.dll.so" not found
D/Mono    ( 7059): AOT module '/Users/builder/data/lanes/4009/3a62f1ea/source/monodroid/builds/install/mono-armv6/lib/mono/aot-cache/arm/Akavache.dll.so' not found: dlopen failed: library "/data/app-lib/com.careerbuilder.SugarDrone-1/libaot-Akavache.dll.so" not found
D/Mono    ( 7059): Config attempting to parse: 'Akavache.dll.config'.
D/Mono    ( 7059): Config attempting to parse: '/Users/builder/data/lanes/4009/3a62f1ea/source/monodroid/builds/install/mono-armv6/etc/mono/assemblies/Akavache/Akavache.config'.
D/Mono    ( 7059): Image addref Akavache.Sqlite3[0x7a3a4380] -> Akavache.Sqlite3.dll[0x7a2f3708]: 2
D/Mono    ( 7059): Prepared to set up assembly 'Akavache.Sqlite3' (Akavache.Sqlite3.dll)
D/Mono    ( 7059): Assembly Akavache.Sqlite3[0x7a3a4380] added to domain RootDomain, ref_count=1
D/Mono    ( 7059): AOT module 'Akavache.Sqlite3.dll.so' not found: dlopen failed: library "/data/app-lib/com.careerbuilder.SugarDrone-1/libaot-Akavache.Sqlite3.dll.so" not found
D/Mono    ( 7059): AOT module '/Users/builder/data/lanes/4009/3a62f1ea/source/monodroid/builds/install/mono-armv6/lib/mono/aot-cache/arm/Akavache.Sqlite3.dll.so' not found: dlopen failed: library "/data/app-lib/com.careerbuilder.SugarDrone-1/libaot-Akavache.Sqlite3.dll.so" not found
W/        ( 7059): Symbol file LoadedFromMemory doesn't match image Akavache.Sqlite3.dll
D/Mono    ( 7059): Config attempting to parse: 'Akavache.Sqlite3.dll.config'.
D/Mono    ( 7059): Config attempting to parse: '/Users/builder/data/lanes/4009/3a62f1ea/source/monodroid/builds/install/mono-armv6/etc/mono/assemblies/Akavache.Sqlite3/Akavache.Sqlite3.config'.
D/Mono    ( 7059): Image addref Splat[0x7a3a50b0] -> Splat.dll[0x7a3a4470]: 2
D/Mono    ( 7059): Prepared to set up assembly 'Splat' (Splat.dll)
D/Mono    ( 7059): Assembly Splat[0x7a3a50b0] added to domain RootDomain, ref_count=1
D/Mono    ( 7059): AOT module 'Splat.dll.so' not found: dlopen failed: library "/data/app-lib/com.careerbuilder.SugarDrone-1/libaot-Splat.dll.so" not found
D/Mono    ( 7059): AOT module '/Users/builder/data/lanes/4009/3a62f1ea/source/monodroid/builds/install/mono-armv6/lib/mono/aot-cache/arm/Splat.dll.so' not found: dlopen failed: library "/data/app-lib/com.careerbuilder.SugarDrone-1/libaot-Splat.dll.so" not found
D/Mono    ( 7059): Config attempting to parse: 'Splat.dll.config'.
D/Mono    ( 7059): Config attempting to parse: '/Users/builder/data/lanes/4009/3a62f1ea/source/monodroid/builds/install/mono-armv6/etc/mono/assemblies/Splat/Splat.config'.
D/Mono    ( 7059): Image addref Microsoft.Practices.ServiceLocation[0x7a3a8ec8] -> Microsoft.Practices.ServiceLocation.dll[0x7a3a8288]: 2
D/Mono    ( 7059): Prepared to set up assembly 'Microsoft.Practices.ServiceLocation' (Microsoft.Practices.ServiceLocation.dll)
D/Mono    ( 7059): Assembly Microsoft.Practices.ServiceLocation[0x7a3a8ec8] added to domain RootDomain, ref_count=1
D/Mono    ( 7059): AOT module 'Microsoft.Practices.ServiceLocation.dll.so' not found: dlopen failed: library "/data/app-lib/com.careerbuilder.SugarDrone-1/libaot-Microsoft.Practices.ServiceLocation.dll.so" not found
D/Mono    ( 7059): AOT module '/Users/builder/data/lanes/4009/3a62f1ea/source/monodroid/builds/install/mono-armv6/lib/mono/aot-cache/arm/Microsoft.Practices.ServiceLocation.dll.so' not found: dlopen failed: library "/data/app-lib/com.careerbuilder.SugarDrone-1/libaot-Microsoft.Practices.ServiceLocation.dll.so" not found
D/Mono    ( 7059): Config attempting to parse: 'Microsoft.Practices.ServiceLocation.dll.config'.
D/Mono    ( 7059): Config attempting to parse: '/Users/builder/data/lanes/4009/3a62f1ea/source/monodroid/builds/install/mono-armv6/etc/mono/assemblies/Microsoft.Practices.ServiceLocation/Microsoft.Practices.ServiceLocation.config'.
D/Mono    ( 7059): Image addref Microsoft.Practices.Unity[0x7a3aa4b0] -> Microsoft.Practices.Unity.dll[0x7a3a9840]: 2
D/Mono    ( 7059): Prepared to set up assembly 'Microsoft.Practices.Unity' (Microsoft.Practices.Unity.dll)
D/Mono    ( 7059): Assembly Microsoft.Practices.Unity[0x7a3aa4b0] added to domain RootDomain, ref_count=1
D/Mono    ( 7059): AOT module 'Microsoft.Practices.Unity.dll.so' not found: dlopen failed: library "/data/app-lib/com.careerbuilder.SugarDrone-1/libaot-Microsoft.Practices.Unity.dll.so" not found
D/Mono    ( 7059): AOT module '/Users/builder/data/lanes/4009/3a62f1ea/source/monodroid/builds/install/mono-armv6/lib/mono/aot-cache/arm/Microsoft.Practices.Unity.dll.so' not found: dlopen failed: library "/data/app-lib/com.careerbuilder.SugarDrone-1/libaot-Microsoft.Practices.Unity.dll.so" not found
D/Mono    ( 7059): Config attempting to parse: 'Microsoft.Practices.Unity.dll.config'.
D/Mono    ( 7059): Config attempting to parse: '/Users/builder/data/lanes/4009/3a62f1ea/source/monodroid/builds/install/mono-armv6/etc/mono/assemblies/Microsoft.Practices.Unity/Microsoft.Practices.Unity.config'.
D/Mono    ( 7059): Image addref Plugin.CurrentActivity[0x7a3ab200] -> Plugin.CurrentActivity.dll[0x7a3aa5d0]: 2
D/Mono    ( 7059): Prepared to set up assembly 'Plugin.CurrentActivity' (Plugin.CurrentActivity.dll)
D/Mono    ( 7059): Assembly Plugin.CurrentActivity[0x7a3ab200] added to domain RootDomain, ref_count=1
D/Mono    ( 7059): AOT module 'Plugin.CurrentActivity.dll.so' not found: dlopen failed: library "/data/app-lib/com.careerbuilder.SugarDrone-1/libaot-Plugin.CurrentActivity.dll.so" not found
D/Mono    ( 7059): AOT module '/Users/builder/data/lanes/4009/3a62f1ea/source/monodroid/builds/install/mono-armv6/lib/mono/aot-cache/arm/Plugin.CurrentActivity.dll.so' not found: dlopen failed: library "/data/app-lib/com.careerbuilder.SugarDrone-1/libaot-Plugin.CurrentActivity.dll.so" not found
D/Mono    ( 7059): Config attempting to parse: 'Plugin.CurrentActivity.dll.config'.
D/Mono    ( 7059): Config attempting to parse: '/Users/builder/data/lanes/4009/3a62f1ea/source/monodroid/builds/install/mono-armv6/etc/mono/assemblies/Plugin.CurrentActivity/Plugin.CurrentActivity.config'.
D/Mono    ( 7059): Image addref Plugin.Permissions[0x7a3abf50] -> Plugin.Permissions.dll[0x7a3ab330]: 2
D/Mono    ( 7059): Prepared to set up assembly 'Plugin.Permissions' (Plugin.Permissions.dll)
D/Mono    ( 7059): Assembly Plugin.Permissions[0x7a3abf50] added to domain RootDomain, ref_count=1
D/Mono    ( 7059): AOT module 'Plugin.Permissions.dll.so' not found: dlopen failed: library "/data/app-lib/com.careerbuilder.SugarDrone-1/libaot-Plugin.Permissions.dll.so" not found
D/Mono    ( 7059): AOT module '/Users/builder/data/lanes/4009/3a62f1ea/source/monodroid/builds/install/mono-armv6/lib/mono/aot-cache/arm/Plugin.Permissions.dll.so' not found: dlopen failed: library "/data/app-lib/com.careerbuilder.SugarDrone-1/libaot-Plugin.Permissions.dll.so" not found
D/Mono    ( 7059): Config attempting to parse: 'Plugin.Permissions.dll.config'.
D/Mono    ( 7059): Config attempting to parse: '/Users/builder/data/lanes/4009/3a62f1ea/source/monodroid/builds/install/mono-armv6/etc/mono/assemblies/Plugin.Permissions/Plugin.Permissions.config'.
D/Mono    ( 7059): Image addref Plugin.Permissions.Abstractions[0x7a3ad670] -> Plugin.Permissions.Abstractions.dll[0x7a3aca10]: 2
D/Mono    ( 7059): Prepared to set up assembly 'Plugin.Permissions.Abstractions' (Plugin.Permissions.Abstractions.dll)
D/Mono    ( 7059): Assembly Plugin.Permissions.Abstractions[0x7a3ad670] added to domain RootDomain, ref_count=1
D/Mono    ( 7059): AOT module 'Plugin.Permissions.Abstractions.dll.so' not found: dlopen failed: library "/data/app-lib/com.careerbuilder.SugarDrone-1/libaot-Plugin.Permissions.Abstractions.dll.so" not found
D/Mono    ( 7059): AOT module '/Users/builder/data/lanes/4009/3a62f1ea/source/monodroid/builds/install/mono-armv6/lib/mono/aot-cache/arm/Plugin.Permissions.Abstractions.dll.so' not found: dlopen failed: library "/data/app-lib/com.careerbuilder.SugarDrone-1/libaot-Plugin.Permissions.Abstractions.dll.so" not found
D/Mono    ( 7059): Config attempting to parse: 'Plugin.Permissions.Abstractions.dll.config'.
D/Mono    ( 7059): Config attempting to parse: '/Users/builder/data/lanes/4009/3a62f1ea/source/monodroid/builds/install/mono-armv6/etc/mono/assemblies/Plugin.Permissions.Abstractions/Plugin.Permissions.Abstractions.config'.
D/Mono    ( 7059): Image addref Plugin.Geolocator[0x7a3ae520] -> Plugin.Geolocator.dll[0x7a3ad8d0]: 2
D/Mono    ( 7059): Prepared to set up assembly 'Plugin.Geolocator' (Plugin.Geolocator.dll)
D/Mono    ( 7059): Assembly Plugin.Geolocator[0x7a3ae520] added to domain RootDomain, ref_count=1
D/Mono    ( 7059): AOT module 'Plugin.Geolocator.dll.so' not found: dlopen failed: library "/data/app-lib/com.careerbuilder.SugarDrone-1/libaot-Plugin.Geolocator.dll.so" not found
D/Mono    ( 7059): AOT module '/Users/builder/data/lanes/4009/3a62f1ea/source/monodroid/builds/install/mono-armv6/lib/mono/aot-cache/arm/Plugin.Geolocator.dll.so' not found: dlopen failed: library "/data/app-lib/com.careerbuilder.SugarDrone-1/libaot-Plugin.Geolocator.dll.so" not found
D/Mono    ( 7059): Config attempting to parse: 'Plugin.Geolocator.dll.config'.
D/Mono    ( 7059): Config attempting to parse: '/Users/builder/data/lanes/4009/3a62f1ea/source/monodroid/builds/install/mono-armv6/etc/mono/assemblies/Plugin.Geolocator/Plugin.Geolocator.config'.
D/Mono    ( 7059): Image addref Plugin.Geolocator.Abstractions[0x7a3b04b8] -> Plugin.Geolocator.Abstractions.dll[0x7a3af8a0]: 2
D/Mono    ( 7059): Prepared to set up assembly 'Plugin.Geolocator.Abstractions' (Plugin.Geolocator.Abstractions.dll)
D/Mono    ( 7059): Assembly Plugin.Geolocator.Abstractions[0x7a3b04b8] added to domain RootDomain, ref_count=1
D/Mono    ( 7059): AOT module 'Plugin.Geolocator.Abstractions.dll.so' not found: dlopen failed: library "/data/app-lib/com.careerbuilder.SugarDrone-1/libaot-Plugin.Geolocator.Abstractions.dll.so" not found
D/Mono    ( 7059): AOT module '/Users/builder/data/lanes/4009/3a62f1ea/source/monodroid/builds/install/mono-armv6/lib/mono/aot-cache/arm/Plugin.Geolocator.Abstractions.dll.so' not found: dlopen failed: library "/data/app-lib/com.careerbuilder.SugarDrone-1/libaot-Plugin.Geolocator.Abstractions.dll.so" not found
D/Mono    ( 7059): Config attempting to parse: 'Plugin.Geolocator.Abstractions.dll.config'.
D/Mono    ( 7059): Config attempting to parse: '/Users/builder/data/lanes/4009/3a62f1ea/source/monodroid/builds/install/mono-armv6/etc/mono/assemblies/Plugin.Geolocator.Abstractions/Plugin.Geolocator.Abstractions.config'.
D/Mono    ( 7059): Image addref Plugin.DeviceInfo[0x7a3b1830] -> Plugin.DeviceInfo.dll[0x7a3b0bd0]: 2
D/Mono    ( 7059): Prepared to set up assembly 'Plugin.DeviceInfo' (Plugin.DeviceInfo.dll)
D/Mono    ( 7059): Assembly Plugin.DeviceInfo[0x7a3b1830] added to domain RootDomain, ref_count=1
D/Mono    ( 7059): AOT module 'Plugin.DeviceInfo.dll.so' not found: dlopen failed: library "/data/app-lib/com.careerbuilder.SugarDrone-1/libaot-Plugin.DeviceInfo.dll.so" not found
D/Mono    ( 7059): AOT module '/Users/builder/data/lanes/4009/3a62f1ea/source/monodroid/builds/install/mono-armv6/lib/mono/aot-cache/arm/Plugin.DeviceInfo.dll.so' not found: dlopen failed: library "/data/app-lib/com.careerbuilder.SugarDrone-1/libaot-Plugin.DeviceInfo.dll.so" not found
D/Mono    ( 7059): Config attempting to parse: 'Plugin.DeviceInfo.dll.config'.
D/Mono    ( 7059): Config attempting to parse: '/Users/builder/data/lanes/4009/3a62f1ea/source/monodroid/builds/install/mono-armv6/etc/mono/assemblies/Plugin.DeviceInfo/Plugin.DeviceInfo.config'.
D/Mono    ( 7059): Image addref Plugin.DeviceInfo.Abstractions[0x7a3b2a20] -> Plugin.DeviceInfo.Abstractions.dll[0x7a3b1db0]: 2
D/Mono    ( 7059): Prepared to set up assembly 'Plugin.DeviceInfo.Abstractions' (Plugin.DeviceInfo.Abstractions.dll)
D/Mono    ( 7059): Assembly Plugin.DeviceInfo.Abstractions[0x7a3b2a20] added to domain RootDomain, ref_count=1
D/Mono    ( 7059): AOT module 'Plugin.DeviceInfo.Abstractions.dll.so' not found: dlopen failed: library "/data/app-lib/com.careerbuilder.SugarDrone-1/libaot-Plugin.DeviceInfo.Abstractions.dll.so" not found
D/Mono    ( 7059): AOT module '/Users/builder/data/lanes/4009/3a62f1ea/source/monodroid/builds/install/mono-armv6/lib/mono/aot-cache/arm/Plugin.DeviceInfo.Abstractions.dll.so' not found: dlopen failed: library "/data/app-lib/com.careerbuilder.SugarDrone-1/libaot-Plugin.DeviceInfo.Abstractions.dll.so" not found
D/Mono    ( 7059): Config attempting to parse: 'Plugin.DeviceInfo.Abstractions.dll.config'.
D/Mono    ( 7059): Config attempting to parse: '/Users/builder/data/lanes/4009/3a62f1ea/source/monodroid/builds/install/mono-armv6/etc/mono/assemblies/Plugin.DeviceInfo.Abstractions/Plugin.DeviceInfo.Abstractions.config'.
D/Mono    ( 7059): Image addref Xamarin.GooglePlayServices.Analytics[0x7a3b3908] -> Xamarin.GooglePlayServices.Analytics.dll[0x7a3b2cf8]: 2
D/Mono    ( 7059): Prepared to set up assembly 'Xamarin.GooglePlayServices.Analytics' (Xamarin.GooglePlayServices.Analytics.dll)
D/Mono    ( 7059): Assembly Xamarin.GooglePlayServices.Analytics[0x7a3b3908] added to domain RootDomain, ref_count=1
D/Mono    ( 7059): AOT module 'Xamarin.GooglePlayServices.Analytics.dll.so' not found: dlopen failed: library "/data/app-lib/com.careerbuilder.SugarDrone-1/libaot-Xamarin.GooglePlayServices.Analytics.dll.so" not found
D/Mono    ( 7059): AOT module '/Users/builder/data/lanes/4009/3a62f1ea/source/monodroid/builds/install/mono-armv6/lib/mono/aot-cache/arm/Xamarin.GooglePlayServices.Analytics.dll.so' not found: dlopen failed: library "/data/app-lib/com.careerbuilder.SugarDrone-1/libaot-Xamarin.GooglePlayServices.Analytics.dll.so" not found
D/Mono    ( 7059): Config attempting to parse: 'Xamarin.GooglePlayServices.Analytics.dll.config'.
D/Mono    ( 7059): Config attempting to parse: '/Users/builder/data/lanes/4009/3a62f1ea/source/monodroid/builds/install/mono-armv6/etc/mono/assemblies/Xamarin.GooglePlayServices.Analytics/Xamarin.GooglePlayServices.Analytics.config'.
D/Mono    ( 7059): Image addref Xamarin.GooglePlayServices.Base[0x7a3b4660] -> Xamarin.GooglePlayServices.Base.dll[0x7a3b3aa8]: 2
D/Mono    ( 7059): Prepared to set up assembly 'Xamarin.GooglePlayServices.Base' (Xamarin.GooglePlayServices.Base.dll)
D/Mono    ( 7059): Assembly Xamarin.GooglePlayServices.Base[0x7a3b4660] added to domain RootDomain, ref_count=1
