W/ResourceType( 7042): No known package when getting name for resource number 0xffffffff
D/dalvikvm( 7042): GC_CONCURRENT freed 425K, 6% free 10588K/11208K, paused 3ms+2ms, total 19ms
D/dalvikvm( 7042): GC_CONCURRENT freed 536K, 6% free 10588K/11208K, paused 1ms+2ms, total 29ms
D/dalvikvm( 7042): WAIT_FOR_CONCURRENT_GC blocked 7ms
D/dalvikvm( 7042): WAIT_FOR_CONCURRENT_GC blocked 9ms
D/dalvikvm( 7042): GC_CONCURRENT freed 460K, 6% free 10606K/11208K, paused 2ms+2ms, total 47ms
I/System.out( 7042): URI: /map
I/System.out( 7042): params: {json={"query":"* id:'agreeAndContinueButton'","operation":{"method_name":"query","arguments":[]}}
I/System.out( 7042): }
W/ResourceType( 7042): No known package when getting name for resource number 0xffffffff
W/ResourceType( 7042): No known package when getting name for resource number 0xffffffff
W/ResourceType( 7042): No known package when getting name for resource number 0xffffffff
W/ResourceType( 7042): No known package when getting name for resource number 0xffffffff
W/ResourceType( 7042): No known package when getting name for resource number 0xffffffff
W/ResourceType( 7042): No known package when getting name for resource number 0xffffffff
W/ResourceType( 7042): No known package when getting name for resource number 0xffffffff
D/dalvikvm( 7042): GC_CONCURRENT freed 434K, 6% free 10623K/11208K, paused 3ms+1ms, total 31ms
D/dalvikvm( 7042): GC_CONCURRENT freed 527K, 6% free 10614K/11208K, paused 1ms+7ms, total 23ms
D/dalvikvm( 7042): GC_CONCURRENT freed 424K, 5% free 10653K/11208K, paused 3ms+14ms, total 32ms
D/Mono    ( 7042): DllImport searching in: '__Internal' ('(null)').
D/Mono    ( 7042): Searching for 'java_interop_jnienv_call_nonvirtual_int_method_a'.
D/Mono    ( 7042): Probing 'java_interop_jnienv_call_nonvirtual_int_method_a'.
D/Mono    ( 7042): Found as 'java_interop_jnienv_call_nonvirtual_int_method_a'.
D/Mono    ( 7042): DllImport searching in: '__Internal' ('(null)').
D/Mono    ( 7042): Searching for 'java_interop_jnienv_get_float_field'.
D/Mono    ( 7042): Probing 'java_interop_jnienv_get_float_field'.
D/Mono    ( 7042): Found as 'java_interop_jnienv_get_float_field'.
D/Mono    ( 7042): DllImport searching in: '__Internal' ('(null)').
D/Mono    ( 7042): Searching for 'java_interop_jnienv_new_object_array'.
D/Mono    ( 7042): Probing 'java_interop_jnienv_new_object_array'.
D/Mono    ( 7042): Found as 'java_interop_jnienv_new_object_array'.
D/Mono    ( 7042): Assembly Ref addref System.Net.Http[0x7bd01ac0] -> System.Core[0x7ba80e18]: 13
D/Mono    ( 7042): DllImport searching in: '__Internal' ('(null)').
D/Mono    ( 7042): Searching for 'java_interop_jnienv_set_object_array_element'.
D/Mono    ( 7042): Probing 'java_interop_jnienv_set_object_array_element'.
D/Mono    ( 7042): Found as 'java_interop_jnienv_set_object_array_element'.
W/ProcessManager( 7042): waitpid on failed exec failed: No child processes
D/Mono    ( 7042): Assembly Ref addref Mono.Android[0x7b102ee0] -> System[0x7b8c55c8]: 12
I/System.out( 7042): URI: /map
I/System.out( 7042): params: {json={"query":"* id:'agreeAndContinueButton'","operation":{"method_name":"query","arguments":[]}}
I/System.out( 7042): }
W/ResourceType( 7042): No known package when getting name for resource number 0xffffffff
W/ResourceType( 7042): No known package when getting name for resource number 0xffffffff
W/ResourceType( 7042): No known package when getting name for resource number 0xffffffff
W/ResourceType( 7042): No known package when getting name for resource number 0xffffffff
W/ResourceType( 7042): No known package when getting name for resource number 0xffffffff
W/ResourceType( 7042): No known package when getting name for resource number 0xffffffff
W/ResourceType( 7042): No known package when getting name for resource number 0xffffffff
D/dalvikvm( 7042): GC_CONCURRENT freed 542K, 6% free 10593K/11208K, paused 3ms+2ms, total 28ms
D/dalvikvm( 7042): GC_CONCURRENT freed 538K, 6% free 10592K/11208K, paused 2ms+1ms, total 22ms
D/dalvikvm( 7042): WAIT_FOR_CONCURRENT_GC blocked 7ms
D/dalvikvm( 7042): GC_CONCURRENT freed 417K, 6% free 10610K/11208K, paused 3ms+4ms, total 20ms
I/System.out( 7042): URI: /map
I/System.out( 7042): params: {json={"query":"* id:'agreeAndContinueButton'","operation":{"method_name":"query","arguments":[]}}
I/System.out( 7042): }
W/ResourceType( 7042): No known package when getting name for resource number 0xffffffff
W/ResourceType( 7042): No known package when getting name for resource number 0xffffffff
W/ResourceType( 7042): No known package when getting name for resource number 0xffffffff
W/ResourceType( 7042): No known package when getting name for resource number 0xffffffff
W/ResourceType( 7042): No known package when getting name for resource number 0xffffffff
W/ResourceType( 7042): No known package when getting name for resource number 0xffffffff
W/ResourceType( 7042): No known package when getting name for resource number 0xffffffff
D/dalvikvm( 7042): GC_CONCURRENT freed 557K, 6% free 10597K/11208K, paused 1ms+2ms, total 17ms
D/dalvikvm( 7042): WAIT_FOR_CONCURRENT_GC blocked 5ms
D/dalvikvm( 7042): GC_CONCURRENT freed 525K, 6% free 10629K/11208K, paused 2ms+3ms, total 23ms
D/dalvikvm( 7042): GC_FOR_ALLOC freed 421K, 6% free 10581K/11208K, paused 25ms, total 25ms
I/System.out( 7042): URI: /map
I/System.out( 7042): params: {json={"query":"* id:'agreeAndContinueButton'","operation":{"method_name":"query","arguments":[]}}
I/System.out( 7042): }
W/ResourceType( 7042): No known package when getting name for resource number 0xffffffff
W/ResourceType( 7042): No known package when getting name for resource number 0xffffffff
W/ResourceType( 7042): No known package when getting name for resource number 0xffffffff
W/ResourceType( 7042): No known package when getting name for resource number 0xffffffff
W/ResourceType( 7042): No known package when getting name for resource number 0xffffffff
W/ResourceType( 7042): No known package when getting name for resource number 0xffffffff
W/ResourceType( 7042): No known package when getting name for resource number 0xffffffff
D/dalvikvm( 7042): GC_CONCURRENT freed 487K, 6% free 10631K/11208K, paused 1ms+2ms, total 19ms
D/dalvikvm( 7042): WAIT_FOR_CONCURRENT_GC blocked 2ms
D/dalvikvm( 7042): GC_CONCURRENT freed 587K, 6% free 10595K/11216K, paused 1ms+2ms, total 30ms
D/dalvikvm( 7042): WAIT_FOR_CONCURRENT_GC blocked 12ms
D/dalvikvm( 7042): WAIT_FOR_CONCURRENT_GC blocked 30ms
D/Mono    ( 7042): Unloading image System.dll [0x7dc84fc8].
D/Mono    ( 7042): Image addref System[0x7ce74360] -> System.dll[0x7b8c4500]: 5
D/Mono    ( 7042): Config attempting to parse: 'System.dll.config'.
D/Mono    ( 7042): Config attempting to parse: '/Users/builder/data/lanes/4009/3a62f1ea/source/monodroid/builds/install/mono-armv6/etc/mono/assemblies/System/System.config'.
D/Mono    ( 7042): Unloading image System.dll [0x7dc84fc8].
D/Mono    ( 7042): Image addref System[0x7ce779f0] -> System.dll[0x7b8c4500]: 6
D/Mono    ( 7042): Config attempting to parse: 'System.dll.config'.
D/Mono    ( 7042): Config attempting to parse: '/Users/builder/data/lanes/4009/3a62f1ea/source/monodroid/builds/install/mono-armv6/etc/mono/assemblies/System/System.config'.
D/Mono    ( 7042): Unloading image System.dll [0x7dc86a90].
D/Mono    ( 7042): Image addref System[0x7ce74360] -> System.dll[0x7b8c4500]: 7
D/Mono    ( 7042): Config attempting to parse: 'System.dll.config'.
D/Mono    ( 7042): Config attempting to parse: '/Users/builder/data/lanes/4009/3a62f1ea/source/monodroid/builds/install/mono-armv6/etc/mono/assemblies/System/System.config'.
D/Mono    ( 7042): Unloading image System.dll [0x7ce677b8].
D/Mono    ( 7042): Image addref System[0x7ce779f0] -> System.dll[0x7b8c4500]: 8
D/Mono    ( 7042): Config attempting to parse: 'System.dll.config'.
D/Mono    ( 7042): Config attempting to parse: '/Users/builder/data/lanes/4009/3a62f1ea/source/monodroid/builds/install/mono-armv6/etc/mono/assemblies/System/System.config'.
I/System.out( 7042): URI: /
I/System.out( 7042): params: {json={"command":"touch_coordinate","arguments":[600.0,1756.0]}
I/System.out( 7042): }
I/System.out( 7042): header: {content-length=57, host=devicehost118.prod, x-session-token=token-token-329f5ea1-91db-4178-8a92-c139151d0c4a, x-forwarded-for=10.222.150.24, content-type=application/json; charset=utf-8, connection=close}
I/System.out( 7042): params: {json={"command":"touch_coordinate","arguments":[600.0,1756.0]}
I/System.out( 7042): }
I/System.out( 7042): ProP json = {"command":"touch_coordinate","arguments":[600.0,1756.0]}
I/System.out( 7042): files: {}
I/System.out( 7042): command: {"command":"touch_coordinate","arguments":[600.0,1756.0]}
D/dalvikvm( 7042): GC_FOR_ALLOC freed 412K, 6% free 10590K/11216K, paused 18ms, total 18ms
I/InstrumentationBackend( 7042): Got command:'Command:'Line:null,touch_coordinate', arguments:'[600.0, 1756.0]'
D/dalvikvm( 7042): GC_FOR_ALLOC freed 1K, 6% free 10628K/11216K, paused 16ms, total 16ms
I/dalvikvm-heap( 7042): Grow heap (frag case) to 10.485MB for 79892-byte allocation
D/dalvikvm( 7042): GC_FOR_ALLOC freed 0K, 6% free 10706K/11296K, paused 15ms, total 15ms
D/Mono    ( 7042): DllImport searching in: '__Internal' ('(null)').
D/Mono    ( 7042): Searching for 'java_interop_jnienv_is_assignable_from'.
D/Mono    ( 7042): Probing 'java_interop_jnienv_is_assignable_from'.
D/Mono    ( 7042): Found as 'java_interop_jnienv_is_assignable_from'.
D/Mono    ( 7042): DllImport searching in: '__Internal' ('(null)').
D/Mono    ( 7042): Searching for 'java_interop_jnienv_get_byte_array_region'.
D/Mono    ( 7042): Probing 'java_interop_jnienv_get_byte_array_region'.
D/Mono    ( 7042): Found as 'java_interop_jnienv_get_byte_array_region'.
D/Mono    ( 7042): DllImport searching in: '__Internal' ('(null)').
D/Mono    ( 7042): Searching for 'java_interop_jnienv_set_byte_array_region'.
D/Mono    ( 7042): Probing 'java_interop_jnienv_set_byte_array_region'.
D/Mono    ( 7042): Found as 'java_interop_jnienv_set_byte_array_region'.
W/Mono    ( 7042): The request to load the assembly System.Core v4.0.0.0 was remapped to v2.0.5.0
D/Mono    ( 7042): Unloading image System.Core.dll [0x7dcc9e20].
D/Mono    ( 7042): Image addref System.Core[0x7dc86f60] -> System.Core.dll[0x7ba712e8]: 5
D/Mono    ( 7042): Config attempting to parse: 'System.Core.dll.config'.
D/Mono    ( 7042): Config attempting to parse: '/Users/builder/data/lanes/4009/3a62f1ea/source/monodroid/builds/install/mono-armv6/etc/mono/assemblies/System.Core/System.Core.config'.
W/Mono    ( 7042): The request to load the assembly System.Core v4.0.0.0 was remapped to v2.0.5.0
D/Mono    ( 7042): Unloading image System.Core.dll [0x7c4300b0].
D/Mono    ( 7042): Image addref System.Core[0x7dccc4c0] -> System.Core.dll[0x7ba712e8]: 6
D/Mono    ( 7042): Config attempting to parse: 'System.Core.dll.config'.
D/Mono    ( 7042): Config attempting to parse: '/Users/builder/data/lanes/4009/3a62f1ea/source/monodroid/builds/install/mono-armv6/etc/mono/assemblies/System.Core/System.Core.config'.
D/Mono    ( 7042): [0x7eb49630] hill climbing, change max number of threads 5
D/Mono    ( 7042): [0x7dcd8cf8] worker starting
I/AudioMixer(  181): found effect "Downmixer" from Fraunhofer IIS
D/audio_hw_primary(  181): select_devices: out_snd_device(2: speaker) in_snd_device(0: )
D/ACDB-LOADER(  181): ACDB -> send_afe_cal
I/calabash( 7042): execStartActivity 4
I/ActivityManager(  572): START u0 {cmp=com.careerbuilder.SugarDrone/md537fd6201b6818e2e180d2f7606e21a83.ValuePropActivity} from pid 7042
I/calabash( 7042): newActivity1
D/Mono    ( 7042): Assembly Ref addref CareerBuilder_Search.Droid[0x7a32fc98] -> System.Core[0x7ba80e18]: 14
D/dalvikvm( 7042): GC_CONCURRENT freed 466K, 5% free 10799K/11300K, paused 2ms+2ms, total 20ms
D/Mono    ( 7042): DllImport searching in: '__Internal' ('(null)').
D/Mono    ( 7042): Searching for 'java_interop_jnienv_call_nonvirtual_object_method'.
D/Mono    ( 7042): Probing 'java_interop_jnienv_call_nonvirtual_object_method'.
D/Mono    ( 7042): Found as 'java_interop_jnienv_call_nonvirtual_object_method'.
I/System.out( 7042): result:{"bonusInformation":[],"message":"","success":true}
I/System.out( 7042): URI: /backdoor
I/System.out( 7042): params: {json={"method_name":"APISetup","arguments":[200]}
I/System.out( 7042): }
D/dalvikvm( 7042): GC_CONCURRENT freed 496K, 5% free 10843K/11316K, paused 5ms+2ms, total 47ms
D/Mono    ( 7042): Assembly Ref addref CareerBuilder_Search.Droid[0x7a32fc98] -> Newtonsoft.Json[0x7a3f8a58]: 4
D/dalvikvm( 7042): GC_CONCURRENT freed 615K, 6% free 10789K/11444K, paused 2ms+5ms, total 29ms
I/System.out( 7042): URI: /backdoor
I/System.out( 7042): params: {json={"method_name":"MyCBBackdoor","arguments":[]}
I/System.out( 7042): }
D/Mono    ( 7042): DllImport searching in: '__Internal' ('(null)').
D/Mono    ( 7042): Searching for 'java_interop_jnienv_new_byte_array'.
D/Mono    ( 7042): Probing 'java_interop_jnienv_new_byte_array'.
D/Mono    ( 7042): Found as 'java_interop_jnienv_new_byte_array'.
D/dalvikvm( 7042): GC_FOR_ALLOC freed 291K, 6% free 10792K/11444K, paused 17ms, total 18ms
I/dalvikvm-heap( 7042): Grow heap (frag case) to 12.358MB for 1875760-byte allocation
D/dalvikvm( 7042): GC_FOR_ALLOC freed 1K, 5% free 12622K/13276K, paused 18ms, total 18ms
D/dalvikvm( 7042): GC_CONCURRENT freed 2K, 5% free 12621K/13276K, paused 1ms+3ms, total 19ms
W/ProcessCpuTracker(  572): Skipping unknown process pid 7433
D/dalvikvm( 7042): GC_FOR_ALLOC freed 2K, 5% free 12628K/13276K, paused 15ms, total 15ms
I/dalvikvm-heap( 7042): Grow heap (frag case) to 13.469MB for 1161616-byte allocation
D/dalvikvm( 7042): GC_FOR_ALLOC freed <1K, 5% free 13762K/14412K, paused 17ms, total 17ms
D/dalvikvm( 7042): GC_CONCURRENT freed <1K, 5% free 13762K/14412K, paused 2ms+1ms, total 20ms
W/FragmentManager( 7042): moveToState: Fragment state for ValuePropFragment{425dd200 #1 id=0x7f0a0148 android:switcher:2131362120:1} not updated inline; expected state 3 found 2
D/Mono    ( 7042): Assembly Ref addref CareerBuilder_Search.Droid[0x7a32fc98] -> Xamarin.Android.Support.Design[0x7a3f6fc0]: 2
I/calabash( 7042): execStartActivity 4
I/ActivityManager(  572): START u0 {cmp=com.careerbuilder.SugarDrone/md5a4824aa66c0dc4d104077b72c1916a44.MasterNavActivity} from pid 7042
I/calabash( 7042): newActivity1
I/System.out( 7042): URI: /map
I/System.out( 7042): params: {json={"query":"* marked:'Search'","operation":{"method_name":"query","arguments":[]}}
I/System.out( 7042): }
I/dalvikvm( 7042): Could not find method android.widget.Spinner.getPopupContext, referenced from method android.support.v7.widget.AppCompatSpinner.getPopupContext
W/dalvikvm( 7042): VFY: unable to resolve virtual method 20646: Landroid/widget/Spinner;.getPopupContext ()Landroid/content/Context;
D/dalvikvm( 7042): VFY: replacing opcode 0x6f at 0x000b
I/dalvikvm( 7042): Could not find method android.widget.CompoundButton.drawableHotspotChanged, referenced from method android.support.v7.widget.SwitchCompat.drawableHotspotChanged
W/dalvikvm( 7042): VFY: unable to resolve virtual method 20220: Landroid/widget/CompoundButton;.drawableHotspotChanged (FF)V
D/dalvikvm( 7042): VFY: replacing opcode 0x6f at 0x0006
D/Mono    ( 7042): DllImport searching in: '__Internal' ('(null)').
D/Mono    ( 7042): Searching for 'java_interop_jnienv_call_int_method'.
D/Mono    ( 7042): Probing 'java_interop_jnienv_call_int_method'.
D/Mono    ( 7042): Found as 'java_interop_jnienv_call_int_method'.
D/Mono    ( 7042): Assembly Ref addref Xamarin.Android.Support.Design[0x7a3f6fc0] -> Xamarin.Android.Support.v4[0x7a3f2cb8]: 4
D/Mono    ( 7042): Assembly Ref addref CareerBuilder_Search.Droid[0x7a32fc98] -> Xamarin.Android.Support.v7.RecyclerView[0x7a3f3a28]: 2
D/Mono    ( 7042): Assembly Ref addref Xamarin.Android.Support.v7.RecyclerView[0x7a3f3a28] -> Xamarin.Android.Support.v4[0x7a3f2cb8]: 5
D/Mono    ( 7042): Assembly Ref addref CareerBuilder_Search.Droid[0x7a32fc98] -> FloatingActionButton-Xamarin[0x7a3f1f58]: 2
D/dalvikvm( 7042): GC_CONCURRENT freed 1043K, 8% free 14205K/15276K, paused 8ms+7ms, total 60ms
I/Choreographer( 7042): Skipped 51 frames!  The application may be doing too much work on its main thread.
D/Mono    ( 7042): DllImport searching in: '__Internal' ('(null)').
D/Mono    ( 7042): Searching for 'java_interop_jnienv_call_nonvirtual_void_method'.
D/Mono    ( 7042): Probing 'java_interop_jnienv_call_nonvirtual_void_method'.
D/Mono    ( 7042): Found as 'java_interop_jnienv_call_nonvirtual_void_method'.
D/Mono    ( 7042): Unloading image System.Linq.dll [0x7de40f78].
D/Mono    ( 7042): Image addref System.Linq[0x7dcc9890] -> System.Linq.dll[0x7ba70e88]: 9
D/Mono    ( 7042): Config attempting to parse: 'System.Linq.dll.config'.
D/Mono    ( 7042): Config attempting to parse: '/Users/builder/data/lanes/4009/3a62f1ea/source/monodroid/builds/install/mono-armv6/etc/mono/assemblies/System.Linq/System.Linq.config'.
D/Mono    ( 7042): Assembly Ref addref CareerBuilder_Search[0x7b101e60] -> System.Linq[0x7ba7d808]: 7
D/dalvikvm( 7042): GC_FOR_ALLOC freed 64K, 7% free 14907K/15960K, paused 30ms, total 30ms
D/Mono    ( 7042): Unloading image System.Collections.dll [0x7de6bb20].
D/Mono    ( 7042): Image addref System.Collections[0x7e3a4ea0] -> System.Collections.dll[0x7b9da580]: 10
D/Mono    ( 7042): Config attempting to parse: 'System.Collections.dll.config'.
D/Mono    ( 7042): Config attempting to parse: '/Users/builder/data/lanes/4009/3a62f1ea/source/monodroid/builds/install/mono-armv6/etc/mono/assemblies/System.Collections/System.Collections.config'.
D/Mono    ( 7042): Assembly Ref addref System.Reactive.Linq[0x7a3fbfd8] -> System.Collections[0x7b9d8858]: 8
I/dalvikvm( 7042): Could not find method android.widget.ImageButton.<init>, referenced from method com.github.clans.fab.FloatingActionButton.<init>
W/dalvikvm( 7042): VFY: unable to resolve direct method 20357: Landroid/widget/ImageButton;.<init> (Landroid/content/Context;Landroid/util/AttributeSet;II)V
D/dalvikvm( 7042): VFY: replacing opcode 0x70 at 0x0003
W/dalvikvm( 7042): Unable to resolve superclass of Lcom/github/clans/fab/FloatingActionButton$1; (2485)
W/dalvikvm( 7042): Link of class 'Lcom/github/clans/fab/FloatingActionButton$1;' failed
E/dalvikvm( 7042): Could not find class 'android.graphics.drawable.RippleDrawable', referenced from method com.github.clans.fab.FloatingActionButton.createFillDrawable
W/dalvikvm( 7042): VFY: unable to resolve new-instance 220 (Landroid/graphics/drawable/RippleDrawable;) in Lcom/github/clans/fab/FloatingActionButton;
D/dalvikvm( 7042): VFY: replacing opcode 0x22 at 0x0038
E/dalvikvm( 7042): Could not find class 'android.graphics.drawable.RippleDrawable', referenced from method com.github.clans.fab.FloatingActionButton.onActionDown
W/dalvikvm( 7042): VFY: unable to resolve check-cast 220 (Landroid/graphics/drawable/RippleDrawable;) in Lcom/github/clans/fab/FloatingActionButton;
D/dalvikvm( 7042): VFY: replacing opcode 0x1f at 0x001d
E/dalvikvm( 7042): Could not find class 'android.graphics.drawable.RippleDrawable', referenced from method com.github.clans.fab.FloatingActionButton.onActionUp
W/dalvikvm( 7042): VFY: unable to resolve check-cast 220 (Landroid/graphics/drawable/RippleDrawable;) in Lcom/github/clans/fab/FloatingActionButton;
D/dalvikvm( 7042): VFY: replacing opcode 0x1f at 0x001f
I/dalvikvm( 7042): Could not find method android.widget.ImageButton.setElevation, referenced from method com.github.clans.fab.FloatingActionButton.setElevation
W/dalvikvm( 7042): VFY: unable to resolve virtual method 20373: Landroid/widget/ImageButton;.setElevation (F)V
D/dalvikvm( 7042): VFY: replacing opcode 0x6f at 0x000b
I/dalvikvm( 7042): Could not find method android.widget.ImageButton.setElevation, referenced from method com.github.clans.fab.FloatingActionButton.setElevationCompat
W/dalvikvm( 7042): VFY: unable to resolve virtual method 20373: Landroid/widget/ImageButton;.setElevation (F)V
D/dalvikvm( 7042): VFY: replacing opcode 0x6f at 0x0023
W/dalvikvm( 7042): Unable to resolve superclass of Lcom/github/clans/fab/FloatingActionButton$1; (2485)
W/dalvikvm( 7042): Link of class 'Lcom/github/clans/fab/FloatingActionButton$1;' failed
D/dalvikvm( 7042): DexOpt: unable to opt direct call 0x0408 at 0x4c in Lcom/github/clans/fab/FloatingActionButton;.createFillDrawable
W/dalvikvm( 7042): Unable to resolve superclass of Lcom/github/clans/fab/FloatingActionButton$1; (2485)
W/dalvikvm( 7042): Link of class 'Lcom/github/clans/fab/FloatingActionButton$1;' failed
D/dalvikvm( 7042): DexOpt: unable to opt direct call 0x520f at 0x51 in Lcom/github/clans/fab/FloatingActionButton;.createFillDrawable
D/Mono    ( 7042): DllImport attempting to load: '/system/lib/liblog.so'.
D/Mono    ( 7042): DllImport loaded library '/system/lib/liblog.so'.
D/Mono    ( 7042): DllImport searching in: '/system/lib/liblog.so' ('/system/lib/liblog.so').
D/Mono    ( 7042): Searching for '__android_log_print'.
D/Mono    ( 7042): Probing '__android_log_print'.
D/Mono    ( 7042): Found as '__android_log_print'.
I/mono-stdout( 7042): uri is: https://api.careerbuilder.com/consumer/jobs/search/?Keywords=&Location=&UseFacets=true&PageNumber=1&ExcludeNational=true&DeveloperKey=WDHR8FC6P2JZ1Y61KLM5
E/dalvikvm( 7042): Could not find class 'android.graphics.drawable.RippleDrawable', referenced from method com.github.clans.fab.Label.createFillDrawable
W/dalvikvm( 7042): VFY: unable to resolve new-instance 220 (Landroid/graphics/drawable/RippleDrawable;) in Lcom/github/clans/fab/Label;
D/dalvikvm( 7042): VFY: replacing opcode 0x22 at 0x0028
E/dalvikvm( 7042): Could not find class 'android.graphics.drawable.RippleDrawable', referenced from method com.github.clans.fab.Label.onActionDown
W/dalvikvm( 7042): VFY: unable to resolve instanceof 220 (Landroid/graphics/drawable/RippleDrawable;) in Lcom/github/clans/fab/Label;
D/dalvikvm( 7042): VFY: replacing opcode 0x20 at 0x0029
E/dalvikvm( 7042): Could not find class 'android.graphics.drawable.RippleDrawable', referenced from method com.github.clans.fab.Label.onActionUp
W/dalvikvm( 7042): VFY: unable to resolve instanceof 220 (Landroid/graphics/drawable/RippleDrawable;) in Lcom/github/clans/fab/Label;
D/dalvikvm( 7042): VFY: replacing opcode 0x20 at 0x0024
W/dalvikvm( 7042): Unable to resolve superclass of Lcom/github/clans/fab/Label$1; (2485)
W/dalvikvm( 7042): Link of class 'Lcom/github/clans/fab/Label$1;' failed
D/dalvikvm( 7042): DexOpt: unable to opt direct call 0x0408 at 0x3c in Lcom/github/clans/fab/Label;.createFillDrawable
W/dalvikvm( 7042): Unable to resolve superclass of Lcom/github/clans/fab/Label$1; (2485)
W/dalvikvm( 7042): Link of class 'Lcom/github/clans/fab/Label$1;' failed
D/dalvikvm( 7042): DexOpt: unable to opt direct call 0x5335 at 0x41 in Lcom/github/clans/fab/Label;.createFillDrawable
D/Mono    ( 7042): Image addref System.Net.Primitives[0x7e388088] -> System.Net.Primitives.dll[0x7e387010]: 2
D/Mono    ( 7042): Prepared to set up assembly 'System.Net.Primitives' (System.Net.Primitives.dll)
D/Mono    ( 7042): Assembly System.Net.Primitives[0x7e388088] added to domain RootDomain, ref_count=1
D/Mono    ( 7042): AOT module 'System.Net.Primitives.dll.so' not found: dlopen failed: library "/data/app-lib/com.careerbuilder.SugarDrone-1/libaot-System.Net.Primitives.dll.so" not found
D/Mono    ( 7042): Unloading image System.Net.Primitives.dll [0x7e3c65c0].
D/Mono    ( 7042): Image addref System.Net.Primitives[0x7e388658] -> System.Net.Primitives.dll[0x7e387010]: 4
D/Mono    ( 7042): Config attempting to parse: 'System.Net.Primitives.dll.config'.
D/Mono    ( 7042): Config attempting to parse: '/Users/builder/data/lanes/4009/3a62f1ea/source/monodroid/builds/install/mono-armv6/etc/mono/assemblies/System.Net.Primitives/System.Net.Primitives.config'.
D/Mono    ( 7042): Assembly Ref addref CareerBuilder_Search[0x7b101e60] -> System.Net.Primitives[0x7e388088]: 2
D/Mono    ( 7042): Assembly Ref addref System.Net.Primitives[0x7e388088] -> System[0x7b8c55c8]: 13
D/Mono    ( 7042): AOT module '/Users/builder/data/lanes/4009/3a62f1ea/source/monodroid/builds/install/mono-armv6/lib/mono/aot-cache/arm/System.Net.Primitives.dll.so' not found: dlopen failed: library "/data/app-lib/com.careerbuilder.SugarDrone-1/libaot-System.Net.Primitives.dll.so" not found
D/Mono    ( 7042): Config attempting to parse: 'System.Net.Primitives.dll.config'.
D/Mono    ( 7042): Config attempting to parse: '/Users/builder/data/lanes/4009/3a62f1ea/source/monodroid/builds/install/mono-armv6/etc/mono/assemblies/System.Net.Primitives/System.Net.Primitives.config'.
D/Mono    ( 7042): Unloading image System.Text.Encoding.dll [0x7e3b6950].
D/Mono    ( 7042): Image addref System.Text.Encoding[0x7e3c6390] -> System.Text.Encoding.dll[0x7ee60458]: 5
D/Mono    ( 7042): Config attempting to parse: 'System.Text.Encoding.dll.config'.
D/Mono    ( 7042): Config attempting to parse: '/Users/builder/data/lanes/4009/3a62f1ea/source/monodroid/builds/install/mono-armv6/etc/mono/assemblies/System.Text.Encoding/System.Text.Encoding.config'.
D/Mono    ( 7042): Assembly Ref addref CareerBuilder_Search[0x7b101e60] -> System.Text.Encoding[0x7ee473d0]: 3
D/Mono    ( 7042): Unloading image System.Text.Encoding.dll [0x7ef45ae0].
D/Mono    ( 7042): Image addref System.Text.Encoding[0x7e3b7858] -> System.Text.Encoding.dll[0x7ee60458]: 6
D/Mono    ( 7042): Config attempting to parse: 'System.Text.Encoding.dll.config'.
D/Mono    ( 7042): Config attempting to parse: '/Users/builder/data/lanes/4009/3a62f1ea/source/monodroid/builds/install/mono-armv6/etc/mono/assemblies/System.Text.Encoding/System.Text.Encoding.config'.
I/mono-stdout( 7042): making api call to: /consumer/jobs/search/?Keywords=&Location=&UseFacets=true&PageNumber=1&ExcludeNational=true&DeveloperKey=WDHR8FC6P2JZ1Y61KLM5
I/mono-stdout( 7042): making api call to: /consumer/saved-jobs/?DeveloperKey=WDHR8FC6P2JZ1Y61KLM5
D/Mono    ( 7042): Assembly Ref addref CareerBuilder_Search.Droid[0x7a32fc98] -> System[0x7b8c55c8]: 14
W/FragmentManager( 7042): moveToState: Fragment state for SavedJobsFragment{42ad3790 #1 id=0x7f0a0148 android:switcher:2131362120:1} not updated inline; expected state 3 found 2
D/Mono    ( 7042): Unloading image System.IO.dll [0x7ef5f0f8].
D/Mono    ( 7042): Image addref System.IO[0x7e3c6390] -> System.IO.dll[0x7e8e7008]: 6
D/Mono    ( 7042): Config attempting to parse: 'System.IO.dll.config'.
D/Mono    ( 7042): Config attempting to parse: '/Users/builder/data/lanes/4009/3a62f1ea/source/monodroid/builds/install/mono-armv6/etc/mono/assemblies/System.IO/System.IO.config'.
D/Mono    ( 7042): Assembly Ref addref CareerBuilder_Search[0x7b101e60] -> System.IO[0x7f320330]: 4
D/dalvikvm( 7042): GC_FOR_ALLOC freed 246K, 6% free 15692K/16588K, paused 26ms, total 26ms
I/mono-stdout( 7042): Method: GET, RequestUri: 'https://api.careerbuilder.com/consumer/saved-jobs/?DeveloperKey=WDHR8FC6P2JZ1Y61KLM5', Version: 1.1, Content: <null>, Headers:

I/mono-stdout( 7042): {

I/mono-stdout( 7042): DeveloperKey: WDHR8FC6P2JZ1Y61KLM5

I/mono-stdout( 7042): Accept: application/json

I/mono-stdout( 7042): Authorization: Bearer test

I/mono-stdout( 7042): HostSite: US

I/mono-stdout( 7042): }
I/mono-stdout( 7042): Current State = 1,2,6,7
I/mono-stdout( 7042): applied jobs = 6
I/mono-stdout( 7042): expired jobs = 7
I/mono-stdout( 7042): saved jobs = Saved,Saved,Applied,Saved
W/FragmentManager( 7042): moveToState: Fragment state for ResumeManagementFragment{42ad4348 #2 id=0x7f0a0148 android:switcher:2131362120:2} not updated inline; expected state 3 found 2
I/mono-stdout( 7042): uri is: https://api.careerbuilder.com/consumer/resumes?OAuthToken=&HostSite=US&DeveloperKey=WDHR8FC6P2JZ1Y61KLM5
I/mono-stdout( 7042): uri is: https://api.careerbuilder.com/consumer/resumes?OAuthToken=&HostSite=US&DeveloperKey=WDHR8FC6P2JZ1Y61KLM5
I/mono-stdout( 7042): making api call to: /consumer/resumes?OAuthToken=&HostSite=US&DeveloperKey=WDHR8FC6P2JZ1Y61KLM5
I/mono-stdout( 7042): making api call to: /consumer/resumes?OAuthToken=&HostSite=US&DeveloperKey=WDHR8FC6P2JZ1Y61KLM5
I/mono-stdout( 7042): done making call to: /consumer/resumes?OAuthToken=&HostSite=US&DeveloperKey=WDHR8FC6P2JZ1Y61KLM5
I/mono-stdout( 7042): done making call to: /consumer/resumes?OAuthToken=&HostSite=US&DeveloperKey=WDHR8FC6P2JZ1Y61KLM5
I/mono-stdout( 7042): The resume  with hash has been set as latest
I/mono-stdout( 7042): The resume  with hash has been set as latest
I/mono-stdout( 7042): done making call to: /consumer/saved-jobs/?DeveloperKey=WDHR8FC6P2JZ1Y61KLM5
D/dalvikvm( 7042): GC_EXPLICIT freed 486K, 8% free 15857K/17160K, paused 2ms+3ms, total 30ms
D/Mono    ( 7042): GC_TAR_BRIDGE bridges 152 objects 350 opaque 122 colors 152 colors-bridged 152 colors-visible 152 xref 5 cache-hit 0 cache-semihit 0 cache-miss 0 setup 0.09ms tarjan 0.43ms scc-setup 0.27ms gather-xref 0.03ms xref-setup 0.00ms cleanup 0.09ms
D/Mono    ( 7042): GC_BRIDGE: Complete, was running for 35.49ms
D/Mono    ( 7042): GC_MINOR: (Nursery full) time 23.28ms, stw 26.58ms promoted 888K major size: 1872K in use: 1166K los size: 1024K in use: 369K
I/mono-stdout( 7042): done making call to: /consumer/jobs/search/?Keywords=&Location=&UseFacets=true&PageNumber=1&ExcludeNational=true&DeveloperKey=WDHR8FC6P2JZ1Y61KLM5
I/mono-stdout( 7042): uri is: https://api.careerbuilder.com/consumer/saved-jobs/?DeveloperKey=WDHR8FC6P2JZ1Y61KLM5
I/mono-stdout( 7042): making api call to: /consumer/saved-jobs/?DeveloperKey=WDHR8FC6P2JZ1Y61KLM5
I/mono-stdout( 7042): Method: GET, RequestUri: 'https://api.careerbuilder.com/consumer/saved-jobs/?DeveloperKey=WDHR8FC6P2JZ1Y61KLM5', Version: 1.1, Content: <null>, Headers:

I/mono-stdout( 7042): {

I/mono-stdout( 7042): DeveloperKey: WDHR8FC6P2JZ1Y61KLM5

I/mono-stdout( 7042): Accept: application/json

I/mono-stdout( 7042): Authorization: Bearer test

I/mono-stdout( 7042): HostSite: US

I/mono-stdout( 7042): }
I/mono-stdout( 7042): Current State = 1,2,6,7
I/mono-stdout( 7042): applied jobs = 6
I/mono-stdout( 7042): expired jobs = 7
I/mono-stdout( 7042): saved jobs = Saved,Saved,Applied,Saved
E/RecyclerView( 7042): No adapter attached; skipping layout
I/dalvikvm( 7042): Could not find method android.support.v7.widget.LinearLayoutCompat.drawableHotspotChanged, referenced from method android.support.design.internal.ForegroundLinearLayout.drawableHotspotChanged
W/dalvikvm( 7042): VFY: unable to resolve virtual method 16437: Landroid/support/v7/widget/LinearLayoutCompat;.drawableHotspotChanged (FF)V
D/dalvikvm( 7042): VFY: replacing opcode 0x6f at 0x0000
D/Mono    ( 7042): Assembly Ref addref Xamarin.Android.Support.v7.AppCompat[0x7a3f6268] -> System.Core[0x7ba80e18]: 15
I/Choreographer( 7042): Skipped 126 frames!  The application may be doing too much work on its main thread.
E/RecyclerView( 7042): No adapter attached; skipping layout
I/ActivityManager(  572): Displayed com.careerbuilder.SugarDrone/md5a4824aa66c0dc4d104077b72c1916a44.MasterNavActivity: +3s46ms (total +4s277ms)
D/Mono    ( 7042): DllImport searching in: '__Internal' ('(null)').
D/Mono    ( 7042): Searching for 'java_interop_jnienv_call_void_method'.
D/Mono    ( 7042): Probing 'java_interop_jnienv_call_void_method'.
D/Mono    ( 7042): Found as 'java_interop_jnienv_call_void_method'.
W/ResourceType( 7042): No known package when getting name for resource number 0xffffffff
W/ResourceType( 7042): No known package when getting name for resource number 0xffffffff
W/ResourceType( 7042): No known package when getting name for resource number 0xffffffff
W/ResourceType( 7042): No known package when getting name for resource number 0xffffffff
W/ResourceType( 7042): No known package when getting name for resource number 0xffffffff
W/ResourceType( 7042): No known package when getting name for resource number 0xffffffff
W/ResourceType( 7042): No known package when getting name for resource number 0xffffffff
W/ResourceType( 7042): No known package when getting name for resource number 0xffffffff
W/ResourceType( 7042): No known package when getting name for resource number 0xffffffff
W/ResourceType( 7042): No known package when getting name for resource number 0xffffffff
W/ResourceType( 7042): No known package when getting name for resource number 0xffffffff
W/ResourceType( 7042): No known package when getting name for resource number 0xffffffff
W/ResourceType( 7042): No known package when getting name for resource number 0xffffffff
W/ResourceType( 7042): No known package when getting name for resource number 0xffffffff
W/ResourceType( 7042): No known package when getting name for resource number 0xffffffff
W/ResourceType( 7042): No known package when getting name for resource number 0xffffffff
W/ResourceType( 7042): No known package when getting name for resource number 0xffffffff
E/RecyclerView( 7042): No adapter attached; skipping layout
I/mono-stdout( 7042): done making call to: /consumer/saved-jobs/?DeveloperKey=WDHR8FC6P2JZ1Y61KLM5
E/RecyclerView( 7042): No adapter attached; skipping layout
I/System.out( 7042): URI: /map
I/System.out( 7042): params: {json={"query":"* marked:'search_anywhere'","operation":{"method_name":"query","arguments":[]}}
I/System.out( 7042): }
I/dalvikvm( 7042): Could not find method android.widget.FrameLayout.<init>, referenced from method md543b91ad655f5c020e54c78f692da973f.SnapshotView.<init>
W/dalvikvm( 7042): VFY: unable to resolve direct method 20299: Landroid/widget/FrameLayout;.<init> (Landroid/content/Context;Landroid/util/AttributeSet;II)V
D/dalvikvm( 7042): VFY: replacing opcode 0x70 at 0x0000
E/RecyclerView( 7042): No adapter attached; skipping layout
E/dalvikvm( 7042): Could not find class 'android.widget.ThemedSpinnerAdapter', referenced from method android.support.v7.widget.AppCompatSpinner$DropDownAdapter.<init>
W/dalvikvm( 7042): VFY: unable to resolve instanceof 2632 (Landroid/widget/ThemedSpinnerAdapter;) in Landroid/support/v7/widget/AppCompatSpinner$DropDownAdapter;
D/dalvikvm( 7042): VFY: replacing opcode 0x20 at 0x0016
D/Mono    ( 7042): DllImport searching in: '__Internal' ('(null)').
D/Mono    ( 7042): Searching for 'java_interop_jnienv_set_int_field'.
D/Mono    ( 7042): Probing 'java_interop_jnienv_set_int_field'.
D/Mono    ( 7042): Found as 'java_interop_jnienv_set_int_field'.
D/dalvikvm( 7042): GC_CONCURRENT freed 1783K, 11% free 16355K/18216K, paused 1ms+4ms, total 36ms
W/ResourceType( 7042): No known package when getting name for resource number 0xffffffff
W/ResourceType( 7042): No known package when getting name for resource number 0xffffffff
W/ResourceType( 7042): No known package when getting name for resource number 0xffffffff
W/ResourceType( 7042): No known package when getting name for resource number 0xffffffff
W/ResourceType( 7042): No known package when getting name for resource number 0xffffffff
W/ResourceType( 7042): No known package when getting name for resource number 0xffffffff
W/ResourceType( 7042): No known package when getting name for resource number 0xffffffff
E/RecyclerView( 7042): No adapter attached; skipping layout
W/ResourceType( 7042): No known package when getting name for resource number 0xffffffff
W/ResourceType( 7042): No known package when getting name for resource number 0xffffffff
W/ResourceType( 7042): No known package when getting name for resource number 0xffffffff
W/ResourceType( 7042): No known package when getting name for resource number 0xffffffff
W/ResourceType( 7042): No known package when getting name for resource number 0xffffffff
W/ResourceType( 7042): No known package when getting name for resource number 0xffffffff
W/ResourceType( 7042): No known package when getting name for resource number 0xffffffff
W/ResourceType( 7042): No known package when getting name for resource number 0xffffffff
W/ResourceType( 7042): No known package when getting name for resource number 0xffffffff
W/ResourceType( 7042): No known package when getting name for resource number 0xffffffff
W/ResourceType( 7042): No known package when getting name for resource number 0xffffffff
W/ResourceType( 7042): No known package when getting name for resource number 0xffffffff
W/ResourceType( 7042): No known package when getting name for resource number 0xffffffff
W/ResourceType( 7042): No known package when getting name for resource number 0xffffffff
W/ResourceType( 7042): No known package when getting name for resource number 0xffffffff
W/ResourceType( 7042): No known package when getting name for resource number 0xffffffff
W/ResourceType( 7042): No known package when getting name for resource number 0xffffffff
W/ResourceType( 7042): No known package when getting name for resource number 0xffffffff
W/ResourceType( 7042): No known package when getting name for resource number 0xffffffff
W/ResourceType( 7042): No known package when getting name for resource number 0xffffffff
W/ResourceType( 7042): No known package when getting name for resource number 0xffffffff
W/ResourceType( 7042): No known package when getting name for resource number 0xffffffff
W/ResourceType( 7042): No known package when getting name for resource number 0xffffffff
W/ResourceType( 7042): No known package when getting name for resource number 0xffffffff
W/ResourceType( 7042): No known package when getting name for resource number 0xffffffff
W/ResourceType( 7042): No known package when getting name for resource number 0xffffffff
W/ResourceType( 7042): No known package when getting name for resource number 0xffffffff
W/ResourceType( 7042): No known package when getting name for resource number 0xffffffff
W/ResourceType( 7042): No known package when getting name for resource number 0xffffffff
W/ResourceType( 7042): No known package when getting name for resource number 0xffffffff
W/ResourceType( 7042): No known package when getting name for resource number 0xffffffff
W/ResourceType( 7042): No known package when getting name for resource number 0xffffffff
W/ResourceType( 7042): No known package when getting name for resource number 0xffffffff
W/ResourceType( 7042): No known package when getting name for resource number 0xffffffff
W/ResourceType( 7042): No known package when getting name for resource number 0xffffffff
W/ResourceType( 7042): No known package when getting name for resource number 0xffffffff
W/ResourceType( 7042): No known package when getting name for resource number 0xffffffff
W/ResourceType( 7042): No known package when getting name for resource number 0xffffffff
W/ResourceType( 7042): No known package when getting name for resource number 0xffffffff
W/ResourceType( 7042): No known package when getting name for resource number 0xffffffff
W/ResourceType( 7042): No known package when getting name for resource number 0xffffffff
W/ResourceType( 7042): No known package when getting name for resource number 0xffffffff
W/ResourceType( 7042): No known package when getting name for resource number 0xffffffff
W/ResourceType( 7042): No known package when getting name for resource number 0xffffffff
W/ResourceType( 7042): No known package when getting name for resource number 0xffffffff
W/ResourceType( 7042): No known package when getting name for resource number 0xffffffff
W/ResourceType( 7042): No known package when getting name for resource number 0xffffffff
W/ResourceType( 7042): No known package when getting name for resource number 0xffffffff
W/ResourceType( 7042): No known package when getting name for resource number 0xffffffff
W/ResourceType( 7042): No known package when getting name for resource number 0xffffffff
W/ResourceType( 7042): No known package when getting name for resource number 0xffffffff
W/ResourceType( 7042): No known package when getting name for resource number 0xffffffff
W/ResourceType( 7042): No known package when getting name for resource number 0xffffffff
W/ResourceType( 7042): No known package when getting name for resource number 0xffffffff
W/ResourceType( 7042): No known package when getting name for resource number 0xffffffff
W/ResourceType( 7042): No known package when getting name for resource number 0xffffffff
W/ResourceType( 7042): No known package when getting name for resource number 0xffffffff
W/ResourceType( 7042): No known package when getting name for resource number 0xffffffff
W/ResourceType( 7042): No known package when getting name for resource number 0xffffffff
W/ResourceType( 7042): No known package when getting name for resource number 0xffffffff
W/ResourceType( 7042): No known package when getting name for resource number 0xffffffff
W/ResourceType( 7042): No known package when getting name for resource number 0xffffffff
W/ResourceType( 7042): No known package when getting name for resource number 0xffffffff
W/ResourceType( 7042): No known package when getting name for resource number 0xffffffff
W/ResourceType( 7042): No known package when getting name for resource number 0xffffffff
W/ResourceType( 7042): No known package when getting name for resource number 0xffffffff
W/ResourceType( 7042): No known package when getting name for resource number 0xffffffff
W/ResourceType( 7042): No known package when getting name for resource number 0xffffffff
W/ResourceType( 7042): No known package when getting name for resource number 0xffffffff
W/ResourceType( 7042): No known package when getting name for resource number 0xffffffff
W/ResourceType( 7042): No known package when getting name for resource number 0xffffffff
W/ResourceType( 7042): No known package when getting name for resource number 0xffffffff
W/ResourceType( 7042): No known package when getting name for resource number 0xffffffff
D/dalvikvm( 7042): GC_CONCURRENT freed 2316K, 13% free 16411K/18828K, paused 2ms+3ms, total 33ms
I/System.out( 7042): URI: /map
I/System.out( 7042): params: {json={"query":"* marked:'search_anywhere'","operation":{"method_name":"query","arguments":[]}}
I/System.out( 7042): }
W/ResourceType( 7042): No known package when getting name for resource number 0xffffffff
W/ResourceType( 7042): No known package when getting name for resource number 0xffffffff
W/ResourceType( 7042): No known package when getting name for resource number 0xffffffff
W/ResourceType( 7042): No known package when getting name for resource number 0xffffffff
W/ResourceType( 7042): No known package when getting name for resource number 0xffffffff
W/ResourceType( 7042): No known package when getting name for resource number 0xffffffff
W/ResourceType( 7042): No known package when getting name for resource number 0xffffffff
W/ResourceType( 7042): No known package when getting name for resource number 0xffffffff
W/ResourceType( 7042): No known package when getting name for resource number 0xffffffff
W/ResourceType( 7042): No known package when getting name for resource number 0xffffffff
W/ResourceType( 7042): No known package when getting name for resource number 0xffffffff
W/ResourceType( 7042): No known package when getting name for resource number 0xffffffff
W/ResourceType( 7042): No known package when getting name for resource number 0xffffffff
W/ResourceType( 7042): No known package when getting name for resource number 0xffffffff
W/ResourceType( 7042): No known package when getting name for resource number 0xffffffff
W/ResourceType( 7042): No known package when getting name for resource number 0xffffffff
W/ResourceType( 7042): No known package when getting name for resource number 0xffffffff
W/ResourceType( 7042): No known package when getting name for resource number 0xffffffff
W/ResourceType( 7042): No known package when getting name for resource number 0xffffffff
W/ResourceType( 7042): No known package when getting name for resource number 0xffffffff
W/ResourceType( 7042): No known package when getting name for resource number 0xffffffff
W/ResourceType( 7042): No known package when getting name for resource number 0xffffffff
W/ResourceType( 7042): No known package when getting name for resource number 0xffffffff
W/ResourceType( 7042): No known package when getting name for resource number 0xffffffff
W/ResourceType( 7042): No known package when getting name for resource number 0xffffffff
W/ResourceType( 7042): No known package when getting name for resource number 0xffffffff
W/ResourceType( 7042): No known package when getting name for resource number 0xffffffff
W/ResourceType( 7042): No known package when getting name for resource number 0xffffffff
W/ResourceType( 7042): No known package when getting name for resource number 0xffffffff
W/ResourceType( 7042): No known package when getting name for resource number 0xffffffff
W/ResourceType( 7042): No known package when getting name for resource number 0xffffffff
W/ResourceType( 7042): No known package when getting name for resource number 0xffffffff
W/ResourceType( 7042): No known package when getting name for resource number 0xffffffff
W/ResourceType( 7042): No known package when getting name for resource number 0xffffffff
W/ResourceType( 7042): No known package when getting name for resource number 0xffffffff
W/ResourceType( 7042): No known package when getting name for resource number 0xffffffff
W/ResourceType( 7042): No known package when getting name for resource number 0xffffffff
W/ResourceType( 7042): No known package when getting name for resource number 0xffffffff
W/ResourceType( 7042): No known package when getting name for resource number 0xffffffff
W/ResourceType( 7042): No known package when getting name for resource number 0xffffffff
W/ResourceType( 7042): No known package when getting name for resource number 0xffffffff
W/ResourceType( 7042): No known package when getting name for resource number 0xffffffff
W/ResourceType( 7042): No known package when getting name for resource number 0xffffffff
W/ResourceType( 7042): No known package when getting name for resource number 0xffffffff
W/ResourceType( 7042): No known package when getting name for resource number 0xffffffff
W/ResourceType( 7042): No known package when getting name for resource number 0xffffffff
W/ResourceType( 7042): No known package when getting name for resource number 0xffffffff
W/ResourceType( 7042): No known package when getting name for resource number 0xffffffff
W/ResourceType( 7042): No known package when getting name for resource number 0xffffffff
W/ResourceType( 7042): No known package when getting name for resource number 0xffffffff
W/ResourceType( 7042): No known package when getting name for resource number 0xffffffff
W/ResourceType( 7042): No known package when getting name for resource number 0xffffffff
W/ResourceType( 7042): No known package when getting name for resource number 0xffffffff
W/ResourceType( 7042): No known package when getting name for resource number 0xffffffff
W/ResourceType( 7042): No known package when getting name for resource number 0xffffffff
W/ResourceType( 7042): No known package when getting name for resource number 0xffffffff
W/ResourceType( 7042): No known package when getting name for resource number 0xffffffff
W/ResourceType( 7042): No known package when getting name for resource number 0xffffffff
W/ResourceType( 7042): No known package when getting name for resource number 0xffffffff
W/ResourceType( 7042): No known package when getting name for resource number 0xffffffff
W/ResourceType( 7042): No known package when getting name for resource number 0xffffffff
W/ResourceType( 7042): No known package when getting name for resource number 0xffffffff
W/ResourceType( 7042): No known package when getting name for resource number 0xffffffff
W/ResourceType( 7042): No known package when getting name for resource number 0xffffffff
W/ResourceType( 7042): No known package when getting name for resource number 0xffffffff
W/ResourceType( 7042): No known package when getting name for resource number 0xffffffff
W/ResourceType( 7042): No known package when getting name for resource number 0xffffffff
W/ResourceType( 7042): No known package when getting name for resource number 0xffffffff
W/ResourceType( 7042): No known package when getting name for resource number 0xffffffff
W/ResourceType( 7042): No known package when getting name for resource number 0xffffffff
W/ResourceType( 7042): No known package when getting name for resource number 0xffffffff
W/ResourceType( 7042): No known package when getting name for resource number 0xffffffff
W/ResourceType( 7042): No known package when getting name for resource number 0xffffffff
D/Mono    ( 7042): [0x7bdb61e0] hill climbing, change max number of threads 4
D/dalvikvm( 7042): GC_CONCURRENT freed 2466K, 14% free 16445K/19008K, paused 1ms+3ms, total 30ms
D/dalvikvm( 7042): WAIT_FOR_CONCURRENT_GC blocked 13ms
I/System.out( 7042): URI: /
I/System.out( 7042): params: {json={"command":"touch_coordinate","arguments":[1136.0,114.0]}
I/System.out( 7042): }
I/System.out( 7042): header: {content-length=57, host=devicehost118.prod, x-session-token=token-token-329f5ea1-91db-4178-8a92-c139151d0c4a, x-forwarded-for=10.222.150.24, content-type=application/json; charset=utf-8, connection=close}
I/System.out( 7042): params: {json={"command":"touch_coordinate","arguments":[1136.0,114.0]}
I/System.out( 7042): }
I/System.out( 7042): ProP json = {"command":"touch_coordinate","arguments":[1136.0,114.0]}
I/System.out( 7042): files: {}
I/System.out( 7042): command: {"command":"touch_coordinate","arguments":[1136.0,114.0]}
I/InstrumentationBackend( 7042): Got command:'Command:'Line:null,touch_coordinate', arguments:'[1136.0, 114.0]'
D/audio_hw_primary(  181): select_devices: out_snd_device(2: speaker) in_snd_device(0: )
D/ACDB-LOADER(  181): ACDB -> send_afe_cal
I/TextInputLayout( 7042): EditText added is not a TextInputEditText. Please switch to using that class instead.
I/TextInputLayout( 7042): EditText added is not a TextInputEditText. Please switch to using that class instead.
D/Mono    ( 7042): Assembly Ref addref CareerBuilder_Search.Droid[0x7a32fc98] -> Plugin.Geolocator[0x7a3e74f0]: 2
D/Mono    ( 7042): Assembly Ref addref Plugin.Geolocator[0x7a3e74f0] -> mscorlib[0x752a0c40]: 50
D/Mono    ( 7042): Assembly Ref addref Plugin.Geolocator[0x7a3e74f0] -> Plugin.Geolocator.Abstractions[0x7a3e9488]: 3
