<![CDATA[
]]><xtc-scenario name="[0-1027]CareerBuilder_Search.DroidFeatureTests.JDPTests.ShareButtonShouldBeVisible" id="[0-1027]CareerBuilder_Search.DroidFeatureTests.JDPTests.ShareButtonShouldBeVisible"><![CDATA[

]]><xtc-step name="[0-1027]CareerBuilder_Search.DroidFeatureTests.JDPTests.ShareButtonShouldBeVisible-ShareButtonShouldBeVisible" id="[0-1027]CareerBuilder_Search.DroidFeatureTests.JDPTests.ShareButtonShouldBeVisible-ShareButtonShouldBeVisible"><![CDATA[
D/AndroidRuntime( 5068): 
D/AndroidRuntime( 5068): >>>>>> AndroidRuntime START com.android.internal.os.RuntimeInit <<<<<<
D/AndroidRuntime( 5068): CheckJNI is OFF
D/dalvikvm( 5068): Trying to load lib libjavacore.so 0x0
D/dalvikvm( 5068): Added shared lib libjavacore.so 0x0
D/dalvikvm( 5068): Trying to load lib libnativehelper.so 0x0
D/dalvikvm( 5068): Added shared lib libnativehelper.so 0x0
D/dalvikvm( 5068): No JNI_OnLoad found in libnativehelper.so 0x0, skipping init
D/dalvikvm( 5068): Note: class Landroid/app/ActivityManagerNative; has 179 unimplemented (abstract) methods
D/AndroidRuntime( 5068): Calling main entry com.android.commands.pm.Pm
D/AndroidRuntime( 5068): Shutting down VM
D/dalvikvm( 5068): GC_CONCURRENT freed 248K, 31% free 567K/816K, paused 0ms+0ms, total 3ms
D/AndroidRuntime( 5444): 
D/AndroidRuntime( 5444): >>>>>> AndroidRuntime START com.android.internal.os.RuntimeInit <<<<<<
D/AndroidRuntime( 5444): CheckJNI is OFF
D/dalvikvm( 5444): Trying to load lib libjavacore.so 0x0
D/dalvikvm( 5444): Added shared lib libjavacore.so 0x0
D/dalvikvm( 5444): Trying to load lib libnativehelper.so 0x0
D/dalvikvm( 5444): Added shared lib libnativehelper.so 0x0
D/dalvikvm( 5444): No JNI_OnLoad found in libnativehelper.so 0x0, skipping init
D/dalvikvm( 5444): Note: class Landroid/app/ActivityManagerNative; has 179 unimplemented (abstract) methods
D/AndroidRuntime( 5444): Calling main entry com.android.commands.am.Am
D/AndroidRuntime( 5444): Shutting down VM
D/dalvikvm( 5444): GC_CONCURRENT freed 93K, 15% free 553K/648K, paused 1ms+1ms, total 3ms
--------- beginning of /dev/log/system
W/ActivityManager(  563): Invalid packageName: com.careerbuilder.SugarDrone
D/AndroidRuntime( 6072): 
D/AndroidRuntime( 6072): >>>>>> AndroidRuntime START com.android.internal.os.RuntimeInit <<<<<<
D/AndroidRuntime( 6072): CheckJNI is OFF
D/dalvikvm( 6072): Trying to load lib libjavacore.so 0x0
D/dalvikvm( 6072): Added shared lib libjavacore.so 0x0
D/dalvikvm( 6072): Trying to load lib libnativehelper.so 0x0
D/dalvikvm( 6072): Added shared lib libnativehelper.so 0x0
D/dalvikvm( 6072): No JNI_OnLoad found in libnativehelper.so 0x0, skipping init
D/dalvikvm( 6072): Note: class Landroid/app/ActivityManagerNative; has 179 unimplemented (abstract) methods
D/AndroidRuntime( 6072): Calling main entry com.android.commands.pm.Pm
W/ActivityManager(  563): No content provider found for permission revoke: file:///data/local/tmp/0000003376
W/ActivityManager(  563): No content provider found for permission revoke: file:///data/local/tmp/0000003376
I/PackageManager(  563): Copying native libraries to /data/app-lib/vmdl426393442
D/dalvikvm(  563): GC_FOR_ALLOC freed 968K, 12% free 19767K/22376K, paused 62ms, total 62ms
D/dalvikvm(  563): GC_FOR_ALLOC freed 1057K, 10% free 20440K/22504K, paused 68ms, total 68ms
D/dalvikvm(  563): GC_CONCURRENT freed 2596K, 12% free 20692K/23336K, paused 5ms+6ms, total 77ms
D/dalvikvm(  563): GC_CONCURRENT freed 2799K, 13% free 20706K/23660K, paused 4ms+6ms, total 67ms
D/dalvikvm(  563): WAIT_FOR_CONCURRENT_GC blocked 62ms
D/dalvikvm(  563): GC_CONCURRENT freed 2821K, 13% free 20740K/23672K, paused 4ms+5ms, total 72ms
D/dalvikvm(  563): WAIT_FOR_CONCURRENT_GC blocked 65ms
I/PackageManager(  563): Running dexopt on: com.careerbuilder.SugarDrone
W/dalvikvm( 6163): method Landroid/support/v7/widget/ListViewCompat;.lookForSelectablePosition incorrectly overrides package-private method with same name in Landroid/widget/ListView;
D/dalvikvm( 6163): DexOpt: couldn't find static field Landroid/os/Build;.SUPPORTED_ABIS
D/dalvikvm( 6163): DexOpt: load 287ms, verify+opt 1594ms, 3733380 bytes
I/ActivityManager(  563): Force stopping com.careerbuilder.SugarDrone appid=18580 user=-1: update pkg
W/PackageManager(  563): Not granting permission android.permission.MANAGE_DOCUMENTS to package com.careerbuilder.SugarDrone (protectionLevel=2 flags=0x8be46)
W/PackageManager(  563): Not granting permission android.permission.MOUNT_UNMOUNT_FILESYSTEMS to package com.careerbuilder.SugarDrone (protectionLevel=18 flags=0x8be46)
I/InputReader(  563): Reconfiguring input devices.  changes=0x00000010
D/dalvikvm(  802): GC_CONCURRENT freed 313K, 4% free 9376K/9720K, paused 2ms+5ms, total 27ms
I/ActivityManager(  563): Delay finish: com.android.musicfx/.Compatibility$Receiver
I/ActivityManager(  563): Resuming delayed broadcast
I/Icing.InternalIcingCorporaProvider( 1339): Updating corpora: A: com.careerbuilder.SugarDrone, C: MAYBE
D/BackupManagerService(  563): Received broadcast Intent { act=android.intent.action.PACKAGE_ADDED dat=package:com.careerbuilder.SugarDrone flg=0x4000010 (has extras) }
D/dalvikvm( 1947): GC_FOR_ALLOC freed 243K, 3% free 18099K/18656K, paused 23ms, total 24ms
D/dalvikvm( 1339): GC_CONCURRENT freed 506K, 7% free 9435K/10048K, paused 10ms+1ms, total 38ms
D/dalvikvm(  563): GC_EXPLICIT freed 2858K, 13% free 20828K/23724K, paused 116ms+17ms, total 298ms
D/dalvikvm(  563): WAIT_FOR_CONCURRENT_GC blocked 95ms
D/AndroidRuntime( 6072): Shutting down VM
D/dalvikvm(  563): WAIT_FOR_CONCURRENT_GC blocked 95ms
D/dalvikvm(  563): WAIT_FOR_CONCURRENT_GC blocked 94ms
D/dalvikvm(  563): WAIT_FOR_CONCURRENT_GC blocked 72ms
V/BackupManagerService(  563): addPackageParticipantsLocked: #1
D/dalvikvm( 6072): GC_CONCURRENT freed 95K, 15% free 561K/660K, paused 0ms+1ms, total 2ms
D/dalvikvm(  563): WAIT_FOR_CONCURRENT_GC blocked 98ms
D/dalvikvm(  563): WAIT_FOR_CONCURRENT_GC blocked 73ms
D/dalvikvm(  563): WAIT_FOR_CONCURRENT_GC blocked 80ms
D/dalvikvm(  563): WAIT_FOR_CONCURRENT_GC blocked 59ms
I/PeopleContactsSync( 1004): triggerPendingContactsCleanup: no accounts
D/Wear_Controller( 1004): Received broadcast action=android.intent.action.PACKAGE_ADDED and uri=com.careerbuilder.SugarDrone
I/ActivityManager(  563): Delay finish: com.google.android.gms/.gass.chimera.PackageChangeBroadcastReceiver
W/IcingInternalCorpora( 1004): getNumBytesRead when not calculated.
D/dalvikvm( 1004): GC_CONCURRENT freed 1122K, 10% free 12476K/13772K, paused 4ms+6ms, total 91ms
I/Icing   ( 1004): Usage reports 0 indexed 0 rejected 0 imm upload false
I/Icing   ( 1004): Usage reports 0 indexed 0 rejected 0 imm upload false
I/Icing   ( 1004): Usage reports 0 indexed 0 rejected 0 imm upload true
I/Icing.InternalIcingCorporaProvider( 1339): UpdateCorporaTask done [took 322 ms] updated apps [took 322 ms] 
I/ActivityManager(  563): Resuming delayed broadcast
D/AndroidRuntime( 6255): 
D/AndroidRuntime( 6255): >>>>>> AndroidRuntime START com.android.internal.os.RuntimeInit <<<<<<
D/AndroidRuntime( 6255): CheckJNI is OFF
D/dalvikvm( 6255): Trying to load lib libjavacore.so 0x0
D/dalvikvm( 6255): Added shared lib libjavacore.so 0x0
D/dalvikvm( 6255): Trying to load lib libnativehelper.so 0x0
D/dalvikvm( 6255): Added shared lib libnativehelper.so 0x0
D/dalvikvm( 6255): No JNI_OnLoad found in libnativehelper.so 0x0, skipping init
D/dalvikvm( 6255): Note: class Landroid/app/ActivityManagerNative; has 179 unimplemented (abstract) methods
D/AndroidRuntime( 6255): Calling main entry com.android.commands.settings.SettingsCmd
D/AndroidRuntime( 6255): Shutting down VM
D/dalvikvm( 6255): GC_CONCURRENT freed 96K, 15% free 562K/660K, paused 1ms+0ms, total 4ms
I/Icing   ( 1004): Indexing A71B48A243897ACCCBB490823C9E3D3488B33FED from com.google.android.gms
I/Icing   ( 1004): Indexing done A71B48A243897ACCCBB490823C9E3D3488B33FED
I/Icing   ( 1004): Indexing 5DEEA38537210BEE0F2C135EA4D174C2C8299805 from com.google.android.googlequicksearchbox
I/Icing   ( 1004): Indexing done 5DEEA38537210BEE0F2C135EA4D174C2C8299805
D/AndroidRuntime( 6284): 
D/AndroidRuntime( 6284): >>>>>> AndroidRuntime START com.android.internal.os.RuntimeInit <<<<<<
D/AndroidRuntime( 6284): CheckJNI is OFF
D/dalvikvm( 6284): Trying to load lib libjavacore.so 0x0
D/dalvikvm( 6284): Added shared lib libjavacore.so 0x0
D/dalvikvm( 6284): Trying to load lib libnativehelper.so 0x0
D/dalvikvm( 6284): Added shared lib libnativehelper.so 0x0
D/dalvikvm( 6284): No JNI_OnLoad found in libnativehelper.so 0x0, skipping init
D/dalvikvm( 6284): Note: class Landroid/app/ActivityManagerNative; has 179 unimplemented (abstract) methods
D/AndroidRuntime( 6284): Calling main entry com.android.commands.settings.SettingsCmd
D/AndroidRuntime( 6284): Shutting down VM
D/dalvikvm( 6284): GC_CONCURRENT freed 96K, 15% free 562K/660K, paused 1ms+0ms, total 3ms
D/AndroidRuntime( 6311): 
D/AndroidRuntime( 6311): >>>>>> AndroidRuntime START com.android.internal.os.RuntimeInit <<<<<<
D/AndroidRuntime( 6311): CheckJNI is OFF
D/dalvikvm( 6311): Trying to load lib libjavacore.so 0x0
D/dalvikvm( 6311): Added shared lib libjavacore.so 0x0
D/dalvikvm( 6311): Trying to load lib libnativehelper.so 0x0
D/dalvikvm( 6311): Added shared lib libnativehelper.so 0x0
D/dalvikvm( 6311): No JNI_OnLoad found in libnativehelper.so 0x0, skipping init
D/dalvikvm( 6311): Note: class Landroid/app/ActivityManagerNative; has 179 unimplemented (abstract) methods
D/AndroidRuntime( 6311): Calling main entry com.android.commands.settings.SettingsCmd
D/AndroidRuntime( 6311): Shutting down VM
D/dalvikvm( 6311): GC_CONCURRENT freed 96K, 15% free 562K/660K, paused 0ms+0ms, total 2ms
W/ProcessCpuTracker(  563): Skipping unknown process pid 6336
D/AndroidRuntime( 6349): 
D/AndroidRuntime( 6349): >>>>>> AndroidRuntime START com.android.internal.os.RuntimeInit <<<<<<
D/AndroidRuntime( 6349): CheckJNI is OFF
D/dalvikvm( 6349): Trying to load lib libjavacore.so 0x0
D/dalvikvm( 6349): Added shared lib libjavacore.so 0x0
D/dalvikvm( 6349): Trying to load lib libnativehelper.so 0x0
D/dalvikvm( 6349): Added shared lib libnativehelper.so 0x0
D/dalvikvm( 6349): No JNI_OnLoad found in libnativehelper.so 0x0, skipping init
D/dalvikvm( 6349): Note: class Landroid/app/ActivityManagerNative; has 179 unimplemented (abstract) methods
D/AndroidRuntime( 6349): Calling main entry com.android.commands.settings.SettingsCmd
D/AndroidRuntime( 6349): Shutting down VM
D/dalvikvm( 6349): GC_CONCURRENT freed 96K, 15% free 562K/660K, paused 0ms+1ms, total 2ms
D/AndroidRuntime( 6386): 
D/AndroidRuntime( 6386): >>>>>> AndroidRuntime START com.android.internal.os.RuntimeInit <<<<<<
D/AndroidRuntime( 6386): CheckJNI is OFF
D/dalvikvm( 6386): Trying to load lib libjavacore.so 0x0
D/dalvikvm( 6386): Added shared lib libjavacore.so 0x0
D/dalvikvm( 6386): Trying to load lib libnativehelper.so 0x0
D/dalvikvm( 6386): Added shared lib libnativehelper.so 0x0
D/dalvikvm( 6386): No JNI_OnLoad found in libnativehelper.so 0x0, skipping init
D/dalvikvm( 6386): Note: class Landroid/app/ActivityManagerNative; has 179 unimplemented (abstract) methods
D/AndroidRuntime( 6386): Calling main entry com.android.commands.settings.SettingsCmd
D/AndroidRuntime( 6386): Shutting down VM
D/dalvikvm( 6386): GC_CONCURRENT freed 96K, 15% free 562K/660K, paused 0ms+0ms, total 2ms
D/AndroidRuntime( 6417): 
D/AndroidRuntime( 6417): >>>>>> AndroidRuntime START com.android.internal.os.RuntimeInit <<<<<<
D/AndroidRuntime( 6417): CheckJNI is OFF
D/dalvikvm( 6417): Trying to load lib libjavacore.so 0x0
D/dalvikvm( 6417): Added shared lib libjavacore.so 0x0
D/dalvikvm( 6417): Trying to load lib libnativehelper.so 0x0
D/dalvikvm( 6417): Added shared lib libnativehelper.so 0x0
D/dalvikvm( 6417): No JNI_OnLoad found in libnativehelper.so 0x0, skipping init
D/dalvikvm( 6417): Note: class Landroid/app/ActivityManagerNative; has 179 unimplemented (abstract) methods
D/AndroidRuntime( 6417): Calling main entry com.android.commands.settings.SettingsCmd
D/AndroidRuntime( 6417): Shutting down VM
D/dalvikvm( 6417): GC_CONCURRENT freed 96K, 15% free 562K/660K, paused 0ms+0ms, total 2ms
D/AndroidRuntime( 6449): 
D/AndroidRuntime( 6449): >>>>>> AndroidRuntime START com.android.internal.os.RuntimeInit <<<<<<
D/AndroidRuntime( 6449): CheckJNI is OFF
D/dalvikvm( 6449): Trying to load lib libjavacore.so 0x0
D/dalvikvm( 6449): Added shared lib libjavacore.so 0x0
D/dalvikvm( 6449): Trying to load lib libnativehelper.so 0x0
D/dalvikvm( 6449): Added shared lib libnativehelper.so 0x0
D/dalvikvm( 6449): No JNI_OnLoad found in libnativehelper.so 0x0, skipping init
D/dalvikvm( 6449): Note: class Landroid/app/ActivityManagerNative; has 179 unimplemented (abstract) methods
D/AndroidRuntime( 6449): Calling main entry com.android.commands.pm.Pm
D/AndroidRuntime( 6449): Shutting down VM
D/dalvikvm( 6449): GC_CONCURRENT freed 249K, 31% free 567K/820K, paused 1ms+0ms, total 4ms
D/dalvikvm(  563): GC_CONCURRENT freed 4208K, 18% free 19554K/23800K, paused 3ms+14ms, total 86ms
D/AndroidRuntime( 6519): 
D/AndroidRuntime( 6519): >>>>>> AndroidRuntime START com.android.internal.os.RuntimeInit <<<<<<
D/AndroidRuntime( 6519): CheckJNI is OFF
D/dalvikvm( 6519): Trying to load lib libjavacore.so 0x0
D/dalvikvm( 6519): Added shared lib libjavacore.so 0x0
D/dalvikvm( 6519): Trying to load lib libnativehelper.so 0x0
D/dalvikvm( 6519): Added shared lib libnativehelper.so 0x0
D/dalvikvm( 6519): No JNI_OnLoad found in libnativehelper.so 0x0, skipping init
D/dalvikvm( 6519): Note: class Landroid/app/ActivityManagerNative; has 179 unimplemented (abstract) methods
D/AndroidRuntime( 6519): Calling main entry com.android.commands.pm.Pm
D/AndroidRuntime( 6519): Shutting down VM
D/dalvikvm( 6519): GC_CONCURRENT freed 249K, 31% free 567K/820K, paused 0ms+1ms, total 2ms
D/AndroidRuntime( 6623): 
D/AndroidRuntime( 6623): >>>>>> AndroidRuntime START com.android.internal.os.RuntimeInit <<<<<<
D/AndroidRuntime( 6623): CheckJNI is OFF
D/dalvikvm( 6623): Trying to load lib libjavacore.so 0x0
D/dalvikvm( 6623): Added shared lib libjavacore.so 0x0
D/dalvikvm( 6623): Trying to load lib libnativehelper.so 0x0
D/dalvikvm( 6623): Added shared lib libnativehelper.so 0x0
D/dalvikvm( 6623): No JNI_OnLoad found in libnativehelper.so 0x0, skipping init
D/dalvikvm( 6623): Note: class Landroid/app/ActivityManagerNative; has 179 unimplemented (abstract) methods
D/AndroidRuntime( 6623): Calling main entry com.android.commands.am.Am
D/AndroidRuntime( 6623): Shutting down VM
D/dalvikvm( 6623): GC_CONCURRENT freed 93K, 15% free 553K/648K, paused 1ms+0ms, total 3ms
W/ActivityManager(  563): Invalid packageName: com.careerbuilder.SugarDrone.test
D/AndroidRuntime( 6659): 
D/AndroidRuntime( 6659): >>>>>> AndroidRuntime START com.android.internal.os.RuntimeInit <<<<<<
D/AndroidRuntime( 6659): CheckJNI is OFF
D/dalvikvm( 6659): Trying to load lib libjavacore.so 0x0
D/dalvikvm( 6659): Added shared lib libjavacore.so 0x0
D/dalvikvm( 6659): Trying to load lib libnativehelper.so 0x0
D/dalvikvm( 6659): Added shared lib libnativehelper.so 0x0
D/dalvikvm( 6659): No JNI_OnLoad found in libnativehelper.so 0x0, skipping init
D/dalvikvm( 6659): Note: class Landroid/app/ActivityManagerNative; has 179 unimplemented (abstract) methods
D/AndroidRuntime( 6659): Calling main entry com.android.commands.pm.Pm
W/ActivityManager(  563): No content provider found for permission revoke: file:///data/local/tmp/0000003377
W/ActivityManager(  563): No content provider found for permission revoke: file:///data/local/tmp/0000003377
I/PackageManager(  563): Copying native libraries to /data/app-lib/vmdl1719087703
I/PackageManager(  563): Running dexopt on: com.careerbuilder.SugarDrone.test
D/dalvikvm( 6683): DexOpt: load 71ms, verify+opt 527ms, 1565836 bytes
I/ActivityManager(  563): Force stopping com.careerbuilder.SugarDrone.test appid=18581 user=-1: update pkg
I/InputReader(  563): Reconfiguring input devices.  changes=0x00000010
D/BackupManagerService(  563): Received broadcast Intent { act=android.intent.action.PACKAGE_ADDED dat=package:com.careerbuilder.SugarDrone.test flg=0x4000010 (has extras) }
V/BackupManagerService(  563): addPackageParticipantsLocked: #1
I/Icing.InternalIcingCorporaProvider( 1339): Updating corpora: A: com.careerbuilder.SugarDrone.test, C: MAYBE
I/Icing.InternalIcingCorporaProvider( 1339): UpdateCorporaTask done [took 58 ms] updated apps [took 58 ms] 
D/dalvikvm(  563): GC_EXPLICIT freed 1119K, 18% free 19592K/23800K, paused 5ms+11ms, total 188ms
D/AndroidRuntime( 6659): Shutting down VM
D/dalvikvm( 6659): GC_CONCURRENT freed 95K, 15% free 561K/660K, paused 0ms+0ms, total 2ms
D/dalvikvm(  762): GC_CONCURRENT freed 869K, 9% free 11926K/12980K, paused 3ms+4ms, total 51ms
D/Wear_Controller( 1004): Received broadcast action=android.intent.action.PACKAGE_ADDED and uri=com.careerbuilder.SugarDrone.test
I/PeopleContactsSync( 1004): triggerPendingContactsCleanup: no accounts
W/IcingInternalCorpora( 1004): getNumBytesRead when not calculated.
D/dalvikvm( 1004): GC_CONCURRENT freed 1299K, 11% free 12364K/13768K, paused 6ms+13ms, total 75ms
D/dalvikvm( 1004): WAIT_FOR_CONCURRENT_GC blocked 7ms
I/Icing   ( 1004): Usage reports 0 indexed 0 rejected 0 imm upload false
I/Icing   ( 1004): Usage reports 0 indexed 0 rejected 0 imm upload false
D/AndroidRuntime( 6740): 
D/AndroidRuntime( 6740): >>>>>> AndroidRuntime START com.android.internal.os.RuntimeInit <<<<<<
D/AndroidRuntime( 6740): CheckJNI is OFF
D/dalvikvm( 6740): Trying to load lib libjavacore.so 0x0
D/dalvikvm( 6740): Added shared lib libjavacore.so 0x0
D/dalvikvm( 6740): Trying to load lib libnativehelper.so 0x0
D/dalvikvm( 6740): Added shared lib libnativehelper.so 0x0
D/dalvikvm( 6740): No JNI_OnLoad found in libnativehelper.so 0x0, skipping init
D/dalvikvm( 6740): Note: class Landroid/app/ActivityManagerNative; has 179 unimplemented (abstract) methods
D/AndroidRuntime( 6740): Calling main entry com.android.commands.settings.SettingsCmd
D/AndroidRuntime( 6740): Shutting down VM
D/dalvikvm( 6740): GC_CONCURRENT freed 96K, 15% free 562K/660K, paused 0ms+1ms, total 2ms
I/Icing   ( 1004): Indexing A71B48A243897ACCCBB490823C9E3D3488B33FED from com.google.android.gms
I/Icing   ( 1004): Indexing done A71B48A243897ACCCBB490823C9E3D3488B33FED
D/AndroidRuntime( 6772): 
D/AndroidRuntime( 6772): >>>>>> AndroidRuntime START com.android.internal.os.RuntimeInit <<<<<<
D/AndroidRuntime( 6772): CheckJNI is OFF
D/dalvikvm( 6772): Trying to load lib libjavacore.so 0x0
D/dalvikvm( 6772): Added shared lib libjavacore.so 0x0
D/dalvikvm( 6772): Trying to load lib libnativehelper.so 0x0
D/dalvikvm( 6772): Added shared lib libnativehelper.so 0x0
D/dalvikvm( 6772): No JNI_OnLoad found in libnativehelper.so 0x0, skipping init
D/dalvikvm( 6772): Note: class Landroid/app/ActivityManagerNative; has 179 unimplemented (abstract) methods
D/AndroidRuntime( 6772): Calling main entry com.android.commands.settings.SettingsCmd
D/AndroidRuntime( 6772): Shutting down VM
D/dalvikvm( 6772): GC_CONCURRENT freed 96K, 15% free 562K/660K, paused 0ms+0ms, total 2ms
D/AndroidRuntime( 6797): 
D/AndroidRuntime( 6797): >>>>>> AndroidRuntime START com.android.internal.os.RuntimeInit <<<<<<
D/AndroidRuntime( 6797): CheckJNI is OFF
D/dalvikvm( 6797): Trying to load lib libjavacore.so 0x0
D/dalvikvm( 6797): Added shared lib libjavacore.so 0x0
D/dalvikvm( 6797): Trying to load lib libnativehelper.so 0x0
D/dalvikvm( 6797): Added shared lib libnativehelper.so 0x0
D/dalvikvm( 6797): No JNI_OnLoad found in libnativehelper.so 0x0, skipping init
D/dalvikvm( 6797): Note: class Landroid/app/ActivityManagerNative; has 179 unimplemented (abstract) methods
D/AndroidRuntime( 6797): Calling main entry com.android.commands.settings.SettingsCmd
D/AndroidRuntime( 6797): Shutting down VM
D/dalvikvm( 6797): GC_CONCURRENT freed 96K, 15% free 562K/660K, paused 1ms+0ms, total 3ms
D/AndroidRuntime( 6825): 
D/AndroidRuntime( 6825): >>>>>> AndroidRuntime START com.android.internal.os.RuntimeInit <<<<<<
D/AndroidRuntime( 6825): CheckJNI is OFF
D/dalvikvm( 6825): Trying to load lib libjavacore.so 0x0
D/dalvikvm( 6825): Added shared lib libjavacore.so 0x0
D/dalvikvm( 6825): Trying to load lib libnativehelper.so 0x0
D/dalvikvm( 6825): Added shared lib libnativehelper.so 0x0
D/dalvikvm( 6825): No JNI_OnLoad found in libnativehelper.so 0x0, skipping init
D/dalvikvm( 6825): Note: class Landroid/app/ActivityManagerNative; has 179 unimplemented (abstract) methods
D/AndroidRuntime( 6825): Calling main entry com.android.commands.settings.SettingsCmd
D/AndroidRuntime( 6825): Shutting down VM
D/dalvikvm( 6825): GC_CONCURRENT freed 96K, 15% free 562K/660K, paused 0ms+1ms, total 2ms
D/AndroidRuntime( 6858): 
D/AndroidRuntime( 6858): >>>>>> AndroidRuntime START com.android.internal.os.RuntimeInit <<<<<<
D/AndroidRuntime( 6858): CheckJNI is OFF
D/dalvikvm( 6858): Trying to load lib libjavacore.so 0x0
D/dalvikvm( 6858): Added shared lib libjavacore.so 0x0
D/dalvikvm( 6858): Trying to load lib libnativehelper.so 0x0
D/dalvikvm( 6858): Added shared lib libnativehelper.so 0x0
D/dalvikvm( 6858): No JNI_OnLoad found in libnativehelper.so 0x0, skipping init
D/dalvikvm( 6858): Note: class Landroid/app/ActivityManagerNative; has 179 unimplemented (abstract) methods
D/AndroidRuntime( 6858): Calling main entry com.android.commands.settings.SettingsCmd
D/AndroidRuntime( 6858): Shutting down VM
D/dalvikvm( 6858): GC_CONCURRENT freed 96K, 15% free 562K/660K, paused 0ms+0ms, total 2ms
D/AndroidRuntime( 6883): 
D/AndroidRuntime( 6883): >>>>>> AndroidRuntime START com.android.internal.os.RuntimeInit <<<<<<
D/AndroidRuntime( 6883): CheckJNI is OFF
D/dalvikvm( 6883): Trying to load lib libjavacore.so 0x0
D/dalvikvm( 6883): Added shared lib libjavacore.so 0x0
D/dalvikvm( 6883): Trying to load lib libnativehelper.so 0x0
D/dalvikvm( 6883): Added shared lib libnativehelper.so 0x0
D/dalvikvm( 6883): No JNI_OnLoad found in libnativehelper.so 0x0, skipping init
D/dalvikvm( 6883): Note: class Landroid/app/ActivityManagerNative; has 179 unimplemented (abstract) methods
D/AndroidRuntime( 6883): Calling main entry com.android.commands.settings.SettingsCmd
D/AndroidRuntime( 6883): Shutting down VM
D/dalvikvm( 6883): GC_CONCURRENT freed 96K, 15% free 562K/660K, paused 0ms+0ms, total 2ms
D/AndroidRuntime( 6915): 
D/AndroidRuntime( 6915): >>>>>> AndroidRuntime START com.android.internal.os.RuntimeInit <<<<<<
D/AndroidRuntime( 6915): CheckJNI is OFF
D/dalvikvm( 6915): Trying to load lib libjavacore.so 0x0
D/dalvikvm( 6915): Added shared lib libjavacore.so 0x0
D/dalvikvm( 6915): Trying to load lib libnativehelper.so 0x0
D/dalvikvm( 6915): Added shared lib libnativehelper.so 0x0
D/dalvikvm( 6915): No JNI_OnLoad found in libnativehelper.so 0x0, skipping init
D/dalvikvm( 6915): Note: class Landroid/app/ActivityManagerNative; has 179 unimplemented (abstract) methods
D/AndroidRuntime( 6915): Calling main entry com.android.commands.pm.Pm
D/AndroidRuntime( 6915): Shutting down VM
D/dalvikvm( 6915): GC_CONCURRENT freed 251K, 31% free 567K/820K, paused 0ms+0ms, total 3ms
D/dalvikvm(  563): GC_CONCURRENT freed 2629K, 18% free 19548K/23800K, paused 4ms+6ms, total 71ms
D/AndroidRuntime( 6999): 
D/AndroidRuntime( 6999): >>>>>> AndroidRuntime START com.android.internal.os.RuntimeInit <<<<<<
D/AndroidRuntime( 6999): CheckJNI is OFF
D/dalvikvm( 6999): Trying to load lib libjavacore.so 0x0
D/dalvikvm( 6999): Added shared lib libjavacore.so 0x0
D/dalvikvm( 6999): Trying to load lib libnativehelper.so 0x0
D/dalvikvm( 6999): Added shared lib libnativehelper.so 0x0
D/dalvikvm( 6999): No JNI_OnLoad found in libnativehelper.so 0x0, skipping init
D/dalvikvm( 6999): Note: class Landroid/app/ActivityManagerNative; has 179 unimplemented (abstract) methods
D/AndroidRuntime( 6999): Calling main entry com.android.commands.pm.Pm
D/AndroidRuntime( 6999): Shutting down VM
D/dalvikvm( 6999): GC_CONCURRENT freed 251K, 31% free 567K/820K, paused 0ms+0ms, total 2ms
D/AndroidRuntime( 7090): 
D/AndroidRuntime( 7090): >>>>>> AndroidRuntime START com.android.internal.os.RuntimeInit <<<<<<
D/AndroidRuntime( 7090): CheckJNI is OFF
D/dalvikvm( 7090): Trying to load lib libjavacore.so 0x0
D/dalvikvm( 7090): Added shared lib libjavacore.so 0x0
D/dalvikvm( 7090): Trying to load lib libnativehelper.so 0x0
D/dalvikvm( 7090): Added shared lib libnativehelper.so 0x0
D/dalvikvm( 7090): No JNI_OnLoad found in libnativehelper.so 0x0, skipping init
D/dalvikvm( 7090): Note: class Landroid/app/ActivityManagerNative; has 179 unimplemented (abstract) methods
D/AndroidRuntime( 7090): Calling main entry com.android.commands.input.Input
I/Input   ( 7090): injectKeyEvent: KeyEvent { action=ACTION_DOWN, keyCode=KEYCODE_BACK, scanCode=0, metaState=0, flags=0x0, repeatCount=0, eventTime=279889, downTime=279889, deviceId=-1, source=0x101 }
I/Input   ( 7090): injectKeyEvent: KeyEvent { action=ACTION_UP, keyCode=KEYCODE_BACK, scanCode=0, metaState=0, flags=0x0, repeatCount=0, eventTime=279889, downTime=279889, deviceId=-1, source=0x101 }
D/AndroidRuntime( 7090): Shutting down VM
D/dalvikvm( 7090): GC_CONCURRENT freed 98K, 16% free 563K/664K, paused 1ms+0ms, total 3ms
D/AndroidRuntime( 7158): 
D/AndroidRuntime( 7158): >>>>>> AndroidRuntime START com.android.internal.os.RuntimeInit <<<<<<
D/AndroidRuntime( 7158): CheckJNI is OFF
D/dalvikvm( 7158): Trying to load lib libjavacore.so 0x0
D/dalvikvm( 7158): Added shared lib libjavacore.so 0x0
D/dalvikvm( 7158): Trying to load lib libnativehelper.so 0x0
D/dalvikvm( 7158): Added shared lib libnativehelper.so 0x0
D/dalvikvm( 7158): No JNI_OnLoad found in libnativehelper.so 0x0, skipping init
D/dalvikvm( 7158): Note: class Landroid/app/ActivityManagerNative; has 179 unimplemented (abstract) methods
D/AndroidRuntime( 7158): Calling main entry com.android.commands.input.Input
I/Input   ( 7158): injectKeyEvent: KeyEvent { action=ACTION_DOWN, keyCode=KEYCODE_HOME, scanCode=0, metaState=0, flags=0x0, repeatCount=0, eventTime=281690, downTime=281690, deviceId=-1, source=0x101 }
I/Input   ( 7158): injectKeyEvent: KeyEvent { action=ACTION_UP, keyCode=KEYCODE_HOME, scanCode=0, metaState=0, flags=0x0, repeatCount=0, eventTime=281690, downTime=281690, deviceId=-1, source=0x101 }
D/AndroidRuntime( 7158): Shutting down VM
I/ActivityManager(  563): START u0 {act=android.intent.action.MAIN cat=[android.intent.category.HOME] flg=0x10200000 cmp=com.android.launcher/com.android.launcher2.Launcher} from pid 563
D/dalvikvm( 7158): GC_CONCURRENT freed 98K, 16% free 563K/664K, paused 0ms+0ms, total 2ms
D/dalvikvm( 1307): GC_CONCURRENT freed 426K, 5% free 9523K/9996K, paused 11ms+1ms, total 27ms
D/AndroidRuntime( 7198): 
D/AndroidRuntime( 7198): >>>>>> AndroidRuntime START com.android.internal.os.RuntimeInit <<<<<<
D/AndroidRuntime( 7198): CheckJNI is OFF
D/dalvikvm( 7198): Trying to load lib libjavacore.so 0x0
D/dalvikvm( 7198): Added shared lib libjavacore.so 0x0
D/dalvikvm( 7198): Trying to load lib libnativehelper.so 0x0
D/dalvikvm( 7198): Added shared lib libnativehelper.so 0x0
D/dalvikvm( 7198): No JNI_OnLoad found in libnativehelper.so 0x0, skipping init
D/dalvikvm( 7198): Note: class Landroid/app/ActivityManagerNative; has 179 unimplemented (abstract) methods
D/Finsky  ( 1307): [1] 5.onFinished: Installation state replication succeeded.
D/AndroidRuntime( 7198): Calling main entry com.android.commands.input.Input
I/Input   ( 7198): injectKeyEvent: KeyEvent { action=ACTION_DOWN, keyCode=KEYCODE_BACK, scanCode=0, metaState=0, flags=0x0, repeatCount=0, eventTime=283025, downTime=283025, deviceId=-1, source=0x101 }
I/Input   ( 7198): injectKeyEvent: KeyEvent { action=ACTION_UP, keyCode=KEYCODE_BACK, scanCode=0, metaState=0, flags=0x0, repeatCount=0, eventTime=283025, downTime=283025, deviceId=-1, source=0x101 }
D/AndroidRuntime( 7198): Shutting down VM
D/dalvikvm( 7198): GC_CONCURRENT freed 98K, 16% free 563K/664K, paused 0ms+0ms, total 2ms
D/AndroidRuntime( 7240): 
D/AndroidRuntime( 7240): >>>>>> AndroidRuntime START com.android.internal.os.RuntimeInit <<<<<<
D/AndroidRuntime( 7240): CheckJNI is OFF
D/dalvikvm( 7240): Trying to load lib libjavacore.so 0x0
D/dalvikvm( 7240): Added shared lib libjavacore.so 0x0
D/dalvikvm( 7240): Trying to load lib libnativehelper.so 0x0
D/dalvikvm( 7240): Added shared lib libnativehelper.so 0x0
D/dalvikvm( 7240): No JNI_OnLoad found in libnativehelper.so 0x0, skipping init
D/dalvikvm( 7240): Note: class Landroid/app/ActivityManagerNative; has 179 unimplemented (abstract) methods
D/AndroidRuntime( 7240): Calling main entry com.android.commands.am.Am
I/ActivityManager(  563): Force stopping com.careerbuilder.SugarDrone appid=18580 user=0: start instr
D/dalvikvm( 7263): Late-enabling CheckJNI
I/ActivityManager(  563): Start proc com.careerbuilder.SugarDrone for added application com.careerbuilder.SugarDrone: pid=7263 uid=18580 gids={58580, 3003, 1028, 1015}
I/dalvikvm( 7263): Could not find method android.app.Instrumentation.execStartActivity, referenced from method sh.calaba.exposed.InstrumentationExposed.execStartActivity
W/dalvikvm( 7263): VFY: unable to resolve virtual method 38: Landroid/app/Instrumentation;.execStartActivity (Landroid/content/Context;Landroid/os/IBinder;Landroid/os/IBinder;Landroid/app/Activity;Landroid/content/Intent;I)Landroid/app/Instrumentation$ActivityResult;
D/dalvikvm( 7263): VFY: replacing opcode 0x75 at 0x0000
I/dalvikvm( 7263): Could not find method android.app.Instrumentation.execStartActivity, referenced from method sh.calaba.exposed.InstrumentationExposed.execStartActivity
W/dalvikvm( 7263): VFY: unable to resolve virtual method 41: Landroid/app/Instrumentation;.execStartActivity (Landroid/content/Context;Landroid/os/IBinder;Landroid/os/IBinder;Landroid/app/Fragment;Landroid/content/Intent;I)Landroid/app/Instrumentation$ActivityResult;
D/dalvikvm( 7263): VFY: replacing opcode 0x75 at 0x0000
I/dalvikvm( 7263): Could not find method android.app.Instrumentation.execStartActivityAsCaller, referenced from method sh.calaba.exposed.InstrumentationExposed.execStartActivityAsCaller
W/dalvikvm( 7263): VFY: unable to resolve virtual method 43: Landroid/app/Instrumentation;.execStartActivityAsCaller (Landroid/content/Context;Landroid/os/IBinder;Landroid/os/IBinder;Landroid/app/Activity;Landroid/content/Intent;ILandroid/os/Bundle;I)Landroid/app/Instrumentation$ActivityResult;
D/dalvikvm( 7263): VFY: replacing opcode 0x75 at 0x0000
D/dalvikvm( 7263): Trying to load lib /data/app-lib/com.careerbuilder.SugarDrone-1/libmonodroid.so 0x424a4cb8
D/dalvikvm( 7263): Added shared lib /data/app-lib/com.careerbuilder.SugarDrone-1/libmonodroid.so 0x424a4cb8
W/monodroid( 7263): Using override path: /data/data/com.careerbuilder.SugarDrone/files/.__override__
W/monodroid( 7263): Trying to load sgen from: /data/data/com.careerbuilder.SugarDrone/files/.__override__/libmonosgen-2.0.so
W/monodroid( 7263): Trying to load sgen from: /storage/emulated/0/Android/data/com.careerbuilder.SugarDrone/files/.__override__/libmonosgen-2.0.so
W/monodroid( 7263): Trying to load sgen from: /data/app-lib/com.careerbuilder.SugarDrone-1/libmonosgen-2.0.so
D/Mono    ( 7263): Image addref mscorlib[0x75250d10] -> mscorlib.dll[0x75250058]: 2
D/Mono    ( 7263): Prepared to set up assembly 'mscorlib' (mscorlib.dll)
D/Mono    ( 7263): AOT module 'mscorlib.dll.so' not found: dlopen failed: library "/data/app-lib/com.careerbuilder.SugarDrone-1/libaot-mscorlib.dll.so" not found
D/Mono    ( 7263): AOT module '/Users/builder/data/lanes/4009/3a62f1ea/source/monodroid/builds/install/mono-armv6/lib/mono/aot-cache/arm/mscorlib.dll.so' not found: dlopen failed: library "/data/app-lib/com.careerbuilder.SugarDrone-1/libaot-mscorlib.dll.so" not found
D/Mono    ( 7263): Config attempting to parse: 'mscorlib.dll.config'.
D/Mono    ( 7263): Config attempting to parse: '/Users/builder/data/lanes/4009/3a62f1ea/source/monodroid/builds/install/mono-armv6/etc/mono/assemblies/mscorlib/mscorlib.config'.
D/Mono    ( 7263): Assembly mscorlib[0x75250d10] added to domain RootDomain, ref_count=1
D/Mono    ( 7263): Image addref CareerBuilder_Search.Droid[0x7a36cd00] -> CareerBuilder_Search.Droid.dll[0x7a36c048]: 2
D/Mono    ( 7263): Prepared to set up assembly 'CareerBuilder_Search.Droid' (CareerBuilder_Search.Droid.dll)
D/Mono    ( 7263): Assembly CareerBuilder_Search.Droid[0x7a36cd00] added to domain RootDomain, ref_count=1
D/Mono    ( 7263): AOT module 'CareerBuilder_Search.Droid.dll.so' not found: dlopen failed: library "/data/app-lib/com.careerbuilder.SugarDrone-1/libaot-CareerBuilder_Search.Droid.dll.so" not found
D/Mono    ( 7263): AOT module '/Users/builder/data/lanes/4009/3a62f1ea/source/monodroid/builds/install/mono-armv6/lib/mono/aot-cache/arm/CareerBuilder_Search.Droid.dll.so' not found: dlopen failed: library "/data/app-lib/com.careerbuilder.SugarDrone-1/libaot-CareerBuilder_Search.Droid.dll.so" not found
D/Mono    ( 7263): Config attempting to parse: 'CareerBuilder_Search.Droid.dll.config'.
D/Mono    ( 7263): Config attempting to parse: '/Users/builder/data/lanes/4009/3a62f1ea/source/monodroid/builds/install/mono-armv6/etc/mono/assemblies/CareerBuilder_Search.Droid/CareerBuilder_Search.Droid.config'.
D/Mono    ( 7263): Image addref AppsFlyerXamarinBindingAndroid[0x7a36db58] -> AppsFlyerXamarinBindingAndroid.dll[0x7a36cee8]: 2
D/Mono    ( 7263): Prepared to set up assembly 'AppsFlyerXamarinBindingAndroid' (AppsFlyerXamarinBindingAndroid.dll)
D/Mono    ( 7263): Assembly AppsFlyerXamarinBindingAndroid[0x7a36db58] added to domain RootDomain, ref_count=1
D/Mono    ( 7263): AOT module 'AppsFlyerXamarinBindingAndroid.dll.so' not found: dlopen failed: library "/data/app-lib/com.careerbuilder.SugarDrone-1/libaot-AppsFlyerXamarinBindingAndroid.dll.so" not found
D/Mono    ( 7263): AOT module '/Users/builder/data/lanes/4009/3a62f1ea/source/monodroid/builds/install/mono-armv6/lib/mono/aot-cache/arm/AppsFlyerXamarinBindingAndroid.dll.so' not found: dlopen failed: library "/data/app-lib/com.careerbuilder.SugarDrone-1/libaot-AppsFlyerXamarinBindingAndroid.dll.so" not found
D/Mono    ( 7263): Config attempting to parse: 'AppsFlyerXamarinBindingAndroid.dll.config'.
D/Mono    ( 7263): Config attempting to parse: '/Users/builder/data/lanes/4009/3a62f1ea/source/monodroid/builds/install/mono-armv6/etc/mono/assemblies/AppsFlyerXamarinBindingAndroid/AppsFlyerXamarinBindingAndroid.config'.
D/Mono    ( 7263): Image addref HockeySDK[0x7a36e878] -> HockeySDK.dll[0x7a36dc58]: 2
D/Mono    ( 7263): Prepared to set up assembly 'HockeySDK' (HockeySDK.dll)
D/Mono    ( 7263): Assembly HockeySDK[0x7a36e878] added to domain RootDomain, ref_count=1
D/Mono    ( 7263): AOT module 'HockeySDK.dll.so' not found: dlopen failed: library "/data/app-lib/com.careerbuilder.SugarDrone-1/libaot-HockeySDK.dll.so" not found
D/Mono    ( 7263): AOT module '/Users/builder/data/lanes/4009/3a62f1ea/source/monodroid/builds/install/mono-armv6/lib/mono/aot-cache/arm/HockeySDK.dll.so' not found: dlopen failed: library "/data/app-lib/com.careerbuilder.SugarDrone-1/libaot-HockeySDK.dll.so" not found
D/Mono    ( 7263): Config attempting to parse: 'HockeySDK.dll.config'.
D/Mono    ( 7263): Config attempting to parse: '/Users/builder/data/lanes/4009/3a62f1ea/source/monodroid/builds/install/mono-armv6/etc/mono/assemblies/HockeySDK/HockeySDK.config'.
D/Mono    ( 7263): Image addref Akavache[0x7a38c618] -> Akavache.dll[0x7a36e960]: 2
D/Mono    ( 7263): Prepared to set up assembly 'Akavache' (Akavache.dll)
D/Mono    ( 7263): Assembly Akavache[0x7a38c618] added to domain RootDomain, ref_count=1
D/Mono    ( 7263): AOT module 'Akavache.dll.so' not found: dlopen failed: library "/data/app-lib/com.careerbuilder.SugarDrone-1/libaot-Akavache.dll.so" not found
D/Mono    ( 7263): AOT module '/Users/builder/data/lanes/4009/3a62f1ea/source/monodroid/builds/install/mono-armv6/lib/mono/aot-cache/arm/Akavache.dll.so' not found: dlopen failed: library "/data/app-lib/com.careerbuilder.SugarDrone-1/libaot-Akavache.dll.so" not found
D/Mono    ( 7263): Config attempting to parse: 'Akavache.dll.config'.
D/Mono    ( 7263): Config attempting to parse: '/Users/builder/data/lanes/4009/3a62f1ea/source/monodroid/builds/install/mono-armv6/etc/mono/assemblies/Akavache/Akavache.config'.
D/Mono    ( 7263): Image addref Akavache.Sqlite3[0x7a38d388] -> Akavache.Sqlite3.dll[0x7a38c738]: 2
D/Mono    ( 7263): Prepared to set up assembly 'Akavache.Sqlite3' (Akavache.Sqlite3.dll)
D/Mono    ( 7263): Assembly Akavache.Sqlite3[0x7a38d388] added to domain RootDomain, ref_count=1
D/Mono    ( 7263): AOT module 'Akavache.Sqlite3.dll.so' not found: dlopen failed: library "/data/app-lib/com.careerbuilder.SugarDrone-1/libaot-Akavache.Sqlite3.dll.so" not found
D/Mono    ( 7263): AOT module '/Users/builder/data/lanes/4009/3a62f1ea/source/monodroid/builds/install/mono-armv6/lib/mono/aot-cache/arm/Akavache.Sqlite3.dll.so' not found: dlopen failed: library "/data/app-lib/com.careerbuilder.SugarDrone-1/libaot-Akavache.Sqlite3.dll.so" not found
W/        ( 7263): Symbol file LoadedFromMemory doesn't match image Akavache.Sqlite3.dll
D/Mono    ( 7263): Config attempting to parse: 'Akavache.Sqlite3.dll.config'.
D/Mono    ( 7263): Config attempting to parse: '/Users/builder/data/lanes/4009/3a62f1ea/source/monodroid/builds/install/mono-armv6/etc/mono/assemblies/Akavache.Sqlite3/Akavache.Sqlite3.config'.
D/Mono    ( 7263): Image addref Splat[0x7a38e0b8] -> Splat.dll[0x7a38d478]: 2
D/Mono    ( 7263): Prepared to set up assembly 'Splat' (Splat.dll)
D/Mono    ( 7263): Assembly Splat[0x7a38e0b8] added to domain RootDomain, ref_count=1
D/Mono    ( 7263): AOT module 'Splat.dll.so' not found: dlopen failed: library "/data/app-lib/com.careerbuilder.SugarDrone-1/libaot-Splat.dll.so" not found
D/Mono    ( 7263): AOT module '/Users/builder/data/lanes/4009/3a62f1ea/source/monodroid/builds/install/mono-armv6/lib/mono/aot-cache/arm/Splat.dll.so' not found: dlopen failed: library "/data/app-lib/com.careerbuilder.SugarDrone-1/libaot-Splat.dll.so" not found
D/Mono    ( 7263): Config attempting to parse: 'Splat.dll.config'.
D/Mono    ( 7263): Config attempting to parse: '/Users/builder/data/lanes/4009/3a62f1ea/source/monodroid/builds/install/mono-armv6/etc/mono/assemblies/Splat/Splat.config'.
D/Mono    ( 7263): Image addref Microsoft.Practices.ServiceLocation[0x7a391ed0] -> Microsoft.Practices.ServiceLocation.dll[0x7a391290]: 2
D/Mono    ( 7263): Prepared to set up assembly 'Microsoft.Practices.ServiceLocation' (Microsoft.Practices.ServiceLocation.dll)
D/Mono    ( 7263): Assembly Microsoft.Practices.ServiceLocation[0x7a391ed0] added to domain RootDomain, ref_count=1
D/Mono    ( 7263): AOT module 'Microsoft.Practices.ServiceLocation.dll.so' not found: dlopen failed: library "/data/app-lib/com.careerbuilder.SugarDrone-1/libaot-Microsoft.Practices.ServiceLocation.dll.so" not found
D/Mono    ( 7263): AOT module '/Users/builder/data/lanes/4009/3a62f1ea/source/monodroid/builds/install/mono-armv6/lib/mono/aot-cache/arm/Microsoft.Practices.ServiceLocation.dll.so' not found: dlopen failed: library "/data/app-lib/com.careerbuilder.SugarDrone-1/libaot-Microsoft.Practices.ServiceLocation.dll.so" not found
D/Mono    ( 7263): Config attempting to parse: 'Microsoft.Practices.ServiceLocation.dll.config'.
D/Mono    ( 7263): Config attempting to parse: '/Users/builder/data/lanes/4009/3a62f1ea/source/monodroid/builds/install/mono-armv6/etc/mono/assemblies/Microsoft.Practices.ServiceLocation/Microsoft.Practices.ServiceLocation.config'.
D/Mono    ( 7263): Image addref Microsoft.Practices.Unity[0x7a3934b8] -> Microsoft.Practices.Unity.dll[0x7a392848]: 2
D/Mono    ( 7263): Prepared to set up assembly 'Microsoft.Practices.Unity' (Microsoft.Practices.Unity.dll)
D/Mono    ( 7263): Assembly Microsoft.Practices.Unity[0x7a3934b8] added to domain RootDomain, ref_count=1
D/Mono    ( 7263): AOT module 'Microsoft.Practices.Unity.dll.so' not found: dlopen failed: library "/data/app-lib/com.careerbuilder.SugarDrone-1/libaot-Microsoft.Practices.Unity.dll.so" not found
D/Mono    ( 7263): AOT module '/Users/builder/data/lanes/4009/3a62f1ea/source/monodroid/builds/install/mono-armv6/lib/mono/aot-cache/arm/Microsoft.Practices.Unity.dll.so' not found: dlopen failed: library "/data/app-lib/com.careerbuilder.SugarDrone-1/libaot-Microsoft.Practices.Unity.dll.so" not found
D/Mono    ( 7263): Config attempting to parse: 'Microsoft.Practices.Unity.dll.config'.
D/Mono    ( 7263): Config attempting to parse: '/Users/builder/data/lanes/4009/3a62f1ea/source/monodroid/builds/install/mono-armv6/etc/mono/assemblies/Microsoft.Practices.Unity/Microsoft.Practices.Unity.config'.
D/Mono    ( 7263): Image addref Plugin.CurrentActivity[0x7a394208] -> Plugin.CurrentActivity.dll[0x7a3935d8]: 2
D/Mono    ( 7263): Prepared to set up assembly 'Plugin.CurrentActivity' (Plugin.CurrentActivity.dll)
D/Mono    ( 7263): Assembly Plugin.CurrentActivity[0x7a394208] added to domain RootDomain, ref_count=1
D/Mono    ( 7263): AOT module 'Plugin.CurrentActivity.dll.so' not found: dlopen failed: library "/data/app-lib/com.careerbuilder.SugarDrone-1/libaot-Plugin.CurrentActivity.dll.so" not found
D/Mono    ( 7263): AOT module '/Users/builder/data/lanes/4009/3a62f1ea/source/monodroid/builds/install/mono-armv6/lib/mono/aot-cache/arm/Plugin.CurrentActivity.dll.so' not found: dlopen failed: library "/data/app-lib/com.careerbuilder.SugarDrone-1/libaot-Plugin.CurrentActivity.dll.so" not found
D/Mono    ( 7263): Config attempting to parse: 'Plugin.CurrentActivity.dll.config'.
D/Mono    ( 7263): Config attempting to parse: '/Users/builder/data/lanes/4009/3a62f1ea/source/monodroid/builds/install/mono-armv6/etc/mono/assemblies/Plugin.CurrentActivity/Plugin.CurrentActivity.config'.
D/Mono    ( 7263): Image addref Plugin.Permissions[0x7a394f58] -> Plugin.Permissions.dll[0x7a394338]: 2
D/Mono    ( 7263): Prepared to set up assembly 'Plugin.Permissions' (Plugin.Permissions.dll)
D/Mono    ( 7263): Assembly Plugin.Permissions[0x7a394f58] added to domain RootDomain, ref_count=1
D/Mono    ( 7263): AOT module 'Plugin.Permissions.dll.so' not found: dlopen failed: library "/data/app-lib/com.careerbuilder.SugarDrone-1/libaot-Plugin.Permissions.dll.so" not found
D/Mono    ( 7263): AOT module '/Users/builder/data/lanes/4009/3a62f1ea/source/monodroid/builds/install/mono-armv6/lib/mono/aot-cache/arm/Plugin.Permissions.dll.so' not found: dlopen failed: library "/data/app-lib/com.careerbuilder.SugarDrone-1/libaot-Plugin.Permissions.dll.so" not found
D/Mono    ( 7263): Config attempting to parse: 'Plugin.Permissions.dll.config'.
D/Mono    ( 7263): Config attempting to parse: '/Users/builder/data/lanes/4009/3a62f1ea/source/monodroid/builds/install/mono-armv6/etc/mono/assemblies/Plugin.Permissions/Plugin.Permissions.config'.
D/Mono    ( 7263): Image addref Plugin.Permissions.Abstractions[0x7a396678] -> Plugin.Permissions.Abstractions.dll[0x7a395a18]: 2
D/Mono    ( 7263): Prepared to set up assembly 'Plugin.Permissions.Abstractions' (Plugin.Permissions.Abstractions.dll)
D/Mono    ( 7263): Assembly Plugin.Permissions.Abstractions[0x7a396678] added to domain RootDomain, ref_count=1
D/Mono    ( 7263): AOT module 'Plugin.Permissions.Abstractions.dll.so' not found: dlopen failed: library "/data/app-lib/com.careerbuilder.SugarDrone-1/libaot-Plugin.Permissions.Abstractions.dll.so" not found
D/Mono    ( 7263): AOT module '/Users/builder/data/lanes/4009/3a62f1ea/source/monodroid/builds/install/mono-armv6/lib/mono/aot-cache/arm/Plugin.Permissions.Abstractions.dll.so' not found: dlopen failed: library "/data/app-lib/com.careerbuilder.SugarDrone-1/libaot-Plugin.Permissions.Abstractions.dll.so" not found
D/Mono    ( 7263): Config attempting to parse: 'Plugin.Permissions.Abstractions.dll.config'.
D/Mono    ( 7263): Config attempting to parse: '/Users/builder/data/lanes/4009/3a62f1ea/source/monodroid/builds/install/mono-armv6/etc/mono/assemblies/Plugin.Permissions.Abstractions/Plugin.Permissions.Abstractions.config'.
D/Mono    ( 7263): Image addref Plugin.Geolocator[0x7a397528] -> Plugin.Geolocator.dll[0x7a3968d8]: 2
D/Mono    ( 7263): Prepared to set up assembly 'Plugin.Geolocator' (Plugin.Geolocator.dll)
D/Mono    ( 7263): Assembly Plugin.Geolocator[0x7a397528] added to domain RootDomain, ref_count=1
D/Mono    ( 7263): AOT module 'Plugin.Geolocator.dll.so' not found: dlopen failed: library "/data/app-lib/com.careerbuilder.SugarDrone-1/libaot-Plugin.Geolocator.dll.so" not found
D/Mono    ( 7263): AOT module '/Users/builder/data/lanes/4009/3a62f1ea/source/monodroid/builds/install/mono-armv6/lib/mono/aot-cache/arm/Plugin.Geolocator.dll.so' not found: dlopen failed: library "/data/app-lib/com.careerbuilder.SugarDrone-1/libaot-Plugin.Geolocator.dll.so" not found
D/Mono    ( 7263): Config attempting to parse: 'Plugin.Geolocator.dll.config'.
D/Mono    ( 7263): Config attempting to parse: '/Users/builder/data/lanes/4009/3a62f1ea/source/monodroid/builds/install/mono-armv6/etc/mono/assemblies/Plugin.Geolocator/Plugin.Geolocator.config'.
D/Mono    ( 7263): Image addref Plugin.Geolocator.Abstractions[0x7a3994c0] -> Plugin.Geolocator.Abstractions.dll[0x7a3988a8]: 2
D/Mono    ( 7263): Prepared to set up assembly 'Plugin.Geolocator.Abstractions' (Plugin.Geolocator.Abstractions.dll)
D/Mono    ( 7263): Assembly Plugin.Geolocator.Abstractions[0x7a3994c0] added to domain RootDomain, ref_count=1
D/Mono    ( 7263): AOT module 'Plugin.Geolocator.Abstractions.dll.so' not found: dlopen failed: library "/data/app-lib/com.careerbuilder.SugarDrone-1/libaot-Plugin.Geolocator.Abstractions.dll.so" not found
D/Mono    ( 7263): AOT module '/Users/builder/data/lanes/4009/3a62f1ea/source/monodroid/builds/install/mono-armv6/lib/mono/aot-cache/arm/Plugin.Geolocator.Abstractions.dll.so' not found: dlopen failed: library "/data/app-lib/com.careerbuilder.SugarDrone-1/libaot-Plugin.Geolocator.Abstractions.dll.so" not found
D/Mono    ( 7263): Config attempting to parse: 'Plugin.Geolocator.Abstractions.dll.config'.
D/Mono    ( 7263): Config attempting to parse: '/Users/builder/data/lanes/4009/3a62f1ea/source/monodroid/builds/install/mono-armv6/etc/mono/assemblies/Plugin.Geolocator.Abstractions/Plugin.Geolocator.Abstractions.config'.
D/Mono    ( 7263): Image addref Plugin.DeviceInfo[0x7a39a838] -> Plugin.DeviceInfo.dll[0x7a399bd8]: 2
D/Mono    ( 7263): Prepared to set up assembly 'Plugin.DeviceInfo' (Plugin.DeviceInfo.dll)
D/Mono    ( 7263): Assembly Plugin.DeviceInfo[0x7a39a838] added to domain RootDomain, ref_count=1
D/Mono    ( 7263): AOT module 'Plugin.DeviceInfo.dll.so' not found: dlopen failed: library "/data/app-lib/com.careerbuilder.SugarDrone-1/libaot-Plugin.DeviceInfo.dll.so" not found
D/Mono    ( 7263): AOT module '/Users/builder/data/lanes/4009/3a62f1ea/source/monodroid/builds/install/mono-armv6/lib/mono/aot-cache/arm/Plugin.DeviceInfo.dll.so' not found: dlopen failed: library "/data/app-lib/com.careerbuilder.SugarDrone-1/libaot-Plugin.DeviceInfo.dll.so" not found
D/Mono    ( 7263): Config attempting to parse: 'Plugin.DeviceInfo.dll.config'.
D/Mono    ( 7263): Config attempting to parse: '/Users/builder/data/lanes/4009/3a62f1ea/source/monodroid/builds/install/mono-armv6/etc/mono/assemblies/Plugin.DeviceInfo/Plugin.DeviceInfo.config'.
D/Mono    ( 7263): Image addref Plugin.DeviceInfo.Abstractions[0x7a39ba28] -> Plugin.DeviceInfo.Abstractions.dll[0x7a39adb8]: 2
D/Mono    ( 7263): Prepared to set up assembly 'Plugin.DeviceInfo.Abstractions' (Plugin.DeviceInfo.Abstractions.dll)
D/Mono    ( 7263): Assembly Plugin.DeviceInfo.Abstractions[0x7a39ba28] added to domain RootDomain, ref_count=1
D/Mono    ( 7263): AOT module 'Plugin.DeviceInfo.Abstractions.dll.so' not found: dlopen failed: library "/data/app-lib/com.careerbuilder.SugarDrone-1/libaot-Plugin.DeviceInfo.Abstractions.dll.so" not found
D/Mono    ( 7263): AOT module '/Users/builder/data/lanes/4009/3a62f1ea/source/monodroid/builds/install/mono-armv6/lib/mono/aot-cache/arm/Plugin.DeviceInfo.Abstractions.dll.so' not found: dlopen failed: library "/data/app-lib/com.careerbuilder.SugarDrone-1/libaot-Plugin.DeviceInfo.Abstractions.dll.so" not found
D/Mono    ( 7263): Config attempting to parse: 'Plugin.DeviceInfo.Abstractions.dll.config'.
D/Mono    ( 7263): Config attempting to parse: '/Users/builder/data/lanes/4009/3a62f1ea/source/monodroid/builds/install/mono-armv6/etc/mono/assemblies/Plugin.DeviceInfo.Abstractions/Plugin.DeviceInfo.Abstractions.config'.
D/Mono    ( 7263): Image addref Xamarin.GooglePlayServices.Analytics[0x7a39c910] -> Xamarin.GooglePlayServices.Analytics.dll[0x7a39bd00]: 2
D/Mono    ( 7263): Prepared to set up assembly 'Xamarin.GooglePlayServices.Analytics' (Xamarin.GooglePlayServices.Analytics.dll)
D/Mono    ( 7263): Assembly Xamarin.GooglePlayServices.Analytics[0x7a39c910] added to domain RootDomain, ref_count=1
D/Mono    ( 7263): AOT module 'Xamarin.GooglePlayServices.Analytics.dll.so' not found: dlopen failed: library "/data/app-lib/com.careerbuilder.SugarDrone-1/libaot-Xamarin.GooglePlayServices.Analytics.dll.so" not found
D/Mono    ( 7263): AOT module '/Users/builder/data/lanes/4009/3a62f1ea/source/monodroid/builds/install/mono-armv6/lib/mono/aot-cache/arm/Xamarin.GooglePlayServices.Analytics.dll.so' not found: dlopen failed: library "/data/app-lib/com.careerbuilder.SugarDrone-1/libaot-Xamarin.GooglePlayServices.Analytics.dll.so" not found
D/Mono    ( 7263): Config attempting to parse: 'Xamarin.GooglePlayServices.Analytics.dll.config'.
D/Mono    ( 7263): Config attempting to parse: '/Users/builder/data/lanes/4009/3a62f1ea/source/monodroid/builds/install/mono-armv6/etc/mono/assemblies/Xamarin.GooglePlayServices.Analytics/Xamarin.GooglePlayServices.Analytics.config'.
D/Mono    ( 7263): Image addref Xamarin.GooglePlayServices.Base[0x7a39d668] -> Xamarin.GooglePlayServices.Base.dll[0x7a39cab0]: 2
D/Mono    ( 7263): Prepared to set up assembly 'Xamarin.GooglePlayServices.Base' (Xamarin.GooglePlayServices.Base.dll)
D/Mono    ( 7263): Assembly Xamarin.GooglePlayServices.Base[0x7a39d668] added to domain RootDomain, ref_count=1
