<![CDATA[
]]><xtc-scenario name="[0-1055]CareerBuilder_Search.DroidFeatureTests.MyCBNavigationTests.SwipingMovesBetweenTabs" id="[0-1055]CareerBuilder_Search.DroidFeatureTests.MyCBNavigationTests.SwipingMovesBetweenTabs"><![CDATA[

]]><xtc-step name="[0-1055]CareerBuilder_Search.DroidFeatureTests.MyCBNavigationTests.SwipingMovesBetweenTabs-SwipingMovesBetweenTabs" id="[0-1055]CareerBuilder_Search.DroidFeatureTests.MyCBNavigationTests.SwipingMovesBetweenTabs-SwipingMovesBetweenTabs"><![CDATA[
D/AndroidRuntime( 5127): 
D/AndroidRuntime( 5127): >>>>>> AndroidRuntime START com.android.internal.os.RuntimeInit <<<<<<
D/AndroidRuntime( 5127): CheckJNI is OFF
D/dalvikvm( 5127): Trying to load lib libjavacore.so 0x0
D/dalvikvm( 5127): Added shared lib libjavacore.so 0x0
D/dalvikvm( 5127): Trying to load lib libnativehelper.so 0x0
D/dalvikvm( 5127): Added shared lib libnativehelper.so 0x0
D/dalvikvm( 5127): No JNI_OnLoad found in libnativehelper.so 0x0, skipping init
D/dalvikvm( 5127): Note: class Landroid/app/ActivityManagerNative; has 179 unimplemented (abstract) methods
D/AndroidRuntime( 5127): Calling main entry com.android.commands.pm.Pm
D/AndroidRuntime( 5127): Shutting down VM
D/dalvikvm( 5127): GC_CONCURRENT freed 248K, 31% free 567K/816K, paused 0ms+0ms, total 2ms
D/AndroidRuntime( 5314): 
D/AndroidRuntime( 5314): >>>>>> AndroidRuntime START com.android.internal.os.RuntimeInit <<<<<<
D/AndroidRuntime( 5314): CheckJNI is OFF
D/dalvikvm( 5314): Trying to load lib libjavacore.so 0x0
D/dalvikvm( 5314): Added shared lib libjavacore.so 0x0
D/dalvikvm( 5314): Trying to load lib libnativehelper.so 0x0
D/dalvikvm( 5314): Added shared lib libnativehelper.so 0x0
D/dalvikvm( 5314): No JNI_OnLoad found in libnativehelper.so 0x0, skipping init
D/dalvikvm( 5314): Note: class Landroid/app/ActivityManagerNative; has 179 unimplemented (abstract) methods
D/AndroidRuntime( 5314): Calling main entry com.android.commands.am.Am
D/AndroidRuntime( 5314): Shutting down VM
D/dalvikvm( 5314): GC_CONCURRENT freed 93K, 15% free 553K/648K, paused 0ms+1ms, total 2ms
--------- beginning of /dev/log/system
W/ActivityManager(  571): Invalid packageName: com.careerbuilder.SugarDrone
D/AndroidRuntime( 5906): 
D/AndroidRuntime( 5906): >>>>>> AndroidRuntime START com.android.internal.os.RuntimeInit <<<<<<
D/AndroidRuntime( 5906): CheckJNI is OFF
D/dalvikvm( 5906): Trying to load lib libjavacore.so 0x0
D/dalvikvm( 5906): Added shared lib libjavacore.so 0x0
D/dalvikvm( 5906): Trying to load lib libnativehelper.so 0x0
D/dalvikvm( 5906): Added shared lib libnativehelper.so 0x0
D/dalvikvm( 5906): No JNI_OnLoad found in libnativehelper.so 0x0, skipping init
D/dalvikvm( 5906): Note: class Landroid/app/ActivityManagerNative; has 179 unimplemented (abstract) methods
D/AndroidRuntime( 5906): Calling main entry com.android.commands.pm.Pm
W/ActivityManager(  571): No content provider found for permission revoke: file:///data/local/tmp/0000002054
W/ActivityManager(  571): No content provider found for permission revoke: file:///data/local/tmp/0000002054
I/PackageManager(  571): Copying native libraries to /data/app-lib/vmdl1249552558
D/dalvikvm(  571): GC_FOR_ALLOC freed 1036K, 12% free 19954K/22632K, paused 64ms, total 64ms
D/dalvikvm(  571): GC_FOR_ALLOC freed 995K, 10% free 20562K/22732K, paused 68ms, total 68ms
D/dalvikvm(  571): GC_CONCURRENT freed 2637K, 12% free 20814K/23492K, paused 3ms+6ms, total 76ms
D/dalvikvm(  571): WAIT_FOR_CONCURRENT_GC blocked 67ms
D/dalvikvm(  571): GC_CONCURRENT freed 2829K, 13% free 20838K/23816K, paused 3ms+6ms, total 77ms
D/dalvikvm(  571): WAIT_FOR_CONCURRENT_GC blocked 74ms
D/dalvikvm(  571): GC_CONCURRENT freed 2871K, 13% free 20860K/23840K, paused 3ms+6ms, total 80ms
D/dalvikvm(  571): WAIT_FOR_CONCURRENT_GC blocked 74ms
I/PackageManager(  571): Running dexopt on: com.careerbuilder.SugarDrone
W/dalvikvm( 5989): method Landroid/support/v7/widget/ListViewCompat;.lookForSelectablePosition incorrectly overrides package-private method with same name in Landroid/widget/ListView;
D/dalvikvm( 5989): DexOpt: couldn't find static field Landroid/os/Build;.SUPPORTED_ABIS
D/dalvikvm( 5989): DexOpt: load 294ms, verify+opt 1618ms, 3733380 bytes
I/ActivityManager(  571): Force stopping com.careerbuilder.SugarDrone appid=18345 user=-1: update pkg
W/PackageManager(  571): Not granting permission android.permission.MANAGE_DOCUMENTS to package com.careerbuilder.SugarDrone (protectionLevel=2 flags=0x8be46)
W/PackageManager(  571): Not granting permission android.permission.MOUNT_UNMOUNT_FILESYSTEMS to package com.careerbuilder.SugarDrone (protectionLevel=18 flags=0x8be46)
I/InputReader(  571): Reconfiguring input devices.  changes=0x00000010
D/dalvikvm(  822): GC_CONCURRENT freed 316K, 5% free 9380K/9836K, paused 2ms+1ms, total 23ms
I/Icing.InternalIcingCorporaProvider( 1320): Updating corpora: A: com.careerbuilder.SugarDrone, C: MAYBE
D/BackupManagerService(  571): Received broadcast Intent { act=android.intent.action.PACKAGE_ADDED dat=package:com.careerbuilder.SugarDrone flg=0x4000010 (has extras) }
V/BackupManagerService(  571): addPackageParticipantsLocked: #1
D/Wear_Controller( 1003): Received broadcast action=android.intent.action.PACKAGE_ADDED and uri=com.careerbuilder.SugarDrone
I/PeopleContactsSync( 1003): triggerPendingContactsCleanup: no accounts
D/dalvikvm(  571): GC_EXPLICIT freed 2822K, 12% free 20999K/23852K, paused 7ms+37ms, total 230ms
D/AndroidRuntime( 5906): Shutting down VM
D/dalvikvm( 5906): GC_CONCURRENT freed 95K, 15% free 561K/660K, paused 1ms+0ms, total 3ms
W/IcingInternalCorpora( 1003): getNumBytesRead when not calculated.
I/ActivityManager(  571): Delay finish: com.google.android.gms/.chimera.GmsIntentOperationService$PersistentInternalReceiver
I/Icing   ( 1003): Usage reports 0 indexed 0 rejected 0 imm upload true
I/Icing.InternalIcingCorporaProvider( 1320): UpdateCorporaTask done [took 256 ms] updated apps [took 256 ms] 
I/ActivityManager(  571): Resuming delayed broadcast
D/dalvikvm( 1003): GC_FOR_ALLOC freed 622K, 10% free 12362K/13656K, paused 34ms, total 34ms
I/Icing   ( 1003): Usage reports 0 indexed 0 rejected 0 imm upload false
I/Icing   ( 1003): Usage reports 0 indexed 0 rejected 0 imm upload false
D/AndroidRuntime( 6098): 
D/AndroidRuntime( 6098): >>>>>> AndroidRuntime START com.android.internal.os.RuntimeInit <<<<<<
D/AndroidRuntime( 6098): CheckJNI is OFF
D/dalvikvm( 6098): Trying to load lib libjavacore.so 0x0
D/dalvikvm( 6098): Added shared lib libjavacore.so 0x0
D/dalvikvm( 6098): Trying to load lib libnativehelper.so 0x0
D/dalvikvm( 6098): Added shared lib libnativehelper.so 0x0
D/dalvikvm( 6098): No JNI_OnLoad found in libnativehelper.so 0x0, skipping init
D/dalvikvm( 6098): Note: class Landroid/app/ActivityManagerNative; has 179 unimplemented (abstract) methods
D/AndroidRuntime( 6098): Calling main entry com.android.commands.settings.SettingsCmd
D/AndroidRuntime( 6098): Shutting down VM
D/dalvikvm( 6098): GC_CONCURRENT freed 96K, 15% free 562K/660K, paused 0ms+0ms, total 2ms
I/Icing   ( 1003): Indexing A9423C0F0A10DE4991AA6E55B2F31155F7B86750 from com.google.android.googlequicksearchbox
D/dalvikvm( 1320): GC_CONCURRENT freed 534K, 7% free 9435K/10080K, paused 3ms+2ms, total 17ms
I/Icing   ( 1003): Indexing done A9423C0F0A10DE4991AA6E55B2F31155F7B86750
I/Icing   ( 1003): Indexing 9AE916B9CACDBBF59B0A3F06984D1BB91FFBC6CB from com.google.android.gms
D/dalvikvm( 1003): GC_FOR_ALLOC freed 895K, 10% free 12330K/13656K, paused 33ms, total 34ms
I/Icing   ( 1003): Indexing done 9AE916B9CACDBBF59B0A3F06984D1BB91FFBC6CB
D/AndroidRuntime( 6126): 
D/AndroidRuntime( 6126): >>>>>> AndroidRuntime START com.android.internal.os.RuntimeInit <<<<<<
D/AndroidRuntime( 6126): CheckJNI is OFF
D/dalvikvm( 6126): Trying to load lib libjavacore.so 0x0
D/dalvikvm( 6126): Added shared lib libjavacore.so 0x0
D/dalvikvm( 6126): Trying to load lib libnativehelper.so 0x0
D/dalvikvm( 6126): Added shared lib libnativehelper.so 0x0
D/dalvikvm( 6126): No JNI_OnLoad found in libnativehelper.so 0x0, skipping init
D/dalvikvm( 6126): Note: class Landroid/app/ActivityManagerNative; has 179 unimplemented (abstract) methods
D/AndroidRuntime( 6126): Calling main entry com.android.commands.settings.SettingsCmd
D/AndroidRuntime( 6126): Shutting down VM
D/dalvikvm( 6126): GC_CONCURRENT freed 96K, 15% free 562K/660K, paused 1ms+1ms, total 3ms
D/AndroidRuntime( 6154): 
D/AndroidRuntime( 6154): >>>>>> AndroidRuntime START com.android.internal.os.RuntimeInit <<<<<<
D/AndroidRuntime( 6154): CheckJNI is OFF
D/dalvikvm( 6154): Trying to load lib libjavacore.so 0x0
D/dalvikvm( 6154): Added shared lib libjavacore.so 0x0
D/dalvikvm( 6154): Trying to load lib libnativehelper.so 0x0
D/dalvikvm( 6154): Added shared lib libnativehelper.so 0x0
D/dalvikvm( 6154): No JNI_OnLoad found in libnativehelper.so 0x0, skipping init
D/dalvikvm( 6154): Note: class Landroid/app/ActivityManagerNative; has 179 unimplemented (abstract) methods
D/AndroidRuntime( 6154): Calling main entry com.android.commands.settings.SettingsCmd
D/AndroidRuntime( 6154): Shutting down VM
D/dalvikvm( 6154): GC_CONCURRENT freed 96K, 16% free 562K/664K, paused 1ms+0ms, total 3ms
D/AndroidRuntime( 6189): 
D/AndroidRuntime( 6189): >>>>>> AndroidRuntime START com.android.internal.os.RuntimeInit <<<<<<
D/AndroidRuntime( 6189): CheckJNI is OFF
D/dalvikvm( 6189): Trying to load lib libjavacore.so 0x0
D/dalvikvm( 6189): Added shared lib libjavacore.so 0x0
D/dalvikvm( 6189): Trying to load lib libnativehelper.so 0x0
D/dalvikvm( 6189): Added shared lib libnativehelper.so 0x0
D/dalvikvm( 6189): No JNI_OnLoad found in libnativehelper.so 0x0, skipping init
D/dalvikvm( 6189): Note: class Landroid/app/ActivityManagerNative; has 179 unimplemented (abstract) methods
D/AndroidRuntime( 6189): Calling main entry com.android.commands.settings.SettingsCmd
D/AndroidRuntime( 6189): Shutting down VM
D/dalvikvm( 6189): GC_CONCURRENT freed 96K, 15% free 562K/660K, paused 0ms+0ms, total 2ms
D/AndroidRuntime( 6216): 
D/AndroidRuntime( 6216): >>>>>> AndroidRuntime START com.android.internal.os.RuntimeInit <<<<<<
D/AndroidRuntime( 6216): CheckJNI is OFF
D/dalvikvm( 6216): Trying to load lib libjavacore.so 0x0
D/dalvikvm( 6216): Added shared lib libjavacore.so 0x0
D/dalvikvm( 6216): Trying to load lib libnativehelper.so 0x0
D/dalvikvm( 6216): Added shared lib libnativehelper.so 0x0
D/dalvikvm( 6216): No JNI_OnLoad found in libnativehelper.so 0x0, skipping init
D/dalvikvm( 6216): Note: class Landroid/app/ActivityManagerNative; has 179 unimplemented (abstract) methods
D/AndroidRuntime( 6216): Calling main entry com.android.commands.settings.SettingsCmd
D/AndroidRuntime( 6216): Shutting down VM
D/dalvikvm( 6216): GC_CONCURRENT freed 96K, 15% free 562K/660K, paused 0ms+0ms, total 2ms
D/AndroidRuntime( 6242): 
D/AndroidRuntime( 6242): >>>>>> AndroidRuntime START com.android.internal.os.RuntimeInit <<<<<<
D/AndroidRuntime( 6242): CheckJNI is OFF
D/dalvikvm( 6242): Trying to load lib libjavacore.so 0x0
D/dalvikvm( 6242): Added shared lib libjavacore.so 0x0
D/dalvikvm( 6242): Trying to load lib libnativehelper.so 0x0
D/dalvikvm( 6242): Added shared lib libnativehelper.so 0x0
D/dalvikvm( 6242): No JNI_OnLoad found in libnativehelper.so 0x0, skipping init
D/dalvikvm( 6242): Note: class Landroid/app/ActivityManagerNative; has 179 unimplemented (abstract) methods
D/AndroidRuntime( 6242): Calling main entry com.android.commands.settings.SettingsCmd
D/AndroidRuntime( 6242): Shutting down VM
D/dalvikvm( 6242): GC_CONCURRENT freed 96K, 15% free 562K/660K, paused 1ms+1ms, total 3ms
D/AndroidRuntime( 6274): 
D/AndroidRuntime( 6274): >>>>>> AndroidRuntime START com.android.internal.os.RuntimeInit <<<<<<
D/AndroidRuntime( 6274): CheckJNI is OFF
D/dalvikvm( 6274): Trying to load lib libjavacore.so 0x0
D/dalvikvm( 6274): Added shared lib libjavacore.so 0x0
D/dalvikvm( 6274): Trying to load lib libnativehelper.so 0x0
D/dalvikvm( 6274): Added shared lib libnativehelper.so 0x0
D/dalvikvm( 6274): No JNI_OnLoad found in libnativehelper.so 0x0, skipping init
D/dalvikvm( 6274): Note: class Landroid/app/ActivityManagerNative; has 179 unimplemented (abstract) methods
D/AndroidRuntime( 6274): Calling main entry com.android.commands.pm.Pm
D/AndroidRuntime( 6274): Shutting down VM
D/dalvikvm( 6274): GC_CONCURRENT freed 249K, 31% free 567K/820K, paused 0ms+0ms, total 3ms
D/dalvikvm(  571): GC_CONCURRENT freed 4271K, 19% free 19635K/23948K, paused 4ms+5ms, total 73ms
D/AndroidRuntime( 6356): 
D/AndroidRuntime( 6356): >>>>>> AndroidRuntime START com.android.internal.os.RuntimeInit <<<<<<
D/AndroidRuntime( 6356): CheckJNI is OFF
D/dalvikvm( 6356): Trying to load lib libjavacore.so 0x0
D/dalvikvm( 6356): Added shared lib libjavacore.so 0x0
D/dalvikvm( 6356): Trying to load lib libnativehelper.so 0x0
D/dalvikvm( 6356): Added shared lib libnativehelper.so 0x0
D/dalvikvm( 6356): No JNI_OnLoad found in libnativehelper.so 0x0, skipping init
D/dalvikvm( 6356): Note: class Landroid/app/ActivityManagerNative; has 179 unimplemented (abstract) methods
D/AndroidRuntime( 6356): Calling main entry com.android.commands.pm.Pm
D/AndroidRuntime( 6356): Shutting down VM
D/dalvikvm( 6356): GC_CONCURRENT freed 249K, 31% free 567K/820K, paused 1ms+1ms, total 3ms
D/AndroidRuntime( 6445): 
D/AndroidRuntime( 6445): >>>>>> AndroidRuntime START com.android.internal.os.RuntimeInit <<<<<<
D/AndroidRuntime( 6445): CheckJNI is OFF
D/dalvikvm( 6445): Trying to load lib libjavacore.so 0x0
D/dalvikvm( 6445): Added shared lib libjavacore.so 0x0
D/dalvikvm( 6445): Trying to load lib libnativehelper.so 0x0
D/dalvikvm( 6445): Added shared lib libnativehelper.so 0x0
D/dalvikvm( 6445): No JNI_OnLoad found in libnativehelper.so 0x0, skipping init
D/dalvikvm( 6445): Note: class Landroid/app/ActivityManagerNative; has 179 unimplemented (abstract) methods
D/AndroidRuntime( 6445): Calling main entry com.android.commands.am.Am
D/AndroidRuntime( 6445): Shutting down VM
D/dalvikvm( 6445): GC_CONCURRENT freed 93K, 15% free 553K/648K, paused 0ms+0ms, total 2ms
W/ActivityManager(  571): Invalid packageName: com.careerbuilder.SugarDrone.test
D/AndroidRuntime( 6484): 
D/AndroidRuntime( 6484): >>>>>> AndroidRuntime START com.android.internal.os.RuntimeInit <<<<<<
D/AndroidRuntime( 6484): CheckJNI is OFF
D/dalvikvm( 6484): Trying to load lib libjavacore.so 0x0
D/dalvikvm( 6484): Added shared lib libjavacore.so 0x0
D/dalvikvm( 6484): Trying to load lib libnativehelper.so 0x0
D/dalvikvm( 6484): Added shared lib libnativehelper.so 0x0
D/dalvikvm( 6484): No JNI_OnLoad found in libnativehelper.so 0x0, skipping init
D/dalvikvm( 6484): Note: class Landroid/app/ActivityManagerNative; has 179 unimplemented (abstract) methods
D/AndroidRuntime( 6484): Calling main entry com.android.commands.pm.Pm
W/ActivityManager(  571): No content provider found for permission revoke: file:///data/local/tmp/0000002055
W/ActivityManager(  571): No content provider found for permission revoke: file:///data/local/tmp/0000002055
I/PackageManager(  571): Copying native libraries to /data/app-lib/vmdl57735264
I/PackageManager(  571): Running dexopt on: com.careerbuilder.SugarDrone.test
D/dalvikvm( 6508): DexOpt: load 71ms, verify+opt 520ms, 1565836 bytes
I/ActivityManager(  571): Force stopping com.careerbuilder.SugarDrone.test appid=18346 user=-1: update pkg
I/InputReader(  571): Reconfiguring input devices.  changes=0x00000010
I/Icing.InternalIcingCorporaProvider( 1320): Updating corpora: A: com.careerbuilder.SugarDrone.test, C: MAYBE
I/Icing.InternalIcingCorporaProvider( 1320): UpdateCorporaTask done [took 39 ms] updated apps [took 39 ms] 
D/BackupManagerService(  571): Received broadcast Intent { act=android.intent.action.PACKAGE_ADDED dat=package:com.careerbuilder.SugarDrone.test flg=0x4000010 (has extras) }
V/BackupManagerService(  571): addPackageParticipantsLocked: #1
D/Wear_Controller( 1003): Received broadcast action=android.intent.action.PACKAGE_ADDED and uri=com.careerbuilder.SugarDrone.test
I/PeopleContactsSync( 1003): triggerPendingContactsCleanup: no accounts
D/dalvikvm(  571): GC_EXPLICIT freed 1000K, 18% free 19776K/23948K, paused 3ms+9ms, total 214ms
D/AndroidRuntime( 6484): Shutting down VM
D/dalvikvm( 6484): GC_CONCURRENT freed 95K, 15% free 561K/660K, paused 0ms+0ms, total 2ms
D/dalvikvm( 1003): GC_FOR_ALLOC freed 808K, 10% free 12339K/13656K, paused 33ms, total 34ms
W/IcingInternalCorpora( 1003): getNumBytesRead when not calculated.
I/Icing   ( 1003): Usage reports 0 indexed 0 rejected 0 imm upload false
I/Icing   ( 1003): Usage reports 0 indexed 0 rejected 0 imm upload false
D/AndroidRuntime( 6565): 
D/AndroidRuntime( 6565): >>>>>> AndroidRuntime START com.android.internal.os.RuntimeInit <<<<<<
D/AndroidRuntime( 6565): CheckJNI is OFF
D/dalvikvm( 6565): Trying to load lib libjavacore.so 0x0
D/dalvikvm( 6565): Added shared lib libjavacore.so 0x0
D/dalvikvm( 6565): Trying to load lib libnativehelper.so 0x0
D/dalvikvm( 6565): Added shared lib libnativehelper.so 0x0
D/dalvikvm( 6565): No JNI_OnLoad found in libnativehelper.so 0x0, skipping init
D/dalvikvm( 6565): Note: class Landroid/app/ActivityManagerNative; has 179 unimplemented (abstract) methods
D/AndroidRuntime( 6565): Calling main entry com.android.commands.settings.SettingsCmd
D/AndroidRuntime( 6565): Shutting down VM
D/dalvikvm( 6565): GC_CONCURRENT freed 96K, 16% free 562K/664K, paused 0ms+0ms, total 2ms
I/Icing   ( 1003): Indexing 9AE916B9CACDBBF59B0A3F06984D1BB91FFBC6CB from com.google.android.gms
I/Icing   ( 1003): Indexing done 9AE916B9CACDBBF59B0A3F06984D1BB91FFBC6CB
D/AndroidRuntime( 6595): 
D/AndroidRuntime( 6595): >>>>>> AndroidRuntime START com.android.internal.os.RuntimeInit <<<<<<
D/AndroidRuntime( 6595): CheckJNI is OFF
D/dalvikvm( 6595): Trying to load lib libjavacore.so 0x0
D/dalvikvm( 6595): Added shared lib libjavacore.so 0x0
D/dalvikvm( 6595): Trying to load lib libnativehelper.so 0x0
D/dalvikvm( 6595): Added shared lib libnativehelper.so 0x0
D/dalvikvm( 6595): No JNI_OnLoad found in libnativehelper.so 0x0, skipping init
D/dalvikvm( 6595): Note: class Landroid/app/ActivityManagerNative; has 179 unimplemented (abstract) methods
D/AndroidRuntime( 6595): Calling main entry com.android.commands.settings.SettingsCmd
D/AndroidRuntime( 6595): Shutting down VM
D/dalvikvm( 6595): GC_CONCURRENT freed 96K, 15% free 562K/660K, paused 0ms+0ms, total 2ms
D/AndroidRuntime( 6620): 
D/AndroidRuntime( 6620): >>>>>> AndroidRuntime START com.android.internal.os.RuntimeInit <<<<<<
D/AndroidRuntime( 6620): CheckJNI is OFF
D/dalvikvm( 6620): Trying to load lib libjavacore.so 0x0
D/dalvikvm( 6620): Added shared lib libjavacore.so 0x0
D/dalvikvm( 6620): Trying to load lib libnativehelper.so 0x0
D/dalvikvm( 6620): Added shared lib libnativehelper.so 0x0
D/dalvikvm( 6620): No JNI_OnLoad found in libnativehelper.so 0x0, skipping init
D/dalvikvm( 6620): Note: class Landroid/app/ActivityManagerNative; has 179 unimplemented (abstract) methods
D/AndroidRuntime( 6620): Calling main entry com.android.commands.settings.SettingsCmd
D/AndroidRuntime( 6620): Shutting down VM
D/dalvikvm( 6620): GC_CONCURRENT freed 96K, 15% free 562K/660K, paused 0ms+0ms, total 2ms
D/AndroidRuntime( 6648): 
D/AndroidRuntime( 6648): >>>>>> AndroidRuntime START com.android.internal.os.RuntimeInit <<<<<<
D/AndroidRuntime( 6648): CheckJNI is OFF
D/dalvikvm( 6648): Trying to load lib libjavacore.so 0x0
D/dalvikvm( 6648): Added shared lib libjavacore.so 0x0
D/dalvikvm( 6648): Trying to load lib libnativehelper.so 0x0
D/dalvikvm( 6648): Added shared lib libnativehelper.so 0x0
D/dalvikvm( 6648): No JNI_OnLoad found in libnativehelper.so 0x0, skipping init
D/dalvikvm( 6648): Note: class Landroid/app/ActivityManagerNative; has 179 unimplemented (abstract) methods
D/AndroidRuntime( 6648): Calling main entry com.android.commands.settings.SettingsCmd
D/AndroidRuntime( 6648): Shutting down VM
D/dalvikvm( 6648): GC_CONCURRENT freed 96K, 15% free 562K/660K, paused 0ms+0ms, total 2ms
D/AndroidRuntime( 6675): 
D/AndroidRuntime( 6675): >>>>>> AndroidRuntime START com.android.internal.os.RuntimeInit <<<<<<
D/AndroidRuntime( 6675): CheckJNI is OFF
D/dalvikvm( 6675): Trying to load lib libjavacore.so 0x0
D/dalvikvm( 6675): Added shared lib libjavacore.so 0x0
D/dalvikvm( 6675): Trying to load lib libnativehelper.so 0x0
D/dalvikvm( 6675): Added shared lib libnativehelper.so 0x0
D/dalvikvm( 6675): No JNI_OnLoad found in libnativehelper.so 0x0, skipping init
D/dalvikvm( 6675): Note: class Landroid/app/ActivityManagerNative; has 179 unimplemented (abstract) methods
D/AndroidRuntime( 6675): Calling main entry com.android.commands.settings.SettingsCmd
D/AndroidRuntime( 6675): Shutting down VM
D/dalvikvm( 6675): GC_CONCURRENT freed 96K, 15% free 562K/660K, paused 1ms+1ms, total 3ms
D/AndroidRuntime( 6707): 
D/AndroidRuntime( 6707): >>>>>> AndroidRuntime START com.android.internal.os.RuntimeInit <<<<<<
D/AndroidRuntime( 6707): CheckJNI is OFF
D/dalvikvm( 6707): Trying to load lib libjavacore.so 0x0
D/dalvikvm( 6707): Added shared lib libjavacore.so 0x0
D/dalvikvm( 6707): Trying to load lib libnativehelper.so 0x0
D/dalvikvm( 6707): Added shared lib libnativehelper.so 0x0
D/dalvikvm( 6707): No JNI_OnLoad found in libnativehelper.so 0x0, skipping init
D/dalvikvm( 6707): Note: class Landroid/app/ActivityManagerNative; has 179 unimplemented (abstract) methods
D/AndroidRuntime( 6707): Calling main entry com.android.commands.settings.SettingsCmd
D/AndroidRuntime( 6707): Shutting down VM
D/dalvikvm( 6707): GC_CONCURRENT freed 96K, 15% free 562K/660K, paused 0ms+0ms, total 2ms
D/AndroidRuntime( 6737): 
D/AndroidRuntime( 6737): >>>>>> AndroidRuntime START com.android.internal.os.RuntimeInit <<<<<<
D/AndroidRuntime( 6737): CheckJNI is OFF
D/dalvikvm( 6737): Trying to load lib libjavacore.so 0x0
D/dalvikvm( 6737): Added shared lib libjavacore.so 0x0
D/dalvikvm( 6737): Trying to load lib libnativehelper.so 0x0
D/dalvikvm( 6737): Added shared lib libnativehelper.so 0x0
D/dalvikvm( 6737): No JNI_OnLoad found in libnativehelper.so 0x0, skipping init
D/dalvikvm( 6737): Note: class Landroid/app/ActivityManagerNative; has 179 unimplemented (abstract) methods
D/AndroidRuntime( 6737): Calling main entry com.android.commands.pm.Pm
D/AndroidRuntime( 6737): Shutting down VM
D/dalvikvm( 6737): GC_CONCURRENT freed 251K, 31% free 567K/820K, paused 0ms+0ms, total 3ms
D/dalvikvm(  571): GC_CONCURRENT freed 2794K, 18% free 19670K/23948K, paused 4ms+6ms, total 79ms
D/AndroidRuntime( 6818): 
D/AndroidRuntime( 6818): >>>>>> AndroidRuntime START com.android.internal.os.RuntimeInit <<<<<<
D/AndroidRuntime( 6818): CheckJNI is OFF
D/dalvikvm( 6818): Trying to load lib libjavacore.so 0x0
D/dalvikvm( 6818): Added shared lib libjavacore.so 0x0
D/dalvikvm( 6818): Trying to load lib libnativehelper.so 0x0
D/dalvikvm( 6818): Added shared lib libnativehelper.so 0x0
D/dalvikvm( 6818): No JNI_OnLoad found in libnativehelper.so 0x0, skipping init
D/dalvikvm( 6818): Note: class Landroid/app/ActivityManagerNative; has 179 unimplemented (abstract) methods
D/AndroidRuntime( 6818): Calling main entry com.android.commands.pm.Pm
D/AndroidRuntime( 6818): Shutting down VM
D/dalvikvm( 6818): GC_CONCURRENT freed 251K, 31% free 567K/820K, paused 0ms+0ms, total 3ms
D/AndroidRuntime( 6908): 
D/AndroidRuntime( 6908): >>>>>> AndroidRuntime START com.android.internal.os.RuntimeInit <<<<<<
D/AndroidRuntime( 6908): CheckJNI is OFF
D/dalvikvm( 6908): Trying to load lib libjavacore.so 0x0
D/dalvikvm( 6908): Added shared lib libjavacore.so 0x0
D/dalvikvm( 6908): Trying to load lib libnativehelper.so 0x0
D/dalvikvm( 6908): Added shared lib libnativehelper.so 0x0
D/dalvikvm( 6908): No JNI_OnLoad found in libnativehelper.so 0x0, skipping init
D/dalvikvm( 6908): Note: class Landroid/app/ActivityManagerNative; has 179 unimplemented (abstract) methods
D/AndroidRuntime( 6908): Calling main entry com.android.commands.input.Input
I/Input   ( 6908): injectKeyEvent: KeyEvent { action=ACTION_DOWN, keyCode=KEYCODE_BACK, scanCode=0, metaState=0, flags=0x0, repeatCount=0, eventTime=270949, downTime=270949, deviceId=-1, source=0x101 }
I/Input   ( 6908): injectKeyEvent: KeyEvent { action=ACTION_UP, keyCode=KEYCODE_BACK, scanCode=0, metaState=0, flags=0x0, repeatCount=0, eventTime=270949, downTime=270949, deviceId=-1, source=0x101 }
D/AndroidRuntime( 6908): Shutting down VM
D/dalvikvm( 6908): GC_CONCURRENT freed 98K, 16% free 563K/664K, paused 0ms+0ms, total 2ms
D/AndroidRuntime( 6970): 
D/AndroidRuntime( 6970): >>>>>> AndroidRuntime START com.android.internal.os.RuntimeInit <<<<<<
D/AndroidRuntime( 6970): CheckJNI is OFF
D/dalvikvm( 6970): Trying to load lib libjavacore.so 0x0
D/dalvikvm( 6970): Added shared lib libjavacore.so 0x0
D/dalvikvm( 6970): Trying to load lib libnativehelper.so 0x0
D/dalvikvm( 6970): Added shared lib libnativehelper.so 0x0
D/dalvikvm( 6970): No JNI_OnLoad found in libnativehelper.so 0x0, skipping init
D/dalvikvm( 6970): Note: class Landroid/app/ActivityManagerNative; has 179 unimplemented (abstract) methods
D/AndroidRuntime( 6970): Calling main entry com.android.commands.input.Input
I/Input   ( 6970): injectKeyEvent: KeyEvent { action=ACTION_DOWN, keyCode=KEYCODE_HOME, scanCode=0, metaState=0, flags=0x0, repeatCount=0, eventTime=272718, downTime=272718, deviceId=-1, source=0x101 }
I/Input   ( 6970): injectKeyEvent: KeyEvent { action=ACTION_UP, keyCode=KEYCODE_HOME, scanCode=0, metaState=0, flags=0x0, repeatCount=0, eventTime=272718, downTime=272718, deviceId=-1, source=0x101 }
D/AndroidRuntime( 6970): Shutting down VM
I/ActivityManager(  571): START u0 {act=android.intent.action.MAIN cat=[android.intent.category.HOME] flg=0x10200000 cmp=com.android.launcher/com.android.launcher2.Launcher} from pid 571
D/dalvikvm( 6970): GC_CONCURRENT freed 98K, 16% free 563K/664K, paused 0ms+1ms, total 2ms
D/dalvikvm( 1288): GC_CONCURRENT freed 427K, 5% free 9574K/10036K, paused 3ms+4ms, total 30ms
D/Finsky  ( 1288): [1] 5.onFinished: Installation state replication succeeded.
D/AndroidRuntime( 7006): 
D/AndroidRuntime( 7006): >>>>>> AndroidRuntime START com.android.internal.os.RuntimeInit <<<<<<
D/AndroidRuntime( 7006): CheckJNI is OFF
D/dalvikvm( 7006): Trying to load lib libjavacore.so 0x0
D/dalvikvm( 7006): Added shared lib libjavacore.so 0x0
D/dalvikvm( 7006): Trying to load lib libnativehelper.so 0x0
D/dalvikvm( 7006): Added shared lib libnativehelper.so 0x0
D/dalvikvm( 7006): No JNI_OnLoad found in libnativehelper.so 0x0, skipping init
D/dalvikvm( 7006): Note: class Landroid/app/ActivityManagerNative; has 179 unimplemented (abstract) methods
D/AndroidRuntime( 7006): Calling main entry com.android.commands.input.Input
I/Input   ( 7006): injectKeyEvent: KeyEvent { action=ACTION_DOWN, keyCode=KEYCODE_BACK, scanCode=0, metaState=0, flags=0x0, repeatCount=0, eventTime=274110, downTime=274110, deviceId=-1, source=0x101 }
I/Input   ( 7006): injectKeyEvent: KeyEvent { action=ACTION_UP, keyCode=KEYCODE_BACK, scanCode=0, metaState=0, flags=0x0, repeatCount=0, eventTime=274110, downTime=274110, deviceId=-1, source=0x101 }
D/AndroidRuntime( 7006): Shutting down VM
D/dalvikvm( 7006): GC_CONCURRENT freed 98K, 16% free 563K/664K, paused 1ms+0ms, total 3ms
D/AndroidRuntime( 7047): 
D/AndroidRuntime( 7047): >>>>>> AndroidRuntime START com.android.internal.os.RuntimeInit <<<<<<
D/AndroidRuntime( 7047): CheckJNI is OFF
D/dalvikvm( 7047): Trying to load lib libjavacore.so 0x0
D/dalvikvm( 7047): Added shared lib libjavacore.so 0x0
D/dalvikvm( 7047): Trying to load lib libnativehelper.so 0x0
D/dalvikvm( 7047): Added shared lib libnativehelper.so 0x0
D/dalvikvm( 7047): No JNI_OnLoad found in libnativehelper.so 0x0, skipping init
D/dalvikvm( 7047): Note: class Landroid/app/ActivityManagerNative; has 179 unimplemented (abstract) methods
D/AndroidRuntime( 7047): Calling main entry com.android.commands.am.Am
I/ActivityManager(  571): Force stopping com.careerbuilder.SugarDrone appid=18345 user=0: start instr
I/ActivityManager(  571): Start proc com.careerbuilder.SugarDrone for added application com.careerbuilder.SugarDrone: pid=7073 uid=18345 gids={58345, 3003, 1028, 1015}
D/dalvikvm( 7073): Late-enabling CheckJNI
I/dalvikvm( 7073): Could not find method android.app.Instrumentation.execStartActivity, referenced from method sh.calaba.exposed.InstrumentationExposed.execStartActivity
W/dalvikvm( 7073): VFY: unable to resolve virtual method 38: Landroid/app/Instrumentation;.execStartActivity (Landroid/content/Context;Landroid/os/IBinder;Landroid/os/IBinder;Landroid/app/Activity;Landroid/content/Intent;I)Landroid/app/Instrumentation$ActivityResult;
D/dalvikvm( 7073): VFY: replacing opcode 0x75 at 0x0000
I/dalvikvm( 7073): Could not find method android.app.Instrumentation.execStartActivity, referenced from method sh.calaba.exposed.InstrumentationExposed.execStartActivity
W/dalvikvm( 7073): VFY: unable to resolve virtual method 41: Landroid/app/Instrumentation;.execStartActivity (Landroid/content/Context;Landroid/os/IBinder;Landroid/os/IBinder;Landroid/app/Fragment;Landroid/content/Intent;I)Landroid/app/Instrumentation$ActivityResult;
D/dalvikvm( 7073): VFY: replacing opcode 0x75 at 0x0000
I/dalvikvm( 7073): Could not find method android.app.Instrumentation.execStartActivityAsCaller, referenced from method sh.calaba.exposed.InstrumentationExposed.execStartActivityAsCaller
W/dalvikvm( 7073): VFY: unable to resolve virtual method 43: Landroid/app/Instrumentation;.execStartActivityAsCaller (Landroid/content/Context;Landroid/os/IBinder;Landroid/os/IBinder;Landroid/app/Activity;Landroid/content/Intent;ILandroid/os/Bundle;I)Landroid/app/Instrumentation$ActivityResult;
D/dalvikvm( 7073): VFY: replacing opcode 0x75 at 0x0000
D/dalvikvm( 7073): Trying to load lib /data/app-lib/com.careerbuilder.SugarDrone-1/libmonodroid.so 0x41fd8b68
D/dalvikvm( 7073): Added shared lib /data/app-lib/com.careerbuilder.SugarDrone-1/libmonodroid.so 0x41fd8b68
W/monodroid( 7073): Using override path: /data/data/com.careerbuilder.SugarDrone/files/.__override__
W/monodroid( 7073): Trying to load sgen from: /data/data/com.careerbuilder.SugarDrone/files/.__override__/libmonosgen-2.0.so
W/monodroid( 7073): Trying to load sgen from: /storage/emulated/0/Android/data/com.careerbuilder.SugarDrone/files/.__override__/libmonosgen-2.0.so
W/monodroid( 7073): Trying to load sgen from: /data/app-lib/com.careerbuilder.SugarDrone-1/libmonosgen-2.0.so
D/Mono    ( 7073): Image addref mscorlib[0x7588d008] -> mscorlib.dll[0x7588c350]: 2
D/Mono    ( 7073): Prepared to set up assembly 'mscorlib' (mscorlib.dll)
D/Mono    ( 7073): AOT module 'mscorlib.dll.so' not found: dlopen failed: library "/data/app-lib/com.careerbuilder.SugarDrone-1/libaot-mscorlib.dll.so" not found
D/Mono    ( 7073): AOT module '/Users/builder/data/lanes/4009/3a62f1ea/source/monodroid/builds/install/mono-armv6/lib/mono/aot-cache/arm/mscorlib.dll.so' not found: dlopen failed: library "/data/app-lib/com.careerbuilder.SugarDrone-1/libaot-mscorlib.dll.so" not found
D/Mono    ( 7073): Config attempting to parse: 'mscorlib.dll.config'.
D/Mono    ( 7073): Config attempting to parse: '/Users/builder/data/lanes/4009/3a62f1ea/source/monodroid/builds/install/mono-armv6/etc/mono/assemblies/mscorlib/mscorlib.config'.
D/Mono    ( 7073): Assembly mscorlib[0x7588d008] added to domain RootDomain, ref_count=1
D/Mono    ( 7073): Image addref CareerBuilder_Search.Droid[0x7a3cd1c0] -> CareerBuilder_Search.Droid.dll[0x7a343868]: 2
D/Mono    ( 7073): Prepared to set up assembly 'CareerBuilder_Search.Droid' (CareerBuilder_Search.Droid.dll)
D/Mono    ( 7073): Assembly CareerBuilder_Search.Droid[0x7a3cd1c0] added to domain RootDomain, ref_count=1
D/Mono    ( 7073): AOT module 'CareerBuilder_Search.Droid.dll.so' not found: dlopen failed: library "/data/app-lib/com.careerbuilder.SugarDrone-1/libaot-CareerBuilder_Search.Droid.dll.so" not found
D/Mono    ( 7073): AOT module '/Users/builder/data/lanes/4009/3a62f1ea/source/monodroid/builds/install/mono-armv6/lib/mono/aot-cache/arm/CareerBuilder_Search.Droid.dll.so' not found: dlopen failed: library "/data/app-lib/com.careerbuilder.SugarDrone-1/libaot-CareerBuilder_Search.Droid.dll.so" not found
D/Mono    ( 7073): Config attempting to parse: 'CareerBuilder_Search.Droid.dll.config'.
D/Mono    ( 7073): Config attempting to parse: '/Users/builder/data/lanes/4009/3a62f1ea/source/monodroid/builds/install/mono-armv6/etc/mono/assemblies/CareerBuilder_Search.Droid/CareerBuilder_Search.Droid.config'.
D/Mono    ( 7073): Image addref AppsFlyerXamarinBindingAndroid[0x7a3d7f68] -> AppsFlyerXamarinBindingAndroid.dll[0x7a3d7428]: 2
D/Mono    ( 7073): Prepared to set up assembly 'AppsFlyerXamarinBindingAndroid' (AppsFlyerXamarinBindingAndroid.dll)
D/Mono    ( 7073): Assembly AppsFlyerXamarinBindingAndroid[0x7a3d7f68] added to domain RootDomain, ref_count=1
D/Mono    ( 7073): AOT module 'AppsFlyerXamarinBindingAndroid.dll.so' not found: dlopen failed: library "/data/app-lib/com.careerbuilder.SugarDrone-1/libaot-AppsFlyerXamarinBindingAndroid.dll.so" not found
D/Mono    ( 7073): AOT module '/Users/builder/data/lanes/4009/3a62f1ea/source/monodroid/builds/install/mono-armv6/lib/mono/aot-cache/arm/AppsFlyerXamarinBindingAndroid.dll.so' not found: dlopen failed: library "/data/app-lib/com.careerbuilder.SugarDrone-1/libaot-AppsFlyerXamarinBindingAndroid.dll.so" not found
D/Mono    ( 7073): Config attempting to parse: 'AppsFlyerXamarinBindingAndroid.dll.config'.
D/Mono    ( 7073): Config attempting to parse: '/Users/builder/data/lanes/4009/3a62f1ea/source/monodroid/builds/install/mono-armv6/etc/mono/assemblies/AppsFlyerXamarinBindingAndroid/AppsFlyerXamarinBindingAndroid.config'.
D/Mono    ( 7073): Image addref HockeySDK[0x7a3efc78] -> HockeySDK.dll[0x7a3ef078]: 2
D/Mono    ( 7073): Prepared to set up assembly 'HockeySDK' (HockeySDK.dll)
D/Mono    ( 7073): Assembly HockeySDK[0x7a3efc78] added to domain RootDomain, ref_count=1
D/Mono    ( 7073): AOT module 'HockeySDK.dll.so' not found: dlopen failed: library "/data/app-lib/com.careerbuilder.SugarDrone-1/libaot-HockeySDK.dll.so" not found
D/Mono    ( 7073): AOT module '/Users/builder/data/lanes/4009/3a62f1ea/source/monodroid/builds/install/mono-armv6/lib/mono/aot-cache/arm/HockeySDK.dll.so' not found: dlopen failed: library "/data/app-lib/com.careerbuilder.SugarDrone-1/libaot-HockeySDK.dll.so" not found
D/Mono    ( 7073): Config attempting to parse: 'HockeySDK.dll.config'.
D/Mono    ( 7073): Config attempting to parse: '/Users/builder/data/lanes/4009/3a62f1ea/source/monodroid/builds/install/mono-armv6/etc/mono/assemblies/HockeySDK/HockeySDK.config'.
D/Mono    ( 7073): Image addref Akavache[0x7a3f09f0] -> Akavache.dll[0x7a3efd60]: 2
D/Mono    ( 7073): Prepared to set up assembly 'Akavache' (Akavache.dll)
D/Mono    ( 7073): Assembly Akavache[0x7a3f09f0] added to domain RootDomain, ref_count=1
D/Mono    ( 7073): AOT module 'Akavache.dll.so' not found: dlopen failed: library "/data/app-lib/com.careerbuilder.SugarDrone-1/libaot-Akavache.dll.so" not found
D/Mono    ( 7073): AOT module '/Users/builder/data/lanes/4009/3a62f1ea/source/monodroid/builds/install/mono-armv6/lib/mono/aot-cache/arm/Akavache.dll.so' not found: dlopen failed: library "/data/app-lib/com.careerbuilder.SugarDrone-1/libaot-Akavache.dll.so" not found
D/Mono    ( 7073): Config attempting to parse: 'Akavache.dll.config'.
D/Mono    ( 7073): Config attempting to parse: '/Users/builder/data/lanes/4009/3a62f1ea/source/monodroid/builds/install/mono-armv6/etc/mono/assemblies/Akavache/Akavache.config'.
D/Mono    ( 7073): Image addref Akavache.Sqlite3[0x7a3f1750] -> Akavache.Sqlite3.dll[0x7a3f0af0]: 2
D/Mono    ( 7073): Prepared to set up assembly 'Akavache.Sqlite3' (Akavache.Sqlite3.dll)
D/Mono    ( 7073): Assembly Akavache.Sqlite3[0x7a3f1750] added to domain RootDomain, ref_count=1
D/Mono    ( 7073): AOT module 'Akavache.Sqlite3.dll.so' not found: dlopen failed: library "/data/app-lib/com.careerbuilder.SugarDrone-1/libaot-Akavache.Sqlite3.dll.so" not found
D/Mono    ( 7073): AOT module '/Users/builder/data/lanes/4009/3a62f1ea/source/monodroid/builds/install/mono-armv6/lib/mono/aot-cache/arm/Akavache.Sqlite3.dll.so' not found: dlopen failed: library "/data/app-lib/com.careerbuilder.SugarDrone-1/libaot-Akavache.Sqlite3.dll.so" not found
W/        ( 7073): Symbol file LoadedFromMemory doesn't match image Akavache.Sqlite3.dll
D/Mono    ( 7073): Config attempting to parse: 'Akavache.Sqlite3.dll.config'.
D/Mono    ( 7073): Config attempting to parse: '/Users/builder/data/lanes/4009/3a62f1ea/source/monodroid/builds/install/mono-armv6/etc/mono/assemblies/Akavache.Sqlite3/Akavache.Sqlite3.config'.
D/Mono    ( 7073): Image addref Splat[0x7a3f2480] -> Splat.dll[0x7a3f1840]: 2
D/Mono    ( 7073): Prepared to set up assembly 'Splat' (Splat.dll)
D/Mono    ( 7073): Assembly Splat[0x7a3f2480] added to domain RootDomain, ref_count=1
D/Mono    ( 7073): AOT module 'Splat.dll.so' not found: dlopen failed: library "/data/app-lib/com.careerbuilder.SugarDrone-1/libaot-Splat.dll.so" not found
D/Mono    ( 7073): AOT module '/Users/builder/data/lanes/4009/3a62f1ea/source/monodroid/builds/install/mono-armv6/lib/mono/aot-cache/arm/Splat.dll.so' not found: dlopen failed: library "/data/app-lib/com.careerbuilder.SugarDrone-1/libaot-Splat.dll.so" not found
D/Mono    ( 7073): Config attempting to parse: 'Splat.dll.config'.
D/Mono    ( 7073): Config attempting to parse: '/Users/builder/data/lanes/4009/3a62f1ea/source/monodroid/builds/install/mono-armv6/etc/mono/assemblies/Splat/Splat.config'.
D/Mono    ( 7073): Image addref Microsoft.Practices.ServiceLocation[0x7a3f6298] -> Microsoft.Practices.ServiceLocation.dll[0x7a3f5658]: 2
D/Mono    ( 7073): Prepared to set up assembly 'Microsoft.Practices.ServiceLocation' (Microsoft.Practices.ServiceLocation.dll)
D/Mono    ( 7073): Assembly Microsoft.Practices.ServiceLocation[0x7a3f6298] added to domain RootDomain, ref_count=1
D/Mono    ( 7073): AOT module 'Microsoft.Practices.ServiceLocation.dll.so' not found: dlopen failed: library "/data/app-lib/com.careerbuilder.SugarDrone-1/libaot-Microsoft.Practices.ServiceLocation.dll.so" not found
D/Mono    ( 7073): AOT module '/Users/builder/data/lanes/4009/3a62f1ea/source/monodroid/builds/install/mono-armv6/lib/mono/aot-cache/arm/Microsoft.Practices.ServiceLocation.dll.so' not found: dlopen failed: library "/data/app-lib/com.careerbuilder.SugarDrone-1/libaot-Microsoft.Practices.ServiceLocation.dll.so" not found
D/Mono    ( 7073): Config attempting to parse: 'Microsoft.Practices.ServiceLocation.dll.config'.
D/Mono    ( 7073): Config attempting to parse: '/Users/builder/data/lanes/4009/3a62f1ea/source/monodroid/builds/install/mono-armv6/etc/mono/assemblies/Microsoft.Practices.ServiceLocation/Microsoft.Practices.ServiceLocation.config'.
D/Mono    ( 7073): Image addref Microsoft.Practices.Unity[0x7a3f7880] -> Microsoft.Practices.Unity.dll[0x7a3f6c10]: 2
D/Mono    ( 7073): Prepared to set up assembly 'Microsoft.Practices.Unity' (Microsoft.Practices.Unity.dll)
D/Mono    ( 7073): Assembly Microsoft.Practices.Unity[0x7a3f7880] added to domain RootDomain, ref_count=1
D/Mono    ( 7073): AOT module 'Microsoft.Practices.Unity.dll.so' not found: dlopen failed: library "/data/app-lib/com.careerbuilder.SugarDrone-1/libaot-Microsoft.Practices.Unity.dll.so" not found
D/Mono    ( 7073): AOT module '/Users/builder/data/lanes/4009/3a62f1ea/source/monodroid/builds/install/mono-armv6/lib/mono/aot-cache/arm/Microsoft.Practices.Unity.dll.so' not found: dlopen failed: library "/data/app-lib/com.careerbuilder.SugarDrone-1/libaot-Microsoft.Practices.Unity.dll.so" not found
D/Mono    ( 7073): Config attempting to parse: 'Microsoft.Practices.Unity.dll.config'.
D/Mono    ( 7073): Config attempting to parse: '/Users/builder/data/lanes/4009/3a62f1ea/source/monodroid/builds/install/mono-armv6/etc/mono/assemblies/Microsoft.Practices.Unity/Microsoft.Practices.Unity.config'.
D/Mono    ( 7073): Image addref Plugin.CurrentActivity[0x7a3f85d0] -> Plugin.CurrentActivity.dll[0x7a3f79a0]: 2
D/Mono    ( 7073): Prepared to set up assembly 'Plugin.CurrentActivity' (Plugin.CurrentActivity.dll)
D/Mono    ( 7073): Assembly Plugin.CurrentActivity[0x7a3f85d0] added to domain RootDomain, ref_count=1
D/Mono    ( 7073): AOT module 'Plugin.CurrentActivity.dll.so' not found: dlopen failed: library "/data/app-lib/com.careerbuilder.SugarDrone-1/libaot-Plugin.CurrentActivity.dll.so" not found
D/Mono    ( 7073): AOT module '/Users/builder/data/lanes/4009/3a62f1ea/source/monodroid/builds/install/mono-armv6/lib/mono/aot-cache/arm/Plugin.CurrentActivity.dll.so' not found: dlopen failed: library "/data/app-lib/com.careerbuilder.SugarDrone-1/libaot-Plugin.CurrentActivity.dll.so" not found
D/Mono    ( 7073): Config attempting to parse: 'Plugin.CurrentActivity.dll.config'.
D/Mono    ( 7073): Config attempting to parse: '/Users/builder/data/lanes/4009/3a62f1ea/source/monodroid/builds/install/mono-armv6/etc/mono/assemblies/Plugin.CurrentActivity/Plugin.CurrentActivity.config'.
D/Mono    ( 7073): Image addref Plugin.Permissions[0x7a3f9320] -> Plugin.Permissions.dll[0x7a3f8700]: 2
D/Mono    ( 7073): Prepared to set up assembly 'Plugin.Permissions' (Plugin.Permissions.dll)
D/Mono    ( 7073): Assembly Plugin.Permissions[0x7a3f9320] added to domain RootDomain, ref_count=1
D/Mono    ( 7073): AOT module 'Plugin.Permissions.dll.so' not found: dlopen failed: library "/data/app-lib/com.careerbuilder.SugarDrone-1/libaot-Plugin.Permissions.dll.so" not found
D/Mono    ( 7073): AOT module '/Users/builder/data/lanes/4009/3a62f1ea/source/monodroid/builds/install/mono-armv6/lib/mono/aot-cache/arm/Plugin.Permissions.dll.so' not found: dlopen failed: library "/data/app-lib/com.careerbuilder.SugarDrone-1/libaot-Plugin.Permissions.dll.so" not found
D/Mono    ( 7073): Config attempting to parse: 'Plugin.Permissions.dll.config'.
D/Mono    ( 7073): Config attempting to parse: '/Users/builder/data/lanes/4009/3a62f1ea/source/monodroid/builds/install/mono-armv6/etc/mono/assemblies/Plugin.Permissions/Plugin.Permissions.config'.
D/Mono    ( 7073): Image addref Plugin.Permissions.Abstractions[0x7a3faa40] -> Plugin.Permissions.Abstractions.dll[0x7a3f9de0]: 2
D/Mono    ( 7073): Prepared to set up assembly 'Plugin.Permissions.Abstractions' (Plugin.Permissions.Abstractions.dll)
D/Mono    ( 7073): Assembly Plugin.Permissions.Abstractions[0x7a3faa40] added to domain RootDomain, ref_count=1
D/Mono    ( 7073): AOT module 'Plugin.Permissions.Abstractions.dll.so' not found: dlopen failed: library "/data/app-lib/com.careerbuilder.SugarDrone-1/libaot-Plugin.Permissions.Abstractions.dll.so" not found
D/Mono    ( 7073): AOT module '/Users/builder/data/lanes/4009/3a62f1ea/source/monodroid/builds/install/mono-armv6/lib/mono/aot-cache/arm/Plugin.Permissions.Abstractions.dll.so' not found: dlopen failed: library "/data/app-lib/com.careerbuilder.SugarDrone-1/libaot-Plugin.Permissions.Abstractions.dll.so" not found
D/Mono    ( 7073): Config attempting to parse: 'Plugin.Permissions.Abstractions.dll.config'.
D/Mono    ( 7073): Config attempting to parse: '/Users/builder/data/lanes/4009/3a62f1ea/source/monodroid/builds/install/mono-armv6/etc/mono/assemblies/Plugin.Permissions.Abstractions/Plugin.Permissions.Abstractions.config'.
D/Mono    ( 7073): Image addref Plugin.Geolocator[0x7a3fb8f0] -> Plugin.Geolocator.dll[0x7a3faca0]: 2
D/Mono    ( 7073): Prepared to set up assembly 'Plugin.Geolocator' (Plugin.Geolocator.dll)
D/Mono    ( 7073): Assembly Plugin.Geolocator[0x7a3fb8f0] added to domain RootDomain, ref_count=1
D/Mono    ( 7073): AOT module 'Plugin.Geolocator.dll.so' not found: dlopen failed: library "/data/app-lib/com.careerbuilder.SugarDrone-1/libaot-Plugin.Geolocator.dll.so" not found
D/Mono    ( 7073): AOT module '/Users/builder/data/lanes/4009/3a62f1ea/source/monodroid/builds/install/mono-armv6/lib/mono/aot-cache/arm/Plugin.Geolocator.dll.so' not found: dlopen failed: library "/data/app-lib/com.careerbuilder.SugarDrone-1/libaot-Plugin.Geolocator.dll.so" not found
D/Mono    ( 7073): Config attempting to parse: 'Plugin.Geolocator.dll.config'.
D/Mono    ( 7073): Config attempting to parse: '/Users/builder/data/lanes/4009/3a62f1ea/source/monodroid/builds/install/mono-armv6/etc/mono/assemblies/Plugin.Geolocator/Plugin.Geolocator.config'.
D/Mono    ( 7073): Image addref Plugin.Geolocator.Abstractions[0x7a3fd888] -> Plugin.Geolocator.Abstractions.dll[0x7a3fcc70]: 2
D/Mono    ( 7073): Prepared to set up assembly 'Plugin.Geolocator.Abstractions' (Plugin.Geolocator.Abstractions.dll)
D/Mono    ( 7073): Assembly Plugin.Geolocator.Abstractions[0x7a3fd888] added to domain RootDomain, ref_count=1
D/Mono    ( 7073): AOT module 'Plugin.Geolocator.Abstractions.dll.so' not found: dlopen failed: library "/data/app-lib/com.careerbuilder.SugarDrone-1/libaot-Plugin.Geolocator.Abstractions.dll.so" not found
D/Mono    ( 7073): AOT module '/Users/builder/data/lanes/4009/3a62f1ea/source/monodroid/builds/install/mono-armv6/lib/mono/aot-cache/arm/Plugin.Geolocator.Abstractions.dll.so' not found: dlopen failed: library "/data/app-lib/com.careerbuilder.SugarDrone-1/libaot-Plugin.Geolocator.Abstractions.dll.so" not found
D/Mono    ( 7073): Config attempting to parse: 'Plugin.Geolocator.Abstractions.dll.config'.
D/Mono    ( 7073): Config attempting to parse: '/Users/builder/data/lanes/4009/3a62f1ea/source/monodroid/builds/install/mono-armv6/etc/mono/assemblies/Plugin.Geolocator.Abstractions/Plugin.Geolocator.Abstractions.config'.
D/Mono    ( 7073): Image addref Plugin.DeviceInfo[0x7a3fec00] -> Plugin.DeviceInfo.dll[0x7a3fdfa0]: 2
D/Mono    ( 7073): Prepared to set up assembly 'Plugin.DeviceInfo' (Plugin.DeviceInfo.dll)
D/Mono    ( 7073): Assembly Plugin.DeviceInfo[0x7a3fec00] added to domain RootDomain, ref_count=1
D/Mono    ( 7073): AOT module 'Plugin.DeviceInfo.dll.so' not found: dlopen failed: library "/data/app-lib/com.careerbuilder.SugarDrone-1/libaot-Plugin.DeviceInfo.dll.so" not found
D/Mono    ( 7073): AOT module '/Users/builder/data/lanes/4009/3a62f1ea/source/monodroid/builds/install/mono-armv6/lib/mono/aot-cache/arm/Plugin.DeviceInfo.dll.so' not found: dlopen failed: library "/data/app-lib/com.careerbuilder.SugarDrone-1/libaot-Plugin.DeviceInfo.dll.so" not found
D/Mono    ( 7073): Config attempting to parse: 'Plugin.DeviceInfo.dll.config'.
D/Mono    ( 7073): Config attempting to parse: '/Users/builder/data/lanes/4009/3a62f1ea/source/monodroid/builds/install/mono-armv6/etc/mono/assemblies/Plugin.DeviceInfo/Plugin.DeviceInfo.config'.
D/Mono    ( 7073): Image addref Plugin.DeviceInfo.Abstractions[0x7a3ffdf0] -> Plugin.DeviceInfo.Abstractions.dll[0x7a3ff180]: 2
D/Mono    ( 7073): Prepared to set up assembly 'Plugin.DeviceInfo.Abstractions' (Plugin.DeviceInfo.Abstractions.dll)
D/Mono    ( 7073): Assembly Plugin.DeviceInfo.Abstractions[0x7a3ffdf0] added to domain RootDomain, ref_count=1
D/Mono    ( 7073): AOT module 'Plugin.DeviceInfo.Abstractions.dll.so' not found: dlopen failed: library "/data/app-lib/com.careerbuilder.SugarDrone-1/libaot-Plugin.DeviceInfo.Abstractions.dll.so" not found
D/Mono    ( 7073): AOT module '/Users/builder/data/lanes/4009/3a62f1ea/source/monodroid/builds/install/mono-armv6/lib/mono/aot-cache/arm/Plugin.DeviceInfo.Abstractions.dll.so' not found: dlopen failed: library "/data/app-lib/com.careerbuilder.SugarDrone-1/libaot-Plugin.DeviceInfo.Abstractions.dll.so" not found
D/Mono    ( 7073): Config attempting to parse: 'Plugin.DeviceInfo.Abstractions.dll.config'.
D/Mono    ( 7073): Config attempting to parse: '/Users/builder/data/lanes/4009/3a62f1ea/source/monodroid/builds/install/mono-armv6/etc/mono/assemblies/Plugin.DeviceInfo.Abstractions/Plugin.DeviceInfo.Abstractions.config'.
D/Mono    ( 7073): Image addref Xamarin.GooglePlayServices.Analytics[0x7b100d10] -> Xamarin.GooglePlayServices.Analytics.dll[0x7b1000e0]: 2
D/Mono    ( 7073): Prepared to set up assembly 'Xamarin.GooglePlayServices.Analytics' (Xamarin.GooglePlayServices.Analytics.dll)
D/Mono    ( 7073): Assembly Xamarin.GooglePlayServices.Analytics[0x7b100d10] added to domain RootDomain, ref_count=1
D/Mono    ( 7073): AOT module 'Xamarin.GooglePlayServices.Analytics.dll.so' not found: dlopen failed: library "/data/app-lib/com.careerbuilder.SugarDrone-1/libaot-Xamarin.GooglePlayServices.Analytics.dll.so" not found
D/Mono    ( 7073): AOT module '/Users/builder/data/lanes/4009/3a62f1ea/source/monodroid/builds/install/mono-armv6/lib/mono/aot-cache/arm/Xamarin.GooglePlayServices.Analytics.dll.so' not found: dlopen failed: library "/data/app-lib/com.careerbuilder.SugarDrone-1/libaot-Xamarin.GooglePlayServices.Analytics.dll.so" not found
D/Mono    ( 7073): Config attempting to parse: 'Xamarin.GooglePlayServices.Analytics.dll.config'.
D/Mono    ( 7073): Config attempting to parse: '/Users/builder/data/lanes/4009/3a62f1ea/source/monodroid/builds/install/mono-armv6/etc/mono/assemblies/Xamarin.GooglePlayServices.Analytics/Xamarin.GooglePlayServices.Analytics.config'.
D/Mono    ( 7073): Image addref Xamarin.GooglePlayServices.Base[0x7b101a68] -> Xamarin.GooglePlayServices.Base.dll[0x7b100eb0]: 2
D/Mono    ( 7073): Prepared to set up assembly 'Xamarin.GooglePlayServices.Base' (Xamarin.GooglePlayServices.Base.dll)
D/Mono    ( 7073): Assembly Xamarin.GooglePlayServices.Base[0x7b101a68] added to domain RootDomain, ref_count=1
D/Mono    ( 7073): AOT module 'Xamarin.GooglePlayServices.Base.dll.so' not found: dlopen failed: library "/data/app-lib/com.careerbuilder.SugarDrone-1/libaot-Xamarin.GooglePlayServices.Base.dll.so" not found
D/Mono    ( 7073): AOT module '/Users/builder/data/lanes/4009/3a62f1ea/source/monodroid/builds/install/mono-armv6/lib/mono/aot-cache/arm/Xamarin.GooglePlayServices.Base.dll.so' not found: dlopen failed: library "/data/app-lib/com.careerbuilder.SugarDrone-1/libaot-Xamarin.GooglePlayServices.Base.dll.so" not found
D/Mono    ( 7073): Config attempting to parse: 'Xamarin.GooglePlayServices.Base.dll.config'.
