<![CDATA[
]]><xtc-scenario name="[0-1104]CareerBuilder_Search.DroidFeatureTests.QuickApplyFailedTests.TappingOutSideTheDialogDismissesResumeDialog" id="[0-1104]CareerBuilder_Search.DroidFeatureTests.QuickApplyFailedTests.TappingOutSideTheDialogDismissesResumeDialog"><![CDATA[

]]><xtc-step name="[0-1104]CareerBuilder_Search.DroidFeatureTests.QuickApplyFailedTests.TappingOutSideTheDialogDismissesResumeDialog-TappingOutSideTheDialogDismissesResumeDialog" id="[0-1104]CareerBuilder_Search.DroidFeatureTests.QuickApplyFailedTests.TappingOutSideTheDialogDismissesResumeDialog-TappingOutSideTheDialogDismissesResumeDialog"><![CDATA[
D/AndroidRuntime( 5186): 
D/AndroidRuntime( 5186): >>>>>> AndroidRuntime START com.android.internal.os.RuntimeInit <<<<<<
D/AndroidRuntime( 5186): CheckJNI is OFF
D/dalvikvm( 5186): Trying to load lib libjavacore.so 0x0
D/dalvikvm( 5186): Added shared lib libjavacore.so 0x0
D/dalvikvm( 5186): Trying to load lib libnativehelper.so 0x0
D/dalvikvm( 5186): Added shared lib libnativehelper.so 0x0
D/dalvikvm( 5186): No JNI_OnLoad found in libnativehelper.so 0x0, skipping init
D/dalvikvm( 5186): Note: class Landroid/app/ActivityManagerNative; has 179 unimplemented (abstract) methods
D/AndroidRuntime( 5186): Calling main entry com.android.commands.pm.Pm
D/AndroidRuntime( 5186): Shutting down VM
D/dalvikvm( 5186): GC_CONCURRENT freed 248K, 31% free 567K/820K, paused 1ms+0ms, total 4ms
D/AndroidRuntime( 5840): 
D/AndroidRuntime( 5840): >>>>>> AndroidRuntime START com.android.internal.os.RuntimeInit <<<<<<
D/AndroidRuntime( 5840): CheckJNI is OFF
D/dalvikvm( 5840): Trying to load lib libjavacore.so 0x0
D/dalvikvm( 5840): Added shared lib libjavacore.so 0x0
D/dalvikvm( 5840): Trying to load lib libnativehelper.so 0x0
D/dalvikvm( 5840): Added shared lib libnativehelper.so 0x0
D/dalvikvm( 5840): No JNI_OnLoad found in libnativehelper.so 0x0, skipping init
D/dalvikvm( 5840): Note: class Landroid/app/ActivityManagerNative; has 179 unimplemented (abstract) methods
D/AndroidRuntime( 5840): Calling main entry com.android.commands.am.Am
D/AndroidRuntime( 5840): Shutting down VM
--------- beginning of /dev/log/system
W/ActivityManager(  568): Invalid packageName: com.careerbuilder.SugarDrone
D/dalvikvm( 5840): GC_CONCURRENT freed 93K, 15% free 553K/648K, paused 0ms+0ms, total 3ms
D/AndroidRuntime( 6424): 
D/AndroidRuntime( 6424): >>>>>> AndroidRuntime START com.android.internal.os.RuntimeInit <<<<<<
D/AndroidRuntime( 6424): CheckJNI is OFF
D/dalvikvm( 6424): Trying to load lib libjavacore.so 0x0
D/dalvikvm( 6424): Added shared lib libjavacore.so 0x0
D/dalvikvm( 6424): Trying to load lib libnativehelper.so 0x0
D/dalvikvm( 6424): Added shared lib libnativehelper.so 0x0
D/dalvikvm( 6424): No JNI_OnLoad found in libnativehelper.so 0x0, skipping init
D/dalvikvm( 6424): Note: class Landroid/app/ActivityManagerNative; has 179 unimplemented (abstract) methods
D/AndroidRuntime( 6424): Calling main entry com.android.commands.pm.Pm
W/ActivityManager(  568): No content provider found for permission revoke: file:///data/local/tmp/0000003465
W/ActivityManager(  568): No content provider found for permission revoke: file:///data/local/tmp/0000003465
I/PackageManager(  568): Copying native libraries to /data/app-lib/vmdl-1173406887
D/dalvikvm(  568): GC_FOR_ALLOC freed 1039K, 13% free 19846K/22608K, paused 61ms, total 61ms
D/dalvikvm(  568): GC_FOR_ALLOC freed 1013K, 10% free 20437K/22608K, paused 66ms, total 66ms
D/dalvikvm(  568): GC_CONCURRENT freed 2608K, 12% free 20688K/23340K, paused 3ms+6ms, total 76ms
D/dalvikvm(  568): WAIT_FOR_CONCURRENT_GC blocked 68ms
D/dalvikvm(  568): GC_FOR_ALLOC freed 2788K, 13% free 20703K/23652K, paused 73ms, total 73ms
D/dalvikvm(  568): GC_CONCURRENT freed 2820K, 13% free 20737K/23676K, paused 3ms+6ms, total 78ms
D/dalvikvm(  568): WAIT_FOR_CONCURRENT_GC blocked 72ms
I/PackageManager(  568): Running dexopt on: com.careerbuilder.SugarDrone
W/dalvikvm( 6496): method Landroid/support/v7/widget/ListViewCompat;.lookForSelectablePosition incorrectly overrides package-private method with same name in Landroid/widget/ListView;
D/dalvikvm( 6496): DexOpt: couldn't find static field Landroid/os/Build;.SUPPORTED_ABIS
D/dalvikvm( 6496): DexOpt: load 292ms, verify+opt 1805ms, 3733380 bytes
I/ActivityManager(  568): Force stopping com.careerbuilder.SugarDrone appid=18671 user=-1: update pkg
W/PackageManager(  568): Not granting permission android.permission.MANAGE_DOCUMENTS to package com.careerbuilder.SugarDrone (protectionLevel=2 flags=0x8be46)
W/PackageManager(  568): Not granting permission android.permission.MOUNT_UNMOUNT_FILESYSTEMS to package com.careerbuilder.SugarDrone (protectionLevel=18 flags=0x8be46)
I/InputReader(  568): Reconfiguring input devices.  changes=0x00000010
D/dalvikvm(  816): GC_CONCURRENT freed 449K, 5% free 9239K/9720K, paused 2ms+1ms, total 17ms
I/Icing.InternalIcingCorporaProvider( 1322): Updating corpora: A: com.careerbuilder.SugarDrone, C: MAYBE
I/ActivityManager(  568): Delay finish: com.google.android.gms/.chimera.GmsIntentOperationService$PersistentTrustedReceiver
I/ActivityManager(  568): Resuming delayed broadcast
D/BackupManagerService(  568): Received broadcast Intent { act=android.intent.action.PACKAGE_ADDED dat=package:com.careerbuilder.SugarDrone flg=0x4000010 (has extras) }
V/BackupManagerService(  568): addPackageParticipantsLocked: #1
D/dalvikvm(  920): GC_CONCURRENT freed 403K, 16% free 10589K/12596K, paused 2ms+2ms, total 28ms
D/dalvikvm(  568): GC_EXPLICIT freed 2877K, 13% free 20805K/23720K, paused 2ms+17ms, total 228ms
D/dalvikvm(  568): WAIT_FOR_CONCURRENT_GC blocked 66ms
D/AndroidRuntime( 6424): Shutting down VM
D/dalvikvm(  568): WAIT_FOR_CONCURRENT_GC blocked 64ms
D/dalvikvm(  568): WAIT_FOR_CONCURRENT_GC blocked 63ms
D/dalvikvm(  568): WAIT_FOR_CONCURRENT_GC blocked 72ms
D/dalvikvm( 6424): GC_CONCURRENT freed 95K, 15% free 561K/660K, paused 1ms+0ms, total 3ms
D/dalvikvm(  568): WAIT_FOR_CONCURRENT_GC blocked 78ms
D/dalvikvm(  568): WAIT_FOR_CONCURRENT_GC blocked 68ms
I/PeopleContactsSync(  886): triggerPendingContactsCleanup: no accounts
D/Wear_Controller(  886): Received broadcast action=android.intent.action.PACKAGE_ADDED and uri=com.careerbuilder.SugarDrone
W/IcingInternalCorpora(  886): getNumBytesRead when not calculated.
I/ActivityManager(  568): Delay finish: com.google.android.gms/.chimera.GmsIntentOperationService$PersistentInternalReceiver
I/Icing   (  886): Usage reports 0 indexed 0 rejected 0 imm upload true
D/dalvikvm(  886): GC_FOR_ALLOC freed 665K, 12% free 12342K/13988K, paused 33ms, total 36ms
W/SQLiteConnectionPool(  886): A SQLiteConnection object for database '/data/data/com.google.android.gms/databases/networkstatistics.sqlite' was leaked!  Please fix your application to end transactions in progress properly and to close the database when it is no longer needed.
I/Icing   (  886): Usage reports 0 indexed 0 rejected 0 imm upload false
I/Icing   (  886): Usage reports 0 indexed 0 rejected 0 imm upload false
I/Icing.InternalIcingCorporaProvider( 1322): UpdateCorporaTask done [took 416 ms] updated apps [took 416 ms] 
I/ActivityManager(  568): Resuming delayed broadcast
D/AndroidRuntime( 6592): 
D/AndroidRuntime( 6592): >>>>>> AndroidRuntime START com.android.internal.os.RuntimeInit <<<<<<
D/AndroidRuntime( 6592): CheckJNI is OFF
D/dalvikvm( 6592): Trying to load lib libjavacore.so 0x0
D/dalvikvm( 6592): Added shared lib libjavacore.so 0x0
D/dalvikvm( 6592): Trying to load lib libnativehelper.so 0x0
D/dalvikvm( 6592): Added shared lib libnativehelper.so 0x0
D/dalvikvm( 6592): No JNI_OnLoad found in libnativehelper.so 0x0, skipping init
D/dalvikvm( 6592): Note: class Landroid/app/ActivityManagerNative; has 179 unimplemented (abstract) methods
D/AndroidRuntime( 6592): Calling main entry com.android.commands.settings.SettingsCmd
D/AndroidRuntime( 6592): Shutting down VM
D/dalvikvm( 6592): GC_CONCURRENT freed 96K, 15% free 562K/660K, paused 0ms+1ms, total 3ms
I/Icing   (  886): Indexing 5DEEA38537210BEE0F2C135EA4D174C2C8299805 from com.google.android.googlequicksearchbox
D/dalvikvm( 1322): GC_CONCURRENT freed 554K, 7% free 9480K/10132K, paused 1ms+2ms, total 17ms
I/Icing   (  886): Indexing done 5DEEA38537210BEE0F2C135EA4D174C2C8299805
I/Icing   (  886): Indexing A71B48A243897ACCCBB490823C9E3D3488B33FED from com.google.android.gms
D/dalvikvm(  886): GC_CONCURRENT freed 777K, 10% free 12707K/13988K, paused 2ms+4ms, total 36ms
D/dalvikvm(  886): WAIT_FOR_CONCURRENT_GC blocked 13ms
I/Icing   (  886): Indexing done A71B48A243897ACCCBB490823C9E3D3488B33FED
D/AndroidRuntime( 6622): 
D/AndroidRuntime( 6622): >>>>>> AndroidRuntime START com.android.internal.os.RuntimeInit <<<<<<
D/AndroidRuntime( 6622): CheckJNI is OFF
D/dalvikvm( 6622): Trying to load lib libjavacore.so 0x0
D/dalvikvm( 6622): Added shared lib libjavacore.so 0x0
D/dalvikvm( 6622): Trying to load lib libnativehelper.so 0x0
D/dalvikvm( 6622): Added shared lib libnativehelper.so 0x0
D/dalvikvm( 6622): No JNI_OnLoad found in libnativehelper.so 0x0, skipping init
D/dalvikvm( 6622): Note: class Landroid/app/ActivityManagerNative; has 179 unimplemented (abstract) methods
D/AndroidRuntime( 6622): Calling main entry com.android.commands.settings.SettingsCmd
D/AndroidRuntime( 6622): Shutting down VM
D/dalvikvm( 6622): GC_CONCURRENT freed 96K, 15% free 562K/660K, paused 1ms+1ms, total 3ms
D/AndroidRuntime( 6650): 
D/AndroidRuntime( 6650): >>>>>> AndroidRuntime START com.android.internal.os.RuntimeInit <<<<<<
D/AndroidRuntime( 6650): CheckJNI is OFF
D/dalvikvm( 6650): Trying to load lib libjavacore.so 0x0
D/dalvikvm( 6650): Added shared lib libjavacore.so 0x0
D/dalvikvm( 6650): Trying to load lib libnativehelper.so 0x0
D/dalvikvm( 6650): Added shared lib libnativehelper.so 0x0
D/dalvikvm( 6650): No JNI_OnLoad found in libnativehelper.so 0x0, skipping init
D/dalvikvm( 6650): Note: class Landroid/app/ActivityManagerNative; has 179 unimplemented (abstract) methods
D/AndroidRuntime( 6650): Calling main entry com.android.commands.settings.SettingsCmd
D/AndroidRuntime( 6650): Shutting down VM
D/dalvikvm( 6650): GC_CONCURRENT freed 96K, 15% free 562K/660K, paused 0ms+0ms, total 2ms
D/AndroidRuntime( 6684): 
D/AndroidRuntime( 6684): >>>>>> AndroidRuntime START com.android.internal.os.RuntimeInit <<<<<<
D/AndroidRuntime( 6684): CheckJNI is OFF
D/dalvikvm( 6684): Trying to load lib libjavacore.so 0x0
D/dalvikvm( 6684): Added shared lib libjavacore.so 0x0
D/dalvikvm( 6684): Trying to load lib libnativehelper.so 0x0
D/dalvikvm( 6684): Added shared lib libnativehelper.so 0x0
D/dalvikvm( 6684): No JNI_OnLoad found in libnativehelper.so 0x0, skipping init
D/dalvikvm( 6684): Note: class Landroid/app/ActivityManagerNative; has 179 unimplemented (abstract) methods
D/AndroidRuntime( 6684): Calling main entry com.android.commands.settings.SettingsCmd
D/AndroidRuntime( 6684): Shutting down VM
D/dalvikvm( 6684): GC_CONCURRENT freed 96K, 15% free 562K/660K, paused 0ms+0ms, total 2ms
D/AndroidRuntime( 6711): 
D/AndroidRuntime( 6711): >>>>>> AndroidRuntime START com.android.internal.os.RuntimeInit <<<<<<
D/AndroidRuntime( 6711): CheckJNI is OFF
D/dalvikvm( 6711): Trying to load lib libjavacore.so 0x0
D/dalvikvm( 6711): Added shared lib libjavacore.so 0x0
D/dalvikvm( 6711): Trying to load lib libnativehelper.so 0x0
D/dalvikvm( 6711): Added shared lib libnativehelper.so 0x0
D/dalvikvm( 6711): No JNI_OnLoad found in libnativehelper.so 0x0, skipping init
D/dalvikvm( 6711): Note: class Landroid/app/ActivityManagerNative; has 179 unimplemented (abstract) methods
D/AndroidRuntime( 6711): Calling main entry com.android.commands.settings.SettingsCmd
D/AndroidRuntime( 6711): Shutting down VM
D/dalvikvm( 6711): GC_CONCURRENT freed 96K, 15% free 562K/660K, paused 1ms+0ms, total 3ms
D/AndroidRuntime( 6736): 
D/AndroidRuntime( 6736): >>>>>> AndroidRuntime START com.android.internal.os.RuntimeInit <<<<<<
D/AndroidRuntime( 6736): CheckJNI is OFF
D/dalvikvm( 6736): Trying to load lib libjavacore.so 0x0
D/dalvikvm( 6736): Added shared lib libjavacore.so 0x0
D/dalvikvm( 6736): Trying to load lib libnativehelper.so 0x0
D/dalvikvm( 6736): Added shared lib libnativehelper.so 0x0
D/dalvikvm( 6736): No JNI_OnLoad found in libnativehelper.so 0x0, skipping init
D/dalvikvm( 6736): Note: class Landroid/app/ActivityManagerNative; has 179 unimplemented (abstract) methods
D/AndroidRuntime( 6736): Calling main entry com.android.commands.settings.SettingsCmd
D/AndroidRuntime( 6736): Shutting down VM
D/dalvikvm( 6736): GC_CONCURRENT freed 96K, 15% free 562K/660K, paused 0ms+0ms, total 2ms
D/AndroidRuntime( 6768): 
D/AndroidRuntime( 6768): >>>>>> AndroidRuntime START com.android.internal.os.RuntimeInit <<<<<<
D/AndroidRuntime( 6768): CheckJNI is OFF
D/dalvikvm( 6768): Trying to load lib libjavacore.so 0x0
D/dalvikvm( 6768): Added shared lib libjavacore.so 0x0
D/dalvikvm( 6768): Trying to load lib libnativehelper.so 0x0
D/dalvikvm( 6768): Added shared lib libnativehelper.so 0x0
D/dalvikvm( 6768): No JNI_OnLoad found in libnativehelper.so 0x0, skipping init
D/dalvikvm( 6768): Note: class Landroid/app/ActivityManagerNative; has 179 unimplemented (abstract) methods
D/AndroidRuntime( 6768): Calling main entry com.android.commands.pm.Pm
D/AndroidRuntime( 6768): Shutting down VM
D/dalvikvm( 6768): GC_CONCURRENT freed 249K, 31% free 567K/820K, paused 0ms+1ms, total 2ms
D/dalvikvm(  568): GC_CONCURRENT freed 4211K, 18% free 19539K/23784K, paused 3ms+7ms, total 79ms
D/AndroidRuntime( 6848): 
D/AndroidRuntime( 6848): >>>>>> AndroidRuntime START com.android.internal.os.RuntimeInit <<<<<<
D/AndroidRuntime( 6848): CheckJNI is OFF
D/dalvikvm( 6848): Trying to load lib libjavacore.so 0x0
D/dalvikvm( 6848): Added shared lib libjavacore.so 0x0
D/dalvikvm( 6848): Trying to load lib libnativehelper.so 0x0
D/dalvikvm( 6848): Added shared lib libnativehelper.so 0x0
D/dalvikvm( 6848): No JNI_OnLoad found in libnativehelper.so 0x0, skipping init
D/dalvikvm( 6848): Note: class Landroid/app/ActivityManagerNative; has 179 unimplemented (abstract) methods
D/AndroidRuntime( 6848): Calling main entry com.android.commands.pm.Pm
D/AndroidRuntime( 6848): Shutting down VM
D/dalvikvm( 6848): GC_CONCURRENT freed 249K, 31% free 567K/820K, paused 0ms+0ms, total 3ms
D/AndroidRuntime( 6966): 
D/AndroidRuntime( 6966): >>>>>> AndroidRuntime START com.android.internal.os.RuntimeInit <<<<<<
D/AndroidRuntime( 6966): CheckJNI is OFF
D/dalvikvm( 6966): Trying to load lib libjavacore.so 0x0
D/dalvikvm( 6966): Added shared lib libjavacore.so 0x0
D/dalvikvm( 6966): Trying to load lib libnativehelper.so 0x0
D/dalvikvm( 6966): Added shared lib libnativehelper.so 0x0
D/dalvikvm( 6966): No JNI_OnLoad found in libnativehelper.so 0x0, skipping init
D/dalvikvm( 6966): Note: class Landroid/app/ActivityManagerNative; has 179 unimplemented (abstract) methods
D/AndroidRuntime( 6966): Calling main entry com.android.commands.am.Am
D/AndroidRuntime( 6966): Shutting down VM
W/ActivityManager(  568): Invalid packageName: com.careerbuilder.SugarDrone.test
D/dalvikvm( 6966): GC_CONCURRENT freed 93K, 15% free 553K/648K, paused 0ms+0ms, total 2ms
D/AndroidRuntime( 7004): 
D/AndroidRuntime( 7004): >>>>>> AndroidRuntime START com.android.internal.os.RuntimeInit <<<<<<
D/AndroidRuntime( 7004): CheckJNI is OFF
D/dalvikvm( 7004): Trying to load lib libjavacore.so 0x0
D/dalvikvm( 7004): Added shared lib libjavacore.so 0x0
D/dalvikvm( 7004): Trying to load lib libnativehelper.so 0x0
D/dalvikvm( 7004): Added shared lib libnativehelper.so 0x0
D/dalvikvm( 7004): No JNI_OnLoad found in libnativehelper.so 0x0, skipping init
D/dalvikvm( 7004): Note: class Landroid/app/ActivityManagerNative; has 179 unimplemented (abstract) methods
D/AndroidRuntime( 7004): Calling main entry com.android.commands.pm.Pm
W/ActivityManager(  568): No content provider found for permission revoke: file:///data/local/tmp/0000003468
W/ActivityManager(  568): No content provider found for permission revoke: file:///data/local/tmp/0000003468
I/PackageManager(  568): Copying native libraries to /data/app-lib/vmdl1857565517
I/PackageManager(  568): Running dexopt on: com.careerbuilder.SugarDrone.test
D/dalvikvm( 7032): DexOpt: load 66ms, verify+opt 534ms, 1565836 bytes
I/ActivityManager(  568): Force stopping com.careerbuilder.SugarDrone.test appid=18672 user=-1: update pkg
I/InputReader(  568): Reconfiguring input devices.  changes=0x00000010
D/BackupManagerService(  568): Received broadcast Intent { act=android.intent.action.PACKAGE_ADDED dat=package:com.careerbuilder.SugarDrone.test flg=0x4000010 (has extras) }
I/Icing.InternalIcingCorporaProvider( 1322): Updating corpora: A: com.careerbuilder.SugarDrone.test, C: MAYBE
V/BackupManagerService(  568): addPackageParticipantsLocked: #1
D/dalvikvm( 1287): GC_CONCURRENT freed 404K, 5% free 9570K/10012K, paused 13ms+1ms, total 33ms
I/Icing.InternalIcingCorporaProvider( 1322): UpdateCorporaTask done [took 80 ms] updated apps [took 80 ms] 
I/ActivityManager(  568): Delay finish: com.google.android.gms/.gcm.GcmPackageTracker$GcmPackageChangeReceiver
I/ActivityManager(  568): Resuming delayed broadcast
D/Wear_Controller(  886): Received broadcast action=android.intent.action.PACKAGE_ADDED and uri=com.careerbuilder.SugarDrone.test
I/PeopleContactsSync(  886): triggerPendingContactsCleanup: no accounts
D/dalvikvm(  568): GC_EXPLICIT freed 1124K, 18% free 19613K/23784K, paused 29ms+15ms, total 237ms
D/AndroidRuntime( 7004): Shutting down VM
D/dalvikvm( 7004): GC_CONCURRENT freed 95K, 15% free 561K/660K, paused 0ms+1ms, total 2ms
D/dalvikvm(  886): GC_CONCURRENT freed 1589K, 13% free 12352K/14052K, paused 13ms+27ms, total 84ms
W/IcingInternalCorpora(  886): getNumBytesRead when not calculated.
I/Icing   (  886): Usage reports 0 indexed 0 rejected 0 imm upload false
I/Icing   (  886): Usage reports 0 indexed 0 rejected 0 imm upload false
D/Finsky  ( 1287): [1] 5.onFinished: Installation state replication succeeded.
D/AndroidRuntime( 7089): 
D/AndroidRuntime( 7089): >>>>>> AndroidRuntime START com.android.internal.os.RuntimeInit <<<<<<
D/AndroidRuntime( 7089): CheckJNI is OFF
D/dalvikvm( 7089): Trying to load lib libjavacore.so 0x0
D/dalvikvm( 7089): Added shared lib libjavacore.so 0x0
D/dalvikvm( 7089): Trying to load lib libnativehelper.so 0x0
D/dalvikvm( 7089): Added shared lib libnativehelper.so 0x0
D/dalvikvm( 7089): No JNI_OnLoad found in libnativehelper.so 0x0, skipping init
D/dalvikvm( 7089): Note: class Landroid/app/ActivityManagerNative; has 179 unimplemented (abstract) methods
D/AndroidRuntime( 7089): Calling main entry com.android.commands.settings.SettingsCmd
D/AndroidRuntime( 7089): Shutting down VM
D/dalvikvm( 7089): GC_CONCURRENT freed 96K, 16% free 562K/664K, paused 0ms+0ms, total 2ms
I/Icing   (  886): Indexing A71B48A243897ACCCBB490823C9E3D3488B33FED from com.google.android.gms
I/Icing   (  886): Indexing done A71B48A243897ACCCBB490823C9E3D3488B33FED
D/dalvikvm(  886): GC_CONCURRENT freed 770K, 10% free 12655K/14052K, paused 11ms+4ms, total 66ms
D/AndroidRuntime( 7123): 
D/AndroidRuntime( 7123): >>>>>> AndroidRuntime START com.android.internal.os.RuntimeInit <<<<<<
D/AndroidRuntime( 7123): CheckJNI is OFF
D/dalvikvm( 7123): Trying to load lib libjavacore.so 0x0
D/dalvikvm( 7123): Added shared lib libjavacore.so 0x0
D/dalvikvm( 7123): Trying to load lib libnativehelper.so 0x0
D/dalvikvm( 7123): Added shared lib libnativehelper.so 0x0
D/dalvikvm( 7123): No JNI_OnLoad found in libnativehelper.so 0x0, skipping init
D/dalvikvm( 7123): Note: class Landroid/app/ActivityManagerNative; has 179 unimplemented (abstract) methods
D/AndroidRuntime( 7123): Calling main entry com.android.commands.settings.SettingsCmd
D/AndroidRuntime( 7123): Shutting down VM
D/dalvikvm( 7123): GC_CONCURRENT freed 96K, 15% free 562K/660K, paused 0ms+0ms, total 2ms
D/AndroidRuntime( 7156): 
D/AndroidRuntime( 7156): >>>>>> AndroidRuntime START com.android.internal.os.RuntimeInit <<<<<<
D/AndroidRuntime( 7156): CheckJNI is OFF
D/dalvikvm( 7156): Trying to load lib libjavacore.so 0x0
D/dalvikvm( 7156): Added shared lib libjavacore.so 0x0
D/dalvikvm( 7156): Trying to load lib libnativehelper.so 0x0
D/dalvikvm( 7156): Added shared lib libnativehelper.so 0x0
D/dalvikvm( 7156): No JNI_OnLoad found in libnativehelper.so 0x0, skipping init
D/dalvikvm( 7156): Note: class Landroid/app/ActivityManagerNative; has 179 unimplemented (abstract) methods
D/AndroidRuntime( 7156): Calling main entry com.android.commands.settings.SettingsCmd
D/AndroidRuntime( 7156): Shutting down VM
D/dalvikvm( 7156): GC_CONCURRENT freed 96K, 16% free 562K/664K, paused 0ms+0ms, total 2ms
D/AndroidRuntime( 7190): 
D/AndroidRuntime( 7190): >>>>>> AndroidRuntime START com.android.internal.os.RuntimeInit <<<<<<
D/AndroidRuntime( 7190): CheckJNI is OFF
D/dalvikvm( 7190): Trying to load lib libjavacore.so 0x0
D/dalvikvm( 7190): Added shared lib libjavacore.so 0x0
D/dalvikvm( 7190): Trying to load lib libnativehelper.so 0x0
D/dalvikvm( 7190): Added shared lib libnativehelper.so 0x0
D/dalvikvm( 7190): No JNI_OnLoad found in libnativehelper.so 0x0, skipping init
D/dalvikvm( 7190): Note: class Landroid/app/ActivityManagerNative; has 179 unimplemented (abstract) methods
D/AndroidRuntime( 7190): Calling main entry com.android.commands.settings.SettingsCmd
D/AndroidRuntime( 7190): Shutting down VM
D/dalvikvm( 7190): GC_CONCURRENT freed 96K, 15% free 562K/660K, paused 0ms+1ms, total 2ms
D/AndroidRuntime( 7224): 
D/AndroidRuntime( 7224): >>>>>> AndroidRuntime START com.android.internal.os.RuntimeInit <<<<<<
D/AndroidRuntime( 7224): CheckJNI is OFF
D/dalvikvm( 7224): Trying to load lib libjavacore.so 0x0
D/dalvikvm( 7224): Added shared lib libjavacore.so 0x0
D/dalvikvm( 7224): Trying to load lib libnativehelper.so 0x0
D/dalvikvm( 7224): Added shared lib libnativehelper.so 0x0
D/dalvikvm( 7224): No JNI_OnLoad found in libnativehelper.so 0x0, skipping init
D/dalvikvm( 7224): Note: class Landroid/app/ActivityManagerNative; has 179 unimplemented (abstract) methods
D/AndroidRuntime( 7224): Calling main entry com.android.commands.settings.SettingsCmd
D/AndroidRuntime( 7224): Shutting down VM
D/dalvikvm( 7224): GC_CONCURRENT freed 96K, 15% free 562K/660K, paused 0ms+0ms, total 2ms
D/AndroidRuntime( 7266): 
D/AndroidRuntime( 7266): >>>>>> AndroidRuntime START com.android.internal.os.RuntimeInit <<<<<<
D/AndroidRuntime( 7266): CheckJNI is OFF
D/dalvikvm( 7266): Trying to load lib libjavacore.so 0x0
D/dalvikvm( 7266): Added shared lib libjavacore.so 0x0
D/dalvikvm( 7266): Trying to load lib libnativehelper.so 0x0
D/dalvikvm( 7266): Added shared lib libnativehelper.so 0x0
D/dalvikvm( 7266): No JNI_OnLoad found in libnativehelper.so 0x0, skipping init
D/dalvikvm( 7266): Note: class Landroid/app/ActivityManagerNative; has 179 unimplemented (abstract) methods
D/AndroidRuntime( 7266): Calling main entry com.android.commands.settings.SettingsCmd
D/AndroidRuntime( 7266): Shutting down VM
D/dalvikvm( 7266): GC_CONCURRENT freed 96K, 15% free 562K/660K, paused 0ms+0ms, total 2ms
D/AndroidRuntime( 7299): 
D/AndroidRuntime( 7299): >>>>>> AndroidRuntime START com.android.internal.os.RuntimeInit <<<<<<
D/AndroidRuntime( 7299): CheckJNI is OFF
D/dalvikvm( 7299): Trying to load lib libjavacore.so 0x0
D/dalvikvm( 7299): Added shared lib libjavacore.so 0x0
D/dalvikvm( 7299): Trying to load lib libnativehelper.so 0x0
D/dalvikvm( 7299): Added shared lib libnativehelper.so 0x0
D/dalvikvm( 7299): No JNI_OnLoad found in libnativehelper.so 0x0, skipping init
D/dalvikvm( 7299): Note: class Landroid/app/ActivityManagerNative; has 179 unimplemented (abstract) methods
D/AndroidRuntime( 7299): Calling main entry com.android.commands.pm.Pm
D/AndroidRuntime( 7299): Shutting down VM
D/dalvikvm( 7299): GC_CONCURRENT freed 251K, 31% free 567K/820K, paused 1ms+0ms, total 3ms
D/dalvikvm(  568): GC_CONCURRENT freed 2657K, 18% free 19554K/23784K, paused 4ms+5ms, total 76ms
D/AndroidRuntime( 7391): 
D/AndroidRuntime( 7391): >>>>>> AndroidRuntime START com.android.internal.os.RuntimeInit <<<<<<
D/AndroidRuntime( 7391): CheckJNI is OFF
D/dalvikvm( 7391): Trying to load lib libjavacore.so 0x0
D/dalvikvm( 7391): Added shared lib libjavacore.so 0x0
D/dalvikvm( 7391): Trying to load lib libnativehelper.so 0x0
D/dalvikvm( 7391): Added shared lib libnativehelper.so 0x0
D/dalvikvm( 7391): No JNI_OnLoad found in libnativehelper.so 0x0, skipping init
D/dalvikvm( 7391): Note: class Landroid/app/ActivityManagerNative; has 179 unimplemented (abstract) methods
D/AndroidRuntime( 7391): Calling main entry com.android.commands.pm.Pm
D/AndroidRuntime( 7391): Shutting down VM
D/dalvikvm( 7391): GC_CONCURRENT freed 251K, 31% free 567K/820K, paused 0ms+0ms, total 3ms
D/AndroidRuntime( 7502): 
D/AndroidRuntime( 7502): >>>>>> AndroidRuntime START com.android.internal.os.RuntimeInit <<<<<<
D/AndroidRuntime( 7502): CheckJNI is OFF
D/dalvikvm( 7502): Trying to load lib libjavacore.so 0x0
D/dalvikvm( 7502): Added shared lib libjavacore.so 0x0
D/dalvikvm( 7502): Trying to load lib libnativehelper.so 0x0
D/dalvikvm( 7502): Added shared lib libnativehelper.so 0x0
D/dalvikvm( 7502): No JNI_OnLoad found in libnativehelper.so 0x0, skipping init
D/dalvikvm( 7502): Note: class Landroid/app/ActivityManagerNative; has 179 unimplemented (abstract) methods
D/AndroidRuntime( 7502): Calling main entry com.android.commands.input.Input
I/Input   ( 7502): injectKeyEvent: KeyEvent { action=ACTION_DOWN, keyCode=KEYCODE_BACK, scanCode=0, metaState=0, flags=0x0, repeatCount=0, eventTime=302462, downTime=302462, deviceId=-1, source=0x101 }
I/Input   ( 7502): injectKeyEvent: KeyEvent { action=ACTION_UP, keyCode=KEYCODE_BACK, scanCode=0, metaState=0, flags=0x0, repeatCount=0, eventTime=302462, downTime=302462, deviceId=-1, source=0x101 }
D/AndroidRuntime( 7502): Shutting down VM
D/dalvikvm( 7502): GC_CONCURRENT freed 98K, 16% free 563K/664K, paused 0ms+0ms, total 2ms
D/dalvikvm( 1287): GC_CONCURRENT freed 426K, 5% free 9573K/10036K, paused 2ms+2ms, total 16ms
D/AndroidRuntime( 7565): 
D/AndroidRuntime( 7565): >>>>>> AndroidRuntime START com.android.internal.os.RuntimeInit <<<<<<
D/AndroidRuntime( 7565): CheckJNI is OFF
D/dalvikvm( 7565): Trying to load lib libjavacore.so 0x0
D/dalvikvm( 7565): Added shared lib libjavacore.so 0x0
D/dalvikvm( 7565): Trying to load lib libnativehelper.so 0x0
D/dalvikvm( 7565): Added shared lib libnativehelper.so 0x0
D/dalvikvm( 7565): No JNI_OnLoad found in libnativehelper.so 0x0, skipping init
D/Finsky  ( 1287): [1] 5.onFinished: Installation state replication succeeded.
D/dalvikvm( 7565): Note: class Landroid/app/ActivityManagerNative; has 179 unimplemented (abstract) methods
D/AndroidRuntime( 7565): Calling main entry com.android.commands.input.Input
I/Input   ( 7565): injectKeyEvent: KeyEvent { action=ACTION_DOWN, keyCode=KEYCODE_HOME, scanCode=0, metaState=0, flags=0x0, repeatCount=0, eventTime=304211, downTime=304211, deviceId=-1, source=0x101 }
I/Input   ( 7565): injectKeyEvent: KeyEvent { action=ACTION_UP, keyCode=KEYCODE_HOME, scanCode=0, metaState=0, flags=0x0, repeatCount=0, eventTime=304211, downTime=304211, deviceId=-1, source=0x101 }
D/AndroidRuntime( 7565): Shutting down VM
D/dalvikvm( 7565): GC_CONCURRENT freed 98K, 16% free 563K/664K, paused 0ms+0ms, total 2ms
I/ActivityManager(  568): START u0 {act=android.intent.action.MAIN cat=[android.intent.category.HOME] flg=0x10200000 cmp=com.android.launcher/com.android.launcher2.Launcher} from pid 568
D/AndroidRuntime( 7604): 
D/AndroidRuntime( 7604): >>>>>> AndroidRuntime START com.android.internal.os.RuntimeInit <<<<<<
D/AndroidRuntime( 7604): CheckJNI is OFF
D/dalvikvm( 7604): Trying to load lib libjavacore.so 0x0
D/dalvikvm( 7604): Added shared lib libjavacore.so 0x0
D/dalvikvm( 7604): Trying to load lib libnativehelper.so 0x0
D/dalvikvm( 7604): Added shared lib libnativehelper.so 0x0
D/dalvikvm( 7604): No JNI_OnLoad found in libnativehelper.so 0x0, skipping init
D/dalvikvm( 7604): Note: class Landroid/app/ActivityManagerNative; has 179 unimplemented (abstract) methods
D/AndroidRuntime( 7604): Calling main entry com.android.commands.input.Input
I/Input   ( 7604): injectKeyEvent: KeyEvent { action=ACTION_DOWN, keyCode=KEYCODE_BACK, scanCode=0, metaState=0, flags=0x0, repeatCount=0, eventTime=305529, downTime=305529, deviceId=-1, source=0x101 }
I/Input   ( 7604): injectKeyEvent: KeyEvent { action=ACTION_UP, keyCode=KEYCODE_BACK, scanCode=0, metaState=0, flags=0x0, repeatCount=0, eventTime=305529, downTime=305529, deviceId=-1, source=0x101 }
D/AndroidRuntime( 7604): Shutting down VM
D/dalvikvm( 7604): GC_CONCURRENT freed 98K, 16% free 563K/664K, paused 0ms+0ms, total 3ms
D/AndroidRuntime( 7664): 
D/AndroidRuntime( 7664): >>>>>> AndroidRuntime START com.android.internal.os.RuntimeInit <<<<<<
D/AndroidRuntime( 7664): CheckJNI is OFF
D/dalvikvm( 7664): Trying to load lib libjavacore.so 0x0
D/dalvikvm( 7664): Added shared lib libjavacore.so 0x0
D/dalvikvm( 7664): Trying to load lib libnativehelper.so 0x0
D/dalvikvm( 7664): Added shared lib libnativehelper.so 0x0
D/dalvikvm( 7664): No JNI_OnLoad found in libnativehelper.so 0x0, skipping init
D/dalvikvm( 7664): Note: class Landroid/app/ActivityManagerNative; has 179 unimplemented (abstract) methods
D/AndroidRuntime( 7664): Calling main entry com.android.commands.am.Am
I/ActivityManager(  568): Force stopping com.careerbuilder.SugarDrone appid=18671 user=0: start instr
D/dalvikvm( 7686): Late-enabling CheckJNI
I/ActivityManager(  568): Start proc com.careerbuilder.SugarDrone for added application com.careerbuilder.SugarDrone: pid=7686 uid=18671 gids={58671, 3003, 1028, 1015}
I/dalvikvm( 7686): Could not find method android.app.Instrumentation.execStartActivity, referenced from method sh.calaba.exposed.InstrumentationExposed.execStartActivity
W/dalvikvm( 7686): VFY: unable to resolve virtual method 38: Landroid/app/Instrumentation;.execStartActivity (Landroid/content/Context;Landroid/os/IBinder;Landroid/os/IBinder;Landroid/app/Activity;Landroid/content/Intent;I)Landroid/app/Instrumentation$ActivityResult;
D/dalvikvm( 7686): VFY: replacing opcode 0x75 at 0x0000
I/dalvikvm( 7686): Could not find method android.app.Instrumentation.execStartActivity, referenced from method sh.calaba.exposed.InstrumentationExposed.execStartActivity
W/dalvikvm( 7686): VFY: unable to resolve virtual method 41: Landroid/app/Instrumentation;.execStartActivity (Landroid/content/Context;Landroid/os/IBinder;Landroid/os/IBinder;Landroid/app/Fragment;Landroid/content/Intent;I)Landroid/app/Instrumentation$ActivityResult;
D/dalvikvm( 7686): VFY: replacing opcode 0x75 at 0x0000
I/dalvikvm( 7686): Could not find method android.app.Instrumentation.execStartActivityAsCaller, referenced from method sh.calaba.exposed.InstrumentationExposed.execStartActivityAsCaller
W/dalvikvm( 7686): VFY: unable to resolve virtual method 43: Landroid/app/Instrumentation;.execStartActivityAsCaller (Landroid/content/Context;Landroid/os/IBinder;Landroid/os/IBinder;Landroid/app/Activity;Landroid/content/Intent;ILandroid/os/Bundle;I)Landroid/app/Instrumentation$ActivityResult;
D/dalvikvm( 7686): VFY: replacing opcode 0x75 at 0x0000
D/dalvikvm( 7686): Trying to load lib /data/app-lib/com.careerbuilder.SugarDrone-1/libmonodroid.so 0x41ea1c20
D/dalvikvm( 7686): Added shared lib /data/app-lib/com.careerbuilder.SugarDrone-1/libmonodroid.so 0x41ea1c20
W/monodroid( 7686): Using override path: /data/data/com.careerbuilder.SugarDrone/files/.__override__
W/monodroid( 7686): Trying to load sgen from: /data/data/com.careerbuilder.SugarDrone/files/.__override__/libmonosgen-2.0.so
W/monodroid( 7686): Trying to load sgen from: /storage/emulated/0/Android/data/com.careerbuilder.SugarDrone/files/.__override__/libmonosgen-2.0.so
W/monodroid( 7686): Trying to load sgen from: /data/app-lib/com.careerbuilder.SugarDrone-1/libmonosgen-2.0.so
D/Mono    ( 7686): Image addref mscorlib[0x758900c8] -> mscorlib.dll[0x7588f410]: 2
D/Mono    ( 7686): Prepared to set up assembly 'mscorlib' (mscorlib.dll)
D/Mono    ( 7686): AOT module 'mscorlib.dll.so' not found: dlopen failed: library "/data/app-lib/com.careerbuilder.SugarDrone-1/libaot-mscorlib.dll.so" not found
D/Mono    ( 7686): AOT module '/Users/builder/data/lanes/4009/3a62f1ea/source/monodroid/builds/install/mono-armv6/lib/mono/aot-cache/arm/mscorlib.dll.so' not found: dlopen failed: library "/data/app-lib/com.careerbuilder.SugarDrone-1/libaot-mscorlib.dll.so" not found
D/Mono    ( 7686): Config attempting to parse: 'mscorlib.dll.config'.
D/Mono    ( 7686): Config attempting to parse: '/Users/builder/data/lanes/4009/3a62f1ea/source/monodroid/builds/install/mono-armv6/etc/mono/assemblies/mscorlib/mscorlib.config'.
D/Mono    ( 7686): Assembly mscorlib[0x758900c8] added to domain RootDomain, ref_count=1
D/Mono    ( 7686): Image addref CareerBuilder_Search.Droid[0x7a3da0f0] -> CareerBuilder_Search.Droid.dll[0x7a3d9460]: 2
D/Mono    ( 7686): Prepared to set up assembly 'CareerBuilder_Search.Droid' (CareerBuilder_Search.Droid.dll)
D/Mono    ( 7686): Assembly CareerBuilder_Search.Droid[0x7a3da0f0] added to domain RootDomain, ref_count=1
D/Mono    ( 7686): AOT module 'CareerBuilder_Search.Droid.dll.so' not found: dlopen failed: library "/data/app-lib/com.careerbuilder.SugarDrone-1/libaot-CareerBuilder_Search.Droid.dll.so" not found
D/Mono    ( 7686): AOT module '/Users/builder/data/lanes/4009/3a62f1ea/source/monodroid/builds/install/mono-armv6/lib/mono/aot-cache/arm/CareerBuilder_Search.Droid.dll.so' not found: dlopen failed: library "/data/app-lib/com.careerbuilder.SugarDrone-1/libaot-CareerBuilder_Search.Droid.dll.so" not found
D/Mono    ( 7686): Config attempting to parse: 'CareerBuilder_Search.Droid.dll.config'.
D/Mono    ( 7686): Config attempting to parse: '/Users/builder/data/lanes/4009/3a62f1ea/source/monodroid/builds/install/mono-armv6/etc/mono/assemblies/CareerBuilder_Search.Droid/CareerBuilder_Search.Droid.config'.
D/Mono    ( 7686): Image addref AppsFlyerXamarinBindingAndroid[0x7a3daf48] -> AppsFlyerXamarinBindingAndroid.dll[0x7a3da2e8]: 2
D/Mono    ( 7686): Prepared to set up assembly 'AppsFlyerXamarinBindingAndroid' (AppsFlyerXamarinBindingAndroid.dll)
D/Mono    ( 7686): Assembly AppsFlyerXamarinBindingAndroid[0x7a3daf48] added to domain RootDomain, ref_count=1
D/Mono    ( 7686): AOT module 'AppsFlyerXamarinBindingAndroid.dll.so' not found: dlopen failed: library "/data/app-lib/com.careerbuilder.SugarDrone-1/libaot-AppsFlyerXamarinBindingAndroid.dll.so" not found
D/Mono    ( 7686): AOT module '/Users/builder/data/lanes/4009/3a62f1ea/source/monodroid/builds/install/mono-armv6/lib/mono/aot-cache/arm/AppsFlyerXamarinBindingAndroid.dll.so' not found: dlopen failed: library "/data/app-lib/com.careerbuilder.SugarDrone-1/libaot-AppsFlyerXamarinBindingAndroid.dll.so" not found
D/Mono    ( 7686): Config attempting to parse: 'AppsFlyerXamarinBindingAndroid.dll.config'.
D/Mono    ( 7686): Config attempting to parse: '/Users/builder/data/lanes/4009/3a62f1ea/source/monodroid/builds/install/mono-armv6/etc/mono/assemblies/AppsFlyerXamarinBindingAndroid/AppsFlyerXamarinBindingAndroid.config'.
D/Mono    ( 7686): Image addref HockeySDK[0x7a3f2c98] -> HockeySDK.dll[0x7a3f2078]: 2
D/Mono    ( 7686): Prepared to set up assembly 'HockeySDK' (HockeySDK.dll)
D/Mono    ( 7686): Assembly HockeySDK[0x7a3f2c98] added to domain RootDomain, ref_count=1
D/Mono    ( 7686): AOT module 'HockeySDK.dll.so' not found: dlopen failed: library "/data/app-lib/com.careerbuilder.SugarDrone-1/libaot-HockeySDK.dll.so" not found
D/Mono    ( 7686): AOT module '/Users/builder/data/lanes/4009/3a62f1ea/source/monodroid/builds/install/mono-armv6/lib/mono/aot-cache/arm/HockeySDK.dll.so' not found: dlopen failed: library "/data/app-lib/com.careerbuilder.SugarDrone-1/libaot-HockeySDK.dll.so" not found
D/Mono    ( 7686): Config attempting to parse: 'HockeySDK.dll.config'.
D/Mono    ( 7686): Config attempting to parse: '/Users/builder/data/lanes/4009/3a62f1ea/source/monodroid/builds/install/mono-armv6/etc/mono/assemblies/HockeySDK/HockeySDK.config'.
D/Mono    ( 7686): Image addref Akavache[0x7a3f3a10] -> Akavache.dll[0x7a3f2d80]: 2
D/Mono    ( 7686): Prepared to set up assembly 'Akavache' (Akavache.dll)
D/Mono    ( 7686): Assembly Akavache[0x7a3f3a10] added to domain RootDomain, ref_count=1
D/Mono    ( 7686): AOT module 'Akavache.dll.so' not found: dlopen failed: library "/data/app-lib/com.careerbuilder.SugarDrone-1/libaot-Akavache.dll.so" not found
D/Mono    ( 7686): AOT module '/Users/builder/data/lanes/4009/3a62f1ea/source/monodroid/builds/install/mono-armv6/lib/mono/aot-cache/arm/Akavache.dll.so' not found: dlopen failed: library "/data/app-lib/com.careerbuilder.SugarDrone-1/libaot-Akavache.dll.so" not found
D/Mono    ( 7686): Config attempting to parse: 'Akavache.dll.config'.
D/Mono    ( 7686): Config attempting to parse: '/Users/builder/data/lanes/4009/3a62f1ea/source/monodroid/builds/install/mono-armv6/etc/mono/assemblies/Akavache/Akavache.config'.
D/Mono    ( 7686): Image addref Akavache.Sqlite3[0x7a3f4780] -> Akavache.Sqlite3.dll[0x7a3f3b30]: 2
D/Mono    ( 7686): Prepared to set up assembly 'Akavache.Sqlite3' (Akavache.Sqlite3.dll)
D/Mono    ( 7686): Assembly Akavache.Sqlite3[0x7a3f4780] added to domain RootDomain, ref_count=1
D/Mono    ( 7686): AOT module 'Akavache.Sqlite3.dll.so' not found: dlopen failed: library "/data/app-lib/com.careerbuilder.SugarDrone-1/libaot-Akavache.Sqlite3.dll.so" not found
D/Mono    ( 7686): AOT module '/Users/builder/data/lanes/4009/3a62f1ea/source/monodroid/builds/install/mono-armv6/lib/mono/aot-cache/arm/Akavache.Sqlite3.dll.so' not found: dlopen failed: library "/data/app-lib/com.careerbuilder.SugarDrone-1/libaot-Akavache.Sqlite3.dll.so" not found
W/        ( 7686): Symbol file LoadedFromMemory doesn't match image Akavache.Sqlite3.dll
D/Mono    ( 7686): Config attempting to parse: 'Akavache.Sqlite3.dll.config'.
D/Mono    ( 7686): Config attempting to parse: '/Users/builder/data/lanes/4009/3a62f1ea/source/monodroid/builds/install/mono-armv6/etc/mono/assemblies/Akavache.Sqlite3/Akavache.Sqlite3.config'.
D/Mono    ( 7686): Image addref Splat[0x7a3f54b0] -> Splat.dll[0x7a3f4870]: 2
D/Mono    ( 7686): Prepared to set up assembly 'Splat' (Splat.dll)
D/Mono    ( 7686): Assembly Splat[0x7a3f54b0] added to domain RootDomain, ref_count=1
D/Mono    ( 7686): AOT module 'Splat.dll.so' not found: dlopen failed: library "/data/app-lib/com.careerbuilder.SugarDrone-1/libaot-Splat.dll.so" not found
D/Mono    ( 7686): AOT module '/Users/builder/data/lanes/4009/3a62f1ea/source/monodroid/builds/install/mono-armv6/lib/mono/aot-cache/arm/Splat.dll.so' not found: dlopen failed: library "/data/app-lib/com.careerbuilder.SugarDrone-1/libaot-Splat.dll.so" not found
D/Mono    ( 7686): Config attempting to parse: 'Splat.dll.config'.
D/Mono    ( 7686): Config attempting to parse: '/Users/builder/data/lanes/4009/3a62f1ea/source/monodroid/builds/install/mono-armv6/etc/mono/assemblies/Splat/Splat.config'.
D/Mono    ( 7686): Image addref Microsoft.Practices.ServiceLocation[0x7a3f92c8] -> Microsoft.Practices.ServiceLocation.dll[0x7a3f8688]: 2
D/Mono    ( 7686): Prepared to set up assembly 'Microsoft.Practices.ServiceLocation' (Microsoft.Practices.ServiceLocation.dll)
D/Mono    ( 7686): Assembly Microsoft.Practices.ServiceLocation[0x7a3f92c8] added to domain RootDomain, ref_count=1
D/Mono    ( 7686): AOT module 'Microsoft.Practices.ServiceLocation.dll.so' not found: dlopen failed: library "/data/app-lib/com.careerbuilder.SugarDrone-1/libaot-Microsoft.Practices.ServiceLocation.dll.so" not found
D/Mono    ( 7686): AOT module '/Users/builder/data/lanes/4009/3a62f1ea/source/monodroid/builds/install/mono-armv6/lib/mono/aot-cache/arm/Microsoft.Practices.ServiceLocation.dll.so' not found: dlopen failed: library "/data/app-lib/com.careerbuilder.SugarDrone-1/libaot-Microsoft.Practices.ServiceLocation.dll.so" not found
D/Mono    ( 7686): Config attempting to parse: 'Microsoft.Practices.ServiceLocation.dll.config'.
D/Mono    ( 7686): Config attempting to parse: '/Users/builder/data/lanes/4009/3a62f1ea/source/monodroid/builds/install/mono-armv6/etc/mono/assemblies/Microsoft.Practices.ServiceLocation/Microsoft.Practices.ServiceLocation.config'.
D/Mono    ( 7686): Image addref Microsoft.Practices.Unity[0x7a3fa8b0] -> Microsoft.Practices.Unity.dll[0x7a3f9c40]: 2
D/Mono    ( 7686): Prepared to set up assembly 'Microsoft.Practices.Unity' (Microsoft.Practices.Unity.dll)
D/Mono    ( 7686): Assembly Microsoft.Practices.Unity[0x7a3fa8b0] added to domain RootDomain, ref_count=1
D/Mono    ( 7686): AOT module 'Microsoft.Practices.Unity.dll.so' not found: dlopen failed: library "/data/app-lib/com.careerbuilder.SugarDrone-1/libaot-Microsoft.Practices.Unity.dll.so" not found
D/Mono    ( 7686): AOT module '/Users/builder/data/lanes/4009/3a62f1ea/source/monodroid/builds/install/mono-armv6/lib/mono/aot-cache/arm/Microsoft.Practices.Unity.dll.so' not found: dlopen failed: library "/data/app-lib/com.careerbuilder.SugarDrone-1/libaot-Microsoft.Practices.Unity.dll.so" not found
D/Mono    ( 7686): Config attempting to parse: 'Microsoft.Practices.Unity.dll.config'.
D/Mono    ( 7686): Config attempting to parse: '/Users/builder/data/lanes/4009/3a62f1ea/source/monodroid/builds/install/mono-armv6/etc/mono/assemblies/Microsoft.Practices.Unity/Microsoft.Practices.Unity.config'.
D/Mono    ( 7686): Image addref Plugin.CurrentActivity[0x7a3fb600] -> Plugin.CurrentActivity.dll[0x7a3fa9d0]: 2
D/Mono    ( 7686): Prepared to set up assembly 'Plugin.CurrentActivity' (Plugin.CurrentActivity.dll)
D/Mono    ( 7686): Assembly Plugin.CurrentActivity[0x7a3fb600] added to domain RootDomain, ref_count=1
D/Mono    ( 7686): AOT module 'Plugin.CurrentActivity.dll.so' not found: dlopen failed: library "/data/app-lib/com.careerbuilder.SugarDrone-1/libaot-Plugin.CurrentActivity.dll.so" not found
D/Mono    ( 7686): AOT module '/Users/builder/data/lanes/4009/3a62f1ea/source/monodroid/builds/install/mono-armv6/lib/mono/aot-cache/arm/Plugin.CurrentActivity.dll.so' not found: dlopen failed: library "/data/app-lib/com.careerbuilder.SugarDrone-1/libaot-Plugin.CurrentActivity.dll.so" not found
D/Mono    ( 7686): Config attempting to parse: 'Plugin.CurrentActivity.dll.config'.
D/Mono    ( 7686): Config attempting to parse: '/Users/builder/data/lanes/4009/3a62f1ea/source/monodroid/builds/install/mono-armv6/etc/mono/assemblies/Plugin.CurrentActivity/Plugin.CurrentActivity.config'.
D/Mono    ( 7686): Image addref Plugin.Permissions[0x7a3fc350] -> Plugin.Permissions.dll[0x7a3fb730]: 2
D/Mono    ( 7686): Prepared to set up assembly 'Plugin.Permissions' (Plugin.Permissions.dll)
D/Mono    ( 7686): Assembly Plugin.Permissions[0x7a3fc350] added to domain RootDomain, ref_count=1
D/Mono    ( 7686): AOT module 'Plugin.Permissions.dll.so' not found: dlopen failed: library "/data/app-lib/com.careerbuilder.SugarDrone-1/libaot-Plugin.Permissions.dll.so" not found
D/Mono    ( 7686): AOT module '/Users/builder/data/lanes/4009/3a62f1ea/source/monodroid/builds/install/mono-armv6/lib/mono/aot-cache/arm/Plugin.Permissions.dll.so' not found: dlopen failed: library "/data/app-lib/com.careerbuilder.SugarDrone-1/libaot-Plugin.Permissions.dll.so" not found
D/Mono    ( 7686): Config attempting to parse: 'Plugin.Permissions.dll.config'.
D/Mono    ( 7686): Config attempting to parse: '/Users/builder/data/lanes/4009/3a62f1ea/source/monodroid/builds/install/mono-armv6/etc/mono/assemblies/Plugin.Permissions/Plugin.Permissions.config'.
D/Mono    ( 7686): Image addref Plugin.Permissions.Abstractions[0x7a3fda70] -> Plugin.Permissions.Abstractions.dll[0x7a3fce10]: 2
D/Mono    ( 7686): Prepared to set up assembly 'Plugin.Permissions.Abstractions' (Plugin.Permissions.Abstractions.dll)
D/Mono    ( 7686): Assembly Plugin.Permissions.Abstractions[0x7a3fda70] added to domain RootDomain, ref_count=1
D/Mono    ( 7686): AOT module 'Plugin.Permissions.Abstractions.dll.so' not found: dlopen failed: library "/data/app-lib/com.careerbuilder.SugarDrone-1/libaot-Plugin.Permissions.Abstractions.dll.so" not found
D/Mono    ( 7686): AOT module '/Users/builder/data/lanes/4009/3a62f1ea/source/monodroid/builds/install/mono-armv6/lib/mono/aot-cache/arm/Plugin.Permissions.Abstractions.dll.so' not found: dlopen failed: library "/data/app-lib/com.careerbuilder.SugarDrone-1/libaot-Plugin.Permissions.Abstractions.dll.so" not found
D/Mono    ( 7686): Config attempting to parse: 'Plugin.Permissions.Abstractions.dll.config'.
D/Mono    ( 7686): Config attempting to parse: '/Users/builder/data/lanes/4009/3a62f1ea/source/monodroid/builds/install/mono-armv6/etc/mono/assemblies/Plugin.Permissions.Abstractions/Plugin.Permissions.Abstractions.config'.
D/Mono    ( 7686): Image addref Plugin.Geolocator[0x7a3fe920] -> Plugin.Geolocator.dll[0x7a3fdcd0]: 2
D/Mono    ( 7686): Prepared to set up assembly 'Plugin.Geolocator' (Plugin.Geolocator.dll)
D/Mono    ( 7686): Assembly Plugin.Geolocator[0x7a3fe920] added to domain RootDomain, ref_count=1
D/Mono    ( 7686): AOT module 'Plugin.Geolocator.dll.so' not found: dlopen failed: library "/data/app-lib/com.careerbuilder.SugarDrone-1/libaot-Plugin.Geolocator.dll.so" not found
D/Mono    ( 7686): AOT module '/Users/builder/data/lanes/4009/3a62f1ea/source/monodroid/builds/install/mono-armv6/lib/mono/aot-cache/arm/Plugin.Geolocator.dll.so' not found: dlopen failed: library "/data/app-lib/com.careerbuilder.SugarDrone-1/libaot-Plugin.Geolocator.dll.so" not found
D/Mono    ( 7686): Config attempting to parse: 'Plugin.Geolocator.dll.config'.
D/Mono    ( 7686): Config attempting to parse: '/Users/builder/data/lanes/4009/3a62f1ea/source/monodroid/builds/install/mono-armv6/etc/mono/assemblies/Plugin.Geolocator/Plugin.Geolocator.config'.
D/Mono    ( 7686): Image addref Plugin.Geolocator.Abstractions[0x7b1018e8] -> Plugin.Geolocator.Abstractions.dll[0x7a3feb38]: 2
D/Mono    ( 7686): Prepared to set up assembly 'Plugin.Geolocator.Abstractions' (Plugin.Geolocator.Abstractions.dll)
D/Mono    ( 7686): Assembly Plugin.Geolocator.Abstractions[0x7b1018e8] added to domain RootDomain, ref_count=1
D/Mono    ( 7686): AOT module 'Plugin.Geolocator.Abstractions.dll.so' not found: dlopen failed: library "/data/app-lib/com.careerbuilder.SugarDrone-1/libaot-Plugin.Geolocator.Abstractions.dll.so" not found
D/Mono    ( 7686): AOT module '/Users/builder/data/lanes/4009/3a62f1ea/source/monodroid/builds/install/mono-armv6/lib/mono/aot-cache/arm/Plugin.Geolocator.Abstractions.dll.so' not found: dlopen failed: library "/data/app-lib/com.careerbuilder.SugarDrone-1/libaot-Plugin.Geolocator.Abstractions.dll.so" not found
D/Mono    ( 7686): Config attempting to parse: 'Plugin.Geolocator.Abstractions.dll.config'.
D/Mono    ( 7686): Config attempting to parse: '/Users/builder/data/lanes/4009/3a62f1ea/source/monodroid/builds/install/mono-armv6/etc/mono/assemblies/Plugin.Geolocator.Abstractions/Plugin.Geolocator.Abstractions.config'.
D/Mono    ( 7686): Image addref Plugin.DeviceInfo[0x7a3ffc88] -> Plugin.DeviceInfo.dll[0x7a3ff048]: 2
D/Mono    ( 7686): Prepared to set up assembly 'Plugin.DeviceInfo' (Plugin.DeviceInfo.dll)
D/Mono    ( 7686): Assembly Plugin.DeviceInfo[0x7a3ffc88] added to domain RootDomain, ref_count=1
D/Mono    ( 7686): AOT module 'Plugin.DeviceInfo.dll.so' not found: dlopen failed: library "/data/app-lib/com.careerbuilder.SugarDrone-1/libaot-Plugin.DeviceInfo.dll.so" not found
D/Mono    ( 7686): AOT module '/Users/builder/data/lanes/4009/3a62f1ea/source/monodroid/builds/install/mono-armv6/lib/mono/aot-cache/arm/Plugin.DeviceInfo.dll.so' not found: dlopen failed: library "/data/app-lib/com.careerbuilder.SugarDrone-1/libaot-Plugin.DeviceInfo.dll.so" not found
D/Mono    ( 7686): Config attempting to parse: 'Plugin.DeviceInfo.dll.config'.
D/Mono    ( 7686): Config attempting to parse: '/Users/builder/data/lanes/4009/3a62f1ea/source/monodroid/builds/install/mono-armv6/etc/mono/assemblies/Plugin.DeviceInfo/Plugin.DeviceInfo.config'.
D/Mono    ( 7686): Image addref Plugin.DeviceInfo.Abstractions[0x7b102ea0] -> Plugin.DeviceInfo.Abstractions.dll[0x7b102388]: 2
D/Mono    ( 7686): Prepared to set up assembly 'Plugin.DeviceInfo.Abstractions' (Plugin.DeviceInfo.Abstractions.dll)
D/Mono    ( 7686): Assembly Plugin.DeviceInfo.Abstractions[0x7b102ea0] added to domain RootDomain, ref_count=1
D/Mono    ( 7686): AOT module 'Plugin.DeviceInfo.Abstractions.dll.so' not found: dlopen failed: library "/data/app-lib/com.careerbuilder.SugarDrone-1/libaot-Plugin.DeviceInfo.Abstractions.dll.so" not found
D/Mono    ( 7686): AOT module '/Users/builder/data/lanes/4009/3a62f1ea/source/monodroid/builds/install/mono-armv6/lib/mono/aot-cache/arm/Plugin.DeviceInfo.Abstractions.dll.so' not found: dlopen failed: library "/data/app-lib/com.careerbuilder.SugarDrone-1/libaot-Plugin.DeviceInfo.Abstractions.dll.so" not found
D/Mono    ( 7686): Config attempting to parse: 'Plugin.DeviceInfo.Abstractions.dll.config'.
D/Mono    ( 7686): Config attempting to parse: '/Users/builder/data/lanes/4009/3a62f1ea/source/monodroid/builds/install/mono-armv6/etc/mono/assemblies/Plugin.DeviceInfo.Abstractions/Plugin.DeviceInfo.Abstractions.config'.
D/Mono    ( 7686): Image addref Xamarin.GooglePlayServices.Analytics[0x7b103d88] -> Xamarin.GooglePlayServices.Analytics.dll[0x7b103178]: 2
D/Mono    ( 7686): Prepared to set up assembly 'Xamarin.GooglePlayServices.Analytics' (Xamarin.GooglePlayServices.Analytics.dll)
D/Mono    ( 7686): Assembly Xamarin.GooglePlayServices.Analytics[0x7b103d88] added to domain RootDomain, ref_count=1
D/Mono    ( 7686): AOT module 'Xamarin.GooglePlayServices.Analytics.dll.so' not found: dlopen failed: library "/data/app-lib/com.careerbuilder.SugarDrone-1/libaot-Xamarin.GooglePlayServices.Analytics.dll.so" not found
