<![CDATA[
]]><xtc-scenario name="[0-1048]CareerBuilder_Search.DroidFeatureTests.JDPTests.TravelCardShouldBeVisible" id="[0-1048]CareerBuilder_Search.DroidFeatureTests.JDPTests.TravelCardShouldBeVisible"><![CDATA[

]]><xtc-step name="[0-1048]CareerBuilder_Search.DroidFeatureTests.JDPTests.TravelCardShouldBeVisible-TravelCardShouldBeVisible" id="[0-1048]CareerBuilder_Search.DroidFeatureTests.JDPTests.TravelCardShouldBeVisible-TravelCardShouldBeVisible"><![CDATA[
D/AndroidRuntime( 5136): 
D/AndroidRuntime( 5136): >>>>>> AndroidRuntime START com.android.internal.os.RuntimeInit <<<<<<
D/AndroidRuntime( 5136): CheckJNI is OFF
D/dalvikvm( 5136): Trying to load lib libjavacore.so 0x0
D/dalvikvm( 5136): Added shared lib libjavacore.so 0x0
D/dalvikvm( 5136): Trying to load lib libnativehelper.so 0x0
D/dalvikvm( 5136): Added shared lib libnativehelper.so 0x0
D/dalvikvm( 5136): No JNI_OnLoad found in libnativehelper.so 0x0, skipping init
D/dalvikvm( 5136): Note: class Landroid/app/ActivityManagerNative; has 179 unimplemented (abstract) methods
D/AndroidRuntime( 5136): Calling main entry com.android.commands.pm.Pm
D/AndroidRuntime( 5136): Shutting down VM
D/dalvikvm( 5136): GC_CONCURRENT freed 248K, 31% free 567K/816K, paused 0ms+0ms, total 3ms
D/AndroidRuntime( 5285): 
D/AndroidRuntime( 5285): >>>>>> AndroidRuntime START com.android.internal.os.RuntimeInit <<<<<<
D/AndroidRuntime( 5285): CheckJNI is OFF
D/dalvikvm( 5285): Trying to load lib libjavacore.so 0x0
D/dalvikvm( 5285): Added shared lib libjavacore.so 0x0
D/dalvikvm( 5285): Trying to load lib libnativehelper.so 0x0
D/dalvikvm( 5285): Added shared lib libnativehelper.so 0x0
D/dalvikvm( 5285): No JNI_OnLoad found in libnativehelper.so 0x0, skipping init
D/dalvikvm( 5285): Note: class Landroid/app/ActivityManagerNative; has 179 unimplemented (abstract) methods
D/AndroidRuntime( 5285): Calling main entry com.android.commands.am.Am
D/AndroidRuntime( 5285): Shutting down VM
D/dalvikvm( 5285): GC_CONCURRENT freed 93K, 15% free 553K/648K, paused 1ms+0ms, total 3ms
--------- beginning of /dev/log/system
W/ActivityManager(  570): Invalid packageName: com.careerbuilder.SugarDrone
W/ProcessCpuTracker(  570): Skipping unknown process pid 5285
D/AndroidRuntime( 5900): 
D/AndroidRuntime( 5900): >>>>>> AndroidRuntime START com.android.internal.os.RuntimeInit <<<<<<
D/AndroidRuntime( 5900): CheckJNI is OFF
D/dalvikvm( 5900): Trying to load lib libjavacore.so 0x0
D/dalvikvm( 5900): Added shared lib libjavacore.so 0x0
D/dalvikvm( 5900): Trying to load lib libnativehelper.so 0x0
D/dalvikvm( 5900): Added shared lib libnativehelper.so 0x0
D/dalvikvm( 5900): No JNI_OnLoad found in libnativehelper.so 0x0, skipping init
D/dalvikvm( 5900): Note: class Landroid/app/ActivityManagerNative; has 179 unimplemented (abstract) methods
D/AndroidRuntime( 5900): Calling main entry com.android.commands.pm.Pm
W/ActivityManager(  570): No content provider found for permission revoke: file:///data/local/tmp/0000002164
W/ActivityManager(  570): No content provider found for permission revoke: file:///data/local/tmp/0000002164
I/PackageManager(  570): Copying native libraries to /data/app-lib/vmdl2040929565
D/dalvikvm(  570): GC_FOR_ALLOC freed 958K, 12% free 19820K/22464K, paused 66ms, total 67ms
D/dalvikvm(  570): GC_FOR_ALLOC freed 520K, 12% free 20045K/22564K, paused 65ms, total 65ms
D/dalvikvm(  570): GC_CONCURRENT freed 2082K, 10% free 20721K/22848K, paused 4ms+5ms, total 131ms
D/dalvikvm(  570): WAIT_FOR_CONCURRENT_GC blocked 86ms
D/dalvikvm(  570): GC_FOR_ALLOC freed 2650K, 13% free 20753K/23700K, paused 64ms, total 64ms
D/dalvikvm(  570): GC_FOR_ALLOC freed 2714K, 13% free 20771K/23736K, paused 64ms, total 64ms
D/dalvikvm(  570): GC_FOR_ALLOC freed 2749K, 13% free 20808K/23760K, paused 65ms, total 65ms
I/PackageManager(  570): Running dexopt on: com.careerbuilder.SugarDrone
W/dalvikvm( 5993): method Landroid/support/v7/widget/ListViewCompat;.lookForSelectablePosition incorrectly overrides package-private method with same name in Landroid/widget/ListView;
D/dalvikvm( 5993): DexOpt: couldn't find static field Landroid/os/Build;.SUPPORTED_ABIS
D/dalvikvm( 5993): DexOpt: load 291ms, verify+opt 1585ms, 3733380 bytes
I/ActivityManager(  570): Force stopping com.careerbuilder.SugarDrone appid=16685 user=-1: update pkg
W/PackageManager(  570): Not granting permission android.permission.MANAGE_DOCUMENTS to package com.careerbuilder.SugarDrone (protectionLevel=2 flags=0x8be46)
W/PackageManager(  570): Not granting permission android.permission.MOUNT_UNMOUNT_FILESYSTEMS to package com.careerbuilder.SugarDrone (protectionLevel=18 flags=0x8be46)
I/InputReader(  570): Reconfiguring input devices.  changes=0x00000010
D/dalvikvm(  820): GC_CONCURRENT freed 316K, 4% free 9307K/9656K, paused 5ms+1ms, total 16ms
D/BackupManagerService(  570): Received broadcast Intent { act=android.intent.action.PACKAGE_ADDED dat=package:com.careerbuilder.SugarDrone flg=0x4000010 (has extras) }
V/BackupManagerService(  570): addPackageParticipantsLocked: #1
I/Icing.InternalIcingCorporaProvider( 1333): Updating corpora: A: com.careerbuilder.SugarDrone, C: MAYBE
D/dalvikvm( 1333): GC_CONCURRENT freed 377K, 5% free 9571K/10048K, paused 3ms+9ms, total 39ms
D/dalvikvm( 1333): WAIT_FOR_CONCURRENT_GC blocked 6ms
D/Wear_Controller( 1011): Received broadcast action=android.intent.action.PACKAGE_ADDED and uri=com.careerbuilder.SugarDrone
I/PeopleContactsSync( 1011): triggerPendingContactsCleanup: no accounts
D/dalvikvm(  570): GC_EXPLICIT freed 1571K, 12% free 20958K/23760K, paused 19ms+17ms, total 257ms
D/AndroidRuntime( 5900): Shutting down VM
D/dalvikvm( 5900): GC_CONCURRENT freed 95K, 15% free 561K/660K, paused 0ms+0ms, total 3ms
W/IcingInternalCorpora( 1011): getNumBytesRead when not calculated.
I/ActivityManager(  570): Delay finish: com.google.android.gms/.chimera.GmsIntentOperationService$PersistentInternalReceiver
I/Icing   ( 1011): Usage reports 0 indexed 0 rejected 0 imm upload true
I/Icing.InternalIcingCorporaProvider( 1333): UpdateCorporaTask done [took 244 ms] updated apps [took 244 ms] 
I/ActivityManager(  570): Resuming delayed broadcast
D/dalvikvm( 1011): GC_FOR_ALLOC freed 585K, 10% free 12347K/13624K, paused 35ms, total 35ms
I/Icing   ( 1011): Usage reports 0 indexed 0 rejected 0 imm upload false
I/Icing   ( 1011): Usage reports 0 indexed 0 rejected 0 imm upload false
D/AndroidRuntime( 6084): 
D/AndroidRuntime( 6084): >>>>>> AndroidRuntime START com.android.internal.os.RuntimeInit <<<<<<
D/AndroidRuntime( 6084): CheckJNI is OFF
D/dalvikvm( 6084): Trying to load lib libjavacore.so 0x0
D/dalvikvm( 6084): Added shared lib libjavacore.so 0x0
D/dalvikvm( 6084): Trying to load lib libnativehelper.so 0x0
D/dalvikvm( 6084): Added shared lib libnativehelper.so 0x0
D/dalvikvm( 6084): No JNI_OnLoad found in libnativehelper.so 0x0, skipping init
D/dalvikvm( 6084): Note: class Landroid/app/ActivityManagerNative; has 179 unimplemented (abstract) methods
D/AndroidRuntime( 6084): Calling main entry com.android.commands.settings.SettingsCmd
D/AndroidRuntime( 6084): Shutting down VM
D/dalvikvm( 6084): GC_CONCURRENT freed 96K, 15% free 562K/660K, paused 0ms+0ms, total 2ms
I/Icing   ( 1011): Indexing 51913DCE11206AD5493A298902DFB4629E7C2319 from com.google.android.googlequicksearchbox
I/Icing   ( 1011): Indexing done 51913DCE11206AD5493A298902DFB4629E7C2319
I/Icing   ( 1011): Indexing 20DD4C980DC9932934B14C611F3A585B39FE1847 from com.google.android.gms
D/dalvikvm( 1011): GC_FOR_ALLOC freed 457K, 10% free 12313K/13624K, paused 35ms, total 36ms
D/dalvikvm( 1011): GC_FOR_ALLOC freed 406K, 10% free 12300K/13624K, paused 30ms, total 30ms
D/dalvikvm( 1011): GC_FOR_ALLOC freed 258K, 10% free 12298K/13624K, paused 30ms, total 30ms
I/Icing   ( 1011): Indexing done 20DD4C980DC9932934B14C611F3A585B39FE1847
D/AndroidRuntime( 6118): 
D/AndroidRuntime( 6118): >>>>>> AndroidRuntime START com.android.internal.os.RuntimeInit <<<<<<
D/AndroidRuntime( 6118): CheckJNI is OFF
D/dalvikvm( 6118): Trying to load lib libjavacore.so 0x0
D/dalvikvm( 6118): Added shared lib libjavacore.so 0x0
D/dalvikvm( 6118): Trying to load lib libnativehelper.so 0x0
D/dalvikvm( 6118): Added shared lib libnativehelper.so 0x0
D/dalvikvm( 6118): No JNI_OnLoad found in libnativehelper.so 0x0, skipping init
D/dalvikvm( 6118): Note: class Landroid/app/ActivityManagerNative; has 179 unimplemented (abstract) methods
D/AndroidRuntime( 6118): Calling main entry com.android.commands.settings.SettingsCmd
D/AndroidRuntime( 6118): Shutting down VM
D/dalvikvm( 6118): GC_CONCURRENT freed 96K, 15% free 562K/660K, paused 0ms+0ms, total 2ms
D/AndroidRuntime( 6145): 
D/AndroidRuntime( 6145): >>>>>> AndroidRuntime START com.android.internal.os.RuntimeInit <<<<<<
D/AndroidRuntime( 6145): CheckJNI is OFF
D/dalvikvm( 6145): Trying to load lib libjavacore.so 0x0
D/dalvikvm( 6145): Added shared lib libjavacore.so 0x0
D/dalvikvm( 6145): Trying to load lib libnativehelper.so 0x0
D/dalvikvm( 6145): Added shared lib libnativehelper.so 0x0
D/dalvikvm( 6145): No JNI_OnLoad found in libnativehelper.so 0x0, skipping init
D/dalvikvm( 6145): Note: class Landroid/app/ActivityManagerNative; has 179 unimplemented (abstract) methods
D/AndroidRuntime( 6145): Calling main entry com.android.commands.settings.SettingsCmd
D/AndroidRuntime( 6145): Shutting down VM
D/dalvikvm( 6145): GC_CONCURRENT freed 96K, 16% free 562K/664K, paused 0ms+0ms, total 2ms
D/AndroidRuntime( 6179): 
D/AndroidRuntime( 6179): >>>>>> AndroidRuntime START com.android.internal.os.RuntimeInit <<<<<<
D/AndroidRuntime( 6179): CheckJNI is OFF
D/dalvikvm( 6179): Trying to load lib libjavacore.so 0x0
D/dalvikvm( 6179): Added shared lib libjavacore.so 0x0
D/dalvikvm( 6179): Trying to load lib libnativehelper.so 0x0
D/dalvikvm( 6179): Added shared lib libnativehelper.so 0x0
D/dalvikvm( 6179): No JNI_OnLoad found in libnativehelper.so 0x0, skipping init
D/dalvikvm( 6179): Note: class Landroid/app/ActivityManagerNative; has 179 unimplemented (abstract) methods
D/AndroidRuntime( 6179): Calling main entry com.android.commands.settings.SettingsCmd
D/AndroidRuntime( 6179): Shutting down VM
D/dalvikvm( 6179): GC_CONCURRENT freed 96K, 15% free 562K/660K, paused 0ms+0ms, total 3ms
D/AndroidRuntime( 6212): 
D/AndroidRuntime( 6212): >>>>>> AndroidRuntime START com.android.internal.os.RuntimeInit <<<<<<
D/AndroidRuntime( 6212): CheckJNI is OFF
D/dalvikvm( 6212): Trying to load lib libjavacore.so 0x0
D/dalvikvm( 6212): Added shared lib libjavacore.so 0x0
D/dalvikvm( 6212): Trying to load lib libnativehelper.so 0x0
D/dalvikvm( 6212): Added shared lib libnativehelper.so 0x0
D/dalvikvm( 6212): No JNI_OnLoad found in libnativehelper.so 0x0, skipping init
D/dalvikvm( 6212): Note: class Landroid/app/ActivityManagerNative; has 179 unimplemented (abstract) methods
D/AndroidRuntime( 6212): Calling main entry com.android.commands.settings.SettingsCmd
D/AndroidRuntime( 6212): Shutting down VM
D/dalvikvm( 6212): GC_CONCURRENT freed 96K, 15% free 562K/660K, paused 0ms+0ms, total 2ms
D/AndroidRuntime( 6243): 
D/AndroidRuntime( 6243): >>>>>> AndroidRuntime START com.android.internal.os.RuntimeInit <<<<<<
D/AndroidRuntime( 6243): CheckJNI is OFF
D/dalvikvm( 6243): Trying to load lib libjavacore.so 0x0
D/dalvikvm( 6243): Added shared lib libjavacore.so 0x0
D/dalvikvm( 6243): Trying to load lib libnativehelper.so 0x0
D/dalvikvm( 6243): Added shared lib libnativehelper.so 0x0
D/dalvikvm( 6243): No JNI_OnLoad found in libnativehelper.so 0x0, skipping init
D/dalvikvm( 6243): Note: class Landroid/app/ActivityManagerNative; has 179 unimplemented (abstract) methods
D/AndroidRuntime( 6243): Calling main entry com.android.commands.settings.SettingsCmd
D/AndroidRuntime( 6243): Shutting down VM
D/dalvikvm( 6243): GC_CONCURRENT freed 96K, 15% free 562K/660K, paused 1ms+1ms, total 3ms
D/AndroidRuntime( 6275): 
D/AndroidRuntime( 6275): >>>>>> AndroidRuntime START com.android.internal.os.RuntimeInit <<<<<<
D/AndroidRuntime( 6275): CheckJNI is OFF
D/dalvikvm( 6275): Trying to load lib libjavacore.so 0x0
D/dalvikvm( 6275): Added shared lib libjavacore.so 0x0
D/dalvikvm( 6275): Trying to load lib libnativehelper.so 0x0
D/dalvikvm( 6275): Added shared lib libnativehelper.so 0x0
D/dalvikvm( 6275): No JNI_OnLoad found in libnativehelper.so 0x0, skipping init
D/dalvikvm( 6275): Note: class Landroid/app/ActivityManagerNative; has 179 unimplemented (abstract) methods
D/AndroidRuntime( 6275): Calling main entry com.android.commands.pm.Pm
D/AndroidRuntime( 6275): Shutting down VM
D/dalvikvm( 6275): GC_CONCURRENT freed 249K, 31% free 567K/820K, paused 0ms+0ms, total 3ms
D/dalvikvm(  570): GC_CONCURRENT freed 4290K, 19% free 19566K/23896K, paused 4ms+6ms, total 89ms
D/AndroidRuntime( 6360): 
D/AndroidRuntime( 6360): >>>>>> AndroidRuntime START com.android.internal.os.RuntimeInit <<<<<<
D/AndroidRuntime( 6360): CheckJNI is OFF
D/dalvikvm( 6360): Trying to load lib libjavacore.so 0x0
D/dalvikvm( 6360): Added shared lib libjavacore.so 0x0
D/dalvikvm( 6360): Trying to load lib libnativehelper.so 0x0
D/dalvikvm( 6360): Added shared lib libnativehelper.so 0x0
D/dalvikvm( 6360): No JNI_OnLoad found in libnativehelper.so 0x0, skipping init
D/dalvikvm( 6360): Note: class Landroid/app/ActivityManagerNative; has 179 unimplemented (abstract) methods
D/AndroidRuntime( 6360): Calling main entry com.android.commands.pm.Pm
D/AndroidRuntime( 6360): Shutting down VM
D/dalvikvm( 6360): GC_CONCURRENT freed 249K, 31% free 567K/820K, paused 1ms+1ms, total 3ms
D/AndroidRuntime( 6471): 
D/AndroidRuntime( 6471): >>>>>> AndroidRuntime START com.android.internal.os.RuntimeInit <<<<<<
D/AndroidRuntime( 6471): CheckJNI is OFF
D/dalvikvm( 6471): Trying to load lib libjavacore.so 0x0
D/dalvikvm( 6471): Added shared lib libjavacore.so 0x0
D/dalvikvm( 6471): Trying to load lib libnativehelper.so 0x0
D/dalvikvm( 6471): Added shared lib libnativehelper.so 0x0
D/dalvikvm( 6471): No JNI_OnLoad found in libnativehelper.so 0x0, skipping init
D/dalvikvm( 6471): Note: class Landroid/app/ActivityManagerNative; has 179 unimplemented (abstract) methods
D/AndroidRuntime( 6471): Calling main entry com.android.commands.am.Am
D/AndroidRuntime( 6471): Shutting down VM
W/ActivityManager(  570): Invalid packageName: com.careerbuilder.SugarDrone.test
D/dalvikvm( 6471): GC_CONCURRENT freed 92K, 15% free 553K/648K, paused 0ms+0ms, total 2ms
I/AndroidRuntime( 6471): NOTE: attach of thread 'Binder_1' failed
D/AndroidRuntime( 6503): 
D/AndroidRuntime( 6503): >>>>>> AndroidRuntime START com.android.internal.os.RuntimeInit <<<<<<
D/AndroidRuntime( 6503): CheckJNI is OFF
D/dalvikvm( 6503): Trying to load lib libjavacore.so 0x0
D/dalvikvm( 6503): Added shared lib libjavacore.so 0x0
D/dalvikvm( 6503): Trying to load lib libnativehelper.so 0x0
D/dalvikvm( 6503): Added shared lib libnativehelper.so 0x0
D/dalvikvm( 6503): No JNI_OnLoad found in libnativehelper.so 0x0, skipping init
D/dalvikvm( 6503): Note: class Landroid/app/ActivityManagerNative; has 179 unimplemented (abstract) methods
D/AndroidRuntime( 6503): Calling main entry com.android.commands.pm.Pm
W/ActivityManager(  570): No content provider found for permission revoke: file:///data/local/tmp/0000002165
W/ActivityManager(  570): No content provider found for permission revoke: file:///data/local/tmp/0000002165
I/PackageManager(  570): Copying native libraries to /data/app-lib/vmdl-1326035602
I/PackageManager(  570): Running dexopt on: com.careerbuilder.SugarDrone.test
D/dalvikvm( 6531): DexOpt: load 72ms, verify+opt 518ms, 1565836 bytes
I/ActivityManager(  570): Force stopping com.careerbuilder.SugarDrone.test appid=16686 user=-1: update pkg
I/ActivityManager(  570): Delay finish: com.android.musicfx/.Compatibility$Receiver
I/ActivityManager(  570): Resuming delayed broadcast
I/InputReader(  570): Reconfiguring input devices.  changes=0x00000010
I/Icing.InternalIcingCorporaProvider( 1333): Updating corpora: A: com.careerbuilder.SugarDrone.test, C: MAYBE
I/Icing.InternalIcingCorporaProvider( 1333): UpdateCorporaTask done [took 63 ms] updated apps [took 63 ms] 
D/BackupManagerService(  570): Received broadcast Intent { act=android.intent.action.PACKAGE_ADDED dat=package:com.careerbuilder.SugarDrone.test flg=0x4000010 (has extras) }
V/BackupManagerService(  570): addPackageParticipantsLocked: #1
D/dalvikvm( 1986): GC_FOR_ALLOC freed 366K, 3% free 19136K/19696K, paused 51ms, total 51ms
D/Wear_Controller( 1011): Received broadcast action=android.intent.action.PACKAGE_ADDED and uri=com.careerbuilder.SugarDrone.test
I/PeopleContactsSync( 1011): triggerPendingContactsCleanup: no accounts
D/dalvikvm(  570): GC_EXPLICIT freed 1007K, 18% free 19694K/23896K, paused 55ms+9ms, total 276ms
D/AndroidRuntime( 6503): Shutting down VM
D/dalvikvm( 6503): GC_CONCURRENT freed 95K, 15% free 561K/660K, paused 1ms+0ms, total 3ms
D/dalvikvm( 1011): GC_FOR_ALLOC freed 488K, 10% free 12332K/13624K, paused 34ms, total 35ms
W/IcingInternalCorpora( 1011): getNumBytesRead when not calculated.
I/Icing   ( 1011): Usage reports 0 indexed 0 rejected 0 imm upload false
I/Icing   ( 1011): Usage reports 0 indexed 0 rejected 0 imm upload false
D/AndroidRuntime( 6593): 
D/AndroidRuntime( 6593): >>>>>> AndroidRuntime START com.android.internal.os.RuntimeInit <<<<<<
D/AndroidRuntime( 6593): CheckJNI is OFF
D/dalvikvm( 6593): Trying to load lib libjavacore.so 0x0
D/dalvikvm( 6593): Added shared lib libjavacore.so 0x0
D/dalvikvm( 6593): Trying to load lib libnativehelper.so 0x0
D/dalvikvm( 6593): Added shared lib libnativehelper.so 0x0
D/dalvikvm( 6593): No JNI_OnLoad found in libnativehelper.so 0x0, skipping init
D/dalvikvm( 6593): Note: class Landroid/app/ActivityManagerNative; has 179 unimplemented (abstract) methods
D/AndroidRuntime( 6593): Calling main entry com.android.commands.settings.SettingsCmd
D/AndroidRuntime( 6593): Shutting down VM
D/dalvikvm( 6593): GC_CONCURRENT freed 96K, 15% free 562K/660K, paused 0ms+0ms, total 2ms
I/Icing   ( 1011): Indexing 20DD4C980DC9932934B14C611F3A585B39FE1847 from com.google.android.gms
D/dalvikvm( 1011): GC_FOR_ALLOC freed 405K, 10% free 12308K/13624K, paused 44ms, total 45ms
I/Icing   ( 1011): Indexing done 20DD4C980DC9932934B14C611F3A585B39FE1847
D/AndroidRuntime( 6625): 
D/AndroidRuntime( 6625): >>>>>> AndroidRuntime START com.android.internal.os.RuntimeInit <<<<<<
D/AndroidRuntime( 6625): CheckJNI is OFF
D/dalvikvm( 6625): Trying to load lib libjavacore.so 0x0
D/dalvikvm( 6625): Added shared lib libjavacore.so 0x0
D/dalvikvm( 6625): Trying to load lib libnativehelper.so 0x0
D/dalvikvm( 6625): Added shared lib libnativehelper.so 0x0
D/dalvikvm( 6625): No JNI_OnLoad found in libnativehelper.so 0x0, skipping init
D/dalvikvm( 6625): Note: class Landroid/app/ActivityManagerNative; has 179 unimplemented (abstract) methods
D/AndroidRuntime( 6625): Calling main entry com.android.commands.settings.SettingsCmd
D/AndroidRuntime( 6625): Shutting down VM
D/dalvikvm( 6625): GC_CONCURRENT freed 96K, 15% free 562K/660K, paused 1ms+0ms, total 3ms
D/AndroidRuntime( 6652): 
D/AndroidRuntime( 6652): >>>>>> AndroidRuntime START com.android.internal.os.RuntimeInit <<<<<<
D/AndroidRuntime( 6652): CheckJNI is OFF
D/dalvikvm( 6652): Trying to load lib libjavacore.so 0x0
D/dalvikvm( 6652): Added shared lib libjavacore.so 0x0
D/dalvikvm( 6652): Trying to load lib libnativehelper.so 0x0
D/dalvikvm( 6652): Added shared lib libnativehelper.so 0x0
D/dalvikvm( 6652): No JNI_OnLoad found in libnativehelper.so 0x0, skipping init
D/dalvikvm( 6652): Note: class Landroid/app/ActivityManagerNative; has 179 unimplemented (abstract) methods
D/AndroidRuntime( 6652): Calling main entry com.android.commands.settings.SettingsCmd
D/AndroidRuntime( 6652): Shutting down VM
D/dalvikvm( 6652): GC_CONCURRENT freed 96K, 15% free 562K/660K, paused 0ms+0ms, total 3ms
D/AndroidRuntime( 6680): 
D/AndroidRuntime( 6680): >>>>>> AndroidRuntime START com.android.internal.os.RuntimeInit <<<<<<
D/AndroidRuntime( 6680): CheckJNI is OFF
D/dalvikvm( 6680): Trying to load lib libjavacore.so 0x0
D/dalvikvm( 6680): Added shared lib libjavacore.so 0x0
D/dalvikvm( 6680): Trying to load lib libnativehelper.so 0x0
D/dalvikvm( 6680): Added shared lib libnativehelper.so 0x0
D/dalvikvm( 6680): No JNI_OnLoad found in libnativehelper.so 0x0, skipping init
D/dalvikvm( 6680): Note: class Landroid/app/ActivityManagerNative; has 179 unimplemented (abstract) methods
D/AndroidRuntime( 6680): Calling main entry com.android.commands.settings.SettingsCmd
D/AndroidRuntime( 6680): Shutting down VM
D/dalvikvm( 6680): GC_CONCURRENT freed 96K, 15% free 562K/660K, paused 0ms+0ms, total 2ms
D/AndroidRuntime( 6707): 
D/AndroidRuntime( 6707): >>>>>> AndroidRuntime START com.android.internal.os.RuntimeInit <<<<<<
D/AndroidRuntime( 6707): CheckJNI is OFF
D/dalvikvm( 6707): Trying to load lib libjavacore.so 0x0
D/dalvikvm( 6707): Added shared lib libjavacore.so 0x0
D/dalvikvm( 6707): Trying to load lib libnativehelper.so 0x0
D/dalvikvm( 6707): Added shared lib libnativehelper.so 0x0
D/dalvikvm( 6707): No JNI_OnLoad found in libnativehelper.so 0x0, skipping init
D/dalvikvm( 6707): Note: class Landroid/app/ActivityManagerNative; has 179 unimplemented (abstract) methods
D/AndroidRuntime( 6707): Calling main entry com.android.commands.settings.SettingsCmd
D/AndroidRuntime( 6707): Shutting down VM
D/dalvikvm( 6707): GC_CONCURRENT freed 96K, 15% free 562K/660K, paused 1ms+0ms, total 3ms
D/AndroidRuntime( 6732): 
D/AndroidRuntime( 6732): >>>>>> AndroidRuntime START com.android.internal.os.RuntimeInit <<<<<<
D/AndroidRuntime( 6732): CheckJNI is OFF
D/dalvikvm( 6732): Trying to load lib libjavacore.so 0x0
D/dalvikvm( 6732): Added shared lib libjavacore.so 0x0
D/dalvikvm( 6732): Trying to load lib libnativehelper.so 0x0
D/dalvikvm( 6732): Added shared lib libnativehelper.so 0x0
D/dalvikvm( 6732): No JNI_OnLoad found in libnativehelper.so 0x0, skipping init
D/dalvikvm( 6732): Note: class Landroid/app/ActivityManagerNative; has 179 unimplemented (abstract) methods
D/AndroidRuntime( 6732): Calling main entry com.android.commands.settings.SettingsCmd
D/AndroidRuntime( 6732): Shutting down VM
D/dalvikvm( 6732): GC_CONCURRENT freed 96K, 15% free 562K/660K, paused 0ms+0ms, total 2ms
D/AndroidRuntime( 6764): 
D/AndroidRuntime( 6764): >>>>>> AndroidRuntime START com.android.internal.os.RuntimeInit <<<<<<
D/AndroidRuntime( 6764): CheckJNI is OFF
D/dalvikvm( 6764): Trying to load lib libjavacore.so 0x0
D/dalvikvm( 6764): Added shared lib libjavacore.so 0x0
D/dalvikvm( 6764): Trying to load lib libnativehelper.so 0x0
D/dalvikvm( 6764): Added shared lib libnativehelper.so 0x0
D/dalvikvm( 6764): No JNI_OnLoad found in libnativehelper.so 0x0, skipping init
D/dalvikvm( 6764): Note: class Landroid/app/ActivityManagerNative; has 179 unimplemented (abstract) methods
D/AndroidRuntime( 6764): Calling main entry com.android.commands.pm.Pm
D/AndroidRuntime( 6764): Shutting down VM
D/dalvikvm( 6764): GC_CONCURRENT freed 251K, 31% free 567K/820K, paused 0ms+0ms, total 3ms
D/dalvikvm(  570): GC_CONCURRENT freed 2765K, 18% free 19615K/23896K, paused 3ms+5ms, total 79ms
D/AndroidRuntime( 6847): 
D/AndroidRuntime( 6847): >>>>>> AndroidRuntime START com.android.internal.os.RuntimeInit <<<<<<
D/AndroidRuntime( 6847): CheckJNI is OFF
D/dalvikvm( 6847): Trying to load lib libjavacore.so 0x0
D/dalvikvm( 6847): Added shared lib libjavacore.so 0x0
D/dalvikvm( 6847): Trying to load lib libnativehelper.so 0x0
D/dalvikvm( 6847): Added shared lib libnativehelper.so 0x0
D/dalvikvm( 6847): No JNI_OnLoad found in libnativehelper.so 0x0, skipping init
D/dalvikvm( 6847): Note: class Landroid/app/ActivityManagerNative; has 179 unimplemented (abstract) methods
D/AndroidRuntime( 6847): Calling main entry com.android.commands.pm.Pm
D/AndroidRuntime( 6847): Shutting down VM
D/dalvikvm( 6847): GC_CONCURRENT freed 251K, 31% free 567K/820K, paused 0ms+0ms, total 3ms
D/AndroidRuntime( 6930): 
D/AndroidRuntime( 6930): >>>>>> AndroidRuntime START com.android.internal.os.RuntimeInit <<<<<<
D/AndroidRuntime( 6930): CheckJNI is OFF
D/dalvikvm( 6930): Trying to load lib libjavacore.so 0x0
D/dalvikvm( 6930): Added shared lib libjavacore.so 0x0
D/dalvikvm( 6930): Trying to load lib libnativehelper.so 0x0
D/dalvikvm( 6930): Added shared lib libnativehelper.so 0x0
D/dalvikvm( 6930): No JNI_OnLoad found in libnativehelper.so 0x0, skipping init
D/dalvikvm( 6930): Note: class Landroid/app/ActivityManagerNative; has 179 unimplemented (abstract) methods
D/AndroidRuntime( 6930): Calling main entry com.android.commands.input.Input
I/Input   ( 6930): injectKeyEvent: KeyEvent { action=ACTION_DOWN, keyCode=KEYCODE_BACK, scanCode=0, metaState=0, flags=0x0, repeatCount=0, eventTime=267967, downTime=267967, deviceId=-1, source=0x101 }
I/Input   ( 6930): injectKeyEvent: KeyEvent { action=ACTION_UP, keyCode=KEYCODE_BACK, scanCode=0, metaState=0, flags=0x0, repeatCount=0, eventTime=267967, downTime=267967, deviceId=-1, source=0x101 }
D/AndroidRuntime( 6930): Shutting down VM
D/dalvikvm( 6930): GC_CONCURRENT freed 98K, 16% free 563K/664K, paused 0ms+1ms, total 2ms
D/AndroidRuntime( 6988): 
D/AndroidRuntime( 6988): >>>>>> AndroidRuntime START com.android.internal.os.RuntimeInit <<<<<<
D/AndroidRuntime( 6988): CheckJNI is OFF
D/dalvikvm( 6988): Trying to load lib libjavacore.so 0x0
D/dalvikvm( 6988): Added shared lib libjavacore.so 0x0
D/dalvikvm( 6988): Trying to load lib libnativehelper.so 0x0
D/dalvikvm( 6988): Added shared lib libnativehelper.so 0x0
D/dalvikvm( 6988): No JNI_OnLoad found in libnativehelper.so 0x0, skipping init
D/dalvikvm( 6988): Note: class Landroid/app/ActivityManagerNative; has 179 unimplemented (abstract) methods
D/AndroidRuntime( 6988): Calling main entry com.android.commands.input.Input
I/Input   ( 6988): injectKeyEvent: KeyEvent { action=ACTION_DOWN, keyCode=KEYCODE_HOME, scanCode=0, metaState=0, flags=0x0, repeatCount=0, eventTime=269723, downTime=269723, deviceId=-1, source=0x101 }
I/Input   ( 6988): injectKeyEvent: KeyEvent { action=ACTION_UP, keyCode=KEYCODE_HOME, scanCode=0, metaState=0, flags=0x0, repeatCount=0, eventTime=269723, downTime=269723, deviceId=-1, source=0x101 }
D/AndroidRuntime( 6988): Shutting down VM
I/ActivityManager(  570): START u0 {act=android.intent.action.MAIN cat=[android.intent.category.HOME] flg=0x10200000 cmp=com.android.launcher/com.android.launcher2.Launcher} from pid 570
D/dalvikvm( 6988): GC_CONCURRENT freed 98K, 16% free 563K/664K, paused 0ms+0ms, total 3ms
D/AndroidRuntime( 7023): 
D/AndroidRuntime( 7023): >>>>>> AndroidRuntime START com.android.internal.os.RuntimeInit <<<<<<
D/AndroidRuntime( 7023): CheckJNI is OFF
D/dalvikvm( 7023): Trying to load lib libjavacore.so 0x0
D/dalvikvm( 7023): Added shared lib libjavacore.so 0x0
D/dalvikvm( 7023): Trying to load lib libnativehelper.so 0x0
D/dalvikvm( 7023): Added shared lib libnativehelper.so 0x0
D/dalvikvm( 7023): No JNI_OnLoad found in libnativehelper.so 0x0, skipping init
D/dalvikvm( 7023): Note: class Landroid/app/ActivityManagerNative; has 179 unimplemented (abstract) methods
D/AndroidRuntime( 7023): Calling main entry com.android.commands.input.Input
I/Input   ( 7023): injectKeyEvent: KeyEvent { action=ACTION_DOWN, keyCode=KEYCODE_BACK, scanCode=0, metaState=0, flags=0x0, repeatCount=0, eventTime=271059, downTime=271059, deviceId=-1, source=0x101 }
I/Input   ( 7023): injectKeyEvent: KeyEvent { action=ACTION_UP, keyCode=KEYCODE_BACK, scanCode=0, metaState=0, flags=0x0, repeatCount=0, eventTime=271059, downTime=271059, deviceId=-1, source=0x101 }
D/AndroidRuntime( 7023): Shutting down VM
D/dalvikvm( 7023): GC_CONCURRENT freed 98K, 16% free 563K/664K, paused 0ms+0ms, total 2ms
D/dalvikvm( 1299): GC_CONCURRENT freed 429K, 5% free 9520K/9988K, paused 4ms+1ms, total 23ms
D/Finsky  ( 1299): [1] 5.onFinished: Installation state replication succeeded.
D/AndroidRuntime( 7065): 
D/AndroidRuntime( 7065): >>>>>> AndroidRuntime START com.android.internal.os.RuntimeInit <<<<<<
D/AndroidRuntime( 7065): CheckJNI is OFF
D/dalvikvm( 7065): Trying to load lib libjavacore.so 0x0
D/dalvikvm( 7065): Added shared lib libjavacore.so 0x0
D/dalvikvm( 7065): Trying to load lib libnativehelper.so 0x0
D/dalvikvm( 7065): Added shared lib libnativehelper.so 0x0
D/dalvikvm( 7065): No JNI_OnLoad found in libnativehelper.so 0x0, skipping init
D/dalvikvm( 7065): Note: class Landroid/app/ActivityManagerNative; has 179 unimplemented (abstract) methods
D/AndroidRuntime( 7065): Calling main entry com.android.commands.am.Am
I/ActivityManager(  570): Force stopping com.careerbuilder.SugarDrone appid=16685 user=0: start instr
D/dalvikvm( 7090): Late-enabling CheckJNI
I/ActivityManager(  570): Start proc com.careerbuilder.SugarDrone for added application com.careerbuilder.SugarDrone: pid=7090 uid=16685 gids={56685, 3003, 1028, 1015}
I/dalvikvm( 7090): Could not find method android.app.Instrumentation.execStartActivity, referenced from method sh.calaba.exposed.InstrumentationExposed.execStartActivity
W/dalvikvm( 7090): VFY: unable to resolve virtual method 38: Landroid/app/Instrumentation;.execStartActivity (Landroid/content/Context;Landroid/os/IBinder;Landroid/os/IBinder;Landroid/app/Activity;Landroid/content/Intent;I)Landroid/app/Instrumentation$ActivityResult;
D/dalvikvm( 7090): VFY: replacing opcode 0x75 at 0x0000
I/dalvikvm( 7090): Could not find method android.app.Instrumentation.execStartActivity, referenced from method sh.calaba.exposed.InstrumentationExposed.execStartActivity
W/dalvikvm( 7090): VFY: unable to resolve virtual method 41: Landroid/app/Instrumentation;.execStartActivity (Landroid/content/Context;Landroid/os/IBinder;Landroid/os/IBinder;Landroid/app/Fragment;Landroid/content/Intent;I)Landroid/app/Instrumentation$ActivityResult;
D/dalvikvm( 7090): VFY: replacing opcode 0x75 at 0x0000
I/dalvikvm( 7090): Could not find method android.app.Instrumentation.execStartActivityAsCaller, referenced from method sh.calaba.exposed.InstrumentationExposed.execStartActivityAsCaller
W/dalvikvm( 7090): VFY: unable to resolve virtual method 43: Landroid/app/Instrumentation;.execStartActivityAsCaller (Landroid/content/Context;Landroid/os/IBinder;Landroid/os/IBinder;Landroid/app/Activity;Landroid/content/Intent;ILandroid/os/Bundle;I)Landroid/app/Instrumentation$ActivityResult;
D/dalvikvm( 7090): VFY: replacing opcode 0x75 at 0x0000
D/dalvikvm( 7090): Trying to load lib /data/app-lib/com.careerbuilder.SugarDrone-1/libmonodroid.so 0x41f0aeb8
D/dalvikvm( 7090): Added shared lib /data/app-lib/com.careerbuilder.SugarDrone-1/libmonodroid.so 0x41f0aeb8
W/monodroid( 7090): Using override path: /data/data/com.careerbuilder.SugarDrone/files/.__override__
W/monodroid( 7090): Trying to load sgen from: /data/data/com.careerbuilder.SugarDrone/files/.__override__/libmonosgen-2.0.so
W/monodroid( 7090): Trying to load sgen from: /storage/emulated/0/Android/data/com.careerbuilder.SugarDrone/files/.__override__/libmonosgen-2.0.so
W/monodroid( 7090): Trying to load sgen from: /data/app-lib/com.careerbuilder.SugarDrone-1/libmonosgen-2.0.so
D/Mono    ( 7090): Image addref mscorlib[0x75905058] -> mscorlib.dll[0x759043a0]: 2
D/Mono    ( 7090): Prepared to set up assembly 'mscorlib' (mscorlib.dll)
D/Mono    ( 7090): AOT module 'mscorlib.dll.so' not found: dlopen failed: library "/data/app-lib/com.careerbuilder.SugarDrone-1/libaot-mscorlib.dll.so" not found
D/Mono    ( 7090): AOT module '/Users/builder/data/lanes/4009/3a62f1ea/source/monodroid/builds/install/mono-armv6/lib/mono/aot-cache/arm/mscorlib.dll.so' not found: dlopen failed: library "/data/app-lib/com.careerbuilder.SugarDrone-1/libaot-mscorlib.dll.so" not found
D/Mono    ( 7090): Config attempting to parse: 'mscorlib.dll.config'.
D/Mono    ( 7090): Config attempting to parse: '/Users/builder/data/lanes/4009/3a62f1ea/source/monodroid/builds/install/mono-armv6/etc/mono/assemblies/mscorlib/mscorlib.config'.
D/Mono    ( 7090): Assembly mscorlib[0x75905058] added to domain RootDomain, ref_count=1
D/Mono    ( 7090): Image addref CareerBuilder_Search.Droid[0x7a3c9058] -> CareerBuilder_Search.Droid.dll[0x7a3c83b8]: 2
D/Mono    ( 7090): Prepared to set up assembly 'CareerBuilder_Search.Droid' (CareerBuilder_Search.Droid.dll)
D/Mono    ( 7090): Assembly CareerBuilder_Search.Droid[0x7a3c9058] added to domain RootDomain, ref_count=1
D/Mono    ( 7090): AOT module 'CareerBuilder_Search.Droid.dll.so' not found: dlopen failed: library "/data/app-lib/com.careerbuilder.SugarDrone-1/libaot-CareerBuilder_Search.Droid.dll.so" not found
D/Mono    ( 7090): AOT module '/Users/builder/data/lanes/4009/3a62f1ea/source/monodroid/builds/install/mono-armv6/lib/mono/aot-cache/arm/CareerBuilder_Search.Droid.dll.so' not found: dlopen failed: library "/data/app-lib/com.careerbuilder.SugarDrone-1/libaot-CareerBuilder_Search.Droid.dll.so" not found
D/Mono    ( 7090): Config attempting to parse: 'CareerBuilder_Search.Droid.dll.config'.
D/Mono    ( 7090): Config attempting to parse: '/Users/builder/data/lanes/4009/3a62f1ea/source/monodroid/builds/install/mono-armv6/etc/mono/assemblies/CareerBuilder_Search.Droid/CareerBuilder_Search.Droid.config'.
D/Mono    ( 7090): Image addref AppsFlyerXamarinBindingAndroid[0x7a3c9ec0] -> AppsFlyerXamarinBindingAndroid.dll[0x7a3c9270]: 2
D/Mono    ( 7090): Prepared to set up assembly 'AppsFlyerXamarinBindingAndroid' (AppsFlyerXamarinBindingAndroid.dll)
D/Mono    ( 7090): Assembly AppsFlyerXamarinBindingAndroid[0x7a3c9ec0] added to domain RootDomain, ref_count=1
D/Mono    ( 7090): AOT module 'AppsFlyerXamarinBindingAndroid.dll.so' not found: dlopen failed: library "/data/app-lib/com.careerbuilder.SugarDrone-1/libaot-AppsFlyerXamarinBindingAndroid.dll.so" not found
D/Mono    ( 7090): AOT module '/Users/builder/data/lanes/4009/3a62f1ea/source/monodroid/builds/install/mono-armv6/lib/mono/aot-cache/arm/AppsFlyerXamarinBindingAndroid.dll.so' not found: dlopen failed: library "/data/app-lib/com.careerbuilder.SugarDrone-1/libaot-AppsFlyerXamarinBindingAndroid.dll.so" not found
D/Mono    ( 7090): Config attempting to parse: 'AppsFlyerXamarinBindingAndroid.dll.config'.
D/Mono    ( 7090): Config attempting to parse: '/Users/builder/data/lanes/4009/3a62f1ea/source/monodroid/builds/install/mono-armv6/etc/mono/assemblies/AppsFlyerXamarinBindingAndroid/AppsFlyerXamarinBindingAndroid.config'.
D/Mono    ( 7090): Image addref HockeySDK[0x7a3e7c18] -> HockeySDK.dll[0x7a3e7008]: 2
D/Mono    ( 7090): Prepared to set up assembly 'HockeySDK' (HockeySDK.dll)
D/Mono    ( 7090): Assembly HockeySDK[0x7a3e7c18] added to domain RootDomain, ref_count=1
D/Mono    ( 7090): AOT module 'HockeySDK.dll.so' not found: dlopen failed: library "/data/app-lib/com.careerbuilder.SugarDrone-1/libaot-HockeySDK.dll.so" not found
D/Mono    ( 7090): AOT module '/Users/builder/data/lanes/4009/3a62f1ea/source/monodroid/builds/install/mono-armv6/lib/mono/aot-cache/arm/HockeySDK.dll.so' not found: dlopen failed: library "/data/app-lib/com.careerbuilder.SugarDrone-1/libaot-HockeySDK.dll.so" not found
D/Mono    ( 7090): Config attempting to parse: 'HockeySDK.dll.config'.
D/Mono    ( 7090): Config attempting to parse: '/Users/builder/data/lanes/4009/3a62f1ea/source/monodroid/builds/install/mono-armv6/etc/mono/assemblies/HockeySDK/HockeySDK.config'.
D/Mono    ( 7090): Image addref Akavache[0x7a3e8990] -> Akavache.dll[0x7a3e7d00]: 2
D/Mono    ( 7090): Prepared to set up assembly 'Akavache' (Akavache.dll)
D/Mono    ( 7090): Assembly Akavache[0x7a3e8990] added to domain RootDomain, ref_count=1
D/Mono    ( 7090): AOT module 'Akavache.dll.so' not found: dlopen failed: library "/data/app-lib/com.careerbuilder.SugarDrone-1/libaot-Akavache.dll.so" not found
D/Mono    ( 7090): AOT module '/Users/builder/data/lanes/4009/3a62f1ea/source/monodroid/builds/install/mono-armv6/lib/mono/aot-cache/arm/Akavache.dll.so' not found: dlopen failed: library "/data/app-lib/com.careerbuilder.SugarDrone-1/libaot-Akavache.dll.so" not found
D/Mono    ( 7090): Config attempting to parse: 'Akavache.dll.config'.
D/Mono    ( 7090): Config attempting to parse: '/Users/builder/data/lanes/4009/3a62f1ea/source/monodroid/builds/install/mono-armv6/etc/mono/assemblies/Akavache/Akavache.config'.
D/Mono    ( 7090): Image addref Akavache.Sqlite3[0x7a3e96f0] -> Akavache.Sqlite3.dll[0x7a3e8a90]: 2
D/Mono    ( 7090): Prepared to set up assembly 'Akavache.Sqlite3' (Akavache.Sqlite3.dll)
D/Mono    ( 7090): Assembly Akavache.Sqlite3[0x7a3e96f0] added to domain RootDomain, ref_count=1
D/Mono    ( 7090): AOT module 'Akavache.Sqlite3.dll.so' not found: dlopen failed: library "/data/app-lib/com.careerbuilder.SugarDrone-1/libaot-Akavache.Sqlite3.dll.so" not found
D/Mono    ( 7090): AOT module '/Users/builder/data/lanes/4009/3a62f1ea/source/monodroid/builds/install/mono-armv6/lib/mono/aot-cache/arm/Akavache.Sqlite3.dll.so' not found: dlopen failed: library "/data/app-lib/com.careerbuilder.SugarDrone-1/libaot-Akavache.Sqlite3.dll.so" not found
W/        ( 7090): Symbol file LoadedFromMemory doesn't match image Akavache.Sqlite3.dll
D/Mono    ( 7090): Config attempting to parse: 'Akavache.Sqlite3.dll.config'.
D/Mono    ( 7090): Config attempting to parse: '/Users/builder/data/lanes/4009/3a62f1ea/source/monodroid/builds/install/mono-armv6/etc/mono/assemblies/Akavache.Sqlite3/Akavache.Sqlite3.config'.
D/Mono    ( 7090): Image addref Splat[0x7a3ea420] -> Splat.dll[0x7a3e97e0]: 2
D/Mono    ( 7090): Prepared to set up assembly 'Splat' (Splat.dll)
D/Mono    ( 7090): Assembly Splat[0x7a3ea420] added to domain RootDomain, ref_count=1
D/Mono    ( 7090): AOT module 'Splat.dll.so' not found: dlopen failed: library "/data/app-lib/com.careerbuilder.SugarDrone-1/libaot-Splat.dll.so" not found
D/Mono    ( 7090): AOT module '/Users/builder/data/lanes/4009/3a62f1ea/source/monodroid/builds/install/mono-armv6/lib/mono/aot-cache/arm/Splat.dll.so' not found: dlopen failed: library "/data/app-lib/com.careerbuilder.SugarDrone-1/libaot-Splat.dll.so" not found
D/Mono    ( 7090): Config attempting to parse: 'Splat.dll.config'.
D/Mono    ( 7090): Config attempting to parse: '/Users/builder/data/lanes/4009/3a62f1ea/source/monodroid/builds/install/mono-armv6/etc/mono/assemblies/Splat/Splat.config'.
D/Mono    ( 7090): Image addref Microsoft.Practices.ServiceLocation[0x7a3ee238] -> Microsoft.Practices.ServiceLocation.dll[0x7a3ed5f8]: 2
D/Mono    ( 7090): Prepared to set up assembly 'Microsoft.Practices.ServiceLocation' (Microsoft.Practices.ServiceLocation.dll)
D/Mono    ( 7090): Assembly Microsoft.Practices.ServiceLocation[0x7a3ee238] added to domain RootDomain, ref_count=1
D/Mono    ( 7090): AOT module 'Microsoft.Practices.ServiceLocation.dll.so' not found: dlopen failed: library "/data/app-lib/com.careerbuilder.SugarDrone-1/libaot-Microsoft.Practices.ServiceLocation.dll.so" not found
D/Mono    ( 7090): AOT module '/Users/builder/data/lanes/4009/3a62f1ea/source/monodroid/builds/install/mono-armv6/lib/mono/aot-cache/arm/Microsoft.Practices.ServiceLocation.dll.so' not found: dlopen failed: library "/data/app-lib/com.careerbuilder.SugarDrone-1/libaot-Microsoft.Practices.ServiceLocation.dll.so" not found
D/Mono    ( 7090): Config attempting to parse: 'Microsoft.Practices.ServiceLocation.dll.config'.
D/Mono    ( 7090): Config attempting to parse: '/Users/builder/data/lanes/4009/3a62f1ea/source/monodroid/builds/install/mono-armv6/etc/mono/assemblies/Microsoft.Practices.ServiceLocation/Microsoft.Practices.ServiceLocation.config'.
D/Mono    ( 7090): Image addref Microsoft.Practices.Unity[0x7a3ef820] -> Microsoft.Practices.Unity.dll[0x7a3eebb0]: 2
D/Mono    ( 7090): Prepared to set up assembly 'Microsoft.Practices.Unity' (Microsoft.Practices.Unity.dll)
D/Mono    ( 7090): Assembly Microsoft.Practices.Unity[0x7a3ef820] added to domain RootDomain, ref_count=1
D/Mono    ( 7090): AOT module 'Microsoft.Practices.Unity.dll.so' not found: dlopen failed: library "/data/app-lib/com.careerbuilder.SugarDrone-1/libaot-Microsoft.Practices.Unity.dll.so" not found
D/Mono    ( 7090): AOT module '/Users/builder/data/lanes/4009/3a62f1ea/source/monodroid/builds/install/mono-armv6/lib/mono/aot-cache/arm/Microsoft.Practices.Unity.dll.so' not found: dlopen failed: library "/data/app-lib/com.careerbuilder.SugarDrone-1/libaot-Microsoft.Practices.Unity.dll.so" not found
D/Mono    ( 7090): Config attempting to parse: 'Microsoft.Practices.Unity.dll.config'.
D/Mono    ( 7090): Config attempting to parse: '/Users/builder/data/lanes/4009/3a62f1ea/source/monodroid/builds/install/mono-armv6/etc/mono/assemblies/Microsoft.Practices.Unity/Microsoft.Practices.Unity.config'.
D/Mono    ( 7090): Image addref Plugin.CurrentActivity[0x7a3f0570] -> Plugin.CurrentActivity.dll[0x7a3ef940]: 2
D/Mono    ( 7090): Prepared to set up assembly 'Plugin.CurrentActivity' (Plugin.CurrentActivity.dll)
D/Mono    ( 7090): Assembly Plugin.CurrentActivity[0x7a3f0570] added to domain RootDomain, ref_count=1
D/Mono    ( 7090): AOT module 'Plugin.CurrentActivity.dll.so' not found: dlopen failed: library "/data/app-lib/com.careerbuilder.SugarDrone-1/libaot-Plugin.CurrentActivity.dll.so" not found
D/Mono    ( 7090): AOT module '/Users/builder/data/lanes/4009/3a62f1ea/source/monodroid/builds/install/mono-armv6/lib/mono/aot-cache/arm/Plugin.CurrentActivity.dll.so' not found: dlopen failed: library "/data/app-lib/com.careerbuilder.SugarDrone-1/libaot-Plugin.CurrentActivity.dll.so" not found
D/Mono    ( 7090): Config attempting to parse: 'Plugin.CurrentActivity.dll.config'.
D/Mono    ( 7090): Config attempting to parse: '/Users/builder/data/lanes/4009/3a62f1ea/source/monodroid/builds/install/mono-armv6/etc/mono/assemblies/Plugin.CurrentActivity/Plugin.CurrentActivity.config'.
D/Mono    ( 7090): Image addref Plugin.Permissions[0x7a3f12c0] -> Plugin.Permissions.dll[0x7a3f06a0]: 2
D/Mono    ( 7090): Prepared to set up assembly 'Plugin.Permissions' (Plugin.Permissions.dll)
D/Mono    ( 7090): Assembly Plugin.Permissions[0x7a3f12c0] added to domain RootDomain, ref_count=1
D/Mono    ( 7090): AOT module 'Plugin.Permissions.dll.so' not found: dlopen failed: library "/data/app-lib/com.careerbuilder.SugarDrone-1/libaot-Plugin.Permissions.dll.so" not found
D/Mono    ( 7090): AOT module '/Users/builder/data/lanes/4009/3a62f1ea/source/monodroid/builds/install/mono-armv6/lib/mono/aot-cache/arm/Plugin.Permissions.dll.so' not found: dlopen failed: library "/data/app-lib/com.careerbuilder.SugarDrone-1/libaot-Plugin.Permissions.dll.so" not found
D/Mono    ( 7090): Config attempting to parse: 'Plugin.Permissions.dll.config'.
D/Mono    ( 7090): Config attempting to parse: '/Users/builder/data/lanes/4009/3a62f1ea/source/monodroid/builds/install/mono-armv6/etc/mono/assemblies/Plugin.Permissions/Plugin.Permissions.config'.
D/Mono    ( 7090): Image addref Plugin.Permissions.Abstractions[0x7a3f29e0] -> Plugin.Permissions.Abstractions.dll[0x7a3f1d80]: 2
D/Mono    ( 7090): Prepared to set up assembly 'Plugin.Permissions.Abstractions' (Plugin.Permissions.Abstractions.dll)
D/Mono    ( 7090): Assembly Plugin.Permissions.Abstractions[0x7a3f29e0] added to domain RootDomain, ref_count=1
D/Mono    ( 7090): AOT module 'Plugin.Permissions.Abstractions.dll.so' not found: dlopen failed: library "/data/app-lib/com.careerbuilder.SugarDrone-1/libaot-Plugin.Permissions.Abstractions.dll.so" not found
D/Mono    ( 7090): AOT module '/Users/builder/data/lanes/4009/3a62f1ea/source/monodroid/builds/install/mono-armv6/lib/mono/aot-cache/arm/Plugin.Permissions.Abstractions.dll.so' not found: dlopen failed: library "/data/app-lib/com.careerbuilder.SugarDrone-1/libaot-Plugin.Permissions.Abstractions.dll.so" not found
D/Mono    ( 7090): Config attempting to parse: 'Plugin.Permissions.Abstractions.dll.config'.
D/Mono    ( 7090): Config attempting to parse: '/Users/builder/data/lanes/4009/3a62f1ea/source/monodroid/builds/install/mono-armv6/etc/mono/assemblies/Plugin.Permissions.Abstractions/Plugin.Permissions.Abstractions.config'.
D/Mono    ( 7090): Image addref Plugin.Geolocator[0x7a3f3890] -> Plugin.Geolocator.dll[0x7a3f2c40]: 2
D/Mono    ( 7090): Prepared to set up assembly 'Plugin.Geolocator' (Plugin.Geolocator.dll)
D/Mono    ( 7090): Assembly Plugin.Geolocator[0x7a3f3890] added to domain RootDomain, ref_count=1
D/Mono    ( 7090): AOT module 'Plugin.Geolocator.dll.so' not found: dlopen failed: library "/data/app-lib/com.careerbuilder.SugarDrone-1/libaot-Plugin.Geolocator.dll.so" not found
D/Mono    ( 7090): AOT module '/Users/builder/data/lanes/4009/3a62f1ea/source/monodroid/builds/install/mono-armv6/lib/mono/aot-cache/arm/Plugin.Geolocator.dll.so' not found: dlopen failed: library "/data/app-lib/com.careerbuilder.SugarDrone-1/libaot-Plugin.Geolocator.dll.so" not found
D/Mono    ( 7090): Config attempting to parse: 'Plugin.Geolocator.dll.config'.
D/Mono    ( 7090): Config attempting to parse: '/Users/builder/data/lanes/4009/3a62f1ea/source/monodroid/builds/install/mono-armv6/etc/mono/assemblies/Plugin.Geolocator/Plugin.Geolocator.config'.
D/Mono    ( 7090): Image addref Plugin.Geolocator.Abstractions[0x7a3f5828] -> Plugin.Geolocator.Abstractions.dll[0x7a3f4c10]: 2
D/Mono    ( 7090): Prepared to set up assembly 'Plugin.Geolocator.Abstractions' (Plugin.Geolocator.Abstractions.dll)
D/Mono    ( 7090): Assembly Plugin.Geolocator.Abstractions[0x7a3f5828] added to domain RootDomain, ref_count=1
D/Mono    ( 7090): AOT module 'Plugin.Geolocator.Abstractions.dll.so' not found: dlopen failed: library "/data/app-lib/com.careerbuilder.SugarDrone-1/libaot-Plugin.Geolocator.Abstractions.dll.so" not found
D/Mono    ( 7090): AOT module '/Users/builder/data/lanes/4009/3a62f1ea/source/monodroid/builds/install/mono-armv6/lib/mono/aot-cache/arm/Plugin.Geolocator.Abstractions.dll.so' not found: dlopen failed: library "/data/app-lib/com.careerbuilder.SugarDrone-1/libaot-Plugin.Geolocator.Abstractions.dll.so" not found
D/Mono    ( 7090): Config attempting to parse: 'Plugin.Geolocator.Abstractions.dll.config'.
D/Mono    ( 7090): Config attempting to parse: '/Users/builder/data/lanes/4009/3a62f1ea/source/monodroid/builds/install/mono-armv6/etc/mono/assemblies/Plugin.Geolocator.Abstractions/Plugin.Geolocator.Abstractions.config'.
D/Mono    ( 7090): Image addref Plugin.DeviceInfo[0x7a3f6ba0] -> Plugin.DeviceInfo.dll[0x7a3f5f40]: 2
D/Mono    ( 7090): Prepared to set up assembly 'Plugin.DeviceInfo' (Plugin.DeviceInfo.dll)
D/Mono    ( 7090): Assembly Plugin.DeviceInfo[0x7a3f6ba0] added to domain RootDomain, ref_count=1
D/Mono    ( 7090): AOT module 'Plugin.DeviceInfo.dll.so' not found: dlopen failed: library "/data/app-lib/com.careerbuilder.SugarDrone-1/libaot-Plugin.DeviceInfo.dll.so" not found
D/Mono    ( 7090): AOT module '/Users/builder/data/lanes/4009/3a62f1ea/source/monodroid/builds/install/mono-armv6/lib/mono/aot-cache/arm/Plugin.DeviceInfo.dll.so' not found: dlopen failed: library "/data/app-lib/com.careerbuilder.SugarDrone-1/libaot-Plugin.DeviceInfo.dll.so" not found
D/Mono    ( 7090): Config attempting to parse: 'Plugin.DeviceInfo.dll.config'.
D/Mono    ( 7090): Config attempting to parse: '/Users/builder/data/lanes/4009/3a62f1ea/source/monodroid/builds/install/mono-armv6/etc/mono/assemblies/Plugin.DeviceInfo/Plugin.DeviceInfo.config'.
D/Mono    ( 7090): Image addref Plugin.DeviceInfo.Abstractions[0x7a3f7d90] -> Plugin.DeviceInfo.Abstractions.dll[0x7a3f7120]: 2
D/Mono    ( 7090): Prepared to set up assembly 'Plugin.DeviceInfo.Abstractions' (Plugin.DeviceInfo.Abstractions.dll)
D/Mono    ( 7090): Assembly Plugin.DeviceInfo.Abstractions[0x7a3f7d90] added to domain RootDomain, ref_count=1
D/Mono    ( 7090): AOT module 'Plugin.DeviceInfo.Abstractions.dll.so' not found: dlopen failed: library "/data/app-lib/com.careerbuilder.SugarDrone-1/libaot-Plugin.DeviceInfo.Abstractions.dll.so" not found
D/Mono    ( 7090): AOT module '/Users/builder/data/lanes/4009/3a62f1ea/source/monodroid/builds/install/mono-armv6/lib/mono/aot-cache/arm/Plugin.DeviceInfo.Abstractions.dll.so' not found: dlopen failed: library "/data/app-lib/com.careerbuilder.SugarDrone-1/libaot-Plugin.DeviceInfo.Abstractions.dll.so" not found
D/Mono    ( 7090): Config attempting to parse: 'Plugin.DeviceInfo.Abstractions.dll.config'.
D/Mono    ( 7090): Config attempting to parse: '/Users/builder/data/lanes/4009/3a62f1ea/source/monodroid/builds/install/mono-armv6/etc/mono/assemblies/Plugin.DeviceInfo.Abstractions/Plugin.DeviceInfo.Abstractions.config'.
D/Mono    ( 7090): Image addref Xamarin.GooglePlayServices.Analytics[0x7a3f8c78] -> Xamarin.GooglePlayServices.Analytics.dll[0x7a3f8068]: 2
D/Mono    ( 7090): Prepared to set up assembly 'Xamarin.GooglePlayServices.Analytics' (Xamarin.GooglePlayServices.Analytics.dll)
D/Mono    ( 7090): Assembly Xamarin.GooglePlayServices.Analytics[0x7a3f8c78] added to domain RootDomain, ref_count=1
D/Mono    ( 7090): AOT module 'Xamarin.GooglePlayServices.Analytics.dll.so' not found: dlopen failed: library "/data/app-lib/com.careerbuilder.SugarDrone-1/libaot-Xamarin.GooglePlayServices.Analytics.dll.so" not found
D/Mono    ( 7090): AOT module '/Users/builder/data/lanes/4009/3a62f1ea/source/monodroid/builds/install/mono-armv6/lib/mono/aot-cache/arm/Xamarin.GooglePlayServices.Analytics.dll.so' not found: dlopen failed: library "/data/app-lib/com.careerbuilder.SugarDrone-1/libaot-Xamarin.GooglePlayServices.Analytics.dll.so" not found
D/Mono    ( 7090): Config attempting to parse: 'Xamarin.GooglePlayServices.Analytics.dll.config'.
D/Mono    ( 7090): Config attempting to parse: '/Users/builder/data/lanes/4009/3a62f1ea/source/monodroid/builds/install/mono-armv6/etc/mono/assemblies/Xamarin.GooglePlayServices.Analytics/Xamarin.GooglePlayServices.Analytics.config'.
D/Mono    ( 7090): Image addref Xamarin.GooglePlayServices.Base[0x7a3f99d0] -> Xamarin.GooglePlayServices.Base.dll[0x7a3f8e18]: 2
D/Mono    ( 7090): Prepared to set up assembly 'Xamarin.GooglePlayServices.Base' (Xamarin.GooglePlayServices.Base.dll)
D/Mono    ( 7090): Assembly Xamarin.GooglePlayServices.Base[0x7a3f99d0] added to domain RootDomain, ref_count=1
