W/ResourceType( 9991): No known package when getting name for resource number 0xffffffff
W/ResourceType( 9991): No known package when getting name for resource number 0xffffffff
W/ResourceType( 9991): No known package when getting name for resource number 0xffffffff
W/ResourceType( 9991): No known package when getting name for resource number 0xffffffff
W/ResourceType( 9991): No known package when getting name for resource number 0xffffffff
W/ResourceType( 9991): No known package when getting name for resource number 0xffffffff
W/ResourceType( 9991): No known package when getting name for resource number 0xffffffff
W/ResourceType( 9991): No known package when getting name for resource number 0xffffffff
W/ResourceType( 9991): No known package when getting name for resource number 0xffffffff
W/ResourceType( 9991): No known package when getting name for resource number 0xffffffff
W/ResourceType( 9991): No known package when getting name for resource number 0xffffffff
W/ResourceType( 9991): No known package when getting name for resource number 0xffffffff
W/ResourceType( 9991): No known package when getting name for resource number 0xffffffff
W/ResourceType( 9991): No known package when getting name for resource number 0xffffffff
W/ResourceType( 9991): No known package when getting name for resource number 0xffffffff
W/ResourceType( 9991): No known package when getting name for resource number 0xffffffff
W/ResourceType( 9991): No known package when getting name for resource number 0xffffffff
W/ResourceType( 9991): No known package when getting name for resource number 0xffffffff
W/ResourceType( 9991): No known package when getting name for resource number 0xffffffff
W/ResourceType( 9991): No known package when getting name for resource number 0xffffffff
W/ResourceType( 9991): No known package when getting name for resource number 0xffffffff
W/ResourceType( 9991): No known package when getting name for resource number 0xffffffff
W/ResourceType( 9991): No known package when getting name for resource number 0xffffffff
W/ResourceType( 9991): No known package when getting name for resource number 0xffffffff
W/ResourceType( 9991): No known package when getting name for resource number 0xffffffff
W/ResourceType( 9991): No known package when getting name for resource number 0xffffffff
W/ResourceType( 9991): No known package when getting name for resource number 0xffffffff
W/ResourceType( 9991): No known package when getting name for resource number 0xffffffff
W/ResourceType( 9991): No known package when getting name for resource number 0xffffffff
W/ResourceType( 9991): No known package when getting name for resource number 0xffffffff
W/ResourceType( 9991): No known package when getting name for resource number 0xffffffff
W/ResourceType( 9991): No known package when getting name for resource number 0xffffffff
W/ResourceType( 9991): No known package when getting name for resource number 0xffffffff
W/ResourceType( 9991): No known package when getting name for resource number 0xffffffff
W/ResourceType( 9991): No known package when getting name for resource number 0xffffffff
W/ResourceType( 9991): No known package when getting name for resource number 0xffffffff
W/ResourceType( 9991): No known package when getting name for resource number 0xffffffff
W/ResourceType( 9991): No known package when getting name for resource number 0xffffffff
W/ResourceType( 9991): No known package when getting name for resource number 0xffffffff
W/ResourceType( 9991): No known package when getting name for resource number 0xffffffff
I/System.out( 9991): URI: /map
I/System.out( 9991): params: {json={"query":"all * index:0","operation":{"method_name":"query","arguments":[]}}
I/System.out( 9991): }
I/art     ( 9991): Starting a blocking GC Explicit
I/art     ( 9991): Explicit concurrent mark sweep GC freed 72022(2MB) AllocSpace objects, 5(100KB) LOS objects, 28% free, 40MB/56MB, paused 1.235ms total 41.032ms
I/art     ( 9991): Starting a blocking GC Explicit
I/art     ( 9991): Explicit concurrent mark sweep GC freed 3581(166KB) AllocSpace objects, 0(0B) LOS objects, 28% free, 40MB/56MB, paused 1.045ms total 27.813ms
I/art     ( 9991): Starting a blocking GC Explicit
I/art     ( 9991): Explicit concurrent mark sweep GC freed 1924(101KB) AllocSpace objects, 0(0B) LOS objects, 28% free, 40MB/56MB, paused 1.247ms total 28.813ms
I/art     ( 9991): Starting a blocking GC Explicit
I/art     ( 9991): Explicit concurrent mark sweep GC freed 1225(53KB) AllocSpace objects, 0(0B) LOS objects, 28% free, 40MB/56MB, paused 958us total 28.843ms
I/art     ( 9991): Starting a blocking GC Explicit
I/art     ( 9991): Explicit concurrent mark sweep GC freed 1710(74KB) AllocSpace objects, 0(0B) LOS objects, 28% free, 40MB/56MB, paused 1.036ms total 29.731ms
W/ResourceType( 9991): No known package when getting name for resource number 0xffffffff
I/System.out( 9991): URI: /map
I/System.out( 9991): params: {json={"query":"all * index:0","operation":{"method_name":"query","arguments":[]}}
I/System.out( 9991): }
W/ResourceType( 9991): No known package when getting name for resource number 0xffffffff
I/System.out( 9991): URI: /gesture
I/System.out( 9991): params: {json={"gestures":[{"touches":[{"query_string":null,"offset_x":1332,"offset_y":1196,"wait":0.0,"time":0.244,"x":0,"y":0,"release":false},{"query_string":null,"offset_x":108,"offset_y":1196,"wait":0.0,"time":0.0,"x":0,"y":0,"release":false}]}],"query_timeout":5.0}
I/System.out( 9991): }
I/mono-stdout( 9991): uri is: https://api.careerbuilder.com/consumer/resumes?OAuthToken=&HostSite=US&DeveloperKey=WDHR8FC6P2JZ1Y61KLM5
I/mono-stdout( 9991): making api call to: /consumer/resumes?OAuthToken=&HostSite=US&DeveloperKey=WDHR8FC6P2JZ1Y61KLM5
I/Keyboard.Facilitator( 3392): onFinishInput()
I/System.out( 9991): URI: /map
I/System.out( 9991): params: {json={"query":"*","operation":{"method_name":"query","arguments":[]}}
I/System.out( 9991): }
I/mono-stdout( 9991): done making call to: /consumer/resumes?OAuthToken=&HostSite=US&DeveloperKey=WDHR8FC6P2JZ1Y61KLM5
I/mono-stdout( 9991): The resume  with hash has been set as latest
I/ServiceManager(  536): Waiting for service AtCmdFwd...
W/ResourceType( 9991): No known package when getting name for resource number 0xffffffff
W/ResourceType( 9991): No known package when getting name for resource number 0xffffffff
W/ResourceType( 9991): No known package when getting name for resource number 0xffffffff
W/ResourceType( 9991): No known package when getting name for resource number 0xffffffff
W/ResourceType( 9991): No known package when getting name for resource number 0xffffffff
W/ResourceType( 9991): No known package when getting name for resource number 0xffffffff
W/ResourceType( 9991): No known package when getting name for resource number 0xffffffff
W/ResourceType( 9991): No known package when getting name for resource number 0xffffffff
W/ResourceType( 9991): No known package when getting name for resource number 0xffffffff
W/ResourceType( 9991): No known package when getting name for resource number 0xffffffff
W/ResourceType( 9991): No known package when getting name for resource number 0xffffffff
W/ResourceType( 9991): No known package when getting name for resource number 0xffffffff
W/ResourceType( 9991): No known package when getting name for resource number 0xffffffff
W/ResourceType( 9991): No known package when getting name for resource number 0xffffffff
W/ResourceType( 9991): No known package when getting name for resource number 0xffffffff
I/ServiceManager(  536): Waiting for service AtCmdFwd...
W/ResourceType( 9991): No known package when getting name for resource number 0xffffffff
W/ResourceType( 9991): No known package when getting name for resource number 0xffffffff
I/System.out( 9991): URI: /map
I/System.out( 9991): params: {json={"query":"*","operation":{"method_name":"query","arguments":[]}}
I/System.out( 9991): }
I/ServiceManager(  536): Waiting for service AtCmdFwd...
W/ResourceType( 9991): No known package when getting name for resource number 0xffffffff
W/ResourceType( 9991): No known package when getting name for resource number 0xffffffff
W/ResourceType( 9991): No known package when getting name for resource number 0xffffffff
W/ResourceType( 9991): No known package when getting name for resource number 0xffffffff
W/ResourceType( 9991): No known package when getting name for resource number 0xffffffff
W/ResourceType( 9991): No known package when getting name for resource number 0xffffffff
W/ResourceType( 9991): No known package when getting name for resource number 0xffffffff
W/ResourceType( 9991): No known package when getting name for resource number 0xffffffff
W/ResourceType( 9991): No known package when getting name for resource number 0xffffffff
W/ResourceType( 9991): No known package when getting name for resource number 0xffffffff
W/ResourceType( 9991): No known package when getting name for resource number 0xffffffff
W/ResourceType( 9991): No known package when getting name for resource number 0xffffffff
W/ResourceType( 9991): No known package when getting name for resource number 0xffffffff
W/ResourceType( 9991): No known package when getting name for resource number 0xffffffff
W/ResourceType( 9991): No known package when getting name for resource number 0xffffffff
W/ResourceType( 9991): No known package when getting name for resource number 0xffffffff
W/ResourceType( 9991): No known package when getting name for resource number 0xffffffff
I/ServiceManager(  536): Waiting for service AtCmdFwd...
I/art     ( 9991): Starting a blocking GC Explicit
I/art     ( 9991): Explicit concurrent mark sweep GC freed 65235(2MB) AllocSpace objects, 6(128KB) LOS objects, 28% free, 39MB/55MB, paused 1.075ms total 43.189ms
I/art     ( 9991): Starting a blocking GC Explicit
I/ThermalEngine(  518): ACTION: GPU - Setting GPU[0] to 450000000
I/art     ( 9991): Explicit concurrent mark sweep GC freed 61(3056B) AllocSpace objects, 0(0B) LOS objects, 28% free, 39MB/55MB, paused 1.129ms total 29.191ms
I/art     ( 9991): Starting a blocking GC Explicit
I/art     ( 9991): Explicit concurrent mark sweep GC freed 17(1408B) AllocSpace objects, 0(0B) LOS objects, 28% free, 39MB/55MB, paused 612us total 22.866ms
I/art     ( 9991): Starting a blocking GC Explicit
I/art     ( 9991): Explicit concurrent mark sweep GC freed 17(1408B) AllocSpace objects, 0(0B) LOS objects, 28% free, 39MB/55MB, paused 628us total 22.991ms
I/art     ( 9991): Starting a blocking GC Explicit
I/art     ( 9991): Explicit concurrent mark sweep GC freed 3(96B) AllocSpace objects, 0(0B) LOS objects, 28% free, 39MB/55MB, paused 615us total 23.188ms
I/ServiceManager(  536): Waiting for service AtCmdFwd...
W/Atfwd_Sendcmd(  536): AtCmdFwd service not published, waiting... retryCnt : 5
I/ThermalEngine(  518): ACTION: GPU - Setting GPU[0] to 390000000
I/ThermalEngine(  518): ACTION: GPU - Setting GPU[0] to 450000000
I/art     ( 9991): Starting a blocking GC Explicit
I/art     ( 9991): Explicit concurrent mark sweep GC freed 2811(214KB) AllocSpace objects, 1(20KB) LOS objects, 28% free, 39MB/55MB, paused 613us total 23.170ms
I/art     ( 9991): Starting a blocking GC Explicit
I/art     ( 9991): Explicit concurrent mark sweep GC freed 23(1248B) AllocSpace objects, 0(0B) LOS objects, 28% free, 39MB/55MB, paused 676us total 22.830ms
I/art     ( 9991): Starting a blocking GC Explicit
I/art     ( 9991): Explicit concurrent mark sweep GC freed 17(1408B) AllocSpace objects, 0(0B) LOS objects, 28% free, 39MB/55MB, paused 655us total 23.165ms
I/art     ( 9991): Starting a blocking GC Explicit
I/art     ( 9991): Explicit concurrent mark sweep GC freed 17(1408B) AllocSpace objects, 0(0B) LOS objects, 28% free, 39MB/55MB, paused 586us total 22.677ms
I/art     ( 9991): Starting a blocking GC Explicit
I/art     ( 9991): Explicit concurrent mark sweep GC freed 17(1408B) AllocSpace objects, 0(0B) LOS objects, 28% free, 39MB/55MB, paused 618us total 22.582ms

]]><xtc-duration value="135.4337323"/></xtc-step><!-- name: "undefined", id: "undefined" --><![CDATA[

]]><xtc-step name="[0-1116]CareerBuilder_Search.DroidFeatureTests.SavedJobsTests.AllFitlerShowsOnlyAllAndSticksBetweenTabs-0-7EA587ADDF68305A2CC6FE8E3A181974734340B6-SwipeRightToLeft - swipe to Resume" id="[0-1116]CareerBuilder_Search.DroidFeatureTests.SavedJobsTests.AllFitlerShowsOnlyAllAndSticksBetweenTabs-0-7EA587ADDF68305A2CC6FE8E3A181974734340B6-SwipeRightToLeft - swipe to Resume"><![CDATA[
I/ThermalEngine(  518): ACTION: GPU - Setting GPU[0] to 390000000
I/System.out( 9991): URI: /map
I/System.out( 9991): params: {json={"query":"all * index:0","operation":{"method_name":"query","arguments":[]}}
I/System.out( 9991): }
W/ResourceType( 9991): No known package when getting name for resource number 0xffffffff
I/System.out( 9991): URI: /map
I/System.out( 9991): params: {json={"query":"all * index:0","operation":{"method_name":"query","arguments":[]}}
I/System.out( 9991): }
W/ResourceType( 9991): No known package when getting name for resource number 0xffffffff
I/System.out( 9991): URI: /gesture
I/System.out( 9991): params: {json={"gestures":[{"touches":[{"query_string":null,"offset_x":108,"offset_y":1196,"wait":0.0,"time":0.244,"x":0,"y":0,"release":false},{"query_string":null,"offset_x":1332,"offset_y":1196,"wait":0.0,"time":0.0,"x":0,"y":0,"release":false}]}],"query_timeout":5.0}
I/System.out( 9991): }
I/mono-stdout( 9991): uri is: https://api.careerbuilder.com/consumer/saved-jobs/?DeveloperKey=WDHR8FC6P2JZ1Y61KLM5
I/mono-stdout( 9991): making api call to: /consumer/saved-jobs/?DeveloperKey=WDHR8FC6P2JZ1Y61KLM5
I/mono-stdout( 9991): Method: GET, RequestUri: 'https://api.careerbuilder.com/consumer/saved-jobs/?DeveloperKey=WDHR8FC6P2JZ1Y61KLM5', Version: 1.1, Content: <null>, Headers:

I/mono-stdout( 9991): {

I/mono-stdout( 9991): DeveloperKey: WDHR8FC6P2JZ1Y61KLM5

I/mono-stdout( 9991): Accept: application/json

I/mono-stdout( 9991): Authorization: Bearer test

I/mono-stdout( 9991): HostSite: US

I/mono-stdout( 9991): }
I/mono-stdout( 9991): Current State = 1,2,6,7
I/mono-stdout( 9991): applied jobs = 6
I/mono-stdout( 9991): expired jobs = 7
I/mono-stdout( 9991): saved jobs = Saved,Saved,Applied,Saved
I/System.out( 9991): URI: /map
I/System.out( 9991): params: {json={"query":"*","operation":{"method_name":"query","arguments":[]}}
I/System.out( 9991): }
I/mono-stdout( 9991): done making call to: /consumer/saved-jobs/?DeveloperKey=WDHR8FC6P2JZ1Y61KLM5
D/Mono    ( 9991): [0xd7779930] hill climbing, change max number of threads 8
I/Keyboard.Facilitator( 3392): onFinishInput()
I/art     ( 9991): Starting a blocking GC Explicit
I/art     ( 9991): Explicit concurrent mark sweep GC freed 222316(8MB) AllocSpace objects, 11(220KB) LOS objects, 28% free, 40MB/56MB, paused 1.113ms total 57.818ms
I/art     ( 9991): Starting a blocking GC Explicit
I/art     ( 9991): Explicit concurrent mark sweep GC freed 7522(220KB) AllocSpace objects, 0(0B) LOS objects, 28% free, 40MB/56MB, paused 1.081ms total 30.130ms
I/art     ( 9991): Starting a blocking GC Explicit
I/art     ( 9991): Explicit concurrent mark sweep GC freed 4594(134KB) AllocSpace objects, 0(0B) LOS objects, 28% free, 40MB/56MB, paused 1.266ms total 29.300ms
I/art     ( 9991): Starting a blocking GC Explicit
I/art     ( 9991): Explicit concurrent mark sweep GC freed 4447(129KB) AllocSpace objects, 0(0B) LOS objects, 28% free, 40MB/56MB, paused 999us total 27.502ms
I/art     ( 9991): Starting a blocking GC Explicit
I/art     ( 9991): Explicit concurrent mark sweep GC freed 4273(123KB) AllocSpace objects, 0(0B) LOS objects, 28% free, 40MB/56MB, paused 1.036ms total 28.844ms
W/ResourceType( 9991): No known package when getting name for resource number 0xffffffff
W/ResourceType( 9991): No known package when getting name for resource number 0xffffffff
W/ResourceType( 9991): No known package when getting name for resource number 0xffffffff
W/ResourceType( 9991): No known package when getting name for resource number 0xffffffff
W/ResourceType( 9991): No known package when getting name for resource number 0xffffffff
W/ResourceType( 9991): No known package when getting name for resource number 0xffffffff
W/ResourceType( 9991): No known package when getting name for resource number 0xffffffff
W/ResourceType( 9991): No known package when getting name for resource number 0xffffffff
W/ResourceType( 9991): No known package when getting name for resource number 0xffffffff
W/ResourceType( 9991): No known package when getting name for resource number 0xffffffff
W/ResourceType( 9991): No known package when getting name for resource number 0xffffffff
W/ResourceType( 9991): No known package when getting name for resource number 0xffffffff
W/ResourceType( 9991): No known package when getting name for resource number 0xffffffff
W/ResourceType( 9991): No known package when getting name for resource number 0xffffffff
W/ResourceType( 9991): No known package when getting name for resource number 0xffffffff
W/ResourceType( 9991): No known package when getting name for resource number 0xffffffff
W/ResourceType( 9991): No known package when getting name for resource number 0xffffffff
D/WifiStateMachine(  924): starting scan for "xtc-ag"WPA_PSK with 5240,5180,5220,5200
I/System.out( 9991): URI: /map
I/System.out( 9991): params: {json={"query":"*","operation":{"method_name":"query","arguments":[]}}
I/System.out( 9991): }
W/ResourceType( 9991): No known package when getting name for resource number 0xffffffff
W/ResourceType( 9991): No known package when getting name for resource number 0xffffffff
W/ResourceType( 9991): No known package when getting name for resource number 0xffffffff
W/ResourceType( 9991): No known package when getting name for resource number 0xffffffff
W/ResourceType( 9991): No known package when getting name for resource number 0xffffffff
W/ResourceType( 9991): No known package when getting name for resource number 0xffffffff
W/ResourceType( 9991): No known package when getting name for resource number 0xffffffff
W/ResourceType( 9991): No known package when getting name for resource number 0xffffffff
W/ResourceType( 9991): No known package when getting name for resource number 0xffffffff
W/ResourceType( 9991): No known package when getting name for resource number 0xffffffff
W/ResourceType( 9991): No known package when getting name for resource number 0xffffffff
W/ResourceType( 9991): No known package when getting name for resource number 0xffffffff
W/ResourceType( 9991): No known package when getting name for resource number 0xffffffff
W/ResourceType( 9991): No known package when getting name for resource number 0xffffffff
W/ResourceType( 9991): No known package when getting name for resource number 0xffffffff
W/ResourceType( 9991): No known package when getting name for resource number 0xffffffff
W/ResourceType( 9991): No known package when getting name for resource number 0xffffffff
I/ThermalEngine(  518): ACTION: GPU - Setting GPU[0] to 450000000
I/System.out( 9991): URI: /map
I/System.out( 9991): params: {json={"query":"*","operation":{"method_name":"query","arguments":[]}}
I/System.out( 9991): }
W/ResourceType( 9991): No known package when getting name for resource number 0xffffffff
W/ResourceType( 9991): No known package when getting name for resource number 0xffffffff
W/ResourceType( 9991): No known package when getting name for resource number 0xffffffff
W/ResourceType( 9991): No known package when getting name for resource number 0xffffffff
W/ResourceType( 9991): No known package when getting name for resource number 0xffffffff
W/ResourceType( 9991): No known package when getting name for resource number 0xffffffff
W/ResourceType( 9991): No known package when getting name for resource number 0xffffffff
W/ResourceType( 9991): No known package when getting name for resource number 0xffffffff
W/ResourceType( 9991): No known package when getting name for resource number 0xffffffff
W/ResourceType( 9991): No known package when getting name for resource number 0xffffffff
W/ResourceType( 9991): No known package when getting name for resource number 0xffffffff
W/ResourceType( 9991): No known package when getting name for resource number 0xffffffff
W/ResourceType( 9991): No known package when getting name for resource number 0xffffffff
W/ResourceType( 9991): No known package when getting name for resource number 0xffffffff
W/ResourceType( 9991): No known package when getting name for resource number 0xffffffff
W/ResourceType( 9991): No known package when getting name for resource number 0xffffffff
W/ResourceType( 9991): No known package when getting name for resource number 0xffffffff
I/art     ( 9991): Starting a blocking GC Explicit
I/art     ( 9991): Explicit concurrent mark sweep GC freed 49821(2MB) AllocSpace objects, 8(192KB) LOS objects, 28% free, 40MB/56MB, paused 692us total 29.111ms
I/art     ( 9991): Starting a blocking GC Explicit
I/art     ( 9991): Explicit concurrent mark sweep GC freed 57(2912B) AllocSpace objects, 0(0B) LOS objects, 28% free, 40MB/56MB, paused 701us total 23.144ms
I/art     ( 9991): Starting a blocking GC Explicit
I/art     ( 9991): Explicit concurrent mark sweep GC freed 17(1408B) AllocSpace objects, 0(0B) LOS objects, 28% free, 40MB/56MB, paused 614us total 23.139ms
I/art     ( 9991): Starting a blocking GC Explicit
I/art     ( 9991): Explicit concurrent mark sweep GC freed 3(96B) AllocSpace objects, 0(0B) LOS objects, 28% free, 40MB/56MB, paused 610us total 22.705ms
I/art     ( 9991): Starting a blocking GC Explicit
I/art     ( 9991): Explicit concurrent mark sweep GC freed 17(1408B) AllocSpace objects, 0(0B) LOS objects, 28% free, 40MB/56MB, paused 706us total 23.880ms
I/ThermalEngine(  518): ACTION: GPU - Setting GPU[0] to 390000000
I/art     ( 9991): Starting a blocking GC Explicit
I/art     ( 9991): Explicit concurrent mark sweep GC freed 2804(211KB) AllocSpace objects, 1(20KB) LOS objects, 28% free, 40MB/56MB, paused 924us total 28.203ms
I/art     ( 9991): Starting a blocking GC Explicit
I/art     ( 9991): Explicit concurrent mark sweep GC freed 37(2120B) AllocSpace objects, 0(0B) LOS objects, 28% free, 40MB/56MB, paused 1.019ms total 27.291ms
I/art     ( 9991): Starting a blocking GC Explicit
I/art     ( 9991): Explicit concurrent mark sweep GC freed 17(1408B) AllocSpace objects, 0(0B) LOS objects, 28% free, 40MB/56MB, paused 970us total 27.148ms
I/art     ( 9991): Starting a blocking GC Explicit
I/art     ( 9991): Explicit concurrent mark sweep GC freed 17(1408B) AllocSpace objects, 0(0B) LOS objects, 28% free, 40MB/56MB, paused 1.103ms total 27.415ms
I/art     ( 9991): Starting a blocking GC Explicit
I/art     ( 9991): Explicit concurrent mark sweep GC freed 17(1408B) AllocSpace objects, 0(0B) LOS objects, 28% free, 40MB/56MB, paused 912us total 27ms
I/ThermalEngine(  518): ACTION: GPU - Setting GPU[0] to 450000000

]]><xtc-duration value="14.665250799999999"/></xtc-step><!-- name: "undefined", id: "undefined" --><![CDATA[

]]><xtc-step name="[0-1116]CareerBuilder_Search.DroidFeatureTests.SavedJobsTests.AllFitlerShowsOnlyAllAndSticksBetweenTabs-1-92C0BDDA90A28A2968CE16BC365A91191D63873C-SwipeLeftToRight - swipe back to My Jobs" id="[0-1116]CareerBuilder_Search.DroidFeatureTests.SavedJobsTests.AllFitlerShowsOnlyAllAndSticksBetweenTabs-1-92C0BDDA90A28A2968CE16BC365A91191D63873C-SwipeLeftToRight - swipe back to My Jobs"><![CDATA[
I/System.out( 9991): URI: /map
I/System.out( 9991): params: {json={"query":"* marked:'All (4)'","operation":{"method_name":"query","arguments":[]}}
I/System.out( 9991): }
W/ResourceType( 9991): No known package when getting name for resource number 0xffffffff
W/ResourceType( 9991): No known package when getting name for resource number 0xffffffff
W/ResourceType( 9991): No known package when getting name for resource number 0xffffffff
W/ResourceType( 9991): No known package when getting name for resource number 0xffffffff
W/ResourceType( 9991): No known package when getting name for resource number 0xffffffff
W/ResourceType( 9991): No known package when getting name for resource number 0xffffffff
W/ResourceType( 9991): No known package when getting name for resource number 0xffffffff
W/ResourceType( 9991): No known package when getting name for resource number 0xffffffff
W/ResourceType( 9991): No known package when getting name for resource number 0xffffffff
W/ResourceType( 9991): No known package when getting name for resource number 0xffffffff
W/ResourceType( 9991): No known package when getting name for resource number 0xffffffff
W/ResourceType( 9991): No known package when getting name for resource number 0xffffffff
W/ResourceType( 9991): No known package when getting name for resource number 0xffffffff
W/ResourceType( 9991): No known package when getting name for resource number 0xffffffff
W/ResourceType( 9991): No known package when getting name for resource number 0xffffffff
W/ResourceType( 9991): No known package when getting name for resource number 0xffffffff
W/ResourceType( 9991): No known package when getting name for resource number 0xffffffff
W/ResourceType( 9991): No known package when getting name for resource number 0xffffffff
W/ResourceType( 9991): No known package when getting name for resource number 0xffffffff
W/ResourceType( 9991): No known package when getting name for resource number 0xffffffff
W/ResourceType( 9991): No known package when getting name for resource number 0xffffffff
W/ResourceType( 9991): No known package when getting name for resource number 0xffffffff
W/ResourceType( 9991): No known package when getting name for resource number 0xffffffff
W/ResourceType( 9991): No known package when getting name for resource number 0xffffffff
W/ResourceType( 9991): No known package when getting name for resource number 0xffffffff
W/ResourceType( 9991): No known package when getting name for resource number 0xffffffff
W/ResourceType( 9991): No known package when getting name for resource number 0xffffffff
W/ResourceType( 9991): No known package when getting name for resource number 0xffffffff
W/ResourceType( 9991): No known package when getting name for resource number 0xffffffff
W/ResourceType( 9991): No known package when getting name for resource number 0xffffffff
W/ResourceType( 9991): No known package when getting name for resource number 0xffffffff
W/ResourceType( 9991): No known package when getting name for resource number 0xffffffff
W/ResourceType( 9991): No known package when getting name for resource number 0xffffffff
W/ResourceType( 9991): No known package when getting name for resource number 0xffffffff
W/ResourceType( 9991): No known package when getting name for resource number 0xffffffff
W/ResourceType( 9991): No known package when getting name for resource number 0xffffffff
W/ResourceType( 9991): No known package when getting name for resource number 0xffffffff
W/ResourceType( 9991): No known package when getting name for resource number 0xffffffff
W/ResourceType( 9991): No known package when getting name for resource number 0xffffffff
W/ResourceType( 9991): No known package when getting name for resource number 0xffffffff
W/ResourceType( 9991): No known package when getting name for resource number 0xffffffff
W/ResourceType( 9991): No known package when getting name for resource number 0xffffffff
W/ResourceType( 9991): No known package when getting name for resource number 0xffffffff
W/ResourceType( 9991): No known package when getting name for resource number 0xffffffff
W/ResourceType( 9991): No known package when getting name for resource number 0xffffffff
W/ResourceType( 9991): No known package when getting name for resource number 0xffffffff
W/ResourceType( 9991): No known package when getting name for resource number 0xffffffff
W/ResourceType( 9991): No known package when getting name for resource number 0xffffffff
W/ResourceType( 9991): No known package when getting name for resource number 0xffffffff
W/ResourceType( 9991): No known package when getting name for resource number 0xffffffff
W/ResourceType( 9991): No known package when getting name for resource number 0xffffffff
W/ResourceType( 9991): No known package when getting name for resource number 0xffffffff
W/ResourceType( 9991): No known package when getting name for resource number 0xffffffff
W/ResourceType( 9991): No known package when getting name for resource number 0xffffffff
W/ResourceType( 9991): No known package when getting name for resource number 0xffffffff
W/ResourceType( 9991): No known package when getting name for resource number 0xffffffff
W/ResourceType( 9991): No known package when getting name for resource number 0xffffffff
W/ResourceType( 9991): No known package when getting name for resource number 0xffffffff
W/ResourceType( 9991): No known package when getting name for resource number 0xffffffff
W/ResourceType( 9991): No known package when getting name for resource number 0xffffffff
W/ResourceType( 9991): No known package when getting name for resource number 0xffffffff
W/ResourceType( 9991): No known package when getting name for resource number 0xffffffff
W/ResourceType( 9991): No known package when getting name for resource number 0xffffffff
W/ResourceType( 9991): No known package when getting name for resource number 0xffffffff
W/ResourceType( 9991): No known package when getting name for resource number 0xffffffff
W/ResourceType( 9991): No known package when getting name for resource number 0xffffffff
I/System.out( 9991): URI: /map
I/System.out( 9991): params: {json={"query":"* marked:'All (4)'","operation":{"method_name":"query","arguments":[]}}
I/System.out( 9991): }
W/ResourceType( 9991): No known package when getting name for resource number 0xffffffff
W/ResourceType( 9991): No known package when getting name for resource number 0xffffffff
W/ResourceType( 9991): No known package when getting name for resource number 0xffffffff
W/ResourceType( 9991): No known package when getting name for resource number 0xffffffff
W/ResourceType( 9991): No known package when getting name for resource number 0xffffffff
W/ResourceType( 9991): No known package when getting name for resource number 0xffffffff
W/ResourceType( 9991): No known package when getting name for resource number 0xffffffff
W/ResourceType( 9991): No known package when getting name for resource number 0xffffffff
W/ResourceType( 9991): No known package when getting name for resource number 0xffffffff
W/ResourceType( 9991): No known package when getting name for resource number 0xffffffff
W/ResourceType( 9991): No known package when getting name for resource number 0xffffffff
W/ResourceType( 9991): No known package when getting name for resource number 0xffffffff
W/ResourceType( 9991): No known package when getting name for resource number 0xffffffff
W/ResourceType( 9991): No known package when getting name for resource number 0xffffffff
W/ResourceType( 9991): No known package when getting name for resource number 0xffffffff
W/ResourceType( 9991): No known package when getting name for resource number 0xffffffff
W/ResourceType( 9991): No known package when getting name for resource number 0xffffffff
W/ResourceType( 9991): No known package when getting name for resource number 0xffffffff
W/ResourceType( 9991): No known package when getting name for resource number 0xffffffff
W/ResourceType( 9991): No known package when getting name for resource number 0xffffffff
W/ResourceType( 9991): No known package when getting name for resource number 0xffffffff
W/ResourceType( 9991): No known package when getting name for resource number 0xffffffff
W/ResourceType( 9991): No known package when getting name for resource number 0xffffffff
W/ResourceType( 9991): No known package when getting name for resource number 0xffffffff
W/ResourceType( 9991): No known package when getting name for resource number 0xffffffff
W/ResourceType( 9991): No known package when getting name for resource number 0xffffffff
W/ResourceType( 9991): No known package when getting name for resource number 0xffffffff
W/ResourceType( 9991): No known package when getting name for resource number 0xffffffff
W/ResourceType( 9991): No known package when getting name for resource number 0xffffffff
W/ResourceType( 9991): No known package when getting name for resource number 0xffffffff
W/ResourceType( 9991): No known package when getting name for resource number 0xffffffff
W/ResourceType( 9991): No known package when getting name for resource number 0xffffffff
W/ResourceType( 9991): No known package when getting name for resource number 0xffffffff
W/ResourceType( 9991): No known package when getting name for resource number 0xffffffff
W/ResourceType( 9991): No known package when getting name for resource number 0xffffffff
W/ResourceType( 9991): No known package when getting name for resource number 0xffffffff
W/ResourceType( 9991): No known package when getting name for resource number 0xffffffff
W/ResourceType( 9991): No known package when getting name for resource number 0xffffffff
W/ResourceType( 9991): No known package when getting name for resource number 0xffffffff
W/ResourceType( 9991): No known package when getting name for resource number 0xffffffff
W/ResourceType( 9991): No known package when getting name for resource number 0xffffffff
W/ResourceType( 9991): No known package when getting name for resource number 0xffffffff
W/ResourceType( 9991): No known package when getting name for resource number 0xffffffff
W/ResourceType( 9991): No known package when getting name for resource number 0xffffffff
W/ResourceType( 9991): No known package when getting name for resource number 0xffffffff
W/ResourceType( 9991): No known package when getting name for resource number 0xffffffff
W/ResourceType( 9991): No known package when getting name for resource number 0xffffffff
W/ResourceType( 9991): No known package when getting name for resource number 0xffffffff
W/ResourceType( 9991): No known package when getting name for resource number 0xffffffff
W/ResourceType( 9991): No known package when getting name for resource number 0xffffffff
W/ResourceType( 9991): No known package when getting name for resource number 0xffffffff
W/ResourceType( 9991): No known package when getting name for resource number 0xffffffff
W/ResourceType( 9991): No known package when getting name for resource number 0xffffffff
W/ResourceType( 9991): No known package when getting name for resource number 0xffffffff
W/ResourceType( 9991): No known package when getting name for resource number 0xffffffff
W/ResourceType( 9991): No known package when getting name for resource number 0xffffffff
W/ResourceType( 9991): No known package when getting name for resource number 0xffffffff
W/ResourceType( 9991): No known package when getting name for resource number 0xffffffff
W/ResourceType( 9991): No known package when getting name for resource number 0xffffffff
W/ResourceType( 9991): No known package when getting name for resource number 0xffffffff
W/ResourceType( 9991): No known package when getting name for resource number 0xffffffff
W/ResourceType( 9991): No known package when getting name for resource number 0xffffffff
W/ResourceType( 9991): No known package when getting name for resource number 0xffffffff
W/ResourceType( 9991): No known package when getting name for resource number 0xffffffff
W/ResourceType( 9991): No known package when getting name for resource number 0xffffffff
W/ResourceType( 9991): No known package when getting name for resource number 0xffffffff
I/System.out( 9991): URI: /map
I/System.out( 9991): params: {json={"query":"* marked:'JobTitle1' parent * child * {text BEGINSWITH 'SAVED:'}","operation":{"method_name":"query","arguments":[]}}
I/System.out( 9991): }
W/ResourceType( 9991): No known package when getting name for resource number 0xffffffff
W/ResourceType( 9991): No known package when getting name for resource number 0xffffffff
W/ResourceType( 9991): No known package when getting name for resource number 0xffffffff
W/ResourceType( 9991): No known package when getting name for resource number 0xffffffff
W/ResourceType( 9991): No known package when getting name for resource number 0xffffffff
W/ResourceType( 9991): No known package when getting name for resource number 0xffffffff
W/ResourceType( 9991): No known package when getting name for resource number 0xffffffff
W/ResourceType( 9991): No known package when getting name for resource number 0xffffffff
W/ResourceType( 9991): No known package when getting name for resource number 0xffffffff
W/ResourceType( 9991): No known package when getting name for resource number 0xffffffff
W/ResourceType( 9991): No known package when getting name for resource number 0xffffffff
W/ResourceType( 9991): No known package when getting name for resource number 0xffffffff
W/ResourceType( 9991): No known package when getting name for resource number 0xffffffff
W/ResourceType( 9991): No known package when getting name for resource number 0xffffffff
W/ResourceType( 9991): No known package when getting name for resource number 0xffffffff
W/ResourceType( 9991): No known package when getting name for resource number 0xffffffff
W/ResourceType( 9991): No known package when getting name for resource number 0xffffffff
W/ResourceType( 9991): No known package when getting name for resource number 0xffffffff
W/ResourceType( 9991): No known package when getting name for resource number 0xffffffff
W/ResourceType( 9991): No known package when getting name for resource number 0xffffffff
W/ResourceType( 9991): No known package when getting name for resource number 0xffffffff
W/ResourceType( 9991): No known package when getting name for resource number 0xffffffff
W/ResourceType( 9991): No known package when getting name for resource number 0xffffffff
W/ResourceType( 9991): No known package when getting name for resource number 0xffffffff
W/ResourceType( 9991): No known package when getting name for resource number 0xffffffff
W/ResourceType( 9991): No known package when getting name for resource number 0xffffffff
W/ResourceType( 9991): No known package when getting name for resource number 0xffffffff
W/ResourceType( 9991): No known package when getting name for resource number 0xffffffff
W/ResourceType( 9991): No known package when getting name for resource number 0xffffffff
W/ResourceType( 9991): No known package when getting name for resource number 0xffffffff
W/ResourceType( 9991): No known package when getting name for resource number 0xffffffff
W/ResourceType( 9991): No known package when getting name for resource number 0xffffffff
W/ResourceType( 9991): No known package when getting name for resource number 0xffffffff
W/ResourceType( 9991): No known package when getting name for resource number 0xffffffff
W/ResourceType( 9991): No known package when getting name for resource number 0xffffffff
W/ResourceType( 9991): No known package when getting name for resource number 0xffffffff
W/ResourceType( 9991): No known package when getting name for resource number 0xffffffff
W/ResourceType( 9991): No known package when getting name for resource number 0xffffffff
W/ResourceType( 9991): No known package when getting name for resource number 0xffffffff
W/ResourceType( 9991): No known package when getting name for resource number 0xffffffff
W/ResourceType( 9991): No known package when getting name for resource number 0xffffffff
W/ResourceType( 9991): No known package when getting name for resource number 0xffffffff
W/ResourceType( 9991): No known package when getting name for resource number 0xffffffff
W/ResourceType( 9991): No known package when getting name for resource number 0xffffffff
W/ResourceType( 9991): No known package when getting name for resource number 0xffffffff
W/ResourceType( 9991): No known package when getting name for resource number 0xffffffff
W/ResourceType( 9991): No known package when getting name for resource number 0xffffffff
W/ResourceType( 9991): No known package when getting name for resource number 0xffffffff
W/ResourceType( 9991): No known package when getting name for resource number 0xffffffff
W/ResourceType( 9991): No known package when getting name for resource number 0xffffffff
W/ResourceType( 9991): No known package when getting name for resource number 0xffffffff
W/ResourceType( 9991): No known package when getting name for resource number 0xffffffff
W/ResourceType( 9991): No known package when getting name for resource number 0xffffffff
W/ResourceType( 9991): No known package when getting name for resource number 0xffffffff
W/ResourceType( 9991): No known package when getting name for resource number 0xffffffff
W/ResourceType( 9991): No known package when getting name for resource number 0xffffffff
W/ResourceType( 9991): No known package when getting name for resource number 0xffffffff
W/ResourceType( 9991): No known package when getting name for resource number 0xffffffff
W/ResourceType( 9991): No known package when getting name for resource number 0xffffffff
W/ResourceType( 9991): No known package when getting name for resource number 0xffffffff
W/ResourceType( 9991): No known package when getting name for resource number 0xffffffff
W/ResourceType( 9991): No known package when getting name for resource number 0xffffffff
W/ResourceType( 9991): No known package when getting name for resource number 0xffffffff
W/ResourceType( 9991): No known package when getting name for resource number 0xffffffff
W/ResourceType( 9991): No known package when getting name for resource number 0xffffffff
W/ResourceType( 9991): No known package when getting name for resource number 0xffffffff
I/ThermalEngine(  518): ACTION: GPU - Setting GPU[0] to 390000000
I/System.out( 9991): URI: /map
I/System.out( 9991): params: {json={"query":"* marked:'JobTitle1' parent * child * {text BEGINSWITH 'SAVED:'}","operation":{"method_name":"query","arguments":[]}}
I/System.out( 9991): }
W/ResourceType( 9991): No known package when getting name for resource number 0xffffffff
W/ResourceType( 9991): No known package when getting name for resource number 0xffffffff
W/ResourceType( 9991): No known package when getting name for resource number 0xffffffff
W/ResourceType( 9991): No known package when getting name for resource number 0xffffffff
W/ResourceType( 9991): No known package when getting name for resource number 0xffffffff
W/ResourceType( 9991): No known package when getting name for resource number 0xffffffff
W/ResourceType( 9991): No known package when getting name for resource number 0xffffffff
W/ResourceType( 9991): No known package when getting name for resource number 0xffffffff
W/ResourceType( 9991): No known package when getting name for resource number 0xffffffff
W/ResourceType( 9991): No known package when getting name for resource number 0xffffffff
W/ResourceType( 9991): No known package when getting name for resource number 0xffffffff
W/ResourceType( 9991): No known package when getting name for resource number 0xffffffff
W/ResourceType( 9991): No known package when getting name for resource number 0xffffffff
W/ResourceType( 9991): No known package when getting name for resource number 0xffffffff
W/ResourceType( 9991): No known package when getting name for resource number 0xffffffff
W/ResourceType( 9991): No known package when getting name for resource number 0xffffffff
W/ResourceType( 9991): No known package when getting name for resource number 0xffffffff
W/ResourceType( 9991): No known package when getting name for resource number 0xffffffff
W/ResourceType( 9991): No known package when getting name for resource number 0xffffffff
W/ResourceType( 9991): No known package when getting name for resource number 0xffffffff
W/ResourceType( 9991): No known package when getting name for resource number 0xffffffff
W/ResourceType( 9991): No known package when getting name for resource number 0xffffffff
W/ResourceType( 9991): No known package when getting name for resource number 0xffffffff
W/ResourceType( 9991): No known package when getting name for resource number 0xffffffff
W/ResourceType( 9991): No known package when getting name for resource number 0xffffffff
W/ResourceType( 9991): No known package when getting name for resource number 0xffffffff
W/ResourceType( 9991): No known package when getting name for resource number 0xffffffff
W/ResourceType( 9991): No known package when getting name for resource number 0xffffffff
W/ResourceType( 9991): No known package when getting name for resource number 0xffffffff
I/Atfwd_Sendcmd(  536): AtCmdFwd service not ready - Exhausted retry attempts - :6
I/Atfwd_Daemon(  536): result : -1 	 ,Init step :2 	 ,qmiErrorCode: 0
W/ResourceType( 9991): No known package when getting name for resource number 0xffffffff
W/ResourceType( 9991): No known package when getting name for resource number 0xffffffff
W/ResourceType( 9991): No known package when getting name for resource number 0xffffffff
W/ResourceType( 9991): No known package when getting name for resource number 0xffffffff
W/ResourceType( 9991): No known package when getting name for resource number 0xffffffff
W/ResourceType( 9991): No known package when getting name for resource number 0xffffffff
W/ResourceType( 9991): No known package when getting name for resource number 0xffffffff
W/ResourceType( 9991): No known package when getting name for resource number 0xffffffff
W/ResourceType( 9991): No known package when getting name for resource number 0xffffffff
W/ResourceType( 9991): No known package when getting name for resource number 0xffffffff
W/ResourceType( 9991): No known package when getting name for resource number 0xffffffff
W/ResourceType( 9991): No known package when getting name for resource number 0xffffffff
W/ResourceType( 9991): No known package when getting name for resource number 0xffffffff
W/ResourceType( 9991): No known package when getting name for resource number 0xffffffff
W/ResourceType( 9991): No known package when getting name for resource number 0xffffffff
W/ResourceType( 9991): No known package when getting name for resource number 0xffffffff
W/ResourceType( 9991): No known package when getting name for resource number 0xffffffff
W/ResourceType( 9991): No known package when getting name for resource number 0xffffffff
W/ResourceType( 9991): No known package when getting name for resource number 0xffffffff
W/ResourceType( 9991): No known package when getting name for resource number 0xffffffff
W/ResourceType( 9991): No known package when getting name for resource number 0xffffffff
W/ResourceType( 9991): No known package when getting name for resource number 0xffffffff
W/ResourceType( 9991): No known package when getting name for resource number 0xffffffff
W/ResourceType( 9991): No known package when getting name for resource number 0xffffffff
W/ResourceType( 9991): No known package when getting name for resource number 0xffffffff
W/ResourceType( 9991): No known package when getting name for resource number 0xffffffff
W/ResourceType( 9991): No known package when getting name for resource number 0xffffffff
W/ResourceType( 9991): No known package when getting name for resource number 0xffffffff
W/ResourceType( 9991): No known package when getting name for resource number 0xffffffff
W/ResourceType( 9991): No known package when getting name for resource number 0xffffffff
W/ResourceType( 9991): No known package when getting name for resource number 0xffffffff
W/ResourceType( 9991): No known package when getting name for resource number 0xffffffff
W/ResourceType( 9991): No known package when getting name for resource number 0xffffffff
W/ResourceType( 9991): No known package when getting name for resource number 0xffffffff
W/ResourceType( 9991): No known package when getting name for resource number 0xffffffff
W/ResourceType( 9991): No known package when getting name for resource number 0xffffffff
W/ResourceType( 9991): No known package when getting name for resource number 0xffffffff
I/art     ( 9991): Starting a blocking GC Explicit
I/art     ( 9991): Explicit concurrent mark sweep GC freed 269978(11MB) AllocSpace objects, 12(240KB) LOS objects, 28% free, 40MB/56MB, paused 1.064ms total 62.553ms
I/art     ( 9991): Starting a blocking GC Explicit
I/art     ( 9991): Explicit concurrent mark sweep GC freed 13528(625KB) AllocSpace objects, 2(40KB) LOS objects, 28% free, 40MB/56MB, paused 1.056ms total 30.364ms
I/art     ( 9991): Starting a blocking GC Explicit
I/art     ( 9991): Explicit concurrent mark sweep GC freed 29(1912B) AllocSpace objects, 0(0B) LOS objects, 28% free, 40MB/56MB, paused 986us total 27.008ms
I/art     ( 9991): Starting a blocking GC Explicit
I/art     ( 9991): Explicit concurrent mark sweep GC freed 17(1408B) AllocSpace objects, 0(0B) LOS objects, 28% free, 40MB/56MB, paused 1.020ms total 29.345ms
I/art     ( 9991): Starting a blocking GC Explicit
I/art     ( 9991): Explicit concurrent mark sweep GC freed 17(1408B) AllocSpace objects, 0(0B) LOS objects, 28% free, 40MB/56MB, paused 901us total 26.728ms
I/System.out( 9991): URI: /map
I/System.out( 9991): params: {json={"query":"* marked:'JobTitle2' parent * child * {text BEGINSWITH 'SAVED:'}","operation":{"method_name":"query","arguments":[]}}
I/System.out( 9991): }
W/ResourceType( 9991): No known package when getting name for resource number 0xffffffff
W/ResourceType( 9991): No known package when getting name for resource number 0xffffffff
W/ResourceType( 9991): No known package when getting name for resource number 0xffffffff
W/ResourceType( 9991): No known package when getting name for resource number 0xffffffff
W/ResourceType( 9991): No known package when getting name for resource number 0xffffffff
W/ResourceType( 9991): No known package when getting name for resource number 0xffffffff
W/ResourceType( 9991): No known package when getting name for resource number 0xffffffff
W/ResourceType( 9991): No known package when getting name for resource number 0xffffffff
W/ResourceType( 9991): No known package when getting name for resource number 0xffffffff
