<![CDATA[I/ThermalEngine(  516): ACTION: GPU - Setting GPU[0] to 600000000

]]><xtc-scenario name="[0-1033]CareerBuilder_Search.DroidFeatureTests.JDPTests.ApplyButtonShowsApplyNowTextForNonExternalApply" id="[0-1033]CareerBuilder_Search.DroidFeatureTests.JDPTests.ApplyButtonShowsApplyNowTextForNonExternalApply"><![CDATA[
I/ThermalEngine(  516): ACTION: GPU - Setting GPU[0] to 510000000

]]><xtc-step name="[0-1033]CareerBuilder_Search.DroidFeatureTests.JDPTests.ApplyButtonShowsApplyNowTextForNonExternalApply-ApplyButtonShowsApplyNowTextForNonExternalApply" id="[0-1033]CareerBuilder_Search.DroidFeatureTests.JDPTests.ApplyButtonShowsApplyNowTextForNonExternalApply-ApplyButtonShowsApplyNowTextForNonExternalApply"><![CDATA[
D/WifiStateMachine(  926): starting scan for "xtc-ag"WPA_PSK with 5240,5220,5180
I/ActivityManager(  926): Killing 7508:com.android.chrome/u0a39 (adj 15): empty #17
I/ThermalEngine(  516): ACTION: GPU - Setting GPU[0] to 450000000
D/AndroidRuntime( 8243): >>>>>> START com.android.internal.os.RuntimeInit uid 2000 <<<<<<
D/AndroidRuntime( 8243): CheckJNI is OFF
D/ICU     ( 8243): No timezone override file found: /data/misc/zoneinfo/current/icu/icu_tzdata.dat
I/Radio-JNI( 8243): register_android_hardware_Radio DONE
D/AndroidRuntime( 8243): Calling main entry com.android.commands.pm.Pm
I/art     ( 8243): System.exit called, status: 0
I/AndroidRuntime( 8243): VM exiting with result code 0.
I/ServiceManager(  594): Waiting for service AtCmdFwd...
I/ThermalEngine(  516): ACTION: GPU - Setting GPU[0] to 390000000
I/ServiceManager(  594): Waiting for service AtCmdFwd...
I/ServiceManager(  594): Waiting for service AtCmdFwd...
I/ThermalEngine(  516): ACTION: GPU - Setting GPU[0] to 450000000
I/ServiceManager(  594): Waiting for service AtCmdFwd...
D/NetlinkSocketObserver(  926): NeighborEvent{elapsedMs=192800, 10.22.0.1, [B0FAEB975089], RTM_NEWNEIGH, NUD_STALE}
I/ServiceManager(  594): Waiting for service AtCmdFwd...
W/Atfwd_Sendcmd(  594): AtCmdFwd service not published, waiting... retryCnt : 5
I/ThermalEngine(  516): ACTION: GPU - Setting GPU[0] to 390000000
I/Keyboard.Facilitator.LanguageModelFlusher( 3514): run()
I/Keyboard.Facilitator( 3514): flushDynamicLanguageModels()
I/ThermalEngine(  516): ACTION: GPU - Setting GPU[0] to 450000000
I/ThermalEngine(  516): ACTION: GPU - Setting GPU[0] to 390000000
I/ThermalEngine(  516): ACTION: GPU - Setting GPU[0] to 450000000
I/Atfwd_Sendcmd(  594): AtCmdFwd service not ready - Exhausted retry attempts - :6
I/Atfwd_Daemon(  594): result : -1 	 ,Init step :2 	 ,qmiErrorCode: 0
I/ThermalEngine(  516): ACTION: GPU - Setting GPU[0] to 390000000
D/WifiStateMachine(  926): starting scan for "xtc-ag"WPA_PSK with 5240,5220,5180
D/AndroidRuntime( 8831): >>>>>> START com.android.internal.os.RuntimeInit uid 2000 <<<<<<
D/AndroidRuntime( 8831): CheckJNI is OFF
D/ICU     ( 8831): No timezone override file found: /data/misc/zoneinfo/current/icu/icu_tzdata.dat
I/Radio-JNI( 8831): register_android_hardware_Radio DONE
D/AndroidRuntime( 8831): Calling main entry com.android.commands.am.Am
W/ActivityManager(  926): Invalid packageName: com.careerbuilder.SugarDrone
D/AndroidRuntime( 8831): Shutting down VM
W/ip      ( 8892): type=1400 audit(0.0:69): avc: denied { search } for name="net" dev="dm-2" ino=3440648 scontext=u:r:shell:s0 tcontext=u:object_r:net_data_file:s0 tclass=dir permissive=0
I/ThermalEngine(  516): ACTION: GPU - Setting GPU[0] to 450000000
I/ThermalEngine(  516): ACTION: GPU - Setting GPU[0] to 390000000
I/ServiceManager(  594): Waiting for service AtCmdFwd...
I/ServiceManager(  594): Waiting for service AtCmdFwd...
I/ServiceManager(  594): Waiting for service AtCmdFwd...
I/ThermalEngine(  516): ACTION: GPU - Setting GPU[0] to 450000000
I/ServiceManager(  594): Waiting for service AtCmdFwd...
I/ServiceManager(  594): Waiting for service AtCmdFwd...
I/ThermalEngine(  516): ACTION: GPU - Setting GPU[0] to 390000000
W/Atfwd_Sendcmd(  594): AtCmdFwd service not published, waiting... retryCnt : 1
I/ServiceManager(  594): Waiting for service AtCmdFwd...
I/ThermalEngine(  516): ACTION: GPU - Setting GPU[0] to 450000000
D/WifiStateMachine(  926): starting scan for "xtc-ag"WPA_PSK with 5240,5220,5180
I/ServiceManager(  594): Waiting for service AtCmdFwd...
I/ServiceManager(  594): Waiting for service AtCmdFwd...
I/ServiceManager(  594): Waiting for service AtCmdFwd...
I/ThermalEngine(  516): ACTION: GPU - Setting GPU[0] to 390000000
I/ServiceManager(  594): Waiting for service AtCmdFwd...
W/Atfwd_Sendcmd(  594): AtCmdFwd service not published, waiting... retryCnt : 2
D/AndroidRuntime( 9226): >>>>>> START com.android.internal.os.RuntimeInit uid 2000 <<<<<<
D/AndroidRuntime( 9226): CheckJNI is OFF
I/ThermalEngine(  516): ACTION: GPU - Setting GPU[0] to 450000000
D/ICU     ( 9226): No timezone override file found: /data/misc/zoneinfo/current/icu/icu_tzdata.dat
I/Radio-JNI( 9226): register_android_hardware_Radio DONE
D/AndroidRuntime( 9226): Calling main entry com.android.commands.pm.Pm
I/ActivityManager(  926): Start proc 9246:com.android.defcontainer/u0a7 for service com.android.defcontainer/.DefaultContainerService
D/DefContainer( 9246): Copying /data/local/tmp/0000003160 to base.apk
I/PackageManager.DexOptimizer(  926): Running dexopt (dex2oat) on: /data/app/vmdl826921356.tmp/base.apk pkg=com.careerbuilder.SugarDrone isa=arm vmSafeMode=false debuggable=true oatDir = /data/app/vmdl826921356.tmp/oat bootComplete=true
I/dex2oat ( 9287): /system/bin/dex2oat -j2 --debuggable
I/ThermalEngine(  516): ACTION: GPU - Setting GPU[0] to 390000000
W/dex2oat ( 9287): Before Android 4.1, method android.graphics.PorterDuffColorFilter android.support.graphics.drawable.VectorDrawableCompat.updateTintFilter(android.graphics.PorterDuffColorFilter, android.content.res.ColorStateList, android.graphics.PorterDuff$Mode) would have incorrectly overridden the package-private method in android.graphics.drawable.Drawable
W/dex2oat ( 9287): Before Android 4.1, method int android.support.v7.widget.ListViewCompat.lookForSelectablePosition(int, boolean) would have incorrectly overridden the package-private method in android.widget.ListView
I/ServiceManager(  594): Waiting for service AtCmdFwd...
I/ServiceManager(  594): Waiting for service AtCmdFwd...
I/dex2oat ( 9287): dex2oat took 5.453s (threads: 2) arena alloc=535KB java alloc=5MB native alloc=20MB free=3MB
W/PackageManager(  926): Not granting permission android.permission.MANAGE_DOCUMENTS to package com.careerbuilder.SugarDrone (protectionLevel=2 flags=0x3808be46)
W/PackageManager(  926): Not granting permission android.permission.MOUNT_UNMOUNT_FILESYSTEMS to package com.careerbuilder.SugarDrone (protectionLevel=18 flags=0x3808be46)
V/BackupManagerService(  926): restoreAtInstall pkg=com.careerbuilder.SugarDrone token=5 restoreSet=0
V/BackupManagerService(  926): Finishing install immediately
W/Settings(  926): Setting install_non_market_apps has moved from android.provider.Settings.Global to android.provider.Settings.Secure, returning read-only value.
I/art     (  926): Starting a blocking GC Explicit
I/art     (  926): Explicit concurrent mark sweep GC freed 13156(1084KB) AllocSpace objects, 2(40KB) LOS objects, 33% free, 30MB/45MB, paused 1.645ms total 90.667ms
I/InputReader(  926): Reconfiguring input devices.  changes=0x00000010
I/art     ( 9226): System.exit called, status: 0
I/AndroidRuntime( 9226): VM exiting with result code 0.
D/CarrierServiceBindHelper( 3613): Receive action: android.intent.action.PACKAGE_ADDED
D/CarrierServiceBindHelper( 3613): mHandler: 3
D/CarrierConfigLoader( 3613): mHandler: 9 phoneId: 0
I/ActivityManager(  926): Start proc 9366:com.android.musicfx/u0a21 for broadcast com.android.musicfx/.Compatibility$Receiver
W/System  ( 9366): ClassLoader referenced unknown path: /system/priv-app/MusicFX/lib/arm64
I/ActivityManager(  926): Start proc 9379:com.android.vending/u0a22 for broadcast com.android.vending/com.google.android.finsky.receivers.PackageMonitorReceiver$RegisteredReceiver
I/ActivityManager(  926): Killing 7405:com.google.android.music:main/u0a59 (adj 15): empty #17
I/ServiceManager(  594): Waiting for service AtCmdFwd...
W/System  ( 9379): ClassLoader referenced unknown path: /system/priv-app/Phonesky/lib/arm64
W/Finsky  ( 9379): [1] FinskyApp.getCurrentAccount: No account configured on this device.
D/Finsky  ( 9379): [1] FinskyApp.onCreate: Initializing network with DFE https://android.clients.google.com/fdfe/
W/Finsky  ( 9379): [1] FinskyApp.getCurrentAccount: No account configured on this device.
W/Finsky  ( 9379): [1] FinskyApp.getCurrentAccount: No account configured on this device.
W/Finsky  ( 9379): [1] FinskyApp.getCurrentAccount: No account configured on this device.
W/Finsky  ( 9379): [1] FinskyApp.getCurrentAccount: No account configured on this device.
W/Finsky  ( 9379): [1] FinskyApp.getCurrentAccount: No account configured on this device.
W/Finsky  ( 9379): [1] FinskyApp.getCurrentAccount: No account configured on this device.
W/Finsky  ( 9379): [1] FinskyApp.getCurrentAccount: No account configured on this device.
D/Finsky  ( 9379): [1] DailyHygiene.goMakeHygieneIfDirty: No need to run daily hygiene.
W/Settings( 9379): Setting download_manager_max_bytes_over_mobile has moved from android.provider.Settings.Secure to android.provider.Settings.Global.
W/Settings( 9379): Setting download_manager_recommended_max_bytes_over_mobile has moved from android.provider.Settings.Secure to android.provider.Settings.Global.
W/Finsky  ( 9379): [1] FinskyApp.getCurrentAccount: No account configured on this device.
W/Finsky  ( 9379): [1] FinskyApp.getCurrentAccount: No account configured on this device.
W/Finsky  ( 9379): [1] FinskyApp.getDfeApi: No account configured on this device.
W/Finsky  ( 9379): [1] FinskyApp.getCurrentAccount: No account configured on this device.
I/ActivityManager(  926): Start proc 9424:com.google.android.apps.docs/u0a43 for broadcast com.google.android.apps.docs/.receivers.AppPackageAddRemoveReceiver
I/UpdateIcingCorporaServi( 7775): Updating corpora: APPS=com.careerbuilder.SugarDrone, CONTACTS=MAYBE
D/Ads     ( 9379): Skipping gmscore version check
W/System  ( 9424): ClassLoader referenced unknown path: /system/app/Drive/lib/arm64
W/IcingInternalCorpora( 4395): getNumBytesRead when not calculated.
D/Finsky  ( 9379): [1] ExternalReferrer.access$200: Package state data is missing for com.careerbuilder.SugarDrone
I/Icing   ( 4395): Usage reports 0 indexed 0 rejected 0 imm upload true
W/Finsky  ( 9379): [1] FinskyApp.getCurrentAccount: No account configured on this device.
W/Finsky  ( 9379): [1] FinskyApp.getCurrentAccount: No account configured on this device.
D/Finsky  ( 9379): [1] GmsCoreHelper.cleanupNlp: result=false type=4
I/UpdateIcingCorporaServi( 7775): UpdateCorporaTask done [took 339 ms] updated apps [took 339 ms] 
D/Finsky  ( 9379): [1] RestoreTracker.stopServiceIfDone: Restore complete with 0 success and 0 failed.
D/AndroidRuntime( 9398): >>>>>> START com.android.internal.os.RuntimeInit uid 2000 <<<<<<
D/AndroidRuntime( 9398): CheckJNI is OFF
D/ICU     ( 9398): No timezone override file found: /data/misc/zoneinfo/current/icu/icu_tzdata.dat
I/Radio-JNI( 9398): register_android_hardware_Radio DONE
D/AndroidRuntime( 9398): Calling main entry com.android.commands.settings.SettingsCmd
D/AndroidRuntime( 9398): Shutting down VM
I/GAv4    ( 9424): Google Analytics 7.8.95 is starting up. To enable debug logging on a device run:
I/GAv4    ( 9424):   adb shell setprop log.tag.GAv4 DEBUG
I/GAv4    ( 9424):   adb logcat -s GAv4
W/GAv4    ( 9424): AnalyticsReceiver is not registered or is disabled. Register the receiver for reliable dispatching on non-Google Play devices. See http://goo.gl/8Rd3yj for instructions.
W/GAv4    ( 9424): CampaignTrackingReceiver is not registered, not exported or is disabled. Installation campaign tracking is not possible. See http://goo.gl/8Rd3yj for instructions.
I/ServiceManager(  594): Waiting for service AtCmdFwd...
W/AnalyticsTrackerProxyImpl( 9424): Analytics setup for ID UA-21125203-2, app name Drive, version 2.3.327.05.46
W/GAv4    ( 9424): AnalyticsService not registered in the app manifest. Hits might not be delivered reliably. See http://goo.gl/8Rd3yj for instructions.
I/ActivityManager(  926): Killing 7604:com.google.android.gms.unstable/u0a12 (adj 15): empty #17
I/PeopleContactsSync( 4395): triggerPendingContactsCleanup: no accounts
D/Wear_Controller( 4395): Received broadcast action=android.intent.action.PACKAGE_ADDED and uri=com.careerbuilder.SugarDrone
I/Icing   ( 4395): Usage reports 0 indexed 0 rejected 0 imm upload false
I/Icing   ( 4395): Usage reports 0 indexed 0 rejected 0 imm upload false
I/Icing   ( 4395): Indexing 30F0BE597630D714C34463EDBCB0E07AE3414F19 from com.google.android.googlequicksearchbox
I/Icing   ( 4395): Indexing done 30F0BE597630D714C34463EDBCB0E07AE3414F19
D/AndroidRuntime( 9471): >>>>>> START com.android.internal.os.RuntimeInit uid 2000 <<<<<<
D/AndroidRuntime( 9471): CheckJNI is OFF
D/ICU     ( 9471): No timezone override file found: /data/misc/zoneinfo/current/icu/icu_tzdata.dat
W/linker  ( 9424): /data/app/com.google.android.gms-2/lib/arm64/libconscrypt_gmscore_jni.so: unused DT entry: type 0x1d arg 0x80
V/JNIHelp ( 9424): Registering com/google/android/gms/org/conscrypt/NativeCrypto's 242 native methods...
I/art     ( 9424): Rejecting re-init on previously-failed class java.lang.Class<com.google.android.gms.org.conscrypt.OpenSSLExtendedSessionImpl>
I/art     ( 9424): Rejecting re-init on previously-failed class java.lang.Class<com.google.android.gms.org.conscrypt.OpenSSLExtendedSessionImpl>
I/Radio-JNI( 9471): register_android_hardware_Radio DONE
I/ProviderInstaller( 9424): Installed default security provider GmsCore_OpenSSL
D/AndroidRuntime( 9471): Calling main entry com.android.commands.settings.SettingsCmd
D/AndroidRuntime( 9471): Shutting down VM
I/ServiceManager(  594): Waiting for service AtCmdFwd...
I/Icing   ( 4395): Indexing DD3FF9FE5EFE52F3C27F3CC5AE528200DF987AFE from com.google.android.gms
I/Icing   ( 4395): Indexing done DD3FF9FE5EFE52F3C27F3CC5AE528200DF987AFE
D/AndroidRuntime( 9511): >>>>>> START com.android.internal.os.RuntimeInit uid 2000 <<<<<<
D/AndroidRuntime( 9511): CheckJNI is OFF
D/ICU     ( 9511): No timezone override file found: /data/misc/zoneinfo/current/icu/icu_tzdata.dat
I/ActivityManager(  926): Killing 6921:com.google.android.talk/u0a53 (adj 15): empty #17
I/Radio-JNI( 9511): register_android_hardware_Radio DONE
W/Atfwd_Sendcmd(  594): AtCmdFwd service not published, waiting... retryCnt : 3
D/AndroidRuntime( 9511): Calling main entry com.android.commands.settings.SettingsCmd
D/AndroidRuntime( 9511): Shutting down VM
D/AndroidRuntime( 9534): >>>>>> START com.android.internal.os.RuntimeInit uid 2000 <<<<<<
D/AndroidRuntime( 9534): CheckJNI is OFF
D/ICU     ( 9534): No timezone override file found: /data/misc/zoneinfo/current/icu/icu_tzdata.dat
I/Radio-JNI( 9534): register_android_hardware_Radio DONE
D/AndroidRuntime( 9534): Calling main entry com.android.commands.settings.SettingsCmd
D/AndroidRuntime( 9534): Shutting down VM
D/AndroidRuntime( 9556): >>>>>> START com.android.internal.os.RuntimeInit uid 2000 <<<<<<
D/AndroidRuntime( 9556): CheckJNI is OFF
D/ICU     ( 9556): No timezone override file found: /data/misc/zoneinfo/current/icu/icu_tzdata.dat
I/Radio-JNI( 9556): register_android_hardware_Radio DONE
D/AndroidRuntime( 9556): Calling main entry com.android.commands.settings.SettingsCmd
D/AndroidRuntime( 9556): Shutting down VM
D/AndroidRuntime( 9578): >>>>>> START com.android.internal.os.RuntimeInit uid 2000 <<<<<<
D/AndroidRuntime( 9578): CheckJNI is OFF
D/ICU     ( 9578): No timezone override file found: /data/misc/zoneinfo/current/icu/icu_tzdata.dat
I/Radio-JNI( 9578): register_android_hardware_Radio DONE
D/AndroidRuntime( 9578): Calling main entry com.android.commands.appops.AppOpsCommand
D/AndroidRuntime( 9578): Shutting down VM
D/AndroidRuntime( 9600): >>>>>> START com.android.internal.os.RuntimeInit uid 2000 <<<<<<
D/AndroidRuntime( 9600): CheckJNI is OFF
D/ICU     ( 9600): No timezone override file found: /data/misc/zoneinfo/current/icu/icu_tzdata.dat
I/Radio-JNI( 9600): register_android_hardware_Radio DONE
D/AndroidRuntime( 9600): Calling main entry com.android.commands.pm.Pm
I/art     ( 9600): System.exit called, status: 0
I/AndroidRuntime( 9600): VM exiting with result code 0.
D/NetlinkSocketObserver(  926): NeighborEvent{elapsedMs=264050, 10.22.0.1, [B0FAEB975089], RTM_NEWNEIGH, NUD_REACHABLE}
I/ActivityManager(  926): Killing 7557:com.google.android.apps.photos/u0a62 (adj 15): empty #17
D/AndroidRuntime( 9644): >>>>>> START com.android.internal.os.RuntimeInit uid 2000 <<<<<<
D/AndroidRuntime( 9644): CheckJNI is OFF
D/ICU     ( 9644): No timezone override file found: /data/misc/zoneinfo/current/icu/icu_tzdata.dat
I/Radio-JNI( 9644): register_android_hardware_Radio DONE
D/AndroidRuntime( 9644): Calling main entry com.android.commands.pm.Pm
I/art     ( 9644): System.exit called, status: 0
I/AndroidRuntime( 9644): VM exiting with result code 0.
D/AndroidRuntime( 9717): >>>>>> START com.android.internal.os.RuntimeInit uid 2000 <<<<<<
D/AndroidRuntime( 9717): CheckJNI is OFF
D/ICU     ( 9717): No timezone override file found: /data/misc/zoneinfo/current/icu/icu_tzdata.dat
I/Radio-JNI( 9717): register_android_hardware_Radio DONE
D/AndroidRuntime( 9717): Calling main entry com.android.commands.am.Am
W/ActivityManager(  926): Invalid packageName: com.careerbuilder.SugarDrone.test
D/AndroidRuntime( 9717): Shutting down VM
D/AndroidRuntime( 9743): >>>>>> START com.android.internal.os.RuntimeInit uid 2000 <<<<<<
D/AndroidRuntime( 9743): CheckJNI is OFF
D/ICU     ( 9743): No timezone override file found: /data/misc/zoneinfo/current/icu/icu_tzdata.dat
I/Radio-JNI( 9743): register_android_hardware_Radio DONE
D/AndroidRuntime( 9743): Calling main entry com.android.commands.pm.Pm
D/DefContainer( 9246): Copying /data/local/tmp/0000003161 to base.apk
I/PackageManager.DexOptimizer(  926): Running dexopt (dex2oat) on: /data/app/vmdl386323706.tmp/base.apk pkg=com.careerbuilder.SugarDrone.test isa=arm64 vmSafeMode=false debuggable=false oatDir = /data/app/vmdl386323706.tmp/oat bootComplete=true
I/dex2oat ( 9764): /system/bin/dex2oat -j2
W/dex2oat ( 9764): No verified method for method calling String.<init>: java.lang.String android.text.TextUtils.substring(java.lang.CharSequence, int, int)
W/dex2oat ( 9764): No verified method for method calling String.<init>: java.lang.String android.text.TextUtils.substring(java.lang.CharSequence, int, int)
D/Finsky  ( 9379): [396] AppStatesReplicator.handleContentSyncResponse: Completed 0 account content syncs with 0 successful.
D/Finsky  ( 9379): [1] ContentSyncService$5.onFinished: Installation state replication succeeded.
I/dex2oat ( 9764): Skipping compilation of void sh.calaba.org.codehaus.jackson.impl.Utf8StreamParser._skipString(): it contains a non natural loop
I/dex2oat ( 9764): dex2oat took 2.597s (threads: 2) arena alloc=2MB java alloc=2MB native alloc=9MB free=1766KB
W/PackageManager(  926): Not granting permission android.permission.ACCESS_MOCK_LOCATION to package com.careerbuilder.SugarDrone.test (protectionLevel=2 flags=0x1800be44)
V/BackupManagerService(  926): restoreAtInstall pkg=com.careerbuilder.SugarDrone.test token=6 restoreSet=0
V/BackupManagerService(  926): Finishing install immediately
W/Settings(  926): Setting install_non_market_apps has moved from android.provider.Settings.Global to android.provider.Settings.Secure, returning read-only value.
I/art     (  926): Starting a blocking GC Explicit
I/art     (  926): Explicit concurrent mark sweep GC freed 104399(6MB) AllocSpace objects, 17(384KB) LOS objects, 33% free, 30MB/45MB, paused 2.318ms total 109.889ms
I/art     ( 9743): System.exit called, status: 0
I/AndroidRuntime( 9743): VM exiting with result code 0.
I/InputReader(  926): Reconfiguring input devices.  changes=0x00000010
D/CarrierServiceBindHelper( 3613): Receive action: android.intent.action.PACKAGE_ADDED
D/CarrierServiceBindHelper( 3613): mHandler: 3
D/CarrierConfigLoader( 3613): mHandler: 9 phoneId: 0
D/Finsky  ( 9379): [1] ExternalReferrer.access$200: Package state data is missing for com.careerbuilder.SugarDrone.test
I/UpdateIcingCorporaServi( 7775): Updating corpora: APPS=com.careerbuilder.SugarDrone.test, CONTACTS=MAYBE
I/UpdateIcingCorporaServi( 7775): UpdateCorporaTask done [took 106 ms] updated apps [took 106 ms] 
D/Wear_Controller( 4395): Received broadcast action=android.intent.action.PACKAGE_ADDED and uri=com.careerbuilder.SugarDrone.test
I/PeopleContactsSync( 4395): triggerPendingContactsCleanup: no accounts
W/IcingInternalCorpora( 4395): getNumBytesRead when not calculated.
I/Icing   ( 4395): Usage reports 0 indexed 0 rejected 0 imm upload false
I/Icing   ( 4395): Usage reports 0 indexed 0 rejected 0 imm upload false
D/AndroidRuntime( 9828): >>>>>> START com.android.internal.os.RuntimeInit uid 2000 <<<<<<
D/AndroidRuntime( 9828): CheckJNI is OFF
D/ICU     ( 9828): No timezone override file found: /data/misc/zoneinfo/current/icu/icu_tzdata.dat
I/Radio-JNI( 9828): register_android_hardware_Radio DONE
D/AndroidRuntime( 9828): Calling main entry com.android.commands.settings.SettingsCmd
D/AndroidRuntime( 9828): Shutting down VM
I/ServiceManager(  594): Waiting for service AtCmdFwd...
I/Icing   ( 4395): Indexing DD3FF9FE5EFE52F3C27F3CC5AE528200DF987AFE from com.google.android.gms
I/Icing   ( 4395): Indexing done DD3FF9FE5EFE52F3C27F3CC5AE528200DF987AFE
D/AndroidRuntime( 9858): >>>>>> START com.android.internal.os.RuntimeInit uid 2000 <<<<<<
D/AndroidRuntime( 9858): CheckJNI is OFF
D/ICU     ( 9858): No timezone override file found: /data/misc/zoneinfo/current/icu/icu_tzdata.dat
I/Radio-JNI( 9858): register_android_hardware_Radio DONE
D/AndroidRuntime( 9858): Calling main entry com.android.commands.settings.SettingsCmd
D/AndroidRuntime( 9858): Shutting down VM
I/ServiceManager(  594): Waiting for service AtCmdFwd...
D/AndroidRuntime( 9883): >>>>>> START com.android.internal.os.RuntimeInit uid 2000 <<<<<<
D/AndroidRuntime( 9883): CheckJNI is OFF
D/ICU     ( 9883): No timezone override file found: /data/misc/zoneinfo/current/icu/icu_tzdata.dat
I/Radio-JNI( 9883): register_android_hardware_Radio DONE
D/AndroidRuntime( 9883): Calling main entry com.android.commands.settings.SettingsCmd
D/AndroidRuntime( 9883): Shutting down VM
I/ServiceManager(  594): Waiting for service AtCmdFwd...
D/AndroidRuntime( 9908): >>>>>> START com.android.internal.os.RuntimeInit uid 2000 <<<<<<
D/AndroidRuntime( 9908): CheckJNI is OFF
D/ICU     ( 9908): No timezone override file found: /data/misc/zoneinfo/current/icu/icu_tzdata.dat
I/Radio-JNI( 9908): register_android_hardware_Radio DONE
I/ServiceManager(  594): Waiting for service AtCmdFwd...
D/AndroidRuntime( 9908): Calling main entry com.android.commands.settings.SettingsCmd
D/AndroidRuntime( 9908): Shutting down VM
D/AndroidRuntime( 9929): >>>>>> START com.android.internal.os.RuntimeInit uid 2000 <<<<<<
D/AndroidRuntime( 9929): CheckJNI is OFF
I/ServiceManager(  594): Waiting for service AtCmdFwd...
D/ICU     ( 9929): No timezone override file found: /data/misc/zoneinfo/current/icu/icu_tzdata.dat
I/Radio-JNI( 9929): register_android_hardware_Radio DONE
D/AndroidRuntime( 9929): Calling main entry com.android.commands.settings.SettingsCmd
D/AndroidRuntime( 9929): Shutting down VM
D/AndroidRuntime( 9952): >>>>>> START com.android.internal.os.RuntimeInit uid 2000 <<<<<<
D/AndroidRuntime( 9952): CheckJNI is OFF
W/Atfwd_Sendcmd(  594): AtCmdFwd service not published, waiting... retryCnt : 4
D/ICU     ( 9952): No timezone override file found: /data/misc/zoneinfo/current/icu/icu_tzdata.dat
I/Radio-JNI( 9952): register_android_hardware_Radio DONE
D/AndroidRuntime( 9952): Calling main entry com.android.commands.appops.AppOpsCommand
D/AndroidRuntime( 9952): Shutting down VM
D/WifiStateMachine(  926): starting scan for "xtc-ag"WPA_PSK with 5240,5180,5220,5200
D/AndroidRuntime( 9974): >>>>>> START com.android.internal.os.RuntimeInit uid 2000 <<<<<<
D/AndroidRuntime( 9974): CheckJNI is OFF
D/ICU     ( 9974): No timezone override file found: /data/misc/zoneinfo/current/icu/icu_tzdata.dat
I/Radio-JNI( 9974): register_android_hardware_Radio DONE
D/AndroidRuntime( 9974): Calling main entry com.android.commands.pm.Pm
I/art     ( 9974): System.exit called, status: 0
I/AndroidRuntime( 9974): VM exiting with result code 0.
D/AndroidRuntime(10016): >>>>>> START com.android.internal.os.RuntimeInit uid 2000 <<<<<<
D/AndroidRuntime(10016): CheckJNI is OFF
D/ICU     (10016): No timezone override file found: /data/misc/zoneinfo/current/icu/icu_tzdata.dat
I/Radio-JNI(10016): register_android_hardware_Radio DONE
D/AndroidRuntime(10016): Calling main entry com.android.commands.pm.Pm
I/art     (10016): System.exit called, status: 0
I/AndroidRuntime(10016): VM exiting with result code 0.
W/ip      (10049): type=1400 audit(0.0:70): avc: denied { search } for name="net" dev="dm-2" ino=3440648 scontext=u:r:shell:s0 tcontext=u:object_r:net_data_file:s0 tclass=dir permissive=0
I/ThermalEngine(  516): ACTION: GPU - Setting GPU[0] to 450000000
D/AndroidRuntime(10081): >>>>>> START com.android.internal.os.RuntimeInit uid 2000 <<<<<<
D/AndroidRuntime(10081): CheckJNI is OFF
D/ICU     (10081): No timezone override file found: /data/misc/zoneinfo/current/icu/icu_tzdata.dat
I/Radio-JNI(10081): register_android_hardware_Radio DONE
D/AndroidRuntime(10081): Calling main entry com.android.commands.input.Input
I/Input   (10081): injectKeyEvent: KeyEvent { action=ACTION_DOWN, keyCode=KEYCODE_BACK, scanCode=0, metaState=0, flags=0x0, repeatCount=0, eventTime=285406, downTime=285406, deviceId=-1, source=0x101 }
I/Input   (10081): injectKeyEvent: KeyEvent { action=ACTION_UP, keyCode=KEYCODE_BACK, scanCode=0, metaState=0, flags=0x0, repeatCount=0, eventTime=285406, downTime=285406, deviceId=-1, source=0x101 }
D/EmojiAltPhysicalKeyDetector( 3514): onKeyUp() : KeyEvent { action=ACTION_UP, keyCode=KEYCODE_BACK, scanCode=0, metaState=0, flags=0x0, repeatCount=0, eventTime=285406, downTime=285406, deviceId=-1, source=0x101 }
D/EmojiAltPhysicalKeyDetector( 3514): onKeyUp() : Disabled
D/AndroidRuntime(10081): Shutting down VM
I/ThermalEngine(  516): ACTION: GPU - Setting GPU[0] to 390000000
D/NetlinkSocketObserver(  926): NeighborEvent{elapsedMs=286400, 10.22.0.1, [B0FAEB975089], RTM_NEWNEIGH, NUD_STALE}
D/AndroidRuntime(10133): >>>>>> START com.android.internal.os.RuntimeInit uid 2000 <<<<<<
D/AndroidRuntime(10133): CheckJNI is OFF
D/ICU     (10133): No timezone override file found: /data/misc/zoneinfo/current/icu/icu_tzdata.dat
I/Radio-JNI(10133): register_android_hardware_Radio DONE
D/AndroidRuntime(10133): Calling main entry com.android.commands.input.Input
I/Input   (10133): injectKeyEvent: KeyEvent { action=ACTION_DOWN, keyCode=KEYCODE_HOME, scanCode=0, metaState=0, flags=0x0, repeatCount=0, eventTime=287382, downTime=287382, deviceId=-1, source=0x101 }
I/Input   (10133): injectKeyEvent: KeyEvent { action=ACTION_UP, keyCode=KEYCODE_HOME, scanCode=0, metaState=0, flags=0x0, repeatCount=0, eventTime=287382, downTime=287382, deviceId=-1, source=0x101 }
I/ActivityManager(  926): START u0 {act=android.intent.action.MAIN cat=[android.intent.category.HOME] flg=0x10200000 cmp=com.google.android.googlequicksearchbox/com.google.android.launcher.GEL (has extras)} from uid 1000 on display 0
D/AndroidRuntime(10133): Shutting down VM
I/GEL     ( 3648): handleIntent(Intent { act=android.intent.action.MAIN cat=[android.intent.category.HOME] flg=0x10200000 cmp=com.google.android.googlequicksearchbox/com.google.android.launcher.GEL (has extras) })
D/Finsky  ( 9379): [396] AppStatesReplicator.handleContentSyncResponse: Completed 0 account content syncs with 0 successful.
D/Finsky  ( 9379): [1] ContentSyncService$5.onFinished: Installation state replication succeeded.
D/AndroidRuntime(10165): >>>>>> START com.android.internal.os.RuntimeInit uid 2000 <<<<<<
D/AndroidRuntime(10165): CheckJNI is OFF
D/ICU     (10165): No timezone override file found: /data/misc/zoneinfo/current/icu/icu_tzdata.dat
I/Radio-JNI(10165): register_android_hardware_Radio DONE
D/AndroidRuntime(10165): Calling main entry com.android.commands.input.Input
I/Input   (10165): injectKeyEvent: KeyEvent { action=ACTION_DOWN, keyCode=KEYCODE_BACK, scanCode=0, metaState=0, flags=0x0, repeatCount=0, eventTime=288947, downTime=288947, deviceId=-1, source=0x101 }
I/Input   (10165): injectKeyEvent: KeyEvent { action=ACTION_UP, keyCode=KEYCODE_BACK, scanCode=0, metaState=0, flags=0x0, repeatCount=0, eventTime=288947, downTime=288947, deviceId=-1, source=0x101 }
D/EmojiAltPhysicalKeyDetector( 3514): onKeyUp() : KeyEvent { action=ACTION_UP, keyCode=KEYCODE_BACK, scanCode=0, metaState=0, flags=0x0, repeatCount=0, eventTime=288947, downTime=288947, deviceId=-1, source=0x101 }
D/EmojiAltPhysicalKeyDetector( 3514): onKeyUp() : Disabled
D/AndroidRuntime(10165): Shutting down VM
D/AndroidRuntime(10203): >>>>>> START com.android.internal.os.RuntimeInit uid 2000 <<<<<<
D/AndroidRuntime(10203): CheckJNI is OFF
D/ICU     (10203): No timezone override file found: /data/misc/zoneinfo/current/icu/icu_tzdata.dat
I/Radio-JNI(10203): register_android_hardware_Radio DONE
D/AndroidRuntime(10203): Calling main entry com.android.commands.am.Am
I/ActivityManager(  926): Force stopping com.careerbuilder.SugarDrone appid=14582 user=0: start instr
I/ActivityManager(  926): Start proc 10222:com.careerbuilder.SugarDrone/u0a4582 for added application com.careerbuilder.SugarDrone
I/art     (10222): Late-enabling -Xcheck:jni
E/dex2oat (10235): Failed to create oat file: /data/dalvik-cache/arm/data@app@com.careerbuilder.SugarDrone.test-1@base.apk@classes.dex: Permission denied
I/dex2oat (10235): dex2oat took 904.115us (threads: 2) 
W/art     (10222): Failed execv(/system/bin/dex2oat --runtime-arg -classpath --runtime-arg  --instruction-set=arm --instruction-set-features=smp,div,-atomic_ldrd_strd --runtime-arg -Xrelocate --boot-image=/system/framework/boot.art --runtime-arg -Xms64m --runtime-arg -Xmx512m -j2 --instruction-set-variant=cortex-a7 --instruction-set-features=default --dex-file=/data/app/com.careerbuilder.SugarDrone.test-1/base.apk --oat-file=/data/dalvik-cache/arm/data@app@com.careerbuilder.SugarDrone.test-1@base.apk@classes.dex) because non-0 exit status
W/System  (10222): ClassLoader referenced unknown path: /data/app/com.careerbuilder.SugarDrone.test-1/lib/arm64
W/monodroid(10222): Using override path: /data/user/0/com.careerbuilder.SugarDrone/files/.__override__
W/monodroid(10222): Trying to load sgen from: /data/user/0/com.careerbuilder.SugarDrone/files/.__override__/libmonosgen-2.0.so
W/monodroid(10222): Trying to load sgen from: /storage/emulated/0/Android/data/com.careerbuilder.SugarDrone/files/.__override__/libmonosgen-2.0.so
W/monodroid(10222): Trying to load sgen from: /data/app/com.careerbuilder.SugarDrone-1/lib/arm/libmonosgen-2.0.so
D/Mono    (10222): Image addref mscorlib[0xea55dea0] -> mscorlib.dll[0xece79a00]: 2
D/Mono    (10222): Prepared to set up assembly 'mscorlib' (mscorlib.dll)
D/Mono    (10222): AOT module 'mscorlib.dll.so' not found: dlopen failed: library "/data/app/com.careerbuilder.SugarDrone-1/lib/arm/libaot-mscorlib.dll.so" not found
D/Mono    (10222): AOT module '/Users/builder/data/lanes/4009/3a62f1ea/source/monodroid/builds/install/mono-armv6/lib/mono/aot-cache/arm/mscorlib.dll.so' not found: dlopen failed: library "/data/app/com.careerbuilder.SugarDrone-1/lib/arm/libaot-mscorlib.dll.so" not found
D/Mono    (10222): Config attempting to parse: 'mscorlib.dll.config'.
D/Mono    (10222): Config attempting to parse: '/Users/builder/data/lanes/4009/3a62f1ea/source/monodroid/builds/install/mono-armv6/etc/mono/assemblies/mscorlib/mscorlib.config'.
D/Mono    (10222): Assembly mscorlib[0xea55dea0] added to domain RootDomain, ref_count=1
D/Mono    (10222): Image addref CareerBuilder_Search.Droid[0xea55df00] -> CareerBuilder_Search.Droid.dll[0xece7c700]: 2
D/Mono    (10222): Prepared to set up assembly 'CareerBuilder_Search.Droid' (CareerBuilder_Search.Droid.dll)
D/Mono    (10222): Assembly CareerBuilder_Search.Droid[0xea55df00] added to domain RootDomain, ref_count=1
D/Mono    (10222): AOT module 'CareerBuilder_Search.Droid.dll.so' not found: dlopen failed: library "/data/app/com.careerbuilder.SugarDrone-1/lib/arm/libaot-CareerBuilder_Search.Droid.dll.so" not found
D/Mono    (10222): AOT module '/Users/builder/data/lanes/4009/3a62f1ea/source/monodroid/builds/install/mono-armv6/lib/mono/aot-cache/arm/CareerBuilder_Search.Droid.dll.so' not found: dlopen failed: library "/data/app/com.careerbuilder.SugarDrone-1/lib/arm/libaot-CareerBuilder_Search.Droid.dll.so" not found
D/Mono    (10222): Config attempting to parse: 'CareerBuilder_Search.Droid.dll.config'.
D/Mono    (10222): Config attempting to parse: '/Users/builder/data/lanes/4009/3a62f1ea/source/monodroid/builds/install/mono-armv6/etc/mono/assemblies/CareerBuilder_Search.Droid/CareerBuilder_Search.Droid.config'.
D/Mono    (10222): Image addref AppsFlyerXamarinBindingAndroid[0xea55df60] -> AppsFlyerXamarinBindingAndroid.dll[0xece7cc00]: 2
D/Mono    (10222): Prepared to set up assembly 'AppsFlyerXamarinBindingAndroid' (AppsFlyerXamarinBindingAndroid.dll)
D/Mono    (10222): Assembly AppsFlyerXamarinBindingAndroid[0xea55df60] added to domain RootDomain, ref_count=1
D/Mono    (10222): AOT module 'AppsFlyerXamarinBindingAndroid.dll.so' not found: dlopen failed: library "/data/app/com.careerbuilder.SugarDrone-1/lib/arm/libaot-AppsFlyerXamarinBindingAndroid.dll.so" not found
D/Mono    (10222): AOT module '/Users/builder/data/lanes/4009/3a62f1ea/source/monodroid/builds/install/mono-armv6/lib/mono/aot-cache/arm/AppsFlyerXamarinBindingAndroid.dll.so' not found: dlopen failed: library "/data/app/com.careerbuilder.SugarDrone-1/lib/arm/libaot-AppsFlyerXamarinBindingAndroid.dll.so" not found
D/Mono    (10222): Config attempting to parse: 'AppsFlyerXamarinBindingAndroid.dll.config'.
D/Mono    (10222): Config attempting to parse: '/Users/builder/data/lanes/4009/3a62f1ea/source/monodroid/builds/install/mono-armv6/etc/mono/assemblies/AppsFlyerXamarinBindingAndroid/AppsFlyerXamarinBindingAndroid.config'.
D/Mono    (10222): Image addref HockeySDK[0xea55dfc0] -> HockeySDK.dll[0xece7d100]: 2
D/Mono    (10222): Prepared to set up assembly 'HockeySDK' (HockeySDK.dll)
D/Mono    (10222): Assembly HockeySDK[0xea55dfc0] added to domain RootDomain, ref_count=1
D/Mono    (10222): AOT module 'HockeySDK.dll.so' not found: dlopen failed: library "/data/app/com.careerbuilder.SugarDrone-1/lib/arm/libaot-HockeySDK.dll.so" not found
D/Mono    (10222): AOT module '/Users/builder/data/lanes/4009/3a62f1ea/source/monodroid/builds/install/mono-armv6/lib/mono/aot-cache/arm/HockeySDK.dll.so' not found: dlopen failed: library "/data/app/com.careerbuilder.SugarDrone-1/lib/arm/libaot-HockeySDK.dll.so" not found
D/Mono    (10222): Config attempting to parse: 'HockeySDK.dll.config'.
D/Mono    (10222): Config attempting to parse: '/Users/builder/data/lanes/4009/3a62f1ea/source/monodroid/builds/install/mono-armv6/etc/mono/assemblies/HockeySDK/HockeySDK.config'.
D/Mono    (10222): Image addref Akavache[0xea55e020] -> Akavache.dll[0xece7d600]: 2
D/Mono    (10222): Prepared to set up assembly 'Akavache' (Akavache.dll)
D/Mono    (10222): Assembly Akavache[0xea55e020] added to domain RootDomain, ref_count=1
D/Mono    (10222): AOT module 'Akavache.dll.so' not found: dlopen failed: library "/data/app/com.careerbuilder.SugarDrone-1/lib/arm/libaot-Akavache.dll.so" not found
D/Mono    (10222): AOT module '/Users/builder/data/lanes/4009/3a62f1ea/source/monodroid/builds/install/mono-armv6/lib/mono/aot-cache/arm/Akavache.dll.so' not found: dlopen failed: library "/data/app/com.careerbuilder.SugarDrone-1/lib/arm/libaot-Akavache.dll.so" not found
D/Mono    (10222): Config attempting to parse: 'Akavache.dll.config'.
D/Mono    (10222): Config attempting to parse: '/Users/builder/data/lanes/4009/3a62f1ea/source/monodroid/builds/install/mono-armv6/etc/mono/assemblies/Akavache/Akavache.config'.
D/Mono    (10222): Image addref Akavache.Sqlite3[0xea55e080] -> Akavache.Sqlite3.dll[0xece7db00]: 2
D/Mono    (10222): Prepared to set up assembly 'Akavache.Sqlite3' (Akavache.Sqlite3.dll)
D/Mono    (10222): Assembly Akavache.Sqlite3[0xea55e080] added to domain RootDomain, ref_count=1
D/Mono    (10222): AOT module 'Akavache.Sqlite3.dll.so' not found: dlopen failed: library "/data/app/com.careerbuilder.SugarDrone-1/lib/arm/libaot-Akavache.Sqlite3.dll.so" not found
D/Mono    (10222): AOT module '/Users/builder/data/lanes/4009/3a62f1ea/source/monodroid/builds/install/mono-armv6/lib/mono/aot-cache/arm/Akavache.Sqlite3.dll.so' not found: dlopen failed: library "/data/app/com.careerbuilder.SugarDrone-1/lib/arm/libaot-Akavache.Sqlite3.dll.so" not found
W/        (10222): Symbol file LoadedFromMemory doesn't match image Akavache.Sqlite3.dll
D/Mono    (10222): Config attempting to parse: 'Akavache.Sqlite3.dll.config'.
D/Mono    (10222): Config attempting to parse: '/Users/builder/data/lanes/4009/3a62f1ea/source/monodroid/builds/install/mono-armv6/etc/mono/assemblies/Akavache.Sqlite3/Akavache.Sqlite3.config'.
D/Mono    (10222): Image addref Splat[0xea55e0e0] -> Splat.dll[0xf4ff6a00]: 2
D/Mono    (10222): Prepared to set up assembly 'Splat' (Splat.dll)
D/Mono    (10222): Assembly Splat[0xea55e0e0] added to domain RootDomain, ref_count=1
D/Mono    (10222): AOT module 'Splat.dll.so' not found: dlopen failed: library "/data/app/com.careerbuilder.SugarDrone-1/lib/arm/libaot-Splat.dll.so" not found
D/Mono    (10222): AOT module '/Users/builder/data/lanes/4009/3a62f1ea/source/monodroid/builds/install/mono-armv6/lib/mono/aot-cache/arm/Splat.dll.so' not found: dlopen failed: library "/data/app/com.careerbuilder.SugarDrone-1/lib/arm/libaot-Splat.dll.so" not found
D/Mono    (10222): Config attempting to parse: 'Splat.dll.config'.
D/Mono    (10222): Config attempting to parse: '/Users/builder/data/lanes/4009/3a62f1ea/source/monodroid/builds/install/mono-armv6/etc/mono/assemblies/Splat/Splat.config'.
D/Mono    (10222): Image addref Microsoft.Practices.ServiceLocation[0xea55e140] -> Microsoft.Practices.ServiceLocation.dll[0xf4ff6f00]: 2
D/Mono    (10222): Prepared to set up assembly 'Microsoft.Practices.ServiceLocation' (Microsoft.Practices.ServiceLocation.dll)
D/Mono    (10222): Assembly Microsoft.Practices.ServiceLocation[0xea55e140] added to domain RootDomain, ref_count=1
D/Mono    (10222): AOT module 'Microsoft.Practices.ServiceLocation.dll.so' not found: dlopen failed: library "/data/app/com.careerbuilder.SugarDrone-1/lib/arm/libaot-Microsoft.Practices.ServiceLocation.dll.so" not found
D/Mono    (10222): AOT module '/Users/builder/data/lanes/4009/3a62f1ea/source/monodroid/builds/install/mono-armv6/lib/mono/aot-cache/arm/Microsoft.Practices.ServiceLocation.dll.so' not found: dlopen failed: library "/data/app/com.careerbuilder.SugarDrone-1/lib/arm/libaot-Microsoft.Practices.ServiceLocation.dll.so" not found
D/Mono    (10222): Config attempting to parse: 'Microsoft.Practices.ServiceLocation.dll.config'.
D/Mono    (10222): Config attempting to parse: '/Users/builder/data/lanes/4009/3a62f1ea/source/monodroid/builds/install/mono-armv6/etc/mono/assemblies/Microsoft.Practices.ServiceLocation/Microsoft.Practices.ServiceLocation.config'.
D/Mono    (10222): Image addref Microsoft.Practices.Unity[0xea55e1a0] -> Microsoft.Practices.Unity.dll[0xf4ff7400]: 2
D/Mono    (10222): Prepared to set up assembly 'Microsoft.Practices.Unity' (Microsoft.Practices.Unity.dll)
D/Mono    (10222): Assembly Microsoft.Practices.Unity[0xea55e1a0] added to domain RootDomain, ref_count=1
D/Mono    (10222): AOT module 'Microsoft.Practices.Unity.dll.so' not found: dlopen failed: library "/data/app/com.careerbuilder.SugarDrone-1/lib/arm/libaot-Microsoft.Practices.Unity.dll.so" not found
D/Mono    (10222): AOT module '/Users/builder/data/lanes/4009/3a62f1ea/source/monodroid/builds/install/mono-armv6/lib/mono/aot-cache/arm/Microsoft.Practices.Unity.dll.so' not found: dlopen failed: library "/data/app/com.careerbuilder.SugarDrone-1/lib/arm/libaot-Microsoft.Practices.Unity.dll.so" not found
D/Mono    (10222): Config attempting to parse: 'Microsoft.Practices.Unity.dll.config'.
D/Mono    (10222): Config attempting to parse: '/Users/builder/data/lanes/4009/3a62f1ea/source/monodroid/builds/install/mono-armv6/etc/mono/assemblies/Microsoft.Practices.Unity/Microsoft.Practices.Unity.config'.
D/Mono    (10222): Image addref Plugin.CurrentActivity[0xea55e200] -> Plugin.CurrentActivity.dll[0xf4ff7900]: 2
D/Mono    (10222): Prepared to set up assembly 'Plugin.CurrentActivity' (Plugin.CurrentActivity.dll)
D/Mono    (10222): Assembly Plugin.CurrentActivity[0xea55e200] added to domain RootDomain, ref_count=1
D/Mono    (10222): AOT module 'Plugin.CurrentActivity.dll.so' not found: dlopen failed: library "/data/app/com.careerbuilder.SugarDrone-1/lib/arm/libaot-Plugin.CurrentActivity.dll.so" not found
D/Mono    (10222): AOT module '/Users/builder/data/lanes/4009/3a62f1ea/source/monodroid/builds/install/mono-armv6/lib/mono/aot-cache/arm/Plugin.CurrentActivity.dll.so' not found: dlopen failed: library "/data/app/com.careerbuilder.SugarDrone-1/lib/arm/libaot-Plugin.CurrentActivity.dll.so" not found
D/Mono    (10222): Config attempting to parse: 'Plugin.CurrentActivity.dll.config'.
D/Mono    (10222): Config attempting to parse: '/Users/builder/data/lanes/4009/3a62f1ea/source/monodroid/builds/install/mono-armv6/etc/mono/assemblies/Plugin.CurrentActivity/Plugin.CurrentActivity.config'.
D/Mono    (10222): Image addref Plugin.Permissions[0xea55e260] -> Plugin.Permissions.dll[0xeb699000]: 2
D/Mono    (10222): Prepared to set up assembly 'Plugin.Permissions' (Plugin.Permissions.dll)
D/Mono    (10222): Assembly Plugin.Permissions[0xea55e260] added to domain RootDomain, ref_count=1
D/Mono    (10222): AOT module 'Plugin.Permissions.dll.so' not found: dlopen failed: library "/data/app/com.careerbuilder.SugarDrone-1/lib/arm/libaot-Plugin.Permissions.dll.so" not found
D/Mono    (10222): AOT module '/Users/builder/data/lanes/4009/3a62f1ea/source/monodroid/builds/install/mono-armv6/lib/mono/aot-cache/arm/Plugin.Permissions.dll.so' not found: dlopen failed: library "/data/app/com.careerbuilder.SugarDrone-1/lib/arm/libaot-Plugin.Permissions.dll.so" not found
D/Mono    (10222): Config attempting to parse: 'Plugin.Permissions.dll.config'.
D/Mono    (10222): Config attempting to parse: '/Users/builder/data/lanes/4009/3a62f1ea/source/monodroid/builds/install/mono-armv6/etc/mono/assemblies/Plugin.Permissions/Plugin.Permissions.config'.
D/Mono    (10222): Image addref Plugin.Permissions.Abstractions[0xea55e2c0] -> Plugin.Permissions.Abstractions.dll[0xeb699500]: 2
D/Mono    (10222): Prepared to set up assembly 'Plugin.Permissions.Abstractions' (Plugin.Permissions.Abstractions.dll)
D/Mono    (10222): Assembly Plugin.Permissions.Abstractions[0xea55e2c0] added to domain RootDomain, ref_count=1
D/Mono    (10222): AOT module 'Plugin.Permissions.Abstractions.dll.so' not found: dlopen failed: library "/data/app/com.careerbuilder.SugarDrone-1/lib/arm/libaot-Plugin.Permissions.Abstractions.dll.so" not found
D/Mono    (10222): AOT module '/Users/builder/data/lanes/4009/3a62f1ea/source/monodroid/builds/install/mono-armv6/lib/mono/aot-cache/arm/Plugin.Permissions.Abstractions.dll.so' not found: dlopen failed: library "/data/app/com.careerbuilder.SugarDrone-1/lib/arm/libaot-Plugin.Permissions.Abstractions.dll.so" not found
D/Mono    (10222): Config attempting to parse: 'Plugin.Permissions.Abstractions.dll.config'.
D/Mono    (10222): Config attempting to parse: '/Users/builder/data/lanes/4009/3a62f1ea/source/monodroid/builds/install/mono-armv6/etc/mono/assemblies/Plugin.Permissions.Abstractions/Plugin.Permissions.Abstractions.config'.
D/Mono    (10222): Image addref Plugin.Geolocator[0xea55e320] -> Plugin.Geolocator.dll[0xeb699a00]: 2
D/Mono    (10222): Prepared to set up assembly 'Plugin.Geolocator' (Plugin.Geolocator.dll)
D/Mono    (10222): Assembly Plugin.Geolocator[0xea55e320] added to domain RootDomain, ref_count=1
D/Mono    (10222): AOT module 'Plugin.Geolocator.dll.so' not found: dlopen failed: library "/data/app/com.careerbuilder.SugarDrone-1/lib/arm/libaot-Plugin.Geolocator.dll.so" not found
D/Mono    (10222): AOT module '/Users/builder/data/lanes/4009/3a62f1ea/source/monodroid/builds/install/mono-armv6/lib/mono/aot-cache/arm/Plugin.Geolocator.dll.so' not found: dlopen failed: library "/data/app/com.careerbuilder.SugarDrone-1/lib/arm/libaot-Plugin.Geolocator.dll.so" not found
D/Mono    (10222): Config attempting to parse: 'Plugin.Geolocator.dll.config'.
D/Mono    (10222): Config attempting to parse: '/Users/builder/data/lanes/4009/3a62f1ea/source/monodroid/builds/install/mono-armv6/etc/mono/assemblies/Plugin.Geolocator/Plugin.Geolocator.config'.
D/Mono    (10222): Image addref Plugin.Geolocator.Abstractions[0xea55e380] -> Plugin.Geolocator.Abstractions.dll[0xeb699f00]: 2
D/Mono    (10222): Prepared to set up assembly 'Plugin.Geolocator.Abstractions' (Plugin.Geolocator.Abstractions.dll)
D/Mono    (10222): Assembly Plugin.Geolocator.Abstractions[0xea55e380] added to domain RootDomain, ref_count=1
D/Mono    (10222): AOT module 'Plugin.Geolocator.Abstractions.dll.so' not found: dlopen failed: library "/data/app/com.careerbuilder.SugarDrone-1/lib/arm/libaot-Plugin.Geolocator.Abstractions.dll.so" not found
D/Mono    (10222): AOT module '/Users/builder/data/lanes/4009/3a62f1ea/source/monodroid/builds/install/mono-armv6/lib/mono/aot-cache/arm/Plugin.Geolocator.Abstractions.dll.so' not found: dlopen failed: library "/data/app/com.careerbuilder.SugarDrone-1/lib/arm/libaot-Plugin.Geolocator.Abstractions.dll.so" not found
D/Mono    (10222): Config attempting to parse: 'Plugin.Geolocator.Abstractions.dll.config'.
D/Mono    (10222): Config attempting to parse: '/Users/builder/data/lanes/4009/3a62f1ea/source/monodroid/builds/install/mono-armv6/etc/mono/assemblies/Plugin.Geolocator.Abstractions/Plugin.Geolocator.Abstractions.config'.
D/Mono    (10222): Image addref Plugin.DeviceInfo[0xea55e3e0] -> Plugin.DeviceInfo.dll[0xeb69a400]: 2
D/Mono    (10222): Prepared to set up assembly 'Plugin.DeviceInfo' (Plugin.DeviceInfo.dll)
D/Mono    (10222): Assembly Plugin.DeviceInfo[0xea55e3e0] added to domain RootDomain, ref_count=1
D/Mono    (10222): AOT module 'Plugin.DeviceInfo.dll.so' not found: dlopen failed: library "/data/app/com.careerbuilder.SugarDrone-1/lib/arm/libaot-Plugin.DeviceInfo.dll.so" not found
D/Mono    (10222): AOT module '/Users/builder/data/lanes/4009/3a62f1ea/source/monodroid/builds/install/mono-armv6/lib/mono/aot-cache/arm/Plugin.DeviceInfo.dll.so' not found: dlopen failed: library "/data/app/com.careerbuilder.SugarDrone-1/lib/arm/libaot-Plugin.DeviceInfo.dll.so" not found
D/Mono    (10222): Config attempting to parse: 'Plugin.DeviceInfo.dll.config'.
D/Mono    (10222): Config attempting to parse: '/Users/builder/data/lanes/4009/3a62f1ea/source/monodroid/builds/install/mono-armv6/etc/mono/assemblies/Plugin.DeviceInfo/Plugin.DeviceInfo.config'.
D/Mono    (10222): Image addref Plugin.DeviceInfo.Abstractions[0xea55e440] -> Plugin.DeviceInfo.Abstractions.dll[0xeb69a900]: 2
D/Mono    (10222): Prepared to set up assembly 'Plugin.DeviceInfo.Abstractions' (Plugin.DeviceInfo.Abstractions.dll)
D/Mono    (10222): Assembly Plugin.DeviceInfo.Abstractions[0xea55e440] added to domain RootDomain, ref_count=1
D/Mono    (10222): AOT module 'Plugin.DeviceInfo.Abstractions.dll.so' not found: dlopen failed: library "/data/app/com.careerbuilder.SugarDrone-1/lib/arm/libaot-Plugin.DeviceInfo.Abstractions.dll.so" not found
D/Mono    (10222): AOT module '/Users/builder/data/lanes/4009/3a62f1ea/source/monodroid/builds/install/mono-armv6/lib/mono/aot-cache/arm/Plugin.DeviceInfo.Abstractions.dll.so' not found: dlopen failed: library "/data/app/com.careerbuilder.SugarDrone-1/lib/arm/libaot-Plugin.DeviceInfo.Abstractions.dll.so" not found
D/Mono    (10222): Config attempting to parse: 'Plugin.DeviceInfo.Abstractions.dll.config'.
D/Mono    (10222): Config attempting to parse: '/Users/builder/data/lanes/4009/3a62f1ea/source/monodroid/builds/install/mono-armv6/etc/mono/assemblies/Plugin.DeviceInfo.Abstractions/Plugin.DeviceInfo.Abstractions.config'.
D/Mono    (10222): Image addref Xamarin.GooglePlayServices.Analytics[0xea55e4a0] -> Xamarin.GooglePlayServices.Analytics.dll[0xeb69ae00]: 2
D/Mono    (10222): Prepared to set up assembly 'Xamarin.GooglePlayServices.Analytics' (Xamarin.GooglePlayServices.Analytics.dll)
D/Mono    (10222): Assembly Xamarin.GooglePlayServices.Analytics[0xea55e4a0] added to domain RootDomain, ref_count=1
D/Mono    (10222): AOT module 'Xamarin.GooglePlayServices.Analytics.dll.so' not found: dlopen failed: library "/data/app/com.careerbuilder.SugarDrone-1/lib/arm/libaot-Xamarin.GooglePlayServices.Analytics.dll.so" not found
D/Mono    (10222): AOT module '/Users/builder/data/lanes/4009/3a62f1ea/source/monodroid/builds/install/mono-armv6/lib/mono/aot-cache/arm/Xamarin.GooglePlayServices.Analytics.dll.so' not found: dlopen failed: library "/data/app/com.careerbuilder.SugarDrone-1/lib/arm/libaot-Xamarin.GooglePlayServices.Analytics.dll.so" not found
D/Mono    (10222): Config attempting to parse: 'Xamarin.GooglePlayServices.Analytics.dll.config'.
D/Mono    (10222): Config attempting to parse: '/Users/builder/data/lanes/4009/3a62f1ea/source/monodroid/builds/install/mono-armv6/etc/mono/assemblies/Xamarin.GooglePlayServices.Analytics/Xamarin.GooglePlayServices.Analytics.config'.
D/Mono    (10222): Image addref Xamarin.GooglePlayServices.Base[0xea55e500] -> Xamarin.GooglePlayServices.Base.dll[0xeb69b300]: 2
D/Mono    (10222): Prepared to set up assembly 'Xamarin.GooglePlayServices.Base' (Xamarin.GooglePlayServices.Base.dll)
