D/Mono    ( 9456): DllImport searching in: '__Internal' ('(null)').
D/Mono    ( 9456): Searching for 'java_interop_jnienv_new_object_array'.
D/Mono    ( 9456): Probing 'java_interop_jnienv_new_object_array'.
D/Mono    ( 9456): Found as 'java_interop_jnienv_new_object_array'.
D/Mono    ( 9456): DllImport searching in: '__Internal' ('(null)').
D/Mono    ( 9456): Searching for 'java_interop_jnienv_set_object_array_element'.
D/Mono    ( 9456): Probing 'java_interop_jnienv_set_object_array_element'.
D/Mono    ( 9456): Found as 'java_interop_jnienv_set_object_array_element'.
D/NetlinkSocketObserver(  926): NeighborEvent{elapsedMs=278440, 10.22.0.1, [B0FAEB975089], RTM_NEWNEIGH, NUD_REACHABLE}
I/System.out( 9456): URI: /backdoor
I/System.out( 9456): params: {json={"method_name":"APISetup","arguments":[200]}
I/System.out( 9456): }
W/FragmentManager( 9456): moveToState: Fragment state for ValuePropFragment{8de8753 #0 id=0x7f0a0148 android:switcher:2131362120:1} not updated inline; expected state 3 found 2
D/audio_hw_primary(  512): disable_audio_route: reset and update mixer path: low-latency-playback speaker
D/audio_hw_primary(  512): disable_snd_device: snd_device(2: speaker)
D/Mono    ( 9456): [0xd8a9a930] worker starting
I/soundtrigger(  512): audio_extn_sound_trigger_update_device_status: device 0x2 of type 0 for Event 0
I/ActivityManager(  926): Displayed com.careerbuilder.SugarDrone/md537fd6201b6818e2e180d2f7606e21a83.ValuePropActivity: +621ms
I/Keyboard.Facilitator( 3292): onFinishInput()
D/Mono    ( 9456): Unloading image System.dll [0xd97f2500].
D/Mono    ( 9456): Image addref System[0xd944e180] -> System.dll[0xea40f100]: 5
D/Mono    ( 9456): Config attempting to parse: 'System.dll.config'.
D/Mono    ( 9456): Config attempting to parse: '/Users/builder/data/lanes/4009/3a62f1ea/source/monodroid/builds/install/mono-armv6/etc/mono/assemblies/System/System.config'.
D/Mono    ( 9456): Unloading image System.dll [0xd97f2500].
D/Mono    ( 9456): Image addref System[0xd944e0c0] -> System.dll[0xea40f100]: 6
D/Mono    ( 9456): Config attempting to parse: 'System.dll.config'.
D/Mono    ( 9456): Config attempting to parse: '/Users/builder/data/lanes/4009/3a62f1ea/source/monodroid/builds/install/mono-armv6/etc/mono/assemblies/System/System.config'.
D/Mono    ( 9456): Unloading image System.dll [0xd97f2500].
D/Mono    ( 9456): Image addref System[0xd944e0c0] -> System.dll[0xea40f100]: 7
D/Mono    ( 9456): Config attempting to parse: 'System.dll.config'.
D/Mono    ( 9456): Config attempting to parse: '/Users/builder/data/lanes/4009/3a62f1ea/source/monodroid/builds/install/mono-armv6/etc/mono/assemblies/System/System.config'.
D/Mono    ( 9456): Unloading image System.dll [0xd97f2500].
D/Mono    ( 9456): Image addref System[0xd944e0c0] -> System.dll[0xea40f100]: 8
D/Mono    ( 9456): Config attempting to parse: 'System.dll.config'.
D/Mono    ( 9456): Config attempting to parse: '/Users/builder/data/lanes/4009/3a62f1ea/source/monodroid/builds/install/mono-armv6/etc/mono/assemblies/System/System.config'.
D/ConnectivityService(  926): notifyType CAP_CHANGED for NetworkAgentInfo [WIFI () - 100]
I/System.out( 9456): URI: /backdoor
I/System.out( 9456): params: {json={"method_name":"MyCBBackdoor","arguments":[]}
I/System.out( 9456): }
I/ServiceManager(  546): Waiting for service AtCmdFwd...
D/Mono    ( 9456): DllImport searching in: '__Internal' ('(null)').
D/Mono    ( 9456): Searching for 'java_interop_jnienv_is_assignable_from'.
D/Mono    ( 9456): Probing 'java_interop_jnienv_is_assignable_from'.
D/Mono    ( 9456): Found as 'java_interop_jnienv_is_assignable_from'.
D/Mono    ( 9456): DllImport searching in: '__Internal' ('(null)').
D/Mono    ( 9456): Searching for 'java_interop_jnienv_get_byte_array_region'.
D/Mono    ( 9456): Probing 'java_interop_jnienv_get_byte_array_region'.
D/Mono    ( 9456): Found as 'java_interop_jnienv_get_byte_array_region'.
D/Mono    ( 9456): DllImport searching in: '__Internal' ('(null)').
D/Mono    ( 9456): Searching for 'java_interop_jnienv_set_byte_array_region'.
D/Mono    ( 9456): Probing 'java_interop_jnienv_set_byte_array_region'.
D/Mono    ( 9456): Found as 'java_interop_jnienv_set_byte_array_region'.
D/Mono    ( 9456): Assembly Ref addref CareerBuilder_Search.Droid[0xef269080] -> Xamarin.Android.Support.Design[0xef269c20]: 2
W/SurfaceFlinger(  381): couldn't log to binary event log: overflow.
I/calabash( 9456): execStartActivity 4
I/ActivityManager(  926): START u0 {cmp=com.careerbuilder.SugarDrone/md5a4824aa66c0dc4d104077b72c1916a44.MasterNavActivity} from uid 16022 on display 0
I/calabash( 9456): newActivity1
W/ip      ( 9537): type=1400 audit(0.0:74): avc: denied { search } for name="net" dev="dm-2" ino=719496 scontext=u:r:shell:s0 tcontext=u:object_r:net_data_file:s0 tclass=dir permissive=0
W/Mono    ( 9456): The request to load the assembly System.Core v4.0.0.0 was remapped to v2.0.5.0
D/Mono    ( 9456): Unloading image System.Core.dll [0xd97f3e00].
D/Mono    ( 9456): Image addref System.Core[0xda74e8e0] -> System.Core.dll[0xdc0a8000]: 5
D/Mono    ( 9456): Config attempting to parse: 'System.Core.dll.config'.
D/Mono    ( 9456): Config attempting to parse: '/Users/builder/data/lanes/4009/3a62f1ea/source/monodroid/builds/install/mono-armv6/etc/mono/assemblies/System.Core/System.Core.config'.
W/Mono    ( 9456): The request to load the assembly System.Core v4.0.0.0 was remapped to v2.0.5.0
D/Mono    ( 9456): Unloading image System.Core.dll [0xd97f3e00].
D/Mono    ( 9456): Image addref System.Core[0xd944e240] -> System.Core.dll[0xdc0a8000]: 6
D/Mono    ( 9456): Config attempting to parse: 'System.Core.dll.config'.
D/Mono    ( 9456): Config attempting to parse: '/Users/builder/data/lanes/4009/3a62f1ea/source/monodroid/builds/install/mono-armv6/etc/mono/assemblies/System.Core/System.Core.config'.
D/Mono    ( 9456): DllImport searching in: '__Internal' ('(null)').
D/Mono    ( 9456): Searching for 'java_interop_jnienv_call_int_method'.
D/Mono    ( 9456): Probing 'java_interop_jnienv_call_int_method'.
D/Mono    ( 9456): Found as 'java_interop_jnienv_call_int_method'.
I/System.out( 9456): URI: /map
I/System.out( 9456): params: {json={"query":"* marked:'Skip'","operation":{"method_name":"query","arguments":[]}}
I/System.out( 9456): }
D/Mono    ( 9456): Assembly Ref addref Xamarin.Android.Support.Design[0xef269c20] -> Xamarin.Android.Support.v4[0xef269a40]: 4
D/Mono    ( 9456): Assembly Ref addref CareerBuilder_Search.Droid[0xef269080] -> Xamarin.Android.Support.v7.RecyclerView[0xef269aa0]: 2
D/Mono    ( 9456): Assembly Ref addref Xamarin.Android.Support.v7.RecyclerView[0xef269aa0] -> Xamarin.Android.Support.v4[0xef269a40]: 5
D/Mono    ( 9456): Assembly Ref addref CareerBuilder_Search.Droid[0xef269080] -> FloatingActionButton-Xamarin[0xef2699e0]: 2
D/Mono    ( 9456): [0xd6b7a930] worker starting
D/Mono    ( 9456): Unloading image System.IO.dll [0xd8ed6f00].
D/Mono    ( 9456): Image addref System.IO[0xd944f980] -> System.IO.dll[0xd9d0e900]: 6
D/Mono    ( 9456): Config attempting to parse: 'System.IO.dll.config'.
D/Mono    ( 9456): Config attempting to parse: '/Users/builder/data/lanes/4009/3a62f1ea/source/monodroid/builds/install/mono-armv6/etc/mono/assemblies/System.IO/System.IO.config'.
D/Mono    ( 9456): Assembly Ref addref CareerBuilder_Search[0xef26a0a0] -> System.IO[0xda74cde0]: 4
W/FragmentManager( 9456): moveToState: Fragment state for SavedJobsFragment{32d7234 #0 id=0x7f0a0148 android:switcher:2131362120:1} not updated inline; expected state 3 found 2
D/Mono    ( 9456): Assembly Ref addref CareerBuilder_Search.Droid[0xef269080] -> System[0xef26a3a0]: 13
W/FragmentManager( 9456): moveToState: Fragment state for ResumeManagementFragment{b5da85d #1 id=0x7f0a0148 android:switcher:2131362120:2} not updated inline; expected state 3 found 2
D/Mono    ( 9456): Unloading image System.Linq.dll [0xd95dcc00].
D/Mono    ( 9456): Image addref System.Linq[0xd6c9b940] -> System.Linq.dll[0xdc0a9e00]: 9
D/Mono    ( 9456): Config attempting to parse: 'System.Linq.dll.config'.
D/Mono    ( 9456): Config attempting to parse: '/Users/builder/data/lanes/4009/3a62f1ea/source/monodroid/builds/install/mono-armv6/etc/mono/assemblies/System.Linq/System.Linq.config'.
D/Mono    ( 9456): Assembly Ref addref CareerBuilder_Search[0xef26a0a0] -> System.Linq[0xef26a580]: 7
D/Mono    ( 9456): DllImport attempting to load: '/system/lib/liblog.so'.
D/Mono    ( 9456): DllImport loaded library '/system/lib/liblog.so'.
D/Mono    ( 9456): DllImport searching in: '/system/lib/liblog.so' ('/system/lib/liblog.so').
D/Mono    ( 9456): Searching for '__android_log_print'.
D/Mono    ( 9456): Probing '__android_log_print'.
D/Mono    ( 9456): Found as '__android_log_print'.
I/mono-stdout( 9456): uri is: https://api.careerbuilder.com/consumer/resumes?OAuthToken=&HostSite=US&DeveloperKey=WDHR8FC6P2JZ1Y61KLM5
D/Mono    ( 9456): Unloading image System.Collections.dll [0xd8ed9200].
D/Mono    ( 9456): Image addref System.Collections[0xd6c9ba00] -> System.Collections.dll[0xea40fb00]: 10
D/Mono    ( 9456): Config attempting to parse: 'System.Collections.dll.config'.
D/Mono    ( 9456): Config attempting to parse: '/Users/builder/data/lanes/4009/3a62f1ea/source/monodroid/builds/install/mono-armv6/etc/mono/assemblies/System.Collections/System.Collections.config'.
D/Mono    ( 9456): Assembly Ref addref System.Reactive.Linq[0xef269e60] -> System.Collections[0xef26a460]: 8
D/Mono    ( 9456): DllImport searching in: '__Internal' ('(null)').
D/Mono    ( 9456): Searching for 'java_interop_jnienv_call_nonvirtual_void_method'.
D/Mono    ( 9456): Probing 'java_interop_jnienv_call_nonvirtual_void_method'.
D/Mono    ( 9456): Found as 'java_interop_jnienv_call_nonvirtual_void_method'.
D/Mono    ( 9456): DllImport searching in: '__Internal' ('(null)').
D/Mono    ( 9456): Searching for 'java_interop_jnienv_new_byte_array'.
D/Mono    ( 9456): Probing 'java_interop_jnienv_new_byte_array'.
D/Mono    ( 9456): Found as 'java_interop_jnienv_new_byte_array'.
I/mono-stdout( 9456): uri is: https://api.careerbuilder.com/consumer/saved-jobs/?DeveloperKey=WDHR8FC6P2JZ1Y61KLM5
D/Mono    ( 9456): Image addref System.Net.Primitives[0xd6cb0480] -> System.Net.Primitives.dll[0xd95ddb00]: 2
D/Mono    ( 9456): Unloading image System.Net.Primitives.dll [0xd6489500].
D/Mono    ( 9456): Prepared to set up assembly 'System.Net.Primitives' (System.Net.Primitives.dll)
D/Mono    ( 9456): Assembly System.Net.Primitives[0xd6cb0480] added to domain RootDomain, ref_count=1
D/Mono    ( 9456): Image addref System.Net.Primitives[0xd6cb1bc0] -> System.Net.Primitives.dll[0xd95ddb00]: 4
D/Mono    ( 9456): Config attempting to parse: 'System.Net.Primitives.dll.config'.
D/Mono    ( 9456): Config attempting to parse: '/Users/builder/data/lanes/4009/3a62f1ea/source/monodroid/builds/install/mono-armv6/etc/mono/assemblies/System.Net.Primitives/System.Net.Primitives.config'.
D/Mono    ( 9456): Assembly Ref addref CareerBuilder_Search[0xef26a0a0] -> System.Net.Primitives[0xd6cb0480]: 2
D/Mono    ( 9456): Assembly Ref addref System.Net.Primitives[0xd6cb0480] -> System[0xef26a3a0]: 14
D/Mono    ( 9456): AOT module 'System.Net.Primitives.dll.so' not found: dlopen failed: library "/data/app/com.careerbuilder.SugarDrone-1/lib/arm/libaot-System.Net.Primitives.dll.so" not found
D/Mono    ( 9456): Unloading image System.Text.Encoding.dll [0xd6489500].
D/Mono    ( 9456): Image addref System.Text.Encoding[0xd6cb19e0] -> System.Text.Encoding.dll[0xd9d0df00]: 5
D/Mono    ( 9456): Config attempting to parse: 'System.Text.Encoding.dll.config'.
D/Mono    ( 9456): Config attempting to parse: '/Users/builder/data/lanes/4009/3a62f1ea/source/monodroid/builds/install/mono-armv6/etc/mono/assemblies/System.Text.Encoding/System.Text.Encoding.config'.
D/Mono    ( 9456): Assembly Ref addref CareerBuilder_Search[0xef26a0a0] -> System.Text.Encoding[0xda74cd20]: 3
D/Mono    ( 9456): AOT module '/Users/builder/data/lanes/4009/3a62f1ea/source/monodroid/builds/install/mono-armv6/lib/mono/aot-cache/arm/System.Net.Primitives.dll.so' not found: dlopen failed: library "/data/app/com.careerbuilder.SugarDrone-1/lib/arm/libaot-System.Net.Primitives.dll.so" not found
D/Mono    ( 9456): Config attempting to parse: 'System.Net.Primitives.dll.config'.
D/Mono    ( 9456): Config attempting to parse: '/Users/builder/data/lanes/4009/3a62f1ea/source/monodroid/builds/install/mono-armv6/etc/mono/assemblies/System.Net.Primitives/System.Net.Primitives.config'.
I/mono-stdout( 9456): uri is: https://api.careerbuilder.com/consumer/resumes?OAuthToken=&HostSite=US&DeveloperKey=WDHR8FC6P2JZ1Y61KLM5
I/mono-stdout( 9456): making api call to: /consumer/saved-jobs/?DeveloperKey=WDHR8FC6P2JZ1Y61KLM5
I/mono-stdout( 9456): uri is: https://api.careerbuilder.com/consumer/jobs/search/?Keywords=&Location=&UseFacets=true&PageNumber=1&ExcludeNational=true&DeveloperKey=WDHR8FC6P2JZ1Y61KLM5
I/mono-stdout( 9456): making api call to: /consumer/jobs/search/?Keywords=&Location=&UseFacets=true&PageNumber=1&ExcludeNational=true&DeveloperKey=WDHR8FC6P2JZ1Y61KLM5
I/mono-stdout( 9456): making api call to: /consumer/resumes?OAuthToken=&HostSite=US&DeveloperKey=WDHR8FC6P2JZ1Y61KLM5
I/mono-stdout( 9456): making api call to: /consumer/resumes?OAuthToken=&HostSite=US&DeveloperKey=WDHR8FC6P2JZ1Y61KLM5
D/Mono    ( 9456): [0xd62ff930] worker starting
I/mono-stdout( 9456): Method: GET, RequestUri: 'https://api.careerbuilder.com/consumer/saved-jobs/?DeveloperKey=WDHR8FC6P2JZ1Y61KLM5', Version: 1.1, Content: <null>, Headers:

I/mono-stdout( 9456): {

I/mono-stdout( 9456): DeveloperKey: WDHR8FC6P2JZ1Y61KLM5

I/mono-stdout( 9456): Accept: application/json

I/mono-stdout( 9456): Authorization: Bearer test

I/mono-stdout( 9456): HostSite: US

I/mono-stdout( 9456): }
D/Mono    ( 9456): [0xd62ff930] hill climbing, change max number of threads 9
D/Mono    ( 9456): [0xd60ff930] worker starting
I/mono-stdout( 9456): Current State = 1,2,6,7
I/mono-stdout( 9456): applied jobs = 6
I/mono-stdout( 9456): expired jobs = 7
I/mono-stdout( 9456): saved jobs = Saved,Saved,Applied,Saved
W/Atfwd_Sendcmd(  546): AtCmdFwd service not published, waiting... retryCnt : 4
I/mono-stdout( 9456): done making call to: /consumer/resumes?OAuthToken=&HostSite=US&DeveloperKey=WDHR8FC6P2JZ1Y61KLM5
I/mono-stdout( 9456): done making call to: /consumer/resumes?OAuthToken=&HostSite=US&DeveloperKey=WDHR8FC6P2JZ1Y61KLM5
I/mono-stdout( 9456): The resume  with hash has been set as latest
I/mono-stdout( 9456): The resume  with hash has been set as latest
I/art     ( 9456): Starting a blocking GC Explicit
I/mono-stdout( 9456): done making call to: /consumer/saved-jobs/?DeveloperKey=WDHR8FC6P2JZ1Y61KLM5
I/art     ( 9456): Explicit concurrent mark sweep GC freed 2195(147KB) AllocSpace objects, 0(0B) LOS objects, 29% free, 38MB/54MB, paused 394us total 16.925ms
D/Mono    ( 9456): GC_TAR_BRIDGE bridges 187 objects 385 opaque 122 colors 187 colors-bridged 187 colors-visible 187 xref 5 cache-hit 0 cache-semihit 0 cache-miss 0 setup 0.05ms tarjan 0.28ms scc-setup 0.08ms gather-xref 0.01ms xref-setup 0.01ms cleanup 0.09ms
D/Mono    ( 9456): GC_BRIDGE: Complete, was running for 19.66ms
D/Mono    ( 9456): GC_MINOR: (Nursery full) time 14.66ms, stw 15.23ms promoted 906K major size: 1920K in use: 1188K los size: 1024K in use: 370K
I/mono-stdout( 9456): done making call to: /consumer/jobs/search/?Keywords=&Location=&UseFacets=true&PageNumber=1&ExcludeNational=true&DeveloperKey=WDHR8FC6P2JZ1Y61KLM5
I/mono-stdout( 9456): uri is: https://api.careerbuilder.com/consumer/saved-jobs/?DeveloperKey=WDHR8FC6P2JZ1Y61KLM5
I/mono-stdout( 9456): making api call to: /consumer/saved-jobs/?DeveloperKey=WDHR8FC6P2JZ1Y61KLM5
I/mono-stdout( 9456): Method: GET, RequestUri: 'https://api.careerbuilder.com/consumer/saved-jobs/?DeveloperKey=WDHR8FC6P2JZ1Y61KLM5', Version: 1.1, Content: <null>, Headers:

I/mono-stdout( 9456): {

I/mono-stdout( 9456): DeveloperKey: WDHR8FC6P2JZ1Y61KLM5

I/mono-stdout( 9456): Accept: application/json

I/mono-stdout( 9456): Authorization: Bearer test

I/mono-stdout( 9456): HostSite: US

I/mono-stdout( 9456): }
I/mono-stdout( 9456): Current State = 1,2,6,7
I/mono-stdout( 9456): applied jobs = 6
I/mono-stdout( 9456): expired jobs = 7
I/mono-stdout( 9456): saved jobs = Saved,Saved,Applied,Saved
E/RecyclerView( 9456): No adapter attached; skipping layout
W/art     ( 9456): JNI RegisterNativeMethods: attempt to register 0 native methods for md539c3d548fb000cea9f34163fa7e112ea.ProgressListItemViewHolder
W/ResourceType( 9456): No known package when getting name for resource number 0xffffffff
W/ResourceType( 9456): No known package when getting name for resource number 0xffffffff
W/ResourceType( 9456): No known package when getting name for resource number 0xffffffff
W/ResourceType( 9456): No known package when getting name for resource number 0xffffffff
W/ResourceType( 9456): No known package when getting name for resource number 0xffffffff
W/ResourceType( 9456): No known package when getting name for resource number 0xffffffff
W/ResourceType( 9456): No known package when getting name for resource number 0xffffffff
W/ResourceType( 9456): No known package when getting name for resource number 0xffffffff
W/ResourceType( 9456): No known package when getting name for resource number 0xffffffff
W/ResourceType( 9456): No known package when getting name for resource number 0xffffffff
W/ResourceType( 9456): No known package when getting name for resource number 0xffffffff
W/ResourceType( 9456): No known package when getting name for resource number 0xffffffff
W/ResourceType( 9456): No known package when getting name for resource number 0xffffffff
W/ResourceType( 9456): No known package when getting name for resource number 0xffffffff
W/ResourceType( 9456): No known package when getting name for resource number 0xffffffff
W/ResourceType( 9456): No known package when getting name for resource number 0xffffffff
W/ResourceType( 9456): No known package when getting name for resource number 0xffffffff
D/Mono    ( 9456): Assembly Ref addref Xamarin.Android.Support.v7.AppCompat[0xef269bc0] -> System.Core[0xef26a700]: 15
I/Choreographer( 9456): Skipped 73 frames!  The application may be doing too much work on its main thread.
E/RecyclerView( 9456): No adapter attached; skipping layout
D/Mono    ( 9456): DllImport searching in: '__Internal' ('(null)').
D/Mono    ( 9456): Searching for 'java_interop_jnienv_call_void_method'.
D/Mono    ( 9456): Probing 'java_interop_jnienv_call_void_method'.
D/Mono    ( 9456): Found as 'java_interop_jnienv_call_void_method'.
I/ActivityManager(  926): Displayed com.careerbuilder.SugarDrone/md5a4824aa66c0dc4d104077b72c1916a44.MasterNavActivity: +1s607ms
I/Keyboard.Facilitator( 3292): onFinishInput()
E/RecyclerView( 9456): No adapter attached; skipping layout
I/System.out( 9456): URI: /map
I/System.out( 9456): params: {json={"query":"* marked:'Job 1'","operation":{"method_name":"query","arguments":[]}}
I/System.out( 9456): }
W/ResourceType( 9456): No known package when getting name for resource number 0xffffffff
W/ResourceType( 9456): No known package when getting name for resource number 0xffffffff
W/ResourceType( 9456): No known package when getting name for resource number 0xffffffff
W/ResourceType( 9456): No known package when getting name for resource number 0xffffffff
W/ResourceType( 9456): No known package when getting name for resource number 0xffffffff
W/ResourceType( 9456): No known package when getting name for resource number 0xffffffff
W/ResourceType( 9456): No known package when getting name for resource number 0xffffffff
W/ResourceType( 9456): No known package when getting name for resource number 0xffffffff
W/ResourceType( 9456): No known package when getting name for resource number 0xffffffff
W/ResourceType( 9456): No known package when getting name for resource number 0xffffffff
W/ResourceType( 9456): No known package when getting name for resource number 0xffffffff
W/ResourceType( 9456): No known package when getting name for resource number 0xffffffff
W/ResourceType( 9456): No known package when getting name for resource number 0xffffffff
W/ResourceType( 9456): No known package when getting name for resource number 0xffffffff
W/ResourceType( 9456): No known package when getting name for resource number 0xffffffff
W/ResourceType( 9456): No known package when getting name for resource number 0xffffffff
W/ResourceType( 9456): No known package when getting name for resource number 0xffffffff
W/ResourceType( 9456): No known package when getting name for resource number 0xffffffff
W/ResourceType( 9456): No known package when getting name for resource number 0xffffffff
W/ResourceType( 9456): No known package when getting name for resource number 0xffffffff
W/ResourceType( 9456): No known package when getting name for resource number 0xffffffff
W/ResourceType( 9456): No known package when getting name for resource number 0xffffffff
W/ResourceType( 9456): No known package when getting name for resource number 0xffffffff
W/ResourceType( 9456): No known package when getting name for resource number 0xffffffff
W/ResourceType( 9456): No known package when getting name for resource number 0xffffffff
W/ResourceType( 9456): No known package when getting name for resource number 0xffffffff
W/ResourceType( 9456): No known package when getting name for resource number 0xffffffff
W/ResourceType( 9456): No known package when getting name for resource number 0xffffffff
W/ResourceType( 9456): No known package when getting name for resource number 0xffffffff
W/ResourceType( 9456): No known package when getting name for resource number 0xffffffff
W/ResourceType( 9456): No known package when getting name for resource number 0xffffffff
W/ResourceType( 9456): No known package when getting name for resource number 0xffffffff
W/ResourceType( 9456): No known package when getting name for resource number 0xffffffff
W/ResourceType( 9456): No known package when getting name for resource number 0xffffffff
W/ResourceType( 9456): No known package when getting name for resource number 0xffffffff
W/ResourceType( 9456): No known package when getting name for resource number 0xffffffff
W/ResourceType( 9456): No known package when getting name for resource number 0xffffffff
W/ResourceType( 9456): No known package when getting name for resource number 0xffffffff
W/ResourceType( 9456): No known package when getting name for resource number 0xffffffff
W/ResourceType( 9456): No known package when getting name for resource number 0xffffffff
W/ResourceType( 9456): No known package when getting name for resource number 0xffffffff
W/ResourceType( 9456): No known package when getting name for resource number 0xffffffff
W/ResourceType( 9456): No known package when getting name for resource number 0xffffffff
W/ResourceType( 9456): No known package when getting name for resource number 0xffffffff
W/ResourceType( 9456): No known package when getting name for resource number 0xffffffff
W/ResourceType( 9456): No known package when getting name for resource number 0xffffffff
W/ResourceType( 9456): No known package when getting name for resource number 0xffffffff
W/ResourceType( 9456): No known package when getting name for resource number 0xffffffff
W/ResourceType( 9456): No known package when getting name for resource number 0xffffffff
W/ResourceType( 9456): No known package when getting name for resource number 0xffffffff
W/ResourceType( 9456): No known package when getting name for resource number 0xffffffff
W/ResourceType( 9456): No known package when getting name for resource number 0xffffffff
W/ResourceType( 9456): No known package when getting name for resource number 0xffffffff
I/mono-stdout( 9456): done making call to: /consumer/saved-jobs/?DeveloperKey=WDHR8FC6P2JZ1Y61KLM5
E/RecyclerView( 9456): No adapter attached; skipping layout
E/RecyclerView( 9456): No adapter attached; skipping layout
W/art     ( 9456): JNI RegisterNativeMethods: attempt to register 0 native methods for md539c3d548fb000cea9f34163fa7e112ea.JobResultViewHolder
W/art     ( 9456): JNI RegisterNativeMethods: attempt to register 0 native methods for md543b91ad655f5c020e54c78f692da973f.SnapshotView
D/Mono    ( 9456): DllImport searching in: '__Internal' ('(null)').
D/Mono    ( 9456): Searching for 'java_interop_jnienv_set_int_field'.
D/Mono    ( 9456): Probing 'java_interop_jnienv_set_int_field'.
D/Mono    ( 9456): Found as 'java_interop_jnienv_set_int_field'.
I/System.out( 9456): URI: /map
I/System.out( 9456): params: {json={"query":"* marked:'Job 4'","operation":{"method_name":"query","arguments":[]}}
I/System.out( 9456): }
W/ResourceType( 9456): No known package when getting name for resource number 0xffffffff
W/ResourceType( 9456): No known package when getting name for resource number 0xffffffff
W/ResourceType( 9456): No known package when getting name for resource number 0xffffffff
W/ResourceType( 9456): No known package when getting name for resource number 0xffffffff
W/ResourceType( 9456): No known package when getting name for resource number 0xffffffff
W/ResourceType( 9456): No known package when getting name for resource number 0xffffffff
W/ResourceType( 9456): No known package when getting name for resource number 0xffffffff
W/ResourceType( 9456): No known package when getting name for resource number 0xffffffff
W/ResourceType( 9456): No known package when getting name for resource number 0xffffffff
W/ResourceType( 9456): No known package when getting name for resource number 0xffffffff
W/ResourceType( 9456): No known package when getting name for resource number 0xffffffff
W/ResourceType( 9456): No known package when getting name for resource number 0xffffffff
W/ResourceType( 9456): No known package when getting name for resource number 0xffffffff
W/ResourceType( 9456): No known package when getting name for resource number 0xffffffff
W/ResourceType( 9456): No known package when getting name for resource number 0xffffffff
W/ResourceType( 9456): No known package when getting name for resource number 0xffffffff
W/ResourceType( 9456): No known package when getting name for resource number 0xffffffff
W/ResourceType( 9456): No known package when getting name for resource number 0xffffffff
W/ResourceType( 9456): No known package when getting name for resource number 0xffffffff
W/ResourceType( 9456): No known package when getting name for resource number 0xffffffff
W/ResourceType( 9456): No known package when getting name for resource number 0xffffffff
W/ResourceType( 9456): No known package when getting name for resource number 0xffffffff
W/ResourceType( 9456): No known package when getting name for resource number 0xffffffff
W/ResourceType( 9456): No known package when getting name for resource number 0xffffffff
W/ResourceType( 9456): No known package when getting name for resource number 0xffffffff
W/ResourceType( 9456): No known package when getting name for resource number 0xffffffff
W/ResourceType( 9456): No known package when getting name for resource number 0xffffffff
W/ResourceType( 9456): No known package when getting name for resource number 0xffffffff
W/ResourceType( 9456): No known package when getting name for resource number 0xffffffff
W/ResourceType( 9456): No known package when getting name for resource number 0xffffffff
W/ResourceType( 9456): No known package when getting name for resource number 0xffffffff
W/ResourceType( 9456): No known package when getting name for resource number 0xffffffff
W/ResourceType( 9456): No known package when getting name for resource number 0xffffffff
W/ResourceType( 9456): No known package when getting name for resource number 0xffffffff
W/ResourceType( 9456): No known package when getting name for resource number 0xffffffff
W/ResourceType( 9456): No known package when getting name for resource number 0xffffffff
W/ResourceType( 9456): No known package when getting name for resource number 0xffffffff
W/ResourceType( 9456): No known package when getting name for resource number 0xffffffff
W/ResourceType( 9456): No known package when getting name for resource number 0xffffffff
W/ResourceType( 9456): No known package when getting name for resource number 0xffffffff
W/ResourceType( 9456): No known package when getting name for resource number 0xffffffff
W/ResourceType( 9456): No known package when getting name for resource number 0xffffffff
W/ResourceType( 9456): No known package when getting name for resource number 0xffffffff
W/ResourceType( 9456): No known package when getting name for resource number 0xffffffff
W/ResourceType( 9456): No known package when getting name for resource number 0xffffffff
W/ResourceType( 9456): No known package when getting name for resource number 0xffffffff
W/ResourceType( 9456): No known package when getting name for resource number 0xffffffff
W/ResourceType( 9456): No known package when getting name for resource number 0xffffffff
W/ResourceType( 9456): No known package when getting name for resource number 0xffffffff
W/ResourceType( 9456): No known package when getting name for resource number 0xffffffff
W/ResourceType( 9456): No known package when getting name for resource number 0xffffffff
W/ResourceType( 9456): No known package when getting name for resource number 0xffffffff
W/ResourceType( 9456): No known package when getting name for resource number 0xffffffff
W/ResourceType( 9456): No known package when getting name for resource number 0xffffffff
W/ResourceType( 9456): No known package when getting name for resource number 0xffffffff
W/ResourceType( 9456): No known package when getting name for resource number 0xffffffff
W/ResourceType( 9456): No known package when getting name for resource number 0xffffffff
W/ResourceType( 9456): No known package when getting name for resource number 0xffffffff
W/ResourceType( 9456): No known package when getting name for resource number 0xffffffff
W/ResourceType( 9456): No known package when getting name for resource number 0xffffffff
W/ResourceType( 9456): No known package when getting name for resource number 0xffffffff
W/ResourceType( 9456): No known package when getting name for resource number 0xffffffff
W/ResourceType( 9456): No known package when getting name for resource number 0xffffffff
W/ResourceType( 9456): No known package when getting name for resource number 0xffffffff
W/ResourceType( 9456): No known package when getting name for resource number 0xffffffff
W/ResourceType( 9456): No known package when getting name for resource number 0xffffffff
I/art     ( 9456): Starting a blocking GC Explicit
I/art     ( 9456): Explicit concurrent mark sweep GC freed 148114(6MB) AllocSpace objects, 8(160KB) LOS objects, 28% free, 39MB/55MB, paused 313us total 33.245ms
I/art     ( 9456): Starting a blocking GC Explicit
I/art     ( 9456): Explicit concurrent mark sweep GC freed 1668(83KB) AllocSpace objects, 0(0B) LOS objects, 28% free, 39MB/55MB, paused 321us total 17.114ms
I/art     ( 9456): Starting a blocking GC Explicit
I/art     ( 9456): Explicit concurrent mark sweep GC freed 35(1632B) AllocSpace objects, 0(0B) LOS objects, 28% free, 39MB/55MB, paused 314us total 16.343ms
I/art     ( 9456): Starting a blocking GC Explicit
I/art     ( 9456): Explicit concurrent mark sweep GC freed 17(1408B) AllocSpace objects, 0(0B) LOS objects, 28% free, 39MB/55MB, paused 306us total 16.845ms
I/art     ( 9456): Starting a blocking GC Explicit
I/art     ( 9456): Explicit concurrent mark sweep GC freed 17(1408B) AllocSpace objects, 0(0B) LOS objects, 28% free, 39MB/55MB, paused 305us total 17.084ms
I/System.out( 9456): URI: /map
I/System.out( 9456): params: {json={"query":"all *","operation":{"method_name":"query","arguments":[]}}
I/System.out( 9456): }
W/ResourceType( 9456): No known package when getting name for resource number 0xffffffff
W/ResourceType( 9456): No known package when getting name for resource number 0xffffffff
W/ResourceType( 9456): No known package when getting name for resource number 0xffffffff
W/ResourceType( 9456): No known package when getting name for resource number 0xffffffff
W/ResourceType( 9456): No known package when getting name for resource number 0xffffffff
W/ResourceType( 9456): No known package when getting name for resource number 0xffffffff
W/ResourceType( 9456): No known package when getting name for resource number 0xffffffff
W/ResourceType( 9456): No known package when getting name for resource number 0xffffffff
W/ResourceType( 9456): No known package when getting name for resource number 0xffffffff
W/ResourceType( 9456): No known package when getting name for resource number 0xffffffff
W/ResourceType( 9456): No known package when getting name for resource number 0xffffffff
W/ResourceType( 9456): No known package when getting name for resource number 0xffffffff
W/ResourceType( 9456): No known package when getting name for resource number 0xffffffff
W/ResourceType( 9456): No known package when getting name for resource number 0xffffffff
W/ResourceType( 9456): No known package when getting name for resource number 0xffffffff
W/ResourceType( 9456): No known package when getting name for resource number 0xffffffff
W/ResourceType( 9456): No known package when getting name for resource number 0xffffffff
W/ResourceType( 9456): No known package when getting name for resource number 0xffffffff
W/ResourceType( 9456): No known package when getting name for resource number 0xffffffff
W/ResourceType( 9456): No known package when getting name for resource number 0xffffffff
W/ResourceType( 9456): No known package when getting name for resource number 0xffffffff
W/ResourceType( 9456): No known package when getting name for resource number 0xffffffff
W/ResourceType( 9456): No known package when getting name for resource number 0xffffffff
W/ResourceType( 9456): No known package when getting name for resource number 0xffffffff
W/ResourceType( 9456): No known package when getting name for resource number 0xffffffff
W/ResourceType( 9456): No known package when getting name for resource number 0xffffffff
W/ResourceType( 9456): No known package when getting name for resource number 0xffffffff
D/ConnectivityService(  926): notifyType CAP_CHANGED for NetworkAgentInfo [WIFI () - 100]
W/ResourceType( 9456): No known package when getting name for resource number 0xffffffff
W/ResourceType( 9456): No known package when getting name for resource number 0xffffffff
W/ResourceType( 9456): No known package when getting name for resource number 0xffffffff
W/ResourceType( 9456): No known package when getting name for resource number 0xffffffff
W/ResourceType( 9456): No known package when getting name for resource number 0xffffffff
W/ResourceType( 9456): No known package when getting name for resource number 0xffffffff
W/ResourceType( 9456): No known package when getting name for resource number 0xffffffff
W/ResourceType( 9456): No known package when getting name for resource number 0xffffffff
W/ResourceType( 9456): No known package when getting name for resource number 0xffffffff
W/ResourceType( 9456): No known package when getting name for resource number 0xffffffff
W/ResourceType( 9456): No known package when getting name for resource number 0xffffffff
W/ResourceType( 9456): No known package when getting name for resource number 0xffffffff
W/ResourceType( 9456): No known package when getting name for resource number 0xffffffff
W/ResourceType( 9456): No known package when getting name for resource number 0xffffffff
W/ResourceType( 9456): No known package when getting name for resource number 0xffffffff
W/ResourceType( 9456): No known package when getting name for resource number 0xffffffff
W/ResourceType( 9456): No known package when getting name for resource number 0xffffffff
W/ResourceType( 9456): No known package when getting name for resource number 0xffffffff
W/ResourceType( 9456): No known package when getting name for resource number 0xffffffff
W/ResourceType( 9456): No known package when getting name for resource number 0xffffffff
W/ResourceType( 9456): No known package when getting name for resource number 0xffffffff
W/ResourceType( 9456): No known package when getting name for resource number 0xffffffff
W/ResourceType( 9456): No known package when getting name for resource number 0xffffffff
W/ResourceType( 9456): No known package when getting name for resource number 0xffffffff
W/ResourceType( 9456): No known package when getting name for resource number 0xffffffff
W/ResourceType( 9456): No known package when getting name for resource number 0xffffffff
W/ResourceType( 9456): No known package when getting name for resource number 0xffffffff
W/ResourceType( 9456): No known package when getting name for resource number 0xffffffff
W/ResourceType( 9456): No known package when getting name for resource number 0xffffffff
W/ResourceType( 9456): No known package when getting name for resource number 0xffffffff
W/ResourceType( 9456): No known package when getting name for resource number 0xffffffff
W/ResourceType( 9456): No known package when getting name for resource number 0xffffffff
W/ResourceType( 9456): No known package when getting name for resource number 0xffffffff
W/ResourceType( 9456): No known package when getting name for resource number 0xffffffff
W/ResourceType( 9456): No known package when getting name for resource number 0xffffffff
W/ResourceType( 9456): No known package when getting name for resource number 0xffffffff
W/ResourceType( 9456): No known package when getting name for resource number 0xffffffff
W/ResourceType( 9456): No known package when getting name for resource number 0xffffffff
W/ResourceType( 9456): No known package when getting name for resource number 0xffffffff
I/System.out( 9456): URI: /
I/System.out( 9456): params: {json={"command":"drag_coordinates","arguments":[720.0,1674.4,720.0,717.6]}
I/System.out( 9456): }
I/System.out( 9456): header: {content-length=69, host=devicehost151.prod, x-session-token=token-token-3ad0cc09-eb68-4412-9ff5-0bc6ef65bee2, x-forwarded-for=10.222.150.23, content-type=application/json; charset=utf-8, connection=close}
I/System.out( 9456): params: {json={"command":"drag_coordinates","arguments":[720.0,1674.4,720.0,717.6]}
I/System.out( 9456): }
I/System.out( 9456): ProP json = {"command":"drag_coordinates","arguments":[720.0,1674.4,720.0,717.6]}
I/System.out( 9456): files: {}
I/System.out( 9456): command: {"command":"drag_coordinates","arguments":[720.0,1674.4,720.0,717.6]}
I/InstrumentationBackend( 9456): Got command:'Command:'Line:null,drag_coordinates', arguments:'[720.0, 1674.4, 720.0, 717.6]'
I/System.out( 9456): result:{"bonusInformation":[],"message":"","success":true}
I/System.out( 9456): URI: /map
I/System.out( 9456): params: {json={"query":"* marked:'Job 4'","operation":{"method_name":"query","arguments":[]}}
I/System.out( 9456): }
W/ResourceType( 9456): No known package when getting name for resource number 0xffffffff
W/ResourceType( 9456): No known package when getting name for resource number 0xffffffff
W/ResourceType( 9456): No known package when getting name for resource number 0xffffffff
W/ResourceType( 9456): No known package when getting name for resource number 0xffffffff
W/ResourceType( 9456): No known package when getting name for resource number 0xffffffff
W/ResourceType( 9456): No known package when getting name for resource number 0xffffffff
W/ResourceType( 9456): No known package when getting name for resource number 0xffffffff
W/ResourceType( 9456): No known package when getting name for resource number 0xffffffff
W/ResourceType( 9456): No known package when getting name for resource number 0xffffffff
W/ResourceType( 9456): No known package when getting name for resource number 0xffffffff
W/ResourceType( 9456): No known package when getting name for resource number 0xffffffff
W/ResourceType( 9456): No known package when getting name for resource number 0xffffffff
W/ResourceType( 9456): No known package when getting name for resource number 0xffffffff
W/ResourceType( 9456): No known package when getting name for resource number 0xffffffff
W/ResourceType( 9456): No known package when getting name for resource number 0xffffffff
W/ResourceType( 9456): No known package when getting name for resource number 0xffffffff
W/ResourceType( 9456): No known package when getting name for resource number 0xffffffff
W/ResourceType( 9456): No known package when getting name for resource number 0xffffffff
W/ResourceType( 9456): No known package when getting name for resource number 0xffffffff
W/ResourceType( 9456): No known package when getting name for resource number 0xffffffff
W/ResourceType( 9456): No known package when getting name for resource number 0xffffffff
W/ResourceType( 9456): No known package when getting name for resource number 0xffffffff
W/ResourceType( 9456): No known package when getting name for resource number 0xffffffff
W/ResourceType( 9456): No known package when getting name for resource number 0xffffffff
W/ResourceType( 9456): No known package when getting name for resource number 0xffffffff
W/ResourceType( 9456): No known package when getting name for resource number 0xffffffff
W/ResourceType( 9456): No known package when getting name for resource number 0xffffffff
W/ResourceType( 9456): No known package when getting name for resource number 0xffffffff
W/ResourceType( 9456): No known package when getting name for resource number 0xffffffff
W/ResourceType( 9456): No known package when getting name for resource number 0xffffffff
W/ResourceType( 9456): No known package when getting name for resource number 0xffffffff
W/ResourceType( 9456): No known package when getting name for resource number 0xffffffff
W/ResourceType( 9456): No known package when getting name for resource number 0xffffffff
W/ResourceType( 9456): No known package when getting name for resource number 0xffffffff
W/ResourceType( 9456): No known package when getting name for resource number 0xffffffff
W/ResourceType( 9456): No known package when getting name for resource number 0xffffffff
W/ResourceType( 9456): No known package when getting name for resource number 0xffffffff
W/ResourceType( 9456): No known package when getting name for resource number 0xffffffff
W/ResourceType( 9456): No known package when getting name for resource number 0xffffffff
W/ResourceType( 9456): No known package when getting name for resource number 0xffffffff
W/ResourceType( 9456): No known package when getting name for resource number 0xffffffff
W/ResourceType( 9456): No known package when getting name for resource number 0xffffffff
W/ResourceType( 9456): No known package when getting name for resource number 0xffffffff
W/ResourceType( 9456): No known package when getting name for resource number 0xffffffff
W/ResourceType( 9456): No known package when getting name for resource number 0xffffffff
W/ResourceType( 9456): No known package when getting name for resource number 0xffffffff
W/ResourceType( 9456): No known package when getting name for resource number 0xffffffff
W/ResourceType( 9456): No known package when getting name for resource number 0xffffffff
W/ResourceType( 9456): No known package when getting name for resource number 0xffffffff
W/ResourceType( 9456): No known package when getting name for resource number 0xffffffff
W/ResourceType( 9456): No known package when getting name for resource number 0xffffffff
W/ResourceType( 9456): No known package when getting name for resource number 0xffffffff
W/ResourceType( 9456): No known package when getting name for resource number 0xffffffff
W/ResourceType( 9456): No known package when getting name for resource number 0xffffffff
W/ResourceType( 9456): No known package when getting name for resource number 0xffffffff
W/ResourceType( 9456): No known package when getting name for resource number 0xffffffff
W/ResourceType( 9456): No known package when getting name for resource number 0xffffffff
W/ResourceType( 9456): No known package when getting name for resource number 0xffffffff
W/ResourceType( 9456): No known package when getting name for resource number 0xffffffff
W/ResourceType( 9456): No known package when getting name for resource number 0xffffffff
W/ResourceType( 9456): No known package when getting name for resource number 0xffffffff
W/ResourceType( 9456): No known package when getting name for resource number 0xffffffff
W/ResourceType( 9456): No known package when getting name for resource number 0xffffffff
W/ResourceType( 9456): No known package when getting name for resource number 0xffffffff
W/ResourceType( 9456): No known package when getting name for resource number 0xffffffff
W/ResourceType( 9456): No known package when getting name for resource number 0xffffffff
W/ResourceType( 9456): No known package when getting name for resource number 0xffffffff
W/ResourceType( 9456): No known package when getting name for resource number 0xffffffff
W/ResourceType( 9456): No known package when getting name for resource number 0xffffffff
W/ResourceType( 9456): No known package when getting name for resource number 0xffffffff
W/ResourceType( 9456): No known package when getting name for resource number 0xffffffff
W/ResourceType( 9456): No known package when getting name for resource number 0xffffffff
W/ResourceType( 9456): No known package when getting name for resource number 0xffffffff
I/System.out( 9456): URI: /map
I/System.out( 9456): params: {json={"query":"* marked:'Job 4'","operation":{"method_name":"query","arguments":[]}}
I/System.out( 9456): }
W/ResourceType( 9456): No known package when getting name for resource number 0xffffffff
W/ResourceType( 9456): No known package when getting name for resource number 0xffffffff
W/ResourceType( 9456): No known package when getting name for resource number 0xffffffff
W/ResourceType( 9456): No known package when getting name for resource number 0xffffffff
W/ResourceType( 9456): No known package when getting name for resource number 0xffffffff
W/ResourceType( 9456): No known package when getting name for resource number 0xffffffff
W/ResourceType( 9456): No known package when getting name for resource number 0xffffffff
W/ResourceType( 9456): No known package when getting name for resource number 0xffffffff
W/ResourceType( 9456): No known package when getting name for resource number 0xffffffff
W/ResourceType( 9456): No known package when getting name for resource number 0xffffffff
W/ResourceType( 9456): No known package when getting name for resource number 0xffffffff
W/ResourceType( 9456): No known package when getting name for resource number 0xffffffff
W/ResourceType( 9456): No known package when getting name for resource number 0xffffffff
W/ResourceType( 9456): No known package when getting name for resource number 0xffffffff
W/ResourceType( 9456): No known package when getting name for resource number 0xffffffff
W/ResourceType( 9456): No known package when getting name for resource number 0xffffffff
W/ResourceType( 9456): No known package when getting name for resource number 0xffffffff
W/ResourceType( 9456): No known package when getting name for resource number 0xffffffff
W/ResourceType( 9456): No known package when getting name for resource number 0xffffffff
W/ResourceType( 9456): No known package when getting name for resource number 0xffffffff
W/ResourceType( 9456): No known package when getting name for resource number 0xffffffff
W/ResourceType( 9456): No known package when getting name for resource number 0xffffffff
W/ResourceType( 9456): No known package when getting name for resource number 0xffffffff
W/ResourceType( 9456): No known package when getting name for resource number 0xffffffff
W/ResourceType( 9456): No known package when getting name for resource number 0xffffffff
W/ResourceType( 9456): No known package when getting name for resource number 0xffffffff
W/ResourceType( 9456): No known package when getting name for resource number 0xffffffff
W/ResourceType( 9456): No known package when getting name for resource number 0xffffffff
W/ResourceType( 9456): No known package when getting name for resource number 0xffffffff
W/ResourceType( 9456): No known package when getting name for resource number 0xffffffff
W/ResourceType( 9456): No known package when getting name for resource number 0xffffffff
W/ResourceType( 9456): No known package when getting name for resource number 0xffffffff
W/ResourceType( 9456): No known package when getting name for resource number 0xffffffff
W/ResourceType( 9456): No known package when getting name for resource number 0xffffffff
W/ResourceType( 9456): No known package when getting name for resource number 0xffffffff
W/ResourceType( 9456): No known package when getting name for resource number 0xffffffff
W/ResourceType( 9456): No known package when getting name for resource number 0xffffffff
W/ResourceType( 9456): No known package when getting name for resource number 0xffffffff
W/ResourceType( 9456): No known package when getting name for resource number 0xffffffff
W/ResourceType( 9456): No known package when getting name for resource number 0xffffffff
W/ResourceType( 9456): No known package when getting name for resource number 0xffffffff
W/ResourceType( 9456): No known package when getting name for resource number 0xffffffff
W/ResourceType( 9456): No known package when getting name for resource number 0xffffffff
W/ResourceType( 9456): No known package when getting name for resource number 0xffffffff
W/ResourceType( 9456): No known package when getting name for resource number 0xffffffff
W/ResourceType( 9456): No known package when getting name for resource number 0xffffffff
W/ResourceType( 9456): No known package when getting name for resource number 0xffffffff
W/ResourceType( 9456): No known package when getting name for resource number 0xffffffff
W/ResourceType( 9456): No known package when getting name for resource number 0xffffffff
W/ResourceType( 9456): No known package when getting name for resource number 0xffffffff
W/ResourceType( 9456): No known package when getting name for resource number 0xffffffff
