D/Mono    (10222): Config attempting to parse: '/Users/builder/data/lanes/4009/3a62f1ea/source/monodroid/builds/install/mono-armv6/etc/mono/assemblies/System.ComponentModel/System.ComponentModel.config'.
D/Mono    (10222): Assembly Ref addref System.Reactive.Core[0xea55eaa0] -> System.ComponentModel[0xd881a200]: 2
D/Mono    (10222): Assembly Ref addref System.ComponentModel[0xd881a200] -> mscorlib[0xea55dea0]: 41
D/Mono    (10222): Unloading image System.Runtime.dll [0xd8513200].
D/Mono    (10222): Image addref System.Runtime[0xd881a0e0] -> System.Runtime.dll[0xea560500]: 10
D/Mono    (10222): Config attempting to parse: 'System.Runtime.dll.config'.
D/Mono    (10222): Config attempting to parse: '/Users/builder/data/lanes/4009/3a62f1ea/source/monodroid/builds/install/mono-armv6/etc/mono/assemblies/System.Runtime/System.Runtime.config'.
D/Mono    (10222): Assembly Ref addref System.Reactive.Interfaces[0xea55eb00] -> System.Runtime[0xea55eec0]: 8
D/Mono    (10222): Assembly Ref addref Akavache[0xea55e020] -> System.Reactive.Linq[0xea55eb60]: 2
D/Mono    (10222): Unloading image System.Runtime.dll [0xd8513700].
D/Mono    (10222): Image addref System.Runtime[0xd881a0e0] -> System.Runtime.dll[0xea560500]: 11
D/Mono    (10222): Config attempting to parse: 'System.Runtime.dll.config'.
D/Mono    (10222): Config attempting to parse: '/Users/builder/data/lanes/4009/3a62f1ea/source/monodroid/builds/install/mono-armv6/etc/mono/assemblies/System.Runtime/System.Runtime.config'.
D/Mono    (10222): Assembly Ref addref System.Reactive.Linq[0xea55eb60] -> System.Runtime[0xea55eec0]: 9
D/Mono    (10222): Assembly Ref addref System.Reactive.Linq[0xea55eb60] -> System.Reactive.Interfaces[0xea55eb00]: 4
D/Mono    (10222): Unloading image System.Threading.Tasks.dll [0xd8513c00].
D/Mono    (10222): Image addref System.Threading.Tasks[0xd881a0e0] -> System.Threading.Tasks.dll[0xd9b19c00]: 5
D/Mono    (10222): Config attempting to parse: 'System.Threading.Tasks.dll.config'.
D/Mono    (10222): Config attempting to parse: '/Users/builder/data/lanes/4009/3a62f1ea/source/monodroid/builds/install/mono-armv6/etc/mono/assemblies/System.Threading.Tasks/System.Threading.Tasks.config'.
D/Mono    (10222): Assembly Ref addref System.Reactive.Linq[0xea55eb60] -> System.Threading.Tasks[0xd89b1f40]: 3
D/Mono    (10222): Assembly Ref addref Splat[0xea55e0e0] -> Mono.Android[0xea55ee00]: 21
I/AppsFlyer_3.01(10222): AppsFlyer: first launch date: 2017-03-16_0628-1100
I/System.out(10222): AppsFlyerLib.sendTrackingWithEvent
I/AppsFlyer_3.01-685310411(10222): url: https://t.appsflyer.com/api/v3/androidevent?buildnumber=3.01&app_id=com.careerbuilder.SugarDrone
I/AppsFlyer_(10222): data: device=angler&firstLaunchDate=2017-03-16_0628-1100&installDate=2017-03-16_0627-1100&sdk=23&carrier=&date1=2017-03-16_0627-1100&af_preinstalled=false&advertiserIdEnabled=true&iaecounter=0&lang_code=en&appsflyerKey=WV****************HFK5&app_version_name=3.1.7&lang=English&timepassedsincelastlaunch=0&dkh=WVGo7sxf&android_id=fe16ed78ef2e3295&advertiserId=9a4af62c-7d78-489c-a863-2bfd33974ec1&deviceType=user&af_v=cb8db595a6342d421abfc5a4149aa657258fb043&app_version_code=30011&platformextension=android_native&network=WIFI&operator=2TELL&country=US&date2=2017-03-16_0627-1100&brand=google&af_timestamp=1489685310411&uid=1489685268939-8693184446369395281&isFirstCall=true&counter=2&model=Nexus+6P&product=angler
I/System.out(10222): URI: /map
I/System.out(10222): params: {json={"query":"* id:'agreeAndContinueButton'","operation":{"method_name":"query","arguments":[]}}
I/System.out(10222): }
D/Mono    (10222): Assembly Ref addref Splat[0xea55e0e0] -> System.Core[0xea55f400]: 9
D/Mono    (10222): Assembly Ref addref Akavache[0xea55e020] -> Mono.Android[0xea55ee00]: 22
W/ResourceType(10222): No known package when getting name for resource number 0xffffffff
W/ResourceType(10222): No known package when getting name for resource number 0xffffffff
W/ResourceType(10222): No known package when getting name for resource number 0xffffffff
D/Mono    (10222): Assembly Loader probing location: '/Akavache.Mac.dll'.
D/Mono    (10222): Assembly Loader probing location: '/Users/builder/data/lanes/4009/3a62f1ea/source/monodroid/builds/install/mono-armv6/lib/Akavache.Mac.dll'.
D/Mono    (10222): Assembly Loader probing location: '/Akavache.Mac.exe'.
D/Mono    (10222): Assembly Loader probing location: '/Users/builder/data/lanes/4009/3a62f1ea/source/monodroid/builds/install/mono-armv6/lib/Akavache.Mac.exe'.
D/Mono    (10222): Assembly Loader probing location: '/Akavache.Deprecated.dll'.
D/Mono    (10222): Assembly Loader probing location: '/Users/builder/data/lanes/4009/3a62f1ea/source/monodroid/builds/install/mono-armv6/lib/Akavache.Deprecated.dll'.
D/Mono    (10222): Assembly Loader probing location: '/Akavache.Deprecated.exe'.
D/Mono    (10222): Assembly Loader probing location: '/Users/builder/data/lanes/4009/3a62f1ea/source/monodroid/builds/install/mono-armv6/lib/Akavache.Deprecated.exe'.
D/Mono    (10222): Assembly Loader probing location: '/Akavache.Mobile.dll'.
D/Mono    (10222): Assembly Loader probing location: '/Users/builder/data/lanes/4009/3a62f1ea/source/monodroid/builds/install/mono-armv6/lib/Akavache.Mobile.dll'.
D/Mono    (10222): Assembly Loader probing location: '/Akavache.Mobile.exe'.
D/Mono    (10222): Assembly Loader probing location: '/Users/builder/data/lanes/4009/3a62f1ea/source/monodroid/builds/install/mono-armv6/lib/Akavache.Mobile.exe'.
D/Mono    (10222): Unloading image System.Runtime.dll [0xda9ec900].
D/Mono    (10222): Image addref System.Runtime[0xd881a140] -> System.Runtime.dll[0xea560500]: 12
D/Mono    (10222): Config attempting to parse: 'System.Runtime.dll.config'.
D/Mono    (10222): Config attempting to parse: '/Users/builder/data/lanes/4009/3a62f1ea/source/monodroid/builds/install/mono-armv6/etc/mono/assemblies/System.Runtime/System.Runtime.config'.
D/Mono    (10222): Assembly Ref addref Akavache.Sqlite3[0xea55e080] -> System.Runtime[0xea55eec0]: 10
D/Mono    (10222): Assembly Ref addref Akavache.Sqlite3[0xea55e080] -> Akavache[0xea55e020]: 3
D/Mono    (10222): Unloading image Splat.dll [0xda9ec900].
D/Mono    (10222): Image addref Splat[0xd881a140] -> Splat.dll[0xf4ff6a00]: 6
D/Mono    (10222): Config attempting to parse: 'Splat.dll.config'.
D/Mono    (10222): Config attempting to parse: '/Users/builder/data/lanes/4009/3a62f1ea/source/monodroid/builds/install/mono-armv6/etc/mono/assemblies/Splat/Splat.config'.
D/Mono    (10222): Assembly Ref addref Akavache.Sqlite3[0xea55e080] -> Splat[0xea55e0e0]: 3
D/Mono    (10222): Assembly Ref addref System.Reactive.Core[0xea55eaa0] -> System.Resources.ResourceManager[0xda9fd2a0]: 3
D/Mono    (10222): Unloading image System.Collections.dll [0xda9ed300].
D/Mono    (10222): Image addref System.Collections[0xd881a140] -> System.Collections.dll[0xea563200]: 7
D/Mono    (10222): Config attempting to parse: 'System.Collections.dll.config'.
D/Mono    (10222): Config attempting to parse: '/Users/builder/data/lanes/4009/3a62f1ea/source/monodroid/builds/install/mono-armv6/etc/mono/assemblies/System.Collections/System.Collections.config'.
D/Mono    (10222): Assembly Ref addref System.Reactive.Core[0xea55eaa0] -> System.Collections[0xea55f160]: 5
D/Mono    (10222): Assembly Ref addref System.Collections[0xea55f160] -> System.Core[0xea55f400]: 10
D/Mono    (10222): Unloading image System.Threading.dll [0xda9ed300].
D/Mono    (10222): Image addref System.Threading[0xd881a5c0] -> System.Threading.dll[0xea561e00]: 7
D/Mono    (10222): Config attempting to parse: 'System.Threading.dll.config'.
D/Mono    (10222): Config attempting to parse: '/Users/builder/data/lanes/4009/3a62f1ea/source/monodroid/builds/install/mono-armv6/etc/mono/assemblies/System.Threading/System.Threading.config'.
D/Mono    (10222): Assembly Ref addref System.Reactive.Core[0xea55eaa0] -> System.Threading[0xea55efe0]: 5
D/Mono    (10222): Unloading image System.Reflection.dll [0xda9ed300].
D/Mono    (10222): Image addref System.Reflection[0xd881a680] -> System.Reflection.dll[0xea561900]: 6
D/Mono    (10222): Config attempting to parse: 'System.Reflection.dll.config'.
D/Mono    (10222): Config attempting to parse: '/Users/builder/data/lanes/4009/3a62f1ea/source/monodroid/builds/install/mono-armv6/etc/mono/assemblies/System.Reflection/System.Reflection.config'.
D/Mono    (10222): Assembly Ref addref System.Reactive.Core[0xea55eaa0] -> System.Reflection[0xea55ef80]: 4
D/Mono    (10222): Unloading image System.Runtime.dll [0xda9ed300].
D/Mono    (10222): Image addref System.Runtime[0xd881a5c0] -> System.Runtime.dll[0xea560500]: 13
D/Mono    (10222): Config attempting to parse: 'System.Runtime.dll.config'.
D/Mono    (10222): Config attempting to parse: '/Users/builder/data/lanes/4009/3a62f1ea/source/monodroid/builds/install/mono-armv6/etc/mono/assemblies/System.Runtime/System.Runtime.config'.
D/Mono    (10222): Assembly Ref addref System.Reactive.PlatformServices[0xea55ebc0] -> System.Runtime[0xea55eec0]: 11
D/Mono    (10222): Assembly Ref addref System.Reactive.PlatformServices[0xea55ebc0] -> System.Reactive.Core[0xea55eaa0]: 4
D/Mono    (10222): Assembly Ref addref System.Reactive.PlatformServices[0xea55ebc0] -> System.Resources.ResourceManager[0xda9fd2a0]: 4
D/Mono    (10222): Unloading image System.Reflection.dll [0xda9ed300].
D/Mono    (10222): Image addref System.Reflection[0xd881a5c0] -> System.Reflection.dll[0xea561900]: 7
D/Mono    (10222): Config attempting to parse: 'System.Reflection.dll.config'.
D/Mono    (10222): Config attempting to parse: '/Users/builder/data/lanes/4009/3a62f1ea/source/monodroid/builds/install/mono-armv6/etc/mono/assemblies/System.Reflection/System.Reflection.config'.
D/Mono    (10222): Assembly Ref addref System.Reactive.PlatformServices[0xea55ebc0] -> System.Reflection[0xea55ef80]: 5
D/Mono    (10222): Assembly Ref addref System.Reactive.PlatformServices[0xea55ebc0] -> System.Reactive.Interfaces[0xea55eb00]: 5
D/Mono    (10222): Unloading image System.Threading.Tasks.dll [0xd825a000].
D/Mono    (10222): Image addref System.Threading.Tasks[0xd881a5c0] -> System.Threading.Tasks.dll[0xd9b19c00]: 6
D/Mono    (10222): Config attempting to parse: 'System.Threading.Tasks.dll.config'.
D/Mono    (10222): Config attempting to parse: '/Users/builder/data/lanes/4009/3a62f1ea/source/monodroid/builds/install/mono-armv6/etc/mono/assemblies/System.Threading.Tasks/System.Threading.Tasks.config'.
D/Mono    (10222): Assembly Ref addref System.Reactive.PlatformServices[0xea55ebc0] -> System.Threading.Tasks[0xd89b1f40]: 4
D/Mono    (10222): Assembly Ref addref System.Reactive.PlatformServices[0xea55ebc0] -> System.Reactive.Linq[0xea55eb60]: 3
D/Mono    (10222): Unloading image System.Diagnostics.Debug.dll [0xd825a000].
D/Mono    (10222): Image addref System.Diagnostics.Debug[0xd881a5c0] -> System.Diagnostics.Debug.dll[0xea562300]: 6
D/Mono    (10222): Config attempting to parse: 'System.Diagnostics.Debug.dll.config'.
D/Mono    (10222): Config attempting to parse: '/Users/builder/data/lanes/4009/3a62f1ea/source/monodroid/builds/install/mono-armv6/etc/mono/assemblies/System.Diagnostics.Debug/System.Diagnostics.Debug.config'.
D/Mono    (10222): Assembly Ref addref System.Reactive.PlatformServices[0xea55ebc0] -> System.Diagnostics.Debug[0xea55f040]: 4
D/Mono    (10222): Assembly Ref addref System.Reactive.Linq[0xea55eb60] -> System.Reactive.Core[0xea55eaa0]: 5
D/Mono    (10222): Assembly Ref addref Akavache[0xea55e020] -> System.Core[0xea55f400]: 11
D/Mono    (10222): Assembly Ref addref System.Reactive.Linq[0xea55eb60] -> System.Resources.ResourceManager[0xda9fd2a0]: 5
D/Mono    (10222): [0xda260930] hill climbing, change max number of threads 8
D/Mono    (10222): Assembly Ref addref CareerBuilder_Search[0xea55eda0] -> System.Reactive.Linq[0xea55eb60]: 4
D/Mono    (10222): Assembly Ref addref CareerBuilder_Search[0xea55eda0] -> Akavache[0xea55e020]: 4
D/Mono    (10222): Assembly Ref addref Akavache.Sqlite3[0xea55e080] -> System.Reactive.Core[0xea55eaa0]: 6
D/Mono    (10222): Assembly Ref addref Akavache.Sqlite3[0xea55e080] -> System.Reactive.Interfaces[0xea55eb00]: 6
D/Mono    (10222): Assembly Ref addref Akavache.Sqlite3[0xea55e080] -> System.Reactive.Linq[0xea55eb60]: 5
D/Mono    (10222): Unloading image System.Runtime.Extensions.dll [0xd825aa00].
D/Mono    (10222): Image addref System.Runtime.Extensions[0xd881a5c0] -> System.Runtime.Extensions.dll[0xd9b17e00]: 5
D/Mono    (10222): Config attempting to parse: 'System.Runtime.Extensions.dll.config'.
D/Mono    (10222): Config attempting to parse: '/Users/builder/data/lanes/4009/3a62f1ea/source/monodroid/builds/install/mono-armv6/etc/mono/assemblies/System.Runtime.Extensions/System.Runtime.Extensions.config'.
D/Mono    (10222): Assembly Ref addref Akavache.Sqlite3[0xea55e080] -> System.Runtime.Extensions[0xda9fda20]: 3
I/AppsFlyer_3.01-685310267(10222): response code: 200
I/AppsFlyer_3.01-685310411(10222): response code: 200
D/Mono    (10222): Unloading image System.Linq.dll [0xd825aa00].
D/Mono    (10222): Image addref System.Linq[0xd881a5c0] -> System.Linq.dll[0xeee98500]: 6
D/Mono    (10222): Config attempting to parse: 'System.Linq.dll.config'.
D/Mono    (10222): Config attempting to parse: '/Users/builder/data/lanes/4009/3a62f1ea/source/monodroid/builds/install/mono-armv6/etc/mono/assemblies/System.Linq/System.Linq.config'.
D/Mono    (10222): Assembly Ref addref System.Reactive.Linq[0xea55eb60] -> System.Linq[0xea55f280]: 4
D/Mono    (10222): Assembly Ref addref System.Runtime[0xea55eec0] -> System.Core[0xea55f400]: 12
D/Mono    (10222): Unloading image System.Threading.dll [0xd825aa00].
D/Mono    (10222): Image addref System.Threading[0xd881a5c0] -> System.Threading.dll[0xea561e00]: 8
D/Mono    (10222): Config attempting to parse: 'System.Threading.dll.config'.
D/Mono    (10222): Config attempting to parse: '/Users/builder/data/lanes/4009/3a62f1ea/source/monodroid/builds/install/mono-armv6/etc/mono/assemblies/System.Threading/System.Threading.config'.
D/Mono    (10222): Assembly Ref addref System.Reactive.Linq[0xea55eb60] -> System.Threading[0xea55efe0]: 6
D/Mono    (10222): Assembly Ref addref Akavache[0xea55e020] -> System.Reactive.PlatformServices[0xea55ebc0]: 2
D/Mono    (10222): Unloading image System.Globalization.dll [0xd825aa00].
D/Mono    (10222): Image addref System.Globalization[0xd8819f60] -> System.Globalization.dll[0xd9fbc600]: 5
D/Mono    (10222): Config attempting to parse: 'System.Globalization.dll.config'.
D/Mono    (10222): Config attempting to parse: '/Users/builder/data/lanes/4009/3a62f1ea/source/monodroid/builds/install/mono-armv6/etc/mono/assemblies/System.Globalization/System.Globalization.config'.
D/Mono    (10222): Assembly Ref addref System.Reactive.Linq[0xea55eb60] -> System.Globalization[0xda9fd420]: 3
D/Mono    (10222): Unloading image System.Runtime.Extensions.dll [0xd825aa00].
D/Mono    (10222): Image addref System.Runtime.Extensions[0xd8819f60] -> System.Runtime.Extensions.dll[0xd9b17e00]: 6
D/Mono    (10222): Config attempting to parse: 'System.Runtime.Extensions.dll.config'.
D/Mono    (10222): Config attempting to parse: '/Users/builder/data/lanes/4009/3a62f1ea/source/monodroid/builds/install/mono-armv6/etc/mono/assemblies/System.Runtime.Extensions/System.Runtime.Extensions.config'.
D/Mono    (10222): Assembly Ref addref System.Reactive.Core[0xea55eaa0] -> System.Runtime.Extensions[0xda9fda20]: 4
D/Mono    (10222): Assembly Ref addref System.Runtime.Extensions[0xda9fda20] -> System[0xea55f0a0]: 9
D/Mono    (10222): Unloading image System.Globalization.dll [0xd825aa00].
D/Mono    (10222): Image addref System.Globalization[0xd8819f60] -> System.Globalization.dll[0xd9fbc600]: 6
D/Mono    (10222): Config attempting to parse: 'System.Globalization.dll.config'.
D/Mono    (10222): Config attempting to parse: '/Users/builder/data/lanes/4009/3a62f1ea/source/monodroid/builds/install/mono-armv6/etc/mono/assemblies/System.Globalization/System.Globalization.config'.
D/Mono    (10222): Assembly Ref addref System.Reactive.Core[0xea55eaa0] -> System.Globalization[0xda9fd420]: 4
D/Mono    (10222): Unloading image System.Threading.Tasks.dll [0xd825aa00].
D/Mono    (10222): Image addref System.Threading.Tasks[0xd8819f60] -> System.Threading.Tasks.dll[0xd9b19c00]: 7
D/Mono    (10222): Config attempting to parse: 'System.Threading.Tasks.dll.config'.
D/Mono    (10222): Config attempting to parse: '/Users/builder/data/lanes/4009/3a62f1ea/source/monodroid/builds/install/mono-armv6/etc/mono/assemblies/System.Threading.Tasks/System.Threading.Tasks.config'.
D/Mono    (10222): Assembly Ref addref System.Reactive.Core[0xea55eaa0] -> System.Threading.Tasks[0xd89b1f40]: 5
D/Mono    (10222): [0xd7dbf930] worker starting
I/System.out(10222): URI: /map
I/System.out(10222): params: {json={"query":"* id:'agreeAndContinueButton'","operation":{"method_name":"query","arguments":[]}}
I/System.out(10222): }
D/Mono    (10222): Unloading image System.Collections.dll [0xd825aa00].
D/Mono    (10222): Image addref System.Collections[0xd881a5c0] -> System.Collections.dll[0xea563200]: 8
D/Mono    (10222): Config attempting to parse: 'System.Collections.dll.config'.
D/Mono    (10222): Config attempting to parse: '/Users/builder/data/lanes/4009/3a62f1ea/source/monodroid/builds/install/mono-armv6/etc/mono/assemblies/System.Collections/System.Collections.config'.
D/Mono    (10222): Assembly Ref addref Akavache.Sqlite3[0xea55e080] -> System.Collections[0xea55f160]: 6
D/Mono    (10222): Unloading image SQLitePCL.raw.dll [0xd825aa00].
D/Mono    (10222): Image addref SQLitePCL.raw[0xd881a5c0] -> SQLitePCL.raw.dll[0xea3a1100]: 5
D/Mono    (10222): Config attempting to parse: 'SQLitePCL.raw.dll.config'.
D/Mono    (10222): Config attempting to parse: '/Users/builder/data/lanes/4009/3a62f1ea/source/monodroid/builds/install/mono-armv6/etc/mono/assemblies/SQLitePCL.raw/SQLitePCL.raw.config'.
D/Mono    (10222): Assembly Ref addref Akavache.Sqlite3[0xea55e080] -> SQLitePCL.raw[0xea55ed40]: 2
D/Mono    (10222): Assembly Ref addref SQLitePCL.raw[0xea55ed40] -> mscorlib[0xea55dea0]: 42
D/Mono    (10222): Assembly Ref addref Splat[0xea55e0e0] -> System[0xea55f0a0]: 10
D/Mono    (10222): [0xd79ba930] worker starting
D/Mono    (10222): DllImport attempting to load: '/system/lib/libsqlite.so'.
D/Mono    (10222): DllImport loaded library '/system/lib/libsqlite.so'.
D/Mono    (10222): DllImport searching in: '/system/lib/libsqlite.so' ('/system/lib/libsqlite.so').
D/Mono    (10222): Searching for 'sqlite3_open_v2'.
D/Mono    (10222): Probing 'sqlite3_open_v2'.
D/Mono    (10222): Found as 'sqlite3_open_v2'.
D/Mono    (10222): DllImport searching in: '/system/lib/libsqlite.so' ('/system/lib/libsqlite.so').
D/Mono    (10222): Searching for 'sqlite3_busy_timeout'.
D/Mono    (10222): Probing 'sqlite3_busy_timeout'.
D/Mono    (10222): Found as 'sqlite3_busy_timeout'.
D/Mono    (10222): Unloading image System.Threading.Tasks.dll [0xd825e100].
D/Mono    (10222): Image addref System.Threading.Tasks[0xd881b100] -> System.Threading.Tasks.dll[0xd9b19c00]: 8
D/Mono    (10222): Config attempting to parse: 'System.Threading.Tasks.dll.config'.
D/Mono    (10222): Config attempting to parse: '/Users/builder/data/lanes/4009/3a62f1ea/source/monodroid/builds/install/mono-armv6/etc/mono/assemblies/System.Threading.Tasks/System.Threading.Tasks.config'.
D/Mono    (10222): Assembly Ref addref Akavache.Sqlite3[0xea55e080] -> System.Threading.Tasks[0xd89b1f40]: 6
D/Mono    (10222): Unloading image System.Linq.dll [0xd825e100].
D/Mono    (10222): Image addref System.Linq[0xd881b100] -> System.Linq.dll[0xeee98500]: 7
D/Mono    (10222): Config attempting to parse: 'System.Linq.dll.config'.
D/Mono    (10222): Config attempting to parse: '/Users/builder/data/lanes/4009/3a62f1ea/source/monodroid/builds/install/mono-armv6/etc/mono/assemblies/System.Linq/System.Linq.config'.
D/Mono    (10222): Assembly Ref addref Akavache.Sqlite3[0xea55e080] -> System.Linq[0xea55f280]: 5
D/Mono    (10222): DllImport searching in: '/system/lib/libsqlite.so' ('/system/lib/libsqlite.so').
D/Mono    (10222): Searching for 'sqlite3_prepare_v2'.
D/Mono    (10222): Probing 'sqlite3_prepare_v2'.
D/Mono    (10222): Found as 'sqlite3_prepare_v2'.
D/Mono    (10222): DllImport searching in: '/system/lib/libsqlite.so' ('/system/lib/libsqlite.so').
D/Mono    (10222): Searching for 'sqlite3_step'.
D/Mono    (10222): Probing 'sqlite3_step'.
D/Mono    (10222): Found as 'sqlite3_step'.
D/Mono    (10222): DllImport searching in: '/system/lib/libsqlite.so' ('/system/lib/libsqlite.so').
D/Mono    (10222): Searching for 'sqlite3_column_type'.
D/Mono    (10222): Probing 'sqlite3_column_type'.
D/Mono    (10222): Found as 'sqlite3_column_type'.
D/Mono    (10222): Unloading image System.Reflection.dll [0xd825aa00].
D/Mono    (10222): Image addref System.Reflection[0xd881b100] -> System.Reflection.dll[0xea561900]: 8
D/Mono    (10222): Config attempting to parse: 'System.Reflection.dll.config'.
D/Mono    (10222): Config attempting to parse: '/Users/builder/data/lanes/4009/3a62f1ea/source/monodroid/builds/install/mono-armv6/etc/mono/assemblies/System.Reflection/System.Reflection.config'.
D/Mono    (10222): Assembly Ref addref Akavache.Sqlite3[0xea55e080] -> System.Reflection[0xea55ef80]: 6
D/Mono    (10222): DllImport searching in: '/system/lib/libsqlite.so' ('/system/lib/libsqlite.so').
D/Mono    (10222): Searching for 'sqlite3_column_int'.
D/Mono    (10222): Probing 'sqlite3_column_int'.
D/Mono    (10222): Found as 'sqlite3_column_int'.
D/Mono    (10222): DllImport searching in: '/system/lib/libsqlite.so' ('/system/lib/libsqlite.so').
D/Mono    (10222): Searching for 'sqlite3_finalize'.
D/Mono    (10222): Probing 'sqlite3_finalize'.
D/Mono    (10222): Found as 'sqlite3_finalize'.
D/Mono    (10222): DllImport searching in: '/system/lib/libsqlite.so' ('/system/lib/libsqlite.so').
D/Mono    (10222): Searching for 'sqlite3_changes'.
D/Mono    (10222): Probing 'sqlite3_changes'.
D/Mono    (10222): Found as 'sqlite3_changes'.
D/Mono    (10222): Assembly Ref addref Akavache.Sqlite3[0xea55e080] -> System.Reflection.Extensions[0xea55f520]: 4
D/Mono    (10222): DllImport searching in: '/system/lib/libsqlite.so' ('/system/lib/libsqlite.so').
D/Mono    (10222): Searching for 'sqlite3_column_count'.
D/Mono    (10222): Probing 'sqlite3_column_count'.
D/Mono    (10222): Found as 'sqlite3_column_count'.
D/Mono    (10222): DllImport searching in: '/system/lib/libsqlite.so' ('/system/lib/libsqlite.so').
D/Mono    (10222): Searching for 'sqlite3_column_name'.
D/Mono    (10222): Probing 'sqlite3_column_name'.
D/Mono    (10222): Found as 'sqlite3_column_name'.
D/Mono    (10222): DllImport searching in: '/system/lib/libsqlite.so' ('/system/lib/libsqlite.so').
D/Mono    (10222): Searching for 'sqlite3_column_text'.
D/Mono    (10222): Probing 'sqlite3_column_text'.
D/Mono    (10222): Found as 'sqlite3_column_text'.
E/SQLiteLog(10222): (1) no such table: SchemaInfo
D/Mono    (10222): DllImport searching in: '/system/lib/libsqlite.so' ('/system/lib/libsqlite.so').
D/Mono    (10222): Searching for 'sqlite3_errmsg'.
D/Mono    (10222): Probing 'sqlite3_errmsg'.
D/Mono    (10222): Found as 'sqlite3_errmsg'.
D/Mono    (10222): DllImport searching in: '/system/lib/libsqlite.so' ('/system/lib/libsqlite.so').
D/Mono    (10222): Searching for 'sqlite3_bind_int'.
D/Mono    (10222): Probing 'sqlite3_bind_int'.
D/Mono    (10222): Found as 'sqlite3_bind_int'.
D/Mono    (10222): DllImport searching in: '/system/lib/libsqlite.so' ('/system/lib/libsqlite.so').
D/Mono    (10222): Searching for 'sqlite3_reset'.
D/Mono    (10222): Probing 'sqlite3_reset'.
D/Mono    (10222): Found as 'sqlite3_reset'.
D/Mono    (10222): Unloading image System.Threading.dll [0xd80a2400].
D/Mono    (10222): Image addref System.Threading[0xd881b280] -> System.Threading.dll[0xea561e00]: 9
D/Mono    (10222): Config attempting to parse: 'System.Threading.dll.config'.
D/Mono    (10222): Config attempting to parse: '/Users/builder/data/lanes/4009/3a62f1ea/source/monodroid/builds/install/mono-armv6/etc/mono/assemblies/System.Threading/System.Threading.config'.
D/Mono    (10222): Assembly Ref addref Akavache.Sqlite3[0xea55e080] -> System.Threading[0xea55efe0]: 7
D/Mono    (10222): DllImport searching in: '/system/lib/libsqlite.so' ('/system/lib/libsqlite.so').
D/Mono    (10222): Searching for 'sqlite3_bind_text'.
D/Mono    (10222): Probing 'sqlite3_bind_text'.
D/Mono    (10222): Found as 'sqlite3_bind_text'.
D/Mono    (10222): Unloading image Newtonsoft.Json.dll [0xd825c800].
D/Mono    (10222): Image addref Newtonsoft.Json[0xd881ad40] -> Newtonsoft.Json.dll[0xea39e400]: 5
D/Mono    (10222): Config attempting to parse: 'Newtonsoft.Json.dll.config'.
D/Mono    (10222): Config attempting to parse: '/Users/builder/data/lanes/4009/3a62f1ea/source/monodroid/builds/install/mono-armv6/etc/mono/assemblies/Newtonsoft.Json/Newtonsoft.Json.config'.
D/Mono    (10222): Assembly Ref addref Akavache.Sqlite3[0xea55e080] -> Newtonsoft.Json[0xea55e9e0]: 3
D/Mono    (10222): Image addref System.IO[0xd881ad40] -> System.IO.dll[0xd825c800]: 2
D/Mono    (10222): Prepared to set up assembly 'System.IO' (System.IO.dll)
D/Mono    (10222): Assembly System.IO[0xd881ad40] added to domain RootDomain, ref_count=1
D/Mono    (10222): AOT module 'System.IO.dll.so' not found: dlopen failed: library "/data/app/com.careerbuilder.SugarDrone-1/lib/arm/libaot-System.IO.dll.so" not found
D/Mono    (10222): AOT module '/Users/builder/data/lanes/4009/3a62f1ea/source/monodroid/builds/install/mono-armv6/lib/mono/aot-cache/arm/System.IO.dll.so' not found: dlopen failed: library "/data/app/com.careerbuilder.SugarDrone-1/lib/arm/libaot-System.IO.dll.so" not found
D/Mono    (10222): Config attempting to parse: 'System.IO.dll.config'.
D/Mono    (10222): Config attempting to parse: '/Users/builder/data/lanes/4009/3a62f1ea/source/monodroid/builds/install/mono-armv6/etc/mono/assemblies/System.IO/System.IO.config'.
D/Mono    (10222): Assembly Ref addref Akavache.Sqlite3[0xea55e080] -> System.IO[0xd881ad40]: 2
D/Mono    (10222): Assembly Ref addref System.IO[0xd881ad40] -> mscorlib[0xea55dea0]: 43
D/Mono    (10222): Image addref System.Runtime.Serialization.Primitives[0xd881a6e0] -> System.Runtime.Serialization.Primitives.dll[0xd825c300]: 2
D/Mono    (10222): Prepared to set up assembly 'System.Runtime.Serialization.Primitives' (System.Runtime.Serialization.Primitives.dll)
D/Mono    (10222): Assembly System.Runtime.Serialization.Primitives[0xd881a6e0] added to domain RootDomain, ref_count=1
D/Mono    (10222): AOT module 'System.Runtime.Serialization.Primitives.dll.so' not found: dlopen failed: library "/data/app/com.careerbuilder.SugarDrone-1/lib/arm/libaot-System.Runtime.Serialization.Primitives.dll.so" not found
D/Mono    (10222): AOT module '/Users/builder/data/lanes/4009/3a62f1ea/source/monodroid/builds/install/mono-armv6/lib/mono/aot-cache/arm/System.Runtime.Serialization.Primitives.dll.so' not found: dlopen failed: library "/data/app/com.careerbuilder.SugarDrone-1/lib/arm/libaot-System.Runtime.Serialization.Primitives.dll.so" not found
D/Mono    (10222): Config attempting to parse: 'System.Runtime.Serialization.Primitives.dll.config'.
D/Mono    (10222): Config attempting to parse: '/Users/builder/data/lanes/4009/3a62f1ea/source/monodroid/builds/install/mono-armv6/etc/mono/assemblies/System.Runtime.Serialization.Primitives/System.Runtime.Serialization.Primitives.config'.
D/Mono    (10222): Assembly Ref addref Newtonsoft.Json[0xea55e9e0] -> System.Runtime.Serialization.Primitives[0xd881a6e0]: 2
D/Mono    (10222): Assembly Ref addref System.Runtime.Serialization.Primitives[0xd881a6e0] -> mscorlib[0xea55dea0]: 44
D/Mono    (10222): Unloading image System.Globalization.dll [0xd825be00].
D/Mono    (10222): Image addref System.Globalization[0xd881a440] -> System.Globalization.dll[0xd9fbc600]: 7
D/Mono    (10222): Config attempting to parse: 'System.Globalization.dll.config'.
D/Mono    (10222): Config attempting to parse: '/Users/builder/data/lanes/4009/3a62f1ea/source/monodroid/builds/install/mono-armv6/etc/mono/assemblies/System.Globalization/System.Globalization.config'.
D/Mono    (10222): Assembly Ref addref Newtonsoft.Json[0xea55e9e0] -> System.Globalization[0xda9fd420]: 5
D/Mono    (10222): Unloading image System.Collections.dll [0xd825be00].
D/Mono    (10222): Image addref System.Collections[0xd881a440] -> System.Collections.dll[0xea563200]: 9
D/Mono    (10222): Config attempting to parse: 'System.Collections.dll.config'.
D/Mono    (10222): Config attempting to parse: '/Users/builder/data/lanes/4009/3a62f1ea/source/monodroid/builds/install/mono-armv6/etc/mono/assemblies/System.Collections/System.Collections.config'.
D/Mono    (10222): Assembly Ref addref Newtonsoft.Json[0xea55e9e0] -> System.Collections[0xea55f160]: 7
D/Mono    (10222): Unloading image System.IO.dll [0xd825be00].
D/Mono    (10222): Image addref System.IO[0xd881a440] -> System.IO.dll[0xd825c800]: 5
D/Mono    (10222): Config attempting to parse: 'System.IO.dll.config'.
D/Mono    (10222): Config attempting to parse: '/Users/builder/data/lanes/4009/3a62f1ea/source/monodroid/builds/install/mono-armv6/etc/mono/assemblies/System.IO/System.IO.config'.
D/Mono    (10222): Assembly Ref addref Newtonsoft.Json[0xea55e9e0] -> System.IO[0xd881ad40]: 3
D/Mono    (10222): Unloading image System.Runtime.Extensions.dll [0xd825be00].
D/Mono    (10222): Image addref System.Runtime.Extensions[0xd881a440] -> System.Runtime.Extensions.dll[0xd9b17e00]: 7
D/Mono    (10222): Config attempting to parse: 'System.Runtime.Extensions.dll.config'.
D/Mono    (10222): Config attempting to parse: '/Users/builder/data/lanes/4009/3a62f1ea/source/monodroid/builds/install/mono-armv6/etc/mono/assemblies/System.Runtime.Extensions/System.Runtime.Extensions.config'.
D/Mono    (10222): Assembly Ref addref Newtonsoft.Json[0xea55e9e0] -> System.Runtime.Extensions[0xda9fda20]: 5
D/Mono    (10222): Image addref System.Text.Encoding[0xd881a440] -> System.Text.Encoding.dll[0xd825be00]: 2
D/Mono    (10222): Prepared to set up assembly 'System.Text.Encoding' (System.Text.Encoding.dll)
D/Mono    (10222): Assembly System.Text.Encoding[0xd881a440] added to domain RootDomain, ref_count=1
D/Mono    (10222): AOT module 'System.Text.Encoding.dll.so' not found: dlopen failed: library "/data/app/com.careerbuilder.SugarDrone-1/lib/arm/libaot-System.Text.Encoding.dll.so" not found
D/Mono    (10222): AOT module '/Users/builder/data/lanes/4009/3a62f1ea/source/monodroid/builds/install/mono-armv6/lib/mono/aot-cache/arm/System.Text.Encoding.dll.so' not found: dlopen failed: library "/data/app/com.careerbuilder.SugarDrone-1/lib/arm/libaot-System.Text.Encoding.dll.so" not found
D/Mono    (10222): Config attempting to parse: 'System.Text.Encoding.dll.config'.
D/Mono    (10222): Config attempting to parse: '/Users/builder/data/lanes/4009/3a62f1ea/source/monodroid/builds/install/mono-armv6/etc/mono/assemblies/System.Text.Encoding/System.Text.Encoding.config'.
D/Mono    (10222): Assembly Ref addref Newtonsoft.Json[0xea55e9e0] -> System.Text.Encoding[0xd881a440]: 2
D/Mono    (10222): Assembly Ref addref System.Text.Encoding[0xd881a440] -> mscorlib[0xea55dea0]: 45
D/Mono    (10222): Unloading image System.Linq.dll [0xd77b5e00].
D/Mono    (10222): Image addref System.Linq[0xda9fd960] -> System.Linq.dll[0xeee98500]: 8
D/Mono    (10222): Config attempting to parse: 'System.Linq.dll.config'.
D/Mono    (10222): Config attempting to parse: '/Users/builder/data/lanes/4009/3a62f1ea/source/monodroid/builds/install/mono-armv6/etc/mono/assemblies/System.Linq/System.Linq.config'.
D/Mono    (10222): Assembly Ref addref Newtonsoft.Json[0xea55e9e0] -> System.Linq[0xea55f280]: 6
D/Mono    (10222): Unloading image System.Reflection.dll [0xd77b5e00].
D/Mono    (10222): Image addref System.Reflection[0xd881bac0] -> System.Reflection.dll[0xea561900]: 9
D/Mono    (10222): Config attempting to parse: 'System.Reflection.dll.config'.
D/Mono    (10222): Config attempting to parse: '/Users/builder/data/lanes/4009/3a62f1ea/source/monodroid/builds/install/mono-armv6/etc/mono/assemblies/System.Reflection/System.Reflection.config'.
D/Mono    (10222): Assembly Ref addref Newtonsoft.Json[0xea55e9e0] -> System.Reflection[0xea55ef80]: 7
D/Mono    (10222): Image addref System.Runtime.Serialization[0xd881bac0] -> System.Runtime.Serialization.dll[0xd77b5e00]: 2
D/Mono    (10222): Prepared to set up assembly 'System.Runtime.Serialization' (System.Runtime.Serialization.dll)
D/Mono    (10222): Assembly System.Runtime.Serialization[0xd881bac0] added to domain RootDomain, ref_count=1
D/Mono    (10222): AOT module 'System.Runtime.Serialization.dll.so' not found: dlopen failed: library "/data/app/com.careerbuilder.SugarDrone-1/lib/arm/libaot-System.Runtime.Serialization.dll.so" not found
D/Mono    (10222): AOT module '/Users/builder/data/lanes/4009/3a62f1ea/source/monodroid/builds/install/mono-armv6/lib/mono/aot-cache/arm/System.Runtime.Serialization.dll.so' not found: dlopen failed: library "/data/app/com.careerbuilder.SugarDrone-1/lib/arm/libaot-System.Runtime.Serialization.dll.so" not found
D/Mono    (10222): Config attempting to parse: 'System.Runtime.Serialization.dll.config'.
D/Mono    (10222): Config attempting to parse: '/Users/builder/data/lanes/4009/3a62f1ea/source/monodroid/builds/install/mono-armv6/etc/mono/assemblies/System.Runtime.Serialization/System.Runtime.Serialization.config'.
D/Mono    (10222): Assembly Ref addref System.Runtime.Serialization.Primitives[0xd881a6e0] -> System.Runtime.Serialization[0xd881bac0]: 2
D/Mono    (10222): Assembly Ref addref System.Runtime.Serialization[0xd881bac0] -> mscorlib[0xea55dea0]: 46
D/Mono    (10222): Image addref System.Text.Encoding.Extensions[0xda9fd960] -> System.Text.Encoding.Extensions.dll[0xd77b6300]: 2
D/Mono    (10222): Prepared to set up assembly 'System.Text.Encoding.Extensions' (System.Text.Encoding.Extensions.dll)
D/Mono    (10222): Assembly System.Text.Encoding.Extensions[0xda9fd960] added to domain RootDomain, ref_count=1
D/Mono    (10222): AOT module 'System.Text.Encoding.Extensions.dll.so' not found: dlopen failed: library "/data/app/com.careerbuilder.SugarDrone-1/lib/arm/libaot-System.Text.Encoding.Extensions.dll.so" not found
D/Mono    (10222): AOT module '/Users/builder/data/lanes/4009/3a62f1ea/source/monodroid/builds/install/mono-armv6/lib/mono/aot-cache/arm/System.Text.Encoding.Extensions.dll.so' not found: dlopen failed: library "/data/app/com.careerbuilder.SugarDrone-1/lib/arm/libaot-System.Text.Encoding.Extensions.dll.so" not found
D/Mono    (10222): Config attempting to parse: 'System.Text.Encoding.Extensions.dll.config'.
D/Mono    (10222): Config attempting to parse: '/Users/builder/data/lanes/4009/3a62f1ea/source/monodroid/builds/install/mono-armv6/etc/mono/assemblies/System.Text.Encoding.Extensions/System.Text.Encoding.Extensions.config'.
D/Mono    (10222): Assembly Ref addref Newtonsoft.Json[0xea55e9e0] -> System.Text.Encoding.Extensions[0xda9fd960]: 2
D/Mono    (10222): Assembly Ref addref System.Text.Encoding.Extensions[0xda9fd960] -> mscorlib[0xea55dea0]: 47
D/Mono    (10222): Unloading image System.Threading.dll [0xd77b6800].
D/Mono    (10222): Image addref System.Threading[0xd881bbe0] -> System.Threading.dll[0xea561e00]: 10
D/Mono    (10222): Config attempting to parse: 'System.Threading.dll.config'.
D/Mono    (10222): Config attempting to parse: '/Users/builder/data/lanes/4009/3a62f1ea/source/monodroid/builds/install/mono-armv6/etc/mono/assemblies/System.Threading/System.Threading.config'.
D/Mono    (10222): Assembly Ref addref Newtonsoft.Json[0xea55e9e0] -> System.Threading[0xea55efe0]: 8
D/Mono    (10222): Assembly Ref addref Newtonsoft.Json[0xea55e9e0] -> System.Reflection.Extensions[0xea55f520]: 5
D/Mono    (10222): Assembly Ref addref System.ObjectModel[0xd8819360] -> mscorlib[0xea55dea0]: 48
D/Mono    (10222): Image addref System.Xml.XDocument[0xd881be20] -> System.Xml.XDocument.dll[0xd77b7200]: 2
D/Mono    (10222): Prepared to set up assembly 'System.Xml.XDocument' (System.Xml.XDocument.dll)
D/Mono    (10222): Assembly System.Xml.XDocument[0xd881be20] added to domain RootDomain, ref_count=1
D/Mono    (10222): AOT module 'System.Xml.XDocument.dll.so' not found: dlopen failed: library "/data/app/com.careerbuilder.SugarDrone-1/lib/arm/libaot-System.Xml.XDocument.dll.so" not found
D/Mono    (10222): AOT module '/Users/builder/data/lanes/4009/3a62f1ea/source/monodroid/builds/install/mono-armv6/lib/mono/aot-cache/arm/System.Xml.XDocument.dll.so' not found: dlopen failed: library "/data/app/com.careerbuilder.SugarDrone-1/lib/arm/libaot-System.Xml.XDocument.dll.so" not found
D/Mono    (10222): Config attempting to parse: 'System.Xml.XDocument.dll.config'.
D/Mono    (10222): Config attempting to parse: '/Users/builder/data/lanes/4009/3a62f1ea/source/monodroid/builds/install/mono-armv6/etc/mono/assemblies/System.Xml.XDocument/System.Xml.XDocument.config'.
D/Mono    (10222): Assembly Ref addref Newtonsoft.Json[0xea55e9e0] -> System.Xml.XDocument[0xd881be20]: 2
D/Mono    (10222): Image addref System.Xml.Linq[0xd881bdc0] -> System.Xml.Linq.dll[0xd77b7700]: 2
D/Mono    (10222): Prepared to set up assembly 'System.Xml.Linq' (System.Xml.Linq.dll)
D/Mono    (10222): Assembly System.Xml.Linq[0xd881bdc0] added to domain RootDomain, ref_count=1
D/Mono    (10222): AOT module 'System.Xml.Linq.dll.so' not found: dlopen failed: library "/data/app/com.careerbuilder.SugarDrone-1/lib/arm/libaot-System.Xml.Linq.dll.so" not found
D/Mono    (10222): AOT module '/Users/builder/data/lanes/4009/3a62f1ea/source/monodroid/builds/install/mono-armv6/lib/mono/aot-cache/arm/System.Xml.Linq.dll.so' not found: dlopen failed: library "/data/app/com.careerbuilder.SugarDrone-1/lib/arm/libaot-System.Xml.Linq.dll.so" not found
D/Mono    (10222): Config attempting to parse: 'System.Xml.Linq.dll.config'.
D/Mono    (10222): Config attempting to parse: '/Users/builder/data/lanes/4009/3a62f1ea/source/monodroid/builds/install/mono-armv6/etc/mono/assemblies/System.Xml.Linq/System.Xml.Linq.config'.
D/Mono    (10222): Assembly Ref addref System.Xml.XDocument[0xd881be20] -> System.Xml.Linq[0xd881bdc0]: 2
D/Mono    (10222): Assembly Ref addref System.Xml.Linq[0xd881bdc0] -> mscorlib[0xea55dea0]: 49
D/Mono    (10222): Assembly Ref addref System.Xml.Linq[0xd881bdc0] -> System.Xml[0xea55f6a0]: 4
D/Mono    (10222): Image addref System.Text.RegularExpressions[0xd881bee0] -> System.Text.RegularExpressions.dll[0xd77b7c00]: 2
D/Mono    (10222): Prepared to set up assembly 'System.Text.RegularExpressions' (System.Text.RegularExpressions.dll)
D/Mono    (10222): Assembly System.Text.RegularExpressions[0xd881bee0] added to domain RootDomain, ref_count=1
D/Mono    (10222): AOT module 'System.Text.RegularExpressions.dll.so' not found: dlopen failed: library "/data/app/com.careerbuilder.SugarDrone-1/lib/arm/libaot-System.Text.RegularExpressions.dll.so" not found
D/Mono    (10222): AOT module '/Users/builder/data/lanes/4009/3a62f1ea/source/monodroid/builds/install/mono-armv6/lib/mono/aot-cache/arm/System.Text.RegularExpressions.dll.so' not found: dlopen failed: library "/data/app/com.careerbuilder.SugarDrone-1/lib/arm/libaot-System.Text.RegularExpressions.dll.so" not found
D/Mono    (10222): Config attempting to parse: 'System.Text.RegularExpressions.dll.config'.
D/Mono    (10222): Config attempting to parse: '/Users/builder/data/lanes/4009/3a62f1ea/source/monodroid/builds/install/mono-armv6/etc/mono/assemblies/System.Text.RegularExpressions/System.Text.RegularExpressions.config'.
D/Mono    (10222): Assembly Ref addref Newtonsoft.Json[0xea55e9e0] -> System.Text.RegularExpressions[0xd881bee0]: 2
D/Mono    (10222): Assembly Ref addref System.Text.RegularExpressions[0xd881bee0] -> System[0xea55f0a0]: 11
D/Mono    (10222): Unloading image System.Linq.Expressions.dll [0xd77b8100].
D/Mono    (10222): Image addref System.Linq.Expressions[0xd881be80] -> System.Linq.Expressions.dll[0xd9b16000]: 5
D/Mono    (10222): Config attempting to parse: 'System.Linq.Expressions.dll.config'.
D/Mono    (10222): Config attempting to parse: '/Users/builder/data/lanes/4009/3a62f1ea/source/monodroid/builds/install/mono-armv6/etc/mono/assemblies/System.Linq.Expressions/System.Linq.Expressions.config'.
D/Mono    (10222): Assembly Ref addref Newtonsoft.Json[0xea55e9e0] -> System.Linq.Expressions[0xd89af420]: 3
I/ServiceManager(  594): Waiting for service AtCmdFwd...
D/Mono    (10222): DllImport searching in: '/system/lib/libsqlite.so' ('/system/lib/libsqlite.so').
D/Mono    (10222): Searching for 'sqlite3_bind_blob'.
D/Mono    (10222): Probing 'sqlite3_bind_blob'.
D/Mono    (10222): Found as 'sqlite3_bind_blob'.
D/Mono    (10222): DllImport searching in: '/system/lib/libsqlite.so' ('/system/lib/libsqlite.so').
D/Mono    (10222): Searching for 'sqlite3_bind_int64'.
D/Mono    (10222): Probing 'sqlite3_bind_int64'.
D/Mono    (10222): Found as 'sqlite3_bind_int64'.
D/Mono    (10222): DllImport searching in: '__Internal' ('(null)').
D/Mono    (10222): Searching for 'java_interop_jnienv_call_nonvirtual_boolean_method_a'.
D/Mono    (10222): Probing 'java_interop_jnienv_call_nonvirtual_boolean_method_a'.
D/Mono    (10222): Found as 'java_interop_jnienv_call_nonvirtual_boolean_method_a'.
I/calabash(10222): execStartActivity 4
I/ActivityManager(  926): START u0 {cmp=com.careerbuilder.SugarDrone/md5a4824aa66c0dc4d104077b72c1916a44.TermsAndConditionsActivity} from uid 14582 on display 0
W/ResourceType(10222): No known package when getting name for resource number 0xffffffff
W/ResourceType(10222): No known package when getting name for resource number 0xffffffff
W/ResourceType(10222): No known package when getting name for resource number 0xffffffff
I/calabash(10222): newActivity1
D/WifiStateMachine(  926): starting scan for "xtc-ag"WPA_PSK with 5240,5180,5220,5200
I/System.out(10222): URI: /map
I/System.out(10222): params: {json={"query":"* id:'agreeAndContinueButton'","operation":{"method_name":"query","arguments":[]}}
I/System.out(10222): }
I/ActivityManager(  926): Displayed com.careerbuilder.SugarDrone/md5a4824aa66c0dc4d104077b72c1916a44.TermsAndConditionsActivity: +479ms
I/Keyboard.Facilitator( 3514): onFinishInput()
W/ResourceType(10222): No known package when getting name for resource number 0xffffffff
W/ResourceType(10222): No known package when getting name for resource number 0xffffffff
W/ResourceType(10222): No known package when getting name for resource number 0xffffffff
W/ResourceType(10222): No known package when getting name for resource number 0xffffffff
W/ResourceType(10222): No known package when getting name for resource number 0xffffffff
W/ResourceType(10222): No known package when getting name for resource number 0xffffffff
W/ResourceType(10222): No known package when getting name for resource number 0xffffffff
W/ResourceType(10222): No known package when getting name for resource number 0xffffffff
W/ResourceType(10222): No known package when getting name for resource number 0xffffffff
W/ResourceType(10222): No known package when getting name for resource number 0xffffffff
I/ServiceManager(  594): Waiting for service AtCmdFwd...
I/System.out(10222): URI: /map
I/System.out(10222): params: {json={"query":"* id:'agreeAndContinueButton'","operation":{"method_name":"query","arguments":[]}}
I/System.out(10222): }
W/ResourceType(10222): No known package when getting name for resource number 0xffffffff
W/ResourceType(10222): No known package when getting name for resource number 0xffffffff
W/ResourceType(10222): No known package when getting name for resource number 0xffffffff
W/ResourceType(10222): No known package when getting name for resource number 0xffffffff
W/ResourceType(10222): No known package when getting name for resource number 0xffffffff
W/ResourceType(10222): No known package when getting name for resource number 0xffffffff
W/ResourceType(10222): No known package when getting name for resource number 0xffffffff
I/art     (10222): Starting a blocking GC Explicit
I/art     (10222): Explicit concurrent mark sweep GC freed 55744(2MB) AllocSpace objects, 5(100KB) LOS objects, 40% free, 22MB/38MB, paused 692us total 27.023ms
I/art     (10222): Starting a blocking GC Explicit
I/art     (10222): Explicit concurrent mark sweep GC freed 3453(238KB) AllocSpace objects, 2(40KB) LOS objects, 40% free, 22MB/37MB, paused 597us total 18.448ms
I/art     (10222): Starting a blocking GC Explicit
I/art     (10222): Explicit concurrent mark sweep GC freed 33(2056B) AllocSpace objects, 0(0B) LOS objects, 40% free, 22MB/37MB, paused 665us total 18.757ms
I/art     (10222): Starting a blocking GC Explicit
I/art     (10222): Explicit concurrent mark sweep GC freed 3(96B) AllocSpace objects, 0(0B) LOS objects, 40% free, 22MB/37MB, paused 591us total 18.710ms
I/art     (10222): Starting a blocking GC Explicit
I/art     (10222): Explicit concurrent mark sweep GC freed 17(1280B) AllocSpace objects, 0(0B) LOS objects, 40% free, 22MB/37MB, paused 680us total 19.452ms
I/System.out(10222): URI: /map
I/System.out(10222): params: {json={"query":"* id:'agreeAndContinueButton'","operation":{"method_name":"query","arguments":[]}}
I/System.out(10222): }
W/ResourceType(10222): No known package when getting name for resource number 0xffffffff
W/ResourceType(10222): No known package when getting name for resource number 0xffffffff
W/ResourceType(10222): No known package when getting name for resource number 0xffffffff
W/ResourceType(10222): No known package when getting name for resource number 0xffffffff
W/ResourceType(10222): No known package when getting name for resource number 0xffffffff
W/ResourceType(10222): No known package when getting name for resource number 0xffffffff
W/ResourceType(10222): No known package when getting name for resource number 0xffffffff
I/System.out(10222): URI: /map
I/System.out(10222): params: {json={"query":"* id:'agreeAndContinueButton'","operation":{"method_name":"query","arguments":[]}}
I/System.out(10222): }
W/ResourceType(10222): No known package when getting name for resource number 0xffffffff
W/ResourceType(10222): No known package when getting name for resource number 0xffffffff
W/ResourceType(10222): No known package when getting name for resource number 0xffffffff
W/ResourceType(10222): No known package when getting name for resource number 0xffffffff
W/ResourceType(10222): No known package when getting name for resource number 0xffffffff
W/ResourceType(10222): No known package when getting name for resource number 0xffffffff
W/ResourceType(10222): No known package when getting name for resource number 0xffffffff
I/System.out(10222): URI: /map
I/System.out(10222): params: {json={"query":"* id:'agreeAndContinueButton'","operation":{"method_name":"query","arguments":[]}}
I/System.out(10222): }
I/ServiceManager(  594): Waiting for service AtCmdFwd...
W/ResourceType(10222): No known package when getting name for resource number 0xffffffff
W/ResourceType(10222): No known package when getting name for resource number 0xffffffff
W/ResourceType(10222): No known package when getting name for resource number 0xffffffff
W/ResourceType(10222): No known package when getting name for resource number 0xffffffff
W/ResourceType(10222): No known package when getting name for resource number 0xffffffff
W/ResourceType(10222): No known package when getting name for resource number 0xffffffff
W/ResourceType(10222): No known package when getting name for resource number 0xffffffff
I/System.out(10222): URI: /map
I/System.out(10222): params: {json={"query":"* id:'agreeAndContinueButton'","operation":{"method_name":"query","arguments":[]}}
I/System.out(10222): }
D/Mono    (10222): [0xd99fa930] worker starting
D/Mono    (10222): [0xd98f4930] worker starting
W/ResourceType(10222): No known package when getting name for resource number 0xffffffff
W/ResourceType(10222): No known package when getting name for resource number 0xffffffff
W/ResourceType(10222): No known package when getting name for resource number 0xffffffff
W/ResourceType(10222): No known package when getting name for resource number 0xffffffff
W/ResourceType(10222): No known package when getting name for resource number 0xffffffff
W/ResourceType(10222): No known package when getting name for resource number 0xffffffff
W/ResourceType(10222): No known package when getting name for resource number 0xffffffff
D/Mono    (10222): Assembly Ref addref System.Net.Http[0xea55fc40] -> System.Core[0xea55f400]: 13
D/Mono    (10222): Assembly Ref addref Mono.Android[0xea55ee00] -> System[0xea55f0a0]: 12
D/NetlinkSocketObserver(  926): NeighborEvent{elapsedMs=301870, 10.22.0.1, [B0FAEB975089], RTM_NEWNEIGH, NUD_REACHABLE}
I/System.out(10222): URI: /map
I/System.out(10222): params: {json={"query":"* id:'agreeAndContinueButton'","operation":{"method_name":"query","arguments":[]}}
I/System.out(10222): }
D/Mono    (10222): DllImport searching in: '__Internal' ('(null)').
D/Mono    (10222): Searching for 'java_interop_jnienv_call_nonvirtual_int_method_a'.
D/Mono    (10222): Probing 'java_interop_jnienv_call_nonvirtual_int_method_a'.
D/Mono    (10222): Found as 'java_interop_jnienv_call_nonvirtual_int_method_a'.
D/Mono    (10222): DllImport searching in: '__Internal' ('(null)').
D/Mono    (10222): Searching for 'java_interop_jnienv_get_float_field'.
D/Mono    (10222): Probing 'java_interop_jnienv_get_float_field'.
D/Mono    (10222): Found as 'java_interop_jnienv_get_float_field'.
W/ResourceType(10222): No known package when getting name for resource number 0xffffffff
W/ResourceType(10222): No known package when getting name for resource number 0xffffffff
W/ResourceType(10222): No known package when getting name for resource number 0xffffffff
W/ResourceType(10222): No known package when getting name for resource number 0xffffffff
W/ResourceType(10222): No known package when getting name for resource number 0xffffffff
