<![CDATA[
]]><xtc-scenario name="[0-1095]CareerBuilder_Search.DroidFeatureTests.JobResultsPageTests.CBApplyShowsAndQuickApplyDoesNotShowsWhenCBApplyAndNotQuickAppliable" id="[0-1095]CareerBuilder_Search.DroidFeatureTests.JobResultsPageTests.CBApplyShowsAndQuickApplyDoesNotShowsWhenCBApplyAndNotQuickAppliable"><![CDATA[

]]><xtc-step name="[0-1095]CareerBuilder_Search.DroidFeatureTests.JobResultsPageTests.CBApplyShowsAndQuickApplyDoesNotShowsWhenCBApplyAndNotQuickAppliable-CBApplyShowsAndQuickApplyDoesNotShowsWhenCBApplyAndNotQuickAppliable" id="[0-1095]CareerBuilder_Search.DroidFeatureTests.JobResultsPageTests.CBApplyShowsAndQuickApplyDoesNotShowsWhenCBApplyAndNotQuickAppliable-CBApplyShowsAndQuickApplyDoesNotShowsWhenCBApplyAndNotQuickAppliable"><![CDATA[
I/ActivityManager(  926): Killing 7546:com.android.chrome/u0a39 (adj 15): empty #17
I/ThermalEngine(  517): ACTION: GPU - Setting GPU[0] to 510000000
D/AndroidRuntime( 8280): >>>>>> START com.android.internal.os.RuntimeInit uid 2000 <<<<<<
D/AndroidRuntime( 8280): CheckJNI is OFF
D/ICU     ( 8280): No timezone override file found: /data/misc/zoneinfo/current/icu/icu_tzdata.dat
I/Radio-JNI( 8280): register_android_hardware_Radio DONE
D/AndroidRuntime( 8280): Calling main entry com.android.commands.pm.Pm
I/art     ( 8280): System.exit called, status: 0
I/AndroidRuntime( 8280): VM exiting with result code 0.
I/ThermalEngine(  517): ACTION: GPU - Setting GPU[0] to 450000000
I/ServiceManager(  541): Waiting for service AtCmdFwd...
I/ServiceManager(  541): Waiting for service AtCmdFwd...
I/ServiceManager(  541): Waiting for service AtCmdFwd...
I/ServiceManager(  541): Waiting for service AtCmdFwd...
I/ServiceManager(  541): Waiting for service AtCmdFwd...
W/Atfwd_Sendcmd(  541): AtCmdFwd service not published, waiting... retryCnt : 5
D/WifiStateMachine(  926): starting scan for "xtc-ag"WPA_PSK with 5240,5180,5220,5200
D/AlarmManagerService(  926): Setting time of day to sec=1489695523
W/AlarmManagerService(  926): Unable to set rtc to 1489695523: Invalid argument
I/ActivityManager(  926): Start proc 8534:com.qualcomm.timeservice/1000 for broadcast com.qualcomm.timeservice/.TimeServiceBroadcastReceiver
W/System  ( 8534): ClassLoader referenced unknown path: /system/app/TimeService/lib/arm64
D/TimeService( 8534): Receivedandroid.intent.action.TIME_SET intent. Current Time is 1489695523188
D/        ( 8534): TimeServiceNative: User Time to be set is 1489695523189
D/QC-time-services( 8534): Lib:time_genoff_operation: pargs->base = 2
D/QC-time-services( 8534): Lib:time_genoff_operation: pargs->operation = 0
D/QC-time-services( 8534): Lib:time_genoff_operation: pargs->ts_val = 1489695523189
D/QC-time-services(  534): Daemon: Connection accepted:time_genoff
D/QC-time-services( 8534): Lib:time_genoff_operation: Send to server  passed!!
D/QC-time-services(  534): Daemon:Received base = 2, unit = 1, operation = 0,value = 1489695523189
D/QC-time-services(  534): Daemon:genoff_opr: Base = 2, val = 1489695523189, operation = 0
D/QC-time-services(  534): Daemon:rtc_get: Time read from RTC -- MM/DD/YY HH:MM:SS0/25/70 6:3:30
D/QC-time-services(  534): Daemon:Value read from RTC seconds = 2095410000
D/QC-time-services(  534): Daemon:new time 1489695523189 
D/QC-time-services(  534): Daemon: delta 1487600113189 genoff 1487600113189 
D/QC-time-services(  534): Daemon:genoff_persistent_update: Writing genoff = 1487600113189 to memory
D/QC-time-services(  534): Daemon:Opening File: /data/time/ats_2
D/QC-time-services(  534): Daemon:time_persistent_memory_opr:Genoff write operation 
D/QC-time-services(  534): Updating the TOD offset
D/QC-time-services(  534): Daemon:genoff_persistent_update: Writing genoff = 1487600113189 to memory
D/QC-time-services(  534): Daemon:Opening File: /data/time/ats_1
D/QC-time-services(  534): Daemon:time_persistent_memory_opr:Genoff write operation 
E/QC-time-services(  534): Daemon:Update to modem bit set
D/QC-time-services(  534): Daemon:genoff_send_modem: Sending data to MODEM !
D/QC-time-services(  534): Daemon: Base = 2, Value being sent to MODEM = 1171635313189
E/QC-time-services( 8534): Receive Passed == base = 2, unit = 1, operation = 0, result = 0
I/ActivityManager(  926): Killing 7427:com.google.android.music:main/u0a59 (adj 15): empty #17
E/QC-time-services(  534): Daemon:tod_update_ind_cb: Got Update from modem msg_id 40
E/QC-time-services(  534): Daemon: Time-services: Waiting to acceptconnection
D/NetlinkSocketObserver(  926): NeighborEvent{elapsedMs=200640, 10.22.0.1, [B0FAEB975089], RTM_NEWNEIGH, NUD_STALE}
D/AndroidRuntime( 8589): >>>>>> START com.android.internal.os.RuntimeInit uid 2000 <<<<<<
D/AndroidRuntime( 8589): CheckJNI is OFF
D/ICU     ( 8589): No timezone override file found: /data/misc/zoneinfo/current/icu/icu_tzdata.dat
I/Radio-JNI( 8589): register_android_hardware_Radio DONE
D/AndroidRuntime( 8589): Calling main entry com.android.commands.am.Am
W/ActivityManager(  926): Invalid packageName: com.careerbuilder.SugarDrone
D/AndroidRuntime( 8589): Shutting down VM
I/art     ( 7957): Waiting for a blocking GC DisableMovingGc
I/art     ( 7957): Starting a blocking GC DisableMovingGc
I/Keyboard.Facilitator.LanguageModelFlusher( 3467): run()
I/Keyboard.Facilitator( 3467): flushDynamicLanguageModels()
I/ThermalEngine(  517): ACTION: GPU - Setting GPU[0] to 390000000
I/ThermalEngine(  517): ACTION: GPU - Setting GPU[0] to 450000000
I/Atfwd_Sendcmd(  541): AtCmdFwd service not ready - Exhausted retry attempts - :6
I/Atfwd_Daemon(  541): result : -1 	 ,Init step :2 	 ,qmiErrorCode: 0
W/ip      ( 8940): type=1400 audit(0.0:69): avc: denied { search } for name="net" dev="dm-2" ino=719496 scontext=u:r:shell:s0 tcontext=u:object_r:net_data_file:s0 tclass=dir permissive=0
I/ThermalEngine(  517): ACTION: GPU - Setting GPU[0] to 390000000
D/AndroidRuntime( 8967): >>>>>> START com.android.internal.os.RuntimeInit uid 2000 <<<<<<
D/AndroidRuntime( 8967): CheckJNI is OFF
D/ICU     ( 8967): No timezone override file found: /data/misc/zoneinfo/current/icu/icu_tzdata.dat
I/Radio-JNI( 8967): register_android_hardware_Radio DONE
D/AndroidRuntime( 8967): Calling main entry com.android.commands.pm.Pm
I/ActivityManager(  926): Start proc 8988:com.android.defcontainer/u0a7 for service com.android.defcontainer/.DefaultContainerService
D/DefContainer( 8988): Copying /data/local/tmp/0000005001 to base.apk
I/ThermalEngine(  517): ACTION: GPU - Setting GPU[0] to 450000000
I/PackageManager.DexOptimizer(  926): Running dexopt (dex2oat) on: /data/app/vmdl1453411928.tmp/base.apk pkg=com.careerbuilder.SugarDrone isa=arm vmSafeMode=false debuggable=true oatDir = /data/app/vmdl1453411928.tmp/oat bootComplete=true
I/dex2oat ( 9025): /system/bin/dex2oat -j2 --debuggable
W/dex2oat ( 9025): Before Android 4.1, method android.graphics.PorterDuffColorFilter android.support.graphics.drawable.VectorDrawableCompat.updateTintFilter(android.graphics.PorterDuffColorFilter, android.content.res.ColorStateList, android.graphics.PorterDuff$Mode) would have incorrectly overridden the package-private method in android.graphics.drawable.Drawable
W/dex2oat ( 9025): Before Android 4.1, method int android.support.v7.widget.ListViewCompat.lookForSelectablePosition(int, boolean) would have incorrectly overridden the package-private method in android.widget.ListView
I/ThermalEngine(  517): ACTION: GPU - Setting GPU[0] to 390000000
I/ServiceManager(  541): Waiting for service AtCmdFwd...
I/ServiceManager(  541): Waiting for service AtCmdFwd...
I/ServiceManager(  541): Waiting for service AtCmdFwd...
I/dex2oat ( 9025): dex2oat took 5.239s (threads: 2) arena alloc=642KB java alloc=5MB native alloc=20MB free=3MB
W/PackageManager(  926): Not granting permission android.permission.MANAGE_DOCUMENTS to package com.careerbuilder.SugarDrone (protectionLevel=2 flags=0x3808be46)
W/PackageManager(  926): Not granting permission android.permission.MOUNT_UNMOUNT_FILESYSTEMS to package com.careerbuilder.SugarDrone (protectionLevel=18 flags=0x3808be46)
V/BackupManagerService(  926): restoreAtInstall pkg=com.careerbuilder.SugarDrone token=5 restoreSet=0
V/BackupManagerService(  926): Finishing install immediately
W/Settings(  926): Setting install_non_market_apps has moved from android.provider.Settings.Global to android.provider.Settings.Secure, returning read-only value.
I/art     (  926): Starting a blocking GC Explicit
I/ServiceManager(  541): Waiting for service AtCmdFwd...
I/art     (  926): Explicit concurrent mark sweep GC freed 24030(1610KB) AllocSpace objects, 4(80KB) LOS objects, 33% free, 30MB/45MB, paused 2.400ms total 90.652ms
I/art     ( 8967): System.exit called, status: 0
I/AndroidRuntime( 8967): VM exiting with result code 0.
I/InputReader(  926): Reconfiguring input devices.  changes=0x00000010
D/CarrierServiceBindHelper( 3600): Receive action: android.intent.action.PACKAGE_ADDED
D/CarrierServiceBindHelper( 3600): mHandler: 3
D/CarrierConfigLoader( 3600): mHandler: 9 phoneId: 0
I/ActivityManager(  926): Start proc 9105:com.android.musicfx/u0a21 for broadcast com.android.musicfx/.Compatibility$Receiver
W/System  ( 9105): ClassLoader referenced unknown path: /system/priv-app/MusicFX/lib/arm64
I/ActivityManager(  926): Start proc 9121:com.android.vending/u0a22 for broadcast com.android.vending/com.google.android.finsky.receivers.PackageMonitorReceiver$RegisteredReceiver
I/ActivityManager(  926): Killing 7624:com.google.android.gms.unstable/u0a12 (adj 15): empty #17
W/System  ( 9121): ClassLoader referenced unknown path: /system/priv-app/Phonesky/lib/arm64
W/Finsky  ( 9121): [1] FinskyApp.getCurrentAccount: No account configured on this device.
D/Finsky  ( 9121): [1] FinskyApp.onCreate: Initializing network with DFE https://android.clients.google.com/fdfe/
W/Finsky  ( 9121): [1] FinskyApp.getCurrentAccount: No account configured on this device.
W/Finsky  ( 9121): [1] FinskyApp.getCurrentAccount: No account configured on this device.
W/Finsky  ( 9121): [1] FinskyApp.getCurrentAccount: No account configured on this device.
W/Finsky  ( 9121): [1] FinskyApp.getCurrentAccount: No account configured on this device.
W/Finsky  ( 9121): [1] FinskyApp.getCurrentAccount: No account configured on this device.
W/Finsky  ( 9121): [1] FinskyApp.getCurrentAccount: No account configured on this device.
W/Finsky  ( 9121): [1] FinskyApp.getCurrentAccount: No account configured on this device.
D/Finsky  ( 9121): [1] DailyHygiene.goMakeHygieneIfDirty: No need to run daily hygiene.
W/Settings( 9121): Setting download_manager_max_bytes_over_mobile has moved from android.provider.Settings.Secure to android.provider.Settings.Global.
W/Settings( 9121): Setting download_manager_recommended_max_bytes_over_mobile has moved from android.provider.Settings.Secure to android.provider.Settings.Global.
W/Finsky  ( 9121): [1] FinskyApp.getCurrentAccount: No account configured on this device.
W/Finsky  ( 9121): [1] FinskyApp.getCurrentAccount: No account configured on this device.
W/Finsky  ( 9121): [1] FinskyApp.getDfeApi: No account configured on this device.
W/Finsky  ( 9121): [1] FinskyApp.getCurrentAccount: No account configured on this device.
D/Finsky  ( 9121): [1] ExternalReferrer.access$200: Package state data is missing for com.careerbuilder.SugarDrone
I/ActivityManager(  926): Start proc 9164:com.google.android.apps.docs/u0a43 for broadcast com.google.android.apps.docs/.receivers.AppPackageAddRemoveReceiver
I/UpdateIcingCorporaServi( 7792): Updating corpora: APPS=com.careerbuilder.SugarDrone, CONTACTS=MAYBE
W/System  ( 9164): ClassLoader referenced unknown path: /system/app/Drive/lib/arm64
D/Ads     ( 9121): Skipping gmscore version check
W/IcingInternalCorpora( 4386): getNumBytesRead when not calculated.
I/ServiceManager(  541): Waiting for service AtCmdFwd...
I/Icing   ( 4386): Usage reports 0 indexed 0 rejected 0 imm upload true
I/UpdateIcingCorporaServi( 7792): UpdateCorporaTask done [took 400 ms] updated apps [took 400 ms] 
W/Finsky  ( 9121): [1] FinskyApp.getCurrentAccount: No account configured on this device.
W/Finsky  ( 9121): [1] FinskyApp.getCurrentAccount: No account configured on this device.
D/Finsky  ( 9121): [1] GmsCoreHelper.cleanupNlp: result=false type=4
D/Finsky  ( 9121): [1] RestoreTracker.stopServiceIfDone: Restore complete with 0 success and 0 failed.
D/AndroidRuntime( 9138): >>>>>> START com.android.internal.os.RuntimeInit uid 2000 <<<<<<
D/AndroidRuntime( 9138): CheckJNI is OFF
D/ICU     ( 9138): No timezone override file found: /data/misc/zoneinfo/current/icu/icu_tzdata.dat
I/Radio-JNI( 9138): register_android_hardware_Radio DONE
I/GAv4    ( 9164): Google Analytics 7.8.95 is starting up. To enable debug logging on a device run:
I/GAv4    ( 9164):   adb shell setprop log.tag.GAv4 DEBUG
I/GAv4    ( 9164):   adb logcat -s GAv4
D/AndroidRuntime( 9138): Calling main entry com.android.commands.settings.SettingsCmd
D/AndroidRuntime( 9138): Shutting down VM
W/GAv4    ( 9164): AnalyticsReceiver is not registered or is disabled. Register the receiver for reliable dispatching on non-Google Play devices. See http://goo.gl/8Rd3yj for instructions.
W/GAv4    ( 9164): CampaignTrackingReceiver is not registered, not exported or is disabled. Installation campaign tracking is not possible. See http://goo.gl/8Rd3yj for instructions.
W/AnalyticsTrackerProxyImpl( 9164): Analytics setup for ID UA-21125203-2, app name Drive, version 2.3.327.05.46
W/GAv4    ( 9164): AnalyticsService not registered in the app manifest. Hits might not be delivered reliably. See http://goo.gl/8Rd3yj for instructions.
I/ActivityManager(  926): Killing 7216:com.google.android.talk/u0a53 (adj 15): empty #17
D/Wear_Controller( 4386): Received broadcast action=android.intent.action.PACKAGE_ADDED and uri=com.careerbuilder.SugarDrone
I/PeopleContactsSync( 4386): triggerPendingContactsCleanup: no accounts
I/Icing   ( 4386): Usage reports 0 indexed 0 rejected 0 imm upload false
I/Icing   ( 4386): Usage reports 0 indexed 0 rejected 0 imm upload false
W/Atfwd_Sendcmd(  541): AtCmdFwd service not published, waiting... retryCnt : 1
I/Icing   ( 4386): Indexing E58B09958320B6A0799CC60F59E604FF729F846D from com.google.android.googlequicksearchbox
I/Icing   ( 4386): Indexing done E58B09958320B6A0799CC60F59E604FF729F846D
W/linker  ( 9164): /data/app/com.google.android.gms-2/lib/arm64/libconscrypt_gmscore_jni.so: unused DT entry: type 0x1d arg 0x80
V/JNIHelp ( 9164): Registering com/google/android/gms/org/conscrypt/NativeCrypto's 242 native methods...
I/art     ( 9164): Rejecting re-init on previously-failed class java.lang.Class<com.google.android.gms.org.conscrypt.OpenSSLExtendedSessionImpl>
I/art     ( 9164): Rejecting re-init on previously-failed class java.lang.Class<com.google.android.gms.org.conscrypt.OpenSSLExtendedSessionImpl>
I/ProviderInstaller( 9164): Installed default security provider GmsCore_OpenSSL
D/AndroidRuntime( 9218): >>>>>> START com.android.internal.os.RuntimeInit uid 2000 <<<<<<
D/AndroidRuntime( 9218): CheckJNI is OFF
D/ICU     ( 9218): No timezone override file found: /data/misc/zoneinfo/current/icu/icu_tzdata.dat
I/Radio-JNI( 9218): register_android_hardware_Radio DONE
D/AndroidRuntime( 9218): Calling main entry com.android.commands.settings.SettingsCmd
D/AndroidRuntime( 9218): Shutting down VM
I/Icing   ( 4386): Indexing 75B7FD9F840F1C7D00F9D2E12E7D163EBD92D69A from com.google.android.gms
I/Icing   ( 4386): Indexing done 75B7FD9F840F1C7D00F9D2E12E7D163EBD92D69A
D/AndroidRuntime( 9256): >>>>>> START com.android.internal.os.RuntimeInit uid 2000 <<<<<<
D/AndroidRuntime( 9256): CheckJNI is OFF
D/ICU     ( 9256): No timezone override file found: /data/misc/zoneinfo/current/icu/icu_tzdata.dat
I/Radio-JNI( 9256): register_android_hardware_Radio DONE
D/AndroidRuntime( 9256): Calling main entry com.android.commands.settings.SettingsCmd
D/AndroidRuntime( 9256): Shutting down VM
I/ActivityManager(  926): Killing 7581:com.google.android.apps.photos/u0a62 (adj 15): empty #17
D/AndroidRuntime( 9282): >>>>>> START com.android.internal.os.RuntimeInit uid 2000 <<<<<<
D/AndroidRuntime( 9282): CheckJNI is OFF
D/ICU     ( 9282): No timezone override file found: /data/misc/zoneinfo/current/icu/icu_tzdata.dat
I/Radio-JNI( 9282): register_android_hardware_Radio DONE
D/AndroidRuntime( 9282): Calling main entry com.android.commands.settings.SettingsCmd
D/AndroidRuntime( 9282): Shutting down VM
D/WifiStateMachine(  926): starting scan for "xtc-ag"WPA_PSK with 5240,5180,5220,5200
D/AndroidRuntime( 9303): >>>>>> START com.android.internal.os.RuntimeInit uid 2000 <<<<<<
D/AndroidRuntime( 9303): CheckJNI is OFF
D/ICU     ( 9303): No timezone override file found: /data/misc/zoneinfo/current/icu/icu_tzdata.dat
I/Radio-JNI( 9303): register_android_hardware_Radio DONE
D/AndroidRuntime( 9303): Calling main entry com.android.commands.settings.SettingsCmd
D/AndroidRuntime( 9303): Shutting down VM
I/ThermalEngine(  517): ACTION: GPU - Setting GPU[0] to 450000000
D/AndroidRuntime( 9326): >>>>>> START com.android.internal.os.RuntimeInit uid 2000 <<<<<<
D/AndroidRuntime( 9326): CheckJNI is OFF
D/ICU     ( 9326): No timezone override file found: /data/misc/zoneinfo/current/icu/icu_tzdata.dat
I/Radio-JNI( 9326): register_android_hardware_Radio DONE
D/AndroidRuntime( 9326): Calling main entry com.android.commands.appops.AppOpsCommand
D/AndroidRuntime( 9326): Shutting down VM
D/NetlinkSocketObserver(  926): NeighborEvent{elapsedMs=241060, 10.22.0.1, [B0FAEB975089], RTM_NEWNEIGH, NUD_REACHABLE}
I/ServiceManager(  541): Waiting for service AtCmdFwd...
D/AndroidRuntime( 9347): >>>>>> START com.android.internal.os.RuntimeInit uid 2000 <<<<<<
D/AndroidRuntime( 9347): CheckJNI is OFF
D/ICU     ( 9347): No timezone override file found: /data/misc/zoneinfo/current/icu/icu_tzdata.dat
I/Radio-JNI( 9347): register_android_hardware_Radio DONE
D/AndroidRuntime( 9347): Calling main entry com.android.commands.pm.Pm
I/art     ( 9347): System.exit called, status: 0
I/AndroidRuntime( 9347): VM exiting with result code 0.
I/ThermalEngine(  517): ACTION: GPU - Setting GPU[0] to 390000000
I/ServiceManager(  541): Waiting for service AtCmdFwd...
I/ServiceManager(  541): Waiting for service AtCmdFwd...
I/ActivityManager(  926): Killing 7453:com.google.android.youtube/u0a75 (adj 15): empty #17
D/AndroidRuntime( 9394): >>>>>> START com.android.internal.os.RuntimeInit uid 2000 <<<<<<
D/AndroidRuntime( 9394): CheckJNI is OFF
D/ICU     ( 9394): No timezone override file found: /data/misc/zoneinfo/current/icu/icu_tzdata.dat
I/Radio-JNI( 9394): register_android_hardware_Radio DONE
D/AndroidRuntime( 9394): Calling main entry com.android.commands.pm.Pm
I/art     ( 9394): System.exit called, status: 0
I/AndroidRuntime( 9394): VM exiting with result code 0.
I/ServiceManager(  541): Waiting for service AtCmdFwd...
I/ServiceManager(  541): Waiting for service AtCmdFwd...
W/Atfwd_Sendcmd(  541): AtCmdFwd service not published, waiting... retryCnt : 2
I/ThermalEngine(  517): ACTION: GPU - Setting GPU[0] to 450000000
D/AndroidRuntime( 9468): >>>>>> START com.android.internal.os.RuntimeInit uid 2000 <<<<<<
D/AndroidRuntime( 9468): CheckJNI is OFF
D/ICU     ( 9468): No timezone override file found: /data/misc/zoneinfo/current/icu/icu_tzdata.dat
I/Radio-JNI( 9468): register_android_hardware_Radio DONE
D/AndroidRuntime( 9468): Calling main entry com.android.commands.am.Am
W/ActivityManager(  926): Invalid packageName: com.careerbuilder.SugarDrone.test
D/AndroidRuntime( 9468): Shutting down VM
D/AndroidRuntime( 9495): >>>>>> START com.android.internal.os.RuntimeInit uid 2000 <<<<<<
D/AndroidRuntime( 9495): CheckJNI is OFF
D/ICU     ( 9495): No timezone override file found: /data/misc/zoneinfo/current/icu/icu_tzdata.dat
I/Radio-JNI( 9495): register_android_hardware_Radio DONE
D/AndroidRuntime( 9495): Calling main entry com.android.commands.pm.Pm
D/DefContainer( 8988): Copying /data/local/tmp/0000005003 to base.apk
I/PackageManager.DexOptimizer(  926): Running dexopt (dex2oat) on: /data/app/vmdl1247334138.tmp/base.apk pkg=com.careerbuilder.SugarDrone.test isa=arm64 vmSafeMode=false debuggable=false oatDir = /data/app/vmdl1247334138.tmp/oat bootComplete=true
I/dex2oat ( 9517): /system/bin/dex2oat -j2
W/dex2oat ( 9517): No verified method for method calling String.<init>: java.lang.String android.text.TextUtils.substring(java.lang.CharSequence, int, int)
W/dex2oat ( 9517): No verified method for method calling String.<init>: java.lang.String android.text.TextUtils.substring(java.lang.CharSequence, int, int)
I/ThermalEngine(  517): ACTION: GPU - Setting GPU[0] to 390000000
I/dex2oat ( 9517): Skipping compilation of void sh.calaba.org.codehaus.jackson.impl.Utf8StreamParser._skipString(): it contains a non natural loop
D/Finsky  ( 9121): [412] AppStatesReplicator.handleContentSyncResponse: Completed 0 account content syncs with 0 successful.
D/Finsky  ( 9121): [1] ContentSyncService$5.onFinished: Installation state replication succeeded.
I/dex2oat ( 9517): dex2oat took 2.386s (threads: 2) arena alloc=2MB java alloc=2MB native alloc=9MB free=1897KB
W/PackageManager(  926): Not granting permission android.permission.ACCESS_MOCK_LOCATION to package com.careerbuilder.SugarDrone.test (protectionLevel=2 flags=0x1800be44)
V/BackupManagerService(  926): restoreAtInstall pkg=com.careerbuilder.SugarDrone.test token=6 restoreSet=0
V/BackupManagerService(  926): Finishing install immediately
W/Settings(  926): Setting install_non_market_apps has moved from android.provider.Settings.Global to android.provider.Settings.Secure, returning read-only value.
I/art     (  926): Starting a blocking GC Explicit
I/art     (  926): Explicit concurrent mark sweep GC freed 104630(6MB) AllocSpace objects, 17(384KB) LOS objects, 33% free, 30MB/45MB, paused 1.561ms total 104.219ms
I/art     ( 9495): System.exit called, status: 0
I/AndroidRuntime( 9495): VM exiting with result code 0.
I/InputReader(  926): Reconfiguring input devices.  changes=0x00000010
D/Finsky  ( 9121): [1] ExternalReferrer.access$200: Package state data is missing for com.careerbuilder.SugarDrone.test
D/CarrierServiceBindHelper( 3600): Receive action: android.intent.action.PACKAGE_ADDED
D/CarrierServiceBindHelper( 3600): mHandler: 3
D/CarrierConfigLoader( 3600): mHandler: 9 phoneId: 0
I/UpdateIcingCorporaServi( 7792): Updating corpora: APPS=com.careerbuilder.SugarDrone.test, CONTACTS=MAYBE
I/UpdateIcingCorporaServi( 7792): UpdateCorporaTask done [took 48 ms] updated apps [took 47 ms] 
D/Wear_Controller( 4386): Received broadcast action=android.intent.action.PACKAGE_ADDED and uri=com.careerbuilder.SugarDrone.test
I/PeopleContactsSync( 4386): triggerPendingContactsCleanup: no accounts
W/IcingInternalCorpora( 4386): getNumBytesRead when not calculated.
I/Icing   ( 4386): Usage reports 0 indexed 0 rejected 0 imm upload false
I/Icing   ( 4386): Usage reports 0 indexed 0 rejected 0 imm upload false
D/AndroidRuntime( 9580): >>>>>> START com.android.internal.os.RuntimeInit uid 2000 <<<<<<
D/AndroidRuntime( 9580): CheckJNI is OFF
D/ICU     ( 9580): No timezone override file found: /data/misc/zoneinfo/current/icu/icu_tzdata.dat
I/Radio-JNI( 9580): register_android_hardware_Radio DONE
D/AndroidRuntime( 9580): Calling main entry com.android.commands.settings.SettingsCmd
D/AndroidRuntime( 9580): Shutting down VM
I/Icing   ( 4386): Indexing 75B7FD9F840F1C7D00F9D2E12E7D163EBD92D69A from com.google.android.gms
I/Icing   ( 4386): Indexing done 75B7FD9F840F1C7D00F9D2E12E7D163EBD92D69A
D/AndroidRuntime( 9614): >>>>>> START com.android.internal.os.RuntimeInit uid 2000 <<<<<<
D/AndroidRuntime( 9614): CheckJNI is OFF
D/ICU     ( 9614): No timezone override file found: /data/misc/zoneinfo/current/icu/icu_tzdata.dat
I/Radio-JNI( 9614): register_android_hardware_Radio DONE
D/AndroidRuntime( 9614): Calling main entry com.android.commands.settings.SettingsCmd
D/AndroidRuntime( 9614): Shutting down VM
D/AndroidRuntime( 9637): >>>>>> START com.android.internal.os.RuntimeInit uid 2000 <<<<<<
D/AndroidRuntime( 9637): CheckJNI is OFF
D/ICU     ( 9637): No timezone override file found: /data/misc/zoneinfo/current/icu/icu_tzdata.dat
I/Radio-JNI( 9637): register_android_hardware_Radio DONE
D/AndroidRuntime( 9637): Calling main entry com.android.commands.settings.SettingsCmd
D/AndroidRuntime( 9637): Shutting down VM
D/AndroidRuntime( 9660): >>>>>> START com.android.internal.os.RuntimeInit uid 2000 <<<<<<
D/AndroidRuntime( 9660): CheckJNI is OFF
D/ICU     ( 9660): No timezone override file found: /data/misc/zoneinfo/current/icu/icu_tzdata.dat
I/Radio-JNI( 9660): register_android_hardware_Radio DONE
D/AndroidRuntime( 9660): Calling main entry com.android.commands.settings.SettingsCmd
D/AndroidRuntime( 9660): Shutting down VM
D/AndroidRuntime( 9682): >>>>>> START com.android.internal.os.RuntimeInit uid 2000 <<<<<<
D/AndroidRuntime( 9682): CheckJNI is OFF
D/ICU     ( 9682): No timezone override file found: /data/misc/zoneinfo/current/icu/icu_tzdata.dat
I/Radio-JNI( 9682): register_android_hardware_Radio DONE
D/AndroidRuntime( 9682): Calling main entry com.android.commands.settings.SettingsCmd
D/AndroidRuntime( 9682): Shutting down VM
I/ServiceManager(  541): Waiting for service AtCmdFwd...
I/ThermalEngine(  517): ACTION: GPU - Setting GPU[0] to 450000000
D/AndroidRuntime( 9705): >>>>>> START com.android.internal.os.RuntimeInit uid 2000 <<<<<<
D/AndroidRuntime( 9705): CheckJNI is OFF
D/ICU     ( 9705): No timezone override file found: /data/misc/zoneinfo/current/icu/icu_tzdata.dat
I/Radio-JNI( 9705): register_android_hardware_Radio DONE
D/AndroidRuntime( 9705): Calling main entry com.android.commands.appops.AppOpsCommand
D/AndroidRuntime( 9705): Shutting down VM
I/ServiceManager(  541): Waiting for service AtCmdFwd...
D/AndroidRuntime( 9728): >>>>>> START com.android.internal.os.RuntimeInit uid 2000 <<<<<<
D/AndroidRuntime( 9728): CheckJNI is OFF
D/ICU     ( 9728): No timezone override file found: /data/misc/zoneinfo/current/icu/icu_tzdata.dat
I/Radio-JNI( 9728): register_android_hardware_Radio DONE
D/AndroidRuntime( 9728): Calling main entry com.android.commands.pm.Pm
I/art     ( 9728): System.exit called, status: 0
I/AndroidRuntime( 9728): VM exiting with result code 0.
I/ServiceManager(  541): Waiting for service AtCmdFwd...
I/ThermalEngine(  517): ACTION: GPU - Setting GPU[0] to 390000000
I/ServiceManager(  541): Waiting for service AtCmdFwd...
D/WifiStateMachine(  926): starting scan for "xtc-ag"WPA_PSK with 5240,5180,5220,5200
D/AndroidRuntime( 9773): >>>>>> START com.android.internal.os.RuntimeInit uid 2000 <<<<<<
D/AndroidRuntime( 9773): CheckJNI is OFF
D/ICU     ( 9773): No timezone override file found: /data/misc/zoneinfo/current/icu/icu_tzdata.dat
I/Radio-JNI( 9773): register_android_hardware_Radio DONE
D/AndroidRuntime( 9773): Calling main entry com.android.commands.pm.Pm
I/art     ( 9773): System.exit called, status: 0
I/AndroidRuntime( 9773): VM exiting with result code 0.
I/ServiceManager(  541): Waiting for service AtCmdFwd...
W/Atfwd_Sendcmd(  541): AtCmdFwd service not published, waiting... retryCnt : 3
I/ThermalEngine(  517): ACTION: GPU - Setting GPU[0] to 450000000
D/AndroidRuntime( 9831): >>>>>> START com.android.internal.os.RuntimeInit uid 2000 <<<<<<
D/AndroidRuntime( 9831): CheckJNI is OFF
D/ICU     ( 9831): No timezone override file found: /data/misc/zoneinfo/current/icu/icu_tzdata.dat
I/Radio-JNI( 9831): register_android_hardware_Radio DONE
D/AndroidRuntime( 9831): Calling main entry com.android.commands.input.Input
I/Input   ( 9831): injectKeyEvent: KeyEvent { action=ACTION_DOWN, keyCode=KEYCODE_BACK, scanCode=0, metaState=0, flags=0x0, repeatCount=0, eventTime=262990, downTime=262990, deviceId=-1, source=0x101 }
I/Input   ( 9831): injectKeyEvent: KeyEvent { action=ACTION_UP, keyCode=KEYCODE_BACK, scanCode=0, metaState=0, flags=0x0, repeatCount=0, eventTime=262990, downTime=262990, deviceId=-1, source=0x101 }
D/EmojiAltPhysicalKeyDetector( 3467): onKeyUp() : KeyEvent { action=ACTION_UP, keyCode=KEYCODE_BACK, scanCode=0, metaState=0, flags=0x0, repeatCount=0, eventTime=262990, downTime=262990, deviceId=-1, source=0x101 }
D/EmojiAltPhysicalKeyDetector( 3467): onKeyUp() : Disabled
D/AndroidRuntime( 9831): Shutting down VM
I/ThermalEngine(  517): ACTION: GPU - Setting GPU[0] to 390000000
D/AndroidRuntime( 9884): >>>>>> START com.android.internal.os.RuntimeInit uid 2000 <<<<<<
D/AndroidRuntime( 9884): CheckJNI is OFF
D/ICU     ( 9884): No timezone override file found: /data/misc/zoneinfo/current/icu/icu_tzdata.dat
I/Radio-JNI( 9884): register_android_hardware_Radio DONE
D/AndroidRuntime( 9884): Calling main entry com.android.commands.input.Input
I/Input   ( 9884): injectKeyEvent: KeyEvent { action=ACTION_DOWN, keyCode=KEYCODE_HOME, scanCode=0, metaState=0, flags=0x0, repeatCount=0, eventTime=264867, downTime=264867, deviceId=-1, source=0x101 }
I/Input   ( 9884): injectKeyEvent: KeyEvent { action=ACTION_UP, keyCode=KEYCODE_HOME, scanCode=0, metaState=0, flags=0x0, repeatCount=0, eventTime=264867, downTime=264867, deviceId=-1, source=0x101 }
I/ActivityManager(  926): START u0 {act=android.intent.action.MAIN cat=[android.intent.category.HOME] flg=0x10200000 cmp=com.google.android.googlequicksearchbox/com.google.android.launcher.GEL (has extras)} from uid 1000 on display 0
D/AndroidRuntime( 9884): Shutting down VM
I/GEL     ( 3617): handleIntent(Intent { act=android.intent.action.MAIN cat=[android.intent.category.HOME] flg=0x10200000 cmp=com.google.android.googlequicksearchbox/com.google.android.launcher.GEL (has extras) })
D/AndroidRuntime( 9915): >>>>>> START com.android.internal.os.RuntimeInit uid 2000 <<<<<<
D/Finsky  ( 9121): [412] AppStatesReplicator.handleContentSyncResponse: Completed 0 account content syncs with 0 successful.
D/Finsky  ( 9121): [1] ContentSyncService$5.onFinished: Installation state replication succeeded.
D/AndroidRuntime( 9915): CheckJNI is OFF
D/ICU     ( 9915): No timezone override file found: /data/misc/zoneinfo/current/icu/icu_tzdata.dat
I/Radio-JNI( 9915): register_android_hardware_Radio DONE
D/AndroidRuntime( 9915): Calling main entry com.android.commands.input.Input
I/Input   ( 9915): injectKeyEvent: KeyEvent { action=ACTION_DOWN, keyCode=KEYCODE_BACK, scanCode=0, metaState=0, flags=0x0, repeatCount=0, eventTime=266420, downTime=266420, deviceId=-1, source=0x101 }
I/Input   ( 9915): injectKeyEvent: KeyEvent { action=ACTION_UP, keyCode=KEYCODE_BACK, scanCode=0, metaState=0, flags=0x0, repeatCount=0, eventTime=266420, downTime=266420, deviceId=-1, source=0x101 }
D/EmojiAltPhysicalKeyDetector( 3467): onKeyUp() : KeyEvent { action=ACTION_UP, keyCode=KEYCODE_BACK, scanCode=0, metaState=0, flags=0x0, repeatCount=0, eventTime=266420, downTime=266420, deviceId=-1, source=0x101 }
D/EmojiAltPhysicalKeyDetector( 3467): onKeyUp() : Disabled
D/AndroidRuntime( 9915): Shutting down VM
D/AndroidRuntime( 9955): >>>>>> START com.android.internal.os.RuntimeInit uid 2000 <<<<<<
D/AndroidRuntime( 9955): CheckJNI is OFF
D/ICU     ( 9955): No timezone override file found: /data/misc/zoneinfo/current/icu/icu_tzdata.dat
I/Radio-JNI( 9955): register_android_hardware_Radio DONE
D/AndroidRuntime( 9955): Calling main entry com.android.commands.am.Am
I/ActivityManager(  926): Force stopping com.careerbuilder.SugarDrone appid=16178 user=0: start instr
I/ActivityManager(  926): Start proc 9974:com.careerbuilder.SugarDrone/u0a6178 for added application com.careerbuilder.SugarDrone
I/art     ( 9974): Late-enabling -Xcheck:jni
E/dex2oat ( 9987): Failed to create oat file: /data/dalvik-cache/arm/data@app@com.careerbuilder.SugarDrone.test-1@base.apk@classes.dex: Permission denied
I/dex2oat ( 9987): dex2oat took 849.167us (threads: 2) 
W/art     ( 9974): Failed execv(/system/bin/dex2oat --runtime-arg -classpath --runtime-arg  --instruction-set=arm --instruction-set-features=smp,div,-atomic_ldrd_strd --runtime-arg -Xrelocate --boot-image=/system/framework/boot.art --runtime-arg -Xms64m --runtime-arg -Xmx512m -j2 --instruction-set-variant=cortex-a7 --instruction-set-features=default --dex-file=/data/app/com.careerbuilder.SugarDrone.test-1/base.apk --oat-file=/data/dalvik-cache/arm/data@app@com.careerbuilder.SugarDrone.test-1@base.apk@classes.dex) because non-0 exit status
W/System  ( 9974): ClassLoader referenced unknown path: /data/app/com.careerbuilder.SugarDrone.test-1/lib/arm64
W/monodroid( 9974): Using override path: /data/user/0/com.careerbuilder.SugarDrone/files/.__override__
W/monodroid( 9974): Trying to load sgen from: /data/user/0/com.careerbuilder.SugarDrone/files/.__override__/libmonosgen-2.0.so
W/monodroid( 9974): Trying to load sgen from: /storage/emulated/0/Android/data/com.careerbuilder.SugarDrone/files/.__override__/libmonosgen-2.0.so
W/monodroid( 9974): Trying to load sgen from: /data/app/com.careerbuilder.SugarDrone-1/lib/arm/libmonosgen-2.0.so
D/Mono    ( 9974): Image addref mscorlib[0xef469020] -> mscorlib.dll[0xecffa900]: 2
D/Mono    ( 9974): Prepared to set up assembly 'mscorlib' (mscorlib.dll)
D/Mono    ( 9974): AOT module 'mscorlib.dll.so' not found: dlopen failed: library "/data/app/com.careerbuilder.SugarDrone-1/lib/arm/libaot-mscorlib.dll.so" not found
D/Mono    ( 9974): AOT module '/Users/builder/data/lanes/4009/3a62f1ea/source/monodroid/builds/install/mono-armv6/lib/mono/aot-cache/arm/mscorlib.dll.so' not found: dlopen failed: library "/data/app/com.careerbuilder.SugarDrone-1/lib/arm/libaot-mscorlib.dll.so" not found
D/Mono    ( 9974): Config attempting to parse: 'mscorlib.dll.config'.
D/Mono    ( 9974): Config attempting to parse: '/Users/builder/data/lanes/4009/3a62f1ea/source/monodroid/builds/install/mono-armv6/etc/mono/assemblies/mscorlib/mscorlib.config'.
D/Mono    ( 9974): Assembly mscorlib[0xef469020] added to domain RootDomain, ref_count=1
D/Mono    ( 9974): Image addref CareerBuilder_Search.Droid[0xef469080] -> CareerBuilder_Search.Droid.dll[0xecffcc00]: 2
D/Mono    ( 9974): Prepared to set up assembly 'CareerBuilder_Search.Droid' (CareerBuilder_Search.Droid.dll)
D/Mono    ( 9974): Assembly CareerBuilder_Search.Droid[0xef469080] added to domain RootDomain, ref_count=1
D/Mono    ( 9974): AOT module 'CareerBuilder_Search.Droid.dll.so' not found: dlopen failed: library "/data/app/com.careerbuilder.SugarDrone-1/lib/arm/libaot-CareerBuilder_Search.Droid.dll.so" not found
D/Mono    ( 9974): AOT module '/Users/builder/data/lanes/4009/3a62f1ea/source/monodroid/builds/install/mono-armv6/lib/mono/aot-cache/arm/CareerBuilder_Search.Droid.dll.so' not found: dlopen failed: library "/data/app/com.careerbuilder.SugarDrone-1/lib/arm/libaot-CareerBuilder_Search.Droid.dll.so" not found
D/Mono    ( 9974): Config attempting to parse: 'CareerBuilder_Search.Droid.dll.config'.
D/Mono    ( 9974): Config attempting to parse: '/Users/builder/data/lanes/4009/3a62f1ea/source/monodroid/builds/install/mono-armv6/etc/mono/assemblies/CareerBuilder_Search.Droid/CareerBuilder_Search.Droid.config'.
D/Mono    ( 9974): Image addref AppsFlyerXamarinBindingAndroid[0xef4690e0] -> AppsFlyerXamarinBindingAndroid.dll[0xecffd100]: 2
D/Mono    ( 9974): Prepared to set up assembly 'AppsFlyerXamarinBindingAndroid' (AppsFlyerXamarinBindingAndroid.dll)
D/Mono    ( 9974): Assembly AppsFlyerXamarinBindingAndroid[0xef4690e0] added to domain RootDomain, ref_count=1
D/Mono    ( 9974): AOT module 'AppsFlyerXamarinBindingAndroid.dll.so' not found: dlopen failed: library "/data/app/com.careerbuilder.SugarDrone-1/lib/arm/libaot-AppsFlyerXamarinBindingAndroid.dll.so" not found
D/Mono    ( 9974): AOT module '/Users/builder/data/lanes/4009/3a62f1ea/source/monodroid/builds/install/mono-armv6/lib/mono/aot-cache/arm/AppsFlyerXamarinBindingAndroid.dll.so' not found: dlopen failed: library "/data/app/com.careerbuilder.SugarDrone-1/lib/arm/libaot-AppsFlyerXamarinBindingAndroid.dll.so" not found
D/Mono    ( 9974): Config attempting to parse: 'AppsFlyerXamarinBindingAndroid.dll.config'.
D/Mono    ( 9974): Config attempting to parse: '/Users/builder/data/lanes/4009/3a62f1ea/source/monodroid/builds/install/mono-armv6/etc/mono/assemblies/AppsFlyerXamarinBindingAndroid/AppsFlyerXamarinBindingAndroid.config'.
D/Mono    ( 9974): Image addref HockeySDK[0xef469140] -> HockeySDK.dll[0xecffd600]: 2
D/Mono    ( 9974): Prepared to set up assembly 'HockeySDK' (HockeySDK.dll)
D/Mono    ( 9974): Assembly HockeySDK[0xef469140] added to domain RootDomain, ref_count=1
D/Mono    ( 9974): AOT module 'HockeySDK.dll.so' not found: dlopen failed: library "/data/app/com.careerbuilder.SugarDrone-1/lib/arm/libaot-HockeySDK.dll.so" not found
D/Mono    ( 9974): AOT module '/Users/builder/data/lanes/4009/3a62f1ea/source/monodroid/builds/install/mono-armv6/lib/mono/aot-cache/arm/HockeySDK.dll.so' not found: dlopen failed: library "/data/app/com.careerbuilder.SugarDrone-1/lib/arm/libaot-HockeySDK.dll.so" not found
D/Mono    ( 9974): Config attempting to parse: 'HockeySDK.dll.config'.
D/Mono    ( 9974): Config attempting to parse: '/Users/builder/data/lanes/4009/3a62f1ea/source/monodroid/builds/install/mono-armv6/etc/mono/assemblies/HockeySDK/HockeySDK.config'.
D/Mono    ( 9974): Image addref Akavache[0xef4691a0] -> Akavache.dll[0xf5177900]: 2
D/Mono    ( 9974): Prepared to set up assembly 'Akavache' (Akavache.dll)
D/Mono    ( 9974): Assembly Akavache[0xef4691a0] added to domain RootDomain, ref_count=1
D/Mono    ( 9974): AOT module 'Akavache.dll.so' not found: dlopen failed: library "/data/app/com.careerbuilder.SugarDrone-1/lib/arm/libaot-Akavache.dll.so" not found
D/Mono    ( 9974): AOT module '/Users/builder/data/lanes/4009/3a62f1ea/source/monodroid/builds/install/mono-armv6/lib/mono/aot-cache/arm/Akavache.dll.so' not found: dlopen failed: library "/data/app/com.careerbuilder.SugarDrone-1/lib/arm/libaot-Akavache.dll.so" not found
D/Mono    ( 9974): Config attempting to parse: 'Akavache.dll.config'.
D/Mono    ( 9974): Config attempting to parse: '/Users/builder/data/lanes/4009/3a62f1ea/source/monodroid/builds/install/mono-armv6/etc/mono/assemblies/Akavache/Akavache.config'.
D/Mono    ( 9974): Image addref Akavache.Sqlite3[0xef469200] -> Akavache.Sqlite3.dll[0xeb875000]: 2
D/Mono    ( 9974): Prepared to set up assembly 'Akavache.Sqlite3' (Akavache.Sqlite3.dll)
D/Mono    ( 9974): Assembly Akavache.Sqlite3[0xef469200] added to domain RootDomain, ref_count=1
D/Mono    ( 9974): AOT module 'Akavache.Sqlite3.dll.so' not found: dlopen failed: library "/data/app/com.careerbuilder.SugarDrone-1/lib/arm/libaot-Akavache.Sqlite3.dll.so" not found
D/Mono    ( 9974): AOT module '/Users/builder/data/lanes/4009/3a62f1ea/source/monodroid/builds/install/mono-armv6/lib/mono/aot-cache/arm/Akavache.Sqlite3.dll.so' not found: dlopen failed: library "/data/app/com.careerbuilder.SugarDrone-1/lib/arm/libaot-Akavache.Sqlite3.dll.so" not found
W/        ( 9974): Symbol file LoadedFromMemory doesn't match image Akavache.Sqlite3.dll
D/Mono    ( 9974): Config attempting to parse: 'Akavache.Sqlite3.dll.config'.
D/Mono    ( 9974): Config attempting to parse: '/Users/builder/data/lanes/4009/3a62f1ea/source/monodroid/builds/install/mono-armv6/etc/mono/assemblies/Akavache.Sqlite3/Akavache.Sqlite3.config'.
D/Mono    ( 9974): Image addref Splat[0xef469260] -> Splat.dll[0xeb875500]: 2
D/Mono    ( 9974): Prepared to set up assembly 'Splat' (Splat.dll)
D/Mono    ( 9974): Assembly Splat[0xef469260] added to domain RootDomain, ref_count=1
D/Mono    ( 9974): AOT module 'Splat.dll.so' not found: dlopen failed: library "/data/app/com.careerbuilder.SugarDrone-1/lib/arm/libaot-Splat.dll.so" not found
D/Mono    ( 9974): AOT module '/Users/builder/data/lanes/4009/3a62f1ea/source/monodroid/builds/install/mono-armv6/lib/mono/aot-cache/arm/Splat.dll.so' not found: dlopen failed: library "/data/app/com.careerbuilder.SugarDrone-1/lib/arm/libaot-Splat.dll.so" not found
D/Mono    ( 9974): Config attempting to parse: 'Splat.dll.config'.
D/Mono    ( 9974): Config attempting to parse: '/Users/builder/data/lanes/4009/3a62f1ea/source/monodroid/builds/install/mono-armv6/etc/mono/assemblies/Splat/Splat.config'.
D/Mono    ( 9974): Image addref Microsoft.Practices.ServiceLocation[0xef469440] -> Microsoft.Practices.ServiceLocation.dll[0xeb875a00]: 2
D/Mono    ( 9974): Prepared to set up assembly 'Microsoft.Practices.ServiceLocation' (Microsoft.Practices.ServiceLocation.dll)
D/Mono    ( 9974): Assembly Microsoft.Practices.ServiceLocation[0xef469440] added to domain RootDomain, ref_count=1
D/Mono    ( 9974): AOT module 'Microsoft.Practices.ServiceLocation.dll.so' not found: dlopen failed: library "/data/app/com.careerbuilder.SugarDrone-1/lib/arm/libaot-Microsoft.Practices.ServiceLocation.dll.so" not found
D/Mono    ( 9974): AOT module '/Users/builder/data/lanes/4009/3a62f1ea/source/monodroid/builds/install/mono-armv6/lib/mono/aot-cache/arm/Microsoft.Practices.ServiceLocation.dll.so' not found: dlopen failed: library "/data/app/com.careerbuilder.SugarDrone-1/lib/arm/libaot-Microsoft.Practices.ServiceLocation.dll.so" not found
D/Mono    ( 9974): Config attempting to parse: 'Microsoft.Practices.ServiceLocation.dll.config'.
D/Mono    ( 9974): Config attempting to parse: '/Users/builder/data/lanes/4009/3a62f1ea/source/monodroid/builds/install/mono-armv6/etc/mono/assemblies/Microsoft.Practices.ServiceLocation/Microsoft.Practices.ServiceLocation.config'.
D/Mono    ( 9974): Image addref Microsoft.Practices.Unity[0xef4694a0] -> Microsoft.Practices.Unity.dll[0xeb875f00]: 2
D/Mono    ( 9974): Prepared to set up assembly 'Microsoft.Practices.Unity' (Microsoft.Practices.Unity.dll)
D/Mono    ( 9974): Assembly Microsoft.Practices.Unity[0xef4694a0] added to domain RootDomain, ref_count=1
D/Mono    ( 9974): AOT module 'Microsoft.Practices.Unity.dll.so' not found: dlopen failed: library "/data/app/com.careerbuilder.SugarDrone-1/lib/arm/libaot-Microsoft.Practices.Unity.dll.so" not found
D/Mono    ( 9974): AOT module '/Users/builder/data/lanes/4009/3a62f1ea/source/monodroid/builds/install/mono-armv6/lib/mono/aot-cache/arm/Microsoft.Practices.Unity.dll.so' not found: dlopen failed: library "/data/app/com.careerbuilder.SugarDrone-1/lib/arm/libaot-Microsoft.Practices.Unity.dll.so" not found
D/Mono    ( 9974): Config attempting to parse: 'Microsoft.Practices.Unity.dll.config'.
D/Mono    ( 9974): Config attempting to parse: '/Users/builder/data/lanes/4009/3a62f1ea/source/monodroid/builds/install/mono-armv6/etc/mono/assemblies/Microsoft.Practices.Unity/Microsoft.Practices.Unity.config'.
D/Mono    ( 9974): Image addref Plugin.CurrentActivity[0xef469500] -> Plugin.CurrentActivity.dll[0xeb876400]: 2
D/Mono    ( 9974): Prepared to set up assembly 'Plugin.CurrentActivity' (Plugin.CurrentActivity.dll)
D/Mono    ( 9974): Assembly Plugin.CurrentActivity[0xef469500] added to domain RootDomain, ref_count=1
D/Mono    ( 9974): AOT module 'Plugin.CurrentActivity.dll.so' not found: dlopen failed: library "/data/app/com.careerbuilder.SugarDrone-1/lib/arm/libaot-Plugin.CurrentActivity.dll.so" not found
D/Mono    ( 9974): AOT module '/Users/builder/data/lanes/4009/3a62f1ea/source/monodroid/builds/install/mono-armv6/lib/mono/aot-cache/arm/Plugin.CurrentActivity.dll.so' not found: dlopen failed: library "/data/app/com.careerbuilder.SugarDrone-1/lib/arm/libaot-Plugin.CurrentActivity.dll.so" not found
D/Mono    ( 9974): Config attempting to parse: 'Plugin.CurrentActivity.dll.config'.
D/Mono    ( 9974): Config attempting to parse: '/Users/builder/data/lanes/4009/3a62f1ea/source/monodroid/builds/install/mono-armv6/etc/mono/assemblies/Plugin.CurrentActivity/Plugin.CurrentActivity.config'.
D/Mono    ( 9974): Image addref Plugin.Permissions[0xef469560] -> Plugin.Permissions.dll[0xeb876900]: 2
D/Mono    ( 9974): Prepared to set up assembly 'Plugin.Permissions' (Plugin.Permissions.dll)
D/Mono    ( 9974): Assembly Plugin.Permissions[0xef469560] added to domain RootDomain, ref_count=1
D/Mono    ( 9974): AOT module 'Plugin.Permissions.dll.so' not found: dlopen failed: library "/data/app/com.careerbuilder.SugarDrone-1/lib/arm/libaot-Plugin.Permissions.dll.so" not found
D/Mono    ( 9974): AOT module '/Users/builder/data/lanes/4009/3a62f1ea/source/monodroid/builds/install/mono-armv6/lib/mono/aot-cache/arm/Plugin.Permissions.dll.so' not found: dlopen failed: library "/data/app/com.careerbuilder.SugarDrone-1/lib/arm/libaot-Plugin.Permissions.dll.so" not found
D/Mono    ( 9974): Config attempting to parse: 'Plugin.Permissions.dll.config'.
D/Mono    ( 9974): Config attempting to parse: '/Users/builder/data/lanes/4009/3a62f1ea/source/monodroid/builds/install/mono-armv6/etc/mono/assemblies/Plugin.Permissions/Plugin.Permissions.config'.
D/Mono    ( 9974): Image addref Plugin.Permissions.Abstractions[0xef4695c0] -> Plugin.Permissions.Abstractions.dll[0xeb876e00]: 2
D/Mono    ( 9974): Prepared to set up assembly 'Plugin.Permissions.Abstractions' (Plugin.Permissions.Abstractions.dll)
D/Mono    ( 9974): Assembly Plugin.Permissions.Abstractions[0xef4695c0] added to domain RootDomain, ref_count=1
D/Mono    ( 9974): AOT module 'Plugin.Permissions.Abstractions.dll.so' not found: dlopen failed: library "/data/app/com.careerbuilder.SugarDrone-1/lib/arm/libaot-Plugin.Permissions.Abstractions.dll.so" not found
D/Mono    ( 9974): AOT module '/Users/builder/data/lanes/4009/3a62f1ea/source/monodroid/builds/install/mono-armv6/lib/mono/aot-cache/arm/Plugin.Permissions.Abstractions.dll.so' not found: dlopen failed: library "/data/app/com.careerbuilder.SugarDrone-1/lib/arm/libaot-Plugin.Permissions.Abstractions.dll.so" not found
D/Mono    ( 9974): Config attempting to parse: 'Plugin.Permissions.Abstractions.dll.config'.
D/Mono    ( 9974): Config attempting to parse: '/Users/builder/data/lanes/4009/3a62f1ea/source/monodroid/builds/install/mono-armv6/etc/mono/assemblies/Plugin.Permissions.Abstractions/Plugin.Permissions.Abstractions.config'.
D/Mono    ( 9974): Image addref Plugin.Geolocator[0xef469620] -> Plugin.Geolocator.dll[0xeb877300]: 2
D/Mono    ( 9974): Prepared to set up assembly 'Plugin.Geolocator' (Plugin.Geolocator.dll)
D/Mono    ( 9974): Assembly Plugin.Geolocator[0xef469620] added to domain RootDomain, ref_count=1
D/Mono    ( 9974): AOT module 'Plugin.Geolocator.dll.so' not found: dlopen failed: library "/data/app/com.careerbuilder.SugarDrone-1/lib/arm/libaot-Plugin.Geolocator.dll.so" not found
D/Mono    ( 9974): AOT module '/Users/builder/data/lanes/4009/3a62f1ea/source/monodroid/builds/install/mono-armv6/lib/mono/aot-cache/arm/Plugin.Geolocator.dll.so' not found: dlopen failed: library "/data/app/com.careerbuilder.SugarDrone-1/lib/arm/libaot-Plugin.Geolocator.dll.so" not found
D/Mono    ( 9974): Config attempting to parse: 'Plugin.Geolocator.dll.config'.
D/Mono    ( 9974): Config attempting to parse: '/Users/builder/data/lanes/4009/3a62f1ea/source/monodroid/builds/install/mono-armv6/etc/mono/assemblies/Plugin.Geolocator/Plugin.Geolocator.config'.
D/Mono    ( 9974): Image addref Plugin.Geolocator.Abstractions[0xef469680] -> Plugin.Geolocator.Abstractions.dll[0xeb877800]: 2
D/Mono    ( 9974): Prepared to set up assembly 'Plugin.Geolocator.Abstractions' (Plugin.Geolocator.Abstractions.dll)
D/Mono    ( 9974): Assembly Plugin.Geolocator.Abstractions[0xef469680] added to domain RootDomain, ref_count=1
D/Mono    ( 9974): AOT module 'Plugin.Geolocator.Abstractions.dll.so' not found: dlopen failed: library "/data/app/com.careerbuilder.SugarDrone-1/lib/arm/libaot-Plugin.Geolocator.Abstractions.dll.so" not found
D/Mono    ( 9974): AOT module '/Users/builder/data/lanes/4009/3a62f1ea/source/monodroid/builds/install/mono-armv6/lib/mono/aot-cache/arm/Plugin.Geolocator.Abstractions.dll.so' not found: dlopen failed: library "/data/app/com.careerbuilder.SugarDrone-1/lib/arm/libaot-Plugin.Geolocator.Abstractions.dll.so" not found
D/Mono    ( 9974): Config attempting to parse: 'Plugin.Geolocator.Abstractions.dll.config'.
D/Mono    ( 9974): Config attempting to parse: '/Users/builder/data/lanes/4009/3a62f1ea/source/monodroid/builds/install/mono-armv6/etc/mono/assemblies/Plugin.Geolocator.Abstractions/Plugin.Geolocator.Abstractions.config'.
D/Mono    ( 9974): Image addref Plugin.DeviceInfo[0xef4696e0] -> Plugin.DeviceInfo.dll[0xeb877d00]: 2
D/Mono    ( 9974): Prepared to set up assembly 'Plugin.DeviceInfo' (Plugin.DeviceInfo.dll)
D/Mono    ( 9974): Assembly Plugin.DeviceInfo[0xef4696e0] added to domain RootDomain, ref_count=1
D/Mono    ( 9974): AOT module 'Plugin.DeviceInfo.dll.so' not found: dlopen failed: library "/data/app/com.careerbuilder.SugarDrone-1/lib/arm/libaot-Plugin.DeviceInfo.dll.so" not found
D/Mono    ( 9974): AOT module '/Users/builder/data/lanes/4009/3a62f1ea/source/monodroid/builds/install/mono-armv6/lib/mono/aot-cache/arm/Plugin.DeviceInfo.dll.so' not found: dlopen failed: library "/data/app/com.careerbuilder.SugarDrone-1/lib/arm/libaot-Plugin.DeviceInfo.dll.so" not found
D/Mono    ( 9974): Config attempting to parse: 'Plugin.DeviceInfo.dll.config'.
D/Mono    ( 9974): Config attempting to parse: '/Users/builder/data/lanes/4009/3a62f1ea/source/monodroid/builds/install/mono-armv6/etc/mono/assemblies/Plugin.DeviceInfo/Plugin.DeviceInfo.config'.
D/Mono    ( 9974): Image addref Plugin.DeviceInfo.Abstractions[0xef469740] -> Plugin.DeviceInfo.Abstractions.dll[0xeb878200]: 2
D/Mono    ( 9974): Prepared to set up assembly 'Plugin.DeviceInfo.Abstractions' (Plugin.DeviceInfo.Abstractions.dll)
D/Mono    ( 9974): Assembly Plugin.DeviceInfo.Abstractions[0xef469740] added to domain RootDomain, ref_count=1
D/Mono    ( 9974): AOT module 'Plugin.DeviceInfo.Abstractions.dll.so' not found: dlopen failed: library "/data/app/com.careerbuilder.SugarDrone-1/lib/arm/libaot-Plugin.DeviceInfo.Abstractions.dll.so" not found
D/Mono    ( 9974): AOT module '/Users/builder/data/lanes/4009/3a62f1ea/source/monodroid/builds/install/mono-armv6/lib/mono/aot-cache/arm/Plugin.DeviceInfo.Abstractions.dll.so' not found: dlopen failed: library "/data/app/com.careerbuilder.SugarDrone-1/lib/arm/libaot-Plugin.DeviceInfo.Abstractions.dll.so" not found
D/Mono    ( 9974): Config attempting to parse: 'Plugin.DeviceInfo.Abstractions.dll.config'.
