<![CDATA[W/Atfwd_Sendcmd(  544): AtCmdFwd service not published, waiting... retryCnt : 4

]]><xtc-scenario name="[0-1042]CareerBuilder_Search.DroidFeatureTests.JDPTests.DescriptionCardShouldNotVisible" id="[0-1042]CareerBuilder_Search.DroidFeatureTests.JDPTests.DescriptionCardShouldNotVisible"><![CDATA[

]]><xtc-step name="[0-1042]CareerBuilder_Search.DroidFeatureTests.JDPTests.DescriptionCardShouldNotVisible-DescriptionCardShouldNotVisible" id="[0-1042]CareerBuilder_Search.DroidFeatureTests.JDPTests.DescriptionCardShouldNotVisible-DescriptionCardShouldNotVisible"><![CDATA[
I/ActivityManager(  927): Killing 7261:com.google.android.apps.gcs/u0a11 (adj 15): empty #17
I/ThermalEngine(  519): ACTION: GPU - Setting GPU[0] to 510000000
I/ThermalEngine(  519): ACTION: GPU - Setting GPU[0] to 450000000
D/AndroidRuntime( 8240): >>>>>> START com.android.internal.os.RuntimeInit uid 2000 <<<<<<
D/AndroidRuntime( 8240): CheckJNI is OFF
D/ICU     ( 8240): No timezone override file found: /data/misc/zoneinfo/current/icu/icu_tzdata.dat
I/Radio-JNI( 8240): register_android_hardware_Radio DONE
D/AndroidRuntime( 8240): Calling main entry com.android.commands.pm.Pm
I/art     ( 8240): System.exit called, status: 0
I/AndroidRuntime( 8240): VM exiting with result code 0.
D/AndroidRuntime( 8340): >>>>>> START com.android.internal.os.RuntimeInit uid 2000 <<<<<<
D/AndroidRuntime( 8340): CheckJNI is OFF
D/ICU     ( 8340): No timezone override file found: /data/misc/zoneinfo/current/icu/icu_tzdata.dat
I/Radio-JNI( 8340): register_android_hardware_Radio DONE
D/AndroidRuntime( 8340): Calling main entry com.android.commands.am.Am
W/ActivityManager(  927): Invalid packageName: com.careerbuilder.SugarDrone
D/AndroidRuntime( 8340): Shutting down VM
I/ServiceManager(  544): Waiting for service AtCmdFwd...
D/NetlinkSocketObserver(  927): NeighborEvent{elapsedMs=194880, 10.22.0.1, [B0FAEB975089], RTM_NEWNEIGH, NUD_STALE}
I/ServiceManager(  544): Waiting for service AtCmdFwd...
I/ServiceManager(  544): Waiting for service AtCmdFwd...
I/ServiceManager(  544): Waiting for service AtCmdFwd...
I/ServiceManager(  544): Waiting for service AtCmdFwd...
W/Atfwd_Sendcmd(  544): AtCmdFwd service not published, waiting... retryCnt : 5
D/WifiStateMachine(  927): starting scan for "xtc-ag"WPA_PSK with 5240,5200,5180
I/ThermalEngine(  519): ACTION: GPU - Setting GPU[0] to 390000000
I/Keyboard.Facilitator.LanguageModelFlusher( 3525): run()
I/Keyboard.Facilitator( 3525): flushDynamicLanguageModels()
I/ThermalEngine(  519): ACTION: GPU - Setting GPU[0] to 450000000
I/ThermalEngine(  519): ACTION: GPU - Setting GPU[0] to 390000000
D/AndroidRuntime( 8726): >>>>>> START com.android.internal.os.RuntimeInit uid 2000 <<<<<<
D/AndroidRuntime( 8726): CheckJNI is OFF
D/ICU     ( 8726): No timezone override file found: /data/misc/zoneinfo/current/icu/icu_tzdata.dat
I/Radio-JNI( 8726): register_android_hardware_Radio DONE
D/AndroidRuntime( 8726): Calling main entry com.android.commands.pm.Pm
I/ActivityManager(  927): Start proc 8746:com.android.defcontainer/u0a7 for service com.android.defcontainer/.DefaultContainerService
D/DefContainer( 8746): Copying /data/local/tmp/0000002658 to base.apk
I/ThermalEngine(  519): ACTION: GPU - Setting GPU[0] to 450000000
I/PackageManager.DexOptimizer(  927): Running dexopt (dex2oat) on: /data/app/vmdl59876853.tmp/base.apk pkg=com.careerbuilder.SugarDrone isa=arm vmSafeMode=false debuggable=true oatDir = /data/app/vmdl59876853.tmp/oat bootComplete=true
I/dex2oat ( 8787): /system/bin/dex2oat -j2 --debuggable
W/dex2oat ( 8787): Before Android 4.1, method android.graphics.PorterDuffColorFilter android.support.graphics.drawable.VectorDrawableCompat.updateTintFilter(android.graphics.PorterDuffColorFilter, android.content.res.ColorStateList, android.graphics.PorterDuff$Mode) would have incorrectly overridden the package-private method in android.graphics.drawable.Drawable
W/dex2oat ( 8787): Before Android 4.1, method int android.support.v7.widget.ListViewCompat.lookForSelectablePosition(int, boolean) would have incorrectly overridden the package-private method in android.widget.ListView
I/ThermalEngine(  519): ACTION: GPU - Setting GPU[0] to 390000000
I/dex2oat ( 8787): dex2oat took 5.889s (threads: 2) arena alloc=642KB java alloc=5MB native alloc=20MB free=3MB
W/PackageManager(  927): Not granting permission android.permission.MANAGE_DOCUMENTS to package com.careerbuilder.SugarDrone (protectionLevel=2 flags=0x3808be46)
W/PackageManager(  927): Not granting permission android.permission.MOUNT_UNMOUNT_FILESYSTEMS to package com.careerbuilder.SugarDrone (protectionLevel=18 flags=0x3808be46)
V/BackupManagerService(  927): restoreAtInstall pkg=com.careerbuilder.SugarDrone token=5 restoreSet=0
V/BackupManagerService(  927): Finishing install immediately
W/Settings(  927): Setting install_non_market_apps has moved from android.provider.Settings.Global to android.provider.Settings.Secure, returning read-only value.
I/art     (  927): Starting a blocking GC Explicit
I/art     (  927): Explicit concurrent mark sweep GC freed 187368(12MB) AllocSpace objects, 47(2MB) LOS objects, 33% free, 30MB/46MB, paused 2.315ms total 155.378ms
I/art     ( 8726): System.exit called, status: 0
I/AndroidRuntime( 8726): VM exiting with result code 0.
I/InputReader(  927): Reconfiguring input devices.  changes=0x00000010
I/ActivityManager(  927): Start proc 8866:com.google.android.partnersetup/u0a18 for broadcast com.google.android.partnersetup/.RlzPingBroadcastReceiver
D/CarrierServiceBindHelper( 3696): Receive action: android.intent.action.PACKAGE_ADDED
D/CarrierServiceBindHelper( 3696): mHandler: 3
D/CarrierConfigLoader( 3696): mHandler: 9 phoneId: 0
W/System  ( 8866): ClassLoader referenced unknown path: /system/priv-app/GooglePartnerSetup/lib/arm64
I/ThermalEngine(  519): ACTION: GPU - Setting GPU[0] to 450000000
I/ActivityManager(  927): Start proc 8883:com.android.musicfx/u0a21 for broadcast com.android.musicfx/.Compatibility$Receiver
I/ActivityManager(  927): Killing 7412:com.android.sdm.plugins.sprintdm/1001 (adj 15): empty #17
W/System  ( 8883): ClassLoader referenced unknown path: /system/priv-app/MusicFX/lib/arm64
I/ActivityManager(  927): Start proc 8900:com.android.vending/u0a22 for broadcast com.android.vending/com.google.android.finsky.receivers.PackageMonitorReceiver$RegisteredReceiver
I/ActivityManager(  927): Killing 7430:com.android.chrome/u0a39 (adj 15): empty #17
W/System  ( 8900): ClassLoader referenced unknown path: /system/priv-app/Phonesky/lib/arm64
W/Finsky  ( 8900): [1] FinskyApp.getCurrentAccount: No account configured on this device.
D/Finsky  ( 8900): [1] FinskyApp.onCreate: Initializing network with DFE https://android.clients.google.com/fdfe/
W/Finsky  ( 8900): [1] FinskyApp.getCurrentAccount: No account configured on this device.
W/Finsky  ( 8900): [1] FinskyApp.getCurrentAccount: No account configured on this device.
W/Finsky  ( 8900): [1] FinskyApp.getCurrentAccount: No account configured on this device.
W/Finsky  ( 8900): [1] FinskyApp.getCurrentAccount: No account configured on this device.
W/Finsky  ( 8900): [1] FinskyApp.getCurrentAccount: No account configured on this device.
W/Finsky  ( 8900): [1] FinskyApp.getCurrentAccount: No account configured on this device.
W/Finsky  ( 8900): [1] FinskyApp.getCurrentAccount: No account configured on this device.
D/Finsky  ( 8900): [1] DailyHygiene.goMakeHygieneIfDirty: No need to run daily hygiene.
W/Settings( 8900): Setting download_manager_max_bytes_over_mobile has moved from android.provider.Settings.Secure to android.provider.Settings.Global.
W/Settings( 8900): Setting download_manager_recommended_max_bytes_over_mobile has moved from android.provider.Settings.Secure to android.provider.Settings.Global.
W/Finsky  ( 8900): [1] FinskyApp.getCurrentAccount: No account configured on this device.
W/Finsky  ( 8900): [1] FinskyApp.getCurrentAccount: No account configured on this device.
W/Finsky  ( 8900): [1] FinskyApp.getDfeApi: No account configured on this device.
W/Finsky  ( 8900): [1] FinskyApp.getCurrentAccount: No account configured on this device.
D/Ads     ( 8900): Skipping gmscore version check
I/ActivityManager(  927): Start proc 8936:com.google.android.apps.docs/u0a43 for broadcast com.google.android.apps.docs/.receivers.AppPackageAddRemoveReceiver
I/UpdateIcingCorporaServi( 5724): Updating corpora: APPS=com.careerbuilder.SugarDrone, CONTACTS=MAYBE
D/Finsky  ( 8900): [1] ExternalReferrer.access$200: Package state data is missing for com.careerbuilder.SugarDrone
W/System  ( 8936): ClassLoader referenced unknown path: /system/app/Drive/lib/arm64
W/Finsky  ( 8900): [1] FinskyApp.getCurrentAccount: No account configured on this device.
W/Finsky  ( 8900): [1] FinskyApp.getCurrentAccount: No account configured on this device.
D/Finsky  ( 8900): [1] GmsCoreHelper.cleanupNlp: result=false type=4
W/IcingInternalCorpora( 4419): getNumBytesRead when not calculated.
D/Finsky  ( 8900): [1] RestoreTracker.stopServiceIfDone: Restore complete with 0 success and 0 failed.
I/UpdateIcingCorporaServi( 5724): UpdateCorporaTask done [took 218 ms] updated apps [took 218 ms] 
I/Icing   ( 4419): Usage reports 0 indexed 0 rejected 0 imm upload true
W/ip      ( 8953): type=1400 audit(0.0:73): avc: denied { search } for name="net" dev="dm-2" ino=4079624 scontext=u:r:shell:s0 tcontext=u:object_r:net_data_file:s0 tclass=dir permissive=0
I/GAv4    ( 8936): Google Analytics 7.8.95 is starting up. To enable debug logging on a device run:
I/GAv4    ( 8936):   adb shell setprop log.tag.GAv4 DEBUG
I/GAv4    ( 8936):   adb logcat -s GAv4
D/AndroidRuntime( 8913): >>>>>> START com.android.internal.os.RuntimeInit uid 2000 <<<<<<
D/AndroidRuntime( 8913): CheckJNI is OFF
W/GAv4    ( 8936): AnalyticsReceiver is not registered or is disabled. Register the receiver for reliable dispatching on non-Google Play devices. See http://goo.gl/8Rd3yj for instructions.
W/GAv4    ( 8936): CampaignTrackingReceiver is not registered, not exported or is disabled. Installation campaign tracking is not possible. See http://goo.gl/8Rd3yj for instructions.
D/ICU     ( 8913): No timezone override file found: /data/misc/zoneinfo/current/icu/icu_tzdata.dat
W/AnalyticsTrackerProxyImpl( 8936): Analytics setup for ID UA-21125203-2, app name Drive, version 2.3.327.05.46
I/Radio-JNI( 8913): register_android_hardware_Radio DONE
W/GAv4    ( 8936): AnalyticsService not registered in the app manifest. Hits might not be delivered reliably. See http://goo.gl/8Rd3yj for instructions.
D/AndroidRuntime( 8913): Calling main entry com.android.commands.settings.SettingsCmd
D/AndroidRuntime( 8913): Shutting down VM
I/ActivityManager(  927): Killing 7889:com.android.providers.calendar/u0a1 (adj 15): empty #17
D/Wear_Controller( 4419): Received broadcast action=android.intent.action.PACKAGE_ADDED and uri=com.careerbuilder.SugarDrone
I/PeopleContactsSync( 4419): triggerPendingContactsCleanup: no accounts
I/Icing   ( 4419): Usage reports 0 indexed 0 rejected 0 imm upload false
I/Icing   ( 4419): Usage reports 0 indexed 0 rejected 0 imm upload false
W/linker  ( 8936): /data/app/com.google.android.gms-2/lib/arm64/libconscrypt_gmscore_jni.so: unused DT entry: type 0x1d arg 0x80
V/JNIHelp ( 8936): Registering com/google/android/gms/org/conscrypt/NativeCrypto's 242 native methods...
I/art     ( 8936): Rejecting re-init on previously-failed class java.lang.Class<com.google.android.gms.org.conscrypt.OpenSSLExtendedSessionImpl>
I/art     ( 8936): Rejecting re-init on previously-failed class java.lang.Class<com.google.android.gms.org.conscrypt.OpenSSLExtendedSessionImpl>
I/ProviderInstaller( 8936): Installed default security provider GmsCore_OpenSSL
I/Icing   ( 4419): Indexing D2F44C60488EDF2A00741AA0A7D5530FBE012947 from com.google.android.googlequicksearchbox
I/Icing   ( 4419): Indexing done D2F44C60488EDF2A00741AA0A7D5530FBE012947
D/AndroidRuntime( 8987): >>>>>> START com.android.internal.os.RuntimeInit uid 2000 <<<<<<
D/AndroidRuntime( 8987): CheckJNI is OFF
D/ICU     ( 8987): No timezone override file found: /data/misc/zoneinfo/current/icu/icu_tzdata.dat
I/Atfwd_Sendcmd(  544): AtCmdFwd service not ready - Exhausted retry attempts - :6
I/Atfwd_Daemon(  544): result : -1 	 ,Init step :2 	 ,qmiErrorCode: 0
I/Radio-JNI( 8987): register_android_hardware_Radio DONE
D/AndroidRuntime( 8987): Calling main entry com.android.commands.settings.SettingsCmd
D/AndroidRuntime( 8987): Shutting down VM
I/Icing   ( 4419): Indexing 549E45E51981BEDBC489C5B952C65EDEDC73CE58 from com.google.android.gms
I/Icing   ( 4419): Indexing done 549E45E51981BEDBC489C5B952C65EDEDC73CE58
I/ActivityManager(  927): Killing 7226:com.google.android.talk/u0a53 (adj 15): empty #17
D/AndroidRuntime( 8998): >>>>>> START com.android.internal.os.RuntimeInit uid 2000 <<<<<<
D/AndroidRuntime( 8998): CheckJNI is OFF
D/ICU     ( 8998): No timezone override file found: /data/misc/zoneinfo/current/icu/icu_tzdata.dat
I/Radio-JNI( 8998): register_android_hardware_Radio DONE
D/AndroidRuntime( 8998): Calling main entry com.android.commands.settings.SettingsCmd
D/AndroidRuntime( 8998): Shutting down VM
D/AndroidRuntime( 9008): >>>>>> START com.android.internal.os.RuntimeInit uid 2000 <<<<<<
D/AndroidRuntime( 9008): CheckJNI is OFF
D/ICU     ( 9008): No timezone override file found: /data/misc/zoneinfo/current/icu/icu_tzdata.dat
I/Radio-JNI( 9008): register_android_hardware_Radio DONE
D/AndroidRuntime( 9008): Calling main entry com.android.commands.settings.SettingsCmd
D/AndroidRuntime( 9008): Shutting down VM
D/AndroidRuntime( 9016): >>>>>> START com.android.internal.os.RuntimeInit uid 2000 <<<<<<
D/AndroidRuntime( 9016): CheckJNI is OFF
D/ICU     ( 9016): No timezone override file found: /data/misc/zoneinfo/current/icu/icu_tzdata.dat
I/Radio-JNI( 9016): register_android_hardware_Radio DONE
D/AndroidRuntime( 9016): Calling main entry com.android.commands.settings.SettingsCmd
D/AndroidRuntime( 9016): Shutting down VM
D/AndroidRuntime( 9026): >>>>>> START com.android.internal.os.RuntimeInit uid 2000 <<<<<<
D/AndroidRuntime( 9026): CheckJNI is OFF
D/ICU     ( 9026): No timezone override file found: /data/misc/zoneinfo/current/icu/icu_tzdata.dat
I/Radio-JNI( 9026): register_android_hardware_Radio DONE
D/AndroidRuntime( 9026): Calling main entry com.android.commands.appops.AppOpsCommand
D/AndroidRuntime( 9026): Shutting down VM
D/AndroidRuntime( 9035): >>>>>> START com.android.internal.os.RuntimeInit uid 2000 <<<<<<
D/AndroidRuntime( 9035): CheckJNI is OFF
D/ICU     ( 9035): No timezone override file found: /data/misc/zoneinfo/current/icu/icu_tzdata.dat
I/Radio-JNI( 9035): register_android_hardware_Radio DONE
D/AndroidRuntime( 9035): Calling main entry com.android.commands.pm.Pm
I/art     ( 9035): System.exit called, status: 0
I/AndroidRuntime( 9035): VM exiting with result code 0.
D/NetlinkSocketObserver(  927): NeighborEvent{elapsedMs=230540, 10.22.0.1, [B0FAEB975089], RTM_NEWNEIGH, NUD_REACHABLE}
I/ActivityManager(  927): Killing 7446:com.google.android.apps.photos/u0a62 (adj 15): empty #17
I/ThermalEngine(  519): ACTION: GPU - Setting GPU[0] to 510000000
D/AndroidRuntime( 9047): >>>>>> START com.android.internal.os.RuntimeInit uid 2000 <<<<<<
D/AndroidRuntime( 9047): CheckJNI is OFF
D/ICU     ( 9047): No timezone override file found: /data/misc/zoneinfo/current/icu/icu_tzdata.dat
I/Radio-JNI( 9047): register_android_hardware_Radio DONE
D/AndroidRuntime( 9047): Calling main entry com.android.commands.pm.Pm
I/art     ( 9047): System.exit called, status: 0
I/AndroidRuntime( 9047): VM exiting with result code 0.
I/ServiceManager(  544): Waiting for service AtCmdFwd...
D/AndroidRuntime( 9081): >>>>>> START com.android.internal.os.RuntimeInit uid 2000 <<<<<<
D/AndroidRuntime( 9081): CheckJNI is OFF
D/ICU     ( 9081): No timezone override file found: /data/misc/zoneinfo/current/icu/icu_tzdata.dat
I/Radio-JNI( 9081): register_android_hardware_Radio DONE
D/AndroidRuntime( 9081): Calling main entry com.android.commands.am.Am
W/ActivityManager(  927): Invalid packageName: com.careerbuilder.SugarDrone.test
D/AndroidRuntime( 9081): Shutting down VM
I/ServiceManager(  544): Waiting for service AtCmdFwd...
D/AndroidRuntime( 9091): >>>>>> START com.android.internal.os.RuntimeInit uid 2000 <<<<<<
D/AndroidRuntime( 9091): CheckJNI is OFF
D/ICU     ( 9091): No timezone override file found: /data/misc/zoneinfo/current/icu/icu_tzdata.dat
I/Radio-JNI( 9091): register_android_hardware_Radio DONE
D/AndroidRuntime( 9091): Calling main entry com.android.commands.pm.Pm
D/DefContainer( 8746): Copying /data/local/tmp/0000002659 to base.apk
I/PackageManager.DexOptimizer(  927): Running dexopt (dex2oat) on: /data/app/vmdl1477796945.tmp/base.apk pkg=com.careerbuilder.SugarDrone.test isa=arm64 vmSafeMode=false debuggable=false oatDir = /data/app/vmdl1477796945.tmp/oat bootComplete=true
I/dex2oat ( 9101): /system/bin/dex2oat -j2
I/ServiceManager(  544): Waiting for service AtCmdFwd...
W/dex2oat ( 9101): No verified method for method calling String.<init>: java.lang.String android.text.TextUtils.substring(java.lang.CharSequence, int, int)
W/dex2oat ( 9101): No verified method for method calling String.<init>: java.lang.String android.text.TextUtils.substring(java.lang.CharSequence, int, int)
I/dex2oat ( 9101): Skipping compilation of void sh.calaba.org.codehaus.jackson.impl.Utf8StreamParser._skipString(): it contains a non natural loop
I/ServiceManager(  544): Waiting for service AtCmdFwd...
D/Finsky  ( 8900): [396] AppStatesReplicator.handleContentSyncResponse: Completed 0 account content syncs with 0 successful.
D/Finsky  ( 8900): [1] ContentSyncService$5.onFinished: Installation state replication succeeded.
I/dex2oat ( 9101): dex2oat took 2.300s (threads: 2) arena alloc=2MB java alloc=2MB native alloc=9MB free=1817KB
W/PackageManager(  927): Not granting permission android.permission.ACCESS_MOCK_LOCATION to package com.careerbuilder.SugarDrone.test (protectionLevel=2 flags=0x1800be44)
I/ServiceManager(  544): Waiting for service AtCmdFwd...
V/BackupManagerService(  927): restoreAtInstall pkg=com.careerbuilder.SugarDrone.test token=6 restoreSet=0
V/BackupManagerService(  927): Finishing install immediately
W/Settings(  927): Setting install_non_market_apps has moved from android.provider.Settings.Global to android.provider.Settings.Secure, returning read-only value.
I/art     (  927): Starting a blocking GC Explicit
I/art     (  927): Explicit concurrent mark sweep GC freed 109263(6MB) AllocSpace objects, 13(296KB) LOS objects, 33% free, 30MB/45MB, paused 2.111ms total 134.848ms
I/art     ( 9091): System.exit called, status: 0
I/AndroidRuntime( 9091): VM exiting with result code 0.
I/InputReader(  927): Reconfiguring input devices.  changes=0x00000010
D/CarrierServiceBindHelper( 3696): Receive action: android.intent.action.PACKAGE_ADDED
D/CarrierServiceBindHelper( 3696): mHandler: 3
D/CarrierConfigLoader( 3696): mHandler: 9 phoneId: 0
D/Finsky  ( 8900): [1] ExternalReferrer.access$200: Package state data is missing for com.careerbuilder.SugarDrone.test
I/UpdateIcingCorporaServi( 5724): Updating corpora: APPS=com.careerbuilder.SugarDrone.test, CONTACTS=MAYBE
I/UpdateIcingCorporaServi( 5724): UpdateCorporaTask done [took 75 ms] updated apps [took 75 ms] 
D/Wear_Controller( 4419): Received broadcast action=android.intent.action.PACKAGE_ADDED and uri=com.careerbuilder.SugarDrone.test
I/PeopleContactsSync( 4419): triggerPendingContactsCleanup: no accounts
W/IcingInternalCorpora( 4419): getNumBytesRead when not calculated.
I/Icing   ( 4419): Usage reports 0 indexed 0 rejected 0 imm upload false
I/Icing   ( 4419): Usage reports 0 indexed 0 rejected 0 imm upload false
D/AndroidRuntime( 9131): >>>>>> START com.android.internal.os.RuntimeInit uid 2000 <<<<<<
D/AndroidRuntime( 9131): CheckJNI is OFF
D/ICU     ( 9131): No timezone override file found: /data/misc/zoneinfo/current/icu/icu_tzdata.dat
I/Radio-JNI( 9131): register_android_hardware_Radio DONE
D/AndroidRuntime( 9131): Calling main entry com.android.commands.settings.SettingsCmd
D/AndroidRuntime( 9131): Shutting down VM
W/Atfwd_Sendcmd(  544): AtCmdFwd service not published, waiting... retryCnt : 1
D/WifiStateMachine(  927): starting scan for "xtc-ag"WPA_PSK with 5240,5200,5180
I/Icing   ( 4419): Indexing 549E45E51981BEDBC489C5B952C65EDEDC73CE58 from com.google.android.gms
I/Icing   ( 4419): Indexing done 549E45E51981BEDBC489C5B952C65EDEDC73CE58
D/AndroidRuntime( 9143): >>>>>> START com.android.internal.os.RuntimeInit uid 2000 <<<<<<
D/AndroidRuntime( 9143): CheckJNI is OFF
D/ICU     ( 9143): No timezone override file found: /data/misc/zoneinfo/current/icu/icu_tzdata.dat
I/Radio-JNI( 9143): register_android_hardware_Radio DONE
D/AndroidRuntime( 9143): Calling main entry com.android.commands.settings.SettingsCmd
D/AndroidRuntime( 9143): Shutting down VM
D/AndroidRuntime( 9154): >>>>>> START com.android.internal.os.RuntimeInit uid 2000 <<<<<<
D/AndroidRuntime( 9154): CheckJNI is OFF
D/ICU     ( 9154): No timezone override file found: /data/misc/zoneinfo/current/icu/icu_tzdata.dat
I/Radio-JNI( 9154): register_android_hardware_Radio DONE
D/AndroidRuntime( 9154): Calling main entry com.android.commands.settings.SettingsCmd
D/AndroidRuntime( 9154): Shutting down VM
D/AndroidRuntime( 9164): >>>>>> START com.android.internal.os.RuntimeInit uid 2000 <<<<<<
D/AndroidRuntime( 9164): CheckJNI is OFF
D/ICU     ( 9164): No timezone override file found: /data/misc/zoneinfo/current/icu/icu_tzdata.dat
I/Radio-JNI( 9164): register_android_hardware_Radio DONE
D/AndroidRuntime( 9164): Calling main entry com.android.commands.settings.SettingsCmd
D/AndroidRuntime( 9164): Shutting down VM
D/AndroidRuntime( 9172): >>>>>> START com.android.internal.os.RuntimeInit uid 2000 <<<<<<
D/AndroidRuntime( 9172): CheckJNI is OFF
D/ICU     ( 9172): No timezone override file found: /data/misc/zoneinfo/current/icu/icu_tzdata.dat
I/Radio-JNI( 9172): register_android_hardware_Radio DONE
D/AndroidRuntime( 9172): Calling main entry com.android.commands.settings.SettingsCmd
D/AndroidRuntime( 9172): Shutting down VM
D/AndroidRuntime( 9181): >>>>>> START com.android.internal.os.RuntimeInit uid 2000 <<<<<<
D/AndroidRuntime( 9181): CheckJNI is OFF
D/ICU     ( 9181): No timezone override file found: /data/misc/zoneinfo/current/icu/icu_tzdata.dat
I/Radio-JNI( 9181): register_android_hardware_Radio DONE
D/AndroidRuntime( 9181): Calling main entry com.android.commands.appops.AppOpsCommand
D/AndroidRuntime( 9181): Shutting down VM
I/ServiceManager(  544): Waiting for service AtCmdFwd...
D/AndroidRuntime( 9190): >>>>>> START com.android.internal.os.RuntimeInit uid 2000 <<<<<<
D/AndroidRuntime( 9190): CheckJNI is OFF
D/ICU     ( 9190): No timezone override file found: /data/misc/zoneinfo/current/icu/icu_tzdata.dat
I/Radio-JNI( 9190): register_android_hardware_Radio DONE
D/AndroidRuntime( 9190): Calling main entry com.android.commands.pm.Pm
I/art     ( 9190): System.exit called, status: 0
I/AndroidRuntime( 9190): VM exiting with result code 0.
I/ServiceManager(  544): Waiting for service AtCmdFwd...
I/ServiceManager(  544): Waiting for service AtCmdFwd...
D/AndroidRuntime( 9202): >>>>>> START com.android.internal.os.RuntimeInit uid 2000 <<<<<<
D/AndroidRuntime( 9202): CheckJNI is OFF
D/ICU     ( 9202): No timezone override file found: /data/misc/zoneinfo/current/icu/icu_tzdata.dat
I/Radio-JNI( 9202): register_android_hardware_Radio DONE
D/AndroidRuntime( 9202): Calling main entry com.android.commands.pm.Pm
I/art     ( 9202): System.exit called, status: 0
I/AndroidRuntime( 9202): VM exiting with result code 0.
I/ServiceManager(  544): Waiting for service AtCmdFwd...
I/ServiceManager(  544): Waiting for service AtCmdFwd...
W/Atfwd_Sendcmd(  544): AtCmdFwd service not published, waiting... retryCnt : 2
D/AndroidRuntime( 9224): >>>>>> START com.android.internal.os.RuntimeInit uid 2000 <<<<<<
D/AndroidRuntime( 9224): CheckJNI is OFF
D/ICU     ( 9224): No timezone override file found: /data/misc/zoneinfo/current/icu/icu_tzdata.dat
I/Radio-JNI( 9224): register_android_hardware_Radio DONE
D/AndroidRuntime( 9224): Calling main entry com.android.commands.input.Input
I/Input   ( 9224): injectKeyEvent: KeyEvent { action=ACTION_DOWN, keyCode=KEYCODE_BACK, scanCode=0, metaState=0, flags=0x0, repeatCount=0, eventTime=250195, downTime=250195, deviceId=-1, source=0x101 }
I/Input   ( 9224): injectKeyEvent: KeyEvent { action=ACTION_UP, keyCode=KEYCODE_BACK, scanCode=0, metaState=0, flags=0x0, repeatCount=0, eventTime=250195, downTime=250195, deviceId=-1, source=0x101 }
D/EmojiAltPhysicalKeyDetector( 3525): onKeyUp() : KeyEvent { action=ACTION_UP, keyCode=KEYCODE_BACK, scanCode=0, metaState=0, flags=0x0, repeatCount=0, eventTime=250195, downTime=250195, deviceId=-1, source=0x101 }
D/EmojiAltPhysicalKeyDetector( 3525): onKeyUp() : Disabled
D/AndroidRuntime( 9224): Shutting down VM
I/ThermalEngine(  519): ACTION: GPU - Setting GPU[0] to 600000000
D/AndroidRuntime( 9249): >>>>>> START com.android.internal.os.RuntimeInit uid 2000 <<<<<<
D/AndroidRuntime( 9249): CheckJNI is OFF
D/ICU     ( 9249): No timezone override file found: /data/misc/zoneinfo/current/icu/icu_tzdata.dat
I/Radio-JNI( 9249): register_android_hardware_Radio DONE
D/AndroidRuntime( 9249): Calling main entry com.android.commands.input.Input
I/Input   ( 9249): injectKeyEvent: KeyEvent { action=ACTION_DOWN, keyCode=KEYCODE_HOME, scanCode=0, metaState=0, flags=0x0, repeatCount=0, eventTime=251887, downTime=251887, deviceId=-1, source=0x101 }
I/Input   ( 9249): injectKeyEvent: KeyEvent { action=ACTION_UP, keyCode=KEYCODE_HOME, scanCode=0, metaState=0, flags=0x0, repeatCount=0, eventTime=251887, downTime=251887, deviceId=-1, source=0x101 }
I/ActivityManager(  927): START u0 {act=android.intent.action.MAIN cat=[android.intent.category.HOME] flg=0x10200000 cmp=com.google.android.googlequicksearchbox/com.google.android.launcher.GEL (has extras)} from uid 1000 on display 0
I/ThermalEngine(  519): ACTION: GPU - Setting GPU[0] to 510000000
D/AndroidRuntime( 9249): Shutting down VM
I/GEL     ( 3731): handleIntent(Intent { act=android.intent.action.MAIN cat=[android.intent.category.HOME] flg=0x10200000 cmp=com.google.android.googlequicksearchbox/com.google.android.launcher.GEL (has extras) })
D/AndroidRuntime( 9262): >>>>>> START com.android.internal.os.RuntimeInit uid 2000 <<<<<<
D/AndroidRuntime( 9262): CheckJNI is OFF
D/ICU     ( 9262): No timezone override file found: /data/misc/zoneinfo/current/icu/icu_tzdata.dat
I/Radio-JNI( 9262): register_android_hardware_Radio DONE
D/AndroidRuntime( 9262): Calling main entry com.android.commands.input.Input
I/Input   ( 9262): injectKeyEvent: KeyEvent { action=ACTION_DOWN, keyCode=KEYCODE_BACK, scanCode=0, metaState=0, flags=0x0, repeatCount=0, eventTime=253187, downTime=253187, deviceId=-1, source=0x101 }
I/Input   ( 9262): injectKeyEvent: KeyEvent { action=ACTION_UP, keyCode=KEYCODE_BACK, scanCode=0, metaState=0, flags=0x0, repeatCount=0, eventTime=253187, downTime=253187, deviceId=-1, source=0x101 }
D/EmojiAltPhysicalKeyDetector( 3525): onKeyUp() : KeyEvent { action=ACTION_UP, keyCode=KEYCODE_BACK, scanCode=0, metaState=0, flags=0x0, repeatCount=0, eventTime=253187, downTime=253187, deviceId=-1, source=0x101 }
D/EmojiAltPhysicalKeyDetector( 3525): onKeyUp() : Disabled
D/AndroidRuntime( 9262): Shutting down VM
D/NetlinkSocketObserver(  927): NeighborEvent{elapsedMs=253280, 10.22.0.1, [B0FAEB975089], RTM_NEWNEIGH, NUD_STALE}
D/Finsky  ( 8900): [396] AppStatesReplicator.handleContentSyncResponse: Completed 0 account content syncs with 0 successful.
D/Finsky  ( 8900): [1] ContentSyncService$5.onFinished: Installation state replication succeeded.
D/AndroidRuntime( 9278): >>>>>> START com.android.internal.os.RuntimeInit uid 2000 <<<<<<
D/AndroidRuntime( 9278): CheckJNI is OFF
D/ICU     ( 9278): No timezone override file found: /data/misc/zoneinfo/current/icu/icu_tzdata.dat
I/Radio-JNI( 9278): register_android_hardware_Radio DONE
D/AndroidRuntime( 9278): Calling main entry com.android.commands.am.Am
I/ActivityManager(  927): Force stopping com.careerbuilder.SugarDrone appid=18049 user=0: start instr
I/ActivityManager(  927): Start proc 9287:com.careerbuilder.SugarDrone/u0a8049 for added application com.careerbuilder.SugarDrone
I/art     ( 9287): Late-enabling -Xcheck:jni
E/dex2oat ( 9300): Failed to create oat file: /data/dalvik-cache/arm/data@app@com.careerbuilder.SugarDrone.test-1@base.apk@classes.dex: Permission denied
I/dex2oat ( 9300): dex2oat took 842.135us (threads: 2) 
W/art     ( 9287): Failed execv(/system/bin/dex2oat --runtime-arg -classpath --runtime-arg  --instruction-set=arm --instruction-set-features=smp,div,-atomic_ldrd_strd --runtime-arg -Xrelocate --boot-image=/system/framework/boot.art --runtime-arg -Xms64m --runtime-arg -Xmx512m -j2 --instruction-set-variant=cortex-a7 --instruction-set-features=default --dex-file=/data/app/com.careerbuilder.SugarDrone.test-1/base.apk --oat-file=/data/dalvik-cache/arm/data@app@com.careerbuilder.SugarDrone.test-1@base.apk@classes.dex) because non-0 exit status
W/System  ( 9287): ClassLoader referenced unknown path: /data/app/com.careerbuilder.SugarDrone.test-1/lib/arm64
W/monodroid( 9287): Using override path: /data/user/0/com.careerbuilder.SugarDrone/files/.__override__
W/monodroid( 9287): Trying to load sgen from: /data/user/0/com.careerbuilder.SugarDrone/files/.__override__/libmonosgen-2.0.so
W/monodroid( 9287): Trying to load sgen from: /storage/emulated/0/Android/data/com.careerbuilder.SugarDrone/files/.__override__/libmonosgen-2.0.so
W/monodroid( 9287): Trying to load sgen from: /data/app/com.careerbuilder.SugarDrone-1/lib/arm/libmonosgen-2.0.so
D/Mono    ( 9287): Image addref mscorlib[0xeb86d020] -> mscorlib.dll[0xecffbd00]: 2
D/Mono    ( 9287): Prepared to set up assembly 'mscorlib' (mscorlib.dll)
D/Mono    ( 9287): AOT module 'mscorlib.dll.so' not found: dlopen failed: library "/data/app/com.careerbuilder.SugarDrone-1/lib/arm/libaot-mscorlib.dll.so" not found
D/Mono    ( 9287): AOT module '/Users/builder/data/lanes/4009/3a62f1ea/source/monodroid/builds/install/mono-armv6/lib/mono/aot-cache/arm/mscorlib.dll.so' not found: dlopen failed: library "/data/app/com.careerbuilder.SugarDrone-1/lib/arm/libaot-mscorlib.dll.so" not found
D/Mono    ( 9287): Config attempting to parse: 'mscorlib.dll.config'.
D/Mono    ( 9287): Config attempting to parse: '/Users/builder/data/lanes/4009/3a62f1ea/source/monodroid/builds/install/mono-armv6/etc/mono/assemblies/mscorlib/mscorlib.config'.
D/Mono    ( 9287): Assembly mscorlib[0xeb86d020] added to domain RootDomain, ref_count=1
D/Mono    ( 9287): Image addref CareerBuilder_Search.Droid[0xeb86d080] -> CareerBuilder_Search.Droid.dll[0xecffcc00]: 2
D/Mono    ( 9287): Prepared to set up assembly 'CareerBuilder_Search.Droid' (CareerBuilder_Search.Droid.dll)
D/Mono    ( 9287): Assembly CareerBuilder_Search.Droid[0xeb86d080] added to domain RootDomain, ref_count=1
D/Mono    ( 9287): AOT module 'CareerBuilder_Search.Droid.dll.so' not found: dlopen failed: library "/data/app/com.careerbuilder.SugarDrone-1/lib/arm/libaot-CareerBuilder_Search.Droid.dll.so" not found
D/Mono    ( 9287): AOT module '/Users/builder/data/lanes/4009/3a62f1ea/source/monodroid/builds/install/mono-armv6/lib/mono/aot-cache/arm/CareerBuilder_Search.Droid.dll.so' not found: dlopen failed: library "/data/app/com.careerbuilder.SugarDrone-1/lib/arm/libaot-CareerBuilder_Search.Droid.dll.so" not found
D/Mono    ( 9287): Config attempting to parse: 'CareerBuilder_Search.Droid.dll.config'.
D/Mono    ( 9287): Config attempting to parse: '/Users/builder/data/lanes/4009/3a62f1ea/source/monodroid/builds/install/mono-armv6/etc/mono/assemblies/CareerBuilder_Search.Droid/CareerBuilder_Search.Droid.config'.
D/Mono    ( 9287): Image addref AppsFlyerXamarinBindingAndroid[0xeb86d0e0] -> AppsFlyerXamarinBindingAndroid.dll[0xf5136f00]: 2
D/Mono    ( 9287): Prepared to set up assembly 'AppsFlyerXamarinBindingAndroid' (AppsFlyerXamarinBindingAndroid.dll)
D/Mono    ( 9287): Assembly AppsFlyerXamarinBindingAndroid[0xeb86d0e0] added to domain RootDomain, ref_count=1
D/Mono    ( 9287): AOT module 'AppsFlyerXamarinBindingAndroid.dll.so' not found: dlopen failed: library "/data/app/com.careerbuilder.SugarDrone-1/lib/arm/libaot-AppsFlyerXamarinBindingAndroid.dll.so" not found
D/Mono    ( 9287): AOT module '/Users/builder/data/lanes/4009/3a62f1ea/source/monodroid/builds/install/mono-armv6/lib/mono/aot-cache/arm/AppsFlyerXamarinBindingAndroid.dll.so' not found: dlopen failed: library "/data/app/com.careerbuilder.SugarDrone-1/lib/arm/libaot-AppsFlyerXamarinBindingAndroid.dll.so" not found
D/Mono    ( 9287): Config attempting to parse: 'AppsFlyerXamarinBindingAndroid.dll.config'.
D/Mono    ( 9287): Config attempting to parse: '/Users/builder/data/lanes/4009/3a62f1ea/source/monodroid/builds/install/mono-armv6/etc/mono/assemblies/AppsFlyerXamarinBindingAndroid/AppsFlyerXamarinBindingAndroid.config'.
D/Mono    ( 9287): Image addref HockeySDK[0xeb86d140] -> HockeySDK.dll[0xf5137400]: 2
D/Mono    ( 9287): Prepared to set up assembly 'HockeySDK' (HockeySDK.dll)
D/Mono    ( 9287): Assembly HockeySDK[0xeb86d140] added to domain RootDomain, ref_count=1
D/Mono    ( 9287): AOT module 'HockeySDK.dll.so' not found: dlopen failed: library "/data/app/com.careerbuilder.SugarDrone-1/lib/arm/libaot-HockeySDK.dll.so" not found
D/Mono    ( 9287): AOT module '/Users/builder/data/lanes/4009/3a62f1ea/source/monodroid/builds/install/mono-armv6/lib/mono/aot-cache/arm/HockeySDK.dll.so' not found: dlopen failed: library "/data/app/com.careerbuilder.SugarDrone-1/lib/arm/libaot-HockeySDK.dll.so" not found
D/Mono    ( 9287): Config attempting to parse: 'HockeySDK.dll.config'.
D/Mono    ( 9287): Config attempting to parse: '/Users/builder/data/lanes/4009/3a62f1ea/source/monodroid/builds/install/mono-armv6/etc/mono/assemblies/HockeySDK/HockeySDK.config'.
D/Mono    ( 9287): Image addref Akavache[0xeb86d1a0] -> Akavache.dll[0xf5137900]: 2
D/Mono    ( 9287): Prepared to set up assembly 'Akavache' (Akavache.dll)
D/Mono    ( 9287): Assembly Akavache[0xeb86d1a0] added to domain RootDomain, ref_count=1
D/Mono    ( 9287): AOT module 'Akavache.dll.so' not found: dlopen failed: library "/data/app/com.careerbuilder.SugarDrone-1/lib/arm/libaot-Akavache.dll.so" not found
D/Mono    ( 9287): AOT module '/Users/builder/data/lanes/4009/3a62f1ea/source/monodroid/builds/install/mono-armv6/lib/mono/aot-cache/arm/Akavache.dll.so' not found: dlopen failed: library "/data/app/com.careerbuilder.SugarDrone-1/lib/arm/libaot-Akavache.dll.so" not found
D/Mono    ( 9287): Config attempting to parse: 'Akavache.dll.config'.
D/Mono    ( 9287): Config attempting to parse: '/Users/builder/data/lanes/4009/3a62f1ea/source/monodroid/builds/install/mono-armv6/etc/mono/assemblies/Akavache/Akavache.config'.
D/Mono    ( 9287): Image addref Akavache.Sqlite3[0xeb86d200] -> Akavache.Sqlite3.dll[0xea4cb000]: 2
D/Mono    ( 9287): Prepared to set up assembly 'Akavache.Sqlite3' (Akavache.Sqlite3.dll)
D/Mono    ( 9287): Assembly Akavache.Sqlite3[0xeb86d200] added to domain RootDomain, ref_count=1
D/Mono    ( 9287): AOT module 'Akavache.Sqlite3.dll.so' not found: dlopen failed: library "/data/app/com.careerbuilder.SugarDrone-1/lib/arm/libaot-Akavache.Sqlite3.dll.so" not found
D/Mono    ( 9287): AOT module '/Users/builder/data/lanes/4009/3a62f1ea/source/monodroid/builds/install/mono-armv6/lib/mono/aot-cache/arm/Akavache.Sqlite3.dll.so' not found: dlopen failed: library "/data/app/com.careerbuilder.SugarDrone-1/lib/arm/libaot-Akavache.Sqlite3.dll.so" not found
W/        ( 9287): Symbol file LoadedFromMemory doesn't match image Akavache.Sqlite3.dll
D/Mono    ( 9287): Config attempting to parse: 'Akavache.Sqlite3.dll.config'.
D/Mono    ( 9287): Config attempting to parse: '/Users/builder/data/lanes/4009/3a62f1ea/source/monodroid/builds/install/mono-armv6/etc/mono/assemblies/Akavache.Sqlite3/Akavache.Sqlite3.config'.
D/Mono    ( 9287): Image addref Splat[0xeb86d3e0] -> Splat.dll[0xea4cb500]: 2
D/Mono    ( 9287): Prepared to set up assembly 'Splat' (Splat.dll)
D/Mono    ( 9287): Assembly Splat[0xeb86d3e0] added to domain RootDomain, ref_count=1
D/Mono    ( 9287): AOT module 'Splat.dll.so' not found: dlopen failed: library "/data/app/com.careerbuilder.SugarDrone-1/lib/arm/libaot-Splat.dll.so" not found
D/Mono    ( 9287): AOT module '/Users/builder/data/lanes/4009/3a62f1ea/source/monodroid/builds/install/mono-armv6/lib/mono/aot-cache/arm/Splat.dll.so' not found: dlopen failed: library "/data/app/com.careerbuilder.SugarDrone-1/lib/arm/libaot-Splat.dll.so" not found
D/Mono    ( 9287): Config attempting to parse: 'Splat.dll.config'.
D/Mono    ( 9287): Config attempting to parse: '/Users/builder/data/lanes/4009/3a62f1ea/source/monodroid/builds/install/mono-armv6/etc/mono/assemblies/Splat/Splat.config'.
D/Mono    ( 9287): Image addref Microsoft.Practices.ServiceLocation[0xeb86d440] -> Microsoft.Practices.ServiceLocation.dll[0xea4cba00]: 2
D/Mono    ( 9287): Prepared to set up assembly 'Microsoft.Practices.ServiceLocation' (Microsoft.Practices.ServiceLocation.dll)
D/Mono    ( 9287): Assembly Microsoft.Practices.ServiceLocation[0xeb86d440] added to domain RootDomain, ref_count=1
D/Mono    ( 9287): AOT module 'Microsoft.Practices.ServiceLocation.dll.so' not found: dlopen failed: library "/data/app/com.careerbuilder.SugarDrone-1/lib/arm/libaot-Microsoft.Practices.ServiceLocation.dll.so" not found
D/Mono    ( 9287): AOT module '/Users/builder/data/lanes/4009/3a62f1ea/source/monodroid/builds/install/mono-armv6/lib/mono/aot-cache/arm/Microsoft.Practices.ServiceLocation.dll.so' not found: dlopen failed: library "/data/app/com.careerbuilder.SugarDrone-1/lib/arm/libaot-Microsoft.Practices.ServiceLocation.dll.so" not found
D/Mono    ( 9287): Config attempting to parse: 'Microsoft.Practices.ServiceLocation.dll.config'.
D/Mono    ( 9287): Config attempting to parse: '/Users/builder/data/lanes/4009/3a62f1ea/source/monodroid/builds/install/mono-armv6/etc/mono/assemblies/Microsoft.Practices.ServiceLocation/Microsoft.Practices.ServiceLocation.config'.
D/Mono    ( 9287): Image addref Microsoft.Practices.Unity[0xeb86d4a0] -> Microsoft.Practices.Unity.dll[0xea4cbf00]: 2
D/Mono    ( 9287): Prepared to set up assembly 'Microsoft.Practices.Unity' (Microsoft.Practices.Unity.dll)
D/Mono    ( 9287): Assembly Microsoft.Practices.Unity[0xeb86d4a0] added to domain RootDomain, ref_count=1
D/Mono    ( 9287): AOT module 'Microsoft.Practices.Unity.dll.so' not found: dlopen failed: library "/data/app/com.careerbuilder.SugarDrone-1/lib/arm/libaot-Microsoft.Practices.Unity.dll.so" not found
D/Mono    ( 9287): AOT module '/Users/builder/data/lanes/4009/3a62f1ea/source/monodroid/builds/install/mono-armv6/lib/mono/aot-cache/arm/Microsoft.Practices.Unity.dll.so' not found: dlopen failed: library "/data/app/com.careerbuilder.SugarDrone-1/lib/arm/libaot-Microsoft.Practices.Unity.dll.so" not found
D/Mono    ( 9287): Config attempting to parse: 'Microsoft.Practices.Unity.dll.config'.
D/Mono    ( 9287): Config attempting to parse: '/Users/builder/data/lanes/4009/3a62f1ea/source/monodroid/builds/install/mono-armv6/etc/mono/assemblies/Microsoft.Practices.Unity/Microsoft.Practices.Unity.config'.
D/Mono    ( 9287): Image addref Plugin.CurrentActivity[0xeb86d500] -> Plugin.CurrentActivity.dll[0xea4cc400]: 2
D/Mono    ( 9287): Prepared to set up assembly 'Plugin.CurrentActivity' (Plugin.CurrentActivity.dll)
D/Mono    ( 9287): Assembly Plugin.CurrentActivity[0xeb86d500] added to domain RootDomain, ref_count=1
D/Mono    ( 9287): AOT module 'Plugin.CurrentActivity.dll.so' not found: dlopen failed: library "/data/app/com.careerbuilder.SugarDrone-1/lib/arm/libaot-Plugin.CurrentActivity.dll.so" not found
D/Mono    ( 9287): AOT module '/Users/builder/data/lanes/4009/3a62f1ea/source/monodroid/builds/install/mono-armv6/lib/mono/aot-cache/arm/Plugin.CurrentActivity.dll.so' not found: dlopen failed: library "/data/app/com.careerbuilder.SugarDrone-1/lib/arm/libaot-Plugin.CurrentActivity.dll.so" not found
D/Mono    ( 9287): Config attempting to parse: 'Plugin.CurrentActivity.dll.config'.
D/Mono    ( 9287): Config attempting to parse: '/Users/builder/data/lanes/4009/3a62f1ea/source/monodroid/builds/install/mono-armv6/etc/mono/assemblies/Plugin.CurrentActivity/Plugin.CurrentActivity.config'.
D/Mono    ( 9287): Image addref Plugin.Permissions[0xeb86d560] -> Plugin.Permissions.dll[0xea4cc900]: 2
D/Mono    ( 9287): Prepared to set up assembly 'Plugin.Permissions' (Plugin.Permissions.dll)
D/Mono    ( 9287): Assembly Plugin.Permissions[0xeb86d560] added to domain RootDomain, ref_count=1
D/Mono    ( 9287): AOT module 'Plugin.Permissions.dll.so' not found: dlopen failed: library "/data/app/com.careerbuilder.SugarDrone-1/lib/arm/libaot-Plugin.Permissions.dll.so" not found
D/Mono    ( 9287): AOT module '/Users/builder/data/lanes/4009/3a62f1ea/source/monodroid/builds/install/mono-armv6/lib/mono/aot-cache/arm/Plugin.Permissions.dll.so' not found: dlopen failed: library "/data/app/com.careerbuilder.SugarDrone-1/lib/arm/libaot-Plugin.Permissions.dll.so" not found
D/Mono    ( 9287): Config attempting to parse: 'Plugin.Permissions.dll.config'.
D/Mono    ( 9287): Config attempting to parse: '/Users/builder/data/lanes/4009/3a62f1ea/source/monodroid/builds/install/mono-armv6/etc/mono/assemblies/Plugin.Permissions/Plugin.Permissions.config'.
D/Mono    ( 9287): Image addref Plugin.Permissions.Abstractions[0xeb86d5c0] -> Plugin.Permissions.Abstractions.dll[0xea4cce00]: 2
D/Mono    ( 9287): Prepared to set up assembly 'Plugin.Permissions.Abstractions' (Plugin.Permissions.Abstractions.dll)
D/Mono    ( 9287): Assembly Plugin.Permissions.Abstractions[0xeb86d5c0] added to domain RootDomain, ref_count=1
D/Mono    ( 9287): AOT module 'Plugin.Permissions.Abstractions.dll.so' not found: dlopen failed: library "/data/app/com.careerbuilder.SugarDrone-1/lib/arm/libaot-Plugin.Permissions.Abstractions.dll.so" not found
D/Mono    ( 9287): AOT module '/Users/builder/data/lanes/4009/3a62f1ea/source/monodroid/builds/install/mono-armv6/lib/mono/aot-cache/arm/Plugin.Permissions.Abstractions.dll.so' not found: dlopen failed: library "/data/app/com.careerbuilder.SugarDrone-1/lib/arm/libaot-Plugin.Permissions.Abstractions.dll.so" not found
D/Mono    ( 9287): Config attempting to parse: 'Plugin.Permissions.Abstractions.dll.config'.
D/Mono    ( 9287): Config attempting to parse: '/Users/builder/data/lanes/4009/3a62f1ea/source/monodroid/builds/install/mono-armv6/etc/mono/assemblies/Plugin.Permissions.Abstractions/Plugin.Permissions.Abstractions.config'.
D/Mono    ( 9287): Image addref Plugin.Geolocator[0xeb86d620] -> Plugin.Geolocator.dll[0xea4cd300]: 2
D/Mono    ( 9287): Prepared to set up assembly 'Plugin.Geolocator' (Plugin.Geolocator.dll)
D/Mono    ( 9287): Assembly Plugin.Geolocator[0xeb86d620] added to domain RootDomain, ref_count=1
D/Mono    ( 9287): AOT module 'Plugin.Geolocator.dll.so' not found: dlopen failed: library "/data/app/com.careerbuilder.SugarDrone-1/lib/arm/libaot-Plugin.Geolocator.dll.so" not found
D/Mono    ( 9287): AOT module '/Users/builder/data/lanes/4009/3a62f1ea/source/monodroid/builds/install/mono-armv6/lib/mono/aot-cache/arm/Plugin.Geolocator.dll.so' not found: dlopen failed: library "/data/app/com.careerbuilder.SugarDrone-1/lib/arm/libaot-Plugin.Geolocator.dll.so" not found
D/Mono    ( 9287): Config attempting to parse: 'Plugin.Geolocator.dll.config'.
D/Mono    ( 9287): Config attempting to parse: '/Users/builder/data/lanes/4009/3a62f1ea/source/monodroid/builds/install/mono-armv6/etc/mono/assemblies/Plugin.Geolocator/Plugin.Geolocator.config'.
D/Mono    ( 9287): Image addref Plugin.Geolocator.Abstractions[0xeb86d680] -> Plugin.Geolocator.Abstractions.dll[0xea4cd800]: 2
D/Mono    ( 9287): Prepared to set up assembly 'Plugin.Geolocator.Abstractions' (Plugin.Geolocator.Abstractions.dll)
D/Mono    ( 9287): Assembly Plugin.Geolocator.Abstractions[0xeb86d680] added to domain RootDomain, ref_count=1
D/Mono    ( 9287): AOT module 'Plugin.Geolocator.Abstractions.dll.so' not found: dlopen failed: library "/data/app/com.careerbuilder.SugarDrone-1/lib/arm/libaot-Plugin.Geolocator.Abstractions.dll.so" not found
D/Mono    ( 9287): AOT module '/Users/builder/data/lanes/4009/3a62f1ea/source/monodroid/builds/install/mono-armv6/lib/mono/aot-cache/arm/Plugin.Geolocator.Abstractions.dll.so' not found: dlopen failed: library "/data/app/com.careerbuilder.SugarDrone-1/lib/arm/libaot-Plugin.Geolocator.Abstractions.dll.so" not found
D/Mono    ( 9287): Config attempting to parse: 'Plugin.Geolocator.Abstractions.dll.config'.
D/Mono    ( 9287): Config attempting to parse: '/Users/builder/data/lanes/4009/3a62f1ea/source/monodroid/builds/install/mono-armv6/etc/mono/assemblies/Plugin.Geolocator.Abstractions/Plugin.Geolocator.Abstractions.config'.
D/Mono    ( 9287): Image addref Plugin.DeviceInfo[0xeb86d6e0] -> Plugin.DeviceInfo.dll[0xea4cdd00]: 2
D/Mono    ( 9287): Prepared to set up assembly 'Plugin.DeviceInfo' (Plugin.DeviceInfo.dll)
D/Mono    ( 9287): Assembly Plugin.DeviceInfo[0xeb86d6e0] added to domain RootDomain, ref_count=1
D/Mono    ( 9287): AOT module 'Plugin.DeviceInfo.dll.so' not found: dlopen failed: library "/data/app/com.careerbuilder.SugarDrone-1/lib/arm/libaot-Plugin.DeviceInfo.dll.so" not found
D/Mono    ( 9287): AOT module '/Users/builder/data/lanes/4009/3a62f1ea/source/monodroid/builds/install/mono-armv6/lib/mono/aot-cache/arm/Plugin.DeviceInfo.dll.so' not found: dlopen failed: library "/data/app/com.careerbuilder.SugarDrone-1/lib/arm/libaot-Plugin.DeviceInfo.dll.so" not found
D/Mono    ( 9287): Config attempting to parse: 'Plugin.DeviceInfo.dll.config'.
D/Mono    ( 9287): Config attempting to parse: '/Users/builder/data/lanes/4009/3a62f1ea/source/monodroid/builds/install/mono-armv6/etc/mono/assemblies/Plugin.DeviceInfo/Plugin.DeviceInfo.config'.
D/Mono    ( 9287): Image addref Plugin.DeviceInfo.Abstractions[0xeb86d740] -> Plugin.DeviceInfo.Abstractions.dll[0xea4ce200]: 2
D/Mono    ( 9287): Prepared to set up assembly 'Plugin.DeviceInfo.Abstractions' (Plugin.DeviceInfo.Abstractions.dll)
D/Mono    ( 9287): Assembly Plugin.DeviceInfo.Abstractions[0xeb86d740] added to domain RootDomain, ref_count=1
D/Mono    ( 9287): AOT module 'Plugin.DeviceInfo.Abstractions.dll.so' not found: dlopen failed: library "/data/app/com.careerbuilder.SugarDrone-1/lib/arm/libaot-Plugin.DeviceInfo.Abstractions.dll.so" not found
D/Mono    ( 9287): AOT module '/Users/builder/data/lanes/4009/3a62f1ea/source/monodroid/builds/install/mono-armv6/lib/mono/aot-cache/arm/Plugin.DeviceInfo.Abstractions.dll.so' not found: dlopen failed: library "/data/app/com.careerbuilder.SugarDrone-1/lib/arm/libaot-Plugin.DeviceInfo.Abstractions.dll.so" not found
D/Mono    ( 9287): Config attempting to parse: 'Plugin.DeviceInfo.Abstractions.dll.config'.
D/Mono    ( 9287): Config attempting to parse: '/Users/builder/data/lanes/4009/3a62f1ea/source/monodroid/builds/install/mono-armv6/etc/mono/assemblies/Plugin.DeviceInfo.Abstractions/Plugin.DeviceInfo.Abstractions.config'.
D/Mono    ( 9287): Image addref Xamarin.GooglePlayServices.Analytics[0xeb86d7a0] -> Xamarin.GooglePlayServices.Analytics.dll[0xea4ce700]: 2
D/Mono    ( 9287): Prepared to set up assembly 'Xamarin.GooglePlayServices.Analytics' (Xamarin.GooglePlayServices.Analytics.dll)
D/Mono    ( 9287): Assembly Xamarin.GooglePlayServices.Analytics[0xeb86d7a0] added to domain RootDomain, ref_count=1
D/Mono    ( 9287): AOT module 'Xamarin.GooglePlayServices.Analytics.dll.so' not found: dlopen failed: library "/data/app/com.careerbuilder.SugarDrone-1/lib/arm/libaot-Xamarin.GooglePlayServices.Analytics.dll.so" not found
D/Mono    ( 9287): AOT module '/Users/builder/data/lanes/4009/3a62f1ea/source/monodroid/builds/install/mono-armv6/lib/mono/aot-cache/arm/Xamarin.GooglePlayServices.Analytics.dll.so' not found: dlopen failed: library "/data/app/com.careerbuilder.SugarDrone-1/lib/arm/libaot-Xamarin.GooglePlayServices.Analytics.dll.so" not found
D/Mono    ( 9287): Config attempting to parse: 'Xamarin.GooglePlayServices.Analytics.dll.config'.
D/Mono    ( 9287): Config attempting to parse: '/Users/builder/data/lanes/4009/3a62f1ea/source/monodroid/builds/install/mono-armv6/etc/mono/assemblies/Xamarin.GooglePlayServices.Analytics/Xamarin.GooglePlayServices.Analytics.config'.
D/Mono    ( 9287): Image addref Xamarin.GooglePlayServices.Base[0xeb86d800] -> Xamarin.GooglePlayServices.Base.dll[0xea4cec00]: 2
D/Mono    ( 9287): Prepared to set up assembly 'Xamarin.GooglePlayServices.Base' (Xamarin.GooglePlayServices.Base.dll)
D/Mono    ( 9287): Assembly Xamarin.GooglePlayServices.Base[0xeb86d800] added to domain RootDomain, ref_count=1
D/Mono    ( 9287): AOT module 'Xamarin.GooglePlayServices.Base.dll.so' not found: dlopen failed: library "/data/app/com.careerbuilder.SugarDrone-1/lib/arm/libaot-Xamarin.GooglePlayServices.Base.dll.so" not found
D/Mono    ( 9287): AOT module '/Users/builder/data/lanes/4009/3a62f1ea/source/monodroid/builds/install/mono-armv6/lib/mono/aot-cache/arm/Xamarin.GooglePlayServices.Base.dll.so' not found: dlopen failed: library "/data/app/com.careerbuilder.SugarDrone-1/lib/arm/libaot-Xamarin.GooglePlayServices.Base.dll.so" not found
D/Mono    ( 9287): Config attempting to parse: 'Xamarin.GooglePlayServices.Base.dll.config'.
D/Mono    ( 9287): Config attempting to parse: '/Users/builder/data/lanes/4009/3a62f1ea/source/monodroid/builds/install/mono-armv6/etc/mono/assemblies/Xamarin.GooglePlayServices.Base/Xamarin.GooglePlayServices.Base.config'.
D/Mono    ( 9287): Image addref Xamarin.GooglePlayServices.Basement[0xeb86d860] -> Xamarin.GooglePlayServices.Basement.dll[0xea4cf100]: 2
D/Mono    ( 9287): Prepared to set up assembly 'Xamarin.GooglePlayServices.Basement' (Xamarin.GooglePlayServices.Basement.dll)
D/Mono    ( 9287): Assembly Xamarin.GooglePlayServices.Basement[0xeb86d860] added to domain RootDomain, ref_count=1
