I/AppsFlyer_( 8943): data: device=angler&firstLaunchDate=2017-03-16_0645%2B0100&installDate=2017-03-16_0645%2B0100&sdk=23&carrier=&date1=2017-03-16_0645%2B0100&af_preinstalled=false&advertiserIdEnabled=true&iaecounter=0&lang_code=en&appsflyerKey=WV****************HFK5&app_version_name=3.1.7&lang=English&timepassedsincelastlaunch=0&dkh=WVGo7sxf&android_id=be074396063ba3be&advertiserId=cc64dda2-fa65-440e-84a6-2b5165337834&deviceType=user&af_v=96577fd8de46d3ec20e17627e09a63f500df531e&app_version_code=30011&platformextension=android_native&network=WIFI&operator=2TELL&country=US&date2=2017-03-16_0645%2B0100&brand=google&af_timestamp=1489686346236&uid=1489686312398-2497099145123584484&isFirstCall=true&counter=2&model=Nexus+6P&product=angler
D/Mono    ( 8943): Assembly Ref addref Splat[0xef669260] -> Mono.Android[0xef669f80]: 21
D/Mono    ( 8943): Assembly Ref addref Splat[0xef669260] -> System.Core[0xef66a580]: 9
D/Mono    ( 8943): Assembly Ref addref Akavache[0xef6691a0] -> Mono.Android[0xef669f80]: 22
D/Mono    ( 8943): Assembly Loader probing location: '/Akavache.Mac.dll'.
D/Mono    ( 8943): Assembly Loader probing location: '/Users/builder/data/lanes/4009/3a62f1ea/source/monodroid/builds/install/mono-armv6/lib/Akavache.Mac.dll'.
D/Mono    ( 8943): Assembly Loader probing location: '/Akavache.Mac.exe'.
D/Mono    ( 8943): Assembly Loader probing location: '/Users/builder/data/lanes/4009/3a62f1ea/source/monodroid/builds/install/mono-armv6/lib/Akavache.Mac.exe'.
D/Mono    ( 8943): Assembly Loader probing location: '/Akavache.Deprecated.dll'.
D/Mono    ( 8943): Assembly Loader probing location: '/Users/builder/data/lanes/4009/3a62f1ea/source/monodroid/builds/install/mono-armv6/lib/Akavache.Deprecated.dll'.
D/Mono    ( 8943): Assembly Loader probing location: '/Akavache.Deprecated.exe'.
D/Mono    ( 8943): Assembly Loader probing location: '/Users/builder/data/lanes/4009/3a62f1ea/source/monodroid/builds/install/mono-armv6/lib/Akavache.Deprecated.exe'.
I/art     ( 8943): Starting a blocking GC Explicit
D/Mono    ( 8943): Assembly Loader probing location: '/Akavache.Mobile.dll'.
D/Mono    ( 8943): Assembly Loader probing location: '/Users/builder/data/lanes/4009/3a62f1ea/source/monodroid/builds/install/mono-armv6/lib/Akavache.Mobile.dll'.
D/Mono    ( 8943): Assembly Loader probing location: '/Akavache.Mobile.exe'.
D/Mono    ( 8943): Assembly Loader probing location: '/Users/builder/data/lanes/4009/3a62f1ea/source/monodroid/builds/install/mono-armv6/lib/Akavache.Mobile.exe'.
D/Mono    ( 8943): Unloading image System.Runtime.dll [0xd86b7800].
D/Mono    ( 8943): Image addref System.Runtime[0xdab4f860] -> System.Runtime.dll[0xeacada00]: 12
D/Mono    ( 8943): Config attempting to parse: 'System.Runtime.dll.config'.
D/Mono    ( 8943): Config attempting to parse: '/Users/builder/data/lanes/4009/3a62f1ea/source/monodroid/builds/install/mono-armv6/etc/mono/assemblies/System.Runtime/System.Runtime.config'.
D/Mono    ( 8943): Assembly Ref addref Akavache.Sqlite3[0xef669200] -> System.Runtime[0xef66a040]: 10
D/Mono    ( 8943): Assembly Ref addref Akavache.Sqlite3[0xef669200] -> Akavache[0xef6691a0]: 3
D/Mono    ( 8943): Unloading image Splat.dll [0xd86b7800].
D/Mono    ( 8943): Image addref Splat[0xdab4f860] -> Splat.dll[0xf5336f00]: 6
D/Mono    ( 8943): Config attempting to parse: 'Splat.dll.config'.
D/Mono    ( 8943): Config attempting to parse: '/Users/builder/data/lanes/4009/3a62f1ea/source/monodroid/builds/install/mono-armv6/etc/mono/assemblies/Splat/Splat.config'.
D/Mono    ( 8943): Assembly Ref addref Akavache.Sqlite3[0xef669200] -> Splat[0xef669260]: 3
D/Mono    ( 8943): Assembly Ref addref System.Reactive.Core[0xef669c20] -> System.Resources.ResourceManager[0xdab4e1e0]: 3
D/Mono    ( 8943): Unloading image System.Collections.dll [0xd86b7d00].
D/Mono    ( 8943): Image addref System.Collections[0xdab4f860] -> System.Collections.dll[0xeacb0700]: 7
D/Mono    ( 8943): Config attempting to parse: 'System.Collections.dll.config'.
D/Mono    ( 8943): Config attempting to parse: '/Users/builder/data/lanes/4009/3a62f1ea/source/monodroid/builds/install/mono-armv6/etc/mono/assemblies/System.Collections/System.Collections.config'.
D/Mono    ( 8943): Assembly Ref addref System.Reactive.Core[0xef669c20] -> System.Collections[0xef66a2e0]: 5
D/Mono    ( 8943): Assembly Ref addref System.Collections[0xef66a2e0] -> System.Core[0xef66a580]: 10
D/Mono    ( 8943): Unloading image System.Threading.dll [0xd86b7d00].
D/Mono    ( 8943): Image addref System.Threading[0xdab507c0] -> System.Threading.dll[0xeacaf300]: 7
D/Mono    ( 8943): Config attempting to parse: 'System.Threading.dll.config'.
D/Mono    ( 8943): Config attempting to parse: '/Users/builder/data/lanes/4009/3a62f1ea/source/monodroid/builds/install/mono-armv6/etc/mono/assemblies/System.Threading/System.Threading.config'.
D/Mono    ( 8943): Assembly Ref addref System.Reactive.Core[0xef669c20] -> System.Threading[0xef66a160]: 5
D/Mono    ( 8943): Unloading image System.Reflection.dll [0xd86b7d00].
D/Mono    ( 8943): Image addref System.Reflection[0xdab50a60] -> System.Reflection.dll[0xeacaee00]: 6
D/Mono    ( 8943): Config attempting to parse: 'System.Reflection.dll.config'.
D/Mono    ( 8943): Config attempting to parse: '/Users/builder/data/lanes/4009/3a62f1ea/source/monodroid/builds/install/mono-armv6/etc/mono/assemblies/System.Reflection/System.Reflection.config'.
D/Mono    ( 8943): Assembly Ref addref System.Reactive.Core[0xef669c20] -> System.Reflection[0xef66a100]: 4
D/Mono    ( 8943): Unloading image System.Runtime.dll [0xd86b7d00].
D/Mono    ( 8943): Image addref System.Runtime[0xdab507c0] -> System.Runtime.dll[0xeacada00]: 13
D/Mono    ( 8943): Config attempting to parse: 'System.Runtime.dll.config'.
D/Mono    ( 8943): Config attempting to parse: '/Users/builder/data/lanes/4009/3a62f1ea/source/monodroid/builds/install/mono-armv6/etc/mono/assemblies/System.Runtime/System.Runtime.config'.
D/Mono    ( 8943): Assembly Ref addref System.Reactive.PlatformServices[0xef669d40] -> System.Runtime[0xef66a040]: 11
D/Mono    ( 8943): Assembly Ref addref System.Reactive.PlatformServices[0xef669d40] -> System.Reactive.Core[0xef669c20]: 4
D/Mono    ( 8943): Assembly Ref addref System.Reactive.PlatformServices[0xef669d40] -> System.Resources.ResourceManager[0xdab4e1e0]: 4
D/Mono    ( 8943): Unloading image System.Reflection.dll [0xd86b7d00].
D/Mono    ( 8943): Image addref System.Reflection[0xdab507c0] -> System.Reflection.dll[0xeacaee00]: 7
D/Mono    ( 8943): Config attempting to parse: 'System.Reflection.dll.config'.
D/Mono    ( 8943): Config attempting to parse: '/Users/builder/data/lanes/4009/3a62f1ea/source/monodroid/builds/install/mono-armv6/etc/mono/assemblies/System.Reflection/System.Reflection.config'.
D/Mono    ( 8943): Assembly Ref addref System.Reactive.PlatformServices[0xef669d40] -> System.Reflection[0xef66a100]: 5
D/Mono    ( 8943): Assembly Ref addref System.Reactive.PlatformServices[0xef669d40] -> System.Reactive.Interfaces[0xef669c80]: 5
D/Mono    ( 8943): Unloading image System.Threading.Tasks.dll [0xd86b8200].
D/Mono    ( 8943): Image addref System.Threading.Tasks[0xdab507c0] -> System.Threading.Tasks.dll[0xda269500]: 6
D/Mono    ( 8943): Config attempting to parse: 'System.Threading.Tasks.dll.config'.
D/Mono    ( 8943): Config attempting to parse: '/Users/builder/data/lanes/4009/3a62f1ea/source/monodroid/builds/install/mono-armv6/etc/mono/assemblies/System.Threading.Tasks/System.Threading.Tasks.config'.
D/Mono    ( 8943): Assembly Ref addref System.Reactive.PlatformServices[0xef669d40] -> System.Threading.Tasks[0xdab4eba0]: 4
D/Mono    ( 8943): Assembly Ref addref System.Reactive.PlatformServices[0xef669d40] -> System.Reactive.Linq[0xef669ce0]: 3
D/Mono    ( 8943): Unloading image System.Diagnostics.Debug.dll [0xd86b8200].
D/Mono    ( 8943): Image addref System.Diagnostics.Debug[0xdab507c0] -> System.Diagnostics.Debug.dll[0xeacaf800]: 6
D/Mono    ( 8943): Config attempting to parse: 'System.Diagnostics.Debug.dll.config'.
D/Mono    ( 8943): Config attempting to parse: '/Users/builder/data/lanes/4009/3a62f1ea/source/monodroid/builds/install/mono-armv6/etc/mono/assemblies/System.Diagnostics.Debug/System.Diagnostics.Debug.config'.
D/Mono    ( 8943): Assembly Ref addref System.Reactive.PlatformServices[0xef669d40] -> System.Diagnostics.Debug[0xef66a1c0]: 4
D/Mono    ( 8943): Assembly Ref addref System.Reactive.Linq[0xef669ce0] -> System.Reactive.Core[0xef669c20]: 5
D/Mono    ( 8943): Assembly Ref addref Akavache[0xef6691a0] -> System.Core[0xef66a580]: 11
D/Mono    ( 8943): Assembly Ref addref System.Reactive.Linq[0xef669ce0] -> System.Resources.ResourceManager[0xdab4e1e0]: 5
I/art     ( 8943): Explicit concurrent mark sweep GC freed 124320(6MB) AllocSpace objects, 34(680KB) LOS objects, 40% free, 21MB/35MB, paused 462us total 36.727ms
I/art     ( 8943): Starting a blocking GC Explicit
D/Mono    ( 8943): [0xda4f0930] hill climbing, change max number of threads 8
I/art     ( 8943): Explicit concurrent mark sweep GC freed 2746(139KB) AllocSpace objects, 0(0B) LOS objects, 39% free, 21MB/35MB, paused 470us total 11.930ms
I/art     ( 8943): Starting a blocking GC Explicit
D/Mono    ( 8943): Assembly Ref addref CareerBuilder_Search[0xef669f20] -> System.Reactive.Linq[0xef669ce0]: 4
D/Mono    ( 8943): Assembly Ref addref CareerBuilder_Search[0xef669f20] -> Akavache[0xef6691a0]: 4
D/Mono    ( 8943): Assembly Ref addref Akavache.Sqlite3[0xef669200] -> System.Reactive.Core[0xef669c20]: 6
D/Mono    ( 8943): Assembly Ref addref Akavache.Sqlite3[0xef669200] -> System.Reactive.Interfaces[0xef669c80]: 6
D/Mono    ( 8943): Assembly Ref addref Akavache.Sqlite3[0xef669200] -> System.Reactive.Linq[0xef669ce0]: 5
D/Mono    ( 8943): Unloading image System.Runtime.Extensions.dll [0xdabfb900].
D/Mono    ( 8943): Image addref System.Runtime.Extensions[0xdab507c0] -> System.Runtime.Extensions.dll[0xda17b300]: 5
D/Mono    ( 8943): Config attempting to parse: 'System.Runtime.Extensions.dll.config'.
D/Mono    ( 8943): Config attempting to parse: '/Users/builder/data/lanes/4009/3a62f1ea/source/monodroid/builds/install/mono-armv6/etc/mono/assemblies/System.Runtime.Extensions/System.Runtime.Extensions.config'.
D/Mono    ( 8943): Assembly Ref addref Akavache.Sqlite3[0xef669200] -> System.Runtime.Extensions[0xdab4e5a0]: 3
I/art     ( 8943): Explicit concurrent mark sweep GC freed 1248(69KB) AllocSpace objects, 2(120KB) LOS objects, 39% free, 21MB/36MB, paused 566us total 12.960ms
I/art     ( 8943): Starting a blocking GC Explicit
I/art     ( 8943): Explicit concurrent mark sweep GC freed 9494(464KB) AllocSpace objects, 1(80KB) LOS objects, 39% free, 21MB/35MB, paused 400us total 12.202ms
I/art     ( 8943): Starting a blocking GC Explicit
D/Mono    ( 8943): Unloading image System.Linq.dll [0xd8960000].
D/Mono    ( 8943): Image addref System.Linq[0xdab507c0] -> System.Linq.dll[0xdc45e900]: 6
D/Mono    ( 8943): Config attempting to parse: 'System.Linq.dll.config'.
D/Mono    ( 8943): Config attempting to parse: '/Users/builder/data/lanes/4009/3a62f1ea/source/monodroid/builds/install/mono-armv6/etc/mono/assemblies/System.Linq/System.Linq.config'.
D/Mono    ( 8943): Assembly Ref addref System.Reactive.Linq[0xef669ce0] -> System.Linq[0xef66a400]: 4
D/Mono    ( 8943): Assembly Ref addref System.Runtime[0xef66a040] -> System.Core[0xef66a580]: 12
I/art     ( 8943): Explicit concurrent mark sweep GC freed 317(12KB) AllocSpace objects, 0(0B) LOS objects, 40% free, 21MB/35MB, paused 354us total 11.329ms
D/Mono    ( 8943): Unloading image System.Threading.dll [0xd8960000].
D/Mono    ( 8943): Image addref System.Threading[0xdab507c0] -> System.Threading.dll[0xeacaf300]: 8
D/Mono    ( 8943): Config attempting to parse: 'System.Threading.dll.config'.
D/Mono    ( 8943): Config attempting to parse: '/Users/builder/data/lanes/4009/3a62f1ea/source/monodroid/builds/install/mono-armv6/etc/mono/assemblies/System.Threading/System.Threading.config'.
D/Mono    ( 8943): Assembly Ref addref System.Reactive.Linq[0xef669ce0] -> System.Threading[0xef66a160]: 6
D/Mono    ( 8943): Assembly Ref addref Akavache[0xef6691a0] -> System.Reactive.PlatformServices[0xef669d40]: 2
I/AppsFlyer_3.01-686346236( 8943): response code: 200
I/AppsFlyer_3.01-686346157( 8943): response code: 200
D/Mono    ( 8943): Unloading image System.Globalization.dll [0xd86b9100].
D/Mono    ( 8943): Image addref System.Globalization[0xd859d0c0] -> System.Globalization.dll[0xdaaa2600]: 5
D/Mono    ( 8943): Config attempting to parse: 'System.Globalization.dll.config'.
D/Mono    ( 8943): Config attempting to parse: '/Users/builder/data/lanes/4009/3a62f1ea/source/monodroid/builds/install/mono-armv6/etc/mono/assemblies/System.Globalization/System.Globalization.config'.
D/Mono    ( 8943): Assembly Ref addref System.Reactive.Linq[0xef669ce0] -> System.Globalization[0xdab4e360]: 3
D/Mono    ( 8943): Unloading image System.Runtime.Extensions.dll [0xd86b9100].
D/Mono    ( 8943): Image addref System.Runtime.Extensions[0xd859d0c0] -> System.Runtime.Extensions.dll[0xda17b300]: 6
D/Mono    ( 8943): Config attempting to parse: 'System.Runtime.Extensions.dll.config'.
D/Mono    ( 8943): Config attempting to parse: '/Users/builder/data/lanes/4009/3a62f1ea/source/monodroid/builds/install/mono-armv6/etc/mono/assemblies/System.Runtime.Extensions/System.Runtime.Extensions.config'.
D/Mono    ( 8943): Assembly Ref addref System.Reactive.Core[0xef669c20] -> System.Runtime.Extensions[0xdab4e5a0]: 4
D/Mono    ( 8943): Assembly Ref addref System.Runtime.Extensions[0xdab4e5a0] -> System[0xef66a220]: 9
D/Mono    ( 8943): Unloading image System.Globalization.dll [0xd86b9100].
D/Mono    ( 8943): Image addref System.Globalization[0xd859d0c0] -> System.Globalization.dll[0xdaaa2600]: 6
D/Mono    ( 8943): Config attempting to parse: 'System.Globalization.dll.config'.
D/Mono    ( 8943): Config attempting to parse: '/Users/builder/data/lanes/4009/3a62f1ea/source/monodroid/builds/install/mono-armv6/etc/mono/assemblies/System.Globalization/System.Globalization.config'.
D/Mono    ( 8943): Assembly Ref addref System.Reactive.Core[0xef669c20] -> System.Globalization[0xdab4e360]: 4
D/Mono    ( 8943): Unloading image System.Threading.Tasks.dll [0xd86b9100].
D/Mono    ( 8943): Image addref System.Threading.Tasks[0xd859d0c0] -> System.Threading.Tasks.dll[0xda269500]: 7
D/Mono    ( 8943): Config attempting to parse: 'System.Threading.Tasks.dll.config'.
D/Mono    ( 8943): Config attempting to parse: '/Users/builder/data/lanes/4009/3a62f1ea/source/monodroid/builds/install/mono-armv6/etc/mono/assemblies/System.Threading.Tasks/System.Threading.Tasks.config'.
D/Mono    ( 8943): Assembly Ref addref System.Reactive.Core[0xef669c20] -> System.Threading.Tasks[0xdab4eba0]: 5
D/Mono    ( 8943): [0xd82b5930] worker starting
D/Mono    ( 8943): Unloading image System.Collections.dll [0xd86b9100].
D/Mono    ( 8943): Image addref System.Collections[0xd859d540] -> System.Collections.dll[0xeacb0700]: 8
D/Mono    ( 8943): Config attempting to parse: 'System.Collections.dll.config'.
D/Mono    ( 8943): Config attempting to parse: '/Users/builder/data/lanes/4009/3a62f1ea/source/monodroid/builds/install/mono-armv6/etc/mono/assemblies/System.Collections/System.Collections.config'.
D/Mono    ( 8943): Assembly Ref addref Akavache.Sqlite3[0xef669200] -> System.Collections[0xef66a2e0]: 6
D/Mono    ( 8943): Unloading image SQLitePCL.raw.dll [0xd86b9100].
D/Mono    ( 8943): Image addref SQLitePCL.raw[0xd859d540] -> SQLitePCL.raw.dll[0xea7cc600]: 5
D/Mono    ( 8943): Config attempting to parse: 'SQLitePCL.raw.dll.config'.
D/Mono    ( 8943): Config attempting to parse: '/Users/builder/data/lanes/4009/3a62f1ea/source/monodroid/builds/install/mono-armv6/etc/mono/assemblies/SQLitePCL.raw/SQLitePCL.raw.config'.
D/Mono    ( 8943): Assembly Ref addref Akavache.Sqlite3[0xef669200] -> SQLitePCL.raw[0xef669ec0]: 2
D/Mono    ( 8943): Assembly Ref addref SQLitePCL.raw[0xef669ec0] -> mscorlib[0xef669020]: 42
D/Mono    ( 8943): [0xd7d2b930] worker starting
D/Mono    ( 8943): Assembly Ref addref Splat[0xef669260] -> System[0xef66a220]: 10
D/Mono    ( 8943): DllImport attempting to load: '/system/lib/libsqlite.so'.
D/Mono    ( 8943): DllImport loaded library '/system/lib/libsqlite.so'.
D/Mono    ( 8943): DllImport searching in: '/system/lib/libsqlite.so' ('/system/lib/libsqlite.so').
D/Mono    ( 8943): Searching for 'sqlite3_open_v2'.
D/Mono    ( 8943): Probing 'sqlite3_open_v2'.
D/Mono    ( 8943): Found as 'sqlite3_open_v2'.
D/Mono    ( 8943): DllImport searching in: '/system/lib/libsqlite.so' ('/system/lib/libsqlite.so').
D/Mono    ( 8943): Searching for 'sqlite3_busy_timeout'.
D/Mono    ( 8943): Probing 'sqlite3_busy_timeout'.
D/Mono    ( 8943): Found as 'sqlite3_busy_timeout'.
D/Mono    ( 8943): Unloading image System.Threading.Tasks.dll [0xd8963c00].
D/Mono    ( 8943): Image addref System.Threading.Tasks[0xd859d900] -> System.Threading.Tasks.dll[0xda269500]: 8
D/Mono    ( 8943): Config attempting to parse: 'System.Threading.Tasks.dll.config'.
D/Mono    ( 8943): Config attempting to parse: '/Users/builder/data/lanes/4009/3a62f1ea/source/monodroid/builds/install/mono-armv6/etc/mono/assemblies/System.Threading.Tasks/System.Threading.Tasks.config'.
D/Mono    ( 8943): Assembly Ref addref Akavache.Sqlite3[0xef669200] -> System.Threading.Tasks[0xdab4eba0]: 6
D/Mono    ( 8943): Unloading image System.Linq.dll [0xd8963c00].
D/Mono    ( 8943): Image addref System.Linq[0xd859d900] -> System.Linq.dll[0xdc45e900]: 7
D/Mono    ( 8943): Config attempting to parse: 'System.Linq.dll.config'.
D/Mono    ( 8943): Config attempting to parse: '/Users/builder/data/lanes/4009/3a62f1ea/source/monodroid/builds/install/mono-armv6/etc/mono/assemblies/System.Linq/System.Linq.config'.
D/Mono    ( 8943): Assembly Ref addref Akavache.Sqlite3[0xef669200] -> System.Linq[0xef66a400]: 5
D/Mono    ( 8943): DllImport searching in: '/system/lib/libsqlite.so' ('/system/lib/libsqlite.so').
D/Mono    ( 8943): Searching for 'sqlite3_prepare_v2'.
D/Mono    ( 8943): Probing 'sqlite3_prepare_v2'.
D/Mono    ( 8943): Found as 'sqlite3_prepare_v2'.
D/Mono    ( 8943): DllImport searching in: '/system/lib/libsqlite.so' ('/system/lib/libsqlite.so').
D/Mono    ( 8943): Searching for 'sqlite3_step'.
D/Mono    ( 8943): Probing 'sqlite3_step'.
D/Mono    ( 8943): Found as 'sqlite3_step'.
D/Mono    ( 8943): DllImport searching in: '/system/lib/libsqlite.so' ('/system/lib/libsqlite.so').
D/Mono    ( 8943): Searching for 'sqlite3_column_type'.
D/Mono    ( 8943): Probing 'sqlite3_column_type'.
D/Mono    ( 8943): Found as 'sqlite3_column_type'.
D/Mono    ( 8943): Unloading image System.Reflection.dll [0xd86b9100].
D/Mono    ( 8943): Image addref System.Reflection[0xd859d900] -> System.Reflection.dll[0xeacaee00]: 8
D/Mono    ( 8943): Config attempting to parse: 'System.Reflection.dll.config'.
D/Mono    ( 8943): Config attempting to parse: '/Users/builder/data/lanes/4009/3a62f1ea/source/monodroid/builds/install/mono-armv6/etc/mono/assemblies/System.Reflection/System.Reflection.config'.
D/Mono    ( 8943): Assembly Ref addref Akavache.Sqlite3[0xef669200] -> System.Reflection[0xef66a100]: 6
D/Mono    ( 8943): DllImport searching in: '/system/lib/libsqlite.so' ('/system/lib/libsqlite.so').
D/Mono    ( 8943): Searching for 'sqlite3_column_int'.
D/Mono    ( 8943): Probing 'sqlite3_column_int'.
D/Mono    ( 8943): Found as 'sqlite3_column_int'.
D/Mono    ( 8943): DllImport searching in: '/system/lib/libsqlite.so' ('/system/lib/libsqlite.so').
D/Mono    ( 8943): Searching for 'sqlite3_finalize'.
D/Mono    ( 8943): Probing 'sqlite3_finalize'.
D/Mono    ( 8943): Found as 'sqlite3_finalize'.
D/Mono    ( 8943): DllImport searching in: '/system/lib/libsqlite.so' ('/system/lib/libsqlite.so').
D/Mono    ( 8943): Searching for 'sqlite3_changes'.
D/Mono    ( 8943): Probing 'sqlite3_changes'.
D/Mono    ( 8943): Found as 'sqlite3_changes'.
D/Mono    ( 8943): Assembly Ref addref Akavache.Sqlite3[0xef669200] -> System.Reflection.Extensions[0xef66a6a0]: 4
D/Mono    ( 8943): DllImport searching in: '/system/lib/libsqlite.so' ('/system/lib/libsqlite.so').
D/Mono    ( 8943): Searching for 'sqlite3_column_count'.
D/Mono    ( 8943): Probing 'sqlite3_column_count'.
D/Mono    ( 8943): Found as 'sqlite3_column_count'.
D/Mono    ( 8943): DllImport searching in: '/system/lib/libsqlite.so' ('/system/lib/libsqlite.so').
D/Mono    ( 8943): Searching for 'sqlite3_column_name'.
D/Mono    ( 8943): Probing 'sqlite3_column_name'.
D/Mono    ( 8943): Found as 'sqlite3_column_name'.
D/Mono    ( 8943): DllImport searching in: '/system/lib/libsqlite.so' ('/system/lib/libsqlite.so').
D/Mono    ( 8943): Searching for 'sqlite3_column_text'.
D/Mono    ( 8943): Probing 'sqlite3_column_text'.
D/Mono    ( 8943): Found as 'sqlite3_column_text'.
E/SQLiteLog( 8943): (1) no such table: SchemaInfo
D/Mono    ( 8943): DllImport searching in: '/system/lib/libsqlite.so' ('/system/lib/libsqlite.so').
D/Mono    ( 8943): Searching for 'sqlite3_errmsg'.
D/Mono    ( 8943): Probing 'sqlite3_errmsg'.
D/Mono    ( 8943): Found as 'sqlite3_errmsg'.
D/Mono    ( 8943): DllImport searching in: '/system/lib/libsqlite.so' ('/system/lib/libsqlite.so').
D/Mono    ( 8943): Searching for 'sqlite3_bind_int'.
D/Mono    ( 8943): Probing 'sqlite3_bind_int'.
D/Mono    ( 8943): Found as 'sqlite3_bind_int'.
D/Mono    ( 8943): DllImport searching in: '/system/lib/libsqlite.so' ('/system/lib/libsqlite.so').
D/Mono    ( 8943): Searching for 'sqlite3_reset'.
D/Mono    ( 8943): Probing 'sqlite3_reset'.
D/Mono    ( 8943): Found as 'sqlite3_reset'.
D/Mono    ( 8943): Unloading image System.Threading.dll [0xd8af1100].
D/Mono    ( 8943): Image addref System.Threading[0xd859da80] -> System.Threading.dll[0xeacaf300]: 9
D/Mono    ( 8943): Config attempting to parse: 'System.Threading.dll.config'.
D/Mono    ( 8943): Config attempting to parse: '/Users/builder/data/lanes/4009/3a62f1ea/source/monodroid/builds/install/mono-armv6/etc/mono/assemblies/System.Threading/System.Threading.config'.
D/Mono    ( 8943): Assembly Ref addref Akavache.Sqlite3[0xef669200] -> System.Threading[0xef66a160]: 7
D/Mono    ( 8943): DllImport searching in: '/system/lib/libsqlite.so' ('/system/lib/libsqlite.so').
D/Mono    ( 8943): Searching for 'sqlite3_bind_text'.
D/Mono    ( 8943): Probing 'sqlite3_bind_text'.
D/Mono    ( 8943): Found as 'sqlite3_bind_text'.
I/System.out( 8943): URI: /map
I/System.out( 8943): params: {json={"query":"* id:'agreeAndContinueButton'","operation":{"method_name":"query","arguments":[]}}
I/System.out( 8943): }
D/Mono    ( 8943): Unloading image Newtonsoft.Json.dll [0xd8961900].
D/Mono    ( 8943): Image addref Newtonsoft.Json[0xd859dcc0] -> Newtonsoft.Json.dll[0xea7c9900]: 5
D/Mono    ( 8943): Config attempting to parse: 'Newtonsoft.Json.dll.config'.
D/Mono    ( 8943): Config attempting to parse: '/Users/builder/data/lanes/4009/3a62f1ea/source/monodroid/builds/install/mono-armv6/etc/mono/assemblies/Newtonsoft.Json/Newtonsoft.Json.config'.
D/Mono    ( 8943): Assembly Ref addref Akavache.Sqlite3[0xef669200] -> Newtonsoft.Json[0xef669b60]: 3
D/Mono    ( 8943): Image addref System.IO[0xd859dcc0] -> System.IO.dll[0xd8961900]: 2
D/Mono    ( 8943): Prepared to set up assembly 'System.IO' (System.IO.dll)
D/Mono    ( 8943): Assembly System.IO[0xd859dcc0] added to domain RootDomain, ref_count=1
D/Mono    ( 8943): AOT module 'System.IO.dll.so' not found: dlopen failed: library "/data/app/com.careerbuilder.SugarDrone-1/lib/arm/libaot-System.IO.dll.so" not found
D/Mono    ( 8943): AOT module '/Users/builder/data/lanes/4009/3a62f1ea/source/monodroid/builds/install/mono-armv6/lib/mono/aot-cache/arm/System.IO.dll.so' not found: dlopen failed: library "/data/app/com.careerbuilder.SugarDrone-1/lib/arm/libaot-System.IO.dll.so" not found
D/Mono    ( 8943): Config attempting to parse: 'System.IO.dll.config'.
D/Mono    ( 8943): Config attempting to parse: '/Users/builder/data/lanes/4009/3a62f1ea/source/monodroid/builds/install/mono-armv6/etc/mono/assemblies/System.IO/System.IO.config'.
D/Mono    ( 8943): Assembly Ref addref Akavache.Sqlite3[0xef669200] -> System.IO[0xd859dcc0]: 2
D/Mono    ( 8943): Assembly Ref addref System.IO[0xd859dcc0] -> mscorlib[0xef669020]: 43
D/Mono    ( 8943): Image addref System.Runtime.Serialization.Primitives[0xd859dc60] -> System.Runtime.Serialization.Primitives.dll[0xd8961400]: 2
D/Mono    ( 8943): Prepared to set up assembly 'System.Runtime.Serialization.Primitives' (System.Runtime.Serialization.Primitives.dll)
D/Mono    ( 8943): Assembly System.Runtime.Serialization.Primitives[0xd859dc60] added to domain RootDomain, ref_count=1
D/Mono    ( 8943): AOT module 'System.Runtime.Serialization.Primitives.dll.so' not found: dlopen failed: library "/data/app/com.careerbuilder.SugarDrone-1/lib/arm/libaot-System.Runtime.Serialization.Primitives.dll.so" not found
D/Mono    ( 8943): AOT module '/Users/builder/data/lanes/4009/3a62f1ea/source/monodroid/builds/install/mono-armv6/lib/mono/aot-cache/arm/System.Runtime.Serialization.Primitives.dll.so' not found: dlopen failed: library "/data/app/com.careerbuilder.SugarDrone-1/lib/arm/libaot-System.Runtime.Serialization.Primitives.dll.so" not found
D/Mono    ( 8943): Config attempting to parse: 'System.Runtime.Serialization.Primitives.dll.config'.
D/Mono    ( 8943): Config attempting to parse: '/Users/builder/data/lanes/4009/3a62f1ea/source/monodroid/builds/install/mono-armv6/etc/mono/assemblies/System.Runtime.Serialization.Primitives/System.Runtime.Serialization.Primitives.config'.
D/Mono    ( 8943): Assembly Ref addref Newtonsoft.Json[0xef669b60] -> System.Runtime.Serialization.Primitives[0xd859dc60]: 2
D/Mono    ( 8943): Assembly Ref addref System.Runtime.Serialization.Primitives[0xd859dc60] -> mscorlib[0xef669020]: 44
D/Mono    ( 8943): Unloading image System.Globalization.dll [0xd8960f00].
D/Mono    ( 8943): Image addref System.Globalization[0xd859dc00] -> System.Globalization.dll[0xdaaa2600]: 7
D/Mono    ( 8943): Config attempting to parse: 'System.Globalization.dll.config'.
D/Mono    ( 8943): Config attempting to parse: '/Users/builder/data/lanes/4009/3a62f1ea/source/monodroid/builds/install/mono-armv6/etc/mono/assemblies/System.Globalization/System.Globalization.config'.
D/Mono    ( 8943): Assembly Ref addref Newtonsoft.Json[0xef669b60] -> System.Globalization[0xdab4e360]: 5
D/Mono    ( 8943): Unloading image System.Collections.dll [0xd8960f00].
D/Mono    ( 8943): Image addref System.Collections[0xd859dc00] -> System.Collections.dll[0xeacb0700]: 9
D/Mono    ( 8943): Config attempting to parse: 'System.Collections.dll.config'.
D/Mono    ( 8943): Config attempting to parse: '/Users/builder/data/lanes/4009/3a62f1ea/source/monodroid/builds/install/mono-armv6/etc/mono/assemblies/System.Collections/System.Collections.config'.
D/Mono    ( 8943): Assembly Ref addref Newtonsoft.Json[0xef669b60] -> System.Collections[0xef66a2e0]: 7
D/Mono    ( 8943): Unloading image System.IO.dll [0xd8960f00].
D/Mono    ( 8943): Image addref System.IO[0xd859dc00] -> System.IO.dll[0xd8961900]: 5
D/Mono    ( 8943): Config attempting to parse: 'System.IO.dll.config'.
D/Mono    ( 8943): Config attempting to parse: '/Users/builder/data/lanes/4009/3a62f1ea/source/monodroid/builds/install/mono-armv6/etc/mono/assemblies/System.IO/System.IO.config'.
D/Mono    ( 8943): Assembly Ref addref Newtonsoft.Json[0xef669b60] -> System.IO[0xd859dcc0]: 3
D/Mono    ( 8943): Unloading image System.Runtime.Extensions.dll [0xd8960f00].
D/Mono    ( 8943): Image addref System.Runtime.Extensions[0xd859dc00] -> System.Runtime.Extensions.dll[0xda17b300]: 7
D/Mono    ( 8943): Config attempting to parse: 'System.Runtime.Extensions.dll.config'.
D/Mono    ( 8943): Config attempting to parse: '/Users/builder/data/lanes/4009/3a62f1ea/source/monodroid/builds/install/mono-armv6/etc/mono/assemblies/System.Runtime.Extensions/System.Runtime.Extensions.config'.
D/Mono    ( 8943): Assembly Ref addref Newtonsoft.Json[0xef669b60] -> System.Runtime.Extensions[0xdab4e5a0]: 5
D/Mono    ( 8943): Image addref System.Text.Encoding[0xd859dc00] -> System.Text.Encoding.dll[0xd8960f00]: 2
D/Mono    ( 8943): Prepared to set up assembly 'System.Text.Encoding' (System.Text.Encoding.dll)
D/Mono    ( 8943): Assembly System.Text.Encoding[0xd859dc00] added to domain RootDomain, ref_count=1
D/Mono    ( 8943): AOT module 'System.Text.Encoding.dll.so' not found: dlopen failed: library "/data/app/com.careerbuilder.SugarDrone-1/lib/arm/libaot-System.Text.Encoding.dll.so" not found
D/Mono    ( 8943): AOT module '/Users/builder/data/lanes/4009/3a62f1ea/source/monodroid/builds/install/mono-armv6/lib/mono/aot-cache/arm/System.Text.Encoding.dll.so' not found: dlopen failed: library "/data/app/com.careerbuilder.SugarDrone-1/lib/arm/libaot-System.Text.Encoding.dll.so" not found
D/Mono    ( 8943): Config attempting to parse: 'System.Text.Encoding.dll.config'.
D/Mono    ( 8943): Config attempting to parse: '/Users/builder/data/lanes/4009/3a62f1ea/source/monodroid/builds/install/mono-armv6/etc/mono/assemblies/System.Text.Encoding/System.Text.Encoding.config'.
D/Mono    ( 8943): Assembly Ref addref Newtonsoft.Json[0xef669b60] -> System.Text.Encoding[0xd859dc00]: 2
D/Mono    ( 8943): Assembly Ref addref System.Text.Encoding[0xd859dc00] -> mscorlib[0xef669020]: 45
D/Mono    ( 8943): Unloading image System.Linq.dll [0xd7bd1b00].
D/Mono    ( 8943): Image addref System.Linq[0xd8c996c0] -> System.Linq.dll[0xdc45e900]: 8
D/Mono    ( 8943): Config attempting to parse: 'System.Linq.dll.config'.
D/Mono    ( 8943): Config attempting to parse: '/Users/builder/data/lanes/4009/3a62f1ea/source/monodroid/builds/install/mono-armv6/etc/mono/assemblies/System.Linq/System.Linq.config'.
D/Mono    ( 8943): Assembly Ref addref Newtonsoft.Json[0xef669b60] -> System.Linq[0xef66a400]: 6
D/Mono    ( 8943): Unloading image System.Reflection.dll [0xd7bd1b00].
D/Mono    ( 8943): Image addref System.Reflection[0xd859e740] -> System.Reflection.dll[0xeacaee00]: 9
D/Mono    ( 8943): Config attempting to parse: 'System.Reflection.dll.config'.
D/Mono    ( 8943): Config attempting to parse: '/Users/builder/data/lanes/4009/3a62f1ea/source/monodroid/builds/install/mono-armv6/etc/mono/assemblies/System.Reflection/System.Reflection.config'.
D/Mono    ( 8943): Assembly Ref addref Newtonsoft.Json[0xef669b60] -> System.Reflection[0xef66a100]: 7
D/Mono    ( 8943): Image addref System.Runtime.Serialization[0xd859e740] -> System.Runtime.Serialization.dll[0xd7bd1b00]: 2
D/Mono    ( 8943): Prepared to set up assembly 'System.Runtime.Serialization' (System.Runtime.Serialization.dll)
D/Mono    ( 8943): Assembly System.Runtime.Serialization[0xd859e740] added to domain RootDomain, ref_count=1
D/Mono    ( 8943): AOT module 'System.Runtime.Serialization.dll.so' not found: dlopen failed: library "/data/app/com.careerbuilder.SugarDrone-1/lib/arm/libaot-System.Runtime.Serialization.dll.so" not found
D/Mono    ( 8943): AOT module '/Users/builder/data/lanes/4009/3a62f1ea/source/monodroid/builds/install/mono-armv6/lib/mono/aot-cache/arm/System.Runtime.Serialization.dll.so' not found: dlopen failed: library "/data/app/com.careerbuilder.SugarDrone-1/lib/arm/libaot-System.Runtime.Serialization.dll.so" not found
D/Mono    ( 8943): Config attempting to parse: 'System.Runtime.Serialization.dll.config'.
D/Mono    ( 8943): Config attempting to parse: '/Users/builder/data/lanes/4009/3a62f1ea/source/monodroid/builds/install/mono-armv6/etc/mono/assemblies/System.Runtime.Serialization/System.Runtime.Serialization.config'.
D/Mono    ( 8943): Assembly Ref addref System.Runtime.Serialization.Primitives[0xd859dc60] -> System.Runtime.Serialization[0xd859e740]: 2
D/Mono    ( 8943): Assembly Ref addref System.Runtime.Serialization[0xd859e740] -> mscorlib[0xef669020]: 46
D/Mono    ( 8943): Image addref System.Text.Encoding.Extensions[0xd8c996c0] -> System.Text.Encoding.Extensions.dll[0xd8961e00]: 2
D/Mono    ( 8943): Prepared to set up assembly 'System.Text.Encoding.Extensions' (System.Text.Encoding.Extensions.dll)
D/Mono    ( 8943): Assembly System.Text.Encoding.Extensions[0xd8c996c0] added to domain RootDomain, ref_count=1
D/Mono    ( 8943): AOT module 'System.Text.Encoding.Extensions.dll.so' not found: dlopen failed: library "/data/app/com.careerbuilder.SugarDrone-1/lib/arm/libaot-System.Text.Encoding.Extensions.dll.so" not found
D/Mono    ( 8943): AOT module '/Users/builder/data/lanes/4009/3a62f1ea/source/monodroid/builds/install/mono-armv6/lib/mono/aot-cache/arm/System.Text.Encoding.Extensions.dll.so' not found: dlopen failed: library "/data/app/com.careerbuilder.SugarDrone-1/lib/arm/libaot-System.Text.Encoding.Extensions.dll.so" not found
D/Mono    ( 8943): Config attempting to parse: 'System.Text.Encoding.Extensions.dll.config'.
D/Mono    ( 8943): Config attempting to parse: '/Users/builder/data/lanes/4009/3a62f1ea/source/monodroid/builds/install/mono-armv6/etc/mono/assemblies/System.Text.Encoding.Extensions/System.Text.Encoding.Extensions.config'.
D/Mono    ( 8943): Assembly Ref addref Newtonsoft.Json[0xef669b60] -> System.Text.Encoding.Extensions[0xd8c996c0]: 2
D/Mono    ( 8943): Assembly Ref addref System.Text.Encoding.Extensions[0xd8c996c0] -> mscorlib[0xef669020]: 47
D/Mono    ( 8943): Unloading image System.Threading.dll [0xdaa9fe00].
D/Mono    ( 8943): Image addref System.Threading[0xd859e860] -> System.Threading.dll[0xeacaf300]: 10
D/Mono    ( 8943): Config attempting to parse: 'System.Threading.dll.config'.
D/Mono    ( 8943): Config attempting to parse: '/Users/builder/data/lanes/4009/3a62f1ea/source/monodroid/builds/install/mono-armv6/etc/mono/assemblies/System.Threading/System.Threading.config'.
D/Mono    ( 8943): Assembly Ref addref Newtonsoft.Json[0xef669b60] -> System.Threading[0xef66a160]: 8
D/Mono    ( 8943): Assembly Ref addref Newtonsoft.Json[0xef669b60] -> System.Reflection.Extensions[0xef66a6a0]: 5
D/Mono    ( 8943): Assembly Ref addref System.ObjectModel[0xd8c9a920] -> mscorlib[0xef669020]: 48
D/Mono    ( 8943): Image addref System.Xml.XDocument[0xd859eaa0] -> System.Xml.XDocument.dll[0xd7608500]: 2
D/Mono    ( 8943): Prepared to set up assembly 'System.Xml.XDocument' (System.Xml.XDocument.dll)
D/Mono    ( 8943): Assembly System.Xml.XDocument[0xd859eaa0] added to domain RootDomain, ref_count=1
D/Mono    ( 8943): AOT module 'System.Xml.XDocument.dll.so' not found: dlopen failed: library "/data/app/com.careerbuilder.SugarDrone-1/lib/arm/libaot-System.Xml.XDocument.dll.so" not found
D/Mono    ( 8943): AOT module '/Users/builder/data/lanes/4009/3a62f1ea/source/monodroid/builds/install/mono-armv6/lib/mono/aot-cache/arm/System.Xml.XDocument.dll.so' not found: dlopen failed: library "/data/app/com.careerbuilder.SugarDrone-1/lib/arm/libaot-System.Xml.XDocument.dll.so" not found
D/Mono    ( 8943): Config attempting to parse: 'System.Xml.XDocument.dll.config'.
D/Mono    ( 8943): Config attempting to parse: '/Users/builder/data/lanes/4009/3a62f1ea/source/monodroid/builds/install/mono-armv6/etc/mono/assemblies/System.Xml.XDocument/System.Xml.XDocument.config'.
D/Mono    ( 8943): Assembly Ref addref Newtonsoft.Json[0xef669b60] -> System.Xml.XDocument[0xd859eaa0]: 2
D/Mono    ( 8943): Image addref System.Xml.Linq[0xd859ea40] -> System.Xml.Linq.dll[0xd7608a00]: 2
D/Mono    ( 8943): Prepared to set up assembly 'System.Xml.Linq' (System.Xml.Linq.dll)
D/Mono    ( 8943): Assembly System.Xml.Linq[0xd859ea40] added to domain RootDomain, ref_count=1
D/Mono    ( 8943): AOT module 'System.Xml.Linq.dll.so' not found: dlopen failed: library "/data/app/com.careerbuilder.SugarDrone-1/lib/arm/libaot-System.Xml.Linq.dll.so" not found
D/Mono    ( 8943): AOT module '/Users/builder/data/lanes/4009/3a62f1ea/source/monodroid/builds/install/mono-armv6/lib/mono/aot-cache/arm/System.Xml.Linq.dll.so' not found: dlopen failed: library "/data/app/com.careerbuilder.SugarDrone-1/lib/arm/libaot-System.Xml.Linq.dll.so" not found
D/Mono    ( 8943): Config attempting to parse: 'System.Xml.Linq.dll.config'.
D/Mono    ( 8943): Config attempting to parse: '/Users/builder/data/lanes/4009/3a62f1ea/source/monodroid/builds/install/mono-armv6/etc/mono/assemblies/System.Xml.Linq/System.Xml.Linq.config'.
D/Mono    ( 8943): Assembly Ref addref System.Xml.XDocument[0xd859eaa0] -> System.Xml.Linq[0xd859ea40]: 2
D/Mono    ( 8943): Assembly Ref addref System.Xml.Linq[0xd859ea40] -> mscorlib[0xef669020]: 49
D/Mono    ( 8943): Assembly Ref addref System.Xml.Linq[0xd859ea40] -> System.Xml[0xef66a820]: 4
D/Mono    ( 8943): Image addref System.Text.RegularExpressions[0xd859eb60] -> System.Text.RegularExpressions.dll[0xd7608f00]: 2
D/Mono    ( 8943): Prepared to set up assembly 'System.Text.RegularExpressions' (System.Text.RegularExpressions.dll)
D/Mono    ( 8943): Assembly System.Text.RegularExpressions[0xd859eb60] added to domain RootDomain, ref_count=1
D/Mono    ( 8943): AOT module 'System.Text.RegularExpressions.dll.so' not found: dlopen failed: library "/data/app/com.careerbuilder.SugarDrone-1/lib/arm/libaot-System.Text.RegularExpressions.dll.so" not found
D/Mono    ( 8943): AOT module '/Users/builder/data/lanes/4009/3a62f1ea/source/monodroid/builds/install/mono-armv6/lib/mono/aot-cache/arm/System.Text.RegularExpressions.dll.so' not found: dlopen failed: library "/data/app/com.careerbuilder.SugarDrone-1/lib/arm/libaot-System.Text.RegularExpressions.dll.so" not found
D/Mono    ( 8943): Config attempting to parse: 'System.Text.RegularExpressions.dll.config'.
D/Mono    ( 8943): Config attempting to parse: '/Users/builder/data/lanes/4009/3a62f1ea/source/monodroid/builds/install/mono-armv6/etc/mono/assemblies/System.Text.RegularExpressions/System.Text.RegularExpressions.config'.
D/Mono    ( 8943): Assembly Ref addref Newtonsoft.Json[0xef669b60] -> System.Text.RegularExpressions[0xd859eb60]: 2
D/Mono    ( 8943): Assembly Ref addref System.Text.RegularExpressions[0xd859eb60] -> System[0xef66a220]: 11
D/Mono    ( 8943): Unloading image System.Linq.Expressions.dll [0xd7609400].
D/Mono    ( 8943): Image addref System.Linq.Expressions[0xd859eb00] -> System.Linq.Expressions.dll[0xda17a900]: 5
D/Mono    ( 8943): Config attempting to parse: 'System.Linq.Expressions.dll.config'.
D/Mono    ( 8943): Config attempting to parse: '/Users/builder/data/lanes/4009/3a62f1ea/source/monodroid/builds/install/mono-armv6/etc/mono/assemblies/System.Linq.Expressions/System.Linq.Expressions.config'.
D/Mono    ( 8943): Assembly Ref addref Newtonsoft.Json[0xef669b60] -> System.Linq.Expressions[0xdab4e600]: 3
D/Mono    ( 8943): DllImport searching in: '/system/lib/libsqlite.so' ('/system/lib/libsqlite.so').
D/Mono    ( 8943): Searching for 'sqlite3_bind_blob'.
D/Mono    ( 8943): Probing 'sqlite3_bind_blob'.
D/Mono    ( 8943): Found as 'sqlite3_bind_blob'.
D/Mono    ( 8943): DllImport searching in: '/system/lib/libsqlite.so' ('/system/lib/libsqlite.so').
D/Mono    ( 8943): Searching for 'sqlite3_bind_int64'.
D/Mono    ( 8943): Probing 'sqlite3_bind_int64'.
D/Mono    ( 8943): Found as 'sqlite3_bind_int64'.
D/Mono    ( 8943): DllImport searching in: '__Internal' ('(null)').
D/Mono    ( 8943): Searching for 'java_interop_jnienv_call_nonvirtual_boolean_method_a'.
D/Mono    ( 8943): Probing 'java_interop_jnienv_call_nonvirtual_boolean_method_a'.
D/Mono    ( 8943): Found as 'java_interop_jnienv_call_nonvirtual_boolean_method_a'.
I/calabash( 8943): execStartActivity 4
I/ActivityManager(  927): START u0 {cmp=com.careerbuilder.SugarDrone/md5a4824aa66c0dc4d104077b72c1916a44.TermsAndConditionsActivity} from uid 18055 on display 0
W/ResourceType( 8943): No known package when getting name for resource number 0xffffffff
W/ResourceType( 8943): No known package when getting name for resource number 0xffffffff
W/ResourceType( 8943): No known package when getting name for resource number 0xffffffff
I/calabash( 8943): newActivity1
I/ActivityManager(  927): Displayed com.careerbuilder.SugarDrone/md5a4824aa66c0dc4d104077b72c1916a44.TermsAndConditionsActivity: +347ms
I/Keyboard.Facilitator( 3451): onFinishInput()
I/System.out( 8943): URI: /map
I/System.out( 8943): params: {json={"query":"* id:'agreeAndContinueButton'","operation":{"method_name":"query","arguments":[]}}
I/System.out( 8943): }
W/ResourceType( 8943): No known package when getting name for resource number 0xffffffff
W/ResourceType( 8943): No known package when getting name for resource number 0xffffffff
W/ResourceType( 8943): No known package when getting name for resource number 0xffffffff
W/ResourceType( 8943): No known package when getting name for resource number 0xffffffff
W/ResourceType( 8943): No known package when getting name for resource number 0xffffffff
W/ResourceType( 8943): No known package when getting name for resource number 0xffffffff
W/ResourceType( 8943): No known package when getting name for resource number 0xffffffff
W/ResourceType( 8943): No known package when getting name for resource number 0xffffffff
W/ResourceType( 8943): No known package when getting name for resource number 0xffffffff
W/ResourceType( 8943): No known package when getting name for resource number 0xffffffff
I/System.out( 8943): URI: /map
I/System.out( 8943): params: {json={"query":"* id:'agreeAndContinueButton'","operation":{"method_name":"query","arguments":[]}}
I/System.out( 8943): }
W/ResourceType( 8943): No known package when getting name for resource number 0xffffffff
W/ResourceType( 8943): No known package when getting name for resource number 0xffffffff
W/ResourceType( 8943): No known package when getting name for resource number 0xffffffff
W/ResourceType( 8943): No known package when getting name for resource number 0xffffffff
W/ResourceType( 8943): No known package when getting name for resource number 0xffffffff
W/ResourceType( 8943): No known package when getting name for resource number 0xffffffff
W/ResourceType( 8943): No known package when getting name for resource number 0xffffffff
W/ResourceType( 8943): No known package when getting name for resource number 0xffffffff
W/ResourceType( 8943): No known package when getting name for resource number 0xffffffff
W/ResourceType( 8943): No known package when getting name for resource number 0xffffffff
I/System.out( 8943): URI: /map
I/System.out( 8943): params: {json={"query":"* id:'agreeAndContinueButton'","operation":{"method_name":"query","arguments":[]}}
I/System.out( 8943): }
W/ResourceType( 8943): No known package when getting name for resource number 0xffffffff
W/ResourceType( 8943): No known package when getting name for resource number 0xffffffff
W/ResourceType( 8943): No known package when getting name for resource number 0xffffffff
W/ResourceType( 8943): No known package when getting name for resource number 0xffffffff
W/ResourceType( 8943): No known package when getting name for resource number 0xffffffff
W/ResourceType( 8943): No known package when getting name for resource number 0xffffffff
W/ResourceType( 8943): No known package when getting name for resource number 0xffffffff
I/System.out( 8943): URI: /map
I/System.out( 8943): params: {json={"query":"* id:'agreeAndContinueButton'","operation":{"method_name":"query","arguments":[]}}
I/System.out( 8943): }
W/ResourceType( 8943): No known package when getting name for resource number 0xffffffff
W/ResourceType( 8943): No known package when getting name for resource number 0xffffffff
W/ResourceType( 8943): No known package when getting name for resource number 0xffffffff
W/ResourceType( 8943): No known package when getting name for resource number 0xffffffff
W/ResourceType( 8943): No known package when getting name for resource number 0xffffffff
W/ResourceType( 8943): No known package when getting name for resource number 0xffffffff
W/ResourceType( 8943): No known package when getting name for resource number 0xffffffff
I/System.out( 8943): URI: /map
I/System.out( 8943): params: {json={"query":"* id:'agreeAndContinueButton'","operation":{"method_name":"query","arguments":[]}}
I/System.out( 8943): }
I/ServiceManager(  535): Waiting for service AtCmdFwd...
W/ResourceType( 8943): No known package when getting name for resource number 0xffffffff
W/ResourceType( 8943): No known package when getting name for resource number 0xffffffff
W/ResourceType( 8943): No known package when getting name for resource number 0xffffffff
W/ResourceType( 8943): No known package when getting name for resource number 0xffffffff
W/ResourceType( 8943): No known package when getting name for resource number 0xffffffff
W/ResourceType( 8943): No known package when getting name for resource number 0xffffffff
W/ResourceType( 8943): No known package when getting name for resource number 0xffffffff
I/System.out( 8943): URI: /map
I/System.out( 8943): params: {json={"query":"* id:'agreeAndContinueButton'","operation":{"method_name":"query","arguments":[]}}
I/System.out( 8943): }
W/ResourceType( 8943): No known package when getting name for resource number 0xffffffff
W/ResourceType( 8943): No known package when getting name for resource number 0xffffffff
W/ResourceType( 8943): No known package when getting name for resource number 0xffffffff
W/ResourceType( 8943): No known package when getting name for resource number 0xffffffff
W/ResourceType( 8943): No known package when getting name for resource number 0xffffffff
W/ResourceType( 8943): No known package when getting name for resource number 0xffffffff
W/ResourceType( 8943): No known package when getting name for resource number 0xffffffff
I/System.out( 8943): URI: /map
I/System.out( 8943): params: {json={"query":"* id:'agreeAndContinueButton'","operation":{"method_name":"query","arguments":[]}}
I/System.out( 8943): }
W/ResourceType( 8943): No known package when getting name for resource number 0xffffffff
W/ResourceType( 8943): No known package when getting name for resource number 0xffffffff
W/ResourceType( 8943): No known package when getting name for resource number 0xffffffff
W/ResourceType( 8943): No known package when getting name for resource number 0xffffffff
W/ResourceType( 8943): No known package when getting name for resource number 0xffffffff
W/ResourceType( 8943): No known package when getting name for resource number 0xffffffff
W/ResourceType( 8943): No known package when getting name for resource number 0xffffffff
I/ServiceManager(  535): Waiting for service AtCmdFwd...
I/System.out( 8943): URI: /
I/System.out( 8943): params: {json={"command":"touch_coordinate","arguments":[720.0,2273.0]}
I/System.out( 8943): }
I/System.out( 8943): header: {content-length=57, host=devicehost47.prod, x-session-token=token-token-c02511b5-7994-46ea-a4e2-85bffa69c8b6, x-forwarded-for=10.222.150.18, content-type=application/json; charset=utf-8, connection=close}
I/System.out( 8943): params: {json={"command":"touch_coordinate","arguments":[720.0,2273.0]}
I/System.out( 8943): }
I/System.out( 8943): ProP json = {"command":"touch_coordinate","arguments":[720.0,2273.0]}
I/System.out( 8943): files: {}
I/System.out( 8943): command: {"command":"touch_coordinate","arguments":[720.0,2273.0]}
I/InstrumentationBackend( 8943): Got command:'Command:'Line:null,touch_coordinate', arguments:'[720.0, 2273.0]'
D/WifiStateMachine(  927): starting scan for "xtc-ag"WPA_PSK with 5240,5200,5180
D/Mono    ( 8943): [0xd9ca5930] worker starting
I/calabash( 8943): execStartActivity 4
I/ActivityManager(  927): START u0 {cmp=com.careerbuilder.SugarDrone/md537fd6201b6818e2e180d2f7606e21a83.ValuePropActivity} from uid 18055 on display 0
D/audio_hw_primary(  512): out_set_parameters: enter: usecase(1: low-latency-playback) kvpairs: routing=2
I/calabash( 8943): newActivity1
D/audio_hw_primary(  512): select_devices: out_snd_device(2: speaker) in_snd_device(0: none)
D/msm8974_platform(  512): platform_send_audio_calibration: sending audio calibration for snd_device(2) acdb_id(15)
I/soundtrigger(  512): audio_extn_sound_trigger_update_device_status: device 0x2 of type 0 for Event 1
D/Mono    ( 8943): Assembly Ref addref CareerBuilder_Search.Droid[0xef669080] -> System.Core[0xef66a580]: 13
D/audio_hw_primary(  512): enable_snd_device: snd_device(2: speaker)
D/audio_hw_primary(  512): enable_audio_route: apply and update mixer path: low-latency-playback speaker
D/Mono    ( 8943): DllImport searching in: '__Internal' ('(null)').
D/Mono    ( 8943): Searching for 'java_interop_jnienv_call_nonvirtual_object_method'.
D/Mono    ( 8943): Probing 'java_interop_jnienv_call_nonvirtual_object_method'.
D/Mono    ( 8943): Found as 'java_interop_jnienv_call_nonvirtual_object_method'.
D/Mono    ( 8943): DllImport searching in: '__Internal' ('(null)').
D/Mono    ( 8943): Searching for 'java_interop_jnienv_get_float_field'.
D/Mono    ( 8943): Probing 'java_interop_jnienv_get_float_field'.
D/Mono    ( 8943): Found as 'java_interop_jnienv_get_float_field'.
D/Mono    ( 8943): DllImport searching in: '__Internal' ('(null)').
D/Mono    ( 8943): Searching for 'java_interop_jnienv_call_nonvirtual_int_method_a'.
D/Mono    ( 8943): Probing 'java_interop_jnienv_call_nonvirtual_int_method_a'.
D/Mono    ( 8943): Found as 'java_interop_jnienv_call_nonvirtual_int_method_a'.
D/Mono    ( 8943): Assembly Ref addref System.Net.Http[0xef66adc0] -> System.Core[0xef66a580]: 14
I/System.out( 8943): result:{"bonusInformation":[],"message":"","success":true}
D/Mono    ( 8943): Assembly Ref addref CareerBuilder_Search.Droid[0xef669080] -> Newtonsoft.Json[0xef669b60]: 4
D/Mono    ( 8943): DllImport searching in: '__Internal' ('(null)').
D/Mono    ( 8943): Searching for 'java_interop_jnienv_new_object_array'.
D/Mono    ( 8943): Probing 'java_interop_jnienv_new_object_array'.
D/Mono    ( 8943): Found as 'java_interop_jnienv_new_object_array'.
D/Mono    ( 8943): DllImport searching in: '__Internal' ('(null)').
D/Mono    ( 8943): Searching for 'java_interop_jnienv_set_object_array_element'.
D/Mono    ( 8943): Probing 'java_interop_jnienv_set_object_array_element'.
D/Mono    ( 8943): Found as 'java_interop_jnienv_set_object_array_element'.
D/Mono    ( 8943): Assembly Ref addref Mono.Android[0xef669f80] -> System[0xef66a220]: 12
I/System.out( 8943): URI: /backdoor
