<![CDATA[I/ServiceManager( 5661): Waiting for service AtCmdFwd...
I/ServiceManager( 5661): Waiting for service AtCmdFwd...
W/Atfwd_Sendcmd( 5661): AtCmdFwd service not published, waiting... retryCnt : 1

]]><xtc-scenario name="[0-1002]CareerBuilder_Search.DroidFeatureTests.AfterApplyTests.DoneGoesToMyCB" id="[0-1002]CareerBuilder_Search.DroidFeatureTests.AfterApplyTests.DoneGoesToMyCB"><![CDATA[

]]><xtc-step name="[0-1002]CareerBuilder_Search.DroidFeatureTests.AfterApplyTests.DoneGoesToMyCB-DoneGoesToMyCB" id="[0-1002]CareerBuilder_Search.DroidFeatureTests.AfterApplyTests.DoneGoesToMyCB-DoneGoesToMyCB"><![CDATA[
I/ActivityManager(  926): Killing 7186:com.google.android.apps.gcs/u0a11 (adj 15): empty #17
D/AndroidRuntime( 8286): >>>>>> START com.android.internal.os.RuntimeInit uid 2000 <<<<<<
D/AndroidRuntime( 8286): CheckJNI is OFF
D/ICU     ( 8286): No timezone override file found: /data/misc/zoneinfo/current/icu/icu_tzdata.dat
I/Radio-JNI( 8286): register_android_hardware_Radio DONE
D/AndroidRuntime( 8286): Calling main entry com.android.commands.pm.Pm
I/art     ( 8286): System.exit called, status: 0
I/AndroidRuntime( 8286): VM exiting with result code 0.
I/ServiceManager( 5661): Waiting for service AtCmdFwd...
I/ServiceManager( 5661): Waiting for service AtCmdFwd...
D/WifiStateMachine(  926): starting scan for "xtc-ag"WPA_PSK with 5240,5220,5200,5180
I/ServiceManager( 5661): Waiting for service AtCmdFwd...
I/ServiceManager( 5661): Waiting for service AtCmdFwd...
I/ServiceManager( 5661): Waiting for service AtCmdFwd...
W/Atfwd_Sendcmd( 5661): AtCmdFwd service not published, waiting... retryCnt : 2
I/ThermalEngine(  519): ACTION: GPU - Setting GPU[0] to 510000000
I/ServiceManager( 5661): Waiting for service AtCmdFwd...
I/ServiceManager( 5661): Waiting for service AtCmdFwd...
I/ServiceManager( 5661): Waiting for service AtCmdFwd...
I/ServiceManager( 5661): Waiting for service AtCmdFwd...
I/ServiceManager( 5661): Waiting for service AtCmdFwd...
W/Atfwd_Sendcmd( 5661): AtCmdFwd service not published, waiting... retryCnt : 3
D/NetlinkSocketObserver(  926): NeighborEvent{elapsedMs=836160, 10.22.0.1, [B0FAEB975089], RTM_NEWNEIGH, NUD_STALE}
I/Keyboard.Facilitator.LanguageModelFlusher( 3374): run()
I/Keyboard.Facilitator( 3374): flushDynamicLanguageModels()
I/ServiceManager( 5661): Waiting for service AtCmdFwd...
I/ServiceManager( 5661): Waiting for service AtCmdFwd...
I/ServiceManager( 5661): Waiting for service AtCmdFwd...
I/ServiceManager( 5661): Waiting for service AtCmdFwd...
I/ServiceManager( 5661): Waiting for service AtCmdFwd...
W/Atfwd_Sendcmd( 5661): AtCmdFwd service not published, waiting... retryCnt : 4
D/WifiStateMachine(  926): starting scan for "xtc-ag"WPA_PSK with 5240,5220,5200,5180
W/ip      ( 9012): type=1400 audit(0.0:76): avc: denied { search } for name="net" dev="dm-2" ino=3440648 scontext=u:r:shell:s0 tcontext=u:object_r:net_data_file:s0 tclass=dir permissive=0
D/AndroidRuntime( 9105): >>>>>> START com.android.internal.os.RuntimeInit uid 2000 <<<<<<
D/AndroidRuntime( 9105): CheckJNI is OFF
D/ICU     ( 9105): No timezone override file found: /data/misc/zoneinfo/current/icu/icu_tzdata.dat
I/Radio-JNI( 9105): register_android_hardware_Radio DONE
D/AndroidRuntime( 9105): Calling main entry com.android.commands.am.Am
W/ActivityManager(  926): Invalid packageName: com.careerbuilder.SugarDrone
D/AndroidRuntime( 9105): Shutting down VM
I/ThermalEngine(  519): ACTION: GPU - Setting GPU[0] to 450000000
I/ServiceManager( 5661): Waiting for service AtCmdFwd...
I/ServiceManager( 5661): Waiting for service AtCmdFwd...
D/WifiStateMachine(  926): starting scan for "xtc-ag"WPA_PSK with 5240,5220,5200,5180
I/ServiceManager( 5661): Waiting for service AtCmdFwd...
I/ServiceManager( 5661): Waiting for service AtCmdFwd...
I/ServiceManager( 5661): Waiting for service AtCmdFwd...
W/Atfwd_Sendcmd( 5661): AtCmdFwd service not published, waiting... retryCnt : 5
D/AndroidRuntime( 9505): >>>>>> START com.android.internal.os.RuntimeInit uid 2000 <<<<<<
D/AndroidRuntime( 9505): CheckJNI is OFF
D/ICU     ( 9505): No timezone override file found: /data/misc/zoneinfo/current/icu/icu_tzdata.dat
I/Radio-JNI( 9505): register_android_hardware_Radio DONE
D/AndroidRuntime( 9505): Calling main entry com.android.commands.pm.Pm
I/ActivityManager(  926): Start proc 9524:com.android.defcontainer/u0a7 for service com.android.defcontainer/.DefaultContainerService
D/DefContainer( 9524): Copying /data/local/tmp/0000003145 to base.apk
I/PackageManager.DexOptimizer(  926): Running dexopt (dex2oat) on: /data/app/vmdl1873113234.tmp/base.apk pkg=com.careerbuilder.SugarDrone isa=arm vmSafeMode=false debuggable=true oatDir = /data/app/vmdl1873113234.tmp/oat bootComplete=true
I/dex2oat ( 9561): /system/bin/dex2oat -j2 --debuggable
W/dex2oat ( 9561): Before Android 4.1, method android.graphics.PorterDuffColorFilter android.support.graphics.drawable.VectorDrawableCompat.updateTintFilter(android.graphics.PorterDuffColorFilter, android.content.res.ColorStateList, android.graphics.PorterDuff$Mode) would have incorrectly overridden the package-private method in android.graphics.drawable.Drawable
W/dex2oat ( 9561): Before Android 4.1, method int android.support.v7.widget.ListViewCompat.lookForSelectablePosition(int, boolean) would have incorrectly overridden the package-private method in android.widget.ListView
I/dex2oat ( 9561): dex2oat took 4.531s (threads: 2) arena alloc=642KB java alloc=5MB native alloc=20MB free=3MB
W/PackageManager(  926): Not granting permission android.permission.MANAGE_DOCUMENTS to package com.careerbuilder.SugarDrone (protectionLevel=2 flags=0x3808be46)
W/PackageManager(  926): Not granting permission android.permission.MOUNT_UNMOUNT_FILESYSTEMS to package com.careerbuilder.SugarDrone (protectionLevel=18 flags=0x3808be46)
V/BackupManagerService(  926): restoreAtInstall pkg=com.careerbuilder.SugarDrone token=5 restoreSet=0
V/BackupManagerService(  926): Finishing install immediately
W/Settings(  926): Setting install_non_market_apps has moved from android.provider.Settings.Global to android.provider.Settings.Secure, returning read-only value.
I/art     (  926): Starting a blocking GC Explicit
I/art     (  926): Explicit concurrent mark sweep GC freed 53296(3MB) AllocSpace objects, 7(300KB) LOS objects, 33% free, 30MB/45MB, paused 1.514ms total 85.925ms
I/art     ( 9505): System.exit called, status: 0
I/AndroidRuntime( 9505): VM exiting with result code 0.
I/InputReader(  926): Reconfiguring input devices.  changes=0x00000010
I/ActivityManager(  926): Start proc 9641:com.android.musicfx/u0a21 for broadcast com.android.musicfx/.Compatibility$Receiver
D/CarrierServiceBindHelper( 3521): Receive action: android.intent.action.PACKAGE_ADDED
D/CarrierServiceBindHelper( 3521): mHandler: 3
D/CarrierConfigLoader( 3521): mHandler: 9 phoneId: 0
W/System  ( 9641): ClassLoader referenced unknown path: /system/priv-app/MusicFX/lib/arm64
I/ActivityManager(  926): Start proc 9656:com.android.vending/u0a22 for broadcast com.android.vending/com.google.android.finsky.receivers.PackageMonitorReceiver$RegisteredReceiver
I/ActivityManager(  926): Killing 7354:com.google.android.music:main/u0a59 (adj 15): empty #17
W/System  ( 9656): ClassLoader referenced unknown path: /system/priv-app/Phonesky/lib/arm64
W/Finsky  ( 9656): [1] FinskyApp.getCurrentAccount: No account configured on this device.
D/Finsky  ( 9656): [1] FinskyApp.onCreate: Initializing network with DFE https://android.clients.google.com/fdfe/
W/Finsky  ( 9656): [1] FinskyApp.getCurrentAccount: No account configured on this device.
W/Finsky  ( 9656): [1] FinskyApp.getCurrentAccount: No account configured on this device.
W/Finsky  ( 9656): [1] FinskyApp.getCurrentAccount: No account configured on this device.
W/Finsky  ( 9656): [1] FinskyApp.getCurrentAccount: No account configured on this device.
W/Finsky  ( 9656): [1] FinskyApp.getCurrentAccount: No account configured on this device.
W/Finsky  ( 9656): [1] FinskyApp.getCurrentAccount: No account configured on this device.
W/Finsky  ( 9656): [1] FinskyApp.getCurrentAccount: No account configured on this device.
D/Finsky  ( 9656): [1] DailyHygiene.goMakeHygieneIfDirty: No need to run daily hygiene.
W/Settings( 9656): Setting download_manager_max_bytes_over_mobile has moved from android.provider.Settings.Secure to android.provider.Settings.Global.
W/Settings( 9656): Setting download_manager_recommended_max_bytes_over_mobile has moved from android.provider.Settings.Secure to android.provider.Settings.Global.
W/Finsky  ( 9656): [1] FinskyApp.getCurrentAccount: No account configured on this device.
W/Finsky  ( 9656): [1] FinskyApp.getCurrentAccount: No account configured on this device.
W/Finsky  ( 9656): [1] FinskyApp.getDfeApi: No account configured on this device.
W/Finsky  ( 9656): [1] FinskyApp.getCurrentAccount: No account configured on this device.
D/Finsky  ( 9656): [1] ExternalReferrer.access$200: Package state data is missing for com.careerbuilder.SugarDrone
D/Ads     ( 9656): Skipping gmscore version check
I/ActivityManager(  926): Start proc 9700:com.google.android.apps.docs/u0a43 for broadcast com.google.android.apps.docs/.receivers.AppPackageAddRemoveReceiver
I/UpdateIcingCorporaServi( 4921): Updating corpora: APPS=com.careerbuilder.SugarDrone, CONTACTS=MAYBE
D/Finsky  ( 9656): [1] GmsCoreHelper.cleanupNlp: result=false type=4
W/System  ( 9700): ClassLoader referenced unknown path: /system/app/Drive/lib/arm64
D/Finsky  ( 9656): [1] RestoreTracker.stopServiceIfDone: Restore complete with 0 success and 0 failed.
W/Finsky  ( 9656): [1] FinskyApp.getCurrentAccount: No account configured on this device.
W/Finsky  ( 9656): [1] FinskyApp.getCurrentAccount: No account configured on this device.
W/IcingInternalCorpora( 4248): getNumBytesRead when not calculated.
I/UpdateIcingCorporaServi( 4921): UpdateCorporaTask done [took 179 ms] updated apps [took 179 ms] 
I/Icing   ( 4248): Usage reports 0 indexed 0 rejected 0 imm upload true
I/GAv4    ( 9700): Google Analytics 7.8.95 is starting up. To enable debug logging on a device run:
I/GAv4    ( 9700):   adb shell setprop log.tag.GAv4 DEBUG
I/GAv4    ( 9700):   adb logcat -s GAv4
W/GAv4    ( 9700): AnalyticsReceiver is not registered or is disabled. Register the receiver for reliable dispatching on non-Google Play devices. See http://goo.gl/8Rd3yj for instructions.
W/GAv4    ( 9700): CampaignTrackingReceiver is not registered, not exported or is disabled. Installation campaign tracking is not possible. See http://goo.gl/8Rd3yj for instructions.
W/AnalyticsTrackerProxyImpl( 9700): Analytics setup for ID UA-21125203-2, app name Drive, version 2.3.327.05.46
D/AndroidRuntime( 9692): >>>>>> START com.android.internal.os.RuntimeInit uid 2000 <<<<<<
D/AndroidRuntime( 9692): CheckJNI is OFF
W/GAv4    ( 9700): AnalyticsService not registered in the app manifest. Hits might not be delivered reliably. See http://goo.gl/8Rd3yj for instructions.
D/ICU     ( 9692): No timezone override file found: /data/misc/zoneinfo/current/icu/icu_tzdata.dat
I/Radio-JNI( 9692): register_android_hardware_Radio DONE
I/ActivityManager(  926): Killing 7954:com.android.providers.calendar/u0a1 (adj 15): empty #17
D/AndroidRuntime( 9692): Calling main entry com.android.commands.settings.SettingsCmd
D/AndroidRuntime( 9692): Shutting down VM
D/Wear_Controller( 4248): Received broadcast action=android.intent.action.PACKAGE_ADDED and uri=com.careerbuilder.SugarDrone
I/PeopleContactsSync( 4248): triggerPendingContactsCleanup: no accounts
I/Icing   ( 4248): Usage reports 0 indexed 0 rejected 0 imm upload false
I/Icing   ( 4248): Usage reports 0 indexed 0 rejected 0 imm upload false
W/linker  ( 9700): /data/app/com.google.android.gms-2/lib/arm64/libconscrypt_gmscore_jni.so: unused DT entry: type 0x1d arg 0x80
V/JNIHelp ( 9700): Registering com/google/android/gms/org/conscrypt/NativeCrypto's 242 native methods...
I/art     ( 9700): Rejecting re-init on previously-failed class java.lang.Class<com.google.android.gms.org.conscrypt.OpenSSLExtendedSessionImpl>
I/art     ( 9700): Rejecting re-init on previously-failed class java.lang.Class<com.google.android.gms.org.conscrypt.OpenSSLExtendedSessionImpl>
I/ProviderInstaller( 9700): Installed default security provider GmsCore_OpenSSL
I/Icing   ( 4248): Indexing 30F0BE597630D714C34463EDBCB0E07AE3414F19 from com.google.android.googlequicksearchbox
I/Icing   ( 4248): Indexing done 30F0BE597630D714C34463EDBCB0E07AE3414F19
I/ThermalEngine(  519): ACTION: GPU - Setting GPU[0] to 390000000
D/AndroidRuntime( 9768): >>>>>> START com.android.internal.os.RuntimeInit uid 2000 <<<<<<
D/AndroidRuntime( 9768): CheckJNI is OFF
D/ICU     ( 9768): No timezone override file found: /data/misc/zoneinfo/current/icu/icu_tzdata.dat
I/Radio-JNI( 9768): register_android_hardware_Radio DONE
D/AndroidRuntime( 9768): Calling main entry com.android.commands.settings.SettingsCmd
D/AndroidRuntime( 9768): Shutting down VM
I/Icing   ( 4248): Indexing DD3FF9FE5EFE52F3C27F3CC5AE528200DF987AFE from com.google.android.gms
I/Icing   ( 4248): Indexing done DD3FF9FE5EFE52F3C27F3CC5AE528200DF987AFE
D/AndroidRuntime( 9792): >>>>>> START com.android.internal.os.RuntimeInit uid 2000 <<<<<<
D/AndroidRuntime( 9792): CheckJNI is OFF
D/ICU     ( 9792): No timezone override file found: /data/misc/zoneinfo/current/icu/icu_tzdata.dat
I/Radio-JNI( 9792): register_android_hardware_Radio DONE
D/AndroidRuntime( 9792): Calling main entry com.android.commands.settings.SettingsCmd
D/AndroidRuntime( 9792): Shutting down VM
D/AndroidRuntime( 9816): >>>>>> START com.android.internal.os.RuntimeInit uid 2000 <<<<<<
D/AndroidRuntime( 9816): CheckJNI is OFF
D/ICU     ( 9816): No timezone override file found: /data/misc/zoneinfo/current/icu/icu_tzdata.dat
I/Radio-JNI( 9816): register_android_hardware_Radio DONE
D/AndroidRuntime( 9816): Calling main entry com.android.commands.settings.SettingsCmd
D/AndroidRuntime( 9816): Shutting down VM
I/ActivityManager(  926): Killing 7535:com.google.android.talk/u0a53 (adj 15): empty #17
I/ThermalEngine(  519): ACTION: GPU - Setting GPU[0] to 450000000
D/AndroidRuntime( 9837): >>>>>> START com.android.internal.os.RuntimeInit uid 2000 <<<<<<
D/AndroidRuntime( 9837): CheckJNI is OFF
D/ICU     ( 9837): No timezone override file found: /data/misc/zoneinfo/current/icu/icu_tzdata.dat
I/Radio-JNI( 9837): register_android_hardware_Radio DONE
D/AndroidRuntime( 9837): Calling main entry com.android.commands.settings.SettingsCmd
D/AndroidRuntime( 9837): Shutting down VM
D/AndroidRuntime( 9861): >>>>>> START com.android.internal.os.RuntimeInit uid 2000 <<<<<<
D/AndroidRuntime( 9861): CheckJNI is OFF
D/ICU     ( 9861): No timezone override file found: /data/misc/zoneinfo/current/icu/icu_tzdata.dat
I/Radio-JNI( 9861): register_android_hardware_Radio DONE
D/AndroidRuntime( 9861): Calling main entry com.android.commands.appops.AppOpsCommand
D/AndroidRuntime( 9861): Shutting down VM
D/AndroidRuntime( 9885): >>>>>> START com.android.internal.os.RuntimeInit uid 2000 <<<<<<
D/AndroidRuntime( 9885): CheckJNI is OFF
D/ICU     ( 9885): No timezone override file found: /data/misc/zoneinfo/current/icu/icu_tzdata.dat
I/Radio-JNI( 9885): register_android_hardware_Radio DONE
D/AndroidRuntime( 9885): Calling main entry com.android.commands.pm.Pm
D/NetlinkSocketObserver(  926): NeighborEvent{elapsedMs=902510, 10.22.0.1, [B0FAEB975089], RTM_NEWNEIGH, NUD_REACHABLE}
I/art     ( 9885): System.exit called, status: 0
I/AndroidRuntime( 9885): VM exiting with result code 0.
I/ActivityManager(  926): Killing 7561:com.google.android.apps.photos/u0a62 (adj 15): empty #17
D/AndroidRuntime( 9930): >>>>>> START com.android.internal.os.RuntimeInit uid 2000 <<<<<<
D/AndroidRuntime( 9930): CheckJNI is OFF
D/ICU     ( 9930): No timezone override file found: /data/misc/zoneinfo/current/icu/icu_tzdata.dat
I/Radio-JNI( 9930): register_android_hardware_Radio DONE
D/AndroidRuntime( 9930): Calling main entry com.android.commands.pm.Pm
I/art     ( 9930): System.exit called, status: 0
I/AndroidRuntime( 9930): VM exiting with result code 0.
I/Atfwd_Sendcmd( 5661): AtCmdFwd service not ready - Exhausted retry attempts - :6
I/Atfwd_Daemon( 5661): result : -1 	 ,Init step :2 	 ,qmiErrorCode: 0
D/AndroidRuntime(10005): >>>>>> START com.android.internal.os.RuntimeInit uid 2000 <<<<<<
D/AndroidRuntime(10005): CheckJNI is OFF
D/ICU     (10005): No timezone override file found: /data/misc/zoneinfo/current/icu/icu_tzdata.dat
I/Radio-JNI(10005): register_android_hardware_Radio DONE
D/AndroidRuntime(10005): Calling main entry com.android.commands.am.Am
W/ActivityManager(  926): Invalid packageName: com.careerbuilder.SugarDrone.test
D/AndroidRuntime(10005): Shutting down VM
D/AndroidRuntime(10033): >>>>>> START com.android.internal.os.RuntimeInit uid 2000 <<<<<<
D/AndroidRuntime(10033): CheckJNI is OFF
D/ICU     (10033): No timezone override file found: /data/misc/zoneinfo/current/icu/icu_tzdata.dat
I/Radio-JNI(10033): register_android_hardware_Radio DONE
D/AndroidRuntime(10033): Calling main entry com.android.commands.pm.Pm
D/DefContainer( 9524): Copying /data/local/tmp/0000003148 to base.apk
I/PackageManager.DexOptimizer(  926): Running dexopt (dex2oat) on: /data/app/vmdl72128931.tmp/base.apk pkg=com.careerbuilder.SugarDrone.test isa=arm64 vmSafeMode=false debuggable=false oatDir = /data/app/vmdl72128931.tmp/oat bootComplete=true
I/dex2oat (10055): /system/bin/dex2oat -j2
W/dex2oat (10055): No verified method for method calling String.<init>: java.lang.String android.text.TextUtils.substring(java.lang.CharSequence, int, int)
W/dex2oat (10055): No verified method for method calling String.<init>: java.lang.String android.text.TextUtils.substring(java.lang.CharSequence, int, int)
I/dex2oat (10055): Skipping compilation of void sh.calaba.org.codehaus.jackson.impl.Utf8StreamParser._skipString(): it contains a non natural loop
I/ThermalEngine(  519): ACTION: GPU - Setting GPU[0] to 390000000
I/dex2oat (10055): dex2oat took 2.275s (threads: 2) arena alloc=2MB java alloc=2MB native alloc=9MB free=2MB
W/PackageManager(  926): Not granting permission android.permission.ACCESS_MOCK_LOCATION to package com.careerbuilder.SugarDrone.test (protectionLevel=2 flags=0x1800be44)
V/BackupManagerService(  926): restoreAtInstall pkg=com.careerbuilder.SugarDrone.test token=6 restoreSet=0
V/BackupManagerService(  926): Finishing install immediately
W/Settings(  926): Setting install_non_market_apps has moved from android.provider.Settings.Global to android.provider.Settings.Secure, returning read-only value.
I/art     (  926): Starting a blocking GC Explicit
D/Finsky  ( 9656): [396] AppStatesReplicator.handleContentSyncResponse: Completed 0 account content syncs with 0 successful.
D/Finsky  ( 9656): [1] ContentSyncService$5.onFinished: Installation state replication succeeded.
I/art     (  926): Explicit concurrent mark sweep GC freed 102279(6MB) AllocSpace objects, 16(356KB) LOS objects, 33% free, 30MB/45MB, paused 1.665ms total 106.340ms
I/art     (10033): System.exit called, status: 0
I/AndroidRuntime(10033): VM exiting with result code 0.
I/InputReader(  926): Reconfiguring input devices.  changes=0x00000010
D/CarrierServiceBindHelper( 3521): Receive action: android.intent.action.PACKAGE_ADDED
D/CarrierServiceBindHelper( 3521): mHandler: 3
D/CarrierConfigLoader( 3521): mHandler: 9 phoneId: 0
D/Finsky  ( 9656): [1] ExternalReferrer.access$200: Package state data is missing for com.careerbuilder.SugarDrone.test
I/UpdateIcingCorporaServi( 4921): Updating corpora: APPS=com.careerbuilder.SugarDrone.test, CONTACTS=MAYBE
I/UpdateIcingCorporaServi( 4921): UpdateCorporaTask done [took 98 ms] updated apps [took 98 ms] 
D/Wear_Controller( 4248): Received broadcast action=android.intent.action.PACKAGE_ADDED and uri=com.careerbuilder.SugarDrone.test
I/PeopleContactsSync( 4248): triggerPendingContactsCleanup: no accounts
W/IcingInternalCorpora( 4248): getNumBytesRead when not calculated.
I/Icing   ( 4248): Usage reports 0 indexed 0 rejected 0 imm upload false
I/Icing   ( 4248): Usage reports 0 indexed 0 rejected 0 imm upload false
D/AndroidRuntime(10119): >>>>>> START com.android.internal.os.RuntimeInit uid 2000 <<<<<<
D/AndroidRuntime(10119): CheckJNI is OFF
D/ICU     (10119): No timezone override file found: /data/misc/zoneinfo/current/icu/icu_tzdata.dat
I/Radio-JNI(10119): register_android_hardware_Radio DONE
D/AndroidRuntime(10119): Calling main entry com.android.commands.settings.SettingsCmd
D/AndroidRuntime(10119): Shutting down VM
I/Icing   ( 4248): Indexing DD3FF9FE5EFE52F3C27F3CC5AE528200DF987AFE from com.google.android.gms
I/Icing   ( 4248): Indexing done DD3FF9FE5EFE52F3C27F3CC5AE528200DF987AFE
D/AndroidRuntime(10156): >>>>>> START com.android.internal.os.RuntimeInit uid 2000 <<<<<<
D/AndroidRuntime(10156): CheckJNI is OFF
D/ICU     (10156): No timezone override file found: /data/misc/zoneinfo/current/icu/icu_tzdata.dat
I/Radio-JNI(10156): register_android_hardware_Radio DONE
D/AndroidRuntime(10156): Calling main entry com.android.commands.settings.SettingsCmd
D/AndroidRuntime(10156): Shutting down VM
D/AndroidRuntime(10182): >>>>>> START com.android.internal.os.RuntimeInit uid 2000 <<<<<<
D/AndroidRuntime(10182): CheckJNI is OFF
D/ICU     (10182): No timezone override file found: /data/misc/zoneinfo/current/icu/icu_tzdata.dat
I/ThermalEngine(  519): ACTION: GPU - Setting GPU[0] to 450000000
I/Radio-JNI(10182): register_android_hardware_Radio DONE
D/AndroidRuntime(10182): Calling main entry com.android.commands.settings.SettingsCmd
D/AndroidRuntime(10182): Shutting down VM
D/AndroidRuntime(10206): >>>>>> START com.android.internal.os.RuntimeInit uid 2000 <<<<<<
D/AndroidRuntime(10206): CheckJNI is OFF
D/ICU     (10206): No timezone override file found: /data/misc/zoneinfo/current/icu/icu_tzdata.dat
I/Radio-JNI(10206): register_android_hardware_Radio DONE
D/AndroidRuntime(10206): Calling main entry com.android.commands.settings.SettingsCmd
D/AndroidRuntime(10206): Shutting down VM
D/AndroidRuntime(10227): >>>>>> START com.android.internal.os.RuntimeInit uid 2000 <<<<<<
D/AndroidRuntime(10227): CheckJNI is OFF
D/ICU     (10227): No timezone override file found: /data/misc/zoneinfo/current/icu/icu_tzdata.dat
I/Radio-JNI(10227): register_android_hardware_Radio DONE
D/AndroidRuntime(10227): Calling main entry com.android.commands.settings.SettingsCmd
D/AndroidRuntime(10227): Shutting down VM
D/AndroidRuntime(10250): >>>>>> START com.android.internal.os.RuntimeInit uid 2000 <<<<<<
D/AndroidRuntime(10250): CheckJNI is OFF
D/ICU     (10250): No timezone override file found: /data/misc/zoneinfo/current/icu/icu_tzdata.dat
I/Radio-JNI(10250): register_android_hardware_Radio DONE
D/AndroidRuntime(10250): Calling main entry com.android.commands.appops.AppOpsCommand
D/AndroidRuntime(10250): Shutting down VM
D/WifiStateMachine(  926): starting scan for "xtc-ag"WPA_PSK with 5240,5220,5200,5180
W/ip      (10278): type=1400 audit(0.0:77): avc: denied { search } for name="net" dev="dm-2" ino=3440648 scontext=u:r:shell:s0 tcontext=u:object_r:net_data_file:s0 tclass=dir permissive=0
D/AndroidRuntime(10273): >>>>>> START com.android.internal.os.RuntimeInit uid 2000 <<<<<<
D/AndroidRuntime(10273): CheckJNI is OFF
D/ICU     (10273): No timezone override file found: /data/misc/zoneinfo/current/icu/icu_tzdata.dat
I/Radio-JNI(10273): register_android_hardware_Radio DONE
D/AndroidRuntime(10273): Calling main entry com.android.commands.pm.Pm
I/art     (10273): System.exit called, status: 0
I/AndroidRuntime(10273): VM exiting with result code 0.
D/AndroidRuntime(10319): >>>>>> START com.android.internal.os.RuntimeInit uid 2000 <<<<<<
D/AndroidRuntime(10319): CheckJNI is OFF
D/ICU     (10319): No timezone override file found: /data/misc/zoneinfo/current/icu/icu_tzdata.dat
I/Radio-JNI(10319): register_android_hardware_Radio DONE
D/AndroidRuntime(10319): Calling main entry com.android.commands.pm.Pm
I/art     (10319): System.exit called, status: 0
I/AndroidRuntime(10319): VM exiting with result code 0.
I/ServiceManager( 5661): Waiting for service AtCmdFwd...
I/ThermalEngine(  519): ACTION: GPU - Setting GPU[0] to 390000000
I/ServiceManager( 5661): Waiting for service AtCmdFwd...
I/ServiceManager( 5661): Waiting for service AtCmdFwd...
D/AndroidRuntime(10380): >>>>>> START com.android.internal.os.RuntimeInit uid 2000 <<<<<<
D/AndroidRuntime(10380): CheckJNI is OFF
D/ICU     (10380): No timezone override file found: /data/misc/zoneinfo/current/icu/icu_tzdata.dat
I/Radio-JNI(10380): register_android_hardware_Radio DONE
D/AndroidRuntime(10380): Calling main entry com.android.commands.input.Input
I/Input   (10380): injectKeyEvent: KeyEvent { action=ACTION_DOWN, keyCode=KEYCODE_BACK, scanCode=0, metaState=0, flags=0x0, repeatCount=0, eventTime=922861, downTime=922861, deviceId=-1, source=0x101 }
I/Input   (10380): injectKeyEvent: KeyEvent { action=ACTION_UP, keyCode=KEYCODE_BACK, scanCode=0, metaState=0, flags=0x0, repeatCount=0, eventTime=922861, downTime=922861, deviceId=-1, source=0x101 }
D/EmojiAltPhysicalKeyDetector( 3374): onKeyUp() : KeyEvent { action=ACTION_UP, keyCode=KEYCODE_BACK, scanCode=0, metaState=0, flags=0x0, repeatCount=0, eventTime=922861, downTime=922861, deviceId=-1, source=0x101 }
D/EmojiAltPhysicalKeyDetector( 3374): onKeyUp() : Disabled
D/AndroidRuntime(10380): Shutting down VM
I/ServiceManager( 5661): Waiting for service AtCmdFwd...
I/ThermalEngine(  519): ACTION: GPU - Setting GPU[0] to 450000000
I/ServiceManager( 5661): Waiting for service AtCmdFwd...
D/AndroidRuntime(10433): >>>>>> START com.android.internal.os.RuntimeInit uid 2000 <<<<<<
D/AndroidRuntime(10433): CheckJNI is OFF
D/ICU     (10433): No timezone override file found: /data/misc/zoneinfo/current/icu/icu_tzdata.dat
I/Radio-JNI(10433): register_android_hardware_Radio DONE
D/AndroidRuntime(10433): Calling main entry com.android.commands.input.Input
I/Input   (10433): injectKeyEvent: KeyEvent { action=ACTION_DOWN, keyCode=KEYCODE_HOME, scanCode=0, metaState=0, flags=0x0, repeatCount=0, eventTime=924687, downTime=924687, deviceId=-1, source=0x101 }
I/Input   (10433): injectKeyEvent: KeyEvent { action=ACTION_UP, keyCode=KEYCODE_HOME, scanCode=0, metaState=0, flags=0x0, repeatCount=0, eventTime=924687, downTime=924687, deviceId=-1, source=0x101 }
I/ActivityManager(  926): START u0 {act=android.intent.action.MAIN cat=[android.intent.category.HOME] flg=0x10200000 cmp=com.google.android.googlequicksearchbox/com.google.android.launcher.GEL (has extras)} from uid 1000 on display 0
D/AndroidRuntime(10433): Shutting down VM
I/GEL     ( 3550): handleIntent(Intent { act=android.intent.action.MAIN cat=[android.intent.category.HOME] flg=0x10200000 cmp=com.google.android.googlequicksearchbox/com.google.android.launcher.GEL (has extras) })
W/Atfwd_Sendcmd( 5661): AtCmdFwd service not published, waiting... retryCnt : 1
D/AndroidRuntime(10467): >>>>>> START com.android.internal.os.RuntimeInit uid 2000 <<<<<<
D/AndroidRuntime(10467): CheckJNI is OFF
D/ICU     (10467): No timezone override file found: /data/misc/zoneinfo/current/icu/icu_tzdata.dat
I/Radio-JNI(10467): register_android_hardware_Radio DONE
D/AndroidRuntime(10467): Calling main entry com.android.commands.input.Input
I/Input   (10467): injectKeyEvent: KeyEvent { action=ACTION_DOWN, keyCode=KEYCODE_BACK, scanCode=0, metaState=0, flags=0x0, repeatCount=0, eventTime=926105, downTime=926105, deviceId=-1, source=0x101 }
I/Input   (10467): injectKeyEvent: KeyEvent { action=ACTION_UP, keyCode=KEYCODE_BACK, scanCode=0, metaState=0, flags=0x0, repeatCount=0, eventTime=926105, downTime=926105, deviceId=-1, source=0x101 }
D/EmojiAltPhysicalKeyDetector( 3374): onKeyUp() : KeyEvent { action=ACTION_UP, keyCode=KEYCODE_BACK, scanCode=0, metaState=0, flags=0x0, repeatCount=0, eventTime=926105, downTime=926105, deviceId=-1, source=0x101 }
D/EmojiAltPhysicalKeyDetector( 3374): onKeyUp() : Disabled
D/AndroidRuntime(10467): Shutting down VM
I/ThermalEngine(  519): ACTION: GPU - Setting GPU[0] to 390000000
D/Finsky  ( 9656): [396] AppStatesReplicator.handleContentSyncResponse: Completed 0 account content syncs with 0 successful.
D/Finsky  ( 9656): [1] ContentSyncService$5.onFinished: Installation state replication succeeded.
D/AndroidRuntime(10502): >>>>>> START com.android.internal.os.RuntimeInit uid 2000 <<<<<<
D/AndroidRuntime(10502): CheckJNI is OFF
D/ICU     (10502): No timezone override file found: /data/misc/zoneinfo/current/icu/icu_tzdata.dat
I/Radio-JNI(10502): register_android_hardware_Radio DONE
D/AndroidRuntime(10502): Calling main entry com.android.commands.am.Am
I/ActivityManager(  926): Force stopping com.careerbuilder.SugarDrone appid=14564 user=0: start instr
I/ActivityManager(  926): Start proc 10522:com.careerbuilder.SugarDrone/u0a4564 for added application com.careerbuilder.SugarDrone
I/art     (10522): Late-enabling -Xcheck:jni
E/dex2oat (10536): Failed to create oat file: /data/dalvik-cache/arm/data@app@com.careerbuilder.SugarDrone.test-1@base.apk@classes.dex: Permission denied
I/dex2oat (10536): dex2oat took 687.917us (threads: 2) 
W/art     (10522): Failed execv(/system/bin/dex2oat --runtime-arg -classpath --runtime-arg  --instruction-set=arm --instruction-set-features=smp,div,-atomic_ldrd_strd --runtime-arg -Xrelocate --boot-image=/system/framework/boot.art --runtime-arg -Xms64m --runtime-arg -Xmx512m -j2 --instruction-set-variant=cortex-a7 --instruction-set-features=default --dex-file=/data/app/com.careerbuilder.SugarDrone.test-1/base.apk --oat-file=/data/dalvik-cache/arm/data@app@com.careerbuilder.SugarDrone.test-1@base.apk@classes.dex) because non-0 exit status
W/System  (10522): ClassLoader referenced unknown path: /data/app/com.careerbuilder.SugarDrone.test-1/lib/arm64
W/monodroid(10522): Using override path: /data/user/0/com.careerbuilder.SugarDrone/files/.__override__
W/monodroid(10522): Trying to load sgen from: /data/user/0/com.careerbuilder.SugarDrone/files/.__override__/libmonosgen-2.0.so
W/monodroid(10522): Trying to load sgen from: /storage/emulated/0/Android/data/com.careerbuilder.SugarDrone/files/.__override__/libmonosgen-2.0.so
W/monodroid(10522): Trying to load sgen from: /data/app/com.careerbuilder.SugarDrone-1/lib/arm/libmonosgen-2.0.so
D/Mono    (10522): Image addref mscorlib[0xea99dea0] -> mscorlib.dll[0xed2bb800]: 2
D/Mono    (10522): Prepared to set up assembly 'mscorlib' (mscorlib.dll)
D/Mono    (10522): AOT module 'mscorlib.dll.so' not found: dlopen failed: library "/data/app/com.careerbuilder.SugarDrone-1/lib/arm/libaot-mscorlib.dll.so" not found
D/Mono    (10522): AOT module '/Users/builder/data/lanes/4009/3a62f1ea/source/monodroid/builds/install/mono-armv6/lib/mono/aot-cache/arm/mscorlib.dll.so' not found: dlopen failed: library "/data/app/com.careerbuilder.SugarDrone-1/lib/arm/libaot-mscorlib.dll.so" not found
D/Mono    (10522): Config attempting to parse: 'mscorlib.dll.config'.
D/Mono    (10522): Config attempting to parse: '/Users/builder/data/lanes/4009/3a62f1ea/source/monodroid/builds/install/mono-armv6/etc/mono/assemblies/mscorlib/mscorlib.config'.
D/Mono    (10522): Assembly mscorlib[0xea99dea0] added to domain RootDomain, ref_count=1
D/Mono    (10522): Image addref CareerBuilder_Search.Droid[0xea99df00] -> CareerBuilder_Search.Droid.dll[0xed2bc700]: 2
D/Mono    (10522): Prepared to set up assembly 'CareerBuilder_Search.Droid' (CareerBuilder_Search.Droid.dll)
D/Mono    (10522): Assembly CareerBuilder_Search.Droid[0xea99df00] added to domain RootDomain, ref_count=1
D/Mono    (10522): AOT module 'CareerBuilder_Search.Droid.dll.so' not found: dlopen failed: library "/data/app/com.careerbuilder.SugarDrone-1/lib/arm/libaot-CareerBuilder_Search.Droid.dll.so" not found
D/Mono    (10522): AOT module '/Users/builder/data/lanes/4009/3a62f1ea/source/monodroid/builds/install/mono-armv6/lib/mono/aot-cache/arm/CareerBuilder_Search.Droid.dll.so' not found: dlopen failed: library "/data/app/com.careerbuilder.SugarDrone-1/lib/arm/libaot-CareerBuilder_Search.Droid.dll.so" not found
D/Mono    (10522): Config attempting to parse: 'CareerBuilder_Search.Droid.dll.config'.
D/Mono    (10522): Config attempting to parse: '/Users/builder/data/lanes/4009/3a62f1ea/source/monodroid/builds/install/mono-armv6/etc/mono/assemblies/CareerBuilder_Search.Droid/CareerBuilder_Search.Droid.config'.
D/Mono    (10522): Image addref AppsFlyerXamarinBindingAndroid[0xea99df60] -> AppsFlyerXamarinBindingAndroid.dll[0xf5436a00]: 2
D/Mono    (10522): Prepared to set up assembly 'AppsFlyerXamarinBindingAndroid' (AppsFlyerXamarinBindingAndroid.dll)
D/Mono    (10522): Assembly AppsFlyerXamarinBindingAndroid[0xea99df60] added to domain RootDomain, ref_count=1
D/Mono    (10522): AOT module 'AppsFlyerXamarinBindingAndroid.dll.so' not found: dlopen failed: library "/data/app/com.careerbuilder.SugarDrone-1/lib/arm/libaot-AppsFlyerXamarinBindingAndroid.dll.so" not found
D/Mono    (10522): AOT module '/Users/builder/data/lanes/4009/3a62f1ea/source/monodroid/builds/install/mono-armv6/lib/mono/aot-cache/arm/AppsFlyerXamarinBindingAndroid.dll.so' not found: dlopen failed: library "/data/app/com.careerbuilder.SugarDrone-1/lib/arm/libaot-AppsFlyerXamarinBindingAndroid.dll.so" not found
D/Mono    (10522): Config attempting to parse: 'AppsFlyerXamarinBindingAndroid.dll.config'.
D/Mono    (10522): Config attempting to parse: '/Users/builder/data/lanes/4009/3a62f1ea/source/monodroid/builds/install/mono-armv6/etc/mono/assemblies/AppsFlyerXamarinBindingAndroid/AppsFlyerXamarinBindingAndroid.config'.
D/Mono    (10522): Image addref HockeySDK[0xea99dfc0] -> HockeySDK.dll[0xf5436f00]: 2
D/Mono    (10522): Prepared to set up assembly 'HockeySDK' (HockeySDK.dll)
D/Mono    (10522): Assembly HockeySDK[0xea99dfc0] added to domain RootDomain, ref_count=1
D/Mono    (10522): AOT module 'HockeySDK.dll.so' not found: dlopen failed: library "/data/app/com.careerbuilder.SugarDrone-1/lib/arm/libaot-HockeySDK.dll.so" not found
D/Mono    (10522): AOT module '/Users/builder/data/lanes/4009/3a62f1ea/source/monodroid/builds/install/mono-armv6/lib/mono/aot-cache/arm/HockeySDK.dll.so' not found: dlopen failed: library "/data/app/com.careerbuilder.SugarDrone-1/lib/arm/libaot-HockeySDK.dll.so" not found
D/Mono    (10522): Config attempting to parse: 'HockeySDK.dll.config'.
D/Mono    (10522): Config attempting to parse: '/Users/builder/data/lanes/4009/3a62f1ea/source/monodroid/builds/install/mono-armv6/etc/mono/assemblies/HockeySDK/HockeySDK.config'.
D/Mono    (10522): Image addref Akavache[0xea99e020] -> Akavache.dll[0xf5437400]: 2
D/Mono    (10522): Prepared to set up assembly 'Akavache' (Akavache.dll)
D/Mono    (10522): Assembly Akavache[0xea99e020] added to domain RootDomain, ref_count=1
D/Mono    (10522): AOT module 'Akavache.dll.so' not found: dlopen failed: library "/data/app/com.careerbuilder.SugarDrone-1/lib/arm/libaot-Akavache.dll.so" not found
D/Mono    (10522): AOT module '/Users/builder/data/lanes/4009/3a62f1ea/source/monodroid/builds/install/mono-armv6/lib/mono/aot-cache/arm/Akavache.dll.so' not found: dlopen failed: library "/data/app/com.careerbuilder.SugarDrone-1/lib/arm/libaot-Akavache.dll.so" not found
D/Mono    (10522): Config attempting to parse: 'Akavache.dll.config'.
D/Mono    (10522): Config attempting to parse: '/Users/builder/data/lanes/4009/3a62f1ea/source/monodroid/builds/install/mono-armv6/etc/mono/assemblies/Akavache/Akavache.config'.
D/Mono    (10522): Image addref Akavache.Sqlite3[0xea99e080] -> Akavache.Sqlite3.dll[0xf5437900]: 2
D/Mono    (10522): Prepared to set up assembly 'Akavache.Sqlite3' (Akavache.Sqlite3.dll)
D/Mono    (10522): Assembly Akavache.Sqlite3[0xea99e080] added to domain RootDomain, ref_count=1
D/Mono    (10522): AOT module 'Akavache.Sqlite3.dll.so' not found: dlopen failed: library "/data/app/com.careerbuilder.SugarDrone-1/lib/arm/libaot-Akavache.Sqlite3.dll.so" not found
D/Mono    (10522): AOT module '/Users/builder/data/lanes/4009/3a62f1ea/source/monodroid/builds/install/mono-armv6/lib/mono/aot-cache/arm/Akavache.Sqlite3.dll.so' not found: dlopen failed: library "/data/app/com.careerbuilder.SugarDrone-1/lib/arm/libaot-Akavache.Sqlite3.dll.so" not found
W/        (10522): Symbol file LoadedFromMemory doesn't match image Akavache.Sqlite3.dll
D/Mono    (10522): Config attempting to parse: 'Akavache.Sqlite3.dll.config'.
D/Mono    (10522): Config attempting to parse: '/Users/builder/data/lanes/4009/3a62f1ea/source/monodroid/builds/install/mono-armv6/etc/mono/assemblies/Akavache.Sqlite3/Akavache.Sqlite3.config'.
D/Mono    (10522): Image addref Splat[0xea99e260] -> Splat.dll[0xea985000]: 2
D/Mono    (10522): Prepared to set up assembly 'Splat' (Splat.dll)
D/Mono    (10522): Assembly Splat[0xea99e260] added to domain RootDomain, ref_count=1
D/Mono    (10522): AOT module 'Splat.dll.so' not found: dlopen failed: library "/data/app/com.careerbuilder.SugarDrone-1/lib/arm/libaot-Splat.dll.so" not found
D/Mono    (10522): AOT module '/Users/builder/data/lanes/4009/3a62f1ea/source/monodroid/builds/install/mono-armv6/lib/mono/aot-cache/arm/Splat.dll.so' not found: dlopen failed: library "/data/app/com.careerbuilder.SugarDrone-1/lib/arm/libaot-Splat.dll.so" not found
D/Mono    (10522): Config attempting to parse: 'Splat.dll.config'.
D/Mono    (10522): Config attempting to parse: '/Users/builder/data/lanes/4009/3a62f1ea/source/monodroid/builds/install/mono-armv6/etc/mono/assemblies/Splat/Splat.config'.
D/Mono    (10522): Image addref Microsoft.Practices.ServiceLocation[0xea99e2c0] -> Microsoft.Practices.ServiceLocation.dll[0xea985500]: 2
D/Mono    (10522): Prepared to set up assembly 'Microsoft.Practices.ServiceLocation' (Microsoft.Practices.ServiceLocation.dll)
D/Mono    (10522): Assembly Microsoft.Practices.ServiceLocation[0xea99e2c0] added to domain RootDomain, ref_count=1
D/Mono    (10522): AOT module 'Microsoft.Practices.ServiceLocation.dll.so' not found: dlopen failed: library "/data/app/com.careerbuilder.SugarDrone-1/lib/arm/libaot-Microsoft.Practices.ServiceLocation.dll.so" not found
D/Mono    (10522): AOT module '/Users/builder/data/lanes/4009/3a62f1ea/source/monodroid/builds/install/mono-armv6/lib/mono/aot-cache/arm/Microsoft.Practices.ServiceLocation.dll.so' not found: dlopen failed: library "/data/app/com.careerbuilder.SugarDrone-1/lib/arm/libaot-Microsoft.Practices.ServiceLocation.dll.so" not found
D/Mono    (10522): Config attempting to parse: 'Microsoft.Practices.ServiceLocation.dll.config'.
D/Mono    (10522): Config attempting to parse: '/Users/builder/data/lanes/4009/3a62f1ea/source/monodroid/builds/install/mono-armv6/etc/mono/assemblies/Microsoft.Practices.ServiceLocation/Microsoft.Practices.ServiceLocation.config'.
D/Mono    (10522): Image addref Microsoft.Practices.Unity[0xea99e320] -> Microsoft.Practices.Unity.dll[0xea985a00]: 2
D/Mono    (10522): Prepared to set up assembly 'Microsoft.Practices.Unity' (Microsoft.Practices.Unity.dll)
D/Mono    (10522): Assembly Microsoft.Practices.Unity[0xea99e320] added to domain RootDomain, ref_count=1
D/Mono    (10522): AOT module 'Microsoft.Practices.Unity.dll.so' not found: dlopen failed: library "/data/app/com.careerbuilder.SugarDrone-1/lib/arm/libaot-Microsoft.Practices.Unity.dll.so" not found
D/Mono    (10522): AOT module '/Users/builder/data/lanes/4009/3a62f1ea/source/monodroid/builds/install/mono-armv6/lib/mono/aot-cache/arm/Microsoft.Practices.Unity.dll.so' not found: dlopen failed: library "/data/app/com.careerbuilder.SugarDrone-1/lib/arm/libaot-Microsoft.Practices.Unity.dll.so" not found
D/Mono    (10522): Config attempting to parse: 'Microsoft.Practices.Unity.dll.config'.
D/Mono    (10522): Config attempting to parse: '/Users/builder/data/lanes/4009/3a62f1ea/source/monodroid/builds/install/mono-armv6/etc/mono/assemblies/Microsoft.Practices.Unity/Microsoft.Practices.Unity.config'.
D/Mono    (10522): Image addref Plugin.CurrentActivity[0xea99e380] -> Plugin.CurrentActivity.dll[0xea985f00]: 2
D/Mono    (10522): Prepared to set up assembly 'Plugin.CurrentActivity' (Plugin.CurrentActivity.dll)
D/Mono    (10522): Assembly Plugin.CurrentActivity[0xea99e380] added to domain RootDomain, ref_count=1
D/Mono    (10522): AOT module 'Plugin.CurrentActivity.dll.so' not found: dlopen failed: library "/data/app/com.careerbuilder.SugarDrone-1/lib/arm/libaot-Plugin.CurrentActivity.dll.so" not found
D/Mono    (10522): AOT module '/Users/builder/data/lanes/4009/3a62f1ea/source/monodroid/builds/install/mono-armv6/lib/mono/aot-cache/arm/Plugin.CurrentActivity.dll.so' not found: dlopen failed: library "/data/app/com.careerbuilder.SugarDrone-1/lib/arm/libaot-Plugin.CurrentActivity.dll.so" not found
D/Mono    (10522): Config attempting to parse: 'Plugin.CurrentActivity.dll.config'.
D/Mono    (10522): Config attempting to parse: '/Users/builder/data/lanes/4009/3a62f1ea/source/monodroid/builds/install/mono-armv6/etc/mono/assemblies/Plugin.CurrentActivity/Plugin.CurrentActivity.config'.
D/Mono    (10522): Image addref Plugin.Permissions[0xea99e3e0] -> Plugin.Permissions.dll[0xea986400]: 2
D/Mono    (10522): Prepared to set up assembly 'Plugin.Permissions' (Plugin.Permissions.dll)
D/Mono    (10522): Assembly Plugin.Permissions[0xea99e3e0] added to domain RootDomain, ref_count=1
D/Mono    (10522): AOT module 'Plugin.Permissions.dll.so' not found: dlopen failed: library "/data/app/com.careerbuilder.SugarDrone-1/lib/arm/libaot-Plugin.Permissions.dll.so" not found
D/Mono    (10522): AOT module '/Users/builder/data/lanes/4009/3a62f1ea/source/monodroid/builds/install/mono-armv6/lib/mono/aot-cache/arm/Plugin.Permissions.dll.so' not found: dlopen failed: library "/data/app/com.careerbuilder.SugarDrone-1/lib/arm/libaot-Plugin.Permissions.dll.so" not found
D/Mono    (10522): Config attempting to parse: 'Plugin.Permissions.dll.config'.
D/Mono    (10522): Config attempting to parse: '/Users/builder/data/lanes/4009/3a62f1ea/source/monodroid/builds/install/mono-armv6/etc/mono/assemblies/Plugin.Permissions/Plugin.Permissions.config'.
D/Mono    (10522): Image addref Plugin.Permissions.Abstractions[0xea99e440] -> Plugin.Permissions.Abstractions.dll[0xea986900]: 2
D/Mono    (10522): Prepared to set up assembly 'Plugin.Permissions.Abstractions' (Plugin.Permissions.Abstractions.dll)
D/Mono    (10522): Assembly Plugin.Permissions.Abstractions[0xea99e440] added to domain RootDomain, ref_count=1
D/Mono    (10522): AOT module 'Plugin.Permissions.Abstractions.dll.so' not found: dlopen failed: library "/data/app/com.careerbuilder.SugarDrone-1/lib/arm/libaot-Plugin.Permissions.Abstractions.dll.so" not found
D/Mono    (10522): AOT module '/Users/builder/data/lanes/4009/3a62f1ea/source/monodroid/builds/install/mono-armv6/lib/mono/aot-cache/arm/Plugin.Permissions.Abstractions.dll.so' not found: dlopen failed: library "/data/app/com.careerbuilder.SugarDrone-1/lib/arm/libaot-Plugin.Permissions.Abstractions.dll.so" not found
D/Mono    (10522): Config attempting to parse: 'Plugin.Permissions.Abstractions.dll.config'.
D/Mono    (10522): Config attempting to parse: '/Users/builder/data/lanes/4009/3a62f1ea/source/monodroid/builds/install/mono-armv6/etc/mono/assemblies/Plugin.Permissions.Abstractions/Plugin.Permissions.Abstractions.config'.
D/Mono    (10522): Image addref Plugin.Geolocator[0xea99e4a0] -> Plugin.Geolocator.dll[0xea986e00]: 2
D/Mono    (10522): Prepared to set up assembly 'Plugin.Geolocator' (Plugin.Geolocator.dll)
D/Mono    (10522): Assembly Plugin.Geolocator[0xea99e4a0] added to domain RootDomain, ref_count=1
D/Mono    (10522): AOT module 'Plugin.Geolocator.dll.so' not found: dlopen failed: library "/data/app/com.careerbuilder.SugarDrone-1/lib/arm/libaot-Plugin.Geolocator.dll.so" not found
D/Mono    (10522): AOT module '/Users/builder/data/lanes/4009/3a62f1ea/source/monodroid/builds/install/mono-armv6/lib/mono/aot-cache/arm/Plugin.Geolocator.dll.so' not found: dlopen failed: library "/data/app/com.careerbuilder.SugarDrone-1/lib/arm/libaot-Plugin.Geolocator.dll.so" not found
D/Mono    (10522): Config attempting to parse: 'Plugin.Geolocator.dll.config'.
D/Mono    (10522): Config attempting to parse: '/Users/builder/data/lanes/4009/3a62f1ea/source/monodroid/builds/install/mono-armv6/etc/mono/assemblies/Plugin.Geolocator/Plugin.Geolocator.config'.
D/Mono    (10522): Image addref Plugin.Geolocator.Abstractions[0xea99e500] -> Plugin.Geolocator.Abstractions.dll[0xea987300]: 2
D/Mono    (10522): Prepared to set up assembly 'Plugin.Geolocator.Abstractions' (Plugin.Geolocator.Abstractions.dll)
D/Mono    (10522): Assembly Plugin.Geolocator.Abstractions[0xea99e500] added to domain RootDomain, ref_count=1
D/Mono    (10522): AOT module 'Plugin.Geolocator.Abstractions.dll.so' not found: dlopen failed: library "/data/app/com.careerbuilder.SugarDrone-1/lib/arm/libaot-Plugin.Geolocator.Abstractions.dll.so" not found
D/Mono    (10522): AOT module '/Users/builder/data/lanes/4009/3a62f1ea/source/monodroid/builds/install/mono-armv6/lib/mono/aot-cache/arm/Plugin.Geolocator.Abstractions.dll.so' not found: dlopen failed: library "/data/app/com.careerbuilder.SugarDrone-1/lib/arm/libaot-Plugin.Geolocator.Abstractions.dll.so" not found
D/Mono    (10522): Config attempting to parse: 'Plugin.Geolocator.Abstractions.dll.config'.
D/Mono    (10522): Config attempting to parse: '/Users/builder/data/lanes/4009/3a62f1ea/source/monodroid/builds/install/mono-armv6/etc/mono/assemblies/Plugin.Geolocator.Abstractions/Plugin.Geolocator.Abstractions.config'.
D/Mono    (10522): Image addref Plugin.DeviceInfo[0xea99e560] -> Plugin.DeviceInfo.dll[0xea987800]: 2
D/Mono    (10522): Prepared to set up assembly 'Plugin.DeviceInfo' (Plugin.DeviceInfo.dll)
D/Mono    (10522): Assembly Plugin.DeviceInfo[0xea99e560] added to domain RootDomain, ref_count=1
D/Mono    (10522): AOT module 'Plugin.DeviceInfo.dll.so' not found: dlopen failed: library "/data/app/com.careerbuilder.SugarDrone-1/lib/arm/libaot-Plugin.DeviceInfo.dll.so" not found
D/Mono    (10522): AOT module '/Users/builder/data/lanes/4009/3a62f1ea/source/monodroid/builds/install/mono-armv6/lib/mono/aot-cache/arm/Plugin.DeviceInfo.dll.so' not found: dlopen failed: library "/data/app/com.careerbuilder.SugarDrone-1/lib/arm/libaot-Plugin.DeviceInfo.dll.so" not found
D/Mono    (10522): Config attempting to parse: 'Plugin.DeviceInfo.dll.config'.
D/Mono    (10522): Config attempting to parse: '/Users/builder/data/lanes/4009/3a62f1ea/source/monodroid/builds/install/mono-armv6/etc/mono/assemblies/Plugin.DeviceInfo/Plugin.DeviceInfo.config'.
D/Mono    (10522): Image addref Plugin.DeviceInfo.Abstractions[0xea99e5c0] -> Plugin.DeviceInfo.Abstractions.dll[0xea987d00]: 2
D/Mono    (10522): Prepared to set up assembly 'Plugin.DeviceInfo.Abstractions' (Plugin.DeviceInfo.Abstractions.dll)
D/Mono    (10522): Assembly Plugin.DeviceInfo.Abstractions[0xea99e5c0] added to domain RootDomain, ref_count=1
D/Mono    (10522): AOT module 'Plugin.DeviceInfo.Abstractions.dll.so' not found: dlopen failed: library "/data/app/com.careerbuilder.SugarDrone-1/lib/arm/libaot-Plugin.DeviceInfo.Abstractions.dll.so" not found
D/Mono    (10522): AOT module '/Users/builder/data/lanes/4009/3a62f1ea/source/monodroid/builds/install/mono-armv6/lib/mono/aot-cache/arm/Plugin.DeviceInfo.Abstractions.dll.so' not found: dlopen failed: library "/data/app/com.careerbuilder.SugarDrone-1/lib/arm/libaot-Plugin.DeviceInfo.Abstractions.dll.so" not found
D/Mono    (10522): Config attempting to parse: 'Plugin.DeviceInfo.Abstractions.dll.config'.
D/Mono    (10522): Config attempting to parse: '/Users/builder/data/lanes/4009/3a62f1ea/source/monodroid/builds/install/mono-armv6/etc/mono/assemblies/Plugin.DeviceInfo.Abstractions/Plugin.DeviceInfo.Abstractions.config'.
D/Mono    (10522): Image addref Xamarin.GooglePlayServices.Analytics[0xea99e620] -> Xamarin.GooglePlayServices.Analytics.dll[0xea988200]: 2
D/Mono    (10522): Prepared to set up assembly 'Xamarin.GooglePlayServices.Analytics' (Xamarin.GooglePlayServices.Analytics.dll)
D/Mono    (10522): Assembly Xamarin.GooglePlayServices.Analytics[0xea99e620] added to domain RootDomain, ref_count=1
D/Mono    (10522): AOT module 'Xamarin.GooglePlayServices.Analytics.dll.so' not found: dlopen failed: library "/data/app/com.careerbuilder.SugarDrone-1/lib/arm/libaot-Xamarin.GooglePlayServices.Analytics.dll.so" not found
D/Mono    (10522): AOT module '/Users/builder/data/lanes/4009/3a62f1ea/source/monodroid/builds/install/mono-armv6/lib/mono/aot-cache/arm/Xamarin.GooglePlayServices.Analytics.dll.so' not found: dlopen failed: library "/data/app/com.careerbuilder.SugarDrone-1/lib/arm/libaot-Xamarin.GooglePlayServices.Analytics.dll.so" not found
D/Mono    (10522): Config attempting to parse: 'Xamarin.GooglePlayServices.Analytics.dll.config'.
D/Mono    (10522): Config attempting to parse: '/Users/builder/data/lanes/4009/3a62f1ea/source/monodroid/builds/install/mono-armv6/etc/mono/assemblies/Xamarin.GooglePlayServices.Analytics/Xamarin.GooglePlayServices.Analytics.config'.
D/Mono    (10522): Image addref Xamarin.GooglePlayServices.Base[0xea99e680] -> Xamarin.GooglePlayServices.Base.dll[0xea988700]: 2
D/Mono    (10522): Prepared to set up assembly 'Xamarin.GooglePlayServices.Base' (Xamarin.GooglePlayServices.Base.dll)
D/Mono    (10522): Assembly Xamarin.GooglePlayServices.Base[0xea99e680] added to domain RootDomain, ref_count=1
D/Mono    (10522): AOT module 'Xamarin.GooglePlayServices.Base.dll.so' not found: dlopen failed: library "/data/app/com.careerbuilder.SugarDrone-1/lib/arm/libaot-Xamarin.GooglePlayServices.Base.dll.so" not found
D/Mono    (10522): AOT module '/Users/builder/data/lanes/4009/3a62f1ea/source/monodroid/builds/install/mono-armv6/lib/mono/aot-cache/arm/Xamarin.GooglePlayServices.Base.dll.so' not found: dlopen failed: library "/data/app/com.careerbuilder.SugarDrone-1/lib/arm/libaot-Xamarin.GooglePlayServices.Base.dll.so" not found
D/Mono    (10522): Config attempting to parse: 'Xamarin.GooglePlayServices.Base.dll.config'.
