W/ResourceType( 9926): No known package when getting name for resource number 0xffffffff
W/ResourceType( 9926): No known package when getting name for resource number 0xffffffff
W/ResourceType( 9926): No known package when getting name for resource number 0xffffffff
W/ResourceType( 9926): No known package when getting name for resource number 0xffffffff
W/ResourceType( 9926): No known package when getting name for resource number 0xffffffff
W/ResourceType( 9926): No known package when getting name for resource number 0xffffffff
W/ResourceType( 9926): No known package when getting name for resource number 0xffffffff
W/ResourceType( 9926): No known package when getting name for resource number 0xffffffff
W/ResourceType( 9926): No known package when getting name for resource number 0xffffffff
W/ResourceType( 9926): No known package when getting name for resource number 0xffffffff
W/ResourceType( 9926): No known package when getting name for resource number 0xffffffff
W/ResourceType( 9926): No known package when getting name for resource number 0xffffffff
W/ResourceType( 9926): No known package when getting name for resource number 0xffffffff
W/ResourceType( 9926): No known package when getting name for resource number 0xffffffff
W/ResourceType( 9926): No known package when getting name for resource number 0xffffffff
W/ResourceType( 9926): No known package when getting name for resource number 0xffffffff
W/ResourceType( 9926): No known package when getting name for resource number 0xffffffff
W/ResourceType( 9926): No known package when getting name for resource number 0xffffffff
W/ResourceType( 9926): No known package when getting name for resource number 0xffffffff
W/ResourceType( 9926): No known package when getting name for resource number 0xffffffff
I/mono-stdout( 9926): done making call to: /consumer/saved-jobs/?DeveloperKey=WDHR8FC6P2JZ1Y61KLM5
I/mono-stdout( 9926): done making call to: /v3/job?DID=job1&outputjson=true&ShowApplyRequirements=true&DeveloperKey=WDHR8FC6P2JZ1Y61KLM5
W/google-breakpad(10319): -----BEGIN BREAKPAD MICRODUMP-----
W/google-breakpad(10319): O A arm 08 armv8l 3.10.73-g9741316 #1 SMP PREEMPT Thu Nov 5 02:17:00 UTC 2015
W/google-breakpad(10319): S 0 DA6CEF38 DA6CE000 00002000
W/google-breakpad(10319): S DA6CE000 68F4ECE000400000702C77D8DA040002DA04000240C043ED603BD4D710C7CFE0DA04000240C043ED5AC143EDDA040000C0E06CDA6460CBE0000000000C000000F0E6F1D600BD004000000000603BD4D700BD43EDDA040002F0E6F1D6202668DD00000000350068DD98E06CDA3C67CCE0202668DD00000000DA040000006F93EADA040000006F93EA00BD43EDF0E6F1D6202668DD350068DDE8E46CDA9873CCE000000000603BD4D700BD43EDDA040002F0E6F1D6202668DD00000000350068DD78A9F1F03C67CCE0202668DD0000000094554DF77B704BF7DA040000006F93EA00BD43EDF0E6F1D6202668DD350068DD40E56CDA9873CCE0700300008070EDEA8070EDEA782B1CDC00000000782B1CDC482E43DC0040000078A9F1F0DA040002DA04000240C043ED04000000F85659F504000000F85659F548B0D4DAD9A34AF720194EF748B0D4DA0200000048B0D4DA00DCE0DA00B0D4DA94554DF708DCE0DA1800000002000000005359F547B64BF7000000000000000000000000204ED6D6
W/google-breakpad(10319): S DA6CE180 000000002071E3D6DA04000010000000000000002000000068F4ECE00040000008DCE0DA204ED6D600B0D4DA000000000C234EF700DCE0DA94554DF708DCE0DA204ED6D67F764BF700200000D15E4BF700000000104ED6D600200000CA070002A8ACF1D61000000000000000552668DD68F4ECE040000000204ED6D62071E3D643DBC6DF0000000008DCE0DA104ED6D600B0D4DA004ED6D60C234EF700DCE0DA94554DF708DCE0DA104ED6D67F764BF72071E3D68038D4D700000000F4E0E9D698E26CDAB4BBCFE000200000B8000000A8C0EBE00200000068C443ED05000000BD0100002C3AD4D78038D4D7004ED6D6903AD4D78038D4D72071E3D64082B4D8000000004082B4D898E26CDA8C99E2E0AC3AD4D74082B4D890E46CDAC827BDE0687EE8D6A06CBAE000000000302C38EF10E36CDA40E46CDA0100000040E46CDA5031DBD9000000006025EBD6282C38EF702C77D8282C38EF00E36CDAF878D2E060FDC3DE40E46CDAF4E0E9D60000000001000000ECE0E9D60000000000000000
W/google-breakpad(10319): S DA6CE300 1F78E3E042DBC6DF000000003778E3E096F2ECE0000000002071E3D6FA77E3E001000000903AD4D72071E3D6F0E0004018E0E9D6607EE8D64082B4D8E0FAFFFF8830000000A406DA40E7F1D6462968DD00A406DA0000000030E46CDA99F249F7E0FAFFFF8830000000000000D4F2CAE0B038D4D701000000000000000000000000000000B07CE8D648E3E9D643DBC6DF4082B4D800000000FA77E3E0000000002C3AD4D7F0E0E9D642DBC6DF489498D700000000F86BE8D610E46CDA246DC9E05AA806DA0CC2ECE00CC2ECE00CC2ECE0000000000C00000040E7F1D600A40040000000000100000000000000EC09C4E0006F93EA00A406DA40E7F1D6462968DD4429E2E03063E1D8462968DD542067EA542067EA00000000006F93EA00A406DA40E7F1D6462968DD00000000552668DD80E86CDA2072CCE0603BD4D77C7CE8D6D87EE8D600002000000000009C0200006D01000005000000702C77D88038D4D768C443ED787CE8D64082B4D8687DE8D690E46CDA1418BAE08038D4D7F8E3E9D6
W/google-breakpad(10319): S DA6CE480 8038D4D7207EE8D6907BE8D6687DE8D640E56CDAEC44BAE0787CE8D6907BE8D65A00000000000000F0E46CDA100802400000000024DBC6DF2EDBC6DF1000000008DCE0DA004ED6D600B0D4DAF04DD6D60C234EF700DCE0DA94554DF708DCE0DA004ED6D67F764BF70071E3D68038D4D700000000947BE8D650E56CDAB4BBCFE0F1C5F6FF8038D4D7A8C0EBE002000000780BE3D6080000008038D4D701000000009498D7F04DD6D6903AD4D78038D4D70071E3D65887BED8020000005887BED850E56CDA8C99E2E0AC3AD4D75887BED848E76CDAC827BDE0E878E8D6A06CBAE000000000302C38EFC8E56CDAF8E66CDA0000000000000000000000000000000000000000280000000100000000000000000000000100000001000000947BE8D64082B4D800000000010000008C7BE8D600000000000000001F78E3E033DBC6DF000000003778E3E001000000020000000071E3D6FA77E3E001000000903AD4D794554DF77B704BF7107AE8D6E078E8D65887BED80100000000BD43ED58E56CDA
W/google-breakpad(10319): S DA6CE600 603BD4D700000000AC3AD4D700000000000000008038D4D7E077E8D6000000000100000000000000B038D4D7010000000000000000000000000000002877E8D608000000D15E4BF75887BED80000000008000000000000002C3AD4D7907BE8D600000000F00AE3D6102A43DC00BD43ED00000000080000000000080000BD43EDD8E66CDA2000000000000000504ED6D600000000A070E3D6040000001000000030B0D4DA2000000020194EF730B0D4DA08DCE0DA504ED6D600B0D4DA000000000C234EF700DCE0DA94554DF708DCE0DA01000000A30000040000000000000000C0E86CDA40E0EFEA18E76CDA5087E1E00C0000001790B61130A37EEF01000000006F93EA000000000C000000D15E4BF700B0D4DA0000000010000000A04CD6D600B0D4DA804ED6D60C234EF700DCE0DA94554DF708DCE0DAA04CD6D67F764BF7A070E3D68038D4D7000000005C7DE8D6A8E76CDAB4BBCFE068E76CDA9C36C6E068C1EBE00E000000B884D6D6000000008070E3D68038D4D7A070E3D6804ED6D6
W/google-breakpad(10319): S DA6CE780 903AD4D70C00000048B655F5B0A0E9D600000000004704D90000000081090000B0E76CDA444BE2E08418E2E081090000E0E76CDAEC19E2E0B0A0E9D640798BEF0B00000045010000B0A0E9D6004704D94B000000E0FAFFFF45010000B0A0E9D6004704D988DDD2E048B655F598A0E9D645010000703841ED47E86CDA1084011B001001100114071808180D2C0D300D340D3C123C123C13C00014CC0019D00019D40019D80019E0001EE0001EE0001FE40020F00025F40025F80025FC002584012A84012B840100D6D0CE04D901000000006F93EAB0E76CDA603BD4D700000000AC3AD4D700000000000000008038D4D7F878E8D6000000000100000000000000B038D4D7010000000000000000000000000000004078E8D6C07EE8D6E22F66DD30ADF2F018000000B8F5EDEA0000000000000000C4F5EDEAC8E86CDA9C36C6E000000000C0A931D620E96CDA246DC9E0C0000000D15E4BF70CC2ECE00CC2ECE0C00000000CC2ECE00CC2ECE0C4F5EDEA0000000038E1E9D608DCE0DA40AB31D6
W/google-breakpad(10319): S DA6CE900 00B0D4DA00A031D60C234EF700DCE0DA94554DF708DCE0DA40AB31D67F764BF770E96CDA8C87C9E000000000010000000CC2ECE040239DEBA47BEEE00CC2ECE0C0E0E9D6C000000001000000C0000000810100006861E8D6C8DDECE000A031D620000000FFFF0000000000008038D4D70000000000A031D650EC6CDAACEEBEE0804ED6D630B0D4DA04000000005359F50400000000000000987FE3E09042E6E014EA6CDA9B7EE3E0037EE3E0C749E3E09B7EE3E0784CE6E0917EE3E08038D4D780AA31D648ED6CDA00A031D69042E6E0A8E9E9D60000000018300000D15E4BF7FFFFFFFF00000000003800000943E6E000040000D15E4BF7C0A931D630000000000400002C3AD4D740E2E9D67F764BF7FFFFFFFFFFFFFFFFFFFFFFFF000000000000000018FAE9D6400000000100000068EA6CDA18FAE9D6000000000000000094554DF77B704BF72C39D4D738FBE9D6030000008038D4D70000000003000000150000000869E8D698EA6CDA5833C5E000000000F4EB6CDA8064E8D601000000
W/google-breakpad(10319): S DA6CEA80 00F0EAD9000000000000000040AB31D694554DF77B704BF794554DF77B704BF715000000F4EB6CDA0869E8D600000000000000000C66E8D60100000000000000745FE6E0745FE6E0745FE6E0745FE6E0745FE6E0745FE6E0745FE6E0745FE6E0D85FE6E03060E6E03060E6E0E0EB6CDA40010000D15E4BF7745FE6E0745FE6E040010000745FE6E0D85FE6E0AC000000010000000200000000000000904DD6D60C000000D15E4BF7000000001000000010000000489498D740AB31D6180000000000000040A607D900000000C0EB99D70CC2ECE0A0000000000000004000000008DCE0DA304ED6D600B0D4DA000000000C234EF700DCE0DA94554DF708DCE0DA304ED6D67F764BF70C234EF700DCE0DA94554DF7100000000070E3D60C00000010B755F5B0A0E9D600000000904DD6D60000000053000000C8EB6CDA444BE2E08418E2E000000000304ED6D6B8A607D908DCE0DAC04ED6D680FBD6D63C000000790000003D0000001CA99ED93F00000040EC6CDADC77CFE050EC6CDAC80CBAE0
W/google-breakpad(10319): S DA6CEC00 30EC6CDA1000000040798BEFB46BCFE040798BEFD0798BEF00CBDFD940798BEF04D8D7D640798BEF00CBDFD9E88CBBD9C04ED6D68038D4D7E88CBBD9B41CD6E050EC6CDACC70CFE0C04ED6D6B03600002B0000006441B9E000000000000000000000000000000000C02391EA18000000C02391EAB941E3E0A47BEEE05C48E3E05148E3E08148E3E07048E3E04248E3E0DF41E3E00CC2ECE00CC2ECE0000000003142E3E0F341E3E00F42E3E00CC2ECE008DCE0DAC80AE3D608DCE0DA6069F1D600B0D4DAA8A2F1D60C234EF700DCE0DA94554DF708DCE0DA08DCE0DAA8A2F1D600B0D4DA8038D4D708DCE0DA8038D4D700B0D4DAB0A0E9D60C234EF700DCE0DA94554DF72CED6CDA40798BEF98C9DFD90200000003000000030000001C2C5AD9002C5AD90839A9D750ED6CDA106FCFE000D8D7D60100000030A37EEF0839A9D79A0000003D0000003D00000084FCD6D680FBD6D6A8A89ED980ED6CDA106FCFE000D8D7D60100000030A37EEFA8A89ED9907CEEE0000000000000000040798BEF
W/google-breakpad(10319): S DA6CED80 A8ED6CDAF86CCFE0187C06D90000000040798BEF000000000839A9D70000000000C346EFA4A89ED9A8A89ED900CBDFD90839A9D7000000000839A9D700000000D0ED6CDAA88DCAE0A8A89ED9F0915ED930EE6CDA0839A9D790A89ED900000000F0ED6CDAA88DCAE018A59ED9000000000000000030EF6CDA00000000A8A89ED928EE6CDAF86CCFE000000000000000000839A9D740EE6CDA187C06D9A8A89ED940EE6CDA0839A9D7A8A89ED930EF6CDA90EE6CDADCABC5E00000000040EE6CDA0000000090A89ED918A59ED950EF6CDAB0EE6CDADCABC5E00000000060EE6CDA0000000040798BEF90EE6CDA0000000000000000B0EF6CDA98EE6CDA187C06D998EE6CDA04C7D4E090EE6CDA4C87C0E088EF6CDA84A081EF202630F40830C4DA187C06D968EF6CDAA8A89ED988EF6CDA88EF6CDA84A081EF202630F40830C4DAB0A0E9D688EF6CDA18A59ED988EF6CDA40798BEF000000000000000018F06CDA0000000004A29ED9DC9A9ED9E0C6DFD9000000000000000018EF6CDA98A0E9D6
W/google-breakpad(10319): S DA6CEF00 18EF6CDA04C7D4E010EF6CDA4C87C0E0E8EF6CDA84A081EF202630F40830C4DA98A0E9D6E8EF6CDA68A39ED9E8EF6CDA20711CDCD0332BDCF8FFFFFF30F96CDAB08146EF58821DDC20711CDCD0332BDC083EE9DAE0FAFFFFE4F76CDAD0332BDC083EE9DAA8A89ED9F8811DDC00000000083EE9DAE0FAFFFFF8811DDC00000000083EE9DA18A59ED920D80AD90000000004A29ED9A8F06CDA00000000000000007003000000000000083EE9DA881857DA50F06CDA70030000E8EF6CDA30F96CDAB08146EF58821DDC50F06CDA20711CDCD0332BDCE0FAFFFF00000000083EE9DAE8EF6CDA68A39ED9000000000000000000000000B08146EF0000000000000000000000000000000028F06CDA18DD04D928F06CDAD0332BDC0000000000000000B80A1DDC000000000000000000000000000000000000000060F06CDA50F06CDAE4F76CDA083EE9DAA8F06CDA04A29ED9D0332BDC0000000000000000B80A1DDC000000000000000000000000FFFFFFFF00000000000000000000000000000000
W/google-breakpad(10319): S DA6CF080 B80A1DDCD0332BDC60F06CDA0000000064F06CDA0000000060F06CDA00000000083EE9DADC9A9ED9000000000000000070030000D8F06CDA083EE9DA881857DA58F16CDA00000000F8F06CDA30F96CDA58F16CDA58821DDCF8811DDC58F16CDA083EE9DAB80A1DDC90821DDC083EE9DAF8F06CDA14999ED9000000000000000000000000B08146EF000000000000000000000000000000007AE0ECE0F86CCFE060F16CDAF8811DDCB80A1DDC000000000000000000000000000000000000000060F16CDA58F16CDAE4F76CDA083EE9DAD0F16CDA6C959ED9F8811DDCB80A1DDC000000000000000000000000FFFFFFFF00000000000000000000000000000000B80A1DDCF8811DDC60F16CDA0000000064F16CDA0000000060F16CDA00000000083EE9DA182AA9D790821DDC90821DDC58821DDC90821DDC083EE9DA90821DDC70580FDC90821DDC083EE9DA981806D80000000000000000700806D860F26CDAF8F26CDAB8FE87D4FDFFFFFFACFE87D4E0FAFFFFB4FACCDA58F26CDA48C5C5E0
W/google-breakpad(10319): S DA6CF200 ACFE87D408F26CDA7003000080F7CCDA083EE9DA90821DDC00000000083EE9DA40F26CDAC81506D890821DDC0000000098C603DC90821DDC083EE9DAF41357DA000000000100000000000000B08146EF00000000000000000000000000000000000000000130C4DA0000000030F36CDAB4FACCDA30F36CDA700300000300000090821DDC011C57DA00000000010100001E00000070580FDC98C603DC083EE9DAC0F26CDACC1157DA98C603DC70580FDC90821DDC01000000083EE9DAE81006D800000000581A57DAC0F5CFD63CF36CDA683832F4F060C0E0000000004C0A57DA000000000000000090821DDC083EE9DA30F36CDA2C0B06D890821DDC00000000520DE5E000FEFFFF00020302000000000000000000000000083EE9DA880806D890821DDC30F36CDA083EE9DAB4FACCDAA8C103DC8184040001F6E8DA90821DDCF0CF03DC000100EA0000000060F6E8DA00000000F0D5E1DAA8F36CDA90F9CCDA00000000FFFFFFFF48F7CCDA0000000020F86CDA04FACCDA0000000000000000
W/google-breakpad(10319): S DA6CF380 687DCAE00000000020F86CDA80F7CCDA0000000000000000A8F36CDA50F7CCDA00000000F0F7CCDA0000000000000000E0F36CDA5087E1E000000000B0FDE8E3000000000000000020F86CDA48F7CCDA0000000040E8C9EB80F7CCDA0000000030F76CDA24EDB9E060F6E8DA00000000D8B461EFA06E56F558E8C9EB20F86CDA40798BEF0000000000000000980E24717CF46CDA542067EA00000000B01B0000F0B428710035C4DAE08461EF010010004300000014F56CDA0100000028F56CDA010010001F072EF5980E2471C3260000A0170871C09E4DF70500000000000000A4F46CDAA8F46CDA0300000078B0D4DAD0F56CDA402247F501000000DA5092710A0000000100000028C94BF50035C4DAE08461EF00C053F50035C4DA43000000000043000200000000000000D5052EF554F56CDA01000000E08461EF14F56CDA0100000028F56CDA01001000156418F500000000C09E4DF78CF56CDA0000000044F56CDA30444AF5C09E4DF71CF56CDA7CDE4BF50080030000B0D4DA94554DF7
W/google-breakpad(10319): S DA6CF500 1D0000000000000008DCE0DA000000004096EADA2DBD4AF7000000000000570080000000000000000000000020000000E08461EF1C000000800000001D00000008DCE0DA2000000000DCE0DA001761EFC0F24CF7AD6E4BF71D00000000000000000000000000000000B0D4DA00F56CDA00000000742D47F52C2247F5402247F500005700F4F56CDA0100000001000000C09E4DF780F96CDAC09E4DF730F96CDA0000000000C053F50035C4DA884C4AF50000000000000000018461EF0035C4DAE08461EF00000000F4F56CDAC09E4DF7C09E4DF7809E4DF760F66CDA00000000C09E4DF7C09E4DF7C09E4DF7809E4DF700000000A4F66CDAC09E4DF78D8A47F7C0DF03DCC094DDE00000000030000000001000003060EDE048F66CDA0000000040F66CDAC09E4DF7C09E4DF7809E4DF7B8F66CDA00000000C09E4DF7C09E4DF7C09E4DF7542067EA58F66CDA0000000058944CF79F8B47F7A83391EA542067EA1C1AEBDAA4F66CDA00000000098C47F71C1AEBDA0000000000000000104858D9
W/google-breakpad(10319): S DA6CF680 000000007F764BF7020000000800000000000000FFFF000028000000542067EA20F86CDA0000020002006CDA02000000810000000100000080F96CDA1C1AEBDA02000000CC0200008000000010F76CDA58F76CDA99F249F708DCE0DA104858D900B0D4DA001AEBDA0C234EF700DCE0DA94554DF708DCE0DA104858D97F764BF7000000000CC2ECE000000000542067EA0000000040E8C9EB00000000D8E2B9E000000000E4F76CDAB036000020F86CDA58F76CDAD4D6D6E0E4F76CDA4835000000000000E4F76CDA000000000000000000C346EF38FBEBDA70F86CDA8837D5E0E4F76CDA0000000000DCE0DA00B0D4DA94554DF70CC2ECE0A47BEEE00CC2ECE00CC2ECE0DA10E5E04209E5E00CC2ECE00CC2ECE00CC2ECE08440D5E00CC2ECE00CC2ECE00CC2ECE00CC2ECE00CC2ECE00CC2ECE0B411E5E0E560E4E00CC2ECE00CC2ECE07C11E5E00CC2ECE00CC2ECE000C346EF0CC2ECE0D0B7D2DA0CC2ECE00CC2ECE00000000018F86CDA28F86CDA000000005CF86CDA000000008C2FD5E0
W/google-breakpad(10319): S DA6CF800 70F86CDA570217F528F86CDA08DCE0DA000000007F764BF700000000291E00000000000001C346EF00C053F5000000005CF86CDA00000000000000000000000030F96CDA00C6C9EB30F96CDA5C96EADA28C346EF00C346EF4096EADA30F96CDA5C96EADA28C346EF000000008C2FD5E0E0F86CDA58D8D4E094554DF708DCE0DA0000000000000000C0F86CDA01ED49F70200000080F96CDA00000000A1FA49F702000000809332F430F96CDA0000000000000000A0EEA5EA80F96CDA000000000000000090EEA5EA4096EADAA0EEA5EA30F96CDA24D7D4E01C16F1FF00F05CDA10F96CDABC30E1E030F96CDA7800000053934CF70000000030F96CDA70F96CDA30F96CDA7800000084CB72F700F05CDA2C2FE1E085E849F765E849F738F96CDA65E849F7778F47F778F96CDA0000000030096FDA30F956DA11270000C62600000000000000F05CDA3009100000100000000000000000000000000000000000002C2FE1E090EEA5EA000000000040C0DA010000000010100078F96CDA30F96CDA
W/google-breakpad(10319): S DA6CF980 160000000000000000000000542067EA00000000000000000000000000000000000000000000000000000000000000000000000000000000000000000000000000000000000000000000000000000000000000000000000000000000000000000000000000000000000000000100000000DCE0DA00000000000000000000000000000000010000000035C4DA00000000000000000000000000000000000000000000000000000000000000000000000000000000000000000000000001000000C00962EF00000000000000000000000000000000010000000030C4DA010000000830C4DA010000000030C4DA01000000809332F40000000000000000010000004500000001000000809332F40100000040798BEF0100000040798BEF000000000000000001000000000000000100000000C346EF0100000000C346EF0100000000000000000000000000000000000000000000000000000000000000000000000000000000000000000000000000000000000000000000000000000000000000
W/google-breakpad(10319): S DA6CFB00 000000000000000000000000000000000000000000000000000000000000000000000000000000000000000000000000000000000000000000000000000000000000000000000000000000000000000000000000000000000000000000000000000000000000000000000000000000000000000000000000000000000000000000000000000000000000000000000000000000000000000000000000000000000000000000000000000000000000000000000000000000000000000000000000000000000000000000000000000000000000000000000000000000000000000000000000000000000000000000000000000000000000000000000000000000000000000000000000000000000000000000000000000000000000000000000000000000000000000000000000000000000000000000000000000000000000000000000000000000000000000000000000000000000000000000000000000000000000000000000000000000000000000000000000000000000000000000000000
W/google-breakpad(10319): S DA6CFC80 000000000000000000000000000000000000000000000000000000000000000000000000000000000000000000000000000000000000000000000000000000000000000000000000000000000000000000000000000000000000000000000000000000000000000000000000000000000000000000000000000000000000000000000000000000000000000000000000000000000000000000000000000000000000000000000000000000000000000000000000000000000000000000000000000000000000000000000000000000000000000000000000000000000000000000000000000000000000000000000000000000000000000000000000000000000000000000000000000000000000000000000000000000000000000000000000000000000000000000000000000000000000000000000000000000000000000000000000000000000000000000000000000000000000000000000000000000000000000000000000000000000000000000000000646C6F70656E206661696C65
W/google-breakpad(10319): S DA6CFE00 643A206C69627261727920222F646174612F6170702F636F6D2E6361726565726275696C6465722E537567617244726F6E652D312F6C69622F61726D2F6C6962616F742D53797374656D2E436F6D706F6E656E744D6F64656C2E646C6C2E736F22206E6F7420666F756E64006F22206E6F7420666F756E64006C64732F696E7374616C6C2F6D6F6E6F2D61726D76362F6C69622F6D6F6E6F2F616F742D63616368652F61726D2F53797374656D2E436F6D706F6E656E744D6F64656C2E646C6C2E736F22206E6F7420666F756E64000000640020666F756E640000000000000000000000000000000000000000000000000000000000000000000000000000000000000000000000000000000000000000000000000000000000000000000000000000000000000000000000000000000000000000000000000000000000000000000000000000000000000000000000000000000000000000000000000000000000000000000000000000000000000000000000000000000000000000000000
W/google-breakpad(10319): S DA6CFF80 0000000000000000000000000000000000000000000000000000000000000000000000000000000000000000000000000000000000000000000000000000000000000000000000000000000000000000000000000000000000000000000000000000000000000000000000000000000000000000000000000000000000000000
W/google-breakpad(10319): C 060000400000000000000000F8FFFFFF30F96CDAB08146EF58821DDC20711CDC20711CDC083EE9DAE0FAFFFFE4F76CDA88EF6CDA0839A9D738EF6CDAA00000003039A9D710000F600000000000000000000000000000000000000000000000000000000000000000000000000000000000000000000000000000000000000000000000000000000000000000000000000000000000000000000000000000000000000000000000000000000000000000000000000000000000000000000000000000000000000000000000000000000000000000000000000000000000000000000000000000000000000000000000000000000000000000000000000000000000000000000000000000000000000000000000000000000000000000000000000000000000000000000000000000000000000000000000000000000000000000000000000000000000000000000000000000000000000000000000000000000000000000000000000000000000000000
W/google-breakpad(10319): M AB0E9000 00000000 00005000 B11131ACAEA04730E8812A7546019DD70 app_process32
W/google-breakpad(10319): M D9925000 00000000 00006000 6C110E4E29910EB42E10D6F6540BB0DA0 libwebviewchromium_plat_support.so
W/google-breakpad(10319): M E0B75000 00000000 00359000 A5DB79ED59C8C5574914019C44D808C50 libmonosgen-2.0.so
W/google-breakpad(10319): M E2CF9000 03716000 01AE1000 488126E5C3908224A6BF664CC97A94320 libwebviewchromium.so
W/google-breakpad(10319): M E90F9000 00000000 00006000 FEC9541933ACE52D7B868116F343FB2B0 libwebviewchromium_loader.so
W/google-breakpad(10319): M E919D000 00000000 00005000 6CB98C1690A536CF6709829EEDA3C7A70 libjnigraphics.so
W/google-breakpad(10319): M E91A2000 00000000 0000A000 59CFF69D627F008A007192B16466AFF20 libcompiler_rt.so
W/google-breakpad(10319): M E91AC000 00000000 00011000 9A97D038612E9C34781A7B2797F8DC040 libandroid.so
W/google-breakpad(10319): M E91BD000 00000000 0000A000 9FD41AAD1026C5EDC817406470FD22400 libqservice.so
W/google-breakpad(10319): M E91C7000 00000000 0000C000 54B36755664D2E98999B9CCFC164B8510 libqdutils.so
W/google-breakpad(10319): M E91D3000 00000000 00005000 6CB97ED331F2ED33C7B85EBC9C19BDDD0 libqdMetaData.so
W/google-breakpad(10319): M E91D8000 00000000 00008000 47F8C17875F2C87E91D7EA98F2504D150 libmemalloc.so
W/google-breakpad(10319): M E91E0000 00000000 00009000 C7194598E9A901A2A84BF14BE67228000 gralloc.msm8994.so
W/google-breakpad(10319): M E91E9000 00000000 0000C000 2A67CCECB355562E420451AD4B9811A90 eglSubDriverAndroid.so
W/google-breakpad(10319): M E91F5000 00000000 00026000 9F49D01DD4FBB5FFCF3613150881B4500 libGLESv1_CM_adreno.so
W/google-breakpad(10319): M E921B000 00000000 0073D000 2076F62BFFE762262BDB09FC9D5564F90 libllvm-glnext.so
W/google-breakpad(10319): M E9969000 00000000 00495000 5E66A8AF513BAEC4DDD22A5E486CA5740 libGLESv2_adreno.so
W/google-breakpad(10319): M E9E00000 00000000 0003D000 93AC4CD274A1E3BCEBF3CE5F949EB5780 libgsl.so
W/google-breakpad(10319): M E9E3D000 00000000 00007000 970ACFD9475F636B156547BA7CB914970 libadreno_utils.so
W/google-breakpad(10319): M E9E46000 00000000 00012000 2E578A88F58C311E721035666D5653FF0 libEGL_adreno.so
W/google-breakpad(10319): M EB98E000 00000000 0001B000 E439051B61677F9DFD3F42CE220CD6BF0 libkeymaster1.so
W/google-breakpad(10319): M EB9A9000 00000000 00017000 F3F4C2846FFCEA7E1B78D3FBE0572CAD0 libsoftkeymasterdevice.so
W/google-breakpad(10319): M EBA06000 00000000 0000B000 E8088E2F98915A39B7E6BB1A2AE039FC0 libkeymaster_messages.so
W/google-breakpad(10319): M EBA11000 00000000 0000E000 AAC8B8364869B51CC4A97DD5C714EC090 libkeystore_binder.so
W/google-breakpad(10319): M EBA1F000 00000000 00006000 7124D8564C80C3094310ABA6614DAB910 libkeystore-engine.so
W/google-breakpad(10319): M EBA25000 00000000 00018000 3CCB59EE449CD322CE049700F2B8049C0 libjavacrypto.so
W/google-breakpad(10319): M EBA3E000 00000000 00010000 A30E9C5A862E832BBFAF3B434C76D0E60 libstagefright_amrnb_common.so
W/google-breakpad(10319): M EBA4E000 00000000 0002C000 F966FB2BA53F2EA33FE2DC60D471CD690 libexif.so
W/google-breakpad(10319): M EBA7A000 00000000 0000D000 BAB9BA33093729141580198BE09073330 libjhead.so
W/google-breakpad(10319): M EBA88000 00000000 00018000 854FF85550BC71CA99F164BBFC01DAF70 libmtp.so
W/google-breakpad(10319): M EBAA0000 00000000 00048000 CD50661D5ACE524DD138D26D5DE4D2760 libmedia_jni.so
W/google-breakpad(10319): M F0ECA000 00000000 00036000 0943706BF440F1591EF6BCFC7A4032A70 libjavacore.so
W/google-breakpad(10319): M F0F44000 00000000 00005000 B3BD34962FE5C029C66D802FC7AB87920 memtrack.msm8994.so
W/google-breakpad(10319): M F3E62000 00000000 00026000 27D56D65054B7003753F260049FAA5080 libmonodroid.so
W/google-breakpad(10319): M F5080000 00000000 0043E000 090628FEE177915F7F9AA98533485BCF0 libart.so
W/google-breakpad(10319): M F55F2000 00000000 00005000 3C93548437F51636C41BEFEC179BC4710 libsigchain.so
W/google-breakpad(10319): M F561A000 00000000 00A5C000 DAB3693CB3D62A215B4DF68A97016FE10 libLLVM.so
W/google-breakpad(10319): M F607F000 00000000 00038000 40CAD887423CB4B9F2FCBD2F28DA0F9C0 libbcinfo.so
W/google-breakpad(10319): M F60B7000 00000000 0005B000 E3C922410FBE6C53FB58D9CC11445D590 libbcc.so
W/google-breakpad(10319): M F6112000 00000000 0000E000 0A07F40D33AB1AB4FE7F49FCEF1123210 libcommon_time_client.so
W/google-breakpad(10319): M F6121000 00000000 0001A000 6E54DD91A07BB3BA2B3A1101AA80A6CA0 libprotobuf-cpp-lite.so
W/google-breakpad(10319): M F613B000 00000000 00009000 2B5487ACE2353DD06BBCE0A5EDD1743B0 libstagefright_avc_common.so
W/google-breakpad(10319): M F6144000 00000000 00005000 BF77B7B0D8CB1C05D4D9E3FCCB1170B80 libstagefright_enc_common.so
W/google-breakpad(10319): M F6149000 00000000 00007000 64ADBA13487D816709EFE00E09533FE90 libpowermanager.so
W/google-breakpad(10319): M F6150000 00000000 0001F000 72CCF35699CA1CC490534D0E5A15916D0 libvorbisidec.so
W/google-breakpad(10319): M F616F000 00000000 00007000 D691E3BDC885CAD2755A032365DBA9F60 libstagefright_yuv.so
W/google-breakpad(10319): M F6177000 00000000 00031000 FB9D7DEA0FD7FF5CBDC2193B99563E240 libstagefright_omx.so
W/google-breakpad(10319): M F61A8000 00000000 0003B000 8BEDD672CFE24C6501C062987355048F0 libopus.so
W/google-breakpad(10319): M F61E3000 00000000 0000A000 243D48365B04A9984861FE1070F7D5EA0 libmediautils.so
W/google-breakpad(10319): M F61ED000 00000000 0001A000 E926DAA402C222B9E7583FE91626B9910 libdrmframework.so
W/google-breakpad(10319): M F6207000 00000000 00021000 DDFFAC3DD86DC2CDE3524D60A3B79A770 libRScpp.so
W/google-breakpad(10319): M F6228000 00000000 00042000 D90EEEDFE3F8583A86C02981AA29AC740 libRS.so
W/google-breakpad(10319): M F626A000 00000000 00009000 B86B8D56E3DAFE2157FD5DABA96EECD80 libspeexresampler.so
W/google-breakpad(10319): M F6273000 00000000 0000B000 2F133C88A93CB2F0DE77E2B7DE1536B00 libnbaio.so
W/google-breakpad(10319): M F627E000 00000000 00014000 CC12E7EDBFEC6E454AE9494ABEE9EFDA0 libpcre.so
W/google-breakpad(10319): M F6294000 00000000 00007000 EC71E0A1B0B0C3D56D0E65A52AC0DF840 libwpa_client.so
W/google-breakpad(10319): M F629B000 00000000 00070000 E287C2E859528ABFED0B89978D77CF7D0 libGLES_trace.so
W/google-breakpad(10319): M F630B000 00000000 00060000 417F31D47E493B04948253130232ECE40 libft2.so
W/google-breakpad(10319): M F636B000 00000000 00029000 ABE88CF058C41846BB868531DE4AE9270 libpng.so
W/google-breakpad(10319): M F6394000 00000000 00005000 90A76BCD4129921E4880632A938BE52A0 libsync.so
W/google-breakpad(10319): M F6399000 00000000 00007000 5BA2119D7F6CE5C6D136A605F8A56A760 libstdc++.so
W/google-breakpad(10319): M F63A0000 00000000 00012000 EFE46990D315C91EA8CE5B49CBA412590 libunwind.so
W/google-breakpad(10319): M F63F8000 00000000 0000B000 BDD7C4B3703B0E96EF1B23C1665DEDA40 libbase.so
W/google-breakpad(10319): M F6403000 00000000 00007000 590072798B82D2C632B663BC840870A40 libeffects.so
W/google-breakpad(10319): M F640B000 00000000 00006000 9D67808340C0D180BDA4867A48D94B2D0 libstagefright_http_support.so
W/google-breakpad(10319): M F6411000 00000000 0001B000 663413A116109C22EE8494845825536F0 libstagefright_foundation.so
W/google-breakpad(10319): M F642C000 00000000 0015E000 A5EE56A98E44C772CFBBAA4A6B7185880 libstagefright.so
W/google-breakpad(10319): M F658A000 00000000 0006B000 EA65315B1758C6F7ECD15D7982D1FD680 libhwui.so
W/google-breakpad(10319): M F65F5000 00000000 00005000 1C55C2519DE085BB2728F75F1C3ACAB20 libradio_metadata.so
W/google-breakpad(10319): M F65FA000 00000000 00006000 AF5858CBEC9B09943448E62C99E3FA9C0 libnativebridge.so
W/google-breakpad(10319): M F6600000 00000000 00006000 A46E22B63BC6E7EB16DB65E6F7060EDD0 libprocessgroup.so
W/google-breakpad(10319): M F6606000 00000000 00010000 E4A17B336766BF93D6BBE39AF38AEC620 libminikin.so
W/google-breakpad(10319): M F6616000 00000000 0000E000 26EDA16D972D3FDC0D0364150028368F0 libsoundtrigger.so
W/google-breakpad(10319): M F6625000 00000000 0000E000 A086A6E27F856978984805A3AFAEB7F50 libradio.so
W/google-breakpad(10319): M F6633000 00000000 00006000 DE9A49AB4F78A68C19AB05800ED168E50 libnetd_client.so
W/google-breakpad(10319): M F6639000 00000000 00010000 FBBC6410F14F06C0823D44428DC1900E0 libimg_utils.so
W/google-breakpad(10319): M F6649000 00000000 00409000 F680938ABD551E5D7E41D6701CEED06F0 libpdfium.so
W/google-breakpad(10319): M F6A53000 00000000 00009000 3725DB0D6CA8B7874343971EB9ED487E0 libaudioutils.so
W/google-breakpad(10319): M F6A5C000 00000000 0001C000 8B733D3C558331A0B76E1467AD5AA35B0 libz.so
W/google-breakpad(10319): M F6A79000 00000000 0004B000 0A6EC0834FC5D471152B11EA5E634B4A0 libharfbuzz_ng.so
W/google-breakpad(10319): M F6AC4000 00000000 00007000 CD1C791909DD4926B8BA079AD31C4A700 libusbhost.so
W/google-breakpad(10319): M F6ACB000 00000000 00037000 C51C43C302671B6EE317F355493C6DAD0 libjpeg.so
W/google-breakpad(10319): M F6B03000 00000000 000AD000 B8DC39B4673BFD20555C95A00834F3E90 libmedia.so
W/google-breakpad(10319): M F6BB0000 00000000 00170000 AA15D547E8579895F3DDC3800384EBD20 libicui18n.so
W/google-breakpad(10319): M F6D20000 00000000 0011A000 B5A7AC2059E716204605A25A1BC628A50 libicuuc.so
W/google-breakpad(10319): M F6E3E000 00000000 00026000 2AA07E155C9E8E7BF9F2CA2B81E068620 libssl.so
W/google-breakpad(10319): M F6E64000 00000000 0009D000 723D1653E2ACC92122DED61EEE06856D0 libcrypto.so
W/google-breakpad(10319): M F6F01000 00000000 00054000 B57AE8285AF41584C7E0DC597498D0A10 libsonivox.so
W/google-breakpad(10319): M F6F5A000 00000000 00011000 FEB82A497A5E321840DFBAB8BDD430000 libselinux.so
W/google-breakpad(10319): M F6F6B000 00000000 00008000 27D78EE89B6E79C9D6D6257953AE026C0 libhardware_legacy.so
W/google-breakpad(10319): M F6F74000 00000000 00005000 E6C2C99F72B5E5958A42FEBEB06F31170 libhardware.so
W/google-breakpad(10319): M F6F79000 00000000 00006000 C64AEDD38F51FD36501D25CD0BFDE6720 libETC1.so
W/google-breakpad(10319): M F6F7F000 00000000 0000F000 C42685E5A1F9AB31F90772E6DB8720610 libGLESv2.so
W/google-breakpad(10319): M F6F8E000 00000000 0000A000 E8739084961F72CD83CED9F365AB20590 libGLESv1_CM.so
W/google-breakpad(10319): M F6F98000 00000000 00068000 DE0DC45A2E4287CCFA86E5AE61ECC9D90 libEGL.so
W/google-breakpad(10319): M F7003000 00000000 00065000 93B128A79633CA0AFB09F0F89E927A090 libsqlite.so
W/google-breakpad(10319): M F7069000 00000000 0026E000 43B0613854F666DC29EC0BA3BBB9F5F80 libskia.so
W/google-breakpad(10319): M F72DB000 00000000 0000A000 382464CA4109AEB111F792003DC3F3550 libcamera_metadata.so
W/google-breakpad(10319): M F72E5000 00000000 0002D000 7E6E915F8253B61FF8C812F873A2DA560 libcamera_client.so
W/google-breakpad(10319): M F7312000 00000000 0003F000 16839353F26F89566485AD01979566880 libinputflinger.so
W/google-breakpad(10319): M F7351000 00000000 0001F000 2A72DD76A34AE82BAB02C7E8DF67A2F30 libinput.so
W/google-breakpad(10319): M F7370000 00000000 0005A000 8F0C986C217D3D2C0158FDB14E0C60670 libgui.so
W/google-breakpad(10319): M F73CA000 00000000 00010000 EA05E3FC7057E2C072FF1B3027067F090 libui.so
W/google-breakpad(10319): M F73DA000 00000000 00009000 214A3A38E289ED4F1F9CEE388493A7B90 libnetutils.so
W/google-breakpad(10319): M F73E3000 00000000 00009000 C42A93B52E8D95A537AF1C6D3744F84B0 libnativehelper.so
W/google-breakpad(10319): M F73EC000 00000000 00017000 DC0DA3BACECC3083775C728D9B8614B50 libexpat.so
W/google-breakpad(10319): M F7403000 00000000 0002A000 21EC4C7DC288CD45D2FF5FBC1F4C56BC0 libandroidfw.so
W/google-breakpad(10319): M F742D000 00000000 00005000 643BA116A83C0A166C61B94D49CC532A0 libmemtrack.so
W/google-breakpad(10319): M F7432000 00000000 0000B000 8363CC7E15FC7500AB86936D968BFFE30 libbacktrace.so
W/google-breakpad(10319): M F743D000 00000000 00022000 6D303961A1FAFDA6B15029FAC5AB18480 libm.so
W/google-breakpad(10319): M F745F000 00000000 0007A000 0F8B5F2ADE384B2AFE6CE1AF2F492B450 libc.so
W/google-breakpad(10319): M F74E3000 00000000 0008E000 CDB486C99025F7F8D15E2F0F1A2F89C30 libc++.so
W/google-breakpad(10319): M F7572000 00000000 0002D000 644EA213657A15F3888273CB9AD221360 libwilhelm.so
W/google-breakpad(10319): M F759F000 00000000 000DA000 72BEC38440F152CC2C75A27D8ABDB1FA0 libandroid_runtime.so
W/google-breakpad(10319): M F767E000 00000000 0002E000 2B598DF067AB86C77B5A75C56A36665E0 libbinder.so
W/google-breakpad(10319): M F76AC000 00000000 0000A000 E228CADAD40DF03451BD6187E1D8602C0 liblog.so
W/google-breakpad(10319): M F76B6000 00000000 0001B000 CE0B322AF9DA5065B2550F65897133970 libutils.so
W/google-breakpad(10319): M F76D1000 00000000 00011000 1A5E9ECEF29DA3D4375CD8A46575511E0 libcutils.so
W/google-breakpad(10319): M F770D000 00000000 00020000 D8A6768FAFA6637EDC0F2D11976AF2560 linker
W/google-breakpad(10319): -----END BREAKPAD MICRODUMP-----
W/google-breakpad( 9926): ### ### ### ### ### ### ### ### ### ### ### ### ###
W/google-breakpad( 9926): Chrome build fingerprint:
W/google-breakpad( 9926): 3.1.7
W/google-breakpad( 9926): 30011
W/google-breakpad( 9926): 0ac25ff3-fa94-4ee3-b183-8999384c3b93
W/google-breakpad( 9926): ### ### ### ### ### ### ### ### ### ### ### ### ###
E/chromium( 9926): ### WebView Version 44.0.2403.117 (code 246011750)
I/art     ( 9926): Starting a blocking GC Explicit
I/art     ( 9926): Explicit concurrent mark sweep GC freed 293386(12MB) AllocSpace objects, 23(460KB) LOS objects, 28% free, 40MB/56MB, paused 862us total 81.615ms
I/art     ( 9926): Starting a blocking GC Explicit
I/art     ( 9926): Explicit concurrent mark sweep GC freed 2880(159KB) AllocSpace objects, 0(0B) LOS objects, 28% free, 39MB/55MB, paused 880us total 28.422ms
I/art     ( 9926): Starting a blocking GC Explicit
I/art     ( 9926): Explicit concurrent mark sweep GC freed 10(720B) AllocSpace objects, 0(0B) LOS objects, 28% free, 39MB/55MB, paused 917us total 29.754ms
I/art     ( 9926): Starting a blocking GC Explicit
I/art     ( 9926): Explicit concurrent mark sweep GC freed 10(720B) AllocSpace objects, 0(0B) LOS objects, 28% free, 39MB/55MB, paused 1.116ms total 30.796ms
I/art     ( 9926): Starting a blocking GC Explicit
I/art     ( 9926): Explicit concurrent mark sweep GC freed 10(720B) AllocSpace objects, 0(0B) LOS objects, 28% free, 39MB/55MB, paused 876us total 27.991ms
I/ServiceManager(  536): Waiting for service AtCmdFwd...
I/ServiceManager(  536): Waiting for service AtCmdFwd...
I/ServiceManager(  536): Waiting for service AtCmdFwd...
I/art     ( 9926): Starting a blocking GC Explicit
I/art     ( 9926): Explicit concurrent mark sweep GC freed 9160(557KB) AllocSpace objects, 2(40KB) LOS objects, 28% free, 39MB/55MB, paused 966us total 31.803ms
I/art     ( 9926): Starting a blocking GC Explicit
I/art     ( 9926): Explicit concurrent mark sweep GC freed 126(5KB) AllocSpace objects, 0(0B) LOS objects, 28% free, 39MB/55MB, paused 961us total 36.696ms
I/art     ( 9926): Starting a blocking GC Explicit
I/ServiceManager(  536): Waiting for service AtCmdFwd...
I/art     ( 9926): Explicit concurrent mark sweep GC freed 10(720B) AllocSpace objects, 0(0B) LOS objects, 28% free, 39MB/55MB, paused 915us total 28.080ms
I/art     ( 9926): Starting a blocking GC Explicit
I/art     ( 9926): Explicit concurrent mark sweep GC freed 10(720B) AllocSpace objects, 0(0B) LOS objects, 28% free, 39MB/55MB, paused 835us total 27.185ms
I/art     ( 9926): Starting a blocking GC Explicit
I/art     ( 9926): Explicit concurrent mark sweep GC freed 10(720B) AllocSpace objects, 0(0B) LOS objects, 28% free, 39MB/55MB, paused 882us total 27.722ms
I/ServiceManager(  536): Waiting for service AtCmdFwd...
W/Atfwd_Sendcmd(  536): AtCmdFwd service not published, waiting... retryCnt : 5

]]><xtc-duration value="134.6247639"/></xtc-step><!-- name: "undefined", id: "undefined" --><![CDATA[

]]><xtc-step name="[0-1047]CareerBuilder_Search.DroidFeatureTests.JDPTests.EducationCardShouldNotVisible-0-NA-FinalScreenShot" id="[0-1047]CareerBuilder_Search.DroidFeatureTests.JDPTests.EducationCardShouldNotVisible-0-NA-FinalScreenShot"><![CDATA[

]]><xtc-duration value="1.4090569"/></xtc-step><!-- name: "undefined", id: "undefined" --><![CDATA[
I/art     ( 9926): Starting a blocking GC Explicit
I/art     ( 9926): Explicit concurrent mark sweep GC freed 2097(143KB) AllocSpace objects, 1(20KB) LOS objects, 28% free, 39MB/55MB, paused 892us total 28.474ms
I/art     ( 9926): Starting a blocking GC Explicit
I/art     ( 9926): Explicit concurrent mark sweep GC freed 30(1432B) AllocSpace objects, 0(0B) LOS objects, 28% free, 39MB/55MB, paused 952us total 28.599ms
I/art     ( 9926): Starting a blocking GC Explicit
I/art     ( 9926): Explicit concurrent mark sweep GC freed 10(720B) AllocSpace objects, 0(0B) LOS objects, 28% free, 39MB/55MB, paused 871us total 27.896ms
I/art     ( 9926): Starting a blocking GC Explicit
I/art     ( 9926): Explicit concurrent mark sweep GC freed 3(96B) AllocSpace objects, 0(0B) LOS objects, 28% free, 39MB/55MB, paused 939us total 28.486ms
I/art     ( 9926): Starting a blocking GC Explicit
I/art     ( 9926): Explicit concurrent mark sweep GC freed 10(720B) AllocSpace objects, 0(0B) LOS objects, 28% free, 39MB/55MB, paused 971us total 28.093ms

]]><xtc-duration value="142.1558275" skip="false"/></xtc-scenario><!-- name: "undefined", id: "undefined" --><![CDATA[
I/ThermalEngine(  517): ACTION: GPU - Setting GPU[0] to 450000000
I/art     ( 9926): Starting a blocking GC Explicit
I/art     ( 9926): Explicit concurrent mark sweep GC freed 2084(143KB) AllocSpace objects, 1(20KB) LOS objects, 28% free, 39MB/55MB, paused 724us total 35.010ms
I/art     ( 9926): Starting a blocking GC Explicit
I/art     ( 9926): Explicit concurrent mark sweep GC freed 52(2088B) AllocSpace objects, 0(0B) LOS objects, 28% free, 39MB/55MB, paused 620us total 28.449ms
I/art     ( 9926): Starting a blocking GC Explicit
I/art     ( 9926): Explicit concurrent mark sweep GC freed 10(720B) AllocSpace objects, 0(0B) LOS objects, 28% free, 39MB/55MB, paused 615us total 27.337ms
I/art     ( 9926): Starting a blocking GC Explicit
I/art     ( 9926): Explicit concurrent mark sweep GC freed 3(96B) AllocSpace objects, 0(0B) LOS objects, 28% free, 39MB/55MB, paused 626us total 26.980ms
I/art     ( 9926): Starting a blocking GC Explicit
I/art     ( 9926): Explicit concurrent mark sweep GC freed 10(720B) AllocSpace objects, 0(0B) LOS objects, 28% free, 39MB/55MB, paused 670us total 27.225ms
D/WifiStateMachine(  924): starting scan for "xtc-ag"WPA_PSK with 5240,5180,5220,5200
D/Mono    ( 9926): [0xd9afa930] worker finishing
D/Mono    ( 9926): [0xd6bb3930] worker finishing
D/Mono    ( 9926): [0xd828d930] worker finishing
I/art     ( 9926): Starting a blocking GC Explicit
I/art     ( 9926): Explicit concurrent mark sweep GC freed 2110(144KB) AllocSpace objects, 1(20KB) LOS objects, 28% free, 39MB/55MB, paused 633us total 28.640ms
I/art     ( 9926): Starting a blocking GC Explicit
I/art     ( 9926): Explicit concurrent mark sweep GC freed 27(1328B) AllocSpace objects, 0(0B) LOS objects, 28% free, 39MB/55MB, paused 627us total 26.938ms
I/art     ( 9926): Starting a blocking GC Explicit
I/art     ( 9926): Explicit concurrent mark sweep GC freed 10(720B) AllocSpace objects, 0(0B) LOS objects, 28% free, 39MB/55MB, paused 610us total 27.006ms
I/art     ( 9926): Starting a blocking GC Explicit
I/art     ( 9926): Explicit concurrent mark sweep GC freed 10(720B) AllocSpace objects, 0(0B) LOS objects, 28% free, 39MB/55MB, paused 681us total 27.069ms
I/art     ( 9926): Starting a blocking GC Explicit
I/art     ( 9926): Explicit concurrent mark sweep GC freed 10(720B) AllocSpace objects, 0(0B) LOS objects, 28% free, 39MB/55MB, paused 618us total 27.004ms
I/ThermalEngine(  517): ACTION: GPU - Setting GPU[0] to 510000000
D/Mono    ( 9926): [0xd7e92930] worker finishing
I/art     ( 9926): Starting a blocking GC Explicit
I/art     ( 9926): Explicit concurrent mark sweep GC freed 2087(142KB) AllocSpace objects, 1(20KB) LOS objects, 28% free, 39MB/55MB, paused 527us total 25.698ms
I/art     ( 9926): Starting a blocking GC Explicit
I/art     ( 9926): Explicit concurrent mark sweep GC freed 27(1320B) AllocSpace objects, 0(0B) LOS objects, 28% free, 39MB/55MB, paused 463us total 19.910ms
I/art     ( 9926): Starting a blocking GC Explicit
I/art     ( 9926): Explicit concurrent mark sweep GC freed 10(720B) AllocSpace objects, 0(0B) LOS objects, 28% free, 39MB/55MB, paused 459us total 19.745ms
I/art     ( 9926): Starting a blocking GC Explicit
I/art     ( 9926): Explicit concurrent mark sweep GC freed 3(96B) AllocSpace objects, 0(0B) LOS objects, 28% free, 39MB/55MB, paused 464us total 19.628ms
I/art     ( 9926): Starting a blocking GC Explicit
I/art     ( 9926): Explicit concurrent mark sweep GC freed 10(720B) AllocSpace objects, 0(0B) LOS objects, 28% free, 39MB/55MB, paused 467us total 19.668ms
