<![CDATA[I/ServiceManager(  541): Waiting for service AtCmdFwd...
I/ServiceManager(  541): Waiting for service AtCmdFwd...
I/ServiceManager(  541): Waiting for service AtCmdFwd...
I/ServiceManager(  541): Waiting for service AtCmdFwd...

]]><xtc-scenario name="[0-1115]CareerBuilder_Search.DroidFeatureTests.SavedJobsTests.ExpiredFitlerShowsOnlyExpiredAndSticksBetweenTabs" id="[0-1115]CareerBuilder_Search.DroidFeatureTests.SavedJobsTests.ExpiredFitlerShowsOnlyExpiredAndSticksBetweenTabs"><![CDATA[
I/ServiceManager(  541): Waiting for service AtCmdFwd...
W/Atfwd_Sendcmd(  541): AtCmdFwd service not published, waiting... retryCnt : 5

]]><xtc-step name="[0-1115]CareerBuilder_Search.DroidFeatureTests.SavedJobsTests.ExpiredFitlerShowsOnlyExpiredAndSticksBetweenTabs-ExpiredFitlerShowsOnlyExpiredAndSticksBetweenTabs" id="[0-1115]CareerBuilder_Search.DroidFeatureTests.SavedJobsTests.ExpiredFitlerShowsOnlyExpiredAndSticksBetweenTabs-ExpiredFitlerShowsOnlyExpiredAndSticksBetweenTabs"><![CDATA[
I/ThermalEngine(  520): ACTION: GPU - Setting GPU[0] to 510000000
I/ActivityManager(  929): Killing 7522:com.android.sdm.plugins.sprintdm/1001 (adj 15): empty #17
D/AndroidRuntime( 8281): >>>>>> START com.android.internal.os.RuntimeInit uid 2000 <<<<<<
D/AndroidRuntime( 8281): CheckJNI is OFF
D/ICU     ( 8281): No timezone override file found: /data/misc/zoneinfo/current/icu/icu_tzdata.dat
I/Radio-JNI( 8281): register_android_hardware_Radio DONE
D/AndroidRuntime( 8281): Calling main entry com.android.commands.pm.Pm
I/art     ( 8281): System.exit called, status: 0
I/AndroidRuntime( 8281): VM exiting with result code 0.
I/ThermalEngine(  520): ACTION: GPU - Setting GPU[0] to 450000000
D/WifiStateMachine(  929): starting scan for "xtc-ag"WPA_PSK with 5240,5180,5220,5200
D/NetlinkSocketObserver(  929): NeighborEvent{elapsedMs=206640, 10.22.0.1, [B0FAEB975089], RTM_NEWNEIGH, NUD_STALE}
I/Keyboard.Facilitator.LanguageModelFlusher( 3476): run()
I/Keyboard.Facilitator( 3476): flushDynamicLanguageModels()
I/Atfwd_Sendcmd(  541): AtCmdFwd service not ready - Exhausted retry attempts - :6
I/Atfwd_Daemon(  541): result : -1 	 ,Init step :2 	 ,qmiErrorCode: 0
I/ThermalEngine(  520): ACTION: GPU - Setting GPU[0] to 390000000
I/ServiceManager(  541): Waiting for service AtCmdFwd...
I/ThermalEngine(  520): ACTION: GPU - Setting GPU[0] to 450000000
I/ServiceManager(  541): Waiting for service AtCmdFwd...
I/ServiceManager(  541): Waiting for service AtCmdFwd...
I/ServiceManager(  541): Waiting for service AtCmdFwd...
I/ServiceManager(  541): Waiting for service AtCmdFwd...
W/Atfwd_Sendcmd(  541): AtCmdFwd service not published, waiting... retryCnt : 1
I/ThermalEngine(  520): ACTION: GPU - Setting GPU[0] to 390000000
W/ip      ( 8896): type=1400 audit(0.0:75): avc: denied { search } for name="net" dev="dm-2" ino=3440648 scontext=u:r:shell:s0 tcontext=u:object_r:net_data_file:s0 tclass=dir permissive=0
I/ThermalEngine(  520): ACTION: GPU - Setting GPU[0] to 450000000
I/ServiceManager(  541): Waiting for service AtCmdFwd...
D/WifiStateMachine(  929): starting scan for "xtc-ag"WPA_PSK with 5240,5180,5220,5200
I/ServiceManager(  541): Waiting for service AtCmdFwd...
I/ServiceManager(  541): Waiting for service AtCmdFwd...
D/AndroidRuntime( 8946): >>>>>> START com.android.internal.os.RuntimeInit uid 2000 <<<<<<
D/AndroidRuntime( 8946): CheckJNI is OFF
D/ICU     ( 8946): No timezone override file found: /data/misc/zoneinfo/current/icu/icu_tzdata.dat
I/Radio-JNI( 8946): register_android_hardware_Radio DONE
D/AndroidRuntime( 8946): Calling main entry com.android.commands.am.Am
W/ActivityManager(  929): Invalid packageName: com.careerbuilder.SugarDrone
D/AndroidRuntime( 8946): Shutting down VM
I/ServiceManager(  541): Waiting for service AtCmdFwd...
I/ThermalEngine(  520): ACTION: GPU - Setting GPU[0] to 390000000
I/ServiceManager(  541): Waiting for service AtCmdFwd...
W/Atfwd_Sendcmd(  541): AtCmdFwd service not published, waiting... retryCnt : 2
I/ThermalEngine(  520): ACTION: GPU - Setting GPU[0] to 450000000
I/ThermalEngine(  520): ACTION: GPU - Setting GPU[0] to 390000000
I/ServiceManager(  541): Waiting for service AtCmdFwd...
I/ServiceManager(  541): Waiting for service AtCmdFwd...
I/ServiceManager(  541): Waiting for service AtCmdFwd...
I/ThermalEngine(  520): ACTION: GPU - Setting GPU[0] to 450000000
I/ServiceManager(  541): Waiting for service AtCmdFwd...
I/ServiceManager(  541): Waiting for service AtCmdFwd...
W/Atfwd_Sendcmd(  541): AtCmdFwd service not published, waiting... retryCnt : 3
I/ThermalEngine(  520): ACTION: GPU - Setting GPU[0] to 390000000
D/WifiStateMachine(  929): starting scan for "xtc-ag"WPA_PSK with 5240,5180,5220,5200
D/NetlinkSocketObserver(  929): NeighborEvent{elapsedMs=267260, 10.22.0.1, [B0FAEB975089], RTM_NEWNEIGH, NUD_PROBE}
I/ThermalEngine(  520): ACTION: GPU - Setting GPU[0] to 450000000
D/AndroidRuntime( 9334): >>>>>> START com.android.internal.os.RuntimeInit uid 2000 <<<<<<
D/AndroidRuntime( 9334): CheckJNI is OFF
D/ICU     ( 9334): No timezone override file found: /data/misc/zoneinfo/current/icu/icu_tzdata.dat
I/Radio-JNI( 9334): register_android_hardware_Radio DONE
D/AndroidRuntime( 9334): Calling main entry com.android.commands.pm.Pm
I/ActivityManager(  929): Start proc 9355:com.android.defcontainer/u0a7 for service com.android.defcontainer/.DefaultContainerService
D/DefContainer( 9355): Copying /data/local/tmp/0000006504 to base.apk
I/ThermalEngine(  520): ACTION: GPU - Setting GPU[0] to 390000000
I/PackageManager.DexOptimizer(  929): Running dexopt (dex2oat) on: /data/app/vmdl922642214.tmp/base.apk pkg=com.careerbuilder.SugarDrone isa=arm vmSafeMode=false debuggable=true oatDir = /data/app/vmdl922642214.tmp/oat bootComplete=true
I/dex2oat ( 9391): /system/bin/dex2oat -j2 --debuggable
W/dex2oat ( 9391): Before Android 4.1, method android.graphics.PorterDuffColorFilter android.support.graphics.drawable.VectorDrawableCompat.updateTintFilter(android.graphics.PorterDuffColorFilter, android.content.res.ColorStateList, android.graphics.PorterDuff$Mode) would have incorrectly overridden the package-private method in android.graphics.drawable.Drawable
W/dex2oat ( 9391): Before Android 4.1, method int android.support.v7.widget.ListViewCompat.lookForSelectablePosition(int, boolean) would have incorrectly overridden the package-private method in android.widget.ListView
I/ServiceManager(  541): Waiting for service AtCmdFwd...
I/ServiceManager(  541): Waiting for service AtCmdFwd...
I/ServiceManager(  541): Waiting for service AtCmdFwd...
I/dex2oat ( 9391): dex2oat took 5.545s (threads: 2) arena alloc=522KB java alloc=5MB native alloc=20MB free=3MB
W/PackageManager(  929): Not granting permission android.permission.MANAGE_DOCUMENTS to package com.careerbuilder.SugarDrone (protectionLevel=2 flags=0x3808be46)
W/PackageManager(  929): Not granting permission android.permission.MOUNT_UNMOUNT_FILESYSTEMS to package com.careerbuilder.SugarDrone (protectionLevel=18 flags=0x3808be46)
V/BackupManagerService(  929): restoreAtInstall pkg=com.careerbuilder.SugarDrone token=5 restoreSet=0
V/BackupManagerService(  929): Finishing install immediately
W/Settings(  929): Setting install_non_market_apps has moved from android.provider.Settings.Global to android.provider.Settings.Secure, returning read-only value.
I/art     (  929): Starting a blocking GC Explicit
I/art     (  929): Explicit concurrent mark sweep GC freed 53592(3MB) AllocSpace objects, 7(300KB) LOS objects, 33% free, 30MB/45MB, paused 2.242ms total 132.165ms
I/art     ( 9334): System.exit called, status: 0
I/AndroidRuntime( 9334): VM exiting with result code 0.
I/InputReader(  929): Reconfiguring input devices.  changes=0x00000010
I/ActivityManager(  929): Start proc 9440:com.google.android.partnersetup/u0a18 for broadcast com.google.android.partnersetup/.RlzPingBroadcastReceiver
I/ServiceManager(  541): Waiting for service AtCmdFwd...
D/CarrierServiceBindHelper( 3567): Receive action: android.intent.action.PACKAGE_ADDED
D/CarrierServiceBindHelper( 3567): mHandler: 3
D/CarrierConfigLoader( 3567): mHandler: 9 phoneId: 0
W/System  ( 9440): ClassLoader referenced unknown path: /system/priv-app/GooglePartnerSetup/lib/arm64
I/ActivityManager(  929): Start proc 9457:com.android.musicfx/u0a21 for broadcast com.android.musicfx/.Compatibility$Receiver
I/ActivityManager(  929): Killing 7544:com.android.chrome/u0a39 (adj 15): empty #17
W/System  ( 9457): ClassLoader referenced unknown path: /system/priv-app/MusicFX/lib/arm64
I/ActivityManager(  929): Start proc 9471:com.android.vending/u0a22 for broadcast com.android.vending/com.google.android.finsky.receivers.PackageMonitorReceiver$RegisteredReceiver
I/ActivityManager(  929): Killing 7436:com.google.android.music:main/u0a59 (adj 15): empty #17
W/System  ( 9471): ClassLoader referenced unknown path: /system/priv-app/Phonesky/lib/arm64
W/Finsky  ( 9471): [1] FinskyApp.getCurrentAccount: No account configured on this device.
D/Finsky  ( 9471): [1] FinskyApp.onCreate: Initializing network with DFE https://android.clients.google.com/fdfe/
W/Finsky  ( 9471): [1] FinskyApp.getCurrentAccount: No account configured on this device.
W/Finsky  ( 9471): [1] FinskyApp.getCurrentAccount: No account configured on this device.
W/Finsky  ( 9471): [1] FinskyApp.getCurrentAccount: No account configured on this device.
W/Finsky  ( 9471): [1] FinskyApp.getCurrentAccount: No account configured on this device.
W/Finsky  ( 9471): [1] FinskyApp.getCurrentAccount: No account configured on this device.
W/Finsky  ( 9471): [1] FinskyApp.getCurrentAccount: No account configured on this device.
W/Finsky  ( 9471): [1] FinskyApp.getCurrentAccount: No account configured on this device.
D/Finsky  ( 9471): [1] DailyHygiene.goMakeHygieneIfDirty: No need to run daily hygiene.
W/Settings( 9471): Setting download_manager_max_bytes_over_mobile has moved from android.provider.Settings.Secure to android.provider.Settings.Global.
W/Settings( 9471): Setting download_manager_recommended_max_bytes_over_mobile has moved from android.provider.Settings.Secure to android.provider.Settings.Global.
W/Finsky  ( 9471): [1] FinskyApp.getCurrentAccount: No account configured on this device.
W/Finsky  ( 9471): [1] FinskyApp.getCurrentAccount: No account configured on this device.
W/Finsky  ( 9471): [1] FinskyApp.getDfeApi: No account configured on this device.
W/Finsky  ( 9471): [1] FinskyApp.getCurrentAccount: No account configured on this device.
D/Ads     ( 9471): Skipping gmscore version check
I/ActivityManager(  929): Start proc 9510:com.google.android.apps.docs/u0a43 for broadcast com.google.android.apps.docs/.receivers.AppPackageAddRemoveReceiver
D/Finsky  ( 9471): [1] ExternalReferrer.access$200: Package state data is missing for com.careerbuilder.SugarDrone
I/UpdateIcingCorporaServi( 5716): Updating corpora: APPS=com.careerbuilder.SugarDrone, CONTACTS=MAYBE
W/System  ( 9510): ClassLoader referenced unknown path: /system/app/Drive/lib/arm64
D/Finsky  ( 9471): [1] GmsCoreHelper.cleanupNlp: result=false type=4
W/Finsky  ( 9471): [1] FinskyApp.getCurrentAccount: No account configured on this device.
W/Finsky  ( 9471): [1] FinskyApp.getCurrentAccount: No account configured on this device.
W/IcingInternalCorpora( 4379): getNumBytesRead when not calculated.
D/Finsky  ( 9471): [1] RestoreTracker.stopServiceIfDone: Restore complete with 0 success and 0 failed.
I/Icing   ( 4379): Usage reports 0 indexed 0 rejected 0 imm upload true
I/UpdateIcingCorporaServi( 5716): UpdateCorporaTask done [took 273 ms] updated apps [took 273 ms] 
I/GAv4    ( 9510): Google Analytics 7.8.95 is starting up. To enable debug logging on a device run:
I/GAv4    ( 9510):   adb shell setprop log.tag.GAv4 DEBUG
I/GAv4    ( 9510):   adb logcat -s GAv4
W/GAv4    ( 9510): AnalyticsReceiver is not registered or is disabled. Register the receiver for reliable dispatching on non-Google Play devices. See http://goo.gl/8Rd3yj for instructions.
W/GAv4    ( 9510): CampaignTrackingReceiver is not registered, not exported or is disabled. Installation campaign tracking is not possible. See http://goo.gl/8Rd3yj for instructions.
I/ServiceManager(  541): Waiting for service AtCmdFwd...
D/AndroidRuntime( 9486): >>>>>> START com.android.internal.os.RuntimeInit uid 2000 <<<<<<
W/AnalyticsTrackerProxyImpl( 9510): Analytics setup for ID UA-21125203-2, app name Drive, version 2.3.327.05.46
D/AndroidRuntime( 9486): CheckJNI is OFF
W/GAv4    ( 9510): AnalyticsService not registered in the app manifest. Hits might not be delivered reliably. See http://goo.gl/8Rd3yj for instructions.
D/ICU     ( 9486): No timezone override file found: /data/misc/zoneinfo/current/icu/icu_tzdata.dat
I/Radio-JNI( 9486): register_android_hardware_Radio DONE
I/ActivityManager(  929): Killing 7946:com.android.providers.calendar/u0a1 (adj 15): empty #17
D/AndroidRuntime( 9486): Calling main entry com.android.commands.settings.SettingsCmd
D/AndroidRuntime( 9486): Shutting down VM
D/Wear_Controller( 4379): Received broadcast action=android.intent.action.PACKAGE_ADDED and uri=com.careerbuilder.SugarDrone
I/PeopleContactsSync( 4379): triggerPendingContactsCleanup: no accounts
I/Icing   ( 4379): Usage reports 0 indexed 0 rejected 0 imm upload false
I/Icing   ( 4379): Usage reports 0 indexed 0 rejected 0 imm upload false
I/ThermalEngine(  520): ACTION: GPU - Setting GPU[0] to 450000000
W/linker  ( 9510): /data/app/com.google.android.gms-2/lib/arm64/libconscrypt_gmscore_jni.so: unused DT entry: type 0x1d arg 0x80
V/JNIHelp ( 9510): Registering com/google/android/gms/org/conscrypt/NativeCrypto's 242 native methods...
I/art     ( 9510): Rejecting re-init on previously-failed class java.lang.Class<com.google.android.gms.org.conscrypt.OpenSSLExtendedSessionImpl>
I/art     ( 9510): Rejecting re-init on previously-failed class java.lang.Class<com.google.android.gms.org.conscrypt.OpenSSLExtendedSessionImpl>
I/ProviderInstaller( 9510): Installed default security provider GmsCore_OpenSSL
I/Icing   ( 4379): Indexing 28F82D1719B878795C499362459A54C53C07CE39 from com.google.android.googlequicksearchbox
I/Icing   ( 4379): Indexing done 28F82D1719B878795C499362459A54C53C07CE39
D/AndroidRuntime( 9558): >>>>>> START com.android.internal.os.RuntimeInit uid 2000 <<<<<<
W/Atfwd_Sendcmd(  541): AtCmdFwd service not published, waiting... retryCnt : 4
D/AndroidRuntime( 9558): CheckJNI is OFF
D/ICU     ( 9558): No timezone override file found: /data/misc/zoneinfo/current/icu/icu_tzdata.dat
I/Radio-JNI( 9558): register_android_hardware_Radio DONE
D/AndroidRuntime( 9558): Calling main entry com.android.commands.settings.SettingsCmd
D/AndroidRuntime( 9558): Shutting down VM
I/Icing   ( 4379): Indexing 0469E070D22A38B042E767B0F2FFD16370CACCB7 from com.google.android.gms
I/Icing   ( 4379): Indexing done 0469E070D22A38B042E767B0F2FFD16370CACCB7
I/ActivityManager(  929): Killing 7194:com.google.android.talk/u0a53 (adj 15): empty #17
D/AndroidRuntime( 9569): >>>>>> START com.android.internal.os.RuntimeInit uid 2000 <<<<<<
D/AndroidRuntime( 9569): CheckJNI is OFF
D/ICU     ( 9569): No timezone override file found: /data/misc/zoneinfo/current/icu/icu_tzdata.dat
I/Radio-JNI( 9569): register_android_hardware_Radio DONE
D/AndroidRuntime( 9569): Calling main entry com.android.commands.settings.SettingsCmd
D/AndroidRuntime( 9569): Shutting down VM
D/AndroidRuntime( 9579): >>>>>> START com.android.internal.os.RuntimeInit uid 2000 <<<<<<
D/AndroidRuntime( 9579): CheckJNI is OFF
D/ICU     ( 9579): No timezone override file found: /data/misc/zoneinfo/current/icu/icu_tzdata.dat
I/Radio-JNI( 9579): register_android_hardware_Radio DONE
D/AndroidRuntime( 9579): Calling main entry com.android.commands.settings.SettingsCmd
D/AndroidRuntime( 9579): Shutting down VM
D/AndroidRuntime( 9587): >>>>>> START com.android.internal.os.RuntimeInit uid 2000 <<<<<<
D/AndroidRuntime( 9587): CheckJNI is OFF
D/ICU     ( 9587): No timezone override file found: /data/misc/zoneinfo/current/icu/icu_tzdata.dat
I/Radio-JNI( 9587): register_android_hardware_Radio DONE
D/AndroidRuntime( 9587): Calling main entry com.android.commands.settings.SettingsCmd
D/AndroidRuntime( 9587): Shutting down VM
D/AndroidRuntime( 9596): >>>>>> START com.android.internal.os.RuntimeInit uid 2000 <<<<<<
D/AndroidRuntime( 9596): CheckJNI is OFF
D/ICU     ( 9596): No timezone override file found: /data/misc/zoneinfo/current/icu/icu_tzdata.dat
I/Radio-JNI( 9596): register_android_hardware_Radio DONE
D/AndroidRuntime( 9596): Calling main entry com.android.commands.appops.AppOpsCommand
D/AndroidRuntime( 9596): Shutting down VM
D/AndroidRuntime( 9605): >>>>>> START com.android.internal.os.RuntimeInit uid 2000 <<<<<<
D/AndroidRuntime( 9605): CheckJNI is OFF
D/ICU     ( 9605): No timezone override file found: /data/misc/zoneinfo/current/icu/icu_tzdata.dat
I/Radio-JNI( 9605): register_android_hardware_Radio DONE
D/AndroidRuntime( 9605): Calling main entry com.android.commands.pm.Pm
I/art     ( 9605): System.exit called, status: 0
I/AndroidRuntime( 9605): VM exiting with result code 0.
I/ActivityManager(  929): Killing 7597:com.google.android.apps.photos/u0a62 (adj 15): empty #17
D/AndroidRuntime( 9617): >>>>>> START com.android.internal.os.RuntimeInit uid 2000 <<<<<<
D/AndroidRuntime( 9617): CheckJNI is OFF
D/ICU     ( 9617): No timezone override file found: /data/misc/zoneinfo/current/icu/icu_tzdata.dat
I/Radio-JNI( 9617): register_android_hardware_Radio DONE
D/AndroidRuntime( 9617): Calling main entry com.android.commands.pm.Pm
I/art     ( 9617): System.exit called, status: 0
I/AndroidRuntime( 9617): VM exiting with result code 0.
I/ThermalEngine(  520): ACTION: GPU - Setting GPU[0] to 510000000
D/AndroidRuntime( 9651): >>>>>> START com.android.internal.os.RuntimeInit uid 2000 <<<<<<
D/AndroidRuntime( 9651): CheckJNI is OFF
D/ICU     ( 9651): No timezone override file found: /data/misc/zoneinfo/current/icu/icu_tzdata.dat
I/Radio-JNI( 9651): register_android_hardware_Radio DONE
D/AndroidRuntime( 9651): Calling main entry com.android.commands.am.Am
W/ActivityManager(  929): Invalid packageName: com.careerbuilder.SugarDrone.test
D/AndroidRuntime( 9651): Shutting down VM
D/AndroidRuntime( 9661): >>>>>> START com.android.internal.os.RuntimeInit uid 2000 <<<<<<
D/AndroidRuntime( 9661): CheckJNI is OFF
D/ICU     ( 9661): No timezone override file found: /data/misc/zoneinfo/current/icu/icu_tzdata.dat
I/Radio-JNI( 9661): register_android_hardware_Radio DONE
D/AndroidRuntime( 9661): Calling main entry com.android.commands.pm.Pm
D/DefContainer( 9355): Copying /data/local/tmp/0000006505 to base.apk
I/PackageManager.DexOptimizer(  929): Running dexopt (dex2oat) on: /data/app/vmdl1683532956.tmp/base.apk pkg=com.careerbuilder.SugarDrone.test isa=arm64 vmSafeMode=false debuggable=false oatDir = /data/app/vmdl1683532956.tmp/oat bootComplete=true
I/dex2oat ( 9671): /system/bin/dex2oat -j2
W/dex2oat ( 9671): No verified method for method calling String.<init>: java.lang.String android.text.TextUtils.substring(java.lang.CharSequence, int, int)
W/dex2oat ( 9671): No verified method for method calling String.<init>: java.lang.String android.text.TextUtils.substring(java.lang.CharSequence, int, int)
I/dex2oat ( 9671): Skipping compilation of void sh.calaba.org.codehaus.jackson.impl.Utf8StreamParser._skipString(): it contains a non natural loop
D/Finsky  ( 9471): [400] AppStatesReplicator.handleContentSyncResponse: Completed 0 account content syncs with 0 successful.
D/Finsky  ( 9471): [1] ContentSyncService$5.onFinished: Installation state replication succeeded.
I/dex2oat ( 9671): dex2oat took 2.367s (threads: 2) arena alloc=2MB java alloc=2MB native alloc=9MB free=1782KB
W/PackageManager(  929): Not granting permission android.permission.ACCESS_MOCK_LOCATION to package com.careerbuilder.SugarDrone.test (protectionLevel=2 flags=0x1800be44)
V/BackupManagerService(  929): restoreAtInstall pkg=com.careerbuilder.SugarDrone.test token=6 restoreSet=0
V/BackupManagerService(  929): Finishing install immediately
W/Settings(  929): Setting install_non_market_apps has moved from android.provider.Settings.Global to android.provider.Settings.Secure, returning read-only value.
I/art     (  929): Starting a blocking GC Explicit
I/art     (  929): Explicit concurrent mark sweep GC freed 104684(6MB) AllocSpace objects, 18(440KB) LOS objects, 33% free, 30MB/45MB, paused 2.281ms total 138.400ms
I/art     ( 9661): System.exit called, status: 0
I/AndroidRuntime( 9661): VM exiting with result code 0.
I/InputReader(  929): Reconfiguring input devices.  changes=0x00000010
D/Finsky  ( 9471): [1] ExternalReferrer.access$200: Package state data is missing for com.careerbuilder.SugarDrone.test
D/CarrierServiceBindHelper( 3567): Receive action: android.intent.action.PACKAGE_ADDED
D/CarrierServiceBindHelper( 3567): mHandler: 3
D/CarrierConfigLoader( 3567): mHandler: 9 phoneId: 0
I/UpdateIcingCorporaServi( 5716): Updating corpora: APPS=com.careerbuilder.SugarDrone.test, CONTACTS=MAYBE
I/UpdateIcingCorporaServi( 5716): UpdateCorporaTask done [took 46 ms] updated apps [took 46 ms] 
D/Wear_Controller( 4379): Received broadcast action=android.intent.action.PACKAGE_ADDED and uri=com.careerbuilder.SugarDrone.test
I/PeopleContactsSync( 4379): triggerPendingContactsCleanup: no accounts
W/IcingInternalCorpora( 4379): getNumBytesRead when not calculated.
I/Icing   ( 4379): Usage reports 0 indexed 0 rejected 0 imm upload false
I/Icing   ( 4379): Usage reports 0 indexed 0 rejected 0 imm upload false
D/AndroidRuntime( 9700): >>>>>> START com.android.internal.os.RuntimeInit uid 2000 <<<<<<
D/AndroidRuntime( 9700): CheckJNI is OFF
D/ICU     ( 9700): No timezone override file found: /data/misc/zoneinfo/current/icu/icu_tzdata.dat
I/Radio-JNI( 9700): register_android_hardware_Radio DONE
D/AndroidRuntime( 9700): Calling main entry com.android.commands.settings.SettingsCmd
D/AndroidRuntime( 9700): Shutting down VM
I/Icing   ( 4379): Indexing 0469E070D22A38B042E767B0F2FFD16370CACCB7 from com.google.android.gms
I/Icing   ( 4379): Indexing done 0469E070D22A38B042E767B0F2FFD16370CACCB7
D/AndroidRuntime( 9712): >>>>>> START com.android.internal.os.RuntimeInit uid 2000 <<<<<<
D/AndroidRuntime( 9712): CheckJNI is OFF
D/ICU     ( 9712): No timezone override file found: /data/misc/zoneinfo/current/icu/icu_tzdata.dat
I/Radio-JNI( 9712): register_android_hardware_Radio DONE
D/AndroidRuntime( 9712): Calling main entry com.android.commands.settings.SettingsCmd
D/AndroidRuntime( 9712): Shutting down VM
D/AndroidRuntime( 9723): >>>>>> START com.android.internal.os.RuntimeInit uid 2000 <<<<<<
D/AndroidRuntime( 9723): CheckJNI is OFF
D/ICU     ( 9723): No timezone override file found: /data/misc/zoneinfo/current/icu/icu_tzdata.dat
I/Radio-JNI( 9723): register_android_hardware_Radio DONE
D/AndroidRuntime( 9723): Calling main entry com.android.commands.settings.SettingsCmd
D/AndroidRuntime( 9723): Shutting down VM
D/AndroidRuntime( 9733): >>>>>> START com.android.internal.os.RuntimeInit uid 2000 <<<<<<
D/AndroidRuntime( 9733): CheckJNI is OFF
D/ICU     ( 9733): No timezone override file found: /data/misc/zoneinfo/current/icu/icu_tzdata.dat
I/Radio-JNI( 9733): register_android_hardware_Radio DONE
D/AndroidRuntime( 9733): Calling main entry com.android.commands.settings.SettingsCmd
D/AndroidRuntime( 9733): Shutting down VM
D/AndroidRuntime( 9741): >>>>>> START com.android.internal.os.RuntimeInit uid 2000 <<<<<<
D/AndroidRuntime( 9741): CheckJNI is OFF
D/ICU     ( 9741): No timezone override file found: /data/misc/zoneinfo/current/icu/icu_tzdata.dat
I/Radio-JNI( 9741): register_android_hardware_Radio DONE
D/AndroidRuntime( 9741): Calling main entry com.android.commands.settings.SettingsCmd
D/AndroidRuntime( 9741): Shutting down VM
W/ip      ( 9752): type=1400 audit(0.0:76): avc: denied { search } for name="net" dev="dm-2" ino=3440648 scontext=u:r:shell:s0 tcontext=u:object_r:net_data_file:s0 tclass=dir permissive=0
D/AndroidRuntime( 9750): >>>>>> START com.android.internal.os.RuntimeInit uid 2000 <<<<<<
D/AndroidRuntime( 9750): CheckJNI is OFF
D/ICU     ( 9750): No timezone override file found: /data/misc/zoneinfo/current/icu/icu_tzdata.dat
I/Radio-JNI( 9750): register_android_hardware_Radio DONE
D/AndroidRuntime( 9750): Calling main entry com.android.commands.appops.AppOpsCommand
D/AndroidRuntime( 9750): Shutting down VM
I/ServiceManager(  541): Waiting for service AtCmdFwd...
D/AndroidRuntime( 9761): >>>>>> START com.android.internal.os.RuntimeInit uid 2000 <<<<<<
D/AndroidRuntime( 9761): CheckJNI is OFF
D/ICU     ( 9761): No timezone override file found: /data/misc/zoneinfo/current/icu/icu_tzdata.dat
I/Radio-JNI( 9761): register_android_hardware_Radio DONE
D/AndroidRuntime( 9761): Calling main entry com.android.commands.pm.Pm
I/art     ( 9761): System.exit called, status: 0
I/AndroidRuntime( 9761): VM exiting with result code 0.
D/WifiStateMachine(  929): starting scan for "xtc-ag"WPA_PSK with 5240,5180,5220,5200
I/ServiceManager(  541): Waiting for service AtCmdFwd...
I/ServiceManager(  541): Waiting for service AtCmdFwd...
D/AndroidRuntime( 9774): >>>>>> START com.android.internal.os.RuntimeInit uid 2000 <<<<<<
D/AndroidRuntime( 9774): CheckJNI is OFF
D/ICU     ( 9774): No timezone override file found: /data/misc/zoneinfo/current/icu/icu_tzdata.dat
I/Radio-JNI( 9774): register_android_hardware_Radio DONE
D/AndroidRuntime( 9774): Calling main entry com.android.commands.pm.Pm
I/art     ( 9774): System.exit called, status: 0
I/AndroidRuntime( 9774): VM exiting with result code 0.
I/ServiceManager(  541): Waiting for service AtCmdFwd...
D/NetlinkSocketObserver(  929): NeighborEvent{elapsedMs=304800, 10.22.0.1, [B0FAEB975089], RTM_NEWNEIGH, NUD_STALE}
I/ServiceManager(  541): Waiting for service AtCmdFwd...
W/Atfwd_Sendcmd(  541): AtCmdFwd service not published, waiting... retryCnt : 5
D/AndroidRuntime( 9796): >>>>>> START com.android.internal.os.RuntimeInit uid 2000 <<<<<<
D/AndroidRuntime( 9796): CheckJNI is OFF
D/ICU     ( 9796): No timezone override file found: /data/misc/zoneinfo/current/icu/icu_tzdata.dat
I/Radio-JNI( 9796): register_android_hardware_Radio DONE
D/AndroidRuntime( 9796): Calling main entry com.android.commands.input.Input
I/Input   ( 9796): injectKeyEvent: KeyEvent { action=ACTION_DOWN, keyCode=KEYCODE_BACK, scanCode=0, metaState=0, flags=0x0, repeatCount=0, eventTime=306839, downTime=306839, deviceId=-1, source=0x101 }
I/Input   ( 9796): injectKeyEvent: KeyEvent { action=ACTION_UP, keyCode=KEYCODE_BACK, scanCode=0, metaState=0, flags=0x0, repeatCount=0, eventTime=306839, downTime=306839, deviceId=-1, source=0x101 }
D/EmojiAltPhysicalKeyDetector( 3476): onKeyUp() : KeyEvent { action=ACTION_UP, keyCode=KEYCODE_BACK, scanCode=0, metaState=0, flags=0x0, repeatCount=0, eventTime=306839, downTime=306839, deviceId=-1, source=0x101 }
D/EmojiAltPhysicalKeyDetector( 3476): onKeyUp() : Disabled
D/AndroidRuntime( 9796): Shutting down VM
D/AndroidRuntime( 9821): >>>>>> START com.android.internal.os.RuntimeInit uid 2000 <<<<<<
D/AndroidRuntime( 9821): CheckJNI is OFF
D/ICU     ( 9821): No timezone override file found: /data/misc/zoneinfo/current/icu/icu_tzdata.dat
I/Radio-JNI( 9821): register_android_hardware_Radio DONE
D/AndroidRuntime( 9821): Calling main entry com.android.commands.input.Input
I/Input   ( 9821): injectKeyEvent: KeyEvent { action=ACTION_DOWN, keyCode=KEYCODE_HOME, scanCode=0, metaState=0, flags=0x0, repeatCount=0, eventTime=308565, downTime=308565, deviceId=-1, source=0x101 }
I/Input   ( 9821): injectKeyEvent: KeyEvent { action=ACTION_UP, keyCode=KEYCODE_HOME, scanCode=0, metaState=0, flags=0x0, repeatCount=0, eventTime=308565, downTime=308565, deviceId=-1, source=0x101 }
I/ActivityManager(  929): START u0 {act=android.intent.action.MAIN cat=[android.intent.category.HOME] flg=0x10200000 cmp=com.google.android.googlequicksearchbox/com.google.android.launcher.GEL (has extras)} from uid 1000 on display 0
D/AndroidRuntime( 9821): Shutting down VM
I/GEL     ( 3601): handleIntent(Intent { act=android.intent.action.MAIN cat=[android.intent.category.HOME] flg=0x10200000 cmp=com.google.android.googlequicksearchbox/com.google.android.launcher.GEL (has extras) })
D/AndroidRuntime( 9834): >>>>>> START com.android.internal.os.RuntimeInit uid 2000 <<<<<<
D/AndroidRuntime( 9834): CheckJNI is OFF
D/ICU     ( 9834): No timezone override file found: /data/misc/zoneinfo/current/icu/icu_tzdata.dat
I/Radio-JNI( 9834): register_android_hardware_Radio DONE
D/AndroidRuntime( 9834): Calling main entry com.android.commands.input.Input
I/Input   ( 9834): injectKeyEvent: KeyEvent { action=ACTION_DOWN, keyCode=KEYCODE_BACK, scanCode=0, metaState=0, flags=0x0, repeatCount=0, eventTime=309873, downTime=309873, deviceId=-1, source=0x101 }
I/Input   ( 9834): injectKeyEvent: KeyEvent { action=ACTION_UP, keyCode=KEYCODE_BACK, scanCode=0, metaState=0, flags=0x0, repeatCount=0, eventTime=309873, downTime=309873, deviceId=-1, source=0x101 }
D/EmojiAltPhysicalKeyDetector( 3476): onKeyUp() : KeyEvent { action=ACTION_UP, keyCode=KEYCODE_BACK, scanCode=0, metaState=0, flags=0x0, repeatCount=0, eventTime=309873, downTime=309873, deviceId=-1, source=0x101 }
D/EmojiAltPhysicalKeyDetector( 3476): onKeyUp() : Disabled
D/AndroidRuntime( 9834): Shutting down VM
D/Finsky  ( 9471): [400] AppStatesReplicator.handleContentSyncResponse: Completed 0 account content syncs with 0 successful.
D/Finsky  ( 9471): [1] ContentSyncService$5.onFinished: Installation state replication succeeded.
D/AndroidRuntime( 9850): >>>>>> START com.android.internal.os.RuntimeInit uid 2000 <<<<<<
D/AndroidRuntime( 9850): CheckJNI is OFF
D/ICU     ( 9850): No timezone override file found: /data/misc/zoneinfo/current/icu/icu_tzdata.dat
I/Radio-JNI( 9850): register_android_hardware_Radio DONE
D/AndroidRuntime( 9850): Calling main entry com.android.commands.am.Am
I/ActivityManager(  929): Force stopping com.careerbuilder.SugarDrone appid=19320 user=0: start instr
I/art     ( 9859): Late-enabling -Xcheck:jni
I/ActivityManager(  929): Start proc 9859:com.careerbuilder.SugarDrone/u0a9320 for added application com.careerbuilder.SugarDrone
I/ThermalEngine(  520): ACTION: GPU - Setting GPU[0] to 450000000
E/dex2oat ( 9872): Failed to create oat file: /data/dalvik-cache/arm/data@app@com.careerbuilder.SugarDrone.test-1@base.apk@classes.dex: Permission denied
I/dex2oat ( 9872): dex2oat took 977.344us (threads: 2) 
W/art     ( 9859): Failed execv(/system/bin/dex2oat --runtime-arg -classpath --runtime-arg  --instruction-set=arm --instruction-set-features=smp,div,-atomic_ldrd_strd --runtime-arg -Xrelocate --boot-image=/system/framework/boot.art --runtime-arg -Xms64m --runtime-arg -Xmx512m -j2 --instruction-set-variant=cortex-a7 --instruction-set-features=default --dex-file=/data/app/com.careerbuilder.SugarDrone.test-1/base.apk --oat-file=/data/dalvik-cache/arm/data@app@com.careerbuilder.SugarDrone.test-1@base.apk@classes.dex) because non-0 exit status
W/System  ( 9859): ClassLoader referenced unknown path: /data/app/com.careerbuilder.SugarDrone.test-1/lib/arm64
W/monodroid( 9859): Using override path: /data/user/0/com.careerbuilder.SugarDrone/files/.__override__
W/monodroid( 9859): Trying to load sgen from: /data/user/0/com.careerbuilder.SugarDrone/files/.__override__/libmonosgen-2.0.so
W/monodroid( 9859): Trying to load sgen from: /storage/emulated/0/Android/data/com.careerbuilder.SugarDrone/files/.__override__/libmonosgen-2.0.so
W/monodroid( 9859): Trying to load sgen from: /data/app/com.careerbuilder.SugarDrone-1/lib/arm/libmonosgen-2.0.so
D/Mono    ( 9859): Image addref mscorlib[0xeaa9dea0] -> mscorlib.dll[0xed3f9a00]: 2
D/Mono    ( 9859): Prepared to set up assembly 'mscorlib' (mscorlib.dll)
D/Mono    ( 9859): AOT module 'mscorlib.dll.so' not found: dlopen failed: library "/data/app/com.careerbuilder.SugarDrone-1/lib/arm/libaot-mscorlib.dll.so" not found
D/Mono    ( 9859): AOT module '/Users/builder/data/lanes/4009/3a62f1ea/source/monodroid/builds/install/mono-armv6/lib/mono/aot-cache/arm/mscorlib.dll.so' not found: dlopen failed: library "/data/app/com.careerbuilder.SugarDrone-1/lib/arm/libaot-mscorlib.dll.so" not found
D/Mono    ( 9859): Config attempting to parse: 'mscorlib.dll.config'.
D/Mono    ( 9859): Config attempting to parse: '/Users/builder/data/lanes/4009/3a62f1ea/source/monodroid/builds/install/mono-armv6/etc/mono/assemblies/mscorlib/mscorlib.config'.
D/Mono    ( 9859): Assembly mscorlib[0xeaa9dea0] added to domain RootDomain, ref_count=1
D/Mono    ( 9859): Image addref CareerBuilder_Search.Droid[0xeaa9df00] -> CareerBuilder_Search.Droid.dll[0xed3fc700]: 2
D/Mono    ( 9859): Prepared to set up assembly 'CareerBuilder_Search.Droid' (CareerBuilder_Search.Droid.dll)
D/Mono    ( 9859): Assembly CareerBuilder_Search.Droid[0xeaa9df00] added to domain RootDomain, ref_count=1
D/Mono    ( 9859): AOT module 'CareerBuilder_Search.Droid.dll.so' not found: dlopen failed: library "/data/app/com.careerbuilder.SugarDrone-1/lib/arm/libaot-CareerBuilder_Search.Droid.dll.so" not found
D/Mono    ( 9859): AOT module '/Users/builder/data/lanes/4009/3a62f1ea/source/monodroid/builds/install/mono-armv6/lib/mono/aot-cache/arm/CareerBuilder_Search.Droid.dll.so' not found: dlopen failed: library "/data/app/com.careerbuilder.SugarDrone-1/lib/arm/libaot-CareerBuilder_Search.Droid.dll.so" not found
D/Mono    ( 9859): Config attempting to parse: 'CareerBuilder_Search.Droid.dll.config'.
D/Mono    ( 9859): Config attempting to parse: '/Users/builder/data/lanes/4009/3a62f1ea/source/monodroid/builds/install/mono-armv6/etc/mono/assemblies/CareerBuilder_Search.Droid/CareerBuilder_Search.Droid.config'.
D/Mono    ( 9859): Image addref AppsFlyerXamarinBindingAndroid[0xeaa9df60] -> AppsFlyerXamarinBindingAndroid.dll[0xed3fcc00]: 2
D/Mono    ( 9859): Prepared to set up assembly 'AppsFlyerXamarinBindingAndroid' (AppsFlyerXamarinBindingAndroid.dll)
D/Mono    ( 9859): Assembly AppsFlyerXamarinBindingAndroid[0xeaa9df60] added to domain RootDomain, ref_count=1
D/Mono    ( 9859): AOT module 'AppsFlyerXamarinBindingAndroid.dll.so' not found: dlopen failed: library "/data/app/com.careerbuilder.SugarDrone-1/lib/arm/libaot-AppsFlyerXamarinBindingAndroid.dll.so" not found
D/Mono    ( 9859): AOT module '/Users/builder/data/lanes/4009/3a62f1ea/source/monodroid/builds/install/mono-armv6/lib/mono/aot-cache/arm/AppsFlyerXamarinBindingAndroid.dll.so' not found: dlopen failed: library "/data/app/com.careerbuilder.SugarDrone-1/lib/arm/libaot-AppsFlyerXamarinBindingAndroid.dll.so" not found
D/Mono    ( 9859): Config attempting to parse: 'AppsFlyerXamarinBindingAndroid.dll.config'.
D/Mono    ( 9859): Config attempting to parse: '/Users/builder/data/lanes/4009/3a62f1ea/source/monodroid/builds/install/mono-armv6/etc/mono/assemblies/AppsFlyerXamarinBindingAndroid/AppsFlyerXamarinBindingAndroid.config'.
D/Mono    ( 9859): Image addref HockeySDK[0xeaa9dfc0] -> HockeySDK.dll[0xed3fd100]: 2
D/Mono    ( 9859): Prepared to set up assembly 'HockeySDK' (HockeySDK.dll)
D/Mono    ( 9859): Assembly HockeySDK[0xeaa9dfc0] added to domain RootDomain, ref_count=1
D/Mono    ( 9859): AOT module 'HockeySDK.dll.so' not found: dlopen failed: library "/data/app/com.careerbuilder.SugarDrone-1/lib/arm/libaot-HockeySDK.dll.so" not found
D/Mono    ( 9859): AOT module '/Users/builder/data/lanes/4009/3a62f1ea/source/monodroid/builds/install/mono-armv6/lib/mono/aot-cache/arm/HockeySDK.dll.so' not found: dlopen failed: library "/data/app/com.careerbuilder.SugarDrone-1/lib/arm/libaot-HockeySDK.dll.so" not found
D/Mono    ( 9859): Config attempting to parse: 'HockeySDK.dll.config'.
D/Mono    ( 9859): Config attempting to parse: '/Users/builder/data/lanes/4009/3a62f1ea/source/monodroid/builds/install/mono-armv6/etc/mono/assemblies/HockeySDK/HockeySDK.config'.
D/Mono    ( 9859): Image addref Akavache[0xeaa9e020] -> Akavache.dll[0xf5537400]: 2
D/Mono    ( 9859): Prepared to set up assembly 'Akavache' (Akavache.dll)
D/Mono    ( 9859): Assembly Akavache[0xeaa9e020] added to domain RootDomain, ref_count=1
D/Mono    ( 9859): AOT module 'Akavache.dll.so' not found: dlopen failed: library "/data/app/com.careerbuilder.SugarDrone-1/lib/arm/libaot-Akavache.dll.so" not found
D/Mono    ( 9859): AOT module '/Users/builder/data/lanes/4009/3a62f1ea/source/monodroid/builds/install/mono-armv6/lib/mono/aot-cache/arm/Akavache.dll.so' not found: dlopen failed: library "/data/app/com.careerbuilder.SugarDrone-1/lib/arm/libaot-Akavache.dll.so" not found
D/Mono    ( 9859): Config attempting to parse: 'Akavache.dll.config'.
D/Mono    ( 9859): Config attempting to parse: '/Users/builder/data/lanes/4009/3a62f1ea/source/monodroid/builds/install/mono-armv6/etc/mono/assemblies/Akavache/Akavache.config'.
D/Mono    ( 9859): Image addref Akavache.Sqlite3[0xeaa9e080] -> Akavache.Sqlite3.dll[0xf5537900]: 2
D/Mono    ( 9859): Prepared to set up assembly 'Akavache.Sqlite3' (Akavache.Sqlite3.dll)
D/Mono    ( 9859): Assembly Akavache.Sqlite3[0xeaa9e080] added to domain RootDomain, ref_count=1
D/Mono    ( 9859): AOT module 'Akavache.Sqlite3.dll.so' not found: dlopen failed: library "/data/app/com.careerbuilder.SugarDrone-1/lib/arm/libaot-Akavache.Sqlite3.dll.so" not found
D/Mono    ( 9859): AOT module '/Users/builder/data/lanes/4009/3a62f1ea/source/monodroid/builds/install/mono-armv6/lib/mono/aot-cache/arm/Akavache.Sqlite3.dll.so' not found: dlopen failed: library "/data/app/com.careerbuilder.SugarDrone-1/lib/arm/libaot-Akavache.Sqlite3.dll.so" not found
W/        ( 9859): Symbol file LoadedFromMemory doesn't match image Akavache.Sqlite3.dll
D/Mono    ( 9859): Config attempting to parse: 'Akavache.Sqlite3.dll.config'.
D/Mono    ( 9859): Config attempting to parse: '/Users/builder/data/lanes/4009/3a62f1ea/source/monodroid/builds/install/mono-armv6/etc/mono/assemblies/Akavache.Sqlite3/Akavache.Sqlite3.config'.
D/Mono    ( 9859): Image addref Splat[0xeaa9e0e0] -> Splat.dll[0xea947000]: 2
D/Mono    ( 9859): Prepared to set up assembly 'Splat' (Splat.dll)
D/Mono    ( 9859): Assembly Splat[0xeaa9e0e0] added to domain RootDomain, ref_count=1
D/Mono    ( 9859): AOT module 'Splat.dll.so' not found: dlopen failed: library "/data/app/com.careerbuilder.SugarDrone-1/lib/arm/libaot-Splat.dll.so" not found
D/Mono    ( 9859): AOT module '/Users/builder/data/lanes/4009/3a62f1ea/source/monodroid/builds/install/mono-armv6/lib/mono/aot-cache/arm/Splat.dll.so' not found: dlopen failed: library "/data/app/com.careerbuilder.SugarDrone-1/lib/arm/libaot-Splat.dll.so" not found
D/Mono    ( 9859): Config attempting to parse: 'Splat.dll.config'.
D/Mono    ( 9859): Config attempting to parse: '/Users/builder/data/lanes/4009/3a62f1ea/source/monodroid/builds/install/mono-armv6/etc/mono/assemblies/Splat/Splat.config'.
D/Mono    ( 9859): Image addref Microsoft.Practices.ServiceLocation[0xeaa9e2c0] -> Microsoft.Practices.ServiceLocation.dll[0xea947500]: 2
D/Mono    ( 9859): Prepared to set up assembly 'Microsoft.Practices.ServiceLocation' (Microsoft.Practices.ServiceLocation.dll)
D/Mono    ( 9859): Assembly Microsoft.Practices.ServiceLocation[0xeaa9e2c0] added to domain RootDomain, ref_count=1
D/Mono    ( 9859): AOT module 'Microsoft.Practices.ServiceLocation.dll.so' not found: dlopen failed: library "/data/app/com.careerbuilder.SugarDrone-1/lib/arm/libaot-Microsoft.Practices.ServiceLocation.dll.so" not found
D/Mono    ( 9859): AOT module '/Users/builder/data/lanes/4009/3a62f1ea/source/monodroid/builds/install/mono-armv6/lib/mono/aot-cache/arm/Microsoft.Practices.ServiceLocation.dll.so' not found: dlopen failed: library "/data/app/com.careerbuilder.SugarDrone-1/lib/arm/libaot-Microsoft.Practices.ServiceLocation.dll.so" not found
D/Mono    ( 9859): Config attempting to parse: 'Microsoft.Practices.ServiceLocation.dll.config'.
D/Mono    ( 9859): Config attempting to parse: '/Users/builder/data/lanes/4009/3a62f1ea/source/monodroid/builds/install/mono-armv6/etc/mono/assemblies/Microsoft.Practices.ServiceLocation/Microsoft.Practices.ServiceLocation.config'.
D/Mono    ( 9859): Image addref Microsoft.Practices.Unity[0xeaa9e320] -> Microsoft.Practices.Unity.dll[0xea947a00]: 2
D/Mono    ( 9859): Prepared to set up assembly 'Microsoft.Practices.Unity' (Microsoft.Practices.Unity.dll)
D/Mono    ( 9859): Assembly Microsoft.Practices.Unity[0xeaa9e320] added to domain RootDomain, ref_count=1
D/Mono    ( 9859): AOT module 'Microsoft.Practices.Unity.dll.so' not found: dlopen failed: library "/data/app/com.careerbuilder.SugarDrone-1/lib/arm/libaot-Microsoft.Practices.Unity.dll.so" not found
D/Mono    ( 9859): AOT module '/Users/builder/data/lanes/4009/3a62f1ea/source/monodroid/builds/install/mono-armv6/lib/mono/aot-cache/arm/Microsoft.Practices.Unity.dll.so' not found: dlopen failed: library "/data/app/com.careerbuilder.SugarDrone-1/lib/arm/libaot-Microsoft.Practices.Unity.dll.so" not found
D/Mono    ( 9859): Config attempting to parse: 'Microsoft.Practices.Unity.dll.config'.
D/Mono    ( 9859): Config attempting to parse: '/Users/builder/data/lanes/4009/3a62f1ea/source/monodroid/builds/install/mono-armv6/etc/mono/assemblies/Microsoft.Practices.Unity/Microsoft.Practices.Unity.config'.
D/Mono    ( 9859): Image addref Plugin.CurrentActivity[0xeaa9e380] -> Plugin.CurrentActivity.dll[0xea947f00]: 2
D/Mono    ( 9859): Prepared to set up assembly 'Plugin.CurrentActivity' (Plugin.CurrentActivity.dll)
D/Mono    ( 9859): Assembly Plugin.CurrentActivity[0xeaa9e380] added to domain RootDomain, ref_count=1
D/Mono    ( 9859): AOT module 'Plugin.CurrentActivity.dll.so' not found: dlopen failed: library "/data/app/com.careerbuilder.SugarDrone-1/lib/arm/libaot-Plugin.CurrentActivity.dll.so" not found
D/Mono    ( 9859): AOT module '/Users/builder/data/lanes/4009/3a62f1ea/source/monodroid/builds/install/mono-armv6/lib/mono/aot-cache/arm/Plugin.CurrentActivity.dll.so' not found: dlopen failed: library "/data/app/com.careerbuilder.SugarDrone-1/lib/arm/libaot-Plugin.CurrentActivity.dll.so" not found
D/Mono    ( 9859): Config attempting to parse: 'Plugin.CurrentActivity.dll.config'.
D/Mono    ( 9859): Config attempting to parse: '/Users/builder/data/lanes/4009/3a62f1ea/source/monodroid/builds/install/mono-armv6/etc/mono/assemblies/Plugin.CurrentActivity/Plugin.CurrentActivity.config'.
D/Mono    ( 9859): Image addref Plugin.Permissions[0xeaa9e3e0] -> Plugin.Permissions.dll[0xea948400]: 2
D/Mono    ( 9859): Prepared to set up assembly 'Plugin.Permissions' (Plugin.Permissions.dll)
D/Mono    ( 9859): Assembly Plugin.Permissions[0xeaa9e3e0] added to domain RootDomain, ref_count=1
D/Mono    ( 9859): AOT module 'Plugin.Permissions.dll.so' not found: dlopen failed: library "/data/app/com.careerbuilder.SugarDrone-1/lib/arm/libaot-Plugin.Permissions.dll.so" not found
D/Mono    ( 9859): AOT module '/Users/builder/data/lanes/4009/3a62f1ea/source/monodroid/builds/install/mono-armv6/lib/mono/aot-cache/arm/Plugin.Permissions.dll.so' not found: dlopen failed: library "/data/app/com.careerbuilder.SugarDrone-1/lib/arm/libaot-Plugin.Permissions.dll.so" not found
D/Mono    ( 9859): Config attempting to parse: 'Plugin.Permissions.dll.config'.
D/Mono    ( 9859): Config attempting to parse: '/Users/builder/data/lanes/4009/3a62f1ea/source/monodroid/builds/install/mono-armv6/etc/mono/assemblies/Plugin.Permissions/Plugin.Permissions.config'.
D/Mono    ( 9859): Image addref Plugin.Permissions.Abstractions[0xeaa9e440] -> Plugin.Permissions.Abstractions.dll[0xea948900]: 2
D/Mono    ( 9859): Prepared to set up assembly 'Plugin.Permissions.Abstractions' (Plugin.Permissions.Abstractions.dll)
D/Mono    ( 9859): Assembly Plugin.Permissions.Abstractions[0xeaa9e440] added to domain RootDomain, ref_count=1
D/Mono    ( 9859): AOT module 'Plugin.Permissions.Abstractions.dll.so' not found: dlopen failed: library "/data/app/com.careerbuilder.SugarDrone-1/lib/arm/libaot-Plugin.Permissions.Abstractions.dll.so" not found
D/Mono    ( 9859): AOT module '/Users/builder/data/lanes/4009/3a62f1ea/source/monodroid/builds/install/mono-armv6/lib/mono/aot-cache/arm/Plugin.Permissions.Abstractions.dll.so' not found: dlopen failed: library "/data/app/com.careerbuilder.SugarDrone-1/lib/arm/libaot-Plugin.Permissions.Abstractions.dll.so" not found
D/Mono    ( 9859): Config attempting to parse: 'Plugin.Permissions.Abstractions.dll.config'.
D/Mono    ( 9859): Config attempting to parse: '/Users/builder/data/lanes/4009/3a62f1ea/source/monodroid/builds/install/mono-armv6/etc/mono/assemblies/Plugin.Permissions.Abstractions/Plugin.Permissions.Abstractions.config'.
D/Mono    ( 9859): Image addref Plugin.Geolocator[0xeaa9e4a0] -> Plugin.Geolocator.dll[0xea948e00]: 2
D/Mono    ( 9859): Prepared to set up assembly 'Plugin.Geolocator' (Plugin.Geolocator.dll)
D/Mono    ( 9859): Assembly Plugin.Geolocator[0xeaa9e4a0] added to domain RootDomain, ref_count=1
D/Mono    ( 9859): AOT module 'Plugin.Geolocator.dll.so' not found: dlopen failed: library "/data/app/com.careerbuilder.SugarDrone-1/lib/arm/libaot-Plugin.Geolocator.dll.so" not found
D/Mono    ( 9859): AOT module '/Users/builder/data/lanes/4009/3a62f1ea/source/monodroid/builds/install/mono-armv6/lib/mono/aot-cache/arm/Plugin.Geolocator.dll.so' not found: dlopen failed: library "/data/app/com.careerbuilder.SugarDrone-1/lib/arm/libaot-Plugin.Geolocator.dll.so" not found
D/Mono    ( 9859): Config attempting to parse: 'Plugin.Geolocator.dll.config'.
D/Mono    ( 9859): Config attempting to parse: '/Users/builder/data/lanes/4009/3a62f1ea/source/monodroid/builds/install/mono-armv6/etc/mono/assemblies/Plugin.Geolocator/Plugin.Geolocator.config'.
D/Mono    ( 9859): Image addref Plugin.Geolocator.Abstractions[0xeaa9e500] -> Plugin.Geolocator.Abstractions.dll[0xea949300]: 2
D/Mono    ( 9859): Prepared to set up assembly 'Plugin.Geolocator.Abstractions' (Plugin.Geolocator.Abstractions.dll)
D/Mono    ( 9859): Assembly Plugin.Geolocator.Abstractions[0xeaa9e500] added to domain RootDomain, ref_count=1
D/Mono    ( 9859): AOT module 'Plugin.Geolocator.Abstractions.dll.so' not found: dlopen failed: library "/data/app/com.careerbuilder.SugarDrone-1/lib/arm/libaot-Plugin.Geolocator.Abstractions.dll.so" not found
D/Mono    ( 9859): AOT module '/Users/builder/data/lanes/4009/3a62f1ea/source/monodroid/builds/install/mono-armv6/lib/mono/aot-cache/arm/Plugin.Geolocator.Abstractions.dll.so' not found: dlopen failed: library "/data/app/com.careerbuilder.SugarDrone-1/lib/arm/libaot-Plugin.Geolocator.Abstractions.dll.so" not found
D/Mono    ( 9859): Config attempting to parse: 'Plugin.Geolocator.Abstractions.dll.config'.
D/Mono    ( 9859): Config attempting to parse: '/Users/builder/data/lanes/4009/3a62f1ea/source/monodroid/builds/install/mono-armv6/etc/mono/assemblies/Plugin.Geolocator.Abstractions/Plugin.Geolocator.Abstractions.config'.
D/Mono    ( 9859): Image addref Plugin.DeviceInfo[0xeaa9e560] -> Plugin.DeviceInfo.dll[0xea949800]: 2
D/Mono    ( 9859): Prepared to set up assembly 'Plugin.DeviceInfo' (Plugin.DeviceInfo.dll)
D/Mono    ( 9859): Assembly Plugin.DeviceInfo[0xeaa9e560] added to domain RootDomain, ref_count=1
D/Mono    ( 9859): AOT module 'Plugin.DeviceInfo.dll.so' not found: dlopen failed: library "/data/app/com.careerbuilder.SugarDrone-1/lib/arm/libaot-Plugin.DeviceInfo.dll.so" not found
D/Mono    ( 9859): AOT module '/Users/builder/data/lanes/4009/3a62f1ea/source/monodroid/builds/install/mono-armv6/lib/mono/aot-cache/arm/Plugin.DeviceInfo.dll.so' not found: dlopen failed: library "/data/app/com.careerbuilder.SugarDrone-1/lib/arm/libaot-Plugin.DeviceInfo.dll.so" not found
D/Mono    ( 9859): Config attempting to parse: 'Plugin.DeviceInfo.dll.config'.
D/Mono    ( 9859): Config attempting to parse: '/Users/builder/data/lanes/4009/3a62f1ea/source/monodroid/builds/install/mono-armv6/etc/mono/assemblies/Plugin.DeviceInfo/Plugin.DeviceInfo.config'.
D/Mono    ( 9859): Image addref Plugin.DeviceInfo.Abstractions[0xeaa9e5c0] -> Plugin.DeviceInfo.Abstractions.dll[0xea949d00]: 2
D/Mono    ( 9859): Prepared to set up assembly 'Plugin.DeviceInfo.Abstractions' (Plugin.DeviceInfo.Abstractions.dll)
D/Mono    ( 9859): Assembly Plugin.DeviceInfo.Abstractions[0xeaa9e5c0] added to domain RootDomain, ref_count=1
D/Mono    ( 9859): AOT module 'Plugin.DeviceInfo.Abstractions.dll.so' not found: dlopen failed: library "/data/app/com.careerbuilder.SugarDrone-1/lib/arm/libaot-Plugin.DeviceInfo.Abstractions.dll.so" not found
D/Mono    ( 9859): AOT module '/Users/builder/data/lanes/4009/3a62f1ea/source/monodroid/builds/install/mono-armv6/lib/mono/aot-cache/arm/Plugin.DeviceInfo.Abstractions.dll.so' not found: dlopen failed: library "/data/app/com.careerbuilder.SugarDrone-1/lib/arm/libaot-Plugin.DeviceInfo.Abstractions.dll.so" not found
D/Mono    ( 9859): Config attempting to parse: 'Plugin.DeviceInfo.Abstractions.dll.config'.
D/Mono    ( 9859): Config attempting to parse: '/Users/builder/data/lanes/4009/3a62f1ea/source/monodroid/builds/install/mono-armv6/etc/mono/assemblies/Plugin.DeviceInfo.Abstractions/Plugin.DeviceInfo.Abstractions.config'.
D/Mono    ( 9859): Image addref Xamarin.GooglePlayServices.Analytics[0xeaa9e620] -> Xamarin.GooglePlayServices.Analytics.dll[0xea94a200]: 2
D/Mono    ( 9859): Prepared to set up assembly 'Xamarin.GooglePlayServices.Analytics' (Xamarin.GooglePlayServices.Analytics.dll)
D/Mono    ( 9859): Assembly Xamarin.GooglePlayServices.Analytics[0xeaa9e620] added to domain RootDomain, ref_count=1
D/Mono    ( 9859): AOT module 'Xamarin.GooglePlayServices.Analytics.dll.so' not found: dlopen failed: library "/data/app/com.careerbuilder.SugarDrone-1/lib/arm/libaot-Xamarin.GooglePlayServices.Analytics.dll.so" not found
D/Mono    ( 9859): AOT module '/Users/builder/data/lanes/4009/3a62f1ea/source/monodroid/builds/install/mono-armv6/lib/mono/aot-cache/arm/Xamarin.GooglePlayServices.Analytics.dll.so' not found: dlopen failed: library "/data/app/com.careerbuilder.SugarDrone-1/lib/arm/libaot-Xamarin.GooglePlayServices.Analytics.dll.so" not found
D/Mono    ( 9859): Config attempting to parse: 'Xamarin.GooglePlayServices.Analytics.dll.config'.
