W/ResourceType( 9859): No known package when getting name for resource number 0xffffffff
W/ResourceType( 9859): No known package when getting name for resource number 0xffffffff
W/ResourceType( 9859): No known package when getting name for resource number 0xffffffff
W/ResourceType( 9859): No known package when getting name for resource number 0xffffffff
W/ResourceType( 9859): No known package when getting name for resource number 0xffffffff
W/ResourceType( 9859): No known package when getting name for resource number 0xffffffff
I/ServiceManager(  541): Waiting for service AtCmdFwd...
W/ResourceType( 9859): No known package when getting name for resource number 0xffffffff
W/ResourceType( 9859): No known package when getting name for resource number 0xffffffff
W/ResourceType( 9859): No known package when getting name for resource number 0xffffffff
W/ResourceType( 9859): No known package when getting name for resource number 0xffffffff
W/ResourceType( 9859): No known package when getting name for resource number 0xffffffff
W/ResourceType( 9859): No known package when getting name for resource number 0xffffffff
I/System.out( 9859): URI: /map
I/System.out( 9859): params: {json={"query":"*","operation":{"method_name":"query","arguments":[]}}
I/System.out( 9859): }
D/Mono    ( 9859): [0xd6be3930] worker finishing
I/ThermalEngine(  520): ACTION: GPU - Setting GPU[0] to 510000000
W/ResourceType( 9859): No known package when getting name for resource number 0xffffffff
W/ResourceType( 9859): No known package when getting name for resource number 0xffffffff
W/ResourceType( 9859): No known package when getting name for resource number 0xffffffff
W/ResourceType( 9859): No known package when getting name for resource number 0xffffffff
W/ResourceType( 9859): No known package when getting name for resource number 0xffffffff
W/ResourceType( 9859): No known package when getting name for resource number 0xffffffff
W/ResourceType( 9859): No known package when getting name for resource number 0xffffffff
W/ResourceType( 9859): No known package when getting name for resource number 0xffffffff
W/ResourceType( 9859): No known package when getting name for resource number 0xffffffff
I/ServiceManager(  541): Waiting for service AtCmdFwd...
W/ResourceType( 9859): No known package when getting name for resource number 0xffffffff
W/ResourceType( 9859): No known package when getting name for resource number 0xffffffff
W/ResourceType( 9859): No known package when getting name for resource number 0xffffffff
W/ResourceType( 9859): No known package when getting name for resource number 0xffffffff
W/ResourceType( 9859): No known package when getting name for resource number 0xffffffff
W/ResourceType( 9859): No known package when getting name for resource number 0xffffffff
W/ResourceType( 9859): No known package when getting name for resource number 0xffffffff
W/ResourceType( 9859): No known package when getting name for resource number 0xffffffff
I/System.out( 9859): URI: /map
I/System.out( 9859): params: {json={"query":"*","operation":{"method_name":"query","arguments":[]}}
I/System.out( 9859): }
W/Atfwd_Sendcmd(  541): AtCmdFwd service not published, waiting... retryCnt : 1
W/ResourceType( 9859): No known package when getting name for resource number 0xffffffff
W/ResourceType( 9859): No known package when getting name for resource number 0xffffffff
W/ResourceType( 9859): No known package when getting name for resource number 0xffffffff
W/ResourceType( 9859): No known package when getting name for resource number 0xffffffff
W/ResourceType( 9859): No known package when getting name for resource number 0xffffffff
W/ResourceType( 9859): No known package when getting name for resource number 0xffffffff
W/ResourceType( 9859): No known package when getting name for resource number 0xffffffff
W/ResourceType( 9859): No known package when getting name for resource number 0xffffffff
W/ResourceType( 9859): No known package when getting name for resource number 0xffffffff
W/ResourceType( 9859): No known package when getting name for resource number 0xffffffff
W/ResourceType( 9859): No known package when getting name for resource number 0xffffffff
W/ResourceType( 9859): No known package when getting name for resource number 0xffffffff
W/ResourceType( 9859): No known package when getting name for resource number 0xffffffff
W/ResourceType( 9859): No known package when getting name for resource number 0xffffffff
W/ResourceType( 9859): No known package when getting name for resource number 0xffffffff
W/ResourceType( 9859): No known package when getting name for resource number 0xffffffff
W/ResourceType( 9859): No known package when getting name for resource number 0xffffffff
I/art     ( 9859): Background sticky concurrent mark sweep GC freed 493333(15MB) AllocSpace objects, 13(284KB) LOS objects, 26% free, 41MB/56MB, paused 1.973ms total 103.127ms
I/art     ( 9859): Starting a blocking GC Explicit
I/art     ( 9859): Explicit concurrent mark sweep GC freed 26263(1331KB) AllocSpace objects, 9(192KB) LOS objects, 28% free, 39MB/55MB, paused 515us total 27.595ms
I/art     ( 9859): Starting a blocking GC Explicit
I/art     ( 9859): Explicit concurrent mark sweep GC freed 48(2208B) AllocSpace objects, 0(0B) LOS objects, 28% free, 39MB/55MB, paused 465us total 18.509ms
I/art     ( 9859): Starting a blocking GC Explicit
I/art     ( 9859): Explicit concurrent mark sweep GC freed 17(1408B) AllocSpace objects, 0(0B) LOS objects, 28% free, 39MB/55MB, paused 468us total 18.581ms
I/art     ( 9859): Starting a blocking GC Explicit
I/art     ( 9859): Explicit concurrent mark sweep GC freed 17(1408B) AllocSpace objects, 0(0B) LOS objects, 28% free, 39MB/55MB, paused 460us total 18.820ms
I/art     ( 9859): Starting a blocking GC Explicit
I/art     ( 9859): Explicit concurrent mark sweep GC freed 3(96B) AllocSpace objects, 0(0B) LOS objects, 28% free, 39MB/55MB, paused 455us total 18.877ms
I/ServiceManager(  541): Waiting for service AtCmdFwd...
I/ServiceManager(  541): Waiting for service AtCmdFwd...
I/ServiceManager(  541): Waiting for service AtCmdFwd...
I/ThermalEngine(  520): ACTION: GPU - Setting GPU[0] to 600000000
I/ServiceManager(  541): Waiting for service AtCmdFwd...
I/art     ( 9859): Starting a blocking GC Explicit
I/art     ( 9859): Explicit concurrent mark sweep GC freed 2819(213KB) AllocSpace objects, 1(20KB) LOS objects, 28% free, 39MB/55MB, paused 439us total 24.338ms
I/art     ( 9859): Starting a blocking GC Explicit
I/art     ( 9859): Explicit concurrent mark sweep GC freed 37(2120B) AllocSpace objects, 0(0B) LOS objects, 28% free, 39MB/55MB, paused 348us total 14.918ms
I/art     ( 9859): Starting a blocking GC Explicit
I/art     ( 9859): Explicit concurrent mark sweep GC freed 3(96B) AllocSpace objects, 0(0B) LOS objects, 28% free, 39MB/55MB, paused 343us total 14.434ms
I/art     ( 9859): Starting a blocking GC Explicit

]]><xtc-duration value="12.9518256"/></xtc-step><!-- name: "undefined", id: "undefined" --><![CDATA[
I/art     ( 9859): Explicit concurrent mark sweep GC freed 17(1408B) AllocSpace objects, 0(0B) LOS objects, 28% free, 39MB/55MB, paused 336us total 14.404ms
I/art     ( 9859): Starting a blocking GC Explicit
I/art     ( 9859): Explicit concurrent mark sweep GC freed 3(96B) AllocSpace objects, 0(0B) LOS objects, 28% free, 39MB/55MB, paused 335us total 14.339ms
D/Mono    ( 9859): [0xd7389930] worker finishing
I/ServiceManager(  541): Waiting for service AtCmdFwd...
W/ip      (10068): type=1400 audit(0.0:77): avc: denied { search } for name="net" dev="dm-2" ino=3440648 scontext=u:r:shell:s0 tcontext=u:object_r:net_data_file:s0 tclass=dir permissive=0
W/Atfwd_Sendcmd(  541): AtCmdFwd service not published, waiting... retryCnt : 2

]]><xtc-step name="[0-1115]CareerBuilder_Search.DroidFeatureTests.SavedJobsTests.ExpiredFitlerShowsOnlyExpiredAndSticksBetweenTabs-1-558DF700B9DF472B2581B563E572CC9B849E749D-SwipeLeftToRight - swipe back to My Jobs" id="[0-1115]CareerBuilder_Search.DroidFeatureTests.SavedJobsTests.ExpiredFitlerShowsOnlyExpiredAndSticksBetweenTabs-1-558DF700B9DF472B2581B563E572CC9B849E749D-SwipeLeftToRight - swipe back to My Jobs"><![CDATA[
I/System.out( 9859): URI: /map
I/System.out( 9859): params: {json={"query":"* marked:'SavedJobRoot'","operation":{"method_name":"query","arguments":[]}}
I/System.out( 9859): }
W/ResourceType( 9859): No known package when getting name for resource number 0xffffffff
W/ResourceType( 9859): No known package when getting name for resource number 0xffffffff
W/ResourceType( 9859): No known package when getting name for resource number 0xffffffff
W/ResourceType( 9859): No known package when getting name for resource number 0xffffffff
W/ResourceType( 9859): No known package when getting name for resource number 0xffffffff
W/ResourceType( 9859): No known package when getting name for resource number 0xffffffff
W/ResourceType( 9859): No known package when getting name for resource number 0xffffffff
W/ResourceType( 9859): No known package when getting name for resource number 0xffffffff
W/ResourceType( 9859): No known package when getting name for resource number 0xffffffff
W/ResourceType( 9859): No known package when getting name for resource number 0xffffffff
W/ResourceType( 9859): No known package when getting name for resource number 0xffffffff
W/ResourceType( 9859): No known package when getting name for resource number 0xffffffff
W/ResourceType( 9859): No known package when getting name for resource number 0xffffffff
W/ResourceType( 9859): No known package when getting name for resource number 0xffffffff
W/ResourceType( 9859): No known package when getting name for resource number 0xffffffff
W/ResourceType( 9859): No known package when getting name for resource number 0xffffffff
W/ResourceType( 9859): No known package when getting name for resource number 0xffffffff
W/ResourceType( 9859): No known package when getting name for resource number 0xffffffff
W/ResourceType( 9859): No known package when getting name for resource number 0xffffffff
W/ResourceType( 9859): No known package when getting name for resource number 0xffffffff
W/ResourceType( 9859): No known package when getting name for resource number 0xffffffff
W/ResourceType( 9859): No known package when getting name for resource number 0xffffffff
W/ResourceType( 9859): No known package when getting name for resource number 0xffffffff
W/ResourceType( 9859): No known package when getting name for resource number 0xffffffff
W/ResourceType( 9859): No known package when getting name for resource number 0xffffffff
W/ResourceType( 9859): No known package when getting name for resource number 0xffffffff
W/ResourceType( 9859): No known package when getting name for resource number 0xffffffff
W/ResourceType( 9859): No known package when getting name for resource number 0xffffffff
W/ResourceType( 9859): No known package when getting name for resource number 0xffffffff
W/ResourceType( 9859): No known package when getting name for resource number 0xffffffff
W/ResourceType( 9859): No known package when getting name for resource number 0xffffffff
W/ResourceType( 9859): No known package when getting name for resource number 0xffffffff
W/ResourceType( 9859): No known package when getting name for resource number 0xffffffff
W/ResourceType( 9859): No known package when getting name for resource number 0xffffffff
W/ResourceType( 9859): No known package when getting name for resource number 0xffffffff
W/ResourceType( 9859): No known package when getting name for resource number 0xffffffff
W/ResourceType( 9859): No known package when getting name for resource number 0xffffffff
W/ResourceType( 9859): No known package when getting name for resource number 0xffffffff
W/ResourceType( 9859): No known package when getting name for resource number 0xffffffff
W/ResourceType( 9859): No known package when getting name for resource number 0xffffffff
W/ResourceType( 9859): No known package when getting name for resource number 0xffffffff
W/ResourceType( 9859): No known package when getting name for resource number 0xffffffff
W/ResourceType( 9859): No known package when getting name for resource number 0xffffffff
W/ResourceType( 9859): No known package when getting name for resource number 0xffffffff
W/ResourceType( 9859): No known package when getting name for resource number 0xffffffff
W/ResourceType( 9859): No known package when getting name for resource number 0xffffffff
W/ResourceType( 9859): No known package when getting name for resource number 0xffffffff
W/ResourceType( 9859): No known package when getting name for resource number 0xffffffff
W/ResourceType( 9859): No known package when getting name for resource number 0xffffffff
W/ResourceType( 9859): No known package when getting name for resource number 0xffffffff
W/ResourceType( 9859): No known package when getting name for resource number 0xffffffff
W/ResourceType( 9859): No known package when getting name for resource number 0xffffffff
W/ResourceType( 9859): No known package when getting name for resource number 0xffffffff
W/ResourceType( 9859): No known package when getting name for resource number 0xffffffff
W/ResourceType( 9859): No known package when getting name for resource number 0xffffffff
W/ResourceType( 9859): No known package when getting name for resource number 0xffffffff
W/ResourceType( 9859): No known package when getting name for resource number 0xffffffff
W/ResourceType( 9859): No known package when getting name for resource number 0xffffffff
W/ResourceType( 9859): No known package when getting name for resource number 0xffffffff
W/ResourceType( 9859): No known package when getting name for resource number 0xffffffff
W/ResourceType( 9859): No known package when getting name for resource number 0xffffffff
W/ResourceType( 9859): No known package when getting name for resource number 0xffffffff
W/ResourceType( 9859): No known package when getting name for resource number 0xffffffff
W/ResourceType( 9859): No known package when getting name for resource number 0xffffffff
W/ResourceType( 9859): No known package when getting name for resource number 0xffffffff
W/ResourceType( 9859): No known package when getting name for resource number 0xffffffff
I/System.out( 9859): URI: /map
I/System.out( 9859): params: {json={"query":"* {text BEGINSWITH 'EXPIRED:'}","operation":{"method_name":"query","arguments":[]}}
I/System.out( 9859): }
I/System.out( 9859): URI: /map
I/System.out( 9859): params: {json={"query":"* marked:'Expired (1)'","operation":{"method_name":"query","arguments":[]}}
I/System.out( 9859): }
W/ResourceType( 9859): No known package when getting name for resource number 0xffffffff
W/ResourceType( 9859): No known package when getting name for resource number 0xffffffff
W/ResourceType( 9859): No known package when getting name for resource number 0xffffffff
W/ResourceType( 9859): No known package when getting name for resource number 0xffffffff
W/ResourceType( 9859): No known package when getting name for resource number 0xffffffff
W/ResourceType( 9859): No known package when getting name for resource number 0xffffffff
W/ResourceType( 9859): No known package when getting name for resource number 0xffffffff
W/ResourceType( 9859): No known package when getting name for resource number 0xffffffff
W/ResourceType( 9859): No known package when getting name for resource number 0xffffffff
W/ResourceType( 9859): No known package when getting name for resource number 0xffffffff
W/ResourceType( 9859): No known package when getting name for resource number 0xffffffff
W/ResourceType( 9859): No known package when getting name for resource number 0xffffffff
W/ResourceType( 9859): No known package when getting name for resource number 0xffffffff
W/ResourceType( 9859): No known package when getting name for resource number 0xffffffff
W/ResourceType( 9859): No known package when getting name for resource number 0xffffffff
W/ResourceType( 9859): No known package when getting name for resource number 0xffffffff
W/ResourceType( 9859): No known package when getting name for resource number 0xffffffff
W/ResourceType( 9859): No known package when getting name for resource number 0xffffffff
W/ResourceType( 9859): No known package when getting name for resource number 0xffffffff
W/ResourceType( 9859): No known package when getting name for resource number 0xffffffff
W/ResourceType( 9859): No known package when getting name for resource number 0xffffffff
W/ResourceType( 9859): No known package when getting name for resource number 0xffffffff
W/ResourceType( 9859): No known package when getting name for resource number 0xffffffff
W/ResourceType( 9859): No known package when getting name for resource number 0xffffffff
W/ResourceType( 9859): No known package when getting name for resource number 0xffffffff
W/ResourceType( 9859): No known package when getting name for resource number 0xffffffff
W/ResourceType( 9859): No known package when getting name for resource number 0xffffffff
W/ResourceType( 9859): No known package when getting name for resource number 0xffffffff
W/ResourceType( 9859): No known package when getting name for resource number 0xffffffff
W/ResourceType( 9859): No known package when getting name for resource number 0xffffffff
W/ResourceType( 9859): No known package when getting name for resource number 0xffffffff
W/ResourceType( 9859): No known package when getting name for resource number 0xffffffff
W/ResourceType( 9859): No known package when getting name for resource number 0xffffffff
W/ResourceType( 9859): No known package when getting name for resource number 0xffffffff
W/ResourceType( 9859): No known package when getting name for resource number 0xffffffff
W/ResourceType( 9859): No known package when getting name for resource number 0xffffffff
W/ResourceType( 9859): No known package when getting name for resource number 0xffffffff
W/ResourceType( 9859): No known package when getting name for resource number 0xffffffff
W/ResourceType( 9859): No known package when getting name for resource number 0xffffffff
W/ResourceType( 9859): No known package when getting name for resource number 0xffffffff
W/ResourceType( 9859): No known package when getting name for resource number 0xffffffff
W/ResourceType( 9859): No known package when getting name for resource number 0xffffffff
W/ResourceType( 9859): No known package when getting name for resource number 0xffffffff
W/ResourceType( 9859): No known package when getting name for resource number 0xffffffff
W/ResourceType( 9859): No known package when getting name for resource number 0xffffffff
W/ResourceType( 9859): No known package when getting name for resource number 0xffffffff
W/ResourceType( 9859): No known package when getting name for resource number 0xffffffff
W/ResourceType( 9859): No known package when getting name for resource number 0xffffffff
W/ResourceType( 9859): No known package when getting name for resource number 0xffffffff
W/ResourceType( 9859): No known package when getting name for resource number 0xffffffff
W/ResourceType( 9859): No known package when getting name for resource number 0xffffffff
W/ResourceType( 9859): No known package when getting name for resource number 0xffffffff
W/ResourceType( 9859): No known package when getting name for resource number 0xffffffff
W/ResourceType( 9859): No known package when getting name for resource number 0xffffffff
W/ResourceType( 9859): No known package when getting name for resource number 0xffffffff
W/ResourceType( 9859): No known package when getting name for resource number 0xffffffff
W/ResourceType( 9859): No known package when getting name for resource number 0xffffffff
W/ResourceType( 9859): No known package when getting name for resource number 0xffffffff
W/ResourceType( 9859): No known package when getting name for resource number 0xffffffff
W/ResourceType( 9859): No known package when getting name for resource number 0xffffffff
W/ResourceType( 9859): No known package when getting name for resource number 0xffffffff
W/ResourceType( 9859): No known package when getting name for resource number 0xffffffff
W/ResourceType( 9859): No known package when getting name for resource number 0xffffffff
W/ResourceType( 9859): No known package when getting name for resource number 0xffffffff
W/ResourceType( 9859): No known package when getting name for resource number 0xffffffff
W/ResourceType( 9859): No known package when getting name for resource number 0xffffffff
I/System.out( 9859): URI: /map
I/System.out( 9859): params: {json={"query":"* marked:'Expired (1)'","operation":{"method_name":"query","arguments":[]}}
I/System.out( 9859): }
W/ResourceType( 9859): No known package when getting name for resource number 0xffffffff
W/ResourceType( 9859): No known package when getting name for resource number 0xffffffff
W/ResourceType( 9859): No known package when getting name for resource number 0xffffffff
W/ResourceType( 9859): No known package when getting name for resource number 0xffffffff
W/ResourceType( 9859): No known package when getting name for resource number 0xffffffff
W/ResourceType( 9859): No known package when getting name for resource number 0xffffffff
W/ResourceType( 9859): No known package when getting name for resource number 0xffffffff
W/ResourceType( 9859): No known package when getting name for resource number 0xffffffff
W/ResourceType( 9859): No known package when getting name for resource number 0xffffffff
W/ResourceType( 9859): No known package when getting name for resource number 0xffffffff
W/ResourceType( 9859): No known package when getting name for resource number 0xffffffff
W/ResourceType( 9859): No known package when getting name for resource number 0xffffffff
W/ResourceType( 9859): No known package when getting name for resource number 0xffffffff
W/ResourceType( 9859): No known package when getting name for resource number 0xffffffff
W/ResourceType( 9859): No known package when getting name for resource number 0xffffffff
W/ResourceType( 9859): No known package when getting name for resource number 0xffffffff
W/ResourceType( 9859): No known package when getting name for resource number 0xffffffff
W/ResourceType( 9859): No known package when getting name for resource number 0xffffffff
W/ResourceType( 9859): No known package when getting name for resource number 0xffffffff
W/ResourceType( 9859): No known package when getting name for resource number 0xffffffff
W/ResourceType( 9859): No known package when getting name for resource number 0xffffffff
W/ResourceType( 9859): No known package when getting name for resource number 0xffffffff
W/ResourceType( 9859): No known package when getting name for resource number 0xffffffff
W/ResourceType( 9859): No known package when getting name for resource number 0xffffffff
W/ResourceType( 9859): No known package when getting name for resource number 0xffffffff
W/ResourceType( 9859): No known package when getting name for resource number 0xffffffff
W/ResourceType( 9859): No known package when getting name for resource number 0xffffffff
W/ResourceType( 9859): No known package when getting name for resource number 0xffffffff
W/ResourceType( 9859): No known package when getting name for resource number 0xffffffff
W/ResourceType( 9859): No known package when getting name for resource number 0xffffffff
W/ResourceType( 9859): No known package when getting name for resource number 0xffffffff
W/ResourceType( 9859): No known package when getting name for resource number 0xffffffff
W/ResourceType( 9859): No known package when getting name for resource number 0xffffffff
W/ResourceType( 9859): No known package when getting name for resource number 0xffffffff
W/ResourceType( 9859): No known package when getting name for resource number 0xffffffff
W/ResourceType( 9859): No known package when getting name for resource number 0xffffffff
W/ResourceType( 9859): No known package when getting name for resource number 0xffffffff
W/ResourceType( 9859): No known package when getting name for resource number 0xffffffff
W/ResourceType( 9859): No known package when getting name for resource number 0xffffffff
W/ResourceType( 9859): No known package when getting name for resource number 0xffffffff
W/ResourceType( 9859): No known package when getting name for resource number 0xffffffff
W/ResourceType( 9859): No known package when getting name for resource number 0xffffffff
W/ResourceType( 9859): No known package when getting name for resource number 0xffffffff
W/ResourceType( 9859): No known package when getting name for resource number 0xffffffff
W/ResourceType( 9859): No known package when getting name for resource number 0xffffffff
W/ResourceType( 9859): No known package when getting name for resource number 0xffffffff
W/ResourceType( 9859): No known package when getting name for resource number 0xffffffff
W/ResourceType( 9859): No known package when getting name for resource number 0xffffffff
W/ResourceType( 9859): No known package when getting name for resource number 0xffffffff
W/ResourceType( 9859): No known package when getting name for resource number 0xffffffff
W/ResourceType( 9859): No known package when getting name for resource number 0xffffffff
W/ResourceType( 9859): No known package when getting name for resource number 0xffffffff
W/ResourceType( 9859): No known package when getting name for resource number 0xffffffff
W/ResourceType( 9859): No known package when getting name for resource number 0xffffffff
W/ResourceType( 9859): No known package when getting name for resource number 0xffffffff
W/ResourceType( 9859): No known package when getting name for resource number 0xffffffff
W/ResourceType( 9859): No known package when getting name for resource number 0xffffffff
W/ResourceType( 9859): No known package when getting name for resource number 0xffffffff
W/ResourceType( 9859): No known package when getting name for resource number 0xffffffff
W/ResourceType( 9859): No known package when getting name for resource number 0xffffffff
W/ResourceType( 9859): No known package when getting name for resource number 0xffffffff
W/ResourceType( 9859): No known package when getting name for resource number 0xffffffff
W/ResourceType( 9859): No known package when getting name for resource number 0xffffffff
W/ResourceType( 9859): No known package when getting name for resource number 0xffffffff
W/ResourceType( 9859): No known package when getting name for resource number 0xffffffff
W/ResourceType( 9859): No known package when getting name for resource number 0xffffffff
D/Mono    ( 9859): [0xda67a930] worker finishing
W/SQLiteConnectionPool( 4379): A SQLiteConnection object for database '/data/user/0/com.google.android.gms/databases/networkstatistics.sqlite' was leaked!  Please fix your application to end transactions in progress properly and to close the database when it is no longer needed.
I/art     ( 9859): Starting a blocking GC Explicit
I/art     ( 9859): Explicit concurrent mark sweep GC freed 244336(10MB) AllocSpace objects, 13(260KB) LOS objects, 28% free, 39MB/55MB, paused 390us total 37.056ms
I/art     ( 9859): Starting a blocking GC Explicit
I/art     ( 9859): Explicit concurrent mark sweep GC freed 143(6KB) AllocSpace objects, 0(0B) LOS objects, 28% free, 39MB/55MB, paused 322us total 12.973ms
I/art     ( 9859): Starting a blocking GC Explicit
I/art     ( 9859): Explicit concurrent mark sweep GC freed 17(1408B) AllocSpace objects, 0(0B) LOS objects, 28% free, 39MB/55MB, paused 315us total 12.821ms
I/art     ( 9859): Starting a blocking GC Explicit
I/art     ( 9859): Explicit concurrent mark sweep GC freed 3(96B) AllocSpace objects, 0(0B) LOS objects, 28% free, 39MB/55MB, paused 325us total 13.715ms
I/art     ( 9859): Starting a blocking GC Explicit
I/art     ( 9859): Explicit concurrent mark sweep GC freed 17(1408B) AllocSpace objects, 0(0B) LOS objects, 28% free, 39MB/55MB, paused 361us total 13.300ms
I/art     ( 9859): Starting a blocking GC Explicit
I/art     ( 9859): Explicit concurrent mark sweep GC freed 2788(211KB) AllocSpace objects, 1(20KB) LOS objects, 28% free, 39MB/55MB, paused 425us total 24.429ms
I/art     ( 9859): Starting a blocking GC Explicit
I/art     ( 9859): Explicit concurrent mark sweep GC freed 20(696B) AllocSpace objects, 0(0B) LOS objects, 28% free, 39MB/55MB, paused 348us total 14.984ms
I/art     ( 9859): Starting a blocking GC Explicit
I/art     ( 9859): Explicit concurrent mark sweep GC freed 17(1408B) AllocSpace objects, 0(0B) LOS objects, 28% free, 39MB/55MB, paused 348us total 14.494ms
I/art     ( 9859): Starting a blocking GC Explicit
I/art     ( 9859): Explicit concurrent mark sweep GC freed 3(96B) AllocSpace objects, 0(0B) LOS objects, 28% free, 39MB/55MB, paused 329us total 14.201ms
I/art     ( 9859): Starting a blocking GC Explicit
I/art     ( 9859): Explicit concurrent mark sweep GC freed 17(1408B) AllocSpace objects, 0(0B) LOS objects, 28% free, 39MB/55MB, paused 328us total 13.996ms

]]><xtc-duration value="9.8472481"/></xtc-step><!-- name: "undefined", id: "undefined" --><![CDATA[
I/ServiceManager(  541): Waiting for service AtCmdFwd...
I/ServiceManager(  541): Waiting for service AtCmdFwd...

]]><xtc-step name="[0-1115]CareerBuilder_Search.DroidFeatureTests.SavedJobsTests.ExpiredFitlerShowsOnlyExpiredAndSticksBetweenTabs-2-NA-FinalScreenShot" id="[0-1115]CareerBuilder_Search.DroidFeatureTests.SavedJobsTests.ExpiredFitlerShowsOnlyExpiredAndSticksBetweenTabs-2-NA-FinalScreenShot"><![CDATA[
I/ServiceManager(  541): Waiting for service AtCmdFwd...
I/ServiceManager(  541): Waiting for service AtCmdFwd...

]]><xtc-duration value="1.6244318"/></xtc-step><!-- name: "undefined", id: "undefined" --><![CDATA[
I/ServiceManager(  541): Waiting for service AtCmdFwd...
I/art     ( 9859): Starting a blocking GC Explicit
I/art     ( 9859): Explicit concurrent mark sweep GC freed 2788(211KB) AllocSpace objects, 1(20KB) LOS objects, 28% free, 39MB/55MB, paused 388us total 20.554ms
I/art     ( 9859): Starting a blocking GC Explicit
I/art     ( 9859): Explicit concurrent mark sweep GC freed 34(2008B) AllocSpace objects, 0(0B) LOS objects, 28% free, 39MB/55MB, paused 348us total 14.632ms
I/art     ( 9859): Starting a blocking GC Explicit
I/art     ( 9859): Explicit concurrent mark sweep GC freed 3(96B) AllocSpace objects, 0(0B) LOS objects, 28% free, 39MB/55MB, paused 422us total 15.007ms
I/art     ( 9859): Starting a blocking GC Explicit
I/art     ( 9859): Explicit concurrent mark sweep GC freed 17(1408B) AllocSpace objects, 0(0B) LOS objects, 28% free, 39MB/55MB, paused 340us total 14.470ms
I/art     ( 9859): Starting a blocking GC Explicit
I/art     ( 9859): Explicit concurrent mark sweep GC freed 3(96B) AllocSpace objects, 0(0B) LOS objects, 28% free, 39MB/55MB, paused 345us total 14.413ms

]]><xtc-duration value="183.0543716" skip="false"/></xtc-scenario><!-- name: "undefined", id: "undefined" --><![CDATA[
W/Atfwd_Sendcmd(  541): AtCmdFwd service not published, waiting... retryCnt : 3
--------- beginning of crash
F/libc    ( 9435): Fatal signal 13 (SIGPIPE), code 0 in tid 9435 (screencap)
I/SELinux (  511): SELinux: Loaded file_contexts contexts from /file_contexts.
W/NativeCrashListener(  929): Couldn't find ProcessRecord for pid 9435
F/DEBUG   (  511): *** *** *** *** *** *** *** *** *** *** *** *** *** *** *** ***
E/DEBUG   (  511): AM write failed: Broken pipe
F/DEBUG   (  511): Build fingerprint: 'google/angler/angler:6.0.1/MMB29P/2473553:user/release-keys'
F/DEBUG   (  511): Revision: '0'
F/DEBUG   (  511): ABI: 'arm64'
F/DEBUG   (  511): pid: 9435, tid: 9435, name: screencap  >>> screencap <<<
F/DEBUG   (  511): signal 13 (SIGPIPE), code 0 (SI_USER), fault addr --------
F/DEBUG   (  511):     x0   0000000000000680  x1   0000007fb3f58400  x2   0000000000001680  x3   0000007fb53d1220
F/DEBUG   (  511):     x4   0000007fcbb1bdc8  x5   0000000000000001  x6   0000000000000000  x7   0000007fb5e0d000
F/DEBUG   (  511):     x8   0000000000000040  x9   0000007fb5fdca60  x10  ffffffffffffffff  x11  0000000000001340
F/DEBUG   (  511):     x12  ffffffffffffffff  x13  0000007fcbb1bdc8  x14  0000007fcbb1bdcc  x15  0000000000000680
F/DEBUG   (  511):     x16  000000558c2e4f40  x17  0000007fb5dd228c  x18  00000000000005a0  x19  0000007fcbb1bde8
F/DEBUG   (  511):     x20  0000007fcbb1bdd0  x21  0000007fb3f59e00  x22  000000558c2e4000  x23  000000000000000b
F/DEBUG   (  511):     x24  0000000000001a00  x25  0000000000000004  x26  0000007fcbb1bdc4  x27  0000007fcbb1be10
F/DEBUG   (  511):     x28  0000000000000004  x29  0000007fcbb1bd30  x30  000000558c2d3ea0
F/DEBUG   (  511):     sp   0000007fcbb1bd20  pc   0000007fb5dd2294  pstate 0000000080000000
F/DEBUG   (  511): 
F/DEBUG   (  511): backtrace:
F/DEBUG   (  511):     #00 pc 000000000006a294  /system/lib64/libc.so (write+8)
F/DEBUG   (  511):     #01 pc 0000000000001e9c  /system/bin/screencap (main+1388)
F/DEBUG   (  511):     #02 pc 000000000001bc98  /system/lib64/libc.so (__libc_init+100)
F/DEBUG   (  511):     #03 pc 0000000000002080  /system/bin/screencap
F/DEBUG   (  511): 
F/DEBUG   (  511): Tombstone written to: /data/tombstones/tombstone_02
I/BootReceiver(  929): Copying /data/tombstones/tombstone_02 to DropBox (SYSTEM_TOMBSTONE)
I/art     ( 9859): Starting a blocking GC Explicit
I/art     ( 9859): Explicit concurrent mark sweep GC freed 2810(213KB) AllocSpace objects, 1(20KB) LOS objects, 28% free, 39MB/55MB, paused 446us total 24.325ms
I/art     ( 9859): Starting a blocking GC Explicit
I/art     ( 9859): Explicit concurrent mark sweep GC freed 34(2016B) AllocSpace objects, 0(0B) LOS objects, 28% free, 39MB/55MB, paused 373us total 15.068ms
I/art     ( 9859): Starting a blocking GC Explicit
I/art     ( 9859): Explicit concurrent mark sweep GC freed 3(96B) AllocSpace objects, 0(0B) LOS objects, 28% free, 39MB/55MB, paused 333us total 14.296ms
I/art     ( 9859): Starting a blocking GC Explicit
I/art     ( 9859): Explicit concurrent mark sweep GC freed 17(1408B) AllocSpace objects, 0(0B) LOS objects, 28% free, 39MB/55MB, paused 341us total 14.323ms
I/art     ( 9859): Starting a blocking GC Explicit
I/art     ( 9859): Explicit concurrent mark sweep GC freed 3(96B) AllocSpace objects, 0(0B) LOS objects, 28% free, 39MB/55MB, paused 385us total 14.462ms
D/WifiStateMachine(  929): starting scan for "xtc-ag"WPA_PSK with 5240,5180,5220,5200
D/Mono    ( 9859): [0xd853a930] worker finishing
W/PlatformStatsUtil( 4379): Could not retrieve Usage & Diagnostics setting. Giving up.
I/art     ( 9859): Starting a blocking GC Explicit
I/art     ( 9859): Explicit concurrent mark sweep GC freed 2810(212KB) AllocSpace objects, 1(20KB) LOS objects, 28% free, 39MB/55MB, paused 379us total 21.112ms
I/art     ( 9859): Starting a blocking GC Explicit
I/art     ( 9859): Explicit concurrent mark sweep GC freed 20(696B) AllocSpace objects, 0(0B) LOS objects, 28% free, 39MB/55MB, paused 336us total 14.282ms
I/art     ( 9859): Starting a blocking GC Explicit
I/art     ( 9859): Explicit concurrent mark sweep GC freed 17(1408B) AllocSpace objects, 0(0B) LOS objects, 28% free, 39MB/55MB, paused 333us total 14.342ms
I/art     ( 9859): Starting a blocking GC Explicit
I/art     ( 9859): Explicit concurrent mark sweep GC freed 3(96B) AllocSpace objects, 0(0B) LOS objects, 28% free, 39MB/55MB, paused 341us total 14.483ms
I/art     ( 9859): Starting a blocking GC Explicit
I/art     ( 9859): Explicit concurrent mark sweep GC freed 17(1408B) AllocSpace objects, 0(0B) LOS objects, 28% free, 39MB/55MB, paused 336us total 14.345ms
D/NetlinkSocketObserver(  929): NeighborEvent{elapsedMs=387440, 10.22.0.1, [B0FAEB975089], RTM_NEWNEIGH, NUD_STALE}
D/Mono    ( 9859): [0xd7f66930] worker finishing
