<![CDATA[D/NetlinkSocketObserver(  927): NeighborEvent{elapsedMs=1058360, 10.22.0.1, [B0FAEB975089], RTM_NEWNEIGH, NUD_STALE}

]]><xtc-scenario name="[0-1006]CareerBuilder_Search.DroidFeatureTests.AfterApplyTests.HasSuccessMessage" id="[0-1006]CareerBuilder_Search.DroidFeatureTests.AfterApplyTests.HasSuccessMessage"><![CDATA[

]]><xtc-step name="[0-1006]CareerBuilder_Search.DroidFeatureTests.AfterApplyTests.HasSuccessMessage-HasSuccessMessage" id="[0-1006]CareerBuilder_Search.DroidFeatureTests.AfterApplyTests.HasSuccessMessage-HasSuccessMessage"><![CDATA[
I/ActivityManager(  927): Killing 7735:com.google.android.configupdater/u0a5 (adj 15): empty #17
I/ServiceManager( 5736): Waiting for service AtCmdFwd...
D/AndroidRuntime( 8324): >>>>>> START com.android.internal.os.RuntimeInit uid 2000 <<<<<<
D/AndroidRuntime( 8324): CheckJNI is OFF
D/ICU     ( 8324): No timezone override file found: /data/misc/zoneinfo/current/icu/icu_tzdata.dat
I/Radio-JNI( 8324): register_android_hardware_Radio DONE
D/AndroidRuntime( 8324): Calling main entry com.android.commands.pm.Pm
I/art     ( 8324): System.exit called, status: 0
I/AndroidRuntime( 8324): VM exiting with result code 0.
I/ServiceManager( 5736): Waiting for service AtCmdFwd...
I/ServiceManager( 5736): Waiting for service AtCmdFwd...
D/WifiStateMachine(  927): starting scan for "xtc-ag"WPA_PSK with 5240,5200,5180
I/ServiceManager( 5736): Waiting for service AtCmdFwd...
I/ServiceManager( 5736): Waiting for service AtCmdFwd...
D/AndroidRuntime( 8431): >>>>>> START com.android.internal.os.RuntimeInit uid 2000 <<<<<<
D/AndroidRuntime( 8431): CheckJNI is OFF
D/ICU     ( 8431): No timezone override file found: /data/misc/zoneinfo/current/icu/icu_tzdata.dat
I/Radio-JNI( 8431): register_android_hardware_Radio DONE
D/AndroidRuntime( 8431): Calling main entry com.android.commands.am.Am
W/ActivityManager(  927): Invalid packageName: com.careerbuilder.SugarDrone
D/AndroidRuntime( 8431): Shutting down VM
W/Atfwd_Sendcmd( 5736): AtCmdFwd service not published, waiting... retryCnt : 3
I/ServiceManager( 5736): Waiting for service AtCmdFwd...
I/ServiceManager( 5736): Waiting for service AtCmdFwd...
I/ServiceManager( 5736): Waiting for service AtCmdFwd...
I/Keyboard.Facilitator.LanguageModelFlusher( 3465): run()
I/Keyboard.Facilitator( 3465): flushDynamicLanguageModels()
I/ServiceManager( 5736): Waiting for service AtCmdFwd...
I/ServiceManager( 5736): Waiting for service AtCmdFwd...
W/Atfwd_Sendcmd( 5736): AtCmdFwd service not published, waiting... retryCnt : 4
D/AndroidRuntime( 8878): >>>>>> START com.android.internal.os.RuntimeInit uid 2000 <<<<<<
D/AndroidRuntime( 8878): CheckJNI is OFF
D/ICU     ( 8878): No timezone override file found: /data/misc/zoneinfo/current/icu/icu_tzdata.dat
I/Radio-JNI( 8878): register_android_hardware_Radio DONE
D/AndroidRuntime( 8878): Calling main entry com.android.commands.pm.Pm
I/ActivityManager(  927): Start proc 8895:com.android.defcontainer/u0a7 for service com.android.defcontainer/.DefaultContainerService
D/DefContainer( 8895): Copying /data/local/tmp/0000002631 to base.apk
I/PackageManager.DexOptimizer(  927): Running dexopt (dex2oat) on: /data/app/vmdl1740218901.tmp/base.apk pkg=com.careerbuilder.SugarDrone isa=arm vmSafeMode=false debuggable=true oatDir = /data/app/vmdl1740218901.tmp/oat bootComplete=true
I/dex2oat ( 8934): /system/bin/dex2oat -j2 --debuggable
W/dex2oat ( 8934): Before Android 4.1, method android.graphics.PorterDuffColorFilter android.support.graphics.drawable.VectorDrawableCompat.updateTintFilter(android.graphics.PorterDuffColorFilter, android.content.res.ColorStateList, android.graphics.PorterDuff$Mode) would have incorrectly overridden the package-private method in android.graphics.drawable.Drawable
W/dex2oat ( 8934): Before Android 4.1, method int android.support.v7.widget.ListViewCompat.lookForSelectablePosition(int, boolean) would have incorrectly overridden the package-private method in android.widget.ListView
I/dex2oat ( 8934): dex2oat took 4.495s (threads: 2) arena alloc=525KB java alloc=5MB native alloc=20MB free=3MB
W/PackageManager(  927): Not granting permission android.permission.MANAGE_DOCUMENTS to package com.careerbuilder.SugarDrone (protectionLevel=2 flags=0x3808be46)
W/PackageManager(  927): Not granting permission android.permission.MOUNT_UNMOUNT_FILESYSTEMS to package com.careerbuilder.SugarDrone (protectionLevel=18 flags=0x3808be46)
V/BackupManagerService(  927): restoreAtInstall pkg=com.careerbuilder.SugarDrone token=5 restoreSet=0
V/BackupManagerService(  927): Finishing install immediately
W/Settings(  927): Setting install_non_market_apps has moved from android.provider.Settings.Global to android.provider.Settings.Secure, returning read-only value.
I/art     (  927): Starting a blocking GC Explicit
I/art     (  927): Explicit concurrent mark sweep GC freed 24854(1666KB) AllocSpace objects, 4(80KB) LOS objects, 33% free, 30MB/45MB, paused 1.677ms total 79.266ms
I/art     ( 8878): System.exit called, status: 0
I/AndroidRuntime( 8878): VM exiting with result code 0.
I/InputReader(  927): Reconfiguring input devices.  changes=0x00000010
D/CarrierServiceBindHelper( 3610): Receive action: android.intent.action.PACKAGE_ADDED
D/CarrierServiceBindHelper( 3610): mHandler: 3
D/CarrierConfigLoader( 3610): mHandler: 9 phoneId: 0
I/ActivityManager(  927): Start proc 9018:com.android.musicfx/u0a21 for broadcast com.android.musicfx/.Compatibility$Receiver
W/System  ( 9018): ClassLoader referenced unknown path: /system/priv-app/MusicFX/lib/arm64
I/ActivityManager(  927): Start proc 9035:com.android.vending/u0a22 for broadcast com.android.vending/com.google.android.finsky.receivers.PackageMonitorReceiver$RegisteredReceiver
I/ActivityManager(  927): Killing 7258:com.google.android.apps.gcs/u0a11 (adj 15): empty #17
W/System  ( 9035): ClassLoader referenced unknown path: /system/priv-app/Phonesky/lib/arm64
W/Finsky  ( 9035): [1] FinskyApp.getCurrentAccount: No account configured on this device.
D/Finsky  ( 9035): [1] FinskyApp.onCreate: Initializing network with DFE https://android.clients.google.com/fdfe/
W/Finsky  ( 9035): [1] FinskyApp.getCurrentAccount: No account configured on this device.
W/Finsky  ( 9035): [1] FinskyApp.getCurrentAccount: No account configured on this device.
W/Finsky  ( 9035): [1] FinskyApp.getCurrentAccount: No account configured on this device.
W/Finsky  ( 9035): [1] FinskyApp.getCurrentAccount: No account configured on this device.
W/Finsky  ( 9035): [1] FinskyApp.getCurrentAccount: No account configured on this device.
W/Finsky  ( 9035): [1] FinskyApp.getCurrentAccount: No account configured on this device.
W/Finsky  ( 9035): [1] FinskyApp.getCurrentAccount: No account configured on this device.
D/Finsky  ( 9035): [1] DailyHygiene.goMakeHygieneIfDirty: No need to run daily hygiene.
W/Settings( 9035): Setting download_manager_max_bytes_over_mobile has moved from android.provider.Settings.Secure to android.provider.Settings.Global.
W/Settings( 9035): Setting download_manager_recommended_max_bytes_over_mobile has moved from android.provider.Settings.Secure to android.provider.Settings.Global.
W/Finsky  ( 9035): [1] FinskyApp.getCurrentAccount: No account configured on this device.
W/Finsky  ( 9035): [1] FinskyApp.getCurrentAccount: No account configured on this device.
W/Finsky  ( 9035): [1] FinskyApp.getDfeApi: No account configured on this device.
W/Finsky  ( 9035): [1] FinskyApp.getCurrentAccount: No account configured on this device.
D/Ads     ( 9035): Skipping gmscore version check
I/ActivityManager(  927): Start proc 9079:com.google.android.apps.docs/u0a43 for broadcast com.google.android.apps.docs/.receivers.AppPackageAddRemoveReceiver
D/Finsky  ( 9035): [1] ExternalReferrer.access$200: Package state data is missing for com.careerbuilder.SugarDrone
I/UpdateIcingCorporaServi( 4988): Updating corpora: APPS=com.careerbuilder.SugarDrone, CONTACTS=MAYBE
W/System  ( 9079): ClassLoader referenced unknown path: /system/app/Drive/lib/arm64
W/Finsky  ( 9035): [1] FinskyApp.getCurrentAccount: No account configured on this device.
W/Finsky  ( 9035): [1] FinskyApp.getCurrentAccount: No account configured on this device.
D/Finsky  ( 9035): [1] GmsCoreHelper.cleanupNlp: result=false type=4
D/Finsky  ( 9035): [1] RestoreTracker.stopServiceIfDone: Restore complete with 0 success and 0 failed.
W/IcingInternalCorpora( 4357): getNumBytesRead when not calculated.
I/Icing   ( 4357): Usage reports 0 indexed 0 rejected 0 imm upload true
I/UpdateIcingCorporaServi( 4988): UpdateCorporaTask done [took 232 ms] updated apps [took 232 ms] 
I/GAv4    ( 9079): Google Analytics 7.8.95 is starting up. To enable debug logging on a device run:
I/GAv4    ( 9079):   adb shell setprop log.tag.GAv4 DEBUG
I/GAv4    ( 9079):   adb logcat -s GAv4
W/GAv4    ( 9079): AnalyticsReceiver is not registered or is disabled. Register the receiver for reliable dispatching on non-Google Play devices. See http://goo.gl/8Rd3yj for instructions.
W/GAv4    ( 9079): CampaignTrackingReceiver is not registered, not exported or is disabled. Installation campaign tracking is not possible. See http://goo.gl/8Rd3yj for instructions.
W/AnalyticsTrackerProxyImpl( 9079): Analytics setup for ID UA-21125203-2, app name Drive, version 2.3.327.05.46
W/GAv4    ( 9079): AnalyticsService not registered in the app manifest. Hits might not be delivered reliably. See http://goo.gl/8Rd3yj for instructions.
D/AndroidRuntime( 9064): >>>>>> START com.android.internal.os.RuntimeInit uid 2000 <<<<<<
D/AndroidRuntime( 9064): CheckJNI is OFF
D/ICU     ( 9064): No timezone override file found: /data/misc/zoneinfo/current/icu/icu_tzdata.dat
I/ActivityManager(  927): Killing 7980:com.android.providers.calendar/u0a1 (adj 15): empty #17
I/Radio-JNI( 9064): register_android_hardware_Radio DONE
D/AndroidRuntime( 9064): Calling main entry com.android.commands.settings.SettingsCmd
D/AndroidRuntime( 9064): Shutting down VM
D/Wear_Controller( 4357): Received broadcast action=android.intent.action.PACKAGE_ADDED and uri=com.careerbuilder.SugarDrone
I/PeopleContactsSync( 4357): triggerPendingContactsCleanup: no accounts
I/Icing   ( 4357): Usage reports 0 indexed 0 rejected 0 imm upload false
I/Icing   ( 4357): Usage reports 0 indexed 0 rejected 0 imm upload false
W/linker  ( 9079): /data/app/com.google.android.gms-2/lib/arm64/libconscrypt_gmscore_jni.so: unused DT entry: type 0x1d arg 0x80
V/JNIHelp ( 9079): Registering com/google/android/gms/org/conscrypt/NativeCrypto's 242 native methods...
I/art     ( 9079): Rejecting re-init on previously-failed class java.lang.Class<com.google.android.gms.org.conscrypt.OpenSSLExtendedSessionImpl>
I/art     ( 9079): Rejecting re-init on previously-failed class java.lang.Class<com.google.android.gms.org.conscrypt.OpenSSLExtendedSessionImpl>
I/ProviderInstaller( 9079): Installed default security provider GmsCore_OpenSSL
I/Icing   ( 4357): Indexing D2F44C60488EDF2A00741AA0A7D5530FBE012947 from com.google.android.googlequicksearchbox
I/Icing   ( 4357): Indexing done D2F44C60488EDF2A00741AA0A7D5530FBE012947
D/AndroidRuntime( 9147): >>>>>> START com.android.internal.os.RuntimeInit uid 2000 <<<<<<
D/AndroidRuntime( 9147): CheckJNI is OFF
D/ICU     ( 9147): No timezone override file found: /data/misc/zoneinfo/current/icu/icu_tzdata.dat
I/Radio-JNI( 9147): register_android_hardware_Radio DONE
D/AndroidRuntime( 9147): Calling main entry com.android.commands.settings.SettingsCmd
D/AndroidRuntime( 9147): Shutting down VM
I/Icing   ( 4357): Indexing 549E45E51981BEDBC489C5B952C65EDEDC73CE58 from com.google.android.gms
I/Icing   ( 4357): Indexing done 549E45E51981BEDBC489C5B952C65EDEDC73CE58
D/AndroidRuntime( 9172): >>>>>> START com.android.internal.os.RuntimeInit uid 2000 <<<<<<
D/AndroidRuntime( 9172): CheckJNI is OFF
D/ICU     ( 9172): No timezone override file found: /data/misc/zoneinfo/current/icu/icu_tzdata.dat
I/Radio-JNI( 9172): register_android_hardware_Radio DONE
D/AndroidRuntime( 9172): Calling main entry com.android.commands.settings.SettingsCmd
D/AndroidRuntime( 9172): Shutting down VM
D/AndroidRuntime( 9196): >>>>>> START com.android.internal.os.RuntimeInit uid 2000 <<<<<<
D/AndroidRuntime( 9196): CheckJNI is OFF
D/ICU     ( 9196): No timezone override file found: /data/misc/zoneinfo/current/icu/icu_tzdata.dat
W/ip      ( 9204): type=1400 audit(0.0:78): avc: denied { search } for name="net" dev="dm-2" ino=4079624 scontext=u:r:shell:s0 tcontext=u:object_r:net_data_file:s0 tclass=dir permissive=0
I/Radio-JNI( 9196): register_android_hardware_Radio DONE
D/AndroidRuntime( 9196): Calling main entry com.android.commands.settings.SettingsCmd
D/AndroidRuntime( 9196): Shutting down VM
D/AndroidRuntime( 9219): >>>>>> START com.android.internal.os.RuntimeInit uid 2000 <<<<<<
D/AndroidRuntime( 9219): CheckJNI is OFF
D/ICU     ( 9219): No timezone override file found: /data/misc/zoneinfo/current/icu/icu_tzdata.dat
I/ActivityManager(  927): Killing 7477:com.google.android.talk/u0a53 (adj 15): empty #17
I/Radio-JNI( 9219): register_android_hardware_Radio DONE
D/AndroidRuntime( 9219): Calling main entry com.android.commands.settings.SettingsCmd
D/AndroidRuntime( 9219): Shutting down VM
D/AndroidRuntime( 9241): >>>>>> START com.android.internal.os.RuntimeInit uid 2000 <<<<<<
D/AndroidRuntime( 9241): CheckJNI is OFF
D/ICU     ( 9241): No timezone override file found: /data/misc/zoneinfo/current/icu/icu_tzdata.dat
I/Radio-JNI( 9241): register_android_hardware_Radio DONE
D/AndroidRuntime( 9241): Calling main entry com.android.commands.appops.AppOpsCommand
D/AndroidRuntime( 9241): Shutting down VM
D/WifiStateMachine(  927): starting scan for "xtc-ag"WPA_PSK with 5240,5200,5180
D/AndroidRuntime( 9263): >>>>>> START com.android.internal.os.RuntimeInit uid 2000 <<<<<<
D/AndroidRuntime( 9263): CheckJNI is OFF
D/ICU     ( 9263): No timezone override file found: /data/misc/zoneinfo/current/icu/icu_tzdata.dat
I/Radio-JNI( 9263): register_android_hardware_Radio DONE
D/AndroidRuntime( 9263): Calling main entry com.android.commands.pm.Pm
I/art     ( 9263): System.exit called, status: 0
I/AndroidRuntime( 9263): VM exiting with result code 0.
I/ActivityManager(  927): Killing 7590:com.google.android.apps.photos/u0a62 (adj 15): empty #17
I/ServiceManager( 5736): Waiting for service AtCmdFwd...
D/AndroidRuntime( 9312): >>>>>> START com.android.internal.os.RuntimeInit uid 2000 <<<<<<
D/AndroidRuntime( 9312): CheckJNI is OFF
D/ICU     ( 9312): No timezone override file found: /data/misc/zoneinfo/current/icu/icu_tzdata.dat
I/Radio-JNI( 9312): register_android_hardware_Radio DONE
D/AndroidRuntime( 9312): Calling main entry com.android.commands.pm.Pm
I/art     ( 9312): System.exit called, status: 0
I/AndroidRuntime( 9312): VM exiting with result code 0.
I/ServiceManager( 5736): Waiting for service AtCmdFwd...
D/NetlinkSocketObserver(  927): NeighborEvent{elapsedMs=1111330, 10.22.0.1, [B0FAEB975089], RTM_NEWNEIGH, NUD_REACHABLE}
I/ServiceManager( 5736): Waiting for service AtCmdFwd...
D/AndroidRuntime( 9393): >>>>>> START com.android.internal.os.RuntimeInit uid 2000 <<<<<<
D/AndroidRuntime( 9393): CheckJNI is OFF
D/ICU     ( 9393): No timezone override file found: /data/misc/zoneinfo/current/icu/icu_tzdata.dat
I/Radio-JNI( 9393): register_android_hardware_Radio DONE
I/ServiceManager( 5736): Waiting for service AtCmdFwd...
D/AndroidRuntime( 9393): Calling main entry com.android.commands.am.Am
W/ActivityManager(  927): Invalid packageName: com.careerbuilder.SugarDrone.test
D/AndroidRuntime( 9393): Shutting down VM
I/ServiceManager( 5736): Waiting for service AtCmdFwd...
D/AndroidRuntime( 9421): >>>>>> START com.android.internal.os.RuntimeInit uid 2000 <<<<<<
D/AndroidRuntime( 9421): CheckJNI is OFF
D/ICU     ( 9421): No timezone override file found: /data/misc/zoneinfo/current/icu/icu_tzdata.dat
I/Radio-JNI( 9421): register_android_hardware_Radio DONE
D/AndroidRuntime( 9421): Calling main entry com.android.commands.pm.Pm
D/DefContainer( 8895): Copying /data/local/tmp/0000002632 to base.apk
I/PackageManager.DexOptimizer(  927): Running dexopt (dex2oat) on: /data/app/vmdl671672474.tmp/base.apk pkg=com.careerbuilder.SugarDrone.test isa=arm64 vmSafeMode=false debuggable=false oatDir = /data/app/vmdl671672474.tmp/oat bootComplete=true
I/dex2oat ( 9443): /system/bin/dex2oat -j2
W/Atfwd_Sendcmd( 5736): AtCmdFwd service not published, waiting... retryCnt : 5
D/NetlinkSocketObserver(  927): NeighborEvent{elapsedMs=1115340, 10.22.0.1, [B0FAEB975089], RTM_NEWNEIGH, NUD_STALE}
W/dex2oat ( 9443): No verified method for method calling String.<init>: java.lang.String android.text.TextUtils.substring(java.lang.CharSequence, int, int)
W/dex2oat ( 9443): No verified method for method calling String.<init>: java.lang.String android.text.TextUtils.substring(java.lang.CharSequence, int, int)
I/dex2oat ( 9443): Skipping compilation of void sh.calaba.org.codehaus.jackson.impl.Utf8StreamParser._skipString(): it contains a non natural loop
I/dex2oat ( 9443): dex2oat took 2.000s (threads: 2) arena alloc=2MB java alloc=2MB native alloc=9MB free=1944KB
W/PackageManager(  927): Not granting permission android.permission.ACCESS_MOCK_LOCATION to package com.careerbuilder.SugarDrone.test (protectionLevel=2 flags=0x1800be44)
V/BackupManagerService(  927): restoreAtInstall pkg=com.careerbuilder.SugarDrone.test token=6 restoreSet=0
V/BackupManagerService(  927): Finishing install immediately
W/Settings(  927): Setting install_non_market_apps has moved from android.provider.Settings.Global to android.provider.Settings.Secure, returning read-only value.
I/art     (  927): Starting a blocking GC Explicit
I/art     (  927): Explicit concurrent mark sweep GC freed 102158(6MB) AllocSpace objects, 17(436KB) LOS objects, 33% free, 30MB/45MB, paused 1.667ms total 91.671ms
I/art     ( 9421): System.exit called, status: 0
I/AndroidRuntime( 9421): VM exiting with result code 0.
I/InputReader(  927): Reconfiguring input devices.  changes=0x00000010
D/CarrierServiceBindHelper( 3610): Receive action: android.intent.action.PACKAGE_ADDED
D/CarrierServiceBindHelper( 3610): mHandler: 3
D/CarrierConfigLoader( 3610): mHandler: 9 phoneId: 0
D/Finsky  ( 9035): [1] ExternalReferrer.access$200: Package state data is missing for com.careerbuilder.SugarDrone.test
I/UpdateIcingCorporaServi( 4988): Updating corpora: APPS=com.careerbuilder.SugarDrone.test, CONTACTS=MAYBE
I/UpdateIcingCorporaServi( 4988): UpdateCorporaTask done [took 51 ms] updated apps [took 51 ms] 
D/Wear_Controller( 4357): Received broadcast action=android.intent.action.PACKAGE_ADDED and uri=com.careerbuilder.SugarDrone.test
I/PeopleContactsSync( 4357): triggerPendingContactsCleanup: no accounts
W/IcingInternalCorpora( 4357): getNumBytesRead when not calculated.
I/Icing   ( 4357): Usage reports 0 indexed 0 rejected 0 imm upload false
I/Icing   ( 4357): Usage reports 0 indexed 0 rejected 0 imm upload false
D/AndroidRuntime( 9519): >>>>>> START com.android.internal.os.RuntimeInit uid 2000 <<<<<<
D/AndroidRuntime( 9519): CheckJNI is OFF
D/ICU     ( 9519): No timezone override file found: /data/misc/zoneinfo/current/icu/icu_tzdata.dat
I/Radio-JNI( 9519): register_android_hardware_Radio DONE
D/AndroidRuntime( 9519): Calling main entry com.android.commands.settings.SettingsCmd
D/AndroidRuntime( 9519): Shutting down VM
I/Icing   ( 4357): Indexing 549E45E51981BEDBC489C5B952C65EDEDC73CE58 from com.google.android.gms
I/Icing   ( 4357): Indexing done 549E45E51981BEDBC489C5B952C65EDEDC73CE58
D/AndroidRuntime( 9542): >>>>>> START com.android.internal.os.RuntimeInit uid 2000 <<<<<<
D/AndroidRuntime( 9542): CheckJNI is OFF
D/ICU     ( 9542): No timezone override file found: /data/misc/zoneinfo/current/icu/icu_tzdata.dat
I/Radio-JNI( 9542): register_android_hardware_Radio DONE
D/AndroidRuntime( 9542): Calling main entry com.android.commands.settings.SettingsCmd
D/AndroidRuntime( 9542): Shutting down VM
D/AndroidRuntime( 9566): >>>>>> START com.android.internal.os.RuntimeInit uid 2000 <<<<<<
D/AndroidRuntime( 9566): CheckJNI is OFF
D/ICU     ( 9566): No timezone override file found: /data/misc/zoneinfo/current/icu/icu_tzdata.dat
I/Radio-JNI( 9566): register_android_hardware_Radio DONE
D/AndroidRuntime( 9566): Calling main entry com.android.commands.settings.SettingsCmd
D/AndroidRuntime( 9566): Shutting down VM
D/AndroidRuntime( 9590): >>>>>> START com.android.internal.os.RuntimeInit uid 2000 <<<<<<
D/AndroidRuntime( 9590): CheckJNI is OFF
D/ICU     ( 9590): No timezone override file found: /data/misc/zoneinfo/current/icu/icu_tzdata.dat
I/Radio-JNI( 9590): register_android_hardware_Radio DONE
D/AndroidRuntime( 9590): Calling main entry com.android.commands.settings.SettingsCmd
D/AndroidRuntime( 9590): Shutting down VM
D/AndroidRuntime( 9613): >>>>>> START com.android.internal.os.RuntimeInit uid 2000 <<<<<<
D/AndroidRuntime( 9613): CheckJNI is OFF
D/ICU     ( 9613): No timezone override file found: /data/misc/zoneinfo/current/icu/icu_tzdata.dat
I/Radio-JNI( 9613): register_android_hardware_Radio DONE
D/AndroidRuntime( 9613): Calling main entry com.android.commands.settings.SettingsCmd
D/AndroidRuntime( 9613): Shutting down VM
D/AndroidRuntime( 9635): >>>>>> START com.android.internal.os.RuntimeInit uid 2000 <<<<<<
D/AndroidRuntime( 9635): CheckJNI is OFF
D/ICU     ( 9635): No timezone override file found: /data/misc/zoneinfo/current/icu/icu_tzdata.dat
I/Radio-JNI( 9635): register_android_hardware_Radio DONE
D/AndroidRuntime( 9635): Calling main entry com.android.commands.appops.AppOpsCommand
D/AndroidRuntime( 9635): Shutting down VM
D/AndroidRuntime( 9658): >>>>>> START com.android.internal.os.RuntimeInit uid 2000 <<<<<<
D/AndroidRuntime( 9658): CheckJNI is OFF
D/ICU     ( 9658): No timezone override file found: /data/misc/zoneinfo/current/icu/icu_tzdata.dat
I/Radio-JNI( 9658): register_android_hardware_Radio DONE
D/AndroidRuntime( 9658): Calling main entry com.android.commands.pm.Pm
I/art     ( 9658): System.exit called, status: 0
I/AndroidRuntime( 9658): VM exiting with result code 0.
D/AndroidRuntime( 9709): >>>>>> START com.android.internal.os.RuntimeInit uid 2000 <<<<<<
D/AndroidRuntime( 9709): CheckJNI is OFF
D/ICU     ( 9709): No timezone override file found: /data/misc/zoneinfo/current/icu/icu_tzdata.dat
I/Radio-JNI( 9709): register_android_hardware_Radio DONE
D/AndroidRuntime( 9709): Calling main entry com.android.commands.pm.Pm
I/art     ( 9709): System.exit called, status: 0
I/AndroidRuntime( 9709): VM exiting with result code 0.
D/WifiStateMachine(  927): starting scan for "xtc-ag"WPA_PSK with 5240,5200,5180
D/AndroidRuntime( 9785): >>>>>> START com.android.internal.os.RuntimeInit uid 2000 <<<<<<
D/AndroidRuntime( 9785): CheckJNI is OFF
D/ICU     ( 9785): No timezone override file found: /data/misc/zoneinfo/current/icu/icu_tzdata.dat
I/Radio-JNI( 9785): register_android_hardware_Radio DONE
D/AndroidRuntime( 9785): Calling main entry com.android.commands.input.Input
I/Input   ( 9785): injectKeyEvent: KeyEvent { action=ACTION_DOWN, keyCode=KEYCODE_BACK, scanCode=0, metaState=0, flags=0x0, repeatCount=0, eventTime=1128638, downTime=1128638, deviceId=-1, source=0x101 }
I/Input   ( 9785): injectKeyEvent: KeyEvent { action=ACTION_UP, keyCode=KEYCODE_BACK, scanCode=0, metaState=0, flags=0x0, repeatCount=0, eventTime=1128638, downTime=1128638, deviceId=-1, source=0x101 }
D/EmojiAltPhysicalKeyDetector( 3465): onKeyUp() : KeyEvent { action=ACTION_UP, keyCode=KEYCODE_BACK, scanCode=0, metaState=0, flags=0x0, repeatCount=0, eventTime=1128638, downTime=1128638, deviceId=-1, source=0x101 }
D/EmojiAltPhysicalKeyDetector( 3465): onKeyUp() : Disabled
D/AndroidRuntime( 9785): Shutting down VM
D/AndroidRuntime( 9841): >>>>>> START com.android.internal.os.RuntimeInit uid 2000 <<<<<<
D/AndroidRuntime( 9841): CheckJNI is OFF
D/ICU     ( 9841): No timezone override file found: /data/misc/zoneinfo/current/icu/icu_tzdata.dat
I/Radio-JNI( 9841): register_android_hardware_Radio DONE
D/AndroidRuntime( 9841): Calling main entry com.android.commands.input.Input
I/Input   ( 9841): injectKeyEvent: KeyEvent { action=ACTION_DOWN, keyCode=KEYCODE_HOME, scanCode=0, metaState=0, flags=0x0, repeatCount=0, eventTime=1130475, downTime=1130475, deviceId=-1, source=0x101 }
I/Input   ( 9841): injectKeyEvent: KeyEvent { action=ACTION_UP, keyCode=KEYCODE_HOME, scanCode=0, metaState=0, flags=0x0, repeatCount=0, eventTime=1130475, downTime=1130475, deviceId=-1, source=0x101 }
I/ActivityManager(  927): START u0 {act=android.intent.action.MAIN cat=[android.intent.category.HOME] flg=0x10200000 cmp=com.google.android.googlequicksearchbox/com.google.android.launcher.GEL (has extras)} from uid 1000 on display 0
D/AndroidRuntime( 9841): Shutting down VM
I/GEL     ( 3636): handleIntent(Intent { act=android.intent.action.MAIN cat=[android.intent.category.HOME] flg=0x10200000 cmp=com.google.android.googlequicksearchbox/com.google.android.launcher.GEL (has extras) })
I/ThermalEngine(  519): ACTION: GPU - Setting GPU[0] to 510000000
D/AndroidRuntime( 9878): >>>>>> START com.android.internal.os.RuntimeInit uid 2000 <<<<<<
D/AndroidRuntime( 9878): CheckJNI is OFF
D/ICU     ( 9878): No timezone override file found: /data/misc/zoneinfo/current/icu/icu_tzdata.dat
I/Radio-JNI( 9878): register_android_hardware_Radio DONE
D/AndroidRuntime( 9878): Calling main entry com.android.commands.input.Input
I/Input   ( 9878): injectKeyEvent: KeyEvent { action=ACTION_DOWN, keyCode=KEYCODE_BACK, scanCode=0, metaState=0, flags=0x0, repeatCount=0, eventTime=1131787, downTime=1131787, deviceId=-1, source=0x101 }
I/Input   ( 9878): injectKeyEvent: KeyEvent { action=ACTION_UP, keyCode=KEYCODE_BACK, scanCode=0, metaState=0, flags=0x0, repeatCount=0, eventTime=1131787, downTime=1131787, deviceId=-1, source=0x101 }
D/EmojiAltPhysicalKeyDetector( 3465): onKeyUp() : KeyEvent { action=ACTION_UP, keyCode=KEYCODE_BACK, scanCode=0, metaState=0, flags=0x0, repeatCount=0, eventTime=1131787, downTime=1131787, deviceId=-1, source=0x101 }
D/EmojiAltPhysicalKeyDetector( 3465): onKeyUp() : Disabled
D/AndroidRuntime( 9878): Shutting down VM
D/Finsky  ( 9035): [388] AppStatesReplicator.handleContentSyncResponse: Completed 0 account content syncs with 0 successful.
D/Finsky  ( 9035): [1] ContentSyncService$5.onFinished: Installation state replication succeeded.
D/AndroidRuntime( 9913): >>>>>> START com.android.internal.os.RuntimeInit uid 2000 <<<<<<
D/AndroidRuntime( 9913): CheckJNI is OFF
D/ICU     ( 9913): No timezone override file found: /data/misc/zoneinfo/current/icu/icu_tzdata.dat
I/Radio-JNI( 9913): register_android_hardware_Radio DONE
D/AndroidRuntime( 9913): Calling main entry com.android.commands.am.Am
I/ActivityManager(  927): Force stopping com.careerbuilder.SugarDrone appid=18019 user=0: start instr
I/art     ( 9933): Late-enabling -Xcheck:jni
I/ActivityManager(  927): Start proc 9933:com.careerbuilder.SugarDrone/u0a8019 for added application com.careerbuilder.SugarDrone
E/dex2oat ( 9946): Failed to create oat file: /data/dalvik-cache/arm/data@app@com.careerbuilder.SugarDrone.test-1@base.apk@classes.dex: Permission denied
I/dex2oat ( 9946): dex2oat took 1.742ms (threads: 2) 
W/art     ( 9933): Failed execv(/system/bin/dex2oat --runtime-arg -classpath --runtime-arg  --instruction-set=arm --instruction-set-features=smp,div,-atomic_ldrd_strd --runtime-arg -Xrelocate --boot-image=/system/framework/boot.art --runtime-arg -Xms64m --runtime-arg -Xmx512m -j2 --instruction-set-variant=cortex-a7 --instruction-set-features=default --dex-file=/data/app/com.careerbuilder.SugarDrone.test-1/base.apk --oat-file=/data/dalvik-cache/arm/data@app@com.careerbuilder.SugarDrone.test-1@base.apk@classes.dex) because non-0 exit status
W/System  ( 9933): ClassLoader referenced unknown path: /data/app/com.careerbuilder.SugarDrone.test-1/lib/arm64
W/monodroid( 9933): Using override path: /data/user/0/com.careerbuilder.SugarDrone/files/.__override__
W/monodroid( 9933): Trying to load sgen from: /data/user/0/com.careerbuilder.SugarDrone/files/.__override__/libmonosgen-2.0.so
W/monodroid( 9933): Trying to load sgen from: /storage/emulated/0/Android/data/com.careerbuilder.SugarDrone/files/.__override__/libmonosgen-2.0.so
W/monodroid( 9933): Trying to load sgen from: /data/app/com.careerbuilder.SugarDrone-1/lib/arm/libmonosgen-2.0.so
D/Mono    ( 9933): Image addref mscorlib[0xef7e9020] -> mscorlib.dll[0xed37bd00]: 2
D/Mono    ( 9933): Prepared to set up assembly 'mscorlib' (mscorlib.dll)
D/Mono    ( 9933): AOT module 'mscorlib.dll.so' not found: dlopen failed: library "/data/app/com.careerbuilder.SugarDrone-1/lib/arm/libaot-mscorlib.dll.so" not found
D/Mono    ( 9933): AOT module '/Users/builder/data/lanes/4009/3a62f1ea/source/monodroid/builds/install/mono-armv6/lib/mono/aot-cache/arm/mscorlib.dll.so' not found: dlopen failed: library "/data/app/com.careerbuilder.SugarDrone-1/lib/arm/libaot-mscorlib.dll.so" not found
D/Mono    ( 9933): Config attempting to parse: 'mscorlib.dll.config'.
D/Mono    ( 9933): Config attempting to parse: '/Users/builder/data/lanes/4009/3a62f1ea/source/monodroid/builds/install/mono-armv6/etc/mono/assemblies/mscorlib/mscorlib.config'.
D/Mono    ( 9933): Assembly mscorlib[0xef7e9020] added to domain RootDomain, ref_count=1
D/Mono    ( 9933): Image addref CareerBuilder_Search.Droid[0xef7e9080] -> CareerBuilder_Search.Droid.dll[0xed37cc00]: 2
D/Mono    ( 9933): Prepared to set up assembly 'CareerBuilder_Search.Droid' (CareerBuilder_Search.Droid.dll)
D/Mono    ( 9933): Assembly CareerBuilder_Search.Droid[0xef7e9080] added to domain RootDomain, ref_count=1
D/Mono    ( 9933): AOT module 'CareerBuilder_Search.Droid.dll.so' not found: dlopen failed: library "/data/app/com.careerbuilder.SugarDrone-1/lib/arm/libaot-CareerBuilder_Search.Droid.dll.so" not found
D/Mono    ( 9933): AOT module '/Users/builder/data/lanes/4009/3a62f1ea/source/monodroid/builds/install/mono-armv6/lib/mono/aot-cache/arm/CareerBuilder_Search.Droid.dll.so' not found: dlopen failed: library "/data/app/com.careerbuilder.SugarDrone-1/lib/arm/libaot-CareerBuilder_Search.Droid.dll.so" not found
D/Mono    ( 9933): Config attempting to parse: 'CareerBuilder_Search.Droid.dll.config'.
D/Mono    ( 9933): Config attempting to parse: '/Users/builder/data/lanes/4009/3a62f1ea/source/monodroid/builds/install/mono-armv6/etc/mono/assemblies/CareerBuilder_Search.Droid/CareerBuilder_Search.Droid.config'.
D/Mono    ( 9933): Image addref AppsFlyerXamarinBindingAndroid[0xef7e90e0] -> AppsFlyerXamarinBindingAndroid.dll[0xf54b6f00]: 2
D/Mono    ( 9933): Prepared to set up assembly 'AppsFlyerXamarinBindingAndroid' (AppsFlyerXamarinBindingAndroid.dll)
D/Mono    ( 9933): Assembly AppsFlyerXamarinBindingAndroid[0xef7e90e0] added to domain RootDomain, ref_count=1
D/Mono    ( 9933): AOT module 'AppsFlyerXamarinBindingAndroid.dll.so' not found: dlopen failed: library "/data/app/com.careerbuilder.SugarDrone-1/lib/arm/libaot-AppsFlyerXamarinBindingAndroid.dll.so" not found
D/Mono    ( 9933): AOT module '/Users/builder/data/lanes/4009/3a62f1ea/source/monodroid/builds/install/mono-armv6/lib/mono/aot-cache/arm/AppsFlyerXamarinBindingAndroid.dll.so' not found: dlopen failed: library "/data/app/com.careerbuilder.SugarDrone-1/lib/arm/libaot-AppsFlyerXamarinBindingAndroid.dll.so" not found
D/Mono    ( 9933): Config attempting to parse: 'AppsFlyerXamarinBindingAndroid.dll.config'.
D/Mono    ( 9933): Config attempting to parse: '/Users/builder/data/lanes/4009/3a62f1ea/source/monodroid/builds/install/mono-armv6/etc/mono/assemblies/AppsFlyerXamarinBindingAndroid/AppsFlyerXamarinBindingAndroid.config'.
D/Mono    ( 9933): Image addref HockeySDK[0xef7e9140] -> HockeySDK.dll[0xf54b7400]: 2
D/Mono    ( 9933): Prepared to set up assembly 'HockeySDK' (HockeySDK.dll)
D/Mono    ( 9933): Assembly HockeySDK[0xef7e9140] added to domain RootDomain, ref_count=1
D/Mono    ( 9933): AOT module 'HockeySDK.dll.so' not found: dlopen failed: library "/data/app/com.careerbuilder.SugarDrone-1/lib/arm/libaot-HockeySDK.dll.so" not found
D/Mono    ( 9933): AOT module '/Users/builder/data/lanes/4009/3a62f1ea/source/monodroid/builds/install/mono-armv6/lib/mono/aot-cache/arm/HockeySDK.dll.so' not found: dlopen failed: library "/data/app/com.careerbuilder.SugarDrone-1/lib/arm/libaot-HockeySDK.dll.so" not found
D/Mono    ( 9933): Config attempting to parse: 'HockeySDK.dll.config'.
D/Mono    ( 9933): Config attempting to parse: '/Users/builder/data/lanes/4009/3a62f1ea/source/monodroid/builds/install/mono-armv6/etc/mono/assemblies/HockeySDK/HockeySDK.config'.
D/Mono    ( 9933): Image addref Akavache[0xef7e91a0] -> Akavache.dll[0xf54b7900]: 2
D/Mono    ( 9933): Prepared to set up assembly 'Akavache' (Akavache.dll)
D/Mono    ( 9933): Assembly Akavache[0xef7e91a0] added to domain RootDomain, ref_count=1
D/Mono    ( 9933): AOT module 'Akavache.dll.so' not found: dlopen failed: library "/data/app/com.careerbuilder.SugarDrone-1/lib/arm/libaot-Akavache.dll.so" not found
D/Mono    ( 9933): AOT module '/Users/builder/data/lanes/4009/3a62f1ea/source/monodroid/builds/install/mono-armv6/lib/mono/aot-cache/arm/Akavache.dll.so' not found: dlopen failed: library "/data/app/com.careerbuilder.SugarDrone-1/lib/arm/libaot-Akavache.dll.so" not found
D/Mono    ( 9933): Config attempting to parse: 'Akavache.dll.config'.
D/Mono    ( 9933): Config attempting to parse: '/Users/builder/data/lanes/4009/3a62f1ea/source/monodroid/builds/install/mono-armv6/etc/mono/assemblies/Akavache/Akavache.config'.
D/Mono    ( 9933): Image addref Akavache.Sqlite3[0xef7e9200] -> Akavache.Sqlite3.dll[0xea98d000]: 2
D/Mono    ( 9933): Prepared to set up assembly 'Akavache.Sqlite3' (Akavache.Sqlite3.dll)
D/Mono    ( 9933): Assembly Akavache.Sqlite3[0xef7e9200] added to domain RootDomain, ref_count=1
D/Mono    ( 9933): AOT module 'Akavache.Sqlite3.dll.so' not found: dlopen failed: library "/data/app/com.careerbuilder.SugarDrone-1/lib/arm/libaot-Akavache.Sqlite3.dll.so" not found
D/Mono    ( 9933): AOT module '/Users/builder/data/lanes/4009/3a62f1ea/source/monodroid/builds/install/mono-armv6/lib/mono/aot-cache/arm/Akavache.Sqlite3.dll.so' not found: dlopen failed: library "/data/app/com.careerbuilder.SugarDrone-1/lib/arm/libaot-Akavache.Sqlite3.dll.so" not found
W/        ( 9933): Symbol file LoadedFromMemory doesn't match image Akavache.Sqlite3.dll
D/Mono    ( 9933): Config attempting to parse: 'Akavache.Sqlite3.dll.config'.
D/Mono    ( 9933): Config attempting to parse: '/Users/builder/data/lanes/4009/3a62f1ea/source/monodroid/builds/install/mono-armv6/etc/mono/assemblies/Akavache.Sqlite3/Akavache.Sqlite3.config'.
D/Mono    ( 9933): Image addref Splat[0xef7e93e0] -> Splat.dll[0xea98d500]: 2
D/Mono    ( 9933): Prepared to set up assembly 'Splat' (Splat.dll)
D/Mono    ( 9933): Assembly Splat[0xef7e93e0] added to domain RootDomain, ref_count=1
D/Mono    ( 9933): AOT module 'Splat.dll.so' not found: dlopen failed: library "/data/app/com.careerbuilder.SugarDrone-1/lib/arm/libaot-Splat.dll.so" not found
D/Mono    ( 9933): AOT module '/Users/builder/data/lanes/4009/3a62f1ea/source/monodroid/builds/install/mono-armv6/lib/mono/aot-cache/arm/Splat.dll.so' not found: dlopen failed: library "/data/app/com.careerbuilder.SugarDrone-1/lib/arm/libaot-Splat.dll.so" not found
D/Mono    ( 9933): Config attempting to parse: 'Splat.dll.config'.
D/Mono    ( 9933): Config attempting to parse: '/Users/builder/data/lanes/4009/3a62f1ea/source/monodroid/builds/install/mono-armv6/etc/mono/assemblies/Splat/Splat.config'.
D/Mono    ( 9933): Image addref Microsoft.Practices.ServiceLocation[0xef7e9440] -> Microsoft.Practices.ServiceLocation.dll[0xea98da00]: 2
D/Mono    ( 9933): Prepared to set up assembly 'Microsoft.Practices.ServiceLocation' (Microsoft.Practices.ServiceLocation.dll)
D/Mono    ( 9933): Assembly Microsoft.Practices.ServiceLocation[0xef7e9440] added to domain RootDomain, ref_count=1
D/Mono    ( 9933): AOT module 'Microsoft.Practices.ServiceLocation.dll.so' not found: dlopen failed: library "/data/app/com.careerbuilder.SugarDrone-1/lib/arm/libaot-Microsoft.Practices.ServiceLocation.dll.so" not found
D/Mono    ( 9933): AOT module '/Users/builder/data/lanes/4009/3a62f1ea/source/monodroid/builds/install/mono-armv6/lib/mono/aot-cache/arm/Microsoft.Practices.ServiceLocation.dll.so' not found: dlopen failed: library "/data/app/com.careerbuilder.SugarDrone-1/lib/arm/libaot-Microsoft.Practices.ServiceLocation.dll.so" not found
D/Mono    ( 9933): Config attempting to parse: 'Microsoft.Practices.ServiceLocation.dll.config'.
D/Mono    ( 9933): Config attempting to parse: '/Users/builder/data/lanes/4009/3a62f1ea/source/monodroid/builds/install/mono-armv6/etc/mono/assemblies/Microsoft.Practices.ServiceLocation/Microsoft.Practices.ServiceLocation.config'.
D/Mono    ( 9933): Image addref Microsoft.Practices.Unity[0xef7e94a0] -> Microsoft.Practices.Unity.dll[0xea98df00]: 2
D/Mono    ( 9933): Prepared to set up assembly 'Microsoft.Practices.Unity' (Microsoft.Practices.Unity.dll)
D/Mono    ( 9933): Assembly Microsoft.Practices.Unity[0xef7e94a0] added to domain RootDomain, ref_count=1
D/Mono    ( 9933): AOT module 'Microsoft.Practices.Unity.dll.so' not found: dlopen failed: library "/data/app/com.careerbuilder.SugarDrone-1/lib/arm/libaot-Microsoft.Practices.Unity.dll.so" not found
D/Mono    ( 9933): AOT module '/Users/builder/data/lanes/4009/3a62f1ea/source/monodroid/builds/install/mono-armv6/lib/mono/aot-cache/arm/Microsoft.Practices.Unity.dll.so' not found: dlopen failed: library "/data/app/com.careerbuilder.SugarDrone-1/lib/arm/libaot-Microsoft.Practices.Unity.dll.so" not found
D/Mono    ( 9933): Config attempting to parse: 'Microsoft.Practices.Unity.dll.config'.
D/Mono    ( 9933): Config attempting to parse: '/Users/builder/data/lanes/4009/3a62f1ea/source/monodroid/builds/install/mono-armv6/etc/mono/assemblies/Microsoft.Practices.Unity/Microsoft.Practices.Unity.config'.
D/Mono    ( 9933): Image addref Plugin.CurrentActivity[0xef7e9500] -> Plugin.CurrentActivity.dll[0xea98e400]: 2
D/Mono    ( 9933): Prepared to set up assembly 'Plugin.CurrentActivity' (Plugin.CurrentActivity.dll)
D/Mono    ( 9933): Assembly Plugin.CurrentActivity[0xef7e9500] added to domain RootDomain, ref_count=1
D/Mono    ( 9933): AOT module 'Plugin.CurrentActivity.dll.so' not found: dlopen failed: library "/data/app/com.careerbuilder.SugarDrone-1/lib/arm/libaot-Plugin.CurrentActivity.dll.so" not found
D/Mono    ( 9933): AOT module '/Users/builder/data/lanes/4009/3a62f1ea/source/monodroid/builds/install/mono-armv6/lib/mono/aot-cache/arm/Plugin.CurrentActivity.dll.so' not found: dlopen failed: library "/data/app/com.careerbuilder.SugarDrone-1/lib/arm/libaot-Plugin.CurrentActivity.dll.so" not found
D/Mono    ( 9933): Config attempting to parse: 'Plugin.CurrentActivity.dll.config'.
D/Mono    ( 9933): Config attempting to parse: '/Users/builder/data/lanes/4009/3a62f1ea/source/monodroid/builds/install/mono-armv6/etc/mono/assemblies/Plugin.CurrentActivity/Plugin.CurrentActivity.config'.
D/Mono    ( 9933): Image addref Plugin.Permissions[0xef7e9560] -> Plugin.Permissions.dll[0xea98e900]: 2
D/Mono    ( 9933): Prepared to set up assembly 'Plugin.Permissions' (Plugin.Permissions.dll)
D/Mono    ( 9933): Assembly Plugin.Permissions[0xef7e9560] added to domain RootDomain, ref_count=1
D/Mono    ( 9933): AOT module 'Plugin.Permissions.dll.so' not found: dlopen failed: library "/data/app/com.careerbuilder.SugarDrone-1/lib/arm/libaot-Plugin.Permissions.dll.so" not found
D/Mono    ( 9933): AOT module '/Users/builder/data/lanes/4009/3a62f1ea/source/monodroid/builds/install/mono-armv6/lib/mono/aot-cache/arm/Plugin.Permissions.dll.so' not found: dlopen failed: library "/data/app/com.careerbuilder.SugarDrone-1/lib/arm/libaot-Plugin.Permissions.dll.so" not found
D/Mono    ( 9933): Config attempting to parse: 'Plugin.Permissions.dll.config'.
D/Mono    ( 9933): Config attempting to parse: '/Users/builder/data/lanes/4009/3a62f1ea/source/monodroid/builds/install/mono-armv6/etc/mono/assemblies/Plugin.Permissions/Plugin.Permissions.config'.
D/Mono    ( 9933): Image addref Plugin.Permissions.Abstractions[0xef7e95c0] -> Plugin.Permissions.Abstractions.dll[0xea98ee00]: 2
D/Mono    ( 9933): Prepared to set up assembly 'Plugin.Permissions.Abstractions' (Plugin.Permissions.Abstractions.dll)
D/Mono    ( 9933): Assembly Plugin.Permissions.Abstractions[0xef7e95c0] added to domain RootDomain, ref_count=1
D/Mono    ( 9933): AOT module 'Plugin.Permissions.Abstractions.dll.so' not found: dlopen failed: library "/data/app/com.careerbuilder.SugarDrone-1/lib/arm/libaot-Plugin.Permissions.Abstractions.dll.so" not found
D/Mono    ( 9933): AOT module '/Users/builder/data/lanes/4009/3a62f1ea/source/monodroid/builds/install/mono-armv6/lib/mono/aot-cache/arm/Plugin.Permissions.Abstractions.dll.so' not found: dlopen failed: library "/data/app/com.careerbuilder.SugarDrone-1/lib/arm/libaot-Plugin.Permissions.Abstractions.dll.so" not found
D/Mono    ( 9933): Config attempting to parse: 'Plugin.Permissions.Abstractions.dll.config'.
D/Mono    ( 9933): Config attempting to parse: '/Users/builder/data/lanes/4009/3a62f1ea/source/monodroid/builds/install/mono-armv6/etc/mono/assemblies/Plugin.Permissions.Abstractions/Plugin.Permissions.Abstractions.config'.
D/Mono    ( 9933): Image addref Plugin.Geolocator[0xef7e9620] -> Plugin.Geolocator.dll[0xea98f300]: 2
D/Mono    ( 9933): Prepared to set up assembly 'Plugin.Geolocator' (Plugin.Geolocator.dll)
D/Mono    ( 9933): Assembly Plugin.Geolocator[0xef7e9620] added to domain RootDomain, ref_count=1
D/Mono    ( 9933): AOT module 'Plugin.Geolocator.dll.so' not found: dlopen failed: library "/data/app/com.careerbuilder.SugarDrone-1/lib/arm/libaot-Plugin.Geolocator.dll.so" not found
D/Mono    ( 9933): AOT module '/Users/builder/data/lanes/4009/3a62f1ea/source/monodroid/builds/install/mono-armv6/lib/mono/aot-cache/arm/Plugin.Geolocator.dll.so' not found: dlopen failed: library "/data/app/com.careerbuilder.SugarDrone-1/lib/arm/libaot-Plugin.Geolocator.dll.so" not found
D/Mono    ( 9933): Config attempting to parse: 'Plugin.Geolocator.dll.config'.
D/Mono    ( 9933): Config attempting to parse: '/Users/builder/data/lanes/4009/3a62f1ea/source/monodroid/builds/install/mono-armv6/etc/mono/assemblies/Plugin.Geolocator/Plugin.Geolocator.config'.
D/Mono    ( 9933): Image addref Plugin.Geolocator.Abstractions[0xef7e9680] -> Plugin.Geolocator.Abstractions.dll[0xea98f800]: 2
D/Mono    ( 9933): Prepared to set up assembly 'Plugin.Geolocator.Abstractions' (Plugin.Geolocator.Abstractions.dll)
D/Mono    ( 9933): Assembly Plugin.Geolocator.Abstractions[0xef7e9680] added to domain RootDomain, ref_count=1
D/Mono    ( 9933): AOT module 'Plugin.Geolocator.Abstractions.dll.so' not found: dlopen failed: library "/data/app/com.careerbuilder.SugarDrone-1/lib/arm/libaot-Plugin.Geolocator.Abstractions.dll.so" not found
D/Mono    ( 9933): AOT module '/Users/builder/data/lanes/4009/3a62f1ea/source/monodroid/builds/install/mono-armv6/lib/mono/aot-cache/arm/Plugin.Geolocator.Abstractions.dll.so' not found: dlopen failed: library "/data/app/com.careerbuilder.SugarDrone-1/lib/arm/libaot-Plugin.Geolocator.Abstractions.dll.so" not found
D/Mono    ( 9933): Config attempting to parse: 'Plugin.Geolocator.Abstractions.dll.config'.
D/Mono    ( 9933): Config attempting to parse: '/Users/builder/data/lanes/4009/3a62f1ea/source/monodroid/builds/install/mono-armv6/etc/mono/assemblies/Plugin.Geolocator.Abstractions/Plugin.Geolocator.Abstractions.config'.
D/Mono    ( 9933): Image addref Plugin.DeviceInfo[0xef7e96e0] -> Plugin.DeviceInfo.dll[0xea98fd00]: 2
D/Mono    ( 9933): Prepared to set up assembly 'Plugin.DeviceInfo' (Plugin.DeviceInfo.dll)
D/Mono    ( 9933): Assembly Plugin.DeviceInfo[0xef7e96e0] added to domain RootDomain, ref_count=1
D/Mono    ( 9933): AOT module 'Plugin.DeviceInfo.dll.so' not found: dlopen failed: library "/data/app/com.careerbuilder.SugarDrone-1/lib/arm/libaot-Plugin.DeviceInfo.dll.so" not found
D/Mono    ( 9933): AOT module '/Users/builder/data/lanes/4009/3a62f1ea/source/monodroid/builds/install/mono-armv6/lib/mono/aot-cache/arm/Plugin.DeviceInfo.dll.so' not found: dlopen failed: library "/data/app/com.careerbuilder.SugarDrone-1/lib/arm/libaot-Plugin.DeviceInfo.dll.so" not found
D/Mono    ( 9933): Config attempting to parse: 'Plugin.DeviceInfo.dll.config'.
D/Mono    ( 9933): Config attempting to parse: '/Users/builder/data/lanes/4009/3a62f1ea/source/monodroid/builds/install/mono-armv6/etc/mono/assemblies/Plugin.DeviceInfo/Plugin.DeviceInfo.config'.
D/Mono    ( 9933): Image addref Plugin.DeviceInfo.Abstractions[0xef7e9740] -> Plugin.DeviceInfo.Abstractions.dll[0xea990200]: 2
D/Mono    ( 9933): Prepared to set up assembly 'Plugin.DeviceInfo.Abstractions' (Plugin.DeviceInfo.Abstractions.dll)
D/Mono    ( 9933): Assembly Plugin.DeviceInfo.Abstractions[0xef7e9740] added to domain RootDomain, ref_count=1
D/Mono    ( 9933): AOT module 'Plugin.DeviceInfo.Abstractions.dll.so' not found: dlopen failed: library "/data/app/com.careerbuilder.SugarDrone-1/lib/arm/libaot-Plugin.DeviceInfo.Abstractions.dll.so" not found
D/Mono    ( 9933): AOT module '/Users/builder/data/lanes/4009/3a62f1ea/source/monodroid/builds/install/mono-armv6/lib/mono/aot-cache/arm/Plugin.DeviceInfo.Abstractions.dll.so' not found: dlopen failed: library "/data/app/com.careerbuilder.SugarDrone-1/lib/arm/libaot-Plugin.DeviceInfo.Abstractions.dll.so" not found
D/Mono    ( 9933): Config attempting to parse: 'Plugin.DeviceInfo.Abstractions.dll.config'.
D/Mono    ( 9933): Config attempting to parse: '/Users/builder/data/lanes/4009/3a62f1ea/source/monodroid/builds/install/mono-armv6/etc/mono/assemblies/Plugin.DeviceInfo.Abstractions/Plugin.DeviceInfo.Abstractions.config'.
D/Mono    ( 9933): Image addref Xamarin.GooglePlayServices.Analytics[0xef7e97a0] -> Xamarin.GooglePlayServices.Analytics.dll[0xea990700]: 2
D/Mono    ( 9933): Prepared to set up assembly 'Xamarin.GooglePlayServices.Analytics' (Xamarin.GooglePlayServices.Analytics.dll)
D/Mono    ( 9933): Assembly Xamarin.GooglePlayServices.Analytics[0xef7e97a0] added to domain RootDomain, ref_count=1
D/Mono    ( 9933): AOT module 'Xamarin.GooglePlayServices.Analytics.dll.so' not found: dlopen failed: library "/data/app/com.careerbuilder.SugarDrone-1/lib/arm/libaot-Xamarin.GooglePlayServices.Analytics.dll.so" not found
D/Mono    ( 9933): AOT module '/Users/builder/data/lanes/4009/3a62f1ea/source/monodroid/builds/install/mono-armv6/lib/mono/aot-cache/arm/Xamarin.GooglePlayServices.Analytics.dll.so' not found: dlopen failed: library "/data/app/com.careerbuilder.SugarDrone-1/lib/arm/libaot-Xamarin.GooglePlayServices.Analytics.dll.so" not found
D/Mono    ( 9933): Config attempting to parse: 'Xamarin.GooglePlayServices.Analytics.dll.config'.
D/Mono    ( 9933): Config attempting to parse: '/Users/builder/data/lanes/4009/3a62f1ea/source/monodroid/builds/install/mono-armv6/etc/mono/assemblies/Xamarin.GooglePlayServices.Analytics/Xamarin.GooglePlayServices.Analytics.config'.
D/Mono    ( 9933): Image addref Xamarin.GooglePlayServices.Base[0xef7e9800] -> Xamarin.GooglePlayServices.Base.dll[0xea990c00]: 2
D/Mono    ( 9933): Prepared to set up assembly 'Xamarin.GooglePlayServices.Base' (Xamarin.GooglePlayServices.Base.dll)
D/Mono    ( 9933): Assembly Xamarin.GooglePlayServices.Base[0xef7e9800] added to domain RootDomain, ref_count=1
D/Mono    ( 9933): AOT module 'Xamarin.GooglePlayServices.Base.dll.so' not found: dlopen failed: library "/data/app/com.careerbuilder.SugarDrone-1/lib/arm/libaot-Xamarin.GooglePlayServices.Base.dll.so" not found
D/Mono    ( 9933): AOT module '/Users/builder/data/lanes/4009/3a62f1ea/source/monodroid/builds/install/mono-armv6/lib/mono/aot-cache/arm/Xamarin.GooglePlayServices.Base.dll.so' not found: dlopen failed: library "/data/app/com.careerbuilder.SugarDrone-1/lib/arm/libaot-Xamarin.GooglePlayServices.Base.dll.so" not found
D/Mono    ( 9933): Config attempting to parse: 'Xamarin.GooglePlayServices.Base.dll.config'.
D/Mono    ( 9933): Config attempting to parse: '/Users/builder/data/lanes/4009/3a62f1ea/source/monodroid/builds/install/mono-armv6/etc/mono/assemblies/Xamarin.GooglePlayServices.Base/Xamarin.GooglePlayServices.Base.config'.
D/Mono    ( 9933): Image addref Xamarin.GooglePlayServices.Basement[0xef7e9860] -> Xamarin.GooglePlayServices.Basement.dll[0xea991100]: 2
D/Mono    ( 9933): Prepared to set up assembly 'Xamarin.GooglePlayServices.Basement' (Xamarin.GooglePlayServices.Basement.dll)
D/Mono    ( 9933): Assembly Xamarin.GooglePlayServices.Basement[0xef7e9860] added to domain RootDomain, ref_count=1
D/Mono    ( 9933): AOT module 'Xamarin.GooglePlayServices.Basement.dll.so' not found: dlopen failed: library "/data/app/com.careerbuilder.SugarDrone-1/lib/arm/libaot-Xamarin.GooglePlayServices.Basement.dll.so" not found
D/Mono    ( 9933): AOT module '/Users/builder/data/lanes/4009/3a62f1ea/source/monodroid/builds/install/mono-armv6/lib/mono/aot-cache/arm/Xamarin.GooglePlayServices.Basement.dll.so' not found: dlopen failed: library "/data/app/com.careerbuilder.SugarDrone-1/lib/arm/libaot-Xamarin.GooglePlayServices.Basement.dll.so" not found
D/Mono    ( 9933): Config attempting to parse: 'Xamarin.GooglePlayServices.Basement.dll.config'.
D/Mono    ( 9933): Config attempting to parse: '/Users/builder/data/lanes/4009/3a62f1ea/source/monodroid/builds/install/mono-armv6/etc/mono/assemblies/Xamarin.GooglePlayServices.Basement/Xamarin.GooglePlayServices.Basement.config'.
D/Mono    ( 9933): Image addref Xamarin.Insights[0xef7e98c0] -> Xamarin.Insights.dll[0xea991600]: 2
D/Mono    ( 9933): Prepared to set up assembly 'Xamarin.Insights' (Xamarin.Insights.dll)
D/Mono    ( 9933): Assembly Xamarin.Insights[0xef7e98c0] added to domain RootDomain, ref_count=1
D/Mono    ( 9933): AOT module 'Xamarin.Insights.dll.so' not found: dlopen failed: library "/data/app/com.careerbuilder.SugarDrone-1/lib/arm/libaot-Xamarin.Insights.dll.so" not found
