D/Mono    (10127): Searching for 'java_interop_jnienv_get_float_field'.
D/Mono    (10127): Probing 'java_interop_jnienv_get_float_field'.
D/Mono    (10127): Found as 'java_interop_jnienv_get_float_field'.
D/NetlinkSocketObserver(  931): NeighborEvent{elapsedMs=301780, 10.22.0.1, [B0FAEB975089], RTM_NEWNEIGH, NUD_REACHABLE}
D/Mono    (10127): DllImport searching in: '__Internal' ('(null)').
D/Mono    (10127): Searching for 'java_interop_jnienv_new_object_array'.
D/Mono    (10127): Probing 'java_interop_jnienv_new_object_array'.
D/Mono    (10127): Found as 'java_interop_jnienv_new_object_array'.
D/Mono    (10127): DllImport searching in: '__Internal' ('(null)').
D/Mono    (10127): Searching for 'java_interop_jnienv_set_object_array_element'.
D/Mono    (10127): Probing 'java_interop_jnienv_set_object_array_element'.
D/Mono    (10127): Found as 'java_interop_jnienv_set_object_array_element'.
I/System.out(10127): URI: /
I/System.out(10127): params: {json={"command":"touch_coordinate","arguments":[720.0,2273.0]}
I/System.out(10127): }
I/System.out(10127): header: {content-length=57, host=devicehost5.prod, x-session-token=token-token-12084bc6-ec91-4125-9891-a1e1f494dba7, x-forwarded-for=10.222.150.32, content-type=application/json; charset=utf-8, connection=close}
I/System.out(10127): params: {json={"command":"touch_coordinate","arguments":[720.0,2273.0]}
I/System.out(10127): }
I/System.out(10127): ProP json = {"command":"touch_coordinate","arguments":[720.0,2273.0]}
I/System.out(10127): files: {}
I/System.out(10127): command: {"command":"touch_coordinate","arguments":[720.0,2273.0]}
I/InstrumentationBackend(10127): Got command:'Command:'Line:null,touch_coordinate', arguments:'[720.0, 2273.0]'
I/ServiceManager(  556): Waiting for service AtCmdFwd...
D/audio_hw_primary(  512): out_set_parameters: enter: usecase(1: low-latency-playback) kvpairs: routing=2
I/calabash(10127): execStartActivity 4
I/ActivityManager(  931): START u0 {cmp=com.careerbuilder.SugarDrone/md537fd6201b6818e2e180d2f7606e21a83.ValuePropActivity} from uid 14648 on display 0
D/audio_hw_primary(  512): select_devices: out_snd_device(2: speaker) in_snd_device(0: none)
D/msm8974_platform(  512): platform_send_audio_calibration: sending audio calibration for snd_device(2) acdb_id(15)
I/soundtrigger(  512): audio_extn_sound_trigger_update_device_status: device 0x2 of type 0 for Event 1
D/audio_hw_primary(  512): enable_snd_device: snd_device(2: speaker)
D/audio_hw_primary(  512): enable_audio_route: apply and update mixer path: low-latency-playback speaker
I/calabash(10127): newActivity1
D/Mono    (10127): Assembly Ref addref CareerBuilder_Search.Droid[0xebb2d080] -> System.Core[0xebb2e700]: 14
D/Mono    (10127): DllImport searching in: '__Internal' ('(null)').
D/Mono    (10127): Searching for 'java_interop_jnienv_call_nonvirtual_object_method'.
D/Mono    (10127): Probing 'java_interop_jnienv_call_nonvirtual_object_method'.
D/Mono    (10127): Found as 'java_interop_jnienv_call_nonvirtual_object_method'.
I/System.out(10127): result:{"bonusInformation":[],"message":"","success":true}
I/System.out(10127): URI: /backdoor
I/System.out(10127): params: {json={"method_name":"APISetup","arguments":[200]}
I/System.out(10127): }
D/Mono    (10127): Assembly Ref addref CareerBuilder_Search.Droid[0xebb2d080] -> Newtonsoft.Json[0xebb2dce0]: 4
D/Mono    (10127): Unloading image System.dll [0xd7475100].
D/Mono    (10127): Image addref System[0xd8dc3440] -> System.dll[0xea8c9100]: 5
D/Mono    (10127): Config attempting to parse: 'System.dll.config'.
D/Mono    (10127): Config attempting to parse: '/Users/builder/data/lanes/4009/3a62f1ea/source/monodroid/builds/install/mono-armv6/etc/mono/assemblies/System/System.config'.
D/Mono    (10127): Unloading image System.dll [0xd7475100].
D/Mono    (10127): Image addref System[0xd8dc32c0] -> System.dll[0xea8c9100]: 6
D/Mono    (10127): Config attempting to parse: 'System.dll.config'.
D/Mono    (10127): Config attempting to parse: '/Users/builder/data/lanes/4009/3a62f1ea/source/monodroid/builds/install/mono-armv6/etc/mono/assemblies/System/System.config'.
D/Mono    (10127): Unloading image System.dll [0xd7475100].
D/Mono    (10127): Image addref System[0xd8dc32c0] -> System.dll[0xea8c9100]: 7
D/Mono    (10127): Config attempting to parse: 'System.dll.config'.
D/Mono    (10127): Config attempting to parse: '/Users/builder/data/lanes/4009/3a62f1ea/source/monodroid/builds/install/mono-armv6/etc/mono/assemblies/System/System.config'.
D/Mono    (10127): Unloading image System.dll [0xd7475100].
D/Mono    (10127): Image addref System[0xd8dc32c0] -> System.dll[0xea8c9100]: 8
D/Mono    (10127): Config attempting to parse: 'System.dll.config'.
D/Mono    (10127): Config attempting to parse: '/Users/builder/data/lanes/4009/3a62f1ea/source/monodroid/builds/install/mono-armv6/etc/mono/assemblies/System/System.config'.
D/audio_hw_primary(  512): disable_audio_route: reset and update mixer path: low-latency-playback speaker
D/audio_hw_primary(  512): disable_snd_device: snd_device(2: speaker)
D/Mono    (10127): DllImport searching in: '__Internal' ('(null)').
D/Mono    (10127): Searching for 'java_interop_jnienv_is_assignable_from'.
D/Mono    (10127): Probing 'java_interop_jnienv_is_assignable_from'.
D/Mono    (10127): Found as 'java_interop_jnienv_is_assignable_from'.
D/Mono    (10127): DllImport searching in: '__Internal' ('(null)').
D/Mono    (10127): Searching for 'java_interop_jnienv_get_byte_array_region'.
D/Mono    (10127): Probing 'java_interop_jnienv_get_byte_array_region'.
D/Mono    (10127): Found as 'java_interop_jnienv_get_byte_array_region'.
I/soundtrigger(  512): audio_extn_sound_trigger_update_device_status: device 0x2 of type 0 for Event 0
D/Mono    (10127): DllImport searching in: '__Internal' ('(null)').
D/Mono    (10127): Searching for 'java_interop_jnienv_set_byte_array_region'.
D/Mono    (10127): Probing 'java_interop_jnienv_set_byte_array_region'.
D/Mono    (10127): Found as 'java_interop_jnienv_set_byte_array_region'.
W/FragmentManager(10127): moveToState: Fragment state for ValuePropFragment{87be350 #0 id=0x7f0a0148 android:switcher:2131362120:1} not updated inline; expected state 3 found 2
W/Mono    (10127): The request to load the assembly System.Core v4.0.0.0 was remapped to v2.0.5.0
D/Mono    (10127): Unloading image System.Core.dll [0xd9942a00].
D/Mono    (10127): Image addref System.Core[0xd8b0a8c0] -> System.Core.dll[0xdc458000]: 5
D/Mono    (10127): Config attempting to parse: 'System.Core.dll.config'.
D/Mono    (10127): Config attempting to parse: '/Users/builder/data/lanes/4009/3a62f1ea/source/monodroid/builds/install/mono-armv6/etc/mono/assemblies/System.Core/System.Core.config'.
W/Mono    (10127): The request to load the assembly System.Core v4.0.0.0 was remapped to v2.0.5.0
D/Mono    (10127): Unloading image System.Core.dll [0xd9942a00].
D/Mono    (10127): Image addref System.Core[0xd8b0a680] -> System.Core.dll[0xdc458000]: 6
D/Mono    (10127): Config attempting to parse: 'System.Core.dll.config'.
D/Mono    (10127): Config attempting to parse: '/Users/builder/data/lanes/4009/3a62f1ea/source/monodroid/builds/install/mono-armv6/etc/mono/assemblies/System.Core/System.Core.config'.
D/Mono    (10127): [0xd443f930] worker starting
I/ServiceManager(  556): Waiting for service AtCmdFwd...
I/Choreographer(10127): Skipped 43 frames!  The application may be doing too much work on its main thread.
I/ActivityManager(  931): Displayed com.careerbuilder.SugarDrone/md537fd6201b6818e2e180d2f7606e21a83.ValuePropActivity: +1s28ms
I/Keyboard.Facilitator( 3335): onFinishInput()
I/System.out(10127): URI: /backdoor
I/System.out(10127): params: {json={"method_name":"MyCBBackdoor","arguments":[]}
I/System.out(10127): }
D/Mono    (10127): Assembly Ref addref CareerBuilder_Search.Droid[0xebb2d080] -> Xamarin.Android.Support.Design[0xebb2dc20]: 2
W/SurfaceFlinger(  384): couldn't log to binary event log: overflow.
I/calabash(10127): execStartActivity 4
I/ActivityManager(  931): START u0 {cmp=com.careerbuilder.SugarDrone/md5a4824aa66c0dc4d104077b72c1916a44.MasterNavActivity} from uid 14648 on display 0
I/calabash(10127): newActivity1
I/System.out(10127): URI: /map
I/System.out(10127): params: {json={"query":"* marked:'Search'","operation":{"method_name":"query","arguments":[]}}
I/System.out(10127): }
D/Mono    (10127): DllImport searching in: '__Internal' ('(null)').
D/Mono    (10127): Searching for 'java_interop_jnienv_call_int_method'.
D/Mono    (10127): Probing 'java_interop_jnienv_call_int_method'.
D/Mono    (10127): Found as 'java_interop_jnienv_call_int_method'.
D/Mono    (10127): DllImport searching in: '__Internal' ('(null)').
D/Mono    (10127): Searching for 'java_interop_jnienv_new_byte_array'.
D/Mono    (10127): Probing 'java_interop_jnienv_new_byte_array'.
D/Mono    (10127): Found as 'java_interop_jnienv_new_byte_array'.
D/Mono    (10127): [0xd7b61930] hill climbing, change max number of threads 9
D/Mono    (10127): Assembly Ref addref Xamarin.Android.Support.Design[0xebb2dc20] -> Xamarin.Android.Support.v4[0xebb2da40]: 4
D/Mono    (10127): Assembly Ref addref CareerBuilder_Search.Droid[0xebb2d080] -> Xamarin.Android.Support.v7.RecyclerView[0xebb2daa0]: 2
D/Mono    (10127): Assembly Ref addref Xamarin.Android.Support.v7.RecyclerView[0xebb2daa0] -> Xamarin.Android.Support.v4[0xebb2da40]: 5
D/Mono    (10127): Assembly Ref addref CareerBuilder_Search.Droid[0xebb2d080] -> FloatingActionButton-Xamarin[0xebb2d9e0]: 2
D/Mono    (10127): Unloading image System.IO.dll [0xd939a900].
D/Mono    (10127): Image addref System.IO[0xd8dc4040] -> System.IO.dll[0xda39b800]: 6
D/Mono    (10127): Config attempting to parse: 'System.IO.dll.config'.
D/Mono    (10127): Config attempting to parse: '/Users/builder/data/lanes/4009/3a62f1ea/source/monodroid/builds/install/mono-armv6/etc/mono/assemblies/System.IO/System.IO.config'.
D/Mono    (10127): Assembly Ref addref CareerBuilder_Search[0xebb2e0a0] -> System.IO[0xdacef880]: 4
I/ServiceManager(  556): Waiting for service AtCmdFwd...
W/FragmentManager(10127): moveToState: Fragment state for SavedJobsFragment{278a463 #0 id=0x7f0a0148 android:switcher:2131362120:1} not updated inline; expected state 3 found 2
D/Mono    (10127): Assembly Ref addref CareerBuilder_Search.Droid[0xebb2d080] -> System[0xebb2e3a0]: 13
W/FragmentManager(10127): moveToState: Fragment state for ResumeManagementFragment{7065860 #1 id=0x7f0a0148 android:switcher:2131362120:2} not updated inline; expected state 3 found 2
D/Mono    (10127): Unloading image System.Linq.dll [0xd939b300].
D/Mono    (10127): Image addref System.Linq[0xd8b0a8c0] -> System.Linq.dll[0xdc459e00]: 9
D/Mono    (10127): Config attempting to parse: 'System.Linq.dll.config'.
D/Mono    (10127): Config attempting to parse: '/Users/builder/data/lanes/4009/3a62f1ea/source/monodroid/builds/install/mono-armv6/etc/mono/assemblies/System.Linq/System.Linq.config'.
D/Mono    (10127): Assembly Ref addref CareerBuilder_Search[0xebb2e0a0] -> System.Linq[0xebb2e580]: 7
D/Mono    (10127): DllImport attempting to load: '/system/lib/liblog.so'.
D/Mono    (10127): DllImport loaded library '/system/lib/liblog.so'.
D/Mono    (10127): DllImport searching in: '/system/lib/liblog.so' ('/system/lib/liblog.so').
D/Mono    (10127): Searching for '__android_log_print'.
D/Mono    (10127): Probing '__android_log_print'.
D/Mono    (10127): Found as '__android_log_print'.
I/mono-stdout(10127): uri is: https://api.careerbuilder.com/consumer/resumes?OAuthToken=&HostSite=US&DeveloperKey=WDHR8FC6P2JZ1Y61KLM5
D/Mono    (10127): DllImport searching in: '__Internal' ('(null)').
D/Mono    (10127): Searching for 'java_interop_jnienv_call_nonvirtual_void_method'.
D/Mono    (10127): Probing 'java_interop_jnienv_call_nonvirtual_void_method'.
D/Mono    (10127): Found as 'java_interop_jnienv_call_nonvirtual_void_method'.
I/mono-stdout(10127): uri is: https://api.careerbuilder.com/consumer/saved-jobs/?DeveloperKey=WDHR8FC6P2JZ1Y61KLM5
D/Mono    (10127): Unloading image System.Collections.dll [0xd939bd00].
D/Mono    (10127): Image addref System.Collections[0xd8b0a980] -> System.Collections.dll[0xea8c9b00]: 10
D/Mono    (10127): Config attempting to parse: 'System.Collections.dll.config'.
D/Mono    (10127): Config attempting to parse: '/Users/builder/data/lanes/4009/3a62f1ea/source/monodroid/builds/install/mono-armv6/etc/mono/assemblies/System.Collections/System.Collections.config'.
D/Mono    (10127): Assembly Ref addref System.Reactive.Linq[0xebb2de60] -> System.Collections[0xebb2e460]: 8
I/mono-stdout(10127): uri is: https://api.careerbuilder.com/consumer/jobs/search/?Keywords=&Location=&UseFacets=true&PageNumber=1&ExcludeNational=true&DeveloperKey=WDHR8FC6P2JZ1Y61KLM5
I/mono-stdout(10127): uri is: https://api.careerbuilder.com/consumer/resumes?OAuthToken=&HostSite=US&DeveloperKey=WDHR8FC6P2JZ1Y61KLM5
D/Mono    (10127): Image addref System.Net.Primitives[0xd8dc27e0] -> System.Net.Primitives.dll[0xd94d2500]: 2
D/Mono    (10127): Unloading image System.Net.Primitives.dll [0xdab97100].
D/Mono    (10127): Prepared to set up assembly 'System.Net.Primitives' (System.Net.Primitives.dll)
D/Mono    (10127): Assembly System.Net.Primitives[0xd8dc27e0] added to domain RootDomain, ref_count=1
D/Mono    (10127): Image addref System.Net.Primitives[0xd8dc3b60] -> System.Net.Primitives.dll[0xd94d2500]: 4
D/Mono    (10127): Config attempting to parse: 'System.Net.Primitives.dll.config'.
D/Mono    (10127): Config attempting to parse: '/Users/builder/data/lanes/4009/3a62f1ea/source/monodroid/builds/install/mono-armv6/etc/mono/assemblies/System.Net.Primitives/System.Net.Primitives.config'.
D/Mono    (10127): Assembly Ref addref CareerBuilder_Search[0xebb2e0a0] -> System.Net.Primitives[0xd8dc27e0]: 2
D/Mono    (10127): Unloading image System.Net.Primitives.dll [0xd939bd00].
D/Mono    (10127): Image addref System.Net.Primitives[0xd8b0a7a0] -> System.Net.Primitives.dll[0xd94d2500]: 5
D/Mono    (10127): Config attempting to parse: 'System.Net.Primitives.dll.config'.
D/Mono    (10127): Assembly Ref addref System.Net.Primitives[0xd8dc27e0] -> System[0xebb2e3a0]: 14
D/Mono    (10127): Config attempting to parse: '/Users/builder/data/lanes/4009/3a62f1ea/source/monodroid/builds/install/mono-armv6/etc/mono/assemblies/System.Net.Primitives/System.Net.Primitives.config'.
D/Mono    (10127): Unloading image System.Net.Primitives.dll [0xd939d100].
D/Mono    (10127): Image addref System.Net.Primitives[0xd8dc3da0] -> System.Net.Primitives.dll[0xd94d2500]: 6
D/Mono    (10127): Config attempting to parse: 'System.Net.Primitives.dll.config'.
D/Mono    (10127): Config attempting to parse: '/Users/builder/data/lanes/4009/3a62f1ea/source/monodroid/builds/install/mono-armv6/etc/mono/assemblies/System.Net.Primitives/System.Net.Primitives.config'.
D/Mono    (10127): AOT module 'System.Net.Primitives.dll.so' not found: dlopen failed: library "/data/app/com.careerbuilder.SugarDrone-1/lib/arm/libaot-System.Net.Primitives.dll.so" not found
D/Mono    (10127): AOT module '/Users/builder/data/lanes/4009/3a62f1ea/source/monodroid/builds/install/mono-armv6/lib/mono/aot-cache/arm/System.Net.Primitives.dll.so' not found: dlopen failed: library "/data/app/com.careerbuilder.SugarDrone-1/lib/arm/libaot-System.Net.Primitives.dll.so" not found
D/Mono    (10127): Config attempting to parse: 'System.Net.Primitives.dll.config'.
D/Mono    (10127): Config attempting to parse: '/Users/builder/data/lanes/4009/3a62f1ea/source/monodroid/builds/install/mono-armv6/etc/mono/assemblies/System.Net.Primitives/System.Net.Primitives.config'.
D/Mono    (10127): Unloading image System.Text.Encoding.dll [0xd939d100].
D/Mono    (10127): Image addref System.Text.Encoding[0xd8dc3d40] -> System.Text.Encoding.dll[0xda399f00]: 5
D/Mono    (10127): Config attempting to parse: 'System.Text.Encoding.dll.config'.
D/Mono    (10127): Config attempting to parse: '/Users/builder/data/lanes/4009/3a62f1ea/source/monodroid/builds/install/mono-armv6/etc/mono/assemblies/System.Text.Encoding/System.Text.Encoding.config'.
D/Mono    (10127): Assembly Ref addref CareerBuilder_Search[0xebb2e0a0] -> System.Text.Encoding[0xdacef6a0]: 3
I/mono-stdout(10127): making api call to: /consumer/saved-jobs/?DeveloperKey=WDHR8FC6P2JZ1Y61KLM5
D/Mono    (10127): Unloading image System.Text.Encoding.dll [0xd939bd00].
D/Mono    (10127): Image addref System.Text.Encoding[0xd8b0b760] -> System.Text.Encoding.dll[0xda399f00]: 6
D/Mono    (10127): Config attempting to parse: 'System.Text.Encoding.dll.config'.
D/Mono    (10127): Config attempting to parse: '/Users/builder/data/lanes/4009/3a62f1ea/source/monodroid/builds/install/mono-armv6/etc/mono/assemblies/System.Text.Encoding/System.Text.Encoding.config'.
I/mono-stdout(10127): making api call to: /consumer/resumes?OAuthToken=&HostSite=US&DeveloperKey=WDHR8FC6P2JZ1Y61KLM5
I/mono-stdout(10127): making api call to: /consumer/jobs/search/?Keywords=&Location=&UseFacets=true&PageNumber=1&ExcludeNational=true&DeveloperKey=WDHR8FC6P2JZ1Y61KLM5
I/mono-stdout(10127): making api call to: /consumer/resumes?OAuthToken=&HostSite=US&DeveloperKey=WDHR8FC6P2JZ1Y61KLM5
I/mono-stdout(10127): Method: GET, RequestUri: 'https://api.careerbuilder.com/consumer/saved-jobs/?DeveloperKey=WDHR8FC6P2JZ1Y61KLM5', Version: 1.1, Content: <null>, Headers:

I/mono-stdout(10127): {

I/mono-stdout(10127): DeveloperKey: WDHR8FC6P2JZ1Y61KLM5

I/mono-stdout(10127): Accept: application/json

I/mono-stdout(10127): Authorization: Bearer test

I/mono-stdout(10127): HostSite: US

I/mono-stdout(10127): }
I/mono-stdout(10127): Current State = 1,2,6,7
I/mono-stdout(10127): applied jobs = 6
I/mono-stdout(10127): expired jobs = 7
I/mono-stdout(10127): saved jobs = Saved,Saved,Applied,Saved
I/ServiceManager(  556): Waiting for service AtCmdFwd...
I/mono-stdout(10127): done making call to: /consumer/resumes?OAuthToken=&HostSite=US&DeveloperKey=WDHR8FC6P2JZ1Y61KLM5
I/mono-stdout(10127): done making call to: /consumer/resumes?OAuthToken=&HostSite=US&DeveloperKey=WDHR8FC6P2JZ1Y61KLM5
I/mono-stdout(10127): The resume  with hash has been set as latest
I/mono-stdout(10127): The resume  with hash has been set as latest
I/art     (10127): Starting a blocking GC Explicit
I/art     (10127): Explicit concurrent mark sweep GC freed 2132(146KB) AllocSpace objects, 0(0B) LOS objects, 29% free, 38MB/54MB, paused 1.332ms total 24.753ms
D/Mono    (10127): GC_TAR_BRIDGE bridges 187 objects 385 opaque 122 colors 187 colors-bridged 187 colors-visible 187 xref 5 cache-hit 0 cache-semihit 0 cache-miss 0 setup 0.07ms tarjan 0.43ms scc-setup 0.12ms gather-xref 0.01ms xref-setup 0.02ms cleanup 0.07ms
D/Mono    (10127): GC_BRIDGE: Complete, was running for 28.30ms
D/Mono    (10127): GC_MINOR: (Nursery full) time 20.79ms, stw 22.82ms promoted 897K major size: 1904K in use: 1177K los size: 1024K in use: 370K
I/mono-stdout(10127): done making call to: /consumer/saved-jobs/?DeveloperKey=WDHR8FC6P2JZ1Y61KLM5
I/art     (10127): Starting a blocking GC Explicit
I/art     (10127): Explicit concurrent mark sweep GC freed 142(7KB) AllocSpace objects, 0(0B) LOS objects, 29% free, 38MB/54MB, paused 947us total 25.895ms
I/mono-stdout(10127): done making call to: /consumer/jobs/search/?Keywords=&Location=&UseFacets=true&PageNumber=1&ExcludeNational=true&DeveloperKey=WDHR8FC6P2JZ1Y61KLM5
I/art     (10127): Starting a blocking GC Explicit
I/art     (10127): Explicit concurrent mark sweep GC freed 10(688B) AllocSpace objects, 0(0B) LOS objects, 29% free, 38MB/54MB, paused 878us total 40.528ms
I/art     (10127): Starting a blocking GC Explicit
I/art     (10127): Explicit concurrent mark sweep GC freed 19(1392B) AllocSpace objects, 0(0B) LOS objects, 29% free, 38MB/54MB, paused 925us total 39.018ms
I/art     (10127): Starting a blocking GC Explicit
I/art     (10127): Explicit concurrent mark sweep GC freed 1308(70KB) AllocSpace objects, 0(0B) LOS objects, 29% free, 38MB/54MB, paused 6.611ms total 36.770ms
I/art     (10127): Starting a blocking GC Explicit
E/RecyclerView(10127): No adapter attached; skipping layout
I/art     (10127): Explicit concurrent mark sweep GC freed 162(6KB) AllocSpace objects, 0(0B) LOS objects, 29% free, 38MB/54MB, paused 1.184ms total 29.727ms
I/mono-stdout(10127): uri is: https://api.careerbuilder.com/consumer/saved-jobs/?DeveloperKey=WDHR8FC6P2JZ1Y61KLM5
I/mono-stdout(10127): making api call to: /consumer/saved-jobs/?DeveloperKey=WDHR8FC6P2JZ1Y61KLM5
I/mono-stdout(10127): Method: GET, RequestUri: 'https://api.careerbuilder.com/consumer/saved-jobs/?DeveloperKey=WDHR8FC6P2JZ1Y61KLM5', Version: 1.1, Content: <null>, Headers:

I/mono-stdout(10127): {

I/mono-stdout(10127): DeveloperKey: WDHR8FC6P2JZ1Y61KLM5

I/mono-stdout(10127): Accept: application/json

I/mono-stdout(10127): Authorization: Bearer test

I/mono-stdout(10127): HostSite: US

I/mono-stdout(10127): }
I/mono-stdout(10127): Current State = 1,2,6,7
I/mono-stdout(10127): applied jobs = 6
I/mono-stdout(10127): expired jobs = 7
I/mono-stdout(10127): saved jobs = Saved,Saved,Applied,Saved
W/art     (10127): JNI RegisterNativeMethods: attempt to register 0 native methods for md539c3d548fb000cea9f34163fa7e112ea.ProgressListItemViewHolder
W/ResourceType(10127): No known package when getting name for resource number 0xffffffff
W/ResourceType(10127): No known package when getting name for resource number 0xffffffff
W/ResourceType(10127): No known package when getting name for resource number 0xffffffff
W/ResourceType(10127): No known package when getting name for resource number 0xffffffff
W/ResourceType(10127): No known package when getting name for resource number 0xffffffff
W/ResourceType(10127): No known package when getting name for resource number 0xffffffff
W/ResourceType(10127): No known package when getting name for resource number 0xffffffff
W/ResourceType(10127): No known package when getting name for resource number 0xffffffff
W/ResourceType(10127): No known package when getting name for resource number 0xffffffff
W/ResourceType(10127): No known package when getting name for resource number 0xffffffff
W/ResourceType(10127): No known package when getting name for resource number 0xffffffff
W/ResourceType(10127): No known package when getting name for resource number 0xffffffff
W/ResourceType(10127): No known package when getting name for resource number 0xffffffff
W/ResourceType(10127): No known package when getting name for resource number 0xffffffff
W/ResourceType(10127): No known package when getting name for resource number 0xffffffff
W/ResourceType(10127): No known package when getting name for resource number 0xffffffff
W/ResourceType(10127): No known package when getting name for resource number 0xffffffff
D/Mono    (10127): Assembly Ref addref Xamarin.Android.Support.v7.AppCompat[0xebb2dbc0] -> System.Core[0xebb2e700]: 15
I/Choreographer(10127): Skipped 115 frames!  The application may be doing too much work on its main thread.
E/RecyclerView(10127): No adapter attached; skipping layout
W/Atfwd_Sendcmd(  556): AtCmdFwd service not published, waiting... retryCnt : 5
I/Keyboard.Facilitator( 3335): onFinishInput()
D/Mono    (10127): DllImport searching in: '__Internal' ('(null)').
D/Mono    (10127): Searching for 'java_interop_jnienv_call_void_method'.
D/Mono    (10127): Probing 'java_interop_jnienv_call_void_method'.
D/Mono    (10127): Found as 'java_interop_jnienv_call_void_method'.
I/ActivityManager(  931): Displayed com.careerbuilder.SugarDrone/md5a4824aa66c0dc4d104077b72c1916a44.MasterNavActivity: +2s664ms
E/RecyclerView(10127): No adapter attached; skipping layout
I/System.out(10127): URI: /map
I/System.out(10127): params: {json={"query":"* marked:'Job 5'","operation":{"method_name":"query","arguments":[]}}
I/System.out(10127): }
W/ResourceType(10127): No known package when getting name for resource number 0xffffffff
W/ResourceType(10127): No known package when getting name for resource number 0xffffffff
W/ResourceType(10127): No known package when getting name for resource number 0xffffffff
W/ResourceType(10127): No known package when getting name for resource number 0xffffffff
W/ResourceType(10127): No known package when getting name for resource number 0xffffffff
I/mono-stdout(10127): done making call to: /consumer/saved-jobs/?DeveloperKey=WDHR8FC6P2JZ1Y61KLM5
W/ResourceType(10127): No known package when getting name for resource number 0xffffffff
W/ResourceType(10127): No known package when getting name for resource number 0xffffffff
W/ResourceType(10127): No known package when getting name for resource number 0xffffffff
W/ResourceType(10127): No known package when getting name for resource number 0xffffffff
W/ResourceType(10127): No known package when getting name for resource number 0xffffffff
W/ResourceType(10127): No known package when getting name for resource number 0xffffffff
W/ResourceType(10127): No known package when getting name for resource number 0xffffffff
W/ResourceType(10127): No known package when getting name for resource number 0xffffffff
W/ResourceType(10127): No known package when getting name for resource number 0xffffffff
W/ResourceType(10127): No known package when getting name for resource number 0xffffffff
W/ResourceType(10127): No known package when getting name for resource number 0xffffffff
W/ResourceType(10127): No known package when getting name for resource number 0xffffffff
W/ResourceType(10127): No known package when getting name for resource number 0xffffffff
W/ResourceType(10127): No known package when getting name for resource number 0xffffffff
W/ResourceType(10127): No known package when getting name for resource number 0xffffffff
W/ResourceType(10127): No known package when getting name for resource number 0xffffffff
W/ResourceType(10127): No known package when getting name for resource number 0xffffffff
W/ResourceType(10127): No known package when getting name for resource number 0xffffffff
W/ResourceType(10127): No known package when getting name for resource number 0xffffffff
W/ResourceType(10127): No known package when getting name for resource number 0xffffffff
W/ResourceType(10127): No known package when getting name for resource number 0xffffffff
W/ResourceType(10127): No known package when getting name for resource number 0xffffffff
W/ResourceType(10127): No known package when getting name for resource number 0xffffffff
W/ResourceType(10127): No known package when getting name for resource number 0xffffffff
W/ResourceType(10127): No known package when getting name for resource number 0xffffffff
W/ResourceType(10127): No known package when getting name for resource number 0xffffffff
W/ResourceType(10127): No known package when getting name for resource number 0xffffffff
W/ResourceType(10127): No known package when getting name for resource number 0xffffffff
W/ResourceType(10127): No known package when getting name for resource number 0xffffffff
W/ResourceType(10127): No known package when getting name for resource number 0xffffffff
W/ResourceType(10127): No known package when getting name for resource number 0xffffffff
W/ResourceType(10127): No known package when getting name for resource number 0xffffffff
W/ResourceType(10127): No known package when getting name for resource number 0xffffffff
W/ResourceType(10127): No known package when getting name for resource number 0xffffffff
W/ResourceType(10127): No known package when getting name for resource number 0xffffffff
W/ResourceType(10127): No known package when getting name for resource number 0xffffffff
W/ResourceType(10127): No known package when getting name for resource number 0xffffffff
W/ResourceType(10127): No known package when getting name for resource number 0xffffffff
W/ResourceType(10127): No known package when getting name for resource number 0xffffffff
W/ResourceType(10127): No known package when getting name for resource number 0xffffffff
W/ResourceType(10127): No known package when getting name for resource number 0xffffffff
W/ResourceType(10127): No known package when getting name for resource number 0xffffffff
W/ResourceType(10127): No known package when getting name for resource number 0xffffffff
W/ResourceType(10127): No known package when getting name for resource number 0xffffffff
W/ResourceType(10127): No known package when getting name for resource number 0xffffffff
W/ResourceType(10127): No known package when getting name for resource number 0xffffffff
W/ResourceType(10127): No known package when getting name for resource number 0xffffffff
W/ResourceType(10127): No known package when getting name for resource number 0xffffffff
D/Mono    (10127): DllImport searching in: '__Internal' ('(null)').
D/Mono    (10127): Searching for 'java_interop_jnienv_set_int_field'.
D/Mono    (10127): Probing 'java_interop_jnienv_set_int_field'.
D/Mono    (10127): Found as 'java_interop_jnienv_set_int_field'.
I/System.out(10127): URI: /map
I/System.out(10127): params: {json={"query":"all *","operation":{"method_name":"query","arguments":[]}}
I/System.out(10127): }
E/RecyclerView(10127): No adapter attached; skipping layout
W/art     (10127): JNI RegisterNativeMethods: attempt to register 0 native methods for md539c3d548fb000cea9f34163fa7e112ea.JobResultViewHolder
W/art     (10127): JNI RegisterNativeMethods: attempt to register 0 native methods for md543b91ad655f5c020e54c78f692da973f.SnapshotView
W/ResourceType(10127): No known package when getting name for resource number 0xffffffff
W/ResourceType(10127): No known package when getting name for resource number 0xffffffff
W/ResourceType(10127): No known package when getting name for resource number 0xffffffff
W/ResourceType(10127): No known package when getting name for resource number 0xffffffff
W/ResourceType(10127): No known package when getting name for resource number 0xffffffff
W/ResourceType(10127): No known package when getting name for resource number 0xffffffff
W/ResourceType(10127): No known package when getting name for resource number 0xffffffff
W/ResourceType(10127): No known package when getting name for resource number 0xffffffff
W/ResourceType(10127): No known package when getting name for resource number 0xffffffff
W/ResourceType(10127): No known package when getting name for resource number 0xffffffff
W/ResourceType(10127): No known package when getting name for resource number 0xffffffff
W/ResourceType(10127): No known package when getting name for resource number 0xffffffff
W/ResourceType(10127): No known package when getting name for resource number 0xffffffff
W/ResourceType(10127): No known package when getting name for resource number 0xffffffff
W/ResourceType(10127): No known package when getting name for resource number 0xffffffff
W/ResourceType(10127): No known package when getting name for resource number 0xffffffff
W/ResourceType(10127): No known package when getting name for resource number 0xffffffff
W/ResourceType(10127): No known package when getting name for resource number 0xffffffff
W/ResourceType(10127): No known package when getting name for resource number 0xffffffff
W/ResourceType(10127): No known package when getting name for resource number 0xffffffff
W/ResourceType(10127): No known package when getting name for resource number 0xffffffff
W/ResourceType(10127): No known package when getting name for resource number 0xffffffff
W/ResourceType(10127): No known package when getting name for resource number 0xffffffff
W/ResourceType(10127): No known package when getting name for resource number 0xffffffff
W/ResourceType(10127): No known package when getting name for resource number 0xffffffff
W/ResourceType(10127): No known package when getting name for resource number 0xffffffff
W/ResourceType(10127): No known package when getting name for resource number 0xffffffff
W/ResourceType(10127): No known package when getting name for resource number 0xffffffff
W/ResourceType(10127): No known package when getting name for resource number 0xffffffff
W/ResourceType(10127): No known package when getting name for resource number 0xffffffff
W/ResourceType(10127): No known package when getting name for resource number 0xffffffff
W/ResourceType(10127): No known package when getting name for resource number 0xffffffff
W/ResourceType(10127): No known package when getting name for resource number 0xffffffff
W/ResourceType(10127): No known package when getting name for resource number 0xffffffff
W/ResourceType(10127): No known package when getting name for resource number 0xffffffff
W/ResourceType(10127): No known package when getting name for resource number 0xffffffff
W/ResourceType(10127): No known package when getting name for resource number 0xffffffff
W/ResourceType(10127): No known package when getting name for resource number 0xffffffff
W/ResourceType(10127): No known package when getting name for resource number 0xffffffff
W/ResourceType(10127): No known package when getting name for resource number 0xffffffff
W/ResourceType(10127): No known package when getting name for resource number 0xffffffff
W/ResourceType(10127): No known package when getting name for resource number 0xffffffff
W/ResourceType(10127): No known package when getting name for resource number 0xffffffff
W/ResourceType(10127): No known package when getting name for resource number 0xffffffff
W/ResourceType(10127): No known package when getting name for resource number 0xffffffff
W/ResourceType(10127): No known package when getting name for resource number 0xffffffff
W/ResourceType(10127): No known package when getting name for resource number 0xffffffff
W/ResourceType(10127): No known package when getting name for resource number 0xffffffff
W/ResourceType(10127): No known package when getting name for resource number 0xffffffff
W/ResourceType(10127): No known package when getting name for resource number 0xffffffff
W/ResourceType(10127): No known package when getting name for resource number 0xffffffff
W/ResourceType(10127): No known package when getting name for resource number 0xffffffff
W/ResourceType(10127): No known package when getting name for resource number 0xffffffff
W/ResourceType(10127): No known package when getting name for resource number 0xffffffff
W/ResourceType(10127): No known package when getting name for resource number 0xffffffff
W/ResourceType(10127): No known package when getting name for resource number 0xffffffff
W/ResourceType(10127): No known package when getting name for resource number 0xffffffff
W/ResourceType(10127): No known package when getting name for resource number 0xffffffff
W/ResourceType(10127): No known package when getting name for resource number 0xffffffff
W/ResourceType(10127): No known package when getting name for resource number 0xffffffff
W/ResourceType(10127): No known package when getting name for resource number 0xffffffff
W/ResourceType(10127): No known package when getting name for resource number 0xffffffff
W/ResourceType(10127): No known package when getting name for resource number 0xffffffff
W/ResourceType(10127): No known package when getting name for resource number 0xffffffff
W/ResourceType(10127): No known package when getting name for resource number 0xffffffff
W/ResourceType(10127): No known package when getting name for resource number 0xffffffff
W/ResourceType(10127): No known package when getting name for resource number 0xffffffff
W/ResourceType(10127): No known package when getting name for resource number 0xffffffff
W/ResourceType(10127): No known package when getting name for resource number 0xffffffff
W/ResourceType(10127): No known package when getting name for resource number 0xffffffff
W/ResourceType(10127): No known package when getting name for resource number 0xffffffff
W/ResourceType(10127): No known package when getting name for resource number 0xffffffff
W/ResourceType(10127): No known package when getting name for resource number 0xffffffff
I/System.out(10127): URI: /
I/System.out(10127): params: {json={"command":"drag_coordinates","arguments":[720.0,1674.4,720.0,717.6]}
I/System.out(10127): }
I/System.out(10127): header: {content-length=69, host=devicehost5.prod, x-session-token=token-token-12084bc6-ec91-4125-9891-a1e1f494dba7, x-forwarded-for=10.222.150.32, content-type=application/json; charset=utf-8, connection=close}
I/System.out(10127): params: {json={"command":"drag_coordinates","arguments":[720.0,1674.4,720.0,717.6]}
I/System.out(10127): }
I/System.out(10127): ProP json = {"command":"drag_coordinates","arguments":[720.0,1674.4,720.0,717.6]}
I/System.out(10127): files: {}
I/System.out(10127): command: {"command":"drag_coordinates","arguments":[720.0,1674.4,720.0,717.6]}
I/InstrumentationBackend(10127): Got command:'Command:'Line:null,drag_coordinates', arguments:'[720.0, 1674.4, 720.0, 717.6]'
I/System.out(10127): result:{"bonusInformation":[],"message":"","success":true}
I/System.out(10127): URI: /map
I/System.out(10127): params: {json={"query":"* marked:'Job 5'","operation":{"method_name":"query","arguments":[]}}
I/System.out(10127): }
W/ResourceType(10127): No known package when getting name for resource number 0xffffffff
W/ResourceType(10127): No known package when getting name for resource number 0xffffffff
W/ResourceType(10127): No known package when getting name for resource number 0xffffffff
W/ResourceType(10127): No known package when getting name for resource number 0xffffffff
W/ResourceType(10127): No known package when getting name for resource number 0xffffffff
W/ResourceType(10127): No known package when getting name for resource number 0xffffffff
W/ResourceType(10127): No known package when getting name for resource number 0xffffffff
W/ResourceType(10127): No known package when getting name for resource number 0xffffffff
W/ResourceType(10127): No known package when getting name for resource number 0xffffffff
W/ResourceType(10127): No known package when getting name for resource number 0xffffffff
W/ResourceType(10127): No known package when getting name for resource number 0xffffffff
W/ResourceType(10127): No known package when getting name for resource number 0xffffffff
W/ResourceType(10127): No known package when getting name for resource number 0xffffffff
W/ResourceType(10127): No known package when getting name for resource number 0xffffffff
W/ResourceType(10127): No known package when getting name for resource number 0xffffffff
W/ResourceType(10127): No known package when getting name for resource number 0xffffffff
W/ResourceType(10127): No known package when getting name for resource number 0xffffffff
W/ResourceType(10127): No known package when getting name for resource number 0xffffffff
W/ResourceType(10127): No known package when getting name for resource number 0xffffffff
W/ResourceType(10127): No known package when getting name for resource number 0xffffffff
W/ResourceType(10127): No known package when getting name for resource number 0xffffffff
W/ResourceType(10127): No known package when getting name for resource number 0xffffffff
W/ResourceType(10127): No known package when getting name for resource number 0xffffffff
W/ResourceType(10127): No known package when getting name for resource number 0xffffffff
W/ResourceType(10127): No known package when getting name for resource number 0xffffffff
W/ResourceType(10127): No known package when getting name for resource number 0xffffffff
W/ResourceType(10127): No known package when getting name for resource number 0xffffffff
W/ResourceType(10127): No known package when getting name for resource number 0xffffffff
W/ResourceType(10127): No known package when getting name for resource number 0xffffffff
W/ResourceType(10127): No known package when getting name for resource number 0xffffffff
W/ResourceType(10127): No known package when getting name for resource number 0xffffffff
W/ResourceType(10127): No known package when getting name for resource number 0xffffffff
W/ResourceType(10127): No known package when getting name for resource number 0xffffffff
W/ResourceType(10127): No known package when getting name for resource number 0xffffffff
W/ResourceType(10127): No known package when getting name for resource number 0xffffffff
W/ResourceType(10127): No known package when getting name for resource number 0xffffffff
W/ResourceType(10127): No known package when getting name for resource number 0xffffffff
W/ResourceType(10127): No known package when getting name for resource number 0xffffffff
W/ResourceType(10127): No known package when getting name for resource number 0xffffffff
W/ResourceType(10127): No known package when getting name for resource number 0xffffffff
W/ResourceType(10127): No known package when getting name for resource number 0xffffffff
W/ResourceType(10127): No known package when getting name for resource number 0xffffffff
W/ResourceType(10127): No known package when getting name for resource number 0xffffffff
W/ResourceType(10127): No known package when getting name for resource number 0xffffffff
W/ResourceType(10127): No known package when getting name for resource number 0xffffffff
W/ResourceType(10127): No known package when getting name for resource number 0xffffffff
W/ResourceType(10127): No known package when getting name for resource number 0xffffffff
W/ResourceType(10127): No known package when getting name for resource number 0xffffffff
W/ResourceType(10127): No known package when getting name for resource number 0xffffffff
W/ResourceType(10127): No known package when getting name for resource number 0xffffffff
W/ResourceType(10127): No known package when getting name for resource number 0xffffffff
W/ResourceType(10127): No known package when getting name for resource number 0xffffffff
W/ResourceType(10127): No known package when getting name for resource number 0xffffffff
W/ResourceType(10127): No known package when getting name for resource number 0xffffffff
W/ResourceType(10127): No known package when getting name for resource number 0xffffffff
W/ResourceType(10127): No known package when getting name for resource number 0xffffffff
W/ResourceType(10127): No known package when getting name for resource number 0xffffffff
W/ResourceType(10127): No known package when getting name for resource number 0xffffffff
W/ResourceType(10127): No known package when getting name for resource number 0xffffffff
W/ResourceType(10127): No known package when getting name for resource number 0xffffffff
W/ResourceType(10127): No known package when getting name for resource number 0xffffffff
W/ResourceType(10127): No known package when getting name for resource number 0xffffffff
W/ResourceType(10127): No known package when getting name for resource number 0xffffffff
W/ResourceType(10127): No known package when getting name for resource number 0xffffffff
W/ResourceType(10127): No known package when getting name for resource number 0xffffffff
W/ResourceType(10127): No known package when getting name for resource number 0xffffffff
W/ResourceType(10127): No known package when getting name for resource number 0xffffffff
W/ResourceType(10127): No known package when getting name for resource number 0xffffffff
W/ResourceType(10127): No known package when getting name for resource number 0xffffffff
W/ResourceType(10127): No known package when getting name for resource number 0xffffffff
W/ResourceType(10127): No known package when getting name for resource number 0xffffffff
W/ResourceType(10127): No known package when getting name for resource number 0xffffffff
W/ResourceType(10127): No known package when getting name for resource number 0xffffffff
I/art     (10127): Background sticky concurrent mark sweep GC freed 377892(14MB) AllocSpace objects, 18(768KB) LOS objects, 26% free, 40MB/54MB, paused 847us total 128.927ms
I/art     (10127): Starting a blocking GC Explicit
I/art     (10127): Explicit concurrent mark sweep GC freed 10370(612KB) AllocSpace objects, 4(80KB) LOS objects, 28% free, 39MB/55MB, paused 1.019ms total 31.166ms
I/art     (10127): Starting a blocking GC Explicit
I/System.out(10127): URI: /map
I/System.out(10127): params: {json={"query":"* marked:'Job 5'","operation":{"method_name":"query","arguments":[]}}
I/System.out(10127): }
I/art     (10127): Explicit concurrent mark sweep GC freed 1362(57KB) AllocSpace objects, 1(20KB) LOS objects, 28% free, 39MB/55MB, paused 2.512ms total 32.868ms
I/art     (10127): Starting a blocking GC Explicit
I/art     (10127): Explicit concurrent mark sweep GC freed 11153(454KB) AllocSpace objects, 0(0B) LOS objects, 28% free, 39MB/55MB, paused 958us total 33.714ms
I/art     (10127): Starting a blocking GC Explicit
I/art     (10127): Explicit concurrent mark sweep GC freed 3298(146KB) AllocSpace objects, 0(0B) LOS objects, 28% free, 39MB/55MB, paused 1.074ms total 29.394ms
W/ResourceType(10127): No known package when getting name for resource number 0xffffffff
W/ResourceType(10127): No known package when getting name for resource number 0xffffffff
W/ResourceType(10127): No known package when getting name for resource number 0xffffffff
W/ResourceType(10127): No known package when getting name for resource number 0xffffffff
I/art     (10127): Starting a blocking GC Explicit
W/ResourceType(10127): No known package when getting name for resource number 0xffffffff
W/ResourceType(10127): No known package when getting name for resource number 0xffffffff
W/ResourceType(10127): No known package when getting name for resource number 0xffffffff
W/ResourceType(10127): No known package when getting name for resource number 0xffffffff
W/ResourceType(10127): No known package when getting name for resource number 0xffffffff
W/ResourceType(10127): No known package when getting name for resource number 0xffffffff
W/ResourceType(10127): No known package when getting name for resource number 0xffffffff
I/art     (10127): Explicit concurrent mark sweep GC freed 1842(109KB) AllocSpace objects, 0(0B) LOS objects, 28% free, 39MB/55MB, paused 830us total 30.937ms
W/ResourceType(10127): No known package when getting name for resource number 0xffffffff
W/ResourceType(10127): No known package when getting name for resource number 0xffffffff
W/ResourceType(10127): No known package when getting name for resource number 0xffffffff
W/ResourceType(10127): No known package when getting name for resource number 0xffffffff
W/ResourceType(10127): No known package when getting name for resource number 0xffffffff
W/ResourceType(10127): No known package when getting name for resource number 0xffffffff
W/ResourceType(10127): No known package when getting name for resource number 0xffffffff
W/ResourceType(10127): No known package when getting name for resource number 0xffffffff
W/ResourceType(10127): No known package when getting name for resource number 0xffffffff
W/ResourceType(10127): No known package when getting name for resource number 0xffffffff
W/ResourceType(10127): No known package when getting name for resource number 0xffffffff
W/ResourceType(10127): No known package when getting name for resource number 0xffffffff
W/ResourceType(10127): No known package when getting name for resource number 0xffffffff
W/ResourceType(10127): No known package when getting name for resource number 0xffffffff
W/ResourceType(10127): No known package when getting name for resource number 0xffffffff
W/ResourceType(10127): No known package when getting name for resource number 0xffffffff
W/ResourceType(10127): No known package when getting name for resource number 0xffffffff
W/ResourceType(10127): No known package when getting name for resource number 0xffffffff
W/ResourceType(10127): No known package when getting name for resource number 0xffffffff
W/ResourceType(10127): No known package when getting name for resource number 0xffffffff
W/ResourceType(10127): No known package when getting name for resource number 0xffffffff
W/ResourceType(10127): No known package when getting name for resource number 0xffffffff
W/ResourceType(10127): No known package when getting name for resource number 0xffffffff
W/ResourceType(10127): No known package when getting name for resource number 0xffffffff
W/ResourceType(10127): No known package when getting name for resource number 0xffffffff
W/ResourceType(10127): No known package when getting name for resource number 0xffffffff
W/ResourceType(10127): No known package when getting name for resource number 0xffffffff
W/ResourceType(10127): No known package when getting name for resource number 0xffffffff
W/ResourceType(10127): No known package when getting name for resource number 0xffffffff
W/ResourceType(10127): No known package when getting name for resource number 0xffffffff
W/ResourceType(10127): No known package when getting name for resource number 0xffffffff
W/ResourceType(10127): No known package when getting name for resource number 0xffffffff
W/ResourceType(10127): No known package when getting name for resource number 0xffffffff
W/ResourceType(10127): No known package when getting name for resource number 0xffffffff
W/ResourceType(10127): No known package when getting name for resource number 0xffffffff
W/ResourceType(10127): No known package when getting name for resource number 0xffffffff
W/ResourceType(10127): No known package when getting name for resource number 0xffffffff
W/ResourceType(10127): No known package when getting name for resource number 0xffffffff
W/ResourceType(10127): No known package when getting name for resource number 0xffffffff
W/ResourceType(10127): No known package when getting name for resource number 0xffffffff
W/ResourceType(10127): No known package when getting name for resource number 0xffffffff
W/ResourceType(10127): No known package when getting name for resource number 0xffffffff
W/ResourceType(10127): No known package when getting name for resource number 0xffffffff
W/ResourceType(10127): No known package when getting name for resource number 0xffffffff
W/ResourceType(10127): No known package when getting name for resource number 0xffffffff
W/ResourceType(10127): No known package when getting name for resource number 0xffffffff
W/ResourceType(10127): No known package when getting name for resource number 0xffffffff
