<![CDATA[I/ThermalEngine(  517): ACTION: GPU - Setting GPU[0] to 600000000

]]><xtc-scenario name="[0-1108]CareerBuilder_Search.DroidFeatureTests.SavedJobsTests.InitialHas1Expired1AppliedAnd2SavedJobs" id="[0-1108]CareerBuilder_Search.DroidFeatureTests.SavedJobsTests.InitialHas1Expired1AppliedAnd2SavedJobs"><![CDATA[
I/ThermalEngine(  517): ACTION: GPU - Setting GPU[0] to 510000000
I/ActivityManager(  924): Killing 7397:com.android.chrome/u0a39 (adj 15): empty #17

]]><xtc-step name="[0-1108]CareerBuilder_Search.DroidFeatureTests.SavedJobsTests.InitialHas1Expired1AppliedAnd2SavedJobs-InitialHas1Expired1AppliedAnd2SavedJobs" id="[0-1108]CareerBuilder_Search.DroidFeatureTests.SavedJobsTests.InitialHas1Expired1AppliedAnd2SavedJobs-InitialHas1Expired1AppliedAnd2SavedJobs"><![CDATA[
I/ThermalEngine(  517): ACTION: GPU - Setting GPU[0] to 450000000
D/AndroidRuntime( 8153): >>>>>> START com.android.internal.os.RuntimeInit uid 2000 <<<<<<
D/AndroidRuntime( 8153): CheckJNI is OFF
D/ICU     ( 8153): No timezone override file found: /data/misc/zoneinfo/current/icu/icu_tzdata.dat
I/Radio-JNI( 8153): register_android_hardware_Radio DONE
D/AndroidRuntime( 8153): Calling main entry com.android.commands.pm.Pm
I/art     ( 8153): System.exit called, status: 0
I/AndroidRuntime( 8153): VM exiting with result code 0.
I/ServiceManager(  538): Waiting for service AtCmdFwd...
I/ServiceManager(  538): Waiting for service AtCmdFwd...
I/ServiceManager(  538): Waiting for service AtCmdFwd...
I/ServiceManager(  538): Waiting for service AtCmdFwd...
I/ServiceManager(  538): Waiting for service AtCmdFwd...
W/Atfwd_Sendcmd(  538): AtCmdFwd service not published, waiting... retryCnt : 5
I/ThermalEngine(  517): ACTION: GPU - Setting GPU[0] to 390000000
D/NetlinkSocketObserver(  924): NeighborEvent{elapsedMs=199840, 10.22.0.1, [B0FAEB975089], RTM_NEWNEIGH, NUD_STALE}
I/ThermalEngine(  517): ACTION: GPU - Setting GPU[0] to 450000000
D/WifiStateMachine(  924): starting scan for "xtc-ag"WPA_PSK with 5240,5180,5220,5200
I/ThermalEngine(  517): ACTION: GPU - Setting GPU[0] to 390000000
I/Keyboard.Facilitator.LanguageModelFlusher( 3362): run()
I/Keyboard.Facilitator( 3362): flushDynamicLanguageModels()
I/ThermalEngine(  517): ACTION: GPU - Setting GPU[0] to 450000000
I/ThermalEngine(  517): ACTION: GPU - Setting GPU[0] to 390000000
I/ThermalEngine(  517): ACTION: GPU - Setting GPU[0] to 450000000
I/Atfwd_Sendcmd(  538): AtCmdFwd service not ready - Exhausted retry attempts - :6
I/Atfwd_Daemon(  538): result : -1 	 ,Init step :2 	 ,qmiErrorCode: 0
I/ThermalEngine(  517): ACTION: GPU - Setting GPU[0] to 390000000
I/ThermalEngine(  517): ACTION: GPU - Setting GPU[0] to 450000000
I/ThermalEngine(  517): ACTION: GPU - Setting GPU[0] to 390000000
W/ip      ( 8722): type=1400 audit(0.0:73): avc: denied { search } for name="net" dev="dm-2" ino=3440648 scontext=u:r:shell:s0 tcontext=u:object_r:net_data_file:s0 tclass=dir permissive=0
I/ThermalEngine(  517): ACTION: GPU - Setting GPU[0] to 450000000
I/ServiceManager(  538): Waiting for service AtCmdFwd...
I/ServiceManager(  538): Waiting for service AtCmdFwd...
I/ServiceManager(  538): Waiting for service AtCmdFwd...
I/ServiceManager(  538): Waiting for service AtCmdFwd...
I/ThermalEngine(  517): ACTION: GPU - Setting GPU[0] to 390000000
I/ServiceManager(  538): Waiting for service AtCmdFwd...
W/Atfwd_Sendcmd(  538): AtCmdFwd service not published, waiting... retryCnt : 1
D/AndroidRuntime( 8828): >>>>>> START com.android.internal.os.RuntimeInit uid 2000 <<<<<<
D/AndroidRuntime( 8828): CheckJNI is OFF
D/ICU     ( 8828): No timezone override file found: /data/misc/zoneinfo/current/icu/icu_tzdata.dat
I/Radio-JNI( 8828): register_android_hardware_Radio DONE
D/AndroidRuntime( 8828): Calling main entry com.android.commands.am.Am
W/ActivityManager(  924): Invalid packageName: com.careerbuilder.SugarDrone
D/AndroidRuntime( 8828): Shutting down VM
I/ThermalEngine(  517): ACTION: GPU - Setting GPU[0] to 450000000
I/ThermalEngine(  517): ACTION: GPU - Setting GPU[0] to 390000000
I/ServiceManager(  538): Waiting for service AtCmdFwd...
I/ServiceManager(  538): Waiting for service AtCmdFwd...
I/ServiceManager(  538): Waiting for service AtCmdFwd...
D/WifiStateMachine(  924): starting scan for "xtc-ag"WPA_PSK with 5240,5180,5220,5200
I/ServiceManager(  538): Waiting for service AtCmdFwd...
I/ServiceManager(  538): Waiting for service AtCmdFwd...
W/Atfwd_Sendcmd(  538): AtCmdFwd service not published, waiting... retryCnt : 2
I/ThermalEngine(  517): ACTION: GPU - Setting GPU[0] to 450000000
I/ThermalEngine(  517): ACTION: GPU - Setting GPU[0] to 390000000
I/ServiceManager(  538): Waiting for service AtCmdFwd...
I/ServiceManager(  538): Waiting for service AtCmdFwd...
I/ServiceManager(  538): Waiting for service AtCmdFwd...
I/ServiceManager(  538): Waiting for service AtCmdFwd...
I/ThermalEngine(  517): ACTION: GPU - Setting GPU[0] to 450000000
I/ServiceManager(  538): Waiting for service AtCmdFwd...
W/Atfwd_Sendcmd(  538): AtCmdFwd service not published, waiting... retryCnt : 3
I/ThermalEngine(  517): ACTION: GPU - Setting GPU[0] to 390000000
D/WifiStateMachine(  924): starting scan for "xtc-ag"WPA_PSK with 5240,5180,5220,5200
D/AndroidRuntime( 9226): >>>>>> START com.android.internal.os.RuntimeInit uid 2000 <<<<<<
D/AndroidRuntime( 9226): CheckJNI is OFF
D/ICU     ( 9226): No timezone override file found: /data/misc/zoneinfo/current/icu/icu_tzdata.dat
I/Radio-JNI( 9226): register_android_hardware_Radio DONE
D/AndroidRuntime( 9226): Calling main entry com.android.commands.pm.Pm
I/ActivityManager(  924): Start proc 9245:com.android.defcontainer/u0a7 for service com.android.defcontainer/.DefaultContainerService
D/DefContainer( 9245): Copying /data/local/tmp/0000003222 to base.apk
I/PackageManager.DexOptimizer(  924): Running dexopt (dex2oat) on: /data/app/vmdl603573727.tmp/base.apk pkg=com.careerbuilder.SugarDrone isa=arm vmSafeMode=false debuggable=true oatDir = /data/app/vmdl603573727.tmp/oat bootComplete=true
I/dex2oat ( 9283): /system/bin/dex2oat -j2 --debuggable
W/dex2oat ( 9283): Before Android 4.1, method android.graphics.PorterDuffColorFilter android.support.graphics.drawable.VectorDrawableCompat.updateTintFilter(android.graphics.PorterDuffColorFilter, android.content.res.ColorStateList, android.graphics.PorterDuff$Mode) would have incorrectly overridden the package-private method in android.graphics.drawable.Drawable
W/dex2oat ( 9283): Before Android 4.1, method int android.support.v7.widget.ListViewCompat.lookForSelectablePosition(int, boolean) would have incorrectly overridden the package-private method in android.widget.ListView
D/NetlinkSocketObserver(  924): NeighborEvent{elapsedMs=268430, 10.22.0.1, [B0FAEB975089], RTM_NEWNEIGH, NUD_PROBE}
I/dex2oat ( 9283): dex2oat took 5.792s (threads: 2) arena alloc=649KB java alloc=5MB native alloc=20MB free=2MB
W/PackageManager(  924): Not granting permission android.permission.MANAGE_DOCUMENTS to package com.careerbuilder.SugarDrone (protectionLevel=2 flags=0x3808be46)
W/PackageManager(  924): Not granting permission android.permission.MOUNT_UNMOUNT_FILESYSTEMS to package com.careerbuilder.SugarDrone (protectionLevel=18 flags=0x3808be46)
V/BackupManagerService(  924): restoreAtInstall pkg=com.careerbuilder.SugarDrone token=5 restoreSet=0
V/BackupManagerService(  924): Finishing install immediately
W/Settings(  924): Setting install_non_market_apps has moved from android.provider.Settings.Global to android.provider.Settings.Secure, returning read-only value.
I/art     (  924): Starting a blocking GC Explicit
I/art     (  924): Explicit concurrent mark sweep GC freed 188073(11MB) AllocSpace objects, 57(2MB) LOS objects, 33% free, 30MB/46MB, paused 1.800ms total 123.671ms
I/art     ( 9226): System.exit called, status: 0
I/AndroidRuntime( 9226): VM exiting with result code 0.
I/InputReader(  924): Reconfiguring input devices.  changes=0x00000010
D/CarrierServiceBindHelper( 3544): Receive action: android.intent.action.PACKAGE_ADDED
D/CarrierServiceBindHelper( 3544): mHandler: 3
D/CarrierConfigLoader( 3544): mHandler: 9 phoneId: 0
I/ActivityManager(  924): Start proc 9360:com.android.musicfx/u0a21 for broadcast com.android.musicfx/.Compatibility$Receiver
W/System  ( 9360): ClassLoader referenced unknown path: /system/priv-app/MusicFX/lib/arm64
I/ActivityManager(  924): Start proc 9379:com.android.vending/u0a22 for broadcast com.android.vending/com.google.android.finsky.receivers.PackageMonitorReceiver$RegisteredReceiver
I/ActivityManager(  924): Killing 7271:com.google.android.music:main/u0a59 (adj 15): empty #17
W/System  ( 9379): ClassLoader referenced unknown path: /system/priv-app/Phonesky/lib/arm64
W/Finsky  ( 9379): [1] FinskyApp.getCurrentAccount: No account configured on this device.
D/Finsky  ( 9379): [1] FinskyApp.onCreate: Initializing network with DFE https://android.clients.google.com/fdfe/
W/Finsky  ( 9379): [1] FinskyApp.getCurrentAccount: No account configured on this device.
W/Finsky  ( 9379): [1] FinskyApp.getCurrentAccount: No account configured on this device.
W/Finsky  ( 9379): [1] FinskyApp.getCurrentAccount: No account configured on this device.
W/Finsky  ( 9379): [1] FinskyApp.getCurrentAccount: No account configured on this device.
W/Finsky  ( 9379): [1] FinskyApp.getCurrentAccount: No account configured on this device.
W/Finsky  ( 9379): [1] FinskyApp.getCurrentAccount: No account configured on this device.
W/Finsky  ( 9379): [1] FinskyApp.getCurrentAccount: No account configured on this device.
D/Finsky  ( 9379): [1] DailyHygiene.goMakeHygieneIfDirty: No need to run daily hygiene.
W/Settings( 9379): Setting download_manager_max_bytes_over_mobile has moved from android.provider.Settings.Secure to android.provider.Settings.Global.
W/Settings( 9379): Setting download_manager_recommended_max_bytes_over_mobile has moved from android.provider.Settings.Secure to android.provider.Settings.Global.
W/Finsky  ( 9379): [1] FinskyApp.getCurrentAccount: No account configured on this device.
W/Finsky  ( 9379): [1] FinskyApp.getCurrentAccount: No account configured on this device.
W/Finsky  ( 9379): [1] FinskyApp.getDfeApi: No account configured on this device.
W/Finsky  ( 9379): [1] FinskyApp.getCurrentAccount: No account configured on this device.
D/Ads     ( 9379): Skipping gmscore version check
I/ActivityManager(  924): Start proc 9422:com.google.android.apps.docs/u0a43 for broadcast com.google.android.apps.docs/.receivers.AppPackageAddRemoveReceiver
I/UpdateIcingCorporaServi( 7642): Updating corpora: APPS=com.careerbuilder.SugarDrone, CONTACTS=MAYBE
W/System  ( 9422): ClassLoader referenced unknown path: /system/app/Drive/lib/arm64
W/IcingInternalCorpora( 4275): getNumBytesRead when not calculated.
D/Finsky  ( 9379): [1] ExternalReferrer.access$200: Package state data is missing for com.careerbuilder.SugarDrone
I/UpdateIcingCorporaServi( 7642): UpdateCorporaTask done [took 333 ms] updated apps [took 333 ms] 
W/Finsky  ( 9379): [1] FinskyApp.getCurrentAccount: No account configured on this device.
W/Finsky  ( 9379): [1] FinskyApp.getCurrentAccount: No account configured on this device.
I/Icing   ( 4275): Usage reports 0 indexed 0 rejected 0 imm upload true
D/Finsky  ( 9379): [1] GmsCoreHelper.cleanupNlp: result=false type=4
D/Finsky  ( 9379): [1] RestoreTracker.stopServiceIfDone: Restore complete with 0 success and 0 failed.
D/AndroidRuntime( 9393): >>>>>> START com.android.internal.os.RuntimeInit uid 2000 <<<<<<
D/AndroidRuntime( 9393): CheckJNI is OFF
D/ICU     ( 9393): No timezone override file found: /data/misc/zoneinfo/current/icu/icu_tzdata.dat
I/Radio-JNI( 9393): register_android_hardware_Radio DONE
D/AndroidRuntime( 9393): Calling main entry com.android.commands.settings.SettingsCmd
D/AndroidRuntime( 9393): Shutting down VM
I/GAv4    ( 9422): Google Analytics 7.8.95 is starting up. To enable debug logging on a device run:
I/GAv4    ( 9422):   adb shell setprop log.tag.GAv4 DEBUG
I/GAv4    ( 9422):   adb logcat -s GAv4
W/GAv4    ( 9422): AnalyticsReceiver is not registered or is disabled. Register the receiver for reliable dispatching on non-Google Play devices. See http://goo.gl/8Rd3yj for instructions.
W/GAv4    ( 9422): CampaignTrackingReceiver is not registered, not exported or is disabled. Installation campaign tracking is not possible. See http://goo.gl/8Rd3yj for instructions.
W/AnalyticsTrackerProxyImpl( 9422): Analytics setup for ID UA-21125203-2, app name Drive, version 2.3.327.05.46
W/GAv4    ( 9422): AnalyticsService not registered in the app manifest. Hits might not be delivered reliably. See http://goo.gl/8Rd3yj for instructions.
I/ActivityManager(  924): Killing 7805:com.android.providers.calendar/u0a1 (adj 15): empty #17
D/Wear_Controller( 4275): Received broadcast action=android.intent.action.PACKAGE_ADDED and uri=com.careerbuilder.SugarDrone
I/PeopleContactsSync( 4275): triggerPendingContactsCleanup: no accounts
I/Icing   ( 4275): Usage reports 0 indexed 0 rejected 0 imm upload false
I/Icing   ( 4275): Usage reports 0 indexed 0 rejected 0 imm upload false
I/Icing   ( 4275): Indexing 30F0BE597630D714C34463EDBCB0E07AE3414F19 from com.google.android.googlequicksearchbox
I/Icing   ( 4275): Indexing done 30F0BE597630D714C34463EDBCB0E07AE3414F19
D/AndroidRuntime( 9469): >>>>>> START com.android.internal.os.RuntimeInit uid 2000 <<<<<<
D/AndroidRuntime( 9469): CheckJNI is OFF
W/linker  ( 9422): /data/app/com.google.android.gms-2/lib/arm64/libconscrypt_gmscore_jni.so: unused DT entry: type 0x1d arg 0x80
V/JNIHelp ( 9422): Registering com/google/android/gms/org/conscrypt/NativeCrypto's 242 native methods...
D/ICU     ( 9469): No timezone override file found: /data/misc/zoneinfo/current/icu/icu_tzdata.dat
I/art     ( 9422): Rejecting re-init on previously-failed class java.lang.Class<com.google.android.gms.org.conscrypt.OpenSSLExtendedSessionImpl>
I/art     ( 9422): Rejecting re-init on previously-failed class java.lang.Class<com.google.android.gms.org.conscrypt.OpenSSLExtendedSessionImpl>
I/ProviderInstaller( 9422): Installed default security provider GmsCore_OpenSSL
I/Radio-JNI( 9469): register_android_hardware_Radio DONE
D/AndroidRuntime( 9469): Calling main entry com.android.commands.settings.SettingsCmd
D/AndroidRuntime( 9469): Shutting down VM
I/ServiceManager(  538): Waiting for service AtCmdFwd...
I/ActivityManager(  924): Killing 6798:com.google.android.talk/u0a53 (adj 15): empty #17
I/Icing   ( 4275): Indexing DD3FF9FE5EFE52F3C27F3CC5AE528200DF987AFE from com.google.android.gms
I/Icing   ( 4275): Indexing done DD3FF9FE5EFE52F3C27F3CC5AE528200DF987AFE
D/AndroidRuntime( 9511): >>>>>> START com.android.internal.os.RuntimeInit uid 2000 <<<<<<
D/AndroidRuntime( 9511): CheckJNI is OFF
D/ICU     ( 9511): No timezone override file found: /data/misc/zoneinfo/current/icu/icu_tzdata.dat
I/Radio-JNI( 9511): register_android_hardware_Radio DONE
D/AndroidRuntime( 9511): Calling main entry com.android.commands.settings.SettingsCmd
D/AndroidRuntime( 9511): Shutting down VM
I/ServiceManager(  538): Waiting for service AtCmdFwd...
D/AndroidRuntime( 9536): >>>>>> START com.android.internal.os.RuntimeInit uid 2000 <<<<<<
D/AndroidRuntime( 9536): CheckJNI is OFF
D/ICU     ( 9536): No timezone override file found: /data/misc/zoneinfo/current/icu/icu_tzdata.dat
I/Radio-JNI( 9536): register_android_hardware_Radio DONE
D/AndroidRuntime( 9536): Calling main entry com.android.commands.settings.SettingsCmd
D/AndroidRuntime( 9536): Shutting down VM
I/ServiceManager(  538): Waiting for service AtCmdFwd...
D/AndroidRuntime( 9557): >>>>>> START com.android.internal.os.RuntimeInit uid 2000 <<<<<<
D/AndroidRuntime( 9557): CheckJNI is OFF
D/ICU     ( 9557): No timezone override file found: /data/misc/zoneinfo/current/icu/icu_tzdata.dat
I/Radio-JNI( 9557): register_android_hardware_Radio DONE
D/AndroidRuntime( 9557): Calling main entry com.android.commands.settings.SettingsCmd
D/AndroidRuntime( 9557): Shutting down VM
I/ServiceManager(  538): Waiting for service AtCmdFwd...
D/AndroidRuntime( 9580): >>>>>> START com.android.internal.os.RuntimeInit uid 2000 <<<<<<
D/AndroidRuntime( 9580): CheckJNI is OFF
D/ICU     ( 9580): No timezone override file found: /data/misc/zoneinfo/current/icu/icu_tzdata.dat
I/Radio-JNI( 9580): register_android_hardware_Radio DONE
D/AndroidRuntime( 9580): Calling main entry com.android.commands.appops.AppOpsCommand
D/AndroidRuntime( 9580): Shutting down VM
I/ServiceManager(  538): Waiting for service AtCmdFwd...
D/AndroidRuntime( 9604): >>>>>> START com.android.internal.os.RuntimeInit uid 2000 <<<<<<
D/AndroidRuntime( 9604): CheckJNI is OFF
D/ICU     ( 9604): No timezone override file found: /data/misc/zoneinfo/current/icu/icu_tzdata.dat
I/Radio-JNI( 9604): register_android_hardware_Radio DONE
D/AndroidRuntime( 9604): Calling main entry com.android.commands.pm.Pm
I/art     ( 9604): System.exit called, status: 0
I/AndroidRuntime( 9604): VM exiting with result code 0.
W/Atfwd_Sendcmd(  538): AtCmdFwd service not published, waiting... retryCnt : 4
I/ActivityManager(  924): Killing 7430:com.google.android.apps.photos/u0a62 (adj 15): empty #17
D/AndroidRuntime( 9650): >>>>>> START com.android.internal.os.RuntimeInit uid 2000 <<<<<<
D/AndroidRuntime( 9650): CheckJNI is OFF
D/ICU     ( 9650): No timezone override file found: /data/misc/zoneinfo/current/icu/icu_tzdata.dat
I/Radio-JNI( 9650): register_android_hardware_Radio DONE
D/AndroidRuntime( 9650): Calling main entry com.android.commands.pm.Pm
I/art     ( 9650): System.exit called, status: 0
I/AndroidRuntime( 9650): VM exiting with result code 0.
D/AndroidRuntime( 9727): >>>>>> START com.android.internal.os.RuntimeInit uid 2000 <<<<<<
D/AndroidRuntime( 9727): CheckJNI is OFF
D/ICU     ( 9727): No timezone override file found: /data/misc/zoneinfo/current/icu/icu_tzdata.dat
I/Radio-JNI( 9727): register_android_hardware_Radio DONE
D/AndroidRuntime( 9727): Calling main entry com.android.commands.am.Am
W/ActivityManager(  924): Invalid packageName: com.careerbuilder.SugarDrone.test
D/AndroidRuntime( 9727): Shutting down VM
D/AndroidRuntime( 9753): >>>>>> START com.android.internal.os.RuntimeInit uid 2000 <<<<<<
D/AndroidRuntime( 9753): CheckJNI is OFF
D/ICU     ( 9753): No timezone override file found: /data/misc/zoneinfo/current/icu/icu_tzdata.dat
I/Radio-JNI( 9753): register_android_hardware_Radio DONE
D/AndroidRuntime( 9753): Calling main entry com.android.commands.pm.Pm
D/DefContainer( 9245): Copying /data/local/tmp/0000003223 to base.apk
I/PackageManager.DexOptimizer(  924): Running dexopt (dex2oat) on: /data/app/vmdl2067211042.tmp/base.apk pkg=com.careerbuilder.SugarDrone.test isa=arm64 vmSafeMode=false debuggable=false oatDir = /data/app/vmdl2067211042.tmp/oat bootComplete=true
I/dex2oat ( 9774): /system/bin/dex2oat -j2
W/dex2oat ( 9774): No verified method for method calling String.<init>: java.lang.String android.text.TextUtils.substring(java.lang.CharSequence, int, int)
W/dex2oat ( 9774): No verified method for method calling String.<init>: java.lang.String android.text.TextUtils.substring(java.lang.CharSequence, int, int)
W/ip      ( 9792): type=1400 audit(0.0:74): avc: denied { search } for name="net" dev="dm-2" ino=3440648 scontext=u:r:shell:s0 tcontext=u:object_r:net_data_file:s0 tclass=dir permissive=0
I/dex2oat ( 9774): Skipping compilation of void sh.calaba.org.codehaus.jackson.impl.Utf8StreamParser._skipString(): it contains a non natural loop
I/dex2oat ( 9774): dex2oat took 2.507s (threads: 2) arena alloc=2MB java alloc=2MB native alloc=9MB free=1944KB
W/PackageManager(  924): Not granting permission android.permission.ACCESS_MOCK_LOCATION to package com.careerbuilder.SugarDrone.test (protectionLevel=2 flags=0x1800be44)
V/BackupManagerService(  924): restoreAtInstall pkg=com.careerbuilder.SugarDrone.test token=6 restoreSet=0
V/BackupManagerService(  924): Finishing install immediately
W/Settings(  924): Setting install_non_market_apps has moved from android.provider.Settings.Global to android.provider.Settings.Secure, returning read-only value.
I/art     (  924): Starting a blocking GC Explicit
I/art     (  924): Explicit concurrent mark sweep GC freed 112878(7MB) AllocSpace objects, 17(380KB) LOS objects, 33% free, 30MB/45MB, paused 1.796ms total 108.725ms
I/InputReader(  924): Reconfiguring input devices.  changes=0x00000010
I/art     ( 9753): System.exit called, status: 0
I/AndroidRuntime( 9753): VM exiting with result code 0.
D/CarrierServiceBindHelper( 3544): Receive action: android.intent.action.PACKAGE_ADDED
D/CarrierServiceBindHelper( 3544): mHandler: 3
D/CarrierConfigLoader( 3544): mHandler: 9 phoneId: 0
D/Finsky  ( 9379): [1] ExternalReferrer.access$200: Package state data is missing for com.careerbuilder.SugarDrone.test
I/UpdateIcingCorporaServi( 7642): Updating corpora: APPS=com.careerbuilder.SugarDrone.test, CONTACTS=MAYBE
I/UpdateIcingCorporaServi( 7642): UpdateCorporaTask done [took 82 ms] updated apps [took 82 ms] 
D/Wear_Controller( 4275): Received broadcast action=android.intent.action.PACKAGE_ADDED and uri=com.careerbuilder.SugarDrone.test
I/PeopleContactsSync( 4275): triggerPendingContactsCleanup: no accounts
W/IcingInternalCorpora( 4275): getNumBytesRead when not calculated.
I/Icing   ( 4275): Usage reports 0 indexed 0 rejected 0 imm upload false
I/Icing   ( 4275): Usage reports 0 indexed 0 rejected 0 imm upload false
D/AndroidRuntime( 9839): >>>>>> START com.android.internal.os.RuntimeInit uid 2000 <<<<<<
D/AndroidRuntime( 9839): CheckJNI is OFF
D/ICU     ( 9839): No timezone override file found: /data/misc/zoneinfo/current/icu/icu_tzdata.dat
I/Radio-JNI( 9839): register_android_hardware_Radio DONE
D/AndroidRuntime( 9839): Calling main entry com.android.commands.settings.SettingsCmd
D/AndroidRuntime( 9839): Shutting down VM
I/Icing   ( 4275): Indexing DD3FF9FE5EFE52F3C27F3CC5AE528200DF987AFE from com.google.android.gms
I/Icing   ( 4275): Indexing done DD3FF9FE5EFE52F3C27F3CC5AE528200DF987AFE
D/AndroidRuntime( 9871): >>>>>> START com.android.internal.os.RuntimeInit uid 2000 <<<<<<
D/AndroidRuntime( 9871): CheckJNI is OFF
D/ICU     ( 9871): No timezone override file found: /data/misc/zoneinfo/current/icu/icu_tzdata.dat
I/Radio-JNI( 9871): register_android_hardware_Radio DONE
D/AndroidRuntime( 9871): Calling main entry com.android.commands.settings.SettingsCmd
D/AndroidRuntime( 9871): Shutting down VM
D/AndroidRuntime( 9894): >>>>>> START com.android.internal.os.RuntimeInit uid 2000 <<<<<<
D/AndroidRuntime( 9894): CheckJNI is OFF
D/ICU     ( 9894): No timezone override file found: /data/misc/zoneinfo/current/icu/icu_tzdata.dat
I/Radio-JNI( 9894): register_android_hardware_Radio DONE
D/AndroidRuntime( 9894): Calling main entry com.android.commands.settings.SettingsCmd
D/AndroidRuntime( 9894): Shutting down VM
D/AndroidRuntime( 9917): >>>>>> START com.android.internal.os.RuntimeInit uid 2000 <<<<<<
D/AndroidRuntime( 9917): CheckJNI is OFF
D/ICU     ( 9917): No timezone override file found: /data/misc/zoneinfo/current/icu/icu_tzdata.dat
I/Radio-JNI( 9917): register_android_hardware_Radio DONE
D/AndroidRuntime( 9917): Calling main entry com.android.commands.settings.SettingsCmd
D/AndroidRuntime( 9917): Shutting down VM
D/AndroidRuntime( 9939): >>>>>> START com.android.internal.os.RuntimeInit uid 2000 <<<<<<
D/AndroidRuntime( 9939): CheckJNI is OFF
D/ICU     ( 9939): No timezone override file found: /data/misc/zoneinfo/current/icu/icu_tzdata.dat
I/Radio-JNI( 9939): register_android_hardware_Radio DONE
D/AndroidRuntime( 9939): Calling main entry com.android.commands.settings.SettingsCmd
D/AndroidRuntime( 9939): Shutting down VM
D/AndroidRuntime( 9961): >>>>>> START com.android.internal.os.RuntimeInit uid 2000 <<<<<<
D/AndroidRuntime( 9961): CheckJNI is OFF
D/ICU     ( 9961): No timezone override file found: /data/misc/zoneinfo/current/icu/icu_tzdata.dat
I/Radio-JNI( 9961): register_android_hardware_Radio DONE
D/AndroidRuntime( 9961): Calling main entry com.android.commands.appops.AppOpsCommand
D/AndroidRuntime( 9961): Shutting down VM
D/AndroidRuntime( 9985): >>>>>> START com.android.internal.os.RuntimeInit uid 2000 <<<<<<
D/AndroidRuntime( 9985): CheckJNI is OFF
D/ICU     ( 9985): No timezone override file found: /data/misc/zoneinfo/current/icu/icu_tzdata.dat
I/Radio-JNI( 9985): register_android_hardware_Radio DONE
D/AndroidRuntime( 9985): Calling main entry com.android.commands.pm.Pm
I/art     ( 9985): System.exit called, status: 0
I/AndroidRuntime( 9985): VM exiting with result code 0.
D/AndroidRuntime(10030): >>>>>> START com.android.internal.os.RuntimeInit uid 2000 <<<<<<
D/AndroidRuntime(10030): CheckJNI is OFF
D/ICU     (10030): No timezone override file found: /data/misc/zoneinfo/current/icu/icu_tzdata.dat
I/Radio-JNI(10030): register_android_hardware_Radio DONE
D/AndroidRuntime(10030): Calling main entry com.android.commands.pm.Pm
I/art     (10030): System.exit called, status: 0
I/AndroidRuntime(10030): VM exiting with result code 0.
I/ServiceManager(  538): Waiting for service AtCmdFwd...
I/ServiceManager(  538): Waiting for service AtCmdFwd...
I/ServiceManager(  538): Waiting for service AtCmdFwd...
D/NetlinkSocketObserver(  924): NeighborEvent{elapsedMs=303180, 10.22.0.1, [B0FAEB975089], RTM_NEWNEIGH, NUD_STALE}
D/WifiStateMachine(  924): starting scan for "xtc-ag"WPA_PSK with 5240,5180,5220,5200
D/AndroidRuntime(10094): >>>>>> START com.android.internal.os.RuntimeInit uid 2000 <<<<<<
D/AndroidRuntime(10094): CheckJNI is OFF
D/ICU     (10094): No timezone override file found: /data/misc/zoneinfo/current/icu/icu_tzdata.dat
I/Radio-JNI(10094): register_android_hardware_Radio DONE
D/AndroidRuntime(10094): Calling main entry com.android.commands.input.Input
I/Input   (10094): injectKeyEvent: KeyEvent { action=ACTION_DOWN, keyCode=KEYCODE_BACK, scanCode=0, metaState=0, flags=0x0, repeatCount=0, eventTime=303617, downTime=303617, deviceId=-1, source=0x101 }
I/Input   (10094): injectKeyEvent: KeyEvent { action=ACTION_UP, keyCode=KEYCODE_BACK, scanCode=0, metaState=0, flags=0x0, repeatCount=0, eventTime=303617, downTime=303617, deviceId=-1, source=0x101 }
D/EmojiAltPhysicalKeyDetector( 3362): onKeyUp() : KeyEvent { action=ACTION_UP, keyCode=KEYCODE_BACK, scanCode=0, metaState=0, flags=0x0, repeatCount=0, eventTime=303617, downTime=303617, deviceId=-1, source=0x101 }
D/EmojiAltPhysicalKeyDetector( 3362): onKeyUp() : Disabled
D/AndroidRuntime(10094): Shutting down VM
I/ServiceManager(  538): Waiting for service AtCmdFwd...
I/ServiceManager(  538): Waiting for service AtCmdFwd...
D/AndroidRuntime(10147): >>>>>> START com.android.internal.os.RuntimeInit uid 2000 <<<<<<
D/AndroidRuntime(10147): CheckJNI is OFF
D/ICU     (10147): No timezone override file found: /data/misc/zoneinfo/current/icu/icu_tzdata.dat
I/Radio-JNI(10147): register_android_hardware_Radio DONE
D/AndroidRuntime(10147): Calling main entry com.android.commands.input.Input
I/Input   (10147): injectKeyEvent: KeyEvent { action=ACTION_DOWN, keyCode=KEYCODE_HOME, scanCode=0, metaState=0, flags=0x0, repeatCount=0, eventTime=305602, downTime=305602, deviceId=-1, source=0x101 }
I/Input   (10147): injectKeyEvent: KeyEvent { action=ACTION_UP, keyCode=KEYCODE_HOME, scanCode=0, metaState=0, flags=0x0, repeatCount=0, eventTime=305602, downTime=305602, deviceId=-1, source=0x101 }
I/ActivityManager(  924): START u0 {act=android.intent.action.MAIN cat=[android.intent.category.HOME] flg=0x10200000 cmp=com.google.android.googlequicksearchbox/com.google.android.launcher.GEL (has extras)} from uid 1000 on display 0
D/AndroidRuntime(10147): Shutting down VM
I/GEL     ( 3572): handleIntent(Intent { act=android.intent.action.MAIN cat=[android.intent.category.HOME] flg=0x10200000 cmp=com.google.android.googlequicksearchbox/com.google.android.launcher.GEL (has extras) })
W/Atfwd_Sendcmd(  538): AtCmdFwd service not published, waiting... retryCnt : 5
I/hubconnection(  924): sensorhub said: 'flush 14'
I/hubconnection(  924): saw sensor 14 flushed
D/Finsky  ( 9379): [400] AppStatesReplicator.handleContentSyncResponse: Completed 0 account content syncs with 0 successful.
D/Finsky  ( 9379): [1] ContentSyncService$5.onFinished: Installation state replication succeeded.
D/AndroidRuntime(10181): >>>>>> START com.android.internal.os.RuntimeInit uid 2000 <<<<<<
D/AndroidRuntime(10181): CheckJNI is OFF
D/ICU     (10181): No timezone override file found: /data/misc/zoneinfo/current/icu/icu_tzdata.dat
I/Radio-JNI(10181): register_android_hardware_Radio DONE
D/AndroidRuntime(10181): Calling main entry com.android.commands.input.Input
I/Input   (10181): injectKeyEvent: KeyEvent { action=ACTION_DOWN, keyCode=KEYCODE_BACK, scanCode=0, metaState=0, flags=0x0, repeatCount=0, eventTime=307145, downTime=307145, deviceId=-1, source=0x101 }
I/Input   (10181): injectKeyEvent: KeyEvent { action=ACTION_UP, keyCode=KEYCODE_BACK, scanCode=0, metaState=0, flags=0x0, repeatCount=0, eventTime=307145, downTime=307145, deviceId=-1, source=0x101 }
D/EmojiAltPhysicalKeyDetector( 3362): onKeyUp() : KeyEvent { action=ACTION_UP, keyCode=KEYCODE_BACK, scanCode=0, metaState=0, flags=0x0, repeatCount=0, eventTime=307145, downTime=307145, deviceId=-1, source=0x101 }
D/EmojiAltPhysicalKeyDetector( 3362): onKeyUp() : Disabled
D/AndroidRuntime(10181): Shutting down VM
D/AndroidRuntime(10211): >>>>>> START com.android.internal.os.RuntimeInit uid 2000 <<<<<<
D/AndroidRuntime(10211): CheckJNI is OFF
D/ICU     (10211): No timezone override file found: /data/misc/zoneinfo/current/icu/icu_tzdata.dat
I/Radio-JNI(10211): register_android_hardware_Radio DONE
D/AndroidRuntime(10211): Calling main entry com.android.commands.am.Am
I/ActivityManager(  924): Force stopping com.careerbuilder.SugarDrone appid=14678 user=0: start instr
I/ActivityManager(  924): Start proc 10233:com.careerbuilder.SugarDrone/u0a4678 for added application com.careerbuilder.SugarDrone
I/art     (10233): Late-enabling -Xcheck:jni
E/dex2oat (10246): Failed to create oat file: /data/dalvik-cache/arm/data@app@com.careerbuilder.SugarDrone.test-1@base.apk@classes.dex: Permission denied
I/dex2oat (10246): dex2oat took 613.594us (threads: 2) 
W/art     (10233): Failed execv(/system/bin/dex2oat --runtime-arg -classpath --runtime-arg  --instruction-set=arm --instruction-set-features=smp,div,-atomic_ldrd_strd --runtime-arg -Xrelocate --boot-image=/system/framework/boot.art --runtime-arg -Xms64m --runtime-arg -Xmx512m -j2 --instruction-set-variant=cortex-a7 --instruction-set-features=default --dex-file=/data/app/com.careerbuilder.SugarDrone.test-1/base.apk --oat-file=/data/dalvik-cache/arm/data@app@com.careerbuilder.SugarDrone.test-1@base.apk@classes.dex) because non-0 exit status
W/System  (10233): ClassLoader referenced unknown path: /data/app/com.careerbuilder.SugarDrone.test-1/lib/arm64
W/monodroid(10233): Using override path: /data/user/0/com.careerbuilder.SugarDrone/files/.__override__
W/monodroid(10233): Trying to load sgen from: /data/user/0/com.careerbuilder.SugarDrone/files/.__override__/libmonosgen-2.0.so
W/monodroid(10233): Trying to load sgen from: /storage/emulated/0/Android/data/com.careerbuilder.SugarDrone/files/.__override__/libmonosgen-2.0.so
W/monodroid(10233): Trying to load sgen from: /data/app/com.careerbuilder.SugarDrone-1/lib/arm/libmonosgen-2.0.so
D/Mono    (10233): Image addref mscorlib[0xeb8ed020] -> mscorlib.dll[0xed07a900]: 2
D/Mono    (10233): Prepared to set up assembly 'mscorlib' (mscorlib.dll)
D/Mono    (10233): AOT module 'mscorlib.dll.so' not found: dlopen failed: library "/data/app/com.careerbuilder.SugarDrone-1/lib/arm/libaot-mscorlib.dll.so" not found
D/Mono    (10233): AOT module '/Users/builder/data/lanes/4009/3a62f1ea/source/monodroid/builds/install/mono-armv6/lib/mono/aot-cache/arm/mscorlib.dll.so' not found: dlopen failed: library "/data/app/com.careerbuilder.SugarDrone-1/lib/arm/libaot-mscorlib.dll.so" not found
D/Mono    (10233): Config attempting to parse: 'mscorlib.dll.config'.
D/Mono    (10233): Config attempting to parse: '/Users/builder/data/lanes/4009/3a62f1ea/source/monodroid/builds/install/mono-armv6/etc/mono/assemblies/mscorlib/mscorlib.config'.
D/Mono    (10233): Assembly mscorlib[0xeb8ed020] added to domain RootDomain, ref_count=1
D/Mono    (10233): Image addref CareerBuilder_Search.Droid[0xeb8ed080] -> CareerBuilder_Search.Droid.dll[0xed07cc00]: 2
D/Mono    (10233): Prepared to set up assembly 'CareerBuilder_Search.Droid' (CareerBuilder_Search.Droid.dll)
D/Mono    (10233): Assembly CareerBuilder_Search.Droid[0xeb8ed080] added to domain RootDomain, ref_count=1
D/Mono    (10233): AOT module 'CareerBuilder_Search.Droid.dll.so' not found: dlopen failed: library "/data/app/com.careerbuilder.SugarDrone-1/lib/arm/libaot-CareerBuilder_Search.Droid.dll.so" not found
D/Mono    (10233): AOT module '/Users/builder/data/lanes/4009/3a62f1ea/source/monodroid/builds/install/mono-armv6/lib/mono/aot-cache/arm/CareerBuilder_Search.Droid.dll.so' not found: dlopen failed: library "/data/app/com.careerbuilder.SugarDrone-1/lib/arm/libaot-CareerBuilder_Search.Droid.dll.so" not found
D/Mono    (10233): Config attempting to parse: 'CareerBuilder_Search.Droid.dll.config'.
D/Mono    (10233): Config attempting to parse: '/Users/builder/data/lanes/4009/3a62f1ea/source/monodroid/builds/install/mono-armv6/etc/mono/assemblies/CareerBuilder_Search.Droid/CareerBuilder_Search.Droid.config'.
D/Mono    (10233): Image addref AppsFlyerXamarinBindingAndroid[0xeb8ed0e0] -> AppsFlyerXamarinBindingAndroid.dll[0xed07d100]: 2
D/Mono    (10233): Prepared to set up assembly 'AppsFlyerXamarinBindingAndroid' (AppsFlyerXamarinBindingAndroid.dll)
D/Mono    (10233): Assembly AppsFlyerXamarinBindingAndroid[0xeb8ed0e0] added to domain RootDomain, ref_count=1
D/Mono    (10233): AOT module 'AppsFlyerXamarinBindingAndroid.dll.so' not found: dlopen failed: library "/data/app/com.careerbuilder.SugarDrone-1/lib/arm/libaot-AppsFlyerXamarinBindingAndroid.dll.so" not found
D/Mono    (10233): AOT module '/Users/builder/data/lanes/4009/3a62f1ea/source/monodroid/builds/install/mono-armv6/lib/mono/aot-cache/arm/AppsFlyerXamarinBindingAndroid.dll.so' not found: dlopen failed: library "/data/app/com.careerbuilder.SugarDrone-1/lib/arm/libaot-AppsFlyerXamarinBindingAndroid.dll.so" not found
D/Mono    (10233): Config attempting to parse: 'AppsFlyerXamarinBindingAndroid.dll.config'.
D/Mono    (10233): Config attempting to parse: '/Users/builder/data/lanes/4009/3a62f1ea/source/monodroid/builds/install/mono-armv6/etc/mono/assemblies/AppsFlyerXamarinBindingAndroid/AppsFlyerXamarinBindingAndroid.config'.
D/Mono    (10233): Image addref HockeySDK[0xeb8ed140] -> HockeySDK.dll[0xed07d600]: 2
D/Mono    (10233): Prepared to set up assembly 'HockeySDK' (HockeySDK.dll)
D/Mono    (10233): Assembly HockeySDK[0xeb8ed140] added to domain RootDomain, ref_count=1
D/Mono    (10233): AOT module 'HockeySDK.dll.so' not found: dlopen failed: library "/data/app/com.careerbuilder.SugarDrone-1/lib/arm/libaot-HockeySDK.dll.so" not found
D/Mono    (10233): AOT module '/Users/builder/data/lanes/4009/3a62f1ea/source/monodroid/builds/install/mono-armv6/lib/mono/aot-cache/arm/HockeySDK.dll.so' not found: dlopen failed: library "/data/app/com.careerbuilder.SugarDrone-1/lib/arm/libaot-HockeySDK.dll.so" not found
D/Mono    (10233): Config attempting to parse: 'HockeySDK.dll.config'.
D/Mono    (10233): Config attempting to parse: '/Users/builder/data/lanes/4009/3a62f1ea/source/monodroid/builds/install/mono-armv6/etc/mono/assemblies/HockeySDK/HockeySDK.config'.
D/Mono    (10233): Image addref Akavache[0xeb8ed1a0] -> Akavache.dll[0xf51b7900]: 2
D/Mono    (10233): Prepared to set up assembly 'Akavache' (Akavache.dll)
D/Mono    (10233): Assembly Akavache[0xeb8ed1a0] added to domain RootDomain, ref_count=1
D/Mono    (10233): AOT module 'Akavache.dll.so' not found: dlopen failed: library "/data/app/com.careerbuilder.SugarDrone-1/lib/arm/libaot-Akavache.dll.so" not found
D/Mono    (10233): AOT module '/Users/builder/data/lanes/4009/3a62f1ea/source/monodroid/builds/install/mono-armv6/lib/mono/aot-cache/arm/Akavache.dll.so' not found: dlopen failed: library "/data/app/com.careerbuilder.SugarDrone-1/lib/arm/libaot-Akavache.dll.so" not found
D/Mono    (10233): Config attempting to parse: 'Akavache.dll.config'.
D/Mono    (10233): Config attempting to parse: '/Users/builder/data/lanes/4009/3a62f1ea/source/monodroid/builds/install/mono-armv6/etc/mono/assemblies/Akavache/Akavache.config'.
D/Mono    (10233): Image addref Akavache.Sqlite3[0xeb8ed200] -> Akavache.Sqlite3.dll[0xeab1f000]: 2
D/Mono    (10233): Prepared to set up assembly 'Akavache.Sqlite3' (Akavache.Sqlite3.dll)
D/Mono    (10233): Assembly Akavache.Sqlite3[0xeb8ed200] added to domain RootDomain, ref_count=1
D/Mono    (10233): AOT module 'Akavache.Sqlite3.dll.so' not found: dlopen failed: library "/data/app/com.careerbuilder.SugarDrone-1/lib/arm/libaot-Akavache.Sqlite3.dll.so" not found
D/Mono    (10233): AOT module '/Users/builder/data/lanes/4009/3a62f1ea/source/monodroid/builds/install/mono-armv6/lib/mono/aot-cache/arm/Akavache.Sqlite3.dll.so' not found: dlopen failed: library "/data/app/com.careerbuilder.SugarDrone-1/lib/arm/libaot-Akavache.Sqlite3.dll.so" not found
W/        (10233): Symbol file LoadedFromMemory doesn't match image Akavache.Sqlite3.dll
D/Mono    (10233): Config attempting to parse: 'Akavache.Sqlite3.dll.config'.
D/Mono    (10233): Config attempting to parse: '/Users/builder/data/lanes/4009/3a62f1ea/source/monodroid/builds/install/mono-armv6/etc/mono/assemblies/Akavache.Sqlite3/Akavache.Sqlite3.config'.
D/Mono    (10233): Image addref Splat[0xeb8ed3e0] -> Splat.dll[0xeab1f500]: 2
D/Mono    (10233): Prepared to set up assembly 'Splat' (Splat.dll)
D/Mono    (10233): Assembly Splat[0xeb8ed3e0] added to domain RootDomain, ref_count=1
D/Mono    (10233): AOT module 'Splat.dll.so' not found: dlopen failed: library "/data/app/com.careerbuilder.SugarDrone-1/lib/arm/libaot-Splat.dll.so" not found
D/Mono    (10233): AOT module '/Users/builder/data/lanes/4009/3a62f1ea/source/monodroid/builds/install/mono-armv6/lib/mono/aot-cache/arm/Splat.dll.so' not found: dlopen failed: library "/data/app/com.careerbuilder.SugarDrone-1/lib/arm/libaot-Splat.dll.so" not found
D/Mono    (10233): Config attempting to parse: 'Splat.dll.config'.
D/Mono    (10233): Config attempting to parse: '/Users/builder/data/lanes/4009/3a62f1ea/source/monodroid/builds/install/mono-armv6/etc/mono/assemblies/Splat/Splat.config'.
D/Mono    (10233): Image addref Microsoft.Practices.ServiceLocation[0xeb8ed440] -> Microsoft.Practices.ServiceLocation.dll[0xeab1fa00]: 2
D/Mono    (10233): Prepared to set up assembly 'Microsoft.Practices.ServiceLocation' (Microsoft.Practices.ServiceLocation.dll)
D/Mono    (10233): Assembly Microsoft.Practices.ServiceLocation[0xeb8ed440] added to domain RootDomain, ref_count=1
D/Mono    (10233): AOT module 'Microsoft.Practices.ServiceLocation.dll.so' not found: dlopen failed: library "/data/app/com.careerbuilder.SugarDrone-1/lib/arm/libaot-Microsoft.Practices.ServiceLocation.dll.so" not found
D/Mono    (10233): AOT module '/Users/builder/data/lanes/4009/3a62f1ea/source/monodroid/builds/install/mono-armv6/lib/mono/aot-cache/arm/Microsoft.Practices.ServiceLocation.dll.so' not found: dlopen failed: library "/data/app/com.careerbuilder.SugarDrone-1/lib/arm/libaot-Microsoft.Practices.ServiceLocation.dll.so" not found
D/Mono    (10233): Config attempting to parse: 'Microsoft.Practices.ServiceLocation.dll.config'.
D/Mono    (10233): Config attempting to parse: '/Users/builder/data/lanes/4009/3a62f1ea/source/monodroid/builds/install/mono-armv6/etc/mono/assemblies/Microsoft.Practices.ServiceLocation/Microsoft.Practices.ServiceLocation.config'.
D/Mono    (10233): Image addref Microsoft.Practices.Unity[0xeb8ed4a0] -> Microsoft.Practices.Unity.dll[0xeab1ff00]: 2
D/Mono    (10233): Prepared to set up assembly 'Microsoft.Practices.Unity' (Microsoft.Practices.Unity.dll)
D/Mono    (10233): Assembly Microsoft.Practices.Unity[0xeb8ed4a0] added to domain RootDomain, ref_count=1
D/Mono    (10233): AOT module 'Microsoft.Practices.Unity.dll.so' not found: dlopen failed: library "/data/app/com.careerbuilder.SugarDrone-1/lib/arm/libaot-Microsoft.Practices.Unity.dll.so" not found
D/Mono    (10233): AOT module '/Users/builder/data/lanes/4009/3a62f1ea/source/monodroid/builds/install/mono-armv6/lib/mono/aot-cache/arm/Microsoft.Practices.Unity.dll.so' not found: dlopen failed: library "/data/app/com.careerbuilder.SugarDrone-1/lib/arm/libaot-Microsoft.Practices.Unity.dll.so" not found
D/Mono    (10233): Config attempting to parse: 'Microsoft.Practices.Unity.dll.config'.
D/Mono    (10233): Config attempting to parse: '/Users/builder/data/lanes/4009/3a62f1ea/source/monodroid/builds/install/mono-armv6/etc/mono/assemblies/Microsoft.Practices.Unity/Microsoft.Practices.Unity.config'.
D/Mono    (10233): Image addref Plugin.CurrentActivity[0xeb8ed500] -> Plugin.CurrentActivity.dll[0xeab20400]: 2
D/Mono    (10233): Prepared to set up assembly 'Plugin.CurrentActivity' (Plugin.CurrentActivity.dll)
D/Mono    (10233): Assembly Plugin.CurrentActivity[0xeb8ed500] added to domain RootDomain, ref_count=1
D/Mono    (10233): AOT module 'Plugin.CurrentActivity.dll.so' not found: dlopen failed: library "/data/app/com.careerbuilder.SugarDrone-1/lib/arm/libaot-Plugin.CurrentActivity.dll.so" not found
D/Mono    (10233): AOT module '/Users/builder/data/lanes/4009/3a62f1ea/source/monodroid/builds/install/mono-armv6/lib/mono/aot-cache/arm/Plugin.CurrentActivity.dll.so' not found: dlopen failed: library "/data/app/com.careerbuilder.SugarDrone-1/lib/arm/libaot-Plugin.CurrentActivity.dll.so" not found
D/Mono    (10233): Config attempting to parse: 'Plugin.CurrentActivity.dll.config'.
D/Mono    (10233): Config attempting to parse: '/Users/builder/data/lanes/4009/3a62f1ea/source/monodroid/builds/install/mono-armv6/etc/mono/assemblies/Plugin.CurrentActivity/Plugin.CurrentActivity.config'.
D/Mono    (10233): Image addref Plugin.Permissions[0xeb8ed560] -> Plugin.Permissions.dll[0xeab20900]: 2
D/Mono    (10233): Prepared to set up assembly 'Plugin.Permissions' (Plugin.Permissions.dll)
D/Mono    (10233): Assembly Plugin.Permissions[0xeb8ed560] added to domain RootDomain, ref_count=1
D/Mono    (10233): AOT module 'Plugin.Permissions.dll.so' not found: dlopen failed: library "/data/app/com.careerbuilder.SugarDrone-1/lib/arm/libaot-Plugin.Permissions.dll.so" not found
D/Mono    (10233): AOT module '/Users/builder/data/lanes/4009/3a62f1ea/source/monodroid/builds/install/mono-armv6/lib/mono/aot-cache/arm/Plugin.Permissions.dll.so' not found: dlopen failed: library "/data/app/com.careerbuilder.SugarDrone-1/lib/arm/libaot-Plugin.Permissions.dll.so" not found
D/Mono    (10233): Config attempting to parse: 'Plugin.Permissions.dll.config'.
D/Mono    (10233): Config attempting to parse: '/Users/builder/data/lanes/4009/3a62f1ea/source/monodroid/builds/install/mono-armv6/etc/mono/assemblies/Plugin.Permissions/Plugin.Permissions.config'.
D/Mono    (10233): Image addref Plugin.Permissions.Abstractions[0xeb8ed5c0] -> Plugin.Permissions.Abstractions.dll[0xeab20e00]: 2
D/Mono    (10233): Prepared to set up assembly 'Plugin.Permissions.Abstractions' (Plugin.Permissions.Abstractions.dll)
D/Mono    (10233): Assembly Plugin.Permissions.Abstractions[0xeb8ed5c0] added to domain RootDomain, ref_count=1
D/Mono    (10233): AOT module 'Plugin.Permissions.Abstractions.dll.so' not found: dlopen failed: library "/data/app/com.careerbuilder.SugarDrone-1/lib/arm/libaot-Plugin.Permissions.Abstractions.dll.so" not found
D/Mono    (10233): AOT module '/Users/builder/data/lanes/4009/3a62f1ea/source/monodroid/builds/install/mono-armv6/lib/mono/aot-cache/arm/Plugin.Permissions.Abstractions.dll.so' not found: dlopen failed: library "/data/app/com.careerbuilder.SugarDrone-1/lib/arm/libaot-Plugin.Permissions.Abstractions.dll.so" not found
D/Mono    (10233): Config attempting to parse: 'Plugin.Permissions.Abstractions.dll.config'.
D/Mono    (10233): Config attempting to parse: '/Users/builder/data/lanes/4009/3a62f1ea/source/monodroid/builds/install/mono-armv6/etc/mono/assemblies/Plugin.Permissions.Abstractions/Plugin.Permissions.Abstractions.config'.
D/Mono    (10233): Image addref Plugin.Geolocator[0xeb8ed620] -> Plugin.Geolocator.dll[0xeab21300]: 2
D/Mono    (10233): Prepared to set up assembly 'Plugin.Geolocator' (Plugin.Geolocator.dll)
D/Mono    (10233): Assembly Plugin.Geolocator[0xeb8ed620] added to domain RootDomain, ref_count=1
D/Mono    (10233): AOT module 'Plugin.Geolocator.dll.so' not found: dlopen failed: library "/data/app/com.careerbuilder.SugarDrone-1/lib/arm/libaot-Plugin.Geolocator.dll.so" not found
D/Mono    (10233): AOT module '/Users/builder/data/lanes/4009/3a62f1ea/source/monodroid/builds/install/mono-armv6/lib/mono/aot-cache/arm/Plugin.Geolocator.dll.so' not found: dlopen failed: library "/data/app/com.careerbuilder.SugarDrone-1/lib/arm/libaot-Plugin.Geolocator.dll.so" not found
D/Mono    (10233): Config attempting to parse: 'Plugin.Geolocator.dll.config'.
D/Mono    (10233): Config attempting to parse: '/Users/builder/data/lanes/4009/3a62f1ea/source/monodroid/builds/install/mono-armv6/etc/mono/assemblies/Plugin.Geolocator/Plugin.Geolocator.config'.
D/Mono    (10233): Image addref Plugin.Geolocator.Abstractions[0xeb8ed680] -> Plugin.Geolocator.Abstractions.dll[0xeab21800]: 2
D/Mono    (10233): Prepared to set up assembly 'Plugin.Geolocator.Abstractions' (Plugin.Geolocator.Abstractions.dll)
D/Mono    (10233): Assembly Plugin.Geolocator.Abstractions[0xeb8ed680] added to domain RootDomain, ref_count=1
D/Mono    (10233): AOT module 'Plugin.Geolocator.Abstractions.dll.so' not found: dlopen failed: library "/data/app/com.careerbuilder.SugarDrone-1/lib/arm/libaot-Plugin.Geolocator.Abstractions.dll.so" not found
D/Mono    (10233): AOT module '/Users/builder/data/lanes/4009/3a62f1ea/source/monodroid/builds/install/mono-armv6/lib/mono/aot-cache/arm/Plugin.Geolocator.Abstractions.dll.so' not found: dlopen failed: library "/data/app/com.careerbuilder.SugarDrone-1/lib/arm/libaot-Plugin.Geolocator.Abstractions.dll.so" not found
D/Mono    (10233): Config attempting to parse: 'Plugin.Geolocator.Abstractions.dll.config'.
D/Mono    (10233): Config attempting to parse: '/Users/builder/data/lanes/4009/3a62f1ea/source/monodroid/builds/install/mono-armv6/etc/mono/assemblies/Plugin.Geolocator.Abstractions/Plugin.Geolocator.Abstractions.config'.
D/Mono    (10233): Image addref Plugin.DeviceInfo[0xeb8ed6e0] -> Plugin.DeviceInfo.dll[0xeab21d00]: 2
D/Mono    (10233): Prepared to set up assembly 'Plugin.DeviceInfo' (Plugin.DeviceInfo.dll)
D/Mono    (10233): Assembly Plugin.DeviceInfo[0xeb8ed6e0] added to domain RootDomain, ref_count=1
D/Mono    (10233): AOT module 'Plugin.DeviceInfo.dll.so' not found: dlopen failed: library "/data/app/com.careerbuilder.SugarDrone-1/lib/arm/libaot-Plugin.DeviceInfo.dll.so" not found
D/Mono    (10233): AOT module '/Users/builder/data/lanes/4009/3a62f1ea/source/monodroid/builds/install/mono-armv6/lib/mono/aot-cache/arm/Plugin.DeviceInfo.dll.so' not found: dlopen failed: library "/data/app/com.careerbuilder.SugarDrone-1/lib/arm/libaot-Plugin.DeviceInfo.dll.so" not found
D/Mono    (10233): Config attempting to parse: 'Plugin.DeviceInfo.dll.config'.
D/Mono    (10233): Config attempting to parse: '/Users/builder/data/lanes/4009/3a62f1ea/source/monodroid/builds/install/mono-armv6/etc/mono/assemblies/Plugin.DeviceInfo/Plugin.DeviceInfo.config'.
D/Mono    (10233): Image addref Plugin.DeviceInfo.Abstractions[0xeb8ed740] -> Plugin.DeviceInfo.Abstractions.dll[0xeab22200]: 2
D/Mono    (10233): Prepared to set up assembly 'Plugin.DeviceInfo.Abstractions' (Plugin.DeviceInfo.Abstractions.dll)
D/Mono    (10233): Assembly Plugin.DeviceInfo.Abstractions[0xeb8ed740] added to domain RootDomain, ref_count=1
D/Mono    (10233): AOT module 'Plugin.DeviceInfo.Abstractions.dll.so' not found: dlopen failed: library "/data/app/com.careerbuilder.SugarDrone-1/lib/arm/libaot-Plugin.DeviceInfo.Abstractions.dll.so" not found
D/Mono    (10233): AOT module '/Users/builder/data/lanes/4009/3a62f1ea/source/monodroid/builds/install/mono-armv6/lib/mono/aot-cache/arm/Plugin.DeviceInfo.Abstractions.dll.so' not found: dlopen failed: library "/data/app/com.careerbuilder.SugarDrone-1/lib/arm/libaot-Plugin.DeviceInfo.Abstractions.dll.so" not found
D/Mono    (10233): Config attempting to parse: 'Plugin.DeviceInfo.Abstractions.dll.config'.
D/Mono    (10233): Config attempting to parse: '/Users/builder/data/lanes/4009/3a62f1ea/source/monodroid/builds/install/mono-armv6/etc/mono/assemblies/Plugin.DeviceInfo.Abstractions/Plugin.DeviceInfo.Abstractions.config'.
D/Mono    (10233): Image addref Xamarin.GooglePlayServices.Analytics[0xeb8ed7a0] -> Xamarin.GooglePlayServices.Analytics.dll[0xeab22700]: 2
D/Mono    (10233): Prepared to set up assembly 'Xamarin.GooglePlayServices.Analytics' (Xamarin.GooglePlayServices.Analytics.dll)
D/Mono    (10233): Assembly Xamarin.GooglePlayServices.Analytics[0xeb8ed7a0] added to domain RootDomain, ref_count=1
D/Mono    (10233): AOT module 'Xamarin.GooglePlayServices.Analytics.dll.so' not found: dlopen failed: library "/data/app/com.careerbuilder.SugarDrone-1/lib/arm/libaot-Xamarin.GooglePlayServices.Analytics.dll.so" not found
D/Mono    (10233): AOT module '/Users/builder/data/lanes/4009/3a62f1ea/source/monodroid/builds/install/mono-armv6/lib/mono/aot-cache/arm/Xamarin.GooglePlayServices.Analytics.dll.so' not found: dlopen failed: library "/data/app/com.careerbuilder.SugarDrone-1/lib/arm/libaot-Xamarin.GooglePlayServices.Analytics.dll.so" not found
D/Mono    (10233): Config attempting to parse: 'Xamarin.GooglePlayServices.Analytics.dll.config'.
D/Mono    (10233): Config attempting to parse: '/Users/builder/data/lanes/4009/3a62f1ea/source/monodroid/builds/install/mono-armv6/etc/mono/assemblies/Xamarin.GooglePlayServices.Analytics/Xamarin.GooglePlayServices.Analytics.config'.
