W/ResourceType(10048): No known package when getting name for resource number 0xffffffff
W/ResourceType(10048): No known package when getting name for resource number 0xffffffff
W/ResourceType(10048): No known package when getting name for resource number 0xffffffff
W/ResourceType(10048): No known package when getting name for resource number 0xffffffff
W/ResourceType(10048): No known package when getting name for resource number 0xffffffff
W/ResourceType(10048): No known package when getting name for resource number 0xffffffff
W/ResourceType(10048): No known package when getting name for resource number 0xffffffff
W/ResourceType(10048): No known package when getting name for resource number 0xffffffff
W/ResourceType(10048): No known package when getting name for resource number 0xffffffff
W/ResourceType(10048): No known package when getting name for resource number 0xffffffff
W/ResourceType(10048): No known package when getting name for resource number 0xffffffff
W/ResourceType(10048): No known package when getting name for resource number 0xffffffff
W/ResourceType(10048): No known package when getting name for resource number 0xffffffff
W/ResourceType(10048): No known package when getting name for resource number 0xffffffff
W/ResourceType(10048): No known package when getting name for resource number 0xffffffff
W/ResourceType(10048): No known package when getting name for resource number 0xffffffff
W/ResourceType(10048): No known package when getting name for resource number 0xffffffff
W/ResourceType(10048): No known package when getting name for resource number 0xffffffff
W/ResourceType(10048): No known package when getting name for resource number 0xffffffff
W/ResourceType(10048): No known package when getting name for resource number 0xffffffff
W/ResourceType(10048): No known package when getting name for resource number 0xffffffff
W/ResourceType(10048): No known package when getting name for resource number 0xffffffff
W/ResourceType(10048): No known package when getting name for resource number 0xffffffff
W/ResourceType(10048): No known package when getting name for resource number 0xffffffff
W/ResourceType(10048): No known package when getting name for resource number 0xffffffff
W/ResourceType(10048): No known package when getting name for resource number 0xffffffff
W/ResourceType(10048): No known package when getting name for resource number 0xffffffff
W/ResourceType(10048): No known package when getting name for resource number 0xffffffff
W/ResourceType(10048): No known package when getting name for resource number 0xffffffff
W/ResourceType(10048): No known package when getting name for resource number 0xffffffff
W/ResourceType(10048): No known package when getting name for resource number 0xffffffff
W/ResourceType(10048): No known package when getting name for resource number 0xffffffff
W/ResourceType(10048): No known package when getting name for resource number 0xffffffff
W/ResourceType(10048): No known package when getting name for resource number 0xffffffff
W/ResourceType(10048): No known package when getting name for resource number 0xffffffff
W/ResourceType(10048): No known package when getting name for resource number 0xffffffff
W/ResourceType(10048): No known package when getting name for resource number 0xffffffff
W/ResourceType(10048): No known package when getting name for resource number 0xffffffff
W/ResourceType(10048): No known package when getting name for resource number 0xffffffff
W/ResourceType(10048): No known package when getting name for resource number 0xffffffff
W/ResourceType(10048): No known package when getting name for resource number 0xffffffff
W/ResourceType(10048): No known package when getting name for resource number 0xffffffff
W/ResourceType(10048): No known package when getting name for resource number 0xffffffff
W/ResourceType(10048): No known package when getting name for resource number 0xffffffff
W/ResourceType(10048): No known package when getting name for resource number 0xffffffff
W/ResourceType(10048): No known package when getting name for resource number 0xffffffff
W/ResourceType(10048): No known package when getting name for resource number 0xffffffff
W/ResourceType(10048): No known package when getting name for resource number 0xffffffff
W/ResourceType(10048): No known package when getting name for resource number 0xffffffff
W/ResourceType(10048): No known package when getting name for resource number 0xffffffff
W/ResourceType(10048): No known package when getting name for resource number 0xffffffff
W/ResourceType(10048): No known package when getting name for resource number 0xffffffff
W/ResourceType(10048): No known package when getting name for resource number 0xffffffff
I/System.out(10048): URI: /map
I/System.out(10048): params: {json={"query":"* marked:'mapButton'","operation":{"method_name":"query","arguments":[]}}
I/System.out(10048): }
W/ResourceType(10048): No known package when getting name for resource number 0xffffffff
W/ResourceType(10048): No known package when getting name for resource number 0xffffffff
W/ResourceType(10048): No known package when getting name for resource number 0xffffffff
W/ResourceType(10048): No known package when getting name for resource number 0xffffffff
W/ResourceType(10048): No known package when getting name for resource number 0xffffffff
W/ResourceType(10048): No known package when getting name for resource number 0xffffffff
W/ResourceType(10048): No known package when getting name for resource number 0xffffffff
W/ResourceType(10048): No known package when getting name for resource number 0xffffffff
W/ResourceType(10048): No known package when getting name for resource number 0xffffffff
W/ResourceType(10048): No known package when getting name for resource number 0xffffffff
W/ResourceType(10048): No known package when getting name for resource number 0xffffffff
W/ResourceType(10048): No known package when getting name for resource number 0xffffffff
W/ResourceType(10048): No known package when getting name for resource number 0xffffffff
W/ResourceType(10048): No known package when getting name for resource number 0xffffffff
W/ResourceType(10048): No known package when getting name for resource number 0xffffffff
W/ResourceType(10048): No known package when getting name for resource number 0xffffffff
W/ResourceType(10048): No known package when getting name for resource number 0xffffffff
W/ResourceType(10048): No known package when getting name for resource number 0xffffffff
W/ResourceType(10048): No known package when getting name for resource number 0xffffffff
W/ResourceType(10048): No known package when getting name for resource number 0xffffffff
W/ResourceType(10048): No known package when getting name for resource number 0xffffffff
W/ResourceType(10048): No known package when getting name for resource number 0xffffffff
W/ResourceType(10048): No known package when getting name for resource number 0xffffffff
W/ResourceType(10048): No known package when getting name for resource number 0xffffffff
W/ResourceType(10048): No known package when getting name for resource number 0xffffffff
W/ResourceType(10048): No known package when getting name for resource number 0xffffffff
W/ResourceType(10048): No known package when getting name for resource number 0xffffffff
W/ResourceType(10048): No known package when getting name for resource number 0xffffffff
W/ResourceType(10048): No known package when getting name for resource number 0xffffffff
W/ResourceType(10048): No known package when getting name for resource number 0xffffffff
W/ResourceType(10048): No known package when getting name for resource number 0xffffffff
W/ResourceType(10048): No known package when getting name for resource number 0xffffffff
W/ResourceType(10048): No known package when getting name for resource number 0xffffffff
W/ResourceType(10048): No known package when getting name for resource number 0xffffffff
W/ResourceType(10048): No known package when getting name for resource number 0xffffffff
W/ResourceType(10048): No known package when getting name for resource number 0xffffffff
W/ResourceType(10048): No known package when getting name for resource number 0xffffffff
W/ResourceType(10048): No known package when getting name for resource number 0xffffffff
W/ResourceType(10048): No known package when getting name for resource number 0xffffffff
W/ResourceType(10048): No known package when getting name for resource number 0xffffffff
W/ResourceType(10048): No known package when getting name for resource number 0xffffffff
W/ResourceType(10048): No known package when getting name for resource number 0xffffffff
W/ResourceType(10048): No known package when getting name for resource number 0xffffffff
W/ResourceType(10048): No known package when getting name for resource number 0xffffffff
W/ResourceType(10048): No known package when getting name for resource number 0xffffffff
W/ResourceType(10048): No known package when getting name for resource number 0xffffffff
W/ResourceType(10048): No known package when getting name for resource number 0xffffffff
W/ResourceType(10048): No known package when getting name for resource number 0xffffffff
W/ResourceType(10048): No known package when getting name for resource number 0xffffffff
W/ResourceType(10048): No known package when getting name for resource number 0xffffffff
W/ResourceType(10048): No known package when getting name for resource number 0xffffffff
W/ResourceType(10048): No known package when getting name for resource number 0xffffffff
W/ResourceType(10048): No known package when getting name for resource number 0xffffffff
W/ResourceType(10048): No known package when getting name for resource number 0xffffffff
W/ResourceType(10048): No known package when getting name for resource number 0xffffffff
W/ResourceType(10048): No known package when getting name for resource number 0xffffffff
W/ResourceType(10048): No known package when getting name for resource number 0xffffffff
W/ResourceType(10048): No known package when getting name for resource number 0xffffffff
W/ResourceType(10048): No known package when getting name for resource number 0xffffffff
W/ResourceType(10048): No known package when getting name for resource number 0xffffffff
W/ResourceType(10048): No known package when getting name for resource number 0xffffffff
W/ResourceType(10048): No known package when getting name for resource number 0xffffffff
W/ResourceType(10048): No known package when getting name for resource number 0xffffffff
W/ResourceType(10048): No known package when getting name for resource number 0xffffffff
W/ResourceType(10048): No known package when getting name for resource number 0xffffffff
W/ResourceType(10048): No known package when getting name for resource number 0xffffffff
W/ResourceType(10048): No known package when getting name for resource number 0xffffffff
W/ResourceType(10048): No known package when getting name for resource number 0xffffffff
W/ResourceType(10048): No known package when getting name for resource number 0xffffffff
W/ResourceType(10048): No known package when getting name for resource number 0xffffffff
W/ResourceType(10048): No known package when getting name for resource number 0xffffffff
W/ResourceType(10048): No known package when getting name for resource number 0xffffffff
W/ResourceType(10048): No known package when getting name for resource number 0xffffffff
W/ResourceType(10048): No known package when getting name for resource number 0xffffffff
W/ResourceType(10048): No known package when getting name for resource number 0xffffffff
W/ResourceType(10048): No known package when getting name for resource number 0xffffffff
I/System.out(10048): URI: /
I/System.out(10048): params: {json={"command":"touch_coordinate","arguments":[719.0,759.0]}
I/System.out(10048): }
I/System.out(10048): header: {content-length=56, host=devicehost151.prod, x-session-token=token-token-6f2af20c-3710-43fe-abb4-3071c08925ec, x-forwarded-for=10.222.150.20, content-type=application/json; charset=utf-8, connection=close}
I/System.out(10048): params: {json={"command":"touch_coordinate","arguments":[719.0,759.0]}
I/System.out(10048): }
I/System.out(10048): ProP json = {"command":"touch_coordinate","arguments":[719.0,759.0]}
I/System.out(10048): files: {}
I/System.out(10048): command: {"command":"touch_coordinate","arguments":[719.0,759.0]}
I/InstrumentationBackend(10048): Got command:'Command:'Line:null,touch_coordinate', arguments:'[719.0, 759.0]'
D/audio_hw_primary(  513): out_set_parameters: enter: usecase(1: low-latency-playback) kvpairs: routing=2
D/audio_hw_primary(  513): select_devices: out_snd_device(2: speaker) in_snd_device(0: none)
D/msm8974_platform(  513): platform_send_audio_calibration: sending audio calibration for snd_device(2) acdb_id(15)
I/soundtrigger(  513): audio_extn_sound_trigger_update_device_status: device 0x2 of type 0 for Event 1
D/audio_hw_primary(  513): enable_snd_device: snd_device(2: speaker)
D/audio_hw_primary(  513): enable_audio_route: apply and update mixer path: low-latency-playback speaker
I/calabash(10048): execStartActivity 4
I/ActivityManager(  925): START u0 {act=android.intent.action.VIEW dat=geo:0,0?q= Atlanta, GA cmp=com.google.android.apps.maps/com.google.android.maps.MapsActivity} from uid 16046 on display 0
I/ActivityManager(  925): Start proc 10520:com.google.android.apps.maps/u0a58 for activity com.google.android.apps.maps/com.google.android.maps.MapsActivity
D/OpenGLRenderer(10048): endAllStagingAnimators on 0xd8fa8700 (RippleDrawable) with handle 0xd67cb120
I/System.out(10048): result:{"bonusInformation":[],"message":"","success":true}
W/System  (10520): ClassLoader referenced unknown path: /system/app/Maps/lib/arm64
I/art     (  925): Background partial concurrent mark sweep GC freed 94957(6MB) AllocSpace objects, 43(912KB) LOS objects, 32% free, 32MB/48MB, paused 5.028ms total 186.622ms
D/VoldConnector(  925): SND -> {13 volume mkdirs /storage/emulated/0/Android/data/com.google.android.apps.maps/files/}
D/VoldConnector(  925): RCV <- {200 13 Command succeeded}
D/StrictMode(10520): StrictMode policy violation; ~duration=186 ms: android.os.StrictMode$StrictModeDiskReadViolation: policy=65567 violation=2
D/StrictMode(10520): 	at android.os.StrictMode$AndroidBlockGuardPolicy.onReadFromDisk(StrictMode.java:1263)
D/StrictMode(10520): 	at libcore.io.BlockGuardOs.access(BlockGuardOs.java:67)
D/StrictMode(10520): 	at java.io.File.doAccess(File.java:281)
D/StrictMode(10520): 	at java.io.File.exists(File.java:361)
D/StrictMode(10520): 	at android.app.ContextImpl.createFilesDirLocked(ContextImpl.java:418)
D/StrictMode(10520): 	at android.app.ContextImpl.getFilesDir(ContextImpl.java:441)
D/StrictMode(10520): 	at android.app.ContextImpl.openFileInput(ContextImpl.java:383)
D/StrictMode(10520): 	at android.content.ContextWrapper.openFileInput(ContextWrapper.java:177)
D/StrictMode(10520): 	at com.google.android.apps.gmm.shared.i.h.a(PG:250)
D/StrictMode(10520): 	at com.google.android.apps.gmm.map.m.q.a(PG:8693)
D/StrictMode(10520): 	at com.google.android.apps.gmm.shared.f.a.a(PG:48)
D/StrictMode(10520): 	at com.google.android.apps.gmm.map.m.e.a(PG:1531)
D/StrictMode(10520): 	at com.google.android.apps.gmm.base.app.a.a(PG:244)
D/StrictMode(10520): 	at com.google.android.apps.gmm.base.app.a.a(PG:2265)
D/StrictMode(10520): 	at com.google.android.apps.gmm.base.app.GoogleMapsApplication.a(PG:206)
D/StrictMode(10520): 	at com.google.android.apps.gmm.base.app.GoogleMapsApplication.onCreate(PG:174)
D/StrictMode(10520): 	at android.app.Instrumentation.callApplicationOnCreate(Instrumentation.java:1013)
D/StrictMode(10520): 	at android.app.ActivityThread.handleBindApplication(ActivityThread.java:4707)
D/StrictMode(10520): 	at android.app.ActivityThread.-wrap1(ActivityThread.java)
D/StrictMode(10520): 	at android.app.ActivityThread$H.handleMessage(ActivityThread.java:1405)
D/StrictMode(10520): 	at android.os.Handler.dispatchMessage(Handler.java:102)
D/StrictMode(10520): 	at android.os.Looper.loop(Looper.java:148)
D/StrictMode(10520): 	at android.app.ActivityThread.main(ActivityThread.java:5417)
D/StrictMode(10520): 	at java.lang.reflect.Method.invoke(Native Method)
D/StrictMode(10520): 	at com.android.internal.os.ZygoteInit$MethodAndArgsCaller.run(ZygoteInit.java:726)
D/StrictMode(10520): 	at com.android.internal.os.ZygoteInit.main(ZygoteInit.java:616)
D/StrictMode(10520): StrictMode policy violation; ~duration=185 ms: android.os.StrictMode$StrictModeDiskReadViolation: policy=65567 violation=2
D/StrictMode(10520): 	at android.os.StrictMode$AndroidBlockGuardPolicy.onReadFromDisk(StrictMode.java:1263)
D/StrictMode(10520): 	at libcore.io.BlockGuardOs.open(BlockGuardOs.java:182)
D/StrictMode(10520): 	at libcore.io.IoBridge.open(IoBridge.java:438)
D/StrictMode(10520): 	at java.io.FileInputStream.<init>(FileInputStream.java:76)
D/StrictMode(10520): 	at android.app.ContextImpl.openFileInput(ContextImpl.java:384)
D/StrictMode(10520): 	at android.content.ContextWrapper.openFileInput(ContextWrapper.java:177)
D/StrictMode(10520): 	at com.google.android.apps.gmm.shared.i.h.a(PG:250)
D/StrictMode(10520): 	at com.google.android.apps.gmm.map.m.q.a(PG:8693)
D/StrictMode(10520): 	at com.google.android.apps.gmm.shared.f.a.a(PG:48)
D/StrictMode(10520): 	at com.google.android.apps.gmm.map.m.e.a(PG:1531)
D/StrictMode(10520): 	at com.google.android.apps.gmm.base.app.a.a(PG:244)
D/StrictMode(10520): 	at com.google.android.apps.gmm.base.app.a.a(PG:2265)
D/StrictMode(10520): 	at com.google.android.apps.gmm.base.app.GoogleMapsApplication.a(PG:206)
D/StrictMode(10520): 	at com.google.android.apps.gmm.base.app.GoogleMapsApplication.onCreate(PG:174)
D/StrictMode(10520): 	at android.app.Instrumentation.callApplicationOnCreate(Instrumentation.java:1013)
D/StrictMode(10520): 	at android.app.ActivityThread.handleBindApplication(ActivityThread.java:4707)
D/StrictMode(10520): 	at android.app.ActivityThread.-wrap1(ActivityThread.java)
D/StrictMode(10520): 	at android.app.ActivityThread$H.handleMessage(ActivityThread.java:1405)
D/StrictMode(10520): 	at android.os.Handler.dispatchMessage(Handler.java:102)
D/StrictMode(10520): 	at android.os.Looper.loop(Looper.java:148)
D/StrictMode(10520): 	at android.app.ActivityThread.main(ActivityThread.java:5417)
D/StrictMode(10520): 	at java.lang.reflect.Method.invoke(Native Method)
D/StrictMode(10520): 	at com.android.internal.os.ZygoteInit$MethodAndArgsCaller.run(ZygoteInit.java:726)
D/StrictMode(10520): 	at com.android.internal.os.ZygoteInit.main(ZygoteInit.java:616)
D/StrictMode(10520): StrictMode policy violation; ~duration=183 ms: android.os.StrictMode$StrictModeDiskReadViolation: policy=65567 violation=2
D/StrictMode(10520): 	at android.os.StrictMode$AndroidBlockGuardPolicy.onReadFromDisk(StrictMode.java:1263)
D/StrictMode(10520): 	at libcore.io.BlockGuardOs.fstat(BlockGuardOs.java:132)
D/StrictMode(10520): 	at libcore.io.IoBridge.open(IoBridge.java:441)
D/StrictMode(10520): 	at java.io.FileInputStream.<init>(FileInputStream.java:76)
D/StrictMode(10520): 	at android.app.ContextImpl.openFileInput(ContextImpl.java:384)
D/StrictMode(10520): 	at android.content.ContextWrapper.openFileInput(ContextWrapper.java:177)
D/StrictMode(10520): 	at com.google.android.apps.gmm.shared.i.h.a(PG:250)
D/StrictMode(10520): 	at com.google.android.apps.gmm.map.m.q.a(PG:8693)
D/StrictMode(10520): 	at com.google.android.apps.gmm.shared.f.a.a(PG:48)
D/StrictMode(10520): 	at com.google.android.apps.gmm.map.m.e.a(PG:1531)
D/StrictMode(10520): 	at com.google.android.apps.gmm.base.app.a.a(PG:244)
D/StrictMode(10520): 	at com.google.android.apps.gmm.base.app.a.a(PG:2265)
D/StrictMode(10520): 	at com.google.android.apps.gmm.base.app.GoogleMapsApplication.a(PG:206)
D/StrictMode(10520): 	at com.google.android.apps.gmm.base.app.GoogleMapsApplication.onCreate(PG:174)
D/StrictMode(10520): 	at android.app.Instrumentation.callApplicationOnCreate(Instrumentation.java:1013)
D/StrictMode(10520): 	at android.app.ActivityThread.handleBindApplication(ActivityThread.java:4707)
D/StrictMode(10520): 	at android.app.ActivityThread.-wrap1(ActivityThread.java)
D/StrictMode(10520): 	at android.app.ActivityThread$H.handleMessage(ActivityThread.java:1405)
D/StrictMode(10520): 	at android.os.Handler.dispatchMessage(Handler.java:102)
D/StrictMode(10520): 	at android.os.Looper.loop(Looper.java:148)
D/StrictMode(10520): 	at android.app.ActivityThread.main(ActivityThread.java:5417)
D/StrictMode(10520): 	at java.lang.reflect.Method.invoke(Native Method)
D/StrictMode(10520): 	at com.android.internal.os.ZygoteInit$MethodAndArgsCaller.run(ZygoteInit.java:726)
D/StrictMode(10520): 	at com.android.internal.os.ZygoteInit.main(ZygoteInit.java:616)
D/StrictMode(10520): StrictMode policy violation; ~duration=182 ms: android.os.StrictMode$StrictModeDiskReadViolation: policy=65567 violation=2
D/StrictMode(10520): 	at android.os.StrictMode$AndroidBlockGuardPolicy.onReadFromDisk(StrictMode.java:1263)
D/StrictMode(10520): 	at libcore.io.BlockGuardOs.read(BlockGuardOs.java:229)
D/StrictMode(10520): 	at libcore.io.IoBridge.read(IoBridge.java:468)
D/StrictMode(10520): 	at java.io.FileInputStream.read(FileInputStream.java:177)
D/StrictMode(10520): 	at java.io.BufferedInputStream.read(BufferedInputStream.java:290)
D/StrictMode(10520): 	at java.io.DataInputStream.read(DataInputStream.java:63)
D/StrictMode(10520): 	at com.google.r.k.d(PG:1187)
D/StrictMode(10520): 	at com.google.r.k.a(PG:2107)
D/StrictMode(10520): 	at com.google.w.a.a.do.<init>(PG:23)
D/StrictMode(10520): 	at com.google.w.a.a.do.a(PG:405)
D/StrictMode(10520): 	at com.google.r.v.a(PG:1161)
D/StrictMode(10520): 	at com.google.r.y.a(PG:2188)
D/StrictMode(10520): 	at com.google.r.e.b(PG:170)
D/StrictMode(10520): 	at com.google.r.e.b(PG:15188)
D/StrictMode(10520): 	at com.google.android.apps.gmm.shared.i.h.a(PG:251)
D/StrictMode(10520): 	at com.google.android.apps.gmm.map.m.q.a(PG:8693)
D/StrictMode(10520): 	at com.google.android.apps.gmm.shared.f.a.a(PG:48)
D/StrictMode(10520): 	at com.google.android.apps.gmm.map.m.e.a(PG:1531)
D/StrictMode(10520): 	at com.google.android.apps.gmm.base.app.a.a(PG:244)
D/StrictMode(10520): 	at com.google.android.apps.gmm.base.app.a.a(PG:2265)
D/StrictMode(10520): 	at com.google.android.apps.gmm.base.app.GoogleMapsApplication.a(PG:206)
D/StrictMode(10520): 	at com.google.android.apps.gmm.base.app.GoogleMapsApplication.onCreate(PG:174)
D/StrictMode(10520): 	at android.app.Instrumentation.callApplicationOnCreate(Instrumentation.java:1013)
D/StrictMode(10520): 	at android.app.ActivityThread.handleBindApplication(ActivityThread.java:4707)
D/StrictMode(10520): 	at android.app.ActivityThread.-wrap1(ActivityThread.java)
D/StrictMode(10520): 	at android.app.ActivityThread$H.handleMessage(ActivityThread.java:1405)
D/StrictMode(10520): 	at android.os.Handler.dispatchMessage(Handler.java:102)
D/StrictMode(10520): 	at android.os.Looper.loop(Looper.java:148)
D/StrictMode(10520): 	at android.app.ActivityThread.main(ActivityThread.java:5417)
D/StrictMode(10520): 	at java.lang.reflect.Method.invoke(Native Method)
D/StrictMode(10520): 	at com.android.internal.os.ZygoteInit$MethodAndArgsCaller.run(ZygoteInit.java:726)
D/StrictMode(10520): 	at com.android.internal.os.ZygoteInit.main(ZygoteInit.java:616)
D/StrictMode(10520): StrictMode policy violation; ~duration=178 ms: android.os.StrictMode$StrictModeDiskReadViolation: policy=65567 violation=2
D/StrictMode(10520): 	at android.os.StrictMode$AndroidBlockGuardPolicy.onReadFromDisk(StrictMode.java:1263)
D/StrictMode(10520): 	at libcore.io.BlockGuardOs.read(BlockGuardOs.java:229)
D/StrictMode(10520): 	at libcore.io.IoBridge.read(IoBridge.java:468)
D/StrictMode(10520): 	at java.io.FileInputStream.read(FileInputStream.java:177)
D/StrictMode(10520): 	at java.io.BufferedInputStream.read(BufferedInputStream.java:290)
D/StrictMode(10520): 	at java.io.DataInputStream.read(DataInputStream.java:63)
D/StrictMode(10520): 	at com.google.r.k.d(PG:1187)
D/StrictMode(10520): 	at com.google.r.k.c(PG:18147)
D/StrictMode(10520): 	at com.google.r.k.d(PG:583)
D/StrictMode(10520): 	at com.google.w.a.a.do.<init>(PG:40)
D/StrictMode(10520): 	at com.google.w.a.a.do.a(PG:405)
D/StrictMode(10520): 	at com.google.r.v.a(PG:1161)
D/StrictMode(10520): 	at com.google.r.y.a(PG:2188)
D/StrictMode(10520): 	at com.google.r.e.b(PG:170)
D/StrictMode(10520): 	at com.google.r.e.b(PG:15188)
D/StrictMode(10520): 	at com.google.android.apps.gmm.shared.i.h.a(PG:251)
D/StrictMode(10520): 	at com.google.android.apps.gmm.map.m.q.a(PG:8693)
D/StrictMode(10520): 	at com.google.android.apps.gmm.shared.f.a.a(PG:48)
D/StrictMode(10520): 	at com.google.android.apps.gmm.map.m.e.a(PG:1531)
D/StrictMode(10520): 	at com.google.android.apps.gmm.base.app.a.a(PG:244)
D/StrictMode(10520): 	at com.google.android.apps.gmm.base.app.a.a(PG:2265)
D/StrictMode(10520): 	at com.google.android.apps.gmm.base.app.GoogleMapsApplication.a(PG:206)
D/StrictMode(10520): 	at com.google.android.apps.gmm.base.app.GoogleMapsApplication.onCreate(PG:174)
D/StrictMode(10520): 	at android.app.Instrumentation.callApplicationOnCreate(Instrumentation.java:1013)
D/StrictMode(10520): 	at android.app.ActivityThread.handleBindApplication(ActivityThread.java:4707)
D/StrictMode(10520): 	at android.app.ActivityThread.-wrap1(ActivityThread.java)
D/StrictMode(10520): 	at android.app.ActivityThread$H.handleMessage(ActivityThread.java:1405)
D/StrictMode(10520): 	at android.os.Handler.dispatchMessage(Handler.java:102)
D/StrictMode(10520): 	at android.os.Looper.loop(Looper.java:148)
D/StrictMode(10520): 	at android.app.ActivityThread.main(ActivityThread.java:5417)
D/StrictMode(10520): 	at java.lang.reflect.Method.invoke(Native Method)
D/StrictMode(10520): 	at com.android.internal.os.ZygoteInit$MethodAndArgsCaller.run(ZygoteInit.java:726)
D/StrictMode(10520): 	at com.android.internal.os.ZygoteInit.main(ZygoteInit.java:616)
D/StrictMode(10520): StrictMode policy violation; ~duration=156 ms: android.os.StrictMode$StrictModeDiskReadViolation: policy=65567 violation=2
D/StrictMode(10520): 	at android.os.StrictMode$AndroidBlockGuardPolicy.onReadFromDisk(StrictMode.java:1263)
D/StrictMode(10520): 	at libcore.io.BlockGuardOs.access(BlockGuardOs.java:67)
D/StrictMode(10520): 	at java.io.File.doAccess(File.java:281)
D/StrictMode(10520): 	at java.io.File.exists(File.java:361)
D/StrictMode(10520): 	at android.app.ContextImpl.createFilesDirLocked(ContextImpl.java:418)
D/StrictMode(10520): 	at android.app.ContextImpl.getFilesDir(ContextImpl.java:441)
D/StrictMode(10520): 	at android.app.ContextImpl.getFileStreamPath(ContextImpl.java:549)
D/StrictMode(10520): 	at android.content.ContextWrapper.getFileStreamPath(ContextWrapper.java:193)
D/StrictMode(10520): 	at com.google.android.apps.gmm.map.m.q.a(PG:8701)
D/StrictMode(10520): 	at com.google.android.apps.gmm.shared.f.a.a(PG:48)
D/StrictMode(10520): 	at com.google.android.apps.gmm.map.m.e.a(PG:1531)
D/StrictMode(10520): 	at com.google.android.apps.gmm.base.app.a.a(PG:244)
D/StrictMode(10520): 	at com.google.android.apps.gmm.base.app.a.a(PG:2265)
D/StrictMode(10520): 	at com.google.android.apps.gmm.base.app.GoogleMapsApplication.a(PG:206)
D/StrictMode(10520): 	at com.google.android.apps.gmm.base.app.GoogleMapsApplication.onCreate(PG:174)
D/StrictMode(10520): 	at android.app.Instrumentation.callApplicationOnCreate(Instrumentation.java:1013)
D/StrictMode(10520): 	at android.app.ActivityThread.handleBindApplication(ActivityThread.java:4707)
D/StrictMode(10520): 	at android.app.ActivityThread.-wrap1(ActivityThread.java)
D/StrictMode(10520): 	at android.app.ActivityThread$H.handleMessage(ActivityThread.java:1405)
D/StrictMode(10520): 	at android.os.Handler.dispatchMessage(Handler.java:102)
D/StrictMode(10520): 	at android.os.Looper.loop(Looper.java:148)
D/StrictMode(10520): 	at android.app.ActivityThread.main(ActivityThread.java:5417)
D/StrictMode(10520): 	at java.lang.reflect.Method.invoke(Native Method)
D/StrictMode(10520): 	at com.android.internal.os.ZygoteInit$MethodAndArgsCaller.run(ZygoteInit.java:726)
D/StrictMode(10520): 	at com.android.internal.os.ZygoteInit.main(ZygoteInit.java:616)
D/StrictMode(10520): StrictMode policy violation; ~duration=156 ms: android.os.StrictMode$StrictModeDiskReadViolation: policy=65567 violation=2
D/StrictMode(10520): 	at android.os.StrictMode$AndroidBlockGuardPolicy.onReadFromDisk(StrictMode.java:1263)
D/StrictMode(10520): 	at libcore.io.BlockGuardOs.access(BlockGuardOs.java:67)
D/StrictMode(10520): 	at java.io.File.doAccess(File.java:281)
D/StrictMode(10520): 	at java.io.File.exists(File.java:361)
D/StrictMode(10520): 	at com.google.android.apps.gmm.map.m.q.a(PG:8703)
D/StrictMode(10520): 	at com.google.android.apps.gmm.shared.f.a.a(PG:48)
D/StrictMode(10520): 	at com.google.android.apps.gmm.map.m.e.a(PG:1531)
D/StrictMode(10520): 	at com.google.android.apps.gmm.base.app.a.a(PG:244)
D/StrictMode(10520): 	at com.google.android.apps.gmm.base.app.a.a(PG:2265)
D/StrictMode(10520): 	at com.google.android.apps.gmm.base.app.GoogleMapsApplication.a(PG:206)
D/StrictMode(10520): 	at com.google.android.apps.gmm.base.app.GoogleMapsApplication.onCreate(PG:174)
D/StrictMode(10520): 	at android.app.Instrumentation.callApplicationOnCreate(Instrumentation.java:1013)
D/StrictMode(10520): 	at android.app.ActivityThread.handleBindApplication(ActivityThread.java:4707)
D/StrictMode(10520): 	at android.app.ActivityThread.-wrap1(ActivityThread.java)
D/StrictMode(10520): 	at android.app.ActivityThread$H.handleMessage(ActivityThread.java:1405)
D/StrictMode(10520): 	at android.os.Handler.dispatchMessage(Handler.java:102)
D/StrictMode(10520): 	at android.os.Looper.loop(Looper.java:148)
D/StrictMode(10520): 	at android.app.ActivityThread.main(ActivityThread.java:5417)
D/StrictMode(10520): 	at java.lang.reflect.Method.invoke(Native Method)
D/StrictMode(10520): 	at com.android.internal.os.ZygoteInit$MethodAndArgsCaller.run(ZygoteInit.java:726)
D/StrictMode(10520): 	at com.android.internal.os.ZygoteInit.main(ZygoteInit.java:616)
D/StrictMode(10520): StrictMode policy violation; ~duration=155 ms: android.os.StrictMode$StrictModeDiskReadViolation: policy=65567 violation=2
D/StrictMode(10520): 	at android.os.StrictMode$AndroidBlockGuardPolicy.onReadFromDisk(StrictMode.java:1263)
D/StrictMode(10520): 	at libcore.io.BlockGuardOs.stat(BlockGuardOs.java:292)
D/StrictMode(10520): 	at java.io.File.lastModified(File.java:569)
D/StrictMode(10520): 	at com.google.android.apps.gmm.map.m.q.a(PG:8704)
D/StrictMode(10520): 	at com.google.android.apps.gmm.shared.f.a.a(PG:48)
D/StrictMode(10520): 	at com.google.android.apps.gmm.map.m.e.a(PG:1531)
D/StrictMode(10520): 	at com.google.android.apps.gmm.base.app.a.a(PG:244)
D/StrictMode(10520): 	at com.google.android.apps.gmm.base.app.a.a(PG:2265)
D/StrictMode(10520): 	at com.google.android.apps.gmm.base.app.GoogleMapsApplication.a(PG:206)
D/StrictMode(10520): 	at com.google.android.apps.gmm.base.app.GoogleMapsApplication.onCreate(PG:174)
D/StrictMode(10520): 	at android.app.Instrumentation.callApplicationOnCreate(Instrumentation.java:1013)
D/StrictMode(10520): 	at android.app.ActivityThread.handleBindApplication(ActivityThread.java:4707)
D/StrictMode(10520): 	at android.app.ActivityThread.-wrap1(ActivityThread.java)
D/StrictMode(10520): 	at android.app.ActivityThread$H.handleMessage(ActivityThread.java:1405)
D/StrictMode(10520): 	at android.os.Handler.dispatchMessage(Handler.java:102)
D/StrictMode(10520): 	at android.os.Looper.loop(Looper.java:148)
D/StrictMode(10520): 	at android.app.ActivityThread.main(ActivityThread.java:5417)
D/StrictMode(10520): 	at java.lang.reflect.Method.invoke(Native Method)
D/StrictMode(10520): 	at com.android.internal.os.ZygoteInit$MethodAndArgsCaller.run(ZygoteInit.java:726)
D/StrictMode(10520): 	at com.android.internal.os.ZygoteInit.main(ZygoteInit.java:616)
D/audio_hw_primary(  513): disable_audio_route: reset and update mixer path: low-latency-playback speaker
D/audio_hw_primary(  513): disable_snd_device: snd_device(2: speaker)
I/soundtrigger(  513): audio_extn_sound_trigger_update_device_status: device 0x2 of type 0 for Event 0
W/SurfaceFlinger(  382): couldn't log to binary event log: overflow.
W/ActivityThread(10520): ClassLoader.loadClass: The class loader returned by Thread.getContextClassLoader() may fail for processes that host multiple applications. You should explicitly specify a context class loader. For example: Thread.setContextClassLoader(getClass().getClassLoader());
D/OpenGLRenderer(10520): Use EGL_SWAP_BEHAVIOR_PRESERVED: true
D/WifiService(  925): New client listening to asynchronous messages
I/Adreno  (10520): QUALCOMM build                   : 63c06b2, I8366cd0437
I/Adreno  (10520): Build Date                       : 10/21/15
I/Adreno  (10520): OpenGL ES Shader Compiler Version: XE031.05.13.02
I/Adreno  (10520): Local Branch                     : 
I/Adreno  (10520): Remote Branch                    : quic/LA.BF64.1.2.9_v2
I/Adreno  (10520): Remote Branch                    : NONE
I/Adreno  (10520): Reconstruct Branch               : NOTHING
I/OpenGLRenderer(10520): Initialized EGL, version 1.4
I/Keyboard.Facilitator( 3470): onFinishInput()
I/ActivityManager(  925): Displayed com.google.android.apps.maps/com.google.android.maps.MapsActivity: +1s244ms
D/ConnectivityService(  925): notifyType CAP_CHANGED for NetworkAgentInfo [WIFI () - 100]
I/art     (10520): Background sticky concurrent mark sweep GC freed 61521(4MB) AllocSpace objects, 24(620KB) LOS objects, 22% free, 25MB/32MB, paused 2.610ms total 137.839ms
I/sensors (  925): batch
I/sensors (  925): activate
I/hubconnection(  925): sensorhub said: 'batch 1 flags:0, sampling_rate_Hz:50.00, max_report_latency_us:0'
I/hubconnection(  925): sensorhub said: 'activate 1 enable:1'
I/sensors (  925): batch
I/sensors (  925): activate
I/hubconnection(  925): sensorhub said: 'batch 17 flags:0, sampling_rate_Hz:12.50, max_report_latency_us:0'
I/hubconnection(  925): sensorhub said: 'activate 17 enable:1'
I/sensors (  925): activate
I/sensors (  925): activate
I/hubconnection(  925): sensorhub said: 'activate 1 enable:0'
I/hubconnection(  925): sensorhub said: 'activate 17 enable:0'
I/sensors (  925): batch
I/sensors (  925): activate
I/hubconnection(  925): sensorhub said: 'batch 1 flags:0, sampling_rate_Hz:50.00, max_report_latency_us:0'
I/hubconnection(  925): sensorhub said: 'activate 1 enable:1'
I/sensors (  925): batch
I/sensors (  925): activate
I/hubconnection(  925): sensorhub said: 'batch 17 flags:0, sampling_rate_Hz:12.50, max_report_latency_us:0'
I/hubconnection(  925): sensorhub said: 'activate 17 enable:1'
D/WifiService(  925): acquireWifiLockLocked: WifiLock{NlpWifiLock type=2 binder=android.os.BinderProxy@49ea62}
D/wifi    (  925): Initialized common fields 10000, 25, 100, 10
D/wifi    (  925): bucket[0] = 2:3:10000:2
I/art     (10048): Starting a blocking GC Explicit
W/art     ( 3965): Suspending all threads took: 5.334ms
I/sensors (  925): batch
I/sensors (  925): flush
I/sensors (  925): batch
I/sensors (  925): activate
I/hubconnection(  925): sensorhub said: 'batch 17 flags:0, sampling_rate_Hz:15.00, max_report_latency_us:0'
I/hubconnection(  925): sensorhub said: 'flush 17'
I/hubconnection(  925): saw sensor 17 flushed
I/hubconnection(  925): sensorhub said: 'batch 3 flags:0, sampling_rate_Hz:15.00, max_report_latency_us:0'
I/hubconnection(  925): sensorhub said: 'activate 3 enable:1'
D/WifiScanningService(  925): Pending scan removed, handler=2, period=0
D/wifi    (  925): Initialized common fields 10000, 25, 100, 10
D/wifi    (  925): bucket[0] = 2:3:10000:2
I/art     ( 3965): Background partial concurrent mark sweep GC freed 45230(3MB) AllocSpace objects, 22(432KB) LOS objects, 35% free, 28MB/44MB, paused 7.228ms total 381.233ms
I/art     (10048): Explicit concurrent mark sweep GC freed 280474(12MB) AllocSpace objects, 17(340KB) LOS objects, 28% free, 39MB/55MB, paused 6.388ms total 112.865ms
I/art     (10048): Starting a blocking GC Explicit
I/art     (10048): Explicit concurrent mark sweep GC freed 307(13KB) AllocSpace objects, 0(0B) LOS objects, 28% free, 39MB/55MB, paused 1.286ms total 37.786ms
I/art     (10048): Starting a blocking GC Explicit
I/art     (10048): Explicit concurrent mark sweep GC freed 17(1344B) AllocSpace objects, 0(0B) LOS objects, 28% free, 39MB/55MB, paused 2.309ms total 35.641ms
I/art     (10048): Starting a blocking GC Explicit
I/art     (10048): Explicit concurrent mark sweep GC freed 10(720B) AllocSpace objects, 0(0B) LOS objects, 28% free, 39MB/55MB, paused 1.215ms total 33.679ms
I/art     (10048): Starting a blocking GC Explicit
I/Choreographer(10520): Skipped 40 frames!  The application may be doing too much work on its main thread.
I/art     (10048): Explicit concurrent mark sweep GC freed 10(720B) AllocSpace objects, 0(0B) LOS objects, 28% free, 39MB/55MB, paused 15.154ms total 58.984ms
I/sensors (  925): flush
I/hubconnection(  925): sensorhub said: 'flush 1'
W/com.google.a.a.b.d.a(10520): Application name is not set. Call Builder#setApplicationName.
I/hubconnection(  925): saw sensor 1 flushed
W/ActivityManager(  925): Unable to start service Intent { act=com.google.android.gms.nearby.sharing.service.NearbySharingService.START pkg=com.google.android.gms } U=0: not found
W/ActivityManager(  925): Unbind failed: could not find connection for android.os.BinderProxy@e04aae
D/BluetoothManagerService(  925): Added callback: android.bluetooth.IBluetoothManagerCallback$Stub$Proxy@ae363dc:true
D/WifiService(  925): releaseWifiLockLocked: WifiLock{NlpWifiLock type=2 binder=android.os.BinderProxy@49ea62}
I/art     (10520): Background partial concurrent mark sweep GC freed 43700(3MB) AllocSpace objects, 16(388KB) LOS objects, 35% free, 29MB/45MB, paused 6.511ms total 187.225ms
E/StrictMode(10520): A resource was acquired at attached stack trace but never released. See java.io.Closeable for information on avoiding resource leaks.
E/StrictMode(10520): java.lang.Throwable: Explicit termination method 'close' not called
E/StrictMode(10520): 	at dalvik.system.CloseGuard.open(CloseGuard.java:180)
E/StrictMode(10520): 	at java.io.RandomAccessFile.<init>(RandomAccessFile.java:127)
E/StrictMode(10520): 	at com.google.android.apps.gmm.map.internal.d.an.a(PG:2661)
E/StrictMode(10520): 	at com.google.android.apps.gmm.map.internal.d.an.a(PG:713)
E/StrictMode(10520): 	at com.google.android.apps.gmm.map.internal.d.cc.b(PG:403)
E/StrictMode(10520): 	at com.google.android.apps.gmm.map.internal.d.cc.a(PG:390)
E/StrictMode(10520): 	at com.google.android.apps.gmm.map.internal.d.cl.a(PG:121)
E/StrictMode(10520): 	at com.google.android.apps.gmm.map.internal.d.q.run(PG:860)
E/StrictMode(10520): 	at com.google.android.apps.gmm.map.internal.d.cy.run(PG:133)
E/StrictMode(10520): 	at com.google.android.apps.gmm.shared.i.a.k.run(PG:192)
E/StrictMode(10520): 	at java.lang.Thread.run(Thread.java:818)
E/StrictMode(10520): A resource was acquired at attached stack trace but never released. See java.io.Closeable for information on avoiding resource leaks.
E/StrictMode(10520): java.lang.Throwable: Explicit termination method 'end' not called
E/StrictMode(10520): 	at dalvik.system.CloseGuard.open(CloseGuard.java:180)
E/StrictMode(10520): 	at java.util.zip.Inflater.<init>(Inflater.java:82)
E/StrictMode(10520): 	at java.util.zip.Inflater.<init>(Inflater.java:69)
E/StrictMode(10520): 	at com.google.android.apps.gmm.map.util.m.a(PG:95)
E/StrictMode(10520): 	at com.google.android.apps.gmm.map.internal.d.am.a(PG:189)
E/StrictMode(10520): 	at com.google.android.apps.gmm.map.internal.d.bd.b(PG:407)
E/StrictMode(10520): 	at com.google.android.apps.gmm.map.internal.d.bf.run(PG:581)
E/StrictMode(10520): 	at com.google.android.apps.gmm.shared.i.a.s.run(PG:29)
E/StrictMode(10520): 	at java.util.concurrent.ThreadPoolExecutor.runWorker(ThreadPoolExecutor.java:1113)
E/StrictMode(10520): 	at java.util.concurrent.ThreadPoolExecutor$Worker.run(ThreadPoolExecutor.java:588)
E/StrictMode(10520): 	at com.google.android.apps.gmm.shared.i.a.k.run(PG:192)
E/StrictMode(10520): 	at java.lang.Thread.run(Thread.java:818)
E/StrictMode(10520): A resource was acquired at attached stack trace but never released. See java.io.Closeable for information on avoiding resource leaks.
E/StrictMode(10520): java.lang.Throwable: Explicit termination method 'close' not called
E/StrictMode(10520): 	at dalvik.system.CloseGuard.open(CloseGuard.java:180)
E/StrictMode(10520): 	at java.io.RandomAccessFile.<init>(RandomAccessFile.java:127)
E/StrictMode(10520): 	at com.google.android.apps.gmm.map.internal.d.an.a(PG:2661)
E/StrictMode(10520): 	at com.google.android.apps.gmm.map.internal.d.an.a(PG:713)
E/StrictMode(10520): 	at com.google.android.apps.gmm.map.internal.d.al.<init>(PG:81)
E/StrictMode(10520): 	at com.google.android.apps.gmm.map.internal.d.d.f.run(PG:6106)
E/StrictMode(10520): 	at com.google.android.apps.gmm.shared.i.a.s.run(PG:29)
E/StrictMode(10520): 	at java.util.concurrent.ThreadPoolExecutor.runWorker(ThreadPoolExecutor.java:1113)
E/StrictMode(10520): 	at java.util.concurrent.ThreadPoolExecutor$Worker.run(ThreadPoolExecutor.java:588)
E/StrictMode(10520): 	at com.google.android.apps.gmm.shared.i.a.k.run(PG:192)
E/StrictMode(10520): 	at java.lang.Thread.run(Thread.java:818)
E/StrictMode(10520): A resource was acquired at attached stack trace but never released. See java.io.Closeable for information on avoiding resource leaks.
E/StrictMode(10520): java.lang.Throwable: Explicit termination method 'close' not called
E/StrictMode(10520): 	at dalvik.system.CloseGuard.open(CloseGuard.java:180)
E/StrictMode(10520): 	at java.io.RandomAccessFile.<init>(RandomAccessFile.java:127)
E/StrictMode(10520): 	at com.google.android.apps.gmm.map.internal.d.an.a(PG:2661)
E/StrictMode(10520): 	at com.google.android.apps.gmm.map.internal.d.an.a(PG:713)
E/StrictMode(10520): 	at com.google.android.apps.gmm.map.internal.d.cc.b(PG:403)
E/StrictMode(10520): 	at com.google.android.apps.gmm.map.internal.d.cc.a(PG:390)
E/StrictMode(10520): 	at com.google.android.apps.gmm.map.internal.d.cl.a(PG:121)
E/StrictMode(10520): 	at com.google.android.apps.gmm.map.internal.d.q.run(PG:16202)
E/StrictMode(10520): 	at com.google.android.apps.gmm.map.internal.d.cy.run(PG:133)
E/StrictMode(10520): 	at com.google.android.apps.gmm.shared.i.a.k.run(PG:192)
E/StrictMode(10520): 	at java.lang.Thread.run(Thread.java:818)
I/sensors (  925): batch
I/hubconnection(  925): sensorhub said: 'batch 1 flags:0, sampling_rate_Hz:15.00, max_report_latency_us:0'
I/sensors (  925): batch
I/hubconnection(  925): sensorhub said: 'batch 17 flags:0, sampling_rate_Hz:15.00, max_report_latency_us:0'
D/ConnectivityService(  925): notifyType CAP_CHANGED for NetworkAgentInfo [WIFI () - 100]
D/WifiStateMachine(  925): starting scan for "xtc-ag"WPA_PSK with 5240,5180,5220,5200
I/ServiceManager(  614): Waiting for service AtCmdFwd...
I/art     (10048): Starting a blocking GC Explicit
I/art     (10048): Explicit concurrent mark sweep GC freed 2101(144KB) AllocSpace objects, 1(20KB) LOS objects, 28% free, 39MB/55MB, paused 863us total 30.670ms
I/art     (10048): Starting a blocking GC Explicit
I/art     (10048): Explicit concurrent mark sweep GC freed 46(2392B) AllocSpace objects, 0(0B) LOS objects, 28% free, 39MB/55MB, paused 917us total 27.025ms
I/art     (10048): Starting a blocking GC Explicit
I/art     (10048): Explicit concurrent mark sweep GC freed 10(720B) AllocSpace objects, 0(0B) LOS objects, 28% free, 39MB/55MB, paused 1.587ms total 29.455ms
I/art     (10048): Starting a blocking GC Explicit
I/art     (10048): Explicit concurrent mark sweep GC freed 10(720B) AllocSpace objects, 0(0B) LOS objects, 28% free, 39MB/55MB, paused 1.061ms total 28.672ms
I/art     (10048): Starting a blocking GC Explicit
I/art     (10048): Explicit concurrent mark sweep GC freed 10(720B) AllocSpace objects, 0(0B) LOS objects, 28% free, 39MB/55MB, paused 867us total 29.528ms

]]><xtc-duration value="120.8530663"/></xtc-step><!-- name: "undefined", id: "undefined" --><![CDATA[
I/ServiceManager(  614): Waiting for service AtCmdFwd...
I/ServiceManager(  614): Waiting for service AtCmdFwd...

]]><xtc-step name="[0-1025]CareerBuilder_Search.DroidFeatureTests.JDPTests.LocationButtonGoesToMap-0-NA-FinalScreenShot" id="[0-1025]CareerBuilder_Search.DroidFeatureTests.JDPTests.LocationButtonGoesToMap-0-NA-FinalScreenShot"><![CDATA[
I/ServiceManager(  614): Waiting for service AtCmdFwd...

]]><xtc-duration value="1.3999735"/></xtc-step><!-- name: "undefined", id: "undefined" --><![CDATA[
I/ServiceManager(  614): Waiting for service AtCmdFwd...
I/ThermalEngine(  519): ACTION: GPU - Setting GPU[0] to 450000000
W/Atfwd_Sendcmd(  614): AtCmdFwd service not published, waiting... retryCnt : 5

]]><xtc-duration value="128.617494" skip="false"/></xtc-scenario><!-- name: "undefined", id: "undefined" --><![CDATA[
I/sensors (  925): batch
I/sensors (  925): flush
I/sensors (  925): flush
I/hubconnection(  925): sensorhub said: 'batch 1 flags:0, sampling_rate_Hz:50.00, max_report_latency_us:0'
I/hubconnection(  925): sensorhub said: 'flush 1'
I/hubconnection(  925): sensorhub said: 'flush 17'
I/hubconnection(  925): saw sensor 17 flushed
I/hubconnection(  925): saw sensor 1 flushed
D/WifiService(  925): acquireWifiLockLocked: WifiLock{NlpWifiLock type=2 binder=android.os.BinderProxy@49ea62}
D/wifi    (  925): Initialized common fields 10000, 25, 100, 10
D/wifi    (  925): bucket[0] = 2:3:10000:2
I/art     (10048): Starting a blocking GC Explicit
I/art     (10048): Explicit concurrent mark sweep GC freed 2043(140KB) AllocSpace objects, 1(20KB) LOS objects, 28% free, 39MB/55MB, paused 597us total 24.700ms
I/art     (10048): Starting a blocking GC Explicit
I/art     (10048): Explicit concurrent mark sweep GC freed 61(2424B) AllocSpace objects, 0(0B) LOS objects, 28% free, 39MB/55MB, paused 576us total 23.632ms
I/art     (10048): Starting a blocking GC Explicit
I/art     (10048): Explicit concurrent mark sweep GC freed 3(96B) AllocSpace objects, 0(0B) LOS objects, 28% free, 39MB/55MB, paused 643us total 24.681ms
I/art     (10048): Starting a blocking GC Explicit
I/art     (10048): Explicit concurrent mark sweep GC freed 10(720B) AllocSpace objects, 0(0B) LOS objects, 28% free, 39MB/55MB, paused 685us total 26.005ms
I/art     (10048): Starting a blocking GC Explicit
I/art     (10048): Explicit concurrent mark sweep GC freed 10(720B) AllocSpace objects, 0(0B) LOS objects, 28% free, 39MB/55MB, paused 582us total 23.691ms
D/WifiService(  925): releaseWifiLockLocked: WifiLock{NlpWifiLock type=2 binder=android.os.BinderProxy@49ea62}
I/ThermalEngine(  519): ACTION: GPU - Setting GPU[0] to 390000000
I/sensors (  925): batch
I/sensors (  925): batch
I/hubconnection(  925): sensorhub said: 'batch 1 flags:0, sampling_rate_Hz:15.00, max_report_latency_us:0'
I/hubconnection(  925): sensorhub said: 'batch 17 flags:0, sampling_rate_Hz:15.00, max_report_latency_us:0'
I/ThermalEngine(  519): ACTION: GPU - Setting GPU[0] to 450000000
D/Mono    (10048): [0xda0e6930] worker finishing
I/art     (10048): Starting a blocking GC Explicit
I/art     (10048): Explicit concurrent mark sweep GC freed 5989(386KB) AllocSpace objects, 2(40KB) LOS objects, 28% free, 39MB/55MB, paused 659us total 28.438ms
I/art     (10048): Starting a blocking GC Explicit
I/art     (10048): Explicit concurrent mark sweep GC freed 87(3KB) AllocSpace objects, 0(0B) LOS objects, 28% free, 39MB/55MB, paused 660us total 26.684ms
I/art     (10048): Starting a blocking GC Explicit
I/art     (10048): Explicit concurrent mark sweep GC freed 10(720B) AllocSpace objects, 0(0B) LOS objects, 28% free, 39MB/55MB, paused 668us total 27.120ms
I/art     (10048): Starting a blocking GC Explicit
I/art     (10048): Explicit concurrent mark sweep GC freed 10(720B) AllocSpace objects, 0(0B) LOS objects, 28% free, 39MB/55MB, paused 659us total 26.853ms
I/art     (10048): Starting a blocking GC Explicit
I/art     (10048): Explicit concurrent mark sweep GC freed 10(720B) AllocSpace objects, 0(0B) LOS objects, 28% free, 39MB/55MB, paused 646us total 26.784ms
I/ThermalEngine(  519): ACTION: GPU - Setting GPU[0] to 510000000
I/art     (10048): Starting a blocking GC Explicit
I/art     (10048): Explicit concurrent mark sweep GC freed 2032(140KB) AllocSpace objects, 1(20KB) LOS objects, 28% free, 39MB/55MB, paused 486us total 22.484ms
I/art     (10048): Starting a blocking GC Explicit
I/art     (10048): Explicit concurrent mark sweep GC freed 27(1320B) AllocSpace objects, 0(0B) LOS objects, 28% free, 39MB/55MB, paused 458us total 19.537ms
I/art     (10048): Starting a blocking GC Explicit
I/art     (10048): Explicit concurrent mark sweep GC freed 3(96B) AllocSpace objects, 0(0B) LOS objects, 28% free, 39MB/55MB, paused 455us total 19.443ms
I/art     (10048): Starting a blocking GC Explicit
I/art     (10048): Explicit concurrent mark sweep GC freed 10(720B) AllocSpace objects, 0(0B) LOS objects, 28% free, 39MB/55MB, paused 459us total 19.375ms
I/art     (10048): Starting a blocking GC Explicit
I/art     (10048): Explicit concurrent mark sweep GC freed 3(96B) AllocSpace objects, 0(0B) LOS objects, 28% free, 39MB/55MB, paused 464us total 19.659ms
I/sensors (  925): batch
I/sensors (  925): flush
I/hubconnection(  925): sensorhub said: 'batch 1 flags:0, sampling_rate_Hz:50.00, max_report_latency_us:0'
I/hubconnection(  925): sensorhub said: 'flush 1'
I/sensors (  925): flush
I/hubconnection(  925): sensorhub said: 'flush 17'
I/hubconnection(  925): saw sensor 1 flushed
I/hubconnection(  925): saw sensor 17 flushed
D/WifiService(  925): acquireWifiLockLocked: WifiLock{NlpWifiLock type=2 binder=android.os.BinderProxy@49ea62}
D/wifi    (  925): Initialized common fields 10000, 25, 100, 10
D/wifi    (  925): bucket[0] = 2:3:10000:2
D/WifiService(  925): releaseWifiLockLocked: WifiLock{NlpWifiLock type=2 binder=android.os.BinderProxy@49ea62}
I/sensors (  925): batch
I/sensors (  925): batch
