<![CDATA[I/ServiceManager(  622): Waiting for service AtCmdFwd...
I/ServiceManager(  622): Waiting for service AtCmdFwd...
I/ServiceManager(  622): Waiting for service AtCmdFwd...
I/ServiceManager(  622): Waiting for service AtCmdFwd...
I/ServiceManager(  622): Waiting for service AtCmdFwd...

]]><xtc-scenario name="[0-1026]CareerBuilder_Search.DroidFeatureTests.JDPTests.LocationButtonShouldBeVisible" id="[0-1026]CareerBuilder_Search.DroidFeatureTests.JDPTests.LocationButtonShouldBeVisible"><![CDATA[
W/Atfwd_Sendcmd(  622): AtCmdFwd service not published, waiting... retryCnt : 4
I/ThermalEngine(  517): ACTION: GPU - Setting GPU[0] to 510000000

]]><xtc-step name="[0-1026]CareerBuilder_Search.DroidFeatureTests.JDPTests.LocationButtonShouldBeVisible-LocationButtonShouldBeVisible" id="[0-1026]CareerBuilder_Search.DroidFeatureTests.JDPTests.LocationButtonShouldBeVisible-LocationButtonShouldBeVisible"><![CDATA[
I/ActivityManager(  926): Killing 7588:com.android.chrome/u0a39 (adj 15): empty #17
I/ThermalEngine(  517): ACTION: GPU - Setting GPU[0] to 450000000
D/WifiStateMachine(  926): starting scan for "xtc-ag"WPA_PSK with 5240,5220,5180
D/NetlinkSocketObserver(  926): NeighborEvent{elapsedMs=174200, 10.22.0.1, [B0FAEB975089], RTM_NEWNEIGH, NUD_STALE}
D/AndroidRuntime( 8300): >>>>>> START com.android.internal.os.RuntimeInit uid 2000 <<<<<<
D/AndroidRuntime( 8300): CheckJNI is OFF
D/ICU     ( 8300): No timezone override file found: /data/misc/zoneinfo/current/icu/icu_tzdata.dat
I/Radio-JNI( 8300): register_android_hardware_Radio DONE
D/AndroidRuntime( 8300): Calling main entry com.android.commands.pm.Pm
I/art     ( 8300): System.exit called, status: 0
I/AndroidRuntime( 8300): VM exiting with result code 0.
W/SQLiteConnectionPool( 4422): A SQLiteConnection object for database '/data/user/0/com.google.android.gms/databases/networkstatistics.sqlite' was leaked!  Please fix your application to end transactions in progress properly and to close the database when it is no longer needed.
I/ServiceManager(  622): Waiting for service AtCmdFwd...
I/ServiceManager(  622): Waiting for service AtCmdFwd...
I/ServiceManager(  622): Waiting for service AtCmdFwd...
I/ServiceManager(  622): Waiting for service AtCmdFwd...
I/ServiceManager(  622): Waiting for service AtCmdFwd...
I/Keyboard.Facilitator.LanguageModelFlusher( 3504): run()
I/Keyboard.Facilitator( 3504): flushDynamicLanguageModels()
W/Atfwd_Sendcmd(  622): AtCmdFwd service not published, waiting... retryCnt : 5
W/ip      ( 8877): type=1400 audit(0.0:69): avc: denied { search } for name="net" dev="dm-2" ino=3440648 scontext=u:r:shell:s0 tcontext=u:object_r:net_data_file:s0 tclass=dir permissive=0
D/WifiStateMachine(  926): starting scan for "xtc-ag"WPA_PSK with 5240,5220,5180
I/Atfwd_Sendcmd(  622): AtCmdFwd service not ready - Exhausted retry attempts - :6
I/Atfwd_Daemon(  622): result : -1 	 ,Init step :2 	 ,qmiErrorCode: 0
D/AndroidRuntime( 9008): >>>>>> START com.android.internal.os.RuntimeInit uid 2000 <<<<<<
D/AndroidRuntime( 9008): CheckJNI is OFF
D/ICU     ( 9008): No timezone override file found: /data/misc/zoneinfo/current/icu/icu_tzdata.dat
I/Radio-JNI( 9008): register_android_hardware_Radio DONE
D/AndroidRuntime( 9008): Calling main entry com.android.commands.am.Am
W/ActivityManager(  926): Invalid packageName: com.careerbuilder.SugarDrone
D/AndroidRuntime( 9008): Shutting down VM
I/ThermalEngine(  517): ACTION: GPU - Setting GPU[0] to 390000000
I/ThermalEngine(  517): ACTION: GPU - Setting GPU[0] to 450000000
I/ServiceManager(  622): Waiting for service AtCmdFwd...
I/ServiceManager(  622): Waiting for service AtCmdFwd...
I/ThermalEngine(  517): ACTION: GPU - Setting GPU[0] to 390000000
I/ServiceManager(  622): Waiting for service AtCmdFwd...
I/ServiceManager(  622): Waiting for service AtCmdFwd...
D/WifiStateMachine(  926): starting scan for "xtc-ag"WPA_PSK with 5240,5220,5180
I/ServiceManager(  622): Waiting for service AtCmdFwd...
W/Atfwd_Sendcmd(  622): AtCmdFwd service not published, waiting... retryCnt : 1
I/ThermalEngine(  517): ACTION: GPU - Setting GPU[0] to 450000000
I/ThermalEngine(  517): ACTION: GPU - Setting GPU[0] to 390000000
I/ServiceManager(  622): Waiting for service AtCmdFwd...
I/ServiceManager(  622): Waiting for service AtCmdFwd...
I/ServiceManager(  622): Waiting for service AtCmdFwd...
I/ThermalEngine(  517): ACTION: GPU - Setting GPU[0] to 450000000
I/ServiceManager(  622): Waiting for service AtCmdFwd...
I/ServiceManager(  622): Waiting for service AtCmdFwd...
W/Atfwd_Sendcmd(  622): AtCmdFwd service not published, waiting... retryCnt : 2
I/ThermalEngine(  517): ACTION: GPU - Setting GPU[0] to 390000000
I/ThermalEngine(  517): ACTION: GPU - Setting GPU[0] to 450000000
D/AndroidRuntime( 9400): >>>>>> START com.android.internal.os.RuntimeInit uid 2000 <<<<<<
D/AndroidRuntime( 9400): CheckJNI is OFF
D/ICU     ( 9400): No timezone override file found: /data/misc/zoneinfo/current/icu/icu_tzdata.dat
I/Radio-JNI( 9400): register_android_hardware_Radio DONE
D/AndroidRuntime( 9400): Calling main entry com.android.commands.pm.Pm
I/ActivityManager(  926): Start proc 9420:com.android.defcontainer/u0a7 for service com.android.defcontainer/.DefaultContainerService
D/DefContainer( 9420): Copying /data/local/tmp/0000006429 to base.apk
I/ThermalEngine(  517): ACTION: GPU - Setting GPU[0] to 390000000
I/PackageManager.DexOptimizer(  926): Running dexopt (dex2oat) on: /data/app/vmdl85272922.tmp/base.apk pkg=com.careerbuilder.SugarDrone isa=arm vmSafeMode=false debuggable=true oatDir = /data/app/vmdl85272922.tmp/oat bootComplete=true
I/dex2oat ( 9456): /system/bin/dex2oat -j2 --debuggable
W/dex2oat ( 9456): Before Android 4.1, method android.graphics.PorterDuffColorFilter android.support.graphics.drawable.VectorDrawableCompat.updateTintFilter(android.graphics.PorterDuffColorFilter, android.content.res.ColorStateList, android.graphics.PorterDuff$Mode) would have incorrectly overridden the package-private method in android.graphics.drawable.Drawable
W/dex2oat ( 9456): Before Android 4.1, method int android.support.v7.widget.ListViewCompat.lookForSelectablePosition(int, boolean) would have incorrectly overridden the package-private method in android.widget.ListView
I/ServiceManager(  622): Waiting for service AtCmdFwd...
I/ServiceManager(  622): Waiting for service AtCmdFwd...
I/ServiceManager(  622): Waiting for service AtCmdFwd...
I/dex2oat ( 9456): dex2oat took 5.565s (threads: 2) arena alloc=640KB java alloc=5MB native alloc=20MB free=2MB
W/PackageManager(  926): Not granting permission android.permission.MANAGE_DOCUMENTS to package com.careerbuilder.SugarDrone (protectionLevel=2 flags=0x3808be46)
W/PackageManager(  926): Not granting permission android.permission.MOUNT_UNMOUNT_FILESYSTEMS to package com.careerbuilder.SugarDrone (protectionLevel=18 flags=0x3808be46)
V/BackupManagerService(  926): restoreAtInstall pkg=com.careerbuilder.SugarDrone token=5 restoreSet=0
V/BackupManagerService(  926): Finishing install immediately
W/Settings(  926): Setting install_non_market_apps has moved from android.provider.Settings.Global to android.provider.Settings.Secure, returning read-only value.
I/art     (  926): Starting a blocking GC Explicit
I/ServiceManager(  622): Waiting for service AtCmdFwd...
I/art     (  926): Explicit concurrent mark sweep GC freed 16575(1226KB) AllocSpace objects, 2(40KB) LOS objects, 33% free, 30MB/45MB, paused 2.280ms total 96.400ms
I/art     ( 9400): System.exit called, status: 0
I/AndroidRuntime( 9400): VM exiting with result code 0.
I/InputReader(  926): Reconfiguring input devices.  changes=0x00000010
D/CarrierServiceBindHelper( 3623): Receive action: android.intent.action.PACKAGE_ADDED
D/CarrierServiceBindHelper( 3623): mHandler: 3
D/CarrierConfigLoader( 3623): mHandler: 9 phoneId: 0
I/ActivityManager(  926): Start proc 9541:com.android.musicfx/u0a21 for broadcast com.android.musicfx/.Compatibility$Receiver
W/System  ( 9541): ClassLoader referenced unknown path: /system/priv-app/MusicFX/lib/arm64
I/ActivityManager(  926): Start proc 9557:com.android.vending/u0a22 for broadcast com.android.vending/com.google.android.finsky.receivers.PackageMonitorReceiver$RegisteredReceiver
W/System  ( 9557): ClassLoader referenced unknown path: /system/priv-app/Phonesky/lib/arm64
I/ActivityManager(  926): Killing 7446:com.google.android.music:main/u0a59 (adj 15): empty #17
W/Finsky  ( 9557): [1] FinskyApp.getCurrentAccount: No account configured on this device.
D/Finsky  ( 9557): [1] FinskyApp.onCreate: Initializing network with DFE https://android.clients.google.com/fdfe/
W/Finsky  ( 9557): [1] FinskyApp.getCurrentAccount: No account configured on this device.
W/Finsky  ( 9557): [1] FinskyApp.getCurrentAccount: No account configured on this device.
W/Finsky  ( 9557): [1] FinskyApp.getCurrentAccount: No account configured on this device.
W/Finsky  ( 9557): [1] FinskyApp.getCurrentAccount: No account configured on this device.
W/Finsky  ( 9557): [1] FinskyApp.getCurrentAccount: No account configured on this device.
W/Finsky  ( 9557): [1] FinskyApp.getCurrentAccount: No account configured on this device.
W/Finsky  ( 9557): [1] FinskyApp.getCurrentAccount: No account configured on this device.
D/Finsky  ( 9557): [1] DailyHygiene.goMakeHygieneIfDirty: No need to run daily hygiene.
W/Settings( 9557): Setting download_manager_max_bytes_over_mobile has moved from android.provider.Settings.Secure to android.provider.Settings.Global.
W/Settings( 9557): Setting download_manager_recommended_max_bytes_over_mobile has moved from android.provider.Settings.Secure to android.provider.Settings.Global.
W/Finsky  ( 9557): [1] FinskyApp.getCurrentAccount: No account configured on this device.
W/Finsky  ( 9557): [1] FinskyApp.getCurrentAccount: No account configured on this device.
W/Finsky  ( 9557): [1] FinskyApp.getDfeApi: No account configured on this device.
W/Finsky  ( 9557): [1] FinskyApp.getCurrentAccount: No account configured on this device.
I/ActivityManager(  926): Start proc 9602:com.google.android.apps.docs/u0a43 for broadcast com.google.android.apps.docs/.receivers.AppPackageAddRemoveReceiver
W/System  ( 9602): ClassLoader referenced unknown path: /system/app/Drive/lib/arm64
I/UpdateIcingCorporaServi( 7830): Updating corpora: APPS=com.careerbuilder.SugarDrone, CONTACTS=MAYBE
D/Ads     ( 9557): Skipping gmscore version check
W/IcingInternalCorpora( 4422): getNumBytesRead when not calculated.
I/ServiceManager(  622): Waiting for service AtCmdFwd...
I/UpdateIcingCorporaServi( 7830): UpdateCorporaTask done [took 259 ms] updated apps [took 259 ms] 
D/AndroidRuntime( 9572): >>>>>> START com.android.internal.os.RuntimeInit uid 2000 <<<<<<
D/AndroidRuntime( 9572): CheckJNI is OFF
D/Finsky  ( 9557): [1] ExternalReferrer.access$200: Package state data is missing for com.careerbuilder.SugarDrone
W/Finsky  ( 9557): [1] FinskyApp.getCurrentAccount: No account configured on this device.
D/ICU     ( 9572): No timezone override file found: /data/misc/zoneinfo/current/icu/icu_tzdata.dat
W/Finsky  ( 9557): [1] FinskyApp.getCurrentAccount: No account configured on this device.
I/Icing   ( 4422): Usage reports 0 indexed 0 rejected 0 imm upload true
D/Finsky  ( 9557): [1] GmsCoreHelper.cleanupNlp: result=false type=4
I/Radio-JNI( 9572): register_android_hardware_Radio DONE
D/Finsky  ( 9557): [1] RestoreTracker.stopServiceIfDone: Restore complete with 0 success and 0 failed.
D/AndroidRuntime( 9572): Calling main entry com.android.commands.settings.SettingsCmd
D/AndroidRuntime( 9572): Shutting down VM
E/art     ( 9572): Thread attaching while runtime is shutting down: Binder_1
I/AndroidRuntime( 9572): NOTE: attach of thread 'Binder_1' failed
D/NetlinkSocketObserver(  926): NeighborEvent{elapsedMs=259490, 10.22.0.1, [B0FAEB975089], RTM_NEWNEIGH, NUD_PROBE}
I/GAv4    ( 9602): Google Analytics 7.8.95 is starting up. To enable debug logging on a device run:
I/GAv4    ( 9602):   adb shell setprop log.tag.GAv4 DEBUG
I/GAv4    ( 9602):   adb logcat -s GAv4
W/GAv4    ( 9602): AnalyticsReceiver is not registered or is disabled. Register the receiver for reliable dispatching on non-Google Play devices. See http://goo.gl/8Rd3yj for instructions.
W/GAv4    ( 9602): CampaignTrackingReceiver is not registered, not exported or is disabled. Installation campaign tracking is not possible. See http://goo.gl/8Rd3yj for instructions.
W/AnalyticsTrackerProxyImpl( 9602): Analytics setup for ID UA-21125203-2, app name Drive, version 2.3.327.05.46
W/GAv4    ( 9602): AnalyticsService not registered in the app manifest. Hits might not be delivered reliably. See http://goo.gl/8Rd3yj for instructions.
I/ActivityManager(  926): Killing 7666:com.google.android.gms.unstable/u0a12 (adj 15): empty #17
D/Wear_Controller( 4422): Received broadcast action=android.intent.action.PACKAGE_ADDED and uri=com.careerbuilder.SugarDrone
I/PeopleContactsSync( 4422): triggerPendingContactsCleanup: no accounts
I/Icing   ( 4422): Usage reports 0 indexed 0 rejected 0 imm upload false
I/Icing   ( 4422): Usage reports 0 indexed 0 rejected 0 imm upload false
W/Atfwd_Sendcmd(  622): AtCmdFwd service not published, waiting... retryCnt : 3
I/Icing   ( 4422): Indexing 28F82D1719B878795C499362459A54C53C07CE39 from com.google.android.googlequicksearchbox
D/AndroidRuntime( 9645): >>>>>> START com.android.internal.os.RuntimeInit uid 2000 <<<<<<
D/AndroidRuntime( 9645): CheckJNI is OFF
I/Icing   ( 4422): Indexing done 28F82D1719B878795C499362459A54C53C07CE39
D/ICU     ( 9645): No timezone override file found: /data/misc/zoneinfo/current/icu/icu_tzdata.dat
I/Radio-JNI( 9645): register_android_hardware_Radio DONE
D/AndroidRuntime( 9645): Calling main entry com.android.commands.settings.SettingsCmd
D/AndroidRuntime( 9645): Shutting down VM
E/art     ( 9645): Thread attaching while runtime is shutting down: Binder_1
I/AndroidRuntime( 9645): NOTE: attach of thread 'Binder_1' failed
W/linker  ( 9602): /data/app/com.google.android.gms-2/lib/arm64/libconscrypt_gmscore_jni.so: unused DT entry: type 0x1d arg 0x80
V/JNIHelp ( 9602): Registering com/google/android/gms/org/conscrypt/NativeCrypto's 242 native methods...
I/art     ( 9602): Rejecting re-init on previously-failed class java.lang.Class<com.google.android.gms.org.conscrypt.OpenSSLExtendedSessionImpl>
I/art     ( 9602): Rejecting re-init on previously-failed class java.lang.Class<com.google.android.gms.org.conscrypt.OpenSSLExtendedSessionImpl>
I/ProviderInstaller( 9602): Installed default security provider GmsCore_OpenSSL
I/Icing   ( 4422): Indexing 0469E070D22A38B042E767B0F2FFD16370CACCB7 from com.google.android.gms
I/Icing   ( 4422): Indexing done 0469E070D22A38B042E767B0F2FFD16370CACCB7
I/ActivityManager(  926): Killing 7965:com.android.providers.calendar/u0a1 (adj 15): empty #17
D/AndroidRuntime( 9694): >>>>>> START com.android.internal.os.RuntimeInit uid 2000 <<<<<<
D/AndroidRuntime( 9694): CheckJNI is OFF
D/ICU     ( 9694): No timezone override file found: /data/misc/zoneinfo/current/icu/icu_tzdata.dat
I/Radio-JNI( 9694): register_android_hardware_Radio DONE
D/AndroidRuntime( 9694): Calling main entry com.android.commands.settings.SettingsCmd
D/AndroidRuntime( 9694): Shutting down VM
D/AndroidRuntime( 9719): >>>>>> START com.android.internal.os.RuntimeInit uid 2000 <<<<<<
D/AndroidRuntime( 9719): CheckJNI is OFF
D/ICU     ( 9719): No timezone override file found: /data/misc/zoneinfo/current/icu/icu_tzdata.dat
I/Radio-JNI( 9719): register_android_hardware_Radio DONE
D/AndroidRuntime( 9719): Calling main entry com.android.commands.settings.SettingsCmd
D/AndroidRuntime( 9719): Shutting down VM
D/AndroidRuntime( 9741): >>>>>> START com.android.internal.os.RuntimeInit uid 2000 <<<<<<
D/AndroidRuntime( 9741): CheckJNI is OFF
D/ICU     ( 9741): No timezone override file found: /data/misc/zoneinfo/current/icu/icu_tzdata.dat
I/Radio-JNI( 9741): register_android_hardware_Radio DONE
D/AndroidRuntime( 9741): Calling main entry com.android.commands.settings.SettingsCmd
D/AndroidRuntime( 9741): Shutting down VM
D/AndroidRuntime( 9763): >>>>>> START com.android.internal.os.RuntimeInit uid 2000 <<<<<<
D/AndroidRuntime( 9763): CheckJNI is OFF
D/ICU     ( 9763): No timezone override file found: /data/misc/zoneinfo/current/icu/icu_tzdata.dat
I/Radio-JNI( 9763): register_android_hardware_Radio DONE
D/AndroidRuntime( 9763): Calling main entry com.android.commands.appops.AppOpsCommand
D/AndroidRuntime( 9763): Shutting down VM
D/AndroidRuntime( 9786): >>>>>> START com.android.internal.os.RuntimeInit uid 2000 <<<<<<
D/AndroidRuntime( 9786): CheckJNI is OFF
D/ICU     ( 9786): No timezone override file found: /data/misc/zoneinfo/current/icu/icu_tzdata.dat
I/Radio-JNI( 9786): register_android_hardware_Radio DONE
D/AndroidRuntime( 9786): Calling main entry com.android.commands.pm.Pm
I/art     ( 9786): System.exit called, status: 0
I/AndroidRuntime( 9786): VM exiting with result code 0.
I/ActivityManager(  926): Killing 7049:com.google.android.talk/u0a53 (adj 15): empty #17
D/AndroidRuntime( 9832): >>>>>> START com.android.internal.os.RuntimeInit uid 2000 <<<<<<
D/AndroidRuntime( 9832): CheckJNI is OFF
D/ICU     ( 9832): No timezone override file found: /data/misc/zoneinfo/current/icu/icu_tzdata.dat
I/Radio-JNI( 9832): register_android_hardware_Radio DONE
D/AndroidRuntime( 9832): Calling main entry com.android.commands.pm.Pm
I/art     ( 9832): System.exit called, status: 0
I/AndroidRuntime( 9832): VM exiting with result code 0.
D/AndroidRuntime( 9910): >>>>>> START com.android.internal.os.RuntimeInit uid 2000 <<<<<<
D/AndroidRuntime( 9910): CheckJNI is OFF
D/ICU     ( 9910): No timezone override file found: /data/misc/zoneinfo/current/icu/icu_tzdata.dat
I/Radio-JNI( 9910): register_android_hardware_Radio DONE
I/ThermalEngine(  517): ACTION: GPU - Setting GPU[0] to 450000000
D/AndroidRuntime( 9910): Calling main entry com.android.commands.am.Am
W/ActivityManager(  926): Invalid packageName: com.careerbuilder.SugarDrone.test
D/AndroidRuntime( 9910): Shutting down VM
D/AndroidRuntime( 9939): >>>>>> START com.android.internal.os.RuntimeInit uid 2000 <<<<<<
D/AndroidRuntime( 9939): CheckJNI is OFF
D/ICU     ( 9939): No timezone override file found: /data/misc/zoneinfo/current/icu/icu_tzdata.dat
I/Radio-JNI( 9939): register_android_hardware_Radio DONE
D/AndroidRuntime( 9939): Calling main entry com.android.commands.pm.Pm
D/DefContainer( 9420): Copying /data/local/tmp/0000006430 to base.apk
I/PackageManager.DexOptimizer(  926): Running dexopt (dex2oat) on: /data/app/vmdl238141233.tmp/base.apk pkg=com.careerbuilder.SugarDrone.test isa=arm64 vmSafeMode=false debuggable=false oatDir = /data/app/vmdl238141233.tmp/oat bootComplete=true
I/dex2oat ( 9960): /system/bin/dex2oat -j2
I/ThermalEngine(  517): ACTION: GPU - Setting GPU[0] to 390000000
W/dex2oat ( 9960): No verified method for method calling String.<init>: java.lang.String android.text.TextUtils.substring(java.lang.CharSequence, int, int)
W/dex2oat ( 9960): No verified method for method calling String.<init>: java.lang.String android.text.TextUtils.substring(java.lang.CharSequence, int, int)
W/ip      ( 9977): type=1400 audit(0.0:70): avc: denied { search } for name="net" dev="dm-2" ino=3440648 scontext=u:r:shell:s0 tcontext=u:object_r:net_data_file:s0 tclass=dir permissive=0
D/Finsky  ( 9557): [400] AppStatesReplicator.handleContentSyncResponse: Completed 0 account content syncs with 0 successful.
D/Finsky  ( 9557): [1] ContentSyncService$5.onFinished: Installation state replication succeeded.
D/WifiStateMachine(  926): starting scan for "xtc-ag"WPA_PSK with 5240,5200,5220,5180
I/dex2oat ( 9960): Skipping compilation of void sh.calaba.org.codehaus.jackson.impl.Utf8StreamParser._skipString(): it contains a non natural loop
I/ServiceManager(  622): Waiting for service AtCmdFwd...
I/dex2oat ( 9960): dex2oat took 2.549s (threads: 2) arena alloc=2MB java alloc=2MB native alloc=9MB free=1766KB
W/PackageManager(  926): Not granting permission android.permission.ACCESS_MOCK_LOCATION to package com.careerbuilder.SugarDrone.test (protectionLevel=2 flags=0x1800be44)
V/BackupManagerService(  926): restoreAtInstall pkg=com.careerbuilder.SugarDrone.test token=6 restoreSet=0
V/BackupManagerService(  926): Finishing install immediately
W/Settings(  926): Setting install_non_market_apps has moved from android.provider.Settings.Global to android.provider.Settings.Secure, returning read-only value.
I/art     (  926): Starting a blocking GC Explicit
I/art     (  926): Explicit concurrent mark sweep GC freed 104780(6MB) AllocSpace objects, 18(440KB) LOS objects, 33% free, 30MB/45MB, paused 1.640ms total 106.655ms
I/art     ( 9939): System.exit called, status: 0
I/AndroidRuntime( 9939): VM exiting with result code 0.
I/InputReader(  926): Reconfiguring input devices.  changes=0x00000010
D/CarrierServiceBindHelper( 3623): Receive action: android.intent.action.PACKAGE_ADDED
D/CarrierServiceBindHelper( 3623): mHandler: 3
D/CarrierConfigLoader( 3623): mHandler: 9 phoneId: 0
D/Finsky  ( 9557): [1] ExternalReferrer.access$200: Package state data is missing for com.careerbuilder.SugarDrone.test
I/UpdateIcingCorporaServi( 7830): Updating corpora: APPS=com.careerbuilder.SugarDrone.test, CONTACTS=MAYBE
I/UpdateIcingCorporaServi( 7830): UpdateCorporaTask done [took 61 ms] updated apps [took 61 ms] 
D/Wear_Controller( 4422): Received broadcast action=android.intent.action.PACKAGE_ADDED and uri=com.careerbuilder.SugarDrone.test
W/IcingInternalCorpora( 4422): getNumBytesRead when not calculated.
I/PeopleContactsSync( 4422): triggerPendingContactsCleanup: no accounts
I/Icing   ( 4422): Usage reports 0 indexed 0 rejected 0 imm upload false
I/Icing   ( 4422): Usage reports 0 indexed 0 rejected 0 imm upload false
I/ServiceManager(  622): Waiting for service AtCmdFwd...
D/AndroidRuntime(10024): >>>>>> START com.android.internal.os.RuntimeInit uid 2000 <<<<<<
D/AndroidRuntime(10024): CheckJNI is OFF
D/ICU     (10024): No timezone override file found: /data/misc/zoneinfo/current/icu/icu_tzdata.dat
I/Radio-JNI(10024): register_android_hardware_Radio DONE
D/AndroidRuntime(10024): Calling main entry com.android.commands.settings.SettingsCmd
D/AndroidRuntime(10024): Shutting down VM
I/Icing   ( 4422): Indexing 0469E070D22A38B042E767B0F2FFD16370CACCB7 from com.google.android.gms
I/Icing   ( 4422): Indexing done 0469E070D22A38B042E767B0F2FFD16370CACCB7
I/ServiceManager(  622): Waiting for service AtCmdFwd...
D/AndroidRuntime(10060): >>>>>> START com.android.internal.os.RuntimeInit uid 2000 <<<<<<
D/AndroidRuntime(10060): CheckJNI is OFF
D/ICU     (10060): No timezone override file found: /data/misc/zoneinfo/current/icu/icu_tzdata.dat
I/Radio-JNI(10060): register_android_hardware_Radio DONE
D/AndroidRuntime(10060): Calling main entry com.android.commands.settings.SettingsCmd
D/AndroidRuntime(10060): Shutting down VM
I/ServiceManager(  622): Waiting for service AtCmdFwd...
D/AndroidRuntime(10084): >>>>>> START com.android.internal.os.RuntimeInit uid 2000 <<<<<<
D/AndroidRuntime(10084): CheckJNI is OFF
D/ICU     (10084): No timezone override file found: /data/misc/zoneinfo/current/icu/icu_tzdata.dat
I/Radio-JNI(10084): register_android_hardware_Radio DONE
D/AndroidRuntime(10084): Calling main entry com.android.commands.settings.SettingsCmd
D/AndroidRuntime(10084): Shutting down VM
I/ServiceManager(  622): Waiting for service AtCmdFwd...
D/AndroidRuntime(10108): >>>>>> START com.android.internal.os.RuntimeInit uid 2000 <<<<<<
D/AndroidRuntime(10108): CheckJNI is OFF
D/ICU     (10108): No timezone override file found: /data/misc/zoneinfo/current/icu/icu_tzdata.dat
I/Radio-JNI(10108): register_android_hardware_Radio DONE
D/AndroidRuntime(10108): Calling main entry com.android.commands.settings.SettingsCmd
D/AndroidRuntime(10108): Shutting down VM
W/Atfwd_Sendcmd(  622): AtCmdFwd service not published, waiting... retryCnt : 4
D/AndroidRuntime(10130): >>>>>> START com.android.internal.os.RuntimeInit uid 2000 <<<<<<
D/AndroidRuntime(10130): CheckJNI is OFF
D/ICU     (10130): No timezone override file found: /data/misc/zoneinfo/current/icu/icu_tzdata.dat
I/Radio-JNI(10130): register_android_hardware_Radio DONE
D/AndroidRuntime(10130): Calling main entry com.android.commands.settings.SettingsCmd
D/AndroidRuntime(10130): Shutting down VM
D/AndroidRuntime(10151): >>>>>> START com.android.internal.os.RuntimeInit uid 2000 <<<<<<
D/AndroidRuntime(10151): CheckJNI is OFF
D/ICU     (10151): No timezone override file found: /data/misc/zoneinfo/current/icu/icu_tzdata.dat
I/Radio-JNI(10151): register_android_hardware_Radio DONE
D/AndroidRuntime(10151): Calling main entry com.android.commands.appops.AppOpsCommand
D/AndroidRuntime(10151): Shutting down VM
D/AndroidRuntime(10174): >>>>>> START com.android.internal.os.RuntimeInit uid 2000 <<<<<<
D/AndroidRuntime(10174): CheckJNI is OFF
D/ICU     (10174): No timezone override file found: /data/misc/zoneinfo/current/icu/icu_tzdata.dat
I/Radio-JNI(10174): register_android_hardware_Radio DONE
D/AndroidRuntime(10174): Calling main entry com.android.commands.pm.Pm
I/art     (10174): System.exit called, status: 0
I/AndroidRuntime(10174): VM exiting with result code 0.
D/NetlinkSocketObserver(  926): NeighborEvent{elapsedMs=284640, 10.22.0.1, [B0FAEB975089], RTM_NEWNEIGH, NUD_STALE}
D/AndroidRuntime(10223): >>>>>> START com.android.internal.os.RuntimeInit uid 2000 <<<<<<
D/AndroidRuntime(10223): CheckJNI is OFF
D/ICU     (10223): No timezone override file found: /data/misc/zoneinfo/current/icu/icu_tzdata.dat
I/Radio-JNI(10223): register_android_hardware_Radio DONE
D/AndroidRuntime(10223): Calling main entry com.android.commands.pm.Pm
I/art     (10223): System.exit called, status: 0
I/AndroidRuntime(10223): VM exiting with result code 0.
I/ThermalEngine(  517): ACTION: GPU - Setting GPU[0] to 450000000
D/AndroidRuntime(10287): >>>>>> START com.android.internal.os.RuntimeInit uid 2000 <<<<<<
D/AndroidRuntime(10287): CheckJNI is OFF
D/ICU     (10287): No timezone override file found: /data/misc/zoneinfo/current/icu/icu_tzdata.dat
I/Radio-JNI(10287): register_android_hardware_Radio DONE
D/AndroidRuntime(10287): Calling main entry com.android.commands.input.Input
I/Input   (10287): injectKeyEvent: KeyEvent { action=ACTION_DOWN, keyCode=KEYCODE_BACK, scanCode=0, metaState=0, flags=0x0, repeatCount=0, eventTime=288628, downTime=288628, deviceId=-1, source=0x101 }
I/Input   (10287): injectKeyEvent: KeyEvent { action=ACTION_UP, keyCode=KEYCODE_BACK, scanCode=0, metaState=0, flags=0x0, repeatCount=0, eventTime=288628, downTime=288628, deviceId=-1, source=0x101 }
D/EmojiAltPhysicalKeyDetector( 3504): onKeyUp() : KeyEvent { action=ACTION_UP, keyCode=KEYCODE_BACK, scanCode=0, metaState=0, flags=0x0, repeatCount=0, eventTime=288628, downTime=288628, deviceId=-1, source=0x101 }
D/EmojiAltPhysicalKeyDetector( 3504): onKeyUp() : Disabled
D/AndroidRuntime(10287): Shutting down VM
I/ThermalEngine(  517): ACTION: GPU - Setting GPU[0] to 390000000
D/AndroidRuntime(10340): >>>>>> START com.android.internal.os.RuntimeInit uid 2000 <<<<<<
D/AndroidRuntime(10340): CheckJNI is OFF
D/ICU     (10340): No timezone override file found: /data/misc/zoneinfo/current/icu/icu_tzdata.dat
I/Radio-JNI(10340): register_android_hardware_Radio DONE
D/AndroidRuntime(10340): Calling main entry com.android.commands.input.Input
I/Input   (10340): injectKeyEvent: KeyEvent { action=ACTION_DOWN, keyCode=KEYCODE_HOME, scanCode=0, metaState=0, flags=0x0, repeatCount=0, eventTime=290562, downTime=290562, deviceId=-1, source=0x101 }
I/Input   (10340): injectKeyEvent: KeyEvent { action=ACTION_UP, keyCode=KEYCODE_HOME, scanCode=0, metaState=0, flags=0x0, repeatCount=0, eventTime=290562, downTime=290562, deviceId=-1, source=0x101 }
I/ActivityManager(  926): START u0 {act=android.intent.action.MAIN cat=[android.intent.category.HOME] flg=0x10200000 cmp=com.google.android.googlequicksearchbox/com.google.android.launcher.GEL (has extras)} from uid 1000 on display 0
D/AndroidRuntime(10340): Shutting down VM
I/GEL     ( 3655): handleIntent(Intent { act=android.intent.action.MAIN cat=[android.intent.category.HOME] flg=0x10200000 cmp=com.google.android.googlequicksearchbox/com.google.android.launcher.GEL (has extras) })
D/Finsky  ( 9557): [400] AppStatesReplicator.handleContentSyncResponse: Completed 0 account content syncs with 0 successful.
D/Finsky  ( 9557): [1] ContentSyncService$5.onFinished: Installation state replication succeeded.
D/AndroidRuntime(10375): >>>>>> START com.android.internal.os.RuntimeInit uid 2000 <<<<<<
D/AndroidRuntime(10375): CheckJNI is OFF
D/ICU     (10375): No timezone override file found: /data/misc/zoneinfo/current/icu/icu_tzdata.dat
I/Radio-JNI(10375): register_android_hardware_Radio DONE
D/AndroidRuntime(10375): Calling main entry com.android.commands.input.Input
I/Input   (10375): injectKeyEvent: KeyEvent { action=ACTION_DOWN, keyCode=KEYCODE_BACK, scanCode=0, metaState=0, flags=0x0, repeatCount=0, eventTime=292127, downTime=292127, deviceId=-1, source=0x101 }
I/Input   (10375): injectKeyEvent: KeyEvent { action=ACTION_UP, keyCode=KEYCODE_BACK, scanCode=0, metaState=0, flags=0x0, repeatCount=0, eventTime=292127, downTime=292127, deviceId=-1, source=0x101 }
D/EmojiAltPhysicalKeyDetector( 3504): onKeyUp() : KeyEvent { action=ACTION_UP, keyCode=KEYCODE_BACK, scanCode=0, metaState=0, flags=0x0, repeatCount=0, eventTime=292127, downTime=292127, deviceId=-1, source=0x101 }
D/EmojiAltPhysicalKeyDetector( 3504): onKeyUp() : Disabled
D/AndroidRuntime(10375): Shutting down VM
D/AndroidRuntime(10412): >>>>>> START com.android.internal.os.RuntimeInit uid 2000 <<<<<<
D/AndroidRuntime(10412): CheckJNI is OFF
D/ICU     (10412): No timezone override file found: /data/misc/zoneinfo/current/icu/icu_tzdata.dat
I/Radio-JNI(10412): register_android_hardware_Radio DONE
D/AndroidRuntime(10412): Calling main entry com.android.commands.am.Am
I/ActivityManager(  926): Force stopping com.careerbuilder.SugarDrone appid=19224 user=0: start instr
I/ActivityManager(  926): Start proc 10430:com.careerbuilder.SugarDrone/u0a9224 for added application com.careerbuilder.SugarDrone
I/art     (10430): Late-enabling -Xcheck:jni
E/dex2oat (10444): Failed to create oat file: /data/dalvik-cache/arm/data@app@com.careerbuilder.SugarDrone.test-1@base.apk@classes.dex: Permission denied
I/dex2oat (10444): dex2oat took 796.145us (threads: 2) 
W/art     (10430): Failed execv(/system/bin/dex2oat --runtime-arg -classpath --runtime-arg  --instruction-set=arm --instruction-set-features=smp,div,-atomic_ldrd_strd --runtime-arg -Xrelocate --boot-image=/system/framework/boot.art --runtime-arg -Xms64m --runtime-arg -Xmx512m -j2 --instruction-set-variant=cortex-a7 --instruction-set-features=default --dex-file=/data/app/com.careerbuilder.SugarDrone.test-1/base.apk --oat-file=/data/dalvik-cache/arm/data@app@com.careerbuilder.SugarDrone.test-1@base.apk@classes.dex) because non-0 exit status
W/System  (10430): ClassLoader referenced unknown path: /data/app/com.careerbuilder.SugarDrone.test-1/lib/arm64
W/monodroid(10430): Using override path: /data/user/0/com.careerbuilder.SugarDrone/files/.__override__
W/monodroid(10430): Trying to load sgen from: /data/user/0/com.careerbuilder.SugarDrone/files/.__override__/libmonosgen-2.0.so
W/monodroid(10430): Trying to load sgen from: /storage/emulated/0/Android/data/com.careerbuilder.SugarDrone/files/.__override__/libmonosgen-2.0.so
W/monodroid(10430): Trying to load sgen from: /data/app/com.careerbuilder.SugarDrone-1/lib/arm/libmonosgen-2.0.so
D/Mono    (10430): Image addref mscorlib[0xef6e9020] -> mscorlib.dll[0xed27bd00]: 2
D/Mono    (10430): Prepared to set up assembly 'mscorlib' (mscorlib.dll)
D/Mono    (10430): AOT module 'mscorlib.dll.so' not found: dlopen failed: library "/data/app/com.careerbuilder.SugarDrone-1/lib/arm/libaot-mscorlib.dll.so" not found
D/Mono    (10430): AOT module '/Users/builder/data/lanes/4009/3a62f1ea/source/monodroid/builds/install/mono-armv6/lib/mono/aot-cache/arm/mscorlib.dll.so' not found: dlopen failed: library "/data/app/com.careerbuilder.SugarDrone-1/lib/arm/libaot-mscorlib.dll.so" not found
D/Mono    (10430): Config attempting to parse: 'mscorlib.dll.config'.
D/Mono    (10430): Config attempting to parse: '/Users/builder/data/lanes/4009/3a62f1ea/source/monodroid/builds/install/mono-armv6/etc/mono/assemblies/mscorlib/mscorlib.config'.
D/Mono    (10430): Assembly mscorlib[0xef6e9020] added to domain RootDomain, ref_count=1
D/Mono    (10430): Image addref CareerBuilder_Search.Droid[0xef6e9080] -> CareerBuilder_Search.Droid.dll[0xed27cc00]: 2
D/Mono    (10430): Prepared to set up assembly 'CareerBuilder_Search.Droid' (CareerBuilder_Search.Droid.dll)
D/Mono    (10430): Assembly CareerBuilder_Search.Droid[0xef6e9080] added to domain RootDomain, ref_count=1
D/Mono    (10430): AOT module 'CareerBuilder_Search.Droid.dll.so' not found: dlopen failed: library "/data/app/com.careerbuilder.SugarDrone-1/lib/arm/libaot-CareerBuilder_Search.Droid.dll.so" not found
D/Mono    (10430): AOT module '/Users/builder/data/lanes/4009/3a62f1ea/source/monodroid/builds/install/mono-armv6/lib/mono/aot-cache/arm/CareerBuilder_Search.Droid.dll.so' not found: dlopen failed: library "/data/app/com.careerbuilder.SugarDrone-1/lib/arm/libaot-CareerBuilder_Search.Droid.dll.so" not found
D/Mono    (10430): Config attempting to parse: 'CareerBuilder_Search.Droid.dll.config'.
D/Mono    (10430): Config attempting to parse: '/Users/builder/data/lanes/4009/3a62f1ea/source/monodroid/builds/install/mono-armv6/etc/mono/assemblies/CareerBuilder_Search.Droid/CareerBuilder_Search.Droid.config'.
D/Mono    (10430): Image addref AppsFlyerXamarinBindingAndroid[0xef6e90e0] -> AppsFlyerXamarinBindingAndroid.dll[0xf53b6f00]: 2
D/Mono    (10430): Prepared to set up assembly 'AppsFlyerXamarinBindingAndroid' (AppsFlyerXamarinBindingAndroid.dll)
D/Mono    (10430): Assembly AppsFlyerXamarinBindingAndroid[0xef6e90e0] added to domain RootDomain, ref_count=1
D/Mono    (10430): AOT module 'AppsFlyerXamarinBindingAndroid.dll.so' not found: dlopen failed: library "/data/app/com.careerbuilder.SugarDrone-1/lib/arm/libaot-AppsFlyerXamarinBindingAndroid.dll.so" not found
D/Mono    (10430): AOT module '/Users/builder/data/lanes/4009/3a62f1ea/source/monodroid/builds/install/mono-armv6/lib/mono/aot-cache/arm/AppsFlyerXamarinBindingAndroid.dll.so' not found: dlopen failed: library "/data/app/com.careerbuilder.SugarDrone-1/lib/arm/libaot-AppsFlyerXamarinBindingAndroid.dll.so" not found
D/Mono    (10430): Config attempting to parse: 'AppsFlyerXamarinBindingAndroid.dll.config'.
D/Mono    (10430): Config attempting to parse: '/Users/builder/data/lanes/4009/3a62f1ea/source/monodroid/builds/install/mono-armv6/etc/mono/assemblies/AppsFlyerXamarinBindingAndroid/AppsFlyerXamarinBindingAndroid.config'.
D/Mono    (10430): Image addref HockeySDK[0xef6e9140] -> HockeySDK.dll[0xf53b7400]: 2
D/Mono    (10430): Prepared to set up assembly 'HockeySDK' (HockeySDK.dll)
D/Mono    (10430): Assembly HockeySDK[0xef6e9140] added to domain RootDomain, ref_count=1
D/Mono    (10430): AOT module 'HockeySDK.dll.so' not found: dlopen failed: library "/data/app/com.careerbuilder.SugarDrone-1/lib/arm/libaot-HockeySDK.dll.so" not found
D/Mono    (10430): AOT module '/Users/builder/data/lanes/4009/3a62f1ea/source/monodroid/builds/install/mono-armv6/lib/mono/aot-cache/arm/HockeySDK.dll.so' not found: dlopen failed: library "/data/app/com.careerbuilder.SugarDrone-1/lib/arm/libaot-HockeySDK.dll.so" not found
D/Mono    (10430): Config attempting to parse: 'HockeySDK.dll.config'.
D/Mono    (10430): Config attempting to parse: '/Users/builder/data/lanes/4009/3a62f1ea/source/monodroid/builds/install/mono-armv6/etc/mono/assemblies/HockeySDK/HockeySDK.config'.
D/Mono    (10430): Image addref Akavache[0xef6e91a0] -> Akavache.dll[0xf53b7900]: 2
D/Mono    (10430): Prepared to set up assembly 'Akavache' (Akavache.dll)
D/Mono    (10430): Assembly Akavache[0xef6e91a0] added to domain RootDomain, ref_count=1
D/Mono    (10430): AOT module 'Akavache.dll.so' not found: dlopen failed: library "/data/app/com.careerbuilder.SugarDrone-1/lib/arm/libaot-Akavache.dll.so" not found
D/Mono    (10430): AOT module '/Users/builder/data/lanes/4009/3a62f1ea/source/monodroid/builds/install/mono-armv6/lib/mono/aot-cache/arm/Akavache.dll.so' not found: dlopen failed: library "/data/app/com.careerbuilder.SugarDrone-1/lib/arm/libaot-Akavache.dll.so" not found
D/Mono    (10430): Config attempting to parse: 'Akavache.dll.config'.
D/Mono    (10430): Config attempting to parse: '/Users/builder/data/lanes/4009/3a62f1ea/source/monodroid/builds/install/mono-armv6/etc/mono/assemblies/Akavache/Akavache.config'.
D/Mono    (10430): Image addref Akavache.Sqlite3[0xef6e9200] -> Akavache.Sqlite3.dll[0xea88d000]: 2
D/Mono    (10430): Prepared to set up assembly 'Akavache.Sqlite3' (Akavache.Sqlite3.dll)
D/Mono    (10430): Assembly Akavache.Sqlite3[0xef6e9200] added to domain RootDomain, ref_count=1
D/Mono    (10430): AOT module 'Akavache.Sqlite3.dll.so' not found: dlopen failed: library "/data/app/com.careerbuilder.SugarDrone-1/lib/arm/libaot-Akavache.Sqlite3.dll.so" not found
D/Mono    (10430): AOT module '/Users/builder/data/lanes/4009/3a62f1ea/source/monodroid/builds/install/mono-armv6/lib/mono/aot-cache/arm/Akavache.Sqlite3.dll.so' not found: dlopen failed: library "/data/app/com.careerbuilder.SugarDrone-1/lib/arm/libaot-Akavache.Sqlite3.dll.so" not found
W/        (10430): Symbol file LoadedFromMemory doesn't match image Akavache.Sqlite3.dll
D/Mono    (10430): Config attempting to parse: 'Akavache.Sqlite3.dll.config'.
D/Mono    (10430): Config attempting to parse: '/Users/builder/data/lanes/4009/3a62f1ea/source/monodroid/builds/install/mono-armv6/etc/mono/assemblies/Akavache.Sqlite3/Akavache.Sqlite3.config'.
D/Mono    (10430): Image addref Splat[0xef6e93e0] -> Splat.dll[0xea88d500]: 2
D/Mono    (10430): Prepared to set up assembly 'Splat' (Splat.dll)
D/Mono    (10430): Assembly Splat[0xef6e93e0] added to domain RootDomain, ref_count=1
D/Mono    (10430): AOT module 'Splat.dll.so' not found: dlopen failed: library "/data/app/com.careerbuilder.SugarDrone-1/lib/arm/libaot-Splat.dll.so" not found
D/Mono    (10430): AOT module '/Users/builder/data/lanes/4009/3a62f1ea/source/monodroid/builds/install/mono-armv6/lib/mono/aot-cache/arm/Splat.dll.so' not found: dlopen failed: library "/data/app/com.careerbuilder.SugarDrone-1/lib/arm/libaot-Splat.dll.so" not found
D/Mono    (10430): Config attempting to parse: 'Splat.dll.config'.
D/Mono    (10430): Config attempting to parse: '/Users/builder/data/lanes/4009/3a62f1ea/source/monodroid/builds/install/mono-armv6/etc/mono/assemblies/Splat/Splat.config'.
D/Mono    (10430): Image addref Microsoft.Practices.ServiceLocation[0xef6e9440] -> Microsoft.Practices.ServiceLocation.dll[0xea88da00]: 2
D/Mono    (10430): Prepared to set up assembly 'Microsoft.Practices.ServiceLocation' (Microsoft.Practices.ServiceLocation.dll)
D/Mono    (10430): Assembly Microsoft.Practices.ServiceLocation[0xef6e9440] added to domain RootDomain, ref_count=1
D/Mono    (10430): AOT module 'Microsoft.Practices.ServiceLocation.dll.so' not found: dlopen failed: library "/data/app/com.careerbuilder.SugarDrone-1/lib/arm/libaot-Microsoft.Practices.ServiceLocation.dll.so" not found
D/Mono    (10430): AOT module '/Users/builder/data/lanes/4009/3a62f1ea/source/monodroid/builds/install/mono-armv6/lib/mono/aot-cache/arm/Microsoft.Practices.ServiceLocation.dll.so' not found: dlopen failed: library "/data/app/com.careerbuilder.SugarDrone-1/lib/arm/libaot-Microsoft.Practices.ServiceLocation.dll.so" not found
D/Mono    (10430): Config attempting to parse: 'Microsoft.Practices.ServiceLocation.dll.config'.
D/Mono    (10430): Config attempting to parse: '/Users/builder/data/lanes/4009/3a62f1ea/source/monodroid/builds/install/mono-armv6/etc/mono/assemblies/Microsoft.Practices.ServiceLocation/Microsoft.Practices.ServiceLocation.config'.
D/Mono    (10430): Image addref Microsoft.Practices.Unity[0xef6e94a0] -> Microsoft.Practices.Unity.dll[0xea88df00]: 2
D/Mono    (10430): Prepared to set up assembly 'Microsoft.Practices.Unity' (Microsoft.Practices.Unity.dll)
D/Mono    (10430): Assembly Microsoft.Practices.Unity[0xef6e94a0] added to domain RootDomain, ref_count=1
D/Mono    (10430): AOT module 'Microsoft.Practices.Unity.dll.so' not found: dlopen failed: library "/data/app/com.careerbuilder.SugarDrone-1/lib/arm/libaot-Microsoft.Practices.Unity.dll.so" not found
D/Mono    (10430): AOT module '/Users/builder/data/lanes/4009/3a62f1ea/source/monodroid/builds/install/mono-armv6/lib/mono/aot-cache/arm/Microsoft.Practices.Unity.dll.so' not found: dlopen failed: library "/data/app/com.careerbuilder.SugarDrone-1/lib/arm/libaot-Microsoft.Practices.Unity.dll.so" not found
D/Mono    (10430): Config attempting to parse: 'Microsoft.Practices.Unity.dll.config'.
D/Mono    (10430): Config attempting to parse: '/Users/builder/data/lanes/4009/3a62f1ea/source/monodroid/builds/install/mono-armv6/etc/mono/assemblies/Microsoft.Practices.Unity/Microsoft.Practices.Unity.config'.
D/Mono    (10430): Image addref Plugin.CurrentActivity[0xef6e9500] -> Plugin.CurrentActivity.dll[0xea88e400]: 2
D/Mono    (10430): Prepared to set up assembly 'Plugin.CurrentActivity' (Plugin.CurrentActivity.dll)
D/Mono    (10430): Assembly Plugin.CurrentActivity[0xef6e9500] added to domain RootDomain, ref_count=1
D/Mono    (10430): AOT module 'Plugin.CurrentActivity.dll.so' not found: dlopen failed: library "/data/app/com.careerbuilder.SugarDrone-1/lib/arm/libaot-Plugin.CurrentActivity.dll.so" not found
D/Mono    (10430): AOT module '/Users/builder/data/lanes/4009/3a62f1ea/source/monodroid/builds/install/mono-armv6/lib/mono/aot-cache/arm/Plugin.CurrentActivity.dll.so' not found: dlopen failed: library "/data/app/com.careerbuilder.SugarDrone-1/lib/arm/libaot-Plugin.CurrentActivity.dll.so" not found
D/Mono    (10430): Config attempting to parse: 'Plugin.CurrentActivity.dll.config'.
D/Mono    (10430): Config attempting to parse: '/Users/builder/data/lanes/4009/3a62f1ea/source/monodroid/builds/install/mono-armv6/etc/mono/assemblies/Plugin.CurrentActivity/Plugin.CurrentActivity.config'.
D/Mono    (10430): Image addref Plugin.Permissions[0xef6e9560] -> Plugin.Permissions.dll[0xea88e900]: 2
D/Mono    (10430): Prepared to set up assembly 'Plugin.Permissions' (Plugin.Permissions.dll)
D/Mono    (10430): Assembly Plugin.Permissions[0xef6e9560] added to domain RootDomain, ref_count=1
D/Mono    (10430): AOT module 'Plugin.Permissions.dll.so' not found: dlopen failed: library "/data/app/com.careerbuilder.SugarDrone-1/lib/arm/libaot-Plugin.Permissions.dll.so" not found
D/Mono    (10430): AOT module '/Users/builder/data/lanes/4009/3a62f1ea/source/monodroid/builds/install/mono-armv6/lib/mono/aot-cache/arm/Plugin.Permissions.dll.so' not found: dlopen failed: library "/data/app/com.careerbuilder.SugarDrone-1/lib/arm/libaot-Plugin.Permissions.dll.so" not found
D/Mono    (10430): Config attempting to parse: 'Plugin.Permissions.dll.config'.
D/Mono    (10430): Config attempting to parse: '/Users/builder/data/lanes/4009/3a62f1ea/source/monodroid/builds/install/mono-armv6/etc/mono/assemblies/Plugin.Permissions/Plugin.Permissions.config'.
D/Mono    (10430): Image addref Plugin.Permissions.Abstractions[0xef6e95c0] -> Plugin.Permissions.Abstractions.dll[0xea88ee00]: 2
D/Mono    (10430): Prepared to set up assembly 'Plugin.Permissions.Abstractions' (Plugin.Permissions.Abstractions.dll)
D/Mono    (10430): Assembly Plugin.Permissions.Abstractions[0xef6e95c0] added to domain RootDomain, ref_count=1
D/Mono    (10430): AOT module 'Plugin.Permissions.Abstractions.dll.so' not found: dlopen failed: library "/data/app/com.careerbuilder.SugarDrone-1/lib/arm/libaot-Plugin.Permissions.Abstractions.dll.so" not found
D/Mono    (10430): AOT module '/Users/builder/data/lanes/4009/3a62f1ea/source/monodroid/builds/install/mono-armv6/lib/mono/aot-cache/arm/Plugin.Permissions.Abstractions.dll.so' not found: dlopen failed: library "/data/app/com.careerbuilder.SugarDrone-1/lib/arm/libaot-Plugin.Permissions.Abstractions.dll.so" not found
D/Mono    (10430): Config attempting to parse: 'Plugin.Permissions.Abstractions.dll.config'.
D/Mono    (10430): Config attempting to parse: '/Users/builder/data/lanes/4009/3a62f1ea/source/monodroid/builds/install/mono-armv6/etc/mono/assemblies/Plugin.Permissions.Abstractions/Plugin.Permissions.Abstractions.config'.
D/Mono    (10430): Image addref Plugin.Geolocator[0xef6e9620] -> Plugin.Geolocator.dll[0xea88f300]: 2
D/Mono    (10430): Prepared to set up assembly 'Plugin.Geolocator' (Plugin.Geolocator.dll)
D/Mono    (10430): Assembly Plugin.Geolocator[0xef6e9620] added to domain RootDomain, ref_count=1
D/Mono    (10430): AOT module 'Plugin.Geolocator.dll.so' not found: dlopen failed: library "/data/app/com.careerbuilder.SugarDrone-1/lib/arm/libaot-Plugin.Geolocator.dll.so" not found
D/Mono    (10430): AOT module '/Users/builder/data/lanes/4009/3a62f1ea/source/monodroid/builds/install/mono-armv6/lib/mono/aot-cache/arm/Plugin.Geolocator.dll.so' not found: dlopen failed: library "/data/app/com.careerbuilder.SugarDrone-1/lib/arm/libaot-Plugin.Geolocator.dll.so" not found
D/Mono    (10430): Config attempting to parse: 'Plugin.Geolocator.dll.config'.
D/Mono    (10430): Config attempting to parse: '/Users/builder/data/lanes/4009/3a62f1ea/source/monodroid/builds/install/mono-armv6/etc/mono/assemblies/Plugin.Geolocator/Plugin.Geolocator.config'.
D/Mono    (10430): Image addref Plugin.Geolocator.Abstractions[0xef6e9680] -> Plugin.Geolocator.Abstractions.dll[0xea88f800]: 2
D/Mono    (10430): Prepared to set up assembly 'Plugin.Geolocator.Abstractions' (Plugin.Geolocator.Abstractions.dll)
D/Mono    (10430): Assembly Plugin.Geolocator.Abstractions[0xef6e9680] added to domain RootDomain, ref_count=1
D/Mono    (10430): AOT module 'Plugin.Geolocator.Abstractions.dll.so' not found: dlopen failed: library "/data/app/com.careerbuilder.SugarDrone-1/lib/arm/libaot-Plugin.Geolocator.Abstractions.dll.so" not found
D/Mono    (10430): AOT module '/Users/builder/data/lanes/4009/3a62f1ea/source/monodroid/builds/install/mono-armv6/lib/mono/aot-cache/arm/Plugin.Geolocator.Abstractions.dll.so' not found: dlopen failed: library "/data/app/com.careerbuilder.SugarDrone-1/lib/arm/libaot-Plugin.Geolocator.Abstractions.dll.so" not found
D/Mono    (10430): Config attempting to parse: 'Plugin.Geolocator.Abstractions.dll.config'.
D/Mono    (10430): Config attempting to parse: '/Users/builder/data/lanes/4009/3a62f1ea/source/monodroid/builds/install/mono-armv6/etc/mono/assemblies/Plugin.Geolocator.Abstractions/Plugin.Geolocator.Abstractions.config'.
D/Mono    (10430): Image addref Plugin.DeviceInfo[0xef6e96e0] -> Plugin.DeviceInfo.dll[0xea88fd00]: 2
D/Mono    (10430): Prepared to set up assembly 'Plugin.DeviceInfo' (Plugin.DeviceInfo.dll)
D/Mono    (10430): Assembly Plugin.DeviceInfo[0xef6e96e0] added to domain RootDomain, ref_count=1
D/Mono    (10430): AOT module 'Plugin.DeviceInfo.dll.so' not found: dlopen failed: library "/data/app/com.careerbuilder.SugarDrone-1/lib/arm/libaot-Plugin.DeviceInfo.dll.so" not found
D/Mono    (10430): AOT module '/Users/builder/data/lanes/4009/3a62f1ea/source/monodroid/builds/install/mono-armv6/lib/mono/aot-cache/arm/Plugin.DeviceInfo.dll.so' not found: dlopen failed: library "/data/app/com.careerbuilder.SugarDrone-1/lib/arm/libaot-Plugin.DeviceInfo.dll.so" not found
D/Mono    (10430): Config attempting to parse: 'Plugin.DeviceInfo.dll.config'.
D/Mono    (10430): Config attempting to parse: '/Users/builder/data/lanes/4009/3a62f1ea/source/monodroid/builds/install/mono-armv6/etc/mono/assemblies/Plugin.DeviceInfo/Plugin.DeviceInfo.config'.
D/Mono    (10430): Image addref Plugin.DeviceInfo.Abstractions[0xef6e9740] -> Plugin.DeviceInfo.Abstractions.dll[0xea890200]: 2
D/Mono    (10430): Prepared to set up assembly 'Plugin.DeviceInfo.Abstractions' (Plugin.DeviceInfo.Abstractions.dll)
D/Mono    (10430): Assembly Plugin.DeviceInfo.Abstractions[0xef6e9740] added to domain RootDomain, ref_count=1
D/Mono    (10430): AOT module 'Plugin.DeviceInfo.Abstractions.dll.so' not found: dlopen failed: library "/data/app/com.careerbuilder.SugarDrone-1/lib/arm/libaot-Plugin.DeviceInfo.Abstractions.dll.so" not found
D/Mono    (10430): AOT module '/Users/builder/data/lanes/4009/3a62f1ea/source/monodroid/builds/install/mono-armv6/lib/mono/aot-cache/arm/Plugin.DeviceInfo.Abstractions.dll.so' not found: dlopen failed: library "/data/app/com.careerbuilder.SugarDrone-1/lib/arm/libaot-Plugin.DeviceInfo.Abstractions.dll.so" not found
D/Mono    (10430): Config attempting to parse: 'Plugin.DeviceInfo.Abstractions.dll.config'.
D/Mono    (10430): Config attempting to parse: '/Users/builder/data/lanes/4009/3a62f1ea/source/monodroid/builds/install/mono-armv6/etc/mono/assemblies/Plugin.DeviceInfo.Abstractions/Plugin.DeviceInfo.Abstractions.config'.
D/Mono    (10430): Image addref Xamarin.GooglePlayServices.Analytics[0xef6e97a0] -> Xamarin.GooglePlayServices.Analytics.dll[0xea890700]: 2
D/Mono    (10430): Prepared to set up assembly 'Xamarin.GooglePlayServices.Analytics' (Xamarin.GooglePlayServices.Analytics.dll)
D/Mono    (10430): Assembly Xamarin.GooglePlayServices.Analytics[0xef6e97a0] added to domain RootDomain, ref_count=1
D/Mono    (10430): AOT module 'Xamarin.GooglePlayServices.Analytics.dll.so' not found: dlopen failed: library "/data/app/com.careerbuilder.SugarDrone-1/lib/arm/libaot-Xamarin.GooglePlayServices.Analytics.dll.so" not found
D/Mono    (10430): AOT module '/Users/builder/data/lanes/4009/3a62f1ea/source/monodroid/builds/install/mono-armv6/lib/mono/aot-cache/arm/Xamarin.GooglePlayServices.Analytics.dll.so' not found: dlopen failed: library "/data/app/com.careerbuilder.SugarDrone-1/lib/arm/libaot-Xamarin.GooglePlayServices.Analytics.dll.so" not found
D/Mono    (10430): Config attempting to parse: 'Xamarin.GooglePlayServices.Analytics.dll.config'.
