D/audio_hw_primary(  511): enable_audio_route: apply and update mixer path: low-latency-playback speaker
D/Mono    ( 9391): DllImport searching in: '__Internal' ('(null)').
D/Mono    ( 9391): Searching for 'java_interop_jnienv_call_nonvirtual_object_method'.
D/Mono    ( 9391): Probing 'java_interop_jnienv_call_nonvirtual_object_method'.
D/Mono    ( 9391): Found as 'java_interop_jnienv_call_nonvirtual_object_method'.
D/Mono    ( 9391): DllImport searching in: '__Internal' ('(null)').
D/Mono    ( 9391): Searching for 'java_interop_jnienv_get_float_field'.
D/Mono    ( 9391): Probing 'java_interop_jnienv_get_float_field'.
D/Mono    ( 9391): Found as 'java_interop_jnienv_get_float_field'.
I/System.out( 9391): result:{"bonusInformation":[],"message":"","success":true}
D/Mono    ( 9391): Assembly Ref addref CareerBuilder_Search.Droid[0xeba6d080] -> Newtonsoft.Json[0xeba6dce0]: 4
D/Mono    ( 9391): Assembly Ref addref System.Net.Http[0xeba6ef40] -> System.Core[0xeba6e700]: 14
D/Mono    ( 9391): DllImport searching in: '__Internal' ('(null)').
D/Mono    ( 9391): Searching for 'java_interop_jnienv_call_nonvirtual_int_method_a'.
D/Mono    ( 9391): Probing 'java_interop_jnienv_call_nonvirtual_int_method_a'.
D/Mono    ( 9391): Found as 'java_interop_jnienv_call_nonvirtual_int_method_a'.
D/Mono    ( 9391): Assembly Ref addref Mono.Android[0xeba6e100] -> System[0xeba6e3a0]: 12
D/Mono    ( 9391): DllImport searching in: '__Internal' ('(null)').
D/Mono    ( 9391): Searching for 'java_interop_jnienv_new_object_array'.
D/Mono    ( 9391): Probing 'java_interop_jnienv_new_object_array'.
D/Mono    ( 9391): Found as 'java_interop_jnienv_new_object_array'.
D/Mono    ( 9391): DllImport searching in: '__Internal' ('(null)').
D/Mono    ( 9391): Searching for 'java_interop_jnienv_set_object_array_element'.
D/Mono    ( 9391): Probing 'java_interop_jnienv_set_object_array_element'.
D/Mono    ( 9391): Found as 'java_interop_jnienv_set_object_array_element'.
W/ProcessManager( 9391): waitpid on failed exec failed: No child processes
W/FragmentManager( 9391): moveToState: Fragment state for ValuePropFragment{8df4de #0 id=0x7f0a0148 android:switcher:2131362120:1} not updated inline; expected state 3 found 2
I/System.out( 9391): URI: /backdoor
I/System.out( 9391): params: {json={"method_name":"APISetup","arguments":[200]}
I/System.out( 9391): }
D/audio_hw_primary(  511): disable_audio_route: reset and update mixer path: low-latency-playback speaker
D/audio_hw_primary(  511): disable_snd_device: snd_device(2: speaker)
I/soundtrigger(  511): audio_extn_sound_trigger_update_device_status: device 0x2 of type 0 for Event 0
D/Mono    ( 9391): [0xd7b3f930] worker starting
I/ActivityManager(  925): Displayed com.careerbuilder.SugarDrone/md537fd6201b6818e2e180d2f7606e21a83.ValuePropActivity: +643ms
I/Keyboard.Facilitator( 3371): onFinishInput()
I/System.out( 9391): URI: /backdoor
I/System.out( 9391): params: {json={"method_name":"MyCBBackdoor","arguments":[]}
I/System.out( 9391): }
D/Mono    ( 9391): Assembly Ref addref CareerBuilder_Search.Droid[0xeba6d080] -> Xamarin.Android.Support.Design[0xeba6dc20]: 2
I/calabash( 9391): execStartActivity 4
I/ActivityManager(  925): START u0 {cmp=com.careerbuilder.SugarDrone/md5a4824aa66c0dc4d104077b72c1916a44.MasterNavActivity} from uid 16148 on display 0
I/calabash( 9391): newActivity1
W/SurfaceFlinger(  384): couldn't log to binary event log: overflow.
D/Mono    ( 9391): Unloading image System.dll [0xd9bc5700].
D/Mono    ( 9391): Image addref System[0xd9fada80] -> System.dll[0xea6ed100]: 5
D/Mono    ( 9391): Config attempting to parse: 'System.dll.config'.
D/Mono    ( 9391): Config attempting to parse: '/Users/builder/data/lanes/4009/3a62f1ea/source/monodroid/builds/install/mono-armv6/etc/mono/assemblies/System/System.config'.
D/Mono    ( 9391): Unloading image System.dll [0xd9bc5700].
D/Mono    ( 9391): Image addref System[0xd85abc60] -> System.dll[0xea6ed100]: 6
D/Mono    ( 9391): Config attempting to parse: 'System.dll.config'.
D/Mono    ( 9391): Config attempting to parse: '/Users/builder/data/lanes/4009/3a62f1ea/source/monodroid/builds/install/mono-armv6/etc/mono/assemblies/System/System.config'.
D/Mono    ( 9391): Unloading image System.dll [0xd9bc5700].
D/Mono    ( 9391): Image addref System[0xd85abc60] -> System.dll[0xea6ed100]: 7
D/Mono    ( 9391): Config attempting to parse: 'System.dll.config'.
D/Mono    ( 9391): Config attempting to parse: '/Users/builder/data/lanes/4009/3a62f1ea/source/monodroid/builds/install/mono-armv6/etc/mono/assemblies/System/System.config'.
D/Mono    ( 9391): Unloading image System.dll [0xd9bc5700].
D/Mono    ( 9391): Image addref System[0xd85abc60] -> System.dll[0xea6ed100]: 8
D/Mono    ( 9391): Config attempting to parse: 'System.dll.config'.
D/Mono    ( 9391): Config attempting to parse: '/Users/builder/data/lanes/4009/3a62f1ea/source/monodroid/builds/install/mono-armv6/etc/mono/assemblies/System/System.config'.
D/Mono    ( 9391): DllImport searching in: '__Internal' ('(null)').
D/Mono    ( 9391): Searching for 'java_interop_jnienv_call_int_method'.
D/Mono    ( 9391): Probing 'java_interop_jnienv_call_int_method'.
D/Mono    ( 9391): Found as 'java_interop_jnienv_call_int_method'.
D/Mono    ( 9391): DllImport searching in: '__Internal' ('(null)').
D/Mono    ( 9391): Searching for 'java_interop_jnienv_is_assignable_from'.
D/Mono    ( 9391): Probing 'java_interop_jnienv_is_assignable_from'.
D/Mono    ( 9391): Found as 'java_interop_jnienv_is_assignable_from'.
D/Mono    ( 9391): DllImport searching in: '__Internal' ('(null)').
D/Mono    ( 9391): Searching for 'java_interop_jnienv_get_byte_array_region'.
D/Mono    ( 9391): Probing 'java_interop_jnienv_get_byte_array_region'.
D/Mono    ( 9391): Found as 'java_interop_jnienv_get_byte_array_region'.
D/Mono    ( 9391): DllImport searching in: '__Internal' ('(null)').
D/Mono    ( 9391): Searching for 'java_interop_jnienv_set_byte_array_region'.
D/Mono    ( 9391): Probing 'java_interop_jnienv_set_byte_array_region'.
D/Mono    ( 9391): Found as 'java_interop_jnienv_set_byte_array_region'.
I/System.out( 9391): URI: /map
I/System.out( 9391): params: {json={"query":"* marked:'Search'","operation":{"method_name":"query","arguments":[]}}
I/System.out( 9391): }
D/Mono    ( 9391): Assembly Ref addref Xamarin.Android.Support.Design[0xeba6dc20] -> Xamarin.Android.Support.v4[0xeba6da40]: 4
D/Mono    ( 9391): Assembly Ref addref CareerBuilder_Search.Droid[0xeba6d080] -> Xamarin.Android.Support.v7.RecyclerView[0xeba6daa0]: 2
D/Mono    ( 9391): Assembly Ref addref Xamarin.Android.Support.v7.RecyclerView[0xeba6daa0] -> Xamarin.Android.Support.v4[0xeba6da40]: 5
D/Mono    ( 9391): Assembly Ref addref CareerBuilder_Search.Droid[0xeba6d080] -> FloatingActionButton-Xamarin[0xeba6d9e0]: 2
W/Mono    ( 9391): The request to load the assembly System.Core v4.0.0.0 was remapped to v2.0.5.0
D/Mono    ( 9391): Unloading image System.Core.dll [0xd731d400].
D/Mono    ( 9391): Image addref System.Core[0xdac2ab20] -> System.Core.dll[0xdc81f000]: 5
D/Mono    ( 9391): Config attempting to parse: 'System.Core.dll.config'.
D/Mono    ( 9391): Config attempting to parse: '/Users/builder/data/lanes/4009/3a62f1ea/source/monodroid/builds/install/mono-armv6/etc/mono/assemblies/System.Core/System.Core.config'.
W/Mono    ( 9391): The request to load the assembly System.Core v4.0.0.0 was remapped to v2.0.5.0
D/Mono    ( 9391): Unloading image System.Core.dll [0xd731d400].
D/Mono    ( 9391): Image addref System.Core[0xd74647a0] -> System.Core.dll[0xdc81f000]: 6
D/Mono    ( 9391): Config attempting to parse: 'System.Core.dll.config'.
D/Mono    ( 9391): Config attempting to parse: '/Users/builder/data/lanes/4009/3a62f1ea/source/monodroid/builds/install/mono-armv6/etc/mono/assemblies/System.Core/System.Core.config'.
D/Mono    ( 9391): Unloading image System.IO.dll [0xd7b4d300].
D/Mono    ( 9391): Image addref System.IO[0xd74640e0] -> System.IO.dll[0xda124a00]: 6
D/Mono    ( 9391): Config attempting to parse: 'System.IO.dll.config'.
D/Mono    ( 9391): Config attempting to parse: '/Users/builder/data/lanes/4009/3a62f1ea/source/monodroid/builds/install/mono-armv6/etc/mono/assemblies/System.IO/System.IO.config'.
D/Mono    ( 9391): Assembly Ref addref CareerBuilder_Search[0xeba6e0a0] -> System.IO[0xdac28840]: 4
W/FragmentManager( 9391): moveToState: Fragment state for SavedJobsFragment{57e1559 #0 id=0x7f0a0148 android:switcher:2131362120:1} not updated inline; expected state 3 found 2
D/Mono    ( 9391): [0xd6cd9930] worker starting
D/Mono    ( 9391): Assembly Ref addref CareerBuilder_Search.Droid[0xeba6d080] -> System[0xeba6e3a0]: 13
W/FragmentManager( 9391): moveToState: Fragment state for ResumeManagementFragment{d06651e #1 id=0x7f0a0148 android:switcher:2131362120:2} not updated inline; expected state 3 found 2
D/Mono    ( 9391): Unloading image System.Linq.dll [0xda125e00].
D/Mono    ( 9391): Image addref System.Linq[0xd7464260] -> System.Linq.dll[0xdc820e00]: 9
D/Mono    ( 9391): Config attempting to parse: 'System.Linq.dll.config'.
D/Mono    ( 9391): Config attempting to parse: '/Users/builder/data/lanes/4009/3a62f1ea/source/monodroid/builds/install/mono-armv6/etc/mono/assemblies/System.Linq/System.Linq.config'.
D/Mono    ( 9391): Assembly Ref addref CareerBuilder_Search[0xeba6e0a0] -> System.Linq[0xeba6e580]: 7
D/Mono    ( 9391): DllImport attempting to load: '/system/lib/liblog.so'.
D/Mono    ( 9391): DllImport loaded library '/system/lib/liblog.so'.
D/Mono    ( 9391): DllImport searching in: '/system/lib/liblog.so' ('/system/lib/liblog.so').
D/Mono    ( 9391): Searching for '__android_log_print'.
D/Mono    ( 9391): Probing '__android_log_print'.
D/Mono    ( 9391): Found as '__android_log_print'.
I/mono-stdout( 9391): uri is: https://api.careerbuilder.com/consumer/resumes?OAuthToken=&HostSite=US&DeveloperKey=WDHR8FC6P2JZ1Y61KLM5
D/Mono    ( 9391): Unloading image System.Collections.dll [0xda125e00].
D/Mono    ( 9391): Image addref System.Collections[0xd7464c80] -> System.Collections.dll[0xea6edb00]: 10
D/Mono    ( 9391): Config attempting to parse: 'System.Collections.dll.config'.
D/Mono    ( 9391): Config attempting to parse: '/Users/builder/data/lanes/4009/3a62f1ea/source/monodroid/builds/install/mono-armv6/etc/mono/assemblies/System.Collections/System.Collections.config'.
D/Mono    ( 9391): Assembly Ref addref System.Reactive.Linq[0xeba6de60] -> System.Collections[0xeba6e460]: 8
D/Mono    ( 9391): DllImport searching in: '__Internal' ('(null)').
D/Mono    ( 9391): Searching for 'java_interop_jnienv_call_nonvirtual_void_method'.
D/Mono    ( 9391): Probing 'java_interop_jnienv_call_nonvirtual_void_method'.
D/Mono    ( 9391): Found as 'java_interop_jnienv_call_nonvirtual_void_method'.
D/Mono    ( 9391): Image addref System.Net.Primitives[0xd74642c0] -> System.Net.Primitives.dll[0xd97c5500]: 2
D/Mono    ( 9391): Prepared to set up assembly 'System.Net.Primitives' (System.Net.Primitives.dll)
D/Mono    ( 9391): Assembly System.Net.Primitives[0xd74642c0] added to domain RootDomain, ref_count=1
I/mono-stdout( 9391): uri is: https://api.careerbuilder.com/consumer/saved-jobs/?DeveloperKey=WDHR8FC6P2JZ1Y61KLM5
D/Mono    ( 9391): Unloading image System.Net.Primitives.dll [0xd9bc4300].
D/Mono    ( 9391): AOT module 'System.Net.Primitives.dll.so' not found: dlopen failed: library "/data/app/com.careerbuilder.SugarDrone-1/lib/arm/libaot-System.Net.Primitives.dll.so" not found
D/Mono    ( 9391): Image addref System.Net.Primitives[0xd85aba20] -> System.Net.Primitives.dll[0xd97c5500]: 4
D/Mono    ( 9391): Config attempting to parse: 'System.Net.Primitives.dll.config'.
D/Mono    ( 9391): Config attempting to parse: '/Users/builder/data/lanes/4009/3a62f1ea/source/monodroid/builds/install/mono-armv6/etc/mono/assemblies/System.Net.Primitives/System.Net.Primitives.config'.
D/Mono    ( 9391): Assembly Ref addref CareerBuilder_Search[0xeba6e0a0] -> System.Net.Primitives[0xd74642c0]: 2
D/Mono    ( 9391): Assembly Ref addref System.Net.Primitives[0xd74642c0] -> System[0xeba6e3a0]: 14
D/Mono    ( 9391): AOT module '/Users/builder/data/lanes/4009/3a62f1ea/source/monodroid/builds/install/mono-armv6/lib/mono/aot-cache/arm/System.Net.Primitives.dll.so' not found: dlopen failed: library "/data/app/com.careerbuilder.SugarDrone-1/lib/arm/libaot-System.Net.Primitives.dll.so" not found
D/Mono    ( 9391): Config attempting to parse: 'System.Net.Primitives.dll.config'.
D/Mono    ( 9391): Config attempting to parse: '/Users/builder/data/lanes/4009/3a62f1ea/source/monodroid/builds/install/mono-armv6/etc/mono/assemblies/System.Net.Primitives/System.Net.Primitives.config'.
I/mono-stdout( 9391): uri is: https://api.careerbuilder.com/consumer/resumes?OAuthToken=&HostSite=US&DeveloperKey=WDHR8FC6P2JZ1Y61KLM5
D/Mono    ( 9391): Unloading image System.Text.Encoding.dll [0xd731f700].
D/Mono    ( 9391): Unloading image System.Text.Encoding.dll [0xd9bc4300].
D/Mono    ( 9391): Image addref System.Text.Encoding[0xd7464260] -> System.Text.Encoding.dll[0xda124000]: 6
D/Mono    ( 9391): Config attempting to parse: 'System.Text.Encoding.dll.config'.
D/Mono    ( 9391): Config attempting to parse: '/Users/builder/data/lanes/4009/3a62f1ea/source/monodroid/builds/install/mono-armv6/etc/mono/assemblies/System.Text.Encoding/System.Text.Encoding.config'.
D/Mono    ( 9391): Assembly Ref addref CareerBuilder_Search[0xeba6e0a0] -> System.Text.Encoding[0xdac28780]: 3
D/Mono    ( 9391): Image addref System.Text.Encoding[0xd85ab9c0] -> System.Text.Encoding.dll[0xda124000]: 6
D/Mono    ( 9391): Config attempting to parse: 'System.Text.Encoding.dll.config'.
D/Mono    ( 9391): Config attempting to parse: '/Users/builder/data/lanes/4009/3a62f1ea/source/monodroid/builds/install/mono-armv6/etc/mono/assemblies/System.Text.Encoding/System.Text.Encoding.config'.
D/Mono    ( 9391): Unloading image System.Text.Encoding.dll [0xd97c5a00].
D/Mono    ( 9391): Image addref System.Text.Encoding[0xd7464d40] -> System.Text.Encoding.dll[0xda124000]: 7
D/Mono    ( 9391): Config attempting to parse: 'System.Text.Encoding.dll.config'.
D/Mono    ( 9391): Config attempting to parse: '/Users/builder/data/lanes/4009/3a62f1ea/source/monodroid/builds/install/mono-armv6/etc/mono/assemblies/System.Text.Encoding/System.Text.Encoding.config'.
I/mono-stdout( 9391): uri is: https://api.careerbuilder.com/consumer/jobs/search/?Keywords=&Location=&UseFacets=true&PageNumber=1&ExcludeNational=true&DeveloperKey=WDHR8FC6P2JZ1Y61KLM5
I/mono-stdout( 9391): making api call to: /consumer/resumes?OAuthToken=&HostSite=US&DeveloperKey=WDHR8FC6P2JZ1Y61KLM5
I/mono-stdout( 9391): making api call to: /consumer/jobs/search/?Keywords=&Location=&UseFacets=true&PageNumber=1&ExcludeNational=true&DeveloperKey=WDHR8FC6P2JZ1Y61KLM5
I/mono-stdout( 9391): making api call to: /consumer/saved-jobs/?DeveloperKey=WDHR8FC6P2JZ1Y61KLM5
I/mono-stdout( 9391): making api call to: /consumer/resumes?OAuthToken=&HostSite=US&DeveloperKey=WDHR8FC6P2JZ1Y61KLM5
I/mono-stdout( 9391): Method: GET, RequestUri: 'https://api.careerbuilder.com/consumer/saved-jobs/?DeveloperKey=WDHR8FC6P2JZ1Y61KLM5', Version: 1.1, Content: <null>, Headers:

I/mono-stdout( 9391): {

I/mono-stdout( 9391): DeveloperKey: WDHR8FC6P2JZ1Y61KLM5

I/mono-stdout( 9391): Accept: application/json

I/mono-stdout( 9391): Authorization: Bearer test

I/mono-stdout( 9391): HostSite: US

I/mono-stdout( 9391): }
I/mono-stdout( 9391): Current State = 1,2,6,7
I/mono-stdout( 9391): applied jobs = 6
I/mono-stdout( 9391): expired jobs = 7
I/mono-stdout( 9391): saved jobs = Saved,Saved,Applied,Saved
D/Mono    ( 9391): DllImport searching in: '__Internal' ('(null)').
D/Mono    ( 9391): Searching for 'java_interop_jnienv_new_byte_array'.
D/Mono    ( 9391): Probing 'java_interop_jnienv_new_byte_array'.
D/Mono    ( 9391): Found as 'java_interop_jnienv_new_byte_array'.
D/Mono    ( 9391): [0xd66ff930] worker starting
D/Mono    ( 9391): [0xd66ff930] hill climbing, change max number of threads 9
D/Mono    ( 9391): [0xd657b930] worker starting
I/mono-stdout( 9391): done making call to: /consumer/resumes?OAuthToken=&HostSite=US&DeveloperKey=WDHR8FC6P2JZ1Y61KLM5
I/mono-stdout( 9391): done making call to: /consumer/resumes?OAuthToken=&HostSite=US&DeveloperKey=WDHR8FC6P2JZ1Y61KLM5
I/mono-stdout( 9391): The resume  with hash has been set as latest
I/mono-stdout( 9391): The resume  with hash has been set as latest
I/art     ( 9391): Starting a blocking GC Explicit
I/mono-stdout( 9391): done making call to: /consumer/saved-jobs/?DeveloperKey=WDHR8FC6P2JZ1Y61KLM5
I/art     ( 9391): Explicit concurrent mark sweep GC freed 1328(83KB) AllocSpace objects, 0(0B) LOS objects, 29% free, 38MB/54MB, paused 471us total 16.998ms
D/Mono    ( 9391): GC_TAR_BRIDGE bridges 187 objects 385 opaque 122 colors 187 colors-bridged 187 colors-visible 187 xref 5 cache-hit 0 cache-semihit 0 cache-miss 0 setup 0.05ms tarjan 0.30ms scc-setup 0.09ms gather-xref 0.01ms xref-setup 0.02ms cleanup 0.06ms
D/Mono    ( 9391): GC_BRIDGE: Complete, was running for 19.62ms
D/Mono    ( 9391): GC_MINOR: (Nursery full) time 14.97ms, stw 16.05ms promoted 904K major size: 1904K in use: 1186K los size: 1024K in use: 370K
I/mono-stdout( 9391): done making call to: /consumer/jobs/search/?Keywords=&Location=&UseFacets=true&PageNumber=1&ExcludeNational=true&DeveloperKey=WDHR8FC6P2JZ1Y61KLM5
I/mono-stdout( 9391): uri is: https://api.careerbuilder.com/consumer/saved-jobs/?DeveloperKey=WDHR8FC6P2JZ1Y61KLM5
I/mono-stdout( 9391): making api call to: /consumer/saved-jobs/?DeveloperKey=WDHR8FC6P2JZ1Y61KLM5
I/mono-stdout( 9391): Method: GET, RequestUri: 'https://api.careerbuilder.com/consumer/saved-jobs/?DeveloperKey=WDHR8FC6P2JZ1Y61KLM5', Version: 1.1, Content: <null>, Headers:

I/mono-stdout( 9391): {

I/mono-stdout( 9391): DeveloperKey: WDHR8FC6P2JZ1Y61KLM5

I/mono-stdout( 9391): Accept: application/json

I/mono-stdout( 9391): Authorization: Bearer test

I/mono-stdout( 9391): HostSite: US

I/mono-stdout( 9391): }
I/mono-stdout( 9391): Current State = 1,2,6,7
I/mono-stdout( 9391): applied jobs = 6
I/mono-stdout( 9391): expired jobs = 7
I/mono-stdout( 9391): saved jobs = Saved,Saved,Applied,Saved
E/RecyclerView( 9391): No adapter attached; skipping layout
W/art     ( 9391): JNI RegisterNativeMethods: attempt to register 0 native methods for md539c3d548fb000cea9f34163fa7e112ea.ProgressListItemViewHolder
W/ResourceType( 9391): No known package when getting name for resource number 0xffffffff
W/ResourceType( 9391): No known package when getting name for resource number 0xffffffff
W/ResourceType( 9391): No known package when getting name for resource number 0xffffffff
W/ResourceType( 9391): No known package when getting name for resource number 0xffffffff
W/ResourceType( 9391): No known package when getting name for resource number 0xffffffff
W/ResourceType( 9391): No known package when getting name for resource number 0xffffffff
W/ResourceType( 9391): No known package when getting name for resource number 0xffffffff
W/ResourceType( 9391): No known package when getting name for resource number 0xffffffff
W/ResourceType( 9391): No known package when getting name for resource number 0xffffffff
W/ResourceType( 9391): No known package when getting name for resource number 0xffffffff
W/ResourceType( 9391): No known package when getting name for resource number 0xffffffff
W/ResourceType( 9391): No known package when getting name for resource number 0xffffffff
W/ResourceType( 9391): No known package when getting name for resource number 0xffffffff
W/ResourceType( 9391): No known package when getting name for resource number 0xffffffff
W/ResourceType( 9391): No known package when getting name for resource number 0xffffffff
W/ResourceType( 9391): No known package when getting name for resource number 0xffffffff
W/ResourceType( 9391): No known package when getting name for resource number 0xffffffff
D/Mono    ( 9391): Assembly Ref addref Xamarin.Android.Support.v7.AppCompat[0xeba6dbc0] -> System.Core[0xeba6e700]: 15
I/Choreographer( 9391): Skipped 75 frames!  The application may be doing too much work on its main thread.
E/RecyclerView( 9391): No adapter attached; skipping layout
D/Mono    ( 9391): DllImport searching in: '__Internal' ('(null)').
D/Mono    ( 9391): Searching for 'java_interop_jnienv_call_void_method'.
D/Mono    ( 9391): Probing 'java_interop_jnienv_call_void_method'.
D/Mono    ( 9391): Found as 'java_interop_jnienv_call_void_method'.
I/ActivityManager(  925): Displayed com.careerbuilder.SugarDrone/md5a4824aa66c0dc4d104077b72c1916a44.MasterNavActivity: +1s644ms
I/Keyboard.Facilitator( 3371): onFinishInput()
E/RecyclerView( 9391): No adapter attached; skipping layout
I/System.out( 9391): URI: /map
I/System.out( 9391): params: {json={"query":"* marked:'search_anywhere'","operation":{"method_name":"query","arguments":[]}}
I/System.out( 9391): }
W/ResourceType( 9391): No known package when getting name for resource number 0xffffffff
W/ResourceType( 9391): No known package when getting name for resource number 0xffffffff
W/ResourceType( 9391): No known package when getting name for resource number 0xffffffff
W/ResourceType( 9391): No known package when getting name for resource number 0xffffffff
W/ResourceType( 9391): No known package when getting name for resource number 0xffffffff
W/ResourceType( 9391): No known package when getting name for resource number 0xffffffff
W/ResourceType( 9391): No known package when getting name for resource number 0xffffffff
W/ResourceType( 9391): No known package when getting name for resource number 0xffffffff
W/ResourceType( 9391): No known package when getting name for resource number 0xffffffff
W/ResourceType( 9391): No known package when getting name for resource number 0xffffffff
W/ResourceType( 9391): No known package when getting name for resource number 0xffffffff
W/ResourceType( 9391): No known package when getting name for resource number 0xffffffff
W/ResourceType( 9391): No known package when getting name for resource number 0xffffffff
W/ResourceType( 9391): No known package when getting name for resource number 0xffffffff
W/ResourceType( 9391): No known package when getting name for resource number 0xffffffff
W/ResourceType( 9391): No known package when getting name for resource number 0xffffffff
W/ResourceType( 9391): No known package when getting name for resource number 0xffffffff
W/ResourceType( 9391): No known package when getting name for resource number 0xffffffff
W/ResourceType( 9391): No known package when getting name for resource number 0xffffffff
W/ResourceType( 9391): No known package when getting name for resource number 0xffffffff
W/ResourceType( 9391): No known package when getting name for resource number 0xffffffff
W/ResourceType( 9391): No known package when getting name for resource number 0xffffffff
W/ResourceType( 9391): No known package when getting name for resource number 0xffffffff
W/ResourceType( 9391): No known package when getting name for resource number 0xffffffff
W/ResourceType( 9391): No known package when getting name for resource number 0xffffffff
W/ResourceType( 9391): No known package when getting name for resource number 0xffffffff
W/ResourceType( 9391): No known package when getting name for resource number 0xffffffff
W/ResourceType( 9391): No known package when getting name for resource number 0xffffffff
W/ResourceType( 9391): No known package when getting name for resource number 0xffffffff
W/ResourceType( 9391): No known package when getting name for resource number 0xffffffff
W/ResourceType( 9391): No known package when getting name for resource number 0xffffffff
W/ResourceType( 9391): No known package when getting name for resource number 0xffffffff
W/ResourceType( 9391): No known package when getting name for resource number 0xffffffff
W/ResourceType( 9391): No known package when getting name for resource number 0xffffffff
W/ResourceType( 9391): No known package when getting name for resource number 0xffffffff
W/ResourceType( 9391): No known package when getting name for resource number 0xffffffff
W/ResourceType( 9391): No known package when getting name for resource number 0xffffffff
W/ResourceType( 9391): No known package when getting name for resource number 0xffffffff
W/ResourceType( 9391): No known package when getting name for resource number 0xffffffff
W/ResourceType( 9391): No known package when getting name for resource number 0xffffffff
W/ResourceType( 9391): No known package when getting name for resource number 0xffffffff
W/ResourceType( 9391): No known package when getting name for resource number 0xffffffff
W/ResourceType( 9391): No known package when getting name for resource number 0xffffffff
I/mono-stdout( 9391): done making call to: /consumer/saved-jobs/?DeveloperKey=WDHR8FC6P2JZ1Y61KLM5
W/ResourceType( 9391): No known package when getting name for resource number 0xffffffff
W/ResourceType( 9391): No known package when getting name for resource number 0xffffffff
W/ResourceType( 9391): No known package when getting name for resource number 0xffffffff
W/ResourceType( 9391): No known package when getting name for resource number 0xffffffff
W/ResourceType( 9391): No known package when getting name for resource number 0xffffffff
W/ResourceType( 9391): No known package when getting name for resource number 0xffffffff
W/ResourceType( 9391): No known package when getting name for resource number 0xffffffff
W/ResourceType( 9391): No known package when getting name for resource number 0xffffffff
W/ResourceType( 9391): No known package when getting name for resource number 0xffffffff
W/ResourceType( 9391): No known package when getting name for resource number 0xffffffff
E/RecyclerView( 9391): No adapter attached; skipping layout
D/Mono    ( 9391): DllImport searching in: '__Internal' ('(null)').
D/Mono    ( 9391): Searching for 'java_interop_jnienv_set_int_field'.
D/Mono    ( 9391): Probing 'java_interop_jnienv_set_int_field'.
D/Mono    ( 9391): Found as 'java_interop_jnienv_set_int_field'.
E/RecyclerView( 9391): No adapter attached; skipping layout
W/art     ( 9391): JNI RegisterNativeMethods: attempt to register 0 native methods for md539c3d548fb000cea9f34163fa7e112ea.JobResultViewHolder
W/art     ( 9391): JNI RegisterNativeMethods: attempt to register 0 native methods for md543b91ad655f5c020e54c78f692da973f.SnapshotView
I/System.out( 9391): URI: /map
I/System.out( 9391): params: {json={"query":"* marked:'search_anywhere'","operation":{"method_name":"query","arguments":[]}}
I/System.out( 9391): }
W/ResourceType( 9391): No known package when getting name for resource number 0xffffffff
W/ResourceType( 9391): No known package when getting name for resource number 0xffffffff
W/ResourceType( 9391): No known package when getting name for resource number 0xffffffff
W/ResourceType( 9391): No known package when getting name for resource number 0xffffffff
W/ResourceType( 9391): No known package when getting name for resource number 0xffffffff
W/ResourceType( 9391): No known package when getting name for resource number 0xffffffff
W/ResourceType( 9391): No known package when getting name for resource number 0xffffffff
W/ResourceType( 9391): No known package when getting name for resource number 0xffffffff
W/ResourceType( 9391): No known package when getting name for resource number 0xffffffff
W/ResourceType( 9391): No known package when getting name for resource number 0xffffffff
W/ResourceType( 9391): No known package when getting name for resource number 0xffffffff
W/ResourceType( 9391): No known package when getting name for resource number 0xffffffff
W/ResourceType( 9391): No known package when getting name for resource number 0xffffffff
W/ResourceType( 9391): No known package when getting name for resource number 0xffffffff
W/ResourceType( 9391): No known package when getting name for resource number 0xffffffff
W/ResourceType( 9391): No known package when getting name for resource number 0xffffffff
W/ResourceType( 9391): No known package when getting name for resource number 0xffffffff
W/ResourceType( 9391): No known package when getting name for resource number 0xffffffff
W/ResourceType( 9391): No known package when getting name for resource number 0xffffffff
W/ResourceType( 9391): No known package when getting name for resource number 0xffffffff
W/ResourceType( 9391): No known package when getting name for resource number 0xffffffff
W/ResourceType( 9391): No known package when getting name for resource number 0xffffffff
W/ResourceType( 9391): No known package when getting name for resource number 0xffffffff
W/ResourceType( 9391): No known package when getting name for resource number 0xffffffff
W/ResourceType( 9391): No known package when getting name for resource number 0xffffffff
W/ResourceType( 9391): No known package when getting name for resource number 0xffffffff
W/ResourceType( 9391): No known package when getting name for resource number 0xffffffff
W/ResourceType( 9391): No known package when getting name for resource number 0xffffffff
W/ResourceType( 9391): No known package when getting name for resource number 0xffffffff
W/ResourceType( 9391): No known package when getting name for resource number 0xffffffff
W/ResourceType( 9391): No known package when getting name for resource number 0xffffffff
W/ResourceType( 9391): No known package when getting name for resource number 0xffffffff
W/ResourceType( 9391): No known package when getting name for resource number 0xffffffff
W/ResourceType( 9391): No known package when getting name for resource number 0xffffffff
W/ResourceType( 9391): No known package when getting name for resource number 0xffffffff
W/ResourceType( 9391): No known package when getting name for resource number 0xffffffff
W/ResourceType( 9391): No known package when getting name for resource number 0xffffffff
W/ResourceType( 9391): No known package when getting name for resource number 0xffffffff
W/ResourceType( 9391): No known package when getting name for resource number 0xffffffff
W/ResourceType( 9391): No known package when getting name for resource number 0xffffffff
W/ResourceType( 9391): No known package when getting name for resource number 0xffffffff
W/ResourceType( 9391): No known package when getting name for resource number 0xffffffff
W/ResourceType( 9391): No known package when getting name for resource number 0xffffffff
W/ResourceType( 9391): No known package when getting name for resource number 0xffffffff
W/ResourceType( 9391): No known package when getting name for resource number 0xffffffff
W/ResourceType( 9391): No known package when getting name for resource number 0xffffffff
W/ResourceType( 9391): No known package when getting name for resource number 0xffffffff
W/ResourceType( 9391): No known package when getting name for resource number 0xffffffff
W/ResourceType( 9391): No known package when getting name for resource number 0xffffffff
W/ResourceType( 9391): No known package when getting name for resource number 0xffffffff
W/ResourceType( 9391): No known package when getting name for resource number 0xffffffff
W/ResourceType( 9391): No known package when getting name for resource number 0xffffffff
W/ResourceType( 9391): No known package when getting name for resource number 0xffffffff
W/ResourceType( 9391): No known package when getting name for resource number 0xffffffff
W/ResourceType( 9391): No known package when getting name for resource number 0xffffffff
W/ResourceType( 9391): No known package when getting name for resource number 0xffffffff
W/ResourceType( 9391): No known package when getting name for resource number 0xffffffff
W/ResourceType( 9391): No known package when getting name for resource number 0xffffffff
W/ResourceType( 9391): No known package when getting name for resource number 0xffffffff
W/ResourceType( 9391): No known package when getting name for resource number 0xffffffff
W/ResourceType( 9391): No known package when getting name for resource number 0xffffffff
W/ResourceType( 9391): No known package when getting name for resource number 0xffffffff
W/ResourceType( 9391): No known package when getting name for resource number 0xffffffff
W/ResourceType( 9391): No known package when getting name for resource number 0xffffffff
W/ResourceType( 9391): No known package when getting name for resource number 0xffffffff
W/ResourceType( 9391): No known package when getting name for resource number 0xffffffff
W/ResourceType( 9391): No known package when getting name for resource number 0xffffffff
W/ResourceType( 9391): No known package when getting name for resource number 0xffffffff
W/ResourceType( 9391): No known package when getting name for resource number 0xffffffff
W/ResourceType( 9391): No known package when getting name for resource number 0xffffffff
W/ResourceType( 9391): No known package when getting name for resource number 0xffffffff
W/ResourceType( 9391): No known package when getting name for resource number 0xffffffff
W/ResourceType( 9391): No known package when getting name for resource number 0xffffffff
I/System.out( 9391): URI: /
I/System.out( 9391): params: {json={"command":"touch_coordinate","arguments":[1356.0,182.0]}
I/System.out( 9391): }
I/System.out( 9391): header: {content-length=57, host=devicehost151.prod, x-session-token=token-token-6700a180-ae32-420f-a336-3d4e86b48bf8, x-forwarded-for=10.222.150.33, content-type=application/json; charset=utf-8, connection=close}
I/System.out( 9391): params: {json={"command":"touch_coordinate","arguments":[1356.0,182.0]}
I/System.out( 9391): }
I/System.out( 9391): ProP json = {"command":"touch_coordinate","arguments":[1356.0,182.0]}
I/System.out( 9391): files: {}
I/System.out( 9391): command: {"command":"touch_coordinate","arguments":[1356.0,182.0]}
I/InstrumentationBackend( 9391): Got command:'Command:'Line:null,touch_coordinate', arguments:'[1356.0, 182.0]'
I/art     ( 9391): Starting a blocking GC Explicit
I/art     ( 9391): Explicit concurrent mark sweep GC freed 166622(7MB) AllocSpace objects, 9(180KB) LOS objects, 28% free, 39MB/55MB, paused 405us total 40.250ms
I/art     ( 9391): Starting a blocking GC Explicit
I/art     ( 9391): Explicit concurrent mark sweep GC freed 561(36KB) AllocSpace objects, 0(0B) LOS objects, 28% free, 39MB/55MB, paused 343us total 18.182ms
I/art     ( 9391): Starting a blocking GC Explicit
I/art     ( 9391): Explicit concurrent mark sweep GC freed 743(36KB) AllocSpace objects, 0(0B) LOS objects, 28% free, 39MB/55MB, paused 344us total 17.312ms
I/art     ( 9391): Starting a blocking GC Explicit
I/art     ( 9391): Explicit concurrent mark sweep GC freed 3(96B) AllocSpace objects, 0(0B) LOS objects, 28% free, 39MB/55MB, paused 361us total 17.579ms
I/art     ( 9391): Starting a blocking GC Explicit
I/art     ( 9391): Explicit concurrent mark sweep GC freed 17(1408B) AllocSpace objects, 0(0B) LOS objects, 28% free, 39MB/55MB, paused 350us total 17.361ms
D/audio_hw_primary(  511): out_set_parameters: enter: usecase(1: low-latency-playback) kvpairs: routing=2
D/audio_hw_primary(  511): select_devices: out_snd_device(2: speaker) in_snd_device(0: none)
D/msm8974_platform(  511): platform_send_audio_calibration: sending audio calibration for snd_device(2) acdb_id(15)
I/soundtrigger(  511): audio_extn_sound_trigger_update_device_status: device 0x2 of type 0 for Event 1
D/audio_hw_primary(  511): enable_snd_device: snd_device(2: speaker)
D/audio_hw_primary(  511): enable_audio_route: apply and update mixer path: low-latency-playback speaker
I/TextInputLayout( 9391): EditText added is not a TextInputEditText. Please switch to using that class instead.
I/TextInputLayout( 9391): EditText added is not a TextInputEditText. Please switch to using that class instead.
D/Mono    ( 9391): Assembly Ref addref CareerBuilder_Search.Droid[0xeba6d080] -> Plugin.Geolocator[0xeba6d620]: 2
D/Mono    ( 9391): Assembly Ref addref Plugin.Geolocator[0xeba6d620] -> mscorlib[0xeba6d020]: 50
D/Mono    ( 9391): Assembly Ref addref Plugin.Geolocator[0xeba6d620] -> Plugin.Geolocator.Abstractions[0xeba6d680]: 3
D/Mono    ( 9391): Assembly Ref addref Plugin.Geolocator[0xeba6d620] -> Mono.Android[0xeba6e100]: 23
D/Mono    ( 9391): Unloading image System.Runtime.dll [0xd4963b00].
D/Mono    ( 9391): Image addref System.Runtime[0xd9875380] -> System.Runtime.dll[0xea6eae00]: 14
D/Mono    ( 9391): Config attempting to parse: 'System.Runtime.dll.config'.
D/Mono    ( 9391): Config attempting to parse: '/Users/builder/data/lanes/4009/3a62f1ea/source/monodroid/builds/install/mono-armv6/etc/mono/assemblies/System.Runtime/System.Runtime.config'.
D/Mono    ( 9391): Assembly Ref addref Plugin.Geolocator.Abstractions[0xeba6d680] -> System.Runtime[0xeba6e1c0]: 12
D/Mono    ( 9391): Unloading image System.Threading.Tasks.dll [0xd97c9100].
D/Mono    ( 9391): Image addref System.Threading.Tasks[0xd9875380] -> System.Threading.Tasks.dll[0xd9c84a00]: 9
D/Mono    ( 9391): Config attempting to parse: 'System.Threading.Tasks.dll.config'.
D/Mono    ( 9391): Config attempting to parse: '/Users/builder/data/lanes/4009/3a62f1ea/source/monodroid/builds/install/mono-armv6/etc/mono/assemblies/System.Threading.Tasks/System.Threading.Tasks.config'.
D/Mono    ( 9391): Assembly Ref addref Plugin.Geolocator.Abstractions[0xeba6d680] -> System.Threading.Tasks[0xef1d6f60]: 7
D/Mono    ( 9391): Assembly Ref addref Plugin.Geolocator[0xeba6d620] -> System.Core[0xeba6e700]: 16
D/Mono    ( 9391): DllImport searching in: '__Internal' ('(null)').
D/Mono    ( 9391): Searching for 'java_interop_jnienv_call_boolean_method'.
D/Mono    ( 9391): Probing 'java_interop_jnienv_call_boolean_method'.
D/Mono    ( 9391): Found as 'java_interop_jnienv_call_boolean_method'.
I/System.out( 9391): result:{"bonusInformation":[],"message":"","success":true}
I/Keyboard.Facilitator( 3371): onFinishInput()
I/System.out( 9391): URI: /map
I/System.out( 9391): params: {json={"query":"* marked:'searchQueryField'","operation":{"method_name":"query","arguments":[]}}
I/System.out( 9391): }
I/hubconnection(  925): sensorhub said: 'set_bias 3: -8.6400, 0.0000, 0.0000'
W/ResourceType( 9391): No known package when getting name for resource number 0xffffffff
W/ResourceType( 9391): No known package when getting name for resource number 0xffffffff
W/ResourceType( 9391): No known package when getting name for resource number 0xffffffff
W/ResourceType( 9391): No known package when getting name for resource number 0xffffffff
W/ResourceType( 9391): No known package when getting name for resource number 0xffffffff
W/ResourceType( 9391): No known package when getting name for resource number 0xffffffff
W/ResourceType( 9391): No known package when getting name for resource number 0xffffffff
W/ResourceType( 9391): No known package when getting name for resource number 0xffffffff
W/ResourceType( 9391): No known package when getting name for resource number 0xffffffff
W/ResourceType( 9391): No known package when getting name for resource number 0xffffffff
W/ResourceType( 9391): No known package when getting name for resource number 0xffffffff
W/ResourceType( 9391): No known package when getting name for resource number 0xffffffff
W/ResourceType( 9391): No known package when getting name for resource number 0xffffffff
W/ResourceType( 9391): No known package when getting name for resource number 0xffffffff
W/ResourceType( 9391): No known package when getting name for resource number 0xffffffff
W/ResourceType( 9391): No known package when getting name for resource number 0xffffffff
W/ResourceType( 9391): No known package when getting name for resource number 0xffffffff
W/ResourceType( 9391): No known package when getting name for resource number 0xffffffff
W/ResourceType( 9391): No known package when getting name for resource number 0xffffffff
W/ResourceType( 9391): No known package when getting name for resource number 0xffffffff
W/ResourceType( 9391): No known package when getting name for resource number 0xffffffff
W/ResourceType( 9391): No known package when getting name for resource number 0xffffffff
W/ResourceType( 9391): No known package when getting name for resource number 0xffffffff
W/ResourceType( 9391): No known package when getting name for resource number 0xffffffff
W/ResourceType( 9391): No known package when getting name for resource number 0xffffffff
W/ResourceType( 9391): No known package when getting name for resource number 0xffffffff
W/ResourceType( 9391): No known package when getting name for resource number 0xffffffff
W/ResourceType( 9391): No known package when getting name for resource number 0xffffffff
W/ResourceType( 9391): No known package when getting name for resource number 0xffffffff
W/ResourceType( 9391): No known package when getting name for resource number 0xffffffff
W/ResourceType( 9391): No known package when getting name for resource number 0xffffffff
W/ResourceType( 9391): No known package when getting name for resource number 0xffffffff
W/ResourceType( 9391): No known package when getting name for resource number 0xffffffff
W/ResourceType( 9391): No known package when getting name for resource number 0xffffffff
W/ResourceType( 9391): No known package when getting name for resource number 0xffffffff
W/ResourceType( 9391): No known package when getting name for resource number 0xffffffff
W/ResourceType( 9391): No known package when getting name for resource number 0xffffffff
W/ResourceType( 9391): No known package when getting name for resource number 0xffffffff
W/ResourceType( 9391): No known package when getting name for resource number 0xffffffff
W/ResourceType( 9391): No known package when getting name for resource number 0xffffffff
W/ResourceType( 9391): No known package when getting name for resource number 0xffffffff
W/ResourceType( 9391): No known package when getting name for resource number 0xffffffff
W/ResourceType( 9391): No known package when getting name for resource number 0xffffffff
W/ResourceType( 9391): No known package when getting name for resource number 0xffffffff
W/ResourceType( 9391): No known package when getting name for resource number 0xffffffff
W/ResourceType( 9391): No known package when getting name for resource number 0xffffffff
W/ResourceType( 9391): No known package when getting name for resource number 0xffffffff
W/ResourceType( 9391): No known package when getting name for resource number 0xffffffff
W/ResourceType( 9391): No known package when getting name for resource number 0xffffffff
W/ResourceType( 9391): No known package when getting name for resource number 0xffffffff
W/ResourceType( 9391): No known package when getting name for resource number 0xffffffff
W/ResourceType( 9391): No known package when getting name for resource number 0xffffffff
W/ResourceType( 9391): No known package when getting name for resource number 0xffffffff
W/ResourceType( 9391): No known package when getting name for resource number 0xffffffff
W/ResourceType( 9391): No known package when getting name for resource number 0xffffffff
W/ResourceType( 9391): No known package when getting name for resource number 0xffffffff
W/ResourceType( 9391): No known package when getting name for resource number 0xffffffff
W/ResourceType( 9391): No known package when getting name for resource number 0xffffffff
W/ResourceType( 9391): No known package when getting name for resource number 0xffffffff
W/ResourceType( 9391): No known package when getting name for resource number 0xffffffff
W/ResourceType( 9391): No known package when getting name for resource number 0xffffffff
W/ResourceType( 9391): No known package when getting name for resource number 0xffffffff
W/ResourceType( 9391): No known package when getting name for resource number 0xffffffff
W/ResourceType( 9391): No known package when getting name for resource number 0xffffffff
W/ResourceType( 9391): No known package when getting name for resource number 0xffffffff
W/ResourceType( 9391): No known package when getting name for resource number 0xffffffff
W/ResourceType( 9391): No known package when getting name for resource number 0xffffffff
W/ResourceType( 9391): No known package when getting name for resource number 0xffffffff
W/ResourceType( 9391): No known package when getting name for resource number 0xffffffff
W/ResourceType( 9391): No known package when getting name for resource number 0xffffffff
W/ResourceType( 9391): No known package when getting name for resource number 0xffffffff
D/audio_hw_primary(  511): disable_audio_route: reset and update mixer path: low-latency-playback speaker
D/audio_hw_primary(  511): disable_snd_device: snd_device(2: speaker)
I/soundtrigger(  511): audio_extn_sound_trigger_update_device_status: device 0x2 of type 0 for Event 0
I/System.out( 9391): URI: /map
I/System.out( 9391): params: {json={"query":"* marked:'searchQueryField'","operation":{"method_name":"query","arguments":[]}}
I/System.out( 9391): }
W/ResourceType( 9391): No known package when getting name for resource number 0xffffffff
W/ResourceType( 9391): No known package when getting name for resource number 0xffffffff
W/ResourceType( 9391): No known package when getting name for resource number 0xffffffff
W/ResourceType( 9391): No known package when getting name for resource number 0xffffffff
W/ResourceType( 9391): No known package when getting name for resource number 0xffffffff
W/ResourceType( 9391): No known package when getting name for resource number 0xffffffff
W/ResourceType( 9391): No known package when getting name for resource number 0xffffffff
W/ResourceType( 9391): No known package when getting name for resource number 0xffffffff
W/ResourceType( 9391): No known package when getting name for resource number 0xffffffff
W/ResourceType( 9391): No known package when getting name for resource number 0xffffffff
W/ResourceType( 9391): No known package when getting name for resource number 0xffffffff
W/ResourceType( 9391): No known package when getting name for resource number 0xffffffff
W/ResourceType( 9391): No known package when getting name for resource number 0xffffffff
W/ResourceType( 9391): No known package when getting name for resource number 0xffffffff
W/ResourceType( 9391): No known package when getting name for resource number 0xffffffff
W/ResourceType( 9391): No known package when getting name for resource number 0xffffffff
W/ResourceType( 9391): No known package when getting name for resource number 0xffffffff
W/ResourceType( 9391): No known package when getting name for resource number 0xffffffff
W/ResourceType( 9391): No known package when getting name for resource number 0xffffffff
W/ResourceType( 9391): No known package when getting name for resource number 0xffffffff
W/ResourceType( 9391): No known package when getting name for resource number 0xffffffff
W/ResourceType( 9391): No known package when getting name for resource number 0xffffffff
W/ResourceType( 9391): No known package when getting name for resource number 0xffffffff
W/ResourceType( 9391): No known package when getting name for resource number 0xffffffff
W/ResourceType( 9391): No known package when getting name for resource number 0xffffffff
W/ResourceType( 9391): No known package when getting name for resource number 0xffffffff
W/ResourceType( 9391): No known package when getting name for resource number 0xffffffff
W/ResourceType( 9391): No known package when getting name for resource number 0xffffffff
W/ResourceType( 9391): No known package when getting name for resource number 0xffffffff
W/ResourceType( 9391): No known package when getting name for resource number 0xffffffff
W/ResourceType( 9391): No known package when getting name for resource number 0xffffffff
W/ResourceType( 9391): No known package when getting name for resource number 0xffffffff
W/ResourceType( 9391): No known package when getting name for resource number 0xffffffff
W/ResourceType( 9391): No known package when getting name for resource number 0xffffffff
W/ResourceType( 9391): No known package when getting name for resource number 0xffffffff
W/ResourceType( 9391): No known package when getting name for resource number 0xffffffff
W/ResourceType( 9391): No known package when getting name for resource number 0xffffffff
W/ResourceType( 9391): No known package when getting name for resource number 0xffffffff
W/ResourceType( 9391): No known package when getting name for resource number 0xffffffff
W/ResourceType( 9391): No known package when getting name for resource number 0xffffffff
W/ResourceType( 9391): No known package when getting name for resource number 0xffffffff
W/ResourceType( 9391): No known package when getting name for resource number 0xffffffff
W/ResourceType( 9391): No known package when getting name for resource number 0xffffffff
W/ResourceType( 9391): No known package when getting name for resource number 0xffffffff
W/ResourceType( 9391): No known package when getting name for resource number 0xffffffff
W/ResourceType( 9391): No known package when getting name for resource number 0xffffffff
W/ResourceType( 9391): No known package when getting name for resource number 0xffffffff
W/ResourceType( 9391): No known package when getting name for resource number 0xffffffff
W/ResourceType( 9391): No known package when getting name for resource number 0xffffffff
W/ResourceType( 9391): No known package when getting name for resource number 0xffffffff
W/ResourceType( 9391): No known package when getting name for resource number 0xffffffff
W/ResourceType( 9391): No known package when getting name for resource number 0xffffffff
W/ResourceType( 9391): No known package when getting name for resource number 0xffffffff
W/ResourceType( 9391): No known package when getting name for resource number 0xffffffff
W/ResourceType( 9391): No known package when getting name for resource number 0xffffffff
W/ResourceType( 9391): No known package when getting name for resource number 0xffffffff
W/ResourceType( 9391): No known package when getting name for resource number 0xffffffff
W/ResourceType( 9391): No known package when getting name for resource number 0xffffffff
