W/ResourceType(10425): No known package when getting name for resource number 0xffffffff
W/ResourceType(10425): No known package when getting name for resource number 0xffffffff
I/System.out(10425): URI: /
I/System.out(10425): params: {json={"command":"touch_coordinate","arguments":[720.0,2273.0]}
I/System.out(10425): }
I/System.out(10425): header: {content-length=57, host=devicehost61.prod, x-session-token=token-token-cdd2f47e-c48d-4484-9cd2-6ec57fb4deff, x-forwarded-for=10.222.150.18, content-type=application/json; charset=utf-8, connection=close}
I/System.out(10425): params: {json={"command":"touch_coordinate","arguments":[720.0,2273.0]}
I/System.out(10425): }
I/System.out(10425): ProP json = {"command":"touch_coordinate","arguments":[720.0,2273.0]}
I/System.out(10425): files: {}
I/System.out(10425): command: {"command":"touch_coordinate","arguments":[720.0,2273.0]}
I/InstrumentationBackend(10425): Got command:'Command:'Line:null,touch_coordinate', arguments:'[720.0, 2273.0]'
D/Mono    (10425): [0xd9844930] worker starting
D/Mono    (10425): Unloading image System.dll [0xd82edb00].
D/Mono    (10425): Image addref System[0xd7271b40] -> System.dll[0xea6e0c00]: 5
D/Mono    (10425): Config attempting to parse: 'System.dll.config'.
D/Mono    (10425): Config attempting to parse: '/Users/builder/data/lanes/4009/3a62f1ea/source/monodroid/builds/install/mono-armv6/etc/mono/assemblies/System/System.config'.
D/Mono    (10425): Unloading image System.dll [0xd82edb00].
D/Mono    (10425): Image addref System[0xd7271a80] -> System.dll[0xea6e0c00]: 6
D/Mono    (10425): Config attempting to parse: 'System.dll.config'.
D/Mono    (10425): Config attempting to parse: '/Users/builder/data/lanes/4009/3a62f1ea/source/monodroid/builds/install/mono-armv6/etc/mono/assemblies/System/System.config'.
D/Mono    (10425): Unloading image System.dll [0xd82edb00].
D/Mono    (10425): Image addref System[0xd7271a80] -> System.dll[0xea6e0c00]: 7
D/Mono    (10425): Config attempting to parse: 'System.dll.config'.
D/Mono    (10425): Config attempting to parse: '/Users/builder/data/lanes/4009/3a62f1ea/source/monodroid/builds/install/mono-armv6/etc/mono/assemblies/System/System.config'.
D/Mono    (10425): Unloading image System.dll [0xd82edb00].
D/Mono    (10425): Image addref System[0xd7271a80] -> System.dll[0xea6e0c00]: 8
D/Mono    (10425): Config attempting to parse: 'System.dll.config'.
D/Mono    (10425): Config attempting to parse: '/Users/builder/data/lanes/4009/3a62f1ea/source/monodroid/builds/install/mono-armv6/etc/mono/assemblies/System/System.config'.
D/Mono    (10425): DllImport searching in: '__Internal' ('(null)').
D/Mono    (10425): Searching for 'java_interop_jnienv_is_assignable_from'.
D/Mono    (10425): Probing 'java_interop_jnienv_is_assignable_from'.
D/Mono    (10425): Found as 'java_interop_jnienv_is_assignable_from'.
D/Mono    (10425): DllImport searching in: '__Internal' ('(null)').
D/Mono    (10425): Searching for 'java_interop_jnienv_get_byte_array_region'.
D/Mono    (10425): Probing 'java_interop_jnienv_get_byte_array_region'.
D/Mono    (10425): Found as 'java_interop_jnienv_get_byte_array_region'.
D/Mono    (10425): DllImport searching in: '__Internal' ('(null)').
D/Mono    (10425): Searching for 'java_interop_jnienv_set_byte_array_region'.
D/Mono    (10425): Probing 'java_interop_jnienv_set_byte_array_region'.
D/Mono    (10425): Found as 'java_interop_jnienv_set_byte_array_region'.
D/audio_hw_primary(  513): out_set_parameters: enter: usecase(1: low-latency-playback) kvpairs: routing=2
D/audio_hw_primary(  513): select_devices: out_snd_device(2: speaker) in_snd_device(0: none)
D/msm8974_platform(  513): platform_send_audio_calibration: sending audio calibration for snd_device(2) acdb_id(15)
I/soundtrigger(  513): audio_extn_sound_trigger_update_device_status: device 0x2 of type 0 for Event 1
I/calabash(10425): execStartActivity 4
I/ActivityManager(  925): START u0 {cmp=com.careerbuilder.SugarDrone/md537fd6201b6818e2e180d2f7606e21a83.ValuePropActivity} from uid 19290 on display 0
D/audio_hw_primary(  513): enable_snd_device: snd_device(2: speaker)
D/audio_hw_primary(  513): enable_audio_route: apply and update mixer path: low-latency-playback speaker
I/calabash(10425): newActivity1
D/Mono    (10425): Assembly Ref addref CareerBuilder_Search.Droid[0xea89df00] -> System.Core[0xea89f580]: 14
D/Mono    (10425): DllImport searching in: '__Internal' ('(null)').
D/Mono    (10425): Searching for 'java_interop_jnienv_call_nonvirtual_object_method'.
D/Mono    (10425): Probing 'java_interop_jnienv_call_nonvirtual_object_method'.
D/Mono    (10425): Found as 'java_interop_jnienv_call_nonvirtual_object_method'.
I/System.out(10425): result:{"bonusInformation":[],"message":"","success":true}
D/Mono    (10425): Assembly Ref addref CareerBuilder_Search.Droid[0xea89df00] -> Newtonsoft.Json[0xea89eb60]: 4
I/System.out(10425): URI: /backdoor
I/System.out(10425): params: {json={"method_name":"APISetup","arguments":[200]}
I/System.out(10425): }
W/Mono    (10425): The request to load the assembly System.Core v4.0.0.0 was remapped to v2.0.5.0
D/Mono    (10425): Unloading image System.Core.dll [0xd82eae00].
D/Mono    (10425): Image addref System.Core[0xd8985a40] -> System.Core.dll[0xea6e1b00]: 5
D/Mono    (10425): Config attempting to parse: 'System.Core.dll.config'.
D/Mono    (10425): Config attempting to parse: '/Users/builder/data/lanes/4009/3a62f1ea/source/monodroid/builds/install/mono-armv6/etc/mono/assemblies/System.Core/System.Core.config'.
W/Mono    (10425): The request to load the assembly System.Core v4.0.0.0 was remapped to v2.0.5.0
D/Mono    (10425): Unloading image System.Core.dll [0xd82eae00].
D/Mono    (10425): Image addref System.Core[0xd72714e0] -> System.Core.dll[0xea6e1b00]: 6
D/Mono    (10425): Config attempting to parse: 'System.Core.dll.config'.
D/Mono    (10425): Config attempting to parse: '/Users/builder/data/lanes/4009/3a62f1ea/source/monodroid/builds/install/mono-armv6/etc/mono/assemblies/System.Core/System.Core.config'.
D/audio_hw_primary(  513): disable_audio_route: reset and update mixer path: low-latency-playback speaker
D/audio_hw_primary(  513): disable_snd_device: snd_device(2: speaker)
I/soundtrigger(  513): audio_extn_sound_trigger_update_device_status: device 0x2 of type 0 for Event 0
W/FragmentManager(10425): moveToState: Fragment state for ValuePropFragment{a55c11b #0 id=0x7f0a0148 android:switcher:2131362120:1} not updated inline; expected state 3 found 2
I/Choreographer(10425): Skipped 41 frames!  The application may be doing too much work on its main thread.
I/ActivityManager(  925): Displayed com.careerbuilder.SugarDrone/md537fd6201b6818e2e180d2f7606e21a83.ValuePropActivity: +989ms
I/Keyboard.Facilitator( 3512): onFinishInput()
D/Mono    (10425): DllImport searching in: '__Internal' ('(null)').
D/Mono    (10425): Searching for 'java_interop_jnienv_new_byte_array'.
D/Mono    (10425): Probing 'java_interop_jnienv_new_byte_array'.
D/Mono    (10425): Found as 'java_interop_jnienv_new_byte_array'.
D/Mono    (10425): [0xd801c930] hill climbing, change max number of threads 9
I/System.out(10425): URI: /backdoor
I/System.out(10425): params: {json={"method_name":"MyCBBackdoor","arguments":[]}
I/System.out(10425): }
W/SurfaceFlinger(  381): couldn't log to binary event log: overflow.
D/Mono    (10425): Assembly Ref addref CareerBuilder_Search.Droid[0xea89df00] -> Xamarin.Android.Support.Design[0xea89eaa0]: 2
I/calabash(10425): execStartActivity 4
I/ActivityManager(  925): START u0 {cmp=com.careerbuilder.SugarDrone/md5a4824aa66c0dc4d104077b72c1916a44.MasterNavActivity} from uid 19290 on display 0
I/calabash(10425): newActivity1
D/Mono    (10425): DllImport searching in: '__Internal' ('(null)').
D/Mono    (10425): Searching for 'java_interop_jnienv_call_int_method'.
D/Mono    (10425): Probing 'java_interop_jnienv_call_int_method'.
D/Mono    (10425): Found as 'java_interop_jnienv_call_int_method'.
I/System.out(10425): URI: /map
I/System.out(10425): params: {json={"query":"* marked:'Job 1'","operation":{"method_name":"query","arguments":[]}}
I/System.out(10425): }
D/Mono    (10425): Assembly Ref addref Xamarin.Android.Support.Design[0xea89eaa0] -> Xamarin.Android.Support.v4[0xea89e8c0]: 4
D/Mono    (10425): Assembly Ref addref CareerBuilder_Search.Droid[0xea89df00] -> Xamarin.Android.Support.v7.RecyclerView[0xea89e920]: 2
D/Mono    (10425): Assembly Ref addref Xamarin.Android.Support.v7.RecyclerView[0xea89e920] -> Xamarin.Android.Support.v4[0xea89e8c0]: 5
D/Mono    (10425): Assembly Ref addref CareerBuilder_Search.Droid[0xea89df00] -> FloatingActionButton-Xamarin[0xea89e860]: 2
I/art     ( 3383): HomogeneousSpaceCompact marksweep + semispace GC freed 967(42KB) AllocSpace objects, 0(0B) LOS objects, 40% free, 19MB/31MB, paused 21.071ms total 21.071ms
D/Mono    (10425): Unloading image System.IO.dll [0xd95dde00].
D/Mono    (10425): Image addref System.IO[0xd8c22320] -> System.IO.dll[0xef1a5b00]: 6
D/Mono    (10425): Config attempting to parse: 'System.IO.dll.config'.
D/Mono    (10425): Config attempting to parse: '/Users/builder/data/lanes/4009/3a62f1ea/source/monodroid/builds/install/mono-armv6/etc/mono/assemblies/System.IO/System.IO.config'.
D/Mono    (10425): Assembly Ref addref CareerBuilder_Search[0xea89ef20] -> System.IO[0xdaca4880]: 4
W/FragmentManager(10425): moveToState: Fragment state for SavedJobsFragment{57f9444 #0 id=0x7f0a0148 android:switcher:2131362120:1} not updated inline; expected state 3 found 2
D/Mono    (10425): Assembly Ref addref CareerBuilder_Search.Droid[0xea89df00] -> System[0xea89f220]: 13
W/FragmentManager(10425): moveToState: Fragment state for ResumeManagementFragment{717092d #1 id=0x7f0a0148 android:switcher:2131362120:2} not updated inline; expected state 3 found 2
D/Mono    (10425): Unloading image System.Linq.dll [0xd95dd900].
D/Mono    (10425): Image addref System.Linq[0xd8c21600] -> System.Linq.dll[0xef1a2900]: 9
D/Mono    (10425): Config attempting to parse: 'System.Linq.dll.config'.
D/Mono    (10425): Config attempting to parse: '/Users/builder/data/lanes/4009/3a62f1ea/source/monodroid/builds/install/mono-armv6/etc/mono/assemblies/System.Linq/System.Linq.config'.
D/Mono    (10425): Assembly Ref addref CareerBuilder_Search[0xea89ef20] -> System.Linq[0xea89f400]: 7
D/Mono    (10425): DllImport attempting to load: '/system/lib/liblog.so'.
D/Mono    (10425): DllImport loaded library '/system/lib/liblog.so'.
D/Mono    (10425): DllImport searching in: '/system/lib/liblog.so' ('/system/lib/liblog.so').
D/Mono    (10425): Searching for '__android_log_print'.
D/Mono    (10425): Probing '__android_log_print'.
D/Mono    (10425): Found as '__android_log_print'.
I/mono-stdout(10425): uri is: https://api.careerbuilder.com/consumer/resumes?OAuthToken=&HostSite=US&DeveloperKey=WDHR8FC6P2JZ1Y61KLM5
D/Mono    (10425): DllImport searching in: '__Internal' ('(null)').
D/Mono    (10425): Searching for 'java_interop_jnienv_call_nonvirtual_void_method'.
D/Mono    (10425): Probing 'java_interop_jnienv_call_nonvirtual_void_method'.
D/Mono    (10425): Found as 'java_interop_jnienv_call_nonvirtual_void_method'.
I/mono-stdout(10425): uri is: https://api.careerbuilder.com/consumer/saved-jobs/?DeveloperKey=WDHR8FC6P2JZ1Y61KLM5
D/Mono    (10425): Unloading image System.Collections.dll [0xd95dcf00].
D/Mono    (10425): Image addref System.Collections[0xd8c22920] -> System.Collections.dll[0xea6e1600]: 10
D/Mono    (10425): Config attempting to parse: 'System.Collections.dll.config'.
D/Mono    (10425): Config attempting to parse: '/Users/builder/data/lanes/4009/3a62f1ea/source/monodroid/builds/install/mono-armv6/etc/mono/assemblies/System.Collections/System.Collections.config'.
D/Mono    (10425): Assembly Ref addref System.Reactive.Linq[0xea89ece0] -> System.Collections[0xea89f2e0]: 8
I/mono-stdout(10425): uri is: https://api.careerbuilder.com/consumer/jobs/search/?Keywords=&Location=&UseFacets=true&PageNumber=1&ExcludeNational=true&DeveloperKey=WDHR8FC6P2JZ1Y61KLM5
I/mono-stdout(10425): uri is: https://api.careerbuilder.com/consumer/resumes?OAuthToken=&HostSite=US&DeveloperKey=WDHR8FC6P2JZ1Y61KLM5
D/Mono    (10425): Image addref System.Net.Primitives[0xd7271cc0] -> System.Net.Primitives.dll[0xd8ed1200]: 2
D/Mono    (10425): Prepared to set up assembly 'System.Net.Primitives' (System.Net.Primitives.dll)
D/Mono    (10425): Assembly System.Net.Primitives[0xd7271cc0] added to domain RootDomain, ref_count=1
D/Mono    (10425): AOT module 'System.Net.Primitives.dll.so' not found: dlopen failed: library "/data/app/com.careerbuilder.SugarDrone-1/lib/arm/libaot-System.Net.Primitives.dll.so" not found
D/Mono    (10425): Unloading image System.Net.Primitives.dll [0xd942c500].
D/Mono    (10425): Image addref System.Net.Primitives[0xd8c21600] -> System.Net.Primitives.dll[0xd8ed1200]: 4
D/Mono    (10425): Config attempting to parse: 'System.Net.Primitives.dll.config'.
D/Mono    (10425): AOT module '/Users/builder/data/lanes/4009/3a62f1ea/source/monodroid/builds/install/mono-armv6/lib/mono/aot-cache/arm/System.Net.Primitives.dll.so' not found: dlopen failed: library "/data/app/com.careerbuilder.SugarDrone-1/lib/arm/libaot-System.Net.Primitives.dll.so" not found
D/Mono    (10425): Config attempting to parse: '/Users/builder/data/lanes/4009/3a62f1ea/source/monodroid/builds/install/mono-armv6/etc/mono/assemblies/System.Net.Primitives/System.Net.Primitives.config'.
D/Mono    (10425): Config attempting to parse: 'System.Net.Primitives.dll.config'.
D/Mono    (10425): Assembly Ref addref CareerBuilder_Search[0xea89ef20] -> System.Net.Primitives[0xd7271cc0]: 2
D/Mono    (10425): Config attempting to parse: '/Users/builder/data/lanes/4009/3a62f1ea/source/monodroid/builds/install/mono-armv6/etc/mono/assemblies/System.Net.Primitives/System.Net.Primitives.config'.
D/Mono    (10425): Assembly Ref addref System.Net.Primitives[0xd7271cc0] -> System[0xea89f220]: 14
D/Mono    (10425): Unloading image System.Net.Primitives.dll [0xd95df700].
D/Mono    (10425): Image addref System.Net.Primitives[0xd8c22980] -> System.Net.Primitives.dll[0xd8ed1200]: 6
D/Mono    (10425): Config attempting to parse: 'System.Net.Primitives.dll.config'.
D/Mono    (10425): Config attempting to parse: '/Users/builder/data/lanes/4009/3a62f1ea/source/monodroid/builds/install/mono-armv6/etc/mono/assemblies/System.Net.Primitives/System.Net.Primitives.config'.
D/Mono    (10425): Unloading image System.Net.Primitives.dll [0xd8ecfe00].
D/Mono    (10425): Image addref System.Net.Primitives[0xd7271e40] -> System.Net.Primitives.dll[0xd8ed1200]: 7
D/Mono    (10425): Config attempting to parse: 'System.Net.Primitives.dll.config'.
D/Mono    (10425): Config attempting to parse: '/Users/builder/data/lanes/4009/3a62f1ea/source/monodroid/builds/install/mono-armv6/etc/mono/assemblies/System.Net.Primitives/System.Net.Primitives.config'.
D/Mono    (10425): Unloading image System.Text.Encoding.dll [0xd942c500].
D/Mono    (10425): Unloading image System.Text.Encoding.dll [0xd95df700].
D/Mono    (10425): Image addref System.Text.Encoding[0xd8c22920] -> System.Text.Encoding.dll[0xdac0b200]: 6
D/Mono    (10425): Image addref System.Text.Encoding[0xd8c22680] -> System.Text.Encoding.dll[0xdac0b200]: 7
D/Mono    (10425): Config attempting to parse: 'System.Text.Encoding.dll.config'.
D/Mono    (10425): Config attempting to parse: 'System.Text.Encoding.dll.config'.
D/Mono    (10425): Config attempting to parse: '/Users/builder/data/lanes/4009/3a62f1ea/source/monodroid/builds/install/mono-armv6/etc/mono/assemblies/System.Text.Encoding/System.Text.Encoding.config'.
D/Mono    (10425): Config attempting to parse: '/Users/builder/data/lanes/4009/3a62f1ea/source/monodroid/builds/install/mono-armv6/etc/mono/assemblies/System.Text.Encoding/System.Text.Encoding.config'.
D/Mono    (10425): Assembly Ref addref CareerBuilder_Search[0xea89ef20] -> System.Text.Encoding[0xdaca4640]: 3
I/mono-stdout(10425): making api call to: /consumer/resumes?OAuthToken=&HostSite=US&DeveloperKey=WDHR8FC6P2JZ1Y61KLM5
I/mono-stdout(10425): making api call to: /consumer/saved-jobs/?DeveloperKey=WDHR8FC6P2JZ1Y61KLM5
I/mono-stdout(10425): making api call to: /consumer/resumes?OAuthToken=&HostSite=US&DeveloperKey=WDHR8FC6P2JZ1Y61KLM5
I/mono-stdout(10425): making api call to: /consumer/jobs/search/?Keywords=&Location=&UseFacets=true&PageNumber=1&ExcludeNational=true&DeveloperKey=WDHR8FC6P2JZ1Y61KLM5
I/art     (10425): Starting a blocking GC Explicit
I/art     (10425): Explicit concurrent mark sweep GC freed 1614(115KB) AllocSpace objects, 0(0B) LOS objects, 29% free, 38MB/54MB, paused 944us total 57.700ms
I/art     (10425): Starting a blocking GC Explicit
I/mono-stdout(10425): Method: GET, RequestUri: 'https://api.careerbuilder.com/consumer/saved-jobs/?DeveloperKey=WDHR8FC6P2JZ1Y61KLM5', Version: 1.1, Content: <null>, Headers:

I/mono-stdout(10425): {

I/mono-stdout(10425): DeveloperKey: WDHR8FC6P2JZ1Y61KLM5

I/mono-stdout(10425): Accept: application/json

I/mono-stdout(10425): Authorization: Bearer test

I/mono-stdout(10425): HostSite: US

I/mono-stdout(10425): }
I/art     (10425): Explicit concurrent mark sweep GC freed 99(4KB) AllocSpace objects, 0(0B) LOS objects, 29% free, 38MB/54MB, paused 920us total 23.320ms
I/mono-stdout(10425): Current State = 1,2,6,7
I/mono-stdout(10425): applied jobs = 6
I/mono-stdout(10425): expired jobs = 7
I/mono-stdout(10425): saved jobs = Saved,Saved,Applied,Saved
I/art     (10425): Starting a blocking GC Explicit
I/art     (10425): Explicit concurrent mark sweep GC freed 10(688B) AllocSpace objects, 0(0B) LOS objects, 29% free, 38MB/54MB, paused 959us total 24.007ms
I/art     (10425): Starting a blocking GC Explicit
I/art     (10425): Explicit concurrent mark sweep GC freed 17(1280B) AllocSpace objects, 0(0B) LOS objects, 29% free, 38MB/54MB, paused 922us total 43.342ms
I/art     (10425): Starting a blocking GC Explicit
I/art     (10425): Explicit concurrent mark sweep GC freed 3(96B) AllocSpace objects, 0(0B) LOS objects, 29% free, 38MB/54MB, paused 918us total 22.830ms
I/mono-stdout(10425): done making call to: /consumer/resumes?OAuthToken=&HostSite=US&DeveloperKey=WDHR8FC6P2JZ1Y61KLM5
I/mono-stdout(10425): done making call to: /consumer/resumes?OAuthToken=&HostSite=US&DeveloperKey=WDHR8FC6P2JZ1Y61KLM5
D/Mono    (10425): [0xd68fb930] worker starting
D/Mono    (10425): [0xd67fa930] worker starting
I/mono-stdout(10425): The resume  with hash has been set as latest
I/mono-stdout(10425): The resume  with hash has been set as latest
I/art     (10425): Starting a blocking GC Explicit
I/art     (10425): Explicit concurrent mark sweep GC freed 1790(105KB) AllocSpace objects, 1(20KB) LOS objects, 29% free, 38MB/54MB, paused 828us total 23.467ms
D/Mono    (10425): GC_TAR_BRIDGE bridges 173 objects 371 opaque 122 colors 173 colors-bridged 173 colors-visible 173 xref 5 cache-hit 0 cache-semihit 0 cache-miss 0 setup 0.06ms tarjan 0.43ms scc-setup 0.10ms gather-xref 0.01ms xref-setup 0.01ms cleanup 0.06ms
D/Mono    (10425): GC_BRIDGE: Complete, was running for 27.37ms
D/Mono    (10425): GC_MINOR: (Nursery full) time 21.14ms, stw 22.51ms promoted 898K major size: 1920K in use: 1179K los size: 1024K in use: 370K
I/mono-stdout(10425): done making call to: /consumer/saved-jobs/?DeveloperKey=WDHR8FC6P2JZ1Y61KLM5
D/WifiStateMachine(  925): starting scan for "xtc-ag"WPA_PSK with 5240,5180,5220,5200
I/mono-stdout(10425): done making call to: /consumer/jobs/search/?Keywords=&Location=&UseFacets=true&PageNumber=1&ExcludeNational=true&DeveloperKey=WDHR8FC6P2JZ1Y61KLM5
E/RecyclerView(10425): No adapter attached; skipping layout
W/art     (10425): JNI RegisterNativeMethods: attempt to register 0 native methods for md539c3d548fb000cea9f34163fa7e112ea.ProgressListItemViewHolder
W/ResourceType(10425): No known package when getting name for resource number 0xffffffff
W/ResourceType(10425): No known package when getting name for resource number 0xffffffff
W/ResourceType(10425): No known package when getting name for resource number 0xffffffff
W/ResourceType(10425): No known package when getting name for resource number 0xffffffff
W/ResourceType(10425): No known package when getting name for resource number 0xffffffff
W/ResourceType(10425): No known package when getting name for resource number 0xffffffff
W/ResourceType(10425): No known package when getting name for resource number 0xffffffff
W/ResourceType(10425): No known package when getting name for resource number 0xffffffff
W/ResourceType(10425): No known package when getting name for resource number 0xffffffff
W/ResourceType(10425): No known package when getting name for resource number 0xffffffff
W/ResourceType(10425): No known package when getting name for resource number 0xffffffff
W/ResourceType(10425): No known package when getting name for resource number 0xffffffff
I/mono-stdout(10425): uri is: https://api.careerbuilder.com/consumer/saved-jobs/?DeveloperKey=WDHR8FC6P2JZ1Y61KLM5
W/ResourceType(10425): No known package when getting name for resource number 0xffffffff
I/mono-stdout(10425): making api call to: /consumer/saved-jobs/?DeveloperKey=WDHR8FC6P2JZ1Y61KLM5
I/mono-stdout(10425): Method: GET, RequestUri: 'https://api.careerbuilder.com/consumer/saved-jobs/?DeveloperKey=WDHR8FC6P2JZ1Y61KLM5', Version: 1.1, Content: <null>, Headers:

I/mono-stdout(10425): {

I/mono-stdout(10425): DeveloperKey: WDHR8FC6P2JZ1Y61KLM5

I/mono-stdout(10425): Accept: application/json

I/mono-stdout(10425): Authorization: Bearer test

I/mono-stdout(10425): HostSite: US

I/mono-stdout(10425): }
I/mono-stdout(10425): Current State = 1,2,6,7
I/mono-stdout(10425): applied jobs = 6
I/mono-stdout(10425): expired jobs = 7
I/mono-stdout(10425): saved jobs = Saved,Saved,Applied,Saved
W/ResourceType(10425): No known package when getting name for resource number 0xffffffff
W/ResourceType(10425): No known package when getting name for resource number 0xffffffff
W/ResourceType(10425): No known package when getting name for resource number 0xffffffff
W/ResourceType(10425): No known package when getting name for resource number 0xffffffff
D/Mono    (10425): Assembly Ref addref Xamarin.Android.Support.v7.AppCompat[0xea89ea40] -> System.Core[0xea89f580]: 15
I/Choreographer(10425): Skipped 111 frames!  The application may be doing too much work on its main thread.
E/RecyclerView(10425): No adapter attached; skipping layout
I/System.out(10425): URI: /map
I/System.out(10425): params: {json={"query":"* marked:'My Jobs'","operation":{"method_name":"query","arguments":[]}}
I/System.out(10425): }
I/Keyboard.Facilitator( 3512): onFinishInput()
D/Mono    (10425): DllImport searching in: '__Internal' ('(null)').
D/Mono    (10425): Searching for 'java_interop_jnienv_call_void_method'.
D/Mono    (10425): Probing 'java_interop_jnienv_call_void_method'.
D/Mono    (10425): Found as 'java_interop_jnienv_call_void_method'.
I/ActivityManager(  925): Displayed com.careerbuilder.SugarDrone/md5a4824aa66c0dc4d104077b72c1916a44.MasterNavActivity: +2s621ms
E/RecyclerView(10425): No adapter attached; skipping layout
W/ResourceType(10425): No known package when getting name for resource number 0xffffffff
W/ResourceType(10425): No known package when getting name for resource number 0xffffffff
W/ResourceType(10425): No known package when getting name for resource number 0xffffffff
W/ResourceType(10425): No known package when getting name for resource number 0xffffffff
W/ResourceType(10425): No known package when getting name for resource number 0xffffffff
W/ResourceType(10425): No known package when getting name for resource number 0xffffffff
W/ResourceType(10425): No known package when getting name for resource number 0xffffffff
W/ResourceType(10425): No known package when getting name for resource number 0xffffffff
W/ResourceType(10425): No known package when getting name for resource number 0xffffffff
W/ResourceType(10425): No known package when getting name for resource number 0xffffffff
I/mono-stdout(10425): done making call to: /consumer/saved-jobs/?DeveloperKey=WDHR8FC6P2JZ1Y61KLM5
W/ResourceType(10425): No known package when getting name for resource number 0xffffffff
W/ResourceType(10425): No known package when getting name for resource number 0xffffffff
W/ResourceType(10425): No known package when getting name for resource number 0xffffffff
W/ResourceType(10425): No known package when getting name for resource number 0xffffffff
W/ResourceType(10425): No known package when getting name for resource number 0xffffffff
W/ResourceType(10425): No known package when getting name for resource number 0xffffffff
W/ResourceType(10425): No known package when getting name for resource number 0xffffffff
W/ResourceType(10425): No known package when getting name for resource number 0xffffffff
W/ResourceType(10425): No known package when getting name for resource number 0xffffffff
W/ResourceType(10425): No known package when getting name for resource number 0xffffffff
W/ResourceType(10425): No known package when getting name for resource number 0xffffffff
W/ResourceType(10425): No known package when getting name for resource number 0xffffffff
W/ResourceType(10425): No known package when getting name for resource number 0xffffffff
W/ResourceType(10425): No known package when getting name for resource number 0xffffffff
W/ResourceType(10425): No known package when getting name for resource number 0xffffffff
W/ResourceType(10425): No known package when getting name for resource number 0xffffffff
W/ResourceType(10425): No known package when getting name for resource number 0xffffffff
W/ResourceType(10425): No known package when getting name for resource number 0xffffffff
W/ResourceType(10425): No known package when getting name for resource number 0xffffffff
W/ResourceType(10425): No known package when getting name for resource number 0xffffffff
W/ResourceType(10425): No known package when getting name for resource number 0xffffffff
W/ResourceType(10425): No known package when getting name for resource number 0xffffffff
W/ResourceType(10425): No known package when getting name for resource number 0xffffffff
W/ResourceType(10425): No known package when getting name for resource number 0xffffffff
W/ResourceType(10425): No known package when getting name for resource number 0xffffffff
W/ResourceType(10425): No known package when getting name for resource number 0xffffffff
W/ResourceType(10425): No known package when getting name for resource number 0xffffffff
W/ResourceType(10425): No known package when getting name for resource number 0xffffffff
W/ResourceType(10425): No known package when getting name for resource number 0xffffffff
W/ResourceType(10425): No known package when getting name for resource number 0xffffffff
W/ResourceType(10425): No known package when getting name for resource number 0xffffffff
W/ResourceType(10425): No known package when getting name for resource number 0xffffffff
W/ResourceType(10425): No known package when getting name for resource number 0xffffffff
W/ResourceType(10425): No known package when getting name for resource number 0xffffffff
W/ResourceType(10425): No known package when getting name for resource number 0xffffffff
W/ResourceType(10425): No known package when getting name for resource number 0xffffffff
W/ResourceType(10425): No known package when getting name for resource number 0xffffffff
W/ResourceType(10425): No known package when getting name for resource number 0xffffffff
W/ResourceType(10425): No known package when getting name for resource number 0xffffffff
W/ResourceType(10425): No known package when getting name for resource number 0xffffffff
W/ResourceType(10425): No known package when getting name for resource number 0xffffffff
W/ResourceType(10425): No known package when getting name for resource number 0xffffffff
W/ResourceType(10425): No known package when getting name for resource number 0xffffffff
W/ResourceType(10425): No known package when getting name for resource number 0xffffffff
D/Mono    (10425): DllImport searching in: '__Internal' ('(null)').
D/Mono    (10425): Searching for 'java_interop_jnienv_set_int_field'.
D/Mono    (10425): Probing 'java_interop_jnienv_set_int_field'.
D/Mono    (10425): Found as 'java_interop_jnienv_set_int_field'.
E/RecyclerView(10425): No adapter attached; skipping layout
W/art     (10425): JNI RegisterNativeMethods: attempt to register 0 native methods for md539c3d548fb000cea9f34163fa7e112ea.JobResultViewHolder
W/art     (10425): JNI RegisterNativeMethods: attempt to register 0 native methods for md543b91ad655f5c020e54c78f692da973f.SnapshotView
I/System.out(10425): URI: /map
I/System.out(10425): params: {json={"query":"* marked:'My Jobs'","operation":{"method_name":"query","arguments":[]}}
I/System.out(10425): }
W/ResourceType(10425): No known package when getting name for resource number 0xffffffff
W/ResourceType(10425): No known package when getting name for resource number 0xffffffff
W/ResourceType(10425): No known package when getting name for resource number 0xffffffff
W/ResourceType(10425): No known package when getting name for resource number 0xffffffff
W/ResourceType(10425): No known package when getting name for resource number 0xffffffff
W/ResourceType(10425): No known package when getting name for resource number 0xffffffff
W/ResourceType(10425): No known package when getting name for resource number 0xffffffff
W/ResourceType(10425): No known package when getting name for resource number 0xffffffff
W/ResourceType(10425): No known package when getting name for resource number 0xffffffff
W/ResourceType(10425): No known package when getting name for resource number 0xffffffff
W/ResourceType(10425): No known package when getting name for resource number 0xffffffff
W/ResourceType(10425): No known package when getting name for resource number 0xffffffff
W/ResourceType(10425): No known package when getting name for resource number 0xffffffff
W/ResourceType(10425): No known package when getting name for resource number 0xffffffff
W/ResourceType(10425): No known package when getting name for resource number 0xffffffff
W/ResourceType(10425): No known package when getting name for resource number 0xffffffff
W/ResourceType(10425): No known package when getting name for resource number 0xffffffff
W/ResourceType(10425): No known package when getting name for resource number 0xffffffff
W/ResourceType(10425): No known package when getting name for resource number 0xffffffff
W/ResourceType(10425): No known package when getting name for resource number 0xffffffff
W/ResourceType(10425): No known package when getting name for resource number 0xffffffff
W/ResourceType(10425): No known package when getting name for resource number 0xffffffff
W/ResourceType(10425): No known package when getting name for resource number 0xffffffff
W/ResourceType(10425): No known package when getting name for resource number 0xffffffff
W/ResourceType(10425): No known package when getting name for resource number 0xffffffff
W/ResourceType(10425): No known package when getting name for resource number 0xffffffff
W/ResourceType(10425): No known package when getting name for resource number 0xffffffff
W/ResourceType(10425): No known package when getting name for resource number 0xffffffff
W/ResourceType(10425): No known package when getting name for resource number 0xffffffff
W/ResourceType(10425): No known package when getting name for resource number 0xffffffff
W/ResourceType(10425): No known package when getting name for resource number 0xffffffff
W/ResourceType(10425): No known package when getting name for resource number 0xffffffff
W/ResourceType(10425): No known package when getting name for resource number 0xffffffff
W/ResourceType(10425): No known package when getting name for resource number 0xffffffff
W/ResourceType(10425): No known package when getting name for resource number 0xffffffff
W/ResourceType(10425): No known package when getting name for resource number 0xffffffff
W/ResourceType(10425): No known package when getting name for resource number 0xffffffff
W/ResourceType(10425): No known package when getting name for resource number 0xffffffff
W/ResourceType(10425): No known package when getting name for resource number 0xffffffff
W/ResourceType(10425): No known package when getting name for resource number 0xffffffff
W/ResourceType(10425): No known package when getting name for resource number 0xffffffff
W/ResourceType(10425): No known package when getting name for resource number 0xffffffff
W/ResourceType(10425): No known package when getting name for resource number 0xffffffff
W/ResourceType(10425): No known package when getting name for resource number 0xffffffff
W/ResourceType(10425): No known package when getting name for resource number 0xffffffff
W/ResourceType(10425): No known package when getting name for resource number 0xffffffff
W/ResourceType(10425): No known package when getting name for resource number 0xffffffff
W/ResourceType(10425): No known package when getting name for resource number 0xffffffff
W/ResourceType(10425): No known package when getting name for resource number 0xffffffff
W/ResourceType(10425): No known package when getting name for resource number 0xffffffff
W/ResourceType(10425): No known package when getting name for resource number 0xffffffff
W/ResourceType(10425): No known package when getting name for resource number 0xffffffff
W/ResourceType(10425): No known package when getting name for resource number 0xffffffff
W/ResourceType(10425): No known package when getting name for resource number 0xffffffff
W/ResourceType(10425): No known package when getting name for resource number 0xffffffff
W/ResourceType(10425): No known package when getting name for resource number 0xffffffff
W/ResourceType(10425): No known package when getting name for resource number 0xffffffff
W/ResourceType(10425): No known package when getting name for resource number 0xffffffff
W/ResourceType(10425): No known package when getting name for resource number 0xffffffff
W/ResourceType(10425): No known package when getting name for resource number 0xffffffff
W/ResourceType(10425): No known package when getting name for resource number 0xffffffff
W/ResourceType(10425): No known package when getting name for resource number 0xffffffff
W/ResourceType(10425): No known package when getting name for resource number 0xffffffff
W/ResourceType(10425): No known package when getting name for resource number 0xffffffff
W/ResourceType(10425): No known package when getting name for resource number 0xffffffff
W/ResourceType(10425): No known package when getting name for resource number 0xffffffff
W/ResourceType(10425): No known package when getting name for resource number 0xffffffff
W/ResourceType(10425): No known package when getting name for resource number 0xffffffff
W/ResourceType(10425): No known package when getting name for resource number 0xffffffff
W/ResourceType(10425): No known package when getting name for resource number 0xffffffff
W/ResourceType(10425): No known package when getting name for resource number 0xffffffff
W/ResourceType(10425): No known package when getting name for resource number 0xffffffff
W/ResourceType(10425): No known package when getting name for resource number 0xffffffff
W/ResourceType(10425): No known package when getting name for resource number 0xffffffff
I/System.out(10425): URI: /
I/System.out(10425): params: {json={"command":"touch_coordinate","arguments":[720.0,364.0]}
I/System.out(10425): }
I/System.out(10425): header: {content-length=56, host=devicehost61.prod, x-session-token=token-token-cdd2f47e-c48d-4484-9cd2-6ec57fb4deff, x-forwarded-for=10.222.150.18, content-type=application/json; charset=utf-8, connection=close}
I/System.out(10425): params: {json={"command":"touch_coordinate","arguments":[720.0,364.0]}
I/System.out(10425): }
I/System.out(10425): ProP json = {"command":"touch_coordinate","arguments":[720.0,364.0]}
I/System.out(10425): files: {}
I/System.out(10425): command: {"command":"touch_coordinate","arguments":[720.0,364.0]}
I/InstrumentationBackend(10425): Got command:'Command:'Line:null,touch_coordinate', arguments:'[720.0, 364.0]'
I/mono-stdout(10425): uri is: https://api.careerbuilder.com/consumer/saved-jobs/?DeveloperKey=WDHR8FC6P2JZ1Y61KLM5
I/mono-stdout(10425): making api call to: /consumer/saved-jobs/?DeveloperKey=WDHR8FC6P2JZ1Y61KLM5
I/mono-stdout(10425): Method: GET, RequestUri: 'https://api.careerbuilder.com/consumer/saved-jobs/?DeveloperKey=WDHR8FC6P2JZ1Y61KLM5', Version: 1.1, Content: <null>, Headers:

I/mono-stdout(10425): {

I/mono-stdout(10425): DeveloperKey: WDHR8FC6P2JZ1Y61KLM5

I/mono-stdout(10425): Accept: application/json

I/mono-stdout(10425): Authorization: Bearer test

I/mono-stdout(10425): HostSite: US

I/mono-stdout(10425): }
I/mono-stdout(10425): Current State = 1,2,6,7
I/mono-stdout(10425): applied jobs = 6
I/mono-stdout(10425): expired jobs = 7
I/mono-stdout(10425): saved jobs = Saved,Saved,Applied,Saved
E/RecyclerView(10425): No adapter attached; skipping layout
I/Keyboard.Facilitator( 3512): onFinishInput()
I/System.out(10425): result:{"bonusInformation":[],"message":"","success":true}
I/System.out(10425): URI: /map
I/System.out(10425): params: {json={"query":"FloatingActionMenu child *","operation":{"method_name":"query","arguments":[]}}
I/System.out(10425): }
I/mono-stdout(10425): done making call to: /consumer/saved-jobs/?DeveloperKey=WDHR8FC6P2JZ1Y61KLM5
W/ResourceType(10425): No known package when getting name for resource number 0xffffffff
W/ResourceType(10425): No known package when getting name for resource number 0xffffffff
W/art     (10425): JNI RegisterNativeMethods: attempt to register 0 native methods for md539c3d548fb000cea9f34163fa7e112ea.SavedJobViewHolder
I/System.out(10425): URI: /backdoor
I/System.out(10425): params: {json={"method_name":"NoSavedJobs","arguments":[]}
I/System.out(10425): }
I/System.out(10425): URI: /map
I/System.out(10425): params: {json={"query":"all * index:0","operation":{"method_name":"query","arguments":[]}}
I/System.out(10425): }
I/art     (10425): Starting a blocking GC Explicit
I/art     (10425): Explicit concurrent mark sweep GC freed 285925(12MB) AllocSpace objects, 18(360KB) LOS objects, 28% free, 39MB/55MB, paused 970us total 70.355ms
I/art     (10425): Starting a blocking GC Explicit
I/art     (10425): Explicit concurrent mark sweep GC freed 5065(238KB) AllocSpace objects, 0(0B) LOS objects, 28% free, 39MB/55MB, paused 942us total 27.619ms
I/art     (10425): Starting a blocking GC Explicit
I/art     (10425): Explicit concurrent mark sweep GC freed 1939(82KB) AllocSpace objects, 0(0B) LOS objects, 28% free, 39MB/55MB, paused 1.250ms total 31.009ms
I/art     (10425): Starting a blocking GC Explicit
I/art     (10425): Explicit concurrent mark sweep GC freed 1354(57KB) AllocSpace objects, 0(0B) LOS objects, 28% free, 39MB/55MB, paused 906us total 29.863ms
W/ResourceType(10425): No known package when getting name for resource number 0xffffffff
I/art     (10425): Starting a blocking GC Explicit
I/art     (10425): Explicit concurrent mark sweep GC freed 10396(424KB) AllocSpace objects, 0(0B) LOS objects, 28% free, 39MB/55MB, paused 802us total 28.771ms
I/System.out(10425): URI: /map
I/System.out(10425): params: {json={"query":"all * index:0","operation":{"method_name":"query","arguments":[]}}
I/System.out(10425): }
W/ResourceType(10425): No known package when getting name for resource number 0xffffffff
I/System.out(10425): URI: /gesture
I/System.out(10425): params: {json={"gestures":[{"touches":[{"query_string":null,"offset_x":238,"offset_y":1196,"wait":0.0,"time":0.321,"x":0,"y":0,"release":false},{"query_string":null,"offset_x":1202,"offset_y":1196,"wait":0.0,"time":0.0,"x":0,"y":0,"release":false}]}],"query_timeout":5.0}
I/System.out(10425): }
I/mono-stdout(10425): uri is: https://api.careerbuilder.com/consumer/saved-jobs/?DeveloperKey=WDHR8FC6P2JZ1Y61KLM5
I/mono-stdout(10425): making api call to: /consumer/saved-jobs/?DeveloperKey=WDHR8FC6P2JZ1Y61KLM5
I/mono-stdout(10425): Method: GET, RequestUri: 'https://api.careerbuilder.com/consumer/saved-jobs/?DeveloperKey=WDHR8FC6P2JZ1Y61KLM5', Version: 1.1, Content: <null>, Headers:

I/mono-stdout(10425): {

I/mono-stdout(10425): DeveloperKey: WDHR8FC6P2JZ1Y61KLM5

I/mono-stdout(10425): Accept: application/json

I/mono-stdout(10425): Authorization: Bearer test

I/mono-stdout(10425): HostSite: US

I/mono-stdout(10425): }
I/Keyboard.Facilitator( 3512): onFinishInput()
I/System.out(10425): URI: /map
I/System.out(10425): params: {json={"query":"all * index:0","operation":{"method_name":"query","arguments":[]}}
I/System.out(10425): }
I/mono-stdout(10425): done making call to: /consumer/saved-jobs/?DeveloperKey=WDHR8FC6P2JZ1Y61KLM5
W/ResourceType(10425): No known package when getting name for resource number 0xffffffff
I/System.out(10425): URI: /map
I/System.out(10425): params: {json={"query":"all * index:0","operation":{"method_name":"query","arguments":[]}}
I/System.out(10425): }
W/ResourceType(10425): No known package when getting name for resource number 0xffffffff
I/System.out(10425): URI: /gesture
I/System.out(10425): params: {json={"gestures":[{"touches":[{"query_string":null,"offset_x":1202,"offset_y":1196,"wait":0.0,"time":0.321,"x":0,"y":0,"release":false},{"query_string":null,"offset_x":238,"offset_y":1196,"wait":0.0,"time":0.0,"x":0,"y":0,"release":false}]}],"query_timeout":5.0}
I/System.out(10425): }
I/mono-stdout(10425): uri is: https://api.careerbuilder.com/consumer/saved-jobs/?DeveloperKey=WDHR8FC6P2JZ1Y61KLM5
I/mono-stdout(10425): making api call to: /consumer/saved-jobs/?DeveloperKey=WDHR8FC6P2JZ1Y61KLM5
I/mono-stdout(10425): Method: GET, RequestUri: 'https://api.careerbuilder.com/consumer/saved-jobs/?DeveloperKey=WDHR8FC6P2JZ1Y61KLM5', Version: 1.1, Content: <null>, Headers:

I/mono-stdout(10425): {

I/mono-stdout(10425): DeveloperKey: WDHR8FC6P2JZ1Y61KLM5

I/mono-stdout(10425): Accept: application/json

I/mono-stdout(10425): Authorization: Bearer test

I/mono-stdout(10425): HostSite: US

I/mono-stdout(10425): }
I/Keyboard.Facilitator( 3512): onFinishInput()
I/System.out(10425): URI: /map
I/System.out(10425): params: {json={"query":"* marked:'noJobsTextView'","operation":{"method_name":"query","arguments":[]}}
I/System.out(10425): }
W/ResourceType(10425): No known package when getting name for resource number 0xffffffff
W/ResourceType(10425): No known package when getting name for resource number 0xffffffff
W/ResourceType(10425): No known package when getting name for resource number 0xffffffff
W/ResourceType(10425): No known package when getting name for resource number 0xffffffff
W/ResourceType(10425): No known package when getting name for resource number 0xffffffff
W/ResourceType(10425): No known package when getting name for resource number 0xffffffff
W/ResourceType(10425): No known package when getting name for resource number 0xffffffff
W/ResourceType(10425): No known package when getting name for resource number 0xffffffff
W/ResourceType(10425): No known package when getting name for resource number 0xffffffff
W/ResourceType(10425): No known package when getting name for resource number 0xffffffff
W/ResourceType(10425): No known package when getting name for resource number 0xffffffff
W/ResourceType(10425): No known package when getting name for resource number 0xffffffff
W/ResourceType(10425): No known package when getting name for resource number 0xffffffff
W/ResourceType(10425): No known package when getting name for resource number 0xffffffff
W/ResourceType(10425): No known package when getting name for resource number 0xffffffff
W/ResourceType(10425): No known package when getting name for resource number 0xffffffff
W/ResourceType(10425): No known package when getting name for resource number 0xffffffff
W/ResourceType(10425): No known package when getting name for resource number 0xffffffff
W/ResourceType(10425): No known package when getting name for resource number 0xffffffff
I/mono-stdout(10425): done making call to: /consumer/saved-jobs/?DeveloperKey=WDHR8FC6P2JZ1Y61KLM5
W/ResourceType(10425): No known package when getting name for resource number 0xffffffff
W/ResourceType(10425): No known package when getting name for resource number 0xffffffff
W/ResourceType(10425): No known package when getting name for resource number 0xffffffff
W/ResourceType(10425): No known package when getting name for resource number 0xffffffff
W/ResourceType(10425): No known package when getting name for resource number 0xffffffff
W/ResourceType(10425): No known package when getting name for resource number 0xffffffff
W/ResourceType(10425): No known package when getting name for resource number 0xffffffff
W/ResourceType(10425): No known package when getting name for resource number 0xffffffff
W/ResourceType(10425): No known package when getting name for resource number 0xffffffff
W/ResourceType(10425): No known package when getting name for resource number 0xffffffff
W/ResourceType(10425): No known package when getting name for resource number 0xffffffff
W/ResourceType(10425): No known package when getting name for resource number 0xffffffff
W/ResourceType(10425): No known package when getting name for resource number 0xffffffff
W/ResourceType(10425): No known package when getting name for resource number 0xffffffff
W/ResourceType(10425): No known package when getting name for resource number 0xffffffff
W/ResourceType(10425): No known package when getting name for resource number 0xffffffff
W/ResourceType(10425): No known package when getting name for resource number 0xffffffff
W/ResourceType(10425): No known package when getting name for resource number 0xffffffff
W/ResourceType(10425): No known package when getting name for resource number 0xffffffff
I/Atfwd_Sendcmd(  604): AtCmdFwd service not ready - Exhausted retry attempts - :6
I/Atfwd_Daemon(  604): result : -1 	 ,Init step :2 	 ,qmiErrorCode: 0
W/ResourceType(10425): No known package when getting name for resource number 0xffffffff
W/ResourceType(10425): No known package when getting name for resource number 0xffffffff
W/ResourceType(10425): No known package when getting name for resource number 0xffffffff
W/ResourceType(10425): No known package when getting name for resource number 0xffffffff
W/ResourceType(10425): No known package when getting name for resource number 0xffffffff
W/ResourceType(10425): No known package when getting name for resource number 0xffffffff
W/ResourceType(10425): No known package when getting name for resource number 0xffffffff
W/ResourceType(10425): No known package when getting name for resource number 0xffffffff
W/ResourceType(10425): No known package when getting name for resource number 0xffffffff
W/ResourceType(10425): No known package when getting name for resource number 0xffffffff
W/ResourceType(10425): No known package when getting name for resource number 0xffffffff
W/ResourceType(10425): No known package when getting name for resource number 0xffffffff
W/ResourceType(10425): No known package when getting name for resource number 0xffffffff
W/ResourceType(10425): No known package when getting name for resource number 0xffffffff
W/ResourceType(10425): No known package when getting name for resource number 0xffffffff
W/ResourceType(10425): No known package when getting name for resource number 0xffffffff
W/ResourceType(10425): No known package when getting name for resource number 0xffffffff
W/ResourceType(10425): No known package when getting name for resource number 0xffffffff
W/ResourceType(10425): No known package when getting name for resource number 0xffffffff
W/ResourceType(10425): No known package when getting name for resource number 0xffffffff
W/ResourceType(10425): No known package when getting name for resource number 0xffffffff
W/ResourceType(10425): No known package when getting name for resource number 0xffffffff
W/ResourceType(10425): No known package when getting name for resource number 0xffffffff
W/ResourceType(10425): No known package when getting name for resource number 0xffffffff
W/ResourceType(10425): No known package when getting name for resource number 0xffffffff
W/ResourceType(10425): No known package when getting name for resource number 0xffffffff
W/ResourceType(10425): No known package when getting name for resource number 0xffffffff
W/ResourceType(10425): No known package when getting name for resource number 0xffffffff
I/Keyboard.Facilitator( 3512): onFinishInput()
I/System.out(10425): URI: /map
I/System.out(10425): params: {json={"query":"* marked:'noJobsTextView'","operation":{"method_name":"query","arguments":[]}}
I/System.out(10425): }
W/ResourceType(10425): No known package when getting name for resource number 0xffffffff
W/ResourceType(10425): No known package when getting name for resource number 0xffffffff
W/ResourceType(10425): No known package when getting name for resource number 0xffffffff
W/ResourceType(10425): No known package when getting name for resource number 0xffffffff
W/ResourceType(10425): No known package when getting name for resource number 0xffffffff
W/ResourceType(10425): No known package when getting name for resource number 0xffffffff
W/ResourceType(10425): No known package when getting name for resource number 0xffffffff
I/art     (10425): Starting a blocking GC Explicit
W/ResourceType(10425): No known package when getting name for resource number 0xffffffff
W/ResourceType(10425): No known package when getting name for resource number 0xffffffff
W/ResourceType(10425): No known package when getting name for resource number 0xffffffff
W/ResourceType(10425): No known package when getting name for resource number 0xffffffff
W/ResourceType(10425): No known package when getting name for resource number 0xffffffff
W/ResourceType(10425): No known package when getting name for resource number 0xffffffff
W/ResourceType(10425): No known package when getting name for resource number 0xffffffff
W/ResourceType(10425): No known package when getting name for resource number 0xffffffff
