<![CDATA[
]]><xtc-scenario name="[0-1018]CareerBuilder_Search.DroidFeatureTests.JDPTests.PressingBackButtonInActionBarGoesBack" id="[0-1018]CareerBuilder_Search.DroidFeatureTests.JDPTests.PressingBackButtonInActionBarGoesBack"><![CDATA[

]]><xtc-step name="[0-1018]CareerBuilder_Search.DroidFeatureTests.JDPTests.PressingBackButtonInActionBarGoesBack-PressingBackButtonInActionBarGoesBack" id="[0-1018]CareerBuilder_Search.DroidFeatureTests.JDPTests.PressingBackButtonInActionBarGoesBack-PressingBackButtonInActionBarGoesBack"><![CDATA[
I/ThermalEngine(  517): ACTION: GPU - Setting GPU[0] to 510000000
I/ActivityManager(  930): Killing 7507:com.android.sdm.plugins.sprintdm/1001 (adj 15): empty #17
D/AndroidRuntime( 8281): >>>>>> START com.android.internal.os.RuntimeInit uid 2000 <<<<<<
D/AndroidRuntime( 8281): CheckJNI is OFF
D/ICU     ( 8281): No timezone override file found: /data/misc/zoneinfo/current/icu/icu_tzdata.dat
I/Radio-JNI( 8281): register_android_hardware_Radio DONE
D/AndroidRuntime( 8281): Calling main entry com.android.commands.pm.Pm
I/art     ( 8281): System.exit called, status: 0
I/AndroidRuntime( 8281): VM exiting with result code 0.
I/ThermalEngine(  517): ACTION: GPU - Setting GPU[0] to 450000000
I/ServiceManager(  537): Waiting for service AtCmdFwd...
I/ServiceManager(  537): Waiting for service AtCmdFwd...
I/ServiceManager(  537): Waiting for service AtCmdFwd...
I/ServiceManager(  537): Waiting for service AtCmdFwd...
I/ServiceManager(  537): Waiting for service AtCmdFwd...
W/Atfwd_Sendcmd(  537): AtCmdFwd service not published, waiting... retryCnt : 5
D/WifiStateMachine(  930): starting scan for "xtc-ag"WPA_PSK with 5240,5180,5220,5200
D/AndroidRuntime( 8595): >>>>>> START com.android.internal.os.RuntimeInit uid 2000 <<<<<<
D/AndroidRuntime( 8595): CheckJNI is OFF
D/ICU     ( 8595): No timezone override file found: /data/misc/zoneinfo/current/icu/icu_tzdata.dat
I/Radio-JNI( 8595): register_android_hardware_Radio DONE
D/AndroidRuntime( 8595): Calling main entry com.android.commands.am.Am
W/ActivityManager(  930): Invalid packageName: com.careerbuilder.SugarDrone
D/AndroidRuntime( 8595): Shutting down VM
I/Keyboard.Facilitator.LanguageModelFlusher( 3476): run()
I/Keyboard.Facilitator( 3476): flushDynamicLanguageModels()
D/NetlinkSocketObserver(  930): NeighborEvent{elapsedMs=204160, 10.22.0.1, [B0FAEB975089], RTM_NEWNEIGH, NUD_STALE}
I/ThermalEngine(  517): ACTION: GPU - Setting GPU[0] to 390000000
I/Atfwd_Sendcmd(  537): AtCmdFwd service not ready - Exhausted retry attempts - :6
I/Atfwd_Daemon(  537): result : -1 	 ,Init step :2 	 ,qmiErrorCode: 0
I/ThermalEngine(  517): ACTION: GPU - Setting GPU[0] to 450000000
W/ip      ( 8921): type=1400 audit(0.0:75): avc: denied { search } for name="net" dev="dm-2" ino=719496 scontext=u:r:shell:s0 tcontext=u:object_r:net_data_file:s0 tclass=dir permissive=0
I/ThermalEngine(  517): ACTION: GPU - Setting GPU[0] to 390000000
D/AndroidRuntime( 8981): >>>>>> START com.android.internal.os.RuntimeInit uid 2000 <<<<<<
D/AndroidRuntime( 8981): CheckJNI is OFF
D/ICU     ( 8981): No timezone override file found: /data/misc/zoneinfo/current/icu/icu_tzdata.dat
I/Radio-JNI( 8981): register_android_hardware_Radio DONE
D/AndroidRuntime( 8981): Calling main entry com.android.commands.pm.Pm
I/ActivityManager(  930): Start proc 9001:com.android.defcontainer/u0a7 for service com.android.defcontainer/.DefaultContainerService
D/DefContainer( 9001): Copying /data/local/tmp/0000004856 to base.apk
I/ServiceManager(  537): Waiting for service AtCmdFwd...
I/PackageManager.DexOptimizer(  930): Running dexopt (dex2oat) on: /data/app/vmdl2052695503.tmp/base.apk pkg=com.careerbuilder.SugarDrone isa=arm vmSafeMode=false debuggable=true oatDir = /data/app/vmdl2052695503.tmp/oat bootComplete=true
I/dex2oat ( 9040): /system/bin/dex2oat -j2 --debuggable
I/ThermalEngine(  517): ACTION: GPU - Setting GPU[0] to 450000000
W/dex2oat ( 9040): Before Android 4.1, method android.graphics.PorterDuffColorFilter android.support.graphics.drawable.VectorDrawableCompat.updateTintFilter(android.graphics.PorterDuffColorFilter, android.content.res.ColorStateList, android.graphics.PorterDuff$Mode) would have incorrectly overridden the package-private method in android.graphics.drawable.Drawable
W/dex2oat ( 9040): Before Android 4.1, method int android.support.v7.widget.ListViewCompat.lookForSelectablePosition(int, boolean) would have incorrectly overridden the package-private method in android.widget.ListView
I/ServiceManager(  537): Waiting for service AtCmdFwd...
I/ServiceManager(  537): Waiting for service AtCmdFwd...
I/ThermalEngine(  517): ACTION: GPU - Setting GPU[0] to 390000000
I/ServiceManager(  537): Waiting for service AtCmdFwd...
I/ServiceManager(  537): Waiting for service AtCmdFwd...
W/Atfwd_Sendcmd(  537): AtCmdFwd service not published, waiting... retryCnt : 1
I/dex2oat ( 9040): dex2oat took 5.219s (threads: 2) arena alloc=607KB java alloc=5MB native alloc=20MB free=3MB
W/PackageManager(  930): Not granting permission android.permission.MANAGE_DOCUMENTS to package com.careerbuilder.SugarDrone (protectionLevel=2 flags=0x3808be46)
W/PackageManager(  930): Not granting permission android.permission.MOUNT_UNMOUNT_FILESYSTEMS to package com.careerbuilder.SugarDrone (protectionLevel=18 flags=0x3808be46)
V/BackupManagerService(  930): restoreAtInstall pkg=com.careerbuilder.SugarDrone token=5 restoreSet=0
V/BackupManagerService(  930): Finishing install immediately
W/Settings(  930): Setting install_non_market_apps has moved from android.provider.Settings.Global to android.provider.Settings.Secure, returning read-only value.
I/art     (  930): Starting a blocking GC Explicit
I/art     (  930): Explicit concurrent mark sweep GC freed 25133(1712KB) AllocSpace objects, 4(80KB) LOS objects, 33% free, 30MB/45MB, paused 1.792ms total 100.223ms
I/art     ( 8981): System.exit called, status: 0
I/AndroidRuntime( 8981): VM exiting with result code 0.
I/InputReader(  930): Reconfiguring input devices.  changes=0x00000010
I/ActivityManager(  930): Start proc 9116:com.google.android.partnersetup/u0a18 for broadcast com.google.android.partnersetup/.RlzPingBroadcastReceiver
D/CarrierServiceBindHelper( 3617): Receive action: android.intent.action.PACKAGE_ADDED
D/CarrierServiceBindHelper( 3617): mHandler: 3
D/CarrierConfigLoader( 3617): mHandler: 9 phoneId: 0
W/System  ( 9116): ClassLoader referenced unknown path: /system/priv-app/GooglePartnerSetup/lib/arm64
I/ActivityManager(  930): Start proc 9133:com.android.musicfx/u0a21 for broadcast com.android.musicfx/.Compatibility$Receiver
I/ActivityManager(  930): Killing 7545:com.android.chrome/u0a39 (adj 15): empty #17
W/System  ( 9133): ClassLoader referenced unknown path: /system/priv-app/MusicFX/lib/arm64
I/ActivityManager(  930): Start proc 9157:com.android.vending/u0a22 for broadcast com.android.vending/com.google.android.finsky.receivers.PackageMonitorReceiver$RegisteredReceiver
I/ActivityManager(  930): Killing 7445:com.google.android.music:main/u0a59 (adj 15): empty #17
W/System  ( 9157): ClassLoader referenced unknown path: /system/priv-app/Phonesky/lib/arm64
W/Finsky  ( 9157): [1] FinskyApp.getCurrentAccount: No account configured on this device.
D/Finsky  ( 9157): [1] FinskyApp.onCreate: Initializing network with DFE https://android.clients.google.com/fdfe/
W/Finsky  ( 9157): [1] FinskyApp.getCurrentAccount: No account configured on this device.
W/Finsky  ( 9157): [1] FinskyApp.getCurrentAccount: No account configured on this device.
W/Finsky  ( 9157): [1] FinskyApp.getCurrentAccount: No account configured on this device.
W/Finsky  ( 9157): [1] FinskyApp.getCurrentAccount: No account configured on this device.
W/Finsky  ( 9157): [1] FinskyApp.getCurrentAccount: No account configured on this device.
W/Finsky  ( 9157): [1] FinskyApp.getCurrentAccount: No account configured on this device.
W/Finsky  ( 9157): [1] FinskyApp.getCurrentAccount: No account configured on this device.
D/Finsky  ( 9157): [1] DailyHygiene.goMakeHygieneIfDirty: No need to run daily hygiene.
W/Settings( 9157): Setting download_manager_max_bytes_over_mobile has moved from android.provider.Settings.Secure to android.provider.Settings.Global.
W/Settings( 9157): Setting download_manager_recommended_max_bytes_over_mobile has moved from android.provider.Settings.Secure to android.provider.Settings.Global.
W/Finsky  ( 9157): [1] FinskyApp.getCurrentAccount: No account configured on this device.
W/Finsky  ( 9157): [1] FinskyApp.getCurrentAccount: No account configured on this device.
W/Finsky  ( 9157): [1] FinskyApp.getDfeApi: No account configured on this device.
W/Finsky  ( 9157): [1] FinskyApp.getCurrentAccount: No account configured on this device.
I/ActivityManager(  930): Start proc 9195:com.google.android.apps.docs/u0a43 for broadcast com.google.android.apps.docs/.receivers.AppPackageAddRemoveReceiver
I/UpdateIcingCorporaServi( 5732): Updating corpora: APPS=com.careerbuilder.SugarDrone, CONTACTS=MAYBE
D/Ads     ( 9157): Skipping gmscore version check
W/System  ( 9195): ClassLoader referenced unknown path: /system/app/Drive/lib/arm64
W/IcingInternalCorpora( 4407): getNumBytesRead when not calculated.
I/UpdateIcingCorporaServi( 5732): UpdateCorporaTask done [took 180 ms] updated apps [took 180 ms] 
I/Icing   ( 4407): Usage reports 0 indexed 0 rejected 0 imm upload true
D/Finsky  ( 9157): [1] ExternalReferrer.access$200: Package state data is missing for com.careerbuilder.SugarDrone
W/Finsky  ( 9157): [1] FinskyApp.getCurrentAccount: No account configured on this device.
W/Finsky  ( 9157): [1] FinskyApp.getCurrentAccount: No account configured on this device.
D/Finsky  ( 9157): [1] GmsCoreHelper.cleanupNlp: result=false type=4
D/Finsky  ( 9157): [1] RestoreTracker.stopServiceIfDone: Restore complete with 0 success and 0 failed.
D/AndroidRuntime( 9152): >>>>>> START com.android.internal.os.RuntimeInit uid 2000 <<<<<<
D/AndroidRuntime( 9152): CheckJNI is OFF
D/ICU     ( 9152): No timezone override file found: /data/misc/zoneinfo/current/icu/icu_tzdata.dat
I/Radio-JNI( 9152): register_android_hardware_Radio DONE
I/GAv4    ( 9195): Google Analytics 7.8.95 is starting up. To enable debug logging on a device run:
I/GAv4    ( 9195):   adb shell setprop log.tag.GAv4 DEBUG
I/GAv4    ( 9195):   adb logcat -s GAv4
D/AndroidRuntime( 9152): Calling main entry com.android.commands.settings.SettingsCmd
D/AndroidRuntime( 9152): Shutting down VM
W/GAv4    ( 9195): AnalyticsReceiver is not registered or is disabled. Register the receiver for reliable dispatching on non-Google Play devices. See http://goo.gl/8Rd3yj for instructions.
W/GAv4    ( 9195): CampaignTrackingReceiver is not registered, not exported or is disabled. Installation campaign tracking is not possible. See http://goo.gl/8Rd3yj for instructions.
W/AnalyticsTrackerProxyImpl( 9195): Analytics setup for ID UA-21125203-2, app name Drive, version 2.3.327.05.46
W/GAv4    ( 9195): AnalyticsService not registered in the app manifest. Hits might not be delivered reliably. See http://goo.gl/8Rd3yj for instructions.
I/ActivityManager(  930): Killing 7232:com.google.android.talk/u0a53 (adj 15): empty #17
D/Wear_Controller( 4407): Received broadcast action=android.intent.action.PACKAGE_ADDED and uri=com.careerbuilder.SugarDrone
I/PeopleContactsSync( 4407): triggerPendingContactsCleanup: no accounts
I/Icing   ( 4407): Usage reports 0 indexed 0 rejected 0 imm upload false
I/Icing   ( 4407): Usage reports 0 indexed 0 rejected 0 imm upload false
I/Icing   ( 4407): Indexing E58B09958320B6A0799CC60F59E604FF729F846D from com.google.android.googlequicksearchbox
I/Icing   ( 4407): Indexing done E58B09958320B6A0799CC60F59E604FF729F846D
W/linker  ( 9195): /data/app/com.google.android.gms-2/lib/arm64/libconscrypt_gmscore_jni.so: unused DT entry: type 0x1d arg 0x80
V/JNIHelp ( 9195): Registering com/google/android/gms/org/conscrypt/NativeCrypto's 242 native methods...
I/art     ( 9195): Rejecting re-init on previously-failed class java.lang.Class<com.google.android.gms.org.conscrypt.OpenSSLExtendedSessionImpl>
I/art     ( 9195): Rejecting re-init on previously-failed class java.lang.Class<com.google.android.gms.org.conscrypt.OpenSSLExtendedSessionImpl>
I/ProviderInstaller( 9195): Installed default security provider GmsCore_OpenSSL
D/AndroidRuntime( 9255): >>>>>> START com.android.internal.os.RuntimeInit uid 2000 <<<<<<
D/AndroidRuntime( 9255): CheckJNI is OFF
D/ICU     ( 9255): No timezone override file found: /data/misc/zoneinfo/current/icu/icu_tzdata.dat
I/Radio-JNI( 9255): register_android_hardware_Radio DONE
D/AndroidRuntime( 9255): Calling main entry com.android.commands.settings.SettingsCmd
D/AndroidRuntime( 9255): Shutting down VM
I/Icing   ( 4407): Indexing 75B7FD9F840F1C7D00F9D2E12E7D163EBD92D69A from com.google.android.gms
I/Icing   ( 4407): Indexing done 75B7FD9F840F1C7D00F9D2E12E7D163EBD92D69A
D/AndroidRuntime( 9283): >>>>>> START com.android.internal.os.RuntimeInit uid 2000 <<<<<<
D/AndroidRuntime( 9283): CheckJNI is OFF
D/ICU     ( 9283): No timezone override file found: /data/misc/zoneinfo/current/icu/icu_tzdata.dat
I/Radio-JNI( 9283): register_android_hardware_Radio DONE
D/AndroidRuntime( 9283): Calling main entry com.android.commands.settings.SettingsCmd
D/AndroidRuntime( 9283): Shutting down VM
I/ActivityManager(  930): Killing 7596:com.google.android.apps.photos/u0a62 (adj 15): empty #17
D/WifiStateMachine(  930): starting scan for "xtc-ag"WPA_PSK with 5240,5180,5220,5200
D/AndroidRuntime( 9306): >>>>>> START com.android.internal.os.RuntimeInit uid 2000 <<<<<<
D/AndroidRuntime( 9306): CheckJNI is OFF
D/ICU     ( 9306): No timezone override file found: /data/misc/zoneinfo/current/icu/icu_tzdata.dat
I/ServiceManager(  537): Waiting for service AtCmdFwd...
I/Radio-JNI( 9306): register_android_hardware_Radio DONE
D/AndroidRuntime( 9306): Calling main entry com.android.commands.settings.SettingsCmd
D/AndroidRuntime( 9306): Shutting down VM
I/ThermalEngine(  517): ACTION: GPU - Setting GPU[0] to 450000000
D/AndroidRuntime( 9328): >>>>>> START com.android.internal.os.RuntimeInit uid 2000 <<<<<<
D/AndroidRuntime( 9328): CheckJNI is OFF
D/ICU     ( 9328): No timezone override file found: /data/misc/zoneinfo/current/icu/icu_tzdata.dat
I/Radio-JNI( 9328): register_android_hardware_Radio DONE
I/ServiceManager(  537): Waiting for service AtCmdFwd...
D/AndroidRuntime( 9328): Calling main entry com.android.commands.settings.SettingsCmd
D/AndroidRuntime( 9328): Shutting down VM
D/AndroidRuntime( 9350): >>>>>> START com.android.internal.os.RuntimeInit uid 2000 <<<<<<
D/AndroidRuntime( 9350): CheckJNI is OFF
D/ICU     ( 9350): No timezone override file found: /data/misc/zoneinfo/current/icu/icu_tzdata.dat
I/Radio-JNI( 9350): register_android_hardware_Radio DONE
D/AndroidRuntime( 9350): Calling main entry com.android.commands.appops.AppOpsCommand
D/AndroidRuntime( 9350): Shutting down VM
I/ServiceManager(  537): Waiting for service AtCmdFwd...
D/NetlinkSocketObserver(  930): NeighborEvent{elapsedMs=241320, 10.22.0.1, [B0FAEB975089], RTM_NEWNEIGH, NUD_REACHABLE}
D/AndroidRuntime( 9373): >>>>>> START com.android.internal.os.RuntimeInit uid 2000 <<<<<<
D/AndroidRuntime( 9373): CheckJNI is OFF
D/ICU     ( 9373): No timezone override file found: /data/misc/zoneinfo/current/icu/icu_tzdata.dat
I/Radio-JNI( 9373): register_android_hardware_Radio DONE
D/AndroidRuntime( 9373): Calling main entry com.android.commands.pm.Pm
I/art     ( 9373): System.exit called, status: 0
I/AndroidRuntime( 9373): VM exiting with result code 0.
I/ServiceManager(  537): Waiting for service AtCmdFwd...
I/ThermalEngine(  517): ACTION: GPU - Setting GPU[0] to 390000000
I/ServiceManager(  537): Waiting for service AtCmdFwd...
I/ActivityManager(  930): Killing 7942:com.android.providers.calendar/u0a1 (adj 15): empty #17
D/AndroidRuntime( 9417): >>>>>> START com.android.internal.os.RuntimeInit uid 2000 <<<<<<
D/AndroidRuntime( 9417): CheckJNI is OFF
D/ICU     ( 9417): No timezone override file found: /data/misc/zoneinfo/current/icu/icu_tzdata.dat
I/Radio-JNI( 9417): register_android_hardware_Radio DONE
W/Atfwd_Sendcmd(  537): AtCmdFwd service not published, waiting... retryCnt : 2
D/AndroidRuntime( 9417): Calling main entry com.android.commands.pm.Pm
I/art     ( 9417): System.exit called, status: 0
I/AndroidRuntime( 9417): VM exiting with result code 0.
D/ConnectivityService(  930): notifyType CAP_CHANGED for NetworkAgentInfo [WIFI () - 100]
D/AndroidRuntime( 9485): >>>>>> START com.android.internal.os.RuntimeInit uid 2000 <<<<<<
D/AndroidRuntime( 9485): CheckJNI is OFF
D/ICU     ( 9485): No timezone override file found: /data/misc/zoneinfo/current/icu/icu_tzdata.dat
I/Radio-JNI( 9485): register_android_hardware_Radio DONE
D/AndroidRuntime( 9485): Calling main entry com.android.commands.am.Am
W/ActivityManager(  930): Invalid packageName: com.careerbuilder.SugarDrone.test
D/AndroidRuntime( 9485): Shutting down VM
I/ThermalEngine(  517): ACTION: GPU - Setting GPU[0] to 450000000
D/AndroidRuntime( 9513): >>>>>> START com.android.internal.os.RuntimeInit uid 2000 <<<<<<
D/AndroidRuntime( 9513): CheckJNI is OFF
D/ICU     ( 9513): No timezone override file found: /data/misc/zoneinfo/current/icu/icu_tzdata.dat
I/Radio-JNI( 9513): register_android_hardware_Radio DONE
D/AndroidRuntime( 9513): Calling main entry com.android.commands.pm.Pm
D/DefContainer( 9001): Copying /data/local/tmp/0000004857 to base.apk
I/PackageManager.DexOptimizer(  930): Running dexopt (dex2oat) on: /data/app/vmdl1730041299.tmp/base.apk pkg=com.careerbuilder.SugarDrone.test isa=arm64 vmSafeMode=false debuggable=false oatDir = /data/app/vmdl1730041299.tmp/oat bootComplete=true
I/dex2oat ( 9534): /system/bin/dex2oat -j2
W/dex2oat ( 9534): No verified method for method calling String.<init>: java.lang.String android.text.TextUtils.substring(java.lang.CharSequence, int, int)
W/dex2oat ( 9534): No verified method for method calling String.<init>: java.lang.String android.text.TextUtils.substring(java.lang.CharSequence, int, int)
D/ConnectivityService(  930): notifyType CAP_CHANGED for NetworkAgentInfo [WIFI () - 100]
I/dex2oat ( 9534): Skipping compilation of void sh.calaba.org.codehaus.jackson.impl.Utf8StreamParser._skipString(): it contains a non natural loop
I/dex2oat ( 9534): dex2oat took 2.221s (threads: 2) arena alloc=2MB java alloc=2MB native alloc=9MB free=1817KB
W/PackageManager(  930): Not granting permission android.permission.ACCESS_MOCK_LOCATION to package com.careerbuilder.SugarDrone.test (protectionLevel=2 flags=0x1800be44)
V/BackupManagerService(  930): restoreAtInstall pkg=com.careerbuilder.SugarDrone.test token=6 restoreSet=0
V/BackupManagerService(  930): Finishing install immediately
W/Settings(  930): Setting install_non_market_apps has moved from android.provider.Settings.Global to android.provider.Settings.Secure, returning read-only value.
I/art     (  930): Starting a blocking GC Explicit
D/Finsky  ( 9157): [404] AppStatesReplicator.handleContentSyncResponse: Completed 0 account content syncs with 0 successful.
D/Finsky  ( 9157): [1] ContentSyncService$5.onFinished: Installation state replication succeeded.
I/art     (  930): Explicit concurrent mark sweep GC freed 103900(6MB) AllocSpace objects, 16(364KB) LOS objects, 33% free, 30MB/45MB, paused 1.846ms total 102.523ms
I/art     ( 9513): System.exit called, status: 0
I/AndroidRuntime( 9513): VM exiting with result code 0.
I/InputReader(  930): Reconfiguring input devices.  changes=0x00000010
D/CarrierServiceBindHelper( 3617): Receive action: android.intent.action.PACKAGE_ADDED
D/CarrierServiceBindHelper( 3617): mHandler: 3
D/CarrierConfigLoader( 3617): mHandler: 9 phoneId: 0
D/Finsky  ( 9157): [1] ExternalReferrer.access$200: Package state data is missing for com.careerbuilder.SugarDrone.test
I/UpdateIcingCorporaServi( 5732): Updating corpora: APPS=com.careerbuilder.SugarDrone.test, CONTACTS=MAYBE
I/ThermalEngine(  517): ACTION: GPU - Setting GPU[0] to 390000000
I/UpdateIcingCorporaServi( 5732): UpdateCorporaTask done [took 80 ms] updated apps [took 80 ms] 
D/Wear_Controller( 4407): Received broadcast action=android.intent.action.PACKAGE_ADDED and uri=com.careerbuilder.SugarDrone.test
I/PeopleContactsSync( 4407): triggerPendingContactsCleanup: no accounts
W/IcingInternalCorpora( 4407): getNumBytesRead when not calculated.
I/Icing   ( 4407): Usage reports 0 indexed 0 rejected 0 imm upload false
I/Icing   ( 4407): Usage reports 0 indexed 0 rejected 0 imm upload false
D/AndroidRuntime( 9604): >>>>>> START com.android.internal.os.RuntimeInit uid 2000 <<<<<<
D/AndroidRuntime( 9604): CheckJNI is OFF
D/ICU     ( 9604): No timezone override file found: /data/misc/zoneinfo/current/icu/icu_tzdata.dat
I/Radio-JNI( 9604): register_android_hardware_Radio DONE
D/AndroidRuntime( 9604): Calling main entry com.android.commands.settings.SettingsCmd
D/AndroidRuntime( 9604): Shutting down VM
I/Icing   ( 4407): Indexing 75B7FD9F840F1C7D00F9D2E12E7D163EBD92D69A from com.google.android.gms
I/Icing   ( 4407): Indexing done 75B7FD9F840F1C7D00F9D2E12E7D163EBD92D69A
D/AndroidRuntime( 9631): >>>>>> START com.android.internal.os.RuntimeInit uid 2000 <<<<<<
D/AndroidRuntime( 9631): CheckJNI is OFF
D/ICU     ( 9631): No timezone override file found: /data/misc/zoneinfo/current/icu/icu_tzdata.dat
I/Radio-JNI( 9631): register_android_hardware_Radio DONE
D/AndroidRuntime( 9631): Calling main entry com.android.commands.settings.SettingsCmd
D/AndroidRuntime( 9631): Shutting down VM
D/AndroidRuntime( 9654): >>>>>> START com.android.internal.os.RuntimeInit uid 2000 <<<<<<
D/AndroidRuntime( 9654): CheckJNI is OFF
D/ICU     ( 9654): No timezone override file found: /data/misc/zoneinfo/current/icu/icu_tzdata.dat
I/Radio-JNI( 9654): register_android_hardware_Radio DONE
D/AndroidRuntime( 9654): Calling main entry com.android.commands.settings.SettingsCmd
D/AndroidRuntime( 9654): Shutting down VM
I/ServiceManager(  537): Waiting for service AtCmdFwd...
D/AndroidRuntime( 9678): >>>>>> START com.android.internal.os.RuntimeInit uid 2000 <<<<<<
D/AndroidRuntime( 9678): CheckJNI is OFF
D/ICU     ( 9678): No timezone override file found: /data/misc/zoneinfo/current/icu/icu_tzdata.dat
I/Radio-JNI( 9678): register_android_hardware_Radio DONE
D/AndroidRuntime( 9678): Calling main entry com.android.commands.settings.SettingsCmd
D/AndroidRuntime( 9678): Shutting down VM
I/ServiceManager(  537): Waiting for service AtCmdFwd...
D/AndroidRuntime( 9699): >>>>>> START com.android.internal.os.RuntimeInit uid 2000 <<<<<<
D/AndroidRuntime( 9699): CheckJNI is OFF
D/ICU     ( 9699): No timezone override file found: /data/misc/zoneinfo/current/icu/icu_tzdata.dat
I/Radio-JNI( 9699): register_android_hardware_Radio DONE
D/AndroidRuntime( 9699): Calling main entry com.android.commands.settings.SettingsCmd
D/AndroidRuntime( 9699): Shutting down VM
I/ServiceManager(  537): Waiting for service AtCmdFwd...
D/AndroidRuntime( 9721): >>>>>> START com.android.internal.os.RuntimeInit uid 2000 <<<<<<
D/AndroidRuntime( 9721): CheckJNI is OFF
D/ICU     ( 9721): No timezone override file found: /data/misc/zoneinfo/current/icu/icu_tzdata.dat
I/Radio-JNI( 9721): register_android_hardware_Radio DONE
D/AndroidRuntime( 9721): Calling main entry com.android.commands.appops.AppOpsCommand
D/AndroidRuntime( 9721): Shutting down VM
I/ThermalEngine(  517): ACTION: GPU - Setting GPU[0] to 450000000
I/ServiceManager(  537): Waiting for service AtCmdFwd...
D/AndroidRuntime( 9744): >>>>>> START com.android.internal.os.RuntimeInit uid 2000 <<<<<<
D/AndroidRuntime( 9744): CheckJNI is OFF
D/ICU     ( 9744): No timezone override file found: /data/misc/zoneinfo/current/icu/icu_tzdata.dat
I/Radio-JNI( 9744): register_android_hardware_Radio DONE
D/AndroidRuntime( 9744): Calling main entry com.android.commands.pm.Pm
I/art     ( 9744): System.exit called, status: 0
I/AndroidRuntime( 9744): VM exiting with result code 0.
I/ServiceManager(  537): Waiting for service AtCmdFwd...
I/ThermalEngine(  517): ACTION: GPU - Setting GPU[0] to 390000000
D/WifiStateMachine(  930): starting scan for "xtc-ag"WPA_PSK with 5240,5180,5220,5200
W/Atfwd_Sendcmd(  537): AtCmdFwd service not published, waiting... retryCnt : 3
D/AndroidRuntime( 9786): >>>>>> START com.android.internal.os.RuntimeInit uid 2000 <<<<<<
D/AndroidRuntime( 9786): CheckJNI is OFF
D/ICU     ( 9786): No timezone override file found: /data/misc/zoneinfo/current/icu/icu_tzdata.dat
I/Radio-JNI( 9786): register_android_hardware_Radio DONE
D/AndroidRuntime( 9786): Calling main entry com.android.commands.pm.Pm
I/art     ( 9786): System.exit called, status: 0
I/AndroidRuntime( 9786): VM exiting with result code 0.
D/AndroidRuntime( 9847): >>>>>> START com.android.internal.os.RuntimeInit uid 2000 <<<<<<
D/AndroidRuntime( 9847): CheckJNI is OFF
D/ICU     ( 9847): No timezone override file found: /data/misc/zoneinfo/current/icu/icu_tzdata.dat
I/Radio-JNI( 9847): register_android_hardware_Radio DONE
D/AndroidRuntime( 9847): Calling main entry com.android.commands.input.Input
I/Input   ( 9847): injectKeyEvent: KeyEvent { action=ACTION_DOWN, keyCode=KEYCODE_BACK, scanCode=0, metaState=0, flags=0x0, repeatCount=0, eventTime=262623, downTime=262623, deviceId=-1, source=0x101 }
I/Input   ( 9847): injectKeyEvent: KeyEvent { action=ACTION_UP, keyCode=KEYCODE_BACK, scanCode=0, metaState=0, flags=0x0, repeatCount=0, eventTime=262623, downTime=262623, deviceId=-1, source=0x101 }
D/EmojiAltPhysicalKeyDetector( 3476): onKeyUp() : KeyEvent { action=ACTION_UP, keyCode=KEYCODE_BACK, scanCode=0, metaState=0, flags=0x0, repeatCount=0, eventTime=262623, downTime=262623, deviceId=-1, source=0x101 }
D/EmojiAltPhysicalKeyDetector( 3476): onKeyUp() : Disabled
D/AndroidRuntime( 9847): Shutting down VM
I/ThermalEngine(  517): ACTION: GPU - Setting GPU[0] to 450000000
D/AndroidRuntime( 9901): >>>>>> START com.android.internal.os.RuntimeInit uid 2000 <<<<<<
D/AndroidRuntime( 9901): CheckJNI is OFF
D/ICU     ( 9901): No timezone override file found: /data/misc/zoneinfo/current/icu/icu_tzdata.dat
I/Radio-JNI( 9901): register_android_hardware_Radio DONE
D/AndroidRuntime( 9901): Calling main entry com.android.commands.input.Input
I/Input   ( 9901): injectKeyEvent: KeyEvent { action=ACTION_DOWN, keyCode=KEYCODE_HOME, scanCode=0, metaState=0, flags=0x0, repeatCount=0, eventTime=264523, downTime=264523, deviceId=-1, source=0x101 }
I/Input   ( 9901): injectKeyEvent: KeyEvent { action=ACTION_UP, keyCode=KEYCODE_HOME, scanCode=0, metaState=0, flags=0x0, repeatCount=0, eventTime=264523, downTime=264523, deviceId=-1, source=0x101 }
I/ActivityManager(  930): START u0 {act=android.intent.action.MAIN cat=[android.intent.category.HOME] flg=0x10200000 cmp=com.google.android.googlequicksearchbox/com.google.android.launcher.GEL (has extras)} from uid 1000 on display 0
D/AndroidRuntime( 9901): Shutting down VM
I/GEL     ( 3651): handleIntent(Intent { act=android.intent.action.MAIN cat=[android.intent.category.HOME] flg=0x10200000 cmp=com.google.android.googlequicksearchbox/com.google.android.launcher.GEL (has extras) })
I/ThermalEngine(  517): ACTION: GPU - Setting GPU[0] to 390000000
D/Finsky  ( 9157): [404] AppStatesReplicator.handleContentSyncResponse: Completed 0 account content syncs with 0 successful.
D/Finsky  ( 9157): [1] ContentSyncService$5.onFinished: Installation state replication succeeded.
D/AndroidRuntime( 9935): >>>>>> START com.android.internal.os.RuntimeInit uid 2000 <<<<<<
D/AndroidRuntime( 9935): CheckJNI is OFF
D/ICU     ( 9935): No timezone override file found: /data/misc/zoneinfo/current/icu/icu_tzdata.dat
I/Radio-JNI( 9935): register_android_hardware_Radio DONE
D/AndroidRuntime( 9935): Calling main entry com.android.commands.input.Input
I/Input   ( 9935): injectKeyEvent: KeyEvent { action=ACTION_DOWN, keyCode=KEYCODE_BACK, scanCode=0, metaState=0, flags=0x0, repeatCount=0, eventTime=266092, downTime=266092, deviceId=-1, source=0x101 }
I/Input   ( 9935): injectKeyEvent: KeyEvent { action=ACTION_UP, keyCode=KEYCODE_BACK, scanCode=0, metaState=0, flags=0x0, repeatCount=0, eventTime=266092, downTime=266092, deviceId=-1, source=0x101 }
D/EmojiAltPhysicalKeyDetector( 3476): onKeyUp() : KeyEvent { action=ACTION_UP, keyCode=KEYCODE_BACK, scanCode=0, metaState=0, flags=0x0, repeatCount=0, eventTime=266092, downTime=266092, deviceId=-1, source=0x101 }
D/EmojiAltPhysicalKeyDetector( 3476): onKeyUp() : Disabled
D/AndroidRuntime( 9935): Shutting down VM
D/AndroidRuntime( 9968): >>>>>> START com.android.internal.os.RuntimeInit uid 2000 <<<<<<
D/AndroidRuntime( 9968): CheckJNI is OFF
D/ICU     ( 9968): No timezone override file found: /data/misc/zoneinfo/current/icu/icu_tzdata.dat
I/Radio-JNI( 9968): register_android_hardware_Radio DONE
D/AndroidRuntime( 9968): Calling main entry com.android.commands.am.Am
I/ActivityManager(  930): Force stopping com.careerbuilder.SugarDrone appid=16052 user=0: start instr
I/ActivityManager(  930): Start proc 9988:com.careerbuilder.SugarDrone/u0a6052 for added application com.careerbuilder.SugarDrone
I/art     ( 9988): Late-enabling -Xcheck:jni
E/dex2oat (10001): Failed to create oat file: /data/dalvik-cache/arm/data@app@com.careerbuilder.SugarDrone.test-1@base.apk@classes.dex: Permission denied
I/dex2oat (10001): dex2oat took 776.875us (threads: 2) 
W/art     ( 9988): Failed execv(/system/bin/dex2oat --runtime-arg -classpath --runtime-arg  --instruction-set=arm --instruction-set-features=smp,div,-atomic_ldrd_strd --runtime-arg -Xrelocate --boot-image=/system/framework/boot.art --runtime-arg -Xms64m --runtime-arg -Xmx512m -j2 --instruction-set-variant=cortex-a7 --instruction-set-features=default --dex-file=/data/app/com.careerbuilder.SugarDrone.test-1/base.apk --oat-file=/data/dalvik-cache/arm/data@app@com.careerbuilder.SugarDrone.test-1@base.apk@classes.dex) because non-0 exit status
W/System  ( 9988): ClassLoader referenced unknown path: /data/app/com.careerbuilder.SugarDrone.test-1/lib/arm64
W/monodroid( 9988): Using override path: /data/user/0/com.careerbuilder.SugarDrone/files/.__override__
W/monodroid( 9988): Trying to load sgen from: /data/user/0/com.careerbuilder.SugarDrone/files/.__override__/libmonosgen-2.0.so
W/monodroid( 9988): Trying to load sgen from: /storage/emulated/0/Android/data/com.careerbuilder.SugarDrone/files/.__override__/libmonosgen-2.0.so
W/monodroid( 9988): Trying to load sgen from: /data/app/com.careerbuilder.SugarDrone-1/lib/arm/libmonosgen-2.0.so
D/Mono    ( 9988): Image addref mscorlib[0xebcad020] -> mscorlib.dll[0xed43bd00]: 2
D/Mono    ( 9988): Prepared to set up assembly 'mscorlib' (mscorlib.dll)
D/Mono    ( 9988): AOT module 'mscorlib.dll.so' not found: dlopen failed: library "/data/app/com.careerbuilder.SugarDrone-1/lib/arm/libaot-mscorlib.dll.so" not found
D/Mono    ( 9988): AOT module '/Users/builder/data/lanes/4009/3a62f1ea/source/monodroid/builds/install/mono-armv6/lib/mono/aot-cache/arm/mscorlib.dll.so' not found: dlopen failed: library "/data/app/com.careerbuilder.SugarDrone-1/lib/arm/libaot-mscorlib.dll.so" not found
D/Mono    ( 9988): Config attempting to parse: 'mscorlib.dll.config'.
D/Mono    ( 9988): Config attempting to parse: '/Users/builder/data/lanes/4009/3a62f1ea/source/monodroid/builds/install/mono-armv6/etc/mono/assemblies/mscorlib/mscorlib.config'.
D/Mono    ( 9988): Assembly mscorlib[0xebcad020] added to domain RootDomain, ref_count=1
D/Mono    ( 9988): Image addref CareerBuilder_Search.Droid[0xebcad080] -> CareerBuilder_Search.Droid.dll[0xed43cc00]: 2
D/Mono    ( 9988): Prepared to set up assembly 'CareerBuilder_Search.Droid' (CareerBuilder_Search.Droid.dll)
D/Mono    ( 9988): Assembly CareerBuilder_Search.Droid[0xebcad080] added to domain RootDomain, ref_count=1
D/Mono    ( 9988): AOT module 'CareerBuilder_Search.Droid.dll.so' not found: dlopen failed: library "/data/app/com.careerbuilder.SugarDrone-1/lib/arm/libaot-CareerBuilder_Search.Droid.dll.so" not found
D/Mono    ( 9988): AOT module '/Users/builder/data/lanes/4009/3a62f1ea/source/monodroid/builds/install/mono-armv6/lib/mono/aot-cache/arm/CareerBuilder_Search.Droid.dll.so' not found: dlopen failed: library "/data/app/com.careerbuilder.SugarDrone-1/lib/arm/libaot-CareerBuilder_Search.Droid.dll.so" not found
D/Mono    ( 9988): Config attempting to parse: 'CareerBuilder_Search.Droid.dll.config'.
D/Mono    ( 9988): Config attempting to parse: '/Users/builder/data/lanes/4009/3a62f1ea/source/monodroid/builds/install/mono-armv6/etc/mono/assemblies/CareerBuilder_Search.Droid/CareerBuilder_Search.Droid.config'.
D/Mono    ( 9988): Image addref AppsFlyerXamarinBindingAndroid[0xebcad0e0] -> AppsFlyerXamarinBindingAndroid.dll[0xed43d100]: 2
D/Mono    ( 9988): Prepared to set up assembly 'AppsFlyerXamarinBindingAndroid' (AppsFlyerXamarinBindingAndroid.dll)
D/Mono    ( 9988): Assembly AppsFlyerXamarinBindingAndroid[0xebcad0e0] added to domain RootDomain, ref_count=1
D/Mono    ( 9988): AOT module 'AppsFlyerXamarinBindingAndroid.dll.so' not found: dlopen failed: library "/data/app/com.careerbuilder.SugarDrone-1/lib/arm/libaot-AppsFlyerXamarinBindingAndroid.dll.so" not found
D/Mono    ( 9988): AOT module '/Users/builder/data/lanes/4009/3a62f1ea/source/monodroid/builds/install/mono-armv6/lib/mono/aot-cache/arm/AppsFlyerXamarinBindingAndroid.dll.so' not found: dlopen failed: library "/data/app/com.careerbuilder.SugarDrone-1/lib/arm/libaot-AppsFlyerXamarinBindingAndroid.dll.so" not found
D/Mono    ( 9988): Config attempting to parse: 'AppsFlyerXamarinBindingAndroid.dll.config'.
D/Mono    ( 9988): Config attempting to parse: '/Users/builder/data/lanes/4009/3a62f1ea/source/monodroid/builds/install/mono-armv6/etc/mono/assemblies/AppsFlyerXamarinBindingAndroid/AppsFlyerXamarinBindingAndroid.config'.
D/Mono    ( 9988): Image addref HockeySDK[0xebcad140] -> HockeySDK.dll[0xed43d600]: 2
D/Mono    ( 9988): Prepared to set up assembly 'HockeySDK' (HockeySDK.dll)
D/Mono    ( 9988): Assembly HockeySDK[0xebcad140] added to domain RootDomain, ref_count=1
D/Mono    ( 9988): AOT module 'HockeySDK.dll.so' not found: dlopen failed: library "/data/app/com.careerbuilder.SugarDrone-1/lib/arm/libaot-HockeySDK.dll.so" not found
D/Mono    ( 9988): AOT module '/Users/builder/data/lanes/4009/3a62f1ea/source/monodroid/builds/install/mono-armv6/lib/mono/aot-cache/arm/HockeySDK.dll.so' not found: dlopen failed: library "/data/app/com.careerbuilder.SugarDrone-1/lib/arm/libaot-HockeySDK.dll.so" not found
D/Mono    ( 9988): Config attempting to parse: 'HockeySDK.dll.config'.
D/Mono    ( 9988): Config attempting to parse: '/Users/builder/data/lanes/4009/3a62f1ea/source/monodroid/builds/install/mono-armv6/etc/mono/assemblies/HockeySDK/HockeySDK.config'.
D/Mono    ( 9988): Image addref Akavache[0xebcad1a0] -> Akavache.dll[0xed43db00]: 2
D/Mono    ( 9988): Prepared to set up assembly 'Akavache' (Akavache.dll)
D/Mono    ( 9988): Assembly Akavache[0xebcad1a0] added to domain RootDomain, ref_count=1
D/Mono    ( 9988): AOT module 'Akavache.dll.so' not found: dlopen failed: library "/data/app/com.careerbuilder.SugarDrone-1/lib/arm/libaot-Akavache.dll.so" not found
D/Mono    ( 9988): AOT module '/Users/builder/data/lanes/4009/3a62f1ea/source/monodroid/builds/install/mono-armv6/lib/mono/aot-cache/arm/Akavache.dll.so' not found: dlopen failed: library "/data/app/com.careerbuilder.SugarDrone-1/lib/arm/libaot-Akavache.dll.so" not found
D/Mono    ( 9988): Config attempting to parse: 'Akavache.dll.config'.
D/Mono    ( 9988): Config attempting to parse: '/Users/builder/data/lanes/4009/3a62f1ea/source/monodroid/builds/install/mono-armv6/etc/mono/assemblies/Akavache/Akavache.config'.
D/Mono    ( 9988): Image addref Akavache.Sqlite3[0xebcad200] -> Akavache.Sqlite3.dll[0xf5576a00]: 2
D/Mono    ( 9988): Prepared to set up assembly 'Akavache.Sqlite3' (Akavache.Sqlite3.dll)
D/Mono    ( 9988): Assembly Akavache.Sqlite3[0xebcad200] added to domain RootDomain, ref_count=1
D/Mono    ( 9988): AOT module 'Akavache.Sqlite3.dll.so' not found: dlopen failed: library "/data/app/com.careerbuilder.SugarDrone-1/lib/arm/libaot-Akavache.Sqlite3.dll.so" not found
D/Mono    ( 9988): AOT module '/Users/builder/data/lanes/4009/3a62f1ea/source/monodroid/builds/install/mono-armv6/lib/mono/aot-cache/arm/Akavache.Sqlite3.dll.so' not found: dlopen failed: library "/data/app/com.careerbuilder.SugarDrone-1/lib/arm/libaot-Akavache.Sqlite3.dll.so" not found
W/        ( 9988): Symbol file LoadedFromMemory doesn't match image Akavache.Sqlite3.dll
D/Mono    ( 9988): Config attempting to parse: 'Akavache.Sqlite3.dll.config'.
D/Mono    ( 9988): Config attempting to parse: '/Users/builder/data/lanes/4009/3a62f1ea/source/monodroid/builds/install/mono-armv6/etc/mono/assemblies/Akavache.Sqlite3/Akavache.Sqlite3.config'.
D/Mono    ( 9988): Image addref Splat[0xebcad260] -> Splat.dll[0xf5576f00]: 2
D/Mono    ( 9988): Prepared to set up assembly 'Splat' (Splat.dll)
D/Mono    ( 9988): Assembly Splat[0xebcad260] added to domain RootDomain, ref_count=1
D/Mono    ( 9988): AOT module 'Splat.dll.so' not found: dlopen failed: library "/data/app/com.careerbuilder.SugarDrone-1/lib/arm/libaot-Splat.dll.so" not found
D/Mono    ( 9988): AOT module '/Users/builder/data/lanes/4009/3a62f1ea/source/monodroid/builds/install/mono-armv6/lib/mono/aot-cache/arm/Splat.dll.so' not found: dlopen failed: library "/data/app/com.careerbuilder.SugarDrone-1/lib/arm/libaot-Splat.dll.so" not found
D/Mono    ( 9988): Config attempting to parse: 'Splat.dll.config'.
D/Mono    ( 9988): Config attempting to parse: '/Users/builder/data/lanes/4009/3a62f1ea/source/monodroid/builds/install/mono-armv6/etc/mono/assemblies/Splat/Splat.config'.
D/Mono    ( 9988): Image addref Microsoft.Practices.ServiceLocation[0xebcad2c0] -> Microsoft.Practices.ServiceLocation.dll[0xf5577400]: 2
D/Mono    ( 9988): Prepared to set up assembly 'Microsoft.Practices.ServiceLocation' (Microsoft.Practices.ServiceLocation.dll)
D/Mono    ( 9988): Assembly Microsoft.Practices.ServiceLocation[0xebcad2c0] added to domain RootDomain, ref_count=1
D/Mono    ( 9988): AOT module 'Microsoft.Practices.ServiceLocation.dll.so' not found: dlopen failed: library "/data/app/com.careerbuilder.SugarDrone-1/lib/arm/libaot-Microsoft.Practices.ServiceLocation.dll.so" not found
D/Mono    ( 9988): AOT module '/Users/builder/data/lanes/4009/3a62f1ea/source/monodroid/builds/install/mono-armv6/lib/mono/aot-cache/arm/Microsoft.Practices.ServiceLocation.dll.so' not found: dlopen failed: library "/data/app/com.careerbuilder.SugarDrone-1/lib/arm/libaot-Microsoft.Practices.ServiceLocation.dll.so" not found
D/Mono    ( 9988): Config attempting to parse: 'Microsoft.Practices.ServiceLocation.dll.config'.
D/Mono    ( 9988): Config attempting to parse: '/Users/builder/data/lanes/4009/3a62f1ea/source/monodroid/builds/install/mono-armv6/etc/mono/assemblies/Microsoft.Practices.ServiceLocation/Microsoft.Practices.ServiceLocation.config'.
D/Mono    ( 9988): Image addref Microsoft.Practices.Unity[0xebcad320] -> Microsoft.Practices.Unity.dll[0xf5577900]: 2
D/Mono    ( 9988): Prepared to set up assembly 'Microsoft.Practices.Unity' (Microsoft.Practices.Unity.dll)
D/Mono    ( 9988): Assembly Microsoft.Practices.Unity[0xebcad320] added to domain RootDomain, ref_count=1
D/Mono    ( 9988): AOT module 'Microsoft.Practices.Unity.dll.so' not found: dlopen failed: library "/data/app/com.careerbuilder.SugarDrone-1/lib/arm/libaot-Microsoft.Practices.Unity.dll.so" not found
D/Mono    ( 9988): AOT module '/Users/builder/data/lanes/4009/3a62f1ea/source/monodroid/builds/install/mono-armv6/lib/mono/aot-cache/arm/Microsoft.Practices.Unity.dll.so' not found: dlopen failed: library "/data/app/com.careerbuilder.SugarDrone-1/lib/arm/libaot-Microsoft.Practices.Unity.dll.so" not found
D/Mono    ( 9988): Config attempting to parse: 'Microsoft.Practices.Unity.dll.config'.
D/Mono    ( 9988): Config attempting to parse: '/Users/builder/data/lanes/4009/3a62f1ea/source/monodroid/builds/install/mono-armv6/etc/mono/assemblies/Microsoft.Practices.Unity/Microsoft.Practices.Unity.config'.
D/Mono    ( 9988): Image addref Plugin.CurrentActivity[0xebcad380] -> Plugin.CurrentActivity.dll[0xeaef7000]: 2
D/Mono    ( 9988): Prepared to set up assembly 'Plugin.CurrentActivity' (Plugin.CurrentActivity.dll)
D/Mono    ( 9988): Assembly Plugin.CurrentActivity[0xebcad380] added to domain RootDomain, ref_count=1
D/Mono    ( 9988): AOT module 'Plugin.CurrentActivity.dll.so' not found: dlopen failed: library "/data/app/com.careerbuilder.SugarDrone-1/lib/arm/libaot-Plugin.CurrentActivity.dll.so" not found
D/Mono    ( 9988): AOT module '/Users/builder/data/lanes/4009/3a62f1ea/source/monodroid/builds/install/mono-armv6/lib/mono/aot-cache/arm/Plugin.CurrentActivity.dll.so' not found: dlopen failed: library "/data/app/com.careerbuilder.SugarDrone-1/lib/arm/libaot-Plugin.CurrentActivity.dll.so" not found
D/Mono    ( 9988): Config attempting to parse: 'Plugin.CurrentActivity.dll.config'.
D/Mono    ( 9988): Config attempting to parse: '/Users/builder/data/lanes/4009/3a62f1ea/source/monodroid/builds/install/mono-armv6/etc/mono/assemblies/Plugin.CurrentActivity/Plugin.CurrentActivity.config'.
D/Mono    ( 9988): Image addref Plugin.Permissions[0xebcad3e0] -> Plugin.Permissions.dll[0xeaef7500]: 2
D/Mono    ( 9988): Prepared to set up assembly 'Plugin.Permissions' (Plugin.Permissions.dll)
D/Mono    ( 9988): Assembly Plugin.Permissions[0xebcad3e0] added to domain RootDomain, ref_count=1
D/Mono    ( 9988): AOT module 'Plugin.Permissions.dll.so' not found: dlopen failed: library "/data/app/com.careerbuilder.SugarDrone-1/lib/arm/libaot-Plugin.Permissions.dll.so" not found
D/Mono    ( 9988): AOT module '/Users/builder/data/lanes/4009/3a62f1ea/source/monodroid/builds/install/mono-armv6/lib/mono/aot-cache/arm/Plugin.Permissions.dll.so' not found: dlopen failed: library "/data/app/com.careerbuilder.SugarDrone-1/lib/arm/libaot-Plugin.Permissions.dll.so" not found
D/Mono    ( 9988): Config attempting to parse: 'Plugin.Permissions.dll.config'.
D/Mono    ( 9988): Config attempting to parse: '/Users/builder/data/lanes/4009/3a62f1ea/source/monodroid/builds/install/mono-armv6/etc/mono/assemblies/Plugin.Permissions/Plugin.Permissions.config'.
D/Mono    ( 9988): Image addref Plugin.Permissions.Abstractions[0xebcad440] -> Plugin.Permissions.Abstractions.dll[0xeaef7a00]: 2
D/Mono    ( 9988): Prepared to set up assembly 'Plugin.Permissions.Abstractions' (Plugin.Permissions.Abstractions.dll)
D/Mono    ( 9988): Assembly Plugin.Permissions.Abstractions[0xebcad440] added to domain RootDomain, ref_count=1
D/Mono    ( 9988): AOT module 'Plugin.Permissions.Abstractions.dll.so' not found: dlopen failed: library "/data/app/com.careerbuilder.SugarDrone-1/lib/arm/libaot-Plugin.Permissions.Abstractions.dll.so" not found
D/Mono    ( 9988): AOT module '/Users/builder/data/lanes/4009/3a62f1ea/source/monodroid/builds/install/mono-armv6/lib/mono/aot-cache/arm/Plugin.Permissions.Abstractions.dll.so' not found: dlopen failed: library "/data/app/com.careerbuilder.SugarDrone-1/lib/arm/libaot-Plugin.Permissions.Abstractions.dll.so" not found
D/Mono    ( 9988): Config attempting to parse: 'Plugin.Permissions.Abstractions.dll.config'.
D/Mono    ( 9988): Config attempting to parse: '/Users/builder/data/lanes/4009/3a62f1ea/source/monodroid/builds/install/mono-armv6/etc/mono/assemblies/Plugin.Permissions.Abstractions/Plugin.Permissions.Abstractions.config'.
D/Mono    ( 9988): Image addref Plugin.Geolocator[0xebcad4a0] -> Plugin.Geolocator.dll[0xeaef7f00]: 2
D/Mono    ( 9988): Prepared to set up assembly 'Plugin.Geolocator' (Plugin.Geolocator.dll)
D/Mono    ( 9988): Assembly Plugin.Geolocator[0xebcad4a0] added to domain RootDomain, ref_count=1
D/Mono    ( 9988): AOT module 'Plugin.Geolocator.dll.so' not found: dlopen failed: library "/data/app/com.careerbuilder.SugarDrone-1/lib/arm/libaot-Plugin.Geolocator.dll.so" not found
D/Mono    ( 9988): AOT module '/Users/builder/data/lanes/4009/3a62f1ea/source/monodroid/builds/install/mono-armv6/lib/mono/aot-cache/arm/Plugin.Geolocator.dll.so' not found: dlopen failed: library "/data/app/com.careerbuilder.SugarDrone-1/lib/arm/libaot-Plugin.Geolocator.dll.so" not found
D/Mono    ( 9988): Config attempting to parse: 'Plugin.Geolocator.dll.config'.
D/Mono    ( 9988): Config attempting to parse: '/Users/builder/data/lanes/4009/3a62f1ea/source/monodroid/builds/install/mono-armv6/etc/mono/assemblies/Plugin.Geolocator/Plugin.Geolocator.config'.
D/Mono    ( 9988): Image addref Plugin.Geolocator.Abstractions[0xebcad500] -> Plugin.Geolocator.Abstractions.dll[0xeaef8400]: 2
D/Mono    ( 9988): Prepared to set up assembly 'Plugin.Geolocator.Abstractions' (Plugin.Geolocator.Abstractions.dll)
D/Mono    ( 9988): Assembly Plugin.Geolocator.Abstractions[0xebcad500] added to domain RootDomain, ref_count=1
D/Mono    ( 9988): AOT module 'Plugin.Geolocator.Abstractions.dll.so' not found: dlopen failed: library "/data/app/com.careerbuilder.SugarDrone-1/lib/arm/libaot-Plugin.Geolocator.Abstractions.dll.so" not found
D/Mono    ( 9988): AOT module '/Users/builder/data/lanes/4009/3a62f1ea/source/monodroid/builds/install/mono-armv6/lib/mono/aot-cache/arm/Plugin.Geolocator.Abstractions.dll.so' not found: dlopen failed: library "/data/app/com.careerbuilder.SugarDrone-1/lib/arm/libaot-Plugin.Geolocator.Abstractions.dll.so" not found
D/Mono    ( 9988): Config attempting to parse: 'Plugin.Geolocator.Abstractions.dll.config'.
D/Mono    ( 9988): Config attempting to parse: '/Users/builder/data/lanes/4009/3a62f1ea/source/monodroid/builds/install/mono-armv6/etc/mono/assemblies/Plugin.Geolocator.Abstractions/Plugin.Geolocator.Abstractions.config'.
D/Mono    ( 9988): Image addref Plugin.DeviceInfo[0xebcad560] -> Plugin.DeviceInfo.dll[0xeaef8900]: 2
D/Mono    ( 9988): Prepared to set up assembly 'Plugin.DeviceInfo' (Plugin.DeviceInfo.dll)
D/Mono    ( 9988): Assembly Plugin.DeviceInfo[0xebcad560] added to domain RootDomain, ref_count=1
D/Mono    ( 9988): AOT module 'Plugin.DeviceInfo.dll.so' not found: dlopen failed: library "/data/app/com.careerbuilder.SugarDrone-1/lib/arm/libaot-Plugin.DeviceInfo.dll.so" not found
D/Mono    ( 9988): AOT module '/Users/builder/data/lanes/4009/3a62f1ea/source/monodroid/builds/install/mono-armv6/lib/mono/aot-cache/arm/Plugin.DeviceInfo.dll.so' not found: dlopen failed: library "/data/app/com.careerbuilder.SugarDrone-1/lib/arm/libaot-Plugin.DeviceInfo.dll.so" not found
D/Mono    ( 9988): Config attempting to parse: 'Plugin.DeviceInfo.dll.config'.
D/Mono    ( 9988): Config attempting to parse: '/Users/builder/data/lanes/4009/3a62f1ea/source/monodroid/builds/install/mono-armv6/etc/mono/assemblies/Plugin.DeviceInfo/Plugin.DeviceInfo.config'.
D/Mono    ( 9988): Image addref Plugin.DeviceInfo.Abstractions[0xebcad5c0] -> Plugin.DeviceInfo.Abstractions.dll[0xeaef8e00]: 2
D/Mono    ( 9988): Prepared to set up assembly 'Plugin.DeviceInfo.Abstractions' (Plugin.DeviceInfo.Abstractions.dll)
D/Mono    ( 9988): Assembly Plugin.DeviceInfo.Abstractions[0xebcad5c0] added to domain RootDomain, ref_count=1
D/Mono    ( 9988): AOT module 'Plugin.DeviceInfo.Abstractions.dll.so' not found: dlopen failed: library "/data/app/com.careerbuilder.SugarDrone-1/lib/arm/libaot-Plugin.DeviceInfo.Abstractions.dll.so" not found
D/Mono    ( 9988): AOT module '/Users/builder/data/lanes/4009/3a62f1ea/source/monodroid/builds/install/mono-armv6/lib/mono/aot-cache/arm/Plugin.DeviceInfo.Abstractions.dll.so' not found: dlopen failed: library "/data/app/com.careerbuilder.SugarDrone-1/lib/arm/libaot-Plugin.DeviceInfo.Abstractions.dll.so" not found
D/Mono    ( 9988): Config attempting to parse: 'Plugin.DeviceInfo.Abstractions.dll.config'.
D/Mono    ( 9988): Config attempting to parse: '/Users/builder/data/lanes/4009/3a62f1ea/source/monodroid/builds/install/mono-armv6/etc/mono/assemblies/Plugin.DeviceInfo.Abstractions/Plugin.DeviceInfo.Abstractions.config'.
D/Mono    ( 9988): Image addref Xamarin.GooglePlayServices.Analytics[0xebcad620] -> Xamarin.GooglePlayServices.Analytics.dll[0xeaef9300]: 2
D/Mono    ( 9988): Prepared to set up assembly 'Xamarin.GooglePlayServices.Analytics' (Xamarin.GooglePlayServices.Analytics.dll)
D/Mono    ( 9988): Assembly Xamarin.GooglePlayServices.Analytics[0xebcad620] added to domain RootDomain, ref_count=1
D/Mono    ( 9988): AOT module 'Xamarin.GooglePlayServices.Analytics.dll.so' not found: dlopen failed: library "/data/app/com.careerbuilder.SugarDrone-1/lib/arm/libaot-Xamarin.GooglePlayServices.Analytics.dll.so" not found
D/Mono    ( 9988): AOT module '/Users/builder/data/lanes/4009/3a62f1ea/source/monodroid/builds/install/mono-armv6/lib/mono/aot-cache/arm/Xamarin.GooglePlayServices.Analytics.dll.so' not found: dlopen failed: library "/data/app/com.careerbuilder.SugarDrone-1/lib/arm/libaot-Xamarin.GooglePlayServices.Analytics.dll.so" not found
D/Mono    ( 9988): Config attempting to parse: 'Xamarin.GooglePlayServices.Analytics.dll.config'.
D/Mono    ( 9988): Config attempting to parse: '/Users/builder/data/lanes/4009/3a62f1ea/source/monodroid/builds/install/mono-armv6/etc/mono/assemblies/Xamarin.GooglePlayServices.Analytics/Xamarin.GooglePlayServices.Analytics.config'.
D/Mono    ( 9988): Image addref Xamarin.GooglePlayServices.Base[0xebcad680] -> Xamarin.GooglePlayServices.Base.dll[0xeaef9800]: 2
D/Mono    ( 9988): Prepared to set up assembly 'Xamarin.GooglePlayServices.Base' (Xamarin.GooglePlayServices.Base.dll)
D/Mono    ( 9988): Assembly Xamarin.GooglePlayServices.Base[0xebcad680] added to domain RootDomain, ref_count=1
D/Mono    ( 9988): AOT module 'Xamarin.GooglePlayServices.Base.dll.so' not found: dlopen failed: library "/data/app/com.careerbuilder.SugarDrone-1/lib/arm/libaot-Xamarin.GooglePlayServices.Base.dll.so" not found
D/Mono    ( 9988): AOT module '/Users/builder/data/lanes/4009/3a62f1ea/source/monodroid/builds/install/mono-armv6/lib/mono/aot-cache/arm/Xamarin.GooglePlayServices.Base.dll.so' not found: dlopen failed: library "/data/app/com.careerbuilder.SugarDrone-1/lib/arm/libaot-Xamarin.GooglePlayServices.Base.dll.so" not found
