D/Mono    (10035): Found as 'java_interop_jnienv_alloc_object'.
I/ServiceManager(  637): Waiting for service AtCmdFwd...
D/Mono    (10035): DllImport searching in: '__Internal' ('(null)').
D/Mono    (10035): Searching for '_monodroid_gc_wait_for_bridge_processing'.
D/Mono    (10035): Probing '_monodroid_gc_wait_for_bridge_processing'.
D/Mono    (10035): Found as '_monodroid_gc_wait_for_bridge_processing'.
D/Mono    (10035): DllImport searching in: '__Internal' ('(null)').
D/Mono    (10035): Searching for 'java_interop_jnienv_register_natives'.
D/Mono    (10035): Probing 'java_interop_jnienv_register_natives'.
D/Mono    (10035): Found as 'java_interop_jnienv_register_natives'.
D/Mono    (10035): DllImport searching in: '__Internal' ('(null)').
D/Mono    (10035): Searching for 'java_interop_jnienv_call_nonvirtual_void_method_a'.
D/Mono    (10035): Probing 'java_interop_jnienv_call_nonvirtual_void_method_a'.
D/Mono    (10035): Found as 'java_interop_jnienv_call_nonvirtual_void_method_a'.
D/Mono    (10035): DllImport searching in: '__Internal' ('(null)').
D/Mono    (10035): Searching for 'java_interop_jnienv_is_same_object'.
D/Mono    (10035): Probing 'java_interop_jnienv_is_same_object'.
D/Mono    (10035): Found as 'java_interop_jnienv_is_same_object'.
D/Mono    (10035): DllImport searching in: '__Internal' ('(null)').
D/Mono    (10035): Searching for 'java_interop_jnienv_call_static_void_method_a'.
D/Mono    (10035): Probing 'java_interop_jnienv_call_static_void_method_a'.
D/Mono    (10035): Found as 'java_interop_jnienv_call_static_void_method_a'.
D/Mono    (10035): Assembly Ref addref AppsFlyerXamarinBindingAndroid[0xef5a8f60] -> mscorlib[0xef5a8ea0]: 12
D/Mono    (10035): Assembly Ref addref AppsFlyerXamarinBindingAndroid[0xef5a8f60] -> Mono.Android[0xef5a9f80]: 2
D/Mono    (10035): Assembly Ref addref HockeySDK[0xef5a8fc0] -> mscorlib[0xef5a8ea0]: 13
D/Mono    (10035): Assembly Ref addref HockeySDK[0xef5a8fc0] -> Mono.Android[0xef5a9f80]: 3
D/Mono    (10035): Assembly Ref addref Xamarin.GooglePlayServices.Analytics[0xef5a9620] -> mscorlib[0xef5a8ea0]: 14
D/Mono    (10035): Assembly Ref addref Xamarin.GooglePlayServices.Analytics[0xef5a9620] -> Mono.Android[0xef5a9f80]: 4
D/Mono    (10035): Assembly Ref addref Xamarin.GooglePlayServices.Base[0xef5a9680] -> mscorlib[0xef5a8ea0]: 15
D/Mono    (10035): Assembly Ref addref Xamarin.GooglePlayServices.Base[0xef5a9680] -> Mono.Android[0xef5a9f80]: 5
D/Mono    (10035): Assembly Ref addref Xamarin.GooglePlayServices.Basement[0xef5a96e0] -> mscorlib[0xef5a8ea0]: 16
D/Mono    (10035): Assembly Ref addref Xamarin.GooglePlayServices.Basement[0xef5a96e0] -> Mono.Android[0xef5a9f80]: 6
D/Mono    (10035): Assembly Ref addref FloatingActionButton-Xamarin[0xef5a9860] -> mscorlib[0xef5a8ea0]: 17
D/Mono    (10035): Assembly Ref addref FloatingActionButton-Xamarin[0xef5a9860] -> Mono.Android[0xef5a9f80]: 7
D/Mono    (10035): Assembly Ref addref Xamarin.Android.Support.v4[0xef5a98c0] -> mscorlib[0xef5a8ea0]: 18
D/Mono    (10035): Assembly Ref addref Xamarin.Android.Support.v4[0xef5a98c0] -> Mono.Android[0xef5a9f80]: 8
D/Mono    (10035): Assembly Ref addref Xamarin.Android.Support.v7.RecyclerView[0xef5a9920] -> mscorlib[0xef5a8ea0]: 19
D/Mono    (10035): Assembly Ref addref Xamarin.Android.Support.v7.RecyclerView[0xef5a9920] -> Mono.Android[0xef5a9f80]: 9
D/Mono    (10035): Assembly Ref addref Xamarin.Android.Support.Vector.Drawable[0xef5a9980] -> mscorlib[0xef5a8ea0]: 20
D/Mono    (10035): Assembly Ref addref Xamarin.Android.Support.Vector.Drawable[0xef5a9980] -> Mono.Android[0xef5a9f80]: 10
D/Mono    (10035): Assembly Ref addref Xamarin.Android.Support.Animated.Vector.Drawable[0xef5a99e0] -> mscorlib[0xef5a8ea0]: 21
D/Mono    (10035): Assembly Ref addref Xamarin.Android.Support.Animated.Vector.Drawable[0xef5a99e0] -> Mono.Android[0xef5a9f80]: 11
D/Mono    (10035): Assembly Ref addref Xamarin.Android.Support.v7.AppCompat[0xef5a9a40] -> mscorlib[0xef5a8ea0]: 22
D/Mono    (10035): Assembly Ref addref Xamarin.Android.Support.v7.AppCompat[0xef5a9a40] -> Mono.Android[0xef5a9f80]: 12
D/Mono    (10035): Assembly Ref addref Xamarin.Android.Support.Design[0xef5a9aa0] -> mscorlib[0xef5a8ea0]: 23
D/Mono    (10035): Assembly Ref addref Xamarin.Android.Support.Design[0xef5a9aa0] -> Mono.Android[0xef5a9f80]: 13
D/Mono    (10035): Assembly Ref addref Xamarin.Android.Support.v7.CardView[0xef5a9b00] -> mscorlib[0xef5a8ea0]: 24
D/Mono    (10035): Assembly Ref addref Xamarin.Android.Support.v7.CardView[0xef5a9b00] -> Mono.Android[0xef5a9f80]: 14
D/Mono    (10035): Assembly Ref addref FlexboxLayoutXamarinBindingAndroid[0xef5a9e60] -> mscorlib[0xef5a8ea0]: 25
D/Mono    (10035): Assembly Ref addref FlexboxLayoutXamarinBindingAndroid[0xef5a9e60] -> Mono.Android[0xef5a9f80]: 15
D/Mono    (10035): Assembly Ref addref CareerBuilder_Search.Droid[0xef5a8f00] -> Mono.Android[0xef5a9f80]: 16
D/Mono    (10035): Assembly Ref addref CareerBuilder_Search.Droid[0xef5a8f00] -> mscorlib[0xef5a8ea0]: 26
D/WifiStateMachine(  925): starting scan for "xtc-ag"WPA_PSK with 5240,5180,5220,5200
D/Mono    (10035): Image addref Mono.Android.Export[0xef5aabe0] -> Mono.Android.Export.dll[0xdad5e800]: 2
D/Mono    (10035): Prepared to set up assembly 'Mono.Android.Export' (Mono.Android.Export.dll)
D/Mono    (10035): Assembly Mono.Android.Export[0xef5aabe0] added to domain RootDomain, ref_count=1
D/Mono    (10035): AOT module 'Mono.Android.Export.dll.so' not found: dlopen failed: library "/data/app/com.careerbuilder.SugarDrone-1/lib/arm/libaot-Mono.Android.Export.dll.so" not found
D/Mono    (10035): AOT module '/Users/builder/data/lanes/4009/3a62f1ea/source/monodroid/builds/install/mono-armv6/lib/mono/aot-cache/arm/Mono.Android.Export.dll.so' not found: dlopen failed: library "/data/app/com.careerbuilder.SugarDrone-1/lib/arm/libaot-Mono.Android.Export.dll.so" not found
D/Mono    (10035): Config attempting to parse: 'Mono.Android.Export.dll.config'.
D/Mono    (10035): Config attempting to parse: '/Users/builder/data/lanes/4009/3a62f1ea/source/monodroid/builds/install/mono-armv6/etc/mono/assemblies/Mono.Android.Export/Mono.Android.Export.config'.
D/Mono    (10035): Assembly Ref addref Mono.Android.Export[0xef5aabe0] -> mscorlib[0xef5a8ea0]: 27
D/Mono    (10035): Assembly Ref addref Mono.Android.Export[0xef5aabe0] -> Mono.Android[0xef5a9f80]: 17
D/Mono    (10035): Image addref System.Xml[0xef5aab20] -> System.Xml.dll[0xdad5f700]: 2
D/Mono    (10035): Prepared to set up assembly 'System.Xml' (System.Xml.dll)
D/Mono    (10035): Assembly System.Xml[0xef5aab20] added to domain RootDomain, ref_count=1
D/Mono    (10035): AOT module 'System.Xml.dll.so' not found: dlopen failed: library "/data/app/com.careerbuilder.SugarDrone-1/lib/arm/libaot-System.Xml.dll.so" not found
D/Mono    (10035): AOT module '/Users/builder/data/lanes/4009/3a62f1ea/source/monodroid/builds/install/mono-armv6/lib/mono/aot-cache/arm/System.Xml.dll.so' not found: dlopen failed: library "/data/app/com.careerbuilder.SugarDrone-1/lib/arm/libaot-System.Xml.dll.so" not found
D/Mono    (10035): Config attempting to parse: 'System.Xml.dll.config'.
D/Mono    (10035): Config attempting to parse: '/Users/builder/data/lanes/4009/3a62f1ea/source/monodroid/builds/install/mono-armv6/etc/mono/assemblies/System.Xml/System.Xml.config'.
D/Mono    (10035): Assembly Ref addref Mono.Android.Export[0xef5aabe0] -> System.Xml[0xef5aab20]: 2
D/Mono    (10035): Assembly Ref addref System.Xml[0xef5aab20] -> mscorlib[0xef5a8ea0]: 28
D/Mono    (10035): Assembly Ref addref Mono.Android[0xef5a9f80] -> System.Xml[0xef5aab20]: 3
D/Mono    (10035): Assembly Ref addref Mono.Android.Export[0xef5aabe0] -> System.Core[0xef5aa580]: 4
D/Mono    (10035): Image addref System.Net.Http[0xef5aadc0] -> System.Net.Http.dll[0xdab78000]: 2
D/Mono    (10035): Prepared to set up assembly 'System.Net.Http' (System.Net.Http.dll)
D/Mono    (10035): Assembly System.Net.Http[0xef5aadc0] added to domain RootDomain, ref_count=1
D/Mono    (10035): AOT module 'System.Net.Http.dll.so' not found: dlopen failed: library "/data/app/com.careerbuilder.SugarDrone-1/lib/arm/libaot-System.Net.Http.dll.so" not found
D/Mono    (10035): AOT module '/Users/builder/data/lanes/4009/3a62f1ea/source/monodroid/builds/install/mono-armv6/lib/mono/aot-cache/arm/System.Net.Http.dll.so' not found: dlopen failed: library "/data/app/com.careerbuilder.SugarDrone-1/lib/arm/libaot-System.Net.Http.dll.so" not found
D/Mono    (10035): Config attempting to parse: 'System.Net.Http.dll.config'.
D/Mono    (10035): Config attempting to parse: '/Users/builder/data/lanes/4009/3a62f1ea/source/monodroid/builds/install/mono-armv6/etc/mono/assemblies/System.Net.Http/System.Net.Http.config'.
D/Mono    (10035): Assembly Ref addref CareerBuilder_Search.Droid[0xef5a8f00] -> System.Net.Http[0xef5aadc0]: 2
D/Mono    (10035): Assembly Ref addref System.Net.Http[0xef5aadc0] -> mscorlib[0xef5a8ea0]: 29
I/System.out(10035): Calabash loaded Mono
I/calabash(10035): Test server port: 7102
I/InstrumentationBackend(10035): Added:'NullAction', with key:'nullAction'
I/InstrumentationBackend(10035): Added:'GetActivityOrientation', with key:'get_activity_orientation'
I/InstrumentationBackend(10035): Added:'SetActivityOrientation', with key:'set_activity_orientation'
I/InstrumentationBackend(10035): Added:'DpToDevicePixel', with key:'dp_to_device_pixel'
I/InstrumentationBackend(10035): Added:'ClickOnScreen', with key:'click_on_screen'
I/InstrumentationBackend(10035): Added:'DoubleTapCoordinate', with key:'double_tap_coordinate'
I/InstrumentationBackend(10035): Added:'Drag', with key:'drag'
I/InstrumentationBackend(10035): Added:'DragCoordinates', with key:'drag_coordinates'
I/InstrumentationBackend(10035): Added:'LongPressCoordinate', with key:'long_press_coordinate'
I/InstrumentationBackend(10035): Added:'ResumeApplication', with key:'resume_application'
I/InstrumentationBackend(10035): Added:'Swipe', with key:'swipe'
I/InstrumentationBackend(10035): Added:'TouchCoordinates', with key:'touch_coordinate'
I/InstrumentationBackend(10035): Added:'ListActions', with key:'list_actions'
I/InstrumentationBackend(10035): Added:'SendTcp', with key:'send_tcp'
I/InstrumentationBackend(10035): Added:'PressElement', with key:'press_l10n_element'
I/InstrumentationBackend(10035): Added:'WaitForElement', with key:'wait_for_l10n_element'
I/InstrumentationBackend(10035): Added:'FakeGPSLocation', with key:'set_gps_coordinates'
I/InstrumentationBackend(10035): Added:'GetMapBounds', with key:'get_map_bounds'
I/InstrumentationBackend(10035): Added:'GetMapCenter', with key:'get_map_center'
I/InstrumentationBackend(10035): Added:'GetMapMarker', with key:'get_map_marker'
I/InstrumentationBackend(10035): Added:'GetMapMarkers', with key:'get_map_markers'
I/InstrumentationBackend(10035): Added:'GetMapZoom', with key:'get_map_zoom'
I/InstrumentationBackend(10035): Added:'PanMapTo', with key:'pan_map_to'
I/InstrumentationBackend(10035): Added:'SetMapCenter', with key:'set_map_center'
I/InstrumentationBackend(10035): Added:'SetMapZoom', with key:'set_map_zoom'
I/InstrumentationBackend(10035): Added:'TapAwayFromMarkers', with key:'tap_map_away_from_markers'
I/InstrumentationBackend(10035): Added:'TapMapMarker', with key:'tap_map_marker_by_title'
I/InstrumentationBackend(10035): Added:'ClearPreferences', with key:'clear_preferences'
I/InstrumentationBackend(10035): Added:'GetPreferences', with key:'get_preferences'
I/InstrumentationBackend(10035): Added:'SetPreferences', with key:'set_preferences'
I/InstrumentationBackend(10035): Added:'PressKey', with key:'press_key'
I/InstrumentationBackend(10035): Added:'DeleteSurroundingText', with key:'delete_surrounding_text'
I/InstrumentationBackend(10035): Added:'HideSoftKeyboard', with key:'hide_soft_keyboard'
I/InstrumentationBackend(10035): Added:'KeyboardEnterText', with key:'keyboard_enter_text'
I/InstrumentationBackend(10035): Added:'KeyboardKeyEvent', with key:'keyboard_key_event'
I/InstrumentationBackend(10035): Added:'PressUserActionButton', with key:'press_user_action_button'
I/InstrumentationBackend(10035): Added:'SetComposingRegion', with key:'set_composing_region'
I/InstrumentationBackend(10035): Added:'SetSelection', with key:'set_selection'
I/InstrumentationBackend(10035): Added:'AndroidSDKVersion', with key:'android_sdk_version'
I/InstrumentationBackend(10035): Added:'Version', with key:'version'
I/InstrumentationBackend(10035): Added:'GetActivityName', with key:'get_activity_name'
I/InstrumentationBackend(10035): Added:'IsCurrentActivityFocused', with key:'is_current_activity_focused'
I/InstrumentationBackend(10035): Added:'ScrollToView', with key:'scroll_to_view'
I/ServiceManager(  637): Waiting for service AtCmdFwd...
I/InstrumentationBackend(10035): Added:'ViewConfiguration', with key:'view_configuration'
I/InstrumentationBackend(10035): Added:'DumpBodyHtml', with key:'dump_body_html'
I/InstrumentationBackend(10035): Added:'DumpHtml', with key:'dump_html'
I/InstrumentationBackend(10035): Added:'EnterTextByCssSelector', with key:'enter_text_by_selector'
I/InstrumentationBackend(10035): Added:'GetLoadProgress', with key:'get_load_progress'
I/InstrumentationBackend(10035): Added:'GetUrl', with key:'get_url'
I/InstrumentationBackend(10035): Added:'ScrollTo', with key:'scroll_to'
I/InstrumentationBackend(10035): Added:'SetPropertyByCssSelector', with key:'set_property_by_css_selector'
I/calabash(10035): Instantiating http server at 7102
I/System.out(10035): HTTP Daemon listening on: 7102
I/System.out(10035): URI: /ready
I/System.out(10035): params: {}
I/ServiceManager(  637): Waiting for service AtCmdFwd...
I/System.out(10035): URI: /ready
I/System.out(10035): params: {}
I/art     (10035): Starting a blocking GC Explicit
I/art     (10035): Explicit concurrent mark sweep GC freed 5253(559KB) AllocSpace objects, 5(100KB) LOS objects, 40% free, 19MB/32MB, paused 324us total 22.495ms
I/art     (10035): Starting a blocking GC Explicit
I/art     (10035): Explicit concurrent mark sweep GC freed 56(2248B) AllocSpace objects, 0(0B) LOS objects, 40% free, 19MB/32MB, paused 338us total 13.311ms
I/art     (10035): Starting a blocking GC Explicit
I/art     (10035): Explicit concurrent mark sweep GC freed 3(96B) AllocSpace objects, 0(0B) LOS objects, 40% free, 19MB/32MB, paused 565us total 14.938ms
I/System.out(10035): URI: /ping
I/System.out(10035): params: {json={"intent":null }
I/System.out(10035): }
I/art     (10035): Starting a blocking GC Explicit
I/art     (10035): Explicit concurrent mark sweep GC freed 207(64KB) AllocSpace objects, 3(60KB) LOS objects, 40% free, 19MB/32MB, paused 342us total 13.559ms
I/art     (10035): Starting a blocking GC Explicit
I/art     (10035): Explicit concurrent mark sweep GC freed 18(760B) AllocSpace objects, 0(0B) LOS objects, 40% free, 19MB/32MB, paused 324us total 13.140ms
I/ServiceManager(  637): Waiting for service AtCmdFwd...
I/System.out(10035): URI: /ready
I/System.out(10035): params: {json={"intent":null }
I/System.out(10035): }
I/System.out(10035): URI: /start-application
I/System.out(10035): params: {json={"intent":null }
I/System.out(10035): }
I/ThermalEngine(  518): ACTION: GPU - Setting GPU[0] to 450000000
I/calabash(10035): execStartActivity 4
I/ActivityManager(  925): START u0 {act=android.intent.action.MAIN cat=[android.intent.category.LAUNCHER] flg=0x10200000 cmp=com.careerbuilder.SugarDrone/md537fd6201b6818e2e180d2f7606e21a83.AppMainActivity (has extras)} from uid 16058 on display 0
I/calabash(10035): newActivity1
D/Mono    (10035): Assembly Ref addref CareerBuilder_Search.Droid[0xef5a8f00] -> Xamarin.Android.Support.v7.AppCompat[0xef5a9a40]: 2
D/Mono    (10035): Assembly Ref addref Xamarin.Android.Support.v7.AppCompat[0xef5a9a40] -> Xamarin.Android.Support.v4[0xef5a98c0]: 2
D/Mono    (10035): DllImport searching in: '__Internal' ('(null)').
D/Mono    (10035): Searching for 'java_interop_jnienv_get_array_length'.
D/Mono    (10035): Probing 'java_interop_jnienv_get_array_length'.
D/Mono    (10035): Found as 'java_interop_jnienv_get_array_length'.
D/Mono    (10035): Assembly Ref addref CareerBuilder_Search.Droid[0xef5a8f00] -> CareerBuilder_Search[0xef5a9f20]: 2
D/Mono    (10035): Assembly Ref addref CareerBuilder_Search.Droid[0xef5a8f00] -> Xamarin.Android.Support.v4[0xef5a98c0]: 3
D/Mono    (10035): DllImport searching in: '__Internal' ('(null)').
D/Mono    (10035): Searching for 'java_interop_jnienv_new_string'.
D/Mono    (10035): Probing 'java_interop_jnienv_new_string'.
D/Mono    (10035): Found as 'java_interop_jnienv_new_string'.
D/Mono    (10035): Assembly Ref addref CareerBuilder_Search.Droid[0xef5a8f00] -> Plugin.CurrentActivity[0xef5a9380]: 2
D/Mono    (10035): Assembly Ref addref Plugin.CurrentActivity[0xef5a9380] -> mscorlib[0xef5a8ea0]: 30
D/Mono    (10035): Assembly Ref addref Plugin.CurrentActivity[0xef5a9380] -> Mono.Android[0xef5a9f80]: 18
D/Mono    (10035): [0xda3bf930] worker starting
D/Mono    (10035): [0xda23f930] worker starting
D/Mono    (10035): Unloading image System.Runtime.dll [0xf3f20300].
D/Mono    (10035): Image addref System.Runtime[0xef3186c0] -> System.Runtime.dll[0xeabf7a00]: 5
D/Mono    (10035): Config attempting to parse: 'System.Runtime.dll.config'.
D/Mono    (10035): Config attempting to parse: '/Users/builder/data/lanes/4009/3a62f1ea/source/monodroid/builds/install/mono-armv6/etc/mono/assemblies/System.Runtime/System.Runtime.config'.
D/Mono    (10035): Assembly Ref addref CareerBuilder_Search[0xef5a9f20] -> System.Runtime[0xef5aa040]: 3
D/Mono    (10035): Assembly Ref addref CareerBuilder_Search[0xef5a9f20] -> Plugin.DeviceInfo.Abstractions[0xef5a95c0]: 2
D/Mono    (10035): Unloading image System.Runtime.dll [0xf3f20800].
D/Mono    (10035): Image addref System.Runtime[0xef3186c0] -> System.Runtime.dll[0xeabf7a00]: 6
D/Mono    (10035): Config attempting to parse: 'System.Runtime.dll.config'.
D/Mono    (10035): Config attempting to parse: '/Users/builder/data/lanes/4009/3a62f1ea/source/monodroid/builds/install/mono-armv6/etc/mono/assemblies/System.Runtime/System.Runtime.config'.
D/Mono    (10035): Assembly Ref addref Plugin.DeviceInfo.Abstractions[0xef5a95c0] -> System.Runtime[0xef5aa040]: 4
D/Mono    (10035): Assembly Ref addref CareerBuilder_Search.Droid[0xef5a8f00] -> Akavache[0xef5a9020]: 2
D/Mono    (10035): Assembly Ref addref Akavache[0xef5a9020] -> mscorlib[0xef5a8ea0]: 31
D/Mono    (10035): Assembly Ref addref Akavache[0xef5a9020] -> System.Reactive.Interfaces[0xef5a9c80]: 2
D/Mono    (10035): Assembly Ref addref Akavache[0xef5a9020] -> System.Reactive.Core[0xef5a9c20]: 2
D/Mono    (10035): Unloading image System.Runtime.dll [0xf3f20800].
D/Mono    (10035): Image addref System.Runtime[0xef3186c0] -> System.Runtime.dll[0xeabf7a00]: 7
D/Mono    (10035): Config attempting to parse: 'System.Runtime.dll.config'.
D/Mono    (10035): Config attempting to parse: '/Users/builder/data/lanes/4009/3a62f1ea/source/monodroid/builds/install/mono-armv6/etc/mono/assemblies/System.Runtime/System.Runtime.config'.
D/Mono    (10035): Assembly Ref addref System.Reactive.Core[0xef5a9c20] -> System.Runtime[0xef5aa040]: 5
D/Mono    (10035): DllImport searching in: '__Internal' ('(null)').
D/Mono    (10035): Searching for 'java_interop_jnienv_call_nonvirtual_object_method_a'.
D/Mono    (10035): Probing 'java_interop_jnienv_call_nonvirtual_object_method_a'.
D/Mono    (10035): Found as 'java_interop_jnienv_call_nonvirtual_object_method_a'.
D/Mono    (10035): Assembly Ref addref CareerBuilder_Search.Droid[0xef5a8f00] -> Microsoft.Practices.Unity[0xef5a9320]: 2
D/Mono    (10035): Unloading image System.Runtime.dll [0xf3f20800].
D/Mono    (10035): Image addref System.Runtime[0xef3186c0] -> System.Runtime.dll[0xeabf7a00]: 8
D/Mono    (10035): Config attempting to parse: 'System.Runtime.dll.config'.
D/Mono    (10035): Config attempting to parse: '/Users/builder/data/lanes/4009/3a62f1ea/source/monodroid/builds/install/mono-armv6/etc/mono/assemblies/System.Runtime/System.Runtime.config'.
D/Mono    (10035): Assembly Ref addref Microsoft.Practices.Unity[0xef5a9320] -> System.Runtime[0xef5aa040]: 6
D/Mono    (10035): Unloading image System.Collections.dll [0xf3f20d00].
D/Mono    (10035): Image addref System.Collections[0xef3186c0] -> System.Collections.dll[0xeabfa700]: 5
D/Mono    (10035): Config attempting to parse: 'System.Collections.dll.config'.
D/Mono    (10035): Config attempting to parse: '/Users/builder/data/lanes/4009/3a62f1ea/source/monodroid/builds/install/mono-armv6/etc/mono/assemblies/System.Collections/System.Collections.config'.
D/Mono    (10035): Assembly Ref addref Microsoft.Practices.Unity[0xef5a9320] -> System.Collections[0xef5aa2e0]: 3
D/Mono    (10035): Assembly Ref addref CareerBuilder_Search[0xef5a9f20] -> Microsoft.Practices.Unity[0xef5a9320]: 3
D/Mono    (10035): Assembly Ref addref CareerBuilder_Search.Droid[0xef5a8f00] -> Plugin.DeviceInfo.Abstractions[0xef5a95c0]: 3
D/Mono    (10035): Unloading image System.Diagnostics.Debug.dll [0xf3f20d00].
D/Mono    (10035): Image addref System.Diagnostics.Debug[0xef3186c0] -> System.Diagnostics.Debug.dll[0xeabf9800]: 5
D/Mono    (10035): Config attempting to parse: 'System.Diagnostics.Debug.dll.config'.
D/Mono    (10035): Config attempting to parse: '/Users/builder/data/lanes/4009/3a62f1ea/source/monodroid/builds/install/mono-armv6/etc/mono/assemblies/System.Diagnostics.Debug/System.Diagnostics.Debug.config'.
D/Mono    (10035): Assembly Ref addref CareerBuilder_Search[0xef5a9f20] -> System.Diagnostics.Debug[0xef5aa1c0]: 3
D/Mono    (10035): Assembly Ref addref System.Diagnostics.Debug[0xef5aa1c0] -> mscorlib[0xef5a8ea0]: 32
D/Mono    (10035): Image addref System.Diagnostics.Tools[0xef3186c0] -> System.Diagnostics.Tools.dll[0xf3f20d00]: 2
D/Mono    (10035): Prepared to set up assembly 'System.Diagnostics.Tools' (System.Diagnostics.Tools.dll)
D/Mono    (10035): Assembly System.Diagnostics.Tools[0xef3186c0] added to domain RootDomain, ref_count=1
D/Mono    (10035): AOT module 'System.Diagnostics.Tools.dll.so' not found: dlopen failed: library "/data/app/com.careerbuilder.SugarDrone-1/lib/arm/libaot-System.Diagnostics.Tools.dll.so" not found
D/OpenGLRenderer(10035): Use EGL_SWAP_BEHAVIOR_PRESERVED: true
D/Mono    (10035): AOT module '/Users/builder/data/lanes/4009/3a62f1ea/source/monodroid/builds/install/mono-armv6/lib/mono/aot-cache/arm/System.Diagnostics.Tools.dll.so' not found: dlopen failed: library "/data/app/com.careerbuilder.SugarDrone-1/lib/arm/libaot-System.Diagnostics.Tools.dll.so" not found
D/Mono    (10035): Config attempting to parse: 'System.Diagnostics.Tools.dll.config'.
D/Mono    (10035): Config attempting to parse: '/Users/builder/data/lanes/4009/3a62f1ea/source/monodroid/builds/install/mono-armv6/etc/mono/assemblies/System.Diagnostics.Tools/System.Diagnostics.Tools.config'.
D/Mono    (10035): Assembly Ref addref Microsoft.Practices.Unity[0xef5a9320] -> System.Diagnostics.Tools[0xef3186c0]: 2
D/Mono    (10035): Assembly Ref addref System.Diagnostics.Tools[0xef3186c0] -> mscorlib[0xef5a8ea0]: 33
D/Mono    (10035): Image addref System.Resources.ResourceManager[0xef318780] -> System.Resources.ResourceManager.dll[0xf3f21200]: 2
D/Mono    (10035): Prepared to set up assembly 'System.Resources.ResourceManager' (System.Resources.ResourceManager.dll)
D/Mono    (10035): Assembly System.Resources.ResourceManager[0xef318780] added to domain RootDomain, ref_count=1
D/Mono    (10035): AOT module 'System.Resources.ResourceManager.dll.so' not found: dlopen failed: library "/data/app/com.careerbuilder.SugarDrone-1/lib/arm/libaot-System.Resources.ResourceManager.dll.so" not found
D/Mono    (10035): AOT module '/Users/builder/data/lanes/4009/3a62f1ea/source/monodroid/builds/install/mono-armv6/lib/mono/aot-cache/arm/System.Resources.ResourceManager.dll.so' not found: dlopen failed: library "/data/app/com.careerbuilder.SugarDrone-1/lib/arm/libaot-System.Resources.ResourceManager.dll.so" not found
D/Mono    (10035): Config attempting to parse: 'System.Resources.ResourceManager.dll.config'.
D/Mono    (10035): Config attempting to parse: '/Users/builder/data/lanes/4009/3a62f1ea/source/monodroid/builds/install/mono-armv6/etc/mono/assemblies/System.Resources.ResourceManager/System.Resources.ResourceManager.config'.
D/Mono    (10035): Assembly Ref addref Microsoft.Practices.Unity[0xef5a9320] -> System.Resources.ResourceManager[0xef318780]: 2
D/Mono    (10035): Assembly Ref addref System.Resources.ResourceManager[0xef318780] -> mscorlib[0xef5a8ea0]: 34
D/Mono    (10035): Unloading image System.Reflection.dll [0xf3f22b00].
D/Mono    (10035): Image addref System.Reflection[0xef3187e0] -> System.Reflection.dll[0xeabf8e00]: 5
D/Mono    (10035): Config attempting to parse: 'System.Reflection.dll.config'.
D/Mono    (10035): Config attempting to parse: '/Users/builder/data/lanes/4009/3a62f1ea/source/monodroid/builds/install/mono-armv6/etc/mono/assemblies/System.Reflection/System.Reflection.config'.
D/Mono    (10035): Assembly Ref addref Microsoft.Practices.Unity[0xef5a9320] -> System.Reflection[0xef5aa100]: 3
D/Mono    (10035): Unloading image System.Linq.dll [0xf3f22b00].
D/Mono    (10035): Image addref System.Linq[0xef318b40] -> System.Linq.dll[0xdad5d900]: 5
D/Mono    (10035): Config attempting to parse: 'System.Linq.dll.config'.
D/Mono    (10035): Config attempting to parse: '/Users/builder/data/lanes/4009/3a62f1ea/source/monodroid/builds/install/mono-armv6/etc/mono/assemblies/System.Linq/System.Linq.config'.
D/Mono    (10035): Assembly Ref addref Microsoft.Practices.Unity[0xef5a9320] -> System.Linq[0xef5aa400]: 3
D/Mono    (10035): Unloading image System.Threading.dll [0xf3f22b00].
D/Mono    (10035): Image addref System.Threading[0xef318b40] -> System.Threading.dll[0xeabf9300]: 5
D/Mono    (10035): Config attempting to parse: 'System.Threading.dll.config'.
D/Mono    (10035): Config attempting to parse: '/Users/builder/data/lanes/4009/3a62f1ea/source/monodroid/builds/install/mono-armv6/etc/mono/assemblies/System.Threading/System.Threading.config'.
D/Mono    (10035): Assembly Ref addref Microsoft.Practices.Unity[0xef5a9320] -> System.Threading[0xef5aa160]: 3
I/Adreno  (10035): QUALCOMM build                   : 63c06b2, I8366cd0437
I/Adreno  (10035): Build Date                       : 10/21/15
I/Adreno  (10035): OpenGL ES Shader Compiler Version: XE031.05.13.02
I/Adreno  (10035): Local Branch                     : 
I/Adreno  (10035): Remote Branch                    : quic/LA.BF64.1.2.9_v2
I/Adreno  (10035): Remote Branch                    : NONE
I/Adreno  (10035): Reconstruct Branch               : NOTHING
I/OpenGLRenderer(10035): Initialized EGL, version 1.4
D/Mono    (10035): Image addref System.Globalization[0xef318900] -> System.Globalization.dll[0xd9e30a00]: 2
D/Mono    (10035): Prepared to set up assembly 'System.Globalization' (System.Globalization.dll)
D/Mono    (10035): Assembly System.Globalization[0xef318900] added to domain RootDomain, ref_count=1
D/Mono    (10035): AOT module 'System.Globalization.dll.so' not found: dlopen failed: library "/data/app/com.careerbuilder.SugarDrone-1/lib/arm/libaot-System.Globalization.dll.so" not found
D/Mono    (10035): AOT module '/Users/builder/data/lanes/4009/3a62f1ea/source/monodroid/builds/install/mono-armv6/lib/mono/aot-cache/arm/System.Globalization.dll.so' not found: dlopen failed: library "/data/app/com.careerbuilder.SugarDrone-1/lib/arm/libaot-System.Globalization.dll.so" not found
D/Mono    (10035): Config attempting to parse: 'System.Globalization.dll.config'.
D/Mono    (10035): Config attempting to parse: '/Users/builder/data/lanes/4009/3a62f1ea/source/monodroid/builds/install/mono-armv6/etc/mono/assemblies/System.Globalization/System.Globalization.config'.
D/Mono    (10035): Assembly Ref addref Microsoft.Practices.Unity[0xef5a9320] -> System.Globalization[0xef318900]: 2
D/Mono    (10035): Assembly Ref addref System.Globalization[0xef318900] -> mscorlib[0xef5a8ea0]: 35
I/Keyboard.Facilitator( 3391): onFinishInput()
D/Mono    (10035): Image addref System.Runtime.Extensions[0xef318c00] -> System.Runtime.Extensions.dll[0xd9c56700]: 2
D/Mono    (10035): Prepared to set up assembly 'System.Runtime.Extensions' (System.Runtime.Extensions.dll)
D/Mono    (10035): Assembly System.Runtime.Extensions[0xef318c00] added to domain RootDomain, ref_count=1
D/Mono    (10035): AOT module 'System.Runtime.Extensions.dll.so' not found: dlopen failed: library "/data/app/com.careerbuilder.SugarDrone-1/lib/arm/libaot-System.Runtime.Extensions.dll.so" not found
D/Mono    (10035): AOT module '/Users/builder/data/lanes/4009/3a62f1ea/source/monodroid/builds/install/mono-armv6/lib/mono/aot-cache/arm/System.Runtime.Extensions.dll.so' not found: dlopen failed: library "/data/app/com.careerbuilder.SugarDrone-1/lib/arm/libaot-System.Runtime.Extensions.dll.so" not found
D/Mono    (10035): Config attempting to parse: 'System.Runtime.Extensions.dll.config'.
D/Mono    (10035): Config attempting to parse: '/Users/builder/data/lanes/4009/3a62f1ea/source/monodroid/builds/install/mono-armv6/etc/mono/assemblies/System.Runtime.Extensions/System.Runtime.Extensions.config'.
D/Mono    (10035): Assembly Ref addref Microsoft.Practices.Unity[0xef5a9320] -> System.Runtime.Extensions[0xef318c00]: 2
D/Mono    (10035): Assembly Ref addref System.Runtime.Extensions[0xef318c00] -> mscorlib[0xef5a8ea0]: 36
D/Mono    (10035): Image addref System.Linq.Expressions[0xef318f60] -> System.Linq.Expressions.dll[0xd9c55d00]: 2
D/Mono    (10035): Prepared to set up assembly 'System.Linq.Expressions' (System.Linq.Expressions.dll)
D/Mono    (10035): Assembly System.Linq.Expressions[0xef318f60] added to domain RootDomain, ref_count=1
D/Mono    (10035): AOT module 'System.Linq.Expressions.dll.so' not found: dlopen failed: library "/data/app/com.careerbuilder.SugarDrone-1/lib/arm/libaot-System.Linq.Expressions.dll.so" not found
D/Mono    (10035): AOT module '/Users/builder/data/lanes/4009/3a62f1ea/source/monodroid/builds/install/mono-armv6/lib/mono/aot-cache/arm/System.Linq.Expressions.dll.so' not found: dlopen failed: library "/data/app/com.careerbuilder.SugarDrone-1/lib/arm/libaot-System.Linq.Expressions.dll.so" not found
D/Mono    (10035): Config attempting to parse: 'System.Linq.Expressions.dll.config'.
D/Mono    (10035): Config attempting to parse: '/Users/builder/data/lanes/4009/3a62f1ea/source/monodroid/builds/install/mono-armv6/etc/mono/assemblies/System.Linq.Expressions/System.Linq.Expressions.config'.
D/Mono    (10035): Assembly Ref addref Microsoft.Practices.Unity[0xef5a9320] -> System.Linq.Expressions[0xef318f60]: 2
D/Mono    (10035): Assembly Ref addref System.Linq.Expressions[0xef318f60] -> System.Core[0xef5aa580]: 5
D/Mono    (10035): Assembly Ref addref System.Core[0xef5aa580] -> System[0xef5aa220]: 3
D/Mono    (10035): Assembly Ref addref CareerBuilder_Search.Droid[0xef5a8f00] -> Xamarin.GooglePlayServices.Analytics[0xef5a9620]: 2
D/Mono    (10035): Assembly Ref addref CareerBuilder_Search.Droid[0xef5a8f00] -> Plugin.Geolocator.Abstractions[0xef5a9500]: 2
D/Mono    (10035): Assembly Ref addref CareerBuilder_Search[0xef5a9f20] -> System.Net.Http[0xef5aadc0]: 3
D/Mono    (10035): Assembly Ref addref CareerBuilder_Search[0xef5a9f20] -> Plugin.DeviceInfo[0xef5a9560]: 2
D/Mono    (10035): Assembly Ref addref Plugin.DeviceInfo[0xef5a9560] -> mscorlib[0xef5a8ea0]: 37
D/Mono    (10035): Assembly Ref addref Plugin.DeviceInfo[0xef5a9560] -> Plugin.DeviceInfo.Abstractions[0xef5a95c0]: 4
D/Mono    (10035): Image addref System.Threading.Tasks[0xd8c38060] -> System.Threading.Tasks.dll[0xd9c57100]: 2
D/Mono    (10035): Prepared to set up assembly 'System.Threading.Tasks' (System.Threading.Tasks.dll)
D/Mono    (10035): Assembly System.Threading.Tasks[0xd8c38060] added to domain RootDomain, ref_count=1
I/ActivityManager(  925): Displayed com.careerbuilder.SugarDrone/md537fd6201b6818e2e180d2f7606e21a83.AppMainActivity: +442ms
D/Mono    (10035): AOT module 'System.Threading.Tasks.dll.so' not found: dlopen failed: library "/data/app/com.careerbuilder.SugarDrone-1/lib/arm/libaot-System.Threading.Tasks.dll.so" not found
D/Mono    (10035): AOT module '/Users/builder/data/lanes/4009/3a62f1ea/source/monodroid/builds/install/mono-armv6/lib/mono/aot-cache/arm/System.Threading.Tasks.dll.so' not found: dlopen failed: library "/data/app/com.careerbuilder.SugarDrone-1/lib/arm/libaot-System.Threading.Tasks.dll.so" not found
D/Mono    (10035): Config attempting to parse: 'System.Threading.Tasks.dll.config'.
D/Mono    (10035): Config attempting to parse: '/Users/builder/data/lanes/4009/3a62f1ea/source/monodroid/builds/install/mono-armv6/etc/mono/assemblies/System.Threading.Tasks/System.Threading.Tasks.config'.
D/Mono    (10035): Assembly Ref addref CareerBuilder_Search[0xef5a9f20] -> System.Threading.Tasks[0xd8c38060]: 2
D/Mono    (10035): Assembly Ref addref System.Threading.Tasks[0xd8c38060] -> mscorlib[0xef5a8ea0]: 38
D/Mono    (10035): Unloading image System.Collections.dll [0xd9e31400].
D/Mono    (10035): Image addref System.Collections[0xef318ba0] -> System.Collections.dll[0xeabfa700]: 6
D/Mono    (10035): Config attempting to parse: 'System.Collections.dll.config'.
D/Mono    (10035): Config attempting to parse: '/Users/builder/data/lanes/4009/3a62f1ea/source/monodroid/builds/install/mono-armv6/etc/mono/assemblies/System.Collections/System.Collections.config'.
D/Mono    (10035): Assembly Ref addref CareerBuilder_Search[0xef5a9f20] -> System.Collections[0xef5aa2e0]: 4
D/Mono    (10035): Assembly Ref addref System.Collections[0xef5aa2e0] -> System[0xef5aa220]: 4
D/Mono    (10035): Assembly Ref addref System.Net.Http[0xef5aadc0] -> System[0xef5aa220]: 5
D/Mono    (10035): Assembly Ref addref Microsoft.Practices.Unity[0xef5a9320] -> System.Reflection.Extensions[0xef5aa6a0]: 3
W/Atfwd_Sendcmd(  637): AtCmdFwd service not published, waiting... retryCnt : 4
I/System.out(10035): URI: /map
I/System.out(10035): params: {json={"query":"*","operation":{"method_name":"query","arguments":[]}}
I/System.out(10035): }
W/ResourceType(10035): No known package when getting name for resource number 0xffffffff
W/ResourceType(10035): No known package when getting name for resource number 0xffffffff
W/ResourceType(10035): No known package when getting name for resource number 0xffffffff
D/Mono    (10035): Unloading image System.Threading.dll [0xd8a66700].
D/Mono    (10035): Image addref System.Threading[0xd87c5060] -> System.Threading.dll[0xeabf9300]: 6
D/Mono    (10035): Config attempting to parse: 'System.Threading.dll.config'.
D/Mono    (10035): Config attempting to parse: '/Users/builder/data/lanes/4009/3a62f1ea/source/monodroid/builds/install/mono-armv6/etc/mono/assemblies/System.Threading/System.Threading.config'.
D/Mono    (10035): Assembly Ref addref CareerBuilder_Search[0xef5a9f20] -> System.Threading[0xef5aa160]: 4
D/Mono    (10035): Assembly Ref addref System.Threading[0xef5aa160] -> System.Core[0xef5aa580]: 6
D/Mono    (10035): Assembly Ref addref System.Runtime[0xef5aa040] -> System[0xef5aa220]: 6
D/Mono    (10035): Assembly Ref addref CareerBuilder_Search[0xef5a9f20] -> Newtonsoft.Json[0xef5a9b60]: 2
D/Mono    (10035): Unloading image System.Runtime.dll [0xd8a66c00].
D/Mono    (10035): Image addref System.Runtime[0xd87c51e0] -> System.Runtime.dll[0xeabf7a00]: 9
D/Mono    (10035): Config attempting to parse: 'System.Runtime.dll.config'.
D/Mono    (10035): Config attempting to parse: '/Users/builder/data/lanes/4009/3a62f1ea/source/monodroid/builds/install/mono-armv6/etc/mono/assemblies/System.Runtime/System.Runtime.config'.
D/Mono    (10035): Assembly Ref addref Newtonsoft.Json[0xef5a9b60] -> System.Runtime[0xef5aa040]: 7
D/Mono    (10035): Image addref System.Dynamic.Runtime[0xd87c51e0] -> System.Dynamic.Runtime.dll[0xd8a66c00]: 2
D/Mono    (10035): Prepared to set up assembly 'System.Dynamic.Runtime' (System.Dynamic.Runtime.dll)
D/Mono    (10035): Assembly System.Dynamic.Runtime[0xd87c51e0] added to domain RootDomain, ref_count=1
D/Mono    (10035): AOT module 'System.Dynamic.Runtime.dll.so' not found: dlopen failed: library "/data/app/com.careerbuilder.SugarDrone-1/lib/arm/libaot-System.Dynamic.Runtime.dll.so" not found
D/Mono    (10035): AOT module '/Users/builder/data/lanes/4009/3a62f1ea/source/monodroid/builds/install/mono-armv6/lib/mono/aot-cache/arm/System.Dynamic.Runtime.dll.so' not found: dlopen failed: library "/data/app/com.careerbuilder.SugarDrone-1/lib/arm/libaot-System.Dynamic.Runtime.dll.so" not found
D/Mono    (10035): Config attempting to parse: 'System.Dynamic.Runtime.dll.config'.
D/Mono    (10035): Config attempting to parse: '/Users/builder/data/lanes/4009/3a62f1ea/source/monodroid/builds/install/mono-armv6/etc/mono/assemblies/System.Dynamic.Runtime/System.Dynamic.Runtime.config'.
D/Mono    (10035): Assembly Ref addref Newtonsoft.Json[0xef5a9b60] -> System.Dynamic.Runtime[0xd87c51e0]: 2
D/Mono    (10035): Assembly Ref addref System.Dynamic.Runtime[0xd87c51e0] -> System.Core[0xef5aa580]: 7
D/Mono    (10035): Image addref System.ObjectModel[0xd87c5240] -> System.ObjectModel.dll[0xd8a66200]: 2
D/Mono    (10035): Prepared to set up assembly 'System.ObjectModel' (System.ObjectModel.dll)
D/Mono    (10035): Assembly System.ObjectModel[0xd87c5240] added to domain RootDomain, ref_count=1
D/Mono    (10035): AOT module 'System.ObjectModel.dll.so' not found: dlopen failed: library "/data/app/com.careerbuilder.SugarDrone-1/lib/arm/libaot-System.ObjectModel.dll.so" not found
D/Mono    (10035): AOT module '/Users/builder/data/lanes/4009/3a62f1ea/source/monodroid/builds/install/mono-armv6/lib/mono/aot-cache/arm/System.ObjectModel.dll.so' not found: dlopen failed: library "/data/app/com.careerbuilder.SugarDrone-1/lib/arm/libaot-System.ObjectModel.dll.so" not found
D/Mono    (10035): Config attempting to parse: 'System.ObjectModel.dll.config'.
D/Mono    (10035): Config attempting to parse: '/Users/builder/data/lanes/4009/3a62f1ea/source/monodroid/builds/install/mono-armv6/etc/mono/assemblies/System.ObjectModel/System.ObjectModel.config'.
D/Mono    (10035): Assembly Ref addref Newtonsoft.Json[0xef5a9b60] -> System.ObjectModel[0xd87c5240]: 2
D/Mono    (10035): Assembly Ref addref System.ObjectModel[0xd87c5240] -> System[0xef5aa220]: 7
D/Mono    (10035): Assembly Ref addref CareerBuilder_Search[0xef5a9f20] -> System.Reactive.Core[0xef5a9c20]: 3
D/Mono    (10035): DllImport attempting to load: '__Internal'.
D/Mono    (10035): DllImport loaded library '(null)'.
D/Mono    (10035): DllImport searching in: '__Internal' ('(null)').
D/Mono    (10035): Searching for 'monodroid_get_system_property'.
D/Mono    (10035): Probing 'monodroid_get_system_property'.
D/Mono    (10035): Found as 'monodroid_get_system_property'.
D/Mono    (10035): DllImport searching in: '__Internal' ('(null)').
D/Mono    (10035): Searching for 'monodroid_free'.
D/Mono    (10035): Probing 'monodroid_free'.
D/Mono    (10035): Found as 'monodroid_free'.
D/Mono    (10035): Assembly Ref addref CareerBuilder_Search.Droid[0xef5a8f00] -> Xamarin.Insights[0xef5a9740]: 2
D/Mono    (10035): Assembly Ref addref Xamarin.Insights[0xef5a9740] -> mscorlib[0xef5a8ea0]: 39
D/Mono    (10035): Assembly Ref addref Xamarin.Insights[0xef5a9740] -> Mono.Android[0xef5a9f80]: 19
D/Mono    (10035): Assembly Ref addref CareerBuilder_Search.Droid[0xef5a8f00] -> HockeySDK[0xef5a8fc0]: 2
D/Mono    (10035): Assembly Ref addref CareerBuilder_Search.Droid[0xef5a8f00] -> AppsFlyerXamarinBindingAndroid[0xef5a8f60]: 2
D/Mono    (10035): DllImport searching in: '__Internal' ('(null)').
D/Mono    (10035): Searching for 'java_interop_jnienv_get_static_field_id'.
D/Mono    (10035): Probing 'java_interop_jnienv_get_static_field_id'.
D/Mono    (10035): Found as 'java_interop_jnienv_get_static_field_id'.
D/Mono    (10035): DllImport searching in: '__Internal' ('(null)').
D/Mono    (10035): Searching for 'java_interop_jnienv_get_static_int_field'.
D/Mono    (10035): Probing 'java_interop_jnienv_get_static_int_field'.
D/Mono    (10035): Found as 'java_interop_jnienv_get_static_int_field'.
I/System.out(10035): URI: /map
I/System.out(10035): params: {json={"query":"* id:'agreeAndContinueButton'","operation":{"method_name":"query","arguments":[]}}
I/System.out(10035): }
D/Mono    (10035): Assembly Ref addref Xamarin.Insights[0xef5a9740] -> System.Core[0xef5aa580]: 8
D/Mono    (10035): DllImport searching in: '__Internal' ('(null)').
D/Mono    (10035): Searching for 'java_interop_jnienv_call_static_long_method_a'.
D/Mono    (10035): Probing 'java_interop_jnienv_call_static_long_method_a'.
D/Mono    (10035): Found as 'java_interop_jnienv_call_static_long_method_a'.
D/Mono    (10035): Assembly Ref addref Xamarin.Insights[0xef5a9740] -> System[0xef5aa220]: 8
D/Mono    (10035): Assembly Ref addref Xamarin.Insights[0xef5a9740] -> System.Net.Http[0xef5aadc0]: 4
W/ResourceType(10035): No known package when getting name for resource number 0xffffffff
W/ResourceType(10035): No known package when getting name for resource number 0xffffffff
W/ResourceType(10035): No known package when getting name for resource number 0xffffffff
D/Mono    (10035): DllImport searching in: '__Internal' ('(null)').
D/Mono    (10035): Searching for 'java_interop_jnienv_get_object_array_element'.
D/Mono    (10035): Probing 'java_interop_jnienv_get_object_array_element'.
D/Mono    (10035): Found as 'java_interop_jnienv_get_object_array_element'.
D/Mono    (10035): DllImport searching in: '__Internal' ('(null)').
D/Mono    (10035): Searching for 'java_interop_jnienv_call_boolean_method_a'.
D/Mono    (10035): Probing 'java_interop_jnienv_call_boolean_method_a'.
D/Mono    (10035): Found as 'java_interop_jnienv_call_boolean_method_a'.
D/Mono    (10035): DllImport searching in: '__Internal' ('(null)').
D/Mono    (10035): Searching for 'java_interop_jnienv_call_int_method_a'.
D/Mono    (10035): Probing 'java_interop_jnienv_call_int_method_a'.
D/Mono    (10035): Found as 'java_interop_jnienv_call_int_method_a'.
D/Mono    (10035): DllImport searching in: '__Internal' ('(null)').
D/Mono    (10035): Searching for 'java_interop_jnienv_get_field_id'.
D/Mono    (10035): Probing 'java_interop_jnienv_get_field_id'.
D/Mono    (10035): Found as 'java_interop_jnienv_get_field_id'.
D/Mono    (10035): DllImport searching in: '__Internal' ('(null)').
D/Mono    (10035): Searching for 'java_interop_jnienv_get_object_field'.
D/Mono    (10035): Probing 'java_interop_jnienv_get_object_field'.
D/Mono    (10035): Found as 'java_interop_jnienv_get_object_field'.
D/Mono    (10035): DllImport searching in: '__Internal' ('(null)').
D/Mono    (10035): Searching for 'java_interop_jnienv_call_static_int_method_a'.
D/Mono    (10035): Probing 'java_interop_jnienv_call_static_int_method_a'.
D/Mono    (10035): Found as 'java_interop_jnienv_call_static_int_method_a'.
W/Xamarin.Insights(10035): Warning: Insights data communication has been manually enabled
D/Mono    (10035): DllImport searching in: '__Internal' ('(null)').
D/Mono    (10035): Searching for 'java_interop_jnienv_get_static_object_field'.
D/Mono    (10035): Probing 'java_interop_jnienv_get_static_object_field'.
D/Mono    (10035): Found as 'java_interop_jnienv_get_static_object_field'.
D/Mono    (10035): DllImport searching in: '__Internal' ('(null)').
D/Mono    (10035): Searching for 'java_interop_jnienv_call_static_void_method'.
D/Mono    (10035): Probing 'java_interop_jnienv_call_static_void_method'.
D/Mono    (10035): Found as 'java_interop_jnienv_call_static_void_method'.
I/System.out(10035): URI: /map
I/System.out(10035): params: {json={"query":"* id:'agreeAndContinueButton'","operation":{"method_name":"query","arguments":[]}}
I/System.out(10035): }
I/AppsFlyer_3.01(10035): Start tracking package: com.careerbuilder.SugarDrone
I/AppsFlyer_3.01(10035): AsendTrackingWithEvent from activity: md537fd6201b6818e2e180d2f7606e21a83.MainApplication
I/AppsFlyer_3.01-687883480(10035): ******* sendTrackingWithEvent: Launch
I/GAv4    (10035): Google Analytics 8.4.87 is starting up. To enable debug logging on a device run:
I/GAv4    (10035):   adb shell setprop log.tag.GAv4 DEBUG
I/GAv4    (10035):   adb logcat -s GAv4
E/ActivityThread(10035): Failed to find provider info for com.facebook.katana.provider.AttributionIdProvider
I/AppsFlyer_3.01(10035): WARNING:READ_PHONE_STATE is missing
W/GAv4    (10035): AnalyticsReceiver is not registered or is disabled. Register the receiver for reliable dispatching on non-Google Play devices. See http://goo.gl/8Rd3yj for instructions.
W/GAv4    (10035): CampaignTrackingReceiver is not registered, not exported or is disabled. Installation campaign tracking is not possible. See http://goo.gl/8Rd3yj for instructions.
D/AppsFlyer_3.01(10035): AppsFlyer: first launch detected
I/AppsFlyer_3.01(10035): AppsFlyer: first launch date: 2017-03-16_0711+0100
I/System.out(10035): AppsFlyerLib.sendTrackingWithEvent
W/ResourceType(10035): No known package when getting name for resource number 0xffffffff
W/ResourceType(10035): No known package when getting name for resource number 0xffffffff
W/ResourceType(10035): No known package when getting name for resource number 0xffffffff
D/Mono    (10035): DllImport searching in: '__Internal' ('(null)').
D/Mono    (10035): Searching for 'java_interop_jnienv_call_void_method_a'.
D/Mono    (10035): Probing 'java_interop_jnienv_call_void_method_a'.
D/Mono    (10035): Found as 'java_interop_jnienv_call_void_method_a'.
I/GAv4    (10035): Logger is deprecated. To enable debug logging, please run:
I/GAv4    (10035): adb shell setprop log.tag.GAv4 DEBUG
I/AppsFlyer_3.01-687883480(10035): url: https://t.appsflyer.com/api/v3/androidevent?buildnumber=3.01&app_id=com.careerbuilder.SugarDrone
I/AppsFlyer_(10035): data: device=angler&firstLaunchDate=2017-03-16_0711%2B0100&installDate=2017-03-16_0710%2B0100&sdk=23&carrier=&date1=2017-03-16_0710%2B0100&af_preinstalled=false&advertiserIdEnabled=true&iaecounter=0&lang_code=en&appsflyerKey=WV****************HFK5&app_version_name=3.1.7&lang=English&timepassedsincelastlaunch=0&dkh=WVGo7sxf&android_id=33b2f0eb1e5b1e9e&advertiserId=e0d3c41c-3596-419c-84a7-b4d3836c69b7&deviceType=user&af_v=9131d6d18e4a5b00c7bdc8a0931fea5a415218a6&app_version_code=30011&platformextension=android_native&network=WIFI&operator=2TELL&country=US&date2=2017-03-16_0710%2B0100&brand=google&af_timestamp=1489687883480&uid=1489687843263-169605462361521511&isFirstCall=true&counter=1&model=Nexus+6P&product=angler
D/Mono    (10035): DllImport searching in: '__Internal' ('(null)').
D/Mono    (10035): Searching for 'java_interop_jnienv_new_local_ref'.
D/Mono    (10035): Probing 'java_interop_jnienv_new_local_ref'.
D/Mono    (10035): Found as 'java_interop_jnienv_new_local_ref'.
D/Mono    (10035): Assembly Ref addref Plugin.DeviceInfo[0xef5a9560] -> Mono.Android[0xef5a9f80]: 20
W/GAv4    (10035): AnalyticsService not registered in the app manifest. Hits might not be delivered reliably. See http://goo.gl/8Rd3yj for instructions.
W/Xamarin.Insights(10035): Warning: Insights data communication has been manually enabled
I/AppsFlyer_3.01(10035): Start tracking package: com.careerbuilder.SugarDrone
I/AppsFlyer_3.01(10035): AsendTrackingWithEvent from activity: md537fd6201b6818e2e180d2f7606e21a83.MainApplication
I/AppsFlyer_3.01-687883587(10035): ******* sendTrackingWithEvent: Launch
D/Mono    (10035): DllImport searching in: '__Internal' ('(null)').
D/Mono    (10035): Searching for 'java_interop_jnienv_get_int_field'.
D/Mono    (10035): Probing 'java_interop_jnienv_get_int_field'.
D/Mono    (10035): Found as 'java_interop_jnienv_get_int_field'.
E/ActivityThread(10035): Failed to find provider info for com.facebook.katana.provider.AttributionIdProvider
I/AppsFlyer_3.01(10035): WARNING:READ_PHONE_STATE is missing
D/Mono    (10035): Unloading image Splat.dll [0xd884db00].
D/Mono    (10035): Image addref Splat[0xd87c6560] -> Splat.dll[0xf52b6f00]: 5
D/Mono    (10035): Config attempting to parse: 'Splat.dll.config'.
D/Mono    (10035): Config attempting to parse: '/Users/builder/data/lanes/4009/3a62f1ea/source/monodroid/builds/install/mono-armv6/etc/mono/assemblies/Splat/Splat.config'.
D/Mono    (10035): Assembly Ref addref Akavache[0xef5a9020] -> Splat[0xef5a9260]: 2
D/Mono    (10035): Assembly Ref addref Splat[0xef5a9260] -> mscorlib[0xef5a8ea0]: 40
D/Mono    (10035): Assembly Ref addref System.Reactive.Core[0xef5a9c20] -> System.Reactive.Interfaces[0xef5a9c80]: 3
D/Mono    (10035): Image addref System.ComponentModel[0xd87c6560] -> System.ComponentModel.dll[0xd884db00]: 2
D/Mono    (10035): Prepared to set up assembly 'System.ComponentModel' (System.ComponentModel.dll)
D/Mono    (10035): Assembly System.ComponentModel[0xd87c6560] added to domain RootDomain, ref_count=1
D/Mono    (10035): AOT module 'System.ComponentModel.dll.so' not found: dlopen failed: library "/data/app/com.careerbuilder.SugarDrone-1/lib/arm/libaot-System.ComponentModel.dll.so" not found
D/Mono    (10035): AOT module '/Users/builder/data/lanes/4009/3a62f1ea/source/monodroid/builds/install/mono-armv6/lib/mono/aot-cache/arm/System.ComponentModel.dll.so' not found: dlopen failed: library "/data/app/com.careerbuilder.SugarDrone-1/lib/arm/libaot-System.ComponentModel.dll.so" not found
D/Mono    (10035): Config attempting to parse: 'System.ComponentModel.dll.config'.
D/Mono    (10035): Config attempting to parse: '/Users/builder/data/lanes/4009/3a62f1ea/source/monodroid/builds/install/mono-armv6/etc/mono/assemblies/System.ComponentModel/System.ComponentModel.config'.
D/Mono    (10035): Assembly Ref addref System.Reactive.Core[0xef5a9c20] -> System.ComponentModel[0xd87c6560]: 2
D/Mono    (10035): Assembly Ref addref System.ComponentModel[0xd87c6560] -> mscorlib[0xef5a8ea0]: 41
D/Mono    (10035): Unloading image System.Runtime.dll [0xd82f7000].
D/Mono    (10035): Image addref System.Runtime[0xd87c6140] -> System.Runtime.dll[0xeabf7a00]: 10
D/Mono    (10035): Config attempting to parse: 'System.Runtime.dll.config'.
