I/System.out( 9474): AppsFlyerLib.sendTrackingWithEvent
I/AppsFlyer_3.01-688609048( 9474): url: https://t.appsflyer.com/api/v3/androidevent?buildnumber=3.01&app_id=com.careerbuilder.SugarDrone
I/AppsFlyer_( 9474): data: device=angler&firstLaunchDate=2017-03-16_0723%2B0100&installDate=2017-03-16_0722%2B0100&sdk=23&carrier=&date1=2017-03-16_0722%2B0100&af_preinstalled=false&advertiserIdEnabled=true&iaecounter=0&lang_code=en&appsflyerKey=WV****************HFK5&app_version_name=3.1.7&lang=English&timepassedsincelastlaunch=0&dkh=WVGo7sxf&android_id=33b2f0eb1e5b1e9e&advertiserId=e0d3c41c-3596-419c-84a7-b4d3836c69b7&deviceType=user&af_v=118adf08e27a85586f13225ffc9d64851b09671e&app_version_code=30011&platformextension=android_native&network=WIFI&operator=2TELL&country=US&date2=2017-03-16_0722%2B0100&brand=google&af_timestamp=1489688609048&uid=1489688573115-7273835664465478029&isFirstCall=true&counter=2&model=Nexus+6P&product=angler
D/Mono    ( 9474): Assembly Ref addref Akavache[0xef3291a0] -> Mono.Android[0xef329f80]: 22
D/Mono    ( 9474): Assembly Loader probing location: '/Akavache.Mac.dll'.
D/Mono    ( 9474): Assembly Loader probing location: '/Users/builder/data/lanes/4009/3a62f1ea/source/monodroid/builds/install/mono-armv6/lib/Akavache.Mac.dll'.
D/Mono    ( 9474): Assembly Loader probing location: '/Akavache.Mac.exe'.
D/Mono    ( 9474): Assembly Loader probing location: '/Users/builder/data/lanes/4009/3a62f1ea/source/monodroid/builds/install/mono-armv6/lib/Akavache.Mac.exe'.
D/Mono    ( 9474): Assembly Loader probing location: '/Akavache.Deprecated.dll'.
D/Mono    ( 9474): Assembly Loader probing location: '/Users/builder/data/lanes/4009/3a62f1ea/source/monodroid/builds/install/mono-armv6/lib/Akavache.Deprecated.dll'.
D/Mono    ( 9474): Assembly Loader probing location: '/Akavache.Deprecated.exe'.
D/Mono    ( 9474): Assembly Loader probing location: '/Users/builder/data/lanes/4009/3a62f1ea/source/monodroid/builds/install/mono-armv6/lib/Akavache.Deprecated.exe'.
D/Mono    ( 9474): Assembly Loader probing location: '/Akavache.Mobile.dll'.
D/Mono    ( 9474): Assembly Loader probing location: '/Users/builder/data/lanes/4009/3a62f1ea/source/monodroid/builds/install/mono-armv6/lib/Akavache.Mobile.dll'.
D/Mono    ( 9474): Assembly Loader probing location: '/Akavache.Mobile.exe'.
D/Mono    ( 9474): Assembly Loader probing location: '/Users/builder/data/lanes/4009/3a62f1ea/source/monodroid/builds/install/mono-armv6/lib/Akavache.Mobile.exe'.
D/Mono    ( 9474): Unloading image System.Runtime.dll [0xd83ee700].
D/Mono    ( 9474): Image addref System.Runtime[0xd86da0e0] -> System.Runtime.dll[0xea38ca00]: 12
D/Mono    ( 9474): Config attempting to parse: 'System.Runtime.dll.config'.
D/Mono    ( 9474): Config attempting to parse: '/Users/builder/data/lanes/4009/3a62f1ea/source/monodroid/builds/install/mono-armv6/etc/mono/assemblies/System.Runtime/System.Runtime.config'.
D/Mono    ( 9474): Assembly Ref addref Akavache.Sqlite3[0xef329200] -> System.Runtime[0xef32a040]: 10
D/Mono    ( 9474): Assembly Ref addref Akavache.Sqlite3[0xef329200] -> Akavache[0xef3291a0]: 3
D/Mono    ( 9474): Unloading image Splat.dll [0xd83ee700].
D/Mono    ( 9474): Image addref Splat[0xd86da0e0] -> Splat.dll[0xf4ff6f00]: 6
D/Mono    ( 9474): Config attempting to parse: 'Splat.dll.config'.
D/Mono    ( 9474): Config attempting to parse: '/Users/builder/data/lanes/4009/3a62f1ea/source/monodroid/builds/install/mono-armv6/etc/mono/assemblies/Splat/Splat.config'.
D/Mono    ( 9474): Assembly Ref addref Akavache.Sqlite3[0xef329200] -> Splat[0xef329260]: 3
D/Mono    ( 9474): Assembly Ref addref System.Reactive.Core[0xef329c20] -> System.Resources.ResourceManager[0xda8f01e0]: 3
D/Mono    ( 9474): Unloading image System.Collections.dll [0xd83eec00].
D/Mono    ( 9474): Image addref System.Collections[0xd86da0e0] -> System.Collections.dll[0xea38f700]: 7
D/Mono    ( 9474): Config attempting to parse: 'System.Collections.dll.config'.
D/Mono    ( 9474): Config attempting to parse: '/Users/builder/data/lanes/4009/3a62f1ea/source/monodroid/builds/install/mono-armv6/etc/mono/assemblies/System.Collections/System.Collections.config'.
D/Mono    ( 9474): Assembly Ref addref System.Reactive.Core[0xef329c20] -> System.Collections[0xef32a2e0]: 5
D/Mono    ( 9474): Assembly Ref addref System.Collections[0xef32a2e0] -> System.Core[0xef32a580]: 10
D/Mono    ( 9474): Unloading image System.Threading.dll [0xd83eec00].
D/Mono    ( 9474): Image addref System.Threading[0xd86da560] -> System.Threading.dll[0xea38e300]: 7
D/Mono    ( 9474): Config attempting to parse: 'System.Threading.dll.config'.
D/Mono    ( 9474): Config attempting to parse: '/Users/builder/data/lanes/4009/3a62f1ea/source/monodroid/builds/install/mono-armv6/etc/mono/assemblies/System.Threading/System.Threading.config'.
D/Mono    ( 9474): Assembly Ref addref System.Reactive.Core[0xef329c20] -> System.Threading[0xef32a160]: 5
D/Mono    ( 9474): Unloading image System.Reflection.dll [0xd83eec00].
D/Mono    ( 9474): Image addref System.Reflection[0xd86da7a0] -> System.Reflection.dll[0xea38de00]: 6
D/Mono    ( 9474): Config attempting to parse: 'System.Reflection.dll.config'.
D/Mono    ( 9474): Config attempting to parse: '/Users/builder/data/lanes/4009/3a62f1ea/source/monodroid/builds/install/mono-armv6/etc/mono/assemblies/System.Reflection/System.Reflection.config'.
D/Mono    ( 9474): Assembly Ref addref System.Reactive.Core[0xef329c20] -> System.Reflection[0xef32a100]: 4
D/Mono    ( 9474): Unloading image System.Runtime.dll [0xd83eec00].
D/Mono    ( 9474): Image addref System.Runtime[0xd86da560] -> System.Runtime.dll[0xea38ca00]: 13
D/Mono    ( 9474): Config attempting to parse: 'System.Runtime.dll.config'.
D/Mono    ( 9474): Config attempting to parse: '/Users/builder/data/lanes/4009/3a62f1ea/source/monodroid/builds/install/mono-armv6/etc/mono/assemblies/System.Runtime/System.Runtime.config'.
D/Mono    ( 9474): Assembly Ref addref System.Reactive.PlatformServices[0xef329d40] -> System.Runtime[0xef32a040]: 11
D/Mono    ( 9474): Assembly Ref addref System.Reactive.PlatformServices[0xef329d40] -> System.Reactive.Core[0xef329c20]: 4
D/Mono    ( 9474): Assembly Ref addref System.Reactive.PlatformServices[0xef329d40] -> System.Resources.ResourceManager[0xda8f01e0]: 4
D/Mono    ( 9474): Unloading image System.Reflection.dll [0xd83eec00].
D/Mono    ( 9474): Image addref System.Reflection[0xd86da560] -> System.Reflection.dll[0xea38de00]: 7
D/Mono    ( 9474): Config attempting to parse: 'System.Reflection.dll.config'.
D/Mono    ( 9474): Config attempting to parse: '/Users/builder/data/lanes/4009/3a62f1ea/source/monodroid/builds/install/mono-armv6/etc/mono/assemblies/System.Reflection/System.Reflection.config'.
D/Mono    ( 9474): Assembly Ref addref System.Reactive.PlatformServices[0xef329d40] -> System.Reflection[0xef32a100]: 5
D/Mono    ( 9474): Assembly Ref addref System.Reactive.PlatformServices[0xef329d40] -> System.Reactive.Interfaces[0xef329c80]: 5
D/Mono    ( 9474): Unloading image System.Threading.Tasks.dll [0xd83ef100].
D/Mono    ( 9474): Image addref System.Threading.Tasks[0xd86da560] -> System.Threading.Tasks.dll[0xd9f6bd00]: 6
D/Mono    ( 9474): Config attempting to parse: 'System.Threading.Tasks.dll.config'.
D/Mono    ( 9474): Config attempting to parse: '/Users/builder/data/lanes/4009/3a62f1ea/source/monodroid/builds/install/mono-armv6/etc/mono/assemblies/System.Threading.Tasks/System.Threading.Tasks.config'.
D/Mono    ( 9474): Assembly Ref addref System.Reactive.PlatformServices[0xef329d40] -> System.Threading.Tasks[0xd89fb940]: 4
D/Mono    ( 9474): Assembly Ref addref System.Reactive.PlatformServices[0xef329d40] -> System.Reactive.Linq[0xef329ce0]: 3
D/Mono    ( 9474): Unloading image System.Diagnostics.Debug.dll [0xd83ef100].
D/Mono    ( 9474): Image addref System.Diagnostics.Debug[0xd86da560] -> System.Diagnostics.Debug.dll[0xea38e800]: 6
D/Mono    ( 9474): Config attempting to parse: 'System.Diagnostics.Debug.dll.config'.
D/Mono    ( 9474): Config attempting to parse: '/Users/builder/data/lanes/4009/3a62f1ea/source/monodroid/builds/install/mono-armv6/etc/mono/assemblies/System.Diagnostics.Debug/System.Diagnostics.Debug.config'.
D/Mono    ( 9474): Assembly Ref addref System.Reactive.PlatformServices[0xef329d40] -> System.Diagnostics.Debug[0xef32a1c0]: 4
D/Mono    ( 9474): Assembly Ref addref System.Reactive.Linq[0xef329ce0] -> System.Reactive.Core[0xef329c20]: 5
D/Mono    ( 9474): Assembly Ref addref Akavache[0xef3291a0] -> System.Core[0xef32a580]: 11
D/Mono    ( 9474): Assembly Ref addref System.Reactive.Linq[0xef329ce0] -> System.Resources.ResourceManager[0xda8f01e0]: 5
D/Mono    ( 9474): [0xda1f0930] hill climbing, change max number of threads 8
D/Mono    ( 9474): Assembly Ref addref CareerBuilder_Search[0xef329f20] -> System.Reactive.Linq[0xef329ce0]: 4
D/Mono    ( 9474): Assembly Ref addref CareerBuilder_Search[0xef329f20] -> Akavache[0xef3291a0]: 4
D/Mono    ( 9474): Assembly Ref addref Akavache.Sqlite3[0xef329200] -> System.Reactive.Core[0xef329c20]: 6
D/Mono    ( 9474): Assembly Ref addref Akavache.Sqlite3[0xef329200] -> System.Reactive.Interfaces[0xef329c80]: 6
D/Mono    ( 9474): Assembly Ref addref Akavache.Sqlite3[0xef329200] -> System.Reactive.Linq[0xef329ce0]: 5
D/Mono    ( 9474): Unloading image System.Runtime.Extensions.dll [0xd83efb00].
D/Mono    ( 9474): Image addref System.Runtime.Extensions[0xd86da560] -> System.Runtime.Extensions.dll[0xd9fa3c00]: 5
D/Mono    ( 9474): Config attempting to parse: 'System.Runtime.Extensions.dll.config'.
D/Mono    ( 9474): Config attempting to parse: '/Users/builder/data/lanes/4009/3a62f1ea/source/monodroid/builds/install/mono-armv6/etc/mono/assemblies/System.Runtime.Extensions/System.Runtime.Extensions.config'.
D/Mono    ( 9474): Assembly Ref addref Akavache.Sqlite3[0xef329200] -> System.Runtime.Extensions[0xda8f0720]: 3
D/Mono    ( 9474): Unloading image System.Linq.dll [0xd8202f00].
D/Mono    ( 9474): Image addref System.Linq[0xd86da560] -> System.Linq.dll[0xdc050900]: 6
D/Mono    ( 9474): Config attempting to parse: 'System.Linq.dll.config'.
D/Mono    ( 9474): Config attempting to parse: '/Users/builder/data/lanes/4009/3a62f1ea/source/monodroid/builds/install/mono-armv6/etc/mono/assemblies/System.Linq/System.Linq.config'.
D/Mono    ( 9474): Assembly Ref addref System.Reactive.Linq[0xef329ce0] -> System.Linq[0xef32a400]: 4
D/Mono    ( 9474): Assembly Ref addref System.Runtime[0xef32a040] -> System.Core[0xef32a580]: 12
D/Mono    ( 9474): Unloading image System.Threading.dll [0xd8202f00].
D/Mono    ( 9474): Image addref System.Threading[0xd86da560] -> System.Threading.dll[0xea38e300]: 8
D/Mono    ( 9474): Config attempting to parse: 'System.Threading.dll.config'.
D/Mono    ( 9474): Config attempting to parse: '/Users/builder/data/lanes/4009/3a62f1ea/source/monodroid/builds/install/mono-armv6/etc/mono/assemblies/System.Threading/System.Threading.config'.
D/Mono    ( 9474): Assembly Ref addref System.Reactive.Linq[0xef329ce0] -> System.Threading[0xef32a160]: 6
I/System.out( 9474): URI: /map
I/System.out( 9474): params: {json={"query":"* id:'agreeAndContinueButton'","operation":{"method_name":"query","arguments":[]}}
I/System.out( 9474): }
I/AppsFlyer_3.01-688609048( 9474): response code: 200
I/AppsFlyer_3.01-688608982( 9474): response code: 200
D/Mono    ( 9474): Assembly Ref addref Akavache[0xef3291a0] -> System.Reactive.PlatformServices[0xef329d40]: 2
D/Mono    ( 9474): Unloading image System.Globalization.dll [0xd8202f00].
D/Mono    ( 9474): Image addref System.Globalization[0xd86da0e0] -> System.Globalization.dll[0xd9fa0500]: 5
D/Mono    ( 9474): Config attempting to parse: 'System.Globalization.dll.config'.
D/Mono    ( 9474): Config attempting to parse: '/Users/builder/data/lanes/4009/3a62f1ea/source/monodroid/builds/install/mono-armv6/etc/mono/assemblies/System.Globalization/System.Globalization.config'.
D/Mono    ( 9474): Assembly Ref addref System.Reactive.Linq[0xef329ce0] -> System.Globalization[0xda8f0360]: 3
D/Mono    ( 9474): Unloading image System.Runtime.Extensions.dll [0xd8202f00].
D/Mono    ( 9474): Image addref System.Runtime.Extensions[0xd86da0e0] -> System.Runtime.Extensions.dll[0xd9fa3c00]: 6
D/Mono    ( 9474): Config attempting to parse: 'System.Runtime.Extensions.dll.config'.
D/Mono    ( 9474): Config attempting to parse: '/Users/builder/data/lanes/4009/3a62f1ea/source/monodroid/builds/install/mono-armv6/etc/mono/assemblies/System.Runtime.Extensions/System.Runtime.Extensions.config'.
D/Mono    ( 9474): Assembly Ref addref System.Reactive.Core[0xef329c20] -> System.Runtime.Extensions[0xda8f0720]: 4
D/Mono    ( 9474): Assembly Ref addref System.Runtime.Extensions[0xda8f0720] -> System[0xef32a220]: 9
D/Mono    ( 9474): Unloading image System.Globalization.dll [0xd8202f00].
D/Mono    ( 9474): Image addref System.Globalization[0xd86da0e0] -> System.Globalization.dll[0xd9fa0500]: 6
D/Mono    ( 9474): Config attempting to parse: 'System.Globalization.dll.config'.
D/Mono    ( 9474): Config attempting to parse: '/Users/builder/data/lanes/4009/3a62f1ea/source/monodroid/builds/install/mono-armv6/etc/mono/assemblies/System.Globalization/System.Globalization.config'.
D/Mono    ( 9474): Assembly Ref addref System.Reactive.Core[0xef329c20] -> System.Globalization[0xda8f0360]: 4
D/Mono    ( 9474): Unloading image System.Threading.Tasks.dll [0xd8202f00].
D/Mono    ( 9474): Image addref System.Threading.Tasks[0xd86da0e0] -> System.Threading.Tasks.dll[0xd9f6bd00]: 7
D/Mono    ( 9474): Config attempting to parse: 'System.Threading.Tasks.dll.config'.
D/Mono    ( 9474): Config attempting to parse: '/Users/builder/data/lanes/4009/3a62f1ea/source/monodroid/builds/install/mono-armv6/etc/mono/assemblies/System.Threading.Tasks/System.Threading.Tasks.config'.
D/Mono    ( 9474): Assembly Ref addref System.Reactive.Core[0xef329c20] -> System.Threading.Tasks[0xd89fb940]: 5
D/Mono    ( 9474): [0xd7fff930] worker starting
D/Mono    ( 9474): Unloading image System.Collections.dll [0xd8202f00].
D/Mono    ( 9474): Image addref System.Collections[0xd89fabc0] -> System.Collections.dll[0xea38f700]: 8
D/Mono    ( 9474): Config attempting to parse: 'System.Collections.dll.config'.
D/Mono    ( 9474): Config attempting to parse: '/Users/builder/data/lanes/4009/3a62f1ea/source/monodroid/builds/install/mono-armv6/etc/mono/assemblies/System.Collections/System.Collections.config'.
D/Mono    ( 9474): Assembly Ref addref Akavache.Sqlite3[0xef329200] -> System.Collections[0xef32a2e0]: 6
D/Mono    ( 9474): Unloading image SQLitePCL.raw.dll [0xd8202f00].
D/Mono    ( 9474): Image addref SQLitePCL.raw[0xd89fabc0] -> SQLitePCL.raw.dll[0xea38b600]: 5
D/Mono    ( 9474): Config attempting to parse: 'SQLitePCL.raw.dll.config'.
D/Mono    ( 9474): Config attempting to parse: '/Users/builder/data/lanes/4009/3a62f1ea/source/monodroid/builds/install/mono-armv6/etc/mono/assemblies/SQLitePCL.raw/SQLitePCL.raw.config'.
D/Mono    ( 9474): Assembly Ref addref Akavache.Sqlite3[0xef329200] -> SQLitePCL.raw[0xef329ec0]: 2
D/Mono    ( 9474): Assembly Ref addref SQLitePCL.raw[0xef329ec0] -> mscorlib[0xef329020]: 42
D/Mono    ( 9474): [0xd7ce1930] worker starting
D/Mono    ( 9474): Assembly Ref addref Splat[0xef329260] -> System[0xef32a220]: 10
D/Mono    ( 9474): DllImport attempting to load: '/system/lib/libsqlite.so'.
D/Mono    ( 9474): DllImport loaded library '/system/lib/libsqlite.so'.
D/Mono    ( 9474): DllImport searching in: '/system/lib/libsqlite.so' ('/system/lib/libsqlite.so').
D/Mono    ( 9474): Searching for 'sqlite3_open_v2'.
D/Mono    ( 9474): Probing 'sqlite3_open_v2'.
D/Mono    ( 9474): Found as 'sqlite3_open_v2'.
D/Mono    ( 9474): DllImport searching in: '/system/lib/libsqlite.so' ('/system/lib/libsqlite.so').
D/Mono    ( 9474): Searching for 'sqlite3_busy_timeout'.
D/Mono    ( 9474): Probing 'sqlite3_busy_timeout'.
D/Mono    ( 9474): Found as 'sqlite3_busy_timeout'.
D/Mono    ( 9474): Unloading image System.Threading.Tasks.dll [0xd8205200].
D/Mono    ( 9474): Image addref System.Threading.Tasks[0xd89fae00] -> System.Threading.Tasks.dll[0xd9f6bd00]: 8
D/Mono    ( 9474): Config attempting to parse: 'System.Threading.Tasks.dll.config'.
D/Mono    ( 9474): Config attempting to parse: '/Users/builder/data/lanes/4009/3a62f1ea/source/monodroid/builds/install/mono-armv6/etc/mono/assemblies/System.Threading.Tasks/System.Threading.Tasks.config'.
D/Mono    ( 9474): Assembly Ref addref Akavache.Sqlite3[0xef329200] -> System.Threading.Tasks[0xd89fb940]: 6
I/art     ( 9474): Starting a blocking GC Explicit
D/Mono    ( 9474): Unloading image System.Linq.dll [0xd8205200].
D/Mono    ( 9474): Image addref System.Linq[0xd89fae00] -> System.Linq.dll[0xdc050900]: 7
D/Mono    ( 9474): Config attempting to parse: 'System.Linq.dll.config'.
D/Mono    ( 9474): Config attempting to parse: '/Users/builder/data/lanes/4009/3a62f1ea/source/monodroid/builds/install/mono-armv6/etc/mono/assemblies/System.Linq/System.Linq.config'.
D/Mono    ( 9474): Assembly Ref addref Akavache.Sqlite3[0xef329200] -> System.Linq[0xef32a400]: 5
D/Mono    ( 9474): DllImport searching in: '/system/lib/libsqlite.so' ('/system/lib/libsqlite.so').
D/Mono    ( 9474): Searching for 'sqlite3_prepare_v2'.
D/Mono    ( 9474): Probing 'sqlite3_prepare_v2'.
D/Mono    ( 9474): Found as 'sqlite3_prepare_v2'.
D/Mono    ( 9474): DllImport searching in: '/system/lib/libsqlite.so' ('/system/lib/libsqlite.so').
D/Mono    ( 9474): Searching for 'sqlite3_step'.
D/Mono    ( 9474): Probing 'sqlite3_step'.
D/Mono    ( 9474): Found as 'sqlite3_step'.
D/Mono    ( 9474): DllImport searching in: '/system/lib/libsqlite.so' ('/system/lib/libsqlite.so').
D/Mono    ( 9474): Searching for 'sqlite3_column_type'.
D/Mono    ( 9474): Probing 'sqlite3_column_type'.
D/Mono    ( 9474): Found as 'sqlite3_column_type'.
D/Mono    ( 9474): Unloading image System.Reflection.dll [0xd8202f00].
D/Mono    ( 9474): Image addref System.Reflection[0xd89fae00] -> System.Reflection.dll[0xea38de00]: 8
D/Mono    ( 9474): Config attempting to parse: 'System.Reflection.dll.config'.
D/Mono    ( 9474): Config attempting to parse: '/Users/builder/data/lanes/4009/3a62f1ea/source/monodroid/builds/install/mono-armv6/etc/mono/assemblies/System.Reflection/System.Reflection.config'.
D/Mono    ( 9474): Assembly Ref addref Akavache.Sqlite3[0xef329200] -> System.Reflection[0xef32a100]: 6
D/Mono    ( 9474): DllImport searching in: '/system/lib/libsqlite.so' ('/system/lib/libsqlite.so').
D/Mono    ( 9474): Searching for 'sqlite3_column_int'.
D/Mono    ( 9474): Probing 'sqlite3_column_int'.
D/Mono    ( 9474): Found as 'sqlite3_column_int'.
D/Mono    ( 9474): DllImport searching in: '/system/lib/libsqlite.so' ('/system/lib/libsqlite.so').
D/Mono    ( 9474): Searching for 'sqlite3_finalize'.
D/Mono    ( 9474): Probing 'sqlite3_finalize'.
D/Mono    ( 9474): Found as 'sqlite3_finalize'.
I/art     ( 9474): Explicit concurrent mark sweep GC freed 149191(7MB) AllocSpace objects, 39(920KB) LOS objects, 40% free, 21MB/36MB, paused 354us total 38.437ms
D/Mono    ( 9474): DllImport searching in: '/system/lib/libsqlite.so' ('/system/lib/libsqlite.so').
D/Mono    ( 9474): Searching for 'sqlite3_changes'.
D/Mono    ( 9474): Probing 'sqlite3_changes'.
D/Mono    ( 9474): Found as 'sqlite3_changes'.
I/art     ( 9474): Starting a blocking GC Explicit
D/Mono    ( 9474): Assembly Ref addref Akavache.Sqlite3[0xef329200] -> System.Reflection.Extensions[0xef32a6a0]: 4
I/art     ( 9474): Explicit concurrent mark sweep GC freed 1720(145KB) AllocSpace objects, 0(0B) LOS objects, 40% free, 21MB/35MB, paused 334us total 11.549ms
I/art     ( 9474): Starting a blocking GC Explicit
I/art     ( 9474): Explicit concurrent mark sweep GC freed 3(96B) AllocSpace objects, 0(0B) LOS objects, 40% free, 21MB/35MB, paused 288us total 11.130ms
I/art     ( 9474): Starting a blocking GC Explicit
D/Mono    ( 9474): DllImport searching in: '/system/lib/libsqlite.so' ('/system/lib/libsqlite.so').
D/Mono    ( 9474): Searching for 'sqlite3_column_count'.
D/Mono    ( 9474): Probing 'sqlite3_column_count'.
D/Mono    ( 9474): Found as 'sqlite3_column_count'.
D/Mono    ( 9474): DllImport searching in: '/system/lib/libsqlite.so' ('/system/lib/libsqlite.so').
D/Mono    ( 9474): Searching for 'sqlite3_column_name'.
D/Mono    ( 9474): Probing 'sqlite3_column_name'.
D/Mono    ( 9474): Found as 'sqlite3_column_name'.
D/Mono    ( 9474): DllImport searching in: '/system/lib/libsqlite.so' ('/system/lib/libsqlite.so').
D/Mono    ( 9474): Searching for 'sqlite3_column_text'.
D/Mono    ( 9474): Probing 'sqlite3_column_text'.
D/Mono    ( 9474): Found as 'sqlite3_column_text'.
I/art     ( 9474): Explicit concurrent mark sweep GC freed 3(96B) AllocSpace objects, 0(0B) LOS objects, 40% free, 21MB/35MB, paused 298us total 11.394ms
E/SQLiteLog( 9474): (1) no such table: SchemaInfo
D/Mono    ( 9474): DllImport searching in: '/system/lib/libsqlite.so' ('/system/lib/libsqlite.so').
D/Mono    ( 9474): Searching for 'sqlite3_errmsg'.
D/Mono    ( 9474): Probing 'sqlite3_errmsg'.
D/Mono    ( 9474): Found as 'sqlite3_errmsg'.
I/art     ( 9474): Starting a blocking GC Explicit
I/art     ( 9474): Explicit concurrent mark sweep GC freed 3(96B) AllocSpace objects, 0(0B) LOS objects, 40% free, 21MB/35MB, paused 300us total 11.295ms
D/Mono    ( 9474): DllImport searching in: '/system/lib/libsqlite.so' ('/system/lib/libsqlite.so').
D/Mono    ( 9474): Searching for 'sqlite3_bind_int'.
D/Mono    ( 9474): Probing 'sqlite3_bind_int'.
D/Mono    ( 9474): Found as 'sqlite3_bind_int'.
D/Mono    ( 9474): DllImport searching in: '/system/lib/libsqlite.so' ('/system/lib/libsqlite.so').
D/Mono    ( 9474): Searching for 'sqlite3_reset'.
D/Mono    ( 9474): Probing 'sqlite3_reset'.
D/Mono    ( 9474): Found as 'sqlite3_reset'.
D/Mono    ( 9474): Unloading image System.Threading.dll [0xd83eb500].
D/Mono    ( 9474): Image addref System.Threading[0xd86d9c60] -> System.Threading.dll[0xea38e300]: 9
D/Mono    ( 9474): Config attempting to parse: 'System.Threading.dll.config'.
D/Mono    ( 9474): Config attempting to parse: '/Users/builder/data/lanes/4009/3a62f1ea/source/monodroid/builds/install/mono-armv6/etc/mono/assemblies/System.Threading/System.Threading.config'.
D/Mono    ( 9474): Assembly Ref addref Akavache.Sqlite3[0xef329200] -> System.Threading[0xef32a160]: 7
D/Mono    ( 9474): DllImport searching in: '/system/lib/libsqlite.so' ('/system/lib/libsqlite.so').
D/Mono    ( 9474): Searching for 'sqlite3_bind_text'.
D/Mono    ( 9474): Probing 'sqlite3_bind_text'.
D/Mono    ( 9474): Found as 'sqlite3_bind_text'.
D/Mono    ( 9474): Unloading image Newtonsoft.Json.dll [0xd8202500].
D/Mono    ( 9474): Image addref Newtonsoft.Json[0xd86db640] -> Newtonsoft.Json.dll[0xea388900]: 5
D/Mono    ( 9474): Config attempting to parse: 'Newtonsoft.Json.dll.config'.
D/Mono    ( 9474): Config attempting to parse: '/Users/builder/data/lanes/4009/3a62f1ea/source/monodroid/builds/install/mono-armv6/etc/mono/assemblies/Newtonsoft.Json/Newtonsoft.Json.config'.
D/Mono    ( 9474): Assembly Ref addref Akavache.Sqlite3[0xef329200] -> Newtonsoft.Json[0xef329b60]: 3
D/Mono    ( 9474): Image addref System.IO[0xd86db640] -> System.IO.dll[0xd8202500]: 2
D/Mono    ( 9474): Prepared to set up assembly 'System.IO' (System.IO.dll)
D/Mono    ( 9474): Assembly System.IO[0xd86db640] added to domain RootDomain, ref_count=1
D/Mono    ( 9474): AOT module 'System.IO.dll.so' not found: dlopen failed: library "/data/app/com.careerbuilder.SugarDrone-1/lib/arm/libaot-System.IO.dll.so" not found
D/Mono    ( 9474): AOT module '/Users/builder/data/lanes/4009/3a62f1ea/source/monodroid/builds/install/mono-armv6/lib/mono/aot-cache/arm/System.IO.dll.so' not found: dlopen failed: library "/data/app/com.careerbuilder.SugarDrone-1/lib/arm/libaot-System.IO.dll.so" not found
D/Mono    ( 9474): Config attempting to parse: 'System.IO.dll.config'.
D/Mono    ( 9474): Config attempting to parse: '/Users/builder/data/lanes/4009/3a62f1ea/source/monodroid/builds/install/mono-armv6/etc/mono/assemblies/System.IO/System.IO.config'.
D/Mono    ( 9474): Assembly Ref addref Akavache.Sqlite3[0xef329200] -> System.IO[0xd86db640]: 2
D/Mono    ( 9474): Assembly Ref addref System.IO[0xd86db640] -> mscorlib[0xef329020]: 43
D/Mono    ( 9474): Image addref System.Runtime.Serialization.Primitives[0xd86db5e0] -> System.Runtime.Serialization.Primitives.dll[0xd8202000]: 2
D/Mono    ( 9474): Prepared to set up assembly 'System.Runtime.Serialization.Primitives' (System.Runtime.Serialization.Primitives.dll)
D/Mono    ( 9474): Assembly System.Runtime.Serialization.Primitives[0xd86db5e0] added to domain RootDomain, ref_count=1
D/Mono    ( 9474): AOT module 'System.Runtime.Serialization.Primitives.dll.so' not found: dlopen failed: library "/data/app/com.careerbuilder.SugarDrone-1/lib/arm/libaot-System.Runtime.Serialization.Primitives.dll.so" not found
D/Mono    ( 9474): AOT module '/Users/builder/data/lanes/4009/3a62f1ea/source/monodroid/builds/install/mono-armv6/lib/mono/aot-cache/arm/System.Runtime.Serialization.Primitives.dll.so' not found: dlopen failed: library "/data/app/com.careerbuilder.SugarDrone-1/lib/arm/libaot-System.Runtime.Serialization.Primitives.dll.so" not found
D/Mono    ( 9474): Config attempting to parse: 'System.Runtime.Serialization.Primitives.dll.config'.
D/Mono    ( 9474): Config attempting to parse: '/Users/builder/data/lanes/4009/3a62f1ea/source/monodroid/builds/install/mono-armv6/etc/mono/assemblies/System.Runtime.Serialization.Primitives/System.Runtime.Serialization.Primitives.config'.
D/Mono    ( 9474): Assembly Ref addref Newtonsoft.Json[0xef329b60] -> System.Runtime.Serialization.Primitives[0xd86db5e0]: 2
D/Mono    ( 9474): Assembly Ref addref System.Runtime.Serialization.Primitives[0xd86db5e0] -> mscorlib[0xef329020]: 44
D/Mono    ( 9474): Unloading image System.Globalization.dll [0xda887e00].
D/Mono    ( 9474): Image addref System.Globalization[0xd86db580] -> System.Globalization.dll[0xd9fa0500]: 7
D/Mono    ( 9474): Config attempting to parse: 'System.Globalization.dll.config'.
D/Mono    ( 9474): Config attempting to parse: '/Users/builder/data/lanes/4009/3a62f1ea/source/monodroid/builds/install/mono-armv6/etc/mono/assemblies/System.Globalization/System.Globalization.config'.
D/Mono    ( 9474): Assembly Ref addref Newtonsoft.Json[0xef329b60] -> System.Globalization[0xda8f0360]: 5
D/Mono    ( 9474): Unloading image System.Collections.dll [0xda887e00].
D/Mono    ( 9474): Image addref System.Collections[0xd86db580] -> System.Collections.dll[0xea38f700]: 9
D/Mono    ( 9474): Config attempting to parse: 'System.Collections.dll.config'.
D/Mono    ( 9474): Config attempting to parse: '/Users/builder/data/lanes/4009/3a62f1ea/source/monodroid/builds/install/mono-armv6/etc/mono/assemblies/System.Collections/System.Collections.config'.
D/Mono    ( 9474): Assembly Ref addref Newtonsoft.Json[0xef329b60] -> System.Collections[0xef32a2e0]: 7
D/Mono    ( 9474): Unloading image System.IO.dll [0xda887e00].
D/Mono    ( 9474): Image addref System.IO[0xd86db580] -> System.IO.dll[0xd8202500]: 5
D/Mono    ( 9474): Config attempting to parse: 'System.IO.dll.config'.
D/Mono    ( 9474): Config attempting to parse: '/Users/builder/data/lanes/4009/3a62f1ea/source/monodroid/builds/install/mono-armv6/etc/mono/assemblies/System.IO/System.IO.config'.
D/Mono    ( 9474): Assembly Ref addref Newtonsoft.Json[0xef329b60] -> System.IO[0xd86db640]: 3
D/Mono    ( 9474): Unloading image System.Runtime.Extensions.dll [0xda887e00].
D/Mono    ( 9474): Image addref System.Runtime.Extensions[0xd86db580] -> System.Runtime.Extensions.dll[0xd9fa3c00]: 7
D/Mono    ( 9474): Config attempting to parse: 'System.Runtime.Extensions.dll.config'.
D/Mono    ( 9474): Config attempting to parse: '/Users/builder/data/lanes/4009/3a62f1ea/source/monodroid/builds/install/mono-armv6/etc/mono/assemblies/System.Runtime.Extensions/System.Runtime.Extensions.config'.
D/Mono    ( 9474): Assembly Ref addref Newtonsoft.Json[0xef329b60] -> System.Runtime.Extensions[0xda8f0720]: 5
D/Mono    ( 9474): Image addref System.Text.Encoding[0xd86db580] -> System.Text.Encoding.dll[0xda887e00]: 2
D/Mono    ( 9474): Prepared to set up assembly 'System.Text.Encoding' (System.Text.Encoding.dll)
D/Mono    ( 9474): Assembly System.Text.Encoding[0xd86db580] added to domain RootDomain, ref_count=1
D/Mono    ( 9474): AOT module 'System.Text.Encoding.dll.so' not found: dlopen failed: library "/data/app/com.careerbuilder.SugarDrone-1/lib/arm/libaot-System.Text.Encoding.dll.so" not found
D/Mono    ( 9474): AOT module '/Users/builder/data/lanes/4009/3a62f1ea/source/monodroid/builds/install/mono-armv6/lib/mono/aot-cache/arm/System.Text.Encoding.dll.so' not found: dlopen failed: library "/data/app/com.careerbuilder.SugarDrone-1/lib/arm/libaot-System.Text.Encoding.dll.so" not found
D/Mono    ( 9474): Config attempting to parse: 'System.Text.Encoding.dll.config'.
D/Mono    ( 9474): Config attempting to parse: '/Users/builder/data/lanes/4009/3a62f1ea/source/monodroid/builds/install/mono-armv6/etc/mono/assemblies/System.Text.Encoding/System.Text.Encoding.config'.
D/Mono    ( 9474): Assembly Ref addref Newtonsoft.Json[0xef329b60] -> System.Text.Encoding[0xd86db580]: 2
D/Mono    ( 9474): Assembly Ref addref System.Text.Encoding[0xd86db580] -> mscorlib[0xef329020]: 45
D/Mono    ( 9474): Unloading image System.Linq.dll [0xd7694100].
D/Mono    ( 9474): Image addref System.Linq[0xd89f9540] -> System.Linq.dll[0xdc050900]: 8
D/Mono    ( 9474): Config attempting to parse: 'System.Linq.dll.config'.
D/Mono    ( 9474): Config attempting to parse: '/Users/builder/data/lanes/4009/3a62f1ea/source/monodroid/builds/install/mono-armv6/etc/mono/assemblies/System.Linq/System.Linq.config'.
D/Mono    ( 9474): Assembly Ref addref Newtonsoft.Json[0xef329b60] -> System.Linq[0xef32a400]: 6
D/Mono    ( 9474): Unloading image System.Reflection.dll [0xd7694100].
D/Mono    ( 9474): Image addref System.Reflection[0xd86db280] -> System.Reflection.dll[0xea38de00]: 9
D/Mono    ( 9474): Config attempting to parse: 'System.Reflection.dll.config'.
D/Mono    ( 9474): Config attempting to parse: '/Users/builder/data/lanes/4009/3a62f1ea/source/monodroid/builds/install/mono-armv6/etc/mono/assemblies/System.Reflection/System.Reflection.config'.
D/Mono    ( 9474): Assembly Ref addref Newtonsoft.Json[0xef329b60] -> System.Reflection[0xef32a100]: 7
D/Mono    ( 9474): Image addref System.Runtime.Serialization[0xd86db280] -> System.Runtime.Serialization.dll[0xd7694100]: 2
D/Mono    ( 9474): Prepared to set up assembly 'System.Runtime.Serialization' (System.Runtime.Serialization.dll)
D/Mono    ( 9474): Assembly System.Runtime.Serialization[0xd86db280] added to domain RootDomain, ref_count=1
D/Mono    ( 9474): AOT module 'System.Runtime.Serialization.dll.so' not found: dlopen failed: library "/data/app/com.careerbuilder.SugarDrone-1/lib/arm/libaot-System.Runtime.Serialization.dll.so" not found
D/Mono    ( 9474): AOT module '/Users/builder/data/lanes/4009/3a62f1ea/source/monodroid/builds/install/mono-armv6/lib/mono/aot-cache/arm/System.Runtime.Serialization.dll.so' not found: dlopen failed: library "/data/app/com.careerbuilder.SugarDrone-1/lib/arm/libaot-System.Runtime.Serialization.dll.so" not found
D/Mono    ( 9474): Config attempting to parse: 'System.Runtime.Serialization.dll.config'.
D/Mono    ( 9474): Config attempting to parse: '/Users/builder/data/lanes/4009/3a62f1ea/source/monodroid/builds/install/mono-armv6/etc/mono/assemblies/System.Runtime.Serialization/System.Runtime.Serialization.config'.
D/Mono    ( 9474): Assembly Ref addref System.Runtime.Serialization.Primitives[0xd86db5e0] -> System.Runtime.Serialization[0xd86db280]: 2
D/Mono    ( 9474): Assembly Ref addref System.Runtime.Serialization[0xd86db280] -> mscorlib[0xef329020]: 46
D/Mono    ( 9474): Image addref System.Text.Encoding.Extensions[0xd89f9540] -> System.Text.Encoding.Extensions.dll[0xd7694600]: 2
D/Mono    ( 9474): Prepared to set up assembly 'System.Text.Encoding.Extensions' (System.Text.Encoding.Extensions.dll)
D/Mono    ( 9474): Assembly System.Text.Encoding.Extensions[0xd89f9540] added to domain RootDomain, ref_count=1
D/Mono    ( 9474): AOT module 'System.Text.Encoding.Extensions.dll.so' not found: dlopen failed: library "/data/app/com.careerbuilder.SugarDrone-1/lib/arm/libaot-System.Text.Encoding.Extensions.dll.so" not found
D/Mono    ( 9474): AOT module '/Users/builder/data/lanes/4009/3a62f1ea/source/monodroid/builds/install/mono-armv6/lib/mono/aot-cache/arm/System.Text.Encoding.Extensions.dll.so' not found: dlopen failed: library "/data/app/com.careerbuilder.SugarDrone-1/lib/arm/libaot-System.Text.Encoding.Extensions.dll.so" not found
D/Mono    ( 9474): Config attempting to parse: 'System.Text.Encoding.Extensions.dll.config'.
D/Mono    ( 9474): Config attempting to parse: '/Users/builder/data/lanes/4009/3a62f1ea/source/monodroid/builds/install/mono-armv6/etc/mono/assemblies/System.Text.Encoding.Extensions/System.Text.Encoding.Extensions.config'.
D/Mono    ( 9474): Assembly Ref addref Newtonsoft.Json[0xef329b60] -> System.Text.Encoding.Extensions[0xd89f9540]: 2
D/Mono    ( 9474): Assembly Ref addref System.Text.Encoding.Extensions[0xd89f9540] -> mscorlib[0xef329020]: 47
D/Mono    ( 9474): Unloading image System.Threading.dll [0xd7694b00].
D/Mono    ( 9474): Image addref System.Threading[0xd86db3a0] -> System.Threading.dll[0xea38e300]: 10
D/Mono    ( 9474): Config attempting to parse: 'System.Threading.dll.config'.
D/Mono    ( 9474): Config attempting to parse: '/Users/builder/data/lanes/4009/3a62f1ea/source/monodroid/builds/install/mono-armv6/etc/mono/assemblies/System.Threading/System.Threading.config'.
D/Mono    ( 9474): Assembly Ref addref Newtonsoft.Json[0xef329b60] -> System.Threading[0xef32a160]: 8
D/Mono    ( 9474): Assembly Ref addref Newtonsoft.Json[0xef329b60] -> System.Reflection.Extensions[0xef32a6a0]: 5
D/Mono    ( 9474): Assembly Ref addref System.ObjectModel[0xd86d9060] -> mscorlib[0xef329020]: 48
D/Mono    ( 9474): Image addref System.Xml.XDocument[0xd86db700] -> System.Xml.XDocument.dll[0xda88a600]: 2
D/Mono    ( 9474): Prepared to set up assembly 'System.Xml.XDocument' (System.Xml.XDocument.dll)
D/Mono    ( 9474): Assembly System.Xml.XDocument[0xd86db700] added to domain RootDomain, ref_count=1
D/Mono    ( 9474): AOT module 'System.Xml.XDocument.dll.so' not found: dlopen failed: library "/data/app/com.careerbuilder.SugarDrone-1/lib/arm/libaot-System.Xml.XDocument.dll.so" not found
D/Mono    ( 9474): AOT module '/Users/builder/data/lanes/4009/3a62f1ea/source/monodroid/builds/install/mono-armv6/lib/mono/aot-cache/arm/System.Xml.XDocument.dll.so' not found: dlopen failed: library "/data/app/com.careerbuilder.SugarDrone-1/lib/arm/libaot-System.Xml.XDocument.dll.so" not found
D/Mono    ( 9474): Config attempting to parse: 'System.Xml.XDocument.dll.config'.
D/Mono    ( 9474): Config attempting to parse: '/Users/builder/data/lanes/4009/3a62f1ea/source/monodroid/builds/install/mono-armv6/etc/mono/assemblies/System.Xml.XDocument/System.Xml.XDocument.config'.
D/Mono    ( 9474): Assembly Ref addref Newtonsoft.Json[0xef329b60] -> System.Xml.XDocument[0xd86db700]: 2
D/Mono    ( 9474): Image addref System.Xml.Linq[0xd86db6a0] -> System.Xml.Linq.dll[0xd72f8000]: 2
D/Mono    ( 9474): Prepared to set up assembly 'System.Xml.Linq' (System.Xml.Linq.dll)
D/Mono    ( 9474): Assembly System.Xml.Linq[0xd86db6a0] added to domain RootDomain, ref_count=1
D/Mono    ( 9474): AOT module 'System.Xml.Linq.dll.so' not found: dlopen failed: library "/data/app/com.careerbuilder.SugarDrone-1/lib/arm/libaot-System.Xml.Linq.dll.so" not found
D/Mono    ( 9474): AOT module '/Users/builder/data/lanes/4009/3a62f1ea/source/monodroid/builds/install/mono-armv6/lib/mono/aot-cache/arm/System.Xml.Linq.dll.so' not found: dlopen failed: library "/data/app/com.careerbuilder.SugarDrone-1/lib/arm/libaot-System.Xml.Linq.dll.so" not found
D/Mono    ( 9474): Config attempting to parse: 'System.Xml.Linq.dll.config'.
D/Mono    ( 9474): Config attempting to parse: '/Users/builder/data/lanes/4009/3a62f1ea/source/monodroid/builds/install/mono-armv6/etc/mono/assemblies/System.Xml.Linq/System.Xml.Linq.config'.
D/Mono    ( 9474): Assembly Ref addref System.Xml.XDocument[0xd86db700] -> System.Xml.Linq[0xd86db6a0]: 2
D/Mono    ( 9474): Assembly Ref addref System.Xml.Linq[0xd86db6a0] -> mscorlib[0xef329020]: 49
D/Mono    ( 9474): Assembly Ref addref System.Xml.Linq[0xd86db6a0] -> System.Xml[0xef32a820]: 4
D/Mono    ( 9474): Image addref System.Text.RegularExpressions[0xd86db7c0] -> System.Text.RegularExpressions.dll[0xd72f8500]: 2
D/Mono    ( 9474): Prepared to set up assembly 'System.Text.RegularExpressions' (System.Text.RegularExpressions.dll)
D/Mono    ( 9474): Assembly System.Text.RegularExpressions[0xd86db7c0] added to domain RootDomain, ref_count=1
D/Mono    ( 9474): AOT module 'System.Text.RegularExpressions.dll.so' not found: dlopen failed: library "/data/app/com.careerbuilder.SugarDrone-1/lib/arm/libaot-System.Text.RegularExpressions.dll.so" not found
D/Mono    ( 9474): AOT module '/Users/builder/data/lanes/4009/3a62f1ea/source/monodroid/builds/install/mono-armv6/lib/mono/aot-cache/arm/System.Text.RegularExpressions.dll.so' not found: dlopen failed: library "/data/app/com.careerbuilder.SugarDrone-1/lib/arm/libaot-System.Text.RegularExpressions.dll.so" not found
D/Mono    ( 9474): Config attempting to parse: 'System.Text.RegularExpressions.dll.config'.
D/Mono    ( 9474): Config attempting to parse: '/Users/builder/data/lanes/4009/3a62f1ea/source/monodroid/builds/install/mono-armv6/etc/mono/assemblies/System.Text.RegularExpressions/System.Text.RegularExpressions.config'.
D/Mono    ( 9474): Assembly Ref addref Newtonsoft.Json[0xef329b60] -> System.Text.RegularExpressions[0xd86db7c0]: 2
D/Mono    ( 9474): Assembly Ref addref System.Text.RegularExpressions[0xd86db7c0] -> System[0xef32a220]: 11
D/Mono    ( 9474): Unloading image System.Linq.Expressions.dll [0xd72f8a00].
D/Mono    ( 9474): Image addref System.Linq.Expressions[0xd86db760] -> System.Linq.Expressions.dll[0xd9fa3200]: 5
D/Mono    ( 9474): Config attempting to parse: 'System.Linq.Expressions.dll.config'.
D/Mono    ( 9474): Config attempting to parse: '/Users/builder/data/lanes/4009/3a62f1ea/source/monodroid/builds/install/mono-armv6/etc/mono/assemblies/System.Linq.Expressions/System.Linq.Expressions.config'.
D/Mono    ( 9474): Assembly Ref addref Newtonsoft.Json[0xef329b60] -> System.Linq.Expressions[0xda8f0900]: 3
D/Mono    ( 9474): DllImport searching in: '/system/lib/libsqlite.so' ('/system/lib/libsqlite.so').
D/Mono    ( 9474): Searching for 'sqlite3_bind_blob'.
D/Mono    ( 9474): Probing 'sqlite3_bind_blob'.
D/Mono    ( 9474): Found as 'sqlite3_bind_blob'.
D/Mono    ( 9474): DllImport searching in: '/system/lib/libsqlite.so' ('/system/lib/libsqlite.so').
D/Mono    ( 9474): Searching for 'sqlite3_bind_int64'.
D/Mono    ( 9474): Probing 'sqlite3_bind_int64'.
D/Mono    ( 9474): Found as 'sqlite3_bind_int64'.
D/Mono    ( 9474): DllImport searching in: '__Internal' ('(null)').
D/Mono    ( 9474): Searching for 'java_interop_jnienv_call_nonvirtual_boolean_method_a'.
D/Mono    ( 9474): Probing 'java_interop_jnienv_call_nonvirtual_boolean_method_a'.
D/Mono    ( 9474): Found as 'java_interop_jnienv_call_nonvirtual_boolean_method_a'.
I/calabash( 9474): execStartActivity 4
I/ActivityManager(  927): START u0 {cmp=com.careerbuilder.SugarDrone/md5a4824aa66c0dc4d104077b72c1916a44.TermsAndConditionsActivity} from uid 16070 on display 0
W/ResourceType( 9474): No known package when getting name for resource number 0xffffffff
W/ResourceType( 9474): No known package when getting name for resource number 0xffffffff
W/ResourceType( 9474): No known package when getting name for resource number 0xffffffff
I/calabash( 9474): newActivity1
I/ActivityManager(  927): Displayed com.careerbuilder.SugarDrone/md5a4824aa66c0dc4d104077b72c1916a44.TermsAndConditionsActivity: +354ms
I/Keyboard.Facilitator( 3409): onFinishInput()
I/System.out( 9474): URI: /map
I/System.out( 9474): params: {json={"query":"* id:'agreeAndContinueButton'","operation":{"method_name":"query","arguments":[]}}
I/System.out( 9474): }
W/ResourceType( 9474): No known package when getting name for resource number 0xffffffff
W/ResourceType( 9474): No known package when getting name for resource number 0xffffffff
W/ResourceType( 9474): No known package when getting name for resource number 0xffffffff
W/ResourceType( 9474): No known package when getting name for resource number 0xffffffff
W/ResourceType( 9474): No known package when getting name for resource number 0xffffffff
W/ResourceType( 9474): No known package when getting name for resource number 0xffffffff
W/ResourceType( 9474): No known package when getting name for resource number 0xffffffff
W/ResourceType( 9474): No known package when getting name for resource number 0xffffffff
W/ResourceType( 9474): No known package when getting name for resource number 0xffffffff
W/ResourceType( 9474): No known package when getting name for resource number 0xffffffff
I/System.out( 9474): URI: /map
I/System.out( 9474): params: {json={"query":"* id:'agreeAndContinueButton'","operation":{"method_name":"query","arguments":[]}}
I/System.out( 9474): }
W/ResourceType( 9474): No known package when getting name for resource number 0xffffffff
W/ResourceType( 9474): No known package when getting name for resource number 0xffffffff
W/ResourceType( 9474): No known package when getting name for resource number 0xffffffff
W/ResourceType( 9474): No known package when getting name for resource number 0xffffffff
W/ResourceType( 9474): No known package when getting name for resource number 0xffffffff
W/ResourceType( 9474): No known package when getting name for resource number 0xffffffff
W/ResourceType( 9474): No known package when getting name for resource number 0xffffffff
I/System.out( 9474): URI: /map
I/System.out( 9474): params: {json={"query":"* id:'agreeAndContinueButton'","operation":{"method_name":"query","arguments":[]}}
I/System.out( 9474): }
W/ResourceType( 9474): No known package when getting name for resource number 0xffffffff
W/ResourceType( 9474): No known package when getting name for resource number 0xffffffff
W/ResourceType( 9474): No known package when getting name for resource number 0xffffffff
W/ResourceType( 9474): No known package when getting name for resource number 0xffffffff
W/ResourceType( 9474): No known package when getting name for resource number 0xffffffff
W/ResourceType( 9474): No known package when getting name for resource number 0xffffffff
W/ResourceType( 9474): No known package when getting name for resource number 0xffffffff
I/System.out( 9474): URI: /map
I/System.out( 9474): params: {json={"query":"* id:'agreeAndContinueButton'","operation":{"method_name":"query","arguments":[]}}
I/System.out( 9474): }
W/ResourceType( 9474): No known package when getting name for resource number 0xffffffff
W/ResourceType( 9474): No known package when getting name for resource number 0xffffffff
W/ResourceType( 9474): No known package when getting name for resource number 0xffffffff
W/ResourceType( 9474): No known package when getting name for resource number 0xffffffff
W/ResourceType( 9474): No known package when getting name for resource number 0xffffffff
W/ResourceType( 9474): No known package when getting name for resource number 0xffffffff
W/ResourceType( 9474): No known package when getting name for resource number 0xffffffff
I/System.out( 9474): URI: /map
I/System.out( 9474): params: {json={"query":"* id:'agreeAndContinueButton'","operation":{"method_name":"query","arguments":[]}}
I/System.out( 9474): }
W/ResourceType( 9474): No known package when getting name for resource number 0xffffffff
W/ResourceType( 9474): No known package when getting name for resource number 0xffffffff
W/ResourceType( 9474): No known package when getting name for resource number 0xffffffff
W/ResourceType( 9474): No known package when getting name for resource number 0xffffffff
W/ResourceType( 9474): No known package when getting name for resource number 0xffffffff
W/ResourceType( 9474): No known package when getting name for resource number 0xffffffff
W/ResourceType( 9474): No known package when getting name for resource number 0xffffffff
I/System.out( 9474): URI: /map
I/System.out( 9474): params: {json={"query":"* id:'agreeAndContinueButton'","operation":{"method_name":"query","arguments":[]}}
I/System.out( 9474): }
W/ResourceType( 9474): No known package when getting name for resource number 0xffffffff
W/ResourceType( 9474): No known package when getting name for resource number 0xffffffff
W/ResourceType( 9474): No known package when getting name for resource number 0xffffffff
W/ResourceType( 9474): No known package when getting name for resource number 0xffffffff
W/ResourceType( 9474): No known package when getting name for resource number 0xffffffff
W/ResourceType( 9474): No known package when getting name for resource number 0xffffffff
W/ResourceType( 9474): No known package when getting name for resource number 0xffffffff
I/System.out( 9474): URI: /map
I/System.out( 9474): params: {json={"query":"* id:'agreeAndContinueButton'","operation":{"method_name":"query","arguments":[]}}
I/System.out( 9474): }
W/ResourceType( 9474): No known package when getting name for resource number 0xffffffff
W/ResourceType( 9474): No known package when getting name for resource number 0xffffffff
W/ResourceType( 9474): No known package when getting name for resource number 0xffffffff
W/ResourceType( 9474): No known package when getting name for resource number 0xffffffff
W/ResourceType( 9474): No known package when getting name for resource number 0xffffffff
W/ResourceType( 9474): No known package when getting name for resource number 0xffffffff
W/ResourceType( 9474): No known package when getting name for resource number 0xffffffff
I/System.out( 9474): URI: /
I/System.out( 9474): params: {json={"command":"touch_coordinate","arguments":[720.0,2273.0]}
I/System.out( 9474): }
I/System.out( 9474): header: {content-length=57, host=devicehost151.prod, x-session-token=token-token-b33104f8-457d-4ecb-9f5a-d223746dba8c, x-forwarded-for=10.222.150.24, content-type=application/json; charset=utf-8, connection=close}
I/System.out( 9474): params: {json={"command":"touch_coordinate","arguments":[720.0,2273.0]}
I/System.out( 9474): }
I/System.out( 9474): ProP json = {"command":"touch_coordinate","arguments":[720.0,2273.0]}
I/System.out( 9474): files: {}
I/System.out( 9474): command: {"command":"touch_coordinate","arguments":[720.0,2273.0]}
I/InstrumentationBackend( 9474): Got command:'Command:'Line:null,touch_coordinate', arguments:'[720.0, 2273.0]'
I/calabash( 9474): execStartActivity 4
I/ActivityManager(  927): START u0 {cmp=com.careerbuilder.SugarDrone/md537fd6201b6818e2e180d2f7606e21a83.ValuePropActivity} from uid 16070 on display 0
D/audio_hw_primary(  513): out_set_parameters: enter: usecase(1: low-latency-playback) kvpairs: routing=2
I/calabash( 9474): newActivity1
D/audio_hw_primary(  513): select_devices: out_snd_device(2: speaker) in_snd_device(0: none)
D/msm8974_platform(  513): platform_send_audio_calibration: sending audio calibration for snd_device(2) acdb_id(15)
I/soundtrigger(  513): audio_extn_sound_trigger_update_device_status: device 0x2 of type 0 for Event 1
D/Mono    ( 9474): Assembly Ref addref CareerBuilder_Search.Droid[0xef329080] -> System.Core[0xef32a580]: 13
D/audio_hw_primary(  513): enable_snd_device: snd_device(2: speaker)
D/audio_hw_primary(  513): enable_audio_route: apply and update mixer path: low-latency-playback speaker
D/Mono    ( 9474): DllImport searching in: '__Internal' ('(null)').
D/Mono    ( 9474): Searching for 'java_interop_jnienv_call_nonvirtual_object_method'.
D/Mono    ( 9474): Probing 'java_interop_jnienv_call_nonvirtual_object_method'.
D/Mono    ( 9474): Found as 'java_interop_jnienv_call_nonvirtual_object_method'.
D/Mono    ( 9474): DllImport searching in: '__Internal' ('(null)').
D/Mono    ( 9474): Searching for 'java_interop_jnienv_get_float_field'.
D/Mono    ( 9474): Probing 'java_interop_jnienv_get_float_field'.
D/Mono    ( 9474): Found as 'java_interop_jnienv_get_float_field'.
I/System.out( 9474): result:{"bonusInformation":[],"message":"","success":true}
D/Mono    ( 9474): Assembly Ref addref CareerBuilder_Search.Droid[0xef329080] -> Newtonsoft.Json[0xef329b60]: 4
I/System.out( 9474): URI: /backdoor
I/System.out( 9474): params: {json={"method_name":"APISetup","arguments":[200]}
I/System.out( 9474): }
W/FragmentManager( 9474): moveToState: Fragment state for ValuePropFragment{ba4b773 #0 id=0x7f0a0148 android:switcher:2131362120:1} not updated inline; expected state 3 found 2
D/Mono    ( 9474): [0xd901a930] worker starting
D/Mono    ( 9474): Assembly Ref addref System.Net.Http[0xef32adc0] -> System.Core[0xef32a580]: 14
D/Mono    ( 9474): DllImport searching in: '__Internal' ('(null)').
D/Mono    ( 9474): Searching for 'java_interop_jnienv_call_nonvirtual_int_method_a'.
D/Mono    ( 9474): Probing 'java_interop_jnienv_call_nonvirtual_int_method_a'.
D/Mono    ( 9474): Found as 'java_interop_jnienv_call_nonvirtual_int_method_a'.
D/Mono    ( 9474): Assembly Ref addref Mono.Android[0xef329f80] -> System[0xef32a220]: 12
D/audio_hw_primary(  513): disable_audio_route: reset and update mixer path: low-latency-playback speaker
D/audio_hw_primary(  513): disable_snd_device: snd_device(2: speaker)
D/Mono    ( 9474): DllImport searching in: '__Internal' ('(null)').
D/Mono    ( 9474): Searching for 'java_interop_jnienv_new_object_array'.
D/Mono    ( 9474): Probing 'java_interop_jnienv_new_object_array'.
D/Mono    ( 9474): Found as 'java_interop_jnienv_new_object_array'.
D/Mono    ( 9474): DllImport searching in: '__Internal' ('(null)').
D/Mono    ( 9474): Searching for 'java_interop_jnienv_set_object_array_element'.
D/Mono    ( 9474): Probing 'java_interop_jnienv_set_object_array_element'.
D/Mono    ( 9474): Found as 'java_interop_jnienv_set_object_array_element'.
