<![CDATA[I/ThermalEngine(  518): ACTION: GPU - Setting GPU[0] to 600000000

]]><xtc-scenario name="[0-1053]CareerBuilder_Search.DroidFeatureTests.MyCBNavigationTests.SavedJobsIsATab" id="[0-1053]CareerBuilder_Search.DroidFeatureTests.MyCBNavigationTests.SavedJobsIsATab"><![CDATA[
I/ThermalEngine(  518): ACTION: GPU - Setting GPU[0] to 510000000
I/ThermalEngine(  518): ACTION: GPU - Setting GPU[0] to 450000000

]]><xtc-step name="[0-1053]CareerBuilder_Search.DroidFeatureTests.MyCBNavigationTests.SavedJobsIsATab-SavedJobsIsATab" id="[0-1053]CareerBuilder_Search.DroidFeatureTests.MyCBNavigationTests.SavedJobsIsATab-SavedJobsIsATab"><![CDATA[
I/ActivityManager(  924): Killing 7488:com.android.sdm.plugins.sprintdm/1001 (adj 15): empty #17
D/AndroidRuntime( 8261): >>>>>> START com.android.internal.os.RuntimeInit uid 2000 <<<<<<
D/AndroidRuntime( 8261): CheckJNI is OFF
D/ICU     ( 8261): No timezone override file found: /data/misc/zoneinfo/current/icu/icu_tzdata.dat
I/Radio-JNI( 8261): register_android_hardware_Radio DONE
D/AndroidRuntime( 8261): Calling main entry com.android.commands.pm.Pm
I/art     ( 8261): System.exit called, status: 0
I/AndroidRuntime( 8261): VM exiting with result code 0.
W/SQLiteConnectionPool( 4407): A SQLiteConnection object for database '/data/user/0/com.google.android.gms/databases/networkstatistics.sqlite' was leaked!  Please fix your application to end transactions in progress properly and to close the database when it is no longer needed.
I/ThermalEngine(  518): ACTION: GPU - Setting GPU[0] to 390000000
I/ServiceManager(  644): Waiting for service AtCmdFwd...
I/ServiceManager(  644): Waiting for service AtCmdFwd...
I/ServiceManager(  644): Waiting for service AtCmdFwd...
I/ServiceManager(  644): Waiting for service AtCmdFwd...
I/ThermalEngine(  518): ACTION: GPU - Setting GPU[0] to 450000000
I/ServiceManager(  644): Waiting for service AtCmdFwd...
W/Atfwd_Sendcmd(  644): AtCmdFwd service not published, waiting... retryCnt : 5
D/WifiStateMachine(  924): starting scan for "xtc-ag"WPA_PSK with 5240,5180,5220,5200
D/NetlinkSocketObserver(  924): NeighborEvent{elapsedMs=202240, 10.22.0.1, [B0FAEB975089], RTM_NEWNEIGH, NUD_STALE}
I/Keyboard.Facilitator.LanguageModelFlusher( 3484): run()
I/Keyboard.Facilitator( 3484): flushDynamicLanguageModels()
I/Atfwd_Sendcmd(  644): AtCmdFwd service not ready - Exhausted retry attempts - :6
I/Atfwd_Daemon(  644): result : -1 	 ,Init step :2 	 ,qmiErrorCode: 0
I/ThermalEngine(  518): ACTION: GPU - Setting GPU[0] to 390000000
D/AndroidRuntime( 8824): >>>>>> START com.android.internal.os.RuntimeInit uid 2000 <<<<<<
D/AndroidRuntime( 8824): CheckJNI is OFF
D/ICU     ( 8824): No timezone override file found: /data/misc/zoneinfo/current/icu/icu_tzdata.dat
I/Radio-JNI( 8824): register_android_hardware_Radio DONE
D/AndroidRuntime( 8824): Calling main entry com.android.commands.am.Am
W/ActivityManager(  924): Invalid packageName: com.careerbuilder.SugarDrone
D/AndroidRuntime( 8824): Shutting down VM
W/ip      ( 8867): type=1400 audit(0.0:75): avc: denied { search } for name="net" dev="dm-2" ino=3440648 scontext=u:r:shell:s0 tcontext=u:object_r:net_data_file:s0 tclass=dir permissive=0
I/ThermalEngine(  518): ACTION: GPU - Setting GPU[0] to 450000000
I/ServiceManager(  644): Waiting for service AtCmdFwd...
I/ThermalEngine(  518): ACTION: GPU - Setting GPU[0] to 390000000
I/ServiceManager(  644): Waiting for service AtCmdFwd...
I/ServiceManager(  644): Waiting for service AtCmdFwd...
I/ServiceManager(  644): Waiting for service AtCmdFwd...
I/ServiceManager(  644): Waiting for service AtCmdFwd...
W/Atfwd_Sendcmd(  644): AtCmdFwd service not published, waiting... retryCnt : 1
I/ThermalEngine(  518): ACTION: GPU - Setting GPU[0] to 450000000
D/WifiStateMachine(  924): starting scan for "xtc-ag"WPA_PSK with 5240,5180,5220,5200
I/ServiceManager(  644): Waiting for service AtCmdFwd...
I/ThermalEngine(  518): ACTION: GPU - Setting GPU[0] to 390000000
I/ServiceManager(  644): Waiting for service AtCmdFwd...
I/ServiceManager(  644): Waiting for service AtCmdFwd...
I/ServiceManager(  644): Waiting for service AtCmdFwd...
I/ServiceManager(  644): Waiting for service AtCmdFwd...
W/Atfwd_Sendcmd(  644): AtCmdFwd service not published, waiting... retryCnt : 2
I/ThermalEngine(  518): ACTION: GPU - Setting GPU[0] to 450000000
D/AndroidRuntime( 9222): >>>>>> START com.android.internal.os.RuntimeInit uid 2000 <<<<<<
D/AndroidRuntime( 9222): CheckJNI is OFF
D/ICU     ( 9222): No timezone override file found: /data/misc/zoneinfo/current/icu/icu_tzdata.dat
I/Radio-JNI( 9222): register_android_hardware_Radio DONE
D/AndroidRuntime( 9222): Calling main entry com.android.commands.pm.Pm
I/ActivityManager(  924): Start proc 9242:com.android.defcontainer/u0a7 for service com.android.defcontainer/.DefaultContainerService
D/DefContainer( 9242): Copying /data/local/tmp/0000006453 to base.apk
I/ThermalEngine(  518): ACTION: GPU - Setting GPU[0] to 390000000
I/PackageManager.DexOptimizer(  924): Running dexopt (dex2oat) on: /data/app/vmdl1319858726.tmp/base.apk pkg=com.careerbuilder.SugarDrone isa=arm vmSafeMode=false debuggable=true oatDir = /data/app/vmdl1319858726.tmp/oat bootComplete=true
I/dex2oat ( 9277): /system/bin/dex2oat -j2 --debuggable
W/dex2oat ( 9277): Before Android 4.1, method android.graphics.PorterDuffColorFilter android.support.graphics.drawable.VectorDrawableCompat.updateTintFilter(android.graphics.PorterDuffColorFilter, android.content.res.ColorStateList, android.graphics.PorterDuff$Mode) would have incorrectly overridden the package-private method in android.graphics.drawable.Drawable
W/dex2oat ( 9277): Before Android 4.1, method int android.support.v7.widget.ListViewCompat.lookForSelectablePosition(int, boolean) would have incorrectly overridden the package-private method in android.widget.ListView
I/ServiceManager(  644): Waiting for service AtCmdFwd...
I/ServiceManager(  644): Waiting for service AtCmdFwd...
I/ServiceManager(  644): Waiting for service AtCmdFwd...
I/dex2oat ( 9277): dex2oat took 5.486s (threads: 2) arena alloc=642KB java alloc=5MB native alloc=20MB free=3MB
W/PackageManager(  924): Not granting permission android.permission.MANAGE_DOCUMENTS to package com.careerbuilder.SugarDrone (protectionLevel=2 flags=0x3808be46)
W/PackageManager(  924): Not granting permission android.permission.MOUNT_UNMOUNT_FILESYSTEMS to package com.careerbuilder.SugarDrone (protectionLevel=18 flags=0x3808be46)
V/BackupManagerService(  924): restoreAtInstall pkg=com.careerbuilder.SugarDrone token=5 restoreSet=0
V/BackupManagerService(  924): Finishing install immediately
W/Settings(  924): Setting install_non_market_apps has moved from android.provider.Settings.Global to android.provider.Settings.Secure, returning read-only value.
I/art     (  924): Starting a blocking GC Explicit
I/ServiceManager(  644): Waiting for service AtCmdFwd...
I/art     (  924): Explicit concurrent mark sweep GC freed 19328(1341KB) AllocSpace objects, 2(40KB) LOS objects, 33% free, 30MB/45MB, paused 1.707ms total 91.047ms
I/art     ( 9222): System.exit called, status: 0
I/AndroidRuntime( 9222): VM exiting with result code 0.
I/InputReader(  924): Reconfiguring input devices.  changes=0x00000010
I/ActivityManager(  924): Start proc 9356:com.google.android.partnersetup/u0a18 for broadcast com.google.android.partnersetup/.RlzPingBroadcastReceiver
D/CarrierServiceBindHelper( 3623): Receive action: android.intent.action.PACKAGE_ADDED
D/CarrierServiceBindHelper( 3623): mHandler: 3
D/CarrierConfigLoader( 3623): mHandler: 9 phoneId: 0
W/System  ( 9356): ClassLoader referenced unknown path: /system/priv-app/GooglePartnerSetup/lib/arm64
I/ActivityManager(  924): Start proc 9375:com.android.musicfx/u0a21 for broadcast com.android.musicfx/.Compatibility$Receiver
I/ActivityManager(  924): Killing 7519:com.android.chrome/u0a39 (adj 15): empty #17
W/System  ( 9375): ClassLoader referenced unknown path: /system/priv-app/MusicFX/lib/arm64
I/ActivityManager(  924): Start proc 9391:com.android.vending/u0a22 for broadcast com.android.vending/com.google.android.finsky.receivers.PackageMonitorReceiver$RegisteredReceiver
I/ActivityManager(  924): Killing 7395:com.google.android.music:main/u0a59 (adj 15): empty #17
W/System  ( 9391): ClassLoader referenced unknown path: /system/priv-app/Phonesky/lib/arm64
W/Finsky  ( 9391): [1] FinskyApp.getCurrentAccount: No account configured on this device.
D/Finsky  ( 9391): [1] FinskyApp.onCreate: Initializing network with DFE https://android.clients.google.com/fdfe/
W/Finsky  ( 9391): [1] FinskyApp.getCurrentAccount: No account configured on this device.
W/Finsky  ( 9391): [1] FinskyApp.getCurrentAccount: No account configured on this device.
W/Finsky  ( 9391): [1] FinskyApp.getCurrentAccount: No account configured on this device.
W/Finsky  ( 9391): [1] FinskyApp.getCurrentAccount: No account configured on this device.
W/Finsky  ( 9391): [1] FinskyApp.getCurrentAccount: No account configured on this device.
W/Finsky  ( 9391): [1] FinskyApp.getCurrentAccount: No account configured on this device.
W/Finsky  ( 9391): [1] FinskyApp.getCurrentAccount: No account configured on this device.
D/Finsky  ( 9391): [1] DailyHygiene.goMakeHygieneIfDirty: No need to run daily hygiene.
W/Settings( 9391): Setting download_manager_max_bytes_over_mobile has moved from android.provider.Settings.Secure to android.provider.Settings.Global.
W/Settings( 9391): Setting download_manager_recommended_max_bytes_over_mobile has moved from android.provider.Settings.Secure to android.provider.Settings.Global.
W/Finsky  ( 9391): [1] FinskyApp.getCurrentAccount: No account configured on this device.
W/Finsky  ( 9391): [1] FinskyApp.getCurrentAccount: No account configured on this device.
W/Finsky  ( 9391): [1] FinskyApp.getDfeApi: No account configured on this device.
W/Finsky  ( 9391): [1] FinskyApp.getCurrentAccount: No account configured on this device.
D/Finsky  ( 9391): [1] ExternalReferrer.access$200: Package state data is missing for com.careerbuilder.SugarDrone
I/ActivityManager(  924): Start proc 9435:com.google.android.apps.docs/u0a43 for broadcast com.google.android.apps.docs/.receivers.AppPackageAddRemoveReceiver
I/UpdateIcingCorporaServi( 5034): Updating corpora: APPS=com.careerbuilder.SugarDrone, CONTACTS=MAYBE
W/System  ( 9435): ClassLoader referenced unknown path: /system/app/Drive/lib/arm64
D/Ads     ( 9391): Skipping gmscore version check
D/Finsky  ( 9391): [1] GmsCoreHelper.cleanupNlp: result=false type=4
D/Finsky  ( 9391): [1] RestoreTracker.stopServiceIfDone: Restore complete with 0 success and 0 failed.
W/IcingInternalCorpora( 4407): getNumBytesRead when not calculated.
I/Icing   ( 4407): Usage reports 0 indexed 0 rejected 0 imm upload true
I/ServiceManager(  644): Waiting for service AtCmdFwd...
I/UpdateIcingCorporaServi( 5034): UpdateCorporaTask done [took 337 ms] updated apps [took 337 ms] 
W/Finsky  ( 9391): [1] FinskyApp.getCurrentAccount: No account configured on this device.
W/Finsky  ( 9391): [1] FinskyApp.getCurrentAccount: No account configured on this device.
D/AndroidRuntime( 9404): >>>>>> START com.android.internal.os.RuntimeInit uid 2000 <<<<<<
D/AndroidRuntime( 9404): CheckJNI is OFF
D/ICU     ( 9404): No timezone override file found: /data/misc/zoneinfo/current/icu/icu_tzdata.dat
I/Radio-JNI( 9404): register_android_hardware_Radio DONE
D/AndroidRuntime( 9404): Calling main entry com.android.commands.settings.SettingsCmd
D/AndroidRuntime( 9404): Shutting down VM
D/WifiStateMachine(  924): starting scan for "xtc-ag"WPA_PSK with 5240,5180,5220,5200
I/GAv4    ( 9435): Google Analytics 7.8.95 is starting up. To enable debug logging on a device run:
I/GAv4    ( 9435):   adb shell setprop log.tag.GAv4 DEBUG
I/GAv4    ( 9435):   adb logcat -s GAv4
W/GAv4    ( 9435): AnalyticsReceiver is not registered or is disabled. Register the receiver for reliable dispatching on non-Google Play devices. See http://goo.gl/8Rd3yj for instructions.
W/GAv4    ( 9435): CampaignTrackingReceiver is not registered, not exported or is disabled. Installation campaign tracking is not possible. See http://goo.gl/8Rd3yj for instructions.
W/AnalyticsTrackerProxyImpl( 9435): Analytics setup for ID UA-21125203-2, app name Drive, version 2.3.327.05.46
W/GAv4    ( 9435): AnalyticsService not registered in the app manifest. Hits might not be delivered reliably. See http://goo.gl/8Rd3yj for instructions.
I/ActivityManager(  924): Killing 7896:com.android.providers.calendar/u0a1 (adj 15): empty #17
D/Wear_Controller( 4407): Received broadcast action=android.intent.action.PACKAGE_ADDED and uri=com.careerbuilder.SugarDrone
I/PeopleContactsSync( 4407): triggerPendingContactsCleanup: no accounts
I/Icing   ( 4407): Usage reports 0 indexed 0 rejected 0 imm upload false
I/Icing   ( 4407): Usage reports 0 indexed 0 rejected 0 imm upload false
W/Atfwd_Sendcmd(  644): AtCmdFwd service not published, waiting... retryCnt : 3
I/Icing   ( 4407): Indexing 28F82D1719B878795C499362459A54C53C07CE39 from com.google.android.googlequicksearchbox
I/Icing   ( 4407): Indexing done 28F82D1719B878795C499362459A54C53C07CE39
D/AndroidRuntime( 9480): >>>>>> START com.android.internal.os.RuntimeInit uid 2000 <<<<<<
D/AndroidRuntime( 9480): CheckJNI is OFF
D/ICU     ( 9480): No timezone override file found: /data/misc/zoneinfo/current/icu/icu_tzdata.dat
W/linker  ( 9435): /data/app/com.google.android.gms-2/lib/arm64/libconscrypt_gmscore_jni.so: unused DT entry: type 0x1d arg 0x80
V/JNIHelp ( 9435): Registering com/google/android/gms/org/conscrypt/NativeCrypto's 242 native methods...
I/Radio-JNI( 9480): register_android_hardware_Radio DONE
I/art     ( 9435): Rejecting re-init on previously-failed class java.lang.Class<com.google.android.gms.org.conscrypt.OpenSSLExtendedSessionImpl>
I/art     ( 9435): Rejecting re-init on previously-failed class java.lang.Class<com.google.android.gms.org.conscrypt.OpenSSLExtendedSessionImpl>
I/ProviderInstaller( 9435): Installed default security provider GmsCore_OpenSSL
D/AndroidRuntime( 9480): Calling main entry com.android.commands.settings.SettingsCmd
D/AndroidRuntime( 9480): Shutting down VM
I/Icing   ( 4407): Indexing 0469E070D22A38B042E767B0F2FFD16370CACCB7 from com.google.android.gms
I/Icing   ( 4407): Indexing done 0469E070D22A38B042E767B0F2FFD16370CACCB7
I/ActivityManager(  924): Killing 7184:com.google.android.talk/u0a53 (adj 15): empty #17
D/AndroidRuntime( 9523): >>>>>> START com.android.internal.os.RuntimeInit uid 2000 <<<<<<
D/AndroidRuntime( 9523): CheckJNI is OFF
D/ICU     ( 9523): No timezone override file found: /data/misc/zoneinfo/current/icu/icu_tzdata.dat
I/Radio-JNI( 9523): register_android_hardware_Radio DONE
D/AndroidRuntime( 9523): Calling main entry com.android.commands.settings.SettingsCmd
D/AndroidRuntime( 9523): Shutting down VM
D/AndroidRuntime( 9547): >>>>>> START com.android.internal.os.RuntimeInit uid 2000 <<<<<<
D/AndroidRuntime( 9547): CheckJNI is OFF
D/ICU     ( 9547): No timezone override file found: /data/misc/zoneinfo/current/icu/icu_tzdata.dat
I/Radio-JNI( 9547): register_android_hardware_Radio DONE
D/AndroidRuntime( 9547): Calling main entry com.android.commands.settings.SettingsCmd
D/AndroidRuntime( 9547): Shutting down VM
D/AndroidRuntime( 9570): >>>>>> START com.android.internal.os.RuntimeInit uid 2000 <<<<<<
D/AndroidRuntime( 9570): CheckJNI is OFF
D/ICU     ( 9570): No timezone override file found: /data/misc/zoneinfo/current/icu/icu_tzdata.dat
I/Radio-JNI( 9570): register_android_hardware_Radio DONE
D/AndroidRuntime( 9570): Calling main entry com.android.commands.settings.SettingsCmd
D/AndroidRuntime( 9570): Shutting down VM
D/AndroidRuntime( 9592): >>>>>> START com.android.internal.os.RuntimeInit uid 2000 <<<<<<
D/AndroidRuntime( 9592): CheckJNI is OFF
D/ICU     ( 9592): No timezone override file found: /data/misc/zoneinfo/current/icu/icu_tzdata.dat
I/Radio-JNI( 9592): register_android_hardware_Radio DONE
D/AndroidRuntime( 9592): Calling main entry com.android.commands.appops.AppOpsCommand
D/AndroidRuntime( 9592): Shutting down VM
D/NetlinkSocketObserver(  924): NeighborEvent{elapsedMs=265080, 10.22.0.1, [B0FAEB975089], RTM_NEWNEIGH, NUD_REACHABLE}
D/AndroidRuntime( 9614): >>>>>> START com.android.internal.os.RuntimeInit uid 2000 <<<<<<
D/AndroidRuntime( 9614): CheckJNI is OFF
D/ICU     ( 9614): No timezone override file found: /data/misc/zoneinfo/current/icu/icu_tzdata.dat
I/Radio-JNI( 9614): register_android_hardware_Radio DONE
D/AndroidRuntime( 9614): Calling main entry com.android.commands.pm.Pm
I/art     ( 9614): System.exit called, status: 0
I/AndroidRuntime( 9614): VM exiting with result code 0.
I/ActivityManager(  924): Killing 7552:com.google.android.apps.photos/u0a62 (adj 15): empty #17
D/AndroidRuntime( 9662): >>>>>> START com.android.internal.os.RuntimeInit uid 2000 <<<<<<
D/AndroidRuntime( 9662): CheckJNI is OFF
D/ICU     ( 9662): No timezone override file found: /data/misc/zoneinfo/current/icu/icu_tzdata.dat
I/Radio-JNI( 9662): register_android_hardware_Radio DONE
D/AndroidRuntime( 9662): Calling main entry com.android.commands.pm.Pm
I/art     ( 9662): System.exit called, status: 0
I/AndroidRuntime( 9662): VM exiting with result code 0.
D/AndroidRuntime( 9732): >>>>>> START com.android.internal.os.RuntimeInit uid 2000 <<<<<<
D/AndroidRuntime( 9732): CheckJNI is OFF
D/ICU     ( 9732): No timezone override file found: /data/misc/zoneinfo/current/icu/icu_tzdata.dat
I/Radio-JNI( 9732): register_android_hardware_Radio DONE
D/AndroidRuntime( 9732): Calling main entry com.android.commands.am.Am
W/ActivityManager(  924): Invalid packageName: com.careerbuilder.SugarDrone.test
D/AndroidRuntime( 9732): Shutting down VM
D/AndroidRuntime( 9759): >>>>>> START com.android.internal.os.RuntimeInit uid 2000 <<<<<<
D/AndroidRuntime( 9759): CheckJNI is OFF
D/ICU     ( 9759): No timezone override file found: /data/misc/zoneinfo/current/icu/icu_tzdata.dat
I/Radio-JNI( 9759): register_android_hardware_Radio DONE
D/AndroidRuntime( 9759): Calling main entry com.android.commands.pm.Pm
D/DefContainer( 9242): Copying /data/local/tmp/0000006454 to base.apk
I/PackageManager.DexOptimizer(  924): Running dexopt (dex2oat) on: /data/app/vmdl1557509683.tmp/base.apk pkg=com.careerbuilder.SugarDrone.test isa=arm64 vmSafeMode=false debuggable=false oatDir = /data/app/vmdl1557509683.tmp/oat bootComplete=true
I/dex2oat ( 9779): /system/bin/dex2oat -j2
W/dex2oat ( 9779): Compilation of sh.calaba.instrumentationbackend.actions.NanoHTTPD$Response sh.calaba.instrumentationbackend.actions.HttpServer.serve(java.lang.String, java.lang.String, java.util.Properties, java.util.Properties, java.util.Properties) took 100.121ms
W/dex2oat ( 9779): No verified method for method calling String.<init>: java.lang.String android.text.TextUtils.substring(java.lang.CharSequence, int, int)
W/dex2oat ( 9779): No verified method for method calling String.<init>: java.lang.String android.text.TextUtils.substring(java.lang.CharSequence, int, int)
I/dex2oat ( 9779): Skipping compilation of void sh.calaba.org.codehaus.jackson.impl.Utf8StreamParser._skipString(): it contains a non natural loop
D/Finsky  ( 9391): [396] AppStatesReplicator.handleContentSyncResponse: Completed 0 account content syncs with 0 successful.
D/Finsky  ( 9391): [1] ContentSyncService$5.onFinished: Installation state replication succeeded.
I/dex2oat ( 9779): dex2oat took 2.571s (threads: 2) arena alloc=2MB java alloc=2MB native alloc=9MB free=2MB
I/ServiceManager(  644): Waiting for service AtCmdFwd...
W/PackageManager(  924): Not granting permission android.permission.ACCESS_MOCK_LOCATION to package com.careerbuilder.SugarDrone.test (protectionLevel=2 flags=0x1800be44)
V/BackupManagerService(  924): restoreAtInstall pkg=com.careerbuilder.SugarDrone.test token=6 restoreSet=0
V/BackupManagerService(  924): Finishing install immediately
W/Settings(  924): Setting install_non_market_apps has moved from android.provider.Settings.Global to android.provider.Settings.Secure, returning read-only value.
I/art     (  924): Starting a blocking GC Explicit
I/art     (  924): Explicit concurrent mark sweep GC freed 104924(6MB) AllocSpace objects, 17(380KB) LOS objects, 33% free, 30MB/45MB, paused 1.964ms total 106.711ms
I/InputReader(  924): Reconfiguring input devices.  changes=0x00000010
I/art     ( 9759): System.exit called, status: 0
I/AndroidRuntime( 9759): VM exiting with result code 0.
D/Finsky  ( 9391): [1] ExternalReferrer.access$200: Package state data is missing for com.careerbuilder.SugarDrone.test
D/CarrierServiceBindHelper( 3623): Receive action: android.intent.action.PACKAGE_ADDED
D/CarrierServiceBindHelper( 3623): mHandler: 3
D/CarrierConfigLoader( 3623): mHandler: 9 phoneId: 0
I/UpdateIcingCorporaServi( 5034): Updating corpora: APPS=com.careerbuilder.SugarDrone.test, CONTACTS=MAYBE
I/UpdateIcingCorporaServi( 5034): UpdateCorporaTask done [took 159 ms] updated apps [took 159 ms] 
D/Wear_Controller( 4407): Received broadcast action=android.intent.action.PACKAGE_ADDED and uri=com.careerbuilder.SugarDrone.test
I/PeopleContactsSync( 4407): triggerPendingContactsCleanup: no accounts
W/IcingInternalCorpora( 4407): getNumBytesRead when not calculated.
I/Icing   ( 4407): Usage reports 0 indexed 0 rejected 0 imm upload false
I/Icing   ( 4407): Usage reports 0 indexed 0 rejected 0 imm upload false
I/ServiceManager(  644): Waiting for service AtCmdFwd...
D/AndroidRuntime( 9843): >>>>>> START com.android.internal.os.RuntimeInit uid 2000 <<<<<<
D/AndroidRuntime( 9843): CheckJNI is OFF
D/ICU     ( 9843): No timezone override file found: /data/misc/zoneinfo/current/icu/icu_tzdata.dat
I/Radio-JNI( 9843): register_android_hardware_Radio DONE
D/AndroidRuntime( 9843): Calling main entry com.android.commands.settings.SettingsCmd
D/AndroidRuntime( 9843): Shutting down VM
I/Icing   ( 4407): Indexing 0469E070D22A38B042E767B0F2FFD16370CACCB7 from com.google.android.gms
I/Icing   ( 4407): Indexing done 0469E070D22A38B042E767B0F2FFD16370CACCB7
I/ServiceManager(  644): Waiting for service AtCmdFwd...
D/AndroidRuntime( 9876): >>>>>> START com.android.internal.os.RuntimeInit uid 2000 <<<<<<
D/AndroidRuntime( 9876): CheckJNI is OFF
D/ICU     ( 9876): No timezone override file found: /data/misc/zoneinfo/current/icu/icu_tzdata.dat
I/Radio-JNI( 9876): register_android_hardware_Radio DONE
D/AndroidRuntime( 9876): Calling main entry com.android.commands.settings.SettingsCmd
D/AndroidRuntime( 9876): Shutting down VM
I/ServiceManager(  644): Waiting for service AtCmdFwd...
D/AndroidRuntime( 9900): >>>>>> START com.android.internal.os.RuntimeInit uid 2000 <<<<<<
D/AndroidRuntime( 9900): CheckJNI is OFF
D/ICU     ( 9900): No timezone override file found: /data/misc/zoneinfo/current/icu/icu_tzdata.dat
I/Radio-JNI( 9900): register_android_hardware_Radio DONE
D/AndroidRuntime( 9900): Calling main entry com.android.commands.settings.SettingsCmd
D/AndroidRuntime( 9900): Shutting down VM
I/ServiceManager(  644): Waiting for service AtCmdFwd...
D/AndroidRuntime( 9925): >>>>>> START com.android.internal.os.RuntimeInit uid 2000 <<<<<<
D/AndroidRuntime( 9925): CheckJNI is OFF
D/ICU     ( 9925): No timezone override file found: /data/misc/zoneinfo/current/icu/icu_tzdata.dat
I/Radio-JNI( 9925): register_android_hardware_Radio DONE
D/AndroidRuntime( 9925): Calling main entry com.android.commands.settings.SettingsCmd
D/AndroidRuntime( 9925): Shutting down VM
W/Atfwd_Sendcmd(  644): AtCmdFwd service not published, waiting... retryCnt : 4
D/AndroidRuntime( 9947): >>>>>> START com.android.internal.os.RuntimeInit uid 2000 <<<<<<
D/AndroidRuntime( 9947): CheckJNI is OFF
D/ICU     ( 9947): No timezone override file found: /data/misc/zoneinfo/current/icu/icu_tzdata.dat
I/Radio-JNI( 9947): register_android_hardware_Radio DONE
D/AndroidRuntime( 9947): Calling main entry com.android.commands.settings.SettingsCmd
D/AndroidRuntime( 9947): Shutting down VM
D/AndroidRuntime( 9969): >>>>>> START com.android.internal.os.RuntimeInit uid 2000 <<<<<<
D/AndroidRuntime( 9969): CheckJNI is OFF
D/ICU     ( 9969): No timezone override file found: /data/misc/zoneinfo/current/icu/icu_tzdata.dat
I/Radio-JNI( 9969): register_android_hardware_Radio DONE
D/AndroidRuntime( 9969): Calling main entry com.android.commands.appops.AppOpsCommand
D/AndroidRuntime( 9969): Shutting down VM
D/AndroidRuntime( 9992): >>>>>> START com.android.internal.os.RuntimeInit uid 2000 <<<<<<
D/AndroidRuntime( 9992): CheckJNI is OFF
D/ICU     ( 9992): No timezone override file found: /data/misc/zoneinfo/current/icu/icu_tzdata.dat
I/Radio-JNI( 9992): register_android_hardware_Radio DONE
D/AndroidRuntime( 9992): Calling main entry com.android.commands.pm.Pm
I/art     ( 9992): System.exit called, status: 0
I/AndroidRuntime( 9992): VM exiting with result code 0.
W/ip      (10035): type=1400 audit(0.0:76): avc: denied { search } for name="net" dev="dm-2" ino=3440648 scontext=u:r:shell:s0 tcontext=u:object_r:net_data_file:s0 tclass=dir permissive=0
D/AndroidRuntime(10039): >>>>>> START com.android.internal.os.RuntimeInit uid 2000 <<<<<<
D/AndroidRuntime(10039): CheckJNI is OFF
D/ICU     (10039): No timezone override file found: /data/misc/zoneinfo/current/icu/icu_tzdata.dat
I/Radio-JNI(10039): register_android_hardware_Radio DONE
D/AndroidRuntime(10039): Calling main entry com.android.commands.pm.Pm
I/art     (10039): System.exit called, status: 0
I/AndroidRuntime(10039): VM exiting with result code 0.
D/AndroidRuntime(10105): >>>>>> START com.android.internal.os.RuntimeInit uid 2000 <<<<<<
D/AndroidRuntime(10105): CheckJNI is OFF
D/ICU     (10105): No timezone override file found: /data/misc/zoneinfo/current/icu/icu_tzdata.dat
I/Radio-JNI(10105): register_android_hardware_Radio DONE
D/AndroidRuntime(10105): Calling main entry com.android.commands.input.Input
I/Input   (10105): injectKeyEvent: KeyEvent { action=ACTION_DOWN, keyCode=KEYCODE_BACK, scanCode=0, metaState=0, flags=0x0, repeatCount=0, eventTime=288917, downTime=288917, deviceId=-1, source=0x101 }
I/Input   (10105): injectKeyEvent: KeyEvent { action=ACTION_UP, keyCode=KEYCODE_BACK, scanCode=0, metaState=0, flags=0x0, repeatCount=0, eventTime=288917, downTime=288917, deviceId=-1, source=0x101 }
D/EmojiAltPhysicalKeyDetector( 3484): onKeyUp() : KeyEvent { action=ACTION_UP, keyCode=KEYCODE_BACK, scanCode=0, metaState=0, flags=0x0, repeatCount=0, eventTime=288917, downTime=288917, deviceId=-1, source=0x101 }
D/EmojiAltPhysicalKeyDetector( 3484): onKeyUp() : Disabled
D/AndroidRuntime(10105): Shutting down VM
D/AndroidRuntime(10158): >>>>>> START com.android.internal.os.RuntimeInit uid 2000 <<<<<<
D/AndroidRuntime(10158): CheckJNI is OFF
D/ICU     (10158): No timezone override file found: /data/misc/zoneinfo/current/icu/icu_tzdata.dat
I/Radio-JNI(10158): register_android_hardware_Radio DONE
D/AndroidRuntime(10158): Calling main entry com.android.commands.input.Input
I/Input   (10158): injectKeyEvent: KeyEvent { action=ACTION_DOWN, keyCode=KEYCODE_HOME, scanCode=0, metaState=0, flags=0x0, repeatCount=0, eventTime=290927, downTime=290927, deviceId=-1, source=0x101 }
I/Input   (10158): injectKeyEvent: KeyEvent { action=ACTION_UP, keyCode=KEYCODE_HOME, scanCode=0, metaState=0, flags=0x0, repeatCount=0, eventTime=290927, downTime=290927, deviceId=-1, source=0x101 }
I/ActivityManager(  924): START u0 {act=android.intent.action.MAIN cat=[android.intent.category.HOME] flg=0x10200000 cmp=com.google.android.googlequicksearchbox/com.google.android.launcher.GEL (has extras)} from uid 1000 on display 0
D/AndroidRuntime(10158): Shutting down VM
I/GEL     ( 3666): handleIntent(Intent { act=android.intent.action.MAIN cat=[android.intent.category.HOME] flg=0x10200000 cmp=com.google.android.googlequicksearchbox/com.google.android.launcher.GEL (has extras) })
D/Finsky  ( 9391): [396] AppStatesReplicator.handleContentSyncResponse: Completed 0 account content syncs with 0 successful.
D/Finsky  ( 9391): [1] ContentSyncService$5.onFinished: Installation state replication succeeded.
D/AndroidRuntime(10192): >>>>>> START com.android.internal.os.RuntimeInit uid 2000 <<<<<<
D/AndroidRuntime(10192): CheckJNI is OFF
D/ICU     (10192): No timezone override file found: /data/misc/zoneinfo/current/icu/icu_tzdata.dat
I/Radio-JNI(10192): register_android_hardware_Radio DONE
D/AndroidRuntime(10192): Calling main entry com.android.commands.input.Input
I/Input   (10192): injectKeyEvent: KeyEvent { action=ACTION_DOWN, keyCode=KEYCODE_BACK, scanCode=0, metaState=0, flags=0x0, repeatCount=0, eventTime=292522, downTime=292522, deviceId=-1, source=0x101 }
I/Input   (10192): injectKeyEvent: KeyEvent { action=ACTION_UP, keyCode=KEYCODE_BACK, scanCode=0, metaState=0, flags=0x0, repeatCount=0, eventTime=292522, downTime=292522, deviceId=-1, source=0x101 }
D/EmojiAltPhysicalKeyDetector( 3484): onKeyUp() : KeyEvent { action=ACTION_UP, keyCode=KEYCODE_BACK, scanCode=0, metaState=0, flags=0x0, repeatCount=0, eventTime=292522, downTime=292522, deviceId=-1, source=0x101 }
D/EmojiAltPhysicalKeyDetector( 3484): onKeyUp() : Disabled
D/AndroidRuntime(10192): Shutting down VM
D/AndroidRuntime(10226): >>>>>> START com.android.internal.os.RuntimeInit uid 2000 <<<<<<
D/AndroidRuntime(10226): CheckJNI is OFF
D/ICU     (10226): No timezone override file found: /data/misc/zoneinfo/current/icu/icu_tzdata.dat
I/Radio-JNI(10226): register_android_hardware_Radio DONE
D/AndroidRuntime(10226): Calling main entry com.android.commands.am.Am
I/ActivityManager(  924): Force stopping com.careerbuilder.SugarDrone appid=19260 user=0: start instr
I/ActivityManager(  924): Start proc 10245:com.careerbuilder.SugarDrone/u0a9260 for added application com.careerbuilder.SugarDrone
I/art     (10245): Late-enabling -Xcheck:jni
E/dex2oat (10261): Failed to create oat file: /data/dalvik-cache/arm/data@app@com.careerbuilder.SugarDrone.test-1@base.apk@classes.dex: Permission denied
I/dex2oat (10261): dex2oat took 769.688us (threads: 2) 
W/art     (10245): Failed execv(/system/bin/dex2oat --runtime-arg -classpath --runtime-arg  --instruction-set=arm --instruction-set-features=smp,div,-atomic_ldrd_strd --runtime-arg -Xrelocate --boot-image=/system/framework/boot.art --runtime-arg -Xms64m --runtime-arg -Xmx512m -j2 --instruction-set-variant=cortex-a7 --instruction-set-features=default --dex-file=/data/app/com.careerbuilder.SugarDrone.test-1/base.apk --oat-file=/data/dalvik-cache/arm/data@app@com.careerbuilder.SugarDrone.test-1@base.apk@classes.dex) because non-0 exit status
W/System  (10245): ClassLoader referenced unknown path: /data/app/com.careerbuilder.SugarDrone.test-1/lib/arm64
W/monodroid(10245): Using override path: /data/user/0/com.careerbuilder.SugarDrone/files/.__override__
W/monodroid(10245): Trying to load sgen from: /data/user/0/com.careerbuilder.SugarDrone/files/.__override__/libmonosgen-2.0.so
W/monodroid(10245): Trying to load sgen from: /storage/emulated/0/Android/data/com.careerbuilder.SugarDrone/files/.__override__/libmonosgen-2.0.so
W/monodroid(10245): Trying to load sgen from: /data/app/com.careerbuilder.SugarDrone-1/lib/arm/libmonosgen-2.0.so
D/Mono    (10245): Image addref mscorlib[0xeacbb020] -> mscorlib.dll[0xed1fa900]: 2
D/Mono    (10245): Prepared to set up assembly 'mscorlib' (mscorlib.dll)
D/Mono    (10245): AOT module 'mscorlib.dll.so' not found: dlopen failed: library "/data/app/com.careerbuilder.SugarDrone-1/lib/arm/libaot-mscorlib.dll.so" not found
D/Mono    (10245): AOT module '/Users/builder/data/lanes/4009/3a62f1ea/source/monodroid/builds/install/mono-armv6/lib/mono/aot-cache/arm/mscorlib.dll.so' not found: dlopen failed: library "/data/app/com.careerbuilder.SugarDrone-1/lib/arm/libaot-mscorlib.dll.so" not found
D/Mono    (10245): Config attempting to parse: 'mscorlib.dll.config'.
D/Mono    (10245): Config attempting to parse: '/Users/builder/data/lanes/4009/3a62f1ea/source/monodroid/builds/install/mono-armv6/etc/mono/assemblies/mscorlib/mscorlib.config'.
D/Mono    (10245): Assembly mscorlib[0xeacbb020] added to domain RootDomain, ref_count=1
D/Mono    (10245): Image addref CareerBuilder_Search.Droid[0xeacbb080] -> CareerBuilder_Search.Droid.dll[0xed1fcc00]: 2
D/Mono    (10245): Prepared to set up assembly 'CareerBuilder_Search.Droid' (CareerBuilder_Search.Droid.dll)
D/Mono    (10245): Assembly CareerBuilder_Search.Droid[0xeacbb080] added to domain RootDomain, ref_count=1
D/Mono    (10245): AOT module 'CareerBuilder_Search.Droid.dll.so' not found: dlopen failed: library "/data/app/com.careerbuilder.SugarDrone-1/lib/arm/libaot-CareerBuilder_Search.Droid.dll.so" not found
D/Mono    (10245): AOT module '/Users/builder/data/lanes/4009/3a62f1ea/source/monodroid/builds/install/mono-armv6/lib/mono/aot-cache/arm/CareerBuilder_Search.Droid.dll.so' not found: dlopen failed: library "/data/app/com.careerbuilder.SugarDrone-1/lib/arm/libaot-CareerBuilder_Search.Droid.dll.so" not found
D/Mono    (10245): Config attempting to parse: 'CareerBuilder_Search.Droid.dll.config'.
D/Mono    (10245): Config attempting to parse: '/Users/builder/data/lanes/4009/3a62f1ea/source/monodroid/builds/install/mono-armv6/etc/mono/assemblies/CareerBuilder_Search.Droid/CareerBuilder_Search.Droid.config'.
D/Mono    (10245): Image addref AppsFlyerXamarinBindingAndroid[0xeacbb0e0] -> AppsFlyerXamarinBindingAndroid.dll[0xed1fd100]: 2
D/Mono    (10245): Prepared to set up assembly 'AppsFlyerXamarinBindingAndroid' (AppsFlyerXamarinBindingAndroid.dll)
D/Mono    (10245): Assembly AppsFlyerXamarinBindingAndroid[0xeacbb0e0] added to domain RootDomain, ref_count=1
D/Mono    (10245): AOT module 'AppsFlyerXamarinBindingAndroid.dll.so' not found: dlopen failed: library "/data/app/com.careerbuilder.SugarDrone-1/lib/arm/libaot-AppsFlyerXamarinBindingAndroid.dll.so" not found
D/Mono    (10245): AOT module '/Users/builder/data/lanes/4009/3a62f1ea/source/monodroid/builds/install/mono-armv6/lib/mono/aot-cache/arm/AppsFlyerXamarinBindingAndroid.dll.so' not found: dlopen failed: library "/data/app/com.careerbuilder.SugarDrone-1/lib/arm/libaot-AppsFlyerXamarinBindingAndroid.dll.so" not found
D/Mono    (10245): Config attempting to parse: 'AppsFlyerXamarinBindingAndroid.dll.config'.
D/Mono    (10245): Config attempting to parse: '/Users/builder/data/lanes/4009/3a62f1ea/source/monodroid/builds/install/mono-armv6/etc/mono/assemblies/AppsFlyerXamarinBindingAndroid/AppsFlyerXamarinBindingAndroid.config'.
D/Mono    (10245): Image addref HockeySDK[0xeacbb140] -> HockeySDK.dll[0xed1fd600]: 2
D/Mono    (10245): Prepared to set up assembly 'HockeySDK' (HockeySDK.dll)
D/Mono    (10245): Assembly HockeySDK[0xeacbb140] added to domain RootDomain, ref_count=1
D/Mono    (10245): AOT module 'HockeySDK.dll.so' not found: dlopen failed: library "/data/app/com.careerbuilder.SugarDrone-1/lib/arm/libaot-HockeySDK.dll.so" not found
D/Mono    (10245): AOT module '/Users/builder/data/lanes/4009/3a62f1ea/source/monodroid/builds/install/mono-armv6/lib/mono/aot-cache/arm/HockeySDK.dll.so' not found: dlopen failed: library "/data/app/com.careerbuilder.SugarDrone-1/lib/arm/libaot-HockeySDK.dll.so" not found
D/Mono    (10245): Config attempting to parse: 'HockeySDK.dll.config'.
D/Mono    (10245): Config attempting to parse: '/Users/builder/data/lanes/4009/3a62f1ea/source/monodroid/builds/install/mono-armv6/etc/mono/assemblies/HockeySDK/HockeySDK.config'.
D/Mono    (10245): Image addref Akavache[0xeacbb1a0] -> Akavache.dll[0xf5337900]: 2
D/Mono    (10245): Prepared to set up assembly 'Akavache' (Akavache.dll)
D/Mono    (10245): Assembly Akavache[0xeacbb1a0] added to domain RootDomain, ref_count=1
D/Mono    (10245): AOT module 'Akavache.dll.so' not found: dlopen failed: library "/data/app/com.careerbuilder.SugarDrone-1/lib/arm/libaot-Akavache.dll.so" not found
D/Mono    (10245): AOT module '/Users/builder/data/lanes/4009/3a62f1ea/source/monodroid/builds/install/mono-armv6/lib/mono/aot-cache/arm/Akavache.dll.so' not found: dlopen failed: library "/data/app/com.careerbuilder.SugarDrone-1/lib/arm/libaot-Akavache.dll.so" not found
D/Mono    (10245): Config attempting to parse: 'Akavache.dll.config'.
D/Mono    (10245): Config attempting to parse: '/Users/builder/data/lanes/4009/3a62f1ea/source/monodroid/builds/install/mono-armv6/etc/mono/assemblies/Akavache/Akavache.config'.
D/Mono    (10245): Image addref Akavache.Sqlite3[0xeacbb200] -> Akavache.Sqlite3.dll[0xea6dd000]: 2
D/Mono    (10245): Prepared to set up assembly 'Akavache.Sqlite3' (Akavache.Sqlite3.dll)
D/Mono    (10245): Assembly Akavache.Sqlite3[0xeacbb200] added to domain RootDomain, ref_count=1
D/Mono    (10245): AOT module 'Akavache.Sqlite3.dll.so' not found: dlopen failed: library "/data/app/com.careerbuilder.SugarDrone-1/lib/arm/libaot-Akavache.Sqlite3.dll.so" not found
D/Mono    (10245): AOT module '/Users/builder/data/lanes/4009/3a62f1ea/source/monodroid/builds/install/mono-armv6/lib/mono/aot-cache/arm/Akavache.Sqlite3.dll.so' not found: dlopen failed: library "/data/app/com.careerbuilder.SugarDrone-1/lib/arm/libaot-Akavache.Sqlite3.dll.so" not found
W/        (10245): Symbol file LoadedFromMemory doesn't match image Akavache.Sqlite3.dll
D/Mono    (10245): Config attempting to parse: 'Akavache.Sqlite3.dll.config'.
D/Mono    (10245): Config attempting to parse: '/Users/builder/data/lanes/4009/3a62f1ea/source/monodroid/builds/install/mono-armv6/etc/mono/assemblies/Akavache.Sqlite3/Akavache.Sqlite3.config'.
D/Mono    (10245): Image addref Splat[0xeacbb260] -> Splat.dll[0xea6dd500]: 2
D/Mono    (10245): Prepared to set up assembly 'Splat' (Splat.dll)
D/Mono    (10245): Assembly Splat[0xeacbb260] added to domain RootDomain, ref_count=1
D/Mono    (10245): AOT module 'Splat.dll.so' not found: dlopen failed: library "/data/app/com.careerbuilder.SugarDrone-1/lib/arm/libaot-Splat.dll.so" not found
D/Mono    (10245): AOT module '/Users/builder/data/lanes/4009/3a62f1ea/source/monodroid/builds/install/mono-armv6/lib/mono/aot-cache/arm/Splat.dll.so' not found: dlopen failed: library "/data/app/com.careerbuilder.SugarDrone-1/lib/arm/libaot-Splat.dll.so" not found
D/Mono    (10245): Config attempting to parse: 'Splat.dll.config'.
D/Mono    (10245): Config attempting to parse: '/Users/builder/data/lanes/4009/3a62f1ea/source/monodroid/builds/install/mono-armv6/etc/mono/assemblies/Splat/Splat.config'.
D/Mono    (10245): Image addref Microsoft.Practices.ServiceLocation[0xeacbb440] -> Microsoft.Practices.ServiceLocation.dll[0xea6dda00]: 2
D/Mono    (10245): Prepared to set up assembly 'Microsoft.Practices.ServiceLocation' (Microsoft.Practices.ServiceLocation.dll)
D/Mono    (10245): Assembly Microsoft.Practices.ServiceLocation[0xeacbb440] added to domain RootDomain, ref_count=1
D/Mono    (10245): AOT module 'Microsoft.Practices.ServiceLocation.dll.so' not found: dlopen failed: library "/data/app/com.careerbuilder.SugarDrone-1/lib/arm/libaot-Microsoft.Practices.ServiceLocation.dll.so" not found
D/Mono    (10245): AOT module '/Users/builder/data/lanes/4009/3a62f1ea/source/monodroid/builds/install/mono-armv6/lib/mono/aot-cache/arm/Microsoft.Practices.ServiceLocation.dll.so' not found: dlopen failed: library "/data/app/com.careerbuilder.SugarDrone-1/lib/arm/libaot-Microsoft.Practices.ServiceLocation.dll.so" not found
D/Mono    (10245): Config attempting to parse: 'Microsoft.Practices.ServiceLocation.dll.config'.
D/Mono    (10245): Config attempting to parse: '/Users/builder/data/lanes/4009/3a62f1ea/source/monodroid/builds/install/mono-armv6/etc/mono/assemblies/Microsoft.Practices.ServiceLocation/Microsoft.Practices.ServiceLocation.config'.
D/Mono    (10245): Image addref Microsoft.Practices.Unity[0xeacbb4a0] -> Microsoft.Practices.Unity.dll[0xea6ddf00]: 2
D/Mono    (10245): Prepared to set up assembly 'Microsoft.Practices.Unity' (Microsoft.Practices.Unity.dll)
D/Mono    (10245): Assembly Microsoft.Practices.Unity[0xeacbb4a0] added to domain RootDomain, ref_count=1
D/Mono    (10245): AOT module 'Microsoft.Practices.Unity.dll.so' not found: dlopen failed: library "/data/app/com.careerbuilder.SugarDrone-1/lib/arm/libaot-Microsoft.Practices.Unity.dll.so" not found
D/Mono    (10245): AOT module '/Users/builder/data/lanes/4009/3a62f1ea/source/monodroid/builds/install/mono-armv6/lib/mono/aot-cache/arm/Microsoft.Practices.Unity.dll.so' not found: dlopen failed: library "/data/app/com.careerbuilder.SugarDrone-1/lib/arm/libaot-Microsoft.Practices.Unity.dll.so" not found
D/Mono    (10245): Config attempting to parse: 'Microsoft.Practices.Unity.dll.config'.
D/Mono    (10245): Config attempting to parse: '/Users/builder/data/lanes/4009/3a62f1ea/source/monodroid/builds/install/mono-armv6/etc/mono/assemblies/Microsoft.Practices.Unity/Microsoft.Practices.Unity.config'.
D/Mono    (10245): Image addref Plugin.CurrentActivity[0xeacbb500] -> Plugin.CurrentActivity.dll[0xea6de400]: 2
D/Mono    (10245): Prepared to set up assembly 'Plugin.CurrentActivity' (Plugin.CurrentActivity.dll)
D/Mono    (10245): Assembly Plugin.CurrentActivity[0xeacbb500] added to domain RootDomain, ref_count=1
D/Mono    (10245): AOT module 'Plugin.CurrentActivity.dll.so' not found: dlopen failed: library "/data/app/com.careerbuilder.SugarDrone-1/lib/arm/libaot-Plugin.CurrentActivity.dll.so" not found
D/Mono    (10245): AOT module '/Users/builder/data/lanes/4009/3a62f1ea/source/monodroid/builds/install/mono-armv6/lib/mono/aot-cache/arm/Plugin.CurrentActivity.dll.so' not found: dlopen failed: library "/data/app/com.careerbuilder.SugarDrone-1/lib/arm/libaot-Plugin.CurrentActivity.dll.so" not found
D/Mono    (10245): Config attempting to parse: 'Plugin.CurrentActivity.dll.config'.
D/Mono    (10245): Config attempting to parse: '/Users/builder/data/lanes/4009/3a62f1ea/source/monodroid/builds/install/mono-armv6/etc/mono/assemblies/Plugin.CurrentActivity/Plugin.CurrentActivity.config'.
D/Mono    (10245): Image addref Plugin.Permissions[0xeacbb560] -> Plugin.Permissions.dll[0xea6de900]: 2
D/Mono    (10245): Prepared to set up assembly 'Plugin.Permissions' (Plugin.Permissions.dll)
D/Mono    (10245): Assembly Plugin.Permissions[0xeacbb560] added to domain RootDomain, ref_count=1
D/Mono    (10245): AOT module 'Plugin.Permissions.dll.so' not found: dlopen failed: library "/data/app/com.careerbuilder.SugarDrone-1/lib/arm/libaot-Plugin.Permissions.dll.so" not found
D/Mono    (10245): AOT module '/Users/builder/data/lanes/4009/3a62f1ea/source/monodroid/builds/install/mono-armv6/lib/mono/aot-cache/arm/Plugin.Permissions.dll.so' not found: dlopen failed: library "/data/app/com.careerbuilder.SugarDrone-1/lib/arm/libaot-Plugin.Permissions.dll.so" not found
D/Mono    (10245): Config attempting to parse: 'Plugin.Permissions.dll.config'.
D/Mono    (10245): Config attempting to parse: '/Users/builder/data/lanes/4009/3a62f1ea/source/monodroid/builds/install/mono-armv6/etc/mono/assemblies/Plugin.Permissions/Plugin.Permissions.config'.
D/Mono    (10245): Image addref Plugin.Permissions.Abstractions[0xeacbb5c0] -> Plugin.Permissions.Abstractions.dll[0xea6dee00]: 2
D/Mono    (10245): Prepared to set up assembly 'Plugin.Permissions.Abstractions' (Plugin.Permissions.Abstractions.dll)
D/Mono    (10245): Assembly Plugin.Permissions.Abstractions[0xeacbb5c0] added to domain RootDomain, ref_count=1
D/Mono    (10245): AOT module 'Plugin.Permissions.Abstractions.dll.so' not found: dlopen failed: library "/data/app/com.careerbuilder.SugarDrone-1/lib/arm/libaot-Plugin.Permissions.Abstractions.dll.so" not found
D/Mono    (10245): AOT module '/Users/builder/data/lanes/4009/3a62f1ea/source/monodroid/builds/install/mono-armv6/lib/mono/aot-cache/arm/Plugin.Permissions.Abstractions.dll.so' not found: dlopen failed: library "/data/app/com.careerbuilder.SugarDrone-1/lib/arm/libaot-Plugin.Permissions.Abstractions.dll.so" not found
D/Mono    (10245): Config attempting to parse: 'Plugin.Permissions.Abstractions.dll.config'.
D/Mono    (10245): Config attempting to parse: '/Users/builder/data/lanes/4009/3a62f1ea/source/monodroid/builds/install/mono-armv6/etc/mono/assemblies/Plugin.Permissions.Abstractions/Plugin.Permissions.Abstractions.config'.
D/Mono    (10245): Image addref Plugin.Geolocator[0xeacbb620] -> Plugin.Geolocator.dll[0xea6df300]: 2
D/Mono    (10245): Prepared to set up assembly 'Plugin.Geolocator' (Plugin.Geolocator.dll)
D/Mono    (10245): Assembly Plugin.Geolocator[0xeacbb620] added to domain RootDomain, ref_count=1
D/Mono    (10245): AOT module 'Plugin.Geolocator.dll.so' not found: dlopen failed: library "/data/app/com.careerbuilder.SugarDrone-1/lib/arm/libaot-Plugin.Geolocator.dll.so" not found
D/Mono    (10245): AOT module '/Users/builder/data/lanes/4009/3a62f1ea/source/monodroid/builds/install/mono-armv6/lib/mono/aot-cache/arm/Plugin.Geolocator.dll.so' not found: dlopen failed: library "/data/app/com.careerbuilder.SugarDrone-1/lib/arm/libaot-Plugin.Geolocator.dll.so" not found
D/Mono    (10245): Config attempting to parse: 'Plugin.Geolocator.dll.config'.
D/Mono    (10245): Config attempting to parse: '/Users/builder/data/lanes/4009/3a62f1ea/source/monodroid/builds/install/mono-armv6/etc/mono/assemblies/Plugin.Geolocator/Plugin.Geolocator.config'.
D/Mono    (10245): Image addref Plugin.Geolocator.Abstractions[0xeacbb680] -> Plugin.Geolocator.Abstractions.dll[0xea6df800]: 2
D/Mono    (10245): Prepared to set up assembly 'Plugin.Geolocator.Abstractions' (Plugin.Geolocator.Abstractions.dll)
D/Mono    (10245): Assembly Plugin.Geolocator.Abstractions[0xeacbb680] added to domain RootDomain, ref_count=1
D/Mono    (10245): AOT module 'Plugin.Geolocator.Abstractions.dll.so' not found: dlopen failed: library "/data/app/com.careerbuilder.SugarDrone-1/lib/arm/libaot-Plugin.Geolocator.Abstractions.dll.so" not found
D/Mono    (10245): AOT module '/Users/builder/data/lanes/4009/3a62f1ea/source/monodroid/builds/install/mono-armv6/lib/mono/aot-cache/arm/Plugin.Geolocator.Abstractions.dll.so' not found: dlopen failed: library "/data/app/com.careerbuilder.SugarDrone-1/lib/arm/libaot-Plugin.Geolocator.Abstractions.dll.so" not found
D/Mono    (10245): Config attempting to parse: 'Plugin.Geolocator.Abstractions.dll.config'.
D/Mono    (10245): Config attempting to parse: '/Users/builder/data/lanes/4009/3a62f1ea/source/monodroid/builds/install/mono-armv6/etc/mono/assemblies/Plugin.Geolocator.Abstractions/Plugin.Geolocator.Abstractions.config'.
D/Mono    (10245): Image addref Plugin.DeviceInfo[0xeacbb6e0] -> Plugin.DeviceInfo.dll[0xea6dfd00]: 2
D/Mono    (10245): Prepared to set up assembly 'Plugin.DeviceInfo' (Plugin.DeviceInfo.dll)
D/Mono    (10245): Assembly Plugin.DeviceInfo[0xeacbb6e0] added to domain RootDomain, ref_count=1
D/Mono    (10245): AOT module 'Plugin.DeviceInfo.dll.so' not found: dlopen failed: library "/data/app/com.careerbuilder.SugarDrone-1/lib/arm/libaot-Plugin.DeviceInfo.dll.so" not found
D/Mono    (10245): AOT module '/Users/builder/data/lanes/4009/3a62f1ea/source/monodroid/builds/install/mono-armv6/lib/mono/aot-cache/arm/Plugin.DeviceInfo.dll.so' not found: dlopen failed: library "/data/app/com.careerbuilder.SugarDrone-1/lib/arm/libaot-Plugin.DeviceInfo.dll.so" not found
D/Mono    (10245): Config attempting to parse: 'Plugin.DeviceInfo.dll.config'.
D/Mono    (10245): Config attempting to parse: '/Users/builder/data/lanes/4009/3a62f1ea/source/monodroid/builds/install/mono-armv6/etc/mono/assemblies/Plugin.DeviceInfo/Plugin.DeviceInfo.config'.
D/Mono    (10245): Image addref Plugin.DeviceInfo.Abstractions[0xeacbb740] -> Plugin.DeviceInfo.Abstractions.dll[0xea6e0200]: 2
D/Mono    (10245): Prepared to set up assembly 'Plugin.DeviceInfo.Abstractions' (Plugin.DeviceInfo.Abstractions.dll)
D/Mono    (10245): Assembly Plugin.DeviceInfo.Abstractions[0xeacbb740] added to domain RootDomain, ref_count=1
D/Mono    (10245): AOT module 'Plugin.DeviceInfo.Abstractions.dll.so' not found: dlopen failed: library "/data/app/com.careerbuilder.SugarDrone-1/lib/arm/libaot-Plugin.DeviceInfo.Abstractions.dll.so" not found
D/Mono    (10245): AOT module '/Users/builder/data/lanes/4009/3a62f1ea/source/monodroid/builds/install/mono-armv6/lib/mono/aot-cache/arm/Plugin.DeviceInfo.Abstractions.dll.so' not found: dlopen failed: library "/data/app/com.careerbuilder.SugarDrone-1/lib/arm/libaot-Plugin.DeviceInfo.Abstractions.dll.so" not found
D/Mono    (10245): Config attempting to parse: 'Plugin.DeviceInfo.Abstractions.dll.config'.
D/Mono    (10245): Config attempting to parse: '/Users/builder/data/lanes/4009/3a62f1ea/source/monodroid/builds/install/mono-armv6/etc/mono/assemblies/Plugin.DeviceInfo.Abstractions/Plugin.DeviceInfo.Abstractions.config'.
D/Mono    (10245): Image addref Xamarin.GooglePlayServices.Analytics[0xeacbb7a0] -> Xamarin.GooglePlayServices.Analytics.dll[0xea6e0700]: 2
D/Mono    (10245): Prepared to set up assembly 'Xamarin.GooglePlayServices.Analytics' (Xamarin.GooglePlayServices.Analytics.dll)
D/Mono    (10245): Assembly Xamarin.GooglePlayServices.Analytics[0xeacbb7a0] added to domain RootDomain, ref_count=1
D/Mono    (10245): AOT module 'Xamarin.GooglePlayServices.Analytics.dll.so' not found: dlopen failed: library "/data/app/com.careerbuilder.SugarDrone-1/lib/arm/libaot-Xamarin.GooglePlayServices.Analytics.dll.so" not found
D/Mono    (10245): AOT module '/Users/builder/data/lanes/4009/3a62f1ea/source/monodroid/builds/install/mono-armv6/lib/mono/aot-cache/arm/Xamarin.GooglePlayServices.Analytics.dll.so' not found: dlopen failed: library "/data/app/com.careerbuilder.SugarDrone-1/lib/arm/libaot-Xamarin.GooglePlayServices.Analytics.dll.so" not found
D/Mono    (10245): Config attempting to parse: 'Xamarin.GooglePlayServices.Analytics.dll.config'.
D/Mono    (10245): Config attempting to parse: '/Users/builder/data/lanes/4009/3a62f1ea/source/monodroid/builds/install/mono-armv6/etc/mono/assemblies/Xamarin.GooglePlayServices.Analytics/Xamarin.GooglePlayServices.Analytics.config'.
D/Mono    (10245): Image addref Xamarin.GooglePlayServices.Base[0xeacbb800] -> Xamarin.GooglePlayServices.Base.dll[0xea6e0c00]: 2
D/Mono    (10245): Prepared to set up assembly 'Xamarin.GooglePlayServices.Base' (Xamarin.GooglePlayServices.Base.dll)
