<![CDATA[I/ThermalEngine(  519): ACTION: GPU - Setting GPU[0] to 600000000

]]><xtc-scenario name="[0-1072]CareerBuilder_Search.DroidFeatureTests.SearchDialogueTests.SearchButtonReturnsToSearch" id="[0-1072]CareerBuilder_Search.DroidFeatureTests.SearchDialogueTests.SearchButtonReturnsToSearch"><![CDATA[
I/ThermalEngine(  519): ACTION: GPU - Setting GPU[0] to 510000000
I/ActivityManager(  927): Killing 7590:com.android.chrome/u0a39 (adj 15): empty #17

]]><xtc-step name="[0-1072]CareerBuilder_Search.DroidFeatureTests.SearchDialogueTests.SearchButtonReturnsToSearch-SearchButtonReturnsToSearch" id="[0-1072]CareerBuilder_Search.DroidFeatureTests.SearchDialogueTests.SearchButtonReturnsToSearch-SearchButtonReturnsToSearch"><![CDATA[
I/ThermalEngine(  519): ACTION: GPU - Setting GPU[0] to 450000000
D/WifiStateMachine(  927): starting scan for "xtc-ag"WPA_PSK with 5240,5180,5220,5200
D/AndroidRuntime( 8299): >>>>>> START com.android.internal.os.RuntimeInit uid 2000 <<<<<<
D/AndroidRuntime( 8299): CheckJNI is OFF
D/ICU     ( 8299): No timezone override file found: /data/misc/zoneinfo/current/icu/icu_tzdata.dat
I/Radio-JNI( 8299): register_android_hardware_Radio DONE
D/AndroidRuntime( 8299): Calling main entry com.android.commands.pm.Pm
I/art     ( 8299): System.exit called, status: 0
I/AndroidRuntime( 8299): VM exiting with result code 0.
I/ServiceManager(  610): Waiting for service AtCmdFwd...
I/ServiceManager(  610): Waiting for service AtCmdFwd...
I/ServiceManager(  610): Waiting for service AtCmdFwd...
I/ServiceManager(  610): Waiting for service AtCmdFwd...
I/ServiceManager(  610): Waiting for service AtCmdFwd...
W/Atfwd_Sendcmd(  610): AtCmdFwd service not published, waiting... retryCnt : 5
I/ThermalEngine(  519): ACTION: GPU - Setting GPU[0] to 390000000
I/ThermalEngine(  519): ACTION: GPU - Setting GPU[0] to 450000000
D/NetlinkSocketObserver(  927): NeighborEvent{elapsedMs=200800, 10.22.0.1, [B0FAEB975089], RTM_NEWNEIGH, NUD_STALE}
I/Keyboard.Facilitator.LanguageModelFlusher( 3514): run()
I/Keyboard.Facilitator( 3514): flushDynamicLanguageModels()
I/ThermalEngine(  519): ACTION: GPU - Setting GPU[0] to 390000000
I/ThermalEngine(  519): ACTION: GPU - Setting GPU[0] to 450000000
I/ThermalEngine(  519): ACTION: GPU - Setting GPU[0] to 390000000
I/Atfwd_Sendcmd(  610): AtCmdFwd service not ready - Exhausted retry attempts - :6
I/Atfwd_Daemon(  610): result : -1 	 ,Init step :2 	 ,qmiErrorCode: 0
I/ThermalEngine(  519): ACTION: GPU - Setting GPU[0] to 450000000
I/ThermalEngine(  519): ACTION: GPU - Setting GPU[0] to 390000000
W/ip      ( 8855): type=1400 audit(0.0:69): avc: denied { search } for name="net" dev="dm-2" ino=3440648 scontext=u:r:shell:s0 tcontext=u:object_r:net_data_file:s0 tclass=dir permissive=0
D/WifiStateMachine(  927): starting scan for "xtc-ag"WPA_PSK with 5240,5180,5220,5200
I/ThermalEngine(  519): ACTION: GPU - Setting GPU[0] to 450000000
I/ServiceManager(  610): Waiting for service AtCmdFwd...
I/ServiceManager(  610): Waiting for service AtCmdFwd...
I/ServiceManager(  610): Waiting for service AtCmdFwd...
I/ThermalEngine(  519): ACTION: GPU - Setting GPU[0] to 390000000
I/ServiceManager(  610): Waiting for service AtCmdFwd...
I/ServiceManager(  610): Waiting for service AtCmdFwd...
I/ThermalEngine(  519): ACTION: GPU - Setting GPU[0] to 450000000
W/Atfwd_Sendcmd(  610): AtCmdFwd service not published, waiting... retryCnt : 1
D/AndroidRuntime( 9014): >>>>>> START com.android.internal.os.RuntimeInit uid 2000 <<<<<<
D/AndroidRuntime( 9014): CheckJNI is OFF
D/ICU     ( 9014): No timezone override file found: /data/misc/zoneinfo/current/icu/icu_tzdata.dat
I/Radio-JNI( 9014): register_android_hardware_Radio DONE
D/AndroidRuntime( 9014): Calling main entry com.android.commands.am.Am
W/ActivityManager(  927): Invalid packageName: com.careerbuilder.SugarDrone
D/AndroidRuntime( 9014): Shutting down VM
I/ThermalEngine(  519): ACTION: GPU - Setting GPU[0] to 390000000
I/ServiceManager(  610): Waiting for service AtCmdFwd...
I/ServiceManager(  610): Waiting for service AtCmdFwd...
I/ServiceManager(  610): Waiting for service AtCmdFwd...
I/ThermalEngine(  519): ACTION: GPU - Setting GPU[0] to 450000000
I/ServiceManager(  610): Waiting for service AtCmdFwd...
I/ServiceManager(  610): Waiting for service AtCmdFwd...
I/ThermalEngine(  519): ACTION: GPU - Setting GPU[0] to 390000000
W/Atfwd_Sendcmd(  610): AtCmdFwd service not published, waiting... retryCnt : 2
D/WifiStateMachine(  927): starting scan for "xtc-ag"WPA_PSK with 5240,5180,5220,5200
I/ThermalEngine(  519): ACTION: GPU - Setting GPU[0] to 450000000
I/ThermalEngine(  519): ACTION: GPU - Setting GPU[0] to 390000000
I/ServiceManager(  610): Waiting for service AtCmdFwd...
I/ServiceManager(  610): Waiting for service AtCmdFwd...
I/ServiceManager(  610): Waiting for service AtCmdFwd...
I/ServiceManager(  610): Waiting for service AtCmdFwd...
I/ServiceManager(  610): Waiting for service AtCmdFwd...
W/Atfwd_Sendcmd(  610): AtCmdFwd service not published, waiting... retryCnt : 3
I/ThermalEngine(  519): ACTION: GPU - Setting GPU[0] to 450000000
I/ThermalEngine(  519): ACTION: GPU - Setting GPU[0] to 390000000
D/AndroidRuntime( 9401): >>>>>> START com.android.internal.os.RuntimeInit uid 2000 <<<<<<
D/AndroidRuntime( 9401): CheckJNI is OFF
D/ICU     ( 9401): No timezone override file found: /data/misc/zoneinfo/current/icu/icu_tzdata.dat
I/Radio-JNI( 9401): register_android_hardware_Radio DONE
D/AndroidRuntime( 9401): Calling main entry com.android.commands.pm.Pm
I/ActivityManager(  927): Start proc 9420:com.android.defcontainer/u0a7 for service com.android.defcontainer/.DefaultContainerService
D/DefContainer( 9420): Copying /data/local/tmp/0000006496 to base.apk
I/PackageManager.DexOptimizer(  927): Running dexopt (dex2oat) on: /data/app/vmdl896083127.tmp/base.apk pkg=com.careerbuilder.SugarDrone isa=arm vmSafeMode=false debuggable=true oatDir = /data/app/vmdl896083127.tmp/oat bootComplete=true
I/dex2oat ( 9455): /system/bin/dex2oat -j2 --debuggable
W/dex2oat ( 9455): Before Android 4.1, method android.graphics.PorterDuffColorFilter android.support.graphics.drawable.VectorDrawableCompat.updateTintFilter(android.graphics.PorterDuffColorFilter, android.content.res.ColorStateList, android.graphics.PorterDuff$Mode) would have incorrectly overridden the package-private method in android.graphics.drawable.Drawable
W/dex2oat ( 9455): Before Android 4.1, method int android.support.v7.widget.ListViewCompat.lookForSelectablePosition(int, boolean) would have incorrectly overridden the package-private method in android.widget.ListView
D/NetlinkSocketObserver(  927): NeighborEvent{elapsedMs=273270, 10.22.0.1, [B0FAEB975089], RTM_NEWNEIGH, NUD_PROBE}
I/dex2oat ( 9455): dex2oat took 5.822s (threads: 2) arena alloc=646KB java alloc=5MB native alloc=20MB free=3MB
W/PackageManager(  927): Not granting permission android.permission.MANAGE_DOCUMENTS to package com.careerbuilder.SugarDrone (protectionLevel=2 flags=0x3808be46)
W/PackageManager(  927): Not granting permission android.permission.MOUNT_UNMOUNT_FILESYSTEMS to package com.careerbuilder.SugarDrone (protectionLevel=18 flags=0x3808be46)
V/BackupManagerService(  927): restoreAtInstall pkg=com.careerbuilder.SugarDrone token=5 restoreSet=0
V/BackupManagerService(  927): Finishing install immediately
W/Settings(  927): Setting install_non_market_apps has moved from android.provider.Settings.Global to android.provider.Settings.Secure, returning read-only value.
I/art     (  927): Starting a blocking GC Explicit
I/art     (  927): Explicit concurrent mark sweep GC freed 186031(11MB) AllocSpace objects, 57(2MB) LOS objects, 33% free, 31MB/46MB, paused 2.636ms total 167.290ms
I/art     ( 9401): System.exit called, status: 0
I/AndroidRuntime( 9401): VM exiting with result code 0.
I/InputReader(  927): Reconfiguring input devices.  changes=0x00000010
D/CarrierServiceBindHelper( 3676): Receive action: android.intent.action.PACKAGE_ADDED
D/CarrierServiceBindHelper( 3676): mHandler: 3
D/CarrierConfigLoader( 3676): mHandler: 9 phoneId: 0
I/ActivityManager(  927): Start proc 9534:com.android.musicfx/u0a21 for broadcast com.android.musicfx/.Compatibility$Receiver
W/System  ( 9534): ClassLoader referenced unknown path: /system/priv-app/MusicFX/lib/arm64
I/ActivityManager(  927): Start proc 9548:com.android.vending/u0a22 for broadcast com.android.vending/com.google.android.finsky.receivers.PackageMonitorReceiver$RegisteredReceiver
I/ActivityManager(  927): Killing 7457:com.google.android.music:main/u0a59 (adj 15): empty #17
W/System  ( 9548): ClassLoader referenced unknown path: /system/priv-app/Phonesky/lib/arm64
W/Finsky  ( 9548): [1] FinskyApp.getCurrentAccount: No account configured on this device.
D/Finsky  ( 9548): [1] FinskyApp.onCreate: Initializing network with DFE https://android.clients.google.com/fdfe/
W/Finsky  ( 9548): [1] FinskyApp.getCurrentAccount: No account configured on this device.
W/Finsky  ( 9548): [1] FinskyApp.getCurrentAccount: No account configured on this device.
W/Finsky  ( 9548): [1] FinskyApp.getCurrentAccount: No account configured on this device.
W/Finsky  ( 9548): [1] FinskyApp.getCurrentAccount: No account configured on this device.
W/Finsky  ( 9548): [1] FinskyApp.getCurrentAccount: No account configured on this device.
W/Finsky  ( 9548): [1] FinskyApp.getCurrentAccount: No account configured on this device.
W/Finsky  ( 9548): [1] FinskyApp.getCurrentAccount: No account configured on this device.
D/Finsky  ( 9548): [1] DailyHygiene.goMakeHygieneIfDirty: No need to run daily hygiene.
W/Settings( 9548): Setting download_manager_max_bytes_over_mobile has moved from android.provider.Settings.Secure to android.provider.Settings.Global.
W/Settings( 9548): Setting download_manager_recommended_max_bytes_over_mobile has moved from android.provider.Settings.Secure to android.provider.Settings.Global.
W/Finsky  ( 9548): [1] FinskyApp.getCurrentAccount: No account configured on this device.
W/Finsky  ( 9548): [1] FinskyApp.getCurrentAccount: No account configured on this device.
W/Finsky  ( 9548): [1] FinskyApp.getDfeApi: No account configured on this device.
W/Finsky  ( 9548): [1] FinskyApp.getCurrentAccount: No account configured on this device.
D/Ads     ( 9548): Skipping gmscore version check
I/ActivityManager(  927): Start proc 9587:com.google.android.apps.docs/u0a43 for broadcast com.google.android.apps.docs/.receivers.AppPackageAddRemoveReceiver
I/UpdateIcingCorporaServi( 7826): Updating corpora: APPS=com.careerbuilder.SugarDrone, CONTACTS=MAYBE
W/System  ( 9587): ClassLoader referenced unknown path: /system/app/Drive/lib/arm64
W/IcingInternalCorpora( 4429): getNumBytesRead when not calculated.
D/Finsky  ( 9548): [1] ExternalReferrer.access$200: Package state data is missing for com.careerbuilder.SugarDrone
I/UpdateIcingCorporaServi( 7826): UpdateCorporaTask done [took 255 ms] updated apps [took 255 ms] 
W/Finsky  ( 9548): [1] FinskyApp.getCurrentAccount: No account configured on this device.
W/Finsky  ( 9548): [1] FinskyApp.getCurrentAccount: No account configured on this device.
D/Finsky  ( 9548): [1] GmsCoreHelper.cleanupNlp: result=false type=4
D/Finsky  ( 9548): [1] RestoreTracker.stopServiceIfDone: Restore complete with 0 success and 0 failed.
I/Icing   ( 4429): Usage reports 0 indexed 0 rejected 0 imm upload true
I/GAv4    ( 9587): Google Analytics 7.8.95 is starting up. To enable debug logging on a device run:
I/GAv4    ( 9587):   adb shell setprop log.tag.GAv4 DEBUG
I/GAv4    ( 9587):   adb logcat -s GAv4
W/GAv4    ( 9587): AnalyticsReceiver is not registered or is disabled. Register the receiver for reliable dispatching on non-Google Play devices. See http://goo.gl/8Rd3yj for instructions.
D/AndroidRuntime( 9571): >>>>>> START com.android.internal.os.RuntimeInit uid 2000 <<<<<<
D/AndroidRuntime( 9571): CheckJNI is OFF
W/GAv4    ( 9587): CampaignTrackingReceiver is not registered, not exported or is disabled. Installation campaign tracking is not possible. See http://goo.gl/8Rd3yj for instructions.
W/AnalyticsTrackerProxyImpl( 9587): Analytics setup for ID UA-21125203-2, app name Drive, version 2.3.327.05.46
W/GAv4    ( 9587): AnalyticsService not registered in the app manifest. Hits might not be delivered reliably. See http://goo.gl/8Rd3yj for instructions.
D/ICU     ( 9571): No timezone override file found: /data/misc/zoneinfo/current/icu/icu_tzdata.dat
I/Radio-JNI( 9571): register_android_hardware_Radio DONE
D/AndroidRuntime( 9571): Calling main entry com.android.commands.settings.SettingsCmd
D/AndroidRuntime( 9571): Shutting down VM
I/ActivityManager(  927): Killing 7669:com.google.android.gms.unstable/u0a12 (adj 15): empty #17
D/Wear_Controller( 4429): Received broadcast action=android.intent.action.PACKAGE_ADDED and uri=com.careerbuilder.SugarDrone
I/PeopleContactsSync( 4429): triggerPendingContactsCleanup: no accounts
I/Icing   ( 4429): Usage reports 0 indexed 0 rejected 0 imm upload false
I/Icing   ( 4429): Usage reports 0 indexed 0 rejected 0 imm upload false
I/Icing   ( 4429): Indexing 28F82D1719B878795C499362459A54C53C07CE39 from com.google.android.googlequicksearchbox
I/Icing   ( 4429): Indexing done 28F82D1719B878795C499362459A54C53C07CE39
W/linker  ( 9587): /data/app/com.google.android.gms-2/lib/arm64/libconscrypt_gmscore_jni.so: unused DT entry: type 0x1d arg 0x80
V/JNIHelp ( 9587): Registering com/google/android/gms/org/conscrypt/NativeCrypto's 242 native methods...
I/art     ( 9587): Rejecting re-init on previously-failed class java.lang.Class<com.google.android.gms.org.conscrypt.OpenSSLExtendedSessionImpl>
I/art     ( 9587): Rejecting re-init on previously-failed class java.lang.Class<com.google.android.gms.org.conscrypt.OpenSSLExtendedSessionImpl>
I/ProviderInstaller( 9587): Installed default security provider GmsCore_OpenSSL
D/AndroidRuntime( 9640): >>>>>> START com.android.internal.os.RuntimeInit uid 2000 <<<<<<
D/AndroidRuntime( 9640): CheckJNI is OFF
D/ICU     ( 9640): No timezone override file found: /data/misc/zoneinfo/current/icu/icu_tzdata.dat
I/ServiceManager(  610): Waiting for service AtCmdFwd...
I/Radio-JNI( 9640): register_android_hardware_Radio DONE
D/AndroidRuntime( 9640): Calling main entry com.android.commands.settings.SettingsCmd
D/AndroidRuntime( 9640): Shutting down VM
I/Icing   ( 4429): Indexing 0469E070D22A38B042E767B0F2FFD16370CACCB7 from com.google.android.gms
I/Icing   ( 4429): Indexing done 0469E070D22A38B042E767B0F2FFD16370CACCB7
I/ActivityManager(  927): Killing 7962:com.android.providers.calendar/u0a1 (adj 15): empty #17
I/ServiceManager(  610): Waiting for service AtCmdFwd...
D/AndroidRuntime( 9653): >>>>>> START com.android.internal.os.RuntimeInit uid 2000 <<<<<<
D/AndroidRuntime( 9653): CheckJNI is OFF
D/ICU     ( 9653): No timezone override file found: /data/misc/zoneinfo/current/icu/icu_tzdata.dat
I/Radio-JNI( 9653): register_android_hardware_Radio DONE
D/AndroidRuntime( 9653): Calling main entry com.android.commands.settings.SettingsCmd
D/AndroidRuntime( 9653): Shutting down VM
I/ThermalEngine(  519): ACTION: GPU - Setting GPU[0] to 450000000
I/ServiceManager(  610): Waiting for service AtCmdFwd...
D/AndroidRuntime( 9663): >>>>>> START com.android.internal.os.RuntimeInit uid 2000 <<<<<<
D/AndroidRuntime( 9663): CheckJNI is OFF
D/ICU     ( 9663): No timezone override file found: /data/misc/zoneinfo/current/icu/icu_tzdata.dat
I/Radio-JNI( 9663): register_android_hardware_Radio DONE
D/AndroidRuntime( 9663): Calling main entry com.android.commands.settings.SettingsCmd
D/AndroidRuntime( 9663): Shutting down VM
I/ServiceManager(  610): Waiting for service AtCmdFwd...
D/AndroidRuntime( 9671): >>>>>> START com.android.internal.os.RuntimeInit uid 2000 <<<<<<
D/AndroidRuntime( 9671): CheckJNI is OFF
D/ICU     ( 9671): No timezone override file found: /data/misc/zoneinfo/current/icu/icu_tzdata.dat
I/Radio-JNI( 9671): register_android_hardware_Radio DONE
D/AndroidRuntime( 9671): Calling main entry com.android.commands.settings.SettingsCmd
D/AndroidRuntime( 9671): Shutting down VM
D/AndroidRuntime( 9680): >>>>>> START com.android.internal.os.RuntimeInit uid 2000 <<<<<<
D/AndroidRuntime( 9680): CheckJNI is OFF
I/ServiceManager(  610): Waiting for service AtCmdFwd...
D/ICU     ( 9680): No timezone override file found: /data/misc/zoneinfo/current/icu/icu_tzdata.dat
I/Radio-JNI( 9680): register_android_hardware_Radio DONE
D/AndroidRuntime( 9680): Calling main entry com.android.commands.appops.AppOpsCommand
D/AndroidRuntime( 9680): Shutting down VM
D/AndroidRuntime( 9689): >>>>>> START com.android.internal.os.RuntimeInit uid 2000 <<<<<<
D/AndroidRuntime( 9689): CheckJNI is OFF
W/Atfwd_Sendcmd(  610): AtCmdFwd service not published, waiting... retryCnt : 4
D/ICU     ( 9689): No timezone override file found: /data/misc/zoneinfo/current/icu/icu_tzdata.dat
I/Radio-JNI( 9689): register_android_hardware_Radio DONE
D/AndroidRuntime( 9689): Calling main entry com.android.commands.pm.Pm
I/art     ( 9689): System.exit called, status: 0
I/AndroidRuntime( 9689): VM exiting with result code 0.
I/ActivityManager(  927): Killing 7078:com.google.android.talk/u0a53 (adj 15): empty #17
D/AndroidRuntime( 9701): >>>>>> START com.android.internal.os.RuntimeInit uid 2000 <<<<<<
D/AndroidRuntime( 9701): CheckJNI is OFF
D/ICU     ( 9701): No timezone override file found: /data/misc/zoneinfo/current/icu/icu_tzdata.dat
I/Radio-JNI( 9701): register_android_hardware_Radio DONE
D/AndroidRuntime( 9701): Calling main entry com.android.commands.pm.Pm
I/art     ( 9701): System.exit called, status: 0
I/AndroidRuntime( 9701): VM exiting with result code 0.
W/ip      ( 9737): type=1400 audit(0.0:70): avc: denied { search } for name="net" dev="dm-2" ino=3440648 scontext=u:r:shell:s0 tcontext=u:object_r:net_data_file:s0 tclass=dir permissive=0
D/AndroidRuntime( 9735): >>>>>> START com.android.internal.os.RuntimeInit uid 2000 <<<<<<
D/AndroidRuntime( 9735): CheckJNI is OFF
D/ICU     ( 9735): No timezone override file found: /data/misc/zoneinfo/current/icu/icu_tzdata.dat
I/ThermalEngine(  519): ACTION: GPU - Setting GPU[0] to 510000000
I/Radio-JNI( 9735): register_android_hardware_Radio DONE
D/AndroidRuntime( 9735): Calling main entry com.android.commands.am.Am
W/ActivityManager(  927): Invalid packageName: com.careerbuilder.SugarDrone.test
D/AndroidRuntime( 9735): Shutting down VM
D/WifiStateMachine(  927): starting scan for "xtc-ag"WPA_PSK with 5240,5180,5220,5200
D/AndroidRuntime( 9747): >>>>>> START com.android.internal.os.RuntimeInit uid 2000 <<<<<<
D/AndroidRuntime( 9747): CheckJNI is OFF
D/ICU     ( 9747): No timezone override file found: /data/misc/zoneinfo/current/icu/icu_tzdata.dat
I/Radio-JNI( 9747): register_android_hardware_Radio DONE
D/AndroidRuntime( 9747): Calling main entry com.android.commands.pm.Pm
D/DefContainer( 9420): Copying /data/local/tmp/0000006497 to base.apk
I/PackageManager.DexOptimizer(  927): Running dexopt (dex2oat) on: /data/app/vmdl992009653.tmp/base.apk pkg=com.careerbuilder.SugarDrone.test isa=arm64 vmSafeMode=false debuggable=false oatDir = /data/app/vmdl992009653.tmp/oat bootComplete=true
I/dex2oat ( 9757): /system/bin/dex2oat -j2
D/Finsky  ( 9548): [400] AppStatesReplicator.handleContentSyncResponse: Completed 0 account content syncs with 0 successful.
D/Finsky  ( 9548): [1] ContentSyncService$5.onFinished: Installation state replication succeeded.
W/dex2oat ( 9757): No verified method for method calling String.<init>: java.lang.String android.text.TextUtils.substring(java.lang.CharSequence, int, int)
W/dex2oat ( 9757): No verified method for method calling String.<init>: java.lang.String android.text.TextUtils.substring(java.lang.CharSequence, int, int)
I/dex2oat ( 9757): Skipping compilation of void sh.calaba.org.codehaus.jackson.impl.Utf8StreamParser._skipString(): it contains a non natural loop
I/dex2oat ( 9757): dex2oat took 2.299s (threads: 2) arena alloc=2MB java alloc=2MB native alloc=9MB free=1911KB
W/PackageManager(  927): Not granting permission android.permission.ACCESS_MOCK_LOCATION to package com.careerbuilder.SugarDrone.test (protectionLevel=2 flags=0x1800be44)
V/BackupManagerService(  927): restoreAtInstall pkg=com.careerbuilder.SugarDrone.test token=6 restoreSet=0
V/BackupManagerService(  927): Finishing install immediately
W/Settings(  927): Setting install_non_market_apps has moved from android.provider.Settings.Global to android.provider.Settings.Secure, returning read-only value.
I/art     (  927): Starting a blocking GC Explicit
I/art     (  927): Explicit concurrent mark sweep GC freed 114471(7MB) AllocSpace objects, 17(384KB) LOS objects, 33% free, 30MB/45MB, paused 2.166ms total 139.357ms
I/art     ( 9747): System.exit called, status: 0
I/AndroidRuntime( 9747): VM exiting with result code 0.
I/InputReader(  927): Reconfiguring input devices.  changes=0x00000010
D/CarrierServiceBindHelper( 3676): Receive action: android.intent.action.PACKAGE_ADDED
D/CarrierServiceBindHelper( 3676): mHandler: 3
D/CarrierConfigLoader( 3676): mHandler: 9 phoneId: 0
D/Finsky  ( 9548): [1] ExternalReferrer.access$200: Package state data is missing for com.careerbuilder.SugarDrone.test
I/UpdateIcingCorporaServi( 7826): Updating corpora: APPS=com.careerbuilder.SugarDrone.test, CONTACTS=MAYBE
I/UpdateIcingCorporaServi( 7826): UpdateCorporaTask done [took 53 ms] updated apps [took 53 ms] 
D/Wear_Controller( 4429): Received broadcast action=android.intent.action.PACKAGE_ADDED and uri=com.careerbuilder.SugarDrone.test
I/PeopleContactsSync( 4429): triggerPendingContactsCleanup: no accounts
W/IcingInternalCorpora( 4429): getNumBytesRead when not calculated.
I/Icing   ( 4429): Usage reports 0 indexed 0 rejected 0 imm upload false
I/Icing   ( 4429): Usage reports 0 indexed 0 rejected 0 imm upload false
D/AndroidRuntime( 9786): >>>>>> START com.android.internal.os.RuntimeInit uid 2000 <<<<<<
D/AndroidRuntime( 9786): CheckJNI is OFF
D/ICU     ( 9786): No timezone override file found: /data/misc/zoneinfo/current/icu/icu_tzdata.dat
I/Radio-JNI( 9786): register_android_hardware_Radio DONE
D/AndroidRuntime( 9786): Calling main entry com.android.commands.settings.SettingsCmd
D/AndroidRuntime( 9786): Shutting down VM
I/Icing   ( 4429): Indexing 0469E070D22A38B042E767B0F2FFD16370CACCB7 from com.google.android.gms
I/Icing   ( 4429): Indexing done 0469E070D22A38B042E767B0F2FFD16370CACCB7
D/AndroidRuntime( 9795): >>>>>> START com.android.internal.os.RuntimeInit uid 2000 <<<<<<
D/AndroidRuntime( 9795): CheckJNI is OFF
D/ICU     ( 9795): No timezone override file found: /data/misc/zoneinfo/current/icu/icu_tzdata.dat
I/Radio-JNI( 9795): register_android_hardware_Radio DONE
D/AndroidRuntime( 9795): Calling main entry com.android.commands.settings.SettingsCmd
D/AndroidRuntime( 9795): Shutting down VM
D/AndroidRuntime( 9806): >>>>>> START com.android.internal.os.RuntimeInit uid 2000 <<<<<<
D/AndroidRuntime( 9806): CheckJNI is OFF
D/ICU     ( 9806): No timezone override file found: /data/misc/zoneinfo/current/icu/icu_tzdata.dat
I/Radio-JNI( 9806): register_android_hardware_Radio DONE
D/AndroidRuntime( 9806): Calling main entry com.android.commands.settings.SettingsCmd
D/AndroidRuntime( 9806): Shutting down VM
I/ThermalEngine(  519): ACTION: GPU - Setting GPU[0] to 450000000
D/AndroidRuntime( 9816): >>>>>> START com.android.internal.os.RuntimeInit uid 2000 <<<<<<
D/AndroidRuntime( 9816): CheckJNI is OFF
D/ICU     ( 9816): No timezone override file found: /data/misc/zoneinfo/current/icu/icu_tzdata.dat
I/Radio-JNI( 9816): register_android_hardware_Radio DONE
D/AndroidRuntime( 9816): Calling main entry com.android.commands.settings.SettingsCmd
D/AndroidRuntime( 9816): Shutting down VM
D/AndroidRuntime( 9824): >>>>>> START com.android.internal.os.RuntimeInit uid 2000 <<<<<<
D/AndroidRuntime( 9824): CheckJNI is OFF
D/ICU     ( 9824): No timezone override file found: /data/misc/zoneinfo/current/icu/icu_tzdata.dat
I/Radio-JNI( 9824): register_android_hardware_Radio DONE
D/AndroidRuntime( 9824): Calling main entry com.android.commands.settings.SettingsCmd
D/AndroidRuntime( 9824): Shutting down VM
D/AndroidRuntime( 9833): >>>>>> START com.android.internal.os.RuntimeInit uid 2000 <<<<<<
D/AndroidRuntime( 9833): CheckJNI is OFF
D/ICU     ( 9833): No timezone override file found: /data/misc/zoneinfo/current/icu/icu_tzdata.dat
I/Radio-JNI( 9833): register_android_hardware_Radio DONE
D/AndroidRuntime( 9833): Calling main entry com.android.commands.appops.AppOpsCommand
D/AndroidRuntime( 9833): Shutting down VM
I/ThermalEngine(  519): ACTION: GPU - Setting GPU[0] to 510000000
D/AndroidRuntime( 9842): >>>>>> START com.android.internal.os.RuntimeInit uid 2000 <<<<<<
D/AndroidRuntime( 9842): CheckJNI is OFF
D/ICU     ( 9842): No timezone override file found: /data/misc/zoneinfo/current/icu/icu_tzdata.dat
I/Radio-JNI( 9842): register_android_hardware_Radio DONE
D/AndroidRuntime( 9842): Calling main entry com.android.commands.pm.Pm
I/art     ( 9842): System.exit called, status: 0
I/AndroidRuntime( 9842): VM exiting with result code 0.
D/AndroidRuntime( 9854): >>>>>> START com.android.internal.os.RuntimeInit uid 2000 <<<<<<
D/AndroidRuntime( 9854): CheckJNI is OFF
D/ICU     ( 9854): No timezone override file found: /data/misc/zoneinfo/current/icu/icu_tzdata.dat
I/Radio-JNI( 9854): register_android_hardware_Radio DONE
D/AndroidRuntime( 9854): Calling main entry com.android.commands.pm.Pm
I/art     ( 9854): System.exit called, status: 0
I/AndroidRuntime( 9854): VM exiting with result code 0.
I/ServiceManager(  610): Waiting for service AtCmdFwd...
I/ServiceManager(  610): Waiting for service AtCmdFwd...
I/ServiceManager(  610): Waiting for service AtCmdFwd...
D/AndroidRuntime( 9876): >>>>>> START com.android.internal.os.RuntimeInit uid 2000 <<<<<<
D/AndroidRuntime( 9876): CheckJNI is OFF
D/ICU     ( 9876): No timezone override file found: /data/misc/zoneinfo/current/icu/icu_tzdata.dat
I/Radio-JNI( 9876): register_android_hardware_Radio DONE
D/AndroidRuntime( 9876): Calling main entry com.android.commands.input.Input
I/Input   ( 9876): injectKeyEvent: KeyEvent { action=ACTION_DOWN, keyCode=KEYCODE_BACK, scanCode=0, metaState=0, flags=0x0, repeatCount=0, eventTime=303269, downTime=303269, deviceId=-1, source=0x101 }
I/Input   ( 9876): injectKeyEvent: KeyEvent { action=ACTION_UP, keyCode=KEYCODE_BACK, scanCode=0, metaState=0, flags=0x0, repeatCount=0, eventTime=303269, downTime=303269, deviceId=-1, source=0x101 }
D/EmojiAltPhysicalKeyDetector( 3514): onKeyUp() : KeyEvent { action=ACTION_UP, keyCode=KEYCODE_BACK, scanCode=0, metaState=0, flags=0x0, repeatCount=0, eventTime=303269, downTime=303269, deviceId=-1, source=0x101 }
D/EmojiAltPhysicalKeyDetector( 3514): onKeyUp() : Disabled
D/AndroidRuntime( 9876): Shutting down VM
I/ServiceManager(  610): Waiting for service AtCmdFwd...
D/AndroidRuntime( 9903): >>>>>> START com.android.internal.os.RuntimeInit uid 2000 <<<<<<
D/AndroidRuntime( 9903): CheckJNI is OFF
D/ICU     ( 9903): No timezone override file found: /data/misc/zoneinfo/current/icu/icu_tzdata.dat
I/Radio-JNI( 9903): register_android_hardware_Radio DONE
D/AndroidRuntime( 9903): Calling main entry com.android.commands.input.Input
I/Input   ( 9903): injectKeyEvent: KeyEvent { action=ACTION_DOWN, keyCode=KEYCODE_HOME, scanCode=0, metaState=0, flags=0x0, repeatCount=0, eventTime=305016, downTime=305016, deviceId=-1, source=0x101 }
I/Input   ( 9903): injectKeyEvent: KeyEvent { action=ACTION_UP, keyCode=KEYCODE_HOME, scanCode=0, metaState=0, flags=0x0, repeatCount=0, eventTime=305016, downTime=305016, deviceId=-1, source=0x101 }
I/ActivityManager(  927): START u0 {act=android.intent.action.MAIN cat=[android.intent.category.HOME] flg=0x10200000 cmp=com.google.android.googlequicksearchbox/com.google.android.launcher.GEL (has extras)} from uid 1000 on display 0
D/AndroidRuntime( 9903): Shutting down VM
I/GEL     ( 3703): handleIntent(Intent { act=android.intent.action.MAIN cat=[android.intent.category.HOME] flg=0x10200000 cmp=com.google.android.googlequicksearchbox/com.google.android.launcher.GEL (has extras) })
I/ServiceManager(  610): Waiting for service AtCmdFwd...
W/Atfwd_Sendcmd(  610): AtCmdFwd service not published, waiting... retryCnt : 5
D/AndroidRuntime( 9916): >>>>>> START com.android.internal.os.RuntimeInit uid 2000 <<<<<<
D/AndroidRuntime( 9916): CheckJNI is OFF
D/ICU     ( 9916): No timezone override file found: /data/misc/zoneinfo/current/icu/icu_tzdata.dat
I/Radio-JNI( 9916): register_android_hardware_Radio DONE
D/AndroidRuntime( 9916): Calling main entry com.android.commands.input.Input
I/Input   ( 9916): injectKeyEvent: KeyEvent { action=ACTION_DOWN, keyCode=KEYCODE_BACK, scanCode=0, metaState=0, flags=0x0, repeatCount=0, eventTime=306339, downTime=306339, deviceId=-1, source=0x101 }
I/Input   ( 9916): injectKeyEvent: KeyEvent { action=ACTION_UP, keyCode=KEYCODE_BACK, scanCode=0, metaState=0, flags=0x0, repeatCount=0, eventTime=306339, downTime=306339, deviceId=-1, source=0x101 }
D/EmojiAltPhysicalKeyDetector( 3514): onKeyUp() : KeyEvent { action=ACTION_UP, keyCode=KEYCODE_BACK, scanCode=0, metaState=0, flags=0x0, repeatCount=0, eventTime=306339, downTime=306339, deviceId=-1, source=0x101 }
D/EmojiAltPhysicalKeyDetector( 3514): onKeyUp() : Disabled
D/AndroidRuntime( 9916): Shutting down VM
D/Finsky  ( 9548): [400] AppStatesReplicator.handleContentSyncResponse: Completed 0 account content syncs with 0 successful.
D/Finsky  ( 9548): [1] ContentSyncService$5.onFinished: Installation state replication succeeded.
D/AndroidRuntime( 9933): >>>>>> START com.android.internal.os.RuntimeInit uid 2000 <<<<<<
D/AndroidRuntime( 9933): CheckJNI is OFF
D/ICU     ( 9933): No timezone override file found: /data/misc/zoneinfo/current/icu/icu_tzdata.dat
I/Radio-JNI( 9933): register_android_hardware_Radio DONE
D/AndroidRuntime( 9933): Calling main entry com.android.commands.am.Am
I/ActivityManager(  927): Force stopping com.careerbuilder.SugarDrone appid=19308 user=0: start instr
I/art     ( 9942): Late-enabling -Xcheck:jni
I/ActivityManager(  927): Start proc 9942:com.careerbuilder.SugarDrone/u0a9308 for added application com.careerbuilder.SugarDrone
E/dex2oat ( 9955): Failed to create oat file: /data/dalvik-cache/arm/data@app@com.careerbuilder.SugarDrone.test-1@base.apk@classes.dex: Permission denied
I/dex2oat ( 9955): dex2oat took 768.437us (threads: 2) 
W/art     ( 9942): Failed execv(/system/bin/dex2oat --runtime-arg -classpath --runtime-arg  --instruction-set=arm --instruction-set-features=smp,div,-atomic_ldrd_strd --runtime-arg -Xrelocate --boot-image=/system/framework/boot.art --runtime-arg -Xms64m --runtime-arg -Xmx512m -j2 --instruction-set-variant=cortex-a7 --instruction-set-features=default --dex-file=/data/app/com.careerbuilder.SugarDrone.test-1/base.apk --oat-file=/data/dalvik-cache/arm/data@app@com.careerbuilder.SugarDrone.test-1@base.apk@classes.dex) because non-0 exit status
W/System  ( 9942): ClassLoader referenced unknown path: /data/app/com.careerbuilder.SugarDrone.test-1/lib/arm64
W/monodroid( 9942): Using override path: /data/user/0/com.careerbuilder.SugarDrone/files/.__override__
W/monodroid( 9942): Trying to load sgen from: /data/user/0/com.careerbuilder.SugarDrone/files/.__override__/libmonosgen-2.0.so
W/monodroid( 9942): Trying to load sgen from: /storage/emulated/0/Android/data/com.careerbuilder.SugarDrone/files/.__override__/libmonosgen-2.0.so
W/monodroid( 9942): Trying to load sgen from: /data/app/com.careerbuilder.SugarDrone-1/lib/arm/libmonosgen-2.0.so
I/ThermalEngine(  519): ACTION: GPU - Setting GPU[0] to 450000000
D/Mono    ( 9942): Image addref mscorlib[0xef1e9020] -> mscorlib.dll[0xecd7a900]: 2
D/Mono    ( 9942): Prepared to set up assembly 'mscorlib' (mscorlib.dll)
D/Mono    ( 9942): AOT module 'mscorlib.dll.so' not found: dlopen failed: library "/data/app/com.careerbuilder.SugarDrone-1/lib/arm/libaot-mscorlib.dll.so" not found
D/Mono    ( 9942): AOT module '/Users/builder/data/lanes/4009/3a62f1ea/source/monodroid/builds/install/mono-armv6/lib/mono/aot-cache/arm/mscorlib.dll.so' not found: dlopen failed: library "/data/app/com.careerbuilder.SugarDrone-1/lib/arm/libaot-mscorlib.dll.so" not found
D/Mono    ( 9942): Config attempting to parse: 'mscorlib.dll.config'.
D/Mono    ( 9942): Config attempting to parse: '/Users/builder/data/lanes/4009/3a62f1ea/source/monodroid/builds/install/mono-armv6/etc/mono/assemblies/mscorlib/mscorlib.config'.
D/Mono    ( 9942): Assembly mscorlib[0xef1e9020] added to domain RootDomain, ref_count=1
D/Mono    ( 9942): Image addref CareerBuilder_Search.Droid[0xef1e9080] -> CareerBuilder_Search.Droid.dll[0xecd7cc00]: 2
D/Mono    ( 9942): Prepared to set up assembly 'CareerBuilder_Search.Droid' (CareerBuilder_Search.Droid.dll)
D/Mono    ( 9942): Assembly CareerBuilder_Search.Droid[0xef1e9080] added to domain RootDomain, ref_count=1
D/Mono    ( 9942): AOT module 'CareerBuilder_Search.Droid.dll.so' not found: dlopen failed: library "/data/app/com.careerbuilder.SugarDrone-1/lib/arm/libaot-CareerBuilder_Search.Droid.dll.so" not found
D/Mono    ( 9942): AOT module '/Users/builder/data/lanes/4009/3a62f1ea/source/monodroid/builds/install/mono-armv6/lib/mono/aot-cache/arm/CareerBuilder_Search.Droid.dll.so' not found: dlopen failed: library "/data/app/com.careerbuilder.SugarDrone-1/lib/arm/libaot-CareerBuilder_Search.Droid.dll.so" not found
D/Mono    ( 9942): Config attempting to parse: 'CareerBuilder_Search.Droid.dll.config'.
D/Mono    ( 9942): Config attempting to parse: '/Users/builder/data/lanes/4009/3a62f1ea/source/monodroid/builds/install/mono-armv6/etc/mono/assemblies/CareerBuilder_Search.Droid/CareerBuilder_Search.Droid.config'.
D/Mono    ( 9942): Image addref AppsFlyerXamarinBindingAndroid[0xef1e90e0] -> AppsFlyerXamarinBindingAndroid.dll[0xecd7d100]: 2
D/Mono    ( 9942): Prepared to set up assembly 'AppsFlyerXamarinBindingAndroid' (AppsFlyerXamarinBindingAndroid.dll)
D/Mono    ( 9942): Assembly AppsFlyerXamarinBindingAndroid[0xef1e90e0] added to domain RootDomain, ref_count=1
D/Mono    ( 9942): AOT module 'AppsFlyerXamarinBindingAndroid.dll.so' not found: dlopen failed: library "/data/app/com.careerbuilder.SugarDrone-1/lib/arm/libaot-AppsFlyerXamarinBindingAndroid.dll.so" not found
D/Mono    ( 9942): AOT module '/Users/builder/data/lanes/4009/3a62f1ea/source/monodroid/builds/install/mono-armv6/lib/mono/aot-cache/arm/AppsFlyerXamarinBindingAndroid.dll.so' not found: dlopen failed: library "/data/app/com.careerbuilder.SugarDrone-1/lib/arm/libaot-AppsFlyerXamarinBindingAndroid.dll.so" not found
D/Mono    ( 9942): Config attempting to parse: 'AppsFlyerXamarinBindingAndroid.dll.config'.
D/Mono    ( 9942): Config attempting to parse: '/Users/builder/data/lanes/4009/3a62f1ea/source/monodroid/builds/install/mono-armv6/etc/mono/assemblies/AppsFlyerXamarinBindingAndroid/AppsFlyerXamarinBindingAndroid.config'.
D/Mono    ( 9942): Image addref HockeySDK[0xef1e9140] -> HockeySDK.dll[0xecd7d600]: 2
D/Mono    ( 9942): Prepared to set up assembly 'HockeySDK' (HockeySDK.dll)
D/Mono    ( 9942): Assembly HockeySDK[0xef1e9140] added to domain RootDomain, ref_count=1
D/Mono    ( 9942): AOT module 'HockeySDK.dll.so' not found: dlopen failed: library "/data/app/com.careerbuilder.SugarDrone-1/lib/arm/libaot-HockeySDK.dll.so" not found
D/Mono    ( 9942): AOT module '/Users/builder/data/lanes/4009/3a62f1ea/source/monodroid/builds/install/mono-armv6/lib/mono/aot-cache/arm/HockeySDK.dll.so' not found: dlopen failed: library "/data/app/com.careerbuilder.SugarDrone-1/lib/arm/libaot-HockeySDK.dll.so" not found
D/Mono    ( 9942): Config attempting to parse: 'HockeySDK.dll.config'.
D/Mono    ( 9942): Config attempting to parse: '/Users/builder/data/lanes/4009/3a62f1ea/source/monodroid/builds/install/mono-armv6/etc/mono/assemblies/HockeySDK/HockeySDK.config'.
D/Mono    ( 9942): Image addref Akavache[0xef1e91a0] -> Akavache.dll[0xecd7db00]: 2
D/Mono    ( 9942): Prepared to set up assembly 'Akavache' (Akavache.dll)
D/Mono    ( 9942): Assembly Akavache[0xef1e91a0] added to domain RootDomain, ref_count=1
D/Mono    ( 9942): AOT module 'Akavache.dll.so' not found: dlopen failed: library "/data/app/com.careerbuilder.SugarDrone-1/lib/arm/libaot-Akavache.dll.so" not found
D/Mono    ( 9942): AOT module '/Users/builder/data/lanes/4009/3a62f1ea/source/monodroid/builds/install/mono-armv6/lib/mono/aot-cache/arm/Akavache.dll.so' not found: dlopen failed: library "/data/app/com.careerbuilder.SugarDrone-1/lib/arm/libaot-Akavache.dll.so" not found
D/Mono    ( 9942): Config attempting to parse: 'Akavache.dll.config'.
D/Mono    ( 9942): Config attempting to parse: '/Users/builder/data/lanes/4009/3a62f1ea/source/monodroid/builds/install/mono-armv6/etc/mono/assemblies/Akavache/Akavache.config'.
D/Mono    ( 9942): Image addref Akavache.Sqlite3[0xef1e9200] -> Akavache.Sqlite3.dll[0xf4eb6a00]: 2
D/Mono    ( 9942): Prepared to set up assembly 'Akavache.Sqlite3' (Akavache.Sqlite3.dll)
D/Mono    ( 9942): Assembly Akavache.Sqlite3[0xef1e9200] added to domain RootDomain, ref_count=1
D/Mono    ( 9942): AOT module 'Akavache.Sqlite3.dll.so' not found: dlopen failed: library "/data/app/com.careerbuilder.SugarDrone-1/lib/arm/libaot-Akavache.Sqlite3.dll.so" not found
D/Mono    ( 9942): AOT module '/Users/builder/data/lanes/4009/3a62f1ea/source/monodroid/builds/install/mono-armv6/lib/mono/aot-cache/arm/Akavache.Sqlite3.dll.so' not found: dlopen failed: library "/data/app/com.careerbuilder.SugarDrone-1/lib/arm/libaot-Akavache.Sqlite3.dll.so" not found
W/        ( 9942): Symbol file LoadedFromMemory doesn't match image Akavache.Sqlite3.dll
D/Mono    ( 9942): Config attempting to parse: 'Akavache.Sqlite3.dll.config'.
D/Mono    ( 9942): Config attempting to parse: '/Users/builder/data/lanes/4009/3a62f1ea/source/monodroid/builds/install/mono-armv6/etc/mono/assemblies/Akavache.Sqlite3/Akavache.Sqlite3.config'.
D/Mono    ( 9942): Image addref Splat[0xef1e9260] -> Splat.dll[0xf4eb6f00]: 2
D/Mono    ( 9942): Prepared to set up assembly 'Splat' (Splat.dll)
D/Mono    ( 9942): Assembly Splat[0xef1e9260] added to domain RootDomain, ref_count=1
D/Mono    ( 9942): AOT module 'Splat.dll.so' not found: dlopen failed: library "/data/app/com.careerbuilder.SugarDrone-1/lib/arm/libaot-Splat.dll.so" not found
D/Mono    ( 9942): AOT module '/Users/builder/data/lanes/4009/3a62f1ea/source/monodroid/builds/install/mono-armv6/lib/mono/aot-cache/arm/Splat.dll.so' not found: dlopen failed: library "/data/app/com.careerbuilder.SugarDrone-1/lib/arm/libaot-Splat.dll.so" not found
D/Mono    ( 9942): Config attempting to parse: 'Splat.dll.config'.
D/Mono    ( 9942): Config attempting to parse: '/Users/builder/data/lanes/4009/3a62f1ea/source/monodroid/builds/install/mono-armv6/etc/mono/assemblies/Splat/Splat.config'.
D/Mono    ( 9942): Image addref Microsoft.Practices.ServiceLocation[0xef1e92c0] -> Microsoft.Practices.ServiceLocation.dll[0xf4eb7400]: 2
D/Mono    ( 9942): Prepared to set up assembly 'Microsoft.Practices.ServiceLocation' (Microsoft.Practices.ServiceLocation.dll)
D/Mono    ( 9942): Assembly Microsoft.Practices.ServiceLocation[0xef1e92c0] added to domain RootDomain, ref_count=1
D/Mono    ( 9942): AOT module 'Microsoft.Practices.ServiceLocation.dll.so' not found: dlopen failed: library "/data/app/com.careerbuilder.SugarDrone-1/lib/arm/libaot-Microsoft.Practices.ServiceLocation.dll.so" not found
D/Mono    ( 9942): AOT module '/Users/builder/data/lanes/4009/3a62f1ea/source/monodroid/builds/install/mono-armv6/lib/mono/aot-cache/arm/Microsoft.Practices.ServiceLocation.dll.so' not found: dlopen failed: library "/data/app/com.careerbuilder.SugarDrone-1/lib/arm/libaot-Microsoft.Practices.ServiceLocation.dll.so" not found
D/Mono    ( 9942): Config attempting to parse: 'Microsoft.Practices.ServiceLocation.dll.config'.
D/Mono    ( 9942): Config attempting to parse: '/Users/builder/data/lanes/4009/3a62f1ea/source/monodroid/builds/install/mono-armv6/etc/mono/assemblies/Microsoft.Practices.ServiceLocation/Microsoft.Practices.ServiceLocation.config'.
D/Mono    ( 9942): Image addref Microsoft.Practices.Unity[0xef1e9320] -> Microsoft.Practices.Unity.dll[0xf4eb7900]: 2
D/Mono    ( 9942): Prepared to set up assembly 'Microsoft.Practices.Unity' (Microsoft.Practices.Unity.dll)
D/Mono    ( 9942): Assembly Microsoft.Practices.Unity[0xef1e9320] added to domain RootDomain, ref_count=1
D/Mono    ( 9942): AOT module 'Microsoft.Practices.Unity.dll.so' not found: dlopen failed: library "/data/app/com.careerbuilder.SugarDrone-1/lib/arm/libaot-Microsoft.Practices.Unity.dll.so" not found
D/Mono    ( 9942): AOT module '/Users/builder/data/lanes/4009/3a62f1ea/source/monodroid/builds/install/mono-armv6/lib/mono/aot-cache/arm/Microsoft.Practices.Unity.dll.so' not found: dlopen failed: library "/data/app/com.careerbuilder.SugarDrone-1/lib/arm/libaot-Microsoft.Practices.Unity.dll.so" not found
D/Mono    ( 9942): Config attempting to parse: 'Microsoft.Practices.Unity.dll.config'.
D/Mono    ( 9942): Config attempting to parse: '/Users/builder/data/lanes/4009/3a62f1ea/source/monodroid/builds/install/mono-armv6/etc/mono/assemblies/Microsoft.Practices.Unity/Microsoft.Practices.Unity.config'.
D/Mono    ( 9942): Image addref Plugin.CurrentActivity[0xef1e9380] -> Plugin.CurrentActivity.dll[0xeb5f5000]: 2
D/Mono    ( 9942): Prepared to set up assembly 'Plugin.CurrentActivity' (Plugin.CurrentActivity.dll)
D/Mono    ( 9942): Assembly Plugin.CurrentActivity[0xef1e9380] added to domain RootDomain, ref_count=1
D/Mono    ( 9942): AOT module 'Plugin.CurrentActivity.dll.so' not found: dlopen failed: library "/data/app/com.careerbuilder.SugarDrone-1/lib/arm/libaot-Plugin.CurrentActivity.dll.so" not found
D/Mono    ( 9942): AOT module '/Users/builder/data/lanes/4009/3a62f1ea/source/monodroid/builds/install/mono-armv6/lib/mono/aot-cache/arm/Plugin.CurrentActivity.dll.so' not found: dlopen failed: library "/data/app/com.careerbuilder.SugarDrone-1/lib/arm/libaot-Plugin.CurrentActivity.dll.so" not found
D/Mono    ( 9942): Config attempting to parse: 'Plugin.CurrentActivity.dll.config'.
D/Mono    ( 9942): Config attempting to parse: '/Users/builder/data/lanes/4009/3a62f1ea/source/monodroid/builds/install/mono-armv6/etc/mono/assemblies/Plugin.CurrentActivity/Plugin.CurrentActivity.config'.
D/Mono    ( 9942): Image addref Plugin.Permissions[0xef1e93e0] -> Plugin.Permissions.dll[0xeb5f5500]: 2
D/Mono    ( 9942): Prepared to set up assembly 'Plugin.Permissions' (Plugin.Permissions.dll)
D/Mono    ( 9942): Assembly Plugin.Permissions[0xef1e93e0] added to domain RootDomain, ref_count=1
D/Mono    ( 9942): AOT module 'Plugin.Permissions.dll.so' not found: dlopen failed: library "/data/app/com.careerbuilder.SugarDrone-1/lib/arm/libaot-Plugin.Permissions.dll.so" not found
D/Mono    ( 9942): AOT module '/Users/builder/data/lanes/4009/3a62f1ea/source/monodroid/builds/install/mono-armv6/lib/mono/aot-cache/arm/Plugin.Permissions.dll.so' not found: dlopen failed: library "/data/app/com.careerbuilder.SugarDrone-1/lib/arm/libaot-Plugin.Permissions.dll.so" not found
D/Mono    ( 9942): Config attempting to parse: 'Plugin.Permissions.dll.config'.
D/Mono    ( 9942): Config attempting to parse: '/Users/builder/data/lanes/4009/3a62f1ea/source/monodroid/builds/install/mono-armv6/etc/mono/assemblies/Plugin.Permissions/Plugin.Permissions.config'.
D/Mono    ( 9942): Image addref Plugin.Permissions.Abstractions[0xef1e9440] -> Plugin.Permissions.Abstractions.dll[0xeb5f5a00]: 2
D/Mono    ( 9942): Prepared to set up assembly 'Plugin.Permissions.Abstractions' (Plugin.Permissions.Abstractions.dll)
D/Mono    ( 9942): Assembly Plugin.Permissions.Abstractions[0xef1e9440] added to domain RootDomain, ref_count=1
D/Mono    ( 9942): AOT module 'Plugin.Permissions.Abstractions.dll.so' not found: dlopen failed: library "/data/app/com.careerbuilder.SugarDrone-1/lib/arm/libaot-Plugin.Permissions.Abstractions.dll.so" not found
D/Mono    ( 9942): AOT module '/Users/builder/data/lanes/4009/3a62f1ea/source/monodroid/builds/install/mono-armv6/lib/mono/aot-cache/arm/Plugin.Permissions.Abstractions.dll.so' not found: dlopen failed: library "/data/app/com.careerbuilder.SugarDrone-1/lib/arm/libaot-Plugin.Permissions.Abstractions.dll.so" not found
D/Mono    ( 9942): Config attempting to parse: 'Plugin.Permissions.Abstractions.dll.config'.
D/Mono    ( 9942): Config attempting to parse: '/Users/builder/data/lanes/4009/3a62f1ea/source/monodroid/builds/install/mono-armv6/etc/mono/assemblies/Plugin.Permissions.Abstractions/Plugin.Permissions.Abstractions.config'.
D/Mono    ( 9942): Image addref Plugin.Geolocator[0xef1e94a0] -> Plugin.Geolocator.dll[0xeb5f5f00]: 2
D/Mono    ( 9942): Prepared to set up assembly 'Plugin.Geolocator' (Plugin.Geolocator.dll)
D/Mono    ( 9942): Assembly Plugin.Geolocator[0xef1e94a0] added to domain RootDomain, ref_count=1
D/Mono    ( 9942): AOT module 'Plugin.Geolocator.dll.so' not found: dlopen failed: library "/data/app/com.careerbuilder.SugarDrone-1/lib/arm/libaot-Plugin.Geolocator.dll.so" not found
D/Mono    ( 9942): AOT module '/Users/builder/data/lanes/4009/3a62f1ea/source/monodroid/builds/install/mono-armv6/lib/mono/aot-cache/arm/Plugin.Geolocator.dll.so' not found: dlopen failed: library "/data/app/com.careerbuilder.SugarDrone-1/lib/arm/libaot-Plugin.Geolocator.dll.so" not found
D/Mono    ( 9942): Config attempting to parse: 'Plugin.Geolocator.dll.config'.
D/Mono    ( 9942): Config attempting to parse: '/Users/builder/data/lanes/4009/3a62f1ea/source/monodroid/builds/install/mono-armv6/etc/mono/assemblies/Plugin.Geolocator/Plugin.Geolocator.config'.
D/Mono    ( 9942): Image addref Plugin.Geolocator.Abstractions[0xef1e9500] -> Plugin.Geolocator.Abstractions.dll[0xeb5f6400]: 2
D/Mono    ( 9942): Prepared to set up assembly 'Plugin.Geolocator.Abstractions' (Plugin.Geolocator.Abstractions.dll)
D/Mono    ( 9942): Assembly Plugin.Geolocator.Abstractions[0xef1e9500] added to domain RootDomain, ref_count=1
D/Mono    ( 9942): AOT module 'Plugin.Geolocator.Abstractions.dll.so' not found: dlopen failed: library "/data/app/com.careerbuilder.SugarDrone-1/lib/arm/libaot-Plugin.Geolocator.Abstractions.dll.so" not found
D/Mono    ( 9942): AOT module '/Users/builder/data/lanes/4009/3a62f1ea/source/monodroid/builds/install/mono-armv6/lib/mono/aot-cache/arm/Plugin.Geolocator.Abstractions.dll.so' not found: dlopen failed: library "/data/app/com.careerbuilder.SugarDrone-1/lib/arm/libaot-Plugin.Geolocator.Abstractions.dll.so" not found
D/Mono    ( 9942): Config attempting to parse: 'Plugin.Geolocator.Abstractions.dll.config'.
D/Mono    ( 9942): Config attempting to parse: '/Users/builder/data/lanes/4009/3a62f1ea/source/monodroid/builds/install/mono-armv6/etc/mono/assemblies/Plugin.Geolocator.Abstractions/Plugin.Geolocator.Abstractions.config'.
D/Mono    ( 9942): Image addref Plugin.DeviceInfo[0xef1e9560] -> Plugin.DeviceInfo.dll[0xeb5f6900]: 2
D/Mono    ( 9942): Prepared to set up assembly 'Plugin.DeviceInfo' (Plugin.DeviceInfo.dll)
D/Mono    ( 9942): Assembly Plugin.DeviceInfo[0xef1e9560] added to domain RootDomain, ref_count=1
D/Mono    ( 9942): AOT module 'Plugin.DeviceInfo.dll.so' not found: dlopen failed: library "/data/app/com.careerbuilder.SugarDrone-1/lib/arm/libaot-Plugin.DeviceInfo.dll.so" not found
D/Mono    ( 9942): AOT module '/Users/builder/data/lanes/4009/3a62f1ea/source/monodroid/builds/install/mono-armv6/lib/mono/aot-cache/arm/Plugin.DeviceInfo.dll.so' not found: dlopen failed: library "/data/app/com.careerbuilder.SugarDrone-1/lib/arm/libaot-Plugin.DeviceInfo.dll.so" not found
D/Mono    ( 9942): Config attempting to parse: 'Plugin.DeviceInfo.dll.config'.
D/Mono    ( 9942): Config attempting to parse: '/Users/builder/data/lanes/4009/3a62f1ea/source/monodroid/builds/install/mono-armv6/etc/mono/assemblies/Plugin.DeviceInfo/Plugin.DeviceInfo.config'.
D/Mono    ( 9942): Image addref Plugin.DeviceInfo.Abstractions[0xef1e95c0] -> Plugin.DeviceInfo.Abstractions.dll[0xeb5f6e00]: 2
D/Mono    ( 9942): Prepared to set up assembly 'Plugin.DeviceInfo.Abstractions' (Plugin.DeviceInfo.Abstractions.dll)
D/Mono    ( 9942): Assembly Plugin.DeviceInfo.Abstractions[0xef1e95c0] added to domain RootDomain, ref_count=1
D/Mono    ( 9942): AOT module 'Plugin.DeviceInfo.Abstractions.dll.so' not found: dlopen failed: library "/data/app/com.careerbuilder.SugarDrone-1/lib/arm/libaot-Plugin.DeviceInfo.Abstractions.dll.so" not found
D/Mono    ( 9942): AOT module '/Users/builder/data/lanes/4009/3a62f1ea/source/monodroid/builds/install/mono-armv6/lib/mono/aot-cache/arm/Plugin.DeviceInfo.Abstractions.dll.so' not found: dlopen failed: library "/data/app/com.careerbuilder.SugarDrone-1/lib/arm/libaot-Plugin.DeviceInfo.Abstractions.dll.so" not found
D/Mono    ( 9942): Config attempting to parse: 'Plugin.DeviceInfo.Abstractions.dll.config'.
D/Mono    ( 9942): Config attempting to parse: '/Users/builder/data/lanes/4009/3a62f1ea/source/monodroid/builds/install/mono-armv6/etc/mono/assemblies/Plugin.DeviceInfo.Abstractions/Plugin.DeviceInfo.Abstractions.config'.
D/Mono    ( 9942): Image addref Xamarin.GooglePlayServices.Analytics[0xef1e9620] -> Xamarin.GooglePlayServices.Analytics.dll[0xeb5f7300]: 2
D/Mono    ( 9942): Prepared to set up assembly 'Xamarin.GooglePlayServices.Analytics' (Xamarin.GooglePlayServices.Analytics.dll)
D/Mono    ( 9942): Assembly Xamarin.GooglePlayServices.Analytics[0xef1e9620] added to domain RootDomain, ref_count=1
D/Mono    ( 9942): AOT module 'Xamarin.GooglePlayServices.Analytics.dll.so' not found: dlopen failed: library "/data/app/com.careerbuilder.SugarDrone-1/lib/arm/libaot-Xamarin.GooglePlayServices.Analytics.dll.so" not found
D/Mono    ( 9942): AOT module '/Users/builder/data/lanes/4009/3a62f1ea/source/monodroid/builds/install/mono-armv6/lib/mono/aot-cache/arm/Xamarin.GooglePlayServices.Analytics.dll.so' not found: dlopen failed: library "/data/app/com.careerbuilder.SugarDrone-1/lib/arm/libaot-Xamarin.GooglePlayServices.Analytics.dll.so" not found
D/Mono    ( 9942): Config attempting to parse: 'Xamarin.GooglePlayServices.Analytics.dll.config'.
