D/Mono    (10213): AOT module '/Users/builder/data/lanes/4009/3a62f1ea/source/monodroid/builds/install/mono-armv6/lib/mono/aot-cache/arm/System.Core.dll.so' not found: dlopen failed: library "/data/app/com.careerbuilder.SugarDrone-1/lib/arm/libaot-System.Core.dll.so" not found
D/Mono    (10213): Config attempting to parse: 'System.Core.dll.config'.
D/Mono    (10213): Config attempting to parse: '/Users/builder/data/lanes/4009/3a62f1ea/source/monodroid/builds/install/mono-armv6/etc/mono/assemblies/System.Core/System.Core.config'.
D/Mono    (10213): Assembly Ref addref System.Linq[0xea6df280] -> System.Core[0xea6df400]: 2
D/Mono    (10213): Assembly Ref addref System.Core[0xea6df400] -> mscorlib[0xea6ddea0]: 10
D/Mono    (10213): Image addref System.Reflection.Extensions[0xea6df520] -> System.Reflection.Extensions.dll[0xef068000]: 2
D/Mono    (10213): Prepared to set up assembly 'System.Reflection.Extensions' (System.Reflection.Extensions.dll)
D/Mono    (10213): Assembly System.Reflection.Extensions[0xea6df520] added to domain RootDomain, ref_count=1
D/Mono    (10213): AOT module 'System.Reflection.Extensions.dll.so' not found: dlopen failed: library "/data/app/com.careerbuilder.SugarDrone-1/lib/arm/libaot-System.Reflection.Extensions.dll.so" not found
D/Mono    (10213): AOT module '/Users/builder/data/lanes/4009/3a62f1ea/source/monodroid/builds/install/mono-armv6/lib/mono/aot-cache/arm/System.Reflection.Extensions.dll.so' not found: dlopen failed: library "/data/app/com.careerbuilder.SugarDrone-1/lib/arm/libaot-System.Reflection.Extensions.dll.so" not found
D/Mono    (10213): Config attempting to parse: 'System.Reflection.Extensions.dll.config'.
D/Mono    (10213): Config attempting to parse: '/Users/builder/data/lanes/4009/3a62f1ea/source/monodroid/builds/install/mono-armv6/etc/mono/assemblies/System.Reflection.Extensions/System.Reflection.Extensions.config'.
D/Mono    (10213): Assembly Ref addref Java.Interop[0xea6dee60] -> System.Reflection.Extensions[0xea6df520]: 2
D/Mono    (10213): Assembly Ref addref System.Reflection.Extensions[0xea6df520] -> mscorlib[0xea6ddea0]: 11
D/Mono    (10213): Assembly Ref addref Mono.Android[0xea6dee00] -> System.Core[0xea6df400]: 3
D/Mono    (10213): DllImport searching in: '__Internal' ('(null)').
D/Mono    (10213): Searching for 'monodroid_typemap_managed_to_java'.
D/Mono    (10213): Probing 'monodroid_typemap_managed_to_java'.
D/Mono    (10213): Found as 'monodroid_typemap_managed_to_java'.
D/Mono    (10213): DllImport searching in: '__Internal' ('(null)').
D/Mono    (10213): Searching for 'java_interop_jnienv_alloc_object'.
D/Mono    (10213): Probing 'java_interop_jnienv_alloc_object'.
D/Mono    (10213): Found as 'java_interop_jnienv_alloc_object'.
D/Mono    (10213): DllImport searching in: '__Internal' ('(null)').
D/Mono    (10213): Searching for '_monodroid_gc_wait_for_bridge_processing'.
D/Mono    (10213): Probing '_monodroid_gc_wait_for_bridge_processing'.
D/Mono    (10213): Found as '_monodroid_gc_wait_for_bridge_processing'.
D/Mono    (10213): DllImport searching in: '__Internal' ('(null)').
D/Mono    (10213): Searching for 'java_interop_jnienv_register_natives'.
D/Mono    (10213): Probing 'java_interop_jnienv_register_natives'.
D/Mono    (10213): Found as 'java_interop_jnienv_register_natives'.
D/Mono    (10213): DllImport searching in: '__Internal' ('(null)').
D/Mono    (10213): Searching for 'java_interop_jnienv_call_nonvirtual_void_method_a'.
D/Mono    (10213): Probing 'java_interop_jnienv_call_nonvirtual_void_method_a'.
D/Mono    (10213): Found as 'java_interop_jnienv_call_nonvirtual_void_method_a'.
D/Mono    (10213): DllImport searching in: '__Internal' ('(null)').
D/Mono    (10213): Searching for 'java_interop_jnienv_is_same_object'.
D/Mono    (10213): Probing 'java_interop_jnienv_is_same_object'.
D/Mono    (10213): Found as 'java_interop_jnienv_is_same_object'.
D/Mono    (10213): DllImport searching in: '__Internal' ('(null)').
D/Mono    (10213): Searching for 'java_interop_jnienv_call_static_void_method_a'.
D/Mono    (10213): Probing 'java_interop_jnienv_call_static_void_method_a'.
D/Mono    (10213): Found as 'java_interop_jnienv_call_static_void_method_a'.
D/Mono    (10213): Assembly Ref addref AppsFlyerXamarinBindingAndroid[0xea6ddf60] -> mscorlib[0xea6ddea0]: 12
D/Mono    (10213): Assembly Ref addref AppsFlyerXamarinBindingAndroid[0xea6ddf60] -> Mono.Android[0xea6dee00]: 2
D/Mono    (10213): Assembly Ref addref HockeySDK[0xea6ddfc0] -> mscorlib[0xea6ddea0]: 13
D/Mono    (10213): Assembly Ref addref HockeySDK[0xea6ddfc0] -> Mono.Android[0xea6dee00]: 3
D/Mono    (10213): Assembly Ref addref Xamarin.GooglePlayServices.Analytics[0xea6de4a0] -> mscorlib[0xea6ddea0]: 14
D/Mono    (10213): Assembly Ref addref Xamarin.GooglePlayServices.Analytics[0xea6de4a0] -> Mono.Android[0xea6dee00]: 4
D/Mono    (10213): Assembly Ref addref Xamarin.GooglePlayServices.Base[0xea6de500] -> mscorlib[0xea6ddea0]: 15
D/Mono    (10213): Assembly Ref addref Xamarin.GooglePlayServices.Base[0xea6de500] -> Mono.Android[0xea6dee00]: 5
D/Mono    (10213): Assembly Ref addref Xamarin.GooglePlayServices.Basement[0xea6de560] -> mscorlib[0xea6ddea0]: 16
D/Mono    (10213): Assembly Ref addref Xamarin.GooglePlayServices.Basement[0xea6de560] -> Mono.Android[0xea6dee00]: 6
D/Mono    (10213): Assembly Ref addref FloatingActionButton-Xamarin[0xea6de6e0] -> mscorlib[0xea6ddea0]: 17
D/Mono    (10213): Assembly Ref addref FloatingActionButton-Xamarin[0xea6de6e0] -> Mono.Android[0xea6dee00]: 7
D/Mono    (10213): Assembly Ref addref Xamarin.Android.Support.v4[0xea6de740] -> mscorlib[0xea6ddea0]: 18
D/Mono    (10213): Assembly Ref addref Xamarin.Android.Support.v4[0xea6de740] -> Mono.Android[0xea6dee00]: 8
D/Mono    (10213): Assembly Ref addref Xamarin.Android.Support.v7.RecyclerView[0xea6de7a0] -> mscorlib[0xea6ddea0]: 19
D/Mono    (10213): Assembly Ref addref Xamarin.Android.Support.v7.RecyclerView[0xea6de7a0] -> Mono.Android[0xea6dee00]: 9
D/Mono    (10213): Assembly Ref addref Xamarin.Android.Support.Vector.Drawable[0xea6de800] -> mscorlib[0xea6ddea0]: 20
D/Mono    (10213): Assembly Ref addref Xamarin.Android.Support.Vector.Drawable[0xea6de800] -> Mono.Android[0xea6dee00]: 10
D/Mono    (10213): Assembly Ref addref Xamarin.Android.Support.Animated.Vector.Drawable[0xea6de860] -> mscorlib[0xea6ddea0]: 21
D/Mono    (10213): Assembly Ref addref Xamarin.Android.Support.Animated.Vector.Drawable[0xea6de860] -> Mono.Android[0xea6dee00]: 11
D/Mono    (10213): Assembly Ref addref Xamarin.Android.Support.v7.AppCompat[0xea6de8c0] -> mscorlib[0xea6ddea0]: 22
D/Mono    (10213): Assembly Ref addref Xamarin.Android.Support.v7.AppCompat[0xea6de8c0] -> Mono.Android[0xea6dee00]: 12
D/Mono    (10213): Assembly Ref addref Xamarin.Android.Support.Design[0xea6de920] -> mscorlib[0xea6ddea0]: 23
D/Mono    (10213): Assembly Ref addref Xamarin.Android.Support.Design[0xea6de920] -> Mono.Android[0xea6dee00]: 13
D/Mono    (10213): Assembly Ref addref Xamarin.Android.Support.v7.CardView[0xea6de980] -> mscorlib[0xea6ddea0]: 24
D/Mono    (10213): Assembly Ref addref Xamarin.Android.Support.v7.CardView[0xea6de980] -> Mono.Android[0xea6dee00]: 14
D/Mono    (10213): Assembly Ref addref FlexboxLayoutXamarinBindingAndroid[0xea6dece0] -> mscorlib[0xea6ddea0]: 25
D/Mono    (10213): Assembly Ref addref FlexboxLayoutXamarinBindingAndroid[0xea6dece0] -> Mono.Android[0xea6dee00]: 15
D/Mono    (10213): Assembly Ref addref CareerBuilder_Search.Droid[0xea6ddf00] -> Mono.Android[0xea6dee00]: 16
D/Mono    (10213): Assembly Ref addref CareerBuilder_Search.Droid[0xea6ddf00] -> mscorlib[0xea6ddea0]: 26
D/Mono    (10213): Image addref Mono.Android.Export[0xea6dfa60] -> Mono.Android.Export.dll[0xef069400]: 2
D/Mono    (10213): Prepared to set up assembly 'Mono.Android.Export' (Mono.Android.Export.dll)
D/Mono    (10213): Assembly Mono.Android.Export[0xea6dfa60] added to domain RootDomain, ref_count=1
D/Mono    (10213): AOT module 'Mono.Android.Export.dll.so' not found: dlopen failed: library "/data/app/com.careerbuilder.SugarDrone-1/lib/arm/libaot-Mono.Android.Export.dll.so" not found
D/Mono    (10213): AOT module '/Users/builder/data/lanes/4009/3a62f1ea/source/monodroid/builds/install/mono-armv6/lib/mono/aot-cache/arm/Mono.Android.Export.dll.so' not found: dlopen failed: library "/data/app/com.careerbuilder.SugarDrone-1/lib/arm/libaot-Mono.Android.Export.dll.so" not found
D/Mono    (10213): Config attempting to parse: 'Mono.Android.Export.dll.config'.
D/Mono    (10213): Config attempting to parse: '/Users/builder/data/lanes/4009/3a62f1ea/source/monodroid/builds/install/mono-armv6/etc/mono/assemblies/Mono.Android.Export/Mono.Android.Export.config'.
D/Mono    (10213): Assembly Ref addref Mono.Android.Export[0xea6dfa60] -> mscorlib[0xea6ddea0]: 27
D/Mono    (10213): Assembly Ref addref Mono.Android.Export[0xea6dfa60] -> Mono.Android[0xea6dee00]: 17
D/Mono    (10213): Image addref System.Xml[0xea6df6a0] -> System.Xml.dll[0xef06a300]: 2
D/Mono    (10213): Prepared to set up assembly 'System.Xml' (System.Xml.dll)
D/Mono    (10213): Assembly System.Xml[0xea6df6a0] added to domain RootDomain, ref_count=1
D/Mono    (10213): AOT module 'System.Xml.dll.so' not found: dlopen failed: library "/data/app/com.careerbuilder.SugarDrone-1/lib/arm/libaot-System.Xml.dll.so" not found
D/Mono    (10213): AOT module '/Users/builder/data/lanes/4009/3a62f1ea/source/monodroid/builds/install/mono-armv6/lib/mono/aot-cache/arm/System.Xml.dll.so' not found: dlopen failed: library "/data/app/com.careerbuilder.SugarDrone-1/lib/arm/libaot-System.Xml.dll.so" not found
D/Mono    (10213): Config attempting to parse: 'System.Xml.dll.config'.
D/Mono    (10213): Config attempting to parse: '/Users/builder/data/lanes/4009/3a62f1ea/source/monodroid/builds/install/mono-armv6/etc/mono/assemblies/System.Xml/System.Xml.config'.
D/Mono    (10213): Assembly Ref addref Mono.Android.Export[0xea6dfa60] -> System.Xml[0xea6df6a0]: 2
D/Mono    (10213): Assembly Ref addref System.Xml[0xea6df6a0] -> mscorlib[0xea6ddea0]: 28
D/Mono    (10213): Assembly Ref addref Mono.Android[0xea6dee00] -> System.Xml[0xea6df6a0]: 3
D/Mono    (10213): Assembly Ref addref Mono.Android.Export[0xea6dfa60] -> System.Core[0xea6df400]: 4
D/Mono    (10213): Image addref System.Net.Http[0xea6dfc40] -> System.Net.Http.dll[0xef06cb00]: 2
D/Mono    (10213): Prepared to set up assembly 'System.Net.Http' (System.Net.Http.dll)
D/Mono    (10213): Assembly System.Net.Http[0xea6dfc40] added to domain RootDomain, ref_count=1
D/Mono    (10213): AOT module 'System.Net.Http.dll.so' not found: dlopen failed: library "/data/app/com.careerbuilder.SugarDrone-1/lib/arm/libaot-System.Net.Http.dll.so" not found
D/Mono    (10213): AOT module '/Users/builder/data/lanes/4009/3a62f1ea/source/monodroid/builds/install/mono-armv6/lib/mono/aot-cache/arm/System.Net.Http.dll.so' not found: dlopen failed: library "/data/app/com.careerbuilder.SugarDrone-1/lib/arm/libaot-System.Net.Http.dll.so" not found
D/Mono    (10213): Config attempting to parse: 'System.Net.Http.dll.config'.
D/Mono    (10213): Config attempting to parse: '/Users/builder/data/lanes/4009/3a62f1ea/source/monodroid/builds/install/mono-armv6/etc/mono/assemblies/System.Net.Http/System.Net.Http.config'.
D/Mono    (10213): Assembly Ref addref CareerBuilder_Search.Droid[0xea6ddf00] -> System.Net.Http[0xea6dfc40]: 2
D/Mono    (10213): Assembly Ref addref System.Net.Http[0xea6dfc40] -> mscorlib[0xea6ddea0]: 29
I/System.out(10213): Calabash loaded Mono
I/calabash(10213): Test server port: 7102
I/InstrumentationBackend(10213): Added:'NullAction', with key:'nullAction'
I/InstrumentationBackend(10213): Added:'GetActivityOrientation', with key:'get_activity_orientation'
I/InstrumentationBackend(10213): Added:'SetActivityOrientation', with key:'set_activity_orientation'
I/InstrumentationBackend(10213): Added:'DpToDevicePixel', with key:'dp_to_device_pixel'
I/InstrumentationBackend(10213): Added:'ClickOnScreen', with key:'click_on_screen'
I/InstrumentationBackend(10213): Added:'DoubleTapCoordinate', with key:'double_tap_coordinate'
I/InstrumentationBackend(10213): Added:'Drag', with key:'drag'
I/InstrumentationBackend(10213): Added:'DragCoordinates', with key:'drag_coordinates'
I/InstrumentationBackend(10213): Added:'LongPressCoordinate', with key:'long_press_coordinate'
I/InstrumentationBackend(10213): Added:'ResumeApplication', with key:'resume_application'
I/InstrumentationBackend(10213): Added:'Swipe', with key:'swipe'
I/InstrumentationBackend(10213): Added:'TouchCoordinates', with key:'touch_coordinate'
I/InstrumentationBackend(10213): Added:'ListActions', with key:'list_actions'
I/InstrumentationBackend(10213): Added:'SendTcp', with key:'send_tcp'
I/InstrumentationBackend(10213): Added:'PressElement', with key:'press_l10n_element'
I/InstrumentationBackend(10213): Added:'WaitForElement', with key:'wait_for_l10n_element'
I/InstrumentationBackend(10213): Added:'FakeGPSLocation', with key:'set_gps_coordinates'
I/InstrumentationBackend(10213): Added:'GetMapBounds', with key:'get_map_bounds'
I/InstrumentationBackend(10213): Added:'GetMapCenter', with key:'get_map_center'
I/InstrumentationBackend(10213): Added:'GetMapMarker', with key:'get_map_marker'
I/InstrumentationBackend(10213): Added:'GetMapMarkers', with key:'get_map_markers'
I/InstrumentationBackend(10213): Added:'GetMapZoom', with key:'get_map_zoom'
I/InstrumentationBackend(10213): Added:'PanMapTo', with key:'pan_map_to'
I/InstrumentationBackend(10213): Added:'SetMapCenter', with key:'set_map_center'
I/InstrumentationBackend(10213): Added:'SetMapZoom', with key:'set_map_zoom'
I/InstrumentationBackend(10213): Added:'TapAwayFromMarkers', with key:'tap_map_away_from_markers'
I/InstrumentationBackend(10213): Added:'TapMapMarker', with key:'tap_map_marker_by_title'
I/InstrumentationBackend(10213): Added:'ClearPreferences', with key:'clear_preferences'
I/InstrumentationBackend(10213): Added:'GetPreferences', with key:'get_preferences'
I/InstrumentationBackend(10213): Added:'SetPreferences', with key:'set_preferences'
I/InstrumentationBackend(10213): Added:'PressKey', with key:'press_key'
I/InstrumentationBackend(10213): Added:'DeleteSurroundingText', with key:'delete_surrounding_text'
I/InstrumentationBackend(10213): Added:'HideSoftKeyboard', with key:'hide_soft_keyboard'
I/InstrumentationBackend(10213): Added:'KeyboardEnterText', with key:'keyboard_enter_text'
I/InstrumentationBackend(10213): Added:'KeyboardKeyEvent', with key:'keyboard_key_event'
I/InstrumentationBackend(10213): Added:'PressUserActionButton', with key:'press_user_action_button'
I/InstrumentationBackend(10213): Added:'SetComposingRegion', with key:'set_composing_region'
I/InstrumentationBackend(10213): Added:'SetSelection', with key:'set_selection'
I/InstrumentationBackend(10213): Added:'AndroidSDKVersion', with key:'android_sdk_version'
I/InstrumentationBackend(10213): Added:'Version', with key:'version'
I/InstrumentationBackend(10213): Added:'GetActivityName', with key:'get_activity_name'
I/InstrumentationBackend(10213): Added:'IsCurrentActivityFocused', with key:'is_current_activity_focused'
I/InstrumentationBackend(10213): Added:'ScrollToView', with key:'scroll_to_view'
I/InstrumentationBackend(10213): Added:'ViewConfiguration', with key:'view_configuration'
I/InstrumentationBackend(10213): Added:'DumpBodyHtml', with key:'dump_body_html'
I/InstrumentationBackend(10213): Added:'DumpHtml', with key:'dump_html'
I/InstrumentationBackend(10213): Added:'EnterTextByCssSelector', with key:'enter_text_by_selector'
I/InstrumentationBackend(10213): Added:'GetLoadProgress', with key:'get_load_progress'
I/InstrumentationBackend(10213): Added:'GetUrl', with key:'get_url'
I/InstrumentationBackend(10213): Added:'ScrollTo', with key:'scroll_to'
I/InstrumentationBackend(10213): Added:'SetPropertyByCssSelector', with key:'set_property_by_css_selector'
I/calabash(10213): Instantiating http server at 7102
I/System.out(10213): HTTP Daemon listening on: 7102
I/System.out(10213): URI: /ready
I/System.out(10213): params: {}
I/hubconnection(  923): sensorhub said: 'flush 14'
I/hubconnection(  923): saw sensor 14 flushed
D/Finsky  ( 9361): [404] AppStatesReplicator.handleContentSyncResponse: Completed 0 account content syncs with 0 successful.
D/Finsky  ( 9361): [1] ContentSyncService$5.onFinished: Installation state replication succeeded.
I/System.out(10213): URI: /ready
I/System.out(10213): params: {}
I/art     (10213): Starting a blocking GC Explicit
I/art     (10213): Explicit concurrent mark sweep GC freed 5198(557KB) AllocSpace objects, 5(100KB) LOS objects, 40% free, 19MB/32MB, paused 370us total 21.415ms
I/art     (10213): Starting a blocking GC Explicit
I/art     (10213): Explicit concurrent mark sweep GC freed 56(2248B) AllocSpace objects, 0(0B) LOS objects, 40% free, 19MB/32MB, paused 332us total 14.295ms
I/art     (10213): Starting a blocking GC Explicit
I/art     (10213): Explicit concurrent mark sweep GC freed 3(96B) AllocSpace objects, 0(0B) LOS objects, 40% free, 19MB/32MB, paused 295us total 15.305ms
I/art     (10213): Starting a blocking GC Explicit
I/art     (10213): Explicit concurrent mark sweep GC freed 3(96B) AllocSpace objects, 0(0B) LOS objects, 40% free, 19MB/32MB, paused 340us total 13.591ms
D/WifiStateMachine(  923): starting scan for "xtc-ag"WPA_PSK with 5240,5180,5220,5200
I/art     (10213): Starting a blocking GC Explicit
I/art     (10213): Explicit concurrent mark sweep GC freed 3(96B) AllocSpace objects, 0(0B) LOS objects, 40% free, 19MB/32MB, paused 290us total 12.986ms
I/System.out(10213): URI: /ping
I/System.out(10213): params: {json={"intent":null }
I/System.out(10213): }
I/System.out(10213): URI: /ready
I/System.out(10213): params: {json={"intent":null }
I/System.out(10213): }
I/System.out(10213): URI: /start-application
I/System.out(10213): params: {json={"intent":null }
I/System.out(10213): }
I/calabash(10213): execStartActivity 4
I/ActivityManager(  923): START u0 {act=android.intent.action.MAIN cat=[android.intent.category.LAUNCHER] flg=0x10200000 cmp=com.careerbuilder.SugarDrone/md537fd6201b6818e2e180d2f7606e21a83.AppMainActivity (has extras)} from uid 14702 on display 0
I/calabash(10213): newActivity1
D/Mono    (10213): Assembly Ref addref CareerBuilder_Search.Droid[0xea6ddf00] -> Xamarin.Android.Support.v7.AppCompat[0xea6de8c0]: 2
D/Mono    (10213): Assembly Ref addref Xamarin.Android.Support.v7.AppCompat[0xea6de8c0] -> Xamarin.Android.Support.v4[0xea6de740]: 2
D/Mono    (10213): DllImport searching in: '__Internal' ('(null)').
D/Mono    (10213): Searching for 'java_interop_jnienv_get_array_length'.
D/Mono    (10213): Probing 'java_interop_jnienv_get_array_length'.
D/Mono    (10213): Found as 'java_interop_jnienv_get_array_length'.
D/Mono    (10213): Assembly Ref addref CareerBuilder_Search.Droid[0xea6ddf00] -> CareerBuilder_Search[0xea6deda0]: 2
D/Mono    (10213): Assembly Ref addref CareerBuilder_Search.Droid[0xea6ddf00] -> Xamarin.Android.Support.v4[0xea6de740]: 3
D/Mono    (10213): DllImport searching in: '__Internal' ('(null)').
D/Mono    (10213): Searching for 'java_interop_jnienv_new_string'.
D/Mono    (10213): Probing 'java_interop_jnienv_new_string'.
D/Mono    (10213): Found as 'java_interop_jnienv_new_string'.
D/Mono    (10213): Assembly Ref addref CareerBuilder_Search.Droid[0xea6ddf00] -> Plugin.CurrentActivity[0xea6de200]: 2
D/Mono    (10213): Assembly Ref addref Plugin.CurrentActivity[0xea6de200] -> mscorlib[0xea6ddea0]: 30
D/Mono    (10213): Assembly Ref addref Plugin.CurrentActivity[0xea6de200] -> Mono.Android[0xea6dee00]: 18
D/Mono    (10213): [0xda33f930] worker starting
D/Mono    (10213): [0xda1bf930] worker starting
D/Mono    (10213): Unloading image System.Runtime.dll [0xda388500].
D/Mono    (10213): Image addref System.Runtime[0xdabe4180] -> System.Runtime.dll[0xea55a500]: 5
D/Mono    (10213): Config attempting to parse: 'System.Runtime.dll.config'.
D/Mono    (10213): Config attempting to parse: '/Users/builder/data/lanes/4009/3a62f1ea/source/monodroid/builds/install/mono-armv6/etc/mono/assemblies/System.Runtime/System.Runtime.config'.
D/Mono    (10213): Assembly Ref addref CareerBuilder_Search[0xea6deda0] -> System.Runtime[0xea6deec0]: 3
D/Mono    (10213): Assembly Ref addref CareerBuilder_Search[0xea6deda0] -> Plugin.DeviceInfo.Abstractions[0xea6de440]: 2
D/Mono    (10213): Unloading image System.Runtime.dll [0xda388a00].
D/Mono    (10213): Image addref System.Runtime[0xdabe4180] -> System.Runtime.dll[0xea55a500]: 6
D/Mono    (10213): Config attempting to parse: 'System.Runtime.dll.config'.
D/Mono    (10213): Config attempting to parse: '/Users/builder/data/lanes/4009/3a62f1ea/source/monodroid/builds/install/mono-armv6/etc/mono/assemblies/System.Runtime/System.Runtime.config'.
D/Mono    (10213): Assembly Ref addref Plugin.DeviceInfo.Abstractions[0xea6de440] -> System.Runtime[0xea6deec0]: 4
D/Mono    (10213): Assembly Ref addref CareerBuilder_Search.Droid[0xea6ddf00] -> Akavache[0xea6de020]: 2
D/Mono    (10213): Assembly Ref addref Akavache[0xea6de020] -> mscorlib[0xea6ddea0]: 31
D/Mono    (10213): Assembly Ref addref Akavache[0xea6de020] -> System.Reactive.Interfaces[0xea6deb00]: 2
D/Mono    (10213): Assembly Ref addref Akavache[0xea6de020] -> System.Reactive.Core[0xea6deaa0]: 2
D/Mono    (10213): Unloading image System.Runtime.dll [0xda388a00].
D/Mono    (10213): Image addref System.Runtime[0xdabe4180] -> System.Runtime.dll[0xea55a500]: 7
D/Mono    (10213): Config attempting to parse: 'System.Runtime.dll.config'.
D/Mono    (10213): Config attempting to parse: '/Users/builder/data/lanes/4009/3a62f1ea/source/monodroid/builds/install/mono-armv6/etc/mono/assemblies/System.Runtime/System.Runtime.config'.
D/Mono    (10213): Assembly Ref addref System.Reactive.Core[0xea6deaa0] -> System.Runtime[0xea6deec0]: 5
D/Mono    (10213): DllImport searching in: '__Internal' ('(null)').
D/Mono    (10213): Searching for 'java_interop_jnienv_call_nonvirtual_object_method_a'.
D/Mono    (10213): Probing 'java_interop_jnienv_call_nonvirtual_object_method_a'.
D/Mono    (10213): Found as 'java_interop_jnienv_call_nonvirtual_object_method_a'.
D/Mono    (10213): Assembly Ref addref CareerBuilder_Search.Droid[0xea6ddf00] -> Microsoft.Practices.Unity[0xea6de1a0]: 2
D/Mono    (10213): Unloading image System.Runtime.dll [0xda388a00].
D/Mono    (10213): Image addref System.Runtime[0xdabe4180] -> System.Runtime.dll[0xea55a500]: 8
D/OpenGLRenderer(10213): Use EGL_SWAP_BEHAVIOR_PRESERVED: true
D/Mono    (10213): Config attempting to parse: 'System.Runtime.dll.config'.
D/Mono    (10213): Config attempting to parse: '/Users/builder/data/lanes/4009/3a62f1ea/source/monodroid/builds/install/mono-armv6/etc/mono/assemblies/System.Runtime/System.Runtime.config'.
D/Mono    (10213): Assembly Ref addref Microsoft.Practices.Unity[0xea6de1a0] -> System.Runtime[0xea6deec0]: 6
D/Mono    (10213): Unloading image System.Collections.dll [0xda38b700].
D/Mono    (10213): Image addref System.Collections[0xdabe4180] -> System.Collections.dll[0xea55d200]: 5
D/Mono    (10213): Config attempting to parse: 'System.Collections.dll.config'.
D/Mono    (10213): Config attempting to parse: '/Users/builder/data/lanes/4009/3a62f1ea/source/monodroid/builds/install/mono-armv6/etc/mono/assemblies/System.Collections/System.Collections.config'.
D/Mono    (10213): Assembly Ref addref Microsoft.Practices.Unity[0xea6de1a0] -> System.Collections[0xea6df160]: 3
D/Mono    (10213): Assembly Ref addref CareerBuilder_Search[0xea6deda0] -> Microsoft.Practices.Unity[0xea6de1a0]: 3
D/Mono    (10213): Assembly Ref addref CareerBuilder_Search.Droid[0xea6ddf00] -> Plugin.DeviceInfo.Abstractions[0xea6de440]: 3
D/Mono    (10213): Unloading image System.Diagnostics.Debug.dll [0xda38b700].
D/Mono    (10213): Image addref System.Diagnostics.Debug[0xdabe4180] -> System.Diagnostics.Debug.dll[0xea55c300]: 5
D/Mono    (10213): Config attempting to parse: 'System.Diagnostics.Debug.dll.config'.
D/Mono    (10213): Config attempting to parse: '/Users/builder/data/lanes/4009/3a62f1ea/source/monodroid/builds/install/mono-armv6/etc/mono/assemblies/System.Diagnostics.Debug/System.Diagnostics.Debug.config'.
D/Mono    (10213): Assembly Ref addref CareerBuilder_Search[0xea6deda0] -> System.Diagnostics.Debug[0xea6df040]: 3
D/Mono    (10213): Assembly Ref addref System.Diagnostics.Debug[0xea6df040] -> mscorlib[0xea6ddea0]: 32
D/Mono    (10213): Image addref System.Diagnostics.Tools[0xdabe4180] -> System.Diagnostics.Tools.dll[0xda38b700]: 2
D/Mono    (10213): Prepared to set up assembly 'System.Diagnostics.Tools' (System.Diagnostics.Tools.dll)
D/Mono    (10213): Assembly System.Diagnostics.Tools[0xdabe4180] added to domain RootDomain, ref_count=1
D/Mono    (10213): AOT module 'System.Diagnostics.Tools.dll.so' not found: dlopen failed: library "/data/app/com.careerbuilder.SugarDrone-1/lib/arm/libaot-System.Diagnostics.Tools.dll.so" not found
D/Mono    (10213): AOT module '/Users/builder/data/lanes/4009/3a62f1ea/source/monodroid/builds/install/mono-armv6/lib/mono/aot-cache/arm/System.Diagnostics.Tools.dll.so' not found: dlopen failed: library "/data/app/com.careerbuilder.SugarDrone-1/lib/arm/libaot-System.Diagnostics.Tools.dll.so" not found
D/Mono    (10213): Config attempting to parse: 'System.Diagnostics.Tools.dll.config'.
D/Mono    (10213): Config attempting to parse: '/Users/builder/data/lanes/4009/3a62f1ea/source/monodroid/builds/install/mono-armv6/etc/mono/assemblies/System.Diagnostics.Tools/System.Diagnostics.Tools.config'.
D/Mono    (10213): Assembly Ref addref Microsoft.Practices.Unity[0xea6de1a0] -> System.Diagnostics.Tools[0xdabe4180]: 2
D/Mono    (10213): Assembly Ref addref System.Diagnostics.Tools[0xdabe4180] -> mscorlib[0xea6ddea0]: 33
D/Mono    (10213): Image addref System.Resources.ResourceManager[0xdabe41e0] -> System.Resources.ResourceManager.dll[0xda38bc00]: 2
D/Mono    (10213): Prepared to set up assembly 'System.Resources.ResourceManager' (System.Resources.ResourceManager.dll)
D/Mono    (10213): Assembly System.Resources.ResourceManager[0xdabe41e0] added to domain RootDomain, ref_count=1
D/Mono    (10213): AOT module 'System.Resources.ResourceManager.dll.so' not found: dlopen failed: library "/data/app/com.careerbuilder.SugarDrone-1/lib/arm/libaot-System.Resources.ResourceManager.dll.so" not found
D/Mono    (10213): AOT module '/Users/builder/data/lanes/4009/3a62f1ea/source/monodroid/builds/install/mono-armv6/lib/mono/aot-cache/arm/System.Resources.ResourceManager.dll.so' not found: dlopen failed: library "/data/app/com.careerbuilder.SugarDrone-1/lib/arm/libaot-System.Resources.ResourceManager.dll.so" not found
D/Mono    (10213): Config attempting to parse: 'System.Resources.ResourceManager.dll.config'.
D/Mono    (10213): Config attempting to parse: '/Users/builder/data/lanes/4009/3a62f1ea/source/monodroid/builds/install/mono-armv6/etc/mono/assemblies/System.Resources.ResourceManager/System.Resources.ResourceManager.config'.
D/Mono    (10213): Assembly Ref addref Microsoft.Practices.Unity[0xea6de1a0] -> System.Resources.ResourceManager[0xdabe41e0]: 2
D/Mono    (10213): Assembly Ref addref System.Resources.ResourceManager[0xdabe41e0] -> mscorlib[0xea6ddea0]: 34
D/Mono    (10213): Unloading image System.Reflection.dll [0xda38c100].
D/Mono    (10213): Image addref System.Reflection[0xdabe4240] -> System.Reflection.dll[0xea55b900]: 5
D/Mono    (10213): Config attempting to parse: 'System.Reflection.dll.config'.
D/Mono    (10213): Config attempting to parse: '/Users/builder/data/lanes/4009/3a62f1ea/source/monodroid/builds/install/mono-armv6/etc/mono/assemblies/System.Reflection/System.Reflection.config'.
D/Mono    (10213): Assembly Ref addref Microsoft.Practices.Unity[0xea6de1a0] -> System.Reflection[0xea6def80]: 3
D/Mono    (10213): Unloading image System.Linq.dll [0xda38c100].
D/Mono    (10213): Image addref System.Linq[0xdabe4660] -> System.Linq.dll[0xef068500]: 5
D/Mono    (10213): Config attempting to parse: 'System.Linq.dll.config'.
D/Mono    (10213): Config attempting to parse: '/Users/builder/data/lanes/4009/3a62f1ea/source/monodroid/builds/install/mono-armv6/etc/mono/assemblies/System.Linq/System.Linq.config'.
D/Mono    (10213): Assembly Ref addref Microsoft.Practices.Unity[0xea6de1a0] -> System.Linq[0xea6df280]: 3
I/Adreno  (10213): QUALCOMM build                   : 63c06b2, I8366cd0437
I/Adreno  (10213): Build Date                       : 10/21/15
I/Adreno  (10213): OpenGL ES Shader Compiler Version: XE031.05.13.02
I/Adreno  (10213): Local Branch                     : 
I/Adreno  (10213): Remote Branch                    : quic/LA.BF64.1.2.9_v2
I/Adreno  (10213): Remote Branch                    : NONE
I/Adreno  (10213): Reconstruct Branch               : NOTHING
I/OpenGLRenderer(10213): Initialized EGL, version 1.4
D/Mono    (10213): Unloading image System.Threading.dll [0xda38c100].
D/Mono    (10213): Image addref System.Threading[0xdabe4660] -> System.Threading.dll[0xea55be00]: 5
D/Mono    (10213): Config attempting to parse: 'System.Threading.dll.config'.
D/Mono    (10213): Config attempting to parse: '/Users/builder/data/lanes/4009/3a62f1ea/source/monodroid/builds/install/mono-armv6/etc/mono/assemblies/System.Threading/System.Threading.config'.
D/Mono    (10213): Assembly Ref addref Microsoft.Practices.Unity[0xea6de1a0] -> System.Threading[0xea6defe0]: 3
I/Keyboard.Facilitator( 3444): onFinishInput()
D/Mono    (10213): Image addref System.Globalization[0xdabe4360] -> System.Globalization.dll[0xd9bcc000]: 2
D/Mono    (10213): Prepared to set up assembly 'System.Globalization' (System.Globalization.dll)
D/Mono    (10213): Assembly System.Globalization[0xdabe4360] added to domain RootDomain, ref_count=1
D/Mono    (10213): AOT module 'System.Globalization.dll.so' not found: dlopen failed: library "/data/app/com.careerbuilder.SugarDrone-1/lib/arm/libaot-System.Globalization.dll.so" not found
D/Mono    (10213): AOT module '/Users/builder/data/lanes/4009/3a62f1ea/source/monodroid/builds/install/mono-armv6/lib/mono/aot-cache/arm/System.Globalization.dll.so' not found: dlopen failed: library "/data/app/com.careerbuilder.SugarDrone-1/lib/arm/libaot-System.Globalization.dll.so" not found
D/Mono    (10213): Config attempting to parse: 'System.Globalization.dll.config'.
D/Mono    (10213): Config attempting to parse: '/Users/builder/data/lanes/4009/3a62f1ea/source/monodroid/builds/install/mono-armv6/etc/mono/assemblies/System.Globalization/System.Globalization.config'.
D/Mono    (10213): Assembly Ref addref Microsoft.Practices.Unity[0xea6de1a0] -> System.Globalization[0xdabe4360]: 2
D/Mono    (10213): Assembly Ref addref System.Globalization[0xdabe4360] -> mscorlib[0xea6ddea0]: 35
D/Mono    (10213): Image addref System.Runtime.Extensions[0xdabe4720] -> System.Runtime.Extensions.dll[0xd9bce300]: 2
D/Mono    (10213): Prepared to set up assembly 'System.Runtime.Extensions' (System.Runtime.Extensions.dll)
D/Mono    (10213): Assembly System.Runtime.Extensions[0xdabe4720] added to domain RootDomain, ref_count=1
D/Mono    (10213): AOT module 'System.Runtime.Extensions.dll.so' not found: dlopen failed: library "/data/app/com.careerbuilder.SugarDrone-1/lib/arm/libaot-System.Runtime.Extensions.dll.so" not found
D/Mono    (10213): AOT module '/Users/builder/data/lanes/4009/3a62f1ea/source/monodroid/builds/install/mono-armv6/lib/mono/aot-cache/arm/System.Runtime.Extensions.dll.so' not found: dlopen failed: library "/data/app/com.careerbuilder.SugarDrone-1/lib/arm/libaot-System.Runtime.Extensions.dll.so" not found
D/Mono    (10213): Config attempting to parse: 'System.Runtime.Extensions.dll.config'.
D/Mono    (10213): Config attempting to parse: '/Users/builder/data/lanes/4009/3a62f1ea/source/monodroid/builds/install/mono-armv6/etc/mono/assemblies/System.Runtime.Extensions/System.Runtime.Extensions.config'.
D/Mono    (10213): Assembly Ref addref Microsoft.Practices.Unity[0xea6de1a0] -> System.Runtime.Extensions[0xdabe4720]: 2
D/Mono    (10213): Assembly Ref addref System.Runtime.Extensions[0xdabe4720] -> mscorlib[0xea6ddea0]: 36
D/Mono    (10213): Image addref System.Linq.Expressions[0xdabe6220] -> System.Linq.Expressions.dll[0xd9bcc500]: 2
D/Mono    (10213): Prepared to set up assembly 'System.Linq.Expressions' (System.Linq.Expressions.dll)
D/Mono    (10213): Assembly System.Linq.Expressions[0xdabe6220] added to domain RootDomain, ref_count=1
D/Mono    (10213): AOT module 'System.Linq.Expressions.dll.so' not found: dlopen failed: library "/data/app/com.careerbuilder.SugarDrone-1/lib/arm/libaot-System.Linq.Expressions.dll.so" not found
D/Mono    (10213): AOT module '/Users/builder/data/lanes/4009/3a62f1ea/source/monodroid/builds/install/mono-armv6/lib/mono/aot-cache/arm/System.Linq.Expressions.dll.so' not found: dlopen failed: library "/data/app/com.careerbuilder.SugarDrone-1/lib/arm/libaot-System.Linq.Expressions.dll.so" not found
D/Mono    (10213): Config attempting to parse: 'System.Linq.Expressions.dll.config'.
D/Mono    (10213): Config attempting to parse: '/Users/builder/data/lanes/4009/3a62f1ea/source/monodroid/builds/install/mono-armv6/etc/mono/assemblies/System.Linq.Expressions/System.Linq.Expressions.config'.
D/Mono    (10213): Assembly Ref addref Microsoft.Practices.Unity[0xea6de1a0] -> System.Linq.Expressions[0xdabe6220]: 2
D/Mono    (10213): Assembly Ref addref System.Linq.Expressions[0xdabe6220] -> System.Core[0xea6df400]: 5
D/Mono    (10213): Assembly Ref addref System.Core[0xea6df400] -> System[0xea6df0a0]: 3
I/ActivityManager(  923): Displayed com.careerbuilder.SugarDrone/md537fd6201b6818e2e180d2f7606e21a83.AppMainActivity: +570ms
D/Mono    (10213): Assembly Ref addref CareerBuilder_Search.Droid[0xea6ddf00] -> Xamarin.GooglePlayServices.Analytics[0xea6de4a0]: 2
D/Mono    (10213): Assembly Ref addref CareerBuilder_Search.Droid[0xea6ddf00] -> Plugin.Geolocator.Abstractions[0xea6de380]: 2
D/Mono    (10213): Assembly Ref addref CareerBuilder_Search[0xea6deda0] -> System.Net.Http[0xea6dfc40]: 3
D/Mono    (10213): Assembly Ref addref CareerBuilder_Search[0xea6deda0] -> Plugin.DeviceInfo[0xea6de3e0]: 2
D/Mono    (10213): Assembly Ref addref Plugin.DeviceInfo[0xea6de3e0] -> mscorlib[0xea6ddea0]: 37
D/Mono    (10213): Assembly Ref addref Plugin.DeviceInfo[0xea6de3e0] -> Plugin.DeviceInfo.Abstractions[0xea6de440]: 4
D/Mono    (10213): Image addref System.Threading.Tasks[0xda3b41a0] -> System.Threading.Tasks.dll[0xd9bced00]: 2
D/Mono    (10213): Prepared to set up assembly 'System.Threading.Tasks' (System.Threading.Tasks.dll)
D/Mono    (10213): Assembly System.Threading.Tasks[0xda3b41a0] added to domain RootDomain, ref_count=1
D/Mono    (10213): AOT module 'System.Threading.Tasks.dll.so' not found: dlopen failed: library "/data/app/com.careerbuilder.SugarDrone-1/lib/arm/libaot-System.Threading.Tasks.dll.so" not found
D/Mono    (10213): AOT module '/Users/builder/data/lanes/4009/3a62f1ea/source/monodroid/builds/install/mono-armv6/lib/mono/aot-cache/arm/System.Threading.Tasks.dll.so' not found: dlopen failed: library "/data/app/com.careerbuilder.SugarDrone-1/lib/arm/libaot-System.Threading.Tasks.dll.so" not found
D/Mono    (10213): Config attempting to parse: 'System.Threading.Tasks.dll.config'.
D/Mono    (10213): Config attempting to parse: '/Users/builder/data/lanes/4009/3a62f1ea/source/monodroid/builds/install/mono-armv6/etc/mono/assemblies/System.Threading.Tasks/System.Threading.Tasks.config'.
D/Mono    (10213): Assembly Ref addref CareerBuilder_Search[0xea6deda0] -> System.Threading.Tasks[0xda3b41a0]: 2
D/Mono    (10213): Assembly Ref addref System.Threading.Tasks[0xda3b41a0] -> mscorlib[0xea6ddea0]: 38
D/Mono    (10213): Unloading image System.Collections.dll [0xd9bd0100].
D/Mono    (10213): Image addref System.Collections[0xdabe46c0] -> System.Collections.dll[0xea55d200]: 6
D/Mono    (10213): Config attempting to parse: 'System.Collections.dll.config'.
D/Mono    (10213): Config attempting to parse: '/Users/builder/data/lanes/4009/3a62f1ea/source/monodroid/builds/install/mono-armv6/etc/mono/assemblies/System.Collections/System.Collections.config'.
D/Mono    (10213): Assembly Ref addref CareerBuilder_Search[0xea6deda0] -> System.Collections[0xea6df160]: 4
D/Mono    (10213): Assembly Ref addref System.Collections[0xea6df160] -> System[0xea6df0a0]: 4
D/Mono    (10213): Assembly Ref addref System.Net.Http[0xea6dfc40] -> System[0xea6df0a0]: 5
D/Mono    (10213): Assembly Ref addref Microsoft.Practices.Unity[0xea6de1a0] -> System.Reflection.Extensions[0xea6df520]: 3
I/System.out(10213): URI: /map
I/System.out(10213): params: {json={"query":"*","operation":{"method_name":"query","arguments":[]}}
I/System.out(10213): }
W/ResourceType(10213): No known package when getting name for resource number 0xffffffff
W/ResourceType(10213): No known package when getting name for resource number 0xffffffff
W/ResourceType(10213): No known package when getting name for resource number 0xffffffff
D/Mono    (10213): Unloading image System.Threading.dll [0xd8a11c00].
D/Mono    (10213): Image addref System.Threading[0xd874e120] -> System.Threading.dll[0xea55be00]: 6
D/Mono    (10213): Config attempting to parse: 'System.Threading.dll.config'.
D/Mono    (10213): Config attempting to parse: '/Users/builder/data/lanes/4009/3a62f1ea/source/monodroid/builds/install/mono-armv6/etc/mono/assemblies/System.Threading/System.Threading.config'.
D/Mono    (10213): Assembly Ref addref CareerBuilder_Search[0xea6deda0] -> System.Threading[0xea6defe0]: 4
D/Mono    (10213): Assembly Ref addref System.Threading[0xea6defe0] -> System.Core[0xea6df400]: 6
D/Mono    (10213): Assembly Ref addref System.Runtime[0xea6deec0] -> System[0xea6df0a0]: 6
D/Mono    (10213): Assembly Ref addref CareerBuilder_Search[0xea6deda0] -> Newtonsoft.Json[0xea6de9e0]: 2
D/Mono    (10213): Unloading image System.Runtime.dll [0xd8a12100].
D/Mono    (10213): Image addref System.Runtime[0xd874e2a0] -> System.Runtime.dll[0xea55a500]: 9
D/Mono    (10213): Config attempting to parse: 'System.Runtime.dll.config'.
D/Mono    (10213): Config attempting to parse: '/Users/builder/data/lanes/4009/3a62f1ea/source/monodroid/builds/install/mono-armv6/etc/mono/assemblies/System.Runtime/System.Runtime.config'.
D/Mono    (10213): Assembly Ref addref Newtonsoft.Json[0xea6de9e0] -> System.Runtime[0xea6deec0]: 7
D/Mono    (10213): Image addref System.Dynamic.Runtime[0xd874e2a0] -> System.Dynamic.Runtime.dll[0xd8a12100]: 2
D/Mono    (10213): Prepared to set up assembly 'System.Dynamic.Runtime' (System.Dynamic.Runtime.dll)
D/Mono    (10213): Assembly System.Dynamic.Runtime[0xd874e2a0] added to domain RootDomain, ref_count=1
D/Mono    (10213): AOT module 'System.Dynamic.Runtime.dll.so' not found: dlopen failed: library "/data/app/com.careerbuilder.SugarDrone-1/lib/arm/libaot-System.Dynamic.Runtime.dll.so" not found
D/Mono    (10213): AOT module '/Users/builder/data/lanes/4009/3a62f1ea/source/monodroid/builds/install/mono-armv6/lib/mono/aot-cache/arm/System.Dynamic.Runtime.dll.so' not found: dlopen failed: library "/data/app/com.careerbuilder.SugarDrone-1/lib/arm/libaot-System.Dynamic.Runtime.dll.so" not found
D/Mono    (10213): Config attempting to parse: 'System.Dynamic.Runtime.dll.config'.
D/Mono    (10213): Config attempting to parse: '/Users/builder/data/lanes/4009/3a62f1ea/source/monodroid/builds/install/mono-armv6/etc/mono/assemblies/System.Dynamic.Runtime/System.Dynamic.Runtime.config'.
D/Mono    (10213): Assembly Ref addref Newtonsoft.Json[0xea6de9e0] -> System.Dynamic.Runtime[0xd874e2a0]: 2
D/Mono    (10213): Assembly Ref addref System.Dynamic.Runtime[0xd874e2a0] -> System.Core[0xea6df400]: 7
D/Mono    (10213): Image addref System.ObjectModel[0xd874e300] -> System.ObjectModel.dll[0xd8a11700]: 2
D/Mono    (10213): Prepared to set up assembly 'System.ObjectModel' (System.ObjectModel.dll)
D/Mono    (10213): Assembly System.ObjectModel[0xd874e300] added to domain RootDomain, ref_count=1
D/Mono    (10213): AOT module 'System.ObjectModel.dll.so' not found: dlopen failed: library "/data/app/com.careerbuilder.SugarDrone-1/lib/arm/libaot-System.ObjectModel.dll.so" not found
D/Mono    (10213): AOT module '/Users/builder/data/lanes/4009/3a62f1ea/source/monodroid/builds/install/mono-armv6/lib/mono/aot-cache/arm/System.ObjectModel.dll.so' not found: dlopen failed: library "/data/app/com.careerbuilder.SugarDrone-1/lib/arm/libaot-System.ObjectModel.dll.so" not found
D/Mono    (10213): Config attempting to parse: 'System.ObjectModel.dll.config'.
D/Mono    (10213): Config attempting to parse: '/Users/builder/data/lanes/4009/3a62f1ea/source/monodroid/builds/install/mono-armv6/etc/mono/assemblies/System.ObjectModel/System.ObjectModel.config'.
D/Mono    (10213): Assembly Ref addref Newtonsoft.Json[0xea6de9e0] -> System.ObjectModel[0xd874e300]: 2
D/Mono    (10213): Assembly Ref addref System.ObjectModel[0xd874e300] -> System[0xea6df0a0]: 7
D/Mono    (10213): Assembly Ref addref CareerBuilder_Search[0xea6deda0] -> System.Reactive.Core[0xea6deaa0]: 3
D/Mono    (10213): DllImport attempting to load: '__Internal'.
D/Mono    (10213): DllImport loaded library '(null)'.
D/Mono    (10213): DllImport searching in: '__Internal' ('(null)').
D/Mono    (10213): Searching for 'monodroid_get_system_property'.
D/Mono    (10213): Probing 'monodroid_get_system_property'.
D/Mono    (10213): Found as 'monodroid_get_system_property'.
D/Mono    (10213): DllImport searching in: '__Internal' ('(null)').
D/Mono    (10213): Searching for 'monodroid_free'.
D/Mono    (10213): Probing 'monodroid_free'.
D/Mono    (10213): Found as 'monodroid_free'.
I/System.out(10213): URI: /map
I/System.out(10213): params: {json={"query":"* id:'agreeAndContinueButton'","operation":{"method_name":"query","arguments":[]}}
I/System.out(10213): }
W/ResourceType(10213): No known package when getting name for resource number 0xffffffff
W/ResourceType(10213): No known package when getting name for resource number 0xffffffff
W/ResourceType(10213): No known package when getting name for resource number 0xffffffff
D/Mono    (10213): Assembly Ref addref CareerBuilder_Search.Droid[0xea6ddf00] -> Xamarin.Insights[0xea6de5c0]: 2
D/Mono    (10213): Assembly Ref addref Xamarin.Insights[0xea6de5c0] -> mscorlib[0xea6ddea0]: 39
D/Mono    (10213): Assembly Ref addref Xamarin.Insights[0xea6de5c0] -> Mono.Android[0xea6dee00]: 19
D/Mono    (10213): Assembly Ref addref CareerBuilder_Search.Droid[0xea6ddf00] -> HockeySDK[0xea6ddfc0]: 2
D/Mono    (10213): Assembly Ref addref CareerBuilder_Search.Droid[0xea6ddf00] -> AppsFlyerXamarinBindingAndroid[0xea6ddf60]: 2
D/Mono    (10213): DllImport searching in: '__Internal' ('(null)').
D/Mono    (10213): Searching for 'java_interop_jnienv_get_static_field_id'.
D/Mono    (10213): Probing 'java_interop_jnienv_get_static_field_id'.
D/Mono    (10213): Found as 'java_interop_jnienv_get_static_field_id'.
D/Mono    (10213): DllImport searching in: '__Internal' ('(null)').
D/Mono    (10213): Searching for 'java_interop_jnienv_get_static_int_field'.
D/Mono    (10213): Probing 'java_interop_jnienv_get_static_int_field'.
D/Mono    (10213): Found as 'java_interop_jnienv_get_static_int_field'.
D/Mono    (10213): Assembly Ref addref Xamarin.Insights[0xea6de5c0] -> System.Core[0xea6df400]: 8
D/Mono    (10213): DllImport searching in: '__Internal' ('(null)').
D/Mono    (10213): Searching for 'java_interop_jnienv_call_static_long_method_a'.
D/Mono    (10213): Probing 'java_interop_jnienv_call_static_long_method_a'.
D/Mono    (10213): Found as 'java_interop_jnienv_call_static_long_method_a'.
D/Mono    (10213): Assembly Ref addref Xamarin.Insights[0xea6de5c0] -> System[0xea6df0a0]: 8
D/Mono    (10213): Assembly Ref addref Xamarin.Insights[0xea6de5c0] -> System.Net.Http[0xea6dfc40]: 4
I/System.out(10213): URI: /map
I/System.out(10213): params: {json={"query":"* id:'agreeAndContinueButton'","operation":{"method_name":"query","arguments":[]}}
I/System.out(10213): }
W/ResourceType(10213): No known package when getting name for resource number 0xffffffff
W/ResourceType(10213): No known package when getting name for resource number 0xffffffff
W/ResourceType(10213): No known package when getting name for resource number 0xffffffff
D/Mono    (10213): DllImport searching in: '__Internal' ('(null)').
D/Mono    (10213): Searching for 'java_interop_jnienv_get_object_array_element'.
D/Mono    (10213): Probing 'java_interop_jnienv_get_object_array_element'.
D/Mono    (10213): Found as 'java_interop_jnienv_get_object_array_element'.
D/Mono    (10213): DllImport searching in: '__Internal' ('(null)').
D/Mono    (10213): Searching for 'java_interop_jnienv_call_boolean_method_a'.
D/Mono    (10213): Probing 'java_interop_jnienv_call_boolean_method_a'.
D/Mono    (10213): Found as 'java_interop_jnienv_call_boolean_method_a'.
D/Mono    (10213): DllImport searching in: '__Internal' ('(null)').
D/Mono    (10213): Searching for 'java_interop_jnienv_call_int_method_a'.
D/Mono    (10213): Probing 'java_interop_jnienv_call_int_method_a'.
D/Mono    (10213): Found as 'java_interop_jnienv_call_int_method_a'.
D/Mono    (10213): DllImport searching in: '__Internal' ('(null)').
D/Mono    (10213): Searching for 'java_interop_jnienv_get_field_id'.
D/Mono    (10213): Probing 'java_interop_jnienv_get_field_id'.
D/Mono    (10213): Found as 'java_interop_jnienv_get_field_id'.
D/Mono    (10213): DllImport searching in: '__Internal' ('(null)').
D/Mono    (10213): Searching for 'java_interop_jnienv_get_object_field'.
D/Mono    (10213): Probing 'java_interop_jnienv_get_object_field'.
D/Mono    (10213): Found as 'java_interop_jnienv_get_object_field'.
D/Mono    (10213): DllImport searching in: '__Internal' ('(null)').
D/Mono    (10213): Searching for 'java_interop_jnienv_call_static_int_method_a'.
D/Mono    (10213): Probing 'java_interop_jnienv_call_static_int_method_a'.
D/Mono    (10213): Found as 'java_interop_jnienv_call_static_int_method_a'.
W/Xamarin.Insights(10213): Warning: Insights data communication has been manually enabled
D/NetlinkSocketObserver(  923): NeighborEvent{elapsedMs=300480, 10.22.0.1, [B0FAEB975089], RTM_NEWNEIGH, NUD_STALE}
D/Mono    (10213): DllImport searching in: '__Internal' ('(null)').
D/Mono    (10213): Searching for 'java_interop_jnienv_get_static_object_field'.
D/Mono    (10213): Probing 'java_interop_jnienv_get_static_object_field'.
D/Mono    (10213): Found as 'java_interop_jnienv_get_static_object_field'.
D/Mono    (10213): DllImport searching in: '__Internal' ('(null)').
D/Mono    (10213): Searching for 'java_interop_jnienv_call_static_void_method'.
D/Mono    (10213): Probing 'java_interop_jnienv_call_static_void_method'.
D/Mono    (10213): Found as 'java_interop_jnienv_call_static_void_method'.
I/AppsFlyer_3.01(10213): Start tracking package: com.careerbuilder.SugarDrone
I/System.out(10213): URI: /map
I/System.out(10213): params: {json={"query":"* id:'agreeAndContinueButton'","operation":{"method_name":"query","arguments":[]}}
I/System.out(10213): }
I/AppsFlyer_3.01(10213): AsendTrackingWithEvent from activity: md537fd6201b6818e2e180d2f7606e21a83.MainApplication
I/AppsFlyer_3.01-693550611(10213): ******* sendTrackingWithEvent: Launch
I/GAv4    (10213): Google Analytics 8.4.87 is starting up. To enable debug logging on a device run:
I/GAv4    (10213):   adb shell setprop log.tag.GAv4 DEBUG
I/GAv4    (10213):   adb logcat -s GAv4
E/ActivityThread(10213): Failed to find provider info for com.facebook.katana.provider.AttributionIdProvider
I/AppsFlyer_3.01(10213): WARNING:READ_PHONE_STATE is missing
W/GAv4    (10213): AnalyticsReceiver is not registered or is disabled. Register the receiver for reliable dispatching on non-Google Play devices. See http://goo.gl/8Rd3yj for instructions.
W/GAv4    (10213): CampaignTrackingReceiver is not registered, not exported or is disabled. Installation campaign tracking is not possible. See http://goo.gl/8Rd3yj for instructions.
D/AppsFlyer_3.01(10213): AppsFlyer: first launch detected
I/AppsFlyer_3.01(10213): AppsFlyer: first launch date: 2017-03-16_0845-1100
I/System.out(10213): AppsFlyerLib.sendTrackingWithEvent
W/ResourceType(10213): No known package when getting name for resource number 0xffffffff
W/ResourceType(10213): No known package when getting name for resource number 0xffffffff
D/Mono    (10213): DllImport searching in: '__Internal' ('(null)').
D/Mono    (10213): Searching for 'java_interop_jnienv_call_void_method_a'.
D/Mono    (10213): Probing 'java_interop_jnienv_call_void_method_a'.
D/Mono    (10213): Found as 'java_interop_jnienv_call_void_method_a'.
W/ResourceType(10213): No known package when getting name for resource number 0xffffffff
I/GAv4    (10213): Logger is deprecated. To enable debug logging, please run:
I/GAv4    (10213): adb shell setprop log.tag.GAv4 DEBUG
I/AppsFlyer_3.01-693550611(10213): url: https://t.appsflyer.com/api/v3/androidevent?buildnumber=3.01&app_id=com.careerbuilder.SugarDrone
I/AppsFlyer_(10213): data: device=angler&firstLaunchDate=2017-03-16_0845-1100&installDate=2017-03-16_0845-1100&sdk=23&carrier=&date1=2017-03-16_0845-1100&af_preinstalled=false&advertiserIdEnabled=true&iaecounter=0&lang_code=en&appsflyerKey=WV****************HFK5&app_version_name=3.1.7&lang=English&timepassedsincelastlaunch=0&dkh=WVGo7sxf&android_id=fe16ed78ef2e3295&advertiserId=9a4af62c-7d78-489c-a863-2bfd33974ec1&deviceType=user&af_v=a71c60341b1bcb73e47e9efffa3ac839dce6dd20&app_version_code=30011&platformextension=android_native&network=WIFI&operator=2TELL&country=US&date2=2017-03-16_0845-1100&brand=google&af_timestamp=1489693550611&uid=1489693507222-8853156747030055029&isFirstCall=true&counter=1&model=Nexus+6P&product=angler
I/ServiceManager(  578): Waiting for service AtCmdFwd...
D/Mono    (10213): DllImport searching in: '__Internal' ('(null)').
D/Mono    (10213): Searching for 'java_interop_jnienv_new_local_ref'.
D/Mono    (10213): Probing 'java_interop_jnienv_new_local_ref'.
D/Mono    (10213): Found as 'java_interop_jnienv_new_local_ref'.
D/Mono    (10213): Assembly Ref addref Plugin.DeviceInfo[0xea6de3e0] -> Mono.Android[0xea6dee00]: 20
