W/ResourceType(10372): No known package when getting name for resource number 0xffffffff
W/ResourceType(10372): No known package when getting name for resource number 0xffffffff
W/ResourceType(10372): No known package when getting name for resource number 0xffffffff
W/ResourceType(10372): No known package when getting name for resource number 0xffffffff
W/ResourceType(10372): No known package when getting name for resource number 0xffffffff
W/ResourceType(10372): No known package when getting name for resource number 0xffffffff
W/ResourceType(10372): No known package when getting name for resource number 0xffffffff
W/ResourceType(10372): No known package when getting name for resource number 0xffffffff
W/ResourceType(10372): No known package when getting name for resource number 0xffffffff
W/ResourceType(10372): No known package when getting name for resource number 0xffffffff
W/ResourceType(10372): No known package when getting name for resource number 0xffffffff
W/ResourceType(10372): No known package when getting name for resource number 0xffffffff
W/ResourceType(10372): No known package when getting name for resource number 0xffffffff
W/ResourceType(10372): No known package when getting name for resource number 0xffffffff
W/ResourceType(10372): No known package when getting name for resource number 0xffffffff
W/ResourceType(10372): No known package when getting name for resource number 0xffffffff
W/ResourceType(10372): No known package when getting name for resource number 0xffffffff
W/ResourceType(10372): No known package when getting name for resource number 0xffffffff
W/ResourceType(10372): No known package when getting name for resource number 0xffffffff
W/ResourceType(10372): No known package when getting name for resource number 0xffffffff
W/ResourceType(10372): No known package when getting name for resource number 0xffffffff
W/ResourceType(10372): No known package when getting name for resource number 0xffffffff
W/ResourceType(10372): No known package when getting name for resource number 0xffffffff
W/ResourceType(10372): No known package when getting name for resource number 0xffffffff
W/ResourceType(10372): No known package when getting name for resource number 0xffffffff
W/ResourceType(10372): No known package when getting name for resource number 0xffffffff
W/ResourceType(10372): No known package when getting name for resource number 0xffffffff
W/ResourceType(10372): No known package when getting name for resource number 0xffffffff
W/ResourceType(10372): No known package when getting name for resource number 0xffffffff
W/ResourceType(10372): No known package when getting name for resource number 0xffffffff
W/ResourceType(10372): No known package when getting name for resource number 0xffffffff
W/ResourceType(10372): No known package when getting name for resource number 0xffffffff
W/ResourceType(10372): No known package when getting name for resource number 0xffffffff
W/ResourceType(10372): No known package when getting name for resource number 0xffffffff
W/ResourceType(10372): No known package when getting name for resource number 0xffffffff
W/ResourceType(10372): No known package when getting name for resource number 0xffffffff
W/ResourceType(10372): No known package when getting name for resource number 0xffffffff
W/ResourceType(10372): No known package when getting name for resource number 0xffffffff
W/ResourceType(10372): No known package when getting name for resource number 0xffffffff
W/ResourceType(10372): No known package when getting name for resource number 0xffffffff
W/ResourceType(10372): No known package when getting name for resource number 0xffffffff
W/ResourceType(10372): No known package when getting name for resource number 0xffffffff
W/ResourceType(10372): No known package when getting name for resource number 0xffffffff
W/ResourceType(10372): No known package when getting name for resource number 0xffffffff
W/ResourceType(10372): No known package when getting name for resource number 0xffffffff
W/ResourceType(10372): No known package when getting name for resource number 0xffffffff
W/ResourceType(10372): No known package when getting name for resource number 0xffffffff
I/System.out(10372): URI: /map
I/System.out(10372): params: {json={"query":"* marked:'Quick Apply'","operation":{"method_name":"query","arguments":[]}}
I/System.out(10372): }
W/ResourceType(10372): No known package when getting name for resource number 0xffffffff
W/ResourceType(10372): No known package when getting name for resource number 0xffffffff
W/ResourceType(10372): No known package when getting name for resource number 0xffffffff
W/ResourceType(10372): No known package when getting name for resource number 0xffffffff
W/ResourceType(10372): No known package when getting name for resource number 0xffffffff
W/ResourceType(10372): No known package when getting name for resource number 0xffffffff
W/ResourceType(10372): No known package when getting name for resource number 0xffffffff
W/ResourceType(10372): No known package when getting name for resource number 0xffffffff
W/ResourceType(10372): No known package when getting name for resource number 0xffffffff
W/ResourceType(10372): No known package when getting name for resource number 0xffffffff
W/ResourceType(10372): No known package when getting name for resource number 0xffffffff
W/ResourceType(10372): No known package when getting name for resource number 0xffffffff
W/ResourceType(10372): No known package when getting name for resource number 0xffffffff
W/ResourceType(10372): No known package when getting name for resource number 0xffffffff
W/ResourceType(10372): No known package when getting name for resource number 0xffffffff
W/ResourceType(10372): No known package when getting name for resource number 0xffffffff
W/ResourceType(10372): No known package when getting name for resource number 0xffffffff
W/ResourceType(10372): No known package when getting name for resource number 0xffffffff
W/ResourceType(10372): No known package when getting name for resource number 0xffffffff
W/ResourceType(10372): No known package when getting name for resource number 0xffffffff
W/ResourceType(10372): No known package when getting name for resource number 0xffffffff
W/ResourceType(10372): No known package when getting name for resource number 0xffffffff
W/ResourceType(10372): No known package when getting name for resource number 0xffffffff
W/ResourceType(10372): No known package when getting name for resource number 0xffffffff
W/ResourceType(10372): No known package when getting name for resource number 0xffffffff
W/ResourceType(10372): No known package when getting name for resource number 0xffffffff
W/ResourceType(10372): No known package when getting name for resource number 0xffffffff
W/ResourceType(10372): No known package when getting name for resource number 0xffffffff
W/ResourceType(10372): No known package when getting name for resource number 0xffffffff
W/ResourceType(10372): No known package when getting name for resource number 0xffffffff
W/ResourceType(10372): No known package when getting name for resource number 0xffffffff
W/ResourceType(10372): No known package when getting name for resource number 0xffffffff
W/ResourceType(10372): No known package when getting name for resource number 0xffffffff
W/ResourceType(10372): No known package when getting name for resource number 0xffffffff
W/ResourceType(10372): No known package when getting name for resource number 0xffffffff
W/ResourceType(10372): No known package when getting name for resource number 0xffffffff
W/ResourceType(10372): No known package when getting name for resource number 0xffffffff
W/ResourceType(10372): No known package when getting name for resource number 0xffffffff
W/ResourceType(10372): No known package when getting name for resource number 0xffffffff
W/ResourceType(10372): No known package when getting name for resource number 0xffffffff
W/ResourceType(10372): No known package when getting name for resource number 0xffffffff
W/ResourceType(10372): No known package when getting name for resource number 0xffffffff
W/ResourceType(10372): No known package when getting name for resource number 0xffffffff
W/ResourceType(10372): No known package when getting name for resource number 0xffffffff
W/ResourceType(10372): No known package when getting name for resource number 0xffffffff
W/ResourceType(10372): No known package when getting name for resource number 0xffffffff
W/ResourceType(10372): No known package when getting name for resource number 0xffffffff
W/ResourceType(10372): No known package when getting name for resource number 0xffffffff
W/ResourceType(10372): No known package when getting name for resource number 0xffffffff
W/ResourceType(10372): No known package when getting name for resource number 0xffffffff
W/ResourceType(10372): No known package when getting name for resource number 0xffffffff
W/ResourceType(10372): No known package when getting name for resource number 0xffffffff
W/ResourceType(10372): No known package when getting name for resource number 0xffffffff
W/ResourceType(10372): No known package when getting name for resource number 0xffffffff
W/ResourceType(10372): No known package when getting name for resource number 0xffffffff
W/ResourceType(10372): No known package when getting name for resource number 0xffffffff
W/ResourceType(10372): No known package when getting name for resource number 0xffffffff
W/ResourceType(10372): No known package when getting name for resource number 0xffffffff
W/ResourceType(10372): No known package when getting name for resource number 0xffffffff
W/ResourceType(10372): No known package when getting name for resource number 0xffffffff
W/ResourceType(10372): No known package when getting name for resource number 0xffffffff
W/ResourceType(10372): No known package when getting name for resource number 0xffffffff
W/ResourceType(10372): No known package when getting name for resource number 0xffffffff
W/ResourceType(10372): No known package when getting name for resource number 0xffffffff
W/ResourceType(10372): No known package when getting name for resource number 0xffffffff
W/ResourceType(10372): No known package when getting name for resource number 0xffffffff
W/ResourceType(10372): No known package when getting name for resource number 0xffffffff
W/ResourceType(10372): No known package when getting name for resource number 0xffffffff
W/ResourceType(10372): No known package when getting name for resource number 0xffffffff
W/ResourceType(10372): No known package when getting name for resource number 0xffffffff
W/ResourceType(10372): No known package when getting name for resource number 0xffffffff
W/ResourceType(10372): No known package when getting name for resource number 0xffffffff
W/ResourceType(10372): No known package when getting name for resource number 0xffffffff
I/System.out(10372): URI: /map
I/System.out(10372): params: {json={"query":"* marked:'Quick Apply'","operation":{"method_name":"query","arguments":[]}}
I/System.out(10372): }
W/ResourceType(10372): No known package when getting name for resource number 0xffffffff
W/ResourceType(10372): No known package when getting name for resource number 0xffffffff
W/ResourceType(10372): No known package when getting name for resource number 0xffffffff
W/ResourceType(10372): No known package when getting name for resource number 0xffffffff
W/ResourceType(10372): No known package when getting name for resource number 0xffffffff
W/ResourceType(10372): No known package when getting name for resource number 0xffffffff
W/ResourceType(10372): No known package when getting name for resource number 0xffffffff
W/ResourceType(10372): No known package when getting name for resource number 0xffffffff
W/ResourceType(10372): No known package when getting name for resource number 0xffffffff
W/ResourceType(10372): No known package when getting name for resource number 0xffffffff
W/ResourceType(10372): No known package when getting name for resource number 0xffffffff
W/ResourceType(10372): No known package when getting name for resource number 0xffffffff
W/ResourceType(10372): No known package when getting name for resource number 0xffffffff
W/ResourceType(10372): No known package when getting name for resource number 0xffffffff
W/ResourceType(10372): No known package when getting name for resource number 0xffffffff
W/ResourceType(10372): No known package when getting name for resource number 0xffffffff
W/ResourceType(10372): No known package when getting name for resource number 0xffffffff
W/ResourceType(10372): No known package when getting name for resource number 0xffffffff
W/ResourceType(10372): No known package when getting name for resource number 0xffffffff
W/ResourceType(10372): No known package when getting name for resource number 0xffffffff
W/ResourceType(10372): No known package when getting name for resource number 0xffffffff
W/ResourceType(10372): No known package when getting name for resource number 0xffffffff
W/ResourceType(10372): No known package when getting name for resource number 0xffffffff
W/ResourceType(10372): No known package when getting name for resource number 0xffffffff
W/ResourceType(10372): No known package when getting name for resource number 0xffffffff
W/ResourceType(10372): No known package when getting name for resource number 0xffffffff
W/ResourceType(10372): No known package when getting name for resource number 0xffffffff
W/ResourceType(10372): No known package when getting name for resource number 0xffffffff
W/ResourceType(10372): No known package when getting name for resource number 0xffffffff
W/ResourceType(10372): No known package when getting name for resource number 0xffffffff
W/ResourceType(10372): No known package when getting name for resource number 0xffffffff
W/ResourceType(10372): No known package when getting name for resource number 0xffffffff
W/ResourceType(10372): No known package when getting name for resource number 0xffffffff
W/ResourceType(10372): No known package when getting name for resource number 0xffffffff
W/ResourceType(10372): No known package when getting name for resource number 0xffffffff
W/ResourceType(10372): No known package when getting name for resource number 0xffffffff
W/ResourceType(10372): No known package when getting name for resource number 0xffffffff
W/ResourceType(10372): No known package when getting name for resource number 0xffffffff
W/ResourceType(10372): No known package when getting name for resource number 0xffffffff
W/ResourceType(10372): No known package when getting name for resource number 0xffffffff
W/ResourceType(10372): No known package when getting name for resource number 0xffffffff
W/ResourceType(10372): No known package when getting name for resource number 0xffffffff
W/ResourceType(10372): No known package when getting name for resource number 0xffffffff
W/ResourceType(10372): No known package when getting name for resource number 0xffffffff
W/ResourceType(10372): No known package when getting name for resource number 0xffffffff
W/ResourceType(10372): No known package when getting name for resource number 0xffffffff
W/ResourceType(10372): No known package when getting name for resource number 0xffffffff
W/ResourceType(10372): No known package when getting name for resource number 0xffffffff
W/ResourceType(10372): No known package when getting name for resource number 0xffffffff
W/ResourceType(10372): No known package when getting name for resource number 0xffffffff
W/ResourceType(10372): No known package when getting name for resource number 0xffffffff
W/ResourceType(10372): No known package when getting name for resource number 0xffffffff
W/ResourceType(10372): No known package when getting name for resource number 0xffffffff
W/ResourceType(10372): No known package when getting name for resource number 0xffffffff
W/ResourceType(10372): No known package when getting name for resource number 0xffffffff
W/ResourceType(10372): No known package when getting name for resource number 0xffffffff
W/ResourceType(10372): No known package when getting name for resource number 0xffffffff
W/ResourceType(10372): No known package when getting name for resource number 0xffffffff
W/ResourceType(10372): No known package when getting name for resource number 0xffffffff
W/ResourceType(10372): No known package when getting name for resource number 0xffffffff
W/ResourceType(10372): No known package when getting name for resource number 0xffffffff
W/ResourceType(10372): No known package when getting name for resource number 0xffffffff
W/ResourceType(10372): No known package when getting name for resource number 0xffffffff
W/ResourceType(10372): No known package when getting name for resource number 0xffffffff
W/ResourceType(10372): No known package when getting name for resource number 0xffffffff
W/ResourceType(10372): No known package when getting name for resource number 0xffffffff
W/ResourceType(10372): No known package when getting name for resource number 0xffffffff
W/ResourceType(10372): No known package when getting name for resource number 0xffffffff
W/ResourceType(10372): No known package when getting name for resource number 0xffffffff
W/ResourceType(10372): No known package when getting name for resource number 0xffffffff
W/ResourceType(10372): No known package when getting name for resource number 0xffffffff
W/ResourceType(10372): No known package when getting name for resource number 0xffffffff
W/ResourceType(10372): No known package when getting name for resource number 0xffffffff
I/System.out(10372): URI: /
I/System.out(10372): params: {json={"command":"touch_coordinate","arguments":[1199.0,1415.0]}
I/System.out(10372): }
I/System.out(10372): header: {content-length=58, host=devicehost5.prod, x-session-token=token-token-d2906c85-e6ea-4a01-ad0e-25bac4696da4, x-forwarded-for=10.222.150.14, content-type=application/json; charset=utf-8, connection=close}
I/System.out(10372): params: {json={"command":"touch_coordinate","arguments":[1199.0,1415.0]}
I/System.out(10372): }
I/System.out(10372): ProP json = {"command":"touch_coordinate","arguments":[1199.0,1415.0]}
I/System.out(10372): files: {}
I/System.out(10372): command: {"command":"touch_coordinate","arguments":[1199.0,1415.0]}
I/InstrumentationBackend(10372): Got command:'Command:'Line:null,touch_coordinate', arguments:'[1199.0, 1415.0]'
I/art     (10372): Starting a blocking GC Explicit
I/art     (10372): Explicit concurrent mark sweep GC freed 317655(13MB) AllocSpace objects, 20(400KB) LOS objects, 28% free, 39MB/55MB, paused 787us total 69.294ms
I/art     (10372): Starting a blocking GC Explicit
I/art     (10372): Explicit concurrent mark sweep GC freed 367(15KB) AllocSpace objects, 0(0B) LOS objects, 28% free, 39MB/55MB, paused 1.072ms total 28.198ms
I/art     (10372): Starting a blocking GC Explicit
I/art     (10372): Explicit concurrent mark sweep GC freed 17(1408B) AllocSpace objects, 0(0B) LOS objects, 28% free, 39MB/55MB, paused 849us total 26.349ms
I/art     (10372): Starting a blocking GC Explicit
I/art     (10372): Explicit concurrent mark sweep GC freed 17(1408B) AllocSpace objects, 0(0B) LOS objects, 28% free, 39MB/55MB, paused 882us total 26.891ms
I/art     (10372): Starting a blocking GC Explicit
I/art     (10372): Explicit concurrent mark sweep GC freed 17(1408B) AllocSpace objects, 0(0B) LOS objects, 28% free, 39MB/55MB, paused 777us total 26.587ms
D/audio_hw_primary(  511): out_set_parameters: enter: usecase(1: low-latency-playback) kvpairs: routing=2
D/audio_hw_primary(  511): select_devices: out_snd_device(2: speaker) in_snd_device(0: none)
D/msm8974_platform(  511): platform_send_audio_calibration: sending audio calibration for snd_device(2) acdb_id(15)
I/soundtrigger(  511): audio_extn_sound_trigger_update_device_status: device 0x2 of type 0 for Event 1
D/audio_hw_primary(  511): enable_snd_device: snd_device(2: speaker)
D/audio_hw_primary(  511): enable_audio_route: apply and update mixer path: low-latency-playback speaker
I/System.out(10372): result:{"bonusInformation":[],"message":"","success":true}
I/mono-stdout(10372): uri is: https://api.careerbuilder.com/consumer/resumes?OAuthToken=&HostSite=US&DeveloperKey=WDHR8FC6P2JZ1Y61KLM5
I/mono-stdout(10372): making api call to: /consumer/resumes?OAuthToken=&HostSite=US&DeveloperKey=WDHR8FC6P2JZ1Y61KLM5
I/mono-stdout(10372): uri is: https://api.careerbuilder.com/consumer/resumes?OAuthToken=&HostSite=US&DeveloperKey=WDHR8FC6P2JZ1Y61KLM5
I/mono-stdout(10372): making api call to: /consumer/resumes?OAuthToken=&HostSite=US&DeveloperKey=WDHR8FC6P2JZ1Y61KLM5
I/System.out(10372): URI: /map
I/System.out(10372): params: {json={"query":"* marked:'defaultRadio'","operation":{"method_name":"query","arguments":[]}}
I/System.out(10372): }
D/audio_hw_primary(  511): disable_audio_route: reset and update mixer path: low-latency-playback speaker
D/audio_hw_primary(  511): disable_snd_device: snd_device(2: speaker)
I/soundtrigger(  511): audio_extn_sound_trigger_update_device_status: device 0x2 of type 0 for Event 0
I/mono-stdout(10372): done making call to: /consumer/resumes?OAuthToken=&HostSite=US&DeveloperKey=WDHR8FC6P2JZ1Y61KLM5
I/mono-stdout(10372): The resume  with hash has been set as latest
I/mono-stdout(10372): done making call to: /consumer/resumes?OAuthToken=&HostSite=US&DeveloperKey=WDHR8FC6P2JZ1Y61KLM5
I/mono-stdout(10372): The resume  with hash has been set as latest
I/Choreographer(10372): Skipped 34 frames!  The application may be doing too much work on its main thread.
I/Keyboard.Facilitator( 3514): onFinishInput()
W/ResourceType(10372): No known package when getting name for resource number 0xffffffff
W/ResourceType(10372): No known package when getting name for resource number 0xffffffff
W/ResourceType(10372): No known package when getting name for resource number 0xffffffff
W/ResourceType(10372): No known package when getting name for resource number 0xffffffff
W/ResourceType(10372): No known package when getting name for resource number 0xffffffff
W/ResourceType(10372): No known package when getting name for resource number 0xffffffff
W/ResourceType(10372): No known package when getting name for resource number 0xffffffff
W/ResourceType(10372): No known package when getting name for resource number 0xffffffff
W/ResourceType(10372): No known package when getting name for resource number 0xffffffff
W/ResourceType(10372): No known package when getting name for resource number 0xffffffff
W/ResourceType(10372): No known package when getting name for resource number 0xffffffff
W/ResourceType(10372): No known package when getting name for resource number 0xffffffff
W/ResourceType(10372): No known package when getting name for resource number 0xffffffff
W/ResourceType(10372): No known package when getting name for resource number 0xffffffff
W/ResourceType(10372): No known package when getting name for resource number 0xffffffff
W/ResourceType(10372): No known package when getting name for resource number 0xffffffff
W/ResourceType(10372): No known package when getting name for resource number 0xffffffff
W/ResourceType(10372): No known package when getting name for resource number 0xffffffff
W/ResourceType(10372): No known package when getting name for resource number 0xffffffff
W/ResourceType(10372): No known package when getting name for resource number 0xffffffff
W/ResourceType(10372): No known package when getting name for resource number 0xffffffff
W/ResourceType(10372): No known package when getting name for resource number 0xffffffff
W/ResourceType(10372): No known package when getting name for resource number 0xffffffff
W/ResourceType(10372): No known package when getting name for resource number 0xffffffff
W/ResourceType(10372): No known package when getting name for resource number 0xffffffff
W/ResourceType(10372): No known package when getting name for resource number 0xffffffff
W/ResourceType(10372): No known package when getting name for resource number 0xffffffff
W/ResourceType(10372): No known package when getting name for resource number 0xffffffff
W/ResourceType(10372): No known package when getting name for resource number 0xffffffff
W/ResourceType(10372): No known package when getting name for resource number 0xffffffff
W/ResourceType(10372): No known package when getting name for resource number 0xffffffff
W/ResourceType(10372): No known package when getting name for resource number 0xffffffff
W/ResourceType(10372): No known package when getting name for resource number 0xffffffff
W/ResourceType(10372): No known package when getting name for resource number 0xffffffff
W/ResourceType(10372): No known package when getting name for resource number 0xffffffff
W/ResourceType(10372): No known package when getting name for resource number 0xffffffff
W/ResourceType(10372): No known package when getting name for resource number 0xffffffff
W/ResourceType(10372): No known package when getting name for resource number 0xffffffff
W/ResourceType(10372): No known package when getting name for resource number 0xffffffff
W/ResourceType(10372): No known package when getting name for resource number 0xffffffff
W/ResourceType(10372): No known package when getting name for resource number 0xffffffff
W/ResourceType(10372): No known package when getting name for resource number 0xffffffff
W/ResourceType(10372): No known package when getting name for resource number 0xffffffff
W/ResourceType(10372): No known package when getting name for resource number 0xffffffff
W/ResourceType(10372): No known package when getting name for resource number 0xffffffff
W/ResourceType(10372): No known package when getting name for resource number 0xffffffff
W/ResourceType(10372): No known package when getting name for resource number 0xffffffff
W/ResourceType(10372): No known package when getting name for resource number 0xffffffff
W/ResourceType(10372): No known package when getting name for resource number 0xffffffff
W/ResourceType(10372): No known package when getting name for resource number 0xffffffff
W/ResourceType(10372): No known package when getting name for resource number 0xffffffff
W/ResourceType(10372): No known package when getting name for resource number 0xffffffff
W/ResourceType(10372): No known package when getting name for resource number 0xffffffff
W/ResourceType(10372): No known package when getting name for resource number 0xffffffff
W/ResourceType(10372): No known package when getting name for resource number 0xffffffff
W/ResourceType(10372): No known package when getting name for resource number 0xffffffff
W/ResourceType(10372): No known package when getting name for resource number 0xffffffff
W/ResourceType(10372): No known package when getting name for resource number 0xffffffff
W/ResourceType(10372): No known package when getting name for resource number 0xffffffff
W/ResourceType(10372): No known package when getting name for resource number 0xffffffff
W/ResourceType(10372): No known package when getting name for resource number 0xffffffff
W/ResourceType(10372): No known package when getting name for resource number 0xffffffff
W/ResourceType(10372): No known package when getting name for resource number 0xffffffff
W/ResourceType(10372): No known package when getting name for resource number 0xffffffff
W/ResourceType(10372): No known package when getting name for resource number 0xffffffff
W/ResourceType(10372): No known package when getting name for resource number 0xffffffff
W/ResourceType(10372): No known package when getting name for resource number 0xffffffff
W/ResourceType(10372): No known package when getting name for resource number 0xffffffff
W/ResourceType(10372): No known package when getting name for resource number 0xffffffff
W/ResourceType(10372): No known package when getting name for resource number 0xffffffff
W/ResourceType(10372): No known package when getting name for resource number 0xffffffff
W/ResourceType(10372): No known package when getting name for resource number 0xffffffff
W/ResourceType(10372): No known package when getting name for resource number 0xffffffff
W/ResourceType(10372): No known package when getting name for resource number 0xffffffff
W/ResourceType(10372): No known package when getting name for resource number 0xffffffff
W/ResourceType(10372): No known package when getting name for resource number 0xffffffff
W/ResourceType(10372): No known package when getting name for resource number 0xffffffff
W/ResourceType(10372): No known package when getting name for resource number 0xffffffff
W/ResourceType(10372): No known package when getting name for resource number 0xffffffff
I/System.out(10372): URI: /map
I/System.out(10372): params: {json={"query":"* marked:'Confirm Quick Apply'","operation":{"method_name":"query","arguments":[]}}
I/System.out(10372): }
W/ResourceType(10372): No known package when getting name for resource number 0xffffffff
W/ResourceType(10372): No known package when getting name for resource number 0xffffffff
W/ResourceType(10372): No known package when getting name for resource number 0xffffffff
W/ResourceType(10372): No known package when getting name for resource number 0xffffffff
W/ResourceType(10372): No known package when getting name for resource number 0xffffffff
W/ResourceType(10372): No known package when getting name for resource number 0xffffffff
W/ResourceType(10372): No known package when getting name for resource number 0xffffffff
W/ResourceType(10372): No known package when getting name for resource number 0xffffffff
W/ResourceType(10372): No known package when getting name for resource number 0xffffffff
W/ResourceType(10372): No known package when getting name for resource number 0xffffffff
W/ResourceType(10372): No known package when getting name for resource number 0xffffffff
W/ResourceType(10372): No known package when getting name for resource number 0xffffffff
W/ResourceType(10372): No known package when getting name for resource number 0xffffffff
W/ResourceType(10372): No known package when getting name for resource number 0xffffffff
W/ResourceType(10372): No known package when getting name for resource number 0xffffffff
W/ResourceType(10372): No known package when getting name for resource number 0xffffffff
W/ResourceType(10372): No known package when getting name for resource number 0xffffffff
W/ResourceType(10372): No known package when getting name for resource number 0xffffffff
W/ResourceType(10372): No known package when getting name for resource number 0xffffffff
W/ResourceType(10372): No known package when getting name for resource number 0xffffffff
W/ResourceType(10372): No known package when getting name for resource number 0xffffffff
W/ResourceType(10372): No known package when getting name for resource number 0xffffffff
W/ResourceType(10372): No known package when getting name for resource number 0xffffffff
W/ResourceType(10372): No known package when getting name for resource number 0xffffffff
W/ResourceType(10372): No known package when getting name for resource number 0xffffffff
W/ResourceType(10372): No known package when getting name for resource number 0xffffffff
W/ResourceType(10372): No known package when getting name for resource number 0xffffffff
W/ResourceType(10372): No known package when getting name for resource number 0xffffffff
W/ResourceType(10372): No known package when getting name for resource number 0xffffffff
W/ResourceType(10372): No known package when getting name for resource number 0xffffffff
W/ResourceType(10372): No known package when getting name for resource number 0xffffffff
W/ResourceType(10372): No known package when getting name for resource number 0xffffffff
W/ResourceType(10372): No known package when getting name for resource number 0xffffffff
W/ResourceType(10372): No known package when getting name for resource number 0xffffffff
W/ResourceType(10372): No known package when getting name for resource number 0xffffffff
W/ResourceType(10372): No known package when getting name for resource number 0xffffffff
W/ResourceType(10372): No known package when getting name for resource number 0xffffffff
W/ResourceType(10372): No known package when getting name for resource number 0xffffffff
W/ResourceType(10372): No known package when getting name for resource number 0xffffffff
W/ResourceType(10372): No known package when getting name for resource number 0xffffffff
W/ResourceType(10372): No known package when getting name for resource number 0xffffffff
W/ResourceType(10372): No known package when getting name for resource number 0xffffffff
W/ResourceType(10372): No known package when getting name for resource number 0xffffffff
W/ResourceType(10372): No known package when getting name for resource number 0xffffffff
W/ResourceType(10372): No known package when getting name for resource number 0xffffffff
W/ResourceType(10372): No known package when getting name for resource number 0xffffffff
W/ResourceType(10372): No known package when getting name for resource number 0xffffffff
W/ResourceType(10372): No known package when getting name for resource number 0xffffffff
W/ResourceType(10372): No known package when getting name for resource number 0xffffffff
W/ResourceType(10372): No known package when getting name for resource number 0xffffffff
W/ResourceType(10372): No known package when getting name for resource number 0xffffffff
W/ResourceType(10372): No known package when getting name for resource number 0xffffffff
W/ResourceType(10372): No known package when getting name for resource number 0xffffffff
W/ResourceType(10372): No known package when getting name for resource number 0xffffffff
W/ResourceType(10372): No known package when getting name for resource number 0xffffffff
W/ResourceType(10372): No known package when getting name for resource number 0xffffffff
W/ResourceType(10372): No known package when getting name for resource number 0xffffffff
W/ResourceType(10372): No known package when getting name for resource number 0xffffffff
W/ResourceType(10372): No known package when getting name for resource number 0xffffffff
W/ResourceType(10372): No known package when getting name for resource number 0xffffffff
W/ResourceType(10372): No known package when getting name for resource number 0xffffffff
W/ResourceType(10372): No known package when getting name for resource number 0xffffffff
W/ResourceType(10372): No known package when getting name for resource number 0xffffffff
W/ResourceType(10372): No known package when getting name for resource number 0xffffffff
W/ResourceType(10372): No known package when getting name for resource number 0xffffffff
W/ResourceType(10372): No known package when getting name for resource number 0xffffffff
W/ResourceType(10372): No known package when getting name for resource number 0xffffffff
W/ResourceType(10372): No known package when getting name for resource number 0xffffffff
W/ResourceType(10372): No known package when getting name for resource number 0xffffffff
W/ResourceType(10372): No known package when getting name for resource number 0xffffffff
W/ResourceType(10372): No known package when getting name for resource number 0xffffffff
W/ResourceType(10372): No known package when getting name for resource number 0xffffffff
W/ResourceType(10372): No known package when getting name for resource number 0xffffffff
W/ResourceType(10372): No known package when getting name for resource number 0xffffffff
W/ResourceType(10372): No known package when getting name for resource number 0xffffffff
W/ResourceType(10372): No known package when getting name for resource number 0xffffffff
W/ResourceType(10372): No known package when getting name for resource number 0xffffffff
W/ResourceType(10372): No known package when getting name for resource number 0xffffffff
W/ResourceType(10372): No known package when getting name for resource number 0xffffffff
I/art     (10372): Starting a blocking GC Explicit
I/art     (10372): Explicit concurrent mark sweep GC freed 128755(5MB) AllocSpace objects, 9(180KB) LOS objects, 28% free, 39MB/55MB, paused 807us total 43.362ms
I/art     (10372): Starting a blocking GC Explicit
I/art     (10372): Explicit concurrent mark sweep GC freed 298(14KB) AllocSpace objects, 0(0B) LOS objects, 28% free, 39MB/55MB, paused 824us total 26.996ms
I/art     (10372): Starting a blocking GC Explicit
I/art     (10372): Explicit concurrent mark sweep GC freed 17(1408B) AllocSpace objects, 0(0B) LOS objects, 28% free, 39MB/55MB, paused 836us total 28.042ms
I/art     (10372): Starting a blocking GC Explicit
I/art     (10372): Explicit concurrent mark sweep GC freed 17(1408B) AllocSpace objects, 0(0B) LOS objects, 28% free, 39MB/55MB, paused 867us total 28.786ms
I/art     (10372): Starting a blocking GC Explicit
I/art     (10372): Explicit concurrent mark sweep GC freed 17(1408B) AllocSpace objects, 0(0B) LOS objects, 28% free, 39MB/55MB, paused 872us total 28.948ms
I/ServiceManager(  537): Waiting for service AtCmdFwd...
D/WifiStateMachine(  926): starting scan for "xtc-ag"WPA_PSK with 5240,5180,5220,5200
I/ServiceManager(  537): Waiting for service AtCmdFwd...
I/ServiceManager(  537): Waiting for service AtCmdFwd...

]]><xtc-duration value="160.86817539999998"/></xtc-step><!-- name: "undefined", id: "undefined" --><![CDATA[
I/ServiceManager(  537): Waiting for service AtCmdFwd...
I/ServiceManager(  537): Waiting for service AtCmdFwd...
W/ip      (11037): type=1400 audit(0.0:75): avc: denied { search } for name="net" dev="dm-2" ino=3440648 scontext=u:r:shell:s0 tcontext=u:object_r:net_data_file:s0 tclass=dir permissive=0

]]><xtc-step name="[0-1102]CareerBuilder_Search.DroidFeatureTests.QuickApplyFailedTests.SelectingDefaultResumeOpensQuickApplyDialogIfTheyDontHaveResumeHash-0-NA-FinalScreenShot" id="[0-1102]CareerBuilder_Search.DroidFeatureTests.QuickApplyFailedTests.SelectingDefaultResumeOpensQuickApplyDialogIfTheyDontHaveResumeHash-0-NA-FinalScreenShot"><![CDATA[
I/art     (10372): Starting a blocking GC Explicit
I/art     (10372): Explicit concurrent mark sweep GC freed 2790(211KB) AllocSpace objects, 1(20KB) LOS objects, 28% free, 39MB/55MB, paused 1.070ms total 28.778ms
I/art     (10372): Starting a blocking GC Explicit
I/art     (10372): Explicit concurrent mark sweep GC freed 59(2776B) AllocSpace objects, 0(0B) LOS objects, 28% free, 39MB/55MB, paused 844us total 26.961ms
I/art     (10372): Starting a blocking GC Explicit
I/art     (10372): Explicit concurrent mark sweep GC freed 17(1408B) AllocSpace objects, 0(0B) LOS objects, 28% free, 39MB/55MB, paused 878us total 29.079ms
I/art     (10372): Starting a blocking GC Explicit
I/art     (10372): Explicit concurrent mark sweep GC freed 35(2272B) AllocSpace objects, 0(0B) LOS objects, 28% free, 39MB/55MB, paused 778us total 26.543ms
I/art     (10372): Starting a blocking GC Explicit
I/art     (10372): Explicit concurrent mark sweep GC freed 20(1520B) AllocSpace objects, 0(0B) LOS objects, 28% free, 39MB/55MB, paused 837us total 28.208ms
W/Atfwd_Sendcmd(  537): AtCmdFwd service not published, waiting... retryCnt : 1

]]><xtc-duration value="1.3460653"/></xtc-step><!-- name: "undefined", id: "undefined" --><![CDATA[

]]><xtc-duration value="169.0984282" skip="false"/></xtc-scenario><!-- name: "undefined", id: "undefined" --><![CDATA[
W/SQLiteConnectionPool( 4448): A SQLiteConnection object for database '/data/user/0/com.google.android.gms/databases/networkstatistics.sqlite' was leaked!  Please fix your application to end transactions in progress properly and to close the database when it is no longer needed.
I/art     (10372): Starting a blocking GC Explicit
I/art     (10372): Explicit concurrent mark sweep GC freed 6747(457KB) AllocSpace objects, 2(40KB) LOS objects, 28% free, 39MB/55MB, paused 984us total 34.999ms
I/art     (10372): Starting a blocking GC Explicit
I/art     (10372): Explicit concurrent mark sweep GC freed 94(4KB) AllocSpace objects, 0(0B) LOS objects, 28% free, 39MB/55MB, paused 885us total 29.188ms
I/art     (10372): Starting a blocking GC Explicit
I/art     (10372): Explicit concurrent mark sweep GC freed 17(1408B) AllocSpace objects, 0(0B) LOS objects, 28% free, 39MB/55MB, paused 818us total 28.741ms
I/art     (10372): Starting a blocking GC Explicit
I/art     (10372): Explicit concurrent mark sweep GC freed 17(1408B) AllocSpace objects, 0(0B) LOS objects, 28% free, 39MB/55MB, paused 869us total 28.649ms
I/art     (10372): Starting a blocking GC Explicit
I/art     (10372): Explicit concurrent mark sweep GC freed 17(1408B) AllocSpace objects, 0(0B) LOS objects, 28% free, 39MB/55MB, paused 1.086ms total 29.665ms
I/ServiceManager(  537): Waiting for service AtCmdFwd...
D/Mono    (10372): [0xd7e97930] worker finishing
I/ServiceManager(  537): Waiting for service AtCmdFwd...
I/ThermalEngine(  517): ACTION: GPU - Setting GPU[0] to 450000000
I/ServiceManager(  537): Waiting for service AtCmdFwd...
I/ServiceManager(  537): Waiting for service AtCmdFwd...
I/ServiceManager(  537): Waiting for service AtCmdFwd...
W/Atfwd_Sendcmd(  537): AtCmdFwd service not published, waiting... retryCnt : 2
I/art     (10372): Starting a blocking GC Explicit
I/art     (10372): Explicit concurrent mark sweep GC freed 2827(214KB) AllocSpace objects, 1(20KB) LOS objects, 28% free, 39MB/55MB, paused 644us total 32.140ms
I/art     (10372): Starting a blocking GC Explicit
I/art     (10372): Explicit concurrent mark sweep GC freed 34(2008B) AllocSpace objects, 0(0B) LOS objects, 28% free, 39MB/55MB, paused 621us total 26.033ms
I/art     (10372): Starting a blocking GC Explicit
I/art     (10372): Explicit concurrent mark sweep GC freed 17(1408B) AllocSpace objects, 0(0B) LOS objects, 28% free, 39MB/55MB, paused 593us total 25.773ms
I/art     (10372): Starting a blocking GC Explicit
I/art     (10372): Explicit concurrent mark sweep GC freed 17(1408B) AllocSpace objects, 0(0B) LOS objects, 28% free, 39MB/55MB, paused 614us total 26.075ms
I/art     (10372): Starting a blocking GC Explicit
I/art     (10372): Explicit concurrent mark sweep GC freed 17(1408B) AllocSpace objects, 0(0B) LOS objects, 28% free, 39MB/55MB, paused 620us total 26.125ms
D/Mono    (10372): [0xda2ff930] worker finishing
I/ThermalEngine(  517): ACTION: GPU - Setting GPU[0] to 510000000
I/art     (10372): Starting a blocking GC Explicit
I/art     (10372): Explicit concurrent mark sweep GC freed 2800(212KB) AllocSpace objects, 1(20KB) LOS objects, 28% free, 39MB/55MB, paused 529us total 27.913ms
I/art     (10372): Starting a blocking GC Explicit
I/art     (10372): Explicit concurrent mark sweep GC freed 59(2784B) AllocSpace objects, 0(0B) LOS objects, 28% free, 39MB/55MB, paused 450us total 19.585ms
I/art     (10372): Starting a blocking GC Explicit
I/art     (10372): Explicit concurrent mark sweep GC freed 17(1408B) AllocSpace objects, 0(0B) LOS objects, 28% free, 39MB/55MB, paused 441us total 19.273ms
I/art     (10372): Starting a blocking GC Explicit
I/art     (10372): Explicit concurrent mark sweep GC freed 3(96B) AllocSpace objects, 0(0B) LOS objects, 28% free, 39MB/55MB, paused 444us total 19.419ms
I/art     (10372): Starting a blocking GC Explicit
I/art     (10372): Explicit concurrent mark sweep GC freed 17(1408B) AllocSpace objects, 0(0B) LOS objects, 28% free, 39MB/55MB, paused 453us total 19.799ms
D/Mono    (10372): [0xda459930] worker finishing
I/ServiceManager(  537): Waiting for service AtCmdFwd...
I/art     (10372): Starting a blocking GC Explicit
I/art     (10372): Explicit concurrent mark sweep GC freed 2799(211KB) AllocSpace objects, 1(20KB) LOS objects, 28% free, 39MB/55MB, paused 502us total 24.326ms
I/art     (10372): Starting a blocking GC Explicit
I/art     (10372): Explicit concurrent mark sweep GC freed 34(2016B) AllocSpace objects, 0(0B) LOS objects, 28% free, 39MB/55MB, paused 440us total 19.847ms
I/art     (10372): Starting a blocking GC Explicit
I/art     (10372): Explicit concurrent mark sweep GC freed 3(96B) AllocSpace objects, 0(0B) LOS objects, 28% free, 39MB/55MB, paused 441us total 18.810ms
I/ServiceManager(  537): Waiting for service AtCmdFwd...
I/art     (10372): Starting a blocking GC Explicit
I/art     (10372): Explicit concurrent mark sweep GC freed 17(1408B) AllocSpace objects, 0(0B) LOS objects, 28% free, 39MB/55MB, paused 508us total 19.016ms
I/art     (10372): Starting a blocking GC Explicit
I/art     (10372): Explicit concurrent mark sweep GC freed 3(96B) AllocSpace objects, 0(0B) LOS objects, 28% free, 39MB/55MB, paused 500us total 18.425ms
I/ServiceManager(  537): Waiting for service AtCmdFwd...
