<![CDATA[I/ThermalEngine(  520): ACTION: GPU - Setting GPU[0] to 600000000

]]><xtc-scenario name="[0-1022]CareerBuilder_Search.DroidFeatureTests.JDPTests.SnapshotLabelShouldBeSnapshot" id="[0-1022]CareerBuilder_Search.DroidFeatureTests.JDPTests.SnapshotLabelShouldBeSnapshot"><![CDATA[

]]><xtc-step name="[0-1022]CareerBuilder_Search.DroidFeatureTests.JDPTests.SnapshotLabelShouldBeSnapshot-SnapshotLabelShouldBeSnapshot" id="[0-1022]CareerBuilder_Search.DroidFeatureTests.JDPTests.SnapshotLabelShouldBeSnapshot-SnapshotLabelShouldBeSnapshot"><![CDATA[
I/ThermalEngine(  520): ACTION: GPU - Setting GPU[0] to 510000000
I/ActivityManager(  926): Killing 7554:com.android.chrome/u0a39 (adj 15): empty #17
I/ThermalEngine(  520): ACTION: GPU - Setting GPU[0] to 450000000
D/AndroidRuntime( 8268): >>>>>> START com.android.internal.os.RuntimeInit uid 2000 <<<<<<
D/AndroidRuntime( 8268): CheckJNI is OFF
D/ICU     ( 8268): No timezone override file found: /data/misc/zoneinfo/current/icu/icu_tzdata.dat
I/Radio-JNI( 8268): register_android_hardware_Radio DONE
D/AndroidRuntime( 8268): Calling main entry com.android.commands.pm.Pm
I/art     ( 8268): System.exit called, status: 0
I/AndroidRuntime( 8268): VM exiting with result code 0.
D/WifiStateMachine(  926): starting scan for "xtc-ag"WPA_PSK with 5240,5180,5220,5200
I/ServiceManager(  587): Waiting for service AtCmdFwd...
I/ServiceManager(  587): Waiting for service AtCmdFwd...
I/ServiceManager(  587): Waiting for service AtCmdFwd...
D/NetlinkSocketObserver(  926): NeighborEvent{elapsedMs=192880, 10.22.0.1, [B0FAEB975089], RTM_NEWNEIGH, NUD_STALE}
I/ServiceManager(  587): Waiting for service AtCmdFwd...
I/ServiceManager(  587): Waiting for service AtCmdFwd...
W/Atfwd_Sendcmd(  587): AtCmdFwd service not published, waiting... retryCnt : 5
I/Keyboard.Facilitator.LanguageModelFlusher( 3419): run()
I/Keyboard.Facilitator( 3419): flushDynamicLanguageModels()
I/ThermalEngine(  520): ACTION: GPU - Setting GPU[0] to 390000000
I/ThermalEngine(  520): ACTION: GPU - Setting GPU[0] to 450000000
I/ThermalEngine(  520): ACTION: GPU - Setting GPU[0] to 390000000
I/Atfwd_Sendcmd(  587): AtCmdFwd service not ready - Exhausted retry attempts - :6
I/Atfwd_Daemon(  587): result : -1 	 ,Init step :2 	 ,qmiErrorCode: 0
I/ThermalEngine(  520): ACTION: GPU - Setting GPU[0] to 450000000
I/ThermalEngine(  520): ACTION: GPU - Setting GPU[0] to 390000000
I/ThermalEngine(  520): ACTION: GPU - Setting GPU[0] to 450000000
D/WifiStateMachine(  926): starting scan for "xtc-ag"WPA_PSK with 5240,5180,5220,5200
W/ip      ( 8891): type=1400 audit(0.0:69): avc: denied { search } for name="net" dev="dm-2" ino=3440648 scontext=u:r:shell:s0 tcontext=u:object_r:net_data_file:s0 tclass=dir permissive=0
I/ServiceManager(  587): Waiting for service AtCmdFwd...
I/ServiceManager(  587): Waiting for service AtCmdFwd...
I/ServiceManager(  587): Waiting for service AtCmdFwd...
I/ThermalEngine(  520): ACTION: GPU - Setting GPU[0] to 390000000
I/ServiceManager(  587): Waiting for service AtCmdFwd...
I/ServiceManager(  587): Waiting for service AtCmdFwd...
I/ThermalEngine(  520): ACTION: GPU - Setting GPU[0] to 450000000
W/Atfwd_Sendcmd(  587): AtCmdFwd service not published, waiting... retryCnt : 1
D/AndroidRuntime( 9004): >>>>>> START com.android.internal.os.RuntimeInit uid 2000 <<<<<<
D/AndroidRuntime( 9004): CheckJNI is OFF
D/ICU     ( 9004): No timezone override file found: /data/misc/zoneinfo/current/icu/icu_tzdata.dat
I/Radio-JNI( 9004): register_android_hardware_Radio DONE
D/AndroidRuntime( 9004): Calling main entry com.android.commands.am.Am
W/ActivityManager(  926): Invalid packageName: com.careerbuilder.SugarDrone
D/AndroidRuntime( 9004): Shutting down VM
I/ThermalEngine(  520): ACTION: GPU - Setting GPU[0] to 390000000
I/ServiceManager(  587): Waiting for service AtCmdFwd...
I/ServiceManager(  587): Waiting for service AtCmdFwd...
I/ServiceManager(  587): Waiting for service AtCmdFwd...
I/ServiceManager(  587): Waiting for service AtCmdFwd...
I/ThermalEngine(  520): ACTION: GPU - Setting GPU[0] to 450000000
I/ServiceManager(  587): Waiting for service AtCmdFwd...
W/Atfwd_Sendcmd(  587): AtCmdFwd service not published, waiting... retryCnt : 2
I/ThermalEngine(  520): ACTION: GPU - Setting GPU[0] to 390000000
D/WifiStateMachine(  926): starting scan for "xtc-ag"WPA_PSK with 5240,5180,5220,5200
I/ThermalEngine(  520): ACTION: GPU - Setting GPU[0] to 450000000
I/ThermalEngine(  520): ACTION: GPU - Setting GPU[0] to 390000000
I/ServiceManager(  587): Waiting for service AtCmdFwd...
I/ServiceManager(  587): Waiting for service AtCmdFwd...
I/ServiceManager(  587): Waiting for service AtCmdFwd...
I/ServiceManager(  587): Waiting for service AtCmdFwd...
I/ServiceManager(  587): Waiting for service AtCmdFwd...
W/Atfwd_Sendcmd(  587): AtCmdFwd service not published, waiting... retryCnt : 3
I/ThermalEngine(  520): ACTION: GPU - Setting GPU[0] to 450000000
I/ThermalEngine(  520): ACTION: GPU - Setting GPU[0] to 390000000
D/AndroidRuntime( 9394): >>>>>> START com.android.internal.os.RuntimeInit uid 2000 <<<<<<
D/AndroidRuntime( 9394): CheckJNI is OFF
D/ICU     ( 9394): No timezone override file found: /data/misc/zoneinfo/current/icu/icu_tzdata.dat
I/Radio-JNI( 9394): register_android_hardware_Radio DONE
D/AndroidRuntime( 9394): Calling main entry com.android.commands.pm.Pm
I/ActivityManager(  926): Start proc 9412:com.android.defcontainer/u0a7 for service com.android.defcontainer/.DefaultContainerService
D/DefContainer( 9412): Copying /data/local/tmp/0000003196 to base.apk
I/PackageManager.DexOptimizer(  926): Running dexopt (dex2oat) on: /data/app/vmdl260216510.tmp/base.apk pkg=com.careerbuilder.SugarDrone isa=arm vmSafeMode=false debuggable=true oatDir = /data/app/vmdl260216510.tmp/oat bootComplete=true
I/dex2oat ( 9451): /system/bin/dex2oat -j2 --debuggable
W/dex2oat ( 9451): Before Android 4.1, method android.graphics.PorterDuffColorFilter android.support.graphics.drawable.VectorDrawableCompat.updateTintFilter(android.graphics.PorterDuffColorFilter, android.content.res.ColorStateList, android.graphics.PorterDuff$Mode) would have incorrectly overridden the package-private method in android.graphics.drawable.Drawable
W/dex2oat ( 9451): Before Android 4.1, method int android.support.v7.widget.ListViewCompat.lookForSelectablePosition(int, boolean) would have incorrectly overridden the package-private method in android.widget.ListView
I/dex2oat ( 9451): dex2oat took 5.590s (threads: 2) arena alloc=636KB java alloc=5MB native alloc=20MB free=3MB
W/PackageManager(  926): Not granting permission android.permission.MANAGE_DOCUMENTS to package com.careerbuilder.SugarDrone (protectionLevel=2 flags=0x3808be46)
W/PackageManager(  926): Not granting permission android.permission.MOUNT_UNMOUNT_FILESYSTEMS to package com.careerbuilder.SugarDrone (protectionLevel=18 flags=0x3808be46)
V/BackupManagerService(  926): restoreAtInstall pkg=com.careerbuilder.SugarDrone token=5 restoreSet=0
V/BackupManagerService(  926): Finishing install immediately
W/Settings(  926): Setting install_non_market_apps has moved from android.provider.Settings.Global to android.provider.Settings.Secure, returning read-only value.
I/art     (  926): Starting a blocking GC Explicit
I/art     (  926): Explicit concurrent mark sweep GC freed 41191(2MB) AllocSpace objects, 10(248KB) LOS objects, 33% free, 30MB/45MB, paused 1.657ms total 98.111ms
I/art     ( 9394): System.exit called, status: 0
I/AndroidRuntime( 9394): VM exiting with result code 0.
I/InputReader(  926): Reconfiguring input devices.  changes=0x00000010
D/CarrierServiceBindHelper( 3564): Receive action: android.intent.action.PACKAGE_ADDED
D/CarrierServiceBindHelper( 3564): mHandler: 3
D/CarrierConfigLoader( 3564): mHandler: 9 phoneId: 0
I/ActivityManager(  926): Start proc 9531:com.android.musicfx/u0a21 for broadcast com.android.musicfx/.Compatibility$Receiver
W/System  ( 9531): ClassLoader referenced unknown path: /system/priv-app/MusicFX/lib/arm64
I/ActivityManager(  926): Start proc 9547:com.android.vending/u0a22 for broadcast com.android.vending/com.google.android.finsky.receivers.PackageMonitorReceiver$RegisteredReceiver
I/ActivityManager(  926): Killing 7449:com.google.android.music:main/u0a59 (adj 15): empty #17
W/System  ( 9547): ClassLoader referenced unknown path: /system/priv-app/Phonesky/lib/arm64
W/Finsky  ( 9547): [1] FinskyApp.getCurrentAccount: No account configured on this device.
D/Finsky  ( 9547): [1] FinskyApp.onCreate: Initializing network with DFE https://android.clients.google.com/fdfe/
W/Finsky  ( 9547): [1] FinskyApp.getCurrentAccount: No account configured on this device.
W/Finsky  ( 9547): [1] FinskyApp.getCurrentAccount: No account configured on this device.
W/Finsky  ( 9547): [1] FinskyApp.getCurrentAccount: No account configured on this device.
W/Finsky  ( 9547): [1] FinskyApp.getCurrentAccount: No account configured on this device.
W/Finsky  ( 9547): [1] FinskyApp.getCurrentAccount: No account configured on this device.
W/Finsky  ( 9547): [1] FinskyApp.getCurrentAccount: No account configured on this device.
W/Finsky  ( 9547): [1] FinskyApp.getCurrentAccount: No account configured on this device.
D/Finsky  ( 9547): [1] DailyHygiene.goMakeHygieneIfDirty: No need to run daily hygiene.
W/Settings( 9547): Setting download_manager_max_bytes_over_mobile has moved from android.provider.Settings.Secure to android.provider.Settings.Global.
W/Settings( 9547): Setting download_manager_recommended_max_bytes_over_mobile has moved from android.provider.Settings.Secure to android.provider.Settings.Global.
W/Finsky  ( 9547): [1] FinskyApp.getCurrentAccount: No account configured on this device.
W/Finsky  ( 9547): [1] FinskyApp.getCurrentAccount: No account configured on this device.
W/Finsky  ( 9547): [1] FinskyApp.getDfeApi: No account configured on this device.
W/Finsky  ( 9547): [1] FinskyApp.getCurrentAccount: No account configured on this device.
I/ActivityManager(  926): Start proc 9592:com.google.android.apps.docs/u0a43 for broadcast com.google.android.apps.docs/.receivers.AppPackageAddRemoveReceiver
W/System  ( 9592): ClassLoader referenced unknown path: /system/app/Drive/lib/arm64
I/UpdateIcingCorporaServi( 7819): Updating corpora: APPS=com.careerbuilder.SugarDrone, CONTACTS=MAYBE
D/Ads     ( 9547): Skipping gmscore version check
W/IcingInternalCorpora( 4312): getNumBytesRead when not calculated.
I/UpdateIcingCorporaServi( 7819): UpdateCorporaTask done [took 250 ms] updated apps [took 249 ms] 
D/Finsky  ( 9547): [1] ExternalReferrer.access$200: Package state data is missing for com.careerbuilder.SugarDrone
I/Icing   ( 4312): Usage reports 0 indexed 0 rejected 0 imm upload true
W/Finsky  ( 9547): [1] FinskyApp.getCurrentAccount: No account configured on this device.
W/Finsky  ( 9547): [1] FinskyApp.getCurrentAccount: No account configured on this device.
D/Finsky  ( 9547): [1] GmsCoreHelper.cleanupNlp: result=false type=4
D/AndroidRuntime( 9564): >>>>>> START com.android.internal.os.RuntimeInit uid 2000 <<<<<<
D/AndroidRuntime( 9564): CheckJNI is OFF
D/Finsky  ( 9547): [1] RestoreTracker.stopServiceIfDone: Restore complete with 0 success and 0 failed.
D/ICU     ( 9564): No timezone override file found: /data/misc/zoneinfo/current/icu/icu_tzdata.dat
I/Radio-JNI( 9564): register_android_hardware_Radio DONE
D/AndroidRuntime( 9564): Calling main entry com.android.commands.settings.SettingsCmd
D/AndroidRuntime( 9564): Shutting down VM
I/GAv4    ( 9592): Google Analytics 7.8.95 is starting up. To enable debug logging on a device run:
I/GAv4    ( 9592):   adb shell setprop log.tag.GAv4 DEBUG
I/GAv4    ( 9592):   adb logcat -s GAv4
W/GAv4    ( 9592): AnalyticsReceiver is not registered or is disabled. Register the receiver for reliable dispatching on non-Google Play devices. See http://goo.gl/8Rd3yj for instructions.
W/GAv4    ( 9592): CampaignTrackingReceiver is not registered, not exported or is disabled. Installation campaign tracking is not possible. See http://goo.gl/8Rd3yj for instructions.
W/AnalyticsTrackerProxyImpl( 9592): Analytics setup for ID UA-21125203-2, app name Drive, version 2.3.327.05.46
W/GAv4    ( 9592): AnalyticsService not registered in the app manifest. Hits might not be delivered reliably. See http://goo.gl/8Rd3yj for instructions.
I/ActivityManager(  926): Killing 7659:com.google.android.gms.unstable/u0a12 (adj 15): empty #17
D/NetlinkSocketObserver(  926): NeighborEvent{elapsedMs=275500, 10.22.0.1, [B0FAEB975089], RTM_NEWNEIGH, NUD_PROBE}
D/Wear_Controller( 4312): Received broadcast action=android.intent.action.PACKAGE_ADDED and uri=com.careerbuilder.SugarDrone
I/PeopleContactsSync( 4312): triggerPendingContactsCleanup: no accounts
I/Icing   ( 4312): Usage reports 0 indexed 0 rejected 0 imm upload false
I/Icing   ( 4312): Usage reports 0 indexed 0 rejected 0 imm upload false
I/Icing   ( 4312): Indexing 30F0BE597630D714C34463EDBCB0E07AE3414F19 from com.google.android.googlequicksearchbox
I/ServiceManager(  587): Waiting for service AtCmdFwd...
I/Icing   ( 4312): Indexing done 30F0BE597630D714C34463EDBCB0E07AE3414F19
D/AndroidRuntime( 9638): >>>>>> START com.android.internal.os.RuntimeInit uid 2000 <<<<<<
D/AndroidRuntime( 9638): CheckJNI is OFF
D/ICU     ( 9638): No timezone override file found: /data/misc/zoneinfo/current/icu/icu_tzdata.dat
I/Radio-JNI( 9638): register_android_hardware_Radio DONE
W/linker  ( 9592): /data/app/com.google.android.gms-2/lib/arm64/libconscrypt_gmscore_jni.so: unused DT entry: type 0x1d arg 0x80
V/JNIHelp ( 9592): Registering com/google/android/gms/org/conscrypt/NativeCrypto's 242 native methods...
D/AndroidRuntime( 9638): Calling main entry com.android.commands.settings.SettingsCmd
I/art     ( 9592): Rejecting re-init on previously-failed class java.lang.Class<com.google.android.gms.org.conscrypt.OpenSSLExtendedSessionImpl>
I/art     ( 9592): Rejecting re-init on previously-failed class java.lang.Class<com.google.android.gms.org.conscrypt.OpenSSLExtendedSessionImpl>
D/AndroidRuntime( 9638): Shutting down VM
E/art     ( 9638): Thread attaching while runtime is shutting down: Binder_1
I/AndroidRuntime( 9638): NOTE: attach of thread 'Binder_1' failed
I/ProviderInstaller( 9592): Installed default security provider GmsCore_OpenSSL
I/Icing   ( 4312): Indexing DD3FF9FE5EFE52F3C27F3CC5AE528200DF987AFE from com.google.android.gms
I/Icing   ( 4312): Indexing done DD3FF9FE5EFE52F3C27F3CC5AE528200DF987AFE
I/ServiceManager(  587): Waiting for service AtCmdFwd...
I/ActivityManager(  926): Killing 7951:com.android.providers.calendar/u0a1 (adj 15): empty #17
D/AndroidRuntime( 9687): >>>>>> START com.android.internal.os.RuntimeInit uid 2000 <<<<<<
D/AndroidRuntime( 9687): CheckJNI is OFF
D/ICU     ( 9687): No timezone override file found: /data/misc/zoneinfo/current/icu/icu_tzdata.dat
I/Radio-JNI( 9687): register_android_hardware_Radio DONE
D/AndroidRuntime( 9687): Calling main entry com.android.commands.settings.SettingsCmd
D/AndroidRuntime( 9687): Shutting down VM
I/ServiceManager(  587): Waiting for service AtCmdFwd...
D/AndroidRuntime( 9712): >>>>>> START com.android.internal.os.RuntimeInit uid 2000 <<<<<<
D/AndroidRuntime( 9712): CheckJNI is OFF
D/ICU     ( 9712): No timezone override file found: /data/misc/zoneinfo/current/icu/icu_tzdata.dat
I/Radio-JNI( 9712): register_android_hardware_Radio DONE
D/AndroidRuntime( 9712): Calling main entry com.android.commands.settings.SettingsCmd
D/AndroidRuntime( 9712): Shutting down VM
I/ServiceManager(  587): Waiting for service AtCmdFwd...
D/AndroidRuntime( 9734): >>>>>> START com.android.internal.os.RuntimeInit uid 2000 <<<<<<
D/AndroidRuntime( 9734): CheckJNI is OFF
D/ICU     ( 9734): No timezone override file found: /data/misc/zoneinfo/current/icu/icu_tzdata.dat
I/Radio-JNI( 9734): register_android_hardware_Radio DONE
D/AndroidRuntime( 9734): Calling main entry com.android.commands.settings.SettingsCmd
D/AndroidRuntime( 9734): Shutting down VM
I/ServiceManager(  587): Waiting for service AtCmdFwd...
D/AndroidRuntime( 9759): >>>>>> START com.android.internal.os.RuntimeInit uid 2000 <<<<<<
D/AndroidRuntime( 9759): CheckJNI is OFF
D/ICU     ( 9759): No timezone override file found: /data/misc/zoneinfo/current/icu/icu_tzdata.dat
I/Radio-JNI( 9759): register_android_hardware_Radio DONE
D/AndroidRuntime( 9759): Calling main entry com.android.commands.appops.AppOpsCommand
D/AndroidRuntime( 9759): Shutting down VM
W/Atfwd_Sendcmd(  587): AtCmdFwd service not published, waiting... retryCnt : 4
D/AndroidRuntime( 9781): >>>>>> START com.android.internal.os.RuntimeInit uid 2000 <<<<<<
D/AndroidRuntime( 9781): CheckJNI is OFF
D/ICU     ( 9781): No timezone override file found: /data/misc/zoneinfo/current/icu/icu_tzdata.dat
I/Radio-JNI( 9781): register_android_hardware_Radio DONE
D/AndroidRuntime( 9781): Calling main entry com.android.commands.pm.Pm
I/art     ( 9781): System.exit called, status: 0
I/AndroidRuntime( 9781): VM exiting with result code 0.
I/ActivityManager(  926): Killing 6876:com.google.android.talk/u0a53 (adj 15): empty #17
D/AndroidRuntime( 9825): >>>>>> START com.android.internal.os.RuntimeInit uid 2000 <<<<<<
D/AndroidRuntime( 9825): CheckJNI is OFF
D/ICU     ( 9825): No timezone override file found: /data/misc/zoneinfo/current/icu/icu_tzdata.dat
I/Radio-JNI( 9825): register_android_hardware_Radio DONE
D/AndroidRuntime( 9825): Calling main entry com.android.commands.pm.Pm
I/art     ( 9825): System.exit called, status: 0
I/AndroidRuntime( 9825): VM exiting with result code 0.
D/AndroidRuntime( 9892): >>>>>> START com.android.internal.os.RuntimeInit uid 2000 <<<<<<
D/AndroidRuntime( 9892): CheckJNI is OFF
D/ICU     ( 9892): No timezone override file found: /data/misc/zoneinfo/current/icu/icu_tzdata.dat
I/Radio-JNI( 9892): register_android_hardware_Radio DONE
D/AndroidRuntime( 9892): Calling main entry com.android.commands.am.Am
W/ActivityManager(  926): Invalid packageName: com.careerbuilder.SugarDrone.test
D/AndroidRuntime( 9892): Shutting down VM
D/AndroidRuntime( 9920): >>>>>> START com.android.internal.os.RuntimeInit uid 2000 <<<<<<
D/AndroidRuntime( 9920): CheckJNI is OFF
D/ICU     ( 9920): No timezone override file found: /data/misc/zoneinfo/current/icu/icu_tzdata.dat
I/Radio-JNI( 9920): register_android_hardware_Radio DONE
D/AndroidRuntime( 9920): Calling main entry com.android.commands.pm.Pm
D/DefContainer( 9412): Copying /data/local/tmp/0000003197 to base.apk
I/PackageManager.DexOptimizer(  926): Running dexopt (dex2oat) on: /data/app/vmdl1461168146.tmp/base.apk pkg=com.careerbuilder.SugarDrone.test isa=arm64 vmSafeMode=false debuggable=false oatDir = /data/app/vmdl1461168146.tmp/oat bootComplete=true
I/dex2oat ( 9940): /system/bin/dex2oat -j2
W/dex2oat ( 9940): No verified method for method calling String.<init>: java.lang.String android.text.TextUtils.substring(java.lang.CharSequence, int, int)
W/dex2oat ( 9940): No verified method for method calling String.<init>: java.lang.String android.text.TextUtils.substring(java.lang.CharSequence, int, int)
I/dex2oat ( 9940): Skipping compilation of void sh.calaba.org.codehaus.jackson.impl.Utf8StreamParser._skipString(): it contains a non natural loop
I/dex2oat ( 9940): dex2oat took 2.477s (threads: 2) arena alloc=2MB java alloc=2MB native alloc=9MB free=1893KB
D/WifiStateMachine(  926): starting scan for "xtc-ag"WPA_PSK with 5240,5180,5220,5200
W/PackageManager(  926): Not granting permission android.permission.ACCESS_MOCK_LOCATION to package com.careerbuilder.SugarDrone.test (protectionLevel=2 flags=0x1800be44)
W/ip      ( 9978): type=1400 audit(0.0:70): avc: denied { search } for name="net" dev="dm-2" ino=3440648 scontext=u:r:shell:s0 tcontext=u:object_r:net_data_file:s0 tclass=dir permissive=0
V/BackupManagerService(  926): restoreAtInstall pkg=com.careerbuilder.SugarDrone.test token=6 restoreSet=0
V/BackupManagerService(  926): Finishing install immediately
W/Settings(  926): Setting install_non_market_apps has moved from android.provider.Settings.Global to android.provider.Settings.Secure, returning read-only value.
I/art     (  926): Starting a blocking GC Explicit
I/art     (  926): Explicit concurrent mark sweep GC freed 102795(6MB) AllocSpace objects, 18(440KB) LOS objects, 33% free, 30MB/45MB, paused 1.834ms total 110.597ms
I/art     ( 9920): System.exit called, status: 0
I/AndroidRuntime( 9920): VM exiting with result code 0.
I/InputReader(  926): Reconfiguring input devices.  changes=0x00000010
D/CarrierServiceBindHelper( 3564): Receive action: android.intent.action.PACKAGE_ADDED
D/CarrierServiceBindHelper( 3564): mHandler: 3
D/CarrierConfigLoader( 3564): mHandler: 9 phoneId: 0
D/Finsky  ( 9547): [1] ExternalReferrer.access$200: Package state data is missing for com.careerbuilder.SugarDrone.test
I/UpdateIcingCorporaServi( 7819): Updating corpora: APPS=com.careerbuilder.SugarDrone.test, CONTACTS=MAYBE
I/UpdateIcingCorporaServi( 7819): UpdateCorporaTask done [took 53 ms] updated apps [took 53 ms] 
D/Wear_Controller( 4312): Received broadcast action=android.intent.action.PACKAGE_ADDED and uri=com.careerbuilder.SugarDrone.test
W/IcingInternalCorpora( 4312): getNumBytesRead when not calculated.
I/PeopleContactsSync( 4312): triggerPendingContactsCleanup: no accounts
I/Icing   ( 4312): Usage reports 0 indexed 0 rejected 0 imm upload false
I/Icing   ( 4312): Usage reports 0 indexed 0 rejected 0 imm upload false
D/AndroidRuntime(10003): >>>>>> START com.android.internal.os.RuntimeInit uid 2000 <<<<<<
D/AndroidRuntime(10003): CheckJNI is OFF
D/ICU     (10003): No timezone override file found: /data/misc/zoneinfo/current/icu/icu_tzdata.dat
I/Radio-JNI(10003): register_android_hardware_Radio DONE
D/AndroidRuntime(10003): Calling main entry com.android.commands.settings.SettingsCmd
D/AndroidRuntime(10003): Shutting down VM
I/Icing   ( 4312): Indexing DD3FF9FE5EFE52F3C27F3CC5AE528200DF987AFE from com.google.android.gms
I/Icing   ( 4312): Indexing done DD3FF9FE5EFE52F3C27F3CC5AE528200DF987AFE
D/AndroidRuntime(10038): >>>>>> START com.android.internal.os.RuntimeInit uid 2000 <<<<<<
D/AndroidRuntime(10038): CheckJNI is OFF
D/ICU     (10038): No timezone override file found: /data/misc/zoneinfo/current/icu/icu_tzdata.dat
I/Radio-JNI(10038): register_android_hardware_Radio DONE
D/AndroidRuntime(10038): Calling main entry com.android.commands.settings.SettingsCmd
D/AndroidRuntime(10038): Shutting down VM
D/AndroidRuntime(10062): >>>>>> START com.android.internal.os.RuntimeInit uid 2000 <<<<<<
D/AndroidRuntime(10062): CheckJNI is OFF
D/ICU     (10062): No timezone override file found: /data/misc/zoneinfo/current/icu/icu_tzdata.dat
I/Radio-JNI(10062): register_android_hardware_Radio DONE
D/AndroidRuntime(10062): Calling main entry com.android.commands.settings.SettingsCmd
D/AndroidRuntime(10062): Shutting down VM
D/AndroidRuntime(10086): >>>>>> START com.android.internal.os.RuntimeInit uid 2000 <<<<<<
D/AndroidRuntime(10086): CheckJNI is OFF
D/ICU     (10086): No timezone override file found: /data/misc/zoneinfo/current/icu/icu_tzdata.dat
I/Radio-JNI(10086): register_android_hardware_Radio DONE
D/AndroidRuntime(10086): Calling main entry com.android.commands.settings.SettingsCmd
D/AndroidRuntime(10086): Shutting down VM
D/AndroidRuntime(10107): >>>>>> START com.android.internal.os.RuntimeInit uid 2000 <<<<<<
D/AndroidRuntime(10107): CheckJNI is OFF
D/ICU     (10107): No timezone override file found: /data/misc/zoneinfo/current/icu/icu_tzdata.dat
I/Radio-JNI(10107): register_android_hardware_Radio DONE
D/AndroidRuntime(10107): Calling main entry com.android.commands.settings.SettingsCmd
D/AndroidRuntime(10107): Shutting down VM
D/AndroidRuntime(10130): >>>>>> START com.android.internal.os.RuntimeInit uid 2000 <<<<<<
D/AndroidRuntime(10130): CheckJNI is OFF
D/ICU     (10130): No timezone override file found: /data/misc/zoneinfo/current/icu/icu_tzdata.dat
I/Radio-JNI(10130): register_android_hardware_Radio DONE
D/AndroidRuntime(10130): Calling main entry com.android.commands.appops.AppOpsCommand
D/AndroidRuntime(10130): Shutting down VM
D/AndroidRuntime(10151): >>>>>> START com.android.internal.os.RuntimeInit uid 2000 <<<<<<
D/AndroidRuntime(10151): CheckJNI is OFF
D/ICU     (10151): No timezone override file found: /data/misc/zoneinfo/current/icu/icu_tzdata.dat
I/Radio-JNI(10151): register_android_hardware_Radio DONE
D/AndroidRuntime(10151): Calling main entry com.android.commands.pm.Pm
I/art     (10151): System.exit called, status: 0
I/AndroidRuntime(10151): VM exiting with result code 0.
D/AndroidRuntime(10195): >>>>>> START com.android.internal.os.RuntimeInit uid 2000 <<<<<<
D/AndroidRuntime(10195): CheckJNI is OFF
D/ICU     (10195): No timezone override file found: /data/misc/zoneinfo/current/icu/icu_tzdata.dat
I/Radio-JNI(10195): register_android_hardware_Radio DONE
D/AndroidRuntime(10195): Calling main entry com.android.commands.pm.Pm
I/art     (10195): System.exit called, status: 0
I/AndroidRuntime(10195): VM exiting with result code 0.
I/ServiceManager(  587): Waiting for service AtCmdFwd...
I/ServiceManager(  587): Waiting for service AtCmdFwd...
D/AndroidRuntime(10254): >>>>>> START com.android.internal.os.RuntimeInit uid 2000 <<<<<<
D/AndroidRuntime(10254): CheckJNI is OFF
D/ICU     (10254): No timezone override file found: /data/misc/zoneinfo/current/icu/icu_tzdata.dat
I/Radio-JNI(10254): register_android_hardware_Radio DONE
I/ServiceManager(  587): Waiting for service AtCmdFwd...
D/AndroidRuntime(10254): Calling main entry com.android.commands.input.Input
I/Input   (10254): injectKeyEvent: KeyEvent { action=ACTION_DOWN, keyCode=KEYCODE_BACK, scanCode=0, metaState=0, flags=0x0, repeatCount=0, eventTime=302832, downTime=302832, deviceId=-1, source=0x101 }
I/Input   (10254): injectKeyEvent: KeyEvent { action=ACTION_UP, keyCode=KEYCODE_BACK, scanCode=0, metaState=0, flags=0x0, repeatCount=0, eventTime=302832, downTime=302832, deviceId=-1, source=0x101 }
D/EmojiAltPhysicalKeyDetector( 3419): onKeyUp() : KeyEvent { action=ACTION_UP, keyCode=KEYCODE_BACK, scanCode=0, metaState=0, flags=0x0, repeatCount=0, eventTime=302832, downTime=302832, deviceId=-1, source=0x101 }
D/EmojiAltPhysicalKeyDetector( 3419): onKeyUp() : Disabled
D/AndroidRuntime(10254): Shutting down VM
D/NetlinkSocketObserver(  926): NeighborEvent{elapsedMs=303020, 10.22.0.1, [B0FAEB975089], RTM_NEWNEIGH, NUD_STALE}
I/ServiceManager(  587): Waiting for service AtCmdFwd...
D/AndroidRuntime(10305): >>>>>> START com.android.internal.os.RuntimeInit uid 2000 <<<<<<
D/AndroidRuntime(10305): CheckJNI is OFF
D/ICU     (10305): No timezone override file found: /data/misc/zoneinfo/current/icu/icu_tzdata.dat
I/Radio-JNI(10305): register_android_hardware_Radio DONE
D/AndroidRuntime(10305): Calling main entry com.android.commands.input.Input
I/Input   (10305): injectKeyEvent: KeyEvent { action=ACTION_DOWN, keyCode=KEYCODE_HOME, scanCode=0, metaState=0, flags=0x0, repeatCount=0, eventTime=304790, downTime=304790, deviceId=-1, source=0x101 }
I/Input   (10305): injectKeyEvent: KeyEvent { action=ACTION_UP, keyCode=KEYCODE_HOME, scanCode=0, metaState=0, flags=0x0, repeatCount=0, eventTime=304790, downTime=304790, deviceId=-1, source=0x101 }
I/ActivityManager(  926): START u0 {act=android.intent.action.MAIN cat=[android.intent.category.HOME] flg=0x10200000 cmp=com.google.android.googlequicksearchbox/com.google.android.launcher.GEL (has extras)} from uid 1000 on display 0
D/AndroidRuntime(10305): Shutting down VM
I/GEL     ( 3581): handleIntent(Intent { act=android.intent.action.MAIN cat=[android.intent.category.HOME] flg=0x10200000 cmp=com.google.android.googlequicksearchbox/com.google.android.launcher.GEL (has extras) })
I/ServiceManager(  587): Waiting for service AtCmdFwd...
I/hubconnection(  926): sensorhub said: 'flush 14'
I/hubconnection(  926): saw sensor 14 flushed
W/Atfwd_Sendcmd(  587): AtCmdFwd service not published, waiting... retryCnt : 5
D/Finsky  ( 9547): [400] AppStatesReplicator.handleContentSyncResponse: Completed 0 account content syncs with 0 successful.
D/Finsky  ( 9547): [1] ContentSyncService$5.onFinished: Installation state replication succeeded.
D/AndroidRuntime(10340): >>>>>> START com.android.internal.os.RuntimeInit uid 2000 <<<<<<
D/AndroidRuntime(10340): CheckJNI is OFF
D/ICU     (10340): No timezone override file found: /data/misc/zoneinfo/current/icu/icu_tzdata.dat
I/Radio-JNI(10340): register_android_hardware_Radio DONE
D/AndroidRuntime(10340): Calling main entry com.android.commands.input.Input
I/Input   (10340): injectKeyEvent: KeyEvent { action=ACTION_DOWN, keyCode=KEYCODE_BACK, scanCode=0, metaState=0, flags=0x0, repeatCount=0, eventTime=306398, downTime=306398, deviceId=-1, source=0x101 }
I/Input   (10340): injectKeyEvent: KeyEvent { action=ACTION_UP, keyCode=KEYCODE_BACK, scanCode=0, metaState=0, flags=0x0, repeatCount=0, eventTime=306398, downTime=306398, deviceId=-1, source=0x101 }
D/EmojiAltPhysicalKeyDetector( 3419): onKeyUp() : KeyEvent { action=ACTION_UP, keyCode=KEYCODE_BACK, scanCode=0, metaState=0, flags=0x0, repeatCount=0, eventTime=306398, downTime=306398, deviceId=-1, source=0x101 }
D/EmojiAltPhysicalKeyDetector( 3419): onKeyUp() : Disabled
D/AndroidRuntime(10340): Shutting down VM
D/AndroidRuntime(10376): >>>>>> START com.android.internal.os.RuntimeInit uid 2000 <<<<<<
D/AndroidRuntime(10376): CheckJNI is OFF
D/ICU     (10376): No timezone override file found: /data/misc/zoneinfo/current/icu/icu_tzdata.dat
I/Radio-JNI(10376): register_android_hardware_Radio DONE
D/AndroidRuntime(10376): Calling main entry com.android.commands.am.Am
I/ActivityManager(  926): Force stopping com.careerbuilder.SugarDrone appid=14636 user=0: start instr
I/ActivityManager(  926): Start proc 10395:com.careerbuilder.SugarDrone/u0a4636 for added application com.careerbuilder.SugarDrone
I/art     (10395): Late-enabling -Xcheck:jni
E/dex2oat (10408): Failed to create oat file: /data/dalvik-cache/arm/data@app@com.careerbuilder.SugarDrone.test-1@base.apk@classes.dex: Permission denied
I/dex2oat (10408): dex2oat took 976.354us (threads: 2) 
W/art     (10395): Failed execv(/system/bin/dex2oat --runtime-arg -classpath --runtime-arg  --instruction-set=arm --instruction-set-features=smp,div,-atomic_ldrd_strd --runtime-arg -Xrelocate --boot-image=/system/framework/boot.art --runtime-arg -Xms64m --runtime-arg -Xmx512m -j2 --instruction-set-variant=cortex-a7 --instruction-set-features=default --dex-file=/data/app/com.careerbuilder.SugarDrone.test-1/base.apk --oat-file=/data/dalvik-cache/arm/data@app@com.careerbuilder.SugarDrone.test-1@base.apk@classes.dex) because non-0 exit status
W/System  (10395): ClassLoader referenced unknown path: /data/app/com.careerbuilder.SugarDrone.test-1/lib/arm64
W/monodroid(10395): Using override path: /data/user/0/com.careerbuilder.SugarDrone/files/.__override__
W/monodroid(10395): Trying to load sgen from: /data/user/0/com.careerbuilder.SugarDrone/files/.__override__/libmonosgen-2.0.so
W/monodroid(10395): Trying to load sgen from: /storage/emulated/0/Android/data/com.careerbuilder.SugarDrone/files/.__override__/libmonosgen-2.0.so
W/monodroid(10395): Trying to load sgen from: /data/app/com.careerbuilder.SugarDrone-1/lib/arm/libmonosgen-2.0.so
D/Mono    (10395): Image addref mscorlib[0xeb62d020] -> mscorlib.dll[0xecdbbd00]: 2
D/Mono    (10395): Prepared to set up assembly 'mscorlib' (mscorlib.dll)
D/Mono    (10395): AOT module 'mscorlib.dll.so' not found: dlopen failed: library "/data/app/com.careerbuilder.SugarDrone-1/lib/arm/libaot-mscorlib.dll.so" not found
D/Mono    (10395): AOT module '/Users/builder/data/lanes/4009/3a62f1ea/source/monodroid/builds/install/mono-armv6/lib/mono/aot-cache/arm/mscorlib.dll.so' not found: dlopen failed: library "/data/app/com.careerbuilder.SugarDrone-1/lib/arm/libaot-mscorlib.dll.so" not found
D/Mono    (10395): Config attempting to parse: 'mscorlib.dll.config'.
D/Mono    (10395): Config attempting to parse: '/Users/builder/data/lanes/4009/3a62f1ea/source/monodroid/builds/install/mono-armv6/etc/mono/assemblies/mscorlib/mscorlib.config'.
D/Mono    (10395): Assembly mscorlib[0xeb62d020] added to domain RootDomain, ref_count=1
D/Mono    (10395): Image addref CareerBuilder_Search.Droid[0xeb62d080] -> CareerBuilder_Search.Droid.dll[0xecdbcc00]: 2
D/Mono    (10395): Prepared to set up assembly 'CareerBuilder_Search.Droid' (CareerBuilder_Search.Droid.dll)
D/Mono    (10395): Assembly CareerBuilder_Search.Droid[0xeb62d080] added to domain RootDomain, ref_count=1
D/Mono    (10395): AOT module 'CareerBuilder_Search.Droid.dll.so' not found: dlopen failed: library "/data/app/com.careerbuilder.SugarDrone-1/lib/arm/libaot-CareerBuilder_Search.Droid.dll.so" not found
D/Mono    (10395): AOT module '/Users/builder/data/lanes/4009/3a62f1ea/source/monodroid/builds/install/mono-armv6/lib/mono/aot-cache/arm/CareerBuilder_Search.Droid.dll.so' not found: dlopen failed: library "/data/app/com.careerbuilder.SugarDrone-1/lib/arm/libaot-CareerBuilder_Search.Droid.dll.so" not found
D/Mono    (10395): Config attempting to parse: 'CareerBuilder_Search.Droid.dll.config'.
D/Mono    (10395): Config attempting to parse: '/Users/builder/data/lanes/4009/3a62f1ea/source/monodroid/builds/install/mono-armv6/etc/mono/assemblies/CareerBuilder_Search.Droid/CareerBuilder_Search.Droid.config'.
D/Mono    (10395): Image addref AppsFlyerXamarinBindingAndroid[0xeb62d0e0] -> AppsFlyerXamarinBindingAndroid.dll[0xf4ef6f00]: 2
D/Mono    (10395): Prepared to set up assembly 'AppsFlyerXamarinBindingAndroid' (AppsFlyerXamarinBindingAndroid.dll)
D/Mono    (10395): Assembly AppsFlyerXamarinBindingAndroid[0xeb62d0e0] added to domain RootDomain, ref_count=1
D/Mono    (10395): AOT module 'AppsFlyerXamarinBindingAndroid.dll.so' not found: dlopen failed: library "/data/app/com.careerbuilder.SugarDrone-1/lib/arm/libaot-AppsFlyerXamarinBindingAndroid.dll.so" not found
D/Mono    (10395): AOT module '/Users/builder/data/lanes/4009/3a62f1ea/source/monodroid/builds/install/mono-armv6/lib/mono/aot-cache/arm/AppsFlyerXamarinBindingAndroid.dll.so' not found: dlopen failed: library "/data/app/com.careerbuilder.SugarDrone-1/lib/arm/libaot-AppsFlyerXamarinBindingAndroid.dll.so" not found
D/Mono    (10395): Config attempting to parse: 'AppsFlyerXamarinBindingAndroid.dll.config'.
D/Mono    (10395): Config attempting to parse: '/Users/builder/data/lanes/4009/3a62f1ea/source/monodroid/builds/install/mono-armv6/etc/mono/assemblies/AppsFlyerXamarinBindingAndroid/AppsFlyerXamarinBindingAndroid.config'.
D/Mono    (10395): Image addref HockeySDK[0xeb62d140] -> HockeySDK.dll[0xf4ef7400]: 2
D/Mono    (10395): Prepared to set up assembly 'HockeySDK' (HockeySDK.dll)
D/Mono    (10395): Assembly HockeySDK[0xeb62d140] added to domain RootDomain, ref_count=1
D/Mono    (10395): AOT module 'HockeySDK.dll.so' not found: dlopen failed: library "/data/app/com.careerbuilder.SugarDrone-1/lib/arm/libaot-HockeySDK.dll.so" not found
D/Mono    (10395): AOT module '/Users/builder/data/lanes/4009/3a62f1ea/source/monodroid/builds/install/mono-armv6/lib/mono/aot-cache/arm/HockeySDK.dll.so' not found: dlopen failed: library "/data/app/com.careerbuilder.SugarDrone-1/lib/arm/libaot-HockeySDK.dll.so" not found
D/Mono    (10395): Config attempting to parse: 'HockeySDK.dll.config'.
D/Mono    (10395): Config attempting to parse: '/Users/builder/data/lanes/4009/3a62f1ea/source/monodroid/builds/install/mono-armv6/etc/mono/assemblies/HockeySDK/HockeySDK.config'.
D/Mono    (10395): Image addref Akavache[0xeb62d1a0] -> Akavache.dll[0xf4ef7900]: 2
D/Mono    (10395): Prepared to set up assembly 'Akavache' (Akavache.dll)
D/Mono    (10395): Assembly Akavache[0xeb62d1a0] added to domain RootDomain, ref_count=1
D/Mono    (10395): AOT module 'Akavache.dll.so' not found: dlopen failed: library "/data/app/com.careerbuilder.SugarDrone-1/lib/arm/libaot-Akavache.dll.so" not found
D/Mono    (10395): AOT module '/Users/builder/data/lanes/4009/3a62f1ea/source/monodroid/builds/install/mono-armv6/lib/mono/aot-cache/arm/Akavache.dll.so' not found: dlopen failed: library "/data/app/com.careerbuilder.SugarDrone-1/lib/arm/libaot-Akavache.dll.so" not found
D/Mono    (10395): Config attempting to parse: 'Akavache.dll.config'.
D/Mono    (10395): Config attempting to parse: '/Users/builder/data/lanes/4009/3a62f1ea/source/monodroid/builds/install/mono-armv6/etc/mono/assemblies/Akavache/Akavache.config'.
D/Mono    (10395): Image addref Akavache.Sqlite3[0xeb62d200] -> Akavache.Sqlite3.dll[0xea879000]: 2
D/Mono    (10395): Prepared to set up assembly 'Akavache.Sqlite3' (Akavache.Sqlite3.dll)
D/Mono    (10395): Assembly Akavache.Sqlite3[0xeb62d200] added to domain RootDomain, ref_count=1
D/Mono    (10395): AOT module 'Akavache.Sqlite3.dll.so' not found: dlopen failed: library "/data/app/com.careerbuilder.SugarDrone-1/lib/arm/libaot-Akavache.Sqlite3.dll.so" not found
D/Mono    (10395): AOT module '/Users/builder/data/lanes/4009/3a62f1ea/source/monodroid/builds/install/mono-armv6/lib/mono/aot-cache/arm/Akavache.Sqlite3.dll.so' not found: dlopen failed: library "/data/app/com.careerbuilder.SugarDrone-1/lib/arm/libaot-Akavache.Sqlite3.dll.so" not found
W/        (10395): Symbol file LoadedFromMemory doesn't match image Akavache.Sqlite3.dll
D/Mono    (10395): Config attempting to parse: 'Akavache.Sqlite3.dll.config'.
D/Mono    (10395): Config attempting to parse: '/Users/builder/data/lanes/4009/3a62f1ea/source/monodroid/builds/install/mono-armv6/etc/mono/assemblies/Akavache.Sqlite3/Akavache.Sqlite3.config'.
D/Mono    (10395): Image addref Splat[0xeb62d3e0] -> Splat.dll[0xea879500]: 2
D/Mono    (10395): Prepared to set up assembly 'Splat' (Splat.dll)
D/Mono    (10395): Assembly Splat[0xeb62d3e0] added to domain RootDomain, ref_count=1
D/Mono    (10395): AOT module 'Splat.dll.so' not found: dlopen failed: library "/data/app/com.careerbuilder.SugarDrone-1/lib/arm/libaot-Splat.dll.so" not found
D/Mono    (10395): AOT module '/Users/builder/data/lanes/4009/3a62f1ea/source/monodroid/builds/install/mono-armv6/lib/mono/aot-cache/arm/Splat.dll.so' not found: dlopen failed: library "/data/app/com.careerbuilder.SugarDrone-1/lib/arm/libaot-Splat.dll.so" not found
D/Mono    (10395): Config attempting to parse: 'Splat.dll.config'.
D/Mono    (10395): Config attempting to parse: '/Users/builder/data/lanes/4009/3a62f1ea/source/monodroid/builds/install/mono-armv6/etc/mono/assemblies/Splat/Splat.config'.
D/Mono    (10395): Image addref Microsoft.Practices.ServiceLocation[0xeb62d440] -> Microsoft.Practices.ServiceLocation.dll[0xea879a00]: 2
D/Mono    (10395): Prepared to set up assembly 'Microsoft.Practices.ServiceLocation' (Microsoft.Practices.ServiceLocation.dll)
D/Mono    (10395): Assembly Microsoft.Practices.ServiceLocation[0xeb62d440] added to domain RootDomain, ref_count=1
D/Mono    (10395): AOT module 'Microsoft.Practices.ServiceLocation.dll.so' not found: dlopen failed: library "/data/app/com.careerbuilder.SugarDrone-1/lib/arm/libaot-Microsoft.Practices.ServiceLocation.dll.so" not found
D/Mono    (10395): AOT module '/Users/builder/data/lanes/4009/3a62f1ea/source/monodroid/builds/install/mono-armv6/lib/mono/aot-cache/arm/Microsoft.Practices.ServiceLocation.dll.so' not found: dlopen failed: library "/data/app/com.careerbuilder.SugarDrone-1/lib/arm/libaot-Microsoft.Practices.ServiceLocation.dll.so" not found
D/Mono    (10395): Config attempting to parse: 'Microsoft.Practices.ServiceLocation.dll.config'.
D/Mono    (10395): Config attempting to parse: '/Users/builder/data/lanes/4009/3a62f1ea/source/monodroid/builds/install/mono-armv6/etc/mono/assemblies/Microsoft.Practices.ServiceLocation/Microsoft.Practices.ServiceLocation.config'.
D/Mono    (10395): Image addref Microsoft.Practices.Unity[0xeb62d4a0] -> Microsoft.Practices.Unity.dll[0xea879f00]: 2
D/Mono    (10395): Prepared to set up assembly 'Microsoft.Practices.Unity' (Microsoft.Practices.Unity.dll)
D/Mono    (10395): Assembly Microsoft.Practices.Unity[0xeb62d4a0] added to domain RootDomain, ref_count=1
D/Mono    (10395): AOT module 'Microsoft.Practices.Unity.dll.so' not found: dlopen failed: library "/data/app/com.careerbuilder.SugarDrone-1/lib/arm/libaot-Microsoft.Practices.Unity.dll.so" not found
D/Mono    (10395): AOT module '/Users/builder/data/lanes/4009/3a62f1ea/source/monodroid/builds/install/mono-armv6/lib/mono/aot-cache/arm/Microsoft.Practices.Unity.dll.so' not found: dlopen failed: library "/data/app/com.careerbuilder.SugarDrone-1/lib/arm/libaot-Microsoft.Practices.Unity.dll.so" not found
D/Mono    (10395): Config attempting to parse: 'Microsoft.Practices.Unity.dll.config'.
D/Mono    (10395): Config attempting to parse: '/Users/builder/data/lanes/4009/3a62f1ea/source/monodroid/builds/install/mono-armv6/etc/mono/assemblies/Microsoft.Practices.Unity/Microsoft.Practices.Unity.config'.
D/Mono    (10395): Image addref Plugin.CurrentActivity[0xeb62d500] -> Plugin.CurrentActivity.dll[0xea87a400]: 2
D/Mono    (10395): Prepared to set up assembly 'Plugin.CurrentActivity' (Plugin.CurrentActivity.dll)
D/Mono    (10395): Assembly Plugin.CurrentActivity[0xeb62d500] added to domain RootDomain, ref_count=1
D/Mono    (10395): AOT module 'Plugin.CurrentActivity.dll.so' not found: dlopen failed: library "/data/app/com.careerbuilder.SugarDrone-1/lib/arm/libaot-Plugin.CurrentActivity.dll.so" not found
D/Mono    (10395): AOT module '/Users/builder/data/lanes/4009/3a62f1ea/source/monodroid/builds/install/mono-armv6/lib/mono/aot-cache/arm/Plugin.CurrentActivity.dll.so' not found: dlopen failed: library "/data/app/com.careerbuilder.SugarDrone-1/lib/arm/libaot-Plugin.CurrentActivity.dll.so" not found
D/Mono    (10395): Config attempting to parse: 'Plugin.CurrentActivity.dll.config'.
D/Mono    (10395): Config attempting to parse: '/Users/builder/data/lanes/4009/3a62f1ea/source/monodroid/builds/install/mono-armv6/etc/mono/assemblies/Plugin.CurrentActivity/Plugin.CurrentActivity.config'.
D/Mono    (10395): Image addref Plugin.Permissions[0xeb62d560] -> Plugin.Permissions.dll[0xea87a900]: 2
D/Mono    (10395): Prepared to set up assembly 'Plugin.Permissions' (Plugin.Permissions.dll)
D/Mono    (10395): Assembly Plugin.Permissions[0xeb62d560] added to domain RootDomain, ref_count=1
D/Mono    (10395): AOT module 'Plugin.Permissions.dll.so' not found: dlopen failed: library "/data/app/com.careerbuilder.SugarDrone-1/lib/arm/libaot-Plugin.Permissions.dll.so" not found
D/Mono    (10395): AOT module '/Users/builder/data/lanes/4009/3a62f1ea/source/monodroid/builds/install/mono-armv6/lib/mono/aot-cache/arm/Plugin.Permissions.dll.so' not found: dlopen failed: library "/data/app/com.careerbuilder.SugarDrone-1/lib/arm/libaot-Plugin.Permissions.dll.so" not found
D/Mono    (10395): Config attempting to parse: 'Plugin.Permissions.dll.config'.
D/Mono    (10395): Config attempting to parse: '/Users/builder/data/lanes/4009/3a62f1ea/source/monodroid/builds/install/mono-armv6/etc/mono/assemblies/Plugin.Permissions/Plugin.Permissions.config'.
D/Mono    (10395): Image addref Plugin.Permissions.Abstractions[0xeb62d5c0] -> Plugin.Permissions.Abstractions.dll[0xea87ae00]: 2
D/Mono    (10395): Prepared to set up assembly 'Plugin.Permissions.Abstractions' (Plugin.Permissions.Abstractions.dll)
D/Mono    (10395): Assembly Plugin.Permissions.Abstractions[0xeb62d5c0] added to domain RootDomain, ref_count=1
D/Mono    (10395): AOT module 'Plugin.Permissions.Abstractions.dll.so' not found: dlopen failed: library "/data/app/com.careerbuilder.SugarDrone-1/lib/arm/libaot-Plugin.Permissions.Abstractions.dll.so" not found
D/Mono    (10395): AOT module '/Users/builder/data/lanes/4009/3a62f1ea/source/monodroid/builds/install/mono-armv6/lib/mono/aot-cache/arm/Plugin.Permissions.Abstractions.dll.so' not found: dlopen failed: library "/data/app/com.careerbuilder.SugarDrone-1/lib/arm/libaot-Plugin.Permissions.Abstractions.dll.so" not found
D/Mono    (10395): Config attempting to parse: 'Plugin.Permissions.Abstractions.dll.config'.
D/Mono    (10395): Config attempting to parse: '/Users/builder/data/lanes/4009/3a62f1ea/source/monodroid/builds/install/mono-armv6/etc/mono/assemblies/Plugin.Permissions.Abstractions/Plugin.Permissions.Abstractions.config'.
D/Mono    (10395): Image addref Plugin.Geolocator[0xeb62d620] -> Plugin.Geolocator.dll[0xea87b300]: 2
D/Mono    (10395): Prepared to set up assembly 'Plugin.Geolocator' (Plugin.Geolocator.dll)
D/Mono    (10395): Assembly Plugin.Geolocator[0xeb62d620] added to domain RootDomain, ref_count=1
D/Mono    (10395): AOT module 'Plugin.Geolocator.dll.so' not found: dlopen failed: library "/data/app/com.careerbuilder.SugarDrone-1/lib/arm/libaot-Plugin.Geolocator.dll.so" not found
D/Mono    (10395): AOT module '/Users/builder/data/lanes/4009/3a62f1ea/source/monodroid/builds/install/mono-armv6/lib/mono/aot-cache/arm/Plugin.Geolocator.dll.so' not found: dlopen failed: library "/data/app/com.careerbuilder.SugarDrone-1/lib/arm/libaot-Plugin.Geolocator.dll.so" not found
D/Mono    (10395): Config attempting to parse: 'Plugin.Geolocator.dll.config'.
D/Mono    (10395): Config attempting to parse: '/Users/builder/data/lanes/4009/3a62f1ea/source/monodroid/builds/install/mono-armv6/etc/mono/assemblies/Plugin.Geolocator/Plugin.Geolocator.config'.
D/Mono    (10395): Image addref Plugin.Geolocator.Abstractions[0xeb62d680] -> Plugin.Geolocator.Abstractions.dll[0xea87b800]: 2
D/Mono    (10395): Prepared to set up assembly 'Plugin.Geolocator.Abstractions' (Plugin.Geolocator.Abstractions.dll)
D/Mono    (10395): Assembly Plugin.Geolocator.Abstractions[0xeb62d680] added to domain RootDomain, ref_count=1
D/Mono    (10395): AOT module 'Plugin.Geolocator.Abstractions.dll.so' not found: dlopen failed: library "/data/app/com.careerbuilder.SugarDrone-1/lib/arm/libaot-Plugin.Geolocator.Abstractions.dll.so" not found
D/Mono    (10395): AOT module '/Users/builder/data/lanes/4009/3a62f1ea/source/monodroid/builds/install/mono-armv6/lib/mono/aot-cache/arm/Plugin.Geolocator.Abstractions.dll.so' not found: dlopen failed: library "/data/app/com.careerbuilder.SugarDrone-1/lib/arm/libaot-Plugin.Geolocator.Abstractions.dll.so" not found
D/Mono    (10395): Config attempting to parse: 'Plugin.Geolocator.Abstractions.dll.config'.
D/Mono    (10395): Config attempting to parse: '/Users/builder/data/lanes/4009/3a62f1ea/source/monodroid/builds/install/mono-armv6/etc/mono/assemblies/Plugin.Geolocator.Abstractions/Plugin.Geolocator.Abstractions.config'.
D/Mono    (10395): Image addref Plugin.DeviceInfo[0xeb62d6e0] -> Plugin.DeviceInfo.dll[0xea87bd00]: 2
D/Mono    (10395): Prepared to set up assembly 'Plugin.DeviceInfo' (Plugin.DeviceInfo.dll)
D/Mono    (10395): Assembly Plugin.DeviceInfo[0xeb62d6e0] added to domain RootDomain, ref_count=1
D/Mono    (10395): AOT module 'Plugin.DeviceInfo.dll.so' not found: dlopen failed: library "/data/app/com.careerbuilder.SugarDrone-1/lib/arm/libaot-Plugin.DeviceInfo.dll.so" not found
D/Mono    (10395): AOT module '/Users/builder/data/lanes/4009/3a62f1ea/source/monodroid/builds/install/mono-armv6/lib/mono/aot-cache/arm/Plugin.DeviceInfo.dll.so' not found: dlopen failed: library "/data/app/com.careerbuilder.SugarDrone-1/lib/arm/libaot-Plugin.DeviceInfo.dll.so" not found
D/Mono    (10395): Config attempting to parse: 'Plugin.DeviceInfo.dll.config'.
D/Mono    (10395): Config attempting to parse: '/Users/builder/data/lanes/4009/3a62f1ea/source/monodroid/builds/install/mono-armv6/etc/mono/assemblies/Plugin.DeviceInfo/Plugin.DeviceInfo.config'.
D/Mono    (10395): Image addref Plugin.DeviceInfo.Abstractions[0xeb62d740] -> Plugin.DeviceInfo.Abstractions.dll[0xea87c200]: 2
D/Mono    (10395): Prepared to set up assembly 'Plugin.DeviceInfo.Abstractions' (Plugin.DeviceInfo.Abstractions.dll)
D/Mono    (10395): Assembly Plugin.DeviceInfo.Abstractions[0xeb62d740] added to domain RootDomain, ref_count=1
D/Mono    (10395): AOT module 'Plugin.DeviceInfo.Abstractions.dll.so' not found: dlopen failed: library "/data/app/com.careerbuilder.SugarDrone-1/lib/arm/libaot-Plugin.DeviceInfo.Abstractions.dll.so" not found
D/Mono    (10395): AOT module '/Users/builder/data/lanes/4009/3a62f1ea/source/monodroid/builds/install/mono-armv6/lib/mono/aot-cache/arm/Plugin.DeviceInfo.Abstractions.dll.so' not found: dlopen failed: library "/data/app/com.careerbuilder.SugarDrone-1/lib/arm/libaot-Plugin.DeviceInfo.Abstractions.dll.so" not found
D/Mono    (10395): Config attempting to parse: 'Plugin.DeviceInfo.Abstractions.dll.config'.
D/Mono    (10395): Config attempting to parse: '/Users/builder/data/lanes/4009/3a62f1ea/source/monodroid/builds/install/mono-armv6/etc/mono/assemblies/Plugin.DeviceInfo.Abstractions/Plugin.DeviceInfo.Abstractions.config'.
D/Mono    (10395): Image addref Xamarin.GooglePlayServices.Analytics[0xeb62d7a0] -> Xamarin.GooglePlayServices.Analytics.dll[0xea87c700]: 2
D/Mono    (10395): Prepared to set up assembly 'Xamarin.GooglePlayServices.Analytics' (Xamarin.GooglePlayServices.Analytics.dll)
D/Mono    (10395): Assembly Xamarin.GooglePlayServices.Analytics[0xeb62d7a0] added to domain RootDomain, ref_count=1
D/Mono    (10395): AOT module 'Xamarin.GooglePlayServices.Analytics.dll.so' not found: dlopen failed: library "/data/app/com.careerbuilder.SugarDrone-1/lib/arm/libaot-Xamarin.GooglePlayServices.Analytics.dll.so" not found
D/Mono    (10395): AOT module '/Users/builder/data/lanes/4009/3a62f1ea/source/monodroid/builds/install/mono-armv6/lib/mono/aot-cache/arm/Xamarin.GooglePlayServices.Analytics.dll.so' not found: dlopen failed: library "/data/app/com.careerbuilder.SugarDrone-1/lib/arm/libaot-Xamarin.GooglePlayServices.Analytics.dll.so" not found
D/Mono    (10395): Config attempting to parse: 'Xamarin.GooglePlayServices.Analytics.dll.config'.
D/Mono    (10395): Config attempting to parse: '/Users/builder/data/lanes/4009/3a62f1ea/source/monodroid/builds/install/mono-armv6/etc/mono/assemblies/Xamarin.GooglePlayServices.Analytics/Xamarin.GooglePlayServices.Analytics.config'.
D/Mono    (10395): Image addref Xamarin.GooglePlayServices.Base[0xeb62d800] -> Xamarin.GooglePlayServices.Base.dll[0xea87cc00]: 2
